[0.007s][info][gc,heap] Heap region size: 4M
[0.035s][info][gc     ] Using G1
[0.035s][info][gc,heap,coops] Heap address: 0x0000000600000000, size: 8192 MB, Compressed Oops mode: Zero based, Oop shift amount: 3
[1.165s][info][gc,task      ] GC(0) Using 6 workers of 6 for full compaction
[1.165s][info][gc,start     ] GC(0) Pause Full (System.gc())
[1.165s][info][gc,phases,start] GC(0) Phase 1: Mark live objects
[1.168s][info][gc,stringtable ] GC(0) Cleaned string and symbol table, strings: 5487 processed, 11 removed, symbols: 52589 processed, 5 removed
[1.168s][info][gc,phases      ] GC(0) Phase 1: Mark live objects 2.473ms
[1.168s][info][gc,phases,start] GC(0) Phase 2: Prepare for compaction
[1.173s][info][gc,phases      ] GC(0) Phase 2: Prepare for compaction 4.962ms
[1.173s][info][gc,phases,start] GC(0) Phase 3: Adjust pointers
[1.174s][info][gc,phases      ] GC(0) Phase 3: Adjust pointers 1.178ms
[1.175s][info][gc,phases,start] GC(0) Phase 4: Compact heap
[1.176s][info][gc,phases      ] GC(0) Phase 4: Compact heap 1.315ms
[1.177s][info][gc,heap        ] GC(0) Eden regions: 7->0(102)
[1.177s][info][gc,heap        ] GC(0) Survivor regions: 0->0(0)
[1.177s][info][gc,heap        ] GC(0) Old regions: 0->5
[1.177s][info][gc,heap        ] GC(0) Humongous regions: 0->0
[1.177s][info][gc,metaspace   ] GC(0) Metaspace: 17119K(17792K)->17119K(17792K) NonClass: 15154K(15616K)->15154K(15616K) Class: 1964K(2176K)->1964K(2176K)
[1.177s][info][gc             ] GC(0) Pause Full (System.gc()) 28M->3M(8192M) 12.175ms
[1.177s][info][gc,cpu         ] GC(0) User=0.02s Sys=0.00s Real=0.01s
[2.807s][info][gc,start       ] GC(1) Pause Young (Normal) (G1 Evacuation Pause)
[2.807s][info][gc,task        ] GC(1) Using 6 workers of 6 for evacuation
[2.808s][info][gc,phases      ] GC(1)   Pre Evacuate Collection Set: 0.0ms
[2.809s][info][gc,phases      ] GC(1)   Evacuate Collection Set: 1.1ms
[2.809s][info][gc,phases      ] GC(1)   Post Evacuate Collection Set: 0.4ms
[2.809s][info][gc,phases      ] GC(1)   Other: 0.3ms
[2.809s][info][gc,heap        ] GC(1) Eden regions: 102->0(614)
[2.809s][info][gc,heap        ] GC(1) Survivor regions: 0->1(13)
[2.809s][info][gc,heap        ] GC(1) Old regions: 5->5
[2.809s][info][gc,heap        ] GC(1) Humongous regions: 0->0
[2.809s][info][gc,metaspace   ] GC(1) Metaspace: 22937K(23936K)->22937K(23936K) NonClass: 20131K(20736K)->20131K(20736K) Class: 2805K(3200K)->2805K(3200K)
[2.809s][info][gc             ] GC(1) Pause Young (Normal) (G1 Evacuation Pause) 411M->5M(8192M) 1.889ms
[2.809s][info][gc,cpu         ] GC(1) User=0.00s Sys=0.00s Real=0.00s
[4.413s][info][gc,task        ] GC(2) Using 6 workers of 6 for full compaction
[4.413s][info][gc,start       ] GC(2) Pause Full (System.gc())
[4.413s][info][gc,phases,start] GC(2) Phase 1: Mark live objects
[4.417s][info][gc,stringtable ] GC(2) Cleaned string and symbol table, strings: 6266 processed, 7 removed, symbols: 61275 processed, 10 removed
[4.417s][info][gc,phases      ] GC(2) Phase 1: Mark live objects 3.789ms
[4.417s][info][gc,phases,start] GC(2) Phase 2: Prepare for compaction
[4.425s][info][gc,phases      ] GC(2) Phase 2: Prepare for compaction 8.306ms
[4.425s][info][gc,phases,start] GC(2) Phase 3: Adjust pointers
[4.427s][info][gc,phases      ] GC(2) Phase 3: Adjust pointers 2.237ms
[4.428s][info][gc,phases,start] GC(2) Phase 4: Compact heap
[4.432s][info][gc,phases      ] GC(2) Phase 4: Compact heap 4.104ms
[4.434s][info][gc,heap        ] GC(2) Eden regions: 400->0(761)
[4.434s][info][gc,heap        ] GC(2) Survivor regions: 1->0(13)
[4.434s][info][gc,heap        ] GC(2) Old regions: 5->6
[4.434s][info][gc,heap        ] GC(2) Humongous regions: 0->0
[4.434s][info][gc,metaspace   ] GC(2) Metaspace: 23033K(23936K)->22945K(23936K) NonClass: 20218K(20736K)->20168K(20736K) Class: 2814K(3200K)->2776K(3200K)
[4.434s][info][gc             ] GC(2) Pause Full (System.gc()) 1605M->5M(8192M) 21.147ms
[4.434s][info][gc,cpu         ] GC(2) User=0.02s Sys=0.00s Real=0.03s
[6.313s][info][gc,task        ] GC(3) Using 6 workers of 6 for full compaction
[6.313s][info][gc,start       ] GC(3) Pause Full (System.gc())
[6.313s][info][gc,phases,start] GC(3) Phase 1: Mark live objects
[6.316s][info][gc,stringtable ] GC(3) Cleaned string and symbol table, strings: 6309 processed, 0 removed, symbols: 61265 processed, 19 removed
[6.316s][info][gc,phases      ] GC(3) Phase 1: Mark live objects 2.868ms
[6.316s][info][gc,phases,start] GC(3) Phase 2: Prepare for compaction
[6.322s][info][gc,phases      ] GC(3) Phase 2: Prepare for compaction 6.129ms
[6.322s][info][gc,phases,start] GC(3) Phase 3: Adjust pointers
[6.325s][info][gc,phases      ] GC(3) Phase 3: Adjust pointers 2.871ms
[6.325s][info][gc,phases,start] GC(3) Phase 4: Compact heap
[6.329s][info][gc,phases      ] GC(3) Phase 4: Compact heap 3.916ms
[6.331s][info][gc,heap        ] GC(3) Eden regions: 528->0(761)
[6.332s][info][gc,heap        ] GC(3) Survivor regions: 0->0(13)
[6.332s][info][gc,heap        ] GC(3) Old regions: 6->6
[6.332s][info][gc,heap        ] GC(3) Humongous regions: 0->0
[6.332s][info][gc,metaspace   ] GC(3) Metaspace: 22947K(23936K)->22947K(23936K) NonClass: 20171K(20736K)->20171K(20736K) Class: 2776K(3200K)->2776K(3200K)
[6.332s][info][gc             ] GC(3) Pause Full (System.gc()) 2115M->5M(8192M) 18.515ms
[6.332s][info][gc,cpu         ] GC(3) User=0.02s Sys=0.00s Real=0.03s
[8.419s][info][gc,task        ] GC(4) Using 6 workers of 6 for full compaction
[8.419s][info][gc,start       ] GC(4) Pause Full (System.gc())
[8.419s][info][gc,phases,start] GC(4) Phase 1: Mark live objects
[8.423s][info][gc,stringtable ] GC(4) Cleaned string and symbol table, strings: 6429 processed, 0 removed, symbols: 61246 processed, 0 removed
[8.423s][info][gc,phases      ] GC(4) Phase 1: Mark live objects 4.130ms
[8.423s][info][gc,phases,start] GC(4) Phase 2: Prepare for compaction
[8.429s][info][gc,phases      ] GC(4) Phase 2: Prepare for compaction 5.758ms
[8.429s][info][gc,phases,start] GC(4) Phase 3: Adjust pointers
[8.432s][info][gc,phases      ] GC(4) Phase 3: Adjust pointers 2.356ms
[8.432s][info][gc,phases,start] GC(4) Phase 4: Compact heap
[8.436s][info][gc,phases      ] GC(4) Phase 4: Compact heap 4.276ms
[8.439s][info][gc,heap        ] GC(4) Eden regions: 585->0(761)
[8.439s][info][gc,heap        ] GC(4) Survivor regions: 0->0(13)
[8.439s][info][gc,heap        ] GC(4) Old regions: 6->6
[8.439s][info][gc,heap        ] GC(4) Humongous regions: 0->0
[8.439s][info][gc,metaspace   ] GC(4) Metaspace: 22947K(23936K)->22947K(23936K) NonClass: 20171K(20736K)->20171K(20736K) Class: 2776K(3200K)->2776K(3200K)
[8.439s][info][gc             ] GC(4) Pause Full (System.gc()) 2343M->5M(8192M) 19.622ms
[8.439s][info][gc,cpu         ] GC(4) User=0.02s Sys=0.00s Real=0.02s
[10.353s][info][gc,task        ] GC(5) Using 6 workers of 6 for full compaction
[10.354s][info][gc,start       ] GC(5) Pause Full (System.gc())
[10.354s][info][gc,phases,start] GC(5) Phase 1: Mark live objects
[10.357s][info][gc,stringtable ] GC(5) Cleaned string and symbol table, strings: 6429 processed, 0 removed, symbols: 61246 processed, 0 removed
[10.357s][info][gc,phases      ] GC(5) Phase 1: Mark live objects 2.714ms
[10.357s][info][gc,phases,start] GC(5) Phase 2: Prepare for compaction
[10.362s][info][gc,phases      ] GC(5) Phase 2: Prepare for compaction 5.660ms
[10.362s][info][gc,phases,start] GC(5) Phase 3: Adjust pointers
[10.365s][info][gc,phases      ] GC(5) Phase 3: Adjust pointers 2.250ms
[10.365s][info][gc,phases,start] GC(5) Phase 4: Compact heap
[10.369s][info][gc,phases      ] GC(5) Phase 4: Compact heap 4.030ms
[10.371s][info][gc,heap        ] GC(5) Eden regions: 571->0(761)
[10.371s][info][gc,heap        ] GC(5) Survivor regions: 0->0(13)
[10.371s][info][gc,heap        ] GC(5) Old regions: 6->5
[10.371s][info][gc,heap        ] GC(5) Humongous regions: 0->0
[10.371s][info][gc,metaspace   ] GC(5) Metaspace: 22948K(23936K)->22948K(23936K) NonClass: 20171K(20736K)->20171K(20736K) Class: 2776K(3200K)->2776K(3200K)
[10.371s][info][gc             ] GC(5) Pause Full (System.gc()) 2289M->5M(8192M) 17.608ms
[10.371s][info][gc,cpu         ] GC(5) User=0.02s Sys=0.00s Real=0.02s
[12.417s][info][gc,task        ] GC(6) Using 6 workers of 6 for full compaction
[12.417s][info][gc,start       ] GC(6) Pause Full (System.gc())
[12.418s][info][gc,phases,start] GC(6) Phase 1: Mark live objects
[12.420s][info][gc,stringtable ] GC(6) Cleaned string and symbol table, strings: 6432 processed, 0 removed, symbols: 61246 processed, 0 removed
[12.420s][info][gc,phases      ] GC(6) Phase 1: Mark live objects 2.782ms
[12.420s][info][gc,phases,start] GC(6) Phase 2: Prepare for compaction
[12.426s][info][gc,phases      ] GC(6) Phase 2: Prepare for compaction 5.257ms
[12.426s][info][gc,phases,start] GC(6) Phase 3: Adjust pointers
[12.428s][info][gc,phases      ] GC(6) Phase 3: Adjust pointers 2.327ms
[12.428s][info][gc,phases,start] GC(6) Phase 4: Compact heap
[12.432s][info][gc,phases      ] GC(6) Phase 4: Compact heap 4.003ms
[12.434s][info][gc,heap        ] GC(6) Eden regions: 585->0(761)
[12.434s][info][gc,heap        ] GC(6) Survivor regions: 0->0(13)
[12.434s][info][gc,heap        ] GC(6) Old regions: 5->5
[12.434s][info][gc,heap        ] GC(6) Humongous regions: 0->0
[12.434s][info][gc,metaspace   ] GC(6) Metaspace: 22948K(23936K)->22948K(23936K) NonClass: 20172K(20736K)->20172K(20736K) Class: 2776K(3200K)->2776K(3200K)
[12.434s][info][gc             ] GC(6) Pause Full (System.gc()) 2343M->5M(8192M) 17.136ms
[12.435s][info][gc,cpu         ] GC(6) User=0.00s Sys=0.00s Real=0.02s
[14.356s][info][gc,task        ] GC(7) Using 6 workers of 6 for full compaction
[14.357s][info][gc,start       ] GC(7) Pause Full (System.gc())
[14.357s][info][gc,phases,start] GC(7) Phase 1: Mark live objects
[14.360s][info][gc,stringtable ] GC(7) Cleaned string and symbol table, strings: 6432 processed, 0 removed, symbols: 61246 processed, 0 removed
[14.360s][info][gc,phases      ] GC(7) Phase 1: Mark live objects 2.989ms
[14.360s][info][gc,phases,start] GC(7) Phase 2: Prepare for compaction
[14.365s][info][gc,phases      ] GC(7) Phase 2: Prepare for compaction 5.398ms
[14.365s][info][gc,phases,start] GC(7) Phase 3: Adjust pointers
[14.368s][info][gc,phases      ] GC(7) Phase 3: Adjust pointers 2.557ms
[14.368s][info][gc,phases,start] GC(7) Phase 4: Compact heap
[14.371s][info][gc,phases      ] GC(7) Phase 4: Compact heap 3.550ms
[14.374s][info][gc,heap        ] GC(7) Eden regions: 564->0(761)
[14.374s][info][gc,heap        ] GC(7) Survivor regions: 0->0(13)
[14.374s][info][gc,heap        ] GC(7) Old regions: 5->6
[14.374s][info][gc,heap        ] GC(7) Humongous regions: 0->0
[14.374s][info][gc,metaspace   ] GC(7) Metaspace: 22954K(23936K)->22954K(23936K) NonClass: 20177K(20736K)->20177K(20736K) Class: 2776K(3200K)->2776K(3200K)
[14.374s][info][gc             ] GC(7) Pause Full (System.gc()) 2259M->5M(8192M) 17.251ms
[14.374s][info][gc,cpu         ] GC(7) User=0.03s Sys=0.00s Real=0.02s
[16.446s][info][gc,task        ] GC(8) Using 6 workers of 6 for full compaction
[16.446s][info][gc,start       ] GC(8) Pause Full (System.gc())
[16.446s][info][gc,phases,start] GC(8) Phase 1: Mark live objects
[16.449s][info][gc,stringtable ] GC(8) Cleaned string and symbol table, strings: 6432 processed, 0 removed, symbols: 61246 processed, 0 removed
[16.449s][info][gc,phases      ] GC(8) Phase 1: Mark live objects 2.894ms
[16.449s][info][gc,phases,start] GC(8) Phase 2: Prepare for compaction
[16.455s][info][gc,phases      ] GC(8) Phase 2: Prepare for compaction 5.395ms
[16.455s][info][gc,phases,start] GC(8) Phase 3: Adjust pointers
[16.458s][info][gc,phases      ] GC(8) Phase 3: Adjust pointers 2.679ms
[16.458s][info][gc,phases,start] GC(8) Phase 4: Compact heap
[16.461s][info][gc,phases      ] GC(8) Phase 4: Compact heap 3.842ms
[16.464s][info][gc,heap        ] GC(8) Eden regions: 573->0(761)
[16.464s][info][gc,heap        ] GC(8) Survivor regions: 0->0(13)
[16.464s][info][gc,heap        ] GC(8) Old regions: 6->6
[16.464s][info][gc,heap        ] GC(8) Humongous regions: 0->0
[16.464s][info][gc,metaspace   ] GC(8) Metaspace: 22955K(23936K)->22955K(23936K) NonClass: 20178K(20736K)->20178K(20736K) Class: 2776K(3200K)->2776K(3200K)
[16.464s][info][gc             ] GC(8) Pause Full (System.gc()) 2295M->5M(8192M) 17.889ms
[16.464s][info][gc,cpu         ] GC(8) User=0.02s Sys=0.02s Real=0.03s
[18.420s][info][gc,task        ] GC(9) Using 6 workers of 6 for full compaction
[18.420s][info][gc,start       ] GC(9) Pause Full (System.gc())
[18.421s][info][gc,phases,start] GC(9) Phase 1: Mark live objects
[18.424s][info][gc,stringtable ] GC(9) Cleaned string and symbol table, strings: 6432 processed, 0 removed, symbols: 61246 processed, 0 removed
[18.424s][info][gc,phases      ] GC(9) Phase 1: Mark live objects 3.024ms
[18.424s][info][gc,phases,start] GC(9) Phase 2: Prepare for compaction
[18.429s][info][gc,phases      ] GC(9) Phase 2: Prepare for compaction 5.791ms
[18.430s][info][gc,phases,start] GC(9) Phase 3: Adjust pointers
[18.432s][info][gc,phases      ] GC(9) Phase 3: Adjust pointers 2.433ms
[18.432s][info][gc,phases,start] GC(9) Phase 4: Compact heap
[18.436s][info][gc,phases      ] GC(9) Phase 4: Compact heap 3.710ms
[18.438s][info][gc,heap        ] GC(9) Eden regions: 572->0(761)
[18.438s][info][gc,heap        ] GC(9) Survivor regions: 0->0(13)
[18.438s][info][gc,heap        ] GC(9) Old regions: 6->6
[18.438s][info][gc,heap        ] GC(9) Humongous regions: 0->0
[18.438s][info][gc,metaspace   ] GC(9) Metaspace: 22955K(23936K)->22955K(23936K) NonClass: 20178K(20736K)->20178K(20736K) Class: 2776K(3200K)->2776K(3200K)
[18.438s][info][gc             ] GC(9) Pause Full (System.gc()) 2291M->5M(8192M) 17.652ms
[18.438s][info][gc,cpu         ] GC(9) User=0.02s Sys=0.00s Real=0.03s
[20.533s][info][gc,task        ] GC(10) Using 6 workers of 6 for full compaction
[20.534s][info][gc,start       ] GC(10) Pause Full (System.gc())
[20.534s][info][gc,phases,start] GC(10) Phase 1: Mark live objects
[20.537s][info][gc,stringtable ] GC(10) Cleaned string and symbol table, strings: 6432 processed, 0 removed, symbols: 61246 processed, 0 removed
[20.537s][info][gc,phases      ] GC(10) Phase 1: Mark live objects 2.960ms
[20.537s][info][gc,phases,start] GC(10) Phase 2: Prepare for compaction
[20.542s][info][gc,phases      ] GC(10) Phase 2: Prepare for compaction 5.709ms
[20.542s][info][gc,phases,start] GC(10) Phase 3: Adjust pointers
[20.545s][info][gc,phases      ] GC(10) Phase 3: Adjust pointers 2.501ms
[20.545s][info][gc,phases,start] GC(10) Phase 4: Compact heap
[20.549s][info][gc,phases      ] GC(10) Phase 4: Compact heap 4.303ms
[20.552s][info][gc,heap        ] GC(10) Eden regions: 593->0(761)
[20.552s][info][gc,heap        ] GC(10) Survivor regions: 0->0(13)
[20.552s][info][gc,heap        ] GC(10) Old regions: 6->6
[20.552s][info][gc,heap        ] GC(10) Humongous regions: 0->0
[20.552s][info][gc,metaspace   ] GC(10) Metaspace: 22955K(23936K)->22955K(23936K) NonClass: 20178K(20736K)->20178K(20736K) Class: 2776K(3200K)->2776K(3200K)
[20.552s][info][gc             ] GC(10) Pause Full (System.gc()) 2375M->5M(8192M) 18.490ms
[20.552s][info][gc,cpu         ] GC(10) User=0.02s Sys=0.00s Real=0.02s
[22.457s][info][gc,task        ] GC(11) Using 6 workers of 6 for full compaction
[22.458s][info][gc,start       ] GC(11) Pause Full (System.gc())
[22.458s][info][gc,phases,start] GC(11) Phase 1: Mark live objects
[22.461s][info][gc,stringtable ] GC(11) Cleaned string and symbol table, strings: 6440 processed, 0 removed, symbols: 61246 processed, 0 removed
[22.461s][info][gc,phases      ] GC(11) Phase 1: Mark live objects 3.066ms
[22.461s][info][gc,phases,start] GC(11) Phase 2: Prepare for compaction
[22.466s][info][gc,phases      ] GC(11) Phase 2: Prepare for compaction 5.402ms
[22.466s][info][gc,phases,start] GC(11) Phase 3: Adjust pointers
[22.469s][info][gc,phases      ] GC(11) Phase 3: Adjust pointers 2.436ms
[22.469s][info][gc,phases,start] GC(11) Phase 4: Compact heap
[22.473s][info][gc,phases      ] GC(11) Phase 4: Compact heap 3.756ms
[22.475s][info][gc,heap        ] GC(11) Eden regions: 560->0(761)
[22.475s][info][gc,heap        ] GC(11) Survivor regions: 0->0(13)
[22.475s][info][gc,heap        ] GC(11) Old regions: 6->6
[22.475s][info][gc,heap        ] GC(11) Humongous regions: 0->0
[22.475s][info][gc,metaspace   ] GC(11) Metaspace: 22955K(23936K)->22955K(23936K) NonClass: 20178K(20736K)->20178K(20736K) Class: 2776K(3200K)->2776K(3200K)
[22.476s][info][gc             ] GC(11) Pause Full (System.gc()) 2243M->5M(8192M) 17.913ms
[22.476s][info][gc,cpu         ] GC(11) User=0.00s Sys=0.00s Real=0.03s
[24.474s][info][gc,task        ] GC(12) Using 6 workers of 6 for full compaction
[24.474s][info][gc,start       ] GC(12) Pause Full (System.gc())
[24.474s][info][gc,phases,start] GC(12) Phase 1: Mark live objects
[24.477s][info][gc,stringtable ] GC(12) Cleaned string and symbol table, strings: 6440 processed, 0 removed, symbols: 61246 processed, 0 removed
[24.477s][info][gc,phases      ] GC(12) Phase 1: Mark live objects 2.827ms
[24.477s][info][gc,phases,start] GC(12) Phase 2: Prepare for compaction
[24.483s][info][gc,phases      ] GC(12) Phase 2: Prepare for compaction 5.429ms
[24.483s][info][gc,phases,start] GC(12) Phase 3: Adjust pointers
[24.485s][info][gc,phases      ] GC(12) Phase 3: Adjust pointers 2.335ms
[24.485s][info][gc,phases,start] GC(12) Phase 4: Compact heap
[24.489s][info][gc,phases      ] GC(12) Phase 4: Compact heap 4.396ms
[24.492s][info][gc,heap        ] GC(12) Eden regions: 574->0(761)
[24.492s][info][gc,heap        ] GC(12) Survivor regions: 0->0(13)
[24.492s][info][gc,heap        ] GC(12) Old regions: 6->6
[24.492s][info][gc,heap        ] GC(12) Humongous regions: 0->0
[24.492s][info][gc,metaspace   ] GC(12) Metaspace: 22956K(23936K)->22956K(23936K) NonClass: 20179K(20736K)->20179K(20736K) Class: 2776K(3200K)->2776K(3200K)
[24.492s][info][gc             ] GC(12) Pause Full (System.gc()) 2299M->5M(8192M) 18.114ms
[24.492s][info][gc,cpu         ] GC(12) User=0.00s Sys=0.00s Real=0.03s
[26.342s][info][gc,task        ] GC(13) Using 6 workers of 6 for full compaction
[26.342s][info][gc,start       ] GC(13) Pause Full (System.gc())
[26.342s][info][gc,phases,start] GC(13) Phase 1: Mark live objects
[26.345s][info][gc,stringtable ] GC(13) Cleaned string and symbol table, strings: 6440 processed, 0 removed, symbols: 61246 processed, 0 removed
[26.345s][info][gc,phases      ] GC(13) Phase 1: Mark live objects 2.905ms
[26.345s][info][gc,phases,start] GC(13) Phase 2: Prepare for compaction
[26.350s][info][gc,phases      ] GC(13) Phase 2: Prepare for compaction 5.249ms
[26.350s][info][gc,phases,start] GC(13) Phase 3: Adjust pointers
[26.353s][info][gc,phases      ] GC(13) Phase 3: Adjust pointers 2.370ms
[26.353s][info][gc,phases,start] GC(13) Phase 4: Compact heap
[26.356s][info][gc,phases      ] GC(13) Phase 4: Compact heap 3.749ms
[26.359s][info][gc,heap        ] GC(13) Eden regions: 535->0(761)
[26.359s][info][gc,heap        ] GC(13) Survivor regions: 0->0(13)
[26.359s][info][gc,heap        ] GC(13) Old regions: 6->6
[26.359s][info][gc,heap        ] GC(13) Humongous regions: 0->0
[26.359s][info][gc,metaspace   ] GC(13) Metaspace: 22958K(23936K)->22958K(23936K) NonClass: 20181K(20736K)->20181K(20736K) Class: 2776K(3200K)->2776K(3200K)
[26.359s][info][gc             ] GC(13) Pause Full (System.gc()) 2143M->5M(8192M) 17.583ms
[26.359s][info][gc,cpu         ] GC(13) User=0.02s Sys=0.00s Real=0.02s
[28.472s][info][gc,task        ] GC(14) Using 6 workers of 6 for full compaction
[28.473s][info][gc,start       ] GC(14) Pause Full (System.gc())
[28.473s][info][gc,phases,start] GC(14) Phase 1: Mark live objects
[28.475s][info][gc,stringtable ] GC(14) Cleaned string and symbol table, strings: 6440 processed, 0 removed, symbols: 61246 processed, 0 removed
[28.475s][info][gc,phases      ] GC(14) Phase 1: Mark live objects 2.549ms
[28.475s][info][gc,phases,start] GC(14) Phase 2: Prepare for compaction
[28.481s][info][gc,phases      ] GC(14) Phase 2: Prepare for compaction 5.423ms
[28.481s][info][gc,phases,start] GC(14) Phase 3: Adjust pointers
[28.483s][info][gc,phases      ] GC(14) Phase 3: Adjust pointers 2.344ms
[28.483s][info][gc,phases,start] GC(14) Phase 4: Compact heap
[28.488s][info][gc,phases      ] GC(14) Phase 4: Compact heap 4.393ms
[28.490s][info][gc,heap        ] GC(14) Eden regions: 580->0(761)
[28.490s][info][gc,heap        ] GC(14) Survivor regions: 0->0(13)
[28.490s][info][gc,heap        ] GC(14) Old regions: 6->6
[28.490s][info][gc,heap        ] GC(14) Humongous regions: 0->0
[28.490s][info][gc,metaspace   ] GC(14) Metaspace: 22962K(23936K)->22962K(23936K) NonClass: 20185K(20736K)->20185K(20736K) Class: 2776K(3200K)->2776K(3200K)
[28.490s][info][gc             ] GC(14) Pause Full (System.gc()) 2323M->5M(8192M) 17.872ms
[28.491s][info][gc,cpu         ] GC(14) User=0.02s Sys=0.00s Real=0.02s
[30.380s][info][gc,task        ] GC(15) Using 6 workers of 6 for full compaction
[30.380s][info][gc,start       ] GC(15) Pause Full (System.gc())
[30.381s][info][gc,phases,start] GC(15) Phase 1: Mark live objects
[30.383s][info][gc,stringtable ] GC(15) Cleaned string and symbol table, strings: 6440 processed, 0 removed, symbols: 61246 processed, 0 removed
[30.383s][info][gc,phases      ] GC(15) Phase 1: Mark live objects 2.736ms
[30.383s][info][gc,phases,start] GC(15) Phase 2: Prepare for compaction
[30.390s][info][gc,phases      ] GC(15) Phase 2: Prepare for compaction 6.097ms
[30.390s][info][gc,phases,start] GC(15) Phase 3: Adjust pointers
[30.392s][info][gc,phases      ] GC(15) Phase 3: Adjust pointers 2.557ms
[30.392s][info][gc,phases,start] GC(15) Phase 4: Compact heap
[30.395s][info][gc,phases      ] GC(15) Phase 4: Compact heap 3.263ms
[30.398s][info][gc,heap        ] GC(15) Eden regions: 529->0(761)
[30.398s][info][gc,heap        ] GC(15) Survivor regions: 0->0(13)
[30.398s][info][gc,heap        ] GC(15) Old regions: 6->6
[30.398s][info][gc,heap        ] GC(15) Humongous regions: 0->0
[30.398s][info][gc,metaspace   ] GC(15) Metaspace: 22964K(23936K)->22964K(23936K) NonClass: 20187K(20736K)->20187K(20736K) Class: 2776K(3200K)->2776K(3200K)
[30.398s][info][gc             ] GC(15) Pause Full (System.gc()) 2121M->5M(8192M) 17.274ms
[30.398s][info][gc,cpu         ] GC(15) User=0.02s Sys=0.00s Real=0.02s
[32.511s][info][gc,task        ] GC(16) Using 6 workers of 6 for full compaction
[32.511s][info][gc,start       ] GC(16) Pause Full (System.gc())
[32.511s][info][gc,phases,start] GC(16) Phase 1: Mark live objects
[32.514s][info][gc,stringtable ] GC(16) Cleaned string and symbol table, strings: 6440 processed, 0 removed, symbols: 61246 processed, 0 removed
[32.514s][info][gc,phases      ] GC(16) Phase 1: Mark live objects 2.739ms
[32.514s][info][gc,phases,start] GC(16) Phase 2: Prepare for compaction
[32.520s][info][gc,phases      ] GC(16) Phase 2: Prepare for compaction 5.787ms
[32.520s][info][gc,phases,start] GC(16) Phase 3: Adjust pointers
[32.522s][info][gc,phases      ] GC(16) Phase 3: Adjust pointers 2.331ms
[32.522s][info][gc,phases,start] GC(16) Phase 4: Compact heap
[32.527s][info][gc,phases      ] GC(16) Phase 4: Compact heap 4.151ms
[32.529s][info][gc,heap        ] GC(16) Eden regions: 586->0(761)
[32.529s][info][gc,heap        ] GC(16) Survivor regions: 0->0(13)
[32.529s][info][gc,heap        ] GC(16) Old regions: 6->6
[32.529s][info][gc,heap        ] GC(16) Humongous regions: 0->0
[32.529s][info][gc,metaspace   ] GC(16) Metaspace: 22966K(23936K)->22966K(23936K) NonClass: 20189K(20736K)->20189K(20736K) Class: 2776K(3200K)->2776K(3200K)
[32.529s][info][gc             ] GC(16) Pause Full (System.gc()) 2347M->5M(8192M) 17.873ms
[32.529s][info][gc,cpu         ] GC(16) User=0.00s Sys=0.00s Real=0.02s
[34.468s][info][gc,task        ] GC(17) Using 6 workers of 6 for full compaction
[34.468s][info][gc,start       ] GC(17) Pause Full (System.gc())
[34.468s][info][gc,phases,start] GC(17) Phase 1: Mark live objects
[34.470s][info][gc,stringtable ] GC(17) Cleaned string and symbol table, strings: 6440 processed, 0 removed, symbols: 61246 processed, 0 removed
[34.470s][info][gc,phases      ] GC(17) Phase 1: Mark live objects 2.645ms
[34.470s][info][gc,phases,start] GC(17) Phase 2: Prepare for compaction
[34.476s][info][gc,phases      ] GC(17) Phase 2: Prepare for compaction 5.252ms
[34.476s][info][gc,phases,start] GC(17) Phase 3: Adjust pointers
[34.478s][info][gc,phases      ] GC(17) Phase 3: Adjust pointers 2.341ms
[34.478s][info][gc,phases,start] GC(17) Phase 4: Compact heap
[34.482s][info][gc,phases      ] GC(17) Phase 4: Compact heap 3.919ms
[34.485s][info][gc,heap        ] GC(17) Eden regions: 563->0(761)
[34.485s][info][gc,heap        ] GC(17) Survivor regions: 0->0(13)
[34.485s][info][gc,heap        ] GC(17) Old regions: 6->6
[34.485s][info][gc,heap        ] GC(17) Humongous regions: 0->0
[34.485s][info][gc,metaspace   ] GC(17) Metaspace: 22966K(23936K)->22966K(23936K) NonClass: 20190K(20736K)->20190K(20736K) Class: 2776K(3200K)->2776K(3200K)
[34.485s][info][gc             ] GC(17) Pause Full (System.gc()) 2253M->5M(8192M) 17.382ms
[34.485s][info][gc,cpu         ] GC(17) User=0.03s Sys=0.00s Real=0.03s
[36.521s][info][gc,task        ] GC(18) Using 6 workers of 6 for full compaction
[36.521s][info][gc,start       ] GC(18) Pause Full (System.gc())
[36.521s][info][gc,phases,start] GC(18) Phase 1: Mark live objects
[36.524s][info][gc,stringtable ] GC(18) Cleaned string and symbol table, strings: 6440 processed, 0 removed, symbols: 61246 processed, 0 removed
[36.524s][info][gc,phases      ] GC(18) Phase 1: Mark live objects 2.858ms
[36.524s][info][gc,phases,start] GC(18) Phase 2: Prepare for compaction
[36.530s][info][gc,phases      ] GC(18) Phase 2: Prepare for compaction 5.322ms
[36.530s][info][gc,phases,start] GC(18) Phase 3: Adjust pointers
[36.532s][info][gc,phases      ] GC(18) Phase 3: Adjust pointers 2.313ms
[36.532s][info][gc,phases,start] GC(18) Phase 4: Compact heap
[36.536s][info][gc,phases      ] GC(18) Phase 4: Compact heap 4.328ms
[36.538s][info][gc,heap        ] GC(18) Eden regions: 573->0(761)
[36.539s][info][gc,heap        ] GC(18) Survivor regions: 0->0(13)
[36.539s][info][gc,heap        ] GC(18) Old regions: 6->6
[36.539s][info][gc,heap        ] GC(18) Humongous regions: 0->0
[36.539s][info][gc,metaspace   ] GC(18) Metaspace: 22966K(23936K)->22966K(23936K) NonClass: 20190K(20736K)->20190K(20736K) Class: 2776K(3200K)->2776K(3200K)
[36.539s][info][gc             ] GC(18) Pause Full (System.gc()) 2295M->5M(8192M) 17.398ms
[36.539s][info][gc,cpu         ] GC(18) User=0.02s Sys=0.00s Real=0.02s
[38.472s][info][gc,task        ] GC(19) Using 6 workers of 6 for full compaction
[38.473s][info][gc,start       ] GC(19) Pause Full (System.gc())
[38.473s][info][gc,phases,start] GC(19) Phase 1: Mark live objects
[38.476s][info][gc,stringtable ] GC(19) Cleaned string and symbol table, strings: 6440 processed, 0 removed, symbols: 61246 processed, 0 removed
[38.476s][info][gc,phases      ] GC(19) Phase 1: Mark live objects 2.718ms
[38.476s][info][gc,phases,start] GC(19) Phase 2: Prepare for compaction
[38.481s][info][gc,phases      ] GC(19) Phase 2: Prepare for compaction 5.504ms
[38.481s][info][gc,phases,start] GC(19) Phase 3: Adjust pointers
[38.484s][info][gc,phases      ] GC(19) Phase 3: Adjust pointers 2.841ms
[38.484s][info][gc,phases,start] GC(19) Phase 4: Compact heap
[38.488s][info][gc,phases      ] GC(19) Phase 4: Compact heap 3.605ms
[38.490s][info][gc,heap        ] GC(19) Eden regions: 564->0(761)
[38.490s][info][gc,heap        ] GC(19) Survivor regions: 0->0(13)
[38.490s][info][gc,heap        ] GC(19) Old regions: 6->6
[38.490s][info][gc,heap        ] GC(19) Humongous regions: 0->0
[38.490s][info][gc,metaspace   ] GC(19) Metaspace: 22966K(23936K)->22966K(23936K) NonClass: 20190K(20736K)->20190K(20736K) Class: 2776K(3200K)->2776K(3200K)
[38.490s][info][gc             ] GC(19) Pause Full (System.gc()) 2259M->5M(8192M) 17.675ms
[38.490s][info][gc,cpu         ] GC(19) User=0.00s Sys=0.00s Real=0.02s
[40.193s][info][gc,task        ] GC(20) Using 6 workers of 6 for full compaction
[40.194s][info][gc,start       ] GC(20) Pause Full (System.gc())
[40.194s][info][gc,phases,start] GC(20) Phase 1: Mark live objects
[40.197s][info][gc,stringtable ] GC(20) Cleaned string and symbol table, strings: 6440 processed, 0 removed, symbols: 61246 processed, 0 removed
[40.197s][info][gc,phases      ] GC(20) Phase 1: Mark live objects 2.952ms
[40.197s][info][gc,phases,start] GC(20) Phase 2: Prepare for compaction
[40.202s][info][gc,phases      ] GC(20) Phase 2: Prepare for compaction 5.060ms
[40.202s][info][gc,phases,start] GC(20) Phase 3: Adjust pointers
[40.204s][info][gc,phases      ] GC(20) Phase 3: Adjust pointers 2.329ms
[40.204s][info][gc,phases,start] GC(20) Phase 4: Compact heap
[40.207s][info][gc,phases      ] GC(20) Phase 4: Compact heap 2.965ms
[40.209s][info][gc,heap        ] GC(20) Eden regions: 443->0(761)
[40.209s][info][gc,heap        ] GC(20) Survivor regions: 0->0(13)
[40.209s][info][gc,heap        ] GC(20) Old regions: 6->6
[40.209s][info][gc,heap        ] GC(20) Humongous regions: 0->0
[40.209s][info][gc,metaspace   ] GC(20) Metaspace: 22966K(23936K)->22966K(23936K) NonClass: 20190K(20736K)->20190K(20736K) Class: 2776K(3200K)->2776K(3200K)
[40.209s][info][gc             ] GC(20) Pause Full (System.gc()) 1773M->5M(8192M) 15.855ms
[40.209s][info][gc,cpu         ] GC(20) User=0.02s Sys=0.00s Real=0.02s
[42.368s][info][gc,task        ] GC(21) Using 6 workers of 6 for full compaction
[42.369s][info][gc,start       ] GC(21) Pause Full (System.gc())
[42.369s][info][gc,phases,start] GC(21) Phase 1: Mark live objects
[42.372s][info][gc,stringtable ] GC(21) Cleaned string and symbol table, strings: 6440 processed, 0 removed, symbols: 61246 processed, 0 removed
[42.372s][info][gc,phases      ] GC(21) Phase 1: Mark live objects 3.007ms
[42.372s][info][gc,phases,start] GC(21) Phase 2: Prepare for compaction
[42.378s][info][gc,phases      ] GC(21) Phase 2: Prepare for compaction 5.910ms
[42.378s][info][gc,phases,start] GC(21) Phase 3: Adjust pointers
[42.380s][info][gc,phases      ] GC(21) Phase 3: Adjust pointers 2.438ms
[42.380s][info][gc,phases,start] GC(21) Phase 4: Compact heap
[42.385s][info][gc,phases      ] GC(21) Phase 4: Compact heap 4.206ms
[42.387s][info][gc,heap        ] GC(21) Eden regions: 588->0(761)
[42.387s][info][gc,heap        ] GC(21) Survivor regions: 0->0(13)
[42.387s][info][gc,heap        ] GC(21) Old regions: 6->6
[42.387s][info][gc,heap        ] GC(21) Humongous regions: 0->0
[42.387s][info][gc,metaspace   ] GC(21) Metaspace: 22974K(23936K)->22974K(23936K) NonClass: 20197K(20736K)->20197K(20736K) Class: 2776K(3200K)->2776K(3200K)
[42.387s][info][gc             ] GC(21) Pause Full (System.gc()) 2353M->5M(8192M) 18.248ms
[42.387s][info][gc,cpu         ] GC(21) User=0.02s Sys=0.00s Real=0.02s
[44.365s][info][gc,task        ] GC(22) Using 6 workers of 6 for full compaction
[44.365s][info][gc,start       ] GC(22) Pause Full (System.gc())
[44.365s][info][gc,phases,start] GC(22) Phase 1: Mark live objects
[44.368s][info][gc,stringtable ] GC(22) Cleaned string and symbol table, strings: 6440 processed, 0 removed, symbols: 61246 processed, 0 removed
[44.368s][info][gc,phases      ] GC(22) Phase 1: Mark live objects 2.704ms
[44.368s][info][gc,phases,start] GC(22) Phase 2: Prepare for compaction
[44.373s][info][gc,phases      ] GC(22) Phase 2: Prepare for compaction 5.296ms
[44.373s][info][gc,phases,start] GC(22) Phase 3: Adjust pointers
[44.375s][info][gc,phases      ] GC(22) Phase 3: Adjust pointers 2.407ms
[44.375s][info][gc,phases,start] GC(22) Phase 4: Compact heap
[44.379s][info][gc,phases      ] GC(22) Phase 4: Compact heap 3.772ms
[44.381s][info][gc,heap        ] GC(22) Eden regions: 568->0(761)
[44.382s][info][gc,heap        ] GC(22) Survivor regions: 0->0(13)
[44.382s][info][gc,heap        ] GC(22) Old regions: 6->6
[44.382s][info][gc,heap        ] GC(22) Humongous regions: 0->0
[44.382s][info][gc,metaspace   ] GC(22) Metaspace: 22974K(23936K)->22974K(23936K) NonClass: 20197K(20736K)->20197K(20736K) Class: 2776K(3200K)->2776K(3200K)
[44.382s][info][gc             ] GC(22) Pause Full (System.gc()) 2273M->5M(8192M) 16.826ms
[44.382s][info][gc,cpu         ] GC(22) User=0.02s Sys=0.00s Real=0.02s
[46.500s][info][gc,task        ] GC(23) Using 6 workers of 6 for full compaction
[46.500s][info][gc,start       ] GC(23) Pause Full (System.gc())
[46.500s][info][gc,phases,start] GC(23) Phase 1: Mark live objects
[46.503s][info][gc,stringtable ] GC(23) Cleaned string and symbol table, strings: 6440 processed, 0 removed, symbols: 61246 processed, 0 removed
[46.503s][info][gc,phases      ] GC(23) Phase 1: Mark live objects 3.040ms
[46.503s][info][gc,phases,start] GC(23) Phase 2: Prepare for compaction
[46.509s][info][gc,phases      ] GC(23) Phase 2: Prepare for compaction 5.770ms
[46.509s][info][gc,phases,start] GC(23) Phase 3: Adjust pointers
[46.511s][info][gc,phases      ] GC(23) Phase 3: Adjust pointers 2.447ms
[46.511s][info][gc,phases,start] GC(23) Phase 4: Compact heap
[46.515s][info][gc,phases      ] GC(23) Phase 4: Compact heap 4.072ms
[46.518s][info][gc,heap        ] GC(23) Eden regions: 583->0(761)
[46.518s][info][gc,heap        ] GC(23) Survivor regions: 0->0(13)
[46.518s][info][gc,heap        ] GC(23) Old regions: 6->6
[46.518s][info][gc,heap        ] GC(23) Humongous regions: 0->0
[46.518s][info][gc,metaspace   ] GC(23) Metaspace: 22974K(23936K)->22974K(23936K) NonClass: 20197K(20736K)->20197K(20736K) Class: 2776K(3200K)->2776K(3200K)
[46.518s][info][gc             ] GC(23) Pause Full (System.gc()) 2335M->5M(8192M) 18.145ms
[46.518s][info][gc,cpu         ] GC(23) User=0.02s Sys=0.00s Real=0.02s
[48.548s][info][gc,task        ] GC(24) Using 6 workers of 6 for full compaction
[48.548s][info][gc,start       ] GC(24) Pause Full (System.gc())
[48.548s][info][gc,phases,start] GC(24) Phase 1: Mark live objects
[48.551s][info][gc,stringtable ] GC(24) Cleaned string and symbol table, strings: 6441 processed, 0 removed, symbols: 61246 processed, 0 removed
[48.551s][info][gc,phases      ] GC(24) Phase 1: Mark live objects 2.970ms
[48.551s][info][gc,phases,start] GC(24) Phase 2: Prepare for compaction
[48.556s][info][gc,phases      ] GC(24) Phase 2: Prepare for compaction 5.282ms
[48.556s][info][gc,phases,start] GC(24) Phase 3: Adjust pointers
[48.559s][info][gc,phases      ] GC(24) Phase 3: Adjust pointers 2.425ms
[48.559s][info][gc,phases,start] GC(24) Phase 4: Compact heap
[48.563s][info][gc,phases      ] GC(24) Phase 4: Compact heap 4.288ms
[48.566s][info][gc,heap        ] GC(24) Eden regions: 579->0(761)
[48.566s][info][gc,heap        ] GC(24) Survivor regions: 0->0(13)
[48.566s][info][gc,heap        ] GC(24) Old regions: 6->6
[48.566s][info][gc,heap        ] GC(24) Humongous regions: 0->0
[48.566s][info][gc,metaspace   ] GC(24) Metaspace: 22974K(23936K)->22974K(23936K) NonClass: 20197K(20736K)->20197K(20736K) Class: 2776K(3200K)->2776K(3200K)
[48.566s][info][gc             ] GC(24) Pause Full (System.gc()) 2317M->5M(8192M) 17.885ms
[48.566s][info][gc,cpu         ] GC(24) User=0.02s Sys=0.00s Real=0.02s
[50.709s][info][gc,task        ] GC(25) Using 6 workers of 6 for full compaction
[50.709s][info][gc,start       ] GC(25) Pause Full (System.gc())
[50.710s][info][gc,phases,start] GC(25) Phase 1: Mark live objects
[50.712s][info][gc,stringtable ] GC(25) Cleaned string and symbol table, strings: 6441 processed, 0 removed, symbols: 61246 processed, 0 removed
[50.712s][info][gc,phases      ] GC(25) Phase 1: Mark live objects 2.417ms
[50.712s][info][gc,phases,start] GC(25) Phase 2: Prepare for compaction
[50.717s][info][gc,phases      ] GC(25) Phase 2: Prepare for compaction 5.287ms
[50.717s][info][gc,phases,start] GC(25) Phase 3: Adjust pointers
[50.720s][info][gc,phases      ] GC(25) Phase 3: Adjust pointers 2.934ms
[50.720s][info][gc,phases,start] GC(25) Phase 4: Compact heap
[50.725s][info][gc,phases      ] GC(25) Phase 4: Compact heap 4.486ms
[50.727s][info][gc,heap        ] GC(25) Eden regions: 584->0(761)
[50.727s][info][gc,heap        ] GC(25) Survivor regions: 0->0(13)
[50.727s][info][gc,heap        ] GC(25) Old regions: 6->6
[50.727s][info][gc,heap        ] GC(25) Humongous regions: 0->0
[50.727s][info][gc,metaspace   ] GC(25) Metaspace: 22974K(23936K)->22974K(23936K) NonClass: 20197K(20736K)->20197K(20736K) Class: 2776K(3200K)->2776K(3200K)
[50.727s][info][gc             ] GC(25) Pause Full (System.gc()) 2339M->5M(8192M) 17.717ms
[50.727s][info][gc,cpu         ] GC(25) User=0.02s Sys=0.00s Real=0.02s
[52.677s][info][gc,task        ] GC(26) Using 6 workers of 6 for full compaction
[52.677s][info][gc,start       ] GC(26) Pause Full (System.gc())
[52.677s][info][gc,phases,start] GC(26) Phase 1: Mark live objects
[52.680s][info][gc,stringtable ] GC(26) Cleaned string and symbol table, strings: 6441 processed, 0 removed, symbols: 61246 processed, 0 removed
[52.680s][info][gc,phases      ] GC(26) Phase 1: Mark live objects 2.811ms
[52.680s][info][gc,phases,start] GC(26) Phase 2: Prepare for compaction
[52.685s][info][gc,phases      ] GC(26) Phase 2: Prepare for compaction 5.416ms
[52.685s][info][gc,phases,start] GC(26) Phase 3: Adjust pointers
[52.688s][info][gc,phases      ] GC(26) Phase 3: Adjust pointers 2.768ms
[52.688s][info][gc,phases,start] GC(26) Phase 4: Compact heap
[52.693s][info][gc,phases      ] GC(26) Phase 4: Compact heap 4.474ms
[52.695s][info][gc,heap        ] GC(26) Eden regions: 570->0(761)
[52.695s][info][gc,heap        ] GC(26) Survivor regions: 0->0(13)
[52.695s][info][gc,heap        ] GC(26) Old regions: 6->4
[52.695s][info][gc,heap        ] GC(26) Humongous regions: 0->0
[52.695s][info][gc,metaspace   ] GC(26) Metaspace: 22974K(23936K)->22974K(23936K) NonClass: 20197K(20736K)->20197K(20736K) Class: 2776K(3200K)->2776K(3200K)
[52.695s][info][gc             ] GC(26) Pause Full (System.gc()) 2281M->5M(8192M) 18.174ms
[52.695s][info][gc,cpu         ] GC(26) User=0.02s Sys=0.00s Real=0.02s
[54.856s][info][gc,task        ] GC(27) Using 6 workers of 6 for full compaction
[54.856s][info][gc,start       ] GC(27) Pause Full (System.gc())
[54.857s][info][gc,phases,start] GC(27) Phase 1: Mark live objects
[54.859s][info][gc,stringtable ] GC(27) Cleaned string and symbol table, strings: 6441 processed, 0 removed, symbols: 61246 processed, 0 removed
[54.859s][info][gc,phases      ] GC(27) Phase 1: Mark live objects 2.813ms
[54.859s][info][gc,phases,start] GC(27) Phase 2: Prepare for compaction
[54.865s][info][gc,phases      ] GC(27) Phase 2: Prepare for compaction 5.484ms
[54.865s][info][gc,phases,start] GC(27) Phase 3: Adjust pointers
[54.867s][info][gc,phases      ] GC(27) Phase 3: Adjust pointers 2.460ms
[54.868s][info][gc,phases,start] GC(27) Phase 4: Compact heap
[54.872s][info][gc,phases      ] GC(27) Phase 4: Compact heap 4.772ms
[54.875s][info][gc,heap        ] GC(27) Eden regions: 611->0(761)
[54.875s][info][gc,heap        ] GC(27) Survivor regions: 0->0(13)
[54.875s][info][gc,heap        ] GC(27) Old regions: 4->5
[54.875s][info][gc,heap        ] GC(27) Humongous regions: 0->0
[54.875s][info][gc,metaspace   ] GC(27) Metaspace: 22987K(23936K)->22987K(23936K) NonClass: 20210K(20736K)->20210K(20736K) Class: 2776K(3200K)->2776K(3200K)
[54.875s][info][gc             ] GC(27) Pause Full (System.gc()) 2447M->5M(8192M) 18.345ms
[54.875s][info][gc,cpu         ] GC(27) User=0.02s Sys=0.00s Real=0.02s
[56.873s][info][gc,task        ] GC(28) Using 6 workers of 6 for full compaction
[56.873s][info][gc,start       ] GC(28) Pause Full (System.gc())
[56.874s][info][gc,phases,start] GC(28) Phase 1: Mark live objects
[56.876s][info][gc,stringtable ] GC(28) Cleaned string and symbol table, strings: 6441 processed, 0 removed, symbols: 61246 processed, 0 removed
[56.877s][info][gc,phases      ] GC(28) Phase 1: Mark live objects 2.898ms
[56.877s][info][gc,phases,start] GC(28) Phase 2: Prepare for compaction
[56.882s][info][gc,phases      ] GC(28) Phase 2: Prepare for compaction 5.283ms
[56.882s][info][gc,phases,start] GC(28) Phase 3: Adjust pointers
[56.884s][info][gc,phases      ] GC(28) Phase 3: Adjust pointers 2.346ms
[56.884s][info][gc,phases,start] GC(28) Phase 4: Compact heap
[56.888s][info][gc,phases      ] GC(28) Phase 4: Compact heap 3.946ms
[56.891s][info][gc,heap        ] GC(28) Eden regions: 569->0(761)
[56.891s][info][gc,heap        ] GC(28) Survivor regions: 0->0(13)
[56.891s][info][gc,heap        ] GC(28) Old regions: 5->5
[56.891s][info][gc,heap        ] GC(28) Humongous regions: 0->0
[56.891s][info][gc,metaspace   ] GC(28) Metaspace: 22987K(23936K)->22987K(23936K) NonClass: 20210K(20736K)->20210K(20736K) Class: 2776K(3200K)->2776K(3200K)
[56.891s][info][gc             ] GC(28) Pause Full (System.gc()) 2277M->5M(8192M) 17.190ms
[56.891s][info][gc,cpu         ] GC(28) User=0.02s Sys=0.00s Real=0.02s
[59.019s][info][gc,task        ] GC(29) Using 6 workers of 6 for full compaction
[59.019s][info][gc,start       ] GC(29) Pause Full (System.gc())
[59.019s][info][gc,phases,start] GC(29) Phase 1: Mark live objects
[59.022s][info][gc,stringtable ] GC(29) Cleaned string and symbol table, strings: 6441 processed, 0 removed, symbols: 61246 processed, 0 removed
[59.022s][info][gc,phases      ] GC(29) Phase 1: Mark live objects 3.027ms
[59.022s][info][gc,phases,start] GC(29) Phase 2: Prepare for compaction
[59.027s][info][gc,phases      ] GC(29) Phase 2: Prepare for compaction 5.281ms
[59.027s][info][gc,phases,start] GC(29) Phase 3: Adjust pointers
[59.030s][info][gc,phases      ] GC(29) Phase 3: Adjust pointers 2.330ms
[59.030s][info][gc,phases,start] GC(29) Phase 4: Compact heap
[59.034s][info][gc,phases      ] GC(29) Phase 4: Compact heap 4.479ms
[59.036s][info][gc,heap        ] GC(29) Eden regions: 586->0(761)
[59.036s][info][gc,heap        ] GC(29) Survivor regions: 0->0(13)
[59.036s][info][gc,heap        ] GC(29) Old regions: 5->5
[59.036s][info][gc,heap        ] GC(29) Humongous regions: 0->0
[59.036s][info][gc,metaspace   ] GC(29) Metaspace: 22991K(23936K)->22991K(23936K) NonClass: 20214K(20736K)->20214K(20736K) Class: 2776K(3200K)->2776K(3200K)
[59.036s][info][gc             ] GC(29) Pause Full (System.gc()) 2345M->5M(8192M) 17.691ms
[59.036s][info][gc,cpu         ] GC(29) User=0.02s Sys=0.00s Real=0.02s
[61.042s][info][gc,task        ] GC(30) Using 6 workers of 6 for full compaction
[61.043s][info][gc,start       ] GC(30) Pause Full (System.gc())
[61.043s][info][gc,phases,start] GC(30) Phase 1: Mark live objects
[61.046s][info][gc,stringtable ] GC(30) Cleaned string and symbol table, strings: 6441 processed, 0 removed, symbols: 61246 processed, 0 removed
[61.046s][info][gc,phases      ] GC(30) Phase 1: Mark live objects 3.169ms
[61.046s][info][gc,phases,start] GC(30) Phase 2: Prepare for compaction
[61.051s][info][gc,phases      ] GC(30) Phase 2: Prepare for compaction 5.375ms
[61.051s][info][gc,phases,start] GC(30) Phase 3: Adjust pointers
[61.054s][info][gc,phases      ] GC(30) Phase 3: Adjust pointers 2.392ms
[61.054s][info][gc,phases,start] GC(30) Phase 4: Compact heap
[61.058s][info][gc,phases      ] GC(30) Phase 4: Compact heap 3.898ms
[61.060s][info][gc,heap        ] GC(30) Eden regions: 575->0(761)
[61.060s][info][gc,heap        ] GC(30) Survivor regions: 0->0(13)
[61.060s][info][gc,heap        ] GC(30) Old regions: 5->5
[61.060s][info][gc,heap        ] GC(30) Humongous regions: 0->0
[61.060s][info][gc,metaspace   ] GC(30) Metaspace: 22991K(23936K)->22991K(23936K) NonClass: 20214K(20736K)->20214K(20736K) Class: 2776K(3200K)->2776K(3200K)
[61.060s][info][gc             ] GC(30) Pause Full (System.gc()) 2303M->5M(8192M) 17.536ms
[61.060s][info][gc,cpu         ] GC(30) User=0.02s Sys=0.00s Real=0.02s
[63.107s][info][gc,task        ] GC(31) Using 6 workers of 6 for full compaction
[63.108s][info][gc,start       ] GC(31) Pause Full (System.gc())
[63.108s][info][gc,phases,start] GC(31) Phase 1: Mark live objects
[63.111s][info][gc,stringtable ] GC(31) Cleaned string and symbol table, strings: 6441 processed, 0 removed, symbols: 61246 processed, 0 removed
[63.111s][info][gc,phases      ] GC(31) Phase 1: Mark live objects 3.251ms
[63.111s][info][gc,phases,start] GC(31) Phase 2: Prepare for compaction
[63.116s][info][gc,phases      ] GC(31) Phase 2: Prepare for compaction 5.380ms
[63.116s][info][gc,phases,start] GC(31) Phase 3: Adjust pointers
[63.119s][info][gc,phases      ] GC(31) Phase 3: Adjust pointers 2.512ms
[63.119s][info][gc,phases,start] GC(31) Phase 4: Compact heap
[63.123s][info][gc,phases      ] GC(31) Phase 4: Compact heap 3.546ms
[63.125s][info][gc,heap        ] GC(31) Eden regions: 540->0(761)
[63.125s][info][gc,heap        ] GC(31) Survivor regions: 0->0(13)
[63.125s][info][gc,heap        ] GC(31) Old regions: 5->4
[63.125s][info][gc,heap        ] GC(31) Humongous regions: 0->0
[63.125s][info][gc,metaspace   ] GC(31) Metaspace: 22995K(23936K)->22995K(23936K) NonClass: 20218K(20736K)->20218K(20736K) Class: 2776K(3200K)->2776K(3200K)
[63.125s][info][gc             ] GC(31) Pause Full (System.gc()) 2163M->5M(8192M) 17.433ms
[63.125s][info][gc,cpu         ] GC(31) User=0.03s Sys=0.00s Real=0.03s
[65.014s][info][gc,task        ] GC(32) Using 6 workers of 6 for full compaction
[65.014s][info][gc,start       ] GC(32) Pause Full (System.gc())
[65.014s][info][gc,phases,start] GC(32) Phase 1: Mark live objects
[65.018s][info][gc,stringtable ] GC(32) Cleaned string and symbol table, strings: 6446 processed, 0 removed, symbols: 61246 processed, 0 removed
[65.018s][info][gc,phases      ] GC(32) Phase 1: Mark live objects 3.204ms
[65.018s][info][gc,phases,start] GC(32) Phase 2: Prepare for compaction
[65.023s][info][gc,phases      ] GC(32) Phase 2: Prepare for compaction 5.510ms
[65.023s][info][gc,phases,start] GC(32) Phase 3: Adjust pointers
[65.026s][info][gc,phases      ] GC(32) Phase 3: Adjust pointers 2.425ms
[65.026s][info][gc,phases,start] GC(32) Phase 4: Compact heap
[65.030s][info][gc,phases      ] GC(32) Phase 4: Compact heap 4.069ms
[65.032s][info][gc,heap        ] GC(32) Eden regions: 553->0(761)
[65.032s][info][gc,heap        ] GC(32) Survivor regions: 0->0(13)
[65.032s][info][gc,heap        ] GC(32) Old regions: 4->4
[65.032s][info][gc,heap        ] GC(32) Humongous regions: 0->0
[65.032s][info][gc,metaspace   ] GC(32) Metaspace: 23000K(23936K)->23000K(23936K) NonClass: 20223K(20736K)->20223K(20736K) Class: 2776K(3200K)->2776K(3200K)
[65.032s][info][gc             ] GC(32) Pause Full (System.gc()) 2213M->5M(8192M) 17.870ms
[65.032s][info][gc,cpu         ] GC(32) User=0.02s Sys=0.00s Real=0.03s
[67.191s][info][gc,task        ] GC(33) Using 6 workers of 6 for full compaction
[67.191s][info][gc,start       ] GC(33) Pause Full (System.gc())
[67.191s][info][gc,phases,start] GC(33) Phase 1: Mark live objects
[67.194s][info][gc,stringtable ] GC(33) Cleaned string and symbol table, strings: 6446 processed, 0 removed, symbols: 61246 processed, 0 removed
[67.194s][info][gc,phases      ] GC(33) Phase 1: Mark live objects 2.791ms
[67.194s][info][gc,phases,start] GC(33) Phase 2: Prepare for compaction
[67.200s][info][gc,phases      ] GC(33) Phase 2: Prepare for compaction 5.644ms
[67.200s][info][gc,phases,start] GC(33) Phase 3: Adjust pointers
[67.202s][info][gc,phases      ] GC(33) Phase 3: Adjust pointers 2.479ms
[67.202s][info][gc,phases,start] GC(33) Phase 4: Compact heap
[67.207s][info][gc,phases      ] GC(33) Phase 4: Compact heap 4.455ms
[67.210s][info][gc,heap        ] GC(33) Eden regions: 607->0(761)
[67.210s][info][gc,heap        ] GC(33) Survivor regions: 0->0(13)
[67.210s][info][gc,heap        ] GC(33) Old regions: 4->4
[67.210s][info][gc,heap        ] GC(33) Humongous regions: 0->0
[67.210s][info][gc,metaspace   ] GC(33) Metaspace: 23003K(23936K)->23003K(23936K) NonClass: 20226K(20736K)->20226K(20736K) Class: 2776K(3200K)->2776K(3200K)
[67.210s][info][gc             ] GC(33) Pause Full (System.gc()) 2431M->5M(8192M) 18.645ms
[67.210s][info][gc,cpu         ] GC(33) User=0.02s Sys=0.00s Real=0.02s
[69.224s][info][gc,task        ] GC(34) Using 6 workers of 6 for full compaction
[69.224s][info][gc,start       ] GC(34) Pause Full (System.gc())
[69.225s][info][gc,phases,start] GC(34) Phase 1: Mark live objects
[69.227s][info][gc,stringtable ] GC(34) Cleaned string and symbol table, strings: 6446 processed, 0 removed, symbols: 61246 processed, 0 removed
[69.227s][info][gc,phases      ] GC(34) Phase 1: Mark live objects 2.722ms
[69.227s][info][gc,phases,start] GC(34) Phase 2: Prepare for compaction
[69.233s][info][gc,phases      ] GC(34) Phase 2: Prepare for compaction 5.299ms
[69.233s][info][gc,phases,start] GC(34) Phase 3: Adjust pointers
[69.235s][info][gc,phases      ] GC(34) Phase 3: Adjust pointers 2.474ms
[69.235s][info][gc,phases,start] GC(34) Phase 4: Compact heap
[69.239s][info][gc,phases      ] GC(34) Phase 4: Compact heap 4.164ms
[69.242s][info][gc,heap        ] GC(34) Eden regions: 577->0(761)
[69.242s][info][gc,heap        ] GC(34) Survivor regions: 0->0(13)
[69.242s][info][gc,heap        ] GC(34) Old regions: 4->4
[69.242s][info][gc,heap        ] GC(34) Humongous regions: 0->0
[69.242s][info][gc,metaspace   ] GC(34) Metaspace: 23004K(23936K)->23004K(23936K) NonClass: 20228K(20736K)->20228K(20736K) Class: 2776K(3200K)->2776K(3200K)
[69.242s][info][gc             ] GC(34) Pause Full (System.gc()) 2309M->5M(8192M) 17.508ms
[69.242s][info][gc,cpu         ] GC(34) User=0.02s Sys=0.00s Real=0.01s
[71.351s][info][gc,task        ] GC(35) Using 6 workers of 6 for full compaction
[71.351s][info][gc,start       ] GC(35) Pause Full (System.gc())
[71.351s][info][gc,phases,start] GC(35) Phase 1: Mark live objects
[71.354s][info][gc,stringtable ] GC(35) Cleaned string and symbol table, strings: 6446 processed, 0 removed, symbols: 61246 processed, 0 removed
[71.354s][info][gc,phases      ] GC(35) Phase 1: Mark live objects 2.795ms
[71.354s][info][gc,phases,start] GC(35) Phase 2: Prepare for compaction
[71.359s][info][gc,phases      ] GC(35) Phase 2: Prepare for compaction 5.792ms
[71.359s][info][gc,phases,start] GC(35) Phase 3: Adjust pointers
[71.362s][info][gc,phases      ] GC(35) Phase 3: Adjust pointers 2.331ms
[71.362s][info][gc,phases,start] GC(35) Phase 4: Compact heap
[71.366s][info][gc,phases      ] GC(35) Phase 4: Compact heap 4.089ms
[71.368s][info][gc,heap        ] GC(35) Eden regions: 592->0(761)
[71.368s][info][gc,heap        ] GC(35) Survivor regions: 0->0(13)
[71.368s][info][gc,heap        ] GC(35) Old regions: 4->5
[71.368s][info][gc,heap        ] GC(35) Humongous regions: 0->0
[71.368s][info][gc,metaspace   ] GC(35) Metaspace: 23006K(23936K)->23006K(23936K) NonClass: 20229K(20736K)->20229K(20736K) Class: 2776K(3200K)->2776K(3200K)
[71.368s][info][gc             ] GC(35) Pause Full (System.gc()) 2371M->5M(8192M) 17.614ms
[71.368s][info][gc,cpu         ] GC(35) User=0.02s Sys=0.00s Real=0.02s
[73.382s][info][gc,task        ] GC(36) Using 6 workers of 6 for full compaction
[73.382s][info][gc,start       ] GC(36) Pause Full (System.gc())
[73.382s][info][gc,phases,start] GC(36) Phase 1: Mark live objects
[73.385s][info][gc,stringtable ] GC(36) Cleaned string and symbol table, strings: 6446 processed, 0 removed, symbols: 61246 processed, 0 removed
[73.385s][info][gc,phases      ] GC(36) Phase 1: Mark live objects 3.104ms
[73.385s][info][gc,phases,start] GC(36) Phase 2: Prepare for compaction
[73.391s][info][gc,phases      ] GC(36) Phase 2: Prepare for compaction 5.729ms
[73.391s][info][gc,phases,start] GC(36) Phase 3: Adjust pointers
[73.394s][info][gc,phases      ] GC(36) Phase 3: Adjust pointers 2.696ms
[73.394s][info][gc,phases,start] GC(36) Phase 4: Compact heap
[73.398s][info][gc,phases      ] GC(36) Phase 4: Compact heap 3.985ms
[73.400s][info][gc,heap        ] GC(36) Eden regions: 574->0(761)
[73.400s][info][gc,heap        ] GC(36) Survivor regions: 0->0(13)
[73.400s][info][gc,heap        ] GC(36) Old regions: 5->5
[73.400s][info][gc,heap        ] GC(36) Humongous regions: 0->0
[73.400s][info][gc,metaspace   ] GC(36) Metaspace: 23007K(23936K)->23007K(23936K) NonClass: 20230K(20736K)->20230K(20736K) Class: 2776K(3200K)->2776K(3200K)
[73.400s][info][gc             ] GC(36) Pause Full (System.gc()) 2297M->5M(8192M) 18.011ms
[73.400s][info][gc,cpu         ] GC(36) User=0.02s Sys=0.00s Real=0.02s
[75.529s][info][gc,task        ] GC(37) Using 6 workers of 6 for full compaction
[75.530s][info][gc,start       ] GC(37) Pause Full (System.gc())
[75.530s][info][gc,phases,start] GC(37) Phase 1: Mark live objects
[75.533s][info][gc,stringtable ] GC(37) Cleaned string and symbol table, strings: 6446 processed, 0 removed, symbols: 61246 processed, 0 removed
[75.533s][info][gc,phases      ] GC(37) Phase 1: Mark live objects 2.982ms
[75.533s][info][gc,phases,start] GC(37) Phase 2: Prepare for compaction
[75.539s][info][gc,phases      ] GC(37) Phase 2: Prepare for compaction 5.777ms
[75.539s][info][gc,phases,start] GC(37) Phase 3: Adjust pointers
[75.541s][info][gc,phases      ] GC(37) Phase 3: Adjust pointers 2.787ms
[75.541s][info][gc,phases,start] GC(37) Phase 4: Compact heap
[75.546s][info][gc,phases      ] GC(37) Phase 4: Compact heap 4.162ms
[75.548s][info][gc,heap        ] GC(37) Eden regions: 582->0(761)
[75.548s][info][gc,heap        ] GC(37) Survivor regions: 0->0(13)
[75.548s][info][gc,heap        ] GC(37) Old regions: 5->6
[75.548s][info][gc,heap        ] GC(37) Humongous regions: 0->0
[75.548s][info][gc,metaspace   ] GC(37) Metaspace: 23007K(23936K)->23007K(23936K) NonClass: 20230K(20736K)->20230K(20736K) Class: 2776K(3200K)->2776K(3200K)
[75.548s][info][gc             ] GC(37) Pause Full (System.gc()) 2329M->5M(8192M) 18.663ms
[75.548s][info][gc,cpu         ] GC(37) User=0.02s Sys=0.00s Real=0.02s
[77.383s][info][gc,task        ] GC(38) Using 6 workers of 6 for full compaction
[77.383s][info][gc,start       ] GC(38) Pause Full (System.gc())
[77.383s][info][gc,phases,start] GC(38) Phase 1: Mark live objects
[77.386s][info][gc,stringtable ] GC(38) Cleaned string and symbol table, strings: 6446 processed, 0 removed, symbols: 61246 processed, 0 removed
[77.386s][info][gc,phases      ] GC(38) Phase 1: Mark live objects 2.848ms
[77.386s][info][gc,phases,start] GC(38) Phase 2: Prepare for compaction
[77.391s][info][gc,phases      ] GC(38) Phase 2: Prepare for compaction 5.211ms
[77.391s][info][gc,phases,start] GC(38) Phase 3: Adjust pointers
[77.393s][info][gc,phases      ] GC(38) Phase 3: Adjust pointers 2.317ms
[77.393s][info][gc,phases,start] GC(38) Phase 4: Compact heap
[77.397s][info][gc,phases      ] GC(38) Phase 4: Compact heap 3.721ms
[77.400s][info][gc,heap        ] GC(38) Eden regions: 522->0(761)
[77.400s][info][gc,heap        ] GC(38) Survivor regions: 0->0(13)
[77.400s][info][gc,heap        ] GC(38) Old regions: 6->6
[77.400s][info][gc,heap        ] GC(38) Humongous regions: 0->0
[77.400s][info][gc,metaspace   ] GC(38) Metaspace: 23008K(23936K)->23008K(23936K) NonClass: 20231K(20736K)->20231K(20736K) Class: 2776K(3200K)->2776K(3200K)
[77.400s][info][gc             ] GC(38) Pause Full (System.gc()) 2091M->5M(8192M) 16.885ms
[77.400s][info][gc,cpu         ] GC(38) User=0.02s Sys=0.00s Real=0.01s
[79.578s][info][gc,task        ] GC(39) Using 6 workers of 6 for full compaction
[79.579s][info][gc,start       ] GC(39) Pause Full (System.gc())
[79.579s][info][gc,phases,start] GC(39) Phase 1: Mark live objects
[79.582s][info][gc,stringtable ] GC(39) Cleaned string and symbol table, strings: 6446 processed, 0 removed, symbols: 61246 processed, 0 removed
[79.582s][info][gc,phases      ] GC(39) Phase 1: Mark live objects 2.843ms
[79.582s][info][gc,phases,start] GC(39) Phase 2: Prepare for compaction
[79.587s][info][gc,phases      ] GC(39) Phase 2: Prepare for compaction 5.292ms
[79.587s][info][gc,phases,start] GC(39) Phase 3: Adjust pointers
[79.590s][info][gc,phases      ] GC(39) Phase 3: Adjust pointers 2.774ms
[79.590s][info][gc,phases,start] GC(39) Phase 4: Compact heap
[79.595s][info][gc,phases      ] GC(39) Phase 4: Compact heap 4.665ms
[79.597s][info][gc,heap        ] GC(39) Eden regions: 610->0(761)
[79.597s][info][gc,heap        ] GC(39) Survivor regions: 0->0(13)
[79.597s][info][gc,heap        ] GC(39) Old regions: 6->6
[79.597s][info][gc,heap        ] GC(39) Humongous regions: 0->0
[79.597s][info][gc,metaspace   ] GC(39) Metaspace: 23008K(23936K)->23008K(23936K) NonClass: 20231K(20736K)->20231K(20736K) Class: 2776K(3200K)->2776K(3200K)
[79.597s][info][gc             ] GC(39) Pause Full (System.gc()) 2443M->5M(8192M) 18.828ms
[79.598s][info][gc,cpu         ] GC(39) User=0.02s Sys=0.00s Real=0.02s
[81.576s][info][gc,task        ] GC(40) Using 6 workers of 6 for full compaction
[81.576s][info][gc,start       ] GC(40) Pause Full (System.gc())
[81.576s][info][gc,phases,start] GC(40) Phase 1: Mark live objects
[81.579s][info][gc,stringtable ] GC(40) Cleaned string and symbol table, strings: 6446 processed, 0 removed, symbols: 61246 processed, 0 removed
[81.579s][info][gc,phases      ] GC(40) Phase 1: Mark live objects 3.081ms
[81.579s][info][gc,phases,start] GC(40) Phase 2: Prepare for compaction
[81.585s][info][gc,phases      ] GC(40) Phase 2: Prepare for compaction 6.168ms
[81.585s][info][gc,phases,start] GC(40) Phase 3: Adjust pointers
[81.588s][info][gc,phases      ] GC(40) Phase 3: Adjust pointers 2.488ms
[81.588s][info][gc,phases,start] GC(40) Phase 4: Compact heap
[81.592s][info][gc,phases      ] GC(40) Phase 4: Compact heap 3.822ms
[81.594s][info][gc,heap        ] GC(40) Eden regions: 568->0(761)
[81.594s][info][gc,heap        ] GC(40) Survivor regions: 0->0(13)
[81.594s][info][gc,heap        ] GC(40) Old regions: 6->6
[81.594s][info][gc,heap        ] GC(40) Humongous regions: 0->0
[81.594s][info][gc,metaspace   ] GC(40) Metaspace: 23008K(23936K)->23008K(23936K) NonClass: 20232K(20736K)->20232K(20736K) Class: 2776K(3200K)->2776K(3200K)
[81.594s][info][gc             ] GC(40) Pause Full (System.gc()) 2275M->5M(8192M) 18.226ms
[81.594s][info][gc,cpu         ] GC(40) User=0.02s Sys=0.00s Real=0.02s
[83.698s][info][gc,task        ] GC(41) Using 6 workers of 6 for full compaction
[83.698s][info][gc,start       ] GC(41) Pause Full (System.gc())
[83.698s][info][gc,phases,start] GC(41) Phase 1: Mark live objects
[83.700s][info][gc,stringtable ] GC(41) Cleaned string and symbol table, strings: 6446 processed, 0 removed, symbols: 61246 processed, 0 removed
[83.700s][info][gc,phases      ] GC(41) Phase 1: Mark live objects 2.475ms
[83.700s][info][gc,phases,start] GC(41) Phase 2: Prepare for compaction
[83.706s][info][gc,phases      ] GC(41) Phase 2: Prepare for compaction 5.300ms
[83.706s][info][gc,phases,start] GC(41) Phase 3: Adjust pointers
[83.708s][info][gc,phases      ] GC(41) Phase 3: Adjust pointers 2.618ms
[83.708s][info][gc,phases,start] GC(41) Phase 4: Compact heap
[83.713s][info][gc,phases      ] GC(41) Phase 4: Compact heap 4.562ms
[83.715s][info][gc,heap        ] GC(41) Eden regions: 595->0(761)
[83.715s][info][gc,heap        ] GC(41) Survivor regions: 0->0(13)
[83.715s][info][gc,heap        ] GC(41) Old regions: 6->6
[83.715s][info][gc,heap        ] GC(41) Humongous regions: 0->0
[83.715s][info][gc,metaspace   ] GC(41) Metaspace: 23008K(23936K)->23008K(23936K) NonClass: 20232K(20736K)->20232K(20736K) Class: 2776K(3200K)->2776K(3200K)
[83.715s][info][gc             ] GC(41) Pause Full (System.gc()) 2383M->5M(8192M) 17.534ms
[83.715s][info][gc,cpu         ] GC(41) User=0.00s Sys=0.00s Real=0.02s
[85.730s][info][gc,task        ] GC(42) Using 6 workers of 6 for full compaction
[85.731s][info][gc,start       ] GC(42) Pause Full (System.gc())
[85.731s][info][gc,phases,start] GC(42) Phase 1: Mark live objects
[85.734s][info][gc,stringtable ] GC(42) Cleaned string and symbol table, strings: 6446 processed, 0 removed, symbols: 61246 processed, 0 removed
[85.734s][info][gc,phases      ] GC(42) Phase 1: Mark live objects 2.861ms
[85.734s][info][gc,phases,start] GC(42) Phase 2: Prepare for compaction
[85.739s][info][gc,phases      ] GC(42) Phase 2: Prepare for compaction 5.253ms
[85.739s][info][gc,phases,start] GC(42) Phase 3: Adjust pointers
[85.741s][info][gc,phases      ] GC(42) Phase 3: Adjust pointers 2.464ms
[85.741s][info][gc,phases,start] GC(42) Phase 4: Compact heap
[85.746s][info][gc,phases      ] GC(42) Phase 4: Compact heap 4.554ms
[85.748s][info][gc,heap        ] GC(42) Eden regions: 582->0(761)
[85.748s][info][gc,heap        ] GC(42) Survivor regions: 0->0(13)
[85.748s][info][gc,heap        ] GC(42) Old regions: 6->6
[85.748s][info][gc,heap        ] GC(42) Humongous regions: 0->0
[85.748s][info][gc,metaspace   ] GC(42) Metaspace: 23008K(23936K)->23008K(23936K) NonClass: 20232K(20736K)->20232K(20736K) Class: 2776K(3200K)->2776K(3200K)
[85.748s][info][gc             ] GC(42) Pause Full (System.gc()) 2331M->5M(8192M) 17.840ms
[85.749s][info][gc,cpu         ] GC(42) User=0.02s Sys=0.00s Real=0.02s
[87.921s][info][gc,task        ] GC(43) Using 6 workers of 6 for full compaction
[87.921s][info][gc,start       ] GC(43) Pause Full (System.gc())
[87.921s][info][gc,phases,start] GC(43) Phase 1: Mark live objects
[87.924s][info][gc,stringtable ] GC(43) Cleaned string and symbol table, strings: 6446 processed, 0 removed, symbols: 61246 processed, 0 removed
[87.924s][info][gc,phases      ] GC(43) Phase 1: Mark live objects 2.815ms
[87.924s][info][gc,phases,start] GC(43) Phase 2: Prepare for compaction
[87.930s][info][gc,phases      ] GC(43) Phase 2: Prepare for compaction 5.744ms
[87.930s][info][gc,phases,start] GC(43) Phase 3: Adjust pointers
[87.933s][info][gc,phases      ] GC(43) Phase 3: Adjust pointers 2.501ms
[87.933s][info][gc,phases,start] GC(43) Phase 4: Compact heap
[87.937s][info][gc,phases      ] GC(43) Phase 4: Compact heap 4.099ms
[87.939s][info][gc,heap        ] GC(43) Eden regions: 586->0(761)
[87.939s][info][gc,heap        ] GC(43) Survivor regions: 0->0(13)
[87.940s][info][gc,heap        ] GC(43) Old regions: 6->6
[87.940s][info][gc,heap        ] GC(43) Humongous regions: 0->0
[87.940s][info][gc,metaspace   ] GC(43) Metaspace: 23008K(23936K)->23008K(23936K) NonClass: 20232K(20736K)->20232K(20736K) Class: 2776K(3200K)->2776K(3200K)
[87.940s][info][gc             ] GC(43) Pause Full (System.gc()) 2347M->5M(8192M) 18.361ms
[87.940s][info][gc,cpu         ] GC(43) User=0.02s Sys=0.00s Real=0.01s
[89.902s][info][gc,task        ] GC(44) Using 6 workers of 6 for full compaction
[89.902s][info][gc,start       ] GC(44) Pause Full (System.gc())
[89.902s][info][gc,phases,start] GC(44) Phase 1: Mark live objects
[89.905s][info][gc,stringtable ] GC(44) Cleaned string and symbol table, strings: 6446 processed, 0 removed, symbols: 61246 processed, 0 removed
[89.905s][info][gc,phases      ] GC(44) Phase 1: Mark live objects 3.133ms
[89.905s][info][gc,phases,start] GC(44) Phase 2: Prepare for compaction
[89.910s][info][gc,phases      ] GC(44) Phase 2: Prepare for compaction 5.305ms
[89.910s][info][gc,phases,start] GC(44) Phase 3: Adjust pointers
[89.913s][info][gc,phases      ] GC(44) Phase 3: Adjust pointers 2.388ms
[89.913s][info][gc,phases,start] GC(44) Phase 4: Compact heap
[89.917s][info][gc,phases      ] GC(44) Phase 4: Compact heap 3.742ms
[89.919s][info][gc,heap        ] GC(44) Eden regions: 573->0(761)
[89.919s][info][gc,heap        ] GC(44) Survivor regions: 0->0(13)
[89.919s][info][gc,heap        ] GC(44) Old regions: 6->6
[89.919s][info][gc,heap        ] GC(44) Humongous regions: 0->0
[89.919s][info][gc,metaspace   ] GC(44) Metaspace: 23011K(23936K)->23011K(23936K) NonClass: 20234K(20736K)->20234K(20736K) Class: 2776K(3200K)->2776K(3200K)
[89.919s][info][gc             ] GC(44) Pause Full (System.gc()) 2295M->5M(8192M) 17.224ms
[89.919s][info][gc,cpu         ] GC(44) User=0.02s Sys=0.00s Real=0.02s
[92.109s][info][gc,task        ] GC(45) Using 6 workers of 6 for full compaction
[92.109s][info][gc,start       ] GC(45) Pause Full (System.gc())
[92.109s][info][gc,phases,start] GC(45) Phase 1: Mark live objects
[92.112s][info][gc,stringtable ] GC(45) Cleaned string and symbol table, strings: 6446 processed, 0 removed, symbols: 61246 processed, 0 removed
[92.112s][info][gc,phases      ] GC(45) Phase 1: Mark live objects 2.764ms
[92.112s][info][gc,phases,start] GC(45) Phase 2: Prepare for compaction
[92.117s][info][gc,phases      ] GC(45) Phase 2: Prepare for compaction 5.802ms
[92.118s][info][gc,phases,start] GC(45) Phase 3: Adjust pointers
[92.120s][info][gc,phases      ] GC(45) Phase 3: Adjust pointers 2.972ms
[92.121s][info][gc,phases,start] GC(45) Phase 4: Compact heap
[92.125s][info][gc,phases      ] GC(45) Phase 4: Compact heap 4.730ms
[92.128s][info][gc,heap        ] GC(45) Eden regions: 625->0(761)
[92.128s][info][gc,heap        ] GC(45) Survivor regions: 0->0(13)
[92.128s][info][gc,heap        ] GC(45) Old regions: 6->5
[92.128s][info][gc,heap        ] GC(45) Humongous regions: 0->0
[92.128s][info][gc,metaspace   ] GC(45) Metaspace: 23011K(23936K)->23011K(23936K) NonClass: 20234K(20736K)->20234K(20736K) Class: 2776K(3200K)->2776K(3200K)
[92.128s][info][gc             ] GC(45) Pause Full (System.gc()) 2501M->5M(8192M) 19.119ms
[92.128s][info][gc,cpu         ] GC(45) User=0.02s Sys=0.00s Real=0.02s
[94.123s][info][gc,task        ] GC(46) Using 6 workers of 6 for full compaction
[94.123s][info][gc,start       ] GC(46) Pause Full (System.gc())
[94.123s][info][gc,phases,start] GC(46) Phase 1: Mark live objects
[94.126s][info][gc,stringtable ] GC(46) Cleaned string and symbol table, strings: 6446 processed, 0 removed, symbols: 61246 processed, 0 removed
[94.126s][info][gc,phases      ] GC(46) Phase 1: Mark live objects 2.807ms
[94.126s][info][gc,phases,start] GC(46) Phase 2: Prepare for compaction
[94.132s][info][gc,phases      ] GC(46) Phase 2: Prepare for compaction 5.261ms
[94.132s][info][gc,phases,start] GC(46) Phase 3: Adjust pointers
[94.134s][info][gc,phases      ] GC(46) Phase 3: Adjust pointers 2.446ms
[94.134s][info][gc,phases,start] GC(46) Phase 4: Compact heap
[94.138s][info][gc,phases      ] GC(46) Phase 4: Compact heap 3.921ms
[94.140s][info][gc,heap        ] GC(46) Eden regions: 587->0(761)
[94.140s][info][gc,heap        ] GC(46) Survivor regions: 0->0(13)
[94.140s][info][gc,heap        ] GC(46) Old regions: 5->6
[94.140s][info][gc,heap        ] GC(46) Humongous regions: 0->0
[94.140s][info][gc,metaspace   ] GC(46) Metaspace: 23011K(23936K)->23011K(23936K) NonClass: 20234K(20736K)->20234K(20736K) Class: 2776K(3200K)->2776K(3200K)
[94.140s][info][gc             ] GC(46) Pause Full (System.gc()) 2349M->5M(8192M) 17.233ms
[94.140s][info][gc,cpu         ] GC(46) User=0.02s Sys=0.00s Real=0.02s
[96.348s][info][gc,task        ] GC(47) Using 6 workers of 6 for full compaction
[96.348s][info][gc,start       ] GC(47) Pause Full (System.gc())
[96.348s][info][gc,phases,start] GC(47) Phase 1: Mark live objects
[96.351s][info][gc,stringtable ] GC(47) Cleaned string and symbol table, strings: 6446 processed, 0 removed, symbols: 61246 processed, 0 removed
[96.351s][info][gc,phases      ] GC(47) Phase 1: Mark live objects 3.082ms
[96.351s][info][gc,phases,start] GC(47) Phase 2: Prepare for compaction
[96.357s][info][gc,phases      ] GC(47) Phase 2: Prepare for compaction 5.359ms
[96.357s][info][gc,phases,start] GC(47) Phase 3: Adjust pointers
[96.359s][info][gc,phases      ] GC(47) Phase 3: Adjust pointers 2.493ms
[96.359s][info][gc,phases,start] GC(47) Phase 4: Compact heap
[96.363s][info][gc,phases      ] GC(47) Phase 4: Compact heap 4.158ms
[96.366s][info][gc,heap        ] GC(47) Eden regions: 609->0(761)
[96.366s][info][gc,heap        ] GC(47) Survivor regions: 0->0(13)
[96.366s][info][gc,heap        ] GC(47) Old regions: 6->6
[96.366s][info][gc,heap        ] GC(47) Humongous regions: 0->0
[96.366s][info][gc,metaspace   ] GC(47) Metaspace: 23011K(23936K)->23011K(23936K) NonClass: 20234K(20736K)->20234K(20736K) Class: 2776K(3200K)->2776K(3200K)
[96.366s][info][gc             ] GC(47) Pause Full (System.gc()) 2437M->5M(8192M) 18.196ms
[96.366s][info][gc,cpu         ] GC(47) User=0.02s Sys=0.00s Real=0.02s
[98.355s][info][gc,task        ] GC(48) Using 6 workers of 6 for full compaction
[98.355s][info][gc,start       ] GC(48) Pause Full (System.gc())
[98.356s][info][gc,phases,start] GC(48) Phase 1: Mark live objects
[98.358s][info][gc,stringtable ] GC(48) Cleaned string and symbol table, strings: 6446 processed, 0 removed, symbols: 61246 processed, 0 removed
[98.358s][info][gc,phases      ] GC(48) Phase 1: Mark live objects 2.739ms
[98.358s][info][gc,phases,start] GC(48) Phase 2: Prepare for compaction
[98.364s][info][gc,phases      ] GC(48) Phase 2: Prepare for compaction 5.316ms
[98.364s][info][gc,phases,start] GC(48) Phase 3: Adjust pointers
[98.366s][info][gc,phases      ] GC(48) Phase 3: Adjust pointers 2.479ms
[98.366s][info][gc,phases,start] GC(48) Phase 4: Compact heap
[98.370s][info][gc,phases      ] GC(48) Phase 4: Compact heap 3.884ms
[98.372s][info][gc,heap        ] GC(48) Eden regions: 592->0(761)
[98.372s][info][gc,heap        ] GC(48) Survivor regions: 0->0(13)
[98.372s][info][gc,heap        ] GC(48) Old regions: 6->6
[98.372s][info][gc,heap        ] GC(48) Humongous regions: 0->0
[98.372s][info][gc,metaspace   ] GC(48) Metaspace: 23011K(23936K)->23011K(23936K) NonClass: 20234K(20736K)->20234K(20736K) Class: 2776K(3200K)->2776K(3200K)
[98.372s][info][gc             ] GC(48) Pause Full (System.gc()) 2371M->5M(8192M) 17.064ms
[98.373s][info][gc,cpu         ] GC(48) User=0.02s Sys=0.00s Real=0.01s
[100.595s][info][gc,task        ] GC(49) Using 6 workers of 6 for full compaction
[100.595s][info][gc,start       ] GC(49) Pause Full (System.gc())
[100.596s][info][gc,phases,start] GC(49) Phase 1: Mark live objects
[100.599s][info][gc,stringtable ] GC(49) Cleaned string and symbol table, strings: 6446 processed, 0 removed, symbols: 61246 processed, 0 removed
[100.599s][info][gc,phases      ] GC(49) Phase 1: Mark live objects 2.776ms
[100.599s][info][gc,phases,start] GC(49) Phase 2: Prepare for compaction
[100.604s][info][gc,phases      ] GC(49) Phase 2: Prepare for compaction 5.425ms
[100.604s][info][gc,phases,start] GC(49) Phase 3: Adjust pointers
[100.606s][info][gc,phases      ] GC(49) Phase 3: Adjust pointers 2.415ms
[100.607s][info][gc,phases,start] GC(49) Phase 4: Compact heap
[100.611s][info][gc,phases      ] GC(49) Phase 4: Compact heap 4.162ms
[100.614s][info][gc,heap        ] GC(49) Eden regions: 634->0(761)
[100.614s][info][gc,heap        ] GC(49) Survivor regions: 0->0(13)
[100.614s][info][gc,heap        ] GC(49) Old regions: 6->6
[100.614s][info][gc,heap        ] GC(49) Humongous regions: 0->0
[100.614s][info][gc,metaspace   ] GC(49) Metaspace: 23013K(23936K)->23013K(23936K) NonClass: 20236K(20736K)->20236K(20736K) Class: 2776K(3200K)->2776K(3200K)
[100.614s][info][gc             ] GC(49) Pause Full (System.gc()) 2537M->5M(8192M) 18.194ms
[100.614s][info][gc,cpu         ] GC(49) User=0.00s Sys=0.00s Real=0.02s
[102.653s][info][gc,task        ] GC(50) Using 6 workers of 6 for full compaction
[102.653s][info][gc,start       ] GC(50) Pause Full (System.gc())
[102.653s][info][gc,phases,start] GC(50) Phase 1: Mark live objects
[102.656s][info][gc,stringtable ] GC(50) Cleaned string and symbol table, strings: 6448 processed, 0 removed, symbols: 61246 processed, 0 removed
[102.656s][info][gc,phases      ] GC(50) Phase 1: Mark live objects 2.958ms
[102.656s][info][gc,phases,start] GC(50) Phase 2: Prepare for compaction
[102.662s][info][gc,phases      ] GC(50) Phase 2: Prepare for compaction 5.314ms
[102.662s][info][gc,phases,start] GC(50) Phase 3: Adjust pointers
[102.664s][info][gc,phases      ] GC(50) Phase 3: Adjust pointers 2.478ms
[102.664s][info][gc,phases,start] GC(50) Phase 4: Compact heap
[102.668s][info][gc,phases      ] GC(50) Phase 4: Compact heap 3.833ms
[102.670s][info][gc,heap        ] GC(50) Eden regions: 588->0(761)
[102.670s][info][gc,heap        ] GC(50) Survivor regions: 0->0(13)
[102.670s][info][gc,heap        ] GC(50) Old regions: 6->6
[102.670s][info][gc,heap        ] GC(50) Humongous regions: 0->0
[102.670s][info][gc,metaspace   ] GC(50) Metaspace: 23017K(23936K)->23017K(23936K) NonClass: 20241K(20736K)->20241K(20736K) Class: 2776K(3200K)->2776K(3200K)
[102.670s][info][gc             ] GC(50) Pause Full (System.gc()) 2355M->5M(8192M) 17.218ms
[102.671s][info][gc,cpu         ] GC(50) User=0.02s Sys=0.00s Real=0.02s
[104.795s][info][gc,task        ] GC(51) Using 6 workers of 6 for full compaction
[104.795s][info][gc,start       ] GC(51) Pause Full (System.gc())
[104.795s][info][gc,phases,start] GC(51) Phase 1: Mark live objects
[104.798s][info][gc,stringtable ] GC(51) Cleaned string and symbol table, strings: 6448 processed, 0 removed, symbols: 61246 processed, 0 removed
[104.798s][info][gc,phases      ] GC(51) Phase 1: Mark live objects 3.050ms
[104.798s][info][gc,phases,start] GC(51) Phase 2: Prepare for compaction
[104.804s][info][gc,phases      ] GC(51) Phase 2: Prepare for compaction 5.722ms
[104.804s][info][gc,phases,start] GC(51) Phase 3: Adjust pointers
[104.807s][info][gc,phases      ] GC(51) Phase 3: Adjust pointers 2.746ms
[104.807s][info][gc,phases,start] GC(51) Phase 4: Compact heap
[104.812s][info][gc,phases      ] GC(51) Phase 4: Compact heap 4.769ms
[104.815s][info][gc,heap        ] GC(51) Eden regions: 608->0(761)
[104.815s][info][gc,heap        ] GC(51) Survivor regions: 0->0(13)
[104.815s][info][gc,heap        ] GC(51) Old regions: 6->6
[104.815s][info][gc,heap        ] GC(51) Humongous regions: 0->0
[104.815s][info][gc,metaspace   ] GC(51) Metaspace: 23017K(23936K)->23017K(23936K) NonClass: 20241K(20736K)->20241K(20736K) Class: 2776K(3200K)->2776K(3200K)
[104.815s][info][gc             ] GC(51) Pause Full (System.gc()) 2435M->5M(8192M) 19.700ms
[104.815s][info][gc,cpu         ] GC(51) User=0.02s Sys=0.00s Real=0.02s
[106.832s][info][gc,task        ] GC(52) Using 6 workers of 6 for full compaction
[106.832s][info][gc,start       ] GC(52) Pause Full (System.gc())
[106.832s][info][gc,phases,start] GC(52) Phase 1: Mark live objects
[106.835s][info][gc,stringtable ] GC(52) Cleaned string and symbol table, strings: 6448 processed, 0 removed, symbols: 61246 processed, 0 removed
[106.835s][info][gc,phases      ] GC(52) Phase 1: Mark live objects 2.681ms
[106.835s][info][gc,phases,start] GC(52) Phase 2: Prepare for compaction
[106.841s][info][gc,phases      ] GC(52) Phase 2: Prepare for compaction 5.396ms
[106.841s][info][gc,phases,start] GC(52) Phase 3: Adjust pointers
[106.843s][info][gc,phases      ] GC(52) Phase 3: Adjust pointers 2.484ms
[106.843s][info][gc,phases,start] GC(52) Phase 4: Compact heap
[106.847s][info][gc,phases      ] GC(52) Phase 4: Compact heap 4.213ms
[106.850s][info][gc,heap        ] GC(52) Eden regions: 598->0(761)
[106.850s][info][gc,heap        ] GC(52) Survivor regions: 0->0(13)
[106.850s][info][gc,heap        ] GC(52) Old regions: 6->6
[106.850s][info][gc,heap        ] GC(52) Humongous regions: 0->0
[106.850s][info][gc,metaspace   ] GC(52) Metaspace: 23017K(23936K)->23017K(23936K) NonClass: 20241K(20736K)->20241K(20736K) Class: 2776K(3200K)->2776K(3200K)
[106.850s][info][gc             ] GC(52) Pause Full (System.gc()) 2393M->5M(8192M) 17.562ms
[106.850s][info][gc,cpu         ] GC(52) User=0.02s Sys=0.00s Real=0.02s
[109.004s][info][gc,task        ] GC(53) Using 6 workers of 6 for full compaction
[109.004s][info][gc,start       ] GC(53) Pause Full (System.gc())
[109.004s][info][gc,phases,start] GC(53) Phase 1: Mark live objects
[109.007s][info][gc,stringtable ] GC(53) Cleaned string and symbol table, strings: 6448 processed, 0 removed, symbols: 61246 processed, 0 removed
[109.007s][info][gc,phases      ] GC(53) Phase 1: Mark live objects 2.880ms
[109.007s][info][gc,phases,start] GC(53) Phase 2: Prepare for compaction
[109.013s][info][gc,phases      ] GC(53) Phase 2: Prepare for compaction 5.408ms
[109.013s][info][gc,phases,start] GC(53) Phase 3: Adjust pointers
[109.015s][info][gc,phases      ] GC(53) Phase 3: Adjust pointers 2.740ms
[109.015s][info][gc,phases,start] GC(53) Phase 4: Compact heap
[109.020s][info][gc,phases      ] GC(53) Phase 4: Compact heap 4.538ms
[109.022s][info][gc,heap        ] GC(53) Eden regions: 605->0(761)
[109.022s][info][gc,heap        ] GC(53) Survivor regions: 0->0(13)
[109.022s][info][gc,heap        ] GC(53) Old regions: 6->6
[109.022s][info][gc,heap        ] GC(53) Humongous regions: 0->0
[109.022s][info][gc,metaspace   ] GC(53) Metaspace: 23017K(23936K)->23017K(23936K) NonClass: 20241K(20736K)->20241K(20736K) Class: 2776K(3200K)->2776K(3200K)
[109.022s][info][gc             ] GC(53) Pause Full (System.gc()) 2421M->5M(8192M) 18.348ms
[109.023s][info][gc,cpu         ] GC(53) User=0.02s Sys=0.00s Real=0.02s
[111.004s][info][gc,task        ] GC(54) Using 6 workers of 6 for full compaction
[111.005s][info][gc,start       ] GC(54) Pause Full (System.gc())
[111.005s][info][gc,phases,start] GC(54) Phase 1: Mark live objects
[111.008s][info][gc,stringtable ] GC(54) Cleaned string and symbol table, strings: 6448 processed, 0 removed, symbols: 61246 processed, 0 removed
[111.008s][info][gc,phases      ] GC(54) Phase 1: Mark live objects 2.873ms
[111.008s][info][gc,phases,start] GC(54) Phase 2: Prepare for compaction
[111.013s][info][gc,phases      ] GC(54) Phase 2: Prepare for compaction 5.284ms
[111.013s][info][gc,phases,start] GC(54) Phase 3: Adjust pointers
[111.015s][info][gc,phases      ] GC(54) Phase 3: Adjust pointers 2.456ms
[111.015s][info][gc,phases,start] GC(54) Phase 4: Compact heap
[111.020s][info][gc,phases      ] GC(54) Phase 4: Compact heap 4.140ms
[111.022s][info][gc,heap        ] GC(54) Eden regions: 594->0(761)
[111.022s][info][gc,heap        ] GC(54) Survivor regions: 0->0(13)
[111.022s][info][gc,heap        ] GC(54) Old regions: 6->6
[111.022s][info][gc,heap        ] GC(54) Humongous regions: 0->0
[111.022s][info][gc,metaspace   ] GC(54) Metaspace: 23017K(23936K)->23017K(23936K) NonClass: 20241K(20736K)->20241K(20736K) Class: 2776K(3200K)->2776K(3200K)
[111.022s][info][gc             ] GC(54) Pause Full (System.gc()) 2379M->5M(8192M) 17.629ms
[111.022s][info][gc,cpu         ] GC(54) User=0.02s Sys=0.00s Real=0.02s
[113.204s][info][gc,task        ] GC(55) Using 6 workers of 6 for full compaction
[113.204s][info][gc,start       ] GC(55) Pause Full (System.gc())
[113.204s][info][gc,phases,start] GC(55) Phase 1: Mark live objects
[113.206s][info][gc,stringtable ] GC(55) Cleaned string and symbol table, strings: 6448 processed, 0 removed, symbols: 61246 processed, 0 removed
[113.206s][info][gc,phases      ] GC(55) Phase 1: Mark live objects 2.285ms
[113.206s][info][gc,phases,start] GC(55) Phase 2: Prepare for compaction
[113.212s][info][gc,phases      ] GC(55) Phase 2: Prepare for compaction 5.319ms
[113.212s][info][gc,phases,start] GC(55) Phase 3: Adjust pointers
[113.214s][info][gc,phases      ] GC(55) Phase 3: Adjust pointers 2.526ms
[113.214s][info][gc,phases,start] GC(55) Phase 4: Compact heap
[113.219s][info][gc,phases      ] GC(55) Phase 4: Compact heap 4.402ms
[113.221s][info][gc,heap        ] GC(55) Eden regions: 632->0(761)
[113.221s][info][gc,heap        ] GC(55) Survivor regions: 0->0(13)
[113.221s][info][gc,heap        ] GC(55) Old regions: 6->6
[113.221s][info][gc,heap        ] GC(55) Humongous regions: 0->0
[113.221s][info][gc,metaspace   ] GC(55) Metaspace: 23017K(23936K)->23017K(23936K) NonClass: 20241K(20736K)->20241K(20736K) Class: 2776K(3200K)->2776K(3200K)
[113.222s][info][gc             ] GC(55) Pause Full (System.gc()) 2531M->5M(8192M) 17.768ms
[113.222s][info][gc,cpu         ] GC(55) User=0.02s Sys=0.00s Real=0.02s
[115.235s][info][gc,task        ] GC(56) Using 6 workers of 6 for full compaction
[115.235s][info][gc,start       ] GC(56) Pause Full (System.gc())
[115.236s][info][gc,phases,start] GC(56) Phase 1: Mark live objects
[115.239s][info][gc,stringtable ] GC(56) Cleaned string and symbol table, strings: 6448 processed, 0 removed, symbols: 61246 processed, 0 removed
[115.239s][info][gc,phases      ] GC(56) Phase 1: Mark live objects 3.119ms
[115.239s][info][gc,phases,start] GC(56) Phase 2: Prepare for compaction
[115.244s][info][gc,phases      ] GC(56) Phase 2: Prepare for compaction 5.292ms
[115.244s][info][gc,phases,start] GC(56) Phase 3: Adjust pointers
[115.247s][info][gc,phases      ] GC(56) Phase 3: Adjust pointers 2.505ms
[115.247s][info][gc,phases,start] GC(56) Phase 4: Compact heap
[115.250s][info][gc,phases      ] GC(56) Phase 4: Compact heap 3.865ms
[115.253s][info][gc,heap        ] GC(56) Eden regions: 585->0(761)
[115.253s][info][gc,heap        ] GC(56) Survivor regions: 0->0(13)
[115.253s][info][gc,heap        ] GC(56) Old regions: 6->6
[115.253s][info][gc,heap        ] GC(56) Humongous regions: 0->0
[115.253s][info][gc,metaspace   ] GC(56) Metaspace: 23017K(23936K)->23017K(23936K) NonClass: 20241K(20736K)->20241K(20736K) Class: 2776K(3200K)->2776K(3200K)
[115.253s][info][gc             ] GC(56) Pause Full (System.gc()) 2341M->5M(8192M) 17.451ms
[115.253s][info][gc,cpu         ] GC(56) User=0.00s Sys=0.00s Real=0.02s
[117.390s][info][gc,task        ] GC(57) Using 6 workers of 6 for full compaction
[117.391s][info][gc,start       ] GC(57) Pause Full (System.gc())
[117.391s][info][gc,phases,start] GC(57) Phase 1: Mark live objects
[117.394s][info][gc,stringtable ] GC(57) Cleaned string and symbol table, strings: 6448 processed, 0 removed, symbols: 61246 processed, 0 removed
[117.394s][info][gc,phases      ] GC(57) Phase 1: Mark live objects 3.118ms
[117.394s][info][gc,phases,start] GC(57) Phase 2: Prepare for compaction
[117.400s][info][gc,phases      ] GC(57) Phase 2: Prepare for compaction 5.759ms
[117.400s][info][gc,phases,start] GC(57) Phase 3: Adjust pointers
[117.402s][info][gc,phases      ] GC(57) Phase 3: Adjust pointers 2.612ms
[117.402s][info][gc,phases,start] GC(57) Phase 4: Compact heap
[117.407s][info][gc,phases      ] GC(57) Phase 4: Compact heap 4.618ms
[117.410s][info][gc,heap        ] GC(57) Eden regions: 614->0(761)
[117.410s][info][gc,heap        ] GC(57) Survivor regions: 0->0(13)
[117.410s][info][gc,heap        ] GC(57) Old regions: 6->6
[117.410s][info][gc,heap        ] GC(57) Humongous regions: 0->0
[117.410s][info][gc,metaspace   ] GC(57) Metaspace: 23017K(23936K)->23017K(23936K) NonClass: 20241K(20736K)->20241K(20736K) Class: 2776K(3200K)->2776K(3200K)
[117.410s][info][gc             ] GC(57) Pause Full (System.gc()) 2457M->5M(8192M) 19.168ms
[117.410s][info][gc,cpu         ] GC(57) User=0.02s Sys=0.00s Real=0.02s
[119.420s][info][gc,task        ] GC(58) Using 6 workers of 6 for full compaction
[119.420s][info][gc,start       ] GC(58) Pause Full (System.gc())
[119.420s][info][gc,phases,start] GC(58) Phase 1: Mark live objects
[119.423s][info][gc,stringtable ] GC(58) Cleaned string and symbol table, strings: 6448 processed, 0 removed, symbols: 61246 processed, 0 removed
[119.423s][info][gc,phases      ] GC(58) Phase 1: Mark live objects 2.894ms
[119.423s][info][gc,phases,start] GC(58) Phase 2: Prepare for compaction
[119.429s][info][gc,phases      ] GC(58) Phase 2: Prepare for compaction 5.397ms
[119.429s][info][gc,phases,start] GC(58) Phase 3: Adjust pointers
[119.431s][info][gc,phases      ] GC(58) Phase 3: Adjust pointers 2.484ms
[119.431s][info][gc,phases,start] GC(58) Phase 4: Compact heap
[119.435s][info][gc,phases      ] GC(58) Phase 4: Compact heap 3.934ms
[119.437s][info][gc,heap        ] GC(58) Eden regions: 589->0(761)
[119.438s][info][gc,heap        ] GC(58) Survivor regions: 0->0(13)
[119.438s][info][gc,heap        ] GC(58) Old regions: 6->6
[119.438s][info][gc,heap        ] GC(58) Humongous regions: 0->0
[119.438s][info][gc,metaspace   ] GC(58) Metaspace: 23017K(23936K)->23017K(23936K) NonClass: 20241K(20736K)->20241K(20736K) Class: 2776K(3200K)->2776K(3200K)
[119.438s][info][gc             ] GC(58) Pause Full (System.gc()) 2357M->5M(8192M) 17.432ms
[119.438s][info][gc,cpu         ] GC(58) User=0.02s Sys=0.00s Real=0.01s
[121.692s][info][gc,task        ] GC(59) Using 6 workers of 6 for full compaction
[121.693s][info][gc,start       ] GC(59) Pause Full (System.gc())
[121.693s][info][gc,phases,start] GC(59) Phase 1: Mark live objects
[121.696s][info][gc,stringtable ] GC(59) Cleaned string and symbol table, strings: 6448 processed, 0 removed, symbols: 61246 processed, 0 removed
[121.696s][info][gc,phases      ] GC(59) Phase 1: Mark live objects 2.952ms
[121.696s][info][gc,phases,start] GC(59) Phase 2: Prepare for compaction
[121.702s][info][gc,phases      ] GC(59) Phase 2: Prepare for compaction 6.058ms
[121.702s][info][gc,phases,start] GC(59) Phase 3: Adjust pointers
[121.704s][info][gc,phases      ] GC(59) Phase 3: Adjust pointers 2.472ms
[121.704s][info][gc,phases,start] GC(59) Phase 4: Compact heap
[121.709s][info][gc,phases      ] GC(59) Phase 4: Compact heap 4.395ms
[121.711s][info][gc,heap        ] GC(59) Eden regions: 614->0(761)
[121.711s][info][gc,heap        ] GC(59) Survivor regions: 0->0(13)
[121.711s][info][gc,heap        ] GC(59) Old regions: 6->5
[121.711s][info][gc,heap        ] GC(59) Humongous regions: 0->0
[121.711s][info][gc,metaspace   ] GC(59) Metaspace: 23017K(23936K)->23017K(23936K) NonClass: 20241K(20736K)->20241K(20736K) Class: 2776K(3200K)->2776K(3200K)
[121.711s][info][gc             ] GC(59) Pause Full (System.gc()) 2457M->5M(8192M) 18.639ms
[121.711s][info][gc,cpu         ] GC(59) User=0.02s Sys=0.00s Real=0.02s
[123.721s][info][gc,task        ] GC(60) Using 6 workers of 6 for full compaction
[123.721s][info][gc,start       ] GC(60) Pause Full (System.gc())
[123.721s][info][gc,phases,start] GC(60) Phase 1: Mark live objects
[123.724s][info][gc,stringtable ] GC(60) Cleaned string and symbol table, strings: 6449 processed, 0 removed, symbols: 61246 processed, 0 removed
[123.724s][info][gc,phases      ] GC(60) Phase 1: Mark live objects 3.066ms
[123.724s][info][gc,phases,start] GC(60) Phase 2: Prepare for compaction
[123.730s][info][gc,phases      ] GC(60) Phase 2: Prepare for compaction 5.637ms
[123.730s][info][gc,phases,start] GC(60) Phase 3: Adjust pointers
[123.733s][info][gc,phases      ] GC(60) Phase 3: Adjust pointers 2.958ms
[123.733s][info][gc,phases,start] GC(60) Phase 4: Compact heap
[123.737s][info][gc,phases      ] GC(60) Phase 4: Compact heap 3.910ms
[123.739s][info][gc,heap        ] GC(60) Eden regions: 599->0(761)
[123.739s][info][gc,heap        ] GC(60) Survivor regions: 0->0(13)
[123.739s][info][gc,heap        ] GC(60) Old regions: 5->5
[123.739s][info][gc,heap        ] GC(60) Humongous regions: 0->0
[123.739s][info][gc,metaspace   ] GC(60) Metaspace: 23018K(23936K)->23018K(23936K) NonClass: 20241K(20736K)->20241K(20736K) Class: 2776K(3200K)->2776K(3200K)
[123.739s][info][gc             ] GC(60) Pause Full (System.gc()) 2397M->5M(8192M) 18.292ms
[123.739s][info][gc,cpu         ] GC(60) User=0.00s Sys=0.00s Real=0.02s
[125.926s][info][gc,task        ] GC(61) Using 6 workers of 6 for full compaction
[125.926s][info][gc,start       ] GC(61) Pause Full (System.gc())
[125.926s][info][gc,phases,start] GC(61) Phase 1: Mark live objects
[125.929s][info][gc,stringtable ] GC(61) Cleaned string and symbol table, strings: 6449 processed, 0 removed, symbols: 61246 processed, 0 removed
[125.929s][info][gc,phases      ] GC(61) Phase 1: Mark live objects 2.873ms
[125.929s][info][gc,phases,start] GC(61) Phase 2: Prepare for compaction
[125.934s][info][gc,phases      ] GC(61) Phase 2: Prepare for compaction 5.380ms
[125.934s][info][gc,phases,start] GC(61) Phase 3: Adjust pointers
[125.937s][info][gc,phases      ] GC(61) Phase 3: Adjust pointers 2.772ms
[125.937s][info][gc,phases,start] GC(61) Phase 4: Compact heap
[125.942s][info][gc,phases      ] GC(61) Phase 4: Compact heap 4.380ms
[125.944s][info][gc,heap        ] GC(61) Eden regions: 626->0(761)
[125.944s][info][gc,heap        ] GC(61) Survivor regions: 0->0(13)
[125.944s][info][gc,heap        ] GC(61) Old regions: 5->6
[125.944s][info][gc,heap        ] GC(61) Humongous regions: 0->0
[125.944s][info][gc,metaspace   ] GC(61) Metaspace: 23018K(23936K)->23018K(23936K) NonClass: 20241K(20736K)->20241K(20736K) Class: 2776K(3200K)->2776K(3200K)
[125.944s][info][gc             ] GC(61) Pause Full (System.gc()) 2507M->5M(8192M) 18.415ms
[125.944s][info][gc,cpu         ] GC(61) User=0.02s Sys=0.00s Real=0.02s
[127.960s][info][gc,task        ] GC(62) Using 6 workers of 6 for full compaction
[127.960s][info][gc,start       ] GC(62) Pause Full (System.gc())
[127.960s][info][gc,phases,start] GC(62) Phase 1: Mark live objects
[127.963s][info][gc,stringtable ] GC(62) Cleaned string and symbol table, strings: 6449 processed, 0 removed, symbols: 61246 processed, 0 removed
[127.963s][info][gc,phases      ] GC(62) Phase 1: Mark live objects 2.571ms
[127.963s][info][gc,phases,start] GC(62) Phase 2: Prepare for compaction
[127.968s][info][gc,phases      ] GC(62) Phase 2: Prepare for compaction 5.378ms
[127.968s][info][gc,phases,start] GC(62) Phase 3: Adjust pointers
[127.971s][info][gc,phases      ] GC(62) Phase 3: Adjust pointers 2.491ms
[127.971s][info][gc,phases,start] GC(62) Phase 4: Compact heap
[127.975s][info][gc,phases      ] GC(62) Phase 4: Compact heap 4.067ms
[127.977s][info][gc,heap        ] GC(62) Eden regions: 587->0(761)
[127.977s][info][gc,heap        ] GC(62) Survivor regions: 0->0(13)
[127.977s][info][gc,heap        ] GC(62) Old regions: 6->6
[127.977s][info][gc,heap        ] GC(62) Humongous regions: 0->0
[127.977s][info][gc,metaspace   ] GC(62) Metaspace: 23018K(23936K)->23018K(23936K) NonClass: 20241K(20736K)->20241K(20736K) Class: 2776K(3200K)->2776K(3200K)
[127.978s][info][gc             ] GC(62) Pause Full (System.gc()) 2349M->5M(8192M) 17.435ms
[127.978s][info][gc,cpu         ] GC(62) User=0.02s Sys=0.00s Real=0.02s
[130.096s][info][gc,task        ] GC(63) Using 6 workers of 6 for full compaction
[130.097s][info][gc,start       ] GC(63) Pause Full (System.gc())
[130.097s][info][gc,phases,start] GC(63) Phase 1: Mark live objects
[130.100s][info][gc,stringtable ] GC(63) Cleaned string and symbol table, strings: 6449 processed, 0 removed, symbols: 61246 processed, 0 removed
[130.100s][info][gc,phases      ] GC(63) Phase 1: Mark live objects 2.977ms
[130.100s][info][gc,phases,start] GC(63) Phase 2: Prepare for compaction
[130.106s][info][gc,phases      ] GC(63) Phase 2: Prepare for compaction 5.789ms
[130.106s][info][gc,phases,start] GC(63) Phase 3: Adjust pointers
[130.108s][info][gc,phases      ] GC(63) Phase 3: Adjust pointers 2.470ms
[130.108s][info][gc,phases,start] GC(63) Phase 4: Compact heap
[130.113s][info][gc,phases      ] GC(63) Phase 4: Compact heap 4.840ms
[130.116s][info][gc,heap        ] GC(63) Eden regions: 610->0(761)
[130.116s][info][gc,heap        ] GC(63) Survivor regions: 0->0(13)
[130.116s][info][gc,heap        ] GC(63) Old regions: 6->5
[130.116s][info][gc,heap        ] GC(63) Humongous regions: 0->0
[130.116s][info][gc,metaspace   ] GC(63) Metaspace: 23018K(23936K)->23018K(23936K) NonClass: 20241K(20736K)->20241K(20736K) Class: 2776K(3200K)->2776K(3200K)
[130.116s][info][gc             ] GC(63) Pause Full (System.gc()) 2441M->5M(8192M) 19.299ms
[130.116s][info][gc,cpu         ] GC(63) User=0.00s Sys=0.02s Real=0.02s
[132.159s][info][gc,task        ] GC(64) Using 6 workers of 6 for full compaction
[132.159s][info][gc,start       ] GC(64) Pause Full (System.gc())
[132.159s][info][gc,phases,start] GC(64) Phase 1: Mark live objects
[132.162s][info][gc,stringtable ] GC(64) Cleaned string and symbol table, strings: 6449 processed, 0 removed, symbols: 61246 processed, 0 removed
[132.162s][info][gc,phases      ] GC(64) Phase 1: Mark live objects 2.866ms
[132.162s][info][gc,phases,start] GC(64) Phase 2: Prepare for compaction
[132.168s][info][gc,phases      ] GC(64) Phase 2: Prepare for compaction 5.755ms
[132.168s][info][gc,phases,start] GC(64) Phase 3: Adjust pointers
[132.170s][info][gc,phases      ] GC(64) Phase 3: Adjust pointers 2.759ms
[132.171s][info][gc,phases,start] GC(64) Phase 4: Compact heap
[132.176s][info][gc,phases      ] GC(64) Phase 4: Compact heap 4.985ms
[132.178s][info][gc,heap        ] GC(64) Eden regions: 601->0(761)
[132.178s][info][gc,heap        ] GC(64) Survivor regions: 0->0(13)
[132.178s][info][gc,heap        ] GC(64) Old regions: 5->5
[132.178s][info][gc,heap        ] GC(64) Humongous regions: 0->0
[132.178s][info][gc,metaspace   ] GC(64) Metaspace: 23018K(23936K)->23018K(23936K) NonClass: 20241K(20736K)->20241K(20736K) Class: 2776K(3200K)->2776K(3200K)
[132.178s][info][gc             ] GC(64) Pause Full (System.gc()) 2405M->5M(8192M) 19.401ms
[132.178s][info][gc,cpu         ] GC(64) User=0.02s Sys=0.00s Real=0.02s
[134.352s][info][gc,task        ] GC(65) Using 6 workers of 6 for full compaction
[134.353s][info][gc,start       ] GC(65) Pause Full (System.gc())
[134.353s][info][gc,phases,start] GC(65) Phase 1: Mark live objects
[134.356s][info][gc,stringtable ] GC(65) Cleaned string and symbol table, strings: 6449 processed, 0 removed, symbols: 61246 processed, 0 removed
[134.356s][info][gc,phases      ] GC(65) Phase 1: Mark live objects 3.493ms
[134.356s][info][gc,phases,start] GC(65) Phase 2: Prepare for compaction
[134.362s][info][gc,phases      ] GC(65) Phase 2: Prepare for compaction 5.610ms
[134.362s][info][gc,phases,start] GC(65) Phase 3: Adjust pointers
[134.365s][info][gc,phases      ] GC(65) Phase 3: Adjust pointers 2.745ms
[134.365s][info][gc,phases,start] GC(65) Phase 4: Compact heap
[134.369s][info][gc,phases      ] GC(65) Phase 4: Compact heap 4.432ms
[134.372s][info][gc,heap        ] GC(65) Eden regions: 603->0(761)
[134.372s][info][gc,heap        ] GC(65) Survivor regions: 0->0(13)
[134.372s][info][gc,heap        ] GC(65) Old regions: 5->5
[134.372s][info][gc,heap        ] GC(65) Humongous regions: 0->0
[134.372s][info][gc,metaspace   ] GC(65) Metaspace: 23018K(23936K)->23018K(23936K) NonClass: 20241K(20736K)->20241K(20736K) Class: 2776K(3200K)->2776K(3200K)
[134.372s][info][gc             ] GC(65) Pause Full (System.gc()) 2415M->5M(8192M) 19.418ms
[134.372s][info][gc,cpu         ] GC(65) User=0.02s Sys=0.00s Real=0.02s
[136.372s][info][gc,task        ] GC(66) Using 6 workers of 6 for full compaction
[136.372s][info][gc,start       ] GC(66) Pause Full (System.gc())
[136.372s][info][gc,phases,start] GC(66) Phase 1: Mark live objects
[136.375s][info][gc,stringtable ] GC(66) Cleaned string and symbol table, strings: 6449 processed, 0 removed, symbols: 61246 processed, 0 removed
[136.375s][info][gc,phases      ] GC(66) Phase 1: Mark live objects 3.100ms
[136.375s][info][gc,phases,start] GC(66) Phase 2: Prepare for compaction
[136.381s][info][gc,phases      ] GC(66) Phase 2: Prepare for compaction 5.391ms
[136.381s][info][gc,phases,start] GC(66) Phase 3: Adjust pointers
[136.383s][info][gc,phases      ] GC(66) Phase 3: Adjust pointers 2.735ms
[136.383s][info][gc,phases,start] GC(66) Phase 4: Compact heap
[136.387s][info][gc,phases      ] GC(66) Phase 4: Compact heap 3.957ms
[136.390s][info][gc,heap        ] GC(66) Eden regions: 600->0(761)
[136.390s][info][gc,heap        ] GC(66) Survivor regions: 0->0(13)
[136.390s][info][gc,heap        ] GC(66) Old regions: 5->6
[136.390s][info][gc,heap        ] GC(66) Humongous regions: 0->0
[136.390s][info][gc,metaspace   ] GC(66) Metaspace: 23018K(23936K)->23018K(23936K) NonClass: 20241K(20736K)->20241K(20736K) Class: 2776K(3200K)->2776K(3200K)
[136.390s][info][gc             ] GC(66) Pause Full (System.gc()) 2401M->5M(8192M) 17.933ms
[136.390s][info][gc,cpu         ] GC(66) User=0.02s Sys=0.00s Real=0.02s
[138.492s][info][gc,task        ] GC(67) Using 6 workers of 6 for full compaction
[138.492s][info][gc,start       ] GC(67) Pause Full (System.gc())
[138.492s][info][gc,phases,start] GC(67) Phase 1: Mark live objects
[138.495s][info][gc,stringtable ] GC(67) Cleaned string and symbol table, strings: 6449 processed, 0 removed, symbols: 61246 processed, 0 removed
[138.495s][info][gc,phases      ] GC(67) Phase 1: Mark live objects 3.103ms
[138.495s][info][gc,phases,start] GC(67) Phase 2: Prepare for compaction
[138.501s][info][gc,phases      ] GC(67) Phase 2: Prepare for compaction 5.490ms
[138.501s][info][gc,phases,start] GC(67) Phase 3: Adjust pointers
[138.504s][info][gc,phases      ] GC(67) Phase 3: Adjust pointers 3.079ms
[138.504s][info][gc,phases,start] GC(67) Phase 4: Compact heap
[138.508s][info][gc,phases      ] GC(67) Phase 4: Compact heap 4.251ms
[138.511s][info][gc,heap        ] GC(67) Eden regions: 591->0(761)
[138.511s][info][gc,heap        ] GC(67) Survivor regions: 0->0(13)
[138.511s][info][gc,heap        ] GC(67) Old regions: 6->6
[138.511s][info][gc,heap        ] GC(67) Humongous regions: 0->0
[138.511s][info][gc,metaspace   ] GC(67) Metaspace: 23018K(23936K)->23018K(23936K) NonClass: 20241K(20736K)->20241K(20736K) Class: 2776K(3200K)->2776K(3200K)
[138.511s][info][gc             ] GC(67) Pause Full (System.gc()) 2365M->5M(8192M) 18.654ms
[138.511s][info][gc,cpu         ] GC(67) User=0.02s Sys=0.00s Real=0.02s
[140.519s][info][gc,task        ] GC(68) Using 6 workers of 6 for full compaction
[140.519s][info][gc,start       ] GC(68) Pause Full (System.gc())
[140.520s][info][gc,phases,start] GC(68) Phase 1: Mark live objects
[140.522s][info][gc,stringtable ] GC(68) Cleaned string and symbol table, strings: 6449 processed, 0 removed, symbols: 61246 processed, 0 removed
[140.522s][info][gc,phases      ] GC(68) Phase 1: Mark live objects 2.945ms
[140.522s][info][gc,phases,start] GC(68) Phase 2: Prepare for compaction
[140.528s][info][gc,phases      ] GC(68) Phase 2: Prepare for compaction 5.385ms
[140.528s][info][gc,phases,start] GC(68) Phase 3: Adjust pointers
[140.530s][info][gc,phases      ] GC(68) Phase 3: Adjust pointers 2.467ms
[140.530s][info][gc,phases,start] GC(68) Phase 4: Compact heap
[140.534s][info][gc,phases      ] GC(68) Phase 4: Compact heap 3.876ms
[140.537s][info][gc,heap        ] GC(68) Eden regions: 587->0(761)
[140.537s][info][gc,heap        ] GC(68) Survivor regions: 0->0(13)
[140.537s][info][gc,heap        ] GC(68) Old regions: 6->6
[140.537s][info][gc,heap        ] GC(68) Humongous regions: 0->0
[140.537s][info][gc,metaspace   ] GC(68) Metaspace: 23018K(23936K)->23018K(23936K) NonClass: 20241K(20736K)->20241K(20736K) Class: 2776K(3200K)->2776K(3200K)
[140.537s][info][gc             ] GC(68) Pause Full (System.gc()) 2349M->5M(8192M) 17.355ms
[140.537s][info][gc,cpu         ] GC(68) User=0.02s Sys=0.00s Real=0.01s
[142.654s][info][gc,task        ] GC(69) Using 6 workers of 6 for full compaction
[142.654s][info][gc,start       ] GC(69) Pause Full (System.gc())
[142.654s][info][gc,phases,start] GC(69) Phase 1: Mark live objects
[142.657s][info][gc,stringtable ] GC(69) Cleaned string and symbol table, strings: 6449 processed, 0 removed, symbols: 61246 processed, 0 removed
[142.657s][info][gc,phases      ] GC(69) Phase 1: Mark live objects 3.022ms
[142.657s][info][gc,phases,start] GC(69) Phase 2: Prepare for compaction
[142.662s][info][gc,phases      ] GC(69) Phase 2: Prepare for compaction 5.424ms
[142.662s][info][gc,phases,start] GC(69) Phase 3: Adjust pointers
[142.665s][info][gc,phases      ] GC(69) Phase 3: Adjust pointers 2.490ms
[142.665s][info][gc,phases,start] GC(69) Phase 4: Compact heap
[142.670s][info][gc,phases      ] GC(69) Phase 4: Compact heap 5.121ms
[142.673s][info][gc,heap        ] GC(69) Eden regions: 610->0(761)
[142.673s][info][gc,heap        ] GC(69) Survivor regions: 0->0(13)
[142.673s][info][gc,heap        ] GC(69) Old regions: 6->6
[142.673s][info][gc,heap        ] GC(69) Humongous regions: 0->0
[142.673s][info][gc,metaspace   ] GC(69) Metaspace: 23018K(23936K)->23018K(23936K) NonClass: 20241K(20736K)->20241K(20736K) Class: 2776K(3200K)->2776K(3200K)
[142.673s][info][gc             ] GC(69) Pause Full (System.gc()) 2441M->5M(8192M) 19.246ms
[142.673s][info][gc,cpu         ] GC(69) User=0.02s Sys=0.00s Real=0.02s
[144.683s][info][gc,task        ] GC(70) Using 6 workers of 6 for full compaction
[144.683s][info][gc,start       ] GC(70) Pause Full (System.gc())
[144.683s][info][gc,phases,start] GC(70) Phase 1: Mark live objects
[144.687s][info][gc,stringtable ] GC(70) Cleaned string and symbol table, strings: 6449 processed, 0 removed, symbols: 61246 processed, 0 removed
[144.687s][info][gc,phases      ] GC(70) Phase 1: Mark live objects 3.240ms
[144.687s][info][gc,phases,start] GC(70) Phase 2: Prepare for compaction
[144.692s][info][gc,phases      ] GC(70) Phase 2: Prepare for compaction 5.826ms
[144.693s][info][gc,phases,start] GC(70) Phase 3: Adjust pointers
[144.695s][info][gc,phases      ] GC(70) Phase 3: Adjust pointers 2.955ms
[144.696s][info][gc,phases,start] GC(70) Phase 4: Compact heap
[144.699s][info][gc,phases      ] GC(70) Phase 4: Compact heap 3.843ms
[144.702s][info][gc,heap        ] GC(70) Eden regions: 597->0(761)
[144.702s][info][gc,heap        ] GC(70) Survivor regions: 0->0(13)
[144.702s][info][gc,heap        ] GC(70) Old regions: 6->4
[144.702s][info][gc,heap        ] GC(70) Humongous regions: 0->0
[144.702s][info][gc,metaspace   ] GC(70) Metaspace: 23018K(23936K)->23018K(23936K) NonClass: 20241K(20736K)->20241K(20736K) Class: 2776K(3200K)->2776K(3200K)
[144.702s][info][gc             ] GC(70) Pause Full (System.gc()) 2389M->5M(8192M) 18.654ms
[144.702s][info][gc,cpu         ] GC(70) User=0.00s Sys=0.00s Real=0.01s
[146.856s][info][gc,task        ] GC(71) Using 6 workers of 6 for full compaction
[146.856s][info][gc,start       ] GC(71) Pause Full (System.gc())
[146.856s][info][gc,phases,start] GC(71) Phase 1: Mark live objects
[146.859s][info][gc,stringtable ] GC(71) Cleaned string and symbol table, strings: 6449 processed, 0 removed, symbols: 61246 processed, 0 removed
[146.859s][info][gc,phases      ] GC(71) Phase 1: Mark live objects 3.162ms
[146.859s][info][gc,phases,start] GC(71) Phase 2: Prepare for compaction
[146.865s][info][gc,phases      ] GC(71) Phase 2: Prepare for compaction 5.796ms
[146.865s][info][gc,phases,start] GC(71) Phase 3: Adjust pointers
[146.868s][info][gc,phases      ] GC(71) Phase 3: Adjust pointers 2.748ms
[146.868s][info][gc,phases,start] GC(71) Phase 4: Compact heap
[146.872s][info][gc,phases      ] GC(71) Phase 4: Compact heap 4.451ms
[146.875s][info][gc,heap        ] GC(71) Eden regions: 609->0(761)
[146.875s][info][gc,heap        ] GC(71) Survivor regions: 0->0(13)
[146.875s][info][gc,heap        ] GC(71) Old regions: 4->6
[146.875s][info][gc,heap        ] GC(71) Humongous regions: 0->0
[146.875s][info][gc,metaspace   ] GC(71) Metaspace: 23018K(23936K)->23018K(23936K) NonClass: 20241K(20736K)->20241K(20736K) Class: 2776K(3200K)->2776K(3200K)
[146.875s][info][gc             ] GC(71) Pause Full (System.gc()) 2437M->5M(8192M) 18.924ms
[146.875s][info][gc,cpu         ] GC(71) User=0.00s Sys=0.00s Real=0.01s
[148.851s][info][gc,task        ] GC(72) Using 6 workers of 6 for full compaction
[148.851s][info][gc,start       ] GC(72) Pause Full (System.gc())
[148.851s][info][gc,phases,start] GC(72) Phase 1: Mark live objects
[148.854s][info][gc,stringtable ] GC(72) Cleaned string and symbol table, strings: 6449 processed, 0 removed, symbols: 61246 processed, 0 removed
[148.854s][info][gc,phases      ] GC(72) Phase 1: Mark live objects 2.742ms
[148.854s][info][gc,phases,start] GC(72) Phase 2: Prepare for compaction
[148.859s][info][gc,phases      ] GC(72) Phase 2: Prepare for compaction 5.620ms
[148.859s][info][gc,phases,start] GC(72) Phase 3: Adjust pointers
[148.862s][info][gc,phases      ] GC(72) Phase 3: Adjust pointers 2.930ms
[148.862s][info][gc,phases,start] GC(72) Phase 4: Compact heap
[148.866s][info][gc,phases      ] GC(72) Phase 4: Compact heap 3.697ms
[148.868s][info][gc,heap        ] GC(72) Eden regions: 592->0(761)
[148.869s][info][gc,heap        ] GC(72) Survivor regions: 0->0(13)
[148.869s][info][gc,heap        ] GC(72) Old regions: 6->5
[148.869s][info][gc,heap        ] GC(72) Humongous regions: 0->0
[148.869s][info][gc,metaspace   ] GC(72) Metaspace: 23018K(23936K)->23018K(23936K) NonClass: 20241K(20736K)->20241K(20736K) Class: 2776K(3200K)->2776K(3200K)
[148.869s][info][gc             ] GC(72) Pause Full (System.gc()) 2369M->5M(8192M) 17.725ms
[148.869s][info][gc,cpu         ] GC(72) User=0.02s Sys=0.00s Real=0.00s
[151.051s][info][gc,task        ] GC(73) Using 6 workers of 6 for full compaction
[151.052s][info][gc,start       ] GC(73) Pause Full (System.gc())
[151.052s][info][gc,phases,start] GC(73) Phase 1: Mark live objects
[151.055s][info][gc,stringtable ] GC(73) Cleaned string and symbol table, strings: 6449 processed, 0 removed, symbols: 61246 processed, 0 removed
[151.055s][info][gc,phases      ] GC(73) Phase 1: Mark live objects 2.903ms
[151.055s][info][gc,phases,start] GC(73) Phase 2: Prepare for compaction
[151.061s][info][gc,phases      ] GC(73) Phase 2: Prepare for compaction 6.029ms
[151.061s][info][gc,phases,start] GC(73) Phase 3: Adjust pointers
[151.063s][info][gc,phases      ] GC(73) Phase 3: Adjust pointers 2.330ms
[151.063s][info][gc,phases,start] GC(73) Phase 4: Compact heap
[151.068s][info][gc,phases      ] GC(73) Phase 4: Compact heap 4.379ms
[151.070s][info][gc,heap        ] GC(73) Eden regions: 630->0(761)
[151.070s][info][gc,heap        ] GC(73) Survivor regions: 0->0(13)
[151.070s][info][gc,heap        ] GC(73) Old regions: 5->5
[151.070s][info][gc,heap        ] GC(73) Humongous regions: 0->0
[151.070s][info][gc,metaspace   ] GC(73) Metaspace: 23018K(23936K)->23018K(23936K) NonClass: 20241K(20736K)->20241K(20736K) Class: 2776K(3200K)->2776K(3200K)
[151.070s][info][gc             ] GC(73) Pause Full (System.gc()) 2521M->5M(8192M) 18.691ms
[151.071s][info][gc,cpu         ] GC(73) User=0.02s Sys=0.00s Real=0.02s
[153.065s][info][gc,task        ] GC(74) Using 6 workers of 6 for full compaction
[153.065s][info][gc,start       ] GC(74) Pause Full (System.gc())
[153.065s][info][gc,phases,start] GC(74) Phase 1: Mark live objects
[153.068s][info][gc,stringtable ] GC(74) Cleaned string and symbol table, strings: 6449 processed, 0 removed, symbols: 61246 processed, 0 removed
[153.068s][info][gc,phases      ] GC(74) Phase 1: Mark live objects 2.739ms
[153.068s][info][gc,phases,start] GC(74) Phase 2: Prepare for compaction
[153.074s][info][gc,phases      ] GC(74) Phase 2: Prepare for compaction 5.751ms
[153.074s][info][gc,phases,start] GC(74) Phase 3: Adjust pointers
[153.076s][info][gc,phases      ] GC(74) Phase 3: Adjust pointers 2.715ms
[153.076s][info][gc,phases,start] GC(74) Phase 4: Compact heap
[153.080s][info][gc,phases      ] GC(74) Phase 4: Compact heap 3.950ms
[153.083s][info][gc,heap        ] GC(74) Eden regions: 580->0(761)
[153.083s][info][gc,heap        ] GC(74) Survivor regions: 0->0(13)
[153.083s][info][gc,heap        ] GC(74) Old regions: 5->5
[153.083s][info][gc,heap        ] GC(74) Humongous regions: 0->0
[153.083s][info][gc,metaspace   ] GC(74) Metaspace: 23018K(23936K)->23018K(23936K) NonClass: 20241K(20736K)->20241K(20736K) Class: 2776K(3200K)->2776K(3200K)
[153.083s][info][gc             ] GC(74) Pause Full (System.gc()) 2323M->5M(8192M) 17.787ms
[153.083s][info][gc,cpu         ] GC(74) User=0.02s Sys=0.00s Real=0.02s
[155.218s][info][gc,task        ] GC(75) Using 6 workers of 6 for full compaction
[155.218s][info][gc,start       ] GC(75) Pause Full (System.gc())
[155.218s][info][gc,phases,start] GC(75) Phase 1: Mark live objects
[155.221s][info][gc,stringtable ] GC(75) Cleaned string and symbol table, strings: 6449 processed, 0 removed, symbols: 61246 processed, 0 removed
[155.221s][info][gc,phases      ] GC(75) Phase 1: Mark live objects 3.035ms
[155.222s][info][gc,phases,start] GC(75) Phase 2: Prepare for compaction
[155.227s][info][gc,phases      ] GC(75) Phase 2: Prepare for compaction 5.681ms
[155.227s][info][gc,phases,start] GC(75) Phase 3: Adjust pointers
[155.230s][info][gc,phases      ] GC(75) Phase 3: Adjust pointers 2.348ms
[155.230s][info][gc,phases,start] GC(75) Phase 4: Compact heap
[155.234s][info][gc,phases      ] GC(75) Phase 4: Compact heap 4.258ms
[155.237s][info][gc,heap        ] GC(75) Eden regions: 616->0(761)
[155.237s][info][gc,heap        ] GC(75) Survivor regions: 0->0(13)
[155.237s][info][gc,heap        ] GC(75) Old regions: 5->5
[155.237s][info][gc,heap        ] GC(75) Humongous regions: 0->0
[155.237s][info][gc,metaspace   ] GC(75) Metaspace: 23018K(23936K)->23018K(23936K) NonClass: 20241K(20736K)->20241K(20736K) Class: 2776K(3200K)->2776K(3200K)
[155.237s][info][gc             ] GC(75) Pause Full (System.gc()) 2465M->5M(8192M) 18.729ms
[155.237s][info][gc,cpu         ] GC(75) User=0.02s Sys=0.00s Real=0.02s
[157.270s][info][gc,task        ] GC(76) Using 6 workers of 6 for full compaction
[157.270s][info][gc,start       ] GC(76) Pause Full (System.gc())
[157.271s][info][gc,phases,start] GC(76) Phase 1: Mark live objects
[157.273s][info][gc,stringtable ] GC(76) Cleaned string and symbol table, strings: 6449 processed, 0 removed, symbols: 61246 processed, 0 removed
[157.274s][info][gc,phases      ] GC(76) Phase 1: Mark live objects 2.798ms
[157.274s][info][gc,phases,start] GC(76) Phase 2: Prepare for compaction
[157.279s][info][gc,phases      ] GC(76) Phase 2: Prepare for compaction 5.377ms
[157.279s][info][gc,phases,start] GC(76) Phase 3: Adjust pointers
[157.281s][info][gc,phases      ] GC(76) Phase 3: Adjust pointers 2.458ms
[157.281s][info][gc,phases,start] GC(76) Phase 4: Compact heap
[157.285s][info][gc,phases      ] GC(76) Phase 4: Compact heap 3.959ms
[157.288s][info][gc,heap        ] GC(76) Eden regions: 597->0(761)
[157.288s][info][gc,heap        ] GC(76) Survivor regions: 0->0(13)
[157.288s][info][gc,heap        ] GC(76) Old regions: 5->5
[157.288s][info][gc,heap        ] GC(76) Humongous regions: 0->0
[157.288s][info][gc,metaspace   ] GC(76) Metaspace: 23018K(23936K)->23018K(23936K) NonClass: 20241K(20736K)->20241K(20736K) Class: 2776K(3200K)->2776K(3200K)
[157.288s][info][gc             ] GC(76) Pause Full (System.gc()) 2391M->5M(8192M) 17.386ms
[157.288s][info][gc,cpu         ] GC(76) User=0.02s Sys=0.00s Real=0.02s
[159.457s][info][gc,task        ] GC(77) Using 6 workers of 6 for full compaction
[159.457s][info][gc,start       ] GC(77) Pause Full (System.gc())
[159.457s][info][gc,phases,start] GC(77) Phase 1: Mark live objects
[159.460s][info][gc,stringtable ] GC(77) Cleaned string and symbol table, strings: 6449 processed, 0 removed, symbols: 61246 processed, 0 removed
[159.461s][info][gc,phases      ] GC(77) Phase 1: Mark live objects 3.136ms
[159.461s][info][gc,phases,start] GC(77) Phase 2: Prepare for compaction
[159.466s][info][gc,phases      ] GC(77) Phase 2: Prepare for compaction 5.481ms
[159.466s][info][gc,phases,start] GC(77) Phase 3: Adjust pointers
[159.469s][info][gc,phases      ] GC(77) Phase 3: Adjust pointers 2.502ms
[159.469s][info][gc,phases,start] GC(77) Phase 4: Compact heap
[159.474s][info][gc,phases      ] GC(77) Phase 4: Compact heap 4.886ms
[159.476s][info][gc,heap        ] GC(77) Eden regions: 609->0(761)
[159.476s][info][gc,heap        ] GC(77) Survivor regions: 0->0(13)
[159.476s][info][gc,heap        ] GC(77) Old regions: 5->5
[159.476s][info][gc,heap        ] GC(77) Humongous regions: 0->0
[159.476s][info][gc,metaspace   ] GC(77) Metaspace: 23018K(23936K)->23018K(23936K) NonClass: 20241K(20736K)->20241K(20736K) Class: 2776K(3200K)->2776K(3200K)
[159.476s][info][gc             ] GC(77) Pause Full (System.gc()) 2437M->5M(8192M) 18.967ms
[159.476s][info][gc,cpu         ] GC(77) User=0.00s Sys=0.00s Real=0.02s
[161.464s][info][gc,task        ] GC(78) Using 6 workers of 6 for full compaction
[161.464s][info][gc,start       ] GC(78) Pause Full (System.gc())
[161.464s][info][gc,phases,start] GC(78) Phase 1: Mark live objects
[161.467s][info][gc,stringtable ] GC(78) Cleaned string and symbol table, strings: 6449 processed, 0 removed, symbols: 61246 processed, 0 removed
[161.467s][info][gc,phases      ] GC(78) Phase 1: Mark live objects 2.743ms
[161.467s][info][gc,phases,start] GC(78) Phase 2: Prepare for compaction
[161.472s][info][gc,phases      ] GC(78) Phase 2: Prepare for compaction 5.381ms
[161.472s][info][gc,phases,start] GC(78) Phase 3: Adjust pointers
[161.475s][info][gc,phases      ] GC(78) Phase 3: Adjust pointers 2.452ms
[161.475s][info][gc,phases,start] GC(78) Phase 4: Compact heap
[161.479s][info][gc,phases      ] GC(78) Phase 4: Compact heap 3.941ms
[161.481s][info][gc,heap        ] GC(78) Eden regions: 596->0(761)
[161.481s][info][gc,heap        ] GC(78) Survivor regions: 0->0(13)
[161.481s][info][gc,heap        ] GC(78) Old regions: 5->5
[161.481s][info][gc,heap        ] GC(78) Humongous regions: 0->0
[161.481s][info][gc,metaspace   ] GC(78) Metaspace: 23018K(23936K)->23018K(23936K) NonClass: 20241K(20736K)->20241K(20736K) Class: 2776K(3200K)->2776K(3200K)
[161.481s][info][gc             ] GC(78) Pause Full (System.gc()) 2387M->5M(8192M) 17.116ms
[161.481s][info][gc,cpu         ] GC(78) User=0.02s Sys=0.00s Real=0.01s
[163.669s][info][gc,task        ] GC(79) Using 6 workers of 6 for full compaction
[163.669s][info][gc,start       ] GC(79) Pause Full (System.gc())
[163.670s][info][gc,phases,start] GC(79) Phase 1: Mark live objects
[163.672s][info][gc,stringtable ] GC(79) Cleaned string and symbol table, strings: 6449 processed, 0 removed, symbols: 61246 processed, 0 removed
[163.672s][info][gc,phases      ] GC(79) Phase 1: Mark live objects 2.498ms
[163.672s][info][gc,phases,start] GC(79) Phase 2: Prepare for compaction
[163.678s][info][gc,phases      ] GC(79) Phase 2: Prepare for compaction 5.401ms
[163.678s][info][gc,phases,start] GC(79) Phase 3: Adjust pointers
[163.680s][info][gc,phases      ] GC(79) Phase 3: Adjust pointers 2.556ms
[163.680s][info][gc,phases,start] GC(79) Phase 4: Compact heap
[163.685s][info][gc,phases      ] GC(79) Phase 4: Compact heap 5.178ms
[163.688s][info][gc,heap        ] GC(79) Eden regions: 628->0(761)
[163.688s][info][gc,heap        ] GC(79) Survivor regions: 0->0(13)
[163.688s][info][gc,heap        ] GC(79) Old regions: 5->6
[163.688s][info][gc,heap        ] GC(79) Humongous regions: 0->0
[163.688s][info][gc,metaspace   ] GC(79) Metaspace: 23018K(23936K)->23018K(23936K) NonClass: 20241K(20736K)->20241K(20736K) Class: 2776K(3200K)->2776K(3200K)
[163.688s][info][gc             ] GC(79) Pause Full (System.gc()) 2513M->5M(8192M) 18.806ms
[163.688s][info][gc,cpu         ] GC(79) User=0.02s Sys=0.00s Real=0.02s
[165.705s][info][gc,task        ] GC(80) Using 6 workers of 6 for full compaction
[165.705s][info][gc,start       ] GC(80) Pause Full (System.gc())
[165.705s][info][gc,phases,start] GC(80) Phase 1: Mark live objects
[165.709s][info][gc,stringtable ] GC(80) Cleaned string and symbol table, strings: 6449 processed, 0 removed, symbols: 61246 processed, 0 removed
[165.709s][info][gc,phases      ] GC(80) Phase 1: Mark live objects 3.318ms
[165.709s][info][gc,phases,start] GC(80) Phase 2: Prepare for compaction
[165.715s][info][gc,phases      ] GC(80) Phase 2: Prepare for compaction 6.448ms
[165.715s][info][gc,phases,start] GC(80) Phase 3: Adjust pointers
[165.718s][info][gc,phases      ] GC(80) Phase 3: Adjust pointers 2.491ms
[165.718s][info][gc,phases,start] GC(80) Phase 4: Compact heap
[165.722s][info][gc,phases      ] GC(80) Phase 4: Compact heap 3.904ms
[165.724s][info][gc,heap        ] GC(80) Eden regions: 588->0(761)
[165.724s][info][gc,heap        ] GC(80) Survivor regions: 0->0(13)
[165.724s][info][gc,heap        ] GC(80) Old regions: 6->4
[165.724s][info][gc,heap        ] GC(80) Humongous regions: 0->0
[165.724s][info][gc,metaspace   ] GC(80) Metaspace: 23018K(23936K)->23018K(23936K) NonClass: 20241K(20736K)->20241K(20736K) Class: 2776K(3200K)->2776K(3200K)
[165.724s][info][gc             ] GC(80) Pause Full (System.gc()) 2353M->5M(8192M) 19.066ms
[165.724s][info][gc,cpu         ] GC(80) User=0.02s Sys=0.00s Real=0.03s
[167.855s][info][gc,task        ] GC(81) Using 6 workers of 6 for full compaction
[167.856s][info][gc,start       ] GC(81) Pause Full (System.gc())
[167.856s][info][gc,phases,start] GC(81) Phase 1: Mark live objects
[167.859s][info][gc,stringtable ] GC(81) Cleaned string and symbol table, strings: 6449 processed, 0 removed, symbols: 61246 processed, 0 removed
[167.859s][info][gc,phases      ] GC(81) Phase 1: Mark live objects 3.369ms
[167.859s][info][gc,phases,start] GC(81) Phase 2: Prepare for compaction
[167.865s][info][gc,phases      ] GC(81) Phase 2: Prepare for compaction 5.346ms
[167.865s][info][gc,phases,start] GC(81) Phase 3: Adjust pointers
[167.867s][info][gc,phases      ] GC(81) Phase 3: Adjust pointers 2.489ms
[167.867s][info][gc,phases,start] GC(81) Phase 4: Compact heap
[167.872s][info][gc,phases      ] GC(81) Phase 4: Compact heap 4.404ms
[167.874s][info][gc,heap        ] GC(81) Eden regions: 613->0(761)
[167.874s][info][gc,heap        ] GC(81) Survivor regions: 0->0(13)
[167.874s][info][gc,heap        ] GC(81) Old regions: 4->5
[167.874s][info][gc,heap        ] GC(81) Humongous regions: 0->0
[167.874s][info][gc,metaspace   ] GC(81) Metaspace: 23018K(23936K)->23018K(23936K) NonClass: 20241K(20736K)->20241K(20736K) Class: 2776K(3200K)->2776K(3200K)
[167.874s][info][gc             ] GC(81) Pause Full (System.gc()) 2453M->5M(8192M) 18.379ms
[167.874s][info][gc,cpu         ] GC(81) User=0.02s Sys=0.00s Real=0.02s
[169.911s][info][gc,task        ] GC(82) Using 6 workers of 6 for full compaction
[169.911s][info][gc,start       ] GC(82) Pause Full (System.gc())
[169.911s][info][gc,phases,start] GC(82) Phase 1: Mark live objects
[169.914s][info][gc,stringtable ] GC(82) Cleaned string and symbol table, strings: 6449 processed, 0 removed, symbols: 61246 processed, 0 removed
[169.914s][info][gc,phases      ] GC(82) Phase 1: Mark live objects 2.606ms
[169.914s][info][gc,phases,start] GC(82) Phase 2: Prepare for compaction
[169.919s][info][gc,phases      ] GC(82) Phase 2: Prepare for compaction 5.356ms
[169.919s][info][gc,phases,start] GC(82) Phase 3: Adjust pointers
[169.922s][info][gc,phases      ] GC(82) Phase 3: Adjust pointers 2.413ms
[169.922s][info][gc,phases,start] GC(82) Phase 4: Compact heap
[169.926s][info][gc,phases      ] GC(82) Phase 4: Compact heap 3.969ms
[169.928s][info][gc,heap        ] GC(82) Eden regions: 600->0(761)
[169.928s][info][gc,heap        ] GC(82) Survivor regions: 0->0(13)
[169.928s][info][gc,heap        ] GC(82) Old regions: 5->4
[169.928s][info][gc,heap        ] GC(82) Humongous regions: 0->0
[169.928s][info][gc,metaspace   ] GC(82) Metaspace: 23018K(23936K)->23018K(23936K) NonClass: 20241K(20736K)->20241K(20736K) Class: 2776K(3200K)->2776K(3200K)
[169.928s][info][gc             ] GC(82) Pause Full (System.gc()) 2401M->5M(8192M) 16.997ms
[169.928s][info][gc,cpu         ] GC(82) User=0.02s Sys=0.00s Real=0.02s
[172.098s][info][gc,task        ] GC(83) Using 6 workers of 6 for full compaction
[172.098s][info][gc,start       ] GC(83) Pause Full (System.gc())
[172.098s][info][gc,phases,start] GC(83) Phase 1: Mark live objects
[172.102s][info][gc,stringtable ] GC(83) Cleaned string and symbol table, strings: 6449 processed, 0 removed, symbols: 61246 processed, 0 removed
[172.102s][info][gc,phases      ] GC(83) Phase 1: Mark live objects 3.354ms
[172.102s][info][gc,phases,start] GC(83) Phase 2: Prepare for compaction
[172.107s][info][gc,phases      ] GC(83) Phase 2: Prepare for compaction 5.635ms
[172.107s][info][gc,phases,start] GC(83) Phase 3: Adjust pointers
[172.110s][info][gc,phases      ] GC(83) Phase 3: Adjust pointers 2.619ms
[172.110s][info][gc,phases,start] GC(83) Phase 4: Compact heap
[172.115s][info][gc,phases      ] GC(83) Phase 4: Compact heap 4.540ms
[172.117s][info][gc,heap        ] GC(83) Eden regions: 606->0(761)
[172.117s][info][gc,heap        ] GC(83) Survivor regions: 0->0(13)
[172.117s][info][gc,heap        ] GC(83) Old regions: 4->6
[172.117s][info][gc,heap        ] GC(83) Humongous regions: 0->0
[172.117s][info][gc,metaspace   ] GC(83) Metaspace: 23018K(23936K)->23018K(23936K) NonClass: 20241K(20736K)->20241K(20736K) Class: 2776K(3200K)->2776K(3200K)
[172.117s][info][gc             ] GC(83) Pause Full (System.gc()) 2425M->5M(8192M) 19.144ms
[172.117s][info][gc,cpu         ] GC(83) User=0.02s Sys=0.00s Real=0.02s
[174.113s][info][gc,task        ] GC(84) Using 6 workers of 6 for full compaction
[174.113s][info][gc,start       ] GC(84) Pause Full (System.gc())
[174.113s][info][gc,phases,start] GC(84) Phase 1: Mark live objects
[174.116s][info][gc,stringtable ] GC(84) Cleaned string and symbol table, strings: 6449 processed, 0 removed, symbols: 61246 processed, 0 removed
[174.116s][info][gc,phases      ] GC(84) Phase 1: Mark live objects 2.759ms
[174.116s][info][gc,phases,start] GC(84) Phase 2: Prepare for compaction
[174.122s][info][gc,phases      ] GC(84) Phase 2: Prepare for compaction 5.760ms
[174.122s][info][gc,phases,start] GC(84) Phase 3: Adjust pointers
[174.124s][info][gc,phases      ] GC(84) Phase 3: Adjust pointers 2.502ms
[174.124s][info][gc,phases,start] GC(84) Phase 4: Compact heap
[174.129s][info][gc,phases      ] GC(84) Phase 4: Compact heap 4.389ms
[174.131s][info][gc,heap        ] GC(84) Eden regions: 595->0(761)
[174.131s][info][gc,heap        ] GC(84) Survivor regions: 0->0(13)
[174.131s][info][gc,heap        ] GC(84) Old regions: 6->5
[174.131s][info][gc,heap        ] GC(84) Humongous regions: 0->0
[174.131s][info][gc,metaspace   ] GC(84) Metaspace: 23018K(23936K)->23018K(23936K) NonClass: 20241K(20736K)->20241K(20736K) Class: 2776K(3200K)->2776K(3200K)
[174.131s][info][gc             ] GC(84) Pause Full (System.gc()) 2381M->5M(8192M) 18.127ms
[174.131s][info][gc,cpu         ] GC(84) User=0.02s Sys=0.00s Real=0.02s
[176.315s][info][gc,task        ] GC(85) Using 6 workers of 6 for full compaction
[176.315s][info][gc,start       ] GC(85) Pause Full (System.gc())
[176.315s][info][gc,phases,start] GC(85) Phase 1: Mark live objects
[176.318s][info][gc,stringtable ] GC(85) Cleaned string and symbol table, strings: 6449 processed, 0 removed, symbols: 61246 processed, 0 removed
[176.318s][info][gc,phases      ] GC(85) Phase 1: Mark live objects 2.817ms
[176.318s][info][gc,phases,start] GC(85) Phase 2: Prepare for compaction
[176.324s][info][gc,phases      ] GC(85) Phase 2: Prepare for compaction 6.103ms
[176.324s][info][gc,phases,start] GC(85) Phase 3: Adjust pointers
[176.327s][info][gc,phases      ] GC(85) Phase 3: Adjust pointers 2.511ms
[176.327s][info][gc,phases,start] GC(85) Phase 4: Compact heap
[176.331s][info][gc,phases      ] GC(85) Phase 4: Compact heap 4.327ms
[176.333s][info][gc,heap        ] GC(85) Eden regions: 631->0(761)
[176.333s][info][gc,heap        ] GC(85) Survivor regions: 0->0(13)
[176.333s][info][gc,heap        ] GC(85) Old regions: 5->5
[176.333s][info][gc,heap        ] GC(85) Humongous regions: 0->0
[176.334s][info][gc,metaspace   ] GC(85) Metaspace: 23018K(23936K)->23018K(23936K) NonClass: 20241K(20736K)->20241K(20736K) Class: 2776K(3200K)->2776K(3200K)
[176.334s][info][gc             ] GC(85) Pause Full (System.gc()) 2525M->5M(8192M) 18.769ms
[176.334s][info][gc,cpu         ] GC(85) User=0.00s Sys=0.00s Real=0.02s
[178.335s][info][gc,task        ] GC(86) Using 6 workers of 6 for full compaction
[178.335s][info][gc,start       ] GC(86) Pause Full (System.gc())
[178.336s][info][gc,phases,start] GC(86) Phase 1: Mark live objects
[178.338s][info][gc,stringtable ] GC(86) Cleaned string and symbol table, strings: 6449 processed, 0 removed, symbols: 61246 processed, 0 removed
[178.338s][info][gc,phases      ] GC(86) Phase 1: Mark live objects 2.965ms
[178.338s][info][gc,phases,start] GC(86) Phase 2: Prepare for compaction
[178.344s][info][gc,phases      ] GC(86) Phase 2: Prepare for compaction 5.409ms
[178.344s][info][gc,phases,start] GC(86) Phase 3: Adjust pointers
[178.346s][info][gc,phases      ] GC(86) Phase 3: Adjust pointers 2.445ms
[178.346s][info][gc,phases,start] GC(86) Phase 4: Compact heap
[178.350s][info][gc,phases      ] GC(86) Phase 4: Compact heap 3.942ms
[178.353s][info][gc,heap        ] GC(86) Eden regions: 584->0(761)
[178.353s][info][gc,heap        ] GC(86) Survivor regions: 0->0(13)
[178.353s][info][gc,heap        ] GC(86) Old regions: 5->5
[178.353s][info][gc,heap        ] GC(86) Humongous regions: 0->0
[178.353s][info][gc,metaspace   ] GC(86) Metaspace: 23018K(23936K)->23018K(23936K) NonClass: 20241K(20736K)->20241K(20736K) Class: 2776K(3200K)->2776K(3200K)
[178.353s][info][gc             ] GC(86) Pause Full (System.gc()) 2337M->5M(8192M) 17.350ms
[178.353s][info][gc,cpu         ] GC(86) User=0.02s Sys=0.00s Real=0.02s
[180.470s][info][gc,task        ] GC(87) Using 6 workers of 6 for full compaction
[180.470s][info][gc,start       ] GC(87) Pause Full (System.gc())
[180.471s][info][gc,phases,start] GC(87) Phase 1: Mark live objects
[180.474s][info][gc,stringtable ] GC(87) Cleaned string and symbol table, strings: 6449 processed, 0 removed, symbols: 61246 processed, 0 removed
[180.474s][info][gc,phases      ] GC(87) Phase 1: Mark live objects 3.010ms
[180.474s][info][gc,phases,start] GC(87) Phase 2: Prepare for compaction
[180.479s][info][gc,phases      ] GC(87) Phase 2: Prepare for compaction 5.757ms
[180.479s][info][gc,phases,start] GC(87) Phase 3: Adjust pointers
[180.482s][info][gc,phases      ] GC(87) Phase 3: Adjust pointers 2.478ms
[180.482s][info][gc,phases,start] GC(87) Phase 4: Compact heap
[180.487s][info][gc,phases      ] GC(87) Phase 4: Compact heap 4.981ms
[180.489s][info][gc,heap        ] GC(87) Eden regions: 607->0(761)
[180.490s][info][gc,heap        ] GC(87) Survivor regions: 0->0(13)
[180.490s][info][gc,heap        ] GC(87) Old regions: 5->4
[180.490s][info][gc,heap        ] GC(87) Humongous regions: 0->0
[180.490s][info][gc,metaspace   ] GC(87) Metaspace: 23019K(23936K)->23019K(23936K) NonClass: 20242K(20736K)->20242K(20736K) Class: 2776K(3200K)->2776K(3200K)
[180.490s][info][gc             ] GC(87) Pause Full (System.gc()) 2431M->5M(8192M) 19.067ms
[180.490s][info][gc,cpu         ] GC(87) User=0.02s Sys=0.00s Real=0.01s
[182.530s][info][gc,task        ] GC(88) Using 6 workers of 6 for full compaction
[182.531s][info][gc,start       ] GC(88) Pause Full (System.gc())
[182.531s][info][gc,phases,start] GC(88) Phase 1: Mark live objects
[182.533s][info][gc,stringtable ] GC(88) Cleaned string and symbol table, strings: 6449 processed, 0 removed, symbols: 61246 processed, 0 removed
[182.533s][info][gc,phases      ] GC(88) Phase 1: Mark live objects 2.705ms
[182.533s][info][gc,phases,start] GC(88) Phase 2: Prepare for compaction
[182.539s][info][gc,phases      ] GC(88) Phase 2: Prepare for compaction 5.357ms
[182.539s][info][gc,phases,start] GC(88) Phase 3: Adjust pointers
[182.541s][info][gc,phases      ] GC(88) Phase 3: Adjust pointers 2.423ms
[182.541s][info][gc,phases,start] GC(88) Phase 4: Compact heap
[182.545s][info][gc,phases      ] GC(88) Phase 4: Compact heap 3.916ms
[182.548s][info][gc,heap        ] GC(88) Eden regions: 596->0(761)
[182.548s][info][gc,heap        ] GC(88) Survivor regions: 0->0(13)
[182.548s][info][gc,heap        ] GC(88) Old regions: 4->4
[182.548s][info][gc,heap        ] GC(88) Humongous regions: 0->0
[182.548s][info][gc,metaspace   ] GC(88) Metaspace: 23019K(23936K)->23019K(23936K) NonClass: 20242K(20736K)->20242K(20736K) Class: 2776K(3200K)->2776K(3200K)
[182.548s][info][gc             ] GC(88) Pause Full (System.gc()) 2385M->5M(8192M) 17.198ms
[182.548s][info][gc,cpu         ] GC(88) User=0.02s Sys=0.00s Real=0.01s
[184.721s][info][gc,task        ] GC(89) Using 6 workers of 6 for full compaction
[184.721s][info][gc,start       ] GC(89) Pause Full (System.gc())
[184.721s][info][gc,phases,start] GC(89) Phase 1: Mark live objects
[184.724s][info][gc,stringtable ] GC(89) Cleaned string and symbol table, strings: 6449 processed, 0 removed, symbols: 61246 processed, 0 removed
[184.724s][info][gc,phases      ] GC(89) Phase 1: Mark live objects 2.797ms
[184.724s][info][gc,phases,start] GC(89) Phase 2: Prepare for compaction
[184.729s][info][gc,phases      ] GC(89) Phase 2: Prepare for compaction 5.502ms
[184.729s][info][gc,phases,start] GC(89) Phase 3: Adjust pointers
[184.732s][info][gc,phases      ] GC(89) Phase 3: Adjust pointers 2.633ms
[184.732s][info][gc,phases,start] GC(89) Phase 4: Compact heap
[184.737s][info][gc,phases      ] GC(89) Phase 4: Compact heap 4.399ms
[184.739s][info][gc,heap        ] GC(89) Eden regions: 605->0(761)
[184.739s][info][gc,heap        ] GC(89) Survivor regions: 0->0(13)
[184.739s][info][gc,heap        ] GC(89) Old regions: 4->4
[184.739s][info][gc,heap        ] GC(89) Humongous regions: 0->0
[184.739s][info][gc,metaspace   ] GC(89) Metaspace: 23019K(23936K)->23019K(23936K) NonClass: 20242K(20736K)->20242K(20736K) Class: 2776K(3200K)->2776K(3200K)
[184.739s][info][gc             ] GC(89) Pause Full (System.gc()) 2423M->5M(8192M) 17.912ms
[184.739s][info][gc,cpu         ] GC(89) User=0.02s Sys=0.00s Real=0.02s
[186.744s][info][gc,task        ] GC(90) Using 6 workers of 6 for full compaction
[186.744s][info][gc,start       ] GC(90) Pause Full (System.gc())
[186.744s][info][gc,phases,start] GC(90) Phase 1: Mark live objects
[186.747s][info][gc,stringtable ] GC(90) Cleaned string and symbol table, strings: 6449 processed, 0 removed, symbols: 61246 processed, 0 removed
[186.747s][info][gc,phases      ] GC(90) Phase 1: Mark live objects 2.816ms
[186.747s][info][gc,phases,start] GC(90) Phase 2: Prepare for compaction
[186.752s][info][gc,phases      ] GC(90) Phase 2: Prepare for compaction 5.372ms
[186.752s][info][gc,phases,start] GC(90) Phase 3: Adjust pointers
[186.755s][info][gc,phases      ] GC(90) Phase 3: Adjust pointers 2.427ms
[186.755s][info][gc,phases,start] GC(90) Phase 4: Compact heap
[186.759s][info][gc,phases      ] GC(90) Phase 4: Compact heap 3.944ms
[186.761s][info][gc,heap        ] GC(90) Eden regions: 596->0(761)
[186.761s][info][gc,heap        ] GC(90) Survivor regions: 0->0(13)
[186.761s][info][gc,heap        ] GC(90) Old regions: 4->5
[186.761s][info][gc,heap        ] GC(90) Humongous regions: 0->0
[186.761s][info][gc,metaspace   ] GC(90) Metaspace: 23020K(23936K)->23020K(23936K) NonClass: 20243K(20736K)->20243K(20736K) Class: 2776K(3200K)->2776K(3200K)
[186.761s][info][gc             ] GC(90) Pause Full (System.gc()) 2387M->5M(8192M) 17.390ms
[186.761s][info][gc,cpu         ] GC(90) User=0.02s Sys=0.00s Real=0.03s
[188.943s][info][gc,task        ] GC(91) Using 6 workers of 6 for full compaction
[188.944s][info][gc,start       ] GC(91) Pause Full (System.gc())
[188.944s][info][gc,phases,start] GC(91) Phase 1: Mark live objects
[188.947s][info][gc,stringtable ] GC(91) Cleaned string and symbol table, strings: 6449 processed, 0 removed, symbols: 61246 processed, 0 removed
[188.947s][info][gc,phases      ] GC(91) Phase 1: Mark live objects 2.712ms
[188.947s][info][gc,phases,start] GC(91) Phase 2: Prepare for compaction
[188.952s][info][gc,phases      ] GC(91) Phase 2: Prepare for compaction 5.353ms
[188.952s][info][gc,phases,start] GC(91) Phase 3: Adjust pointers
[188.955s][info][gc,phases      ] GC(91) Phase 3: Adjust pointers 2.495ms
[188.955s][info][gc,phases,start] GC(91) Phase 4: Compact heap
[188.959s][info][gc,phases      ] GC(91) Phase 4: Compact heap 4.535ms
[188.962s][info][gc,heap        ] GC(91) Eden regions: 627->0(761)
[188.962s][info][gc,heap        ] GC(91) Survivor regions: 0->0(13)
[188.962s][info][gc,heap        ] GC(91) Old regions: 5->5
[188.962s][info][gc,heap        ] GC(91) Humongous regions: 0->0
[188.962s][info][gc,metaspace   ] GC(91) Metaspace: 23020K(23936K)->23020K(23936K) NonClass: 20243K(20736K)->20243K(20736K) Class: 2776K(3200K)->2776K(3200K)
[188.962s][info][gc             ] GC(91) Pause Full (System.gc()) 2509M->5M(8192M) 18.563ms
[188.962s][info][gc,cpu         ] GC(91) User=0.00s Sys=0.00s Real=0.02s
[190.988s][info][gc,task        ] GC(92) Using 6 workers of 6 for full compaction
[190.988s][info][gc,start       ] GC(92) Pause Full (System.gc())
[190.988s][info][gc,phases,start] GC(92) Phase 1: Mark live objects
[190.991s][info][gc,stringtable ] GC(92) Cleaned string and symbol table, strings: 6449 processed, 0 removed, symbols: 61246 processed, 0 removed
[190.991s][info][gc,phases      ] GC(92) Phase 1: Mark live objects 3.098ms
[190.991s][info][gc,phases,start] GC(92) Phase 2: Prepare for compaction
[190.996s][info][gc,phases      ] GC(92) Phase 2: Prepare for compaction 5.316ms
[190.996s][info][gc,phases,start] GC(92) Phase 3: Adjust pointers
[190.999s][info][gc,phases      ] GC(92) Phase 3: Adjust pointers 2.702ms
[190.999s][info][gc,phases,start] GC(92) Phase 4: Compact heap
[191.003s][info][gc,phases      ] GC(92) Phase 4: Compact heap 3.883ms
[191.005s][info][gc,heap        ] GC(92) Eden regions: 586->0(761)
[191.005s][info][gc,heap        ] GC(92) Survivor regions: 0->0(13)
[191.005s][info][gc,heap        ] GC(92) Old regions: 5->6
[191.005s][info][gc,heap        ] GC(92) Humongous regions: 0->0
[191.005s][info][gc,metaspace   ] GC(92) Metaspace: 23020K(23936K)->23020K(23936K) NonClass: 20243K(20736K)->20243K(20736K) Class: 2776K(3200K)->2776K(3200K)
[191.005s][info][gc             ] GC(92) Pause Full (System.gc()) 2347M->5M(8192M) 17.667ms
[191.006s][info][gc,cpu         ] GC(92) User=0.00s Sys=0.00s Real=0.01s
[193.139s][info][gc,task        ] GC(93) Using 6 workers of 6 for full compaction
[193.140s][info][gc,start       ] GC(93) Pause Full (System.gc())
[193.140s][info][gc,phases,start] GC(93) Phase 1: Mark live objects
[193.142s][info][gc,stringtable ] GC(93) Cleaned string and symbol table, strings: 6449 processed, 0 removed, symbols: 61246 processed, 0 removed
[193.142s][info][gc,phases      ] GC(93) Phase 1: Mark live objects 2.645ms
[193.142s][info][gc,phases,start] GC(93) Phase 2: Prepare for compaction
[193.148s][info][gc,phases      ] GC(93) Phase 2: Prepare for compaction 5.327ms
[193.148s][info][gc,phases,start] GC(93) Phase 3: Adjust pointers
[193.150s][info][gc,phases      ] GC(93) Phase 3: Adjust pointers 2.530ms
[193.150s][info][gc,phases,start] GC(93) Phase 4: Compact heap
[193.155s][info][gc,phases      ] GC(93) Phase 4: Compact heap 4.341ms
[193.158s][info][gc,heap        ] GC(93) Eden regions: 608->0(761)
[193.158s][info][gc,heap        ] GC(93) Survivor regions: 0->0(13)
[193.158s][info][gc,heap        ] GC(93) Old regions: 6->5
[193.158s][info][gc,heap        ] GC(93) Humongous regions: 0->0
[193.158s][info][gc,metaspace   ] GC(93) Metaspace: 23020K(23936K)->23020K(23936K) NonClass: 20243K(20736K)->20243K(20736K) Class: 2776K(3200K)->2776K(3200K)
[193.158s][info][gc             ] GC(93) Pause Full (System.gc()) 2435M->5M(8192M) 18.106ms
[193.158s][info][gc,cpu         ] GC(93) User=0.02s Sys=0.00s Real=0.02s
[195.176s][info][gc,task        ] GC(94) Using 6 workers of 6 for full compaction
[195.176s][info][gc,start       ] GC(94) Pause Full (System.gc())
[195.176s][info][gc,phases,start] GC(94) Phase 1: Mark live objects
[195.179s][info][gc,stringtable ] GC(94) Cleaned string and symbol table, strings: 6449 processed, 0 removed, symbols: 61246 processed, 0 removed
[195.179s][info][gc,phases      ] GC(94) Phase 1: Mark live objects 2.999ms
[195.179s][info][gc,phases,start] GC(94) Phase 2: Prepare for compaction
[195.184s][info][gc,phases      ] GC(94) Phase 2: Prepare for compaction 5.323ms
[195.184s][info][gc,phases,start] GC(94) Phase 3: Adjust pointers
[195.187s][info][gc,phases      ] GC(94) Phase 3: Adjust pointers 2.573ms
[195.187s][info][gc,phases,start] GC(94) Phase 4: Compact heap
[195.191s][info][gc,phases      ] GC(94) Phase 4: Compact heap 3.878ms
[195.193s][info][gc,heap        ] GC(94) Eden regions: 584->0(761)
[195.193s][info][gc,heap        ] GC(94) Survivor regions: 0->0(13)
[195.193s][info][gc,heap        ] GC(94) Old regions: 5->5
[195.193s][info][gc,heap        ] GC(94) Humongous regions: 0->0
[195.193s][info][gc,metaspace   ] GC(94) Metaspace: 23020K(23936K)->23020K(23936K) NonClass: 20243K(20736K)->20243K(20736K) Class: 2776K(3200K)->2776K(3200K)
[195.193s][info][gc             ] GC(94) Pause Full (System.gc()) 2337M->5M(8192M) 17.569ms
[195.194s][info][gc,cpu         ] GC(94) User=0.03s Sys=0.00s Real=0.02s
[197.329s][info][gc,task        ] GC(95) Using 6 workers of 6 for full compaction
[197.329s][info][gc,start       ] GC(95) Pause Full (System.gc())
[197.329s][info][gc,phases,start] GC(95) Phase 1: Mark live objects
[197.332s][info][gc,stringtable ] GC(95) Cleaned string and symbol table, strings: 6449 processed, 0 removed, symbols: 61246 processed, 0 removed
[197.332s][info][gc,phases      ] GC(95) Phase 1: Mark live objects 3.176ms
[197.332s][info][gc,phases,start] GC(95) Phase 2: Prepare for compaction
[197.338s][info][gc,phases      ] GC(95) Phase 2: Prepare for compaction 5.617ms
[197.338s][info][gc,phases,start] GC(95) Phase 3: Adjust pointers
[197.340s][info][gc,phases      ] GC(95) Phase 3: Adjust pointers 2.519ms
[197.340s][info][gc,phases,start] GC(95) Phase 4: Compact heap
[197.345s][info][gc,phases      ] GC(95) Phase 4: Compact heap 4.556ms
[197.348s][info][gc,heap        ] GC(95) Eden regions: 594->0(761)
[197.348s][info][gc,heap        ] GC(95) Survivor regions: 0->0(13)
[197.348s][info][gc,heap        ] GC(95) Old regions: 5->5
[197.348s][info][gc,heap        ] GC(95) Humongous regions: 0->0
[197.348s][info][gc,metaspace   ] GC(95) Metaspace: 23020K(23936K)->23020K(23936K) NonClass: 20243K(20736K)->20243K(20736K) Class: 2776K(3200K)->2776K(3200K)
[197.348s][info][gc             ] GC(95) Pause Full (System.gc()) 2377M->5M(8192M) 19.029ms
[197.348s][info][gc,cpu         ] GC(95) User=0.02s Sys=0.00s Real=0.02s
[199.339s][info][gc,task        ] GC(96) Using 6 workers of 6 for full compaction
[199.339s][info][gc,start       ] GC(96) Pause Full (System.gc())
[199.339s][info][gc,phases,start] GC(96) Phase 1: Mark live objects
[199.342s][info][gc,stringtable ] GC(96) Cleaned string and symbol table, strings: 6449 processed, 0 removed, symbols: 61246 processed, 0 removed
[199.342s][info][gc,phases      ] GC(96) Phase 1: Mark live objects 2.922ms
[199.342s][info][gc,phases,start] GC(96) Phase 2: Prepare for compaction
[199.347s][info][gc,phases      ] GC(96) Phase 2: Prepare for compaction 5.284ms
[199.347s][info][gc,phases,start] GC(96) Phase 3: Adjust pointers
[199.350s][info][gc,phases      ] GC(96) Phase 3: Adjust pointers 2.496ms
[199.350s][info][gc,phases,start] GC(96) Phase 4: Compact heap
[199.354s][info][gc,phases      ] GC(96) Phase 4: Compact heap 3.933ms
[199.356s][info][gc,heap        ] GC(96) Eden regions: 590->0(761)
[199.356s][info][gc,heap        ] GC(96) Survivor regions: 0->0(13)
[199.356s][info][gc,heap        ] GC(96) Old regions: 5->5
[199.356s][info][gc,heap        ] GC(96) Humongous regions: 0->0
[199.356s][info][gc,metaspace   ] GC(96) Metaspace: 23020K(23936K)->23020K(23936K) NonClass: 20243K(20736K)->20243K(20736K) Class: 2776K(3200K)->2776K(3200K)
[199.356s][info][gc             ] GC(96) Pause Full (System.gc()) 2361M->5M(8192M) 17.338ms
[199.356s][info][gc,cpu         ] GC(96) User=0.02s Sys=0.00s Real=0.02s
[201.540s][info][gc,task        ] GC(97) Using 6 workers of 6 for full compaction
[201.541s][info][gc,start       ] GC(97) Pause Full (System.gc())
[201.541s][info][gc,phases,start] GC(97) Phase 1: Mark live objects
[201.544s][info][gc,stringtable ] GC(97) Cleaned string and symbol table, strings: 6449 processed, 0 removed, symbols: 61246 processed, 0 removed
[201.544s][info][gc,phases      ] GC(97) Phase 1: Mark live objects 3.051ms
[201.544s][info][gc,phases,start] GC(97) Phase 2: Prepare for compaction
[201.549s][info][gc,phases      ] GC(97) Phase 2: Prepare for compaction 5.548ms
[201.549s][info][gc,phases,start] GC(97) Phase 3: Adjust pointers
[201.552s][info][gc,phases      ] GC(97) Phase 3: Adjust pointers 3.052ms
[201.553s][info][gc,phases,start] GC(97) Phase 4: Compact heap
[201.557s][info][gc,phases      ] GC(97) Phase 4: Compact heap 4.388ms
[201.559s][info][gc,heap        ] GC(97) Eden regions: 622->0(761)
[201.559s][info][gc,heap        ] GC(97) Survivor regions: 0->0(13)
[201.559s][info][gc,heap        ] GC(97) Old regions: 5->4
[201.559s][info][gc,heap        ] GC(97) Humongous regions: 0->0
[201.559s][info][gc,metaspace   ] GC(97) Metaspace: 23020K(23936K)->23020K(23936K) NonClass: 20243K(20736K)->20243K(20736K) Class: 2776K(3200K)->2776K(3200K)
[201.559s][info][gc             ] GC(97) Pause Full (System.gc()) 2489M->5M(8192M) 18.851ms
[201.559s][info][gc,cpu         ] GC(97) User=0.02s Sys=0.00s Real=0.01s
[203.620s][info][gc,task        ] GC(98) Using 6 workers of 6 for full compaction
[203.621s][info][gc,start       ] GC(98) Pause Full (System.gc())
[203.621s][info][gc,phases,start] GC(98) Phase 1: Mark live objects
[203.624s][info][gc,stringtable ] GC(98) Cleaned string and symbol table, strings: 6449 processed, 0 removed, symbols: 61246 processed, 0 removed
[203.624s][info][gc,phases      ] GC(98) Phase 1: Mark live objects 3.274ms
[203.624s][info][gc,phases,start] GC(98) Phase 2: Prepare for compaction
[203.630s][info][gc,phases      ] GC(98) Phase 2: Prepare for compaction 5.749ms
[203.630s][info][gc,phases,start] GC(98) Phase 3: Adjust pointers
[203.632s][info][gc,phases      ] GC(98) Phase 3: Adjust pointers 2.407ms
[203.632s][info][gc,phases,start] GC(98) Phase 4: Compact heap
[203.637s][info][gc,phases      ] GC(98) Phase 4: Compact heap 4.515ms
[203.640s][info][gc,heap        ] GC(98) Eden regions: 595->0(761)
[203.640s][info][gc,heap        ] GC(98) Survivor regions: 0->0(13)
[203.640s][info][gc,heap        ] GC(98) Old regions: 4->6
[203.640s][info][gc,heap        ] GC(98) Humongous regions: 0->0
[203.640s][info][gc,metaspace   ] GC(98) Metaspace: 23020K(23936K)->23020K(23936K) NonClass: 20243K(20736K)->20243K(20736K) Class: 2776K(3200K)->2776K(3200K)
[203.640s][info][gc             ] GC(98) Pause Full (System.gc()) 2383M->5M(8192M) 19.273ms
[203.640s][info][gc,cpu         ] GC(98) User=0.02s Sys=0.00s Real=0.02s
[205.765s][info][gc,task        ] GC(99) Using 6 workers of 6 for full compaction
[205.765s][info][gc,start       ] GC(99) Pause Full (System.gc())
[205.765s][info][gc,phases,start] GC(99) Phase 1: Mark live objects
[205.768s][info][gc,stringtable ] GC(99) Cleaned string and symbol table, strings: 6449 processed, 0 removed, symbols: 61246 processed, 0 removed
[205.768s][info][gc,phases      ] GC(99) Phase 1: Mark live objects 2.995ms
[205.768s][info][gc,phases,start] GC(99) Phase 2: Prepare for compaction
[205.774s][info][gc,phases      ] GC(99) Phase 2: Prepare for compaction 5.632ms
[205.774s][info][gc,phases,start] GC(99) Phase 3: Adjust pointers
[205.776s][info][gc,phases      ] GC(99) Phase 3: Adjust pointers 2.478ms
[205.776s][info][gc,phases,start] GC(99) Phase 4: Compact heap
[205.781s][info][gc,phases      ] GC(99) Phase 4: Compact heap 4.455ms
[205.784s][info][gc,heap        ] GC(99) Eden regions: 612->0(761)
[205.784s][info][gc,heap        ] GC(99) Survivor regions: 0->0(13)
[205.784s][info][gc,heap        ] GC(99) Old regions: 6->6
[205.784s][info][gc,heap        ] GC(99) Humongous regions: 0->0
[205.784s][info][gc,metaspace   ] GC(99) Metaspace: 23020K(23936K)->23020K(23936K) NonClass: 20243K(20736K)->20243K(20736K) Class: 2776K(3200K)->2776K(3200K)
[205.784s][info][gc             ] GC(99) Pause Full (System.gc()) 2451M->5M(8192M) 18.786ms
[205.784s][info][gc,cpu         ] GC(99) User=0.00s Sys=0.00s Real=0.02s
[207.812s][info][gc,task        ] GC(100) Using 6 workers of 6 for full compaction
[207.812s][info][gc,start       ] GC(100) Pause Full (System.gc())
[207.812s][info][gc,phases,start] GC(100) Phase 1: Mark live objects
[207.815s][info][gc,stringtable ] GC(100) Cleaned string and symbol table, strings: 6449 processed, 0 removed, symbols: 61246 processed, 0 removed
[207.815s][info][gc,phases      ] GC(100) Phase 1: Mark live objects 2.960ms
[207.815s][info][gc,phases,start] GC(100) Phase 2: Prepare for compaction
[207.820s][info][gc,phases      ] GC(100) Phase 2: Prepare for compaction 5.388ms
[207.820s][info][gc,phases,start] GC(100) Phase 3: Adjust pointers
[207.823s][info][gc,phases      ] GC(100) Phase 3: Adjust pointers 2.720ms
[207.823s][info][gc,phases,start] GC(100) Phase 4: Compact heap
[207.827s][info][gc,phases      ] GC(100) Phase 4: Compact heap 4.069ms
[207.829s][info][gc,heap        ] GC(100) Eden regions: 600->0(761)
[207.829s][info][gc,heap        ] GC(100) Survivor regions: 0->0(13)
[207.829s][info][gc,heap        ] GC(100) Old regions: 6->6
[207.829s][info][gc,heap        ] GC(100) Humongous regions: 0->0
[207.829s][info][gc,metaspace   ] GC(100) Metaspace: 23021K(23936K)->23021K(23936K) NonClass: 20244K(20736K)->20244K(20736K) Class: 2776K(3200K)->2776K(3200K)
[207.829s][info][gc             ] GC(100) Pause Full (System.gc()) 2403M->5M(8192M) 17.782ms
[207.830s][info][gc,cpu         ] GC(100) User=0.02s Sys=0.00s Real=0.02s
[210.005s][info][gc,heap,exit   ] Heap
[210.006s][info][gc,heap,exit   ]  garbage-first heap   total 8388608K, used 2495822K [0x0000000600000000, 0x0000000800000000)
[210.006s][info][gc,heap,exit   ]   region size 4096K, 609 young (2494464K), 0 survivors (0K)
[210.006s][info][gc,heap,exit   ]  Metaspace       used 23094K, capacity 23640K, committed 23936K, reserved 1071104K
[210.006s][info][gc,heap,exit   ]   class space    used 2787K, capacity 3024K, committed 3200K, reserved 1048576K
