[0.007s][info][gc] Using Serial
[0.023s][info][gc,init] Version: 17.0.12+7-adhoc..jdk17u (release)
[0.023s][info][gc,init] CPUs: 6 total, 6 available
[0.023s][info][gc,init] Memory: 15591M
[0.023s][info][gc,init] Large Page Support: Disabled
[0.023s][info][gc,init] NUMA Support: Disabled
[0.024s][info][gc,init] Compressed Oops: Enabled (Zero based)
[0.024s][info][gc,init] Heap Min Capacity: 8G
[0.024s][info][gc,init] Heap Initial Capacity: 8G
[0.024s][info][gc,init] Heap Max Capacity: 8G
[0.024s][info][gc,init] Pre-touch: Disabled
[0.030s][info][gc,metaspace] CDS archive(s) mapped at: [0x000001c5ab000000-0x000001c5abbc0000-0x000001c5abbc0000), size 12320768, SharedBaseAddress: 0x000001c5ab000000, ArchiveRelocationMode: 1.
[0.033s][info][gc,metaspace] Compressed class space mapped at: 0x000001c5ac000000-0x000001c5ec000000, reserved size: 1073741824
[0.033s][info][gc,metaspace] Narrow klass base: 0x000001c5ab000000, Narrow klass shift: 0, Narrow klass range: 0x100000000
[2.103s][info][gc,start    ] GC(0) Pause Full (System.gc())
[2.103s][info][gc,phases,start] GC(0) Phase 1: Mark live objects
[2.130s][info][gc,phases      ] GC(0) Phase 1: Mark live objects 26.543ms
[2.130s][info][gc,phases,start] GC(0) Phase 2: Compute new object addresses
[2.174s][info][gc,phases      ] GC(0) Phase 2: Compute new object addresses 44.374ms
[2.174s][info][gc,phases,start] GC(0) Phase 3: Adjust pointers
[2.193s][info][gc,phases      ] GC(0) Phase 3: Adjust pointers 19.075ms
[2.193s][info][gc,phases,start] GC(0) Phase 4: Move objects
[2.209s][info][gc,phases      ] GC(0) Phase 4: Move objects 15.380ms
[2.210s][info][gc,heap        ] GC(0) DefNew: 895086K(2516544K)->0K(2516544K) Eden: 895086K(2236928K)->0K(2236928K) From: 0K(279616K)->0K(279616K)
[2.210s][info][gc,heap        ] GC(0) Tenured: 0K(5592448K)->21939K(5592448K)
[2.210s][info][gc,metaspace   ] GC(0) Metaspace: 17981K(18304K)->17929K(18304K) NonClass: 14099K(14272K)->14050K(14272K) Class: 3881K(4032K)->3879K(4032K)
[2.210s][info][gc             ] GC(0) Pause Full (System.gc()) 874M->21M(7918M) 106.587ms
[2.210s][info][gc,cpu         ] GC(0) User=0.08s Sys=0.05s Real=0.11s
[3.582s][info][gc,start       ] GC(1) Pause Full (Metadata GC Threshold)
[3.583s][info][gc,phases,start] GC(1) Phase 1: Mark live objects
[3.610s][info][gc,phases      ] GC(1) Phase 1: Mark live objects 27.450ms
[3.610s][info][gc,phases,start] GC(1) Phase 2: Compute new object addresses
[3.651s][info][gc,phases      ] GC(1) Phase 2: Compute new object addresses 40.640ms
[3.651s][info][gc,phases,start] GC(1) Phase 3: Adjust pointers
[3.665s][info][gc,phases      ] GC(1) Phase 3: Adjust pointers 13.984ms
[3.665s][info][gc,phases,start] GC(1) Phase 4: Move objects
[3.667s][info][gc,phases      ] GC(1) Phase 4: Move objects 2.089ms
[3.667s][info][gc,heap        ] GC(1) DefNew: 402668K(2516544K)->0K(2516544K) Eden: 402668K(2236928K)->0K(2236928K) From: 0K(279616K)->0K(279616K)
[3.667s][info][gc,heap        ] GC(1) Tenured: 21939K(5592448K)->25932K(5592448K)
[3.667s][info][gc,metaspace   ] GC(1) Metaspace: 29945K(30528K)->29928K(30528K) NonClass: 23919K(24320K)->23904K(24320K) Class: 6025K(6208K)->6024K(6208K)
[3.667s][info][gc             ] GC(1) Pause Full (Metadata GC Threshold) 414M->25M(7918M) 84.895ms
[3.667s][info][gc,cpu         ] GC(1) User=0.08s Sys=0.00s Real=0.10s
[8.565s][info][gc,start       ] GC(2) Pause Young (Allocation Failure)
[8.616s][info][gc,heap        ] GC(2) DefNew: 2236928K(2516544K)->19345K(2516544K) Eden: 2236928K(2236928K)->0K(2236928K) From: 0K(279616K)->19345K(279616K)
[8.616s][info][gc,heap        ] GC(2) Tenured: 25932K(5592448K)->25932K(5592448K)
[8.616s][info][gc,metaspace   ] GC(2) Metaspace: 34242K(34880K)->34242K(34880K) NonClass: 27716K(28160K)->27716K(28160K) Class: 6526K(6720K)->6526K(6720K)
[8.616s][info][gc             ] GC(2) Pause Young (Allocation Failure) 2209M->44M(7918M) 50.853ms
[8.616s][info][gc,cpu         ] GC(2) User=0.05s Sys=0.00s Real=0.06s
[11.471s][info][gc,start       ] GC(3) Pause Full (System.gc())
[11.471s][info][gc,phases,start] GC(3) Phase 1: Mark live objects
[11.531s][info][gc,phases      ] GC(3) Phase 1: Mark live objects 59.604ms
[11.531s][info][gc,phases,start] GC(3) Phase 2: Compute new object addresses
[11.765s][info][gc,phases      ] GC(3) Phase 2: Compute new object addresses 234.398ms
[11.766s][info][gc,phases,start] GC(3) Phase 3: Adjust pointers
[11.799s][info][gc,phases      ] GC(3) Phase 3: Adjust pointers 33.081ms
[11.799s][info][gc,phases,start] GC(3) Phase 4: Move objects
[11.816s][info][gc,phases      ] GC(3) Phase 4: Move objects 17.009ms
[11.816s][info][gc,heap        ] GC(3) DefNew: 1719764K(2516544K)->0K(2516544K) Eden: 1700418K(2236928K)->0K(2236928K) From: 19345K(279616K)->0K(279616K)
[11.816s][info][gc,heap        ] GC(3) Tenured: 25932K(5592448K)->45282K(5592448K)
[11.816s][info][gc,metaspace   ] GC(3) Metaspace: 34357K(35008K)->34344K(35008K) NonClass: 27825K(28288K)->27813K(28288K) Class: 6532K(6720K)->6530K(6720K)
[11.816s][info][gc             ] GC(3) Pause Full (System.gc()) 1704M->44M(7918M) 344.811ms
[11.816s][info][gc,cpu         ] GC(3) User=0.33s Sys=0.00s Real=0.35s
[15.863s][info][gc,start       ] GC(4) Pause Young (Allocation Failure)
[15.920s][info][gc,heap        ] GC(4) DefNew: 2236928K(2516544K)->17306K(2516544K) Eden: 2236928K(2236928K)->0K(2236928K) From: 0K(279616K)->17306K(279616K)
[15.920s][info][gc,heap        ] GC(4) Tenured: 45282K(5592448K)->45282K(5592448K)
[15.920s][info][gc,metaspace   ] GC(4) Metaspace: 34420K(35072K)->34420K(35072K) NonClass: 27889K(28352K)->27889K(28352K) Class: 6531K(6720K)->6531K(6720K)
[15.920s][info][gc             ] GC(4) Pause Young (Allocation Failure) 2228M->61M(7918M) 56.490ms
[15.920s][info][gc,cpu         ] GC(4) User=0.03s Sys=0.02s Real=0.05s
[18.479s][info][gc,start       ] GC(5) Pause Full (System.gc())
[18.479s][info][gc,phases,start] GC(5) Phase 1: Mark live objects
[18.535s][info][gc,phases      ] GC(5) Phase 1: Mark live objects 56.414ms
[18.535s][info][gc,phases,start] GC(5) Phase 2: Compute new object addresses
[18.730s][info][gc,phases      ] GC(5) Phase 2: Compute new object addresses 194.452ms
[18.730s][info][gc,phases,start] GC(5) Phase 3: Adjust pointers
[18.764s][info][gc,phases      ] GC(5) Phase 3: Adjust pointers 34.447ms
[18.764s][info][gc,phases,start] GC(5) Phase 4: Move objects
[18.786s][info][gc,phases      ] GC(5) Phase 4: Move objects 21.213ms
[18.786s][info][gc,heap        ] GC(5) DefNew: 1512885K(2516544K)->0K(2516544K) Eden: 1495579K(2236928K)->0K(2236928K) From: 17306K(279616K)->0K(279616K)
[18.786s][info][gc,heap        ] GC(5) Tenured: 45282K(5592448K)->44931K(5592448K)
[18.786s][info][gc,metaspace   ] GC(5) Metaspace: 34424K(35072K)->34424K(35072K) NonClass: 27892K(28352K)->27892K(28352K) Class: 6531K(6720K)->6531K(6720K)
[18.786s][info][gc             ] GC(5) Pause Full (System.gc()) 1521M->43M(7918M) 306.950ms
[18.786s][info][gc,cpu         ] GC(5) User=0.31s Sys=0.00s Real=0.31s
[22.588s][info][gc,start       ] GC(6) Pause Young (Allocation Failure)
[22.643s][info][gc,heap        ] GC(6) DefNew: 2236928K(2516544K)->17304K(2516544K) Eden: 2236928K(2236928K)->0K(2236928K) From: 0K(279616K)->17304K(279616K)
[22.643s][info][gc,heap        ] GC(6) Tenured: 44931K(5592448K)->44931K(5592448K)
[22.643s][info][gc,metaspace   ] GC(6) Metaspace: 34504K(35136K)->34504K(35136K) NonClass: 27972K(28416K)->27972K(28416K) Class: 6532K(6720K)->6532K(6720K)
[22.643s][info][gc             ] GC(6) Pause Young (Allocation Failure) 2228M->60M(7918M) 54.267ms
[22.643s][info][gc,cpu         ] GC(6) User=0.06s Sys=0.00s Real=0.06s
[25.210s][info][gc,start       ] GC(7) Pause Full (System.gc())
[25.210s][info][gc,phases,start] GC(7) Phase 1: Mark live objects
[25.269s][info][gc,phases      ] GC(7) Phase 1: Mark live objects 58.559ms
[25.269s][info][gc,phases,start] GC(7) Phase 2: Compute new object addresses
[25.462s][info][gc,phases      ] GC(7) Phase 2: Compute new object addresses 193.101ms
[25.462s][info][gc,phases,start] GC(7) Phase 3: Adjust pointers
[25.495s][info][gc,phases      ] GC(7) Phase 3: Adjust pointers 32.646ms
[25.495s][info][gc,phases,start] GC(7) Phase 4: Move objects
[25.512s][info][gc,phases      ] GC(7) Phase 4: Move objects 16.634ms
[25.512s][info][gc,heap        ] GC(7) DefNew: 1521561K(2516544K)->0K(2516544K) Eden: 1504256K(2236928K)->0K(2236928K) From: 17304K(279616K)->0K(279616K)
[25.512s][info][gc,heap        ] GC(7) Tenured: 44931K(5592448K)->62217K(5592448K)
[25.512s][info][gc,metaspace   ] GC(7) Metaspace: 34509K(35136K)->34466K(35136K) NonClass: 27977K(28416K)->27935K(28416K) Class: 6532K(6720K)->6531K(6720K)
[25.512s][info][gc             ] GC(7) Pause Full (System.gc()) 1529M->60M(7918M) 301.499ms
[25.512s][info][gc,cpu         ] GC(7) User=0.30s Sys=0.02s Real=0.30s
[29.138s][info][gc,start       ] GC(8) Pause Young (Allocation Failure)
[29.193s][info][gc,heap        ] GC(8) DefNew: 2236928K(2516544K)->17305K(2516544K) Eden: 2236928K(2236928K)->0K(2236928K) From: 0K(279616K)->17305K(279616K)
[29.193s][info][gc,heap        ] GC(8) Tenured: 62217K(5592448K)->62217K(5592448K)
[29.193s][info][gc,metaspace   ] GC(8) Metaspace: 34714K(35328K)->34714K(35328K) NonClass: 28182K(28608K)->28182K(28608K) Class: 6532K(6720K)->6532K(6720K)
[29.193s][info][gc             ] GC(8) Pause Young (Allocation Failure) 2245M->77M(7918M) 55.909ms
[29.193s][info][gc,cpu         ] GC(8) User=0.06s Sys=0.00s Real=0.07s
[31.615s][info][gc,start       ] GC(9) Pause Full (System.gc())
[31.615s][info][gc,phases,start] GC(9) Phase 1: Mark live objects
[31.674s][info][gc,phases      ] GC(9) Phase 1: Mark live objects 59.070ms
[31.674s][info][gc,phases,start] GC(9) Phase 2: Compute new object addresses
[31.864s][info][gc,phases      ] GC(9) Phase 2: Compute new object addresses 190.685ms
[31.865s][info][gc,phases,start] GC(9) Phase 3: Adjust pointers
[31.898s][info][gc,phases      ] GC(9) Phase 3: Adjust pointers 33.122ms
[31.898s][info][gc,phases,start] GC(9) Phase 4: Move objects
[31.914s][info][gc,phases      ] GC(9) Phase 4: Move objects 16.732ms
[31.915s][info][gc,heap        ] GC(9) DefNew: 1490800K(2516544K)->0K(2516544K) Eden: 1473495K(2236928K)->0K(2236928K) From: 17305K(279616K)->0K(279616K)
[31.915s][info][gc,heap        ] GC(9) Tenured: 62217K(5592448K)->79504K(5592448K)
[31.915s][info][gc,metaspace   ] GC(9) Metaspace: 34731K(35392K)->34689K(35392K) NonClass: 28199K(28672K)->28157K(28672K) Class: 6532K(6720K)->6531K(6720K)
[31.915s][info][gc             ] GC(9) Pause Full (System.gc()) 1516M->77M(7918M) 300.053ms
[31.915s][info][gc,cpu         ] GC(9) User=0.30s Sys=0.00s Real=0.30s
[35.364s][info][gc,start       ] GC(10) Pause Young (Allocation Failure)
[35.418s][info][gc,heap        ] GC(10) DefNew: 2236928K(2516544K)->17304K(2516544K) Eden: 2236928K(2236928K)->0K(2236928K) From: 0K(279616K)->17304K(279616K)
[35.418s][info][gc,heap        ] GC(10) Tenured: 79504K(5592448K)->79504K(5592448K)
[35.418s][info][gc,metaspace   ] GC(10) Metaspace: 34914K(35648K)->34914K(35648K) NonClass: 28382K(28928K)->28382K(28928K) Class: 6532K(6720K)->6532K(6720K)
[35.418s][info][gc             ] GC(10) Pause Young (Allocation Failure) 2262M->94M(7918M) 54.550ms
[35.418s][info][gc,cpu         ] GC(10) User=0.05s Sys=0.00s Real=0.06s
[37.717s][info][gc,start       ] GC(11) Pause Full (System.gc())
[37.717s][info][gc,phases,start] GC(11) Phase 1: Mark live objects
[37.781s][info][gc,phases      ] GC(11) Phase 1: Mark live objects 64.230ms
[37.781s][info][gc,phases,start] GC(11) Phase 2: Compute new object addresses
[37.969s][info][gc,phases      ] GC(11) Phase 2: Compute new object addresses 187.973ms
[37.969s][info][gc,phases,start] GC(11) Phase 3: Adjust pointers
[38.003s][info][gc,phases      ] GC(11) Phase 3: Adjust pointers 34.140ms
[38.003s][info][gc,phases,start] GC(11) Phase 4: Move objects
[38.020s][info][gc,phases      ] GC(11) Phase 4: Move objects 16.532ms
[38.020s][info][gc,heap        ] GC(11) DefNew: 1467512K(2516544K)->0K(2516544K) Eden: 1450207K(2236928K)->0K(2236928K) From: 17304K(279616K)->0K(279616K)
[38.020s][info][gc,heap        ] GC(11) Tenured: 79504K(5592448K)->96790K(5592448K)
[38.020s][info][gc,metaspace   ] GC(11) Metaspace: 34952K(35648K)->34909K(35648K) NonClass: 28419K(28928K)->28377K(28928K) Class: 6532K(6720K)->6531K(6720K)
[38.020s][info][gc             ] GC(11) Pause Full (System.gc()) 1510M->94M(7918M) 303.358ms
[38.020s][info][gc,cpu         ] GC(11) User=0.34s Sys=0.00s Real=0.30s
[41.218s][info][gc,start       ] GC(12) Pause Young (Allocation Failure)
[41.277s][info][gc,heap        ] GC(12) DefNew: 2236928K(2516544K)->17304K(2516544K) Eden: 2236928K(2236928K)->0K(2236928K) From: 0K(279616K)->17304K(279616K)
[41.277s][info][gc,heap        ] GC(12) Tenured: 96790K(5592448K)->96790K(5592448K)
[41.277s][info][gc,metaspace   ] GC(12) Metaspace: 35206K(35904K)->35206K(35904K) NonClass: 28674K(29184K)->28674K(29184K) Class: 6532K(6720K)->6532K(6720K)
[41.277s][info][gc             ] GC(12) Pause Young (Allocation Failure) 2279M->111M(7918M) 59.037ms
[41.277s][info][gc,cpu         ] GC(12) User=0.08s Sys=0.00s Real=0.06s
[43.354s][info][gc,start       ] GC(13) Pause Full (System.gc())
[43.354s][info][gc,phases,start] GC(13) Phase 1: Mark live objects
[43.426s][info][gc,phases      ] GC(13) Phase 1: Mark live objects 71.810ms
[43.426s][info][gc,phases,start] GC(13) Phase 2: Compute new object addresses
[43.616s][info][gc,phases      ] GC(13) Phase 2: Compute new object addresses 189.822ms
[43.616s][info][gc,phases,start] GC(13) Phase 3: Adjust pointers
[43.651s][info][gc,phases      ] GC(13) Phase 3: Adjust pointers 34.832ms
[43.651s][info][gc,phases,start] GC(13) Phase 4: Move objects
[43.669s][info][gc,phases      ] GC(13) Phase 4: Move objects 17.549ms
[43.669s][info][gc,heap        ] GC(13) DefNew: 1472293K(2516544K)->0K(2516544K) Eden: 1454988K(2236928K)->0K(2236928K) From: 17304K(279616K)->0K(279616K)
[43.669s][info][gc,heap        ] GC(13) Tenured: 96790K(5592448K)->44940K(5592448K)
[43.669s][info][gc,metaspace   ] GC(13) Metaspace: 35209K(35904K)->35167K(35904K) NonClass: 28677K(29184K)->28635K(29184K) Class: 6532K(6720K)->6531K(6720K)
[43.669s][info][gc             ] GC(13) Pause Full (System.gc()) 1532M->43M(7918M) 314.507ms
[43.669s][info][gc,cpu         ] GC(13) User=0.39s Sys=0.00s Real=0.31s
[46.588s][info][gc,start       ] GC(14) Pause Young (Allocation Failure)
[46.647s][info][gc,heap        ] GC(14) DefNew: 2236928K(2516544K)->17304K(2516544K) Eden: 2236928K(2236928K)->0K(2236928K) From: 0K(279616K)->17304K(279616K)
[46.647s][info][gc,heap        ] GC(14) Tenured: 44940K(5592448K)->44940K(5592448K)
[46.647s][info][gc,metaspace   ] GC(14) Metaspace: 35443K(36160K)->35443K(36160K) NonClass: 28911K(29440K)->28911K(29440K) Class: 6532K(6720K)->6532K(6720K)
[46.647s][info][gc             ] GC(14) Pause Young (Allocation Failure) 2228M->60M(7918M) 58.982ms
[46.647s][info][gc,cpu         ] GC(14) User=0.12s Sys=0.00s Real=0.06s
[48.447s][info][gc,start       ] GC(15) Pause Full (System.gc())
[48.447s][info][gc,phases,start] GC(15) Phase 1: Mark live objects
[48.510s][info][gc,phases      ] GC(15) Phase 1: Mark live objects 63.620ms
[48.510s][info][gc,phases,start] GC(15) Phase 2: Compute new object addresses
[48.699s][info][gc,phases      ] GC(15) Phase 2: Compute new object addresses 188.310ms
[48.699s][info][gc,phases,start] GC(15) Phase 3: Adjust pointers
[48.734s][info][gc,phases      ] GC(15) Phase 3: Adjust pointers 35.545ms
[48.734s][info][gc,phases,start] GC(15) Phase 4: Move objects
[48.750s][info][gc,phases      ] GC(15) Phase 4: Move objects 15.491ms
[48.750s][info][gc,heap        ] GC(15) DefNew: 1474402K(2516544K)->0K(2516544K) Eden: 1457097K(2236928K)->0K(2236928K) From: 17304K(279616K)->0K(279616K)
[48.750s][info][gc,heap        ] GC(15) Tenured: 44940K(5592448K)->62226K(5592448K)
[48.750s][info][gc,metaspace   ] GC(15) Metaspace: 35473K(36224K)->35428K(36224K) NonClass: 28941K(29504K)->28896K(29504K) Class: 6532K(6720K)->6531K(6720K)
[48.750s][info][gc             ] GC(15) Pause Full (System.gc()) 1483M->60M(7918M) 303.431ms
[48.750s][info][gc,cpu         ] GC(15) User=0.31s Sys=0.00s Real=0.30s
[51.350s][info][gc,start       ] GC(16) Pause Young (Allocation Failure)
[51.405s][info][gc,heap        ] GC(16) DefNew: 2236928K(2516544K)->17304K(2516544K) Eden: 2236928K(2236928K)->0K(2236928K) From: 0K(279616K)->17304K(279616K)
[51.405s][info][gc,heap        ] GC(16) Tenured: 62226K(5592448K)->62226K(5592448K)
[51.405s][info][gc,metaspace   ] GC(16) Metaspace: 35518K(36224K)->35518K(36224K) NonClass: 28985K(29504K)->28985K(29504K) Class: 6532K(6720K)->6532K(6720K)
[51.405s][info][gc             ] GC(16) Pause Young (Allocation Failure) 2245M->77M(7918M) 55.153ms
[51.405s][info][gc,cpu         ] GC(16) User=0.05s Sys=0.00s Real=0.05s
[53.109s][info][gc,start       ] GC(17) Pause Full (System.gc())
[53.109s][info][gc,phases,start] GC(17) Phase 1: Mark live objects
[53.174s][info][gc,phases      ] GC(17) Phase 1: Mark live objects 64.502ms
[53.174s][info][gc,phases,start] GC(17) Phase 2: Compute new object addresses
[53.363s][info][gc,phases      ] GC(17) Phase 2: Compute new object addresses 189.070ms
[53.363s][info][gc,phases,start] GC(17) Phase 3: Adjust pointers
[53.399s][info][gc,phases      ] GC(17) Phase 3: Adjust pointers 35.893ms
[53.399s][info][gc,phases,start] GC(17) Phase 4: Move objects
[53.414s][info][gc,phases      ] GC(17) Phase 4: Move objects 15.175ms
[53.414s][info][gc,heap        ] GC(17) DefNew: 1475330K(2516544K)->0K(2516544K) Eden: 1458026K(2236928K)->0K(2236928K) From: 17304K(279616K)->0K(279616K)
[53.414s][info][gc,heap        ] GC(17) Tenured: 62226K(5592448K)->79513K(5592448K)
[53.414s][info][gc,metaspace   ] GC(17) Metaspace: 35635K(36352K)->35592K(36352K) NonClass: 29102K(29632K)->29060K(29632K) Class: 6533K(6720K)->6532K(6720K)
[53.414s][info][gc             ] GC(17) Pause Full (System.gc()) 1501M->77M(7918M) 305.106ms
[53.414s][info][gc,cpu         ] GC(17) User=0.30s Sys=0.00s Real=0.30s
[55.784s][info][gc,start       ] GC(18) Pause Young (Allocation Failure)
[55.839s][info][gc,heap        ] GC(18) DefNew: 2236928K(2516544K)->17304K(2516544K) Eden: 2236928K(2236928K)->0K(2236928K) From: 0K(279616K)->17304K(279616K)
[55.839s][info][gc,heap        ] GC(18) Tenured: 79513K(5592448K)->79513K(5592448K)
[55.839s][info][gc,metaspace   ] GC(18) Metaspace: 35784K(36544K)->35784K(36544K) NonClass: 29251K(29824K)->29251K(29824K) Class: 6533K(6720K)->6533K(6720K)
[55.839s][info][gc             ] GC(18) Pause Young (Allocation Failure) 2262M->94M(7918M) 54.628ms
[55.839s][info][gc,cpu         ] GC(18) User=0.05s Sys=0.00s Real=0.05s
[57.389s][info][gc,start       ] GC(19) Pause Full (System.gc())
[57.389s][info][gc,phases,start] GC(19) Phase 1: Mark live objects
[57.453s][info][gc,phases      ] GC(19) Phase 1: Mark live objects 64.058ms
[57.453s][info][gc,phases,start] GC(19) Phase 2: Compute new object addresses
[57.642s][info][gc,phases      ] GC(19) Phase 2: Compute new object addresses 188.636ms
[57.642s][info][gc,phases,start] GC(19) Phase 3: Adjust pointers
[57.677s][info][gc,phases      ] GC(19) Phase 3: Adjust pointers 35.416ms
[57.677s][info][gc,phases,start] GC(19) Phase 4: Move objects
[57.693s][info][gc,phases      ] GC(19) Phase 4: Move objects 15.782ms
[57.693s][info][gc,heap        ] GC(19) DefNew: 1477423K(2516544K)->0K(2516544K) Eden: 1460119K(2236928K)->0K(2236928K) From: 17304K(279616K)->0K(279616K)
[57.693s][info][gc,heap        ] GC(19) Tenured: 79513K(5592448K)->96798K(5592448K)
[57.693s][info][gc,metaspace   ] GC(19) Metaspace: 35807K(36544K)->35764K(36544K) NonClass: 29274K(29824K)->29232K(29824K) Class: 6533K(6720K)->6532K(6720K)
[57.693s][info][gc             ] GC(19) Pause Full (System.gc()) 1520M->94M(7918M) 304.365ms
[57.693s][info][gc,cpu         ] GC(19) User=0.30s Sys=0.00s Real=0.30s
[59.901s][info][gc,start       ] GC(20) Pause Young (Allocation Failure)
[59.955s][info][gc,heap        ] GC(20) DefNew: 2236928K(2516544K)->17304K(2516544K) Eden: 2236928K(2236928K)->0K(2236928K) From: 0K(279616K)->17304K(279616K)
[59.955s][info][gc,heap        ] GC(20) Tenured: 96798K(5592448K)->96798K(5592448K)
[59.955s][info][gc,metaspace   ] GC(20) Metaspace: 35828K(36544K)->35828K(36544K) NonClass: 29295K(29824K)->29295K(29824K) Class: 6533K(6720K)->6533K(6720K)
[59.955s][info][gc             ] GC(20) Pause Young (Allocation Failure) 2279M->111M(7918M) 54.851ms
[59.955s][info][gc,cpu         ] GC(20) User=0.06s Sys=0.00s Real=0.05s
[61.486s][info][gc,heap,exit   ] Heap
[61.486s][info][gc,heap,exit   ]  def new generation   total 2516544K, used 1721604K [0x0000000600000000, 0x00000006aaaa0000, 0x00000006aaaa0000)
[61.486s][info][gc,heap,exit   ]   eden space 2236928K,  76% used [0x0000000600000000, 0x000000066805afc8, 0x0000000688880000)
[61.486s][info][gc,heap,exit   ]   from space 279616K,   6% used [0x0000000688880000, 0x0000000689966038, 0x0000000699990000)
[61.486s][info][gc,heap,exit   ]   to   space 279616K,   0% used [0x0000000699990000, 0x0000000699990000, 0x00000006aaaa0000)
[61.486s][info][gc,heap,exit   ]  tenured generation   total 5592448K, used 96798K [0x00000006aaaa0000, 0x0000000800000000, 0x0000000800000000)
[61.486s][info][gc,heap,exit   ]    the space 5592448K,   1% used [0x00000006aaaa0000, 0x00000006b0927aa0, 0x00000006b0927c00, 0x0000000800000000)
[61.486s][info][gc,heap,exit   ]  Metaspace       used 35856K, committed 36672K, reserved 1114112K
[61.486s][info][gc,heap,exit   ]   class space    used 6539K, committed 6784K, reserved 1048576K
