OpenJDK 64-Bit Server VM (25.422-b05) for windows-amd64 JRE (1.8.0_422-422-b05), built on Jul 18 2024 05:34:18 by "Administrator" with MS VC++ 16.10 / 16.11 (VS2019)
Memory: 4k page, physical 15965620k(10864352k free), swap 17014196k(11144608k free)
CommandLine flags: -XX:InitialHeapSize=838860800 -XX:MaxHeapSize=838860800 -XX:+PrintGC -XX:+PrintGCApplicationConcurrentTime -XX:+PrintGCApplicationStoppedTime -XX:+PrintGCDateStamps -XX:+PrintGCDetails -XX:+PrintGCTimeStamps -XX:+UnlockExperimentalVMOptions -XX:+UseCompressedClassPointers -XX:+UseCompressedOops -XX:+UseG1GC -XX:-UseLargePagesIndividualAllocation 
2024-10-11T19:37:01.041+0300: 0.077: Application time: 0.0178007 seconds
2024-10-11T19:37:01.041+0300: 0.077: Total time for which application threads were stopped: 0.0001142 seconds, Stopping threads took: 0.0000412 seconds
2024-10-11T19:37:01.229+0300: 0.260: Application time: 0.1826357 seconds
2024-10-11T19:37:01.229+0300: 0.260: [Full GC (System.gc())  12288K->3705K(800M), 0.0172010 secs]
   [Eden: 12288.0K(40960.0K)->0.0B(40960.0K) Survivors: 0.0B->0.0B Heap: 12288.0K(800.0M)->3705.2K(800.0M)], [Metaspace: 7087K->7087K(1056768K)]
 [Times: user=0.02 sys=0.00, real=0.02 secs] 
2024-10-11T19:37:01.245+0300: 0.277: Total time for which application threads were stopped: 0.0174199 seconds, Stopping threads took: 0.0000345 seconds
2024-10-11T19:37:01.245+0300: 0.277: Application time: 0.0001150 seconds
2024-10-11T19:37:01.245+0300: 0.278: [Full GC (System.gc())  3705K->3705K(800M), 0.0112937 secs]
   [Eden: 0.0B(40960.0K)->0.0B(40960.0K) Survivors: 0.0B->0.0B Heap: 3705.2K(800.0M)->3705.2K(800.0M)], [Metaspace: 7087K->7087K(1056768K)]
 [Times: user=0.00 sys=0.00, real=0.02 secs] 
2024-10-11T19:37:01.260+0300: 0.289: Total time for which application threads were stopped: 0.0115151 seconds, Stopping threads took: 0.0000829 seconds
2024-10-11T19:37:02.266+0300: 1.288: Application time: 0.9995371 seconds
2024-10-11T19:37:02.266+0300: 1.289: Total time for which application threads were stopped: 0.0002735 seconds, Stopping threads took: 0.0001855 seconds
2024-10-11T19:37:05.079+0300: 4.102: Application time: 2.8131066 seconds
2024-10-11T19:37:05.079+0300: 4.102: Total time for which application threads were stopped: 0.0002306 seconds, Stopping threads took: 0.0001580 seconds
2024-10-11T19:37:07.168+0300: 6.193: Application time: 2.0910026 seconds
2024-10-11T19:37:07.184+0300: 6.207: [GC pause (G1 Humongous Allocation) (young) (initial-mark), 0.0040050 secs]
   [Parallel Time: 2.3 ms, GC Workers: 6]
      [GC Worker Start (ms): Min: 6208.6, Avg: 6208.6, Max: 6208.6, Diff: 0.0]
      [Ext Root Scanning (ms): Min: 0.4, Avg: 0.4, Max: 0.4, Diff: 0.1, Sum: 2.3]
      [Update RS (ms): Min: 1.7, Avg: 1.8, Max: 1.8, Diff: 0.1, Sum: 10.5]
         [Processed Buffers: Min: 44, Avg: 46.5, Max: 50, Diff: 6, Sum: 279]
      [Scan RS (ms): Min: 0.0, Avg: 0.0, Max: 0.0, Diff: 0.0, Sum: 0.0]
      [Code Root Scanning (ms): Min: 0.0, Avg: 0.0, Max: 0.0, Diff: 0.0, Sum: 0.0]
      [Object Copy (ms): Min: 0.0, Avg: 0.0, Max: 0.0, Diff: 0.0, Sum: 0.2]
      [Termination (ms): Min: 0.0, Avg: 0.0, Max: 0.0, Diff: 0.0, Sum: 0.2]
         [Termination Attempts: Min: 1, Avg: 3.3, Max: 4, Diff: 3, Sum: 20]
      [GC Worker Other (ms): Min: 0.0, Avg: 0.0, Max: 0.1, Diff: 0.0, Sum: 0.2]
      [GC Worker Total (ms): Min: 2.2, Avg: 2.2, Max: 2.3, Diff: 0.0, Sum: 13.5]
      [GC Worker End (ms): Min: 6210.8, Avg: 6210.8, Max: 6210.8, Diff: 0.0]
   [Code Root Fixup: 0.0 ms]
   [Code Root Purge: 0.0 ms]
   [Clear CT: 0.1 ms]
   [Other: 1.6 ms]
      [Choose CSet: 0.0 ms]
      [Ref Proc: 0.1 ms]
      [Ref Enq: 0.0 ms]
      [Redirty Cards: 0.1 ms]
      [Humongous Register: 0.0 ms]
      [Humongous Reclaim: 0.1 ms]
      [Free CSet: 0.0 ms]
   [Eden: 4096.0K(40960.0K)->0.0B(39936.0K) Survivors: 0.0B->1024.0K Heap: 341.8M(800.0M)->238.9M(800.0M)]
 [Times: user=0.00 sys=0.00, real=0.00 secs] 
2024-10-11T19:37:07.184+0300: 6.211: 2024-10-11T19:37:07.184+0300Total time for which application threads were stopped: 0.0181851 seconds, Stopping threads took: 0.0139573 seconds
: 6.211: [GC concurrent-root-region-scan-start]
2024-10-11T19:37:07.184+0300: 6.212: [GC concurrent-root-region-scan-end, 0.0006758 secs]
2024-10-11T19:37:07.184+0300: 6.212: [GC concurrent-mark-start]
2024-10-11T19:37:07.184+0300: 6.222: [GC concurrent-mark-end, 0.0036399 secs]
2024-10-11T19:37:07.200+0300: 6.223: Application time: 0.0117754 seconds
2024-10-11T19:37:08.957+0300: 7.980: [GC remark 2024-10-11T19:37:08.957+0300: 7.981: [Finalize Marking, 0.0007095 secs] 2024-10-11T19:37:08.957+0300: 7.981: [GC ref-proc, 0.0000865 secs] 2024-10-11T19:37:08.957+0300: 7.981: [Unloading, 0.0012676 secs], 0.0026943 secs]
 [Times: user=0.00 sys=0.00, real=0.00 secs] 
2024-10-11T19:37:08.957+0300: 7.983: Total time for which application threads were stopped: 1.7600604 seconds, Stopping threads took: 1.7572649 seconds
2024-10-11T19:37:08.957+0300: 7.985: Application time: 0.0016438 seconds
2024-10-11T19:37:08.957+0300: 7.985: [GC cleanup 285M->285M(800M), 0.0008420 secs]
 [Times: user=0.00 sys=0.00, real=0.00 secs] 
2024-10-11T19:37:08.957+0300: 7.986: Total time for which application threads were stopped: 0.0009807 seconds, Stopping threads took: 0.0000935 seconds
2024-10-11T19:37:14.914+0300: 13.944: Application time: 5.9581579 seconds
2024-10-11T19:37:17.867+0300: 16.890: [GC pause (G1 Humongous Allocation) (young), 0.0026872 secs]
   [Parallel Time: 1.6 ms, GC Workers: 6]
      [GC Worker Start (ms): Min: 16890.5, Avg: 16890.6, Max: 16890.7, Diff: 0.2]
      [Ext Root Scanning (ms): Min: 0.4, Avg: 0.5, Max: 0.6, Diff: 0.2, Sum: 3.1]
      [Update RS (ms): Min: 0.7, Avg: 0.7, Max: 0.7, Diff: 0.0, Sum: 4.2]
         [Processed Buffers: Min: 7, Avg: 11.7, Max: 17, Diff: 10, Sum: 70]
      [Scan RS (ms): Min: 0.0, Avg: 0.0, Max: 0.1, Diff: 0.1, Sum: 0.1]
      [Code Root Scanning (ms): Min: 0.0, Avg: 0.0, Max: 0.0, Diff: 0.0, Sum: 0.0]
      [Object Copy (ms): Min: 0.0, Avg: 0.1, Max: 0.1, Diff: 0.1, Sum: 0.4]
      [Termination (ms): Min: 0.0, Avg: 0.0, Max: 0.0, Diff: 0.0, Sum: 0.2]
         [Termination Attempts: Min: 1, Avg: 4.0, Max: 7, Diff: 6, Sum: 24]
      [GC Worker Other (ms): Min: 0.0, Avg: 0.0, Max: 0.0, Diff: 0.0, Sum: 0.1]
      [GC Worker Total (ms): Min: 1.3, Avg: 1.4, Max: 1.5, Diff: 0.2, Sum: 8.1]
      [GC Worker End (ms): Min: 16892.0, Avg: 16892.0, Max: 16892.0, Diff: 0.0]
   [Code Root Fixup: 0.0 ms]
   [Code Root Purge: 0.0 ms]
   [Clear CT: 0.2 ms]
   [Other: 0.9 ms]
      [Choose CSet: 0.0 ms]
      [Ref Proc: 0.1 ms]
      [Ref Enq: 0.0 ms]
      [Redirty Cards: 0.1 ms]
      [Humongous Register: 0.1 ms]
      [Humongous Reclaim: 0.3 ms]
      [Free CSet: 0.0 ms]
   [Eden: 2048.0K(39936.0K)->0.0B(39936.0K) Survivors: 1024.0K->1024.0K Heap: 736.3M(800.0M)->41491.8K(800.0M)]
 [Times: user=0.00 sys=0.00, real=0.00 secs] 
2024-10-11T19:37:17.867+0300: 16.893: Total time for which application threads were stopped: 2.9490277 seconds, Stopping threads took: 2.9460788 seconds
2024-10-11T19:37:18.872+0300: 17.895: Application time: 1.0017841 seconds
2024-10-11T19:37:23.744+0300: 22.767: Total time for which application threads were stopped: 4.8721462 seconds, Stopping threads took: 4.8720468 seconds
2024-10-11T19:37:23.744+0300: 22.769: Application time: 0.0023243 seconds
2024-10-11T19:37:23.744+0300: 22.771: [GC pause (G1 Humongous Allocation) (young) (initial-mark), 0.0023575 secs]
   [Parallel Time: 1.4 ms, GC Workers: 6]
      [GC Worker Start (ms): Min: 22771.7, Avg: 22771.7, Max: 22771.8, Diff: 0.1]
      [Ext Root Scanning (ms): Min: 0.3, Avg: 0.4, Max: 0.4, Diff: 0.1, Sum: 2.3]
      [Update RS (ms): Min: 0.6, Avg: 0.7, Max: 0.7, Diff: 0.1, Sum: 4.0]
         [Processed Buffers: Min: 9, Avg: 11.5, Max: 14, Diff: 5, Sum: 69]
      [Scan RS (ms): Min: 0.0, Avg: 0.0, Max: 0.0, Diff: 0.0, Sum: 0.1]
      [Code Root Scanning (ms): Min: 0.0, Avg: 0.0, Max: 0.0, Diff: 0.0, Sum: 0.0]
      [Object Copy (ms): Min: 0.0, Avg: 0.0, Max: 0.1, Diff: 0.0, Sum: 0.3]
      [Termination (ms): Min: 0.0, Avg: 0.0, Max: 0.0, Diff: 0.0, Sum: 0.1]
         [Termination Attempts: Min: 1, Avg: 1.5, Max: 3, Diff: 2, Sum: 9]
      [GC Worker Other (ms): Min: 0.0, Avg: 0.0, Max: 0.0, Diff: 0.0, Sum: 0.1]
      [GC Worker Total (ms): Min: 1.1, Avg: 1.1, Max: 1.2, Diff: 0.1, Sum: 6.8]
      [GC Worker End (ms): Min: 22772.9, Avg: 22772.9, Max: 22772.9, Diff: 0.0]
   [Code Root Fixup: 0.0 ms]
   [Code Root Purge: 0.0 ms]
   [Clear CT: 0.2 ms]
   [Other: 0.8 ms]
      [Choose CSet: 0.0 ms]
      [Ref Proc: 0.2 ms]
      [Ref Enq: 0.0 ms]
      [Redirty Cards: 0.2 ms]
      [Humongous Register: 0.0 ms]
      [Humongous Reclaim: 0.2 ms]
      [Free CSet: 0.0 ms]
   [Eden: 2048.0K(39936.0K)->0.0B(73728.0K) Survivors: 1024.0K->1024.0K Heap: 342.6M(800.0M)->44555.5K(800.0M)]
 [Times: user=0.00 sys=0.00, real=0.00 secs] 
2024-10-11T19:37:23.744+0300: 22.774: Total time for which application threads were stopped: 0.0047198 seconds, Stopping threads took: 0.0021823 seconds
2024-10-11T19:37:23.744+0300: 22.774: [GC concurrent-root-region-scan-start]
2024-10-11T19:37:23.744+0300: 22.774: [GC concurrent-root-region-scan-end, 0.0001166 secs]
2024-10-11T19:37:23.744+0300: 22.774: [GC concurrent-mark-start]
2024-10-11T19:37:23.744+0300: 22.778: [GC concurrent-mark-end, 0.0034256 secs]
2024-10-11T19:37:23.755+0300: 22.778: Application time: 0.0037784 seconds
2024-10-11T19:37:23.776+0300: 22.799: [GC remark 2024-10-11T19:37:23.776+0300: 22.799: [Finalize Marking, 0.0013031 secs] 2024-10-11T19:37:23.776+0300: 22.800: [GC ref-proc, 0.0001656 secs] 2024-10-11T19:37:23.776+0300: 22.800: [Unloading, 0.0013318 secs], 0.0031938 secs]
 [Times: user=0.00 sys=0.00, real=0.00 secs] 
2024-10-11T19:37:23.776+0300: 22.802: Total time for which application threads were stopped: 0.0243871 seconds, Stopping threads took: 0.0210978 seconds
2024-10-11T19:37:23.776+0300: 22.805: Application time: 0.0033344 seconds
2024-10-11T19:37:23.807+0300: 22.830: [GC cleanup 139M->139M(800M), 0.0016617 secs]
 [Times: user=0.00 sys=0.00, real=0.00 secs] 
2024-10-11T19:37:23.807+0300: 22.832: Total time for which application threads were stopped: 0.0263418 seconds, Stopping threads took: 0.0245771 seconds
2024-10-11T19:37:27.608+0300: 26.642: Application time: 3.8100756 seconds
2024-10-11T19:37:27.608+0300: 26.642: Total time for which application threads were stopped: 0.0001519 seconds, Stopping threads took: 0.0001252 seconds
2024-10-11T19:37:33.578+0300: 32.601: Application time: 5.9594575 seconds
2024-10-11T19:37:37.285+0300: 36.308: [GC pause (G1 Humongous Allocation) (young), 0.0032235 secs]
   [Parallel Time: 1.7 ms, GC Workers: 6]
      [GC Worker Start (ms): Min: 36308.2, Avg: 36308.3, Max: 36308.4, Diff: 0.2]
      [Ext Root Scanning (ms): Min: 0.4, Avg: 0.5, Max: 0.6, Diff: 0.2, Sum: 2.9]
      [Update RS (ms): Min: 0.8, Avg: 0.8, Max: 0.8, Diff: 0.0, Sum: 4.7]
         [Processed Buffers: Min: 7, Avg: 12.5, Max: 18, Diff: 11, Sum: 75]
      [Scan RS (ms): Min: 0.0, Avg: 0.0, Max: 0.1, Diff: 0.1, Sum: 0.1]
      [Code Root Scanning (ms): Min: 0.0, Avg: 0.0, Max: 0.0, Diff: 0.0, Sum: 0.0]
      [Object Copy (ms): Min: 0.0, Avg: 0.1, Max: 0.1, Diff: 0.1, Sum: 0.5]
      [Termination (ms): Min: 0.0, Avg: 0.0, Max: 0.0, Diff: 0.0, Sum: 0.0]
         [Termination Attempts: Min: 1, Avg: 1.0, Max: 1, Diff: 0, Sum: 6]
      [GC Worker Other (ms): Min: 0.0, Avg: 0.0, Max: 0.0, Diff: 0.0, Sum: 0.1]
      [GC Worker Total (ms): Min: 1.3, Avg: 1.4, Max: 1.5, Diff: 0.2, Sum: 8.3]
      [GC Worker End (ms): Min: 36309.7, Avg: 36309.7, Max: 36309.7, Diff: 0.0]
   [Code Root Fixup: 0.0 ms]
   [Code Root Purge: 0.0 ms]
   [Clear CT: 0.2 ms]
   [Other: 1.3 ms]
      [Choose CSet: 0.0 ms]
      [Ref Proc: 0.3 ms]
      [Ref Enq: 0.0 ms]
      [Redirty Cards: 0.2 ms]
      [Humongous Register: 0.1 ms]
      [Humongous Reclaim: 0.5 ms]
      [Free CSet: 0.0 ms]
   [Eden: 5120.0K(73728.0K)->0.0B(479.0M) Survivors: 1024.0K->1024.0K Heap: 739.3M(800.0M)->41432.4K(800.0M)]
 [Times: user=0.00 sys=0.00, real=0.00 secs] 
2024-10-11T19:37:37.285+0300: 36.311: Total time for which application threads were stopped: 3.7097563 seconds, Stopping threads took: 3.7062073 seconds
2024-10-11T19:37:43.082+0300: 42.113: Application time: 5.8018047 seconds
2024-10-11T19:37:43.177+0300: 42.200: [GC pause (G1 Humongous Allocation) (young) (initial-mark), 0.0035826 secs]
   [Parallel Time: 2.4 ms, GC Workers: 6]
      [GC Worker Start (ms): Min: 42200.3, Avg: 42200.4, Max: 42200.4, Diff: 0.1]
      [Ext Root Scanning (ms): Min: 0.3, Avg: 0.3, Max: 0.3, Diff: 0.1, Sum: 1.9]
      [Update RS (ms): Min: 1.8, Avg: 1.8, Max: 1.9, Diff: 0.0, Sum: 11.1]
         [Processed Buffers: Min: 42, Avg: 46.5, Max: 51, Diff: 9, Sum: 279]
      [Scan RS (ms): Min: 0.0, Avg: 0.0, Max: 0.0, Diff: 0.0, Sum: 0.1]
      [Code Root Scanning (ms): Min: 0.0, Avg: 0.0, Max: 0.0, Diff: 0.0, Sum: 0.0]
      [Object Copy (ms): Min: 0.0, Avg: 0.0, Max: 0.1, Diff: 0.0, Sum: 0.3]
      [Termination (ms): Min: 0.0, Avg: 0.0, Max: 0.0, Diff: 0.0, Sum: 0.1]
         [Termination Attempts: Min: 1, Avg: 1.3, Max: 3, Diff: 2, Sum: 8]
      [GC Worker Other (ms): Min: 0.0, Avg: 0.0, Max: 0.0, Diff: 0.0, Sum: 0.1]
      [GC Worker Total (ms): Min: 2.2, Avg: 2.2, Max: 2.3, Diff: 0.1, Sum: 13.4]
      [GC Worker End (ms): Min: 42202.6, Avg: 42202.6, Max: 42202.6, Diff: 0.0]
   [Code Root Fixup: 0.0 ms]
   [Code Root Purge: 0.0 ms]
   [Clear CT: 0.1 ms]
   [Other: 1.1 ms]
      [Choose CSet: 0.0 ms]
      [Ref Proc: 0.1 ms]
      [Ref Enq: 0.0 ms]
      [Redirty Cards: 0.1 ms]
      [Humongous Register: 0.0 ms]
      [Humongous Reclaim: 0.1 ms]
      [Free CSet: 0.0 ms]
   [Eden: 3072.0K(479.0M)->0.0B(232.0M) Survivors: 1024.0K->1024.0K Heap: 337.5M(800.0M)->38289.7K(800.0M)]
 [Times: user=0.00 sys=0.00, real=0.00 secs] 
2024-10-11T19:37:43.180+0300: 2024-10-11T19:37:43.180+0300: 42.203: Total time for which application threads were stopped: 0.0901480 seconds, Stopping threads took: 0.0863697 seconds
42.203: [GC concurrent-root-region-scan-start]
2024-10-11T19:37:43.181+0300: 42.204: [GC concurrent-root-region-scan-end, 0.0005844 secs]
2024-10-11T19:37:43.181+0300: 42.204: [GC concurrent-mark-start]
2024-10-11T19:37:43.185+0300: 42.209: [GC concurrent-mark-end, 0.0044760 secs]
2024-10-11T19:37:43.199+0300: 42.222: Application time: 0.0190816 seconds
2024-10-11T19:37:44.998+0300: 44.022: [GC remark 2024-10-11T19:37:44.998+0300: 44.022: [Finalize Marking, 0.0035759 secs] 2024-10-11T19:37:44.998+0300: 44.025: [GC ref-proc, 0.0000955 secs] 2024-10-11T19:37:44.998+0300: 44.026: [Unloading, 0.0015580 secs], 0.0056017 secs]
 [Times: user=0.00 sys=0.00, real=0.00 secs] 
2024-10-11T19:37:44.998+0300: 44.027: Total time for which application threads were stopped: 1.8050618 seconds, Stopping threads took: 1.7993609 seconds
2024-10-11T19:37:45.011+0300: 44.034: Application time: 0.0063342 seconds
2024-10-11T19:37:45.011+0300: 44.035: [GC cleanup 255M->255M(800M), 0.0008489 secs]
 [Times: user=0.00 sys=0.00, real=0.00 secs] 
2024-10-11T19:37:45.011+0300: 44.036: Total time for which application threads were stopped: 0.0019077 seconds, Stopping threads took: 0.0010190 seconds
2024-10-11T19:37:46.020+0300: 45.043: Application time: 1.0074847 seconds
2024-10-11T19:37:50.878+0300: 49.902: Total time for which application threads were stopped: 4.8584985 seconds, Stopping threads took: 4.8584000 seconds
2024-10-11T19:37:56.739+0300: 55.771: Application time: 5.8697376 seconds
2024-10-11T19:37:59.004+0300: 58.027: [GC pause (G1 Humongous Allocation) (young), 0.0032849 secs]
   [Parallel Time: 1.7 ms, GC Workers: 6]
      [GC Worker Start (ms): Min: 58027.0, Avg: 58027.1, Max: 58027.2, Diff: 0.2]
      [Ext Root Scanning (ms): Min: 0.5, Avg: 0.6, Max: 0.7, Diff: 0.2, Sum: 3.5]
      [Update RS (ms): Min: 0.7, Avg: 0.7, Max: 0.8, Diff: 0.0, Sum: 4.3]
         [Processed Buffers: Min: 10, Avg: 11.7, Max: 14, Diff: 4, Sum: 70]
      [Scan RS (ms): Min: 0.0, Avg: 0.0, Max: 0.0, Diff: 0.0, Sum: 0.0]
      [Code Root Scanning (ms): Min: 0.0, Avg: 0.0, Max: 0.0, Diff: 0.0, Sum: 0.0]
      [Object Copy (ms): Min: 0.0, Avg: 0.1, Max: 0.1, Diff: 0.0, Sum: 0.4]
      [Termination (ms): Min: 0.0, Avg: 0.0, Max: 0.0, Diff: 0.0, Sum: 0.0]
         [Termination Attempts: Min: 1, Avg: 1.0, Max: 1, Diff: 0, Sum: 6]
      [GC Worker Other (ms): Min: 0.0, Avg: 0.0, Max: 0.0, Diff: 0.0, Sum: 0.1]
      [GC Worker Total (ms): Min: 1.3, Avg: 1.4, Max: 1.5, Diff: 0.2, Sum: 8.4]
      [GC Worker End (ms): Min: 58028.5, Avg: 58028.5, Max: 58028.6, Diff: 0.0]
   [Code Root Fixup: 0.0 ms]
   [Code Root Purge: 0.0 ms]
   [Clear CT: 0.2 ms]
   [Other: 1.4 ms]
      [Choose CSet: 0.0 ms]
      [Ref Proc: 0.2 ms]
      [Ref Enq: 0.0 ms]
      [Redirty Cards: 0.2 ms]
      [Humongous Register: 0.1 ms]
      [Humongous Reclaim: 0.7 ms]
      [Free CSet: 0.0 ms]
   [Eden: 4096.0K(232.0M)->0.0B(179.0M) Survivors: 1024.0K->1024.0K Heap: 754.2M(800.0M)->7053.2K(800.0M)]
 [Times: user=0.00 sys=0.00, real=0.00 secs] 
2024-10-11T19:37:59.004+0300: 58.030: Total time for which application threads were stopped: 2.2589170 seconds, Stopping threads took: 2.2552032 seconds
2024-10-11T19:38:04.801+0300: 63.836: Application time: 5.8058786 seconds
2024-10-11T19:38:04.879+0300: 63.902: [GC pause (G1 Humongous Allocation) (young) (initial-mark), 0.0040404 secs]
   [Parallel Time: 2.6 ms, GC Workers: 6]
      [GC Worker Start (ms): Min: 63903.2, Avg: 63903.2, Max: 63903.3, Diff: 0.1]
      [Ext Root Scanning (ms): Min: 0.3, Avg: 0.3, Max: 0.3, Diff: 0.1, Sum: 1.8]
      [Update RS (ms): Min: 2.0, Avg: 2.1, Max: 2.1, Diff: 0.1, Sum: 12.4]
         [Processed Buffers: Min: 51, Avg: 51.5, Max: 52, Diff: 1, Sum: 309]
      [Scan RS (ms): Min: 0.0, Avg: 0.0, Max: 0.0, Diff: 0.0, Sum: 0.0]
      [Code Root Scanning (ms): Min: 0.0, Avg: 0.0, Max: 0.0, Diff: 0.0, Sum: 0.0]
      [Object Copy (ms): Min: 0.0, Avg: 0.0, Max: 0.0, Diff: 0.0, Sum: 0.2]
      [Termination (ms): Min: 0.0, Avg: 0.0, Max: 0.0, Diff: 0.0, Sum: 0.0]
         [Termination Attempts: Min: 1, Avg: 1.0, Max: 1, Diff: 0, Sum: 6]
      [GC Worker Other (ms): Min: 0.0, Avg: 0.0, Max: 0.0, Diff: 0.0, Sum: 0.0]
      [GC Worker Total (ms): Min: 2.4, Avg: 2.4, Max: 2.4, Diff: 0.1, Sum: 14.4]
      [GC Worker End (ms): Min: 63905.6, Avg: 63905.6, Max: 63905.6, Diff: 0.0]
   [Code Root Fixup: 0.0 ms]
   [Code Root Purge: 0.0 ms]
   [Clear CT: 0.1 ms]
   [Other: 1.3 ms]
      [Choose CSet: 0.0 ms]
      [Ref Proc: 0.2 ms]
      [Ref Enq: 0.0 ms]
      [Redirty Cards: 0.1 ms]
      [Humongous Register: 0.0 ms]
      [Humongous Reclaim: 0.1 ms]
      [Free CSet: 0.0 ms]
   [Eden: 3072.0K(179.0M)->0.0B(163.0M) Survivors: 1024.0K->1024.0K Heap: 341.0M(800.0M)->41428.4K(800.0M)]
 [Times: user=0.00 sys=0.00, real=0.00 secs] 
2024-10-11T19:38:04.879+03002024-10-11T19:38:04.879+0300: : 63.906: Total time for which application threads were stopped: 0.0703121 seconds, Stopping threads took: 0.0660753 seconds
63.906: [GC concurrent-root-region-scan-start]
2024-10-11T19:38:04.879+0300: 63.907: [GC concurrent-root-region-scan-end, 0.0007348 secs]
2024-10-11T19:38:04.879+0300: 63.907: [GC concurrent-mark-start]
2024-10-11T19:38:04.879+0300: 63.911: [GC concurrent-mark-end, 0.0041177 secs]
2024-10-11T19:38:04.879+0300: 63.913: Application time: 0.0065053 seconds
2024-10-11T19:38:04.911+0300: 63.934: [GC remark 2024-10-11T19:38:04.911+0300: 63.934: [Finalize Marking, 0.0012233 secs] 2024-10-11T19:38:04.911+0300: 63.935: [GC ref-proc, 0.0001676 secs] 2024-10-11T19:38:04.911+0300: 63.935: [Unloading, 0.0013628 secs], 0.0032332 secs]
 [Times: user=0.00 sys=0.00, real=0.00 secs] 
2024-10-11T19:38:04.911+0300: 63.937: Total time for which application threads were stopped: 0.0240446 seconds, Stopping threads took: 0.0207116 seconds
2024-10-11T19:38:04.911+0300: 63.941: Application time: 0.0038512 seconds
2024-10-11T19:38:04.942+0300: 63.965: [GC cleanup 223M->223M(800M), 0.0018818 secs]
 [Times: user=0.00 sys=0.00, real=0.00 secs] 
2024-10-11T19:38:04.942+0300: 63.967: Total time for which application threads were stopped: 0.0260541 seconds, Stopping threads took: 0.0240558 seconds
2024-10-11T19:38:10.976+0300: 69.999: Application time: 6.0323681 seconds
2024-10-11T19:38:16.633+0300: 75.657: Total time for which application threads were stopped: 5.6572433 seconds, Stopping threads took: 5.6571307 seconds
2024-10-11T19:38:16.633+0300: 75.660: Application time: 0.0033956 seconds
2024-10-11T19:38:16.633+0300: 75.664: [GC pause (G1 Humongous Allocation) (young), 0.0026055 secs]
   [Parallel Time: 1.3 ms, GC Workers: 6]
      [GC Worker Start (ms): Min: 75664.7, Avg: 75664.7, Max: 75664.8, Diff: 0.1]
      [Ext Root Scanning (ms): Min: 0.2, Avg: 0.3, Max: 0.3, Diff: 0.1, Sum: 1.6]
      [Update RS (ms): Min: 0.8, Avg: 0.8, Max: 0.8, Diff: 0.0, Sum: 4.9]
         [Processed Buffers: Min: 15, Avg: 17.0, Max: 19, Diff: 4, Sum: 102]
      [Scan RS (ms): Min: 0.0, Avg: 0.0, Max: 0.0, Diff: 0.0, Sum: 0.0]
      [Code Root Scanning (ms): Min: 0.0, Avg: 0.0, Max: 0.0, Diff: 0.0, Sum: 0.0]
      [Object Copy (ms): Min: 0.0, Avg: 0.1, Max: 0.1, Diff: 0.0, Sum: 0.3]
      [Termination (ms): Min: 0.0, Avg: 0.0, Max: 0.0, Diff: 0.0, Sum: 0.0]
         [Termination Attempts: Min: 1, Avg: 1.0, Max: 1, Diff: 0, Sum: 6]
      [GC Worker Other (ms): Min: 0.0, Avg: 0.0, Max: 0.0, Diff: 0.0, Sum: 0.1]
      [GC Worker Total (ms): Min: 1.1, Avg: 1.2, Max: 1.2, Diff: 0.1, Sum: 6.9]
      [GC Worker End (ms): Min: 75665.9, Avg: 75665.9, Max: 75665.9, Diff: 0.0]
   [Code Root Fixup: 0.0 ms]
   [Code Root Purge: 0.0 ms]
   [Clear CT: 0.2 ms]
   [Other: 1.1 ms]
      [Choose CSet: 0.0 ms]
      [Ref Proc: 0.1 ms]
      [Ref Enq: 0.0 ms]
      [Redirty Cards: 0.2 ms]
      [Humongous Register: 0.0 ms]
      [Humongous Reclaim: 0.4 ms]
      [Free CSet: 0.0 ms]
   [Eden: 3072.0K(163.0M)->0.0B(157.0M) Survivors: 1024.0K->1024.0K Heap: 742.3M(800.0M)->144.2M(800.0M)]
 [Times: user=0.00 sys=0.00, real=0.00 secs] 
2024-10-11T19:38:16.633+0300: 75.667: Total time for which application threads were stopped: 0.0070678 seconds, Stopping threads took: 0.0042429 seconds
2024-10-11T19:38:22.407+0300: 81.436: Application time: 5.7691842 seconds
2024-10-11T19:38:22.498+0300: 81.521: [GC pause (G1 Humongous Allocation) (young) (initial-mark), 0.0034102 secs]
   [Parallel Time: 2.1 ms, GC Workers: 6]
      [GC Worker Start (ms): Min: 81521.4, Avg: 81521.4, Max: 81521.4, Diff: 0.1]
      [Ext Root Scanning (ms): Min: 0.3, Avg: 0.3, Max: 0.3, Diff: 0.1, Sum: 1.8]
      [Update RS (ms): Min: 1.7, Avg: 1.7, Max: 1.8, Diff: 0.1, Sum: 10.3]
         [Processed Buffers: Min: 38, Avg: 44.2, Max: 50, Diff: 12, Sum: 265]
      [Scan RS (ms): Min: 0.0, Avg: 0.0, Max: 0.0, Diff: 0.0, Sum: 0.0]
      [Code Root Scanning (ms): Min: 0.0, Avg: 0.0, Max: 0.0, Diff: 0.0, Sum: 0.0]
      [Object Copy (ms): Min: 0.0, Avg: 0.0, Max: 0.1, Diff: 0.0, Sum: 0.2]
      [Termination (ms): Min: 0.0, Avg: 0.0, Max: 0.0, Diff: 0.0, Sum: 0.0]
         [Termination Attempts: Min: 1, Avg: 1.0, Max: 1, Diff: 0, Sum: 6]
      [GC Worker Other (ms): Min: 0.0, Avg: 0.0, Max: 0.0, Diff: 0.0, Sum: 0.1]
      [GC Worker Total (ms): Min: 2.0, Avg: 2.1, Max: 2.1, Diff: 0.1, Sum: 12.4]
      [GC Worker End (ms): Min: 81523.5, Avg: 81523.5, Max: 81523.5, Diff: 0.0]
   [Code Root Fixup: 0.0 ms]
   [Code Root Purge: 0.0 ms]
   [Clear CT: 0.1 ms]
   [Other: 1.1 ms]
      [Choose CSet: 0.0 ms]
      [Ref Proc: 0.1 ms]
      [Ref Enq: 0.0 ms]
      [Redirty Cards: 0.1 ms]
      [Humongous Register: 0.0 ms]
      [Humongous Reclaim: 0.1 ms]
      [Free CSet: 0.0 ms]
   [Eden: 3072.0K(157.0M)->0.0B(202.0M) Survivors: 1024.0K->1024.0K Heap: 336.9M(800.0M)->38300.8K(800.0M)]
 [Times: user=0.00 sys=0.00, real=0.00 secs] 
2024-10-11T19:38:22.498+0300: 2024-10-11T19:38:22.498+0300: 81.524: Total time for which application threads were stopped: 0.0878561 seconds, Stopping threads took: 0.0842428 seconds
81.524: [GC concurrent-root-region-scan-start]
2024-10-11T19:38:22.498+0300: 81.525: [GC concurrent-root-region-scan-end, 0.0005941 secs]
2024-10-11T19:38:22.498+0300: 81.525: [GC concurrent-mark-start]
2024-10-11T19:38:22.508+0300: 81.531: [GC concurrent-mark-end, 0.0037582 secs]
2024-10-11T19:38:22.529+0300: 81.554: Application time: 0.0298359 seconds
2024-10-11T19:38:24.304+0300: 83.328: [GC remark 2024-10-11T19:38:24.304+0300: 83.328: [Finalize Marking, 0.0023494 secs] 2024-10-11T19:38:24.304+0300: 83.330: [GC ref-proc, 0.0000753 secs] 2024-10-11T19:38:24.304+0300: 83.330: [Unloading, 0.0012585 secs], 0.0041543 secs]
 [Times: user=0.00 sys=0.00, real=0.00 secs] 
2024-10-11T19:38:24.304+0300: 83.332: Total time for which application threads were stopped: 1.7781168 seconds, Stopping threads took: 1.7738599 seconds
2024-10-11T19:38:24.304+0300: 83.333: Application time: 0.0005127 seconds
2024-10-11T19:38:24.304+0300: 83.333: [GC cleanup 270M->270M(800M), 0.0009265 secs]
 [Times: user=0.00 sys=0.00, real=0.00 secs] 
2024-10-11T19:38:24.304+0300: 83.334: Total time for which application threads were stopped: 0.0014873 seconds, Stopping threads took: 0.0005219 seconds
2024-10-11T19:38:36.015+0300: 95.047: Application time: 11.7129066 seconds
2024-10-11T19:38:38.322+0300: 97.345: [GC pause (G1 Humongous Allocation) (young), 0.0032628 secs]
   [Parallel Time: 1.7 ms, GC Workers: 6]
      [GC Worker Start (ms): Min: 97345.4, Avg: 97345.6, Max: 97345.7, Diff: 0.3]
      [Ext Root Scanning (ms): Min: 0.4, Avg: 0.5, Max: 0.7, Diff: 0.3, Sum: 3.1]
      [Update RS (ms): Min: 0.8, Avg: 0.9, Max: 0.9, Diff: 0.0, Sum: 5.3]
         [Processed Buffers: Min: 7, Avg: 10.8, Max: 15, Diff: 8, Sum: 65]
      [Scan RS (ms): Min: 0.0, Avg: 0.0, Max: 0.0, Diff: 0.0, Sum: 0.0]
      [Code Root Scanning (ms): Min: 0.0, Avg: 0.0, Max: 0.0, Diff: 0.0, Sum: 0.0]
      [Object Copy (ms): Min: 0.0, Avg: 0.1, Max: 0.1, Diff: 0.1, Sum: 0.4]
      [Termination (ms): Min: 0.0, Avg: 0.0, Max: 0.0, Diff: 0.0, Sum: 0.0]
         [Termination Attempts: Min: 1, Avg: 1.2, Max: 2, Diff: 1, Sum: 7]
      [GC Worker Other (ms): Min: 0.0, Avg: 0.0, Max: 0.0, Diff: 0.0, Sum: 0.1]
      [GC Worker Total (ms): Min: 1.3, Avg: 1.5, Max: 1.6, Diff: 0.3, Sum: 8.9]
      [GC Worker End (ms): Min: 97347.1, Avg: 97347.1, Max: 97347.1, Diff: 0.0]
   [Code Root Fixup: 0.0 ms]
   [Code Root Purge: 0.0 ms]
   [Clear CT: 0.3 ms]
   [Other: 1.3 ms]
      [Choose CSet: 0.0 ms]
      [Ref Proc: 0.2 ms]
      [Ref Enq: 0.0 ms]
      [Redirty Cards: 0.2 ms]
      [Humongous Register: 0.1 ms]
      [Humongous Reclaim: 0.5 ms]
      [Free CSet: 0.0 ms]
   [Eden: 4096.0K(202.0M)->0.0B(178.0M) Survivors: 1024.0K->1024.0K Heap: 754.3M(800.0M)->7051.9K(800.0M)]
 [Times: user=0.00 sys=0.00, real=0.00 secs] 
2024-10-11T19:38:38.322+0300: 97.349: Total time for which application threads were stopped: 2.3016086 seconds, Stopping threads took: 2.2980343 seconds
2024-10-11T19:38:44.120+0300: 103.149: Application time: 5.8007768 seconds
2024-10-11T19:38:44.214+0300: 103.238: [GC pause (G1 Humongous Allocation) (young) (initial-mark), 0.0042223 secs]
   [Parallel Time: 2.7 ms, GC Workers: 6]
      [GC Worker Start (ms): Min: 103238.6, Avg: 103238.7, Max: 103238.8, Diff: 0.1]
      [Ext Root Scanning (ms): Min: 0.2, Avg: 0.3, Max: 0.4, Diff: 0.1, Sum: 1.8]
      [Update RS (ms): Min: 2.2, Avg: 2.2, Max: 2.2, Diff: 0.0, Sum: 13.1]
         [Processed Buffers: Min: 51, Avg: 54.5, Max: 57, Diff: 6, Sum: 327]
      [Scan RS (ms): Min: 0.0, Avg: 0.0, Max: 0.0, Diff: 0.0, Sum: 0.0]
      [Code Root Scanning (ms): Min: 0.0, Avg: 0.0, Max: 0.0, Diff: 0.0, Sum: 0.0]
      [Object Copy (ms): Min: 0.0, Avg: 0.0, Max: 0.0, Diff: 0.0, Sum: 0.2]
      [Termination (ms): Min: 0.0, Avg: 0.0, Max: 0.0, Diff: 0.0, Sum: 0.0]
         [Termination Attempts: Min: 1, Avg: 1.0, Max: 1, Diff: 0, Sum: 6]
      [GC Worker Other (ms): Min: 0.0, Avg: 0.0, Max: 0.0, Diff: 0.0, Sum: 0.0]
      [GC Worker Total (ms): Min: 2.5, Avg: 2.5, Max: 2.6, Diff: 0.1, Sum: 15.2]
      [GC Worker End (ms): Min: 103241.2, Avg: 103241.2, Max: 103241.2, Diff: 0.0]
   [Code Root Fixup: 0.0 ms]
   [Code Root Purge: 0.0 ms]
   [Clear CT: 0.2 ms]
   [Other: 1.3 ms]
      [Choose CSet: 0.0 ms]
      [Ref Proc: 0.1 ms]
      [Ref Enq: 0.0 ms]
      [Redirty Cards: 0.1 ms]
      [Humongous Register: 0.0 ms]
      [Humongous Reclaim: 0.1 ms]
      [Free CSet: 0.0 ms]
   [Eden: 4096.0K(178.0M)->0.0B(164.0M) Survivors: 1024.0K->1024.0K Heap: 341.5M(800.0M)->41415.3K(800.0M)]
 [Times: user=0.00 sys=0.00, real=0.00 secs] 
2024-10-11T19:38:44.214+0300: 2024-10-11T19:38:44.214+0300: 103.242: 103.242: Total time for which application threads were stopped: 0.0927278 seconds, Stopping threads took: 0.0882577 seconds
[GC concurrent-root-region-scan-start]
2024-10-11T19:38:44.214+0300: 103.243: [GC concurrent-root-region-scan-end, 0.0008083 secs]
2024-10-11T19:38:44.214+0300: 103.243: [GC concurrent-mark-start]
2024-10-11T19:38:44.214+0300: 103.249: [GC concurrent-mark-end, 0.0048444 secs]
2024-10-11T19:38:44.261+0300: 103.286: Application time: 0.0439214 seconds
2024-10-11T19:38:46.540+0300: 105.563: [GC remark 2024-10-11T19:38:46.540+0300: 105.563: [Finalize Marking, 0.0005808 secs] 2024-10-11T19:38:46.540+0300: 105.563: [GC ref-proc, 0.0000762 secs] 2024-10-11T19:38:46.540+0300: 105.563: [Unloading, 0.0010384 secs], 0.0021390 secs]
 [Times: user=0.00 sys=0.00, real=0.00 secs] 
2024-10-11T19:38:46.540+0300: 105.565: Total time for which application threads were stopped: 2.2789248 seconds, Stopping threads took: 2.2766835 seconds
2024-10-11T19:38:46.540+0300: 105.567: Application time: 0.0018107 seconds
2024-10-11T19:38:48.756+0300: 107.779: [GC cleanup 303M->303M(800M), 0.0014944 secs]
 [Times: user=0.00 sys=0.00, real=0.00 secs] 
2024-10-11T19:38:48.756+0300: 107.780: Total time for which application threads were stopped: 2.2135986 seconds, Stopping threads took: 2.2120060 seconds
2024-10-11T19:38:54.713+0300: 113.740: Application time: 5.9601782 seconds
2024-10-11T19:38:59.394+0300: 118.418: [GC pause (G1 Humongous Allocation) (young), 0.0024026 secs]
   [Parallel Time: 1.2 ms, GC Workers: 6]
      [GC Worker Start (ms): Min: 118418.0, Avg: 118418.0, Max: 118418.1, Diff: 0.2]
      [Ext Root Scanning (ms): Min: 0.2, Avg: 0.3, Max: 0.3, Diff: 0.2, Sum: 1.6]
      [Update RS (ms): Min: 0.6, Avg: 0.6, Max: 0.7, Diff: 0.0, Sum: 3.9]
         [Processed Buffers: Min: 11, Avg: 11.8, Max: 13, Diff: 2, Sum: 71]
      [Scan RS (ms): Min: 0.0, Avg: 0.0, Max: 0.0, Diff: 0.0, Sum: 0.0]
      [Code Root Scanning (ms): Min: 0.0, Avg: 0.0, Max: 0.0, Diff: 0.0, Sum: 0.0]
      [Object Copy (ms): Min: 0.0, Avg: 0.0, Max: 0.1, Diff: 0.0, Sum: 0.2]
      [Termination (ms): Min: 0.0, Avg: 0.0, Max: 0.0, Diff: 0.0, Sum: 0.0]
         [Termination Attempts: Min: 1, Avg: 1.0, Max: 1, Diff: 0, Sum: 6]
      [GC Worker Other (ms): Min: 0.0, Avg: 0.0, Max: 0.0, Diff: 0.0, Sum: 0.1]
      [GC Worker Total (ms): Min: 0.9, Avg: 1.0, Max: 1.1, Diff: 0.2, Sum: 5.8]
      [GC Worker End (ms): Min: 118419.0, Avg: 118419.0, Max: 118419.0, Diff: 0.0]
   [Code Root Fixup: 0.0 ms]
   [Code Root Purge: 0.0 ms]
   [Clear CT: 0.2 ms]
   [Other: 1.0 ms]
      [Choose CSet: 0.0 ms]
      [Ref Proc: 0.2 ms]
      [Ref Enq: 0.0 ms]
      [Redirty Cards: 0.2 ms]
      [Humongous Register: 0.1 ms]
      [Humongous Reclaim: 0.3 ms]
      [Free CSet: 0.0 ms]
   [Eden: 3072.0K(164.0M)->0.0B(160.0M) Survivors: 1024.0K->1024.0K Heap: 753.7M(800.0M)->7039.4K(800.0M)]
 [Times: user=0.00 sys=0.00, real=0.00 secs] 
2024-10-11T19:38:59.394+0300: 118.420: Total time for which application threads were stopped: 4.6796325 seconds, Stopping threads took: 4.6769603 seconds
2024-10-11T19:39:05.192+0300: 124.221: Application time: 5.8007700 seconds
2024-10-11T19:39:05.271+0300: 124.294: [GC pause (G1 Humongous Allocation) (young) (initial-mark), 0.0042768 secs]
   [Parallel Time: 2.8 ms, GC Workers: 6]
      [GC Worker Start (ms): Min: 124294.7, Avg: 124294.8, Max: 124294.8, Diff: 0.1]
      [Ext Root Scanning (ms): Min: 0.4, Avg: 0.4, Max: 0.5, Diff: 0.1, Sum: 2.7]
      [Update RS (ms): Min: 2.1, Avg: 2.1, Max: 2.2, Diff: 0.0, Sum: 12.8]
         [Processed Buffers: Min: 42, Avg: 48.8, Max: 56, Diff: 14, Sum: 293]
      [Scan RS (ms): Min: 0.0, Avg: 0.0, Max: 0.0, Diff: 0.0, Sum: 0.0]
      [Code Root Scanning (ms): Min: 0.0, Avg: 0.0, Max: 0.0, Diff: 0.0, Sum: 0.0]
      [Object Copy (ms): Min: 0.0, Avg: 0.0, Max: 0.1, Diff: 0.0, Sum: 0.3]
      [Termination (ms): Min: 0.0, Avg: 0.0, Max: 0.0, Diff: 0.0, Sum: 0.0]
         [Termination Attempts: Min: 1, Avg: 1.0, Max: 1, Diff: 0, Sum: 6]
      [GC Worker Other (ms): Min: 0.0, Avg: 0.0, Max: 0.0, Diff: 0.0, Sum: 0.1]
      [GC Worker Total (ms): Min: 2.6, Avg: 2.7, Max: 2.7, Diff: 0.1, Sum: 15.9]
      [GC Worker End (ms): Min: 124297.4, Avg: 124297.4, Max: 124297.5, Diff: 0.0]
   [Code Root Fixup: 0.0 ms]
   [Code Root Purge: 0.0 ms]
   [Clear CT: 0.1 ms]
   [Other: 1.3 ms]
      [Choose CSet: 0.0 ms]
      [Ref Proc: 0.1 ms]
      [Ref Enq: 0.0 ms]
      [Redirty Cards: 0.1 ms]
      [Humongous Register: 0.0 ms]
      [Humongous Reclaim: 0.1 ms]
      [Free CSet: 0.0 ms]
   [Eden: 3072.0K(160.0M)->0.0B(156.0M) Survivors: 1024.0K->1024.0K Heap: 337.9M(800.0M)->38297.3K(800.0M)]
 [Times: user=0.00 sys=0.00, real=0.00 secs] 
2024-10-11T19:39:05.271+0300: 2024-10-11T19:39:05.271+0300: 124.298: Total time for which application threads were stopped: 0.0773305 seconds, Stopping threads took: 0.0727703 seconds
124.298: [GC concurrent-root-region-scan-start]
2024-10-11T19:39:05.271+0300: 124.299: [GC concurrent-root-region-scan-end, 0.0005068 secs]
2024-10-11T19:39:05.271+0300: 124.299: [GC concurrent-mark-start]
2024-10-11T19:39:05.271+0300: 124.303: [GC concurrent-mark-end, 0.0044259 secs]
2024-10-11T19:39:05.302+0300: 124.325: Application time: 0.0268795 seconds
2024-10-11T19:39:07.061+0300: 126.084: [GC remark 2024-10-11T19:39:07.061+0300: 126.084: [Finalize Marking, 0.0021453 secs] 2024-10-11T19:39:07.061+0300: 126.086: [GC ref-proc, 0.0000768 secs] 2024-10-11T19:39:07.061+0300: 126.086: [Unloading, 0.0012394 secs], 0.0037857 secs]
 [Times: user=0.00 sys=0.00, real=0.00 secs] 
2024-10-11T19:39:07.061+0300: 126.088: Total time for which application threads were stopped: 1.7627125 seconds, Stopping threads took: 1.7588551 seconds
2024-10-11T19:39:07.061+0300: 126.088: Application time: 0.0000846 seconds
2024-10-11T19:39:07.061+0300: 126.088: [GC cleanup 239M->239M(800M), 0.0008123 secs]
 [Times: user=0.00 sys=0.00, real=0.00 secs] 
2024-10-11T19:39:07.061+0300: 126.089: Total time for which application threads were stopped: 0.0013723 seconds, Stopping threads took: 0.0005227 seconds
2024-10-11T19:39:13.095+0300: 132.118: Application time: 6.0282012 seconds
2024-10-11T19:39:18.767+0300: 137.790: Total time for which application threads were stopped: 5.6724162 seconds, Stopping threads took: 5.6722968 seconds
2024-10-11T19:39:18.767+0300: 137.793: Application time: 0.0031436 seconds
2024-10-11T19:39:18.767+0300: 137.796: [GC pause (G1 Humongous Allocation) (young), 0.0027931 secs]
   [Parallel Time: 1.6 ms, GC Workers: 6]
      [GC Worker Start (ms): Min: 137796.6, Avg: 137796.6, Max: 137796.7, Diff: 0.1]
      [Ext Root Scanning (ms): Min: 0.2, Avg: 0.3, Max: 0.3, Diff: 0.1, Sum: 1.6]
      [Update RS (ms): Min: 0.9, Avg: 1.0, Max: 1.0, Diff: 0.0, Sum: 5.7]
         [Processed Buffers: Min: 14, Avg: 16.7, Max: 19, Diff: 5, Sum: 100]
      [Scan RS (ms): Min: 0.0, Avg: 0.0, Max: 0.0, Diff: 0.0, Sum: 0.0]
      [Code Root Scanning (ms): Min: 0.0, Avg: 0.0, Max: 0.0, Diff: 0.0, Sum: 0.1]
      [Object Copy (ms): Min: 0.0, Avg: 0.1, Max: 0.1, Diff: 0.0, Sum: 0.4]
      [Termination (ms): Min: 0.0, Avg: 0.0, Max: 0.0, Diff: 0.0, Sum: 0.0]
         [Termination Attempts: Min: 1, Avg: 1.2, Max: 2, Diff: 1, Sum: 7]
      [GC Worker Other (ms): Min: 0.0, Avg: 0.0, Max: 0.0, Diff: 0.0, Sum: 0.1]
      [GC Worker Total (ms): Min: 1.2, Avg: 1.3, Max: 1.4, Diff: 0.1, Sum: 7.9]
      [GC Worker End (ms): Min: 137797.9, Avg: 137798.0, Max: 137798.0, Diff: 0.0]
   [Code Root Fixup: 0.0 ms]
   [Code Root Purge: 0.0 ms]
   [Clear CT: 0.2 ms]
   [Other: 1.0 ms]
      [Choose CSet: 0.0 ms]
      [Ref Proc: 0.2 ms]
      [Ref Enq: 0.0 ms]
      [Redirty Cards: 0.1 ms]
      [Humongous Register: 0.0 ms]
      [Humongous Reclaim: 0.4 ms]
      [Free CSet: 0.0 ms]
   [Eden: 3072.0K(156.0M)->0.0B(156.0M) Survivors: 1024.0K->1024.0K Heap: 759.9M(800.0M)->112.2M(800.0M)]
 [Times: user=0.00 sys=0.00, real=0.00 secs] 
2024-10-11T19:39:18.767+0300: 137.799: Total time for which application threads were stopped: 0.0060983 seconds, Stopping threads took: 0.0030972 seconds
2024-10-11T19:39:24.569+0300: 143.596: Application time: 5.7963576 seconds
2024-10-11T19:39:24.645+0300: 143.668: [GC pause (G1 Humongous Allocation) (young) (initial-mark), 0.0047443 secs]
   [Parallel Time: 2.9 ms, GC Workers: 6]
      [GC Worker Start (ms): Min: 143668.9, Avg: 143669.0, Max: 143669.1, Diff: 0.1]
      [Ext Root Scanning (ms): Min: 0.4, Avg: 0.9, Max: 2.8, Diff: 2.3, Sum: 5.2]
      [Update RS (ms): Min: 0.0, Avg: 1.8, Max: 2.2, Diff: 2.2, Sum: 10.7]
         [Processed Buffers: Min: 0, Avg: 49.2, Max: 86, Diff: 86, Sum: 295]
      [Scan RS (ms): Min: 0.0, Avg: 0.0, Max: 0.0, Diff: 0.0, Sum: 0.0]
      [Code Root Scanning (ms): Min: 0.0, Avg: 0.0, Max: 0.0, Diff: 0.0, Sum: 0.0]
      [Object Copy (ms): Min: 0.0, Avg: 0.0, Max: 0.1, Diff: 0.1, Sum: 0.3]
      [Termination (ms): Min: 0.0, Avg: 0.0, Max: 0.0, Diff: 0.0, Sum: 0.1]
         [Termination Attempts: Min: 1, Avg: 1.0, Max: 1, Diff: 0, Sum: 6]
      [GC Worker Other (ms): Min: 0.0, Avg: 0.0, Max: 0.0, Diff: 0.0, Sum: 0.1]
      [GC Worker Total (ms): Min: 2.7, Avg: 2.7, Max: 2.8, Diff: 0.1, Sum: 16.4]
      [GC Worker End (ms): Min: 143671.7, Avg: 143671.7, Max: 143671.8, Diff: 0.0]
   [Code Root Fixup: 0.0 ms]
   [Code Root Purge: 0.0 ms]
   [Clear CT: 0.2 ms]
   [Other: 1.6 ms]
      [Choose CSet: 0.0 ms]
      [Ref Proc: 0.1 ms]
      [Ref Enq: 0.0 ms]
      [Redirty Cards: 0.2 ms]
      [Humongous Register: 0.0 ms]
      [Humongous Reclaim: 0.2 ms]
      [Free CSet: 0.0 ms]
   [Eden: 3072.0K(156.0M)->0.0B(190.0M) Survivors: 1024.0K->1024.0K Heap: 340.0M(800.0M)->41424.9K(800.0M)]
 [Times: user=0.00 sys=0.00, real=0.00 secs] 
2024-10-11T19:39:24.645+0300: 143.673: Total time for which application threads were stopped: 0.0771761 seconds, Stopping threads took: 0.0722013 seconds
2024-10-11T19:39:24.645+0300: 143.673: [GC concurrent-root-region-scan-start]
2024-10-11T19:39:24.645+0300: 143.673: [GC concurrent-root-region-scan-end, 0.0005131 secs]
2024-10-11T19:39:24.645+0300: 143.673: [GC concurrent-mark-start]
2024-10-11T19:39:24.645+0300: 143.677: [GC concurrent-mark-end, 0.0033386 secs]
2024-10-11T19:39:24.645+0300: 143.680: Application time: 0.0077354 seconds
2024-10-11T19:39:24.677+0300: 143.700: [GC remark 2024-10-11T19:39:24.677+0300: 143.700: [Finalize Marking, 0.0015876 secs] 2024-10-11T19:39:24.677+0300: 143.701: [GC ref-proc, 0.0000719 secs] 2024-10-11T19:39:24.677+0300: 143.702: [Unloading, 0.0013324 secs], 0.0034124 secs]
 [Times: user=0.00 sys=0.00, real=0.00 secs] 
2024-10-11T19:39:24.677+0300: 143.703: Total time for which application threads were stopped: 0.0227521 seconds, Stopping threads took: 0.0192395 seconds
2024-10-11T19:39:24.677+0300: 143.707: Application time: 0.0037127 seconds
2024-10-11T19:39:26.466+0300: 145.490: [GC cleanup 221M->221M(800M), 0.0015086 secs]
 [Times: user=0.00 sys=0.00, real=0.00 secs] 
2024-10-11T19:39:26.466+0300: 145.491: Total time for which application threads were stopped: 1.7842867 seconds, Stopping threads took: 1.7826691 seconds
2024-10-11T19:39:38.172+0300: 157.196: Application time: 11.7048588 seconds
2024-10-11T19:39:40.422+0300: 159.445: [GC pause (G1 Humongous Allocation) (young), 0.0027294 secs]
   [Parallel Time: 1.4 ms, GC Workers: 6]
      [GC Worker Start (ms): Min: 159445.2, Avg: 159445.4, Max: 159445.5, Diff: 0.3]
      [Ext Root Scanning (ms): Min: 0.2, Avg: 0.4, Max: 0.5, Diff: 0.3, Sum: 2.2]
      [Update RS (ms): Min: 0.8, Avg: 0.8, Max: 0.8, Diff: 0.0, Sum: 4.7]
         [Processed Buffers: Min: 13, Avg: 14.2, Max: 16, Diff: 3, Sum: 85]
      [Scan RS (ms): Min: 0.0, Avg: 0.0, Max: 0.0, Diff: 0.0, Sum: 0.0]
      [Code Root Scanning (ms): Min: 0.0, Avg: 0.0, Max: 0.0, Diff: 0.0, Sum: 0.0]
      [Object Copy (ms): Min: 0.0, Avg: 0.1, Max: 0.1, Diff: 0.0, Sum: 0.3]
      [Termination (ms): Min: 0.0, Avg: 0.0, Max: 0.0, Diff: 0.0, Sum: 0.0]
         [Termination Attempts: Min: 1, Avg: 1.3, Max: 2, Diff: 1, Sum: 8]
      [GC Worker Other (ms): Min: 0.0, Avg: 0.0, Max: 0.0, Diff: 0.0, Sum: 0.1]
      [GC Worker Total (ms): Min: 1.1, Avg: 1.2, Max: 1.4, Diff: 0.3, Sum: 7.3]
      [GC Worker End (ms): Min: 159446.6, Avg: 159446.6, Max: 159446.6, Diff: 0.0]
   [Code Root Fixup: 0.0 ms]
   [Code Root Purge: 0.0 ms]
   [Clear CT: 0.3 ms]
   [Other: 1.0 ms]
      [Choose CSet: 0.0 ms]
      [Ref Proc: 0.1 ms]
      [Ref Enq: 0.0 ms]
      [Redirty Cards: 0.2 ms]
      [Humongous Register: 0.1 ms]
      [Humongous Reclaim: 0.3 ms]
      [Free CSet: 0.0 ms]
   [Eden: 3072.0K(190.0M)->0.0B(174.0M) Survivors: 1024.0K->1024.0K Heap: 753.8M(800.0M)->7050.5K(800.0M)]
 [Times: user=0.00 sys=0.00, real=0.00 secs] 
2024-10-11T19:39:40.422+0300: 159.448: Total time for which application threads were stopped: 2.2516914 seconds, Stopping threads took: 2.2486834 seconds
2024-10-11T19:39:46.225+0300: 165.256: Application time: 5.8078896 seconds
2024-10-11T19:39:46.298+0300: 165.321: [GC pause (G1 Humongous Allocation) (young) (initial-mark), 0.0028000 secs]
   [Parallel Time: 1.7 ms, GC Workers: 6]
      [GC Worker Start (ms): Min: 165321.5, Avg: 165321.6, Max: 165321.7, Diff: 0.2]
      [Ext Root Scanning (ms): Min: 0.4, Avg: 0.5, Max: 0.6, Diff: 0.2, Sum: 3.2]
      [Update RS (ms): Min: 0.8, Avg: 0.8, Max: 0.9, Diff: 0.0, Sum: 5.1]
         [Processed Buffers: Min: 9, Avg: 13.8, Max: 18, Diff: 9, Sum: 83]
      [Scan RS (ms): Min: 0.0, Avg: 0.0, Max: 0.0, Diff: 0.0, Sum: 0.0]
      [Code Root Scanning (ms): Min: 0.0, Avg: 0.0, Max: 0.0, Diff: 0.0, Sum: 0.0]
      [Object Copy (ms): Min: 0.0, Avg: 0.1, Max: 0.1, Diff: 0.0, Sum: 0.3]
      [Termination (ms): Min: 0.0, Avg: 0.0, Max: 0.0, Diff: 0.0, Sum: 0.0]
         [Termination Attempts: Min: 1, Avg: 1.0, Max: 1, Diff: 0, Sum: 6]
      [GC Worker Other (ms): Min: 0.0, Avg: 0.0, Max: 0.0, Diff: 0.0, Sum: 0.1]
      [GC Worker Total (ms): Min: 1.4, Avg: 1.5, Max: 1.5, Diff: 0.2, Sum: 8.7]
      [GC Worker End (ms): Min: 165323.0, Avg: 165323.0, Max: 165323.0, Diff: 0.0]
   [Code Root Fixup: 0.0 ms]
   [Code Root Purge: 0.0 ms]
   [Clear CT: 0.2 ms]
   [Other: 0.9 ms]
      [Choose CSet: 0.0 ms]
      [Ref Proc: 0.2 ms]
      [Ref Enq: 0.0 ms]
      [Redirty Cards: 0.1 ms]
      [Humongous Register: 0.0 ms]
      [Humongous Reclaim: 0.3 ms]
      [Free CSet: 0.0 ms]
   [Eden: 3072.0K(174.0M)->0.0B(166.0M) Survivors: 1024.0K->1024.0K Heap: 341.0M(800.0M)->41431.7K(800.0M)]
 [Times: user=0.00 sys=0.00, real=0.00 secs] 
2024-10-11T19:39:46.298+0300: 2024-10-11T19:39:46.298+0300: 165.324: Total time for which application threads were stopped: 0.0683936 seconds, Stopping threads took: 0.0653425 seconds
165.324: [GC concurrent-root-region-scan-start]
2024-10-11T19:39:46.298+0300: 165.324: [GC concurrent-root-region-scan-end, 0.0003507 secs]
2024-10-11T19:39:46.298+0300: 165.324: [GC concurrent-mark-start]
2024-10-11T19:39:46.298+0300: 165.330: [GC concurrent-mark-end, 0.0048400 secs]
2024-10-11T19:39:46.298+0300: 165.333: Application time: 0.0091030 seconds
2024-10-11T19:39:46.330+0300: 165.353: [GC remark 2024-10-11T19:39:46.330+0300: 165.353: [Finalize Marking, 0.0020522 secs] 2024-10-11T19:39:46.330+0300: 165.355: [GC ref-proc, 0.0000761 secs] 2024-10-11T19:39:46.330+0300: 165.355: [Unloading, 0.0013054 secs], 0.0041048 secs]
 [Times: user=0.00 sys=0.00, real=0.00 secs] 
2024-10-11T19:39:46.330+0300: 165.357: Total time for which application threads were stopped: 0.0237609 seconds, Stopping threads took: 0.0195576 seconds
2024-10-11T19:39:46.330+0300: 165.364: Application time: 0.0066565 seconds
2024-10-11T19:39:46.361+0300: 165.384: [GC cleanup 237M->237M(800M), 0.0014663 secs]
 [Times: user=0.00 sys=0.00, real=0.00 secs] 
2024-10-11T19:39:46.361+0300: 165.386: Total time for which application threads were stopped: 0.0220188 seconds, Stopping threads took: 0.0204506 seconds
2024-10-11T19:39:58.180+0300: 177.207: Application time: 11.8212091 seconds
2024-10-11T19:40:01.053+0300: 180.077: [GC pause (G1 Humongous Allocation) (young), 0.0038790 secs]
   [Parallel Time: 1.6 ms, GC Workers: 6]
      [GC Worker Start (ms): Min: 180077.0, Avg: 180077.1, Max: 180077.1, Diff: 0.1]
      [Ext Root Scanning (ms): Min: 0.5, Avg: 0.5, Max: 0.6, Diff: 0.1, Sum: 3.2]
      [Update RS (ms): Min: 0.8, Avg: 0.8, Max: 0.8, Diff: 0.0, Sum: 4.8]
         [Processed Buffers: Min: 10, Avg: 13.5, Max: 18, Diff: 8, Sum: 81]
      [Scan RS (ms): Min: 0.0, Avg: 0.0, Max: 0.0, Diff: 0.0, Sum: 0.0]
      [Code Root Scanning (ms): Min: 0.0, Avg: 0.0, Max: 0.0, Diff: 0.0, Sum: 0.0]
      [Object Copy (ms): Min: 0.1, Avg: 0.1, Max: 0.1, Diff: 0.0, Sum: 0.4]
      [Termination (ms): Min: 0.0, Avg: 0.0, Max: 0.0, Diff: 0.0, Sum: 0.0]
         [Termination Attempts: Min: 1, Avg: 1.0, Max: 1, Diff: 0, Sum: 6]
      [GC Worker Other (ms): Min: 0.0, Avg: 0.0, Max: 0.0, Diff: 0.0, Sum: 0.1]
      [GC Worker Total (ms): Min: 1.3, Avg: 1.4, Max: 1.5, Diff: 0.1, Sum: 8.5]
      [GC Worker End (ms): Min: 180078.5, Avg: 180078.5, Max: 180078.5, Diff: 0.0]
   [Code Root Fixup: 0.0 ms]
   [Code Root Purge: 0.0 ms]
   [Clear CT: 0.2 ms]
   [Other: 2.1 ms]
      [Choose CSet: 0.0 ms]
      [Ref Proc: 0.1 ms]
      [Ref Enq: 0.0 ms]
      [Redirty Cards: 0.1 ms]
      [Humongous Register: 0.1 ms]
      [Humongous Reclaim: 1.5 ms]
      [Free CSet: 0.0 ms]
   [Eden: 3072.0K(166.0M)->0.0B(161.0M) Survivors: 1024.0K->1024.0K Heap: 753.8M(800.0M)->7065.5K(800.0M)]
 [Times: user=0.00 sys=0.00, real=0.00 secs] 
2024-10-11T19:40:01.053+0300: 180.081: Total time for which application threads were stopped: 2.8737514 seconds, Stopping threads took: 2.8695970 seconds
2024-10-11T19:40:06.929+0300: 185.963: Application time: 5.8824447 seconds
2024-10-11T19:40:07.008+0300: 186.031: [GC pause (G1 Humongous Allocation) (young) (initial-mark), 0.0023976 secs]
   [Parallel Time: 1.7 ms, GC Workers: 6]
      [GC Worker Start (ms): Min: 186031.1, Avg: 186031.2, Max: 186031.6, Diff: 0.4]
      [Ext Root Scanning (ms): Min: 0.0, Avg: 0.3, Max: 0.5, Diff: 0.5, Sum: 2.1]
      [Update RS (ms): Min: 1.1, Avg: 1.1, Max: 1.1, Diff: 0.1, Sum: 6.6]
         [Processed Buffers: Min: 7, Avg: 15.8, Max: 25, Diff: 18, Sum: 95]
      [Scan RS (ms): Min: 0.0, Avg: 0.0, Max: 0.0, Diff: 0.0, Sum: 0.0]
      [Code Root Scanning (ms): Min: 0.0, Avg: 0.0, Max: 0.0, Diff: 0.0, Sum: 0.0]
      [Object Copy (ms): Min: 0.0, Avg: 0.1, Max: 0.1, Diff: 0.1, Sum: 0.4]
      [Termination (ms): Min: 0.0, Avg: 0.0, Max: 0.0, Diff: 0.0, Sum: 0.1]
         [Termination Attempts: Min: 1, Avg: 1.0, Max: 1, Diff: 0, Sum: 6]
      [GC Worker Other (ms): Min: 0.0, Avg: 0.0, Max: 0.0, Diff: 0.0, Sum: 0.1]
      [GC Worker Total (ms): Min: 1.2, Avg: 1.5, Max: 1.6, Diff: 0.4, Sum: 9.2]
      [GC Worker End (ms): Min: 186032.8, Avg: 186032.8, Max: 186032.8, Diff: 0.0]
   [Code Root Fixup: 0.0 ms]
   [Code Root Purge: 0.0 ms]
   [Clear CT: 0.1 ms]
   [Other: 0.6 ms]
      [Choose CSet: 0.0 ms]
      [Ref Proc: 0.1 ms]
      [Ref Enq: 0.0 ms]
      [Redirty Cards: 0.1 ms]
      [Humongous Register: 0.0 ms]
      [Humongous Reclaim: 0.2 ms]
      [Free CSet: 0.0 ms]
   [Eden: 3072.0K(161.0M)->0.0B(160.0M) Survivors: 1024.0K->1024.0K Heap: 341.0M(800.0M)->41438.3K(800.0M)]
 [Times: user=0.00 sys=0.00, real=0.00 secs] 
2024-10-11T19:40:07.008+0300: 2024-10-11T19:40:07.008+0300: 186.033186.033: : [GC concurrent-root-region-scan-start]
Total time for which application threads were stopped: 0.0704353 seconds, Stopping threads took: 0.0678745 seconds
2024-10-11T19:40:07.008+0300: 186.034: [GC concurrent-root-region-scan-end, 0.0004375 secs]
2024-10-11T19:40:07.008+0300: 186.034: [GC concurrent-mark-start]
2024-10-11T19:40:07.008+0300: 186.040: [GC concurrent-mark-end, 0.0040503 secs]
2024-10-11T19:40:07.008+0300: 186.040: Application time: 0.0065493 seconds
2024-10-11T19:40:07.039+0300: 186.063: [GC remark 2024-10-11T19:40:07.039+0300: 186.063: [Finalize Marking, 0.0012888 secs] 2024-10-11T19:40:07.039+0300: 186.064: [GC ref-proc, 0.0000804 secs] 2024-10-11T19:40:07.039+0300: 186.064: [Unloading, 0.0013619 secs], 0.0033024 secs]
 [Times: user=0.00 sys=0.00, real=0.00 secs] 
2024-10-11T19:40:07.039+0300: 186.066: Total time for which application threads were stopped: 0.0257963 seconds, Stopping threads took: 0.0223891 seconds
2024-10-11T19:40:07.039+0300: 186.070: Application time: 0.0037725 seconds
2024-10-11T19:40:07.071+0300: 186.094: [GC cleanup 222M->222M(800M), 0.0015503 secs]
 [Times: user=0.00 sys=0.00, real=0.00 secs] 
2024-10-11T19:40:07.071+0300: 186.095: Total time for which application threads were stopped: 0.0258112 seconds, Stopping threads took: 0.0241618 seconds
2024-10-11T19:40:13.106+0300: 192.129: Application time: 6.0337731 seconds
2024-10-11T19:40:17.790+0300: 196.814: Total time for which application threads were stopped: 4.6845895 seconds, Stopping threads took: 4.6844818 seconds
2024-10-11T19:40:17.807+0300: 196.830: Application time: 0.0157981 seconds
2024-10-11T19:40:19.613+0300: 198.636: [GC pause (G1 Humongous Allocation) (young), 0.0029602 secs]
   [Parallel Time: 1.7 ms, GC Workers: 6]
      [GC Worker Start (ms): Min: 198636.8, Avg: 198636.9, Max: 198636.9, Diff: 0.1]
      [Ext Root Scanning (ms): Min: 0.2, Avg: 0.2, Max: 0.3, Diff: 0.1, Sum: 1.4]
      [Update RS (ms): Min: 0.9, Avg: 0.9, Max: 0.9, Diff: 0.1, Sum: 5.3]
         [Processed Buffers: Min: 11, Avg: 19.7, Max: 30, Diff: 19, Sum: 118]
      [Scan RS (ms): Min: 0.0, Avg: 0.0, Max: 0.0, Diff: 0.0, Sum: 0.0]
      [Code Root Scanning (ms): Min: 0.0, Avg: 0.0, Max: 0.0, Diff: 0.0, Sum: 0.0]
      [Object Copy (ms): Min: 0.3, Avg: 0.3, Max: 0.3, Diff: 0.0, Sum: 1.7]
      [Termination (ms): Min: 0.0, Avg: 0.0, Max: 0.0, Diff: 0.0, Sum: 0.2]
         [Termination Attempts: Min: 1, Avg: 1.0, Max: 1, Diff: 0, Sum: 6]
      [GC Worker Other (ms): Min: 0.0, Avg: 0.0, Max: 0.0, Diff: 0.0, Sum: 0.0]
      [GC Worker Total (ms): Min: 1.4, Avg: 1.5, Max: 1.5, Diff: 0.1, Sum: 8.7]
      [GC Worker End (ms): Min: 198638.3, Avg: 198638.3, Max: 198638.3, Diff: 0.0]
   [Code Root Fixup: 0.0 ms]
   [Code Root Purge: 0.0 ms]
   [Clear CT: 0.2 ms]
   [Other: 1.1 ms]
      [Choose CSet: 0.0 ms]
      [Ref Proc: 0.2 ms]
      [Ref Enq: 0.0 ms]
      [Redirty Cards: 0.2 ms]
      [Humongous Register: 0.0 ms]
      [Humongous Reclaim: 0.3 ms]
      [Free CSet: 0.0 ms]
   [Eden: 4096.0K(160.0M)->0.0B(159.0M) Survivors: 1024.0K->1024.0K Heap: 739.8M(800.0M)->141.2M(800.0M)]
 [Times: user=0.00 sys=0.00, real=0.00 secs] 
2024-10-11T19:40:19.613+0300: 198.639: Total time for which application threads were stopped: 1.8098272 seconds, Stopping threads took: 1.8065755 seconds
2024-10-11T19:40:25.380+0300: 204.418: Application time: 5.7781190 seconds
2024-10-11T19:40:25.474+0300: 204.497: [GC pause (G1 Humongous Allocation) (young) (initial-mark), 0.0041050 secs]
   [Parallel Time: 2.6 ms, GC Workers: 6]
      [GC Worker Start (ms): Min: 204498.2, Avg: 204498.3, Max: 204498.4, Diff: 0.2]
      [Ext Root Scanning (ms): Min: 0.4, Avg: 0.4, Max: 0.5, Diff: 0.2, Sum: 2.7]
      [Update RS (ms): Min: 1.8, Avg: 1.8, Max: 1.9, Diff: 0.0, Sum: 11.1]
         [Processed Buffers: Min: 46, Avg: 48.3, Max: 51, Diff: 5, Sum: 290]
      [Scan RS (ms): Min: 0.0, Avg: 0.0, Max: 0.0, Diff: 0.0, Sum: 0.0]
      [Code Root Scanning (ms): Min: 0.0, Avg: 0.0, Max: 0.0, Diff: 0.0, Sum: 0.0]
      [Object Copy (ms): Min: 0.1, Avg: 0.1, Max: 0.1, Diff: 0.1, Sum: 0.4]
      [Termination (ms): Min: 0.0, Avg: 0.0, Max: 0.0, Diff: 0.0, Sum: 0.1]
         [Termination Attempts: Min: 3, Avg: 6.0, Max: 8, Diff: 5, Sum: 36]
      [GC Worker Other (ms): Min: 0.0, Avg: 0.0, Max: 0.0, Diff: 0.0, Sum: 0.1]
      [GC Worker Total (ms): Min: 2.3, Avg: 2.4, Max: 2.5, Diff: 0.2, Sum: 14.4]
      [GC Worker End (ms): Min: 204500.7, Avg: 204500.7, Max: 204500.7, Diff: 0.0]
   [Code Root Fixup: 0.0 ms]
   [Code Root Purge: 0.0 ms]
   [Clear CT: 0.2 ms]
   [Other: 1.4 ms]
      [Choose CSet: 0.0 ms]
      [Ref Proc: 0.1 ms]
      [Ref Enq: 0.0 ms]
      [Redirty Cards: 0.1 ms]
      [Humongous Register: 0.0 ms]
      [Humongous Reclaim: 0.1 ms]
      [Free CSet: 0.0 ms]
   [Eden: 3072.0K(159.0M)->0.0B(178.0M) Survivors: 1024.0K->1024.0K Heap: 337.0M(800.0M)->38324.3K(800.0M)]
 [Times: user=0.00 sys=0.00, real=0.00 secs] 
2024-10-11T19:40:25.474+0300: 204.501: Total time for which application threads were stopped: 0.0839078 seconds, Stopping threads took: 0.0795878 seconds
2024-10-11T19:40:25.474+0300: 204.501: [GC concurrent-root-region-scan-start]
2024-10-11T19:40:25.474+0300: 204.502: [GC concurrent-root-region-scan-end, 0.0004479 secs]
2024-10-11T19:40:25.474+0300: 204.502: [GC concurrent-mark-start]
2024-10-11T19:40:25.474+0300: 204.506: [GC concurrent-mark-end, 0.0032722 secs]
2024-10-11T19:40:25.490+0300: 204.517: Application time: 0.0159591 seconds
2024-10-11T19:40:27.279+0300: 206.303: [GC remark 2024-10-11T19:40:27.279+0300: 206.303: [Finalize Marking, 0.0031221 secs] 2024-10-11T19:40:27.279+0300: 206.306: [GC ref-proc, 0.0000730 secs] 2024-10-11T19:40:27.279+0300: 206.306: [Unloading, 0.0012153 secs], 0.0048611 secs]
 [Times: user=0.00 sys=0.00, real=0.00 secs] 
2024-10-11T19:40:27.279+0300: 206.308: Total time for which application threads were stopped: 1.7903445 seconds, Stopping threads took: 1.7853815 seconds
2024-10-11T19:40:27.279+0300: 206.318: Application time: 0.0100302 seconds
2024-10-11T19:40:27.311+0300: 206.334: [GC cleanup 302M->302M(800M), 0.0017216 secs]
 [Times: user=0.00 sys=0.00, real=0.00 secs] 
2024-10-11T19:40:27.311+0300: 206.336: Total time for which application threads were stopped: 0.0182433 seconds, Stopping threads took: 0.0164120 seconds
2024-10-11T19:40:38.988+0300: 218.016: Application time: 11.6795024 seconds
2024-10-11T19:40:41.314+0300: 220.337: [GC pause (G1 Humongous Allocation) (young), 0.0025085 secs]
   [Parallel Time: 1.4 ms, GC Workers: 6]
      [GC Worker Start (ms): Min: 220337.4, Avg: 220337.5, Max: 220337.6, Diff: 0.2]
      [Ext Root Scanning (ms): Min: 0.2, Avg: 0.3, Max: 0.4, Diff: 0.1, Sum: 1.6]
      [Update RS (ms): Min: 0.8, Avg: 0.8, Max: 0.8, Diff: 0.1, Sum: 5.0]
         [Processed Buffers: Min: 12, Avg: 16.0, Max: 20, Diff: 8, Sum: 96]
      [Scan RS (ms): Min: 0.0, Avg: 0.0, Max: 0.0, Diff: 0.0, Sum: 0.0]
      [Code Root Scanning (ms): Min: 0.0, Avg: 0.0, Max: 0.0, Diff: 0.0, Sum: 0.0]
      [Object Copy (ms): Min: 0.0, Avg: 0.1, Max: 0.1, Diff: 0.0, Sum: 0.4]
      [Termination (ms): Min: 0.0, Avg: 0.0, Max: 0.0, Diff: 0.0, Sum: 0.0]
         [Termination Attempts: Min: 1, Avg: 1.5, Max: 2, Diff: 1, Sum: 9]
      [GC Worker Other (ms): Min: 0.0, Avg: 0.0, Max: 0.0, Diff: 0.0, Sum: 0.1]
      [GC Worker Total (ms): Min: 1.1, Avg: 1.2, Max: 1.3, Diff: 0.2, Sum: 7.1]
      [GC Worker End (ms): Min: 220338.7, Avg: 220338.7, Max: 220338.7, Diff: 0.0]
   [Code Root Fixup: 0.0 ms]
   [Code Root Purge: 0.0 ms]
   [Clear CT: 0.2 ms]
   [Other: 0.9 ms]
      [Choose CSet: 0.0 ms]
      [Ref Proc: 0.1 ms]
      [Ref Enq: 0.0 ms]
      [Redirty Cards: 0.2 ms]
      [Humongous Register: 0.0 ms]
      [Humongous Reclaim: 0.3 ms]
      [Free CSet: 0.0 ms]
   [Eden: 3072.0K(178.0M)->0.0B(170.0M) Survivors: 1024.0K->1024.0K Heap: 753.8M(800.0M)->7079.7K(800.0M)]
 [Times: user=0.00 sys=0.00, real=0.00 secs] 
2024-10-11T19:40:41.314+0300: 220.340: Total time for which application threads were stopped: 2.3242084 seconds, Stopping threads took: 2.3214910 seconds
2024-10-11T19:40:47.098+0300: 226.128: Application time: 5.7879525 seconds
2024-10-11T19:40:47.193+0300: 226.216: [GC pause (G1 Humongous Allocation) (young) (initial-mark), 0.0045327 secs]
   [Parallel Time: 3.1 ms, GC Workers: 6]
      [GC Worker Start (ms): Min: 226216.4, Avg: 226216.4, Max: 226216.4, Diff: 0.1]
      [Ext Root Scanning (ms): Min: 0.4, Avg: 0.5, Max: 0.5, Diff: 0.1, Sum: 3.0]
      [Update RS (ms): Min: 2.3, Avg: 2.4, Max: 2.4, Diff: 0.1, Sum: 14.3]
         [Processed Buffers: Min: 49, Avg: 55.3, Max: 62, Diff: 13, Sum: 332]
      [Scan RS (ms): Min: 0.0, Avg: 0.0, Max: 0.0, Diff: 0.0, Sum: 0.0]
      [Code Root Scanning (ms): Min: 0.0, Avg: 0.0, Max: 0.0, Diff: 0.0, Sum: 0.0]
      [Object Copy (ms): Min: 0.1, Avg: 0.1, Max: 0.1, Diff: 0.0, Sum: 0.4]
      [Termination (ms): Min: 0.0, Avg: 0.0, Max: 0.0, Diff: 0.0, Sum: 0.1]
         [Termination Attempts: Min: 1, Avg: 2.3, Max: 4, Diff: 3, Sum: 14]
      [GC Worker Other (ms): Min: 0.0, Avg: 0.0, Max: 0.0, Diff: 0.0, Sum: 0.1]
      [GC Worker Total (ms): Min: 2.9, Avg: 3.0, Max: 3.0, Diff: 0.1, Sum: 17.9]
      [GC Worker End (ms): Min: 226219.4, Avg: 226219.4, Max: 226219.4, Diff: 0.0]
   [Code Root Fixup: 0.0 ms]
   [Code Root Purge: 0.0 ms]
   [Clear CT: 0.2 ms]
   [Other: 1.2 ms]
      [Choose CSet: 0.0 ms]
      [Ref Proc: 0.2 ms]
      [Ref Enq: 0.0 ms]
      [Redirty Cards: 0.2 ms]
      [Humongous Register: 0.0 ms]
      [Humongous Reclaim: 0.1 ms]
      [Free CSet: 0.0 ms]
   [Eden: 3072.0K(170.0M)->0.0B(166.0M) Survivors: 1024.0K->1024.0K Heap: 341.0M(800.0M)->41469.9K(800.0M)]
 [Times: user=0.00 sys=0.00, real=0.00 secs] 
2024-10-11T19:40:47.193+0300: 2024-10-11T19:40:47.193+0300: 226.220: Total time for which application threads were stopped: 0.0925581 seconds, Stopping threads took: 0.0877941 seconds
226.220: [GC concurrent-root-region-scan-start]
2024-10-11T19:40:47.193+0300: 226.221: [GC concurrent-root-region-scan-end, 0.0007382 secs]
2024-10-11T19:40:47.193+0300: 226.221: [GC concurrent-mark-start]
2024-10-11T19:40:47.208+0300: 226.235: [GC concurrent-mark-end, 0.0111566 secs]
2024-10-11T19:40:47.224+0300: 226.251: Application time: 0.0311660 seconds
2024-10-11T19:40:49.014+0300: 228.037: [GC remark 2024-10-11T19:40:49.014+0300: 228.037: [Finalize Marking, 0.0013052 secs] 2024-10-11T19:40:49.014+0300: 228.039: [GC ref-proc, 0.0000794 secs] 2024-10-11T19:40:49.014+0300: 228.039: [Unloading, 0.0013492 secs], 0.0031153 secs]
 [Times: user=0.00 sys=0.00, real=0.00 secs] 
2024-10-11T19:40:49.014+0300: 228.040: Total time for which application threads were stopped: 1.7888051 seconds, Stopping threads took: 1.7855884 seconds
2024-10-11T19:40:49.014+0300: 228.046: Application time: 0.0053256 seconds
2024-10-11T19:40:51.340+0300: 230.363: [GC cleanup 303M->303M(800M), 0.0012389 secs]
 [Times: user=0.00 sys=0.00, real=0.00 secs] 
2024-10-11T19:40:51.340+0300: 230.364: Total time for which application threads were stopped: 2.3183817 seconds, Stopping threads took: 2.3170293 seconds
2024-10-11T19:41:02.921+0300: 241.953: Application time: 11.5886909 seconds
2024-10-11T19:41:03.047+0300: 242.070: [GC pause (G1 Humongous Allocation) (young), 0.0026984 secs]
   [Parallel Time: 1.7 ms, GC Workers: 6]
      [GC Worker Start (ms): Min: 242070.1, Avg: 242070.2, Max: 242070.3, Diff: 0.2]
      [Ext Root Scanning (ms): Min: 0.3, Avg: 0.4, Max: 0.4, Diff: 0.2, Sum: 2.2]
      [Update RS (ms): Min: 1.1, Avg: 1.1, Max: 1.1, Diff: 0.0, Sum: 6.4]
         [Processed Buffers: Min: 14, Avg: 18.3, Max: 23, Diff: 9, Sum: 110]
      [Scan RS (ms): Min: 0.0, Avg: 0.0, Max: 0.0, Diff: 0.0, Sum: 0.0]
      [Code Root Scanning (ms): Min: 0.0, Avg: 0.0, Max: 0.0, Diff: 0.0, Sum: 0.0]
      [Object Copy (ms): Min: 0.1, Avg: 0.1, Max: 0.1, Diff: 0.0, Sum: 0.4]
      [Termination (ms): Min: 0.0, Avg: 0.0, Max: 0.0, Diff: 0.0, Sum: 0.0]
         [Termination Attempts: Min: 1, Avg: 3.8, Max: 6, Diff: 5, Sum: 23]
      [GC Worker Other (ms): Min: 0.0, Avg: 0.0, Max: 0.0, Diff: 0.0, Sum: 0.1]
      [GC Worker Total (ms): Min: 1.4, Avg: 1.5, Max: 1.6, Diff: 0.2, Sum: 9.2]
      [GC Worker End (ms): Min: 242071.7, Avg: 242071.7, Max: 242071.7, Diff: 0.0]
   [Code Root Fixup: 0.0 ms]
   [Code Root Purge: 0.0 ms]
   [Clear CT: 0.2 ms]
   [Other: 0.8 ms]
      [Choose CSet: 0.0 ms]
      [Ref Proc: 0.1 ms]
      [Ref Enq: 0.0 ms]
      [Redirty Cards: 0.1 ms]
      [Humongous Register: 0.0 ms]
      [Humongous Reclaim: 0.3 ms]
      [Free CSet: 0.0 ms]
   [Eden: 3072.0K(166.0M)->0.0B(163.0M) Survivors: 1024.0K->1024.0K Heap: 753.8M(800.0M)->7100.0K(800.0M)]
 [Times: user=0.00 sys=0.00, real=0.00 secs] 
2024-10-11T19:41:03.047+0300: 242.073: Total time for which application threads were stopped: 0.1199642 seconds, Stopping threads took: 0.1170121 seconds
2024-10-11T19:41:08.830+0300: 247.854: Application time: 5.7817804 seconds
2024-10-11T19:41:08.907+0300: 247.930: [GC pause (G1 Humongous Allocation) (young) (initial-mark), 0.0043503 secs]
   [Parallel Time: 2.9 ms, GC Workers: 6]
      [GC Worker Start (ms): Min: 247931.3, Avg: 247931.3, Max: 247931.4, Diff: 0.1]
      [Ext Root Scanning (ms): Min: 0.3, Avg: 0.3, Max: 0.3, Diff: 0.1, Sum: 1.8]
      [Update RS (ms): Min: 2.3, Avg: 2.3, Max: 2.3, Diff: 0.0, Sum: 13.9]
         [Processed Buffers: Min: 54, Avg: 57.7, Max: 62, Diff: 8, Sum: 346]
      [Scan RS (ms): Min: 0.0, Avg: 0.0, Max: 0.0, Diff: 0.0, Sum: 0.0]
      [Code Root Scanning (ms): Min: 0.0, Avg: 0.0, Max: 0.0, Diff: 0.0, Sum: 0.0]
      [Object Copy (ms): Min: 0.0, Avg: 0.1, Max: 0.1, Diff: 0.0, Sum: 0.3]
      [Termination (ms): Min: 0.0, Avg: 0.0, Max: 0.0, Diff: 0.0, Sum: 0.1]
         [Termination Attempts: Min: 1, Avg: 1.0, Max: 1, Diff: 0, Sum: 6]
      [GC Worker Other (ms): Min: 0.0, Avg: 0.0, Max: 0.0, Diff: 0.0, Sum: 0.0]
      [GC Worker Total (ms): Min: 2.7, Avg: 2.7, Max: 2.7, Diff: 0.1, Sum: 16.2]
      [GC Worker End (ms): Min: 247934.0, Avg: 247934.0, Max: 247934.0, Diff: 0.0]
   [Code Root Fixup: 0.0 ms]
   [Code Root Purge: 0.0 ms]
   [Clear CT: 0.1 ms]
   [Other: 1.4 ms]
      [Choose CSet: 0.0 ms]
      [Ref Proc: 0.1 ms]
      [Ref Enq: 0.0 ms]
      [Redirty Cards: 0.1 ms]
      [Humongous Register: 0.0 ms]
      [Humongous Reclaim: 0.1 ms]
      [Free CSet: 0.0 ms]
   [Eden: 4096.0K(163.0M)->0.0B(162.0M) Survivors: 1024.0K->1024.0K Heap: 341.1M(800.0M)->41481.9K(800.0M)]
 [Times: user=0.00 sys=0.00, real=0.00 secs] 
2024-10-11T19:41:08.907+03002024-10-11T19:41:08.907+0300: : 247.935: Total time for which application threads were stopped: 0.0802543 seconds, Stopping threads took: 0.0756782 seconds
247.935: [GC concurrent-root-region-scan-start]
2024-10-11T19:41:08.907+0300: 247.935: [GC concurrent-root-region-scan-end, 0.0002599 secs]
2024-10-11T19:41:08.907+0300: 247.935: [GC concurrent-mark-start]
2024-10-11T19:41:08.907+0300: 247.941: [GC concurrent-mark-end, 0.0056018 secs]
2024-10-11T19:41:08.939+0300: 247.977: Application time: 0.0426327 seconds
2024-10-11T19:41:10.745+0300: 249.768: [GC remark 2024-10-11T19:41:10.745+0300: 249.768: [Finalize Marking, 0.0010740 secs] 2024-10-11T19:41:10.745+0300: 249.769: [GC ref-proc, 0.0001561 secs] 2024-10-11T19:41:10.745+0300: 249.769: [Unloading, 0.0016997 secs], 0.0033490 secs]
 [Times: user=0.00 sys=0.00, real=0.00 secs] 
2024-10-11T19:41:10.745+0300: 249.771: Total time for which application threads were stopped: 1.7941240 seconds, Stopping threads took: 1.7906614 seconds
2024-10-11T19:41:10.745+0300: 249.772: Application time: 0.0000862 seconds
2024-10-11T19:41:13.007+0300: 252.030: [GC cleanup 303M->303M(800M), 0.0011793 secs]
 [Times: user=0.00 sys=0.00, real=0.00 secs] 
2024-10-11T19:41:13.007+0300: 252.032: Total time for which application threads were stopped: 2.2600022 seconds, Stopping threads took: 2.2587274 seconds
2024-10-11T19:41:14.013+0300: 253.036: Application time: 1.0043459 seconds
2024-10-11T19:41:18.839+0300: 257.862: Total time for which application threads were stopped: 4.8257734 seconds, Stopping threads took: 4.8256914 seconds
2024-10-11T19:41:24.623+0300: 263.656: Application time: 5.7944399 seconds
2024-10-11T19:41:24.701+0300: 263.724: [GC pause (G1 Humongous Allocation) (young), 0.0027631 secs]
   [Parallel Time: 1.8 ms, GC Workers: 6]
      [GC Worker Start (ms): Min: 263724.4, Avg: 263724.5, Max: 263724.5, Diff: 0.1]
      [Ext Root Scanning (ms): Min: 0.4, Avg: 0.4, Max: 0.5, Diff: 0.1, Sum: 2.6]
      [Update RS (ms): Min: 1.1, Avg: 1.1, Max: 1.1, Diff: 0.0, Sum: 6.4]
         [Processed Buffers: Min: 16, Avg: 19.7, Max: 24, Diff: 8, Sum: 118]
      [Scan RS (ms): Min: 0.0, Avg: 0.0, Max: 0.0, Diff: 0.0, Sum: 0.0]
      [Code Root Scanning (ms): Min: 0.0, Avg: 0.0, Max: 0.0, Diff: 0.0, Sum: 0.0]
      [Object Copy (ms): Min: 0.1, Avg: 0.1, Max: 0.1, Diff: 0.0, Sum: 0.4]
      [Termination (ms): Min: 0.0, Avg: 0.0, Max: 0.0, Diff: 0.0, Sum: 0.0]
         [Termination Attempts: Min: 1, Avg: 3.8, Max: 8, Diff: 7, Sum: 23]
      [GC Worker Other (ms): Min: 0.0, Avg: 0.0, Max: 0.0, Diff: 0.0, Sum: 0.1]
      [GC Worker Total (ms): Min: 1.5, Avg: 1.6, Max: 1.7, Diff: 0.1, Sum: 9.6]
      [GC Worker End (ms): Min: 263726.1, Avg: 263726.1, Max: 263726.1, Diff: 0.0]
   [Code Root Fixup: 0.0 ms]
   [Code Root Purge: 0.0 ms]
   [Clear CT: 0.1 ms]
   [Other: 0.9 ms]
      [Choose CSet: 0.0 ms]
      [Ref Proc: 0.1 ms]
      [Ref Enq: 0.0 ms]
      [Redirty Cards: 0.1 ms]
      [Humongous Register: 0.1 ms]
      [Humongous Reclaim: 0.4 ms]
      [Free CSet: 0.0 ms]
   [Eden: 3072.0K(162.0M)->0.0B(162.0M) Survivors: 1024.0K->1024.0K Heap: 753.8M(800.0M)->7117.7K(800.0M)]
 [Times: user=0.00 sys=0.00, real=0.00 secs] 
2024-10-11T19:41:24.701+0300: 263.727: Total time for which application threads were stopped: 0.0708588 seconds, Stopping threads took: 0.0677582 seconds
2024-10-11T19:41:30.437+0300: 269.473: Application time: 5.7462826 seconds
2024-10-11T19:41:30.578+0300: 269.601: [GC pause (G1 Humongous Allocation) (young) (initial-mark), 0.0042550 secs]
   [Parallel Time: 3.0 ms, GC Workers: 6]
      [GC Worker Start (ms): Min: 269601.8, Avg: 269601.9, Max: 269601.9, Diff: 0.1]
      [Ext Root Scanning (ms): Min: 0.4, Avg: 0.5, Max: 0.5, Diff: 0.1, Sum: 2.8]
      [Update RS (ms): Min: 2.3, Avg: 2.3, Max: 2.3, Diff: 0.1, Sum: 13.7]
         [Processed Buffers: Min: 46, Avg: 55.0, Max: 65, Diff: 19, Sum: 330]
      [Scan RS (ms): Min: 0.0, Avg: 0.0, Max: 0.0, Diff: 0.0, Sum: 0.0]
      [Code Root Scanning (ms): Min: 0.0, Avg: 0.0, Max: 0.0, Diff: 0.0, Sum: 0.0]
      [Object Copy (ms): Min: 0.1, Avg: 0.1, Max: 0.1, Diff: 0.0, Sum: 0.5]
      [Termination (ms): Min: 0.0, Avg: 0.0, Max: 0.0, Diff: 0.0, Sum: 0.0]
         [Termination Attempts: Min: 1, Avg: 3.5, Max: 6, Diff: 5, Sum: 21]
      [GC Worker Other (ms): Min: 0.0, Avg: 0.0, Max: 0.0, Diff: 0.0, Sum: 0.1]
      [GC Worker Total (ms): Min: 2.8, Avg: 2.9, Max: 2.9, Diff: 0.1, Sum: 17.1]
      [GC Worker End (ms): Min: 269604.7, Avg: 269604.7, Max: 269604.7, Diff: 0.0]
   [Code Root Fixup: 0.0 ms]
   [Code Root Purge: 0.0 ms]
   [Clear CT: 0.1 ms]
   [Other: 1.2 ms]
      [Choose CSet: 0.0 ms]
      [Ref Proc: 0.1 ms]
      [Ref Enq: 0.0 ms]
      [Redirty Cards: 0.1 ms]
      [Humongous Register: 0.0 ms]
      [Humongous Reclaim: 0.1 ms]
      [Free CSet: 0.0 ms]
   [Eden: 3072.0K(162.0M)->0.0B(162.0M) Survivors: 1024.0K->1024.0K Heap: 338.0M(800.0M)->38369.9K(800.0M)]
 [Times: user=0.00 sys=0.00, real=0.00 secs] 
2024-10-11T19:41:30.578+0300: 2024-10-11T19:41:30.578+0300: 269.605: Total time for which application threads were stopped: 0.1320016 seconds, Stopping threads took: 0.1275131 seconds
269.605: [GC concurrent-root-region-scan-start]
2024-10-11T19:41:30.578+0300: 269.606: [GC concurrent-root-region-scan-end, 0.0004393 secs]
2024-10-11T19:41:30.578+0300: 269.606: [GC concurrent-mark-start]
2024-10-11T19:41:30.587+0300: 269.611: Application time: 0.0056166 seconds
2024-10-11T19:41:30.610+0300: 269.633: Total time for which application threads were stopped: 0.0218811 seconds, Stopping threads took: 0.0217533 seconds
2024-10-11T19:41:30.610+0300: 269.633: [GC concurrent-mark-end, 0.0272048 secs]
2024-10-11T19:41:30.610+0300: 269.634: Application time: 0.0010131 seconds
2024-10-11T19:41:32.399+0300: 271.422: [GC remark 2024-10-11T19:41:32.399+0300: 271.422: [Finalize Marking, 0.0010654 secs] 2024-10-11T19:41:32.399+0300: 271.424: [GC ref-proc, 0.0000773 secs] 2024-10-11T19:41:32.399+0300: 271.424: [Unloading, 0.0013134 secs], 0.0028671 secs]
 [Times: user=0.00 sys=0.00, real=0.00 secs] 
2024-10-11T19:41:32.399+0300: 271.425: Total time for which application threads were stopped: 1.7914484 seconds, Stopping threads took: 1.7884884 seconds
2024-10-11T19:41:32.399+0300: 271.430: Application time: 0.0044876 seconds
2024-10-11T19:41:32.415+0300: 271.438: [GC cleanup 222M->222M(800M), 0.0016780 secs]
 [Times: user=0.00 sys=0.00, real=0.00 secs] 
2024-10-11T19:41:32.415+0300: 271.439: Total time for which application threads were stopped: 0.0097466 seconds, Stopping threads took: 0.0079844 seconds
2024-10-11T19:41:36.154+0300: 275.183: Application time: 3.7437080 seconds
2024-10-11T19:41:36.184+0300: 275.207: Total time for which application threads were stopped: 0.0240429 seconds, Stopping threads took: 0.0239825 seconds
2024-10-11T19:41:36.184+0300: 275.208: Application time: 0.0002957 seconds
2024-10-11T19:41:36.184+0300: 275.208: Total time for which application threads were stopped: 0.0001008 seconds, Stopping threads took: 0.0000681 seconds
2024-10-11T19:41:36.184+0300: 275.215: Application time: 0.0075454 seconds
2024-10-11T19:41:36.184+0300: 275.216: Total time for which application threads were stopped: 0.0003251 seconds, Stopping threads took: 0.0002888 seconds
2024-10-11T19:41:42.127+0300: 281.154: Application time: 5.9382489 seconds
2024-10-11T19:41:45.047+0300: 284.070: [GC pause (G1 Humongous Allocation) (young), 0.0050935 secs]
   [Parallel Time: 3.4 ms, GC Workers: 6]
      [GC Worker Start (ms): Min: 284071.0, Avg: 284071.1, Max: 284071.1, Diff: 0.1]
      [Ext Root Scanning (ms): Min: 0.3, Avg: 0.3, Max: 0.4, Diff: 0.1, Sum: 1.9]
      [Update RS (ms): Min: 2.6, Avg: 2.6, Max: 2.7, Diff: 0.1, Sum: 15.8]
         [Processed Buffers: Min: 52, Avg: 61.5, Max: 71, Diff: 19, Sum: 369]
      [Scan RS (ms): Min: 0.0, Avg: 0.0, Max: 0.0, Diff: 0.0, Sum: 0.0]
      [Code Root Scanning (ms): Min: 0.0, Avg: 0.0, Max: 0.0, Diff: 0.0, Sum: 0.0]
      [Object Copy (ms): Min: 0.2, Avg: 0.3, Max: 0.3, Diff: 0.1, Sum: 1.5]
      [Termination (ms): Min: 0.0, Avg: 0.0, Max: 0.1, Diff: 0.1, Sum: 0.3]
         [Termination Attempts: Min: 1, Avg: 1.0, Max: 1, Diff: 0, Sum: 6]
      [GC Worker Other (ms): Min: 0.0, Avg: 0.0, Max: 0.0, Diff: 0.0, Sum: 0.1]
      [GC Worker Total (ms): Min: 3.2, Avg: 3.3, Max: 3.4, Diff: 0.1, Sum: 19.6]
      [GC Worker End (ms): Min: 284074.4, Avg: 284074.4, Max: 284074.4, Diff: 0.0]
   [Code Root Fixup: 0.0 ms]
   [Code Root Purge: 0.0 ms]
   [Clear CT: 0.1 ms]
   [Other: 1.5 ms]
      [Choose CSet: 0.0 ms]
      [Ref Proc: 0.1 ms]
      [Ref Enq: 0.0 ms]
      [Redirty Cards: 0.1 ms]
      [Humongous Register: 0.0 ms]
      [Humongous Reclaim: 0.3 ms]
      [Free CSet: 0.0 ms]
   [Eden: 8192.0K(162.0M)->0.0B(479.0M) Survivors: 1024.0K->1024.0K Heap: 742.3M(800.0M)->41512.8K(800.0M)]
 [Times: user=0.00 sys=0.00, real=0.00 secs] 
2024-10-11T19:41:45.047+0300: 284.075: Total time for which application threads were stopped: 2.9215198 seconds, Stopping threads took: 2.9161782 seconds
2024-10-11T19:41:50.847+0300: 289.875: Application time: 5.7993410 seconds
2024-10-11T19:41:50.909+0300: 289.932: [GC pause (G1 Humongous Allocation) (young) (initial-mark), 0.0040528 secs]
   [Parallel Time: 2.9 ms, GC Workers: 6]
      [GC Worker Start (ms): Min: 289932.9, Avg: 289932.9, Max: 289933.0, Diff: 0.1]
      [Ext Root Scanning (ms): Min: 0.3, Avg: 0.3, Max: 0.3, Diff: 0.1, Sum: 1.9]
      [Update RS (ms): Min: 2.4, Avg: 2.5, Max: 2.5, Diff: 0.0, Sum: 14.7]
         [Processed Buffers: Min: 56, Avg: 60.8, Max: 66, Diff: 10, Sum: 365]
      [Scan RS (ms): Min: 0.0, Avg: 0.0, Max: 0.0, Diff: 0.0, Sum: 0.0]
      [Code Root Scanning (ms): Min: 0.0, Avg: 0.0, Max: 0.0, Diff: 0.0, Sum: 0.0]
      [Object Copy (ms): Min: 0.0, Avg: 0.1, Max: 0.1, Diff: 0.1, Sum: 0.4]
      [Termination (ms): Min: 0.0, Avg: 0.0, Max: 0.0, Diff: 0.0, Sum: 0.1]
         [Termination Attempts: Min: 1, Avg: 1.5, Max: 2, Diff: 1, Sum: 9]
      [GC Worker Other (ms): Min: 0.0, Avg: 0.0, Max: 0.0, Diff: 0.0, Sum: 0.0]
      [GC Worker Total (ms): Min: 2.8, Avg: 2.8, Max: 2.9, Diff: 0.1, Sum: 17.1]
      [GC Worker End (ms): Min: 289935.8, Avg: 289935.8, Max: 289935.8, Diff: 0.0]
   [Code Root Fixup: 0.0 ms]
   [Code Root Purge: 0.0 ms]
   [Clear CT: 0.1 ms]
   [Other: 1.0 ms]
      [Choose CSet: 0.0 ms]
      [Ref Proc: 0.1 ms]
      [Ref Enq: 0.0 ms]
      [Redirty Cards: 0.1 ms]
      [Humongous Register: 0.0 ms]
      [Humongous Reclaim: 0.1 ms]
      [Free CSet: 0.0 ms]
   [Eden: 3072.0K(479.0M)->0.0B(310.0M) Survivors: 1024.0K->1024.0K Heap: 338.0M(800.0M)->38405.8K(800.0M)]
 [Times: user=0.00 sys=0.00, real=0.00 secs] 
2024-10-11T19:41:50.909+0300: 2024-10-11T19:41:50.909+0300: 289.936: Total time for which application threads were stopped: 0.0617223 seconds, Stopping threads took: 0.0574643 seconds
289.936: [GC concurrent-root-region-scan-start]
2024-10-11T19:41:50.909+0300: 289.937: [GC concurrent-root-region-scan-end, 0.0004430 secs]
2024-10-11T19:41:50.909+0300: 289.937: [GC concurrent-mark-start]
2024-10-11T19:41:50.909+0300: 289.944: [GC concurrent-mark-end, 0.0044056 secs]
2024-10-11T19:41:50.939+0300: 289.962: Application time: 0.0256194 seconds
2024-10-11T19:41:52.716+0300: 291.739: [GC remark 2024-10-11T19:41:52.716+0300: 291.739: [Finalize Marking, 0.0022451 secs] 2024-10-11T19:41:52.716+0300: 291.741: [GC ref-proc, 0.0001501 secs] 2024-10-11T19:41:52.716+0300: 291.741: [Unloading, 0.0011920 secs], 0.0040152 secs]
 [Times: user=0.00 sys=0.00, real=0.00 secs] 
2024-10-11T19:41:52.716+0300: 291.743: Total time for which application threads were stopped: 1.7809769 seconds, Stopping threads took: 1.7768470 seconds
2024-10-11T19:41:52.716+0300: 291.743: Application time: 0.0000829 seconds
2024-10-11T19:41:52.716+0300: 291.744: [GC cleanup 239M->239M(800M), 0.0009370 secs]
 [Times: user=0.00 sys=0.00, real=0.00 secs] 
2024-10-11T19:41:52.716+0300: 291.745: Total time for which application threads were stopped: 0.0015369 seconds, Stopping threads took: 0.0005580 seconds
2024-10-11T19:42:04.394+0300: 303.418: Application time: 11.6738281 seconds
2024-10-11T19:42:06.703+0300: 305.727: [GC pause (G1 Humongous Allocation) (young), 0.0032471 secs]
   [Parallel Time: 1.8 ms, GC Workers: 6]
      [GC Worker Start (ms): Min: 305727.3, Avg: 305727.4, Max: 305727.5, Diff: 0.2]
      [Ext Root Scanning (ms): Min: 0.3, Avg: 0.4, Max: 0.5, Diff: 0.2, Sum: 2.2]
      [Update RS (ms): Min: 1.1, Avg: 1.1, Max: 1.1, Diff: 0.0, Sum: 6.6]
         [Processed Buffers: Min: 18, Avg: 23.3, Max: 29, Diff: 11, Sum: 140]
      [Scan RS (ms): Min: 0.0, Avg: 0.0, Max: 0.0, Diff: 0.0, Sum: 0.0]
      [Code Root Scanning (ms): Min: 0.0, Avg: 0.0, Max: 0.0, Diff: 0.0, Sum: 0.0]
      [Object Copy (ms): Min: 0.1, Avg: 0.1, Max: 0.1, Diff: 0.0, Sum: 0.5]
      [Termination (ms): Min: 0.0, Avg: 0.0, Max: 0.0, Diff: 0.0, Sum: 0.0]
         [Termination Attempts: Min: 1, Avg: 1.8, Max: 2, Diff: 1, Sum: 11]
      [GC Worker Other (ms): Min: 0.0, Avg: 0.0, Max: 0.0, Diff: 0.0, Sum: 0.1]
      [GC Worker Total (ms): Min: 1.5, Avg: 1.6, Max: 1.7, Diff: 0.2, Sum: 9.4]
      [GC Worker End (ms): Min: 305729.0, Avg: 305729.0, Max: 305729.0, Diff: 0.0]
   [Code Root Fixup: 0.0 ms]
   [Code Root Purge: 0.0 ms]
   [Clear CT: 0.2 ms]
   [Other: 1.2 ms]
      [Choose CSet: 0.0 ms]
      [Ref Proc: 0.3 ms]
      [Ref Enq: 0.0 ms]
      [Redirty Cards: 0.2 ms]
      [Humongous Register: 0.1 ms]
      [Humongous Reclaim: 0.3 ms]
      [Free CSet: 0.0 ms]
   [Eden: 3072.0K(310.0M)->0.0B(214.0M) Survivors: 1024.0K->1024.0K Heap: 753.9M(800.0M)->7157.2K(800.0M)]
 [Times: user=0.00 sys=0.00, real=0.00 secs] 
2024-10-11T19:42:06.703+0300: 305.730: Total time for which application threads were stopped: 2.3118684 seconds, Stopping threads took: 2.3083402 seconds
2024-10-11T19:42:12.487+0300: 311.515: Application time: 5.7849606 seconds
2024-10-11T19:42:12.566+0300: 311.589: [GC pause (G1 Humongous Allocation) (young) (initial-mark), 0.0044776 secs]
   [Parallel Time: 3.1 ms, GC Workers: 6]
      [GC Worker Start (ms): Min: 311589.9, Avg: 311589.9, Max: 311589.9, Diff: 0.1]
      [Ext Root Scanning (ms): Min: 0.3, Avg: 0.4, Max: 0.4, Diff: 0.1, Sum: 2.2]
      [Update RS (ms): Min: 2.5, Avg: 2.6, Max: 2.6, Diff: 0.1, Sum: 15.5]
         [Processed Buffers: Min: 59, Avg: 64.2, Max: 69, Diff: 10, Sum: 385]
      [Scan RS (ms): Min: 0.0, Avg: 0.0, Max: 0.0, Diff: 0.0, Sum: 0.0]
      [Code Root Scanning (ms): Min: 0.0, Avg: 0.0, Max: 0.0, Diff: 0.0, Sum: 0.0]
      [Object Copy (ms): Min: 0.0, Avg: 0.0, Max: 0.0, Diff: 0.0, Sum: 0.2]
      [Termination (ms): Min: 0.0, Avg: 0.0, Max: 0.0, Diff: 0.0, Sum: 0.0]
         [Termination Attempts: Min: 1, Avg: 1.3, Max: 2, Diff: 1, Sum: 8]
      [GC Worker Other (ms): Min: 0.0, Avg: 0.0, Max: 0.0, Diff: 0.0, Sum: 0.1]
      [GC Worker Total (ms): Min: 3.0, Avg: 3.0, Max: 3.0, Diff: 0.1, Sum: 18.0]
      [GC Worker End (ms): Min: 311592.9, Avg: 311592.9, Max: 311592.9, Diff: 0.0]
   [Code Root Fixup: 0.0 ms]
   [Code Root Purge: 0.0 ms]
   [Clear CT: 0.1 ms]
   [Other: 1.3 ms]
      [Choose CSet: 0.0 ms]
      [Ref Proc: 0.1 ms]
      [Ref Enq: 0.0 ms]
      [Redirty Cards: 0.1 ms]
      [Humongous Register: 0.0 ms]
      [Humongous Reclaim: 0.1 ms]
      [Free CSet: 0.0 ms]
   [Eden: 3072.0K(214.0M)->0.0B(193.0M) Survivors: 1024.0K->1024.0K Heap: 338.1M(800.0M)->38407.0K(800.0M)]
 [Times: user=0.00 sys=0.00, real=0.00 secs] 
2024-10-11T19:42:12.566+0300: 2024-10-11T19:42:12.566+0300: 311.594: Total time for which application threads were stopped: 0.0782321 seconds, Stopping threads took: 0.0735199 seconds
311.594: [GC concurrent-root-region-scan-start]
2024-10-11T19:42:12.566+0300: 311.594: [GC concurrent-root-region-scan-end, 0.0004899 secs]
2024-10-11T19:42:12.566+0300: 311.594: [GC concurrent-mark-start]
2024-10-11T19:42:12.582+0300: 311.606: [GC concurrent-mark-end, 0.0115788 secs]
2024-10-11T19:42:12.594+0300: 311.617: Application time: 0.0237083 seconds
2024-10-11T19:42:14.372+0300: 313.395: [GC remark 2024-10-11T19:42:14.372+0300: 313.395: [Finalize Marking, 0.0023196 secs] 2024-10-11T19:42:14.372+0300: 313.398: [GC ref-proc, 0.0000789 secs] 2024-10-11T19:42:14.372+0300: 313.398: [Unloading, 0.0013329 secs], 0.0041781 secs]
 [Times: user=0.00 sys=0.00, real=0.00 secs] 
2024-10-11T19:42:14.372+0300: 313.400: Total time for which application threads were stopped: 1.7823038 seconds, Stopping threads took: 1.7780160 seconds
2024-10-11T19:42:14.372+0300: 313.409: Application time: 0.0093851 seconds
2024-10-11T19:42:16.178+0300: 315.201: [GC cleanup 301M->301M(800M), 0.0014195 secs]
 [Times: user=0.00 sys=0.00, real=0.00 secs] 
2024-10-11T19:42:16.178+0300: 315.202: Total time for which application threads were stopped: 1.7933111 seconds, Stopping threads took: 1.7917824 seconds
2024-10-11T19:42:27.793+0300: 326.825: Application time: 11.6230199 seconds
2024-10-11T19:42:29.614+0300: 328.638: [GC pause (G1 Humongous Allocation) (young), 0.0034163 secs]
   [Parallel Time: 2.1 ms, GC Workers: 6]
      [GC Worker Start (ms): Min: 328638.3, Avg: 328638.4, Max: 328638.5, Diff: 0.2]
      [Ext Root Scanning (ms): Min: 0.4, Avg: 0.5, Max: 0.6, Diff: 0.2, Sum: 3.0]
      [Update RS (ms): Min: 1.2, Avg: 1.3, Max: 1.3, Diff: 0.0, Sum: 7.5]
         [Processed Buffers: Min: 16, Avg: 25.7, Max: 36, Diff: 20, Sum: 154]
      [Scan RS (ms): Min: 0.0, Avg: 0.0, Max: 0.0, Diff: 0.0, Sum: 0.0]
      [Code Root Scanning (ms): Min: 0.0, Avg: 0.0, Max: 0.0, Diff: 0.0, Sum: 0.0]
      [Object Copy (ms): Min: 0.0, Avg: 0.0, Max: 0.1, Diff: 0.0, Sum: 0.3]
      [Termination (ms): Min: 0.0, Avg: 0.0, Max: 0.0, Diff: 0.0, Sum: 0.1]
         [Termination Attempts: Min: 1, Avg: 1.0, Max: 1, Diff: 0, Sum: 6]
      [GC Worker Other (ms): Min: 0.0, Avg: 0.0, Max: 0.0, Diff: 0.0, Sum: 0.1]
      [GC Worker Total (ms): Min: 1.7, Avg: 1.8, Max: 1.9, Diff: 0.2, Sum: 10.9]
      [GC Worker End (ms): Min: 328640.2, Avg: 328640.2, Max: 328640.2, Diff: 0.0]
   [Code Root Fixup: 0.0 ms]
   [Code Root Purge: 0.0 ms]
   [Clear CT: 0.2 ms]
   [Other: 1.1 ms]
      [Choose CSet: 0.0 ms]
      [Ref Proc: 0.2 ms]
      [Ref Enq: 0.0 ms]
      [Redirty Cards: 0.2 ms]
      [Humongous Register: 0.1 ms]
      [Humongous Reclaim: 0.3 ms]
      [Free CSet: 0.0 ms]
   [Eden: 3072.0K(193.0M)->0.0B(176.0M) Survivors: 1024.0K->1024.0K Heap: 753.9M(800.0M)->7167.0K(800.0M)]
 [Times: user=0.00 sys=0.00, real=0.00 secs] 
2024-10-11T19:42:29.614+0300: 328.641: Total time for which application threads were stopped: 1.8161818 seconds, Stopping threads took: 1.8124871 seconds
2024-10-11T19:42:35.396+0300: 334.429: Application time: 5.7875402 seconds
2024-10-11T19:42:35.474+0300: 334.498: [GC pause (G1 Humongous Allocation) (young) (initial-mark), 0.0049974 secs]
   [Parallel Time: 3.5 ms, GC Workers: 6]
      [GC Worker Start (ms): Min: 334498.6, Avg: 334498.7, Max: 334498.7, Diff: 0.1]
      [Ext Root Scanning (ms): Min: 0.3, Avg: 0.4, Max: 0.5, Diff: 0.1, Sum: 2.5]
      [Update RS (ms): Min: 2.9, Avg: 2.9, Max: 2.9, Diff: 0.0, Sum: 17.4]
         [Processed Buffers: Min: 65, Avg: 66.7, Max: 69, Diff: 4, Sum: 400]
      [Scan RS (ms): Min: 0.0, Avg: 0.0, Max: 0.0, Diff: 0.0, Sum: 0.0]
      [Code Root Scanning (ms): Min: 0.0, Avg: 0.0, Max: 0.0, Diff: 0.0, Sum: 0.0]
      [Object Copy (ms): Min: 0.0, Avg: 0.0, Max: 0.1, Diff: 0.0, Sum: 0.3]
      [Termination (ms): Min: 0.0, Avg: 0.0, Max: 0.0, Diff: 0.0, Sum: 0.0]
         [Termination Attempts: Min: 1, Avg: 1.2, Max: 2, Diff: 1, Sum: 7]
      [GC Worker Other (ms): Min: 0.0, Avg: 0.0, Max: 0.0, Diff: 0.0, Sum: 0.1]
      [GC Worker Total (ms): Min: 3.3, Avg: 3.4, Max: 3.4, Diff: 0.1, Sum: 20.2]
      [GC Worker End (ms): Min: 334502.0, Avg: 334502.0, Max: 334502.0, Diff: 0.0]
   [Code Root Fixup: 0.0 ms]
   [Code Root Purge: 0.0 ms]
   [Clear CT: 0.1 ms]
   [Other: 1.3 ms]
      [Choose CSet: 0.0 ms]
      [Ref Proc: 0.1 ms]
      [Ref Enq: 0.0 ms]
      [Redirty Cards: 0.1 ms]
      [Humongous Register: 0.0 ms]
      [Humongous Reclaim: 0.1 ms]
      [Free CSet: 0.0 ms]
   [Eden: 3072.0K(176.0M)->0.0B(167.0M) Survivors: 1024.0K->1024.0K Heap: 338.1M(800.0M)->38418.5K(800.0M)]
 [Times: user=0.00 sys=0.00, real=0.00 secs] 
2024-10-11T19:42:35.474+0300: 2024-10-11T19:42:35.474+0300: 334.503: Total time for which application threads were stopped: 0.0737268 seconds, Stopping threads took: 0.0685060 seconds
334.503: [GC concurrent-root-region-scan-start]
2024-10-11T19:42:35.474+0300: 334.503: [GC concurrent-root-region-scan-end, 0.0004701 secs]
2024-10-11T19:42:35.474+0300: 334.503: [GC concurrent-mark-start]
2024-10-11T19:42:35.490+0300: 334.513: [GC concurrent-mark-end, 0.0100282 secs]
2024-10-11T19:42:35.506+0300: 334.536: Application time: 0.0329489 seconds
2024-10-11T19:42:37.295+0300: 336.318: [GC remark 2024-10-11T19:42:37.295+0300: 336.318: [Finalize Marking, 0.0017657 secs] 2024-10-11T19:42:37.295+0300: 336.320: [GC ref-proc, 0.0001480 secs] 2024-10-11T19:42:37.295+0300: 336.320: [Unloading, 0.0012888 secs], 0.0037570 secs]
 [Times: user=0.00 sys=0.00, real=0.00 secs] 
2024-10-11T19:42:37.295+0300: 336.322: Total time for which application threads were stopped: 1.7863951 seconds, Stopping threads took: 1.7825333 seconds
2024-10-11T19:42:37.295+0300: 336.331: Application time: 0.0091109 seconds
2024-10-11T19:42:39.101+0300: 338.124: [GC cleanup 304M->304M(800M), 0.0017237 secs]
 [Times: user=0.00 sys=0.00, real=0.00 secs] 
2024-10-11T19:42:39.101+0300: 338.126: Total time for which application threads were stopped: 1.7949038 seconds, Stopping threads took: 1.7930822 seconds
2024-10-11T19:42:50.715+0300: 349.749: Application time: 11.6233006 seconds
2024-10-11T19:42:52.551+0300: 351.574: [GC pause (G1 Humongous Allocation) (young), 0.0026821 secs]
   [Parallel Time: 1.7 ms, GC Workers: 6]
      [GC Worker Start (ms): Min: 351574.1, Avg: 351574.1, Max: 351574.1, Diff: 0.1]
      [Ext Root Scanning (ms): Min: 0.2, Avg: 0.3, Max: 0.9, Diff: 0.7, Sum: 2.0]
      [Update RS (ms): Min: 0.7, Avg: 1.2, Max: 1.4, Diff: 0.7, Sum: 7.4]
         [Processed Buffers: Min: 3, Avg: 28.5, Max: 50, Diff: 47, Sum: 171]
      [Scan RS (ms): Min: 0.0, Avg: 0.0, Max: 0.0, Diff: 0.0, Sum: 0.0]
      [Code Root Scanning (ms): Min: 0.0, Avg: 0.0, Max: 0.0, Diff: 0.0, Sum: 0.0]
      [Object Copy (ms): Min: 0.0, Avg: 0.0, Max: 0.1, Diff: 0.0, Sum: 0.2]
      [Termination (ms): Min: 0.0, Avg: 0.0, Max: 0.0, Diff: 0.0, Sum: 0.1]
         [Termination Attempts: Min: 1, Avg: 1.2, Max: 2, Diff: 1, Sum: 7]
      [GC Worker Other (ms): Min: 0.0, Avg: 0.0, Max: 0.0, Diff: 0.0, Sum: 0.0]
      [GC Worker Total (ms): Min: 1.6, Avg: 1.6, Max: 1.7, Diff: 0.1, Sum: 9.8]
      [GC Worker End (ms): Min: 351575.7, Avg: 351575.7, Max: 351575.7, Diff: 0.0]
   [Code Root Fixup: 0.0 ms]
   [Code Root Purge: 0.0 ms]
   [Clear CT: 0.1 ms]
   [Other: 0.8 ms]
      [Choose CSet: 0.0 ms]
      [Ref Proc: 0.1 ms]
      [Ref Enq: 0.0 ms]
      [Redirty Cards: 0.1 ms]
      [Humongous Register: 0.0 ms]
      [Humongous Reclaim: 0.5 ms]
      [Free CSet: 0.0 ms]
   [Eden: 3072.0K(167.0M)->0.0B(163.0M) Survivors: 1024.0K->1024.0K Heap: 753.9M(800.0M)->7172.5K(800.0M)]
 [Times: user=0.00 sys=0.00, real=0.00 secs] 
2024-10-11T19:42:52.551+0300: 351.577: Total time for which application threads were stopped: 1.8273078 seconds, Stopping threads took: 1.8244150 seconds
2024-10-11T19:42:58.335+0300: 357.369: Application time: 5.7928050 seconds
2024-10-11T19:42:58.429+0300: 357.452: [GC pause (G1 Humongous Allocation) (young) (initial-mark), 0.0044575 secs]
   [Parallel Time: 3.3 ms, GC Workers: 6]
      [GC Worker Start (ms): Min: 357452.6, Avg: 357452.6, Max: 357452.9, Diff: 0.3]
      [Ext Root Scanning (ms): Min: 0.0, Avg: 0.3, Max: 0.4, Diff: 0.3, Sum: 1.6]
      [Update RS (ms): Min: 2.7, Avg: 2.8, Max: 2.8, Diff: 0.1, Sum: 16.7]
         [Processed Buffers: Min: 67, Avg: 69.8, Max: 73, Diff: 6, Sum: 419]
      [Scan RS (ms): Min: 0.0, Avg: 0.0, Max: 0.0, Diff: 0.0, Sum: 0.0]
      [Code Root Scanning (ms): Min: 0.0, Avg: 0.0, Max: 0.0, Diff: 0.0, Sum: 0.0]
      [Object Copy (ms): Min: 0.0, Avg: 0.1, Max: 0.1, Diff: 0.0, Sum: 0.4]
      [Termination (ms): Min: 0.0, Avg: 0.0, Max: 0.0, Diff: 0.0, Sum: 0.0]
         [Termination Attempts: Min: 1, Avg: 1.0, Max: 1, Diff: 0, Sum: 6]
      [GC Worker Other (ms): Min: 0.0, Avg: 0.0, Max: 0.0, Diff: 0.0, Sum: 0.0]
      [GC Worker Total (ms): Min: 2.9, Avg: 3.1, Max: 3.2, Diff: 0.3, Sum: 18.7]
      [GC Worker End (ms): Min: 357455.8, Avg: 357455.8, Max: 357455.8, Diff: 0.0]
   [Code Root Fixup: 0.0 ms]
   [Code Root Purge: 0.0 ms]
   [Clear CT: 0.1 ms]
   [Other: 1.1 ms]
      [Choose CSet: 0.0 ms]
      [Ref Proc: 0.1 ms]
      [Ref Enq: 0.0 ms]
      [Redirty Cards: 0.1 ms]
      [Humongous Register: 0.0 ms]
      [Humongous Reclaim: 0.1 ms]
      [Free CSet: 0.0 ms]
   [Eden: 3072.0K(163.0M)->0.0B(160.0M) Survivors: 1024.0K->1024.0K Heap: 338.1M(800.0M)->38434.7K(800.0M)]
 [Times: user=0.00 sys=0.00, real=0.00 secs] 
2024-10-11T19:42:58.429+0300: 2024-10-11T19:42:58.429+0300: 357.456: Total time for which application threads were stopped: 0.0868134 seconds, Stopping threads took: 0.0821715 seconds
357.456: [GC concurrent-root-region-scan-start]
2024-10-11T19:42:58.429+0300: 357.457: [GC concurrent-root-region-scan-end, 0.0005323 secs]
2024-10-11T19:42:58.429+0300: 357.457: [GC concurrent-mark-start]
2024-10-11T19:42:58.429+0300: 357.465: [GC concurrent-mark-end, 0.0084104 secs]
2024-10-11T19:42:58.460+0300: 357.484: Application time: 0.0277342 seconds
2024-10-11T19:43:00.267+0300: 359.291: [GC remark 2024-10-11T19:43:00.267+0300: 359.291: [Finalize Marking, 0.0018504 secs] 2024-10-11T19:43:00.267+0300: 359.293: [GC ref-proc, 0.0001717 secs] 2024-10-11T19:43:00.267+0300: 359.293: [Unloading, 0.0017541 secs], 0.0043047 secs]
 [Times: user=0.00 sys=0.00, real=0.00 secs] 
2024-10-11T19:43:00.267+0300: 359.295: Total time for which application threads were stopped: 1.8110835 seconds, Stopping threads took: 1.8066498 seconds
2024-10-11T19:43:00.267+0300: 359.295: Application time: 0.0001039 seconds
2024-10-11T19:43:00.267+0300: 359.295: [GC cleanup 256M->256M(800M), 0.0010945 secs]
 [Times: user=0.00 sys=0.00, real=0.00 secs] 
2024-10-11T19:43:00.267+0300: 359.297: Total time for which application threads were stopped: 0.0012696 seconds, Stopping threads took: 0.0001234 seconds
2024-10-11T19:43:11.881+0300: 370.909: Application time: 11.6123553 seconds
2024-10-11T19:43:13.702+0300: 372.725: [GC pause (G1 Humongous Allocation) (young), 0.0053942 secs]
   [Parallel Time: 3.6 ms, GC Workers: 6]
      [GC Worker Start (ms): Min: 372725.6, Avg: 372725.7, Max: 372725.7, Diff: 0.1]
      [Ext Root Scanning (ms): Min: 0.2, Avg: 0.2, Max: 0.3, Diff: 0.1, Sum: 1.4]
      [Update RS (ms): Min: 3.1, Avg: 3.1, Max: 3.1, Diff: 0.0, Sum: 18.8]
         [Processed Buffers: Min: 73, Avg: 76.7, Max: 79, Diff: 6, Sum: 460]
      [Scan RS (ms): Min: 0.0, Avg: 0.0, Max: 0.0, Diff: 0.0, Sum: 0.0]
      [Code Root Scanning (ms): Min: 0.0, Avg: 0.0, Max: 0.0, Diff: 0.0, Sum: 0.0]
      [Object Copy (ms): Min: 0.0, Avg: 0.0, Max: 0.0, Diff: 0.0, Sum: 0.3]
      [Termination (ms): Min: 0.0, Avg: 0.0, Max: 0.0, Diff: 0.0, Sum: 0.0]
         [Termination Attempts: Min: 1, Avg: 1.3, Max: 2, Diff: 1, Sum: 8]
      [GC Worker Other (ms): Min: 0.0, Avg: 0.0, Max: 0.0, Diff: 0.0, Sum: 0.0]
      [GC Worker Total (ms): Min: 3.4, Avg: 3.4, Max: 3.5, Diff: 0.1, Sum: 20.5]
      [GC Worker End (ms): Min: 372729.1, Avg: 372729.1, Max: 372729.1, Diff: 0.0]
   [Code Root Fixup: 0.0 ms]
   [Code Root Purge: 0.0 ms]
   [Clear CT: 0.2 ms]
   [Other: 1.6 ms]
      [Choose CSet: 0.0 ms]
      [Ref Proc: 0.3 ms]
      [Ref Enq: 0.0 ms]
      [Redirty Cards: 0.2 ms]
      [Humongous Register: 0.0 ms]
      [Humongous Reclaim: 0.3 ms]
      [Free CSet: 0.0 ms]
   [Eden: 3072.0K(160.0M)->0.0B(159.0M) Survivors: 1024.0K->1024.0K Heap: 737.9M(800.0M)->41556.4K(800.0M)]
 [Times: user=0.00 sys=0.00, real=0.00 secs] 
2024-10-11T19:43:13.702+0300: 372.730: Total time for which application threads were stopped: 1.8215146 seconds, Stopping threads took: 1.8158149 seconds
2024-10-11T19:43:19.472+0300: 378.506: Application time: 5.7756856 seconds
2024-10-11T19:43:19.564+0300: 378.587: [GC pause (G1 Humongous Allocation) (young) (initial-mark), 0.0049423 secs]
   [Parallel Time: 3.5 ms, GC Workers: 6]
      [GC Worker Start (ms): Min: 378587.8, Avg: 378587.8, Max: 378587.9, Diff: 0.1]
      [Ext Root Scanning (ms): Min: 0.3, Avg: 0.3, Max: 0.4, Diff: 0.1, Sum: 1.9]
      [Update RS (ms): Min: 2.9, Avg: 2.9, Max: 3.0, Diff: 0.1, Sum: 17.6]
         [Processed Buffers: Min: 66, Avg: 72.5, Max: 79, Diff: 13, Sum: 435]
      [Scan RS (ms): Min: 0.0, Avg: 0.0, Max: 0.0, Diff: 0.0, Sum: 0.0]
      [Code Root Scanning (ms): Min: 0.0, Avg: 0.0, Max: 0.0, Diff: 0.0, Sum: 0.0]
      [Object Copy (ms): Min: 0.0, Avg: 0.1, Max: 0.1, Diff: 0.0, Sum: 0.4]
      [Termination (ms): Min: 0.0, Avg: 0.0, Max: 0.0, Diff: 0.0, Sum: 0.0]
         [Termination Attempts: Min: 1, Avg: 1.2, Max: 2, Diff: 1, Sum: 7]
      [GC Worker Other (ms): Min: 0.0, Avg: 0.0, Max: 0.0, Diff: 0.0, Sum: 0.1]
      [GC Worker Total (ms): Min: 3.3, Avg: 3.3, Max: 3.4, Diff: 0.1, Sum: 20.0]
      [GC Worker End (ms): Min: 378591.2, Avg: 378591.2, Max: 378591.2, Diff: 0.0]
   [Code Root Fixup: 0.0 ms]
   [Code Root Purge: 0.0 ms]
   [Clear CT: 0.1 ms]
   [Other: 1.4 ms]
      [Choose CSet: 0.0 ms]
      [Ref Proc: 0.1 ms]
      [Ref Enq: 0.0 ms]
      [Redirty Cards: 0.1 ms]
      [Humongous Register: 0.0 ms]
      [Humongous Reclaim: 0.1 ms]
      [Free CSet: 0.0 ms]
   [Eden: 3072.0K(159.0M)->0.0B(159.0M) Survivors: 1024.0K->1024.0K Heap: 337.6M(800.0M)->38449.2K(800.0M)]
 [Times: user=0.00 sys=0.00, real=0.00 secs] 
2024-10-11T19:43:19.564+0300: 2024-10-11T19:43:19.564+0300: 378.592: Total time for which application threads were stopped: 0.0856807 seconds, Stopping threads took: 0.0805177 seconds
378.592: [GC concurrent-root-region-scan-start]
2024-10-11T19:43:19.564+0300: 378.593: [GC concurrent-root-region-scan-end, 0.0011738 secs]
2024-10-11T19:43:19.564+0300: 378.593: [GC concurrent-mark-start]
2024-10-11T19:43:19.580+0300: 378.604: [GC concurrent-mark-end, 0.0108912 secs]
2024-10-11T19:43:19.596+0300: 378.626: Application time: 0.0344126 seconds
2024-10-11T19:43:21.370+0300: 380.393: [GC remark 2024-10-11T19:43:21.370+0300: 380.393: [Finalize Marking, 0.0016325 secs] 2024-10-11T19:43:21.370+0300: 380.395: [GC ref-proc, 0.0000812 secs] 2024-10-11T19:43:21.370+0300: 380.395: [Unloading, 0.0012242 secs], 0.0034563 secs]
 [Times: user=0.00 sys=0.00, real=0.00 secs] 
2024-10-11T19:43:21.370+0300: 380.397: Total time for which application threads were stopped: 1.7703628 seconds, Stopping threads took: 1.7668000 seconds
2024-10-11T19:43:21.370+0300: 380.397: Application time: 0.0000912 seconds
2024-10-11T19:43:23.162+0300: 382.185: [GC cleanup 302M->302M(800M), 0.0016365 secs]
 [Times: user=0.00 sys=0.00, real=0.00 secs] 
2024-10-11T19:43:23.162+0300: 382.187: Total time for which application threads were stopped: 1.7898876 seconds, Stopping threads took: 1.7881398 seconds
2024-10-11T19:43:34.823+0300: 393.857: Application time: 11.6707147 seconds
2024-10-11T19:43:36.613+0300: 395.636: [GC pause (G1 Humongous Allocation) (young), 0.0033068 secs]
   [Parallel Time: 2.1 ms, GC Workers: 6]
      [GC Worker Start (ms): Min: 395636.3, Avg: 395636.5, Max: 395636.6, Diff: 0.2]
      [Ext Root Scanning (ms): Min: 0.2, Avg: 0.3, Max: 0.4, Diff: 0.2, Sum: 1.8]
      [Update RS (ms): Min: 1.6, Avg: 1.6, Max: 1.6, Diff: 0.0, Sum: 9.7]
         [Processed Buffers: Min: 27, Avg: 36.3, Max: 45, Diff: 18, Sum: 218]
      [Scan RS (ms): Min: 0.0, Avg: 0.0, Max: 0.0, Diff: 0.0, Sum: 0.0]
      [Code Root Scanning (ms): Min: 0.0, Avg: 0.0, Max: 0.0, Diff: 0.0, Sum: 0.0]
      [Object Copy (ms): Min: 0.0, Avg: 0.0, Max: 0.0, Diff: 0.0, Sum: 0.2]
      [Termination (ms): Min: 0.0, Avg: 0.0, Max: 0.0, Diff: 0.0, Sum: 0.0]
         [Termination Attempts: Min: 1, Avg: 1.0, Max: 1, Diff: 0, Sum: 6]
      [GC Worker Other (ms): Min: 0.0, Avg: 0.0, Max: 0.0, Diff: 0.0, Sum: 0.1]
      [GC Worker Total (ms): Min: 1.8, Avg: 2.0, Max: 2.1, Diff: 0.2, Sum: 11.8]
      [GC Worker End (ms): Min: 395638.4, Avg: 395638.4, Max: 395638.4, Diff: 0.0]
   [Code Root Fixup: 0.0 ms]
   [Code Root Purge: 0.0 ms]
   [Clear CT: 0.2 ms]
   [Other: 1.0 ms]
      [Choose CSet: 0.0 ms]
      [Ref Proc: 0.2 ms]
      [Ref Enq: 0.0 ms]
      [Redirty Cards: 0.2 ms]
      [Humongous Register: 0.0 ms]
      [Humongous Reclaim: 0.3 ms]
      [Free CSet: 0.0 ms]
   [Eden: 3072.0K(159.0M)->0.0B(159.0M) Survivors: 1024.0K->1024.0K Heap: 753.9M(800.0M)->7194.6K(800.0M)]
 [Times: user=0.00 sys=0.00, real=0.00 secs] 
2024-10-11T19:43:36.616+0300: 395.640: Total time for which application threads were stopped: 1.7823020 seconds, Stopping threads took: 1.7787717 seconds
2024-10-11T19:43:42.396+0300: 401.428: Application time: 5.7883187 seconds
2024-10-11T19:43:42.474+0300: 401.498: [GC pause (G1 Humongous Allocation) (young) (initial-mark), 0.0052314 secs]
   [Parallel Time: 3.8 ms, GC Workers: 6]
      [GC Worker Start (ms): Min: 401498.4, Avg: 401498.4, Max: 401498.5, Diff: 0.1]
      [Ext Root Scanning (ms): Min: 0.4, Avg: 0.5, Max: 0.5, Diff: 0.1, Sum: 2.9]
      [Update RS (ms): Min: 3.0, Avg: 3.0, Max: 3.0, Diff: 0.0, Sum: 18.2]
         [Processed Buffers: Min: 72, Avg: 78.3, Max: 86, Diff: 14, Sum: 470]
      [Scan RS (ms): Min: 0.0, Avg: 0.0, Max: 0.0, Diff: 0.0, Sum: 0.0]
      [Code Root Scanning (ms): Min: 0.0, Avg: 0.0, Max: 0.0, Diff: 0.0, Sum: 0.0]
      [Object Copy (ms): Min: 0.0, Avg: 0.1, Max: 0.1, Diff: 0.1, Sum: 0.4]
      [Termination (ms): Min: 0.0, Avg: 0.0, Max: 0.1, Diff: 0.1, Sum: 0.2]
         [Termination Attempts: Min: 1, Avg: 1.0, Max: 1, Diff: 0, Sum: 6]
      [GC Worker Other (ms): Min: 0.0, Avg: 0.0, Max: 0.0, Diff: 0.0, Sum: 0.1]
      [GC Worker Total (ms): Min: 3.6, Avg: 3.6, Max: 3.7, Diff: 0.1, Sum: 21.8]
      [GC Worker End (ms): Min: 401502.0, Avg: 401502.1, Max: 401502.1, Diff: 0.0]
   [Code Root Fixup: 0.0 ms]
   [Code Root Purge: 0.0 ms]
   [Clear CT: 0.2 ms]
   [Other: 1.3 ms]
      [Choose CSet: 0.0 ms]
      [Ref Proc: 0.2 ms]
      [Ref Enq: 0.0 ms]
      [Redirty Cards: 0.2 ms]
      [Humongous Register: 0.0 ms]
      [Humongous Reclaim: 0.1 ms]
      [Free CSet: 0.0 ms]
   [Eden: 4096.0K(159.0M)->0.0B(160.0M) Survivors: 1024.0K->1024.0K Heap: 338.1M(800.0M)->38460.8K(800.0M)]
 [Times: user=0.00 sys=0.00, real=0.00 secs] 
2024-10-11T19:43:42.474+0300: 2024-10-11T19:43:42.474+0300: 401.503: Total time for which application threads were stopped: 0.0750213 seconds, Stopping threads took: 0.0695484 seconds
401.503: [GC concurrent-root-region-scan-start]
2024-10-11T19:43:42.474+0300: 401.503: [GC concurrent-root-region-scan-end, 0.0004300 secs]
2024-10-11T19:43:42.474+0300: 401.503: [GC concurrent-mark-start]
2024-10-11T19:43:42.474+0300: 401.508: [GC concurrent-mark-end, 0.0042781 secs]
2024-10-11T19:43:42.474+0300: 401.508: Application time: 0.0053717 seconds
2024-10-11T19:43:42.490+0300: 401.513: [GC remark 2024-10-11T19:43:42.490+0300: 401.513: [Finalize Marking, 0.0006301 secs] 2024-10-11T19:43:42.490+0300: 401.514: [GC ref-proc, 0.0001526 secs] 2024-10-11T19:43:42.490+0300: 401.514: [Unloading, 0.0012930 secs], 0.0024785 secs]
 [Times: user=0.00 sys=0.00, real=0.00 secs] 
2024-10-11T19:43:42.490+0300: 401.516: Total time for which application threads were stopped: 0.0074703 seconds, Stopping threads took: 0.0048573 seconds
2024-10-11T19:43:42.490+0300: 401.516: Application time: 0.0000644 seconds
2024-10-11T19:43:42.506+0300: 401.529: [GC cleanup 160M->160M(800M), 0.0013289 secs]
 [Times: user=0.00 sys=0.00, real=0.00 secs] 
2024-10-11T19:43:42.506+0300: 401.530: Total time for which application threads were stopped: 0.0144117 seconds, Stopping threads took: 0.0129836 seconds
2024-10-11T19:43:48.540+0300: 407.563: Application time: 6.0327089 seconds
2024-10-11T19:43:54.229+0300: 413.252: Total time for which application threads were stopped: 5.6893564 seconds, Stopping threads took: 5.6893004 seconds
2024-10-11T19:43:54.229+0300: 413.256: Application time: 0.0040049 seconds
2024-10-11T19:43:54.229+0300: 413.260: [GC pause (G1 Humongous Allocation) (young), 0.0034249 secs]
   [Parallel Time: 2.6 ms, GC Workers: 6]
      [GC Worker Start (ms): Min: 413260.2, Avg: 413260.4, Max: 413261.3, Diff: 1.0]
      [Ext Root Scanning (ms): Min: 0.0, Avg: 0.2, Max: 0.3, Diff: 0.3, Sum: 1.3]
      [Update RS (ms): Min: 1.5, Avg: 2.1, Max: 2.2, Diff: 0.8, Sum: 12.7]
         [Processed Buffers: Min: 17, Avg: 57.2, Max: 101, Diff: 84, Sum: 343]
      [Scan RS (ms): Min: 0.0, Avg: 0.0, Max: 0.0, Diff: 0.0, Sum: 0.0]
      [Code Root Scanning (ms): Min: 0.0, Avg: 0.0, Max: 0.0, Diff: 0.0, Sum: 0.0]
      [Object Copy (ms): Min: 0.0, Avg: 0.1, Max: 0.1, Diff: 0.0, Sum: 0.4]
      [Termination (ms): Min: 0.0, Avg: 0.0, Max: 0.0, Diff: 0.0, Sum: 0.1]
         [Termination Attempts: Min: 1, Avg: 1.0, Max: 1, Diff: 0, Sum: 6]
      [GC Worker Other (ms): Min: 0.0, Avg: 0.0, Max: 0.0, Diff: 0.0, Sum: 0.0]
      [GC Worker Total (ms): Min: 1.6, Avg: 2.4, Max: 2.6, Diff: 1.0, Sum: 14.5]
      [GC Worker End (ms): Min: 413262.8, Avg: 413262.8, Max: 413262.9, Diff: 0.0]
   [Code Root Fixup: 0.0 ms]
   [Code Root Purge: 0.0 ms]
   [Clear CT: 0.1 ms]
   [Other: 0.7 ms]
      [Choose CSet: 0.0 ms]
      [Ref Proc: 0.1 ms]
      [Ref Enq: 0.0 ms]
      [Redirty Cards: 0.1 ms]
      [Humongous Register: 0.0 ms]
      [Humongous Reclaim: 0.3 ms]
      [Free CSet: 0.0 ms]
   [Eden: 4096.0K(160.0M)->0.0B(160.0M) Survivors: 1024.0K->1024.0K Heap: 743.0M(800.0M)->144.4M(800.0M)]
 [Times: user=0.00 sys=0.00, real=0.00 secs] 
2024-10-11T19:43:54.229+0300: 413.264: Total time for which application threads were stopped: 0.0072778 seconds, Stopping threads took: 0.0036426 seconds
2024-10-11T19:43:59.999+0300: 419.024: Application time: 5.7602460 seconds
2024-10-11T19:44:00.108+0300: 419.131: [GC pause (G1 Humongous Allocation) (young) (initial-mark), 0.0056973 secs]
   [Parallel Time: 4.1 ms, GC Workers: 6]
      [GC Worker Start (ms): Min: 419132.3, Avg: 419132.3, Max: 419132.3, Diff: 0.1]
      [Ext Root Scanning (ms): Min: 0.4, Avg: 0.4, Max: 0.5, Diff: 0.1, Sum: 2.6]
      [Update RS (ms): Min: 3.4, Avg: 3.4, Max: 3.4, Diff: 0.0, Sum: 20.2]
         [Processed Buffers: Min: 72, Avg: 81.5, Max: 91, Diff: 19, Sum: 489]
      [Scan RS (ms): Min: 0.0, Avg: 0.0, Max: 0.0, Diff: 0.0, Sum: 0.0]
      [Code Root Scanning (ms): Min: 0.0, Avg: 0.0, Max: 0.0, Diff: 0.0, Sum: 0.0]
      [Object Copy (ms): Min: 0.1, Avg: 0.1, Max: 0.1, Diff: 0.0, Sum: 0.4]
      [Termination (ms): Min: 0.0, Avg: 0.0, Max: 0.0, Diff: 0.0, Sum: 0.0]
         [Termination Attempts: Min: 1, Avg: 1.3, Max: 2, Diff: 1, Sum: 8]
      [GC Worker Other (ms): Min: 0.0, Avg: 0.0, Max: 0.0, Diff: 0.0, Sum: 0.1]
      [GC Worker Total (ms): Min: 3.8, Avg: 3.9, Max: 3.9, Diff: 0.1, Sum: 23.3]
      [GC Worker End (ms): Min: 419136.2, Avg: 419136.2, Max: 419136.2, Diff: 0.0]
   [Code Root Fixup: 0.0 ms]
   [Code Root Purge: 0.0 ms]
   [Clear CT: 0.1 ms]
   [Other: 1.4 ms]
      [Choose CSet: 0.0 ms]
      [Ref Proc: 0.2 ms]
      [Ref Enq: 0.0 ms]
      [Redirty Cards: 0.1 ms]
      [Humongous Register: 0.0 ms]
      [Humongous Reclaim: 0.1 ms]
      [Free CSet: 0.0 ms]
   [Eden: 2048.0K(160.0M)->0.0B(187.0M) Survivors: 1024.0K->1024.0K Heap: 337.1M(800.0M)->38466.7K(800.0M)]
 [Times: user=0.00 sys=0.00, real=0.00 secs] 
2024-10-11T19:44:00.108+0300: 419.137: Total time for which application threads were stopped: 0.1131435 seconds, Stopping threads took: 0.1072122 seconds
2024-10-11T19:44:00.108+0300: 419.137: [GC concurrent-root-region-scan-start]
2024-10-11T19:44:00.108+0300: 419.138: [GC concurrent-root-region-scan-end, 0.0007991 secs]
2024-10-11T19:44:00.108+0300: 419.138: [GC concurrent-mark-start]
2024-10-11T19:44:00.139+0300: 419.162: [GC concurrent-mark-end, 0.0100958 secs]
2024-10-11T19:44:00.139+0300: 419.163: Application time: 0.0258133 seconds
2024-10-11T19:44:01.915+0300: 420.938: [GC remark 2024-10-11T19:44:01.915+0300: 420.938: [Finalize Marking, 0.0023252 secs] 2024-10-11T19:44:01.915+0300: 420.941: [GC ref-proc, 0.0000804 secs] 2024-10-11T19:44:01.915+0300: 420.941: [Unloading, 0.0013381 secs], 0.0041391 secs]
 [Times: user=0.00 sys=0.00, real=0.00 secs] 
2024-10-11T19:44:01.915+0300: 420.942: Total time for which application threads were stopped: 1.7794565 seconds, Stopping threads took: 1.7752092 seconds
2024-10-11T19:44:01.930+0300: 420.954: Application time: 0.0119412 seconds
2024-10-11T19:44:03.721+0300: 422.744: [GC cleanup 289M->289M(800M), 0.0015349 secs]
 [Times: user=0.00 sys=0.00, real=0.00 secs] 
2024-10-11T19:44:03.721+0300: 422.746: Total time for which application threads were stopped: 1.7915664 seconds, Stopping threads took: 1.7899149 seconds
2024-10-11T19:44:15.335+0300: 434.360: Application time: 11.6143926 seconds
2024-10-11T19:44:17.157+0300: 436.180: [GC pause (G1 Humongous Allocation) (young), 0.0042738 secs]
   [Parallel Time: 2.9 ms, GC Workers: 6]
      [GC Worker Start (ms): Min: 436180.7, Avg: 436180.8, Max: 436180.9, Diff: 0.2]
      [Ext Root Scanning (ms): Min: 0.2, Avg: 0.3, Max: 0.4, Diff: 0.2, Sum: 1.9]
      [Update RS (ms): Min: 2.2, Avg: 2.2, Max: 2.2, Diff: 0.0, Sum: 13.4]
         [Processed Buffers: Min: 45, Avg: 47.2, Max: 49, Diff: 4, Sum: 283]
      [Scan RS (ms): Min: 0.0, Avg: 0.0, Max: 0.0, Diff: 0.0, Sum: 0.0]
      [Code Root Scanning (ms): Min: 0.0, Avg: 0.0, Max: 0.0, Diff: 0.0, Sum: 0.0]
      [Object Copy (ms): Min: 0.1, Avg: 0.1, Max: 0.1, Diff: 0.0, Sum: 0.3]
      [Termination (ms): Min: 0.0, Avg: 0.0, Max: 0.0, Diff: 0.0, Sum: 0.0]
         [Termination Attempts: Min: 1, Avg: 1.2, Max: 2, Diff: 1, Sum: 7]
      [GC Worker Other (ms): Min: 0.0, Avg: 0.0, Max: 0.0, Diff: 0.0, Sum: 0.1]
      [GC Worker Total (ms): Min: 2.5, Avg: 2.6, Max: 2.7, Diff: 0.2, Sum: 15.7]
      [GC Worker End (ms): Min: 436183.4, Avg: 436183.4, Max: 436183.4, Diff: 0.0]
   [Code Root Fixup: 0.0 ms]
   [Code Root Purge: 0.0 ms]
   [Clear CT: 0.2 ms]
   [Other: 1.1 ms]
      [Choose CSet: 0.0 ms]
      [Ref Proc: 0.3 ms]
      [Ref Enq: 0.0 ms]
      [Redirty Cards: 0.2 ms]
      [Humongous Register: 0.0 ms]
      [Humongous Reclaim: 0.4 ms]
      [Free CSet: 0.0 ms]
   [Eden: 3072.0K(187.0M)->0.0B(173.0M) Survivors: 1024.0K->1024.0K Heap: 753.9M(800.0M)->7229.4K(800.0M)]
 [Times: user=0.00 sys=0.00, real=0.00 secs] 
2024-10-11T19:44:17.157+0300: 436.185: Total time for which application threads were stopped: 1.8246473 seconds, Stopping threads took: 1.8200786 seconds
2024-10-11T19:44:22.942+0300: 441.969: Application time: 5.7842432 seconds
2024-10-11T19:44:23.020+0300: 442.043: [GC pause (G1 Humongous Allocation) (young) (initial-mark), 0.0052580 secs]
   [Parallel Time: 4.3 ms, GC Workers: 6]
      [GC Worker Start (ms): Min: 442043.1, Avg: 442043.2, Max: 442043.6, Diff: 0.4]
      [Ext Root Scanning (ms): Min: 0.0, Avg: 0.4, Max: 0.8, Diff: 0.7, Sum: 2.6]
      [Update RS (ms): Min: 3.3, Avg: 3.6, Max: 3.7, Diff: 0.4, Sum: 21.4]
         [Processed Buffers: Min: 81, Avg: 90.3, Max: 100, Diff: 19, Sum: 542]
      [Scan RS (ms): Min: 0.0, Avg: 0.0, Max: 0.0, Diff: 0.0, Sum: 0.0]
      [Code Root Scanning (ms): Min: 0.0, Avg: 0.0, Max: 0.0, Diff: 0.0, Sum: 0.0]
      [Object Copy (ms): Min: 0.0, Avg: 0.1, Max: 0.1, Diff: 0.1, Sum: 0.4]
      [Termination (ms): Min: 0.0, Avg: 0.0, Max: 0.0, Diff: 0.0, Sum: 0.0]
         [Termination Attempts: Min: 1, Avg: 1.7, Max: 2, Diff: 1, Sum: 10]
      [GC Worker Other (ms): Min: 0.0, Avg: 0.0, Max: 0.0, Diff: 0.0, Sum: 0.1]
      [GC Worker Total (ms): Min: 3.8, Avg: 4.1, Max: 4.2, Diff: 0.4, Sum: 24.6]
      [GC Worker End (ms): Min: 442047.3, Avg: 442047.3, Max: 442047.3, Diff: 0.0]
   [Code Root Fixup: 0.0 ms]
   [Code Root Purge: 0.0 ms]
   [Clear CT: 0.1 ms]
   [Other: 0.9 ms]
      [Choose CSet: 0.0 ms]
      [Ref Proc: 0.1 ms]
      [Ref Enq: 0.0 ms]
      [Redirty Cards: 0.1 ms]
      [Humongous Register: 0.0 ms]
      [Humongous Reclaim: 0.1 ms]
      [Free CSet: 0.0 ms]
   [Eden: 3072.0K(173.0M)->0.0B(166.0M) Survivors: 1024.0K->1024.0K Heap: 338.1M(800.0M)->38485.4K(800.0M)]
 [Times: user=0.00 sys=0.00, real=0.00 secs] 
2024-10-11T19:44:23.020+0300: 442.048: Total time for which application threads were stopped: 0.0789349 seconds, Stopping threads took: 0.0735138 seconds
2024-10-11T19:44:23.020+0300: 442.048: [GC concurrent-root-region-scan-start]
2024-10-11T19:44:23.020+0300: 442.049: [GC concurrent-root-region-scan-end, 0.0005807 secs]
2024-10-11T19:44:23.020+0300: 442.049: [GC concurrent-mark-start]
2024-10-11T19:44:23.035+0300: 442.058: [GC concurrent-mark-end, 0.0045911 secs]
2024-10-11T19:44:23.035+0300: 442.059: Application time: 0.0109372 seconds
2024-10-11T19:44:23.051+0300: 442.074: [GC remark 2024-10-11T19:44:23.051+0300: 442.074: [Finalize Marking, 0.0017268 secs] 2024-10-11T19:44:23.051+0300: 442.076: [GC ref-proc, 0.0000799 secs] 2024-10-11T19:44:23.051+0300: 442.076: [Unloading, 0.0014243 secs], 0.0036040 secs]
 [Times: user=0.00 sys=0.00, real=0.00 secs] 
2024-10-11T19:44:23.051+0300: 442.078: Total time for which application threads were stopped: 0.0186394 seconds, Stopping threads took: 0.0149382 seconds
2024-10-11T19:44:23.051+0300: 442.087: Application time: 0.0094206 seconds
2024-10-11T19:44:24.842+0300: 443.865: [GC cleanup 270M->270M(800M), 0.0015745 secs]
 [Times: user=0.00 sys=0.00, real=0.00 secs] 
2024-10-11T19:44:24.842+0300: 443.867: Total time for which application threads were stopped: 1.7795012 seconds, Stopping threads took: 1.7778344 seconds
2024-10-11T19:44:36.442+0300: 455.478: Application time: 11.6112133 seconds
2024-10-11T19:44:38.281+0300: 457.304: [GC pause (G1 Humongous Allocation) (young), 0.0046541 secs]
   [Parallel Time: 3.3 ms, GC Workers: 6]
      [GC Worker Start (ms): Min: 457304.4, Avg: 457304.5, Max: 457304.6, Diff: 0.2]
      [Ext Root Scanning (ms): Min: 0.3, Avg: 0.4, Max: 0.5, Diff: 0.2, Sum: 2.3]
      [Update RS (ms): Min: 2.7, Avg: 2.7, Max: 2.7, Diff: 0.0, Sum: 16.3]
         [Processed Buffers: Min: 56, Avg: 63.8, Max: 72, Diff: 16, Sum: 383]
      [Scan RS (ms): Min: 0.0, Avg: 0.0, Max: 0.0, Diff: 0.0, Sum: 0.0]
      [Code Root Scanning (ms): Min: 0.0, Avg: 0.0, Max: 0.0, Diff: 0.0, Sum: 0.0]
      [Object Copy (ms): Min: 0.0, Avg: 0.0, Max: 0.1, Diff: 0.0, Sum: 0.3]
      [Termination (ms): Min: 0.0, Avg: 0.0, Max: 0.0, Diff: 0.0, Sum: 0.0]
         [Termination Attempts: Min: 1, Avg: 1.0, Max: 1, Diff: 0, Sum: 6]
      [GC Worker Other (ms): Min: 0.0, Avg: 0.0, Max: 0.0, Diff: 0.0, Sum: 0.1]
      [GC Worker Total (ms): Min: 3.1, Avg: 3.2, Max: 3.3, Diff: 0.2, Sum: 19.0]
      [GC Worker End (ms): Min: 457307.7, Avg: 457307.7, Max: 457307.7, Diff: 0.0]
   [Code Root Fixup: 0.0 ms]
   [Code Root Purge: 0.0 ms]
   [Clear CT: 0.2 ms]
   [Other: 1.1 ms]
      [Choose CSet: 0.0 ms]
      [Ref Proc: 0.2 ms]
      [Ref Enq: 0.0 ms]
      [Redirty Cards: 0.2 ms]
      [Humongous Register: 0.1 ms]
      [Humongous Reclaim: 0.3 ms]
      [Free CSet: 0.0 ms]
   [Eden: 3072.0K(166.0M)->0.0B(162.0M) Survivors: 1024.0K->1024.0K Heap: 753.9M(800.0M)->58020.6K(800.0M)]
 [Times: user=0.00 sys=0.00, real=0.00 secs] 
2024-10-11T19:44:38.281+0300: 457.309: Total time for which application threads were stopped: 1.8310694 seconds, Stopping threads took: 1.8261315 seconds
2024-10-11T19:44:44.066+0300: 463.100: Application time: 5.7912643 seconds
2024-10-11T19:44:44.144+0300: 463.167: [GC pause (G1 Humongous Allocation) (young) (initial-mark), 0.0066323 secs]
   [Parallel Time: 5.1 ms, GC Workers: 6]
      [GC Worker Start (ms): Min: 463168.3, Avg: 463168.4, Max: 463168.4, Diff: 0.1]
      [Ext Root Scanning (ms): Min: 0.4, Avg: 0.5, Max: 0.5, Diff: 0.1, Sum: 2.7]
      [Update RS (ms): Min: 4.4, Avg: 4.4, Max: 4.4, Diff: 0.0, Sum: 26.4]
         [Processed Buffers: Min: 90, Avg: 97.3, Max: 105, Diff: 15, Sum: 584]
      [Scan RS (ms): Min: 0.0, Avg: 0.0, Max: 0.0, Diff: 0.0, Sum: 0.0]
      [Code Root Scanning (ms): Min: 0.0, Avg: 0.0, Max: 0.0, Diff: 0.0, Sum: 0.0]
      [Object Copy (ms): Min: 0.1, Avg: 0.1, Max: 0.1, Diff: 0.0, Sum: 0.4]
      [Termination (ms): Min: 0.0, Avg: 0.0, Max: 0.0, Diff: 0.0, Sum: 0.1]
         [Termination Attempts: Min: 5, Avg: 9.3, Max: 14, Diff: 9, Sum: 56]
      [GC Worker Other (ms): Min: 0.0, Avg: 0.0, Max: 0.0, Diff: 0.0, Sum: 0.1]
      [GC Worker Total (ms): Min: 4.9, Avg: 4.9, Max: 5.0, Diff: 0.1, Sum: 29.7]
      [GC Worker End (ms): Min: 463173.3, Avg: 463173.3, Max: 463173.3, Diff: 0.0]
   [Code Root Fixup: 0.0 ms]
   [Code Root Purge: 0.0 ms]
   [Clear CT: 0.2 ms]
   [Other: 1.3 ms]
      [Choose CSet: 0.0 ms]
      [Ref Proc: 0.1 ms]
      [Ref Enq: 0.0 ms]
      [Redirty Cards: 0.1 ms]
      [Humongous Register: 0.0 ms]
      [Humongous Reclaim: 0.2 ms]
      [Free CSet: 0.0 ms]
   [Eden: 3072.0K(162.0M)->0.0B(160.0M) Survivors: 1024.0K->1024.0K Heap: 337.6M(800.0M)->38494.7K(800.0M)]
 [Times: user=0.00 sys=0.00, real=0.00 secs] 
2024-10-11T19:44:44.144+0300: 2024-10-11T19:44:44.144+0300: 463.174: Total time for which application threads were stopped: 0.0740148 seconds, Stopping threads took: 0.0671531 seconds
463.174: [GC concurrent-root-region-scan-start]
2024-10-11T19:44:44.144+0300: 463.175: [GC concurrent-root-region-scan-end, 0.0004647 secs]
2024-10-11T19:44:44.144+0300: 463.175: [GC concurrent-mark-start]
2024-10-11T19:44:44.160+0300: 463.184: [GC concurrent-mark-end, 0.0094113 secs]
2024-10-11T19:44:44.175+0300: 463.207: Application time: 0.0331472 seconds
2024-10-11T19:44:45.998+0300: 465.021: [GC remark 2024-10-11T19:44:45.998+0300: 465.021: [Finalize Marking, 0.0012017 secs] 2024-10-11T19:44:45.998+0300: 465.022: [GC ref-proc, 0.0000821 secs] 2024-10-11T19:44:45.998+0300: 465.022: [Unloading, 0.0013594 secs], 0.0030644 secs]
 [Times: user=0.00 sys=0.00, real=0.00 secs] 
2024-10-11T19:44:45.998+0300: 465.024: Total time for which application threads were stopped: 1.8167411 seconds, Stopping threads took: 1.8135677 seconds
2024-10-11T19:44:45.998+0300: 465.031: Application time: 0.0073469 seconds
2024-10-11T19:44:48.307+0300: 467.331: [GC cleanup 303M->303M(800M), 0.0013640 secs]
 [Times: user=0.00 sys=0.00, real=0.00 secs] 
2024-10-11T19:44:48.307+0300: 467.332: Total time for which application threads were stopped: 2.3005049 seconds, Stopping threads took: 2.2990302 seconds
2024-10-11T19:44:59.906+0300: 478.934: Application time: 11.6021276 seconds
2024-10-11T19:45:00.031+0300: 479.054: [GC pause (G1 Humongous Allocation) (young), 0.0037285 secs]
   [Parallel Time: 2.8 ms, GC Workers: 6]
      [GC Worker Start (ms): Min: 479054.3, Avg: 479054.3, Max: 479054.4, Diff: 0.0]
      [Ext Root Scanning (ms): Min: 0.2, Avg: 0.2, Max: 0.3, Diff: 0.0, Sum: 1.4]
      [Update RS (ms): Min: 2.4, Avg: 2.4, Max: 2.4, Diff: 0.0, Sum: 14.5]
         [Processed Buffers: Min: 61, Avg: 63.3, Max: 67, Diff: 6, Sum: 380]
      [Scan RS (ms): Min: 0.0, Avg: 0.0, Max: 0.0, Diff: 0.0, Sum: 0.0]
      [Code Root Scanning (ms): Min: 0.0, Avg: 0.0, Max: 0.0, Diff: 0.0, Sum: 0.0]
      [Object Copy (ms): Min: 0.0, Avg: 0.0, Max: 0.0, Diff: 0.0, Sum: 0.3]
      [Termination (ms): Min: 0.0, Avg: 0.0, Max: 0.0, Diff: 0.0, Sum: 0.0]
         [Termination Attempts: Min: 1, Avg: 1.5, Max: 2, Diff: 1, Sum: 9]
      [GC Worker Other (ms): Min: 0.0, Avg: 0.0, Max: 0.0, Diff: 0.0, Sum: 0.1]
      [GC Worker Total (ms): Min: 2.7, Avg: 2.7, Max: 2.7, Diff: 0.0, Sum: 16.3]
      [GC Worker End (ms): Min: 479057.0, Avg: 479057.0, Max: 479057.0, Diff: 0.0]
   [Code Root Fixup: 0.0 ms]
   [Code Root Purge: 0.0 ms]
   [Clear CT: 0.1 ms]
   [Other: 0.9 ms]
      [Choose CSet: 0.0 ms]
      [Ref Proc: 0.1 ms]
      [Ref Enq: 0.0 ms]
      [Redirty Cards: 0.1 ms]
      [Humongous Register: 0.0 ms]
      [Humongous Reclaim: 0.5 ms]
      [Free CSet: 0.0 ms]
   [Eden: 3072.0K(160.0M)->0.0B(159.0M) Survivors: 1024.0K->1024.0K Heap: 753.9M(800.0M)->7246.8K(800.0M)]
 [Times: user=0.00 sys=0.00, real=0.00 secs] 
2024-10-11T19:45:00.031+0300: 479.058: Total time for which application threads were stopped: 0.1239801 seconds, Stopping threads took: 0.1200247 seconds
2024-10-11T19:45:05.893+0300: 484.920: Application time: 5.8624926 seconds
2024-10-11T19:45:05.971+0300: 484.994: [GC pause (G1 Humongous Allocation) (young) (initial-mark), 0.0065351 secs]
   [Parallel Time: 4.9 ms, GC Workers: 6]
      [GC Worker Start (ms): Min: 484995.3, Avg: 484995.3, Max: 484995.3, Diff: 0.1]
      [Ext Root Scanning (ms): Min: 0.4, Avg: 0.5, Max: 0.5, Diff: 0.1, Sum: 2.9]
      [Update RS (ms): Min: 4.2, Avg: 4.2, Max: 4.3, Diff: 0.0, Sum: 25.5]
         [Processed Buffers: Min: 105, Avg: 109.0, Max: 113, Diff: 8, Sum: 654]
      [Scan RS (ms): Min: 0.0, Avg: 0.0, Max: 0.0, Diff: 0.0, Sum: 0.0]
      [Code Root Scanning (ms): Min: 0.0, Avg: 0.0, Max: 0.0, Diff: 0.0, Sum: 0.0]
      [Object Copy (ms): Min: 0.0, Avg: 0.0, Max: 0.1, Diff: 0.0, Sum: 0.2]
      [Termination (ms): Min: 0.0, Avg: 0.0, Max: 0.0, Diff: 0.0, Sum: 0.0]
         [Termination Attempts: Min: 1, Avg: 1.0, Max: 1, Diff: 0, Sum: 6]
      [GC Worker Other (ms): Min: 0.0, Avg: 0.0, Max: 0.0, Diff: 0.0, Sum: 0.1]
      [GC Worker Total (ms): Min: 4.7, Avg: 4.8, Max: 4.8, Diff: 0.1, Sum: 28.7]
      [GC Worker End (ms): Min: 485000.1, Avg: 485000.1, Max: 485000.1, Diff: 0.0]
   [Code Root Fixup: 0.0 ms]
   [Code Root Purge: 0.0 ms]
   [Clear CT: 0.1 ms]
   [Other: 1.5 ms]
      [Choose CSet: 0.0 ms]
      [Ref Proc: 0.1 ms]
      [Ref Enq: 0.0 ms]
      [Redirty Cards: 0.1 ms]
      [Humongous Register: 0.0 ms]
      [Humongous Reclaim: 0.2 ms]
      [Free CSet: 0.0 ms]
   [Eden: 3072.0K(159.0M)->0.0B(159.0M) Survivors: 1024.0K->1024.0K Heap: 338.1M(800.0M)->38500.8K(800.0M)]
 [Times: user=0.00 sys=0.00, real=0.00 secs] 
2024-10-11T19:45:05.971+0300: 2024-10-11T19:45:05.971+0300: 485.001: Total time for which application threads were stopped: 0.0803243 seconds, Stopping threads took: 0.0735502 seconds
485.001: [GC concurrent-root-region-scan-start]
2024-10-11T19:45:05.971+0300: 485.002: [GC concurrent-root-region-scan-end, 0.0007797 secs]
2024-10-11T19:45:05.971+0300: 485.002: [GC concurrent-mark-start]
2024-10-11T19:45:05.987+0300: 485.010: [GC concurrent-mark-end, 0.0048387 secs]
2024-10-11T19:45:06.002+0300: 485.032: Application time: 0.0306863 seconds
2024-10-11T19:45:07.793+0300: 486.816: [GC remark 2024-10-11T19:45:07.793+0300: 486.816: [Finalize Marking, 0.0015025 secs] 2024-10-11T19:45:07.793+0300: 486.818: [GC ref-proc, 0.0000748 secs] 2024-10-11T19:45:07.793+0300: 486.818: [Unloading, 0.0012939 secs], 0.0033480 secs]
 [Times: user=0.00 sys=0.00, real=0.00 secs] 
2024-10-11T19:45:07.793+0300: 486.820: Total time for which application threads were stopped: 1.7882260 seconds, Stopping threads took: 1.7847723 seconds
2024-10-11T19:45:07.793+0300: 486.824: Application time: 0.0047433 seconds
2024-10-11T19:45:09.598+0300: 488.621: [GC cleanup 271M->271M(800M), 0.0015734 secs]
 [Times: user=0.00 sys=0.00, real=0.00 secs] 
2024-10-11T19:45:09.598+0300: 488.622: Total time for which application threads were stopped: 1.7977506 seconds, Stopping threads took: 1.7960566 seconds
2024-10-11T19:45:21.164+0300: 500.191: Application time: 11.5684444 seconds
2024-10-11T19:45:23.019+0300: 502.042: [GC pause (G1 Humongous Allocation) (young), 0.0054622 secs]
   [Parallel Time: 4.2 ms, GC Workers: 6]
      [GC Worker Start (ms): Min: 502042.3, Avg: 502042.5, Max: 502042.6, Diff: 0.2]
      [Ext Root Scanning (ms): Min: 0.2, Avg: 0.3, Max: 0.5, Diff: 0.2, Sum: 2.1]
      [Update RS (ms): Min: 3.4, Avg: 3.4, Max: 3.4, Diff: 0.0, Sum: 20.4]
         [Processed Buffers: Min: 48, Avg: 74.2, Max: 94, Diff: 46, Sum: 445]
      [Scan RS (ms): Min: 0.0, Avg: 0.0, Max: 0.0, Diff: 0.0, Sum: 0.0]
      [Code Root Scanning (ms): Min: 0.0, Avg: 0.0, Max: 0.0, Diff: 0.0, Sum: 0.0]
      [Object Copy (ms): Min: 0.0, Avg: 0.0, Max: 0.0, Diff: 0.0, Sum: 0.3]
      [Termination (ms): Min: 0.0, Avg: 0.0, Max: 0.0, Diff: 0.0, Sum: 0.0]
         [Termination Attempts: Min: 1, Avg: 1.0, Max: 1, Diff: 0, Sum: 6]
      [GC Worker Other (ms): Min: 0.0, Avg: 0.0, Max: 0.0, Diff: 0.0, Sum: 0.1]
      [GC Worker Total (ms): Min: 3.7, Avg: 3.8, Max: 3.9, Diff: 0.2, Sum: 22.9]
      [GC Worker End (ms): Min: 502046.3, Avg: 502046.3, Max: 502046.3, Diff: 0.0]
   [Code Root Fixup: 0.0 ms]
   [Code Root Purge: 0.0 ms]
   [Clear CT: 0.2 ms]
   [Other: 1.1 ms]
      [Choose CSet: 0.0 ms]
      [Ref Proc: 0.3 ms]
      [Ref Enq: 0.0 ms]
      [Redirty Cards: 0.2 ms]
      [Humongous Register: 0.0 ms]
      [Humongous Reclaim: 0.4 ms]
      [Free CSet: 0.0 ms]
   [Eden: 3072.0K(159.0M)->0.0B(159.0M) Survivors: 1024.0K->1024.0K Heap: 753.9M(800.0M)->7252.7K(800.0M)]
 [Times: user=0.00 sys=0.00, real=0.00 secs] 
2024-10-11T19:45:23.019+0300: 502.048: Total time for which application threads were stopped: 1.8570208 seconds, Stopping threads took: 1.8513338 seconds
2024-10-11T19:45:28.817+0300: 507.850: Application time: 5.8022769 seconds
2024-10-11T19:45:28.895+0300: 507.918: [GC pause (G1 Humongous Allocation) (young) (initial-mark), 0.0074358 secs]
   [Parallel Time: 5.8 ms, GC Workers: 6]
      [GC Worker Start (ms): Min: 507919.0, Avg: 507919.1, Max: 507919.1, Diff: 0.1]
      [Ext Root Scanning (ms): Min: 0.4, Avg: 0.5, Max: 0.5, Diff: 0.1, Sum: 2.7]
      [Update RS (ms): Min: 5.1, Avg: 5.1, Max: 5.2, Diff: 0.0, Sum: 30.9]
         [Processed Buffers: Min: 114, Avg: 124.0, Max: 134, Diff: 20, Sum: 744]
      [Scan RS (ms): Min: 0.0, Avg: 0.0, Max: 0.0, Diff: 0.0, Sum: 0.0]
      [Code Root Scanning (ms): Min: 0.0, Avg: 0.0, Max: 0.0, Diff: 0.0, Sum: 0.0]
      [Object Copy (ms): Min: 0.0, Avg: 0.0, Max: 0.1, Diff: 0.0, Sum: 0.3]
      [Termination (ms): Min: 0.0, Avg: 0.0, Max: 0.0, Diff: 0.0, Sum: 0.0]
         [Termination Attempts: Min: 1, Avg: 1.3, Max: 2, Diff: 1, Sum: 8]
      [GC Worker Other (ms): Min: 0.0, Avg: 0.0, Max: 0.0, Diff: 0.0, Sum: 0.1]
      [GC Worker Total (ms): Min: 5.6, Avg: 5.7, Max: 5.7, Diff: 0.1, Sum: 34.0]
      [GC Worker End (ms): Min: 507924.7, Avg: 507924.7, Max: 507924.7, Diff: 0.0]
   [Code Root Fixup: 0.0 ms]
   [Code Root Purge: 0.0 ms]
   [Clear CT: 0.2 ms]
   [Other: 1.5 ms]
      [Choose CSet: 0.0 ms]
      [Ref Proc: 0.2 ms]
      [Ref Enq: 0.0 ms]
      [Redirty Cards: 0.2 ms]
      [Humongous Register: 0.0 ms]
      [Humongous Reclaim: 0.2 ms]
      [Free CSet: 0.0 ms]
   [Eden: 3072.0K(159.0M)->0.0B(159.0M) Survivors: 1024.0K->1024.0K Heap: 341.2M(800.0M)->41631.0K(800.0M)]
 [Times: user=0.00 sys=0.00, real=0.00 secs] 
2024-10-11T19:45:28.895+03002024-10-11T19:45:28.895+0300: : 507.926: Total time for which application threads were stopped: 0.0755860 seconds, Stopping threads took: 0.0679066 seconds
507.926: [GC concurrent-root-region-scan-start]
2024-10-11T19:45:28.895+0300: 507.926: [GC concurrent-root-region-scan-end, 0.0003674 secs]
2024-10-11T19:45:28.895+0300: 507.926: [GC concurrent-mark-start]
2024-10-11T19:45:28.911+0300: 507.934: [GC concurrent-mark-end, 0.0053440 secs]
2024-10-11T19:45:28.926+0300: 507.960: Application time: 0.0342861 seconds
2024-10-11T19:45:30.732+0300: 509.756: [GC remark 2024-10-11T19:45:30.732+0300: 509.756: [Finalize Marking, 0.0016617 secs] 2024-10-11T19:45:30.732+0300: 509.757: [GC ref-proc, 0.0000771 secs] 2024-10-11T19:45:30.732+0300: 509.758: [Unloading, 0.0011771 secs], 0.0033140 secs]
 [Times: user=0.00 sys=0.00, real=0.00 secs] 
2024-10-11T19:45:30.732+0300: 509.759: Total time for which application threads were stopped: 1.7991992 seconds, Stopping threads took: 1.7957915 seconds
2024-10-11T19:45:30.732+0300: 509.759: Application time: 0.0000909 seconds
2024-10-11T19:45:33.700+0300: 512.723: [GC cleanup 303M->303M(800M), 0.0015056 secs]
 [Times: user=0.00 sys=0.00, real=0.00 secs] 
2024-10-11T19:45:33.700+0300: 512.725: Total time for which application threads were stopped: 2.9657791 seconds, Stopping threads took: 2.9641678 seconds
2024-10-11T19:45:39.609+0300: 518.636: Application time: 5.9109200 seconds
2024-10-11T19:45:42.545+0300: 521.568: Total time for which application threads were stopped: 2.9318421 seconds, Stopping threads took: 2.9317841 seconds
2024-10-11T19:45:42.545+0300: 521.568: Application time: 0.0003756 seconds
2024-10-11T19:45:44.320+0300: 523.343: Total time for which application threads were stopped: 1.7748399 seconds, Stopping threads took: 1.7747242 seconds
2024-10-11T19:45:44.320+0300: 523.344: Application time: 0.0007897 seconds
2024-10-11T19:45:44.335+0300: 523.359: Total time for which application threads were stopped: 0.0148631 seconds, Stopping threads took: 0.0147564 seconds
2024-10-11T19:45:46.111+0300: 525.136: Application time: 1.7778498 seconds
2024-10-11T19:45:46.111+0300: 525.137: Total time for which application threads were stopped: 0.0003399 seconds, Stopping threads took: 0.0002929 seconds
2024-10-11T19:45:46.111+0300: 525.137: Application time: 0.0004502 seconds
2024-10-11T19:45:46.111+0300: 525.140: [GC pause (G1 Humongous Allocation) (young), 0.0055131 secs]
   [Parallel Time: 4.4 ms, GC Workers: 6]
      [GC Worker Start (ms): Min: 525139.8, Avg: 525139.8, Max: 525139.9, Diff: 0.1]
      [Ext Root Scanning (ms): Min: 0.2, Avg: 0.2, Max: 0.3, Diff: 0.1, Sum: 1.5]
      [Update RS (ms): Min: 3.7, Avg: 3.7, Max: 3.7, Diff: 0.0, Sum: 22.1]
         [Processed Buffers: Min: 19, Avg: 81.3, Max: 137, Diff: 118, Sum: 488]
      [Scan RS (ms): Min: 0.0, Avg: 0.0, Max: 0.0, Diff: 0.0, Sum: 0.0]
      [Code Root Scanning (ms): Min: 0.0, Avg: 0.0, Max: 0.0, Diff: 0.0, Sum: 0.0]
      [Object Copy (ms): Min: 0.2, Avg: 0.3, Max: 0.3, Diff: 0.1, Sum: 1.6]
      [Termination (ms): Min: 0.0, Avg: 0.1, Max: 0.1, Diff: 0.1, Sum: 0.3]
         [Termination Attempts: Min: 1, Avg: 1.0, Max: 1, Diff: 0, Sum: 6]
      [GC Worker Other (ms): Min: 0.0, Avg: 0.0, Max: 0.0, Diff: 0.0, Sum: 0.1]
      [GC Worker Total (ms): Min: 4.2, Avg: 4.3, Max: 4.3, Diff: 0.1, Sum: 25.6]
      [GC Worker End (ms): Min: 525144.1, Avg: 525144.1, Max: 525144.1, Diff: 0.0]
   [Code Root Fixup: 0.0 ms]
   [Code Root Purge: 0.0 ms]
   [Clear CT: 0.2 ms]
   [Other: 0.9 ms]
      [Choose CSet: 0.0 ms]
      [Ref Proc: 0.2 ms]
      [Ref Enq: 0.0 ms]
      [Redirty Cards: 0.2 ms]
      [Humongous Register: 0.0 ms]
      [Humongous Reclaim: 0.4 ms]
      [Free CSet: 0.0 ms]
   [Eden: 6144.0K(159.0M)->0.0B(187.0M) Survivors: 1024.0K->0.0B Heap: 760.0M(800.0M)->10358.2K(800.0M)]
 [Times: user=0.00 sys=0.00, real=0.00 secs] 
2024-10-11T19:45:46.111+0300: 525.145: Total time for which application threads were stopped: 0.0080830 seconds, Stopping threads took: 0.0023389 seconds
2024-10-11T19:45:51.911+0300: 530.938: Application time: 5.7924746 seconds
2024-10-11T19:45:51.990+0300: 531.013: [GC pause (G1 Humongous Allocation) (young) (initial-mark), 0.0074969 secs]
   [Parallel Time: 6.0 ms, GC Workers: 6]
      [GC Worker Start (ms): Min: 531013.6, Avg: 531013.6, Max: 531013.7, Diff: 0.1]
      [Ext Root Scanning (ms): Min: 0.4, Avg: 0.5, Max: 0.5, Diff: 0.1, Sum: 2.8]
      [Update RS (ms): Min: 5.3, Avg: 5.3, Max: 5.3, Diff: 0.0, Sum: 31.8]
         [Processed Buffers: Min: 127, Avg: 131.3, Max: 136, Diff: 9, Sum: 788]
      [Scan RS (ms): Min: 0.0, Avg: 0.0, Max: 0.0, Diff: 0.0, Sum: 0.0]
      [Code Root Scanning (ms): Min: 0.0, Avg: 0.0, Max: 0.0, Diff: 0.0, Sum: 0.0]
      [Object Copy (ms): Min: 0.0, Avg: 0.0, Max: 0.0, Diff: 0.0, Sum: 0.1]
      [Termination (ms): Min: 0.0, Avg: 0.0, Max: 0.0, Diff: 0.0, Sum: 0.0]
         [Termination Attempts: Min: 1, Avg: 1.0, Max: 1, Diff: 0, Sum: 6]
      [GC Worker Other (ms): Min: 0.0, Avg: 0.0, Max: 0.0, Diff: 0.0, Sum: 0.1]
      [GC Worker Total (ms): Min: 5.7, Avg: 5.8, Max: 5.9, Diff: 0.1, Sum: 34.8]
      [GC Worker End (ms): Min: 531019.4, Avg: 531019.4, Max: 531019.4, Diff: 0.0]
   [Code Root Fixup: 0.0 ms]
   [Code Root Purge: 0.0 ms]
   [Clear CT: 0.1 ms]
   [Other: 1.4 ms]
      [Choose CSet: 0.0 ms]
      [Ref Proc: 0.1 ms]
      [Ref Enq: 0.0 ms]
      [Redirty Cards: 0.1 ms]
      [Humongous Register: 0.0 ms]
      [Humongous Reclaim: 0.1 ms]
      [Free CSet: 0.0 ms]
   [Eden: 3072.0K(187.0M)->0.0B(206.0M) Survivors: 0.0B->1024.0K Heap: 337.1M(800.0M)->38551.4K(800.0M)]
 [Times: user=0.00 sys=0.00, real=0.00 secs] 
2024-10-11T19:45:51.990+0300: 2024-10-11T19:45:51.990+0300: 531.020: Total time for which application threads were stopped: 0.0823041 seconds, Stopping threads took: 0.0745811 seconds
531.020: [GC concurrent-root-region-scan-start]
2024-10-11T19:45:51.990+0300: 531.021: [GC concurrent-root-region-scan-end, 0.0006093 secs]
2024-10-11T19:45:51.990+0300: 531.021: [GC concurrent-mark-start]
2024-10-11T19:45:51.990+0300: 531.028: [GC concurrent-mark-end, 0.0049321 secs]
2024-10-11T19:45:52.021+0300: 531.044: Application time: 0.0240270 seconds
2024-10-11T19:45:53.796+0300: 532.819: [GC remark 2024-10-11T19:45:53.796+0300: 532.819: [Finalize Marking, 0.0020987 secs] 2024-10-11T19:45:53.796+0300: 532.821: [GC ref-proc, 0.0000847 secs] 2024-10-11T19:45:53.796+0300: 532.821: [Unloading, 0.0013459 secs], 0.0039270 secs]
 [Times: user=0.00 sys=0.00, real=0.00 secs] 
2024-10-11T19:45:53.796+0300: 532.823: Total time for which application threads were stopped: 1.7787113 seconds, Stopping threads took: 1.7746692 seconds
2024-10-11T19:45:53.796+0300: 532.824: Application time: 0.0013055 seconds
2024-10-11T19:45:53.796+0300: 532.824: [GC cleanup 255M->255M(800M), 0.0009426 secs]
 [Times: user=0.00 sys=0.00, real=0.00 secs] 
2024-10-11T19:45:53.796+0300: 532.825: Total time for which application threads were stopped: 0.0010532 seconds, Stopping threads took: 0.0000708 seconds
2024-10-11T19:45:54.801+0300: 533.824: Application time: 0.9990460 seconds
2024-10-11T19:45:59.642+0300: 538.665: Total time for which application threads were stopped: 4.8405411 seconds, Stopping threads took: 4.8404200 seconds
2024-10-11T19:46:05.521+0300: 544.557: Application time: 5.8922633 seconds
2024-10-11T19:46:07.815+0300: 546.838: [GC pause (G1 Humongous Allocation) (young), 0.0060480 secs]
   [Parallel Time: 4.9 ms, GC Workers: 6]
      [GC Worker Start (ms): Min: 546838.2, Avg: 546838.3, Max: 546838.4, Diff: 0.2]
      [Ext Root Scanning (ms): Min: 0.4, Avg: 0.5, Max: 0.5, Diff: 0.2, Sum: 2.8]
      [Update RS (ms): Min: 4.2, Avg: 4.2, Max: 4.2, Diff: 0.0, Sum: 25.1]
         [Processed Buffers: Min: 95, Avg: 103.0, Max: 110, Diff: 15, Sum: 618]
      [Scan RS (ms): Min: 0.0, Avg: 0.0, Max: 0.0, Diff: 0.0, Sum: 0.0]
      [Code Root Scanning (ms): Min: 0.0, Avg: 0.0, Max: 0.0, Diff: 0.0, Sum: 0.0]
      [Object Copy (ms): Min: 0.0, Avg: 0.0, Max: 0.0, Diff: 0.0, Sum: 0.2]
      [Termination (ms): Min: 0.0, Avg: 0.0, Max: 0.0, Diff: 0.0, Sum: 0.0]
         [Termination Attempts: Min: 1, Avg: 1.0, Max: 1, Diff: 0, Sum: 6]
      [GC Worker Other (ms): Min: 0.0, Avg: 0.0, Max: 0.0, Diff: 0.0, Sum: 0.1]
      [GC Worker Total (ms): Min: 4.6, Avg: 4.7, Max: 4.8, Diff: 0.2, Sum: 28.2]
      [GC Worker End (ms): Min: 546843.0, Avg: 546843.0, Max: 546843.0, Diff: 0.0]
   [Code Root Fixup: 0.0 ms]
   [Code Root Purge: 0.0 ms]
   [Clear CT: 0.2 ms]
   [Other: 0.9 ms]
      [Choose CSet: 0.0 ms]
      [Ref Proc: 0.2 ms]
      [Ref Enq: 0.0 ms]
      [Redirty Cards: 0.1 ms]
      [Humongous Register: 0.0 ms]
      [Humongous Reclaim: 0.4 ms]
      [Free CSet: 0.0 ms]
   [Eden: 3072.0K(206.0M)->0.0B(182.0M) Survivors: 1024.0K->1024.0K Heap: 754.0M(800.0M)->7417.6K(800.0M)]
 [Times: user=0.00 sys=0.00, real=0.00 secs] 
2024-10-11T19:46:07.815+0300: 546.844: Total time for which application threads were stopped: 2.2870858 seconds, Stopping threads took: 2.2806699 seconds
2024-10-11T19:46:13.599+0300: 552.624: Application time: 5.7796886 seconds
2024-10-11T19:46:13.693+0300: 552.716: [GC pause (G1 Humongous Allocation) (young) (initial-mark), 0.0084823 secs]
   [Parallel Time: 6.8 ms, GC Workers: 6]
      [GC Worker Start (ms): Min: 552717.5, Avg: 552717.5, Max: 552717.6, Diff: 0.1]
      [Ext Root Scanning (ms): Min: 0.4, Avg: 0.4, Max: 0.5, Diff: 0.1, Sum: 2.5]
      [Update RS (ms): Min: 6.1, Avg: 6.1, Max: 6.2, Diff: 0.0, Sum: 36.8]
         [Processed Buffers: Min: 140, Avg: 151.8, Max: 165, Diff: 25, Sum: 911]
      [Scan RS (ms): Min: 0.0, Avg: 0.0, Max: 0.0, Diff: 0.0, Sum: 0.0]
      [Code Root Scanning (ms): Min: 0.0, Avg: 0.0, Max: 0.0, Diff: 0.0, Sum: 0.0]
      [Object Copy (ms): Min: 0.0, Avg: 0.0, Max: 0.1, Diff: 0.0, Sum: 0.2]
      [Termination (ms): Min: 0.0, Avg: 0.0, Max: 0.0, Diff: 0.0, Sum: 0.0]
         [Termination Attempts: Min: 1, Avg: 1.0, Max: 1, Diff: 0, Sum: 6]
      [GC Worker Other (ms): Min: 0.0, Avg: 0.0, Max: 0.0, Diff: 0.0, Sum: 0.1]
      [GC Worker Total (ms): Min: 6.6, Avg: 6.6, Max: 6.7, Diff: 0.1, Sum: 39.6]
      [GC Worker End (ms): Min: 552724.1, Avg: 552724.1, Max: 552724.1, Diff: 0.0]
   [Code Root Fixup: 0.0 ms]
   [Code Root Purge: 0.0 ms]
   [Clear CT: 0.2 ms]
   [Other: 1.5 ms]
      [Choose CSet: 0.0 ms]
      [Ref Proc: 0.1 ms]
      [Ref Enq: 0.0 ms]
      [Redirty Cards: 0.1 ms]
      [Humongous Register: 0.0 ms]
      [Humongous Reclaim: 0.1 ms]
      [Free CSet: 0.0 ms]
   [Eden: 3072.0K(182.0M)->0.0B(171.0M) Survivors: 1024.0K->1024.0K Heap: 338.3M(800.0M)->38667.6K(800.0M)]
 [Times: user=0.00 sys=0.00, real=0.00 secs] 
2024-10-11T19:46:13.693+0300: 552.725: Total time for which application threads were stopped: 0.1010713 seconds, Stopping threads took: 0.0923472 seconds
2024-10-11T19:46:13.693+0300: 552.725: [GC concurrent-root-region-scan-start]
2024-10-11T19:46:13.693+0300: 552.726: [GC concurrent-root-region-scan-end, 0.0008980 secs]
2024-10-11T19:46:13.693+0300: 552.726: [GC concurrent-mark-start]
2024-10-11T19:46:13.725+0300: 552.748: [GC concurrent-mark-end, 0.0069495 secs]
2024-10-11T19:46:13.725+0300: 552.748: Application time: 0.0230314 seconds
2024-10-11T19:46:15.515+0300: 554.538: [GC remark 2024-10-11T19:46:15.515+0300: 554.538: [Finalize Marking, 0.0020834 secs] 2024-10-11T19:46:15.515+0300: 554.540: [GC ref-proc, 0.0000751 secs] 2024-10-11T19:46:15.515+0300: 554.541: [Unloading, 0.0012180 secs], 0.0038195 secs]
 [Times: user=0.00 sys=0.00, real=0.00 secs] 
2024-10-11T19:46:15.515+0300: 554.542: Total time for which application threads were stopped: 1.7941486 seconds, Stopping threads took: 1.7902354 seconds
2024-10-11T19:46:15.515+0300: 554.551: Application time: 0.0093532 seconds
2024-10-11T19:46:17.824+0300: 556.847: [GC cleanup 303M->303M(800M), 0.0016019 secs]
 [Times: user=0.00 sys=0.00, real=0.00 secs] 
2024-10-11T19:46:17.824+0300: 556.849: Total time for which application threads were stopped: 2.2976949 seconds, Stopping threads took: 2.2958581 seconds
2024-10-11T19:46:29.408+0300: 568.431: Application time: 11.5814715 seconds
2024-10-11T19:46:29.517+0300: 568.541: [GC pause (G1 Humongous Allocation) (young), 0.0066818 secs]
   [Parallel Time: 5.6 ms, GC Workers: 6]
      [GC Worker Start (ms): Min: 568540.9, Avg: 568541.0, Max: 568541.0, Diff: 0.1]
      [Ext Root Scanning (ms): Min: 0.4, Avg: 0.5, Max: 0.5, Diff: 0.1, Sum: 2.7]
      [Update RS (ms): Min: 5.0, Avg: 5.0, Max: 5.0, Diff: 0.0, Sum: 30.1]
         [Processed Buffers: Min: 121, Avg: 122.2, Max: 123, Diff: 2, Sum: 733]
      [Scan RS (ms): Min: 0.0, Avg: 0.0, Max: 0.0, Diff: 0.0, Sum: 0.0]
      [Code Root Scanning (ms): Min: 0.0, Avg: 0.0, Max: 0.0, Diff: 0.0, Sum: 0.0]
      [Object Copy (ms): Min: 0.0, Avg: 0.0, Max: 0.0, Diff: 0.0, Sum: 0.2]
      [Termination (ms): Min: 0.0, Avg: 0.0, Max: 0.0, Diff: 0.0, Sum: 0.0]
         [Termination Attempts: Min: 1, Avg: 1.0, Max: 1, Diff: 0, Sum: 6]
      [GC Worker Other (ms): Min: 0.0, Avg: 0.0, Max: 0.0, Diff: 0.0, Sum: 0.1]
      [GC Worker Total (ms): Min: 5.5, Avg: 5.5, Max: 5.6, Diff: 0.1, Sum: 33.1]
      [GC Worker End (ms): Min: 568546.5, Avg: 568546.5, Max: 568546.5, Diff: 0.0]
   [Code Root Fixup: 0.0 ms]
   [Code Root Purge: 0.0 ms]
   [Clear CT: 0.2 ms]
   [Other: 0.9 ms]
      [Choose CSet: 0.0 ms]
      [Ref Proc: 0.1 ms]
      [Ref Enq: 0.0 ms]
      [Redirty Cards: 0.1 ms]
      [Humongous Register: 0.1 ms]
      [Humongous Reclaim: 0.4 ms]
      [Free CSet: 0.0 ms]
   [Eden: 3072.0K(171.0M)->0.0B(164.0M) Survivors: 1024.0K->1024.0K Heap: 754.1M(800.0M)->7415.6K(800.0M)]
 [Times: user=0.00 sys=0.00, real=0.00 secs] 
2024-10-11T19:46:29.517+0300: 568.547: Total time for which application threads were stopped: 0.1166743 seconds, Stopping threads took: 0.1097049 seconds
2024-10-11T19:46:35.298+0300: 574.321: Application time: 5.7737178 seconds
2024-10-11T19:46:35.380+0300: 574.403: [GC pause (G1 Humongous Allocation) (young) (initial-mark), 0.0086247 secs]
   [Parallel Time: 7.4 ms, GC Workers: 6]
      [GC Worker Start (ms): Min: 574403.7, Avg: 574403.8, Max: 574403.8, Diff: 0.1]
      [Ext Root Scanning (ms): Min: 0.3, Avg: 0.3, Max: 0.3, Diff: 0.1, Sum: 1.8]
      [Update RS (ms): Min: 6.9, Avg: 6.9, Max: 6.9, Diff: 0.0, Sum: 41.4]
         [Processed Buffers: Min: 171, Avg: 172.8, Max: 175, Diff: 4, Sum: 1037]
      [Scan RS (ms): Min: 0.0, Avg: 0.0, Max: 0.0, Diff: 0.0, Sum: 0.0]
      [Code Root Scanning (ms): Min: 0.0, Avg: 0.0, Max: 0.0, Diff: 0.0, Sum: 0.0]
      [Object Copy (ms): Min: 0.0, Avg: 0.0, Max: 0.0, Diff: 0.0, Sum: 0.2]
      [Termination (ms): Min: 0.0, Avg: 0.0, Max: 0.0, Diff: 0.0, Sum: 0.0]
         [Termination Attempts: Min: 1, Avg: 1.0, Max: 1, Diff: 0, Sum: 6]
      [GC Worker Other (ms): Min: 0.0, Avg: 0.0, Max: 0.0, Diff: 0.0, Sum: 0.1]
      [GC Worker Total (ms): Min: 7.2, Avg: 7.2, Max: 7.3, Diff: 0.1, Sum: 43.5]
      [GC Worker End (ms): Min: 574411.0, Avg: 574411.0, Max: 574411.0, Diff: 0.0]
   [Code Root Fixup: 0.0 ms]
   [Code Root Purge: 0.0 ms]
   [Clear CT: 0.1 ms]
   [Other: 1.1 ms]
      [Choose CSet: 0.0 ms]
      [Ref Proc: 0.1 ms]
      [Ref Enq: 0.0 ms]
      [Redirty Cards: 0.1 ms]
      [Humongous Register: 0.0 ms]
      [Humongous Reclaim: 0.2 ms]
      [Free CSet: 0.0 ms]
   [Eden: 3072.0K(164.0M)->0.0B(161.0M) Survivors: 1024.0K->1024.0K Heap: 338.3M(800.0M)->38665.6K(800.0M)]
 [Times: user=0.00 sys=0.00, real=0.00 secs] 
2024-10-11T19:46:35.380+0300: 2024-10-11T19:46:35.380+0300: 574.412: 574.412: [GC concurrent-root-region-scan-start]
Total time for which application threads were stopped: 0.0905719 seconds, Stopping threads took: 0.0817368 seconds
2024-10-11T19:46:35.380+0300: 574.412: [GC concurrent-root-region-scan-end, 0.0003785 secs]
2024-10-11T19:46:35.380+0300: 574.412: [GC concurrent-mark-start]
2024-10-11T19:46:35.398+0300: 574.420: [GC concurrent-mark-end, 0.0072160 secs]
2024-10-11T19:46:35.412+0300: 574.435: Application time: 0.0234960 seconds
2024-10-11T19:46:37.204+0300: 576.227: [GC remark 2024-10-11T19:46:37.204+0300: 576.227: [Finalize Marking, 0.0019361 secs] 2024-10-11T19:46:37.204+0300: 576.229: [GC ref-proc, 0.0000796 secs] 2024-10-11T19:46:37.204+0300: 576.229: [Unloading, 0.0013457 secs], 0.0037497 secs]
 [Times: user=0.00 sys=0.00, real=0.00 secs] 
2024-10-11T19:46:37.204+0300: 576.230: Total time for which application threads were stopped: 1.7952847 seconds, Stopping threads took: 1.7914194 seconds
2024-10-11T19:46:37.204+0300: 576.231: Application time: 0.0001053 seconds
2024-10-11T19:46:37.204+0300: 576.231: [GC cleanup 239M->239M(800M), 0.0009063 secs]
 [Times: user=0.00 sys=0.00, real=0.00 secs] 
2024-10-11T19:46:37.204+0300: 576.232: Total time for which application threads were stopped: 0.0014885 seconds, Stopping threads took: 0.0005402 seconds
2024-10-11T19:46:48.897+0300: 587.930: Application time: 11.6980315 seconds
2024-10-11T19:46:51.159+0300: 590.182: [GC pause (G1 Humongous Allocation) (young), 0.0098855 secs]
   [Parallel Time: 8.7 ms, GC Workers: 6]
      [GC Worker Start (ms): Min: 590182.8, Avg: 590182.9, Max: 590183.0, Diff: 0.2]
      [Ext Root Scanning (ms): Min: 0.3, Avg: 0.4, Max: 0.5, Diff: 0.2, Sum: 2.6]
      [Update RS (ms): Min: 7.9, Avg: 7.9, Max: 7.9, Diff: 0.0, Sum: 47.4]
         [Processed Buffers: Min: 193, Avg: 197.7, Max: 202, Diff: 9, Sum: 1186]
      [Scan RS (ms): Min: 0.0, Avg: 0.0, Max: 0.0, Diff: 0.0, Sum: 0.0]
      [Code Root Scanning (ms): Min: 0.0, Avg: 0.0, Max: 0.0, Diff: 0.0, Sum: 0.0]
      [Object Copy (ms): Min: 0.0, Avg: 0.0, Max: 0.0, Diff: 0.0, Sum: 0.2]
      [Termination (ms): Min: 0.0, Avg: 0.0, Max: 0.0, Diff: 0.0, Sum: 0.0]
         [Termination Attempts: Min: 1, Avg: 1.0, Max: 1, Diff: 0, Sum: 6]
      [GC Worker Other (ms): Min: 0.0, Avg: 0.0, Max: 0.0, Diff: 0.0, Sum: 0.1]
      [GC Worker Total (ms): Min: 8.2, Avg: 8.4, Max: 8.5, Diff: 0.2, Sum: 50.3]
      [GC Worker End (ms): Min: 590191.3, Avg: 590191.3, Max: 590191.3, Diff: 0.0]
   [Code Root Fixup: 0.0 ms]
   [Code Root Purge: 0.0 ms]
   [Clear CT: 0.2 ms]
   [Other: 1.1 ms]
      [Choose CSet: 0.0 ms]
      [Ref Proc: 0.2 ms]
      [Ref Enq: 0.0 ms]
      [Redirty Cards: 0.2 ms]
      [Humongous Register: 0.1 ms]
      [Humongous Reclaim: 0.4 ms]
      [Free CSet: 0.0 ms]
   [Eden: 3072.0K(161.0M)->0.0B(158.0M) Survivors: 1024.0K->1024.0K Heap: 754.1M(800.0M)->7415.6K(800.0M)]
 [Times: user=0.00 sys=0.00, real=0.00 secs] 
2024-10-11T19:46:51.159+0300: 590.192: Total time for which application threads were stopped: 2.2623903 seconds, Stopping threads took: 2.2522183 seconds
2024-10-11T19:46:56.942+0300: 595.976: Application time: 5.7838105 seconds
2024-10-11T19:46:57.036+0300: 596.059: [GC pause (G1 Humongous Allocation) (young) (initial-mark), 0.0095311 secs]
   [Parallel Time: 8.2 ms, GC Workers: 6]
      [GC Worker Start (ms): Min: 596059.9, Avg: 596060.0, Max: 596060.0, Diff: 0.1]
      [Ext Root Scanning (ms): Min: 0.3, Avg: 0.3, Max: 0.4, Diff: 0.1, Sum: 1.9]
      [Update RS (ms): Min: 7.7, Avg: 7.7, Max: 7.7, Diff: 0.0, Sum: 46.2]
         [Processed Buffers: Min: 190, Avg: 198.3, Max: 207, Diff: 17, Sum: 1190]
      [Scan RS (ms): Min: 0.0, Avg: 0.0, Max: 0.0, Diff: 0.0, Sum: 0.0]
      [Code Root Scanning (ms): Min: 0.0, Avg: 0.0, Max: 0.0, Diff: 0.0, Sum: 0.0]
      [Object Copy (ms): Min: 0.0, Avg: 0.0, Max: 0.0, Diff: 0.0, Sum: 0.2]
      [Termination (ms): Min: 0.0, Avg: 0.0, Max: 0.0, Diff: 0.0, Sum: 0.0]
         [Termination Attempts: Min: 1, Avg: 1.0, Max: 1, Diff: 0, Sum: 6]
      [GC Worker Other (ms): Min: 0.0, Avg: 0.0, Max: 0.0, Diff: 0.0, Sum: 0.1]
      [GC Worker Total (ms): Min: 8.0, Avg: 8.1, Max: 8.1, Diff: 0.1, Sum: 48.3]
      [GC Worker End (ms): Min: 596068.0, Avg: 596068.0, Max: 596068.0, Diff: 0.0]
   [Code Root Fixup: 0.0 ms]
   [Code Root Purge: 0.0 ms]
   [Clear CT: 0.2 ms]
   [Other: 1.2 ms]
      [Choose CSet: 0.0 ms]
      [Ref Proc: 0.1 ms]
      [Ref Enq: 0.0 ms]
      [Redirty Cards: 0.1 ms]
      [Humongous Register: 0.0 ms]
      [Humongous Reclaim: 0.2 ms]
      [Free CSet: 0.0 ms]
   [Eden: 3072.0K(158.0M)->0.0B(157.0M) Survivors: 1024.0K->1024.0K Heap: 338.3M(800.0M)->38667.6K(800.0M)]
 [Times: user=0.00 sys=0.00, real=0.00 secs] 
2024-10-11T19:46:57.036+0300: 2024-10-11T19:46:57.036+0300: 596.069: [GC concurrent-root-region-scan-start]
596.069: Total time for which application threads were stopped: 0.0925110 seconds, Stopping threads took: 0.0827176 seconds
2024-10-11T19:46:57.036+0300: 596.070: [GC concurrent-root-region-scan-end, 0.0008141 secs]
2024-10-11T19:46:57.036+0300: 596.070: [GC concurrent-mark-start]
2024-10-11T19:46:57.052+0300: 596.075: [GC concurrent-mark-end, 0.0047091 secs]
2024-10-11T19:46:57.068+0300: 596.100: Application time: 0.0312025 seconds
2024-10-11T19:46:58.858+0300: 597.881: [GC remark 2024-10-11T19:46:58.858+0300: 597.881: [Finalize Marking, 0.0017351 secs] 2024-10-11T19:46:58.858+0300: 597.883: [GC ref-proc, 0.0000746 secs] 2024-10-11T19:46:58.858+0300: 597.883: [Unloading, 0.0012534 secs], 0.0035072 secs]
 [Times: user=0.00 sys=0.00, real=0.00 secs] 
2024-10-11T19:46:58.858+0300: 597.884: Total time for which application threads were stopped: 1.7844136 seconds, Stopping threads took: 1.7808466 seconds
2024-10-11T19:46:58.858+0300: 597.885: Application time: 0.0000674 seconds
2024-10-11T19:46:58.858+0300: 597.885: [GC cleanup 271M->271M(800M), 0.0009093 secs]
 [Times: user=0.00 sys=0.00, real=0.00 secs] 
2024-10-11T19:46:58.858+0300: 597.886: Total time for which application threads were stopped: 0.0010145 seconds, Stopping threads took: 0.0000709 seconds
2024-10-11T19:47:10.536+0300: 609.566: Application time: 11.6802757 seconds
2024-10-11T19:47:12.341+0300: 611.365: [GC pause (G1 Humongous Allocation) (young), 0.0124566 secs]
   [Parallel Time: 11.1 ms, GC Workers: 6]
      [GC Worker Start (ms): Min: 611365.3, Avg: 611365.4, Max: 611365.5, Diff: 0.2]
      [Ext Root Scanning (ms): Min: 0.2, Avg: 0.3, Max: 0.3, Diff: 0.2, Sum: 1.7]
      [Update RS (ms): Min: 10.6, Avg: 10.6, Max: 10.6, Diff: 0.0, Sum: 63.6]
         [Processed Buffers: Min: 261, Avg: 268.3, Max: 275, Diff: 14, Sum: 1610]
      [Scan RS (ms): Min: 0.0, Avg: 0.0, Max: 0.0, Diff: 0.0, Sum: 0.0]
      [Code Root Scanning (ms): Min: 0.0, Avg: 0.0, Max: 0.0, Diff: 0.0, Sum: 0.0]
      [Object Copy (ms): Min: 0.0, Avg: 0.0, Max: 0.0, Diff: 0.0, Sum: 0.2]
      [Termination (ms): Min: 0.0, Avg: 0.0, Max: 0.0, Diff: 0.0, Sum: 0.0]
         [Termination Attempts: Min: 1, Avg: 1.5, Max: 2, Diff: 1, Sum: 9]
      [GC Worker Other (ms): Min: 0.0, Avg: 0.0, Max: 0.0, Diff: 0.0, Sum: 0.1]
      [GC Worker Total (ms): Min: 10.8, Avg: 10.9, Max: 11.0, Diff: 0.2, Sum: 65.5]
      [GC Worker End (ms): Min: 611376.3, Avg: 611376.3, Max: 611376.3, Diff: 0.0]
   [Code Root Fixup: 0.0 ms]
   [Code Root Purge: 0.0 ms]
   [Clear CT: 0.2 ms]
   [Other: 1.1 ms]
      [Choose CSet: 0.0 ms]
      [Ref Proc: 0.2 ms]
      [Ref Enq: 0.0 ms]
      [Redirty Cards: 0.2 ms]
      [Humongous Register: 0.1 ms]
      [Humongous Reclaim: 0.4 ms]
      [Free CSet: 0.0 ms]
   [Eden: 3072.0K(157.0M)->0.0B(156.0M) Survivors: 1024.0K->1024.0K Heap: 754.1M(800.0M)->58199.0K(800.0M)]
 [Times: user=0.00 sys=0.00, real=0.00 secs] 
2024-10-11T19:47:12.341+0300: 611.378: Total time for which application threads were stopped: 1.8117562 seconds, Stopping threads took: 1.7990205 seconds
2024-10-11T19:47:18.108+0300: 617.134: Application time: 5.7563205 seconds
2024-10-11T19:47:18.218+0300: 617.241: [GC pause (G1 Humongous Allocation) (young) (initial-mark), 0.0114815 secs]
   [Parallel Time: 9.9 ms, GC Workers: 6]
      [GC Worker Start (ms): Min: 617242.3, Avg: 617242.3, Max: 617242.4, Diff: 0.1]
      [Ext Root Scanning (ms): Min: 0.4, Avg: 0.4, Max: 0.5, Diff: 0.1, Sum: 2.6]
      [Update RS (ms): Min: 9.2, Avg: 9.2, Max: 9.2, Diff: 0.1, Sum: 55.2]
         [Processed Buffers: Min: 221, Avg: 228.0, Max: 235, Diff: 14, Sum: 1368]
      [Scan RS (ms): Min: 0.0, Avg: 0.0, Max: 0.0, Diff: 0.0, Sum: 0.0]
      [Code Root Scanning (ms): Min: 0.0, Avg: 0.0, Max: 0.0, Diff: 0.0, Sum: 0.0]
      [Object Copy (ms): Min: 0.0, Avg: 0.0, Max: 0.1, Diff: 0.1, Sum: 0.3]
      [Termination (ms): Min: 0.0, Avg: 0.0, Max: 0.0, Diff: 0.0, Sum: 0.0]
         [Termination Attempts: Min: 1, Avg: 1.0, Max: 1, Diff: 0, Sum: 6]
      [GC Worker Other (ms): Min: 0.0, Avg: 0.0, Max: 0.0, Diff: 0.0, Sum: 0.1]
      [GC Worker Total (ms): Min: 9.6, Avg: 9.7, Max: 9.7, Diff: 0.1, Sum: 58.1]
      [GC Worker End (ms): Min: 617252.0, Avg: 617252.0, Max: 617252.0, Diff: 0.0]
   [Code Root Fixup: 0.0 ms]
   [Code Root Purge: 0.0 ms]
   [Clear CT: 0.2 ms]
   [Other: 1.4 ms]
      [Choose CSet: 0.0 ms]
      [Ref Proc: 0.1 ms]
      [Ref Enq: 0.0 ms]
      [Redirty Cards: 0.2 ms]
      [Humongous Register: 0.0 ms]
      [Humongous Reclaim: 0.2 ms]
      [Free CSet: 0.0 ms]
   [Eden: 3072.0K(156.0M)->0.0B(156.0M) Survivors: 1024.0K->1024.0K Heap: 337.8M(800.0M)->38669.7K(800.0M)]
 [Times: user=0.00 sys=0.00, real=0.00 secs] 
2024-10-11T19:47:18.219+0300: 2024-10-11T19:47:18.219+0300: 617.253: 617.253: Total time for which application threads were stopped: 0.1190384 seconds, Stopping threads took: 0.1073094 seconds
[GC concurrent-root-region-scan-start]
2024-10-11T19:47:18.219+0300: 617.253: [GC concurrent-root-region-scan-end, 0.0004849 secs]
2024-10-11T19:47:18.219+0300: 617.253: [GC concurrent-mark-start]
2024-10-11T19:47:18.234+0300: 617.259: [GC concurrent-mark-end, 0.0051514 secs]
2024-10-11T19:47:18.250+0300: 617.284: Application time: 0.0310943 seconds
2024-10-11T19:47:20.070+0300: 619.093: [GC remark 2024-10-11T19:47:20.070+0300: 619.093: [Finalize Marking, 0.0016973 secs] 2024-10-11T19:47:20.070+0300: 619.095: [GC ref-proc, 0.0001621 secs] 2024-10-11T19:47:20.070+0300: 619.095: [Unloading, 0.0018167 secs], 0.0041362 secs]
 [Times: user=0.00 sys=0.00, real=0.00 secs] 
2024-10-11T19:47:20.070+0300: 619.098: Total time for which application threads were stopped: 1.8135536 seconds, Stopping threads took: 1.8092975 seconds
2024-10-11T19:47:20.070+0300: 619.098: Application time: 0.0001171 seconds
2024-10-11T19:47:21.862+0300: 620.885: [GC cleanup 287M->287M(800M), 0.0014082 secs]
 [Times: user=0.00 sys=0.00, real=0.00 secs] 
2024-10-11T19:47:21.862+0300: 620.887: Total time for which application threads were stopped: 1.7890115 seconds, Stopping threads took: 1.7875072 seconds
2024-10-11T19:47:33.431+0300: 632.465: Application time: 11.5782386 seconds
2024-10-11T19:47:35.299+0300: 634.322: [GC pause (G1 Humongous Allocation) (young), 0.0127191 secs]
   [Parallel Time: 11.4 ms, GC Workers: 6]
      [GC Worker Start (ms): Min: 634322.7, Avg: 634322.8, Max: 634322.9, Diff: 0.2]
      [Ext Root Scanning (ms): Min: 0.3, Avg: 0.4, Max: 0.5, Diff: 0.2, Sum: 2.5]
      [Update RS (ms): Min: 10.7, Avg: 10.7, Max: 10.7, Diff: 0.0, Sum: 64.4]
         [Processed Buffers: Min: 265, Avg: 273.2, Max: 281, Diff: 16, Sum: 1639]
      [Scan RS (ms): Min: 0.0, Avg: 0.0, Max: 0.0, Diff: 0.0, Sum: 0.0]
      [Code Root Scanning (ms): Min: 0.0, Avg: 0.0, Max: 0.0, Diff: 0.0, Sum: 0.0]
      [Object Copy (ms): Min: 0.0, Avg: 0.0, Max: 0.1, Diff: 0.0, Sum: 0.2]
      [Termination (ms): Min: 0.0, Avg: 0.0, Max: 0.0, Diff: 0.0, Sum: 0.0]
         [Termination Attempts: Min: 1, Avg: 1.0, Max: 1, Diff: 0, Sum: 6]
      [GC Worker Other (ms): Min: 0.0, Avg: 0.0, Max: 0.0, Diff: 0.0, Sum: 0.1]
      [GC Worker Total (ms): Min: 11.1, Avg: 11.2, Max: 11.3, Diff: 0.2, Sum: 67.2]
      [GC Worker End (ms): Min: 634334.0, Avg: 634334.0, Max: 634334.0, Diff: 0.0]
   [Code Root Fixup: 0.0 ms]
   [Code Root Purge: 0.0 ms]
   [Clear CT: 0.2 ms]
   [Other: 1.1 ms]
      [Choose CSet: 0.0 ms]
      [Ref Proc: 0.2 ms]
      [Ref Enq: 0.0 ms]
      [Redirty Cards: 0.2 ms]
      [Humongous Register: 0.1 ms]
      [Humongous Reclaim: 0.4 ms]
      [Free CSet: 0.0 ms]
   [Eden: 3072.0K(156.0M)->0.0B(155.0M) Survivors: 1024.0K->1024.0K Heap: 754.1M(800.0M)->7419.6K(800.0M)]
 [Times: user=0.00 sys=0.00, real=0.00 secs] 
2024-10-11T19:47:35.299+0300: 634.335: Total time for which application threads were stopped: 1.8702596 seconds, Stopping threads took: 1.8572443 seconds
2024-10-11T19:47:41.096+0300: 640.128: Application time: 5.7924773 seconds
2024-10-11T19:47:41.174+0300: 640.197: [GC pause (G1 Humongous Allocation) (young) (initial-mark), 0.0124444 secs]
   [Parallel Time: 11.2 ms, GC Workers: 6]
      [GC Worker Start (ms): Min: 640197.6, Avg: 640197.6, Max: 640197.7, Diff: 0.1]
      [Ext Root Scanning (ms): Min: 0.4, Avg: 0.4, Max: 0.5, Diff: 0.1, Sum: 2.7]
      [Update RS (ms): Min: 10.5, Avg: 10.5, Max: 10.5, Diff: 0.0, Sum: 63.2]
         [Processed Buffers: Min: 263, Avg: 266.3, Max: 269, Diff: 6, Sum: 1598]
      [Scan RS (ms): Min: 0.0, Avg: 0.0, Max: 0.0, Diff: 0.0, Sum: 0.0]
      [Code Root Scanning (ms): Min: 0.0, Avg: 0.0, Max: 0.0, Diff: 0.0, Sum: 0.0]
      [Object Copy (ms): Min: 0.0, Avg: 0.0, Max: 0.0, Diff: 0.0, Sum: 0.2]
      [Termination (ms): Min: 0.0, Avg: 0.0, Max: 0.0, Diff: 0.0, Sum: 0.0]
         [Termination Attempts: Min: 1, Avg: 1.0, Max: 1, Diff: 0, Sum: 6]
      [GC Worker Other (ms): Min: 0.0, Avg: 0.0, Max: 0.0, Diff: 0.0, Sum: 0.1]
      [GC Worker Total (ms): Min: 11.0, Avg: 11.0, Max: 11.1, Diff: 0.1, Sum: 66.2]
      [GC Worker End (ms): Min: 640208.7, Avg: 640208.7, Max: 640208.7, Diff: 0.0]
   [Code Root Fixup: 0.0 ms]
   [Code Root Purge: 0.0 ms]
   [Clear CT: 0.2 ms]
   [Other: 1.1 ms]
      [Choose CSet: 0.0 ms]
      [Ref Proc: 0.1 ms]
      [Ref Enq: 0.0 ms]
      [Redirty Cards: 0.1 ms]
      [Humongous Register: 0.0 ms]
      [Humongous Reclaim: 0.2 ms]
      [Free CSet: 0.0 ms]
   [Eden: 3072.0K(155.0M)->0.0B(156.0M) Survivors: 1024.0K->1024.0K Heap: 338.3M(800.0M)->38669.7K(800.0M)]
 [Times: user=0.00 sys=0.00, real=0.00 secs] 
2024-10-11T19:47:41.178+0300: 2024-10-11T19:47:41.178+0300: 640.209: 640.209: [GC concurrent-root-region-scan-start]
Total time for which application threads were stopped: 0.0817317 seconds, Stopping threads took: 0.0690400 seconds
2024-10-11T19:47:41.178+0300: 640.210: [GC concurrent-root-region-scan-end, 0.0005199 secs]
2024-10-11T19:47:41.178+0300: 640.210: [GC concurrent-mark-start]
2024-10-11T19:47:41.206+0300: 640.229: [GC concurrent-mark-end, 0.0049869 secs]
2024-10-11T19:47:41.206+0300: 640.239: Application time: 0.0297565 seconds
2024-10-11T19:47:43.011+0300: 642.034: [GC remark 2024-10-11T19:47:43.011+0300: 642.034: [Finalize Marking, 0.0023325 secs] 2024-10-11T19:47:43.011+0300: 642.037: [GC ref-proc, 0.0001631 secs] 2024-10-11T19:47:43.011+0300: 642.037: [Unloading, 0.0015507 secs], 0.0045818 secs]
 [Times: user=0.00 sys=0.00, real=0.00 secs] 
2024-10-11T19:47:43.011+0300: 642.039: Total time for which application threads were stopped: 1.7997032 seconds, Stopping threads took: 1.7950116 seconds
2024-10-11T19:47:43.011+0300: 642.039: Application time: 0.0000779 seconds
2024-10-11T19:47:43.011+0300: 642.039: [GC cleanup 271M->271M(800M), 0.0008155 secs]
 [Times: user=0.00 sys=0.00, real=0.00 secs] 
2024-10-11T19:47:43.011+0300: 642.040: Total time for which application threads were stopped: 0.0009134 seconds, Stopping threads took: 0.0000565 seconds
2024-10-11T19:47:54.667+0300: 653.702: Application time: 11.6617315 seconds
2024-10-11T19:47:56.961+0300: 655.985: [GC pause (G1 Humongous Allocation) (young), 0.0119410 secs]
   [Parallel Time: 10.7 ms, GC Workers: 6]
      [GC Worker Start (ms): Min: 655984.9, Avg: 655985.0, Max: 655985.0, Diff: 0.1]
      [Ext Root Scanning (ms): Min: 0.3, Avg: 0.4, Max: 0.5, Diff: 0.1, Sum: 2.4]
      [Update RS (ms): Min: 8.6, Avg: 9.8, Max: 10.1, Diff: 1.5, Sum: 59.1]
         [Processed Buffers: Min: 217, Avg: 248.2, Max: 285, Diff: 68, Sum: 1489]
      [Scan RS (ms): Min: 0.0, Avg: 0.0, Max: 0.0, Diff: 0.0, Sum: 0.0]
      [Code Root Scanning (ms): Min: 0.0, Avg: 0.0, Max: 0.0, Diff: 0.0, Sum: 0.0]
      [Object Copy (ms): Min: 0.0, Avg: 0.3, Max: 1.5, Diff: 1.5, Sum: 1.7]
      [Termination (ms): Min: 0.0, Avg: 0.0, Max: 0.0, Diff: 0.0, Sum: 0.0]
         [Termination Attempts: Min: 1, Avg: 1.5, Max: 2, Diff: 1, Sum: 9]
      [GC Worker Other (ms): Min: 0.0, Avg: 0.0, Max: 0.0, Diff: 0.0, Sum: 0.1]
      [GC Worker Total (ms): Min: 10.5, Avg: 10.5, Max: 10.6, Diff: 0.1, Sum: 63.3]
      [GC Worker End (ms): Min: 655995.5, Avg: 655995.5, Max: 655995.5, Diff: 0.0]
   [Code Root Fixup: 0.0 ms]
   [Code Root Purge: 0.0 ms]
   [Clear CT: 0.2 ms]
   [Other: 1.1 ms]
      [Choose CSet: 0.0 ms]
      [Ref Proc: 0.2 ms]
      [Ref Enq: 0.0 ms]
      [Redirty Cards: 0.2 ms]
      [Humongous Register: 0.1 ms]
      [Humongous Reclaim: 0.4 ms]
      [Free CSet: 0.0 ms]
   [Eden: 3072.0K(156.0M)->0.0B(156.0M) Survivors: 1024.0K->1024.0K Heap: 754.1M(800.0M)->7421.7K(800.0M)]
 [Times: user=0.00 sys=0.00, real=0.00 secs] 
2024-10-11T19:47:56.961+0300: 655.997: Total time for which application threads were stopped: 2.2950197 seconds, Stopping threads took: 2.2827803 seconds
2024-10-11T19:48:02.759+0300: 661.793: Application time: 5.7963851 seconds
2024-10-11T19:48:02.838+0300: 661.861: [GC pause (G1 Humongous Allocation) (young) (initial-mark), 0.0157415 secs]
   [Parallel Time: 14.1 ms, GC Workers: 6]
      [GC Worker Start (ms): Min: 661861.6, Avg: 661861.7, Max: 661861.7, Diff: 0.1]
      [Ext Root Scanning (ms): Min: 0.3, Avg: 0.3, Max: 0.3, Diff: 0.0, Sum: 1.8]
      [Update RS (ms): Min: 13.5, Avg: 13.5, Max: 13.6, Diff: 0.1, Sum: 81.2]
         [Processed Buffers: Min: 336, Avg: 351.0, Max: 366, Diff: 30, Sum: 2106]
      [Scan RS (ms): Min: 0.0, Avg: 0.0, Max: 0.0, Diff: 0.0, Sum: 0.0]
      [Code Root Scanning (ms): Min: 0.0, Avg: 0.0, Max: 0.0, Diff: 0.0, Sum: 0.0]
      [Object Copy (ms): Min: 0.0, Avg: 0.1, Max: 0.1, Diff: 0.0, Sum: 0.3]
      [Termination (ms): Min: 0.0, Avg: 0.0, Max: 0.0, Diff: 0.0, Sum: 0.0]
         [Termination Attempts: Min: 1, Avg: 1.0, Max: 1, Diff: 0, Sum: 6]
      [GC Worker Other (ms): Min: 0.0, Avg: 0.0, Max: 0.0, Diff: 0.0, Sum: 0.1]
      [GC Worker Total (ms): Min: 13.9, Avg: 13.9, Max: 13.9, Diff: 0.1, Sum: 83.4]
      [GC Worker End (ms): Min: 661875.6, Avg: 661875.6, Max: 661875.6, Diff: 0.0]
   [Code Root Fixup: 0.0 ms]
   [Code Root Purge: 0.0 ms]
   [Clear CT: 0.1 ms]
   [Other: 1.5 ms]
      [Choose CSet: 0.0 ms]
      [Ref Proc: 0.2 ms]
      [Ref Enq: 0.0 ms]
      [Redirty Cards: 0.2 ms]
      [Humongous Register: 0.0 ms]
      [Humongous Reclaim: 0.2 ms]
      [Free CSet: 0.0 ms]
   [Eden: 3072.0K(156.0M)->0.0B(155.0M) Survivors: 1024.0K->1024.0K Heap: 341.4M(800.0M)->41794.7K(800.0M)]
 [Times: user=0.00 sys=0.00, real=0.01 secs] 
2024-10-11T19:48:02.853+0300: 2024-10-11T19:48:02.853+0300: 661.876: [GC concurrent-root-region-scan-start]
661.876: Total time for which application threads were stopped: 0.0834342 seconds, Stopping threads took: 0.0674481 seconds
2024-10-11T19:48:02.853+0300: 661.877: [GC concurrent-root-region-scan-end, 0.0009830 secs]
2024-10-11T19:48:02.853+0300: 661.877: [GC concurrent-mark-start]
2024-10-11T19:48:02.869+0300: 661.892: [GC concurrent-mark-end, 0.0145196 secs]
2024-10-11T19:48:02.885+0300: 661.908: Application time: 0.0317127 seconds
2024-10-11T19:48:04.690+0300: 663.713: [GC remark 2024-10-11T19:48:04.690+0300: 663.714: [Finalize Marking, 0.0017523 secs] 2024-10-11T19:48:04.690+0300: 663.715: [GC ref-proc, 0.0000703 secs] 2024-10-11T19:48:04.690+0300: 663.715: [Unloading, 0.0012096 secs], 0.0035099 secs]
 [Times: user=0.00 sys=0.00, real=0.00 secs] 
2024-10-11T19:48:04.690+0300: 663.717: Total time for which application threads were stopped: 1.8087623 seconds, Stopping threads took: 1.8051544 seconds
2024-10-11T19:48:04.690+0300: 663.717: Application time: 0.0000895 seconds
2024-10-11T19:48:04.690+0300: 663.717: [GC cleanup 287M->287M(800M), 0.0009612 secs]
 [Times: user=0.00 sys=0.00, real=0.00 secs] 
2024-10-11T19:48:04.690+0300: 663.718: Total time for which application threads were stopped: 0.0010523 seconds, Stopping threads took: 0.0000435 seconds
2024-10-11T19:48:16.383+0300: 675.407: Application time: 11.6886086 seconds
2024-10-11T19:48:18.706+0300: 677.730: [GC pause (G1 Humongous Allocation) (young), 0.0133956 secs]
   [Parallel Time: 12.4 ms, GC Workers: 6]
      [GC Worker Start (ms): Min: 677729.7, Avg: 677729.8, Max: 677729.9, Diff: 0.2]
      [Ext Root Scanning (ms): Min: 0.3, Avg: 0.4, Max: 0.5, Diff: 0.2, Sum: 2.2]
      [Update RS (ms): Min: 11.7, Avg: 11.8, Max: 11.8, Diff: 0.0, Sum: 70.5]
         [Processed Buffers: Min: 291, Avg: 297.8, Max: 305, Diff: 14, Sum: 1787]
      [Scan RS (ms): Min: 0.0, Avg: 0.0, Max: 0.0, Diff: 0.0, Sum: 0.0]
      [Code Root Scanning (ms): Min: 0.0, Avg: 0.0, Max: 0.0, Diff: 0.0, Sum: 0.0]
      [Object Copy (ms): Min: 0.0, Avg: 0.0, Max: 0.0, Diff: 0.0, Sum: 0.2]
      [Termination (ms): Min: 0.0, Avg: 0.0, Max: 0.0, Diff: 0.0, Sum: 0.0]
         [Termination Attempts: Min: 1, Avg: 1.0, Max: 1, Diff: 0, Sum: 6]
      [GC Worker Other (ms): Min: 0.0, Avg: 0.0, Max: 0.1, Diff: 0.0, Sum: 0.2]
      [GC Worker Total (ms): Min: 12.1, Avg: 12.2, Max: 12.3, Diff: 0.2, Sum: 73.1]
      [GC Worker End (ms): Min: 677742.0, Avg: 677742.0, Max: 677742.0, Diff: 0.0]
   [Code Root Fixup: 0.0 ms]
   [Code Root Purge: 0.0 ms]
   [Clear CT: 0.2 ms]
   [Other: 0.9 ms]
      [Choose CSet: 0.0 ms]
      [Ref Proc: 0.1 ms]
      [Ref Enq: 0.0 ms]
      [Redirty Cards: 0.2 ms]
      [Humongous Register: 0.0 ms]
      [Humongous Reclaim: 0.4 ms]
      [Free CSet: 0.0 ms]
   [Eden: 3072.0K(155.0M)->0.0B(155.0M) Survivors: 1024.0K->1024.0K Heap: 754.1M(800.0M)->7422.6K(800.0M)]
 [Times: user=0.00 sys=0.00, real=0.00 secs] 
2024-10-11T19:48:18.706+0300: 677.743: Total time for which application threads were stopped: 2.3363669 seconds, Stopping threads took: 2.3227623 seconds
2024-10-11T19:48:24.474+0300: 683.498: Application time: 5.7552884 seconds
2024-10-11T19:48:24.585+0300: 683.608: [GC pause (G1 Humongous Allocation) (young) (initial-mark), 0.0191076 secs]
   [Parallel Time: 17.7 ms, GC Workers: 6]
      [GC Worker Start (ms): Min: 683608.7, Avg: 683608.8, Max: 683608.8, Diff: 0.1]
      [Ext Root Scanning (ms): Min: 0.4, Avg: 0.4, Max: 0.5, Diff: 0.1, Sum: 2.6]
      [Update RS (ms): Min: 16.9, Avg: 16.9, Max: 16.9, Diff: 0.0, Sum: 101.5]
         [Processed Buffers: Min: 419, Avg: 439.0, Max: 457, Diff: 38, Sum: 2634]
      [Scan RS (ms): Min: 0.0, Avg: 0.0, Max: 0.0, Diff: 0.0, Sum: 0.0]
      [Code Root Scanning (ms): Min: 0.0, Avg: 0.0, Max: 0.0, Diff: 0.0, Sum: 0.0]
      [Object Copy (ms): Min: 0.1, Avg: 0.1, Max: 0.1, Diff: 0.0, Sum: 0.4]
      [Termination (ms): Min: 0.0, Avg: 0.0, Max: 0.0, Diff: 0.0, Sum: 0.0]
         [Termination Attempts: Min: 1, Avg: 1.0, Max: 1, Diff: 0, Sum: 6]
      [GC Worker Other (ms): Min: 0.0, Avg: 0.0, Max: 0.0, Diff: 0.0, Sum: 0.1]
      [GC Worker Total (ms): Min: 17.4, Avg: 17.4, Max: 17.5, Diff: 0.1, Sum: 104.7]
      [GC Worker End (ms): Min: 683626.2, Avg: 683626.2, Max: 683626.2, Diff: 0.0]
   [Code Root Fixup: 0.0 ms]
   [Code Root Purge: 0.0 ms]
   [Clear CT: 0.2 ms]
   [Other: 1.3 ms]
      [Choose CSet: 0.0 ms]
      [Ref Proc: 0.1 ms]
      [Ref Enq: 0.0 ms]
      [Redirty Cards: 0.1 ms]
      [Humongous Register: 0.0 ms]
      [Humongous Reclaim: 0.2 ms]
      [Free CSet: 0.0 ms]
   [Eden: 3072.0K(155.0M)->0.0B(154.0M) Survivors: 1024.0K->1024.0K Heap: 338.3M(800.0M)->38672.0K(800.0M)]
 [Times: user=0.02 sys=0.00, real=0.02 secs] 
2024-10-11T19:48:24.601+0300: 2024-10-11T19:48:24.601+0300: 683.627: Total time for which application threads were stopped: 0.1287662 seconds, Stopping threads took: 0.1094079 seconds
683.627: [GC concurrent-root-region-scan-start]
2024-10-11T19:48:24.601+0300: 683.628: [GC concurrent-root-region-scan-end, 0.0005719 secs]
2024-10-11T19:48:24.601+0300: 683.628: [GC concurrent-mark-start]
2024-10-11T19:48:24.616+0300: 683.640: [GC concurrent-mark-end, 0.0049759 secs]
2024-10-11T19:48:24.616+0300: 683.650: Application time: 0.0229345 seconds
2024-10-11T19:48:26.422+0300: 685.446: [GC remark 2024-10-11T19:48:26.422+0300: 685.446: [Finalize Marking, 0.0026078 secs] 2024-10-11T19:48:26.422+0300: 685.449: [GC ref-proc, 0.0001534 secs] 2024-10-11T19:48:26.422+0300: 685.449: [Unloading, 0.0013485 secs], 0.0045841 secs]
 [Times: user=0.00 sys=0.00, real=0.00 secs] 
2024-10-11T19:48:26.422+0300: 685.450: Total time for which application threads were stopped: 1.8003363 seconds, Stopping threads took: 1.7956517 seconds
2024-10-11T19:48:26.422+0300: 685.451: Application time: 0.0001770 seconds
2024-10-11T19:48:26.422+0300: 685.452: [GC cleanup 270M->270M(800M), 0.0010975 secs]
 [Times: user=0.00 sys=0.00, real=0.00 secs] 
2024-10-11T19:48:26.422+0300: 685.453: Total time for which application threads were stopped: 0.0026447 seconds, Stopping threads took: 0.0015044 seconds
2024-10-11T19:48:38.037+0300: 697.069: Application time: 11.6161104 seconds
2024-10-11T19:48:39.858+0300: 698.882: [GC pause (G1 Humongous Allocation) (young), 0.0221393 secs]
   [Parallel Time: 20.8 ms, GC Workers: 6]
      [GC Worker Start (ms): Min: 698882.2, Avg: 698882.3, Max: 698882.3, Diff: 0.1]
      [Ext Root Scanning (ms): Min: 0.2, Avg: 0.3, Max: 0.3, Diff: 0.1, Sum: 1.6]
      [Update RS (ms): Min: 20.2, Avg: 20.2, Max: 20.2, Diff: 0.0, Sum: 121.1]
         [Processed Buffers: Min: 510, Avg: 519.2, Max: 529, Diff: 19, Sum: 3115]
      [Scan RS (ms): Min: 0.0, Avg: 0.0, Max: 0.0, Diff: 0.0, Sum: 0.0]
      [Code Root Scanning (ms): Min: 0.0, Avg: 0.0, Max: 0.0, Diff: 0.0, Sum: 0.0]
      [Object Copy (ms): Min: 0.1, Avg: 0.1, Max: 0.1, Diff: 0.0, Sum: 0.5]
      [Termination (ms): Min: 0.0, Avg: 0.0, Max: 0.0, Diff: 0.0, Sum: 0.1]
         [Termination Attempts: Min: 1, Avg: 1.5, Max: 3, Diff: 2, Sum: 9]
      [GC Worker Other (ms): Min: 0.0, Avg: 0.0, Max: 0.0, Diff: 0.0, Sum: 0.1]
      [GC Worker Total (ms): Min: 20.5, Avg: 20.6, Max: 20.6, Diff: 0.1, Sum: 123.4]
      [GC Worker End (ms): Min: 698902.8, Avg: 698902.8, Max: 698902.8, Diff: 0.0]
   [Code Root Fixup: 0.0 ms]
   [Code Root Purge: 0.0 ms]
   [Clear CT: 0.2 ms]
   [Other: 1.1 ms]
      [Choose CSet: 0.0 ms]
      [Ref Proc: 0.2 ms]
      [Ref Enq: 0.0 ms]
      [Redirty Cards: 0.2 ms]
      [Humongous Register: 0.0 ms]
      [Humongous Reclaim: 0.4 ms]
      [Free CSet: 0.0 ms]
   [Eden: 3072.0K(154.0M)->0.0B(152.0M) Survivors: 1024.0K->1024.0K Heap: 754.1M(800.0M)->58210.8K(800.0M)]
 [Times: user=0.08 sys=0.00, real=0.02 secs] 
2024-10-11T19:48:39.874+0300: 698.904: Total time for which application threads were stopped: 1.8347854 seconds, Stopping threads took: 1.8123464 seconds
2024-10-11T19:48:45.659+0300: 704.689: Application time: 5.7850855 seconds
2024-10-11T19:48:45.737+0300: 704.760: [GC pause (G1 Humongous Allocation) (young) (initial-mark), 0.0168043 secs]
   [Parallel Time: 15.4 ms, GC Workers: 6]
      [GC Worker Start (ms): Min: 704760.8, Avg: 704760.8, Max: 704760.9, Diff: 0.1]
      [Ext Root Scanning (ms): Min: 0.4, Avg: 0.5, Max: 0.5, Diff: 0.1, Sum: 2.8]
      [Update RS (ms): Min: 14.6, Avg: 14.6, Max: 14.6, Diff: 0.0, Sum: 87.6]
         [Processed Buffers: Min: 371, Avg: 372.5, Max: 375, Diff: 4, Sum: 2235]
      [Scan RS (ms): Min: 0.0, Avg: 0.0, Max: 0.0, Diff: 0.0, Sum: 0.0]
      [Code Root Scanning (ms): Min: 0.0, Avg: 0.0, Max: 0.0, Diff: 0.0, Sum: 0.0]
      [Object Copy (ms): Min: 0.1, Avg: 0.1, Max: 0.1, Diff: 0.0, Sum: 0.6]
      [Termination (ms): Min: 0.0, Avg: 0.0, Max: 0.0, Diff: 0.0, Sum: 0.0]
         [Termination Attempts: Min: 1, Avg: 4.5, Max: 9, Diff: 8, Sum: 27]
      [GC Worker Other (ms): Min: 0.0, Avg: 0.0, Max: 0.0, Diff: 0.0, Sum: 0.1]
      [GC Worker Total (ms): Min: 15.1, Avg: 15.2, Max: 15.2, Diff: 0.1, Sum: 91.1]
      [GC Worker End (ms): Min: 704776.0, Avg: 704776.0, Max: 704776.0, Diff: 0.0]
   [Code Root Fixup: 0.0 ms]
   [Code Root Purge: 0.0 ms]
   [Clear CT: 0.1 ms]
   [Other: 1.3 ms]
      [Choose CSet: 0.0 ms]
      [Ref Proc: 0.2 ms]
      [Ref Enq: 0.0 ms]
      [Redirty Cards: 0.2 ms]
      [Humongous Register: 0.0 ms]
      [Humongous Reclaim: 0.2 ms]
      [Free CSet: 0.0 ms]
   [Eden: 3072.0K(152.0M)->0.0B(149.0M) Survivors: 1024.0K->1024.0K Heap: 338.3M(800.0M)->38686.3K(800.0M)]
 [Times: user=0.02 sys=0.00, real=0.02 secs] 
2024-10-11T19:48:45.752+0300: 2024-10-11T19:48:45.752+0300: 704.777: Total time for which application threads were stopped: 0.0877075 seconds, Stopping threads took: 0.0706577 seconds
704.777: [GC concurrent-root-region-scan-start]
2024-10-11T19:48:45.752+0300: 704.778: [GC concurrent-root-region-scan-end, 0.0009463 secs]
2024-10-11T19:48:45.752+0300: 704.778: [GC concurrent-mark-start]
2024-10-11T19:48:45.756+0300: 704.784: [GC concurrent-mark-end, 0.0045675 secs]
2024-10-11T19:48:45.784+0300: 704.809: Application time: 0.0316285 seconds
2024-10-11T19:48:47.605+0300: 706.628: [GC remark 2024-10-11T19:48:47.605+0300: 706.628: [Finalize Marking, 0.0012576 secs] 2024-10-11T19:48:47.605+0300: 706.629: [GC ref-proc, 0.0000736 secs] 2024-10-11T19:48:47.605+0300: 706.629: [Unloading, 0.0011777 secs], 0.0029119 secs]
 [Times: user=0.00 sys=0.00, real=0.00 secs] 
2024-10-11T19:48:47.605+0300: 706.631: Total time for which application threads were stopped: 1.8223386 seconds, Stopping threads took: 1.8193641 seconds
2024-10-11T19:48:47.605+0300: 706.631: Application time: 0.0001364 seconds
2024-10-11T19:48:47.620+0300: 706.644: [GC cleanup 303M->303M(800M), 0.0014287 secs]
 [Times: user=0.00 sys=0.00, real=0.00 secs] 
2024-10-11T19:48:47.620+0300: 706.645: Total time for which application threads were stopped: 0.0141246 seconds, Stopping threads took: 0.0126123 seconds
2024-10-11T19:48:59.218+0300: 718.251: Application time: 11.6053697 seconds
2024-10-11T19:49:01.039+0300: 720.063: [GC pause (G1 Humongous Allocation) (young), 0.0210353 secs]
   [Parallel Time: 19.7 ms, GC Workers: 6]
      [GC Worker Start (ms): Min: 720063.1, Avg: 720063.2, Max: 720063.3, Diff: 0.2]
      [Ext Root Scanning (ms): Min: 0.2, Avg: 0.3, Max: 0.4, Diff: 0.2, Sum: 1.8]
      [Update RS (ms): Min: 19.0, Avg: 19.0, Max: 19.0, Diff: 0.0, Sum: 114.0]
         [Processed Buffers: Min: 483, Avg: 490.7, Max: 496, Diff: 13, Sum: 2944]
      [Scan RS (ms): Min: 0.0, Avg: 0.0, Max: 0.0, Diff: 0.0, Sum: 0.0]
      [Code Root Scanning (ms): Min: 0.0, Avg: 0.0, Max: 0.0, Diff: 0.0, Sum: 0.0]
      [Object Copy (ms): Min: 0.1, Avg: 0.1, Max: 0.1, Diff: 0.0, Sum: 0.3]
      [Termination (ms): Min: 0.0, Avg: 0.0, Max: 0.0, Diff: 0.0, Sum: 0.0]
         [Termination Attempts: Min: 1, Avg: 1.2, Max: 2, Diff: 1, Sum: 7]
      [GC Worker Other (ms): Min: 0.0, Avg: 0.0, Max: 0.0, Diff: 0.0, Sum: 0.1]
      [GC Worker Total (ms): Min: 19.3, Avg: 19.4, Max: 19.5, Diff: 0.2, Sum: 116.3]
      [GC Worker End (ms): Min: 720082.6, Avg: 720082.6, Max: 720082.6, Diff: 0.0]
   [Code Root Fixup: 0.0 ms]
   [Code Root Purge: 0.0 ms]
   [Clear CT: 0.2 ms]
   [Other: 1.1 ms]
      [Choose CSet: 0.0 ms]
      [Ref Proc: 0.2 ms]
      [Ref Enq: 0.0 ms]
      [Redirty Cards: 0.2 ms]
      [Humongous Register: 0.1 ms]
      [Humongous Reclaim: 0.4 ms]
      [Free CSet: 0.0 ms]
   [Eden: 3072.0K(149.0M)->0.0B(149.0M) Survivors: 1024.0K->1024.0K Heap: 738.1M(800.0M)->41816.9K(800.0M)]
 [Times: user=0.06 sys=0.00, real=0.02 secs] 
2024-10-11T19:49:01.055+0300: 720.084: Total time for which application threads were stopped: 1.8333470 seconds, Stopping threads took: 1.8120139 seconds
2024-10-11T19:49:06.824+0300: 725.856: Application time: 5.7719013 seconds
2024-10-11T19:49:06.918+0300: 725.941: [GC pause (G1 Humongous Allocation) (young) (initial-mark), 0.0192013 secs]
   [Parallel Time: 17.6 ms, GC Workers: 6]
      [GC Worker Start (ms): Min: 725942.0, Avg: 725942.1, Max: 725942.2, Diff: 0.1]
      [Ext Root Scanning (ms): Min: 0.4, Avg: 0.5, Max: 0.5, Diff: 0.1, Sum: 2.8]
      [Update RS (ms): Min: 16.8, Avg: 16.8, Max: 16.9, Diff: 0.1, Sum: 100.9]
         [Processed Buffers: Min: 414, Avg: 434.8, Max: 454, Diff: 40, Sum: 2609]
      [Scan RS (ms): Min: 0.0, Avg: 0.0, Max: 0.0, Diff: 0.0, Sum: 0.0]
      [Code Root Scanning (ms): Min: 0.0, Avg: 0.0, Max: 0.0, Diff: 0.0, Sum: 0.0]
      [Object Copy (ms): Min: 0.0, Avg: 0.1, Max: 0.1, Diff: 0.1, Sum: 0.5]
      [Termination (ms): Min: 0.0, Avg: 0.0, Max: 0.0, Diff: 0.0, Sum: 0.0]
         [Termination Attempts: Min: 1, Avg: 1.0, Max: 1, Diff: 0, Sum: 6]
      [GC Worker Other (ms): Min: 0.0, Avg: 0.0, Max: 0.0, Diff: 0.0, Sum: 0.2]
      [GC Worker Total (ms): Min: 17.3, Avg: 17.4, Max: 17.5, Diff: 0.1, Sum: 104.4]
      [GC Worker End (ms): Min: 725959.5, Avg: 725959.5, Max: 725959.5, Diff: 0.0]
   [Code Root Fixup: 0.0 ms]
   [Code Root Purge: 0.0 ms]
   [Clear CT: 0.1 ms]
   [Other: 1.4 ms]
      [Choose CSet: 0.0 ms]
      [Ref Proc: 0.2 ms]
      [Ref Enq: 0.0 ms]
      [Redirty Cards: 0.1 ms]
      [Humongous Register: 0.0 ms]
      [Humongous Reclaim: 0.2 ms]
      [Free CSet: 0.0 ms]
   [Eden: 3072.0K(149.0M)->0.0B(138.0M) Survivors: 1024.0K->1024.0K Heap: 337.8M(800.0M)->38692.6K(800.0M)]
 [Times: user=0.05 sys=0.00, real=0.02 secs] 
2024-10-11T19:49:06.934+0300: 725.960: Total time for which application threads were stopped: 0.1045644 seconds, Stopping threads took: 0.0851146 seconds
2024-10-11T19:49:06.934+0300: 725.960: [GC concurrent-root-region-scan-start]
2024-10-11T19:49:06.934+0300: 725.961: [GC concurrent-root-region-scan-end, 0.0005835 secs]
2024-10-11T19:49:06.934+0300: 725.961: [GC concurrent-mark-start]
2024-10-11T19:49:06.949+0300: 725.972: [GC concurrent-mark-end, 0.0046580 secs]
2024-10-11T19:49:06.965+0300: 725.989: Application time: 0.0282495 seconds
2024-10-11T19:49:08.739+0300: 727.763: [GC remark 2024-10-11T19:49:08.739+0300: 727.763: [Finalize Marking, 0.0020554 secs] 2024-10-11T19:49:08.739+0300: 727.765: [GC ref-proc, 0.0000791 secs] 2024-10-11T19:49:08.739+0300: 727.765: [Unloading, 0.0014995 secs], 0.0040353 secs]
 [Times: user=0.00 sys=0.00, real=0.00 secs] 
2024-10-11T19:49:08.739+0300: 727.767: Total time for which application threads were stopped: 1.7782545 seconds, Stopping threads took: 1.7741119 seconds
2024-10-11T19:49:08.739+0300: 727.767: Application time: 0.0001741 seconds
2024-10-11T19:49:08.739+0300: 727.768: [GC cleanup 284M->284M(800M), 0.0008813 secs]
 [Times: user=0.00 sys=0.00, real=0.00 secs] 
2024-10-11T19:49:08.739+0300: 727.769: Total time for which application threads were stopped: 0.0019328 seconds, Stopping threads took: 0.0010096 seconds
2024-10-11T19:49:20.416+0300: 739.453: Application time: 11.6840742 seconds
2024-10-11T19:49:22.711+0300: 741.734: [GC pause (G1 Humongous Allocation) (young), 0.0185857 secs]
   [Parallel Time: 17.3 ms, GC Workers: 6]
      [GC Worker Start (ms): Min: 741734.5, Avg: 741734.6, Max: 741734.7, Diff: 0.2]
      [Ext Root Scanning (ms): Min: 0.3, Avg: 0.4, Max: 0.5, Diff: 0.2, Sum: 2.2]
      [Update RS (ms): Min: 16.6, Avg: 16.7, Max: 16.7, Diff: 0.0, Sum: 100.0]
         [Processed Buffers: Min: 408, Avg: 425.2, Max: 443, Diff: 35, Sum: 2551]
      [Scan RS (ms): Min: 0.0, Avg: 0.0, Max: 0.0, Diff: 0.0, Sum: 0.0]
      [Code Root Scanning (ms): Min: 0.0, Avg: 0.0, Max: 0.0, Diff: 0.0, Sum: 0.0]
      [Object Copy (ms): Min: 0.0, Avg: 0.0, Max: 0.1, Diff: 0.0, Sum: 0.3]
      [Termination (ms): Min: 0.0, Avg: 0.0, Max: 0.0, Diff: 0.0, Sum: 0.0]
         [Termination Attempts: Min: 1, Avg: 1.5, Max: 2, Diff: 1, Sum: 9]
      [GC Worker Other (ms): Min: 0.0, Avg: 0.0, Max: 0.0, Diff: 0.0, Sum: 0.1]
      [GC Worker Total (ms): Min: 17.0, Avg: 17.1, Max: 17.2, Diff: 0.2, Sum: 102.6]
      [GC Worker End (ms): Min: 741751.7, Avg: 741751.7, Max: 741751.7, Diff: 0.0]
   [Code Root Fixup: 0.0 ms]
   [Code Root Purge: 0.0 ms]
   [Clear CT: 0.2 ms]
   [Other: 1.1 ms]
      [Choose CSet: 0.0 ms]
      [Ref Proc: 0.1 ms]
      [Ref Enq: 0.0 ms]
      [Redirty Cards: 0.2 ms]
      [Humongous Register: 0.0 ms]
      [Humongous Reclaim: 0.4 ms]
      [Free CSet: 0.0 ms]
   [Eden: 3072.0K(138.0M)->0.0B(138.0M) Survivors: 1024.0K->1024.0K Heap: 754.1M(800.0M)->7446.5K(800.0M)]
 [Times: user=0.08 sys=0.00, real=0.02 secs] 
2024-10-11T19:49:22.727+0300: 741.753: Total time for which application threads were stopped: 2.2997618 seconds, Stopping threads took: 2.2808939 seconds
2024-10-11T19:49:28.508+0300: 747.543: Application time: 5.7903200 seconds
2024-10-11T19:49:28.586+0300: 747.609: [GC pause (G1 Humongous Allocation) (young) (initial-mark), 0.0190757 secs]
   [Parallel Time: 17.7 ms, GC Workers: 6]
      [GC Worker Start (ms): Min: 747610.3, Avg: 747610.4, Max: 747610.5, Diff: 0.1]
      [Ext Root Scanning (ms): Min: 0.3, Avg: 0.4, Max: 0.4, Diff: 0.1, Sum: 2.3]
      [Update RS (ms): Min: 17.0, Avg: 17.0, Max: 17.0, Diff: 0.0, Sum: 102.0]
         [Processed Buffers: Min: 436, Avg: 442.8, Max: 450, Diff: 14, Sum: 2657]
      [Scan RS (ms): Min: 0.0, Avg: 0.0, Max: 0.0, Diff: 0.0, Sum: 0.0]
      [Code Root Scanning (ms): Min: 0.0, Avg: 0.0, Max: 0.0, Diff: 0.0, Sum: 0.0]
      [Object Copy (ms): Min: 0.0, Avg: 0.1, Max: 0.1, Diff: 0.0, Sum: 0.3]
      [Termination (ms): Min: 0.0, Avg: 0.0, Max: 0.0, Diff: 0.0, Sum: 0.0]
         [Termination Attempts: Min: 1, Avg: 2.2, Max: 3, Diff: 2, Sum: 13]
      [GC Worker Other (ms): Min: 0.0, Avg: 0.0, Max: 0.1, Diff: 0.0, Sum: 0.2]
      [GC Worker Total (ms): Min: 17.4, Avg: 17.5, Max: 17.5, Diff: 0.1, Sum: 104.8]
      [GC Worker End (ms): Min: 747627.9, Avg: 747627.9, Max: 747627.9, Diff: 0.0]
   [Code Root Fixup: 0.0 ms]
   [Code Root Purge: 0.0 ms]
   [Clear CT: 0.1 ms]
   [Other: 1.3 ms]
      [Choose CSet: 0.0 ms]
      [Ref Proc: 0.1 ms]
      [Ref Enq: 0.0 ms]
      [Redirty Cards: 0.1 ms]
      [Humongous Register: 0.0 ms]
      [Humongous Reclaim: 0.2 ms]
      [Free CSet: 0.0 ms]
   [Eden: 2048.0K(138.0M)->0.0B(119.0M) Survivors: 1024.0K->1024.0K Heap: 340.4M(800.0M)->41824.8K(800.0M)]
 [Times: user=0.02 sys=0.00, real=0.02 secs] 
2024-10-11T19:49:28.602+0300: 2024-10-11T19:49:28.602+0300: 747.629: [GC concurrent-root-region-scan-start]
747.629: Total time for which application threads were stopped: 0.0854433 seconds, Stopping threads took: 0.0660859 seconds
2024-10-11T19:49:28.602+0300: 747.630: [GC concurrent-root-region-scan-end, 0.0009889 secs]
2024-10-11T19:49:28.602+0300: 747.630: [GC concurrent-mark-start]
2024-10-11T19:49:28.618+0300: 747.641: [GC concurrent-mark-end, 0.0048875 secs]
2024-10-11T19:49:28.633+0300: 747.657: Application time: 0.0281301 seconds
2024-10-11T19:49:30.423+0300: 749.446: [GC remark 2024-10-11T19:49:30.423+0300: 749.446: [Finalize Marking, 0.0025635 secs] 2024-10-11T19:49:30.423+0300: 749.449: [GC ref-proc, 0.0001497 secs] 2024-10-11T19:49:30.423+0300: 749.449: [Unloading, 0.0014948 secs], 0.0046025 secs]
 [Times: user=0.00 sys=0.00, real=0.00 secs] 
2024-10-11T19:49:30.423+0300: 749.451: Total time for which application threads were stopped: 1.7941270 seconds, Stopping threads took: 1.7894081 seconds
2024-10-11T19:49:30.423+0300: 749.451: Application time: 0.0000670 seconds
2024-10-11T19:49:30.423+0300: 749.452: [GC cleanup 270M->270M(800M), 0.0009366 secs]
 [Times: user=0.00 sys=0.00, real=0.00 secs] 
2024-10-11T19:49:30.423+0300: 749.452: Total time for which application threads were stopped: 0.0015293 seconds, Stopping threads took: 0.0005472 seconds
2024-10-11T19:49:36.457+0300: 755.480: Application time: 6.0276477 seconds
2024-10-11T19:49:42.115+0300: 761.138: Total time for which application threads were stopped: 5.6583441 seconds, Stopping threads took: 5.6582362 seconds
2024-10-11T19:49:42.115+0300: 761.142: Application time: 0.0032782 seconds
2024-10-11T19:49:42.115+0300: 761.144: [GC pause (G1 Humongous Allocation) (young), 0.0206376 secs]
   [Parallel Time: 19.6 ms, GC Workers: 6]
      [GC Worker Start (ms): Min: 761143.8, Avg: 761143.8, Max: 761143.9, Diff: 0.1]
      [Ext Root Scanning (ms): Min: 0.2, Avg: 0.3, Max: 0.3, Diff: 0.1, Sum: 1.5]
      [Update RS (ms): Min: 19.0, Avg: 19.0, Max: 19.0, Diff: 0.0, Sum: 113.9]
         [Processed Buffers: Min: 455, Avg: 483.7, Max: 512, Diff: 57, Sum: 2902]
      [Scan RS (ms): Min: 0.0, Avg: 0.0, Max: 0.0, Diff: 0.0, Sum: 0.0]
      [Code Root Scanning (ms): Min: 0.0, Avg: 0.0, Max: 0.0, Diff: 0.0, Sum: 0.0]
      [Object Copy (ms): Min: 0.1, Avg: 0.1, Max: 0.1, Diff: 0.0, Sum: 0.6]
      [Termination (ms): Min: 0.0, Avg: 0.0, Max: 0.0, Diff: 0.0, Sum: 0.0]
         [Termination Attempts: Min: 1, Avg: 4.2, Max: 6, Diff: 5, Sum: 25]
      [GC Worker Other (ms): Min: 0.0, Avg: 0.0, Max: 0.0, Diff: 0.0, Sum: 0.1]
      [GC Worker Total (ms): Min: 19.3, Avg: 19.4, Max: 19.4, Diff: 0.1, Sum: 116.2]
      [GC Worker End (ms): Min: 761163.2, Avg: 761163.2, Max: 761163.2, Diff: 0.0]
   [Code Root Fixup: 0.0 ms]
   [Code Root Purge: 0.0 ms]
   [Clear CT: 0.2 ms]
   [Other: 0.9 ms]
      [Choose CSet: 0.0 ms]
      [Ref Proc: 0.2 ms]
      [Ref Enq: 0.0 ms]
      [Redirty Cards: 0.2 ms]
      [Humongous Register: 0.0 ms]
      [Humongous Reclaim: 0.4 ms]
      [Free CSet: 0.0 ms]
   [Eden: 2048.0K(119.0M)->0.0B(110.0M) Survivors: 1024.0K->1024.0K Heap: 730.3M(800.0M)->85578.3K(800.0M)]
 [Times: user=0.05 sys=0.00, real=0.02 secs] 
2024-10-11T19:49:42.131+0300: 761.164: Total time for which application threads were stopped: 0.0225512 seconds, Stopping threads took: 0.0017132 seconds
2024-10-11T19:49:47.931+0300: 766.954: Application time: 5.7897724 seconds
2024-10-11T19:49:48.009+0300: 767.032: [GC pause (G1 Humongous Allocation) (young) (initial-mark), 0.0188184 secs]
   [Parallel Time: 17.3 ms, GC Workers: 6]
      [GC Worker Start (ms): Min: 767032.5, Avg: 767032.6, Max: 767032.7, Diff: 0.1]
      [Ext Root Scanning (ms): Min: 0.4, Avg: 0.4, Max: 0.5, Diff: 0.1, Sum: 2.6]
      [Update RS (ms): Min: 16.5, Avg: 16.5, Max: 16.5, Diff: 0.0, Sum: 99.1]
         [Processed Buffers: Min: 418, Avg: 422.7, Max: 427, Diff: 9, Sum: 2536]
      [Scan RS (ms): Min: 0.0, Avg: 0.0, Max: 0.0, Diff: 0.0, Sum: 0.0]
      [Code Root Scanning (ms): Min: 0.0, Avg: 0.0, Max: 0.0, Diff: 0.0, Sum: 0.0]
      [Object Copy (ms): Min: 0.0, Avg: 0.1, Max: 0.1, Diff: 0.0, Sum: 0.4]
      [Termination (ms): Min: 0.0, Avg: 0.0, Max: 0.0, Diff: 0.0, Sum: 0.0]
         [Termination Attempts: Min: 1, Avg: 1.5, Max: 2, Diff: 1, Sum: 9]
      [GC Worker Other (ms): Min: 0.0, Avg: 0.0, Max: 0.0, Diff: 0.0, Sum: 0.2]
      [GC Worker Total (ms): Min: 17.0, Avg: 17.0, Max: 17.1, Diff: 0.1, Sum: 102.2]
      [GC Worker End (ms): Min: 767049.6, Avg: 767049.6, Max: 767049.6, Diff: 0.0]
   [Code Root Fixup: 0.0 ms]
   [Code Root Purge: 0.0 ms]
   [Clear CT: 0.2 ms]
   [Other: 1.4 ms]
      [Choose CSet: 0.0 ms]
      [Ref Proc: 0.2 ms]
      [Ref Enq: 0.0 ms]
      [Redirty Cards: 0.2 ms]
      [Humongous Register: 0.0 ms]
      [Humongous Reclaim: 0.2 ms]
      [Free CSet: 0.0 ms]
   [Eden: 2048.0K(110.0M)->0.0B(131.0M) Survivors: 1024.0K->1024.0K Heap: 337.0M(800.0M)->38705.0K(800.0M)]
 [Times: user=0.03 sys=0.00, real=0.02 secs] 
2024-10-11T19:49:48.025+0300: 2024-10-11T19:49:48.025+0300: 767.051: 767.051: [GC concurrent-root-region-scan-start]
Total time for which application threads were stopped: 0.0966490 seconds, Stopping threads took: 0.0775714 seconds
2024-10-11T19:49:48.025+0300: 767.051: [GC concurrent-root-region-scan-end, 0.0005175 secs]
2024-10-11T19:49:48.025+0300: 767.051: [GC concurrent-mark-start]
2024-10-11T19:49:48.025+0300: 767.053: Application time: 0.0022867 seconds
2024-10-11T19:49:48.041+0300: 767.064: Total time for which application threads were stopped: 0.0107948 seconds, Stopping threads took: 0.0106411 seconds
2024-10-11T19:49:48.041+0300: 767.065: [GC concurrent-mark-end, 0.0139801 secs]
2024-10-11T19:49:48.041+0300: 767.066: Application time: 0.0017646 seconds
2024-10-11T19:49:49.848+0300: 768.871: [GC remark 2024-10-11T19:49:49.848+0300: 768.871: [Finalize Marking, 0.0014414 secs] 2024-10-11T19:49:49.848+0300: 768.872: [GC ref-proc, 0.0001347 secs] 2024-10-11T19:49:49.848+0300: 768.873: [Unloading, 0.0018052 secs], 0.0038128 secs]
 [Times: user=0.00 sys=0.00, real=0.00 secs] 
2024-10-11T19:49:49.848+0300: 768.875: Total time for which application threads were stopped: 1.8091120 seconds, Stopping threads took: 1.8051767 seconds
2024-10-11T19:49:49.848+0300: 768.875: Application time: 0.0001708 seconds
2024-10-11T19:49:49.863+0300: 768.886: [GC cleanup 220M->220M(800M), 0.0013847 secs]
 [Times: user=0.00 sys=0.00, real=0.00 secs] 
2024-10-11T19:49:49.863+0300: 768.888: Total time for which application threads were stopped: 0.0128417 seconds, Stopping threads took: 0.0113693 seconds
2024-10-11T19:49:49.863+0300: 768.889: Application time: 0.0007708 seconds
2024-10-11T19:49:49.879+0300: 768.902: Total time for which application threads were stopped: 0.0138987 seconds, Stopping threads took: 0.0137672 seconds
2024-10-11T19:49:53.523+0300: 772.557: Application time: 3.6549546 seconds
2024-10-11T19:49:53.649+0300: 772.672: Total time for which application threads were stopped: 0.1143267 seconds, Stopping threads took: 0.1142522 seconds
2024-10-11T19:49:53.649+0300: 772.672: Application time: 0.0002019 seconds
2024-10-11T19:49:53.649+0300: 772.672: Total time for which application threads were stopped: 0.0000499 seconds, Stopping threads took: 0.0000222 seconds
2024-10-11T19:49:53.653+0300: 772.676: Application time: 0.0039783 seconds
2024-10-11T19:49:53.653+0300: 772.676: Total time for which application threads were stopped: 0.0002208 seconds, Stopping threads took: 0.0001903 seconds
2024-10-11T19:49:59.592+0300: 778.618: Application time: 5.9421023 seconds
2024-10-11T19:50:01.853+0300: 780.877: [GC pause (G1 Humongous Allocation) (young), 0.0270653 secs]
   [Parallel Time: 25.3 ms, GC Workers: 6]
      [GC Worker Start (ms): Min: 780877.5, Avg: 780877.6, Max: 780877.7, Diff: 0.1]
      [Ext Root Scanning (ms): Min: 0.3, Avg: 0.4, Max: 0.4, Diff: 0.1, Sum: 2.2]
      [Update RS (ms): Min: 24.2, Avg: 24.3, Max: 24.3, Diff: 0.1, Sum: 145.7]
         [Processed Buffers: Min: 604, Avg: 624.0, Max: 642, Diff: 38, Sum: 3744]
      [Scan RS (ms): Min: 0.0, Avg: 0.0, Max: 0.0, Diff: 0.0, Sum: 0.0]
      [Code Root Scanning (ms): Min: 0.0, Avg: 0.0, Max: 0.0, Diff: 0.0, Sum: 0.0]
      [Object Copy (ms): Min: 0.2, Avg: 0.2, Max: 0.3, Diff: 0.1, Sum: 1.4]
      [Termination (ms): Min: 0.0, Avg: 0.0, Max: 0.1, Diff: 0.1, Sum: 0.1]
         [Termination Attempts: Min: 1, Avg: 1.0, Max: 1, Diff: 0, Sum: 6]
      [GC Worker Other (ms): Min: 0.0, Avg: 0.0, Max: 0.0, Diff: 0.0, Sum: 0.1]
      [GC Worker Total (ms): Min: 24.9, Avg: 24.9, Max: 25.0, Diff: 0.1, Sum: 149.7]
      [GC Worker End (ms): Min: 780902.5, Avg: 780902.5, Max: 780902.5, Diff: 0.0]
   [Code Root Fixup: 0.0 ms]
   [Code Root Purge: 0.0 ms]
   [Clear CT: 0.2 ms]
   [Other: 1.6 ms]
      [Choose CSet: 0.0 ms]
      [Ref Proc: 0.2 ms]
      [Ref Enq: 0.0 ms]
      [Redirty Cards: 0.2 ms]
      [Humongous Register: 0.0 ms]
      [Humongous Reclaim: 0.4 ms]
      [Free CSet: 0.0 ms]
   [Eden: 5120.0K(131.0M)->0.0B(164.0M) Survivors: 1024.0K->1024.0K Heap: 740.0M(800.0M)->92621.4K(800.0M)]
 [Times: user=0.08 sys=0.00, real=0.02 secs] 
2024-10-11T19:50:01.869+0300: 780.904: Total time for which application threads were stopped: 2.2856451 seconds, Stopping threads took: 2.2582696 seconds
2024-10-11T19:50:07.637+0300: 786.667: Application time: 5.7631876 seconds
2024-10-11T19:50:07.732+0300: 786.755: [GC pause (G1 Humongous Allocation) (young) (initial-mark), 0.0146959 secs]
   [Parallel Time: 13.2 ms, GC Workers: 6]
      [GC Worker Start (ms): Min: 786755.7, Avg: 786755.7, Max: 786755.8, Diff: 0.1]
      [Ext Root Scanning (ms): Min: 0.3, Avg: 0.3, Max: 0.4, Diff: 0.1, Sum: 1.9]
      [Update RS (ms): Min: 12.6, Avg: 12.7, Max: 12.7, Diff: 0.1, Sum: 75.9]
         [Processed Buffers: Min: 325, Avg: 327.7, Max: 332, Diff: 7, Sum: 1966]
      [Scan RS (ms): Min: 0.0, Avg: 0.0, Max: 0.0, Diff: 0.0, Sum: 0.0]
      [Code Root Scanning (ms): Min: 0.0, Avg: 0.0, Max: 0.0, Diff: 0.0, Sum: 0.0]
      [Object Copy (ms): Min: 0.0, Avg: 0.1, Max: 0.1, Diff: 0.0, Sum: 0.4]
      [Termination (ms): Min: 0.0, Avg: 0.0, Max: 0.0, Diff: 0.0, Sum: 0.1]
         [Termination Attempts: Min: 1, Avg: 1.5, Max: 3, Diff: 2, Sum: 9]
      [GC Worker Other (ms): Min: 0.0, Avg: 0.0, Max: 0.0, Diff: 0.0, Sum: 0.1]
      [GC Worker Total (ms): Min: 13.0, Avg: 13.1, Max: 13.1, Diff: 0.1, Sum: 78.4]
      [GC Worker End (ms): Min: 786768.8, Avg: 786768.8, Max: 786768.8, Diff: 0.0]
   [Code Root Fixup: 0.0 ms]
   [Code Root Purge: 0.0 ms]
   [Clear CT: 0.1 ms]
   [Other: 1.4 ms]
      [Choose CSet: 0.0 ms]
      [Ref Proc: 0.1 ms]
      [Ref Enq: 0.0 ms]
      [Redirty Cards: 0.1 ms]
      [Humongous Register: 0.0 ms]
      [Humongous Reclaim: 0.2 ms]
      [Free CSet: 0.0 ms]
   [Eden: 3072.0K(164.0M)->0.0B(154.0M) Survivors: 1024.0K->1024.0K Heap: 338.4M(800.0M)->38729.8K(800.0M)]
 [Times: user=0.00 sys=0.00, real=0.00 secs] 
2024-10-11T19:50:07.732+0300: 2024-10-11T19:50:07.732+0300: 786.769: 786.769: [GC concurrent-root-region-scan-start]
Total time for which application threads were stopped: 0.1023056 seconds, Stopping threads took: 0.0873597 seconds
2024-10-11T19:50:07.747+0300: 786.770: [GC concurrent-root-region-scan-end, 0.0006357 secs]
2024-10-11T19:50:07.747+0300: 786.770: [GC concurrent-mark-start]
2024-10-11T19:50:07.763+0300: 786.786: [GC concurrent-mark-end, 0.0024321 secs]
2024-10-11T19:50:07.763+0300: 786.786: Application time: 0.0169637 seconds
2024-10-11T19:50:07.779+0300: 786.802: [GC remark 2024-10-11T19:50:07.779+0300: 786.802: [Finalize Marking, 0.0020387 secs] 2024-10-11T19:50:07.779+0300: 786.804: [GC ref-proc, 0.0001718 secs] 2024-10-11T19:50:07.779+0300: 786.804: [Unloading, 0.0012865 secs], 0.0038818 secs]
 [Times: user=0.00 sys=0.00, real=0.00 secs] 
2024-10-11T19:50:07.779+0300: 786.806: Total time for which application threads were stopped: 0.0194476 seconds, Stopping threads took: 0.0154518 seconds
2024-10-11T19:50:07.779+0300: 786.806: Application time: 0.0000953 seconds
2024-10-11T19:50:09.568+0300: 788.591: [GC cleanup 255M->255M(800M), 0.0010020 secs]
 [Times: user=0.00 sys=0.00, real=0.00 secs] 
2024-10-11T19:50:09.568+0300: 788.592: Total time for which application threads were stopped: 1.7859000 seconds, Stopping threads took: 1.7847777 seconds
2024-10-11T19:50:21.229+0300: 800.256: Application time: 11.6637736 seconds
2024-10-11T19:50:23.034+0300: 802.057: [GC pause (G1 Humongous Allocation) (young), 0.0280519 secs]
   [Parallel Time: 26.7 ms, GC Workers: 6]
      [GC Worker Start (ms): Min: 802057.1, Avg: 802057.2, Max: 802057.3, Diff: 0.2]
      [Ext Root Scanning (ms): Min: 0.2, Avg: 0.3, Max: 0.4, Diff: 0.2, Sum: 2.0]
      [Update RS (ms): Min: 25.9, Avg: 25.9, Max: 25.9, Diff: 0.0, Sum: 155.2]
         [Processed Buffers: Min: 648, Avg: 661.3, Max: 676, Diff: 28, Sum: 3968]
      [Scan RS (ms): Min: 0.0, Avg: 0.0, Max: 0.0, Diff: 0.0, Sum: 0.0]
      [Code Root Scanning (ms): Min: 0.0, Avg: 0.0, Max: 0.0, Diff: 0.0, Sum: 0.0]
      [Object Copy (ms): Min: 0.1, Avg: 0.1, Max: 0.1, Diff: 0.0, Sum: 0.6]
      [Termination (ms): Min: 0.0, Avg: 0.0, Max: 0.0, Diff: 0.0, Sum: 0.1]
         [Termination Attempts: Min: 1, Avg: 1.0, Max: 1, Diff: 0, Sum: 6]
      [GC Worker Other (ms): Min: 0.0, Avg: 0.0, Max: 0.0, Diff: 0.0, Sum: 0.1]
      [GC Worker Total (ms): Min: 26.2, Avg: 26.3, Max: 26.4, Diff: 0.2, Sum: 158.1]
      [GC Worker End (ms): Min: 802083.5, Avg: 802083.5, Max: 802083.5, Diff: 0.0]
   [Code Root Fixup: 0.0 ms]
   [Code Root Purge: 0.0 ms]
   [Clear CT: 0.2 ms]
   [Other: 1.1 ms]
      [Choose CSet: 0.0 ms]
      [Ref Proc: 0.3 ms]
      [Ref Enq: 0.0 ms]
      [Redirty Cards: 0.2 ms]
      [Humongous Register: 0.0 ms]
      [Humongous Reclaim: 0.4 ms]
      [Free CSet: 0.0 ms]
   [Eden: 3072.0K(154.0M)->0.0B(145.0M) Survivors: 1024.0K->1024.0K Heap: 754.2M(800.0M)->58269.4K(800.0M)]
 [Times: user=0.08 sys=0.00, real=0.02 secs] 
2024-10-11T19:50:23.049+0300: 802.085: Total time for which application threads were stopped: 1.8293422 seconds, Stopping threads took: 1.8010638 seconds
2024-10-11T19:50:28.832+0300: 807.863: Application time: 5.7783442 seconds
2024-10-11T19:50:28.910+0300: 807.933: [GC pause (G1 Humongous Allocation) (young) (initial-mark), 0.0170055 secs]
   [Parallel Time: 15.5 ms, GC Workers: 6]
      [GC Worker Start (ms): Min: 807934.1, Avg: 807934.2, Max: 807934.2, Diff: 0.1]
      [Ext Root Scanning (ms): Min: 0.4, Avg: 0.5, Max: 0.5, Diff: 0.1, Sum: 2.7]
      [Update RS (ms): Min: 14.7, Avg: 14.8, Max: 14.8, Diff: 0.0, Sum: 88.6]
         [Processed Buffers: Min: 358, Avg: 372.2, Max: 385, Diff: 27, Sum: 2233]
      [Scan RS (ms): Min: 0.0, Avg: 0.0, Max: 0.0, Diff: 0.0, Sum: 0.0]
      [Code Root Scanning (ms): Min: 0.0, Avg: 0.0, Max: 0.0, Diff: 0.0, Sum: 0.0]
      [Object Copy (ms): Min: 0.0, Avg: 0.1, Max: 0.1, Diff: 0.0, Sum: 0.4]
      [Termination (ms): Min: 0.0, Avg: 0.0, Max: 0.0, Diff: 0.0, Sum: 0.1]
         [Termination Attempts: Min: 1, Avg: 1.0, Max: 1, Diff: 0, Sum: 6]
      [GC Worker Other (ms): Min: 0.0, Avg: 0.0, Max: 0.0, Diff: 0.0, Sum: 0.1]
      [GC Worker Total (ms): Min: 15.2, Avg: 15.3, Max: 15.4, Diff: 0.1, Sum: 91.8]
      [GC Worker End (ms): Min: 807949.5, Avg: 807949.5, Max: 807949.5, Diff: 0.0]
   [Code Root Fixup: 0.0 ms]
   [Code Root Purge: 0.0 ms]
   [Clear CT: 0.1 ms]
   [Other: 1.4 ms]
      [Choose CSet: 0.0 ms]
      [Ref Proc: 0.2 ms]
      [Ref Enq: 0.0 ms]
      [Redirty Cards: 0.1 ms]
      [Humongous Register: 0.0 ms]
      [Humongous Reclaim: 0.2 ms]
      [Free CSet: 0.0 ms]
   [Eden: 3072.0K(145.0M)->0.0B(143.0M) Survivors: 1024.0K->1024.0K Heap: 337.9M(800.0M)->38751.9K(800.0M)]
 [Times: user=0.02 sys=0.00, real=0.02 secs] 
2024-10-11T19:50:28.926+0300: 807.950: Total time for which application threads were stopped: 0.0869808 seconds, Stopping threads took: 0.0697329 seconds
2024-10-11T19:50:28.926+0300: 807.950: [GC concurrent-root-region-scan-start]
2024-10-11T19:50:28.926+0300: 807.951: [GC concurrent-root-region-scan-end, 0.0006423 secs]
2024-10-11T19:50:28.926+0300: 807.951: [GC concurrent-mark-start]
2024-10-11T19:50:28.958+0300: 807.981: [GC concurrent-mark-end, 0.0145426 secs]
2024-10-11T19:50:28.958+0300: 807.983: Application time: 0.0324326 seconds
2024-10-11T19:50:30.748+0300: 809.772: [GC remark 2024-10-11T19:50:30.748+0300: 809.772: [Finalize Marking, 0.0018997 secs] 2024-10-11T19:50:30.748+0300: 809.774: [GC ref-proc, 0.0001061 secs] 2024-10-11T19:50:30.748+0300: 809.774: [Unloading, 0.0012030 secs], 0.0036088 secs]
 [Times: user=0.00 sys=0.00, real=0.00 secs] 
2024-10-11T19:50:30.748+0300: 809.775: Total time for which application threads were stopped: 1.7926133 seconds, Stopping threads took: 1.7888907 seconds
2024-10-11T19:50:30.748+0300: 809.776: Application time: 0.0002497 seconds
2024-10-11T19:50:32.538+0300: 811.562: [GC cleanup 304M->304M(800M), 0.0017136 secs]
 [Times: user=0.00 sys=0.00, real=0.00 secs] 
2024-10-11T19:50:32.538+0300: 811.563: Total time for which application threads were stopped: 1.7877217 seconds, Stopping threads took: 1.7859078 seconds
2024-10-11T19:50:44.217+0300: 823.244: Application time: 11.6810788 seconds
2024-10-11T19:50:46.038+0300: 825.061: [GC pause (G1 Humongous Allocation) (young), 0.0219656 secs]
   [Parallel Time: 20.5 ms, GC Workers: 6]
      [GC Worker Start (ms): Min: 825061.4, Avg: 825061.8, Max: 825063.5, Diff: 2.1]
      [Ext Root Scanning (ms): Min: 0.0, Avg: 0.3, Max: 0.5, Diff: 0.5, Sum: 1.9]
      [Update RS (ms): Min: 18.1, Avg: 19.4, Max: 19.7, Diff: 1.6, Sum: 116.6]
         [Processed Buffers: Min: 475, Avg: 504.2, Max: 526, Diff: 51, Sum: 3025]
      [Scan RS (ms): Min: 0.0, Avg: 0.0, Max: 0.0, Diff: 0.0, Sum: 0.0]
      [Code Root Scanning (ms): Min: 0.0, Avg: 0.0, Max: 0.0, Diff: 0.0, Sum: 0.0]
      [Object Copy (ms): Min: 0.0, Avg: 0.0, Max: 0.1, Diff: 0.0, Sum: 0.3]
      [Termination (ms): Min: 0.0, Avg: 0.0, Max: 0.0, Diff: 0.0, Sum: 0.0]
         [Termination Attempts: Min: 1, Avg: 1.0, Max: 1, Diff: 0, Sum: 6]
      [GC Worker Other (ms): Min: 0.0, Avg: 0.0, Max: 0.0, Diff: 0.0, Sum: 0.1]
      [GC Worker Total (ms): Min: 18.1, Avg: 19.8, Max: 20.3, Diff: 2.1, Sum: 119.0]
      [GC Worker End (ms): Min: 825081.7, Avg: 825081.7, Max: 825081.7, Diff: 0.0]
   [Code Root Fixup: 0.0 ms]
   [Code Root Purge: 0.0 ms]
   [Clear CT: 0.2 ms]
   [Other: 1.2 ms]
      [Choose CSet: 0.0 ms]
      [Ref Proc: 0.3 ms]
      [Ref Enq: 0.0 ms]
      [Redirty Cards: 0.2 ms]
      [Humongous Register: 0.0 ms]
      [Humongous Reclaim: 0.4 ms]
      [Free CSet: 0.0 ms]
   [Eden: 3072.0K(143.0M)->0.0B(142.0M) Survivors: 1024.0K->1024.0K Heap: 754.2M(800.0M)->7498.6K(800.0M)]
 [Times: user=0.09 sys=0.00, real=0.01 secs] 
2024-10-11T19:50:46.053+0300: 825.083: Total time for which application threads were stopped: 1.8387688 seconds, Stopping threads took: 1.8165366 seconds
2024-10-11T19:50:51.853+0300: 830.884: Application time: 5.8012128 seconds
2024-10-11T19:50:51.916+0300: 830.939: [GC pause (G1 Humongous Allocation) (young) (initial-mark), 0.0194273 secs]
   [Parallel Time: 17.7 ms, GC Workers: 6]
      [GC Worker Start (ms): Min: 830939.6, Avg: 830939.6, Max: 830939.7, Diff: 0.1]
      [Ext Root Scanning (ms): Min: 0.4, Avg: 0.5, Max: 0.5, Diff: 0.1, Sum: 2.8]
      [Update RS (ms): Min: 16.9, Avg: 16.9, Max: 17.0, Diff: 0.0, Sum: 101.7]
         [Processed Buffers: Min: 440, Avg: 442.5, Max: 445, Diff: 5, Sum: 2655]
      [Scan RS (ms): Min: 0.0, Avg: 0.0, Max: 0.0, Diff: 0.0, Sum: 0.0]
      [Code Root Scanning (ms): Min: 0.0, Avg: 0.0, Max: 0.0, Diff: 0.0, Sum: 0.0]
      [Object Copy (ms): Min: 0.0, Avg: 0.1, Max: 0.1, Diff: 0.0, Sum: 0.3]
      [Termination (ms): Min: 0.0, Avg: 0.0, Max: 0.0, Diff: 0.0, Sum: 0.0]
         [Termination Attempts: Min: 1, Avg: 1.0, Max: 1, Diff: 0, Sum: 6]
      [GC Worker Other (ms): Min: 0.0, Avg: 0.0, Max: 0.1, Diff: 0.1, Sum: 0.2]
      [GC Worker Total (ms): Min: 17.4, Avg: 17.5, Max: 17.6, Diff: 0.1, Sum: 105.1]
      [GC Worker End (ms): Min: 830957.1, Avg: 830957.2, Max: 830957.2, Diff: 0.1]
   [Code Root Fixup: 0.0 ms]
   [Code Root Purge: 0.0 ms]
   [Clear CT: 0.2 ms]
   [Other: 1.6 ms]
      [Choose CSet: 0.0 ms]
      [Ref Proc: 0.2 ms]
      [Ref Enq: 0.0 ms]
      [Redirty Cards: 0.2 ms]
      [Humongous Register: 0.0 ms]
      [Humongous Reclaim: 0.2 ms]
      [Free CSet: 0.0 ms]
   [Eden: 3072.0K(142.0M)->0.0B(142.0M) Survivors: 1024.0K->1024.0K Heap: 340.9M(800.0M)->41876.8K(800.0M)]
 [Times: user=0.02 sys=0.00, real=0.02 secs] 
2024-10-11T19:50:51.931+0300: 2024-10-11T19:50:51.931+0300: 830.958: Total time for which application threads were stopped: 0.0736985 seconds, Stopping threads took: 0.0540323 seconds
830.958: [GC concurrent-root-region-scan-start]
2024-10-11T19:50:51.931+0300: 830.959: [GC concurrent-root-region-scan-end, 0.0009346 secs]
2024-10-11T19:50:51.931+0300: 830.959: [GC concurrent-mark-start]
2024-10-11T19:50:51.962+0300: 830.985: [GC concurrent-mark-end, 0.0114639 secs]
2024-10-11T19:50:51.962+0300: 830.986: Application time: 0.0276794 seconds
2024-10-11T19:50:53.754+0300: 832.777: [GC remark 2024-10-11T19:50:53.754+0300: 832.777: [Finalize Marking, 0.0025696 secs] 2024-10-11T19:50:53.754+0300: 832.780: [GC ref-proc, 0.0001725 secs] 2024-10-11T19:50:53.754+0300: 832.780: [Unloading, 0.0014511 secs], 0.0046966 secs]
 [Times: user=0.00 sys=0.00, real=0.00 secs] 
2024-10-11T19:50:53.754+0300: 832.782: Total time for which application threads were stopped: 1.7960655 seconds, Stopping threads took: 1.7912758 seconds
2024-10-11T19:50:53.754+0300: 832.782: Application time: 0.0002133 seconds
2024-10-11T19:50:55.544+0300: 834.568: [GC cleanup 300M->300M(800M), 0.0012320 secs]
 [Times: user=0.00 sys=0.00, real=0.00 secs] 
2024-10-11T19:50:55.544+0300: 834.569: Total time for which application threads were stopped: 1.7866830 seconds, Stopping threads took: 1.7853711 seconds
2024-10-11T19:51:07.144+0300: 846.175: Application time: 11.6064406 seconds
2024-10-11T19:51:08.966+0300: 847.989: [GC pause (G1 Humongous Allocation) (young), 0.0201592 secs]
   [Parallel Time: 18.9 ms, GC Workers: 6]
      [GC Worker Start (ms): Min: 847989.7, Avg: 847989.8, Max: 847989.9, Diff: 0.2]
      [Ext Root Scanning (ms): Min: 0.4, Avg: 0.4, Max: 0.5, Diff: 0.2, Sum: 2.6]
      [Update RS (ms): Min: 18.0, Avg: 18.0, Max: 18.0, Diff: 0.0, Sum: 108.2]
         [Processed Buffers: Min: 450, Avg: 458.2, Max: 465, Diff: 15, Sum: 2749]
      [Scan RS (ms): Min: 0.0, Avg: 0.0, Max: 0.0, Diff: 0.0, Sum: 0.0]
      [Code Root Scanning (ms): Min: 0.0, Avg: 0.0, Max: 0.0, Diff: 0.0, Sum: 0.0]
      [Object Copy (ms): Min: 0.1, Avg: 0.1, Max: 0.1, Diff: 0.0, Sum: 0.5]
      [Termination (ms): Min: 0.0, Avg: 0.0, Max: 0.0, Diff: 0.0, Sum: 0.0]
         [Termination Attempts: Min: 1, Avg: 1.0, Max: 1, Diff: 0, Sum: 6]
      [GC Worker Other (ms): Min: 0.0, Avg: 0.0, Max: 0.1, Diff: 0.1, Sum: 0.2]
      [GC Worker Total (ms): Min: 18.5, Avg: 18.6, Max: 18.7, Diff: 0.2, Sum: 111.5]
      [GC Worker End (ms): Min: 848008.4, Avg: 848008.4, Max: 848008.4, Diff: 0.1]
   [Code Root Fixup: 0.0 ms]
   [Code Root Purge: 0.0 ms]
   [Clear CT: 0.2 ms]
   [Other: 1.1 ms]
      [Choose CSet: 0.0 ms]
      [Ref Proc: 0.2 ms]
      [Ref Enq: 0.0 ms]
      [Redirty Cards: 0.2 ms]
      [Humongous Register: 0.0 ms]
      [Humongous Reclaim: 0.4 ms]
      [Free CSet: 0.0 ms]
   [Eden: 3072.0K(142.0M)->0.0B(142.0M) Survivors: 1024.0K->1024.0K Heap: 754.1M(800.0M)->7519.5K(800.0M)]
 [Times: user=0.08 sys=0.00, real=0.02 secs] 
2024-10-11T19:51:08.982+0300: 848.010: Total time for which application threads were stopped: 1.8344600 seconds, Stopping threads took: 1.8139940 seconds
2024-10-11T19:51:14.748+0300: 853.774: Application time: 5.7642979 seconds
2024-10-11T19:51:14.842+0300: 853.865: [GC pause (G1 Humongous Allocation) (young) (initial-mark), 0.0190859 secs]
   [Parallel Time: 17.9 ms, GC Workers: 6]
      [GC Worker Start (ms): Min: 853865.2, Avg: 853865.3, Max: 853865.4, Diff: 0.2]
      [Ext Root Scanning (ms): Min: 0.4, Avg: 0.5, Max: 0.6, Diff: 0.2, Sum: 3.0]
      [Update RS (ms): Min: 17.1, Avg: 17.2, Max: 17.2, Diff: 0.1, Sum: 102.9]
         [Processed Buffers: Min: 437, Avg: 438.5, Max: 441, Diff: 4, Sum: 2631]
      [Scan RS (ms): Min: 0.0, Avg: 0.0, Max: 0.0, Diff: 0.0, Sum: 0.0]
      [Code Root Scanning (ms): Min: 0.0, Avg: 0.0, Max: 0.0, Diff: 0.0, Sum: 0.0]
      [Object Copy (ms): Min: 0.0, Avg: 0.0, Max: 0.1, Diff: 0.0, Sum: 0.3]
      [Termination (ms): Min: 0.0, Avg: 0.0, Max: 0.0, Diff: 0.0, Sum: 0.0]
         [Termination Attempts: Min: 1, Avg: 1.0, Max: 1, Diff: 0, Sum: 6]
      [GC Worker Other (ms): Min: 0.0, Avg: 0.0, Max: 0.0, Diff: 0.0, Sum: 0.1]
      [GC Worker Total (ms): Min: 17.6, Avg: 17.7, Max: 17.8, Diff: 0.2, Sum: 106.3]
      [GC Worker End (ms): Min: 853883.1, Avg: 853883.1, Max: 853883.1, Diff: 0.0]
   [Code Root Fixup: 0.0 ms]
   [Code Root Purge: 0.0 ms]
   [Clear CT: 0.1 ms]
   [Other: 1.0 ms]
      [Choose CSet: 0.0 ms]
      [Ref Proc: 0.2 ms]
      [Ref Enq: 0.0 ms]
      [Redirty Cards: 0.1 ms]
      [Humongous Register: 0.0 ms]
      [Humongous Reclaim: 0.2 ms]
      [Free CSet: 0.0 ms]
   [Eden: 3072.0K(142.0M)->0.0B(140.0M) Survivors: 1024.0K->1024.0K Heap: 337.4M(800.0M)->38764.5K(800.0M)]
 [Times: user=0.05 sys=0.00, real=0.02 secs] 
2024-10-11T19:51:14.858+0300: 2024-10-11T19:51:14.858+0300: 853.884: 853.884: [GC concurrent-root-region-scan-start]
Total time for which application threads were stopped: 0.1099556 seconds, Stopping threads took: 0.0906704 seconds
2024-10-11T19:51:14.858+0300: 853.885: [GC concurrent-root-region-scan-end, 0.0006201 secs]
2024-10-11T19:51:14.858+0300: 853.885: [GC concurrent-mark-start]
2024-10-11T19:51:14.889+0300: 853.912: [GC concurrent-mark-end, 0.0125680 secs]
2024-10-11T19:51:14.889+0300: 853.917: Application time: 0.0326380 seconds
2024-10-11T19:51:16.680+0300: 855.703: [GC remark 2024-10-11T19:51:16.680+0300: 855.703: [Finalize Marking, 0.0013577 secs] 2024-10-11T19:51:16.680+0300: 855.704: [GC ref-proc, 0.0001958 secs] 2024-10-11T19:51:16.680+0300: 855.704: [Unloading, 0.0014169 secs], 0.0035091 secs]
 [Times: user=0.00 sys=0.00, real=0.00 secs] 
2024-10-11T19:51:16.680+0300: 855.706: Total time for which application threads were stopped: 1.7897527 seconds, Stopping threads took: 1.7861299 seconds
2024-10-11T19:51:16.680+0300: 855.706: Application time: 0.0000967 seconds
2024-10-11T19:51:18.940+0300: 857.963: [GC cleanup 287M->287M(800M), 0.0014319 secs]
 [Times: user=0.00 sys=0.00, real=0.00 secs] 
2024-10-11T19:51:18.940+0300: 857.965: Total time for which application threads were stopped: 2.2583329 seconds, Stopping threads took: 2.2567735 seconds
2024-10-11T19:51:30.584+0300: 869.609: Application time: 11.6437578 seconds
2024-10-11T19:51:30.678+0300: 869.701: [GC pause (G1 Humongous Allocation) (young), 0.0239382 secs]
   [Parallel Time: 22.9 ms, GC Workers: 6]
      [GC Worker Start (ms): Min: 869701.4, Avg: 869701.5, Max: 869701.5, Diff: 0.1]
      [Ext Root Scanning (ms): Min: 0.2, Avg: 0.3, Max: 0.3, Diff: 0.1, Sum: 1.5]
      [Update RS (ms): Min: 22.3, Avg: 22.4, Max: 22.4, Diff: 0.0, Sum: 134.2]
         [Processed Buffers: Min: 539, Avg: 569.0, Max: 586, Diff: 47, Sum: 3414]
      [Scan RS (ms): Min: 0.0, Avg: 0.0, Max: 0.0, Diff: 0.0, Sum: 0.0]
      [Code Root Scanning (ms): Min: 0.0, Avg: 0.0, Max: 0.0, Diff: 0.0, Sum: 0.0]
      [Object Copy (ms): Min: 0.1, Avg: 0.1, Max: 0.1, Diff: 0.0, Sum: 0.4]
      [Termination (ms): Min: 0.0, Avg: 0.0, Max: 0.0, Diff: 0.0, Sum: 0.0]
         [Termination Attempts: Min: 1, Avg: 2.0, Max: 3, Diff: 2, Sum: 12]
      [GC Worker Other (ms): Min: 0.0, Avg: 0.0, Max: 0.1, Diff: 0.1, Sum: 0.2]
      [GC Worker Total (ms): Min: 22.7, Avg: 22.7, Max: 22.8, Diff: 0.1, Sum: 136.3]
      [GC Worker End (ms): Min: 869724.2, Avg: 869724.2, Max: 869724.2, Diff: 0.1]
   [Code Root Fixup: 0.0 ms]
   [Code Root Purge: 0.0 ms]
   [Clear CT: 0.1 ms]
   [Other: 1.0 ms]
      [Choose CSet: 0.0 ms]
      [Ref Proc: 0.1 ms]
      [Ref Enq: 0.0 ms]
      [Redirty Cards: 0.1 ms]
      [Humongous Register: 0.0 ms]
      [Humongous Reclaim: 0.5 ms]
      [Free CSet: 0.0 ms]
   [Eden: 3072.0K(140.0M)->0.0B(141.0M) Survivors: 1024.0K->1024.0K Heap: 754.2M(800.0M)->7520.0K(800.0M)]
 [Times: user=0.03 sys=0.00, real=0.02 secs] 
2024-10-11T19:51:30.697+0300: 869.725: Total time for which application threads were stopped: 0.1167188 seconds, Stopping threads took: 0.0925031 seconds
2024-10-11T19:51:36.513+0300: 875.539: Application time: 5.8137861 seconds
2024-10-11T19:51:36.569+0300: 875.592: [GC pause (G1 Humongous Allocation) (young) (initial-mark), 0.0190859 secs]
   [Parallel Time: 17.6 ms, GC Workers: 6]
      [GC Worker Start (ms): Min: 875593.3, Avg: 875593.3, Max: 875593.3, Diff: 0.1]
      [Ext Root Scanning (ms): Min: 0.3, Avg: 0.3, Max: 0.3, Diff: 0.1, Sum: 1.9]
      [Update RS (ms): Min: 17.0, Avg: 17.0, Max: 17.1, Diff: 0.1, Sum: 102.3]
         [Processed Buffers: Min: 406, Avg: 440.5, Max: 469, Diff: 63, Sum: 2643]
      [Scan RS (ms): Min: 0.0, Avg: 0.0, Max: 0.0, Diff: 0.0, Sum: 0.0]
      [Code Root Scanning (ms): Min: 0.0, Avg: 0.0, Max: 0.0, Diff: 0.0, Sum: 0.0]
      [Object Copy (ms): Min: 0.0, Avg: 0.1, Max: 0.1, Diff: 0.0, Sum: 0.3]
      [Termination (ms): Min: 0.0, Avg: 0.0, Max: 0.0, Diff: 0.0, Sum: 0.0]
         [Termination Attempts: Min: 1, Avg: 1.2, Max: 2, Diff: 1, Sum: 7]
      [GC Worker Other (ms): Min: 0.0, Avg: 0.0, Max: 0.0, Diff: 0.0, Sum: 0.1]
      [GC Worker Total (ms): Min: 17.4, Avg: 17.4, Max: 17.5, Diff: 0.1, Sum: 104.6]
      [GC Worker End (ms): Min: 875610.7, Avg: 875610.7, Max: 875610.7, Diff: 0.0]
   [Code Root Fixup: 0.0 ms]
   [Code Root Purge: 0.0 ms]
   [Clear CT: 0.1 ms]
   [Other: 1.4 ms]
      [Choose CSet: 0.0 ms]
      [Ref Proc: 0.1 ms]
      [Ref Enq: 0.0 ms]
      [Redirty Cards: 0.1 ms]
      [Humongous Register: 0.0 ms]
      [Humongous Reclaim: 0.2 ms]
      [Free CSet: 0.0 ms]
   [Eden: 3072.0K(141.0M)->0.0B(140.0M) Survivors: 1024.0K->1024.0K Heap: 339.4M(800.0M)->40331.8K(800.0M)]
 [Times: user=0.01 sys=0.00, real=0.02 secs] 
2024-10-11T19:51:36.585+0300: 2024-10-11T19:51:36.585+0300: 875.612: Total time for which application threads were stopped: 0.0724845 seconds, Stopping threads took: 0.0531831 seconds
875.612: [GC concurrent-root-region-scan-start]
2024-10-11T19:51:36.585+0300: 875.612: [GC concurrent-root-region-scan-end, 0.0007954 secs]
2024-10-11T19:51:36.585+0300: 875.612: [GC concurrent-mark-start]
2024-10-11T19:51:36.613+0300: 875.636: [GC concurrent-mark-end, 0.0124134 secs]
2024-10-11T19:51:36.617+0300: 875.641: Application time: 0.0290114 seconds
2024-10-11T19:51:38.393+0300: 877.416: [GC remark 2024-10-11T19:51:38.393+0300: 877.416: [Finalize Marking, 0.0028494 secs] 2024-10-11T19:51:38.393+0300: 877.419: [GC ref-proc, 0.0000859 secs] 2024-10-11T19:51:38.393+0300: 877.419: [Unloading, 0.0014917 secs], 0.0048599 secs]
 [Times: user=0.00 sys=0.00, real=0.00 secs] 
2024-10-11T19:51:38.393+0300: 877.421: Total time for which application threads were stopped: 1.7806128 seconds, Stopping threads took: 1.7756951 seconds
2024-10-11T19:51:38.393+0300: 877.421: Application time: 0.0000695 seconds
2024-10-11T19:51:38.393+0300: 877.421: [GC cleanup 255M->255M(800M), 0.0007971 secs]
 [Times: user=0.00 sys=0.00, real=0.00 secs] 
2024-10-11T19:51:38.393+0300: 877.422: Total time for which application threads were stopped: 0.0008849 seconds, Stopping threads took: 0.0000463 seconds
2024-10-11T19:51:49.988+0300: 889.019: Application time: 11.5968303 seconds
2024-10-11T19:51:51.826+0300: 890.849: [GC pause (G1 Humongous Allocation) (young), 0.0272653 secs]
   [Parallel Time: 25.2 ms, GC Workers: 6]
      [GC Worker Start (ms): Min: 890849.8, Avg: 890849.9, Max: 890850.3, Diff: 0.5]
      [Ext Root Scanning (ms): Min: 0.0, Avg: 0.3, Max: 0.5, Diff: 0.5, Sum: 2.0]
      [Update RS (ms): Min: 24.2, Avg: 24.4, Max: 24.5, Diff: 0.3, Sum: 146.6]
         [Processed Buffers: Min: 568, Avg: 630.5, Max: 683, Diff: 115, Sum: 3783]
      [Scan RS (ms): Min: 0.0, Avg: 0.0, Max: 0.0, Diff: 0.0, Sum: 0.0]
      [Code Root Scanning (ms): Min: 0.0, Avg: 0.0, Max: 0.0, Diff: 0.0, Sum: 0.0]
      [Object Copy (ms): Min: 0.0, Avg: 0.1, Max: 0.3, Diff: 0.3, Sum: 0.6]
      [Termination (ms): Min: 0.0, Avg: 0.0, Max: 0.0, Diff: 0.0, Sum: 0.1]
         [Termination Attempts: Min: 1, Avg: 1.8, Max: 3, Diff: 2, Sum: 11]
      [GC Worker Other (ms): Min: 0.0, Avg: 0.0, Max: 0.0, Diff: 0.0, Sum: 0.1]
      [GC Worker Total (ms): Min: 24.6, Avg: 24.9, Max: 25.0, Diff: 0.5, Sum: 149.5]
      [GC Worker End (ms): Min: 890874.8, Avg: 890874.8, Max: 890874.8, Diff: 0.0]
   [Code Root Fixup: 0.0 ms]
   [Code Root Purge: 0.0 ms]
   [Clear CT: 0.2 ms]
   [Other: 1.8 ms]
      [Choose CSet: 0.0 ms]
      [Ref Proc: 0.2 ms]
      [Ref Enq: 0.0 ms]
      [Redirty Cards: 0.2 ms]
      [Humongous Register: 0.0 ms]
      [Humongous Reclaim: 0.5 ms]
      [Free CSet: 0.0 ms]
   [Eden: 3072.0K(140.0M)->0.0B(140.0M) Survivors: 1024.0K->1024.0K Heap: 738.1M(800.0M)->41904.6K(800.0M)]
 [Times: user=0.08 sys=0.00, real=0.02 secs] 
2024-10-11T19:51:51.841+0300: 890.876: Total time for which application threads were stopped: 1.8573222 seconds, Stopping threads took: 1.8297209 seconds
2024-10-11T19:51:57.622+0300: 896.647: Application time: 5.7710286 seconds
2024-10-11T19:51:57.716+0300: 896.739: [GC pause (G1 Humongous Allocation) (young) (initial-mark), 0.0174492 secs]
   [Parallel Time: 16.0 ms, GC Workers: 6]
      [GC Worker Start (ms): Min: 896740.2, Avg: 896740.2, Max: 896740.3, Diff: 0.1]
      [Ext Root Scanning (ms): Min: 0.4, Avg: 0.4, Max: 0.5, Diff: 0.1, Sum: 2.7]
      [Update RS (ms): Min: 15.2, Avg: 15.2, Max: 15.2, Diff: 0.0, Sum: 91.0]
         [Processed Buffers: Min: 386, Avg: 393.7, Max: 400, Diff: 14, Sum: 2362]
      [Scan RS (ms): Min: 0.0, Avg: 0.0, Max: 0.0, Diff: 0.0, Sum: 0.0]
      [Code Root Scanning (ms): Min: 0.0, Avg: 0.0, Max: 0.0, Diff: 0.0, Sum: 0.0]
      [Object Copy (ms): Min: 0.0, Avg: 0.1, Max: 0.1, Diff: 0.0, Sum: 0.3]
      [Termination (ms): Min: 0.0, Avg: 0.0, Max: 0.0, Diff: 0.0, Sum: 0.0]
         [Termination Attempts: Min: 1, Avg: 1.0, Max: 1, Diff: 0, Sum: 6]
      [GC Worker Other (ms): Min: 0.0, Avg: 0.0, Max: 0.0, Diff: 0.0, Sum: 0.1]
      [GC Worker Total (ms): Min: 15.6, Avg: 15.7, Max: 15.8, Diff: 0.1, Sum: 94.1]
      [GC Worker End (ms): Min: 896755.9, Avg: 896755.9, Max: 896755.9, Diff: 0.0]
   [Code Root Fixup: 0.0 ms]
   [Code Root Purge: 0.0 ms]
   [Clear CT: 0.1 ms]
   [Other: 1.3 ms]
      [Choose CSet: 0.0 ms]
      [Ref Proc: 0.2 ms]
      [Ref Enq: 0.0 ms]
      [Redirty Cards: 0.1 ms]
      [Humongous Register: 0.0 ms]
      [Humongous Reclaim: 0.2 ms]
      [Free CSet: 0.0 ms]
   [Eden: 3072.0K(140.0M)->0.0B(133.0M) Survivors: 1024.0K->1024.0K Heap: 337.9M(800.0M)->38783.1K(800.0M)]
 [Times: user=0.03 sys=0.00, real=0.02 secs] 
2024-10-11T19:51:57.732+0300: 2024-10-11T19:51:57.732+0300: 896.757: 896.757: Total time for which application threads were stopped: 0.1095806 seconds, Stopping threads took: 0.0918742 seconds
[GC concurrent-root-region-scan-start]
2024-10-11T19:51:57.732+0300: 896.758: [GC concurrent-root-region-scan-end, 0.0009743 secs]
2024-10-11T19:51:57.732+0300: 896.758: [GC concurrent-mark-start]
2024-10-11T19:51:57.748+0300: 896.779: [GC concurrent-mark-end, 0.0135146 secs]
2024-10-11T19:51:57.763+0300: 896.789: Application time: 0.0317220 seconds
2024-10-11T19:51:59.537+0300: 898.561: [GC remark 2024-10-11T19:51:59.537+0300: 898.561: [Finalize Marking, 0.0019744 secs] 2024-10-11T19:51:59.537+0300: 898.563: [GC ref-proc, 0.0000998 secs] 2024-10-11T19:51:59.537+0300: 898.563: [Unloading, 0.0013222 secs], 0.0038652 secs]
 [Times: user=0.00 sys=0.00, real=0.00 secs] 
2024-10-11T19:51:59.537+0300: 898.565: Total time for which application threads were stopped: 1.7762655 seconds, Stopping threads took: 1.7722875 seconds
2024-10-11T19:51:59.537+0300: 898.565: Application time: 0.0000811 seconds
2024-10-11T19:51:59.553+0300: 898.576: [GC cleanup 301M->301M(800M), 0.0015777 secs]
 [Times: user=0.00 sys=0.00, real=0.00 secs] 
2024-10-11T19:51:59.553+0300: 898.578: Total time for which application threads were stopped: 0.0128666 seconds, Stopping threads took: 0.0111723 seconds
2024-10-11T19:52:11.183+0300: 910.206: Application time: 11.6282113 seconds
2024-10-11T19:52:13.509+0300: 912.532: [GC pause (G1 Humongous Allocation) (young), 0.0230377 secs]
   [Parallel Time: 21.9 ms, GC Workers: 6]
      [GC Worker Start (ms): Min: 912532.4, Avg: 912532.5, Max: 912532.5, Diff: 0.2]
      [Ext Root Scanning (ms): Min: 0.2, Avg: 0.3, Max: 0.4, Diff: 0.2, Sum: 1.6]
      [Update RS (ms): Min: 21.1, Avg: 21.1, Max: 21.1, Diff: 0.0, Sum: 126.6]
         [Processed Buffers: Min: 532, Avg: 541.7, Max: 552, Diff: 20, Sum: 3250]
      [Scan RS (ms): Min: 0.0, Avg: 0.0, Max: 0.0, Diff: 0.0, Sum: 0.0]
      [Code Root Scanning (ms): Min: 0.0, Avg: 0.0, Max: 0.0, Diff: 0.0, Sum: 0.0]
      [Object Copy (ms): Min: 0.1, Avg: 0.1, Max: 0.1, Diff: 0.0, Sum: 0.5]
      [Termination (ms): Min: 0.0, Avg: 0.0, Max: 0.0, Diff: 0.0, Sum: 0.1]
         [Termination Attempts: Min: 1, Avg: 1.2, Max: 2, Diff: 1, Sum: 7]
      [GC Worker Other (ms): Min: 0.0, Avg: 0.0, Max: 0.0, Diff: 0.0, Sum: 0.1]
      [GC Worker Total (ms): Min: 21.4, Avg: 21.5, Max: 21.6, Diff: 0.2, Sum: 128.9]
      [GC Worker End (ms): Min: 912553.9, Avg: 912553.9, Max: 912553.9, Diff: 0.0]
   [Code Root Fixup: 0.0 ms]
   [Code Root Purge: 0.0 ms]
   [Clear CT: 0.2 ms]
   [Other: 1.0 ms]
      [Choose CSet: 0.0 ms]
      [Ref Proc: 0.2 ms]
      [Ref Enq: 0.0 ms]
      [Redirty Cards: 0.2 ms]
      [Humongous Register: 0.0 ms]
      [Humongous Reclaim: 0.4 ms]
      [Free CSet: 0.0 ms]
   [Eden: 3072.0K(133.0M)->0.0B(136.0M) Survivors: 1024.0K->1024.0K Heap: 754.1M(800.0M)->7531.3K(800.0M)]
 [Times: user=0.08 sys=0.00, real=0.02 secs] 
2024-10-11T19:52:13.525+0300: 912.555: Total time for which application threads were stopped: 2.3491356 seconds, Stopping threads took: 2.3258696 seconds
2024-10-11T19:52:19.323+0300: 918.346: Application time: 5.7910882 seconds
2024-10-11T19:52:19.402+0300: 918.425: [GC pause (G1 Humongous Allocation) (young) (initial-mark), 0.0196874 secs]
   [Parallel Time: 18.0 ms, GC Workers: 6]
      [GC Worker Start (ms): Min: 918426.0, Avg: 918426.1, Max: 918426.2, Diff: 0.1]
      [Ext Root Scanning (ms): Min: 0.4, Avg: 0.4, Max: 0.5, Diff: 0.1, Sum: 2.6]
      [Update RS (ms): Min: 17.2, Avg: 17.3, Max: 17.3, Diff: 0.0, Sum: 103.6]
         [Processed Buffers: Min: 422, Avg: 438.7, Max: 456, Diff: 34, Sum: 2632]
      [Scan RS (ms): Min: 0.0, Avg: 0.0, Max: 0.0, Diff: 0.0, Sum: 0.0]
      [Code Root Scanning (ms): Min: 0.0, Avg: 0.0, Max: 0.0, Diff: 0.0, Sum: 0.0]
      [Object Copy (ms): Min: 0.1, Avg: 0.1, Max: 0.1, Diff: 0.1, Sum: 0.5]
      [Termination (ms): Min: 0.0, Avg: 0.0, Max: 0.0, Diff: 0.0, Sum: 0.1]
         [Termination Attempts: Min: 1, Avg: 1.0, Max: 1, Diff: 0, Sum: 6]
      [GC Worker Other (ms): Min: 0.0, Avg: 0.0, Max: 0.0, Diff: 0.0, Sum: 0.1]
      [GC Worker Total (ms): Min: 17.8, Avg: 17.8, Max: 17.9, Diff: 0.1, Sum: 107.0]
      [GC Worker End (ms): Min: 918443.9, Avg: 918443.9, Max: 918443.9, Diff: 0.0]
   [Code Root Fixup: 0.0 ms]
   [Code Root Purge: 0.0 ms]
   [Clear CT: 0.1 ms]
   [Other: 1.5 ms]
      [Choose CSet: 0.0 ms]
      [Ref Proc: 0.1 ms]
      [Ref Enq: 0.0 ms]
      [Redirty Cards: 0.1 ms]
      [Humongous Register: 0.0 ms]
      [Humongous Reclaim: 0.2 ms]
      [Free CSet: 0.0 ms]
   [Eden: 2048.0K(136.0M)->0.0B(118.0M) Survivors: 1024.0K->1024.0K Heap: 337.4M(800.0M)->38797.5K(800.0M)]
 [Times: user=0.06 sys=0.00, real=0.02 secs] 
2024-10-11T19:52:19.417+03002024-10-11T19:52:19.417+0300: : 918.445: Total time for which application threads were stopped: 0.0984271 seconds, Stopping threads took: 0.0785057 seconds
918.445: [GC concurrent-root-region-scan-start]
2024-10-11T19:52:19.417+0300: 918.445: [GC concurrent-root-region-scan-end, 0.0005352 secs]
2024-10-11T19:52:19.417+0300: 918.445: [GC concurrent-mark-start]
2024-10-11T19:52:19.430+0300: 918.453: [GC concurrent-mark-end, 0.0025480 secs]
2024-10-11T19:52:19.449+0300: 918.475: Application time: 0.0302266 seconds
2024-10-11T19:52:21.240+0300: 920.263: [GC remark 2024-10-11T19:52:21.240+0300: 920.263: [Finalize Marking, 0.0029934 secs] 2024-10-11T19:52:21.240+0300: 920.266: [GC ref-proc, 0.0000888 secs] 2024-10-11T19:52:21.240+0300: 920.266: [Unloading, 0.0012252 secs], 0.0047357 secs]
 [Times: user=0.00 sys=0.00, real=0.00 secs] 
2024-10-11T19:52:21.240+0300: 920.268: Total time for which application threads were stopped: 1.7928788 seconds, Stopping threads took: 1.7880560 seconds
2024-10-11T19:52:21.240+0300: 920.268: Application time: 0.0001214 seconds
2024-10-11T19:52:21.240+0300: 920.269: [GC cleanup 303M->303M(800M), 0.0007701 secs]
 [Times: user=0.00 sys=0.00, real=0.00 secs] 
2024-10-11T19:52:21.240+0300: 920.269: Total time for which application threads were stopped: 0.0014342 seconds, Stopping threads took: 0.0006206 seconds
2024-10-11T19:52:32.975+0300: 932.004: Application time: 11.7347742 seconds
2024-10-11T19:52:35.189+0300: 934.212: [GC pause (G1 Humongous Allocation) (young), 0.0228829 secs]
   [Parallel Time: 21.7 ms, GC Workers: 6]
      [GC Worker Start (ms): Min: 934212.7, Avg: 934212.7, Max: 934212.8, Diff: 0.1]
      [Ext Root Scanning (ms): Min: 0.3, Avg: 0.4, Max: 0.4, Diff: 0.1, Sum: 2.3]
      [Update RS (ms): Min: 20.8, Avg: 20.9, Max: 20.9, Diff: 0.0, Sum: 125.2]
         [Processed Buffers: Min: 526, Avg: 532.2, Max: 539, Diff: 13, Sum: 3193]
      [Scan RS (ms): Min: 0.0, Avg: 0.0, Max: 0.0, Diff: 0.0, Sum: 0.0]
      [Code Root Scanning (ms): Min: 0.0, Avg: 0.0, Max: 0.0, Diff: 0.0, Sum: 0.0]
      [Object Copy (ms): Min: 0.0, Avg: 0.1, Max: 0.1, Diff: 0.0, Sum: 0.4]
      [Termination (ms): Min: 0.0, Avg: 0.0, Max: 0.0, Diff: 0.0, Sum: 0.1]
         [Termination Attempts: Min: 1, Avg: 1.0, Max: 1, Diff: 0, Sum: 6]
      [GC Worker Other (ms): Min: 0.0, Avg: 0.0, Max: 0.0, Diff: 0.0, Sum: 0.1]
      [GC Worker Total (ms): Min: 21.3, Avg: 21.3, Max: 21.4, Diff: 0.1, Sum: 128.1]
      [GC Worker End (ms): Min: 934234.1, Avg: 934234.1, Max: 934234.1, Diff: 0.0]
   [Code Root Fixup: 0.0 ms]
   [Code Root Purge: 0.0 ms]
   [Clear CT: 0.2 ms]
   [Other: 1.0 ms]
      [Choose CSet: 0.0 ms]
      [Ref Proc: 0.1 ms]
      [Ref Enq: 0.0 ms]
      [Redirty Cards: 0.2 ms]
      [Humongous Register: 0.1 ms]
      [Humongous Reclaim: 0.4 ms]
      [Free CSet: 0.0 ms]
   [Eden: 3072.0K(118.0M)->0.0B(122.0M) Survivors: 1024.0K->1024.0K Heap: 753.6M(800.0M)->7545.3K(800.0M)]
 [Times: user=0.08 sys=0.00, real=0.02 secs] 
2024-10-11T19:52:35.205+0300: 934.235: Total time for which application threads were stopped: 2.2311955 seconds, Stopping threads took: 2.2080184 seconds
2024-10-11T19:52:41.002+0300: 940.036: Application time: 5.8001998 seconds
2024-10-11T19:52:41.080+0300: 940.104: [GC pause (G1 Humongous Allocation) (young) (initial-mark), 0.0192225 secs]
   [Parallel Time: 17.6 ms, GC Workers: 6]
      [GC Worker Start (ms): Min: 940104.5, Avg: 940104.6, Max: 940104.6, Diff: 0.1]
      [Ext Root Scanning (ms): Min: 0.5, Avg: 0.5, Max: 0.5, Diff: 0.1, Sum: 2.9]
      [Update RS (ms): Min: 16.8, Avg: 16.8, Max: 16.9, Diff: 0.1, Sum: 100.8]
         [Processed Buffers: Min: 412, Avg: 438.5, Max: 466, Diff: 54, Sum: 2631]
      [Scan RS (ms): Min: 0.0, Avg: 0.0, Max: 0.0, Diff: 0.0, Sum: 0.0]
      [Code Root Scanning (ms): Min: 0.0, Avg: 0.0, Max: 0.0, Diff: 0.0, Sum: 0.0]
      [Object Copy (ms): Min: 0.1, Avg: 0.1, Max: 0.1, Diff: 0.1, Sum: 0.5]
      [Termination (ms): Min: 0.0, Avg: 0.0, Max: 0.0, Diff: 0.0, Sum: 0.0]
         [Termination Attempts: Min: 1, Avg: 1.5, Max: 3, Diff: 2, Sum: 9]
      [GC Worker Other (ms): Min: 0.0, Avg: 0.0, Max: 0.0, Diff: 0.0, Sum: 0.1]
      [GC Worker Total (ms): Min: 17.4, Avg: 17.4, Max: 17.4, Diff: 0.1, Sum: 104.4]
      [GC Worker End (ms): Min: 940122.0, Avg: 940122.0, Max: 940122.0, Diff: 0.0]
   [Code Root Fixup: 0.0 ms]
   [Code Root Purge: 0.0 ms]
   [Clear CT: 0.2 ms]
   [Other: 1.5 ms]
      [Choose CSet: 0.0 ms]
      [Ref Proc: 0.2 ms]
      [Ref Enq: 0.0 ms]
      [Redirty Cards: 0.1 ms]
      [Humongous Register: 0.0 ms]
      [Humongous Reclaim: 0.2 ms]
      [Free CSet: 0.0 ms]
   [Eden: 2048.0K(122.0M)->0.0B(112.0M) Survivors: 1024.0K->1024.0K Heap: 337.4M(800.0M)->38811.0K(800.0M)]
 [Times: user=0.02 sys=0.00, real=0.02 secs] 
2024-10-11T19:52:41.096+0300: 940.123: Total time for which application threads were stopped: 0.0873351 seconds, Stopping threads took: 0.0678670 seconds
2024-10-11T19:52:41.096+0300: 940.123: [GC concurrent-root-region-scan-start]
2024-10-11T19:52:41.096+0300: 940.124: [GC concurrent-root-region-scan-end, 0.0006884 secs]
2024-10-11T19:52:41.096+0300: 940.124: [GC concurrent-mark-start]
2024-10-11T19:52:41.112+0300: 940.135: [GC concurrent-mark-end, 0.0029180 secs]
2024-10-11T19:52:41.128+0300: 940.154: Application time: 0.0308752 seconds
2024-10-11T19:52:42.902+0300: 941.926: [GC remark 2024-10-11T19:52:42.902+0300: 941.926: [Finalize Marking, 0.0027637 secs] 2024-10-11T19:52:42.902+0300: 941.929: [GC ref-proc, 0.0002140 secs] 2024-10-11T19:52:42.902+0300: 941.929: [Unloading, 0.0014750 secs], 0.0048671 secs]
 [Times: user=0.00 sys=0.00, real=0.00 secs] 
2024-10-11T19:52:42.902+0300: 941.931: Total time for which application threads were stopped: 1.7767055 seconds, Stopping threads took: 1.7717266 seconds
2024-10-11T19:52:42.902+0300: 941.931: Application time: 0.0001305 seconds
2024-10-11T19:52:42.902+0300: 941.931: [GC cleanup 287M->287M(800M), 0.0008155 secs]
 [Times: user=0.00 sys=0.00, real=0.00 secs] 
2024-10-11T19:52:42.902+0300: 941.932: Total time for which application threads were stopped: 0.0014297 seconds, Stopping threads took: 0.0005678 seconds
2024-10-11T19:52:54.533+0300: 953.562: Application time: 11.6297007 seconds
2024-10-11T19:52:56.903+0300: 955.926: [GC pause (G1 Humongous Allocation) (young), 0.0228142 secs]
   [Parallel Time: 21.4 ms, GC Workers: 6]
      [GC Worker Start (ms): Min: 955926.6, Avg: 955926.7, Max: 955926.8, Diff: 0.2]
      [Ext Root Scanning (ms): Min: 0.2, Avg: 0.3, Max: 0.4, Diff: 0.2, Sum: 2.0]
      [Update RS (ms): Min: 20.6, Avg: 20.7, Max: 20.7, Diff: 0.0, Sum: 123.9]
         [Processed Buffers: Min: 517, Avg: 533.0, Max: 548, Diff: 31, Sum: 3198]
      [Scan RS (ms): Min: 0.0, Avg: 0.0, Max: 0.0, Diff: 0.0, Sum: 0.0]
      [Code Root Scanning (ms): Min: 0.0, Avg: 0.0, Max: 0.0, Diff: 0.0, Sum: 0.0]
      [Object Copy (ms): Min: 0.0, Avg: 0.1, Max: 0.1, Diff: 0.0, Sum: 0.3]
      [Termination (ms): Min: 0.0, Avg: 0.0, Max: 0.1, Diff: 0.1, Sum: 0.2]
         [Termination Attempts: Min: 1, Avg: 1.7, Max: 3, Diff: 2, Sum: 10]
      [GC Worker Other (ms): Min: 0.0, Avg: 0.0, Max: 0.0, Diff: 0.0, Sum: 0.1]
      [GC Worker Total (ms): Min: 21.0, Avg: 21.1, Max: 21.2, Diff: 0.2, Sum: 126.6]
      [GC Worker End (ms): Min: 955947.8, Avg: 955947.8, Max: 955947.8, Diff: 0.0]
   [Code Root Fixup: 0.0 ms]
   [Code Root Purge: 0.0 ms]
   [Clear CT: 0.2 ms]
   [Other: 1.1 ms]
      [Choose CSet: 0.0 ms]
      [Ref Proc: 0.2 ms]
      [Ref Enq: 0.0 ms]
      [Redirty Cards: 0.2 ms]
      [Humongous Register: 0.1 ms]
      [Humongous Reclaim: 0.4 ms]
      [Free CSet: 0.0 ms]
   [Eden: 3072.0K(112.0M)->0.0B(119.0M) Survivors: 1024.0K->1024.0K Heap: 754.0M(800.0M)->7565.2K(800.0M)]
 [Times: user=0.08 sys=0.00, real=0.02 secs] 
2024-10-11T19:52:56.919+0300: 955.949: Total time for which application threads were stopped: 2.3874150 seconds, Stopping threads took: 2.3643089 seconds
2024-10-11T19:53:02.720+0300: 961.747: Application time: 5.7973361 seconds
2024-10-11T19:53:02.799+0300: 961.822: [GC pause (G1 Humongous Allocation) (young) (initial-mark), 0.0195313 secs]
   [Parallel Time: 17.7 ms, GC Workers: 6]
      [GC Worker Start (ms): Min: 961823.2, Avg: 961823.3, Max: 961823.4, Diff: 0.1]
      [Ext Root Scanning (ms): Min: 0.4, Avg: 0.5, Max: 0.5, Diff: 0.1, Sum: 2.8]
      [Update RS (ms): Min: 16.9, Avg: 16.9, Max: 16.9, Diff: 0.0, Sum: 101.5]
         [Processed Buffers: Min: 425, Avg: 439.0, Max: 452, Diff: 27, Sum: 2634]
      [Scan RS (ms): Min: 0.0, Avg: 0.0, Max: 0.0, Diff: 0.0, Sum: 0.0]
      [Code Root Scanning (ms): Min: 0.0, Avg: 0.0, Max: 0.0, Diff: 0.0, Sum: 0.0]
      [Object Copy (ms): Min: 0.0, Avg: 0.1, Max: 0.1, Diff: 0.0, Sum: 0.3]
      [Termination (ms): Min: 0.0, Avg: 0.0, Max: 0.0, Diff: 0.0, Sum: 0.0]
         [Termination Attempts: Min: 1, Avg: 1.0, Max: 1, Diff: 0, Sum: 6]
      [GC Worker Other (ms): Min: 0.0, Avg: 0.0, Max: 0.0, Diff: 0.0, Sum: 0.1]
      [GC Worker Total (ms): Min: 17.4, Avg: 17.5, Max: 17.5, Diff: 0.1, Sum: 104.8]
      [GC Worker End (ms): Min: 961840.7, Avg: 961840.8, Max: 961840.8, Diff: 0.0]
   [Code Root Fixup: 0.0 ms]
   [Code Root Purge: 0.0 ms]
   [Clear CT: 0.2 ms]
   [Other: 1.6 ms]
      [Choose CSet: 0.0 ms]
      [Ref Proc: 0.2 ms]
      [Ref Enq: 0.0 ms]
      [Redirty Cards: 0.2 ms]
      [Humongous Register: 0.0 ms]
      [Humongous Reclaim: 0.2 ms]
      [Free CSet: 0.0 ms]
   [Eden: 2048.0K(119.0M)->0.0B(110.0M) Survivors: 1024.0K->1024.0K Heap: 337.5M(800.0M)->38817.1K(800.0M)]
 [Times: user=0.05 sys=0.00, real=0.02 secs] 
2024-10-11T19:53:02.815+0300: 961.842: Total time for which application threads were stopped: 0.0952215 seconds, Stopping threads took: 0.0754320 seconds
2024-10-11T19:53:02.815+0300: 961.842: [GC concurrent-root-region-scan-start]
2024-10-11T19:53:02.815+0300: 961.842: [GC concurrent-root-region-scan-end, 0.0006250 secs]
2024-10-11T19:53:02.815+0300: 961.842: [GC concurrent-mark-start]
2024-10-11T19:53:02.830+0300: 961.854: [GC concurrent-mark-end, 0.0026796 secs]
2024-10-11T19:53:02.846+0300: 961.874: Application time: 0.0321990 seconds
2024-10-11T19:53:04.636+0300: 963.659: [GC remark 2024-10-11T19:53:04.636+0300: 963.660: [Finalize Marking, 0.0019993 secs] 2024-10-11T19:53:04.636+0300: 963.662: [GC ref-proc, 0.0001385 secs] 2024-10-11T19:53:04.636+0300: 963.662: [Unloading, 0.0014037 secs], 0.0040519 secs]
 [Times: user=0.00 sys=0.00, real=0.00 secs] 
2024-10-11T19:53:04.636+0300: 963.664: Total time for which application threads were stopped: 1.7895623 seconds, Stopping threads took: 1.7854060 seconds
2024-10-11T19:53:04.636+0300: 963.664: Application time: 0.0001067 seconds
2024-10-11T19:53:06.428+0300: 965.451: [GC cleanup 302M->302M(800M), 0.0015925 secs]
 [Times: user=0.00 sys=0.00, real=0.00 secs] 
2024-10-11T19:53:06.428+0300: 965.452: Total time for which application threads were stopped: 1.7886963 seconds, Stopping threads took: 1.7869897 seconds
2024-10-11T19:53:18.011+0300: 977.047: Application time: 11.5949394 seconds
2024-10-11T19:53:19.849+0300: 978.872: [GC pause (G1 Humongous Allocation) (young), 0.0205533 secs]
   [Parallel Time: 19.1 ms, GC Workers: 6]
      [GC Worker Start (ms): Min: 978872.5, Avg: 978872.6, Max: 978872.7, Diff: 0.2]
      [Ext Root Scanning (ms): Min: 0.1, Avg: 0.2, Max: 0.3, Diff: 0.2, Sum: 1.5]
      [Update RS (ms): Min: 18.5, Avg: 18.5, Max: 18.5, Diff: 0.0, Sum: 111.1]
         [Processed Buffers: Min: 463, Avg: 468.8, Max: 473, Diff: 10, Sum: 2813]
      [Scan RS (ms): Min: 0.0, Avg: 0.0, Max: 0.0, Diff: 0.0, Sum: 0.0]
      [Code Root Scanning (ms): Min: 0.0, Avg: 0.0, Max: 0.0, Diff: 0.0, Sum: 0.0]
      [Object Copy (ms): Min: 0.0, Avg: 0.0, Max: 0.0, Diff: 0.0, Sum: 0.2]
      [Termination (ms): Min: 0.0, Avg: 0.0, Max: 0.0, Diff: 0.0, Sum: 0.0]
         [Termination Attempts: Min: 1, Avg: 1.0, Max: 1, Diff: 0, Sum: 6]
      [GC Worker Other (ms): Min: 0.0, Avg: 0.0, Max: 0.0, Diff: 0.0, Sum: 0.1]
      [GC Worker Total (ms): Min: 18.7, Avg: 18.8, Max: 18.9, Diff: 0.2, Sum: 112.9]
      [GC Worker End (ms): Min: 978891.4, Avg: 978891.4, Max: 978891.4, Diff: 0.0]
   [Code Root Fixup: 0.0 ms]
   [Code Root Purge: 0.0 ms]
   [Clear CT: 0.3 ms]
   [Other: 1.1 ms]
      [Choose CSet: 0.0 ms]
      [Ref Proc: 0.3 ms]
      [Ref Enq: 0.0 ms]
      [Redirty Cards: 0.2 ms]
      [Humongous Register: 0.0 ms]
      [Humongous Reclaim: 0.4 ms]
      [Free CSet: 0.0 ms]
   [Eden: 2048.0K(110.0M)->0.0B(106.0M) Survivors: 1024.0K->1024.0K Heap: 753.3M(800.0M)->7572.2K(800.0M)]
 [Times: user=0.09 sys=0.00, real=0.02 secs] 
2024-10-11T19:53:19.865+0300: 978.893: Total time for which application threads were stopped: 1.8457117 seconds, Stopping threads took: 1.8249424 seconds
2024-10-11T19:53:25.648+0300: 984.678: Application time: 5.7845772 seconds
2024-10-11T19:53:25.727+0300: 984.750: [GC pause (G1 Humongous Allocation) (young) (initial-mark), 0.0194856 secs]
   [Parallel Time: 17.9 ms, GC Workers: 6]
      [GC Worker Start (ms): Min: 984750.9, Avg: 984751.0, Max: 984751.0, Diff: 0.1]
      [Ext Root Scanning (ms): Min: 0.4, Avg: 0.4, Max: 0.5, Diff: 0.1, Sum: 2.7]
      [Update RS (ms): Min: 17.2, Avg: 17.2, Max: 17.2, Diff: 0.1, Sum: 103.1]
         [Processed Buffers: Min: 436, Avg: 443.0, Max: 447, Diff: 11, Sum: 2658]
      [Scan RS (ms): Min: 0.0, Avg: 0.0, Max: 0.0, Diff: 0.0, Sum: 0.0]
      [Code Root Scanning (ms): Min: 0.0, Avg: 0.0, Max: 0.0, Diff: 0.0, Sum: 0.0]
      [Object Copy (ms): Min: 0.1, Avg: 0.1, Max: 0.1, Diff: 0.1, Sum: 0.5]
      [Termination (ms): Min: 0.0, Avg: 0.0, Max: 0.0, Diff: 0.0, Sum: 0.0]
         [Termination Attempts: Min: 1, Avg: 1.0, Max: 1, Diff: 0, Sum: 6]
      [GC Worker Other (ms): Min: 0.0, Avg: 0.0, Max: 0.0, Diff: 0.0, Sum: 0.2]
      [GC Worker Total (ms): Min: 17.7, Avg: 17.7, Max: 17.8, Diff: 0.1, Sum: 106.5]
      [GC Worker End (ms): Min: 984768.7, Avg: 984768.7, Max: 984768.7, Diff: 0.0]
   [Code Root Fixup: 0.0 ms]
   [Code Root Purge: 0.0 ms]
   [Clear CT: 0.2 ms]
   [Other: 1.4 ms]
      [Choose CSet: 0.0 ms]
      [Ref Proc: 0.2 ms]
      [Ref Enq: 0.0 ms]
      [Redirty Cards: 0.1 ms]
      [Humongous Register: 0.0 ms]
      [Humongous Reclaim: 0.2 ms]
      [Free CSet: 0.0 ms]
   [Eden: 2048.0K(106.0M)->0.0B(103.0M) Survivors: 1024.0K->1024.0K Heap: 340.5M(800.0M)->41943.7K(800.0M)]
 [Times: user=0.05 sys=0.00, real=0.02 secs] 
2024-10-11T19:53:25.743+0300: 984.770: Total time for which application threads were stopped: 0.0920133 seconds, Stopping threads took: 0.0722903 seconds
2024-10-11T19:53:25.743+0300: 984.770: [GC concurrent-root-region-scan-start]
2024-10-11T19:53:25.743+0300: 984.770: [GC concurrent-root-region-scan-end, 0.0006352 secs]
2024-10-11T19:53:25.743+0300: 984.770: [GC concurrent-mark-start]
2024-10-11T19:53:25.774+0300: 984.797: [GC concurrent-mark-end, 0.0265823 secs]
2024-10-11T19:53:25.774+0300: 984.798: Application time: 0.0281686 seconds
2024-10-11T19:53:27.565+0300: 986.588: [GC remark 2024-10-11T19:53:27.565+0300: 986.588: [Finalize Marking, 0.0020181 secs] 2024-10-11T19:53:27.565+0300: 986.590: [GC ref-proc, 0.0000971 secs] 2024-10-11T19:53:27.565+0300: 986.590: [Unloading, 0.0015165 secs], 0.0040639 secs]
 [Times: user=0.00 sys=0.00, real=0.00 secs] 
2024-10-11T19:53:27.565+0300: 986.592: Total time for which application threads were stopped: 1.7942933 seconds, Stopping threads took: 1.7901664 seconds
2024-10-11T19:53:27.565+0300: 986.592: Application time: 0.0001770 seconds
2024-10-11T19:53:27.565+0300: 986.593: [GC cleanup 270M->270M(800M), 0.0007075 secs]
 [Times: user=0.00 sys=0.00, real=0.00 secs] 
2024-10-11T19:53:27.565+0300: 986.594: Total time for which application threads were stopped: 0.0012996 seconds, Stopping threads took: 0.0005481 seconds
2024-10-11T19:53:39.214+0300: 998.239: Application time: 11.6453896 seconds
2024-10-11T19:53:41.051+0300: 1000.075: [GC pause (G1 Humongous Allocation) (young), 0.0261202 secs]
   [Parallel Time: 24.8 ms, GC Workers: 6]
      [GC Worker Start (ms): Min: 1000074.9, Avg: 1000075.0, Max: 1000075.1, Diff: 0.2]
      [Ext Root Scanning (ms): Min: 0.4, Avg: 0.5, Max: 0.6, Diff: 0.2, Sum: 2.8]
      [Update RS (ms): Min: 23.8, Avg: 23.8, Max: 23.8, Diff: 0.0, Sum: 142.8]
         [Processed Buffers: Min: 601, Avg: 609.2, Max: 617, Diff: 16, Sum: 3655]
      [Scan RS (ms): Min: 0.0, Avg: 0.0, Max: 0.0, Diff: 0.0, Sum: 0.0]
      [Code Root Scanning (ms): Min: 0.0, Avg: 0.0, Max: 0.0, Diff: 0.0, Sum: 0.0]
      [Object Copy (ms): Min: 0.1, Avg: 0.1, Max: 0.1, Diff: 0.0, Sum: 0.6]
      [Termination (ms): Min: 0.0, Avg: 0.0, Max: 0.0, Diff: 0.0, Sum: 0.1]
         [Termination Attempts: Min: 1, Avg: 3.5, Max: 6, Diff: 5, Sum: 21]
      [GC Worker Other (ms): Min: 0.0, Avg: 0.0, Max: 0.0, Diff: 0.0, Sum: 0.1]
      [GC Worker Total (ms): Min: 24.3, Avg: 24.4, Max: 24.5, Diff: 0.2, Sum: 146.4]
      [GC Worker End (ms): Min: 1000099.4, Avg: 1000099.4, Max: 1000099.4, Diff: 0.0]
   [Code Root Fixup: 0.0 ms]
   [Code Root Purge: 0.0 ms]
   [Clear CT: 0.2 ms]
   [Other: 1.1 ms]
      [Choose CSet: 0.0 ms]
      [Ref Proc: 0.2 ms]
      [Ref Enq: 0.0 ms]
      [Redirty Cards: 0.2 ms]
      [Humongous Register: 0.0 ms]
      [Humongous Reclaim: 0.4 ms]
      [Free CSet: 0.0 ms]
   [Eden: 2048.0K(103.0M)->0.0B(100.0M) Survivors: 1024.0K->1024.0K Heap: 752.5M(800.0M)->57577.4K(800.0M)]
 [Times: user=0.08 sys=0.00, real=0.02 secs] 
2024-10-11T19:53:41.067+0300: 1000.101: Total time for which application threads were stopped: 1.8618224 seconds, Stopping threads took: 1.8354039 seconds
2024-10-11T19:53:46.818+0300: 1005.852: Application time: 5.7511967 seconds
2024-10-11T19:53:46.928+0300: 1005.951: [GC pause (G1 Humongous Allocation) (young) (initial-mark), 0.0164192 secs]
   [Parallel Time: 15.0 ms, GC Workers: 6]
      [GC Worker Start (ms): Min: 1005952.1, Avg: 1005952.1, Max: 1005952.2, Diff: 0.1]
      [Ext Root Scanning (ms): Min: 0.4, Avg: 0.5, Max: 0.5, Diff: 0.1, Sum: 2.8]
      [Update RS (ms): Min: 14.3, Avg: 14.3, Max: 14.3, Diff: 0.1, Sum: 85.7]
         [Processed Buffers: Min: 367, Avg: 373.8, Max: 380, Diff: 13, Sum: 2243]
      [Scan RS (ms): Min: 0.0, Avg: 0.0, Max: 0.0, Diff: 0.0, Sum: 0.0]
      [Code Root Scanning (ms): Min: 0.0, Avg: 0.0, Max: 0.0, Diff: 0.0, Sum: 0.0]
      [Object Copy (ms): Min: 0.0, Avg: 0.1, Max: 0.1, Diff: 0.0, Sum: 0.4]
      [Termination (ms): Min: 0.0, Avg: 0.0, Max: 0.0, Diff: 0.0, Sum: 0.0]
         [Termination Attempts: Min: 1, Avg: 1.2, Max: 2, Diff: 1, Sum: 7]
      [GC Worker Other (ms): Min: 0.0, Avg: 0.0, Max: 0.0, Diff: 0.0, Sum: 0.1]
      [GC Worker Total (ms): Min: 14.8, Avg: 14.8, Max: 14.9, Diff: 0.1, Sum: 89.0]
      [GC Worker End (ms): Min: 1005967.0, Avg: 1005967.0, Max: 1005967.0, Diff: 0.0]
   [Code Root Fixup: 0.0 ms]
   [Code Root Purge: 0.0 ms]
   [Clear CT: 0.1 ms]
   [Other: 1.2 ms]
      [Choose CSet: 0.0 ms]
      [Ref Proc: 0.1 ms]
      [Ref Enq: 0.0 ms]
      [Redirty Cards: 0.1 ms]
      [Humongous Register: 0.0 ms]
      [Humongous Reclaim: 0.2 ms]
      [Free CSet: 0.0 ms]
   [Eden: 2048.0K(100.0M)->0.0B(101.0M) Survivors: 1024.0K->1024.0K Heap: 337.5M(800.0M)->38829.5K(800.0M)]
 [Times: user=0.02 sys=0.00, real=0.02 secs] 
2024-10-11T19:53:46.944+0300: 2024-10-11T19:53:46.944+0300: 1005.968: 1005.968: [GC concurrent-root-region-scan-start]
Total time for which application threads were stopped: 0.1158519 seconds, Stopping threads took: 0.0991825 seconds
2024-10-11T19:53:46.944+0300: 1005.968: [GC concurrent-root-region-scan-end, 0.0005813 secs]
2024-10-11T19:53:46.944+0300: 1005.968: [GC concurrent-mark-start]
2024-10-11T19:53:46.959+0300: 1005.982: [GC concurrent-mark-end, 0.0028255 secs]
2024-10-11T19:53:46.968+0300: 1005.997: Application time: 0.0293879 seconds
2024-10-11T19:53:48.749+0300: 1007.772: [GC remark 2024-10-11T19:53:48.749+0300: 1007.772: [Finalize Marking, 0.0027590 secs] 2024-10-11T19:53:48.749+0300: 1007.775: [GC ref-proc, 0.0001930 secs] 2024-10-11T19:53:48.749+0300: 1007.776: [Unloading, 0.0015826 secs], 0.0050659 secs]
 [Times: user=0.00 sys=0.00, real=0.00 secs] 
2024-10-11T19:53:48.749+0300: 1007.778: Total time for which application threads were stopped: 1.7802819 seconds, Stopping threads took: 1.7751087 seconds
2024-10-11T19:53:48.749+0300: 1007.778: Application time: 0.0001023 seconds
2024-10-11T19:53:48.749+0300: 1007.779: [GC cleanup 285M->285M(800M), 0.0009705 secs]
 [Times: user=0.00 sys=0.00, real=0.00 secs] 
2024-10-11T19:53:48.749+0300: 1007.780: Total time for which application threads were stopped: 0.0021409 seconds, Stopping threads took: 0.0011267 seconds
2024-10-11T19:53:53.654+0300: 1012.690: Application time: 4.9098477 seconds
2024-10-11T19:53:54.581+0300: 1013.604: Total time for which application threads were stopped: 0.9139889 seconds, Stopping threads took: 0.9138139 seconds
2024-10-11T19:53:59.356+0300: 1018.386: Application time: 4.7822915 seconds
2024-10-11T19:53:59.356+0300: 1018.386: Total time for which application threads were stopped: 0.0002797 seconds, Stopping threads took: 0.0002530 seconds
2024-10-11T19:53:59.372+0300: 1018.397: Application time: 0.0104900 seconds
2024-10-11T19:53:59.387+0300: 1018.410: [GC pause (G1 Humongous Allocation) (young), 0.0268490 secs]
   [Parallel Time: 24.5 ms, GC Workers: 6]
      [GC Worker Start (ms): Min: 1018412.1, Avg: 1018412.1, Max: 1018412.2, Diff: 0.1]
      [Ext Root Scanning (ms): Min: 0.2, Avg: 0.2, Max: 0.3, Diff: 0.1, Sum: 1.5]
      [Update RS (ms): Min: 23.9, Avg: 23.9, Max: 24.0, Diff: 0.0, Sum: 143.7]
         [Processed Buffers: Min: 565, Avg: 611.7, Max: 653, Diff: 88, Sum: 3670]
      [Scan RS (ms): Min: 0.0, Avg: 0.0, Max: 0.0, Diff: 0.0, Sum: 0.0]
      [Code Root Scanning (ms): Min: 0.0, Avg: 0.0, Max: 0.0, Diff: 0.0, Sum: 0.0]
      [Object Copy (ms): Min: 0.0, Avg: 0.1, Max: 0.1, Diff: 0.0, Sum: 0.3]
      [Termination (ms): Min: 0.0, Avg: 0.0, Max: 0.0, Diff: 0.0, Sum: 0.0]
         [Termination Attempts: Min: 1, Avg: 1.0, Max: 1, Diff: 0, Sum: 6]
      [GC Worker Other (ms): Min: 0.0, Avg: 0.0, Max: 0.0, Diff: 0.0, Sum: 0.1]
      [GC Worker Total (ms): Min: 24.2, Avg: 24.3, Max: 24.3, Diff: 0.1, Sum: 145.6]
      [GC Worker End (ms): Min: 1018436.4, Avg: 1018436.4, Max: 1018436.4, Diff: 0.0]
   [Code Root Fixup: 0.0 ms]
   [Code Root Purge: 0.0 ms]
   [Clear CT: 0.1 ms]
   [Other: 2.3 ms]
      [Choose CSet: 0.0 ms]
      [Ref Proc: 0.1 ms]
      [Ref Enq: 0.0 ms]
      [Redirty Cards: 0.1 ms]
      [Humongous Register: 0.0 ms]
      [Humongous Reclaim: 0.4 ms]
      [Free CSet: 0.0 ms]
   [Eden: 5120.0K(101.0M)->0.0B(116.0M) Survivors: 1024.0K->1024.0K Heap: 742.6M(800.0M)->143.2M(800.0M)]
 [Times: user=0.06 sys=0.00, real=0.02 secs] 
2024-10-11T19:53:59.403+0300: 1018.437: Total time for which application threads were stopped: 0.0406745 seconds, Stopping threads took: 0.0135473 seconds
2024-10-11T19:54:05.187+0300: 1024.213: Application time: 5.7760357 seconds
2024-10-11T19:54:05.266+0300: 1024.289: [GC pause (G1 Humongous Allocation) (young) (initial-mark), 0.0121092 secs]
   [Parallel Time: 10.7 ms, GC Workers: 6]
      [GC Worker Start (ms): Min: 1024289.6, Avg: 1024289.7, Max: 1024289.7, Diff: 0.1]
      [Ext Root Scanning (ms): Min: 0.4, Avg: 0.4, Max: 0.5, Diff: 0.1, Sum: 2.6]
      [Update RS (ms): Min: 9.9, Avg: 10.0, Max: 10.0, Diff: 0.0, Sum: 59.8]
         [Processed Buffers: Min: 250, Avg: 257.8, Max: 265, Diff: 15, Sum: 1547]
      [Scan RS (ms): Min: 0.0, Avg: 0.0, Max: 0.0, Diff: 0.0, Sum: 0.0]
      [Code Root Scanning (ms): Min: 0.0, Avg: 0.0, Max: 0.0, Diff: 0.0, Sum: 0.0]
      [Object Copy (ms): Min: 0.0, Avg: 0.0, Max: 0.1, Diff: 0.0, Sum: 0.3]
      [Termination (ms): Min: 0.0, Avg: 0.0, Max: 0.0, Diff: 0.0, Sum: 0.0]
         [Termination Attempts: Min: 1, Avg: 1.0, Max: 1, Diff: 0, Sum: 6]
      [GC Worker Other (ms): Min: 0.0, Avg: 0.0, Max: 0.0, Diff: 0.0, Sum: 0.1]
      [GC Worker Total (ms): Min: 10.4, Avg: 10.5, Max: 10.5, Diff: 0.1, Sum: 62.7]
      [GC Worker End (ms): Min: 1024300.1, Avg: 1024300.1, Max: 1024300.1, Diff: 0.0]
   [Code Root Fixup: 0.0 ms]
   [Code Root Purge: 0.0 ms]
   [Clear CT: 0.2 ms]
   [Other: 1.3 ms]
      [Choose CSet: 0.0 ms]
      [Ref Proc: 0.2 ms]
      [Ref Enq: 0.0 ms]
      [Redirty Cards: 0.1 ms]
      [Humongous Register: 0.0 ms]
      [Humongous Reclaim: 0.2 ms]
      [Free CSet: 0.0 ms]
   [Eden: 2048.0K(116.0M)->0.0B(149.0M) Survivors: 1024.0K->1024.0K Heap: 337.3M(800.0M)->38840.4K(800.0M)]
 [Times: user=0.00 sys=0.00, real=0.00 secs] 
2024-10-11T19:54:05.266+0300: 2024-10-11T19:54:05.266+0300: 1024.3011024.301: : [GC concurrent-root-region-scan-start]
Total time for which application threads were stopped: 0.0876890 seconds, Stopping threads took: 0.0753282 seconds
2024-10-11T19:54:05.266+0300: 1024.302: [GC concurrent-root-region-scan-end, 0.0005392 secs]
2024-10-11T19:54:05.266+0300: 1024.302: [GC concurrent-mark-start]
2024-10-11T19:54:05.281+0300: 1024.304: [GC concurrent-mark-end, 0.0025682 secs]
2024-10-11T19:54:05.281+0300: 1024.310: Application time: 0.0090151 seconds
2024-10-11T19:54:05.313+0300: 1024.336: [GC remark 2024-10-11T19:54:05.313+0300: 1024.336: [Finalize Marking, 0.0020375 secs] 2024-10-11T19:54:05.313+0300: 1024.338: [GC ref-proc, 0.0001116 secs] 2024-10-11T19:54:05.313+0300: 1024.338: [Unloading, 0.0013830 secs], 0.0039837 secs]
 [Times: user=0.00 sys=0.00, real=0.00 secs] 
2024-10-11T19:54:05.313+0300: 1024.340: Total time for which application threads were stopped: 0.0297479 seconds, Stopping threads took: 0.0256618 seconds
2024-10-11T19:54:05.313+0300: 1024.340: Application time: 0.0000811 seconds
2024-10-11T19:54:07.103+0300: 1026.126: [GC cleanup 224M->224M(800M), 0.0015415 secs]
 [Times: user=0.00 sys=0.00, real=0.00 secs] 
2024-10-11T19:54:07.103+0300: 1026.127: Total time for which application threads were stopped: 1.7874227 seconds, Stopping threads took: 1.7858235 seconds
2024-10-11T19:54:18.764+0300: 1037.799: Application time: 11.6719935 seconds
2024-10-11T19:54:21.056+0300: 1040.079: [GC pause (G1 Humongous Allocation) (young), 0.0220898 secs]
   [Parallel Time: 21.1 ms, GC Workers: 6]
      [GC Worker Start (ms): Min: 1040079.5, Avg: 1040079.6, Max: 1040079.6, Diff: 0.2]
      [Ext Root Scanning (ms): Min: 0.3, Avg: 0.4, Max: 0.5, Diff: 0.2, Sum: 2.3]
      [Update RS (ms): Min: 20.2, Avg: 20.3, Max: 20.3, Diff: 0.0, Sum: 121.5]
         [Processed Buffers: Min: 516, Avg: 521.2, Max: 526, Diff: 10, Sum: 3127]
      [Scan RS (ms): Min: 0.0, Avg: 0.0, Max: 0.0, Diff: 0.0, Sum: 0.0]
      [Code Root Scanning (ms): Min: 0.0, Avg: 0.0, Max: 0.0, Diff: 0.0, Sum: 0.0]
      [Object Copy (ms): Min: 0.1, Avg: 0.1, Max: 0.1, Diff: 0.1, Sum: 0.6]
      [Termination (ms): Min: 0.0, Avg: 0.0, Max: 0.0, Diff: 0.0, Sum: 0.1]
         [Termination Attempts: Min: 1, Avg: 1.0, Max: 1, Diff: 0, Sum: 6]
      [GC Worker Other (ms): Min: 0.0, Avg: 0.0, Max: 0.0, Diff: 0.0, Sum: 0.1]
      [GC Worker Total (ms): Min: 20.7, Avg: 20.8, Max: 20.9, Diff: 0.2, Sum: 124.6]
      [GC Worker End (ms): Min: 1040100.3, Avg: 1040100.3, Max: 1040100.3, Diff: 0.0]
   [Code Root Fixup: 0.0 ms]
   [Code Root Purge: 0.0 ms]
   [Clear CT: 0.1 ms]
   [Other: 0.9 ms]
      [Choose CSet: 0.0 ms]
      [Ref Proc: 0.2 ms]
      [Ref Enq: 0.0 ms]
      [Redirty Cards: 0.1 ms]
      [Humongous Register: 0.0 ms]
      [Humongous Reclaim: 0.4 ms]
      [Free CSet: 0.0 ms]
   [Eden: 3072.0K(149.0M)->0.0B(142.0M) Survivors: 1024.0K->1024.0K Heap: 754.3M(800.0M)->7607.3K(800.0M)]
 [Times: user=0.08 sys=0.00, real=0.02 secs] 
2024-10-11T19:54:21.072+0300: 1040.102: Total time for which application threads were stopped: 2.3021637 seconds, Stopping threads took: 2.2798606 seconds
2024-10-11T19:54:26.857+0300: 1045.889: Application time: 5.7872427 seconds
2024-10-11T19:54:26.936+0300: 1045.959: [GC pause (G1 Humongous Allocation) (young) (initial-mark), 0.0193059 secs]
   [Parallel Time: 17.5 ms, GC Workers: 6]
      [GC Worker Start (ms): Min: 1045959.7, Avg: 1045959.8, Max: 1045959.8, Diff: 0.1]
      [Ext Root Scanning (ms): Min: 0.2, Avg: 0.3, Max: 0.3, Diff: 0.1, Sum: 1.7]
      [Update RS (ms): Min: 17.0, Avg: 17.0, Max: 17.0, Diff: 0.0, Sum: 102.1]
         [Processed Buffers: Min: 435, Avg: 442.8, Max: 451, Diff: 16, Sum: 2657]
      [Scan RS (ms): Min: 0.0, Avg: 0.0, Max: 0.0, Diff: 0.0, Sum: 0.0]
      [Code Root Scanning (ms): Min: 0.0, Avg: 0.0, Max: 0.0, Diff: 0.0, Sum: 0.0]
      [Object Copy (ms): Min: 0.0, Avg: 0.0, Max: 0.1, Diff: 0.0, Sum: 0.3]
      [Termination (ms): Min: 0.0, Avg: 0.0, Max: 0.0, Diff: 0.0, Sum: 0.0]
         [Termination Attempts: Min: 1, Avg: 1.0, Max: 1, Diff: 0, Sum: 6]
      [GC Worker Other (ms): Min: 0.0, Avg: 0.1, Max: 0.1, Diff: 0.1, Sum: 0.3]
      [GC Worker Total (ms): Min: 17.4, Avg: 17.4, Max: 17.4, Diff: 0.1, Sum: 104.4]
      [GC Worker End (ms): Min: 1045977.1, Avg: 1045977.2, Max: 1045977.2, Diff: 0.1]
   [Code Root Fixup: 0.0 ms]
   [Code Root Purge: 0.0 ms]
   [Clear CT: 0.2 ms]
   [Other: 1.6 ms]
      [Choose CSet: 0.0 ms]
      [Ref Proc: 0.2 ms]
      [Ref Enq: 0.0 ms]
      [Redirty Cards: 0.2 ms]
      [Humongous Register: 0.0 ms]
      [Humongous Reclaim: 0.2 ms]
      [Free CSet: 0.0 ms]
   [Eden: 3072.0K(142.0M)->0.0B(137.0M) Survivors: 1024.0K->1024.0K Heap: 340.5M(800.0M)->41984.9K(800.0M)]
 [Times: user=0.03 sys=0.00, real=0.01 secs] 
2024-10-11T19:54:26.951+0300: 1045.978: Total time for which application threads were stopped: 0.0893738 seconds, Stopping threads took: 0.0698247 seconds
2024-10-11T19:54:26.951+0300: 1045.978: [GC concurrent-root-region-scan-start]
2024-10-11T19:54:26.951+0300: 1045.979: [GC concurrent-root-region-scan-end, 0.0009018 secs]
2024-10-11T19:54:26.951+0300: 1045.979: [GC concurrent-mark-start]
2024-10-11T19:54:26.951+0300: 1045.982: [GC concurrent-mark-end, 0.0029269 secs]
2024-10-11T19:54:26.951+0300: 1045.982: Application time: 0.0041234 seconds
2024-10-11T19:54:26.967+0300: 1045.990: [GC remark 2024-10-11T19:54:26.967+0300: 1045.990: [Finalize Marking, 0.0006651 secs] 2024-10-11T19:54:26.967+0300: 1045.991: [GC ref-proc, 0.0000870 secs] 2024-10-11T19:54:26.967+0300: 1045.991: [Unloading, 0.0014307 secs], 0.0025542 secs]
 [Times: user=0.00 sys=0.00, real=0.00 secs] 
2024-10-11T19:54:26.967+0300: 1045.993: Total time for which application threads were stopped: 0.0104978 seconds, Stopping threads took: 0.0078516 seconds
2024-10-11T19:54:26.978+0300: 1046.001: Application time: 0.0079829 seconds
2024-10-11T19:54:28.773+0300: 1047.797: [GC cleanup 223M->223M(800M), 0.0014200 secs]
 [Times: user=0.00 sys=0.00, real=0.00 secs] 
2024-10-11T19:54:28.773+0300: 1047.798: Total time for which application threads were stopped: 1.7971796 seconds, Stopping threads took: 1.7956476 seconds
2024-10-11T19:54:40.399+0300: 1059.423: Application time: 11.6252473 seconds
2024-10-11T19:54:42.236+0300: 1061.260: [GC pause (G1 Humongous Allocation) (young), 0.0214517 secs]
   [Parallel Time: 19.9 ms, GC Workers: 6]
      [GC Worker Start (ms): Min: 1061260.0, Avg: 1061260.1, Max: 1061260.2, Diff: 0.1]
      [Ext Root Scanning (ms): Min: 0.2, Avg: 0.3, Max: 0.3, Diff: 0.1, Sum: 1.6]
      [Update RS (ms): Min: 19.3, Avg: 19.4, Max: 19.4, Diff: 0.0, Sum: 116.1]
         [Processed Buffers: Min: 493, Avg: 496.3, Max: 500, Diff: 7, Sum: 2978]
      [Scan RS (ms): Min: 0.0, Avg: 0.0, Max: 0.0, Diff: 0.0, Sum: 0.0]
      [Code Root Scanning (ms): Min: 0.0, Avg: 0.0, Max: 0.0, Diff: 0.0, Sum: 0.0]
      [Object Copy (ms): Min: 0.0, Avg: 0.1, Max: 0.1, Diff: 0.0, Sum: 0.3]
      [Termination (ms): Min: 0.0, Avg: 0.0, Max: 0.0, Diff: 0.0, Sum: 0.0]
         [Termination Attempts: Min: 1, Avg: 1.0, Max: 1, Diff: 0, Sum: 6]
      [GC Worker Other (ms): Min: 0.0, Avg: 0.0, Max: 0.1, Diff: 0.1, Sum: 0.3]
      [GC Worker Total (ms): Min: 19.7, Avg: 19.7, Max: 19.8, Diff: 0.1, Sum: 118.3]
      [GC Worker End (ms): Min: 1061279.8, Avg: 1061279.8, Max: 1061279.9, Diff: 0.1]
   [Code Root Fixup: 0.0 ms]
   [Code Root Purge: 0.0 ms]
   [Clear CT: 0.2 ms]
   [Other: 1.3 ms]
      [Choose CSet: 0.0 ms]
      [Ref Proc: 0.2 ms]
      [Ref Enq: 0.0 ms]
      [Redirty Cards: 0.2 ms]
      [Humongous Register: 0.0 ms]
      [Humongous Reclaim: 0.4 ms]
      [Free CSet: 0.0 ms]
   [Eden: 3072.0K(137.0M)->0.0B(137.0M) Survivors: 1024.0K->1024.0K Heap: 738.2M(800.0M)->41990.8K(800.0M)]
 [Times: user=0.09 sys=0.00, real=0.02 secs] 
2024-10-11T19:54:42.252+0300: 1061.281: Total time for which application threads were stopped: 1.8579744 seconds, Stopping threads took: 1.8363063 seconds
2024-10-11T19:54:48.051+0300: 1067.078: Application time: 5.7972451 seconds
2024-10-11T19:54:48.129+0300: 1067.152: [GC pause (G1 Humongous Allocation) (young) (initial-mark), 0.0175316 secs]
   [Parallel Time: 16.1 ms, GC Workers: 6]
      [GC Worker Start (ms): Min: 1067152.9, Avg: 1067152.9, Max: 1067153.0, Diff: 0.1]
      [Ext Root Scanning (ms): Min: 0.4, Avg: 0.4, Max: 0.5, Diff: 0.1, Sum: 2.6]
      [Update RS (ms): Min: 15.3, Avg: 15.3, Max: 15.4, Diff: 0.0, Sum: 92.1]
         [Processed Buffers: Min: 389, Avg: 397.8, Max: 406, Diff: 17, Sum: 2387]
      [Scan RS (ms): Min: 0.0, Avg: 0.0, Max: 0.0, Diff: 0.0, Sum: 0.0]
      [Code Root Scanning (ms): Min: 0.0, Avg: 0.0, Max: 0.0, Diff: 0.0, Sum: 0.0]
      [Object Copy (ms): Min: 0.0, Avg: 0.1, Max: 0.1, Diff: 0.0, Sum: 0.4]
      [Termination (ms): Min: 0.0, Avg: 0.0, Max: 0.0, Diff: 0.0, Sum: 0.1]
         [Termination Attempts: Min: 1, Avg: 1.0, Max: 1, Diff: 0, Sum: 6]
      [GC Worker Other (ms): Min: 0.0, Avg: 0.0, Max: 0.0, Diff: 0.0, Sum: 0.1]
      [GC Worker Total (ms): Min: 15.8, Avg: 15.9, Max: 15.9, Diff: 0.1, Sum: 95.2]
      [GC Worker End (ms): Min: 1067168.8, Avg: 1067168.8, Max: 1067168.8, Diff: 0.0]
   [Code Root Fixup: 0.0 ms]
   [Code Root Purge: 0.0 ms]
   [Clear CT: 0.2 ms]
   [Other: 1.3 ms]
      [Choose CSet: 0.0 ms]
      [Ref Proc: 0.2 ms]
      [Ref Enq: 0.0 ms]
      [Redirty Cards: 0.2 ms]
      [Humongous Register: 0.0 ms]
      [Humongous Reclaim: 0.2 ms]
      [Free CSet: 0.0 ms]
   [Eden: 2048.0K(137.0M)->0.0B(119.0M) Survivors: 1024.0K->1024.0K Heap: 340.6M(800.0M)->41999.9K(800.0M)]
 [Times: user=0.05 sys=0.00, real=0.02 secs] 
2024-10-11T19:54:48.145+0300: 2024-10-11T19:54:48.145+0300: 1067.170: Total time for which application threads were stopped: 0.0913337 seconds, Stopping threads took: 0.0735652 seconds
1067.170: [GC concurrent-root-region-scan-start]
2024-10-11T19:54:48.145+0300: 1067.171: [GC concurrent-root-region-scan-end, 0.0008595 secs]
2024-10-11T19:54:48.145+0300: 1067.171: [GC concurrent-mark-start]
2024-10-11T19:54:48.161+0300: 1067.184: [GC concurrent-mark-end, 0.0132545 secs]
2024-10-11T19:54:48.176+0300: 1067.202: Application time: 0.0318329 seconds
2024-10-11T19:54:49.967+0300: 1068.991: [GC remark 2024-10-11T19:54:49.967+0300: 1068.991: [Finalize Marking, 0.0018287 secs] 2024-10-11T19:54:49.967+0300: 1068.993: [GC ref-proc, 0.0001809 secs] 2024-10-11T19:54:49.967+0300: 1068.993: [Unloading, 0.0016520 secs], 0.0041675 secs]
 [Times: user=0.00 sys=0.00, real=0.00 secs] 
2024-10-11T19:54:49.967+0300: 1068.995: Total time for which application threads were stopped: 1.7932599 seconds, Stopping threads took: 1.7889897 seconds
2024-10-11T19:54:49.967+0300: 1068.995: Application time: 0.0001297 seconds
2024-10-11T19:54:52.921+0300: 1071.944: [GC cleanup 302M->302M(800M), 0.0012451 secs]
 [Times: user=0.00 sys=0.00, real=0.00 secs] 
2024-10-11T19:54:52.921+0300: 1071.946: Total time for which application threads were stopped: 2.9507212 seconds, Stopping threads took: 2.9493494 seconds
2024-10-11T19:54:58.830+0300: 1077.867: Application time: 5.9214281 seconds
2024-10-11T19:55:03.700+0300: 1082.723: [GC pause (G1 Humongous Allocation) (young), 0.0201165 secs]
   [Parallel Time: 19.0 ms, GC Workers: 6]
      [GC Worker Start (ms): Min: 1082723.2, Avg: 1082724.0, Max: 1082727.6, Diff: 4.4]
      [Ext Root Scanning (ms): Min: 0.0, Avg: 0.3, Max: 0.4, Diff: 0.4, Sum: 1.8]
      [Update RS (ms): Min: 14.4, Avg: 17.7, Max: 18.4, Diff: 4.0, Sum: 106.2]
         [Processed Buffers: Min: 384, Avg: 468.0, Max: 562, Diff: 178, Sum: 2808]
      [Scan RS (ms): Min: 0.0, Avg: 0.0, Max: 0.0, Diff: 0.0, Sum: 0.0]
      [Code Root Scanning (ms): Min: 0.0, Avg: 0.0, Max: 0.0, Diff: 0.0, Sum: 0.0]
      [Object Copy (ms): Min: 0.0, Avg: 0.0, Max: 0.1, Diff: 0.0, Sum: 0.3]
      [Termination (ms): Min: 0.0, Avg: 0.0, Max: 0.0, Diff: 0.0, Sum: 0.0]
         [Termination Attempts: Min: 1, Avg: 1.0, Max: 1, Diff: 0, Sum: 6]
      [GC Worker Other (ms): Min: 0.0, Avg: 0.0, Max: 0.0, Diff: 0.0, Sum: 0.2]
      [GC Worker Total (ms): Min: 14.5, Avg: 18.1, Max: 18.8, Diff: 4.4, Sum: 108.5]
      [GC Worker End (ms): Min: 1082742.0, Avg: 1082742.0, Max: 1082742.1, Diff: 0.0]
   [Code Root Fixup: 0.0 ms]
   [Code Root Purge: 0.0 ms]
   [Clear CT: 0.1 ms]
   [Other: 0.9 ms]
      [Choose CSet: 0.0 ms]
      [Ref Proc: 0.1 ms]
      [Ref Enq: 0.0 ms]
      [Redirty Cards: 0.2 ms]
      [Humongous Register: 0.0 ms]
      [Humongous Reclaim: 0.5 ms]
      [Free CSet: 0.0 ms]
   [Eden: 3072.0K(119.0M)->0.0B(124.0M) Survivors: 1024.0K->1024.0K Heap: 753.7M(800.0M)->7620.0K(800.0M)]
 [Times: user=0.06 sys=0.00, real=0.02 secs] 
2024-10-11T19:55:03.716+0300: 1082.743: Total time for which application threads were stopped: 4.8760709 seconds, Stopping threads took: 4.8557265 seconds
2024-10-11T19:55:09.169+0300: 1088.196: Application time: 5.4532484 seconds
2024-10-11T19:55:09.704+0300: 1088.727: [GC pause (G1 Humongous Allocation) (young) (initial-mark), 0.0171013 secs]
   [Parallel Time: 16.0 ms, GC Workers: 6]
      [GC Worker Start (ms): Min: 1088727.0, Avg: 1088727.1, Max: 1088727.3, Diff: 0.3]
      [Ext Root Scanning (ms): Min: 0.0, Avg: 0.2, Max: 0.3, Diff: 0.3, Sum: 1.4]
      [Update RS (ms): Min: 15.5, Avg: 15.5, Max: 15.5, Diff: 0.1, Sum: 93.0]
         [Processed Buffers: Min: 390, Avg: 401.7, Max: 414, Diff: 24, Sum: 2410]
      [Scan RS (ms): Min: 0.0, Avg: 0.0, Max: 0.0, Diff: 0.0, Sum: 0.0]
      [Code Root Scanning (ms): Min: 0.0, Avg: 0.0, Max: 0.0, Diff: 0.0, Sum: 0.0]
      [Object Copy (ms): Min: 0.0, Avg: 0.1, Max: 0.1, Diff: 0.0, Sum: 0.4]
      [Termination (ms): Min: 0.0, Avg: 0.0, Max: 0.0, Diff: 0.0, Sum: 0.1]
         [Termination Attempts: Min: 1, Avg: 1.0, Max: 1, Diff: 0, Sum: 6]
      [GC Worker Other (ms): Min: 0.0, Avg: 0.0, Max: 0.0, Diff: 0.0, Sum: 0.1]
      [GC Worker Total (ms): Min: 15.6, Avg: 15.8, Max: 15.9, Diff: 0.2, Sum: 95.0]
      [GC Worker End (ms): Min: 1088742.9, Avg: 1088742.9, Max: 1088742.9, Diff: 0.0]
   [Code Root Fixup: 0.0 ms]
   [Code Root Purge: 0.0 ms]
   [Clear CT: 0.1 ms]
   [Other: 1.0 ms]
      [Choose CSet: 0.0 ms]
      [Ref Proc: 0.1 ms]
      [Ref Enq: 0.0 ms]
      [Redirty Cards: 0.1 ms]
      [Humongous Register: 0.0 ms]
      [Humongous Reclaim: 0.5 ms]
      [Free CSet: 0.0 ms]
   [Eden: 2048.0K(124.0M)->0.0B(113.0M) Survivors: 1024.0K->1024.0K Heap: 340.6M(800.0M)->41998.8K(800.0M)]
 [Times: user=0.02 sys=0.00, real=0.02 secs] 
2024-10-11T19:55:09.720+0300: 2024-10-11T19:55:09.720+0300: 1088.744: Total time for which application threads were stopped: 0.5476054 seconds, Stopping threads took: 0.5303392 seconds
1088.744: [GC concurrent-root-region-scan-start]
2024-10-11T19:55:09.720+0300: 1088.745: [GC concurrent-root-region-scan-end, 0.0004411 secs]
2024-10-11T19:55:09.720+0300: 1088.745: [GC concurrent-mark-start]
2024-10-11T19:55:09.751+0300: 1088.774: [GC concurrent-mark-end, 0.0142282 secs]
2024-10-11T19:55:09.751+0300: 1088.780: Application time: 0.0360710 seconds
2024-10-11T19:55:11.573+0300: 1090.596: [GC remark 2024-10-11T19:55:11.573+0300: 1090.596: [Finalize Marking, 0.0012506 secs] 2024-10-11T19:55:11.573+0300: 1090.597: [GC ref-proc, 0.0000866 secs] 2024-10-11T19:55:11.573+0300: 1090.598: [Unloading, 0.0010916 secs], 0.0029476 secs]
 [Times: user=0.00 sys=0.00, real=0.00 secs] 
2024-10-11T19:55:11.573+0300: 1090.599: Total time for which application threads were stopped: 1.8188670 seconds, Stopping threads took: 1.8158060 seconds
2024-10-11T19:55:11.573+0300: 1090.599: Application time: 0.0001104 seconds
2024-10-11T19:55:11.588+0300: 1090.612: [GC cleanup 286M->286M(800M), 0.0012993 secs]
 [Times: user=0.00 sys=0.00, real=0.00 secs] 
2024-10-11T19:55:11.588+0300: 1090.613: Total time for which application threads were stopped: 0.0139252 seconds, Stopping threads took: 0.0125437 seconds
2024-10-11T19:55:23.282+0300: 1102.320: Application time: 11.7067041 seconds
2024-10-11T19:55:23.407+0300: 1102.430: [GC pause (G1 Humongous Allocation) (young), 0.0274457 secs]
   [Parallel Time: 25.4 ms, GC Workers: 6]
      [GC Worker Start (ms): Min: 1102431.2, Avg: 1102431.3, Max: 1102431.3, Diff: 0.1]
      [Ext Root Scanning (ms): Min: 0.2, Avg: 0.2, Max: 0.3, Diff: 0.1, Sum: 1.5]
      [Update RS (ms): Min: 24.8, Avg: 24.8, Max: 24.8, Diff: 0.0, Sum: 148.8]
         [Processed Buffers: Min: 636, Avg: 640.3, Max: 646, Diff: 10, Sum: 3842]
      [Scan RS (ms): Min: 0.0, Avg: 0.0, Max: 0.0, Diff: 0.0, Sum: 0.0]
      [Code Root Scanning (ms): Min: 0.0, Avg: 0.0, Max: 0.0, Diff: 0.0, Sum: 0.0]
      [Object Copy (ms): Min: 0.1, Avg: 0.1, Max: 0.1, Diff: 0.0, Sum: 0.4]
      [Termination (ms): Min: 0.0, Avg: 0.0, Max: 0.0, Diff: 0.0, Sum: 0.0]
         [Termination Attempts: Min: 1, Avg: 1.0, Max: 1, Diff: 0, Sum: 6]
      [GC Worker Other (ms): Min: 0.0, Avg: 0.0, Max: 0.0, Diff: 0.0, Sum: 0.1]
      [GC Worker Total (ms): Min: 25.1, Avg: 25.1, Max: 25.2, Diff: 0.1, Sum: 150.8]
      [GC Worker End (ms): Min: 1102456.4, Avg: 1102456.4, Max: 1102456.4, Diff: 0.0]
   [Code Root Fixup: 0.0 ms]
   [Code Root Purge: 0.0 ms]
   [Clear CT: 0.2 ms]
   [Other: 1.9 ms]
      [Choose CSet: 0.0 ms]
      [Ref Proc: 0.3 ms]
      [Ref Enq: 0.0 ms]
      [Redirty Cards: 0.2 ms]
      [Humongous Register: 0.0 ms]
      [Humongous Reclaim: 0.5 ms]
      [Free CSet: 0.0 ms]
   [Eden: 3072.0K(113.0M)->0.0B(118.0M) Survivors: 1024.0K->1024.0K Heap: 752.2M(800.0M)->105.1M(800.0M)]
 [Times: user=0.05 sys=0.00, real=0.02 secs] 
2024-10-11T19:55:23.426+0300: 1102.458: Total time for which application threads were stopped: 0.1380954 seconds, Stopping threads took: 0.1103680 seconds
2024-10-11T19:55:29.222+0300: 1108.249: Application time: 5.7915847 seconds
2024-10-11T19:55:29.301+0300: 1108.324: [GC pause (G1 Humongous Allocation) (young) (initial-mark), 0.0174990 secs]
   [Parallel Time: 15.9 ms, GC Workers: 6]
      [GC Worker Start (ms): Min: 1108324.7, Avg: 1108324.8, Max: 1108324.8, Diff: 0.1]
      [Ext Root Scanning (ms): Min: 0.4, Avg: 0.4, Max: 0.5, Diff: 0.1, Sum: 2.6]
      [Update RS (ms): Min: 15.1, Avg: 15.2, Max: 15.2, Diff: 0.0, Sum: 91.0]
         [Processed Buffers: Min: 392, Avg: 393.8, Max: 397, Diff: 5, Sum: 2363]
      [Scan RS (ms): Min: 0.0, Avg: 0.0, Max: 0.0, Diff: 0.0, Sum: 0.0]
      [Code Root Scanning (ms): Min: 0.0, Avg: 0.0, Max: 0.0, Diff: 0.0, Sum: 0.0]
      [Object Copy (ms): Min: 0.0, Avg: 0.1, Max: 0.1, Diff: 0.0, Sum: 0.3]
      [Termination (ms): Min: 0.0, Avg: 0.0, Max: 0.0, Diff: 0.0, Sum: 0.0]
         [Termination Attempts: Min: 1, Avg: 1.3, Max: 2, Diff: 1, Sum: 8]
      [GC Worker Other (ms): Min: 0.0, Avg: 0.0, Max: 0.0, Diff: 0.0, Sum: 0.1]
      [GC Worker Total (ms): Min: 15.6, Avg: 15.7, Max: 15.7, Diff: 0.1, Sum: 94.1]
      [GC Worker End (ms): Min: 1108340.5, Avg: 1108340.5, Max: 1108340.5, Diff: 0.0]
   [Code Root Fixup: 0.0 ms]
   [Code Root Purge: 0.0 ms]
   [Clear CT: 0.2 ms]
   [Other: 1.5 ms]
      [Choose CSet: 0.0 ms]
      [Ref Proc: 0.2 ms]
      [Ref Enq: 0.0 ms]
      [Redirty Cards: 0.2 ms]
      [Humongous Register: 0.0 ms]
      [Humongous Reclaim: 0.3 ms]
      [Free CSet: 0.0 ms]
   [Eden: 2048.0K(118.0M)->0.0B(110.0M) Survivors: 1024.0K->1024.0K Heap: 340.4M(800.0M)->42007.1K(800.0M)]
 [Times: user=0.05 sys=0.00, real=0.01 secs] 
2024-10-11T19:55:29.316+0300: 2024-10-11T19:55:29.316+0300: 1108.342: 1108.342: [GC concurrent-root-region-scan-start]
Total time for which application threads were stopped: 0.0922104 seconds, Stopping threads took: 0.0743617 seconds
2024-10-11T19:55:29.316+0300: 1108.343: [GC concurrent-root-region-scan-end, 0.0009516 secs]
2024-10-11T19:55:29.316+0300: 1108.343: [GC concurrent-mark-start]
2024-10-11T19:55:29.316+0300: 1108.348: [GC concurrent-mark-end, 0.0051099 secs]
2024-10-11T19:55:29.316+0300: 1108.348: Application time: 0.0062879 seconds
2024-10-11T19:55:29.348+0300: 1108.371: [GC remark 2024-10-11T19:55:29.348+0300: 1108.371: [Finalize Marking, 0.0009634 secs] 2024-10-11T19:55:29.348+0300: 1108.372: [GC ref-proc, 0.0001078 secs] 2024-10-11T19:55:29.348+0300: 1108.373: [Unloading, 0.0016278 secs], 0.0031822 secs]
 [Times: user=0.00 sys=0.00, real=0.00 secs] 
2024-10-11T19:55:29.348+0300: 1108.375: Total time for which application threads were stopped: 0.0265750 seconds, Stopping threads took: 0.0232759 seconds
2024-10-11T19:55:29.348+0300: 1108.375: Application time: 0.0001083 seconds
2024-10-11T19:55:31.139+0300: 1110.162: [GC cleanup 171M->171M(800M), 0.0015335 secs]
 [Times: user=0.00 sys=0.00, real=0.00 secs] 
2024-10-11T19:55:31.139+0300: 1110.164: Total time for which application threads were stopped: 1.7889740 seconds, Stopping threads took: 1.7873313 seconds
2024-10-11T19:55:42.895+0300: 1121.919: Application time: 11.7558469 seconds
2024-10-11T19:55:45.173+0300: 1124.197: [GC pause (G1 Humongous Allocation) (young), 0.0185086 secs]
   [Parallel Time: 17.2 ms, GC Workers: 6]
      [GC Worker Start (ms): Min: 1124197.0, Avg: 1124197.1, Max: 1124197.2, Diff: 0.2]
      [Ext Root Scanning (ms): Min: 0.3, Avg: 0.4, Max: 0.5, Diff: 0.2, Sum: 2.4]
      [Update RS (ms): Min: 16.4, Avg: 16.4, Max: 16.4, Diff: 0.0, Sum: 98.4]
         [Processed Buffers: Min: 414, Avg: 418.3, Max: 422, Diff: 8, Sum: 2510]
      [Scan RS (ms): Min: 0.0, Avg: 0.0, Max: 0.0, Diff: 0.0, Sum: 0.0]
      [Code Root Scanning (ms): Min: 0.0, Avg: 0.0, Max: 0.0, Diff: 0.0, Sum: 0.0]
      [Object Copy (ms): Min: 0.1, Avg: 0.1, Max: 0.1, Diff: 0.0, Sum: 0.6]
      [Termination (ms): Min: 0.0, Avg: 0.0, Max: 0.0, Diff: 0.0, Sum: 0.0]
         [Termination Attempts: Min: 1, Avg: 1.0, Max: 1, Diff: 0, Sum: 6]
      [GC Worker Other (ms): Min: 0.0, Avg: 0.0, Max: 0.1, Diff: 0.1, Sum: 0.2]
      [GC Worker Total (ms): Min: 16.8, Avg: 16.9, Max: 17.0, Diff: 0.2, Sum: 101.7]
      [GC Worker End (ms): Min: 1124214.0, Avg: 1124214.0, Max: 1124214.1, Diff: 0.0]
   [Code Root Fixup: 0.0 ms]
   [Code Root Purge: 0.0 ms]
   [Clear CT: 0.2 ms]
   [Other: 1.1 ms]
      [Choose CSet: 0.0 ms]
      [Ref Proc: 0.2 ms]
      [Ref Enq: 0.0 ms]
      [Redirty Cards: 0.2 ms]
      [Humongous Register: 0.1 ms]
      [Humongous Reclaim: 0.4 ms]
      [Free CSet: 0.0 ms]
   [Eden: 2048.0K(110.0M)->0.0B(105.0M) Survivors: 1024.0K->1024.0K Heap: 753.3M(800.0M)->7643.8K(800.0M)]
 [Times: user=0.06 sys=0.00, real=0.02 secs] 
2024-10-11T19:55:45.189+0300: 1124.215: Total time for which application threads were stopped: 2.2957422 seconds, Stopping threads took: 2.2769564 seconds
2024-10-11T19:55:50.955+0300: 1129.991: Application time: 5.7757589 seconds
2024-10-11T19:55:51.050+0300: 1130.073: [GC pause (G1 Humongous Allocation) (young) (initial-mark), 0.0192499 secs]
   [Parallel Time: 17.5 ms, GC Workers: 6]
      [GC Worker Start (ms): Min: 1130073.7, Avg: 1130073.8, Max: 1130073.8, Diff: 0.1]
      [Ext Root Scanning (ms): Min: 0.3, Avg: 0.3, Max: 0.4, Diff: 0.1, Sum: 1.9]
      [Update RS (ms): Min: 17.0, Avg: 17.0, Max: 17.0, Diff: 0.0, Sum: 101.9]
         [Processed Buffers: Min: 432, Avg: 438.5, Max: 444, Diff: 12, Sum: 2631]
      [Scan RS (ms): Min: 0.0, Avg: 0.0, Max: 0.0, Diff: 0.0, Sum: 0.0]
      [Code Root Scanning (ms): Min: 0.0, Avg: 0.0, Max: 0.0, Diff: 0.0, Sum: 0.0]
      [Object Copy (ms): Min: 0.0, Avg: 0.0, Max: 0.1, Diff: 0.0, Sum: 0.3]
      [Termination (ms): Min: 0.0, Avg: 0.0, Max: 0.0, Diff: 0.0, Sum: 0.1]
         [Termination Attempts: Min: 1, Avg: 1.0, Max: 1, Diff: 0, Sum: 6]
      [GC Worker Other (ms): Min: 0.0, Avg: 0.0, Max: 0.0, Diff: 0.0, Sum: 0.1]
      [GC Worker Total (ms): Min: 17.3, Avg: 17.4, Max: 17.4, Diff: 0.1, Sum: 104.2]
      [GC Worker End (ms): Min: 1130091.2, Avg: 1130091.2, Max: 1130091.2, Diff: 0.0]
   [Code Root Fixup: 0.0 ms]
   [Code Root Purge: 0.0 ms]
   [Clear CT: 0.2 ms]
   [Other: 1.6 ms]
      [Choose CSet: 0.0 ms]
      [Ref Proc: 0.2 ms]
      [Ref Enq: 0.0 ms]
      [Redirty Cards: 0.1 ms]
      [Humongous Register: 0.0 ms]
      [Humongous Reclaim: 0.2 ms]
      [Free CSet: 0.0 ms]
   [Eden: 2048.0K(105.0M)->0.0B(103.0M) Survivors: 1024.0K->1024.0K Heap: 337.5M(800.0M)->38897.3K(800.0M)]
 [Times: user=0.02 sys=0.00, real=0.02 secs] 
2024-10-11T19:55:51.065+0300: 2024-10-11T19:55:51.065+0300: 1130.092: Total time for which application threads were stopped: 0.1010951 seconds, Stopping threads took: 0.0815429 seconds
1130.092: [GC concurrent-root-region-scan-start]
2024-10-11T19:55:51.065+0300: 1130.093: [GC concurrent-root-region-scan-end, 0.0005938 secs]
2024-10-11T19:55:51.065+0300: 1130.093: [GC concurrent-mark-start]
2024-10-11T19:55:51.065+0300: 1130.097: [GC concurrent-mark-end, 0.0031093 secs]
2024-10-11T19:55:51.097+0300: 1130.120: Application time: 0.0278666 seconds
2024-10-11T19:55:52.887+0300: 1131.910: [GC remark 2024-10-11T19:55:52.887+0300: 1131.910: [Finalize Marking, 0.0023510 secs] 2024-10-11T19:55:52.887+0300: 1131.913: [GC ref-proc, 0.0001130 secs] 2024-10-11T19:55:52.887+0300: 1131.913: [Unloading, 0.0013344 secs], 0.0042669 secs]
 [Times: user=0.00 sys=0.00, real=0.00 secs] 
2024-10-11T19:55:52.887+0300: 1131.915: Total time for which application threads were stopped: 1.7946992 seconds, Stopping threads took: 1.7903095 seconds
2024-10-11T19:55:52.887+0300: 1131.915: Application time: 0.0001339 seconds
2024-10-11T19:55:52.887+0300: 1131.916: [GC cleanup 254M->254M(800M), 0.0010066 secs]
 [Times: user=0.00 sys=0.00, real=0.00 secs] 
2024-10-11T19:55:52.887+0300: 1131.917: Total time for which application threads were stopped: 0.0020849 seconds, Stopping threads took: 0.0010379 seconds
2024-10-11T19:56:04.580+0300: 1143.605: Application time: 11.6878934 seconds
2024-10-11T19:56:06.888+0300: 1145.912: [GC pause (G1 Humongous Allocation) (young), 0.0200476 secs]
   [Parallel Time: 18.9 ms, GC Workers: 6]
      [GC Worker Start (ms): Min: 1145912.0, Avg: 1145912.1, Max: 1145912.2, Diff: 0.2]
      [Ext Root Scanning (ms): Min: 0.4, Avg: 0.5, Max: 0.6, Diff: 0.2, Sum: 2.8]
      [Update RS (ms): Min: 17.9, Avg: 18.0, Max: 18.0, Diff: 0.0, Sum: 107.8]
         [Processed Buffers: Min: 448, Avg: 459.0, Max: 469, Diff: 21, Sum: 2754]
      [Scan RS (ms): Min: 0.0, Avg: 0.0, Max: 0.0, Diff: 0.0, Sum: 0.0]
      [Code Root Scanning (ms): Min: 0.0, Avg: 0.0, Max: 0.0, Diff: 0.0, Sum: 0.0]
      [Object Copy (ms): Min: 0.0, Avg: 0.1, Max: 0.1, Diff: 0.0, Sum: 0.4]
      [Termination (ms): Min: 0.0, Avg: 0.0, Max: 0.0, Diff: 0.0, Sum: 0.0]
         [Termination Attempts: Min: 1, Avg: 1.3, Max: 2, Diff: 1, Sum: 8]
      [GC Worker Other (ms): Min: 0.0, Avg: 0.1, Max: 0.1, Diff: 0.1, Sum: 0.4]
      [GC Worker Total (ms): Min: 18.4, Avg: 18.6, Max: 18.7, Diff: 0.3, Sum: 111.3]
      [GC Worker End (ms): Min: 1145930.6, Avg: 1145930.7, Max: 1145930.7, Diff: 0.1]
   [Code Root Fixup: 0.0 ms]
   [Code Root Purge: 0.0 ms]
   [Clear CT: 0.1 ms]
   [Other: 1.0 ms]
      [Choose CSet: 0.0 ms]
      [Ref Proc: 0.1 ms]
      [Ref Enq: 0.0 ms]
      [Redirty Cards: 0.1 ms]
      [Humongous Register: 0.1 ms]
      [Humongous Reclaim: 0.5 ms]
      [Free CSet: 0.0 ms]
   [Eden: 2048.0K(103.0M)->0.0B(101.0M) Survivors: 1024.0K->1024.0K Heap: 753.3M(800.0M)->7643.0K(800.0M)]
 [Times: user=0.08 sys=0.00, real=0.02 secs] 
2024-10-11T19:56:06.904+0300: 1145.932: Total time for which application threads were stopped: 2.3271177 seconds, Stopping threads took: 2.3066740 seconds
2024-10-11T19:56:12.671+0300: 1151.706: Application time: 5.7740944 seconds
2024-10-11T19:56:12.765+0300: 1151.788: [GC pause (G1 Humongous Allocation) (young) (initial-mark), 0.0186993 secs]
   [Parallel Time: 17.6 ms, GC Workers: 6]
      [GC Worker Start (ms): Min: 1151789.0, Avg: 1151789.0, Max: 1151789.0, Diff: 0.1]
      [Ext Root Scanning (ms): Min: 0.3, Avg: 0.3, Max: 0.3, Diff: 0.1, Sum: 1.8]
      [Update RS (ms): Min: 16.9, Avg: 17.0, Max: 17.0, Diff: 0.1, Sum: 101.7]
         [Processed Buffers: Min: 426, Avg: 438.7, Max: 452, Diff: 26, Sum: 2632]
      [Scan RS (ms): Min: 0.0, Avg: 0.0, Max: 0.0, Diff: 0.0, Sum: 0.0]
      [Code Root Scanning (ms): Min: 0.0, Avg: 0.0, Max: 0.0, Diff: 0.0, Sum: 0.0]
      [Object Copy (ms): Min: 0.1, Avg: 0.1, Max: 0.1, Diff: 0.1, Sum: 0.6]
      [Termination (ms): Min: 0.0, Avg: 0.0, Max: 0.0, Diff: 0.0, Sum: 0.0]
         [Termination Attempts: Min: 1, Avg: 1.3, Max: 3, Diff: 2, Sum: 8]
      [GC Worker Other (ms): Min: 0.0, Avg: 0.0, Max: 0.1, Diff: 0.0, Sum: 0.1]
      [GC Worker Total (ms): Min: 17.3, Avg: 17.4, Max: 17.4, Diff: 0.1, Sum: 104.3]
      [GC Worker End (ms): Min: 1151806.4, Avg: 1151806.4, Max: 1151806.4, Diff: 0.0]
   [Code Root Fixup: 0.0 ms]
   [Code Root Purge: 0.0 ms]
   [Clear CT: 0.1 ms]
   [Other: 1.0 ms]
      [Choose CSet: 0.0 ms]
      [Ref Proc: 0.1 ms]
      [Ref Enq: 0.0 ms]
      [Redirty Cards: 0.1 ms]
      [Humongous Register: 0.0 ms]
      [Humongous Reclaim: 0.2 ms]
      [Free CSet: 0.0 ms]
   [Eden: 2048.0K(101.0M)->0.0B(101.0M) Survivors: 1024.0K->1024.0K Heap: 337.5M(800.0M)->38904.2K(800.0M)]
 [Times: user=0.03 sys=0.00, real=0.02 secs] 
2024-10-11T19:56:12.781+0300: 2024-10-11T19:56:12.781+0300: 1151.807: 1151.807: [GC concurrent-root-region-scan-start]
Total time for which application threads were stopped: 0.1011737 seconds, Stopping threads took: 0.0822506 seconds
2024-10-11T19:56:12.781+0300: 1151.808: [GC concurrent-root-region-scan-end, 0.0009003 secs]
2024-10-11T19:56:12.781+0300: 1151.808: [GC concurrent-mark-start]
2024-10-11T19:56:12.797+0300: 1151.820: [GC concurrent-mark-end, 0.0027697 secs]
2024-10-11T19:56:12.812+0300: 1151.839: Application time: 0.0314407 seconds
2024-10-11T19:56:14.603+0300: 1153.626: [GC remark 2024-10-11T19:56:14.603+0300: 1153.626: [Finalize Marking, 0.0022238 secs] 2024-10-11T19:56:14.603+0300: 1153.628: [GC ref-proc, 0.0001817 secs] 2024-10-11T19:56:14.603+0300: 1153.628: [Unloading, 0.0013078 secs], 0.0041319 secs]
 [Times: user=0.00 sys=0.00, real=0.00 secs] 
2024-10-11T19:56:14.603+0300: 1153.630: Total time for which application threads were stopped: 1.7911946 seconds, Stopping threads took: 1.7869398 seconds
2024-10-11T19:56:14.603+0300: 1153.630: Application time: 0.0000866 seconds
2024-10-11T19:56:14.603+0300: 1153.630: [GC cleanup 302M->302M(800M), 0.0006534 secs]
 [Times: user=0.00 sys=0.00, real=0.00 secs] 
2024-10-11T19:56:14.603+0300: 1153.631: Total time for which application threads were stopped: 0.0007646 seconds, Stopping threads took: 0.0000490 seconds
2024-10-11T19:56:26.327+0300: 1165.356: Application time: 11.7254408 seconds
2024-10-11T19:56:28.557+0300: 1167.580: [GC pause (G1 Humongous Allocation) (young), 0.0293670 secs]
   [Parallel Time: 28.3 ms, GC Workers: 6]
      [GC Worker Start (ms): Min: 1167580.4, Avg: 1167582.9, Max: 1167593.9, Diff: 13.5]
      [Ext Root Scanning (ms): Min: 0.0, Avg: 0.2, Max: 0.3, Diff: 0.3, Sum: 1.0]
      [Update RS (ms): Min: 14.6, Avg: 25.5, Max: 27.8, Diff: 13.2, Sum: 152.8]
         [Processed Buffers: Min: 405, Avg: 699.0, Max: 987, Diff: 582, Sum: 4194]
      [Scan RS (ms): Min: 0.0, Avg: 0.0, Max: 0.0, Diff: 0.0, Sum: 0.0]
      [Code Root Scanning (ms): Min: 0.0, Avg: 0.0, Max: 0.0, Diff: 0.0, Sum: 0.0]
      [Object Copy (ms): Min: 0.0, Avg: 0.1, Max: 0.1, Diff: 0.0, Sum: 0.3]
      [Termination (ms): Min: 0.0, Avg: 0.0, Max: 0.0, Diff: 0.0, Sum: 0.1]
         [Termination Attempts: Min: 1, Avg: 1.0, Max: 1, Diff: 0, Sum: 6]
      [GC Worker Other (ms): Min: 0.0, Avg: 0.0, Max: 0.0, Diff: 0.0, Sum: 0.1]
      [GC Worker Total (ms): Min: 14.7, Avg: 25.7, Max: 28.2, Diff: 13.5, Sum: 154.4]
      [GC Worker End (ms): Min: 1167608.6, Avg: 1167608.6, Max: 1167608.6, Diff: 0.0]
   [Code Root Fixup: 0.0 ms]
   [Code Root Purge: 0.0 ms]
   [Clear CT: 0.1 ms]
   [Other: 0.9 ms]
      [Choose CSet: 0.0 ms]
      [Ref Proc: 0.1 ms]
      [Ref Enq: 0.0 ms]
      [Redirty Cards: 0.1 ms]
      [Humongous Register: 0.0 ms]
      [Humongous Reclaim: 0.5 ms]
      [Free CSet: 0.0 ms]
   [Eden: 3072.0K(101.0M)->0.0B(105.0M) Survivors: 1024.0K->1024.0K Heap: 753.7M(800.0M)->7658.0K(800.0M)]
 [Times: user=0.05 sys=0.00, real=0.02 secs] 
2024-10-11T19:56:28.573+0300: 1167.610: Total time for which application threads were stopped: 2.2536652 seconds, Stopping threads took: 2.2239309 seconds
2024-10-11T19:56:34.356+0300: 1173.393: Application time: 5.7833604 seconds
2024-10-11T19:56:34.434+0300: 1173.457: [GC pause (G1 Humongous Allocation) (young) (initial-mark), 0.0187261 secs]
   [Parallel Time: 17.4 ms, GC Workers: 6]
      [GC Worker Start (ms): Min: 1173457.9, Avg: 1173457.9, Max: 1173458.0, Diff: 0.1]
      [Ext Root Scanning (ms): Min: 0.2, Avg: 0.3, Max: 0.3, Diff: 0.1, Sum: 1.6]
      [Update RS (ms): Min: 16.9, Avg: 16.9, Max: 17.0, Diff: 0.1, Sum: 101.6]
         [Processed Buffers: Min: 426, Avg: 438.7, Max: 451, Diff: 25, Sum: 2632]
      [Scan RS (ms): Min: 0.0, Avg: 0.0, Max: 0.0, Diff: 0.0, Sum: 0.0]
      [Code Root Scanning (ms): Min: 0.0, Avg: 0.0, Max: 0.0, Diff: 0.0, Sum: 0.0]
      [Object Copy (ms): Min: 0.0, Avg: 0.1, Max: 0.1, Diff: 0.1, Sum: 0.5]
      [Termination (ms): Min: 0.0, Avg: 0.0, Max: 0.0, Diff: 0.0, Sum: 0.0]
         [Termination Attempts: Min: 1, Avg: 1.0, Max: 1, Diff: 0, Sum: 6]
      [GC Worker Other (ms): Min: 0.0, Avg: 0.0, Max: 0.0, Diff: 0.0, Sum: 0.1]
      [GC Worker Total (ms): Min: 17.3, Avg: 17.3, Max: 17.4, Diff: 0.1, Sum: 103.8]
      [GC Worker End (ms): Min: 1173475.2, Avg: 1173475.2, Max: 1173475.2, Diff: 0.0]
   [Code Root Fixup: 0.0 ms]
   [Code Root Purge: 0.0 ms]
   [Clear CT: 0.1 ms]
   [Other: 1.2 ms]
      [Choose CSet: 0.0 ms]
      [Ref Proc: 0.2 ms]
      [Ref Enq: 0.0 ms]
      [Redirty Cards: 0.2 ms]
      [Humongous Register: 0.0 ms]
      [Humongous Reclaim: 0.2 ms]
      [Free CSet: 0.0 ms]
   [Eden: 2048.0K(105.0M)->0.0B(103.0M) Survivors: 1024.0K->1024.0K Heap: 337.5M(800.0M)->38916.3K(800.0M)]
 [Times: user=0.03 sys=0.00, real=0.02 secs] 
2024-10-11T19:56:34.450+0300: 2024-10-11T19:56:34.450+0300: 1173.476: 1173.476: [GC concurrent-root-region-scan-start]
Total time for which application threads were stopped: 0.0829379 seconds, Stopping threads took: 0.0640100 seconds
2024-10-11T19:56:34.450+0300: 1173.477: [GC concurrent-root-region-scan-end, 0.0009236 secs]
2024-10-11T19:56:34.450+0300: 1173.477: [GC concurrent-mark-start]
2024-10-11T19:56:34.481+0300: 1173.504: [GC concurrent-mark-end, 0.0122758 secs]
2024-10-11T19:56:34.481+0300: 1173.509: Application time: 0.0326994 seconds
2024-10-11T19:56:36.256+0300: 1175.280: [GC remark 2024-10-11T19:56:36.256+0300: 1175.280: [Finalize Marking, 0.0018934 secs] 2024-10-11T19:56:36.256+0300: 1175.282: [GC ref-proc, 0.0000870 secs] 2024-10-11T19:56:36.256+0300: 1175.282: [Unloading, 0.0012350 secs], 0.0035712 secs]
 [Times: user=0.00 sys=0.00, real=0.00 secs] 
2024-10-11T19:56:36.256+0300: 1175.283: Total time for which application threads were stopped: 1.7746572 seconds, Stopping threads took: 1.7709897 seconds
2024-10-11T19:56:36.256+0300: 1175.284: Application time: 0.0001523 seconds
2024-10-11T19:56:38.078+0300: 1177.101: [GC cleanup 303M->303M(800M), 0.0016340 secs]
 [Times: user=0.00 sys=0.00, real=0.00 secs] 
2024-10-11T19:56:38.078+0300: 1177.103: Total time for which application threads were stopped: 1.8189808 seconds, Stopping threads took: 1.8172842 seconds
2024-10-11T19:56:49.774+0300: 1188.803: Application time: 11.7005788 seconds
2024-10-11T19:56:51.576+0300: 1190.600: [GC pause (G1 Humongous Allocation) (young), 0.0201886 secs]
   [Parallel Time: 19.1 ms, GC Workers: 6]
      [GC Worker Start (ms): Min: 1190599.8, Avg: 1190599.9, Max: 1190600.2, Diff: 0.5]
      [Ext Root Scanning (ms): Min: 0.0, Avg: 0.3, Max: 0.4, Diff: 0.4, Sum: 1.9]
      [Update RS (ms): Min: 18.3, Avg: 18.4, Max: 18.5, Diff: 0.2, Sum: 110.6]
         [Processed Buffers: Min: 415, Avg: 454.3, Max: 500, Diff: 85, Sum: 2726]
      [Scan RS (ms): Min: 0.0, Avg: 0.0, Max: 0.0, Diff: 0.0, Sum: 0.0]
      [Code Root Scanning (ms): Min: 0.0, Avg: 0.0, Max: 0.0, Diff: 0.0, Sum: 0.0]
      [Object Copy (ms): Min: 0.0, Avg: 0.1, Max: 0.2, Diff: 0.2, Sum: 0.4]
      [Termination (ms): Min: 0.0, Avg: 0.0, Max: 0.0, Diff: 0.0, Sum: 0.1]
         [Termination Attempts: Min: 1, Avg: 1.2, Max: 2, Diff: 1, Sum: 7]
      [GC Worker Other (ms): Min: 0.0, Avg: 0.0, Max: 0.0, Diff: 0.0, Sum: 0.1]
      [GC Worker Total (ms): Min: 18.5, Avg: 18.9, Max: 19.0, Diff: 0.5, Sum: 113.2]
      [GC Worker End (ms): Min: 1190618.7, Avg: 1190618.7, Max: 1190618.8, Diff: 0.0]
   [Code Root Fixup: 0.0 ms]
   [Code Root Purge: 0.0 ms]
   [Clear CT: 0.2 ms]
   [Other: 1.0 ms]
      [Choose CSet: 0.0 ms]
      [Ref Proc: 0.2 ms]
      [Ref Enq: 0.0 ms]
      [Redirty Cards: 0.2 ms]
      [Humongous Register: 0.0 ms]
      [Humongous Reclaim: 0.4 ms]
      [Free CSet: 0.0 ms]
   [Eden: 2048.0K(103.0M)->0.0B(101.0M) Survivors: 1024.0K->1024.0K Heap: 753.4M(800.0M)->7673.6K(800.0M)]
 [Times: user=0.03 sys=0.00, real=0.02 secs] 
2024-10-11T19:56:51.592+0300: 1190.620: Total time for which application threads were stopped: 1.8167032 seconds, Stopping threads took: 1.7963071 seconds
2024-10-11T19:56:57.391+0300: 1196.414: Application time: 5.7943017 seconds
2024-10-11T19:56:57.453+0300: 1196.476: [GC pause (G1 Humongous Allocation) (young) (initial-mark), 0.0187259 secs]
   [Parallel Time: 17.5 ms, GC Workers: 6]
      [GC Worker Start (ms): Min: 1196476.9, Avg: 1196476.9, Max: 1196477.0, Diff: 0.1]
      [Ext Root Scanning (ms): Min: 0.4, Avg: 0.5, Max: 0.5, Diff: 0.1, Sum: 2.8]
      [Update RS (ms): Min: 16.8, Avg: 16.8, Max: 16.8, Diff: 0.1, Sum: 100.8]
         [Processed Buffers: Min: 420, Avg: 438.8, Max: 458, Diff: 38, Sum: 2633]
      [Scan RS (ms): Min: 0.0, Avg: 0.0, Max: 0.0, Diff: 0.0, Sum: 0.0]
      [Code Root Scanning (ms): Min: 0.0, Avg: 0.0, Max: 0.0, Diff: 0.0, Sum: 0.0]
      [Object Copy (ms): Min: 0.1, Avg: 0.1, Max: 0.1, Diff: 0.1, Sum: 0.5]
      [Termination (ms): Min: 0.0, Avg: 0.0, Max: 0.0, Diff: 0.0, Sum: 0.1]
         [Termination Attempts: Min: 1, Avg: 1.2, Max: 2, Diff: 1, Sum: 7]
      [GC Worker Other (ms): Min: 0.0, Avg: 0.0, Max: 0.0, Diff: 0.0, Sum: 0.1]
      [GC Worker Total (ms): Min: 17.3, Avg: 17.4, Max: 17.4, Diff: 0.1, Sum: 104.3]
      [GC Worker End (ms): Min: 1196494.3, Avg: 1196494.3, Max: 1196494.3, Diff: 0.0]
   [Code Root Fixup: 0.0 ms]
   [Code Root Purge: 0.0 ms]
   [Clear CT: 0.1 ms]
   [Other: 1.0 ms]
      [Choose CSet: 0.0 ms]
      [Ref Proc: 0.1 ms]
      [Ref Enq: 0.0 ms]
      [Redirty Cards: 0.1 ms]
      [Humongous Register: 0.0 ms]
      [Humongous Reclaim: 0.2 ms]
      [Free CSet: 0.0 ms]
   [Eden: 2048.0K(101.0M)->0.0B(100.0M) Survivors: 1024.0K->1024.0K Heap: 337.6M(800.0M)->38935.9K(800.0M)]
 [Times: user=0.03 sys=0.00, real=0.02 secs] 
2024-10-11T19:56:57.469+0300: 2024-10-11T19:56:57.469+0300: 1196.495: 1196.495: Total time for which application threads were stopped: 0.0809182 seconds, Stopping threads took: 0.0619434 seconds
[GC concurrent-root-region-scan-start]
2024-10-11T19:56:57.469+0300: 1196.496: [GC concurrent-root-region-scan-end, 0.0005844 secs]
2024-10-11T19:56:57.469+0300: 1196.496: [GC concurrent-mark-start]
2024-10-11T19:56:57.480+0300: 1196.503: [GC concurrent-mark-end, 0.0027550 secs]
2024-10-11T19:56:57.501+0300: 1196.526: Application time: 0.0308632 seconds
2024-10-11T19:56:59.291+0300: 1198.314: [GC remark 2024-10-11T19:56:59.291+0300: 1198.314: [Finalize Marking, 0.0023058 secs] 2024-10-11T19:56:59.291+0300: 1198.317: [GC ref-proc, 0.0001225 secs] 2024-10-11T19:56:59.291+0300: 1198.317: [Unloading, 0.0013533 secs], 0.0044505 secs]
 [Times: user=0.00 sys=0.00, real=0.00 secs] 
2024-10-11T19:56:59.291+0300: 1198.319: Total time for which application threads were stopped: 1.7927434 seconds, Stopping threads took: 1.7881842 seconds
2024-10-11T19:56:59.291+0300: 1198.319: Application time: 0.0000930 seconds
2024-10-11T19:56:59.307+0300: 1198.330: [GC cleanup 301M->301M(800M), 0.0015226 secs]
 [Times: user=0.00 sys=0.00, real=0.00 secs] 
2024-10-11T19:56:59.307+0300: 1198.331: Total time for which application threads were stopped: 0.0124335 seconds, Stopping threads took: 0.0108127 seconds
2024-10-11T19:57:11.029+0300: 1210.055: Application time: 11.7237449 seconds
2024-10-11T19:57:13.293+0300: 1212.316: [GC pause (G1 Humongous Allocation) (young), 0.0288007 secs]
   [Parallel Time: 27.4 ms, GC Workers: 6]
      [GC Worker Start (ms): Min: 1212316.2, Avg: 1212316.3, Max: 1212316.4, Diff: 0.2]
      [Ext Root Scanning (ms): Min: 0.2, Avg: 0.3, Max: 0.3, Diff: 0.2, Sum: 1.6]
      [Update RS (ms): Min: 26.8, Avg: 26.8, Max: 26.8, Diff: 0.0, Sum: 160.7]
         [Processed Buffers: Min: 683, Avg: 696.2, Max: 710, Diff: 27, Sum: 4177]
      [Scan RS (ms): Min: 0.0, Avg: 0.0, Max: 0.0, Diff: 0.0, Sum: 0.0]
      [Code Root Scanning (ms): Min: 0.0, Avg: 0.0, Max: 0.0, Diff: 0.0, Sum: 0.0]
      [Object Copy (ms): Min: 0.1, Avg: 0.1, Max: 0.1, Diff: 0.0, Sum: 0.4]
      [Termination (ms): Min: 0.0, Avg: 0.0, Max: 0.0, Diff: 0.0, Sum: 0.0]
         [Termination Attempts: Min: 1, Avg: 1.8, Max: 3, Diff: 2, Sum: 11]
      [GC Worker Other (ms): Min: 0.0, Avg: 0.0, Max: 0.0, Diff: 0.0, Sum: 0.1]
      [GC Worker Total (ms): Min: 27.1, Avg: 27.1, Max: 27.2, Diff: 0.2, Sum: 162.8]
      [GC Worker End (ms): Min: 1212343.4, Avg: 1212343.4, Max: 1212343.4, Diff: 0.0]
   [Code Root Fixup: 0.0 ms]
   [Code Root Purge: 0.0 ms]
   [Clear CT: 0.2 ms]
   [Other: 1.1 ms]
      [Choose CSet: 0.0 ms]
      [Ref Proc: 0.2 ms]
      [Ref Enq: 0.0 ms]
      [Redirty Cards: 0.2 ms]
      [Humongous Register: 0.1 ms]
      [Humongous Reclaim: 0.5 ms]
      [Free CSet: 0.0 ms]
   [Eden: 2048.0K(100.0M)->0.0B(100352.0K) Survivors: 1024.0K->1024.0K Heap: 753.4M(800.0M)->7686.2K(800.0M)]
 [Times: user=0.08 sys=0.00, real=0.02 secs] 
2024-10-11T19:57:13.308+0300: 1212.345: Total time for which application threads were stopped: 2.2897791 seconds, Stopping threads took: 2.2606845 seconds
2024-10-11T19:57:19.107+0300: 1218.130: Application time: 5.7855465 seconds
2024-10-11T19:57:19.185+0300: 1218.208: [GC pause (G1 Humongous Allocation) (young) (initial-mark), 0.0191601 secs]
   [Parallel Time: 17.5 ms, GC Workers: 6]
      [GC Worker Start (ms): Min: 1218209.1, Avg: 1218209.1, Max: 1218209.1, Diff: 0.1]
      [Ext Root Scanning (ms): Min: 0.3, Avg: 0.3, Max: 0.3, Diff: 0.1, Sum: 1.7]
      [Update RS (ms): Min: 16.9, Avg: 16.9, Max: 16.9, Diff: 0.0, Sum: 101.6]
         [Processed Buffers: Min: 418, Avg: 438.8, Max: 459, Diff: 41, Sum: 2633]
      [Scan RS (ms): Min: 0.0, Avg: 0.0, Max: 0.0, Diff: 0.0, Sum: 0.0]
      [Code Root Scanning (ms): Min: 0.0, Avg: 0.0, Max: 0.0, Diff: 0.0, Sum: 0.0]
      [Object Copy (ms): Min: 0.1, Avg: 0.1, Max: 0.1, Diff: 0.1, Sum: 0.6]
      [Termination (ms): Min: 0.0, Avg: 0.0, Max: 0.0, Diff: 0.0, Sum: 0.1]
         [Termination Attempts: Min: 1, Avg: 1.7, Max: 3, Diff: 2, Sum: 10]
      [GC Worker Other (ms): Min: 0.0, Avg: 0.0, Max: 0.0, Diff: 0.0, Sum: 0.1]
      [GC Worker Total (ms): Min: 17.3, Avg: 17.3, Max: 17.4, Diff: 0.1, Sum: 104.1]
      [GC Worker End (ms): Min: 1218226.4, Avg: 1218226.4, Max: 1218226.4, Diff: 0.0]
   [Code Root Fixup: 0.0 ms]
   [Code Root Purge: 0.0 ms]
   [Clear CT: 0.2 ms]
   [Other: 1.4 ms]
      [Choose CSet: 0.0 ms]
      [Ref Proc: 0.2 ms]
      [Ref Enq: 0.0 ms]
      [Redirty Cards: 0.2 ms]
      [Humongous Register: 0.0 ms]
      [Humongous Reclaim: 0.2 ms]
      [Free CSet: 0.0 ms]
   [Eden: 2048.0K(100352.0K)->0.0B(101376.0K) Survivors: 1024.0K->1024.0K Heap: 337.6M(800.0M)->38949.5K(800.0M)]
 [Times: user=0.03 sys=0.00, real=0.02 secs] 
2024-10-11T19:57:19.201+0300: 1218.227: Total time for which application threads were stopped: 0.0971291 seconds, Stopping threads took: 0.0776689 seconds
2024-10-11T19:57:19.201+0300: 1218.227: [GC concurrent-root-region-scan-start]
2024-10-11T19:57:19.201+0300: 1218.228: [GC concurrent-root-region-scan-end, 0.0006639 secs]
2024-10-11T19:57:19.201+0300: 1218.228: [GC concurrent-mark-start]
2024-10-11T19:57:19.216+0300: 1218.240: [GC concurrent-mark-end, 0.0112814 secs]
2024-10-11T19:57:19.232+0300: 1218.259: Application time: 0.0316391 seconds
2024-10-11T19:57:21.006+0300: 1220.029: [GC remark 2024-10-11T19:57:21.006+0300: 1220.029: [Finalize Marking, 0.0014961 secs] 2024-10-11T19:57:21.006+0300: 1220.031: [GC ref-proc, 0.0000914 secs] 2024-10-11T19:57:21.006+0300: 1220.031: [Unloading, 0.0011587 secs], 0.0031883 secs]
 [Times: user=0.00 sys=0.00, real=0.00 secs] 
2024-10-11T19:57:21.006+0300: 1220.032: Total time for which application threads were stopped: 1.7732791 seconds, Stopping threads took: 1.7699705 seconds
2024-10-11T19:57:21.006+0300: 1220.033: Application time: 0.0001544 seconds
2024-10-11T19:57:23.314+0300: 1222.337: [GC cleanup 302M->302M(800M), 0.0012608 secs]
 [Times: user=0.00 sys=0.00, real=0.00 secs] 
2024-10-11T19:57:23.314+0300: 1222.338: Total time for which application threads were stopped: 2.3057687 seconds, Stopping threads took: 2.3044198 seconds
2024-10-11T19:57:34.866+0300: 1233.891: Application time: 11.5531483 seconds
2024-10-11T19:57:35.023+0300: 1234.046: [GC pause (G1 Humongous Allocation) (young), 0.0287106 secs]
   [Parallel Time: 27.5 ms, GC Workers: 6]
      [GC Worker Start (ms): Min: 1234046.4, Avg: 1234046.4, Max: 1234046.5, Diff: 0.1]
      [Ext Root Scanning (ms): Min: 0.2, Avg: 0.3, Max: 0.3, Diff: 0.1, Sum: 1.5]
      [Update RS (ms): Min: 26.8, Avg: 26.8, Max: 26.9, Diff: 0.0, Sum: 161.1]
         [Processed Buffers: Min: 678, Avg: 692.0, Max: 706, Diff: 28, Sum: 4152]
      [Scan RS (ms): Min: 0.0, Avg: 0.0, Max: 0.0, Diff: 0.0, Sum: 0.0]
      [Code Root Scanning (ms): Min: 0.0, Avg: 0.0, Max: 0.0, Diff: 0.0, Sum: 0.0]
      [Object Copy (ms): Min: 0.1, Avg: 0.1, Max: 0.1, Diff: 0.0, Sum: 0.5]
      [Termination (ms): Min: 0.0, Avg: 0.0, Max: 0.0, Diff: 0.0, Sum: 0.0]
         [Termination Attempts: Min: 2, Avg: 5.3, Max: 10, Diff: 8, Sum: 32]
      [GC Worker Other (ms): Min: 0.0, Avg: 0.0, Max: 0.1, Diff: 0.1, Sum: 0.2]
      [GC Worker Total (ms): Min: 27.2, Avg: 27.2, Max: 27.3, Diff: 0.2, Sum: 163.3]
      [GC Worker End (ms): Min: 1234073.7, Avg: 1234073.7, Max: 1234073.7, Diff: 0.1]
   [Code Root Fixup: 0.0 ms]
   [Code Root Purge: 0.0 ms]
   [Clear CT: 0.2 ms]
   [Other: 1.1 ms]
      [Choose CSet: 0.0 ms]
      [Ref Proc: 0.2 ms]
      [Ref Enq: 0.0 ms]
      [Redirty Cards: 0.2 ms]
      [Humongous Register: 0.0 ms]
      [Humongous Reclaim: 0.5 ms]
      [Free CSet: 0.0 ms]
   [Eden: 2048.0K(101376.0K)->0.0B(99328.0K) Survivors: 1024.0K->1024.0K Heap: 753.4M(800.0M)->7702.5K(800.0M)]
 [Times: user=0.06 sys=0.00, real=0.02 secs] 
2024-10-11T19:57:35.039+0300: 1234.075: Total time for which application threads were stopped: 0.1834797 seconds, Stopping threads took: 0.1545116 seconds
2024-10-11T19:57:40.839+0300: 1239.863: Application time: 5.7882700 seconds
2024-10-11T19:57:40.917+0300: 1239.940: [GC pause (G1 Humongous Allocation) (young) (initial-mark), 0.0195554 secs]
   [Parallel Time: 17.9 ms, GC Workers: 6]
      [GC Worker Start (ms): Min: 1239941.4, Avg: 1239941.4, Max: 1239941.5, Diff: 0.2]
      [Ext Root Scanning (ms): Min: 0.4, Avg: 0.4, Max: 0.5, Diff: 0.2, Sum: 2.6]
      [Update RS (ms): Min: 17.1, Avg: 17.1, Max: 17.2, Diff: 0.0, Sum: 102.9]
         [Processed Buffers: Min: 423, Avg: 438.7, Max: 454, Diff: 31, Sum: 2632]
      [Scan RS (ms): Min: 0.0, Avg: 0.0, Max: 0.0, Diff: 0.0, Sum: 0.0]
      [Code Root Scanning (ms): Min: 0.0, Avg: 0.0, Max: 0.0, Diff: 0.0, Sum: 0.0]
      [Object Copy (ms): Min: 0.1, Avg: 0.1, Max: 0.1, Diff: 0.0, Sum: 0.5]
      [Termination (ms): Min: 0.0, Avg: 0.0, Max: 0.0, Diff: 0.0, Sum: 0.1]
         [Termination Attempts: Min: 1, Avg: 1.2, Max: 2, Diff: 1, Sum: 7]
      [GC Worker Other (ms): Min: 0.0, Avg: 0.0, Max: 0.0, Diff: 0.0, Sum: 0.1]
      [GC Worker Total (ms): Min: 17.6, Avg: 17.7, Max: 17.8, Diff: 0.2, Sum: 106.2]
      [GC Worker End (ms): Min: 1239959.1, Avg: 1239959.1, Max: 1239959.2, Diff: 0.0]
   [Code Root Fixup: 0.0 ms]
   [Code Root Purge: 0.0 ms]
   [Clear CT: 0.1 ms]
   [Other: 1.6 ms]
      [Choose CSet: 0.0 ms]
      [Ref Proc: 0.2 ms]
      [Ref Enq: 0.0 ms]
      [Redirty Cards: 0.2 ms]
      [Humongous Register: 0.0 ms]
      [Humongous Reclaim: 0.2 ms]
      [Free CSet: 0.0 ms]
   [Eden: 2048.0K(99328.0K)->0.0B(100352.0K) Survivors: 1024.0K->1024.0K Heap: 337.6M(800.0M)->38966.3K(800.0M)]
 [Times: user=0.03 sys=0.00, real=0.02 secs] 
2024-10-11T19:57:40.933+0300: 1239.960: Total time for which application threads were stopped: 0.0968044 seconds, Stopping threads took: 0.0770049 seconds
2024-10-11T19:57:40.933+0300: 1239.960: [GC concurrent-root-region-scan-start]
2024-10-11T19:57:40.933+0300: 1239.961: [GC concurrent-root-region-scan-end, 0.0006204 secs]
2024-10-11T19:57:40.933+0300: 1239.961: [GC concurrent-mark-start]
2024-10-11T19:57:40.949+0300: 1239.972: [GC concurrent-mark-end, 0.0029191 secs]
2024-10-11T19:57:40.964+0300: 1239.990: Application time: 0.0302375 seconds
2024-10-11T19:57:42.753+0300: 1241.777: [GC remark 2024-10-11T19:57:42.753+0300: 1241.777: [Finalize Marking, 0.0019753 secs] 2024-10-11T19:57:42.753+0300: 1241.779: [GC ref-proc, 0.0001854 secs] 2024-10-11T19:57:42.753+0300: 1241.779: [Unloading, 0.0013317 secs], 0.0039973 secs]
 [Times: user=0.00 sys=0.00, real=0.00 secs] 
2024-10-11T19:57:42.753+0300: 1241.781: Total time for which application threads were stopped: 1.7906148 seconds, Stopping threads took: 1.7865002 seconds
2024-10-11T19:57:42.753+0300: 1241.781: Application time: 0.0000934 seconds
2024-10-11T19:57:44.559+0300: 1243.582: [GC cleanup 286M->286M(800M), 0.0018746 secs]
 [Times: user=0.00 sys=0.00, real=0.00 secs] 
2024-10-11T19:57:44.559+0300: 1243.584: Total time for which application threads were stopped: 1.8027679 seconds, Stopping threads took: 1.8007459 seconds
2024-10-11T19:57:56.190+0300: 1255.216: Application time: 11.6324799 seconds
2024-10-11T19:57:58.027+0300: 1257.050: [GC pause (G1 Humongous Allocation) (young), 0.0272636 secs]
   [Parallel Time: 25.8 ms, GC Workers: 6]
      [GC Worker Start (ms): Min: 1257050.5, Avg: 1257050.6, Max: 1257050.8, Diff: 0.3]
      [Ext Root Scanning (ms): Min: 0.4, Avg: 0.5, Max: 0.6, Diff: 0.3, Sum: 3.0]
      [Update RS (ms): Min: 24.9, Avg: 24.9, Max: 24.9, Diff: 0.0, Sum: 149.3]
         [Processed Buffers: Min: 632, Avg: 642.3, Max: 653, Diff: 21, Sum: 3854]
      [Scan RS (ms): Min: 0.0, Avg: 0.0, Max: 0.0, Diff: 0.0, Sum: 0.0]
      [Code Root Scanning (ms): Min: 0.0, Avg: 0.0, Max: 0.0, Diff: 0.0, Sum: 0.0]
      [Object Copy (ms): Min: 0.0, Avg: 0.0, Max: 0.0, Diff: 0.0, Sum: 0.3]
      [Termination (ms): Min: 0.0, Avg: 0.0, Max: 0.0, Diff: 0.0, Sum: 0.0]
         [Termination Attempts: Min: 1, Avg: 1.0, Max: 1, Diff: 0, Sum: 6]
      [GC Worker Other (ms): Min: 0.0, Avg: 0.0, Max: 0.1, Diff: 0.1, Sum: 0.2]
      [GC Worker Total (ms): Min: 25.3, Avg: 25.5, Max: 25.6, Diff: 0.3, Sum: 152.8]
      [GC Worker End (ms): Min: 1257076.1, Avg: 1257076.1, Max: 1257076.1, Diff: 0.1]
   [Code Root Fixup: 0.0 ms]
   [Code Root Purge: 0.0 ms]
   [Clear CT: 0.2 ms]
   [Other: 1.2 ms]
      [Choose CSet: 0.0 ms]
      [Ref Proc: 0.2 ms]
      [Ref Enq: 0.0 ms]
      [Redirty Cards: 0.2 ms]
      [Humongous Register: 0.1 ms]
      [Humongous Reclaim: 0.4 ms]
      [Free CSet: 0.0 ms]
   [Eden: 2048.0K(100352.0K)->0.0B(99328.0K) Survivors: 1024.0K->1024.0K Heap: 753.4M(800.0M)->7716.2K(800.0M)]
 [Times: user=0.01 sys=0.00, real=0.02 secs] 
2024-10-11T19:57:58.050+0300: 1257.078: Total time for which application threads were stopped: 1.8612940 seconds, Stopping threads took: 1.8337357 seconds
2024-10-11T19:58:03.827+0300: 1262.860: Application time: 5.7822961 seconds
2024-10-11T19:58:03.921+0300: 1262.945: [GC pause (G1 Humongous Allocation) (young) (initial-mark), 0.0193506 secs]
   [Parallel Time: 17.8 ms, GC Workers: 6]
      [GC Worker Start (ms): Min: 1262945.5, Avg: 1262945.6, Max: 1262945.6, Diff: 0.1]
      [Ext Root Scanning (ms): Min: 0.4, Avg: 0.5, Max: 0.5, Diff: 0.1, Sum: 2.7]
      [Update RS (ms): Min: 17.0, Avg: 17.0, Max: 17.0, Diff: 0.1, Sum: 102.1]
         [Processed Buffers: Min: 433, Avg: 439.0, Max: 444, Diff: 11, Sum: 2634]
      [Scan RS (ms): Min: 0.0, Avg: 0.0, Max: 0.0, Diff: 0.0, Sum: 0.0]
      [Code Root Scanning (ms): Min: 0.0, Avg: 0.0, Max: 0.0, Diff: 0.0, Sum: 0.0]
      [Object Copy (ms): Min: 0.1, Avg: 0.1, Max: 0.1, Diff: 0.1, Sum: 0.5]
      [Termination (ms): Min: 0.0, Avg: 0.0, Max: 0.0, Diff: 0.0, Sum: 0.0]
         [Termination Attempts: Min: 1, Avg: 1.7, Max: 2, Diff: 1, Sum: 10]
      [GC Worker Other (ms): Min: 0.0, Avg: 0.0, Max: 0.0, Diff: 0.0, Sum: 0.1]
      [GC Worker Total (ms): Min: 17.5, Avg: 17.6, Max: 17.6, Diff: 0.1, Sum: 105.4]
      [GC Worker End (ms): Min: 1262963.1, Avg: 1262963.1, Max: 1262963.1, Diff: 0.0]
   [Code Root Fixup: 0.0 ms]
   [Code Root Purge: 0.0 ms]
   [Clear CT: 0.1 ms]
   [Other: 1.4 ms]
      [Choose CSet: 0.0 ms]
      [Ref Proc: 0.1 ms]
      [Ref Enq: 0.0 ms]
      [Redirty Cards: 0.1 ms]
      [Humongous Register: 0.0 ms]
      [Humongous Reclaim: 0.2 ms]
      [Free CSet: 0.0 ms]
   [Eden: 2048.0K(99328.0K)->0.0B(100352.0K) Survivors: 1024.0K->1024.0K Heap: 337.6M(800.0M)->38969.4K(800.0M)]
 [Times: user=0.03 sys=0.00, real=0.02 secs] 
2024-10-11T19:58:03.937+0300: 1262.964: Total time for which application threads were stopped: 0.1041450 seconds, Stopping threads took: 0.0845577 seconds
2024-10-11T19:58:03.937+0300: 1262.964: [GC concurrent-root-region-scan-start]
2024-10-11T19:58:03.937+0300: 1262.965: Application time: 0.0005773 seconds
2024-10-11T19:58:03.937+0300: 1262.965: [GC concurrent-root-region-scan-end, 0.0009405 secs]
2024-10-11T19:58:03.937+0300: 1262.965: [GC concurrent-mark-start]
2024-10-11T19:58:03.937+0300: 1262.965: Total time for which application threads were stopped: 0.0008190 seconds, Stopping threads took: 0.0007784 seconds
2024-10-11T19:58:03.937+0300: 1262.968: [GC concurrent-mark-end, 0.0029620 secs]
2024-10-11T19:58:03.937+0300: 1262.968: Application time: 0.0028990 seconds
2024-10-11T19:58:03.953+0300: 1262.976: [GC remark 2024-10-11T19:58:03.953+0300: 1262.976: [Finalize Marking, 0.0005282 secs] 2024-10-11T19:58:03.953+0300: 1262.976: [GC ref-proc, 0.0002012 secs] 2024-10-11T19:58:03.953+0300: 1262.977: [Unloading, 0.0013327 secs], 0.0024150 secs]
 [Times: user=0.00 sys=0.00, real=0.00 secs] 
2024-10-11T19:58:03.953+0300: 1262.978: Total time for which application threads were stopped: 0.0098227 seconds, Stopping threads took: 0.0073222 seconds
2024-10-11T19:58:03.953+0300: 1262.978: Application time: 0.0000738 seconds
2024-10-11T19:58:05.743+0300: 1264.766: [GC cleanup 159M->159M(800M), 0.0017176 secs]
 [Times: user=0.00 sys=0.00, real=0.00 secs] 
2024-10-11T19:58:05.743+0300: 1264.768: Total time for which application threads were stopped: 1.7897257 seconds, Stopping threads took: 1.7879017 seconds
2024-10-11T19:58:05.743+0300: 1264.769: Application time: 0.0008009 seconds
2024-10-11T19:58:05.743+0300: 1264.771: Total time for which application threads were stopped: 0.0021730 seconds, Stopping threads took: 0.0021260 seconds
2024-10-11T19:58:09.434+0300: 1268.461: Application time: 3.6898181 seconds
2024-10-11T19:58:09.544+0300: 1268.567: Total time for which application threads were stopped: 0.1059435 seconds, Stopping threads took: 0.1058424 seconds
2024-10-11T19:58:09.544+0300: 1268.567: Application time: 0.0004185 seconds
2024-10-11T19:58:09.544+0300: 1268.567: Total time for which application threads were stopped: 0.0001324 seconds, Stopping threads took: 0.0001021 seconds
2024-10-11T19:58:09.559+0300: 1268.595: Application time: 0.0275380 seconds
2024-10-11T19:58:09.559+0300: 1268.595: Total time for which application threads were stopped: 0.0001765 seconds, Stopping threads took: 0.0000322 seconds
2024-10-11T19:58:09.638+0300: 1268.665: Application time: 0.0697295 seconds
2024-10-11T19:58:09.638+0300: 1268.665: Total time for which application threads were stopped: 0.0002108 seconds, Stopping threads took: 0.0000434 seconds
2024-10-11T19:58:09.685+0300: 1268.715: Application time: 0.0503151 seconds
2024-10-11T19:58:09.685+0300: 1268.715: Total time for which application threads were stopped: 0.0001858 seconds, Stopping threads took: 0.0000215 seconds
2024-10-11T19:58:09.732+0300: 1268.760: Application time: 0.0447496 seconds
2024-10-11T19:58:09.732+0300: 1268.760: Total time for which application threads were stopped: 0.0000686 seconds, Stopping threads took: 0.0000334 seconds
2024-10-11T19:58:09.826+0300: 1268.864: Application time: 0.1040126 seconds
2024-10-11T19:58:09.826+0300: 1268.864: Total time for which application threads were stopped: 0.0002311 seconds, Stopping threads took: 0.0000249 seconds
2024-10-11T19:58:09.842+0300: 1268.871: Application time: 0.0061991 seconds
2024-10-11T19:58:09.842+0300: 1268.871: Total time for which application threads were stopped: 0.0002134 seconds, Stopping threads took: 0.0000248 seconds
2024-10-11T19:58:09.842+0300: 1268.873: Application time: 0.0017110 seconds
2024-10-11T19:58:09.842+0300: 1268.873: Total time for which application threads were stopped: 0.0001744 seconds, Stopping threads took: 0.0000286 seconds
2024-10-11T19:58:10.140+0300: 1269.170: Application time: 0.2974286 seconds
2024-10-11T19:58:10.140+0300: 1269.170: Total time for which application threads were stopped: 0.0000833 seconds, Stopping threads took: 0.0000379 seconds
2024-10-11T19:58:10.360+0300: 1269.389: Application time: 0.2191250 seconds
2024-10-11T19:58:10.360+0300: 1269.390: [GC pause (G1 Evacuation Pause) (young), 0.0146695 secs]
   [Parallel Time: 13.4 ms, GC Workers: 6]
      [GC Worker Start (ms): Min: 1269389.7, Avg: 1269389.8, Max: 1269389.9, Diff: 0.1]
      [Ext Root Scanning (ms): Min: 0.2, Avg: 0.4, Max: 0.6, Diff: 0.4, Sum: 2.3]
      [Update RS (ms): Min: 10.9, Avg: 11.0, Max: 11.3, Diff: 0.4, Sum: 66.1]
         [Processed Buffers: Min: 280, Avg: 288.0, Max: 295, Diff: 15, Sum: 1728]
      [Scan RS (ms): Min: 0.0, Avg: 0.0, Max: 0.0, Diff: 0.0, Sum: 0.1]
      [Code Root Scanning (ms): Min: 0.0, Avg: 0.2, Max: 0.5, Diff: 0.5, Sum: 1.1]
      [Object Copy (ms): Min: 1.2, Avg: 1.5, Max: 1.7, Diff: 0.5, Sum: 9.2]
      [Termination (ms): Min: 0.0, Avg: 0.0, Max: 0.0, Diff: 0.0, Sum: 0.0]
         [Termination Attempts: Min: 1, Avg: 11.8, Max: 17, Diff: 16, Sum: 71]
      [GC Worker Other (ms): Min: 0.0, Avg: 0.0, Max: 0.0, Diff: 0.0, Sum: 0.1]
      [GC Worker Total (ms): Min: 13.1, Avg: 13.2, Max: 13.2, Diff: 0.1, Sum: 79.0]
      [GC Worker End (ms): Min: 1269403.0, Avg: 1269403.0, Max: 1269403.0, Diff: 0.0]
   [Code Root Fixup: 0.0 ms]
   [Code Root Purge: 0.0 ms]
   [Clear CT: 0.1 ms]
   [Other: 1.1 ms]
      [Choose CSet: 0.0 ms]
      [Ref Proc: 0.6 ms]
      [Ref Enq: 0.0 ms]
      [Redirty Cards: 0.1 ms]
      [Humongous Register: 0.0 ms]
      [Humongous Reclaim: 0.2 ms]
      [Free CSet: 0.1 ms]
   [Eden: 100352.0K(100352.0K)->0.0B(475.0M) Survivors: 1024.0K->5120.0K Heap: 354.6M(800.0M)->13508.6K(800.0M)]
 [Times: user=0.02 sys=0.00, real=0.02 secs] 
2024-10-11T19:58:10.380+0300: 1269.404: Total time for which application threads were stopped: 0.0149897 seconds, Stopping threads took: 0.0000633 seconds
2024-10-11T19:58:10.380+0300: 1269.405: Application time: 0.0002245 seconds
2024-10-11T19:58:10.380+0300: 1269.405: Total time for which application threads were stopped: 0.0001242 seconds, Stopping threads took: 0.0000720 seconds
2024-10-11T19:58:10.380+0300: 1269.405: Application time: 0.0001276 seconds
2024-10-11T19:58:10.380+0300: 1269.405: Total time for which application threads were stopped: 0.0000799 seconds, Stopping threads took: 0.0000547 seconds
2024-10-11T19:58:10.380+0300: 1269.405: Application time: 0.0000394 seconds
2024-10-11T19:58:10.380+0300: 1269.405: Total time for which application threads were stopped: 0.0000588 seconds, Stopping threads took: 0.0000370 seconds
2024-10-11T19:58:10.380+0300: 1269.405: Application time: 0.0000481 seconds
2024-10-11T19:58:10.380+0300: 1269.405: Total time for which application threads were stopped: 0.0000903 seconds, Stopping threads took: 0.0000670 seconds
2024-10-11T19:58:10.380+0300: 1269.405: Application time: 0.0001552 seconds
2024-10-11T19:58:10.380+0300: 1269.405: Total time for which application threads were stopped: 0.0000492 seconds, Stopping threads took: 0.0000300 seconds
2024-10-11T19:58:10.380+0300: 1269.405: Application time: 0.0000373 seconds
2024-10-11T19:58:10.380+0300: 1269.406: Total time for which application threads were stopped: 0.0000430 seconds, Stopping threads took: 0.0000227 seconds
2024-10-11T19:58:10.380+0300: 1269.406: Application time: 0.0000524 seconds
2024-10-11T19:58:10.380+0300: 1269.406: Total time for which application threads were stopped: 0.0000441 seconds, Stopping threads took: 0.0000262 seconds
2024-10-11T19:58:10.380+0300: 1269.406: Application time: 0.0000351 seconds
2024-10-11T19:58:10.380+0300: 1269.406: Total time for which application threads were stopped: 0.0000263 seconds, Stopping threads took: 0.0000122 seconds
2024-10-11T19:58:10.380+0300: 1269.406: Application time: 0.0000760 seconds
2024-10-11T19:58:10.380+0300: 1269.406: Total time for which application threads were stopped: 0.0000583 seconds, Stopping threads took: 0.0000360 seconds
2024-10-11T19:58:10.380+0300: 1269.406: Application time: 0.0001503 seconds
2024-10-11T19:58:10.380+0300: 1269.406: Total time for which application threads were stopped: 0.0000456 seconds, Stopping threads took: 0.0000250 seconds
2024-10-11T19:58:10.380+0300: 1269.406: Application time: 0.0000714 seconds
2024-10-11T19:58:10.380+0300: 1269.406: Total time for which application threads were stopped: 0.0000451 seconds, Stopping threads took: 0.0000234 seconds
2024-10-11T19:58:10.380+0300: 1269.415: Application time: 0.0084083 seconds
2024-10-11T19:58:10.380+0300: 1269.415: Total time for which application threads were stopped: 0.0000820 seconds, Stopping threads took: 0.0000345 seconds
2024-10-11T19:58:10.439+0300: 1269.469: Application time: 0.0543389 seconds
2024-10-11T19:58:10.439+0300: 1269.469: Total time for which application threads were stopped: 0.0001405 seconds, Stopping threads took: 0.0000852 seconds
2024-10-11T19:58:10.832+0300: 1269.855: Application time: 0.3863367 seconds
2024-10-11T19:58:10.832+0300: 1269.856: Total time for which application threads were stopped: 0.0001370 seconds, Stopping threads took: 0.0000585 seconds
2024-10-11T19:58:10.832+0300: 1269.856: Application time: 0.0002831 seconds
2024-10-11T19:58:10.832+0300: 1269.856: Total time for which application threads were stopped: 0.0000757 seconds, Stopping threads took: 0.0000419 seconds
2024-10-11T19:58:10.832+0300: 1269.856: Application time: 0.0002049 seconds
2024-10-11T19:58:10.832+0300: 1269.856: Total time for which application threads were stopped: 0.0000211 seconds, Stopping threads took: 0.0000129 seconds
2024-10-11T19:58:10.832+0300: 1269.857: Application time: 0.0001347 seconds
2024-10-11T19:58:10.832+0300: 1269.857: Total time for which application threads were stopped: 0.0000327 seconds, Stopping threads took: 0.0000184 seconds
2024-10-11T19:58:10.832+0300: 1269.857: Application time: 0.0007151 seconds
2024-10-11T19:58:10.832+0300: 1269.857: Total time for which application threads were stopped: 0.0000376 seconds, Stopping threads took: 0.0000192 seconds
2024-10-11T19:58:10.832+0300: 1269.866: Application time: 0.0086886 seconds
2024-10-11T19:58:10.832+0300: 1269.866: Total time for which application threads were stopped: 0.0000858 seconds, Stopping threads took: 0.0000622 seconds
Heap
 garbage-first heap   total 819200K, used 44228K [0x00000000ce000000, 0x00000000ce101900, 0x0000000100000000)
  region size 1024K, 36 young (36864K), 5 survivors (5120K)
 Metaspace       used 15891K, capacity 16118K, committed 16384K, reserved 1064960K
  class space    used 1642K, capacity 1711K, committed 1792K, reserved 1048576K
2024-10-11T19:58:10.943+0300: 1269.967: Application time: 0.1007806 seconds
