OpenJDK 64-Bit Server VM (25.422-b05) for windows-amd64 JRE (1.8.0_422-422-b05), built on Jul 18 2024 05:34:18 by "Administrator" with MS VC++ 16.10 / 16.11 (VS2019)
Memory: 4k page, physical 15965620k(10855344k free), swap 17014196k(11136708k free)
CommandLine flags: -XX:InitialHeapSize=2147483648 -XX:MaxHeapSize=2147483648 -XX:+PrintGC -XX:+PrintGCApplicationConcurrentTime -XX:+PrintGCApplicationStoppedTime -XX:+PrintGCDateStamps -XX:+PrintGCDetails -XX:+PrintGCTimeStamps -XX:+UnlockExperimentalVMOptions -XX:+UseCompressedClassPointers -XX:+UseCompressedOops -XX:+UseG1GC -XX:-UseLargePagesIndividualAllocation 
2024-10-11T20:40:36.837+0300: 0.089: Application time: 0.0174053 seconds
2024-10-11T20:40:36.837+0300: 0.089: Total time for which application threads were stopped: 0.0000945 seconds, Stopping threads took: 0.0000318 seconds
2024-10-11T20:40:36.852+0300: 0.097: Application time: 0.0079012 seconds
2024-10-11T20:40:36.852+0300: 0.097: Total time for which application threads were stopped: 0.0000691 seconds, Stopping threads took: 0.0000217 seconds
2024-10-11T20:40:37.025+0300: 0.270: Application time: 0.1731241 seconds
2024-10-11T20:40:37.025+0300: 0.270: [Full GC (System.gc())  12288K->3705K(2048M), 0.0212294 secs]
   [Eden: 12288.0K(102.0M)->0.0B(102.0M) Survivors: 0.0B->0.0B Heap: 12288.0K(2048.0M)->3705.2K(2048.0M)], [Metaspace: 7062K->7062K(1056768K)]
 [Times: user=0.01 sys=0.00, real=0.02 secs] 
2024-10-11T20:40:37.041+0300: 0.292: Total time for which application threads were stopped: 0.0214457 seconds, Stopping threads took: 0.0000311 seconds
2024-10-11T20:40:37.041+0300: 0.292: Application time: 0.0001078 seconds
2024-10-11T20:40:37.041+0300: 0.292: [Full GC (System.gc())  3705K->3705K(2048M), 0.0145960 secs]
   [Eden: 0.0B(102.0M)->0.0B(102.0M) Survivors: 0.0B->0.0B Heap: 3705.2K(2048.0M)->3705.2K(2048.0M)], [Metaspace: 7062K->7062K(1056768K)]
 [Times: user=0.00 sys=0.00, real=0.02 secs] 
2024-10-11T20:40:37.056+0300: 0.307: Total time for which application threads were stopped: 0.0147711 seconds, Stopping threads took: 0.0000546 seconds
2024-10-11T20:40:38.062+0300: 1.307: Application time: 0.9999731 seconds
2024-10-11T20:40:38.062+0300: 1.307: Total time for which application threads were stopped: 0.0002213 seconds, Stopping threads took: 0.0001650 seconds
2024-10-11T20:40:40.860+0300: 4.105: Application time: 2.7982168 seconds
2024-10-11T20:40:40.860+0300: 4.105: Total time for which application threads were stopped: 0.0002663 seconds, Stopping threads took: 0.0002018 seconds
2024-10-11T20:40:49.002+0300: 12.253: Application time: 8.1476187 seconds
2024-10-11T20:40:52.882+0300: 16.127: [GC pause (G1 Humongous Allocation) (young) (initial-mark), 0.0102875 secs]
   [Parallel Time: 5.1 ms, GC Workers: 6]
      [GC Worker Start (ms): Min: 16128.3, Avg: 16128.4, Max: 16128.4, Diff: 0.1]
      [Ext Root Scanning (ms): Min: 0.3, Avg: 0.4, Max: 0.4, Diff: 0.1, Sum: 2.3]
      [Update RS (ms): Min: 4.4, Avg: 4.5, Max: 4.5, Diff: 0.1, Sum: 26.8]
         [Processed Buffers: Min: 101, Avg: 106.8, Max: 112, Diff: 11, Sum: 641]
      [Scan RS (ms): Min: 0.0, Avg: 0.0, Max: 0.0, Diff: 0.0, Sum: 0.1]
      [Code Root Scanning (ms): Min: 0.0, Avg: 0.0, Max: 0.0, Diff: 0.0, Sum: 0.0]
      [Object Copy (ms): Min: 0.0, Avg: 0.0, Max: 0.1, Diff: 0.0, Sum: 0.2]
      [Termination (ms): Min: 0.0, Avg: 0.0, Max: 0.0, Diff: 0.0, Sum: 0.2]
         [Termination Attempts: Min: 1, Avg: 2.3, Max: 3, Diff: 2, Sum: 14]
      [GC Worker Other (ms): Min: 0.0, Avg: 0.0, Max: 0.1, Diff: 0.0, Sum: 0.2]
      [GC Worker Total (ms): Min: 4.9, Avg: 5.0, Max: 5.0, Diff: 0.1, Sum: 29.7]
      [GC Worker End (ms): Min: 16133.3, Avg: 16133.3, Max: 16133.3, Diff: 0.0]
   [Code Root Fixup: 0.0 ms]
   [Code Root Purge: 0.0 ms]
   [Clear CT: 0.1 ms]
   [Other: 5.1 ms]
      [Choose CSet: 0.0 ms]
      [Ref Proc: 0.1 ms]
      [Ref Enq: 0.0 ms]
      [Redirty Cards: 0.1 ms]
      [Humongous Register: 0.0 ms]
      [Humongous Reclaim: 3.1 ms]
      [Free CSet: 0.0 ms]
   [Eden: 6144.0K(102.0M)->0.0B(101.0M) Survivors: 0.0B->1024.0K Heap: 885.0M(2048.0M)->88364.4K(2048.0M)]
 [Times: user=0.00 sys=0.00, real=0.00 secs] 
2024-10-11T20:40:52.882+0300: 16.137: Total time for which application threads were stopped: 3.8842017 seconds, Stopping threads took: 3.8736046 seconds
2024-10-11T20:40:52.882+0300: 16.137: [GC concurrent-root-region-scan-start]
2024-10-11T20:40:52.882+0300: 16.137: Application time: 0.0001164 seconds
2024-10-11T20:40:52.882+0300: 16.137: Total time for which application threads were stopped: 0.0001562 seconds, Stopping threads took: 0.0001178 seconds
2024-10-11T20:40:52.882+0300: 16.138: [GC concurrent-root-region-scan-end, 0.0003997 secs]
2024-10-11T20:40:52.882+0300: 16.138: [GC concurrent-mark-start]
2024-10-11T20:40:52.882+0300: 16.142: [GC concurrent-mark-end, 0.0039510 secs]
2024-10-11T20:40:52.882+0300: 16.142: Application time: 0.0045491 seconds
2024-10-11T20:40:52.913+0300: 16.158: [GC remark 2024-10-11T20:40:52.913+0300: 16.158: [Finalize Marking, 0.0003205 secs] 2024-10-11T20:40:52.913+0300: 16.158: [GC ref-proc, 0.0001544 secs] 2024-10-11T20:40:52.913+0300: 16.158: [Unloading, 0.0010896 secs], 0.0020165 secs]
 [Times: user=0.00 sys=0.00, real=0.00 secs] 
2024-10-11T20:40:52.913+0300: 16.160: Total time for which application threads were stopped: 0.0179483 seconds, Stopping threads took: 0.0158522 seconds
2024-10-11T20:40:52.913+0300: 16.160: Application time: 0.0000582 seconds
2024-10-11T20:40:52.929+0300: 16.174: [GC cleanup 172M->172M(2048M), 0.0013112 secs]
 [Times: user=0.00 sys=0.00, real=0.00 secs] 
2024-10-11T20:40:52.929+0300: 16.175: Total time for which application threads were stopped: 0.0152520 seconds, Stopping threads took: 0.0137998 seconds
2024-10-11T20:40:58.962+0300: 22.207: Application time: 6.0318777 seconds
2024-10-11T20:40:59.951+0300: 23.196: Total time for which application threads were stopped: 0.9890668 seconds, Stopping threads took: 0.9889775 seconds
2024-10-11T20:40:59.951+0300: 23.200: Application time: 0.0041541 seconds
2024-10-11T20:40:59.951+0300: 23.201: Total time for which application threads were stopped: 0.0003919 seconds, Stopping threads took: 0.0003627 seconds
2024-10-11T20:41:29.216+0300: 52.464: Application time: 29.2628777 seconds
2024-10-11T20:41:31.589+0300: 54.834: [GC pause (G1 Humongous Allocation) (young), 0.0031013 secs]
   [Parallel Time: 0.9 ms, GC Workers: 6]
      [GC Worker Start (ms): Min: 54834.5, Avg: 54834.5, Max: 54834.6, Diff: 0.1]
      [Ext Root Scanning (ms): Min: 0.2, Avg: 0.2, Max: 0.3, Diff: 0.1, Sum: 1.4]
      [Update RS (ms): Min: 0.4, Avg: 0.4, Max: 0.4, Diff: 0.0, Sum: 2.4]
         [Processed Buffers: Min: 6, Avg: 10.0, Max: 15, Diff: 9, Sum: 60]
      [Scan RS (ms): Min: 0.0, Avg: 0.0, Max: 0.0, Diff: 0.0, Sum: 0.1]
      [Code Root Scanning (ms): Min: 0.0, Avg: 0.0, Max: 0.0, Diff: 0.0, Sum: 0.0]
      [Object Copy (ms): Min: 0.0, Avg: 0.0, Max: 0.1, Diff: 0.0, Sum: 0.3]
      [Termination (ms): Min: 0.0, Avg: 0.0, Max: 0.0, Diff: 0.0, Sum: 0.0]
         [Termination Attempts: Min: 1, Avg: 1.2, Max: 2, Diff: 1, Sum: 7]
      [GC Worker Other (ms): Min: 0.0, Avg: 0.0, Max: 0.0, Diff: 0.0, Sum: 0.1]
      [GC Worker Total (ms): Min: 0.6, Avg: 0.7, Max: 0.7, Diff: 0.1, Sum: 4.1]
      [GC Worker End (ms): Min: 54835.2, Avg: 54835.2, Max: 54835.2, Diff: 0.0]
   [Code Root Fixup: 0.0 ms]
   [Code Root Purge: 0.0 ms]
   [Clear CT: 0.2 ms]
   [Other: 2.0 ms]
      [Choose CSet: 0.0 ms]
      [Ref Proc: 0.1 ms]
      [Ref Enq: 0.0 ms]
      [Redirty Cards: 0.2 ms]
      [Humongous Register: 0.1 ms]
      [Humongous Reclaim: 1.3 ms]
      [Free CSet: 0.0 ms]
   [Eden: 7168.0K(101.0M)->0.0B(101.0M) Survivors: 1024.0K->1024.0K Heap: 1948.0M(2048.0M)->7078.9K(2048.0M)]
 [Times: user=0.00 sys=0.00, real=0.00 secs] 
2024-10-11T20:41:31.589+0300: 54.837: Total time for which application threads were stopped: 2.3737174 seconds, Stopping threads took: 2.3703019 seconds
2024-10-11T20:41:43.468+0300: 66.720: Application time: 11.8829027 seconds
2024-10-11T20:41:47.128+0300: 70.373: [GC pause (G1 Humongous Allocation) (young) (initial-mark), 0.0039243 secs]
   [Parallel Time: 2.2 ms, GC Workers: 6]
      [GC Worker Start (ms): Min: 70373.4, Avg: 70373.5, Max: 70373.6, Diff: 0.2]
      [Ext Root Scanning (ms): Min: 0.4, Avg: 0.5, Max: 0.6, Diff: 0.2, Sum: 2.8]
      [Update RS (ms): Min: 1.3, Avg: 1.3, Max: 1.4, Diff: 0.0, Sum: 8.1]
         [Processed Buffers: Min: 24, Avg: 29.2, Max: 36, Diff: 12, Sum: 175]
      [Scan RS (ms): Min: 0.0, Avg: 0.0, Max: 0.0, Diff: 0.0, Sum: 0.1]
      [Code Root Scanning (ms): Min: 0.0, Avg: 0.0, Max: 0.0, Diff: 0.0, Sum: 0.0]
      [Object Copy (ms): Min: 0.0, Avg: 0.1, Max: 0.1, Diff: 0.1, Sum: 0.5]
      [Termination (ms): Min: 0.0, Avg: 0.0, Max: 0.0, Diff: 0.0, Sum: 0.0]
         [Termination Attempts: Min: 1, Avg: 1.0, Max: 1, Diff: 0, Sum: 6]
      [GC Worker Other (ms): Min: 0.0, Avg: 0.0, Max: 0.0, Diff: 0.0, Sum: 0.1]
      [GC Worker Total (ms): Min: 1.9, Avg: 1.9, Max: 2.0, Diff: 0.2, Sum: 11.5]
      [GC Worker End (ms): Min: 70375.4, Avg: 70375.4, Max: 70375.4, Diff: 0.0]
   [Code Root Fixup: 0.0 ms]
   [Code Root Purge: 0.0 ms]
   [Clear CT: 0.1 ms]
   [Other: 1.6 ms]
      [Choose CSet: 0.0 ms]
      [Ref Proc: 0.2 ms]
      [Ref Enq: 0.0 ms]
      [Redirty Cards: 0.1 ms]
      [Humongous Register: 0.1 ms]
      [Humongous Reclaim: 0.5 ms]
      [Free CSet: 0.0 ms]
   [Eden: 3072.0K(101.0M)->0.0B(101.0M) Survivors: 1024.0K->1024.0K Heap: 882.1M(2048.0M)->88303.8K(2048.0M)]
 [Times: user=0.00 sys=0.00, real=0.00 secs] 
2024-10-11T20:41:47.128+0300: 70.377: Total time for which application threads were stopped: 3.6563916 seconds, Stopping threads took: 3.6522350 seconds
2024-10-11T20:41:47.128+0300: 70.377: [GC concurrent-root-region-scan-start]
2024-10-11T20:41:47.128+0300: 70.377: [GC concurrent-root-region-scan-end, 0.0003041 secs]
2024-10-11T20:41:47.128+0300: 70.377: [GC concurrent-mark-start]
2024-10-11T20:41:47.128+0300: 70.383: [GC concurrent-mark-end, 0.0061468 secs]
2024-10-11T20:41:47.159+0300: 70.411: Application time: 0.0343614 seconds
2024-10-11T20:41:49.451+0300: 72.696: [GC remark 2024-10-11T20:41:49.451+0300: 72.696: [Finalize Marking, 0.0012667 secs] 2024-10-11T20:41:49.451+0300: 72.697: [GC ref-proc, 0.0000798 secs] 2024-10-11T20:41:49.451+0300: 72.697: [Unloading, 0.0010160 secs], 0.0027544 secs]
 [Times: user=0.00 sys=0.00, real=0.00 secs] 
2024-10-11T20:41:49.451+0300: 72.698: Total time for which application threads were stopped: 2.2873747 seconds, Stopping threads took: 2.2845437 seconds
2024-10-11T20:41:49.459+0300: 72.706: Application time: 0.0078601 seconds
2024-10-11T20:41:49.459+0300: 72.707: [GC cleanup 301M->301M(2048M), 0.0010658 secs]
 [Times: user=0.00 sys=0.00, real=0.00 secs] 
2024-10-11T20:41:49.459+0300: 72.708: Total time for which application threads were stopped: 0.0019060 seconds, Stopping threads took: 0.0007562 seconds
2024-10-11T20:42:24.309+0300: 107.562: Application time: 34.8533965 seconds
2024-10-11T20:42:26.288+0300: 109.533: [GC pause (G1 Humongous Allocation) (young), 0.0031774 secs]
   [Parallel Time: 1.1 ms, GC Workers: 6]
      [GC Worker Start (ms): Min: 109533.8, Avg: 109533.9, Max: 109533.9, Diff: 0.1]
      [Ext Root Scanning (ms): Min: 0.2, Avg: 0.3, Max: 0.3, Diff: 0.1, Sum: 1.6]
      [Update RS (ms): Min: 0.5, Avg: 0.5, Max: 0.5, Diff: 0.0, Sum: 2.9]
         [Processed Buffers: Min: 8, Avg: 10.7, Max: 14, Diff: 6, Sum: 64]
      [Scan RS (ms): Min: 0.0, Avg: 0.0, Max: 0.0, Diff: 0.0, Sum: 0.1]
      [Code Root Scanning (ms): Min: 0.0, Avg: 0.0, Max: 0.0, Diff: 0.0, Sum: 0.0]
      [Object Copy (ms): Min: 0.0, Avg: 0.0, Max: 0.1, Diff: 0.1, Sum: 0.3]
      [Termination (ms): Min: 0.0, Avg: 0.0, Max: 0.0, Diff: 0.0, Sum: 0.1]
         [Termination Attempts: Min: 1, Avg: 1.3, Max: 2, Diff: 1, Sum: 8]
      [GC Worker Other (ms): Min: 0.0, Avg: 0.0, Max: 0.0, Diff: 0.0, Sum: 0.1]
      [GC Worker Total (ms): Min: 0.8, Avg: 0.8, Max: 0.9, Diff: 0.2, Sum: 5.0]
      [GC Worker End (ms): Min: 109534.7, Avg: 109534.7, Max: 109534.7, Diff: 0.0]
   [Code Root Fixup: 0.0 ms]
   [Code Root Purge: 0.0 ms]
   [Clear CT: 0.2 ms]
   [Other: 1.9 ms]
      [Choose CSet: 0.0 ms]
      [Ref Proc: 0.1 ms]
      [Ref Enq: 0.0 ms]
      [Redirty Cards: 0.2 ms]
      [Humongous Register: 0.1 ms]
      [Humongous Reclaim: 1.2 ms]
      [Free CSet: 0.0 ms]
   [Eden: 5120.0K(101.0M)->0.0B(206.0M) Survivors: 1024.0K->1024.0K Heap: 1945.8M(2048.0M)->7067.5K(2048.0M)]
 [Times: user=0.00 sys=0.00, real=0.00 secs] 
2024-10-11T20:42:26.288+0300: 109.537: Total time for which application threads were stopped: 1.9752258 seconds, Stopping threads took: 1.9716612 seconds
2024-10-11T20:42:32.323+0300: 115.568: Application time: 6.0310863 seconds
2024-10-11T20:42:38.027+0300: 121.272: Total time for which application threads were stopped: 5.7039827 seconds, Stopping threads took: 5.7038710 seconds
2024-10-11T20:42:38.058+0300: 121.308: Application time: 0.0366178 seconds
2024-10-11T20:42:38.074+0300: 121.319: [GC pause (G1 Humongous Allocation) (young) (initial-mark), 0.0130510 secs]
   [Parallel Time: 9.9 ms, GC Workers: 6]
      [GC Worker Start (ms): Min: 121321.2, Avg: 121321.2, Max: 121321.3, Diff: 0.1]
      [Ext Root Scanning (ms): Min: 0.4, Avg: 0.4, Max: 0.5, Diff: 0.1, Sum: 2.5]
      [Update RS (ms): Min: 9.2, Avg: 9.2, Max: 9.3, Diff: 0.1, Sum: 55.4]
         [Processed Buffers: Min: 211, Avg: 219.5, Max: 226, Diff: 15, Sum: 1317]
      [Scan RS (ms): Min: 0.0, Avg: 0.0, Max: 0.0, Diff: 0.0, Sum: 0.0]
      [Code Root Scanning (ms): Min: 0.0, Avg: 0.0, Max: 0.0, Diff: 0.0, Sum: 0.0]
      [Object Copy (ms): Min: 0.0, Avg: 0.1, Max: 0.1, Diff: 0.1, Sum: 0.5]
      [Termination (ms): Min: 0.0, Avg: 0.0, Max: 0.0, Diff: 0.0, Sum: 0.0]
         [Termination Attempts: Min: 1, Avg: 1.0, Max: 1, Diff: 0, Sum: 6]
      [GC Worker Other (ms): Min: 0.0, Avg: 0.0, Max: 0.0, Diff: 0.0, Sum: 0.1]
      [GC Worker Total (ms): Min: 9.7, Avg: 9.8, Max: 9.8, Diff: 0.1, Sum: 58.5]
      [GC Worker End (ms): Min: 121331.0, Avg: 121331.0, Max: 121331.0, Diff: 0.0]
   [Code Root Fixup: 0.0 ms]
   [Code Root Purge: 0.0 ms]
   [Clear CT: 0.1 ms]
   [Other: 3.1 ms]
      [Choose CSet: 0.0 ms]
      [Ref Proc: 0.1 ms]
      [Ref Enq: 0.0 ms]
      [Redirty Cards: 0.1 ms]
      [Humongous Register: 0.0 ms]
      [Humongous Reclaim: 0.4 ms]
      [Free CSet: 0.0 ms]
   [Eden: 4096.0K(206.0M)->0.0B(101.0M) Survivors: 1024.0K->1024.0K Heap: 880.4M(2048.0M)->282.3M(2048.0M)]
 [Times: user=0.00 sys=0.00, real=0.01 secs] 
2024-10-11T20:42:38.083+0300: 2024-10-11T20:42:38.083+0300: 121.332: Total time for which application threads were stopped: 0.0233593 seconds, Stopping threads took: 0.0100757 seconds
121.332: [GC concurrent-root-region-scan-start]
2024-10-11T20:42:38.083+0300: 121.333: [GC concurrent-root-region-scan-end, 0.0007379 secs]
2024-10-11T20:42:38.083+0300: 121.333: [GC concurrent-mark-start]
2024-10-11T20:42:38.090+0300: 121.336: [GC concurrent-mark-end, 0.0033623 secs]
2024-10-11T20:42:38.090+0300: 121.338: Application time: 0.0057380 seconds
2024-10-11T20:42:39.863+0300: 123.109: [GC remark 2024-10-11T20:42:39.863+0300: 123.109: [Finalize Marking, 0.0004852 secs] 2024-10-11T20:42:39.863+0300: 123.109: [GC ref-proc, 0.0000803 secs] 2024-10-11T20:42:39.863+0300: 123.109: [Unloading, 0.0017215 secs], 0.0029443 secs]
 [Times: user=0.00 sys=0.00, real=0.00 secs] 
2024-10-11T20:42:39.863+0300: 123.112: Total time for which application threads were stopped: 1.7739371 seconds, Stopping threads took: 1.7708810 seconds
2024-10-11T20:42:39.863+0300: 123.112: Application time: 0.0008539 seconds
2024-10-11T20:42:41.622+0300: 124.867: [GC cleanup 301M->301M(2048M), 0.0017650 secs]
 [Times: user=0.00 sys=0.00, real=0.00 secs] 
2024-10-11T20:42:41.622+0300: 124.869: Total time for which application threads were stopped: 1.7562455 seconds, Stopping threads took: 1.7543689 seconds
2024-10-11T20:42:42.627+0300: 125.872: Application time: 1.0029112 seconds
2024-10-11T20:42:47.468+0300: 130.713: Total time for which application threads were stopped: 4.8416971 seconds, Stopping threads took: 4.8416004 seconds
2024-10-11T20:42:53.503+0300: 136.748: Application time: 6.0349732 seconds
2024-10-11T20:42:59.240+0300: 142.485: Total time for which application threads were stopped: 5.7369634 seconds, Stopping threads took: 5.7368675 seconds
2024-10-11T20:43:16.684+0300: 159.930: Application time: 17.4453194 seconds
2024-10-11T20:43:16.824+0300: 160.069: [GC pause (G1 Humongous Allocation) (young), 0.0052378 secs]
   [Parallel Time: 2.9 ms, GC Workers: 6]
      [GC Worker Start (ms): Min: 160070.2, Avg: 160070.2, Max: 160070.3, Diff: 0.1]
      [Ext Root Scanning (ms): Min: 0.3, Avg: 0.4, Max: 0.4, Diff: 0.1, Sum: 2.1]
      [Update RS (ms): Min: 2.2, Avg: 2.3, Max: 2.3, Diff: 0.0, Sum: 13.6]
         [Processed Buffers: Min: 38, Avg: 49.8, Max: 61, Diff: 23, Sum: 299]
      [Scan RS (ms): Min: 0.0, Avg: 0.0, Max: 0.0, Diff: 0.0, Sum: 0.0]
      [Code Root Scanning (ms): Min: 0.0, Avg: 0.0, Max: 0.0, Diff: 0.0, Sum: 0.0]
      [Object Copy (ms): Min: 0.0, Avg: 0.0, Max: 0.1, Diff: 0.0, Sum: 0.3]
      [Termination (ms): Min: 0.0, Avg: 0.0, Max: 0.0, Diff: 0.0, Sum: 0.0]
         [Termination Attempts: Min: 1, Avg: 1.0, Max: 1, Diff: 0, Sum: 6]
      [GC Worker Other (ms): Min: 0.0, Avg: 0.0, Max: 0.0, Diff: 0.0, Sum: 0.1]
      [GC Worker Total (ms): Min: 2.6, Avg: 2.7, Max: 2.7, Diff: 0.1, Sum: 16.1]
      [GC Worker End (ms): Min: 160072.9, Avg: 160072.9, Max: 160072.9, Diff: 0.0]
   [Code Root Fixup: 0.0 ms]
   [Code Root Purge: 0.0 ms]
   [Clear CT: 0.2 ms]
   [Other: 2.2 ms]
      [Choose CSet: 0.0 ms]
      [Ref Proc: 0.2 ms]
      [Ref Enq: 0.0 ms]
      [Redirty Cards: 0.1 ms]
      [Humongous Register: 0.1 ms]
      [Humongous Reclaim: 1.2 ms]
      [Free CSet: 0.0 ms]
   [Eden: 4096.0K(101.0M)->0.0B(156.0M) Survivors: 1024.0K->1024.0K Heap: 1928.9M(2048.0M)->41425.6K(2048.0M)]
 [Times: user=0.00 sys=0.00, real=0.00 secs] 
2024-10-11T20:43:16.824+0300: 160.075: Total time for which application threads were stopped: 0.1444266 seconds, Stopping threads took: 0.1387632 seconds
2024-10-11T20:43:28.674+0300: 171.921: Application time: 11.8464239 seconds
2024-10-11T20:43:32.348+0300: 175.593: [GC pause (G1 Humongous Allocation) (young) (initial-mark), 0.0064176 secs]
   [Parallel Time: 4.1 ms, GC Workers: 6]
      [GC Worker Start (ms): Min: 175595.1, Avg: 175595.1, Max: 175595.2, Diff: 0.1]
      [Ext Root Scanning (ms): Min: 0.2, Avg: 0.3, Max: 0.3, Diff: 0.1, Sum: 1.8]
      [Update RS (ms): Min: 3.0, Avg: 3.0, Max: 3.1, Diff: 0.0, Sum: 18.3]
         [Processed Buffers: Min: 67, Avg: 69.8, Max: 73, Diff: 6, Sum: 419]
      [Scan RS (ms): Min: 0.0, Avg: 0.0, Max: 0.0, Diff: 0.0, Sum: 0.0]
      [Code Root Scanning (ms): Min: 0.0, Avg: 0.0, Max: 0.0, Diff: 0.0, Sum: 0.0]
      [Object Copy (ms): Min: 0.0, Avg: 0.1, Max: 0.1, Diff: 0.0, Sum: 0.3]
      [Termination (ms): Min: 0.0, Avg: 0.0, Max: 0.0, Diff: 0.0, Sum: 0.0]
         [Termination Attempts: Min: 1, Avg: 2.5, Max: 4, Diff: 3, Sum: 15]
      [GC Worker Other (ms): Min: 0.0, Avg: 0.0, Max: 0.0, Diff: 0.0, Sum: 0.1]
      [GC Worker Total (ms): Min: 3.4, Avg: 3.4, Max: 3.5, Diff: 0.1, Sum: 20.5]
      [GC Worker End (ms): Min: 175598.5, Avg: 175598.5, Max: 175598.5, Diff: 0.0]
   [Code Root Fixup: 0.0 ms]
   [Code Root Purge: 0.0 ms]
   [Clear CT: 0.2 ms]
   [Other: 2.2 ms]
      [Choose CSet: 0.0 ms]
      [Ref Proc: 0.1 ms]
      [Ref Enq: 0.0 ms]
      [Redirty Cards: 0.2 ms]
      [Humongous Register: 0.1 ms]
      [Humongous Reclaim: 0.5 ms]
      [Free CSet: 0.0 ms]
   [Eden: 3072.0K(156.0M)->0.0B(142.0M) Survivors: 1024.0K->1024.0K Heap: 882.7M(2048.0M)->88306.0K(2048.0M)]
 [Times: user=0.00 sys=0.00, real=0.00 secs] 
2024-10-11T20:43:32.348+0300: 175.600: Total time for which application threads were stopped: 3.6783598 seconds, Stopping threads took: 3.6717087 seconds
2024-10-11T20:43:32.348+0300: 175.600: [GC concurrent-root-region-scan-start]
2024-10-11T20:43:32.348+0300: 175.601: [GC concurrent-root-region-scan-end, 0.0009330 secs]
2024-10-11T20:43:32.348+0300: 175.601: [GC concurrent-mark-start]
2024-10-11T20:43:32.348+0300: 175.607: [GC concurrent-mark-end, 0.0046376 secs]
2024-10-11T20:43:32.379+0300: 175.631: Application time: 0.0313330 seconds
2024-10-11T20:43:34.640+0300: 177.885: [GC remark 2024-10-11T20:43:34.640+0300: 177.885: [Finalize Marking, 0.0014702 secs] 2024-10-11T20:43:34.640+0300: 177.887: [GC ref-proc, 0.0001345 secs] 2024-10-11T20:43:34.640+0300: 177.887: [Unloading, 0.0010982 secs], 0.0032056 secs]
 [Times: user=0.00 sys=0.00, real=0.00 secs] 
2024-10-11T20:43:34.640+0300: 177.889: Total time for which application threads were stopped: 2.2575192 seconds, Stopping threads took: 2.2542030 seconds
2024-10-11T20:43:34.640+0300: 177.890: Application time: 0.0012170 seconds
2024-10-11T20:43:36.399+0300: 179.643: [GC cleanup 287M->287M(2048M), 0.0017218 secs]
 [Times: user=0.00 sys=0.00, real=0.00 secs] 
2024-10-11T20:43:36.399+0300: 179.645: Total time for which application threads were stopped: 1.7553510 seconds, Stopping threads took: 1.7535094 seconds
2024-10-11T20:43:48.469+0300: 191.714: Application time: 12.0684486 seconds
2024-10-11T20:43:53.969+0300: 197.214: Total time for which application threads were stopped: 5.5000687 seconds, Stopping threads took: 5.5000204 seconds
2024-10-11T20:44:00.003+0300: 203.248: Application time: 6.0344934 seconds
2024-10-11T20:44:05.708+0300: 208.952: Total time for which application threads were stopped: 5.7041018 seconds, Stopping threads took: 5.7040437 seconds
2024-10-11T20:44:11.522+0300: 214.768: Application time: 5.8155246 seconds
2024-10-11T20:44:11.600+0300: 214.846: [GC pause (G1 Humongous Allocation) (young), 0.0040688 secs]
   [Parallel Time: 1.3 ms, GC Workers: 6]
      [GC Worker Start (ms): Min: 214845.9, Avg: 214846.0, Max: 214846.0, Diff: 0.1]
      [Ext Root Scanning (ms): Min: 0.3, Avg: 0.4, Max: 0.4, Diff: 0.1, Sum: 2.2]
      [Update RS (ms): Min: 0.5, Avg: 0.5, Max: 0.6, Diff: 0.0, Sum: 3.3]
         [Processed Buffers: Min: 9, Avg: 10.7, Max: 12, Diff: 3, Sum: 64]
      [Scan RS (ms): Min: 0.0, Avg: 0.0, Max: 0.0, Diff: 0.0, Sum: 0.0]
      [Code Root Scanning (ms): Min: 0.0, Avg: 0.0, Max: 0.1, Diff: 0.1, Sum: 0.1]
      [Object Copy (ms): Min: 0.0, Avg: 0.1, Max: 0.1, Diff: 0.1, Sum: 0.6]
      [Termination (ms): Min: 0.0, Avg: 0.0, Max: 0.0, Diff: 0.0, Sum: 0.0]
         [Termination Attempts: Min: 1, Avg: 1.3, Max: 2, Diff: 1, Sum: 8]
      [GC Worker Other (ms): Min: 0.0, Avg: 0.0, Max: 0.0, Diff: 0.0, Sum: 0.1]
      [GC Worker Total (ms): Min: 1.0, Avg: 1.1, Max: 1.1, Diff: 0.1, Sum: 6.3]
      [GC Worker End (ms): Min: 214847.0, Avg: 214847.0, Max: 214847.0, Diff: 0.0]
   [Code Root Fixup: 0.0 ms]
   [Code Root Purge: 0.0 ms]
   [Clear CT: 0.2 ms]
   [Other: 2.6 ms]
      [Choose CSet: 0.0 ms]
      [Ref Proc: 0.2 ms]
      [Ref Enq: 0.0 ms]
      [Redirty Cards: 0.2 ms]
      [Humongous Register: 0.1 ms]
      [Humongous Reclaim: 1.9 ms]
      [Free CSet: 0.0 ms]
   [Eden: 4096.0K(142.0M)->0.0B(216.0M) Survivors: 1024.0K->1024.0K Heap: 1944.9M(2048.0M)->7061.6K(2048.0M)]
 [Times: user=0.00 sys=0.00, real=0.00 secs] 
2024-10-11T20:44:11.600+0300: 214.850: Total time for which application threads were stopped: 0.0818904 seconds, Stopping threads took: 0.0774633 seconds
2024-10-11T20:44:23.481+0300: 226.731: Application time: 11.8815410 seconds
2024-10-11T20:44:28.147+0300: 231.393: [GC pause (G1 Humongous Allocation) (young) (initial-mark), 0.0029075 secs]
   [Parallel Time: 1.3 ms, GC Workers: 6]
      [GC Worker Start (ms): Min: 231393.1, Avg: 231393.2, Max: 231393.2, Diff: 0.2]
      [Ext Root Scanning (ms): Min: 0.2, Avg: 0.3, Max: 0.4, Diff: 0.2, Sum: 1.8]
      [Update RS (ms): Min: 0.6, Avg: 0.6, Max: 0.6, Diff: 0.0, Sum: 3.7]
         [Processed Buffers: Min: 11, Avg: 12.8, Max: 15, Diff: 4, Sum: 77]
      [Scan RS (ms): Min: 0.0, Avg: 0.0, Max: 0.0, Diff: 0.0, Sum: 0.0]
      [Code Root Scanning (ms): Min: 0.0, Avg: 0.0, Max: 0.0, Diff: 0.0, Sum: 0.0]
      [Object Copy (ms): Min: 0.1, Avg: 0.1, Max: 0.1, Diff: 0.0, Sum: 0.4]
      [Termination (ms): Min: 0.0, Avg: 0.0, Max: 0.0, Diff: 0.0, Sum: 0.0]
         [Termination Attempts: Min: 1, Avg: 1.2, Max: 2, Diff: 1, Sum: 7]
      [GC Worker Other (ms): Min: 0.0, Avg: 0.0, Max: 0.0, Diff: 0.0, Sum: 0.1]
      [GC Worker Total (ms): Min: 0.9, Avg: 1.0, Max: 1.1, Diff: 0.2, Sum: 6.0]
      [GC Worker End (ms): Min: 231394.2, Avg: 231394.2, Max: 231394.2, Diff: 0.0]
   [Code Root Fixup: 0.0 ms]
   [Code Root Purge: 0.0 ms]
   [Clear CT: 0.2 ms]
   [Other: 1.4 ms]
      [Choose CSet: 0.0 ms]
      [Ref Proc: 0.2 ms]
      [Ref Enq: 0.0 ms]
      [Redirty Cards: 0.2 ms]
      [Humongous Register: 0.1 ms]
      [Humongous Reclaim: 0.5 ms]
      [Free CSet: 0.0 ms]
   [Eden: 3072.0K(216.0M)->0.0B(180.0M) Survivors: 1024.0K->1024.0K Heap: 852.9M(2048.0M)->7058.9K(2048.0M)]
 [Times: user=0.00 sys=0.00, real=0.00 secs] 
2024-10-11T20:44:28.147+0300: 231.396: Total time for which application threads were stopped: 4.6644259 seconds, Stopping threads took: 4.6612665 seconds
2024-10-11T20:44:28.147+0300: 231.396: [GC concurrent-root-region-scan-start]
2024-10-11T20:44:28.147+0300: 231.396: [GC concurrent-root-region-scan-end, 0.0005176 secs]
2024-10-11T20:44:28.147+0300: 231.396: [GC concurrent-mark-start]
2024-10-11T20:44:28.147+0300: 231.404: [GC concurrent-mark-end, 0.0073933 secs]
2024-10-11T20:44:28.179+0300: 231.431: Application time: 0.0355576 seconds
2024-10-11T20:44:28.195+0300: 231.440: [GC remark 2024-10-11T20:44:28.195+0300: 231.440: [Finalize Marking, 0.0023794 secs] 2024-10-11T20:44:28.195+0300: 231.443: [GC ref-proc, 0.0001472 secs] 2024-10-11T20:44:28.195+0300: 231.443: [Unloading, 0.0014300 secs], 0.0043027 secs]
 [Times: user=0.00 sys=0.00, real=0.00 secs] 
2024-10-11T20:44:28.195+0300: 231.444: Total time for which application threads were stopped: 0.0131456 seconds, Stopping threads took: 0.0087225 seconds
2024-10-11T20:44:28.195+0300: 231.454: Application time: 0.0092744 seconds
2024-10-11T20:44:30.487+0300: 233.732: [GC cleanup 270M->270M(2048M), 0.0011698 secs]
 [Times: user=0.00 sys=0.00, real=0.00 secs] 
2024-10-11T20:44:30.487+0300: 233.733: Total time for which application threads were stopped: 2.2796648 seconds, Stopping threads took: 2.2783725 seconds
2024-10-11T20:44:36.522+0300: 239.767: Application time: 6.0338282 seconds
2024-10-11T20:44:42.197+0300: 245.442: Total time for which application threads were stopped: 5.6750875 seconds, Stopping threads took: 5.6749795 seconds
2024-10-11T20:44:48.234+0300: 251.478: Application time: 6.0362205 seconds
2024-10-11T20:44:53.923+0300: 257.168: Total time for which application threads were stopped: 5.6893629 seconds, Stopping threads took: 5.6892260 seconds
2024-10-11T20:44:59.958+0300: 263.202: Application time: 6.0345733 seconds
2024-10-11T20:45:05.663+0300: 268.908: Total time for which application threads were stopped: 5.7058863 seconds, Stopping threads took: 5.7057664 seconds
2024-10-11T20:45:05.663+0300: 268.911: Application time: 0.0025191 seconds
2024-10-11T20:45:05.663+0300: 268.912: [GC pause (G1 Humongous Allocation) (young), 0.0033373 secs]
   [Parallel Time: 1.4 ms, GC Workers: 6]
      [GC Worker Start (ms): Min: 268912.5, Avg: 268912.5, Max: 268912.6, Diff: 0.1]
      [Ext Root Scanning (ms): Min: 0.2, Avg: 0.3, Max: 0.3, Diff: 0.1, Sum: 1.8]
      [Update RS (ms): Min: 0.7, Avg: 0.7, Max: 0.8, Diff: 0.0, Sum: 4.5]
         [Processed Buffers: Min: 13, Avg: 14.2, Max: 15, Diff: 2, Sum: 85]
      [Scan RS (ms): Min: 0.0, Avg: 0.0, Max: 0.0, Diff: 0.0, Sum: 0.0]
      [Code Root Scanning (ms): Min: 0.0, Avg: 0.0, Max: 0.0, Diff: 0.0, Sum: 0.0]
      [Object Copy (ms): Min: 0.1, Avg: 0.1, Max: 0.1, Diff: 0.1, Sum: 0.6]
      [Termination (ms): Min: 0.0, Avg: 0.0, Max: 0.0, Diff: 0.0, Sum: 0.0]
         [Termination Attempts: Min: 1, Avg: 1.3, Max: 2, Diff: 1, Sum: 8]
      [GC Worker Other (ms): Min: 0.0, Avg: 0.0, Max: 0.0, Diff: 0.0, Sum: 0.1]
      [GC Worker Total (ms): Min: 1.1, Avg: 1.2, Max: 1.2, Diff: 0.1, Sum: 7.1]
      [GC Worker End (ms): Min: 268913.7, Avg: 268913.7, Max: 268913.7, Diff: 0.0]
   [Code Root Fixup: 0.0 ms]
   [Code Root Purge: 0.0 ms]
   [Clear CT: 0.2 ms]
   [Other: 1.8 ms]
      [Choose CSet: 0.0 ms]
      [Ref Proc: 0.1 ms]
      [Ref Enq: 0.0 ms]
      [Redirty Cards: 0.2 ms]
      [Humongous Register: 0.1 ms]
      [Humongous Reclaim: 1.2 ms]
      [Free CSet: 0.0 ms]
   [Eden: 6144.0K(180.0M)->0.0B(244.0M) Survivors: 1024.0K->1024.0K Heap: 1940.1M(2048.0M)->50790.1K(2048.0M)]
 [Times: user=0.00 sys=0.00, real=0.00 secs] 
2024-10-11T20:45:05.663+0300: 268.916: Total time for which application threads were stopped: 0.0048958 seconds, Stopping threads took: 0.0013187 seconds
2024-10-11T20:45:10.376+0300: 273.625: Application time: 4.7092291 seconds
2024-10-11T20:45:10.517+0300: 273.762: Total time for which application threads were stopped: 0.1374371 seconds, Stopping threads took: 0.1373243 seconds
2024-10-11T20:45:10.517+0300: 273.763: Application time: 0.0004783 seconds
2024-10-11T20:45:10.517+0300: 273.763: Total time for which application threads were stopped: 0.0002613 seconds, Stopping threads took: 0.0002332 seconds
2024-10-11T20:45:10.517+0300: 273.763: Application time: 0.0001385 seconds
2024-10-11T20:45:10.517+0300: 273.763: Total time for which application threads were stopped: 0.0000600 seconds, Stopping threads took: 0.0000393 seconds
2024-10-11T20:45:10.517+0300: 273.771: Application time: 0.0079378 seconds
2024-10-11T20:45:10.517+0300: 273.772: Total time for which application threads were stopped: 0.0003435 seconds, Stopping threads took: 0.0003193 seconds
2024-10-11T20:45:22.145+0300: 285.397: Application time: 11.6256374 seconds
2024-10-11T20:45:22.271+0300: 285.516: [GC pause (G1 Humongous Allocation) (young) (initial-mark), 0.0033169 secs]
   [Parallel Time: 1.6 ms, GC Workers: 6]
      [GC Worker Start (ms): Min: 285516.2, Avg: 285516.2, Max: 285516.3, Diff: 0.1]
      [Ext Root Scanning (ms): Min: 0.4, Avg: 0.5, Max: 0.6, Diff: 0.1, Sum: 3.0]
      [Update RS (ms): Min: 0.7, Avg: 0.7, Max: 0.7, Diff: 0.0, Sum: 4.1]
         [Processed Buffers: Min: 11, Avg: 14.2, Max: 17, Diff: 6, Sum: 85]
      [Scan RS (ms): Min: 0.0, Avg: 0.0, Max: 0.0, Diff: 0.0, Sum: 0.0]
      [Code Root Scanning (ms): Min: 0.0, Avg: 0.0, Max: 0.1, Diff: 0.1, Sum: 0.1]
      [Object Copy (ms): Min: 0.1, Avg: 0.1, Max: 0.2, Diff: 0.1, Sum: 0.9]
      [Termination (ms): Min: 0.0, Avg: 0.0, Max: 0.0, Diff: 0.0, Sum: 0.0]
         [Termination Attempts: Min: 1, Avg: 1.8, Max: 3, Diff: 2, Sum: 11]
      [GC Worker Other (ms): Min: 0.0, Avg: 0.0, Max: 0.0, Diff: 0.0, Sum: 0.1]
      [GC Worker Total (ms): Min: 1.3, Avg: 1.4, Max: 1.4, Diff: 0.1, Sum: 8.2]
      [GC Worker End (ms): Min: 285517.6, Avg: 285517.6, Max: 285517.6, Diff: 0.0]
   [Code Root Fixup: 0.0 ms]
   [Code Root Purge: 0.0 ms]
   [Clear CT: 0.2 ms]
   [Other: 1.5 ms]
      [Choose CSet: 0.0 ms]
      [Ref Proc: 0.2 ms]
      [Ref Enq: 0.0 ms]
      [Redirty Cards: 0.1 ms]
      [Humongous Register: 0.1 ms]
      [Humongous Reclaim: 0.7 ms]
      [Free CSet: 0.0 ms]
   [Eden: 7168.0K(244.0M)->0.0B(325.0M) Survivors: 1024.0K->1024.0K Heap: 856.4M(2048.0M)->7091.1K(2048.0M)]
 [Times: user=0.00 sys=0.00, real=0.00 secs] 
2024-10-11T20:45:22.271+0300: 285.519: Total time for which application threads were stopped: 0.1218185 seconds, Stopping threads took: 0.1182637 seconds
2024-10-11T20:45:22.271+0300: 285.519: [GC concurrent-root-region-scan-start]
2024-10-11T20:45:22.271+0300: 285.520: [GC concurrent-root-region-scan-end, 0.0006308 secs]
2024-10-11T20:45:22.271+0300: 285.520: [GC concurrent-mark-start]
2024-10-11T20:45:22.271+0300: 285.526: [GC concurrent-mark-end, 0.0053309 secs]
2024-10-11T20:45:22.302+0300: 285.547: Application time: 0.0280658 seconds
2024-10-11T20:45:22.318+0300: 285.563: [GC remark 2024-10-11T20:45:22.318+0300: 285.563: [Finalize Marking, 0.0022597 secs] 2024-10-11T20:45:22.318+0300: 285.565: [GC ref-proc, 0.0000768 secs] 2024-10-11T20:45:22.318+0300: 285.565: [Unloading, 0.0012744 secs], 0.0039520 secs]
 [Times: user=0.00 sys=0.00, real=0.00 secs] 
2024-10-11T20:45:22.318+0300: 285.567: Total time for which application threads were stopped: 0.0197812 seconds, Stopping threads took: 0.0156589 seconds
2024-10-11T20:45:22.318+0300: 285.575: Application time: 0.0083047 seconds
2024-10-11T20:45:22.318+0300: 285.576: [GC cleanup 239M->239M(2048M), 0.0008134 secs]
 [Times: user=0.00 sys=0.00, real=0.00 secs] 
2024-10-11T20:45:22.318+0300: 285.577: Total time for which application threads were stopped: 0.0013876 seconds, Stopping threads took: 0.0005219 seconds
2024-10-11T20:45:57.643+0300: 320.898: Application time: 35.3215280 seconds
2024-10-11T20:46:00.484+0300: 323.730: [GC pause (G1 Humongous Allocation) (young), 0.0045432 secs]
   [Parallel Time: 1.4 ms, GC Workers: 6]
      [GC Worker Start (ms): Min: 323730.0, Avg: 323730.1, Max: 323730.2, Diff: 0.1]
      [Ext Root Scanning (ms): Min: 0.3, Avg: 0.4, Max: 0.4, Diff: 0.1, Sum: 2.2]
      [Update RS (ms): Min: 0.6, Avg: 0.6, Max: 0.6, Diff: 0.0, Sum: 3.7]
         [Processed Buffers: Min: 10, Avg: 11.5, Max: 12, Diff: 2, Sum: 69]
      [Scan RS (ms): Min: 0.0, Avg: 0.0, Max: 0.0, Diff: 0.0, Sum: 0.0]
      [Code Root Scanning (ms): Min: 0.0, Avg: 0.0, Max: 0.0, Diff: 0.0, Sum: 0.0]
      [Object Copy (ms): Min: 0.0, Avg: 0.1, Max: 0.1, Diff: 0.1, Sum: 0.4]
      [Termination (ms): Min: 0.0, Avg: 0.0, Max: 0.0, Diff: 0.0, Sum: 0.0]
         [Termination Attempts: Min: 1, Avg: 1.0, Max: 1, Diff: 0, Sum: 6]
      [GC Worker Other (ms): Min: 0.0, Avg: 0.0, Max: 0.0, Diff: 0.0, Sum: 0.1]
      [GC Worker Total (ms): Min: 1.0, Avg: 1.1, Max: 1.2, Diff: 0.1, Sum: 6.5]
      [GC Worker End (ms): Min: 323731.2, Avg: 323731.2, Max: 323731.2, Diff: 0.0]
   [Code Root Fixup: 0.0 ms]
   [Code Root Purge: 0.0 ms]
   [Clear CT: 0.3 ms]
   [Other: 2.9 ms]
      [Choose CSet: 0.0 ms]
      [Ref Proc: 0.2 ms]
      [Ref Enq: 0.0 ms]
      [Redirty Cards: 0.3 ms]
      [Humongous Register: 0.1 ms]
      [Humongous Reclaim: 2.0 ms]
      [Free CSet: 0.0 ms]
   [Eden: 5120.0K(325.0M)->0.0B(303.0M) Survivors: 1024.0K->1024.0K Heap: 1945.5M(2048.0M)->7077.6K(2048.0M)]
 [Times: user=0.00 sys=0.00, real=0.00 secs] 
2024-10-11T20:46:00.484+0300: 323.734: Total time for which application threads were stopped: 2.8360727 seconds, Stopping threads took: 2.8311673 seconds
2024-10-11T20:46:12.367+0300: 335.625: Application time: 11.8911250 seconds
2024-10-11T20:46:17.050+0300: 340.295: [GC pause (G1 Humongous Allocation) (young) (initial-mark), 0.0032635 secs]
   [Parallel Time: 1.4 ms, GC Workers: 6]
      [GC Worker Start (ms): Min: 340295.3, Avg: 340295.4, Max: 340295.4, Diff: 0.1]
      [Ext Root Scanning (ms): Min: 0.4, Avg: 0.4, Max: 0.5, Diff: 0.1, Sum: 2.6]
      [Update RS (ms): Min: 0.5, Avg: 0.6, Max: 0.6, Diff: 0.0, Sum: 3.3]
         [Processed Buffers: Min: 9, Avg: 11.3, Max: 14, Diff: 5, Sum: 68]
      [Scan RS (ms): Min: 0.0, Avg: 0.0, Max: 0.0, Diff: 0.0, Sum: 0.0]
      [Code Root Scanning (ms): Min: 0.0, Avg: 0.0, Max: 0.0, Diff: 0.0, Sum: 0.0]
      [Object Copy (ms): Min: 0.1, Avg: 0.1, Max: 0.2, Diff: 0.1, Sum: 0.8]
      [Termination (ms): Min: 0.0, Avg: 0.0, Max: 0.0, Diff: 0.0, Sum: 0.0]
         [Termination Attempts: Min: 1, Avg: 2.7, Max: 4, Diff: 3, Sum: 16]
      [GC Worker Other (ms): Min: 0.0, Avg: 0.0, Max: 0.0, Diff: 0.0, Sum: 0.1]
      [GC Worker Total (ms): Min: 1.1, Avg: 1.1, Max: 1.2, Diff: 0.1, Sum: 6.9]
      [GC Worker End (ms): Min: 340296.5, Avg: 340296.5, Max: 340296.5, Diff: 0.0]
   [Code Root Fixup: 0.0 ms]
   [Code Root Purge: 0.0 ms]
   [Clear CT: 0.2 ms]
   [Other: 1.6 ms]
      [Choose CSet: 0.0 ms]
      [Ref Proc: 0.3 ms]
      [Ref Enq: 0.0 ms]
      [Redirty Cards: 0.2 ms]
      [Humongous Register: 0.1 ms]
      [Humongous Reclaim: 0.7 ms]
      [Free CSet: 0.0 ms]
   [Eden: 3072.0K(303.0M)->0.0B(217.0M) Survivors: 1024.0K->1024.0K Heap: 853.0M(2048.0M)->7088.2K(2048.0M)]
 [Times: user=0.00 sys=0.00, real=0.00 secs] 
2024-10-11T20:46:17.050+0300: 340.298: Total time for which application threads were stopped: 4.6728245 seconds, Stopping threads took: 4.6692826 seconds
2024-10-11T20:46:17.050+0300: 340.298: [GC concurrent-root-region-scan-start]
2024-10-11T20:46:17.050+0300: 340.299: [GC concurrent-root-region-scan-end, 0.0004591 secs]
2024-10-11T20:46:17.050+0300: 340.299: [GC concurrent-mark-start]
2024-10-11T20:46:17.050+0300: 340.307: [GC concurrent-mark-end, 0.0083213 secs]
2024-10-11T20:46:17.050+0300: 340.307: Application time: 0.0091372 seconds
2024-10-11T20:46:17.081+0300: 340.326: [GC remark 2024-10-11T20:46:17.081+0300: 340.327: [Finalize Marking, 0.0016594 secs] 2024-10-11T20:46:17.081+0300: 340.328: [GC ref-proc, 0.0001558 secs] 2024-10-11T20:46:17.081+0300: 340.328: [Unloading, 0.0013196 secs], 0.0035452 secs]
 [Times: user=0.00 sys=0.00, real=0.00 secs] 
2024-10-11T20:46:17.081+0300: 340.330: Total time for which application threads were stopped: 0.0225485 seconds, Stopping threads took: 0.0188833 seconds
2024-10-11T20:46:17.081+0300: 340.335: Application time: 0.0052449 seconds
2024-10-11T20:46:17.112+0300: 340.358: [GC cleanup 222M->222M(2048M), 0.0018833 secs]
 [Times: user=0.00 sys=0.00, real=0.00 secs] 
2024-10-11T20:46:17.112+0300: 340.360: Total time for which application threads were stopped: 0.0243947 seconds, Stopping threads took: 0.0223672 seconds
2024-10-11T20:46:52.309+0300: 375.554: Application time: 35.1945514 seconds
2024-10-11T20:46:55.185+0300: 378.430: Total time for which application threads were stopped: 2.8759001 seconds, Stopping threads took: 2.8758312 seconds
2024-10-11T20:46:55.185+0300: 378.432: Application time: 0.0015243 seconds
2024-10-11T20:46:55.201+0300: 378.446: [GC pause (G1 Humongous Allocation) (young) (to-space exhausted), 0.0045320 secs]
   [Parallel Time: 1.9 ms, GC Workers: 6]
      [GC Worker Start (ms): Min: 378446.5, Avg: 378446.5, Max: 378446.6, Diff: 0.1]
      [Ext Root Scanning (ms): Min: 0.3, Avg: 0.4, Max: 0.5, Diff: 0.1, Sum: 2.5]
      [Update RS (ms): Min: 0.4, Avg: 0.6, Max: 1.0, Diff: 0.5, Sum: 3.4]
         [Processed Buffers: Min: 10, Avg: 17.2, Max: 40, Diff: 30, Sum: 103]
      [Scan RS (ms): Min: 0.0, Avg: 0.0, Max: 0.0, Diff: 0.0, Sum: 0.0]
      [Code Root Scanning (ms): Min: 0.0, Avg: 0.0, Max: 0.0, Diff: 0.0, Sum: 0.0]
      [Object Copy (ms): Min: 0.2, Avg: 0.6, Max: 0.8, Diff: 0.5, Sum: 3.7]
      [Termination (ms): Min: 0.0, Avg: 0.0, Max: 0.1, Diff: 0.1, Sum: 0.3]
         [Termination Attempts: Min: 1, Avg: 1.0, Max: 1, Diff: 0, Sum: 6]
      [GC Worker Other (ms): Min: 0.0, Avg: 0.0, Max: 0.0, Diff: 0.0, Sum: 0.1]
      [GC Worker Total (ms): Min: 1.6, Avg: 1.7, Max: 1.7, Diff: 0.1, Sum: 9.9]
      [GC Worker End (ms): Min: 378448.2, Avg: 378448.2, Max: 378448.2, Diff: 0.0]
   [Code Root Fixup: 0.0 ms]
   [Code Root Purge: 0.0 ms]
   [Clear CT: 0.2 ms]
   [Other: 2.4 ms]
      [Evacuation Failure: 0.3 ms]
      [Choose CSet: 0.0 ms]
      [Ref Proc: 0.3 ms]
      [Ref Enq: 0.0 ms]
      [Redirty Cards: 0.2 ms]
      [Humongous Register: 0.1 ms]
      [Humongous Reclaim: 1.1 ms]
      [Free CSet: 0.0 ms]
   [Eden: 5120.0K(217.0M)->0.0B(279.0M) Survivors: 1024.0K->0.0B Heap: 1950.5M(2048.0M)->16806.5K(2048.0M)]
 [Times: user=0.00 sys=0.00, real=0.00 secs] 
2024-10-11T20:46:55.201+0300: 378.451: Total time for which application threads were stopped: 0.0190645 seconds, Stopping threads took: 0.0142242 seconds
2024-10-11T20:47:01.236+0300: 384.481: Application time: 6.0303436 seconds
2024-10-11T20:47:06.943+0300: 390.188: Total time for which application threads were stopped: 5.7071494 seconds, Stopping threads took: 5.7069952 seconds
2024-10-11T20:47:06.990+0300: 390.237: Application time: 0.0490870 seconds
2024-10-11T20:47:09.285+0300: 392.530: [GC pause (G1 Humongous Allocation) (young) (initial-mark), 0.0069418 secs]
   [Parallel Time: 4.7 ms, GC Workers: 6]
      [GC Worker Start (ms): Min: 392531.1, Avg: 392531.2, Max: 392531.3, Diff: 0.1]
      [Ext Root Scanning (ms): Min: 0.3, Avg: 0.3, Max: 0.4, Diff: 0.1, Sum: 1.9]
      [Update RS (ms): Min: 4.2, Avg: 4.2, Max: 4.2, Diff: 0.1, Sum: 25.2]
         [Processed Buffers: Min: 84, Avg: 90.0, Max: 97, Diff: 13, Sum: 540]
      [Scan RS (ms): Min: 0.0, Avg: 0.0, Max: 0.0, Diff: 0.0, Sum: 0.0]
      [Code Root Scanning (ms): Min: 0.0, Avg: 0.0, Max: 0.0, Diff: 0.0, Sum: 0.0]
      [Object Copy (ms): Min: 0.0, Avg: 0.0, Max: 0.1, Diff: 0.0, Sum: 0.2]
      [Termination (ms): Min: 0.0, Avg: 0.0, Max: 0.0, Diff: 0.0, Sum: 0.0]
         [Termination Attempts: Min: 1, Avg: 1.0, Max: 1, Diff: 0, Sum: 6]
      [GC Worker Other (ms): Min: 0.0, Avg: 0.0, Max: 0.0, Diff: 0.0, Sum: 0.1]
      [GC Worker Total (ms): Min: 4.5, Avg: 4.6, Max: 4.7, Diff: 0.1, Sum: 27.4]
      [GC Worker End (ms): Min: 392535.8, Avg: 392535.8, Max: 392535.8, Diff: 0.0]
   [Code Root Fixup: 0.0 ms]
   [Code Root Purge: 0.0 ms]
   [Clear CT: 0.2 ms]
   [Other: 2.0 ms]
      [Choose CSet: 0.0 ms]
      [Ref Proc: 0.2 ms]
      [Ref Enq: 0.0 ms]
      [Redirty Cards: 0.2 ms]
      [Humongous Register: 0.0 ms]
      [Humongous Reclaim: 0.4 ms]
      [Free CSet: 0.0 ms]
   [Eden: 4096.0K(279.0M)->0.0B(206.0M) Survivors: 0.0B->1024.0K Heap: 872.9M(2048.0M)->175.3M(2048.0M)]
 [Times: user=0.00 sys=0.00, real=0.00 secs] 
2024-10-11T20:47:09.285+0300: 2024-10-11T20:47:09.285+0300: 392.537: [GC concurrent-root-region-scan-start]
392.537: Total time for which application threads were stopped: 2.2997242 seconds, Stopping threads took: 2.2925167 seconds
2024-10-11T20:47:09.285+0300: 392.538: [GC concurrent-root-region-scan-end, 0.0007186 secs]
2024-10-11T20:47:09.285+0300: 392.538: [GC concurrent-mark-start]
2024-10-11T20:47:09.285+0300: 392.544: [GC concurrent-mark-end, 0.0045858 secs]
2024-10-11T20:47:09.316+0300: 392.572: Application time: 0.0353730 seconds
2024-10-11T20:47:14.108+0300: 397.353: [GC remark 2024-10-11T20:47:14.108+0300: 397.353: [Finalize Marking, 0.0004568 secs] 2024-10-11T20:47:14.108+0300: 397.353: [GC ref-proc, 0.0000845 secs] 2024-10-11T20:47:14.108+0300: 397.353: [Unloading, 0.0012854 secs], 0.0022915 secs]
 [Times: user=0.00 sys=0.00, real=0.00 secs] 
2024-10-11T20:47:14.108+0300: 397.355: Total time for which application threads were stopped: 4.7826900 seconds, Stopping threads took: 4.7802929 seconds
2024-10-11T20:47:14.108+0300: 397.355: Application time: 0.0000743 seconds
2024-10-11T20:47:15.881+0300: 399.127: [GC cleanup 308M->308M(2048M), 0.0015394 secs]
 [Times: user=0.00 sys=0.00, real=0.00 secs] 
2024-10-11T20:47:15.881+0300: 399.128: Total time for which application threads were stopped: 1.7729923 seconds, Stopping threads took: 1.7713240 seconds
2024-10-11T20:47:45.129+0300: 428.388: Application time: 29.2595015 seconds
2024-10-11T20:47:47.424+0300: 430.669: [GC pause (G1 Humongous Allocation) (young), 0.0048769 secs]
   [Parallel Time: 2.5 ms, GC Workers: 6]
      [GC Worker Start (ms): Min: 430669.8, Avg: 430669.8, Max: 430669.9, Diff: 0.1]
      [Ext Root Scanning (ms): Min: 0.2, Avg: 0.2, Max: 0.3, Diff: 0.1, Sum: 1.3]
      [Update RS (ms): Min: 2.0, Avg: 2.0, Max: 2.0, Diff: 0.0, Sum: 12.2]
         [Processed Buffers: Min: 47, Avg: 50.5, Max: 54, Diff: 7, Sum: 303]
      [Scan RS (ms): Min: 0.0, Avg: 0.0, Max: 0.0, Diff: 0.0, Sum: 0.0]
      [Code Root Scanning (ms): Min: 0.0, Avg: 0.0, Max: 0.0, Diff: 0.0, Sum: 0.0]
      [Object Copy (ms): Min: 0.0, Avg: 0.0, Max: 0.0, Diff: 0.0, Sum: 0.1]
      [Termination (ms): Min: 0.0, Avg: 0.0, Max: 0.0, Diff: 0.0, Sum: 0.0]
         [Termination Attempts: Min: 1, Avg: 1.0, Max: 1, Diff: 0, Sum: 6]
      [GC Worker Other (ms): Min: 0.0, Avg: 0.0, Max: 0.0, Diff: 0.0, Sum: 0.0]
      [GC Worker Total (ms): Min: 2.2, Avg: 2.3, Max: 2.4, Diff: 0.1, Sum: 13.8]
      [GC Worker End (ms): Min: 430672.1, Avg: 430672.1, Max: 430672.1, Diff: 0.0]
   [Code Root Fixup: 0.0 ms]
   [Code Root Purge: 0.0 ms]
   [Clear CT: 0.2 ms]
   [Other: 2.2 ms]
      [Choose CSet: 0.0 ms]
      [Ref Proc: 0.2 ms]
      [Ref Enq: 0.0 ms]
      [Redirty Cards: 0.2 ms]
      [Humongous Register: 0.1 ms]
      [Humongous Reclaim: 1.2 ms]
      [Free CSet: 0.0 ms]
   [Eden: 4096.0K(206.0M)->0.0B(264.0M) Survivors: 1024.0K->1024.0K Heap: 1930.9M(2048.0M)->43551.4K(2048.0M)]
 [Times: user=0.00 sys=0.00, real=0.00 secs] 
2024-10-11T20:47:47.424+0300: 430.674: Total time for which application threads were stopped: 2.2864868 seconds, Stopping threads took: 2.2813147 seconds
2024-10-11T20:47:59.257+0300: 442.511: Application time: 11.8371257 seconds
2024-10-11T20:48:02.934+0300: 446.179: [GC pause (G1 Humongous Allocation) (young) (initial-mark), 0.0040494 secs]
   [Parallel Time: 2.8 ms, GC Workers: 6]
      [GC Worker Start (ms): Min: 446179.6, Avg: 446179.7, Max: 446179.7, Diff: 0.1]
      [Ext Root Scanning (ms): Min: 0.2, Avg: 0.3, Max: 0.3, Diff: 0.1, Sum: 1.6]
      [Update RS (ms): Min: 2.3, Avg: 2.3, Max: 2.4, Diff: 0.0, Sum: 14.1]
         [Processed Buffers: Min: 54, Avg: 57.2, Max: 61, Diff: 7, Sum: 343]
      [Scan RS (ms): Min: 0.0, Avg: 0.0, Max: 0.0, Diff: 0.0, Sum: 0.0]
      [Code Root Scanning (ms): Min: 0.0, Avg: 0.0, Max: 0.0, Diff: 0.0, Sum: 0.0]
      [Object Copy (ms): Min: 0.0, Avg: 0.0, Max: 0.0, Diff: 0.0, Sum: 0.2]
      [Termination (ms): Min: 0.0, Avg: 0.0, Max: 0.0, Diff: 0.0, Sum: 0.0]
         [Termination Attempts: Min: 1, Avg: 1.0, Max: 1, Diff: 0, Sum: 6]
      [GC Worker Other (ms): Min: 0.0, Avg: 0.0, Max: 0.0, Diff: 0.0, Sum: 0.1]
      [GC Worker Total (ms): Min: 2.6, Avg: 2.6, Max: 2.7, Diff: 0.1, Sum: 15.9]
      [GC Worker End (ms): Min: 446182.3, Avg: 446182.3, Max: 446182.3, Diff: 0.0]
   [Code Root Fixup: 0.0 ms]
   [Code Root Purge: 0.0 ms]
   [Clear CT: 0.2 ms]
   [Other: 1.1 ms]
      [Choose CSet: 0.0 ms]
      [Ref Proc: 0.1 ms]
      [Ref Enq: 0.0 ms]
      [Redirty Cards: 0.2 ms]
      [Humongous Register: 0.0 ms]
      [Humongous Reclaim: 0.5 ms]
      [Free CSet: 0.0 ms]
   [Eden: 3072.0K(264.0M)->0.0B(205.0M) Survivors: 1024.0K->1024.0K Heap: 857.3M(2048.0M)->62301.4K(2048.0M)]
 [Times: user=0.00 sys=0.00, real=0.00 secs] 
2024-10-11T20:48:02.934+0300: 446.183: Total time for which application threads were stopped: 3.6721817 seconds, Stopping threads took: 3.6679540 seconds
2024-10-11T20:48:02.934+0300: 446.183: [GC concurrent-root-region-scan-start]
2024-10-11T20:48:02.934+0300: 446.184: [GC concurrent-root-region-scan-end, 0.0003975 secs]
2024-10-11T20:48:02.934+0300: 446.184: [GC concurrent-mark-start]
2024-10-11T20:48:02.934+0300: 446.191: [GC concurrent-mark-end, 0.0066225 secs]
2024-10-11T20:48:02.950+0300: 446.209: Application time: 0.0256971 seconds
2024-10-11T20:48:04.725+0300: 447.970: [GC remark 2024-10-11T20:48:04.725+0300: 447.970: [Finalize Marking, 0.0017213 secs] 2024-10-11T20:48:04.725+0300: 447.972: [GC ref-proc, 0.0000894 secs] 2024-10-11T20:48:04.725+0300: 447.972: [Unloading, 0.0014183 secs], 0.0037305 secs]
 [Times: user=0.00 sys=0.00, real=0.00 secs] 
2024-10-11T20:48:04.725+0300: 447.974: Total time for which application threads were stopped: 1.7643726 seconds, Stopping threads took: 1.7605308 seconds
2024-10-11T20:48:04.725+0300: 447.983: Application time: 0.0090184 seconds
2024-10-11T20:48:04.725+0300: 447.984: [GC cleanup 304M->304M(2048M), 0.0012173 secs]
 [Times: user=0.02 sys=0.00, real=0.02 secs] 
2024-10-11T20:48:04.740+0300: 447.985: Total time for which application threads were stopped: 0.0027273 seconds, Stopping threads took: 0.0014358 seconds
2024-10-11T20:48:34.915+0300: 478.159: Application time: 30.1742011 seconds
2024-10-11T20:48:39.959+0300: 483.205: Total time for which application threads were stopped: 5.0451356 seconds, Stopping threads took: 5.0449821 seconds
2024-10-11T20:48:39.959+0300: 483.208: Application time: 0.0036690 seconds
2024-10-11T20:48:39.959+0300: 483.211: [GC pause (G1 Humongous Allocation) (young), 0.0032952 secs]
   [Parallel Time: 1.2 ms, GC Workers: 6]
      [GC Worker Start (ms): Min: 483210.8, Avg: 483210.9, Max: 483211.0, Diff: 0.1]
      [Ext Root Scanning (ms): Min: 0.1, Avg: 0.2, Max: 0.3, Diff: 0.1, Sum: 1.3]
      [Update RS (ms): Min: 0.0, Avg: 0.6, Max: 0.8, Diff: 0.8, Sum: 3.6]
         [Processed Buffers: Min: 0, Avg: 18.7, Max: 34, Diff: 34, Sum: 112]
      [Scan RS (ms): Min: 0.0, Avg: 0.0, Max: 0.0, Diff: 0.0, Sum: 0.0]
      [Code Root Scanning (ms): Min: 0.0, Avg: 0.0, Max: 0.0, Diff: 0.0, Sum: 0.0]
      [Object Copy (ms): Min: 0.0, Avg: 0.2, Max: 0.8, Diff: 0.8, Sum: 1.1]
      [Termination (ms): Min: 0.0, Avg: 0.0, Max: 0.0, Diff: 0.0, Sum: 0.2]
         [Termination Attempts: Min: 1, Avg: 1.2, Max: 2, Diff: 1, Sum: 7]
      [GC Worker Other (ms): Min: 0.0, Avg: 0.0, Max: 0.0, Diff: 0.0, Sum: 0.0]
      [GC Worker Total (ms): Min: 1.0, Avg: 1.0, Max: 1.1, Diff: 0.1, Sum: 6.2]
      [GC Worker End (ms): Min: 483211.9, Avg: 483211.9, Max: 483211.9, Diff: 0.0]
   [Code Root Fixup: 0.0 ms]
   [Code Root Purge: 0.0 ms]
   [Clear CT: 0.2 ms]
   [Other: 1.9 ms]
      [Choose CSet: 0.0 ms]
      [Ref Proc: 0.1 ms]
      [Ref Enq: 0.0 ms]
      [Redirty Cards: 0.2 ms]
      [Humongous Register: 0.1 ms]
      [Humongous Reclaim: 1.3 ms]
      [Free CSet: 0.0 ms]
   [Eden: 5120.0K(205.0M)->0.0B(264.0M) Survivors: 1024.0K->1024.0K Heap: 1923.0M(2048.0M)->85745.0K(2048.0M)]
 [Times: user=0.00 sys=0.00, real=0.00 secs] 
2024-10-11T20:48:39.959+0300: 483.214: Total time for which application threads were stopped: 0.0057799 seconds, Stopping threads took: 0.0021573 seconds
2024-10-11T20:48:51.808+0300: 495.064: Application time: 11.8502099 seconds
2024-10-11T20:48:56.458+0300: 499.703: [GC pause (G1 Humongous Allocation) (young) (initial-mark), 0.0027694 secs]
   [Parallel Time: 1.1 ms, GC Workers: 6]
      [GC Worker Start (ms): Min: 499703.7, Avg: 499703.8, Max: 499703.8, Diff: 0.1]
      [Ext Root Scanning (ms): Min: 0.3, Avg: 0.3, Max: 0.4, Diff: 0.1, Sum: 1.8]
      [Update RS (ms): Min: 0.7, Avg: 0.7, Max: 0.7, Diff: 0.0, Sum: 4.2]
         [Processed Buffers: Min: 13, Avg: 15.0, Max: 17, Diff: 4, Sum: 90]
      [Scan RS (ms): Min: 0.0, Avg: 0.0, Max: 0.0, Diff: 0.0, Sum: 0.0]
      [Code Root Scanning (ms): Min: 0.0, Avg: 0.0, Max: 0.0, Diff: 0.0, Sum: 0.0]
      [Object Copy (ms): Min: 0.0, Avg: 0.0, Max: 0.0, Diff: 0.0, Sum: 0.1]
      [Termination (ms): Min: 0.0, Avg: 0.0, Max: 0.0, Diff: 0.0, Sum: 0.0]
         [Termination Attempts: Min: 1, Avg: 1.0, Max: 1, Diff: 0, Sum: 6]
      [GC Worker Other (ms): Min: 0.0, Avg: 0.0, Max: 0.0, Diff: 0.0, Sum: 0.0]
      [GC Worker Total (ms): Min: 1.0, Avg: 1.0, Max: 1.1, Diff: 0.1, Sum: 6.1]
      [GC Worker End (ms): Min: 499704.8, Avg: 499704.8, Max: 499704.8, Diff: 0.0]
   [Code Root Fixup: 0.0 ms]
   [Code Root Purge: 0.0 ms]
   [Clear CT: 0.2 ms]
   [Other: 1.4 ms]
      [Choose CSet: 0.0 ms]
      [Ref Proc: 0.2 ms]
      [Ref Enq: 0.0 ms]
      [Redirty Cards: 0.2 ms]
      [Humongous Register: 0.0 ms]
      [Humongous Reclaim: 0.7 ms]
      [Free CSet: 0.0 ms]
   [Eden: 3072.0K(264.0M)->0.0B(206.0M) Survivors: 1024.0K->1024.0K Heap: 858.1M(2048.0M)->12307.4K(2048.0M)]
 [Times: user=0.00 sys=0.00, real=0.00 secs] 
2024-10-11T20:48:56.458+0300: 499.706: Total time for which application threads were stopped: 4.6419222 seconds, Stopping threads took: 4.6389007 seconds
2024-10-11T20:48:56.458+0300: 499.706: [GC concurrent-root-region-scan-start]
2024-10-11T20:48:56.458+0300: 499.707: [GC concurrent-root-region-scan-end, 0.0007511 secs]
2024-10-11T20:48:56.458+0300: 499.707: [GC concurrent-mark-start]
2024-10-11T20:48:56.458+0300: 499.714: [GC concurrent-mark-end, 0.0057722 secs]
2024-10-11T20:48:56.490+0300: 499.736: Application time: 0.0293870 seconds
2024-10-11T20:48:56.505+0300: 499.750: [GC remark 2024-10-11T20:48:56.505+0300: 499.750: [Finalize Marking, 0.0024351 secs] 2024-10-11T20:48:56.505+0300: 499.753: [GC ref-proc, 0.0000767 secs] 2024-10-11T20:48:56.505+0300: 499.753: [Unloading, 0.0013848 secs], 0.0042467 secs]
 [Times: user=0.00 sys=0.00, real=0.00 secs] 
2024-10-11T20:48:56.505+0300: 499.754: Total time for which application threads were stopped: 0.0188231 seconds, Stopping threads took: 0.0144749 seconds
2024-10-11T20:48:56.505+0300: 499.763: Application time: 0.0084923 seconds
2024-10-11T20:48:58.278+0300: 501.524: [GC cleanup 274M->274M(2048M), 0.0014866 secs]
 [Times: user=0.00 sys=0.00, real=0.00 secs] 
2024-10-11T20:48:58.278+0300: 501.525: Total time for which application threads were stopped: 1.7621698 seconds, Stopping threads took: 1.7605464 seconds
2024-10-11T20:49:04.313+0300: 507.558: Application time: 6.0326541 seconds
2024-10-11T20:49:09.985+0300: 513.230: Total time for which application threads were stopped: 5.6724394 seconds, Stopping threads took: 5.6723382 seconds
2024-10-11T20:49:15.940+0300: 519.200: Application time: 5.9693516 seconds
2024-10-11T20:49:20.635+0300: 523.881: Total time for which application threads were stopped: 4.6810397 seconds, Stopping threads took: 4.6809400 seconds
2024-10-11T20:49:20.635+0300: 523.881: Application time: 0.0003716 seconds
2024-10-11T20:49:20.635+0300: 523.881: Total time for which application threads were stopped: 0.0002542 seconds, Stopping threads took: 0.0001949 seconds
2024-10-11T20:49:20.635+0300: 523.881: Application time: 0.0001621 seconds
2024-10-11T20:49:20.635+0300: 523.881: Total time for which application threads were stopped: 0.0000918 seconds, Stopping threads took: 0.0000709 seconds
2024-10-11T20:49:20.635+0300: 523.886: Application time: 0.0045514 seconds
2024-10-11T20:49:20.635+0300: 523.886: Total time for which application threads were stopped: 0.0003386 seconds, Stopping threads took: 0.0003145 seconds
2024-10-11T20:49:32.406+0300: 535.658: Application time: 11.7719888 seconds
2024-10-11T20:49:35.374+0300: 538.619: [GC pause (G1 Humongous Allocation) (young) (to-space exhausted), 0.0049739 secs]
   [Parallel Time: 1.9 ms, GC Workers: 6]
      [GC Worker Start (ms): Min: 538619.6, Avg: 538619.6, Max: 538619.7, Diff: 0.2]
      [Ext Root Scanning (ms): Min: 0.4, Avg: 0.5, Max: 0.6, Diff: 0.2, Sum: 3.0]
      [Update RS (ms): Min: 0.7, Avg: 0.7, Max: 0.8, Diff: 0.2, Sum: 4.5]
         [Processed Buffers: Min: 10, Avg: 14.5, Max: 19, Diff: 9, Sum: 87]
      [Scan RS (ms): Min: 0.0, Avg: 0.0, Max: 0.0, Diff: 0.0, Sum: 0.0]
      [Code Root Scanning (ms): Min: 0.0, Avg: 0.0, Max: 0.0, Diff: 0.0, Sum: 0.0]
      [Object Copy (ms): Min: 0.1, Avg: 0.2, Max: 0.3, Diff: 0.3, Sum: 1.4]
      [Termination (ms): Min: 0.0, Avg: 0.1, Max: 0.2, Diff: 0.2, Sum: 0.4]
         [Termination Attempts: Min: 1, Avg: 1.0, Max: 1, Diff: 0, Sum: 6]
      [GC Worker Other (ms): Min: 0.0, Avg: 0.0, Max: 0.0, Diff: 0.0, Sum: 0.1]
      [GC Worker Total (ms): Min: 1.5, Avg: 1.6, Max: 1.7, Diff: 0.2, Sum: 9.4]
      [GC Worker End (ms): Min: 538621.2, Avg: 538621.2, Max: 538621.2, Diff: 0.0]
   [Code Root Fixup: 0.0 ms]
   [Code Root Purge: 0.0 ms]
   [Clear CT: 0.2 ms]
   [Other: 2.8 ms]
      [Evacuation Failure: 0.6 ms]
      [Choose CSet: 0.0 ms]
      [Ref Proc: 0.1 ms]
      [Ref Enq: 0.0 ms]
      [Redirty Cards: 0.3 ms]
      [Humongous Register: 0.2 ms]
      [Humongous Reclaim: 1.3 ms]
      [Free CSet: 0.0 ms]
   [Eden: 7168.0K(206.0M)->0.0B(265.0M) Survivors: 1024.0K->0.0B Heap: 1951.0M(2048.0M)->17402.9K(2048.0M)]
 [Times: user=0.00 sys=0.00, real=0.00 secs] 
2024-10-11T20:49:35.374+0300: 538.624: Total time for which application threads were stopped: 2.9657586 seconds, Stopping threads took: 2.9604330 seconds
2024-10-11T20:49:47.228+0300: 550.485: Application time: 11.8612269 seconds
2024-10-11T20:49:51.910+0300: 555.155: [GC pause (G1 Humongous Allocation) (young) (initial-mark), 0.0030030 secs]
   [Parallel Time: 1.5 ms, GC Workers: 6]
      [GC Worker Start (ms): Min: 555155.2, Avg: 555155.3, Max: 555155.3, Diff: 0.1]
      [Ext Root Scanning (ms): Min: 0.4, Avg: 0.5, Max: 0.5, Diff: 0.1, Sum: 3.0]
      [Update RS (ms): Min: 0.7, Avg: 0.7, Max: 0.8, Diff: 0.1, Sum: 4.3]
         [Processed Buffers: Min: 16, Avg: 17.3, Max: 19, Diff: 3, Sum: 104]
      [Scan RS (ms): Min: 0.0, Avg: 0.0, Max: 0.0, Diff: 0.0, Sum: 0.0]
      [Code Root Scanning (ms): Min: 0.0, Avg: 0.0, Max: 0.0, Diff: 0.0, Sum: 0.0]
      [Object Copy (ms): Min: 0.0, Avg: 0.0, Max: 0.0, Diff: 0.0, Sum: 0.2]
      [Termination (ms): Min: 0.0, Avg: 0.0, Max: 0.0, Diff: 0.0, Sum: 0.0]
         [Termination Attempts: Min: 1, Avg: 1.0, Max: 1, Diff: 0, Sum: 6]
      [GC Worker Other (ms): Min: 0.0, Avg: 0.0, Max: 0.0, Diff: 0.0, Sum: 0.1]
      [GC Worker Total (ms): Min: 1.2, Avg: 1.3, Max: 1.3, Diff: 0.1, Sum: 7.5]
      [GC Worker End (ms): Min: 555156.5, Avg: 555156.5, Max: 555156.5, Diff: 0.0]
   [Code Root Fixup: 0.0 ms]
   [Code Root Purge: 0.0 ms]
   [Clear CT: 0.2 ms]
   [Other: 1.3 ms]
      [Choose CSet: 0.0 ms]
      [Ref Proc: 0.1 ms]
      [Ref Enq: 0.0 ms]
      [Redirty Cards: 0.2 ms]
      [Humongous Register: 0.1 ms]
      [Humongous Reclaim: 0.5 ms]
      [Free CSet: 0.0 ms]
   [Eden: 3072.0K(265.0M)->0.0B(207.0M) Survivors: 0.0B->1024.0K Heap: 864.6M(2048.0M)->19145.8K(2048.0M)]
 [Times: user=0.00 sys=0.00, real=0.00 secs] 
2024-10-11T20:49:51.910+0300: 555.158: Total time for which application threads were stopped: 4.6725166 seconds, Stopping threads took: 4.6692547 seconds
2024-10-11T20:49:51.910+0300: 555.158: [GC concurrent-root-region-scan-start]
2024-10-11T20:49:51.910+0300: 555.158: [GC concurrent-root-region-scan-end, 0.0004026 secs]
2024-10-11T20:49:51.910+0300: 555.158: [GC concurrent-mark-start]
2024-10-11T20:49:51.910+0300: 555.167: [GC concurrent-mark-end, 0.0061039 secs]
2024-10-11T20:49:51.941+0300: 555.188: Application time: 0.0303551 seconds
2024-10-11T20:49:51.956+0300: 555.201: [GC remark 2024-10-11T20:49:51.956+0300: 555.201: [Finalize Marking, 0.0024899 secs] 2024-10-11T20:49:51.956+0300: 555.204: [GC ref-proc, 0.0000657 secs] 2024-10-11T20:49:51.956+0300: 555.204: [Unloading, 0.0015679 secs], 0.0044473 secs]
 [Times: user=0.00 sys=0.00, real=0.00 secs] 
2024-10-11T20:49:51.956+0300: 555.206: Total time for which application threads were stopped: 0.0175357 seconds, Stopping threads took: 0.0129828 seconds
2024-10-11T20:49:51.956+0300: 555.215: Application time: 0.0096028 seconds
2024-10-11T20:49:51.988+0300: 555.232: [GC cleanup 296M->296M(2048M), 0.0024928 secs]
 [Times: user=0.00 sys=0.00, real=0.00 secs] 
2024-10-11T20:49:51.988+0300: 555.235: Total time for which application threads were stopped: 0.0196629 seconds, Stopping threads took: 0.0170228 seconds
2024-10-11T20:50:27.063+0300: 590.316: Application time: 35.0812236 seconds
2024-10-11T20:50:29.389+0300: 592.634: [GC pause (G1 Humongous Allocation) (young), 0.0059032 secs]
   [Parallel Time: 3.2 ms, GC Workers: 6]
      [GC Worker Start (ms): Min: 592635.2, Avg: 592635.3, Max: 592635.4, Diff: 0.2]
      [Ext Root Scanning (ms): Min: 0.3, Avg: 0.4, Max: 0.5, Diff: 0.2, Sum: 2.3]
      [Update RS (ms): Min: 2.5, Avg: 2.5, Max: 2.5, Diff: 0.0, Sum: 15.2]
         [Processed Buffers: Min: 54, Avg: 55.0, Max: 56, Diff: 2, Sum: 330]
      [Scan RS (ms): Min: 0.0, Avg: 0.0, Max: 0.0, Diff: 0.0, Sum: 0.0]
      [Code Root Scanning (ms): Min: 0.0, Avg: 0.0, Max: 0.0, Diff: 0.0, Sum: 0.0]
      [Object Copy (ms): Min: 0.0, Avg: 0.0, Max: 0.0, Diff: 0.0, Sum: 0.2]
      [Termination (ms): Min: 0.0, Avg: 0.0, Max: 0.0, Diff: 0.0, Sum: 0.0]
         [Termination Attempts: Min: 1, Avg: 1.0, Max: 1, Diff: 0, Sum: 6]
      [GC Worker Other (ms): Min: 0.0, Avg: 0.0, Max: 0.0, Diff: 0.0, Sum: 0.1]
      [GC Worker Total (ms): Min: 2.9, Avg: 3.0, Max: 3.0, Diff: 0.2, Sum: 17.8]
      [GC Worker End (ms): Min: 592638.3, Avg: 592638.3, Max: 592638.3, Diff: 0.0]
   [Code Root Fixup: 0.0 ms]
   [Code Root Purge: 0.0 ms]
   [Clear CT: 0.2 ms]
   [Other: 2.5 ms]
      [Choose CSet: 0.0 ms]
      [Ref Proc: 0.2 ms]
      [Ref Enq: 0.0 ms]
      [Redirty Cards: 0.2 ms]
      [Humongous Register: 0.1 ms]
      [Humongous Reclaim: 1.2 ms]
      [Free CSet: 0.0 ms]
   [Eden: 5120.0K(207.0M)->0.0B(263.0M) Survivors: 1024.0K->1024.0K Heap: 1938.2M(2048.0M)->50395.8K(2048.0M)]
 [Times: user=0.00 sys=0.00, real=0.00 secs] 
2024-10-11T20:50:29.389+0300: 592.640: Total time for which application threads were stopped: 2.3241195 seconds, Stopping threads took: 2.3178605 seconds
2024-10-11T20:50:41.301+0300: 604.556: Application time: 11.9158120 seconds
2024-10-11T20:50:45.967+0300: 609.212: [GC pause (G1 Humongous Allocation) (young) (initial-mark), 0.0028411 secs]
   [Parallel Time: 1.5 ms, GC Workers: 6]
      [GC Worker Start (ms): Min: 609212.6, Avg: 609212.7, Max: 609212.7, Diff: 0.2]
      [Ext Root Scanning (ms): Min: 0.2, Avg: 0.3, Max: 0.4, Diff: 0.2, Sum: 1.9]
      [Update RS (ms): Min: 1.0, Avg: 1.0, Max: 1.0, Diff: 0.0, Sum: 5.9]
         [Processed Buffers: Min: 12, Avg: 18.2, Max: 25, Diff: 13, Sum: 109]
      [Scan RS (ms): Min: 0.0, Avg: 0.0, Max: 0.0, Diff: 0.0, Sum: 0.0]
      [Code Root Scanning (ms): Min: 0.0, Avg: 0.0, Max: 0.0, Diff: 0.0, Sum: 0.0]
      [Object Copy (ms): Min: 0.0, Avg: 0.0, Max: 0.0, Diff: 0.0, Sum: 0.2]
      [Termination (ms): Min: 0.0, Avg: 0.0, Max: 0.0, Diff: 0.0, Sum: 0.0]
         [Termination Attempts: Min: 1, Avg: 1.2, Max: 2, Diff: 1, Sum: 7]
      [GC Worker Other (ms): Min: 0.0, Avg: 0.0, Max: 0.0, Diff: 0.0, Sum: 0.1]
      [GC Worker Total (ms): Min: 1.2, Avg: 1.3, Max: 1.4, Diff: 0.2, Sum: 8.1]
      [GC Worker End (ms): Min: 609214.0, Avg: 609214.0, Max: 609214.0, Diff: 0.0]
   [Code Root Fixup: 0.0 ms]
   [Code Root Purge: 0.0 ms]
   [Clear CT: 0.2 ms]
   [Other: 1.2 ms]
      [Choose CSet: 0.0 ms]
      [Ref Proc: 0.1 ms]
      [Ref Enq: 0.0 ms]
      [Redirty Cards: 0.2 ms]
      [Humongous Register: 0.0 ms]
      [Humongous Reclaim: 0.5 ms]
      [Free CSet: 0.0 ms]
   [Eden: 4096.0K(263.0M)->0.0B(207.0M) Survivors: 1024.0K->1024.0K Heap: 865.2M(2048.0M)->19149.8K(2048.0M)]
 [Times: user=0.00 sys=0.00, real=0.00 secs] 
2024-10-11T20:50:45.967+0300: 2024-10-11T20:50:45.967+0300609.215: : [GC concurrent-root-region-scan-start]
609.215: Total time for which application threads were stopped: 4.6589344 seconds, Stopping threads took: 4.6558503 seconds
2024-10-11T20:50:45.967+0300: 609.216: [GC concurrent-root-region-scan-end, 0.0008272 secs]
2024-10-11T20:50:45.967+0300: 609.216: [GC concurrent-mark-start]
2024-10-11T20:50:45.967+0300: 609.222: [GC concurrent-mark-end, 0.0051355 secs]
2024-10-11T20:50:45.998+0300: 609.254: Application time: 0.0388233 seconds
2024-10-11T20:50:48.276+0300: 611.521: [GC remark 2024-10-11T20:50:48.276+0300: 611.521: [Finalize Marking, 0.0024632 secs] 2024-10-11T20:50:48.276+0300: 611.523: [GC ref-proc, 0.0000743 secs] 2024-10-11T20:50:48.276+0300: 611.523: [Unloading, 0.0015350 secs], 0.0043818 secs]
 [Times: user=0.00 sys=0.00, real=0.00 secs] 
2024-10-11T20:50:48.276+0300: 611.525: Total time for which application threads were stopped: 2.2710754 seconds, Stopping threads took: 2.2665928 seconds
2024-10-11T20:50:48.276+0300: 611.525: Application time: 0.0000958 seconds
2024-10-11T20:50:48.276+0300: 611.525: [GC cleanup 282M->282M(2048M), 0.0008877 secs]
 [Times: user=0.00 sys=0.00, real=0.00 secs] 
2024-10-11T20:50:48.276+0300: 611.526: Total time for which application threads were stopped: 0.0009983 seconds, Stopping threads took: 0.0000507 seconds
2024-10-11T20:51:23.100+0300: 646.352: Application time: 34.8258448 seconds
2024-10-11T20:51:23.414+0300: 646.660: [GC pause (G1 Humongous Allocation) (young), 0.0051894 secs]
   [Parallel Time: 2.5 ms, GC Workers: 6]
      [GC Worker Start (ms): Min: 646660.4, Avg: 646660.5, Max: 646660.6, Diff: 0.1]
      [Ext Root Scanning (ms): Min: 0.2, Avg: 0.3, Max: 0.3, Diff: 0.1, Sum: 1.7]
      [Update RS (ms): Min: 2.0, Avg: 2.0, Max: 2.0, Diff: 0.0, Sum: 12.1]
         [Processed Buffers: Min: 48, Avg: 54.0, Max: 60, Diff: 12, Sum: 324]
      [Scan RS (ms): Min: 0.0, Avg: 0.0, Max: 0.0, Diff: 0.0, Sum: 0.0]
      [Code Root Scanning (ms): Min: 0.0, Avg: 0.0, Max: 0.0, Diff: 0.0, Sum: 0.0]
      [Object Copy (ms): Min: 0.0, Avg: 0.0, Max: 0.0, Diff: 0.0, Sum: 0.2]
      [Termination (ms): Min: 0.0, Avg: 0.0, Max: 0.0, Diff: 0.0, Sum: 0.0]
         [Termination Attempts: Min: 1, Avg: 1.3, Max: 3, Diff: 2, Sum: 8]
      [GC Worker Other (ms): Min: 0.0, Avg: 0.0, Max: 0.0, Diff: 0.0, Sum: 0.1]
      [GC Worker Total (ms): Min: 2.3, Avg: 2.4, Max: 2.4, Diff: 0.1, Sum: 14.1]
      [GC Worker End (ms): Min: 646662.9, Avg: 646662.9, Max: 646662.9, Diff: 0.0]
   [Code Root Fixup: 0.0 ms]
   [Code Root Purge: 0.0 ms]
   [Clear CT: 0.2 ms]
   [Other: 2.4 ms]
      [Choose CSet: 0.0 ms]
      [Ref Proc: 0.1 ms]
      [Ref Enq: 0.0 ms]
      [Redirty Cards: 0.2 ms]
      [Humongous Register: 0.1 ms]
      [Humongous Reclaim: 1.2 ms]
      [Free CSet: 0.0 ms]
   [Eden: 5120.0K(207.0M)->0.0B(222.0M) Survivors: 1024.0K->1024.0K Heap: 1938.2M(2048.0M)->50403.8K(2048.0M)]
 [Times: user=0.00 sys=0.00, real=0.00 secs] 
2024-10-11T20:51:23.414+0300: 646.665: Total time for which application threads were stopped: 0.3128796 seconds, Stopping threads took: 0.3072512 seconds
2024-10-11T20:51:35.283+0300: 658.539: Application time: 11.8741274 seconds
2024-10-11T20:51:39.919+0300: 663.164: [GC pause (G1 Humongous Allocation) (young) (initial-mark), 0.0032319 secs]
   [Parallel Time: 1.7 ms, GC Workers: 6]
      [GC Worker Start (ms): Min: 663164.2, Avg: 663164.3, Max: 663164.4, Diff: 0.2]
      [Ext Root Scanning (ms): Min: 0.4, Avg: 0.5, Max: 0.6, Diff: 0.2, Sum: 3.0]
      [Update RS (ms): Min: 0.9, Avg: 0.9, Max: 0.9, Diff: 0.0, Sum: 5.5]
         [Processed Buffers: Min: 16, Avg: 18.8, Max: 21, Diff: 5, Sum: 113]
      [Scan RS (ms): Min: 0.0, Avg: 0.0, Max: 0.0, Diff: 0.0, Sum: 0.0]
      [Code Root Scanning (ms): Min: 0.0, Avg: 0.0, Max: 0.0, Diff: 0.0, Sum: 0.0]
      [Object Copy (ms): Min: 0.0, Avg: 0.0, Max: 0.1, Diff: 0.0, Sum: 0.2]
      [Termination (ms): Min: 0.0, Avg: 0.0, Max: 0.0, Diff: 0.0, Sum: 0.0]
         [Termination Attempts: Min: 1, Avg: 1.0, Max: 1, Diff: 0, Sum: 6]
      [GC Worker Other (ms): Min: 0.0, Avg: 0.0, Max: 0.0, Diff: 0.0, Sum: 0.1]
      [GC Worker Total (ms): Min: 1.4, Avg: 1.5, Max: 1.6, Diff: 0.2, Sum: 8.8]
      [GC Worker End (ms): Min: 663165.8, Avg: 663165.8, Max: 663165.8, Diff: 0.0]
   [Code Root Fixup: 0.0 ms]
   [Code Root Purge: 0.0 ms]
   [Clear CT: 0.2 ms]
   [Other: 1.4 ms]
      [Choose CSet: 0.0 ms]
      [Ref Proc: 0.3 ms]
      [Ref Enq: 0.0 ms]
      [Redirty Cards: 0.2 ms]
      [Humongous Register: 0.1 ms]
      [Humongous Reclaim: 0.5 ms]
      [Free CSet: 0.0 ms]
   [Eden: 3072.0K(222.0M)->0.0B(191.0M) Survivors: 1024.0K->1024.0K Heap: 864.8M(2048.0M)->19153.8K(2048.0M)]
 [Times: user=0.00 sys=0.00, real=0.00 secs] 
2024-10-11T20:51:39.919+0300: 663.167: 2024-10-11T20:51:39.919+0300: [GC concurrent-root-region-scan-start]
663.167: Total time for which application threads were stopped: 4.6280368 seconds, Stopping threads took: 4.6245604 seconds
2024-10-11T20:51:39.919+0300: 663.168: [GC concurrent-root-region-scan-end, 0.0008307 secs]
2024-10-11T20:51:39.919+0300: 663.168: [GC concurrent-mark-start]
2024-10-11T20:51:39.919+0300: 663.179: [GC concurrent-mark-end, 0.0106168 secs]
2024-10-11T20:51:39.950+0300: 663.202: Application time: 0.0348521 seconds
2024-10-11T20:51:39.965+0300: 663.210: [GC remark 2024-10-11T20:51:39.965+0300: 663.211: [Finalize Marking, 0.0015527 secs] 2024-10-11T20:51:39.965+0300: 663.212: [GC ref-proc, 0.0000796 secs] 2024-10-11T20:51:39.965+0300: 663.212: [Unloading, 0.0012645 secs], 0.0032442 secs]
 [Times: user=0.00 sys=0.00, real=0.00 secs] 
2024-10-11T20:51:39.965+0300: 663.214: Total time for which application threads were stopped: 0.0117572 seconds, Stopping threads took: 0.0083922 seconds
2024-10-11T20:51:39.965+0300: 663.224: Application time: 0.0107745 seconds
2024-10-11T20:51:41.772+0300: 665.016: [GC cleanup 315M->315M(2048M), 0.0010629 secs]
 [Times: user=0.00 sys=0.00, real=0.00 secs] 
2024-10-11T20:51:41.772+0300: 665.017: Total time for which application threads were stopped: 1.7930219 seconds, Stopping threads took: 1.7918653 seconds
2024-10-11T20:52:16.519+0300: 699.778: Application time: 34.7603829 seconds
2024-10-11T20:52:18.530+0300: 701.775: [GC pause (G1 Humongous Allocation) (young), 0.0053059 secs]
   [Parallel Time: 2.5 ms, GC Workers: 6]
      [GC Worker Start (ms): Min: 701775.8, Avg: 701775.9, Max: 701776.0, Diff: 0.2]
      [Ext Root Scanning (ms): Min: 0.2, Avg: 0.2, Max: 0.3, Diff: 0.2, Sum: 1.5]
      [Update RS (ms): Min: 2.1, Avg: 2.1, Max: 2.1, Diff: 0.0, Sum: 12.4]
         [Processed Buffers: Min: 50, Avg: 52.3, Max: 54, Diff: 4, Sum: 314]
      [Scan RS (ms): Min: 0.0, Avg: 0.0, Max: 0.0, Diff: 0.0, Sum: 0.0]
      [Code Root Scanning (ms): Min: 0.0, Avg: 0.0, Max: 0.0, Diff: 0.0, Sum: 0.0]
      [Object Copy (ms): Min: 0.0, Avg: 0.1, Max: 0.1, Diff: 0.0, Sum: 0.3]
      [Termination (ms): Min: 0.0, Avg: 0.0, Max: 0.0, Diff: 0.0, Sum: 0.0]
         [Termination Attempts: Min: 1, Avg: 1.5, Max: 2, Diff: 1, Sum: 9]
      [GC Worker Other (ms): Min: 0.0, Avg: 0.0, Max: 0.0, Diff: 0.0, Sum: 0.1]
      [GC Worker Total (ms): Min: 2.3, Avg: 2.4, Max: 2.5, Diff: 0.2, Sum: 14.3]
      [GC Worker End (ms): Min: 701778.3, Avg: 701778.3, Max: 701778.3, Diff: 0.0]
   [Code Root Fixup: 0.0 ms]
   [Code Root Purge: 0.0 ms]
   [Clear CT: 0.3 ms]
   [Other: 2.5 ms]
      [Choose CSet: 0.0 ms]
      [Ref Proc: 0.1 ms]
      [Ref Enq: 0.0 ms]
      [Redirty Cards: 0.2 ms]
      [Humongous Register: 0.1 ms]
      [Humongous Reclaim: 1.2 ms]
      [Free CSet: 0.0 ms]
   [Eden: 5120.0K(191.0M)->0.0B(210.0M) Survivors: 1024.0K->1024.0K Heap: 1938.7M(2048.0M)->50403.8K(2048.0M)]
 [Times: user=0.00 sys=0.00, real=0.00 secs] 
2024-10-11T20:52:18.530+0300: 701.780: Total time for which application threads were stopped: 2.0024698 seconds, Stopping threads took: 1.9968203 seconds
2024-10-11T20:52:24.565+0300: 707.810: Application time: 6.0295200 seconds
2024-10-11T20:52:30.253+0300: 713.498: Total time for which application threads were stopped: 5.6880283 seconds, Stopping threads took: 5.6879086 seconds
2024-10-11T20:52:30.284+0300: 713.530: Application time: 0.0321107 seconds
2024-10-11T20:52:30.284+0300: 713.532: [GC pause (G1 Humongous Allocation) (young) (initial-mark), 0.0143106 secs]
   [Parallel Time: 11.4 ms, GC Workers: 6]
      [GC Worker Start (ms): Min: 713534.0, Avg: 713534.1, Max: 713534.2, Diff: 0.2]
      [Ext Root Scanning (ms): Min: 0.4, Avg: 0.4, Max: 0.5, Diff: 0.2, Sum: 2.5]
      [Update RS (ms): Min: 10.7, Avg: 10.7, Max: 10.7, Diff: 0.0, Sum: 64.1]
         [Processed Buffers: Min: 248, Avg: 256.3, Max: 263, Diff: 15, Sum: 1538]
      [Scan RS (ms): Min: 0.0, Avg: 0.0, Max: 0.0, Diff: 0.0, Sum: 0.0]
      [Code Root Scanning (ms): Min: 0.0, Avg: 0.0, Max: 0.0, Diff: 0.0, Sum: 0.0]
      [Object Copy (ms): Min: 0.1, Avg: 0.1, Max: 0.1, Diff: 0.0, Sum: 0.4]
      [Termination (ms): Min: 0.0, Avg: 0.0, Max: 0.0, Diff: 0.0, Sum: 0.0]
         [Termination Attempts: Min: 1, Avg: 1.5, Max: 2, Diff: 1, Sum: 9]
      [GC Worker Other (ms): Min: 0.0, Avg: 0.0, Max: 0.0, Diff: 0.0, Sum: 0.1]
      [GC Worker Total (ms): Min: 11.1, Avg: 11.2, Max: 11.3, Diff: 0.2, Sum: 67.1]
      [GC Worker End (ms): Min: 713545.3, Avg: 713545.3, Max: 713545.3, Diff: 0.0]
   [Code Root Fixup: 0.0 ms]
   [Code Root Purge: 0.0 ms]
   [Clear CT: 0.1 ms]
   [Other: 2.8 ms]
      [Choose CSet: 0.0 ms]
      [Ref Proc: 0.2 ms]
      [Ref Enq: 0.0 ms]
      [Redirty Cards: 0.1 ms]
      [Humongous Register: 0.0 ms]
      [Humongous Reclaim: 0.4 ms]
      [Free CSet: 0.0 ms]
   [Eden: 3072.0K(210.0M)->0.0B(181.0M) Survivors: 1024.0K->1024.0K Heap: 891.5M(2048.0M)->293.4M(2048.0M)]
 [Times: user=0.02 sys=0.00, real=0.02 secs] 
2024-10-11T20:52:30.300+0300: 713.546: [GC concurrent-root-region-scan-start]
2024-10-11T20:52:30.300+0300: 713.546: Total time for which application threads were stopped: 0.0164182 seconds, Stopping threads took: 0.0019343 seconds
2024-10-11T20:52:30.300+0300: 713.547: [GC concurrent-root-region-scan-end, 0.0006830 secs]
2024-10-11T20:52:30.300+0300: 713.547: [GC concurrent-mark-start]
2024-10-11T20:52:30.300+0300: 713.553: [GC concurrent-mark-end, 0.0038685 secs]
2024-10-11T20:52:30.300+0300: 713.553: Application time: 0.0070012 seconds
2024-10-11T20:52:32.074+0300: 715.320: [GC remark 2024-10-11T20:52:32.074+0300: 715.320: [Finalize Marking, 0.0003933 secs] 2024-10-11T20:52:32.074+0300: 715.320: [GC ref-proc, 0.0000819 secs] 2024-10-11T20:52:32.074+0300: 715.320: [Unloading, 0.0014573 secs], 0.0025261 secs]
 [Times: user=0.00 sys=0.00, real=0.00 secs] 
2024-10-11T20:52:32.074+0300: 715.322: Total time for which application threads were stopped: 1.7686990 seconds, Stopping threads took: 1.7660847 seconds
2024-10-11T20:52:32.074+0300: 715.322: Application time: 0.0001004 seconds
2024-10-11T20:52:34.304+0300: 717.549: [GC cleanup 314M->314M(2048M), 0.0015512 secs]
 [Times: user=0.00 sys=0.00, real=0.00 secs] 
2024-10-11T20:52:34.304+0300: 717.551: Total time for which application threads were stopped: 2.2286553 seconds, Stopping threads took: 2.2269834 seconds
2024-10-11T20:53:03.961+0300: 747.209: Application time: 29.6579232 seconds
2024-10-11T20:53:08.456+0300: 751.701: [GC pause (G1 Humongous Allocation) (young), 0.0056784 secs]
   [Parallel Time: 3.0 ms, GC Workers: 6]
      [GC Worker Start (ms): Min: 751702.0, Avg: 751702.0, Max: 751702.1, Diff: 0.1]
      [Ext Root Scanning (ms): Min: 0.3, Avg: 0.4, Max: 0.5, Diff: 0.1, Sum: 2.4]
      [Update RS (ms): Min: 2.3, Avg: 2.3, Max: 2.3, Diff: 0.0, Sum: 13.8]
         [Processed Buffers: Min: 47, Avg: 57.0, Max: 67, Diff: 20, Sum: 342]
      [Scan RS (ms): Min: 0.0, Avg: 0.0, Max: 0.0, Diff: 0.0, Sum: 0.0]
      [Code Root Scanning (ms): Min: 0.0, Avg: 0.0, Max: 0.0, Diff: 0.0, Sum: 0.0]
      [Object Copy (ms): Min: 0.1, Avg: 0.1, Max: 0.1, Diff: 0.0, Sum: 0.5]
      [Termination (ms): Min: 0.0, Avg: 0.0, Max: 0.0, Diff: 0.0, Sum: 0.0]
         [Termination Attempts: Min: 1, Avg: 1.7, Max: 3, Diff: 2, Sum: 10]
      [GC Worker Other (ms): Min: 0.0, Avg: 0.0, Max: 0.0, Diff: 0.0, Sum: 0.1]
      [GC Worker Total (ms): Min: 2.7, Avg: 2.8, Max: 2.9, Diff: 0.1, Sum: 16.7]
      [GC Worker End (ms): Min: 751704.8, Avg: 751704.8, Max: 751704.8, Diff: 0.0]
   [Code Root Fixup: 0.0 ms]
   [Code Root Purge: 0.0 ms]
   [Clear CT: 0.1 ms]
   [Other: 2.5 ms]
      [Choose CSet: 0.0 ms]
      [Ref Proc: 0.1 ms]
      [Ref Enq: 0.0 ms]
      [Redirty Cards: 0.2 ms]
      [Humongous Register: 0.1 ms]
      [Humongous Reclaim: 1.2 ms]
      [Free CSet: 0.0 ms]
   [Eden: 4096.0K(181.0M)->0.0B(219.0M) Survivors: 1024.0K->1024.0K Heap: 1937.1M(2048.0M)->50409.9K(2048.0M)]
 [Times: user=0.00 sys=0.00, real=0.00 secs] 
2024-10-11T20:53:08.456+0300: 751.707: Total time for which application threads were stopped: 4.4978595 seconds, Stopping threads took: 4.4918174 seconds
2024-10-11T20:53:20.276+0300: 763.529: Application time: 11.8225659 seconds
2024-10-11T20:53:24.959+0300: 768.204: [GC pause (G1 Humongous Allocation) (young) (initial-mark), 0.0038782 secs]
   [Parallel Time: 2.2 ms, GC Workers: 6]
      [GC Worker Start (ms): Min: 768203.9, Avg: 768204.2, Max: 768204.6, Diff: 0.7]
      [Ext Root Scanning (ms): Min: 0.0, Avg: 0.5, Max: 0.7, Diff: 0.7, Sum: 2.8]
      [Update RS (ms): Min: 1.1, Avg: 1.2, Max: 1.2, Diff: 0.1, Sum: 7.0]
         [Processed Buffers: Min: 19, Avg: 22.2, Max: 26, Diff: 7, Sum: 133]
      [Scan RS (ms): Min: 0.0, Avg: 0.0, Max: 0.0, Diff: 0.0, Sum: 0.0]
      [Code Root Scanning (ms): Min: 0.0, Avg: 0.0, Max: 0.0, Diff: 0.0, Sum: 0.0]
      [Object Copy (ms): Min: 0.1, Avg: 0.1, Max: 0.1, Diff: 0.1, Sum: 0.5]
      [Termination (ms): Min: 0.0, Avg: 0.0, Max: 0.0, Diff: 0.0, Sum: 0.0]
         [Termination Attempts: Min: 1, Avg: 1.2, Max: 2, Diff: 1, Sum: 7]
      [GC Worker Other (ms): Min: 0.0, Avg: 0.0, Max: 0.1, Diff: 0.1, Sum: 0.3]
      [GC Worker Total (ms): Min: 1.3, Avg: 1.8, Max: 2.1, Diff: 0.7, Sum: 10.6]
      [GC Worker End (ms): Min: 768205.9, Avg: 768205.9, Max: 768206.0, Diff: 0.1]
   [Code Root Fixup: 0.0 ms]
   [Code Root Purge: 0.0 ms]
   [Clear CT: 0.2 ms]
   [Other: 1.5 ms]
      [Choose CSet: 0.0 ms]
      [Ref Proc: 0.2 ms]
      [Ref Enq: 0.0 ms]
      [Redirty Cards: 0.2 ms]
      [Humongous Register: 0.1 ms]
      [Humongous Reclaim: 0.6 ms]
      [Free CSet: 0.0 ms]
   [Eden: 3072.0K(219.0M)->0.0B(189.0M) Survivors: 1024.0K->1024.0K Heap: 864.8M(2048.0M)->19161.9K(2048.0M)]
 [Times: user=0.00 sys=0.00, real=0.00 secs] 
2024-10-11T20:53:24.959+0300: 768.208: Total time for which application threads were stopped: 4.6782874 seconds, Stopping threads took: 4.6741411 seconds
2024-10-11T20:53:24.959+0300: 768.208: [GC concurrent-root-region-scan-start]
2024-10-11T20:53:24.959+0300: 768.208: [GC concurrent-root-region-scan-end, 0.0005774 secs]
2024-10-11T20:53:24.959+0300: 768.208: [GC concurrent-mark-start]
2024-10-11T20:53:24.959+0300: 768.214: [GC concurrent-mark-end, 0.0052180 secs]
2024-10-11T20:53:24.974+0300: 768.220: Application time: 0.0123627 seconds
2024-10-11T20:53:24.990+0300: 768.235: [GC remark 2024-10-11T20:53:24.990+0300: 768.235: [Finalize Marking, 0.0026827 secs] 2024-10-11T20:53:24.990+0300: 768.238: [GC ref-proc, 0.0001536 secs] 2024-10-11T20:53:24.990+0300: 768.238: [Unloading, 0.0013745 secs], 0.0046541 secs]
 [Times: user=0.00 sys=0.00, real=0.00 secs] 
2024-10-11T20:53:24.990+0300: 768.240: Total time for which application threads were stopped: 0.0200401 seconds, Stopping threads took: 0.0152674 seconds
2024-10-11T20:53:24.990+0300: 768.246: Application time: 0.0063317 seconds
2024-10-11T20:53:25.021+0300: 768.266: [GC cleanup 234M->234M(2048M), 0.0012228 secs]
 [Times: user=0.00 sys=0.00, real=0.00 secs] 
2024-10-11T20:53:25.021+0300: 768.267: Total time for which application threads were stopped: 0.0209292 seconds, Stopping threads took: 0.0196030 seconds
2024-10-11T20:53:30.931+0300: 774.181: Application time: 5.9142336 seconds
2024-10-11T20:53:35.647+0300: 778.892: Total time for which application threads were stopped: 4.7109396 seconds, Stopping threads took: 4.7108613 seconds
2024-10-11T20:53:35.647+0300: 778.893: Application time: 0.0001712 seconds
2024-10-11T20:53:35.647+0300: 778.893: Total time for which application threads were stopped: 0.0000798 seconds, Stopping threads took: 0.0000408 seconds
2024-10-11T20:53:35.647+0300: 778.893: Application time: 0.0001204 seconds
2024-10-11T20:53:35.647+0300: 778.893: Total time for which application threads were stopped: 0.0001267 seconds, Stopping threads took: 0.0000831 seconds
2024-10-11T20:53:35.647+0300: 778.898: Application time: 0.0049099 seconds
2024-10-11T20:53:35.663+0300: 778.908: Total time for which application threads were stopped: 0.0098742 seconds, Stopping threads took: 0.0097871 seconds
2024-10-11T20:53:41.698+0300: 784.943: Application time: 6.0349667 seconds
2024-10-11T20:53:47.387+0300: 790.632: Total time for which application threads were stopped: 5.6890211 seconds, Stopping threads took: 5.6889109 seconds
2024-10-11T20:53:59.188+0300: 802.443: Application time: 11.8111800 seconds
2024-10-11T20:54:02.094+0300: 805.339: [GC pause (G1 Humongous Allocation) (young), 0.0051699 secs]
   [Parallel Time: 3.0 ms, GC Workers: 6]
      [GC Worker Start (ms): Min: 805339.9, Avg: 805340.0, Max: 805340.1, Diff: 0.2]
      [Ext Root Scanning (ms): Min: 0.1, Avg: 0.2, Max: 0.3, Diff: 0.2, Sum: 1.3]
      [Update RS (ms): Min: 2.5, Avg: 2.5, Max: 2.5, Diff: 0.0, Sum: 14.9]
         [Processed Buffers: Min: 41, Avg: 62.3, Max: 83, Diff: 42, Sum: 374]
      [Scan RS (ms): Min: 0.0, Avg: 0.0, Max: 0.0, Diff: 0.0, Sum: 0.0]
      [Code Root Scanning (ms): Min: 0.0, Avg: 0.0, Max: 0.0, Diff: 0.0, Sum: 0.0]
      [Object Copy (ms): Min: 0.0, Avg: 0.0, Max: 0.1, Diff: 0.0, Sum: 0.2]
      [Termination (ms): Min: 0.0, Avg: 0.0, Max: 0.0, Diff: 0.0, Sum: 0.0]
         [Termination Attempts: Min: 1, Avg: 1.5, Max: 3, Diff: 2, Sum: 9]
      [GC Worker Other (ms): Min: 0.0, Avg: 0.0, Max: 0.0, Diff: 0.0, Sum: 0.1]
      [GC Worker Total (ms): Min: 2.7, Avg: 2.8, Max: 2.8, Diff: 0.2, Sum: 16.6]
      [GC Worker End (ms): Min: 805342.8, Avg: 805342.8, Max: 805342.8, Diff: 0.0]
   [Code Root Fixup: 0.0 ms]
   [Code Root Purge: 0.0 ms]
   [Clear CT: 0.2 ms]
   [Other: 2.0 ms]
      [Choose CSet: 0.0 ms]
      [Ref Proc: 0.2 ms]
      [Ref Enq: 0.0 ms]
      [Redirty Cards: 0.1 ms]
      [Humongous Register: 0.1 ms]
      [Humongous Reclaim: 1.2 ms]
      [Free CSet: 0.0 ms]
   [Eden: 7168.0K(189.0M)->0.0B(238.0M) Survivors: 1024.0K->1024.0K Heap: 1943.2M(2048.0M)->53546.4K(2048.0M)]
 [Times: user=0.00 sys=0.00, real=0.00 secs] 
2024-10-11T20:54:02.094+0300: 805.345: Total time for which application threads were stopped: 2.9018221 seconds, Stopping threads took: 2.8962820 seconds
2024-10-11T20:54:13.994+0300: 817.241: Application time: 11.8961818 seconds
2024-10-11T20:54:18.598+0300: 821.843: [GC pause (G1 Humongous Allocation) (young) (initial-mark), 0.0036017 secs]
   [Parallel Time: 2.0 ms, GC Workers: 6]
      [GC Worker Start (ms): Min: 821843.4, Avg: 821843.5, Max: 821843.7, Diff: 0.3]
      [Ext Root Scanning (ms): Min: 0.3, Avg: 0.5, Max: 0.6, Diff: 0.3, Sum: 2.7]
      [Update RS (ms): Min: 1.2, Avg: 1.2, Max: 1.3, Diff: 0.0, Sum: 7.5]
         [Processed Buffers: Min: 26, Avg: 29.2, Max: 32, Diff: 6, Sum: 175]
      [Scan RS (ms): Min: 0.0, Avg: 0.0, Max: 0.0, Diff: 0.0, Sum: 0.0]
      [Code Root Scanning (ms): Min: 0.0, Avg: 0.0, Max: 0.0, Diff: 0.0, Sum: 0.0]
      [Object Copy (ms): Min: 0.1, Avg: 0.1, Max: 0.1, Diff: 0.0, Sum: 0.4]
      [Termination (ms): Min: 0.0, Avg: 0.0, Max: 0.0, Diff: 0.0, Sum: 0.0]
         [Termination Attempts: Min: 1, Avg: 1.2, Max: 2, Diff: 1, Sum: 7]
      [GC Worker Other (ms): Min: 0.0, Avg: 0.0, Max: 0.0, Diff: 0.0, Sum: 0.1]
      [GC Worker Total (ms): Min: 1.6, Avg: 1.8, Max: 1.9, Diff: 0.3, Sum: 10.7]
      [GC Worker End (ms): Min: 821845.3, Avg: 821845.3, Max: 821845.3, Diff: 0.0]
   [Code Root Fixup: 0.0 ms]
   [Code Root Purge: 0.0 ms]
   [Clear CT: 0.2 ms]
   [Other: 1.4 ms]
      [Choose CSet: 0.0 ms]
      [Ref Proc: 0.2 ms]
      [Ref Enq: 0.0 ms]
      [Redirty Cards: 0.2 ms]
      [Humongous Register: 0.1 ms]
      [Humongous Reclaim: 0.5 ms]
      [Free CSet: 0.0 ms]
   [Eden: 3072.0K(238.0M)->0.0B(197.0M) Survivors: 1024.0K->1024.0K Heap: 864.8M(2048.0M)->19167.4K(2048.0M)]
 [Times: user=0.00 sys=0.00, real=0.00 secs] 
2024-10-11T20:54:18.598+0300: 821.847: Total time for which application threads were stopped: 4.6057444 seconds, Stopping threads took: 4.6018826 seconds
2024-10-11T20:54:18.598+0300: 821.847: [GC concurrent-root-region-scan-start]
2024-10-11T20:54:18.602+0300: 821.847: [GC concurrent-root-region-scan-end, 0.0004805 secs]
2024-10-11T20:54:18.602+0300: 821.847: [GC concurrent-mark-start]
2024-10-11T20:54:18.614+0300: 821.859: [GC concurrent-mark-end, 0.0056568 secs]
2024-10-11T20:54:18.614+0300: 821.860: Application time: 0.0129642 seconds
2024-10-11T20:54:18.630+0300: 821.875: [GC remark 2024-10-11T20:54:18.630+0300: 821.875: [Finalize Marking, 0.0027464 secs] 2024-10-11T20:54:18.630+0300: 821.878: [GC ref-proc, 0.0000767 secs] 2024-10-11T20:54:18.630+0300: 821.878: [Unloading, 0.0014260 secs], 0.0047034 secs]
 [Times: user=0.00 sys=0.00, real=0.00 secs] 
2024-10-11T20:54:18.630+0300: 821.879: Total time for which application threads were stopped: 0.0196951 seconds, Stopping threads took: 0.0148767 seconds
2024-10-11T20:54:18.630+0300: 821.888: Application time: 0.0089333 seconds
2024-10-11T20:54:20.420+0300: 823.665: [GC cleanup 267M->267M(2048M), 0.0015714 secs]
 [Times: user=0.00 sys=0.00, real=0.00 secs] 
2024-10-11T20:54:20.420+0300: 823.666: Total time for which application threads were stopped: 1.7781681 seconds, Stopping threads took: 1.7764398 seconds
2024-10-11T20:54:55.245+0300: 858.491: Application time: 34.8247285 seconds
2024-10-11T20:54:57.209+0300: 860.454: [GC pause (G1 Humongous Allocation) (young), 0.0059702 secs]
   [Parallel Time: 3.4 ms, GC Workers: 6]
      [GC Worker Start (ms): Min: 860454.9, Avg: 860455.0, Max: 860455.1, Diff: 0.2]
      [Ext Root Scanning (ms): Min: 0.3, Avg: 0.4, Max: 0.4, Diff: 0.2, Sum: 2.2]
      [Update RS (ms): Min: 2.8, Avg: 2.8, Max: 2.8, Diff: 0.0, Sum: 16.8]
         [Processed Buffers: Min: 63, Avg: 66.2, Max: 69, Diff: 6, Sum: 397]
      [Scan RS (ms): Min: 0.0, Avg: 0.0, Max: 0.0, Diff: 0.0, Sum: 0.0]
      [Code Root Scanning (ms): Min: 0.0, Avg: 0.0, Max: 0.0, Diff: 0.0, Sum: 0.0]
      [Object Copy (ms): Min: 0.0, Avg: 0.0, Max: 0.1, Diff: 0.0, Sum: 0.3]
      [Termination (ms): Min: 0.0, Avg: 0.0, Max: 0.0, Diff: 0.0, Sum: 0.0]
         [Termination Attempts: Min: 1, Avg: 1.0, Max: 1, Diff: 0, Sum: 6]
      [GC Worker Other (ms): Min: 0.0, Avg: 0.0, Max: 0.0, Diff: 0.0, Sum: 0.1]
      [GC Worker Total (ms): Min: 3.1, Avg: 3.2, Max: 3.3, Diff: 0.2, Sum: 19.4]
      [GC Worker End (ms): Min: 860458.2, Avg: 860458.2, Max: 860458.2, Diff: 0.0]
   [Code Root Fixup: 0.0 ms]
   [Code Root Purge: 0.0 ms]
   [Clear CT: 0.2 ms]
   [Other: 2.3 ms]
      [Choose CSet: 0.0 ms]
      [Ref Proc: 0.2 ms]
      [Ref Enq: 0.0 ms]
      [Redirty Cards: 0.2 ms]
      [Humongous Register: 0.1 ms]
      [Humongous Reclaim: 1.2 ms]
      [Free CSet: 0.0 ms]
   [Eden: 4096.0K(197.0M)->0.0B(214.0M) Survivors: 1024.0K->1024.0K Heap: 1937.7M(2048.0M)->50425.9K(2048.0M)]
 [Times: user=0.00 sys=0.00, real=0.00 secs] 
2024-10-11T20:54:57.209+0300: 860.460: Total time for which application threads were stopped: 1.9691415 seconds, Stopping threads took: 1.9627884 seconds
2024-10-11T20:55:09.136+0300: 872.384: Application time: 11.9235176 seconds
2024-10-11T20:55:13.756+0300: 877.001: [GC pause (G1 Humongous Allocation) (young) (initial-mark), 0.0034318 secs]
   [Parallel Time: 2.0 ms, GC Workers: 6]
      [GC Worker Start (ms): Min: 877001.4, Avg: 877001.5, Max: 877001.6, Diff: 0.2]
      [Ext Root Scanning (ms): Min: 0.4, Avg: 0.5, Max: 0.5, Diff: 0.1, Sum: 2.8]
      [Update RS (ms): Min: 1.1, Avg: 1.2, Max: 1.2, Diff: 0.1, Sum: 7.0]
         [Processed Buffers: Min: 23, Avg: 26.8, Max: 29, Diff: 6, Sum: 161]
      [Scan RS (ms): Min: 0.0, Avg: 0.0, Max: 0.0, Diff: 0.0, Sum: 0.0]
      [Code Root Scanning (ms): Min: 0.0, Avg: 0.0, Max: 0.0, Diff: 0.0, Sum: 0.0]
      [Object Copy (ms): Min: 0.0, Avg: 0.0, Max: 0.1, Diff: 0.0, Sum: 0.2]
      [Termination (ms): Min: 0.0, Avg: 0.0, Max: 0.0, Diff: 0.0, Sum: 0.0]
         [Termination Attempts: Min: 1, Avg: 1.0, Max: 1, Diff: 0, Sum: 6]
      [GC Worker Other (ms): Min: 0.0, Avg: 0.0, Max: 0.0, Diff: 0.0, Sum: 0.1]
      [GC Worker Total (ms): Min: 1.6, Avg: 1.7, Max: 1.8, Diff: 0.2, Sum: 10.1]
      [GC Worker End (ms): Min: 877003.2, Avg: 877003.2, Max: 877003.2, Diff: 0.0]
   [Code Root Fixup: 0.0 ms]
   [Code Root Purge: 0.0 ms]
   [Clear CT: 0.2 ms]
   [Other: 1.3 ms]
      [Choose CSet: 0.0 ms]
      [Ref Proc: 0.2 ms]
      [Ref Enq: 0.0 ms]
      [Redirty Cards: 0.2 ms]
      [Humongous Register: 0.1 ms]
      [Humongous Reclaim: 0.5 ms]
      [Free CSet: 0.0 ms]
   [Eden: 3072.0K(214.0M)->0.0B(188.0M) Survivors: 1024.0K->1024.0K Heap: 864.8M(2048.0M)->19182.2K(2048.0M)]
 [Times: user=0.00 sys=0.00, real=0.00 secs] 
2024-10-11T20:55:13.756+0300: 877.005: Total time for which application threads were stopped: 4.6206546 seconds, Stopping threads took: 4.6169762 seconds
2024-10-11T20:55:13.756+0300: 877.005: [GC concurrent-root-region-scan-start]
2024-10-11T20:55:13.756+0300: 877.005: [GC concurrent-root-region-scan-end, 0.0006651 secs]
2024-10-11T20:55:13.756+0300: 877.005: [GC concurrent-mark-start]
2024-10-11T20:55:13.772+0300: 877.017: [GC concurrent-mark-end, 0.0117637 secs]
2024-10-11T20:55:13.772+0300: 877.017: Application time: 0.0126307 seconds
2024-10-11T20:55:13.787+0300: 877.032: [GC remark 2024-10-11T20:55:13.787+0300: 877.032: [Finalize Marking, 0.0024100 secs] 2024-10-11T20:55:13.787+0300: 877.035: [GC ref-proc, 0.0001510 secs] 2024-10-11T20:55:13.787+0300: 877.035: [Unloading, 0.0015121 secs], 0.0043993 secs]
 [Times: user=0.00 sys=0.00, real=0.00 secs] 
2024-10-11T20:55:13.787+0300: 877.037: Total time for which application threads were stopped: 0.0193745 seconds, Stopping threads took: 0.0148762 seconds
2024-10-11T20:55:13.787+0300: 877.045: Application time: 0.0085220 seconds
2024-10-11T20:55:13.787+0300: 877.047: [GC cleanup 280M->280M(2048M), 0.0010869 secs]
 [Times: user=0.00 sys=0.00, real=0.02 secs] 
2024-10-11T20:55:13.803+0300: 877.048: Total time for which application threads were stopped: 0.0031250 seconds, Stopping threads took: 0.0019656 seconds
2024-10-11T20:55:48.781+0300: 912.031: Application time: 34.9829454 seconds
2024-10-11T20:55:51.183+0300: 914.429: [GC pause (G1 Humongous Allocation) (young), 0.0059269 secs]
   [Parallel Time: 3.3 ms, GC Workers: 6]
      [GC Worker Start (ms): Min: 914429.4, Avg: 914429.5, Max: 914429.6, Diff: 0.2]
      [Ext Root Scanning (ms): Min: 0.2, Avg: 0.3, Max: 0.4, Diff: 0.2, Sum: 1.6]
      [Update RS (ms): Min: 2.7, Avg: 2.7, Max: 2.8, Diff: 0.0, Sum: 16.4]
         [Processed Buffers: Min: 69, Avg: 69.2, Max: 70, Diff: 1, Sum: 415]
      [Scan RS (ms): Min: 0.0, Avg: 0.0, Max: 0.0, Diff: 0.0, Sum: 0.0]
      [Code Root Scanning (ms): Min: 0.0, Avg: 0.0, Max: 0.0, Diff: 0.0, Sum: 0.0]
      [Object Copy (ms): Min: 0.0, Avg: 0.0, Max: 0.0, Diff: 0.0, Sum: 0.2]
      [Termination (ms): Min: 0.0, Avg: 0.0, Max: 0.0, Diff: 0.0, Sum: 0.0]
         [Termination Attempts: Min: 1, Avg: 1.0, Max: 1, Diff: 0, Sum: 6]
      [GC Worker Other (ms): Min: 0.0, Avg: 0.0, Max: 0.0, Diff: 0.0, Sum: 0.1]
      [GC Worker Total (ms): Min: 3.0, Avg: 3.1, Max: 3.1, Diff: 0.2, Sum: 18.3]
      [GC Worker End (ms): Min: 914432.5, Avg: 914432.5, Max: 914432.5, Diff: 0.0]
   [Code Root Fixup: 0.0 ms]
   [Code Root Purge: 0.0 ms]
   [Clear CT: 0.2 ms]
   [Other: 2.4 ms]
      [Choose CSet: 0.0 ms]
      [Ref Proc: 0.1 ms]
      [Ref Enq: 0.0 ms]
      [Redirty Cards: 0.2 ms]
      [Humongous Register: 0.1 ms]
      [Humongous Reclaim: 1.2 ms]
      [Free CSet: 0.0 ms]
   [Eden: 5120.0K(188.0M)->0.0B(235.0M) Survivors: 1024.0K->1024.0K Heap: 1938.2M(2048.0M)->50434.3K(2048.0M)]
 [Times: user=0.00 sys=0.00, real=0.00 secs] 
2024-10-11T20:55:51.183+0300: 914.435: Total time for which application threads were stopped: 2.4034485 seconds, Stopping threads took: 2.3971530 seconds
2024-10-11T20:56:03.064+0300: 926.313: Application time: 11.8782304 seconds
2024-10-11T20:56:07.054+0300: 930.299: [GC pause (G1 Humongous Allocation) (young) (initial-mark), 0.0090133 secs]
   [Parallel Time: 4.1 ms, GC Workers: 6]
      [GC Worker Start (ms): Min: 930299.7, Avg: 930300.0, Max: 930300.2, Diff: 0.5]
      [Ext Root Scanning (ms): Min: 0.0, Avg: 1.7, Max: 3.5, Diff: 3.5, Sum: 10.3]
      [Update RS (ms): Min: 0.0, Avg: 1.9, Max: 3.3, Diff: 3.3, Sum: 11.4]
         [Processed Buffers: Min: 0, Avg: 63.8, Max: 117, Diff: 117, Sum: 383]
      [Scan RS (ms): Min: 0.0, Avg: 0.0, Max: 0.0, Diff: 0.0, Sum: 0.0]
      [Code Root Scanning (ms): Min: 0.0, Avg: 0.0, Max: 0.0, Diff: 0.0, Sum: 0.0]
      [Object Copy (ms): Min: 0.0, Avg: 0.1, Max: 0.1, Diff: 0.1, Sum: 0.3]
      [Termination (ms): Min: 0.0, Avg: 0.0, Max: 0.1, Diff: 0.1, Sum: 0.2]
         [Termination Attempts: Min: 1, Avg: 1.0, Max: 1, Diff: 0, Sum: 6]
      [GC Worker Other (ms): Min: 0.0, Avg: 0.0, Max: 0.0, Diff: 0.0, Sum: 0.1]
      [GC Worker Total (ms): Min: 3.5, Avg: 3.7, Max: 4.0, Diff: 0.5, Sum: 22.4]
      [GC Worker End (ms): Min: 930303.7, Avg: 930303.7, Max: 930303.7, Diff: 0.0]
   [Code Root Fixup: 0.0 ms]
   [Code Root Purge: 0.0 ms]
   [Clear CT: 0.1 ms]
   [Other: 4.8 ms]
      [Choose CSet: 0.0 ms]
      [Ref Proc: 0.1 ms]
      [Ref Enq: 0.0 ms]
      [Redirty Cards: 0.1 ms]
      [Humongous Register: 0.0 ms]
      [Humongous Reclaim: 3.7 ms]
      [Free CSet: 0.0 ms]
   [Eden: 3072.0K(235.0M)->0.0B(193.0M) Survivors: 1024.0K->1024.0K Heap: 864.0M(2048.0M)->69186.2K(2048.0M)]
 [Times: user=0.00 sys=0.00, real=0.00 secs] 
2024-10-11T20:56:07.054+0300: 930.308: Total time for which application threads were stopped: 3.9953427 seconds, Stopping threads took: 3.9860772 seconds
2024-10-11T20:56:07.054+0300: 930.308: [GC concurrent-root-region-scan-start]
2024-10-11T20:56:07.054+0300: 930.309: [GC concurrent-root-region-scan-end, 0.0006467 secs]
2024-10-11T20:56:07.054+0300: 930.309: [GC concurrent-mark-start]
2024-10-11T20:56:07.070+0300: 930.315: [GC concurrent-mark-end, 0.0057848 secs]
2024-10-11T20:56:07.070+0300: 930.317: Application time: 0.0083519 seconds
2024-10-11T20:56:09.002+0300: 932.247: [GC remark 2024-10-11T20:56:09.002+0300: 932.247: [Finalize Marking, 0.0022997 secs] 2024-10-11T20:56:09.002+0300: 932.249: [GC ref-proc, 0.0000777 secs] 2024-10-11T20:56:09.002+0300: 932.249: [Unloading, 0.0011672 secs], 0.0040733 secs]
 [Times: user=0.00 sys=0.00, real=0.00 secs] 
2024-10-11T20:56:09.002+0300: 932.251: Total time for which application threads were stopped: 1.9345959 seconds, Stopping threads took: 1.9303779 seconds
2024-10-11T20:56:09.002+0300: 932.255: Application time: 0.0038977 seconds
2024-10-11T20:56:09.018+0300: 932.264: [GC cleanup 189M->189M(2048M), 0.0015120 secs]
 [Times: user=0.00 sys=0.00, real=0.00 secs] 
2024-10-11T20:56:09.018+0300: 932.265: Total time for which application threads were stopped: 0.0101839 seconds, Stopping threads took: 0.0085787 seconds
2024-10-11T20:56:44.504+0300: 967.761: Application time: 35.4961145 seconds
2024-10-11T20:56:46.405+0300: 969.650: [GC pause (G1 Humongous Allocation) (young), 0.0063982 secs]
   [Parallel Time: 3.3 ms, GC Workers: 6]
      [GC Worker Start (ms): Min: 969651.5, Avg: 969651.6, Max: 969651.6, Diff: 0.1]
      [Ext Root Scanning (ms): Min: 0.3, Avg: 0.4, Max: 0.4, Diff: 0.1, Sum: 2.3]
      [Update RS (ms): Min: 2.7, Avg: 2.7, Max: 2.7, Diff: 0.0, Sum: 16.4]
         [Processed Buffers: Min: 65, Avg: 69.8, Max: 75, Diff: 10, Sum: 419]
      [Scan RS (ms): Min: 0.0, Avg: 0.0, Max: 0.0, Diff: 0.0, Sum: 0.0]
      [Code Root Scanning (ms): Min: 0.0, Avg: 0.0, Max: 0.0, Diff: 0.0, Sum: 0.0]
      [Object Copy (ms): Min: 0.1, Avg: 0.1, Max: 0.1, Diff: 0.0, Sum: 0.5]
      [Termination (ms): Min: 0.0, Avg: 0.0, Max: 0.0, Diff: 0.0, Sum: 0.0]
         [Termination Attempts: Min: 1, Avg: 1.5, Max: 2, Diff: 1, Sum: 9]
      [GC Worker Other (ms): Min: 0.0, Avg: 0.0, Max: 0.0, Diff: 0.0, Sum: 0.1]
      [GC Worker Total (ms): Min: 3.1, Avg: 3.2, Max: 3.3, Diff: 0.1, Sum: 19.2]
      [GC Worker End (ms): Min: 969654.8, Avg: 969654.8, Max: 969654.8, Diff: 0.0]
   [Code Root Fixup: 0.0 ms]
   [Code Root Purge: 0.0 ms]
   [Clear CT: 0.3 ms]
   [Other: 2.8 ms]
      [Choose CSet: 0.0 ms]
      [Ref Proc: 0.1 ms]
      [Ref Enq: 0.0 ms]
      [Redirty Cards: 0.2 ms]
      [Humongous Register: 0.1 ms]
      [Humongous Reclaim: 1.3 ms]
      [Free CSet: 0.0 ms]
   [Eden: 4096.0K(193.0M)->0.0B(175.0M) Survivors: 1024.0K->1024.0K Heap: 1937.7M(2048.0M)->50440.1K(2048.0M)]
 [Times: user=0.00 sys=0.00, real=0.00 secs] 
2024-10-11T20:56:46.405+0300: 969.657: Total time for which application threads were stopped: 1.8954502 seconds, Stopping threads took: 1.8886951 seconds
2024-10-11T20:56:58.269+0300: 981.519: Application time: 11.8623415 seconds
2024-10-11T20:57:01.914+0300: 985.159: [GC pause (G1 Humongous Allocation) (young) (initial-mark), 0.0056303 secs]
   [Parallel Time: 3.6 ms, GC Workers: 6]
      [GC Worker Start (ms): Min: 985160.5, Avg: 985160.6, Max: 985160.6, Diff: 0.1]
      [Ext Root Scanning (ms): Min: 0.3, Avg: 0.3, Max: 0.4, Diff: 0.1, Sum: 1.9]
      [Update RS (ms): Min: 3.1, Avg: 3.1, Max: 3.1, Diff: 0.1, Sum: 18.7]
         [Processed Buffers: Min: 73, Avg: 78.5, Max: 84, Diff: 11, Sum: 471]
      [Scan RS (ms): Min: 0.0, Avg: 0.0, Max: 0.0, Diff: 0.0, Sum: 0.0]
      [Code Root Scanning (ms): Min: 0.0, Avg: 0.0, Max: 0.0, Diff: 0.0, Sum: 0.0]
      [Object Copy (ms): Min: 0.0, Avg: 0.1, Max: 0.1, Diff: 0.1, Sum: 0.4]
      [Termination (ms): Min: 0.0, Avg: 0.0, Max: 0.0, Diff: 0.0, Sum: 0.0]
         [Termination Attempts: Min: 1, Avg: 2.3, Max: 3, Diff: 2, Sum: 14]
      [GC Worker Other (ms): Min: 0.0, Avg: 0.0, Max: 0.0, Diff: 0.0, Sum: 0.1]
      [GC Worker Total (ms): Min: 3.5, Avg: 3.5, Max: 3.5, Diff: 0.1, Sum: 21.0]
      [GC Worker End (ms): Min: 985164.1, Avg: 985164.1, Max: 985164.1, Diff: 0.0]
   [Code Root Fixup: 0.0 ms]
   [Code Root Purge: 0.0 ms]
   [Clear CT: 0.1 ms]
   [Other: 1.9 ms]
      [Choose CSet: 0.0 ms]
      [Ref Proc: 0.1 ms]
      [Ref Enq: 0.0 ms]
      [Redirty Cards: 0.1 ms]
      [Humongous Register: 0.1 ms]
      [Humongous Reclaim: 0.5 ms]
      [Free CSet: 0.0 ms]
   [Eden: 3072.0K(175.0M)->0.0B(167.0M) Survivors: 1024.0K->1024.0K Heap: 879.2M(2048.0M)->84830.4K(2048.0M)]
 [Times: user=0.00 sys=0.00, real=0.00 secs] 
2024-10-11T20:57:01.914+0300: 985.165: Total time for which application threads were stopped: 3.6459885 seconds, Stopping threads took: 3.6401094 seconds
2024-10-11T20:57:01.914+0300: 985.165: [GC concurrent-root-region-scan-start]
2024-10-11T20:57:01.914+0300: 985.166: [GC concurrent-root-region-scan-end, 0.0010671 secs]
2024-10-11T20:57:01.914+0300: 985.166: [GC concurrent-mark-start]
2024-10-11T20:57:01.930+0300: 985.175: [GC concurrent-mark-end, 0.0052428 secs]
2024-10-11T20:57:01.946+0300: 985.191: Application time: 0.0263378 seconds
2024-10-11T20:57:03.720+0300: 986.966: [GC remark 2024-10-11T20:57:03.720+0300: 986.966: [Finalize Marking, 0.0018921 secs] 2024-10-11T20:57:03.720+0300: 986.968: [GC ref-proc, 0.0000871 secs] 2024-10-11T20:57:03.720+0300: 986.968: [Unloading, 0.0018503 secs], 0.0042965 secs]
 [Times: user=0.00 sys=0.00, real=0.00 secs] 
2024-10-11T20:57:03.720+0300: 986.970: Total time for which application threads were stopped: 1.7783701 seconds, Stopping threads took: 1.7739543 seconds
2024-10-11T20:57:03.720+0300: 986.975: Application time: 0.0056271 seconds
2024-10-11T20:57:03.720+0300: 986.976: [GC cleanup 266M->266M(2048M), 0.0010215 secs]
 [Times: user=0.00 sys=0.00, real=0.00 secs] 
2024-10-11T20:57:03.720+0300: 986.977: Total time for which application threads were stopped: 0.0012666 seconds, Stopping threads took: 0.0001792 seconds
2024-10-11T20:57:38.548+0300: 1021.800: Application time: 34.8236456 seconds
2024-10-11T20:57:40.542+0300: 1023.788: [GC pause (G1 Humongous Allocation) (young), 0.0068532 secs]
   [Parallel Time: 4.0 ms, GC Workers: 6]
      [GC Worker Start (ms): Min: 1023788.8, Avg: 1023788.9, Max: 1023789.0, Diff: 0.1]
      [Ext Root Scanning (ms): Min: 0.2, Avg: 0.2, Max: 0.3, Diff: 0.1, Sum: 1.4]
      [Update RS (ms): Min: 3.5, Avg: 3.5, Max: 3.5, Diff: 0.0, Sum: 20.8]
         [Processed Buffers: Min: 57, Avg: 76.8, Max: 97, Diff: 40, Sum: 461]
      [Scan RS (ms): Min: 0.0, Avg: 0.0, Max: 0.0, Diff: 0.0, Sum: 0.0]
      [Code Root Scanning (ms): Min: 0.0, Avg: 0.0, Max: 0.0, Diff: 0.0, Sum: 0.0]
      [Object Copy (ms): Min: 0.1, Avg: 0.1, Max: 0.1, Diff: 0.0, Sum: 0.5]
      [Termination (ms): Min: 0.0, Avg: 0.0, Max: 0.0, Diff: 0.0, Sum: 0.0]
         [Termination Attempts: Min: 1, Avg: 1.2, Max: 2, Diff: 1, Sum: 7]
      [GC Worker Other (ms): Min: 0.0, Avg: 0.0, Max: 0.0, Diff: 0.0, Sum: 0.1]
      [GC Worker Total (ms): Min: 3.7, Avg: 3.8, Max: 3.8, Diff: 0.1, Sum: 22.7]
      [GC Worker End (ms): Min: 1023792.7, Avg: 1023792.7, Max: 1023792.7, Diff: 0.0]
   [Code Root Fixup: 0.0 ms]
   [Code Root Purge: 0.0 ms]
   [Clear CT: 0.2 ms]
   [Other: 2.6 ms]
      [Choose CSet: 0.0 ms]
      [Ref Proc: 0.1 ms]
      [Ref Enq: 0.0 ms]
      [Redirty Cards: 0.2 ms]
      [Humongous Register: 0.1 ms]
      [Humongous Reclaim: 1.2 ms]
      [Free CSet: 0.0 ms]
   [Eden: 5120.0K(167.0M)->0.0B(204.0M) Survivors: 1024.0K->1024.0K Heap: 1938.2M(2048.0M)->50455.1K(2048.0M)]
 [Times: user=0.00 sys=0.00, real=0.00 secs] 
2024-10-11T20:57:40.542+0300: 1023.795: Total time for which application threads were stopped: 1.9944420 seconds, Stopping threads took: 1.9872188 seconds
2024-10-11T20:57:45.162+0300: 1028.412: Application time: 4.6173538 seconds
2024-10-11T20:57:45.334+0300: 1028.579: Total time for which application threads were stopped: 0.1669038 seconds, Stopping threads took: 0.1667890 seconds
2024-10-11T20:57:45.334+0300: 1028.579: Application time: 0.0003573 seconds
2024-10-11T20:57:45.334+0300: 1028.580: Total time for which application threads were stopped: 0.0001956 seconds, Stopping threads took: 0.0001559 seconds
2024-10-11T20:57:45.334+0300: 1028.580: Application time: 0.0001536 seconds
2024-10-11T20:57:45.334+0300: 1028.580: Total time for which application threads were stopped: 0.0000470 seconds, Stopping threads took: 0.0000185 seconds
2024-10-11T20:57:45.334+0300: 1028.585: Application time: 0.0048271 seconds
2024-10-11T20:57:45.334+0300: 1028.585: Total time for which application threads were stopped: 0.0002577 seconds, Stopping threads took: 0.0002011 seconds
2024-10-11T20:57:56.916+0300: 1040.169: Application time: 11.5836484 seconds
2024-10-11T20:57:57.089+0300: 1040.334: [GC pause (G1 Humongous Allocation) (young) (initial-mark), 0.0041150 secs]
   [Parallel Time: 2.7 ms, GC Workers: 6]
      [GC Worker Start (ms): Min: 1040334.4, Avg: 1040334.5, Max: 1040334.5, Diff: 0.1]
      [Ext Root Scanning (ms): Min: 0.4, Avg: 0.5, Max: 0.5, Diff: 0.1, Sum: 2.9]
      [Update RS (ms): Min: 1.7, Avg: 1.8, Max: 1.8, Diff: 0.1, Sum: 10.6]
         [Processed Buffers: Min: 19, Avg: 38.3, Max: 55, Diff: 36, Sum: 230]
      [Scan RS (ms): Min: 0.0, Avg: 0.0, Max: 0.0, Diff: 0.0, Sum: 0.0]
      [Code Root Scanning (ms): Min: 0.0, Avg: 0.0, Max: 0.0, Diff: 0.0, Sum: 0.0]
      [Object Copy (ms): Min: 0.1, Avg: 0.1, Max: 0.2, Diff: 0.1, Sum: 0.7]
      [Termination (ms): Min: 0.0, Avg: 0.0, Max: 0.0, Diff: 0.0, Sum: 0.1]
         [Termination Attempts: Min: 1, Avg: 1.0, Max: 1, Diff: 0, Sum: 6]
      [GC Worker Other (ms): Min: 0.0, Avg: 0.0, Max: 0.0, Diff: 0.0, Sum: 0.1]
      [GC Worker Total (ms): Min: 2.3, Avg: 2.4, Max: 2.4, Diff: 0.1, Sum: 14.4]
      [GC Worker End (ms): Min: 1040336.9, Avg: 1040336.9, Max: 1040336.9, Diff: 0.0]
   [Code Root Fixup: 0.0 ms]
   [Code Root Purge: 0.0 ms]
   [Clear CT: 0.2 ms]
   [Other: 1.3 ms]
      [Choose CSet: 0.0 ms]
      [Ref Proc: 0.1 ms]
      [Ref Enq: 0.0 ms]
      [Redirty Cards: 0.2 ms]
      [Humongous Register: 0.1 ms]
      [Humongous Reclaim: 0.5 ms]
      [Free CSet: 0.0 ms]
   [Eden: 7168.0K(204.0M)->0.0B(261.0M) Survivors: 1024.0K->1024.0K Heap: 868.3M(2048.0M)->19231.5K(2048.0M)]
 [Times: user=0.00 sys=0.00, real=0.00 secs] 
2024-10-11T20:57:57.089+0300: 1040.338: Total time for which application threads were stopped: 0.1696486 seconds, Stopping threads took: 0.1652820 seconds
2024-10-11T20:57:57.089+0300: 1040.338: [GC concurrent-root-region-scan-start]
2024-10-11T20:57:57.089+0300: 1040.339: [GC concurrent-root-region-scan-end, 0.0007195 secs]
2024-10-11T20:57:57.089+0300: 1040.339: [GC concurrent-mark-start]
2024-10-11T20:57:57.105+0300: 1040.350: [GC concurrent-mark-end, 0.0055594 secs]
2024-10-11T20:57:57.120+0300: 1040.370: Application time: 0.0315919 seconds
2024-10-11T20:57:57.136+0300: 1040.381: [GC remark 2024-10-11T20:57:57.136+0300: 1040.381: [Finalize Marking, 0.0021223 secs] 2024-10-11T20:57:57.136+0300: 1040.383: [GC ref-proc, 0.0000769 secs] 2024-10-11T20:57:57.136+0300: 1040.383: [Unloading, 0.0014708 secs], 0.0041155 secs]
 [Times: user=0.00 sys=0.00, real=0.00 secs] 
2024-10-11T20:57:57.136+0300: 1040.385: Total time for which application threads were stopped: 0.0153335 seconds, Stopping threads took: 0.0110923 seconds
2024-10-11T20:57:57.152+0300: 1040.396: Application time: 0.0111371 seconds
2024-10-11T20:57:57.167+0300: 1040.412: [GC cleanup 284M->284M(2048M), 0.0017105 secs]
 [Times: user=0.00 sys=0.00, real=0.00 secs] 
2024-10-11T20:57:57.167+0300: 1040.414: Total time for which application threads were stopped: 0.0175072 seconds, Stopping threads took: 0.0156574 seconds
2024-10-11T20:58:32.212+0300: 1075.463: Application time: 35.0495154 seconds
2024-10-11T20:58:34.473+0300: 1077.718: [GC pause (G1 Humongous Allocation) (young), 0.0068021 secs]
   [Parallel Time: 3.9 ms, GC Workers: 6]
      [GC Worker Start (ms): Min: 1077719.1, Avg: 1077719.2, Max: 1077719.2, Diff: 0.1]
      [Ext Root Scanning (ms): Min: 0.2, Avg: 0.2, Max: 0.3, Diff: 0.1, Sum: 1.4]
      [Update RS (ms): Min: 3.4, Avg: 3.4, Max: 3.4, Diff: 0.0, Sum: 20.4]
         [Processed Buffers: Min: 81, Avg: 86.0, Max: 90, Diff: 9, Sum: 516]
      [Scan RS (ms): Min: 0.0, Avg: 0.0, Max: 0.0, Diff: 0.0, Sum: 0.0]
      [Code Root Scanning (ms): Min: 0.0, Avg: 0.0, Max: 0.0, Diff: 0.0, Sum: 0.0]
      [Object Copy (ms): Min: 0.0, Avg: 0.1, Max: 0.1, Diff: 0.0, Sum: 0.3]
      [Termination (ms): Min: 0.0, Avg: 0.0, Max: 0.0, Diff: 0.0, Sum: 0.0]
         [Termination Attempts: Min: 1, Avg: 1.0, Max: 1, Diff: 0, Sum: 6]
      [GC Worker Other (ms): Min: 0.0, Avg: 0.0, Max: 0.0, Diff: 0.0, Sum: 0.0]
      [GC Worker Total (ms): Min: 3.7, Avg: 3.7, Max: 3.8, Diff: 0.1, Sum: 22.3]
      [GC Worker End (ms): Min: 1077722.9, Avg: 1077722.9, Max: 1077722.9, Diff: 0.0]
   [Code Root Fixup: 0.0 ms]
   [Code Root Purge: 0.0 ms]
   [Clear CT: 0.2 ms]
   [Other: 2.7 ms]
      [Choose CSet: 0.0 ms]
      [Ref Proc: 0.2 ms]
      [Ref Enq: 0.0 ms]
      [Redirty Cards: 0.2 ms]
      [Humongous Register: 0.1 ms]
      [Humongous Reclaim: 1.2 ms]
      [Free CSet: 0.0 ms]
   [Eden: 5120.0K(261.0M)->0.0B(334.0M) Survivors: 1024.0K->1024.0K Heap: 1941.3M(2048.0M)->53607.5K(2048.0M)]
 [Times: user=0.02 sys=0.00, real=0.00 secs] 
2024-10-11T20:58:34.478+0300: 1077.725: Total time for which application threads were stopped: 2.2616354 seconds, Stopping threads took: 2.2544426 seconds
2024-10-11T20:58:46.387+0300: 1089.641: Application time: 11.9155339 seconds
2024-10-11T20:58:51.022+0300: 1094.267: [GC pause (G1 Humongous Allocation) (young) (initial-mark), 0.0040707 secs]
   [Parallel Time: 2.6 ms, GC Workers: 6]
      [GC Worker Start (ms): Min: 1094267.9, Avg: 1094268.0, Max: 1094268.0, Diff: 0.2]
      [Ext Root Scanning (ms): Min: 0.3, Avg: 0.4, Max: 0.5, Diff: 0.2, Sum: 2.4]
      [Update RS (ms): Min: 1.8, Avg: 1.8, Max: 1.8, Diff: 0.0, Sum: 10.9]
         [Processed Buffers: Min: 36, Avg: 43.8, Max: 53, Diff: 17, Sum: 263]
      [Scan RS (ms): Min: 0.0, Avg: 0.0, Max: 0.0, Diff: 0.0, Sum: 0.0]
      [Code Root Scanning (ms): Min: 0.0, Avg: 0.0, Max: 0.0, Diff: 0.0, Sum: 0.0]
      [Object Copy (ms): Min: 0.1, Avg: 0.1, Max: 0.1, Diff: 0.0, Sum: 0.4]
      [Termination (ms): Min: 0.0, Avg: 0.0, Max: 0.0, Diff: 0.0, Sum: 0.0]
         [Termination Attempts: Min: 1, Avg: 1.3, Max: 2, Diff: 1, Sum: 8]
      [GC Worker Other (ms): Min: 0.0, Avg: 0.0, Max: 0.0, Diff: 0.0, Sum: 0.1]
      [GC Worker Total (ms): Min: 2.2, Avg: 2.3, Max: 2.4, Diff: 0.2, Sum: 13.8]
      [GC Worker End (ms): Min: 1094270.3, Avg: 1094270.3, Max: 1094270.3, Diff: 0.0]
   [Code Root Fixup: 0.0 ms]
   [Code Root Purge: 0.0 ms]
   [Clear CT: 0.2 ms]
   [Other: 1.3 ms]
      [Choose CSet: 0.0 ms]
      [Ref Proc: 0.2 ms]
      [Ref Enq: 0.0 ms]
      [Redirty Cards: 0.2 ms]
      [Humongous Register: 0.1 ms]
      [Humongous Reclaim: 0.5 ms]
      [Free CSet: 0.0 ms]
   [Eden: 3072.0K(334.0M)->0.0B(228.0M) Survivors: 1024.0K->1024.0K Heap: 864.8M(2048.0M)->19243.7K(2048.0M)]
 [Times: user=0.00 sys=0.00, real=0.00 secs] 
2024-10-11T20:58:51.022+0300: 1094.272: [GC concurrent-root-region-scan-start]
2024-10-11T20:58:51.022+0300: 1094.272: Total time for which application threads were stopped: 4.6310270 seconds, Stopping threads took: 4.6267008 seconds
2024-10-11T20:58:51.022+0300: 1094.272: [GC concurrent-root-region-scan-end, 0.0004332 secs]
2024-10-11T20:58:51.022+0300: 1094.272: [GC concurrent-mark-start]
2024-10-11T20:58:51.054+0300: 1094.298: [GC concurrent-mark-end, 0.0115418 secs]
2024-10-11T20:58:51.054+0300: 1094.306: Application time: 0.0343545 seconds
2024-10-11T20:58:51.069+0300: 1094.314: [GC remark 2024-10-11T20:58:51.069+0300: 1094.314: [Finalize Marking, 0.0019149 secs] 2024-10-11T20:58:51.069+0300: 1094.316: [GC ref-proc, 0.0000711 secs] 2024-10-11T20:58:51.069+0300: 1094.316: [Unloading, 0.0013581 secs], 0.0037171 secs]
 [Times: user=0.00 sys=0.00, real=0.00 secs] 
2024-10-11T20:58:51.069+0300: 1094.318: Total time for which application threads were stopped: 0.0117392 seconds, Stopping threads took: 0.0079447 seconds
2024-10-11T20:58:51.069+0300: 1094.318: Application time: 0.0001068 seconds
2024-10-11T20:58:51.069+0300: 1094.318: [GC cleanup 296M->296M(2048M), 0.0008569 secs]
 [Times: user=0.00 sys=0.00, real=0.00 secs] 
2024-10-11T20:58:51.069+0300: 1094.319: Total time for which application threads were stopped: 0.0014856 seconds, Stopping threads took: 0.0005676 seconds
2024-10-11T20:59:26.111+0300: 1129.356: Application time: 35.0372131 seconds
2024-10-11T20:59:28.403+0300: 1131.649: [GC pause (G1 Humongous Allocation) (young), 0.0067532 secs]
   [Parallel Time: 4.1 ms, GC Workers: 6]
      [GC Worker Start (ms): Min: 1131649.6, Avg: 1131649.6, Max: 1131649.7, Diff: 0.1]
      [Ext Root Scanning (ms): Min: 0.2, Avg: 0.3, Max: 0.3, Diff: 0.1, Sum: 1.5]
      [Update RS (ms): Min: 3.6, Avg: 3.6, Max: 3.6, Diff: 0.0, Sum: 21.4]
         [Processed Buffers: Min: 63, Avg: 87.8, Max: 112, Diff: 49, Sum: 527]
      [Scan RS (ms): Min: 0.0, Avg: 0.0, Max: 0.0, Diff: 0.0, Sum: 0.0]
      [Code Root Scanning (ms): Min: 0.0, Avg: 0.0, Max: 0.0, Diff: 0.0, Sum: 0.0]
      [Object Copy (ms): Min: 0.1, Avg: 0.1, Max: 0.1, Diff: 0.0, Sum: 0.4]
      [Termination (ms): Min: 0.0, Avg: 0.0, Max: 0.0, Diff: 0.0, Sum: 0.0]
         [Termination Attempts: Min: 1, Avg: 1.8, Max: 3, Diff: 2, Sum: 11]
      [GC Worker Other (ms): Min: 0.0, Avg: 0.0, Max: 0.0, Diff: 0.0, Sum: 0.1]
      [GC Worker Total (ms): Min: 3.8, Avg: 3.9, Max: 4.0, Diff: 0.1, Sum: 23.4]
      [GC Worker End (ms): Min: 1131653.5, Avg: 1131653.5, Max: 1131653.5, Diff: 0.0]
   [Code Root Fixup: 0.0 ms]
   [Code Root Purge: 0.0 ms]
   [Clear CT: 0.2 ms]
   [Other: 2.5 ms]
      [Choose CSet: 0.0 ms]
      [Ref Proc: 0.1 ms]
      [Ref Enq: 0.0 ms]
      [Redirty Cards: 0.2 ms]
      [Humongous Register: 0.1 ms]
      [Humongous Reclaim: 1.2 ms]
      [Free CSet: 0.0 ms]
   [Eden: 5120.0K(228.0M)->0.0B(240.0M) Survivors: 1024.0K->1024.0K Heap: 1938.3M(2048.0M)->50470.7K(2048.0M)]
 [Times: user=0.00 sys=0.00, real=0.00 secs] 
2024-10-11T20:59:28.403+0300: 1131.655: Total time for which application threads were stopped: 2.2989589 seconds, Stopping threads took: 2.2918289 seconds
2024-10-11T20:59:40.271+0300: 1143.518: Application time: 11.8625833 seconds
2024-10-11T20:59:43.899+0300: 1147.144: [GC pause (G1 Humongous Allocation) (young) (initial-mark), 0.0090380 secs]
   [Parallel Time: 6.6 ms, GC Workers: 6]
      [GC Worker Start (ms): Min: 1147145.0, Avg: 1147145.1, Max: 1147145.2, Diff: 0.1]
      [Ext Root Scanning (ms): Min: 0.2, Avg: 0.3, Max: 0.4, Diff: 0.1, Sum: 1.8]
      [Update RS (ms): Min: 5.9, Avg: 5.9, Max: 6.0, Diff: 0.0, Sum: 35.7]
         [Processed Buffers: Min: 134, Avg: 143.0, Max: 152, Diff: 18, Sum: 858]
      [Scan RS (ms): Min: 0.0, Avg: 0.0, Max: 0.0, Diff: 0.0, Sum: 0.0]
      [Code Root Scanning (ms): Min: 0.0, Avg: 0.0, Max: 0.0, Diff: 0.0, Sum: 0.0]
      [Object Copy (ms): Min: 0.0, Avg: 0.1, Max: 0.1, Diff: 0.0, Sum: 0.3]
      [Termination (ms): Min: 0.0, Avg: 0.0, Max: 0.0, Diff: 0.0, Sum: 0.0]
         [Termination Attempts: Min: 1, Avg: 1.0, Max: 1, Diff: 0, Sum: 6]
      [GC Worker Other (ms): Min: 0.0, Avg: 0.0, Max: 0.0, Diff: 0.0, Sum: 0.1]
      [GC Worker Total (ms): Min: 6.2, Avg: 6.3, Max: 6.4, Diff: 0.1, Sum: 37.8]
      [GC Worker End (ms): Min: 1147151.4, Avg: 1147151.4, Max: 1147151.4, Diff: 0.0]
   [Code Root Fixup: 0.0 ms]
   [Code Root Purge: 0.0 ms]
   [Clear CT: 0.2 ms]
   [Other: 2.2 ms]
      [Choose CSet: 0.0 ms]
      [Ref Proc: 0.1 ms]
      [Ref Enq: 0.0 ms]
      [Redirty Cards: 0.2 ms]
      [Humongous Register: 0.0 ms]
      [Humongous Reclaim: 0.5 ms]
      [Free CSet: 0.0 ms]
   [Eden: 3072.0K(240.0M)->0.0B(197.0M) Survivors: 1024.0K->1024.0K Heap: 879.3M(2048.0M)->84857.9K(2048.0M)]
 [Times: user=0.00 sys=0.00, real=0.00 secs] 
2024-10-11T20:59:43.899+0300: 1147.153: Total time for which application threads were stopped: 3.6347756 seconds, Stopping threads took: 3.6254989 seconds
2024-10-11T20:59:43.899+0300: 1147.153: [GC concurrent-root-region-scan-start]
2024-10-11T20:59:43.899+0300: 1147.154: [GC concurrent-root-region-scan-end, 0.0009309 secs]
2024-10-11T20:59:43.899+0300: 1147.154: [GC concurrent-mark-start]
2024-10-11T20:59:43.914+0300: 1147.160: [GC concurrent-mark-end, 0.0057987 secs]
2024-10-11T20:59:43.914+0300: 1147.160: Application time: 0.0070339 seconds
2024-10-11T20:59:43.930+0300: 1147.175: [GC remark 2024-10-11T20:59:43.930+0300: 1147.175: [Finalize Marking, 0.0008916 secs] 2024-10-11T20:59:43.930+0300: 1147.176: [GC ref-proc, 0.0000775 secs] 2024-10-11T20:59:43.930+0300: 1147.176: [Unloading, 0.0012515 secs], 0.0026689 secs]
 [Times: user=0.00 sys=0.00, real=0.00 secs] 
2024-10-11T20:59:43.930+0300: 1147.178: Total time for which application threads were stopped: 0.0181463 seconds, Stopping threads took: 0.0153791 seconds
2024-10-11T20:59:43.930+0300: 1147.180: Application time: 0.0021838 seconds
2024-10-11T20:59:43.946+0300: 1147.191: [GC cleanup 219M->219M(2048M), 0.0020210 secs]
 [Times: user=0.00 sys=0.00, real=0.00 secs] 
2024-10-11T20:59:43.946+0300: 1147.193: Total time for which application threads were stopped: 0.0124242 seconds, Stopping threads took: 0.0102907 seconds
2024-10-11T21:00:18.911+0300: 1182.158: Application time: 34.9656160 seconds
2024-10-11T21:00:21.377+0300: 1184.622: [GC pause (G1 Humongous Allocation) (young), 0.0072691 secs]
   [Parallel Time: 4.4 ms, GC Workers: 6]
      [GC Worker Start (ms): Min: 1184623.5, Avg: 1184623.6, Max: 1184623.6, Diff: 0.1]
      [Ext Root Scanning (ms): Min: 0.2, Avg: 0.3, Max: 0.3, Diff: 0.1, Sum: 1.5]
      [Update RS (ms): Min: 3.9, Avg: 3.9, Max: 3.9, Diff: 0.0, Sum: 23.2]
         [Processed Buffers: Min: 80, Avg: 95.2, Max: 111, Diff: 31, Sum: 571]
      [Scan RS (ms): Min: 0.0, Avg: 0.0, Max: 0.0, Diff: 0.0, Sum: 0.0]
      [Code Root Scanning (ms): Min: 0.0, Avg: 0.0, Max: 0.0, Diff: 0.0, Sum: 0.0]
      [Object Copy (ms): Min: 0.0, Avg: 0.1, Max: 0.1, Diff: 0.0, Sum: 0.4]
      [Termination (ms): Min: 0.0, Avg: 0.0, Max: 0.0, Diff: 0.0, Sum: 0.1]
         [Termination Attempts: Min: 1, Avg: 1.0, Max: 1, Diff: 0, Sum: 6]
      [GC Worker Other (ms): Min: 0.0, Avg: 0.0, Max: 0.0, Diff: 0.0, Sum: 0.0]
      [GC Worker Total (ms): Min: 4.1, Avg: 4.2, Max: 4.3, Diff: 0.1, Sum: 25.2]
      [GC Worker End (ms): Min: 1184627.8, Avg: 1184627.8, Max: 1184627.8, Diff: 0.0]
   [Code Root Fixup: 0.0 ms]
   [Code Root Purge: 0.0 ms]
   [Clear CT: 0.2 ms]
   [Other: 2.7 ms]
      [Choose CSet: 0.0 ms]
      [Ref Proc: 0.2 ms]
      [Ref Enq: 0.0 ms]
      [Redirty Cards: 0.2 ms]
      [Humongous Register: 0.1 ms]
      [Humongous Reclaim: 1.2 ms]
      [Free CSet: 0.0 ms]
   [Eden: 5120.0K(197.0M)->0.0B(215.0M) Survivors: 1024.0K->1024.0K Heap: 1938.3M(2048.0M)->50485.4K(2048.0M)]
 [Times: user=0.00 sys=0.00, real=0.00 secs] 
2024-10-11T21:00:21.377+0300: 1184.630: Total time for which application threads were stopped: 2.4716118 seconds, Stopping threads took: 2.4639883 seconds
2024-10-11T21:00:33.224+0300: 1196.476: Application time: 11.8457705 seconds
2024-10-11T21:00:36.884+0300: 1200.129: [GC pause (G1 Humongous Allocation) (young) (initial-mark), 0.0100898 secs]
   [Parallel Time: 7.0 ms, GC Workers: 6]
      [GC Worker Start (ms): Min: 1200131.3, Avg: 1200131.6, Max: 1200131.7, Diff: 0.5]
      [Ext Root Scanning (ms): Min: 0.2, Avg: 0.3, Max: 0.6, Diff: 0.5, Sum: 1.8]
      [Update RS (ms): Min: 6.0, Avg: 6.1, Max: 6.1, Diff: 0.1, Sum: 36.4]
         [Processed Buffers: Min: 132, Avg: 143.8, Max: 156, Diff: 24, Sum: 863]
      [Scan RS (ms): Min: 0.0, Avg: 0.0, Max: 0.0, Diff: 0.0, Sum: 0.0]
      [Code Root Scanning (ms): Min: 0.0, Avg: 0.0, Max: 0.0, Diff: 0.0, Sum: 0.0]
      [Object Copy (ms): Min: 0.0, Avg: 0.1, Max: 0.1, Diff: 0.0, Sum: 0.4]
      [Termination (ms): Min: 0.0, Avg: 0.0, Max: 0.0, Diff: 0.0, Sum: 0.0]
         [Termination Attempts: Min: 1, Avg: 1.0, Max: 1, Diff: 0, Sum: 6]
      [GC Worker Other (ms): Min: 0.0, Avg: 0.0, Max: 0.0, Diff: 0.0, Sum: 0.1]
      [GC Worker Total (ms): Min: 6.3, Avg: 6.4, Max: 6.8, Diff: 0.5, Sum: 38.7]
      [GC Worker End (ms): Min: 1200138.0, Avg: 1200138.0, Max: 1200138.0, Diff: 0.0]
   [Code Root Fixup: 0.0 ms]
   [Code Root Purge: 0.0 ms]
   [Clear CT: 0.2 ms]
   [Other: 2.8 ms]
      [Choose CSet: 0.0 ms]
      [Ref Proc: 0.2 ms]
      [Ref Enq: 0.0 ms]
      [Redirty Cards: 0.2 ms]
      [Humongous Register: 0.0 ms]
      [Humongous Reclaim: 0.5 ms]
      [Free CSet: 0.0 ms]
   [Eden: 3072.0K(215.0M)->0.0B(187.0M) Survivors: 1024.0K->1024.0K Heap: 879.3M(2048.0M)->84880.4K(2048.0M)]
 [Times: user=0.00 sys=0.00, real=0.00 secs] 
2024-10-11T21:00:36.884+0300: 2024-10-11T21:00:36.884+0300: 1200.140: [GC concurrent-root-region-scan-start]
1200.140: Total time for which application threads were stopped: 3.6639721 seconds, Stopping threads took: 3.6536443 seconds
2024-10-11T21:00:36.884+0300: 1200.140: [GC concurrent-root-region-scan-end, 0.0006792 secs]
2024-10-11T21:00:36.884+0300: 1200.140: [GC concurrent-mark-start]
2024-10-11T21:00:36.916+0300: 1200.161: [GC concurrent-mark-end, 0.0055457 secs]
2024-10-11T21:00:36.916+0300: 1200.170: Application time: 0.0303949 seconds
2024-10-11T21:00:39.164+0300: 1202.410: [GC remark 2024-10-11T21:00:39.164+0300: 1202.410: [Finalize Marking, 0.0015110 secs] 2024-10-11T21:00:39.164+0300: 1202.411: [GC ref-proc, 0.0000681 secs] 2024-10-11T21:00:39.164+0300: 1202.411: [Unloading, 0.0012535 secs], 0.0032489 secs]
 [Times: user=0.00 sys=0.00, real=0.00 secs] 
2024-10-11T21:00:39.164+0300: 1202.413: Total time for which application threads were stopped: 2.2427480 seconds, Stopping threads took: 2.2393880 seconds
2024-10-11T21:00:39.164+0300: 1202.424: Application time: 0.0112250 seconds
2024-10-11T21:00:41.458+0300: 1204.703: [GC cleanup 350M->350M(2048M), 0.0016902 secs]
 [Times: user=0.00 sys=0.00, real=0.00 secs] 
2024-10-11T21:00:41.458+0300: 1204.705: Total time for which application threads were stopped: 2.2809245 seconds, Stopping threads took: 2.2790658 seconds
2024-10-11T21:01:10.923+0300: 1234.173: Application time: 29.4679139 seconds
2024-10-11T21:01:14.534+0300: 1237.779: [GC pause (G1 Humongous Allocation) (young), 0.0087312 secs]
   [Parallel Time: 5.9 ms, GC Workers: 6]
      [GC Worker Start (ms): Min: 1237780.3, Avg: 1237780.4, Max: 1237780.4, Diff: 0.2]
      [Ext Root Scanning (ms): Min: 0.3, Avg: 0.4, Max: 0.5, Diff: 0.2, Sum: 2.3]
      [Update RS (ms): Min: 5.2, Avg: 5.2, Max: 5.2, Diff: 0.0, Sum: 31.1]
         [Processed Buffers: Min: 116, Avg: 118.3, Max: 121, Diff: 5, Sum: 710]
      [Scan RS (ms): Min: 0.0, Avg: 0.0, Max: 0.0, Diff: 0.0, Sum: 0.0]
      [Code Root Scanning (ms): Min: 0.0, Avg: 0.0, Max: 0.0, Diff: 0.0, Sum: 0.0]
      [Object Copy (ms): Min: 0.1, Avg: 0.1, Max: 0.1, Diff: 0.0, Sum: 0.4]
      [Termination (ms): Min: 0.0, Avg: 0.0, Max: 0.0, Diff: 0.0, Sum: 0.1]
         [Termination Attempts: Min: 1, Avg: 1.0, Max: 1, Diff: 0, Sum: 6]
      [GC Worker Other (ms): Min: 0.0, Avg: 0.0, Max: 0.0, Diff: 0.0, Sum: 0.1]
      [GC Worker Total (ms): Min: 5.6, Avg: 5.7, Max: 5.7, Diff: 0.2, Sum: 33.9]
      [GC Worker End (ms): Min: 1237786.0, Avg: 1237786.0, Max: 1237786.0, Diff: 0.0]
   [Code Root Fixup: 0.0 ms]
   [Code Root Purge: 0.0 ms]
   [Clear CT: 0.2 ms]
   [Other: 2.7 ms]
      [Choose CSet: 0.0 ms]
      [Ref Proc: 0.2 ms]
      [Ref Enq: 0.0 ms]
      [Redirty Cards: 0.2 ms]
      [Humongous Register: 0.1 ms]
      [Humongous Reclaim: 1.2 ms]
      [Free CSet: 0.0 ms]
   [Eden: 4096.0K(187.0M)->0.0B(221.0M) Survivors: 1024.0K->1024.0K Heap: 1936.9M(2048.0M)->50500.0K(2048.0M)]
 [Times: user=0.00 sys=0.00, real=0.00 secs] 
2024-10-11T21:01:14.534+0300: 1237.788: Total time for which application threads were stopped: 3.6152860 seconds, Stopping threads took: 3.6061967 seconds
2024-10-11T21:01:26.370+0300: 1249.617: Application time: 11.8292279 seconds
2024-10-11T21:01:30.028+0300: 1253.273: [GC pause (G1 Humongous Allocation) (young) (initial-mark), 0.0098347 secs]
   [Parallel Time: 7.6 ms, GC Workers: 6]
      [GC Worker Start (ms): Min: 1253274.1, Avg: 1253274.2, Max: 1253274.2, Diff: 0.1]
      [Ext Root Scanning (ms): Min: 0.4, Avg: 0.5, Max: 0.5, Diff: 0.1, Sum: 2.8]
      [Update RS (ms): Min: 6.8, Avg: 6.8, Max: 6.9, Diff: 0.1, Sum: 40.9]
         [Processed Buffers: Min: 154, Avg: 162.8, Max: 172, Diff: 18, Sum: 977]
      [Scan RS (ms): Min: 0.0, Avg: 0.0, Max: 0.0, Diff: 0.0, Sum: 0.0]
      [Code Root Scanning (ms): Min: 0.0, Avg: 0.0, Max: 0.0, Diff: 0.0, Sum: 0.0]
      [Object Copy (ms): Min: 0.1, Avg: 0.1, Max: 0.1, Diff: 0.0, Sum: 0.4]
      [Termination (ms): Min: 0.0, Avg: 0.0, Max: 0.0, Diff: 0.0, Sum: 0.0]
         [Termination Attempts: Min: 1, Avg: 2.3, Max: 4, Diff: 3, Sum: 14]
      [GC Worker Other (ms): Min: 0.0, Avg: 0.0, Max: 0.0, Diff: 0.0, Sum: 0.1]
      [GC Worker Total (ms): Min: 7.3, Avg: 7.4, Max: 7.4, Diff: 0.1, Sum: 44.3]
      [GC Worker End (ms): Min: 1253281.6, Avg: 1253281.6, Max: 1253281.6, Diff: 0.0]
   [Code Root Fixup: 0.0 ms]
   [Code Root Purge: 0.0 ms]
   [Clear CT: 0.1 ms]
   [Other: 2.2 ms]
      [Choose CSet: 0.0 ms]
      [Ref Proc: 0.1 ms]
      [Ref Enq: 0.0 ms]
      [Redirty Cards: 0.1 ms]
      [Humongous Register: 0.0 ms]
      [Humongous Reclaim: 0.5 ms]
      [Free CSet: 0.0 ms]
   [Eden: 3072.0K(221.0M)->0.0B(189.0M) Survivors: 1024.0K->1024.0K Heap: 879.3M(2048.0M)->84899.5K(2048.0M)]
 [Times: user=0.00 sys=0.00, real=0.01 secs] 
2024-10-11T21:01:30.034+0300: 1253.283: 2024-10-11T21:01:30.034+0300: [GC concurrent-root-region-scan-start]
1253.283: Total time for which application threads were stopped: 3.6653983 seconds, Stopping threads took: 3.6552928 seconds
2024-10-11T21:01:30.034+0300: 1253.283: [GC concurrent-root-region-scan-end, 0.0006102 secs]
2024-10-11T21:01:30.034+0300: 1253.283: [GC concurrent-mark-start]
2024-10-11T21:01:30.044+0300: 1253.289: [GC concurrent-mark-end, 0.0056443 secs]
2024-10-11T21:01:30.075+0300: 1253.320: Application time: 0.0374858 seconds
2024-10-11T21:01:32.997+0300: 1256.242: [GC remark 2024-10-11T21:01:32.997+0300: 1256.242: [Finalize Marking, 0.0010087 secs] 2024-10-11T21:01:32.997+0300: 1256.243: [GC ref-proc, 0.0000695 secs] 2024-10-11T21:01:32.997+0300: 1256.243: [Unloading, 0.0011099 secs], 0.0025672 secs]
 [Times: user=0.00 sys=0.00, real=0.00 secs] 
2024-10-11T21:01:32.997+0300: 1256.245: Total time for which application threads were stopped: 2.9244293 seconds, Stopping threads took: 2.9217506 seconds
2024-10-11T21:01:32.997+0300: 1256.249: Application time: 0.0040110 seconds
2024-10-11T21:01:35.228+0300: 1258.473: [GC cleanup 322M->322M(2048M), 0.0012961 secs]
 [Times: user=0.00 sys=0.00, real=0.00 secs] 
2024-10-11T21:01:35.228+0300: 1258.474: Total time for which application threads were stopped: 2.2256701 seconds, Stopping threads took: 2.2242835 seconds
2024-10-11T21:01:41.263+0300: 1264.508: Application time: 6.0336138 seconds
2024-10-11T21:01:46.952+0300: 1270.197: Total time for which application threads were stopped: 5.6892474 seconds, Stopping threads took: 5.6891228 seconds
2024-10-11T21:01:52.831+0300: 1276.084: Application time: 5.8864315 seconds
2024-10-11T21:01:55.783+0300: 1279.028: Total time for which application threads were stopped: 2.9444415 seconds, Stopping threads took: 2.9443185 seconds
2024-10-11T21:01:55.783+0300: 1279.029: Application time: 0.0004083 seconds
2024-10-11T21:01:55.783+0300: 1279.030: Total time for which application threads were stopped: 0.0012075 seconds, Stopping threads took: 0.0011629 seconds
2024-10-11T21:01:55.783+0300: 1279.030: Application time: 0.0001030 seconds
2024-10-11T21:01:55.783+0300: 1279.030: Total time for which application threads were stopped: 0.0004347 seconds, Stopping threads took: 0.0003949 seconds
2024-10-11T21:01:57.557+0300: 1280.813: Application time: 1.7830702 seconds
2024-10-11T21:01:57.557+0300: 1280.814: Total time for which application threads were stopped: 0.0001486 seconds, Stopping threads took: 0.0000252 seconds
2024-10-11T21:01:57.620+0300: 1280.872: Application time: 0.0589651 seconds
2024-10-11T21:01:57.620+0300: 1280.873: Total time for which application threads were stopped: 0.0002204 seconds, Stopping threads took: 0.0000458 seconds
2024-10-11T21:01:57.668+0300: 1280.926: Application time: 0.0536206 seconds
2024-10-11T21:01:57.668+0300: 1280.927: Total time for which application threads were stopped: 0.0001911 seconds, Stopping threads took: 0.0000240 seconds
2024-10-11T21:01:57.715+0300: 1280.974: Application time: 0.0476738 seconds
2024-10-11T21:01:57.715+0300: 1280.974: Total time for which application threads were stopped: 0.0000773 seconds, Stopping threads took: 0.0000359 seconds
2024-10-11T21:01:57.825+0300: 1281.084: Application time: 0.1093404 seconds
2024-10-11T21:01:57.825+0300: 1281.084: Total time for which application threads were stopped: 0.0002420 seconds, Stopping threads took: 0.0000271 seconds
2024-10-11T21:01:57.840+0300: 1281.090: Application time: 0.0065631 seconds
2024-10-11T21:01:57.840+0300: 1281.091: Total time for which application threads were stopped: 0.0002355 seconds, Stopping threads took: 0.0000412 seconds
2024-10-11T21:01:57.840+0300: 1281.093: Application time: 0.0018876 seconds
2024-10-11T21:01:57.840+0300: 1281.093: Total time for which application threads were stopped: 0.0002047 seconds, Stopping threads took: 0.0000238 seconds
2024-10-11T21:01:58.139+0300: 1281.394: Application time: 0.3013788 seconds
2024-10-11T21:01:58.139+0300: 1281.394: Total time for which application threads were stopped: 0.0000634 seconds, Stopping threads took: 0.0000305 seconds
2024-10-11T21:01:58.359+0300: 1281.612: Application time: 0.2176519 seconds
2024-10-11T21:01:58.359+0300: 1281.612: Total time for which application threads were stopped: 0.0001584 seconds, Stopping threads took: 0.0000613 seconds
2024-10-11T21:01:58.421+0300: 1281.669: Application time: 0.0573848 seconds
2024-10-11T21:01:58.421+0300: 1281.670: Total time for which application threads were stopped: 0.0000946 seconds, Stopping threads took: 0.0000403 seconds
2024-10-11T21:01:58.832+0300: 1282.077: Application time: 0.4074119 seconds
2024-10-11T21:01:58.832+0300: 1282.077: Total time for which application threads were stopped: 0.0001387 seconds, Stopping threads took: 0.0000758 seconds
2024-10-11T21:01:58.832+0300: 1282.078: Application time: 0.0005162 seconds
2024-10-11T21:01:58.832+0300: 1282.078: Total time for which application threads were stopped: 0.0000221 seconds, Stopping threads took: 0.0000142 seconds
2024-10-11T21:01:58.832+0300: 1282.078: Application time: 0.0002182 seconds
2024-10-11T21:01:58.832+0300: 1282.078: Total time for which application threads were stopped: 0.0000204 seconds, Stopping threads took: 0.0000132 seconds
2024-10-11T21:01:58.832+0300: 1282.078: Application time: 0.0001902 seconds
2024-10-11T21:01:58.832+0300: 1282.078: Total time for which application threads were stopped: 0.0000344 seconds, Stopping threads took: 0.0000168 seconds
2024-10-11T21:01:58.832+0300: 1282.079: Application time: 0.0004943 seconds
2024-10-11T21:01:58.832+0300: 1282.079: Total time for which application threads were stopped: 0.0001640 seconds, Stopping threads took: 0.0001516 seconds
2024-10-11T21:01:58.832+0300: 1282.089: Application time: 0.0098784 seconds
2024-10-11T21:01:58.832+0300: 1282.089: Total time for which application threads were stopped: 0.0000568 seconds, Stopping threads took: 0.0000263 seconds
Heap
 garbage-first heap   total 2097152K, used 1526632K [0x0000000080000000, 0x0000000080104000, 0x0000000100000000)
  region size 1024K, 134 young (137216K), 1 survivors (1024K)
 Metaspace       used 15886K, capacity 16064K, committed 16384K, reserved 1064960K
  class space    used 1645K, capacity 1718K, committed 1792K, reserved 1048576K
2024-10-11T21:01:58.942+0300: 1282.188: Application time: 0.0992020 seconds
