[0.009s][info][gc] Using Parallel
[0.019s][info][gc,init] Version: 17.0.12+7-adhoc..jdk17u (release)
[0.019s][info][gc,init] CPUs: 6 total, 6 available
[0.019s][info][gc,init] Memory: 15591M
[0.019s][info][gc,init] Large Page Support: Disabled
[0.019s][info][gc,init] NUMA Support: Disabled
[0.019s][info][gc,init] Compressed Oops: Enabled (Zero based)
[0.019s][info][gc,init] Alignments: Space 512K, Generation 512K, Heap 2M
[0.019s][info][gc,init] Heap Min Capacity: 4G
[0.019s][info][gc,init] Heap Initial Capacity: 4G
[0.019s][info][gc,init] Heap Max Capacity: 4G
[0.019s][info][gc,init] Pre-touch: Disabled
[0.019s][info][gc,init] Parallel Workers: 6
[0.029s][info][gc,metaspace] CDS archive(s) mapped at: [0x0000029e17000000-0x0000029e17bc0000-0x0000029e17bc0000), size 12320768, SharedBaseAddress: 0x0000029e17000000, ArchiveRelocationMode: 1.
[0.029s][info][gc,metaspace] Compressed class space mapped at: 0x0000029e18000000-0x0000029e58000000, reserved size: 1073741824
[0.029s][info][gc,metaspace] Narrow klass base: 0x0000029e17000000, Narrow klass shift: 0, Narrow klass range: 0x100000000
[0.942s][info][gc,start    ] GC(0) Pause Young (System.gc())
[0.945s][info][gc,heap     ] GC(0) PSYoungGen: 83886K(1223168K)->4821K(1223168K) Eden: 83886K(1048576K)->0K(1048576K) From: 0K(174592K)->4821K(174592K)
[0.946s][info][gc,heap     ] GC(0) ParOldGen: 0K(2796544K)->16K(2796544K)
[0.946s][info][gc,metaspace] GC(0) Metaspace: 11454K(11648K)->11454K(11648K) NonClass: 9905K(10048K)->9905K(10048K) Class: 1549K(1600K)->1549K(1600K)
[0.946s][info][gc          ] GC(0) Pause Young (System.gc()) 81M->4M(3925M) 3.326ms
[0.946s][info][gc,cpu      ] GC(0) User=0.00s Sys=0.00s Real=0.00s
[0.946s][info][gc,start    ] GC(1) Pause Full (System.gc())
[0.946s][info][gc,phases,start] GC(1) Marking Phase
[0.948s][info][gc,phases      ] GC(1) Marking Phase 2.500ms
[0.948s][info][gc,phases,start] GC(1) Summary Phase
[0.948s][info][gc,phases      ] GC(1) Summary Phase 0.022ms
[0.948s][info][gc,phases,start] GC(1) Adjust Roots
[0.949s][info][gc,phases      ] GC(1) Adjust Roots 0.931ms
[0.949s][info][gc,phases,start] GC(1) Compaction Phase
[0.952s][info][gc,phases      ] GC(1) Compaction Phase 3.099ms
[0.952s][info][gc,phases,start] GC(1) Post Compact
[0.954s][info][gc,phases      ] GC(1) Post Compact 1.416ms
[0.954s][info][gc,heap        ] GC(1) PSYoungGen: 4821K(1223168K)->0K(1223168K) Eden: 0K(1048576K)->0K(1048576K) From: 4821K(174592K)->0K(174592K)
[0.954s][info][gc,heap        ] GC(1) ParOldGen: 16K(2796544K)->4666K(2796544K)
[0.954s][info][gc,metaspace   ] GC(1) Metaspace: 11454K(11648K)->11454K(11648K) NonClass: 9905K(10048K)->9905K(10048K) Class: 1549K(1600K)->1549K(1600K)
[0.954s][info][gc             ] GC(1) Pause Full (System.gc()) 4M->4M(3925M) 8.230ms
[0.954s][info][gc,cpu         ] GC(1) User=0.08s Sys=0.02s Real=0.01s
[2.685s][info][gc,start       ] GC(2) Pause Young (Allocation Failure)
[2.699s][info][gc,heap        ] GC(2) PSYoungGen: 1048576K(1223168K)->26517K(1223168K) Eden: 1048576K(1048576K)->0K(1048576K) From: 0K(174592K)->26517K(174592K)
[2.699s][info][gc,heap        ] GC(2) ParOldGen: 4666K(2796544K)->4674K(2796544K)
[2.699s][info][gc,metaspace   ] GC(2) Metaspace: 14393K(14720K)->14393K(14720K) NonClass: 12444K(12608K)->12444K(12608K) Class: 1949K(2112K)->1949K(2112K)
[2.699s][info][gc             ] GC(2) Pause Young (Allocation Failure) 1028M->30M(3925M) 14.358ms
[2.699s][info][gc,cpu         ] GC(2) User=0.06s Sys=0.03s Real=0.01s
[3.802s][info][gc,start       ] GC(3) Pause Young (Allocation Failure)
[3.816s][info][gc,heap        ] GC(3) PSYoungGen: 1075093K(1223168K)->26599K(1223168K) Eden: 1048576K(1048576K)->0K(1048576K) From: 26517K(174592K)->26599K(174592K)
[3.816s][info][gc,heap        ] GC(3) ParOldGen: 4674K(2796544K)->4682K(2796544K)
[3.816s][info][gc,metaspace   ] GC(3) Metaspace: 14572K(14848K)->14572K(14848K) NonClass: 12595K(12736K)->12595K(12736K) Class: 1976K(2112K)->1976K(2112K)
[3.816s][info][gc             ] GC(3) Pause Young (Allocation Failure) 1054M->30M(3925M) 13.261ms
[3.816s][info][gc,cpu         ] GC(3) User=0.05s Sys=0.05s Real=0.02s
[3.947s][info][gc,start       ] GC(4) Pause Young (System.gc())
[3.948s][info][gc,heap        ] GC(4) PSYoungGen: 649442K(1223168K)->480K(1223168K) Eden: 622842K(1048576K)->0K(1048576K) From: 26599K(174592K)->480K(174592K)
[3.948s][info][gc,heap        ] GC(4) ParOldGen: 4682K(2796544K)->4690K(2796544K)
[3.948s][info][gc,metaspace   ] GC(4) Metaspace: 14603K(14848K)->14603K(14848K) NonClass: 12621K(12736K)->12621K(12736K) Class: 1981K(2112K)->1981K(2112K)
[3.948s][info][gc             ] GC(4) Pause Young (System.gc()) 638M->5M(3925M) 1.018ms
[3.948s][info][gc,cpu         ] GC(4) User=0.00s Sys=0.00s Real=0.00s
[3.948s][info][gc,start       ] GC(5) Pause Full (System.gc())
[3.948s][info][gc,phases,start] GC(5) Marking Phase
[3.952s][info][gc,phases      ] GC(5) Marking Phase 4.336ms
[3.952s][info][gc,phases,start] GC(5) Summary Phase
[3.952s][info][gc,phases      ] GC(5) Summary Phase 0.009ms
[3.952s][info][gc,phases,start] GC(5) Adjust Roots
[3.955s][info][gc,phases      ] GC(5) Adjust Roots 2.268ms
[3.955s][info][gc,phases,start] GC(5) Compaction Phase
[3.960s][info][gc,phases      ] GC(5) Compaction Phase 5.251ms
[3.960s][info][gc,phases,start] GC(5) Post Compact
[3.961s][info][gc,phases      ] GC(5) Post Compact 0.921ms
[3.961s][info][gc,heap        ] GC(5) PSYoungGen: 480K(1223168K)->0K(1223168K) Eden: 0K(1048576K)->0K(1048576K) From: 480K(174592K)->0K(174592K)
[3.961s][info][gc,heap        ] GC(5) ParOldGen: 4690K(2796544K)->5013K(2796544K)
[3.961s][info][gc,metaspace   ] GC(5) Metaspace: 14603K(14848K)->14603K(14848K) NonClass: 12621K(12736K)->12621K(12736K) Class: 1981K(2112K)->1981K(2112K)
[3.961s][info][gc             ] GC(5) Pause Full (System.gc()) 5M->4M(3925M) 13.104ms
[3.961s][info][gc,cpu         ] GC(5) User=0.00s Sys=0.00s Real=0.02s
[4.951s][info][gc,start       ] GC(6) Pause Young (Allocation Failure)
[4.963s][info][gc,heap        ] GC(6) PSYoungGen: 1048576K(1223168K)->26133K(1223168K) Eden: 1048576K(1048576K)->0K(1048576K) From: 0K(174592K)->26133K(174592K)
[4.963s][info][gc,heap        ] GC(6) ParOldGen: 5013K(2796544K)->5013K(2796544K)
[4.963s][info][gc,metaspace   ] GC(6) Metaspace: 14604K(14848K)->14604K(14848K) NonClass: 12623K(12736K)->12623K(12736K) Class: 1981K(2112K)->1981K(2112K)
[4.963s][info][gc             ] GC(6) Pause Young (Allocation Failure) 1028M->30M(3925M) 11.302ms
[4.963s][info][gc,cpu         ] GC(6) User=0.05s Sys=0.05s Real=0.02s
[5.988s][info][gc,start       ] GC(7) Pause Young (Allocation Failure)
[5.999s][info][gc,heap        ] GC(7) PSYoungGen: 1074709K(1223168K)->26133K(1223168K) Eden: 1048576K(1048576K)->0K(1048576K) From: 26133K(174592K)->26133K(174592K)
[5.999s][info][gc,heap        ] GC(7) ParOldGen: 5013K(2796544K)->5013K(2796544K)
[5.999s][info][gc,metaspace   ] GC(7) Metaspace: 14604K(14848K)->14604K(14848K) NonClass: 12623K(12736K)->12623K(12736K) Class: 1981K(2112K)->1981K(2112K)
[5.999s][info][gc             ] GC(7) Pause Young (Allocation Failure) 1054M->30M(3925M) 11.197ms
[5.999s][info][gc,cpu         ] GC(7) User=0.09s Sys=0.00s Real=0.02s
[6.112s][info][gc,start       ] GC(8) Pause Young (System.gc())
[6.113s][info][gc,heap        ] GC(8) PSYoungGen: 588004K(1223168K)->128K(1223168K) Eden: 561871K(1048576K)->0K(1048576K) From: 26133K(174592K)->128K(174592K)
[6.113s][info][gc,heap        ] GC(8) ParOldGen: 5013K(2796544K)->5013K(2796544K)
[6.113s][info][gc,metaspace   ] GC(8) Metaspace: 14604K(14848K)->14604K(14848K) NonClass: 12623K(12736K)->12623K(12736K) Class: 1981K(2112K)->1981K(2112K)
[6.113s][info][gc             ] GC(8) Pause Young (System.gc()) 579M->5M(3925M) 0.345ms
[6.113s][info][gc,cpu         ] GC(8) User=0.00s Sys=0.00s Real=0.00s
[6.113s][info][gc,start       ] GC(9) Pause Full (System.gc())
[6.113s][info][gc,phases,start] GC(9) Marking Phase
[6.117s][info][gc,phases      ] GC(9) Marking Phase 4.041ms
[6.117s][info][gc,phases,start] GC(9) Summary Phase
[6.117s][info][gc,phases      ] GC(9) Summary Phase 0.010ms
[6.117s][info][gc,phases,start] GC(9) Adjust Roots
[6.119s][info][gc,phases      ] GC(9) Adjust Roots 1.920ms
[6.119s][info][gc,phases,start] GC(9) Compaction Phase
[6.121s][info][gc,phases      ] GC(9) Compaction Phase 2.065ms
[6.121s][info][gc,phases,start] GC(9) Post Compact
[6.121s][info][gc,phases      ] GC(9) Post Compact 0.423ms
[6.121s][info][gc,heap        ] GC(9) PSYoungGen: 128K(1223168K)->0K(1223168K) Eden: 0K(1048576K)->0K(1048576K) From: 128K(174592K)->0K(174592K)
[6.121s][info][gc,heap        ] GC(9) ParOldGen: 5013K(2796544K)->5014K(2796544K)
[6.121s][info][gc,metaspace   ] GC(9) Metaspace: 14604K(14848K)->14604K(14848K) NonClass: 12623K(12736K)->12623K(12736K) Class: 1981K(2112K)->1981K(2112K)
[6.121s][info][gc             ] GC(9) Pause Full (System.gc()) 5M->4M(3925M) 8.736ms
[6.121s][info][gc,cpu         ] GC(9) User=0.00s Sys=0.02s Real=0.01s
[7.105s][info][gc,start       ] GC(10) Pause Young (Allocation Failure)
[7.116s][info][gc,heap        ] GC(10) PSYoungGen: 1048576K(1223168K)->26197K(1352704K) Eden: 1048576K(1048576K)->0K(1178112K) From: 0K(174592K)->26197K(174592K)
[7.116s][info][gc,heap        ] GC(10) ParOldGen: 5014K(2796544K)->5022K(2796544K)
[7.116s][info][gc,metaspace   ] GC(10) Metaspace: 14609K(14848K)->14609K(14848K) NonClass: 12627K(12736K)->12627K(12736K) Class: 1981K(2112K)->1981K(2112K)
[7.116s][info][gc             ] GC(10) Pause Young (Allocation Failure) 1028M->30M(4052M) 11.302ms
[7.116s][info][gc,cpu         ] GC(10) User=0.00s Sys=0.00s Real=0.01s
[8.145s][info][gc,start       ] GC(11) Pause Young (Allocation Failure)
[8.159s][info][gc,heap        ] GC(11) PSYoungGen: 1204309K(1352704K)->26229K(1223168K) Eden: 1178112K(1178112K)->0K(1178112K) From: 26197K(174592K)->26229K(45056K)
[8.159s][info][gc,heap        ] GC(11) ParOldGen: 5022K(2796544K)->5022K(2796544K)
[8.159s][info][gc,metaspace   ] GC(11) Metaspace: 14609K(14848K)->14609K(14848K) NonClass: 12627K(12736K)->12627K(12736K) Class: 1981K(2112K)->1981K(2112K)
[8.159s][info][gc             ] GC(11) Pause Young (Allocation Failure) 1180M->30M(3925M) 13.906ms
[8.159s][info][gc,cpu         ] GC(11) User=0.09s Sys=0.00s Real=0.01s
[8.252s][info][gc,start       ] GC(12) Pause Young (System.gc())
[8.252s][info][gc,heap        ] GC(12) PSYoungGen: 491744K(1223168K)->128K(1351168K) Eden: 465514K(1178112K)->0K(1305600K) From: 26229K(45056K)->128K(45568K)
[8.252s][info][gc,heap        ] GC(12) ParOldGen: 5022K(2796544K)->5022K(2796544K)
[8.252s][info][gc,metaspace   ] GC(12) Metaspace: 14609K(14848K)->14609K(14848K) NonClass: 12627K(12736K)->12627K(12736K) Class: 1981K(2112K)->1981K(2112K)
[8.252s][info][gc             ] GC(12) Pause Young (System.gc()) 485M->5M(4050M) 0.385ms
[8.252s][info][gc,cpu         ] GC(12) User=0.00s Sys=0.00s Real=0.00s
[8.252s][info][gc,start       ] GC(13) Pause Full (System.gc())
[8.252s][info][gc,phases,start] GC(13) Marking Phase
[8.256s][info][gc,phases      ] GC(13) Marking Phase 3.896ms
[8.256s][info][gc,phases,start] GC(13) Summary Phase
[8.256s][info][gc,phases      ] GC(13) Summary Phase 0.009ms
[8.256s][info][gc,phases,start] GC(13) Adjust Roots
[8.258s][info][gc,phases      ] GC(13) Adjust Roots 2.332ms
[8.259s][info][gc,phases,start] GC(13) Compaction Phase
[8.260s][info][gc,phases      ] GC(13) Compaction Phase 1.837ms
[8.260s][info][gc,phases,start] GC(13) Post Compact
[8.261s][info][gc,phases      ] GC(13) Post Compact 0.469ms
[8.261s][info][gc,heap        ] GC(13) PSYoungGen: 128K(1351168K)->0K(1351168K) Eden: 0K(1305600K)->0K(1305600K) From: 128K(45568K)->0K(45568K)
[8.261s][info][gc,heap        ] GC(13) ParOldGen: 5022K(2796544K)->5015K(2796544K)
[8.261s][info][gc,metaspace   ] GC(13) Metaspace: 14609K(14848K)->14609K(14848K) NonClass: 12627K(12736K)->12627K(12736K) Class: 1981K(2112K)->1981K(2112K)
[8.261s][info][gc             ] GC(13) Pause Full (System.gc()) 5M->4M(4050M) 8.804ms
[8.261s][info][gc,cpu         ] GC(13) User=0.00s Sys=0.02s Real=0.01s
[9.311s][info][gc,start       ] GC(14) Pause Young (Allocation Failure)
[9.324s][info][gc,heap        ] GC(14) PSYoungGen: 1305600K(1351168K)->26218K(1332224K) Eden: 1305600K(1305600K)->0K(1305600K) From: 0K(45568K)->26218K(26624K)
[9.324s][info][gc,heap        ] GC(14) ParOldGen: 5015K(2796544K)->5015K(2796544K)
[9.324s][info][gc,metaspace   ] GC(14) Metaspace: 14610K(14848K)->14610K(14848K) NonClass: 12629K(12736K)->12629K(12736K) Class: 1981K(2112K)->1981K(2112K)
[9.324s][info][gc             ] GC(14) Pause Young (Allocation Failure) 1279M->30M(4032M) 13.301ms
[9.324s][info][gc,cpu         ] GC(14) User=0.09s Sys=0.00s Real=0.01s
[10.375s][info][gc,start       ] GC(15) Pause Young (Allocation Failure)
[10.388s][info][gc,heap        ] GC(15) PSYoungGen: 1331818K(1332224K)->26200K(1350144K) Eden: 1305600K(1305600K)->0K(1303552K) From: 26218K(26624K)->26200K(46592K)
[10.388s][info][gc,heap        ] GC(15) ParOldGen: 5015K(2796544K)->5015K(2796544K)
[10.388s][info][gc,metaspace   ] GC(15) Metaspace: 14610K(14848K)->14610K(14848K) NonClass: 12629K(12736K)->12629K(12736K) Class: 1981K(2112K)->1981K(2112K)
[10.388s][info][gc             ] GC(15) Pause Young (Allocation Failure) 1305M->30M(4049M) 13.381ms
[10.388s][info][gc,cpu         ] GC(15) User=0.09s Sys=0.00s Real=0.01s
[10.412s][info][gc,start       ] GC(16) Pause Young (System.gc())
[10.412s][info][gc,heap        ] GC(16) PSYoungGen: 78074K(1350144K)->96K(1350656K) Eden: 51873K(1303552K)->0K(1303552K) From: 26200K(46592K)->96K(47104K)
[10.412s][info][gc,heap        ] GC(16) ParOldGen: 5015K(2796544K)->5031K(2796544K)
[10.412s][info][gc,metaspace   ] GC(16) Metaspace: 14610K(14848K)->14610K(14848K) NonClass: 12629K(12736K)->12629K(12736K) Class: 1981K(2112K)->1981K(2112K)
[10.412s][info][gc             ] GC(16) Pause Young (System.gc()) 81M->5M(4050M) 0.328ms
[10.412s][info][gc,cpu         ] GC(16) User=0.00s Sys=0.00s Real=0.00s
[10.412s][info][gc,start       ] GC(17) Pause Full (System.gc())
[10.412s][info][gc,phases,start] GC(17) Marking Phase
[10.416s][info][gc,phases      ] GC(17) Marking Phase 3.814ms
[10.416s][info][gc,phases,start] GC(17) Summary Phase
[10.416s][info][gc,phases      ] GC(17) Summary Phase 0.008ms
[10.416s][info][gc,phases,start] GC(17) Adjust Roots
[10.418s][info][gc,phases      ] GC(17) Adjust Roots 1.930ms
[10.418s][info][gc,phases,start] GC(17) Compaction Phase
[10.421s][info][gc,phases      ] GC(17) Compaction Phase 3.271ms
[10.421s][info][gc,phases,start] GC(17) Post Compact
[10.422s][info][gc,phases      ] GC(17) Post Compact 0.431ms
[10.422s][info][gc,heap        ] GC(17) PSYoungGen: 96K(1350656K)->0K(1350656K) Eden: 0K(1303552K)->0K(1303552K) From: 96K(47104K)->0K(47104K)
[10.422s][info][gc,heap        ] GC(17) ParOldGen: 5031K(2796544K)->5015K(2796544K)
[10.422s][info][gc,metaspace   ] GC(17) Metaspace: 14610K(14848K)->14610K(14848K) NonClass: 12629K(12736K)->12629K(12736K) Class: 1981K(2112K)->1981K(2112K)
[10.422s][info][gc             ] GC(17) Pause Full (System.gc()) 5M->4M(4050M) 9.764ms
[10.422s][info][gc,cpu         ] GC(17) User=0.02s Sys=0.00s Real=0.02s
[11.461s][info][gc,start       ] GC(18) Pause Young (Allocation Failure)
[11.474s][info][gc,heap        ] GC(18) PSYoungGen: 1303552K(1350656K)->26168K(1348608K) Eden: 1303552K(1303552K)->0K(1301504K) From: 0K(47104K)->26168K(47104K)
[11.474s][info][gc,heap        ] GC(18) ParOldGen: 5015K(2796544K)->5015K(2796544K)
[11.474s][info][gc,metaspace   ] GC(18) Metaspace: 14614K(14848K)->14614K(14848K) NonClass: 12632K(12736K)->12632K(12736K) Class: 1981K(2112K)->1981K(2112K)
[11.474s][info][gc             ] GC(18) Pause Young (Allocation Failure) 1277M->30M(4048M) 12.676ms
[11.474s][info][gc,cpu         ] GC(18) User=0.03s Sys=0.02s Real=0.02s
[12.520s][info][gc,start       ] GC(19) Pause Young (Allocation Failure)
[12.534s][info][gc,heap        ] GC(19) PSYoungGen: 1327672K(1348608K)->26165K(1349632K) Eden: 1301504K(1301504K)->0K(1301504K) From: 26168K(47104K)->26165K(48128K)
[12.534s][info][gc,heap        ] GC(19) ParOldGen: 5015K(2796544K)->5055K(2796544K)
[12.534s][info][gc,metaspace   ] GC(19) Metaspace: 14615K(14848K)->14615K(14848K) NonClass: 12634K(12736K)->12634K(12736K) Class: 1981K(2112K)->1981K(2112K)
[12.534s][info][gc             ] GC(19) Pause Young (Allocation Failure) 1301M->30M(4049M) 13.742ms
[12.534s][info][gc,cpu         ] GC(19) User=0.05s Sys=0.00s Real=0.02s
[12.559s][info][gc,start       ] GC(20) Pause Young (System.gc())
[12.559s][info][gc,heap        ] GC(20) PSYoungGen: 78111K(1349632K)->96K(1349632K) Eden: 51946K(1301504K)->0K(1301504K) From: 26165K(48128K)->96K(48128K)
[12.559s][info][gc,heap        ] GC(20) ParOldGen: 5055K(2796544K)->5087K(2796544K)
[12.559s][info][gc,metaspace   ] GC(20) Metaspace: 14617K(14848K)->14617K(14848K) NonClass: 12635K(12736K)->12635K(12736K) Class: 1981K(2112K)->1981K(2112K)
[12.559s][info][gc             ] GC(20) Pause Young (System.gc()) 81M->5M(4049M) 0.395ms
[12.559s][info][gc,cpu         ] GC(20) User=0.00s Sys=0.00s Real=0.00s
[12.559s][info][gc,start       ] GC(21) Pause Full (System.gc())
[12.559s][info][gc,phases,start] GC(21) Marking Phase
[12.563s][info][gc,phases      ] GC(21) Marking Phase 3.985ms
[12.563s][info][gc,phases,start] GC(21) Summary Phase
[12.563s][info][gc,phases      ] GC(21) Summary Phase 0.010ms
[12.563s][info][gc,phases,start] GC(21) Adjust Roots
[12.565s][info][gc,phases      ] GC(21) Adjust Roots 1.976ms
[12.565s][info][gc,phases,start] GC(21) Compaction Phase
[12.568s][info][gc,phases      ] GC(21) Compaction Phase 2.740ms
[12.568s][info][gc,phases,start] GC(21) Post Compact
[12.569s][info][gc,phases      ] GC(21) Post Compact 0.510ms
[12.569s][info][gc,heap        ] GC(21) PSYoungGen: 96K(1349632K)->0K(1349632K) Eden: 0K(1301504K)->0K(1301504K) From: 96K(48128K)->0K(48128K)
[12.569s][info][gc,heap        ] GC(21) ParOldGen: 5087K(2796544K)->5016K(2796544K)
[12.569s][info][gc,metaspace   ] GC(21) Metaspace: 14617K(14848K)->14617K(14848K) NonClass: 12635K(12736K)->12635K(12736K) Class: 1981K(2112K)->1981K(2112K)
[12.569s][info][gc             ] GC(21) Pause Full (System.gc()) 5M->4M(4049M) 9.492ms
[12.569s][info][gc,cpu         ] GC(21) User=0.00s Sys=0.00s Real=0.01s
[13.606s][info][gc,start       ] GC(22) Pause Young (Allocation Failure)
[13.621s][info][gc,heap        ] GC(22) PSYoungGen: 1301504K(1349632K)->26151K(1328128K) Eden: 1301504K(1301504K)->0K(1301504K) From: 0K(48128K)->26151K(26624K)
[13.621s][info][gc,heap        ] GC(22) ParOldGen: 5016K(2796544K)->5016K(2796544K)
[13.621s][info][gc,metaspace   ] GC(22) Metaspace: 14617K(14848K)->14617K(14848K) NonClass: 12636K(12736K)->12636K(12736K) Class: 1981K(2112K)->1981K(2112K)
[13.621s][info][gc             ] GC(22) Pause Young (Allocation Failure) 1275M->30M(4028M) 14.909ms
[13.621s][info][gc,cpu         ] GC(22) User=0.03s Sys=0.03s Real=0.02s
[14.656s][info][gc,start       ] GC(23) Pause Young (Allocation Failure)
[14.669s][info][gc,heap        ] GC(23) PSYoungGen: 1327655K(1328128K)->26200K(1349120K) Eden: 1301504K(1301504K)->0K(1300480K) From: 26151K(26624K)->26200K(48640K)
[14.669s][info][gc,heap        ] GC(23) ParOldGen: 5016K(2796544K)->5040K(2796544K)
[14.669s][info][gc,metaspace   ] GC(23) Metaspace: 14617K(14848K)->14617K(14848K) NonClass: 12636K(12736K)->12636K(12736K) Class: 1981K(2112K)->1981K(2112K)
[14.669s][info][gc             ] GC(23) Pause Young (Allocation Failure) 1301M->30M(4048M) 12.296ms
[14.669s][info][gc,cpu         ] GC(23) User=0.09s Sys=0.00s Real=0.02s
[14.694s][info][gc,start       ] GC(24) Pause Young (System.gc())
[14.694s][info][gc,heap        ] GC(24) PSYoungGen: 104156K(1349120K)->64K(1300992K) Eden: 77955K(1300480K)->0K(1300480K) From: 26200K(48640K)->64K(512K)
[14.694s][info][gc,heap        ] GC(24) ParOldGen: 5040K(2796544K)->5072K(2796544K)
[14.694s][info][gc,metaspace   ] GC(24) Metaspace: 14617K(14848K)->14617K(14848K) NonClass: 12636K(12736K)->12636K(12736K) Class: 1981K(2112K)->1981K(2112K)
[14.694s][info][gc             ] GC(24) Pause Young (System.gc()) 106M->5M(4001M) 0.432ms
[14.694s][info][gc,cpu         ] GC(24) User=0.00s Sys=0.00s Real=0.00s
[14.694s][info][gc,start       ] GC(25) Pause Full (System.gc())
[14.694s][info][gc,phases,start] GC(25) Marking Phase
[14.698s][info][gc,phases      ] GC(25) Marking Phase 4.091ms
[14.698s][info][gc,phases,start] GC(25) Summary Phase
[14.699s][info][gc,phases      ] GC(25) Summary Phase 0.010ms
[14.699s][info][gc,phases,start] GC(25) Adjust Roots
[14.700s][info][gc,phases      ] GC(25) Adjust Roots 1.921ms
[14.701s][info][gc,phases,start] GC(25) Compaction Phase
[14.703s][info][gc,phases      ] GC(25) Compaction Phase 2.503ms
[14.703s][info][gc,phases,start] GC(25) Post Compact
[14.703s][info][gc,phases      ] GC(25) Post Compact 0.424ms
[14.704s][info][gc,heap        ] GC(25) PSYoungGen: 64K(1300992K)->0K(1300992K) Eden: 0K(1300480K)->0K(1300480K) From: 64K(512K)->0K(512K)
[14.704s][info][gc,heap        ] GC(25) ParOldGen: 5072K(2796544K)->5016K(2796544K)
[14.704s][info][gc,metaspace   ] GC(25) Metaspace: 14617K(14848K)->14617K(14848K) NonClass: 12636K(12736K)->12636K(12736K) Class: 1981K(2112K)->1981K(2112K)
[14.704s][info][gc             ] GC(25) Pause Full (System.gc()) 5M->4M(4001M) 9.222ms
[14.704s][info][gc,cpu         ] GC(25) User=0.00s Sys=0.02s Real=0.00s
[15.721s][info][gc,start       ] GC(26) Pause Young (Allocation Failure)
[15.739s][info][gc,heap        ] GC(26) PSYoungGen: 1300480K(1300992K)->26232K(1348608K) Eden: 1300480K(1300480K)->0K(1299456K) From: 0K(512K)->26232K(49152K)
[15.739s][info][gc,heap        ] GC(26) ParOldGen: 5016K(2796544K)->5016K(2796544K)
[15.739s][info][gc,metaspace   ] GC(26) Metaspace: 14619K(14848K)->14619K(14848K) NonClass: 12638K(12736K)->12638K(12736K) Class: 1981K(2112K)->1981K(2112K)
[15.739s][info][gc             ] GC(26) Pause Young (Allocation Failure) 1274M->30M(4048M) 18.028ms
[15.739s][info][gc,cpu         ] GC(26) User=0.03s Sys=0.00s Real=0.02s
[16.790s][info][gc,start       ] GC(27) Pause Young (Allocation Failure)
[16.801s][info][gc,heap        ] GC(27) PSYoungGen: 1325688K(1348608K)->26165K(1348608K) Eden: 1299456K(1299456K)->0K(1299456K) From: 26232K(49152K)->26165K(49152K)
[16.801s][info][gc,heap        ] GC(27) ParOldGen: 5016K(2796544K)->5056K(2796544K)
[16.801s][info][gc,metaspace   ] GC(27) Metaspace: 14622K(14848K)->14622K(14848K) NonClass: 12640K(12736K)->12640K(12736K) Class: 1981K(2112K)->1981K(2112K)
[16.801s][info][gc             ] GC(27) Pause Young (Allocation Failure) 1299M->30M(4048M) 11.324ms
[16.801s][info][gc,cpu         ] GC(27) User=0.09s Sys=0.00s Real=0.02s
[16.827s][info][gc,start       ] GC(28) Pause Young (System.gc())
[16.827s][info][gc,heap        ] GC(28) PSYoungGen: 104101K(1348608K)->160K(1348608K) Eden: 77935K(1299456K)->0K(1299456K) From: 26165K(49152K)->160K(49152K)
[16.827s][info][gc,heap        ] GC(28) ParOldGen: 5056K(2796544K)->5080K(2796544K)
[16.827s][info][gc,metaspace   ] GC(28) Metaspace: 14623K(14848K)->14623K(14848K) NonClass: 12641K(12736K)->12641K(12736K) Class: 1981K(2112K)->1981K(2112K)
[16.827s][info][gc             ] GC(28) Pause Young (System.gc()) 106M->5M(4048M) 0.351ms
[16.827s][info][gc,cpu         ] GC(28) User=0.00s Sys=0.00s Real=0.00s
[16.827s][info][gc,start       ] GC(29) Pause Full (System.gc())
[16.827s][info][gc,phases,start] GC(29) Marking Phase
[16.831s][info][gc,phases      ] GC(29) Marking Phase 3.896ms
[16.831s][info][gc,phases,start] GC(29) Summary Phase
[16.831s][info][gc,phases      ] GC(29) Summary Phase 0.009ms
[16.831s][info][gc,phases,start] GC(29) Adjust Roots
[16.833s][info][gc,phases      ] GC(29) Adjust Roots 2.085ms
[16.833s][info][gc,phases,start] GC(29) Compaction Phase
[16.836s][info][gc,phases      ] GC(29) Compaction Phase 2.637ms
[16.836s][info][gc,phases,start] GC(29) Post Compact
[16.836s][info][gc,phases      ] GC(29) Post Compact 0.492ms
[16.837s][info][gc,heap        ] GC(29) PSYoungGen: 160K(1348608K)->0K(1348608K) Eden: 0K(1299456K)->0K(1299456K) From: 160K(49152K)->0K(49152K)
[16.837s][info][gc,heap        ] GC(29) ParOldGen: 5080K(2796544K)->5017K(2796544K)
[16.837s][info][gc,metaspace   ] GC(29) Metaspace: 14623K(14848K)->14623K(14848K) NonClass: 12641K(12736K)->12641K(12736K) Class: 1981K(2112K)->1981K(2112K)
[16.837s][info][gc             ] GC(29) Pause Full (System.gc()) 5M->4M(4048M) 9.362ms
[16.837s][info][gc,cpu         ] GC(29) User=0.00s Sys=0.00s Real=0.02s
[17.867s][info][gc,start       ] GC(30) Pause Young (Allocation Failure)
[17.878s][info][gc,heap        ] GC(30) PSYoungGen: 1299456K(1348608K)->26133K(1326080K) Eden: 1299456K(1299456K)->0K(1299456K) From: 0K(49152K)->26133K(26624K)
[17.878s][info][gc,heap        ] GC(30) ParOldGen: 5017K(2796544K)->5017K(2796544K)
[17.878s][info][gc,metaspace   ] GC(30) Metaspace: 14626K(14848K)->14626K(14848K) NonClass: 12645K(12736K)->12645K(12736K) Class: 1981K(2112K)->1981K(2112K)
[17.879s][info][gc             ] GC(30) Pause Young (Allocation Failure) 1273M->30M(4026M) 11.075ms
[17.879s][info][gc,cpu         ] GC(30) User=0.09s Sys=0.00s Real=0.02s
[18.914s][info][gc,start       ] GC(31) Pause Young (Allocation Failure)
[18.926s][info][gc,heap        ] GC(31) PSYoungGen: 1325589K(1326080K)->26168K(1348096K) Eden: 1299456K(1299456K)->0K(1298432K) From: 26133K(26624K)->26168K(49664K)
[18.926s][info][gc,heap        ] GC(31) ParOldGen: 5017K(2796544K)->5049K(2796544K)
[18.926s][info][gc,metaspace   ] GC(31) Metaspace: 14628K(14848K)->14628K(14848K) NonClass: 12646K(12736K)->12646K(12736K) Class: 1981K(2112K)->1981K(2112K)
[18.926s][info][gc             ] GC(31) Pause Young (Allocation Failure) 1299M->30M(4047M) 11.440ms
[18.926s][info][gc,cpu         ] GC(31) User=0.06s Sys=0.00s Real=0.01s
[18.952s][info][gc,start       ] GC(32) Pause Young (System.gc())
[18.952s][info][gc,heap        ] GC(32) PSYoungGen: 104059K(1348096K)->96K(1348096K) Eden: 77891K(1298432K)->0K(1298432K) From: 26168K(49664K)->96K(49664K)
[18.952s][info][gc,heap        ] GC(32) ParOldGen: 5049K(2796544K)->5081K(2796544K)
[18.952s][info][gc,metaspace   ] GC(32) Metaspace: 14628K(14848K)->14628K(14848K) NonClass: 12646K(12736K)->12646K(12736K) Class: 1981K(2112K)->1981K(2112K)
[18.952s][info][gc             ] GC(32) Pause Young (System.gc()) 106M->5M(4047M) 0.625ms
[18.952s][info][gc,cpu         ] GC(32) User=0.00s Sys=0.00s Real=0.00s
[18.952s][info][gc,start       ] GC(33) Pause Full (System.gc())
[18.952s][info][gc,phases,start] GC(33) Marking Phase
[18.956s][info][gc,phases      ] GC(33) Marking Phase 4.217ms
[18.956s][info][gc,phases,start] GC(33) Summary Phase
[18.956s][info][gc,phases      ] GC(33) Summary Phase 0.009ms
[18.956s][info][gc,phases,start] GC(33) Adjust Roots
[18.959s][info][gc,phases      ] GC(33) Adjust Roots 2.236ms
[18.959s][info][gc,phases,start] GC(33) Compaction Phase
[18.961s][info][gc,phases      ] GC(33) Compaction Phase 1.910ms
[18.961s][info][gc,phases,start] GC(33) Post Compact
[18.961s][info][gc,phases      ] GC(33) Post Compact 0.474ms
[18.961s][info][gc,heap        ] GC(33) PSYoungGen: 96K(1348096K)->0K(1348096K) Eden: 0K(1298432K)->0K(1298432K) From: 96K(49664K)->0K(49664K)
[18.961s][info][gc,heap        ] GC(33) ParOldGen: 5081K(2796544K)->5017K(2796544K)
[18.961s][info][gc,metaspace   ] GC(33) Metaspace: 14628K(14848K)->14628K(14848K) NonClass: 12646K(12736K)->12646K(12736K) Class: 1981K(2112K)->1981K(2112K)
[18.961s][info][gc             ] GC(33) Pause Full (System.gc()) 5M->4M(4047M) 9.091ms
[18.961s][info][gc,cpu         ] GC(33) User=0.00s Sys=0.00s Real=0.01s
[19.995s][info][gc,start       ] GC(34) Pause Young (Allocation Failure)
[20.009s][info][gc,heap        ] GC(34) PSYoungGen: 1298432K(1348096K)->26197K(1347072K) Eden: 1298432K(1298432K)->0K(1297408K) From: 0K(49664K)->26197K(49664K)
[20.009s][info][gc,heap        ] GC(34) ParOldGen: 5017K(2796544K)->5025K(2796544K)
[20.009s][info][gc,metaspace   ] GC(34) Metaspace: 14629K(14848K)->14629K(14848K) NonClass: 12648K(12736K)->12648K(12736K) Class: 1981K(2112K)->1981K(2112K)
[20.009s][info][gc             ] GC(34) Pause Young (Allocation Failure) 1272M->30M(4046M) 13.565ms
[20.009s][info][gc,cpu         ] GC(34) User=0.00s Sys=0.00s Real=0.01s
[21.042s][info][gc,start       ] GC(35) Pause Young (Allocation Failure)
[21.053s][info][gc,heap        ] GC(35) PSYoungGen: 1323605K(1347072K)->26165K(1347584K) Eden: 1297408K(1297408K)->0K(1297408K) From: 26197K(49664K)->26165K(50176K)
[21.053s][info][gc,heap        ] GC(35) ParOldGen: 5025K(2796544K)->5057K(2796544K)
[21.053s][info][gc,metaspace   ] GC(35) Metaspace: 14629K(14848K)->14629K(14848K) NonClass: 12648K(12736K)->12648K(12736K) Class: 1981K(2112K)->1981K(2112K)
[21.053s][info][gc             ] GC(35) Pause Young (Allocation Failure) 1297M->30M(4047M) 10.868ms
[21.053s][info][gc,cpu         ] GC(35) User=0.00s Sys=0.00s Real=0.01s
[21.081s][info][gc,start       ] GC(36) Pause Young (System.gc())
[21.081s][info][gc,heap        ] GC(36) PSYoungGen: 103887K(1347584K)->96K(1347584K) Eden: 77722K(1297408K)->0K(1297408K) From: 26165K(50176K)->96K(50176K)
[21.081s][info][gc,heap        ] GC(36) ParOldGen: 5057K(2796544K)->5081K(2796544K)
[21.081s][info][gc,metaspace   ] GC(36) Metaspace: 14634K(14848K)->14634K(14848K) NonClass: 12652K(12736K)->12652K(12736K) Class: 1981K(2112K)->1981K(2112K)
[21.081s][info][gc             ] GC(36) Pause Young (System.gc()) 106M->5M(4047M) 0.378ms
[21.081s][info][gc,cpu         ] GC(36) User=0.00s Sys=0.00s Real=0.00s
[21.081s][info][gc,start       ] GC(37) Pause Full (System.gc())
[21.081s][info][gc,phases,start] GC(37) Marking Phase
[21.085s][info][gc,phases      ] GC(37) Marking Phase 4.160ms
[21.085s][info][gc,phases,start] GC(37) Summary Phase
[21.085s][info][gc,phases      ] GC(37) Summary Phase 0.010ms
[21.085s][info][gc,phases,start] GC(37) Adjust Roots
[21.088s][info][gc,phases      ] GC(37) Adjust Roots 2.545ms
[21.088s][info][gc,phases,start] GC(37) Compaction Phase
[21.090s][info][gc,phases      ] GC(37) Compaction Phase 1.838ms
[21.090s][info][gc,phases,start] GC(37) Post Compact
[21.090s][info][gc,phases      ] GC(37) Post Compact 0.411ms
[21.090s][info][gc,heap        ] GC(37) PSYoungGen: 96K(1347584K)->0K(1347584K) Eden: 0K(1297408K)->0K(1297408K) From: 96K(50176K)->0K(50176K)
[21.090s][info][gc,heap        ] GC(37) ParOldGen: 5081K(2796544K)->5017K(2796544K)
[21.090s][info][gc,metaspace   ] GC(37) Metaspace: 14634K(14848K)->14634K(14848K) NonClass: 12652K(12736K)->12652K(12736K) Class: 1981K(2112K)->1981K(2112K)
[21.090s][info][gc             ] GC(37) Pause Full (System.gc()) 5M->4M(4047M) 9.221ms
[21.090s][info][gc,cpu         ] GC(37) User=0.02s Sys=0.00s Real=0.02s
[22.109s][info][gc,start       ] GC(38) Pause Young (Allocation Failure)
[22.121s][info][gc,heap        ] GC(38) PSYoungGen: 1297408K(1347584K)->26183K(1347584K) Eden: 1297408K(1297408K)->0K(1297408K) From: 0K(50176K)->26183K(50176K)
[22.121s][info][gc,heap        ] GC(38) ParOldGen: 5017K(2796544K)->5017K(2796544K)
[22.121s][info][gc,metaspace   ] GC(38) Metaspace: 14634K(14912K)->14634K(14912K) NonClass: 12653K(12800K)->12653K(12800K) Class: 1981K(2112K)->1981K(2112K)
[22.121s][info][gc             ] GC(38) Pause Young (Allocation Failure) 1271M->30M(4047M) 11.929ms
[22.121s][info][gc,cpu         ] GC(38) User=0.08s Sys=0.00s Real=0.02s
[23.168s][info][gc,start       ] GC(39) Pause Young (Allocation Failure)
[23.181s][info][gc,heap        ] GC(39) PSYoungGen: 1323591K(1347584K)->26200K(1347584K) Eden: 1297408K(1297408K)->0K(1297408K) From: 26183K(50176K)->26200K(50176K)
[23.181s][info][gc,heap        ] GC(39) ParOldGen: 5017K(2796544K)->5033K(2796544K)
[23.181s][info][gc,metaspace   ] GC(39) Metaspace: 14634K(14912K)->14634K(14912K) NonClass: 12653K(12800K)->12653K(12800K) Class: 1981K(2112K)->1981K(2112K)
[23.181s][info][gc             ] GC(39) Pause Young (Allocation Failure) 1297M->30M(4047M) 13.449ms
[23.181s][info][gc,cpu         ] GC(39) User=0.06s Sys=0.00s Real=0.00s
[23.208s][info][gc,start       ] GC(40) Pause Young (System.gc())
[23.209s][info][gc,heap        ] GC(40) PSYoungGen: 103877K(1347584K)->128K(1347584K) Eden: 77676K(1297408K)->0K(1297408K) From: 26200K(50176K)->128K(50176K)
[23.209s][info][gc,heap        ] GC(40) ParOldGen: 5033K(2796544K)->5065K(2796544K)
[23.209s][info][gc,metaspace   ] GC(40) Metaspace: 14634K(14912K)->14634K(14912K) NonClass: 12653K(12800K)->12653K(12800K) Class: 1981K(2112K)->1981K(2112K)
[23.209s][info][gc             ] GC(40) Pause Young (System.gc()) 106M->5M(4047M) 0.437ms
[23.209s][info][gc,cpu         ] GC(40) User=0.00s Sys=0.00s Real=0.00s
[23.209s][info][gc,start       ] GC(41) Pause Full (System.gc())
[23.209s][info][gc,phases,start] GC(41) Marking Phase
[23.213s][info][gc,phases      ] GC(41) Marking Phase 4.150ms
[23.213s][info][gc,phases,start] GC(41) Summary Phase
[23.213s][info][gc,phases      ] GC(41) Summary Phase 0.010ms
[23.213s][info][gc,phases,start] GC(41) Adjust Roots
[23.215s][info][gc,phases      ] GC(41) Adjust Roots 2.022ms
[23.215s][info][gc,phases,start] GC(41) Compaction Phase
[23.217s][info][gc,phases      ] GC(41) Compaction Phase 1.872ms
[23.217s][info][gc,phases,start] GC(41) Post Compact
[23.218s][info][gc,phases      ] GC(41) Post Compact 0.605ms
[23.218s][info][gc,heap        ] GC(41) PSYoungGen: 128K(1347584K)->0K(1347584K) Eden: 0K(1297408K)->0K(1297408K) From: 128K(50176K)->0K(50176K)
[23.218s][info][gc,heap        ] GC(41) ParOldGen: 5065K(2796544K)->5017K(2796544K)
[23.218s][info][gc,metaspace   ] GC(41) Metaspace: 14634K(14912K)->14634K(14912K) NonClass: 12653K(12800K)->12653K(12800K) Class: 1981K(2112K)->1981K(2112K)
[23.218s][info][gc             ] GC(41) Pause Full (System.gc()) 5M->4M(4047M) 8.952ms
[23.218s][info][gc,cpu         ] GC(41) User=0.00s Sys=0.02s Real=0.02s
[24.257s][info][gc,start       ] GC(42) Pause Young (Allocation Failure)
[24.268s][info][gc,heap        ] GC(42) PSYoungGen: 1297408K(1347584K)->26165K(1347584K) Eden: 1297408K(1297408K)->0K(1297408K) From: 0K(50176K)->26165K(50176K)
[24.268s][info][gc,heap        ] GC(42) ParOldGen: 5017K(2796544K)->5017K(2796544K)
[24.268s][info][gc,metaspace   ] GC(42) Metaspace: 14638K(14912K)->14638K(14912K) NonClass: 12656K(12800K)->12656K(12800K) Class: 1981K(2112K)->1981K(2112K)
[24.268s][info][gc             ] GC(42) Pause Young (Allocation Failure) 1271M->30M(4047M) 10.999ms
[24.268s][info][gc,cpu         ] GC(42) User=0.09s Sys=0.00s Real=0.01s
[25.302s][info][gc,start       ] GC(43) Pause Young (Allocation Failure)
[25.313s][info][gc,heap        ] GC(43) PSYoungGen: 1323573K(1347584K)->26197K(1347584K) Eden: 1297408K(1297408K)->0K(1297408K) From: 26165K(50176K)->26197K(50176K)
[25.313s][info][gc,heap        ] GC(43) ParOldGen: 5017K(2796544K)->5057K(2796544K)
[25.313s][info][gc,metaspace   ] GC(43) Metaspace: 14644K(14912K)->14644K(14912K) NonClass: 12662K(12800K)->12662K(12800K) Class: 1981K(2112K)->1981K(2112K)
[25.313s][info][gc             ] GC(43) Pause Young (Allocation Failure) 1297M->30M(4047M) 11.021ms
[25.313s][info][gc,cpu         ] GC(43) User=0.09s Sys=0.00s Real=0.01s
[25.340s][info][gc,start       ] GC(44) Pause Young (System.gc())
[25.340s][info][gc,heap        ] GC(44) PSYoungGen: 107533K(1347584K)->96K(1347584K) Eden: 81335K(1297408K)->0K(1297408K) From: 26197K(50176K)->96K(50176K)
[25.340s][info][gc,heap        ] GC(44) ParOldGen: 5057K(2796544K)->5081K(2796544K)
[25.340s][info][gc,metaspace   ] GC(44) Metaspace: 14646K(14912K)->14646K(14912K) NonClass: 12665K(12800K)->12665K(12800K) Class: 1981K(2112K)->1981K(2112K)
[25.340s][info][gc             ] GC(44) Pause Young (System.gc()) 109M->5M(4047M) 0.378ms
[25.340s][info][gc,cpu         ] GC(44) User=0.00s Sys=0.00s Real=0.00s
[25.340s][info][gc,start       ] GC(45) Pause Full (System.gc())
[25.340s][info][gc,phases,start] GC(45) Marking Phase
[25.344s][info][gc,phases      ] GC(45) Marking Phase 4.083ms
[25.344s][info][gc,phases,start] GC(45) Summary Phase
[25.344s][info][gc,phases      ] GC(45) Summary Phase 0.009ms
[25.344s][info][gc,phases,start] GC(45) Adjust Roots
[25.346s][info][gc,phases      ] GC(45) Adjust Roots 1.953ms
[25.346s][info][gc,phases,start] GC(45) Compaction Phase
[25.348s][info][gc,phases      ] GC(45) Compaction Phase 1.987ms
[25.348s][info][gc,phases,start] GC(45) Post Compact
[25.349s][info][gc,phases      ] GC(45) Post Compact 0.460ms
[25.349s][info][gc,heap        ] GC(45) PSYoungGen: 96K(1347584K)->0K(1347584K) Eden: 0K(1297408K)->0K(1297408K) From: 96K(50176K)->0K(50176K)
[25.349s][info][gc,heap        ] GC(45) ParOldGen: 5081K(2796544K)->5017K(2796544K)
[25.349s][info][gc,metaspace   ] GC(45) Metaspace: 14646K(14912K)->14646K(14912K) NonClass: 12665K(12800K)->12665K(12800K) Class: 1981K(2112K)->1981K(2112K)
[25.349s][info][gc             ] GC(45) Pause Full (System.gc()) 5M->4M(4047M) 8.879ms
[25.349s][info][gc,cpu         ] GC(45) User=0.00s Sys=0.00s Real=0.02s
[26.385s][info][gc,start       ] GC(46) Pause Young (Allocation Failure)
[26.398s][info][gc,heap        ] GC(46) PSYoungGen: 1297408K(1347584K)->26133K(1324032K) Eden: 1297408K(1297408K)->0K(1297408K) From: 0K(50176K)->26133K(26624K)
[26.398s][info][gc,heap        ] GC(46) ParOldGen: 5017K(2796544K)->5017K(2796544K)
[26.398s][info][gc,metaspace   ] GC(46) Metaspace: 14653K(14912K)->14653K(14912K) NonClass: 12671K(12800K)->12671K(12800K) Class: 1981K(2112K)->1981K(2112K)
[26.398s][info][gc             ] GC(46) Pause Young (Allocation Failure) 1271M->30M(4024M) 13.048ms
[26.398s][info][gc,cpu         ] GC(46) User=0.00s Sys=0.00s Real=0.02s
[27.447s][info][gc,start       ] GC(47) Pause Young (Allocation Failure)
[27.459s][info][gc,heap        ] GC(47) PSYoungGen: 1323541K(1324032K)->26168K(1347584K) Eden: 1297408K(1297408K)->0K(1296896K) From: 26133K(26624K)->26168K(50688K)
[27.459s][info][gc,heap        ] GC(47) ParOldGen: 5017K(2796544K)->5049K(2796544K)
[27.459s][info][gc,metaspace   ] GC(47) Metaspace: 14653K(14912K)->14653K(14912K) NonClass: 12672K(12800K)->12672K(12800K) Class: 1981K(2112K)->1981K(2112K)
[27.459s][info][gc             ] GC(47) Pause Young (Allocation Failure) 1297M->30M(4047M) 11.417ms
[27.459s][info][gc,cpu         ] GC(47) User=0.00s Sys=0.00s Real=0.02s
[27.486s][info][gc,start       ] GC(48) Pause Young (System.gc())
[27.486s][info][gc,heap        ] GC(48) PSYoungGen: 103950K(1347584K)->128K(1347072K) Eden: 77782K(1296896K)->0K(1296896K) From: 26168K(50688K)->128K(50176K)
[27.486s][info][gc,heap        ] GC(48) ParOldGen: 5049K(2796544K)->5073K(2796544K)
[27.486s][info][gc,metaspace   ] GC(48) Metaspace: 14653K(14912K)->14653K(14912K) NonClass: 12672K(12800K)->12672K(12800K) Class: 1981K(2112K)->1981K(2112K)
[27.486s][info][gc             ] GC(48) Pause Young (System.gc()) 106M->5M(4046M) 0.262ms
[27.486s][info][gc,cpu         ] GC(48) User=0.00s Sys=0.00s Real=0.00s
[27.486s][info][gc,start       ] GC(49) Pause Full (System.gc())
[27.486s][info][gc,phases,start] GC(49) Marking Phase
[27.490s][info][gc,phases      ] GC(49) Marking Phase 4.163ms
[27.490s][info][gc,phases,start] GC(49) Summary Phase
[27.490s][info][gc,phases      ] GC(49) Summary Phase 0.009ms
[27.490s][info][gc,phases,start] GC(49) Adjust Roots
[27.492s][info][gc,phases      ] GC(49) Adjust Roots 1.948ms
[27.492s][info][gc,phases,start] GC(49) Compaction Phase
[27.494s][info][gc,phases      ] GC(49) Compaction Phase 2.049ms
[27.494s][info][gc,phases,start] GC(49) Post Compact
[27.495s][info][gc,phases      ] GC(49) Post Compact 0.436ms
[27.495s][info][gc,heap        ] GC(49) PSYoungGen: 128K(1347072K)->0K(1347072K) Eden: 0K(1296896K)->0K(1296896K) From: 128K(50176K)->0K(50176K)
[27.495s][info][gc,heap        ] GC(49) ParOldGen: 5073K(2796544K)->5017K(2796544K)
[27.495s][info][gc,metaspace   ] GC(49) Metaspace: 14653K(14912K)->14653K(14912K) NonClass: 12672K(12800K)->12672K(12800K) Class: 1981K(2112K)->1981K(2112K)
[27.495s][info][gc             ] GC(49) Pause Full (System.gc()) 5M->4M(4046M) 8.869ms
[27.495s][info][gc,cpu         ] GC(49) User=0.09s Sys=0.00s Real=0.01s
[28.532s][info][gc,start       ] GC(50) Pause Young (Allocation Failure)
[28.543s][info][gc,heap        ] GC(50) PSYoungGen: 1296896K(1347072K)->26165K(1346560K) Eden: 1296896K(1296896K)->0K(1296384K) From: 0K(50176K)->26165K(50176K)
[28.543s][info][gc,heap        ] GC(50) ParOldGen: 5017K(2796544K)->5017K(2796544K)
[28.543s][info][gc,metaspace   ] GC(50) Metaspace: 14658K(14912K)->14658K(14912K) NonClass: 12677K(12800K)->12677K(12800K) Class: 1981K(2112K)->1981K(2112K)
[28.543s][info][gc             ] GC(50) Pause Young (Allocation Failure) 1271M->30M(4046M) 11.187ms
[28.543s][info][gc,cpu         ] GC(50) User=0.09s Sys=0.00s Real=0.01s
[29.584s][info][gc,start       ] GC(51) Pause Young (Allocation Failure)
[29.595s][info][gc,heap        ] GC(51) PSYoungGen: 1322549K(1346560K)->26165K(1347072K) Eden: 1296384K(1296384K)->0K(1296384K) From: 26165K(50176K)->26165K(50688K)
[29.595s][info][gc,heap        ] GC(51) ParOldGen: 5017K(2796544K)->5041K(2796544K)
[29.595s][info][gc,metaspace   ] GC(51) Metaspace: 14658K(14912K)->14658K(14912K) NonClass: 12677K(12800K)->12677K(12800K) Class: 1981K(2112K)->1981K(2112K)
[29.595s][info][gc             ] GC(51) Pause Young (Allocation Failure) 1296M->30M(4046M) 11.077ms
[29.595s][info][gc,cpu         ] GC(51) User=0.09s Sys=0.00s Real=0.02s
[29.621s][info][gc,start       ] GC(52) Pause Young (System.gc())
[29.621s][info][gc,heap        ] GC(52) PSYoungGen: 103934K(1347072K)->128K(1347584K) Eden: 77768K(1296384K)->0K(1296896K) From: 26165K(50688K)->128K(50688K)
[29.621s][info][gc,heap        ] GC(52) ParOldGen: 5041K(2796544K)->5073K(2796544K)
[29.621s][info][gc,metaspace   ] GC(52) Metaspace: 14660K(14912K)->14660K(14912K) NonClass: 12679K(12800K)->12679K(12800K) Class: 1981K(2112K)->1981K(2112K)
[29.621s][info][gc             ] GC(52) Pause Young (System.gc()) 106M->5M(4047M) 0.347ms
[29.621s][info][gc,cpu         ] GC(52) User=0.00s Sys=0.00s Real=0.00s
[29.621s][info][gc,start       ] GC(53) Pause Full (System.gc())
[29.621s][info][gc,phases,start] GC(53) Marking Phase
[29.626s][info][gc,phases      ] GC(53) Marking Phase 4.509ms
[29.626s][info][gc,phases,start] GC(53) Summary Phase
[29.626s][info][gc,phases      ] GC(53) Summary Phase 0.010ms
[29.626s][info][gc,phases,start] GC(53) Adjust Roots
[29.628s][info][gc,phases      ] GC(53) Adjust Roots 1.967ms
[29.628s][info][gc,phases,start] GC(53) Compaction Phase
[29.631s][info][gc,phases      ] GC(53) Compaction Phase 2.725ms
[29.631s][info][gc,phases,start] GC(53) Post Compact
[29.631s][info][gc,phases      ] GC(53) Post Compact 0.411ms
[29.631s][info][gc,heap        ] GC(53) PSYoungGen: 128K(1347584K)->0K(1347584K) Eden: 0K(1296896K)->0K(1296896K) From: 128K(50688K)->0K(50688K)
[29.631s][info][gc,heap        ] GC(53) ParOldGen: 5073K(2796544K)->5018K(2796544K)
[29.631s][info][gc,metaspace   ] GC(53) Metaspace: 14660K(14912K)->14660K(14912K) NonClass: 12679K(12800K)->12679K(12800K) Class: 1981K(2112K)->1981K(2112K)
[29.631s][info][gc             ] GC(53) Pause Full (System.gc()) 5M->4M(4047M) 9.886ms
[29.631s][info][gc,cpu         ] GC(53) User=0.00s Sys=0.00s Real=0.02s
[30.669s][info][gc,start       ] GC(54) Pause Young (Allocation Failure)
[30.681s][info][gc,heap        ] GC(54) PSYoungGen: 1296896K(1347584K)->26133K(1347072K) Eden: 1296896K(1296896K)->0K(1296896K) From: 0K(50688K)->26133K(50176K)
[30.681s][info][gc,heap        ] GC(54) ParOldGen: 5018K(2796544K)->5018K(2796544K)
[30.681s][info][gc,metaspace   ] GC(54) Metaspace: 14664K(14912K)->14664K(14912K) NonClass: 12683K(12800K)->12683K(12800K) Class: 1981K(2112K)->1981K(2112K)
[30.681s][info][gc             ] GC(54) Pause Young (Allocation Failure) 1271M->30M(4046M) 11.988ms
[30.681s][info][gc,cpu         ] GC(54) User=0.00s Sys=0.00s Real=0.02s
[31.716s][info][gc,start       ] GC(55) Pause Young (Allocation Failure)
[31.729s][info][gc,heap        ] GC(55) PSYoungGen: 1323029K(1347072K)->26197K(1347072K) Eden: 1296896K(1296896K)->0K(1296384K) From: 26133K(50176K)->26197K(50688K)
[31.729s][info][gc,heap        ] GC(55) ParOldGen: 5018K(2796544K)->5050K(2796544K)
[31.729s][info][gc,metaspace   ] GC(55) Metaspace: 14664K(14912K)->14664K(14912K) NonClass: 12683K(12800K)->12683K(12800K) Class: 1981K(2112K)->1981K(2112K)
[31.729s][info][gc             ] GC(55) Pause Young (Allocation Failure) 1296M->30M(4046M) 13.139ms
[31.729s][info][gc,cpu         ] GC(55) User=0.06s Sys=0.00s Real=0.01s
[31.756s][info][gc,start       ] GC(56) Pause Young (System.gc())
[31.756s][info][gc,heap        ] GC(56) PSYoungGen: 103973K(1347072K)->96K(1347072K) Eden: 77776K(1296384K)->0K(1296384K) From: 26197K(50688K)->96K(50688K)
[31.756s][info][gc,heap        ] GC(56) ParOldGen: 5050K(2796544K)->5074K(2796544K)
[31.756s][info][gc,metaspace   ] GC(56) Metaspace: 14666K(14912K)->14666K(14912K) NonClass: 12684K(12800K)->12684K(12800K) Class: 1981K(2112K)->1981K(2112K)
[31.756s][info][gc             ] GC(56) Pause Young (System.gc()) 106M->5M(4046M) 0.355ms
[31.756s][info][gc,cpu         ] GC(56) User=0.00s Sys=0.00s Real=0.00s
[31.756s][info][gc,start       ] GC(57) Pause Full (System.gc())
[31.756s][info][gc,phases,start] GC(57) Marking Phase
[31.761s][info][gc,phases      ] GC(57) Marking Phase 4.262ms
[31.761s][info][gc,phases,start] GC(57) Summary Phase
[31.761s][info][gc,phases      ] GC(57) Summary Phase 0.010ms
[31.761s][info][gc,phases,start] GC(57) Adjust Roots
[31.763s][info][gc,phases      ] GC(57) Adjust Roots 2.068ms
[31.763s][info][gc,phases,start] GC(57) Compaction Phase
[31.765s][info][gc,phases      ] GC(57) Compaction Phase 2.573ms
[31.766s][info][gc,phases,start] GC(57) Post Compact
[31.766s][info][gc,phases      ] GC(57) Post Compact 0.466ms
[31.766s][info][gc,heap        ] GC(57) PSYoungGen: 96K(1347072K)->0K(1347072K) Eden: 0K(1296384K)->0K(1296384K) From: 96K(50688K)->0K(50688K)
[31.766s][info][gc,heap        ] GC(57) ParOldGen: 5074K(2796544K)->5017K(2796544K)
[31.766s][info][gc,metaspace   ] GC(57) Metaspace: 14666K(14912K)->14666K(14912K) NonClass: 12684K(12800K)->12684K(12800K) Class: 1981K(2112K)->1981K(2112K)
[31.766s][info][gc             ] GC(57) Pause Full (System.gc()) 5M->4M(4046M) 9.682ms
[31.766s][info][gc,cpu         ] GC(57) User=0.02s Sys=0.00s Real=0.02s
[32.799s][info][gc,start       ] GC(58) Pause Young (Allocation Failure)
[32.813s][info][gc,heap        ] GC(58) PSYoungGen: 1296384K(1347072K)->26200K(1346560K) Eden: 1296384K(1296384K)->0K(1296384K) From: 0K(50688K)->26200K(50176K)
[32.813s][info][gc,heap        ] GC(58) ParOldGen: 5017K(2796544K)->5017K(2796544K)
[32.813s][info][gc,metaspace   ] GC(58) Metaspace: 14676K(14976K)->14676K(14976K) NonClass: 12695K(12864K)->12695K(12864K) Class: 1981K(2112K)->1981K(2112K)
[32.813s][info][gc             ] GC(58) Pause Young (Allocation Failure) 1270M->30M(4046M) 13.179ms
[32.813s][info][gc,cpu         ] GC(58) User=0.09s Sys=0.00s Real=0.02s
[33.858s][info][gc,start       ] GC(59) Pause Young (Allocation Failure)
[33.870s][info][gc,heap        ] GC(59) PSYoungGen: 1322584K(1346560K)->26165K(1347072K) Eden: 1296384K(1296384K)->0K(1296384K) From: 26200K(50176K)->26165K(50688K)
[33.870s][info][gc,heap        ] GC(59) ParOldGen: 5017K(2796544K)->5049K(2796544K)
[33.870s][info][gc,metaspace   ] GC(59) Metaspace: 14677K(14976K)->14677K(14976K) NonClass: 12696K(12864K)->12696K(12864K) Class: 1981K(2112K)->1981K(2112K)
[33.870s][info][gc             ] GC(59) Pause Young (Allocation Failure) 1296M->30M(4046M) 12.288ms
[33.870s][info][gc,cpu         ] GC(59) User=0.08s Sys=0.02s Real=0.02s
[33.897s][info][gc,start       ] GC(60) Pause Young (System.gc())
[33.897s][info][gc,heap        ] GC(60) PSYoungGen: 103944K(1347072K)->128K(1347072K) Eden: 77779K(1296384K)->0K(1296384K) From: 26165K(50688K)->128K(50688K)
[33.897s][info][gc,heap        ] GC(60) ParOldGen: 5049K(2796544K)->5081K(2796544K)
[33.897s][info][gc,metaspace   ] GC(60) Metaspace: 14680K(14976K)->14680K(14976K) NonClass: 12699K(12864K)->12699K(12864K) Class: 1981K(2112K)->1981K(2112K)
[33.897s][info][gc             ] GC(60) Pause Young (System.gc()) 106M->5M(4046M) 0.322ms
[33.897s][info][gc,cpu         ] GC(60) User=0.00s Sys=0.00s Real=0.00s
[33.897s][info][gc,start       ] GC(61) Pause Full (System.gc())
[33.897s][info][gc,phases,start] GC(61) Marking Phase
[33.901s][info][gc,phases      ] GC(61) Marking Phase 4.053ms
[33.901s][info][gc,phases,start] GC(61) Summary Phase
[33.901s][info][gc,phases      ] GC(61) Summary Phase 0.010ms
[33.901s][info][gc,phases,start] GC(61) Adjust Roots
[33.903s][info][gc,phases      ] GC(61) Adjust Roots 2.253ms
[33.903s][info][gc,phases,start] GC(61) Compaction Phase
[33.906s][info][gc,phases      ] GC(61) Compaction Phase 2.721ms
[33.906s][info][gc,phases,start] GC(61) Post Compact
[33.907s][info][gc,phases      ] GC(61) Post Compact 0.421ms
[33.907s][info][gc,heap        ] GC(61) PSYoungGen: 128K(1347072K)->0K(1347072K) Eden: 0K(1296384K)->0K(1296384K) From: 128K(50688K)->0K(50688K)
[33.907s][info][gc,heap        ] GC(61) ParOldGen: 5081K(2796544K)->5018K(2796544K)
[33.907s][info][gc,metaspace   ] GC(61) Metaspace: 14680K(14976K)->14680K(14976K) NonClass: 12699K(12864K)->12699K(12864K) Class: 1981K(2112K)->1981K(2112K)
[33.907s][info][gc             ] GC(61) Pause Full (System.gc()) 5M->4M(4046M) 9.748ms
[33.907s][info][gc,cpu         ] GC(61) User=0.00s Sys=0.02s Real=0.00s
[34.928s][info][gc,start       ] GC(62) Pause Young (Allocation Failure)
[34.942s][info][gc,heap        ] GC(62) PSYoungGen: 1296384K(1347072K)->26165K(1347072K) Eden: 1296384K(1296384K)->0K(1296384K) From: 0K(50688K)->26165K(50688K)
[34.942s][info][gc,heap        ] GC(62) ParOldGen: 5018K(2796544K)->5018K(2796544K)
[34.942s][info][gc,metaspace   ] GC(62) Metaspace: 14681K(14976K)->14681K(14976K) NonClass: 12699K(12864K)->12699K(12864K) Class: 1981K(2112K)->1981K(2112K)
[34.942s][info][gc             ] GC(62) Pause Young (Allocation Failure) 1270M->30M(4046M) 13.466ms
[34.942s][info][gc,cpu         ] GC(62) User=0.05s Sys=0.00s Real=0.02s
[35.989s][info][gc,start       ] GC(63) Pause Young (Allocation Failure)
[36.000s][info][gc,heap        ] GC(63) PSYoungGen: 1322549K(1347072K)->26165K(1347072K) Eden: 1296384K(1296384K)->0K(1296384K) From: 26165K(50688K)->26165K(50688K)
[36.000s][info][gc,heap        ] GC(63) ParOldGen: 5018K(2796544K)->5058K(2796544K)
[36.000s][info][gc,metaspace   ] GC(63) Metaspace: 14681K(14976K)->14681K(14976K) NonClass: 12699K(12864K)->12699K(12864K) Class: 1981K(2112K)->1981K(2112K)
[36.000s][info][gc             ] GC(63) Pause Young (Allocation Failure) 1296M->30M(4046M) 11.077ms
[36.000s][info][gc,cpu         ] GC(63) User=0.08s Sys=0.00s Real=0.01s
[36.027s][info][gc,start       ] GC(64) Pause Young (System.gc())
[36.027s][info][gc,heap        ] GC(64) PSYoungGen: 103946K(1347072K)->64K(1347072K) Eden: 77780K(1296384K)->0K(1296384K) From: 26165K(50688K)->64K(50688K)
[36.027s][info][gc,heap        ] GC(64) ParOldGen: 5058K(2796544K)->5082K(2796544K)
[36.027s][info][gc,metaspace   ] GC(64) Metaspace: 14681K(14976K)->14681K(14976K) NonClass: 12699K(12864K)->12699K(12864K) Class: 1981K(2112K)->1981K(2112K)
[36.027s][info][gc             ] GC(64) Pause Young (System.gc()) 106M->5M(4046M) 0.319ms
[36.027s][info][gc,cpu         ] GC(64) User=0.00s Sys=0.00s Real=0.00s
[36.027s][info][gc,start       ] GC(65) Pause Full (System.gc())
[36.027s][info][gc,phases,start] GC(65) Marking Phase
[36.032s][info][gc,phases      ] GC(65) Marking Phase 4.366ms
[36.032s][info][gc,phases,start] GC(65) Summary Phase
[36.032s][info][gc,phases      ] GC(65) Summary Phase 0.009ms
[36.032s][info][gc,phases,start] GC(65) Adjust Roots
[36.034s][info][gc,phases      ] GC(65) Adjust Roots 2.053ms
[36.034s][info][gc,phases,start] GC(65) Compaction Phase
[36.037s][info][gc,phases      ] GC(65) Compaction Phase 3.120ms
[36.037s][info][gc,phases,start] GC(65) Post Compact
[36.038s][info][gc,phases      ] GC(65) Post Compact 0.492ms
[36.038s][info][gc,heap        ] GC(65) PSYoungGen: 64K(1347072K)->0K(1347072K) Eden: 0K(1296384K)->0K(1296384K) From: 64K(50688K)->0K(50688K)
[36.038s][info][gc,heap        ] GC(65) ParOldGen: 5082K(2796544K)->5017K(2796544K)
[36.038s][info][gc,metaspace   ] GC(65) Metaspace: 14681K(14976K)->14681K(14976K) NonClass: 12699K(12864K)->12699K(12864K) Class: 1981K(2112K)->1981K(2112K)
[36.038s][info][gc             ] GC(65) Pause Full (System.gc()) 5M->4M(4046M) 10.306ms
[36.038s][info][gc,cpu         ] GC(65) User=0.00s Sys=0.00s Real=0.01s
[37.058s][info][gc,start       ] GC(66) Pause Young (Allocation Failure)
[37.069s][info][gc,heap        ] GC(66) PSYoungGen: 1296384K(1347072K)->26200K(1347072K) Eden: 1296384K(1296384K)->0K(1296384K) From: 0K(50688K)->26200K(50688K)
[37.069s][info][gc,heap        ] GC(66) ParOldGen: 5017K(2796544K)->5017K(2796544K)
[37.069s][info][gc,metaspace   ] GC(66) Metaspace: 14682K(14976K)->14682K(14976K) NonClass: 12700K(12864K)->12700K(12864K) Class: 1981K(2112K)->1981K(2112K)
[37.069s][info][gc             ] GC(66) Pause Young (Allocation Failure) 1270M->30M(4046M) 11.043ms
[37.069s][info][gc,cpu         ] GC(66) User=0.00s Sys=0.00s Real=0.02s
[38.103s][info][gc,start       ] GC(67) Pause Young (Allocation Failure)
[38.116s][info][gc,heap        ] GC(67) PSYoungGen: 1322584K(1347072K)->26165K(1347072K) Eden: 1296384K(1296384K)->0K(1296384K) From: 26200K(50688K)->26165K(50688K)
[38.116s][info][gc,heap        ] GC(67) ParOldGen: 5017K(2796544K)->5049K(2796544K)
[38.116s][info][gc,metaspace   ] GC(67) Metaspace: 14682K(14976K)->14682K(14976K) NonClass: 12700K(12864K)->12700K(12864K) Class: 1981K(2112K)->1981K(2112K)
[38.116s][info][gc             ] GC(67) Pause Young (Allocation Failure) 1296M->30M(4046M) 12.915ms
[38.116s][info][gc,cpu         ] GC(67) User=0.00s Sys=0.00s Real=0.02s
[38.142s][info][gc,start       ] GC(68) Pause Young (System.gc())
[38.143s][info][gc,heap        ] GC(68) PSYoungGen: 103946K(1347072K)->128K(1347072K) Eden: 77780K(1296384K)->0K(1296384K) From: 26165K(50688K)->128K(50688K)
[38.143s][info][gc,heap        ] GC(68) ParOldGen: 5049K(2796544K)->5065K(2796544K)
[38.143s][info][gc,metaspace   ] GC(68) Metaspace: 14682K(14976K)->14682K(14976K) NonClass: 12701K(12864K)->12701K(12864K) Class: 1981K(2112K)->1981K(2112K)
[38.143s][info][gc             ] GC(68) Pause Young (System.gc()) 106M->5M(4046M) 0.385ms
[38.143s][info][gc,cpu         ] GC(68) User=0.00s Sys=0.00s Real=0.00s
[38.143s][info][gc,start       ] GC(69) Pause Full (System.gc())
[38.143s][info][gc,phases,start] GC(69) Marking Phase
[38.147s][info][gc,phases      ] GC(69) Marking Phase 4.240ms
[38.147s][info][gc,phases,start] GC(69) Summary Phase
[38.147s][info][gc,phases      ] GC(69) Summary Phase 0.009ms
[38.147s][info][gc,phases,start] GC(69) Adjust Roots
[38.150s][info][gc,phases      ] GC(69) Adjust Roots 2.456ms
[38.150s][info][gc,phases,start] GC(69) Compaction Phase
[38.152s][info][gc,phases      ] GC(69) Compaction Phase 2.192ms
[38.152s][info][gc,phases,start] GC(69) Post Compact
[38.152s][info][gc,phases      ] GC(69) Post Compact 0.491ms
[38.153s][info][gc,heap        ] GC(69) PSYoungGen: 128K(1347072K)->0K(1347072K) Eden: 0K(1296384K)->0K(1296384K) From: 128K(50688K)->0K(50688K)
[38.153s][info][gc,heap        ] GC(69) ParOldGen: 5065K(2796544K)->5018K(2796544K)
[38.153s][info][gc,metaspace   ] GC(69) Metaspace: 14682K(14976K)->14682K(14976K) NonClass: 12701K(12864K)->12701K(12864K) Class: 1981K(2112K)->1981K(2112K)
[38.153s][info][gc             ] GC(69) Pause Full (System.gc()) 5M->4M(4046M) 9.656ms
[38.153s][info][gc,cpu         ] GC(69) User=0.02s Sys=0.00s Real=0.02s
[39.184s][info][gc,start       ] GC(70) Pause Young (Allocation Failure)
[39.196s][info][gc,heap        ] GC(70) PSYoungGen: 1296384K(1347072K)->26200K(1347072K) Eden: 1296384K(1296384K)->0K(1296384K) From: 0K(50688K)->26200K(50688K)
[39.196s][info][gc,heap        ] GC(70) ParOldGen: 5018K(2796544K)->5018K(2796544K)
[39.196s][info][gc,metaspace   ] GC(70) Metaspace: 14683K(14976K)->14683K(14976K) NonClass: 12702K(12864K)->12702K(12864K) Class: 1981K(2112K)->1981K(2112K)
[39.197s][info][gc             ] GC(70) Pause Young (Allocation Failure) 1270M->30M(4046M) 12.583ms
[39.197s][info][gc,cpu         ] GC(70) User=0.02s Sys=0.00s Real=0.01s
[40.228s][info][gc,start       ] GC(71) Pause Young (Allocation Failure)
[40.239s][info][gc,heap        ] GC(71) PSYoungGen: 1322584K(1347072K)->26165K(1347072K) Eden: 1296384K(1296384K)->0K(1296384K) From: 26200K(50688K)->26165K(50688K)
[40.239s][info][gc,heap        ] GC(71) ParOldGen: 5018K(2796544K)->5050K(2796544K)
[40.239s][info][gc,metaspace   ] GC(71) Metaspace: 14683K(14976K)->14683K(14976K) NonClass: 12702K(12864K)->12702K(12864K) Class: 1981K(2112K)->1981K(2112K)
[40.239s][info][gc             ] GC(71) Pause Young (Allocation Failure) 1296M->30M(4046M) 11.200ms
[40.239s][info][gc,cpu         ] GC(71) User=0.00s Sys=0.00s Real=0.02s
[40.266s][info][gc,start       ] GC(72) Pause Young (System.gc())
[40.266s][info][gc,heap        ] GC(72) PSYoungGen: 103946K(1347072K)->96K(1347072K) Eden: 77781K(1296384K)->0K(1296384K) From: 26165K(50688K)->96K(50688K)
[40.266s][info][gc,heap        ] GC(72) ParOldGen: 5050K(2796544K)->5074K(2796544K)
[40.267s][info][gc,metaspace   ] GC(72) Metaspace: 14686K(14976K)->14686K(14976K) NonClass: 12704K(12864K)->12704K(12864K) Class: 1981K(2112K)->1981K(2112K)
[40.267s][info][gc             ] GC(72) Pause Young (System.gc()) 106M->5M(4046M) 0.640ms
[40.267s][info][gc,cpu         ] GC(72) User=0.00s Sys=0.00s Real=0.00s
[40.267s][info][gc,start       ] GC(73) Pause Full (System.gc())
[40.267s][info][gc,phases,start] GC(73) Marking Phase
[40.271s][info][gc,phases      ] GC(73) Marking Phase 4.256ms
[40.271s][info][gc,phases,start] GC(73) Summary Phase
[40.271s][info][gc,phases      ] GC(73) Summary Phase 0.009ms
[40.271s][info][gc,phases,start] GC(73) Adjust Roots
[40.273s][info][gc,phases      ] GC(73) Adjust Roots 2.574ms
[40.274s][info][gc,phases,start] GC(73) Compaction Phase
[40.276s][info][gc,phases      ] GC(73) Compaction Phase 2.631ms
[40.276s][info][gc,phases,start] GC(73) Post Compact
[40.277s][info][gc,phases      ] GC(73) Post Compact 0.541ms
[40.277s][info][gc,heap        ] GC(73) PSYoungGen: 96K(1347072K)->0K(1347072K) Eden: 0K(1296384K)->0K(1296384K) From: 96K(50688K)->0K(50688K)
[40.277s][info][gc,heap        ] GC(73) ParOldGen: 5074K(2796544K)->5018K(2796544K)
[40.277s][info][gc,metaspace   ] GC(73) Metaspace: 14686K(14976K)->14686K(14976K) NonClass: 12704K(12864K)->12704K(12864K) Class: 1981K(2112K)->1981K(2112K)
[40.277s][info][gc             ] GC(73) Pause Full (System.gc()) 5M->4M(4046M) 10.315ms
[40.277s][info][gc,cpu         ] GC(73) User=0.09s Sys=0.00s Real=0.02s
[41.316s][info][gc,start       ] GC(74) Pause Young (Allocation Failure)
[41.330s][info][gc,heap        ] GC(74) PSYoungGen: 1296384K(1347072K)->26197K(1347072K) Eden: 1296384K(1296384K)->0K(1296384K) From: 0K(50688K)->26197K(50688K)
[41.330s][info][gc,heap        ] GC(74) ParOldGen: 5018K(2796544K)->5018K(2796544K)
[41.330s][info][gc,metaspace   ] GC(74) Metaspace: 14688K(14976K)->14688K(14976K) NonClass: 12706K(12864K)->12706K(12864K) Class: 1981K(2112K)->1981K(2112K)
[41.330s][info][gc             ] GC(74) Pause Young (Allocation Failure) 1270M->30M(4046M) 13.640ms
[41.330s][info][gc,cpu         ] GC(74) User=0.06s Sys=0.00s Real=0.02s
[42.360s][info][gc,start       ] GC(75) Pause Young (Allocation Failure)
[42.371s][info][gc,heap        ] GC(75) PSYoungGen: 1322581K(1347072K)->26165K(1347072K) Eden: 1296384K(1296384K)->0K(1296384K) From: 26197K(50688K)->26165K(50688K)
[42.371s][info][gc,heap        ] GC(75) ParOldGen: 5018K(2796544K)->5050K(2796544K)
[42.371s][info][gc,metaspace   ] GC(75) Metaspace: 14692K(14976K)->14692K(14976K) NonClass: 12710K(12864K)->12710K(12864K) Class: 1981K(2112K)->1981K(2112K)
[42.371s][info][gc             ] GC(75) Pause Young (Allocation Failure) 1296M->30M(4046M) 11.057ms
[42.371s][info][gc,cpu         ] GC(75) User=0.08s Sys=0.00s Real=0.01s
[42.397s][info][gc,start       ] GC(76) Pause Young (System.gc())
[42.398s][info][gc,heap        ] GC(76) PSYoungGen: 103946K(1347072K)->64K(1347072K) Eden: 77781K(1296384K)->0K(1296384K) From: 26165K(50688K)->64K(50688K)
[42.398s][info][gc,heap        ] GC(76) ParOldGen: 5050K(2796544K)->5074K(2796544K)
[42.398s][info][gc,metaspace   ] GC(76) Metaspace: 14692K(14976K)->14692K(14976K) NonClass: 12710K(12864K)->12710K(12864K) Class: 1981K(2112K)->1981K(2112K)
[42.398s][info][gc             ] GC(76) Pause Young (System.gc()) 106M->5M(4046M) 0.526ms
[42.398s][info][gc,cpu         ] GC(76) User=0.00s Sys=0.00s Real=0.01s
[42.398s][info][gc,start       ] GC(77) Pause Full (System.gc())
[42.398s][info][gc,phases,start] GC(77) Marking Phase
[42.402s][info][gc,phases      ] GC(77) Marking Phase 4.273ms
[42.402s][info][gc,phases,start] GC(77) Summary Phase
[42.402s][info][gc,phases      ] GC(77) Summary Phase 0.009ms
[42.402s][info][gc,phases,start] GC(77) Adjust Roots
[42.404s][info][gc,phases      ] GC(77) Adjust Roots 2.077ms
[42.404s][info][gc,phases,start] GC(77) Compaction Phase
[42.406s][info][gc,phases      ] GC(77) Compaction Phase 1.778ms
[42.406s][info][gc,phases,start] GC(77) Post Compact
[42.407s][info][gc,phases      ] GC(77) Post Compact 0.418ms
[42.407s][info][gc,heap        ] GC(77) PSYoungGen: 64K(1347072K)->0K(1347072K) Eden: 0K(1296384K)->0K(1296384K) From: 64K(50688K)->0K(50688K)
[42.407s][info][gc,heap        ] GC(77) ParOldGen: 5074K(2796544K)->5018K(2796544K)
[42.407s][info][gc,metaspace   ] GC(77) Metaspace: 14692K(14976K)->14692K(14976K) NonClass: 12710K(12864K)->12710K(12864K) Class: 1981K(2112K)->1981K(2112K)
[42.407s][info][gc             ] GC(77) Pause Full (System.gc()) 5M->4M(4046M) 8.828ms
[42.407s][info][gc,cpu         ] GC(77) User=0.02s Sys=0.00s Real=0.01s
[43.427s][info][gc,start       ] GC(78) Pause Young (Allocation Failure)
[43.438s][info][gc,heap        ] GC(78) PSYoungGen: 1296384K(1347072K)->26183K(1347072K) Eden: 1296384K(1296384K)->0K(1296384K) From: 0K(50688K)->26183K(50688K)
[43.438s][info][gc,heap        ] GC(78) ParOldGen: 5018K(2796544K)->5018K(2796544K)
[43.438s][info][gc,metaspace   ] GC(78) Metaspace: 14692K(14976K)->14692K(14976K) NonClass: 12710K(12864K)->12710K(12864K) Class: 1981K(2112K)->1981K(2112K)
[43.438s][info][gc             ] GC(78) Pause Young (Allocation Failure) 1270M->30M(4046M) 11.522ms
[43.438s][info][gc,cpu         ] GC(78) User=0.08s Sys=0.00s Real=0.02s
[44.470s][info][gc,start       ] GC(79) Pause Young (Allocation Failure)
[44.482s][info][gc,heap        ] GC(79) PSYoungGen: 1322567K(1347072K)->26165K(1347072K) Eden: 1296384K(1296384K)->0K(1296384K) From: 26183K(50688K)->26165K(50688K)
[44.482s][info][gc,heap        ] GC(79) ParOldGen: 5018K(2796544K)->5058K(2796544K)
[44.482s][info][gc,metaspace   ] GC(79) Metaspace: 14692K(14976K)->14692K(14976K) NonClass: 12710K(12864K)->12710K(12864K) Class: 1981K(2112K)->1981K(2112K)
[44.482s][info][gc             ] GC(79) Pause Young (Allocation Failure) 1296M->30M(4046M) 11.178ms
[44.482s][info][gc,cpu         ] GC(79) User=0.08s Sys=0.02s Real=0.02s
[44.509s][info][gc,start       ] GC(80) Pause Young (System.gc())
[44.509s][info][gc,heap        ] GC(80) PSYoungGen: 103946K(1347072K)->64K(1347072K) Eden: 77781K(1296384K)->0K(1296384K) From: 26165K(50688K)->64K(50688K)
[44.509s][info][gc,heap        ] GC(80) ParOldGen: 5058K(2796544K)->5090K(2796544K)
[44.509s][info][gc,metaspace   ] GC(80) Metaspace: 14692K(14976K)->14692K(14976K) NonClass: 12710K(12864K)->12710K(12864K) Class: 1981K(2112K)->1981K(2112K)
[44.509s][info][gc             ] GC(80) Pause Young (System.gc()) 106M->5M(4046M) 0.297ms
[44.509s][info][gc,cpu         ] GC(80) User=0.06s Sys=0.02s Real=0.00s
[44.509s][info][gc,start       ] GC(81) Pause Full (System.gc())
[44.509s][info][gc,phases,start] GC(81) Marking Phase
[44.513s][info][gc,phases      ] GC(81) Marking Phase 4.021ms
[44.513s][info][gc,phases,start] GC(81) Summary Phase
[44.513s][info][gc,phases      ] GC(81) Summary Phase 0.010ms
[44.513s][info][gc,phases,start] GC(81) Adjust Roots
[44.515s][info][gc,phases      ] GC(81) Adjust Roots 1.955ms
[44.515s][info][gc,phases,start] GC(81) Compaction Phase
[44.517s][info][gc,phases      ] GC(81) Compaction Phase 1.940ms
[44.517s][info][gc,phases,start] GC(81) Post Compact
[44.518s][info][gc,phases      ] GC(81) Post Compact 0.520ms
[44.518s][info][gc,heap        ] GC(81) PSYoungGen: 64K(1347072K)->0K(1347072K) Eden: 0K(1296384K)->0K(1296384K) From: 64K(50688K)->0K(50688K)
[44.518s][info][gc,heap        ] GC(81) ParOldGen: 5090K(2796544K)->5018K(2796544K)
[44.518s][info][gc,metaspace   ] GC(81) Metaspace: 14692K(14976K)->14692K(14976K) NonClass: 12710K(12864K)->12710K(12864K) Class: 1981K(2112K)->1981K(2112K)
[44.518s][info][gc             ] GC(81) Pause Full (System.gc()) 5M->4M(4046M) 8.723ms
[44.518s][info][gc,cpu         ] GC(81) User=0.00s Sys=0.00s Real=0.01s
[45.537s][info][gc,start       ] GC(82) Pause Young (Allocation Failure)
[45.551s][info][gc,heap        ] GC(82) PSYoungGen: 1296384K(1347072K)->26200K(1347072K) Eden: 1296384K(1296384K)->0K(1296384K) From: 0K(50688K)->26200K(50688K)
[45.551s][info][gc,heap        ] GC(82) ParOldGen: 5018K(2796544K)->5018K(2796544K)
[45.551s][info][gc,metaspace   ] GC(82) Metaspace: 14694K(14976K)->14694K(14976K) NonClass: 12713K(12864K)->12713K(12864K) Class: 1981K(2112K)->1981K(2112K)
[45.551s][info][gc             ] GC(82) Pause Young (Allocation Failure) 1270M->30M(4046M) 14.164ms
[45.551s][info][gc,cpu         ] GC(82) User=0.05s Sys=0.00s Real=0.02s
[46.583s][info][gc,start       ] GC(83) Pause Young (Allocation Failure)
[46.594s][info][gc,heap        ] GC(83) PSYoungGen: 1322584K(1347072K)->26133K(1347072K) Eden: 1296384K(1296384K)->0K(1296384K) From: 26200K(50688K)->26133K(50688K)
[46.594s][info][gc,heap        ] GC(83) ParOldGen: 5018K(2796544K)->5058K(2796544K)
[46.594s][info][gc,metaspace   ] GC(83) Metaspace: 14696K(14976K)->14696K(14976K) NonClass: 12714K(12864K)->12714K(12864K) Class: 1981K(2112K)->1981K(2112K)
[46.594s][info][gc             ] GC(83) Pause Young (Allocation Failure) 1296M->30M(4046M) 11.093ms
[46.594s][info][gc,cpu         ] GC(83) User=0.08s Sys=0.02s Real=0.02s
[46.621s][info][gc,start       ] GC(84) Pause Young (System.gc())
[46.621s][info][gc,heap        ] GC(84) PSYoungGen: 103914K(1347072K)->96K(1347072K) Eden: 77781K(1296384K)->0K(1296384K) From: 26133K(50688K)->96K(50688K)
[46.621s][info][gc,heap        ] GC(84) ParOldGen: 5058K(2796544K)->5090K(2796544K)
[46.621s][info][gc,metaspace   ] GC(84) Metaspace: 14696K(14976K)->14696K(14976K) NonClass: 12714K(12864K)->12714K(12864K) Class: 1981K(2112K)->1981K(2112K)
[46.621s][info][gc             ] GC(84) Pause Young (System.gc()) 106M->5M(4046M) 0.534ms
[46.621s][info][gc,cpu         ] GC(84) User=0.00s Sys=0.00s Real=0.01s
[46.621s][info][gc,start       ] GC(85) Pause Full (System.gc())
[46.621s][info][gc,phases,start] GC(85) Marking Phase
[46.625s][info][gc,phases      ] GC(85) Marking Phase 4.168ms
[46.625s][info][gc,phases,start] GC(85) Summary Phase
[46.625s][info][gc,phases      ] GC(85) Summary Phase 0.009ms
[46.625s][info][gc,phases,start] GC(85) Adjust Roots
[46.628s][info][gc,phases      ] GC(85) Adjust Roots 2.622ms
[46.628s][info][gc,phases,start] GC(85) Compaction Phase
[46.630s][info][gc,phases      ] GC(85) Compaction Phase 1.999ms
[46.630s][info][gc,phases,start] GC(85) Post Compact
[46.631s][info][gc,phases      ] GC(85) Post Compact 0.465ms
[46.631s][info][gc,heap        ] GC(85) PSYoungGen: 96K(1347072K)->0K(1347072K) Eden: 0K(1296384K)->0K(1296384K) From: 96K(50688K)->0K(50688K)
[46.631s][info][gc,heap        ] GC(85) ParOldGen: 5090K(2796544K)->5018K(2796544K)
[46.631s][info][gc,metaspace   ] GC(85) Metaspace: 14696K(14976K)->14696K(14976K) NonClass: 12714K(12864K)->12714K(12864K) Class: 1981K(2112K)->1981K(2112K)
[46.631s][info][gc             ] GC(85) Pause Full (System.gc()) 5M->4M(4046M) 9.517ms
[46.631s][info][gc,cpu         ] GC(85) User=0.00s Sys=0.00s Real=0.01s
[47.665s][info][gc,start       ] GC(86) Pause Young (Allocation Failure)
[47.677s][info][gc,heap        ] GC(86) PSYoungGen: 1296384K(1347072K)->26133K(1347072K) Eden: 1296384K(1296384K)->0K(1296384K) From: 0K(50688K)->26133K(50688K)
[47.677s][info][gc,heap        ] GC(86) ParOldGen: 5018K(2796544K)->5026K(2796544K)
[47.677s][info][gc,metaspace   ] GC(86) Metaspace: 14705K(14976K)->14705K(14976K) NonClass: 12724K(12864K)->12724K(12864K) Class: 1981K(2112K)->1981K(2112K)
[47.677s][info][gc             ] GC(86) Pause Young (Allocation Failure) 1270M->30M(4046M) 11.394ms
[47.677s][info][gc,cpu         ] GC(86) User=0.00s Sys=0.00s Real=0.02s
[48.711s][info][gc,start       ] GC(87) Pause Young (Allocation Failure)
[48.725s][info][gc,heap        ] GC(87) PSYoungGen: 1322517K(1347072K)->26168K(1347072K) Eden: 1296384K(1296384K)->0K(1296384K) From: 26133K(50688K)->26168K(50688K)
[48.725s][info][gc,heap        ] GC(87) ParOldGen: 5026K(2796544K)->5058K(2796544K)
[48.725s][info][gc,metaspace   ] GC(87) Metaspace: 14705K(14976K)->14705K(14976K) NonClass: 12724K(12864K)->12724K(12864K) Class: 1981K(2112K)->1981K(2112K)
[48.725s][info][gc             ] GC(87) Pause Young (Allocation Failure) 1296M->30M(4046M) 13.321ms
[48.725s][info][gc,cpu         ] GC(87) User=0.06s Sys=0.00s Real=0.01s
[48.753s][info][gc,start       ] GC(88) Pause Young (System.gc())
[48.754s][info][gc,heap        ] GC(88) PSYoungGen: 103901K(1347072K)->128K(1347072K) Eden: 77732K(1296384K)->0K(1296384K) From: 26168K(50688K)->128K(50688K)
[48.754s][info][gc,heap        ] GC(88) ParOldGen: 5058K(2796544K)->5090K(2796544K)
[48.754s][info][gc,metaspace   ] GC(88) Metaspace: 14709K(14976K)->14709K(14976K) NonClass: 12727K(12864K)->12727K(12864K) Class: 1981K(2112K)->1981K(2112K)
[48.754s][info][gc             ] GC(88) Pause Young (System.gc()) 106M->5M(4046M) 0.342ms
[48.754s][info][gc,cpu         ] GC(88) User=0.00s Sys=0.00s Real=0.00s
[48.754s][info][gc,start       ] GC(89) Pause Full (System.gc())
[48.754s][info][gc,phases,start] GC(89) Marking Phase
[48.758s][info][gc,phases      ] GC(89) Marking Phase 4.053ms
[48.758s][info][gc,phases,start] GC(89) Summary Phase
[48.758s][info][gc,phases      ] GC(89) Summary Phase 0.010ms
[48.758s][info][gc,phases,start] GC(89) Adjust Roots
[48.760s][info][gc,phases      ] GC(89) Adjust Roots 2.095ms
[48.760s][info][gc,phases,start] GC(89) Compaction Phase
[48.762s][info][gc,phases      ] GC(89) Compaction Phase 2.360ms
[48.762s][info][gc,phases,start] GC(89) Post Compact
[48.763s][info][gc,phases      ] GC(89) Post Compact 0.426ms
[48.763s][info][gc,heap        ] GC(89) PSYoungGen: 128K(1347072K)->0K(1347072K) Eden: 0K(1296384K)->0K(1296384K) From: 128K(50688K)->0K(50688K)
[48.763s][info][gc,heap        ] GC(89) ParOldGen: 5090K(2796544K)->5018K(2796544K)
[48.763s][info][gc,metaspace   ] GC(89) Metaspace: 14709K(14976K)->14709K(14976K) NonClass: 12727K(12864K)->12727K(12864K) Class: 1981K(2112K)->1981K(2112K)
[48.763s][info][gc             ] GC(89) Pause Full (System.gc()) 5M->4M(4046M) 9.210ms
[48.763s][info][gc,cpu         ] GC(89) User=0.02s Sys=0.00s Real=0.02s
[49.784s][info][gc,start       ] GC(90) Pause Young (Allocation Failure)
[49.797s][info][gc,heap        ] GC(90) PSYoungGen: 1296384K(1347072K)->26133K(1347072K) Eden: 1296384K(1296384K)->0K(1296384K) From: 0K(50688K)->26133K(50688K)
[49.797s][info][gc,heap        ] GC(90) ParOldGen: 5018K(2796544K)->5018K(2796544K)
[49.797s][info][gc,metaspace   ] GC(90) Metaspace: 14713K(14976K)->14713K(14976K) NonClass: 12731K(12864K)->12731K(12864K) Class: 1981K(2112K)->1981K(2112K)
[49.797s][info][gc             ] GC(90) Pause Young (Allocation Failure) 1270M->30M(4046M) 12.326ms
[49.797s][info][gc,cpu         ] GC(90) User=0.09s Sys=0.00s Real=0.01s
[50.829s][info][gc,start       ] GC(91) Pause Young (Allocation Failure)
[50.840s][info][gc,heap        ] GC(91) PSYoungGen: 1322517K(1347072K)->26165K(1347072K) Eden: 1296384K(1296384K)->0K(1296384K) From: 26133K(50688K)->26165K(50688K)
[50.840s][info][gc,heap        ] GC(91) ParOldGen: 5018K(2796544K)->5058K(2796544K)
[50.840s][info][gc,metaspace   ] GC(91) Metaspace: 14714K(14976K)->14714K(14976K) NonClass: 12732K(12864K)->12732K(12864K) Class: 1981K(2112K)->1981K(2112K)
[50.840s][info][gc             ] GC(91) Pause Young (Allocation Failure) 1296M->30M(4046M) 11.394ms
[50.840s][info][gc,cpu         ] GC(91) User=0.09s Sys=0.00s Real=0.02s
[50.867s][info][gc,start       ] GC(92) Pause Young (System.gc())
[50.867s][info][gc,heap        ] GC(92) PSYoungGen: 103926K(1347072K)->64K(1347072K) Eden: 77760K(1296384K)->0K(1296384K) From: 26165K(50688K)->64K(50688K)
[50.867s][info][gc,heap        ] GC(92) ParOldGen: 5058K(2796544K)->5090K(2796544K)
[50.867s][info][gc,metaspace   ] GC(92) Metaspace: 14715K(14976K)->14715K(14976K) NonClass: 12733K(12864K)->12733K(12864K) Class: 1981K(2112K)->1981K(2112K)
[50.867s][info][gc             ] GC(92) Pause Young (System.gc()) 106M->5M(4046M) 0.385ms
[50.867s][info][gc,cpu         ] GC(92) User=0.00s Sys=0.00s Real=0.00s
[50.867s][info][gc,start       ] GC(93) Pause Full (System.gc())
[50.867s][info][gc,phases,start] GC(93) Marking Phase
[50.871s][info][gc,phases      ] GC(93) Marking Phase 4.196ms
[50.871s][info][gc,phases,start] GC(93) Summary Phase
[50.871s][info][gc,phases      ] GC(93) Summary Phase 0.010ms
[50.871s][info][gc,phases,start] GC(93) Adjust Roots
[50.873s][info][gc,phases      ] GC(93) Adjust Roots 2.034ms
[50.873s][info][gc,phases,start] GC(93) Compaction Phase
[50.876s][info][gc,phases      ] GC(93) Compaction Phase 2.064ms
[50.876s][info][gc,phases,start] GC(93) Post Compact
[50.876s][info][gc,phases      ] GC(93) Post Compact 0.482ms
[50.876s][info][gc,heap        ] GC(93) PSYoungGen: 64K(1347072K)->0K(1347072K) Eden: 0K(1296384K)->0K(1296384K) From: 64K(50688K)->0K(50688K)
[50.876s][info][gc,heap        ] GC(93) ParOldGen: 5090K(2796544K)->5017K(2796544K)
[50.876s][info][gc,metaspace   ] GC(93) Metaspace: 14715K(14976K)->14715K(14976K) NonClass: 12733K(12864K)->12733K(12864K) Class: 1981K(2112K)->1981K(2112K)
[50.876s][info][gc             ] GC(93) Pause Full (System.gc()) 5M->4M(4046M) 9.062ms
[50.876s][info][gc,cpu         ] GC(93) User=0.09s Sys=0.00s Real=0.01s
[51.905s][info][gc,start       ] GC(94) Pause Young (Allocation Failure)
[51.918s][info][gc,heap        ] GC(94) PSYoungGen: 1296384K(1347072K)->26168K(1347072K) Eden: 1296384K(1296384K)->0K(1296384K) From: 0K(50688K)->26168K(50688K)
[51.918s][info][gc,heap        ] GC(94) ParOldGen: 5017K(2796544K)->5017K(2796544K)
[51.918s][info][gc,metaspace   ] GC(94) Metaspace: 14717K(14976K)->14717K(14976K) NonClass: 12736K(12864K)->12736K(12864K) Class: 1981K(2112K)->1981K(2112K)
[51.918s][info][gc             ] GC(94) Pause Young (Allocation Failure) 1270M->30M(4046M) 12.982ms
[51.918s][info][gc,cpu         ] GC(94) User=0.09s Sys=0.00s Real=0.02s
[52.955s][info][gc,start       ] GC(95) Pause Young (Allocation Failure)
[52.967s][info][gc,heap        ] GC(95) PSYoungGen: 1322552K(1347072K)->26197K(1347072K) Eden: 1296384K(1296384K)->0K(1296384K) From: 26168K(50688K)->26197K(50688K)
[52.967s][info][gc,heap        ] GC(95) ParOldGen: 5017K(2796544K)->5049K(2796544K)
[52.967s][info][gc,metaspace   ] GC(95) Metaspace: 14721K(14976K)->14721K(14976K) NonClass: 12740K(12864K)->12740K(12864K) Class: 1981K(2112K)->1981K(2112K)
[52.967s][info][gc             ] GC(95) Pause Young (Allocation Failure) 1296M->30M(4046M) 12.183ms
[52.967s][info][gc,cpu         ] GC(95) User=0.09s Sys=0.00s Real=0.02s
[52.993s][info][gc,start       ] GC(96) Pause Young (System.gc())
[52.994s][info][gc,heap        ] GC(96) PSYoungGen: 103970K(1347072K)->64K(1347072K) Eden: 77772K(1296384K)->0K(1296384K) From: 26197K(50688K)->64K(50688K)
[52.994s][info][gc,heap        ] GC(96) ParOldGen: 5049K(2796544K)->5073K(2796544K)
[52.994s][info][gc,metaspace   ] GC(96) Metaspace: 14721K(14976K)->14721K(14976K) NonClass: 12740K(12864K)->12740K(12864K) Class: 1981K(2112K)->1981K(2112K)
[52.994s][info][gc             ] GC(96) Pause Young (System.gc()) 106M->5M(4046M) 0.319ms
[52.994s][info][gc,cpu         ] GC(96) User=0.00s Sys=0.00s Real=0.00s
[52.994s][info][gc,start       ] GC(97) Pause Full (System.gc())
[52.994s][info][gc,phases,start] GC(97) Marking Phase
[52.998s][info][gc,phases      ] GC(97) Marking Phase 4.080ms
[52.998s][info][gc,phases,start] GC(97) Summary Phase
[52.998s][info][gc,phases      ] GC(97) Summary Phase 0.009ms
[52.998s][info][gc,phases,start] GC(97) Adjust Roots
[53.000s][info][gc,phases      ] GC(97) Adjust Roots 2.637ms
[53.000s][info][gc,phases,start] GC(97) Compaction Phase
[53.003s][info][gc,phases      ] GC(97) Compaction Phase 2.713ms
[53.003s][info][gc,phases,start] GC(97) Post Compact
[53.004s][info][gc,phases      ] GC(97) Post Compact 0.579ms
[53.004s][info][gc,heap        ] GC(97) PSYoungGen: 64K(1347072K)->0K(1347072K) Eden: 0K(1296384K)->0K(1296384K) From: 64K(50688K)->0K(50688K)
[53.004s][info][gc,heap        ] GC(97) ParOldGen: 5073K(2796544K)->5018K(2796544K)
[53.004s][info][gc,metaspace   ] GC(97) Metaspace: 14721K(14976K)->14721K(14976K) NonClass: 12740K(12864K)->12740K(12864K) Class: 1981K(2112K)->1981K(2112K)
[53.004s][info][gc             ] GC(97) Pause Full (System.gc()) 5M->4M(4046M) 10.331ms
[53.004s][info][gc,cpu         ] GC(97) User=0.00s Sys=0.00s Real=0.00s
[54.031s][info][gc,start       ] GC(98) Pause Young (Allocation Failure)
[54.042s][info][gc,heap        ] GC(98) PSYoungGen: 1296384K(1347072K)->26165K(1347072K) Eden: 1296384K(1296384K)->0K(1296384K) From: 0K(50688K)->26165K(50688K)
[54.043s][info][gc,heap        ] GC(98) ParOldGen: 5018K(2796544K)->5018K(2796544K)
[54.043s][info][gc,metaspace   ] GC(98) Metaspace: 14722K(14976K)->14722K(14976K) NonClass: 12740K(12864K)->12740K(12864K) Class: 1981K(2112K)->1981K(2112K)
[54.043s][info][gc             ] GC(98) Pause Young (Allocation Failure) 1270M->30M(4046M) 11.814ms
[54.043s][info][gc,cpu         ] GC(98) User=0.09s Sys=0.00s Real=0.01s
[55.078s][info][gc,start       ] GC(99) Pause Young (Allocation Failure)
[55.091s][info][gc,heap        ] GC(99) PSYoungGen: 1322549K(1347072K)->26200K(1347072K) Eden: 1296384K(1296384K)->0K(1296384K) From: 26165K(50688K)->26200K(50688K)
[55.091s][info][gc,heap        ] GC(99) ParOldGen: 5018K(2796544K)->5050K(2796544K)
[55.091s][info][gc,metaspace   ] GC(99) Metaspace: 14722K(14976K)->14722K(14976K) NonClass: 12740K(12864K)->12740K(12864K) Class: 1981K(2112K)->1981K(2112K)
[55.091s][info][gc             ] GC(99) Pause Young (Allocation Failure) 1296M->30M(4046M) 13.580ms
[55.092s][info][gc,cpu         ] GC(99) User=0.06s Sys=0.00s Real=0.01s
[55.118s][info][gc,start       ] GC(100) Pause Young (System.gc())
[55.118s][info][gc,heap        ] GC(100) PSYoungGen: 103978K(1347072K)->128K(1347072K) Eden: 77777K(1296384K)->0K(1296384K) From: 26200K(50688K)->128K(50688K)
[55.118s][info][gc,heap        ] GC(100) ParOldGen: 5050K(2796544K)->5074K(2796544K)
[55.118s][info][gc,metaspace   ] GC(100) Metaspace: 14722K(14976K)->14722K(14976K) NonClass: 12740K(12864K)->12740K(12864K) Class: 1981K(2112K)->1981K(2112K)
[55.118s][info][gc             ] GC(100) Pause Young (System.gc()) 106M->5M(4046M) 0.340ms
[55.118s][info][gc,cpu         ] GC(100) User=0.00s Sys=0.00s Real=0.00s
[55.118s][info][gc,start       ] GC(101) Pause Full (System.gc())
[55.118s][info][gc,phases,start] GC(101) Marking Phase
[55.123s][info][gc,phases      ] GC(101) Marking Phase 4.453ms
[55.123s][info][gc,phases,start] GC(101) Summary Phase
[55.123s][info][gc,phases      ] GC(101) Summary Phase 0.009ms
[55.123s][info][gc,phases,start] GC(101) Adjust Roots
[55.126s][info][gc,phases      ] GC(101) Adjust Roots 2.974ms
[55.126s][info][gc,phases,start] GC(101) Compaction Phase
[55.128s][info][gc,phases      ] GC(101) Compaction Phase 1.997ms
[55.128s][info][gc,phases,start] GC(101) Post Compact
[55.128s][info][gc,phases      ] GC(101) Post Compact 0.406ms
[55.128s][info][gc,heap        ] GC(101) PSYoungGen: 128K(1347072K)->0K(1347072K) Eden: 0K(1296384K)->0K(1296384K) From: 128K(50688K)->0K(50688K)
[55.128s][info][gc,heap        ] GC(101) ParOldGen: 5074K(2796544K)->5018K(2796544K)
[55.128s][info][gc,metaspace   ] GC(101) Metaspace: 14722K(14976K)->14722K(14976K) NonClass: 12740K(12864K)->12740K(12864K) Class: 1981K(2112K)->1981K(2112K)
[55.128s][info][gc             ] GC(101) Pause Full (System.gc()) 5M->4M(4046M) 10.123ms
[55.128s][info][gc,cpu         ] GC(101) User=0.09s Sys=0.00s Real=0.02s
[56.146s][info][gc,start       ] GC(102) Pause Young (Allocation Failure)
[56.159s][info][gc,heap        ] GC(102) PSYoungGen: 1296384K(1347072K)->26165K(1347072K) Eden: 1296384K(1296384K)->0K(1296384K) From: 0K(50688K)->26165K(50688K)
[56.159s][info][gc,heap        ] GC(102) ParOldGen: 5018K(2796544K)->5018K(2796544K)
[56.159s][info][gc,metaspace   ] GC(102) Metaspace: 14723K(14976K)->14723K(14976K) NonClass: 12742K(12864K)->12742K(12864K) Class: 1981K(2112K)->1981K(2112K)
[56.159s][info][gc             ] GC(102) Pause Young (Allocation Failure) 1270M->30M(4046M) 12.779ms
[56.159s][info][gc,cpu         ] GC(102) User=0.06s Sys=0.00s Real=0.02s
[57.207s][info][gc,start       ] GC(103) Pause Young (Allocation Failure)
[57.221s][info][gc,heap        ] GC(103) PSYoungGen: 1322549K(1347072K)->26200K(1347072K) Eden: 1296384K(1296384K)->0K(1296384K) From: 26165K(50688K)->26200K(50688K)
[57.221s][info][gc,heap        ] GC(103) ParOldGen: 5018K(2796544K)->5042K(2796544K)
[57.221s][info][gc,metaspace   ] GC(103) Metaspace: 14728K(14976K)->14728K(14976K) NonClass: 12747K(12864K)->12747K(12864K) Class: 1981K(2112K)->1981K(2112K)
[57.221s][info][gc             ] GC(103) Pause Young (Allocation Failure) 1296M->30M(4046M) 13.884ms
[57.221s][info][gc,cpu         ] GC(103) User=0.05s Sys=0.00s Real=0.02s
[57.248s][info][gc,start       ] GC(104) Pause Young (System.gc())
[57.248s][info][gc,heap        ] GC(104) PSYoungGen: 103980K(1347072K)->96K(1347072K) Eden: 77779K(1296384K)->0K(1296384K) From: 26200K(50688K)->96K(50688K)
[57.248s][info][gc,heap        ] GC(104) ParOldGen: 5042K(2796544K)->5066K(2796544K)
[57.248s][info][gc,metaspace   ] GC(104) Metaspace: 14741K(15040K)->14741K(15040K) NonClass: 12759K(12928K)->12759K(12928K) Class: 1981K(2112K)->1981K(2112K)
[57.248s][info][gc             ] GC(104) Pause Young (System.gc()) 106M->5M(4046M) 0.354ms
[57.248s][info][gc,cpu         ] GC(104) User=0.00s Sys=0.00s Real=0.00s
[57.248s][info][gc,start       ] GC(105) Pause Full (System.gc())
[57.248s][info][gc,phases,start] GC(105) Marking Phase
[57.253s][info][gc,phases      ] GC(105) Marking Phase 4.344ms
[57.253s][info][gc,phases,start] GC(105) Summary Phase
[57.253s][info][gc,phases      ] GC(105) Summary Phase 0.009ms
[57.253s][info][gc,phases,start] GC(105) Adjust Roots
[57.255s][info][gc,phases      ] GC(105) Adjust Roots 2.114ms
[57.255s][info][gc,phases,start] GC(105) Compaction Phase
[57.257s][info][gc,phases      ] GC(105) Compaction Phase 2.025ms
[57.257s][info][gc,phases,start] GC(105) Post Compact
[57.257s][info][gc,phases      ] GC(105) Post Compact 0.461ms
[57.258s][info][gc,heap        ] GC(105) PSYoungGen: 96K(1347072K)->0K(1347072K) Eden: 0K(1296384K)->0K(1296384K) From: 96K(50688K)->0K(50688K)
[57.258s][info][gc,heap        ] GC(105) ParOldGen: 5066K(2796544K)->5018K(2796544K)
[57.258s][info][gc,metaspace   ] GC(105) Metaspace: 14741K(15040K)->14741K(15040K) NonClass: 12759K(12928K)->12759K(12928K) Class: 1981K(2112K)->1981K(2112K)
[57.258s][info][gc             ] GC(105) Pause Full (System.gc()) 5M->4M(4046M) 9.217ms
[57.258s][info][gc,cpu         ] GC(105) User=0.00s Sys=0.00s Real=0.01s
[58.287s][info][gc,start       ] GC(106) Pause Young (Allocation Failure)
[58.298s][info][gc,heap        ] GC(106) PSYoungGen: 1296384K(1347072K)->26165K(1347072K) Eden: 1296384K(1296384K)->0K(1296384K) From: 0K(50688K)->26165K(50688K)
[58.298s][info][gc,heap        ] GC(106) ParOldGen: 5018K(2796544K)->5018K(2796544K)
[58.298s][info][gc,metaspace   ] GC(106) Metaspace: 14741K(15040K)->14741K(15040K) NonClass: 12760K(12928K)->12760K(12928K) Class: 1981K(2112K)->1981K(2112K)
[58.298s][info][gc             ] GC(106) Pause Young (Allocation Failure) 1270M->30M(4046M) 11.108ms
[58.298s][info][gc,cpu         ] GC(106) User=0.09s Sys=0.00s Real=0.02s
[59.334s][info][gc,start       ] GC(107) Pause Young (Allocation Failure)
[59.345s][info][gc,heap        ] GC(107) PSYoungGen: 1322549K(1347072K)->26165K(1347072K) Eden: 1296384K(1296384K)->0K(1296384K) From: 26165K(50688K)->26165K(50688K)
[59.345s][info][gc,heap        ] GC(107) ParOldGen: 5018K(2796544K)->5058K(2796544K)
[59.345s][info][gc,metaspace   ] GC(107) Metaspace: 14741K(15040K)->14741K(15040K) NonClass: 12760K(12928K)->12760K(12928K) Class: 1981K(2112K)->1981K(2112K)
[59.345s][info][gc             ] GC(107) Pause Young (Allocation Failure) 1296M->30M(4046M) 11.220ms
[59.345s][info][gc,cpu         ] GC(107) User=0.09s Sys=0.00s Real=0.01s
[59.372s][info][gc,start       ] GC(108) Pause Young (System.gc())
[59.372s][info][gc,heap        ] GC(108) PSYoungGen: 103946K(1347072K)->96K(1347072K) Eden: 77780K(1296384K)->0K(1296384K) From: 26165K(50688K)->96K(50688K)
[59.372s][info][gc,heap        ] GC(108) ParOldGen: 5058K(2796544K)->5082K(2796544K)
[59.372s][info][gc,metaspace   ] GC(108) Metaspace: 14741K(15040K)->14741K(15040K) NonClass: 12760K(12928K)->12760K(12928K) Class: 1981K(2112K)->1981K(2112K)
[59.372s][info][gc             ] GC(108) Pause Young (System.gc()) 106M->5M(4046M) 0.404ms
[59.372s][info][gc,cpu         ] GC(108) User=0.00s Sys=0.00s Real=0.00s
[59.372s][info][gc,start       ] GC(109) Pause Full (System.gc())
[59.372s][info][gc,phases,start] GC(109) Marking Phase
[59.376s][info][gc,phases      ] GC(109) Marking Phase 4.329ms
[59.376s][info][gc,phases,start] GC(109) Summary Phase
[59.376s][info][gc,phases      ] GC(109) Summary Phase 0.010ms
[59.376s][info][gc,phases,start] GC(109) Adjust Roots
[59.380s][info][gc,phases      ] GC(109) Adjust Roots 3.196ms
[59.380s][info][gc,phases,start] GC(109) Compaction Phase
[59.382s][info][gc,phases      ] GC(109) Compaction Phase 2.324ms
[59.382s][info][gc,phases,start] GC(109) Post Compact
[59.382s][info][gc,phases      ] GC(109) Post Compact 0.429ms
[59.383s][info][gc,heap        ] GC(109) PSYoungGen: 96K(1347072K)->0K(1347072K) Eden: 0K(1296384K)->0K(1296384K) From: 96K(50688K)->0K(50688K)
[59.383s][info][gc,heap        ] GC(109) ParOldGen: 5082K(2796544K)->5018K(2796544K)
[59.383s][info][gc,metaspace   ] GC(109) Metaspace: 14741K(15040K)->14741K(15040K) NonClass: 12760K(12928K)->12760K(12928K) Class: 1981K(2112K)->1981K(2112K)
[59.383s][info][gc             ] GC(109) Pause Full (System.gc()) 5M->4M(4046M) 10.552ms
[59.383s][info][gc,cpu         ] GC(109) User=0.00s Sys=0.00s Real=0.03s
[60.405s][info][gc,start       ] GC(110) Pause Young (Allocation Failure)
[60.416s][info][gc,heap        ] GC(110) PSYoungGen: 1296384K(1347072K)->26165K(1347072K) Eden: 1296384K(1296384K)->0K(1296384K) From: 0K(50688K)->26165K(50688K)
[60.416s][info][gc,heap        ] GC(110) ParOldGen: 5018K(2796544K)->5018K(2796544K)
[60.416s][info][gc,metaspace   ] GC(110) Metaspace: 14742K(15040K)->14742K(15040K) NonClass: 12761K(12928K)->12761K(12928K) Class: 1981K(2112K)->1981K(2112K)
[60.416s][info][gc             ] GC(110) Pause Young (Allocation Failure) 1270M->30M(4046M) 11.053ms
[60.416s][info][gc,cpu         ] GC(110) User=0.06s Sys=0.00s Real=0.01s
[61.451s][info][gc,start       ] GC(111) Pause Young (Allocation Failure)
[61.463s][info][gc,heap        ] GC(111) PSYoungGen: 1322549K(1347072K)->26232K(1347072K) Eden: 1296384K(1296384K)->0K(1296384K) From: 26165K(50688K)->26232K(50688K)
[61.463s][info][gc,heap        ] GC(111) ParOldGen: 5018K(2796544K)->5034K(2796544K)
[61.463s][info][gc,metaspace   ] GC(111) Metaspace: 14742K(15040K)->14742K(15040K) NonClass: 12761K(12928K)->12761K(12928K) Class: 1981K(2112K)->1981K(2112K)
[61.463s][info][gc             ] GC(111) Pause Young (Allocation Failure) 1296M->30M(4046M) 12.168ms
[61.463s][info][gc,cpu         ] GC(111) User=0.09s Sys=0.00s Real=0.02s
[61.489s][info][gc,start       ] GC(112) Pause Young (System.gc())
[61.490s][info][gc,heap        ] GC(112) PSYoungGen: 104013K(1347072K)->32K(1347072K) Eden: 77781K(1296384K)->0K(1296384K) From: 26232K(50688K)->32K(50688K)
[61.490s][info][gc,heap        ] GC(112) ParOldGen: 5034K(2796544K)->5050K(2796544K)
[61.490s][info][gc,metaspace   ] GC(112) Metaspace: 14742K(15040K)->14742K(15040K) NonClass: 12761K(12928K)->12761K(12928K) Class: 1981K(2112K)->1981K(2112K)
[61.490s][info][gc             ] GC(112) Pause Young (System.gc()) 106M->4M(4046M) 0.359ms
[61.490s][info][gc,cpu         ] GC(112) User=0.00s Sys=0.00s Real=0.00s
[61.490s][info][gc,start       ] GC(113) Pause Full (System.gc())
[61.490s][info][gc,phases,start] GC(113) Marking Phase
[61.494s][info][gc,phases      ] GC(113) Marking Phase 4.278ms
[61.494s][info][gc,phases,start] GC(113) Summary Phase
[61.494s][info][gc,phases      ] GC(113) Summary Phase 0.010ms
[61.494s][info][gc,phases,start] GC(113) Adjust Roots
[61.496s][info][gc,phases      ] GC(113) Adjust Roots 2.372ms
[61.496s][info][gc,phases,start] GC(113) Compaction Phase
[61.499s][info][gc,phases      ] GC(113) Compaction Phase 2.475ms
[61.499s][info][gc,phases,start] GC(113) Post Compact
[61.499s][info][gc,phases      ] GC(113) Post Compact 0.493ms
[61.500s][info][gc,heap        ] GC(113) PSYoungGen: 32K(1347072K)->0K(1347072K) Eden: 0K(1296384K)->0K(1296384K) From: 32K(50688K)->0K(50688K)
[61.500s][info][gc,heap        ] GC(113) ParOldGen: 5050K(2796544K)->5018K(2796544K)
[61.500s][info][gc,metaspace   ] GC(113) Metaspace: 14742K(15040K)->14742K(15040K) NonClass: 12761K(12928K)->12761K(12928K) Class: 1981K(2112K)->1981K(2112K)
[61.500s][info][gc             ] GC(113) Pause Full (System.gc()) 4M->4M(4046M) 9.904ms
[61.500s][info][gc,cpu         ] GC(113) User=0.02s Sys=0.00s Real=0.02s
[62.521s][info][gc,start       ] GC(114) Pause Young (Allocation Failure)
[62.537s][info][gc,heap        ] GC(114) PSYoungGen: 1296384K(1347072K)->26165K(1347072K) Eden: 1296384K(1296384K)->0K(1296384K) From: 0K(50688K)->26165K(50688K)
[62.537s][info][gc,heap        ] GC(114) ParOldGen: 5018K(2796544K)->5026K(2796544K)
[62.537s][info][gc,metaspace   ] GC(114) Metaspace: 14766K(15040K)->14766K(15040K) NonClass: 12784K(12928K)->12784K(12928K) Class: 1981K(2112K)->1981K(2112K)
[62.537s][info][gc             ] GC(114) Pause Young (Allocation Failure) 1270M->30M(4046M) 15.359ms
[62.537s][info][gc,cpu         ] GC(114) User=0.05s Sys=0.00s Real=0.02s
[63.576s][info][gc,start       ] GC(115) Pause Young (Allocation Failure)
[63.587s][info][gc,heap        ] GC(115) PSYoungGen: 1322549K(1347072K)->26165K(1347072K) Eden: 1296384K(1296384K)->0K(1296384K) From: 26165K(50688K)->26165K(50688K)
[63.587s][info][gc,heap        ] GC(115) ParOldGen: 5026K(2796544K)->5058K(2796544K)
[63.587s][info][gc,metaspace   ] GC(115) Metaspace: 14766K(15040K)->14766K(15040K) NonClass: 12784K(12928K)->12784K(12928K) Class: 1981K(2112K)->1981K(2112K)
[63.587s][info][gc             ] GC(115) Pause Young (Allocation Failure) 1296M->30M(4046M) 11.198ms
[63.587s][info][gc,cpu         ] GC(115) User=0.09s Sys=0.00s Real=0.02s
[63.614s][info][gc,start       ] GC(116) Pause Young (System.gc())
[63.614s][info][gc,heap        ] GC(116) PSYoungGen: 103915K(1347072K)->128K(1347072K) Eden: 77749K(1296384K)->0K(1296384K) From: 26165K(50688K)->128K(50688K)
[63.614s][info][gc,heap        ] GC(116) ParOldGen: 5058K(2796544K)->5090K(2796544K)
[63.614s][info][gc,metaspace   ] GC(116) Metaspace: 14767K(15040K)->14767K(15040K) NonClass: 12785K(12928K)->12785K(12928K) Class: 1981K(2112K)->1981K(2112K)
[63.614s][info][gc             ] GC(116) Pause Young (System.gc()) 106M->5M(4046M) 0.299ms
[63.614s][info][gc,cpu         ] GC(116) User=0.00s Sys=0.00s Real=0.00s
[63.614s][info][gc,start       ] GC(117) Pause Full (System.gc())
[63.614s][info][gc,phases,start] GC(117) Marking Phase
[63.619s][info][gc,phases      ] GC(117) Marking Phase 4.350ms
[63.619s][info][gc,phases,start] GC(117) Summary Phase
[63.619s][info][gc,phases      ] GC(117) Summary Phase 0.010ms
[63.619s][info][gc,phases,start] GC(117) Adjust Roots
[63.622s][info][gc,phases      ] GC(117) Adjust Roots 2.895ms
[63.622s][info][gc,phases,start] GC(117) Compaction Phase
[63.624s][info][gc,phases      ] GC(117) Compaction Phase 1.758ms
[63.624s][info][gc,phases,start] GC(117) Post Compact
[63.624s][info][gc,phases      ] GC(117) Post Compact 0.485ms
[63.624s][info][gc,heap        ] GC(117) PSYoungGen: 128K(1347072K)->0K(1347072K) Eden: 0K(1296384K)->0K(1296384K) From: 128K(50688K)->0K(50688K)
[63.624s][info][gc,heap        ] GC(117) ParOldGen: 5090K(2796544K)->5018K(2796544K)
[63.624s][info][gc,metaspace   ] GC(117) Metaspace: 14767K(15040K)->14767K(15040K) NonClass: 12785K(12928K)->12785K(12928K) Class: 1981K(2112K)->1981K(2112K)
[63.624s][info][gc             ] GC(117) Pause Full (System.gc()) 5M->4M(4046M) 9.771ms
[63.624s][info][gc,cpu         ] GC(117) User=0.02s Sys=0.00s Real=0.02s
[64.644s][info][gc,start       ] GC(118) Pause Young (Allocation Failure)
[64.656s][info][gc,heap        ] GC(118) PSYoungGen: 1296384K(1347072K)->26168K(1347072K) Eden: 1296384K(1296384K)->0K(1296384K) From: 0K(50688K)->26168K(50688K)
[64.656s][info][gc,heap        ] GC(118) ParOldGen: 5018K(2796544K)->5018K(2796544K)
[64.656s][info][gc,metaspace   ] GC(118) Metaspace: 14771K(15040K)->14771K(15040K) NonClass: 12790K(12928K)->12790K(12928K) Class: 1981K(2112K)->1981K(2112K)
[64.656s][info][gc             ] GC(118) Pause Young (Allocation Failure) 1270M->30M(4046M) 12.491ms
[64.656s][info][gc,cpu         ] GC(118) User=0.06s Sys=0.00s Real=0.01s
[65.686s][info][gc,start       ] GC(119) Pause Young (Allocation Failure)
[65.699s][info][gc,heap        ] GC(119) PSYoungGen: 1322552K(1347072K)->26200K(1347072K) Eden: 1296384K(1296384K)->0K(1296384K) From: 26168K(50688K)->26200K(50688K)
[65.699s][info][gc,heap        ] GC(119) ParOldGen: 5018K(2796544K)->5034K(2796544K)
[65.699s][info][gc,metaspace   ] GC(119) Metaspace: 14771K(15040K)->14771K(15040K) NonClass: 12790K(12928K)->12790K(12928K) Class: 1981K(2112K)->1981K(2112K)
[65.699s][info][gc             ] GC(119) Pause Young (Allocation Failure) 1296M->30M(4046M) 13.432ms
[65.699s][info][gc,cpu         ] GC(119) User=0.06s Sys=0.00s Real=0.02s
[65.726s][info][gc,start       ] GC(120) Pause Young (System.gc())
[65.726s][info][gc,heap        ] GC(120) PSYoungGen: 103968K(1347072K)->96K(1347072K) Eden: 77767K(1296384K)->0K(1296384K) From: 26200K(50688K)->96K(50688K)
[65.726s][info][gc,heap        ] GC(120) ParOldGen: 5034K(2796544K)->5058K(2796544K)
[65.726s][info][gc,metaspace   ] GC(120) Metaspace: 14785K(15040K)->14785K(15040K) NonClass: 12803K(12928K)->12803K(12928K) Class: 1981K(2112K)->1981K(2112K)
[65.726s][info][gc             ] GC(120) Pause Young (System.gc()) 106M->5M(4046M) 0.303ms
[65.726s][info][gc,cpu         ] GC(120) User=0.00s Sys=0.00s Real=0.00s
[65.726s][info][gc,start       ] GC(121) Pause Full (System.gc())
[65.726s][info][gc,phases,start] GC(121) Marking Phase
[65.731s][info][gc,phases      ] GC(121) Marking Phase 4.447ms
[65.731s][info][gc,phases,start] GC(121) Summary Phase
[65.731s][info][gc,phases      ] GC(121) Summary Phase 0.009ms
[65.731s][info][gc,phases,start] GC(121) Adjust Roots
[65.733s][info][gc,phases      ] GC(121) Adjust Roots 2.221ms
[65.733s][info][gc,phases,start] GC(121) Compaction Phase
[65.735s][info][gc,phases      ] GC(121) Compaction Phase 2.117ms
[65.735s][info][gc,phases,start] GC(121) Post Compact
[65.736s][info][gc,phases      ] GC(121) Post Compact 0.432ms
[65.736s][info][gc,heap        ] GC(121) PSYoungGen: 96K(1347072K)->0K(1347072K) Eden: 0K(1296384K)->0K(1296384K) From: 96K(50688K)->0K(50688K)
[65.736s][info][gc,heap        ] GC(121) ParOldGen: 5058K(2796544K)->5018K(2796544K)
[65.736s][info][gc,metaspace   ] GC(121) Metaspace: 14785K(15040K)->14785K(15040K) NonClass: 12803K(12928K)->12803K(12928K) Class: 1981K(2112K)->1981K(2112K)
[65.736s][info][gc             ] GC(121) Pause Full (System.gc()) 5M->4M(4046M) 9.487ms
[65.736s][info][gc,cpu         ] GC(121) User=0.09s Sys=0.00s Real=0.02s
[66.771s][info][gc,start       ] GC(122) Pause Young (Allocation Failure)
[66.784s][info][gc,heap        ] GC(122) PSYoungGen: 1296384K(1347072K)->26232K(1347072K) Eden: 1296384K(1296384K)->0K(1296384K) From: 0K(50688K)->26232K(50688K)
[66.784s][info][gc,heap        ] GC(122) ParOldGen: 5018K(2796544K)->5018K(2796544K)
[66.784s][info][gc,metaspace   ] GC(122) Metaspace: 14789K(15040K)->14789K(15040K) NonClass: 12808K(12928K)->12808K(12928K) Class: 1981K(2112K)->1981K(2112K)
[66.784s][info][gc             ] GC(122) Pause Young (Allocation Failure) 1270M->30M(4046M) 12.700ms
[66.784s][info][gc,cpu         ] GC(122) User=0.06s Sys=0.00s Real=0.02s
[67.817s][info][gc,start       ] GC(123) Pause Young (Allocation Failure)
[67.828s][info][gc,heap        ] GC(123) PSYoungGen: 1322616K(1347072K)->26165K(1347072K) Eden: 1296384K(1296384K)->0K(1296384K) From: 26232K(50688K)->26165K(50688K)
[67.828s][info][gc,heap        ] GC(123) ParOldGen: 5018K(2796544K)->5050K(2796544K)
[67.828s][info][gc,metaspace   ] GC(123) Metaspace: 14789K(15040K)->14789K(15040K) NonClass: 12808K(12928K)->12808K(12928K) Class: 1981K(2112K)->1981K(2112K)
[67.828s][info][gc             ] GC(123) Pause Young (Allocation Failure) 1296M->30M(4046M) 11.266ms
[67.828s][info][gc,cpu         ] GC(123) User=0.09s Sys=0.00s Real=0.01s
[67.855s][info][gc,start       ] GC(124) Pause Young (System.gc())
[67.855s][info][gc,heap        ] GC(124) PSYoungGen: 103941K(1347072K)->96K(1347072K) Eden: 77775K(1296384K)->0K(1296384K) From: 26165K(50688K)->96K(50688K)
[67.855s][info][gc,heap        ] GC(124) ParOldGen: 5050K(2796544K)->5066K(2796544K)
[67.855s][info][gc,metaspace   ] GC(124) Metaspace: 14790K(15040K)->14790K(15040K) NonClass: 12808K(12928K)->12808K(12928K) Class: 1981K(2112K)->1981K(2112K)
[67.855s][info][gc             ] GC(124) Pause Young (System.gc()) 106M->5M(4046M) 0.443ms
[67.855s][info][gc,cpu         ] GC(124) User=0.00s Sys=0.00s Real=0.00s
[67.855s][info][gc,start       ] GC(125) Pause Full (System.gc())
[67.855s][info][gc,phases,start] GC(125) Marking Phase
[67.859s][info][gc,phases      ] GC(125) Marking Phase 4.255ms
[67.859s][info][gc,phases,start] GC(125) Summary Phase
[67.859s][info][gc,phases      ] GC(125) Summary Phase 0.009ms
[67.859s][info][gc,phases,start] GC(125) Adjust Roots
[67.862s][info][gc,phases      ] GC(125) Adjust Roots 2.787ms
[67.862s][info][gc,phases,start] GC(125) Compaction Phase
[67.865s][info][gc,phases      ] GC(125) Compaction Phase 2.582ms
[67.865s][info][gc,phases,start] GC(125) Post Compact
[67.865s][info][gc,phases      ] GC(125) Post Compact 0.508ms
[67.865s][info][gc,heap        ] GC(125) PSYoungGen: 96K(1347072K)->0K(1347072K) Eden: 0K(1296384K)->0K(1296384K) From: 96K(50688K)->0K(50688K)
[67.865s][info][gc,heap        ] GC(125) ParOldGen: 5066K(2796544K)->5018K(2796544K)
[67.865s][info][gc,metaspace   ] GC(125) Metaspace: 14790K(15040K)->14790K(15040K) NonClass: 12808K(12928K)->12808K(12928K) Class: 1981K(2112K)->1981K(2112K)
[67.865s][info][gc             ] GC(125) Pause Full (System.gc()) 5M->4M(4046M) 10.368ms
[67.865s][info][gc,cpu         ] GC(125) User=0.00s Sys=0.00s Real=0.01s
[68.890s][info][gc,start       ] GC(126) Pause Young (Allocation Failure)
[68.902s][info][gc,heap        ] GC(126) PSYoungGen: 1296384K(1347072K)->26168K(1347072K) Eden: 1296384K(1296384K)->0K(1296384K) From: 0K(50688K)->26168K(50688K)
[68.902s][info][gc,heap        ] GC(126) ParOldGen: 5018K(2796544K)->5018K(2796544K)
[68.902s][info][gc,metaspace   ] GC(126) Metaspace: 14790K(15040K)->14790K(15040K) NonClass: 12808K(12928K)->12808K(12928K) Class: 1981K(2112K)->1981K(2112K)
[68.902s][info][gc             ] GC(126) Pause Young (Allocation Failure) 1270M->30M(4046M) 12.138ms
[68.902s][info][gc,cpu         ] GC(126) User=0.09s Sys=0.00s Real=0.01s
[69.933s][info][gc,start       ] GC(127) Pause Young (Allocation Failure)
[69.945s][info][gc,heap        ] GC(127) PSYoungGen: 1322552K(1347072K)->26200K(1347072K) Eden: 1296384K(1296384K)->0K(1296384K) From: 26168K(50688K)->26200K(50688K)
[69.945s][info][gc,heap        ] GC(127) ParOldGen: 5018K(2796544K)->5058K(2796544K)
[69.945s][info][gc,metaspace   ] GC(127) Metaspace: 14792K(15040K)->14792K(15040K) NonClass: 12810K(12928K)->12810K(12928K) Class: 1981K(2112K)->1981K(2112K)
[69.945s][info][gc             ] GC(127) Pause Young (Allocation Failure) 1296M->30M(4046M) 12.615ms
[69.945s][info][gc,cpu         ] GC(127) User=0.00s Sys=0.00s Real=0.02s
[69.972s][info][gc,start       ] GC(128) Pause Young (System.gc())
[69.973s][info][gc,heap        ] GC(128) PSYoungGen: 103979K(1347072K)->64K(1347072K) Eden: 77778K(1296384K)->0K(1296384K) From: 26200K(50688K)->64K(50688K)
[69.973s][info][gc,heap        ] GC(128) ParOldGen: 5058K(2796544K)->5074K(2796544K)
[69.973s][info][gc,metaspace   ] GC(128) Metaspace: 14801K(15040K)->14801K(15040K) NonClass: 12820K(12928K)->12820K(12928K) Class: 1981K(2112K)->1981K(2112K)
[69.973s][info][gc             ] GC(128) Pause Young (System.gc()) 106M->5M(4046M) 0.305ms
[69.973s][info][gc,cpu         ] GC(128) User=0.00s Sys=0.00s Real=0.00s
[69.973s][info][gc,start       ] GC(129) Pause Full (System.gc())
[69.973s][info][gc,phases,start] GC(129) Marking Phase
[69.977s][info][gc,phases      ] GC(129) Marking Phase 4.451ms
[69.977s][info][gc,phases,start] GC(129) Summary Phase
[69.977s][info][gc,phases      ] GC(129) Summary Phase 0.009ms
[69.977s][info][gc,phases,start] GC(129) Adjust Roots
[69.980s][info][gc,phases      ] GC(129) Adjust Roots 2.317ms
[69.980s][info][gc,phases,start] GC(129) Compaction Phase
[69.982s][info][gc,phases      ] GC(129) Compaction Phase 2.708ms
[69.982s][info][gc,phases,start] GC(129) Post Compact
[69.983s][info][gc,phases      ] GC(129) Post Compact 0.421ms
[69.983s][info][gc,heap        ] GC(129) PSYoungGen: 64K(1347072K)->0K(1347072K) Eden: 0K(1296384K)->0K(1296384K) From: 64K(50688K)->0K(50688K)
[69.983s][info][gc,heap        ] GC(129) ParOldGen: 5074K(2796544K)->5018K(2796544K)
[69.983s][info][gc,metaspace   ] GC(129) Metaspace: 14801K(15040K)->14801K(15040K) NonClass: 12820K(12928K)->12820K(12928K) Class: 1981K(2112K)->1981K(2112K)
[69.983s][info][gc             ] GC(129) Pause Full (System.gc()) 5M->4M(4046M) 10.169ms
[69.983s][info][gc,cpu         ] GC(129) User=0.02s Sys=0.00s Real=0.00s
[71.005s][info][gc,start       ] GC(130) Pause Young (Allocation Failure)
[71.019s][info][gc,heap        ] GC(130) PSYoungGen: 1296384K(1347072K)->26197K(1347072K) Eden: 1296384K(1296384K)->0K(1296384K) From: 0K(50688K)->26197K(50688K)
[71.019s][info][gc,heap        ] GC(130) ParOldGen: 5018K(2796544K)->5018K(2796544K)
[71.019s][info][gc,metaspace   ] GC(130) Metaspace: 14801K(15040K)->14801K(15040K) NonClass: 12820K(12928K)->12820K(12928K) Class: 1981K(2112K)->1981K(2112K)
[71.019s][info][gc             ] GC(130) Pause Young (Allocation Failure) 1270M->30M(4046M) 13.751ms
[71.019s][info][gc,cpu         ] GC(130) User=0.05s Sys=0.00s Real=0.01s
[72.116s][info][gc,start       ] GC(131) Pause Young (Allocation Failure)
[72.128s][info][gc,heap        ] GC(131) PSYoungGen: 1322581K(1347072K)->26165K(1347072K) Eden: 1296384K(1296384K)->0K(1296384K) From: 26197K(50688K)->26165K(50688K)
[72.128s][info][gc,heap        ] GC(131) ParOldGen: 5018K(2796544K)->5050K(2796544K)
[72.128s][info][gc,metaspace   ] GC(131) Metaspace: 14801K(15040K)->14801K(15040K) NonClass: 12820K(12928K)->12820K(12928K) Class: 1981K(2112K)->1981K(2112K)
[72.128s][info][gc             ] GC(131) Pause Young (Allocation Failure) 1296M->30M(4046M) 12.088ms
[72.128s][info][gc,cpu         ] GC(131) User=0.06s Sys=0.00s Real=0.02s
[72.155s][info][gc,start       ] GC(132) Pause Young (System.gc())
[72.155s][info][gc,heap        ] GC(132) PSYoungGen: 103945K(1347072K)->96K(1347072K) Eden: 77780K(1296384K)->0K(1296384K) From: 26165K(50688K)->96K(50688K)
[72.155s][info][gc,heap        ] GC(132) ParOldGen: 5050K(2796544K)->5082K(2796544K)
[72.155s][info][gc,metaspace   ] GC(132) Metaspace: 14801K(15040K)->14801K(15040K) NonClass: 12820K(12928K)->12820K(12928K) Class: 1981K(2112K)->1981K(2112K)
[72.155s][info][gc             ] GC(132) Pause Young (System.gc()) 106M->5M(4046M) 0.310ms
[72.155s][info][gc,cpu         ] GC(132) User=0.00s Sys=0.00s Real=0.00s
[72.155s][info][gc,start       ] GC(133) Pause Full (System.gc())
[72.155s][info][gc,phases,start] GC(133) Marking Phase
[72.160s][info][gc,phases      ] GC(133) Marking Phase 4.594ms
[72.160s][info][gc,phases,start] GC(133) Summary Phase
[72.160s][info][gc,phases      ] GC(133) Summary Phase 0.010ms
[72.160s][info][gc,phases,start] GC(133) Adjust Roots
[72.162s][info][gc,phases      ] GC(133) Adjust Roots 2.166ms
[72.162s][info][gc,phases,start] GC(133) Compaction Phase
[72.164s][info][gc,phases      ] GC(133) Compaction Phase 1.855ms
[72.164s][info][gc,phases,start] GC(133) Post Compact
[72.164s][info][gc,phases      ] GC(133) Post Compact 0.420ms
[72.165s][info][gc,heap        ] GC(133) PSYoungGen: 96K(1347072K)->0K(1347072K) Eden: 0K(1296384K)->0K(1296384K) From: 96K(50688K)->0K(50688K)
[72.165s][info][gc,heap        ] GC(133) ParOldGen: 5082K(2796544K)->5018K(2796544K)
[72.165s][info][gc,metaspace   ] GC(133) Metaspace: 14801K(15040K)->14801K(15040K) NonClass: 12820K(12928K)->12820K(12928K) Class: 1981K(2112K)->1981K(2112K)
[72.165s][info][gc             ] GC(133) Pause Full (System.gc()) 5M->4M(4046M) 9.364ms
[72.165s][info][gc,cpu         ] GC(133) User=0.00s Sys=0.00s Real=0.01s
[73.228s][info][gc,start       ] GC(134) Pause Young (Allocation Failure)
[73.239s][info][gc,heap        ] GC(134) PSYoungGen: 1296384K(1347072K)->26165K(1347072K) Eden: 1296384K(1296384K)->0K(1296384K) From: 0K(50688K)->26165K(50688K)
[73.239s][info][gc,heap        ] GC(134) ParOldGen: 5018K(2796544K)->5018K(2796544K)
[73.239s][info][gc,metaspace   ] GC(134) Metaspace: 14801K(15040K)->14801K(15040K) NonClass: 12820K(12928K)->12820K(12928K) Class: 1981K(2112K)->1981K(2112K)
[73.239s][info][gc             ] GC(134) Pause Young (Allocation Failure) 1270M->30M(4046M) 11.148ms
[73.239s][info][gc,cpu         ] GC(134) User=0.00s Sys=0.00s Real=0.02s
[74.472s][info][gc,start       ] GC(135) Pause Young (Allocation Failure)
[74.483s][info][gc,heap        ] GC(135) PSYoungGen: 1322549K(1347072K)->26133K(1347072K) Eden: 1296384K(1296384K)->0K(1296384K) From: 26165K(50688K)->26133K(50688K)
[74.483s][info][gc,heap        ] GC(135) ParOldGen: 5018K(2796544K)->5058K(2796544K)
[74.483s][info][gc,metaspace   ] GC(135) Metaspace: 14801K(15040K)->14801K(15040K) NonClass: 12820K(12928K)->12820K(12928K) Class: 1981K(2112K)->1981K(2112K)
[74.483s][info][gc             ] GC(135) Pause Young (Allocation Failure) 1296M->30M(4046M) 11.369ms
[74.483s][info][gc,cpu         ] GC(135) User=0.09s Sys=0.00s Real=0.01s
[74.510s][info][gc,start       ] GC(136) Pause Young (System.gc())
[74.511s][info][gc,heap        ] GC(136) PSYoungGen: 103914K(1347072K)->96K(1347072K) Eden: 77780K(1296384K)->0K(1296384K) From: 26133K(50688K)->96K(50688K)
[74.511s][info][gc,heap        ] GC(136) ParOldGen: 5058K(2796544K)->5090K(2796544K)
[74.511s][info][gc,metaspace   ] GC(136) Metaspace: 14801K(15040K)->14801K(15040K) NonClass: 12820K(12928K)->12820K(12928K) Class: 1981K(2112K)->1981K(2112K)
[74.511s][info][gc             ] GC(136) Pause Young (System.gc()) 106M->5M(4046M) 0.495ms
[74.511s][info][gc,cpu         ] GC(136) User=0.00s Sys=0.00s Real=0.00s
[74.511s][info][gc,start       ] GC(137) Pause Full (System.gc())
[74.511s][info][gc,phases,start] GC(137) Marking Phase
[74.515s][info][gc,phases      ] GC(137) Marking Phase 4.316ms
[74.515s][info][gc,phases,start] GC(137) Summary Phase
[74.515s][info][gc,phases      ] GC(137) Summary Phase 0.009ms
[74.515s][info][gc,phases,start] GC(137) Adjust Roots
[74.517s][info][gc,phases      ] GC(137) Adjust Roots 2.162ms
[74.518s][info][gc,phases,start] GC(137) Compaction Phase
[74.519s][info][gc,phases      ] GC(137) Compaction Phase 1.841ms
[74.519s][info][gc,phases,start] GC(137) Post Compact
[74.520s][info][gc,phases      ] GC(137) Post Compact 0.475ms
[74.520s][info][gc,heap        ] GC(137) PSYoungGen: 96K(1347072K)->0K(1347072K) Eden: 0K(1296384K)->0K(1296384K) From: 96K(50688K)->0K(50688K)
[74.520s][info][gc,heap        ] GC(137) ParOldGen: 5090K(2796544K)->5019K(2796544K)
[74.520s][info][gc,metaspace   ] GC(137) Metaspace: 14801K(15040K)->14801K(15040K) NonClass: 12820K(12928K)->12820K(12928K) Class: 1981K(2112K)->1981K(2112K)
[74.520s][info][gc             ] GC(137) Pause Full (System.gc()) 5M->4M(4046M) 9.090ms
[74.520s][info][gc,cpu         ] GC(137) User=0.00s Sys=0.00s Real=0.02s
[75.741s][info][gc,start       ] GC(138) Pause Young (Allocation Failure)
[75.752s][info][gc,heap        ] GC(138) PSYoungGen: 1296384K(1347072K)->26165K(1347072K) Eden: 1296384K(1296384K)->0K(1296384K) From: 0K(50688K)->26165K(50688K)
[75.752s][info][gc,heap        ] GC(138) ParOldGen: 5019K(2796544K)->5019K(2796544K)
[75.752s][info][gc,metaspace   ] GC(138) Metaspace: 14801K(15040K)->14801K(15040K) NonClass: 12820K(12928K)->12820K(12928K) Class: 1981K(2112K)->1981K(2112K)
[75.752s][info][gc             ] GC(138) Pause Young (Allocation Failure) 1270M->30M(4046M) 11.110ms
[75.752s][info][gc,cpu         ] GC(138) User=0.09s Sys=0.00s Real=0.01s
[76.974s][info][gc,start       ] GC(139) Pause Young (Allocation Failure)
[76.985s][info][gc,heap        ] GC(139) PSYoungGen: 1322549K(1347072K)->26165K(1347072K) Eden: 1296384K(1296384K)->0K(1296384K) From: 26165K(50688K)->26165K(50688K)
[76.985s][info][gc,heap        ] GC(139) ParOldGen: 5019K(2796544K)->5051K(2796544K)
[76.985s][info][gc,metaspace   ] GC(139) Metaspace: 14801K(15040K)->14801K(15040K) NonClass: 12820K(12928K)->12820K(12928K) Class: 1981K(2112K)->1981K(2112K)
[76.985s][info][gc             ] GC(139) Pause Young (Allocation Failure) 1296M->30M(4046M) 11.122ms
[76.985s][info][gc,cpu         ] GC(139) User=0.09s Sys=0.00s Real=0.02s
[77.012s][info][gc,start       ] GC(140) Pause Young (System.gc())
[77.012s][info][gc,heap        ] GC(140) PSYoungGen: 103946K(1347072K)->64K(1347072K) Eden: 77781K(1296384K)->0K(1296384K) From: 26165K(50688K)->64K(50688K)
[77.012s][info][gc,heap        ] GC(140) ParOldGen: 5051K(2796544K)->5083K(2796544K)
[77.012s][info][gc,metaspace   ] GC(140) Metaspace: 14801K(15040K)->14801K(15040K) NonClass: 12820K(12928K)->12820K(12928K) Class: 1981K(2112K)->1981K(2112K)
[77.012s][info][gc             ] GC(140) Pause Young (System.gc()) 106M->5M(4046M) 0.397ms
[77.012s][info][gc,cpu         ] GC(140) User=0.00s Sys=0.00s Real=0.00s
[77.012s][info][gc,start       ] GC(141) Pause Full (System.gc())
[77.012s][info][gc,phases,start] GC(141) Marking Phase
[77.017s][info][gc,phases      ] GC(141) Marking Phase 4.511ms
[77.017s][info][gc,phases,start] GC(141) Summary Phase
[77.017s][info][gc,phases      ] GC(141) Summary Phase 0.010ms
[77.017s][info][gc,phases,start] GC(141) Adjust Roots
[77.020s][info][gc,phases      ] GC(141) Adjust Roots 2.947ms
[77.020s][info][gc,phases,start] GC(141) Compaction Phase
[77.023s][info][gc,phases      ] GC(141) Compaction Phase 2.769ms
[77.023s][info][gc,phases,start] GC(141) Post Compact
[77.023s][info][gc,phases      ] GC(141) Post Compact 0.416ms
[77.023s][info][gc,heap        ] GC(141) PSYoungGen: 64K(1347072K)->0K(1347072K) Eden: 0K(1296384K)->0K(1296384K) From: 64K(50688K)->0K(50688K)
[77.023s][info][gc,heap        ] GC(141) ParOldGen: 5083K(2796544K)->5018K(2796544K)
[77.023s][info][gc,metaspace   ] GC(141) Metaspace: 14801K(15040K)->14801K(15040K) NonClass: 12820K(12928K)->12820K(12928K) Class: 1981K(2112K)->1981K(2112K)
[77.023s][info][gc             ] GC(141) Pause Full (System.gc()) 5M->4M(4046M) 10.907ms
[77.023s][info][gc,cpu         ] GC(141) User=0.00s Sys=0.00s Real=0.01s
[78.231s][info][gc,start       ] GC(142) Pause Young (Allocation Failure)
[78.244s][info][gc,heap        ] GC(142) PSYoungGen: 1296384K(1347072K)->26165K(1347072K) Eden: 1296384K(1296384K)->0K(1296384K) From: 0K(50688K)->26165K(50688K)
[78.244s][info][gc,heap        ] GC(142) ParOldGen: 5018K(2796544K)->5018K(2796544K)
[78.244s][info][gc,metaspace   ] GC(142) Metaspace: 14803K(15040K)->14803K(15040K) NonClass: 12822K(12928K)->12822K(12928K) Class: 1981K(2112K)->1981K(2112K)
[78.244s][info][gc             ] GC(142) Pause Young (Allocation Failure) 1270M->30M(4046M) 13.291ms
[78.244s][info][gc,cpu         ] GC(142) User=0.09s Sys=0.00s Real=0.02s
[79.464s][info][gc,start       ] GC(143) Pause Young (Allocation Failure)
[79.476s][info][gc,heap        ] GC(143) PSYoungGen: 1322549K(1347072K)->26133K(1347072K) Eden: 1296384K(1296384K)->0K(1296384K) From: 26165K(50688K)->26133K(50688K)
[79.476s][info][gc,heap        ] GC(143) ParOldGen: 5018K(2796544K)->5050K(2796544K)
[79.476s][info][gc,metaspace   ] GC(143) Metaspace: 14803K(15040K)->14803K(15040K) NonClass: 12822K(12928K)->12822K(12928K) Class: 1981K(2112K)->1981K(2112K)
[79.476s][info][gc             ] GC(143) Pause Young (Allocation Failure) 1296M->30M(4046M) 11.541ms
[79.476s][info][gc,cpu         ] GC(143) User=0.00s Sys=0.00s Real=0.03s
[79.503s][info][gc,start       ] GC(144) Pause Young (System.gc())
[79.503s][info][gc,heap        ] GC(144) PSYoungGen: 103914K(1347072K)->128K(1347072K) Eden: 77781K(1296384K)->0K(1296384K) From: 26133K(50688K)->128K(50688K)
[79.503s][info][gc,heap        ] GC(144) ParOldGen: 5050K(2796544K)->5082K(2796544K)
[79.503s][info][gc,metaspace   ] GC(144) Metaspace: 14804K(15040K)->14804K(15040K) NonClass: 12822K(12928K)->12822K(12928K) Class: 1981K(2112K)->1981K(2112K)
[79.503s][info][gc             ] GC(144) Pause Young (System.gc()) 106M->5M(4046M) 0.389ms
[79.503s][info][gc,cpu         ] GC(144) User=0.00s Sys=0.00s Real=0.00s
[79.503s][info][gc,start       ] GC(145) Pause Full (System.gc())
[79.503s][info][gc,phases,start] GC(145) Marking Phase
[79.507s][info][gc,phases      ] GC(145) Marking Phase 4.331ms
[79.507s][info][gc,phases,start] GC(145) Summary Phase
[79.507s][info][gc,phases      ] GC(145) Summary Phase 0.010ms
[79.507s][info][gc,phases,start] GC(145) Adjust Roots
[79.510s][info][gc,phases      ] GC(145) Adjust Roots 2.345ms
[79.510s][info][gc,phases,start] GC(145) Compaction Phase
[79.512s][info][gc,phases      ] GC(145) Compaction Phase 1.783ms
[79.512s][info][gc,phases,start] GC(145) Post Compact
[79.512s][info][gc,phases      ] GC(145) Post Compact 0.506ms
[79.512s][info][gc,heap        ] GC(145) PSYoungGen: 128K(1347072K)->0K(1347072K) Eden: 0K(1296384K)->0K(1296384K) From: 128K(50688K)->0K(50688K)
[79.512s][info][gc,heap        ] GC(145) ParOldGen: 5082K(2796544K)->5019K(2796544K)
[79.512s][info][gc,metaspace   ] GC(145) Metaspace: 14804K(15040K)->14804K(15040K) NonClass: 12822K(12928K)->12822K(12928K) Class: 1981K(2112K)->1981K(2112K)
[79.512s][info][gc             ] GC(145) Pause Full (System.gc()) 5M->4M(4046M) 9.252ms
[79.512s][info][gc,cpu         ] GC(145) User=0.02s Sys=0.00s Real=0.02s
[80.722s][info][gc,start       ] GC(146) Pause Young (Allocation Failure)
[80.733s][info][gc,heap        ] GC(146) PSYoungGen: 1296384K(1347072K)->26200K(1347072K) Eden: 1296384K(1296384K)->0K(1296384K) From: 0K(50688K)->26200K(50688K)
[80.733s][info][gc,heap        ] GC(146) ParOldGen: 5019K(2796544K)->5019K(2796544K)
[80.733s][info][gc,metaspace   ] GC(146) Metaspace: 14804K(15040K)->14804K(15040K) NonClass: 12823K(12928K)->12823K(12928K) Class: 1981K(2112K)->1981K(2112K)
[80.733s][info][gc             ] GC(146) Pause Young (Allocation Failure) 1270M->30M(4046M) 11.155ms
[80.733s][info][gc,cpu         ] GC(146) User=0.09s Sys=0.00s Real=0.01s
[81.952s][info][gc,start       ] GC(147) Pause Young (Allocation Failure)
[81.963s][info][gc,heap        ] GC(147) PSYoungGen: 1322584K(1347072K)->26165K(1347072K) Eden: 1296384K(1296384K)->0K(1296384K) From: 26200K(50688K)->26165K(50688K)
[81.963s][info][gc,heap        ] GC(147) ParOldGen: 5019K(2796544K)->5059K(2796544K)
[81.963s][info][gc,metaspace   ] GC(147) Metaspace: 14804K(15040K)->14804K(15040K) NonClass: 12823K(12928K)->12823K(12928K) Class: 1981K(2112K)->1981K(2112K)
[81.963s][info][gc             ] GC(147) Pause Young (Allocation Failure) 1296M->30M(4046M) 11.144ms
[81.963s][info][gc,cpu         ] GC(147) User=0.08s Sys=0.00s Real=0.02s
[81.990s][info][gc,start       ] GC(148) Pause Young (System.gc())
[81.990s][info][gc,heap        ] GC(148) PSYoungGen: 103946K(1347072K)->64K(1347072K) Eden: 77781K(1296384K)->0K(1296384K) From: 26165K(50688K)->64K(50688K)
[81.990s][info][gc,heap        ] GC(148) ParOldGen: 5059K(2796544K)->5091K(2796544K)
[81.990s][info][gc,metaspace   ] GC(148) Metaspace: 14804K(15040K)->14804K(15040K) NonClass: 12823K(12928K)->12823K(12928K) Class: 1981K(2112K)->1981K(2112K)
[81.990s][info][gc             ] GC(148) Pause Young (System.gc()) 106M->5M(4046M) 0.644ms
[81.990s][info][gc,cpu         ] GC(148) User=0.00s Sys=0.00s Real=0.00s
[81.990s][info][gc,start       ] GC(149) Pause Full (System.gc())
[81.990s][info][gc,phases,start] GC(149) Marking Phase
[81.995s][info][gc,phases      ] GC(149) Marking Phase 4.497ms
[81.995s][info][gc,phases,start] GC(149) Summary Phase
[81.995s][info][gc,phases      ] GC(149) Summary Phase 0.009ms
[81.995s][info][gc,phases,start] GC(149) Adjust Roots
[81.998s][info][gc,phases      ] GC(149) Adjust Roots 2.628ms
[81.998s][info][gc,phases,start] GC(149) Compaction Phase
[82.000s][info][gc,phases      ] GC(149) Compaction Phase 2.671ms
[82.000s][info][gc,phases,start] GC(149) Post Compact
[82.001s][info][gc,phases      ] GC(149) Post Compact 0.549ms
[82.001s][info][gc,heap        ] GC(149) PSYoungGen: 64K(1347072K)->0K(1347072K) Eden: 0K(1296384K)->0K(1296384K) From: 64K(50688K)->0K(50688K)
[82.001s][info][gc,heap        ] GC(149) ParOldGen: 5091K(2796544K)->5019K(2796544K)
[82.001s][info][gc,metaspace   ] GC(149) Metaspace: 14804K(15040K)->14804K(15040K) NonClass: 12823K(12928K)->12823K(12928K) Class: 1981K(2112K)->1981K(2112K)
[82.001s][info][gc             ] GC(149) Pause Full (System.gc()) 5M->4M(4046M) 10.674ms
[82.001s][info][gc,cpu         ] GC(149) User=0.00s Sys=0.02s Real=0.02s
[83.207s][info][gc,start       ] GC(150) Pause Young (Allocation Failure)
[83.218s][info][gc,heap        ] GC(150) PSYoungGen: 1296384K(1347072K)->26165K(1347072K) Eden: 1296384K(1296384K)->0K(1296384K) From: 0K(50688K)->26165K(50688K)
[83.218s][info][gc,heap        ] GC(150) ParOldGen: 5019K(2796544K)->5019K(2796544K)
[83.218s][info][gc,metaspace   ] GC(150) Metaspace: 14811K(15040K)->14811K(15040K) NonClass: 12829K(12928K)->12829K(12928K) Class: 1981K(2112K)->1981K(2112K)
[83.218s][info][gc             ] GC(150) Pause Young (Allocation Failure) 1270M->30M(4046M) 11.047ms
[83.218s][info][gc,cpu         ] GC(150) User=0.09s Sys=0.00s Real=0.02s
[84.437s][info][gc,start       ] GC(151) Pause Young (Allocation Failure)
[84.448s][info][gc,heap        ] GC(151) PSYoungGen: 1322549K(1347072K)->26165K(1347072K) Eden: 1296384K(1296384K)->0K(1296384K) From: 26165K(50688K)->26165K(50688K)
[84.448s][info][gc,heap        ] GC(151) ParOldGen: 5019K(2796544K)->5043K(2796544K)
[84.448s][info][gc,metaspace   ] GC(151) Metaspace: 14811K(15040K)->14811K(15040K) NonClass: 12829K(12928K)->12829K(12928K) Class: 1981K(2112K)->1981K(2112K)
[84.448s][info][gc             ] GC(151) Pause Young (Allocation Failure) 1296M->30M(4046M) 11.162ms
[84.448s][info][gc,cpu         ] GC(151) User=0.09s Sys=0.00s Real=0.01s
[84.475s][info][gc,start       ] GC(152) Pause Young (System.gc())
[84.476s][info][gc,heap        ] GC(152) PSYoungGen: 103946K(1347072K)->96K(1347072K) Eden: 77781K(1296384K)->0K(1296384K) From: 26165K(50688K)->96K(50688K)
[84.476s][info][gc,heap        ] GC(152) ParOldGen: 5043K(2796544K)->5067K(2796544K)
[84.476s][info][gc,metaspace   ] GC(152) Metaspace: 14811K(15040K)->14811K(15040K) NonClass: 12829K(12928K)->12829K(12928K) Class: 1981K(2112K)->1981K(2112K)
[84.476s][info][gc             ] GC(152) Pause Young (System.gc()) 106M->5M(4046M) 0.345ms
[84.476s][info][gc,cpu         ] GC(152) User=0.00s Sys=0.00s Real=0.00s
[84.476s][info][gc,start       ] GC(153) Pause Full (System.gc())
[84.476s][info][gc,phases,start] GC(153) Marking Phase
[84.480s][info][gc,phases      ] GC(153) Marking Phase 4.547ms
[84.480s][info][gc,phases,start] GC(153) Summary Phase
[84.480s][info][gc,phases      ] GC(153) Summary Phase 0.009ms
[84.480s][info][gc,phases,start] GC(153) Adjust Roots
[84.483s][info][gc,phases      ] GC(153) Adjust Roots 2.166ms
[84.483s][info][gc,phases,start] GC(153) Compaction Phase
[84.485s][info][gc,phases      ] GC(153) Compaction Phase 2.150ms
[84.485s][info][gc,phases,start] GC(153) Post Compact
[84.485s][info][gc,phases      ] GC(153) Post Compact 0.520ms
[84.485s][info][gc,heap        ] GC(153) PSYoungGen: 96K(1347072K)->0K(1347072K) Eden: 0K(1296384K)->0K(1296384K) From: 96K(50688K)->0K(50688K)
[84.485s][info][gc,heap        ] GC(153) ParOldGen: 5067K(2796544K)->5019K(2796544K)
[84.485s][info][gc,metaspace   ] GC(153) Metaspace: 14811K(15040K)->14811K(15040K) NonClass: 12829K(12928K)->12829K(12928K) Class: 1981K(2112K)->1981K(2112K)
[84.485s][info][gc             ] GC(153) Pause Full (System.gc()) 5M->4M(4046M) 9.668ms
[84.485s][info][gc,cpu         ] GC(153) User=0.02s Sys=0.00s Real=0.01s
[85.705s][info][gc,start       ] GC(154) Pause Young (Allocation Failure)
[85.718s][info][gc,heap        ] GC(154) PSYoungGen: 1296384K(1347072K)->26264K(1347072K) Eden: 1296384K(1296384K)->0K(1296384K) From: 0K(50688K)->26264K(50688K)
[85.719s][info][gc,heap        ] GC(154) ParOldGen: 5019K(2796544K)->5019K(2796544K)
[85.719s][info][gc,metaspace   ] GC(154) Metaspace: 14812K(15040K)->14812K(15040K) NonClass: 12830K(12928K)->12830K(12928K) Class: 1981K(2112K)->1981K(2112K)
[85.719s][info][gc             ] GC(154) Pause Young (Allocation Failure) 1270M->30M(4046M) 13.504ms
[85.719s][info][gc,cpu         ] GC(154) User=0.06s Sys=0.00s Real=0.00s
[86.938s][info][gc,start       ] GC(155) Pause Young (Allocation Failure)
[86.949s][info][gc,heap        ] GC(155) PSYoungGen: 1322648K(1347072K)->26183K(1347072K) Eden: 1296384K(1296384K)->0K(1296384K) From: 26264K(50688K)->26183K(50688K)
[86.949s][info][gc,heap        ] GC(155) ParOldGen: 5019K(2796544K)->5051K(2796544K)
[86.949s][info][gc,metaspace   ] GC(155) Metaspace: 14812K(15040K)->14812K(15040K) NonClass: 12830K(12928K)->12830K(12928K) Class: 1981K(2112K)->1981K(2112K)
[86.949s][info][gc             ] GC(155) Pause Young (Allocation Failure) 1296M->30M(4046M) 11.063ms
[86.949s][info][gc,cpu         ] GC(155) User=0.09s Sys=0.00s Real=0.01s
[86.975s][info][gc,start       ] GC(156) Pause Young (System.gc())
[86.976s][info][gc,heap        ] GC(156) PSYoungGen: 103964K(1347072K)->96K(1347072K) Eden: 77781K(1296384K)->0K(1296384K) From: 26183K(50688K)->96K(50688K)
[86.976s][info][gc,heap        ] GC(156) ParOldGen: 5051K(2796544K)->5083K(2796544K)
[86.976s][info][gc,metaspace   ] GC(156) Metaspace: 14812K(15040K)->14812K(15040K) NonClass: 12830K(12928K)->12830K(12928K) Class: 1981K(2112K)->1981K(2112K)
[86.976s][info][gc             ] GC(156) Pause Young (System.gc()) 106M->5M(4046M) 0.378ms
[86.976s][info][gc,cpu         ] GC(156) User=0.00s Sys=0.00s Real=0.00s
[86.976s][info][gc,start       ] GC(157) Pause Full (System.gc())
[86.976s][info][gc,phases,start] GC(157) Marking Phase
[86.980s][info][gc,phases      ] GC(157) Marking Phase 4.251ms
[86.980s][info][gc,phases,start] GC(157) Summary Phase
[86.980s][info][gc,phases      ] GC(157) Summary Phase 0.009ms
[86.980s][info][gc,phases,start] GC(157) Adjust Roots
[86.983s][info][gc,phases      ] GC(157) Adjust Roots 3.040ms
[86.983s][info][gc,phases,start] GC(157) Compaction Phase
[86.985s][info][gc,phases      ] GC(157) Compaction Phase 2.357ms
[86.985s][info][gc,phases,start] GC(157) Post Compact
[86.986s][info][gc,phases      ] GC(157) Post Compact 0.433ms
[86.986s][info][gc,heap        ] GC(157) PSYoungGen: 96K(1347072K)->0K(1347072K) Eden: 0K(1296384K)->0K(1296384K) From: 96K(50688K)->0K(50688K)
[86.986s][info][gc,heap        ] GC(157) ParOldGen: 5083K(2796544K)->5019K(2796544K)
[86.986s][info][gc,metaspace   ] GC(157) Metaspace: 14812K(15040K)->14812K(15040K) NonClass: 12830K(12928K)->12830K(12928K) Class: 1981K(2112K)->1981K(2112K)
[86.986s][info][gc             ] GC(157) Pause Full (System.gc()) 5M->4M(4046M) 10.346ms
[86.986s][info][gc,cpu         ] GC(157) User=0.02s Sys=0.00s Real=0.02s
[88.194s][info][gc,start       ] GC(158) Pause Young (Allocation Failure)
[88.205s][info][gc,heap        ] GC(158) PSYoungGen: 1296384K(1347072K)->26101K(1347072K) Eden: 1296384K(1296384K)->0K(1296384K) From: 0K(50688K)->26101K(50688K)
[88.205s][info][gc,heap        ] GC(158) ParOldGen: 5019K(2796544K)->5019K(2796544K)
[88.205s][info][gc,metaspace   ] GC(158) Metaspace: 14812K(15040K)->14812K(15040K) NonClass: 12831K(12928K)->12831K(12928K) Class: 1981K(2112K)->1981K(2112K)
[88.205s][info][gc             ] GC(158) Pause Young (Allocation Failure) 1270M->30M(4046M) 11.336ms
[88.205s][info][gc,cpu         ] GC(158) User=0.09s Sys=0.00s Real=0.01s
[89.429s][info][gc,start       ] GC(159) Pause Young (Allocation Failure)
[89.441s][info][gc,heap        ] GC(159) PSYoungGen: 1322485K(1347072K)->26197K(1347072K) Eden: 1296384K(1296384K)->0K(1296384K) From: 26101K(50688K)->26197K(50688K)
[89.441s][info][gc,heap        ] GC(159) ParOldGen: 5019K(2796544K)->5051K(2796544K)
[89.441s][info][gc,metaspace   ] GC(159) Metaspace: 14812K(15040K)->14812K(15040K) NonClass: 12831K(12928K)->12831K(12928K) Class: 1981K(2112K)->1981K(2112K)
[89.441s][info][gc             ] GC(159) Pause Young (Allocation Failure) 1296M->30M(4046M) 11.502ms
[89.441s][info][gc,cpu         ] GC(159) User=0.09s Sys=0.00s Real=0.03s
[89.469s][info][gc,start       ] GC(160) Pause Young (System.gc())
[89.469s][info][gc,heap        ] GC(160) PSYoungGen: 103978K(1347072K)->96K(1347072K) Eden: 77781K(1296384K)->0K(1296384K) From: 26197K(50688K)->96K(50688K)
[89.469s][info][gc,heap        ] GC(160) ParOldGen: 5051K(2796544K)->5067K(2796544K)
[89.469s][info][gc,metaspace   ] GC(160) Metaspace: 14812K(15040K)->14812K(15040K) NonClass: 12831K(12928K)->12831K(12928K) Class: 1981K(2112K)->1981K(2112K)
[89.469s][info][gc             ] GC(160) Pause Young (System.gc()) 106M->5M(4046M) 0.715ms
[89.469s][info][gc,cpu         ] GC(160) User=0.00s Sys=0.00s Real=0.00s
[89.470s][info][gc,start       ] GC(161) Pause Full (System.gc())
[89.470s][info][gc,phases,start] GC(161) Marking Phase
[89.474s][info][gc,phases      ] GC(161) Marking Phase 4.253ms
[89.474s][info][gc,phases,start] GC(161) Summary Phase
[89.474s][info][gc,phases      ] GC(161) Summary Phase 0.010ms
[89.474s][info][gc,phases,start] GC(161) Adjust Roots
[89.476s][info][gc,phases      ] GC(161) Adjust Roots 2.605ms
[89.477s][info][gc,phases,start] GC(161) Compaction Phase
[89.479s][info][gc,phases      ] GC(161) Compaction Phase 2.082ms
[89.479s][info][gc,phases,start] GC(161) Post Compact
[89.479s][info][gc,phases      ] GC(161) Post Compact 0.460ms
[89.479s][info][gc,heap        ] GC(161) PSYoungGen: 96K(1347072K)->0K(1347072K) Eden: 0K(1296384K)->0K(1296384K) From: 96K(50688K)->0K(50688K)
[89.479s][info][gc,heap        ] GC(161) ParOldGen: 5067K(2796544K)->5019K(2796544K)
[89.479s][info][gc,metaspace   ] GC(161) Metaspace: 14812K(15040K)->14812K(15040K) NonClass: 12831K(12928K)->12831K(12928K) Class: 1981K(2112K)->1981K(2112K)
[89.479s][info][gc             ] GC(161) Pause Full (System.gc()) 5M->4M(4046M) 9.682ms
[89.479s][info][gc,cpu         ] GC(161) User=0.09s Sys=0.00s Real=0.02s
[90.686s][info][gc,start       ] GC(162) Pause Young (Allocation Failure)
[90.699s][info][gc,heap        ] GC(162) PSYoungGen: 1296384K(1347072K)->26165K(1347072K) Eden: 1296384K(1296384K)->0K(1296384K) From: 0K(50688K)->26165K(50688K)
[90.699s][info][gc,heap        ] GC(162) ParOldGen: 5019K(2796544K)->5019K(2796544K)
[90.699s][info][gc,metaspace   ] GC(162) Metaspace: 14812K(15040K)->14812K(15040K) NonClass: 12831K(12928K)->12831K(12928K) Class: 1981K(2112K)->1981K(2112K)
[90.699s][info][gc             ] GC(162) Pause Young (Allocation Failure) 1270M->30M(4046M) 13.399ms
[90.699s][info][gc,cpu         ] GC(162) User=0.06s Sys=0.00s Real=0.01s
[91.918s][info][gc,start       ] GC(163) Pause Young (Allocation Failure)
[91.929s][info][gc,heap        ] GC(163) PSYoungGen: 1322549K(1347072K)->26165K(1347072K) Eden: 1296384K(1296384K)->0K(1296384K) From: 26165K(50688K)->26165K(50688K)
[91.929s][info][gc,heap        ] GC(163) ParOldGen: 5019K(2796544K)->5059K(2796544K)
[91.929s][info][gc,metaspace   ] GC(163) Metaspace: 14812K(15040K)->14812K(15040K) NonClass: 12831K(12928K)->12831K(12928K) Class: 1981K(2112K)->1981K(2112K)
[91.929s][info][gc             ] GC(163) Pause Young (Allocation Failure) 1296M->30M(4046M) 11.231ms
[91.929s][info][gc,cpu         ] GC(163) User=0.00s Sys=0.00s Real=0.02s
[91.955s][info][gc,start       ] GC(164) Pause Young (System.gc())
[91.956s][info][gc,heap        ] GC(164) PSYoungGen: 103946K(1347072K)->128K(1347072K) Eden: 77781K(1296384K)->0K(1296384K) From: 26165K(50688K)->128K(50688K)
[91.956s][info][gc,heap        ] GC(164) ParOldGen: 5059K(2796544K)->5091K(2796544K)
[91.956s][info][gc,metaspace   ] GC(164) Metaspace: 14812K(15040K)->14812K(15040K) NonClass: 12831K(12928K)->12831K(12928K) Class: 1981K(2112K)->1981K(2112K)
[91.956s][info][gc             ] GC(164) Pause Young (System.gc()) 106M->5M(4046M) 0.519ms
[91.956s][info][gc,cpu         ] GC(164) User=0.00s Sys=0.00s Real=0.00s
[91.956s][info][gc,start       ] GC(165) Pause Full (System.gc())
[91.956s][info][gc,phases,start] GC(165) Marking Phase
[91.960s][info][gc,phases      ] GC(165) Marking Phase 4.533ms
[91.960s][info][gc,phases,start] GC(165) Summary Phase
[91.960s][info][gc,phases      ] GC(165) Summary Phase 0.009ms
[91.961s][info][gc,phases,start] GC(165) Adjust Roots
[91.963s][info][gc,phases      ] GC(165) Adjust Roots 2.219ms
[91.963s][info][gc,phases,start] GC(165) Compaction Phase
[91.965s][info][gc,phases      ] GC(165) Compaction Phase 1.887ms
[91.965s][info][gc,phases,start] GC(165) Post Compact
[91.965s][info][gc,phases      ] GC(165) Post Compact 0.407ms
[91.965s][info][gc,heap        ] GC(165) PSYoungGen: 128K(1347072K)->0K(1347072K) Eden: 0K(1296384K)->0K(1296384K) From: 128K(50688K)->0K(50688K)
[91.965s][info][gc,heap        ] GC(165) ParOldGen: 5091K(2796544K)->5019K(2796544K)
[91.965s][info][gc,metaspace   ] GC(165) Metaspace: 14812K(15040K)->14812K(15040K) NonClass: 12831K(12928K)->12831K(12928K) Class: 1981K(2112K)->1981K(2112K)
[91.965s][info][gc             ] GC(165) Pause Full (System.gc()) 5M->4M(4046M) 9.320ms
[91.965s][info][gc,cpu         ] GC(165) User=0.02s Sys=0.00s Real=0.00s
[93.169s][info][gc,start       ] GC(166) Pause Young (Allocation Failure)
[93.180s][info][gc,heap        ] GC(166) PSYoungGen: 1296384K(1347072K)->26200K(1347072K) Eden: 1296384K(1296384K)->0K(1296384K) From: 0K(50688K)->26200K(50688K)
[93.180s][info][gc,heap        ] GC(166) ParOldGen: 5019K(2796544K)->5019K(2796544K)
[93.180s][info][gc,metaspace   ] GC(166) Metaspace: 14821K(15040K)->14821K(15040K) NonClass: 12840K(12928K)->12840K(12928K) Class: 1981K(2112K)->1981K(2112K)
[93.180s][info][gc             ] GC(166) Pause Young (Allocation Failure) 1270M->30M(4046M) 11.166ms
[93.180s][info][gc,cpu         ] GC(166) User=0.00s Sys=0.00s Real=0.03s
[94.399s][info][gc,start       ] GC(167) Pause Young (Allocation Failure)
[94.411s][info][gc,heap        ] GC(167) PSYoungGen: 1322584K(1347072K)->26133K(1347072K) Eden: 1296384K(1296384K)->0K(1296384K) From: 26200K(50688K)->26133K(50688K)
[94.411s][info][gc,heap        ] GC(167) ParOldGen: 5019K(2796544K)->5059K(2796544K)
[94.411s][info][gc,metaspace   ] GC(167) Metaspace: 14822K(15040K)->14822K(15040K) NonClass: 12841K(12928K)->12841K(12928K) Class: 1981K(2112K)->1981K(2112K)
[94.411s][info][gc             ] GC(167) Pause Young (Allocation Failure) 1296M->30M(4046M) 12.199ms
[94.411s][info][gc,cpu         ] GC(167) User=0.09s Sys=0.00s Real=0.02s
[94.442s][info][gc,start       ] GC(168) Pause Young (System.gc())
[94.442s][info][gc,heap        ] GC(168) PSYoungGen: 103914K(1347072K)->64K(1347072K) Eden: 77781K(1296384K)->0K(1296384K) From: 26133K(50688K)->64K(50688K)
[94.442s][info][gc,heap        ] GC(168) ParOldGen: 5059K(2796544K)->5091K(2796544K)
[94.442s][info][gc,metaspace   ] GC(168) Metaspace: 14822K(15040K)->14822K(15040K) NonClass: 12841K(12928K)->12841K(12928K) Class: 1981K(2112K)->1981K(2112K)
[94.442s][info][gc             ] GC(168) Pause Young (System.gc()) 106M->5M(4046M) 0.350ms
[94.442s][info][gc,cpu         ] GC(168) User=0.00s Sys=0.00s Real=0.00s
[94.442s][info][gc,start       ] GC(169) Pause Full (System.gc())
[94.442s][info][gc,phases,start] GC(169) Marking Phase
[94.447s][info][gc,phases      ] GC(169) Marking Phase 4.485ms
[94.447s][info][gc,phases,start] GC(169) Summary Phase
[94.447s][info][gc,phases      ] GC(169) Summary Phase 0.010ms
[94.447s][info][gc,phases,start] GC(169) Adjust Roots
[94.449s][info][gc,phases      ] GC(169) Adjust Roots 2.396ms
[94.449s][info][gc,phases,start] GC(169) Compaction Phase
[94.451s][info][gc,phases      ] GC(169) Compaction Phase 2.045ms
[94.451s][info][gc,phases,start] GC(169) Post Compact
[94.452s][info][gc,phases      ] GC(169) Post Compact 0.430ms
[94.452s][info][gc,heap        ] GC(169) PSYoungGen: 64K(1347072K)->0K(1347072K) Eden: 0K(1296384K)->0K(1296384K) From: 64K(50688K)->0K(50688K)
[94.452s][info][gc,heap        ] GC(169) ParOldGen: 5091K(2796544K)->5019K(2796544K)
[94.452s][info][gc,metaspace   ] GC(169) Metaspace: 14822K(15040K)->14822K(15040K) NonClass: 12841K(12928K)->12841K(12928K) Class: 1981K(2112K)->1981K(2112K)
[94.452s][info][gc             ] GC(169) Pause Full (System.gc()) 5M->4M(4046M) 9.764ms
[94.452s][info][gc,cpu         ] GC(169) User=0.02s Sys=0.00s Real=0.00s
[95.657s][info][gc,start       ] GC(170) Pause Young (Allocation Failure)
[95.668s][info][gc,heap        ] GC(170) PSYoungGen: 1296384K(1347072K)->26165K(1347072K) Eden: 1296384K(1296384K)->0K(1296384K) From: 0K(50688K)->26165K(50688K)
[95.668s][info][gc,heap        ] GC(170) ParOldGen: 5019K(2796544K)->5019K(2796544K)
[95.668s][info][gc,metaspace   ] GC(170) Metaspace: 14824K(15040K)->14824K(15040K) NonClass: 12842K(12928K)->12842K(12928K) Class: 1981K(2112K)->1981K(2112K)
[95.668s][info][gc             ] GC(170) Pause Young (Allocation Failure) 1270M->30M(4046M) 11.253ms
[95.668s][info][gc,cpu         ] GC(170) User=0.09s Sys=0.00s Real=0.02s
[96.887s][info][gc,start       ] GC(171) Pause Young (Allocation Failure)
[96.898s][info][gc,heap        ] GC(171) PSYoungGen: 1322549K(1347072K)->26232K(1347072K) Eden: 1296384K(1296384K)->0K(1296384K) From: 26165K(50688K)->26232K(50688K)
[96.898s][info][gc,heap        ] GC(171) ParOldGen: 5019K(2796544K)->5051K(2796544K)
[96.898s][info][gc,metaspace   ] GC(171) Metaspace: 14825K(15040K)->14825K(15040K) NonClass: 12843K(12928K)->12843K(12928K) Class: 1981K(2112K)->1981K(2112K)
[96.898s][info][gc             ] GC(171) Pause Young (Allocation Failure) 1296M->30M(4046M) 11.125ms
[96.898s][info][gc,cpu         ] GC(171) User=0.00s Sys=0.00s Real=0.01s
[96.924s][info][gc,start       ] GC(172) Pause Young (System.gc())
[96.925s][info][gc,heap        ] GC(172) PSYoungGen: 104013K(1347072K)->128K(1347072K) Eden: 77781K(1296384K)->0K(1296384K) From: 26232K(50688K)->128K(50688K)
[96.925s][info][gc,heap        ] GC(172) ParOldGen: 5051K(2796544K)->5083K(2796544K)
[96.925s][info][gc,metaspace   ] GC(172) Metaspace: 14825K(15040K)->14825K(15040K) NonClass: 12843K(12928K)->12843K(12928K) Class: 1981K(2112K)->1981K(2112K)
[96.925s][info][gc             ] GC(172) Pause Young (System.gc()) 106M->5M(4046M) 0.409ms
[96.925s][info][gc,cpu         ] GC(172) User=0.00s Sys=0.00s Real=0.02s
[96.925s][info][gc,start       ] GC(173) Pause Full (System.gc())
[96.925s][info][gc,phases,start] GC(173) Marking Phase
[96.930s][info][gc,phases      ] GC(173) Marking Phase 4.656ms
[96.930s][info][gc,phases,start] GC(173) Summary Phase
[96.930s][info][gc,phases      ] GC(173) Summary Phase 0.009ms
[96.930s][info][gc,phases,start] GC(173) Adjust Roots
[96.933s][info][gc,phases      ] GC(173) Adjust Roots 3.115ms
[96.933s][info][gc,phases,start] GC(173) Compaction Phase
[96.935s][info][gc,phases      ] GC(173) Compaction Phase 2.104ms
[96.935s][info][gc,phases,start] GC(173) Post Compact
[96.935s][info][gc,phases      ] GC(173) Post Compact 0.493ms
[96.935s][info][gc,heap        ] GC(173) PSYoungGen: 128K(1347072K)->0K(1347072K) Eden: 0K(1296384K)->0K(1296384K) From: 128K(50688K)->0K(50688K)
[96.935s][info][gc,heap        ] GC(173) ParOldGen: 5083K(2796544K)->5019K(2796544K)
[96.935s][info][gc,metaspace   ] GC(173) Metaspace: 14825K(15040K)->14825K(15040K) NonClass: 12843K(12928K)->12843K(12928K) Class: 1981K(2112K)->1981K(2112K)
[96.936s][info][gc             ] GC(173) Pause Full (System.gc()) 5M->4M(4046M) 10.622ms
[96.936s][info][gc,cpu         ] GC(173) User=0.02s Sys=0.00s Real=0.00s
[98.145s][info][gc,start       ] GC(174) Pause Young (Allocation Failure)
[98.158s][info][gc,heap        ] GC(174) PSYoungGen: 1296384K(1347072K)->26165K(1347072K) Eden: 1296384K(1296384K)->0K(1296384K) From: 0K(50688K)->26165K(50688K)
[98.158s][info][gc,heap        ] GC(174) ParOldGen: 5019K(2796544K)->5019K(2796544K)
[98.158s][info][gc,metaspace   ] GC(174) Metaspace: 14825K(15040K)->14825K(15040K) NonClass: 12843K(12928K)->12843K(12928K) Class: 1981K(2112K)->1981K(2112K)
[98.158s][info][gc             ] GC(174) Pause Young (Allocation Failure) 1270M->30M(4046M) 12.835ms
[98.158s][info][gc,cpu         ] GC(174) User=0.06s Sys=0.00s Real=0.02s
[99.376s][info][gc,start       ] GC(175) Pause Young (Allocation Failure)
[99.387s][info][gc,heap        ] GC(175) PSYoungGen: 1322549K(1347072K)->26165K(1347072K) Eden: 1296384K(1296384K)->0K(1296384K) From: 26165K(50688K)->26165K(50688K)
[99.387s][info][gc,heap        ] GC(175) ParOldGen: 5019K(2796544K)->5043K(2796544K)
[99.387s][info][gc,metaspace   ] GC(175) Metaspace: 14825K(15040K)->14825K(15040K) NonClass: 12843K(12928K)->12843K(12928K) Class: 1981K(2112K)->1981K(2112K)
[99.388s][info][gc             ] GC(175) Pause Young (Allocation Failure) 1296M->30M(4046M) 11.151ms
[99.388s][info][gc,cpu         ] GC(175) User=0.09s Sys=0.00s Real=0.01s
[99.414s][info][gc,start       ] GC(176) Pause Young (System.gc())
[99.415s][info][gc,heap        ] GC(176) PSYoungGen: 103946K(1347072K)->128K(1347072K) Eden: 77781K(1296384K)->0K(1296384K) From: 26165K(50688K)->128K(50688K)
[99.415s][info][gc,heap        ] GC(176) ParOldGen: 5043K(2796544K)->5075K(2796544K)
[99.415s][info][gc,metaspace   ] GC(176) Metaspace: 14825K(15040K)->14825K(15040K) NonClass: 12843K(12928K)->12843K(12928K) Class: 1981K(2112K)->1981K(2112K)
[99.415s][info][gc             ] GC(176) Pause Young (System.gc()) 106M->5M(4046M) 0.382ms
[99.415s][info][gc,cpu         ] GC(176) User=0.00s Sys=0.00s Real=0.00s
[99.415s][info][gc,start       ] GC(177) Pause Full (System.gc())
[99.415s][info][gc,phases,start] GC(177) Marking Phase
[99.419s][info][gc,phases      ] GC(177) Marking Phase 4.306ms
[99.419s][info][gc,phases,start] GC(177) Summary Phase
[99.419s][info][gc,phases      ] GC(177) Summary Phase 0.009ms
[99.419s][info][gc,phases,start] GC(177) Adjust Roots
[99.421s][info][gc,phases      ] GC(177) Adjust Roots 2.381ms
[99.422s][info][gc,phases,start] GC(177) Compaction Phase
[99.424s][info][gc,phases      ] GC(177) Compaction Phase 2.212ms
[99.424s][info][gc,phases,start] GC(177) Post Compact
[99.425s][info][gc,phases      ] GC(177) Post Compact 0.693ms
[99.425s][info][gc,heap        ] GC(177) PSYoungGen: 128K(1347072K)->0K(1347072K) Eden: 0K(1296384K)->0K(1296384K) From: 128K(50688K)->0K(50688K)
[99.425s][info][gc,heap        ] GC(177) ParOldGen: 5075K(2796544K)->5019K(2796544K)
[99.425s][info][gc,metaspace   ] GC(177) Metaspace: 14825K(15040K)->14825K(15040K) NonClass: 12843K(12928K)->12843K(12928K) Class: 1981K(2112K)->1981K(2112K)
[99.425s][info][gc             ] GC(177) Pause Full (System.gc()) 5M->4M(4046M) 9.946ms
[99.425s][info][gc,cpu         ] GC(177) User=0.09s Sys=0.00s Real=0.01s
[100.639s][info][gc,start       ] GC(178) Pause Young (Allocation Failure)
[100.652s][info][gc,heap        ] GC(178) PSYoungGen: 1296384K(1347072K)->26133K(1347072K) Eden: 1296384K(1296384K)->0K(1296384K) From: 0K(50688K)->26133K(50688K)
[100.652s][info][gc,heap        ] GC(178) ParOldGen: 5019K(2796544K)->5019K(2796544K)
[100.652s][info][gc,metaspace   ] GC(178) Metaspace: 14825K(15040K)->14825K(15040K) NonClass: 12844K(12928K)->12844K(12928K) Class: 1981K(2112K)->1981K(2112K)
[100.652s][info][gc             ] GC(178) Pause Young (Allocation Failure) 1270M->30M(4046M) 13.356ms
[100.652s][info][gc,cpu         ] GC(178) User=0.06s Sys=0.00s Real=0.02s
[101.873s][info][gc,start       ] GC(179) Pause Young (Allocation Failure)
[101.884s][info][gc,heap        ] GC(179) PSYoungGen: 1322517K(1347072K)->26197K(1347072K) Eden: 1296384K(1296384K)->0K(1296384K) From: 26133K(50688K)->26197K(50688K)
[101.884s][info][gc,heap        ] GC(179) ParOldGen: 5019K(2796544K)->5051K(2796544K)
[101.884s][info][gc,metaspace   ] GC(179) Metaspace: 14825K(15040K)->14825K(15040K) NonClass: 12844K(12928K)->12844K(12928K) Class: 1981K(2112K)->1981K(2112K)
[101.884s][info][gc             ] GC(179) Pause Young (Allocation Failure) 1296M->30M(4046M) 11.028ms
[101.884s][info][gc,cpu         ] GC(179) User=0.00s Sys=0.00s Real=0.02s
[101.910s][info][gc,start       ] GC(180) Pause Young (System.gc())
[101.911s][info][gc,heap        ] GC(180) PSYoungGen: 103978K(1347072K)->128K(1347072K) Eden: 77781K(1296384K)->0K(1296384K) From: 26197K(50688K)->128K(50688K)
[101.911s][info][gc,heap        ] GC(180) ParOldGen: 5051K(2796544K)->5075K(2796544K)
[101.911s][info][gc,metaspace   ] GC(180) Metaspace: 14825K(15040K)->14825K(15040K) NonClass: 12844K(12928K)->12844K(12928K) Class: 1981K(2112K)->1981K(2112K)
[101.911s][info][gc             ] GC(180) Pause Young (System.gc()) 106M->5M(4046M) 0.315ms
[101.911s][info][gc,cpu         ] GC(180) User=0.00s Sys=0.00s Real=0.00s
[101.911s][info][gc,start       ] GC(181) Pause Full (System.gc())
[101.911s][info][gc,phases,start] GC(181) Marking Phase
[101.915s][info][gc,phases      ] GC(181) Marking Phase 4.561ms
[101.915s][info][gc,phases,start] GC(181) Summary Phase
[101.915s][info][gc,phases      ] GC(181) Summary Phase 0.009ms
[101.915s][info][gc,phases,start] GC(181) Adjust Roots
[101.918s][info][gc,phases      ] GC(181) Adjust Roots 2.377ms
[101.918s][info][gc,phases,start] GC(181) Compaction Phase
[101.920s][info][gc,phases      ] GC(181) Compaction Phase 2.546ms
[101.920s][info][gc,phases,start] GC(181) Post Compact
[101.921s][info][gc,phases      ] GC(181) Post Compact 0.532ms
[101.921s][info][gc,heap        ] GC(181) PSYoungGen: 128K(1347072K)->0K(1347072K) Eden: 0K(1296384K)->0K(1296384K) From: 128K(50688K)->0K(50688K)
[101.921s][info][gc,heap        ] GC(181) ParOldGen: 5075K(2796544K)->5019K(2796544K)
[101.921s][info][gc,metaspace   ] GC(181) Metaspace: 14825K(15040K)->14825K(15040K) NonClass: 12844K(12928K)->12844K(12928K) Class: 1981K(2112K)->1981K(2112K)
[101.921s][info][gc             ] GC(181) Pause Full (System.gc()) 5M->4M(4046M) 10.313ms
[101.921s][info][gc,cpu         ] GC(181) User=0.02s Sys=0.00s Real=0.00s
[103.128s][info][gc,start       ] GC(182) Pause Young (Allocation Failure)
[103.141s][info][gc,heap        ] GC(182) PSYoungGen: 1296384K(1347072K)->26133K(1347072K) Eden: 1296384K(1296384K)->0K(1296384K) From: 0K(50688K)->26133K(50688K)
[103.142s][info][gc,heap        ] GC(182) ParOldGen: 5019K(2796544K)->5019K(2796544K)
[103.142s][info][gc,metaspace   ] GC(182) Metaspace: 14825K(15040K)->14825K(15040K) NonClass: 12844K(12928K)->12844K(12928K) Class: 1981K(2112K)->1981K(2112K)
[103.142s][info][gc             ] GC(182) Pause Young (Allocation Failure) 1270M->30M(4046M) 13.202ms
[103.142s][info][gc,cpu         ] GC(182) User=0.06s Sys=0.00s Real=0.01s
[104.361s][info][gc,start       ] GC(183) Pause Young (Allocation Failure)
[104.372s][info][gc,heap        ] GC(183) PSYoungGen: 1322517K(1347072K)->26165K(1347072K) Eden: 1296384K(1296384K)->0K(1296384K) From: 26133K(50688K)->26165K(50688K)
[104.372s][info][gc,heap        ] GC(183) ParOldGen: 5019K(2796544K)->5051K(2796544K)
[104.372s][info][gc,metaspace   ] GC(183) Metaspace: 14825K(15040K)->14825K(15040K) NonClass: 12844K(12928K)->12844K(12928K) Class: 1981K(2112K)->1981K(2112K)
[104.372s][info][gc             ] GC(183) Pause Young (Allocation Failure) 1296M->30M(4046M) 11.139ms
[104.372s][info][gc,cpu         ] GC(183) User=0.09s Sys=0.00s Real=0.01s
[104.398s][info][gc,start       ] GC(184) Pause Young (System.gc())
[104.399s][info][gc,heap        ] GC(184) PSYoungGen: 103946K(1347072K)->96K(1347072K) Eden: 77781K(1296384K)->0K(1296384K) From: 26165K(50688K)->96K(50688K)
[104.399s][info][gc,heap        ] GC(184) ParOldGen: 5051K(2796544K)->5083K(2796544K)
[104.399s][info][gc,metaspace   ] GC(184) Metaspace: 14825K(15040K)->14825K(15040K) NonClass: 12844K(12928K)->12844K(12928K) Class: 1981K(2112K)->1981K(2112K)
[104.399s][info][gc             ] GC(184) Pause Young (System.gc()) 106M->5M(4046M) 0.446ms
[104.399s][info][gc,cpu         ] GC(184) User=0.00s Sys=0.00s Real=0.00s
[104.399s][info][gc,start       ] GC(185) Pause Full (System.gc())
[104.399s][info][gc,phases,start] GC(185) Marking Phase
[104.403s][info][gc,phases      ] GC(185) Marking Phase 4.477ms
[104.404s][info][gc,phases,start] GC(185) Summary Phase
[104.404s][info][gc,phases      ] GC(185) Summary Phase 0.012ms
[104.404s][info][gc,phases,start] GC(185) Adjust Roots
[104.406s][info][gc,phases      ] GC(185) Adjust Roots 2.517ms
[104.406s][info][gc,phases,start] GC(185) Compaction Phase
[104.409s][info][gc,phases      ] GC(185) Compaction Phase 2.727ms
[104.409s][info][gc,phases,start] GC(185) Post Compact
[104.409s][info][gc,phases      ] GC(185) Post Compact 0.469ms
[104.409s][info][gc,heap        ] GC(185) PSYoungGen: 96K(1347072K)->0K(1347072K) Eden: 0K(1296384K)->0K(1296384K) From: 96K(50688K)->0K(50688K)
[104.409s][info][gc,heap        ] GC(185) ParOldGen: 5083K(2796544K)->5019K(2796544K)
[104.409s][info][gc,metaspace   ] GC(185) Metaspace: 14825K(15040K)->14825K(15040K) NonClass: 12844K(12928K)->12844K(12928K) Class: 1981K(2112K)->1981K(2112K)
[104.409s][info][gc             ] GC(185) Pause Full (System.gc()) 5M->4M(4046M) 10.494ms
[104.409s][info][gc,cpu         ] GC(185) User=0.09s Sys=0.00s Real=0.01s
[105.618s][info][gc,start       ] GC(186) Pause Young (Allocation Failure)
[105.631s][info][gc,heap        ] GC(186) PSYoungGen: 1296384K(1347072K)->26218K(1347072K) Eden: 1296384K(1296384K)->0K(1296384K) From: 0K(50688K)->26218K(50688K)
[105.631s][info][gc,heap        ] GC(186) ParOldGen: 5019K(2796544K)->5019K(2796544K)
[105.631s][info][gc,metaspace   ] GC(186) Metaspace: 14825K(15040K)->14825K(15040K) NonClass: 12844K(12928K)->12844K(12928K) Class: 1981K(2112K)->1981K(2112K)
[105.631s][info][gc             ] GC(186) Pause Young (Allocation Failure) 1270M->30M(4046M) 13.209ms
[105.631s][info][gc,cpu         ] GC(186) User=0.06s Sys=0.00s Real=0.02s
[106.848s][info][gc,start       ] GC(187) Pause Young (Allocation Failure)
[106.862s][info][gc,heap        ] GC(187) PSYoungGen: 1322602K(1347072K)->26200K(1347072K) Eden: 1296384K(1296384K)->0K(1296384K) From: 26218K(50688K)->26200K(50688K)
[106.862s][info][gc,heap        ] GC(187) ParOldGen: 5019K(2796544K)->5043K(2796544K)
[106.862s][info][gc,metaspace   ] GC(187) Metaspace: 14825K(15040K)->14825K(15040K) NonClass: 12844K(12928K)->12844K(12928K) Class: 1981K(2112K)->1981K(2112K)
[106.862s][info][gc             ] GC(187) Pause Young (Allocation Failure) 1296M->30M(4046M) 13.795ms
[106.862s][info][gc,cpu         ] GC(187) User=0.06s Sys=0.00s Real=0.02s
[106.889s][info][gc,start       ] GC(188) Pause Young (System.gc())
[106.889s][info][gc,heap        ] GC(188) PSYoungGen: 103981K(1347072K)->128K(1347072K) Eden: 77781K(1296384K)->0K(1296384K) From: 26200K(50688K)->128K(50688K)
[106.889s][info][gc,heap        ] GC(188) ParOldGen: 5043K(2796544K)->5075K(2796544K)
[106.889s][info][gc,metaspace   ] GC(188) Metaspace: 14825K(15040K)->14825K(15040K) NonClass: 12844K(12928K)->12844K(12928K) Class: 1981K(2112K)->1981K(2112K)
[106.889s][info][gc             ] GC(188) Pause Young (System.gc()) 106M->5M(4046M) 0.404ms
[106.889s][info][gc,cpu         ] GC(188) User=0.00s Sys=0.00s Real=0.00s
[106.889s][info][gc,start       ] GC(189) Pause Full (System.gc())
[106.889s][info][gc,phases,start] GC(189) Marking Phase
[106.894s][info][gc,phases      ] GC(189) Marking Phase 4.391ms
[106.894s][info][gc,phases,start] GC(189) Summary Phase
[106.894s][info][gc,phases      ] GC(189) Summary Phase 0.009ms
[106.894s][info][gc,phases,start] GC(189) Adjust Roots
[106.896s][info][gc,phases      ] GC(189) Adjust Roots 2.371ms
[106.896s][info][gc,phases,start] GC(189) Compaction Phase
[106.899s][info][gc,phases      ] GC(189) Compaction Phase 2.646ms
[106.899s][info][gc,phases,start] GC(189) Post Compact
[106.899s][info][gc,phases      ] GC(189) Post Compact 0.490ms
[106.899s][info][gc,heap        ] GC(189) PSYoungGen: 128K(1347072K)->0K(1347072K) Eden: 0K(1296384K)->0K(1296384K) From: 128K(50688K)->0K(50688K)
[106.899s][info][gc,heap        ] GC(189) ParOldGen: 5075K(2796544K)->5019K(2796544K)
[106.899s][info][gc,metaspace   ] GC(189) Metaspace: 14825K(15040K)->14825K(15040K) NonClass: 12844K(12928K)->12844K(12928K) Class: 1981K(2112K)->1981K(2112K)
[106.899s][info][gc             ] GC(189) Pause Full (System.gc()) 5M->4M(4046M) 10.189ms
[106.899s][info][gc,cpu         ] GC(189) User=0.00s Sys=0.00s Real=0.02s
[108.103s][info][gc,start       ] GC(190) Pause Young (Allocation Failure)
[108.116s][info][gc,heap        ] GC(190) PSYoungGen: 1296384K(1347072K)->26200K(1347072K) Eden: 1296384K(1296384K)->0K(1296384K) From: 0K(50688K)->26200K(50688K)
[108.116s][info][gc,heap        ] GC(190) ParOldGen: 5019K(2796544K)->5019K(2796544K)
[108.116s][info][gc,metaspace   ] GC(190) Metaspace: 14840K(15104K)->14840K(15104K) NonClass: 12859K(12992K)->12859K(12992K) Class: 1981K(2112K)->1981K(2112K)
[108.116s][info][gc             ] GC(190) Pause Young (Allocation Failure) 1270M->30M(4046M) 12.612ms
[108.116s][info][gc,cpu         ] GC(190) User=0.00s Sys=0.00s Real=0.02s
[109.336s][info][gc,start       ] GC(191) Pause Young (Allocation Failure)
[109.347s][info][gc,heap        ] GC(191) PSYoungGen: 1322584K(1347072K)->26229K(1347072K) Eden: 1296384K(1296384K)->0K(1296384K) From: 26200K(50688K)->26229K(50688K)
[109.347s][info][gc,heap        ] GC(191) ParOldGen: 5019K(2796544K)->5051K(2796544K)
[109.347s][info][gc,metaspace   ] GC(191) Metaspace: 14840K(15104K)->14840K(15104K) NonClass: 12859K(12992K)->12859K(12992K) Class: 1981K(2112K)->1981K(2112K)
[109.347s][info][gc             ] GC(191) Pause Young (Allocation Failure) 1296M->30M(4046M) 11.131ms
[109.347s][info][gc,cpu         ] GC(191) User=0.09s Sys=0.00s Real=0.02s
[109.373s][info][gc,start       ] GC(192) Pause Young (System.gc())
[109.374s][info][gc,heap        ] GC(192) PSYoungGen: 104010K(1347072K)->96K(1347072K) Eden: 77781K(1296384K)->0K(1296384K) From: 26229K(50688K)->96K(50688K)
[109.374s][info][gc,heap        ] GC(192) ParOldGen: 5051K(2796544K)->5083K(2796544K)
[109.374s][info][gc,metaspace   ] GC(192) Metaspace: 14841K(15104K)->14841K(15104K) NonClass: 12859K(12992K)->12859K(12992K) Class: 1981K(2112K)->1981K(2112K)
[109.374s][info][gc             ] GC(192) Pause Young (System.gc()) 106M->5M(4046M) 0.493ms
[109.374s][info][gc,cpu         ] GC(192) User=0.00s Sys=0.00s Real=0.00s
[109.374s][info][gc,start       ] GC(193) Pause Full (System.gc())
[109.374s][info][gc,phases,start] GC(193) Marking Phase
[109.378s][info][gc,phases      ] GC(193) Marking Phase 4.636ms
[109.378s][info][gc,phases,start] GC(193) Summary Phase
[109.378s][info][gc,phases      ] GC(193) Summary Phase 0.009ms
[109.378s][info][gc,phases,start] GC(193) Adjust Roots
[109.381s][info][gc,phases      ] GC(193) Adjust Roots 2.484ms
[109.381s][info][gc,phases,start] GC(193) Compaction Phase
[109.383s][info][gc,phases      ] GC(193) Compaction Phase 2.162ms
[109.383s][info][gc,phases,start] GC(193) Post Compact
[109.384s][info][gc,phases      ] GC(193) Post Compact 0.527ms
[109.384s][info][gc,heap        ] GC(193) PSYoungGen: 96K(1347072K)->0K(1347072K) Eden: 0K(1296384K)->0K(1296384K) From: 96K(50688K)->0K(50688K)
[109.384s][info][gc,heap        ] GC(193) ParOldGen: 5083K(2796544K)->5019K(2796544K)
[109.384s][info][gc,metaspace   ] GC(193) Metaspace: 14841K(15104K)->14841K(15104K) NonClass: 12859K(12992K)->12859K(12992K) Class: 1981K(2112K)->1981K(2112K)
[109.384s][info][gc             ] GC(193) Pause Full (System.gc()) 5M->4M(4046M) 10.119ms
[109.384s][info][gc,cpu         ] GC(193) User=0.00s Sys=0.00s Real=0.02s
[110.588s][info][gc,start       ] GC(194) Pause Young (Allocation Failure)
[110.599s][info][gc,heap        ] GC(194) PSYoungGen: 1296384K(1347072K)->26165K(1347072K) Eden: 1296384K(1296384K)->0K(1296384K) From: 0K(50688K)->26165K(50688K)
[110.599s][info][gc,heap        ] GC(194) ParOldGen: 5019K(2796544K)->5019K(2796544K)
[110.599s][info][gc,metaspace   ] GC(194) Metaspace: 14841K(15104K)->14841K(15104K) NonClass: 12859K(12992K)->12859K(12992K) Class: 1981K(2112K)->1981K(2112K)
[110.599s][info][gc             ] GC(194) Pause Young (Allocation Failure) 1270M->30M(4046M) 11.073ms
[110.600s][info][gc,cpu         ] GC(194) User=0.00s Sys=0.00s Real=0.02s
[111.823s][info][gc,start       ] GC(195) Pause Young (Allocation Failure)
[111.837s][info][gc,heap        ] GC(195) PSYoungGen: 1322549K(1347072K)->26200K(1347072K) Eden: 1296384K(1296384K)->0K(1296384K) From: 26165K(50688K)->26200K(50688K)
[111.837s][info][gc,heap        ] GC(195) ParOldGen: 5019K(2796544K)->5051K(2796544K)
[111.837s][info][gc,metaspace   ] GC(195) Metaspace: 14841K(15104K)->14841K(15104K) NonClass: 12859K(12992K)->12859K(12992K) Class: 1981K(2112K)->1981K(2112K)
[111.837s][info][gc             ] GC(195) Pause Young (Allocation Failure) 1296M->30M(4046M) 14.450ms
[111.837s][info][gc,cpu         ] GC(195) User=0.06s Sys=0.00s Real=0.01s
[111.864s][info][gc,start       ] GC(196) Pause Young (System.gc())
[111.864s][info][gc,heap        ] GC(196) PSYoungGen: 103981K(1347072K)->64K(1347072K) Eden: 77781K(1296384K)->0K(1296384K) From: 26200K(50688K)->64K(50688K)
[111.864s][info][gc,heap        ] GC(196) ParOldGen: 5051K(2796544K)->5083K(2796544K)
[111.864s][info][gc,metaspace   ] GC(196) Metaspace: 14841K(15104K)->14841K(15104K) NonClass: 12859K(12992K)->12859K(12992K) Class: 1981K(2112K)->1981K(2112K)
[111.864s][info][gc             ] GC(196) Pause Young (System.gc()) 106M->5M(4046M) 0.562ms
[111.864s][info][gc,cpu         ] GC(196) User=0.00s Sys=0.00s Real=0.00s
[111.864s][info][gc,start       ] GC(197) Pause Full (System.gc())
[111.864s][info][gc,phases,start] GC(197) Marking Phase
[111.869s][info][gc,phases      ] GC(197) Marking Phase 4.429ms
[111.869s][info][gc,phases,start] GC(197) Summary Phase
[111.869s][info][gc,phases      ] GC(197) Summary Phase 0.009ms
[111.869s][info][gc,phases,start] GC(197) Adjust Roots
[111.871s][info][gc,phases      ] GC(197) Adjust Roots 2.195ms
[111.871s][info][gc,phases,start] GC(197) Compaction Phase
[111.873s][info][gc,phases      ] GC(197) Compaction Phase 1.877ms
[111.873s][info][gc,phases,start] GC(197) Post Compact
[111.874s][info][gc,phases      ] GC(197) Post Compact 0.496ms
[111.874s][info][gc,heap        ] GC(197) PSYoungGen: 64K(1347072K)->0K(1347072K) Eden: 0K(1296384K)->0K(1296384K) From: 64K(50688K)->0K(50688K)
[111.874s][info][gc,heap        ] GC(197) ParOldGen: 5083K(2796544K)->5019K(2796544K)
[111.874s][info][gc,metaspace   ] GC(197) Metaspace: 14841K(15104K)->14841K(15104K) NonClass: 12859K(12992K)->12859K(12992K) Class: 1981K(2112K)->1981K(2112K)
[111.874s][info][gc             ] GC(197) Pause Full (System.gc()) 5M->4M(4046M) 9.296ms
[111.874s][info][gc,cpu         ] GC(197) User=0.02s Sys=0.00s Real=0.00s
[113.080s][info][gc,start       ] GC(198) Pause Young (Allocation Failure)
[113.092s][info][gc,heap        ] GC(198) PSYoungGen: 1296384K(1347072K)->26133K(1347072K) Eden: 1296384K(1296384K)->0K(1296384K) From: 0K(50688K)->26133K(50688K)
[113.092s][info][gc,heap        ] GC(198) ParOldGen: 5019K(2796544K)->5019K(2796544K)
[113.092s][info][gc,metaspace   ] GC(198) Metaspace: 14841K(15104K)->14841K(15104K) NonClass: 12859K(12992K)->12859K(12992K) Class: 1981K(2112K)->1981K(2112K)
[113.092s][info][gc             ] GC(198) Pause Young (Allocation Failure) 1270M->30M(4046M) 12.453ms
[113.092s][info][gc,cpu         ] GC(198) User=0.09s Sys=0.00s Real=0.02s
[114.317s][info][gc,start       ] GC(199) Pause Young (Allocation Failure)
[114.331s][info][gc,heap        ] GC(199) PSYoungGen: 1322517K(1347072K)->26197K(1347072K) Eden: 1296384K(1296384K)->0K(1296384K) From: 26133K(50688K)->26197K(50688K)
[114.331s][info][gc,heap        ] GC(199) ParOldGen: 5019K(2796544K)->5051K(2796544K)
[114.331s][info][gc,metaspace   ] GC(199) Metaspace: 14841K(15104K)->14841K(15104K) NonClass: 12859K(12992K)->12859K(12992K) Class: 1981K(2112K)->1981K(2112K)
[114.331s][info][gc             ] GC(199) Pause Young (Allocation Failure) 1296M->30M(4046M) 13.498ms
[114.331s][info][gc,cpu         ] GC(199) User=0.06s Sys=0.00s Real=0.01s
[114.357s][info][gc,start       ] GC(200) Pause Young (System.gc())
[114.358s][info][gc,heap        ] GC(200) PSYoungGen: 103978K(1347072K)->64K(1347072K) Eden: 77781K(1296384K)->0K(1296384K) From: 26197K(50688K)->64K(50688K)
[114.358s][info][gc,heap        ] GC(200) ParOldGen: 5051K(2796544K)->5075K(2796544K)
[114.358s][info][gc,metaspace   ] GC(200) Metaspace: 14841K(15104K)->14841K(15104K) NonClass: 12859K(12992K)->12859K(12992K) Class: 1981K(2112K)->1981K(2112K)
[114.358s][info][gc             ] GC(200) Pause Young (System.gc()) 106M->5M(4046M) 0.357ms
[114.358s][info][gc,cpu         ] GC(200) User=0.00s Sys=0.00s Real=0.00s
[114.358s][info][gc,start       ] GC(201) Pause Full (System.gc())
[114.358s][info][gc,phases,start] GC(201) Marking Phase
[114.362s][info][gc,phases      ] GC(201) Marking Phase 4.569ms
[114.362s][info][gc,phases,start] GC(201) Summary Phase
[114.362s][info][gc,phases      ] GC(201) Summary Phase 0.010ms
[114.362s][info][gc,phases,start] GC(201) Adjust Roots
[114.365s][info][gc,phases      ] GC(201) Adjust Roots 2.435ms
[114.365s][info][gc,phases,start] GC(201) Compaction Phase
[114.367s][info][gc,phases      ] GC(201) Compaction Phase 2.476ms
[114.367s][info][gc,phases,start] GC(201) Post Compact
[114.368s][info][gc,phases      ] GC(201) Post Compact 0.418ms
[114.368s][info][gc,heap        ] GC(201) PSYoungGen: 64K(1347072K)->0K(1347072K) Eden: 0K(1296384K)->0K(1296384K) From: 64K(50688K)->0K(50688K)
[114.368s][info][gc,heap        ] GC(201) ParOldGen: 5075K(2796544K)->5019K(2796544K)
[114.368s][info][gc,metaspace   ] GC(201) Metaspace: 14841K(15104K)->14841K(15104K) NonClass: 12859K(12992K)->12859K(12992K) Class: 1981K(2112K)->1981K(2112K)
[114.368s][info][gc             ] GC(201) Pause Full (System.gc()) 5M->4M(4046M) 10.162ms
[114.368s][info][gc,cpu         ] GC(201) User=0.00s Sys=0.00s Real=0.02s
[115.579s][info][gc,start       ] GC(202) Pause Young (Allocation Failure)
[115.590s][info][gc,heap        ] GC(202) PSYoungGen: 1296384K(1347072K)->26133K(1347072K) Eden: 1296384K(1296384K)->0K(1296384K) From: 0K(50688K)->26133K(50688K)
[115.590s][info][gc,heap        ] GC(202) ParOldGen: 5019K(2796544K)->5019K(2796544K)
[115.590s][info][gc,metaspace   ] GC(202) Metaspace: 14841K(15104K)->14841K(15104K) NonClass: 12859K(12992K)->12859K(12992K) Class: 1981K(2112K)->1981K(2112K)
[115.590s][info][gc             ] GC(202) Pause Young (Allocation Failure) 1270M->30M(4046M) 11.224ms
[115.590s][info][gc,cpu         ] GC(202) User=0.09s Sys=0.00s Real=0.02s
[116.811s][info][gc,start       ] GC(203) Pause Young (Allocation Failure)
[116.822s][info][gc,heap        ] GC(203) PSYoungGen: 1322517K(1347072K)->26165K(1347072K) Eden: 1296384K(1296384K)->0K(1296384K) From: 26133K(50688K)->26165K(50688K)
[116.822s][info][gc,heap        ] GC(203) ParOldGen: 5019K(2796544K)->5051K(2796544K)
[116.822s][info][gc,metaspace   ] GC(203) Metaspace: 14841K(15104K)->14841K(15104K) NonClass: 12859K(12992K)->12859K(12992K) Class: 1981K(2112K)->1981K(2112K)
[116.822s][info][gc             ] GC(203) Pause Young (Allocation Failure) 1296M->30M(4046M) 11.196ms
[116.822s][info][gc,cpu         ] GC(203) User=0.06s Sys=0.00s Real=0.01s
[116.849s][info][gc,start       ] GC(204) Pause Young (System.gc())
[116.849s][info][gc,heap        ] GC(204) PSYoungGen: 103946K(1347072K)->128K(1347072K) Eden: 77781K(1296384K)->0K(1296384K) From: 26165K(50688K)->128K(50688K)
[116.849s][info][gc,heap        ] GC(204) ParOldGen: 5051K(2796544K)->5075K(2796544K)
[116.849s][info][gc,metaspace   ] GC(204) Metaspace: 14841K(15104K)->14841K(15104K) NonClass: 12859K(12992K)->12859K(12992K) Class: 1981K(2112K)->1981K(2112K)
[116.849s][info][gc             ] GC(204) Pause Young (System.gc()) 106M->5M(4046M) 0.391ms
[116.849s][info][gc,cpu         ] GC(204) User=0.00s Sys=0.00s Real=0.00s
[116.849s][info][gc,start       ] GC(205) Pause Full (System.gc())
[116.849s][info][gc,phases,start] GC(205) Marking Phase
[116.853s][info][gc,phases      ] GC(205) Marking Phase 4.360ms
[116.853s][info][gc,phases,start] GC(205) Summary Phase
[116.853s][info][gc,phases      ] GC(205) Summary Phase 0.009ms
[116.854s][info][gc,phases,start] GC(205) Adjust Roots
[116.856s][info][gc,phases      ] GC(205) Adjust Roots 2.167ms
[116.856s][info][gc,phases,start] GC(205) Compaction Phase
[116.858s][info][gc,phases      ] GC(205) Compaction Phase 2.244ms
[116.858s][info][gc,phases,start] GC(205) Post Compact
[116.858s][info][gc,phases      ] GC(205) Post Compact 0.476ms
[116.859s][info][gc,heap        ] GC(205) PSYoungGen: 128K(1347072K)->0K(1347072K) Eden: 0K(1296384K)->0K(1296384K) From: 128K(50688K)->0K(50688K)
[116.859s][info][gc,heap        ] GC(205) ParOldGen: 5075K(2796544K)->5019K(2796544K)
[116.859s][info][gc,metaspace   ] GC(205) Metaspace: 14841K(15104K)->14841K(15104K) NonClass: 12859K(12992K)->12859K(12992K) Class: 1981K(2112K)->1981K(2112K)
[116.859s][info][gc             ] GC(205) Pause Full (System.gc()) 5M->4M(4046M) 9.534ms
[116.859s][info][gc,cpu         ] GC(205) User=0.02s Sys=0.00s Real=0.02s
[118.060s][info][gc,start       ] GC(206) Pause Young (Allocation Failure)
[118.071s][info][gc,heap        ] GC(206) PSYoungGen: 1296384K(1347072K)->26165K(1347072K) Eden: 1296384K(1296384K)->0K(1296384K) From: 0K(50688K)->26165K(50688K)
[118.071s][info][gc,heap        ] GC(206) ParOldGen: 5019K(2796544K)->5019K(2796544K)
[118.071s][info][gc,metaspace   ] GC(206) Metaspace: 14843K(15104K)->14843K(15104K) NonClass: 12862K(12992K)->12862K(12992K) Class: 1981K(2112K)->1981K(2112K)
[118.071s][info][gc             ] GC(206) Pause Young (Allocation Failure) 1270M->30M(4046M) 11.022ms
[118.071s][info][gc,cpu         ] GC(206) User=0.00s Sys=0.00s Real=0.01s
[119.290s][info][gc,start       ] GC(207) Pause Young (Allocation Failure)
[119.303s][info][gc,heap        ] GC(207) PSYoungGen: 1322549K(1347072K)->26197K(1347072K) Eden: 1296384K(1296384K)->0K(1296384K) From: 26165K(50688K)->26197K(50688K)
[119.304s][info][gc,heap        ] GC(207) ParOldGen: 5019K(2796544K)->5051K(2796544K)
[119.304s][info][gc,metaspace   ] GC(207) Metaspace: 14843K(15104K)->14843K(15104K) NonClass: 12862K(12992K)->12862K(12992K) Class: 1981K(2112K)->1981K(2112K)
[119.304s][info][gc             ] GC(207) Pause Young (Allocation Failure) 1296M->30M(4046M) 13.487ms
[119.304s][info][gc,cpu         ] GC(207) User=0.02s Sys=0.00s Real=0.00s
[119.331s][info][gc,start       ] GC(208) Pause Young (System.gc())
[119.331s][info][gc,heap        ] GC(208) PSYoungGen: 103978K(1347072K)->96K(1347072K) Eden: 77781K(1296384K)->0K(1296384K) From: 26197K(50688K)->96K(50688K)
[119.331s][info][gc,heap        ] GC(208) ParOldGen: 5051K(2796544K)->5075K(2796544K)
[119.331s][info][gc,metaspace   ] GC(208) Metaspace: 14843K(15104K)->14843K(15104K) NonClass: 12862K(12992K)->12862K(12992K) Class: 1981K(2112K)->1981K(2112K)
[119.331s][info][gc             ] GC(208) Pause Young (System.gc()) 106M->5M(4046M) 0.388ms
[119.331s][info][gc,cpu         ] GC(208) User=0.00s Sys=0.00s Real=0.00s
[119.331s][info][gc,start       ] GC(209) Pause Full (System.gc())
[119.331s][info][gc,phases,start] GC(209) Marking Phase
[119.336s][info][gc,phases      ] GC(209) Marking Phase 4.376ms
[119.336s][info][gc,phases,start] GC(209) Summary Phase
[119.336s][info][gc,phases      ] GC(209) Summary Phase 0.011ms
[119.336s][info][gc,phases,start] GC(209) Adjust Roots
[119.338s][info][gc,phases      ] GC(209) Adjust Roots 2.279ms
[119.338s][info][gc,phases,start] GC(209) Compaction Phase
[119.340s][info][gc,phases      ] GC(209) Compaction Phase 1.792ms
[119.340s][info][gc,phases,start] GC(209) Post Compact
[119.340s][info][gc,phases      ] GC(209) Post Compact 0.467ms
[119.340s][info][gc,heap        ] GC(209) PSYoungGen: 96K(1347072K)->0K(1347072K) Eden: 0K(1296384K)->0K(1296384K) From: 96K(50688K)->0K(50688K)
[119.340s][info][gc,heap        ] GC(209) ParOldGen: 5075K(2796544K)->5019K(2796544K)
[119.340s][info][gc,metaspace   ] GC(209) Metaspace: 14843K(15104K)->14843K(15104K) NonClass: 12862K(12992K)->12862K(12992K) Class: 1981K(2112K)->1981K(2112K)
[119.340s][info][gc             ] GC(209) Pause Full (System.gc()) 5M->4M(4046M) 9.214ms
[119.340s][info][gc,cpu         ] GC(209) User=0.02s Sys=0.00s Real=0.02s
[120.544s][info][gc,start       ] GC(210) Pause Young (Allocation Failure)
[120.556s][info][gc,heap        ] GC(210) PSYoungGen: 1296384K(1347072K)->26165K(1347072K) Eden: 1296384K(1296384K)->0K(1296384K) From: 0K(50688K)->26165K(50688K)
[120.556s][info][gc,heap        ] GC(210) ParOldGen: 5019K(2796544K)->5019K(2796544K)
[120.556s][info][gc,metaspace   ] GC(210) Metaspace: 14844K(15104K)->14844K(15104K) NonClass: 12863K(12992K)->12863K(12992K) Class: 1981K(2112K)->1981K(2112K)
[120.556s][info][gc             ] GC(210) Pause Young (Allocation Failure) 1270M->30M(4046M) 11.286ms
[120.556s][info][gc,cpu         ] GC(210) User=0.00s Sys=0.00s Real=0.01s
[121.773s][info][gc,start       ] GC(211) Pause Young (Allocation Failure)
[121.784s][info][gc,heap        ] GC(211) PSYoungGen: 1322549K(1347072K)->26133K(1347072K) Eden: 1296384K(1296384K)->0K(1296384K) From: 26165K(50688K)->26133K(50688K)
[121.784s][info][gc,heap        ] GC(211) ParOldGen: 5019K(2796544K)->5051K(2796544K)
[121.784s][info][gc,metaspace   ] GC(211) Metaspace: 14844K(15104K)->14844K(15104K) NonClass: 12863K(12992K)->12863K(12992K) Class: 1981K(2112K)->1981K(2112K)
[121.784s][info][gc             ] GC(211) Pause Young (Allocation Failure) 1296M->30M(4046M) 11.253ms
[121.784s][info][gc,cpu         ] GC(211) User=0.09s Sys=0.00s Real=0.02s
[121.810s][info][gc,start       ] GC(212) Pause Young (System.gc())
[121.810s][info][gc,heap        ] GC(212) PSYoungGen: 103914K(1347072K)->96K(1347072K) Eden: 77781K(1296384K)->0K(1296384K) From: 26133K(50688K)->96K(50688K)
[121.810s][info][gc,heap        ] GC(212) ParOldGen: 5051K(2796544K)->5091K(2796544K)
[121.810s][info][gc,metaspace   ] GC(212) Metaspace: 14844K(15104K)->14844K(15104K) NonClass: 12863K(12992K)->12863K(12992K) Class: 1981K(2112K)->1981K(2112K)
[121.810s][info][gc             ] GC(212) Pause Young (System.gc()) 106M->5M(4046M) 0.497ms
[121.810s][info][gc,cpu         ] GC(212) User=0.00s Sys=0.00s Real=0.00s
[121.810s][info][gc,start       ] GC(213) Pause Full (System.gc())
[121.810s][info][gc,phases,start] GC(213) Marking Phase
[121.815s][info][gc,phases      ] GC(213) Marking Phase 4.423ms
[121.815s][info][gc,phases,start] GC(213) Summary Phase
[121.815s][info][gc,phases      ] GC(213) Summary Phase 0.010ms
[121.815s][info][gc,phases,start] GC(213) Adjust Roots
[121.817s][info][gc,phases      ] GC(213) Adjust Roots 2.487ms
[121.817s][info][gc,phases,start] GC(213) Compaction Phase
[121.819s][info][gc,phases      ] GC(213) Compaction Phase 1.954ms
[121.819s][info][gc,phases,start] GC(213) Post Compact
[121.820s][info][gc,phases      ] GC(213) Post Compact 0.451ms
[121.820s][info][gc,heap        ] GC(213) PSYoungGen: 96K(1347072K)->0K(1347072K) Eden: 0K(1296384K)->0K(1296384K) From: 96K(50688K)->0K(50688K)
[121.820s][info][gc,heap        ] GC(213) ParOldGen: 5091K(2796544K)->5019K(2796544K)
[121.820s][info][gc,metaspace   ] GC(213) Metaspace: 14844K(15104K)->14844K(15104K) NonClass: 12863K(12992K)->12863K(12992K) Class: 1981K(2112K)->1981K(2112K)
[121.820s][info][gc             ] GC(213) Pause Full (System.gc()) 5M->4M(4046M) 9.606ms
[121.820s][info][gc,cpu         ] GC(213) User=0.00s Sys=0.00s Real=0.00s
[123.027s][info][gc,start       ] GC(214) Pause Young (Allocation Failure)
[123.040s][info][gc,heap        ] GC(214) PSYoungGen: 1296384K(1347072K)->26165K(1347072K) Eden: 1296384K(1296384K)->0K(1296384K) From: 0K(50688K)->26165K(50688K)
[123.040s][info][gc,heap        ] GC(214) ParOldGen: 5019K(2796544K)->5019K(2796544K)
[123.040s][info][gc,metaspace   ] GC(214) Metaspace: 14844K(15104K)->14844K(15104K) NonClass: 12863K(12992K)->12863K(12992K) Class: 1981K(2112K)->1981K(2112K)
[123.040s][info][gc             ] GC(214) Pause Young (Allocation Failure) 1270M->30M(4046M) 13.488ms
[123.040s][info][gc,cpu         ] GC(214) User=0.00s Sys=0.00s Real=0.01s
[124.259s][info][gc,start       ] GC(215) Pause Young (Allocation Failure)
[124.271s][info][gc,heap        ] GC(215) PSYoungGen: 1322549K(1347072K)->26165K(1347072K) Eden: 1296384K(1296384K)->0K(1296384K) From: 26165K(50688K)->26165K(50688K)
[124.271s][info][gc,heap        ] GC(215) ParOldGen: 5019K(2796544K)->5059K(2796544K)
[124.271s][info][gc,metaspace   ] GC(215) Metaspace: 14844K(15104K)->14844K(15104K) NonClass: 12863K(12992K)->12863K(12992K) Class: 1981K(2112K)->1981K(2112K)
[124.271s][info][gc             ] GC(215) Pause Young (Allocation Failure) 1296M->30M(4046M) 11.506ms
[124.271s][info][gc,cpu         ] GC(215) User=0.00s Sys=0.00s Real=0.02s
[124.297s][info][gc,start       ] GC(216) Pause Young (System.gc())
[124.298s][info][gc,heap        ] GC(216) PSYoungGen: 103946K(1347072K)->96K(1347072K) Eden: 77781K(1296384K)->0K(1296384K) From: 26165K(50688K)->96K(50688K)
[124.298s][info][gc,heap        ] GC(216) ParOldGen: 5059K(2796544K)->5083K(2796544K)
[124.298s][info][gc,metaspace   ] GC(216) Metaspace: 14845K(15104K)->14845K(15104K) NonClass: 12864K(12992K)->12864K(12992K) Class: 1981K(2112K)->1981K(2112K)
[124.298s][info][gc             ] GC(216) Pause Young (System.gc()) 106M->5M(4046M) 0.455ms
[124.298s][info][gc,cpu         ] GC(216) User=0.00s Sys=0.00s Real=0.00s
[124.298s][info][gc,start       ] GC(217) Pause Full (System.gc())
[124.298s][info][gc,phases,start] GC(217) Marking Phase
[124.302s][info][gc,phases      ] GC(217) Marking Phase 4.593ms
[124.302s][info][gc,phases,start] GC(217) Summary Phase
[124.302s][info][gc,phases      ] GC(217) Summary Phase 0.010ms
[124.302s][info][gc,phases,start] GC(217) Adjust Roots
[124.305s][info][gc,phases      ] GC(217) Adjust Roots 2.641ms
[124.305s][info][gc,phases,start] GC(217) Compaction Phase
[124.307s][info][gc,phases      ] GC(217) Compaction Phase 1.556ms
[124.307s][info][gc,phases,start] GC(217) Post Compact
[124.307s][info][gc,phases      ] GC(217) Post Compact 0.430ms
[124.307s][info][gc,heap        ] GC(217) PSYoungGen: 96K(1347072K)->0K(1347072K) Eden: 0K(1296384K)->0K(1296384K) From: 96K(50688K)->0K(50688K)
[124.307s][info][gc,heap        ] GC(217) ParOldGen: 5083K(2796544K)->5019K(2796544K)
[124.307s][info][gc,metaspace   ] GC(217) Metaspace: 14845K(15104K)->14845K(15104K) NonClass: 12864K(12992K)->12864K(12992K) Class: 1981K(2112K)->1981K(2112K)
[124.307s][info][gc             ] GC(217) Pause Full (System.gc()) 5M->4M(4046M) 9.486ms
[124.307s][info][gc,cpu         ] GC(217) User=0.09s Sys=0.00s Real=0.01s
[125.510s][info][gc,start       ] GC(218) Pause Young (Allocation Failure)
[125.521s][info][gc,heap        ] GC(218) PSYoungGen: 1296384K(1347072K)->26197K(1347072K) Eden: 1296384K(1296384K)->0K(1296384K) From: 0K(50688K)->26197K(50688K)
[125.521s][info][gc,heap        ] GC(218) ParOldGen: 5019K(2796544K)->5027K(2796544K)
[125.521s][info][gc,metaspace   ] GC(218) Metaspace: 14849K(15104K)->14849K(15104K) NonClass: 12868K(12992K)->12868K(12992K) Class: 1981K(2112K)->1981K(2112K)
[125.522s][info][gc             ] GC(218) Pause Young (Allocation Failure) 1270M->30M(4046M) 11.280ms
[125.522s][info][gc,cpu         ] GC(218) User=0.00s Sys=0.00s Real=0.02s
[126.762s][info][gc,start       ] GC(219) Pause Young (Allocation Failure)
[126.775s][info][gc,heap        ] GC(219) PSYoungGen: 1322581K(1347072K)->26165K(1347072K) Eden: 1296384K(1296384K)->0K(1296384K) From: 26197K(50688K)->26165K(50688K)
[126.775s][info][gc,heap        ] GC(219) ParOldGen: 5027K(2796544K)->5051K(2796544K)
[126.775s][info][gc,metaspace   ] GC(219) Metaspace: 14849K(15104K)->14849K(15104K) NonClass: 12868K(12992K)->12868K(12992K) Class: 1981K(2112K)->1981K(2112K)
[126.775s][info][gc             ] GC(219) Pause Young (Allocation Failure) 1296M->30M(4046M) 12.783ms
[126.775s][info][gc,cpu         ] GC(219) User=0.03s Sys=0.00s Real=0.02s
[126.802s][info][gc,start       ] GC(220) Pause Young (System.gc())
[126.802s][info][gc,heap        ] GC(220) PSYoungGen: 103926K(1347072K)->96K(1347072K) Eden: 77760K(1296384K)->0K(1296384K) From: 26165K(50688K)->96K(50688K)
[126.802s][info][gc,heap        ] GC(220) ParOldGen: 5051K(2796544K)->5075K(2796544K)
[126.802s][info][gc,metaspace   ] GC(220) Metaspace: 14849K(15104K)->14849K(15104K) NonClass: 12868K(12992K)->12868K(12992K) Class: 1981K(2112K)->1981K(2112K)
[126.802s][info][gc             ] GC(220) Pause Young (System.gc()) 106M->5M(4046M) 0.351ms
[126.802s][info][gc,cpu         ] GC(220) User=0.00s Sys=0.00s Real=0.00s
[126.802s][info][gc,start       ] GC(221) Pause Full (System.gc())
[126.802s][info][gc,phases,start] GC(221) Marking Phase
[126.807s][info][gc,phases      ] GC(221) Marking Phase 4.386ms
[126.807s][info][gc,phases,start] GC(221) Summary Phase
[126.807s][info][gc,phases      ] GC(221) Summary Phase 0.010ms
[126.807s][info][gc,phases,start] GC(221) Adjust Roots
[126.810s][info][gc,phases      ] GC(221) Adjust Roots 3.436ms
[126.810s][info][gc,phases,start] GC(221) Compaction Phase
[126.813s][info][gc,phases      ] GC(221) Compaction Phase 2.379ms
[126.813s][info][gc,phases,start] GC(221) Post Compact
[126.813s][info][gc,phases      ] GC(221) Post Compact 0.431ms
[126.813s][info][gc,heap        ] GC(221) PSYoungGen: 96K(1347072K)->0K(1347072K) Eden: 0K(1296384K)->0K(1296384K) From: 96K(50688K)->0K(50688K)
[126.813s][info][gc,heap        ] GC(221) ParOldGen: 5075K(2796544K)->5019K(2796544K)
[126.813s][info][gc,metaspace   ] GC(221) Metaspace: 14849K(15104K)->14849K(15104K) NonClass: 12868K(12992K)->12868K(12992K) Class: 1981K(2112K)->1981K(2112K)
[126.813s][info][gc             ] GC(221) Pause Full (System.gc()) 5M->4M(4046M) 10.918ms
[126.813s][info][gc,cpu         ] GC(221) User=0.02s Sys=0.00s Real=0.01s
[128.031s][info][gc,start       ] GC(222) Pause Young (Allocation Failure)
[128.042s][info][gc,heap        ] GC(222) PSYoungGen: 1296384K(1347072K)->26133K(1347072K) Eden: 1296384K(1296384K)->0K(1296384K) From: 0K(50688K)->26133K(50688K)
[128.042s][info][gc,heap        ] GC(222) ParOldGen: 5019K(2796544K)->5019K(2796544K)
[128.042s][info][gc,metaspace   ] GC(222) Metaspace: 14849K(15104K)->14849K(15104K) NonClass: 12868K(12992K)->12868K(12992K) Class: 1981K(2112K)->1981K(2112K)
[128.042s][info][gc             ] GC(222) Pause Young (Allocation Failure) 1270M->30M(4046M) 11.383ms
[128.042s][info][gc,cpu         ] GC(222) User=0.09s Sys=0.00s Real=0.02s
[129.269s][info][gc,start       ] GC(223) Pause Young (Allocation Failure)
[129.280s][info][gc,heap        ] GC(223) PSYoungGen: 1322517K(1347072K)->26165K(1347072K) Eden: 1296384K(1296384K)->0K(1296384K) From: 26133K(50688K)->26165K(50688K)
[129.280s][info][gc,heap        ] GC(223) ParOldGen: 5019K(2796544K)->5043K(2796544K)
[129.280s][info][gc,metaspace   ] GC(223) Metaspace: 14849K(15104K)->14849K(15104K) NonClass: 12868K(12992K)->12868K(12992K) Class: 1981K(2112K)->1981K(2112K)
[129.280s][info][gc             ] GC(223) Pause Young (Allocation Failure) 1296M->30M(4046M) 11.287ms
[129.280s][info][gc,cpu         ] GC(223) User=0.09s Sys=0.00s Real=0.02s
[129.307s][info][gc,start       ] GC(224) Pause Young (System.gc())
[129.307s][info][gc,heap        ] GC(224) PSYoungGen: 103938K(1347072K)->64K(1347072K) Eden: 77772K(1296384K)->0K(1296384K) From: 26165K(50688K)->64K(50688K)
[129.307s][info][gc,heap        ] GC(224) ParOldGen: 5043K(2796544K)->5075K(2796544K)
[129.307s][info][gc,metaspace   ] GC(224) Metaspace: 14849K(15104K)->14849K(15104K) NonClass: 12868K(12992K)->12868K(12992K) Class: 1981K(2112K)->1981K(2112K)
[129.307s][info][gc             ] GC(224) Pause Young (System.gc()) 106M->5M(4046M) 0.318ms
[129.307s][info][gc,cpu         ] GC(224) User=0.00s Sys=0.00s Real=0.00s
[129.307s][info][gc,start       ] GC(225) Pause Full (System.gc())
[129.307s][info][gc,phases,start] GC(225) Marking Phase
[129.312s][info][gc,phases      ] GC(225) Marking Phase 4.608ms
[129.312s][info][gc,phases,start] GC(225) Summary Phase
[129.312s][info][gc,phases      ] GC(225) Summary Phase 0.010ms
[129.312s][info][gc,phases,start] GC(225) Adjust Roots
[129.315s][info][gc,phases      ] GC(225) Adjust Roots 2.697ms
[129.315s][info][gc,phases,start] GC(225) Compaction Phase
[129.316s][info][gc,phases      ] GC(225) Compaction Phase 1.851ms
[129.316s][info][gc,phases,start] GC(225) Post Compact
[129.317s][info][gc,phases      ] GC(225) Post Compact 0.500ms
[129.317s][info][gc,heap        ] GC(225) PSYoungGen: 64K(1347072K)->0K(1347072K) Eden: 0K(1296384K)->0K(1296384K) From: 64K(50688K)->0K(50688K)
[129.317s][info][gc,heap        ] GC(225) ParOldGen: 5075K(2796544K)->5019K(2796544K)
[129.317s][info][gc,metaspace   ] GC(225) Metaspace: 14849K(15104K)->14849K(15104K) NonClass: 12868K(12992K)->12868K(12992K) Class: 1981K(2112K)->1981K(2112K)
[129.317s][info][gc             ] GC(225) Pause Full (System.gc()) 5M->4M(4046M) 9.973ms
[129.317s][info][gc,cpu         ] GC(225) User=0.00s Sys=0.00s Real=0.01s
[130.530s][info][gc,start       ] GC(226) Pause Young (Allocation Failure)
[130.543s][info][gc,heap        ] GC(226) PSYoungGen: 1296384K(1347072K)->26197K(1347072K) Eden: 1296384K(1296384K)->0K(1296384K) From: 0K(50688K)->26197K(50688K)
[130.543s][info][gc,heap        ] GC(226) ParOldGen: 5019K(2796544K)->5019K(2796544K)
[130.543s][info][gc,metaspace   ] GC(226) Metaspace: 14849K(15104K)->14849K(15104K) NonClass: 12868K(12992K)->12868K(12992K) Class: 1981K(2112K)->1981K(2112K)
[130.543s][info][gc             ] GC(226) Pause Young (Allocation Failure) 1270M->30M(4046M) 13.349ms
[130.543s][info][gc,cpu         ] GC(226) User=0.06s Sys=0.00s Real=0.01s
[131.772s][info][gc,start       ] GC(227) Pause Young (Allocation Failure)
[131.783s][info][gc,heap        ] GC(227) PSYoungGen: 1322581K(1347072K)->26133K(1347072K) Eden: 1296384K(1296384K)->0K(1296384K) From: 26197K(50688K)->26133K(50688K)
[131.783s][info][gc,heap        ] GC(227) ParOldGen: 5019K(2796544K)->5043K(2796544K)
[131.783s][info][gc,metaspace   ] GC(227) Metaspace: 14849K(15104K)->14849K(15104K) NonClass: 12868K(12992K)->12868K(12992K) Class: 1981K(2112K)->1981K(2112K)
[131.783s][info][gc             ] GC(227) Pause Young (Allocation Failure) 1296M->30M(4046M) 11.340ms
[131.783s][info][gc,cpu         ] GC(227) User=0.09s Sys=0.00s Real=0.01s
[131.810s][info][gc,start       ] GC(228) Pause Young (System.gc())
[131.810s][info][gc,heap        ] GC(228) PSYoungGen: 103911K(1347072K)->128K(1347072K) Eden: 77777K(1296384K)->0K(1296384K) From: 26133K(50688K)->128K(50688K)
[131.810s][info][gc,heap        ] GC(228) ParOldGen: 5043K(2796544K)->5067K(2796544K)
[131.810s][info][gc,metaspace   ] GC(228) Metaspace: 14849K(15104K)->14849K(15104K) NonClass: 12868K(12992K)->12868K(12992K) Class: 1981K(2112K)->1981K(2112K)
[131.810s][info][gc             ] GC(228) Pause Young (System.gc()) 106M->5M(4046M) 0.469ms
[131.810s][info][gc,cpu         ] GC(228) User=0.00s Sys=0.00s Real=0.00s
[131.810s][info][gc,start       ] GC(229) Pause Full (System.gc())
[131.810s][info][gc,phases,start] GC(229) Marking Phase
[131.815s][info][gc,phases      ] GC(229) Marking Phase 4.626ms
[131.815s][info][gc,phases,start] GC(229) Summary Phase
[131.815s][info][gc,phases      ] GC(229) Summary Phase 0.009ms
[131.815s][info][gc,phases,start] GC(229) Adjust Roots
[131.817s][info][gc,phases      ] GC(229) Adjust Roots 2.238ms
[131.817s][info][gc,phases,start] GC(229) Compaction Phase
[131.820s][info][gc,phases      ] GC(229) Compaction Phase 2.319ms
[131.820s][info][gc,phases,start] GC(229) Post Compact
[131.820s][info][gc,phases      ] GC(229) Post Compact 0.425ms
[131.820s][info][gc,heap        ] GC(229) PSYoungGen: 128K(1347072K)->0K(1347072K) Eden: 0K(1296384K)->0K(1296384K) From: 128K(50688K)->0K(50688K)
[131.820s][info][gc,heap        ] GC(229) ParOldGen: 5067K(2796544K)->5019K(2796544K)
[131.820s][info][gc,metaspace   ] GC(229) Metaspace: 14849K(15104K)->14849K(15104K) NonClass: 12868K(12992K)->12868K(12992K) Class: 1981K(2112K)->1981K(2112K)
[131.820s][info][gc             ] GC(229) Pause Full (System.gc()) 5M->4M(4046M) 9.885ms
[131.820s][info][gc,cpu         ] GC(229) User=0.00s Sys=0.00s Real=0.00s
[133.037s][info][gc,start       ] GC(230) Pause Young (Allocation Failure)
[133.048s][info][gc,heap        ] GC(230) PSYoungGen: 1296384K(1347072K)->26165K(1347072K) Eden: 1296384K(1296384K)->0K(1296384K) From: 0K(50688K)->26165K(50688K)
[133.048s][info][gc,heap        ] GC(230) ParOldGen: 5019K(2796544K)->5019K(2796544K)
[133.048s][info][gc,metaspace   ] GC(230) Metaspace: 14849K(15104K)->14849K(15104K) NonClass: 12868K(12992K)->12868K(12992K) Class: 1981K(2112K)->1981K(2112K)
[133.048s][info][gc             ] GC(230) Pause Young (Allocation Failure) 1270M->30M(4046M) 10.928ms
[133.048s][info][gc,cpu         ] GC(230) User=0.09s Sys=0.00s Real=0.01s
[134.277s][info][gc,start       ] GC(231) Pause Young (Allocation Failure)
[134.288s][info][gc,heap        ] GC(231) PSYoungGen: 1322549K(1347072K)->26133K(1347072K) Eden: 1296384K(1296384K)->0K(1296384K) From: 26165K(50688K)->26133K(50688K)
[134.288s][info][gc,heap        ] GC(231) ParOldGen: 5019K(2796544K)->5051K(2796544K)
[134.288s][info][gc,metaspace   ] GC(231) Metaspace: 14849K(15104K)->14849K(15104K) NonClass: 12868K(12992K)->12868K(12992K) Class: 1981K(2112K)->1981K(2112K)
[134.288s][info][gc             ] GC(231) Pause Young (Allocation Failure) 1296M->30M(4046M) 11.260ms
[134.288s][info][gc,cpu         ] GC(231) User=0.00s Sys=0.00s Real=0.01s
[134.315s][info][gc,start       ] GC(232) Pause Young (System.gc())
[134.315s][info][gc,heap        ] GC(232) PSYoungGen: 103913K(1347072K)->128K(1347072K) Eden: 77779K(1296384K)->0K(1296384K) From: 26133K(50688K)->128K(50688K)
[134.315s][info][gc,heap        ] GC(232) ParOldGen: 5051K(2796544K)->5075K(2796544K)
[134.315s][info][gc,metaspace   ] GC(232) Metaspace: 14852K(15104K)->14852K(15104K) NonClass: 12870K(12992K)->12870K(12992K) Class: 1981K(2112K)->1981K(2112K)
[134.315s][info][gc             ] GC(232) Pause Young (System.gc()) 106M->5M(4046M) 0.348ms
[134.315s][info][gc,cpu         ] GC(232) User=0.00s Sys=0.00s Real=0.00s
[134.315s][info][gc,start       ] GC(233) Pause Full (System.gc())
[134.315s][info][gc,phases,start] GC(233) Marking Phase
[134.320s][info][gc,phases      ] GC(233) Marking Phase 4.285ms
[134.320s][info][gc,phases,start] GC(233) Summary Phase
[134.320s][info][gc,phases      ] GC(233) Summary Phase 0.009ms
[134.320s][info][gc,phases,start] GC(233) Adjust Roots
[134.322s][info][gc,phases      ] GC(233) Adjust Roots 2.265ms
[134.322s][info][gc,phases,start] GC(233) Compaction Phase
[134.325s][info][gc,phases      ] GC(233) Compaction Phase 3.026ms
[134.325s][info][gc,phases,start] GC(233) Post Compact
[134.326s][info][gc,phases      ] GC(233) Post Compact 0.593ms
[134.326s][info][gc,heap        ] GC(233) PSYoungGen: 128K(1347072K)->0K(1347072K) Eden: 0K(1296384K)->0K(1296384K) From: 128K(50688K)->0K(50688K)
[134.326s][info][gc,heap        ] GC(233) ParOldGen: 5075K(2796544K)->5019K(2796544K)
[134.326s][info][gc,metaspace   ] GC(233) Metaspace: 14852K(15104K)->14852K(15104K) NonClass: 12870K(12992K)->12870K(12992K) Class: 1981K(2112K)->1981K(2112K)
[134.326s][info][gc             ] GC(233) Pause Full (System.gc()) 5M->4M(4046M) 10.502ms
[134.326s][info][gc,cpu         ] GC(233) User=0.02s Sys=0.00s Real=0.01s
[135.539s][info][gc,start       ] GC(234) Pause Young (Allocation Failure)
[135.551s][info][gc,heap        ] GC(234) PSYoungGen: 1296384K(1347072K)->26168K(1347072K) Eden: 1296384K(1296384K)->0K(1296384K) From: 0K(50688K)->26168K(50688K)
[135.551s][info][gc,heap        ] GC(234) ParOldGen: 5019K(2796544K)->5019K(2796544K)
[135.551s][info][gc,metaspace   ] GC(234) Metaspace: 14852K(15104K)->14852K(15104K) NonClass: 12870K(12992K)->12870K(12992K) Class: 1981K(2112K)->1981K(2112K)
[135.551s][info][gc             ] GC(234) Pause Young (Allocation Failure) 1270M->30M(4046M) 11.527ms
[135.551s][info][gc,cpu         ] GC(234) User=0.06s Sys=0.00s Real=0.02s
[136.782s][info][gc,start       ] GC(235) Pause Young (Allocation Failure)
[136.795s][info][gc,heap        ] GC(235) PSYoungGen: 1322552K(1347072K)->26264K(1347072K) Eden: 1296384K(1296384K)->0K(1296384K) From: 26168K(50688K)->26264K(50688K)
[136.795s][info][gc,heap        ] GC(235) ParOldGen: 5019K(2796544K)->5051K(2796544K)
[136.795s][info][gc,metaspace   ] GC(235) Metaspace: 14852K(15104K)->14852K(15104K) NonClass: 12870K(12992K)->12870K(12992K) Class: 1981K(2112K)->1981K(2112K)
[136.795s][info][gc             ] GC(235) Pause Young (Allocation Failure) 1296M->30M(4046M) 13.496ms
[136.795s][info][gc,cpu         ] GC(235) User=0.06s Sys=0.00s Real=0.01s
[136.822s][info][gc,start       ] GC(236) Pause Young (System.gc())
[136.822s][info][gc,heap        ] GC(236) PSYoungGen: 104045K(1347072K)->96K(1347072K) Eden: 77780K(1296384K)->0K(1296384K) From: 26264K(50688K)->96K(50688K)
[136.822s][info][gc,heap        ] GC(236) ParOldGen: 5051K(2796544K)->5083K(2796544K)
[136.822s][info][gc,metaspace   ] GC(236) Metaspace: 14852K(15104K)->14852K(15104K) NonClass: 12870K(12992K)->12870K(12992K) Class: 1981K(2112K)->1981K(2112K)
[136.822s][info][gc             ] GC(236) Pause Young (System.gc()) 106M->5M(4046M) 0.435ms
[136.822s][info][gc,cpu         ] GC(236) User=0.00s Sys=0.00s Real=0.00s
[136.822s][info][gc,start       ] GC(237) Pause Full (System.gc())
[136.822s][info][gc,phases,start] GC(237) Marking Phase
[136.827s][info][gc,phases      ] GC(237) Marking Phase 4.361ms
[136.827s][info][gc,phases,start] GC(237) Summary Phase
[136.827s][info][gc,phases      ] GC(237) Summary Phase 0.010ms
[136.827s][info][gc,phases,start] GC(237) Adjust Roots
[136.829s][info][gc,phases      ] GC(237) Adjust Roots 2.689ms
[136.830s][info][gc,phases,start] GC(237) Compaction Phase
[136.832s][info][gc,phases      ] GC(237) Compaction Phase 2.205ms
[136.832s][info][gc,phases,start] GC(237) Post Compact
[136.832s][info][gc,phases      ] GC(237) Post Compact 0.491ms
[136.832s][info][gc,heap        ] GC(237) PSYoungGen: 96K(1347072K)->0K(1347072K) Eden: 0K(1296384K)->0K(1296384K) From: 96K(50688K)->0K(50688K)
[136.832s][info][gc,heap        ] GC(237) ParOldGen: 5083K(2796544K)->5019K(2796544K)
[136.832s][info][gc,metaspace   ] GC(237) Metaspace: 14852K(15104K)->14852K(15104K) NonClass: 12870K(12992K)->12870K(12992K) Class: 1981K(2112K)->1981K(2112K)
[136.832s][info][gc             ] GC(237) Pause Full (System.gc()) 5M->4M(4046M) 10.147ms
[136.832s][info][gc,cpu         ] GC(237) User=0.00s Sys=0.00s Real=0.02s
[138.049s][info][gc,start       ] GC(238) Pause Young (Allocation Failure)
[138.060s][info][gc,heap        ] GC(238) PSYoungGen: 1296384K(1347072K)->26133K(1347072K) Eden: 1296384K(1296384K)->0K(1296384K) From: 0K(50688K)->26133K(50688K)
[138.060s][info][gc,heap        ] GC(238) ParOldGen: 5019K(2796544K)->5019K(2796544K)
[138.060s][info][gc,metaspace   ] GC(238) Metaspace: 14852K(15104K)->14852K(15104K) NonClass: 12871K(12992K)->12871K(12992K) Class: 1981K(2112K)->1981K(2112K)
[138.060s][info][gc             ] GC(238) Pause Young (Allocation Failure) 1270M->30M(4046M) 11.051ms
[138.060s][info][gc,cpu         ] GC(238) User=0.09s Sys=0.00s Real=0.01s
[139.286s][info][gc,start       ] GC(239) Pause Young (Allocation Failure)
[139.297s][info][gc,heap        ] GC(239) PSYoungGen: 1322517K(1347072K)->26165K(1347072K) Eden: 1296384K(1296384K)->0K(1296384K) From: 26133K(50688K)->26165K(50688K)
[139.297s][info][gc,heap        ] GC(239) ParOldGen: 5019K(2796544K)->5043K(2796544K)
[139.297s][info][gc,metaspace   ] GC(239) Metaspace: 14852K(15104K)->14852K(15104K) NonClass: 12871K(12992K)->12871K(12992K) Class: 1981K(2112K)->1981K(2112K)
[139.297s][info][gc             ] GC(239) Pause Young (Allocation Failure) 1296M->30M(4046M) 10.912ms
[139.297s][info][gc,cpu         ] GC(239) User=0.09s Sys=0.00s Real=0.01s
[139.324s][info][gc,start       ] GC(240) Pause Young (System.gc())
[139.324s][info][gc,heap        ] GC(240) PSYoungGen: 103946K(1347072K)->128K(1347072K) Eden: 77781K(1296384K)->0K(1296384K) From: 26165K(50688K)->128K(50688K)
[139.324s][info][gc,heap        ] GC(240) ParOldGen: 5043K(2796544K)->5075K(2796544K)
[139.324s][info][gc,metaspace   ] GC(240) Metaspace: 14852K(15104K)->14852K(15104K) NonClass: 12871K(12992K)->12871K(12992K) Class: 1981K(2112K)->1981K(2112K)
[139.324s][info][gc             ] GC(240) Pause Young (System.gc()) 106M->5M(4046M) 0.392ms
[139.324s][info][gc,cpu         ] GC(240) User=0.00s Sys=0.00s Real=0.00s
[139.324s][info][gc,start       ] GC(241) Pause Full (System.gc())
[139.324s][info][gc,phases,start] GC(241) Marking Phase
[139.329s][info][gc,phases      ] GC(241) Marking Phase 4.580ms
[139.329s][info][gc,phases,start] GC(241) Summary Phase
[139.329s][info][gc,phases      ] GC(241) Summary Phase 0.010ms
[139.329s][info][gc,phases,start] GC(241) Adjust Roots
[139.332s][info][gc,phases      ] GC(241) Adjust Roots 2.490ms
[139.332s][info][gc,phases,start] GC(241) Compaction Phase
[139.333s][info][gc,phases      ] GC(241) Compaction Phase 1.824ms
[139.333s][info][gc,phases,start] GC(241) Post Compact
[139.334s][info][gc,phases      ] GC(241) Post Compact 0.419ms
[139.334s][info][gc,heap        ] GC(241) PSYoungGen: 128K(1347072K)->0K(1347072K) Eden: 0K(1296384K)->0K(1296384K) From: 128K(50688K)->0K(50688K)
[139.334s][info][gc,heap        ] GC(241) ParOldGen: 5075K(2796544K)->5019K(2796544K)
[139.334s][info][gc,metaspace   ] GC(241) Metaspace: 14852K(15104K)->14852K(15104K) NonClass: 12871K(12992K)->12871K(12992K) Class: 1981K(2112K)->1981K(2112K)
[139.334s][info][gc             ] GC(241) Pause Full (System.gc()) 5M->4M(4046M) 9.602ms
[139.334s][info][gc,cpu         ] GC(241) User=0.00s Sys=0.00s Real=0.02s
[140.549s][info][gc,start       ] GC(242) Pause Young (Allocation Failure)
[140.565s][info][gc,heap        ] GC(242) PSYoungGen: 1296384K(1347072K)->26168K(1347072K) Eden: 1296384K(1296384K)->0K(1296384K) From: 0K(50688K)->26168K(50688K)
[140.565s][info][gc,heap        ] GC(242) ParOldGen: 5019K(2796544K)->5019K(2796544K)
[140.565s][info][gc,metaspace   ] GC(242) Metaspace: 14852K(15104K)->14852K(15104K) NonClass: 12871K(12992K)->12871K(12992K) Class: 1981K(2112K)->1981K(2112K)
[140.565s][info][gc             ] GC(242) Pause Young (Allocation Failure) 1270M->30M(4046M) 15.867ms
[140.565s][info][gc,cpu         ] GC(242) User=0.05s Sys=0.00s Real=0.00s
[141.790s][info][gc,start       ] GC(243) Pause Young (Allocation Failure)
[141.803s][info][gc,heap        ] GC(243) PSYoungGen: 1322552K(1347072K)->26197K(1347072K) Eden: 1296384K(1296384K)->0K(1296384K) From: 26168K(50688K)->26197K(50688K)
[141.803s][info][gc,heap        ] GC(243) ParOldGen: 5019K(2796544K)->5043K(2796544K)
[141.803s][info][gc,metaspace   ] GC(243) Metaspace: 14852K(15104K)->14852K(15104K) NonClass: 12871K(12992K)->12871K(12992K) Class: 1981K(2112K)->1981K(2112K)
[141.803s][info][gc             ] GC(243) Pause Young (Allocation Failure) 1296M->30M(4046M) 12.780ms
[141.803s][info][gc,cpu         ] GC(243) User=0.06s Sys=0.00s Real=0.02s
[141.829s][info][gc,start       ] GC(244) Pause Young (System.gc())
[141.829s][info][gc,heap        ] GC(244) PSYoungGen: 103978K(1347072K)->96K(1347072K) Eden: 77781K(1296384K)->0K(1296384K) From: 26197K(50688K)->96K(50688K)
[141.829s][info][gc,heap        ] GC(244) ParOldGen: 5043K(2796544K)->5067K(2796544K)
[141.829s][info][gc,metaspace   ] GC(244) Metaspace: 14853K(15104K)->14853K(15104K) NonClass: 12872K(12992K)->12872K(12992K) Class: 1981K(2112K)->1981K(2112K)
[141.829s][info][gc             ] GC(244) Pause Young (System.gc()) 106M->5M(4046M) 0.382ms
[141.829s][info][gc,cpu         ] GC(244) User=0.00s Sys=0.00s Real=0.00s
[141.830s][info][gc,start       ] GC(245) Pause Full (System.gc())
[141.830s][info][gc,phases,start] GC(245) Marking Phase
[141.834s][info][gc,phases      ] GC(245) Marking Phase 4.504ms
[141.834s][info][gc,phases,start] GC(245) Summary Phase
[141.834s][info][gc,phases      ] GC(245) Summary Phase 0.010ms
[141.834s][info][gc,phases,start] GC(245) Adjust Roots
[141.837s][info][gc,phases      ] GC(245) Adjust Roots 2.599ms
[141.837s][info][gc,phases,start] GC(245) Compaction Phase
[141.839s][info][gc,phases      ] GC(245) Compaction Phase 1.748ms
[141.839s][info][gc,phases,start] GC(245) Post Compact
[141.839s][info][gc,phases      ] GC(245) Post Compact 0.449ms
[141.839s][info][gc,heap        ] GC(245) PSYoungGen: 96K(1347072K)->0K(1347072K) Eden: 0K(1296384K)->0K(1296384K) From: 96K(50688K)->0K(50688K)
[141.839s][info][gc,heap        ] GC(245) ParOldGen: 5067K(2796544K)->5019K(2796544K)
[141.839s][info][gc,metaspace   ] GC(245) Metaspace: 14853K(15104K)->14853K(15104K) NonClass: 12872K(12992K)->12872K(12992K) Class: 1981K(2112K)->1981K(2112K)
[141.839s][info][gc             ] GC(245) Pause Full (System.gc()) 5M->4M(4046M) 9.615ms
[141.839s][info][gc,cpu         ] GC(245) User=0.02s Sys=0.00s Real=0.02s
[143.053s][info][gc,start       ] GC(246) Pause Young (Allocation Failure)
[143.066s][info][gc,heap        ] GC(246) PSYoungGen: 1296384K(1347072K)->26200K(1347072K) Eden: 1296384K(1296384K)->0K(1296384K) From: 0K(50688K)->26200K(50688K)
[143.066s][info][gc,heap        ] GC(246) ParOldGen: 5019K(2796544K)->5019K(2796544K)
[143.066s][info][gc,metaspace   ] GC(246) Metaspace: 14855K(15104K)->14855K(15104K) NonClass: 12874K(12992K)->12874K(12992K) Class: 1981K(2112K)->1981K(2112K)
[143.066s][info][gc             ] GC(246) Pause Young (Allocation Failure) 1270M->30M(4046M) 13.337ms
[143.066s][info][gc,cpu         ] GC(246) User=0.06s Sys=0.00s Real=0.01s
[144.294s][info][gc,start       ] GC(247) Pause Young (Allocation Failure)
[144.306s][info][gc,heap        ] GC(247) PSYoungGen: 1322584K(1347072K)->26200K(1347072K) Eden: 1296384K(1296384K)->0K(1296384K) From: 26200K(50688K)->26200K(50688K)
[144.306s][info][gc,heap        ] GC(247) ParOldGen: 5019K(2796544K)->5043K(2796544K)
[144.306s][info][gc,metaspace   ] GC(247) Metaspace: 14855K(15104K)->14855K(15104K) NonClass: 12874K(12992K)->12874K(12992K) Class: 1981K(2112K)->1981K(2112K)
[144.306s][info][gc             ] GC(247) Pause Young (Allocation Failure) 1296M->30M(4046M) 12.450ms
[144.306s][info][gc,cpu         ] GC(247) User=0.09s Sys=0.00s Real=0.02s
[144.333s][info][gc,start       ] GC(248) Pause Young (System.gc())
[144.333s][info][gc,heap        ] GC(248) PSYoungGen: 103981K(1347072K)->96K(1347072K) Eden: 77781K(1296384K)->0K(1296384K) From: 26200K(50688K)->96K(50688K)
[144.333s][info][gc,heap        ] GC(248) ParOldGen: 5043K(2796544K)->5075K(2796544K)
[144.333s][info][gc,metaspace   ] GC(248) Metaspace: 14857K(15104K)->14857K(15104K) NonClass: 12875K(12992K)->12875K(12992K) Class: 1981K(2112K)->1981K(2112K)
[144.333s][info][gc             ] GC(248) Pause Young (System.gc()) 106M->5M(4046M) 0.309ms
[144.333s][info][gc,cpu         ] GC(248) User=0.00s Sys=0.00s Real=0.00s
[144.333s][info][gc,start       ] GC(249) Pause Full (System.gc())
[144.333s][info][gc,phases,start] GC(249) Marking Phase
[144.338s][info][gc,phases      ] GC(249) Marking Phase 4.579ms
[144.338s][info][gc,phases,start] GC(249) Summary Phase
[144.338s][info][gc,phases      ] GC(249) Summary Phase 0.009ms
[144.338s][info][gc,phases,start] GC(249) Adjust Roots
[144.341s][info][gc,phases      ] GC(249) Adjust Roots 2.941ms
[144.341s][info][gc,phases,start] GC(249) Compaction Phase
[144.344s][info][gc,phases      ] GC(249) Compaction Phase 2.598ms
[144.344s][info][gc,phases,start] GC(249) Post Compact
[144.344s][info][gc,phases      ] GC(249) Post Compact 0.491ms
[144.344s][info][gc,heap        ] GC(249) PSYoungGen: 96K(1347072K)->0K(1347072K) Eden: 0K(1296384K)->0K(1296384K) From: 96K(50688K)->0K(50688K)
[144.344s][info][gc,heap        ] GC(249) ParOldGen: 5075K(2796544K)->5019K(2796544K)
[144.344s][info][gc,metaspace   ] GC(249) Metaspace: 14857K(15104K)->14857K(15104K) NonClass: 12875K(12992K)->12875K(12992K) Class: 1981K(2112K)->1981K(2112K)
[144.344s][info][gc             ] GC(249) Pause Full (System.gc()) 5M->4M(4046M) 10.875ms
[144.344s][info][gc,cpu         ] GC(249) User=0.02s Sys=0.00s Real=0.01s
[145.562s][info][gc,start       ] GC(250) Pause Young (Allocation Failure)
[145.574s][info][gc,heap        ] GC(250) PSYoungGen: 1296384K(1347072K)->26168K(1347072K) Eden: 1296384K(1296384K)->0K(1296384K) From: 0K(50688K)->26168K(50688K)
[145.574s][info][gc,heap        ] GC(250) ParOldGen: 5019K(2796544K)->5019K(2796544K)
[145.574s][info][gc,metaspace   ] GC(250) Metaspace: 14857K(15104K)->14857K(15104K) NonClass: 12876K(12992K)->12876K(12992K) Class: 1981K(2112K)->1981K(2112K)
[145.574s][info][gc             ] GC(250) Pause Young (Allocation Failure) 1270M->30M(4046M) 11.888ms
[145.574s][info][gc,cpu         ] GC(250) User=0.09s Sys=0.00s Real=0.02s
[146.801s][info][gc,start       ] GC(251) Pause Young (Allocation Failure)
[146.812s][info][gc,heap        ] GC(251) PSYoungGen: 1322552K(1347072K)->26133K(1347072K) Eden: 1296384K(1296384K)->0K(1296384K) From: 26168K(50688K)->26133K(50688K)
[146.812s][info][gc,heap        ] GC(251) ParOldGen: 5019K(2796544K)->5059K(2796544K)
[146.812s][info][gc,metaspace   ] GC(251) Metaspace: 14857K(15104K)->14857K(15104K) NonClass: 12876K(12992K)->12876K(12992K) Class: 1981K(2112K)->1981K(2112K)
[146.812s][info][gc             ] GC(251) Pause Young (Allocation Failure) 1296M->30M(4046M) 11.338ms
[146.812s][info][gc,cpu         ] GC(251) User=0.09s Sys=0.00s Real=0.02s
[146.838s][info][gc,start       ] GC(252) Pause Young (System.gc())
[146.838s][info][gc,heap        ] GC(252) PSYoungGen: 103914K(1347072K)->128K(1347072K) Eden: 77781K(1296384K)->0K(1296384K) From: 26133K(50688K)->128K(50688K)
[146.838s][info][gc,heap        ] GC(252) ParOldGen: 5059K(2796544K)->5091K(2796544K)
[146.838s][info][gc,metaspace   ] GC(252) Metaspace: 14860K(15104K)->14860K(15104K) NonClass: 12879K(12992K)->12879K(12992K) Class: 1981K(2112K)->1981K(2112K)
[146.838s][info][gc             ] GC(252) Pause Young (System.gc()) 106M->5M(4046M) 0.273ms
[146.838s][info][gc,cpu         ] GC(252) User=0.00s Sys=0.00s Real=0.00s
[146.838s][info][gc,start       ] GC(253) Pause Full (System.gc())
[146.838s][info][gc,phases,start] GC(253) Marking Phase
[146.843s][info][gc,phases      ] GC(253) Marking Phase 4.188ms
[146.843s][info][gc,phases,start] GC(253) Summary Phase
[146.843s][info][gc,phases      ] GC(253) Summary Phase 0.010ms
[146.843s][info][gc,phases,start] GC(253) Adjust Roots
[146.846s][info][gc,phases      ] GC(253) Adjust Roots 3.105ms
[146.846s][info][gc,phases,start] GC(253) Compaction Phase
[146.848s][info][gc,phases      ] GC(253) Compaction Phase 2.635ms
[146.848s][info][gc,phases,start] GC(253) Post Compact
[146.849s][info][gc,phases      ] GC(253) Post Compact 0.496ms
[146.849s][info][gc,heap        ] GC(253) PSYoungGen: 128K(1347072K)->0K(1347072K) Eden: 0K(1296384K)->0K(1296384K) From: 128K(50688K)->0K(50688K)
[146.849s][info][gc,heap        ] GC(253) ParOldGen: 5091K(2796544K)->5019K(2796544K)
[146.849s][info][gc,metaspace   ] GC(253) Metaspace: 14860K(15104K)->14860K(15104K) NonClass: 12879K(12992K)->12879K(12992K) Class: 1981K(2112K)->1981K(2112K)
[146.849s][info][gc             ] GC(253) Pause Full (System.gc()) 5M->4M(4046M) 10.684ms
[146.849s][info][gc,cpu         ] GC(253) User=0.00s Sys=0.00s Real=0.01s
[148.063s][info][gc,start       ] GC(254) Pause Young (Allocation Failure)
[148.075s][info][gc,heap        ] GC(254) PSYoungGen: 1296384K(1347072K)->26200K(1347072K) Eden: 1296384K(1296384K)->0K(1296384K) From: 0K(50688K)->26200K(50688K)
[148.075s][info][gc,heap        ] GC(254) ParOldGen: 5019K(2796544K)->5019K(2796544K)
[148.075s][info][gc,metaspace   ] GC(254) Metaspace: 14861K(15104K)->14861K(15104K) NonClass: 12879K(12992K)->12879K(12992K) Class: 1981K(2112K)->1981K(2112K)
[148.075s][info][gc             ] GC(254) Pause Young (Allocation Failure) 1270M->30M(4046M) 12.071ms
[148.075s][info][gc,cpu         ] GC(254) User=0.09s Sys=0.00s Real=0.01s
[149.301s][info][gc,start       ] GC(255) Pause Young (Allocation Failure)
[149.313s][info][gc,heap        ] GC(255) PSYoungGen: 1322584K(1347072K)->26165K(1347072K) Eden: 1296384K(1296384K)->0K(1296384K) From: 26200K(50688K)->26165K(50688K)
[149.313s][info][gc,heap        ] GC(255) ParOldGen: 5019K(2796544K)->5059K(2796544K)
[149.313s][info][gc,metaspace   ] GC(255) Metaspace: 14864K(15104K)->14864K(15104K) NonClass: 12882K(12992K)->12882K(12992K) Class: 1981K(2112K)->1981K(2112K)
[149.313s][info][gc             ] GC(255) Pause Young (Allocation Failure) 1296M->30M(4046M) 11.867ms
[149.313s][info][gc,cpu         ] GC(255) User=0.09s Sys=0.00s Real=0.02s
[149.339s][info][gc,start       ] GC(256) Pause Young (System.gc())
[149.340s][info][gc,heap        ] GC(256) PSYoungGen: 104924K(1347072K)->160K(1347072K) Eden: 78759K(1296384K)->0K(1296384K) From: 26165K(50688K)->160K(50688K)
[149.340s][info][gc,heap        ] GC(256) ParOldGen: 5059K(2796544K)->5083K(2796544K)
[149.340s][info][gc,metaspace   ] GC(256) Metaspace: 14873K(15104K)->14873K(15104K) NonClass: 12891K(12992K)->12891K(12992K) Class: 1981K(2112K)->1981K(2112K)
[149.340s][info][gc             ] GC(256) Pause Young (System.gc()) 107M->5M(4046M) 0.392ms
[149.340s][info][gc,cpu         ] GC(256) User=0.00s Sys=0.00s Real=0.00s
[149.340s][info][gc,start       ] GC(257) Pause Full (System.gc())
[149.340s][info][gc,phases,start] GC(257) Marking Phase
[149.344s][info][gc,phases      ] GC(257) Marking Phase 4.495ms
[149.344s][info][gc,phases,start] GC(257) Summary Phase
[149.344s][info][gc,phases      ] GC(257) Summary Phase 0.009ms
[149.344s][info][gc,phases,start] GC(257) Adjust Roots
[149.347s][info][gc,phases      ] GC(257) Adjust Roots 2.233ms
[149.347s][info][gc,phases,start] GC(257) Compaction Phase
[149.349s][info][gc,phases      ] GC(257) Compaction Phase 2.601ms
[149.349s][info][gc,phases,start] GC(257) Post Compact
[149.350s][info][gc,phases      ] GC(257) Post Compact 0.468ms
[149.350s][info][gc,heap        ] GC(257) PSYoungGen: 160K(1347072K)->0K(1347072K) Eden: 0K(1296384K)->0K(1296384K) From: 160K(50688K)->0K(50688K)
[149.350s][info][gc,heap        ] GC(257) ParOldGen: 5083K(2796544K)->5019K(2796544K)
[149.350s][info][gc,metaspace   ] GC(257) Metaspace: 14873K(15104K)->14873K(15104K) NonClass: 12891K(12992K)->12891K(12992K) Class: 1981K(2112K)->1981K(2112K)
[149.350s][info][gc             ] GC(257) Pause Full (System.gc()) 5M->4M(4046M) 10.090ms
[149.350s][info][gc,cpu         ] GC(257) User=0.00s Sys=0.00s Real=0.00s
[150.564s][info][gc,start       ] GC(258) Pause Young (Allocation Failure)
[150.575s][info][gc,heap        ] GC(258) PSYoungGen: 1296384K(1347072K)->26165K(1347072K) Eden: 1296384K(1296384K)->0K(1296384K) From: 0K(50688K)->26165K(50688K)
[150.575s][info][gc,heap        ] GC(258) ParOldGen: 5019K(2796544K)->5019K(2796544K)
[150.575s][info][gc,metaspace   ] GC(258) Metaspace: 14881K(15104K)->14881K(15104K) NonClass: 12899K(12992K)->12899K(12992K) Class: 1981K(2112K)->1981K(2112K)
[150.575s][info][gc             ] GC(258) Pause Young (Allocation Failure) 1270M->30M(4046M) 11.319ms
[150.575s][info][gc,cpu         ] GC(258) User=0.09s Sys=0.00s Real=0.02s
[151.807s][info][gc,start       ] GC(259) Pause Young (Allocation Failure)
[151.818s][info][gc,heap        ] GC(259) PSYoungGen: 1322549K(1347072K)->26165K(1347072K) Eden: 1296384K(1296384K)->0K(1296384K) From: 26165K(50688K)->26165K(50688K)
[151.818s][info][gc,heap        ] GC(259) ParOldGen: 5019K(2796544K)->5051K(2796544K)
[151.818s][info][gc,metaspace   ] GC(259) Metaspace: 14881K(15104K)->14881K(15104K) NonClass: 12899K(12992K)->12899K(12992K) Class: 1981K(2112K)->1981K(2112K)
[151.818s][info][gc             ] GC(259) Pause Young (Allocation Failure) 1296M->30M(4046M) 11.097ms
[151.818s][info][gc,cpu         ] GC(259) User=0.00s Sys=0.00s Real=0.01s
[151.845s][info][gc,start       ] GC(260) Pause Young (System.gc())
[151.845s][info][gc,heap        ] GC(260) PSYoungGen: 103946K(1347072K)->128K(1347072K) Eden: 77781K(1296384K)->0K(1296384K) From: 26165K(50688K)->128K(50688K)
[151.845s][info][gc,heap        ] GC(260) ParOldGen: 5051K(2796544K)->5083K(2796544K)
[151.845s][info][gc,metaspace   ] GC(260) Metaspace: 14881K(15104K)->14881K(15104K) NonClass: 12899K(12992K)->12899K(12992K) Class: 1981K(2112K)->1981K(2112K)
[151.845s][info][gc             ] GC(260) Pause Young (System.gc()) 106M->5M(4046M) 0.301ms
[151.845s][info][gc,cpu         ] GC(260) User=0.00s Sys=0.00s Real=0.00s
[151.845s][info][gc,start       ] GC(261) Pause Full (System.gc())
[151.845s][info][gc,phases,start] GC(261) Marking Phase
[151.850s][info][gc,phases      ] GC(261) Marking Phase 4.693ms
[151.850s][info][gc,phases,start] GC(261) Summary Phase
[151.850s][info][gc,phases      ] GC(261) Summary Phase 0.009ms
[151.850s][info][gc,phases,start] GC(261) Adjust Roots
[151.852s][info][gc,phases      ] GC(261) Adjust Roots 2.153ms
[151.852s][info][gc,phases,start] GC(261) Compaction Phase
[151.854s][info][gc,phases      ] GC(261) Compaction Phase 1.660ms
[151.854s][info][gc,phases,start] GC(261) Post Compact
[151.855s][info][gc,phases      ] GC(261) Post Compact 0.492ms
[151.855s][info][gc,heap        ] GC(261) PSYoungGen: 128K(1347072K)->0K(1347072K) Eden: 0K(1296384K)->0K(1296384K) From: 128K(50688K)->0K(50688K)
[151.855s][info][gc,heap        ] GC(261) ParOldGen: 5083K(2796544K)->5020K(2796544K)
[151.855s][info][gc,metaspace   ] GC(261) Metaspace: 14881K(15104K)->14881K(15104K) NonClass: 12899K(12992K)->12899K(12992K) Class: 1981K(2112K)->1981K(2112K)
[151.855s][info][gc             ] GC(261) Pause Full (System.gc()) 5M->4M(4046M) 9.324ms
[151.855s][info][gc,cpu         ] GC(261) User=0.02s Sys=0.00s Real=0.02s
[153.069s][info][gc,start       ] GC(262) Pause Young (Allocation Failure)
[153.082s][info][gc,heap        ] GC(262) PSYoungGen: 1296384K(1347072K)->26215K(1347072K) Eden: 1296384K(1296384K)->0K(1296384K) From: 0K(50688K)->26215K(50688K)
[153.082s][info][gc,heap        ] GC(262) ParOldGen: 5020K(2796544K)->5020K(2796544K)
[153.082s][info][gc,metaspace   ] GC(262) Metaspace: 14881K(15104K)->14881K(15104K) NonClass: 12899K(12992K)->12899K(12992K) Class: 1981K(2112K)->1981K(2112K)
[153.082s][info][gc             ] GC(262) Pause Young (Allocation Failure) 1270M->30M(4046M) 13.504ms
[153.082s][info][gc,cpu         ] GC(262) User=0.06s Sys=0.00s Real=0.01s
[154.309s][info][gc,start       ] GC(263) Pause Young (Allocation Failure)
[154.322s][info][gc,heap        ] GC(263) PSYoungGen: 1322599K(1347072K)->26165K(1347072K) Eden: 1296384K(1296384K)->0K(1296384K) From: 26215K(50688K)->26165K(50688K)
[154.322s][info][gc,heap        ] GC(263) ParOldGen: 5020K(2796544K)->5044K(2796544K)
[154.322s][info][gc,metaspace   ] GC(263) Metaspace: 14881K(15104K)->14881K(15104K) NonClass: 12899K(12992K)->12899K(12992K) Class: 1981K(2112K)->1981K(2112K)
[154.322s][info][gc             ] GC(263) Pause Young (Allocation Failure) 1296M->30M(4046M) 12.601ms
[154.322s][info][gc,cpu         ] GC(263) User=0.09s Sys=0.00s Real=0.02s
[154.348s][info][gc,start       ] GC(264) Pause Young (System.gc())
[154.349s][info][gc,heap        ] GC(264) PSYoungGen: 103946K(1347072K)->96K(1347072K) Eden: 77781K(1296384K)->0K(1296384K) From: 26165K(50688K)->96K(50688K)
[154.349s][info][gc,heap        ] GC(264) ParOldGen: 5044K(2796544K)->5076K(2796544K)
[154.349s][info][gc,metaspace   ] GC(264) Metaspace: 14881K(15104K)->14881K(15104K) NonClass: 12899K(12992K)->12899K(12992K) Class: 1981K(2112K)->1981K(2112K)
[154.349s][info][gc             ] GC(264) Pause Young (System.gc()) 106M->5M(4046M) 0.353ms
[154.349s][info][gc,cpu         ] GC(264) User=0.00s Sys=0.00s Real=0.00s
[154.349s][info][gc,start       ] GC(265) Pause Full (System.gc())
[154.349s][info][gc,phases,start] GC(265) Marking Phase
[154.353s][info][gc,phases      ] GC(265) Marking Phase 4.708ms
[154.353s][info][gc,phases,start] GC(265) Summary Phase
[154.353s][info][gc,phases      ] GC(265) Summary Phase 0.009ms
[154.353s][info][gc,phases,start] GC(265) Adjust Roots
[154.356s][info][gc,phases      ] GC(265) Adjust Roots 2.575ms
[154.356s][info][gc,phases,start] GC(265) Compaction Phase
[154.358s][info][gc,phases      ] GC(265) Compaction Phase 2.289ms
[154.358s][info][gc,phases,start] GC(265) Post Compact
[154.359s][info][gc,phases      ] GC(265) Post Compact 0.434ms
[154.359s][info][gc,heap        ] GC(265) PSYoungGen: 96K(1347072K)->0K(1347072K) Eden: 0K(1296384K)->0K(1296384K) From: 96K(50688K)->0K(50688K)
[154.359s][info][gc,heap        ] GC(265) ParOldGen: 5076K(2796544K)->5020K(2796544K)
[154.359s][info][gc,metaspace   ] GC(265) Metaspace: 14881K(15104K)->14881K(15104K) NonClass: 12899K(12992K)->12899K(12992K) Class: 1981K(2112K)->1981K(2112K)
[154.359s][info][gc             ] GC(265) Pause Full (System.gc()) 5M->4M(4046M) 10.280ms
[154.359s][info][gc,cpu         ] GC(265) User=0.02s Sys=0.00s Real=0.02s
[155.571s][info][gc,start       ] GC(266) Pause Young (Allocation Failure)
[155.583s][info][gc,heap        ] GC(266) PSYoungGen: 1296384K(1347072K)->26215K(1347072K) Eden: 1296384K(1296384K)->0K(1296384K) From: 0K(50688K)->26215K(50688K)
[155.583s][info][gc,heap        ] GC(266) ParOldGen: 5020K(2796544K)->5020K(2796544K)
[155.583s][info][gc,metaspace   ] GC(266) Metaspace: 14881K(15104K)->14881K(15104K) NonClass: 12899K(12992K)->12899K(12992K) Class: 1981K(2112K)->1981K(2112K)
[155.583s][info][gc             ] GC(266) Pause Young (Allocation Failure) 1270M->30M(4046M) 11.461ms
[155.583s][info][gc,cpu         ] GC(266) User=0.00s Sys=0.00s Real=0.02s
[156.812s][info][gc,start       ] GC(267) Pause Young (Allocation Failure)
[156.824s][info][gc,heap        ] GC(267) PSYoungGen: 1322599K(1347072K)->26133K(1347072K) Eden: 1296384K(1296384K)->0K(1296384K) From: 26215K(50688K)->26133K(50688K)
[156.824s][info][gc,heap        ] GC(267) ParOldGen: 5020K(2796544K)->5060K(2796544K)
[156.824s][info][gc,metaspace   ] GC(267) Metaspace: 14881K(15104K)->14881K(15104K) NonClass: 12899K(12992K)->12899K(12992K) Class: 1981K(2112K)->1981K(2112K)
[156.824s][info][gc             ] GC(267) Pause Young (Allocation Failure) 1296M->30M(4046M) 12.924ms
[156.824s][info][gc,cpu         ] GC(267) User=0.06s Sys=0.00s Real=0.02s
[156.851s][info][gc,start       ] GC(268) Pause Young (System.gc())
[156.851s][info][gc,heap        ] GC(268) PSYoungGen: 103914K(1347072K)->128K(1347072K) Eden: 77781K(1296384K)->0K(1296384K) From: 26133K(50688K)->128K(50688K)
[156.851s][info][gc,heap        ] GC(268) ParOldGen: 5060K(2796544K)->5092K(2796544K)
[156.851s][info][gc,metaspace   ] GC(268) Metaspace: 14881K(15104K)->14881K(15104K) NonClass: 12900K(12992K)->12900K(12992K) Class: 1981K(2112K)->1981K(2112K)
[156.851s][info][gc             ] GC(268) Pause Young (System.gc()) 106M->5M(4046M) 0.429ms
[156.851s][info][gc,cpu         ] GC(268) User=0.00s Sys=0.00s Real=0.00s
[156.851s][info][gc,start       ] GC(269) Pause Full (System.gc())
[156.851s][info][gc,phases,start] GC(269) Marking Phase
[156.856s][info][gc,phases      ] GC(269) Marking Phase 4.620ms
[156.856s][info][gc,phases,start] GC(269) Summary Phase
[156.856s][info][gc,phases      ] GC(269) Summary Phase 0.009ms
[156.856s][info][gc,phases,start] GC(269) Adjust Roots
[156.858s][info][gc,phases      ] GC(269) Adjust Roots 2.443ms
[156.858s][info][gc,phases,start] GC(269) Compaction Phase
[156.860s][info][gc,phases      ] GC(269) Compaction Phase 2.113ms
[156.860s][info][gc,phases,start] GC(269) Post Compact
[156.861s][info][gc,phases      ] GC(269) Post Compact 0.535ms
[156.861s][info][gc,heap        ] GC(269) PSYoungGen: 128K(1347072K)->0K(1347072K) Eden: 0K(1296384K)->0K(1296384K) From: 128K(50688K)->0K(50688K)
[156.861s][info][gc,heap        ] GC(269) ParOldGen: 5092K(2796544K)->5020K(2796544K)
[156.861s][info][gc,metaspace   ] GC(269) Metaspace: 14881K(15104K)->14881K(15104K) NonClass: 12900K(12992K)->12900K(12992K) Class: 1981K(2112K)->1981K(2112K)
[156.861s][info][gc             ] GC(269) Pause Full (System.gc()) 5M->4M(4046M) 10.008ms
[156.861s][info][gc,cpu         ] GC(269) User=0.09s Sys=0.00s Real=0.02s
[158.077s][info][gc,start       ] GC(270) Pause Young (Allocation Failure)
[158.090s][info][gc,heap        ] GC(270) PSYoungGen: 1296384K(1347072K)->26200K(1347072K) Eden: 1296384K(1296384K)->0K(1296384K) From: 0K(50688K)->26200K(50688K)
[158.090s][info][gc,heap        ] GC(270) ParOldGen: 5020K(2796544K)->5020K(2796544K)
[158.090s][info][gc,metaspace   ] GC(270) Metaspace: 14881K(15104K)->14881K(15104K) NonClass: 12900K(12992K)->12900K(12992K) Class: 1981K(2112K)->1981K(2112K)
[158.090s][info][gc             ] GC(270) Pause Young (Allocation Failure) 1270M->30M(4046M) 13.747ms
[158.090s][info][gc,cpu         ] GC(270) User=0.06s Sys=0.00s Real=0.01s
[159.319s][info][gc,start       ] GC(271) Pause Young (Allocation Failure)
[159.330s][info][gc,heap        ] GC(271) PSYoungGen: 1322584K(1347072K)->26165K(1347072K) Eden: 1296384K(1296384K)->0K(1296384K) From: 26200K(50688K)->26165K(50688K)
[159.330s][info][gc,heap        ] GC(271) ParOldGen: 5020K(2796544K)->5052K(2796544K)
[159.330s][info][gc,metaspace   ] GC(271) Metaspace: 14881K(15104K)->14881K(15104K) NonClass: 12900K(12992K)->12900K(12992K) Class: 1981K(2112K)->1981K(2112K)
[159.330s][info][gc             ] GC(271) Pause Young (Allocation Failure) 1296M->30M(4046M) 11.441ms
[159.330s][info][gc,cpu         ] GC(271) User=0.09s Sys=0.00s Real=0.02s
[159.356s][info][gc,start       ] GC(272) Pause Young (System.gc())
[159.357s][info][gc,heap        ] GC(272) PSYoungGen: 103946K(1347072K)->128K(1347072K) Eden: 77781K(1296384K)->0K(1296384K) From: 26165K(50688K)->128K(50688K)
[159.357s][info][gc,heap        ] GC(272) ParOldGen: 5052K(2796544K)->5084K(2796544K)
[159.357s][info][gc,metaspace   ] GC(272) Metaspace: 14881K(15104K)->14881K(15104K) NonClass: 12900K(12992K)->12900K(12992K) Class: 1981K(2112K)->1981K(2112K)
[159.357s][info][gc             ] GC(272) Pause Young (System.gc()) 106M->5M(4046M) 0.322ms
[159.357s][info][gc,cpu         ] GC(272) User=0.00s Sys=0.00s Real=0.00s
[159.357s][info][gc,start       ] GC(273) Pause Full (System.gc())
[159.357s][info][gc,phases,start] GC(273) Marking Phase
[159.362s][info][gc,phases      ] GC(273) Marking Phase 4.862ms
[159.362s][info][gc,phases,start] GC(273) Summary Phase
[159.362s][info][gc,phases      ] GC(273) Summary Phase 0.010ms
[159.362s][info][gc,phases,start] GC(273) Adjust Roots
[159.364s][info][gc,phases      ] GC(273) Adjust Roots 2.261ms
[159.364s][info][gc,phases,start] GC(273) Compaction Phase
[159.366s][info][gc,phases      ] GC(273) Compaction Phase 1.962ms
[159.366s][info][gc,phases,start] GC(273) Post Compact
[159.367s][info][gc,phases      ] GC(273) Post Compact 0.415ms
[159.367s][info][gc,heap        ] GC(273) PSYoungGen: 128K(1347072K)->0K(1347072K) Eden: 0K(1296384K)->0K(1296384K) From: 128K(50688K)->0K(50688K)
[159.367s][info][gc,heap        ] GC(273) ParOldGen: 5084K(2796544K)->5020K(2796544K)
[159.367s][info][gc,metaspace   ] GC(273) Metaspace: 14881K(15104K)->14881K(15104K) NonClass: 12900K(12992K)->12900K(12992K) Class: 1981K(2112K)->1981K(2112K)
[159.367s][info][gc             ] GC(273) Pause Full (System.gc()) 5M->4M(4046M) 9.776ms
[159.367s][info][gc,cpu         ] GC(273) User=0.00s Sys=0.00s Real=0.02s
[160.582s][info][gc,start       ] GC(274) Pause Young (Allocation Failure)
[160.593s][info][gc,heap        ] GC(274) PSYoungGen: 1296384K(1347072K)->26165K(1347072K) Eden: 1296384K(1296384K)->0K(1296384K) From: 0K(50688K)->26165K(50688K)
[160.593s][info][gc,heap        ] GC(274) ParOldGen: 5020K(2796544K)->5020K(2796544K)
[160.593s][info][gc,metaspace   ] GC(274) Metaspace: 14881K(15104K)->14881K(15104K) NonClass: 12900K(12992K)->12900K(12992K) Class: 1981K(2112K)->1981K(2112K)
[160.593s][info][gc             ] GC(274) Pause Young (Allocation Failure) 1270M->30M(4046M) 10.965ms
[160.593s][info][gc,cpu         ] GC(274) User=0.09s Sys=0.00s Real=0.01s
[161.821s][info][gc,start       ] GC(275) Pause Young (Allocation Failure)
[161.835s][info][gc,heap        ] GC(275) PSYoungGen: 1322549K(1347072K)->26165K(1347072K) Eden: 1296384K(1296384K)->0K(1296384K) From: 26165K(50688K)->26165K(50688K)
[161.835s][info][gc,heap        ] GC(275) ParOldGen: 5020K(2796544K)->5052K(2796544K)
[161.835s][info][gc,metaspace   ] GC(275) Metaspace: 14881K(15104K)->14881K(15104K) NonClass: 12900K(12992K)->12900K(12992K) Class: 1981K(2112K)->1981K(2112K)
[161.835s][info][gc             ] GC(275) Pause Young (Allocation Failure) 1296M->30M(4046M) 13.515ms
[161.835s][info][gc,cpu         ] GC(275) User=0.05s Sys=0.00s Real=0.01s
[161.861s][info][gc,start       ] GC(276) Pause Young (System.gc())
[161.862s][info][gc,heap        ] GC(276) PSYoungGen: 103946K(1347072K)->96K(1347072K) Eden: 77781K(1296384K)->0K(1296384K) From: 26165K(50688K)->96K(50688K)
[161.862s][info][gc,heap        ] GC(276) ParOldGen: 5052K(2796544K)->5068K(2796544K)
[161.862s][info][gc,metaspace   ] GC(276) Metaspace: 14881K(15104K)->14881K(15104K) NonClass: 12900K(12992K)->12900K(12992K) Class: 1981K(2112K)->1981K(2112K)
[161.862s][info][gc             ] GC(276) Pause Young (System.gc()) 106M->5M(4046M) 0.415ms
[161.862s][info][gc,cpu         ] GC(276) User=0.00s Sys=0.00s Real=0.00s
[161.862s][info][gc,start       ] GC(277) Pause Full (System.gc())
[161.862s][info][gc,phases,start] GC(277) Marking Phase
[161.866s][info][gc,phases      ] GC(277) Marking Phase 4.316ms
[161.866s][info][gc,phases,start] GC(277) Summary Phase
[161.866s][info][gc,phases      ] GC(277) Summary Phase 0.009ms
[161.866s][info][gc,phases,start] GC(277) Adjust Roots
[161.869s][info][gc,phases      ] GC(277) Adjust Roots 2.640ms
[161.869s][info][gc,phases,start] GC(277) Compaction Phase
[161.871s][info][gc,phases      ] GC(277) Compaction Phase 1.864ms
[161.871s][info][gc,phases,start] GC(277) Post Compact
[161.871s][info][gc,phases      ] GC(277) Post Compact 0.468ms
[161.871s][info][gc,heap        ] GC(277) PSYoungGen: 96K(1347072K)->0K(1347072K) Eden: 0K(1296384K)->0K(1296384K) From: 96K(50688K)->0K(50688K)
[161.871s][info][gc,heap        ] GC(277) ParOldGen: 5068K(2796544K)->5020K(2796544K)
[161.871s][info][gc,metaspace   ] GC(277) Metaspace: 14881K(15104K)->14881K(15104K) NonClass: 12900K(12992K)->12900K(12992K) Class: 1981K(2112K)->1981K(2112K)
[161.871s][info][gc             ] GC(277) Pause Full (System.gc()) 5M->4M(4046M) 9.531ms
[161.871s][info][gc,cpu         ] GC(277) User=0.02s Sys=0.00s Real=0.02s
[163.086s][info][gc,start       ] GC(278) Pause Young (Allocation Failure)
[163.098s][info][gc,heap        ] GC(278) PSYoungGen: 1296384K(1347072K)->26133K(1347072K) Eden: 1296384K(1296384K)->0K(1296384K) From: 0K(50688K)->26133K(50688K)
[163.098s][info][gc,heap        ] GC(278) ParOldGen: 5020K(2796544K)->5020K(2796544K)
[163.098s][info][gc,metaspace   ] GC(278) Metaspace: 14881K(15104K)->14881K(15104K) NonClass: 12900K(12992K)->12900K(12992K) Class: 1981K(2112K)->1981K(2112K)
[163.098s][info][gc             ] GC(278) Pause Young (Allocation Failure) 1270M->30M(4046M) 11.930ms
[163.098s][info][gc,cpu         ] GC(278) User=0.06s Sys=0.00s Real=0.02s
[164.331s][info][gc,start       ] GC(279) Pause Young (Allocation Failure)
[164.342s][info][gc,heap        ] GC(279) PSYoungGen: 1322517K(1347072K)->26197K(1347072K) Eden: 1296384K(1296384K)->0K(1296384K) From: 26133K(50688K)->26197K(50688K)
[164.342s][info][gc,heap        ] GC(279) ParOldGen: 5020K(2796544K)->5044K(2796544K)
[164.342s][info][gc,metaspace   ] GC(279) Metaspace: 14881K(15104K)->14881K(15104K) NonClass: 12900K(12992K)->12900K(12992K) Class: 1981K(2112K)->1981K(2112K)
[164.342s][info][gc             ] GC(279) Pause Young (Allocation Failure) 1296M->30M(4046M) 11.368ms
[164.342s][info][gc,cpu         ] GC(279) User=0.09s Sys=0.00s Real=0.01s
[164.369s][info][gc,start       ] GC(280) Pause Young (System.gc())
[164.369s][info][gc,heap        ] GC(280) PSYoungGen: 103978K(1347072K)->128K(1347072K) Eden: 77781K(1296384K)->0K(1296384K) From: 26197K(50688K)->128K(50688K)
[164.369s][info][gc,heap        ] GC(280) ParOldGen: 5044K(2796544K)->5060K(2796544K)
[164.369s][info][gc,metaspace   ] GC(280) Metaspace: 14881K(15104K)->14881K(15104K) NonClass: 12900K(12992K)->12900K(12992K) Class: 1981K(2112K)->1981K(2112K)
[164.369s][info][gc             ] GC(280) Pause Young (System.gc()) 106M->5M(4046M) 0.416ms
[164.369s][info][gc,cpu         ] GC(280) User=0.00s Sys=0.00s Real=0.00s
[164.369s][info][gc,start       ] GC(281) Pause Full (System.gc())
[164.369s][info][gc,phases,start] GC(281) Marking Phase
[164.374s][info][gc,phases      ] GC(281) Marking Phase 4.716ms
[164.374s][info][gc,phases,start] GC(281) Summary Phase
[164.374s][info][gc,phases      ] GC(281) Summary Phase 0.010ms
[164.374s][info][gc,phases,start] GC(281) Adjust Roots
[164.377s][info][gc,phases      ] GC(281) Adjust Roots 2.646ms
[164.377s][info][gc,phases,start] GC(281) Compaction Phase
[164.379s][info][gc,phases      ] GC(281) Compaction Phase 2.629ms
[164.379s][info][gc,phases,start] GC(281) Post Compact
[164.380s][info][gc,phases      ] GC(281) Post Compact 0.446ms
[164.380s][info][gc,heap        ] GC(281) PSYoungGen: 128K(1347072K)->0K(1347072K) Eden: 0K(1296384K)->0K(1296384K) From: 128K(50688K)->0K(50688K)
[164.380s][info][gc,heap        ] GC(281) ParOldGen: 5060K(2796544K)->5021K(2796544K)
[164.380s][info][gc,metaspace   ] GC(281) Metaspace: 14881K(15104K)->14881K(15104K) NonClass: 12900K(12992K)->12900K(12992K) Class: 1981K(2112K)->1981K(2112K)
[164.380s][info][gc             ] GC(281) Pause Full (System.gc()) 5M->4M(4046M) 10.693ms
[164.380s][info][gc,cpu         ] GC(281) User=0.00s Sys=0.00s Real=0.02s
[165.598s][info][gc,start       ] GC(282) Pause Young (Allocation Failure)
[165.612s][info][gc,heap        ] GC(282) PSYoungGen: 1296384K(1347072K)->26133K(1347072K) Eden: 1296384K(1296384K)->0K(1296384K) From: 0K(50688K)->26133K(50688K)
[165.612s][info][gc,heap        ] GC(282) ParOldGen: 5021K(2796544K)->5021K(2796544K)
[165.612s][info][gc,metaspace   ] GC(282) Metaspace: 14881K(15104K)->14881K(15104K) NonClass: 12900K(12992K)->12900K(12992K) Class: 1981K(2112K)->1981K(2112K)
[165.612s][info][gc             ] GC(282) Pause Young (Allocation Failure) 1270M->30M(4046M) 14.420ms
[165.612s][info][gc,cpu         ] GC(282) User=0.05s Sys=0.00s Real=0.02s
[166.849s][info][gc,start       ] GC(283) Pause Young (Allocation Failure)
[166.864s][info][gc,heap        ] GC(283) PSYoungGen: 1322517K(1347072K)->26229K(1347072K) Eden: 1296384K(1296384K)->0K(1296384K) From: 26133K(50688K)->26229K(50688K)
[166.865s][info][gc,heap        ] GC(283) ParOldGen: 5021K(2796544K)->5061K(2796544K)
[166.865s][info][gc,metaspace   ] GC(283) Metaspace: 14881K(15104K)->14881K(15104K) NonClass: 12900K(12992K)->12900K(12992K) Class: 1981K(2112K)->1981K(2112K)
[166.865s][info][gc             ] GC(283) Pause Young (Allocation Failure) 1296M->30M(4046M) 15.714ms
[166.865s][info][gc,cpu         ] GC(283) User=0.05s Sys=0.00s Real=0.02s
[166.890s][info][gc,start       ] GC(284) Pause Young (System.gc())
[166.891s][info][gc,heap        ] GC(284) PSYoungGen: 104010K(1347072K)->128K(1347072K) Eden: 77781K(1296384K)->0K(1296384K) From: 26229K(50688K)->128K(50688K)
[166.891s][info][gc,heap        ] GC(284) ParOldGen: 5061K(2796544K)->5085K(2796544K)
[166.891s][info][gc,metaspace   ] GC(284) Metaspace: 14881K(15104K)->14881K(15104K) NonClass: 12900K(12992K)->12900K(12992K) Class: 1981K(2112K)->1981K(2112K)
[166.891s][info][gc             ] GC(284) Pause Young (System.gc()) 106M->5M(4046M) 0.365ms
[166.891s][info][gc,cpu         ] GC(284) User=0.00s Sys=0.00s Real=0.00s
[166.891s][info][gc,start       ] GC(285) Pause Full (System.gc())
[166.891s][info][gc,phases,start] GC(285) Marking Phase
[166.895s][info][gc,phases      ] GC(285) Marking Phase 4.436ms
[166.895s][info][gc,phases,start] GC(285) Summary Phase
[166.895s][info][gc,phases      ] GC(285) Summary Phase 0.010ms
[166.895s][info][gc,phases,start] GC(285) Adjust Roots
[166.898s][info][gc,phases      ] GC(285) Adjust Roots 3.028ms
[166.898s][info][gc,phases,start] GC(285) Compaction Phase
[166.901s][info][gc,phases      ] GC(285) Compaction Phase 2.726ms
[166.901s][info][gc,phases,start] GC(285) Post Compact
[166.902s][info][gc,phases      ] GC(285) Post Compact 0.495ms
[166.902s][info][gc,heap        ] GC(285) PSYoungGen: 128K(1347072K)->0K(1347072K) Eden: 0K(1296384K)->0K(1296384K) From: 128K(50688K)->0K(50688K)
[166.902s][info][gc,heap        ] GC(285) ParOldGen: 5085K(2796544K)->5021K(2796544K)
[166.902s][info][gc,metaspace   ] GC(285) Metaspace: 14881K(15104K)->14881K(15104K) NonClass: 12900K(12992K)->12900K(12992K) Class: 1981K(2112K)->1981K(2112K)
[166.902s][info][gc             ] GC(285) Pause Full (System.gc()) 5M->4M(4046M) 10.931ms
[166.902s][info][gc,cpu         ] GC(285) User=0.09s Sys=0.00s Real=0.02s
[168.117s][info][gc,start       ] GC(286) Pause Young (Allocation Failure)
[168.129s][info][gc,heap        ] GC(286) PSYoungGen: 1296384K(1347072K)->26165K(1347072K) Eden: 1296384K(1296384K)->0K(1296384K) From: 0K(50688K)->26165K(50688K)
[168.129s][info][gc,heap        ] GC(286) ParOldGen: 5021K(2796544K)->5021K(2796544K)
[168.129s][info][gc,metaspace   ] GC(286) Metaspace: 14881K(15104K)->14881K(15104K) NonClass: 12900K(12992K)->12900K(12992K) Class: 1981K(2112K)->1981K(2112K)
[168.129s][info][gc             ] GC(286) Pause Young (Allocation Failure) 1270M->30M(4046M) 11.798ms
[168.129s][info][gc,cpu         ] GC(286) User=0.08s Sys=0.00s Real=0.01s
[169.357s][info][gc,start       ] GC(287) Pause Young (Allocation Failure)
[169.368s][info][gc,heap        ] GC(287) PSYoungGen: 1322549K(1347072K)->26200K(1347072K) Eden: 1296384K(1296384K)->0K(1296384K) From: 26165K(50688K)->26200K(50688K)
[169.368s][info][gc,heap        ] GC(287) ParOldGen: 5021K(2796544K)->5053K(2796544K)
[169.368s][info][gc,metaspace   ] GC(287) Metaspace: 14882K(15104K)->14882K(15104K) NonClass: 12901K(12992K)->12901K(12992K) Class: 1981K(2112K)->1981K(2112K)
[169.368s][info][gc             ] GC(287) Pause Young (Allocation Failure) 1296M->30M(4046M) 11.144ms
[169.368s][info][gc,cpu         ] GC(287) User=0.00s Sys=0.00s Real=0.01s
[169.395s][info][gc,start       ] GC(288) Pause Young (System.gc())
[169.395s][info][gc,heap        ] GC(288) PSYoungGen: 103981K(1347072K)->96K(1347072K) Eden: 77781K(1296384K)->0K(1296384K) From: 26200K(50688K)->96K(50688K)
[169.395s][info][gc,heap        ] GC(288) ParOldGen: 5053K(2796544K)->5077K(2796544K)
[169.395s][info][gc,metaspace   ] GC(288) Metaspace: 14882K(15104K)->14882K(15104K) NonClass: 12901K(12992K)->12901K(12992K) Class: 1981K(2112K)->1981K(2112K)
[169.395s][info][gc             ] GC(288) Pause Young (System.gc()) 106M->5M(4046M) 0.474ms
[169.395s][info][gc,cpu         ] GC(288) User=0.00s Sys=0.00s Real=0.00s
[169.395s][info][gc,start       ] GC(289) Pause Full (System.gc())
[169.395s][info][gc,phases,start] GC(289) Marking Phase
[169.400s][info][gc,phases      ] GC(289) Marking Phase 4.419ms
[169.400s][info][gc,phases,start] GC(289) Summary Phase
[169.400s][info][gc,phases      ] GC(289) Summary Phase 0.009ms
[169.400s][info][gc,phases,start] GC(289) Adjust Roots
[169.402s][info][gc,phases      ] GC(289) Adjust Roots 2.317ms
[169.402s][info][gc,phases,start] GC(289) Compaction Phase
[169.404s][info][gc,phases      ] GC(289) Compaction Phase 2.150ms
[169.404s][info][gc,phases,start] GC(289) Post Compact
[169.405s][info][gc,phases      ] GC(289) Post Compact 0.458ms
[169.405s][info][gc,heap        ] GC(289) PSYoungGen: 96K(1347072K)->0K(1347072K) Eden: 0K(1296384K)->0K(1296384K) From: 96K(50688K)->0K(50688K)
[169.405s][info][gc,heap        ] GC(289) ParOldGen: 5077K(2796544K)->5020K(2796544K)
[169.405s][info][gc,metaspace   ] GC(289) Metaspace: 14882K(15104K)->14882K(15104K) NonClass: 12901K(12992K)->12901K(12992K) Class: 1981K(2112K)->1981K(2112K)
[169.405s][info][gc             ] GC(289) Pause Full (System.gc()) 5M->4M(4046M) 9.649ms
[169.405s][info][gc,cpu         ] GC(289) User=0.02s Sys=0.00s Real=0.02s
[170.621s][info][gc,start       ] GC(290) Pause Young (Allocation Failure)
[170.633s][info][gc,heap        ] GC(290) PSYoungGen: 1296384K(1347072K)->26165K(1347072K) Eden: 1296384K(1296384K)->0K(1296384K) From: 0K(50688K)->26165K(50688K)
[170.633s][info][gc,heap        ] GC(290) ParOldGen: 5020K(2796544K)->5020K(2796544K)
[170.633s][info][gc,metaspace   ] GC(290) Metaspace: 14882K(15104K)->14882K(15104K) NonClass: 12901K(12992K)->12901K(12992K) Class: 1981K(2112K)->1981K(2112K)
[170.633s][info][gc             ] GC(290) Pause Young (Allocation Failure) 1270M->30M(4046M) 11.315ms
[170.633s][info][gc,cpu         ] GC(290) User=0.00s Sys=0.00s Real=0.02s
[171.868s][info][gc,start       ] GC(291) Pause Young (Allocation Failure)
[171.879s][info][gc,heap        ] GC(291) PSYoungGen: 1322549K(1347072K)->26165K(1347072K) Eden: 1296384K(1296384K)->0K(1296384K) From: 26165K(50688K)->26165K(50688K)
[171.879s][info][gc,heap        ] GC(291) ParOldGen: 5020K(2796544K)->5044K(2796544K)
[171.879s][info][gc,metaspace   ] GC(291) Metaspace: 14882K(15104K)->14882K(15104K) NonClass: 12901K(12992K)->12901K(12992K) Class: 1981K(2112K)->1981K(2112K)
[171.879s][info][gc             ] GC(291) Pause Young (Allocation Failure) 1296M->30M(4046M) 11.247ms
[171.879s][info][gc,cpu         ] GC(291) User=0.09s Sys=0.00s Real=0.02s
[171.905s][info][gc,start       ] GC(292) Pause Young (System.gc())
[171.905s][info][gc,heap        ] GC(292) PSYoungGen: 103946K(1347072K)->64K(1347072K) Eden: 77781K(1296384K)->0K(1296384K) From: 26165K(50688K)->64K(50688K)
[171.905s][info][gc,heap        ] GC(292) ParOldGen: 5044K(2796544K)->5068K(2796544K)
[171.905s][info][gc,metaspace   ] GC(292) Metaspace: 14882K(15104K)->14882K(15104K) NonClass: 12901K(12992K)->12901K(12992K) Class: 1981K(2112K)->1981K(2112K)
[171.905s][info][gc             ] GC(292) Pause Young (System.gc()) 106M->5M(4046M) 0.432ms
[171.905s][info][gc,cpu         ] GC(292) User=0.00s Sys=0.00s Real=0.00s
[171.905s][info][gc,start       ] GC(293) Pause Full (System.gc())
[171.905s][info][gc,phases,start] GC(293) Marking Phase
[171.910s][info][gc,phases      ] GC(293) Marking Phase 4.454ms
[171.910s][info][gc,phases,start] GC(293) Summary Phase
[171.910s][info][gc,phases      ] GC(293) Summary Phase 0.010ms
[171.910s][info][gc,phases,start] GC(293) Adjust Roots
[171.913s][info][gc,phases      ] GC(293) Adjust Roots 2.969ms
[171.913s][info][gc,phases,start] GC(293) Compaction Phase
[171.916s][info][gc,phases      ] GC(293) Compaction Phase 3.092ms
[171.916s][info][gc,phases,start] GC(293) Post Compact
[171.917s][info][gc,phases      ] GC(293) Post Compact 0.531ms
[171.917s][info][gc,heap        ] GC(293) PSYoungGen: 64K(1347072K)->0K(1347072K) Eden: 0K(1296384K)->0K(1296384K) From: 64K(50688K)->0K(50688K)
[171.917s][info][gc,heap        ] GC(293) ParOldGen: 5068K(2796544K)->5020K(2796544K)
[171.917s][info][gc,metaspace   ] GC(293) Metaspace: 14882K(15104K)->14882K(15104K) NonClass: 12901K(12992K)->12901K(12992K) Class: 1981K(2112K)->1981K(2112K)
[171.917s][info][gc             ] GC(293) Pause Full (System.gc()) 5M->4M(4046M) 11.339ms
[171.917s][info][gc,cpu         ] GC(293) User=0.03s Sys=0.00s Real=0.00s
[173.132s][info][gc,start       ] GC(294) Pause Young (Allocation Failure)
[173.144s][info][gc,heap        ] GC(294) PSYoungGen: 1296384K(1347072K)->26133K(1347072K) Eden: 1296384K(1296384K)->0K(1296384K) From: 0K(50688K)->26133K(50688K)
[173.144s][info][gc,heap        ] GC(294) ParOldGen: 5020K(2796544K)->5020K(2796544K)
[173.144s][info][gc,metaspace   ] GC(294) Metaspace: 14882K(15104K)->14882K(15104K) NonClass: 12901K(12992K)->12901K(12992K) Class: 1981K(2112K)->1981K(2112K)
[173.144s][info][gc             ] GC(294) Pause Young (Allocation Failure) 1270M->30M(4046M) 12.562ms
[173.144s][info][gc,cpu         ] GC(294) User=0.05s Sys=0.00s Real=0.01s
[174.375s][info][gc,start       ] GC(295) Pause Young (Allocation Failure)
[174.387s][info][gc,heap        ] GC(295) PSYoungGen: 1322517K(1347072K)->26165K(1347072K) Eden: 1296384K(1296384K)->0K(1296384K) From: 26133K(50688K)->26165K(50688K)
[174.387s][info][gc,heap        ] GC(295) ParOldGen: 5020K(2796544K)->5060K(2796544K)
[174.387s][info][gc,metaspace   ] GC(295) Metaspace: 14882K(15104K)->14882K(15104K) NonClass: 12901K(12992K)->12901K(12992K) Class: 1981K(2112K)->1981K(2112K)
[174.387s][info][gc             ] GC(295) Pause Young (Allocation Failure) 1296M->30M(4046M) 11.284ms
[174.387s][info][gc,cpu         ] GC(295) User=0.09s Sys=0.00s Real=0.01s
[174.413s][info][gc,start       ] GC(296) Pause Young (System.gc())
[174.414s][info][gc,heap        ] GC(296) PSYoungGen: 103946K(1347072K)->128K(1347072K) Eden: 77781K(1296384K)->0K(1296384K) From: 26165K(50688K)->128K(50688K)
[174.414s][info][gc,heap        ] GC(296) ParOldGen: 5060K(2796544K)->5092K(2796544K)
[174.414s][info][gc,metaspace   ] GC(296) Metaspace: 14882K(15104K)->14882K(15104K) NonClass: 12901K(12992K)->12901K(12992K) Class: 1981K(2112K)->1981K(2112K)
[174.414s][info][gc             ] GC(296) Pause Young (System.gc()) 106M->5M(4046M) 0.350ms
[174.414s][info][gc,cpu         ] GC(296) User=0.00s Sys=0.00s Real=0.00s
[174.414s][info][gc,start       ] GC(297) Pause Full (System.gc())
[174.414s][info][gc,phases,start] GC(297) Marking Phase
[174.419s][info][gc,phases      ] GC(297) Marking Phase 5.050ms
[174.419s][info][gc,phases,start] GC(297) Summary Phase
[174.419s][info][gc,phases      ] GC(297) Summary Phase 0.009ms
[174.419s][info][gc,phases,start] GC(297) Adjust Roots
[174.421s][info][gc,phases      ] GC(297) Adjust Roots 2.557ms
[174.422s][info][gc,phases,start] GC(297) Compaction Phase
[174.424s][info][gc,phases      ] GC(297) Compaction Phase 2.879ms
[174.424s][info][gc,phases,start] GC(297) Post Compact
[174.425s][info][gc,phases      ] GC(297) Post Compact 0.544ms
[174.425s][info][gc,heap        ] GC(297) PSYoungGen: 128K(1347072K)->0K(1347072K) Eden: 0K(1296384K)->0K(1296384K) From: 128K(50688K)->0K(50688K)
[174.425s][info][gc,heap        ] GC(297) ParOldGen: 5092K(2796544K)->5021K(2796544K)
[174.425s][info][gc,metaspace   ] GC(297) Metaspace: 14882K(15104K)->14882K(15104K) NonClass: 12901K(12992K)->12901K(12992K) Class: 1981K(2112K)->1981K(2112K)
[174.425s][info][gc             ] GC(297) Pause Full (System.gc()) 5M->4M(4046M) 11.338ms
[174.425s][info][gc,cpu         ] GC(297) User=0.09s Sys=0.00s Real=0.02s
[175.644s][info][gc,start       ] GC(298) Pause Young (Allocation Failure)
[175.657s][info][gc,heap        ] GC(298) PSYoungGen: 1296384K(1347072K)->26133K(1347072K) Eden: 1296384K(1296384K)->0K(1296384K) From: 0K(50688K)->26133K(50688K)
[175.657s][info][gc,heap        ] GC(298) ParOldGen: 5021K(2796544K)->5021K(2796544K)
[175.657s][info][gc,metaspace   ] GC(298) Metaspace: 14882K(15104K)->14882K(15104K) NonClass: 12901K(12992K)->12901K(12992K) Class: 1981K(2112K)->1981K(2112K)
[175.657s][info][gc             ] GC(298) Pause Young (Allocation Failure) 1270M->30M(4046M) 13.462ms
[175.657s][info][gc,cpu         ] GC(298) User=0.06s Sys=0.00s Real=0.01s
[176.887s][info][gc,start       ] GC(299) Pause Young (Allocation Failure)
[176.898s][info][gc,heap        ] GC(299) PSYoungGen: 1322517K(1347072K)->26200K(1347072K) Eden: 1296384K(1296384K)->0K(1296384K) From: 26133K(50688K)->26200K(50688K)
[176.898s][info][gc,heap        ] GC(299) ParOldGen: 5021K(2796544K)->5045K(2796544K)
[176.898s][info][gc,metaspace   ] GC(299) Metaspace: 14882K(15104K)->14882K(15104K) NonClass: 12901K(12992K)->12901K(12992K) Class: 1981K(2112K)->1981K(2112K)
[176.898s][info][gc             ] GC(299) Pause Young (Allocation Failure) 1296M->30M(4046M) 11.582ms
[176.898s][info][gc,cpu         ] GC(299) User=0.00s Sys=0.00s Real=0.02s
[176.924s][info][gc,start       ] GC(300) Pause Young (System.gc())
[176.924s][info][gc,heap        ] GC(300) PSYoungGen: 103981K(1347072K)->96K(1347072K) Eden: 77781K(1296384K)->0K(1296384K) From: 26200K(50688K)->96K(50688K)
[176.924s][info][gc,heap        ] GC(300) ParOldGen: 5045K(2796544K)->5061K(2796544K)
[176.924s][info][gc,metaspace   ] GC(300) Metaspace: 14882K(15104K)->14882K(15104K) NonClass: 12901K(12992K)->12901K(12992K) Class: 1981K(2112K)->1981K(2112K)
[176.924s][info][gc             ] GC(300) Pause Young (System.gc()) 106M->5M(4046M) 0.330ms
[176.924s][info][gc,cpu         ] GC(300) User=0.00s Sys=0.00s Real=0.00s
[176.924s][info][gc,start       ] GC(301) Pause Full (System.gc())
[176.924s][info][gc,phases,start] GC(301) Marking Phase
[176.929s][info][gc,phases      ] GC(301) Marking Phase 4.458ms
[176.929s][info][gc,phases,start] GC(301) Summary Phase
[176.929s][info][gc,phases      ] GC(301) Summary Phase 0.010ms
[176.929s][info][gc,phases,start] GC(301) Adjust Roots
[176.931s][info][gc,phases      ] GC(301) Adjust Roots 2.259ms
[176.931s][info][gc,phases,start] GC(301) Compaction Phase
[176.933s][info][gc,phases      ] GC(301) Compaction Phase 1.923ms
[176.933s][info][gc,phases,start] GC(301) Post Compact
[176.934s][info][gc,phases      ] GC(301) Post Compact 0.421ms
[176.934s][info][gc,heap        ] GC(301) PSYoungGen: 96K(1347072K)->0K(1347072K) Eden: 0K(1296384K)->0K(1296384K) From: 96K(50688K)->0K(50688K)
[176.934s][info][gc,heap        ] GC(301) ParOldGen: 5061K(2796544K)->5021K(2796544K)
[176.934s][info][gc,metaspace   ] GC(301) Metaspace: 14882K(15104K)->14882K(15104K) NonClass: 12901K(12992K)->12901K(12992K) Class: 1981K(2112K)->1981K(2112K)
[176.934s][info][gc             ] GC(301) Pause Full (System.gc()) 5M->4M(4046M) 9.332ms
[176.934s][info][gc,cpu         ] GC(301) User=0.02s Sys=0.00s Real=0.00s
[178.147s][info][gc,start       ] GC(302) Pause Young (Allocation Failure)
[178.160s][info][gc,heap        ] GC(302) PSYoungGen: 1296384K(1347072K)->26133K(1347072K) Eden: 1296384K(1296384K)->0K(1296384K) From: 0K(50688K)->26133K(50688K)
[178.160s][info][gc,heap        ] GC(302) ParOldGen: 5021K(2796544K)->5021K(2796544K)
[178.160s][info][gc,metaspace   ] GC(302) Metaspace: 14882K(15104K)->14882K(15104K) NonClass: 12901K(12992K)->12901K(12992K) Class: 1981K(2112K)->1981K(2112K)
[178.160s][info][gc             ] GC(302) Pause Young (Allocation Failure) 1270M->30M(4046M) 13.105ms
[178.160s][info][gc,cpu         ] GC(302) User=0.06s Sys=0.00s Real=0.01s
[179.392s][info][gc,start       ] GC(303) Pause Young (Allocation Failure)
[179.403s][info][gc,heap        ] GC(303) PSYoungGen: 1322517K(1347072K)->26133K(1347072K) Eden: 1296384K(1296384K)->0K(1296384K) From: 26133K(50688K)->26133K(50688K)
[179.403s][info][gc,heap        ] GC(303) ParOldGen: 5021K(2796544K)->5045K(2796544K)
[179.403s][info][gc,metaspace   ] GC(303) Metaspace: 14882K(15104K)->14882K(15104K) NonClass: 12901K(12992K)->12901K(12992K) Class: 1981K(2112K)->1981K(2112K)
[179.403s][info][gc             ] GC(303) Pause Young (Allocation Failure) 1296M->30M(4046M) 11.392ms
[179.403s][info][gc,cpu         ] GC(303) User=0.09s Sys=0.00s Real=0.03s
[179.430s][info][gc,start       ] GC(304) Pause Young (System.gc())
[179.431s][info][gc,heap        ] GC(304) PSYoungGen: 103914K(1347072K)->96K(1347072K) Eden: 77781K(1296384K)->0K(1296384K) From: 26133K(50688K)->96K(50688K)
[179.431s][info][gc,heap        ] GC(304) ParOldGen: 5045K(2796544K)->5069K(2796544K)
[179.431s][info][gc,metaspace   ] GC(304) Metaspace: 14882K(15104K)->14882K(15104K) NonClass: 12901K(12992K)->12901K(12992K) Class: 1981K(2112K)->1981K(2112K)
[179.431s][info][gc             ] GC(304) Pause Young (System.gc()) 106M->5M(4046M) 0.777ms
[179.431s][info][gc,cpu         ] GC(304) User=0.00s Sys=0.00s Real=0.00s
[179.431s][info][gc,start       ] GC(305) Pause Full (System.gc())
[179.431s][info][gc,phases,start] GC(305) Marking Phase
[179.435s][info][gc,phases      ] GC(305) Marking Phase 4.730ms
[179.436s][info][gc,phases,start] GC(305) Summary Phase
[179.436s][info][gc,phases      ] GC(305) Summary Phase 0.010ms
[179.436s][info][gc,phases,start] GC(305) Adjust Roots
[179.438s][info][gc,phases      ] GC(305) Adjust Roots 2.186ms
[179.438s][info][gc,phases,start] GC(305) Compaction Phase
[179.440s][info][gc,phases      ] GC(305) Compaction Phase 2.670ms
[179.441s][info][gc,phases,start] GC(305) Post Compact
[179.441s][info][gc,phases      ] GC(305) Post Compact 0.461ms
[179.441s][info][gc,heap        ] GC(305) PSYoungGen: 96K(1347072K)->0K(1347072K) Eden: 0K(1296384K)->0K(1296384K) From: 96K(50688K)->0K(50688K)
[179.441s][info][gc,heap        ] GC(305) ParOldGen: 5069K(2796544K)->5020K(2796544K)
[179.441s][info][gc,metaspace   ] GC(305) Metaspace: 14882K(15104K)->14882K(15104K) NonClass: 12901K(12992K)->12901K(12992K) Class: 1981K(2112K)->1981K(2112K)
[179.441s][info][gc             ] GC(305) Pause Full (System.gc()) 5M->4M(4046M) 10.360ms
[179.441s][info][gc,cpu         ] GC(305) User=0.02s Sys=0.00s Real=0.01s
[180.659s][info][gc,start       ] GC(306) Pause Young (Allocation Failure)
[180.670s][info][gc,heap        ] GC(306) PSYoungGen: 1296384K(1347072K)->26165K(1347072K) Eden: 1296384K(1296384K)->0K(1296384K) From: 0K(50688K)->26165K(50688K)
[180.670s][info][gc,heap        ] GC(306) ParOldGen: 5020K(2796544K)->5020K(2796544K)
[180.670s][info][gc,metaspace   ] GC(306) Metaspace: 14882K(15104K)->14882K(15104K) NonClass: 12901K(12992K)->12901K(12992K) Class: 1981K(2112K)->1981K(2112K)
[180.670s][info][gc             ] GC(306) Pause Young (Allocation Failure) 1270M->30M(4046M) 10.880ms
[180.670s][info][gc,cpu         ] GC(306) User=0.09s Sys=0.00s Real=0.02s
[181.902s][info][gc,start       ] GC(307) Pause Young (Allocation Failure)
[181.913s][info][gc,heap        ] GC(307) PSYoungGen: 1322549K(1347072K)->26165K(1347072K) Eden: 1296384K(1296384K)->0K(1296384K) From: 26165K(50688K)->26165K(50688K)
[181.914s][info][gc,heap        ] GC(307) ParOldGen: 5020K(2796544K)->5052K(2796544K)
[181.914s][info][gc,metaspace   ] GC(307) Metaspace: 14882K(15104K)->14882K(15104K) NonClass: 12901K(12992K)->12901K(12992K) Class: 1981K(2112K)->1981K(2112K)
[181.914s][info][gc             ] GC(307) Pause Young (Allocation Failure) 1296M->30M(4046M) 11.368ms
[181.914s][info][gc,cpu         ] GC(307) User=0.00s Sys=0.00s Real=0.02s
[181.940s][info][gc,start       ] GC(308) Pause Young (System.gc())
[181.940s][info][gc,heap        ] GC(308) PSYoungGen: 103946K(1347072K)->96K(1347072K) Eden: 77781K(1296384K)->0K(1296384K) From: 26165K(50688K)->96K(50688K)
[181.940s][info][gc,heap        ] GC(308) ParOldGen: 5052K(2796544K)->5068K(2796544K)
[181.940s][info][gc,metaspace   ] GC(308) Metaspace: 14882K(15104K)->14882K(15104K) NonClass: 12901K(12992K)->12901K(12992K) Class: 1981K(2112K)->1981K(2112K)
[181.940s][info][gc             ] GC(308) Pause Young (System.gc()) 106M->5M(4046M) 0.392ms
[181.940s][info][gc,cpu         ] GC(308) User=0.00s Sys=0.00s Real=0.00s
[181.940s][info][gc,start       ] GC(309) Pause Full (System.gc())
[181.940s][info][gc,phases,start] GC(309) Marking Phase
[181.945s][info][gc,phases      ] GC(309) Marking Phase 4.423ms
[181.945s][info][gc,phases,start] GC(309) Summary Phase
[181.945s][info][gc,phases      ] GC(309) Summary Phase 0.009ms
[181.945s][info][gc,phases,start] GC(309) Adjust Roots
[181.947s][info][gc,phases      ] GC(309) Adjust Roots 2.208ms
[181.947s][info][gc,phases,start] GC(309) Compaction Phase
[181.949s][info][gc,phases      ] GC(309) Compaction Phase 1.806ms
[181.949s][info][gc,phases,start] GC(309) Post Compact
[181.949s][info][gc,phases      ] GC(309) Post Compact 0.427ms
[181.949s][info][gc,heap        ] GC(309) PSYoungGen: 96K(1347072K)->0K(1347072K) Eden: 0K(1296384K)->0K(1296384K) From: 96K(50688K)->0K(50688K)
[181.950s][info][gc,heap        ] GC(309) ParOldGen: 5068K(2796544K)->5021K(2796544K)
[181.950s][info][gc,metaspace   ] GC(309) Metaspace: 14882K(15104K)->14882K(15104K) NonClass: 12901K(12992K)->12901K(12992K) Class: 1981K(2112K)->1981K(2112K)
[181.950s][info][gc             ] GC(309) Pause Full (System.gc()) 5M->4M(4046M) 9.125ms
[181.950s][info][gc,cpu         ] GC(309) User=0.02s Sys=0.00s Real=0.01s
[183.165s][info][gc,start       ] GC(310) Pause Young (Allocation Failure)
[183.179s][info][gc,heap        ] GC(310) PSYoungGen: 1296384K(1347072K)->26165K(1347072K) Eden: 1296384K(1296384K)->0K(1296384K) From: 0K(50688K)->26165K(50688K)
[183.179s][info][gc,heap        ] GC(310) ParOldGen: 5021K(2796544K)->5021K(2796544K)
[183.179s][info][gc,metaspace   ] GC(310) Metaspace: 14882K(15104K)->14882K(15104K) NonClass: 12901K(12992K)->12901K(12992K) Class: 1981K(2112K)->1981K(2112K)
[183.179s][info][gc             ] GC(310) Pause Young (Allocation Failure) 1270M->30M(4046M) 13.700ms
[183.179s][info][gc,cpu         ] GC(310) User=0.03s Sys=0.00s Real=0.02s
[184.411s][info][gc,start       ] GC(311) Pause Young (Allocation Failure)
[184.422s][info][gc,heap        ] GC(311) PSYoungGen: 1322549K(1347072K)->26165K(1347072K) Eden: 1296384K(1296384K)->0K(1296384K) From: 26165K(50688K)->26165K(50688K)
[184.422s][info][gc,heap        ] GC(311) ParOldGen: 5021K(2796544K)->5045K(2796544K)
[184.422s][info][gc,metaspace   ] GC(311) Metaspace: 14882K(15104K)->14882K(15104K) NonClass: 12901K(12992K)->12901K(12992K) Class: 1981K(2112K)->1981K(2112K)
[184.422s][info][gc             ] GC(311) Pause Young (Allocation Failure) 1296M->30M(4046M) 11.191ms
[184.422s][info][gc,cpu         ] GC(311) User=0.09s Sys=0.00s Real=0.03s
[184.451s][info][gc,start       ] GC(312) Pause Young (System.gc())
[184.451s][info][gc,heap        ] GC(312) PSYoungGen: 103946K(1347072K)->64K(1347072K) Eden: 77781K(1296384K)->0K(1296384K) From: 26165K(50688K)->64K(50688K)
[184.451s][info][gc,heap        ] GC(312) ParOldGen: 5045K(2796544K)->5069K(2796544K)
[184.451s][info][gc,metaspace   ] GC(312) Metaspace: 14882K(15104K)->14882K(15104K) NonClass: 12901K(12992K)->12901K(12992K) Class: 1981K(2112K)->1981K(2112K)
[184.451s][info][gc             ] GC(312) Pause Young (System.gc()) 106M->5M(4046M) 0.579ms
[184.451s][info][gc,cpu         ] GC(312) User=0.00s Sys=0.00s Real=0.00s
[184.451s][info][gc,start       ] GC(313) Pause Full (System.gc())
[184.451s][info][gc,phases,start] GC(313) Marking Phase
[184.456s][info][gc,phases      ] GC(313) Marking Phase 4.723ms
[184.456s][info][gc,phases,start] GC(313) Summary Phase
[184.456s][info][gc,phases      ] GC(313) Summary Phase 0.009ms
[184.456s][info][gc,phases,start] GC(313) Adjust Roots
[184.458s][info][gc,phases      ] GC(313) Adjust Roots 2.338ms
[184.458s][info][gc,phases,start] GC(313) Compaction Phase
[184.460s][info][gc,phases      ] GC(313) Compaction Phase 1.790ms
[184.460s][info][gc,phases,start] GC(313) Post Compact
[184.461s][info][gc,phases      ] GC(313) Post Compact 0.501ms
[184.461s][info][gc,heap        ] GC(313) PSYoungGen: 64K(1347072K)->0K(1347072K) Eden: 0K(1296384K)->0K(1296384K) From: 64K(50688K)->0K(50688K)
[184.461s][info][gc,heap        ] GC(313) ParOldGen: 5069K(2796544K)->5020K(2796544K)
[184.461s][info][gc,metaspace   ] GC(313) Metaspace: 14882K(15104K)->14882K(15104K) NonClass: 12901K(12992K)->12901K(12992K) Class: 1981K(2112K)->1981K(2112K)
[184.461s][info][gc             ] GC(313) Pause Full (System.gc()) 5M->4M(4046M) 9.623ms
[184.461s][info][gc,cpu         ] GC(313) User=0.00s Sys=0.00s Real=0.02s
[185.679s][info][gc,start       ] GC(314) Pause Young (Allocation Failure)
[185.690s][info][gc,heap        ] GC(314) PSYoungGen: 1296384K(1347072K)->26165K(1347072K) Eden: 1296384K(1296384K)->0K(1296384K) From: 0K(50688K)->26165K(50688K)
[185.690s][info][gc,heap        ] GC(314) ParOldGen: 5020K(2796544K)->5020K(2796544K)
[185.690s][info][gc,metaspace   ] GC(314) Metaspace: 14882K(15104K)->14882K(15104K) NonClass: 12901K(12992K)->12901K(12992K) Class: 1981K(2112K)->1981K(2112K)
[185.690s][info][gc             ] GC(314) Pause Young (Allocation Failure) 1270M->30M(4046M) 11.206ms
[185.690s][info][gc,cpu         ] GC(314) User=0.09s Sys=0.00s Real=0.02s
[186.918s][info][gc,start       ] GC(315) Pause Young (Allocation Failure)
[186.929s][info][gc,heap        ] GC(315) PSYoungGen: 1322549K(1347072K)->26133K(1347072K) Eden: 1296384K(1296384K)->0K(1296384K) From: 26165K(50688K)->26133K(50688K)
[186.929s][info][gc,heap        ] GC(315) ParOldGen: 5020K(2796544K)->5052K(2796544K)
[186.929s][info][gc,metaspace   ] GC(315) Metaspace: 14882K(15104K)->14882K(15104K) NonClass: 12901K(12992K)->12901K(12992K) Class: 1981K(2112K)->1981K(2112K)
[186.929s][info][gc             ] GC(315) Pause Young (Allocation Failure) 1296M->30M(4046M) 11.212ms
[186.929s][info][gc,cpu         ] GC(315) User=0.00s Sys=0.00s Real=0.03s
[186.956s][info][gc,start       ] GC(316) Pause Young (System.gc())
[186.956s][info][gc,heap        ] GC(316) PSYoungGen: 103914K(1347072K)->64K(1347072K) Eden: 77781K(1296384K)->0K(1296384K) From: 26133K(50688K)->64K(50688K)
[186.956s][info][gc,heap        ] GC(316) ParOldGen: 5052K(2796544K)->5076K(2796544K)
[186.956s][info][gc,metaspace   ] GC(316) Metaspace: 14882K(15104K)->14882K(15104K) NonClass: 12901K(12992K)->12901K(12992K) Class: 1981K(2112K)->1981K(2112K)
[186.956s][info][gc             ] GC(316) Pause Young (System.gc()) 106M->5M(4046M) 0.328ms
[186.956s][info][gc,cpu         ] GC(316) User=0.00s Sys=0.00s Real=0.00s
[186.956s][info][gc,start       ] GC(317) Pause Full (System.gc())
[186.956s][info][gc,phases,start] GC(317) Marking Phase
[186.960s][info][gc,phases      ] GC(317) Marking Phase 4.450ms
[186.960s][info][gc,phases,start] GC(317) Summary Phase
[186.960s][info][gc,phases      ] GC(317) Summary Phase 0.008ms
[186.960s][info][gc,phases,start] GC(317) Adjust Roots
[186.963s][info][gc,phases      ] GC(317) Adjust Roots 2.253ms
[186.963s][info][gc,phases,start] GC(317) Compaction Phase
[186.965s][info][gc,phases      ] GC(317) Compaction Phase 2.664ms
[186.966s][info][gc,phases,start] GC(317) Post Compact
[186.966s][info][gc,phases      ] GC(317) Post Compact 0.509ms
[186.966s][info][gc,heap        ] GC(317) PSYoungGen: 64K(1347072K)->0K(1347072K) Eden: 0K(1296384K)->0K(1296384K) From: 64K(50688K)->0K(50688K)
[186.966s][info][gc,heap        ] GC(317) ParOldGen: 5076K(2796544K)->5020K(2796544K)
[186.966s][info][gc,metaspace   ] GC(317) Metaspace: 14882K(15104K)->14882K(15104K) NonClass: 12901K(12992K)->12901K(12992K) Class: 1981K(2112K)->1981K(2112K)
[186.966s][info][gc             ] GC(317) Pause Full (System.gc()) 5M->4M(4046M) 10.168ms
[186.966s][info][gc,cpu         ] GC(317) User=0.02s Sys=0.00s Real=0.01s
[188.182s][info][gc,start       ] GC(318) Pause Young (Allocation Failure)
[188.193s][info][gc,heap        ] GC(318) PSYoungGen: 1296384K(1347072K)->26197K(1347072K) Eden: 1296384K(1296384K)->0K(1296384K) From: 0K(50688K)->26197K(50688K)
[188.193s][info][gc,heap        ] GC(318) ParOldGen: 5020K(2796544K)->5020K(2796544K)
[188.193s][info][gc,metaspace   ] GC(318) Metaspace: 14883K(15104K)->14883K(15104K) NonClass: 12902K(12992K)->12902K(12992K) Class: 1981K(2112K)->1981K(2112K)
[188.193s][info][gc             ] GC(318) Pause Young (Allocation Failure) 1270M->30M(4046M) 11.503ms
[188.193s][info][gc,cpu         ] GC(318) User=0.00s Sys=0.00s Real=0.02s
[189.424s][info][gc,start       ] GC(319) Pause Young (Allocation Failure)
[189.441s][info][gc,heap        ] GC(319) PSYoungGen: 1322581K(1347072K)->26168K(1347072K) Eden: 1296384K(1296384K)->0K(1296384K) From: 26197K(50688K)->26168K(50688K)
[189.441s][info][gc,heap        ] GC(319) ParOldGen: 5020K(2796544K)->5044K(2796544K)
[189.441s][info][gc,metaspace   ] GC(319) Metaspace: 14883K(15104K)->14883K(15104K) NonClass: 12902K(12992K)->12902K(12992K) Class: 1981K(2112K)->1981K(2112K)
[189.441s][info][gc             ] GC(319) Pause Young (Allocation Failure) 1296M->30M(4046M) 17.030ms
[189.441s][info][gc,cpu         ] GC(319) User=0.05s Sys=0.00s Real=0.03s
[189.468s][info][gc,start       ] GC(320) Pause Young (System.gc())
[189.468s][info][gc,heap        ] GC(320) PSYoungGen: 103949K(1347072K)->96K(1347072K) Eden: 77781K(1296384K)->0K(1296384K) From: 26168K(50688K)->96K(50688K)
[189.468s][info][gc,heap        ] GC(320) ParOldGen: 5044K(2796544K)->5068K(2796544K)
[189.468s][info][gc,metaspace   ] GC(320) Metaspace: 14883K(15104K)->14883K(15104K) NonClass: 12902K(12992K)->12902K(12992K) Class: 1981K(2112K)->1981K(2112K)
[189.468s][info][gc             ] GC(320) Pause Young (System.gc()) 106M->5M(4046M) 0.350ms
[189.468s][info][gc,cpu         ] GC(320) User=0.00s Sys=0.00s Real=0.00s
[189.468s][info][gc,start       ] GC(321) Pause Full (System.gc())
[189.468s][info][gc,phases,start] GC(321) Marking Phase
[189.473s][info][gc,phases      ] GC(321) Marking Phase 4.525ms
[189.473s][info][gc,phases,start] GC(321) Summary Phase
[189.473s][info][gc,phases      ] GC(321) Summary Phase 0.009ms
[189.473s][info][gc,phases,start] GC(321) Adjust Roots
[189.475s][info][gc,phases      ] GC(321) Adjust Roots 2.232ms
[189.475s][info][gc,phases,start] GC(321) Compaction Phase
[189.478s][info][gc,phases      ] GC(321) Compaction Phase 2.638ms
[189.478s][info][gc,phases,start] GC(321) Post Compact
[189.478s][info][gc,phases      ] GC(321) Post Compact 0.492ms
[189.478s][info][gc,heap        ] GC(321) PSYoungGen: 96K(1347072K)->0K(1347072K) Eden: 0K(1296384K)->0K(1296384K) From: 96K(50688K)->0K(50688K)
[189.478s][info][gc,heap        ] GC(321) ParOldGen: 5068K(2796544K)->5020K(2796544K)
[189.478s][info][gc,metaspace   ] GC(321) Metaspace: 14883K(15104K)->14883K(15104K) NonClass: 12902K(12992K)->12902K(12992K) Class: 1981K(2112K)->1981K(2112K)
[189.478s][info][gc             ] GC(321) Pause Full (System.gc()) 5M->4M(4046M) 10.171ms
[189.478s][info][gc,cpu         ] GC(321) User=0.03s Sys=0.00s Real=0.02s
[190.694s][info][gc,start       ] GC(322) Pause Young (Allocation Failure)
[190.705s][info][gc,heap        ] GC(322) PSYoungGen: 1296384K(1347072K)->26165K(1347072K) Eden: 1296384K(1296384K)->0K(1296384K) From: 0K(50688K)->26165K(50688K)
[190.705s][info][gc,heap        ] GC(322) ParOldGen: 5020K(2796544K)->5020K(2796544K)
[190.705s][info][gc,metaspace   ] GC(322) Metaspace: 14883K(15104K)->14883K(15104K) NonClass: 12902K(12992K)->12902K(12992K) Class: 1981K(2112K)->1981K(2112K)
[190.705s][info][gc             ] GC(322) Pause Young (Allocation Failure) 1270M->30M(4046M) 11.055ms
[190.705s][info][gc,cpu         ] GC(322) User=0.09s Sys=0.00s Real=0.01s
[191.937s][info][gc,start       ] GC(323) Pause Young (Allocation Failure)
[191.948s][info][gc,heap        ] GC(323) PSYoungGen: 1322549K(1347072K)->26165K(1347072K) Eden: 1296384K(1296384K)->0K(1296384K) From: 26165K(50688K)->26165K(50688K)
[191.948s][info][gc,heap        ] GC(323) ParOldGen: 5020K(2796544K)->5044K(2796544K)
[191.948s][info][gc,metaspace   ] GC(323) Metaspace: 14883K(15104K)->14883K(15104K) NonClass: 12902K(12992K)->12902K(12992K) Class: 1981K(2112K)->1981K(2112K)
[191.948s][info][gc             ] GC(323) Pause Young (Allocation Failure) 1296M->30M(4046M) 11.060ms
[191.948s][info][gc,cpu         ] GC(323) User=0.09s Sys=0.00s Real=0.02s
[191.975s][info][gc,start       ] GC(324) Pause Young (System.gc())
[191.975s][info][gc,heap        ] GC(324) PSYoungGen: 103946K(1347072K)->96K(1347072K) Eden: 77781K(1296384K)->0K(1296384K) From: 26165K(50688K)->96K(50688K)
[191.975s][info][gc,heap        ] GC(324) ParOldGen: 5044K(2796544K)->5060K(2796544K)
[191.975s][info][gc,metaspace   ] GC(324) Metaspace: 14883K(15104K)->14883K(15104K) NonClass: 12902K(12992K)->12902K(12992K) Class: 1981K(2112K)->1981K(2112K)
[191.975s][info][gc             ] GC(324) Pause Young (System.gc()) 106M->5M(4046M) 0.542ms
[191.975s][info][gc,cpu         ] GC(324) User=0.00s Sys=0.00s Real=0.00s
[191.975s][info][gc,start       ] GC(325) Pause Full (System.gc())
[191.975s][info][gc,phases,start] GC(325) Marking Phase
[191.980s][info][gc,phases      ] GC(325) Marking Phase 4.550ms
[191.980s][info][gc,phases,start] GC(325) Summary Phase
[191.980s][info][gc,phases      ] GC(325) Summary Phase 0.010ms
[191.980s][info][gc,phases,start] GC(325) Adjust Roots
[191.982s][info][gc,phases      ] GC(325) Adjust Roots 2.325ms
[191.982s][info][gc,phases,start] GC(325) Compaction Phase
[191.985s][info][gc,phases      ] GC(325) Compaction Phase 2.588ms
[191.985s][info][gc,phases,start] GC(325) Post Compact
[191.985s][info][gc,phases      ] GC(325) Post Compact 0.432ms
[191.985s][info][gc,heap        ] GC(325) PSYoungGen: 96K(1347072K)->0K(1347072K) Eden: 0K(1296384K)->0K(1296384K) From: 96K(50688K)->0K(50688K)
[191.985s][info][gc,heap        ] GC(325) ParOldGen: 5060K(2796544K)->5021K(2796544K)
[191.985s][info][gc,metaspace   ] GC(325) Metaspace: 14883K(15104K)->14883K(15104K) NonClass: 12902K(12992K)->12902K(12992K) Class: 1981K(2112K)->1981K(2112K)
[191.985s][info][gc             ] GC(325) Pause Full (System.gc()) 5M->4M(4046M) 10.155ms
[191.985s][info][gc,cpu         ] GC(325) User=0.02s Sys=0.00s Real=0.00s
[193.198s][info][gc,start       ] GC(326) Pause Young (Allocation Failure)
[193.210s][info][gc,heap        ] GC(326) PSYoungGen: 1296384K(1347072K)->26197K(1347072K) Eden: 1296384K(1296384K)->0K(1296384K) From: 0K(50688K)->26197K(50688K)
[193.210s][info][gc,heap        ] GC(326) ParOldGen: 5021K(2796544K)->5021K(2796544K)
[193.210s][info][gc,metaspace   ] GC(326) Metaspace: 14883K(15104K)->14883K(15104K) NonClass: 12902K(12992K)->12902K(12992K) Class: 1981K(2112K)->1981K(2112K)
[193.210s][info][gc             ] GC(326) Pause Young (Allocation Failure) 1270M->30M(4046M) 11.387ms
[193.210s][info][gc,cpu         ] GC(326) User=0.00s Sys=0.00s Real=0.03s
[194.441s][info][gc,start       ] GC(327) Pause Young (Allocation Failure)
[194.453s][info][gc,heap        ] GC(327) PSYoungGen: 1322581K(1347072K)->26197K(1347072K) Eden: 1296384K(1296384K)->0K(1296384K) From: 26197K(50688K)->26197K(50688K)
[194.454s][info][gc,heap        ] GC(327) ParOldGen: 5021K(2796544K)->5053K(2796544K)
[194.454s][info][gc,metaspace   ] GC(327) Metaspace: 14883K(15104K)->14883K(15104K) NonClass: 12902K(12992K)->12902K(12992K) Class: 1981K(2112K)->1981K(2112K)
[194.454s][info][gc             ] GC(327) Pause Young (Allocation Failure) 1296M->30M(4046M) 12.706ms
[194.454s][info][gc,cpu         ] GC(327) User=0.06s Sys=0.00s Real=0.02s
[194.481s][info][gc,start       ] GC(328) Pause Young (System.gc())
[194.481s][info][gc,heap        ] GC(328) PSYoungGen: 103978K(1347072K)->128K(1347072K) Eden: 77781K(1296384K)->0K(1296384K) From: 26197K(50688K)->128K(50688K)
[194.481s][info][gc,heap        ] GC(328) ParOldGen: 5053K(2796544K)->5085K(2796544K)
[194.481s][info][gc,metaspace   ] GC(328) Metaspace: 14883K(15104K)->14883K(15104K) NonClass: 12902K(12992K)->12902K(12992K) Class: 1981K(2112K)->1981K(2112K)
[194.481s][info][gc             ] GC(328) Pause Young (System.gc()) 106M->5M(4046M) 0.372ms
[194.481s][info][gc,cpu         ] GC(328) User=0.00s Sys=0.00s Real=0.00s
[194.481s][info][gc,start       ] GC(329) Pause Full (System.gc())
[194.481s][info][gc,phases,start] GC(329) Marking Phase
[194.485s][info][gc,phases      ] GC(329) Marking Phase 4.327ms
[194.485s][info][gc,phases,start] GC(329) Summary Phase
[194.485s][info][gc,phases      ] GC(329) Summary Phase 0.008ms
[194.485s][info][gc,phases,start] GC(329) Adjust Roots
[194.488s][info][gc,phases      ] GC(329) Adjust Roots 2.557ms
[194.488s][info][gc,phases,start] GC(329) Compaction Phase
[194.490s][info][gc,phases      ] GC(329) Compaction Phase 2.250ms
[194.490s][info][gc,phases,start] GC(329) Post Compact
[194.491s][info][gc,phases      ] GC(329) Post Compact 0.427ms
[194.491s][info][gc,heap        ] GC(329) PSYoungGen: 128K(1347072K)->0K(1347072K) Eden: 0K(1296384K)->0K(1296384K) From: 128K(50688K)->0K(50688K)
[194.491s][info][gc,heap        ] GC(329) ParOldGen: 5085K(2796544K)->5020K(2796544K)
[194.491s][info][gc,metaspace   ] GC(329) Metaspace: 14883K(15104K)->14883K(15104K) NonClass: 12902K(12992K)->12902K(12992K) Class: 1981K(2112K)->1981K(2112K)
[194.491s][info][gc             ] GC(329) Pause Full (System.gc()) 5M->4M(4046M) 9.831ms
[194.491s][info][gc,cpu         ] GC(329) User=0.00s Sys=0.00s Real=0.01s
[195.706s][info][gc,start       ] GC(330) Pause Young (Allocation Failure)
[195.717s][info][gc,heap        ] GC(330) PSYoungGen: 1296384K(1347072K)->26165K(1347072K) Eden: 1296384K(1296384K)->0K(1296384K) From: 0K(50688K)->26165K(50688K)
[195.717s][info][gc,heap        ] GC(330) ParOldGen: 5020K(2796544K)->5020K(2796544K)
[195.717s][info][gc,metaspace   ] GC(330) Metaspace: 14883K(15104K)->14883K(15104K) NonClass: 12902K(12992K)->12902K(12992K) Class: 1981K(2112K)->1981K(2112K)
[195.717s][info][gc             ] GC(330) Pause Young (Allocation Failure) 1270M->30M(4046M) 11.083ms
[195.717s][info][gc,cpu         ] GC(330) User=0.08s Sys=0.02s Real=0.01s
[196.947s][info][gc,start       ] GC(331) Pause Young (Allocation Failure)
[196.959s][info][gc,heap        ] GC(331) PSYoungGen: 1322549K(1347072K)->26165K(1347072K) Eden: 1296384K(1296384K)->0K(1296384K) From: 26165K(50688K)->26165K(50688K)
[196.959s][info][gc,heap        ] GC(331) ParOldGen: 5020K(2796544K)->5044K(2796544K)
[196.959s][info][gc,metaspace   ] GC(331) Metaspace: 14883K(15104K)->14883K(15104K) NonClass: 12902K(12992K)->12902K(12992K) Class: 1981K(2112K)->1981K(2112K)
[196.959s][info][gc             ] GC(331) Pause Young (Allocation Failure) 1296M->30M(4046M) 11.334ms
[196.959s][info][gc,cpu         ] GC(331) User=0.00s Sys=0.00s Real=0.02s
[196.985s][info][gc,start       ] GC(332) Pause Young (System.gc())
[196.986s][info][gc,heap        ] GC(332) PSYoungGen: 103946K(1347072K)->64K(1347072K) Eden: 77781K(1296384K)->0K(1296384K) From: 26165K(50688K)->64K(50688K)
[196.986s][info][gc,heap        ] GC(332) ParOldGen: 5044K(2796544K)->5068K(2796544K)
[196.986s][info][gc,metaspace   ] GC(332) Metaspace: 14883K(15104K)->14883K(15104K) NonClass: 12902K(12992K)->12902K(12992K) Class: 1981K(2112K)->1981K(2112K)
[196.986s][info][gc             ] GC(332) Pause Young (System.gc()) 106M->5M(4046M) 0.653ms
[196.986s][info][gc,cpu         ] GC(332) User=0.00s Sys=0.00s Real=0.00s
[196.986s][info][gc,start       ] GC(333) Pause Full (System.gc())
[196.986s][info][gc,phases,start] GC(333) Marking Phase
[196.990s][info][gc,phases      ] GC(333) Marking Phase 4.457ms
[196.990s][info][gc,phases,start] GC(333) Summary Phase
[196.990s][info][gc,phases      ] GC(333) Summary Phase 0.010ms
[196.990s][info][gc,phases,start] GC(333) Adjust Roots
[196.993s][info][gc,phases      ] GC(333) Adjust Roots 2.513ms
[196.993s][info][gc,phases,start] GC(333) Compaction Phase
[196.995s][info][gc,phases      ] GC(333) Compaction Phase 2.245ms
[196.995s][info][gc,phases,start] GC(333) Post Compact
[196.996s][info][gc,phases      ] GC(333) Post Compact 0.587ms
[196.996s][info][gc,heap        ] GC(333) PSYoungGen: 64K(1347072K)->0K(1347072K) Eden: 0K(1296384K)->0K(1296384K) From: 64K(50688K)->0K(50688K)
[196.996s][info][gc,heap        ] GC(333) ParOldGen: 5068K(2796544K)->5020K(2796544K)
[196.996s][info][gc,metaspace   ] GC(333) Metaspace: 14883K(15104K)->14883K(15104K) NonClass: 12902K(12992K)->12902K(12992K) Class: 1981K(2112K)->1981K(2112K)
[196.996s][info][gc             ] GC(333) Pause Full (System.gc()) 5M->4M(4046M) 10.113ms
[196.996s][info][gc,cpu         ] GC(333) User=0.02s Sys=0.00s Real=0.00s
[198.210s][info][gc,start       ] GC(334) Pause Young (Allocation Failure)
[198.223s][info][gc,heap        ] GC(334) PSYoungGen: 1296384K(1347072K)->26200K(1347072K) Eden: 1296384K(1296384K)->0K(1296384K) From: 0K(50688K)->26200K(50688K)
[198.223s][info][gc,heap        ] GC(334) ParOldGen: 5020K(2796544K)->5020K(2796544K)
[198.223s][info][gc,metaspace   ] GC(334) Metaspace: 14883K(15104K)->14883K(15104K) NonClass: 12902K(12992K)->12902K(12992K) Class: 1981K(2112K)->1981K(2112K)
[198.223s][info][gc             ] GC(334) Pause Young (Allocation Failure) 1270M->30M(4046M) 12.351ms
[198.223s][info][gc,cpu         ] GC(334) User=0.06s Sys=0.00s Real=0.02s
[199.452s][info][gc,start       ] GC(335) Pause Young (Allocation Failure)
[199.463s][info][gc,heap        ] GC(335) PSYoungGen: 1322584K(1347072K)->26133K(1347072K) Eden: 1296384K(1296384K)->0K(1296384K) From: 26200K(50688K)->26133K(50688K)
[199.463s][info][gc,heap        ] GC(335) ParOldGen: 5020K(2796544K)->5044K(2796544K)
[199.463s][info][gc,metaspace   ] GC(335) Metaspace: 14883K(15104K)->14883K(15104K) NonClass: 12902K(12992K)->12902K(12992K) Class: 1981K(2112K)->1981K(2112K)
[199.463s][info][gc             ] GC(335) Pause Young (Allocation Failure) 1296M->30M(4046M) 11.362ms
[199.463s][info][gc,cpu         ] GC(335) User=0.09s Sys=0.00s Real=0.01s
[199.490s][info][gc,start       ] GC(336) Pause Young (System.gc())
[199.490s][info][gc,heap        ] GC(336) PSYoungGen: 103914K(1347072K)->96K(1347072K) Eden: 77781K(1296384K)->0K(1296384K) From: 26133K(50688K)->96K(50688K)
[199.490s][info][gc,heap        ] GC(336) ParOldGen: 5044K(2796544K)->5068K(2796544K)
[199.490s][info][gc,metaspace   ] GC(336) Metaspace: 14883K(15104K)->14883K(15104K) NonClass: 12902K(12992K)->12902K(12992K) Class: 1981K(2112K)->1981K(2112K)
[199.490s][info][gc             ] GC(336) Pause Young (System.gc()) 106M->5M(4046M) 0.356ms
[199.490s][info][gc,cpu         ] GC(336) User=0.00s Sys=0.00s Real=0.00s
[199.490s][info][gc,start       ] GC(337) Pause Full (System.gc())
[199.490s][info][gc,phases,start] GC(337) Marking Phase
[199.494s][info][gc,phases      ] GC(337) Marking Phase 4.512ms
[199.494s][info][gc,phases,start] GC(337) Summary Phase
[199.495s][info][gc,phases      ] GC(337) Summary Phase 0.009ms
[199.495s][info][gc,phases,start] GC(337) Adjust Roots
[199.497s][info][gc,phases      ] GC(337) Adjust Roots 2.469ms
[199.497s][info][gc,phases,start] GC(337) Compaction Phase
[199.499s][info][gc,phases      ] GC(337) Compaction Phase 2.109ms
[199.499s][info][gc,phases,start] GC(337) Post Compact
[199.500s][info][gc,phases      ] GC(337) Post Compact 0.416ms
[199.500s][info][gc,heap        ] GC(337) PSYoungGen: 96K(1347072K)->0K(1347072K) Eden: 0K(1296384K)->0K(1296384K) From: 96K(50688K)->0K(50688K)
[199.500s][info][gc,heap        ] GC(337) ParOldGen: 5068K(2796544K)->5021K(2796544K)
[199.500s][info][gc,metaspace   ] GC(337) Metaspace: 14883K(15104K)->14883K(15104K) NonClass: 12902K(12992K)->12902K(12992K) Class: 1981K(2112K)->1981K(2112K)
[199.500s][info][gc             ] GC(337) Pause Full (System.gc()) 5M->4M(4046M) 9.794ms
[199.500s][info][gc,cpu         ] GC(337) User=0.02s Sys=0.00s Real=0.01s
[200.716s][info][gc,start       ] GC(338) Pause Young (Allocation Failure)
[200.728s][info][gc,heap        ] GC(338) PSYoungGen: 1296384K(1347072K)->26197K(1347072K) Eden: 1296384K(1296384K)->0K(1296384K) From: 0K(50688K)->26197K(50688K)
[200.728s][info][gc,heap        ] GC(338) ParOldGen: 5021K(2796544K)->5021K(2796544K)
[200.728s][info][gc,metaspace   ] GC(338) Metaspace: 14883K(15104K)->14883K(15104K) NonClass: 12902K(12992K)->12902K(12992K) Class: 1981K(2112K)->1981K(2112K)
[200.728s][info][gc             ] GC(338) Pause Young (Allocation Failure) 1270M->30M(4046M) 12.624ms
[200.728s][info][gc,cpu         ] GC(338) User=0.03s Sys=0.00s Real=0.01s
[201.959s][info][gc,start       ] GC(339) Pause Young (Allocation Failure)
[201.970s][info][gc,heap        ] GC(339) PSYoungGen: 1322581K(1347072K)->26165K(1347072K) Eden: 1296384K(1296384K)->0K(1296384K) From: 26197K(50688K)->26165K(50688K)
[201.970s][info][gc,heap        ] GC(339) ParOldGen: 5021K(2796544K)->5061K(2796544K)
[201.970s][info][gc,metaspace   ] GC(339) Metaspace: 14883K(15104K)->14883K(15104K) NonClass: 12902K(12992K)->12902K(12992K) Class: 1981K(2112K)->1981K(2112K)
[201.970s][info][gc             ] GC(339) Pause Young (Allocation Failure) 1296M->30M(4046M) 11.055ms
[201.970s][info][gc,cpu         ] GC(339) User=0.09s Sys=0.00s Real=0.02s
[201.997s][info][gc,start       ] GC(340) Pause Young (System.gc())
[201.997s][info][gc,heap        ] GC(340) PSYoungGen: 103946K(1347072K)->96K(1347072K) Eden: 77781K(1296384K)->0K(1296384K) From: 26165K(50688K)->96K(50688K)
[201.997s][info][gc,heap        ] GC(340) ParOldGen: 5061K(2796544K)->5085K(2796544K)
[201.997s][info][gc,metaspace   ] GC(340) Metaspace: 14883K(15104K)->14883K(15104K) NonClass: 12902K(12992K)->12902K(12992K) Class: 1981K(2112K)->1981K(2112K)
[201.997s][info][gc             ] GC(340) Pause Young (System.gc()) 106M->5M(4046M) 0.354ms
[201.997s][info][gc,cpu         ] GC(340) User=0.00s Sys=0.00s Real=0.00s
[201.997s][info][gc,start       ] GC(341) Pause Full (System.gc())
[201.997s][info][gc,phases,start] GC(341) Marking Phase
[202.002s][info][gc,phases      ] GC(341) Marking Phase 4.527ms
[202.002s][info][gc,phases,start] GC(341) Summary Phase
[202.002s][info][gc,phases      ] GC(341) Summary Phase 0.009ms
[202.002s][info][gc,phases,start] GC(341) Adjust Roots
[202.004s][info][gc,phases      ] GC(341) Adjust Roots 2.395ms
[202.004s][info][gc,phases,start] GC(341) Compaction Phase
[202.006s][info][gc,phases      ] GC(341) Compaction Phase 1.777ms
[202.006s][info][gc,phases,start] GC(341) Post Compact
[202.006s][info][gc,phases      ] GC(341) Post Compact 0.420ms
[202.007s][info][gc,heap        ] GC(341) PSYoungGen: 96K(1347072K)->0K(1347072K) Eden: 0K(1296384K)->0K(1296384K) From: 96K(50688K)->0K(50688K)
[202.007s][info][gc,heap        ] GC(341) ParOldGen: 5085K(2796544K)->5021K(2796544K)
[202.007s][info][gc,metaspace   ] GC(341) Metaspace: 14883K(15104K)->14883K(15104K) NonClass: 12902K(12992K)->12902K(12992K) Class: 1981K(2112K)->1981K(2112K)
[202.007s][info][gc             ] GC(341) Pause Full (System.gc()) 5M->4M(4046M) 9.399ms
[202.007s][info][gc,cpu         ] GC(341) User=0.00s Sys=0.00s Real=0.01s
[203.222s][info][gc,start       ] GC(342) Pause Young (Allocation Failure)
[203.235s][info][gc,heap        ] GC(342) PSYoungGen: 1296384K(1347072K)->26165K(1347072K) Eden: 1296384K(1296384K)->0K(1296384K) From: 0K(50688K)->26165K(50688K)
[203.235s][info][gc,heap        ] GC(342) ParOldGen: 5021K(2796544K)->5021K(2796544K)
[203.235s][info][gc,metaspace   ] GC(342) Metaspace: 14886K(15104K)->14886K(15104K) NonClass: 12904K(12992K)->12904K(12992K) Class: 1981K(2112K)->1981K(2112K)
[203.235s][info][gc             ] GC(342) Pause Young (Allocation Failure) 1270M->30M(4046M) 13.287ms
[203.235s][info][gc,cpu         ] GC(342) User=0.06s Sys=0.00s Real=0.01s
[204.465s][info][gc,start       ] GC(343) Pause Young (Allocation Failure)
[204.477s][info][gc,heap        ] GC(343) PSYoungGen: 1322549K(1347072K)->26165K(1347072K) Eden: 1296384K(1296384K)->0K(1296384K) From: 26165K(50688K)->26165K(50688K)
[204.477s][info][gc,heap        ] GC(343) ParOldGen: 5021K(2796544K)->5053K(2796544K)
[204.477s][info][gc,metaspace   ] GC(343) Metaspace: 14886K(15104K)->14886K(15104K) NonClass: 12904K(12992K)->12904K(12992K) Class: 1981K(2112K)->1981K(2112K)
[204.477s][info][gc             ] GC(343) Pause Young (Allocation Failure) 1296M->30M(4046M) 11.531ms
[204.477s][info][gc,cpu         ] GC(343) User=0.00s Sys=0.00s Real=0.02s
[204.503s][info][gc,start       ] GC(344) Pause Young (System.gc())
[204.504s][info][gc,heap        ] GC(344) PSYoungGen: 103946K(1347072K)->96K(1347072K) Eden: 77781K(1296384K)->0K(1296384K) From: 26165K(50688K)->96K(50688K)
[204.504s][info][gc,heap        ] GC(344) ParOldGen: 5053K(2796544K)->5069K(2796544K)
[204.504s][info][gc,metaspace   ] GC(344) Metaspace: 14888K(15104K)->14888K(15104K) NonClass: 12907K(12992K)->12907K(12992K) Class: 1981K(2112K)->1981K(2112K)
[204.504s][info][gc             ] GC(344) Pause Young (System.gc()) 106M->5M(4046M) 0.357ms
[204.504s][info][gc,cpu         ] GC(344) User=0.00s Sys=0.00s Real=0.00s
[204.504s][info][gc,start       ] GC(345) Pause Full (System.gc())
[204.504s][info][gc,phases,start] GC(345) Marking Phase
[204.509s][info][gc,phases      ] GC(345) Marking Phase 4.814ms
[204.509s][info][gc,phases,start] GC(345) Summary Phase
[204.509s][info][gc,phases      ] GC(345) Summary Phase 0.010ms
[204.509s][info][gc,phases,start] GC(345) Adjust Roots
[204.511s][info][gc,phases      ] GC(345) Adjust Roots 2.248ms
[204.511s][info][gc,phases,start] GC(345) Compaction Phase
[204.514s][info][gc,phases      ] GC(345) Compaction Phase 2.485ms
[204.514s][info][gc,phases,start] GC(345) Post Compact
[204.514s][info][gc,phases      ] GC(345) Post Compact 0.420ms
[204.514s][info][gc,heap        ] GC(345) PSYoungGen: 96K(1347072K)->0K(1347072K) Eden: 0K(1296384K)->0K(1296384K) From: 96K(50688K)->0K(50688K)
[204.514s][info][gc,heap        ] GC(345) ParOldGen: 5069K(2796544K)->5021K(2796544K)
[204.514s][info][gc,metaspace   ] GC(345) Metaspace: 14888K(15104K)->14888K(15104K) NonClass: 12907K(12992K)->12907K(12992K) Class: 1981K(2112K)->1981K(2112K)
[204.514s][info][gc             ] GC(345) Pause Full (System.gc()) 5M->4M(4046M) 10.246ms
[204.514s][info][gc,cpu         ] GC(345) User=0.08s Sys=0.02s Real=0.01s
[205.734s][info][gc,start       ] GC(346) Pause Young (Allocation Failure)
[205.747s][info][gc,heap        ] GC(346) PSYoungGen: 1296384K(1347072K)->26232K(1347072K) Eden: 1296384K(1296384K)->0K(1296384K) From: 0K(50688K)->26232K(50688K)
[205.747s][info][gc,heap        ] GC(346) ParOldGen: 5021K(2796544K)->5021K(2796544K)
[205.747s][info][gc,metaspace   ] GC(346) Metaspace: 14899K(15168K)->14899K(15168K) NonClass: 12918K(13056K)->12918K(13056K) Class: 1981K(2112K)->1981K(2112K)
[205.747s][info][gc             ] GC(346) Pause Young (Allocation Failure) 1270M->30M(4046M) 13.426ms
[205.747s][info][gc,cpu         ] GC(346) User=0.06s Sys=0.00s Real=0.01s
[206.975s][info][gc,start       ] GC(347) Pause Young (Allocation Failure)
[206.986s][info][gc,heap        ] GC(347) PSYoungGen: 1322616K(1347072K)->26165K(1347072K) Eden: 1296384K(1296384K)->0K(1296384K) From: 26232K(50688K)->26165K(50688K)
[206.986s][info][gc,heap        ] GC(347) ParOldGen: 5021K(2796544K)->5053K(2796544K)
[206.986s][info][gc,metaspace   ] GC(347) Metaspace: 14899K(15168K)->14899K(15168K) NonClass: 12918K(13056K)->12918K(13056K) Class: 1981K(2112K)->1981K(2112K)
[206.986s][info][gc             ] GC(347) Pause Young (Allocation Failure) 1296M->30M(4046M) 11.055ms
[206.986s][info][gc,cpu         ] GC(347) User=0.09s Sys=0.00s Real=0.01s
[207.013s][info][gc,start       ] GC(348) Pause Young (System.gc())
[207.013s][info][gc,heap        ] GC(348) PSYoungGen: 103946K(1347072K)->96K(1347072K) Eden: 77781K(1296384K)->0K(1296384K) From: 26165K(50688K)->96K(50688K)
[207.013s][info][gc,heap        ] GC(348) ParOldGen: 5053K(2796544K)->5077K(2796544K)
[207.014s][info][gc,metaspace   ] GC(348) Metaspace: 14899K(15168K)->14899K(15168K) NonClass: 12918K(13056K)->12918K(13056K) Class: 1981K(2112K)->1981K(2112K)
[207.014s][info][gc             ] GC(348) Pause Young (System.gc()) 106M->5M(4046M) 0.412ms
[207.014s][info][gc,cpu         ] GC(348) User=0.00s Sys=0.00s Real=0.00s
[207.014s][info][gc,start       ] GC(349) Pause Full (System.gc())
[207.014s][info][gc,phases,start] GC(349) Marking Phase
[207.018s][info][gc,phases      ] GC(349) Marking Phase 4.623ms
[207.018s][info][gc,phases,start] GC(349) Summary Phase
[207.018s][info][gc,phases      ] GC(349) Summary Phase 0.009ms
[207.018s][info][gc,phases,start] GC(349) Adjust Roots
[207.021s][info][gc,phases      ] GC(349) Adjust Roots 2.337ms
[207.021s][info][gc,phases,start] GC(349) Compaction Phase
[207.023s][info][gc,phases      ] GC(349) Compaction Phase 2.252ms
[207.023s][info][gc,phases,start] GC(349) Post Compact
[207.023s][info][gc,phases      ] GC(349) Post Compact 0.409ms
[207.023s][info][gc,heap        ] GC(349) PSYoungGen: 96K(1347072K)->0K(1347072K) Eden: 0K(1296384K)->0K(1296384K) From: 96K(50688K)->0K(50688K)
[207.023s][info][gc,heap        ] GC(349) ParOldGen: 5077K(2796544K)->5021K(2796544K)
[207.023s][info][gc,metaspace   ] GC(349) Metaspace: 14899K(15168K)->14899K(15168K) NonClass: 12918K(13056K)->12918K(13056K) Class: 1981K(2112K)->1981K(2112K)
[207.023s][info][gc             ] GC(349) Pause Full (System.gc()) 5M->4M(4046M) 9.899ms
[207.023s][info][gc,cpu         ] GC(349) User=0.00s Sys=0.00s Real=0.02s
[208.238s][info][gc,start       ] GC(350) Pause Young (Allocation Failure)
[208.253s][info][gc,heap        ] GC(350) PSYoungGen: 1296384K(1347072K)->26133K(1347072K) Eden: 1296384K(1296384K)->0K(1296384K) From: 0K(50688K)->26133K(50688K)
[208.253s][info][gc,heap        ] GC(350) ParOldGen: 5021K(2796544K)->5021K(2796544K)
[208.253s][info][gc,metaspace   ] GC(350) Metaspace: 14899K(15168K)->14899K(15168K) NonClass: 12918K(13056K)->12918K(13056K) Class: 1981K(2112K)->1981K(2112K)
[208.253s][info][gc             ] GC(350) Pause Young (Allocation Failure) 1270M->30M(4046M) 15.116ms
[208.253s][info][gc,cpu         ] GC(350) User=0.05s Sys=0.00s Real=0.01s
[209.485s][info][gc,start       ] GC(351) Pause Young (Allocation Failure)
[209.496s][info][gc,heap        ] GC(351) PSYoungGen: 1322517K(1347072K)->26133K(1347072K) Eden: 1296384K(1296384K)->0K(1296384K) From: 26133K(50688K)->26133K(50688K)
[209.496s][info][gc,heap        ] GC(351) ParOldGen: 5021K(2796544K)->5053K(2796544K)
[209.496s][info][gc,metaspace   ] GC(351) Metaspace: 14899K(15168K)->14899K(15168K) NonClass: 12918K(13056K)->12918K(13056K) Class: 1981K(2112K)->1981K(2112K)
[209.496s][info][gc             ] GC(351) Pause Young (Allocation Failure) 1296M->30M(4046M) 11.004ms
[209.496s][info][gc,cpu         ] GC(351) User=0.09s Sys=0.00s Real=0.01s
[209.523s][info][gc,start       ] GC(352) Pause Young (System.gc())
[209.523s][info][gc,heap        ] GC(352) PSYoungGen: 103914K(1347072K)->96K(1347072K) Eden: 77781K(1296384K)->0K(1296384K) From: 26133K(50688K)->96K(50688K)
[209.523s][info][gc,heap        ] GC(352) ParOldGen: 5053K(2796544K)->5085K(2796544K)
[209.523s][info][gc,metaspace   ] GC(352) Metaspace: 14899K(15168K)->14899K(15168K) NonClass: 12918K(13056K)->12918K(13056K) Class: 1981K(2112K)->1981K(2112K)
[209.523s][info][gc             ] GC(352) Pause Young (System.gc()) 106M->5M(4046M) 0.379ms
[209.523s][info][gc,cpu         ] GC(352) User=0.00s Sys=0.00s Real=0.00s
[209.523s][info][gc,start       ] GC(353) Pause Full (System.gc())
[209.523s][info][gc,phases,start] GC(353) Marking Phase
[209.528s][info][gc,phases      ] GC(353) Marking Phase 4.508ms
[209.528s][info][gc,phases,start] GC(353) Summary Phase
[209.528s][info][gc,phases      ] GC(353) Summary Phase 0.010ms
[209.528s][info][gc,phases,start] GC(353) Adjust Roots
[209.530s][info][gc,phases      ] GC(353) Adjust Roots 2.493ms
[209.530s][info][gc,phases,start] GC(353) Compaction Phase
[209.532s][info][gc,phases      ] GC(353) Compaction Phase 2.094ms
[209.532s][info][gc,phases,start] GC(353) Post Compact
[209.533s][info][gc,phases      ] GC(353) Post Compact 0.438ms
[209.533s][info][gc,heap        ] GC(353) PSYoungGen: 96K(1347072K)->0K(1347072K) Eden: 0K(1296384K)->0K(1296384K) From: 96K(50688K)->0K(50688K)
[209.533s][info][gc,heap        ] GC(353) ParOldGen: 5085K(2796544K)->5021K(2796544K)
[209.533s][info][gc,metaspace   ] GC(353) Metaspace: 14899K(15168K)->14899K(15168K) NonClass: 12918K(13056K)->12918K(13056K) Class: 1981K(2112K)->1981K(2112K)
[209.533s][info][gc             ] GC(353) Pause Full (System.gc()) 5M->4M(4046M) 9.834ms
[209.533s][info][gc,cpu         ] GC(353) User=0.09s Sys=0.00s Real=0.02s
[210.750s][info][gc,start       ] GC(354) Pause Young (Allocation Failure)
[210.761s][info][gc,heap        ] GC(354) PSYoungGen: 1296384K(1347072K)->26133K(1347072K) Eden: 1296384K(1296384K)->0K(1296384K) From: 0K(50688K)->26133K(50688K)
[210.761s][info][gc,heap        ] GC(354) ParOldGen: 5021K(2796544K)->5021K(2796544K)
[210.761s][info][gc,metaspace   ] GC(354) Metaspace: 14899K(15168K)->14899K(15168K) NonClass: 12918K(13056K)->12918K(13056K) Class: 1981K(2112K)->1981K(2112K)
[210.761s][info][gc             ] GC(354) Pause Young (Allocation Failure) 1270M->30M(4046M) 11.133ms
[210.761s][info][gc,cpu         ] GC(354) User=0.09s Sys=0.00s Real=0.01s
[211.988s][info][gc,start       ] GC(355) Pause Young (Allocation Failure)
[212.000s][info][gc,heap        ] GC(355) PSYoungGen: 1322517K(1347072K)->26165K(1347072K) Eden: 1296384K(1296384K)->0K(1296384K) From: 26133K(50688K)->26165K(50688K)
[212.000s][info][gc,heap        ] GC(355) ParOldGen: 5021K(2796544K)->5045K(2796544K)
[212.000s][info][gc,metaspace   ] GC(355) Metaspace: 14899K(15168K)->14899K(15168K) NonClass: 12918K(13056K)->12918K(13056K) Class: 1981K(2112K)->1981K(2112K)
[212.000s][info][gc             ] GC(355) Pause Young (Allocation Failure) 1296M->30M(4046M) 12.099ms
[212.000s][info][gc,cpu         ] GC(355) User=0.09s Sys=0.00s Real=0.02s
[212.027s][info][gc,start       ] GC(356) Pause Young (System.gc())
[212.027s][info][gc,heap        ] GC(356) PSYoungGen: 103946K(1347072K)->96K(1347072K) Eden: 77781K(1296384K)->0K(1296384K) From: 26165K(50688K)->96K(50688K)
[212.027s][info][gc,heap        ] GC(356) ParOldGen: 5045K(2796544K)->5069K(2796544K)
[212.027s][info][gc,metaspace   ] GC(356) Metaspace: 14899K(15168K)->14899K(15168K) NonClass: 12918K(13056K)->12918K(13056K) Class: 1981K(2112K)->1981K(2112K)
[212.027s][info][gc             ] GC(356) Pause Young (System.gc()) 106M->5M(4046M) 0.349ms
[212.027s][info][gc,cpu         ] GC(356) User=0.00s Sys=0.00s Real=0.00s
[212.027s][info][gc,start       ] GC(357) Pause Full (System.gc())
[212.027s][info][gc,phases,start] GC(357) Marking Phase
[212.032s][info][gc,phases      ] GC(357) Marking Phase 4.698ms
[212.032s][info][gc,phases,start] GC(357) Summary Phase
[212.032s][info][gc,phases      ] GC(357) Summary Phase 0.009ms
[212.032s][info][gc,phases,start] GC(357) Adjust Roots
[212.036s][info][gc,phases      ] GC(357) Adjust Roots 3.572ms
[212.036s][info][gc,phases,start] GC(357) Compaction Phase
[212.037s][info][gc,phases      ] GC(357) Compaction Phase 1.791ms
[212.037s][info][gc,phases,start] GC(357) Post Compact
[212.038s][info][gc,phases      ] GC(357) Post Compact 0.475ms
[212.038s][info][gc,heap        ] GC(357) PSYoungGen: 96K(1347072K)->0K(1347072K) Eden: 0K(1296384K)->0K(1296384K) From: 96K(50688K)->0K(50688K)
[212.038s][info][gc,heap        ] GC(357) ParOldGen: 5069K(2796544K)->5021K(2796544K)
[212.038s][info][gc,metaspace   ] GC(357) Metaspace: 14899K(15168K)->14899K(15168K) NonClass: 12918K(13056K)->12918K(13056K) Class: 1981K(2112K)->1981K(2112K)
[212.038s][info][gc             ] GC(357) Pause Full (System.gc()) 5M->4M(4046M) 10.765ms
[212.038s][info][gc,cpu         ] GC(357) User=0.00s Sys=0.00s Real=0.02s
[213.256s][info][gc,start       ] GC(358) Pause Young (Allocation Failure)
[213.267s][info][gc,heap        ] GC(358) PSYoungGen: 1296384K(1347072K)->26165K(1347072K) Eden: 1296384K(1296384K)->0K(1296384K) From: 0K(50688K)->26165K(50688K)
[213.267s][info][gc,heap        ] GC(358) ParOldGen: 5021K(2796544K)->5021K(2796544K)
[213.267s][info][gc,metaspace   ] GC(358) Metaspace: 14899K(15168K)->14899K(15168K) NonClass: 12918K(13056K)->12918K(13056K) Class: 1981K(2112K)->1981K(2112K)
[213.267s][info][gc             ] GC(358) Pause Young (Allocation Failure) 1270M->30M(4046M) 10.883ms
[213.267s][info][gc,cpu         ] GC(358) User=0.09s Sys=0.00s Real=0.01s
[214.496s][info][gc,start       ] GC(359) Pause Young (Allocation Failure)
[214.507s][info][gc,heap        ] GC(359) PSYoungGen: 1322549K(1347072K)->26165K(1347072K) Eden: 1296384K(1296384K)->0K(1296384K) From: 26165K(50688K)->26165K(50688K)
[214.507s][info][gc,heap        ] GC(359) ParOldGen: 5021K(2796544K)->5045K(2796544K)
[214.507s][info][gc,metaspace   ] GC(359) Metaspace: 14899K(15168K)->14899K(15168K) NonClass: 12918K(13056K)->12918K(13056K) Class: 1981K(2112K)->1981K(2112K)
[214.507s][info][gc             ] GC(359) Pause Young (Allocation Failure) 1296M->30M(4046M) 11.121ms
[214.507s][info][gc,cpu         ] GC(359) User=0.00s Sys=0.00s Real=0.02s
[214.534s][info][gc,start       ] GC(360) Pause Young (System.gc())
[214.534s][info][gc,heap        ] GC(360) PSYoungGen: 104924K(1347072K)->96K(1347072K) Eden: 78759K(1296384K)->0K(1296384K) From: 26165K(50688K)->96K(50688K)
[214.534s][info][gc,heap        ] GC(360) ParOldGen: 5045K(2796544K)->5069K(2796544K)
[214.534s][info][gc,metaspace   ] GC(360) Metaspace: 14905K(15168K)->14905K(15168K) NonClass: 12924K(13056K)->12924K(13056K) Class: 1981K(2112K)->1981K(2112K)
[214.534s][info][gc             ] GC(360) Pause Young (System.gc()) 107M->5M(4046M) 0.279ms
[214.534s][info][gc,cpu         ] GC(360) User=0.00s Sys=0.00s Real=0.00s
[214.534s][info][gc,start       ] GC(361) Pause Full (System.gc())
[214.534s][info][gc,phases,start] GC(361) Marking Phase
[214.539s][info][gc,phases      ] GC(361) Marking Phase 4.617ms
[214.539s][info][gc,phases,start] GC(361) Summary Phase
[214.539s][info][gc,phases      ] GC(361) Summary Phase 0.009ms
[214.539s][info][gc,phases,start] GC(361) Adjust Roots
[214.543s][info][gc,phases      ] GC(361) Adjust Roots 3.585ms
[214.543s][info][gc,phases,start] GC(361) Compaction Phase
[214.545s][info][gc,phases      ] GC(361) Compaction Phase 2.746ms
[214.545s][info][gc,phases,start] GC(361) Post Compact
[214.546s][info][gc,phases      ] GC(361) Post Compact 0.487ms
[214.546s][info][gc,heap        ] GC(361) PSYoungGen: 96K(1347072K)->0K(1347072K) Eden: 0K(1296384K)->0K(1296384K) From: 96K(50688K)->0K(50688K)
[214.546s][info][gc,heap        ] GC(361) ParOldGen: 5069K(2796544K)->5021K(2796544K)
[214.546s][info][gc,metaspace   ] GC(361) Metaspace: 14905K(15168K)->14905K(15168K) NonClass: 12924K(13056K)->12924K(13056K) Class: 1981K(2112K)->1981K(2112K)
[214.546s][info][gc             ] GC(361) Pause Full (System.gc()) 5M->4M(4046M) 11.735ms
[214.546s][info][gc,cpu         ] GC(361) User=0.02s Sys=0.00s Real=0.02s
[215.758s][info][gc,start       ] GC(362) Pause Young (Allocation Failure)
[215.769s][info][gc,heap        ] GC(362) PSYoungGen: 1296384K(1347072K)->26165K(1347072K) Eden: 1296384K(1296384K)->0K(1296384K) From: 0K(50688K)->26165K(50688K)
[215.769s][info][gc,heap        ] GC(362) ParOldGen: 5021K(2796544K)->5021K(2796544K)
[215.769s][info][gc,metaspace   ] GC(362) Metaspace: 14905K(15168K)->14905K(15168K) NonClass: 12924K(13056K)->12924K(13056K) Class: 1981K(2112K)->1981K(2112K)
[215.769s][info][gc             ] GC(362) Pause Young (Allocation Failure) 1270M->30M(4046M) 11.090ms
[215.769s][info][gc,cpu         ] GC(362) User=0.09s Sys=0.00s Real=0.03s
[216.998s][info][gc,start       ] GC(363) Pause Young (Allocation Failure)
[217.009s][info][gc,heap        ] GC(363) PSYoungGen: 1322549K(1347072K)->26165K(1347072K) Eden: 1296384K(1296384K)->0K(1296384K) From: 26165K(50688K)->26165K(50688K)
[217.009s][info][gc,heap        ] GC(363) ParOldGen: 5021K(2796544K)->5053K(2796544K)
[217.009s][info][gc,metaspace   ] GC(363) Metaspace: 14905K(15168K)->14905K(15168K) NonClass: 12924K(13056K)->12924K(13056K) Class: 1981K(2112K)->1981K(2112K)
[217.009s][info][gc             ] GC(363) Pause Young (Allocation Failure) 1296M->30M(4046M) 11.272ms
[217.009s][info][gc,cpu         ] GC(363) User=0.02s Sys=0.00s Real=0.01s
[217.035s][info][gc,start       ] GC(364) Pause Young (System.gc())
[217.036s][info][gc,heap        ] GC(364) PSYoungGen: 103946K(1347072K)->96K(1347072K) Eden: 77781K(1296384K)->0K(1296384K) From: 26165K(50688K)->96K(50688K)
[217.036s][info][gc,heap        ] GC(364) ParOldGen: 5053K(2796544K)->5077K(2796544K)
[217.036s][info][gc,metaspace   ] GC(364) Metaspace: 14905K(15168K)->14905K(15168K) NonClass: 12924K(13056K)->12924K(13056K) Class: 1981K(2112K)->1981K(2112K)
[217.036s][info][gc             ] GC(364) Pause Young (System.gc()) 106M->5M(4046M) 0.510ms
[217.036s][info][gc,cpu         ] GC(364) User=0.00s Sys=0.00s Real=0.00s
[217.036s][info][gc,start       ] GC(365) Pause Full (System.gc())
[217.036s][info][gc,phases,start] GC(365) Marking Phase
[217.040s][info][gc,phases      ] GC(365) Marking Phase 4.619ms
[217.040s][info][gc,phases,start] GC(365) Summary Phase
[217.040s][info][gc,phases      ] GC(365) Summary Phase 0.009ms
[217.040s][info][gc,phases,start] GC(365) Adjust Roots
[217.043s][info][gc,phases      ] GC(365) Adjust Roots 2.639ms
[217.043s][info][gc,phases,start] GC(365) Compaction Phase
[217.045s][info][gc,phases      ] GC(365) Compaction Phase 2.008ms
[217.045s][info][gc,phases,start] GC(365) Post Compact
[217.046s][info][gc,phases      ] GC(365) Post Compact 0.494ms
[217.046s][info][gc,heap        ] GC(365) PSYoungGen: 96K(1347072K)->0K(1347072K) Eden: 0K(1296384K)->0K(1296384K) From: 96K(50688K)->0K(50688K)
[217.046s][info][gc,heap        ] GC(365) ParOldGen: 5077K(2796544K)->5021K(2796544K)
[217.046s][info][gc,metaspace   ] GC(365) Metaspace: 14905K(15168K)->14905K(15168K) NonClass: 12924K(13056K)->12924K(13056K) Class: 1981K(2112K)->1981K(2112K)
[217.046s][info][gc             ] GC(365) Pause Full (System.gc()) 5M->4M(4046M) 10.040ms
[217.046s][info][gc,cpu         ] GC(365) User=0.02s Sys=0.00s Real=0.02s
[218.263s][info][gc,start       ] GC(366) Pause Young (Allocation Failure)
[218.274s][info][gc,heap        ] GC(366) PSYoungGen: 1296384K(1347072K)->26133K(1347072K) Eden: 1296384K(1296384K)->0K(1296384K) From: 0K(50688K)->26133K(50688K)
[218.274s][info][gc,heap        ] GC(366) ParOldGen: 5021K(2796544K)->5021K(2796544K)
[218.274s][info][gc,metaspace   ] GC(366) Metaspace: 14905K(15168K)->14905K(15168K) NonClass: 12924K(13056K)->12924K(13056K) Class: 1981K(2112K)->1981K(2112K)
[218.274s][info][gc             ] GC(366) Pause Young (Allocation Failure) 1270M->30M(4046M) 11.412ms
[218.274s][info][gc,cpu         ] GC(366) User=0.00s Sys=0.00s Real=0.02s
[219.502s][info][gc,start       ] GC(367) Pause Young (Allocation Failure)
[219.516s][info][gc,heap        ] GC(367) PSYoungGen: 1322517K(1347072K)->26229K(1347072K) Eden: 1296384K(1296384K)->0K(1296384K) From: 26133K(50688K)->26229K(50688K)
[219.516s][info][gc,heap        ] GC(367) ParOldGen: 5021K(2796544K)->5061K(2796544K)
[219.516s][info][gc,metaspace   ] GC(367) Metaspace: 14905K(15168K)->14905K(15168K) NonClass: 12924K(13056K)->12924K(13056K) Class: 1981K(2112K)->1981K(2112K)
[219.516s][info][gc             ] GC(367) Pause Young (Allocation Failure) 1296M->30M(4046M) 13.555ms
[219.516s][info][gc,cpu         ] GC(367) User=0.06s Sys=0.00s Real=0.00s
[219.542s][info][gc,start       ] GC(368) Pause Young (System.gc())
[219.543s][info][gc,heap        ] GC(368) PSYoungGen: 104010K(1347072K)->96K(1347072K) Eden: 77781K(1296384K)->0K(1296384K) From: 26229K(50688K)->96K(50688K)
[219.543s][info][gc,heap        ] GC(368) ParOldGen: 5061K(2796544K)->5085K(2796544K)
[219.543s][info][gc,metaspace   ] GC(368) Metaspace: 14905K(15168K)->14905K(15168K) NonClass: 12924K(13056K)->12924K(13056K) Class: 1981K(2112K)->1981K(2112K)
[219.543s][info][gc             ] GC(368) Pause Young (System.gc()) 106M->5M(4046M) 0.433ms
[219.543s][info][gc,cpu         ] GC(368) User=0.00s Sys=0.00s Real=0.00s
[219.543s][info][gc,start       ] GC(369) Pause Full (System.gc())
[219.543s][info][gc,phases,start] GC(369) Marking Phase
[219.548s][info][gc,phases      ] GC(369) Marking Phase 4.742ms
[219.548s][info][gc,phases,start] GC(369) Summary Phase
[219.548s][info][gc,phases      ] GC(369) Summary Phase 0.009ms
[219.548s][info][gc,phases,start] GC(369) Adjust Roots
[219.551s][info][gc,phases      ] GC(369) Adjust Roots 2.855ms
[219.551s][info][gc,phases,start] GC(369) Compaction Phase
[219.553s][info][gc,phases      ] GC(369) Compaction Phase 2.178ms
[219.553s][info][gc,phases,start] GC(369) Post Compact
[219.553s][info][gc,phases      ] GC(369) Post Compact 0.425ms
[219.553s][info][gc,heap        ] GC(369) PSYoungGen: 96K(1347072K)->0K(1347072K) Eden: 0K(1296384K)->0K(1296384K) From: 96K(50688K)->0K(50688K)
[219.553s][info][gc,heap        ] GC(369) ParOldGen: 5085K(2796544K)->5021K(2796544K)
[219.553s][info][gc,metaspace   ] GC(369) Metaspace: 14905K(15168K)->14905K(15168K) NonClass: 12924K(13056K)->12924K(13056K) Class: 1981K(2112K)->1981K(2112K)
[219.553s][info][gc             ] GC(369) Pause Full (System.gc()) 5M->4M(4046M) 10.478ms
[219.553s][info][gc,cpu         ] GC(369) User=0.00s Sys=0.00s Real=0.02s
[220.768s][info][gc,start       ] GC(370) Pause Young (Allocation Failure)
[220.779s][info][gc,heap        ] GC(370) PSYoungGen: 1296384K(1347072K)->26165K(1347072K) Eden: 1296384K(1296384K)->0K(1296384K) From: 0K(50688K)->26165K(50688K)
[220.779s][info][gc,heap        ] GC(370) ParOldGen: 5021K(2796544K)->5021K(2796544K)
[220.779s][info][gc,metaspace   ] GC(370) Metaspace: 14905K(15168K)->14905K(15168K) NonClass: 12924K(13056K)->12924K(13056K) Class: 1981K(2112K)->1981K(2112K)
[220.779s][info][gc             ] GC(370) Pause Young (Allocation Failure) 1270M->30M(4046M) 11.144ms
[220.779s][info][gc,cpu         ] GC(370) User=0.08s Sys=0.02s Real=0.02s
[222.010s][info][gc,start       ] GC(371) Pause Young (Allocation Failure)
[222.021s][info][gc,heap        ] GC(371) PSYoungGen: 1322549K(1347072K)->26165K(1347072K) Eden: 1296384K(1296384K)->0K(1296384K) From: 26165K(50688K)->26165K(50688K)
[222.021s][info][gc,heap        ] GC(371) ParOldGen: 5021K(2796544K)->5053K(2796544K)
[222.021s][info][gc,metaspace   ] GC(371) Metaspace: 14905K(15168K)->14905K(15168K) NonClass: 12924K(13056K)->12924K(13056K) Class: 1981K(2112K)->1981K(2112K)
[222.021s][info][gc             ] GC(371) Pause Young (Allocation Failure) 1296M->30M(4046M) 11.266ms
[222.021s][info][gc,cpu         ] GC(371) User=0.00s Sys=0.00s Real=0.01s
[222.048s][info][gc,start       ] GC(372) Pause Young (System.gc())
[222.049s][info][gc,heap        ] GC(372) PSYoungGen: 103946K(1347072K)->64K(1347072K) Eden: 77781K(1296384K)->0K(1296384K) From: 26165K(50688K)->64K(50688K)
[222.049s][info][gc,heap        ] GC(372) ParOldGen: 5053K(2796544K)->5077K(2796544K)
[222.049s][info][gc,metaspace   ] GC(372) Metaspace: 14907K(15168K)->14907K(15168K) NonClass: 12926K(13056K)->12926K(13056K) Class: 1981K(2112K)->1981K(2112K)
[222.049s][info][gc             ] GC(372) Pause Young (System.gc()) 106M->5M(4046M) 0.473ms
[222.049s][info][gc,cpu         ] GC(372) User=0.00s Sys=0.00s Real=0.00s
[222.049s][info][gc,start       ] GC(373) Pause Full (System.gc())
[222.049s][info][gc,phases,start] GC(373) Marking Phase
[222.054s][info][gc,phases      ] GC(373) Marking Phase 4.755ms
[222.054s][info][gc,phases,start] GC(373) Summary Phase
[222.054s][info][gc,phases      ] GC(373) Summary Phase 0.010ms
[222.054s][info][gc,phases,start] GC(373) Adjust Roots
[222.056s][info][gc,phases      ] GC(373) Adjust Roots 2.342ms
[222.056s][info][gc,phases,start] GC(373) Compaction Phase
[222.058s][info][gc,phases      ] GC(373) Compaction Phase 2.253ms
[222.058s][info][gc,phases,start] GC(373) Post Compact
[222.059s][info][gc,phases      ] GC(373) Post Compact 0.539ms
[222.059s][info][gc,heap        ] GC(373) PSYoungGen: 64K(1347072K)->0K(1347072K) Eden: 0K(1296384K)->0K(1296384K) From: 64K(50688K)->0K(50688K)
[222.059s][info][gc,heap        ] GC(373) ParOldGen: 5077K(2796544K)->5022K(2796544K)
[222.059s][info][gc,metaspace   ] GC(373) Metaspace: 14907K(15168K)->14907K(15168K) NonClass: 12926K(13056K)->12926K(13056K) Class: 1981K(2112K)->1981K(2112K)
[222.059s][info][gc             ] GC(373) Pause Full (System.gc()) 5M->4M(4046M) 10.215ms
[222.059s][info][gc,cpu         ] GC(373) User=0.02s Sys=0.00s Real=0.02s
[223.274s][info][gc,start       ] GC(374) Pause Young (Allocation Failure)
[223.284s][info][gc,heap        ] GC(374) PSYoungGen: 1296384K(1347072K)->26197K(1347072K) Eden: 1296384K(1296384K)->0K(1296384K) From: 0K(50688K)->26197K(50688K)
[223.284s][info][gc,heap        ] GC(374) ParOldGen: 5022K(2796544K)->5022K(2796544K)
[223.284s][info][gc,metaspace   ] GC(374) Metaspace: 14907K(15168K)->14907K(15168K) NonClass: 12926K(13056K)->12926K(13056K) Class: 1981K(2112K)->1981K(2112K)
[223.284s][info][gc             ] GC(374) Pause Young (Allocation Failure) 1270M->30M(4046M) 10.819ms
[223.284s][info][gc,cpu         ] GC(374) User=0.09s Sys=0.00s Real=0.01s
[224.512s][info][gc,start       ] GC(375) Pause Young (Allocation Failure)
[224.523s][info][gc,heap        ] GC(375) PSYoungGen: 1322581K(1347072K)->26165K(1347072K) Eden: 1296384K(1296384K)->0K(1296384K) From: 26197K(50688K)->26165K(50688K)
[224.523s][info][gc,heap        ] GC(375) ParOldGen: 5022K(2796544K)->5046K(2796544K)
[224.523s][info][gc,metaspace   ] GC(375) Metaspace: 14907K(15168K)->14907K(15168K) NonClass: 12926K(13056K)->12926K(13056K) Class: 1981K(2112K)->1981K(2112K)
[224.523s][info][gc             ] GC(375) Pause Young (Allocation Failure) 1296M->30M(4046M) 11.142ms
[224.523s][info][gc,cpu         ] GC(375) User=0.00s Sys=0.00s Real=0.02s
[224.550s][info][gc,start       ] GC(376) Pause Young (System.gc())
[224.550s][info][gc,heap        ] GC(376) PSYoungGen: 103946K(1347072K)->128K(1347072K) Eden: 77781K(1296384K)->0K(1296384K) From: 26165K(50688K)->128K(50688K)
[224.550s][info][gc,heap        ] GC(376) ParOldGen: 5046K(2796544K)->5078K(2796544K)
[224.550s][info][gc,metaspace   ] GC(376) Metaspace: 14907K(15168K)->14907K(15168K) NonClass: 12926K(13056K)->12926K(13056K) Class: 1981K(2112K)->1981K(2112K)
[224.550s][info][gc             ] GC(376) Pause Young (System.gc()) 106M->5M(4046M) 0.365ms
[224.550s][info][gc,cpu         ] GC(376) User=0.00s Sys=0.00s Real=0.00s
[224.550s][info][gc,start       ] GC(377) Pause Full (System.gc())
[224.550s][info][gc,phases,start] GC(377) Marking Phase
[224.555s][info][gc,phases      ] GC(377) Marking Phase 4.827ms
[224.555s][info][gc,phases,start] GC(377) Summary Phase
[224.555s][info][gc,phases      ] GC(377) Summary Phase 0.009ms
[224.555s][info][gc,phases,start] GC(377) Adjust Roots
[224.559s][info][gc,phases      ] GC(377) Adjust Roots 3.927ms
[224.559s][info][gc,phases,start] GC(377) Compaction Phase
[224.562s][info][gc,phases      ] GC(377) Compaction Phase 2.615ms
[224.562s][info][gc,phases,start] GC(377) Post Compact
[224.562s][info][gc,phases      ] GC(377) Post Compact 0.482ms
[224.562s][info][gc,heap        ] GC(377) PSYoungGen: 128K(1347072K)->0K(1347072K) Eden: 0K(1296384K)->0K(1296384K) From: 128K(50688K)->0K(50688K)
[224.562s][info][gc,heap        ] GC(377) ParOldGen: 5078K(2796544K)->5022K(2796544K)
[224.562s][info][gc,metaspace   ] GC(377) Metaspace: 14907K(15168K)->14907K(15168K) NonClass: 12926K(13056K)->12926K(13056K) Class: 1981K(2112K)->1981K(2112K)
[224.562s][info][gc             ] GC(377) Pause Full (System.gc()) 5M->4M(4046M) 12.123ms
[224.562s][info][gc,cpu         ] GC(377) User=0.02s Sys=0.00s Real=0.01s
[225.775s][info][gc,start       ] GC(378) Pause Young (Allocation Failure)
[225.788s][info][gc,heap        ] GC(378) PSYoungGen: 1296384K(1347072K)->26165K(1347072K) Eden: 1296384K(1296384K)->0K(1296384K) From: 0K(50688K)->26165K(50688K)
[225.788s][info][gc,heap        ] GC(378) ParOldGen: 5022K(2796544K)->5022K(2796544K)
[225.788s][info][gc,metaspace   ] GC(378) Metaspace: 14907K(15168K)->14907K(15168K) NonClass: 12926K(13056K)->12926K(13056K) Class: 1981K(2112K)->1981K(2112K)
[225.788s][info][gc             ] GC(378) Pause Young (Allocation Failure) 1270M->30M(4046M) 13.451ms
[225.788s][info][gc,cpu         ] GC(378) User=0.00s Sys=0.00s Real=0.02s
[227.019s][info][gc,start       ] GC(379) Pause Young (Allocation Failure)
[227.030s][info][gc,heap        ] GC(379) PSYoungGen: 1322549K(1347072K)->26165K(1347072K) Eden: 1296384K(1296384K)->0K(1296384K) From: 26165K(50688K)->26165K(50688K)
[227.030s][info][gc,heap        ] GC(379) ParOldGen: 5022K(2796544K)->5046K(2796544K)
[227.030s][info][gc,metaspace   ] GC(379) Metaspace: 14907K(15168K)->14907K(15168K) NonClass: 12926K(13056K)->12926K(13056K) Class: 1981K(2112K)->1981K(2112K)
[227.030s][info][gc             ] GC(379) Pause Young (Allocation Failure) 1296M->30M(4046M) 11.024ms
[227.030s][info][gc,cpu         ] GC(379) User=0.08s Sys=0.02s Real=0.01s
[227.056s][info][gc,start       ] GC(380) Pause Young (System.gc())
[227.057s][info][gc,heap        ] GC(380) PSYoungGen: 103946K(1347072K)->96K(1347072K) Eden: 77781K(1296384K)->0K(1296384K) From: 26165K(50688K)->96K(50688K)
[227.057s][info][gc,heap        ] GC(380) ParOldGen: 5046K(2796544K)->5070K(2796544K)
[227.057s][info][gc,metaspace   ] GC(380) Metaspace: 14907K(15168K)->14907K(15168K) NonClass: 12926K(13056K)->12926K(13056K) Class: 1981K(2112K)->1981K(2112K)
[227.057s][info][gc             ] GC(380) Pause Young (System.gc()) 106M->5M(4046M) 0.328ms
[227.057s][info][gc,cpu         ] GC(380) User=0.00s Sys=0.00s Real=0.00s
[227.057s][info][gc,start       ] GC(381) Pause Full (System.gc())
[227.057s][info][gc,phases,start] GC(381) Marking Phase
[227.061s][info][gc,phases      ] GC(381) Marking Phase 4.739ms
[227.061s][info][gc,phases,start] GC(381) Summary Phase
[227.061s][info][gc,phases      ] GC(381) Summary Phase 0.009ms
[227.061s][info][gc,phases,start] GC(381) Adjust Roots
[227.064s][info][gc,phases      ] GC(381) Adjust Roots 2.261ms
[227.064s][info][gc,phases,start] GC(381) Compaction Phase
[227.066s][info][gc,phases      ] GC(381) Compaction Phase 2.650ms
[227.066s][info][gc,phases,start] GC(381) Post Compact
[227.067s][info][gc,phases      ] GC(381) Post Compact 0.416ms
[227.067s][info][gc,heap        ] GC(381) PSYoungGen: 96K(1347072K)->0K(1347072K) Eden: 0K(1296384K)->0K(1296384K) From: 96K(50688K)->0K(50688K)
[227.067s][info][gc,heap        ] GC(381) ParOldGen: 5070K(2796544K)->5022K(2796544K)
[227.067s][info][gc,metaspace   ] GC(381) Metaspace: 14907K(15168K)->14907K(15168K) NonClass: 12926K(13056K)->12926K(13056K) Class: 1981K(2112K)->1981K(2112K)
[227.067s][info][gc             ] GC(381) Pause Full (System.gc()) 5M->4M(4046M) 10.316ms
[227.067s][info][gc,cpu         ] GC(381) User=0.00s Sys=0.00s Real=0.02s
[228.279s][info][gc,start       ] GC(382) Pause Young (Allocation Failure)
[228.292s][info][gc,heap        ] GC(382) PSYoungGen: 1296384K(1347072K)->26165K(1347072K) Eden: 1296384K(1296384K)->0K(1296384K) From: 0K(50688K)->26165K(50688K)
[228.292s][info][gc,heap        ] GC(382) ParOldGen: 5022K(2796544K)->5022K(2796544K)
[228.292s][info][gc,metaspace   ] GC(382) Metaspace: 14907K(15168K)->14907K(15168K) NonClass: 12926K(13056K)->12926K(13056K) Class: 1981K(2112K)->1981K(2112K)
[228.292s][info][gc             ] GC(382) Pause Young (Allocation Failure) 1270M->30M(4046M) 12.480ms
[228.292s][info][gc,cpu         ] GC(382) User=0.09s Sys=0.00s Real=0.02s
[229.523s][info][gc,start       ] GC(383) Pause Young (Allocation Failure)
[229.534s][info][gc,heap        ] GC(383) PSYoungGen: 1322549K(1347072K)->26165K(1347072K) Eden: 1296384K(1296384K)->0K(1296384K) From: 26165K(50688K)->26165K(50688K)
[229.534s][info][gc,heap        ] GC(383) ParOldGen: 5022K(2796544K)->5054K(2796544K)
[229.534s][info][gc,metaspace   ] GC(383) Metaspace: 14908K(15168K)->14908K(15168K) NonClass: 12926K(13056K)->12926K(13056K) Class: 1981K(2112K)->1981K(2112K)
[229.534s][info][gc             ] GC(383) Pause Young (Allocation Failure) 1296M->30M(4046M) 11.085ms
[229.534s][info][gc,cpu         ] GC(383) User=0.08s Sys=0.00s Real=0.02s
[229.560s][info][gc,start       ] GC(384) Pause Young (System.gc())
[229.560s][info][gc,heap        ] GC(384) PSYoungGen: 103946K(1347072K)->64K(1347072K) Eden: 77781K(1296384K)->0K(1296384K) From: 26165K(50688K)->64K(50688K)
[229.560s][info][gc,heap        ] GC(384) ParOldGen: 5054K(2796544K)->5078K(2796544K)
[229.560s][info][gc,metaspace   ] GC(384) Metaspace: 14910K(15168K)->14910K(15168K) NonClass: 12929K(13056K)->12929K(13056K) Class: 1981K(2112K)->1981K(2112K)
[229.560s][info][gc             ] GC(384) Pause Young (System.gc()) 106M->5M(4046M) 0.348ms
[229.560s][info][gc,cpu         ] GC(384) User=0.00s Sys=0.00s Real=0.00s
[229.560s][info][gc,start       ] GC(385) Pause Full (System.gc())
[229.560s][info][gc,phases,start] GC(385) Marking Phase
[229.565s][info][gc,phases      ] GC(385) Marking Phase 4.350ms
[229.565s][info][gc,phases,start] GC(385) Summary Phase
[229.565s][info][gc,phases      ] GC(385) Summary Phase 0.010ms
[229.565s][info][gc,phases,start] GC(385) Adjust Roots
[229.567s][info][gc,phases      ] GC(385) Adjust Roots 2.273ms
[229.567s][info][gc,phases,start] GC(385) Compaction Phase
[229.569s][info][gc,phases      ] GC(385) Compaction Phase 1.723ms
[229.569s][info][gc,phases,start] GC(385) Post Compact
[229.569s][info][gc,phases      ] GC(385) Post Compact 0.501ms
[229.570s][info][gc,heap        ] GC(385) PSYoungGen: 64K(1347072K)->0K(1347072K) Eden: 0K(1296384K)->0K(1296384K) From: 64K(50688K)->0K(50688K)
[229.570s][info][gc,heap        ] GC(385) ParOldGen: 5078K(2796544K)->5022K(2796544K)
[229.570s][info][gc,metaspace   ] GC(385) Metaspace: 14910K(15168K)->14910K(15168K) NonClass: 12929K(13056K)->12929K(13056K) Class: 1981K(2112K)->1981K(2112K)
[229.570s][info][gc             ] GC(385) Pause Full (System.gc()) 5M->4M(4046M) 9.144ms
[229.570s][info][gc,cpu         ] GC(385) User=0.00s Sys=0.00s Real=0.01s
[230.784s][info][gc,start       ] GC(386) Pause Young (Allocation Failure)
[230.796s][info][gc,heap        ] GC(386) PSYoungGen: 1296384K(1347072K)->26197K(1347072K) Eden: 1296384K(1296384K)->0K(1296384K) From: 0K(50688K)->26197K(50688K)
[230.796s][info][gc,heap        ] GC(386) ParOldGen: 5022K(2796544K)->5022K(2796544K)
[230.796s][info][gc,metaspace   ] GC(386) Metaspace: 14924K(15168K)->14924K(15168K) NonClass: 12942K(13056K)->12942K(13056K) Class: 1981K(2112K)->1981K(2112K)
[230.796s][info][gc             ] GC(386) Pause Young (Allocation Failure) 1270M->30M(4046M) 11.713ms
[230.796s][info][gc,cpu         ] GC(386) User=0.09s Sys=0.00s Real=0.01s
[232.033s][info][gc,start       ] GC(387) Pause Young (Allocation Failure)
[232.044s][info][gc,heap        ] GC(387) PSYoungGen: 1322581K(1347072K)->26133K(1347072K) Eden: 1296384K(1296384K)->0K(1296384K) From: 26197K(50688K)->26133K(50688K)
[232.044s][info][gc,heap        ] GC(387) ParOldGen: 5022K(2796544K)->5062K(2796544K)
[232.044s][info][gc,metaspace   ] GC(387) Metaspace: 14924K(15168K)->14924K(15168K) NonClass: 12942K(13056K)->12942K(13056K) Class: 1981K(2112K)->1981K(2112K)
[232.044s][info][gc             ] GC(387) Pause Young (Allocation Failure) 1296M->30M(4046M) 11.194ms
[232.044s][info][gc,cpu         ] GC(387) User=0.09s Sys=0.00s Real=0.02s
[232.070s][info][gc,start       ] GC(388) Pause Young (System.gc())
[232.070s][info][gc,heap        ] GC(388) PSYoungGen: 103914K(1347072K)->96K(1347072K) Eden: 77781K(1296384K)->0K(1296384K) From: 26133K(50688K)->96K(50688K)
[232.070s][info][gc,heap        ] GC(388) ParOldGen: 5062K(2796544K)->5086K(2796544K)
[232.070s][info][gc,metaspace   ] GC(388) Metaspace: 14924K(15168K)->14924K(15168K) NonClass: 12942K(13056K)->12942K(13056K) Class: 1981K(2112K)->1981K(2112K)
[232.070s][info][gc             ] GC(388) Pause Young (System.gc()) 106M->5M(4046M) 0.461ms
[232.070s][info][gc,cpu         ] GC(388) User=0.00s Sys=0.00s Real=0.00s
[232.070s][info][gc,start       ] GC(389) Pause Full (System.gc())
[232.070s][info][gc,phases,start] GC(389) Marking Phase
[232.075s][info][gc,phases      ] GC(389) Marking Phase 4.955ms
[232.075s][info][gc,phases,start] GC(389) Summary Phase
[232.075s][info][gc,phases      ] GC(389) Summary Phase 0.009ms
[232.075s][info][gc,phases,start] GC(389) Adjust Roots
[232.078s][info][gc,phases      ] GC(389) Adjust Roots 3.402ms
[232.079s][info][gc,phases,start] GC(389) Compaction Phase
[232.082s][info][gc,phases      ] GC(389) Compaction Phase 2.972ms
[232.082s][info][gc,phases,start] GC(389) Post Compact
[232.082s][info][gc,phases      ] GC(389) Post Compact 0.500ms
[232.082s][info][gc,heap        ] GC(389) PSYoungGen: 96K(1347072K)->0K(1347072K) Eden: 0K(1296384K)->0K(1296384K) From: 96K(50688K)->0K(50688K)
[232.082s][info][gc,heap        ] GC(389) ParOldGen: 5086K(2796544K)->5022K(2796544K)
[232.082s][info][gc,metaspace   ] GC(389) Metaspace: 14924K(15168K)->14924K(15168K) NonClass: 12942K(13056K)->12942K(13056K) Class: 1981K(2112K)->1981K(2112K)
[232.082s][info][gc             ] GC(389) Pause Full (System.gc()) 5M->4M(4046M) 12.089ms
[232.082s][info][gc,cpu         ] GC(389) User=0.09s Sys=0.00s Real=0.00s
[233.302s][info][gc,start       ] GC(390) Pause Young (Allocation Failure)
[233.313s][info][gc,heap        ] GC(390) PSYoungGen: 1296384K(1347072K)->26165K(1347072K) Eden: 1296384K(1296384K)->0K(1296384K) From: 0K(50688K)->26165K(50688K)
[233.314s][info][gc,heap        ] GC(390) ParOldGen: 5022K(2796544K)->5022K(2796544K)
[233.314s][info][gc,metaspace   ] GC(390) Metaspace: 14924K(15168K)->14924K(15168K) NonClass: 12942K(13056K)->12942K(13056K) Class: 1981K(2112K)->1981K(2112K)
[233.314s][info][gc             ] GC(390) Pause Young (Allocation Failure) 1270M->30M(4046M) 11.433ms
[233.314s][info][gc,cpu         ] GC(390) User=0.09s Sys=0.00s Real=0.01s
[234.545s][info][gc,start       ] GC(391) Pause Young (Allocation Failure)
[234.556s][info][gc,heap        ] GC(391) PSYoungGen: 1322549K(1347072K)->26165K(1347072K) Eden: 1296384K(1296384K)->0K(1296384K) From: 26165K(50688K)->26165K(50688K)
[234.556s][info][gc,heap        ] GC(391) ParOldGen: 5022K(2796544K)->5054K(2796544K)
[234.556s][info][gc,metaspace   ] GC(391) Metaspace: 14924K(15168K)->14924K(15168K) NonClass: 12942K(13056K)->12942K(13056K) Class: 1981K(2112K)->1981K(2112K)
[234.556s][info][gc             ] GC(391) Pause Young (Allocation Failure) 1296M->30M(4046M) 11.182ms
[234.556s][info][gc,cpu         ] GC(391) User=0.02s Sys=0.00s Real=0.02s
[234.583s][info][gc,start       ] GC(392) Pause Young (System.gc())
[234.583s][info][gc,heap        ] GC(392) PSYoungGen: 103946K(1347072K)->128K(1347072K) Eden: 77781K(1296384K)->0K(1296384K) From: 26165K(50688K)->128K(50688K)
[234.583s][info][gc,heap        ] GC(392) ParOldGen: 5054K(2796544K)->5078K(2796544K)
[234.583s][info][gc,metaspace   ] GC(392) Metaspace: 14924K(15168K)->14924K(15168K) NonClass: 12942K(13056K)->12942K(13056K) Class: 1981K(2112K)->1981K(2112K)
[234.583s][info][gc             ] GC(392) Pause Young (System.gc()) 106M->5M(4046M) 0.508ms
[234.583s][info][gc,cpu         ] GC(392) User=0.00s Sys=0.00s Real=0.00s
[234.583s][info][gc,start       ] GC(393) Pause Full (System.gc())
[234.583s][info][gc,phases,start] GC(393) Marking Phase
[234.588s][info][gc,phases      ] GC(393) Marking Phase 4.440ms
[234.588s][info][gc,phases,start] GC(393) Summary Phase
[234.588s][info][gc,phases      ] GC(393) Summary Phase 0.010ms
[234.588s][info][gc,phases,start] GC(393) Adjust Roots
[234.590s][info][gc,phases      ] GC(393) Adjust Roots 2.370ms
[234.590s][info][gc,phases,start] GC(393) Compaction Phase
[234.593s][info][gc,phases      ] GC(393) Compaction Phase 2.663ms
[234.593s][info][gc,phases,start] GC(393) Post Compact
[234.593s][info][gc,phases      ] GC(393) Post Compact 0.422ms
[234.593s][info][gc,heap        ] GC(393) PSYoungGen: 128K(1347072K)->0K(1347072K) Eden: 0K(1296384K)->0K(1296384K) From: 128K(50688K)->0K(50688K)
[234.593s][info][gc,heap        ] GC(393) ParOldGen: 5078K(2796544K)->5024K(2796544K)
[234.593s][info][gc,metaspace   ] GC(393) Metaspace: 14924K(15168K)->14924K(15168K) NonClass: 12942K(13056K)->12942K(13056K) Class: 1981K(2112K)->1981K(2112K)
[234.593s][info][gc             ] GC(393) Pause Full (System.gc()) 5M->4M(4046M) 10.192ms
[234.593s][info][gc,cpu         ] GC(393) User=0.02s Sys=0.00s Real=0.00s
[235.809s][info][gc,start       ] GC(394) Pause Young (Allocation Failure)
[235.821s][info][gc,heap        ] GC(394) PSYoungGen: 1296384K(1347072K)->26165K(1347072K) Eden: 1296384K(1296384K)->0K(1296384K) From: 0K(50688K)->26165K(50688K)
[235.821s][info][gc,heap        ] GC(394) ParOldGen: 5024K(2796544K)->5024K(2796544K)
[235.821s][info][gc,metaspace   ] GC(394) Metaspace: 14924K(15168K)->14924K(15168K) NonClass: 12942K(13056K)->12942K(13056K) Class: 1981K(2112K)->1981K(2112K)
[235.821s][info][gc             ] GC(394) Pause Young (Allocation Failure) 1270M->30M(4046M) 11.584ms
[235.821s][info][gc,cpu         ] GC(394) User=0.00s Sys=0.00s Real=0.01s
[237.049s][info][gc,start       ] GC(395) Pause Young (Allocation Failure)
[237.060s][info][gc,heap        ] GC(395) PSYoungGen: 1322549K(1347072K)->26165K(1347072K) Eden: 1296384K(1296384K)->0K(1296384K) From: 26165K(50688K)->26165K(50688K)
[237.060s][info][gc,heap        ] GC(395) ParOldGen: 5024K(2796544K)->5048K(2796544K)
[237.060s][info][gc,metaspace   ] GC(395) Metaspace: 14924K(15168K)->14924K(15168K) NonClass: 12942K(13056K)->12942K(13056K) Class: 1981K(2112K)->1981K(2112K)
[237.060s][info][gc             ] GC(395) Pause Young (Allocation Failure) 1296M->30M(4046M) 11.219ms
[237.060s][info][gc,cpu         ] GC(395) User=0.09s Sys=0.00s Real=0.01s
[237.086s][info][gc,start       ] GC(396) Pause Young (System.gc())
[237.086s][info][gc,heap        ] GC(396) PSYoungGen: 103946K(1347072K)->96K(1347072K) Eden: 77781K(1296384K)->0K(1296384K) From: 26165K(50688K)->96K(50688K)
[237.086s][info][gc,heap        ] GC(396) ParOldGen: 5048K(2796544K)->5072K(2796544K)
[237.086s][info][gc,metaspace   ] GC(396) Metaspace: 14924K(15168K)->14924K(15168K) NonClass: 12942K(13056K)->12942K(13056K) Class: 1981K(2112K)->1981K(2112K)
[237.086s][info][gc             ] GC(396) Pause Young (System.gc()) 106M->5M(4046M) 0.337ms
[237.086s][info][gc,cpu         ] GC(396) User=0.00s Sys=0.00s Real=0.00s
[237.086s][info][gc,start       ] GC(397) Pause Full (System.gc())
[237.086s][info][gc,phases,start] GC(397) Marking Phase
[237.091s][info][gc,phases      ] GC(397) Marking Phase 4.277ms
[237.091s][info][gc,phases,start] GC(397) Summary Phase
[237.091s][info][gc,phases      ] GC(397) Summary Phase 0.010ms
[237.091s][info][gc,phases,start] GC(397) Adjust Roots
[237.094s][info][gc,phases      ] GC(397) Adjust Roots 2.728ms
[237.094s][info][gc,phases,start] GC(397) Compaction Phase
[237.096s][info][gc,phases      ] GC(397) Compaction Phase 2.768ms
[237.096s][info][gc,phases,start] GC(397) Post Compact
[237.097s][info][gc,phases      ] GC(397) Post Compact 0.562ms
[237.097s][info][gc,heap        ] GC(397) PSYoungGen: 96K(1347072K)->0K(1347072K) Eden: 0K(1296384K)->0K(1296384K) From: 96K(50688K)->0K(50688K)
[237.097s][info][gc,heap        ] GC(397) ParOldGen: 5072K(2796544K)->5024K(2796544K)
[237.097s][info][gc,metaspace   ] GC(397) Metaspace: 14924K(15168K)->14924K(15168K) NonClass: 12942K(13056K)->12942K(13056K) Class: 1981K(2112K)->1981K(2112K)
[237.097s][info][gc             ] GC(397) Pause Full (System.gc()) 5M->4M(4046M) 10.633ms
[237.097s][info][gc,cpu         ] GC(397) User=0.09s Sys=0.00s Real=0.00s
[238.311s][info][gc,start       ] GC(398) Pause Young (Allocation Failure)
[238.322s][info][gc,heap        ] GC(398) PSYoungGen: 1296384K(1347072K)->26133K(1347072K) Eden: 1296384K(1296384K)->0K(1296384K) From: 0K(50688K)->26133K(50688K)
[238.322s][info][gc,heap        ] GC(398) ParOldGen: 5024K(2796544K)->5024K(2796544K)
[238.322s][info][gc,metaspace   ] GC(398) Metaspace: 14924K(15168K)->14924K(15168K) NonClass: 12942K(13056K)->12942K(13056K) Class: 1981K(2112K)->1981K(2112K)
[238.322s][info][gc             ] GC(398) Pause Young (Allocation Failure) 1270M->30M(4046M) 11.140ms
[238.322s][info][gc,cpu         ] GC(398) User=0.09s Sys=0.00s Real=0.01s
[239.554s][info][gc,start       ] GC(399) Pause Young (Allocation Failure)
[239.569s][info][gc,heap        ] GC(399) PSYoungGen: 1322517K(1347072K)->26133K(1347072K) Eden: 1296384K(1296384K)->0K(1296384K) From: 26133K(50688K)->26133K(50688K)
[239.569s][info][gc,heap        ] GC(399) ParOldGen: 5024K(2796544K)->5048K(2796544K)
[239.569s][info][gc,metaspace   ] GC(399) Metaspace: 14924K(15168K)->14924K(15168K) NonClass: 12942K(13056K)->12942K(13056K) Class: 1981K(2112K)->1981K(2112K)
[239.569s][info][gc             ] GC(399) Pause Young (Allocation Failure) 1296M->30M(4046M) 15.188ms
[239.569s][info][gc,cpu         ] GC(399) User=0.05s Sys=0.00s Real=0.02s
[239.599s][info][gc,heap,exit   ] Heap
[239.599s][info][gc,heap,exit   ]  PSYoungGen      total 1347072K, used 207626K [0x00000007aab00000, 0x0000000800000000, 0x0000000800000000)
[239.599s][info][gc,heap,exit   ]   eden space 1296384K, 13% used [0x00000007aab00000,0x00000007b5c3d218,0x00000007f9d00000)
[239.599s][info][gc,heap,exit   ]   from space 50688K, 51% used [0x00000007fce80000,0x00000007fe805680,0x0000000800000000)
[239.599s][info][gc,heap,exit   ]   to   space 50688K, 0% used [0x00000007f9d00000,0x00000007f9d00000,0x00000007fce80000)
[239.599s][info][gc,heap,exit   ]  ParOldGen       total 2796544K, used 5048K [0x0000000700000000, 0x00000007aab00000, 0x00000007aab00000)
[239.599s][info][gc,heap,exit   ]   object space 2796544K, 0% used [0x0000000700000000,0x00000007004ee0a8,0x00000007aab00000)
[239.599s][info][gc,heap,exit   ]  Metaspace       used 14984K, committed 15296K, reserved 1114112K
[239.599s][info][gc,heap,exit   ]   class space    used 1990K, committed 2112K, reserved 1048576K
