OpenJDK 64-Bit Server VM (25.422-b05) for windows-amd64 JRE (1.8.0_422-422-b05), built on Jul 18 2024 05:34:18 by "Administrator" with MS VC++ 16.10 / 16.11 (VS2019)
Memory: 4k page, physical 15965620k(9790464k free), swap 19635636k(12354796k free)
CommandLine flags: -XX:InitialHeapSize=2147483648 -XX:MaxHeapSize=2147483648 -XX:+PrintGC -XX:+PrintGCApplicationConcurrentTime -XX:+PrintGCApplicationStoppedTime -XX:+PrintGCDateStamps -XX:+PrintGCDetails -XX:+PrintGCTimeStamps -XX:+UnlockExperimentalVMOptions -XX:+UseCompressedClassPointers -XX:+UseCompressedOops -XX:-UseLargePagesIndividualAllocation -XX:+UseParallelGC -XX:+UseParallelOldGC 
2024-10-04T12:58:40.238+0300: 0.065: Application time: 0.0178621 seconds
2024-10-04T12:58:40.238+0300: 0.065: Total time for which application threads were stopped: 0.0001610 seconds, Stopping threads took: 0.0001087 seconds
2024-10-04T12:58:40.249+0300: 0.073: Application time: 0.0081635 seconds
2024-10-04T12:58:40.249+0300: 0.073: Total time for which application threads were stopped: 0.0000699 seconds, Stopping threads took: 0.0000237 seconds
2024-10-04T12:58:40.411+0300: 0.240: Application time: 0.1669467 seconds
2024-10-04T12:58:40.411+0300: 0.240: [GC (System.gc()) [PSYoungGen: 41984K->3846K(611840K)] 41984K->3854K(2010112K), 0.0034351 secs] [Times: user=0.00 sys=0.00, real=0.00 secs] 
2024-10-04T12:58:40.411+0300: 0.244: [Full GC (System.gc()) [PSYoungGen: 3846K->0K(611840K)] [ParOldGen: 8K->3704K(1398272K)] 3854K->3704K(2010112K), [Metaspace: 7083K->7083K(1056768K)], 0.0102410 secs] [Times: user=0.03 sys=0.00, real=0.02 secs] 
2024-10-04T12:58:40.426+0300: 0.254: Total time for which application threads were stopped: 0.0139800 seconds, Stopping threads took: 0.0000312 seconds
2024-10-04T12:58:40.426+0300: 0.254: Application time: 0.0000969 seconds
2024-10-04T12:58:40.426+0300: 0.254: [GC (System.gc()) [PSYoungGen: 0K->0K(611840K)] 3704K->3704K(2010112K), 0.0004663 secs] [Times: user=0.00 sys=0.00, real=0.00 secs] 
2024-10-04T12:58:40.426+0300: 0.255: [Full GC (System.gc()) [PSYoungGen: 0K->0K(611840K)] [ParOldGen: 3704K->3704K(1398272K)] 3704K->3704K(2010112K), [Metaspace: 7083K->7083K(1056768K)], 0.0049722 secs] [Times: user=0.00 sys=0.00, real=0.00 secs] 
2024-10-04T12:58:40.426+0300: 0.260: Total time for which application threads were stopped: 0.0056812 seconds, Stopping threads took: 0.0000887 seconds
2024-10-04T12:58:41.431+0300: 1.251: Application time: 0.9910662 seconds
2024-10-04T12:58:41.431+0300: 1.251: Total time for which application threads were stopped: 0.0002964 seconds, Stopping threads took: 0.0002390 seconds
2024-10-04T12:58:43.441+0300: 3.261: Application time: 2.0098501 seconds
2024-10-04T12:58:43.441+0300: 3.261: Total time for which application threads were stopped: 0.0003003 seconds, Stopping threads took: 0.0002258 seconds
2024-10-04T12:58:44.273+0300: 4.093: Application time: 0.8319296 seconds
2024-10-04T12:58:44.273+0300: 4.094: Total time for which application threads were stopped: 0.0002370 seconds, Stopping threads took: 0.0001669 seconds
2024-10-04T12:58:45.466+0300: 5.293: Application time: 1.1996906 seconds
2024-10-04T12:58:45.466+0300: 5.294: [GC (Allocation Failure) [PSYoungGen: 524800K->69587K(611840K)] 528504K->73300K(2010112K), 0.0112507 secs] [Times: user=0.02 sys=0.02, real=0.02 secs] 
2024-10-04T12:58:45.482+0300: 5.305: Total time for which application threads were stopped: 0.0116417 seconds, Stopping threads took: 0.0002606 seconds
2024-10-04T12:58:51.370+0300: 11.192: Application time: 5.8871820 seconds
2024-10-04T12:58:51.370+0300: 11.192: [GC (Allocation Failure) [PSYoungGen: 594327K->72933K(611840K)] 598040K->76654K(2010112K), 0.0117760 secs] [Times: user=0.00 sys=0.02, real=0.00 secs] 
2024-10-04T12:58:51.370+0300: 11.204: Total time for which application threads were stopped: 0.0120927 seconds, Stopping threads took: 0.0001764 seconds
2024-10-04T12:58:56.971+0300: 16.801: Application time: 5.5963789 seconds
2024-10-04T12:58:56.971+0300: 16.801: Total time for which application threads were stopped: 0.0003394 seconds, Stopping threads took: 0.0003060 seconds
2024-10-04T12:58:57.332+0300: 17.154: Application time: 0.3528460 seconds
2024-10-04T12:58:57.332+0300: 17.154: [GC (Allocation Failure) [PSYoungGen: 597733K->66157K(611840K)] 601454K->69885K(2010112K), 0.0059386 secs] [Times: user=0.00 sys=0.00, real=0.00 secs] 
2024-10-04T12:58:57.332+0300: 17.160: Total time for which application threads were stopped: 0.0062548 seconds, Stopping threads took: 0.0001812 seconds
2024-10-04T12:59:00.347+0300: 20.167: Application time: 3.0069682 seconds
2024-10-04T12:59:00.347+0300: 20.167: Total time for which application threads were stopped: 0.0003283 seconds, Stopping threads took: 0.0002562 seconds
2024-10-04T12:59:03.360+0300: 23.190: Application time: 3.0224469 seconds
2024-10-04T12:59:03.360+0300: 23.190: [GC (Allocation Failure) [PSYoungGen: 590909K->59087K(611840K)] 594638K->62824K(2010112K), 0.0059293 secs] [Times: user=0.02 sys=0.00, real=0.02 secs] 
2024-10-04T12:59:03.375+0300: 23.196: Total time for which application threads were stopped: 0.0061803 seconds, Stopping threads took: 0.0001221 seconds
2024-10-04T12:59:07.394+0300: 27.214: Application time: 4.0183065 seconds
2024-10-04T12:59:07.394+0300: 27.215: Total time for which application threads were stopped: 0.0002709 seconds, Stopping threads took: 0.0002200 seconds
2024-10-04T12:59:08.399+0300: 28.219: Application time: 1.0045614 seconds
2024-10-04T12:59:08.399+0300: 28.219: Total time for which application threads were stopped: 0.0002871 seconds, Stopping threads took: 0.0002302 seconds
2024-10-04T12:59:09.341+0300: 29.170: Application time: 0.9509996 seconds
2024-10-04T12:59:09.341+0300: 29.171: [GC (Allocation Failure) [PSYoungGen: 583645K->69391K(581632K)] 587381K->73136K(1979904K), 0.0060756 secs] [Times: user=0.00 sys=0.00, real=0.02 secs] 
2024-10-04T12:59:09.357+0300: 29.177: Total time for which application threads were stopped: 0.0063702 seconds, Stopping threads took: 0.0001650 seconds
2024-10-04T12:59:11.366+0300: 31.185: Application time: 2.0087234 seconds
2024-10-04T12:59:11.366+0300: 31.186: Total time for which application threads were stopped: 0.0003145 seconds, Stopping threads took: 0.0002586 seconds
2024-10-04T12:59:12.370+0300: 32.190: Application time: 1.0045547 seconds
2024-10-04T12:59:12.370+0300: 32.191: Total time for which application threads were stopped: 0.0003893 seconds, Stopping threads took: 0.0003394 seconds
2024-10-04T12:59:15.195+0300: 35.015: Application time: 2.8237878 seconds
2024-10-04T12:59:15.195+0300: 35.015: [GC (Allocation Failure) [PSYoungGen: 581388K->66853K(582144K)] 585133K->70606K(1980416K), 0.0067978 secs] [Times: user=0.00 sys=0.00, real=0.00 secs] 
2024-10-04T12:59:15.195+0300: 35.022: Total time for which application threads were stopped: 0.0071242 seconds, Stopping threads took: 0.0001890 seconds
2024-10-04T12:59:16.199+0300: 36.019: Application time: 0.9970446 seconds
2024-10-04T12:59:16.199+0300: 36.019: Total time for which application threads were stopped: 0.0002582 seconds, Stopping threads took: 0.0002144 seconds
2024-10-04T12:59:17.203+0300: 37.023: Application time: 1.0044009 seconds
2024-10-04T12:59:17.203+0300: 37.024: Total time for which application threads were stopped: 0.0002428 seconds, Stopping threads took: 0.0001812 seconds
2024-10-04T12:59:20.655+0300: 40.486: Application time: 3.4619746 seconds
2024-10-04T12:59:20.655+0300: 40.486: [GC (Allocation Failure) [PSYoungGen: 544549K->2405K(480256K)] 548302K->68226K(1878528K), 0.0102491 secs] [Times: user=0.02 sys=0.00, real=0.02 secs] 
2024-10-04T12:59:20.671+0300: 40.496: Total time for which application threads were stopped: 0.0105086 seconds, Stopping threads took: 0.0001295 seconds
2024-10-04T12:59:26.118+0300: 45.939: Application time: 5.4424412 seconds
2024-10-04T12:59:26.118+0300: 45.939: [GC (Allocation Failure) [PSYoungGen: 480019K->1693K(584192K)] 545840K->67562K(1982464K), 0.0007263 secs] [Times: user=0.00 sys=0.00, real=0.00 secs] 
2024-10-04T12:59:26.118+0300: 45.940: Total time for which application threads were stopped: 0.0010930 seconds, Stopping threads took: 0.0001963 seconds
2024-10-04T12:59:31.454+0300: 51.275: Application time: 5.3354235 seconds
2024-10-04T12:59:31.454+0300: 51.275: [GC (Allocation Failure) [PSYoungGen: 473156K->2373K(585216K)] 539025K->68250K(1983488K), 0.0008531 secs] [Times: user=0.00 sys=0.00, real=0.00 secs] 
2024-10-04T12:59:31.454+0300: 51.276: Total time for which application threads were stopped: 0.0011690 seconds, Stopping threads took: 0.0001450 seconds
2024-10-04T12:59:34.467+0300: 54.287: Application time: 3.0104367 seconds
2024-10-04T12:59:34.467+0300: 54.287: Total time for which application threads were stopped: 0.0002727 seconds, Stopping threads took: 0.0001932 seconds
2024-10-04T12:59:36.477+0300: 56.297: Application time: 2.0095833 seconds
2024-10-04T12:59:36.477+0300: 56.297: Total time for which application threads were stopped: 0.0002515 seconds, Stopping threads took: 0.0001919 seconds
2024-10-04T12:59:36.838+0300: 56.669: Application time: 0.3725687 seconds
2024-10-04T12:59:36.838+0300: 56.670: [GC (Allocation Failure) [PSYoungGen: 473883K->1773K(587776K)] 539760K->67666K(1986048K), 0.0009770 secs] [Times: user=0.00 sys=0.00, real=0.00 secs] 
2024-10-04T12:59:36.838+0300: 56.671: Total time for which application threads were stopped: 0.0014837 seconds, Stopping threads took: 0.0003046 seconds
2024-10-04T12:59:42.237+0300: 62.068: Application time: 5.3969876 seconds
2024-10-04T12:59:42.237+0300: 62.068: [GC (Allocation Failure) [PSYoungGen: 476828K->1747K(586240K)] 542721K->67664K(1984512K), 0.0007406 secs] [Times: user=0.00 sys=0.00, real=0.00 secs] 
2024-10-04T12:59:42.237+0300: 62.069: Total time for which application threads were stopped: 0.0010030 seconds, Stopping threads took: 0.0001442 seconds
2024-10-04T12:59:47.590+0300: 67.420: Application time: 5.3508264 seconds
2024-10-04T12:59:47.590+0300: 67.420: [GC (Allocation Failure) [PSYoungGen: 476675K->2120K(592896K)] 542592K->68045K(1991168K), 0.0008038 secs] [Times: user=0.00 sys=0.00, real=0.00 secs] 
2024-10-04T12:59:47.590+0300: 67.421: Total time for which application threads were stopped: 0.0011372 seconds, Stopping threads took: 0.0002015 seconds
2024-10-04T12:59:49.599+0300: 69.419: Application time: 1.9983164 seconds
2024-10-04T12:59:49.599+0300: 69.419: Total time for which application threads were stopped: 0.0003174 seconds, Stopping threads took: 0.0002561 seconds
2024-10-04T12:59:53.069+0300: 72.902: Application time: 3.4826762 seconds
2024-10-04T12:59:53.069+0300: 72.902: [GC (Allocation Failure) [PSYoungGen: 485960K->2168K(589824K)] 551885K->68101K(1988096K), 0.0006957 secs] [Times: user=0.00 sys=0.00, real=0.00 secs] 
2024-10-04T12:59:53.069+0300: 72.903: Total time for which application threads were stopped: 0.0010288 seconds, Stopping threads took: 0.0001959 seconds
2024-10-04T12:59:58.578+0300: 78.401: Application time: 5.4977198 seconds
2024-10-04T12:59:58.578+0300: 78.401: [GC (Allocation Failure) [PSYoungGen: 486008K->1898K(600064K)] 551941K->67839K(1998336K), 0.0007602 secs] [Times: user=0.00 sys=0.00, real=0.00 secs] 
2024-10-04T12:59:58.578+0300: 78.402: Total time for which application threads were stopped: 0.0010413 seconds, Stopping threads took: 0.0001654 seconds
2024-10-04T13:00:04.263+0300: 84.091: Application time: 5.6890023 seconds
2024-10-04T13:00:04.263+0300: 84.091: [GC (Allocation Failure) [PSYoungGen: 499562K->2309K(596480K)] 565503K->68282K(1994752K), 0.0006707 secs] [Times: user=0.00 sys=0.00, real=0.00 secs] 
2024-10-04T13:00:04.263+0300: 84.092: Total time for which application threads were stopped: 0.0009459 seconds, Stopping threads took: 0.0001433 seconds
2024-10-04T13:00:09.913+0300: 89.739: Application time: 5.6470622 seconds
2024-10-04T13:00:09.913+0300: 89.739: [GC (Allocation Failure) [PSYoungGen: 499869K->2168K(608768K)] 565842K->68157K(2007040K), 0.0007664 secs] [Times: user=0.00 sys=0.00, real=0.00 secs] 
2024-10-04T13:00:09.913+0300: 89.740: Total time for which application threads were stopped: 0.0010666 seconds, Stopping threads took: 0.0001709 seconds
2024-10-04T13:00:15.751+0300: 95.582: Application time: 5.8418138 seconds
2024-10-04T13:00:15.751+0300: 95.582: [GC (Allocation Failure) [PSYoungGen: 516216K->2168K(604160K)] 582205K->68173K(2002432K), 0.0009144 secs] [Times: user=0.00 sys=0.00, real=0.00 secs] 
2024-10-04T13:00:15.751+0300: 95.583: Total time for which application threads were stopped: 0.0012483 seconds, Stopping threads took: 0.0002053 seconds
2024-10-04T13:00:21.623+0300: 101.447: Application time: 5.8638554 seconds
2024-10-04T13:00:21.623+0300: 101.447: [GC (Allocation Failure) [PSYoungGen: 516141K->1930K(616960K)] 582146K->67943K(2015232K), 0.0009079 secs] [Times: user=0.00 sys=0.00, real=0.00 secs] 
2024-10-04T13:00:21.623+0300: 101.448: Total time for which application threads were stopped: 0.0012201 seconds, Stopping threads took: 0.0001475 seconds
2024-10-04T13:00:27.634+0300: 107.467: Application time: 6.0188777 seconds
2024-10-04T13:00:27.634+0300: 107.467: [GC (Allocation Failure) [PSYoungGen: 532822K->2033K(612864K)] 598834K->68054K(2011136K), 0.0008148 secs] [Times: user=0.00 sys=0.00, real=0.00 secs] 
2024-10-04T13:00:27.634+0300: 107.468: Total time for which application threads were stopped: 0.0011603 seconds, Stopping threads took: 0.0002446 seconds
2024-10-04T13:00:33.676+0300: 113.508: Application time: 6.0400562 seconds
2024-10-04T13:00:33.676+0300: 113.509: [GC (Allocation Failure) [PSYoungGen: 532902K->2152K(625664K)] 598923K->68181K(2023936K), 0.0007822 secs] [Times: user=0.00 sys=0.00, real=0.00 secs] 
2024-10-04T13:00:33.676+0300: 113.509: Total time for which application threads were stopped: 0.0011484 seconds, Stopping threads took: 0.0002162 seconds
2024-10-04T13:00:39.953+0300: 119.777: Application time: 6.2670962 seconds
2024-10-04T13:00:39.953+0300: 119.777: [GC (Allocation Failure) [PSYoungGen: 550504K->1994K(621568K)] 616533K->68031K(2019840K), 0.0007912 secs] [Times: user=0.00 sys=0.00, real=0.00 secs] 
2024-10-04T13:00:39.953+0300: 119.778: Total time for which application threads were stopped: 0.0010627 seconds, Stopping threads took: 0.0001405 seconds
2024-10-04T13:00:46.216+0300: 126.047: Application time: 6.2698380 seconds
2024-10-04T13:00:46.216+0300: 126.048: [GC (Allocation Failure) [PSYoungGen: 550346K->2104K(633856K)] 616383K->68149K(2032128K), 0.0006887 secs] [Times: user=0.00 sys=0.00, real=0.00 secs] 
2024-10-04T13:00:46.216+0300: 126.048: Total time for which application threads were stopped: 0.0009465 seconds, Stopping threads took: 0.0001291 seconds
2024-10-04T13:00:52.604+0300: 132.429: Application time: 6.3808963 seconds
2024-10-04T13:00:52.604+0300: 132.430: [GC (Allocation Failure) [PSYoungGen: 566840K->2120K(629760K)] 632885K->68181K(2028032K), 0.0008852 secs] [Times: user=0.00 sys=0.00, real=0.00 secs] 
2024-10-04T13:00:52.604+0300: 132.430: Total time for which application threads were stopped: 0.0011939 seconds, Stopping threads took: 0.0001575 seconds
2024-10-04T13:00:58.993+0300: 138.815: Application time: 6.3843023 seconds
2024-10-04T13:00:58.993+0300: 138.815: [GC (Allocation Failure) [PSYoungGen: 566810K->2065K(641536K)] 632871K->68142K(2039808K), 0.0007209 secs] [Times: user=0.00 sys=0.00, real=0.00 secs] 
2024-10-04T13:00:58.993+0300: 138.816: Total time for which application threads were stopped: 0.0010365 seconds, Stopping threads took: 0.0001980 seconds
2024-10-04T13:01:05.570+0300: 145.404: Application time: 6.5886523 seconds
2024-10-04T13:01:05.570+0300: 145.405: [GC (Allocation Failure) [PSYoungGen: 582161K->2136K(637440K)] 648238K->68221K(2035712K), 0.0008020 secs] [Times: user=0.00 sys=0.00, real=0.02 secs] 
2024-10-04T13:01:05.586+0300: 145.406: Total time for which application threads were stopped: 0.0011056 seconds, Stopping threads took: 0.0001162 seconds
2024-10-04T13:01:12.207+0300: 152.041: Application time: 6.6354748 seconds
2024-10-04T13:01:12.207+0300: 152.041: [GC (Allocation Failure) [PSYoungGen: 582232K->1930K(648192K)] 648317K->68023K(2046464K), 0.0008960 secs] [Times: user=0.00 sys=0.00, real=0.00 secs] 
2024-10-04T13:01:12.207+0300: 152.042: Total time for which application threads were stopped: 0.0012002 seconds, Stopping threads took: 0.0001597 seconds
2024-10-04T13:01:18.941+0300: 158.768: Application time: 6.7261313 seconds
2024-10-04T13:01:18.941+0300: 158.769: [GC (Allocation Failure) [PSYoungGen: 596268K->2136K(645120K)] 662361K->68237K(2043392K), 0.0008863 secs] [Times: user=0.00 sys=0.00, real=0.00 secs] 
2024-10-04T13:01:18.941+0300: 158.770: Total time for which application threads were stopped: 0.0011463 seconds, Stopping threads took: 0.0001189 seconds
2024-10-04T13:01:25.692+0300: 165.520: Application time: 6.7503492 seconds
2024-10-04T13:01:25.692+0300: 165.520: [GC (Allocation Failure) [PSYoungGen: 596437K->2389K(654848K)] 662537K->68498K(2053120K), 0.0010028 secs] [Times: user=0.00 sys=0.00, real=0.00 secs] 
2024-10-04T13:01:25.692+0300: 165.521: Total time for which application threads were stopped: 0.0014529 seconds, Stopping threads took: 0.0002603 seconds
2024-10-04T13:01:32.600+0300: 172.427: Application time: 6.9061174 seconds
2024-10-04T13:01:32.600+0300: 172.428: [GC (Allocation Failure) [PSYoungGen: 610133K->2120K(651776K)] 676242K->68245K(2050048K), 0.0007400 secs] [Times: user=0.00 sys=0.00, real=0.00 secs] 
2024-10-04T13:01:32.600+0300: 172.429: Total time for which application threads were stopped: 0.0010221 seconds, Stopping threads took: 0.0001395 seconds
2024-10-04T13:01:39.505+0300: 179.338: Application time: 6.9099227 seconds
2024-10-04T13:01:39.505+0300: 179.339: [GC (Allocation Failure) [PSYoungGen: 609864K->1930K(660480K)] 675989K->68063K(2058752K), 0.0008051 secs] [Times: user=0.00 sys=0.00, real=0.00 secs] 
2024-10-04T13:01:39.505+0300: 179.340: Total time for which application threads were stopped: 0.0011484 seconds, Stopping threads took: 0.0001892 seconds
2024-10-04T13:01:42.518+0300: 182.338: Application time: 2.9979534 seconds
2024-10-04T13:01:42.518+0300: 182.338: Total time for which application threads were stopped: 0.0002693 seconds, Stopping threads took: 0.0002034 seconds
2024-10-04T13:01:46.583+0300: 186.407: Application time: 4.0696721 seconds
2024-10-04T13:01:46.583+0300: 186.408: [GC (Allocation Failure) [PSYoungGen: 620918K->2341K(657408K)] 687051K->68490K(2055680K), 0.0009900 secs] [Times: user=0.00 sys=0.00, real=0.00 secs] 
2024-10-04T13:01:46.583+0300: 186.409: Total time for which application threads were stopped: 0.0012715 seconds, Stopping threads took: 0.0001238 seconds
2024-10-04T13:01:53.620+0300: 193.446: Application time: 7.0370553 seconds
2024-10-04T13:01:53.620+0300: 193.446: [GC (Allocation Failure) [PSYoungGen: 621349K->2010K(665600K)] 687498K->68167K(2063872K), 0.0008085 secs] [Times: user=0.00 sys=0.00, real=0.00 secs] 
2024-10-04T13:01:53.620+0300: 193.447: Total time for which application threads were stopped: 0.0010457 seconds, Stopping threads took: 0.0001078 seconds
2024-10-04T13:01:59.644+0300: 199.464: Application time: 6.0166792 seconds
2024-10-04T13:01:59.644+0300: 199.464: Total time for which application threads were stopped: 0.0003276 seconds, Stopping threads took: 0.0002865 seconds
2024-10-04T13:02:00.773+0300: 200.602: Application time: 1.1380471 seconds
2024-10-04T13:02:00.773+0300: 200.602: [GC (Allocation Failure) [PSYoungGen: 631726K->2341K(663040K)] 697883K->68514K(2061312K), 0.0010722 secs] [Times: user=0.00 sys=0.00, real=0.00 secs] 
2024-10-04T13:02:00.773+0300: 200.603: Total time for which application threads were stopped: 0.0014814 seconds, Stopping threads took: 0.0001830 seconds
2024-10-04T13:02:01.779+0300: 201.599: Application time: 0.9951652 seconds
2024-10-04T13:02:01.779+0300: 201.599: Total time for which application threads were stopped: 0.0002860 seconds, Stopping threads took: 0.0002423 seconds
2024-10-04T13:02:08.102+0300: 207.935: Application time: 6.3359390 seconds
2024-10-04T13:02:08.102+0300: 207.935: [GC (Allocation Failure) [PSYoungGen: 632101K->1946K(669696K)] 698274K->68127K(2067968K), 0.0008490 secs] [Times: user=0.02 sys=0.00, real=0.01 secs] 
2024-10-04T13:02:08.116+0300: 207.936: Total time for which application threads were stopped: 0.0012573 seconds, Stopping threads took: 0.0002443 seconds
2024-10-04T13:02:15.384+0300: 215.206: Application time: 7.2699106 seconds
2024-10-04T13:02:15.384+0300: 215.206: [GC (Allocation Failure) [PSYoungGen: 640363K->1526K(667648K)] 706543K->67723K(2065920K), 0.0006780 secs] [Times: user=0.00 sys=0.00, real=0.00 secs] 
2024-10-04T13:02:15.384+0300: 215.207: Total time for which application threads were stopped: 0.0012478 seconds, Stopping threads took: 0.0004288 seconds
2024-10-04T13:02:22.651+0300: 222.480: Application time: 7.2730288 seconds
2024-10-04T13:02:22.651+0300: 222.480: [GC (Allocation Failure) [PSYoungGen: 639990K->2325K(673792K)] 706187K->68530K(2072064K), 0.0009153 secs] [Times: user=0.00 sys=0.00, real=0.00 secs] 
2024-10-04T13:02:22.651+0300: 222.481: Total time for which application threads were stopped: 0.0012112 seconds, Stopping threads took: 0.0001276 seconds
2024-10-04T13:02:30.011+0300: 229.839: Application time: 7.3575658 seconds
2024-10-04T13:02:30.011+0300: 229.839: [GC (Allocation Failure) [PSYoungGen: 648981K->1930K(671744K)] 715186K->68143K(2070016K), 0.0007830 secs] [Times: user=0.00 sys=0.00, real=0.00 secs] 
2024-10-04T13:02:30.011+0300: 229.840: Total time for which application threads were stopped: 0.0010947 seconds, Stopping threads took: 0.0001634 seconds
2024-10-04T13:02:37.327+0300: 237.151: Application time: 7.3111907 seconds
2024-10-04T13:02:37.327+0300: 237.152: [GC (Allocation Failure) [PSYoungGen: 648586K->2056K(676864K)] 714799K->68277K(2075136K), 0.0009876 secs] [Times: user=0.00 sys=0.00, real=0.01 secs] 
2024-10-04T13:02:37.332+0300: 237.153: Total time for which application threads were stopped: 0.0013290 seconds, Stopping threads took: 0.0001640 seconds
2024-10-04T13:02:44.734+0300: 244.569: Application time: 7.4162774 seconds
2024-10-04T13:02:44.749+0300: 244.569: [GC (Allocation Failure) [PSYoungGen: 655368K->2168K(675328K)] 721589K->68397K(2073600K), 0.0009269 secs] [Times: user=0.00 sys=0.00, real=0.00 secs] 
2024-10-04T13:02:44.749+0300: 244.570: Total time for which application threads were stopped: 0.0013202 seconds, Stopping threads took: 0.0001982 seconds
2024-10-04T13:02:52.172+0300: 251.995: Application time: 7.4242855 seconds
2024-10-04T13:02:52.172+0300: 251.995: [GC (Allocation Failure) [PSYoungGen: 655480K->2200K(679936K)] 721709K->68445K(2078208K), 0.0008480 secs] [Times: user=0.00 sys=0.00, real=0.00 secs] 
2024-10-04T13:02:52.176+0300: 251.996: Total time for which application threads were stopped: 0.0011681 seconds, Stopping threads took: 0.0001567 seconds
2024-10-04T13:02:57.844+0300: 257.670: Application time: 5.6744806 seconds
2024-10-04T13:02:57.844+0300: 257.671: Total time for which application threads were stopped: 0.0002787 seconds, Stopping threads took: 0.0002313 seconds
2024-10-04T13:02:57.901+0300: 257.731: Application time: 0.0603627 seconds
2024-10-04T13:02:57.901+0300: 257.731: Total time for which application threads were stopped: 0.0002016 seconds, Stopping threads took: 0.0001482 seconds
2024-10-04T13:02:57.932+0300: 257.759: Application time: 0.0276418 seconds
2024-10-04T13:02:57.932+0300: 257.759: Total time for which application threads were stopped: 0.0001714 seconds, Stopping threads took: 0.0001302 seconds
2024-10-04T13:02:58.278+0300: 258.099: Application time: 0.3399820 seconds
2024-10-04T13:02:58.278+0300: 258.099: Total time for which application threads were stopped: 0.0001165 seconds, Stopping threads took: 0.0000837 seconds
2024-10-04T13:02:58.607+0300: 258.433: Application time: 0.3336827 seconds
2024-10-04T13:02:58.607+0300: 258.433: Total time for which application threads were stopped: 0.0002205 seconds, Stopping threads took: 0.0001643 seconds
2024-10-04T13:02:59.925+0300: 259.760: Application time: 1.3266348 seconds
2024-10-04T13:02:59.925+0300: 259.760: [GC (Allocation Failure) [PSYoungGen: 661656K->2309K(678400K)] 727901K->68562K(2076672K), 0.0010945 secs] [Times: user=0.00 sys=0.00, real=0.02 secs] 
2024-10-04T13:02:59.941+0300: 259.761: Total time for which application threads were stopped: 0.0014462 seconds, Stopping threads took: 0.0002113 seconds
2024-10-04T13:03:07.522+0300: 267.344: Application time: 7.5826095 seconds
2024-10-04T13:03:07.522+0300: 267.344: [GC (Allocation Failure) [PSYoungGen: 661640K->1914K(682496K)] 727893K->68223K(2080768K), 0.0008120 secs] [Times: user=0.00 sys=0.00, real=0.00 secs] 
2024-10-04T13:03:07.522+0300: 267.345: Total time for which application threads were stopped: 0.0013384 seconds, Stopping threads took: 0.0003830 seconds
2024-10-04T13:03:15.148+0300: 274.976: Application time: 7.6310690 seconds
2024-10-04T13:03:15.148+0300: 274.976: [GC (Allocation Failure) [PSYoungGen: 667002K->2136K(681472K)] 733311K->68453K(2079744K), 0.0011399 secs] [Times: user=0.00 sys=0.00, real=0.00 secs] 
2024-10-04T13:03:15.148+0300: 274.977: Total time for which application threads were stopped: 0.0014191 seconds, Stopping threads took: 0.0001480 seconds
2024-10-04T13:03:22.728+0300: 282.557: Application time: 7.5797079 seconds
2024-10-04T13:03:22.728+0300: 282.557: [GC (Allocation Failure) [PSYoungGen: 667156K->2200K(684544K)] 733473K->68533K(2082816K), 0.0010755 secs] [Times: user=0.00 sys=0.00, real=0.00 secs] 
2024-10-04T13:03:22.728+0300: 282.559: Total time for which application threads were stopped: 0.0013954 seconds, Stopping threads took: 0.0001706 seconds
2024-10-04T13:03:30.357+0300: 290.178: Application time: 7.6193272 seconds
2024-10-04T13:03:30.357+0300: 290.178: [GC (Allocation Failure) [PSYoungGen: 671384K->2136K(683520K)] 737717K->68477K(2081792K), 0.0007905 secs] [Times: user=0.00 sys=0.00, real=0.00 secs] 
2024-10-04T13:03:30.357+0300: 290.179: Total time for which application threads were stopped: 0.0012166 seconds, Stopping threads took: 0.0002668 seconds
2024-10-04T13:03:38.079+0300: 297.907: Application time: 7.7274879 seconds
2024-10-04T13:03:38.079+0300: 297.907: [GC (Allocation Failure) [PSYoungGen: 671269K->1725K(686592K)] 737610K->68074K(2084864K), 0.0008266 secs] [Times: user=0.00 sys=0.00, real=0.00 secs] 
2024-10-04T13:03:38.079+0300: 297.908: Total time for which application threads were stopped: 0.0011312 seconds, Stopping threads took: 0.0001894 seconds
2024-10-04T13:03:45.771+0300: 305.598: Application time: 7.6906374 seconds
2024-10-04T13:03:45.771+0300: 305.599: [GC (Allocation Failure) [PSYoungGen: 675005K->2245K(685568K)] 741354K->68602K(2083840K), 0.0012692 secs] [Times: user=0.00 sys=0.00, real=0.00 secs] 
2024-10-04T13:03:45.771+0300: 305.600: Total time for which application threads were stopped: 0.0016817 seconds, Stopping threads took: 0.0002153 seconds
2024-10-04T13:03:53.384+0300: 313.216: Application time: 7.6162899 seconds
2024-10-04T13:03:53.384+0300: 313.217: [GC (Allocation Failure) [PSYoungGen: 675525K->2200K(688128K)] 741882K->68573K(2086400K), 0.0009720 secs] [Times: user=0.00 sys=0.02, real=0.00 secs] 
2024-10-04T13:03:53.384+0300: 313.218: Total time for which application threads were stopped: 0.0012274 seconds, Stopping threads took: 0.0001068 seconds
2024-10-04T13:04:01.123+0300: 320.949: Application time: 7.7319107 seconds
2024-10-04T13:04:01.123+0300: 320.950: [GC (Allocation Failure) [PSYoungGen: 678552K->2341K(687104K)] 744925K->68722K(2085376K), 0.0007957 secs] [Times: user=0.00 sys=0.00, real=0.00 secs] 
2024-10-04T13:04:01.123+0300: 320.951: Total time for which application threads were stopped: 0.0011254 seconds, Stopping threads took: 0.0001803 seconds
2024-10-04T13:04:08.798+0300: 328.632: Application time: 7.6809584 seconds
2024-10-04T13:04:08.798+0300: 328.632: [GC (Allocation Failure) [PSYoungGen: 678657K->2309K(689664K)] 745038K->68698K(2087936K), 0.0009414 secs] [Times: user=0.00 sys=0.00, real=0.00 secs] 
2024-10-04T13:04:08.798+0300: 328.633: Total time for which application threads were stopped: 0.0012450 seconds, Stopping threads took: 0.0001565 seconds
2024-10-04T13:04:16.505+0300: 336.339: Application time: 7.7063855 seconds
2024-10-04T13:04:16.505+0300: 336.340: [GC (Allocation Failure) [PSYoungGen: 681733K->1757K(688640K)] 748122K->68154K(2086912K), 0.0008874 secs] [Times: user=0.00 sys=0.00, real=0.00 secs] 
2024-10-04T13:04:16.505+0300: 336.341: Total time for which application threads were stopped: 0.0013150 seconds, Stopping threads took: 0.0002315 seconds
2024-10-04T13:04:24.225+0300: 344.047: Application time: 7.7065090 seconds
2024-10-04T13:04:24.225+0300: 344.047: [GC (Allocation Failure) [PSYoungGen: 681181K->2341K(690688K)] 747578K->68746K(2088960K), 0.0009750 secs] [Times: user=0.00 sys=0.00, real=0.00 secs] 
2024-10-04T13:04:24.225+0300: 344.048: Total time for which application threads were stopped: 0.0013322 seconds, Stopping threads took: 0.0001857 seconds
2024-10-04T13:04:32.026+0300: 351.847: Application time: 7.7986619 seconds
2024-10-04T13:04:32.026+0300: 351.847: [GC (Allocation Failure) [PSYoungGen: 684262K->2033K(690176K)] 750667K->68446K(2088448K), 0.0007460 secs] [Times: user=0.00 sys=0.00, real=0.00 secs] 
2024-10-04T13:04:32.026+0300: 351.848: Total time for which application threads were stopped: 0.0011387 seconds, Stopping threads took: 0.0002418 seconds
2024-10-04T13:04:39.812+0300: 359.643: Application time: 7.7952299 seconds
2024-10-04T13:04:39.812+0300: 359.644: [GC (Allocation Failure) [PSYoungGen: 684017K->2120K(691712K)] 750430K->68541K(2089984K), 0.0008938 secs] [Times: user=0.00 sys=0.00, real=0.00 secs] 
2024-10-04T13:04:39.812+0300: 359.645: Total time for which application threads were stopped: 0.0011365 seconds, Stopping threads took: 0.0000867 seconds
2024-10-04T13:04:44.835+0300: 364.655: Application time: 5.0100879 seconds
2024-10-04T13:04:44.835+0300: 364.655: Total time for which application threads were stopped: 0.0002892 seconds, Stopping threads took: 0.0002219 seconds
2024-10-04T13:04:47.650+0300: 367.475: Application time: 2.8197939 seconds
2024-10-04T13:04:47.650+0300: 367.475: [GC (Allocation Failure) [PSYoungGen: 686142K->1741K(691200K)] 752563K->68170K(2089472K), 0.0009627 secs] [Times: user=0.00 sys=0.00, real=0.00 secs] 
2024-10-04T13:04:47.650+0300: 367.476: Total time for which application threads were stopped: 0.0013108 seconds, Stopping threads took: 0.0001614 seconds
2024-10-04T13:04:55.444+0300: 375.270: Application time: 7.7939650 seconds
2024-10-04T13:04:55.444+0300: 375.270: [GC (Allocation Failure) [PSYoungGen: 685773K->2104K(692224K)] 752202K->68541K(2090496K), 0.0010340 secs] [Times: user=0.00 sys=0.00, real=0.00 secs] 
2024-10-04T13:04:55.444+0300: 375.271: Total time for which application threads were stopped: 0.0013307 seconds, Stopping threads took: 0.0001010 seconds
2024-10-04T13:05:03.281+0300: 383.106: Application time: 7.8345800 seconds
2024-10-04T13:05:03.281+0300: 383.106: [GC (Allocation Failure) [PSYoungGen: 687133K->2104K(691712K)] 753570K->68549K(2089984K), 0.0007680 secs] [Times: user=0.00 sys=0.00, real=0.00 secs] 
2024-10-04T13:05:03.281+0300: 383.107: Total time for which application threads were stopped: 0.0010785 seconds, Stopping threads took: 0.0001729 seconds
2024-10-04T13:05:11.122+0300: 390.956: Application time: 7.8490461 seconds
2024-10-04T13:05:11.122+0300: 390.957: [GC (Allocation Failure) [PSYoungGen: 687160K->1763K(692736K)] 753605K->68216K(2091008K), 0.0007703 secs] [Times: user=0.00 sys=0.00, real=0.00 secs] 
2024-10-04T13:05:11.122+0300: 390.957: Total time for which application threads were stopped: 0.0013116 seconds, Stopping threads took: 0.0004055 seconds
2024-10-04T13:05:18.941+0300: 398.772: Application time: 7.8148728 seconds
2024-10-04T13:05:18.941+0300: 398.773: [GC (Allocation Failure) [PSYoungGen: 688355K->2216K(692736K)] 754808K->68677K(2091008K), 0.0007953 secs] [Times: user=0.00 sys=0.00, real=0.00 secs] 
2024-10-04T13:05:18.941+0300: 398.773: Total time for which application threads were stopped: 0.0011349 seconds, Stopping threads took: 0.0001834 seconds
2024-10-04T13:05:26.826+0300: 406.651: Application time: 7.8775857 seconds
2024-10-04T13:05:26.826+0300: 406.651: [GC (Allocation Failure) [PSYoungGen: 688808K->1946K(693248K)] 755269K->68415K(2091520K), 0.0008811 secs] [Times: user=0.00 sys=0.00, real=0.00 secs] 
2024-10-04T13:05:26.826+0300: 406.652: Total time for which application threads were stopped: 0.0013106 seconds, Stopping threads took: 0.0001886 seconds
2024-10-04T13:05:34.765+0300: 414.587: Application time: 7.9348658 seconds
2024-10-04T13:05:34.765+0300: 414.587: [GC (Allocation Failure) [PSYoungGen: 689562K->2136K(693248K)] 756031K->68629K(2091520K), 0.0008633 secs] [Times: user=0.00 sys=0.00, real=0.00 secs] 
2024-10-04T13:05:34.765+0300: 414.588: Total time for which application threads were stopped: 0.0011577 seconds, Stopping threads took: 0.0001415 seconds
2024-10-04T13:05:42.580+0300: 422.404: Application time: 7.8160483 seconds
2024-10-04T13:05:42.580+0300: 422.405: [GC (Allocation Failure) [PSYoungGen: 689752K->2373K(693760K)] 756245K->68874K(2092032K), 0.0010692 secs] [Times: user=0.00 sys=0.02, real=0.00 secs] 
2024-10-04T13:05:42.580+0300: 422.406: Total time for which application threads were stopped: 0.0013770 seconds, Stopping threads took: 0.0001582 seconds
2024-10-04T13:05:50.427+0300: 430.256: Application time: 7.8499056 seconds
2024-10-04T13:05:50.427+0300: 430.256: [GC (Allocation Failure) [PSYoungGen: 691013K->1757K(693760K)] 757514K->68266K(2092032K), 0.0010663 secs] [Times: user=0.00 sys=0.00, real=0.00 secs] 
2024-10-04T13:05:50.427+0300: 430.257: Total time for which application threads were stopped: 0.0013307 seconds, Stopping threads took: 0.0000967 seconds
2024-10-04T13:05:58.322+0300: 438.148: Application time: 7.8910942 seconds
2024-10-04T13:05:58.322+0300: 438.148: [GC (Allocation Failure) [PSYoungGen: 690397K->2168K(694272K)] 756906K->68685K(2092544K), 0.0010099 secs] [Times: user=0.00 sys=0.00, real=0.01 secs] 
2024-10-04T13:05:58.329+0300: 438.149: Total time for which application threads were stopped: 0.0013671 seconds, Stopping threads took: 0.0001913 seconds
2024-10-04T13:06:06.169+0300: 445.996: Application time: 7.8463858 seconds
2024-10-04T13:06:06.169+0300: 445.996: [GC (Allocation Failure) [PSYoungGen: 691567K->1930K(694272K)] 758084K->68455K(2092544K), 0.0008989 secs] [Times: user=0.00 sys=0.00, real=0.00 secs] 
2024-10-04T13:06:06.169+0300: 445.997: Total time for which application threads were stopped: 0.0011852 seconds, Stopping threads took: 0.0001175 seconds
2024-10-04T13:06:14.048+0300: 453.868: Application time: 7.8714564 seconds
2024-10-04T13:06:14.048+0300: 453.869: [GC (Allocation Failure) [PSYoungGen: 691594K->2142K(694784K)] 758119K->68683K(2093056K), 0.0008564 secs] [Times: user=0.00 sys=0.00, real=0.00 secs] 
2024-10-04T13:06:14.048+0300: 453.870: Total time for which application threads were stopped: 0.0011605 seconds, Stopping threads took: 0.0001643 seconds
2024-10-04T13:06:21.879+0300: 461.706: Application time: 7.8363386 seconds
2024-10-04T13:06:21.879+0300: 461.706: [GC (Allocation Failure) [PSYoungGen: 692318K->1882K(694272K)] 758859K->68431K(2092544K), 0.0008269 secs] [Times: user=0.00 sys=0.00, real=0.00 secs] 
2024-10-04T13:06:21.879+0300: 461.707: Total time for which application threads were stopped: 0.0011428 seconds, Stopping threads took: 0.0001467 seconds
2024-10-04T13:06:29.748+0300: 469.569: Application time: 7.8616967 seconds
2024-10-04T13:06:29.748+0300: 469.569: [GC (Allocation Failure) [PSYoungGen: 691964K->1946K(694784K)] 758513K->68503K(2093056K), 0.0007224 secs] [Times: user=0.00 sys=0.00, real=0.00 secs] 
2024-10-04T13:06:29.748+0300: 469.570: Total time for which application threads were stopped: 0.0010172 seconds, Stopping threads took: 0.0001614 seconds
2024-10-04T13:06:37.588+0300: 477.410: Application time: 7.8399897 seconds
2024-10-04T13:06:37.588+0300: 477.410: [GC (Allocation Failure) [PSYoungGen: 692634K->1962K(694784K)] 759191K->68527K(2093056K), 0.0008429 secs] [Times: user=0.00 sys=0.00, real=0.00 secs] 
2024-10-04T13:06:37.588+0300: 477.411: Total time for which application threads were stopped: 0.0011657 seconds, Stopping threads took: 0.0001765 seconds
2024-10-04T13:06:45.485+0300: 485.313: Application time: 7.9016022 seconds
2024-10-04T13:06:45.485+0300: 485.313: [GC (Allocation Failure) [PSYoungGen: 692554K->2341K(695296K)] 759119K->68914K(2093568K), 0.0007814 secs] [Times: user=0.00 sys=0.00, real=0.00 secs] 
2024-10-04T13:06:45.485+0300: 485.314: Total time for which application threads were stopped: 0.0014693 seconds, Stopping threads took: 0.0005583 seconds
2024-10-04T13:06:53.364+0300: 493.198: Application time: 7.8838268 seconds
2024-10-04T13:06:53.364+0300: 493.198: [GC (Allocation Failure) [PSYoungGen: 694053K->2120K(695296K)] 760626K->68733K(2093568K), 0.0008312 secs] [Times: user=0.00 sys=0.00, real=0.00 secs] 
2024-10-04T13:06:53.364+0300: 493.199: Total time for which application threads were stopped: 0.0012403 seconds, Stopping threads took: 0.0002649 seconds
2024-10-04T13:06:59.514+0300: 499.340: Application time: 6.1410623 seconds
2024-10-04T13:06:59.514+0300: 499.340: Total time for which application threads were stopped: 0.0002078 seconds, Stopping threads took: 0.0001512 seconds
2024-10-04T13:06:59.875+0300: 499.709: Application time: 0.3688254 seconds
2024-10-04T13:06:59.875+0300: 499.709: Total time for which application threads were stopped: 0.0002168 seconds, Stopping threads took: 0.0001682 seconds
2024-10-04T13:07:00.283+0300: 500.113: Application time: 0.4032015 seconds
2024-10-04T13:07:00.283+0300: 500.113: Total time for which application threads were stopped: 0.0001162 seconds, Stopping threads took: 0.0000677 seconds
2024-10-04T13:07:00.283+0300: 500.117: Application time: 0.0040818 seconds
2024-10-04T13:07:00.283+0300: 500.117: Total time for which application threads were stopped: 0.0000947 seconds, Stopping threads took: 0.0000659 seconds
2024-10-04T13:07:00.339+0300: 500.164: Application time: 0.0466566 seconds
2024-10-04T13:07:00.339+0300: 500.164: Total time for which application threads were stopped: 0.0004248 seconds, Stopping threads took: 0.0004066 seconds
2024-10-04T13:07:01.382+0300: 501.213: Application time: 1.0485687 seconds
2024-10-04T13:07:01.382+0300: 501.213: [GC (Allocation Failure) [PSYoungGen: 693832K->1314K(695296K)] 760445K->67942K(2093568K), 0.0008274 secs] [Times: user=0.00 sys=0.00, real=0.00 secs] 
2024-10-04T13:07:01.382+0300: 501.214: Total time for which application threads were stopped: 0.0012040 seconds, Stopping threads took: 0.0001893 seconds
2024-10-04T13:07:09.341+0300: 509.169: Application time: 7.9548760 seconds
2024-10-04T13:07:09.341+0300: 509.169: [GC (Allocation Failure) [PSYoungGen: 693026K->1914K(695296K)] 759654K->68591K(2093568K), 0.0008636 secs] [Times: user=0.00 sys=0.00, real=0.00 secs] 
2024-10-04T13:07:09.341+0300: 509.170: Total time for which application threads were stopped: 0.0011153 seconds, Stopping threads took: 0.0001011 seconds
2024-10-04T13:07:17.267+0300: 517.090: Application time: 7.9205493 seconds
2024-10-04T13:07:17.267+0300: 517.091: [GC (Allocation Failure) [PSYoungGen: 693626K->2325K(695296K)] 760303K->69010K(2093568K), 0.0008619 secs] [Times: user=0.00 sys=0.00, real=0.00 secs] 
2024-10-04T13:07:17.267+0300: 517.092: Total time for which application threads were stopped: 0.0011540 seconds, Stopping threads took: 0.0001453 seconds
2024-10-04T13:07:25.130+0300: 524.961: Application time: 7.8694816 seconds
2024-10-04T13:07:25.130+0300: 524.961: [GC (Allocation Failure) [PSYoungGen: 694025K->2325K(695296K)] 760710K->69018K(2093568K), 0.0008984 secs] [Times: user=0.00 sys=0.00, real=0.00 secs] 
2024-10-04T13:07:25.130+0300: 524.962: Total time for which application threads were stopped: 0.0011682 seconds, Stopping threads took: 0.0001230 seconds
2024-10-04T13:07:33.025+0300: 532.845: Application time: 7.8826141 seconds
2024-10-04T13:07:33.025+0300: 532.845: [GC (Allocation Failure) [PSYoungGen: 694037K->2277K(695296K)] 760730K->68978K(2093568K), 0.0007606 secs] [Times: user=0.00 sys=0.00, real=0.00 secs] 
2024-10-04T13:07:33.025+0300: 532.846: Total time for which application threads were stopped: 0.0010340 seconds, Stopping threads took: 0.0001088 seconds
2024-10-04T13:07:40.918+0300: 540.745: Application time: 7.8989150 seconds
2024-10-04T13:07:40.918+0300: 540.745: [GC (Allocation Failure) [PSYoungGen: 693905K->1946K(695296K)] 760606K->68655K(2093568K), 0.0008204 secs] [Times: user=0.00 sys=0.00, real=0.00 secs] 
2024-10-04T13:07:40.918+0300: 540.746: Total time for which application threads were stopped: 0.0012141 seconds, Stopping threads took: 0.0002088 seconds
2024-10-04T13:07:48.812+0300: 548.640: Application time: 7.8939140 seconds
2024-10-04T13:07:48.812+0300: 548.640: [GC (Allocation Failure) [PSYoungGen: 693658K->2428K(695296K)] 760367K->69145K(2093568K), 0.0009260 secs] [Times: user=0.00 sys=0.00, real=0.00 secs] 
2024-10-04T13:07:48.812+0300: 548.641: Total time for which application threads were stopped: 0.0012492 seconds, Stopping threads took: 0.0001517 seconds
2024-10-04T13:07:56.628+0300: 556.461: Application time: 7.8196723 seconds
2024-10-04T13:07:56.628+0300: 556.461: [GC (Allocation Failure) [PSYoungGen: 694140K->2049K(695296K)] 760857K->68774K(2093568K), 0.0008194 secs] [Times: user=0.00 sys=0.00, real=0.00 secs] 
2024-10-04T13:07:56.628+0300: 556.462: Total time for which application threads were stopped: 0.0010868 seconds, Stopping threads took: 0.0001384 seconds
2024-10-04T13:08:04.557+0300: 564.389: Application time: 7.9269187 seconds
2024-10-04T13:08:04.557+0300: 564.389: [GC (Allocation Failure) [PSYoungGen: 693761K->1930K(695808K)] 760486K->68663K(2094080K), 0.0008277 secs] [Times: user=0.00 sys=0.00, real=0.00 secs] 
2024-10-04T13:08:04.557+0300: 564.390: Total time for which application threads were stopped: 0.0010844 seconds, Stopping threads took: 0.0000983 seconds
2024-10-04T13:08:12.468+0300: 572.289: Application time: 7.8991454 seconds
2024-10-04T13:08:12.468+0300: 572.289: [GC (Allocation Failure) [PSYoungGen: 694666K->2088K(695808K)] 761399K->68829K(2094080K), 0.0007577 secs] [Times: user=0.00 sys=0.00, real=0.00 secs] 
2024-10-04T13:08:12.468+0300: 572.290: Total time for which application threads were stopped: 0.0010436 seconds, Stopping threads took: 0.0001585 seconds
2024-10-04T13:08:20.396+0300: 580.224: Application time: 7.9339704 seconds
2024-10-04T13:08:20.396+0300: 580.224: [GC (Allocation Failure) [PSYoungGen: 694824K->1651K(695808K)] 761565K->68400K(2094080K), 0.0007616 secs] [Times: user=0.00 sys=0.00, real=0.01 secs] 
2024-10-04T13:08:20.405+0300: 580.225: Total time for which application threads were stopped: 0.0010844 seconds, Stopping threads took: 0.0001792 seconds
2024-10-04T13:08:28.292+0300: 588.127: Application time: 7.9016426 seconds
2024-10-04T13:08:28.292+0300: 588.127: [GC (Allocation Failure) [PSYoungGen: 694387K->2373K(695808K)] 761136K->69130K(2094080K), 0.0008904 secs] [Times: user=0.00 sys=0.00, real=0.02 secs] 
2024-10-04T13:08:28.308+0300: 588.128: Total time for which application threads were stopped: 0.0012086 seconds, Stopping threads took: 0.0001612 seconds
2024-10-04T13:08:36.191+0300: 596.019: Application time: 7.8907691 seconds
2024-10-04T13:08:36.191+0300: 596.020: [GC (Allocation Failure) [PSYoungGen: 694982K->1478K(695808K)] 761739K->68251K(2094080K), 0.0008011 secs] [Times: user=0.02 sys=0.00, real=0.01 secs] 
2024-10-04T13:08:36.200+0300: 596.020: Total time for which application threads were stopped: 0.0015617 seconds, Stopping threads took: 0.0006094 seconds
2024-10-04T13:08:44.051+0300: 603.884: Application time: 7.8632998 seconds
2024-10-04T13:08:44.051+0300: 603.884: [GC (Allocation Failure) [PSYoungGen: 693977K->2120K(695808K)] 760750K->68925K(2094080K), 0.0008388 secs] [Times: user=0.00 sys=0.01, real=0.01 secs] 
2024-10-04T13:08:44.064+0300: 603.885: Total time for which application threads were stopped: 0.0012249 seconds, Stopping threads took: 0.0002116 seconds
2024-10-04T13:08:51.930+0300: 611.763: Application time: 7.8777827 seconds
2024-10-04T13:08:51.930+0300: 611.763: [GC (Allocation Failure) [PSYoungGen: 694628K->1898K(695808K)] 761433K->68711K(2094080K), 0.0007517 secs] [Times: user=0.00 sys=0.00, real=0.00 secs] 
2024-10-04T13:08:51.930+0300: 611.764: Total time for which application threads were stopped: 0.0010885 seconds, Stopping threads took: 0.0002027 seconds
2024-10-04T13:08:59.792+0300: 619.614: Application time: 7.8497835 seconds
2024-10-04T13:08:59.792+0300: 619.614: [GC (Allocation Failure) [PSYoungGen: 694634K->2104K(695808K)] 761447K->68925K(2094080K), 0.0007658 secs] [Times: user=0.00 sys=0.00, real=0.00 secs] 
2024-10-04T13:08:59.792+0300: 619.615: Total time for which application threads were stopped: 0.0010591 seconds, Stopping threads took: 0.0001588 seconds
2024-10-04T13:09:07.655+0300: 627.485: Application time: 7.8704341 seconds
2024-10-04T13:09:07.655+0300: 627.485: [GC (Allocation Failure) [PSYoungGen: 694806K->2277K(695808K)] 761627K->69106K(2094080K), 0.0008371 secs] [Times: user=0.00 sys=0.00, real=0.00 secs] 
2024-10-04T13:09:07.655+0300: 627.486: Total time for which application threads were stopped: 0.0011203 seconds, Stopping threads took: 0.0001308 seconds
2024-10-04T13:09:14.685+0300: 634.505: Application time: 7.0186838 seconds
2024-10-04T13:09:14.685+0300: 634.505: Total time for which application threads were stopped: 0.0001770 seconds, Stopping threads took: 0.0001312 seconds
2024-10-04T13:09:15.595+0300: 635.418: Application time: 0.9128443 seconds
2024-10-04T13:09:15.595+0300: 635.418: [GC (Allocation Failure) [PSYoungGen: 694905K->2168K(695808K)] 761734K->69037K(2094080K), 0.0008408 secs] [Times: user=0.00 sys=0.00, real=0.00 secs] 
2024-10-04T13:09:15.595+0300: 635.419: Total time for which application threads were stopped: 0.0011748 seconds, Stopping threads took: 0.0001769 seconds
2024-10-04T13:09:23.491+0300: 643.318: Application time: 7.8988220 seconds
2024-10-04T13:09:23.491+0300: 643.318: [GC (Allocation Failure) [PSYoungGen: 694904K->2325K(695808K)] 761773K->69210K(2094080K), 0.0007826 secs] [Times: user=0.00 sys=0.00, real=0.00 secs] 
2024-10-04T13:09:23.491+0300: 643.319: Total time for which application threads were stopped: 0.0010907 seconds, Stopping threads took: 0.0001656 seconds
2024-10-04T13:09:31.387+0300: 651.215: Application time: 7.8962081 seconds
2024-10-04T13:09:31.387+0300: 651.215: [GC (Allocation Failure) [PSYoungGen: 695061K->2104K(695808K)] 761946K->68997K(2094080K), 0.0010762 secs] [Times: user=0.00 sys=0.00, real=0.00 secs] 
2024-10-04T13:09:31.387+0300: 651.217: Total time for which application threads were stopped: 0.0014173 seconds, Stopping threads took: 0.0001767 seconds
2024-10-04T13:09:39.236+0300: 659.070: Application time: 7.8537983 seconds
2024-10-04T13:09:39.236+0300: 659.071: [GC (Allocation Failure) [PSYoungGen: 694840K->2373K(695808K)] 761733K->69274K(2094080K), 0.0008055 secs] [Times: user=0.00 sys=0.00, real=0.01 secs] 
2024-10-04T13:09:39.251+0300: 659.072: Total time for which application threads were stopped: 0.0011203 seconds, Stopping threads took: 0.0001745 seconds
2024-10-04T13:09:47.149+0300: 666.974: Application time: 7.9023151 seconds
2024-10-04T13:09:47.149+0300: 666.974: [GC (Allocation Failure) [PSYoungGen: 695109K->2136K(695808K)] 762010K->69045K(2094080K), 0.0008612 secs] [Times: user=0.00 sys=0.00, real=0.00 secs] 
2024-10-04T13:09:47.149+0300: 666.975: Total time for which application threads were stopped: 0.0011809 seconds, Stopping threads took: 0.0001624 seconds
2024-10-04T13:09:55.063+0300: 674.893: Application time: 7.9183963 seconds
2024-10-04T13:09:55.063+0300: 674.894: [GC (Allocation Failure) [PSYoungGen: 694755K->1693K(695808K)] 761664K->68618K(2094080K), 0.0010591 secs] [Times: user=0.00 sys=0.00, real=0.00 secs] 
2024-10-04T13:09:55.063+0300: 674.895: Total time for which application threads were stopped: 0.0015926 seconds, Stopping threads took: 0.0002818 seconds
2024-10-04T13:10:02.896+0300: 682.729: Application time: 7.8341133 seconds
2024-10-04T13:10:02.896+0300: 682.729: [GC (Allocation Failure) [PSYoungGen: 694324K->2136K(695808K)] 761249K->69069K(2094080K), 0.0008812 secs] [Times: user=0.00 sys=0.00, real=0.00 secs] 
2024-10-04T13:10:02.896+0300: 682.730: Total time for which application threads were stopped: 0.0012174 seconds, Stopping threads took: 0.0001766 seconds
2024-10-04T13:10:10.805+0300: 690.626: Application time: 7.8952182 seconds
2024-10-04T13:10:10.805+0300: 690.626: [GC (Allocation Failure) [PSYoungGen: 694872K->1962K(695808K)] 761805K->68903K(2094080K), 0.0008116 secs] [Times: user=0.00 sys=0.00, real=0.00 secs] 
2024-10-04T13:10:10.805+0300: 690.627: Total time for which application threads were stopped: 0.0011582 seconds, Stopping threads took: 0.0001803 seconds
2024-10-04T13:10:18.654+0300: 698.487: Application time: 7.8598863 seconds
2024-10-04T13:10:18.654+0300: 698.487: [GC (Allocation Failure) [PSYoungGen: 694698K->2104K(695808K)] 761639K->69053K(2094080K), 0.0007476 secs] [Times: user=0.00 sys=0.00, real=0.00 secs] 
2024-10-04T13:10:18.654+0300: 698.488: Total time for which application threads were stopped: 0.0010584 seconds, Stopping threads took: 0.0001634 seconds
2024-10-04T13:10:26.579+0300: 706.414: Application time: 7.9265605 seconds
2024-10-04T13:10:26.579+0300: 706.414: [GC (Allocation Failure) [PSYoungGen: 694840K->2341K(695808K)] 761789K->69298K(2094080K), 0.0010124 secs] [Times: user=0.02 sys=0.00, real=0.02 secs] 
2024-10-04T13:10:26.595+0300: 706.416: Total time for which application threads were stopped: 0.0012707 seconds, Stopping threads took: 0.0001390 seconds
2024-10-04T13:10:34.428+0300: 714.259: Application time: 7.8433386 seconds
2024-10-04T13:10:34.428+0300: 714.259: [GC (Allocation Failure) [PSYoungGen: 695077K->1882K(695808K)] 762034K->68855K(2094080K), 0.0008381 secs] [Times: user=0.00 sys=0.00, real=0.00 secs] 
2024-10-04T13:10:34.428+0300: 714.260: Total time for which application threads were stopped: 0.0011591 seconds, Stopping threads took: 0.0001782 seconds
2024-10-04T13:10:42.322+0300: 722.149: Application time: 7.8891903 seconds
2024-10-04T13:10:42.322+0300: 722.150: [GC (Allocation Failure) [PSYoungGen: 694618K->2168K(695808K)] 761591K->69149K(2094080K), 0.0008127 secs] [Times: user=0.00 sys=0.00, real=0.00 secs] 
2024-10-04T13:10:42.322+0300: 722.150: Total time for which application threads were stopped: 0.0011519 seconds, Stopping threads took: 0.0002083 seconds
2024-10-04T13:10:50.186+0300: 730.015: Application time: 7.8647335 seconds
2024-10-04T13:10:50.186+0300: 730.015: [GC (Allocation Failure) [PSYoungGen: 694904K->2437K(695808K)] 761885K->69426K(2094080K), 0.0008255 secs] [Times: user=0.00 sys=0.00, real=0.00 secs] 
2024-10-04T13:10:50.186+0300: 730.016: Total time for which application threads were stopped: 0.0011530 seconds, Stopping threads took: 0.0001485 seconds
2024-10-04T13:10:57.216+0300: 737.036: Application time: 7.0192513 seconds
2024-10-04T13:10:57.216+0300: 737.036: Total time for which application threads were stopped: 0.0003263 seconds, Stopping threads took: 0.0002581 seconds
2024-10-04T13:10:58.068+0300: 737.897: Application time: 0.8609068 seconds
2024-10-04T13:10:58.068+0300: 737.897: [GC (Allocation Failure) [PSYoungGen: 695173K->2072K(695808K)] 762162K->69069K(2094080K), 0.0008339 secs] [Times: user=0.00 sys=0.00, real=0.00 secs] 
2024-10-04T13:10:58.068+0300: 737.898: Total time for which application threads were stopped: 0.0011867 seconds, Stopping threads took: 0.0002079 seconds
2024-10-04T13:11:01.093+0300: 740.912: Application time: 3.0145187 seconds
2024-10-04T13:11:01.108+0300: 740.929: Total time for which application threads were stopped: 0.0162135 seconds, Stopping threads took: 0.0161311 seconds
2024-10-04T13:11:01.610+0300: 741.440: Application time: 0.5110928 seconds
2024-10-04T13:11:01.610+0300: 741.440: Total time for which application threads were stopped: 0.0001790 seconds, Stopping threads took: 0.0001338 seconds
2024-10-04T13:11:01.908+0300: 741.736: Application time: 0.2962430 seconds
2024-10-04T13:11:01.908+0300: 741.736: Total time for which application threads were stopped: 0.0001586 seconds, Stopping threads took: 0.0001160 seconds
2024-10-04T13:11:02.159+0300: 741.980: Application time: 0.2438569 seconds
2024-10-04T13:11:02.159+0300: 741.980: Total time for which application threads were stopped: 0.0001067 seconds, Stopping threads took: 0.0000645 seconds
2024-10-04T13:11:02.301+0300: 742.121: Application time: 0.1409615 seconds
2024-10-04T13:11:02.301+0300: 742.121: Total time for which application threads were stopped: 0.0001059 seconds, Stopping threads took: 0.0000664 seconds
2024-10-04T13:11:02.466+0300: 742.291: Application time: 0.1693808 seconds
2024-10-04T13:11:02.466+0300: 742.291: Total time for which application threads were stopped: 0.0003596 seconds, Stopping threads took: 0.0003342 seconds
2024-10-04T13:11:06.821+0300: 746.650: Application time: 4.3591029 seconds
2024-10-04T13:11:06.821+0300: 746.650: [GC (Allocation Failure) [PSYoungGen: 694808K->2136K(695808K)] 761805K->69149K(2094080K), 0.0008398 secs] [Times: user=0.00 sys=0.00, real=0.00 secs] 
2024-10-04T13:11:06.821+0300: 746.651: Total time for which application threads were stopped: 0.0011283 seconds, Stopping threads took: 0.0001393 seconds
2024-10-04T13:11:15.267+0300: 755.089: Application time: 8.4372045 seconds
2024-10-04T13:11:15.267+0300: 755.089: [GC (Allocation Failure) [PSYoungGen: 694872K->2309K(695808K)] 761885K->69370K(2094080K), 0.0009591 secs] [Times: user=0.00 sys=0.00, real=0.00 secs] 
2024-10-04T13:11:15.267+0300: 755.090: Total time for which application threads were stopped: 0.0014124 seconds, Stopping threads took: 0.0003013 seconds
2024-10-04T13:11:23.161+0300: 762.995: Application time: 7.9050967 seconds
2024-10-04T13:11:23.161+0300: 762.996: [GC (Allocation Failure) [PSYoungGen: 694806K->1866K(695808K)] 761867K->68959K(2094080K), 0.0010215 secs] [Times: user=0.00 sys=0.00, real=0.00 secs] 
2024-10-04T13:11:23.161+0300: 762.997: Total time for which application threads were stopped: 0.0016254 seconds, Stopping threads took: 0.0004289 seconds
2024-10-04T13:11:27.180+0300: 767.000: Application time: 4.0027889 seconds
2024-10-04T13:11:27.180+0300: 767.000: Total time for which application threads were stopped: 0.0006971 seconds, Stopping threads took: 0.0006440 seconds
2024-10-04T13:11:31.119+0300: 770.945: Application time: 3.9442997 seconds
2024-10-04T13:11:31.119+0300: 770.945: [GC (Allocation Failure) [PSYoungGen: 694602K->2444K(695808K)] 761695K->69545K(2094080K), 0.0013611 secs] [Times: user=0.00 sys=0.00, real=0.00 secs] 
2024-10-04T13:11:31.119+0300: 770.946: Total time for which application threads were stopped: 0.0017616 seconds, Stopping threads took: 0.0002408 seconds
2024-10-04T13:11:38.999+0300: 778.823: Application time: 7.8768872 seconds
2024-10-04T13:11:38.999+0300: 778.824: [GC (Allocation Failure) [PSYoungGen: 695180K->2136K(695808K)] 762281K->69269K(2094080K), 0.0009197 secs] [Times: user=0.00 sys=0.00, real=0.00 secs] 
2024-10-04T13:11:38.999+0300: 778.825: Total time for which application threads were stopped: 0.0013297 seconds, Stopping threads took: 0.0002516 seconds
2024-10-04T13:11:46.924+0300: 786.755: Application time: 7.9303731 seconds
2024-10-04T13:11:46.924+0300: 786.755: [GC (Allocation Failure) [PSYoungGen: 694753K->2325K(695808K)] 761886K->69466K(2094080K), 0.0009906 secs] [Times: user=0.00 sys=0.00, real=0.00 secs] 
2024-10-04T13:11:46.924+0300: 786.756: Total time for which application threads were stopped: 0.0014526 seconds, Stopping threads took: 0.0003007 seconds
2024-10-04T13:11:54.820+0300: 794.650: Application time: 7.8940539 seconds
2024-10-04T13:11:54.820+0300: 794.651: [GC (Allocation Failure) [PSYoungGen: 695061K->2136K(695808K)] 762202K->69285K(2094080K), 0.0008552 secs] [Times: user=0.00 sys=0.00, real=0.00 secs] 
2024-10-04T13:11:54.820+0300: 794.652: Total time for which application threads were stopped: 0.0012307 seconds, Stopping threads took: 0.0001930 seconds
2024-10-04T13:12:02.716+0300: 802.541: Application time: 7.8889939 seconds
2024-10-04T13:12:02.716+0300: 802.541: [GC (Allocation Failure) [PSYoungGen: 694842K->2184K(695808K)] 761991K->69341K(2094080K), 0.0010680 secs] [Times: user=0.00 sys=0.00, real=0.00 secs] 
2024-10-04T13:12:02.716+0300: 802.542: Total time for which application threads were stopped: 0.0013841 seconds, Stopping threads took: 0.0001312 seconds
2024-10-04T13:12:10.624+0300: 810.445: Application time: 7.9028087 seconds
2024-10-04T13:12:10.624+0300: 810.445: [GC (Allocation Failure) [PSYoungGen: 694884K->2168K(695808K)] 762041K->69333K(2094080K), 0.0011359 secs] [Times: user=0.00 sys=0.00, real=0.00 secs] 
2024-10-04T13:12:10.624+0300: 810.446: Total time for which application threads were stopped: 0.0014879 seconds, Stopping threads took: 0.0001667 seconds
2024-10-04T13:12:18.551+0300: 818.372: Application time: 7.9254769 seconds
2024-10-04T13:12:18.551+0300: 818.372: [GC (Allocation Failure) [PSYoungGen: 694904K->2081K(696320K)] 762069K->69254K(2094592K), 0.0008658 secs] [Times: user=0.00 sys=0.00, real=0.00 secs] 
2024-10-04T13:12:18.551+0300: 818.373: Total time for which application threads were stopped: 0.0012036 seconds, Stopping threads took: 0.0001686 seconds
2024-10-04T13:12:26.413+0300: 826.243: Application time: 7.8698493 seconds
2024-10-04T13:12:26.413+0300: 826.243: [GC (Allocation Failure) [PSYoungGen: 695841K->2088K(696320K)] 763014K->69269K(2094592K), 0.0008677 secs] [Times: user=0.00 sys=0.00, real=0.00 secs] 
2024-10-04T13:12:26.413+0300: 826.244: Total time for which application threads were stopped: 0.0012656 seconds, Stopping threads took: 0.0002165 seconds
2024-10-04T13:12:34.308+0300: 834.130: Application time: 7.8856681 seconds
2024-10-04T13:12:34.308+0300: 834.130: [GC (Allocation Failure) [PSYoungGen: 695848K->1994K(696320K)] 763029K->69183K(2094592K), 0.0008201 secs] [Times: user=0.00 sys=0.00, real=0.00 secs] 
2024-10-04T13:12:34.308+0300: 834.131: Total time for which application threads were stopped: 0.0011593 seconds, Stopping threads took: 0.0001626 seconds
2024-10-04T13:12:42.171+0300: 841.994: Application time: 7.8625694 seconds
2024-10-04T13:12:42.171+0300: 841.994: [GC (Allocation Failure) [PSYoungGen: 695517K->1693K(696320K)] 762706K->68898K(2094592K), 0.0008528 secs] [Times: user=0.00 sys=0.00, real=0.00 secs] 
2024-10-04T13:12:42.171+0300: 841.995: Total time for which application threads were stopped: 0.0012410 seconds, Stopping threads took: 0.0002238 seconds
2024-10-04T13:12:50.066+0300: 849.897: Application time: 7.9024501 seconds
2024-10-04T13:12:50.066+0300: 849.898: [GC (Allocation Failure) [PSYoungGen: 695453K->2232K(696320K)] 762658K->69445K(2094592K), 0.0008728 secs] [Times: user=0.00 sys=0.00, real=0.00 secs] 
2024-10-04T13:12:50.066+0300: 849.899: Total time for which application threads were stopped: 0.0012800 seconds, Stopping threads took: 0.0002133 seconds
2024-10-04T13:12:58.011+0300: 857.832: Application time: 7.9333501 seconds
2024-10-04T13:12:58.011+0300: 857.832: [GC (Allocation Failure) [PSYoungGen: 695758K->1757K(696320K)] 762970K->68978K(2094592K), 0.0007590 secs] [Times: user=0.00 sys=0.00, real=0.00 secs] 
2024-10-04T13:12:58.011+0300: 857.833: Total time for which application threads were stopped: 0.0010385 seconds, Stopping threads took: 0.0001346 seconds
2024-10-04T13:13:05.913+0300: 865.735: Application time: 7.9025057 seconds
2024-10-04T13:13:05.913+0300: 865.736: [GC (Allocation Failure) [PSYoungGen: 695517K->2325K(695296K)] 762738K->69554K(2093568K), 0.0009576 secs] [Times: user=0.00 sys=0.00, real=0.00 secs] 
2024-10-04T13:13:05.913+0300: 865.737: Total time for which application threads were stopped: 0.0012552 seconds, Stopping threads took: 0.0001403 seconds
2024-10-04T13:13:13.833+0300: 873.665: Application time: 7.9283947 seconds
2024-10-04T13:13:13.833+0300: 873.665: [GC (Allocation Failure) [PSYoungGen: 695061K->1946K(695808K)] 762290K->69183K(2094080K), 0.0008968 secs] [Times: user=0.00 sys=0.00, real=0.00 secs] 
2024-10-04T13:13:13.833+0300: 873.666: Total time for which application threads were stopped: 0.0013195 seconds, Stopping threads took: 0.0002396 seconds
2024-10-04T13:13:21.696+0300: 881.528: Application time: 7.8614449 seconds
2024-10-04T13:13:21.696+0300: 881.528: [GC (Allocation Failure) [PSYoungGen: 694682K->2104K(696320K)] 761919K->69349K(2094592K), 0.0009434 secs] [Times: user=0.00 sys=0.00, real=0.00 secs] 
2024-10-04T13:13:21.696+0300: 881.529: Total time for which application threads were stopped: 0.0014685 seconds, Stopping threads took: 0.0003562 seconds
2024-10-04T13:13:29.562+0300: 889.387: Application time: 7.8581042 seconds
2024-10-04T13:13:29.562+0300: 889.388: [GC (Allocation Failure) [PSYoungGen: 695352K->2104K(695808K)] 762597K->69357K(2094080K), 0.0009278 secs] [Times: user=0.02 sys=0.00, real=0.00 secs] 
2024-10-04T13:13:29.562+0300: 889.389: Total time for which application threads were stopped: 0.0013167 seconds, Stopping threads took: 0.0002212 seconds
2024-10-04T13:13:37.441+0300: 897.274: Application time: 7.8849397 seconds
2024-10-04T13:13:37.441+0300: 897.274: [GC (Allocation Failure) [PSYoungGen: 695352K->1747K(696320K)] 762605K->69008K(2094592K), 0.0009599 secs] [Times: user=0.00 sys=0.00, real=0.00 secs] 
2024-10-04T13:13:37.441+0300: 897.275: Total time for which application threads were stopped: 0.0013545 seconds, Stopping threads took: 0.0002312 seconds
2024-10-04T13:13:45.307+0300: 905.140: Application time: 7.8647562 seconds
2024-10-04T13:13:45.307+0300: 905.140: [GC (Allocation Failure) [PSYoungGen: 695507K->2341K(696320K)] 762768K->69610K(2094592K), 0.0008515 secs] [Times: user=0.00 sys=0.00, real=0.00 secs] 
2024-10-04T13:13:45.307+0300: 905.141: Total time for which application threads were stopped: 0.0011478 seconds, Stopping threads took: 0.0001439 seconds
2024-10-04T13:13:53.214+0300: 913.043: Application time: 7.9025332 seconds
2024-10-04T13:13:53.214+0300: 913.044: [GC (Allocation Failure) [PSYoungGen: 696101K->1914K(696320K)] 763370K->69199K(2094592K), 0.0009729 secs] [Times: user=0.00 sys=0.00, real=0.00 secs] 
2024-10-04T13:13:53.214+0300: 913.045: Total time for which application threads were stopped: 0.0013530 seconds, Stopping threads took: 0.0002080 seconds
2024-10-04T13:14:01.109+0300: 920.933: Application time: 7.8884557 seconds
2024-10-04T13:14:01.109+0300: 920.933: [GC (Allocation Failure) [PSYoungGen: 695674K->2341K(696320K)] 762959K->69634K(2094592K), 0.0011242 secs] [Times: user=0.00 sys=0.00, real=0.01 secs] 
2024-10-04T13:14:01.114+0300: 920.935: Total time for which application threads were stopped: 0.0013957 seconds, Stopping threads took: 0.0001248 seconds
2024-10-04T13:14:09.019+0300: 928.841: Application time: 7.9064602 seconds
2024-10-04T13:14:09.019+0300: 928.841: [GC (Allocation Failure) [PSYoungGen: 696101K->2216K(695296K)] 763394K->69517K(2093568K), 0.0007599 secs] [Times: user=0.02 sys=0.00, real=0.00 secs] 
2024-10-04T13:14:09.019+0300: 928.842: Total time for which application threads were stopped: 0.0010498 seconds, Stopping threads took: 0.0001390 seconds
2024-10-04T13:14:16.914+0300: 936.735: Application time: 7.8929887 seconds
2024-10-04T13:14:16.914+0300: 936.736: [GC (Allocation Failure) [PSYoungGen: 694850K->2056K(695808K)] 762151K->69365K(2094080K), 0.0017955 secs] [Times: user=0.00 sys=0.00, real=0.00 secs] 
2024-10-04T13:14:16.914+0300: 936.737: Total time for which application threads were stopped: 0.0022186 seconds, Stopping threads took: 0.0002835 seconds
2024-10-04T13:14:24.792+0300: 944.620: Application time: 7.8826800 seconds
2024-10-04T13:14:24.792+0300: 944.620: [GC (Allocation Failure) [PSYoungGen: 694792K->2136K(696320K)] 762101K->69453K(2094592K), 0.0009495 secs] [Times: user=0.00 sys=0.00, real=0.00 secs] 
2024-10-04T13:14:24.792+0300: 944.621: Total time for which application threads were stopped: 0.0012525 seconds, Stopping threads took: 0.0001414 seconds
2024-10-04T13:14:32.678+0300: 952.500: Application time: 7.8790151 seconds
2024-10-04T13:14:32.678+0300: 952.501: [GC (Allocation Failure) [PSYoungGen: 695780K->1731K(696320K)] 763097K->69056K(2094592K), 0.0007772 secs] [Times: user=0.00 sys=0.00, real=0.00 secs] 
2024-10-04T13:14:32.678+0300: 952.502: Total time for which application threads were stopped: 0.0012361 seconds, Stopping threads took: 0.0002983 seconds
2024-10-04T13:14:40.537+0300: 960.363: Application time: 7.8615039 seconds
2024-10-04T13:14:40.537+0300: 960.363: [GC (Allocation Failure) [PSYoungGen: 695491K->2421K(695296K)] 762816K->69754K(2093568K), 0.0009653 secs] [Times: user=0.00 sys=0.00, real=0.00 secs] 
2024-10-04T13:14:40.537+0300: 960.364: Total time for which application threads were stopped: 0.0013525 seconds, Stopping threads took: 0.0001403 seconds
2024-10-04T13:14:48.446+0300: 968.277: Application time: 7.9126190 seconds
2024-10-04T13:14:48.446+0300: 968.277: [GC (Allocation Failure) [PSYoungGen: 695157K->2168K(695808K)] 762490K->69509K(2094080K), 0.0009874 secs] [Times: user=0.00 sys=0.00, real=0.01 secs] 
2024-10-04T13:14:48.458+0300: 968.278: Total time for which application threads were stopped: 0.0012950 seconds, Stopping threads took: 0.0001464 seconds
2024-10-04T13:14:56.326+0300: 976.148: Application time: 7.8697976 seconds
2024-10-04T13:14:56.326+0300: 976.148: [GC (Allocation Failure) [PSYoungGen: 694904K->2152K(695808K)] 762245K->69509K(2094080K), 0.0008704 secs] [Times: user=0.00 sys=0.00, real=0.00 secs] 
2024-10-04T13:14:56.329+0300: 976.149: Total time for which application threads were stopped: 0.0011791 seconds, Stopping threads took: 0.0001547 seconds
2024-10-04T13:15:03.328+0300: 983.151: Application time: 7.0016508 seconds
2024-10-04T13:15:03.328+0300: 983.151: Total time for which application threads were stopped: 0.0002651 seconds, Stopping threads took: 0.0001709 seconds
2024-10-04T13:15:04.081+0300: 983.908: Application time: 0.7567312 seconds
2024-10-04T13:15:04.096+0300: 983.916: Total time for which application threads were stopped: 0.0082501 seconds, Stopping threads took: 0.0081821 seconds
2024-10-04T13:15:04.489+0300: 984.320: Application time: 0.4040989 seconds
2024-10-04T13:15:04.489+0300: 984.321: [GC (Allocation Failure) [PSYoungGen: 694666K->2136K(695808K)] 762023K->69501K(2094080K), 0.0006563 secs] [Times: user=0.00 sys=0.00, real=0.00 secs] 
2024-10-04T13:15:04.489+0300: 984.321: Total time for which application threads were stopped: 0.0009404 seconds, Stopping threads took: 0.0001789 seconds
2024-10-04T13:15:12.807+0300: 992.635: Application time: 8.3138953 seconds
2024-10-04T13:15:12.807+0300: 992.635: [GC (Allocation Failure) [PSYoungGen: 694823K->1811K(696320K)] 762188K->69224K(2094592K), 0.0010938 secs] [Times: user=0.00 sys=0.00, real=0.00 secs] 
2024-10-04T13:15:12.807+0300: 992.637: Total time for which application threads were stopped: 0.0014181 seconds, Stopping threads took: 0.0001167 seconds
2024-10-04T13:15:20.749+0300: 1000.580: Application time: 7.9429051 seconds
2024-10-04T13:15:20.749+0300: 1000.580: [GC (Allocation Failure) [PSYoungGen: 695546K->2325K(696320K)] 762959K->69778K(2094592K), 0.0009919 secs] [Times: user=0.00 sys=0.00, real=0.00 secs] 
2024-10-04T13:15:20.749+0300: 1000.581: Total time for which application threads were stopped: 0.0013076 seconds, Stopping threads took: 0.0001214 seconds
2024-10-04T13:15:28.846+0300: 1008.672: Application time: 8.0908038 seconds
2024-10-04T13:15:28.846+0300: 1008.672: [GC (Allocation Failure) [PSYoungGen: 696052K->2184K(695296K)] 763505K->69645K(2093568K), 0.0008167 secs] [Times: user=0.00 sys=0.00, real=0.00 secs] 
2024-10-04T13:15:28.846+0300: 1008.673: Total time for which application threads were stopped: 0.0011801 seconds, Stopping threads took: 0.0002090 seconds
2024-10-04T13:15:36.836+0300: 1016.669: Application time: 7.9957560 seconds
2024-10-04T13:15:36.836+0300: 1016.669: [GC (Allocation Failure) [PSYoungGen: 694920K->1882K(695808K)] 762381K->69351K(2094080K), 0.0009682 secs] [Times: user=0.00 sys=0.00, real=0.00 secs] 
2024-10-04T13:15:36.836+0300: 1016.670: Total time for which application threads were stopped: 0.0012912 seconds, Stopping threads took: 0.0001746 seconds
2024-10-04T13:15:44.777+0300: 1024.608: Application time: 7.9384635 seconds
2024-10-04T13:15:44.777+0300: 1024.609: [GC (Allocation Failure) [PSYoungGen: 694618K->2033K(696320K)] 762087K->69510K(2094592K), 0.0008994 secs] [Times: user=0.01 sys=0.00, real=0.00 secs] 
2024-10-04T13:15:44.777+0300: 1024.610: Total time for which application threads were stopped: 0.0012637 seconds, Stopping threads took: 0.0001825 seconds
2024-10-04T13:15:52.704+0300: 1032.534: Application time: 7.9238785 seconds
2024-10-04T13:15:52.704+0300: 1032.534: [GC (Allocation Failure) [PSYoungGen: 695281K->2405K(695808K)] 762758K->69890K(2094080K), 0.0008964 secs] [Times: user=0.00 sys=0.00, real=0.00 secs] 
2024-10-04T13:15:52.704+0300: 1032.535: Total time for which application threads were stopped: 0.0012255 seconds, Stopping threads took: 0.0001489 seconds
2024-10-04T13:16:00.678+0300: 1040.506: Application time: 7.9712445 seconds
2024-10-04T13:16:00.678+0300: 1040.506: [GC (Allocation Failure) [PSYoungGen: 695653K->2405K(695808K)] 763138K->69898K(2094080K), 0.0008645 secs] [Times: user=0.00 sys=0.00, real=0.00 secs] 
2024-10-04T13:16:00.678+0300: 1040.507: Total time for which application threads were stopped: 0.0012357 seconds, Stopping threads took: 0.0002036 seconds
2024-10-04T13:16:08.621+0300: 1048.446: Application time: 7.9392099 seconds
2024-10-04T13:16:08.621+0300: 1048.447: [GC (Allocation Failure) [PSYoungGen: 695088K->2081K(695808K)] 762581K->69590K(2094080K), 0.0007795 secs] [Times: user=0.00 sys=0.00, real=0.00 secs] 
2024-10-04T13:16:08.621+0300: 1048.448: Total time for which application threads were stopped: 0.0010515 seconds, Stopping threads took: 0.0001120 seconds
2024-10-04T13:16:16.564+0300: 1056.388: Application time: 7.9402326 seconds
2024-10-04T13:16:16.564+0300: 1056.388: [GC (Allocation Failure) [PSYoungGen: 694817K->2293K(695808K)] 762326K->69810K(2094080K), 0.0007916 secs] [Times: user=0.02 sys=0.00, real=0.00 secs] 
2024-10-04T13:16:16.564+0300: 1056.389: Total time for which application threads were stopped: 0.0011240 seconds, Stopping threads took: 0.0001865 seconds
2024-10-04T13:16:24.552+0300: 1064.381: Application time: 7.9922151 seconds
2024-10-04T13:16:24.552+0300: 1064.381: [GC (Allocation Failure) [PSYoungGen: 695029K->1946K(695808K)] 762546K->69471K(2094080K), 0.0008597 secs] [Times: user=0.00 sys=0.00, real=0.00 secs] 
2024-10-04T13:16:24.552+0300: 1064.382: Total time for which application threads were stopped: 0.0011627 seconds, Stopping threads took: 0.0001180 seconds
2024-10-04T13:16:32.557+0300: 1072.382: Application time: 8.0002272 seconds
2024-10-04T13:16:32.557+0300: 1072.383: [GC (Allocation Failure) [PSYoungGen: 694682K->1930K(695808K)] 762207K->69463K(2094080K), 0.0006749 secs] [Times: user=0.00 sys=0.00, real=0.00 secs] 
2024-10-04T13:16:32.557+0300: 1072.383: Total time for which application threads were stopped: 0.0009283 seconds, Stopping threads took: 0.0001317 seconds
2024-10-04T13:16:40.529+0300: 1080.353: Application time: 7.9700544 seconds
2024-10-04T13:16:40.529+0300: 1080.354: [GC (Allocation Failure) [PSYoungGen: 694666K->1930K(695808K)] 762199K->69471K(2094080K), 0.0007291 secs] [Times: user=0.00 sys=0.00, real=0.00 secs] 
2024-10-04T13:16:40.529+0300: 1080.354: Total time for which application threads were stopped: 0.0010200 seconds, Stopping threads took: 0.0001657 seconds
2024-10-04T13:16:48.455+0300: 1088.275: Application time: 7.9209293 seconds
2024-10-04T13:16:48.455+0300: 1088.276: [GC (Allocation Failure) [PSYoungGen: 694666K->2309K(695808K)] 762207K->69858K(2094080K), 0.0008631 secs] [Times: user=0.00 sys=0.00, real=0.00 secs] 
2024-10-04T13:16:48.455+0300: 1088.277: Total time for which application threads were stopped: 0.0011624 seconds, Stopping threads took: 0.0001547 seconds
2024-10-04T13:16:56.381+0300: 1096.208: Application time: 7.9317796 seconds
2024-10-04T13:16:56.381+0300: 1096.209: [GC (Allocation Failure) [PSYoungGen: 695029K->2136K(695808K)] 762578K->69693K(2094080K), 0.0007314 secs] [Times: user=0.00 sys=0.00, real=0.00 secs] 
2024-10-04T13:16:56.381+0300: 1096.209: Total time for which application threads were stopped: 0.0010144 seconds, Stopping threads took: 0.0001381 seconds
2024-10-04T13:17:04.319+0300: 1104.146: Application time: 7.9365381 seconds
2024-10-04T13:17:04.319+0300: 1104.146: [GC (Allocation Failure) [PSYoungGen: 694872K->1930K(696320K)] 762429K->69495K(2094592K), 0.0007852 secs] [Times: user=0.00 sys=0.00, real=0.00 secs] 
2024-10-04T13:17:04.319+0300: 1104.147: Total time for which application threads were stopped: 0.0010300 seconds, Stopping threads took: 0.0001214 seconds
2024-10-04T13:17:12.247+0300: 1112.073: Application time: 7.9256499 seconds
2024-10-04T13:17:12.247+0300: 1112.073: [GC (Allocation Failure) [PSYoungGen: 695178K->2341K(695808K)] 762743K->69914K(2094080K), 0.0008043 secs] [Times: user=0.00 sys=0.00, real=0.00 secs] 
2024-10-04T13:17:12.247+0300: 1112.074: Total time for which application threads were stopped: 0.0011314 seconds, Stopping threads took: 0.0001976 seconds
2024-10-04T13:17:20.203+0300: 1120.029: Application time: 7.9557165 seconds
2024-10-04T13:17:20.203+0300: 1120.030: [GC (Allocation Failure) [PSYoungGen: 695589K->1946K(695808K)] 763162K->69527K(2094080K), 0.0007306 secs] [Times: user=0.00 sys=0.00, real=0.00 secs] 
2024-10-04T13:17:20.203+0300: 1120.030: Total time for which application threads were stopped: 0.0010127 seconds, Stopping threads took: 0.0001313 seconds
2024-10-04T13:17:28.113+0300: 1127.941: Application time: 7.9105780 seconds
2024-10-04T13:17:28.113+0300: 1127.941: [GC (Allocation Failure) [PSYoungGen: 694682K->2088K(695808K)] 762263K->69677K(2094080K), 0.0007844 secs] [Times: user=0.00 sys=0.00, real=0.00 secs] 
2024-10-04T13:17:28.113+0300: 1127.942: Total time for which application threads were stopped: 0.0010777 seconds, Stopping threads took: 0.0001553 seconds
2024-10-04T13:17:36.066+0300: 1135.891: Application time: 7.9491184 seconds
2024-10-04T13:17:36.066+0300: 1135.891: [GC (Allocation Failure) [PSYoungGen: 694824K->1962K(696320K)] 762413K->69559K(2094592K), 0.0007641 secs] [Times: user=0.00 sys=0.00, real=0.00 secs] 
2024-10-04T13:17:36.066+0300: 1135.892: Total time for which application threads were stopped: 0.0010112 seconds, Stopping threads took: 0.0000914 seconds
2024-10-04T13:17:43.992+0300: 1143.824: Application time: 7.9321051 seconds
2024-10-04T13:17:43.992+0300: 1143.825: [GC (Allocation Failure) [PSYoungGen: 695722K->2104K(696320K)] 763319K->69709K(2094592K), 0.0007803 secs] [Times: user=0.00 sys=0.00, real=0.00 secs] 
2024-10-04T13:17:43.992+0300: 1143.825: Total time for which application threads were stopped: 0.0010628 seconds, Stopping threads took: 0.0001673 seconds
2024-10-04T13:17:51.983+0300: 1151.815: Application time: 7.9896455 seconds
2024-10-04T13:17:51.983+0300: 1151.815: [GC (Allocation Failure) [PSYoungGen: 695838K->2309K(696320K)] 763442K->69922K(2094592K), 0.0008036 secs] [Times: user=0.00 sys=0.00, real=0.00 secs] 
2024-10-04T13:17:51.983+0300: 1151.816: Total time for which application threads were stopped: 0.0010882 seconds, Stopping threads took: 0.0001431 seconds
2024-10-04T13:18:00.017+0300: 1159.840: Application time: 8.0234116 seconds
2024-10-04T13:18:00.017+0300: 1159.840: [GC (Allocation Failure) [PSYoungGen: 696069K->2088K(696320K)] 763682K->69709K(2094592K), 0.0011210 secs] [Times: user=0.00 sys=0.00, real=0.00 secs] 
2024-10-04T13:18:00.017+0300: 1159.841: Total time for which application threads were stopped: 0.0014434 seconds, Stopping threads took: 0.0001592 seconds
2024-10-04T13:18:07.942+0300: 1167.773: Application time: 7.9318755 seconds
2024-10-04T13:18:07.942+0300: 1167.773: [GC (Allocation Failure) [PSYoungGen: 695737K->2341K(696320K)] 763358K->69970K(2094592K), 0.0011567 secs] [Times: user=0.00 sys=0.00, real=0.00 secs] 
2024-10-04T13:18:07.942+0300: 1167.774: Total time for which application threads were stopped: 0.0014341 seconds, Stopping threads took: 0.0001175 seconds
2024-10-04T13:18:15.866+0300: 1175.691: Application time: 7.9166404 seconds
2024-10-04T13:18:15.866+0300: 1175.691: [GC (Allocation Failure) [PSYoungGen: 696101K->2325K(696320K)] 763730K->69962K(2094592K), 0.0008300 secs] [Times: user=0.00 sys=0.00, real=0.00 secs] 
2024-10-04T13:18:15.866+0300: 1175.692: Total time for which application threads were stopped: 0.0011056 seconds, Stopping threads took: 0.0001256 seconds
2024-10-04T13:18:23.822+0300: 1183.644: Application time: 7.9523706 seconds
2024-10-04T13:18:23.822+0300: 1183.645: [GC (Allocation Failure) [PSYoungGen: 696085K->2136K(696320K)] 763722K->69781K(2094592K), 0.0008355 secs] [Times: user=0.00 sys=0.00, real=0.00 secs] 
2024-10-04T13:18:23.822+0300: 1183.646: Total time for which application threads were stopped: 0.0011872 seconds, Stopping threads took: 0.0001598 seconds
2024-10-04T13:18:31.763+0300: 1191.590: Application time: 7.9439798 seconds
2024-10-04T13:18:31.763+0300: 1191.590: [GC (Allocation Failure) [PSYoungGen: 695896K->2373K(696320K)] 763541K->70026K(2094592K), 0.0009710 secs] [Times: user=0.00 sys=0.00, real=0.00 secs] 
2024-10-04T13:18:31.763+0300: 1191.591: Total time for which application threads were stopped: 0.0012550 seconds, Stopping threads took: 0.0001293 seconds
2024-10-04T13:18:39.694+0300: 1199.520: Application time: 7.9295403 seconds
2024-10-04T13:18:39.694+0300: 1199.521: [GC (Allocation Failure) [PSYoungGen: 696133K->1930K(695296K)] 763786K->69591K(2093568K), 0.0009041 secs] [Times: user=0.00 sys=0.00, real=0.00 secs] 
2024-10-04T13:18:39.694+0300: 1199.522: Total time for which application threads were stopped: 0.0012294 seconds, Stopping threads took: 0.0001677 seconds
2024-10-04T13:18:47.630+0300: 1207.463: Application time: 7.9413089 seconds
2024-10-04T13:18:47.630+0300: 1207.463: [GC (Allocation Failure) [PSYoungGen: 694666K->2579K(695808K)] 762327K->70248K(2094080K), 0.0009080 secs] [Times: user=0.02 sys=0.00, real=0.01 secs] 
2024-10-04T13:18:47.644+0300: 1207.464: Total time for which application threads were stopped: 0.0012529 seconds, Stopping threads took: 0.0001640 seconds
2024-10-04T13:18:55.571+0300: 1215.399: Application time: 7.9349387 seconds
2024-10-04T13:18:55.571+0300: 1215.399: [GC (Allocation Failure) [PSYoungGen: 695315K->2341K(695808K)] 762984K->70026K(2094080K), 0.0008496 secs] [Times: user=0.00 sys=0.00, real=0.00 secs] 
2024-10-04T13:18:55.571+0300: 1215.400: Total time for which application threads were stopped: 0.0011489 seconds, Stopping threads took: 0.0001432 seconds
2024-10-04T13:19:03.546+0300: 1223.371: Application time: 7.9705825 seconds
2024-10-04T13:19:03.546+0300: 1223.371: [GC (Allocation Failure) [PSYoungGen: 695077K->2476K(695808K)] 762762K->70177K(2094080K), 0.0008090 secs] [Times: user=0.00 sys=0.00, real=0.00 secs] 
2024-10-04T13:19:03.546+0300: 1223.372: Total time for which application threads were stopped: 0.0010894 seconds, Stopping threads took: 0.0001412 seconds
2024-10-04T13:19:04.786+0300: 1224.617: Application time: 1.2446691 seconds
2024-10-04T13:19:04.786+0300: 1224.617: Total time for which application threads were stopped: 0.0001855 seconds, Stopping threads took: 0.0001361 seconds
2024-10-04T13:19:05.000+0300: 1224.821: Application time: 0.2043495 seconds
2024-10-04T13:19:05.000+0300: 1224.821: Total time for which application threads were stopped: 0.0001564 seconds, Stopping threads took: 0.0001108 seconds
2024-10-04T13:19:05.210+0300: 1225.031: Application time: 0.2092938 seconds
2024-10-04T13:19:05.210+0300: 1225.031: Total time for which application threads were stopped: 0.0001322 seconds, Stopping threads took: 0.0000990 seconds
2024-10-04T13:19:05.429+0300: 1225.250: Application time: 0.2190414 seconds
2024-10-04T13:19:05.429+0300: 1225.250: Total time for which application threads were stopped: 0.0001037 seconds, Stopping threads took: 0.0000685 seconds
2024-10-04T13:19:05.508+0300: 1225.329: Application time: 0.0788136 seconds
2024-10-04T13:19:05.508+0300: 1225.329: Total time for which application threads were stopped: 0.0001289 seconds, Stopping threads took: 0.0000781 seconds
2024-10-04T13:19:05.555+0300: 1225.381: Application time: 0.0517981 seconds
2024-10-04T13:19:05.555+0300: 1225.381: Total time for which application threads were stopped: 0.0001663 seconds, Stopping threads took: 0.0000261 seconds
2024-10-04T13:19:05.650+0300: 1225.474: Application time: 0.0933916 seconds
2024-10-04T13:19:05.650+0300: 1225.475: Total time for which application threads were stopped: 0.0002513 seconds, Stopping threads took: 0.0000421 seconds
2024-10-04T13:19:05.701+0300: 1225.527: Application time: 0.0527588 seconds
2024-10-04T13:19:05.701+0300: 1225.528: Total time for which application threads were stopped: 0.0002482 seconds, Stopping threads took: 0.0000389 seconds
2024-10-04T13:19:05.728+0300: 1225.555: Application time: 0.0276397 seconds
2024-10-04T13:19:05.728+0300: 1225.555: Total time for which application threads were stopped: 0.0001155 seconds, Stopping threads took: 0.0000450 seconds
2024-10-04T13:19:05.744+0300: 1225.575: Application time: 0.0194921 seconds
2024-10-04T13:19:05.744+0300: 1225.575: Total time for which application threads were stopped: 0.0000891 seconds, Stopping threads took: 0.0000556 seconds
2024-10-04T13:19:05.854+0300: 1225.683: Application time: 0.1084662 seconds
2024-10-04T13:19:05.854+0300: 1225.684: Total time for which application threads were stopped: 0.0002176 seconds, Stopping threads took: 0.0000199 seconds
2024-10-04T13:19:05.870+0300: 1225.690: Application time: 0.0062164 seconds
2024-10-04T13:19:05.870+0300: 1225.690: Total time for which application threads were stopped: 0.0002713 seconds, Stopping threads took: 0.0000465 seconds
2024-10-04T13:19:05.870+0300: 1225.692: Application time: 0.0017420 seconds
2024-10-04T13:19:05.870+0300: 1225.692: Total time for which application threads were stopped: 0.0001427 seconds, Stopping threads took: 0.0000193 seconds
2024-10-04T13:19:06.152+0300: 1225.981: Application time: 0.2889386 seconds
2024-10-04T13:19:06.152+0300: 1225.981: Total time for which application threads were stopped: 0.0000488 seconds, Stopping threads took: 0.0000205 seconds
2024-10-04T13:19:06.718+0300: 1226.538: Application time: 0.5570370 seconds
2024-10-04T13:19:06.718+0300: 1226.538: Total time for which application threads were stopped: 0.0001561 seconds, Stopping threads took: 0.0000363 seconds
2024-10-04T13:19:06.843+0300: 1226.677: Application time: 0.1385867 seconds
2024-10-04T13:19:06.843+0300: 1226.677: [GC (Allocation Failure) [PSYoungGen: 695212K->3072K(684544K)] 762913K->85511K(2082816K), 0.0084614 secs] [Times: user=0.02 sys=0.00, real=0.02 secs] 
2024-10-04T13:19:06.859+0300: 1226.686: Total time for which application threads were stopped: 0.0087453 seconds, Stopping threads took: 0.0000426 seconds
2024-10-04T13:19:06.859+0300: 1226.686: Application time: 0.0000894 seconds
2024-10-04T13:19:06.859+0300: 1226.686: Total time for which application threads were stopped: 0.0000894 seconds, Stopping threads took: 0.0000507 seconds
2024-10-04T13:19:06.859+0300: 1226.686: Application time: 0.0000731 seconds
2024-10-04T13:19:06.859+0300: 1226.686: Total time for which application threads were stopped: 0.0001387 seconds, Stopping threads took: 0.0000757 seconds
2024-10-04T13:19:06.859+0300: 1226.686: Application time: 0.0001259 seconds
2024-10-04T13:19:06.859+0300: 1226.686: Total time for which application threads were stopped: 0.0000686 seconds, Stopping threads took: 0.0000463 seconds
2024-10-04T13:19:06.859+0300: 1226.686: Application time: 0.0000959 seconds
2024-10-04T13:19:06.859+0300: 1226.686: Total time for which application threads were stopped: 0.0000988 seconds, Stopping threads took: 0.0000296 seconds
2024-10-04T13:19:06.859+0300: 1226.686: Application time: 0.0000514 seconds
2024-10-04T13:19:06.859+0300: 1226.686: Total time for which application threads were stopped: 0.0001018 seconds, Stopping threads took: 0.0000467 seconds
2024-10-04T13:19:06.859+0300: 1226.687: Application time: 0.0000522 seconds
2024-10-04T13:19:06.859+0300: 1226.687: Total time for which application threads were stopped: 0.0000674 seconds, Stopping threads took: 0.0000358 seconds
2024-10-04T13:19:06.859+0300: 1226.687: Application time: 0.0000245 seconds
2024-10-04T13:19:06.859+0300: 1226.687: Total time for which application threads were stopped: 0.0000309 seconds, Stopping threads took: 0.0000159 seconds
2024-10-04T13:19:06.859+0300: 1226.687: Application time: 0.0000797 seconds
2024-10-04T13:19:06.859+0300: 1226.687: Total time for which application threads were stopped: 0.0001005 seconds, Stopping threads took: 0.0000714 seconds
2024-10-04T13:19:06.859+0300: 1226.687: Application time: 0.0000743 seconds
2024-10-04T13:19:06.859+0300: 1226.687: Total time for which application threads were stopped: 0.0000533 seconds, Stopping threads took: 0.0000347 seconds
2024-10-04T13:19:06.859+0300: 1226.687: Application time: 0.0000499 seconds
2024-10-04T13:19:06.859+0300: 1226.687: Total time for which application threads were stopped: 0.0000582 seconds, Stopping threads took: 0.0000413 seconds
2024-10-04T13:19:06.859+0300: 1226.687: Application time: 0.0000653 seconds
2024-10-04T13:19:06.859+0300: 1226.687: Total time for which application threads were stopped: 0.0000358 seconds, Stopping threads took: 0.0000159 seconds
2024-10-04T13:19:06.890+0300: 1226.723: Application time: 0.0360117 seconds
2024-10-04T13:19:06.890+0300: 1226.723: Total time for which application threads were stopped: 0.0000796 seconds, Stopping threads took: 0.0000456 seconds
2024-10-04T13:19:06.968+0300: 1226.791: Application time: 0.0680090 seconds
2024-10-04T13:19:06.968+0300: 1226.791: Total time for which application threads were stopped: 0.0000969 seconds, Stopping threads took: 0.0000358 seconds
2024-10-04T13:19:06.968+0300: 1226.794: Application time: 0.0028049 seconds
2024-10-04T13:19:06.968+0300: 1226.794: Total time for which application threads were stopped: 0.0000649 seconds, Stopping threads took: 0.0000371 seconds
2024-10-04T13:19:06.968+0300: 1226.795: Application time: 0.0005277 seconds
2024-10-04T13:19:06.968+0300: 1226.795: Total time for which application threads were stopped: 0.0000617 seconds, Stopping threads took: 0.0000362 seconds
2024-10-04T13:19:06.984+0300: 1226.805: Application time: 0.0097138 seconds
2024-10-04T13:19:06.984+0300: 1226.805: Total time for which application threads were stopped: 0.0000767 seconds, Stopping threads took: 0.0000332 seconds
Heap
 PSYoungGen      total 684544K, used 148089K [0x00000000d5580000, 0x0000000100000000, 0x0000000100000000)
  eden space 681472K, 21% used [0x00000000d5580000,0x00000000de31e4a0,0x00000000fef00000)
  from space 3072K, 100% used [0x00000000ffd00000,0x0000000100000000,0x0000000100000000)
  to   space 8704K, 0% used [0x00000000fef00000,0x00000000fef00000,0x00000000ff780000)
 ParOldGen       total 1398272K, used 82439K [0x0000000080000000, 0x00000000d5580000, 0x00000000d5580000)
  object space 1398272K, 5% used [0x0000000080000000,0x0000000085081f68,0x00000000d5580000)
 Metaspace       used 15921K, capacity 16104K, committed 16384K, reserved 1064960K
  class space    used 1655K, capacity 1750K, committed 1792K, reserved 1048576K
2024-10-04T13:19:07.078+0300: 1226.898: Application time: 0.0937003 seconds
