OpenJDK 64-Bit Server VM (25.422-b05) for windows-amd64 JRE (1.8.0_422-422-b05), built on Jul 18 2024 05:34:18 by "Administrator" with MS VC++ 16.10 / 16.11 (VS2019)
Memory: 4k page, physical 15965620k(10876764k free), swap 19635636k(12453004k free)
CommandLine flags: -XX:InitialHeapSize=734003200 -XX:MaxHeapSize=734003200 -XX:+PrintGC -XX:+PrintGCApplicationConcurrentTime -XX:+PrintGCApplicationStoppedTime -XX:+PrintGCDateStamps -XX:+PrintGCDetails -XX:+PrintGCTimeStamps -XX:+UnlockExperimentalVMOptions -XX:+UseCompressedClassPointers -XX:+UseCompressedOops -XX:-UseLargePagesIndividualAllocation -XX:+UseParallelGC -XX:+UseParallelOldGC 
2024-10-06T01:21:44.307+0300: 0.063: Application time: 0.0180036 seconds
2024-10-06T01:21:44.307+0300: 0.063: Total time for which application threads were stopped: 0.0001024 seconds, Stopping threads took: 0.0000381 seconds
2024-10-06T01:21:44.480+0300: 0.235: Application time: 0.1717311 seconds
2024-10-06T01:21:44.480+0300: 0.235: [GC (System.gc()) [PSYoungGen: 21504K->3838K(208896K)] 21504K->3846K(687104K), 0.0034954 secs] [Times: user=0.00 sys=0.00, real=0.00 secs] 
2024-10-06T01:21:44.480+0300: 0.238: [Full GC (System.gc()) [PSYoungGen: 3838K->0K(208896K)] [ParOldGen: 8K->3705K(478208K)] 3846K->3705K(687104K), [Metaspace: 7077K->7077K(1056768K)], 0.0101101 secs] [Times: user=0.01 sys=0.00, real=0.01 secs] 
2024-10-06T01:21:44.495+0300: 0.249: Total time for which application threads were stopped: 0.0139080 seconds, Stopping threads took: 0.0000308 seconds
2024-10-06T01:21:44.495+0300: 0.249: Application time: 0.0000850 seconds
2024-10-06T01:21:44.495+0300: 0.249: [GC (System.gc()) [PSYoungGen: 0K->0K(208896K)] 3705K->3705K(687104K), 0.0004383 secs] [Times: user=0.00 sys=0.00, real=0.00 secs] 
2024-10-06T01:21:44.495+0300: 0.249: [Full GC (System.gc()) [PSYoungGen: 0K->0K(208896K)] [ParOldGen: 3705K->3705K(478208K)] 3705K->3705K(687104K), [Metaspace: 7077K->7077K(1056768K)], 0.0045684 secs] [Times: user=0.00 sys=0.00, real=0.00 secs] 
2024-10-06T01:21:44.495+0300: 0.254: Total time for which application threads were stopped: 0.0052435 seconds, Stopping threads took: 0.0000441 seconds
2024-10-06T01:21:45.499+0300: 1.251: Application time: 0.9970236 seconds
2024-10-06T01:21:45.531+0300: 1.282: Total time for which application threads were stopped: 0.0313897 seconds, Stopping threads took: 0.0312825 seconds
2024-10-06T01:21:45.531+0300: 1.283: Application time: 0.0009180 seconds
2024-10-06T01:21:45.531+0300: 1.284: [GC (Allocation Failure) [PSYoungGen: 179184K->3281K(208896K)] 182890K->6995K(687104K), 0.0009397 secs] [Times: user=0.00 sys=0.00, real=0.00 secs] 
2024-10-06T01:21:45.531+0300: 1.285: Total time for which application threads were stopped: 0.0017909 seconds, Stopping threads took: 0.0007257 seconds
2024-10-06T01:21:46.535+0300: 2.286: Application time: 1.0011763 seconds
2024-10-06T01:21:46.566+0300: 2.318: Total time for which application threads were stopped: 0.0318900 seconds, Stopping threads took: 0.0317905 seconds
2024-10-06T01:21:46.598+0300: 2.355: Application time: 0.0366731 seconds
2024-10-06T01:21:46.598+0300: 2.355: [GC (Allocation Failure) [PSYoungGen: 182437K->1460K(208896K)] 186150K->5173K(687104K), 0.0009093 secs] [Times: user=0.00 sys=0.00, real=0.00 secs] 
2024-10-06T01:21:46.598+0300: 2.356: Total time for which application threads were stopped: 0.0014352 seconds, Stopping threads took: 0.0004175 seconds
2024-10-06T01:21:47.602+0300: 3.353: Application time: 0.9969406 seconds
2024-10-06T01:21:47.633+0300: 3.385: Total time for which application threads were stopped: 0.0315049 seconds, Stopping threads took: 0.0313940 seconds
2024-10-06T01:21:47.633+0300: 3.386: Application time: 0.0016430 seconds
2024-10-06T01:21:47.680+0300: 3.432: [GC (Allocation Failure) [PSYoungGen: 180578K->4503K(208896K)] 184292K->8224K(687104K), 0.0016483 secs] [Times: user=0.00 sys=0.00, real=0.00 secs] 
2024-10-06T01:21:47.680+0300: 3.434: Total time for which application threads were stopped: 0.0477340 seconds, Stopping threads took: 0.0458512 seconds
2024-10-06T01:21:48.355+0300: 4.107: Application time: 0.6723673 seconds
2024-10-06T01:21:48.371+0300: 4.122: Total time for which application threads were stopped: 0.0158634 seconds, Stopping threads took: 0.0156945 seconds
2024-10-06T01:21:48.731+0300: 4.491: Application time: 0.3682487 seconds
2024-10-06T01:21:48.779+0300: 4.530: [GC (Allocation Failure) [PSYoungGen: 183596K->694K(208896K)] 187317K->4415K(687104K), 0.0013328 secs] [Times: user=0.00 sys=0.00, real=0.00 secs] 
2024-10-06T01:21:48.779+0300: 4.532: Total time for which application threads were stopped: 0.0411747 seconds, Stopping threads took: 0.0395868 seconds
2024-10-06T01:21:49.767+0300: 5.534: Application time: 1.0020122 seconds
2024-10-06T01:21:49.830+0300: 5.581: [GC (Allocation Failure) [PSYoungGen: 179651K->710K(208896K)] 183372K->4439K(687104K), 0.0012319 secs] [Times: user=0.00 sys=0.00, real=0.00 secs] 
2024-10-06T01:21:49.830+0300: 5.583: Total time for which application threads were stopped: 0.0488318 seconds, Stopping threads took: 0.0473608 seconds
2024-10-06T01:21:50.835+0300: 6.586: Application time: 1.0037894 seconds
2024-10-06T01:21:50.867+0300: 6.618: Total time for which application threads were stopped: 0.0317707 seconds, Stopping threads took: 0.0317134 seconds
2024-10-06T01:21:50.867+0300: 6.618: Application time: 0.0001217 seconds
2024-10-06T01:21:50.867+0300: 6.619: [GC (Allocation Failure) [PSYoungGen: 179891K->1264K(232960K)] 183621K->4993K(711168K), 0.0006900 secs] [Times: user=0.00 sys=0.00, real=0.00 secs] 
2024-10-06T01:21:50.867+0300: 6.619: Total time for which application threads were stopped: 0.0010160 seconds, Stopping threads took: 0.0002077 seconds
2024-10-06T01:21:52.153+0300: 7.914: Application time: 1.2941811 seconds
2024-10-06T01:21:52.184+0300: 7.936: [GC (Allocation Failure) [PSYoungGen: 227927K->499K(232448K)] 231656K->4276K(710656K), 0.0008629 secs] [Times: user=0.00 sys=0.00, real=0.00 secs] 
2024-10-06T01:21:52.185+0300: 7.937: Total time for which application threads were stopped: 0.0237000 seconds, Stopping threads took: 0.0226633 seconds
2024-10-06T01:21:53.188+0300: 8.940: Application time: 1.0024645 seconds
2024-10-06T01:21:53.219+0300: 8.972: Total time for which application threads were stopped: 0.0317929 seconds, Stopping threads took: 0.0317393 seconds
2024-10-06T01:21:53.486+0300: 9.241: Application time: 0.2697465 seconds
2024-10-06T01:21:53.533+0300: 9.285: [GC (Allocation Failure) [PSYoungGen: 227299K->1053K(233472K)] 231076K->4862K(711680K), 0.0012125 secs] [Times: user=0.00 sys=0.00, real=0.00 secs] 
2024-10-06T01:21:53.533+0300: 9.286: Total time for which application threads were stopped: 0.0450219 seconds, Stopping threads took: 0.0435990 seconds
2024-10-06T01:21:54.852+0300: 10.610: Application time: 1.3241773 seconds
2024-10-06T01:21:54.883+0300: 10.634: [GC (Allocation Failure) [PSYoungGen: 228821K->662K(232960K)] 232630K->4487K(711168K), 0.0008081 secs] [Times: user=0.00 sys=0.00, real=0.00 secs] 
2024-10-06T01:21:54.883+0300: 10.635: Total time for which application threads were stopped: 0.0248485 seconds, Stopping threads took: 0.0238980 seconds
2024-10-06T01:21:56.201+0300: 11.963: Application time: 1.3272620 seconds
2024-10-06T01:21:56.232+0300: 11.984: [GC (Allocation Failure) [PSYoungGen: 228428K->1264K(233472K)] 232253K->5097K(711680K), 0.0012835 secs] [Times: user=0.00 sys=0.00, real=0.00 secs] 
2024-10-06T01:21:56.232+0300: 11.986: Total time for which application threads were stopped: 0.0230373 seconds, Stopping threads took: 0.0215200 seconds
2024-10-06T01:21:57.535+0300: 13.297: Application time: 1.3117060 seconds
2024-10-06T01:21:57.582+0300: 13.334: [GC (Allocation Failure) [PSYoungGen: 229538K->1264K(233472K)] 233371K->5113K(711680K), 0.0036146 secs] [Times: user=0.00 sys=0.00, real=0.00 secs] 
2024-10-06T01:21:57.582+0300: 13.338: Total time for which application threads were stopped: 0.0401607 seconds, Stopping threads took: 0.0362776 seconds
2024-10-06T01:21:58.586+0300: 14.337: Application time: 0.9996549 seconds
2024-10-06T01:21:58.632+0300: 14.384: Total time for which application threads were stopped: 0.0471445 seconds, Stopping threads took: 0.0470311 seconds
2024-10-06T01:21:58.915+0300: 14.681: Application time: 0.2966087 seconds
2024-10-06T01:21:58.962+0300: 14.714: [GC (Allocation Failure) [PSYoungGen: 229610K->1232K(233984K)] 233459K->5105K(712192K), 0.0011467 secs] [Times: user=0.00 sys=0.00, real=0.00 secs] 
2024-10-06T01:21:58.962+0300: 14.715: Total time for which application threads were stopped: 0.0340183 seconds, Stopping threads took: 0.0326964 seconds
2024-10-06T01:22:00.327+0300: 16.093: Application time: 1.3775582 seconds
2024-10-06T01:22:00.375+0300: 16.126: [GC (Allocation Failure) [PSYoungGen: 230597K->224K(233984K)] 234471K->4113K(712192K), 0.0009649 secs] [Times: user=0.00 sys=0.00, real=0.00 secs] 
2024-10-06T01:22:00.375+0300: 16.127: Total time for which application threads were stopped: 0.0349475 seconds, Stopping threads took: 0.0338084 seconds
2024-10-06T01:22:00.625+0300: 16.378: Application time: 0.2502508 seconds
2024-10-06T01:22:00.625+0300: 16.378: Total time for which application threads were stopped: 0.0002881 seconds, Stopping threads took: 0.0002651 seconds
2024-10-06T01:22:01.723+0300: 17.488: Application time: 1.1104729 seconds
2024-10-06T01:22:01.771+0300: 17.522: [GC (Allocation Failure) [PSYoungGen: 229284K->1459K(234496K)] 233173K->5365K(712704K), 0.0006006 secs] [Times: user=0.00 sys=0.00, real=0.00 secs] 
2024-10-06T01:22:01.771+0300: 17.523: Total time for which application threads were stopped: 0.0345715 seconds, Stopping threads took: 0.0338495 seconds
2024-10-06T01:22:03.089+0300: 18.851: Application time: 1.3282582 seconds
2024-10-06T01:22:03.136+0300: 18.888: [GC (Allocation Failure) [PSYoungGen: 231157K->694K(233984K)] 235063K->4647K(712192K), 0.0007013 secs] [Times: user=0.00 sys=0.00, real=0.00 secs] 
2024-10-06T01:22:03.136+0300: 18.888: Total time for which application threads were stopped: 0.0370809 seconds, Stopping threads took: 0.0362386 seconds
2024-10-06T01:22:04.140+0300: 19.892: Application time: 1.0032899 seconds
2024-10-06T01:22:04.172+0300: 19.924: Total time for which application threads were stopped: 0.0322841 seconds, Stopping threads took: 0.0321779 seconds
2024-10-06T01:22:04.470+0300: 20.222: Application time: 0.2976692 seconds
2024-10-06T01:22:04.517+0300: 20.269: [GC (Allocation Failure) [PSYoungGen: 230582K->646K(234496K)] 234535K->4615K(712704K), 0.0009567 secs] [Times: user=0.00 sys=0.00, real=0.00 secs] 
2024-10-06T01:22:04.517+0300: 20.270: Total time for which application threads were stopped: 0.0478914 seconds, Stopping threads took: 0.0467041 seconds
2024-10-06T01:22:05.850+0300: 21.617: Application time: 1.3470952 seconds
2024-10-06T01:22:05.898+0300: 21.649: [GC (Allocation Failure) [PSYoungGen: 230981K->710K(234496K)] 234950K->4703K(712704K), 0.0006728 secs] [Times: user=0.00 sys=0.00, real=0.00 secs] 
2024-10-06T01:22:05.898+0300: 21.650: Total time for which application threads were stopped: 0.0334344 seconds, Stopping threads took: 0.0326032 seconds
2024-10-06T01:22:07.231+0300: 22.989: Application time: 1.3389137 seconds
2024-10-06T01:22:07.278+0300: 23.030: [GC (Allocation Failure) [PSYoungGen: 230992K->710K(235008K)] 234985K->4711K(713216K), 0.0006843 secs] [Times: user=0.00 sys=0.00, real=0.00 secs] 
2024-10-06T01:22:07.278+0300: 23.031: Total time for which application threads were stopped: 0.0418509 seconds, Stopping threads took: 0.0410039 seconds
2024-10-06T01:22:08.611+0300: 24.366: Application time: 1.3353800 seconds
2024-10-06T01:22:08.658+0300: 24.410: [GC (Allocation Failure) [PSYoungGen: 232112K->678K(235008K)] 236113K->4687K(713216K), 0.0010006 secs] [Times: user=0.00 sys=0.00, real=0.00 secs] 
2024-10-06T01:22:08.658+0300: 24.411: Total time for which application threads were stopped: 0.0450456 seconds, Stopping threads took: 0.0438656 seconds
2024-10-06T01:22:09.981+0300: 25.739: Application time: 1.3281371 seconds
2024-10-06T01:22:10.024+0300: 25.775: [GC (Allocation Failure) [PSYoungGen: 231985K->1866K(235008K)] 235994K->5891K(713216K), 0.0010798 secs] [Times: user=0.00 sys=0.00, real=0.00 secs] 
2024-10-06T01:22:10.024+0300: 25.777: Total time for which application threads were stopped: 0.0371869 seconds, Stopping threads took: 0.0357831 seconds
2024-10-06T01:22:11.028+0300: 26.780: Application time: 1.0029262 seconds
2024-10-06T01:22:11.075+0300: 26.827: Total time for which application threads were stopped: 0.0471888 seconds, Stopping threads took: 0.0470698 seconds
2024-10-06T01:22:11.373+0300: 27.126: Application time: 0.2991585 seconds
2024-10-06T01:22:11.421+0300: 27.173: [GC (Allocation Failure) [PSYoungGen: 233132K->499K(235008K)] 237157K->4540K(713216K), 0.0010957 secs] [Times: user=0.00 sys=0.00, real=0.00 secs] 
2024-10-06T01:22:11.421+0300: 27.174: Total time for which application threads were stopped: 0.0477614 seconds, Stopping threads took: 0.0464560 seconds
2024-10-06T01:22:12.754+0300: 28.513: Application time: 1.3390619 seconds
2024-10-06T01:22:12.801+0300: 28.554: [GC (Allocation Failure) [PSYoungGen: 231894K->451K(235008K)] 235935K->4524K(713216K), 0.0010145 secs] [Times: user=0.00 sys=0.00, real=0.00 secs] 
2024-10-06T01:22:12.801+0300: 28.555: Total time for which application threads were stopped: 0.0421225 seconds, Stopping threads took: 0.0408968 seconds
2024-10-06T01:22:14.135+0300: 29.889: Application time: 1.3338816 seconds
2024-10-06T01:22:14.182+0300: 29.934: [GC (Allocation Failure) [PSYoungGen: 231713K->288K(235008K)] 235786K->4393K(713216K), 0.0010962 secs] [Times: user=0.00 sys=0.00, real=0.00 secs] 
2024-10-06T01:22:14.182+0300: 29.935: Total time for which application threads were stopped: 0.0465473 seconds, Stopping threads took: 0.0451921 seconds
2024-10-06T01:22:15.501+0300: 31.264: Application time: 1.3283088 seconds
2024-10-06T01:22:15.548+0300: 31.300: [GC (Allocation Failure) [PSYoungGen: 231597K->842K(235520K)] 235703K->4971K(713728K), 0.0010529 secs] [Times: user=0.00 sys=0.00, real=0.00 secs] 
2024-10-06T01:22:15.548+0300: 31.301: Total time for which application threads were stopped: 0.0374687 seconds, Stopping threads took: 0.0361925 seconds
2024-10-06T01:22:16.552+0300: 32.304: Application time: 1.0027839 seconds
2024-10-06T01:22:16.600+0300: 32.351: Total time for which application threads were stopped: 0.0475350 seconds, Stopping threads took: 0.0474162 seconds
2024-10-06T01:22:16.898+0300: 32.662: Application time: 0.3101853 seconds
2024-10-06T01:22:16.960+0300: 32.712: [GC (Allocation Failure) [PSYoungGen: 233199K->467K(235520K)] 237328K->4604K(713728K), 0.0011319 secs] [Times: user=0.00 sys=0.00, real=0.00 secs] 
2024-10-06T01:22:16.960+0300: 32.713: Total time for which application threads were stopped: 0.0516824 seconds, Stopping threads took: 0.0503398 seconds
2024-10-06T01:22:18.309+0300: 34.064: Application time: 1.3504735 seconds
2024-10-06T01:22:18.356+0300: 34.107: [GC (Allocation Failure) [PSYoungGen: 232832K->224K(235520K)] 236969K->4401K(713728K), 0.0010275 secs] [Times: user=0.00 sys=0.00, real=0.00 secs] 
2024-10-06T01:22:18.356+0300: 34.109: Total time for which application threads were stopped: 0.0448580 seconds, Stopping threads took: 0.0435422 seconds
2024-10-06T01:22:19.689+0300: 35.441: Application time: 1.3326377 seconds
2024-10-06T01:22:19.737+0300: 35.489: [GC (Allocation Failure) [PSYoungGen: 232507K->1069K(235520K)] 236684K->5262K(713728K), 0.0010742 secs] [Times: user=0.00 sys=0.00, real=0.00 secs] 
2024-10-06T01:22:19.737+0300: 35.490: Total time for which application threads were stopped: 0.0485037 seconds, Stopping threads took: 0.0471845 seconds
2024-10-06T01:22:21.071+0300: 36.837: Application time: 1.3475611 seconds
2024-10-06T01:22:21.134+0300: 36.886: [GC (Allocation Failure) [PSYoungGen: 233517K->646K(236032K)] 237710K->4871K(714240K), 0.0010906 secs] [Times: user=0.00 sys=0.00, real=0.00 secs] 
2024-10-06T01:22:21.134+0300: 36.887: Total time for which application threads were stopped: 0.0493870 seconds, Stopping threads took: 0.0480905 seconds
2024-10-06T01:22:22.468+0300: 38.228: Application time: 1.3409980 seconds
2024-10-06T01:22:22.515+0300: 38.267: [GC (Allocation Failure) [PSYoungGen: 233454K->483K(235520K)] 237679K->4740K(713728K), 0.0010621 secs] [Times: user=0.00 sys=0.00, real=0.00 secs] 
2024-10-06T01:22:22.515+0300: 38.268: Total time for which application threads were stopped: 0.0405560 seconds, Stopping threads took: 0.0392783 seconds
2024-10-06T01:22:23.849+0300: 39.609: Application time: 1.3403633 seconds
2024-10-06T01:22:23.896+0300: 39.648: [GC (Allocation Failure) [PSYoungGen: 233277K->694K(236032K)] 237534K->4967K(714240K), 0.0009874 secs] [Times: user=0.00 sys=0.00, real=0.00 secs] 
2024-10-06T01:22:23.896+0300: 39.649: Total time for which application threads were stopped: 0.0403772 seconds, Stopping threads took: 0.0391768 seconds
2024-10-06T01:22:25.251+0300: 41.008: Application time: 1.3593499 seconds
2024-10-06T01:22:25.277+0300: 41.029: [GC (Allocation Failure) [PSYoungGen: 234090K->304K(236032K)] 238363K->4593K(714240K), 0.0010886 secs] [Times: user=0.00 sys=0.00, real=0.00 secs] 
2024-10-06T01:22:25.277+0300: 41.030: Total time for which application threads were stopped: 0.0216442 seconds, Stopping threads took: 0.0203380 seconds
2024-10-06T01:22:26.614+0300: 42.370: Application time: 1.3401709 seconds
2024-10-06T01:22:26.658+0300: 42.410: [GC (Allocation Failure) [PSYoungGen: 233516K->662K(236544K)] 237805K->4983K(714752K), 0.0011893 secs] [Times: user=0.00 sys=0.00, real=0.00 secs] 
2024-10-06T01:22:26.658+0300: 42.411: Total time for which application threads were stopped: 0.0407386 seconds, Stopping threads took: 0.0393498 seconds
2024-10-06T01:22:28.017+0300: 43.774: Application time: 1.3634039 seconds
2024-10-06T01:22:28.039+0300: 43.790: [GC (Allocation Failure) [PSYoungGen: 234578K->467K(236032K)] 238899K->4828K(714240K), 0.0009223 secs] [Times: user=0.00 sys=0.00, real=0.00 secs] 
2024-10-06T01:22:28.039+0300: 43.791: Total time for which application threads were stopped: 0.0169349 seconds, Stopping threads took: 0.0158476 seconds
2024-10-06T01:22:29.388+0300: 45.149: Application time: 1.3580850 seconds
2024-10-06T01:22:29.419+0300: 45.171: [GC (Allocation Failure) [PSYoungGen: 234403K->662K(236544K)] 238764K->5031K(714752K), 0.0007462 secs] [Times: user=0.00 sys=0.00, real=0.00 secs] 
2024-10-06T01:22:29.420+0300: 45.172: Total time for which application threads were stopped: 0.0222624 seconds, Stopping threads took: 0.0213416 seconds
2024-10-06T01:22:30.786+0300: 46.543: Application time: 1.3714553 seconds
2024-10-06T01:22:30.833+0300: 46.585: [GC (Allocation Failure) [PSYoungGen: 235032K->272K(236544K)] 239401K->4665K(714752K), 0.0007391 secs] [Times: user=0.00 sys=0.00, real=0.00 secs] 
2024-10-06T01:22:30.833+0300: 46.586: Total time for which application threads were stopped: 0.0424358 seconds, Stopping threads took: 0.0415398 seconds
2024-10-06T01:22:32.230+0300: 47.982: Application time: 1.3963791 seconds
2024-10-06T01:22:32.277+0300: 48.029: [GC (Allocation Failure) [PSYoungGen: 234638K->678K(236544K)] 239031K->5087K(714752K), 0.0005401 secs] [Times: user=0.00 sys=0.00, real=0.00 secs] 
2024-10-06T01:22:32.277+0300: 48.029: Total time for which application threads were stopped: 0.0473141 seconds, Stopping threads took: 0.0466261 seconds
2024-10-06T01:22:33.628+0300: 49.389: Application time: 1.3593921 seconds
2024-10-06T01:22:33.658+0300: 49.410: [GC (Allocation Failure) [PSYoungGen: 235089K->1037K(236544K)] 239498K->5462K(714752K), 0.0011647 secs] [Times: user=0.00 sys=0.00, real=0.00 secs] 
2024-10-06T01:22:33.658+0300: 49.411: Total time for which application threads were stopped: 0.0224046 seconds, Stopping threads took: 0.0209665 seconds
2024-10-06T01:22:35.023+0300: 50.779: Application time: 1.3684005 seconds
2024-10-06T01:22:35.070+0300: 50.822: [GC (Allocation Failure) [PSYoungGen: 235361K->614K(236544K)] 239786K->5047K(714752K), 0.0012022 secs] [Times: user=0.00 sys=0.00, real=0.00 secs] 
2024-10-06T01:22:35.070+0300: 50.824: Total time for which application threads were stopped: 0.0441148 seconds, Stopping threads took: 0.0427169 seconds
2024-10-06T01:22:36.436+0300: 52.188: Application time: 1.3642611 seconds
2024-10-06T01:22:36.483+0300: 52.235: [GC (Allocation Failure) [PSYoungGen: 235017K->272K(236544K)] 239450K->4721K(714752K), 0.0009718 secs] [Times: user=0.00 sys=0.00, real=0.00 secs] 
2024-10-06T01:22:36.483+0300: 52.236: Total time for which application threads were stopped: 0.0478616 seconds, Stopping threads took: 0.0466813 seconds
2024-10-06T01:22:37.836+0300: 53.590: Application time: 1.3542875 seconds
2024-10-06T01:22:37.879+0300: 53.631: [GC (Allocation Failure) [PSYoungGen: 234548K->646K(237056K)] 238998K->5111K(715264K), 0.0011392 secs] [Times: user=0.00 sys=0.00, real=0.00 secs] 
2024-10-06T01:22:37.879+0300: 53.632: Total time for which application threads were stopped: 0.0421931 seconds, Stopping threads took: 0.0408471 seconds
2024-10-06T01:22:39.239+0300: 54.995: Application time: 1.3625097 seconds
2024-10-06T01:22:39.275+0300: 55.027: [GC (Allocation Failure) [PSYoungGen: 235475K->499K(236544K)] 239940K->4996K(714752K), 0.0010156 secs] [Times: user=0.00 sys=0.00, real=0.00 secs] 
2024-10-06T01:22:39.275+0300: 55.028: Total time for which application threads were stopped: 0.0331484 seconds, Stopping threads took: 0.0318771 seconds
2024-10-06T01:22:40.641+0300: 56.394: Application time: 1.3656886 seconds
2024-10-06T01:22:40.672+0300: 56.423: [GC (Allocation Failure) [PSYoungGen: 235473K->662K(237056K)] 239971K->5175K(715264K), 0.0011894 secs] [Times: user=0.00 sys=0.00, real=0.00 secs] 
2024-10-06T01:22:40.672+0300: 56.425: Total time for which application threads were stopped: 0.0310818 seconds, Stopping threads took: 0.0296636 seconds
2024-10-06T01:22:42.052+0300: 57.806: Application time: 1.3809978 seconds
2024-10-06T01:22:42.084+0300: 57.835: [GC (Allocation Failure) [PSYoungGen: 236019K->288K(237056K)] 240532K->4817K(715264K), 0.0010511 secs] [Times: user=0.00 sys=0.00, real=0.00 secs] 
2024-10-06T01:22:42.084+0300: 57.836: Total time for which application threads were stopped: 0.0308528 seconds, Stopping threads took: 0.0295933 seconds
2024-10-06T01:22:43.447+0300: 59.199: Application time: 1.3626562 seconds
2024-10-06T01:22:43.480+0300: 59.232: [GC (Allocation Failure) [PSYoungGen: 235650K->678K(237056K)] 240180K->5223K(715264K), 0.0010215 secs] [Times: user=0.00 sys=0.00, real=0.00 secs] 
2024-10-06T01:22:43.480+0300: 59.233: Total time for which application threads were stopped: 0.0341271 seconds, Stopping threads took: 0.0328916 seconds
2024-10-06T01:22:44.846+0300: 60.599: Application time: 1.3657404 seconds
2024-10-06T01:22:44.893+0300: 60.645: [GC (Allocation Failure) [PSYoungGen: 236139K->1216K(237056K)] 240684K->5769K(715264K), 0.0010000 secs] [Times: user=0.00 sys=0.00, real=0.00 secs] 
2024-10-06T01:22:44.893+0300: 60.646: Total time for which application threads were stopped: 0.0471277 seconds, Stopping threads took: 0.0458777 seconds
2024-10-06T01:22:46.258+0300: 62.013: Application time: 1.3668053 seconds
2024-10-06T01:22:46.290+0300: 62.041: [GC (Allocation Failure) [PSYoungGen: 236386K->694K(237056K)] 240939K->5271K(715264K), 0.0010404 secs] [Times: user=0.00 sys=0.00, real=0.00 secs] 
2024-10-06T01:22:46.290+0300: 62.042: Total time for which application threads were stopped: 0.0295264 seconds, Stopping threads took: 0.0282677 seconds
2024-10-06T01:22:47.639+0300: 63.405: Application time: 1.3626035 seconds
2024-10-06T01:22:47.686+0300: 63.439: [GC (Allocation Failure) [PSYoungGen: 235879K->662K(237056K)] 240456K->5255K(715264K), 0.0007598 secs] [Times: user=0.00 sys=0.00, real=0.00 secs] 
2024-10-06T01:22:47.686+0300: 63.439: Total time for which application threads were stopped: 0.0342948 seconds, Stopping threads took: 0.0333486 seconds
2024-10-06T01:22:49.051+0300: 64.806: Application time: 1.3666751 seconds
2024-10-06T01:22:49.099+0300: 64.851: [GC (Allocation Failure) [PSYoungGen: 236115K->1037K(237056K)] 240708K->5638K(715264K), 0.0011787 secs] [Times: user=0.00 sys=0.00, real=0.00 secs] 
2024-10-06T01:22:49.099+0300: 64.852: Total time for which application threads were stopped: 0.0457774 seconds, Stopping threads took: 0.0443912 seconds
2024-10-06T01:22:50.461+0300: 66.215: Application time: 1.3627396 seconds
2024-10-06T01:22:50.511+0300: 66.263: [GC (Allocation Failure) [PSYoungGen: 236481K->483K(237056K)] 241082K->5124K(715264K), 0.0010319 secs] [Times: user=0.00 sys=0.00, real=0.00 secs] 
2024-10-06T01:22:50.511+0300: 66.264: Total time for which application threads were stopped: 0.0490772 seconds, Stopping threads took: 0.0477851 seconds
2024-10-06T01:22:51.876+0300: 67.628: Application time: 1.3644430 seconds
2024-10-06T01:22:51.923+0300: 67.675: [GC (Allocation Failure) [PSYoungGen: 235980K->1232K(237056K)] 240621K->5889K(715264K), 0.0012379 secs] [Times: user=0.00 sys=0.00, real=0.00 secs] 
2024-10-06T01:22:51.923+0300: 67.676: Total time for which application threads were stopped: 0.0480078 seconds, Stopping threads took: 0.0465367 seconds
2024-10-06T01:22:53.288+0300: 69.043: Application time: 1.3669779 seconds
2024-10-06T01:22:53.319+0300: 69.071: [GC (Allocation Failure) [PSYoungGen: 236601K->678K(237056K)] 241259K->5367K(715264K), 0.0010324 secs] [Times: user=0.00 sys=0.00, real=0.00 secs] 
2024-10-06T01:22:53.319+0300: 69.072: Total time for which application threads were stopped: 0.0292203 seconds, Stopping threads took: 0.0279847 seconds
2024-10-06T01:22:54.669+0300: 70.429: Application time: 1.3571195 seconds
2024-10-06T01:22:54.716+0300: 70.467: [GC (Allocation Failure) [PSYoungGen: 236128K->1053K(237056K)] 240817K->5750K(715264K), 0.0011776 secs] [Times: user=0.00 sys=0.00, real=0.00 secs] 
2024-10-06T01:22:54.716+0300: 70.469: Total time for which application threads were stopped: 0.0391058 seconds, Stopping threads took: 0.0377302 seconds
2024-10-06T01:22:56.081+0300: 71.847: Application time: 1.3780827 seconds
2024-10-06T01:22:56.128+0300: 71.879: [GC (Allocation Failure) [PSYoungGen: 236541K->694K(237056K)] 241238K->5399K(715264K), 0.0010947 secs] [Times: user=0.00 sys=0.00, real=0.00 secs] 
2024-10-06T01:22:56.128+0300: 71.881: Total time for which application threads were stopped: 0.0338461 seconds, Stopping threads took: 0.0325503 seconds
2024-10-06T01:22:57.492+0300: 73.244: Application time: 1.3639197 seconds
2024-10-06T01:22:57.539+0300: 73.291: [GC (Allocation Failure) [PSYoungGen: 236086K->320K(237056K)] 240791K->5033K(715264K), 0.0011954 secs] [Times: user=0.00 sys=0.00, real=0.00 secs] 
2024-10-06T01:22:57.539+0300: 73.292: Total time for which application threads were stopped: 0.0477493 seconds, Stopping threads took: 0.0462979 seconds
2024-10-06T01:22:58.544+0300: 74.295: Application time: 1.0029373 seconds
2024-10-06T01:22:58.575+0300: 74.327: Total time for which application threads were stopped: 0.0314984 seconds, Stopping threads took: 0.0313892 seconds
2024-10-06T01:22:58.904+0300: 74.668: Application time: 0.3412726 seconds
2024-10-06T01:22:58.951+0300: 74.703: [GC (Allocation Failure) [PSYoungGen: 235500K->694K(237056K)] 240213K->5439K(715264K), 0.0011583 secs] [Times: user=0.00 sys=0.00, real=0.00 secs] 
2024-10-06T01:22:58.951+0300: 74.704: Total time for which application threads were stopped: 0.0359040 seconds, Stopping threads took: 0.0345098 seconds
2024-10-06T01:22:59.955+0300: 75.706: Application time: 1.0026145 seconds
2024-10-06T01:22:59.986+0300: 75.738: Total time for which application threads were stopped: 0.0318297 seconds, Stopping threads took: 0.0317412 seconds
2024-10-06T01:23:00.316+0300: 76.079: Application time: 0.3407273 seconds
2024-10-06T01:23:00.363+0300: 76.115: [GC (Allocation Failure) [PSYoungGen: 236033K->1069K(237056K)] 240778K->5838K(715264K), 0.0010902 secs] [Times: user=0.00 sys=0.00, real=0.00 secs] 
2024-10-06T01:23:00.363+0300: 76.116: Total time for which application threads were stopped: 0.0367356 seconds, Stopping threads took: 0.0354445 seconds
2024-10-06T01:23:01.728+0300: 77.481: Application time: 1.3654948 seconds
2024-10-06T01:23:01.775+0300: 77.527: [GC (Allocation Failure) [PSYoungGen: 236428K->483K(237056K)] 241197K->5276K(715264K), 0.0005628 secs] [Times: user=0.00 sys=0.00, real=0.00 secs] 
2024-10-06T01:23:01.775+0300: 77.528: Total time for which application threads were stopped: 0.0462844 seconds, Stopping threads took: 0.0456111 seconds
2024-10-06T01:23:03.124+0300: 78.885: Application time: 1.3577380 seconds
2024-10-06T01:23:03.171+0300: 78.923: [GC (Allocation Failure) [PSYoungGen: 235986K->1296K(236032K)] 240779K->6097K(714240K), 0.0012581 secs] [Times: user=0.00 sys=0.00, real=0.00 secs] 
2024-10-06T01:23:03.171+0300: 78.924: Total time for which application threads were stopped: 0.0391047 seconds, Stopping threads took: 0.0376171 seconds
2024-10-06T01:23:04.521+0300: 80.285: Application time: 1.3608142 seconds
2024-10-06T01:23:04.568+0300: 80.320: [GC (Allocation Failure) [PSYoungGen: 235604K->662K(236544K)] 240405K->5471K(714752K), 0.0011383 secs] [Times: user=0.00 sys=0.00, real=0.00 secs] 
2024-10-06T01:23:04.568+0300: 80.321: Total time for which application threads were stopped: 0.0357720 seconds, Stopping threads took: 0.0344190 seconds
2024-10-06T01:23:05.934+0300: 81.689: Application time: 1.3675712 seconds
2024-10-06T01:23:05.981+0300: 81.732: [GC (Allocation Failure) [PSYoungGen: 235142K->272K(237056K)] 239951K->5097K(715264K), 0.0011671 secs] [Times: user=0.00 sys=0.00, real=0.00 secs] 
2024-10-06T01:23:05.981+0300: 81.734: Total time for which application threads were stopped: 0.0451357 seconds, Stopping threads took: 0.0437134 seconds
2024-10-06T01:23:07.330+0300: 83.095: Application time: 1.3611841 seconds
2024-10-06T01:23:07.377+0300: 83.129: [GC (Allocation Failure) [PSYoungGen: 235722K->1069K(237056K)] 240547K->5902K(715264K), 0.0011255 secs] [Times: user=0.00 sys=0.00, real=0.00 secs] 
2024-10-06T01:23:07.377+0300: 83.130: Total time for which application threads were stopped: 0.0351760 seconds, Stopping threads took: 0.0338791 seconds
2024-10-06T01:23:08.742+0300: 84.497: Application time: 1.3670810 seconds
2024-10-06T01:23:08.789+0300: 84.541: [GC (Allocation Failure) [PSYoungGen: 236585K->630K(237056K)] 241418K->5471K(715264K), 0.0006515 secs] [Times: user=0.00 sys=0.00, real=0.00 secs] 
2024-10-06T01:23:08.789+0300: 84.542: Total time for which application threads were stopped: 0.0447879 seconds, Stopping threads took: 0.0439667 seconds
2024-10-06T01:23:10.154+0300: 85.910: Application time: 1.3679899 seconds
2024-10-06T01:23:10.201+0300: 85.953: [GC (Allocation Failure) [PSYoungGen: 236144K->1280K(237056K)] 240985K->6129K(715264K), 0.0005687 secs] [Times: user=0.00 sys=0.00, real=0.00 secs] 
2024-10-06T01:23:10.201+0300: 85.954: Total time for which application threads were stopped: 0.0437401 seconds, Stopping threads took: 0.0430265 seconds
2024-10-06T01:23:11.566+0300: 87.326: Application time: 1.3722758 seconds
2024-10-06T01:23:11.613+0300: 87.364: [GC (Allocation Failure) [PSYoungGen: 236707K->710K(236032K)] 241556K->5567K(714240K), 0.0004758 secs] [Times: user=0.00 sys=0.00, real=0.00 secs] 
2024-10-06T01:23:11.613+0300: 87.365: Total time for which application threads were stopped: 0.0390439 seconds, Stopping threads took: 0.0384594 seconds
2024-10-06T01:23:12.978+0300: 88.733: Application time: 1.3683503 seconds
2024-10-06T01:23:13.010+0300: 88.761: [GC (Allocation Failure) [PSYoungGen: 235078K->352K(236544K)] 239935K->5225K(714752K), 0.0009918 secs] [Times: user=0.00 sys=0.00, real=0.00 secs] 
2024-10-06T01:23:13.010+0300: 88.762: Total time for which application threads were stopped: 0.0291115 seconds, Stopping threads took: 0.0279443 seconds
2024-10-06T01:23:14.359+0300: 90.119: Application time: 1.3565315 seconds
2024-10-06T01:23:14.390+0300: 90.142: [GC (Allocation Failure) [PSYoungGen: 234529K->630K(237056K)] 239403K->5519K(715264K), 0.0010987 secs] [Times: user=0.00 sys=0.00, real=0.00 secs] 
2024-10-06T01:23:14.390+0300: 90.143: Total time for which application threads were stopped: 0.0240528 seconds, Stopping threads took: 0.0227417 seconds
2024-10-06T01:23:15.739+0300: 91.505: Application time: 1.3622739 seconds
2024-10-06T01:23:15.802+0300: 91.554: [GC (Allocation Failure) [PSYoungGen: 235623K->694K(236544K)] 240512K->5607K(714752K), 0.0009530 secs] [Times: user=0.00 sys=0.00, real=0.00 secs] 
2024-10-06T01:23:15.802+0300: 91.555: Total time for which application threads were stopped: 0.0494039 seconds, Stopping threads took: 0.0482571 seconds
2024-10-06T01:23:17.152+0300: 92.913: Application time: 1.3579824 seconds
2024-10-06T01:23:17.199+0300: 92.950: [GC (Allocation Failure) [PSYoungGen: 235702K->678K(237056K)] 240615K->5607K(715264K), 0.0010138 secs] [Times: user=0.00 sys=0.00, real=0.00 secs] 
2024-10-06T01:23:17.199+0300: 92.951: Total time for which application threads were stopped: 0.0387417 seconds, Stopping threads took: 0.0375473 seconds
2024-10-06T01:23:18.548+0300: 94.314: Application time: 1.3625548 seconds
2024-10-06T01:23:18.595+0300: 94.347: [GC (Allocation Failure) [PSYoungGen: 236194K->320K(237056K)] 241123K->5257K(715264K), 0.0008101 secs] [Times: user=0.00 sys=0.00, real=0.00 secs] 
2024-10-06T01:23:18.595+0300: 94.348: Total time for which application threads were stopped: 0.0336530 seconds, Stopping threads took: 0.0326649 seconds
2024-10-06T01:23:19.945+0300: 95.711: Application time: 1.3636368 seconds
2024-10-06T01:23:19.991+0300: 95.743: [GC (Allocation Failure) [PSYoungGen: 235840K->678K(237056K)] 240777K->5631K(715264K), 0.0008318 secs] [Times: user=0.00 sys=0.00, real=0.00 secs] 
2024-10-06T01:23:19.991+0300: 95.744: Total time for which application threads were stopped: 0.0328047 seconds, Stopping threads took: 0.0317846 seconds
2024-10-06T01:23:21.341+0300: 97.104: Application time: 1.3602368 seconds
2024-10-06T01:23:21.388+0300: 97.139: [GC (Allocation Failure) [PSYoungGen: 236192K->694K(237056K)] 241145K->5663K(715264K), 0.0009742 secs] [Times: user=0.00 sys=0.00, real=0.00 secs] 
2024-10-06T01:23:21.388+0300: 97.140: Total time for which application threads were stopped: 0.0360335 seconds, Stopping threads took: 0.0348869 seconds
2024-10-06T01:23:22.737+0300: 98.501: Application time: 1.3601354 seconds
2024-10-06T01:23:22.784+0300: 98.536: [GC (Allocation Failure) [PSYoungGen: 236037K->1069K(237056K)] 241006K->6054K(715264K), 0.0012495 secs] [Times: user=0.00 sys=0.00, real=0.00 secs] 
2024-10-06T01:23:22.784+0300: 98.537: Total time for which application threads were stopped: 0.0366369 seconds, Stopping threads took: 0.0351754 seconds
2024-10-06T01:23:24.133+0300: 99.899: Application time: 1.3614194 seconds
2024-10-06T01:23:24.180+0300: 99.932: [GC (Allocation Failure) [PSYoungGen: 236523K->678K(237056K)] 241508K->5703K(715264K), 0.0006439 secs] [Times: user=0.00 sys=0.00, real=0.00 secs] 
2024-10-06T01:23:24.180+0300: 99.933: Total time for which application threads were stopped: 0.0340721 seconds, Stopping threads took: 0.0333196 seconds
2024-10-06T01:23:25.531+0300: 101.294: Application time: 1.3613654 seconds
2024-10-06T01:23:25.577+0300: 101.329: [GC (Allocation Failure) [PSYoungGen: 236128K->272K(237056K)] 241153K->5337K(715264K), 0.0007539 secs] [Times: user=0.00 sys=0.00, real=0.00 secs] 
2024-10-06T01:23:25.577+0300: 101.330: Total time for which application threads were stopped: 0.0355486 seconds, Stopping threads took: 0.0346107 seconds
2024-10-06T01:23:26.941+0300: 102.702: Application time: 1.3724253 seconds
2024-10-06T01:23:26.988+0300: 102.740: [GC (Allocation Failure) [PSYoungGen: 235463K->678K(237056K)] 240529K->5759K(715264K), 0.0013064 secs] [Times: user=0.00 sys=0.00, real=0.00 secs] 
2024-10-06T01:23:26.988+0300: 102.742: Total time for which application threads were stopped: 0.0395328 seconds, Stopping threads took: 0.0380326 seconds
2024-10-06T01:23:28.337+0300: 104.103: Application time: 1.3611778 seconds
2024-10-06T01:23:28.384+0300: 104.136: [GC (Allocation Failure) [PSYoungGen: 236122K->288K(237056K)] 241203K->5377K(715264K), 0.0008320 secs] [Times: user=0.00 sys=0.00, real=0.00 secs] 
2024-10-06T01:23:28.384+0300: 104.137: Total time for which application threads were stopped: 0.0342481 seconds, Stopping threads took: 0.0332202 seconds
2024-10-06T01:23:29.749+0300: 105.502: Application time: 1.3649539 seconds
2024-10-06T01:23:29.780+0300: 105.532: [GC (Allocation Failure) [PSYoungGen: 235423K->630K(237056K)] 240512K->5743K(715264K), 0.0011362 secs] [Times: user=0.00 sys=0.00, real=0.00 secs] 
2024-10-06T01:23:29.780+0300: 105.533: Total time for which application threads were stopped: 0.0311295 seconds, Stopping threads took: 0.0297470 seconds
2024-10-06T01:23:31.145+0300: 106.897: Application time: 1.3643907 seconds
2024-10-06T01:23:31.177+0300: 106.928: [GC (Allocation Failure) [PSYoungGen: 236132K->1248K(237056K)] 241245K->6369K(715264K), 0.0010531 secs] [Times: user=0.00 sys=0.00, real=0.00 secs] 
2024-10-06T01:23:31.177+0300: 106.930: Total time for which application threads were stopped: 0.0320584 seconds, Stopping threads took: 0.0307724 seconds
2024-10-06T01:23:32.526+0300: 108.288: Application time: 1.3583067 seconds
2024-10-06T01:23:32.573+0300: 108.325: [GC (Allocation Failure) [PSYoungGen: 236392K->1444K(237056K)] 241513K->6589K(715264K), 0.0012336 secs] [Times: user=0.00 sys=0.00, real=0.00 secs] 
2024-10-06T01:23:32.573+0300: 108.326: Total time for which application threads were stopped: 0.0382454 seconds, Stopping threads took: 0.0368188 seconds
2024-10-06T01:23:33.937+0300: 109.695: Application time: 1.3686417 seconds
2024-10-06T01:23:33.984+0300: 109.736: [GC (Allocation Failure) [PSYoungGen: 236792K->710K(237056K)] 241937K->5863K(715264K), 0.0010451 secs] [Times: user=0.00 sys=0.00, real=0.00 secs] 
2024-10-06T01:23:33.984+0300: 109.737: Total time for which application threads were stopped: 0.0422172 seconds, Stopping threads took: 0.0409714 seconds
2024-10-06T01:23:35.349+0300: 111.102: Application time: 1.3647888 seconds
2024-10-06T01:23:35.396+0300: 111.148: [GC (Allocation Failure) [PSYoungGen: 236209K->288K(237056K)] 241362K->5449K(715264K), 0.0012109 secs] [Times: user=0.00 sys=0.00, real=0.00 secs] 
2024-10-06T01:23:35.397+0300: 111.149: Total time for which application threads were stopped: 0.0477518 seconds, Stopping threads took: 0.0463232 seconds
2024-10-06T01:23:36.753+0300: 112.511: Application time: 1.3613500 seconds
2024-10-06T01:23:36.794+0300: 112.546: [GC (Allocation Failure) [PSYoungGen: 235483K->710K(237056K)] 240644K->5879K(715264K), 0.0008671 secs] [Times: user=0.00 sys=0.00, real=0.00 secs] 
2024-10-06T01:23:36.794+0300: 112.546: Total time for which application threads were stopped: 0.0355808 seconds, Stopping threads took: 0.0345375 seconds
2024-10-06T01:23:38.155+0300: 113.909: Application time: 1.3625364 seconds
2024-10-06T01:23:38.190+0300: 113.942: [GC (Allocation Failure) [PSYoungGen: 236080K->515K(237056K)] 241249K->5708K(715264K), 0.0006110 secs] [Times: user=0.00 sys=0.00, real=0.00 secs] 
2024-10-06T01:23:38.190+0300: 113.942: Total time for which application threads were stopped: 0.0334561 seconds, Stopping threads took: 0.0327402 seconds
2024-10-06T01:23:39.555+0300: 115.308: Application time: 1.3653996 seconds
2024-10-06T01:23:39.587+0300: 115.338: [GC (Allocation Failure) [PSYoungGen: 235961K->1069K(237056K)] 241155K->6278K(715264K), 0.0012683 secs] [Times: user=0.00 sys=0.00, real=0.00 secs] 
2024-10-06T01:23:39.587+0300: 115.340: Total time for which application threads were stopped: 0.0318858 seconds, Stopping threads took: 0.0304014 seconds
2024-10-06T01:23:40.961+0300: 116.715: Application time: 1.3755140 seconds
2024-10-06T01:23:40.998+0300: 116.749: [GC (Allocation Failure) [PSYoungGen: 236548K->662K(237056K)] 241757K->5879K(715264K), 0.0011238 secs] [Times: user=0.00 sys=0.00, real=0.00 secs] 
2024-10-06T01:23:40.998+0300: 116.751: Total time for which application threads were stopped: 0.0353796 seconds, Stopping threads took: 0.0340446 seconds
2024-10-06T01:23:42.347+0300: 118.113: Application time: 1.3620353 seconds
2024-10-06T01:23:42.394+0300: 118.146: [GC (Allocation Failure) [PSYoungGen: 236163K->1280K(236032K)] 241380K->6521K(714240K), 0.0008856 secs] [Times: user=0.00 sys=0.00, real=0.00 secs] 
2024-10-06T01:23:42.394+0300: 118.147: Total time for which application threads were stopped: 0.0344617 seconds, Stopping threads took: 0.0334166 seconds
2024-10-06T01:23:43.743+0300: 119.503: Application time: 1.3560379 seconds
2024-10-06T01:23:43.791+0300: 119.543: [GC (Allocation Failure) [PSYoungGen: 235776K->662K(236544K)] 241017K->5911K(714752K), 0.0008081 secs] [Times: user=0.00 sys=0.00, real=0.00 secs] 
2024-10-06T01:23:43.791+0300: 119.543: Total time for which application threads were stopped: 0.0402985 seconds, Stopping threads took: 0.0393046 seconds
2024-10-06T01:23:45.156+0300: 120.909: Application time: 1.3651452 seconds
2024-10-06T01:23:45.187+0300: 120.939: [GC (Allocation Failure) [PSYoungGen: 235082K->288K(237056K)] 240331K->5545K(715264K), 0.0010154 secs] [Times: user=0.00 sys=0.00, real=0.00 secs] 
2024-10-06T01:23:45.187+0300: 120.940: Total time for which application threads were stopped: 0.0316941 seconds, Stopping threads took: 0.0304788 seconds
2024-10-06T01:23:46.536+0300: 122.300: Application time: 1.3598087 seconds
2024-10-06T01:23:46.583+0300: 122.335: [GC (Allocation Failure) [PSYoungGen: 235515K->662K(237056K)] 240772K->5943K(715264K), 0.0011798 secs] [Times: user=0.00 sys=0.00, real=0.00 secs] 
2024-10-06T01:23:46.583+0300: 122.336: Total time for which application threads were stopped: 0.0359837 seconds, Stopping threads took: 0.0346187 seconds
2024-10-06T01:23:47.947+0300: 123.702: Application time: 1.3655675 seconds
2024-10-06T01:23:47.995+0300: 123.746: [GC (Allocation Failure) [PSYoungGen: 236017K->1069K(237056K)] 241298K->6374K(715264K), 0.0010864 secs] [Times: user=0.00 sys=0.00, real=0.00 secs] 
2024-10-06T01:23:47.996+0300: 123.748: Total time for which application threads were stopped: 0.0459429 seconds, Stopping threads took: 0.0446161 seconds
2024-10-06T01:23:49.360+0300: 125.112: Application time: 1.3647843 seconds
2024-10-06T01:23:49.392+0300: 125.144: [GC (Allocation Failure) [PSYoungGen: 236512K->483K(237056K)] 241817K->5804K(715264K), 0.0010051 secs] [Times: user=0.00 sys=0.00, real=0.00 secs] 
2024-10-06T01:23:49.392+0300: 125.145: Total time for which application threads were stopped: 0.0324107 seconds, Stopping threads took: 0.0312041 seconds
2024-10-06T01:23:50.742+0300: 126.504: Application time: 1.3594312 seconds
2024-10-06T01:23:50.789+0300: 126.541: [GC (Allocation Failure) [PSYoungGen: 235665K->678K(237056K)] 240987K->6007K(715264K), 0.0007702 secs] [Times: user=0.00 sys=0.00, real=0.00 secs] 
2024-10-06T01:23:50.789+0300: 126.542: Total time for which application threads were stopped: 0.0374685 seconds, Stopping threads took: 0.0365167 seconds
2024-10-06T01:23:52.154+0300: 127.913: Application time: 1.3707992 seconds
2024-10-06T01:23:52.201+0300: 127.953: [GC (Allocation Failure) [PSYoungGen: 236198K->240K(237056K)] 241527K->5577K(715264K), 0.0011160 secs] [Times: user=0.00 sys=0.00, real=0.00 secs] 
2024-10-06T01:23:52.201+0300: 127.954: Total time for which application threads were stopped: 0.0417022 seconds, Stopping threads took: 0.0403892 seconds
2024-10-06T01:23:53.550+0300: 129.312: Application time: 1.3579008 seconds
2024-10-06T01:23:53.597+0300: 129.349: [GC (Allocation Failure) [PSYoungGen: 235527K->646K(237056K)] 240864K->6023K(715264K), 0.0009439 secs] [Times: user=0.00 sys=0.00, real=0.00 secs] 
2024-10-06T01:23:53.597+0300: 129.350: Total time for which application threads were stopped: 0.0378010 seconds, Stopping threads took: 0.0366632 seconds
2024-10-06T01:23:54.947+0300: 130.710: Application time: 1.3605600 seconds
2024-10-06T01:23:54.994+0300: 130.746: [GC (Allocation Failure) [PSYoungGen: 236088K->1069K(237056K)] 241465K->6454K(715264K), 0.0010334 secs] [Times: user=0.00 sys=0.00, real=0.00 secs] 
2024-10-06T01:23:54.994+0300: 130.747: Total time for which application threads were stopped: 0.0366977 seconds, Stopping threads took: 0.0354432 seconds
2024-10-06T01:23:56.359+0300: 132.114: Application time: 1.3672663 seconds
2024-10-06T01:23:56.406+0300: 132.158: [GC (Allocation Failure) [PSYoungGen: 236585K->694K(237056K)] 241970K->6087K(715264K), 0.0010207 secs] [Times: user=0.00 sys=0.00, real=0.00 secs] 
2024-10-06T01:23:56.406+0300: 132.159: Total time for which application threads were stopped: 0.0443316 seconds, Stopping threads took: 0.0430405 seconds
2024-10-06T01:23:57.410+0300: 133.162: Application time: 1.0026992 seconds
2024-10-06T01:23:57.441+0300: 133.193: Total time for which application threads were stopped: 0.0314293 seconds, Stopping threads took: 0.0313535 seconds
2024-10-06T01:23:57.771+0300: 133.533: Application time: 0.3403940 seconds
2024-10-06T01:23:57.818+0300: 133.570: [GC (Allocation Failure) [PSYoungGen: 236143K->1248K(237056K)] 241536K->6649K(715264K), 0.0009267 secs] [Times: user=0.00 sys=0.00, real=0.00 secs] 
2024-10-06T01:23:57.818+0300: 133.571: Total time for which application threads were stopped: 0.0375144 seconds, Stopping threads took: 0.0363505 seconds
2024-10-06T01:23:59.183+0300: 134.939: Application time: 1.3680337 seconds
2024-10-06T01:23:59.231+0300: 134.982: [GC (Allocation Failure) [PSYoungGen: 236565K->710K(237056K)] 241966K->6135K(715264K), 0.0012361 secs] [Times: user=0.00 sys=0.00, real=0.00 secs] 
2024-10-06T01:23:59.231+0300: 134.984: Total time for which application threads were stopped: 0.0448974 seconds, Stopping threads took: 0.0434494 seconds
2024-10-06T01:24:00.595+0300: 136.349: Application time: 1.3647275 seconds
2024-10-06T01:24:00.626+0300: 136.378: [GC (Allocation Failure) [PSYoungGen: 236095K->1069K(237056K)] 241520K->6502K(715264K), 0.0012210 secs] [Times: user=0.00 sys=0.00, real=0.00 secs] 
2024-10-06T01:24:00.626+0300: 136.380: Total time for which application threads were stopped: 0.0311201 seconds, Stopping threads took: 0.0297087 seconds
2024-10-06T01:24:01.991+0300: 137.755: Application time: 1.3751177 seconds
2024-10-06T01:24:02.038+0300: 137.790: [GC (Allocation Failure) [PSYoungGen: 236420K->694K(237056K)] 241854K->6135K(715264K), 0.0007863 secs] [Times: user=0.00 sys=0.00, real=0.00 secs] 
2024-10-06T01:24:02.038+0300: 137.791: Total time for which application threads were stopped: 0.0363146 seconds, Stopping threads took: 0.0353525 seconds
2024-10-06T01:24:03.403+0300: 139.155: Application time: 1.3640333 seconds
2024-10-06T01:24:03.450+0300: 139.202: [GC (Allocation Failure) [PSYoungGen: 236123K->288K(237056K)] 241565K->5753K(715264K), 0.0011278 secs] [Times: user=0.00 sys=0.00, real=0.00 secs] 
2024-10-06T01:24:03.450+0300: 139.203: Total time for which application threads were stopped: 0.0483222 seconds, Stopping threads took: 0.0469974 seconds
2024-10-06T01:24:04.815+0300: 140.570: Application time: 1.3665838 seconds
2024-10-06T01:24:04.862+0300: 140.614: [GC (Allocation Failure) [PSYoungGen: 235808K->662K(237056K)] 241273K->6135K(715264K), 0.0011531 secs] [Times: user=0.00 sys=0.00, real=0.00 secs] 
2024-10-06T01:24:04.862+0300: 140.615: Total time for which application threads were stopped: 0.0450207 seconds, Stopping threads took: 0.0436656 seconds
2024-10-06T01:24:06.212+0300: 141.979: Application time: 1.3640682 seconds
2024-10-06T01:24:06.259+0300: 142.011: [GC (Allocation Failure) [PSYoungGen: 236088K->1280K(237056K)] 241561K->6777K(715264K), 0.0011618 secs] [Times: user=0.00 sys=0.00, real=0.00 secs] 
2024-10-06T01:24:06.259+0300: 142.012: Total time for which application threads were stopped: 0.0331571 seconds, Stopping threads took: 0.0318162 seconds
2024-10-06T01:24:07.624+0300: 143.380: Application time: 1.3676475 seconds
2024-10-06T01:24:07.671+0300: 143.423: [GC (Allocation Failure) [PSYoungGen: 236506K->678K(237056K)] 242003K->6183K(715264K), 0.0011810 secs] [Times: user=0.00 sys=0.00, real=0.00 secs] 
2024-10-06T01:24:07.671+0300: 143.424: Total time for which application threads were stopped: 0.0443980 seconds, Stopping threads took: 0.0429982 seconds
2024-10-06T01:24:09.036+0300: 144.793: Application time: 1.3687971 seconds
2024-10-06T01:24:09.083+0300: 144.835: [GC (Allocation Failure) [PSYoungGen: 236074K->272K(237056K)] 241579K->5785K(715264K), 0.0011324 secs] [Times: user=0.00 sys=0.00, real=0.00 secs] 
2024-10-06T01:24:09.083+0300: 144.836: Total time for which application threads were stopped: 0.0427479 seconds, Stopping threads took: 0.0414197 seconds
2024-10-06T01:24:10.087+0300: 145.838: Application time: 1.0025025 seconds
2024-10-06T01:24:10.134+0300: 145.886: Total time for which application threads were stopped: 0.0475484 seconds, Stopping threads took: 0.0474413 seconds
2024-10-06T01:24:10.464+0300: 146.216: Application time: 0.3304804 seconds
2024-10-06T01:24:10.479+0300: 146.231: [GC (Allocation Failure) [PSYoungGen: 235759K->1264K(236032K)] 241273K->6809K(714240K), 0.0012825 secs] [Times: user=0.00 sys=0.00, real=0.00 secs] 
2024-10-06T01:24:10.479+0300: 146.233: Total time for which application threads were stopped: 0.0162555 seconds, Stopping threads took: 0.0147632 seconds
2024-10-06T01:24:11.845+0300: 147.599: Application time: 1.3661487 seconds
2024-10-06T01:24:11.892+0300: 147.644: [GC (Allocation Failure) [PSYoungGen: 235463K->662K(236544K)] 241008K->6215K(714752K), 0.0010561 secs] [Times: user=0.00 sys=0.00, real=0.00 secs] 
2024-10-06T01:24:11.892+0300: 147.645: Total time for which application threads were stopped: 0.0461701 seconds, Stopping threads took: 0.0449156 seconds
2024-10-06T01:24:13.257+0300: 149.013: Application time: 1.3675235 seconds
2024-10-06T01:24:13.304+0300: 149.056: [GC (Allocation Failure) [PSYoungGen: 235120K->272K(236544K)] 240673K->5833K(714752K), 0.0005998 secs] [Times: user=0.00 sys=0.00, real=0.00 secs] 
2024-10-06T01:24:13.304+0300: 149.056: Total time for which application threads were stopped: 0.0439287 seconds, Stopping threads took: 0.0432218 seconds
2024-10-06T01:24:14.654+0300: 150.418: Application time: 1.3618221 seconds
2024-10-06T01:24:14.701+0300: 150.453: [GC (Allocation Failure) [PSYoungGen: 234425K->678K(236544K)] 239986K->6247K(714752K), 0.0004762 secs] [Times: user=0.00 sys=0.00, real=0.00 secs] 
2024-10-06T01:24:14.701+0300: 150.453: Total time for which application threads were stopped: 0.0347931 seconds, Stopping threads took: 0.0342176 seconds
2024-10-06T01:24:16.066+0300: 151.825: Application time: 1.3716413 seconds
2024-10-06T01:24:16.097+0300: 151.849: [GC (Allocation Failure) [PSYoungGen: 235027K->1085K(237056K)] 240596K->6662K(715264K), 0.0006134 secs] [Times: user=0.00 sys=0.00, real=0.00 secs] 
2024-10-06T01:24:16.097+0300: 151.850: Total time for which application threads were stopped: 0.0248266 seconds, Stopping threads took: 0.0240989 seconds
2024-10-06T01:24:17.463+0300: 153.215: Application time: 1.3656370 seconds
2024-10-06T01:24:17.510+0300: 153.261: [GC (Allocation Failure) [PSYoungGen: 236583K->662K(237056K)] 242160K->6271K(715264K), 0.0010970 secs] [Times: user=0.00 sys=0.00, real=0.00 secs] 
2024-10-06T01:24:17.510+0300: 153.263: Total time for which application threads were stopped: 0.0474122 seconds, Stopping threads took: 0.0460558 seconds
2024-10-06T01:24:18.859+0300: 154.624: Application time: 1.3615905 seconds
2024-10-06T01:24:18.906+0300: 154.658: [GC (Allocation Failure) [PSYoungGen: 235870K->646K(237056K)] 241480K->6279K(715264K), 0.0011441 secs] [Times: user=0.00 sys=0.00, real=0.00 secs] 
2024-10-06T01:24:18.906+0300: 154.659: Total time for which application threads were stopped: 0.0348967 seconds, Stopping threads took: 0.0335417 seconds
2024-10-06T01:24:20.272+0300: 156.025: Application time: 1.3661175 seconds
2024-10-06T01:24:20.319+0300: 156.071: [GC (Allocation Failure) [PSYoungGen: 236047K->336K(237056K)] 241680K->5977K(715264K), 0.0009677 secs] [Times: user=0.00 sys=0.00, real=0.00 secs] 
2024-10-06T01:24:20.319+0300: 156.072: Total time for which application threads were stopped: 0.0467197 seconds, Stopping threads took: 0.0455562 seconds
2024-10-06T01:24:21.668+0300: 157.432: Application time: 1.3600491 seconds
2024-10-06T01:24:21.715+0300: 157.467: [GC (Allocation Failure) [PSYoungGen: 235591K->630K(237056K)] 241233K->6287K(715264K), 0.0011281 secs] [Times: user=0.00 sys=0.00, real=0.00 secs] 
2024-10-06T01:24:21.715+0300: 157.468: Total time for which application threads were stopped: 0.0363653 seconds, Stopping threads took: 0.0350498 seconds
2024-10-06T01:24:23.081+0300: 158.835: Application time: 1.3664274 seconds
2024-10-06T01:24:23.128+0300: 158.880: [GC (Allocation Failure) [PSYoungGen: 236093K->272K(237056K)] 241750K->5945K(715264K), 0.0011101 secs] [Times: user=0.00 sys=0.00, real=0.00 secs] 
2024-10-06T01:24:23.128+0300: 158.881: Total time for which application threads were stopped: 0.0463127 seconds, Stopping threads took: 0.0449953 seconds
2024-10-06T01:24:24.478+0300: 160.241: Application time: 1.3596784 seconds
2024-10-06T01:24:24.525+0300: 160.277: [GC (Allocation Failure) [PSYoungGen: 235700K->1069K(237056K)] 241373K->6758K(715264K), 0.0012349 secs] [Times: user=0.00 sys=0.00, real=0.00 secs] 
2024-10-06T01:24:24.525+0300: 160.278: Total time for which application threads were stopped: 0.0372991 seconds, Stopping threads took: 0.0358718 seconds
2024-10-06T01:24:25.890+0300: 161.645: Application time: 1.3666910 seconds
2024-10-06T01:24:25.921+0300: 161.673: [GC (Allocation Failure) [PSYoungGen: 236438K->499K(237056K)] 242127K->6204K(715264K), 0.0009536 secs] [Times: user=0.00 sys=0.00, real=0.00 secs] 
2024-10-06T01:24:25.921+0300: 161.674: Total time for which application threads were stopped: 0.0293850 seconds, Stopping threads took: 0.0282499 seconds
2024-10-06T01:24:27.287+0300: 163.040: Application time: 1.3659572 seconds
2024-10-06T01:24:27.318+0300: 163.070: [GC (Allocation Failure) [PSYoungGen: 235970K->1069K(237056K)] 241675K->6782K(715264K), 0.0008110 secs] [Times: user=0.00 sys=0.00, real=0.00 secs] 
2024-10-06T01:24:27.318+0300: 163.071: Total time for which application threads were stopped: 0.0306590 seconds, Stopping threads took: 0.0296609 seconds
2024-10-06T01:24:28.667+0300: 164.432: Application time: 1.3614401 seconds
2024-10-06T01:24:28.730+0300: 164.482: [GC (Allocation Failure) [PSYoungGen: 236553K->710K(237056K)] 242266K->6431K(715264K), 0.0010330 secs] [Times: user=0.00 sys=0.00, real=0.00 secs] 
2024-10-06T01:24:28.730+0300: 164.483: Total time for which application threads were stopped: 0.0504408 seconds, Stopping threads took: 0.0492018 seconds
2024-10-06T01:24:30.079+0300: 165.843: Application time: 1.3602376 seconds
2024-10-06T01:24:30.126+0300: 165.878: [GC (Allocation Failure) [PSYoungGen: 236180K->1248K(237056K)] 241901K->7001K(715264K), 0.0011274 secs] [Times: user=0.00 sys=0.00, real=0.00 secs] 
2024-10-06T01:24:30.126+0300: 165.879: Total time for which application threads were stopped: 0.0363678 seconds, Stopping threads took: 0.0350510 seconds
2024-10-06T01:24:31.492+0300: 167.246: Application time: 1.3671835 seconds
2024-10-06T01:24:31.538+0300: 167.290: [GC (Allocation Failure) [PSYoungGen: 236658K->646K(237056K)] 242412K->6423K(715264K), 0.0011800 secs] [Times: user=0.00 sys=0.00, real=0.00 secs] 
2024-10-06T01:24:31.538+0300: 167.292: Total time for which application threads were stopped: 0.0451033 seconds, Stopping threads took: 0.0436995 seconds
2024-10-06T01:24:32.887+0300: 168.654: Application time: 1.3628919 seconds
2024-10-06T01:24:32.934+0300: 168.686: [GC (Allocation Failure) [PSYoungGen: 236123K->1232K(236032K)] 241900K->7017K(714240K), 0.0009080 secs] [Times: user=0.00 sys=0.00, real=0.00 secs] 
2024-10-06T01:24:32.934+0300: 168.687: Total time for which application threads were stopped: 0.0325326 seconds, Stopping threads took: 0.0314331 seconds
2024-10-06T01:24:34.284+0300: 170.047: Application time: 1.3598309 seconds
2024-10-06T01:24:34.331+0300: 170.083: [GC (Allocation Failure) [PSYoungGen: 235516K->678K(236544K)] 241301K->6479K(714752K), 0.0012306 secs] [Times: user=0.00 sys=0.00, real=0.00 secs] 
2024-10-06T01:24:34.331+0300: 170.084: Total time for which application threads were stopped: 0.0371187 seconds, Stopping threads took: 0.0356857 seconds
2024-10-06T01:24:35.681+0300: 171.444: Application time: 1.3597920 seconds
2024-10-06T01:24:35.728+0300: 171.480: [GC (Allocation Failure) [PSYoungGen: 235023K->272K(237056K)] 240824K->6081K(715264K), 0.0011611 secs] [Times: user=0.00 sys=0.00, real=0.00 secs] 
2024-10-06T01:24:35.728+0300: 171.481: Total time for which application threads were stopped: 0.0371677 seconds, Stopping threads took: 0.0357472 seconds
2024-10-06T01:24:37.077+0300: 172.840: Application time: 1.3590662 seconds
2024-10-06T01:24:37.124+0300: 172.876: [GC (Allocation Failure) [PSYoungGen: 235524K->1492K(237056K)] 241333K->7309K(715264K), 0.0011446 secs] [Times: user=0.00 sys=0.00, real=0.00 secs] 
2024-10-06T01:24:37.124+0300: 172.877: Total time for which application threads were stopped: 0.0369075 seconds, Stopping threads took: 0.0355031 seconds
2024-10-06T01:24:38.475+0300: 174.240: Application time: 1.3628289 seconds
2024-10-06T01:24:38.520+0300: 174.272: [GC (Allocation Failure) [PSYoungGen: 236648K->678K(236032K)] 242465K->6527K(714240K), 0.0011193 secs] [Times: user=0.00 sys=0.00, real=0.00 secs] 
2024-10-06T01:24:38.520+0300: 174.273: Total time for which application threads were stopped: 0.0329987 seconds, Stopping threads took: 0.0316842 seconds
2024-10-06T01:24:39.879+0300: 175.633: Application time: 1.3605793 seconds
2024-10-06T01:24:39.916+0300: 175.668: [GC (Allocation Failure) [PSYoungGen: 235089K->1280K(236544K)] 240938K->7145K(714752K), 0.0010437 secs] [Times: user=0.00 sys=0.00, real=0.00 secs] 
2024-10-06T01:24:39.916+0300: 175.669: Total time for which application threads were stopped: 0.0355982 seconds, Stopping threads took: 0.0343454 seconds
2024-10-06T01:24:41.280+0300: 177.033: Application time: 1.3636307 seconds
2024-10-06T01:24:41.312+0300: 177.063: [GC (Allocation Failure) [PSYoungGen: 235691K->1069K(236544K)] 241556K->6950K(714752K), 0.0010467 secs] [Times: user=0.00 sys=0.00, real=0.00 secs] 
2024-10-06T01:24:41.312+0300: 177.065: Total time for which application threads were stopped: 0.0319838 seconds, Stopping threads took: 0.0307578 seconds
2024-10-06T01:24:42.661+0300: 178.424: Application time: 1.3598621 seconds
2024-10-06T01:24:42.708+0300: 178.460: [GC (Allocation Failure) [PSYoungGen: 235490K->694K(236544K)] 241371K->6607K(714752K), 0.0011403 secs] [Times: user=0.00 sys=0.00, real=0.00 secs] 
2024-10-06T01:24:42.708+0300: 178.461: Total time for which application threads were stopped: 0.0366909 seconds, Stopping threads took: 0.0353475 seconds
2024-10-06T01:24:44.057+0300: 179.819: Application time: 1.3582972 seconds
2024-10-06T01:24:44.105+0300: 179.856: [GC (Allocation Failure) [PSYoungGen: 234874K->694K(236544K)] 240787K->6615K(714752K), 0.0011215 secs] [Times: user=0.00 sys=0.00, real=0.00 secs] 
2024-10-06T01:24:44.105+0300: 179.858: Total time for which application threads were stopped: 0.0382169 seconds, Stopping threads took: 0.0368739 seconds
2024-10-06T01:24:45.454+0300: 181.218: Application time: 1.3599726 seconds
2024-10-06T01:24:45.501+0300: 181.253: [GC (Allocation Failure) [PSYoungGen: 235140K->272K(236544K)] 241061K->6209K(714752K), 0.0011725 secs] [Times: user=0.00 sys=0.00, real=0.00 secs] 
2024-10-06T01:24:45.501+0300: 181.255: Total time for which application threads were stopped: 0.0368749 seconds, Stopping threads took: 0.0355043 seconds
2024-10-06T01:24:46.851+0300: 182.614: Application time: 1.3590994 seconds
2024-10-06T01:24:46.899+0300: 182.651: [GC (Allocation Failure) [PSYoungGen: 234385K->678K(236544K)] 240323K->6631K(714752K), 0.0010234 secs] [Times: user=0.00 sys=0.00, real=0.00 secs] 
2024-10-06T01:24:46.899+0300: 182.652: Total time for which application threads were stopped: 0.0380059 seconds, Stopping threads took: 0.0367582 seconds
2024-10-06T01:24:48.248+0300: 184.011: Application time: 1.3595921 seconds
2024-10-06T01:24:48.295+0300: 184.047: [GC (Allocation Failure) [PSYoungGen: 235145K->272K(236544K)] 241098K->6233K(714752K), 0.0011549 secs] [Times: user=0.00 sys=0.00, real=0.00 secs] 
2024-10-06T01:24:48.296+0300: 184.048: Total time for which application threads were stopped: 0.0369246 seconds, Stopping threads took: 0.0355686 seconds
2024-10-06T01:24:49.645+0300: 185.405: Application time: 1.3566076 seconds
2024-10-06T01:24:49.676+0300: 185.428: [GC (Allocation Failure) [PSYoungGen: 234768K->678K(237056K)] 240729K->6647K(715264K), 0.0008602 secs] [Times: user=0.00 sys=0.00, real=0.00 secs] 
2024-10-06T01:24:49.676+0300: 185.429: Total time for which application threads were stopped: 0.0242939 seconds, Stopping threads took: 0.0232140 seconds
2024-10-06T01:24:51.088+0300: 186.840: Application time: 1.4114001 seconds
2024-10-06T01:24:51.120+0300: 186.872: [GC (Allocation Failure) [PSYoungGen: 235506K->694K(236544K)] 241475K->6687K(714752K), 0.0006583 secs] [Times: user=0.00 sys=0.00, real=0.00 secs] 
2024-10-06T01:24:51.120+0300: 186.872: Total time for which application threads were stopped: 0.0319832 seconds, Stopping threads took: 0.0311870 seconds
2024-10-06T01:24:52.470+0300: 188.235: Application time: 1.3630221 seconds
2024-10-06T01:24:52.532+0300: 188.284: [GC (Allocation Failure) [PSYoungGen: 235554K->694K(237056K)] 241547K->6695K(715264K), 0.0011582 secs] [Times: user=0.00 sys=0.00, real=0.00 secs] 
2024-10-06T01:24:52.532+0300: 188.285: Total time for which application threads were stopped: 0.0497980 seconds, Stopping threads took: 0.0484364 seconds
2024-10-06T01:24:53.897+0300: 189.654: Application time: 1.3685855 seconds
2024-10-06T01:24:53.944+0300: 189.696: [GC (Allocation Failure) [PSYoungGen: 236136K->1085K(237056K)] 242137K->7094K(715264K), 0.0009918 secs] [Times: user=0.00 sys=0.00, real=0.00 secs] 
2024-10-06T01:24:53.944+0300: 189.697: Total time for which application threads were stopped: 0.0435724 seconds, Stopping threads took: 0.0423454 seconds
2024-10-06T01:24:55.294+0300: 191.058: Application time: 1.3602444 seconds
2024-10-06T01:24:55.356+0300: 191.108: [GC (Allocation Failure) [PSYoungGen: 236513K->499K(237056K)] 242522K->6516K(715264K), 0.0010730 secs] [Times: user=0.00 sys=0.00, real=0.00 secs] 
2024-10-06T01:24:55.356+0300: 191.109: Total time for which application threads were stopped: 0.0512763 seconds, Stopping threads took: 0.0499905 seconds
2024-10-06T01:24:56.712+0300: 192.467: Application time: 1.3583898 seconds
2024-10-06T01:24:56.753+0300: 192.504: [GC (Allocation Failure) [PSYoungGen: 235987K->1232K(237056K)] 242004K->7265K(715264K), 0.0012133 secs] [Times: user=0.00 sys=0.00, real=0.00 secs] 
2024-10-06T01:24:56.753+0300: 192.506: Total time for which application threads were stopped: 0.0382952 seconds, Stopping threads took: 0.0368855 seconds
2024-10-06T01:24:58.118+0300: 193.875: Application time: 1.3692080 seconds
2024-10-06T01:24:58.165+0300: 193.916: [GC (Allocation Failure) [PSYoungGen: 236718K->1101K(236032K)] 242751K->7150K(714240K), 0.0011682 secs] [Times: user=0.00 sys=0.00, real=0.00 secs] 
2024-10-06T01:24:58.165+0300: 193.918: Total time for which application threads were stopped: 0.0428243 seconds, Stopping threads took: 0.0414329 seconds
2024-10-06T01:24:59.517+0300: 195.281: Application time: 1.3632264 seconds
2024-10-06T01:24:59.576+0300: 195.328: [GC (Allocation Failure) [PSYoungGen: 235495K->467K(236544K)] 241544K->6524K(714752K), 0.0010989 secs] [Times: user=0.00 sys=0.00, real=0.00 secs] 
2024-10-06T01:24:59.576+0300: 195.329: Total time for which application threads were stopped: 0.0484858 seconds, Stopping threads took: 0.0471899 seconds
2024-10-06T01:25:00.925+0300: 196.691: Application time: 1.3620171 seconds
2024-10-06T01:25:00.988+0300: 196.740: [GC (Allocation Failure) [PSYoungGen: 234848K->1101K(236544K)] 240905K->7174K(714752K), 0.0011362 secs] [Times: user=0.00 sys=0.00, real=0.00 secs] 
2024-10-06T01:25:00.988+0300: 196.741: Total time for which application threads were stopped: 0.0496227 seconds, Stopping threads took: 0.0482740 seconds
2024-10-06T01:25:02.353+0300: 198.105: Application time: 1.3642327 seconds
2024-10-06T01:25:02.400+0300: 198.152: [GC (Allocation Failure) [PSYoungGen: 235328K->678K(236544K)] 241401K->6767K(714752K), 0.0009819 secs] [Times: user=0.00 sys=0.00, real=0.00 secs] 
2024-10-06T01:25:02.400+0300: 198.153: Total time for which application threads were stopped: 0.0473639 seconds, Stopping threads took: 0.0461989 seconds
2024-10-06T01:25:03.750+0300: 199.508: Application time: 1.3548734 seconds
2024-10-06T01:25:03.796+0300: 199.548: [GC (Allocation Failure) [PSYoungGen: 235094K->451K(237056K)] 241183K->6556K(715264K), 0.0010470 secs] [Times: user=0.00 sys=0.00, real=0.00 secs] 
2024-10-06T01:25:03.796+0300: 199.550: Total time for which application threads were stopped: 0.0419963 seconds, Stopping threads took: 0.0406278 seconds
2024-10-06T01:25:05.147+0300: 200.910: Application time: 1.3608617 seconds
2024-10-06T01:25:05.194+0300: 200.945: [GC (Allocation Failure) [PSYoungGen: 235454K->483K(236544K)] 241559K->6596K(714752K), 0.0010915 secs] [Times: user=0.00 sys=0.00, real=0.00 secs] 
2024-10-06T01:25:05.194+0300: 200.947: Total time for which application threads were stopped: 0.0361600 seconds, Stopping threads took: 0.0348352 seconds
2024-10-06T01:25:06.544+0300: 202.307: Application time: 1.3600332 seconds
2024-10-06T01:25:06.590+0300: 202.343: [GC (Allocation Failure) [PSYoungGen: 235327K->483K(237056K)] 241440K->6604K(715264K), 0.0010247 secs] [Times: user=0.00 sys=0.00, real=0.00 secs] 
2024-10-06T01:25:06.590+0300: 202.344: Total time for which application threads were stopped: 0.0372332 seconds, Stopping threads took: 0.0360004 seconds
2024-10-06T01:25:07.956+0300: 203.710: Application time: 1.3664156 seconds
2024-10-06T01:25:08.003+0300: 203.754: [GC (Allocation Failure) [PSYoungGen: 235831K->1069K(237056K)] 241953K->7206K(715264K), 0.0011403 secs] [Times: user=0.00 sys=0.00, real=0.00 secs] 
2024-10-06T01:25:08.003+0300: 203.756: Total time for which application threads were stopped: 0.0453917 seconds, Stopping threads took: 0.0440382 seconds
2024-10-06T01:25:09.352+0300: 205.115: Application time: 1.3595485 seconds
2024-10-06T01:25:09.399+0300: 205.151: [GC (Allocation Failure) [PSYoungGen: 236552K->710K(237056K)] 242689K->6863K(715264K), 0.0008442 secs] [Times: user=0.00 sys=0.00, real=0.00 secs] 
2024-10-06T01:25:09.399+0300: 205.152: Total time for which application threads were stopped: 0.0363085 seconds, Stopping threads took: 0.0352797 seconds
2024-10-06T01:25:10.748+0300: 206.515: Application time: 1.3638319 seconds
2024-10-06T01:25:10.795+0300: 206.547: [GC (Allocation Failure) [PSYoungGen: 235909K->630K(237056K)] 242062K->6815K(715264K), 0.0009516 secs] [Times: user=0.00 sys=0.00, real=0.00 secs] 
2024-10-06T01:25:10.795+0300: 206.548: Total time for which application threads were stopped: 0.0329096 seconds, Stopping threads took: 0.0317490 seconds
2024-10-06T01:25:12.145+0300: 207.911: Application time: 1.3628460 seconds
2024-10-06T01:25:12.208+0300: 207.960: [GC (Allocation Failure) [PSYoungGen: 235992K->1053K(237056K)] 242177K->7270K(715264K), 0.0010403 secs] [Times: user=0.00 sys=0.00, real=0.00 secs] 
2024-10-06T01:25:12.208+0300: 207.961: Total time for which application threads were stopped: 0.0495449 seconds, Stopping threads took: 0.0483004 seconds
2024-10-06T01:25:13.557+0300: 209.320: Application time: 1.3593088 seconds
2024-10-06T01:25:13.604+0300: 209.356: [GC (Allocation Failure) [PSYoungGen: 236460K->1085K(237056K)] 242677K->7334K(715264K), 0.0011533 secs] [Times: user=0.00 sys=0.00, real=0.00 secs] 
2024-10-06T01:25:13.604+0300: 209.357: Total time for which application threads were stopped: 0.0374839 seconds, Stopping threads took: 0.0361196 seconds
2024-10-06T01:25:14.970+0300: 210.733: Application time: 1.3757368 seconds
2024-10-06T01:25:15.017+0300: 210.769: [GC (Allocation Failure) [PSYoungGen: 236426K->499K(237056K)] 242675K->6788K(715264K), 0.0005101 secs] [Times: user=0.00 sys=0.00, real=0.00 secs] 
2024-10-06T01:25:15.017+0300: 210.769: Total time for which application threads were stopped: 0.0362405 seconds, Stopping threads took: 0.0356160 seconds
2024-10-06T01:25:16.367+0300: 212.134: Application time: 1.3644811 seconds
2024-10-06T01:25:16.414+0300: 212.166: [GC (Allocation Failure) [PSYoungGen: 235784K->710K(237056K)] 242073K->7007K(715264K), 0.0005638 secs] [Times: user=0.00 sys=0.00, real=0.00 secs] 
2024-10-06T01:25:16.414+0300: 212.166: Total time for which application threads were stopped: 0.0325472 seconds, Stopping threads took: 0.0318779 seconds
2024-10-06T01:25:17.764+0300: 213.529: Application time: 1.3621596 seconds
2024-10-06T01:25:17.811+0300: 213.563: [GC (Allocation Failure) [PSYoungGen: 236153K->1296K(236032K)] 242450K->7601K(714240K), 0.0006732 secs] [Times: user=0.00 sys=0.00, real=0.00 secs] 
2024-10-06T01:25:17.811+0300: 213.563: Total time for which application threads were stopped: 0.0348261 seconds, Stopping threads took: 0.0339976 seconds
2024-10-06T01:25:19.176+0300: 214.929: Application time: 1.3656922 seconds
2024-10-06T01:25:19.222+0300: 214.974: [GC (Allocation Failure) [PSYoungGen: 235468K->662K(236544K)] 241773K->6975K(714752K), 0.0005857 secs] [Times: user=0.00 sys=0.00, real=0.00 secs] 
2024-10-06T01:25:19.222+0300: 214.975: Total time for which application threads were stopped: 0.0457025 seconds, Stopping threads took: 0.0449893 seconds
2024-10-06T01:25:20.587+0300: 216.341: Application time: 1.3658026 seconds
2024-10-06T01:25:20.618+0300: 216.370: [GC (Allocation Failure) [PSYoungGen: 235111K->1264K(236032K)] 241424K->7601K(714240K), 0.0010060 secs] [Times: user=0.00 sys=0.00, real=0.00 secs] 
2024-10-06T01:25:20.618+0300: 216.371: Total time for which application threads were stopped: 0.0304107 seconds, Stopping threads took: 0.0292287 seconds
2024-10-06T01:25:21.983+0300: 217.745: Application time: 1.3738787 seconds
2024-10-06T01:25:22.030+0300: 217.782: [GC (Allocation Failure) [PSYoungGen: 235680K->678K(236544K)] 242017K->7023K(714752K), 0.0009289 secs] [Times: user=0.00 sys=0.00, real=0.00 secs] 
2024-10-06T01:25:22.030+0300: 217.783: Total time for which application threads were stopped: 0.0379334 seconds, Stopping threads took: 0.0368080 seconds
2024-10-06T01:25:23.379+0300: 219.142: Application time: 1.3586760 seconds
2024-10-06T01:25:23.426+0300: 219.177: [GC (Allocation Failure) [PSYoungGen: 235062K->288K(236544K)] 241407K->6641K(714752K), 0.0010324 secs] [Times: user=0.00 sys=0.00, real=0.00 secs] 
2024-10-06T01:25:23.426+0300: 219.178: Total time for which application threads were stopped: 0.0369293 seconds, Stopping threads took: 0.0357012 seconds
2024-10-06T01:25:24.775+0300: 220.541: Application time: 1.3622581 seconds
2024-10-06T01:25:24.822+0300: 220.574: [GC (Allocation Failure) [PSYoungGen: 234399K->662K(236544K)] 240752K->7023K(714752K), 0.0010363 secs] [Times: user=0.00 sys=0.00, real=0.00 secs] 
2024-10-06T01:25:24.822+0300: 220.575: Total time for which application threads were stopped: 0.0344627 seconds, Stopping threads took: 0.0332111 seconds
2024-10-06T01:25:26.172+0300: 221.937: Application time: 1.3615961 seconds
2024-10-06T01:25:26.219+0300: 221.970: [GC (Allocation Failure) [PSYoungGen: 235137K->272K(237056K)] 241499K->6641K(715264K), 0.0010568 secs] [Times: user=0.00 sys=0.00, real=0.00 secs] 
2024-10-06T01:25:26.219+0300: 221.972: Total time for which application threads were stopped: 0.0346901 seconds, Stopping threads took: 0.0334513 seconds
2024-10-06T01:25:27.572+0300: 223.334: Application time: 1.3623016 seconds
2024-10-06T01:25:27.615+0300: 223.367: [GC (Allocation Failure) [PSYoungGen: 235510K->694K(237056K)] 241879K->7095K(715264K), 0.0010493 secs] [Times: user=0.00 sys=0.00, real=0.00 secs] 
2024-10-06T01:25:27.615+0300: 223.368: Total time for which application threads were stopped: 0.0343186 seconds, Stopping threads took: 0.0330643 seconds
2024-10-06T01:25:28.974+0300: 224.728: Application time: 1.3603384 seconds
2024-10-06T01:25:29.012+0300: 224.763: [GC (Allocation Failure) [PSYoungGen: 236185K->1280K(236032K)] 242586K->7705K(714240K), 0.0010861 secs] [Times: user=0.00 sys=0.00, real=0.00 secs] 
2024-10-06T01:25:29.012+0300: 224.765: Total time for which application threads were stopped: 0.0361312 seconds, Stopping threads took: 0.0348190 seconds
2024-10-06T01:25:30.361+0300: 226.125: Application time: 1.3602360 seconds
2024-10-06T01:25:30.408+0300: 226.160: [GC (Allocation Failure) [PSYoungGen: 235412K->662K(236544K)] 241837K->7095K(714752K), 0.0009165 secs] [Times: user=0.00 sys=0.00, real=0.00 secs] 
2024-10-06T01:25:30.408+0300: 226.161: Total time for which application threads were stopped: 0.0364167 seconds, Stopping threads took: 0.0353094 seconds
2024-10-06T01:25:31.774+0300: 227.526: Application time: 1.3646936 seconds
2024-10-06T01:25:31.805+0300: 227.557: [GC (Allocation Failure) [PSYoungGen: 235149K->272K(237056K)] 241582K->6713K(715264K), 0.0007897 secs] [Times: user=0.00 sys=0.00, real=0.00 secs] 
2024-10-06T01:25:31.805+0300: 227.558: Total time for which application threads were stopped: 0.0319503 seconds, Stopping threads took: 0.0310072 seconds
2024-10-06T01:25:33.170+0300: 228.922: Application time: 1.3641949 seconds
2024-10-06T01:25:33.218+0300: 228.970: [GC (Allocation Failure) [PSYoungGen: 235738K->630K(237056K)] 242179K->7087K(715264K), 0.0011469 secs] [Times: user=0.00 sys=0.00, real=0.00 secs] 
2024-10-06T01:25:33.218+0300: 228.971: Total time for which application threads were stopped: 0.0487203 seconds, Stopping threads took: 0.0473698 seconds
2024-10-06T01:25:34.567+0300: 230.328: Application time: 1.3569890 seconds
2024-10-06T01:25:34.614+0300: 230.366: [GC (Allocation Failure) [PSYoungGen: 235957K->1101K(237056K)] 242414K->7566K(715264K), 0.0011277 secs] [Times: user=0.00 sys=0.00, real=0.00 secs] 
2024-10-06T01:25:34.614+0300: 230.367: Total time for which application threads were stopped: 0.0395568 seconds, Stopping threads took: 0.0382238 seconds
2024-10-06T01:25:35.979+0300: 231.735: Application time: 1.3671238 seconds
2024-10-06T01:25:36.027+0300: 231.779: [GC (Allocation Failure) [PSYoungGen: 236584K->646K(237056K)] 243049K->7119K(715264K), 0.0011092 secs] [Times: user=0.00 sys=0.00, real=0.00 secs] 
2024-10-06T01:25:36.027+0300: 231.780: Total time for which application threads were stopped: 0.0452758 seconds, Stopping threads took: 0.0439605 seconds
2024-10-06T01:25:37.392+0300: 233.145: Application time: 1.3655809 seconds
2024-10-06T01:25:37.424+0300: 233.175: [GC (Allocation Failure) [PSYoungGen: 236084K->1264K(236032K)] 242557K->7761K(714240K), 0.0010566 secs] [Times: user=0.00 sys=0.00, real=0.00 secs] 
2024-10-06T01:25:37.424+0300: 233.177: Total time for which application threads were stopped: 0.0311339 seconds, Stopping threads took: 0.0298990 seconds
2024-10-06T01:25:38.772+0300: 234.535: Application time: 1.3588453 seconds
2024-10-06T01:25:38.820+0300: 234.571: [GC (Allocation Failure) [PSYoungGen: 235588K->694K(236544K)] 242085K->7207K(714752K), 0.0008404 secs] [Times: user=0.00 sys=0.00, real=0.00 secs] 
2024-10-06T01:25:38.820+0300: 234.572: Total time for which application threads were stopped: 0.0367804 seconds, Stopping threads took: 0.0358221 seconds
2024-10-06T01:25:40.169+0300: 235.936: Application time: 1.3637424 seconds
2024-10-06T01:25:40.216+0300: 235.968: [GC (Allocation Failure) [PSYoungGen: 235134K->224K(236032K)] 241647K->6745K(714240K), 0.0008782 secs] [Times: user=0.00 sys=0.00, real=0.00 secs] 
2024-10-06T01:25:40.216+0300: 235.969: Total time for which application threads were stopped: 0.0331135 seconds, Stopping threads took: 0.0320430 seconds
2024-10-06T01:25:41.565+0300: 237.325: Application time: 1.3561357 seconds
2024-10-06T01:25:41.613+0300: 237.365: [GC (Allocation Failure) [PSYoungGen: 234711K->1101K(236544K)] 241232K->7646K(714752K), 0.0012588 secs] [Times: user=0.00 sys=0.00, real=0.00 secs] 
2024-10-06T01:25:41.613+0300: 237.366: Total time for which application threads were stopped: 0.0407012 seconds, Stopping threads took: 0.0391951 seconds
2024-10-06T01:25:42.977+0300: 238.735: Application time: 1.3692307 seconds
2024-10-06T01:25:43.025+0300: 238.776: [GC (Allocation Failure) [PSYoungGen: 235482K->483K(236544K)] 242027K->7036K(714752K), 0.0011016 secs] [Times: user=0.00 sys=0.00, real=0.00 secs] 
2024-10-06T01:25:43.025+0300: 238.778: Total time for which application threads were stopped: 0.0424844 seconds, Stopping threads took: 0.0411666 seconds
2024-10-06T01:25:44.374+0300: 240.133: Application time: 1.3555004 seconds
2024-10-06T01:25:44.405+0300: 240.157: [GC (Allocation Failure) [PSYoungGen: 234977K->1248K(236544K)] 241530K->7809K(714752K), 0.0012562 secs] [Times: user=0.00 sys=0.00, real=0.00 secs] 
2024-10-06T01:25:44.406+0300: 240.158: Total time for which application threads were stopped: 0.0250961 seconds, Stopping threads took: 0.0236098 seconds
2024-10-06T01:25:45.755+0300: 241.521: Application time: 1.3623144 seconds
2024-10-06T01:25:45.802+0300: 241.553: [GC (Allocation Failure) [PSYoungGen: 235459K->662K(236544K)] 242020K->7231K(714752K), 0.0005148 secs] [Times: user=0.00 sys=0.00, real=0.00 secs] 
2024-10-06T01:25:45.802+0300: 241.554: Total time for which application threads were stopped: 0.0335402 seconds, Stopping threads took: 0.0329024 seconds
2024-10-06T01:25:47.149+0300: 242.916: Application time: 1.3614981 seconds
2024-10-06T01:25:47.196+0300: 242.948: [GC (Allocation Failure) [PSYoungGen: 235140K->1280K(236544K)] 241709K->7857K(714752K), 0.0007770 secs] [Times: user=0.00 sys=0.00, real=0.00 secs] 
2024-10-06T01:25:47.196+0300: 242.949: Total time for which application threads were stopped: 0.0332279 seconds, Stopping threads took: 0.0322664 seconds
2024-10-06T01:25:48.562+0300: 244.315: Application time: 1.3664183 seconds
2024-10-06T01:25:48.609+0300: 244.360: [GC (Allocation Failure) [PSYoungGen: 235703K->726K(236544K)] 242280K->7319K(714752K), 0.0004865 secs] [Times: user=0.00 sys=0.00, real=0.00 secs] 
2024-10-06T01:25:48.609+0300: 244.361: Total time for which application threads were stopped: 0.0456466 seconds, Stopping threads took: 0.0450420 seconds
2024-10-06T01:25:49.974+0300: 245.741: Application time: 1.3800211 seconds
2024-10-06T01:25:50.037+0300: 245.789: [GC (Allocation Failure) [PSYoungGen: 235136K->288K(236544K)] 241729K->6889K(714752K), 0.0011090 secs] [Times: user=0.02 sys=0.00, real=0.00 secs] 
2024-10-06T01:25:50.038+0300: 245.790: Total time for which application threads were stopped: 0.0495285 seconds, Stopping threads took: 0.0481701 seconds
2024-10-06T01:25:51.387+0300: 247.141: Application time: 1.3509295 seconds
2024-10-06T01:25:51.418+0300: 247.170: [GC (Allocation Failure) [PSYoungGen: 234401K->662K(236544K)] 241002K->7271K(714752K), 0.0009658 secs] [Times: user=0.00 sys=0.00, real=0.00 secs] 
2024-10-06T01:25:51.418+0300: 247.171: Total time for which application threads were stopped: 0.0296319 seconds, Stopping threads took: 0.0284547 seconds
2024-10-06T01:25:52.784+0300: 248.537: Application time: 1.3656760 seconds
2024-10-06T01:25:52.800+0300: 248.551: [GC (Allocation Failure) [PSYoungGen: 235150K->710K(236544K)] 241759K->7327K(714752K), 0.0005527 secs] [Times: user=0.00 sys=0.00, real=0.00 secs] 
2024-10-06T01:25:52.800+0300: 248.552: Total time for which application threads were stopped: 0.0154133 seconds, Stopping threads took: 0.0146818 seconds
2024-10-06T01:25:54.149+0300: 249.911: Application time: 1.3585391 seconds
2024-10-06T01:25:54.180+0300: 249.932: [GC (Allocation Failure) [PSYoungGen: 235162K->1085K(236032K)] 241779K->7734K(714240K), 0.0011020 secs] [Times: user=0.00 sys=0.00, real=0.00 secs] 
2024-10-06T01:25:54.180+0300: 249.933: Total time for which application threads were stopped: 0.0227217 seconds, Stopping threads took: 0.0214115 seconds
2024-10-06T01:25:55.530+0300: 251.296: Application time: 1.3627831 seconds
2024-10-06T01:25:55.577+0300: 251.329: [GC (Allocation Failure) [PSYoungGen: 235458K->662K(236544K)] 242107K->7343K(714752K), 0.0009413 secs] [Times: user=0.00 sys=0.00, real=0.00 secs] 
2024-10-06T01:25:55.577+0300: 251.330: Total time for which application threads were stopped: 0.0334820 seconds, Stopping threads took: 0.0323709 seconds
2024-10-06T01:25:56.931+0300: 252.691: Application time: 1.3617021 seconds
2024-10-06T01:25:56.973+0300: 252.725: [GC (Allocation Failure) [PSYoungGen: 234825K->678K(237056K)] 241506K->7367K(715264K), 0.0010836 secs] [Times: user=0.00 sys=0.00, real=0.00 secs] 
2024-10-06T01:25:56.973+0300: 252.726: Total time for which application threads were stopped: 0.0345745 seconds, Stopping threads took: 0.0332619 seconds
2024-10-06T01:25:58.333+0300: 254.086: Application time: 1.3603508 seconds
2024-10-06T01:25:58.369+0300: 254.120: [GC (Allocation Failure) [PSYoungGen: 236024K->1069K(237056K)] 242713K->7782K(715264K), 0.0012841 secs] [Times: user=0.00 sys=0.00, real=0.00 secs] 
2024-10-06T01:25:58.369+0300: 254.122: Total time for which application threads were stopped: 0.0354556 seconds, Stopping threads took: 0.0339499 seconds
2024-10-06T01:25:59.736+0300: 255.488: Application time: 1.3664670 seconds
2024-10-06T01:25:59.781+0300: 255.533: [GC (Allocation Failure) [PSYoungGen: 236538K->320K(237056K)] 243251K->7041K(715264K), 0.0006251 secs] [Times: user=0.00 sys=0.00, real=0.00 secs] 
2024-10-06T01:25:59.781+0300: 255.534: Total time for which application threads were stopped: 0.0456696 seconds, Stopping threads took: 0.0449004 seconds
2024-10-06T01:26:01.147+0300: 256.910: Application time: 1.3760768 seconds
2024-10-06T01:26:01.194+0300: 256.946: [GC (Allocation Failure) [PSYoungGen: 235455K->662K(237056K)] 242176K->7407K(715264K), 0.0011364 secs] [Times: user=0.00 sys=0.00, real=0.00 secs] 
2024-10-06T01:26:01.194+0300: 256.947: Total time for which application threads were stopped: 0.0370224 seconds, Stopping threads took: 0.0356719 seconds
2024-10-06T01:26:01.288+0300: 257.052: Application time: 0.1047244 seconds
2024-10-06T01:26:01.335+0300: 257.087: Total time for which application threads were stopped: 0.0350822 seconds, Stopping threads took: 0.0349798 seconds
2024-10-06T01:26:01.461+0300: 257.219: Application time: 0.1322592 seconds
2024-10-06T01:26:01.476+0300: 257.228: Total time for which application threads were stopped: 0.0092893 seconds, Stopping threads took: 0.0091936 seconds
2024-10-06T01:26:01.476+0300: 257.229: Application time: 0.0003131 seconds
2024-10-06T01:26:01.476+0300: 257.229: Total time for which application threads were stopped: 0.0004776 seconds, Stopping threads took: 0.0004465 seconds
2024-10-06T01:26:01.570+0300: 257.324: Application time: 0.0950890 seconds
2024-10-06T01:26:01.570+0300: 257.325: Total time for which application threads were stopped: 0.0002858 seconds, Stopping threads took: 0.0002457 seconds
2024-10-06T01:26:02.653+0300: 258.406: Application time: 1.0810247 seconds
2024-10-06T01:26:02.684+0300: 258.436: [GC (Allocation Failure) [PSYoungGen: 236180K->467K(237056K)] 242926K->7220K(715264K), 0.0011879 secs] [Times: user=0.00 sys=0.00, real=0.00 secs] 
2024-10-06T01:26:02.684+0300: 258.437: Total time for which application threads were stopped: 0.0319422 seconds, Stopping threads took: 0.0305574 seconds
2024-10-06T01:26:04.065+0300: 259.820: Application time: 1.3820694 seconds
2024-10-06T01:26:04.112+0300: 259.864: [GC (Allocation Failure) [PSYoungGen: 235791K->694K(237056K)] 242544K->7495K(715264K), 0.0011691 secs] [Times: user=0.00 sys=0.00, real=0.00 secs] 
2024-10-06T01:26:04.112+0300: 259.865: Total time for which application threads were stopped: 0.0458770 seconds, Stopping threads took: 0.0445213 seconds
2024-10-06T01:26:05.477+0300: 261.229: Application time: 1.3639693 seconds
2024-10-06T01:26:05.524+0300: 261.276: [GC (Allocation Failure) [PSYoungGen: 236118K->451K(237056K)] 242920K->7268K(715264K), 0.0010646 secs] [Times: user=0.00 sys=0.00, real=0.00 secs] 
2024-10-06T01:26:05.524+0300: 261.277: Total time for which application threads were stopped: 0.0475587 seconds, Stopping threads took: 0.0462754 seconds
2024-10-06T01:26:06.889+0300: 262.648: Application time: 1.3713977 seconds
2024-10-06T01:26:06.935+0300: 262.687: [GC (Allocation Failure) [PSYoungGen: 235908K->288K(237056K)] 242726K->7121K(715264K), 0.0011682 secs] [Times: user=0.00 sys=0.00, real=0.00 secs] 
2024-10-06T01:26:06.935+0300: 262.689: Total time for which application threads were stopped: 0.0401881 seconds, Stopping threads took: 0.0388184 seconds
2024-10-06T01:26:08.285+0300: 264.049: Application time: 1.3608778 seconds
2024-10-06T01:26:08.332+0300: 264.084: [GC (Allocation Failure) [PSYoungGen: 235787K->1296K(237056K)] 242620K->8137K(715264K), 0.0011198 secs] [Times: user=0.00 sys=0.00, real=0.00 secs] 
2024-10-06T01:26:08.332+0300: 264.085: Total time for which application threads were stopped: 0.0358297 seconds, Stopping threads took: 0.0345011 seconds
2024-10-06T01:26:09.336+0300: 265.088: Application time: 1.0027697 seconds
2024-10-06T01:26:09.368+0300: 265.120: Total time for which application threads were stopped: 0.0319146 seconds, Stopping threads took: 0.0318026 seconds
2024-10-06T01:26:09.697+0300: 265.459: Application time: 0.3388196 seconds
2024-10-06T01:26:09.744+0300: 265.496: [GC (Allocation Failure) [PSYoungGen: 236786K->467K(237056K)] 243628K->7324K(715264K), 0.0010431 secs] [Times: user=0.00 sys=0.00, real=0.00 secs] 
2024-10-06T01:26:09.744+0300: 265.497: Total time for which application threads were stopped: 0.0384731 seconds, Stopping threads took: 0.0372316 seconds
2024-10-06T01:26:11.110+0300: 266.870: Application time: 1.3722488 seconds
2024-10-06T01:26:11.157+0300: 266.909: [GC (Allocation Failure) [PSYoungGen: 235793K->1085K(237056K)] 242651K->7950K(715264K), 0.0011721 secs] [Times: user=0.00 sys=0.00, real=0.00 secs] 
2024-10-06T01:26:11.157+0300: 266.910: Total time for which application threads were stopped: 0.0403804 seconds, Stopping threads took: 0.0389897 seconds
2024-10-06T01:26:12.523+0300: 268.277: Application time: 1.3667795 seconds
2024-10-06T01:26:12.570+0300: 268.322: [GC (Allocation Failure) [PSYoungGen: 236390K->646K(237056K)] 243255K->7519K(715264K), 0.0011481 secs] [Times: user=0.00 sys=0.00, real=0.00 secs] 
2024-10-06T01:26:12.570+0300: 268.323: Total time for which application threads were stopped: 0.0464029 seconds, Stopping threads took: 0.0450509 seconds
2024-10-06T01:26:13.935+0300: 269.692: Application time: 1.3691016 seconds
2024-10-06T01:26:13.982+0300: 269.734: [GC (Allocation Failure) [PSYoungGen: 236098K->256K(237056K)] 242972K->7137K(715264K), 0.0011753 secs] [Times: user=0.00 sys=0.00, real=0.00 secs] 
2024-10-06T01:26:13.982+0300: 269.735: Total time for which application threads were stopped: 0.0430264 seconds, Stopping threads took: 0.0416456 seconds
2024-10-06T01:26:15.346+0300: 271.101: Application time: 1.3659260 seconds
2024-10-06T01:26:15.393+0300: 271.145: [GC (Allocation Failure) [PSYoungGen: 235598K->483K(237056K)] 242480K->7372K(715264K), 0.0008878 secs] [Times: user=0.00 sys=0.00, real=0.00 secs] 
2024-10-06T01:26:15.393+0300: 271.146: Total time for which application threads were stopped: 0.0449175 seconds, Stopping threads took: 0.0438511 seconds
2024-10-06T01:26:16.758+0300: 272.511: Application time: 1.3650670 seconds
2024-10-06T01:26:16.805+0300: 272.557: [GC (Allocation Failure) [PSYoungGen: 235895K->1085K(237056K)] 242784K->7990K(715264K), 0.0009215 secs] [Times: user=0.00 sys=0.00, real=0.00 secs] 
2024-10-06T01:26:16.805+0300: 272.558: Total time for which application threads were stopped: 0.0467431 seconds, Stopping threads took: 0.0456355 seconds
2024-10-06T01:26:18.170+0300: 273.922: Application time: 1.3639296 seconds
2024-10-06T01:26:18.217+0300: 273.969: [GC (Allocation Failure) [PSYoungGen: 236461K->646K(237056K)] 243366K->7567K(715264K), 0.0009526 secs] [Times: user=0.00 sys=0.00, real=0.00 secs] 
2024-10-06T01:26:18.217+0300: 273.970: Total time for which application threads were stopped: 0.0480705 seconds, Stopping threads took: 0.0469364 seconds
2024-10-06T01:26:19.576+0300: 275.332: Application time: 1.3618785 seconds
2024-10-06T01:26:19.614+0300: 275.365: [GC (Allocation Failure) [PSYoungGen: 235986K->451K(237056K)] 242908K->7388K(715264K), 0.0010294 secs] [Times: user=0.00 sys=0.00, real=0.00 secs] 
2024-10-06T01:26:19.614+0300: 275.366: Total time for which application threads were stopped: 0.0347160 seconds, Stopping threads took: 0.0334841 seconds
2024-10-06T01:26:20.983+0300: 276.736: Application time: 1.3691169 seconds
2024-10-06T01:26:21.025+0300: 276.777: [GC (Allocation Failure) [PSYoungGen: 235923K->1101K(237056K)] 242860K->8046K(715264K), 0.0006997 secs] [Times: user=0.00 sys=0.00, real=0.00 secs] 
2024-10-06T01:26:21.025+0300: 276.777: Total time for which application threads were stopped: 0.0418835 seconds, Stopping threads took: 0.0410195 seconds
2024-10-06T01:26:22.404+0300: 278.157: Application time: 1.3790942 seconds
2024-10-06T01:26:22.435+0300: 278.187: [GC (Allocation Failure) [PSYoungGen: 236516K->662K(237056K)] 243461K->7623K(715264K), 0.0007679 secs] [Times: user=0.00 sys=0.00, real=0.00 secs] 
2024-10-06T01:26:22.435+0300: 278.188: Total time for which application threads were stopped: 0.0314115 seconds, Stopping threads took: 0.0304855 seconds
2024-10-06T01:26:23.440+0300: 279.191: Application time: 1.0032786 seconds
2024-10-06T01:26:23.487+0300: 279.239: Total time for which application threads were stopped: 0.0473696 seconds, Stopping threads took: 0.0473117 seconds
2024-10-06T01:26:23.832+0300: 279.586: Application time: 0.3470879 seconds
2024-10-06T01:26:23.879+0300: 279.631: [GC (Allocation Failure) [PSYoungGen: 236028K->272K(237056K)] 242989K->7249K(715264K), 0.0011720 secs] [Times: user=0.00 sys=0.00, real=0.00 secs] 
2024-10-06T01:26:23.879+0300: 279.632: Total time for which application threads were stopped: 0.0466684 seconds, Stopping threads took: 0.0453020 seconds
2024-10-06T01:26:25.243+0300: 280.996: Application time: 1.3639353 seconds
2024-10-06T01:26:25.291+0300: 281.043: [GC (Allocation Failure) [PSYoungGen: 235654K->678K(237056K)] 242632K->7663K(715264K), 0.0009267 secs] [Times: user=0.00 sys=0.00, real=0.00 secs] 
2024-10-06T01:26:25.291+0300: 281.044: Total time for which application threads were stopped: 0.0472022 seconds, Stopping threads took: 0.0460983 seconds
2024-10-06T01:26:26.651+0300: 282.405: Application time: 1.3614835 seconds
2024-10-06T01:26:26.688+0300: 282.439: [GC (Allocation Failure) [PSYoungGen: 235905K->678K(237056K)] 242890K->7679K(715264K), 0.0010800 secs] [Times: user=0.00 sys=0.00, real=0.00 secs] 
2024-10-06T01:26:26.688+0300: 282.441: Total time for which application threads were stopped: 0.0355393 seconds, Stopping threads took: 0.0342625 seconds
2024-10-06T01:26:28.053+0300: 283.813: Application time: 1.3725767 seconds
2024-10-06T01:26:28.100+0300: 283.852: [GC (Allocation Failure) [PSYoungGen: 235828K->1101K(237056K)] 242829K->8118K(715264K), 0.0010087 secs] [Times: user=0.00 sys=0.00, real=0.00 secs] 
2024-10-06T01:26:28.100+0300: 283.853: Total time for which application threads were stopped: 0.0396951 seconds, Stopping threads took: 0.0384828 seconds
2024-10-06T01:26:29.449+0300: 285.215: Application time: 1.3620498 seconds
2024-10-06T01:26:29.512+0300: 285.264: [GC (Allocation Failure) [PSYoungGen: 236588K->694K(237056K)] 243605K->7719K(715264K), 0.0010925 secs] [Times: user=0.00 sys=0.00, real=0.00 secs] 
2024-10-06T01:26:29.512+0300: 285.265: Total time for which application threads were stopped: 0.0501592 seconds, Stopping threads took: 0.0488629 seconds
2024-10-06T01:26:30.876+0300: 286.635: Application time: 1.3703976 seconds
2024-10-06T01:26:30.924+0300: 286.675: [GC (Allocation Failure) [PSYoungGen: 236149K->1069K(237056K)] 243175K->8110K(715264K), 0.0010392 secs] [Times: user=0.00 sys=0.00, real=0.00 secs] 
2024-10-06T01:26:30.924+0300: 286.676: Total time for which application threads were stopped: 0.0409986 seconds, Stopping threads took: 0.0397651 seconds
2024-10-06T01:26:32.273+0300: 288.036: Application time: 1.3596411 seconds
2024-10-06T01:26:32.320+0300: 288.072: [GC (Allocation Failure) [PSYoungGen: 236510K->515K(237056K)] 243551K->7572K(715264K), 0.0005980 secs] [Times: user=0.00 sys=0.00, real=0.00 secs] 
2024-10-06T01:26:32.320+0300: 288.072: Total time for which application threads were stopped: 0.0362208 seconds, Stopping threads took: 0.0354898 seconds
2024-10-06T01:26:33.684+0300: 289.438: Application time: 1.3659368 seconds
2024-10-06T01:26:33.732+0300: 289.484: [GC (Allocation Failure) [PSYoungGen: 235921K->1069K(237056K)] 242978K->8142K(715264K), 0.0011901 secs] [Times: user=0.00 sys=0.00, real=0.00 secs] 
2024-10-06T01:26:33.732+0300: 289.485: Total time for which application threads were stopped: 0.0466555 seconds, Stopping threads took: 0.0452609 seconds
2024-10-06T01:26:35.107+0300: 290.859: Application time: 1.3735524 seconds
2024-10-06T01:26:35.145+0300: 290.897: [GC (Allocation Failure) [PSYoungGen: 236589K->288K(237056K)] 243662K->7385K(715264K), 0.0009950 secs] [Times: user=0.00 sys=0.00, real=0.00 secs] 
2024-10-06T01:26:35.145+0300: 290.898: Total time for which application threads were stopped: 0.0390396 seconds, Stopping threads took: 0.0378536 seconds
2024-10-06T01:26:36.509+0300: 292.263: Application time: 1.3656496 seconds
2024-10-06T01:26:36.556+0300: 292.308: [GC (Allocation Failure) [PSYoungGen: 235769K->662K(237056K)] 242866K->7767K(715264K), 0.0012430 secs] [Times: user=0.00 sys=0.00, real=0.00 secs] 
2024-10-06T01:26:36.556+0300: 292.309: Total time for which application threads were stopped: 0.0460297 seconds, Stopping threads took: 0.0445937 seconds
2024-10-06T01:26:37.922+0300: 293.676: Application time: 1.3671987 seconds
2024-10-06T01:26:37.969+0300: 293.720: [GC (Allocation Failure) [PSYoungGen: 236165K->1280K(237056K)] 243270K->8401K(715264K), 0.0010894 secs] [Times: user=0.00 sys=0.00, real=0.00 secs] 
2024-10-06T01:26:37.969+0300: 293.722: Total time for which application threads were stopped: 0.0451377 seconds, Stopping threads took: 0.0438244 seconds
2024-10-06T01:26:39.334+0300: 295.089: Application time: 1.3676478 seconds
2024-10-06T01:26:39.381+0300: 295.133: [GC (Allocation Failure) [PSYoungGen: 236535K->710K(237056K)] 243656K->7847K(715264K), 0.0009394 secs] [Times: user=0.00 sys=0.00, real=0.00 secs] 
2024-10-06T01:26:39.381+0300: 295.134: Total time for which application threads were stopped: 0.0446324 seconds, Stopping threads took: 0.0435018 seconds
2024-10-06T01:26:40.731+0300: 296.496: Application time: 1.3618011 seconds
2024-10-06T01:26:40.793+0300: 296.545: [GC (Allocation Failure) [PSYoungGen: 236140K->1280K(237056K)] 243277K->8433K(715264K), 0.0010543 secs] [Times: user=0.00 sys=0.00, real=0.00 secs] 
2024-10-06T01:26:40.793+0300: 296.546: Total time for which application threads were stopped: 0.0507870 seconds, Stopping threads took: 0.0494943 seconds
2024-10-06T01:26:42.158+0300: 297.916: Application time: 1.3695729 seconds
2024-10-06T01:26:42.205+0300: 297.957: [GC (Allocation Failure) [PSYoungGen: 236726K->678K(237056K)] 243880K->7847K(715264K), 0.0010991 secs] [Times: user=0.00 sys=0.00, real=0.00 secs] 
2024-10-06T01:26:42.205+0300: 297.958: Total time for which application threads were stopped: 0.0418945 seconds, Stopping threads took: 0.0406260 seconds
2024-10-06T01:26:43.570+0300: 299.323: Application time: 1.3653485 seconds
2024-10-06T01:26:43.601+0300: 299.353: [GC (Allocation Failure) [PSYoungGen: 236193K->1296K(237056K)] 243362K->8481K(715264K), 0.0009825 secs] [Times: user=0.00 sys=0.00, real=0.00 secs] 
2024-10-06T01:26:43.601+0300: 299.354: Total time for which application threads were stopped: 0.0309021 seconds, Stopping threads took: 0.0297145 seconds
2024-10-06T01:26:44.966+0300: 300.723: Application time: 1.3690343 seconds
2024-10-06T01:26:45.013+0300: 300.765: [GC (Allocation Failure) [PSYoungGen: 236619K->694K(236032K)] 243804K->7895K(714240K), 0.0011049 secs] [Times: user=0.00 sys=0.00, real=0.00 secs] 
2024-10-06T01:26:45.013+0300: 300.766: Total time for which application threads were stopped: 0.0427167 seconds, Stopping threads took: 0.0413990 seconds
2024-10-06T01:26:46.362+0300: 302.126: Application time: 1.3596229 seconds
2024-10-06T01:26:46.394+0300: 302.145: [GC (Allocation Failure) [PSYoungGen: 235152K->1280K(236544K)] 242353K->8497K(714752K), 0.0010933 secs] [Times: user=0.00 sys=0.00, real=0.00 secs] 
2024-10-06T01:26:46.394+0300: 302.147: Total time for which application threads were stopped: 0.0210580 seconds, Stopping threads took: 0.0197010 seconds
2024-10-06T01:26:47.759+0300: 303.516: Application time: 1.3691250 seconds
2024-10-06T01:26:47.806+0300: 303.558: [GC (Allocation Failure) [PSYoungGen: 235718K->467K(236544K)] 242935K->7700K(714752K), 0.0010782 secs] [Times: user=0.00 sys=0.00, real=0.00 secs] 
2024-10-06T01:26:47.806+0300: 303.559: Total time for which application threads were stopped: 0.0435019 seconds, Stopping threads took: 0.0422263 seconds
2024-10-06T01:26:49.155+0300: 304.918: Application time: 1.3582727 seconds
2024-10-06T01:26:49.186+0300: 304.938: [GC (Allocation Failure) [PSYoungGen: 234959K->1296K(236544K)] 242193K->8545K(714752K), 0.0012653 secs] [Times: user=0.00 sys=0.00, real=0.00 secs] 
2024-10-06T01:26:49.186+0300: 304.940: Total time for which application threads were stopped: 0.0220721 seconds, Stopping threads took: 0.0206080 seconds
2024-10-06T01:26:50.538+0300: 306.303: Application time: 1.3632198 seconds
2024-10-06T01:26:50.599+0300: 306.351: [GC (Allocation Failure) [PSYoungGen: 235523K->678K(236544K)] 242772K->7935K(714752K), 0.0011620 secs] [Times: user=0.00 sys=0.00, real=0.00 secs] 
2024-10-06T01:26:50.599+0300: 306.352: Total time for which application threads were stopped: 0.0491545 seconds, Stopping threads took: 0.0477938 seconds
2024-10-06T01:26:51.949+0300: 307.716: Application time: 1.3641847 seconds
2024-10-06T01:26:51.996+0300: 307.748: [GC (Allocation Failure) [PSYoungGen: 235089K->1264K(236544K)] 242346K->8537K(714752K), 0.0010314 secs] [Times: user=0.00 sys=0.00, real=0.00 secs] 
2024-10-06T01:26:51.996+0300: 307.749: Total time for which application threads were stopped: 0.0327834 seconds, Stopping threads took: 0.0315322 seconds
2024-10-06T01:26:53.362+0300: 309.115: Application time: 1.3659900 seconds
2024-10-06T01:26:53.408+0300: 309.160: [GC (Allocation Failure) [PSYoungGen: 235738K->678K(236544K)] 243011K->7967K(714752K), 0.0010331 secs] [Times: user=0.00 sys=0.00, real=0.00 secs] 
2024-10-06T01:26:53.408+0300: 309.161: Total time for which application threads were stopped: 0.0464199 seconds, Stopping threads took: 0.0451818 seconds
2024-10-06T01:26:54.758+0300: 310.525: Application time: 1.3640016 seconds
2024-10-06T01:26:54.821+0300: 310.573: [GC (Allocation Failure) [PSYoungGen: 235104K->288K(236544K)] 242393K->7601K(714752K), 0.0007743 secs] [Times: user=0.00 sys=0.00, real=0.00 secs] 
2024-10-06T01:26:54.821+0300: 310.574: Total time for which application threads were stopped: 0.0481807 seconds, Stopping threads took: 0.0472285 seconds
2024-10-06T01:26:56.182+0300: 311.937: Application time: 1.3635801 seconds
2024-10-06T01:26:56.218+0300: 311.970: [GC (Allocation Failure) [PSYoungGen: 234429K->710K(236544K)] 241742K->8039K(714752K), 0.0012145 secs] [Times: user=0.00 sys=0.00, real=0.00 secs] 
2024-10-06T01:26:56.218+0300: 311.971: Total time for which application threads were stopped: 0.0340012 seconds, Stopping threads took: 0.0326022 seconds
2024-10-06T01:26:57.568+0300: 313.332: Application time: 1.3610436 seconds
2024-10-06T01:26:57.615+0300: 313.367: [GC (Allocation Failure) [PSYoungGen: 235026K->1069K(236544K)] 242355K->8414K(714752K), 0.0011443 secs] [Times: user=0.00 sys=0.00, real=0.00 secs] 
2024-10-06T01:26:57.615+0300: 313.368: Total time for which application threads were stopped: 0.0356850 seconds, Stopping threads took: 0.0343525 seconds
2024-10-06T01:26:58.981+0300: 314.733: Application time: 1.3647167 seconds
2024-10-06T01:26:59.028+0300: 314.779: [GC (Allocation Failure) [PSYoungGen: 235405K->499K(236544K)] 242750K->7876K(714752K), 0.0010845 secs] [Times: user=0.00 sys=0.00, real=0.00 secs] 
2024-10-06T01:26:59.028+0300: 314.781: Total time for which application threads were stopped: 0.0480199 seconds, Stopping threads took: 0.0467373 seconds
2024-10-06T01:27:00.392+0300: 316.144: Application time: 1.3636506 seconds
2024-10-06T01:27:00.424+0300: 316.175: [GC (Allocation Failure) [PSYoungGen: 234823K->1037K(236544K)] 242200K->8430K(714752K), 0.0007019 secs] [Times: user=0.00 sys=0.00, real=0.00 secs] 
2024-10-06T01:27:00.424+0300: 316.176: Total time for which application threads were stopped: 0.0317211 seconds, Stopping threads took: 0.0309021 seconds
2024-10-06T01:27:01.792+0300: 317.544: Application time: 1.3679788 seconds
2024-10-06T01:27:01.821+0300: 317.573: [GC (Allocation Failure) [PSYoungGen: 235531K->694K(236544K)] 242925K->8103K(714752K), 0.0010093 secs] [Times: user=0.00 sys=0.00, real=0.00 secs] 
2024-10-06T01:27:01.821+0300: 317.574: Total time for which application threads were stopped: 0.0295871 seconds, Stopping threads took: 0.0283690 seconds
2024-10-06T01:27:03.186+0300: 318.940: Application time: 1.3663936 seconds
2024-10-06T01:27:03.201+0300: 318.953: [GC (Allocation Failure) [PSYoungGen: 235113K->1312K(236544K)] 242522K->8737K(714752K), 0.0010283 secs] [Times: user=0.00 sys=0.00, real=0.00 secs] 
2024-10-06T01:27:03.201+0300: 318.954: Total time for which application threads were stopped: 0.0142534 seconds, Stopping threads took: 0.0130209 seconds
2024-10-06T01:27:04.566+0300: 320.321: Application time: 1.3669182 seconds
2024-10-06T01:27:04.597+0300: 320.349: [GC (Allocation Failure) [PSYoungGen: 235775K->678K(236544K)] 243201K->8119K(714752K), 0.0010001 secs] [Times: user=0.00 sys=0.00, real=0.00 secs] 
2024-10-06T01:27:04.597+0300: 320.350: Total time for which application threads were stopped: 0.0290147 seconds, Stopping threads took: 0.0278291 seconds
2024-10-06T01:27:05.968+0300: 321.720: Application time: 1.3697395 seconds
2024-10-06T01:27:06.009+0300: 321.761: [GC (Allocation Failure) [PSYoungGen: 235113K->272K(236544K)] 242554K->7721K(714752K), 0.0010753 secs] [Times: user=0.00 sys=0.00, real=0.00 secs] 
2024-10-06T01:27:06.009+0300: 321.762: Total time for which application threads were stopped: 0.0418582 seconds, Stopping threads took: 0.0405721 seconds
2024-10-06T01:27:07.374+0300: 323.134: Application time: 1.3723095 seconds
2024-10-06T01:27:07.421+0300: 323.173: [GC (Allocation Failure) [PSYoungGen: 234507K->646K(236544K)] 241957K->8111K(714752K), 0.0009128 secs] [Times: user=0.00 sys=0.00, real=0.00 secs] 
2024-10-06T01:27:07.421+0300: 323.174: Total time for which application threads were stopped: 0.0394724 seconds, Stopping threads took: 0.0383462 seconds
2024-10-06T01:27:08.786+0300: 324.544: Application time: 1.3706831 seconds
2024-10-06T01:27:08.833+0300: 324.585: [GC (Allocation Failure) [PSYoungGen: 234972K->1069K(236544K)] 242437K->8566K(714752K), 0.0011092 secs] [Times: user=0.00 sys=0.00, real=0.00 secs] 
2024-10-06T01:27:08.833+0300: 324.586: Total time for which application threads were stopped: 0.0420504 seconds, Stopping threads took: 0.0407446 seconds
2024-10-06T01:27:10.199+0300: 325.953: Application time: 1.3666718 seconds
2024-10-06T01:27:10.246+0300: 325.998: [GC (Allocation Failure) [PSYoungGen: 235470K->499K(236544K)] 242967K->8004K(714752K), 0.0011820 secs] [Times: user=0.00 sys=0.00, real=0.00 secs] 
2024-10-06T01:27:10.246+0300: 325.999: Total time for which application threads were stopped: 0.0458087 seconds, Stopping threads took: 0.0444113 seconds
2024-10-06T01:27:11.596+0300: 327.353: Application time: 1.3537187 seconds
2024-10-06T01:27:11.627+0300: 327.379: [GC (Allocation Failure) [PSYoungGen: 234810K->1053K(236544K)] 242315K->8574K(714752K), 0.0012700 secs] [Times: user=0.00 sys=0.00, real=0.00 secs] 
2024-10-06T01:27:11.627+0300: 327.380: Total time for which application threads were stopped: 0.0277205 seconds, Stopping threads took: 0.0262249 seconds
2024-10-06T01:27:12.993+0300: 328.753: Application time: 1.3727678 seconds
2024-10-06T01:27:13.040+0300: 328.792: [GC (Allocation Failure) [PSYoungGen: 235490K->694K(236544K)] 243011K->8247K(714752K), 0.0012211 secs] [Times: user=0.00 sys=0.00, real=0.00 secs] 
2024-10-06T01:27:13.040+0300: 328.793: Total time for which application threads were stopped: 0.0399425 seconds, Stopping threads took: 0.0385172 seconds
2024-10-06T01:27:14.389+0300: 330.149: Application time: 1.3557395 seconds
2024-10-06T01:27:14.421+0300: 330.172: [GC (Allocation Failure) [PSYoungGen: 235111K->1248K(236544K)] 242664K->8817K(714752K), 0.0011828 secs] [Times: user=0.00 sys=0.00, real=0.00 secs] 
2024-10-06T01:27:14.421+0300: 330.174: Total time for which application threads were stopped: 0.0248939 seconds, Stopping threads took: 0.0235405 seconds
2024-10-06T01:27:15.787+0300: 331.541: Application time: 1.3672322 seconds
2024-10-06T01:27:15.832+0300: 331.584: [GC (Allocation Failure) [PSYoungGen: 235611K->678K(236544K)] 243180K->8263K(714752K), 0.0011407 secs] [Times: user=0.00 sys=0.00, real=0.00 secs] 
2024-10-06T01:27:15.832+0300: 331.585: Total time for which application threads were stopped: 0.0439731 seconds, Stopping threads took: 0.0426060 seconds
2024-10-06T01:27:17.181+0300: 332.942: Application time: 1.3569298 seconds
2024-10-06T01:27:17.213+0300: 332.965: [GC (Allocation Failure) [PSYoungGen: 235092K->662K(236544K)] 242677K->8263K(714752K), 0.0012172 secs] [Times: user=0.00 sys=0.00, real=0.00 secs] 
2024-10-06T01:27:17.213+0300: 332.966: Total time for which application threads were stopped: 0.0244480 seconds, Stopping threads took: 0.0230166 seconds
2024-10-06T01:27:18.563+0300: 334.330: Application time: 1.3633764 seconds
2024-10-06T01:27:18.610+0300: 334.362: [GC (Allocation Failure) [PSYoungGen: 235054K->320K(236544K)] 242655K->7929K(714752K), 0.0007915 secs] [Times: user=0.00 sys=0.00, real=0.00 secs] 
2024-10-06T01:27:18.610+0300: 334.363: Total time for which application threads were stopped: 0.0333207 seconds, Stopping threads took: 0.0323621 seconds
2024-10-06T01:27:19.975+0300: 335.728: Application time: 1.3654780 seconds
2024-10-06T01:27:20.006+0300: 335.758: [GC (Allocation Failure) [PSYoungGen: 234585K->678K(236544K)] 242194K->8295K(714752K), 0.0012513 secs] [Times: user=0.00 sys=0.00, real=0.00 secs] 
2024-10-06T01:27:20.006+0300: 335.759: Total time for which application threads were stopped: 0.0309470 seconds, Stopping threads took: 0.0295148 seconds
2024-10-06T01:27:21.355+0300: 337.122: Application time: 1.3625409 seconds
2024-10-06T01:27:21.386+0300: 337.138: [GC (Allocation Failure) [PSYoungGen: 235127K->1264K(236032K)] 242744K->8897K(714240K), 0.0011966 secs] [Times: user=0.00 sys=0.00, real=0.00 secs] 
2024-10-06T01:27:21.386+0300: 337.139: Total time for which application threads were stopped: 0.0173071 seconds, Stopping threads took: 0.0158999 seconds
2024-10-06T01:27:22.736+0300: 338.501: Application time: 1.3621239 seconds
2024-10-06T01:27:22.798+0300: 338.550: [GC (Allocation Failure) [PSYoungGen: 235457K->678K(236544K)] 243090K->8327K(714752K), 0.0008925 secs] [Times: user=0.00 sys=0.00, real=0.00 secs] 
2024-10-06T01:27:22.798+0300: 338.551: Total time for which application threads were stopped: 0.0497037 seconds, Stopping threads took: 0.0486297 seconds
2024-10-06T01:27:24.164+0300: 339.920: Application time: 1.3688103 seconds
2024-10-06T01:27:24.211+0300: 339.963: [GC (Allocation Failure) [PSYoungGen: 235167K->304K(236544K)] 242816K->7969K(714752K), 0.0008153 secs] [Times: user=0.00 sys=0.00, real=0.00 secs] 
2024-10-06T01:27:24.211+0300: 339.963: Total time for which application threads were stopped: 0.0435827 seconds, Stopping threads took: 0.0426226 seconds
2024-10-06T01:27:25.560+0300: 341.323: Application time: 1.3598558 seconds
2024-10-06T01:27:25.608+0300: 341.359: [GC (Allocation Failure) [PSYoungGen: 234615K->483K(236544K)] 242280K->8172K(714752K), 0.0005034 secs] [Times: user=0.00 sys=0.00, real=0.00 secs] 
2024-10-06T01:27:25.608+0300: 341.360: Total time for which application threads were stopped: 0.0365915 seconds, Stopping threads took: 0.0359737 seconds
2024-10-06T01:27:26.977+0300: 342.729: Application time: 1.3689120 seconds
2024-10-06T01:27:27.004+0300: 342.756: [GC (Allocation Failure) [PSYoungGen: 234932K->1069K(236032K)] 242621K->8766K(714240K), 0.0006211 secs] [Times: user=0.00 sys=0.00, real=0.00 secs] 
2024-10-06T01:27:27.004+0300: 342.757: Total time for which application threads were stopped: 0.0280601 seconds, Stopping threads took: 0.0272912 seconds
2024-10-06T01:27:28.369+0300: 344.124: Application time: 1.3674823 seconds
2024-10-06T01:27:28.417+0300: 344.169: [GC (Allocation Failure) [PSYoungGen: 235510K->662K(236544K)] 243207K->8367K(714752K), 0.0011594 secs] [Times: user=0.00 sys=0.00, real=0.00 secs] 
2024-10-06T01:27:28.417+0300: 344.170: Total time for which application threads were stopped: 0.0455266 seconds, Stopping threads took: 0.0441492 seconds
2024-10-06T01:27:29.765+0300: 345.528: Application time: 1.3582561 seconds
2024-10-06T01:27:29.796+0300: 345.548: [GC (Allocation Failure) [PSYoungGen: 235056K->1053K(236032K)] 242761K->8790K(714240K), 0.0007687 secs] [Times: user=0.00 sys=0.00, real=0.00 secs] 
2024-10-06T01:27:29.796+0300: 345.549: Total time for which application threads were stopped: 0.0204500 seconds, Stopping threads took: 0.0195348 seconds
2024-10-06T01:27:31.145+0300: 346.912: Application time: 1.3634839 seconds
2024-10-06T01:27:31.208+0300: 346.960: [GC (Allocation Failure) [PSYoungGen: 235505K->483K(236544K)] 243242K->8236K(714752K), 0.0012244 secs] [Times: user=0.00 sys=0.00, real=0.00 secs] 
2024-10-06T01:27:31.208+0300: 346.961: Total time for which application threads were stopped: 0.0491333 seconds, Stopping threads took: 0.0477115 seconds
2024-10-06T01:27:32.557+0300: 348.321: Application time: 1.3601608 seconds
2024-10-06T01:27:32.588+0300: 348.340: [GC (Allocation Failure) [PSYoungGen: 234810K->1069K(236032K)] 242564K->8838K(714240K), 0.0011877 secs] [Times: user=0.00 sys=0.00, real=0.00 secs] 
2024-10-06T01:27:32.588+0300: 348.341: Total time for which application threads were stopped: 0.0197972 seconds, Stopping threads took: 0.0183829 seconds
2024-10-06T01:27:33.953+0300: 349.709: Application time: 1.3679379 seconds
2024-10-06T01:27:34.000+0300: 349.752: [GC (Allocation Failure) [PSYoungGen: 235415K->710K(236544K)] 243184K->8519K(714752K), 0.0010582 secs] [Times: user=0.00 sys=0.00, real=0.00 secs] 
2024-10-06T01:27:34.000+0300: 349.753: Total time for which application threads were stopped: 0.0437778 seconds, Stopping threads took: 0.0425152 seconds
2024-10-06T01:27:35.349+0300: 351.114: Application time: 1.3614383 seconds
2024-10-06T01:27:35.381+0300: 351.133: [GC (Allocation Failure) [PSYoungGen: 235021K->1053K(237056K)] 242830K->8878K(715264K), 0.0010453 secs] [Times: user=0.00 sys=0.00, real=0.00 secs] 
2024-10-06T01:27:35.381+0300: 351.134: Total time for which application threads were stopped: 0.0193285 seconds, Stopping threads took: 0.0180749 seconds
2024-10-06T01:27:36.745+0300: 352.501: Application time: 1.3676938 seconds
2024-10-06T01:27:36.792+0300: 352.544: [GC (Allocation Failure) [PSYoungGen: 236403K->304K(237056K)] 244228K->8169K(715264K), 0.0011730 secs] [Times: user=0.00 sys=0.00, real=0.00 secs] 
2024-10-06T01:27:36.792+0300: 352.545: Total time for which application threads were stopped: 0.0439539 seconds, Stopping threads took: 0.0425936 seconds
2024-10-06T01:27:38.142+0300: 353.908: Application time: 1.3629246 seconds
2024-10-06T01:27:38.189+0300: 353.941: [GC (Allocation Failure) [PSYoungGen: 235651K->694K(237056K)] 243516K->8575K(715264K), 0.0011838 secs] [Times: user=0.00 sys=0.00, real=0.00 secs] 
2024-10-06T01:27:38.189+0300: 353.942: Total time for which application threads were stopped: 0.0338489 seconds, Stopping threads took: 0.0324424 seconds
2024-10-06T01:27:39.539+0300: 355.306: Application time: 1.3634545 seconds
2024-10-06T01:27:39.601+0300: 355.353: [GC (Allocation Failure) [PSYoungGen: 236153K->272K(237056K)] 244035K->8169K(715264K), 0.0011751 secs] [Times: user=0.00 sys=0.00, real=0.00 secs] 
2024-10-06T01:27:39.601+0300: 355.354: Total time for which application threads were stopped: 0.0489640 seconds, Stopping threads took: 0.0475776 seconds
2024-10-06T01:27:40.967+0300: 356.724: Application time: 1.3690304 seconds
2024-10-06T01:27:40.998+0300: 356.750: [GC (Allocation Failure) [PSYoungGen: 235521K->694K(237056K)] 243418K->8607K(715264K), 0.0008610 secs] [Times: user=0.00 sys=0.00, real=0.00 secs] 
2024-10-06T01:27:40.998+0300: 356.751: Total time for which application threads were stopped: 0.0274662 seconds, Stopping threads took: 0.0264066 seconds
2024-10-06T01:27:42.364+0300: 358.120: Application time: 1.3688141 seconds
2024-10-06T01:27:42.410+0300: 358.162: [GC (Allocation Failure) [PSYoungGen: 236169K->1085K(237056K)] 244083K->9022K(715264K), 0.0010538 secs] [Times: user=0.00 sys=0.00, real=0.00 secs] 
2024-10-06T01:27:42.410+0300: 358.163: Total time for which application threads were stopped: 0.0436115 seconds, Stopping threads took: 0.0423319 seconds
2024-10-06T01:27:43.775+0300: 359.527: Application time: 1.3634620 seconds
2024-10-06T01:27:43.822+0300: 359.574: [GC (Allocation Failure) [PSYoungGen: 236438K->435K(237056K)] 244376K->8388K(715264K), 0.0011096 secs] [Times: user=0.00 sys=0.00, real=0.00 secs] 
2024-10-06T01:27:43.822+0300: 359.575: Total time for which application threads were stopped: 0.0481386 seconds, Stopping threads took: 0.0468129 seconds
2024-10-06T01:27:45.171+0300: 360.937: Application time: 1.3619303 seconds
2024-10-06T01:27:45.217+0300: 360.969: [GC (Allocation Failure) [PSYoungGen: 235778K->1053K(237056K)] 243731K->9014K(715264K), 0.0010039 secs] [Times: user=0.00 sys=0.00, real=0.00 secs] 
2024-10-06T01:27:45.217+0300: 360.970: Total time for which application threads were stopped: 0.0334583 seconds, Stopping threads took: 0.0322819 seconds
2024-10-06T01:27:46.583+0300: 362.334: Application time: 1.3639532 seconds
2024-10-06T01:27:46.614+0300: 362.366: [GC (Allocation Failure) [PSYoungGen: 236195K->630K(237056K)] 244157K->8599K(715264K), 0.0011306 secs] [Times: user=0.00 sys=0.00, real=0.00 secs] 
2024-10-06T01:27:46.614+0300: 362.367: Total time for which application threads were stopped: 0.0325341 seconds, Stopping threads took: 0.0311771 seconds
2024-10-06T01:27:47.981+0300: 363.733: Application time: 1.3658007 seconds
2024-10-06T01:27:48.027+0300: 363.779: [GC (Allocation Failure) [PSYoungGen: 235992K->1069K(237056K)] 243961K->9062K(715264K), 0.0007996 secs] [Times: user=0.00 sys=0.00, real=0.00 secs] 
2024-10-06T01:27:48.027+0300: 363.780: Total time for which application threads were stopped: 0.0474284 seconds, Stopping threads took: 0.0464619 seconds
2024-10-06T01:27:49.393+0300: 365.146: Application time: 1.3659236 seconds
2024-10-06T01:27:49.439+0300: 365.191: [GC (Allocation Failure) [PSYoungGen: 236435K->515K(237056K)] 244428K->8524K(715264K), 0.0011161 secs] [Times: user=0.00 sys=0.00, real=0.00 secs] 
2024-10-06T01:27:49.439+0300: 365.193: Total time for which application threads were stopped: 0.0464722 seconds, Stopping threads took: 0.0451395 seconds
2024-10-06T01:27:50.805+0300: 366.557: Application time: 1.3647230 seconds
2024-10-06T01:27:50.836+0300: 366.588: [GC (Allocation Failure) [PSYoungGen: 235919K->1085K(237056K)] 243928K->9118K(715264K), 0.0007883 secs] [Times: user=0.00 sys=0.00, real=0.00 secs] 
2024-10-06T01:27:50.836+0300: 366.588: Total time for which application threads were stopped: 0.0312066 seconds, Stopping threads took: 0.0302306 seconds
2024-10-06T01:27:52.202+0300: 367.954: Application time: 1.3655319 seconds
2024-10-06T01:27:52.233+0300: 367.985: [GC (Allocation Failure) [PSYoungGen: 236468K->694K(237056K)] 244501K->8743K(715264K), 0.0011192 secs] [Times: user=0.00 sys=0.00, real=0.00 secs] 
2024-10-06T01:27:52.233+0300: 367.986: Total time for which application threads were stopped: 0.0322706 seconds, Stopping threads took: 0.0309561 seconds
2024-10-06T01:27:53.582+0300: 369.346: Application time: 1.3599536 seconds
2024-10-06T01:27:53.629+0300: 369.381: [GC (Allocation Failure) [PSYoungGen: 236135K->1264K(237056K)] 244184K->9329K(715264K), 0.0011274 secs] [Times: user=0.00 sys=0.00, real=0.00 secs] 
2024-10-06T01:27:53.629+0300: 369.382: Total time for which application threads were stopped: 0.0359590 seconds, Stopping threads took: 0.0346387 seconds
2024-10-06T01:27:54.994+0300: 370.749: Application time: 1.3671220 seconds
2024-10-06T01:27:55.041+0300: 370.793: [GC (Allocation Failure) [PSYoungGen: 236407K->710K(237056K)] 244472K->8783K(715264K), 0.0010938 secs] [Times: user=0.00 sys=0.00, real=0.00 secs] 
2024-10-06T01:27:55.041+0300: 370.794: Total time for which application threads were stopped: 0.0443840 seconds, Stopping threads took: 0.0430828 seconds
2024-10-06T01:27:56.391+0300: 372.153: Application time: 1.3596466 seconds
2024-10-06T01:27:56.438+0300: 372.190: [GC (Allocation Failure) [PSYoungGen: 236037K->1021K(237056K)] 244110K->9110K(715264K), 0.0012395 secs] [Times: user=0.00 sys=0.00, real=0.00 secs] 
2024-10-06T01:27:56.438+0300: 372.191: Total time for which application threads were stopped: 0.0377109 seconds, Stopping threads took: 0.0362841 seconds
2024-10-06T01:27:57.801+0300: 373.563: Application time: 1.3721654 seconds
2024-10-06T01:27:57.848+0300: 373.600: [GC (Allocation Failure) [PSYoungGen: 236452K->467K(237056K)] 244541K->8572K(715264K), 0.0011196 secs] [Times: user=0.00 sys=0.00, real=0.00 secs] 
2024-10-06T01:27:57.848+0300: 373.601: Total time for which application threads were stopped: 0.0380741 seconds, Stopping threads took: 0.0367591 seconds
2024-10-06T01:27:59.198+0300: 374.962: Application time: 1.3603937 seconds
2024-10-06T01:27:59.245+0300: 374.997: [GC (Allocation Failure) [PSYoungGen: 235953K->1085K(237056K)] 244058K->9206K(715264K), 0.0011422 secs] [Times: user=0.00 sys=0.00, real=0.00 secs] 
2024-10-06T01:27:59.245+0300: 374.998: Total time for which application threads were stopped: 0.0363633 seconds, Stopping threads took: 0.0350146 seconds
2024-10-06T01:28:00.641+0300: 376.406: Application time: 1.4083825 seconds
2024-10-06T01:28:00.704+0300: 376.456: [GC (Allocation Failure) [PSYoungGen: 236431K->646K(237056K)] 244552K->8775K(715264K), 0.0012957 secs] [Times: user=0.00 sys=0.00, real=0.00 secs] 
2024-10-06T01:28:00.704+0300: 376.457: Total time for which application threads were stopped: 0.0507652 seconds, Stopping threads took: 0.0492101 seconds
2024-10-06T01:28:02.085+0300: 377.845: Application time: 1.3880569 seconds
2024-10-06T01:28:02.132+0300: 377.883: [GC (Allocation Failure) [PSYoungGen: 236109K->1264K(237056K)] 244238K->9409K(715264K), 0.0011662 secs] [Times: user=0.00 sys=0.00, real=0.00 secs] 
2024-10-06T01:28:02.132+0300: 377.885: Total time for which application threads were stopped: 0.0393974 seconds, Stopping threads took: 0.0380085 seconds
2024-10-06T01:28:03.497+0300: 379.251: Application time: 1.3658638 seconds
2024-10-06T01:28:03.544+0300: 379.296: [GC (Allocation Failure) [PSYoungGen: 236597K->694K(236032K)] 244742K->8855K(714240K), 0.0011652 secs] [Times: user=0.00 sys=0.00, real=0.00 secs] 
2024-10-06T01:28:03.544+0300: 379.297: Total time for which application threads were stopped: 0.0467273 seconds, Stopping threads took: 0.0453579 seconds
2024-10-06T01:28:04.910+0300: 380.665: Application time: 1.3677250 seconds
2024-10-06T01:28:04.957+0300: 380.709: [GC (Allocation Failure) [PSYoungGen: 235163K->320K(236544K)] 243325K->8489K(714752K), 0.0010086 secs] [Times: user=0.00 sys=0.00, real=0.00 secs] 
2024-10-06T01:28:04.957+0300: 380.710: Total time for which application threads were stopped: 0.0446849 seconds, Stopping threads took: 0.0434879 seconds
2024-10-06T01:28:06.307+0300: 382.071: Application time: 1.3614086 seconds
2024-10-06T01:28:06.338+0300: 382.090: [GC (Allocation Failure) [PSYoungGen: 234796K->1069K(236544K)] 242965K->9262K(714752K), 0.0011521 secs] [Times: user=0.00 sys=0.00, real=0.00 secs] 
2024-10-06T01:28:06.338+0300: 382.092: Total time for which application threads were stopped: 0.0203633 seconds, Stopping threads took: 0.0189717 seconds
2024-10-06T01:28:07.704+0300: 383.457: Application time: 1.3658721 seconds
2024-10-06T01:28:07.750+0300: 383.502: [GC (Allocation Failure) [PSYoungGen: 235502K->483K(236544K)] 243695K->8716K(714752K), 0.0010778 secs] [Times: user=0.00 sys=0.00, real=0.00 secs] 
2024-10-06T01:28:07.750+0300: 383.503: Total time for which application threads were stopped: 0.0460821 seconds, Stopping threads took: 0.0447970 seconds
2024-10-06T01:28:09.100+0300: 384.865: Application time: 1.3615862 seconds
2024-10-06T01:28:09.147+0300: 384.899: [GC (Allocation Failure) [PSYoungGen: 234623K->678K(237056K)] 242856K->8927K(715264K), 0.0011461 secs] [Times: user=0.00 sys=0.00, real=0.00 secs] 
2024-10-06T01:28:09.147+0300: 384.900: Total time for which application threads were stopped: 0.0351893 seconds, Stopping threads took: 0.0337856 seconds
2024-10-06T01:28:10.497+0300: 386.261: Application time: 1.3610039 seconds
2024-10-06T01:28:10.544+0300: 386.296: [GC (Allocation Failure) [PSYoungGen: 235433K->678K(236544K)] 243682K->8935K(714752K), 0.0012363 secs] [Times: user=0.00 sys=0.00, real=0.00 secs] 
2024-10-06T01:28:10.544+0300: 386.298: Total time for which application threads were stopped: 0.0362798 seconds, Stopping threads took: 0.0348363 seconds
2024-10-06T01:28:11.897+0300: 387.651: Application time: 1.3537678 seconds
2024-10-06T01:28:11.941+0300: 387.693: [GC (Allocation Failure) [PSYoungGen: 235635K->1232K(236032K)] 243892K->9505K(714240K), 0.0011597 secs] [Times: user=0.00 sys=0.00, real=0.00 secs] 
2024-10-06T01:28:11.941+0300: 387.694: Total time for which application threads were stopped: 0.0425323 seconds, Stopping threads took: 0.0411701 seconds
2024-10-06T01:28:13.299+0300: 389.056: Application time: 1.3622160 seconds
2024-10-06T01:28:13.322+0300: 389.074: [GC (Allocation Failure) [PSYoungGen: 235340K->678K(236544K)] 243613K->8975K(714752K), 0.0010143 secs] [Times: user=0.00 sys=0.00, real=0.00 secs] 
2024-10-06T01:28:13.322+0300: 389.075: Total time for which application threads were stopped: 0.0186903 seconds, Stopping threads took: 0.0174786 seconds
2024-10-06T01:28:14.671+0300: 390.435: Application time: 1.3598942 seconds
2024-10-06T01:28:14.703+0300: 390.455: [GC (Allocation Failure) [PSYoungGen: 235046K->1053K(237056K)] 243343K->9358K(715264K), 0.0009337 secs] [Times: user=0.00 sys=0.00, real=0.00 secs] 
2024-10-06T01:28:14.703+0300: 390.456: Total time for which application threads were stopped: 0.0212068 seconds, Stopping threads took: 0.0201044 seconds
2024-10-06T01:28:16.067+0300: 391.829: Application time: 1.3734043 seconds
2024-10-06T01:28:16.115+0300: 391.866: [GC (Allocation Failure) [PSYoungGen: 236491K->678K(237056K)] 244796K->8991K(715264K), 0.0009665 secs] [Times: user=0.00 sys=0.00, real=0.00 secs] 
2024-10-06T01:28:16.115+0300: 391.867: Total time for which application threads were stopped: 0.0381993 seconds, Stopping threads took: 0.0370576 seconds
2024-10-06T01:28:17.463+0300: 393.230: Application time: 1.3623777 seconds
2024-10-06T01:28:17.526+0300: 393.278: [GC (Allocation Failure) [PSYoungGen: 236162K->304K(237056K)] 244475K->8657K(715264K), 0.0010139 secs] [Times: user=0.00 sys=0.00, real=0.00 secs] 
2024-10-06T01:28:17.526+0300: 393.279: Total time for which application threads were stopped: 0.0487853 seconds, Stopping threads took: 0.0475768 seconds
2024-10-06T01:28:18.891+0300: 394.644: Application time: 1.3657319 seconds
2024-10-06T01:28:18.922+0300: 394.674: [GC (Allocation Failure) [PSYoungGen: 235717K->662K(237056K)] 244071K->9031K(715264K), 0.0009420 secs] [Times: user=0.00 sys=0.00, real=0.00 secs] 
2024-10-06T01:28:18.922+0300: 394.675: Total time for which application threads were stopped: 0.0308613 seconds, Stopping threads took: 0.0297398 seconds
2024-10-06T01:28:20.288+0300: 396.045: Application time: 1.3698402 seconds
2024-10-06T01:28:20.335+0300: 396.087: [GC (Allocation Failure) [PSYoungGen: 236164K->1037K(237056K)] 244533K->9422K(715264K), 0.0011577 secs] [Times: user=0.00 sys=0.00, real=0.00 secs] 
2024-10-06T01:28:20.335+0300: 396.088: Total time for which application threads were stopped: 0.0429540 seconds, Stopping threads took: 0.0415326 seconds
2024-10-06T01:28:21.699+0300: 397.453: Application time: 1.3651414 seconds
2024-10-06T01:28:21.746+0300: 397.498: [GC (Allocation Failure) [PSYoungGen: 236489K->678K(237056K)] 244874K->9071K(715264K), 0.0011297 secs] [Times: user=0.00 sys=0.00, real=0.00 secs] 
2024-10-06T01:28:21.746+0300: 397.499: Total time for which application threads were stopped: 0.0462407 seconds, Stopping threads took: 0.0449099 seconds
2024-10-06T01:28:23.111+0300: 398.867: Application time: 1.3678416 seconds
2024-10-06T01:28:23.158+0300: 398.910: [GC (Allocation Failure) [PSYoungGen: 236184K->272K(237056K)] 244577K->8681K(715264K), 0.0011457 secs] [Times: user=0.00 sys=0.00, real=0.00 secs] 
2024-10-06T01:28:23.158+0300: 398.911: Total time for which application threads were stopped: 0.0436589 seconds, Stopping threads took: 0.0423181 seconds
2024-10-06T01:28:24.507+0300: 400.269: Application time: 1.3578175 seconds
2024-10-06T01:28:24.554+0300: 400.306: [GC (Allocation Failure) [PSYoungGen: 235640K->710K(237056K)] 244049K->9135K(715264K), 0.0011835 secs] [Times: user=0.00 sys=0.00, real=0.00 secs] 
2024-10-06T01:28:24.554+0300: 400.307: Total time for which application threads were stopped: 0.0381079 seconds, Stopping threads took: 0.0367184 seconds
2024-10-06T01:28:25.919+0300: 401.674: Application time: 1.3674033 seconds
2024-10-06T01:28:25.966+0300: 401.718: [GC (Allocation Failure) [PSYoungGen: 236053K->1053K(237056K)] 244479K->9494K(715264K), 0.0011218 secs] [Times: user=0.00 sys=0.00, real=0.00 secs] 
2024-10-06T01:28:25.966+0300: 401.719: Total time for which application threads were stopped: 0.0446021 seconds, Stopping threads took: 0.0432741 seconds
2024-10-06T01:28:27.328+0300: 403.081: Application time: 1.3623518 seconds
2024-10-06T01:28:27.378+0300: 403.130: [GC (Allocation Failure) [PSYoungGen: 236413K->467K(237056K)] 244854K->8924K(715264K), 0.0010768 secs] [Times: user=0.00 sys=0.00, real=0.00 secs] 
2024-10-06T01:28:27.378+0300: 403.131: Total time for which application threads were stopped: 0.0495772 seconds, Stopping threads took: 0.0482833 seconds
2024-10-06T01:28:28.743+0300: 404.502: Application time: 1.3712412 seconds
2024-10-06T01:28:28.790+0300: 404.542: [GC (Allocation Failure) [PSYoungGen: 235888K->1101K(237056K)] 244345K->9574K(715264K), 0.0006671 secs] [Times: user=0.00 sys=0.00, real=0.00 secs] 
2024-10-06T01:28:28.790+0300: 404.542: Total time for which application threads were stopped: 0.0402948 seconds, Stopping threads took: 0.0394980 seconds
2024-10-06T01:28:30.155+0300: 405.916: Application time: 1.3735070 seconds
2024-10-06T01:28:30.202+0300: 405.953: [GC (Allocation Failure) [PSYoungGen: 236481K->304K(237056K)] 244954K->8785K(715264K), 0.0008207 secs] [Times: user=0.00 sys=0.00, real=0.00 secs] 
2024-10-06T01:28:30.202+0300: 405.954: Total time for which application threads were stopped: 0.0383382 seconds, Stopping threads took: 0.0373558 seconds
2024-10-06T01:28:31.552+0300: 407.316: Application time: 1.3614318 seconds
2024-10-06T01:28:31.614+0300: 407.366: [GC (Allocation Failure) [PSYoungGen: 235572K->678K(237056K)] 244054K->9167K(715264K), 0.0010741 secs] [Times: user=0.00 sys=0.00, real=0.00 secs] 
2024-10-06T01:28:31.614+0300: 407.367: Total time for which application threads were stopped: 0.0514197 seconds, Stopping threads took: 0.0501119 seconds
2024-10-06T01:28:32.979+0300: 408.735: Application time: 1.3676946 seconds
2024-10-06T01:28:33.026+0300: 408.778: [GC (Allocation Failure) [PSYoungGen: 236116K->1264K(237056K)] 244605K->9761K(715264K), 0.0008753 secs] [Times: user=0.00 sys=0.00, real=0.00 secs] 
2024-10-06T01:28:33.026+0300: 408.779: Total time for which application threads were stopped: 0.0439093 seconds, Stopping threads took: 0.0428997 seconds
2024-10-06T01:28:34.375+0300: 410.141: Application time: 1.3618872 seconds
2024-10-06T01:28:34.437+0300: 410.189: [GC (Allocation Failure) [PSYoungGen: 236552K->678K(237056K)] 245049K->9191K(715264K), 0.0010068 secs] [Times: user=0.00 sys=0.00, real=0.00 secs] 
2024-10-06T01:28:34.437+0300: 410.190: Total time for which application threads were stopped: 0.0497694 seconds, Stopping threads took: 0.0485506 seconds
2024-10-06T01:28:35.786+0300: 411.553: Application time: 1.3625445 seconds
2024-10-06T01:28:35.849+0300: 411.601: [GC (Allocation Failure) [PSYoungGen: 236195K->1085K(237056K)] 244709K->9622K(715264K), 0.0011369 secs] [Times: user=0.00 sys=0.00, real=0.00 secs] 
2024-10-06T01:28:35.849+0300: 411.602: Total time for which application threads were stopped: 0.0492148 seconds, Stopping threads took: 0.0478663 seconds
2024-10-06T01:28:37.199+0300: 412.965: Application time: 1.3625782 seconds
2024-10-06T01:28:37.245+0300: 412.997: [GC (Allocation Failure) [PSYoungGen: 236579K->678K(237056K)] 245117K->9231K(715264K), 0.0010391 secs] [Times: user=0.00 sys=0.00, real=0.00 secs] 
2024-10-06T01:28:37.245+0300: 412.998: Total time for which application threads were stopped: 0.0336123 seconds, Stopping threads took: 0.0323544 seconds
2024-10-06T01:28:38.611+0300: 414.366: Application time: 1.3679370 seconds
2024-10-06T01:28:38.658+0300: 414.410: [GC (Allocation Failure) [PSYoungGen: 236196K->1296K(237056K)] 244749K->9857K(715264K), 0.0012763 secs] [Times: user=0.00 sys=0.00, real=0.00 secs] 
2024-10-06T01:28:38.658+0300: 414.411: Total time for which application threads were stopped: 0.0452251 seconds, Stopping threads took: 0.0435727 seconds
2024-10-06T01:28:40.023+0300: 415.789: Application time: 1.3777365 seconds
2024-10-06T01:28:40.071+0300: 415.823: [GC (Allocation Failure) [PSYoungGen: 236665K->694K(236032K)] 245226K->9271K(714240K), 0.0011358 secs] [Times: user=0.00 sys=0.00, real=0.00 secs] 
2024-10-06T01:28:40.071+0300: 415.824: Total time for which application threads were stopped: 0.0345405 seconds, Stopping threads took: 0.0332147 seconds
2024-10-06T01:28:41.419+0300: 417.181: Application time: 1.3576694 seconds
2024-10-06T01:28:41.451+0300: 417.202: [GC (Allocation Failure) [PSYoungGen: 235185K->1085K(236544K)] 243762K->9670K(714752K), 0.0011594 secs] [Times: user=0.00 sys=0.00, real=0.00 secs] 
2024-10-06T01:28:41.451+0300: 417.204: Total time for which application threads were stopped: 0.0222533 seconds, Stopping threads took: 0.0208947 seconds
2024-10-06T01:28:42.815+0300: 418.569: Application time: 1.3648341 seconds
2024-10-06T01:28:42.862+0300: 418.614: [GC (Allocation Failure) [PSYoungGen: 235581K->678K(237056K)] 244166K->9279K(715264K), 0.0010995 secs] [Times: user=0.00 sys=0.00, real=0.00 secs] 
2024-10-06T01:28:42.862+0300: 418.616: Total time for which application threads were stopped: 0.0469992 seconds, Stopping threads took: 0.0456925 seconds
2024-10-06T01:28:44.227+0300: 419.981: Application time: 1.3657784 seconds
2024-10-06T01:28:44.274+0300: 420.026: [GC (Allocation Failure) [PSYoungGen: 235484K->710K(236544K)] 244085K->9327K(714752K), 0.0011204 secs] [Times: user=0.00 sys=0.00, real=0.00 secs] 
2024-10-06T01:28:44.274+0300: 420.027: Total time for which application threads were stopped: 0.0460831 seconds, Stopping threads took: 0.0447767 seconds
2024-10-06T01:28:45.624+0300: 421.386: Application time: 1.3584200 seconds
2024-10-06T01:28:45.672+0300: 421.423: [GC (Allocation Failure) [PSYoungGen: 235664K->710K(237056K)] 244281K->9343K(715264K), 0.0012456 secs] [Times: user=0.00 sys=0.00, real=0.00 secs] 
2024-10-06T01:28:45.672+0300: 421.425: Total time for which application threads were stopped: 0.0389069 seconds, Stopping threads took: 0.0374381 seconds
2024-10-06T01:28:47.037+0300: 422.793: Application time: 1.3683705 seconds
2024-10-06T01:28:47.084+0300: 422.836: [GC (Allocation Failure) [PSYoungGen: 236227K->288K(237056K)] 244860K->8929K(715264K), 0.0010333 secs] [Times: user=0.00 sys=0.00, real=0.00 secs] 
2024-10-06T01:28:47.084+0300: 422.837: Total time for which application threads were stopped: 0.0438601 seconds, Stopping threads took: 0.0426236 seconds
2024-10-06T01:28:48.449+0300: 424.204: Application time: 1.3669003 seconds
2024-10-06T01:28:48.497+0300: 424.248: [GC (Allocation Failure) [PSYoungGen: 235526K->678K(237056K)] 244168K->9351K(715264K), 0.0011211 secs] [Times: user=0.00 sys=0.00, real=0.00 secs] 
2024-10-06T01:28:48.497+0300: 424.250: Total time for which application threads were stopped: 0.0457902 seconds, Stopping threads took: 0.0444669 seconds
2024-10-06T01:28:49.861+0300: 425.620: Application time: 1.3706969 seconds
2024-10-06T01:28:49.908+0300: 425.660: [GC (Allocation Failure) [PSYoungGen: 236090K->288K(237056K)] 244763K->9001K(715264K), 0.0011083 secs] [Times: user=0.00 sys=0.00, real=0.00 secs] 
2024-10-06T01:28:49.908+0300: 425.661: Total time for which application threads were stopped: 0.0408292 seconds, Stopping threads took: 0.0395161 seconds
2024-10-06T01:28:51.257+0300: 427.022: Application time: 1.3606857 seconds
2024-10-06T01:28:51.304+0300: 427.056: [GC (Allocation Failure) [PSYoungGen: 235507K->662K(237056K)] 244220K->9399K(715264K), 0.0010381 secs] [Times: user=0.00 sys=0.00, real=0.00 secs] 
2024-10-06T01:28:51.304+0300: 427.057: Total time for which application threads were stopped: 0.0352015 seconds, Stopping threads took: 0.0339618 seconds
2024-10-06T01:28:52.654+0300: 428.418: Application time: 1.3609661 seconds
2024-10-06T01:28:52.701+0300: 428.453: [GC (Allocation Failure) [PSYoungGen: 236013K->1053K(237056K)] 244750K->9806K(715264K), 0.0014187 secs] [Times: user=0.00 sys=0.00, real=0.00 secs] 
2024-10-06T01:28:52.701+0300: 428.455: Total time for which application threads were stopped: 0.0366179 seconds, Stopping threads took: 0.0349485 seconds
2024-10-06T01:28:54.066+0300: 429.831: Application time: 1.3767408 seconds
2024-10-06T01:28:54.114+0300: 429.866: [GC (Allocation Failure) [PSYoungGen: 236460K->483K(237056K)] 245213K->9276K(715264K), 0.0010744 secs] [Times: user=0.00 sys=0.00, real=0.00 secs] 
2024-10-06T01:28:54.114+0300: 429.867: Total time for which application threads were stopped: 0.0353230 seconds, Stopping threads took: 0.0340422 seconds
2024-10-06T01:28:55.464+0300: 431.229: Application time: 1.3627565 seconds
2024-10-06T01:28:55.511+0300: 431.263: [GC (Allocation Failure) [PSYoungGen: 235858K->1037K(237056K)] 244652K->9846K(715264K), 0.0011886 secs] [Times: user=0.00 sys=0.00, real=0.00 secs] 
2024-10-06T01:28:55.511+0300: 431.264: Total time for which application threads were stopped: 0.0345837 seconds, Stopping threads took: 0.0331859 seconds
2024-10-06T01:28:56.877+0300: 432.634: Application time: 1.3697261 seconds
2024-10-06T01:28:56.924+0300: 432.676: [GC (Allocation Failure) [PSYoungGen: 236481K->256K(237056K)] 245290K->9073K(715264K), 0.0011056 secs] [Times: user=0.00 sys=0.00, real=0.00 secs] 
2024-10-06T01:28:56.924+0300: 432.677: Total time for which application threads were stopped: 0.0430448 seconds, Stopping threads took: 0.0417392 seconds
2024-10-06T01:28:58.273+0300: 434.036: Application time: 1.3590817 seconds
2024-10-06T01:28:58.305+0300: 434.056: [GC (Allocation Failure) [PSYoungGen: 235776K->1280K(237056K)] 244593K->10496K(715264K), 0.0010833 secs] [Times: user=0.00 sys=0.00, real=0.00 secs] 
2024-10-06T01:28:58.305+0300: 434.058: Total time for which application threads were stopped: 0.0217022 seconds, Stopping threads took: 0.0203895 seconds
2024-10-06T01:28:59.670+0300: 435.430: Application time: 1.3725427 seconds
2024-10-06T01:28:59.717+0300: 435.469: [GC (Allocation Failure) [PSYoungGen: 236622K->1101K(236032K)] 245838K->10333K(714240K), 0.0010579 secs] [Times: user=0.00 sys=0.00, real=0.00 secs] 
2024-10-06T01:28:59.717+0300: 435.470: Total time for which application threads were stopped: 0.0402179 seconds, Stopping threads took: 0.0389616 seconds
2024-10-06T01:29:01.082+0300: 436.843: Application time: 1.3726927 seconds
2024-10-06T01:29:01.130+0300: 436.882: [GC (Allocation Failure) [PSYoungGen: 235597K->678K(236544K)] 244829K->9942K(714752K), 0.0011520 secs] [Times: user=0.00 sys=0.00, real=0.00 secs] 
2024-10-06T01:29:01.130+0300: 436.883: Total time for which application threads were stopped: 0.0396841 seconds, Stopping threads took: 0.0383448 seconds
2024-10-06T01:29:02.480+0300: 438.245: Application time: 1.3620326 seconds
2024-10-06T01:29:02.511+0300: 438.263: [GC (Allocation Failure) [PSYoungGen: 235065K->1085K(236544K)] 244329K->10365K(714752K), 0.0012622 secs] [Times: user=0.00 sys=0.00, real=0.00 secs] 
2024-10-06T01:29:02.511+0300: 438.264: Total time for which application threads were stopped: 0.0195652 seconds, Stopping threads took: 0.0180938 seconds
2024-10-06T01:29:03.877+0300: 439.633: Application time: 1.3683684 seconds
2024-10-06T01:29:03.925+0300: 439.676: [GC (Allocation Failure) [PSYoungGen: 235422K->451K(236544K)] 244702K->9747K(714752K), 0.0009394 secs] [Times: user=0.00 sys=0.00, real=0.00 secs] 
2024-10-06T01:29:03.925+0300: 439.677: Total time for which application threads were stopped: 0.0446107 seconds, Stopping threads took: 0.0434946 seconds
2024-10-06T01:29:05.274+0300: 441.040: Application time: 1.3627608 seconds
2024-10-06T01:29:05.321+0300: 441.073: [GC (Allocation Failure) [PSYoungGen: 234778K->1053K(236544K)] 244074K->10357K(714752K), 0.0011187 secs] [Times: user=0.00 sys=0.00, real=0.00 secs] 
2024-10-06T01:29:05.321+0300: 441.074: Total time for which application threads were stopped: 0.0337935 seconds, Stopping threads took: 0.0324708 seconds
2024-10-06T01:29:06.682+0300: 442.434: Application time: 1.3605227 seconds
2024-10-06T01:29:06.718+0300: 442.470: [GC (Allocation Failure) [PSYoungGen: 235493K->694K(236544K)] 244797K->10014K(714752K), 0.0011510 secs] [Times: user=0.00 sys=0.00, real=0.00 secs] 
2024-10-06T01:29:06.718+0300: 442.471: Total time for which application threads were stopped: 0.0362618 seconds, Stopping threads took: 0.0349304 seconds
2024-10-06T01:29:08.082+0300: 443.834: Application time: 1.3635529 seconds
2024-10-06T01:29:08.114+0300: 443.866: [GC (Allocation Failure) [PSYoungGen: 235072K->1085K(236544K)] 244392K->10429K(714752K), 0.0012121 secs] [Times: user=0.00 sys=0.00, real=0.00 secs] 
2024-10-06T01:29:08.114+0300: 443.867: Total time for which application threads were stopped: 0.0328736 seconds, Stopping threads took: 0.0314288 seconds
2024-10-06T01:29:09.478+0300: 445.234: Application time: 1.3668316 seconds
2024-10-06T01:29:09.525+0300: 445.278: [GC (Allocation Failure) [PSYoungGen: 235448K->483K(236544K)] 244792K->9867K(714752K), 0.0010713 secs] [Times: user=0.00 sys=0.00, real=0.00 secs] 
2024-10-06T01:29:09.525+0300: 445.279: Total time for which application threads were stopped: 0.0447844 seconds, Stopping threads took: 0.0435175 seconds
2024-10-06T01:29:10.875+0300: 446.639: Application time: 1.3603211 seconds
2024-10-06T01:29:10.922+0300: 446.674: [GC (Allocation Failure) [PSYoungGen: 234831K->1069K(236544K)] 244215K->10485K(714752K), 0.0011506 secs] [Times: user=0.00 sys=0.00, real=0.00 secs] 
2024-10-06T01:29:10.922+0300: 446.675: Total time for which application threads were stopped: 0.0362913 seconds, Stopping threads took: 0.0349158 seconds
2024-10-06T01:29:12.272+0300: 448.036: Application time: 1.3603360 seconds
2024-10-06T01:29:12.319+0300: 448.071: [GC (Allocation Failure) [PSYoungGen: 235440K->467K(236544K)] 244856K->9915K(714752K), 0.0009958 secs] [Times: user=0.00 sys=0.00, real=0.00 secs] 
2024-10-06T01:29:12.319+0300: 448.072: Total time for which application threads were stopped: 0.0363558 seconds, Stopping threads took: 0.0351440 seconds
2024-10-06T01:29:13.700+0300: 449.454: Application time: 1.3815618 seconds
2024-10-06T01:29:13.732+0300: 449.483: [GC (Allocation Failure) [PSYoungGen: 234593K->710K(237056K)] 244041K->10166K(715264K), 0.0004984 secs] [Times: user=0.00 sys=0.00, real=0.00 secs] 
2024-10-06T01:29:13.732+0300: 449.484: Total time for which application threads were stopped: 0.0300847 seconds, Stopping threads took: 0.0294849 seconds
2024-10-06T01:29:15.121+0300: 450.875: Application time: 1.3912421 seconds
2024-10-06T01:29:15.159+0300: 450.911: [GC (Allocation Failure) [PSYoungGen: 235550K->678K(236544K)] 245005K->10158K(714752K), 0.0007941 secs] [Times: user=0.00 sys=0.00, real=0.00 secs] 
2024-10-06T01:29:15.159+0300: 450.912: Total time for which application threads were stopped: 0.0371784 seconds, Stopping threads took: 0.0362081 seconds
2024-10-06T01:29:16.509+0300: 452.274: Application time: 1.3618625 seconds
2024-10-06T01:29:16.572+0300: 452.324: [GC (Allocation Failure) [PSYoungGen: 235326K->678K(237056K)] 244805K->10174K(715264K), 0.0011259 secs] [Times: user=0.00 sys=0.00, real=0.00 secs] 
2024-10-06T01:29:16.572+0300: 452.325: Total time for which application threads were stopped: 0.0509546 seconds, Stopping threads took: 0.0496041 seconds
2024-10-06T01:29:17.577+0300: 453.328: Application time: 1.0031513 seconds
2024-10-06T01:29:17.608+0300: 453.360: Total time for which application threads were stopped: 0.0315440 seconds, Stopping threads took: 0.0314230 seconds
2024-10-06T01:29:17.952+0300: 453.704: Application time: 0.3440014 seconds
2024-10-06T01:29:18.000+0300: 453.752: [GC (Allocation Failure) [PSYoungGen: 236072K->1101K(237056K)] 245568K->10613K(715264K), 0.0007603 secs] [Times: user=0.00 sys=0.00, real=0.00 secs] 
2024-10-06T01:29:18.000+0300: 453.753: Total time for which application threads were stopped: 0.0490787 seconds, Stopping threads took: 0.0481525 seconds
2024-10-06T01:29:19.381+0300: 455.138: Application time: 1.3855390 seconds
2024-10-06T01:29:19.427+0300: 455.179: [GC (Allocation Failure) [PSYoungGen: 236447K->531K(237056K)] 245959K->10067K(715264K), 0.0012160 secs] [Times: user=0.00 sys=0.00, real=0.00 secs] 
2024-10-06T01:29:19.427+0300: 455.181: Total time for which application threads were stopped: 0.0423544 seconds, Stopping threads took: 0.0409263 seconds
2024-10-06T01:29:20.777+0300: 456.543: Application time: 1.3617978 seconds
2024-10-06T01:29:20.840+0300: 456.592: [GC (Allocation Failure) [PSYoungGen: 235755K->662K(237056K)] 245291K->10230K(715264K), 0.0011812 secs] [Times: user=0.00 sys=0.00, real=0.00 secs] 
2024-10-06T01:29:20.840+0300: 456.593: Total time for which application threads were stopped: 0.0505175 seconds, Stopping threads took: 0.0491269 seconds
2024-10-06T01:29:22.189+0300: 457.955: Application time: 1.3623998 seconds
2024-10-06T01:29:22.252+0300: 458.004: [GC (Allocation Failure) [PSYoungGen: 236051K->288K(237056K)] 245619K->9871K(715264K), 0.0010979 secs] [Times: user=0.00 sys=0.00, real=0.00 secs] 
2024-10-06T01:29:22.252+0300: 458.005: Total time for which application threads were stopped: 0.0499706 seconds, Stopping threads took: 0.0486712 seconds
2024-10-06T01:29:23.616+0300: 459.368: Application time: 1.3625142 seconds
2024-10-06T01:29:23.663+0300: 459.415: [GC (Allocation Failure) [PSYoungGen: 235753K->483K(237056K)] 245337K->10099K(715264K), 0.0011664 secs] [Times: user=0.00 sys=0.00, real=0.00 secs] 
2024-10-06T01:29:23.663+0300: 459.416: Total time for which application threads were stopped: 0.0485012 seconds, Stopping threads took: 0.0471384 seconds
2024-10-06T01:29:25.028+0300: 460.785: Application time: 1.3688181 seconds
2024-10-06T01:29:25.076+0300: 460.828: [GC (Allocation Failure) [PSYoungGen: 235937K->1085K(237056K)] 245553K->10733K(715264K), 0.0009493 secs] [Times: user=0.00 sys=0.00, real=0.00 secs] 
2024-10-06T01:29:25.076+0300: 460.829: Total time for which application threads were stopped: 0.0434570 seconds, Stopping threads took: 0.0422766 seconds
2024-10-06T01:29:26.425+0300: 462.189: Application time: 1.3607931 seconds
2024-10-06T01:29:26.472+0300: 462.224: [GC (Allocation Failure) [PSYoungGen: 236395K->1460K(237056K)] 246042K->11123K(715264K), 0.0011081 secs] [Times: user=0.00 sys=0.00, real=0.00 secs] 
2024-10-06T01:29:26.472+0300: 462.225: Total time for which application threads were stopped: 0.0357265 seconds, Stopping threads took: 0.0344188 seconds
2024-10-06T01:29:27.837+0300: 463.593: Application time: 1.3680169 seconds
2024-10-06T01:29:27.884+0300: 463.636: [GC (Allocation Failure) [PSYoungGen: 236816K->1069K(236032K)] 246480K->10749K(714240K), 0.0009394 secs] [Times: user=0.00 sys=0.00, real=0.00 secs] 
2024-10-06T01:29:27.884+0300: 463.637: Total time for which application threads were stopped: 0.0441958 seconds, Stopping threads took: 0.0430762 seconds
2024-10-06T01:29:29.250+0300: 465.002: Application time: 1.3645612 seconds
2024-10-06T01:29:29.296+0300: 465.048: [GC (Allocation Failure) [PSYoungGen: 235459K->288K(236544K)] 245139K->9999K(714752K), 0.0010518 secs] [Times: user=0.00 sys=0.00, real=0.00 secs] 
2024-10-06T01:29:29.296+0300: 465.049: Total time for which application threads were stopped: 0.0469564 seconds, Stopping threads took: 0.0457061 seconds
2024-10-06T01:29:30.652+0300: 466.404: Application time: 1.3551597 seconds
2024-10-06T01:29:30.677+0300: 466.429: [GC (Allocation Failure) [PSYoungGen: 234435K->694K(236544K)] 244147K->10422K(714752K), 0.0010409 secs] [Times: user=0.00 sys=0.00, real=0.00 secs] 
2024-10-06T01:29:30.677+0300: 466.430: Total time for which application threads were stopped: 0.0256400 seconds, Stopping threads took: 0.0243384 seconds
2024-10-06T01:29:32.055+0300: 467.807: Application time: 1.3768205 seconds
2024-10-06T01:29:32.088+0300: 467.840: [GC (Allocation Failure) [PSYoungGen: 235134K->1264K(236544K)] 244862K->11000K(714752K), 0.0006694 secs] [Times: user=0.00 sys=0.00, real=0.00 secs] 
2024-10-06T01:29:32.088+0300: 467.841: Total time for which application threads were stopped: 0.0342103 seconds, Stopping threads took: 0.0333629 seconds
2024-10-06T01:29:33.458+0300: 469.212: Application time: 1.3709187 seconds
2024-10-06T01:29:33.500+0300: 469.252: [GC (Allocation Failure) [PSYoungGen: 235486K->710K(236544K)] 245222K->10454K(714752K), 0.0007959 secs] [Times: user=0.00 sys=0.00, real=0.00 secs] 
2024-10-06T01:29:33.500+0300: 469.253: Total time for which application threads were stopped: 0.0412171 seconds, Stopping threads took: 0.0402649 seconds
2024-10-06T01:29:34.866+0300: 470.619: Application time: 1.3662861 seconds
2024-10-06T01:29:34.913+0300: 470.665: [GC (Allocation Failure) [PSYoungGen: 235204K->1069K(236544K)] 244948K->10845K(714752K), 0.0010813 secs] [Times: user=0.00 sys=0.00, real=0.00 secs] 
2024-10-06T01:29:34.913+0300: 470.666: Total time for which application threads were stopped: 0.0466601 seconds, Stopping threads took: 0.0453607 seconds
2024-10-06T01:29:36.263+0300: 472.027: Application time: 1.3614918 seconds
2024-10-06T01:29:36.324+0300: 472.076: [GC (Allocation Failure) [PSYoungGen: 235490K->678K(236544K)] 245265K->10494K(714752K), 0.0011455 secs] [Times: user=0.00 sys=0.00, real=0.00 secs] 
2024-10-06T01:29:36.324+0300: 472.077: Total time for which application threads were stopped: 0.0497978 seconds, Stopping threads took: 0.0484490 seconds
2024-10-06T01:29:37.673+0300: 473.440: Application time: 1.3624774 seconds
2024-10-06T01:29:37.720+0300: 473.472: [GC (Allocation Failure) [PSYoungGen: 235115K->288K(236544K)] 244931K->10119K(714752K), 0.0010343 secs] [Times: user=0.00 sys=0.00, real=0.00 secs] 
2024-10-06T01:29:37.720+0300: 473.473: Total time for which application threads were stopped: 0.0332641 seconds, Stopping threads took: 0.0320104 seconds
2024-10-06T01:29:39.085+0300: 474.843: Application time: 1.3705064 seconds
2024-10-06T01:29:39.117+0300: 474.868: [GC (Allocation Failure) [PSYoungGen: 234710K->1053K(236544K)] 244542K->10893K(714752K), 0.0012616 secs] [Times: user=0.00 sys=0.00, real=0.00 secs] 
2024-10-06T01:29:39.117+0300: 474.870: Total time for which application threads were stopped: 0.0262969 seconds, Stopping threads took: 0.0248188 seconds
2024-10-06T01:29:40.482+0300: 476.235: Application time: 1.3649985 seconds
2024-10-06T01:29:40.529+0300: 476.281: [GC (Allocation Failure) [PSYoungGen: 235542K->451K(236544K)] 245382K->10331K(714752K), 0.0010981 secs] [Times: user=0.00 sys=0.00, real=0.00 secs] 
2024-10-06T01:29:40.529+0300: 476.282: Total time for which application threads were stopped: 0.0475977 seconds, Stopping threads took: 0.0462854 seconds
2024-10-06T01:29:41.879+0300: 477.640: Application time: 1.3572307 seconds
2024-10-06T01:29:41.926+0300: 477.678: [GC (Allocation Failure) [PSYoungGen: 234818K->1069K(236544K)] 244698K->10981K(714752K), 0.0012480 secs] [Times: user=0.00 sys=0.00, real=0.00 secs] 
2024-10-06T01:29:41.926+0300: 477.679: Total time for which application threads were stopped: 0.0392871 seconds, Stopping threads took: 0.0378442 seconds
2024-10-06T01:29:43.277+0300: 479.042: Application time: 1.3635147 seconds
2024-10-06T01:29:43.307+0300: 479.059: [GC (Allocation Failure) [PSYoungGen: 235237K->1475K(236544K)] 245149K->11395K(714752K), 0.0010714 secs] [Times: user=0.00 sys=0.00, real=0.00 secs] 
2024-10-06T01:29:43.307+0300: 479.060: Total time for which application threads were stopped: 0.0179306 seconds, Stopping threads took: 0.0166521 seconds
2024-10-06T01:29:44.656+0300: 480.420: Application time: 1.3600705 seconds
2024-10-06T01:29:44.704+0300: 480.455: [GC (Allocation Failure) [PSYoungGen: 235870K->1069K(236544K)] 245790K->11013K(714752K), 0.0010411 secs] [Times: user=0.00 sys=0.00, real=0.00 secs] 
2024-10-06T01:29:44.704+0300: 480.456: Total time for which application threads were stopped: 0.0360256 seconds, Stopping threads took: 0.0348040 seconds
2024-10-06T01:29:46.068+0300: 481.820: Application time: 1.3635993 seconds
2024-10-06T01:29:46.115+0300: 481.867: [GC (Allocation Failure) [PSYoungGen: 235558K->483K(236544K)] 245502K->10459K(714752K), 0.0010887 secs] [Times: user=0.00 sys=0.00, real=0.00 secs] 
2024-10-06T01:29:46.115+0300: 481.868: Total time for which application threads were stopped: 0.0481842 seconds, Stopping threads took: 0.0468934 seconds
2024-10-06T01:29:47.465+0300: 483.219: Application time: 1.3505991 seconds
2024-10-06T01:29:47.496+0300: 483.248: [GC (Allocation Failure) [PSYoungGen: 234831K->1053K(236544K)] 244807K->11045K(714752K), 0.0010167 secs] [Times: user=0.00 sys=0.00, real=0.00 secs] 
2024-10-06T01:29:47.496+0300: 483.249: Total time for which application threads were stopped: 0.0303231 seconds, Stopping threads took: 0.0291169 seconds
2024-10-06T01:29:48.861+0300: 484.624: Application time: 1.3749947 seconds
2024-10-06T01:29:48.909+0300: 484.661: [GC (Allocation Failure) [PSYoungGen: 235525K->678K(236544K)] 245517K->10694K(714752K), 0.0010080 secs] [Times: user=0.00 sys=0.00, real=0.00 secs] 
2024-10-06T01:29:48.909+0300: 484.662: Total time for which application threads were stopped: 0.0375848 seconds, Stopping threads took: 0.0363570 seconds
2024-10-06T01:29:50.274+0300: 486.029: Application time: 1.3677526 seconds
2024-10-06T01:29:50.322+0300: 486.073: [GC (Allocation Failure) [PSYoungGen: 235144K->272K(236544K)] 245160K->10311K(714752K), 0.0010309 secs] [Times: user=0.00 sys=0.00, real=0.00 secs] 
2024-10-06T01:29:50.322+0300: 486.075: Total time for which application threads were stopped: 0.0450724 seconds, Stopping threads took: 0.0438440 seconds
2024-10-06T01:29:51.670+0300: 487.435: Application time: 1.3607600 seconds
2024-10-06T01:29:51.702+0300: 487.454: [GC (Allocation Failure) [PSYoungGen: 234651K->678K(236544K)] 244691K->10734K(714752K), 0.0010442 secs] [Times: user=0.00 sys=0.00, real=0.00 secs] 
2024-10-06T01:29:51.702+0300: 487.455: Total time for which application threads were stopped: 0.0195685 seconds, Stopping threads took: 0.0183307 seconds
2024-10-06T01:29:53.066+0300: 488.823: Application time: 1.3679453 seconds
2024-10-06T01:29:53.098+0300: 488.850: [GC (Allocation Failure) [PSYoungGen: 235120K->1264K(236544K)] 245175K->11344K(714752K), 0.0007737 secs] [Times: user=0.00 sys=0.00, real=0.00 secs] 
2024-10-06T01:29:53.098+0300: 488.851: Total time for which application threads were stopped: 0.0277270 seconds, Stopping threads took: 0.0267894 seconds
2024-10-06T01:29:54.447+0300: 490.213: Application time: 1.3621586 seconds
2024-10-06T01:29:54.494+0300: 490.246: [GC (Allocation Failure) [PSYoungGen: 235490K->662K(236544K)] 245570K->10758K(714752K), 0.0010644 secs] [Times: user=0.00 sys=0.00, real=0.00 secs] 
2024-10-06T01:29:54.494+0300: 490.247: Total time for which application threads were stopped: 0.0342680 seconds, Stopping threads took: 0.0330224 seconds
2024-10-06T01:29:55.844+0300: 491.611: Application time: 1.3635840 seconds
2024-10-06T01:29:55.891+0300: 491.643: [GC (Allocation Failure) [PSYoungGen: 235129K->678K(236544K)] 245224K->10790K(714752K), 0.0011587 secs] [Times: user=0.00 sys=0.00, real=0.00 secs] 
2024-10-06T01:29:55.891+0300: 491.644: Total time for which application threads were stopped: 0.0333881 seconds, Stopping threads took: 0.0319687 seconds
2024-10-06T01:29:57.241+0300: 493.001: Application time: 1.3570639 seconds
2024-10-06T01:29:57.272+0300: 493.024: [GC (Allocation Failure) [PSYoungGen: 235057K->1069K(236544K)] 245169K->11205K(714752K), 0.0011975 secs] [Times: user=0.00 sys=0.00, real=0.00 secs] 
2024-10-06T01:29:57.272+0300: 493.025: Total time for which application threads were stopped: 0.0241593 seconds, Stopping threads took: 0.0226883 seconds
2024-10-06T01:29:58.636+0300: 494.389: Application time: 1.3633997 seconds
2024-10-06T01:29:58.683+0300: 494.435: [GC (Allocation Failure) [PSYoungGen: 235430K->483K(236544K)] 245566K->10635K(714752K), 0.0010831 secs] [Times: user=0.00 sys=0.00, real=0.00 secs] 
2024-10-06T01:29:58.683+0300: 494.436: Total time for which application threads were stopped: 0.0473080 seconds, Stopping threads took: 0.0460278 seconds
2024-10-06T01:30:00.048+0300: 495.802: Application time: 1.3656486 seconds
2024-10-06T01:30:00.064+0300: 495.816: [GC (Allocation Failure) [PSYoungGen: 234957K->1264K(236544K)] 245109K->11424K(714752K), 0.0009853 secs] [Times: user=0.00 sys=0.00, real=0.00 secs] 
2024-10-06T01:30:00.064+0300: 495.817: Total time for which application threads were stopped: 0.0154683 seconds, Stopping threads took: 0.0142159 seconds
2024-10-06T01:30:01.429+0300: 497.190: Application time: 1.3727637 seconds
2024-10-06T01:30:01.476+0300: 497.228: [GC (Allocation Failure) [PSYoungGen: 235483K->694K(236544K)] 245643K->10870K(714752K), 0.0010745 secs] [Times: user=0.00 sys=0.00, real=0.00 secs] 
2024-10-06T01:30:01.476+0300: 497.229: Total time for which application threads were stopped: 0.0392012 seconds, Stopping threads took: 0.0379233 seconds
2024-10-06T01:30:02.088+0300: 497.841: Application time: 0.6118152 seconds
2024-10-06T01:30:02.120+0300: 497.871: Total time for which application threads were stopped: 0.0305315 seconds, Stopping threads took: 0.0304243 seconds
2024-10-06T01:30:02.261+0300: 498.014: Application time: 0.1423587 seconds
2024-10-06T01:30:02.307+0300: 498.059: Total time for which application threads were stopped: 0.0456559 seconds, Stopping threads took: 0.0455554 seconds
2024-10-06T01:30:02.402+0300: 498.160: Application time: 0.1006585 seconds
2024-10-06T01:30:02.449+0300: 498.201: Total time for which application threads were stopped: 0.0406623 seconds, Stopping threads took: 0.0405550 seconds
2024-10-06T01:30:02.700+0300: 498.458: Application time: 0.2572678 seconds
2024-10-06T01:30:02.700+0300: 498.458: Total time for which application threads were stopped: 0.0002659 seconds, Stopping threads took: 0.0002211 seconds
2024-10-06T01:30:03.030+0300: 498.796: Application time: 0.3379710 seconds
2024-10-06T01:30:03.076+0300: 498.828: [GC (Allocation Failure) [PSYoungGen: 235059K->1069K(236544K)] 245235K->11269K(714752K), 0.0010890 secs] [Times: user=0.00 sys=0.00, real=0.00 secs] 
2024-10-06T01:30:03.076+0300: 498.829: Total time for which application threads were stopped: 0.0332315 seconds, Stopping threads took: 0.0319333 seconds
2024-10-06T01:30:04.419+0300: 500.175: Application time: 1.3451432 seconds
2024-10-06T01:30:04.458+0300: 500.210: [GC (Allocation Failure) [PSYoungGen: 235340K->694K(236544K)] 245540K->10942K(714752K), 0.0011123 secs] [Times: user=0.00 sys=0.00, real=0.00 secs] 
2024-10-06T01:30:04.458+0300: 500.211: Total time for which application threads were stopped: 0.0366512 seconds, Stopping threads took: 0.0352818 seconds
2024-10-06T01:30:05.823+0300: 501.578: Application time: 1.3671672 seconds
2024-10-06T01:30:05.855+0300: 501.606: [GC (Allocation Failure) [PSYoungGen: 235190K->1232K(236544K)] 245438K->11512K(714752K), 0.0012137 secs] [Times: user=0.00 sys=0.00, real=0.00 secs] 
2024-10-06T01:30:05.855+0300: 501.608: Total time for which application threads were stopped: 0.0291580 seconds, Stopping threads took: 0.0277496 seconds
2024-10-06T01:30:07.218+0300: 502.973: Application time: 1.3656677 seconds
2024-10-06T01:30:07.265+0300: 503.017: [GC (Allocation Failure) [PSYoungGen: 235675K->1264K(236544K)] 245955K->11576K(714752K), 0.0012483 secs] [Times: user=0.00 sys=0.00, real=0.00 secs] 
2024-10-06T01:30:07.265+0300: 503.018: Total time for which application threads were stopped: 0.0451861 seconds, Stopping threads took: 0.0437256 seconds
2024-10-06T01:30:08.628+0300: 504.381: Application time: 1.3626146 seconds
2024-10-06T01:30:08.678+0300: 504.430: [GC (Allocation Failure) [PSYoungGen: 235457K->710K(236544K)] 245768K->11030K(714752K), 0.0011624 secs] [Times: user=0.00 sys=0.00, real=0.00 secs] 
2024-10-06T01:30:08.678+0300: 504.431: Total time for which application threads were stopped: 0.0496181 seconds, Stopping threads took: 0.0482556 seconds
2024-10-06T01:30:10.031+0300: 505.788: Application time: 1.3571338 seconds
2024-10-06T01:30:10.074+0300: 505.826: [GC (Allocation Failure) [PSYoungGen: 235135K->467K(236544K)] 245455K->10827K(714752K), 0.0009529 secs] [Times: user=0.00 sys=0.00, real=0.00 secs] 
2024-10-06T01:30:10.074+0300: 505.827: Total time for which application threads were stopped: 0.0389110 seconds, Stopping threads took: 0.0377710 seconds
2024-10-06T01:30:11.423+0300: 507.183: Application time: 1.3561813 seconds
2024-10-06T01:30:11.455+0300: 507.207: [GC (Allocation Failure) [PSYoungGen: 234936K->1101K(236544K)] 245296K->11493K(714752K), 0.0011799 secs] [Times: user=0.00 sys=0.00, real=0.00 secs] 
2024-10-06T01:30:11.455+0300: 507.208: Total time for which application threads were stopped: 0.0250675 seconds, Stopping threads took: 0.0236865 seconds
2024-10-06T01:30:12.820+0300: 508.576: Application time: 1.3682181 seconds
2024-10-06T01:30:12.852+0300: 508.604: [GC (Allocation Failure) [PSYoungGen: 235234K->694K(236544K)] 245625K->11102K(714752K), 0.0009033 secs] [Times: user=0.00 sys=0.00, real=0.00 secs] 
2024-10-06T01:30:12.852+0300: 508.605: Total time for which application threads were stopped: 0.0282646 seconds, Stopping threads took: 0.0271790 seconds
2024-10-06T01:30:14.217+0300: 509.971: Application time: 1.3666849 seconds
2024-10-06T01:30:14.248+0300: 510.000: [GC (Allocation Failure) [PSYoungGen: 235099K->467K(236544K)] 245507K->10915K(714752K), 0.0008850 secs] [Times: user=0.00 sys=0.00, real=0.00 secs] 
2024-10-06T01:30:14.248+0300: 510.001: Total time for which application threads were stopped: 0.0298238 seconds, Stopping threads took: 0.0287411 seconds
2024-10-06T01:30:15.598+0300: 511.355: Application time: 1.3536729 seconds
2024-10-06T01:30:15.629+0300: 511.381: [GC (Allocation Failure) [PSYoungGen: 234822K->1053K(236544K)] 245270K->11517K(714752K), 0.0011244 secs] [Times: user=0.00 sys=0.00, real=0.00 secs] 
2024-10-06T01:30:15.629+0300: 511.382: Total time for which application threads were stopped: 0.0272348 seconds, Stopping threads took: 0.0258822 seconds
2024-10-06T01:30:16.990+0300: 512.744: Application time: 1.3615710 seconds
2024-10-06T01:30:17.026+0300: 512.778: [GC (Allocation Failure) [PSYoungGen: 235389K->304K(236544K)] 245853K->10807K(714752K), 0.0005152 secs] [Times: user=0.00 sys=0.00, real=0.00 secs] 
2024-10-06T01:30:17.026+0300: 512.778: Total time for which application threads were stopped: 0.0346304 seconds, Stopping threads took: 0.0339881 seconds
2024-10-06T01:30:18.376+0300: 514.131: Application time: 1.3528984 seconds
2024-10-06T01:30:18.407+0300: 514.159: [GC (Allocation Failure) [PSYoungGen: 234731K->1069K(236544K)] 245235K->11581K(714752K), 0.0010773 secs] [Times: user=0.00 sys=0.00, real=0.00 secs] 
2024-10-06T01:30:18.407+0300: 514.160: Total time for which application threads were stopped: 0.0288846 seconds, Stopping threads took: 0.0276144 seconds
2024-10-06T01:30:19.756+0300: 515.521: Application time: 1.3614833 seconds
2024-10-06T01:30:19.803+0300: 515.555: [GC (Allocation Failure) [PSYoungGen: 235424K->678K(236544K)] 245935K->11206K(714752K), 0.0008261 secs] [Times: user=0.00 sys=0.00, real=0.00 secs] 
2024-10-06T01:30:19.803+0300: 515.556: Total time for which application threads were stopped: 0.0346205 seconds, Stopping threads took: 0.0336279 seconds
2024-10-06T01:30:21.153+0300: 516.920: Application time: 1.3641634 seconds
2024-10-06T01:30:21.216+0300: 516.968: [GC (Allocation Failure) [PSYoungGen: 235156K->320K(236544K)] 245684K->10863K(714752K), 0.0010462 secs] [Times: user=0.00 sys=0.00, real=0.00 secs] 
2024-10-06T01:30:21.216+0300: 516.969: Total time for which application threads were stopped: 0.0484878 seconds, Stopping threads took: 0.0472310 seconds
2024-10-06T01:30:22.565+0300: 518.318: Application time: 1.3491671 seconds
2024-10-06T01:30:22.596+0300: 518.348: [GC (Allocation Failure) [PSYoungGen: 234805K->678K(236544K)] 245349K->11230K(714752K), 0.0011631 secs] [Times: user=0.00 sys=0.00, real=0.00 secs] 
2024-10-06T01:30:22.596+0300: 518.349: Total time for which application threads were stopped: 0.0312435 seconds, Stopping threads took: 0.0298193 seconds
2024-10-06T01:30:23.961+0300: 519.715: Application time: 1.3657969 seconds
2024-10-06T01:30:23.992+0300: 519.744: [GC (Allocation Failure) [PSYoungGen: 235042K->272K(237056K)] 245594K->10839K(715264K), 0.0011276 secs] [Times: user=0.00 sys=0.00, real=0.00 secs] 
2024-10-06T01:30:23.992+0300: 519.745: Total time for which application threads were stopped: 0.0304380 seconds, Stopping threads took: 0.0290965 seconds
2024-10-06T01:30:25.357+0300: 521.113: Application time: 1.3674100 seconds
2024-10-06T01:30:25.405+0300: 521.157: [GC (Allocation Failure) [PSYoungGen: 235496K->710K(237056K)] 246064K->11294K(715264K), 0.0011831 secs] [Times: user=0.00 sys=0.00, real=0.00 secs] 
2024-10-06T01:30:25.405+0300: 521.158: Total time for which application threads were stopped: 0.0452432 seconds, Stopping threads took: 0.0438709 seconds
2024-10-06T01:30:26.764+0300: 522.520: Application time: 1.3621251 seconds
2024-10-06T01:30:26.801+0300: 522.553: [GC (Allocation Failure) [PSYoungGen: 236101K->1069K(237056K)] 246684K->11661K(715264K), 0.0009464 secs] [Times: user=0.00 sys=0.00, real=0.00 secs] 
2024-10-06T01:30:26.801+0300: 522.554: Total time for which application threads were stopped: 0.0339899 seconds, Stopping threads took: 0.0328349 seconds
2024-10-06T01:30:28.151+0300: 523.918: Application time: 1.3633639 seconds
2024-10-06T01:30:28.198+0300: 523.950: [GC (Allocation Failure) [PSYoungGen: 236518K->1264K(237056K)] 247110K->11880K(715264K), 0.0009582 secs] [Times: user=0.00 sys=0.00, real=0.00 secs] 
2024-10-06T01:30:28.198+0300: 523.951: Total time for which application threads were stopped: 0.0333281 seconds, Stopping threads took: 0.0322064 seconds
2024-10-06T01:30:29.563+0300: 525.319: Application time: 1.3685886 seconds
2024-10-06T01:30:29.610+0300: 525.362: [GC (Allocation Failure) [PSYoungGen: 236490K->678K(236032K)] 247106K->11326K(714240K), 0.0011337 secs] [Times: user=0.00 sys=0.00, real=0.00 secs] 
2024-10-06T01:30:29.610+0300: 525.363: Total time for which application threads were stopped: 0.0437556 seconds, Stopping threads took: 0.0424295 seconds
2024-10-06T01:30:30.975+0300: 526.735: Application time: 1.3715059 seconds
2024-10-06T01:30:31.006+0300: 526.758: [GC (Allocation Failure) [PSYoungGen: 235087K->288K(236544K)] 245735K->10967K(714752K), 0.0009061 secs] [Times: user=0.00 sys=0.00, real=0.00 secs] 
2024-10-06T01:30:31.006+0300: 526.759: Total time for which application threads were stopped: 0.0241932 seconds, Stopping threads took: 0.0230727 seconds
2024-10-06T01:30:32.010+0300: 527.761: Application time: 1.0024006 seconds
2024-10-06T01:30:32.057+0300: 527.808: Total time for which application threads were stopped: 0.0470995 seconds, Stopping threads took: 0.0469919 seconds
2024-10-06T01:30:32.386+0300: 528.140: Application time: 0.3313439 seconds
2024-10-06T01:30:32.402+0300: 528.154: [GC (Allocation Failure) [PSYoungGen: 234517K->694K(237056K)] 245197K->11390K(715264K), 0.0011366 secs] [Times: user=0.00 sys=0.00, real=0.00 secs] 
2024-10-06T01:30:32.402+0300: 528.155: Total time for which application threads were stopped: 0.0152205 seconds, Stopping threads took: 0.0138986 seconds
2024-10-06T01:30:33.751+0300: 529.517: Application time: 1.3622628 seconds
2024-10-06T01:30:33.813+0300: 529.565: [GC (Allocation Failure) [PSYoungGen: 235588K->499K(236544K)] 246283K->11203K(714752K), 0.0007194 secs] [Times: user=0.00 sys=0.00, real=0.00 secs] 
2024-10-06T01:30:33.813+0300: 529.566: Total time for which application threads were stopped: 0.0488509 seconds, Stopping threads took: 0.0479377 seconds
2024-10-06T01:30:35.178+0300: 530.931: Application time: 1.3646931 seconds
2024-10-06T01:30:35.226+0300: 530.978: [GC (Allocation Failure) [PSYoungGen: 235478K->646K(237056K)] 246182K->11358K(715264K), 0.0007924 secs] [Times: user=0.00 sys=0.00, real=0.00 secs] 
2024-10-06T01:30:35.226+0300: 530.978: Total time for which application threads were stopped: 0.0475626 seconds, Stopping threads took: 0.0466160 seconds
2024-10-06T01:30:36.230+0300: 531.982: Application time: 1.0035425 seconds
2024-10-06T01:30:36.262+0300: 532.013: Total time for which application threads were stopped: 0.0313868 seconds, Stopping threads took: 0.0312930 seconds
2024-10-06T01:30:36.591+0300: 532.354: Application time: 0.3403228 seconds
2024-10-06T01:30:36.638+0300: 532.390: [GC (Allocation Failure) [PSYoungGen: 236162K->272K(237056K)] 246874K->11007K(715264K), 0.0006484 secs] [Times: user=0.00 sys=0.00, real=0.00 secs] 
2024-10-06T01:30:36.638+0300: 532.391: Total time for which application threads were stopped: 0.0372071 seconds, Stopping threads took: 0.0363038 seconds
2024-10-06T01:30:38.018+0300: 533.771: Application time: 1.3801964 seconds
2024-10-06T01:30:38.050+0300: 533.802: [GC (Allocation Failure) [PSYoungGen: 235681K->858K(237056K)] 246417K->11609K(715264K), 0.0012755 secs] [Times: user=0.00 sys=0.00, real=0.00 secs] 
2024-10-06T01:30:38.050+0300: 533.803: Total time for which application threads were stopped: 0.0318180 seconds, Stopping threads took: 0.0303390 seconds
2024-10-06T01:30:39.400+0300: 535.162: Application time: 1.3589019 seconds
2024-10-06T01:30:39.447+0300: 535.199: [GC (Allocation Failure) [PSYoungGen: 236375K->320K(237056K)] 247127K->11095K(715264K), 0.0009793 secs] [Times: user=0.00 sys=0.00, real=0.00 secs] 
2024-10-06T01:30:39.447+0300: 535.200: Total time for which application threads were stopped: 0.0378919 seconds, Stopping threads took: 0.0367187 seconds
2024-10-06T01:30:40.796+0300: 536.561: Application time: 1.3613596 seconds
2024-10-06T01:30:40.843+0300: 536.595: [GC (Allocation Failure) [PSYoungGen: 235544K->662K(237056K)] 246319K->11470K(715264K), 0.0011358 secs] [Times: user=0.00 sys=0.00, real=0.00 secs] 
2024-10-06T01:30:40.843+0300: 536.596: Total time for which application threads were stopped: 0.0352540 seconds, Stopping threads took: 0.0339404 seconds
2024-10-06T01:30:42.209+0300: 537.963: Application time: 1.3663118 seconds
2024-10-06T01:30:42.256+0300: 538.008: [GC (Allocation Failure) [PSYoungGen: 236182K->272K(237056K)] 246990K->11103K(715264K), 0.0011165 secs] [Times: user=0.00 sys=0.00, real=0.00 secs] 
2024-10-06T01:30:42.256+0300: 538.009: Total time for which application threads were stopped: 0.0461179 seconds, Stopping threads took: 0.0447979 seconds
2024-10-06T01:30:43.605+0300: 539.367: Application time: 1.3583846 seconds
2024-10-06T01:30:43.652+0300: 539.404: [GC (Allocation Failure) [PSYoungGen: 235767K->890K(237056K)] 246598K->11737K(715264K), 0.0011460 secs] [Times: user=0.00 sys=0.00, real=0.00 secs] 
2024-10-06T01:30:43.652+0300: 539.405: Total time for which application threads were stopped: 0.0380514 seconds, Stopping threads took: 0.0366952 seconds
2024-10-06T01:30:45.016+0300: 540.773: Application time: 1.3675993 seconds
2024-10-06T01:30:45.063+0300: 540.815: [GC (Allocation Failure) [PSYoungGen: 236335K->1232K(237056K)] 247183K->12112K(715264K), 0.0010629 secs] [Times: user=0.00 sys=0.00, real=0.00 secs] 
2024-10-06T01:30:45.063+0300: 540.816: Total time for which application threads were stopped: 0.0430883 seconds, Stopping threads took: 0.0418107 seconds
2024-10-06T01:30:46.413+0300: 542.176: Application time: 1.3600773 seconds
2024-10-06T01:30:46.460+0300: 542.211: [GC (Allocation Failure) [PSYoungGen: 236570K->694K(237056K)] 247450K->11590K(715264K), 0.0006870 secs] [Times: user=0.00 sys=0.00, real=0.00 secs] 
2024-10-06T01:30:46.460+0300: 542.212: Total time for which application threads were stopped: 0.0362446 seconds, Stopping threads took: 0.0354106 seconds
2024-10-06T01:30:47.809+0300: 543.576: Application time: 1.3635654 seconds
2024-10-06T01:30:47.856+0300: 543.608: [GC (Allocation Failure) [PSYoungGen: 236103K->1085K(237056K)] 246999K->11997K(715264K), 0.0009820 secs] [Times: user=0.00 sys=0.00, real=0.00 secs] 
2024-10-06T01:30:47.856+0300: 543.609: Total time for which application threads were stopped: 0.0335592 seconds, Stopping threads took: 0.0323482 seconds
2024-10-06T01:30:49.209+0300: 544.971: Application time: 1.3619522 seconds
2024-10-06T01:30:49.268+0300: 545.021: [GC (Allocation Failure) [PSYoungGen: 236413K->272K(237056K)] 247324K->11223K(715264K), 0.0011466 secs] [Times: user=0.00 sys=0.00, real=0.00 secs] 
2024-10-06T01:30:49.268+0300: 545.022: Total time for which application threads were stopped: 0.0505466 seconds, Stopping threads took: 0.0491855 seconds
2024-10-06T01:30:50.618+0300: 546.376: Application time: 1.3541035 seconds
2024-10-06T01:30:50.665+0300: 546.417: [GC (Allocation Failure) [PSYoungGen: 235714K->678K(237056K)] 246665K->11638K(715264K), 0.0011536 secs] [Times: user=0.00 sys=0.00, real=0.00 secs] 
2024-10-06T01:30:50.665+0300: 546.418: Total time for which application threads were stopped: 0.0421638 seconds, Stopping threads took: 0.0408031 seconds
2024-10-06T01:30:52.030+0300: 547.783: Application time: 1.3651700 seconds
2024-10-06T01:30:52.077+0300: 547.829: [GC (Allocation Failure) [PSYoungGen: 236198K->320K(237056K)] 247158K->11295K(715264K), 0.0012186 secs] [Times: user=0.00 sys=0.00, real=0.00 secs] 
2024-10-06T01:30:52.077+0300: 547.830: Total time for which application threads were stopped: 0.0469770 seconds, Stopping threads took: 0.0454636 seconds
2024-10-06T01:30:53.427+0300: 549.186: Application time: 1.3560409 seconds
2024-10-06T01:30:53.474+0300: 549.226: [GC (Allocation Failure) [PSYoungGen: 235618K->678K(237056K)] 246594K->11686K(715264K), 0.0012656 secs] [Times: user=0.00 sys=0.00, real=0.00 secs] 
2024-10-06T01:30:53.474+0300: 549.227: Total time for which application threads were stopped: 0.0405745 seconds, Stopping threads took: 0.0390977 seconds
2024-10-06T01:30:54.823+0300: 550.589: Application time: 1.3618833 seconds
2024-10-06T01:30:54.870+0300: 550.622: [GC (Allocation Failure) [PSYoungGen: 236003K->1069K(237056K)] 247011K->12109K(715264K), 0.0010864 secs] [Times: user=0.00 sys=0.00, real=0.00 secs] 
2024-10-06T01:30:54.870+0300: 550.623: Total time for which application threads were stopped: 0.0343964 seconds, Stopping threads took: 0.0330809 seconds
2024-10-06T01:30:56.223+0300: 551.983: Application time: 1.3601304 seconds
2024-10-06T01:30:56.266+0300: 552.018: [GC (Allocation Failure) [PSYoungGen: 236505K->451K(237056K)] 247545K->11507K(715264K), 0.0012175 secs] [Times: user=0.00 sys=0.00, real=0.00 secs] 
2024-10-06T01:30:56.266+0300: 552.019: Total time for which application threads were stopped: 0.0362033 seconds, Stopping threads took: 0.0347629 seconds
2024-10-06T01:30:57.626+0300: 553.378: Application time: 1.3583938 seconds
2024-10-06T01:30:57.663+0300: 553.415: [GC (Allocation Failure) [PSYoungGen: 235911K->1085K(237056K)] 246967K->12149K(715264K), 0.0012501 secs] [Times: user=0.00 sys=0.00, real=0.00 secs] 
2024-10-06T01:30:57.663+0300: 553.416: Total time for which application threads were stopped: 0.0380823 seconds, Stopping threads took: 0.0365857 seconds
2024-10-06T01:30:59.012+0300: 554.777: Application time: 1.3608150 seconds
2024-10-06T01:30:59.059+0300: 554.811: [GC (Allocation Failure) [PSYoungGen: 236604K->646K(237056K)] 247668K->11726K(715264K), 0.0010395 secs] [Times: user=0.00 sys=0.00, real=0.00 secs] 
2024-10-06T01:30:59.059+0300: 554.812: Total time for which application threads were stopped: 0.0355904 seconds, Stopping threads took: 0.0343686 seconds
2024-10-06T01:31:00.424+0300: 556.177: Application time: 1.3648245 seconds
2024-10-06T01:31:00.471+0300: 556.223: [GC (Allocation Failure) [PSYoungGen: 235913K->678K(237056K)] 246992K->11798K(715264K), 0.0012058 secs] [Times: user=0.00 sys=0.00, real=0.00 secs] 
2024-10-06T01:31:00.471+0300: 556.224: Total time for which application threads were stopped: 0.0472755 seconds, Stopping threads took: 0.0458624 seconds
2024-10-06T01:31:01.853+0300: 557.616: Application time: 1.3918904 seconds
2024-10-06T01:31:01.900+0300: 557.652: [GC (Allocation Failure) [PSYoungGen: 236118K->1069K(237056K)] 247237K->12213K(715264K), 0.0011008 secs] [Times: user=0.00 sys=0.00, real=0.00 secs] 
2024-10-06T01:31:01.900+0300: 557.653: Total time for which application threads were stopped: 0.0363633 seconds, Stopping threads took: 0.0350326 seconds
2024-10-06T01:31:03.250+0300: 559.013: Application time: 1.3601033 seconds
2024-10-06T01:31:03.297+0300: 559.049: [GC (Allocation Failure) [PSYoungGen: 236567K->678K(237056K)] 247711K->11854K(715264K), 0.0012041 secs] [Times: user=0.00 sys=0.00, real=0.00 secs] 
2024-10-06T01:31:03.297+0300: 559.050: Total time for which application threads were stopped: 0.0372256 seconds, Stopping threads took: 0.0358085 seconds
2024-10-06T01:31:04.647+0300: 560.413: Application time: 1.3626236 seconds
2024-10-06T01:31:04.694+0300: 560.446: [GC (Allocation Failure) [PSYoungGen: 236082K->1069K(237056K)] 247257K->12269K(715264K), 0.0010908 secs] [Times: user=0.00 sys=0.00, real=0.00 secs] 
2024-10-06T01:31:04.694+0300: 560.447: Total time for which application threads were stopped: 0.0340485 seconds, Stopping threads took: 0.0327297 seconds
2024-10-06T01:31:06.059+0300: 561.817: Application time: 1.3699022 seconds
2024-10-06T01:31:06.106+0300: 561.858: [GC (Allocation Failure) [PSYoungGen: 236429K->304K(237056K)] 247629K->11511K(715264K), 0.0011956 secs] [Times: user=0.00 sys=0.00, real=0.00 secs] 
2024-10-06T01:31:06.106+0300: 561.859: Total time for which application threads were stopped: 0.0425899 seconds, Stopping threads took: 0.0412016 seconds
2024-10-06T01:31:07.456+0300: 563.219: Application time: 1.3599891 seconds
2024-10-06T01:31:07.503+0300: 563.254: [GC (Allocation Failure) [PSYoungGen: 235562K->694K(237056K)] 246769K->11934K(715264K), 0.0011306 secs] [Times: user=0.00 sys=0.00, real=0.00 secs] 
2024-10-06T01:31:07.503+0300: 563.256: Total time for which application threads were stopped: 0.0362964 seconds, Stopping threads took: 0.0349615 seconds
2024-10-06T01:31:08.868+0300: 564.620: Application time: 1.3648653 seconds
2024-10-06T01:31:08.915+0300: 564.666: [GC (Allocation Failure) [PSYoungGen: 236169K->288K(237056K)] 247409K->11543K(715264K), 0.0013511 secs] [Times: user=0.00 sys=0.00, real=0.00 secs] 
2024-10-06T01:31:08.915+0300: 564.668: Total time for which application threads were stopped: 0.0475084 seconds, Stopping threads took: 0.0459002 seconds
2024-10-06T01:31:10.264+0300: 566.029: Application time: 1.3606435 seconds
2024-10-06T01:31:10.311+0300: 566.063: [GC (Allocation Failure) [PSYoungGen: 235637K->710K(237056K)] 246893K->11982K(715264K), 0.0012586 secs] [Times: user=0.00 sys=0.00, real=0.00 secs] 
2024-10-06T01:31:10.311+0300: 566.065: Total time for which application threads were stopped: 0.0359542 seconds, Stopping threads took: 0.0344403 seconds
2024-10-06T01:31:11.661+0300: 567.427: Application time: 1.3621566 seconds
2024-10-06T01:31:11.708+0300: 567.459: [GC (Allocation Failure) [PSYoungGen: 235912K->694K(237056K)] 247184K->11998K(715264K), 0.0009699 secs] [Times: user=0.00 sys=0.00, real=0.00 secs] 
2024-10-06T01:31:11.708+0300: 567.460: Total time for which application threads were stopped: 0.0337410 seconds, Stopping threads took: 0.0326244 seconds
2024-10-06T01:31:13.058+0300: 568.823: Application time: 1.3622537 seconds
2024-10-06T01:31:13.104+0300: 568.856: [GC (Allocation Failure) [PSYoungGen: 236185K->272K(237056K)] 247489K->11591K(715264K), 0.0007599 secs] [Times: user=0.00 sys=0.00, real=0.00 secs] 
2024-10-06T01:31:13.104+0300: 568.857: Total time for which application threads were stopped: 0.0343121 seconds, Stopping threads took: 0.0333899 seconds
2024-10-06T01:31:14.458+0300: 570.211: Application time: 1.3540671 seconds
2024-10-06T01:31:14.486+0300: 570.237: [GC (Allocation Failure) [PSYoungGen: 235773K->1264K(237056K)] 247093K->12616K(715264K), 0.0010002 secs] [Times: user=0.00 sys=0.00, real=0.00 secs] 
2024-10-06T01:31:14.486+0300: 570.238: Total time for which application threads were stopped: 0.0273803 seconds, Stopping threads took: 0.0262084 seconds
2024-10-06T01:31:15.851+0300: 571.606: Application time: 1.3679034 seconds
2024-10-06T01:31:15.898+0300: 571.650: [GC (Allocation Failure) [PSYoungGen: 236784K->288K(237056K)] 248136K->11663K(715264K), 0.0010075 secs] [Times: user=0.00 sys=0.00, real=0.00 secs] 
2024-10-06T01:31:15.898+0300: 571.651: Total time for which application threads were stopped: 0.0444013 seconds, Stopping threads took: 0.0431995 seconds
2024-10-06T01:31:17.263+0300: 573.014: Application time: 1.3636490 seconds
2024-10-06T01:31:17.294+0300: 573.046: [GC (Allocation Failure) [PSYoungGen: 235683K->467K(237056K)] 247059K->11859K(715264K), 0.0011067 secs] [Times: user=0.00 sys=0.00, real=0.00 secs] 
2024-10-06T01:31:17.294+0300: 573.047: Total time for which application threads were stopped: 0.0329165 seconds, Stopping threads took: 0.0316144 seconds
2024-10-06T01:31:18.643+0300: 574.407: Application time: 1.3592056 seconds
2024-10-06T01:31:18.691+0300: 574.442: [GC (Allocation Failure) [PSYoungGen: 235819K->1069K(237056K)] 247211K->12469K(715264K), 0.0012211 secs] [Times: user=0.00 sys=0.00, real=0.00 secs] 
2024-10-06T01:31:18.691+0300: 574.444: Total time for which application threads were stopped: 0.0371814 seconds, Stopping threads took: 0.0357480 seconds
2024-10-06T01:31:20.055+0300: 575.813: Application time: 1.3687724 seconds
2024-10-06T01:31:20.102+0300: 575.854: [GC (Allocation Failure) [PSYoungGen: 236559K->1459K(236032K)] 247959K->13266K(714240K), 0.0013859 secs] [Times: user=0.00 sys=0.00, real=0.00 secs] 
2024-10-06T01:31:20.102+0300: 575.856: Total time for which application threads were stopped: 0.0431718 seconds, Stopping threads took: 0.0415798 seconds
2024-10-06T01:31:21.451+0300: 577.206: Application time: 1.3504316 seconds
2024-10-06T01:31:21.499+0300: 577.251: [GC (Allocation Failure) [PSYoungGen: 235786K->1069K(236544K)] 247592K->12883K(714752K), 0.0011390 secs] [Times: user=0.00 sys=0.00, real=0.00 secs] 
2024-10-06T01:31:21.499+0300: 577.252: Total time for which application threads were stopped: 0.0456920 seconds, Stopping threads took: 0.0443589 seconds
2024-10-06T01:31:22.863+0300: 578.615: Application time: 1.3635817 seconds
2024-10-06T01:31:22.895+0300: 578.647: [GC (Allocation Failure) [PSYoungGen: 235393K->467K(236544K)] 247207K->12297K(714752K), 0.0011347 secs] [Times: user=0.00 sys=0.00, real=0.00 secs] 
2024-10-06T01:31:22.895+0300: 578.648: Total time for which application threads were stopped: 0.0323610 seconds, Stopping threads took: 0.0310305 seconds
2024-10-06T01:31:24.245+0300: 580.005: Application time: 1.3572301 seconds
2024-10-06T01:31:24.276+0300: 580.028: [GC (Allocation Failure) [PSYoungGen: 234912K->1264K(236544K)] 246743K->13111K(714752K), 0.0011262 secs] [Times: user=0.00 sys=0.00, real=0.00 secs] 
2024-10-06T01:31:24.276+0300: 580.029: Total time for which application threads were stopped: 0.0239731 seconds, Stopping threads took: 0.0226304 seconds
2024-10-06T01:31:25.625+0300: 581.388: Application time: 1.3590161 seconds
2024-10-06T01:31:25.672+0300: 581.424: [GC (Allocation Failure) [PSYoungGen: 235394K->678K(236544K)] 247241K->12533K(714752K), 0.0011294 secs] [Times: user=0.00 sys=0.00, real=0.00 secs] 
2024-10-06T01:31:25.672+0300: 581.425: Total time for which application threads were stopped: 0.0372166 seconds, Stopping threads took: 0.0358770 seconds
2024-10-06T01:31:27.022+0300: 582.782: Application time: 1.3572278 seconds
2024-10-06T01:31:27.069+0300: 582.821: [GC (Allocation Failure) [PSYoungGen: 235066K->1069K(236544K)] 246921K->12947K(714752K), 0.0009823 secs] [Times: user=0.00 sys=0.00, real=0.00 secs] 
2024-10-06T01:31:27.069+0300: 582.822: Total time for which application threads were stopped: 0.0394474 seconds, Stopping threads took: 0.0382542 seconds
2024-10-06T01:31:28.419+0300: 584.176: Application time: 1.3542586 seconds
2024-10-06T01:31:28.466+0300: 584.218: [GC (Allocation Failure) [PSYoungGen: 235514K->483K(236544K)] 247392K->12369K(714752K), 0.0010507 secs] [Times: user=0.00 sys=0.00, real=0.00 secs] 
2024-10-06T01:31:28.466+0300: 584.219: Total time for which application threads were stopped: 0.0430144 seconds, Stopping threads took: 0.0417549 seconds
2024-10-06T01:31:29.815+0300: 585.580: Application time: 1.3605728 seconds
2024-10-06T01:31:29.862+0300: 585.613: [GC (Allocation Failure) [PSYoungGen: 234792K->1101K(236544K)] 246679K->13003K(714752K), 0.0010812 secs] [Times: user=0.00 sys=0.00, real=0.00 secs] 
2024-10-06T01:31:29.862+0300: 585.615: Total time for which application threads were stopped: 0.0348165 seconds, Stopping threads took: 0.0335271 seconds
2024-10-06T01:31:31.212+0300: 586.977: Application time: 1.3619679 seconds
2024-10-06T01:31:31.259+0300: 587.011: [GC (Allocation Failure) [PSYoungGen: 235530K->646K(236544K)] 247432K->12565K(714752K), 0.0010026 secs] [Times: user=0.00 sys=0.00, real=0.00 secs] 
2024-10-06T01:31:31.259+0300: 587.012: Total time for which application threads were stopped: 0.0351451 seconds, Stopping threads took: 0.0339383 seconds
2024-10-06T01:31:32.608+0300: 588.363: Application time: 1.3508213 seconds
2024-10-06T01:31:32.639+0300: 588.391: [GC (Allocation Failure) [PSYoungGen: 234949K->1069K(236544K)] 246868K->12995K(714752K), 0.0010169 secs] [Times: user=0.00 sys=0.00, real=0.00 secs] 
2024-10-06T01:31:32.639+0300: 588.392: Total time for which application threads were stopped: 0.0299385 seconds, Stopping threads took: 0.0286928 seconds
2024-10-06T01:31:34.005+0300: 589.758: Application time: 1.3658638 seconds
2024-10-06T01:31:34.036+0300: 589.788: [GC (Allocation Failure) [PSYoungGen: 235528K->467K(236544K)] 247455K->12409K(714752K), 0.0011977 secs] [Times: user=0.00 sys=0.00, real=0.00 secs] 
2024-10-06T01:31:34.036+0300: 589.789: Total time for which application threads were stopped: 0.0310739 seconds, Stopping threads took: 0.0296726 seconds
2024-10-06T01:31:35.385+0300: 591.149: Application time: 1.3592938 seconds
2024-10-06T01:31:35.416+0300: 591.168: [GC (Allocation Failure) [PSYoungGen: 234961K->1264K(236544K)] 246904K->13223K(714752K), 0.0012556 secs] [Times: user=0.00 sys=0.00, real=0.00 secs] 
2024-10-06T01:31:35.416+0300: 591.169: Total time for which application threads were stopped: 0.0204654 seconds, Stopping threads took: 0.0190102 seconds
2024-10-06T01:31:36.766+0300: 592.526: Application time: 1.3568628 seconds
2024-10-06T01:31:36.813+0300: 592.565: [GC (Allocation Failure) [PSYoungGen: 235760K->304K(236544K)] 247719K->12286K(714752K), 0.0007927 secs] [Times: user=0.00 sys=0.00, real=0.00 secs] 
2024-10-06T01:31:36.813+0300: 592.565: Total time for which application threads were stopped: 0.0394410 seconds, Stopping threads took: 0.0384769 seconds
2024-10-06T01:31:38.162+0300: 593.927: Application time: 1.3612603 seconds
2024-10-06T01:31:38.193+0300: 593.945: [GC (Allocation Failure) [PSYoungGen: 234631K->515K(236544K)] 246613K->12505K(714752K), 0.0007200 secs] [Times: user=0.00 sys=0.00, real=0.00 secs] 
2024-10-06T01:31:38.193+0300: 593.946: Total time for which application threads were stopped: 0.0190990 seconds, Stopping threads took: 0.0181949 seconds
2024-10-06T01:31:39.559+0300: 595.312: Application time: 1.3656809 seconds
2024-10-06T01:31:39.606+0300: 595.357: [GC (Allocation Failure) [PSYoungGen: 234983K->1069K(236544K)] 246973K->13067K(714752K), 0.0005686 secs] [Times: user=0.00 sys=0.00, real=0.00 secs] 
2024-10-06T01:31:39.606+0300: 595.358: Total time for which application threads were stopped: 0.0465498 seconds, Stopping threads took: 0.0458396 seconds
2024-10-06T01:31:40.971+0300: 596.728: Application time: 1.3703292 seconds
2024-10-06T01:31:41.018+0300: 596.770: [GC (Allocation Failure) [PSYoungGen: 235429K->678K(236544K)] 247428K->12693K(714752K), 0.0005635 secs] [Times: user=0.00 sys=0.00, real=0.00 secs] 
2024-10-06T01:31:41.018+0300: 596.770: Total time for which application threads were stopped: 0.0418748 seconds, Stopping threads took: 0.0411860 seconds
2024-10-06T01:31:42.368+0300: 598.123: Application time: 1.3530955 seconds
2024-10-06T01:31:42.399+0300: 598.151: [GC (Allocation Failure) [PSYoungGen: 235033K->483K(236544K)] 247047K->12513K(714752K), 0.0011487 secs] [Times: user=0.00 sys=0.00, real=0.00 secs] 
2024-10-06T01:31:42.399+0300: 598.152: Total time for which application threads were stopped: 0.0286455 seconds, Stopping threads took: 0.0273036 seconds
2024-10-06T01:31:43.748+0300: 599.500: Application time: 1.3480324 seconds
2024-10-06T01:31:43.780+0300: 599.532: [GC (Allocation Failure) [PSYoungGen: 234979K->678K(236544K)] 247009K->12725K(714752K), 0.0011370 secs] [Times: user=0.00 sys=0.00, real=0.00 secs] 
2024-10-06T01:31:43.780+0300: 599.533: Total time for which application threads were stopped: 0.0326984 seconds, Stopping threads took: 0.0313050 seconds
2024-10-06T01:31:45.129+0300: 600.891: Application time: 1.3579901 seconds
2024-10-06T01:31:45.176+0300: 600.928: [GC (Allocation Failure) [PSYoungGen: 235145K->288K(237056K)] 247192K->12358K(715264K), 0.0010577 secs] [Times: user=0.00 sys=0.00, real=0.00 secs] 
2024-10-06T01:31:45.176+0300: 600.929: Total time for which application threads were stopped: 0.0380343 seconds, Stopping threads took: 0.0367696 seconds
2024-10-06T01:31:46.525+0300: 602.285: Application time: 1.3566253 seconds
2024-10-06T01:31:46.572+0300: 602.324: [GC (Allocation Failure) [PSYoungGen: 235510K->662K(237056K)] 247580K->12757K(715264K), 0.0011109 secs] [Times: user=0.00 sys=0.00, real=0.00 secs] 
2024-10-06T01:31:46.572+0300: 602.325: Total time for which application threads were stopped: 0.0397238 seconds, Stopping threads took: 0.0384096 seconds
2024-10-06T01:31:47.926+0300: 603.687: Application time: 1.3615593 seconds
2024-10-06T01:31:47.985+0300: 603.736: [GC (Allocation Failure) [PSYoungGen: 236143K->320K(237056K)] 248237K->12422K(715264K), 0.0012074 secs] [Times: user=0.00 sys=0.00, real=0.00 secs] 
2024-10-06T01:31:47.985+0300: 603.738: Total time for which application threads were stopped: 0.0509930 seconds, Stopping threads took: 0.0495777 seconds
2024-10-06T01:31:49.334+0300: 605.094: Application time: 1.3561842 seconds
2024-10-06T01:31:49.381+0300: 605.133: [GC (Allocation Failure) [PSYoungGen: 235761K->678K(237056K)] 247863K->12797K(715264K), 0.0012083 secs] [Times: user=0.00 sys=0.00, real=0.00 secs] 
2024-10-06T01:31:49.381+0300: 605.134: Total time for which application threads were stopped: 0.0402299 seconds, Stopping threads took: 0.0388384 seconds
2024-10-06T01:31:50.731+0300: 606.492: Application time: 1.3582632 seconds
2024-10-06T01:31:50.778+0300: 606.529: [GC (Allocation Failure) [PSYoungGen: 236185K->352K(237056K)] 248304K->12486K(715264K), 0.0009891 secs] [Times: user=0.00 sys=0.00, real=0.00 secs] 
2024-10-06T01:31:50.778+0300: 606.531: Total time for which application threads were stopped: 0.0380959 seconds, Stopping threads took: 0.0368337 seconds
2024-10-06T01:31:52.143+0300: 607.895: Application time: 1.3641706 seconds
2024-10-06T01:31:52.190+0300: 607.942: [GC (Allocation Failure) [PSYoungGen: 235540K->678K(237056K)] 247675K->12837K(715264K), 0.0012189 secs] [Times: user=0.00 sys=0.00, real=0.00 secs] 
2024-10-06T01:31:52.190+0300: 607.943: Total time for which application threads were stopped: 0.0481705 seconds, Stopping threads took: 0.0467494 seconds
2024-10-06T01:31:53.540+0300: 609.301: Application time: 1.3577106 seconds
2024-10-06T01:31:53.586+0300: 609.338: [GC (Allocation Failure) [PSYoungGen: 236173K->1264K(237056K)] 248332K->13439K(715264K), 0.0012554 secs] [Times: user=0.00 sys=0.00, real=0.00 secs] 
2024-10-06T01:31:53.586+0300: 609.340: Total time for which application threads were stopped: 0.0390725 seconds, Stopping threads took: 0.0376249 seconds
2024-10-06T01:31:54.951+0300: 610.703: Application time: 1.3638087 seconds
2024-10-06T01:31:54.998+0300: 610.750: [GC (Allocation Failure) [PSYoungGen: 236699K->483K(237056K)] 248874K->12681K(715264K), 0.0010863 secs] [Times: user=0.00 sys=0.00, real=0.00 secs] 
2024-10-06T01:31:54.998+0300: 610.751: Total time for which application threads were stopped: 0.0478942 seconds, Stopping threads took: 0.0466048 seconds
2024-10-06T01:31:56.348+0300: 612.104: Application time: 1.3530511 seconds
2024-10-06T01:31:56.395+0300: 612.147: [GC (Allocation Failure) [PSYoungGen: 235882K->1069K(237056K)] 248081K->13283K(715264K), 0.0010770 secs] [Times: user=0.00 sys=0.00, real=0.00 secs] 
2024-10-06T01:31:56.395+0300: 612.148: Total time for which application threads were stopped: 0.0437550 seconds, Stopping threads took: 0.0424666 seconds
2024-10-06T01:31:57.745+0300: 613.504: Application time: 1.3555221 seconds
2024-10-06T01:31:57.792+0300: 613.544: [GC (Allocation Failure) [PSYoungGen: 236216K->678K(237056K)] 248430K->12909K(715264K), 0.0006459 secs] [Times: user=0.00 sys=0.00, real=0.00 secs] 
2024-10-06T01:31:57.792+0300: 613.544: Total time for which application threads were stopped: 0.0407289 seconds, Stopping threads took: 0.0399711 seconds
2024-10-06T01:31:59.146+0300: 614.904: Application time: 1.3593172 seconds
2024-10-06T01:31:59.189+0300: 614.941: [GC (Allocation Failure) [PSYoungGen: 236015K->1021K(237056K)] 248246K->13275K(715264K), 0.0008057 secs] [Times: user=0.00 sys=0.00, real=0.00 secs] 
2024-10-06T01:31:59.189+0300: 614.941: Total time for which application threads were stopped: 0.0377216 seconds, Stopping threads took: 0.0367188 seconds
2024-10-06T01:32:00.790+0300: 616.546: Application time: 1.6040964 seconds
2024-10-06T01:32:00.821+0300: 616.573: [GC (Allocation Failure) [PSYoungGen: 236521K->451K(237056K)] 248775K->12721K(715264K), 0.0007271 secs] [Times: user=0.00 sys=0.00, real=0.00 secs] 
2024-10-06T01:32:00.821+0300: 616.574: Total time for which application threads were stopped: 0.0281385 seconds, Stopping threads took: 0.0272567 seconds
2024-10-06T01:32:02.171+0300: 617.936: Application time: 1.3618038 seconds
2024-10-06T01:32:02.234+0300: 617.985: [GC (Allocation Failure) [PSYoungGen: 235814K->288K(237056K)] 248084K->12582K(715264K), 0.0006684 secs] [Times: user=0.00 sys=0.00, real=0.00 secs] 
2024-10-06T01:32:02.234+0300: 617.986: Total time for which application threads were stopped: 0.0506476 seconds, Stopping threads took: 0.0498282 seconds
2024-10-06T01:32:03.584+0300: 619.341: Application time: 1.3547481 seconds
2024-10-06T01:32:03.630+0300: 619.382: [GC (Allocation Failure) [PSYoungGen: 235803K->1101K(237056K)] 248097K->13411K(715264K), 0.0008672 secs] [Times: user=0.00 sys=0.00, real=0.00 secs] 
2024-10-06T01:32:03.630+0300: 619.383: Total time for which application threads were stopped: 0.0422362 seconds, Stopping threads took: 0.0411816 seconds
2024-10-06T01:32:05.027+0300: 620.782: Application time: 1.3985046 seconds
2024-10-06T01:32:05.074+0300: 620.826: [GC (Allocation Failure) [PSYoungGen: 236608K->630K(237056K)] 248919K->12949K(715264K), 0.0015057 secs] [Times: user=0.00 sys=0.00, real=0.00 secs] 
2024-10-06T01:32:05.074+0300: 620.828: Total time for which application threads were stopped: 0.0459144 seconds, Stopping threads took: 0.0442278 seconds
2024-10-06T01:32:06.423+0300: 622.186: Application time: 1.3580936 seconds
2024-10-06T01:32:06.471+0300: 622.223: [GC (Allocation Failure) [PSYoungGen: 236114K->467K(237056K)] 248433K->12801K(715264K), 0.0011047 secs] [Times: user=0.00 sys=0.00, real=0.00 secs] 
2024-10-06T01:32:06.471+0300: 622.224: Total time for which application threads were stopped: 0.0380741 seconds, Stopping threads took: 0.0367726 seconds
2024-10-06T01:32:07.820+0300: 623.585: Application time: 1.3613602 seconds
2024-10-06T01:32:07.868+0300: 623.619: [GC (Allocation Failure) [PSYoungGen: 235879K->1085K(237056K)] 248214K->13427K(715264K), 0.0017694 secs] [Times: user=0.00 sys=0.00, real=0.00 secs] 
2024-10-06T01:32:07.868+0300: 623.621: Total time for which application threads were stopped: 0.0361329 seconds, Stopping threads took: 0.0341818 seconds
2024-10-06T01:32:09.217+0300: 624.983: Application time: 1.3620519 seconds
2024-10-06T01:32:09.264+0300: 625.015: [GC (Allocation Failure) [PSYoungGen: 236375K->678K(237056K)] 248718K->13037K(715264K), 0.0010638 secs] [Times: user=0.00 sys=0.00, real=0.00 secs] 
2024-10-06T01:32:09.264+0300: 625.016: Total time for which application threads were stopped: 0.0331886 seconds, Stopping threads took: 0.0319057 seconds
2024-10-06T01:32:10.613+0300: 626.377: Application time: 1.3608593 seconds
2024-10-06T01:32:10.659+0300: 626.412: [GC (Allocation Failure) [PSYoungGen: 236198K->1248K(236032K)] 248557K->13631K(714240K), 0.0015904 secs] [Times: user=0.00 sys=0.00, real=0.00 secs] 
2024-10-06T01:32:10.659+0300: 626.413: Total time for which application threads were stopped: 0.0359892 seconds, Stopping threads took: 0.0342396 seconds
2024-10-06T01:32:12.009+0300: 627.776: Application time: 1.3625451 seconds
2024-10-06T01:32:12.056+0300: 627.808: [GC (Allocation Failure) [PSYoungGen: 235726K->678K(236544K)] 248109K->13069K(714752K), 0.0011656 secs] [Times: user=0.00 sys=0.00, real=0.00 secs] 
2024-10-06T01:32:12.056+0300: 627.809: Total time for which application threads were stopped: 0.0334472 seconds, Stopping threads took: 0.0320767 seconds
2024-10-06T01:32:13.406+0300: 629.163: Application time: 1.3535535 seconds
2024-10-06T01:32:13.453+0300: 629.205: [GC (Allocation Failure) [PSYoungGen: 235094K->272K(237056K)] 247484K->12678K(715264K), 0.0012836 secs] [Times: user=0.00 sys=0.00, real=0.00 secs] 
2024-10-06T01:32:13.453+0300: 629.206: Total time for which application threads were stopped: 0.0433654 seconds, Stopping threads took: 0.0418280 seconds
2024-10-06T01:32:14.803+0300: 630.559: Application time: 1.3528553 seconds
2024-10-06T01:32:14.849+0300: 630.601: [GC (Allocation Failure) [PSYoungGen: 235792K->1037K(237056K)] 248198K->13451K(715264K), 0.0010108 secs] [Times: user=0.00 sys=0.00, real=0.00 secs] 
2024-10-06T01:32:14.849+0300: 630.602: Total time for which application threads were stopped: 0.0432990 seconds, Stopping threads took: 0.0420453 seconds
2024-10-06T01:32:16.199+0300: 631.960: Application time: 1.3578067 seconds
2024-10-06T01:32:16.246+0300: 631.998: [GC (Allocation Failure) [PSYoungGen: 236517K->515K(237056K)] 248932K->12969K(715264K), 0.0012979 secs] [Times: user=0.00 sys=0.00, real=0.00 secs] 
2024-10-06T01:32:16.248+0300: 631.999: Total time for which application threads were stopped: 0.0392150 seconds, Stopping threads took: 0.0376828 seconds
2024-10-06T01:32:17.596+0300: 633.355: Application time: 1.3555719 seconds
2024-10-06T01:32:17.643+0300: 633.395: [GC (Allocation Failure) [PSYoungGen: 235842K->678K(237056K)] 248297K->13141K(715264K), 0.0013309 secs] [Times: user=0.00 sys=0.00, real=0.00 secs] 
2024-10-06T01:32:17.643+0300: 633.396: Total time for which application threads were stopped: 0.0412404 seconds, Stopping threads took: 0.0397033 seconds
2024-10-06T01:32:19.008+0300: 634.760: Application time: 1.3634632 seconds
2024-10-06T01:32:19.055+0300: 634.807: [GC (Allocation Failure) [PSYoungGen: 236137K->1248K(236032K)] 248599K->13743K(714240K), 0.0011996 secs] [Times: user=0.00 sys=0.00, real=0.00 secs] 
2024-10-06T01:32:19.055+0300: 634.808: Total time for which application threads were stopped: 0.0482933 seconds, Stopping threads took: 0.0468834 seconds
2024-10-06T01:32:20.404+0300: 636.156: Application time: 1.3475540 seconds
2024-10-06T01:32:20.435+0300: 636.187: [GC (Allocation Failure) [PSYoungGen: 235720K->1296K(236544K)] 248214K->13807K(714752K), 0.0011272 secs] [Times: user=0.00 sys=0.00, real=0.00 secs] 
2024-10-06T01:32:20.435+0300: 636.188: Total time for which application threads were stopped: 0.0325811 seconds, Stopping threads took: 0.0312375 seconds
2024-10-06T01:32:21.792+0300: 637.548: Application time: 1.3593964 seconds
2024-10-06T01:32:21.832+0300: 637.584: [GC (Allocation Failure) [PSYoungGen: 235722K->662K(236544K)] 248233K->13189K(714752K), 0.0014770 secs] [Times: user=0.00 sys=0.00, real=0.00 secs] 
2024-10-06T01:32:21.832+0300: 637.586: Total time for which application threads were stopped: 0.0381857 seconds, Stopping threads took: 0.0365260 seconds
2024-10-06T01:32:23.181+0300: 638.944: Application time: 1.3579652 seconds
2024-10-06T01:32:23.229+0300: 638.981: [GC (Allocation Failure) [PSYoungGen: 235150K->304K(236544K)] 247677K->12838K(714752K), 0.0012520 secs] [Times: user=0.00 sys=0.00, real=0.00 secs] 
2024-10-06T01:32:23.229+0300: 638.982: Total time for which application threads were stopped: 0.0382190 seconds, Stopping threads took: 0.0367562 seconds
2024-10-06T01:32:24.577+0300: 640.334: Application time: 1.3521330 seconds
2024-10-06T01:32:24.609+0300: 640.361: [GC (Allocation Failure) [PSYoungGen: 234480K->678K(236544K)] 247014K->13229K(714752K), 0.0011260 secs] [Times: user=0.00 sys=0.00, real=0.00 secs] 
2024-10-06T01:32:24.609+0300: 640.362: Total time for which application threads were stopped: 0.0280438 seconds, Stopping threads took: 0.0267109 seconds
2024-10-06T01:32:25.973+0300: 641.726: Application time: 1.3638578 seconds
2024-10-06T01:32:26.021+0300: 641.772: [GC (Allocation Failure) [PSYoungGen: 235155K->272K(236544K)] 247705K->12838K(714752K), 0.0010714 secs] [Times: user=0.00 sys=0.00, real=0.00 secs] 
2024-10-06T01:32:26.021+0300: 641.774: Total time for which application threads were stopped: 0.0475789 seconds, Stopping threads took: 0.0463247 seconds
2024-10-06T01:32:27.354+0300: 643.121: Application time: 1.3471135 seconds
2024-10-06T01:32:27.401+0300: 643.152: [GC (Allocation Failure) [PSYoungGen: 234679K->678K(237056K)] 247245K->13253K(715264K), 0.0011214 secs] [Times: user=0.00 sys=0.00, real=0.00 secs] 
2024-10-06T01:32:27.401+0300: 643.154: Total time for which application threads were stopped: 0.0329429 seconds, Stopping threads took: 0.0316095 seconds
2024-10-06T01:32:28.750+0300: 644.512: Application time: 1.3588266 seconds
2024-10-06T01:32:28.797+0300: 644.549: [GC (Allocation Failure) [PSYoungGen: 235510K->678K(236544K)] 248084K->13261K(714752K), 0.0005583 secs] [Times: user=0.00 sys=0.00, real=0.00 secs] 
2024-10-06T01:32:28.797+0300: 644.549: Total time for which application threads were stopped: 0.0367451 seconds, Stopping threads took: 0.0360373 seconds
2024-10-06T01:32:30.146+0300: 645.913: Application time: 1.3637709 seconds
2024-10-06T01:32:30.193+0300: 645.945: [GC (Allocation Failure) [PSYoungGen: 235520K->694K(237056K)] 248103K->13293K(715264K), 0.0010356 secs] [Times: user=0.00 sys=0.00, real=0.00 secs] 
2024-10-06T01:32:30.193+0300: 645.946: Total time for which application threads were stopped: 0.0330535 seconds, Stopping threads took: 0.0318181 seconds
2024-10-06T01:32:31.558+0300: 647.311: Application time: 1.3652133 seconds
2024-10-06T01:32:31.590+0300: 647.341: [GC (Allocation Failure) [PSYoungGen: 236212K->1280K(237056K)] 248810K->13887K(715264K), 0.0009679 secs] [Times: user=0.00 sys=0.00, real=0.00 secs] 
2024-10-06T01:32:31.590+0300: 647.342: Total time for which application threads were stopped: 0.0311532 seconds, Stopping threads took: 0.0300409 seconds
2024-10-06T01:32:32.955+0300: 648.712: Application time: 1.3693265 seconds
2024-10-06T01:32:33.002+0300: 648.753: [GC (Allocation Failure) [PSYoungGen: 236719K->483K(237056K)] 249325K->13121K(715264K), 0.0007268 secs] [Times: user=0.00 sys=0.00, real=0.00 secs] 
2024-10-06T01:32:33.002+0300: 648.754: Total time for which application threads were stopped: 0.0424984 seconds, Stopping threads took: 0.0416051 seconds
2024-10-06T01:32:34.398+0300: 650.157: Application time: 1.4030038 seconds
2024-10-06T01:32:34.429+0300: 650.181: [GC (Allocation Failure) [PSYoungGen: 235979K->1069K(237056K)] 248618K->13715K(715264K), 0.0005758 secs] [Times: user=0.00 sys=0.00, real=0.00 secs] 
2024-10-06T01:32:34.429+0300: 650.182: Total time for which application threads were stopped: 0.0243716 seconds, Stopping threads took: 0.0236783 seconds
2024-10-06T01:32:35.795+0300: 651.551: Application time: 1.3693775 seconds
2024-10-06T01:32:35.843+0300: 651.594: [GC (Allocation Failure) [PSYoungGen: 236560K->694K(237056K)] 249207K->13357K(715264K), 0.0004969 secs] [Times: user=0.00 sys=0.00, real=0.00 secs] 
2024-10-06T01:32:35.843+0300: 651.595: Total time for which application threads were stopped: 0.0438496 seconds, Stopping threads took: 0.0432499 seconds
2024-10-06T01:32:37.193+0300: 652.958: Application time: 1.3631332 seconds
2024-10-06T01:32:37.240+0300: 652.992: [GC (Allocation Failure) [PSYoungGen: 236148K->1296K(237056K)] 248810K->13975K(715264K), 0.0012074 secs] [Times: user=0.00 sys=0.00, real=0.00 secs] 
2024-10-06T01:32:37.240+0300: 652.993: Total time for which application threads were stopped: 0.0352399 seconds, Stopping threads took: 0.0338673 seconds
2024-10-06T01:32:38.590+0300: 654.357: Application time: 1.3633324 seconds
2024-10-06T01:32:38.653+0300: 654.404: [GC (Allocation Failure) [PSYoungGen: 236698K->678K(237056K)] 249376K->13365K(715264K), 0.0011004 secs] [Times: user=0.00 sys=0.00, real=0.00 secs] 
2024-10-06T01:32:38.653+0300: 654.406: Total time for which application threads were stopped: 0.0489967 seconds, Stopping threads took: 0.0476928 seconds
2024-10-06T01:32:40.003+0300: 655.768: Application time: 1.3624910 seconds
2024-10-06T01:32:40.066+0300: 655.817: [GC (Allocation Failure) [PSYoungGen: 236048K->1085K(237056K)] 248734K->13779K(715264K), 0.0013486 secs] [Times: user=0.00 sys=0.00, real=0.00 secs] 
2024-10-06T01:32:40.067+0300: 655.819: Total time for which application threads were stopped: 0.0508773 seconds, Stopping threads took: 0.0492419 seconds
2024-10-06T01:32:41.432+0300: 657.189: Application time: 1.3702397 seconds
2024-10-06T01:32:41.479+0300: 657.230: [GC (Allocation Failure) [PSYoungGen: 236513K->678K(237056K)] 249208K->13381K(715264K), 0.0007263 secs] [Times: user=0.00 sys=0.00, real=0.00 secs] 
2024-10-06T01:32:41.479+0300: 657.231: Total time for which application threads were stopped: 0.0418148 seconds, Stopping threads took: 0.0409526 seconds
2024-10-06T01:32:42.843+0300: 658.604: Application time: 1.3730176 seconds
2024-10-06T01:32:42.890+0300: 658.642: [GC (Allocation Failure) [PSYoungGen: 236177K->1200K(237056K)] 248880K->13935K(715264K), 0.0006850 secs] [Times: user=0.00 sys=0.00, real=0.00 secs] 
2024-10-06T01:32:42.890+0300: 658.642: Total time for which application threads were stopped: 0.0382037 seconds, Stopping threads took: 0.0373920 seconds
2024-10-06T01:32:44.255+0300: 660.012: Application time: 1.3695370 seconds
2024-10-06T01:32:44.302+0300: 660.054: [GC (Allocation Failure) [PSYoungGen: 236622K->678K(236032K)] 249356K->13437K(714240K), 0.0011487 secs] [Times: user=0.00 sys=0.00, real=0.00 secs] 
2024-10-06T01:32:44.302+0300: 660.055: Total time for which application threads were stopped: 0.0431283 seconds, Stopping threads took: 0.0417830 seconds
2024-10-06T01:32:45.651+0300: 661.417: Application time: 1.3619319 seconds
2024-10-06T01:32:45.698+0300: 661.450: [GC (Allocation Failure) [PSYoungGen: 235122K->1248K(236544K)] 247880K->14023K(714752K), 0.0010569 secs] [Times: user=0.00 sys=0.00, real=0.00 secs] 
2024-10-06T01:32:45.698+0300: 661.451: Total time for which application threads were stopped: 0.0344287 seconds, Stopping threads took: 0.0331594 seconds
2024-10-06T01:32:47.063+0300: 662.816: Application time: 1.3646195 seconds
2024-10-06T01:32:47.095+0300: 662.846: [GC (Allocation Failure) [PSYoungGen: 235475K->694K(236544K)] 248249K->13477K(714752K), 0.0011488 secs] [Times: user=0.00 sys=0.00, real=0.00 secs] 
2024-10-06T01:32:47.095+0300: 662.848: Total time for which application threads were stopped: 0.0316934 seconds, Stopping threads took: 0.0303355 seconds
2024-10-06T01:32:48.444+0300: 664.200: Application time: 1.3521947 seconds
2024-10-06T01:32:48.474+0300: 664.226: [GC (Allocation Failure) [PSYoungGen: 235125K->1264K(236544K)] 247907K->14071K(714752K), 0.0011612 secs] [Times: user=0.00 sys=0.00, real=0.00 secs] 
2024-10-06T01:32:48.474+0300: 664.227: Total time for which application threads were stopped: 0.0273793 seconds, Stopping threads took: 0.0260074 seconds
2024-10-06T01:32:49.835+0300: 665.590: Application time: 1.3628937 seconds
2024-10-06T01:32:49.871+0300: 665.623: [GC (Allocation Failure) [PSYoungGen: 235516K->662K(236544K)] 248323K->13477K(714752K), 0.0009286 secs] [Times: user=0.00 sys=0.00, real=0.00 secs] 
2024-10-06T01:32:49.871+0300: 665.624: Total time for which application threads were stopped: 0.0341709 seconds, Stopping threads took: 0.0330669 seconds
2024-10-06T01:32:51.220+0300: 666.987: Application time: 1.3628020 seconds
2024-10-06T01:32:51.267+0300: 667.019: [GC (Allocation Failure) [PSYoungGen: 235112K->320K(236544K)] 247926K->13142K(714752K), 0.0013397 secs] [Times: user=0.00 sys=0.00, real=0.00 secs] 
2024-10-06T01:32:51.267+0300: 667.021: Total time for which application threads were stopped: 0.0336696 seconds, Stopping threads took: 0.0320290 seconds
2024-10-06T01:32:52.617+0300: 668.373: Application time: 1.3518968 seconds
2024-10-06T01:32:52.649+0300: 668.400: [GC (Allocation Failure) [PSYoungGen: 234816K->1085K(236544K)] 247638K->13939K(714752K), 0.0010309 secs] [Times: user=0.00 sys=0.00, real=0.00 secs] 
2024-10-06T01:32:52.649+0300: 668.401: Total time for which application threads were stopped: 0.0288734 seconds, Stopping threads took: 0.0276527 seconds
2024-10-06T01:32:54.014+0300: 669.768: Application time: 1.3669186 seconds
2024-10-06T01:32:54.045+0300: 669.797: [GC (Allocation Failure) [PSYoungGen: 235420K->451K(236544K)] 248275K->13321K(714752K), 0.0006668 secs] [Times: user=0.00 sys=0.00, real=0.00 secs] 
2024-10-06T01:32:54.045+0300: 669.798: Total time for which application threads were stopped: 0.0294681 seconds, Stopping threads took: 0.0286553 seconds
2024-10-06T01:32:55.395+0300: 671.156: Application time: 1.3579275 seconds
2024-10-06T01:32:55.427+0300: 671.178: [GC (Allocation Failure) [PSYoungGen: 234872K->1085K(236544K)] 247742K->13971K(714752K), 0.0010405 secs] [Times: user=0.00 sys=0.00, real=0.00 secs] 
2024-10-06T01:32:55.427+0300: 671.180: Total time for which application threads were stopped: 0.0236838 seconds, Stopping threads took: 0.0224947 seconds
2024-10-06T01:32:56.776+0300: 672.536: Application time: 1.3563546 seconds
2024-10-06T01:32:56.823+0300: 672.575: [GC (Allocation Failure) [PSYoungGen: 235393K->320K(236544K)] 248279K->13246K(714752K), 0.0010732 secs] [Times: user=0.00 sys=0.00, real=0.00 secs] 
2024-10-06T01:32:56.823+0300: 672.576: Total time for which application threads were stopped: 0.0399875 seconds, Stopping threads took: 0.0387212 seconds
2024-10-06T01:32:58.172+0300: 673.936: Application time: 1.3597005 seconds
2024-10-06T01:32:58.204+0300: 673.956: [GC (Allocation Failure) [PSYoungGen: 234478K->678K(236544K)] 247404K->13629K(714752K), 0.0012171 secs] [Times: user=0.00 sys=0.00, real=0.00 secs] 
2024-10-06T01:32:58.204+0300: 673.957: Total time for which application threads were stopped: 0.0212381 seconds, Stopping threads took: 0.0198219 seconds
2024-10-06T01:32:59.552+0300: 675.313: Application time: 1.3557370 seconds
2024-10-06T01:32:59.584+0300: 675.336: [GC (Allocation Failure) [PSYoungGen: 235004K->1085K(236544K)] 247955K->14051K(714752K), 0.0011502 secs] [Times: user=0.00 sys=0.00, real=0.00 secs] 
2024-10-06T01:32:59.584+0300: 675.337: Total time for which application threads were stopped: 0.0243307 seconds, Stopping threads took: 0.0229832 seconds
2024-10-06T01:33:00.948+0300: 676.706: Application time: 1.3690429 seconds
2024-10-06T01:33:00.996+0300: 676.747: [GC (Allocation Failure) [PSYoungGen: 235580K->678K(236544K)] 248547K->13661K(714752K), 0.0010843 secs] [Times: user=0.00 sys=0.00, real=0.00 secs] 
2024-10-06T01:33:00.996+0300: 676.748: Total time for which application threads were stopped: 0.0425681 seconds, Stopping threads took: 0.0412988 seconds
2024-10-06T01:33:02.344+0300: 678.103: Application time: 1.3549139 seconds
2024-10-06T01:33:02.376+0300: 678.128: [GC (Allocation Failure) [PSYoungGen: 235066K->1101K(236544K)] 248048K->14099K(714752K), 0.0011861 secs] [Times: user=0.00 sys=0.00, real=0.00 secs] 
2024-10-06T01:33:02.376+0300: 678.129: Total time for which application threads were stopped: 0.0254319 seconds, Stopping threads took: 0.0240679 seconds
2024-10-06T01:33:03.741+0300: 679.493: Application time: 1.3644696 seconds
2024-10-06T01:33:03.757+0300: 679.508: [GC (Allocation Failure) [PSYoungGen: 235548K->1444K(236544K)] 248546K->14458K(714752K), 0.0006133 secs] [Times: user=0.00 sys=0.00, real=0.00 secs] 
2024-10-06T01:33:03.757+0300: 679.509: Total time for which application threads were stopped: 0.0155648 seconds, Stopping threads took: 0.0148197 seconds
2024-10-06T01:33:05.153+0300: 680.909: Application time: 1.3998879 seconds
2024-10-06T01:33:05.200+0300: 680.952: [GC (Allocation Failure) [PSYoungGen: 235575K->646K(236544K)] 248589K->13701K(714752K), 0.0011143 secs] [Times: user=0.00 sys=0.00, real=0.00 secs] 
2024-10-06T01:33:05.200+0300: 680.954: Total time for which application threads were stopped: 0.0447255 seconds, Stopping threads took: 0.0434246 seconds
2024-10-06T01:33:06.550+0300: 682.307: Application time: 1.3531352 seconds
2024-10-06T01:33:06.582+0300: 682.334: [GC (Allocation Failure) [PSYoungGen: 235136K->1264K(236544K)] 248191K->14335K(714752K), 0.0010355 secs] [Times: user=0.00 sys=0.00, real=0.00 secs] 
2024-10-06T01:33:06.582+0300: 682.335: Total time for which application threads were stopped: 0.0282298 seconds, Stopping threads took: 0.0269612 seconds
2024-10-06T01:33:07.947+0300: 683.700: Application time: 1.3653643 seconds
2024-10-06T01:33:07.978+0300: 683.730: [GC (Allocation Failure) [PSYoungGen: 235588K->678K(236544K)] 248658K->13773K(714752K), 0.0009789 secs] [Times: user=0.00 sys=0.00, real=0.00 secs] 
2024-10-06T01:33:07.978+0300: 683.731: Total time for which application threads were stopped: 0.0310546 seconds, Stopping threads took: 0.0298825 seconds
2024-10-06T01:33:09.329+0300: 685.094: Application time: 1.3630136 seconds
2024-10-06T01:33:09.376+0300: 685.127: [GC (Allocation Failure) [PSYoungGen: 235109K->272K(236544K)] 248204K->13390K(714752K), 0.0009837 secs] [Times: user=0.00 sys=0.00, real=0.00 secs] 
2024-10-06T01:33:09.376+0300: 685.128: Total time for which application threads were stopped: 0.0341516 seconds, Stopping threads took: 0.0329731 seconds
2024-10-06T01:33:10.726+0300: 686.484: Application time: 1.3560230 seconds
2024-10-06T01:33:10.757+0300: 686.509: [GC (Allocation Failure) [PSYoungGen: 234536K->662K(236544K)] 247655K->13797K(714752K), 0.0012531 secs] [Times: user=0.00 sys=0.00, real=0.00 secs] 
2024-10-06T01:33:10.757+0300: 686.511: Total time for which application threads were stopped: 0.0260325 seconds, Stopping threads took: 0.0245538 seconds
2024-10-06T01:33:12.107+0300: 687.873: Application time: 1.3621110 seconds
2024-10-06T01:33:12.154+0300: 687.906: [GC (Allocation Failure) [PSYoungGen: 234986K->1117K(236544K)] 248120K->14267K(714752K), 0.0011040 secs] [Times: user=0.00 sys=0.00, real=0.00 secs] 
2024-10-06T01:33:12.154+0300: 687.907: Total time for which application threads were stopped: 0.0344763 seconds, Stopping threads took: 0.0331875 seconds
2024-10-06T01:33:13.503+0300: 689.266: Application time: 1.3593166 seconds
2024-10-06T01:33:13.550+0300: 689.302: [GC (Allocation Failure) [PSYoungGen: 235515K->515K(236544K)] 248666K->13681K(714752K), 0.0010691 secs] [Times: user=0.00 sys=0.00, real=0.00 secs] 
2024-10-06T01:33:13.550+0300: 689.303: Total time for which application threads were stopped: 0.0367037 seconds, Stopping threads took: 0.0354228 seconds
2024-10-06T01:33:14.900+0300: 690.660: Application time: 1.3571437 seconds
2024-10-06T01:33:14.931+0300: 690.683: [GC (Allocation Failure) [PSYoungGen: 235011K->1069K(236544K)] 248177K->14251K(714752K), 0.0008357 secs] [Times: user=0.00 sys=0.00, real=0.00 secs] 
2024-10-06T01:33:14.931+0300: 690.684: Total time for which application threads were stopped: 0.0233807 seconds, Stopping threads took: 0.0223522 seconds
2024-10-06T01:33:16.296+0300: 692.048: Application time: 1.3642355 seconds
2024-10-06T01:33:16.343+0300: 692.095: [GC (Allocation Failure) [PSYoungGen: 235433K->678K(236544K)] 248616K->13877K(714752K), 0.0011805 secs] [Times: user=0.00 sys=0.00, real=0.00 secs] 
2024-10-06T01:33:16.343+0300: 692.096: Total time for which application threads were stopped: 0.0483201 seconds, Stopping threads took: 0.0469480 seconds
2024-10-06T01:33:17.692+0300: 693.449: Application time: 1.3526574 seconds
2024-10-06T01:33:17.723+0300: 693.475: [GC (Allocation Failure) [PSYoungGen: 235010K->1069K(236544K)] 248209K->14283K(714752K), 0.0011223 secs] [Times: user=0.00 sys=0.00, real=0.00 secs] 
2024-10-06T01:33:17.723+0300: 693.477: Total time for which application threads were stopped: 0.0275943 seconds, Stopping threads took: 0.0262641 seconds
2024-10-06T01:33:19.088+0300: 694.843: Application time: 1.3665900 seconds
2024-10-06T01:33:19.119+0300: 694.871: [GC (Allocation Failure) [PSYoungGen: 235499K->483K(236544K)] 248713K->13737K(714752K), 0.0011308 secs] [Times: user=0.00 sys=0.00, real=0.00 secs] 
2024-10-06T01:33:19.119+0300: 694.872: Total time for which application threads were stopped: 0.0293091 seconds, Stopping threads took: 0.0279734 seconds
2024-10-06T01:33:20.469+0300: 696.229: Application time: 1.3565597 seconds
2024-10-06T01:33:20.500+0300: 696.252: [GC (Allocation Failure) [PSYoungGen: 234894K->1069K(236544K)] 248149K->14339K(714752K), 0.0012107 secs] [Times: user=0.00 sys=0.00, real=0.00 secs] 
2024-10-06T01:33:20.500+0300: 696.253: Total time for which application threads were stopped: 0.0242998 seconds, Stopping threads took: 0.0228522 seconds
2024-10-06T01:33:21.865+0300: 697.620: Application time: 1.3672059 seconds
2024-10-06T01:33:21.896+0300: 697.648: [GC (Allocation Failure) [PSYoungGen: 235428K->451K(236544K)] 248698K->13745K(714752K), 0.0008218 secs] [Times: user=0.00 sys=0.00, real=0.00 secs] 
2024-10-06T01:33:21.896+0300: 697.649: Total time for which application threads were stopped: 0.0286281 seconds, Stopping threads took: 0.0276319 seconds
2024-10-06T01:33:23.245+0300: 699.011: Application time: 1.3619213 seconds
2024-10-06T01:33:23.277+0300: 699.029: [GC (Allocation Failure) [PSYoungGen: 234557K->694K(236544K)] 247852K->13997K(714752K), 0.0011972 secs] [Times: user=0.00 sys=0.00, real=0.00 secs] 
2024-10-06T01:33:23.277+0300: 699.030: Total time for which application threads were stopped: 0.0187530 seconds, Stopping threads took: 0.0173668 seconds
2024-10-06T01:33:24.627+0300: 700.383: Application time: 1.3536472 seconds
2024-10-06T01:33:24.658+0300: 700.410: [GC (Allocation Failure) [PSYoungGen: 235076K->1085K(236544K)] 248378K->14395K(714752K), 0.0011579 secs] [Times: user=0.00 sys=0.00, real=0.00 secs] 
2024-10-06T01:33:24.658+0300: 700.411: Total time for which application threads were stopped: 0.0275269 seconds, Stopping threads took: 0.0261563 seconds
2024-10-06T01:33:26.022+0300: 701.778: Application time: 1.3668126 seconds
2024-10-06T01:33:26.069+0300: 701.821: [GC (Allocation Failure) [PSYoungGen: 235512K->710K(237056K)] 248823K->14037K(715264K), 0.0011597 secs] [Times: user=0.00 sys=0.00, real=0.00 secs] 
2024-10-06T01:33:26.069+0300: 701.822: Total time for which application threads were stopped: 0.0446322 seconds, Stopping threads took: 0.0432727 seconds
2024-10-06T01:33:27.422+0300: 703.178: Application time: 1.3555707 seconds
2024-10-06T01:33:27.466+0300: 703.218: [GC (Allocation Failure) [PSYoungGen: 235718K->662K(236544K)] 249045K->14005K(714752K), 0.0011919 secs] [Times: user=0.00 sys=0.00, real=0.00 secs] 
2024-10-06T01:33:27.466+0300: 703.219: Total time for which application threads were stopped: 0.0409711 seconds, Stopping threads took: 0.0395787 seconds
2024-10-06T01:33:28.825+0300: 704.578: Application time: 1.3590354 seconds
2024-10-06T01:33:28.862+0300: 704.614: [GC (Allocation Failure) [PSYoungGen: 235670K->467K(237056K)] 249013K->13825K(715264K), 0.0012099 secs] [Times: user=0.00 sys=0.00, real=0.00 secs] 
2024-10-06T01:33:28.862+0300: 704.615: Total time for which application threads were stopped: 0.0373067 seconds, Stopping threads took: 0.0358711 seconds
2024-10-06T01:33:30.211+0300: 705.974: Application time: 1.3586096 seconds
2024-10-06T01:33:30.258+0300: 706.010: [GC (Allocation Failure) [PSYoungGen: 235662K->694K(237056K)] 249020K->14069K(715264K), 0.0012271 secs] [Times: user=0.00 sys=0.00, real=0.00 secs] 
2024-10-06T01:33:30.258+0300: 706.011: Total time for which application threads were stopped: 0.0374235 seconds, Stopping threads took: 0.0359776 seconds
2024-10-06T01:33:31.608+0300: 707.373: Application time: 1.3615179 seconds
2024-10-06T01:33:31.655+0300: 707.407: [GC (Allocation Failure) [PSYoungGen: 236200K->1264K(237056K)] 249575K->14647K(715264K), 0.0011489 secs] [Times: user=0.00 sys=0.00, real=0.00 secs] 
2024-10-06T01:33:31.655+0300: 707.408: Total time for which application threads were stopped: 0.0354017 seconds, Stopping threads took: 0.0340232 seconds
2024-10-06T01:33:33.020+0300: 708.776: Application time: 1.3672433 seconds
2024-10-06T01:33:33.068+0300: 708.820: [GC (Allocation Failure) [PSYoungGen: 236435K->694K(237056K)] 249818K->14093K(715264K), 0.0010431 secs] [Times: user=0.00 sys=0.00, real=0.00 secs] 
2024-10-06T01:33:33.068+0300: 708.821: Total time for which application threads were stopped: 0.0451157 seconds, Stopping threads took: 0.0438816 seconds
2024-10-06T01:33:34.418+0300: 710.180: Application time: 1.3594567 seconds
2024-10-06T01:33:34.465+0300: 710.216: [GC (Allocation Failure) [PSYoungGen: 236045K->1053K(237056K)] 249443K->14459K(715264K), 0.0010208 secs] [Times: user=0.00 sys=0.00, real=0.00 secs] 
2024-10-06T01:33:34.465+0300: 710.217: Total time for which application threads were stopped: 0.0373714 seconds, Stopping threads took: 0.0361644 seconds
2024-10-06T01:33:35.830+0300: 711.587: Application time: 1.3695726 seconds
2024-10-06T01:33:35.877+0300: 711.629: [GC (Allocation Failure) [PSYoungGen: 236422K->499K(237056K)] 249828K->13921K(715264K), 0.0011616 secs] [Times: user=0.00 sys=0.00, real=0.00 secs] 
2024-10-06T01:33:35.877+0300: 711.630: Total time for which application threads were stopped: 0.0428934 seconds, Stopping threads took: 0.0415351 seconds
2024-10-06T01:33:37.226+0300: 712.987: Application time: 1.3569610 seconds
2024-10-06T01:33:37.273+0300: 713.025: [GC (Allocation Failure) [PSYoungGen: 236016K->1021K(237056K)] 249439K->14451K(715264K), 0.0011875 secs] [Times: user=0.00 sys=0.00, real=0.00 secs] 
2024-10-06T01:33:37.273+0300: 713.026: Total time for which application threads were stopped: 0.0390091 seconds, Stopping threads took: 0.0375735 seconds
2024-10-06T01:33:38.622+0300: 714.388: Application time: 1.3624495 seconds
2024-10-06T01:33:38.669+0300: 714.421: [GC (Allocation Failure) [PSYoungGen: 236466K->1053K(237056K)] 249896K->14499K(715264K), 0.0012770 secs] [Times: user=0.00 sys=0.00, real=0.00 secs] 
2024-10-06T01:33:38.669+0300: 714.422: Total time for which application threads were stopped: 0.0340518 seconds, Stopping threads took: 0.0325558 seconds
2024-10-06T01:33:40.046+0300: 715.799: Application time: 1.3761765 seconds
2024-10-06T01:33:40.084+0300: 715.836: [GC (Allocation Failure) [PSYoungGen: 236573K->483K(237056K)] 250019K->13969K(715264K), 0.0010136 secs] [Times: user=0.00 sys=0.00, real=0.00 secs] 
2024-10-06T01:33:40.084+0300: 715.837: Total time for which application threads were stopped: 0.0381341 seconds, Stopping threads took: 0.0369235 seconds
2024-10-06T01:33:41.433+0300: 717.197: Application time: 1.3606577 seconds
2024-10-06T01:33:41.481+0300: 717.232: [GC (Allocation Failure) [PSYoungGen: 235925K->1053K(237056K)] 249411K->14555K(715264K), 0.0011788 secs] [Times: user=0.00 sys=0.00, real=0.00 secs] 
2024-10-06T01:33:41.481+0300: 717.234: Total time for which application threads were stopped: 0.0363102 seconds, Stopping threads took: 0.0349207 seconds
2024-10-06T01:33:42.851+0300: 718.606: Application time: 1.3721751 seconds
2024-10-06T01:33:42.892+0300: 718.644: [GC (Allocation Failure) [PSYoungGen: 236498K->483K(237056K)] 250000K->14001K(715264K), 0.0009354 secs] [Times: user=0.00 sys=0.00, real=0.00 secs] 
2024-10-06T01:33:42.892+0300: 718.645: Total time for which application threads were stopped: 0.0390548 seconds, Stopping threads took: 0.0379376 seconds
2024-10-06T01:33:44.242+0300: 720.005: Application time: 1.3598765 seconds
2024-10-06T01:33:44.289+0300: 720.041: [GC (Allocation Failure) [PSYoungGen: 235844K->1053K(237056K)] 249362K->14603K(715264K), 0.0009856 secs] [Times: user=0.00 sys=0.00, real=0.00 secs] 
2024-10-06T01:33:44.289+0300: 720.042: Total time for which application threads were stopped: 0.0373768 seconds, Stopping threads took: 0.0362054 seconds
2024-10-06T01:33:45.657+0300: 721.412: Application time: 1.3701085 seconds
2024-10-06T01:33:45.701+0300: 721.453: [GC (Allocation Failure) [PSYoungGen: 236487K->320K(236032K)] 250037K->13878K(714240K), 0.0008273 secs] [Times: user=0.00 sys=0.00, real=0.00 secs] 
2024-10-06T01:33:45.701+0300: 721.453: Total time for which application threads were stopped: 0.0411519 seconds, Stopping threads took: 0.0401245 seconds
2024-10-06T01:33:47.065+0300: 722.824: Application time: 1.3707544 seconds
2024-10-06T01:33:47.112+0300: 722.864: [GC (Allocation Failure) [PSYoungGen: 234517K->694K(236544K)] 248076K->14269K(714752K), 0.0005847 secs] [Times: user=0.00 sys=0.00, real=0.00 secs] 
2024-10-06T01:33:47.112+0300: 722.865: Total time for which application threads were stopped: 0.0404736 seconds, Stopping threads took: 0.0397501 seconds
2024-10-06T01:33:48.478+0300: 724.236: Application time: 1.3714704 seconds
2024-10-06T01:33:48.525+0300: 724.277: [GC (Allocation Failure) [PSYoungGen: 235033K->288K(237056K)] 248607K->13870K(715264K), 0.0010716 secs] [Times: user=0.00 sys=0.00, real=0.00 secs] 
2024-10-06T01:33:48.525+0300: 724.278: Total time for which application threads were stopped: 0.0416053 seconds, Stopping threads took: 0.0403443 seconds
2024-10-06T01:33:49.889+0300: 725.644: Application time: 1.3662292 seconds
2024-10-06T01:33:49.936+0300: 725.688: [GC (Allocation Failure) [PSYoungGen: 235544K->646K(237056K)] 249127K->14245K(715264K), 0.0010822 secs] [Times: user=0.00 sys=0.00, real=0.00 secs] 
2024-10-06T01:33:49.936+0300: 725.689: Total time for which application threads were stopped: 0.0453355 seconds, Stopping threads took: 0.0440626 seconds
2024-10-06T01:33:51.288+0300: 727.045: Application time: 1.3557285 seconds
2024-10-06T01:33:51.334+0300: 727.086: [GC (Allocation Failure) [PSYoungGen: 236098K->1069K(237056K)] 249697K->14683K(715264K), 0.0009243 secs] [Times: user=0.00 sys=0.00, real=0.00 secs] 
2024-10-06T01:33:51.334+0300: 727.087: Total time for which application threads were stopped: 0.0420492 seconds, Stopping threads took: 0.0409523 seconds
2024-10-06T01:33:52.684+0300: 728.449: Application time: 1.3615326 seconds
2024-10-06T01:33:52.731+0300: 728.483: [GC (Allocation Failure) [PSYoungGen: 236439K->467K(237056K)] 250054K->14097K(715264K), 0.0009694 secs] [Times: user=0.00 sys=0.00, real=0.00 secs] 
2024-10-06T01:33:52.731+0300: 728.484: Total time for which application threads were stopped: 0.0348881 seconds, Stopping threads took: 0.0337171 seconds
2024-10-06T01:33:54.095+0300: 729.855: Application time: 1.3714156 seconds
2024-10-06T01:33:54.142+0300: 729.894: [GC (Allocation Failure) [PSYoungGen: 235946K->1232K(236032K)] 249576K->14871K(714240K), 0.0011567 secs] [Times: user=0.00 sys=0.00, real=0.00 secs] 
2024-10-06T01:33:54.142+0300: 729.895: Total time for which application threads were stopped: 0.0401762 seconds, Stopping threads took: 0.0388208 seconds
2024-10-06T01:33:55.491+0300: 731.252: Application time: 1.3568821 seconds
2024-10-06T01:33:55.538+0300: 731.290: [GC (Allocation Failure) [PSYoungGen: 235577K->678K(236544K)] 249216K->14349K(714752K), 0.0012892 secs] [Times: user=0.00 sys=0.00, real=0.00 secs] 
2024-10-06T01:33:55.538+0300: 731.291: Total time for which application threads were stopped: 0.0392086 seconds, Stopping threads took: 0.0377306 seconds
2024-10-06T01:33:56.888+0300: 732.652: Application time: 1.3603900 seconds
2024-10-06T01:33:56.919+0300: 732.671: [GC (Allocation Failure) [PSYoungGen: 235026K->1101K(236032K)] 248697K->14803K(714240K), 0.0007703 secs] [Times: user=0.00 sys=0.00, real=0.00 secs] 
2024-10-06T01:33:56.919+0300: 732.672: Total time for which application threads were stopped: 0.0199431 seconds, Stopping threads took: 0.0190547 seconds
2024-10-06T01:33:58.284+0300: 734.037: Application time: 1.3654839 seconds
2024-10-06T01:33:58.331+0300: 734.083: [GC (Allocation Failure) [PSYoungGen: 235565K->678K(236544K)] 249267K->14397K(714752K), 0.0010666 secs] [Times: user=0.00 sys=0.00, real=0.00 secs] 
2024-10-06T01:33:58.331+0300: 734.084: Total time for which application threads were stopped: 0.0470115 seconds, Stopping threads took: 0.0457381 seconds
2024-10-06T01:33:59.686+0300: 735.444: Application time: 1.3597730 seconds
2024-10-06T01:33:59.728+0300: 735.480: [GC (Allocation Failure) [PSYoungGen: 235134K->288K(237056K)] 248853K->14030K(715264K), 0.0011865 secs] [Times: user=0.00 sys=0.00, real=0.00 secs] 
2024-10-06T01:33:59.728+0300: 735.481: Total time for which application threads were stopped: 0.0375458 seconds, Stopping threads took: 0.0361646 seconds
2024-10-06T01:34:01.093+0300: 736.859: Application time: 1.3777722 seconds
2024-10-06T01:34:01.140+0300: 736.892: [GC (Allocation Failure) [PSYoungGen: 235582K->710K(237056K)] 249325K->14461K(715264K), 0.0010873 secs] [Times: user=0.00 sys=0.00, real=0.00 secs] 
2024-10-06T01:34:01.140+0300: 736.893: Total time for which application threads were stopped: 0.0341536 seconds, Stopping threads took: 0.0328673 seconds
2024-10-06T01:34:02.491+0300: 738.255: Application time: 1.3613132 seconds
2024-10-06T01:34:02.537+0300: 738.289: [GC (Allocation Failure) [PSYoungGen: 236230K->694K(237056K)] 249981K->14453K(715264K), 0.0009661 secs] [Times: user=0.00 sys=0.00, real=0.00 secs] 
2024-10-06T01:34:02.537+0300: 738.290: Total time for which application threads were stopped: 0.0353133 seconds, Stopping threads took: 0.0341640 seconds
2024-10-06T01:34:03.416+0300: 739.181: Application time: 0.8911124 seconds
2024-10-06T01:34:03.447+0300: 739.199: Total time for which application threads were stopped: 0.0177754 seconds, Stopping threads took: 0.0176626 seconds
2024-10-06T01:34:03.510+0300: 739.268: Application time: 0.0692379 seconds
2024-10-06T01:34:03.557+0300: 739.309: Total time for which application threads were stopped: 0.0404206 seconds, Stopping threads took: 0.0403290 seconds
2024-10-06T01:34:03.588+0300: 739.343: Application time: 0.0340590 seconds
2024-10-06T01:34:03.636+0300: 739.387: Total time for which application threads were stopped: 0.0447281 seconds, Stopping threads took: 0.0446272 seconds
2024-10-06T01:34:03.667+0300: 739.419: Application time: 0.0312626 seconds
2024-10-06T01:34:03.667+0300: 739.419: Total time for which application threads were stopped: 0.0004768 seconds, Stopping threads took: 0.0004257 seconds
2024-10-06T01:34:03.694+0300: 739.446: Application time: 0.0272858 seconds
2024-10-06T01:34:03.694+0300: 739.447: Total time for which application threads were stopped: 0.0003034 seconds, Stopping threads took: 0.0002630 seconds
2024-10-06T01:34:04.027+0300: 739.790: Application time: 0.3436622 seconds
2024-10-06T01:34:04.074+0300: 739.826: [GC (Allocation Failure) [PSYoungGen: 235923K->1507K(237056K)] 249682K->15274K(715264K), 0.0010906 secs] [Times: user=0.00 sys=0.00, real=0.00 secs] 
2024-10-06T01:34:04.074+0300: 739.827: Total time for which application threads were stopped: 0.0370153 seconds, Stopping threads took: 0.0357232 seconds
2024-10-06T01:34:05.424+0300: 741.190: Application time: 1.3621056 seconds
2024-10-06T01:34:05.471+0300: 741.223: [GC (Allocation Failure) [PSYoungGen: 236883K->1085K(236032K)] 250650K->14899K(714240K), 0.0006979 secs] [Times: user=0.00 sys=0.00, real=0.00 secs] 
2024-10-06T01:34:05.471+0300: 741.224: Total time for which application threads were stopped: 0.0340355 seconds, Stopping threads took: 0.0332159 seconds
2024-10-06T01:34:06.836+0300: 742.593: Application time: 1.3696914 seconds
2024-10-06T01:34:06.883+0300: 742.635: [GC (Allocation Failure) [PSYoungGen: 235391K->288K(236544K)] 249205K->14118K(714752K), 0.0010064 secs] [Times: user=0.00 sys=0.00, real=0.00 secs] 
2024-10-06T01:34:06.883+0300: 742.636: Total time for which application threads were stopped: 0.0430650 seconds, Stopping threads took: 0.0418669 seconds
2024-10-06T01:34:08.233+0300: 743.987: Application time: 1.3509391 seconds
2024-10-06T01:34:08.264+0300: 744.016: [GC (Allocation Failure) [PSYoungGen: 234763K->1216K(236544K)] 248593K->15063K(714752K), 0.0011503 secs] [Times: user=0.00 sys=0.00, real=0.00 secs] 
2024-10-06T01:34:08.264+0300: 744.017: Total time for which application threads were stopped: 0.0298439 seconds, Stopping threads took: 0.0284880 seconds
2024-10-06T01:34:09.614+0300: 745.381: Application time: 1.3638771 seconds
2024-10-06T01:34:09.661+0300: 745.413: [GC (Allocation Failure) [PSYoungGen: 235658K->1037K(236544K)] 249504K->14899K(714752K), 0.0010736 secs] [Times: user=0.00 sys=0.00, real=0.00 secs] 
2024-10-06T01:34:09.661+0300: 745.414: Total time for which application threads were stopped: 0.0328948 seconds, Stopping threads took: 0.0315985 seconds
2024-10-06T01:34:11.027+0300: 746.779: Application time: 1.3651465 seconds
2024-10-06T01:34:11.073+0300: 746.825: [GC (Allocation Failure) [PSYoungGen: 235533K->694K(236544K)] 249395K->14589K(714752K), 0.0010455 secs] [Times: user=0.00 sys=0.00, real=0.00 secs] 
2024-10-06T01:34:11.073+0300: 746.826: Total time for which application threads were stopped: 0.0473925 seconds, Stopping threads took: 0.0461188 seconds
2024-10-06T01:34:12.423+0300: 748.183: Application time: 1.3561122 seconds
2024-10-06T01:34:12.454+0300: 748.206: [GC (Allocation Failure) [PSYoungGen: 235125K->1296K(236544K)] 249020K->15215K(714752K), 0.0009116 secs] [Times: user=0.00 sys=0.00, real=0.00 secs] 
2024-10-06T01:34:12.454+0300: 748.207: Total time for which application threads were stopped: 0.0243449 seconds, Stopping threads took: 0.0232689 seconds
2024-10-06T01:34:13.813+0300: 749.569: Application time: 1.3625738 seconds
2024-10-06T01:34:13.866+0300: 749.618: [GC (Allocation Failure) [PSYoungGen: 235746K->1101K(236544K)] 249664K->15043K(714752K), 0.0013086 secs] [Times: user=0.00 sys=0.00, real=0.00 secs] 
2024-10-06T01:34:13.866+0300: 749.619: Total time for which application threads were stopped: 0.0499852 seconds, Stopping threads took: 0.0484792 seconds
2024-10-06T01:34:15.216+0300: 750.980: Application time: 1.3607164 seconds
2024-10-06T01:34:15.263+0300: 751.014: [GC (Allocation Failure) [PSYoungGen: 235442K->662K(236544K)] 249385K->14629K(714752K), 0.0011953 secs] [Times: user=0.00 sys=0.00, real=0.00 secs] 
2024-10-06T01:34:15.263+0300: 751.016: Total time for which application threads were stopped: 0.0354772 seconds, Stopping threads took: 0.0340749 seconds
2024-10-06T01:34:16.618+0300: 752.379: Application time: 1.3634127 seconds
2024-10-06T01:34:16.675+0300: 752.427: [GC (Allocation Failure) [PSYoungGen: 235080K->256K(236544K)] 249046K->14238K(714752K), 0.0010655 secs] [Times: user=0.00 sys=0.00, real=0.00 secs] 
2024-10-06T01:34:16.675+0300: 752.428: Total time for which application threads were stopped: 0.0485914 seconds, Stopping threads took: 0.0473084 seconds
2024-10-06T01:34:18.024+0300: 753.791: Application time: 1.3630843 seconds
2024-10-06T01:34:18.055+0300: 753.807: [GC (Allocation Failure) [PSYoungGen: 234746K->678K(236544K)] 248729K->14685K(714752K), 0.0011640 secs] [Times: user=0.00 sys=0.00, real=0.00 secs] 
2024-10-06T01:34:18.057+0300: 753.809: Total time for which application threads were stopped: 0.0178644 seconds, Stopping threads took: 0.0165043 seconds
2024-10-06T01:34:19.421+0300: 755.173: Application time: 1.3642766 seconds
2024-10-06T01:34:19.452+0300: 755.204: [GC (Allocation Failure) [PSYoungGen: 235058K->336K(236544K)] 249064K->14382K(714752K), 0.0009471 secs] [Times: user=0.00 sys=0.00, real=0.00 secs] 
2024-10-06T01:34:19.452+0300: 755.205: Total time for which application threads were stopped: 0.0324518 seconds, Stopping threads took: 0.0313048 seconds
2024-10-06T01:34:20.802+0300: 756.562: Application time: 1.3563598 seconds
2024-10-06T01:34:20.833+0300: 756.585: [GC (Allocation Failure) [PSYoungGen: 234450K->694K(236544K)] 248497K->14757K(714752K), 0.0008855 secs] [Times: user=0.00 sys=0.00, real=0.00 secs] 
2024-10-06T01:34:20.834+0300: 756.586: Total time for which application threads were stopped: 0.0243535 seconds, Stopping threads took: 0.0232826 seconds
2024-10-06T01:34:22.183+0300: 757.942: Application time: 1.3562374 seconds
2024-10-06T01:34:22.214+0300: 757.966: [GC (Allocation Failure) [PSYoungGen: 235118K->1264K(236544K)] 249181K->15343K(714752K), 0.0007822 secs] [Times: user=0.00 sys=0.00, real=0.00 secs] 
2024-10-06T01:34:22.214+0300: 757.967: Total time for which application threads were stopped: 0.0248033 seconds, Stopping threads took: 0.0238589 seconds
2024-10-06T01:34:23.579+0300: 759.334: Application time: 1.3673025 seconds
2024-10-06T01:34:23.626+0300: 759.378: [GC (Allocation Failure) [PSYoungGen: 235752K->483K(236544K)] 249830K->14577K(714752K), 0.0011523 secs] [Times: user=0.00 sys=0.00, real=0.00 secs] 
2024-10-06T01:34:23.626+0300: 759.379: Total time for which application threads were stopped: 0.0444134 seconds, Stopping threads took: 0.0430670 seconds
2024-10-06T01:34:24.991+0300: 760.745: Application time: 1.3658591 seconds
2024-10-06T01:34:25.007+0300: 760.759: [GC (Allocation Failure) [PSYoungGen: 234806K->1037K(236544K)] 248901K->15139K(714752K), 0.0011282 secs] [Times: user=0.00 sys=0.00, real=0.00 secs] 
2024-10-06T01:34:25.007+0300: 760.760: Total time for which application threads were stopped: 0.0153599 seconds, Stopping threads took: 0.0140132 seconds
2024-10-06T01:34:26.372+0300: 762.127: Application time: 1.3673550 seconds
2024-10-06T01:34:26.403+0300: 762.155: [GC (Allocation Failure) [PSYoungGen: 235388K->678K(236544K)] 249490K->14789K(714752K), 0.0011114 secs] [Times: user=0.00 sys=0.00, real=0.00 secs] 
2024-10-06T01:34:26.403+0300: 762.156: Total time for which application threads were stopped: 0.0289877 seconds, Stopping threads took: 0.0276854 seconds
2024-10-06T01:34:27.754+0300: 763.508: Application time: 1.3514294 seconds
2024-10-06T01:34:27.801+0300: 763.552: [GC (Allocation Failure) [PSYoungGen: 235008K->694K(237056K)] 249118K->14821K(715264K), 0.0006900 secs] [Times: user=0.00 sys=0.00, real=0.00 secs] 
2024-10-06T01:34:27.801+0300: 763.553: Total time for which application threads were stopped: 0.0452530 seconds, Stopping threads took: 0.0444022 seconds
2024-10-06T01:34:29.149+0300: 764.916: Application time: 1.3626452 seconds
2024-10-06T01:34:29.196+0300: 764.948: [GC (Allocation Failure) [PSYoungGen: 235636K->435K(236544K)] 249763K->14577K(714752K), 0.0008363 secs] [Times: user=0.00 sys=0.00, real=0.00 secs] 
2024-10-06T01:34:29.196+0300: 764.949: Total time for which application threads were stopped: 0.0328583 seconds, Stopping threads took: 0.0318447 seconds
2024-10-06T01:34:30.546+0300: 766.308: Application time: 1.3597473 seconds
2024-10-06T01:34:30.593+0300: 766.344: [GC (Allocation Failure) [PSYoungGen: 235394K->710K(237056K)] 249537K->14877K(715264K), 0.0010727 secs] [Times: user=0.00 sys=0.00, real=0.00 secs] 
2024-10-06T01:34:30.593+0300: 766.346: Total time for which application threads were stopped: 0.0372213 seconds, Stopping threads took: 0.0359426 seconds
2024-10-06T01:34:31.958+0300: 767.721: Application time: 1.3752227 seconds
2024-10-06T01:34:32.005+0300: 767.757: [GC (Allocation Failure) [PSYoungGen: 236107K->320K(237056K)] 250274K->14502K(715264K), 0.0012926 secs] [Times: user=0.00 sys=0.00, real=0.00 secs] 
2024-10-06T01:34:32.005+0300: 767.758: Total time for which application threads were stopped: 0.0371174 seconds, Stopping threads took: 0.0356170 seconds
2024-10-06T01:34:33.355+0300: 769.118: Application time: 1.3598961 seconds
2024-10-06T01:34:33.402+0300: 769.153: [GC (Allocation Failure) [PSYoungGen: 235627K->630K(237056K)] 249809K->14845K(715264K), 0.0011807 secs] [Times: user=0.00 sys=0.00, real=0.00 secs] 
2024-10-06T01:34:33.402+0300: 769.155: Total time for which application threads were stopped: 0.0368985 seconds, Stopping threads took: 0.0355020 seconds
2024-10-06T01:34:34.754+0300: 770.516: Application time: 1.3609816 seconds
2024-10-06T01:34:34.799+0300: 770.551: [GC (Allocation Failure) [PSYoungGen: 236143K->1069K(237056K)] 250358K->15315K(715264K), 0.0005533 secs] [Times: user=0.00 sys=0.00, real=0.00 secs] 
2024-10-06T01:34:34.799+0300: 770.551: Total time for which application threads were stopped: 0.0354076 seconds, Stopping threads took: 0.0347421 seconds
2024-10-06T01:34:36.163+0300: 771.921: Application time: 1.3697165 seconds
2024-10-06T01:34:36.210+0300: 771.962: [GC (Allocation Failure) [PSYoungGen: 236515K->694K(237056K)] 250761K->14957K(715264K), 0.0011167 secs] [Times: user=0.00 sys=0.00, real=0.00 secs] 
2024-10-06T01:34:36.210+0300: 771.963: Total time for which application threads were stopped: 0.0422451 seconds, Stopping threads took: 0.0409149 seconds
2024-10-06T01:34:37.560+0300: 773.324: Application time: 1.3612470 seconds
2024-10-06T01:34:37.622+0300: 773.373: [GC (Allocation Failure) [PSYoungGen: 236152K->288K(237056K)] 250415K->14566K(715264K), 0.0010976 secs] [Times: user=0.00 sys=0.00, real=0.00 secs] 
2024-10-06T01:34:37.622+0300: 773.375: Total time for which application threads were stopped: 0.0502694 seconds, Stopping threads took: 0.0489261 seconds
2024-10-06T01:34:38.986+0300: 774.738: Application time: 1.3632719 seconds
2024-10-06T01:34:39.017+0300: 774.769: [GC (Allocation Failure) [PSYoungGen: 235807K->1232K(237056K)] 250086K->15527K(715264K), 0.0009238 secs] [Times: user=0.00 sys=0.00, real=0.00 secs] 
2024-10-06T01:34:39.017+0300: 774.770: Total time for which application threads were stopped: 0.0324392 seconds, Stopping threads took: 0.0313289 seconds
2024-10-06T01:34:40.367+0300: 776.133: Application time: 1.3624582 seconds
2024-10-06T01:34:40.414+0300: 776.166: [GC (Allocation Failure) [PSYoungGen: 236532K->1491K(237056K)] 250826K->15794K(715264K), 0.0011133 secs] [Times: user=0.00 sys=0.00, real=0.00 secs] 
2024-10-06T01:34:40.414+0300: 776.167: Total time for which application threads were stopped: 0.0345789 seconds, Stopping threads took: 0.0332805 seconds
2024-10-06T01:34:41.779+0300: 777.532: Application time: 1.3641874 seconds
2024-10-06T01:34:41.826+0300: 777.578: [GC (Allocation Failure) [PSYoungGen: 236942K->1069K(236032K)] 251244K->15387K(714240K), 0.0012257 secs] [Times: user=0.00 sys=0.00, real=0.00 secs] 
2024-10-06T01:34:41.826+0300: 777.579: Total time for which application threads were stopped: 0.0475402 seconds, Stopping threads took: 0.0461058 seconds
2024-10-06T01:34:43.191+0300: 778.945: Application time: 1.3654593 seconds
2024-10-06T01:34:43.238+0300: 778.990: [GC (Allocation Failure) [PSYoungGen: 235488K->694K(236544K)] 249807K->15029K(714752K), 0.0011990 secs] [Times: user=0.00 sys=0.00, real=0.00 secs] 
2024-10-06T01:34:43.238+0300: 778.991: Total time for which application threads were stopped: 0.0469205 seconds, Stopping threads took: 0.0455107 seconds
2024-10-06T01:34:44.589+0300: 780.342: Application time: 1.3504232 seconds
2024-10-06T01:34:44.620+0300: 780.372: [GC (Allocation Failure) [PSYoungGen: 235144K->1312K(236544K)] 249478K->15663K(714752K), 0.0009470 secs] [Times: user=0.00 sys=0.00, real=0.00 secs] 
2024-10-06T01:34:44.620+0300: 780.373: Total time for which application threads were stopped: 0.0307656 seconds, Stopping threads took: 0.0296415 seconds
2024-10-06T01:34:45.977+0300: 781.736: Application time: 1.3630142 seconds
2024-10-06T01:34:46.016+0300: 781.768: [GC (Allocation Failure) [PSYoungGen: 235721K->678K(236544K)] 250072K->15053K(714752K), 0.0012120 secs] [Times: user=0.00 sys=0.00, real=0.00 secs] 
2024-10-06T01:34:46.016+0300: 781.769: Total time for which application threads were stopped: 0.0336346 seconds, Stopping threads took: 0.0322404 seconds
2024-10-06T01:34:47.381+0300: 783.133: Application time: 1.3633252 seconds
2024-10-06T01:34:47.428+0300: 783.180: [GC (Allocation Failure) [PSYoungGen: 235114K->272K(236544K)] 249488K->14654K(714752K), 0.0011145 secs] [Times: user=0.00 sys=0.00, real=0.00 secs] 
2024-10-06T01:34:47.428+0300: 783.181: Total time for which application threads were stopped: 0.0480745 seconds, Stopping threads took: 0.0467494 seconds
2024-10-06T01:34:48.783+0300: 784.543: Application time: 1.3622257 seconds
2024-10-06T01:34:48.824+0300: 784.575: [GC (Allocation Failure) [PSYoungGen: 234402K->694K(236544K)] 248784K->15085K(714752K), 0.0005984 secs] [Times: user=0.00 sys=0.00, real=0.00 secs] 
2024-10-06T01:34:48.824+0300: 784.576: Total time for which application threads were stopped: 0.0330103 seconds, Stopping threads took: 0.0323014 seconds
2024-10-06T01:34:50.189+0300: 785.944: Application time: 1.3677108 seconds
2024-10-06T01:34:50.220+0300: 785.972: [GC (Allocation Failure) [PSYoungGen: 235023K->1085K(236544K)] 249414K->15491K(714752K), 0.0006937 secs] [Times: user=0.00 sys=0.00, real=0.00 secs] 
2024-10-06T01:34:50.220+0300: 785.973: Total time for which application threads were stopped: 0.0289997 seconds, Stopping threads took: 0.0281177 seconds
2024-10-06T01:34:51.585+0300: 787.338: Application time: 1.3657176 seconds
2024-10-06T01:34:51.632+0300: 787.384: [GC (Allocation Failure) [PSYoungGen: 235435K->483K(236544K)] 249842K->14905K(714752K), 0.0011479 secs] [Times: user=0.00 sys=0.00, real=0.00 secs] 
2024-10-06T01:34:51.632+0300: 787.385: Total time for which application threads were stopped: 0.0468647 seconds, Stopping threads took: 0.0454982 seconds
2024-10-06T01:34:52.981+0300: 788.738: Application time: 1.3528390 seconds
2024-10-06T01:34:53.028+0300: 788.780: [GC (Allocation Failure) [PSYoungGen: 234925K->1232K(236544K)] 249348K->15671K(714752K), 0.0010274 secs] [Times: user=0.00 sys=0.00, real=0.00 secs] 
2024-10-06T01:34:53.028+0300: 788.781: Total time for which application threads were stopped: 0.0431932 seconds, Stopping threads took: 0.0419462 seconds
2024-10-06T01:34:54.378+0300: 790.144: Application time: 1.3621707 seconds
2024-10-06T01:34:54.425+0300: 790.177: [GC (Allocation Failure) [PSYoungGen: 235448K->678K(236544K)] 249887K->15141K(714752K), 0.0011110 secs] [Times: user=0.00 sys=0.00, real=0.00 secs] 
2024-10-06T01:34:54.425+0300: 790.178: Total time for which application threads were stopped: 0.0346583 seconds, Stopping threads took: 0.0333479 seconds
2024-10-06T01:34:55.774+0300: 791.539: Application time: 1.3610247 seconds
2024-10-06T01:34:55.806+0300: 791.558: [GC (Allocation Failure) [PSYoungGen: 235159K->1264K(236544K)] 249622K->15735K(714752K), 0.0009733 secs] [Times: user=0.00 sys=0.00, real=0.00 secs] 
2024-10-06T01:34:55.806+0300: 791.559: Total time for which application threads were stopped: 0.0196236 seconds, Stopping threads took: 0.0184634 seconds
2024-10-06T01:34:57.171+0300: 792.928: Application time: 1.3691542 seconds
2024-10-06T01:34:57.218+0300: 792.970: [GC (Allocation Failure) [PSYoungGen: 235611K->678K(236544K)] 250081K->15165K(714752K), 0.0011094 secs] [Times: user=0.00 sys=0.00, real=0.00 secs] 
2024-10-06T01:34:57.218+0300: 792.971: Total time for which application threads were stopped: 0.0431840 seconds, Stopping threads took: 0.0418759 seconds
2024-10-06T01:34:58.567+0300: 794.328: Application time: 1.3567832 seconds
2024-10-06T01:34:58.599+0300: 794.350: [GC (Allocation Failure) [PSYoungGen: 235104K->662K(236544K)] 249590K->15173K(714752K), 0.0011408 secs] [Times: user=0.00 sys=0.00, real=0.00 secs] 
2024-10-06T01:34:58.599+0300: 794.352: Total time for which application threads were stopped: 0.0236280 seconds, Stopping threads took: 0.0223106 seconds
2024-10-06T01:34:59.963+0300: 795.717: Application time: 1.3652866 seconds
2024-10-06T01:35:00.010+0300: 795.762: [GC (Allocation Failure) [PSYoungGen: 235154K->240K(236544K)] 249665K->14758K(714752K), 0.0013288 secs] [Times: user=0.00 sys=0.00, real=0.00 secs] 
2024-10-06T01:35:00.010+0300: 795.764: Total time for which application threads were stopped: 0.0468414 seconds, Stopping threads took: 0.0452492 seconds
2024-10-06T01:35:01.375+0300: 797.129: Application time: 1.3655380 seconds
2024-10-06T01:35:01.406+0300: 797.158: [GC (Allocation Failure) [PSYoungGen: 234736K->694K(236544K)] 249254K->15221K(714752K), 0.0012019 secs] [Times: user=0.00 sys=0.00, real=0.00 secs] 
2024-10-06T01:35:01.408+0300: 797.159: Total time for which application threads were stopped: 0.0299507 seconds, Stopping threads took: 0.0285605 seconds
2024-10-06T01:35:02.772+0300: 798.524: Application time: 1.3649481 seconds
2024-10-06T01:35:02.803+0300: 798.555: [GC (Allocation Failure) [PSYoungGen: 235071K->320K(236544K)] 249597K->14862K(714752K), 0.0010914 secs] [Times: user=0.00 sys=0.00, real=0.00 secs] 
2024-10-06T01:35:02.803+0300: 798.556: Total time for which application threads were stopped: 0.0317878 seconds, Stopping threads took: 0.0304243 seconds
2024-10-06T01:35:04.153+0300: 799.918: Application time: 1.3620548 seconds
2024-10-06T01:35:04.200+0300: 799.952: [GC (Allocation Failure) [PSYoungGen: 234514K->694K(237056K)] 249056K->15245K(715264K), 0.0012122 secs] [Times: user=0.00 sys=0.00, real=0.00 secs] 
2024-10-06T01:35:04.200+0300: 799.953: Total time for which application threads were stopped: 0.0347635 seconds, Stopping threads took: 0.0333486 seconds
2024-10-06T01:35:05.550+0300: 801.315: Application time: 1.3623415 seconds
2024-10-06T01:35:05.597+0300: 801.349: [GC (Allocation Failure) [PSYoungGen: 235702K->678K(236544K)] 250253K->15245K(714752K), 0.0011405 secs] [Times: user=0.00 sys=0.00, real=0.00 secs] 
2024-10-06T01:35:05.597+0300: 801.350: Total time for which application threads were stopped: 0.0348463 seconds, Stopping threads took: 0.0334783 seconds
2024-10-06T01:35:06.962+0300: 802.717: Application time: 1.3675267 seconds
2024-10-06T01:35:07.009+0300: 802.760: [GC (Allocation Failure) [PSYoungGen: 235508K->483K(237056K)] 250074K->15065K(715264K), 0.0009009 secs] [Times: user=0.00 sys=0.00, real=0.00 secs] 
2024-10-06T01:35:07.009+0300: 802.761: Total time for which application threads were stopped: 0.0439157 seconds, Stopping threads took: 0.0428282 seconds
2024-10-06T01:35:08.358+0300: 804.121: Application time: 1.3594753 seconds
2024-10-06T01:35:08.405+0300: 804.156: [GC (Allocation Failure) [PSYoungGen: 235712K->678K(237056K)] 250295K->15277K(715264K), 0.0012451 secs] [Times: user=0.00 sys=0.00, real=0.00 secs] 
2024-10-06T01:35:08.405+0300: 804.158: Total time for which application threads were stopped: 0.0368656 seconds, Stopping threads took: 0.0354292 seconds
2024-10-06T01:35:09.754+0300: 805.518: Application time: 1.3606263 seconds
2024-10-06T01:35:09.801+0300: 805.552: [GC (Allocation Failure) [PSYoungGen: 236065K->320K(237056K)] 250663K->14934K(715264K), 0.0012876 secs] [Times: user=0.00 sys=0.00, real=0.00 secs] 
2024-10-06T01:35:09.801+0300: 805.554: Total time for which application threads were stopped: 0.0353536 seconds, Stopping threads took: 0.0338353 seconds
2024-10-06T01:35:11.167+0300: 806.926: Application time: 1.3723521 seconds
2024-10-06T01:35:11.214+0300: 806.966: [GC (Allocation Failure) [PSYoungGen: 235800K->890K(237056K)] 250414K->15520K(715264K), 0.0011392 secs] [Times: user=0.00 sys=0.00, real=0.00 secs] 
2024-10-06T01:35:11.214+0300: 806.967: Total time for which application threads were stopped: 0.0409178 seconds, Stopping threads took: 0.0395801 seconds
2024-10-06T01:35:12.579+0300: 808.333: Application time: 1.3657908 seconds
2024-10-06T01:35:12.626+0300: 808.378: [GC (Allocation Failure) [PSYoungGen: 236378K->304K(237056K)] 251009K->14950K(715264K), 0.0010102 secs] [Times: user=0.00 sys=0.00, real=0.00 secs] 
2024-10-06T01:35:12.626+0300: 808.379: Total time for which application threads were stopped: 0.0464252 seconds, Stopping threads took: 0.0451619 seconds
2024-10-06T01:35:13.991+0300: 809.744: Application time: 1.3645463 seconds
2024-10-06T01:35:14.023+0300: 809.774: [GC (Allocation Failure) [PSYoungGen: 235459K->678K(237056K)] 250105K->15341K(715264K), 0.0006737 secs] [Times: user=0.00 sys=0.00, real=0.00 secs] 
2024-10-06T01:35:14.023+0300: 809.775: Total time for which application threads were stopped: 0.0313925 seconds, Stopping threads took: 0.0305829 seconds
2024-10-06T01:35:15.372+0300: 811.138: Application time: 1.3628801 seconds
2024-10-06T01:35:15.419+0300: 811.171: [GC (Allocation Failure) [PSYoungGen: 236183K->288K(237056K)] 250845K->14966K(715264K), 0.0007054 secs] [Times: user=0.00 sys=0.00, real=0.00 secs] 
2024-10-06T01:35:15.419+0300: 811.172: Total time for which application threads were stopped: 0.0335007 seconds, Stopping threads took: 0.0326085 seconds
2024-10-06T01:35:16.769+0300: 812.532: Application time: 1.3607525 seconds
2024-10-06T01:35:16.816+0300: 812.567: [GC (Allocation Failure) [PSYoungGen: 235607K->694K(237056K)] 250285K->15381K(715264K), 0.0007190 secs] [Times: user=0.00 sys=0.00, real=0.00 secs] 
2024-10-06T01:35:16.816+0300: 812.568: Total time for which application threads were stopped: 0.0358848 seconds, Stopping threads took: 0.0350230 seconds
2024-10-06T01:35:18.165+0300: 813.929: Application time: 1.3605255 seconds
2024-10-06T01:35:18.212+0300: 813.964: [GC (Allocation Failure) [PSYoungGen: 236077K->1085K(237056K)] 250763K->15795K(715264K), 0.0010538 secs] [Times: user=0.00 sys=0.00, real=0.00 secs] 
2024-10-06T01:35:18.212+0300: 813.965: Total time for which application threads were stopped: 0.0362780 seconds, Stopping threads took: 0.0350301 seconds
2024-10-06T01:35:19.561+0300: 815.324: Application time: 1.3592701 seconds
2024-10-06T01:35:19.624+0300: 815.376: [GC (Allocation Failure) [PSYoungGen: 236573K->483K(237056K)] 251283K->15217K(715264K), 0.0012958 secs] [Times: user=0.00 sys=0.00, real=0.00 secs] 
2024-10-06T01:35:19.624+0300: 815.377: Total time for which application threads were stopped: 0.0526051 seconds, Stopping threads took: 0.0510429 seconds
2024-10-06T01:35:20.988+0300: 816.740: Application time: 1.3632067 seconds
2024-10-06T01:35:21.020+0300: 816.771: [GC (Allocation Failure) [PSYoungGen: 235951K->1101K(237056K)] 250686K->15851K(715264K), 0.0010213 secs] [Times: user=0.00 sys=0.00, real=0.00 secs] 
2024-10-06T01:35:21.020+0300: 816.773: Total time for which application threads were stopped: 0.0323814 seconds, Stopping threads took: 0.0311589 seconds
2024-10-06T01:35:22.369+0300: 818.136: Application time: 1.3636848 seconds
2024-10-06T01:35:22.432+0300: 818.184: [GC (Allocation Failure) [PSYoungGen: 236551K->678K(237056K)] 251301K->15445K(715264K), 0.0011628 secs] [Times: user=0.00 sys=0.00, real=0.00 secs] 
2024-10-06T01:35:22.432+0300: 818.185: Total time for which application threads were stopped: 0.0487734 seconds, Stopping threads took: 0.0474164 seconds
2024-10-06T01:35:23.782+0300: 819.549: Application time: 1.3637128 seconds
2024-10-06T01:35:23.829+0300: 819.581: [GC (Allocation Failure) [PSYoungGen: 236123K->1069K(237056K)] 250889K->15843K(715264K), 0.0007457 secs] [Times: user=0.00 sys=0.00, real=0.00 secs] 
2024-10-06T01:35:23.829+0300: 819.582: Total time for which application threads were stopped: 0.0329893 seconds, Stopping threads took: 0.0320764 seconds
2024-10-06T01:35:25.195+0300: 820.948: Application time: 1.3666862 seconds
2024-10-06T01:35:25.242+0300: 820.994: [GC (Allocation Failure) [PSYoungGen: 236435K->483K(237056K)] 251210K->15273K(715264K), 0.0011357 secs] [Times: user=0.00 sys=0.00, real=0.00 secs] 
2024-10-06T01:35:25.242+0300: 820.995: Total time for which application threads were stopped: 0.0465829 seconds, Stopping threads took: 0.0452215 seconds
2024-10-06T01:35:26.603+0300: 822.355: Application time: 1.3598222 seconds
2024-10-06T01:35:26.639+0300: 822.391: [GC (Allocation Failure) [PSYoungGen: 235915K->1085K(237056K)] 250706K->15891K(715264K), 0.0012867 secs] [Times: user=0.00 sys=0.00, real=0.00 secs] 
2024-10-06T01:35:26.639+0300: 822.392: Total time for which application threads were stopped: 0.0372075 seconds, Stopping threads took: 0.0357136 seconds
2024-10-06T01:35:28.004+0300: 823.757: Application time: 1.3651178 seconds
2024-10-06T01:35:28.051+0300: 823.803: [GC (Allocation Failure) [PSYoungGen: 236583K->515K(237056K)] 251390K->15337K(715264K), 0.0010164 secs] [Times: user=0.00 sys=0.00, real=0.00 secs] 
2024-10-06T01:35:28.051+0300: 823.804: Total time for which application threads were stopped: 0.0470383 seconds, Stopping threads took: 0.0457648 seconds
2024-10-06T01:35:29.401+0300: 825.165: Application time: 1.3604601 seconds
2024-10-06T01:35:29.448+0300: 825.200: [GC (Allocation Failure) [PSYoungGen: 235706K->678K(237056K)] 250529K->15525K(715264K), 0.0010184 secs] [Times: user=0.00 sys=0.00, real=0.00 secs] 
2024-10-06T01:35:29.448+0300: 825.201: Total time for which application threads were stopped: 0.0359376 seconds, Stopping threads took: 0.0347454 seconds
2024-10-06T01:35:30.797+0300: 826.563: Application time: 1.3624496 seconds
2024-10-06T01:35:30.844+0300: 826.596: [GC (Allocation Failure) [PSYoungGen: 236147K->1296K(237056K)] 250993K->16167K(715264K), 0.0010227 secs] [Times: user=0.00 sys=0.00, real=0.00 secs] 
2024-10-06T01:35:30.844+0300: 826.597: Total time for which application threads were stopped: 0.0342568 seconds, Stopping threads took: 0.0330564 seconds
2024-10-06T01:35:32.208+0300: 827.964: Application time: 1.3669053 seconds
2024-10-06T01:35:32.255+0300: 828.007: [GC (Allocation Failure) [PSYoungGen: 236816K->678K(237056K)] 251687K->15565K(715264K), 0.0010788 secs] [Times: user=0.00 sys=0.00, real=0.00 secs] 
2024-10-06T01:35:32.255+0300: 828.008: Total time for which application threads were stopped: 0.0440789 seconds, Stopping threads took: 0.0427899 seconds
2024-10-06T01:35:33.605+0300: 829.366: Application time: 1.3578496 seconds
2024-10-06T01:35:33.652+0300: 829.404: [GC (Allocation Failure) [PSYoungGen: 236128K->467K(237056K)] 251015K->15369K(715264K), 0.0010549 secs] [Times: user=0.00 sys=0.00, real=0.00 secs] 
2024-10-06T01:35:33.652+0300: 829.405: Total time for which application threads were stopped: 0.0390799 seconds, Stopping threads took: 0.0378211 seconds
2024-10-06T01:35:35.002+0300: 830.767: Application time: 1.3617582 seconds
2024-10-06T01:35:35.048+0300: 830.801: [GC (Allocation Failure) [PSYoungGen: 235906K->905K(237056K)] 250809K->15816K(715264K), 0.0011065 secs] [Times: user=0.00 sys=0.00, real=0.00 secs] 
2024-10-06T01:35:35.048+0300: 830.802: Total time for which application threads were stopped: 0.0349623 seconds, Stopping threads took: 0.0336524 seconds
2024-10-06T01:35:36.415+0300: 832.167: Application time: 1.3654598 seconds
2024-10-06T01:35:36.462+0300: 832.213: [GC (Allocation Failure) [PSYoungGen: 236373K->483K(237056K)] 251283K->15409K(715264K), 0.0010670 secs] [Times: user=0.00 sys=0.00, real=0.00 secs] 
2024-10-06T01:35:36.462+0300: 832.215: Total time for which application threads were stopped: 0.0472195 seconds, Stopping threads took: 0.0459501 seconds
2024-10-06T01:35:37.811+0300: 833.577: Application time: 1.3620203 seconds
2024-10-06T01:35:37.858+0300: 833.610: [GC (Allocation Failure) [PSYoungGen: 235942K->1085K(237056K)] 250869K->16035K(715264K), 0.0008559 secs] [Times: user=0.00 sys=0.00, real=0.00 secs] 
2024-10-06T01:35:37.858+0300: 833.611: Total time for which application threads were stopped: 0.0344788 seconds, Stopping threads took: 0.0334316 seconds
2024-10-06T01:35:39.223+0300: 834.976: Application time: 1.3646234 seconds
2024-10-06T01:35:39.270+0300: 835.022: [GC (Allocation Failure) [PSYoungGen: 236605K->451K(237056K)] 251555K->15417K(715264K), 0.0011351 secs] [Times: user=0.00 sys=0.00, real=0.00 secs] 
2024-10-06T01:35:39.270+0300: 835.023: Total time for which application threads were stopped: 0.0472625 seconds, Stopping threads took: 0.0459042 seconds
2024-10-06T01:35:40.620+0300: 836.385: Application time: 1.3616870 seconds
2024-10-06T01:35:40.667+0300: 836.419: [GC (Allocation Failure) [PSYoungGen: 235596K->694K(237056K)] 250562K->15685K(715264K), 0.0011537 secs] [Times: user=0.00 sys=0.00, real=0.00 secs] 
2024-10-06T01:35:40.667+0300: 836.420: Total time for which application threads were stopped: 0.0355530 seconds, Stopping threads took: 0.0341953 seconds
2024-10-06T01:35:42.033+0300: 837.787: Application time: 1.3670558 seconds
2024-10-06T01:35:42.080+0300: 837.832: [GC (Allocation Failure) [PSYoungGen: 236039K->1248K(237056K)] 251029K->16263K(715264K), 0.0012142 secs] [Times: user=0.00 sys=0.00, real=0.00 secs] 
2024-10-06T01:35:42.080+0300: 837.833: Total time for which application threads were stopped: 0.0456480 seconds, Stopping threads took: 0.0442248 seconds
2024-10-06T01:35:43.430+0300: 839.191: Application time: 1.3577791 seconds
2024-10-06T01:35:43.477+0300: 839.228: [GC (Allocation Failure) [PSYoungGen: 236670K->646K(237056K)] 251685K->15669K(715264K), 0.0013308 secs] [Times: user=0.00 sys=0.00, real=0.00 secs] 
2024-10-06T01:35:43.478+0300: 839.230: Total time for which application threads were stopped: 0.0390388 seconds, Stopping threads took: 0.0375199 seconds
2024-10-06T01:35:44.841+0300: 840.593: Application time: 1.3628311 seconds
2024-10-06T01:35:44.872+0300: 840.624: [GC (Allocation Failure) [PSYoungGen: 236156K->1296K(237056K)] 251179K->16327K(715264K), 0.0009560 secs] [Times: user=0.00 sys=0.00, real=0.00 secs] 
2024-10-06T01:35:44.872+0300: 840.625: Total time for which application threads were stopped: 0.0324829 seconds, Stopping threads took: 0.0313126 seconds
2024-10-06T01:35:46.222+0300: 841.987: Application time: 1.3621928 seconds
2024-10-06T01:35:46.269+0300: 842.021: [GC (Allocation Failure) [PSYoungGen: 236727K->678K(236032K)] 251758K->15717K(714240K), 0.0012086 secs] [Times: user=0.00 sys=0.00, real=0.00 secs] 
2024-10-06T01:35:46.269+0300: 842.022: Total time for which application threads were stopped: 0.0348133 seconds, Stopping threads took: 0.0334044 seconds
2024-10-06T01:35:47.619+0300: 843.382: Application time: 1.3594010 seconds
2024-10-06T01:35:47.666+0300: 843.418: [GC (Allocation Failure) [PSYoungGen: 235128K->272K(236544K)] 250166K->15326K(714752K), 0.0012865 secs] [Times: user=0.00 sys=0.00, real=0.00 secs] 
2024-10-06T01:35:47.666+0300: 843.419: Total time for which application threads were stopped: 0.0378213 seconds, Stopping threads took: 0.0363319 seconds
2024-10-06T01:35:49.016+0300: 844.780: Application time: 1.3607904 seconds
2024-10-06T01:35:49.047+0300: 844.799: [GC (Allocation Failure) [PSYoungGen: 234458K->710K(237056K)] 249512K->15789K(715264K), 0.0012256 secs] [Times: user=0.00 sys=0.00, real=0.00 secs] 
2024-10-06T01:35:49.047+0300: 844.801: Total time for which application threads were stopped: 0.0204061 seconds, Stopping threads took: 0.0189812 seconds
2024-10-06T01:35:50.404+0300: 846.160: Application time: 1.3594576 seconds
2024-10-06T01:35:50.444+0300: 846.196: [GC (Allocation Failure) [PSYoungGen: 235688K->694K(236544K)] 250767K->15789K(714752K), 0.0011931 secs] [Times: user=0.00 sys=0.00, real=0.00 secs] 
2024-10-06T01:35:50.444+0300: 846.197: Total time for which application threads were stopped: 0.0373610 seconds, Stopping threads took: 0.0359118 seconds
2024-10-06T01:35:51.810+0300: 847.567: Application time: 1.3697057 seconds
2024-10-06T01:35:51.857+0300: 847.608: [GC (Allocation Failure) [PSYoungGen: 235573K->630K(237056K)] 250667K->15733K(715264K), 0.0007433 secs] [Times: user=0.00 sys=0.00, real=0.00 secs] 
2024-10-06T01:35:51.857+0300: 847.609: Total time for which application threads were stopped: 0.0420655 seconds, Stopping threads took: 0.0411745 seconds
2024-10-06T01:35:53.222+0300: 848.979: Application time: 1.3700783 seconds
2024-10-06T01:35:53.269+0300: 849.020: [GC (Allocation Failure) [PSYoungGen: 236083K->1264K(237056K)] 251185K->16375K(715264K), 0.0008752 secs] [Times: user=0.00 sys=0.00, real=0.00 secs] 
2024-10-06T01:35:53.269+0300: 849.021: Total time for which application threads were stopped: 0.0420338 seconds, Stopping threads took: 0.0409989 seconds
2024-10-06T01:35:54.634+0300: 850.390: Application time: 1.3690534 seconds
2024-10-06T01:35:54.681+0300: 850.433: [GC (Allocation Failure) [PSYoungGen: 236561K->710K(237056K)] 251672K->15837K(715264K), 0.0010128 secs] [Times: user=0.00 sys=0.00, real=0.00 secs] 
2024-10-06T01:35:54.682+0300: 850.434: Total time for which application threads were stopped: 0.0433820 seconds, Stopping threads took: 0.0421877 seconds
2024-10-06T01:35:56.047+0300: 851.807: Application time: 1.3733944 seconds
2024-10-06T01:35:56.094+0300: 851.845: [GC (Allocation Failure) [PSYoungGen: 236123K->1069K(237056K)] 251250K->16211K(715264K), 0.0010926 secs] [Times: user=0.00 sys=0.00, real=0.00 secs] 
2024-10-06T01:35:56.094+0300: 851.847: Total time for which application threads were stopped: 0.0394442 seconds, Stopping threads took: 0.0381349 seconds
2024-10-06T01:35:57.443+0300: 853.210: Application time: 1.3635605 seconds
2024-10-06T01:35:57.506+0300: 853.258: [GC (Allocation Failure) [PSYoungGen: 236553K->694K(237056K)] 251695K->15853K(715264K), 0.0011839 secs] [Times: user=0.00 sys=0.00, real=0.00 secs] 
2024-10-06T01:35:57.506+0300: 853.259: Total time for which application threads were stopped: 0.0486632 seconds, Stopping threads took: 0.0472581 seconds
2024-10-06T01:35:58.871+0300: 854.628: Application time: 1.3695538 seconds
2024-10-06T01:35:58.918+0300: 854.670: [GC (Allocation Failure) [PSYoungGen: 236114K->272K(237056K)] 251273K->15454K(715264K), 0.0008804 secs] [Times: user=0.00 sys=0.00, real=0.00 secs] 
2024-10-06T01:35:58.918+0300: 854.671: Total time for which application threads were stopped: 0.0429048 seconds, Stopping threads took: 0.0418502 seconds
2024-10-06T01:36:00.283+0300: 856.041: Application time: 1.3692795 seconds
2024-10-06T01:36:00.330+0300: 856.082: [GC (Allocation Failure) [PSYoungGen: 235581K->678K(237056K)] 250763K->15877K(715264K), 0.0010967 secs] [Times: user=0.00 sys=0.00, real=0.00 secs] 
2024-10-06T01:36:00.330+0300: 856.083: Total time for which application threads were stopped: 0.0428062 seconds, Stopping threads took: 0.0415170 seconds
2024-10-06T01:36:01.696+0300: 857.449: Application time: 1.3659309 seconds
2024-10-06T01:36:01.727+0300: 857.479: [GC (Allocation Failure) [PSYoungGen: 236161K->1264K(237056K)] 251360K->16479K(715264K), 0.0012194 secs] [Times: user=0.00 sys=0.00, real=0.00 secs] 
2024-10-06T01:36:01.727+0300: 857.480: Total time for which application threads were stopped: 0.0311043 seconds, Stopping threads took: 0.0296581 seconds
2024-10-06T01:36:03.100+0300: 858.854: Application time: 1.3736199 seconds
2024-10-06T01:36:03.140+0300: 858.892: [GC (Allocation Failure) [PSYoungGen: 236586K->694K(237056K)] 251801K->15925K(715264K), 0.0011106 secs] [Times: user=0.00 sys=0.00, real=0.00 secs] 
2024-10-06T01:36:03.140+0300: 858.893: Total time for which application threads were stopped: 0.0390706 seconds, Stopping threads took: 0.0377742 seconds
2024-10-06T01:36:04.490+0300: 860.256: Application time: 1.3625435 seconds
2024-10-06T01:36:04.537+0300: 860.289: [GC (Allocation Failure) [PSYoungGen: 236184K->646K(237056K)] 251415K->15901K(715264K), 0.0009687 secs] [Times: user=0.00 sys=0.00, real=0.00 secs] 
2024-10-06T01:36:04.537+0300: 860.290: Total time for which application threads were stopped: 0.0347188 seconds, Stopping threads took: 0.0335083 seconds
2024-10-06T01:36:05.886+0300: 861.652: Application time: 1.3620027 seconds
2024-10-06T01:36:05.949+0300: 861.701: [GC (Allocation Failure) [PSYoungGen: 236038K->483K(237056K)] 251293K->15745K(715264K), 0.0010625 secs] [Times: user=0.00 sys=0.00, real=0.00 secs] 
2024-10-06T01:36:05.949+0300: 861.702: Total time for which application threads were stopped: 0.0500368 seconds, Stopping threads took: 0.0487850 seconds
2024-10-06T01:36:07.299+0300: 863.064: Application time: 1.3620031 seconds
2024-10-06T01:36:07.346+0300: 863.098: [GC (Allocation Failure) [PSYoungGen: 235635K->678K(237056K)] 250898K->15949K(715264K), 0.0009264 secs] [Times: user=0.00 sys=0.00, real=0.00 secs] 
2024-10-06T01:36:07.346+0300: 863.099: Total time for which application threads were stopped: 0.0348663 seconds, Stopping threads took: 0.0337560 seconds
2024-10-06T01:36:08.711+0300: 864.464: Application time: 1.3643527 seconds
2024-10-06T01:36:08.743+0300: 864.495: [GC (Allocation Failure) [PSYoungGen: 236188K->272K(237056K)] 251459K->15558K(715264K), 0.0007743 secs] [Times: user=0.00 sys=0.00, real=0.00 secs] 
2024-10-06T01:36:08.743+0300: 864.496: Total time for which application threads were stopped: 0.0319877 seconds, Stopping threads took: 0.0310350 seconds
2024-10-06T01:36:10.107+0300: 865.862: Application time: 1.3662316 seconds
2024-10-06T01:36:10.154+0300: 865.906: [GC (Allocation Failure) [PSYoungGen: 235560K->678K(237056K)] 250846K->15973K(715264K), 0.0010462 secs] [Times: user=0.00 sys=0.00, real=0.00 secs] 
2024-10-06T01:36:10.154+0300: 865.907: Total time for which application threads were stopped: 0.0456274 seconds, Stopping threads took: 0.0443887 seconds
2024-10-06T01:36:11.503+0300: 867.267: Application time: 1.3598211 seconds
2024-10-06T01:36:11.550+0300: 867.302: [GC (Allocation Failure) [PSYoungGen: 236007K->1069K(237056K)] 251301K->16379K(715264K), 0.0011699 secs] [Times: user=0.00 sys=0.00, real=0.00 secs] 
2024-10-06T01:36:11.550+0300: 867.303: Total time for which application threads were stopped: 0.0360377 seconds, Stopping threads took: 0.0346597 seconds
2024-10-06T01:36:12.915+0300: 868.672: Application time: 1.3686013 seconds
2024-10-06T01:36:12.963+0300: 868.715: [GC (Allocation Failure) [PSYoungGen: 236494K->694K(237056K)] 251804K->16021K(715264K), 0.0012564 secs] [Times: user=0.00 sys=0.00, real=0.00 secs] 
2024-10-06T01:36:12.963+0300: 868.716: Total time for which application threads were stopped: 0.0438880 seconds, Stopping threads took: 0.0424173 seconds
2024-10-06T01:36:14.312+0300: 870.076: Application time: 1.3604443 seconds
2024-10-06T01:36:14.359+0300: 870.111: [GC (Allocation Failure) [PSYoungGen: 236125K->256K(237056K)] 251451K->15614K(715264K), 0.0006809 secs] [Times: user=0.00 sys=0.00, real=0.00 secs] 
2024-10-06T01:36:14.359+0300: 870.112: Total time for which application threads were stopped: 0.0357065 seconds, Stopping threads took: 0.0348518 seconds
2024-10-06T01:36:15.724+0300: 871.478: Application time: 1.3657390 seconds
2024-10-06T01:36:15.771+0300: 871.523: [GC (Allocation Failure) [PSYoungGen: 235490K->710K(237056K)] 250848K->16085K(715264K), 0.0010565 secs] [Times: user=0.00 sys=0.00, real=0.00 secs] 
2024-10-06T01:36:15.771+0300: 871.524: Total time for which application threads were stopped: 0.0463620 seconds, Stopping threads took: 0.0450942 seconds
2024-10-06T01:36:17.120+0300: 872.885: Application time: 1.3608648 seconds
2024-10-06T01:36:17.167+0300: 872.919: [GC (Allocation Failure) [PSYoungGen: 236105K->1037K(237056K)] 251480K->16435K(715264K), 0.0012492 secs] [Times: user=0.00 sys=0.00, real=0.00 secs] 
2024-10-06T01:36:17.167+0300: 872.920: Total time for which application threads were stopped: 0.0352129 seconds, Stopping threads took: 0.0337625 seconds
2024-10-06T01:36:18.532+0300: 874.287: Application time: 1.3666674 seconds
2024-10-06T01:36:18.564+0300: 874.315: [GC (Allocation Failure) [PSYoungGen: 236455K->499K(237056K)] 251854K->15937K(715264K), 0.0008269 secs] [Times: user=0.00 sys=0.00, real=0.00 secs] 
2024-10-06T01:36:18.564+0300: 874.316: Total time for which application threads were stopped: 0.0295167 seconds, Stopping threads took: 0.0284951 seconds
2024-10-06T01:36:19.928+0300: 875.687: Application time: 1.3703541 seconds
2024-10-06T01:36:19.976+0300: 875.728: [GC (Allocation Failure) [PSYoungGen: 235667K->678K(237056K)] 251105K->16133K(715264K), 0.0011261 secs] [Times: user=0.00 sys=0.00, real=0.00 secs] 
2024-10-06T01:36:19.976+0300: 875.729: Total time for which application threads were stopped: 0.0420785 seconds, Stopping threads took: 0.0407530 seconds
2024-10-06T01:36:21.324+0300: 877.087: Application time: 1.3582360 seconds
2024-10-06T01:36:21.372+0300: 877.123: [GC (Allocation Failure) [PSYoungGen: 236181K->272K(237056K)] 251635K->15742K(715264K), 0.0008478 secs] [Times: user=0.00 sys=0.00, real=0.00 secs] 
2024-10-06T01:36:21.372+0300: 877.124: Total time for which application threads were stopped: 0.0372928 seconds, Stopping threads took: 0.0362580 seconds
2024-10-06T01:36:22.720+0300: 878.481: Application time: 1.3569961 seconds
2024-10-06T01:36:22.751+0300: 878.503: [GC (Allocation Failure) [PSYoungGen: 235435K->646K(237056K)] 250906K->16133K(715264K), 0.0010557 secs] [Times: user=0.00 sys=0.00, real=0.00 secs] 
2024-10-06T01:36:22.751+0300: 878.504: Total time for which application threads were stopped: 0.0231021 seconds, Stopping threads took: 0.0218354 seconds
2024-10-06T01:36:24.117+0300: 879.874: Application time: 1.3696981 seconds
2024-10-06T01:36:24.163+0300: 879.915: [GC (Allocation Failure) [PSYoungGen: 235987K->1053K(237056K)] 251473K->16563K(715264K), 0.0012518 secs] [Times: user=0.00 sys=0.00, real=0.00 secs] 
2024-10-06T01:36:24.163+0300: 879.917: Total time for which application threads were stopped: 0.0424266 seconds, Stopping threads took: 0.0409394 seconds
2024-10-06T01:36:25.513+0300: 881.274: Application time: 1.3574150 seconds
2024-10-06T01:36:25.560+0300: 881.312: [GC (Allocation Failure) [PSYoungGen: 236519K->467K(237056K)] 252029K->16001K(715264K), 0.0011220 secs] [Times: user=0.00 sys=0.00, real=0.00 secs] 
2024-10-06T01:36:25.560+0300: 881.313: Total time for which application threads were stopped: 0.0387752 seconds, Stopping threads took: 0.0374514 seconds
2024-10-06T01:36:26.925+0300: 882.680: Application time: 1.3672521 seconds
2024-10-06T01:36:26.972+0300: 882.724: [GC (Allocation Failure) [PSYoungGen: 235917K->1101K(237056K)] 251451K->16659K(715264K), 0.0011983 secs] [Times: user=0.00 sys=0.00, real=0.00 secs] 
2024-10-06T01:36:26.972+0300: 882.725: Total time for which application threads were stopped: 0.0452723 seconds, Stopping threads took: 0.0438551 seconds
2024-10-06T01:36:28.321+0300: 884.086: Application time: 1.3609191 seconds
2024-10-06T01:36:28.384+0300: 884.136: [GC (Allocation Failure) [PSYoungGen: 236443K->499K(237056K)] 252002K->16065K(715264K), 0.0012230 secs] [Times: user=0.00 sys=0.00, real=0.00 secs] 
2024-10-06T01:36:28.384+0300: 884.137: Total time for which application threads were stopped: 0.0509563 seconds, Stopping threads took: 0.0494715 seconds
2024-10-06T01:36:29.745+0300: 885.497: Application time: 1.3597607 seconds
2024-10-06T01:36:29.781+0300: 885.532: [GC (Allocation Failure) [PSYoungGen: 235927K->694K(237056K)] 251494K->16277K(715264K), 0.0010649 secs] [Times: user=0.00 sys=0.00, real=0.00 secs] 
2024-10-06T01:36:29.781+0300: 885.534: Total time for which application threads were stopped: 0.0366152 seconds, Stopping threads took: 0.0353681 seconds
2024-10-06T01:36:31.146+0300: 886.900: Application time: 1.3663237 seconds
2024-10-06T01:36:31.177+0300: 886.929: [GC (Allocation Failure) [PSYoungGen: 236048K->320K(237056K)] 251630K->15926K(715264K), 0.0007565 secs] [Times: user=0.00 sys=0.00, real=0.00 secs] 
2024-10-06T01:36:31.177+0300: 886.930: Total time for which application threads were stopped: 0.0296295 seconds, Stopping threads took: 0.0287196 seconds
2024-10-06T01:36:32.527+0300: 888.293: Application time: 1.3631954 seconds
2024-10-06T01:36:32.573+0300: 888.325: [GC (Allocation Failure) [PSYoungGen: 235644K->710K(237056K)] 251250K->16333K(715264K), 0.0010183 secs] [Times: user=0.00 sys=0.00, real=0.00 secs] 
2024-10-06T01:36:32.573+0300: 888.326: Total time for which application threads were stopped: 0.0337403 seconds, Stopping threads took: 0.0325125 seconds
2024-10-06T01:36:33.938+0300: 889.694: Application time: 1.3671972 seconds
2024-10-06T01:36:33.985+0300: 889.736: [GC (Allocation Failure) [PSYoungGen: 236215K->304K(237056K)] 251837K->15942K(715264K), 0.0012106 secs] [Times: user=0.00 sys=0.00, real=0.00 secs] 
2024-10-06T01:36:33.985+0300: 889.738: Total time for which application threads were stopped: 0.0440812 seconds, Stopping threads took: 0.0426703 seconds
2024-10-06T01:36:35.334+0300: 891.100: Application time: 1.3619070 seconds
2024-10-06T01:36:35.397+0300: 891.149: [GC (Allocation Failure) [PSYoungGen: 235584K->710K(237056K)] 251222K->16357K(715264K), 0.0012136 secs] [Times: user=0.00 sys=0.00, real=0.00 secs] 
2024-10-06T01:36:35.397+0300: 891.151: Total time for which application threads were stopped: 0.0508326 seconds, Stopping threads took: 0.0493972 seconds
2024-10-06T01:36:36.762+0300: 892.516: Application time: 1.3651119 seconds
2024-10-06T01:36:36.793+0300: 892.545: [GC (Allocation Failure) [PSYoungGen: 236137K->1248K(237056K)] 251784K->16911K(715264K), 0.0011459 secs] [Times: user=0.00 sys=0.00, real=0.00 secs] 
2024-10-06T01:36:36.793+0300: 892.546: Total time for which application threads were stopped: 0.0307272 seconds, Stopping threads took: 0.0293411 seconds
2024-10-06T01:36:38.159+0300: 893.914: Application time: 1.3676274 seconds
2024-10-06T01:36:38.206+0300: 893.958: [GC (Allocation Failure) [PSYoungGen: 236554K->662K(237056K)] 252216K->16333K(715264K), 0.0011034 secs] [Times: user=0.00 sys=0.00, real=0.00 secs] 
2024-10-06T01:36:38.206+0300: 893.959: Total time for which application threads were stopped: 0.0453117 seconds, Stopping threads took: 0.0440086 seconds
2024-10-06T01:36:39.556+0300: 895.322: Application time: 1.3628034 seconds
2024-10-06T01:36:39.603+0300: 895.355: [GC (Allocation Failure) [PSYoungGen: 236106K->1296K(237056K)] 251776K->16983K(715264K), 0.0008360 secs] [Times: user=0.00 sys=0.00, real=0.00 secs] 
2024-10-06T01:36:39.603+0300: 895.356: Total time for which application threads were stopped: 0.0336119 seconds, Stopping threads took: 0.0326137 seconds
2024-10-06T01:36:40.968+0300: 896.729: Application time: 1.3729072 seconds
2024-10-06T01:36:41.015+0300: 896.767: [GC (Allocation Failure) [PSYoungGen: 236690K->710K(237056K)] 252377K->16413K(715264K), 0.0011051 secs] [Times: user=0.00 sys=0.00, real=0.00 secs] 
2024-10-06T01:36:41.015+0300: 896.768: Total time for which application threads were stopped: 0.0394622 seconds, Stopping threads took: 0.0381567 seconds
2024-10-06T01:36:42.365+0300: 898.129: Application time: 1.3609367 seconds
2024-10-06T01:36:42.412+0300: 898.164: [GC (Allocation Failure) [PSYoungGen: 236116K->1053K(237056K)] 251819K->16771K(715264K), 0.0012276 secs] [Times: user=0.00 sys=0.00, real=0.00 secs] 
2024-10-06T01:36:42.412+0300: 898.165: Total time for which application threads were stopped: 0.0359089 seconds, Stopping threads took: 0.0344919 seconds
2024-10-06T01:36:43.761+0300: 899.526: Application time: 1.3612547 seconds
2024-10-06T01:36:43.808+0300: 899.560: [GC (Allocation Failure) [PSYoungGen: 236421K->1053K(237056K)] 252139K->16779K(715264K), 0.0006367 secs] [Times: user=0.00 sys=0.00, real=0.00 secs] 
2024-10-06T01:36:43.808+0300: 899.561: Total time for which application threads were stopped: 0.0345602 seconds, Stopping threads took: 0.0338113 seconds
2024-10-06T01:36:45.174+0300: 900.930: Application time: 1.3692008 seconds
2024-10-06T01:36:45.205+0300: 900.957: [GC (Allocation Failure) [PSYoungGen: 236376K->662K(237056K)] 252102K->16421K(715264K), 0.0010915 secs] [Times: user=0.00 sys=0.00, real=0.00 secs] 
2024-10-06T01:36:45.205+0300: 900.958: Total time for which application threads were stopped: 0.0281647 seconds, Stopping threads took: 0.0268809 seconds
2024-10-06T01:36:46.572+0300: 902.323: Application time: 1.3652842 seconds
2024-10-06T01:36:46.617+0300: 902.369: [GC (Allocation Failure) [PSYoungGen: 236124K->1101K(237056K)] 251882K->16883K(715264K), 0.0008715 secs] [Times: user=0.00 sys=0.00, real=0.00 secs] 
2024-10-06T01:36:46.617+0300: 902.370: Total time for which application threads were stopped: 0.0461562 seconds, Stopping threads took: 0.0451025 seconds
2024-10-06T01:36:47.982+0300: 903.735: Application time: 1.3659035 seconds
2024-10-06T01:36:48.029+0300: 903.781: [GC (Allocation Failure) [PSYoungGen: 236581K->710K(237056K)] 252364K->16501K(715264K), 0.0009362 secs] [Times: user=0.00 sys=0.00, real=0.00 secs] 
2024-10-06T01:36:48.029+0300: 903.782: Total time for which application threads were stopped: 0.0462746 seconds, Stopping threads took: 0.0451259 seconds
2024-10-06T01:36:49.377+0300: 905.141: Application time: 1.3593317 seconds
2024-10-06T01:36:49.424+0300: 905.176: [GC (Allocation Failure) [PSYoungGen: 236207K->1264K(237056K)] 251998K->17071K(715264K), 0.0013067 secs] [Times: user=0.00 sys=0.00, real=0.00 secs] 
2024-10-06T01:36:49.424+0300: 905.178: Total time for which application threads were stopped: 0.0365575 seconds, Stopping threads took: 0.0350521 seconds
2024-10-06T01:36:50.774+0300: 906.537: Application time: 1.3592852 seconds
2024-10-06T01:36:50.821+0300: 906.573: [GC (Allocation Failure) [PSYoungGen: 236783K->874K(237056K)] 252589K->16688K(715264K), 0.0010371 secs] [Times: user=0.00 sys=0.00, real=0.00 secs] 
2024-10-06T01:36:50.821+0300: 906.574: Total time for which application threads were stopped: 0.0369362 seconds, Stopping threads took: 0.0356961 seconds
2024-10-06T01:36:52.186+0300: 907.938: Application time: 1.3637638 seconds
2024-10-06T01:36:52.201+0300: 907.953: [GC (Allocation Failure) [PSYoungGen: 236237K->1491K(237056K)] 252051K->17713K(715264K), 0.0013736 secs] [Times: user=0.00 sys=0.00, real=0.00 secs] 
2024-10-06T01:36:52.201+0300: 907.955: Total time for which application threads were stopped: 0.0169790 seconds, Stopping threads took: 0.0153654 seconds
2024-10-06T01:36:53.567+0300: 909.325: Application time: 1.3706068 seconds
2024-10-06T01:36:53.614+0300: 909.366: [GC (Allocation Failure) [PSYoungGen: 236853K->288K(236032K)] 253075K->16533K(714240K), 0.0011501 secs] [Times: user=0.00 sys=0.00, real=0.00 secs] 
2024-10-06T01:36:53.614+0300: 909.367: Total time for which application threads were stopped: 0.0415132 seconds, Stopping threads took: 0.0401846 seconds
2024-10-06T01:36:54.980+0300: 910.734: Application time: 1.3669119 seconds
2024-10-06T01:36:55.026+0300: 910.778: [GC (Allocation Failure) [PSYoungGen: 234405K->678K(236544K)] 250650K->16939K(714752K), 0.0009524 secs] [Times: user=0.00 sys=0.00, real=0.00 secs] 
2024-10-06T01:36:55.026+0300: 910.779: Total time for which application threads were stopped: 0.0455241 seconds, Stopping threads took: 0.0443976 seconds
2024-10-06T01:36:56.376+0300: 912.142: Application time: 1.3626027 seconds
2024-10-06T01:36:56.407+0300: 912.159: [GC (Allocation Failure) [PSYoungGen: 235150K->1069K(236544K)] 251412K->17354K(714752K), 0.0006730 secs] [Times: user=0.00 sys=0.00, real=0.00 secs] 
2024-10-06T01:36:56.407+0300: 912.160: Total time for which application threads were stopped: 0.0181003 seconds, Stopping threads took: 0.0172893 seconds
2024-10-06T01:36:57.773+0300: 913.526: Application time: 1.3656815 seconds
2024-10-06T01:36:57.820+0300: 913.572: [GC (Allocation Failure) [PSYoungGen: 235378K->451K(236544K)] 251663K->16744K(714752K), 0.0006774 secs] [Times: user=0.00 sys=0.00, real=0.00 secs] 
2024-10-06T01:36:57.820+0300: 913.573: Total time for which application threads were stopped: 0.0470367 seconds, Stopping threads took: 0.0462246 seconds
2024-10-06T01:36:59.170+0300: 914.927: Application time: 1.3545282 seconds
2024-10-06T01:36:59.217+0300: 914.969: [GC (Allocation Failure) [PSYoungGen: 234874K->1264K(236544K)] 251167K->17573K(714752K), 0.0011769 secs] [Times: user=0.00 sys=0.00, real=0.00 secs] 
2024-10-06T01:36:59.217+0300: 914.970: Total time for which application threads were stopped: 0.0428630 seconds, Stopping threads took: 0.0414538 seconds
2024-10-06T01:37:00.566+0300: 916.328: Application time: 1.3583979 seconds
2024-10-06T01:37:00.613+0300: 916.365: [GC (Allocation Failure) [PSYoungGen: 235386K->678K(236544K)] 251695K->17011K(714752K), 0.0011517 secs] [Times: user=0.00 sys=0.00, real=0.00 secs] 
2024-10-06T01:37:00.613+0300: 916.366: Total time for which application threads were stopped: 0.0379062 seconds, Stopping threads took: 0.0365682 seconds
2024-10-06T01:37:01.962+0300: 917.724: Application time: 1.3576198 seconds
2024-10-06T01:37:02.009+0300: 917.761: [GC (Allocation Failure) [PSYoungGen: 235174K->1085K(236544K)] 251507K->17426K(714752K), 0.0010786 secs] [Times: user=0.00 sys=0.00, real=0.00 secs] 
2024-10-06T01:37:02.009+0300: 917.762: Total time for which application threads were stopped: 0.0383397 seconds, Stopping threads took: 0.0370459 seconds
2024-10-06T01:37:03.375+0300: 919.131: Application time: 1.3687192 seconds
2024-10-06T01:37:03.422+0300: 919.174: [GC (Allocation Failure) [PSYoungGen: 235561K->678K(236544K)] 251902K->17035K(714752K), 0.0011326 secs] [Times: user=0.00 sys=0.00, real=0.00 secs] 
2024-10-06T01:37:03.422+0300: 919.175: Total time for which application threads were stopped: 0.0442831 seconds, Stopping threads took: 0.0429420 seconds
2024-10-06T01:37:04.772+0300: 920.534: Application time: 1.3589992 seconds
2024-10-06T01:37:04.803+0300: 920.555: [GC (Allocation Failure) [PSYoungGen: 234983K->1248K(236544K)] 251340K->17613K(714752K), 0.0010406 secs] [Times: user=0.00 sys=0.00, real=0.00 secs] 
2024-10-06T01:37:04.803+0300: 920.556: Total time for which application threads were stopped: 0.0218763 seconds, Stopping threads took: 0.0206516 seconds
2024-10-06T01:37:06.168+0300: 921.927: Application time: 1.3704115 seconds
2024-10-06T01:37:06.215+0300: 921.967: [GC (Allocation Failure) [PSYoungGen: 235443K->678K(236544K)] 251808K->17059K(714752K), 0.0010217 secs] [Times: user=0.00 sys=0.00, real=0.00 secs] 
2024-10-06T01:37:06.215+0300: 921.968: Total time for which application threads were stopped: 0.0411307 seconds, Stopping threads took: 0.0399050 seconds
2024-10-06T01:37:07.565+0300: 923.330: Application time: 1.3622495 seconds
2024-10-06T01:37:07.596+0300: 923.348: [GC (Allocation Failure) [PSYoungGen: 234993K->1101K(236544K)] 251374K->17514K(714752K), 0.0009973 secs] [Times: user=0.00 sys=0.00, real=0.00 secs] 
2024-10-06T01:37:07.596+0300: 923.349: Total time for which application threads were stopped: 0.0188152 seconds, Stopping threads took: 0.0176421 seconds
2024-10-06T01:37:08.959+0300: 924.712: Application time: 1.3629078 seconds
2024-10-06T01:37:08.992+0300: 924.744: [GC (Allocation Failure) [PSYoungGen: 235570K->694K(236544K)] 251983K->17131K(714752K), 0.0008827 secs] [Times: user=0.00 sys=0.00, real=0.00 secs] 
2024-10-06T01:37:08.992+0300: 924.745: Total time for which application threads were stopped: 0.0333398 seconds, Stopping threads took: 0.0322817 seconds
2024-10-06T01:37:10.342+0300: 926.107: Application time: 1.3617044 seconds
2024-10-06T01:37:10.389+0300: 926.141: [GC (Allocation Failure) [PSYoungGen: 235109K->272K(236544K)] 251546K->16717K(714752K), 0.0011302 secs] [Times: user=0.00 sys=0.00, real=0.00 secs] 
2024-10-06T01:37:10.389+0300: 926.142: Total time for which application threads were stopped: 0.0356412 seconds, Stopping threads took: 0.0342578 seconds
2024-10-06T01:37:11.739+0300: 927.502: Application time: 1.3591967 seconds
2024-10-06T01:37:11.771+0300: 927.523: [GC (Allocation Failure) [PSYoungGen: 234396K->694K(236544K)] 250841K->17155K(714752K), 0.0012452 secs] [Times: user=0.00 sys=0.00, real=0.00 secs] 
2024-10-06T01:37:11.771+0300: 927.524: Total time for which application threads were stopped: 0.0222856 seconds, Stopping threads took: 0.0208679 seconds
2024-10-06T01:37:13.136+0300: 928.895: Application time: 1.3709903 seconds
2024-10-06T01:37:13.167+0300: 928.919: [GC (Allocation Failure) [PSYoungGen: 235170K->1264K(236544K)] 251631K->17741K(714752K), 0.0011487 secs] [Times: user=0.00 sys=0.00, real=0.00 secs] 
2024-10-06T01:37:13.167+0300: 928.920: Total time for which application threads were stopped: 0.0254564 seconds, Stopping threads took: 0.0240913 seconds
2024-10-06T01:37:14.516+0300: 930.283: Application time: 1.3624010 seconds
2024-10-06T01:37:14.563+0300: 930.315: [GC (Allocation Failure) [PSYoungGen: 235591K->678K(236544K)] 252068K->17171K(714752K), 0.0011365 secs] [Times: user=0.00 sys=0.00, real=0.00 secs] 
2024-10-06T01:37:14.563+0300: 930.316: Total time for which application threads were stopped: 0.0336575 seconds, Stopping threads took: 0.0323077 seconds
2024-10-06T01:37:15.929+0300: 931.689: Application time: 1.3721080 seconds
2024-10-06T01:37:15.976+0300: 931.728: [GC (Allocation Failure) [PSYoungGen: 235083K->272K(236544K)] 251576K->16781K(714752K), 0.0011976 secs] [Times: user=0.00 sys=0.00, real=0.00 secs] 
2024-10-06T01:37:15.976+0300: 931.729: Total time for which application threads were stopped: 0.0406610 seconds, Stopping threads took: 0.0392503 seconds
2024-10-06T01:37:17.325+0300: 933.087: Application time: 1.3581093 seconds
2024-10-06T01:37:17.356+0300: 933.108: [GC (Allocation Failure) [PSYoungGen: 234485K->662K(236544K)] 250994K->17179K(714752K), 0.0012283 secs] [Times: user=0.00 sys=0.00, real=0.00 secs] 
2024-10-06T01:37:17.356+0300: 933.109: Total time for which application threads were stopped: 0.0218314 seconds, Stopping threads took: 0.0203818 seconds
2024-10-06T01:37:18.705+0300: 934.469: Application time: 1.3602948 seconds
2024-10-06T01:37:18.737+0300: 934.488: [GC (Allocation Failure) [PSYoungGen: 235153K->1328K(236544K)] 251670K->17853K(714752K), 0.0012523 secs] [Times: user=0.00 sys=0.00, real=0.00 secs] 
2024-10-06T01:37:18.737+0300: 934.490: Total time for which application threads were stopped: 0.0203289 seconds, Stopping threads took: 0.0188768 seconds
2024-10-06T01:37:20.086+0300: 935.853: Application time: 1.3630487 seconds
2024-10-06T01:37:20.133+0300: 935.885: [GC (Allocation Failure) [PSYoungGen: 235565K->630K(236544K)] 252090K->17171K(714752K), 0.0008549 secs] [Times: user=0.00 sys=0.00, real=0.00 secs] 
2024-10-06T01:37:20.133+0300: 935.886: Total time for which application threads were stopped: 0.0329329 seconds, Stopping threads took: 0.0318888 seconds
2024-10-06T01:37:21.498+0300: 937.255: Application time: 1.3694722 seconds
2024-10-06T01:37:21.545+0300: 937.296: [GC (Allocation Failure) [PSYoungGen: 234945K->288K(236544K)] 251486K->16845K(714752K), 0.0010418 secs] [Times: user=0.00 sys=0.00, real=0.00 secs] 
2024-10-06T01:37:21.545+0300: 937.297: Total time for which application threads were stopped: 0.0422246 seconds, Stopping threads took: 0.0409943 seconds
2024-10-06T01:37:22.894+0300: 938.650: Application time: 1.3527159 seconds
2024-10-06T01:37:22.925+0300: 938.677: [GC (Allocation Failure) [PSYoungGen: 234602K->1069K(236544K)] 251159K->17642K(714752K), 0.0009767 secs] [Times: user=0.00 sys=0.00, real=0.00 secs] 
2024-10-06T01:37:22.925+0300: 938.678: Total time for which application threads were stopped: 0.0280371 seconds, Stopping threads took: 0.0268598 seconds
2024-10-06T01:37:24.274+0300: 940.040: Application time: 1.3613578 seconds
2024-10-06T01:37:24.322+0300: 940.073: [GC (Allocation Failure) [PSYoungGen: 235491K->483K(236544K)] 252064K->17072K(714752K), 0.0007999 secs] [Times: user=0.00 sys=0.00, real=0.00 secs] 
2024-10-06T01:37:24.322+0300: 940.074: Total time for which application threads were stopped: 0.0347156 seconds, Stopping threads took: 0.0337396 seconds
2024-10-06T01:37:25.671+0300: 941.433: Application time: 1.3587813 seconds
2024-10-06T01:37:25.703+0300: 941.455: [GC (Allocation Failure) [PSYoungGen: 234946K->1101K(236544K)] 251535K->17706K(714752K), 0.0012310 secs] [Times: user=0.00 sys=0.00, real=0.00 secs] 
2024-10-06T01:37:25.703+0300: 941.456: Total time for which application threads were stopped: 0.0231280 seconds, Stopping threads took: 0.0216874 seconds
2024-10-06T01:37:27.068+0300: 942.822: Application time: 1.3659397 seconds
2024-10-06T01:37:27.115+0300: 942.867: [GC (Allocation Failure) [PSYoungGen: 235412K->678K(236544K)] 252017K->17299K(714752K), 0.0011660 secs] [Times: user=0.00 sys=0.00, real=0.00 secs] 
2024-10-06T01:37:27.115+0300: 942.868: Total time for which application threads were stopped: 0.0459713 seconds, Stopping threads took: 0.0446014 seconds
2024-10-06T01:37:28.464+0300: 944.220: Application time: 1.3514870 seconds
2024-10-06T01:37:28.495+0300: 944.247: [GC (Allocation Failure) [PSYoungGen: 235172K->1296K(236544K)] 251793K->17941K(714752K), 0.0009485 secs] [Times: user=0.00 sys=0.00, real=0.00 secs] 
2024-10-06T01:37:28.495+0300: 944.248: Total time for which application threads were stopped: 0.0286348 seconds, Stopping threads took: 0.0274714 seconds
2024-10-06T01:37:29.859+0300: 945.622: Application time: 1.3735057 seconds
2024-10-06T01:37:29.907+0300: 945.658: [GC (Allocation Failure) [PSYoungGen: 235792K->678K(236544K)] 252437K->17339K(714752K), 0.0011586 secs] [Times: user=0.00 sys=0.00, real=0.00 secs] 
2024-10-06T01:37:29.907+0300: 945.660: Total time for which application threads were stopped: 0.0378082 seconds, Stopping threads took: 0.0364493 seconds
2024-10-06T01:37:31.271+0300: 947.023: Application time: 1.3638588 seconds
2024-10-06T01:37:31.318+0300: 947.071: [GC (Allocation Failure) [PSYoungGen: 235083K->304K(236544K)] 251744K->16981K(714752K), 0.0010368 secs] [Times: user=0.00 sys=0.00, real=0.00 secs] 
2024-10-06T01:37:31.318+0300: 947.072: Total time for which application threads were stopped: 0.0481987 seconds, Stopping threads took: 0.0469579 seconds
2024-10-06T01:37:32.667+0300: 948.427: Application time: 1.3551699 seconds
2024-10-06T01:37:32.698+0300: 948.450: [GC (Allocation Failure) [PSYoungGen: 234737K->1069K(236544K)] 251414K->17762K(714752K), 0.0011173 secs] [Times: user=0.00 sys=0.00, real=0.00 secs] 
2024-10-06T01:37:32.698+0300: 948.451: Total time for which application threads were stopped: 0.0245024 seconds, Stopping threads took: 0.0231636 seconds
2024-10-06T01:37:34.063+0300: 949.820: Application time: 1.3685996 seconds
2024-10-06T01:37:34.110+0300: 949.862: [GC (Allocation Failure) [PSYoungGen: 235403K->451K(236544K)] 252096K->17168K(714752K), 0.0012129 secs] [Times: user=0.00 sys=0.00, real=0.00 secs] 
2024-10-06T01:37:34.110+0300: 949.863: Total time for which application threads were stopped: 0.0434032 seconds, Stopping threads took: 0.0419459 seconds
2024-10-06T01:37:35.460+0300: 951.222: Application time: 1.3582726 seconds
2024-10-06T01:37:35.491+0300: 951.243: [GC (Allocation Failure) [PSYoungGen: 234612K->662K(236544K)] 251329K->17395K(714752K), 0.0011667 secs] [Times: user=0.00 sys=0.00, real=0.00 secs] 
2024-10-06T01:37:35.491+0300: 951.244: Total time for which application threads were stopped: 0.0223862 seconds, Stopping threads took: 0.0210401 seconds
2024-10-06T01:37:36.840+0300: 952.601: Application time: 1.3569124 seconds
2024-10-06T01:37:36.887+0300: 952.639: [GC (Allocation Failure) [PSYoungGen: 235063K->1296K(236544K)] 251797K->18037K(714752K), 0.0011211 secs] [Times: user=0.00 sys=0.00, real=0.00 secs] 
2024-10-06T01:37:36.887+0300: 952.640: Total time for which application threads were stopped: 0.0394487 seconds, Stopping threads took: 0.0380832 seconds
2024-10-06T01:37:38.236+0300: 954.000: Application time: 1.3598887 seconds
2024-10-06T01:37:38.283+0300: 954.035: [GC (Allocation Failure) [PSYoungGen: 235522K->694K(236544K)] 252263K->17451K(714752K), 0.0012521 secs] [Times: user=0.00 sys=0.00, real=0.00 secs] 
2024-10-06T01:37:38.283+0300: 954.036: Total time for which application threads were stopped: 0.0361124 seconds, Stopping threads took: 0.0346247 seconds
2024-10-06T01:37:39.632+0300: 955.393: Application time: 1.3571178 seconds
2024-10-06T01:37:39.664+0300: 955.415: [GC (Allocation Failure) [PSYoungGen: 235184K->1232K(236544K)] 251941K->17997K(714752K), 0.0010774 secs] [Times: user=0.00 sys=0.00, real=0.00 secs] 
2024-10-06T01:37:39.664+0300: 955.417: Total time for which application threads were stopped: 0.0231217 seconds, Stopping threads took: 0.0218376 seconds
2024-10-06T01:37:41.024+0300: 956.779: Application time: 1.3628239 seconds
2024-10-06T01:37:41.060+0300: 956.811: [GC (Allocation Failure) [PSYoungGen: 235728K->1328K(236544K)] 252493K->18101K(714752K), 0.0011090 secs] [Times: user=0.00 sys=0.00, real=0.00 secs] 
2024-10-06T01:37:41.060+0300: 956.813: Total time for which application threads were stopped: 0.0330853 seconds, Stopping threads took: 0.0317787 seconds
2024-10-06T01:37:42.409+0300: 958.171: Application time: 1.3585905 seconds
2024-10-06T01:37:42.456+0300: 958.208: [GC (Allocation Failure) [PSYoungGen: 235512K->710K(236544K)] 252285K->17499K(714752K), 0.0012202 secs] [Times: user=0.00 sys=0.00, real=0.00 secs] 
2024-10-06T01:37:42.456+0300: 958.210: Total time for which application threads were stopped: 0.0384260 seconds, Stopping threads took: 0.0370057 seconds
2024-10-06T01:37:43.820+0300: 959.574: Application time: 1.3646030 seconds
2024-10-06T01:37:43.867+0300: 959.619: [GC (Allocation Failure) [PSYoungGen: 235100K->272K(236544K)] 251889K->17085K(714752K), 0.0008847 secs] [Times: user=0.00 sys=0.00, real=0.00 secs] 
2024-10-06T01:37:43.867+0300: 959.620: Total time for which application threads were stopped: 0.0460130 seconds, Stopping threads took: 0.0449155 seconds
2024-10-06T01:37:45.225+0300: 960.983: Application time: 1.3629376 seconds
2024-10-06T01:37:45.249+0300: 961.000: [GC (Allocation Failure) [PSYoungGen: 234661K->694K(236544K)] 251474K->17523K(714752K), 0.0009885 secs] [Times: user=0.00 sys=0.00, real=0.00 secs] 
2024-10-06T01:37:45.249+0300: 961.001: Total time for which application threads were stopped: 0.0183139 seconds, Stopping threads took: 0.0171166 seconds
2024-10-06T01:37:46.597+0300: 962.357: Application time: 1.3554465 seconds
2024-10-06T01:37:46.628+0300: 962.380: [GC (Allocation Failure) [PSYoungGen: 235038K->1037K(236544K)] 251867K->17882K(714752K), 0.0010888 secs] [Times: user=0.00 sys=0.00, real=0.00 secs] 
2024-10-06T01:37:46.628+0300: 962.382: Total time for which application threads were stopped: 0.0246324 seconds, Stopping threads took: 0.0233278 seconds
2024-10-06T01:37:47.993+0300: 963.747: Application time: 1.3658688 seconds
2024-10-06T01:37:48.040+0300: 963.792: [GC (Allocation Failure) [PSYoungGen: 235432K->662K(236544K)] 252277K->17523K(714752K), 0.0008215 secs] [Times: user=0.00 sys=0.00, real=0.00 secs] 
2024-10-06T01:37:48.040+0300: 963.793: Total time for which application threads were stopped: 0.0454367 seconds, Stopping threads took: 0.0444503 seconds
2024-10-06T01:37:49.397+0300: 965.156: Application time: 1.3630317 seconds
2024-10-06T01:37:49.437+0300: 965.188: [GC (Allocation Failure) [PSYoungGen: 235060K->272K(236544K)] 251921K->17149K(714752K), 0.0009639 secs] [Times: user=0.00 sys=0.00, real=0.00 secs] 
2024-10-06T01:37:49.437+0300: 965.189: Total time for which application threads were stopped: 0.0335883 seconds, Stopping threads took: 0.0324299 seconds
2024-10-06T01:37:50.786+0300: 966.545: Application time: 1.3550813 seconds
2024-10-06T01:37:50.817+0300: 966.569: [GC (Allocation Failure) [PSYoungGen: 234698K->710K(236544K)] 251575K->17603K(714752K), 0.0007659 secs] [Times: user=0.00 sys=0.00, real=0.00 secs] 
2024-10-06T01:37:50.817+0300: 966.570: Total time for which application threads were stopped: 0.0250406 seconds, Stopping threads took: 0.0240714 seconds
2024-10-06T01:37:52.182+0300: 967.937: Application time: 1.3672265 seconds
2024-10-06T01:37:52.228+0300: 967.980: [GC (Allocation Failure) [PSYoungGen: 235141K->272K(236544K)] 252034K->17181K(714752K), 0.0012131 secs] [Times: user=0.00 sys=0.00, real=0.00 secs] 
2024-10-06T01:37:52.228+0300: 967.982: Total time for which application threads were stopped: 0.0447366 seconds, Stopping threads took: 0.0433158 seconds
2024-10-06T01:37:53.578+0300: 969.343: Application time: 1.3611317 seconds
2024-10-06T01:37:53.609+0300: 969.361: [GC (Allocation Failure) [PSYoungGen: 234391K->694K(236544K)] 251300K->17619K(714752K), 0.0011090 secs] [Times: user=0.00 sys=0.00, real=0.00 secs] 
2024-10-06T01:37:53.609+0300: 969.363: Total time for which application threads were stopped: 0.0198394 seconds, Stopping threads took: 0.0185357 seconds
2024-10-06T01:37:54.975+0300: 970.730: Application time: 1.3677455 seconds
2024-10-06T01:37:55.022+0300: 970.774: [GC (Allocation Failure) [PSYoungGen: 235083K->288K(237056K)] 252008K->17221K(715264K), 0.0011876 secs] [Times: user=0.00 sys=0.00, real=0.00 secs] 
2024-10-06T01:37:55.022+0300: 970.775: Total time for which application threads were stopped: 0.0447780 seconds, Stopping threads took: 0.0433353 seconds
2024-10-06T01:37:56.372+0300: 972.135: Application time: 1.3594303 seconds
2024-10-06T01:37:56.419+0300: 972.171: [GC (Allocation Failure) [PSYoungGen: 235663K->662K(237056K)] 252596K->17611K(715264K), 0.0009457 secs] [Times: user=0.00 sys=0.00, real=0.00 secs] 
2024-10-06T01:37:56.419+0300: 972.172: Total time for which application threads were stopped: 0.0371000 seconds, Stopping threads took: 0.0359549 seconds
2024-10-06T01:37:57.783+0300: 973.539: Application time: 1.3676172 seconds
2024-10-06T01:37:57.830+0300: 973.582: [GC (Allocation Failure) [PSYoungGen: 236154K->288K(237056K)] 253104K->17277K(715264K), 0.0011510 secs] [Times: user=0.00 sys=0.00, real=0.00 secs] 
2024-10-06T01:37:57.830+0300: 973.583: Total time for which application threads were stopped: 0.0440960 seconds, Stopping threads took: 0.0427432 seconds
2024-10-06T01:37:59.180+0300: 974.946: Application time: 1.3621989 seconds
2024-10-06T01:37:59.211+0300: 974.963: [GC (Allocation Failure) [PSYoungGen: 235440K->694K(237056K)] 252429K->17699K(715264K), 0.0005132 secs] [Times: user=0.00 sys=0.00, real=0.00 secs] 
2024-10-06T01:37:59.211+0300: 974.963: Total time for which application threads were stopped: 0.0176198 seconds, Stopping threads took: 0.0169948 seconds
2024-10-06T01:38:00.591+0300: 976.354: Application time: 1.3903973 seconds
2024-10-06T01:38:00.638+0300: 976.390: [GC (Allocation Failure) [PSYoungGen: 236214K->1280K(237056K)] 253219K->18293K(715264K), 0.0008565 secs] [Times: user=0.00 sys=0.00, real=0.00 secs] 
2024-10-06T01:38:00.638+0300: 976.391: Total time for which application threads were stopped: 0.0372014 seconds, Stopping threads took: 0.0361949 seconds
2024-10-06T01:38:02.003+0300: 977.766: Application time: 1.3756398 seconds
2024-10-06T01:38:02.066+0300: 977.818: [GC (Allocation Failure) [PSYoungGen: 236800K->483K(237056K)] 253813K->17504K(715264K), 0.0005508 secs] [Times: user=0.00 sys=0.00, real=0.00 secs] 
2024-10-06T01:38:02.066+0300: 977.818: Total time for which application threads were stopped: 0.0517938 seconds, Stopping threads took: 0.0511098 seconds
2024-10-06T01:38:03.415+0300: 979.180: Application time: 1.3621870 seconds
2024-10-06T01:38:03.477+0300: 979.229: [GC (Allocation Failure) [PSYoungGen: 235648K->710K(237056K)] 252669K->17739K(715264K), 0.0011282 secs] [Times: user=0.00 sys=0.00, real=0.00 secs] 
2024-10-06T01:38:03.478+0300: 979.231: Total time for which application threads were stopped: 0.0501242 seconds, Stopping threads took: 0.0488048 seconds
2024-10-06T01:38:04.231+0300: 979.990: Application time: 0.7592815 seconds
2024-10-06T01:38:04.278+0300: 980.030: Total time for which application threads were stopped: 0.0401746 seconds, Stopping threads took: 0.0400082 seconds
2024-10-06T01:38:04.639+0300: 980.399: Application time: 0.3689591 seconds
2024-10-06T01:38:04.639+0300: 980.400: Total time for which application threads were stopped: 0.0007154 seconds, Stopping threads took: 0.0006964 seconds
2024-10-06T01:38:04.984+0300: 980.739: Application time: 0.3396632 seconds
2024-10-06T01:38:05.031+0300: 980.783: [GC (Allocation Failure) [PSYoungGen: 236079K->694K(237056K)] 253108K->17739K(715264K), 0.0011231 secs] [Times: user=0.00 sys=0.00, real=0.00 secs] 
2024-10-06T01:38:05.031+0300: 980.784: Total time for which application threads were stopped: 0.0447583 seconds, Stopping threads took: 0.0434256 seconds
2024-10-06T01:38:06.363+0300: 982.123: Application time: 1.3391468 seconds
2024-10-06T01:38:06.410+0300: 982.162: [GC (Allocation Failure) [PSYoungGen: 236020K->272K(237056K)] 253065K->17365K(715264K), 0.0011053 secs] [Times: user=0.00 sys=0.00, real=0.00 secs] 
2024-10-06T01:38:06.410+0300: 982.163: Total time for which application threads were stopped: 0.0402244 seconds, Stopping threads took: 0.0389147 seconds
2024-10-06T01:38:07.776+0300: 983.528: Application time: 1.3641210 seconds
2024-10-06T01:38:07.807+0300: 983.559: [GC (Allocation Failure) [PSYoungGen: 235730K->1264K(237056K)] 252823K->18365K(715264K), 0.0007818 secs] [Times: user=0.00 sys=0.00, real=0.00 secs] 
2024-10-06T01:38:07.807+0300: 983.560: Total time for which application threads were stopped: 0.0322297 seconds, Stopping threads took: 0.0312889 seconds
2024-10-06T01:38:09.172+0300: 984.931: Application time: 1.3710345 seconds
2024-10-06T01:38:09.220+0300: 984.971: [GC (Allocation Failure) [PSYoungGen: 236738K->1069K(236032K)] 253840K->18178K(714240K), 0.0010966 secs] [Times: user=0.00 sys=0.00, real=0.00 secs] 
2024-10-06T01:38:09.220+0300: 984.973: Total time for which application threads were stopped: 0.0416658 seconds, Stopping threads took: 0.0403937 seconds
2024-10-06T01:38:10.569+0300: 986.335: Application time: 1.3621912 seconds
2024-10-06T01:38:10.631+0300: 986.383: [GC (Allocation Failure) [PSYoungGen: 235565K->483K(236544K)] 252674K->17600K(714752K), 0.0012982 secs] [Times: user=0.00 sys=0.00, real=0.00 secs] 
2024-10-06T01:38:10.631+0300: 986.384: Total time for which application threads were stopped: 0.0495715 seconds, Stopping threads took: 0.0480700 seconds
2024-10-06T01:38:11.997+0300: 987.749: Application time: 1.3642652 seconds
2024-10-06T01:38:12.028+0300: 987.780: [GC (Allocation Failure) [PSYoungGen: 234937K->288K(237056K)] 252054K->17437K(715264K), 0.0005736 secs] [Times: user=0.00 sys=0.00, real=0.00 secs] 
2024-10-06T01:38:12.028+0300: 987.780: Total time for which application threads were stopped: 0.0317437 seconds, Stopping threads took: 0.0310283 seconds
2024-10-06T01:38:13.377+0300: 989.141: Application time: 1.3608798 seconds
2024-10-06T01:38:13.425+0300: 989.177: [GC (Allocation Failure) [PSYoungGen: 235808K->873K(237056K)] 252957K->18055K(715264K), 0.0012109 secs] [Times: user=0.00 sys=0.00, real=0.00 secs] 
2024-10-06T01:38:13.425+0300: 989.178: Total time for which application threads were stopped: 0.0366826 seconds, Stopping threads took: 0.0351664 seconds
2024-10-06T01:38:14.773+0300: 990.539: Application time: 1.3613179 seconds
2024-10-06T01:38:14.836+0300: 990.588: [GC (Allocation Failure) [PSYoungGen: 236273K->451K(237056K)] 253454K->17640K(715264K), 0.0010404 secs] [Times: user=0.00 sys=0.00, real=0.00 secs] 
2024-10-06T01:38:14.836+0300: 990.589: Total time for which application threads were stopped: 0.0497709 seconds, Stopping threads took: 0.0485357 seconds
2024-10-06T01:38:16.196+0300: 991.953: Application time: 1.3636163 seconds
2024-10-06T01:38:16.233+0300: 991.984: [GC (Allocation Failure) [PSYoungGen: 235961K->1264K(237056K)] 253150K->18485K(715264K), 0.0010431 secs] [Times: user=0.00 sys=0.00, real=0.00 secs] 
2024-10-06T01:38:16.233+0300: 991.985: Total time for which application threads were stopped: 0.0328636 seconds, Stopping threads took: 0.0316396 seconds
2024-10-06T01:38:17.581+0300: 993.346: Application time: 1.3607579 seconds
2024-10-06T01:38:17.628+0300: 993.380: [GC (Allocation Failure) [PSYoungGen: 236784K->678K(237056K)] 254005K->17907K(715264K), 0.0005807 secs] [Times: user=0.00 sys=0.00, real=0.00 secs] 
2024-10-06T01:38:17.628+0300: 993.381: Total time for which application threads were stopped: 0.0345259 seconds, Stopping threads took: 0.0338464 seconds
2024-10-06T01:38:18.993+0300: 994.751: Application time: 1.3699356 seconds
2024-10-06T01:38:19.041+0300: 994.793: [GC (Allocation Failure) [PSYoungGen: 236137K->1037K(237056K)] 253366K->18282K(715264K), 0.0009954 secs] [Times: user=0.00 sys=0.00, real=0.00 secs] 
2024-10-06T01:38:19.041+0300: 994.794: Total time for which application threads were stopped: 0.0433841 seconds, Stopping threads took: 0.0421969 seconds
2024-10-06T01:38:20.408+0300: 996.160: Application time: 1.3656777 seconds
2024-10-06T01:38:20.453+0300: 996.205: [GC (Allocation Failure) [PSYoungGen: 236512K->678K(237056K)] 253757K->17939K(715264K), 0.0009728 secs] [Times: user=0.00 sys=0.00, real=0.00 secs] 
2024-10-06T01:38:20.453+0300: 996.206: Total time for which application threads were stopped: 0.0459432 seconds, Stopping threads took: 0.0447839 seconds
2024-10-06T01:38:21.807+0300: 997.569: Application time: 1.3628349 seconds
2024-10-06T01:38:21.865+0300: 997.617: [GC (Allocation Failure) [PSYoungGen: 236137K->272K(237056K)] 253398K->17541K(715264K), 0.0010372 secs] [Times: user=0.00 sys=0.00, real=0.00 secs] 
2024-10-06T01:38:21.865+0300: 997.618: Total time for which application threads were stopped: 0.0492768 seconds, Stopping threads took: 0.0480279 seconds
2024-10-06T01:38:23.214+0300: 998.977: Application time: 1.3595569 seconds
2024-10-06T01:38:23.261+0300: 999.013: [GC (Allocation Failure) [PSYoungGen: 235599K->678K(237056K)] 252868K->17955K(715264K), 0.0011187 secs] [Times: user=0.00 sys=0.00, real=0.00 secs] 
2024-10-06T01:38:23.261+0300: 999.014: Total time for which application threads were stopped: 0.0368369 seconds, Stopping threads took: 0.0355130 seconds
2024-10-06T01:38:24.627+0300: 1000.378: Application time: 1.3639819 seconds
2024-10-06T01:38:24.658+0300: 1000.410: [GC (Allocation Failure) [PSYoungGen: 236100K->1085K(237056K)] 253378K->18394K(715264K), 0.0011905 secs] [Times: user=0.00 sys=0.00, real=0.00 secs] 
2024-10-06T01:38:24.658+0300: 1000.411: Total time for which application threads were stopped: 0.0326368 seconds, Stopping threads took: 0.0312396 seconds
2024-10-06T01:38:26.023+0300: 1001.779: Application time: 1.3682395 seconds
2024-10-06T01:38:26.069+0300: 1001.821: [GC (Allocation Failure) [PSYoungGen: 236527K->678K(237056K)] 253836K->17995K(715264K), 0.0012129 secs] [Times: user=0.00 sys=0.00, real=0.00 secs] 
2024-10-06T01:38:26.069+0300: 1001.823: Total time for which application threads were stopped: 0.0435572 seconds, Stopping threads took: 0.0421052 seconds
2024-10-06T01:38:27.419+0300: 1003.185: Application time: 1.3621025 seconds
2024-10-06T01:38:27.482+0300: 1003.234: [GC (Allocation Failure) [PSYoungGen: 236090K->256K(237056K)] 253408K->17589K(715264K), 0.0010324 secs] [Times: user=0.00 sys=0.00, real=0.00 secs] 
2024-10-06T01:38:27.482+0300: 1003.235: Total time for which application threads were stopped: 0.0499253 seconds, Stopping threads took: 0.0486834 seconds
2024-10-06T01:38:28.846+0300: 1004.601: Application time: 1.3659763 seconds
2024-10-06T01:38:28.893+0300: 1004.645: [GC (Allocation Failure) [PSYoungGen: 235682K->678K(237056K)] 253015K->18019K(715264K), 0.0011221 secs] [Times: user=0.00 sys=0.00, real=0.00 secs] 
2024-10-06T01:38:28.893+0300: 1004.646: Total time for which application threads were stopped: 0.0456061 seconds, Stopping threads took: 0.0442173 seconds
2024-10-06T01:38:30.243+0300: 1006.007: Application time: 1.3611202 seconds
2024-10-06T01:38:30.290+0300: 1006.042: [GC (Allocation Failure) [PSYoungGen: 236049K->1069K(237056K)] 253390K->18434K(715264K), 0.0010458 secs] [Times: user=0.00 sys=0.00, real=0.00 secs] 
2024-10-06T01:38:30.290+0300: 1006.043: Total time for which application threads were stopped: 0.0355062 seconds, Stopping threads took: 0.0342814 seconds
2024-10-06T01:38:31.655+0300: 1007.407: Application time: 1.3644991 seconds
2024-10-06T01:38:31.702+0300: 1007.453: [GC (Allocation Failure) [PSYoungGen: 236531K->694K(237056K)] 253896K->18083K(715264K), 0.0011085 secs] [Times: user=0.00 sys=0.00, real=0.00 secs] 
2024-10-06T01:38:31.702+0300: 1007.455: Total time for which application threads were stopped: 0.0471993 seconds, Stopping threads took: 0.0458369 seconds
2024-10-06T01:38:33.067+0300: 1008.825: Application time: 1.3706546 seconds
2024-10-06T01:38:33.114+0300: 1008.866: [GC (Allocation Failure) [PSYoungGen: 236155K->288K(237056K)] 253544K->17717K(715264K), 0.0009067 secs] [Times: user=0.00 sys=0.00, real=0.00 secs] 
2024-10-06T01:38:33.114+0300: 1008.867: Total time for which application threads were stopped: 0.0415451 seconds, Stopping threads took: 0.0404905 seconds
2024-10-06T01:38:34.479+0300: 1010.232: Application time: 1.3653058 seconds
2024-10-06T01:38:34.526+0300: 1010.278: [GC (Allocation Failure) [PSYoungGen: 235688K->694K(237056K)] 253117K->18131K(715264K), 0.0011376 secs] [Times: user=0.00 sys=0.00, real=0.00 secs] 
2024-10-06T01:38:34.526+0300: 1010.279: Total time for which application threads were stopped: 0.0467123 seconds, Stopping threads took: 0.0453283 seconds
2024-10-06T01:38:35.876+0300: 1011.641: Application time: 1.3620467 seconds
2024-10-06T01:38:35.923+0300: 1011.674: [GC (Allocation Failure) [PSYoungGen: 236056K->288K(237056K)] 253493K->17733K(715264K), 0.0010585 secs] [Times: user=0.00 sys=0.00, real=0.00 secs] 
2024-10-06T01:38:35.923+0300: 1011.676: Total time for which application threads were stopped: 0.0347004 seconds, Stopping threads took: 0.0334499 seconds
2024-10-06T01:38:37.273+0300: 1013.035: Application time: 1.3591243 seconds
2024-10-06T01:38:37.320+0300: 1013.072: [GC (Allocation Failure) [PSYoungGen: 235461K->646K(237056K)] 252906K->18099K(715264K), 0.0011951 secs] [Times: user=0.00 sys=0.00, real=0.00 secs] 
2024-10-06T01:38:37.321+0300: 1013.073: Total time for which application threads were stopped: 0.0383669 seconds, Stopping threads took: 0.0369411 seconds
2024-10-06T01:38:38.686+0300: 1014.441: Application time: 1.3674319 seconds
2024-10-06T01:38:38.732+0300: 1014.484: [GC (Allocation Failure) [PSYoungGen: 236166K->272K(237056K)] 253619K->17733K(715264K), 0.0009880 secs] [Times: user=0.00 sys=0.00, real=0.00 secs] 
2024-10-06T01:38:38.732+0300: 1014.485: Total time for which application threads were stopped: 0.0448122 seconds, Stopping threads took: 0.0436166 seconds
2024-10-06T01:38:40.097+0300: 1015.851: Application time: 1.3660316 seconds
2024-10-06T01:38:40.145+0300: 1015.896: [GC (Allocation Failure) [PSYoungGen: 235623K->483K(237056K)] 253084K->17968K(715264K), 0.0011334 secs] [Times: user=0.00 sys=0.00, real=0.00 secs] 
2024-10-06T01:38:40.145+0300: 1015.898: Total time for which application threads were stopped: 0.0463299 seconds, Stopping threads took: 0.0449433 seconds
2024-10-06T01:38:41.494+0300: 1017.252: Application time: 1.3545622 seconds
2024-10-06T01:38:41.525+0300: 1017.277: [GC (Allocation Failure) [PSYoungGen: 235957K->1216K(237056K)] 253442K->18725K(715264K), 0.0012981 secs] [Times: user=0.00 sys=0.00, real=0.00 secs] 
2024-10-06T01:38:41.525+0300: 1017.279: Total time for which application threads were stopped: 0.0263705 seconds, Stopping threads took: 0.0248167 seconds
2024-10-06T01:38:42.891+0300: 1018.644: Application time: 1.3653475 seconds
2024-10-06T01:38:42.938+0300: 1018.690: [GC (Allocation Failure) [PSYoungGen: 236531K->694K(237056K)] 254040K->18219K(715264K), 0.0008995 secs] [Times: user=0.00 sys=0.00, real=0.00 secs] 
2024-10-06T01:38:42.938+0300: 1018.691: Total time for which application threads were stopped: 0.0465744 seconds, Stopping threads took: 0.0454798 seconds
2024-10-06T01:38:44.304+0300: 1020.055: Application time: 1.3647893 seconds
2024-10-06T01:38:44.335+0300: 1020.087: [GC (Allocation Failure) [PSYoungGen: 236059K->1085K(237056K)] 253584K->18618K(715264K), 0.0011322 secs] [Times: user=0.00 sys=0.00, real=0.00 secs] 
2024-10-06T01:38:44.335+0300: 1020.088: Total time for which application threads were stopped: 0.0326233 seconds, Stopping threads took: 0.0312947 seconds
2024-10-06T01:38:45.701+0300: 1021.453: Application time: 1.3646672 seconds
2024-10-06T01:38:45.747+0300: 1021.499: [GC (Allocation Failure) [PSYoungGen: 236578K->483K(237056K)] 254111K->18040K(715264K), 0.0012855 secs] [Times: user=0.00 sys=0.00, real=0.00 secs] 
2024-10-06T01:38:45.747+0300: 1021.501: Total time for which application threads were stopped: 0.0479584 seconds, Stopping threads took: 0.0464720 seconds
2024-10-06T01:38:47.105+0300: 1022.865: Application time: 1.3639795 seconds
2024-10-06T01:38:47.161+0300: 1022.912: [GC (Allocation Failure) [PSYoungGen: 235935K->1069K(237056K)] 253492K->18634K(715264K), 0.0011730 secs] [Times: user=0.00 sys=0.00, real=0.00 secs] 
2024-10-06T01:38:47.161+0300: 1022.914: Total time for which application threads were stopped: 0.0490768 seconds, Stopping threads took: 0.0476508 seconds
2024-10-06T01:38:48.509+0300: 1024.276: Application time: 1.3619622 seconds
2024-10-06T01:38:48.556+0300: 1024.308: [GC (Allocation Failure) [PSYoungGen: 236589K->256K(237056K)] 254154K->17829K(715264K), 0.0010564 secs] [Times: user=0.00 sys=0.00, real=0.00 secs] 
2024-10-06T01:38:48.556+0300: 1024.309: Total time for which application threads were stopped: 0.0333813 seconds, Stopping threads took: 0.0321155 seconds
2024-10-06T01:38:49.920+0300: 1025.677: Application time: 1.3680243 seconds
2024-10-06T01:38:49.967+0300: 1025.719: [GC (Allocation Failure) [PSYoungGen: 235660K->662K(237056K)] 253233K->18251K(715264K), 0.0012156 secs] [Times: user=0.00 sys=0.00, real=0.00 secs] 
2024-10-06T01:38:49.967+0300: 1025.721: Total time for which application threads were stopped: 0.0435630 seconds, Stopping threads took: 0.0421427 seconds
2024-10-06T01:38:51.317+0300: 1027.083: Application time: 1.3621219 seconds
2024-10-06T01:38:51.364+0300: 1027.116: [GC (Allocation Failure) [PSYoungGen: 235994K->224K(237056K)] 253583K->17821K(715264K), 0.0008287 secs] [Times: user=0.00 sys=0.00, real=0.00 secs] 
2024-10-06T01:38:51.364+0300: 1027.117: Total time for which application threads were stopped: 0.0339134 seconds, Stopping threads took: 0.0329425 seconds
2024-10-06T01:38:52.713+0300: 1028.478: Application time: 1.3608625 seconds
2024-10-06T01:38:52.759+0300: 1028.511: [GC (Allocation Failure) [PSYoungGen: 235477K->662K(237056K)] 253074K->18267K(715264K), 0.0012085 secs] [Times: user=0.00 sys=0.00, real=0.00 secs] 
2024-10-06T01:38:52.759+0300: 1028.513: Total time for which application threads were stopped: 0.0351310 seconds, Stopping threads took: 0.0337068 seconds
2024-10-06T01:38:54.126+0300: 1029.883: Application time: 1.3701304 seconds
2024-10-06T01:38:54.173+0300: 1029.925: [GC (Allocation Failure) [PSYoungGen: 236031K->1069K(237056K)] 253636K->18682K(715264K), 0.0010139 secs] [Times: user=0.00 sys=0.00, real=0.00 secs] 
2024-10-06T01:38:54.173+0300: 1029.926: Total time for which application threads were stopped: 0.0434290 seconds, Stopping threads took: 0.0422270 seconds
2024-10-06T01:38:55.522+0300: 1031.289: Application time: 1.3627262 seconds
2024-10-06T01:38:55.585+0300: 1031.337: [GC (Allocation Failure) [PSYoungGen: 236459K->288K(237056K)] 254072K->17909K(715264K), 0.0012467 secs] [Times: user=0.00 sys=0.00, real=0.00 secs] 
2024-10-06T01:38:55.585+0300: 1031.338: Total time for which application threads were stopped: 0.0495385 seconds, Stopping threads took: 0.0480968 seconds
2024-10-06T01:38:56.950+0300: 1032.703: Application time: 1.3641563 seconds
2024-10-06T01:38:56.981+0300: 1032.734: [GC (Allocation Failure) [PSYoungGen: 235642K->646K(237056K)] 253263K->18275K(715264K), 0.0010067 secs] [Times: user=0.00 sys=0.00, real=0.00 secs] 
2024-10-06T01:38:56.981+0300: 1032.735: Total time for which application threads were stopped: 0.0319441 seconds, Stopping threads took: 0.0307370 seconds
2024-10-06T01:38:58.346+0300: 1034.101: Application time: 1.3661321 seconds
2024-10-06T01:38:58.393+0300: 1034.145: [GC (Allocation Failure) [PSYoungGen: 236163K->304K(237056K)] 253792K->17941K(715264K), 0.0011085 secs] [Times: user=0.00 sys=0.00, real=0.00 secs] 
2024-10-06T01:38:58.393+0300: 1034.146: Total time for which application threads were stopped: 0.0450787 seconds, Stopping threads took: 0.0437457 seconds
2024-10-06T01:38:59.742+0300: 1035.508: Application time: 1.3625501 seconds
2024-10-06T01:38:59.805+0300: 1035.557: [GC (Allocation Failure) [PSYoungGen: 235445K->694K(237056K)] 253082K->18339K(715264K), 0.0006027 secs] [Times: user=0.00 sys=0.00, real=0.00 secs] 
2024-10-06T01:38:59.805+0300: 1035.557: Total time for which application threads were stopped: 0.0489003 seconds, Stopping threads took: 0.0481395 seconds
2024-10-06T01:39:01.169+0300: 1036.933: Application time: 1.3761077 seconds
2024-10-06T01:39:01.216+0300: 1036.968: [GC (Allocation Failure) [PSYoungGen: 236207K->288K(237056K)] 253852K->17965K(715264K), 0.0011664 secs] [Times: user=0.00 sys=0.00, real=0.00 secs] 
2024-10-06T01:39:01.216+0300: 1036.969: Total time for which application threads were stopped: 0.0360723 seconds, Stopping threads took: 0.0347161 seconds
2024-10-06T01:39:02.582+0300: 1038.336: Application time: 1.3664852 seconds
2024-10-06T01:39:02.629+0300: 1038.381: [GC (Allocation Failure) [PSYoungGen: 235712K->678K(237056K)] 253390K->18363K(715264K), 0.0007028 secs] [Times: user=0.00 sys=0.00, real=0.00 secs] 
2024-10-06T01:39:02.629+0300: 1038.382: Total time for which application threads were stopped: 0.0459058 seconds, Stopping threads took: 0.0450396 seconds
2024-10-06T01:39:03.993+0300: 1039.751: Application time: 1.3691548 seconds
2024-10-06T01:39:04.040+0300: 1039.792: [GC (Allocation Failure) [PSYoungGen: 236174K->646K(237056K)] 253859K->18339K(715264K), 0.0008499 secs] [Times: user=0.00 sys=0.00, real=0.00 secs] 
2024-10-06T01:39:04.040+0300: 1039.793: Total time for which application threads were stopped: 0.0419208 seconds, Stopping threads took: 0.0409052 seconds
2024-10-06T01:39:05.391+0300: 1041.157: Application time: 1.3636964 seconds
2024-10-06T01:39:05.453+0300: 1041.204: [GC (Allocation Failure) [PSYoungGen: 236131K->1069K(237056K)] 253825K->18770K(715264K), 0.0012944 secs] [Times: user=0.00 sys=0.00, real=0.00 secs] 
2024-10-06T01:39:05.453+0300: 1041.206: Total time for which application threads were stopped: 0.0492187 seconds, Stopping threads took: 0.0477203 seconds
2024-10-06T01:39:06.818+0300: 1042.570: Application time: 1.3639409 seconds
2024-10-06T01:39:06.849+0300: 1042.601: [GC (Allocation Failure) [PSYoungGen: 236589K->435K(237056K)] 254290K->18168K(715264K), 0.0008177 secs] [Times: user=0.00 sys=0.00, real=0.00 secs] 
2024-10-06T01:39:06.849+0300: 1042.602: Total time for which application threads were stopped: 0.0320318 seconds, Stopping threads took: 0.0310381 seconds
2024-10-06T01:39:08.199+0300: 1043.964: Application time: 1.3624599 seconds
2024-10-06T01:39:08.245+0300: 1043.997: [GC (Allocation Failure) [PSYoungGen: 235887K->1069K(237056K)] 253620K->18826K(715264K), 0.0011416 secs] [Times: user=0.00 sys=0.00, real=0.00 secs] 
2024-10-06T01:39:08.245+0300: 1043.998: Total time for which application threads were stopped: 0.0341899 seconds, Stopping threads took: 0.0328366 seconds
2024-10-06T01:39:09.599+0300: 1045.361: Application time: 1.3629045 seconds
2024-10-06T01:39:09.657+0300: 1045.409: [GC (Allocation Failure) [PSYoungGen: 236394K->483K(237056K)] 254152K->18248K(715264K), 0.0012392 secs] [Times: user=0.00 sys=0.00, real=0.00 secs] 
2024-10-06T01:39:09.657+0300: 1045.410: Total time for which application threads were stopped: 0.0489982 seconds, Stopping threads took: 0.0475448 seconds
2024-10-06T01:39:11.008+0300: 1046.774: Application time: 1.3640776 seconds
2024-10-06T01:39:11.070+0300: 1046.822: [GC (Allocation Failure) [PSYoungGen: 235849K->1085K(237056K)] 253614K->18858K(715264K), 0.0011069 secs] [Times: user=0.00 sys=0.00, real=0.00 secs] 
2024-10-06T01:39:11.070+0300: 1046.823: Total time for which application threads were stopped: 0.0487485 seconds, Stopping threads took: 0.0474128 seconds
2024-10-06T01:39:12.435+0300: 1048.187: Application time: 1.3638235 seconds
2024-10-06T01:39:12.482+0300: 1048.234: [GC (Allocation Failure) [PSYoungGen: 236442K->1491K(237056K)] 254215K->19281K(715264K), 0.0012273 secs] [Times: user=0.00 sys=0.00, real=0.00 secs] 
2024-10-06T01:39:12.482+0300: 1048.235: Total time for which application threads were stopped: 0.0481617 seconds, Stopping threads took: 0.0467306 seconds
2024-10-06T01:39:13.831+0300: 1049.595: Application time: 1.3597179 seconds
2024-10-06T01:39:13.878+0300: 1049.630: [GC (Allocation Failure) [PSYoungGen: 236937K->1264K(236032K)] 254726K->19077K(714240K), 0.0011756 secs] [Times: user=0.00 sys=0.00, real=0.00 secs] 
2024-10-06T01:39:13.878+0300: 1049.631: Total time for which application threads were stopped: 0.0362236 seconds, Stopping threads took: 0.0348028 seconds
2024-10-06T01:39:15.228+0300: 1050.995: Application time: 1.3635378 seconds
2024-10-06T01:39:15.291+0300: 1051.043: [GC (Allocation Failure) [PSYoungGen: 235559K->678K(236544K)] 253373K->18523K(714752K), 0.0012383 secs] [Times: user=0.00 sys=0.00, real=0.00 secs] 
2024-10-06T01:39:15.291+0300: 1051.044: Total time for which application threads were stopped: 0.0492597 seconds, Stopping threads took: 0.0478192 seconds
2024-10-06T01:39:16.641+0300: 1052.403: Application time: 1.3589897 seconds
2024-10-06T01:39:16.687+0300: 1052.439: [GC (Allocation Failure) [PSYoungGen: 235132K->288K(236544K)] 252977K->18157K(714752K), 0.0011746 secs] [Times: user=0.00 sys=0.00, real=0.00 secs] 
2024-10-06T01:39:16.687+0300: 1052.441: Total time for which application threads were stopped: 0.0376285 seconds, Stopping threads took: 0.0362350 seconds
2024-10-06T01:39:18.037+0300: 1053.798: Application time: 1.3578119 seconds
2024-10-06T01:39:18.069+0300: 1053.820: [GC (Allocation Failure) [PSYoungGen: 234560K->678K(236544K)] 252429K->18555K(714752K), 0.0008284 secs] [Times: user=0.00 sys=0.00, real=0.00 secs] 
2024-10-06T01:39:18.069+0300: 1053.821: Total time for which application threads were stopped: 0.0228917 seconds, Stopping threads took: 0.0218768 seconds
2024-10-06T01:39:19.419+0300: 1055.183: Application time: 1.3621085 seconds
2024-10-06T01:39:19.449+0300: 1055.201: [GC (Allocation Failure) [PSYoungGen: 235125K->1264K(236544K)] 253003K->19149K(714752K), 0.0011986 secs] [Times: user=0.00 sys=0.00, real=0.00 secs] 
2024-10-06T01:39:19.449+0300: 1055.202: Total time for which application threads were stopped: 0.0189379 seconds, Stopping threads took: 0.0175427 seconds
2024-10-06T01:39:20.798+0300: 1056.562: Application time: 1.3592662 seconds
2024-10-06T01:39:20.846+0300: 1056.598: [GC (Allocation Failure) [PSYoungGen: 235449K->662K(236544K)] 253334K->18555K(714752K), 0.0010143 secs] [Times: user=0.00 sys=0.00, real=0.00 secs] 
2024-10-06T01:39:20.846+0300: 1056.599: Total time for which application threads were stopped: 0.0372760 seconds, Stopping threads took: 0.0360692 seconds
2024-10-06T01:39:22.210+0300: 1057.963: Application time: 1.3641078 seconds
2024-10-06T01:39:22.257+0300: 1058.009: [GC (Allocation Failure) [PSYoungGen: 235150K->288K(236544K)] 253044K->18221K(714752K), 0.0010851 secs] [Times: user=0.00 sys=0.00, real=0.00 secs] 
2024-10-06T01:39:22.257+0300: 1058.010: Total time for which application threads were stopped: 0.0471560 seconds, Stopping threads took: 0.0457927 seconds
2024-10-06T01:39:23.606+0300: 1059.360: Application time: 1.3495246 seconds
2024-10-06T01:39:23.638+0300: 1059.390: [GC (Allocation Failure) [PSYoungGen: 234586K->678K(236544K)] 252519K->18635K(714752K), 0.0012938 secs] [Times: user=0.00 sys=0.00, real=0.00 secs] 
2024-10-06T01:39:23.638+0300: 1059.391: Total time for which application threads were stopped: 0.0314484 seconds, Stopping threads took: 0.0299055 seconds
2024-10-06T01:39:24.987+0300: 1060.754: Application time: 1.3624894 seconds
2024-10-06T01:39:25.035+0300: 1060.786: [GC (Allocation Failure) [PSYoungGen: 235006K->1053K(236544K)] 252963K->19018K(714752K), 0.0012423 secs] [Times: user=0.00 sys=0.00, real=0.00 secs] 
2024-10-06T01:39:25.035+0300: 1060.788: Total time for which application threads were stopped: 0.0341400 seconds, Stopping threads took: 0.0326899 seconds
2024-10-06T01:39:26.383+0300: 1062.146: Application time: 1.3581430 seconds
2024-10-06T01:39:26.430+0300: 1062.182: [GC (Allocation Failure) [PSYoungGen: 235549K->646K(236544K)] 253514K->18627K(714752K), 0.0009161 secs] [Times: user=0.00 sys=0.00, real=0.00 secs] 
2024-10-06T01:39:26.430+0300: 1062.183: Total time for which application threads were stopped: 0.0370354 seconds, Stopping threads took: 0.0359213 seconds
2024-10-06T01:39:27.780+0300: 1063.544: Application time: 1.3613052 seconds
2024-10-06T01:39:27.827+0300: 1063.579: [GC (Allocation Failure) [PSYoungGen: 235104K->320K(237056K)] 253085K->18309K(715264K), 0.0005698 secs] [Times: user=0.00 sys=0.00, real=0.00 secs] 
2024-10-06T01:39:27.827+0300: 1063.579: Total time for which application threads were stopped: 0.0349195 seconds, Stopping threads took: 0.0342104 seconds
2024-10-06T01:39:29.191+0300: 1064.943: Application time: 1.3638500 seconds
2024-10-06T01:39:29.223+0300: 1064.974: [GC (Allocation Failure) [PSYoungGen: 235679K->694K(237056K)] 253668K->18691K(715264K), 0.0010107 secs] [Times: user=0.00 sys=0.00, real=0.00 secs] 
2024-10-06T01:39:29.223+0300: 1064.975: Total time for which application threads were stopped: 0.0323380 seconds, Stopping threads took: 0.0311211 seconds
2024-10-06T01:39:30.572+0300: 1066.337: Application time: 1.3613527 seconds
2024-10-06T01:39:30.603+0300: 1066.355: [GC (Allocation Failure) [PSYoungGen: 236020K->1280K(236032K)] 254017K->20067K(714240K), 0.0014999 secs] [Times: user=0.00 sys=0.00, real=0.00 secs] 
2024-10-06T01:39:30.603+0300: 1066.357: Total time for which application threads were stopped: 0.0200563 seconds, Stopping threads took: 0.0183732 seconds
2024-10-06T01:39:31.969+0300: 1067.724: Application time: 1.3669909 seconds
2024-10-06T01:39:32.016+0300: 1067.768: [GC (Allocation Failure) [PSYoungGen: 235712K->694K(236544K)] 254498K->19521K(714752K), 0.0006626 secs] [Times: user=0.00 sys=0.00, real=0.00 secs] 
2024-10-06T01:39:32.016+0300: 1067.769: Total time for which application threads were stopped: 0.0449071 seconds, Stopping threads took: 0.0441026 seconds
2024-10-06T01:39:33.366+0300: 1069.128: Application time: 1.3592878 seconds
2024-10-06T01:39:33.397+0300: 1069.149: [GC (Allocation Failure) [PSYoungGen: 235167K->1264K(236032K)] 253993K->20115K(714240K), 0.0010288 secs] [Times: user=0.00 sys=0.00, real=0.00 secs] 
2024-10-06T01:39:33.397+0300: 1069.150: Total time for which application threads were stopped: 0.0223457 seconds, Stopping threads took: 0.0211192 seconds
2024-10-06T01:39:34.750+0300: 1070.512: Application time: 1.3615217 seconds
2024-10-06T01:39:34.794+0300: 1070.546: [GC (Allocation Failure) [PSYoungGen: 235514K->678K(236544K)] 254364K->19545K(714752K), 0.0010919 secs] [Times: user=0.00 sys=0.00, real=0.00 secs] 
2024-10-06T01:39:34.794+0300: 1070.547: Total time for which application threads were stopped: 0.0353848 seconds, Stopping threads took: 0.0340862 seconds
2024-10-06T01:39:36.153+0300: 1071.909: Application time: 1.3618388 seconds
2024-10-06T01:39:36.175+0300: 1071.927: [GC (Allocation Failure) [PSYoungGen: 235111K->1232K(236544K)] 253977K->20107K(714752K), 0.0013049 secs] [Times: user=0.00 sys=0.00, real=0.00 secs] 
2024-10-06T01:39:36.175+0300: 1071.928: Total time for which application threads were stopped: 0.0192039 seconds, Stopping threads took: 0.0177213 seconds
2024-10-06T01:39:37.524+0300: 1073.290: Application time: 1.3616926 seconds
2024-10-06T01:39:37.571+0300: 1073.323: [GC (Allocation Failure) [PSYoungGen: 235497K->678K(236544K)] 254371K->19561K(714752K), 0.0011591 secs] [Times: user=0.00 sys=0.00, real=0.00 secs] 
2024-10-06T01:39:37.571+0300: 1073.324: Total time for which application threads were stopped: 0.0341266 seconds, Stopping threads took: 0.0327485 seconds
2024-10-06T01:39:38.937+0300: 1074.691: Application time: 1.3668499 seconds
2024-10-06T01:39:38.984+0300: 1074.736: [GC (Allocation Failure) [PSYoungGen: 235127K->304K(236544K)] 254009K->19194K(714752K), 0.0011637 secs] [Times: user=0.00 sys=0.00, real=0.00 secs] 
2024-10-06T01:39:38.984+0300: 1074.737: Total time for which application threads were stopped: 0.0459265 seconds, Stopping threads took: 0.0445691 seconds
2024-10-06T01:39:40.333+0300: 1076.099: Application time: 1.3622394 seconds
2024-10-06T01:39:40.380+0300: 1076.132: [GC (Allocation Failure) [PSYoungGen: 234482K->694K(236544K)] 253372K->19601K(714752K), 0.0011205 secs] [Times: user=0.00 sys=0.00, real=0.00 secs] 
2024-10-06T01:39:40.380+0300: 1076.133: Total time for which application threads were stopped: 0.0339317 seconds, Stopping threads took: 0.0326023 seconds
2024-10-06T01:39:41.730+0300: 1077.489: Application time: 1.3559751 seconds
2024-10-06T01:39:41.761+0300: 1077.513: [GC (Allocation Failure) [PSYoungGen: 235117K->1280K(236544K)] 254023K->20195K(714752K), 0.0012106 secs] [Times: user=0.00 sys=0.00, real=0.00 secs] 
2024-10-06T01:39:41.761+0300: 1077.514: Total time for which application threads were stopped: 0.0250597 seconds, Stopping threads took: 0.0236544 seconds
2024-10-06T01:39:43.126+0300: 1078.882: Application time: 1.3674797 seconds
2024-10-06T01:39:43.173+0300: 1078.925: [GC (Allocation Failure) [PSYoungGen: 235579K->694K(236544K)] 254494K->19625K(714752K), 0.0011643 secs] [Times: user=0.00 sys=0.00, real=0.00 secs] 
2024-10-06T01:39:43.173+0300: 1078.927: Total time for which application threads were stopped: 0.0449477 seconds, Stopping threads took: 0.0435542 seconds
2024-10-06T01:39:44.523+0300: 1080.285: Application time: 1.3582873 seconds
2024-10-06T01:39:44.554+0300: 1080.306: [GC (Allocation Failure) [PSYoungGen: 235186K->1264K(236544K)] 254117K->20211K(714752K), 0.0010542 secs] [Times: user=0.00 sys=0.00, real=0.00 secs] 
2024-10-06T01:39:44.554+0300: 1080.307: Total time for which application threads were stopped: 0.0221636 seconds, Stopping threads took: 0.0208943 seconds
2024-10-06T01:39:45.919+0300: 1081.671: Application time: 1.3644307 seconds
2024-10-06T01:39:45.966+0300: 1081.718: [GC (Allocation Failure) [PSYoungGen: 235652K->678K(236544K)] 254598K->19641K(714752K), 0.0011427 secs] [Times: user=0.00 sys=0.00, real=0.00 secs] 
2024-10-06T01:39:45.966+0300: 1081.719: Total time for which application threads were stopped: 0.0475751 seconds, Stopping threads took: 0.0462203 seconds
2024-10-06T01:39:47.316+0300: 1083.074: Application time: 1.3545882 seconds
2024-10-06T01:39:47.347+0300: 1083.099: [GC (Allocation Failure) [PSYoungGen: 235163K->1280K(236544K)] 254125K->20251K(714752K), 0.0013969 secs] [Times: user=0.00 sys=0.00, real=0.00 secs] 
2024-10-06T01:39:47.347+0300: 1083.101: Total time for which application threads were stopped: 0.0268938 seconds, Stopping threads took: 0.0252000 seconds
2024-10-06T01:39:48.697+0300: 1084.458: Application time: 1.3570946 seconds
2024-10-06T01:39:48.744+0300: 1084.496: [GC (Allocation Failure) [PSYoungGen: 235514K->662K(236544K)] 254484K->19649K(714752K), 0.0011598 secs] [Times: user=0.00 sys=0.00, real=0.00 secs] 
2024-10-06T01:39:48.744+0300: 1084.497: Total time for which application threads were stopped: 0.0394040 seconds, Stopping threads took: 0.0379885 seconds
2024-10-06T01:39:50.110+0300: 1085.866: Application time: 1.3688360 seconds
2024-10-06T01:39:50.141+0300: 1085.893: [GC (Allocation Failure) [PSYoungGen: 235065K->1232K(236544K)] 254051K->20227K(714752K), 0.0011897 secs] [Times: user=0.00 sys=0.00, real=0.00 secs] 
2024-10-06T01:39:50.141+0300: 1085.894: Total time for which application threads were stopped: 0.0283334 seconds, Stopping threads took: 0.0269732 seconds
2024-10-06T01:39:51.491+0300: 1087.254: Application time: 1.3598888 seconds
2024-10-06T01:39:51.538+0300: 1087.290: [GC (Allocation Failure) [PSYoungGen: 235440K->694K(236544K)] 254434K->19697K(714752K), 0.0011297 secs] [Times: user=0.00 sys=0.00, real=0.00 secs] 
2024-10-06T01:39:51.538+0300: 1087.291: Total time for which application threads were stopped: 0.0368493 seconds, Stopping threads took: 0.0355314 seconds
2024-10-06T01:39:52.886+0300: 1088.651: Application time: 1.3605047 seconds
2024-10-06T01:39:52.949+0300: 1088.700: [GC (Allocation Failure) [PSYoungGen: 235009K->1085K(236544K)] 254012K->20111K(714752K), 0.0006805 secs] [Times: user=0.00 sys=0.00, real=0.00 secs] 
2024-10-06T01:39:52.949+0300: 1088.701: Total time for which application threads were stopped: 0.0497441 seconds, Stopping threads took: 0.0489242 seconds
2024-10-06T01:39:54.345+0300: 1090.101: Application time: 1.3993706 seconds
2024-10-06T01:39:54.376+0300: 1090.128: [GC (Allocation Failure) [PSYoungGen: 235536K->678K(236544K)] 254562K->19737K(714752K), 0.0012565 secs] [Times: user=0.00 sys=0.00, real=0.00 secs] 
2024-10-06T01:39:54.376+0300: 1090.130: Total time for which application threads were stopped: 0.0290736 seconds, Stopping threads took: 0.0276148 seconds
2024-10-06T01:39:55.726+0300: 1091.489: Application time: 1.3595968 seconds
2024-10-06T01:39:55.773+0300: 1091.525: [GC (Allocation Failure) [PSYoungGen: 235040K->1069K(236544K)] 254098K->20135K(714752K), 0.0012354 secs] [Times: user=0.00 sys=0.00, real=0.00 secs] 
2024-10-06T01:39:55.773+0300: 1091.526: Total time for which application threads were stopped: 0.0371586 seconds, Stopping threads took: 0.0357100 seconds
2024-10-06T01:39:57.139+0300: 1092.896: Application time: 1.3698986 seconds
2024-10-06T01:39:57.186+0300: 1092.938: [GC (Allocation Failure) [PSYoungGen: 235552K->710K(236544K)] 254618K->19801K(714752K), 0.0012390 secs] [Times: user=0.00 sys=0.00, real=0.00 secs] 
2024-10-06T01:39:57.186+0300: 1092.939: Total time for which application threads were stopped: 0.0429773 seconds, Stopping threads took: 0.0415271 seconds
2024-10-06T01:39:58.552+0300: 1094.305: Application time: 1.3655507 seconds
2024-10-06T01:39:58.583+0300: 1094.335: [GC (Allocation Failure) [PSYoungGen: 235163K->272K(236544K)] 254253K->19370K(714752K), 0.0010560 secs] [Times: user=0.00 sys=0.00, real=0.00 secs] 
2024-10-06T01:39:58.583+0300: 1094.336: Total time for which application threads were stopped: 0.0312771 seconds, Stopping threads took: 0.0300241 seconds
2024-10-06T01:39:59.932+0300: 1095.698: Application time: 1.3623309 seconds
2024-10-06T01:39:59.979+0300: 1095.731: [GC (Allocation Failure) [PSYoungGen: 234501K->646K(236544K)] 253599K->19777K(714752K), 0.0011111 secs] [Times: user=0.00 sys=0.00, real=0.00 secs] 
2024-10-06T01:39:59.979+0300: 1095.732: Total time for which application threads were stopped: 0.0337881 seconds, Stopping threads took: 0.0324634 seconds
2024-10-06T01:40:01.329+0300: 1097.093: Application time: 1.3606975 seconds
2024-10-06T01:40:01.392+0300: 1097.143: [GC (Allocation Failure) [PSYoungGen: 235050K->1053K(236544K)] 254180K->20199K(714752K), 0.0009759 secs] [Times: user=0.00 sys=0.00, real=0.00 secs] 
2024-10-06T01:40:01.392+0300: 1097.145: Total time for which application threads were stopped: 0.0515379 seconds, Stopping threads took: 0.0503531 seconds
2024-10-06T01:40:02.741+0300: 1098.500: Application time: 1.3553544 seconds
2024-10-06T01:40:02.772+0300: 1098.524: [GC (Allocation Failure) [PSYoungGen: 235474K->1085K(236544K)] 254621K->20239K(714752K), 0.0012945 secs] [Times: user=0.00 sys=0.00, real=0.00 secs] 
2024-10-06T01:40:02.772+0300: 1098.525: Total time for which application threads were stopped: 0.0252157 seconds, Stopping threads took: 0.0237223 seconds
2024-10-06T01:40:04.137+0300: 1099.894: Application time: 1.3689003 seconds
2024-10-06T01:40:04.184+0300: 1099.936: [GC (Allocation Failure) [PSYoungGen: 235567K->694K(236544K)] 254721K->19857K(714752K), 0.0010665 secs] [Times: user=0.00 sys=0.00, real=0.00 secs] 
2024-10-06T01:40:04.184+0300: 1099.937: Total time for which application threads were stopped: 0.0432843 seconds, Stopping threads took: 0.0420128 seconds
2024-10-06T01:40:05.544+0300: 1101.297: Application time: 1.3600433 seconds
2024-10-06T01:40:05.565+0300: 1101.317: [GC (Allocation Failure) [PSYoungGen: 235118K->1280K(236544K)] 254280K->20451K(714752K), 0.0009230 secs] [Times: user=0.00 sys=0.00, real=0.00 secs] 
2024-10-06T01:40:05.565+0300: 1101.318: Total time for which application threads were stopped: 0.0209827 seconds, Stopping threads took: 0.0198923 seconds
2024-10-06T01:40:06.946+0300: 1102.700: Application time: 1.3819129 seconds
2024-10-06T01:40:06.977+0300: 1102.729: [GC (Allocation Failure) [PSYoungGen: 235693K->662K(236544K)] 254863K->19857K(714752K), 0.0005988 secs] [Times: user=0.00 sys=0.00, real=0.00 secs] 
2024-10-06T01:40:06.977+0300: 1102.730: Total time for which application threads were stopped: 0.0296176 seconds, Stopping threads took: 0.0288950 seconds
2024-10-06T01:40:08.342+0300: 1104.096: Application time: 1.3663548 seconds
2024-10-06T01:40:08.389+0300: 1104.141: [GC (Allocation Failure) [PSYoungGen: 235111K->304K(236544K)] 254305K->19514K(714752K), 0.0005097 secs] [Times: user=0.00 sys=0.00, real=0.00 secs] 
2024-10-06T01:40:08.389+0300: 1104.141: Total time for which application threads were stopped: 0.0450433 seconds, Stopping threads took: 0.0444197 seconds
2024-10-06T01:40:09.738+0300: 1105.503: Application time: 1.3621729 seconds
2024-10-06T01:40:09.769+0300: 1105.521: [GC (Allocation Failure) [PSYoungGen: 234773K->1053K(236544K)] 253984K->20271K(714752K), 0.0005975 secs] [Times: user=0.00 sys=0.00, real=0.00 secs] 
2024-10-06T01:40:09.769+0300: 1105.522: Total time for which application threads were stopped: 0.0182308 seconds, Stopping threads took: 0.0175108 seconds
2024-10-06T01:40:11.134+0300: 1106.891: Application time: 1.3693196 seconds
2024-10-06T01:40:11.181+0300: 1106.933: [GC (Allocation Failure) [PSYoungGen: 235549K->483K(236544K)] 254767K->19709K(714752K), 0.0010060 secs] [Times: user=0.00 sys=0.00, real=0.00 secs] 
2024-10-06T01:40:11.181+0300: 1106.934: Total time for which application threads were stopped: 0.0427621 seconds, Stopping threads took: 0.0415629 seconds
2024-10-06T01:40:12.531+0300: 1108.289: Application time: 1.3556923 seconds
2024-10-06T01:40:12.578+0300: 1108.330: [GC (Allocation Failure) [PSYoungGen: 234901K->1069K(236544K)] 254128K->20303K(714752K), 0.0012205 secs] [Times: user=0.00 sys=0.00, real=0.00 secs] 
2024-10-06T01:40:12.578+0300: 1108.331: Total time for which application threads were stopped: 0.0415159 seconds, Stopping threads took: 0.0401122 seconds
2024-10-06T01:40:13.943+0300: 1109.698: Application time: 1.3665554 seconds
2024-10-06T01:40:13.990+0300: 1109.742: [GC (Allocation Failure) [PSYoungGen: 235516K->646K(236544K)] 254751K->19905K(714752K), 0.0012106 secs] [Times: user=0.00 sys=0.00, real=0.00 secs] 
2024-10-06T01:40:13.990+0300: 1109.743: Total time for which application threads were stopped: 0.0454921 seconds, Stopping threads took: 0.0440649 seconds
2024-10-06T01:40:15.339+0300: 1111.098: Application time: 1.3550137 seconds
2024-10-06T01:40:15.386+0300: 1111.138: [GC (Allocation Failure) [PSYoungGen: 235112K->256K(236544K)] 254371K->19522K(714752K), 0.0011111 secs] [Times: user=0.00 sys=0.00, real=0.00 secs] 
2024-10-06T01:40:15.386+0300: 1111.139: Total time for which application threads were stopped: 0.0413419 seconds, Stopping threads took: 0.0400258 seconds
2024-10-06T01:40:16.736+0300: 1112.499: Application time: 1.3594165 seconds
2024-10-06T01:40:16.767+0300: 1112.519: [GC (Allocation Failure) [PSYoungGen: 234752K->678K(236544K)] 254018K->19953K(714752K), 0.0012168 secs] [Times: user=0.00 sys=0.00, real=0.00 secs] 
2024-10-06T01:40:16.767+0300: 1112.520: Total time for which application threads were stopped: 0.0214873 seconds, Stopping threads took: 0.0200570 seconds
2024-10-06T01:40:18.137+0300: 1113.896: Application time: 1.3756195 seconds
2024-10-06T01:40:18.179+0300: 1113.931: [GC (Allocation Failure) [PSYoungGen: 235152K->288K(237056K)] 254426K->19570K(715264K), 0.0012238 secs] [Times: user=0.00 sys=0.00, real=0.00 secs] 
2024-10-06T01:40:18.179+0300: 1113.932: Total time for which application threads were stopped: 0.0362899 seconds, Stopping threads took: 0.0348563 seconds
2024-10-06T01:40:19.539+0300: 1115.294: Application time: 1.3622659 seconds
2024-10-06T01:40:19.591+0300: 1115.344: [GC (Allocation Failure) [PSYoungGen: 235480K->678K(237056K)] 254762K->19969K(715264K), 0.0010837 secs] [Times: user=0.00 sys=0.00, real=0.00 secs] 
2024-10-06T01:40:19.591+0300: 1115.345: Total time for which application threads were stopped: 0.0503719 seconds, Stopping threads took: 0.0490716 seconds
2024-10-06T01:40:20.956+0300: 1116.717: Application time: 1.3718113 seconds
2024-10-06T01:40:20.988+0300: 1116.740: [GC (Allocation Failure) [PSYoungGen: 236188K->678K(237056K)] 255479K->19977K(715264K), 0.0008763 secs] [Times: user=0.00 sys=0.00, real=0.00 secs] 
2024-10-06T01:40:20.988+0300: 1116.740: Total time for which application threads were stopped: 0.0238171 seconds, Stopping threads took: 0.0227835 seconds
2024-10-06T01:40:22.352+0300: 1118.108: Application time: 1.3671079 seconds
2024-10-06T01:40:22.399+0300: 1118.151: [GC (Allocation Failure) [PSYoungGen: 236141K->1312K(237056K)] 255439K->20635K(715264K), 0.0010611 secs] [Times: user=0.00 sys=0.00, real=0.00 secs] 
2024-10-06T01:40:22.399+0300: 1118.152: Total time for which application threads were stopped: 0.0446733 seconds, Stopping threads took: 0.0434292 seconds
2024-10-06T01:40:23.748+0300: 1119.513: Application time: 1.3604046 seconds
2024-10-06T01:40:23.795+0300: 1119.547: [GC (Allocation Failure) [PSYoungGen: 236718K->678K(237056K)] 256040K->20009K(715264K), 0.0009128 secs] [Times: user=0.00 sys=0.00, real=0.00 secs] 
2024-10-06T01:40:23.795+0300: 1119.548: Total time for which application threads were stopped: 0.0352854 seconds, Stopping threads took: 0.0341738 seconds
2024-10-06T01:40:25.152+0300: 1120.910: Application time: 1.3618484 seconds
2024-10-06T01:40:25.207+0300: 1120.959: [GC (Allocation Failure) [PSYoungGen: 236066K->1069K(237056K)] 255397K->20407K(715264K), 0.0010828 secs] [Times: user=0.00 sys=0.00, real=0.00 secs] 
2024-10-06T01:40:25.207+0300: 1120.960: Total time for which application threads were stopped: 0.0502868 seconds, Stopping threads took: 0.0490078 seconds
2024-10-06T01:40:26.557+0300: 1122.318: Application time: 1.3574824 seconds
2024-10-06T01:40:26.603+0300: 1122.355: [GC (Allocation Failure) [PSYoungGen: 236536K->1069K(236032K)] 255875K->20423K(714240K), 0.0011450 secs] [Times: user=0.00 sys=0.00, real=0.00 secs] 
2024-10-06T01:40:26.603+0300: 1122.357: Total time for which application threads were stopped: 0.0389758 seconds, Stopping threads took: 0.0376352 seconds
2024-10-06T01:40:27.968+0300: 1123.720: Application time: 1.3634566 seconds
2024-10-06T01:40:28.015+0300: 1123.767: [GC (Allocation Failure) [PSYoungGen: 235429K->467K(236544K)] 254783K->19837K(714752K), 0.0010912 secs] [Times: user=0.00 sys=0.00, real=0.00 secs] 
2024-10-06T01:40:28.015+0300: 1123.768: Total time for which application threads were stopped: 0.0479804 seconds, Stopping threads took: 0.0466931 seconds
2024-10-06T01:40:29.364+0300: 1125.127: Application time: 1.3590567 seconds
2024-10-06T01:40:29.395+0300: 1125.147: [GC (Allocation Failure) [PSYoungGen: 234773K->1069K(236032K)] 254144K->20455K(714240K), 0.0009036 secs] [Times: user=0.00 sys=0.00, real=0.00 secs] 
2024-10-06T01:40:29.395+0300: 1125.148: Total time for which application threads were stopped: 0.0209670 seconds, Stopping threads took: 0.0198795 seconds
2024-10-06T01:40:30.763+0300: 1126.515: Application time: 1.3672030 seconds
2024-10-06T01:40:30.807+0300: 1126.559: [GC (Allocation Failure) [PSYoungGen: 235424K->451K(236544K)] 254810K->19861K(714752K), 0.0011407 secs] [Times: user=0.00 sys=0.00, real=0.00 secs] 
2024-10-06T01:40:30.807+0300: 1126.560: Total time for which application threads were stopped: 0.0452550 seconds, Stopping threads took: 0.0439119 seconds
2024-10-06T01:40:32.166+0300: 1127.920: Application time: 1.3597678 seconds
2024-10-06T01:40:32.204+0300: 1127.956: [GC (Allocation Failure) [PSYoungGen: 234800K->1053K(236544K)] 254211K->20495K(714752K), 0.0012706 secs] [Times: user=0.00 sys=0.00, real=0.00 secs] 
2024-10-06T01:40:32.204+0300: 1127.957: Total time for which application threads were stopped: 0.0368093 seconds, Stopping threads took: 0.0353376 seconds
2024-10-06T01:40:33.569+0300: 1129.322: Application time: 1.3653411 seconds
2024-10-06T01:40:33.600+0300: 1129.352: [GC (Allocation Failure) [PSYoungGen: 235429K->304K(236544K)] 254871K->19754K(714752K), 0.0011708 secs] [Times: user=0.00 sys=0.00, real=0.00 secs] 
2024-10-06T01:40:33.600+0300: 1129.353: Total time for which application threads were stopped: 0.0305457 seconds, Stopping threads took: 0.0291580 seconds
2024-10-06T01:40:34.964+0300: 1130.720: Application time: 1.3665716 seconds
2024-10-06T01:40:34.996+0300: 1130.748: [GC (Allocation Failure) [PSYoungGen: 234423K->662K(237056K)] 253874K->20121K(715264K), 0.0011824 secs] [Times: user=0.00 sys=0.00, real=0.00 secs] 
2024-10-06T01:40:34.996+0300: 1130.749: Total time for which application threads were stopped: 0.0293866 seconds, Stopping threads took: 0.0280032 seconds
2024-10-06T01:40:36.361+0300: 1132.114: Application time: 1.3646169 seconds
2024-10-06T01:40:36.393+0300: 1132.145: [GC (Allocation Failure) [PSYoungGen: 235606K->694K(236544K)] 255065K->20161K(714752K), 0.0012351 secs] [Times: user=0.00 sys=0.00, real=0.00 secs] 
2024-10-06T01:40:36.393+0300: 1132.146: Total time for which application threads were stopped: 0.0326681 seconds, Stopping threads took: 0.0312293 seconds
2024-10-06T01:40:37.758+0300: 1133.512: Application time: 1.3657456 seconds
2024-10-06T01:40:37.806+0300: 1133.557: [GC (Allocation Failure) [PSYoungGen: 235524K->678K(237056K)] 254990K->20169K(715264K), 0.0011045 secs] [Times: user=0.00 sys=0.00, real=0.00 secs] 
2024-10-06T01:40:37.806+0300: 1133.559: Total time for which application threads were stopped: 0.0466650 seconds, Stopping threads took: 0.0453462 seconds
2024-10-06T01:40:39.155+0300: 1134.921: Application time: 1.3621234 seconds
2024-10-06T01:40:39.218+0300: 1134.970: [GC (Allocation Failure) [PSYoungGen: 236106K->1069K(237056K)] 255596K->20567K(715264K), 0.0010855 secs] [Times: user=0.00 sys=0.00, real=0.00 secs] 
2024-10-06T01:40:39.218+0300: 1134.971: Total time for which application threads were stopped: 0.0502007 seconds, Stopping threads took: 0.0488882 seconds
2024-10-06T01:40:40.583+0300: 1136.337: Application time: 1.3658817 seconds
2024-10-06T01:40:40.628+0300: 1136.380: [GC (Allocation Failure) [PSYoungGen: 236402K->467K(237056K)] 255901K->19997K(715264K), 0.0011954 secs] [Times: user=0.00 sys=0.00, real=0.00 secs] 
2024-10-06T01:40:40.628+0300: 1136.381: Total time for which application threads were stopped: 0.0446160 seconds, Stopping threads took: 0.0431959 seconds
2024-10-06T01:40:41.993+0300: 1137.751: Application time: 1.3697059 seconds
2024-10-06T01:40:42.040+0300: 1137.792: [GC (Allocation Failure) [PSYoungGen: 235837K->1037K(237056K)] 255368K->20591K(715264K), 0.0011506 secs] [Times: user=0.00 sys=0.00, real=0.00 secs] 
2024-10-06T01:40:42.040+0300: 1137.793: Total time for which application threads were stopped: 0.0418425 seconds, Stopping threads took: 0.0404932 seconds
2024-10-06T01:40:43.401+0300: 1139.153: Application time: 1.3603001 seconds
2024-10-06T01:40:43.437+0300: 1139.188: [GC (Allocation Failure) [PSYoungGen: 236184K->678K(237056K)] 255738K->20241K(715264K), 0.0010455 secs] [Times: user=0.00 sys=0.00, real=0.00 secs] 
2024-10-06T01:40:43.437+0300: 1139.189: Total time for which application threads were stopped: 0.0361533 seconds, Stopping threads took: 0.0349115 seconds
2024-10-06T01:40:44.802+0300: 1140.555: Application time: 1.3655604 seconds
2024-10-06T01:40:44.849+0300: 1140.600: [GC (Allocation Failure) [PSYoungGen: 236198K->1053K(237056K)] 255761K->20623K(715264K), 0.0007451 secs] [Times: user=0.00 sys=0.00, real=0.00 secs] 
2024-10-06T01:40:44.849+0300: 1140.601: Total time for which application threads were stopped: 0.0461777 seconds, Stopping threads took: 0.0452458 seconds
2024-10-06T01:40:46.214+0300: 1141.966: Application time: 1.3645119 seconds
2024-10-06T01:40:46.245+0300: 1141.997: [GC (Allocation Failure) [PSYoungGen: 236503K->662K(237056K)] 256074K->20249K(715264K), 0.0007840 secs] [Times: user=0.00 sys=0.00, real=0.00 secs] 
2024-10-06T01:40:46.245+0300: 1141.998: Total time for which application threads were stopped: 0.0317839 seconds, Stopping threads took: 0.0308367 seconds
2024-10-06T01:40:47.596+0300: 1143.358: Application time: 1.3604306 seconds
2024-10-06T01:40:47.642+0300: 1143.394: [GC (Allocation Failure) [PSYoungGen: 236179K->1264K(237056K)] 255765K->20867K(715264K), 0.0010920 secs] [Times: user=0.00 sys=0.00, real=0.00 secs] 
2024-10-06T01:40:47.642+0300: 1143.395: Total time for which application threads were stopped: 0.0368213 seconds, Stopping threads took: 0.0355211 seconds
2024-10-06T01:40:49.006+0300: 1144.764: Application time: 1.3696499 seconds
2024-10-06T01:40:49.053+0300: 1144.805: [GC (Allocation Failure) [PSYoungGen: 236666K->694K(237056K)] 256268K->20321K(715264K), 0.0008519 secs] [Times: user=0.00 sys=0.00, real=0.00 secs] 
2024-10-06T01:40:49.053+0300: 1144.806: Total time for which application threads were stopped: 0.0412633 seconds, Stopping threads took: 0.0402075 seconds
2024-10-06T01:40:50.403+0300: 1146.167: Application time: 1.3617140 seconds
2024-10-06T01:40:50.450+0300: 1146.201: [GC (Allocation Failure) [PSYoungGen: 236038K->1069K(237056K)] 255665K->20711K(715264K), 0.0011788 secs] [Times: user=0.00 sys=0.00, real=0.00 secs] 
2024-10-06T01:40:50.450+0300: 1146.203: Total time for which application threads were stopped: 0.0352806 seconds, Stopping threads took: 0.0338970 seconds
2024-10-06T01:40:51.816+0300: 1147.569: Application time: 1.3663744 seconds
2024-10-06T01:40:51.862+0300: 1147.614: [GC (Allocation Failure) [PSYoungGen: 236589K->320K(237056K)] 256231K->19994K(715264K), 0.0010931 secs] [Times: user=0.00 sys=0.00, real=0.00 secs] 
2024-10-06T01:40:51.862+0300: 1147.616: Total time for which application threads were stopped: 0.0465178 seconds, Stopping threads took: 0.0452272 seconds
2024-10-06T01:40:53.212+0300: 1148.979: Application time: 1.3630514 seconds
2024-10-06T01:40:53.259+0300: 1149.011: [GC (Allocation Failure) [PSYoungGen: 235654K->678K(237056K)] 255328K->20377K(715264K), 0.0011454 secs] [Times: user=0.00 sys=0.00, real=0.00 secs] 
2024-10-06T01:40:53.259+0300: 1149.012: Total time for which application threads were stopped: 0.0331179 seconds, Stopping threads took: 0.0317587 seconds
2024-10-06T01:40:54.624+0300: 1150.381: Application time: 1.3694800 seconds
2024-10-06T01:40:54.671+0300: 1150.423: [GC (Allocation Failure) [PSYoungGen: 236182K->1264K(236032K)] 255880K->20995K(714240K), 0.0011451 secs] [Times: user=0.00 sys=0.00, real=0.00 secs] 
2024-10-06T01:40:54.671+0300: 1150.424: Total time for which application threads were stopped: 0.0430341 seconds, Stopping threads took: 0.0417075 seconds
2024-10-06T01:40:56.036+0300: 1151.791: Application time: 1.3663853 seconds
2024-10-06T01:40:56.083+0300: 1151.835: [GC (Allocation Failure) [PSYoungGen: 235563K->678K(236544K)] 255294K->20425K(714752K), 0.0013420 secs] [Times: user=0.00 sys=0.00, real=0.00 secs] 
2024-10-06T01:40:56.083+0300: 1151.837: Total time for which application threads were stopped: 0.0459117 seconds, Stopping threads took: 0.0443661 seconds
2024-10-06T01:40:57.448+0300: 1153.200: Application time: 1.3634995 seconds
2024-10-06T01:40:57.495+0300: 1153.247: [GC (Allocation Failure) [PSYoungGen: 235122K->288K(236032K)] 254868K->20058K(714240K), 0.0011903 secs] [Times: user=0.00 sys=0.00, real=0.00 secs] 
2024-10-06T01:40:57.495+0300: 1153.249: Total time for which application threads were stopped: 0.0484140 seconds, Stopping threads took: 0.0469659 seconds
2024-10-06T01:40:58.846+0300: 1154.609: Application time: 1.3606004 seconds
2024-10-06T01:40:58.877+0300: 1154.629: [GC (Allocation Failure) [PSYoungGen: 234597K->710K(236544K)] 254367K->20489K(714752K), 0.0011151 secs] [Times: user=0.00 sys=0.00, real=0.00 secs] 
2024-10-06T01:40:58.877+0300: 1154.630: Total time for which application threads were stopped: 0.0207512 seconds, Stopping threads took: 0.0194299 seconds
2024-10-06T01:41:00.227+0300: 1155.991: Application time: 1.3609115 seconds
2024-10-06T01:41:00.274+0300: 1156.026: [GC (Allocation Failure) [PSYoungGen: 235137K->1264K(236032K)] 254916K->21075K(714240K), 0.0009301 secs] [Times: user=0.00 sys=0.00, real=0.00 secs] 
2024-10-06T01:41:00.274+0300: 1156.026: Total time for which application threads were stopped: 0.0356963 seconds, Stopping threads took: 0.0345996 seconds
2024-10-06T01:41:01.638+0300: 1157.394: Application time: 1.3675138 seconds
2024-10-06T01:41:01.685+0300: 1157.437: [GC (Allocation Failure) [PSYoungGen: 235583K->678K(236544K)] 255394K->20497K(714752K), 0.0012219 secs] [Times: user=0.00 sys=0.00, real=0.00 secs] 
2024-10-06T01:41:01.685+0300: 1157.438: Total time for which application threads were stopped: 0.0442281 seconds, Stopping threads took: 0.0428125 seconds
2024-10-06T01:41:03.051+0300: 1158.807: Application time: 1.3690375 seconds
2024-10-06T01:41:03.083+0300: 1158.834: [GC (Allocation Failure) [PSYoungGen: 235090K->256K(236544K)] 254908K->20090K(714752K), 0.0007613 secs] [Times: user=0.00 sys=0.00, real=0.00 secs] 
2024-10-06T01:41:03.084+0300: 1158.835: Total time for which application threads were stopped: 0.0280022 seconds, Stopping threads took: 0.0270616 seconds
2024-10-06T01:41:04.416+0300: 1160.170: Application time: 1.3350786 seconds
2024-10-06T01:41:04.463+0300: 1160.215: [GC (Allocation Failure) [PSYoungGen: 234688K->1053K(236544K)] 254522K->20903K(714752K), 0.0012946 secs] [Times: user=0.00 sys=0.00, real=0.00 secs] 
2024-10-06T01:41:04.463+0300: 1160.217: Total time for which application threads were stopped: 0.0463204 seconds, Stopping threads took: 0.0448296 seconds
2024-10-06T01:41:05.813+0300: 1161.577: Application time: 1.3607470 seconds
2024-10-06T01:41:05.876+0300: 1161.627: [GC (Allocation Failure) [PSYoungGen: 235447K->467K(236544K)] 255298K->20325K(714752K), 0.0010755 secs] [Times: user=0.00 sys=0.00, real=0.00 secs] 
2024-10-06T01:41:05.876+0300: 1161.629: Total time for which application threads were stopped: 0.0511111 seconds, Stopping threads took: 0.0498354 seconds
2024-10-06T01:41:07.224+0300: 1162.986: Application time: 1.3570458 seconds
2024-10-06T01:41:07.256+0300: 1163.007: [GC (Allocation Failure) [PSYoungGen: 234776K->1053K(236544K)] 254635K->20927K(714752K), 0.0009201 secs] [Times: user=0.00 sys=0.00, real=0.00 secs] 
2024-10-06T01:41:07.256+0300: 1163.008: Total time for which application threads were stopped: 0.0227046 seconds, Stopping threads took: 0.0216195 seconds
2024-10-06T01:41:08.605+0300: 1164.371: Application time: 1.3628635 seconds
2024-10-06T01:41:08.652+0300: 1164.404: [GC (Allocation Failure) [PSYoungGen: 235446K->678K(237056K)] 255320K->20561K(715264K), 0.0011172 secs] [Times: user=0.00 sys=0.00, real=0.00 secs] 
2024-10-06T01:41:08.652+0300: 1164.405: Total time for which application threads were stopped: 0.0341723 seconds, Stopping threads took: 0.0328428 seconds
2024-10-06T01:41:10.032+0300: 1165.785: Application time: 1.3796496 seconds
2024-10-06T01:41:10.079+0300: 1165.831: [GC (Allocation Failure) [PSYoungGen: 235581K->483K(236544K)] 255463K->20373K(714752K), 0.0005579 secs] [Times: user=0.00 sys=0.00, real=0.00 secs] 
2024-10-06T01:41:10.079+0300: 1165.831: Total time for which application threads were stopped: 0.0461046 seconds, Stopping threads took: 0.0454375 seconds
2024-10-06T01:41:11.428+0300: 1167.189: Application time: 1.3581379 seconds
2024-10-06T01:41:11.476+0300: 1167.227: [GC (Allocation Failure) [PSYoungGen: 235345K->483K(237056K)] 255236K->20381K(715264K), 0.0006364 secs] [Times: user=0.00 sys=0.00, real=0.00 secs] 
2024-10-06T01:41:11.476+0300: 1167.228: Total time for which application threads were stopped: 0.0387969 seconds, Stopping threads took: 0.0380332 seconds
2024-10-06T01:41:12.844+0300: 1168.596: Application time: 1.3679231 seconds
2024-10-06T01:41:12.887+0300: 1168.639: [GC (Allocation Failure) [PSYoungGen: 235877K->1037K(237056K)] 255776K->20967K(715264K), 0.0006759 secs] [Times: user=0.00 sys=0.00, real=0.00 secs] 
2024-10-06T01:41:12.887+0300: 1168.640: Total time for which application threads were stopped: 0.0438181 seconds, Stopping threads took: 0.0430307 seconds
2024-10-06T01:41:14.237+0300: 1169.996: Application time: 1.3559133 seconds
2024-10-06T01:41:14.284+0300: 1170.035: [GC (Allocation Failure) [PSYoungGen: 236476K->630K(237056K)] 256407K->20585K(715264K), 0.0012968 secs] [Times: user=0.00 sys=0.00, real=0.00 secs] 
2024-10-06T01:41:14.284+0300: 1170.037: Total time for which application threads were stopped: 0.0411005 seconds, Stopping threads took: 0.0396032 seconds
2024-10-06T01:41:15.649+0300: 1171.402: Application time: 1.3652839 seconds
2024-10-06T01:41:15.681+0300: 1171.432: [GC (Allocation Failure) [PSYoungGen: 236114K->1085K(237056K)] 256069K->21047K(715264K), 0.0012254 secs] [Times: user=0.00 sys=0.00, real=0.00 secs] 
2024-10-06T01:41:15.681+0300: 1171.434: Total time for which application threads were stopped: 0.0317293 seconds, Stopping threads took: 0.0302385 seconds
2024-10-06T01:41:17.045+0300: 1172.804: Application time: 1.3700205 seconds
2024-10-06T01:41:17.093+0300: 1172.845: [GC (Allocation Failure) [PSYoungGen: 236476K->467K(237056K)] 256438K->20437K(715264K), 0.0011400 secs] [Times: user=0.00 sys=0.00, real=0.00 secs] 
2024-10-06T01:41:17.093+0300: 1172.846: Total time for which application threads were stopped: 0.0420042 seconds, Stopping threads took: 0.0405995 seconds
2024-10-06T01:41:18.442+0300: 1174.205: Application time: 1.3594149 seconds
2024-10-06T01:41:18.489+0300: 1174.241: [GC (Allocation Failure) [PSYoungGen: 235891K->1101K(237056K)] 255861K->21087K(715264K), 0.0009948 secs] [Times: user=0.00 sys=0.00, real=0.00 secs] 
2024-10-06T01:41:18.489+0300: 1174.242: Total time for which application threads were stopped: 0.0362771 seconds, Stopping threads took: 0.0350860 seconds
2024-10-06T01:41:19.853+0300: 1175.608: Application time: 1.3664101 seconds
2024-10-06T01:41:19.900+0300: 1175.652: [GC (Allocation Failure) [PSYoungGen: 236468K->483K(237056K)] 256454K->20477K(715264K), 0.0012059 secs] [Times: user=0.00 sys=0.00, real=0.00 secs] 
2024-10-06T01:41:19.900+0300: 1175.654: Total time for which application threads were stopped: 0.0456068 seconds, Stopping threads took: 0.0441905 seconds
2024-10-06T01:41:21.249+0300: 1177.014: Application time: 1.3607977 seconds
2024-10-06T01:41:21.296+0300: 1177.048: [GC (Allocation Failure) [PSYoungGen: 235813K->694K(237056K)] 255807K->20697K(715264K), 0.0012498 secs] [Times: user=0.00 sys=0.00, real=0.00 secs] 
2024-10-06T01:41:21.296+0300: 1177.049: Total time for which application threads were stopped: 0.0350950 seconds, Stopping threads took: 0.0336467 seconds
2024-10-06T01:41:22.645+0300: 1178.411: Application time: 1.3613973 seconds
2024-10-06T01:41:22.693+0300: 1178.445: [GC (Allocation Failure) [PSYoungGen: 236212K->1264K(236032K)] 256215K->21291K(714240K), 0.0011533 secs] [Times: user=0.00 sys=0.00, real=0.00 secs] 
2024-10-06T01:41:22.693+0300: 1178.446: Total time for which application threads were stopped: 0.0349389 seconds, Stopping threads took: 0.0335768 seconds
2024-10-06T01:41:24.058+0300: 1179.815: Application time: 1.3689960 seconds
2024-10-06T01:41:24.105+0300: 1179.857: [GC (Allocation Failure) [PSYoungGen: 235396K->662K(236544K)] 255422K->20705K(714752K), 0.0010810 secs] [Times: user=0.00 sys=0.00, real=0.00 secs] 
2024-10-06T01:41:24.105+0300: 1179.858: Total time for which application threads were stopped: 0.0433741 seconds, Stopping threads took: 0.0420758 seconds
2024-10-06T01:41:25.454+0300: 1181.216: Application time: 1.3573616 seconds
2024-10-06T01:41:25.486+0300: 1181.238: [GC (Allocation Failure) [PSYoungGen: 234992K->1069K(236032K)] 255034K->21127K(714240K), 0.0011828 secs] [Times: user=0.00 sys=0.00, real=0.00 secs] 
2024-10-06T01:41:25.486+0300: 1181.239: Total time for which application threads were stopped: 0.0233592 seconds, Stopping threads took: 0.0219544 seconds
2024-10-06T01:41:26.851+0300: 1182.606: Application time: 1.3675264 seconds
2024-10-06T01:41:26.898+0300: 1182.651: [GC (Allocation Failure) [PSYoungGen: 235541K->435K(236544K)] 255599K->20501K(714752K), 0.0010401 secs] [Times: user=0.00 sys=0.00, real=0.00 secs] 
2024-10-06T01:41:26.898+0300: 1182.652: Total time for which application threads were stopped: 0.0452088 seconds, Stopping threads took: 0.0439688 seconds
2024-10-06T01:41:28.247+0300: 1184.012: Application time: 1.3608074 seconds
2024-10-06T01:41:28.279+0300: 1184.031: [GC (Allocation Failure) [PSYoungGen: 234879K->1117K(236544K)] 254945K->21215K(714752K), 0.0011128 secs] [Times: user=0.00 sys=0.00, real=0.00 secs] 
2024-10-06T01:41:28.279+0300: 1184.032: Total time for which application threads were stopped: 0.0192530 seconds, Stopping threads took: 0.0179153 seconds
2024-10-06T01:41:29.643+0300: 1185.396: Application time: 1.3643989 seconds
2024-10-06T01:41:29.690+0300: 1185.442: [GC (Allocation Failure) [PSYoungGen: 235517K->662K(236544K)] 255616K->20769K(714752K), 0.0010523 secs] [Times: user=0.00 sys=0.00, real=0.00 secs] 
2024-10-06T01:41:29.690+0300: 1185.443: Total time for which application threads were stopped: 0.0467433 seconds, Stopping threads took: 0.0455044 seconds
2024-10-06T01:41:31.055+0300: 1186.810: Application time: 1.3670011 seconds
2024-10-06T01:41:31.087+0300: 1186.839: [GC (Allocation Failure) [PSYoungGen: 235143K->1216K(236544K)] 255250K->21339K(714752K), 0.0011918 secs] [Times: user=0.00 sys=0.00, real=0.00 secs] 
2024-10-06T01:41:31.087+0300: 1186.840: Total time for which application threads were stopped: 0.0300423 seconds, Stopping threads took: 0.0286405 seconds
2024-10-06T01:41:32.451+0300: 1188.206: Application time: 1.3660082 seconds
2024-10-06T01:41:32.482+0300: 1188.234: [GC (Allocation Failure) [PSYoungGen: 235637K->662K(236544K)] 255759K->20793K(714752K), 0.0009962 secs] [Times: user=0.00 sys=0.00, real=0.00 secs] 
2024-10-06T01:41:32.482+0300: 1188.235: Total time for which application threads were stopped: 0.0293061 seconds, Stopping threads took: 0.0281254 seconds
2024-10-06T01:41:33.832+0300: 1189.594: Application time: 1.3590157 seconds
2024-10-06T01:41:33.863+0300: 1189.615: [GC (Allocation Failure) [PSYoungGen: 235119K->1264K(236544K)] 255250K->21403K(714752K), 0.0007585 secs] [Times: user=0.00 sys=0.00, real=0.00 secs] 
2024-10-06T01:41:33.863+0300: 1189.616: Total time for which application threads were stopped: 0.0213705 seconds, Stopping threads took: 0.0204506 seconds
2024-10-06T01:41:35.228+0300: 1190.988: Application time: 1.3727992 seconds
2024-10-06T01:41:35.274+0300: 1191.026: [GC (Allocation Failure) [PSYoungGen: 235420K->678K(236544K)] 255559K->20849K(714752K), 0.0012334 secs] [Times: user=0.00 sys=0.00, real=0.00 secs] 
2024-10-06T01:41:35.274+0300: 1191.028: Total time for which application threads were stopped: 0.0390690 seconds, Stopping threads took: 0.0376291 seconds
2024-10-06T01:41:36.624+0300: 1192.384: Application time: 1.3561976 seconds
2024-10-06T01:41:36.655+0300: 1192.407: [GC (Allocation Failure) [PSYoungGen: 235098K->1248K(236544K)] 255268K->21427K(714752K), 0.0012059 secs] [Times: user=0.00 sys=0.00, real=0.00 secs] 
2024-10-06T01:41:36.655+0300: 1192.408: Total time for which application threads were stopped: 0.0245856 seconds, Stopping threads took: 0.0232056 seconds
2024-10-06T01:41:38.020+0300: 1193.779: Application time: 1.3705024 seconds
2024-10-06T01:41:38.067+0300: 1193.819: [GC (Allocation Failure) [PSYoungGen: 235643K->515K(236544K)] 255821K->20701K(714752K), 0.0010888 secs] [Times: user=0.00 sys=0.00, real=0.00 secs] 
2024-10-06T01:41:38.067+0300: 1193.820: Total time for which application threads were stopped: 0.0414984 seconds, Stopping threads took: 0.0401608 seconds
2024-10-06T01:41:39.416+0300: 1195.180: Application time: 1.3593497 seconds
2024-10-06T01:41:39.448+0300: 1195.199: [GC (Allocation Failure) [PSYoungGen: 234890K->1053K(236544K)] 255077K->21255K(714752K), 0.0011490 secs] [Times: user=0.00 sys=0.00, real=0.00 secs] 
2024-10-06T01:41:39.448+0300: 1195.201: Total time for which application threads were stopped: 0.0209705 seconds, Stopping threads took: 0.0196482 seconds
2024-10-06T01:41:40.812+0300: 1196.565: Application time: 1.3645778 seconds
2024-10-06T01:41:40.859+0300: 1196.611: [GC (Allocation Failure) [PSYoungGen: 235394K->742K(236544K)] 255596K->20961K(714752K), 0.0007680 secs] [Times: user=0.00 sys=0.00, real=0.00 secs] 
2024-10-06T01:41:40.859+0300: 1196.612: Total time for which application threads were stopped: 0.0466875 seconds, Stopping threads took: 0.0457701 seconds
2024-10-06T01:41:42.209+0300: 1197.971: Application time: 1.3586535 seconds
2024-10-06T01:41:42.240+0300: 1197.992: [GC (Allocation Failure) [PSYoungGen: 235060K->1101K(236544K)] 255278K->21327K(714752K), 0.0012478 secs] [Times: user=0.00 sys=0.00, real=0.00 secs] 
2024-10-06T01:41:42.240+0300: 1197.993: Total time for which application threads were stopped: 0.0224753 seconds, Stopping threads took: 0.0210336 seconds
2024-10-06T01:41:43.589+0300: 1199.351: Application time: 1.3581446 seconds
2024-10-06T01:41:43.637+0300: 1199.388: [GC (Allocation Failure) [PSYoungGen: 235476K->272K(236544K)] 255702K->20514K(714752K), 0.0011918 secs] [Times: user=0.00 sys=0.00, real=0.00 secs] 
2024-10-06T01:41:43.637+0300: 1199.390: Total time for which application threads were stopped: 0.0384756 seconds, Stopping threads took: 0.0370757 seconds
2024-10-06T01:41:45.000+0300: 1200.754: Application time: 1.3641172 seconds
2024-10-06T01:41:45.032+0300: 1200.784: [GC (Allocation Failure) [PSYoungGen: 234381K->678K(236544K)] 254623K->20945K(714752K), 0.0010939 secs] [Times: user=0.00 sys=0.00, real=0.00 secs] 
2024-10-06T01:41:45.032+0300: 1200.785: Total time for which application threads were stopped: 0.0313161 seconds, Stopping threads took: 0.0300205 seconds
2024-10-06T01:41:46.397+0300: 1202.149: Application time: 1.3640231 seconds
2024-10-06T01:41:46.444+0300: 1202.196: [GC (Allocation Failure) [PSYoungGen: 235070K->320K(236544K)] 255336K->20618K(714752K), 0.0012130 secs] [Times: user=0.00 sys=0.00, real=0.00 secs] 
2024-10-06T01:41:46.444+0300: 1202.198: Total time for which application threads were stopped: 0.0484207 seconds, Stopping threads took: 0.0469904 seconds
2024-10-06T01:41:47.793+0300: 1203.546: Application time: 1.3482230 seconds
2024-10-06T01:41:47.825+0300: 1203.577: [GC (Allocation Failure) [PSYoungGen: 234615K->694K(237056K)] 254913K->21001K(715264K), 0.0011122 secs] [Times: user=0.00 sys=0.00, real=0.00 secs] 
2024-10-06T01:41:47.825+0300: 1203.578: Total time for which application threads were stopped: 0.0322896 seconds, Stopping threads took: 0.0309722 seconds
2024-10-06T01:41:49.190+0300: 1204.946: Application time: 1.3679033 seconds
2024-10-06T01:41:49.237+0300: 1204.989: [GC (Allocation Failure) [PSYoungGen: 235549K->467K(236544K)] 255855K->20789K(714752K), 0.0011143 secs] [Times: user=0.00 sys=0.00, real=0.00 secs] 
2024-10-06T01:41:49.237+0300: 1204.990: Total time for which application threads were stopped: 0.0442484 seconds, Stopping threads took: 0.0429399 seconds
2024-10-06T01:41:50.587+0300: 1206.350: Application time: 1.3601346 seconds
2024-10-06T01:41:50.634+0300: 1206.386: [GC (Allocation Failure) [PSYoungGen: 235463K->662K(237056K)] 255786K->20993K(715264K), 0.0012148 secs] [Times: user=0.00 sys=0.00, real=0.00 secs] 
2024-10-06T01:41:50.634+0300: 1206.387: Total time for which application threads were stopped: 0.0369054 seconds, Stopping threads took: 0.0354843 seconds
2024-10-06T01:41:51.998+0300: 1207.759: Application time: 1.3713586 seconds
2024-10-06T01:41:52.046+0300: 1207.797: [GC (Allocation Failure) [PSYoungGen: 236169K->499K(237056K)] 256499K->20861K(715264K), 0.0010780 secs] [Times: user=0.00 sys=0.00, real=0.00 secs] 
2024-10-06T01:41:52.046+0300: 1207.799: Total time for which application threads were stopped: 0.0399719 seconds, Stopping threads took: 0.0386924 seconds
2024-10-06T01:41:53.394+0300: 1209.158: Application time: 1.3597029 seconds
2024-10-06T01:41:53.426+0300: 1209.177: [GC (Allocation Failure) [PSYoungGen: 235843K->483K(237056K)] 256205K->20853K(715264K), 0.0011241 secs] [Times: user=0.00 sys=0.00, real=0.00 secs] 
2024-10-06T01:41:53.426+0300: 1209.179: Total time for which application threads were stopped: 0.0202824 seconds, Stopping threads took: 0.0190026 seconds
2024-10-06T01:41:54.775+0300: 1210.540: Application time: 1.3617586 seconds
2024-10-06T01:41:54.838+0300: 1210.590: [GC (Allocation Failure) [PSYoungGen: 235800K->742K(237056K)] 256170K->21121K(715264K), 0.0011572 secs] [Times: user=0.00 sys=0.00, real=0.00 secs] 
2024-10-06T01:41:54.838+0300: 1210.591: Total time for which application threads were stopped: 0.0505883 seconds, Stopping threads took: 0.0491930 seconds
2024-10-06T01:41:56.202+0300: 1211.957: Application time: 1.3658746 seconds
2024-10-06T01:41:56.250+0300: 1212.001: [GC (Allocation Failure) [PSYoungGen: 236226K->272K(237056K)] 256604K->20658K(715264K), 0.0010842 secs] [Times: user=0.00 sys=0.00, real=0.00 secs] 
2024-10-06T01:41:56.250+0300: 1212.003: Total time for which application threads were stopped: 0.0457962 seconds, Stopping threads took: 0.0444993 seconds
2024-10-06T01:41:57.598+0300: 1213.362: Application time: 1.3590536 seconds
2024-10-06T01:41:57.646+0300: 1213.397: [GC (Allocation Failure) [PSYoungGen: 235779K->1053K(237056K)] 256165K->21471K(715264K), 0.0010777 secs] [Times: user=0.00 sys=0.00, real=0.00 secs] 
2024-10-06T01:41:57.646+0300: 1213.399: Total time for which application threads were stopped: 0.0369295 seconds, Stopping threads took: 0.0356241 seconds
2024-10-06T01:41:59.011+0300: 1214.773: Application time: 1.3740643 seconds
2024-10-06T01:41:59.058+0300: 1214.810: [GC (Allocation Failure) [PSYoungGen: 236399K->240K(237056K)] 256817K->20698K(715264K), 0.0011880 secs] [Times: user=0.00 sys=0.00, real=0.00 secs] 
2024-10-06T01:41:59.058+0300: 1214.811: Total time for which application threads were stopped: 0.0384715 seconds, Stopping threads took: 0.0370271 seconds
2024-10-06T01:42:00.423+0300: 1216.181: Application time: 1.3697177 seconds
2024-10-06T01:42:00.470+0300: 1216.222: [GC (Allocation Failure) [PSYoungGen: 235647K->710K(237056K)] 256105K->21177K(715264K), 0.0011449 secs] [Times: user=0.00 sys=0.00, real=0.00 secs] 
2024-10-06T01:42:00.470+0300: 1216.224: Total time for which application threads were stopped: 0.0426587 seconds, Stopping threads took: 0.0413062 seconds
2024-10-06T01:42:01.820+0300: 1217.587: Application time: 1.3634843 seconds
2024-10-06T01:42:01.883+0300: 1217.635: [GC (Allocation Failure) [PSYoungGen: 236110K->272K(237056K)] 256577K->20778K(715264K), 0.0011097 secs] [Times: user=0.00 sys=0.00, real=0.00 secs] 
2024-10-06T01:42:01.883+0300: 1217.636: Total time for which application threads were stopped: 0.0491802 seconds, Stopping threads took: 0.0479005 seconds
2024-10-06T01:42:03.232+0300: 1218.997: Application time: 1.3610002 seconds
2024-10-06T01:42:03.279+0300: 1219.031: [GC (Allocation Failure) [PSYoungGen: 235417K->678K(237056K)] 255924K->21193K(715264K), 0.0009485 secs] [Times: user=0.00 sys=0.00, real=0.00 secs] 
2024-10-06T01:42:03.279+0300: 1219.032: Total time for which application threads were stopped: 0.0349156 seconds, Stopping threads took: 0.0337681 seconds
2024-10-06T01:42:04.628+0300: 1220.392: Application time: 1.3595292 seconds
2024-10-06T01:42:04.659+0300: 1220.411: [GC (Allocation Failure) [PSYoungGen: 236144K->1280K(237056K)] 256658K->21811K(715264K), 0.0012088 secs] [Times: user=0.00 sys=0.00, real=0.00 secs] 
2024-10-06T01:42:04.659+0300: 1220.412: Total time for which application threads were stopped: 0.0207040 seconds, Stopping threads took: 0.0193093 seconds
2024-10-06T01:42:05.240+0300: 1220.994: Application time: 0.5819748 seconds
2024-10-06T01:42:05.272+0300: 1221.024: Total time for which application threads were stopped: 0.0292326 seconds, Stopping threads took: 0.0291510 seconds
2024-10-06T01:42:05.696+0300: 1221.450: Application time: 0.4265997 seconds
2024-10-06T01:42:05.743+0300: 1221.494: Total time for which application threads were stopped: 0.0442782 seconds, Stopping threads took: 0.0441695 seconds
2024-10-06T01:42:05.743+0300: 1221.495: Application time: 0.0003931 seconds
2024-10-06T01:42:05.743+0300: 1221.495: Total time for which application threads were stopped: 0.0005277 seconds, Stopping threads took: 0.0004770 seconds
2024-10-06T01:42:05.884+0300: 1221.641: Application time: 0.1453677 seconds
2024-10-06T01:42:05.884+0300: 1221.641: Total time for which application threads were stopped: 0.0001622 seconds, Stopping threads took: 0.0000294 seconds
2024-10-06T01:42:05.931+0300: 1221.689: Application time: 0.0476493 seconds
2024-10-06T01:42:05.931+0300: 1221.689: Total time for which application threads were stopped: 0.0000513 seconds, Stopping threads took: 0.0000195 seconds
2024-10-06T01:42:05.994+0300: 1221.752: Application time: 0.0629720 seconds
2024-10-06T01:42:05.994+0300: 1221.752: Total time for which application threads were stopped: 0.0002094 seconds, Stopping threads took: 0.0000260 seconds
2024-10-06T01:42:06.041+0300: 1221.802: Application time: 0.0505675 seconds
2024-10-06T01:42:06.041+0300: 1221.803: Total time for which application threads were stopped: 0.0002492 seconds, Stopping threads took: 0.0000477 seconds
2024-10-06T01:42:06.072+0300: 1221.828: Application time: 0.0248331 seconds
2024-10-06T01:42:06.072+0300: 1221.828: Total time for which application threads were stopped: 0.0001110 seconds, Stopping threads took: 0.0000402 seconds
2024-10-06T01:42:06.088+0300: 1221.848: Application time: 0.0201550 seconds
2024-10-06T01:42:06.088+0300: 1221.848: Total time for which application threads were stopped: 0.0000651 seconds, Stopping threads took: 0.0000337 seconds
2024-10-06T01:42:06.198+0300: 1221.953: Application time: 0.1056149 seconds
2024-10-06T01:42:06.198+0300: 1221.954: Total time for which application threads were stopped: 0.0003210 seconds, Stopping threads took: 0.0000344 seconds
2024-10-06T01:42:06.198+0300: 1221.960: Application time: 0.0061475 seconds
2024-10-06T01:42:06.198+0300: 1221.960: Total time for which application threads were stopped: 0.0001978 seconds, Stopping threads took: 0.0000281 seconds
2024-10-06T01:42:06.198+0300: 1221.963: Application time: 0.0025525 seconds
2024-10-06T01:42:06.198+0300: 1221.963: Total time for which application threads were stopped: 0.0000831 seconds, Stopping threads took: 0.0000124 seconds
2024-10-06T01:42:06.497+0300: 1222.252: Application time: 0.2895215 seconds
2024-10-06T01:42:06.497+0300: 1222.252: Total time for which application threads were stopped: 0.0000778 seconds, Stopping threads took: 0.0000285 seconds
2024-10-06T01:42:07.203+0300: 1222.955: Application time: 0.7026519 seconds
2024-10-06T01:42:07.203+0300: 1222.955: Total time for which application threads were stopped: 0.0002403 seconds, Stopping threads took: 0.0000769 seconds
2024-10-06T01:42:07.203+0300: 1222.956: Application time: 0.0004538 seconds
2024-10-06T01:42:07.203+0300: 1222.956: Total time for which application threads were stopped: 0.0001884 seconds, Stopping threads took: 0.0001201 seconds
2024-10-06T01:42:07.203+0300: 1222.956: Application time: 0.0003664 seconds
2024-10-06T01:42:07.203+0300: 1222.956: Total time for which application threads were stopped: 0.0001262 seconds, Stopping threads took: 0.0000763 seconds
2024-10-06T01:42:07.423+0300: 1223.177: Application time: 0.2206372 seconds
2024-10-06T01:42:07.423+0300: 1223.177: [GC (Allocation Failure) [PSYoungGen: 236800K->1509K(230400K)] 257331K->41325K(708608K), 0.0099085 secs] [Times: user=0.00 sys=0.00, real=0.00 secs] 
2024-10-06T01:42:07.423+0300: 1223.187: Total time for which application threads were stopped: 0.0101136 seconds, Stopping threads took: 0.0000444 seconds
2024-10-06T01:42:07.423+0300: 1223.187: Application time: 0.0002322 seconds
2024-10-06T01:42:07.423+0300: 1223.188: Total time for which application threads were stopped: 0.0001153 seconds, Stopping threads took: 0.0000855 seconds
2024-10-06T01:42:07.423+0300: 1223.188: Application time: 0.0001012 seconds
2024-10-06T01:42:07.423+0300: 1223.188: Total time for which application threads were stopped: 0.0001035 seconds, Stopping threads took: 0.0000792 seconds
2024-10-06T01:42:07.423+0300: 1223.188: Application time: 0.0000723 seconds
2024-10-06T01:42:07.423+0300: 1223.188: Total time for which application threads were stopped: 0.0001612 seconds, Stopping threads took: 0.0001198 seconds
2024-10-06T01:42:07.423+0300: 1223.188: Application time: 0.0000646 seconds
2024-10-06T01:42:07.423+0300: 1223.188: Total time for which application threads were stopped: 0.0000942 seconds, Stopping threads took: 0.0000734 seconds
2024-10-06T01:42:07.423+0300: 1223.188: Application time: 0.0001007 seconds
2024-10-06T01:42:07.423+0300: 1223.188: Total time for which application threads were stopped: 0.0000855 seconds, Stopping threads took: 0.0000586 seconds
2024-10-06T01:42:07.423+0300: 1223.189: Application time: 0.0002832 seconds
2024-10-06T01:42:07.423+0300: 1223.189: Total time for which application threads were stopped: 0.0001073 seconds, Stopping threads took: 0.0000824 seconds
2024-10-06T01:42:07.423+0300: 1223.189: Application time: 0.0002338 seconds
2024-10-06T01:42:07.423+0300: 1223.189: Total time for which application threads were stopped: 0.0001023 seconds, Stopping threads took: 0.0000806 seconds
2024-10-06T01:42:07.423+0300: 1223.189: Application time: 0.0000639 seconds
2024-10-06T01:42:07.423+0300: 1223.189: Total time for which application threads were stopped: 0.0000624 seconds, Stopping threads took: 0.0000456 seconds
2024-10-06T01:42:07.423+0300: 1223.189: Application time: 0.0000999 seconds
2024-10-06T01:42:07.423+0300: 1223.189: Total time for which application threads were stopped: 0.0001434 seconds, Stopping threads took: 0.0001145 seconds
2024-10-06T01:42:07.423+0300: 1223.190: Application time: 0.0001144 seconds
2024-10-06T01:42:07.423+0300: 1223.190: Total time for which application threads were stopped: 0.0000967 seconds, Stopping threads took: 0.0000668 seconds
2024-10-06T01:42:07.423+0300: 1223.190: Application time: 0.0001784 seconds
2024-10-06T01:42:07.423+0300: 1223.190: Total time for which application threads were stopped: 0.0000433 seconds, Stopping threads took: 0.0000199 seconds
2024-10-06T01:42:07.533+0300: 1223.295: Application time: 0.1051663 seconds
2024-10-06T01:42:07.533+0300: 1223.295: [GC (Allocation Failure) [PSYoungGen: 230373K->96K(222720K)] 270189K->41421K(700928K), 0.0023303 secs] [Times: user=0.00 sys=0.00, real=0.00 secs] 
2024-10-06T01:42:07.533+0300: 1223.298: Total time for which application threads were stopped: 0.0026154 seconds, Stopping threads took: 0.0000558 seconds
2024-10-06T01:42:07.596+0300: 1223.362: Application time: 0.0642405 seconds
2024-10-06T01:42:07.596+0300: 1223.362: [GC (Allocation Failure) [PSYoungGen: 221280K->96K(229888K)] 262605K->41445K(708096K), 0.0010205 secs] [Times: user=0.01 sys=0.00, real=0.02 secs] 
2024-10-06T01:42:07.611+0300: 1223.363: Total time for which application threads were stopped: 0.0012493 seconds, Stopping threads took: 0.0000610 seconds
2024-10-06T01:42:07.674+0300: 1223.441: Application time: 0.0775937 seconds
2024-10-06T01:42:07.674+0300: 1223.441: [GC (Allocation Failure) [PSYoungGen: 221280K->128K(230400K)] 262629K->41493K(708608K), 0.0011901 secs] [Times: user=0.06 sys=0.00, real=0.02 secs] 
2024-10-06T01:42:07.690+0300: 1223.442: Total time for which application threads were stopped: 0.0014169 seconds, Stopping threads took: 0.0000516 seconds
2024-10-06T01:42:07.721+0300: 1223.485: Application time: 0.0432026 seconds
2024-10-06T01:42:07.721+0300: 1223.485: Total time for which application threads were stopped: 0.0000796 seconds, Stopping threads took: 0.0000472 seconds
2024-10-06T01:42:07.784+0300: 1223.547: Application time: 0.0616068 seconds
2024-10-06T01:42:07.784+0300: 1223.547: Total time for which application threads were stopped: 0.0001700 seconds, Stopping threads took: 0.0000845 seconds
2024-10-06T01:42:07.784+0300: 1223.550: Application time: 0.0030658 seconds
2024-10-06T01:42:07.784+0300: 1223.550: Total time for which application threads were stopped: 0.0000487 seconds, Stopping threads took: 0.0000203 seconds
2024-10-06T01:42:07.784+0300: 1223.551: Application time: 0.0002959 seconds
2024-10-06T01:42:07.784+0300: 1223.551: Total time for which application threads were stopped: 0.0000906 seconds, Stopping threads took: 0.0000760 seconds
2024-10-06T01:42:07.800+0300: 1223.560: Application time: 0.0092577 seconds
2024-10-06T01:42:07.800+0300: 1223.560: Total time for which application threads were stopped: 0.0000564 seconds, Stopping threads took: 0.0000249 seconds
Heap
 PSYoungGen      total 230400K, used 171999K [0x00000000f1700000, 0x0000000100000000, 0x0000000100000000)
  eden space 221696K, 77% used [0x00000000f1700000,0x00000000fbed7ee8,0x00000000fef80000)
  from space 8704K, 1% used [0x00000000ff780000,0x00000000ff7a0000,0x0000000100000000)
  to   space 8192K, 0% used [0x00000000fef80000,0x00000000fef80000,0x00000000ff780000)
 ParOldGen       total 478208K, used 41365K [0x00000000d4400000, 0x00000000f1700000, 0x00000000f1700000)
  object space 478208K, 8% used [0x00000000d4400000,0x00000000d6c65770,0x00000000f1700000)
 Metaspace       used 15905K, capacity 16132K, committed 16384K, reserved 1064960K
  class space    used 1646K, capacity 1718K, committed 1792K, reserved 1048576K
2024-10-06T01:42:07.910+0300: 1223.662: Application time: 0.1017440 seconds
