OpenJDK 64-Bit Server VM (25.422-b05) for windows-amd64 JRE (1.8.0_422-422-b05), built on Jul 18 2024 05:34:18 by "Administrator" with MS VC++ 16.10 / 16.11 (VS2019)
Memory: 4k page, physical 15965620k(10864324k free), swap 19635636k(12436340k free)
CommandLine flags: -XX:InitialHeapSize=8589934592 -XX:MaxHeapSize=8589934592 -XX:+PrintGC -XX:+PrintGCApplicationConcurrentTime -XX:+PrintGCApplicationStoppedTime -XX:+PrintGCDateStamps -XX:+PrintGCDetails -XX:+PrintGCTimeStamps -XX:+UnlockExperimentalVMOptions -XX:+UseCompressedClassPointers -XX:+UseCompressedOops -XX:-UseLargePagesIndividualAllocation -XX:+UseParallelGC -XX:+UseParallelOldGC 
2024-10-06T03:24:07.738+0300: 0.079: Application time: 0.0180087 seconds
2024-10-06T03:24:07.738+0300: 0.079: Total time for which application threads were stopped: 0.0000782 seconds, Stopping threads took: 0.0000292 seconds
2024-10-06T03:24:07.754+0300: 0.088: Application time: 0.0080329 seconds
2024-10-06T03:24:07.754+0300: 0.088: Total time for which application threads were stopped: 0.0000815 seconds, Stopping threads took: 0.0000272 seconds
2024-10-06T03:24:07.926+0300: 0.257: Application time: 0.1690032 seconds
2024-10-06T03:24:07.926+0300: 0.257: [GC (System.gc()) [PSYoungGen: 167813K->3861K(2446848K)] 167813K->3869K(8039424K), 0.0032588 secs] [Times: user=0.00 sys=0.00, real=0.00 secs] 
2024-10-06T03:24:07.926+0300: 0.260: [Full GC (System.gc()) [PSYoungGen: 3861K->0K(2446848K)] [ParOldGen: 8K->3705K(5592576K)] 3869K->3705K(8039424K), [Metaspace: 7066K->7066K(1056768K)], 0.0101544 secs] [Times: user=0.06 sys=0.00, real=0.02 secs] 
2024-10-06T03:24:07.942+0300: 0.270: Total time for which application threads were stopped: 0.0137232 seconds, Stopping threads took: 0.0000269 seconds
2024-10-06T03:24:07.942+0300: 0.270: Application time: 0.0000958 seconds
2024-10-06T03:24:07.942+0300: 0.271: [GC (System.gc()) [PSYoungGen: 0K->0K(2446848K)] 3705K->3705K(8039424K), 0.0005050 secs] [Times: user=0.00 sys=0.00, real=0.00 secs] 
2024-10-06T03:24:07.942+0300: 0.271: [Full GC (System.gc()) [PSYoungGen: 0K->0K(2446848K)] [ParOldGen: 3705K->3705K(5592576K)] 3705K->3705K(8039424K), [Metaspace: 7066K->7066K(1056768K)], 0.0051819 secs] [Times: user=0.00 sys=0.00, real=0.00 secs] 
2024-10-06T03:24:07.942+0300: 0.276: Total time for which application threads were stopped: 0.0058492 seconds, Stopping threads took: 0.0000328 seconds
2024-10-06T03:24:08.946+0300: 1.273: Application time: 0.9965548 seconds
2024-10-06T03:24:08.977+0300: 1.304: Total time for which application threads were stopped: 0.0314575 seconds, Stopping threads took: 0.0313711 seconds
2024-10-06T03:24:10.986+0300: 3.313: Application time: 2.0086948 seconds
2024-10-06T03:24:11.034+0300: 3.361: Total time for which application threads were stopped: 0.0475599 seconds, Stopping threads took: 0.0474570 seconds
2024-10-06T03:24:11.787+0300: 4.113: Application time: 0.7526933 seconds
2024-10-06T03:24:11.834+0300: 4.161: Total time for which application threads were stopped: 0.0475552 seconds, Stopping threads took: 0.0473823 seconds
2024-10-06T03:24:13.843+0300: 6.169: Application time: 2.0086051 seconds
2024-10-06T03:24:13.890+0300: 6.217: Total time for which application threads were stopped: 0.0471641 seconds, Stopping threads took: 0.0470352 seconds
2024-10-06T03:24:15.898+0300: 8.225: Application time: 2.0081454 seconds
2024-10-06T03:24:15.930+0300: 8.257: Total time for which application threads were stopped: 0.0319615 seconds, Stopping threads took: 0.0318293 seconds
2024-10-06T03:24:16.933+0300: 9.260: Application time: 1.0034191 seconds
2024-10-06T03:24:16.980+0300: 9.307: Total time for which application threads were stopped: 0.0471967 seconds, Stopping threads took: 0.0470902 seconds
2024-10-06T03:24:19.993+0300: 12.320: Application time: 3.0122953 seconds
2024-10-06T03:24:20.040+0300: 12.367: Total time for which application threads were stopped: 0.0476085 seconds, Stopping threads took: 0.0474938 seconds
2024-10-06T03:24:21.233+0300: 13.560: Application time: 1.1929865 seconds
2024-10-06T03:24:21.281+0300: 13.608: [GC (Allocation Failure) [PSYoungGen: 2097664K->611K(2446848K)] 2101369K->4324K(8039424K), 0.0015751 secs] [Times: user=0.00 sys=0.00, real=0.00 secs] 
2024-10-06T03:24:21.281+0300: 13.609: Total time for which application threads were stopped: 0.0489611 seconds, Stopping threads took: 0.0471607 seconds
2024-10-06T03:24:24.184+0300: 16.517: Application time: 2.9081175 seconds
2024-10-06T03:24:24.184+0300: 16.518: Total time for which application threads were stopped: 0.0004253 seconds, Stopping threads took: 0.0003782 seconds
2024-10-06T03:24:31.213+0300: 23.540: Application time: 7.0218816 seconds
2024-10-06T03:24:31.260+0300: 23.587: Total time for which application threads were stopped: 0.0475106 seconds, Stopping threads took: 0.0474196 seconds
2024-10-06T03:24:32.264+0300: 24.591: Application time: 1.0039099 seconds
2024-10-06T03:24:32.311+0300: 24.638: Total time for which application threads were stopped: 0.0469912 seconds, Stopping threads took: 0.0469335 seconds
2024-10-06T03:24:35.513+0300: 27.851: Application time: 3.2125084 seconds
2024-10-06T03:24:35.560+0300: 27.887: [GC (Allocation Failure) [PSYoungGen: 2098275K->1133K(2446848K)] 2101988K->4854K(8039424K), 0.0015905 secs] [Times: user=0.00 sys=0.00, real=0.00 secs] 
2024-10-06T03:24:35.560+0300: 27.889: Total time for which application threads were stopped: 0.0383584 seconds, Stopping threads took: 0.0365173 seconds
2024-10-06T03:24:37.568+0300: 29.895: Application time: 2.0061166 seconds
2024-10-06T03:24:37.600+0300: 29.927: Total time for which application threads were stopped: 0.0315151 seconds, Stopping threads took: 0.0314084 seconds
2024-10-06T03:24:39.609+0300: 31.935: Application time: 2.0088932 seconds
2024-10-06T03:24:39.656+0300: 31.983: Total time for which application threads were stopped: 0.0472425 seconds, Stopping threads took: 0.0470877 seconds
2024-10-06T03:24:49.979+0300: 42.316: Application time: 10.3332591 seconds
2024-10-06T03:24:50.042+0300: 42.369: [GC (Allocation Failure) [PSYoungGen: 2098797K->710K(2446848K)] 2102518K->4439K(8039424K), 0.0011924 secs] [Times: user=0.00 sys=0.00, real=0.00 secs] 
2024-10-06T03:24:50.042+0300: 42.370: Total time for which application threads were stopped: 0.0540703 seconds, Stopping threads took: 0.0526748 seconds
2024-10-06T03:24:53.054+0300: 45.381: Application time: 3.0108942 seconds
2024-10-06T03:24:53.102+0300: 45.429: Total time for which application threads were stopped: 0.0477026 seconds, Stopping threads took: 0.0475943 seconds
2024-10-06T03:24:55.111+0300: 47.437: Application time: 2.0087012 seconds
2024-10-06T03:24:55.158+0300: 47.485: Total time for which application threads were stopped: 0.0471542 seconds, Stopping threads took: 0.0470410 seconds
2024-10-06T03:24:56.162+0300: 48.488: Application time: 1.0039419 seconds
2024-10-06T03:24:56.209+0300: 48.536: Total time for which application threads were stopped: 0.0475402 seconds, Stopping threads took: 0.0474267 seconds
2024-10-06T03:25:04.635+0300: 56.964: Application time: 8.4275312 seconds
2024-10-06T03:25:04.682+0300: 57.009: [GC (Allocation Failure) [PSYoungGen: 2098374K->742K(2446848K)] 2102103K->4479K(8039424K), 0.0012581 secs] [Times: user=0.00 sys=0.00, real=0.00 secs] 
2024-10-06T03:25:04.682+0300: 57.010: Total time for which application threads were stopped: 0.0468293 seconds, Stopping threads took: 0.0453607 seconds
2024-10-06T03:25:05.686+0300: 58.013: Application time: 1.0024966 seconds
2024-10-06T03:25:05.734+0300: 58.060: Total time for which application threads were stopped: 0.0475245 seconds, Stopping threads took: 0.0474218 seconds
2024-10-06T03:25:19.308+0300: 71.639: Application time: 13.5784635 seconds
2024-10-06T03:25:19.371+0300: 71.698: [GC (Allocation Failure) [PSYoungGen: 2098406K->563K(2446848K)] 2102143K->4308K(8039424K), 0.0011331 secs] [Times: user=0.00 sys=0.00, real=0.00 secs] 
2024-10-06T03:25:19.371+0300: 71.699: Total time for which application threads were stopped: 0.0600497 seconds, Stopping threads took: 0.0587017 seconds
2024-10-06T03:25:33.915+0300: 86.242: Application time: 14.5433718 seconds
2024-10-06T03:25:33.961+0300: 86.288: [GC (Allocation Failure) [PSYoungGen: 2098227K->758K(2792960K)] 2101972K->4503K(8385536K), 0.0011459 secs] [Times: user=0.00 sys=0.00, real=0.00 secs] 
2024-10-06T03:25:33.961+0300: 86.290: Total time for which application threads were stopped: 0.0472632 seconds, Stopping threads took: 0.0459035 seconds
2024-10-06T03:25:42.996+0300: 95.323: Application time: 9.0331655 seconds
2024-10-06T03:25:43.043+0300: 95.370: Total time for which application threads were stopped: 0.0470413 seconds, Stopping threads took: 0.0469656 seconds
2024-10-06T03:25:53.352+0300: 105.693: Application time: 10.3230006 seconds
2024-10-06T03:25:53.399+0300: 105.726: [GC (Allocation Failure) [PSYoungGen: 2790134K->531K(2792448K)] 2793879K->4340K(8385024K), 0.0007522 secs] [Times: user=0.00 sys=0.00, real=0.00 secs] 
2024-10-06T03:25:53.399+0300: 105.726: Total time for which application threads were stopped: 0.0335697 seconds, Stopping threads took: 0.0326333 seconds
2024-10-06T03:26:12.686+0300: 125.014: Application time: 19.2871260 seconds
2024-10-06T03:26:12.733+0300: 125.059: [GC (Allocation Failure) [PSYoungGen: 2789907K->710K(2792960K)] 2793716K->4559K(8385536K), 0.0005340 secs] [Times: user=0.00 sys=0.00, real=0.00 secs] 
2024-10-06T03:26:12.733+0300: 125.060: Total time for which application threads were stopped: 0.0465350 seconds, Stopping threads took: 0.0458761 seconds
2024-10-06T03:26:31.954+0300: 144.286: Application time: 19.2260913 seconds
2024-10-06T03:26:32.001+0300: 144.328: [GC (Allocation Failure) [PSYoungGen: 2790598K->662K(2792960K)] 2794447K->4543K(8385536K), 0.0007489 secs] [Times: user=0.00 sys=0.00, real=0.00 secs] 
2024-10-06T03:26:32.001+0300: 144.329: Total time for which application threads were stopped: 0.0425078 seconds, Stopping threads took: 0.0416188 seconds
2024-10-06T03:26:44.051+0300: 156.377: Application time: 12.0486337 seconds
2024-10-06T03:26:44.098+0300: 156.425: Total time for which application threads were stopped: 0.0472078 seconds, Stopping threads took: 0.0471004 seconds
2024-10-06T03:26:51.325+0300: 163.659: Application time: 7.2343617 seconds
2024-10-06T03:26:51.364+0300: 163.690: [GC (Allocation Failure) [PSYoungGen: 2790550K->710K(2793472K)] 2794431K->4631K(8386048K), 0.0008074 secs] [Times: user=0.00 sys=0.00, real=0.00 secs] 
2024-10-06T03:26:51.364+0300: 163.691: Total time for which application threads were stopped: 0.0324863 seconds, Stopping threads took: 0.0315240 seconds
2024-10-06T03:26:59.396+0300: 171.723: Application time: 8.0317334 seconds
2024-10-06T03:26:59.444+0300: 171.771: Total time for which application threads were stopped: 0.0475253 seconds, Stopping threads took: 0.0474142 seconds
2024-10-06T03:27:00.449+0300: 172.775: Application time: 1.0048393 seconds
2024-10-06T03:27:00.496+0300: 172.823: Total time for which application threads were stopped: 0.0471485 seconds, Stopping threads took: 0.0470355 seconds
2024-10-06T03:27:10.757+0300: 183.085: Application time: 10.2620032 seconds
2024-10-06T03:27:10.804+0300: 183.131: [GC (Allocation Failure) [PSYoungGen: 2791622K->678K(2793472K)] 2795543K->4623K(8386048K), 0.0011546 secs] [Times: user=0.00 sys=0.00, real=0.00 secs] 
2024-10-06T03:27:10.804+0300: 183.132: Total time for which application threads were stopped: 0.0474986 seconds, Stopping threads took: 0.0461263 seconds
2024-10-06T03:27:30.119+0300: 202.446: Application time: 19.3136325 seconds
2024-10-06T03:27:30.150+0300: 202.477: [GC (Allocation Failure) [PSYoungGen: 2791590K->1248K(2793472K)] 2795535K->5225K(8386048K), 0.0012179 secs] [Times: user=0.00 sys=0.00, real=0.00 secs] 
2024-10-06T03:27:30.150+0300: 202.478: Total time for which application threads were stopped: 0.0323775 seconds, Stopping threads took: 0.0309862 seconds
2024-10-06T03:27:49.462+0300: 221.798: Application time: 19.3201463 seconds
2024-10-06T03:27:49.508+0300: 221.835: [GC (Allocation Failure) [PSYoungGen: 2792160K->710K(2793472K)] 2796137K->4711K(8386048K), 0.0009960 secs] [Times: user=0.00 sys=0.00, real=0.00 secs] 
2024-10-06T03:27:49.508+0300: 221.836: Total time for which application threads were stopped: 0.0381376 seconds, Stopping threads took: 0.0369295 seconds
2024-10-06T03:28:08.839+0300: 241.169: Application time: 19.3322328 seconds
2024-10-06T03:28:08.871+0300: 241.197: [GC (Allocation Failure) [PSYoungGen: 2791570K->1264K(2793472K)] 2795571K->5289K(8386048K), 0.0005969 secs] [Times: user=0.00 sys=0.00, real=0.00 secs] 
2024-10-06T03:28:08.871+0300: 241.198: Total time for which application threads were stopped: 0.0294017 seconds, Stopping threads took: 0.0286706 seconds
2024-10-06T03:28:25.145+0300: 257.480: Application time: 16.2820578 seconds
2024-10-06T03:28:25.192+0300: 257.519: Total time for which application threads were stopped: 0.0384099 seconds, Stopping threads took: 0.0383587 seconds
2024-10-06T03:28:25.192+0300: 257.519: Application time: 0.0003674 seconds
2024-10-06T03:28:25.239+0300: 257.566: Total time for which application threads were stopped: 0.0470422 seconds, Stopping threads took: 0.0469442 seconds
2024-10-06T03:28:25.396+0300: 257.725: Application time: 0.1589323 seconds
2024-10-06T03:28:25.412+0300: 257.739: Total time for which application threads were stopped: 0.0137357 seconds, Stopping threads took: 0.0136252 seconds
2024-10-06T03:28:25.412+0300: 257.739: Application time: 0.0004956 seconds
2024-10-06T03:28:25.412+0300: 257.740: Total time for which application threads were stopped: 0.0005063 seconds, Stopping threads took: 0.0003182 seconds
2024-10-06T03:28:25.474+0300: 257.804: Application time: 0.0644297 seconds
2024-10-06T03:28:25.474+0300: 257.804: Total time for which application threads were stopped: 0.0003340 seconds, Stopping threads took: 0.0002795 seconds
2024-10-06T03:28:28.299+0300: 260.635: Application time: 2.8306932 seconds
2024-10-06T03:28:28.362+0300: 260.689: [GC (Allocation Failure) [PSYoungGen: 2792176K->320K(2793472K)] 2796201K->4369K(8386048K), 0.0009153 secs] [Times: user=0.00 sys=0.00, real=0.00 secs] 
2024-10-06T03:28:28.362+0300: 260.690: Total time for which application threads were stopped: 0.0544147 seconds, Stopping threads took: 0.0533215 seconds
2024-10-06T03:28:47.630+0300: 279.973: Application time: 19.2829527 seconds
2024-10-06T03:28:47.693+0300: 280.020: [GC (Allocation Failure) [PSYoungGen: 2791232K->288K(2793472K)] 2795281K->4385K(8386048K), 0.0010499 secs] [Times: user=0.00 sys=0.00, real=0.00 secs] 
2024-10-06T03:28:47.693+0300: 280.021: Total time for which application threads were stopped: 0.0487879 seconds, Stopping threads took: 0.0475396 seconds
2024-10-06T03:29:07.135+0300: 299.464: Application time: 19.4426500 seconds
2024-10-06T03:29:07.166+0300: 299.493: [GC (Allocation Failure) [PSYoungGen: 2791200K->1117K(2793472K)] 2795297K->5230K(8386048K), 0.0008884 secs] [Times: user=0.00 sys=0.00, real=0.00 secs] 
2024-10-06T03:29:07.166+0300: 299.494: Total time for which application threads were stopped: 0.0301837 seconds, Stopping threads took: 0.0291312 seconds
2024-10-06T03:29:20.222+0300: 312.548: Application time: 13.0543264 seconds
2024-10-06T03:29:20.253+0300: 312.580: Total time for which application threads were stopped: 0.0313775 seconds, Stopping threads took: 0.0313116 seconds
2024-10-06T03:29:26.592+0300: 318.931: Application time: 6.3512214 seconds
2024-10-06T03:29:26.655+0300: 318.982: [GC (Allocation Failure) [PSYoungGen: 2792029K->547K(2793472K)] 2796142K->4676K(8386048K), 0.0014761 secs] [Times: user=0.00 sys=0.00, real=0.00 secs] 
2024-10-06T03:29:26.655+0300: 318.984: Total time for which application threads were stopped: 0.0526514 seconds, Stopping threads took: 0.0509154 seconds
2024-10-06T03:29:35.694+0300: 328.020: Application time: 9.0366015 seconds
2024-10-06T03:29:35.741+0300: 328.067: Total time for which application threads were stopped: 0.0469850 seconds, Stopping threads took: 0.0469303 seconds
2024-10-06T03:29:46.017+0300: 338.344: Application time: 10.2770860 seconds
2024-10-06T03:29:46.063+0300: 338.390: [GC (Allocation Failure) [PSYoungGen: 2791459K->320K(2793472K)] 2795588K->4465K(8386048K), 0.0006623 secs] [Times: user=0.00 sys=0.00, real=0.00 secs] 
2024-10-06T03:29:46.064+0300: 338.391: Total time for which application threads were stopped: 0.0467519 seconds, Stopping threads took: 0.0458835 seconds
2024-10-06T03:30:05.317+0300: 357.659: Application time: 19.2679625 seconds
2024-10-06T03:30:05.364+0300: 357.691: [GC (Allocation Failure) [PSYoungGen: 2791232K->288K(2793984K)] 2795377K->4449K(8386560K), 0.0007041 secs] [Times: user=0.00 sys=0.00, real=0.00 secs] 
2024-10-06T03:30:05.364+0300: 357.692: Total time for which application threads were stopped: 0.0327489 seconds, Stopping threads took: 0.0318647 seconds
2024-10-06T03:30:24.599+0300: 376.934: Application time: 19.2422153 seconds
2024-10-06T03:30:24.662+0300: 376.988: [GC (Allocation Failure) [PSYoungGen: 2792224K->272K(2793984K)] 2796385K->4449K(8386560K), 0.0006500 secs] [Times: user=0.00 sys=0.00, real=0.00 secs] 
2024-10-06T03:30:24.662+0300: 376.989: Total time for which application threads were stopped: 0.0550827 seconds, Stopping threads took: 0.0542724 seconds
2024-10-06T03:30:37.716+0300: 390.043: Application time: 13.0535482 seconds
2024-10-06T03:30:37.763+0300: 390.090: Total time for which application threads were stopped: 0.0469773 seconds, Stopping threads took: 0.0469211 seconds
2024-10-06T03:30:43.995+0300: 396.322: Application time: 6.2318496 seconds
2024-10-06T03:30:44.042+0300: 396.368: [GC (Allocation Failure) [PSYoungGen: 2792208K->694K(2793984K)] 2796385K->4911K(8386560K), 0.0011691 secs] [Times: user=0.00 sys=0.00, real=0.00 secs] 
2024-10-06T03:30:44.042+0300: 396.370: Total time for which application threads were stopped: 0.0481413 seconds, Stopping threads took: 0.0467747 seconds
2024-10-06T03:31:03.326+0300: 415.667: Application time: 19.2971831 seconds
2024-10-06T03:31:03.389+0300: 415.716: [GC (Allocation Failure) [PSYoungGen: 2792630K->678K(2793984K)] 2796847K->4911K(8386560K), 0.0007427 secs] [Times: user=0.00 sys=0.00, real=0.00 secs] 
2024-10-06T03:31:03.389+0300: 415.717: Total time for which application threads were stopped: 0.0496569 seconds, Stopping threads took: 0.0487399 seconds
2024-10-06T03:31:22.612+0300: 434.946: Application time: 19.2290708 seconds
2024-10-06T03:31:22.659+0300: 434.986: [GC (Allocation Failure) [PSYoungGen: 2792614K->336K(2793984K)] 2796847K->4601K(8386560K), 0.0010174 secs] [Times: user=0.00 sys=0.00, real=0.00 secs] 
2024-10-06T03:31:22.659+0300: 434.987: Total time for which application threads were stopped: 0.0411422 seconds, Stopping threads took: 0.0399459 seconds
2024-10-06T03:31:41.927+0300: 454.256: Application time: 19.2687452 seconds
2024-10-06T03:31:41.958+0300: 454.285: [GC (Allocation Failure) [PSYoungGen: 2792272K->710K(2793984K)] 2796537K->4991K(8386560K), 0.0005620 secs] [Times: user=0.00 sys=0.00, real=0.00 secs] 
2024-10-06T03:31:41.958+0300: 454.285: Total time for which application threads were stopped: 0.0298843 seconds, Stopping threads took: 0.0292091 seconds
2024-10-06T03:32:01.273+0300: 473.604: Application time: 19.3187485 seconds
2024-10-06T03:32:01.320+0300: 473.647: [GC (Allocation Failure) [PSYoungGen: 2792646K->1053K(2793984K)] 2796927K->5366K(8386560K), 0.0011958 secs] [Times: user=0.00 sys=0.00, real=0.00 secs] 
2024-10-06T03:32:01.320+0300: 473.648: Total time for which application threads were stopped: 0.0438568 seconds, Stopping threads took: 0.0424632 seconds
2024-10-06T03:32:20.624+0300: 492.952: Application time: 19.3040666 seconds
2024-10-06T03:32:20.664+0300: 492.991: [GC (Allocation Failure) [PSYoungGen: 2792989K->630K(2793984K)] 2797302K->4959K(8386560K), 0.0007107 secs] [Times: user=0.00 sys=0.00, real=0.00 secs] 
2024-10-06T03:32:20.664+0300: 492.992: Total time for which application threads were stopped: 0.0394583 seconds, Stopping threads took: 0.0385917 seconds
2024-10-06T03:32:26.172+0300: 498.501: Application time: 5.5089888 seconds
2024-10-06T03:32:26.220+0300: 498.547: Total time for which application threads were stopped: 0.0465515 seconds, Stopping threads took: 0.0464388 seconds
2024-10-06T03:32:26.251+0300: 498.590: Application time: 0.0425129 seconds
2024-10-06T03:32:26.314+0300: 498.641: Total time for which application threads were stopped: 0.0516039 seconds, Stopping threads took: 0.0515188 seconds
2024-10-06T03:32:26.707+0300: 499.033: Application time: 0.3921831 seconds
2024-10-06T03:32:26.723+0300: 499.049: Total time for which application threads were stopped: 0.0159681 seconds, Stopping threads took: 0.0158874 seconds
2024-10-06T03:32:26.777+0300: 499.111: Application time: 0.0618354 seconds
2024-10-06T03:32:26.777+0300: 499.112: Total time for which application threads were stopped: 0.0003191 seconds, Stopping threads took: 0.0002999 seconds
2024-10-06T03:32:40.043+0300: 512.377: Application time: 13.2655856 seconds
2024-10-06T03:32:40.090+0300: 512.417: [GC (Allocation Failure) [PSYoungGen: 2792566K->710K(2794496K)] 2796895K->5079K(8387072K), 0.0013872 secs] [Times: user=0.00 sys=0.00, real=0.00 secs] 
2024-10-06T03:32:40.090+0300: 512.418: Total time for which application threads were stopped: 0.0413025 seconds, Stopping threads took: 0.0397100 seconds
2024-10-06T03:32:56.157+0300: 528.483: Application time: 16.0649109 seconds
2024-10-06T03:32:56.188+0300: 528.515: Total time for which application threads were stopped: 0.0315602 seconds, Stopping threads took: 0.0314220 seconds
2024-10-06T03:32:59.529+0300: 531.856: Application time: 3.3412939 seconds
2024-10-06T03:32:59.560+0300: 531.887: [GC (Allocation Failure) [PSYoungGen: 2793158K->272K(2793984K)] 2797527K->4697K(8386560K), 0.0010319 secs] [Times: user=0.00 sys=0.00, real=0.00 secs] 
2024-10-06T03:32:59.560+0300: 531.888: Total time for which application threads were stopped: 0.0320816 seconds, Stopping threads took: 0.0308578 seconds
2024-10-06T03:33:18.783+0300: 551.125: Application time: 19.2369965 seconds
2024-10-06T03:33:18.846+0300: 551.173: [GC (Allocation Failure) [PSYoungGen: 2792720K->1280K(2793472K)] 2797145K->5737K(8386048K), 0.0010753 secs] [Times: user=0.00 sys=0.00, real=0.00 secs] 
2024-10-06T03:33:18.846+0300: 551.174: Total time for which application threads were stopped: 0.0487576 seconds, Stopping threads took: 0.0475213 seconds
2024-10-06T03:33:38.209+0300: 570.536: Application time: 19.3620629 seconds
2024-10-06T03:33:38.256+0300: 570.583: [GC (Allocation Failure) [PSYoungGen: 2793216K->304K(2793984K)] 2797673K->4793K(8386560K), 0.0007690 secs] [Times: user=0.00 sys=0.00, real=0.00 secs] 
2024-10-06T03:33:38.256+0300: 570.584: Total time for which application threads were stopped: 0.0479478 seconds, Stopping threads took: 0.0469922 seconds
2024-10-06T03:33:57.601+0300: 589.941: Application time: 19.3570067 seconds
2024-10-06T03:33:57.664+0300: 589.991: [GC (Allocation Failure) [PSYoungGen: 2792240K->1085K(2793984K)] 2796729K->5590K(8386560K), 0.0007096 secs] [Times: user=0.00 sys=0.00, real=0.00 secs] 
2024-10-06T03:33:57.664+0300: 589.991: Total time for which application threads were stopped: 0.0502748 seconds, Stopping threads took: 0.0494271 seconds
2024-10-06T03:34:17.010+0300: 609.346: Application time: 19.3544362 seconds
2024-10-06T03:34:17.072+0300: 609.399: [GC (Allocation Failure) [PSYoungGen: 2793021K->678K(2793984K)] 2797526K->5231K(8386560K), 0.0009034 secs] [Times: user=0.00 sys=0.00, real=0.00 secs] 
2024-10-06T03:34:17.072+0300: 609.400: Total time for which application threads were stopped: 0.0544389 seconds, Stopping threads took: 0.0533406 seconds
2024-10-06T03:34:31.135+0300: 623.461: Application time: 14.0612022 seconds
2024-10-06T03:34:31.182+0300: 623.509: Total time for which application threads were stopped: 0.0470829 seconds, Stopping threads took: 0.0469966 seconds
2024-10-06T03:34:33.190+0300: 625.517: Application time: 2.0083603 seconds
2024-10-06T03:34:33.237+0300: 625.564: Total time for which application threads were stopped: 0.0474766 seconds, Stopping threads took: 0.0474010 seconds
2024-10-06T03:34:34.242+0300: 626.569: Application time: 1.0042257 seconds
2024-10-06T03:34:34.289+0300: 626.616: Total time for which application threads were stopped: 0.0471380 seconds, Stopping threads took: 0.0470306 seconds
2024-10-06T03:34:36.658+0300: 628.987: Application time: 2.3710918 seconds
2024-10-06T03:34:36.689+0300: 629.016: [GC (Allocation Failure) [PSYoungGen: 2792614K->694K(2794496K)] 2797167K->5263K(8387072K), 0.0010753 secs] [Times: user=0.00 sys=0.00, real=0.00 secs] 
2024-10-06T03:34:36.689+0300: 629.017: Total time for which application threads were stopped: 0.0304471 seconds, Stopping threads took: 0.0291411 seconds
2024-10-06T03:34:41.710+0300: 634.037: Application time: 5.0193157 seconds
2024-10-06T03:34:41.742+0300: 634.069: Total time for which application threads were stopped: 0.0318968 seconds, Stopping threads took: 0.0317953 seconds
2024-10-06T03:34:56.930+0300: 649.268: Application time: 15.1994763 seconds
2024-10-06T03:34:56.993+0300: 649.320: [GC (Allocation Failure) [PSYoungGen: 2793142K->1053K(2793984K)] 2797711K->5654K(8386560K), 0.0022955 secs] [Times: user=0.00 sys=0.00, real=0.00 secs] 
2024-10-06T03:34:56.993+0300: 649.323: Total time for which application threads were stopped: 0.0547324 seconds, Stopping threads took: 0.0522316 seconds
2024-10-06T03:34:59.002+0300: 651.328: Application time: 2.0055167 seconds
2024-10-06T03:34:59.048+0300: 651.376: Total time for which application threads were stopped: 0.0473114 seconds, Stopping threads took: 0.0471884 seconds
2024-10-06T03:35:01.056+0300: 653.383: Application time: 2.0073934 seconds
2024-10-06T03:35:01.104+0300: 653.431: Total time for which application threads were stopped: 0.0479015 seconds, Stopping threads took: 0.0477976 seconds
2024-10-06T03:35:03.111+0300: 655.438: Application time: 2.0072117 seconds
2024-10-06T03:35:03.143+0300: 655.470: Total time for which application threads were stopped: 0.0315939 seconds, Stopping threads took: 0.0314584 seconds
2024-10-06T03:35:16.372+0300: 668.707: Application time: 13.2377498 seconds
2024-10-06T03:35:16.434+0300: 668.761: [GC (Allocation Failure) [PSYoungGen: 2793501K->288K(2794496K)] 2798102K->4905K(8387072K), 0.0005466 secs] [Times: user=0.00 sys=0.00, real=0.00 secs] 
2024-10-06T03:35:16.434+0300: 668.762: Total time for which application threads were stopped: 0.0540810 seconds, Stopping threads took: 0.0534036 seconds
2024-10-06T03:35:35.780+0300: 688.111: Application time: 19.3492994 seconds
2024-10-06T03:35:35.827+0300: 688.154: [GC (Allocation Failure) [PSYoungGen: 2793248K->726K(2794496K)] 2797865K->5375K(8387072K), 0.0014452 secs] [Times: user=0.00 sys=0.00, real=0.00 secs] 
2024-10-06T03:35:35.827+0300: 688.155: Total time for which application threads were stopped: 0.0444624 seconds, Stopping threads took: 0.0428207 seconds
2024-10-06T03:35:55.048+0300: 707.386: Application time: 19.2303985 seconds
2024-10-06T03:35:55.111+0300: 707.438: [GC (Allocation Failure) [PSYoungGen: 2793686K->1264K(2793472K)] 2798335K->5937K(8386048K), 0.0023836 secs] [Times: user=0.00 sys=0.00, real=0.00 secs] 
2024-10-06T03:35:55.111+0300: 707.440: Total time for which application threads were stopped: 0.0547487 seconds, Stopping threads took: 0.0521533 seconds
2024-10-06T03:36:14.444+0300: 726.775: Application time: 19.3341619 seconds
2024-10-06T03:36:14.491+0300: 726.818: [GC (Allocation Failure) [PSYoungGen: 2793200K->1475K(2793984K)] 2797873K->6165K(8386560K), 0.0015659 secs] [Times: user=0.00 sys=0.00, real=0.00 secs] 
2024-10-06T03:36:14.491+0300: 726.819: Total time for which application threads were stopped: 0.0445932 seconds, Stopping threads took: 0.0428356 seconds
2024-10-06T03:36:27.444+0300: 739.778: Application time: 12.9588765 seconds
2024-10-06T03:36:27.499+0300: 739.826: Total time for which application threads were stopped: 0.0481252 seconds, Stopping threads took: 0.0480661 seconds
2024-10-06T03:36:27.531+0300: 739.868: Application time: 0.0415110 seconds
2024-10-06T03:36:27.531+0300: 739.868: Total time for which application threads were stopped: 0.0005834 seconds, Stopping threads took: 0.0005153 seconds
2024-10-06T03:36:27.861+0300: 740.196: Application time: 0.3273865 seconds
2024-10-06T03:36:27.907+0300: 740.234: Total time for which application threads were stopped: 0.0386413 seconds, Stopping threads took: 0.0385632 seconds
2024-10-06T03:36:27.939+0300: 740.272: Application time: 0.0373478 seconds
2024-10-06T03:36:27.945+0300: 740.272: Total time for which application threads were stopped: 0.0007803 seconds, Stopping threads took: 0.0007407 seconds
2024-10-06T03:36:28.045+0300: 740.374: Application time: 0.1018229 seconds
2024-10-06T03:36:28.045+0300: 740.375: Total time for which application threads were stopped: 0.0002206 seconds, Stopping threads took: 0.0001935 seconds
2024-10-06T03:36:33.668+0300: 745.995: Application time: 5.6201782 seconds
2024-10-06T03:36:33.715+0300: 746.042: [GC (Allocation Failure) [PSYoungGen: 2793411K->710K(2793984K)] 2798101K->5415K(8386560K), 0.0012186 secs] [Times: user=0.00 sys=0.00, real=0.00 secs] 
2024-10-06T03:36:33.715+0300: 746.043: Total time for which application threads were stopped: 0.0480985 seconds, Stopping threads took: 0.0466806 seconds
2024-10-06T03:36:53.014+0300: 765.353: Application time: 19.3102343 seconds
2024-10-06T03:36:53.061+0300: 765.388: [GC (Allocation Failure) [PSYoungGen: 2792646K->1101K(2793984K)] 2797351K->5854K(8386560K), 0.0008842 secs] [Times: user=0.00 sys=0.00, real=0.00 secs] 
2024-10-06T03:36:53.061+0300: 765.389: Total time for which application threads were stopped: 0.0361061 seconds, Stopping threads took: 0.0350442 seconds
2024-10-06T03:37:12.393+0300: 784.725: Application time: 19.3362633 seconds
2024-10-06T03:37:12.440+0300: 784.767: [GC (Allocation Failure) [PSYoungGen: 2793037K->678K(2793984K)] 2797790K->5463K(8386560K), 0.0011382 secs] [Times: user=0.00 sys=0.00, real=0.00 secs] 
2024-10-06T03:37:12.440+0300: 784.768: Total time for which application threads were stopped: 0.0426265 seconds, Stopping threads took: 0.0412980 seconds
2024-10-06T03:37:31.820+0300: 804.152: Application time: 19.3836501 seconds
2024-10-06T03:37:31.867+0300: 804.194: [GC (Allocation Failure) [PSYoungGen: 2792614K->483K(2793984K)] 2797399K->5300K(8386560K), 0.0006183 secs] [Times: user=0.00 sys=0.00, real=0.00 secs] 
2024-10-06T03:37:31.867+0300: 804.195: Total time for which application threads were stopped: 0.0431239 seconds, Stopping threads took: 0.0423787 seconds
2024-10-06T03:37:51.119+0300: 823.447: Application time: 19.2526467 seconds
2024-10-06T03:37:51.166+0300: 823.493: [GC (Allocation Failure) [PSYoungGen: 2792419K->630K(2793984K)] 2797236K->5487K(8386560K), 0.0012310 secs] [Times: user=0.00 sys=0.00, real=0.00 secs] 
2024-10-06T03:37:51.166+0300: 823.494: Total time for which application threads were stopped: 0.0467890 seconds, Stopping threads took: 0.0452957 seconds
2024-10-06T03:38:10.465+0300: 842.806: Application time: 19.3116463 seconds
2024-10-06T03:38:10.528+0300: 842.855: [GC (Allocation Failure) [PSYoungGen: 2792566K->272K(2793984K)] 2797423K->5169K(8386560K), 0.0011875 secs] [Times: user=0.00 sys=0.00, real=0.00 secs] 
2024-10-06T03:38:10.528+0300: 842.856: Total time for which application threads were stopped: 0.0499323 seconds, Stopping threads took: 0.0485344 seconds
2024-10-06T03:38:29.813+0300: 862.152: Application time: 19.2960474 seconds
2024-10-06T03:38:29.860+0300: 862.187: [GC (Allocation Failure) [PSYoungGen: 2792208K->710K(2794496K)] 2797105K->5647K(8387072K), 0.0012153 secs] [Times: user=0.00 sys=0.00, real=0.00 secs] 
2024-10-06T03:38:29.860+0300: 862.188: Total time for which application threads were stopped: 0.0359250 seconds, Stopping threads took: 0.0345018 seconds
2024-10-06T03:38:49.209+0300: 881.546: Application time: 19.3585721 seconds
2024-10-06T03:38:49.256+0300: 881.583: [GC (Allocation Failure) [PSYoungGen: 2793158K->662K(2793984K)] 2798095K->5615K(8386560K), 0.0006147 secs] [Times: user=0.00 sys=0.00, real=0.00 secs] 
2024-10-06T03:38:49.256+0300: 881.583: Total time for which application threads were stopped: 0.0369607 seconds, Stopping threads took: 0.0362241 seconds
2024-10-06T03:39:08.539+0300: 900.879: Application time: 19.2958282 seconds
2024-10-06T03:39:08.586+0300: 900.913: [GC (Allocation Failure) [PSYoungGen: 2793110K->710K(2794496K)] 2798063K->5695K(8387072K), 0.0011877 secs] [Times: user=0.00 sys=0.00, real=0.00 secs] 
2024-10-06T03:39:08.586+0300: 900.914: Total time for which application threads were stopped: 0.0350668 seconds, Stopping threads took: 0.0336727 seconds
2024-10-06T03:39:27.854+0300: 920.185: Application time: 19.2710993 seconds
2024-10-06T03:39:27.901+0300: 920.228: [GC (Allocation Failure) [PSYoungGen: 2793670K->678K(2794496K)] 2798655K->5703K(8387072K), 0.0006935 secs] [Times: user=0.00 sys=0.00, real=0.00 secs] 
2024-10-06T03:39:27.901+0300: 920.229: Total time for which application threads were stopped: 0.0435434 seconds, Stopping threads took: 0.0427140 seconds
2024-10-06T03:39:47.134+0300: 939.464: Application time: 19.2346763 seconds
2024-10-06T03:39:47.184+0300: 939.511: [GC (Allocation Failure) [PSYoungGen: 2793638K->272K(2794496K)] 2798663K->5337K(8387072K), 0.0012384 secs] [Times: user=0.00 sys=0.00, real=0.00 secs] 
2024-10-06T03:39:47.184+0300: 939.512: Total time for which application threads were stopped: 0.0487024 seconds, Stopping threads took: 0.0472570 seconds
2024-10-06T03:40:06.530+0300: 958.861: Application time: 19.3482395 seconds
2024-10-06T03:40:06.577+0300: 958.904: [GC (Allocation Failure) [PSYoungGen: 2793232K->710K(2794496K)] 2798297K->5799K(8387072K), 0.0009523 secs] [Times: user=0.00 sys=0.00, real=0.00 secs] 
2024-10-06T03:40:06.577+0300: 958.905: Total time for which application threads were stopped: 0.0445332 seconds, Stopping threads took: 0.0433812 seconds
2024-10-06T03:40:25.891+0300: 978.233: Application time: 19.3274171 seconds
2024-10-06T03:40:25.954+0300: 978.281: [GC (Allocation Failure) [PSYoungGen: 2793670K->678K(2794496K)] 2798759K->5807K(8387072K), 0.0011308 secs] [Times: user=0.00 sys=0.00, real=0.00 secs] 
2024-10-06T03:40:25.954+0300: 978.282: Total time for which application threads were stopped: 0.0494479 seconds, Stopping threads took: 0.0480995 seconds
2024-10-06T03:40:28.731+0300: 981.073: Application time: 2.7908970 seconds
2024-10-06T03:40:28.778+0300: 981.105: Total time for which application threads were stopped: 0.0322672 seconds, Stopping threads took: 0.0320359 seconds
2024-10-06T03:40:29.391+0300: 981.727: Application time: 0.6215226 seconds
2024-10-06T03:40:29.391+0300: 981.727: Total time for which application threads were stopped: 0.0004762 seconds, Stopping threads took: 0.0004468 seconds
2024-10-06T03:40:45.446+0300: 997.785: Application time: 16.0579507 seconds
2024-10-06T03:40:45.506+0300: 997.833: [GC (Allocation Failure) [PSYoungGen: 2793638K->1117K(2794496K)] 2798767K->6270K(8387072K), 0.0013859 secs] [Times: user=0.00 sys=0.00, real=0.00 secs] 
2024-10-06T03:40:45.506+0300: 997.834: Total time for which application threads were stopped: 0.0490876 seconds, Stopping threads took: 0.0474764 seconds
2024-10-06T03:41:04.806+0300: 1017.137: Application time: 19.3031992 seconds
2024-10-06T03:41:04.853+0300: 1017.180: [GC (Allocation Failure) [PSYoungGen: 2794077K->272K(2794496K)] 2799230K->5473K(8387072K), 0.0005865 secs] [Times: user=0.00 sys=0.00, real=0.00 secs] 
2024-10-06T03:41:04.853+0300: 1017.181: Total time for which application threads were stopped: 0.0433639 seconds, Stopping threads took: 0.0426732 seconds
2024-10-06T03:41:24.150+0300: 1036.492: Application time: 19.3108081 seconds
2024-10-06T03:41:24.197+0300: 1036.524: [GC (Allocation Failure) [PSYoungGen: 2793232K->483K(2794496K)] 2798433K->5724K(8387072K), 0.0011890 secs] [Times: user=0.00 sys=0.00, real=0.00 secs] 
2024-10-06T03:41:24.197+0300: 1036.525: Total time for which application threads were stopped: 0.0338409 seconds, Stopping threads took: 0.0324607 seconds
2024-10-06T03:41:43.512+0300: 1055.853: Application time: 19.3274329 seconds
2024-10-06T03:41:43.575+0300: 1055.902: [GC (Allocation Failure) [PSYoungGen: 2793443K->1053K(2794496K)] 2798684K->6334K(8387072K), 0.0012982 secs] [Times: user=0.00 sys=0.00, real=0.00 secs] 
2024-10-06T03:41:43.575+0300: 1055.903: Total time for which application threads were stopped: 0.0502320 seconds, Stopping threads took: 0.0486757 seconds
2024-10-06T03:42:02.922+0300: 1075.253: Application time: 19.3502791 seconds
2024-10-06T03:42:02.968+0300: 1075.295: [GC (Allocation Failure) [PSYoungGen: 2794013K->710K(2794496K)] 2799294K->6031K(8387072K), 0.0013990 secs] [Times: user=0.00 sys=0.00, real=0.00 secs] 
2024-10-06T03:42:02.968+0300: 1075.297: Total time for which application threads were stopped: 0.0435121 seconds, Stopping threads took: 0.0419066 seconds
2024-10-06T03:42:22.220+0300: 1094.548: Application time: 19.2509366 seconds
2024-10-06T03:42:22.267+0300: 1094.594: [GC (Allocation Failure) [PSYoungGen: 2793670K->710K(2794496K)] 2798991K->6071K(8387072K), 0.0006180 secs] [Times: user=0.00 sys=0.00, real=0.00 secs] 
2024-10-06T03:42:22.267+0300: 1094.595: Total time for which application threads were stopped: 0.0468685 seconds, Stopping threads took: 0.0461068 seconds
2024-10-06T03:42:41.572+0300: 1113.906: Application time: 19.3110319 seconds
2024-10-06T03:42:41.616+0300: 1113.943: [GC (Allocation Failure) [PSYoungGen: 2793670K->256K(2794496K)] 2799031K->5665K(8387072K), 0.0011703 secs] [Times: user=0.00 sys=0.00, real=0.00 secs] 
2024-10-06T03:42:41.616+0300: 1113.944: Total time for which application threads were stopped: 0.0386924 seconds, Stopping threads took: 0.0373620 seconds
2024-10-06T03:43:00.884+0300: 1133.225: Application time: 19.2808891 seconds
2024-10-06T03:43:00.947+0300: 1133.274: [GC (Allocation Failure) [PSYoungGen: 2793216K->726K(2794496K)] 2798625K->6151K(8387072K), 0.0011942 secs] [Times: user=0.00 sys=0.00, real=0.00 secs] 
2024-10-06T03:43:00.947+0300: 1133.275: Total time for which application threads were stopped: 0.0501140 seconds, Stopping threads took: 0.0487130 seconds
2024-10-06T03:43:20.233+0300: 1152.565: Application time: 19.2900469 seconds
2024-10-06T03:43:20.281+0300: 1152.608: [GC (Allocation Failure) [PSYoungGen: 2793314K->710K(2794496K)] 2798739K->6175K(8387072K), 0.0011797 secs] [Times: user=0.00 sys=0.00, real=0.00 secs] 
2024-10-06T03:43:20.281+0300: 1152.609: Total time for which application threads were stopped: 0.0433305 seconds, Stopping threads took: 0.0419575 seconds
2024-10-06T03:43:39.586+0300: 1171.916: Application time: 19.3069842 seconds
2024-10-06T03:43:39.642+0300: 1171.969: [GC (Allocation Failure) [PSYoungGen: 2793670K->1085K(2794496K)] 2799135K->6590K(8387072K), 0.0012780 secs] [Times: user=0.00 sys=0.00, real=0.00 secs] 
2024-10-06T03:43:39.642+0300: 1171.970: Total time for which application threads were stopped: 0.0546639 seconds, Stopping threads took: 0.0531757 seconds
2024-10-06T03:43:58.895+0300: 1191.225: Application time: 19.2549274 seconds
2024-10-06T03:43:58.943+0300: 1191.270: [GC (Allocation Failure) [PSYoungGen: 2794045K->1296K(2794496K)] 2799550K->6833K(8387072K), 0.0012608 secs] [Times: user=0.00 sys=0.00, real=0.00 secs] 
2024-10-06T03:43:58.943+0300: 1191.271: Total time for which application threads were stopped: 0.0454307 seconds, Stopping threads took: 0.0439717 seconds
2024-10-06T03:44:18.262+0300: 1210.600: Application time: 19.3291245 seconds
2024-10-06T03:44:18.322+0300: 1210.649: [GC (Allocation Failure) [PSYoungGen: 2794256K->710K(2794496K)] 2799793K->6287K(8387072K), 0.0012824 secs] [Times: user=0.00 sys=0.00, real=0.00 secs] 
2024-10-06T03:44:18.322+0300: 1210.650: Total time for which application threads were stopped: 0.0504641 seconds, Stopping threads took: 0.0489742 seconds
2024-10-06T03:44:29.853+0300: 1222.183: Application time: 11.5329869 seconds
2024-10-06T03:44:29.900+0300: 1222.227: Total time for which application threads were stopped: 0.0437662 seconds, Stopping threads took: 0.0437104 seconds
2024-10-06T03:44:30.246+0300: 1222.582: Application time: 0.3547280 seconds
2024-10-06T03:44:30.293+0300: 1222.620: Total time for which application threads were stopped: 0.0378374 seconds, Stopping threads took: 0.0377474 seconds
2024-10-06T03:44:30.371+0300: 1222.702: Application time: 0.0825468 seconds
2024-10-06T03:44:30.371+0300: 1222.703: Total time for which application threads were stopped: 0.0003463 seconds, Stopping threads took: 0.0003073 seconds
2024-10-06T03:44:30.528+0300: 1222.867: Application time: 0.1639547 seconds
2024-10-06T03:44:30.528+0300: 1222.867: Total time for which application threads were stopped: 0.0002082 seconds, Stopping threads took: 0.0000396 seconds
2024-10-06T03:44:30.575+0300: 1222.910: Application time: 0.0430459 seconds
2024-10-06T03:44:30.575+0300: 1222.910: Total time for which application threads were stopped: 0.0000555 seconds, Stopping threads took: 0.0000224 seconds
2024-10-06T03:44:30.638+0300: 1222.968: Application time: 0.0583298 seconds
2024-10-06T03:44:30.638+0300: 1222.968: Total time for which application threads were stopped: 0.0002117 seconds, Stopping threads took: 0.0000299 seconds
2024-10-06T03:44:30.686+0300: 1223.017: Application time: 0.0483367 seconds
2024-10-06T03:44:30.686+0300: 1223.017: Total time for which application threads were stopped: 0.0002606 seconds, Stopping threads took: 0.0000309 seconds
2024-10-06T03:44:30.701+0300: 1223.042: Application time: 0.0247483 seconds
2024-10-06T03:44:30.701+0300: 1223.042: Total time for which application threads were stopped: 0.0001159 seconds, Stopping threads took: 0.0000441 seconds
2024-10-06T03:44:30.732+0300: 1223.061: Application time: 0.0193807 seconds
2024-10-06T03:44:30.732+0300: 1223.061: Total time for which application threads were stopped: 0.0000661 seconds, Stopping threads took: 0.0000353 seconds
2024-10-06T03:44:30.842+0300: 1223.170: Application time: 0.1088212 seconds
2024-10-06T03:44:30.842+0300: 1223.170: Total time for which application threads were stopped: 0.0002192 seconds, Stopping threads took: 0.0000190 seconds
2024-10-06T03:44:30.842+0300: 1223.177: Application time: 0.0061892 seconds
2024-10-06T03:44:30.842+0300: 1223.177: Total time for which application threads were stopped: 0.0002381 seconds, Stopping threads took: 0.0000458 seconds
2024-10-06T03:44:30.842+0300: 1223.179: Application time: 0.0017462 seconds
2024-10-06T03:44:30.842+0300: 1223.179: Total time for which application threads were stopped: 0.0000736 seconds, Stopping threads took: 0.0000117 seconds
2024-10-06T03:44:31.146+0300: 1223.473: Application time: 0.2939234 seconds
2024-10-06T03:44:31.146+0300: 1223.473: Total time for which application threads were stopped: 0.0000852 seconds, Stopping threads took: 0.0000384 seconds
2024-10-06T03:44:31.832+0300: 1224.159: Application time: 0.6862976 seconds
2024-10-06T03:44:31.832+0300: 1224.159: Total time for which application threads were stopped: 0.0002672 seconds, Stopping threads took: 0.0001328 seconds
2024-10-06T03:44:31.832+0300: 1224.160: Application time: 0.0003048 seconds
2024-10-06T03:44:31.832+0300: 1224.160: Total time for which application threads were stopped: 0.0001090 seconds, Stopping threads took: 0.0000875 seconds
2024-10-06T03:44:31.832+0300: 1224.160: Application time: 0.0003192 seconds
2024-10-06T03:44:31.832+0300: 1224.160: Total time for which application threads were stopped: 0.0000666 seconds, Stopping threads took: 0.0000318 seconds
2024-10-06T03:44:32.089+0300: 1224.421: Application time: 0.2609819 seconds
2024-10-06T03:44:32.089+0300: 1224.421: Total time for which application threads were stopped: 0.0001759 seconds, Stopping threads took: 0.0000435 seconds
2024-10-06T03:44:32.130+0300: 1224.471: Application time: 0.0500778 seconds
2024-10-06T03:44:32.130+0300: 1224.471: Total time for which application threads were stopped: 0.0000734 seconds, Stopping threads took: 0.0000302 seconds
2024-10-06T03:44:32.146+0300: 1224.474: Application time: 0.0024668 seconds
2024-10-06T03:44:32.146+0300: 1224.474: Total time for which application threads were stopped: 0.0000486 seconds, Stopping threads took: 0.0000271 seconds
2024-10-06T03:44:32.146+0300: 1224.474: Application time: 0.0003847 seconds
2024-10-06T03:44:32.146+0300: 1224.474: Total time for which application threads were stopped: 0.0000489 seconds, Stopping threads took: 0.0000333 seconds
2024-10-06T03:44:32.146+0300: 1224.483: Application time: 0.0090739 seconds
2024-10-06T03:44:32.146+0300: 1224.484: Total time for which application threads were stopped: 0.0000471 seconds, Stopping threads took: 0.0000254 seconds
Heap
 PSYoungGen      total 2794496K, used 2636927K [0x0000000715580000, 0x00000007c0000000, 0x00000007c0000000)
  eden space 2792960K, 94% used [0x0000000715580000,0x00000007b63ee160,0x00000007bfd00000)
  from space 1536K, 46% used [0x00000007bfe80000,0x00000007bff31ac0,0x00000007c0000000)
  to   space 1536K, 0% used [0x00000007bfd00000,0x00000007bfd00000,0x00000007bfe80000)
 ParOldGen       total 5592576K, used 5577K [0x00000005c0000000, 0x0000000715580000, 0x0000000715580000)
  object space 5592576K, 0% used [0x00000005c0000000,0x00000005c0572478,0x0000000715580000)
 Metaspace       used 15892K, capacity 16064K, committed 16384K, reserved 1064960K
  class space    used 1647K, capacity 1718K, committed 1792K, reserved 1048576K
2024-10-06T03:44:32.256+0300: 1224.583: Application time: 0.0997115 seconds
