[0.010s][info][gc] Using G1
[0.017s][info][gc,init] Version: 17.0.12+7-adhoc..jdk17u (release)
[0.017s][info][gc,init] CPUs: 6 total, 6 available
[0.017s][info][gc,init] Memory: 15591M
[0.017s][info][gc,init] Large Page Support: Disabled
[0.018s][info][gc,init] NUMA Support: Disabled
[0.018s][info][gc,init] Compressed Oops: Enabled (32-bit)
[0.018s][info][gc,init] Heap Region Size: 1M
[0.018s][info][gc,init] Heap Min Capacity: 1G
[0.018s][info][gc,init] Heap Initial Capacity: 1G
[0.018s][info][gc,init] Heap Max Capacity: 1G
[0.018s][info][gc,init] Pre-touch: Disabled
[0.018s][info][gc,init] Parallel Workers: 6
[0.018s][info][gc,init] Concurrent Workers: 2
[0.018s][info][gc,init] Concurrent Refinement Workers: 6
[0.018s][info][gc,init] Periodic GC: Disabled
[0.025s][info][gc,metaspace] CDS archive(s) mapped at: [0x00000170b4000000-0x00000170b4bc0000-0x00000170b4bc0000), size 12320768, SharedBaseAddress: 0x00000170b4000000, ArchiveRelocationMode: 1.
[0.025s][info][gc,metaspace] Compressed class space mapped at: 0x00000170b5000000-0x00000170f5000000, reserved size: 1073741824
[0.025s][info][gc,metaspace] Narrow klass base: 0x00000170b4000000, Narrow klass shift: 0, Narrow klass range: 0x100000000
[0.357s][info][gc,start    ] GC(0) Pause Full (System.gc())
[0.358s][info][gc,task     ] GC(0) Using 6 workers of 6 for full compaction
[0.359s][info][gc,phases,start] GC(0) Phase 1: Mark live objects
[0.360s][info][gc,phases      ] GC(0) Phase 1: Mark live objects 1.528ms
[0.360s][info][gc,phases,start] GC(0) Phase 2: Prepare for compaction
[0.361s][info][gc,phases      ] GC(0) Phase 2: Prepare for compaction 0.814ms
[0.361s][info][gc,phases,start] GC(0) Phase 3: Adjust pointers
[0.362s][info][gc,phases      ] GC(0) Phase 3: Adjust pointers 0.665ms
[0.362s][info][gc,phases,start] GC(0) Phase 4: Compact heap
[0.362s][info][gc,phases      ] GC(0) Phase 4: Compact heap 0.419ms
[0.365s][info][gc,heap        ] GC(0) Eden regions: 48->0(51)
[0.365s][info][gc,heap        ] GC(0) Survivor regions: 0->0(0)
[0.365s][info][gc,heap        ] GC(0) Old regions: 0->6
[0.365s][info][gc,heap        ] GC(0) Archive regions: 0->0
[0.366s][info][gc,heap        ] GC(0) Humongous regions: 0->0
[0.366s][info][gc,metaspace   ] GC(0) Metaspace: 2939K(3136K)->2939K(3136K) NonClass: 2664K(2752K)->2664K(2752K) Class: 275K(384K)->275K(384K)
[0.366s][info][gc             ] GC(0) Pause Full (System.gc()) 48M->2M(1024M) 8.161ms
[0.366s][info][gc,cpu         ] GC(0) User=0.06s Sys=0.02s Real=0.01s
[4.540s][info][gc,start       ] GC(1) Pause Young (Normal) (G1 Evacuation Pause)
[4.540s][info][gc,task        ] GC(1) Using 6 workers of 6 for evacuation
[4.542s][info][gc,phases      ] GC(1)   Pre Evacuate Collection Set: 0.1ms
[4.542s][info][gc,phases      ] GC(1)   Merge Heap Roots: 0.1ms
[4.542s][info][gc,phases      ] GC(1)   Evacuate Collection Set: 1.0ms
[4.542s][info][gc,phases      ] GC(1)   Post Evacuate Collection Set: 0.2ms
[4.542s][info][gc,phases      ] GC(1)   Other: 0.1ms
[4.542s][info][gc,heap        ] GC(1) Eden regions: 51->0(136)
[4.542s][info][gc,heap        ] GC(1) Survivor regions: 0->2(7)
[4.542s][info][gc,heap        ] GC(1) Old regions: 6->6
[4.542s][info][gc,heap        ] GC(1) Archive regions: 0->0
[4.542s][info][gc,heap        ] GC(1) Humongous regions: 0->0
[4.542s][info][gc,metaspace   ] GC(1) Metaspace: 5319K(5504K)->5319K(5504K) NonClass: 4726K(4800K)->4726K(4800K) Class: 592K(704K)->592K(704K)
[4.542s][info][gc             ] GC(1) Pause Young (Normal) (G1 Evacuation Pause) 53M->4M(1024M) 1.610ms
[4.542s][info][gc,cpu         ] GC(1) User=0.00s Sys=0.00s Real=0.00s
[7.515s][info][gc,start       ] GC(2) Pause Full (System.gc())
[7.515s][info][gc,task        ] GC(2) Using 6 workers of 6 for full compaction
[7.515s][info][gc,phases,start] GC(2) Phase 1: Mark live objects
[7.517s][info][gc,phases      ] GC(2) Phase 1: Mark live objects 1.721ms
[7.517s][info][gc,phases,start] GC(2) Phase 2: Prepare for compaction
[7.517s][info][gc,phases      ] GC(2) Phase 2: Prepare for compaction 0.599ms
[7.517s][info][gc,phases,start] GC(2) Phase 3: Adjust pointers
[7.519s][info][gc,phases      ] GC(2) Phase 3: Adjust pointers 1.552ms
[7.519s][info][gc,phases,start] GC(2) Phase 4: Compact heap
[7.519s][info][gc,phases      ] GC(2) Phase 4: Compact heap 0.389ms
[7.522s][info][gc,heap        ] GC(2) Eden regions: 34->0(142)
[7.522s][info][gc,heap        ] GC(2) Survivor regions: 2->0(7)
[7.522s][info][gc,heap        ] GC(2) Old regions: 6->6
[7.522s][info][gc,heap        ] GC(2) Archive regions: 0->0
[7.522s][info][gc,heap        ] GC(2) Humongous regions: 0->0
[7.522s][info][gc,metaspace   ] GC(2) Metaspace: 5421K(5568K)->5421K(5568K) NonClass: 4819K(4864K)->4819K(4864K) Class: 602K(704K)->602K(704K)
[7.522s][info][gc             ] GC(2) Pause Full (System.gc()) 37M->2M(1024M) 7.860ms
[7.522s][info][gc,cpu         ] GC(2) User=0.06s Sys=0.02s Real=0.00s
[14.517s][info][gc,start       ] GC(3) Pause Full (System.gc())
[14.517s][info][gc,task        ] GC(3) Using 6 workers of 6 for full compaction
[14.517s][info][gc,phases,start] GC(3) Phase 1: Mark live objects
[14.519s][info][gc,phases      ] GC(3) Phase 1: Mark live objects 1.566ms
[14.519s][info][gc,phases,start] GC(3) Phase 2: Prepare for compaction
[14.519s][info][gc,phases      ] GC(3) Phase 2: Prepare for compaction 0.611ms
[14.519s][info][gc,phases,start] GC(3) Phase 3: Adjust pointers
[14.521s][info][gc,phases      ] GC(3) Phase 3: Adjust pointers 1.637ms
[14.521s][info][gc,phases,start] GC(3) Phase 4: Compact heap
[14.521s][info][gc,phases      ] GC(3) Phase 4: Compact heap 0.204ms
[14.524s][info][gc,heap        ] GC(3) Eden regions: 75->0(142)
[14.524s][info][gc,heap        ] GC(3) Survivor regions: 0->0(7)
[14.524s][info][gc,heap        ] GC(3) Old regions: 6->6
[14.524s][info][gc,heap        ] GC(3) Archive regions: 0->0
[14.524s][info][gc,heap        ] GC(3) Humongous regions: 0->0
[14.524s][info][gc,metaspace   ] GC(3) Metaspace: 5451K(5632K)->5451K(5632K) NonClass: 4849K(4928K)->4849K(4928K) Class: 602K(704K)->602K(704K)
[14.524s][info][gc             ] GC(3) Pause Full (System.gc()) 77M->2M(1024M) 7.280ms
[14.524s][info][gc,cpu         ] GC(3) User=0.08s Sys=0.02s Real=0.00s
[21.550s][info][gc,start       ] GC(4) Pause Full (System.gc())
[21.550s][info][gc,task        ] GC(4) Using 6 workers of 6 for full compaction
[21.551s][info][gc,phases,start] GC(4) Phase 1: Mark live objects
[21.552s][info][gc,phases      ] GC(4) Phase 1: Mark live objects 1.553ms
[21.552s][info][gc,phases,start] GC(4) Phase 2: Prepare for compaction
[21.553s][info][gc,phases      ] GC(4) Phase 2: Prepare for compaction 0.533ms
[21.553s][info][gc,phases,start] GC(4) Phase 3: Adjust pointers
[21.554s][info][gc,phases      ] GC(4) Phase 3: Adjust pointers 1.721ms
[21.554s][info][gc,phases,start] GC(4) Phase 4: Compact heap
[21.555s][info][gc,phases      ] GC(4) Phase 4: Compact heap 0.192ms
[21.557s][info][gc,heap        ] GC(4) Eden regions: 74->0(142)
[21.557s][info][gc,heap        ] GC(4) Survivor regions: 0->0(7)
[21.557s][info][gc,heap        ] GC(4) Old regions: 6->6
[21.557s][info][gc,heap        ] GC(4) Archive regions: 0->0
[21.557s][info][gc,heap        ] GC(4) Humongous regions: 0->0
[21.557s][info][gc,metaspace   ] GC(4) Metaspace: 5468K(5632K)->5468K(5632K) NonClass: 4866K(4928K)->4866K(4928K) Class: 602K(704K)->602K(704K)
[21.557s][info][gc             ] GC(4) Pause Full (System.gc()) 76M->2M(1024M) 7.140ms
[21.557s][info][gc,cpu         ] GC(4) User=0.02s Sys=0.00s Real=0.00s
[28.575s][info][gc,start       ] GC(5) Pause Full (System.gc())
[28.575s][info][gc,task        ] GC(5) Using 6 workers of 6 for full compaction
[28.575s][info][gc,phases,start] GC(5) Phase 1: Mark live objects
[28.577s][info][gc,phases      ] GC(5) Phase 1: Mark live objects 1.472ms
[28.577s][info][gc,phases,start] GC(5) Phase 2: Prepare for compaction
[28.577s][info][gc,phases      ] GC(5) Phase 2: Prepare for compaction 0.658ms
[28.577s][info][gc,phases,start] GC(5) Phase 3: Adjust pointers
[28.579s][info][gc,phases      ] GC(5) Phase 3: Adjust pointers 1.732ms
[28.579s][info][gc,phases,start] GC(5) Phase 4: Compact heap
[28.580s][info][gc,phases      ] GC(5) Phase 4: Compact heap 0.187ms
[28.582s][info][gc,heap        ] GC(5) Eden regions: 74->0(142)
[28.582s][info][gc,heap        ] GC(5) Survivor regions: 0->0(7)
[28.582s][info][gc,heap        ] GC(5) Old regions: 6->6
[28.582s][info][gc,heap        ] GC(5) Archive regions: 0->0
[28.582s][info][gc,heap        ] GC(5) Humongous regions: 0->0
[28.582s][info][gc,metaspace   ] GC(5) Metaspace: 5476K(5632K)->5476K(5632K) NonClass: 4874K(4928K)->4874K(4928K) Class: 602K(704K)->602K(704K)
[28.582s][info][gc             ] GC(5) Pause Full (System.gc()) 76M->2M(1024M) 7.310ms
[28.582s][info][gc,cpu         ] GC(5) User=0.00s Sys=0.00s Real=0.01s
[35.590s][info][gc,start       ] GC(6) Pause Full (System.gc())
[35.590s][info][gc,task        ] GC(6) Using 6 workers of 6 for full compaction
[35.590s][info][gc,phases,start] GC(6) Phase 1: Mark live objects
[35.592s][info][gc,phases      ] GC(6) Phase 1: Mark live objects 1.388ms
[35.592s][info][gc,phases,start] GC(6) Phase 2: Prepare for compaction
[35.592s][info][gc,phases      ] GC(6) Phase 2: Prepare for compaction 0.585ms
[35.592s][info][gc,phases,start] GC(6) Phase 3: Adjust pointers
[35.594s][info][gc,phases      ] GC(6) Phase 3: Adjust pointers 1.822ms
[35.594s][info][gc,phases,start] GC(6) Phase 4: Compact heap
[35.594s][info][gc,phases      ] GC(6) Phase 4: Compact heap 0.193ms
[35.597s][info][gc,heap        ] GC(6) Eden regions: 74->0(142)
[35.597s][info][gc,heap        ] GC(6) Survivor regions: 0->0(7)
[35.597s][info][gc,heap        ] GC(6) Old regions: 6->6
[35.597s][info][gc,heap        ] GC(6) Archive regions: 0->0
[35.597s][info][gc,heap        ] GC(6) Humongous regions: 0->0
[35.597s][info][gc,metaspace   ] GC(6) Metaspace: 5485K(5632K)->5485K(5632K) NonClass: 4882K(4928K)->4882K(4928K) Class: 602K(704K)->602K(704K)
[35.597s][info][gc             ] GC(6) Pause Full (System.gc()) 76M->2M(1024M) 7.318ms
[35.597s][info][gc,cpu         ] GC(6) User=0.00s Sys=0.00s Real=0.01s
[42.633s][info][gc,start       ] GC(7) Pause Full (System.gc())
[42.633s][info][gc,task        ] GC(7) Using 6 workers of 6 for full compaction
[42.633s][info][gc,phases,start] GC(7) Phase 1: Mark live objects
[42.634s][info][gc,phases      ] GC(7) Phase 1: Mark live objects 1.595ms
[42.634s][info][gc,phases,start] GC(7) Phase 2: Prepare for compaction
[42.635s][info][gc,phases      ] GC(7) Phase 2: Prepare for compaction 0.481ms
[42.635s][info][gc,phases,start] GC(7) Phase 3: Adjust pointers
[42.637s][info][gc,phases      ] GC(7) Phase 3: Adjust pointers 1.630ms
[42.637s][info][gc,phases,start] GC(7) Phase 4: Compact heap
[42.637s][info][gc,phases      ] GC(7) Phase 4: Compact heap 0.172ms
[42.640s][info][gc,heap        ] GC(7) Eden regions: 74->0(142)
[42.640s][info][gc,heap        ] GC(7) Survivor regions: 0->0(7)
[42.640s][info][gc,heap        ] GC(7) Old regions: 6->5
[42.640s][info][gc,heap        ] GC(7) Archive regions: 0->0
[42.640s][info][gc,heap        ] GC(7) Humongous regions: 0->0
[42.640s][info][gc,metaspace   ] GC(7) Metaspace: 5490K(5632K)->5490K(5632K) NonClass: 4888K(4928K)->4888K(4928K) Class: 602K(704K)->602K(704K)
[42.640s][info][gc             ] GC(7) Pause Full (System.gc()) 76M->2M(1024M) 7.422ms
[42.640s][info][gc,cpu         ] GC(7) User=0.00s Sys=0.00s Real=0.01s
[49.670s][info][gc,start       ] GC(8) Pause Full (System.gc())
[49.670s][info][gc,task        ] GC(8) Using 6 workers of 6 for full compaction
[49.670s][info][gc,phases,start] GC(8) Phase 1: Mark live objects
[49.672s][info][gc,phases      ] GC(8) Phase 1: Mark live objects 1.401ms
[49.672s][info][gc,phases,start] GC(8) Phase 2: Prepare for compaction
[49.673s][info][gc,phases      ] GC(8) Phase 2: Prepare for compaction 0.649ms
[49.673s][info][gc,phases,start] GC(8) Phase 3: Adjust pointers
[49.674s][info][gc,phases      ] GC(8) Phase 3: Adjust pointers 1.690ms
[49.674s][info][gc,phases,start] GC(8) Phase 4: Compact heap
[49.675s][info][gc,phases      ] GC(8) Phase 4: Compact heap 0.260ms
[49.678s][info][gc,heap        ] GC(8) Eden regions: 74->0(142)
[49.678s][info][gc,heap        ] GC(8) Survivor regions: 0->0(7)
[49.678s][info][gc,heap        ] GC(8) Old regions: 5->5
[49.678s][info][gc,heap        ] GC(8) Archive regions: 0->0
[49.678s][info][gc,heap        ] GC(8) Humongous regions: 0->0
[49.678s][info][gc,metaspace   ] GC(8) Metaspace: 5493K(5632K)->5493K(5632K) NonClass: 4891K(4928K)->4891K(4928K) Class: 602K(704K)->602K(704K)
[49.678s][info][gc             ] GC(8) Pause Full (System.gc()) 76M->2M(1024M) 7.918ms
[49.678s][info][gc,cpu         ] GC(8) User=0.09s Sys=0.00s Real=0.00s
[56.718s][info][gc,start       ] GC(9) Pause Full (System.gc())
[56.718s][info][gc,task        ] GC(9) Using 6 workers of 6 for full compaction
[56.718s][info][gc,phases,start] GC(9) Phase 1: Mark live objects
[56.719s][info][gc,phases      ] GC(9) Phase 1: Mark live objects 1.337ms
[56.719s][info][gc,phases,start] GC(9) Phase 2: Prepare for compaction
[56.720s][info][gc,phases      ] GC(9) Phase 2: Prepare for compaction 0.512ms
[56.720s][info][gc,phases,start] GC(9) Phase 3: Adjust pointers
[56.722s][info][gc,phases      ] GC(9) Phase 3: Adjust pointers 1.858ms
[56.722s][info][gc,phases,start] GC(9) Phase 4: Compact heap
[56.722s][info][gc,phases      ] GC(9) Phase 4: Compact heap 0.217ms
[56.725s][info][gc,heap        ] GC(9) Eden regions: 75->0(142)
[56.725s][info][gc,heap        ] GC(9) Survivor regions: 0->0(7)
[56.725s][info][gc,heap        ] GC(9) Old regions: 5->5
[56.725s][info][gc,heap        ] GC(9) Archive regions: 0->0
[56.725s][info][gc,heap        ] GC(9) Humongous regions: 0->0
[56.725s][info][gc,metaspace   ] GC(9) Metaspace: 5507K(5696K)->5507K(5696K) NonClass: 4904K(4992K)->4904K(4992K) Class: 602K(704K)->602K(704K)
[56.725s][info][gc             ] GC(9) Pause Full (System.gc()) 76M->2M(1024M) 7.222ms
[56.725s][info][gc,cpu         ] GC(9) User=0.09s Sys=0.00s Real=0.00s
[63.743s][info][gc,start       ] GC(10) Pause Full (System.gc())
[63.743s][info][gc,task        ] GC(10) Using 6 workers of 6 for full compaction
[63.743s][info][gc,phases,start] GC(10) Phase 1: Mark live objects
[63.745s][info][gc,phases      ] GC(10) Phase 1: Mark live objects 1.494ms
[63.745s][info][gc,phases,start] GC(10) Phase 2: Prepare for compaction
[63.746s][info][gc,phases      ] GC(10) Phase 2: Prepare for compaction 0.654ms
[63.746s][info][gc,phases,start] GC(10) Phase 3: Adjust pointers
[63.747s][info][gc,phases      ] GC(10) Phase 3: Adjust pointers 1.865ms
[63.747s][info][gc,phases,start] GC(10) Phase 4: Compact heap
[63.748s][info][gc,phases      ] GC(10) Phase 4: Compact heap 0.159ms
[63.750s][info][gc,heap        ] GC(10) Eden regions: 74->0(142)
[63.751s][info][gc,heap        ] GC(10) Survivor regions: 0->0(7)
[63.751s][info][gc,heap        ] GC(10) Old regions: 5->5
[63.751s][info][gc,heap        ] GC(10) Archive regions: 0->0
[63.751s][info][gc,heap        ] GC(10) Humongous regions: 0->0
[63.751s][info][gc,metaspace   ] GC(10) Metaspace: 5514K(5760K)->5514K(5760K) NonClass: 4911K(5056K)->4911K(5056K) Class: 602K(704K)->602K(704K)
[63.751s][info][gc             ] GC(10) Pause Full (System.gc()) 76M->2M(1024M) 7.514ms
[63.751s][info][gc,cpu         ] GC(10) User=0.00s Sys=0.00s Real=0.01s
[70.796s][info][gc,heap,exit   ] Heap
[70.796s][info][gc,heap,exit   ]  garbage-first heap   total 1048576K, used 78674K [0x00000000c0000000, 0x0000000100000000)
[70.796s][info][gc,heap,exit   ]   region size 1024K, 74 young (75776K), 0 survivors (0K)
[70.796s][info][gc,heap,exit   ]  Metaspace       used 5519K, committed 5760K, reserved 1114112K
[70.796s][info][gc,heap,exit   ]   class space    used 602K, committed 704K, reserved 1048576K
