[0.007s][info][gc,heap] Heap region size: 4M
[0.048s][info][gc     ] Using G1
[0.049s][info][gc,heap,coops] Heap address: 0x0000000600000000, size: 8192 MB, Compressed Oops mode: Zero based, Oop shift amount: 3
[2.518s][info][gc,start     ] GC(0) Pause Young (Concurrent Start) (Metadata GC Threshold)
[2.518s][info][gc,task      ] GC(0) Using 6 workers of 6 for evacuation
[2.523s][info][gc,phases    ] GC(0)   Pre Evacuate Collection Set: 0.0ms
[2.523s][info][gc,phases    ] GC(0)   Evacuate Collection Set: 4.1ms
[2.523s][info][gc,phases    ] GC(0)   Post Evacuate Collection Set: 0.5ms
[2.523s][info][gc,phases    ] GC(0)   Other: 0.5ms
[2.525s][info][gc,heap      ] GC(0) Eden regions: 12->0(100)
[2.525s][info][gc,heap      ] GC(0) Survivor regions: 0->2(13)
[2.525s][info][gc,heap      ] GC(0) Old regions: 0->0
[2.525s][info][gc,heap      ] GC(0) Humongous regions: 0->0
[2.525s][info][gc,metaspace ] GC(0) Metaspace: 20787K(21296K)->20787K(21296K) NonClass: 18309K(18608K)->18309K(18608K) Class: 2478K(2688K)->2478K(2688K)
[2.525s][info][gc           ] GC(0) Pause Young (Concurrent Start) (Metadata GC Threshold) 46M->4M(8192M) 7.615ms
[2.525s][info][gc,cpu       ] GC(0) User=0.00s Sys=0.00s Real=0.01s
[2.526s][info][gc           ] GC(1) Concurrent Cycle
[2.526s][info][gc,marking   ] GC(1) Concurrent Clear Claimed Marks
[2.526s][info][gc,marking   ] GC(1) Concurrent Clear Claimed Marks 0.032ms
[2.526s][info][gc,marking   ] GC(1) Concurrent Scan Root Regions
[2.528s][info][gc,marking   ] GC(1) Concurrent Scan Root Regions 2.495ms
[2.528s][info][gc,marking   ] GC(1) Concurrent Mark (2.528s)
[2.528s][info][gc,marking   ] GC(1) Concurrent Mark From Roots
[2.528s][info][gc,task      ] GC(1) Using 2 workers of 2 for marking
[2.529s][info][gc,marking   ] GC(1) Concurrent Mark From Roots 0.647ms
[2.529s][info][gc,marking   ] GC(1) Concurrent Preclean
[2.529s][info][gc,marking   ] GC(1) Concurrent Preclean 0.031ms
[2.529s][info][gc,marking   ] GC(1) Concurrent Mark (2.528s, 2.529s) 0.719ms
[2.529s][info][gc,start     ] GC(1) Pause Remark
[2.531s][info][gc,stringtable] GC(1) Cleaned string and symbol table, strings: 5536 processed, 0 removed, symbols: 52801 processed, 10 removed
[2.531s][info][gc            ] GC(1) Pause Remark 6M->6M(8192M) 1.549ms
[2.531s][info][gc,cpu        ] GC(1) User=0.00s Sys=0.00s Real=0.00s
[2.531s][info][gc,marking    ] GC(1) Concurrent Rebuild Remembered Sets
[2.531s][info][gc,marking    ] GC(1) Concurrent Rebuild Remembered Sets 0.129ms
[2.531s][info][gc,start      ] GC(1) Pause Cleanup
[2.531s][info][gc            ] GC(1) Pause Cleanup 6M->6M(8192M) 0.139ms
[2.531s][info][gc,cpu        ] GC(1) User=0.00s Sys=0.00s Real=0.00s
[2.531s][info][gc,marking    ] GC(1) Concurrent Cleanup for Next Mark
[2.563s][info][gc,marking    ] GC(1) Concurrent Cleanup for Next Mark 31.442ms
[2.563s][info][gc            ] GC(1) Concurrent Cycle 37.105ms
[12.762s][info][gc,start      ] GC(2) Pause Young (Concurrent Start) (Metadata GC Threshold)
[12.762s][info][gc,task       ] GC(2) Using 6 workers of 6 for evacuation
[12.770s][info][gc,phases     ] GC(2)   Pre Evacuate Collection Set: 0.1ms
[12.770s][info][gc,phases     ] GC(2)   Evacuate Collection Set: 7.8ms
[12.770s][info][gc,phases     ] GC(2)   Post Evacuate Collection Set: 0.7ms
[12.770s][info][gc,phases     ] GC(2)   Other: 0.2ms
[12.770s][info][gc,heap       ] GC(2) Eden regions: 20->0(97)
[12.770s][info][gc,heap       ] GC(2) Survivor regions: 2->5(13)
[12.770s][info][gc,heap       ] GC(2) Old regions: 0->0
[12.770s][info][gc,heap       ] GC(2) Humongous regions: 1->1
[12.771s][info][gc,metaspace  ] GC(2) Metaspace: 35108K(36048K)->35108K(36048K) NonClass: 30763K(31232K)->30763K(31232K) Class: 4345K(4816K)->4345K(4816K)
[12.771s][info][gc            ] GC(2) Pause Young (Concurrent Start) (Metadata GC Threshold) 88M->21M(8192M) 8.869ms
[12.771s][info][gc,cpu        ] GC(2) User=0.00s Sys=0.00s Real=0.00s
[12.771s][info][gc            ] GC(3) Concurrent Cycle
[12.771s][info][gc,marking    ] GC(3) Concurrent Clear Claimed Marks
[12.771s][info][gc,marking    ] GC(3) Concurrent Clear Claimed Marks 0.141ms
[12.771s][info][gc,marking    ] GC(3) Concurrent Scan Root Regions
[12.773s][info][gc,marking    ] GC(3) Concurrent Scan Root Regions 2.301ms
[12.773s][info][gc,marking    ] GC(3) Concurrent Mark (12.773s)
[12.773s][info][gc,marking    ] GC(3) Concurrent Mark From Roots
[12.773s][info][gc,task       ] GC(3) Using 2 workers of 2 for marking
[12.776s][info][gc,marking    ] GC(3) Concurrent Mark From Roots 2.716ms
[12.776s][info][gc,marking    ] GC(3) Concurrent Preclean
[12.776s][info][gc,marking    ] GC(3) Concurrent Preclean 0.203ms
[12.776s][info][gc,marking    ] GC(3) Concurrent Mark (12.773s, 12.776s) 2.988ms
[12.776s][info][gc,start      ] GC(3) Pause Remark
[12.779s][info][gc,stringtable] GC(3) Cleaned string and symbol table, strings: 11097 processed, 0 removed, symbols: 93278 processed, 31 removed
[12.779s][info][gc            ] GC(3) Pause Remark 23M->23M(8192M) 2.739ms
[12.779s][info][gc,cpu        ] GC(3) User=0.00s Sys=0.00s Real=0.00s
[12.779s][info][gc,marking    ] GC(3) Concurrent Rebuild Remembered Sets
[12.779s][info][gc,marking    ] GC(3) Concurrent Rebuild Remembered Sets 0.230ms
[12.780s][info][gc,start      ] GC(3) Pause Cleanup
[12.780s][info][gc            ] GC(3) Pause Cleanup 23M->23M(8192M) 0.205ms
[12.780s][info][gc,cpu        ] GC(3) User=0.00s Sys=0.00s Real=0.00s
[12.780s][info][gc,marking    ] GC(3) Concurrent Cleanup for Next Mark
[12.817s][info][gc,marking    ] GC(3) Concurrent Cleanup for Next Mark 36.721ms
[12.817s][info][gc            ] GC(3) Concurrent Cycle 46.227ms
[17.613s][info][gc,start      ] GC(4) Pause Young (Concurrent Start) (Metadata GC Threshold)
[17.613s][info][gc,task       ] GC(4) Using 6 workers of 6 for evacuation
[17.627s][info][gc,phases     ] GC(4)   Pre Evacuate Collection Set: 0.1ms
[17.628s][info][gc,phases     ] GC(4)   Evacuate Collection Set: 13.1ms
[17.628s][info][gc,phases     ] GC(4)   Post Evacuate Collection Set: 1.4ms
[17.628s][info][gc,phases     ] GC(4)   Other: 0.2ms
[17.628s][info][gc,heap       ] GC(4) Eden regions: 92->0(95)
[17.628s][info][gc,heap       ] GC(4) Survivor regions: 5->7(13)
[17.628s][info][gc,heap       ] GC(4) Old regions: 0->0
[17.628s][info][gc,heap       ] GC(4) Humongous regions: 1->1
[17.628s][info][gc,metaspace  ] GC(4) Metaspace: 58588K(60508K)->58588K(60508K) NonClass: 51182K(52108K)->51182K(52108K) Class: 7405K(8400K)->7405K(8400K)
[17.628s][info][gc            ] GC(4) Pause Young (Concurrent Start) (Metadata GC Threshold) 387M->28M(8192M) 14.925ms
[17.628s][info][gc,cpu        ] GC(4) User=0.00s Sys=0.00s Real=0.02s
[17.628s][info][gc            ] GC(5) Concurrent Cycle
[17.628s][info][gc,marking    ] GC(5) Concurrent Clear Claimed Marks
[17.628s][info][gc,marking    ] GC(5) Concurrent Clear Claimed Marks 0.072ms
[17.628s][info][gc,marking    ] GC(5) Concurrent Scan Root Regions
[17.632s][info][gc,marking    ] GC(5) Concurrent Scan Root Regions 4.082ms
[17.632s][info][gc,marking    ] GC(5) Concurrent Mark (17.632s)
[17.632s][info][gc,marking    ] GC(5) Concurrent Mark From Roots
[17.632s][info][gc,task       ] GC(5) Using 2 workers of 2 for marking
[17.632s][info][gc,marking    ] GC(5) Concurrent Mark From Roots 0.552ms
[17.632s][info][gc,marking    ] GC(5) Concurrent Preclean
[17.633s][info][gc,marking    ] GC(5) Concurrent Preclean 0.068ms
[17.633s][info][gc,marking    ] GC(5) Concurrent Mark (17.632s, 17.633s) 0.687ms
[17.633s][info][gc,start      ] GC(5) Pause Remark
[17.636s][info][gc,stringtable] GC(5) Cleaned string and symbol table, strings: 19929 processed, 0 removed, symbols: 157604 processed, 52 removed
[17.636s][info][gc            ] GC(5) Pause Remark 30M->30M(8192M) 3.754ms
[17.637s][info][gc,cpu        ] GC(5) User=0.02s Sys=0.00s Real=0.02s
[17.637s][info][gc,marking    ] GC(5) Concurrent Rebuild Remembered Sets
[17.637s][info][gc,marking    ] GC(5) Concurrent Rebuild Remembered Sets 0.118ms
[17.637s][info][gc,start      ] GC(5) Pause Cleanup
[17.637s][info][gc            ] GC(5) Pause Cleanup 31M->31M(8192M) 0.127ms
[17.637s][info][gc,cpu        ] GC(5) User=0.00s Sys=0.00s Real=0.00s
[17.637s][info][gc,marking    ] GC(5) Concurrent Cleanup for Next Mark
[17.651s][info][gc,marking    ] GC(5) Concurrent Cleanup for Next Mark 13.914ms
[17.651s][info][gc            ] GC(5) Concurrent Cycle 23.373ms
[19.742s][info][gc,task       ] GC(6) Using 6 workers of 6 for full compaction
[19.742s][info][gc,start      ] GC(6) Pause Full (System.gc())
[19.742s][info][gc,phases,start] GC(6) Phase 1: Mark live objects
[19.763s][info][gc,stringtable ] GC(6) Cleaned string and symbol table, strings: 25534 processed, 246 removed, symbols: 227633 processed, 106 removed
[19.763s][info][gc,phases      ] GC(6) Phase 1: Mark live objects 20.454ms
[19.763s][info][gc,phases,start] GC(6) Phase 2: Prepare for compaction
[19.770s][info][gc,phases      ] GC(6) Phase 2: Prepare for compaction 6.908ms
[19.770s][info][gc,phases,start] GC(6) Phase 3: Adjust pointers
[19.775s][info][gc,phases      ] GC(6) Phase 3: Adjust pointers 5.726ms
[19.775s][info][gc,phases,start] GC(6) Phase 4: Compact heap
[19.784s][info][gc,phases      ] GC(6) Phase 4: Compact heap 8.291ms
[19.787s][info][gc,heap        ] GC(6) Eden regions: 47->0(102)
[19.787s][info][gc,heap        ] GC(6) Survivor regions: 7->0(13)
[19.787s][info][gc,heap        ] GC(6) Old regions: 0->11
[19.787s][info][gc,heap        ] GC(6) Humongous regions: 1->1
[19.787s][info][gc,metaspace   ] GC(6) Metaspace: 93941K(97372K)->93925K(97372K) NonClass: 81713K(83340K)->81702K(83340K) Class: 12227K(14032K)->12222K(14032K)
[19.787s][info][gc             ] GC(6) Pause Full (System.gc()) 214M->34M(8192M) 45.289ms
[19.787s][info][gc,cpu         ] GC(6) User=0.03s Sys=0.02s Real=0.05s
[22.178s][info][gc,start       ] GC(7) Pause Young (Normal) (G1 Evacuation Pause)
[22.178s][info][gc,task        ] GC(7) Using 6 workers of 6 for evacuation
[22.186s][info][gc,phases      ] GC(7)   Pre Evacuate Collection Set: 0.0ms
[22.186s][info][gc,phases      ] GC(7)   Evacuate Collection Set: 7.1ms
[22.186s][info][gc,phases      ] GC(7)   Post Evacuate Collection Set: 1.5ms
[22.186s][info][gc,phases      ] GC(7)   Other: 0.2ms
[22.186s][info][gc,heap        ] GC(7) Eden regions: 102->0(97)
[22.186s][info][gc,heap        ] GC(7) Survivor regions: 0->5(13)
[22.186s][info][gc,heap        ] GC(7) Old regions: 11->11
[22.186s][info][gc,heap        ] GC(7) Humongous regions: 5->1
[22.187s][info][gc,metaspace   ] GC(7) Metaspace: 127745K(134876K)->127745K(134876K) NonClass: 109762K(113292K)->109762K(113292K) Class: 17982K(21584K)->17982K(21584K)
[22.187s][info][gc             ] GC(7) Pause Young (Normal) (G1 Evacuation Pause) 458M->52M(8192M) 8.952ms
[22.187s][info][gc,cpu         ] GC(7) User=0.00s Sys=0.00s Real=0.00s
[22.283s][info][gc,start       ] GC(8) Pause Young (Normal) (G1 Evacuation Pause)
[22.283s][info][gc,task        ] GC(8) Using 6 workers of 6 for evacuation
[22.289s][info][gc,phases      ] GC(8)   Pre Evacuate Collection Set: 0.0ms
[22.289s][info][gc,phases      ] GC(8)   Evacuate Collection Set: 3.8ms
[22.289s][info][gc,phases      ] GC(8)   Post Evacuate Collection Set: 1.3ms
[22.289s][info][gc,phases      ] GC(8)   Other: 0.2ms
[22.289s][info][gc,heap        ] GC(8) Eden regions: 97->0(179)
[22.289s][info][gc,heap        ] GC(8) Survivor regions: 5->4(13)
[22.289s][info][gc,heap        ] GC(8) Old regions: 11->11
[22.289s][info][gc,heap        ] GC(8) Humongous regions: 8->7
[22.289s][info][gc,metaspace   ] GC(8) Metaspace: 127746K(134876K)->127746K(134876K) NonClass: 109763K(113292K)->109763K(113292K) Class: 17982K(21584K)->17982K(21584K)
[22.289s][info][gc             ] GC(8) Pause Young (Normal) (G1 Evacuation Pause) 468M->72M(8192M) 5.446ms
[22.289s][info][gc,cpu         ] GC(8) User=0.00s Sys=0.00s Real=0.00s
[22.439s][info][gc,start       ] GC(9) Pause Young (Normal) (G1 Evacuation Pause)
[22.439s][info][gc,task        ] GC(9) Using 6 workers of 6 for evacuation
[22.446s][info][gc,phases      ] GC(9)   Pre Evacuate Collection Set: 0.1ms
[22.446s][info][gc,phases      ] GC(9)   Evacuate Collection Set: 5.6ms
[22.446s][info][gc,phases      ] GC(9)   Post Evacuate Collection Set: 1.1ms
[22.446s][info][gc,phases      ] GC(9)   Other: 0.2ms
[22.446s][info][gc,heap        ] GC(9) Eden regions: 157->0(162)
[22.446s][info][gc,heap        ] GC(9) Survivor regions: 4->4(21)
[22.446s][info][gc,heap        ] GC(9) Old regions: 11->11
[22.446s][info][gc,heap        ] GC(9) Humongous regions: 27->10
[22.446s][info][gc,metaspace   ] GC(9) Metaspace: 127816K(134876K)->127816K(134876K) NonClass: 109815K(113292K)->109815K(113292K) Class: 18000K(21584K)->18000K(21584K)
[22.446s][info][gc             ] GC(9) Pause Young (Normal) (G1 Evacuation Pause) 780M->86M(8192M) 7.032ms
[22.446s][info][gc,cpu         ] GC(9) User=0.02s Sys=0.00s Real=0.02s
[22.566s][info][gc,start       ] GC(10) Pause Young (Normal) (G1 Evacuation Pause)
[22.566s][info][gc,task        ] GC(10) Using 6 workers of 6 for evacuation
[22.572s][info][gc,phases      ] GC(10)   Pre Evacuate Collection Set: 0.0ms
[22.572s][info][gc,phases      ] GC(10)   Evacuate Collection Set: 4.9ms
[22.572s][info][gc,phases      ] GC(10)   Post Evacuate Collection Set: 1.2ms
[22.572s][info][gc,phases      ] GC(10)   Other: 0.2ms
[22.572s][info][gc,heap        ] GC(10) Eden regions: 162->0(167)
[22.572s][info][gc,heap        ] GC(10) Survivor regions: 4->4(21)
[22.572s][info][gc,heap        ] GC(10) Old regions: 11->11
[22.572s][info][gc,heap        ] GC(10) Humongous regions: 29->14
[22.572s][info][gc,metaspace   ] GC(10) Metaspace: 127859K(134876K)->127859K(134876K) NonClass: 109859K(113292K)->109859K(113292K) Class: 18000K(21584K)->18000K(21584K)
[22.572s][info][gc             ] GC(10) Pause Young (Normal) (G1 Evacuation Pause) 810M->101M(8192M) 6.418ms
[22.572s][info][gc,cpu         ] GC(10) User=0.00s Sys=0.00s Real=0.00s
[22.661s][info][gc,start       ] GC(11) Pause Young (Normal) (G1 Evacuation Pause)
[22.661s][info][gc,task        ] GC(11) Using 6 workers of 6 for evacuation
[22.668s][info][gc,phases      ] GC(11)   Pre Evacuate Collection Set: 0.1ms
[22.668s][info][gc,phases      ] GC(11)   Evacuate Collection Set: 5.5ms
[22.668s][info][gc,phases      ] GC(11)   Post Evacuate Collection Set: 1.2ms
[22.668s][info][gc,phases      ] GC(11)   Other: 0.2ms
[22.668s][info][gc,heap        ] GC(11) Eden regions: 167->0(180)
[22.668s][info][gc,heap        ] GC(11) Survivor regions: 4->4(22)
[22.668s][info][gc,heap        ] GC(11) Old regions: 11->11
[22.668s][info][gc,heap        ] GC(11) Humongous regions: 35->19
[22.668s][info][gc,metaspace   ] GC(11) Metaspace: 127861K(134876K)->127861K(134876K) NonClass: 109860K(113292K)->109860K(113292K) Class: 18000K(21584K)->18000K(21584K)
[22.668s][info][gc             ] GC(11) Pause Young (Normal) (G1 Evacuation Pause) 853M->121M(8192M) 7.114ms
[22.668s][info][gc,cpu         ] GC(11) User=0.00s Sys=0.00s Real=0.00s
[22.762s][info][gc,start       ] GC(12) Pause Young (Normal) (G1 Evacuation Pause)
[22.763s][info][gc,task        ] GC(12) Using 6 workers of 6 for evacuation
[22.770s][info][gc,phases      ] GC(12)   Pre Evacuate Collection Set: 0.1ms
[22.770s][info][gc,phases      ] GC(12)   Evacuate Collection Set: 5.7ms
[22.770s][info][gc,phases      ] GC(12)   Post Evacuate Collection Set: 1.2ms
[22.770s][info][gc,phases      ] GC(12)   Other: 0.3ms
[22.770s][info][gc,heap        ] GC(12) Eden regions: 180->0(185)
[22.770s][info][gc,heap        ] GC(12) Survivor regions: 4->3(23)
[22.770s][info][gc,heap        ] GC(12) Old regions: 11->11
[22.770s][info][gc,heap        ] GC(12) Humongous regions: 41->28
[22.770s][info][gc,metaspace   ] GC(12) Metaspace: 127861K(134876K)->127861K(134876K) NonClass: 109861K(113292K)->109861K(113292K) Class: 18000K(21584K)->18000K(21584K)
[22.770s][info][gc             ] GC(12) Pause Young (Normal) (G1 Evacuation Pause) 929M->153M(8192M) 7.332ms
[22.770s][info][gc,cpu         ] GC(12) User=0.00s Sys=0.00s Real=0.02s
[22.862s][info][gc,start       ] GC(13) Pause Young (Normal) (G1 Evacuation Pause)
[22.862s][info][gc,task        ] GC(13) Using 6 workers of 6 for evacuation
[22.869s][info][gc,phases      ] GC(13)   Pre Evacuate Collection Set: 0.1ms
[22.869s][info][gc,phases      ] GC(13)   Evacuate Collection Set: 5.0ms
[22.869s][info][gc,phases      ] GC(13)   Post Evacuate Collection Set: 1.2ms
[22.869s][info][gc,phases      ] GC(13)   Other: 0.3ms
[22.869s][info][gc,heap        ] GC(13) Eden regions: 185->0(190)
[22.869s][info][gc,heap        ] GC(13) Survivor regions: 3->4(24)
[22.869s][info][gc,heap        ] GC(13) Old regions: 11->11
[22.869s][info][gc,heap        ] GC(13) Humongous regions: 48->26
[22.869s][info][gc,metaspace   ] GC(13) Metaspace: 127865K(134876K)->127865K(134876K) NonClass: 109864K(113292K)->109864K(113292K) Class: 18000K(21584K)->18000K(21584K)
[22.869s][info][gc             ] GC(13) Pause Young (Normal) (G1 Evacuation Pause) 973M->149M(8192M) 6.667ms
[22.869s][info][gc,cpu         ] GC(13) User=0.02s Sys=0.00s Real=0.02s
[22.968s][info][gc,start       ] GC(14) Pause Young (Normal) (G1 Evacuation Pause)
[22.968s][info][gc,task        ] GC(14) Using 6 workers of 6 for evacuation
[22.974s][info][gc,phases      ] GC(14)   Pre Evacuate Collection Set: 0.1ms
[22.974s][info][gc,phases      ] GC(14)   Evacuate Collection Set: 4.9ms
[22.974s][info][gc,phases      ] GC(14)   Post Evacuate Collection Set: 1.2ms
[22.974s][info][gc,phases      ] GC(14)   Other: 0.2ms
[22.974s][info][gc,heap        ] GC(14) Eden regions: 190->0(200)
[22.974s][info][gc,heap        ] GC(14) Survivor regions: 4->4(25)
[22.974s][info][gc,heap        ] GC(14) Old regions: 11->11
[22.974s][info][gc,heap        ] GC(14) Humongous regions: 55->31
[22.974s][info][gc,metaspace   ] GC(14) Metaspace: 127869K(134876K)->127869K(134876K) NonClass: 109868K(113292K)->109868K(113292K) Class: 18000K(21584K)->18000K(21584K)
[22.974s][info][gc             ] GC(14) Pause Young (Normal) (G1 Evacuation Pause) 1025M->168M(8192M) 6.446ms
[22.974s][info][gc,cpu         ] GC(14) User=0.00s Sys=0.00s Real=0.00s
[23.072s][info][gc,start       ] GC(15) Pause Young (Normal) (G1 Evacuation Pause)
[23.072s][info][gc,task        ] GC(15) Using 6 workers of 6 for evacuation
[23.078s][info][gc,phases      ] GC(15)   Pre Evacuate Collection Set: 0.1ms
[23.078s][info][gc,phases      ] GC(15)   Evacuate Collection Set: 5.0ms
[23.078s][info][gc,phases      ] GC(15)   Post Evacuate Collection Set: 1.2ms
[23.078s][info][gc,phases      ] GC(15)   Other: 0.2ms
[23.078s][info][gc,heap        ] GC(15) Eden regions: 200->0(210)
[23.078s][info][gc,heap        ] GC(15) Survivor regions: 4->4(26)
[23.078s][info][gc,heap        ] GC(15) Old regions: 11->11
[23.078s][info][gc,heap        ] GC(15) Humongous regions: 54->37
[23.078s][info][gc,metaspace   ] GC(15) Metaspace: 127869K(134876K)->127869K(134876K) NonClass: 109868K(113292K)->109868K(113292K) Class: 18000K(21584K)->18000K(21584K)
[23.078s][info][gc             ] GC(15) Pause Young (Normal) (G1 Evacuation Pause) 1060M->192M(8192M) 6.609ms
[23.078s][info][gc,cpu         ] GC(15) User=0.00s Sys=0.00s Real=0.00s
[23.185s][info][gc,start       ] GC(16) Pause Young (Normal) (G1 Evacuation Pause)
[23.185s][info][gc,task        ] GC(16) Using 6 workers of 6 for evacuation
[23.192s][info][gc,phases      ] GC(16)   Pre Evacuate Collection Set: 0.1ms
[23.192s][info][gc,phases      ] GC(16)   Evacuate Collection Set: 5.2ms
[23.192s][info][gc,phases      ] GC(16)   Post Evacuate Collection Set: 1.2ms
[23.192s][info][gc,phases      ] GC(16)   Other: 0.2ms
[23.192s][info][gc,heap        ] GC(16) Eden regions: 210->0(219)
[23.192s][info][gc,heap        ] GC(16) Survivor regions: 4->4(27)
[23.192s][info][gc,heap        ] GC(16) Old regions: 11->11
[23.192s][info][gc,heap        ] GC(16) Humongous regions: 64->46
[23.192s][info][gc,metaspace   ] GC(16) Metaspace: 127869K(134876K)->127869K(134876K) NonClass: 109869K(113292K)->109869K(113292K) Class: 18000K(21584K)->18000K(21584K)
[23.192s][info][gc             ] GC(16) Pause Young (Normal) (G1 Evacuation Pause) 1140M->226M(8192M) 6.790ms
[23.192s][info][gc,cpu         ] GC(16) User=0.00s Sys=0.00s Real=0.00s
[23.299s][info][gc,start       ] GC(17) Pause Young (Normal) (G1 Evacuation Pause)
[23.299s][info][gc,task        ] GC(17) Using 6 workers of 6 for evacuation
[23.306s][info][gc,phases      ] GC(17)   Pre Evacuate Collection Set: 0.1ms
[23.306s][info][gc,phases      ] GC(17)   Evacuate Collection Set: 5.0ms
[23.306s][info][gc,phases      ] GC(17)   Post Evacuate Collection Set: 1.5ms
[23.306s][info][gc,phases      ] GC(17)   Other: 0.2ms
[23.306s][info][gc,heap        ] GC(17) Eden regions: 219->0(933)
[23.306s][info][gc,heap        ] GC(17) Survivor regions: 4->3(28)
[23.306s][info][gc,heap        ] GC(17) Old regions: 11->11
[23.306s][info][gc,heap        ] GC(17) Humongous regions: 67->48
[23.306s][info][gc,metaspace   ] GC(17) Metaspace: 127872K(134876K)->127872K(134876K) NonClass: 109871K(113292K)->109871K(113292K) Class: 18000K(21584K)->18000K(21584K)
[23.306s][info][gc             ] GC(17) Pause Young (Normal) (G1 Evacuation Pause) 1186M->233M(8192M) 6.806ms
[23.306s][info][gc,cpu         ] GC(17) User=0.00s Sys=0.00s Real=0.02s
[24.116s][info][gc,start       ] GC(18) Pause Young (Normal) (G1 Evacuation Pause)
[24.116s][info][gc,task        ] GC(18) Using 6 workers of 6 for evacuation
[24.126s][info][gc,phases      ] GC(18)   Pre Evacuate Collection Set: 0.1ms
[24.126s][info][gc,phases      ] GC(18)   Evacuate Collection Set: 7.7ms
[24.126s][info][gc,phases      ] GC(18)   Post Evacuate Collection Set: 2.0ms
[24.126s][info][gc,phases      ] GC(18)   Other: 0.3ms
[24.126s][info][gc,heap        ] GC(18) Eden regions: 933->0(939)
[24.126s][info][gc,heap        ] GC(18) Survivor regions: 3->4(117)
[24.126s][info][gc,heap        ] GC(18) Old regions: 11->11
[24.126s][info][gc,heap        ] GC(18) Humongous regions: 162->70
[24.126s][info][gc,metaspace   ] GC(18) Metaspace: 127884K(134876K)->127884K(134876K) NonClass: 109884K(113292K)->109884K(113292K) Class: 18000K(21584K)->18000K(21584K)
[24.126s][info][gc             ] GC(18) Pause Young (Normal) (G1 Evacuation Pause) 4421M->324M(8192M) 10.190ms
[24.126s][info][gc,cpu         ] GC(18) User=0.00s Sys=0.00s Real=0.02s
[24.619s][info][gc,start       ] GC(19) Pause Young (Normal) (G1 Evacuation Pause)
[24.619s][info][gc,task        ] GC(19) Using 6 workers of 6 for evacuation
[24.631s][info][gc,phases      ] GC(19)   Pre Evacuate Collection Set: 0.1ms
[24.631s][info][gc,phases      ] GC(19)   Evacuate Collection Set: 9.3ms
[24.631s][info][gc,phases      ] GC(19)   Post Evacuate Collection Set: 2.4ms
[24.631s][info][gc,phases      ] GC(19)   Other: 0.2ms
[24.631s][info][gc,heap        ] GC(19) Eden regions: 939->0(947)
[24.631s][info][gc,heap        ] GC(19) Survivor regions: 4->5(118)
[24.631s][info][gc,heap        ] GC(19) Old regions: 11->11
[24.631s][info][gc,heap        ] GC(19) Humongous regions: 183->92
[24.631s][info][gc,metaspace   ] GC(19) Metaspace: 128295K(135260K)->128295K(135260K) NonClass: 110209K(113548K)->110209K(113548K) Class: 18085K(21712K)->18085K(21712K)
[24.631s][info][gc             ] GC(19) Pause Young (Normal) (G1 Evacuation Pause) 4532M->415M(8192M) 12.116ms
[24.631s][info][gc,cpu         ] GC(19) User=0.00s Sys=0.00s Real=0.02s
[25.124s][info][gc,start       ] GC(20) Pause Young (Normal) (G1 Evacuation Pause)
[25.124s][info][gc,task        ] GC(20) Using 6 workers of 6 for evacuation
[25.134s][info][gc,phases      ] GC(20)   Pre Evacuate Collection Set: 0.1ms
[25.134s][info][gc,phases      ] GC(20)   Evacuate Collection Set: 7.4ms
[25.134s][info][gc,phases      ] GC(20)   Post Evacuate Collection Set: 2.1ms
[25.134s][info][gc,phases      ] GC(20)   Other: 0.2ms
[25.134s][info][gc,heap        ] GC(20) Eden regions: 947->0(978)
[25.134s][info][gc,heap        ] GC(20) Survivor regions: 5->4(119)
[25.134s][info][gc,heap        ] GC(20) Old regions: 11->11
[25.134s][info][gc,heap        ] GC(20) Humongous regions: 213->117
[25.134s][info][gc,metaspace   ] GC(20) Metaspace: 128317K(135260K)->128317K(135260K) NonClass: 110231K(113548K)->110231K(113548K) Class: 18085K(21712K)->18085K(21712K)
[25.134s][info][gc             ] GC(20) Pause Young (Normal) (G1 Evacuation Pause) 4687M->514M(8192M) 9.928ms
[25.134s][info][gc,cpu         ] GC(20) User=0.00s Sys=0.00s Real=0.02s
[25.651s][info][gc,start       ] GC(21) Pause Young (Normal) (G1 Evacuation Pause)
[25.651s][info][gc,task        ] GC(21) Using 6 workers of 6 for evacuation
[25.661s][info][gc,phases      ] GC(21)   Pre Evacuate Collection Set: 0.1ms
[25.661s][info][gc,phases      ] GC(21)   Evacuate Collection Set: 7.2ms
[25.661s][info][gc,phases      ] GC(21)   Post Evacuate Collection Set: 2.4ms
[25.661s][info][gc,phases      ] GC(21)   Other: 0.2ms
[25.661s][info][gc,heap        ] GC(21) Eden regions: 978->0(984)
[25.661s][info][gc,heap        ] GC(21) Survivor regions: 4->5(123)
[25.661s][info][gc,heap        ] GC(21) Old regions: 11->11
[25.661s][info][gc,heap        ] GC(21) Humongous regions: 233->141
[25.661s][info][gc,metaspace   ] GC(21) Metaspace: 128369K(135516K)->128369K(135516K) NonClass: 110283K(113804K)->110283K(113804K) Class: 18085K(21712K)->18085K(21712K)
[25.661s][info][gc             ] GC(21) Pause Young (Normal) (G1 Evacuation Pause) 4890M->612M(8192M) 10.076ms
[25.661s][info][gc,cpu         ] GC(21) User=0.00s Sys=0.00s Real=0.02s
[26.152s][info][gc,start       ] GC(22) Pause Young (Normal) (G1 Evacuation Pause)
[26.152s][info][gc,task        ] GC(22) Using 6 workers of 6 for evacuation
[26.162s][info][gc,phases      ] GC(22)   Pre Evacuate Collection Set: 0.1ms
[26.162s][info][gc,phases      ] GC(22)   Evacuate Collection Set: 7.8ms
[26.162s][info][gc,phases      ] GC(22)   Post Evacuate Collection Set: 1.8ms
[26.162s][info][gc,phases      ] GC(22)   Other: 0.2ms
[26.162s][info][gc,heap        ] GC(22) Eden regions: 984->0(992)
[26.162s][info][gc,heap        ] GC(22) Survivor regions: 5->2(124)
[26.162s][info][gc,heap        ] GC(22) Old regions: 11->14
[26.162s][info][gc,heap        ] GC(22) Humongous regions: 259->163
[26.162s][info][gc,metaspace   ] GC(22) Metaspace: 128373K(135516K)->128373K(135516K) NonClass: 110287K(113804K)->110287K(113804K) Class: 18085K(21712K)->18085K(21712K)
[26.162s][info][gc             ] GC(22) Pause Young (Normal) (G1 Evacuation Pause) 5020M->699M(8192M) 9.975ms
[26.162s][info][gc,cpu         ] GC(22) User=0.00s Sys=0.02s Real=0.00s
[26.668s][info][gc,start       ] GC(23) Pause Young (Normal) (G1 Evacuation Pause)
[26.668s][info][gc,task        ] GC(23) Using 6 workers of 6 for evacuation
[26.673s][info][gc,phases      ] GC(23)   Pre Evacuate Collection Set: 0.1ms
[26.673s][info][gc,phases      ] GC(23)   Evacuate Collection Set: 2.8ms
[26.673s][info][gc,phases      ] GC(23)   Post Evacuate Collection Set: 1.6ms
[26.673s][info][gc,phases      ] GC(23)   Other: 0.3ms
[26.673s][info][gc,heap        ] GC(23) Eden regions: 992->0(1000)
[26.673s][info][gc,heap        ] GC(23) Survivor regions: 2->2(125)
[26.673s][info][gc,heap        ] GC(23) Old regions: 14->14
[26.673s][info][gc,heap        ] GC(23) Humongous regions: 285->186
[26.673s][info][gc,metaspace   ] GC(23) Metaspace: 128379K(135516K)->128379K(135516K) NonClass: 110293K(113804K)->110293K(113804K) Class: 18085K(21712K)->18085K(21712K)
[26.673s][info][gc             ] GC(23) Pause Young (Normal) (G1 Evacuation Pause) 5155M->791M(8192M) 4.989ms
[26.673s][info][gc,cpu         ] GC(23) User=0.00s Sys=0.02s Real=0.00s
[27.174s][info][gc,start       ] GC(24) Pause Young (Normal) (G1 Evacuation Pause)
[27.174s][info][gc,task        ] GC(24) Using 6 workers of 6 for evacuation
[27.178s][info][gc,phases      ] GC(24)   Pre Evacuate Collection Set: 0.1ms
[27.178s][info][gc,phases      ] GC(24)   Evacuate Collection Set: 1.9ms
[27.178s][info][gc,phases      ] GC(24)   Post Evacuate Collection Set: 1.5ms
[27.178s][info][gc,phases      ] GC(24)   Other: 0.2ms
[27.178s][info][gc,heap        ] GC(24) Eden regions: 1000->0(1007)
[27.178s][info][gc,heap        ] GC(24) Survivor regions: 2->2(126)
[27.178s][info][gc,heap        ] GC(24) Old regions: 14->14
[27.178s][info][gc,heap        ] GC(24) Humongous regions: 307->211
[27.178s][info][gc,metaspace   ] GC(24) Metaspace: 128385K(135516K)->128385K(135516K) NonClass: 110299K(113804K)->110299K(113804K) Class: 18085K(21712K)->18085K(21712K)
[27.178s][info][gc             ] GC(24) Pause Young (Normal) (G1 Evacuation Pause) 5275M->890M(8192M) 3.833ms
[27.178s][info][gc,cpu         ] GC(24) User=0.02s Sys=0.00s Real=0.01s
[27.690s][info][gc,start       ] GC(25) Pause Young (Normal) (G1 Evacuation Pause)
[27.690s][info][gc,task        ] GC(25) Using 6 workers of 6 for evacuation
[27.694s][info][gc,phases      ] GC(25)   Pre Evacuate Collection Set: 0.1ms
[27.694s][info][gc,phases      ] GC(25)   Evacuate Collection Set: 2.0ms
[27.694s][info][gc,phases      ] GC(25)   Post Evacuate Collection Set: 1.4ms
[27.694s][info][gc,phases      ] GC(25)   Other: 0.2ms
[27.694s][info][gc,heap        ] GC(25) Eden regions: 1007->0(1014)
[27.694s][info][gc,heap        ] GC(25) Survivor regions: 2->2(127)
[27.694s][info][gc,heap        ] GC(25) Old regions: 14->14
[27.694s][info][gc,heap        ] GC(25) Humongous regions: 335->238
[27.694s][info][gc,metaspace   ] GC(25) Metaspace: 128387K(135516K)->128387K(135516K) NonClass: 110301K(113804K)->110301K(113804K) Class: 18085K(21712K)->18085K(21712K)
[27.694s][info][gc             ] GC(25) Pause Young (Normal) (G1 Evacuation Pause) 5414M->998M(8192M) 3.868ms
[27.694s][info][gc,cpu         ] GC(25) User=0.00s Sys=0.00s Real=0.00s
[28.206s][info][gc,start       ] GC(26) Pause Young (Normal) (G1 Evacuation Pause)
[28.206s][info][gc,task        ] GC(26) Using 6 workers of 6 for evacuation
[28.211s][info][gc,phases      ] GC(26)   Pre Evacuate Collection Set: 0.1ms
[28.211s][info][gc,phases      ] GC(26)   Evacuate Collection Set: 2.1ms
[28.211s][info][gc,phases      ] GC(26)   Post Evacuate Collection Set: 1.9ms
[28.211s][info][gc,phases      ] GC(26)   Other: 0.2ms
[28.211s][info][gc,heap        ] GC(26) Eden regions: 1014->0(1022)
[28.211s][info][gc,heap        ] GC(26) Survivor regions: 2->2(127)
[28.211s][info][gc,heap        ] GC(26) Old regions: 14->14
[28.211s][info][gc,heap        ] GC(26) Humongous regions: 363->262
[28.211s][info][gc,metaspace   ] GC(26) Metaspace: 128402K(135516K)->128402K(135516K) NonClass: 110316K(113804K)->110316K(113804K) Class: 18085K(21712K)->18085K(21712K)
[28.211s][info][gc             ] GC(26) Pause Young (Normal) (G1 Evacuation Pause) 5554M->1094M(8192M) 4.526ms
[28.211s][info][gc,cpu         ] GC(26) User=0.02s Sys=0.00s Real=0.02s
[28.734s][info][gc,start       ] GC(27) Pause Young (Normal) (G1 Evacuation Pause)
[28.734s][info][gc,task        ] GC(27) Using 6 workers of 6 for evacuation
[28.738s][info][gc,phases      ] GC(27)   Pre Evacuate Collection Set: 0.1ms
[28.738s][info][gc,phases      ] GC(27)   Evacuate Collection Set: 2.4ms
[28.738s][info][gc,phases      ] GC(27)   Post Evacuate Collection Set: 1.4ms
[28.738s][info][gc,phases      ] GC(27)   Other: 0.2ms
[28.738s][info][gc,heap        ] GC(27) Eden regions: 1022->0(1029)
[28.738s][info][gc,heap        ] GC(27) Survivor regions: 2->2(128)
[28.738s][info][gc,heap        ] GC(27) Old regions: 14->14
[28.738s][info][gc,heap        ] GC(27) Humongous regions: 390->286
[28.738s][info][gc,metaspace   ] GC(27) Metaspace: 128418K(135516K)->128418K(135516K) NonClass: 110332K(113804K)->110332K(113804K) Class: 18085K(21712K)->18085K(21712K)
[28.738s][info][gc             ] GC(27) Pause Young (Normal) (G1 Evacuation Pause) 5694M->1192M(8192M) 4.297ms
[28.738s][info][gc,cpu         ] GC(27) User=0.00s Sys=0.00s Real=0.00s
[29.262s][info][gc,start       ] GC(28) Pause Young (Normal) (G1 Evacuation Pause)
[29.262s][info][gc,task        ] GC(28) Using 6 workers of 6 for evacuation
[29.267s][info][gc,phases      ] GC(28)   Pre Evacuate Collection Set: 0.1ms
[29.267s][info][gc,phases      ] GC(28)   Evacuate Collection Set: 2.8ms
[29.267s][info][gc,phases      ] GC(28)   Post Evacuate Collection Set: 1.7ms
[29.267s][info][gc,phases      ] GC(28)   Other: 0.3ms
[29.267s][info][gc,heap        ] GC(28) Eden regions: 1029->0(1036)
[29.267s][info][gc,heap        ] GC(28) Survivor regions: 2->3(129)
[29.267s][info][gc,heap        ] GC(28) Old regions: 14->14
[29.267s][info][gc,heap        ] GC(28) Humongous regions: 409->310
[29.267s][info][gc,metaspace   ] GC(28) Metaspace: 128418K(135516K)->128418K(135516K) NonClass: 110332K(113804K)->110332K(113804K) Class: 18085K(21712K)->18085K(21712K)
[29.267s][info][gc             ] GC(28) Pause Young (Normal) (G1 Evacuation Pause) 5800M->1291M(8192M) 5.078ms
[29.267s][info][gc,cpu         ] GC(28) User=0.00s Sys=0.00s Real=0.00s
[31.731s][info][gc,start       ] GC(29) Pause Young (Normal) (G1 Evacuation Pause)
[31.731s][info][gc,task        ] GC(29) Using 6 workers of 6 for evacuation
[31.742s][info][gc,phases      ] GC(29)   Pre Evacuate Collection Set: 0.1ms
[31.742s][info][gc,phases      ] GC(29)   Evacuate Collection Set: 8.2ms
[31.742s][info][gc,phases      ] GC(29)   Post Evacuate Collection Set: 2.4ms
[31.742s][info][gc,phases      ] GC(29)   Other: 0.3ms
[31.742s][info][gc,heap        ] GC(29) Eden regions: 1036->0(1044)
[31.742s][info][gc,heap        ] GC(29) Survivor regions: 3->4(130)
[31.742s][info][gc,heap        ] GC(29) Old regions: 14->14
[31.742s][info][gc,heap        ] GC(29) Humongous regions: 433->332
[31.742s][info][gc,metaspace   ] GC(29) Metaspace: 141335K(151772K)->141335K(151772K) NonClass: 120271K(125324K)->120271K(125324K) Class: 21063K(26448K)->21063K(26448K)
[31.742s][info][gc             ] GC(29) Pause Young (Normal) (G1 Evacuation Pause) 5927M->1381M(8192M) 11.027ms
[31.742s][info][gc,cpu         ] GC(29) User=0.02s Sys=0.00s Real=0.02s
[32.265s][info][gc,start       ] GC(30) Pause Young (Normal) (G1 Evacuation Pause)
[32.265s][info][gc,task        ] GC(30) Using 6 workers of 6 for evacuation
[32.273s][info][gc,phases      ] GC(30)   Pre Evacuate Collection Set: 0.2ms
[32.273s][info][gc,phases      ] GC(30)   Evacuate Collection Set: 5.3ms
[32.273s][info][gc,phases      ] GC(30)   Post Evacuate Collection Set: 2.0ms
[32.273s][info][gc,phases      ] GC(30)   Other: 0.3ms
[32.273s][info][gc,heap        ] GC(30) Eden regions: 1044->0(1075)
[32.273s][info][gc,heap        ] GC(30) Survivor regions: 4->4(131)
[32.273s][info][gc,heap        ] GC(30) Old regions: 14->14
[32.273s][info][gc,heap        ] GC(30) Humongous regions: 332->332
[32.273s][info][gc,metaspace   ] GC(30) Metaspace: 141360K(152028K)->141360K(152028K) NonClass: 120292K(125580K)->120292K(125580K) Class: 21067K(26448K)->21067K(26448K)
[32.273s][info][gc             ] GC(30) Pause Young (Normal) (G1 Evacuation Pause) 5557M->1381M(8192M) 7.821ms
[32.273s][info][gc,cpu         ] GC(30) User=0.00s Sys=0.00s Real=0.00s
[32.733s][info][gc,start       ] GC(31) Pause Young (Normal) (G1 Evacuation Pause)
[32.733s][info][gc,task        ] GC(31) Using 6 workers of 6 for evacuation
[32.741s][info][gc,phases      ] GC(31)   Pre Evacuate Collection Set: 0.1ms
[32.741s][info][gc,phases      ] GC(31)   Evacuate Collection Set: 5.1ms
[32.741s][info][gc,phases      ] GC(31)   Post Evacuate Collection Set: 2.0ms
[32.741s][info][gc,phases      ] GC(31)   Other: 0.3ms
[32.741s][info][gc,heap        ] GC(31) Eden regions: 1075->0(1123)
[32.741s][info][gc,heap        ] GC(31) Survivor regions: 4->4(135)
[32.741s][info][gc,heap        ] GC(31) Old regions: 14->14
[32.741s][info][gc,heap        ] GC(31) Humongous regions: 332->332
[32.741s][info][gc,metaspace   ] GC(31) Metaspace: 141362K(152028K)->141362K(152028K) NonClass: 120294K(125580K)->120294K(125580K) Class: 21067K(26448K)->21067K(26448K)
[32.741s][info][gc             ] GC(31) Pause Young (Normal) (G1 Evacuation Pause) 5681M->1382M(8192M) 7.542ms
[32.741s][info][gc,cpu         ] GC(31) User=0.00s Sys=0.00s Real=0.00s
[33.734s][info][gc,task        ] GC(32) Using 6 workers of 6 for full compaction
[33.734s][info][gc,start       ] GC(32) Pause Full (System.gc())
[33.735s][info][gc,phases,start] GC(32) Phase 1: Mark live objects
[33.766s][info][gc,stringtable ] GC(32) Cleaned string and symbol table, strings: 38680 processed, 274 removed, symbols: 300503 processed, 282 removed
[33.766s][info][gc,phases      ] GC(32) Phase 1: Mark live objects 31.177ms
[33.766s][info][gc,phases,start] GC(32) Phase 2: Prepare for compaction
[33.776s][info][gc,phases      ] GC(32) Phase 2: Prepare for compaction 9.604ms
[33.776s][info][gc,phases,start] GC(32) Phase 3: Adjust pointers
[33.787s][info][gc,phases      ] GC(32) Phase 3: Adjust pointers 11.175ms
[33.787s][info][gc,phases,start] GC(32) Phase 4: Compact heap
[33.801s][info][gc,phases      ] GC(32) Phase 4: Compact heap 14.311ms
[33.812s][info][gc,heap        ] GC(32) Eden regions: 920->0(1128)
[33.812s][info][gc,heap        ] GC(32) Survivor regions: 4->0(135)
[33.812s][info][gc,heap        ] GC(32) Old regions: 14->14
[33.812s][info][gc,heap        ] GC(32) Humongous regions: 334->332
[33.812s][info][gc,metaspace   ] GC(32) Metaspace: 144424K(155612K)->137831K(155612K) NonClass: 122774K(128396K)->118627K(128396K) Class: 21650K(27216K)->19203K(27216K)
[33.812s][info][gc             ] GC(32) Pause Full (System.gc()) 5068M->1377M(8192M) 77.994ms
[33.813s][info][gc,cpu         ] GC(32) User=0.06s Sys=0.02s Real=0.08s
[34.675s][info][gc,start       ] GC(33) Pause Young (Normal) (G1 Evacuation Pause)
[34.675s][info][gc,task        ] GC(33) Using 6 workers of 6 for evacuation
[34.679s][info][gc,phases      ] GC(33)   Pre Evacuate Collection Set: 0.1ms
[34.679s][info][gc,phases      ] GC(33)   Evacuate Collection Set: 1.7ms
[34.679s][info][gc,phases      ] GC(33)   Post Evacuate Collection Set: 1.6ms
[34.679s][info][gc,phases      ] GC(33)   Other: 0.3ms
[34.679s][info][gc,heap        ] GC(33) Eden regions: 1128->0(1227)
[34.679s][info][gc,heap        ] GC(33) Survivor regions: 0->1(141)
[34.679s][info][gc,heap        ] GC(33) Old regions: 14->14
[34.679s][info][gc,heap        ] GC(33) Humongous regions: 334->332
[34.679s][info][gc,metaspace   ] GC(33) Metaspace: 138134K(155740K)->138134K(155740K) NonClass: 118863K(128396K)->118863K(128396K) Class: 19271K(27344K)->19271K(27344K)
[34.679s][info][gc             ] GC(33) Pause Young (Normal) (G1 Evacuation Pause) 5897M->1380M(8192M) 3.826ms
[34.679s][info][gc,cpu         ] GC(33) User=0.00s Sys=0.00s Real=0.01s
[35.229s][info][gc,start       ] GC(34) Pause Young (Normal) (G1 Evacuation Pause)
[35.229s][info][gc,task        ] GC(34) Using 6 workers of 6 for evacuation
[35.232s][info][gc,phases      ] GC(34)   Pre Evacuate Collection Set: 0.1ms
[35.232s][info][gc,phases      ] GC(34)   Evacuate Collection Set: 1.3ms
[35.232s][info][gc,phases      ] GC(34)   Post Evacuate Collection Set: 1.7ms
[35.232s][info][gc,phases      ] GC(34)   Other: 0.3ms
[35.232s][info][gc,heap        ] GC(34) Eden regions: 1227->0(1227)
[35.232s][info][gc,heap        ] GC(34) Survivor regions: 1->1(154)
[35.232s][info][gc,heap        ] GC(34) Old regions: 14->14
[35.232s][info][gc,heap        ] GC(34) Humongous regions: 332->332
[35.232s][info][gc,metaspace   ] GC(34) Metaspace: 138136K(155740K)->138136K(155740K) NonClass: 118864K(128396K)->118864K(128396K) Class: 19271K(27344K)->19271K(27344K)
[35.232s][info][gc             ] GC(34) Pause Young (Normal) (G1 Evacuation Pause) 6288M->1379M(8192M) 3.492ms
[35.232s][info][gc,cpu         ] GC(34) User=0.00s Sys=0.00s Real=0.00s
[35.871s][info][gc,task        ] GC(35) Using 6 workers of 6 for full compaction
[35.871s][info][gc,start       ] GC(35) Pause Full (System.gc())
[35.872s][info][gc,phases,start] GC(35) Phase 1: Mark live objects
[35.903s][info][gc,stringtable ] GC(35) Cleaned string and symbol table, strings: 38565 processed, 34 removed, symbols: 300403 processed, 1166 removed
[35.903s][info][gc,phases      ] GC(35) Phase 1: Mark live objects 31.203ms
[35.903s][info][gc,phases,start] GC(35) Phase 2: Prepare for compaction
[35.911s][info][gc,phases      ] GC(35) Phase 2: Prepare for compaction 8.089ms
[35.911s][info][gc,phases,start] GC(35) Phase 3: Adjust pointers
[35.922s][info][gc,phases      ] GC(35) Phase 3: Adjust pointers 10.939ms
[35.922s][info][gc,phases,start] GC(35) Phase 4: Compact heap
[35.932s][info][gc,phases      ] GC(35) Phase 4: Compact heap 9.261ms
[35.939s][info][gc,heap        ] GC(35) Eden regions: 774->0(1228)
[35.939s][info][gc,heap        ] GC(35) Survivor regions: 1->0(154)
[35.939s][info][gc,heap        ] GC(35) Old regions: 14->15
[35.939s][info][gc,heap        ] GC(35) Humongous regions: 334->332
[35.939s][info][gc,metaspace   ] GC(35) Metaspace: 138274K(155740K)->138262K(155740K) NonClass: 119000K(128396K)->118990K(128396K) Class: 19274K(27344K)->19272K(27344K)
[35.939s][info][gc             ] GC(35) Pause Full (System.gc()) 4481M->1378M(8192M) 68.129ms
[35.939s][info][gc,cpu         ] GC(35) User=0.03s Sys=0.00s Real=0.06s
[36.721s][info][gc,start       ] GC(36) Pause Young (Normal) (G1 Evacuation Pause)
[36.721s][info][gc,task        ] GC(36) Using 6 workers of 6 for evacuation
[36.724s][info][gc,phases      ] GC(36)   Pre Evacuate Collection Set: 0.1ms
[36.724s][info][gc,phases      ] GC(36)   Evacuate Collection Set: 1.2ms
[36.724s][info][gc,phases      ] GC(36)   Post Evacuate Collection Set: 1.7ms
[36.724s][info][gc,phases      ] GC(36)   Other: 0.3ms
[36.724s][info][gc,heap        ] GC(36) Eden regions: 1228->0(1227)
[36.724s][info][gc,heap        ] GC(36) Survivor regions: 0->1(154)
[36.724s][info][gc,heap        ] GC(36) Old regions: 15->15
[36.724s][info][gc,heap        ] GC(36) Humongous regions: 334->332
[36.724s][info][gc,metaspace   ] GC(36) Metaspace: 138731K(156252K)->138731K(156252K) NonClass: 119427K(128908K)->119427K(128908K) Class: 19304K(27344K)->19304K(27344K)
[36.724s][info][gc             ] GC(36) Pause Young (Normal) (G1 Evacuation Pause) 6298M->1379M(8192M) 3.272ms
[36.724s][info][gc,cpu         ] GC(36) User=0.00s Sys=0.00s Real=0.00s
[37.212s][info][gc,start       ] GC(37) Pause Young (Normal) (G1 Evacuation Pause)
[37.212s][info][gc,task        ] GC(37) Using 6 workers of 6 for evacuation
[37.215s][info][gc,phases      ] GC(37)   Pre Evacuate Collection Set: 0.1ms
[37.215s][info][gc,phases      ] GC(37)   Evacuate Collection Set: 1.2ms
[37.215s][info][gc,phases      ] GC(37)   Post Evacuate Collection Set: 1.7ms
[37.215s][info][gc,phases      ] GC(37)   Other: 0.3ms
[37.215s][info][gc,heap        ] GC(37) Eden regions: 1227->0(1227)
[37.215s][info][gc,heap        ] GC(37) Survivor regions: 1->1(154)
[37.215s][info][gc,heap        ] GC(37) Old regions: 15->15
[37.215s][info][gc,heap        ] GC(37) Humongous regions: 332->332
[37.215s][info][gc,metaspace   ] GC(37) Metaspace: 138732K(156252K)->138732K(156252K) NonClass: 119427K(128908K)->119427K(128908K) Class: 19304K(27344K)->19304K(27344K)
[37.215s][info][gc             ] GC(37) Pause Young (Normal) (G1 Evacuation Pause) 6287M->1379M(8192M) 3.413ms
[37.215s][info][gc,cpu         ] GC(37) User=0.00s Sys=0.00s Real=0.00s
[37.763s][info][gc,task        ] GC(38) Using 6 workers of 6 for full compaction
[37.764s][info][gc,start       ] GC(38) Pause Full (System.gc())
[37.764s][info][gc,phases,start] GC(38) Phase 1: Mark live objects
[37.793s][info][gc,stringtable ] GC(38) Cleaned string and symbol table, strings: 38654 processed, 39 removed, symbols: 299308 processed, 8 removed
[37.793s][info][gc,phases      ] GC(38) Phase 1: Mark live objects 28.927ms
[37.793s][info][gc,phases,start] GC(38) Phase 2: Prepare for compaction
[37.802s][info][gc,phases      ] GC(38) Phase 2: Prepare for compaction 8.237ms
[37.802s][info][gc,phases,start] GC(38) Phase 3: Adjust pointers
[37.812s][info][gc,phases      ] GC(38) Phase 3: Adjust pointers 10.394ms
[37.812s][info][gc,phases,start] GC(38) Phase 4: Compact heap
[37.820s][info][gc,phases      ] GC(38) Phase 4: Compact heap 7.686ms
[37.828s][info][gc,heap        ] GC(38) Eden regions: 660->0(1228)
[37.828s][info][gc,heap        ] GC(38) Survivor regions: 1->0(154)
[37.828s][info][gc,heap        ] GC(38) Old regions: 15->15
[37.828s][info][gc,heap        ] GC(38) Humongous regions: 334->332
[37.828s][info][gc,metaspace   ] GC(38) Metaspace: 138872K(156252K)->138855K(156252K) NonClass: 119563K(128908K)->119552K(128908K) Class: 19309K(27344K)->19303K(27344K)
[37.828s][info][gc             ] GC(38) Pause Full (System.gc()) 4027M->1378M(8192M) 64.270ms
[37.828s][info][gc,cpu         ] GC(38) User=0.06s Sys=0.00s Real=0.06s
[38.579s][info][gc,start       ] GC(39) Pause Young (Normal) (G1 Evacuation Pause)
[38.579s][info][gc,task        ] GC(39) Using 6 workers of 6 for evacuation
[38.582s][info][gc,phases      ] GC(39)   Pre Evacuate Collection Set: 0.1ms
[38.582s][info][gc,phases      ] GC(39)   Evacuate Collection Set: 1.1ms
[38.582s][info][gc,phases      ] GC(39)   Post Evacuate Collection Set: 1.5ms
[38.582s][info][gc,phases      ] GC(39)   Other: 0.3ms
[38.582s][info][gc,heap        ] GC(39) Eden regions: 1228->0(1227)
[38.582s][info][gc,heap        ] GC(39) Survivor regions: 0->1(154)
[38.582s][info][gc,heap        ] GC(39) Old regions: 15->15
[38.582s][info][gc,heap        ] GC(39) Humongous regions: 334->332
[38.582s][info][gc,metaspace   ] GC(39) Metaspace: 139198K(156508K)->139198K(156508K) NonClass: 119889K(129164K)->119889K(129164K) Class: 19308K(27344K)->19308K(27344K)
[38.582s][info][gc             ] GC(39) Pause Young (Normal) (G1 Evacuation Pause) 6298M->1379M(8192M) 3.070ms
[38.582s][info][gc,cpu         ] GC(39) User=0.00s Sys=0.00s Real=0.00s
[39.079s][info][gc,start       ] GC(40) Pause Young (Normal) (G1 Evacuation Pause)
[39.079s][info][gc,task        ] GC(40) Using 6 workers of 6 for evacuation
[39.082s][info][gc,phases      ] GC(40)   Pre Evacuate Collection Set: 0.1ms
[39.082s][info][gc,phases      ] GC(40)   Evacuate Collection Set: 0.9ms
[39.082s][info][gc,phases      ] GC(40)   Post Evacuate Collection Set: 1.5ms
[39.082s][info][gc,phases      ] GC(40)   Other: 0.3ms
[39.082s][info][gc,heap        ] GC(40) Eden regions: 1227->0(1227)
[39.082s][info][gc,heap        ] GC(40) Survivor regions: 1->1(154)
[39.082s][info][gc,heap        ] GC(40) Old regions: 15->15
[39.082s][info][gc,heap        ] GC(40) Humongous regions: 332->332
[39.082s][info][gc,metaspace   ] GC(40) Metaspace: 139208K(156508K)->139208K(156508K) NonClass: 119900K(129164K)->119900K(129164K) Class: 19308K(27344K)->19308K(27344K)
[39.082s][info][gc             ] GC(40) Pause Young (Normal) (G1 Evacuation Pause) 6287M->1379M(8192M) 2.806ms
[39.082s][info][gc,cpu         ] GC(40) User=0.00s Sys=0.00s Real=0.00s
[39.572s][info][gc,task        ] GC(41) Using 6 workers of 6 for full compaction
[39.572s][info][gc,start       ] GC(41) Pause Full (System.gc())
[39.573s][info][gc,phases,start] GC(41) Phase 1: Mark live objects
[39.605s][info][gc,stringtable ] GC(41) Cleaned string and symbol table, strings: 38720 processed, 31 removed, symbols: 299334 processed, 14 removed
[39.605s][info][gc,phases      ] GC(41) Phase 1: Mark live objects 32.287ms
[39.605s][info][gc,phases,start] GC(41) Phase 2: Prepare for compaction
[39.614s][info][gc,phases      ] GC(41) Phase 2: Prepare for compaction 8.974ms
[39.615s][info][gc,phases,start] GC(41) Phase 3: Adjust pointers
[39.628s][info][gc,phases      ] GC(41) Phase 3: Adjust pointers 13.368ms
[39.628s][info][gc,phases,start] GC(41) Phase 4: Compact heap
[39.636s][info][gc,phases      ] GC(41) Phase 4: Compact heap 8.423ms
[39.645s][info][gc,heap        ] GC(41) Eden regions: 659->0(1228)
[39.645s][info][gc,heap        ] GC(41) Survivor regions: 1->0(154)
[39.645s][info][gc,heap        ] GC(41) Old regions: 15->15
[39.645s][info][gc,heap        ] GC(41) Humongous regions: 334->332
[39.645s][info][gc,metaspace   ] GC(41) Metaspace: 139297K(156508K)->139295K(156508K) NonClass: 119983K(129164K)->119982K(129164K) Class: 19314K(27344K)->19313K(27344K)
[39.645s][info][gc             ] GC(41) Pause Full (System.gc()) 4020M->1378M(8192M) 73.241ms
[39.646s][info][gc,cpu         ] GC(41) User=0.06s Sys=0.00s Real=0.08s
[40.278s][info][gc,start       ] GC(42) Pause Young (Normal) (G1 Evacuation Pause)
[40.278s][info][gc,task        ] GC(42) Using 6 workers of 6 for evacuation
[40.282s][info][gc,phases      ] GC(42)   Pre Evacuate Collection Set: 0.1ms
[40.282s][info][gc,phases      ] GC(42)   Evacuate Collection Set: 1.4ms
[40.282s][info][gc,phases      ] GC(42)   Post Evacuate Collection Set: 1.8ms
[40.282s][info][gc,phases      ] GC(42)   Other: 0.3ms
[40.282s][info][gc,heap        ] GC(42) Eden regions: 1228->0(1227)
[40.282s][info][gc,heap        ] GC(42) Survivor regions: 0->1(154)
[40.282s][info][gc,heap        ] GC(42) Old regions: 15->15
[40.282s][info][gc,heap        ] GC(42) Humongous regions: 334->332
[40.282s][info][gc,metaspace   ] GC(42) Metaspace: 139526K(156764K)->139526K(156764K) NonClass: 120212K(129420K)->120212K(129420K) Class: 19314K(27344K)->19314K(27344K)
[40.282s][info][gc             ] GC(42) Pause Young (Normal) (G1 Evacuation Pause) 6298M->1379M(8192M) 3.579ms
[40.282s][info][gc,cpu         ] GC(42) User=0.02s Sys=0.00s Real=0.02s
[40.781s][info][gc,start       ] GC(43) Pause Young (Normal) (G1 Evacuation Pause)
[40.781s][info][gc,task        ] GC(43) Using 6 workers of 6 for evacuation
[40.784s][info][gc,phases      ] GC(43)   Pre Evacuate Collection Set: 0.1ms
[40.784s][info][gc,phases      ] GC(43)   Evacuate Collection Set: 0.9ms
[40.784s][info][gc,phases      ] GC(43)   Post Evacuate Collection Set: 1.8ms
[40.784s][info][gc,phases      ] GC(43)   Other: 0.3ms
[40.784s][info][gc,heap        ] GC(43) Eden regions: 1227->0(1227)
[40.784s][info][gc,heap        ] GC(43) Survivor regions: 1->1(154)
[40.784s][info][gc,heap        ] GC(43) Old regions: 15->15
[40.784s][info][gc,heap        ] GC(43) Humongous regions: 332->332
[40.784s][info][gc,metaspace   ] GC(43) Metaspace: 139526K(156764K)->139526K(156764K) NonClass: 120212K(129420K)->120212K(129420K) Class: 19314K(27344K)->19314K(27344K)
[40.784s][info][gc             ] GC(43) Pause Young (Normal) (G1 Evacuation Pause) 6287M->1379M(8192M) 3.208ms
[40.784s][info][gc,cpu         ] GC(43) User=0.00s Sys=0.00s Real=0.00s
[41.353s][info][gc,task        ] GC(44) Using 6 workers of 6 for full compaction
[41.353s][info][gc,start       ] GC(44) Pause Full (System.gc())
[41.355s][info][gc,phases,start] GC(44) Phase 1: Mark live objects
[41.376s][info][gc,stringtable ] GC(44) Cleaned string and symbol table, strings: 38913 processed, 31 removed, symbols: 299325 processed, 1 removed
[41.376s][info][gc,phases      ] GC(44) Phase 1: Mark live objects 21.441ms
[41.376s][info][gc,phases,start] GC(44) Phase 2: Prepare for compaction
[41.384s][info][gc,phases      ] GC(44) Phase 2: Prepare for compaction 8.388ms
[41.384s][info][gc,phases,start] GC(44) Phase 3: Adjust pointers
[41.397s][info][gc,phases      ] GC(44) Phase 3: Adjust pointers 12.270ms
[41.397s][info][gc,phases,start] GC(44) Phase 4: Compact heap
[41.404s][info][gc,phases      ] GC(44) Phase 4: Compact heap 7.181ms
[41.413s][info][gc,heap        ] GC(44) Eden regions: 658->0(1228)
[41.413s][info][gc,heap        ] GC(44) Survivor regions: 1->0(154)
[41.413s][info][gc,heap        ] GC(44) Old regions: 15->16
[41.413s][info][gc,heap        ] GC(44) Humongous regions: 334->332
[41.413s][info][gc,metaspace   ] GC(44) Metaspace: 139601K(156764K)->139601K(156764K) NonClass: 120286K(129420K)->120286K(129420K) Class: 19315K(27344K)->19315K(27344K)
[41.413s][info][gc             ] GC(44) Pause Full (System.gc()) 4017M->1378M(8192M) 59.885ms
[41.413s][info][gc,cpu         ] GC(44) User=0.05s Sys=0.00s Real=0.06s
[42.052s][info][gc,start       ] GC(45) Pause Young (Normal) (G1 Evacuation Pause)
[42.052s][info][gc,task        ] GC(45) Using 6 workers of 6 for evacuation
[42.055s][info][gc,phases      ] GC(45)   Pre Evacuate Collection Set: 0.1ms
[42.055s][info][gc,phases      ] GC(45)   Evacuate Collection Set: 1.2ms
[42.055s][info][gc,phases      ] GC(45)   Post Evacuate Collection Set: 1.6ms
[42.055s][info][gc,phases      ] GC(45)   Other: 0.3ms
[42.055s][info][gc,heap        ] GC(45) Eden regions: 1228->0(1227)
[42.055s][info][gc,heap        ] GC(45) Survivor regions: 0->1(154)
[42.055s][info][gc,heap        ] GC(45) Old regions: 16->16
[42.055s][info][gc,heap        ] GC(45) Humongous regions: 334->332
[42.055s][info][gc,metaspace   ] GC(45) Metaspace: 139789K(157020K)->139789K(157020K) NonClass: 120473K(129676K)->120473K(129676K) Class: 19316K(27344K)->19316K(27344K)
[42.055s][info][gc             ] GC(45) Pause Young (Normal) (G1 Evacuation Pause) 6298M->1380M(8192M) 3.201ms
[42.055s][info][gc,cpu         ] GC(45) User=0.00s Sys=0.00s Real=0.00s
[42.545s][info][gc,start       ] GC(46) Pause Young (Normal) (G1 Evacuation Pause)
[42.545s][info][gc,task        ] GC(46) Using 6 workers of 6 for evacuation
[42.547s][info][gc,phases      ] GC(46)   Pre Evacuate Collection Set: 0.1ms
[42.547s][info][gc,phases      ] GC(46)   Evacuate Collection Set: 1.0ms
[42.547s][info][gc,phases      ] GC(46)   Post Evacuate Collection Set: 1.4ms
[42.548s][info][gc,phases      ] GC(46)   Other: 0.3ms
[42.548s][info][gc,heap        ] GC(46) Eden regions: 1227->0(1227)
[42.548s][info][gc,heap        ] GC(46) Survivor regions: 1->1(154)
[42.548s][info][gc,heap        ] GC(46) Old regions: 16->16
[42.548s][info][gc,heap        ] GC(46) Humongous regions: 332->332
[42.548s][info][gc,metaspace   ] GC(46) Metaspace: 139789K(157020K)->139789K(157020K) NonClass: 120473K(129676K)->120473K(129676K) Class: 19316K(27344K)->19316K(27344K)
[42.548s][info][gc             ] GC(46) Pause Young (Normal) (G1 Evacuation Pause) 6288M->1380M(8192M) 2.768ms
[42.548s][info][gc,cpu         ] GC(46) User=0.00s Sys=0.00s Real=0.00s
[43.070s][info][gc,task        ] GC(47) Using 6 workers of 6 for full compaction
[43.070s][info][gc,start       ] GC(47) Pause Full (System.gc())
[43.073s][info][gc,phases,start] GC(47) Phase 1: Mark live objects
[43.097s][info][gc,stringtable ] GC(47) Cleaned string and symbol table, strings: 39169 processed, 31 removed, symbols: 299330 processed, 0 removed
[43.097s][info][gc,phases      ] GC(47) Phase 1: Mark live objects 23.918ms
[43.097s][info][gc,phases,start] GC(47) Phase 2: Prepare for compaction
[43.106s][info][gc,phases      ] GC(47) Phase 2: Prepare for compaction 9.350ms
[43.106s][info][gc,phases,start] GC(47) Phase 3: Adjust pointers
[43.121s][info][gc,phases      ] GC(47) Phase 3: Adjust pointers 14.618ms
[43.121s][info][gc,phases,start] GC(47) Phase 4: Compact heap
[43.129s][info][gc,phases      ] GC(47) Phase 4: Compact heap 8.154ms
[43.138s][info][gc,heap        ] GC(47) Eden regions: 657->0(1228)
[43.138s][info][gc,heap        ] GC(47) Survivor regions: 1->0(154)
[43.138s][info][gc,heap        ] GC(47) Old regions: 16->15
[43.138s][info][gc,heap        ] GC(47) Humongous regions: 334->332
[43.138s][info][gc,metaspace   ] GC(47) Metaspace: 139876K(157020K)->139876K(157020K) NonClass: 120558K(129676K)->120558K(129676K) Class: 19317K(27344K)->19317K(27344K)
[43.138s][info][gc             ] GC(47) Pause Full (System.gc()) 4014M->1378M(8192M) 67.791ms
[43.138s][info][gc,cpu         ] GC(47) User=0.03s Sys=0.00s Real=0.06s
[43.789s][info][gc,start       ] GC(48) Pause Young (Normal) (G1 Evacuation Pause)
[43.789s][info][gc,task        ] GC(48) Using 6 workers of 6 for evacuation
[43.792s][info][gc,phases      ] GC(48)   Pre Evacuate Collection Set: 0.1ms
[43.792s][info][gc,phases      ] GC(48)   Evacuate Collection Set: 1.1ms
[43.792s][info][gc,phases      ] GC(48)   Post Evacuate Collection Set: 1.5ms
[43.792s][info][gc,phases      ] GC(48)   Other: 0.3ms
[43.792s][info][gc,heap        ] GC(48) Eden regions: 1228->0(1227)
[43.792s][info][gc,heap        ] GC(48) Survivor regions: 0->1(154)
[43.792s][info][gc,heap        ] GC(48) Old regions: 15->15
[43.792s][info][gc,heap        ] GC(48) Humongous regions: 334->332
[43.792s][info][gc,metaspace   ] GC(48) Metaspace: 140037K(157276K)->140037K(157276K) NonClass: 120719K(129932K)->120719K(129932K) Class: 19318K(27344K)->19318K(27344K)
[43.792s][info][gc             ] GC(48) Pause Young (Normal) (G1 Evacuation Pause) 6298M->1380M(8192M) 3.042ms
[43.792s][info][gc,cpu         ] GC(48) User=0.00s Sys=0.00s Real=0.00s
[44.281s][info][gc,start       ] GC(49) Pause Young (Normal) (G1 Evacuation Pause)
[44.281s][info][gc,task        ] GC(49) Using 6 workers of 6 for evacuation
[44.283s][info][gc,phases      ] GC(49)   Pre Evacuate Collection Set: 0.1ms
[44.284s][info][gc,phases      ] GC(49)   Evacuate Collection Set: 1.0ms
[44.284s][info][gc,phases      ] GC(49)   Post Evacuate Collection Set: 1.4ms
[44.284s][info][gc,phases      ] GC(49)   Other: 0.3ms
[44.284s][info][gc,heap        ] GC(49) Eden regions: 1227->0(1227)
[44.284s][info][gc,heap        ] GC(49) Survivor regions: 1->1(154)
[44.284s][info][gc,heap        ] GC(49) Old regions: 15->15
[44.284s][info][gc,heap        ] GC(49) Humongous regions: 332->332
[44.284s][info][gc,metaspace   ] GC(49) Metaspace: 140037K(157276K)->140037K(157276K) NonClass: 120719K(129932K)->120719K(129932K) Class: 19318K(27344K)->19318K(27344K)
[44.284s][info][gc             ] GC(49) Pause Young (Normal) (G1 Evacuation Pause) 6288M->1380M(8192M) 2.824ms
[44.284s][info][gc,cpu         ] GC(49) User=0.00s Sys=0.00s Real=0.00s
[44.790s][info][gc,task        ] GC(50) Using 6 workers of 6 for full compaction
[44.790s][info][gc,start       ] GC(50) Pause Full (System.gc())
[44.791s][info][gc,phases,start] GC(50) Phase 1: Mark live objects
[44.813s][info][gc,stringtable ] GC(50) Cleaned string and symbol table, strings: 39384 processed, 31 removed, symbols: 299334 processed, 0 removed
[44.813s][info][gc,phases      ] GC(50) Phase 1: Mark live objects 22.269ms
[44.813s][info][gc,phases,start] GC(50) Phase 2: Prepare for compaction
[44.821s][info][gc,phases      ] GC(50) Phase 2: Prepare for compaction 7.822ms
[44.821s][info][gc,phases,start] GC(50) Phase 3: Adjust pointers
[44.834s][info][gc,phases      ] GC(50) Phase 3: Adjust pointers 12.892ms
[44.834s][info][gc,phases,start] GC(50) Phase 4: Compact heap
[44.841s][info][gc,phases      ] GC(50) Phase 4: Compact heap 6.291ms
[44.850s][info][gc,heap        ] GC(50) Eden regions: 658->0(1228)
[44.850s][info][gc,heap        ] GC(50) Survivor regions: 1->0(154)
[44.850s][info][gc,heap        ] GC(50) Old regions: 15->16
[44.850s][info][gc,heap        ] GC(50) Humongous regions: 334->332
[44.850s][info][gc,metaspace   ] GC(50) Metaspace: 140117K(157276K)->140117K(157276K) NonClass: 120797K(129932K)->120797K(129932K) Class: 19319K(27344K)->19319K(27344K)
[44.850s][info][gc             ] GC(50) Pause Full (System.gc()) 4016M->1378M(8192M) 60.270ms
[44.850s][info][gc,cpu         ] GC(50) User=0.03s Sys=0.00s Real=0.05s
[45.468s][info][gc,start       ] GC(51) Pause Young (Normal) (G1 Evacuation Pause)
[45.468s][info][gc,task        ] GC(51) Using 6 workers of 6 for evacuation
[45.471s][info][gc,phases      ] GC(51)   Pre Evacuate Collection Set: 0.1ms
[45.471s][info][gc,phases      ] GC(51)   Evacuate Collection Set: 1.2ms
[45.471s][info][gc,phases      ] GC(51)   Post Evacuate Collection Set: 1.4ms
[45.471s][info][gc,phases      ] GC(51)   Other: 0.3ms
[45.471s][info][gc,heap        ] GC(51) Eden regions: 1228->0(1227)
[45.471s][info][gc,heap        ] GC(51) Survivor regions: 0->1(154)
[45.471s][info][gc,heap        ] GC(51) Old regions: 16->16
[45.471s][info][gc,heap        ] GC(51) Humongous regions: 334->332
[45.471s][info][gc,metaspace   ] GC(51) Metaspace: 140285K(157532K)->140285K(157532K) NonClass: 120964K(130188K)->120964K(130188K) Class: 19321K(27344K)->19321K(27344K)
[45.471s][info][gc             ] GC(51) Pause Young (Normal) (G1 Evacuation Pause) 6298M->1380M(8192M) 3.001ms
[45.471s][info][gc,cpu         ] GC(51) User=0.00s Sys=0.00s Real=0.00s
[45.972s][info][gc,start       ] GC(52) Pause Young (Normal) (G1 Evacuation Pause)
[45.972s][info][gc,task        ] GC(52) Using 6 workers of 6 for evacuation
[45.975s][info][gc,phases      ] GC(52)   Pre Evacuate Collection Set: 0.1ms
[45.975s][info][gc,phases      ] GC(52)   Evacuate Collection Set: 1.0ms
[45.975s][info][gc,phases      ] GC(52)   Post Evacuate Collection Set: 1.4ms
[45.975s][info][gc,phases      ] GC(52)   Other: 0.3ms
[45.975s][info][gc,heap        ] GC(52) Eden regions: 1227->0(1227)
[45.975s][info][gc,heap        ] GC(52) Survivor regions: 1->1(154)
[45.975s][info][gc,heap        ] GC(52) Old regions: 16->16
[45.975s][info][gc,heap        ] GC(52) Humongous regions: 332->332
[45.975s][info][gc,metaspace   ] GC(52) Metaspace: 140285K(157532K)->140285K(157532K) NonClass: 120964K(130188K)->120964K(130188K) Class: 19321K(27344K)->19321K(27344K)
[45.975s][info][gc             ] GC(52) Pause Young (Normal) (G1 Evacuation Pause) 6288M->1380M(8192M) 2.820ms
[45.975s][info][gc,cpu         ] GC(52) User=0.00s Sys=0.00s Real=0.00s
[46.506s][info][gc,task        ] GC(53) Using 6 workers of 6 for full compaction
[46.506s][info][gc,start       ] GC(53) Pause Full (System.gc())
[46.508s][info][gc,phases,start] GC(53) Phase 1: Mark live objects
[46.530s][info][gc,stringtable ] GC(53) Cleaned string and symbol table, strings: 39428 processed, 31 removed, symbols: 299340 processed, 0 removed
[46.530s][info][gc,phases      ] GC(53) Phase 1: Mark live objects 22.703ms
[46.531s][info][gc,phases,start] GC(53) Phase 2: Prepare for compaction
[46.538s][info][gc,phases      ] GC(53) Phase 2: Prepare for compaction 7.914ms
[46.538s][info][gc,phases,start] GC(53) Phase 3: Adjust pointers
[46.552s][info][gc,phases      ] GC(53) Phase 3: Adjust pointers 13.323ms
[46.552s][info][gc,phases,start] GC(53) Phase 4: Compact heap
[46.559s][info][gc,phases      ] GC(53) Phase 4: Compact heap 6.669ms
[46.568s][info][gc,heap        ] GC(53) Eden regions: 655->0(1228)
[46.568s][info][gc,heap        ] GC(53) Survivor regions: 1->0(154)
[46.568s][info][gc,heap        ] GC(53) Old regions: 16->17
[46.568s][info][gc,heap        ] GC(53) Humongous regions: 334->332
[46.568s][info][gc,metaspace   ] GC(53) Metaspace: 140348K(157532K)->140348K(157532K) NonClass: 121027K(130188K)->121027K(130188K) Class: 19321K(27344K)->19321K(27344K)
[46.568s][info][gc             ] GC(53) Pause Full (System.gc()) 4006M->1378M(8192M) 62.315ms
[46.569s][info][gc,cpu         ] GC(53) User=0.03s Sys=0.00s Real=0.06s
[47.190s][info][gc,start       ] GC(54) Pause Young (Normal) (G1 Evacuation Pause)
[47.190s][info][gc,task        ] GC(54) Using 6 workers of 6 for evacuation
[47.193s][info][gc,phases      ] GC(54)   Pre Evacuate Collection Set: 0.1ms
[47.193s][info][gc,phases      ] GC(54)   Evacuate Collection Set: 1.3ms
[47.193s][info][gc,phases      ] GC(54)   Post Evacuate Collection Set: 1.5ms
[47.193s][info][gc,phases      ] GC(54)   Other: 0.3ms
[47.193s][info][gc,heap        ] GC(54) Eden regions: 1228->0(1227)
[47.193s][info][gc,heap        ] GC(54) Survivor regions: 0->1(154)
[47.193s][info][gc,heap        ] GC(54) Old regions: 17->17
[47.193s][info][gc,heap        ] GC(54) Humongous regions: 334->332
[47.193s][info][gc,metaspace   ] GC(54) Metaspace: 140475K(157532K)->140475K(157532K) NonClass: 121153K(130188K)->121153K(130188K) Class: 19321K(27344K)->19321K(27344K)
[47.193s][info][gc             ] GC(54) Pause Young (Normal) (G1 Evacuation Pause) 6298M->1380M(8192M) 3.230ms
[47.193s][info][gc,cpu         ] GC(54) User=0.02s Sys=0.00s Real=0.02s
[47.691s][info][gc,start       ] GC(55) Pause Young (Normal) (G1 Evacuation Pause)
[47.691s][info][gc,task        ] GC(55) Using 6 workers of 6 for evacuation
[47.694s][info][gc,phases      ] GC(55)   Pre Evacuate Collection Set: 0.1ms
[47.694s][info][gc,phases      ] GC(55)   Evacuate Collection Set: 1.1ms
[47.694s][info][gc,phases      ] GC(55)   Post Evacuate Collection Set: 1.5ms
[47.694s][info][gc,phases      ] GC(55)   Other: 0.2ms
[47.694s][info][gc,heap        ] GC(55) Eden regions: 1227->0(1227)
[47.694s][info][gc,heap        ] GC(55) Survivor regions: 1->1(154)
[47.694s][info][gc,heap        ] GC(55) Old regions: 17->17
[47.694s][info][gc,heap        ] GC(55) Humongous regions: 332->332
[47.694s][info][gc,metaspace   ] GC(55) Metaspace: 140475K(157532K)->140475K(157532K) NonClass: 121153K(130188K)->121153K(130188K) Class: 19321K(27344K)->19321K(27344K)
[47.694s][info][gc             ] GC(55) Pause Young (Normal) (G1 Evacuation Pause) 6288M->1380M(8192M) 3.041ms
[47.694s][info][gc,cpu         ] GC(55) User=0.02s Sys=0.00s Real=0.02s
[48.201s][info][gc,task        ] GC(56) Using 6 workers of 6 for full compaction
[48.202s][info][gc,start       ] GC(56) Pause Full (System.gc())
[48.203s][info][gc,phases,start] GC(56) Phase 1: Mark live objects
[48.226s][info][gc,stringtable ] GC(56) Cleaned string and symbol table, strings: 39538 processed, 31 removed, symbols: 299341 processed, 1 removed
[48.226s][info][gc,phases      ] GC(56) Phase 1: Mark live objects 23.197ms
[48.226s][info][gc,phases,start] GC(56) Phase 2: Prepare for compaction
[48.234s][info][gc,phases      ] GC(56) Phase 2: Prepare for compaction 7.762ms
[48.234s][info][gc,phases,start] GC(56) Phase 3: Adjust pointers
[48.248s][info][gc,phases      ] GC(56) Phase 3: Adjust pointers 13.980ms
[48.248s][info][gc,phases,start] GC(56) Phase 4: Compact heap
[48.255s][info][gc,phases      ] GC(56) Phase 4: Compact heap 6.862ms
[48.265s][info][gc,heap        ] GC(56) Eden regions: 654->0(1228)
[48.265s][info][gc,heap        ] GC(56) Survivor regions: 1->0(154)
[48.265s][info][gc,heap        ] GC(56) Old regions: 17->17
[48.265s][info][gc,heap        ] GC(56) Humongous regions: 334->332
[48.265s][info][gc,metaspace   ] GC(56) Metaspace: 140513K(157532K)->140513K(157532K) NonClass: 121191K(130188K)->121191K(130188K) Class: 19321K(27344K)->19321K(27344K)
[48.265s][info][gc             ] GC(56) Pause Full (System.gc()) 4002M->1378M(8192M) 63.720ms
[48.265s][info][gc,cpu         ] GC(56) User=0.05s Sys=0.00s Real=0.06s
[48.871s][info][gc,start       ] GC(57) Pause Young (Normal) (G1 Evacuation Pause)
[48.871s][info][gc,task        ] GC(57) Using 6 workers of 6 for evacuation
[48.874s][info][gc,phases      ] GC(57)   Pre Evacuate Collection Set: 0.1ms
[48.874s][info][gc,phases      ] GC(57)   Evacuate Collection Set: 1.2ms
[48.874s][info][gc,phases      ] GC(57)   Post Evacuate Collection Set: 1.4ms
[48.874s][info][gc,phases      ] GC(57)   Other: 0.3ms
[48.874s][info][gc,heap        ] GC(57) Eden regions: 1228->0(1227)
[48.874s][info][gc,heap        ] GC(57) Survivor regions: 0->1(154)
[48.874s][info][gc,heap        ] GC(57) Old regions: 17->17
[48.874s][info][gc,heap        ] GC(57) Humongous regions: 334->332
[48.874s][info][gc,metaspace   ] GC(57) Metaspace: 140616K(157788K)->140616K(157788K) NonClass: 121294K(130444K)->121294K(130444K) Class: 19321K(27344K)->19321K(27344K)
[48.874s][info][gc             ] GC(57) Pause Young (Normal) (G1 Evacuation Pause) 6298M->1380M(8192M) 3.040ms
[48.874s][info][gc,cpu         ] GC(57) User=0.00s Sys=0.00s Real=0.00s
[49.363s][info][gc,start       ] GC(58) Pause Young (Normal) (G1 Evacuation Pause)
[49.364s][info][gc,task        ] GC(58) Using 6 workers of 6 for evacuation
[49.366s][info][gc,phases      ] GC(58)   Pre Evacuate Collection Set: 0.1ms
[49.366s][info][gc,phases      ] GC(58)   Evacuate Collection Set: 1.0ms
[49.366s][info][gc,phases      ] GC(58)   Post Evacuate Collection Set: 1.4ms
[49.366s][info][gc,phases      ] GC(58)   Other: 0.3ms
[49.366s][info][gc,heap        ] GC(58) Eden regions: 1227->0(1227)
[49.366s][info][gc,heap        ] GC(58) Survivor regions: 1->1(154)
[49.366s][info][gc,heap        ] GC(58) Old regions: 17->17
[49.366s][info][gc,heap        ] GC(58) Humongous regions: 332->332
[49.366s][info][gc,metaspace   ] GC(58) Metaspace: 140616K(157788K)->140616K(157788K) NonClass: 121294K(130444K)->121294K(130444K) Class: 19321K(27344K)->19321K(27344K)
[49.366s][info][gc             ] GC(58) Pause Young (Normal) (G1 Evacuation Pause) 6288M->1380M(8192M) 2.810ms
[49.366s][info][gc,cpu         ] GC(58) User=0.00s Sys=0.00s Real=0.00s
[49.897s][info][gc,task        ] GC(59) Using 6 workers of 6 for full compaction
[49.897s][info][gc,start       ] GC(59) Pause Full (System.gc())
[49.899s][info][gc,phases,start] GC(59) Phase 1: Mark live objects
[49.923s][info][gc,stringtable ] GC(59) Cleaned string and symbol table, strings: 39574 processed, 31 removed, symbols: 299340 processed, 0 removed
[49.924s][info][gc,phases      ] GC(59) Phase 1: Mark live objects 24.895ms
[49.924s][info][gc,phases,start] GC(59) Phase 2: Prepare for compaction
[49.931s][info][gc,phases      ] GC(59) Phase 2: Prepare for compaction 7.029ms
[49.931s][info][gc,phases,start] GC(59) Phase 3: Adjust pointers
[49.943s][info][gc,phases      ] GC(59) Phase 3: Adjust pointers 12.200ms
[49.943s][info][gc,phases,start] GC(59) Phase 4: Compact heap
[49.949s][info][gc,phases      ] GC(59) Phase 4: Compact heap 5.861ms
[49.959s][info][gc,heap        ] GC(59) Eden regions: 655->0(1228)
[49.959s][info][gc,heap        ] GC(59) Survivor regions: 1->0(154)
[49.959s][info][gc,heap        ] GC(59) Old regions: 17->17
[49.959s][info][gc,heap        ] GC(59) Humongous regions: 334->332
[49.959s][info][gc,metaspace   ] GC(59) Metaspace: 140687K(157788K)->140687K(157788K) NonClass: 121366K(130444K)->121366K(130444K) Class: 19321K(27344K)->19321K(27344K)
[49.959s][info][gc             ] GC(59) Pause Full (System.gc()) 4005M->1378M(8192M) 61.678ms
[49.959s][info][gc,cpu         ] GC(59) User=0.02s Sys=0.00s Real=0.06s
[50.537s][info][gc,start       ] GC(60) Pause Young (Normal) (G1 Evacuation Pause)
[50.537s][info][gc,task        ] GC(60) Using 6 workers of 6 for evacuation
[50.540s][info][gc,phases      ] GC(60)   Pre Evacuate Collection Set: 0.1ms
[50.540s][info][gc,phases      ] GC(60)   Evacuate Collection Set: 1.2ms
[50.540s][info][gc,phases      ] GC(60)   Post Evacuate Collection Set: 1.5ms
[50.540s][info][gc,phases      ] GC(60)   Other: 0.3ms
[50.540s][info][gc,heap        ] GC(60) Eden regions: 1228->0(1227)
[50.540s][info][gc,heap        ] GC(60) Survivor regions: 0->1(154)
[50.540s][info][gc,heap        ] GC(60) Old regions: 17->17
[50.540s][info][gc,heap        ] GC(60) Humongous regions: 334->332
[50.540s][info][gc,metaspace   ] GC(60) Metaspace: 140803K(157788K)->140803K(157788K) NonClass: 121481K(130444K)->121481K(130444K) Class: 19321K(27344K)->19321K(27344K)
[50.540s][info][gc             ] GC(60) Pause Young (Normal) (G1 Evacuation Pause) 6298M->1380M(8192M) 3.101ms
[50.540s][info][gc,cpu         ] GC(60) User=0.00s Sys=0.00s Real=0.00s
[51.037s][info][gc,start       ] GC(61) Pause Young (Normal) (G1 Evacuation Pause)
[51.037s][info][gc,task        ] GC(61) Using 6 workers of 6 for evacuation
[51.040s][info][gc,phases      ] GC(61)   Pre Evacuate Collection Set: 0.1ms
[51.040s][info][gc,phases      ] GC(61)   Evacuate Collection Set: 1.1ms
[51.040s][info][gc,phases      ] GC(61)   Post Evacuate Collection Set: 1.4ms
[51.040s][info][gc,phases      ] GC(61)   Other: 0.3ms
[51.040s][info][gc,heap        ] GC(61) Eden regions: 1227->0(1227)
[51.040s][info][gc,heap        ] GC(61) Survivor regions: 1->1(154)
[51.040s][info][gc,heap        ] GC(61) Old regions: 17->17
[51.040s][info][gc,heap        ] GC(61) Humongous regions: 332->332
[51.040s][info][gc,metaspace   ] GC(61) Metaspace: 140803K(157788K)->140803K(157788K) NonClass: 121481K(130444K)->121481K(130444K) Class: 19321K(27344K)->19321K(27344K)
[51.040s][info][gc             ] GC(61) Pause Young (Normal) (G1 Evacuation Pause) 6288M->1380M(8192M) 2.872ms
[51.040s][info][gc,cpu         ] GC(61) User=0.02s Sys=0.00s Real=0.02s
[51.568s][info][gc,task        ] GC(62) Using 6 workers of 6 for full compaction
[51.568s][info][gc,start       ] GC(62) Pause Full (System.gc())
[51.570s][info][gc,phases,start] GC(62) Phase 1: Mark live objects
[51.593s][info][gc,stringtable ] GC(62) Cleaned string and symbol table, strings: 39603 processed, 31 removed, symbols: 299340 processed, 0 removed
[51.593s][info][gc,phases      ] GC(62) Phase 1: Mark live objects 22.663ms
[51.593s][info][gc,phases,start] GC(62) Phase 2: Prepare for compaction
[51.600s][info][gc,phases      ] GC(62) Phase 2: Prepare for compaction 7.267ms
[51.600s][info][gc,phases,start] GC(62) Phase 3: Adjust pointers
[51.613s][info][gc,phases      ] GC(62) Phase 3: Adjust pointers 12.885ms
[51.613s][info][gc,phases,start] GC(62) Phase 4: Compact heap
[51.620s][info][gc,phases      ] GC(62) Phase 4: Compact heap 6.609ms
[51.629s][info][gc,heap        ] GC(62) Eden regions: 655->0(1228)
[51.630s][info][gc,heap        ] GC(62) Survivor regions: 1->0(154)
[51.630s][info][gc,heap        ] GC(62) Old regions: 17->17
[51.630s][info][gc,heap        ] GC(62) Humongous regions: 334->332
[51.630s][info][gc,metaspace   ] GC(62) Metaspace: 140839K(157788K)->140839K(157788K) NonClass: 121517K(130444K)->121517K(130444K) Class: 19321K(27344K)->19321K(27344K)
[51.630s][info][gc             ] GC(62) Pause Full (System.gc()) 4006M->1378M(8192M) 61.217ms
[51.630s][info][gc,cpu         ] GC(62) User=0.05s Sys=0.00s Real=0.06s
[52.233s][info][gc,start       ] GC(63) Pause Young (Normal) (G1 Evacuation Pause)
[52.233s][info][gc,task        ] GC(63) Using 6 workers of 6 for evacuation
[52.236s][info][gc,phases      ] GC(63)   Pre Evacuate Collection Set: 0.1ms
[52.236s][info][gc,phases      ] GC(63)   Evacuate Collection Set: 1.1ms
[52.236s][info][gc,phases      ] GC(63)   Post Evacuate Collection Set: 1.7ms
[52.236s][info][gc,phases      ] GC(63)   Other: 0.3ms
[52.236s][info][gc,heap        ] GC(63) Eden regions: 1228->0(1227)
[52.236s][info][gc,heap        ] GC(63) Survivor regions: 0->1(154)
[52.236s][info][gc,heap        ] GC(63) Old regions: 17->17
[52.236s][info][gc,heap        ] GC(63) Humongous regions: 334->332
[52.236s][info][gc,metaspace   ] GC(63) Metaspace: 140935K(158044K)->140935K(158044K) NonClass: 121613K(130700K)->121613K(130700K) Class: 19321K(27344K)->19321K(27344K)
[52.236s][info][gc             ] GC(63) Pause Young (Normal) (G1 Evacuation Pause) 6298M->1380M(8192M) 3.294ms
[52.236s][info][gc,cpu         ] GC(63) User=0.00s Sys=0.00s Real=0.00s
[52.732s][info][gc,start       ] GC(64) Pause Young (Normal) (G1 Evacuation Pause)
[52.732s][info][gc,task        ] GC(64) Using 6 workers of 6 for evacuation
[52.735s][info][gc,phases      ] GC(64)   Pre Evacuate Collection Set: 0.1ms
[52.735s][info][gc,phases      ] GC(64)   Evacuate Collection Set: 1.0ms
[52.735s][info][gc,phases      ] GC(64)   Post Evacuate Collection Set: 1.6ms
[52.735s][info][gc,phases      ] GC(64)   Other: 0.3ms
[52.735s][info][gc,heap        ] GC(64) Eden regions: 1227->0(1227)
[52.735s][info][gc,heap        ] GC(64) Survivor regions: 1->1(154)
[52.735s][info][gc,heap        ] GC(64) Old regions: 17->17
[52.735s][info][gc,heap        ] GC(64) Humongous regions: 332->332
[52.735s][info][gc,metaspace   ] GC(64) Metaspace: 140935K(158044K)->140935K(158044K) NonClass: 121613K(130700K)->121613K(130700K) Class: 19321K(27344K)->19321K(27344K)
[52.735s][info][gc             ] GC(64) Pause Young (Normal) (G1 Evacuation Pause) 6288M->1380M(8192M) 3.081ms
[52.736s][info][gc,cpu         ] GC(64) User=0.00s Sys=0.00s Real=0.01s
[53.252s][info][gc,task        ] GC(65) Using 6 workers of 6 for full compaction
[53.252s][info][gc,start       ] GC(65) Pause Full (System.gc())
[53.254s][info][gc,phases,start] GC(65) Phase 1: Mark live objects
[53.278s][info][gc,stringtable ] GC(65) Cleaned string and symbol table, strings: 39626 processed, 31 removed, symbols: 299340 processed, 0 removed
[53.278s][info][gc,phases      ] GC(65) Phase 1: Mark live objects 23.796ms
[53.278s][info][gc,phases,start] GC(65) Phase 2: Prepare for compaction
[53.285s][info][gc,phases      ] GC(65) Phase 2: Prepare for compaction 7.760ms
[53.286s][info][gc,phases,start] GC(65) Phase 3: Adjust pointers
[53.299s][info][gc,phases      ] GC(65) Phase 3: Adjust pointers 12.953ms
[53.299s][info][gc,phases,start] GC(65) Phase 4: Compact heap
[53.305s][info][gc,phases      ] GC(65) Phase 4: Compact heap 6.864ms
[53.316s][info][gc,heap        ] GC(65) Eden regions: 654->0(1228)
[53.316s][info][gc,heap        ] GC(65) Survivor regions: 1->0(154)
[53.316s][info][gc,heap        ] GC(65) Old regions: 17->16
[53.316s][info][gc,heap        ] GC(65) Humongous regions: 334->332
[53.316s][info][gc,metaspace   ] GC(65) Metaspace: 141000K(158044K)->141000K(158044K) NonClass: 121678K(130700K)->121678K(130700K) Class: 19321K(27344K)->19321K(27344K)
[53.316s][info][gc             ] GC(65) Pause Full (System.gc()) 4002M->1378M(8192M) 63.696ms
[53.316s][info][gc,cpu         ] GC(65) User=0.02s Sys=0.00s Real=0.07s
[53.903s][info][gc,start       ] GC(66) Pause Young (Normal) (G1 Evacuation Pause)
[53.903s][info][gc,task        ] GC(66) Using 6 workers of 6 for evacuation
[53.905s][info][gc,phases      ] GC(66)   Pre Evacuate Collection Set: 0.1ms
[53.905s][info][gc,phases      ] GC(66)   Evacuate Collection Set: 1.1ms
[53.905s][info][gc,phases      ] GC(66)   Post Evacuate Collection Set: 1.4ms
[53.905s][info][gc,phases      ] GC(66)   Other: 0.3ms
[53.905s][info][gc,heap        ] GC(66) Eden regions: 1228->0(1227)
[53.905s][info][gc,heap        ] GC(66) Survivor regions: 0->1(154)
[53.905s][info][gc,heap        ] GC(66) Old regions: 16->16
[53.905s][info][gc,heap        ] GC(66) Humongous regions: 334->332
[53.905s][info][gc,metaspace   ] GC(66) Metaspace: 141130K(158044K)->141130K(158044K) NonClass: 121808K(130700K)->121808K(130700K) Class: 19321K(27344K)->19321K(27344K)
[53.905s][info][gc             ] GC(66) Pause Young (Normal) (G1 Evacuation Pause) 6298M->1380M(8192M) 2.963ms
[53.906s][info][gc,cpu         ] GC(66) User=0.00s Sys=0.00s Real=0.00s
[54.398s][info][gc,start       ] GC(67) Pause Young (Normal) (G1 Evacuation Pause)
[54.398s][info][gc,task        ] GC(67) Using 6 workers of 6 for evacuation
[54.400s][info][gc,phases      ] GC(67)   Pre Evacuate Collection Set: 0.1ms
[54.400s][info][gc,phases      ] GC(67)   Evacuate Collection Set: 1.0ms
[54.400s][info][gc,phases      ] GC(67)   Post Evacuate Collection Set: 1.4ms
[54.400s][info][gc,phases      ] GC(67)   Other: 0.3ms
[54.400s][info][gc,heap        ] GC(67) Eden regions: 1227->0(1227)
[54.400s][info][gc,heap        ] GC(67) Survivor regions: 1->1(154)
[54.400s][info][gc,heap        ] GC(67) Old regions: 16->16
[54.400s][info][gc,heap        ] GC(67) Humongous regions: 332->332
[54.400s][info][gc,metaspace   ] GC(67) Metaspace: 141131K(158044K)->141131K(158044K) NonClass: 121810K(130700K)->121810K(130700K) Class: 19321K(27344K)->19321K(27344K)
[54.400s][info][gc             ] GC(67) Pause Young (Normal) (G1 Evacuation Pause) 6288M->1380M(8192M) 2.741ms
[54.400s][info][gc,cpu         ] GC(67) User=0.00s Sys=0.00s Real=0.00s
[54.927s][info][gc,task        ] GC(68) Using 6 workers of 6 for full compaction
[54.927s][info][gc,start       ] GC(68) Pause Full (System.gc())
[54.931s][info][gc,phases,start] GC(68) Phase 1: Mark live objects
[54.955s][info][gc,stringtable ] GC(68) Cleaned string and symbol table, strings: 39636 processed, 31 removed, symbols: 299340 processed, 0 removed
[54.955s][info][gc,phases      ] GC(68) Phase 1: Mark live objects 24.255ms
[54.955s][info][gc,phases,start] GC(68) Phase 2: Prepare for compaction
[54.962s][info][gc,phases      ] GC(68) Phase 2: Prepare for compaction 7.532ms
[54.962s][info][gc,phases,start] GC(68) Phase 3: Adjust pointers
[54.977s][info][gc,phases      ] GC(68) Phase 3: Adjust pointers 14.065ms
[54.977s][info][gc,phases,start] GC(68) Phase 4: Compact heap
[54.983s][info][gc,phases      ] GC(68) Phase 4: Compact heap 6.081ms
[54.993s][info][gc,heap        ] GC(68) Eden regions: 655->0(1228)
[54.993s][info][gc,heap        ] GC(68) Survivor regions: 1->0(154)
[54.993s][info][gc,heap        ] GC(68) Old regions: 16->17
[54.993s][info][gc,heap        ] GC(68) Humongous regions: 334->332
[54.993s][info][gc,metaspace   ] GC(68) Metaspace: 141183K(158300K)->141183K(158300K) NonClass: 121861K(130956K)->121861K(130956K) Class: 19321K(27344K)->19321K(27344K)
[54.993s][info][gc             ] GC(68) Pause Full (System.gc()) 4007M->1378M(8192M) 66.119ms
[54.994s][info][gc,cpu         ] GC(68) User=0.06s Sys=0.00s Real=0.06s
[55.570s][info][gc,start       ] GC(69) Pause Young (Normal) (G1 Evacuation Pause)
[55.570s][info][gc,task        ] GC(69) Using 6 workers of 6 for evacuation
[55.573s][info][gc,phases      ] GC(69)   Pre Evacuate Collection Set: 0.1ms
[55.573s][info][gc,phases      ] GC(69)   Evacuate Collection Set: 1.2ms
[55.573s][info][gc,phases      ] GC(69)   Post Evacuate Collection Set: 1.4ms
[55.573s][info][gc,phases      ] GC(69)   Other: 0.3ms
[55.573s][info][gc,heap        ] GC(69) Eden regions: 1228->0(1227)
[55.573s][info][gc,heap        ] GC(69) Survivor regions: 0->1(154)
[55.573s][info][gc,heap        ] GC(69) Old regions: 17->17
[55.573s][info][gc,heap        ] GC(69) Humongous regions: 334->332
[55.573s][info][gc,metaspace   ] GC(69) Metaspace: 141313K(158300K)->141313K(158300K) NonClass: 121991K(130956K)->121991K(130956K) Class: 19321K(27344K)->19321K(27344K)
[55.573s][info][gc             ] GC(69) Pause Young (Normal) (G1 Evacuation Pause) 6298M->1380M(8192M) 3.121ms
[55.573s][info][gc,cpu         ] GC(69) User=0.00s Sys=0.00s Real=0.00s
[56.070s][info][gc,start       ] GC(70) Pause Young (Normal) (G1 Evacuation Pause)
[56.070s][info][gc,task        ] GC(70) Using 6 workers of 6 for evacuation
[56.073s][info][gc,phases      ] GC(70)   Pre Evacuate Collection Set: 0.1ms
[56.073s][info][gc,phases      ] GC(70)   Evacuate Collection Set: 1.0ms
[56.073s][info][gc,phases      ] GC(70)   Post Evacuate Collection Set: 1.4ms
[56.073s][info][gc,phases      ] GC(70)   Other: 0.3ms
[56.073s][info][gc,heap        ] GC(70) Eden regions: 1227->0(1227)
[56.073s][info][gc,heap        ] GC(70) Survivor regions: 1->1(154)
[56.073s][info][gc,heap        ] GC(70) Old regions: 17->17
[56.073s][info][gc,heap        ] GC(70) Humongous regions: 332->332
[56.073s][info][gc,metaspace   ] GC(70) Metaspace: 141313K(158300K)->141313K(158300K) NonClass: 121991K(130956K)->121991K(130956K) Class: 19321K(27344K)->19321K(27344K)
[56.073s][info][gc             ] GC(70) Pause Young (Normal) (G1 Evacuation Pause) 6288M->1380M(8192M) 2.844ms
[56.073s][info][gc,cpu         ] GC(70) User=0.00s Sys=0.00s Real=0.00s
[56.598s][info][gc,task        ] GC(71) Using 6 workers of 6 for full compaction
[56.598s][info][gc,start       ] GC(71) Pause Full (System.gc())
[56.600s][info][gc,phases,start] GC(71) Phase 1: Mark live objects
[56.627s][info][gc,stringtable ] GC(71) Cleaned string and symbol table, strings: 39671 processed, 31 removed, symbols: 299342 processed, 0 removed
[56.627s][info][gc,phases      ] GC(71) Phase 1: Mark live objects 26.692ms
[56.627s][info][gc,phases,start] GC(71) Phase 2: Prepare for compaction
[56.636s][info][gc,phases      ] GC(71) Phase 2: Prepare for compaction 9.223ms
[56.636s][info][gc,phases,start] GC(71) Phase 3: Adjust pointers
[56.650s][info][gc,phases      ] GC(71) Phase 3: Adjust pointers 14.518ms
[56.650s][info][gc,phases,start] GC(71) Phase 4: Compact heap
[56.657s][info][gc,phases      ] GC(71) Phase 4: Compact heap 6.265ms
[56.667s][info][gc,heap        ] GC(71) Eden regions: 653->0(1228)
[56.667s][info][gc,heap        ] GC(71) Survivor regions: 1->0(154)
[56.667s][info][gc,heap        ] GC(71) Old regions: 17->16
[56.667s][info][gc,heap        ] GC(71) Humongous regions: 334->332
[56.667s][info][gc,metaspace   ] GC(71) Metaspace: 141379K(158300K)->141379K(158300K) NonClass: 122056K(130956K)->122056K(130956K) Class: 19322K(27344K)->19322K(27344K)
[56.667s][info][gc             ] GC(71) Pause Full (System.gc()) 3999M->1379M(8192M) 69.203ms
[56.667s][info][gc,cpu         ] GC(71) User=0.02s Sys=0.00s Real=0.08s
[57.235s][info][gc,start       ] GC(72) Pause Young (Normal) (G1 Evacuation Pause)
[57.235s][info][gc,task        ] GC(72) Using 6 workers of 6 for evacuation
[57.239s][info][gc,phases      ] GC(72)   Pre Evacuate Collection Set: 0.1ms
[57.239s][info][gc,phases      ] GC(72)   Evacuate Collection Set: 1.3ms
[57.239s][info][gc,phases      ] GC(72)   Post Evacuate Collection Set: 1.5ms
[57.239s][info][gc,phases      ] GC(72)   Other: 0.3ms
[57.239s][info][gc,heap        ] GC(72) Eden regions: 1228->0(1227)
[57.239s][info][gc,heap        ] GC(72) Survivor regions: 0->1(154)
[57.239s][info][gc,heap        ] GC(72) Old regions: 16->16
[57.239s][info][gc,heap        ] GC(72) Humongous regions: 334->332
[57.239s][info][gc,metaspace   ] GC(72) Metaspace: 141485K(158300K)->141485K(158300K) NonClass: 122160K(130956K)->122160K(130956K) Class: 19324K(27344K)->19324K(27344K)
[57.239s][info][gc             ] GC(72) Pause Young (Normal) (G1 Evacuation Pause) 6299M->1380M(8192M) 3.316ms
[57.239s][info][gc,cpu         ] GC(72) User=0.02s Sys=0.00s Real=0.00s
[57.735s][info][gc,start       ] GC(73) Pause Young (Normal) (G1 Evacuation Pause)
[57.735s][info][gc,task        ] GC(73) Using 6 workers of 6 for evacuation
[57.738s][info][gc,phases      ] GC(73)   Pre Evacuate Collection Set: 0.1ms
[57.738s][info][gc,phases      ] GC(73)   Evacuate Collection Set: 1.1ms
[57.738s][info][gc,phases      ] GC(73)   Post Evacuate Collection Set: 1.3ms
[57.738s][info][gc,phases      ] GC(73)   Other: 0.3ms
[57.738s][info][gc,heap        ] GC(73) Eden regions: 1227->0(1227)
[57.738s][info][gc,heap        ] GC(73) Survivor regions: 1->1(154)
[57.738s][info][gc,heap        ] GC(73) Old regions: 16->16
[57.738s][info][gc,heap        ] GC(73) Humongous regions: 332->332
[57.738s][info][gc,metaspace   ] GC(73) Metaspace: 141485K(158300K)->141485K(158300K) NonClass: 122160K(130956K)->122160K(130956K) Class: 19324K(27344K)->19324K(27344K)
[57.738s][info][gc             ] GC(73) Pause Young (Normal) (G1 Evacuation Pause) 6288M->1380M(8192M) 2.806ms
[57.738s][info][gc,cpu         ] GC(73) User=0.00s Sys=0.00s Real=0.00s
[58.261s][info][gc,task        ] GC(74) Using 6 workers of 6 for full compaction
[58.262s][info][gc,start       ] GC(74) Pause Full (System.gc())
[58.264s][info][gc,phases,start] GC(74) Phase 1: Mark live objects
[58.287s][info][gc,stringtable ] GC(74) Cleaned string and symbol table, strings: 39705 processed, 31 removed, symbols: 299348 processed, 1 removed
[58.287s][info][gc,phases      ] GC(74) Phase 1: Mark live objects 23.529ms
[58.287s][info][gc,phases,start] GC(74) Phase 2: Prepare for compaction
[58.294s][info][gc,phases      ] GC(74) Phase 2: Prepare for compaction 7.369ms
[58.295s][info][gc,phases,start] GC(74) Phase 3: Adjust pointers
[58.308s][info][gc,phases      ] GC(74) Phase 3: Adjust pointers 13.793ms
[58.308s][info][gc,phases,start] GC(74) Phase 4: Compact heap
[58.315s][info][gc,phases      ] GC(74) Phase 4: Compact heap 6.327ms
[58.326s][info][gc,heap        ] GC(74) Eden regions: 651->0(1228)
[58.326s][info][gc,heap        ] GC(74) Survivor regions: 1->0(154)
[58.326s][info][gc,heap        ] GC(74) Old regions: 16->17
[58.326s][info][gc,heap        ] GC(74) Humongous regions: 334->332
[58.326s][info][gc,metaspace   ] GC(74) Metaspace: 141543K(158556K)->141543K(158556K) NonClass: 122218K(131212K)->122218K(131212K) Class: 19324K(27344K)->19324K(27344K)
[58.326s][info][gc             ] GC(74) Pause Full (System.gc()) 3990M->1379M(8192M) 64.131ms
[58.326s][info][gc,cpu         ] GC(74) User=0.03s Sys=0.00s Real=0.06s
[58.909s][info][gc,start       ] GC(75) Pause Young (Normal) (G1 Evacuation Pause)
[58.909s][info][gc,task        ] GC(75) Using 6 workers of 6 for evacuation
[58.912s][info][gc,phases      ] GC(75)   Pre Evacuate Collection Set: 0.1ms
[58.912s][info][gc,phases      ] GC(75)   Evacuate Collection Set: 1.2ms
[58.912s][info][gc,phases      ] GC(75)   Post Evacuate Collection Set: 1.4ms
[58.912s][info][gc,phases      ] GC(75)   Other: 0.3ms
[58.912s][info][gc,heap        ] GC(75) Eden regions: 1228->0(1227)
[58.912s][info][gc,heap        ] GC(75) Survivor regions: 0->1(154)
[58.912s][info][gc,heap        ] GC(75) Old regions: 17->17
[58.912s][info][gc,heap        ] GC(75) Humongous regions: 334->332
[58.912s][info][gc,metaspace   ] GC(75) Metaspace: 141753K(158556K)->141753K(158556K) NonClass: 122402K(131212K)->122402K(131212K) Class: 19351K(27344K)->19351K(27344K)
[58.912s][info][gc             ] GC(75) Pause Young (Normal) (G1 Evacuation Pause) 6299M->1380M(8192M) 3.002ms
[58.912s][info][gc,cpu         ] GC(75) User=0.00s Sys=0.00s Real=0.00s
[59.401s][info][gc,start       ] GC(76) Pause Young (Normal) (G1 Evacuation Pause)
[59.401s][info][gc,task        ] GC(76) Using 6 workers of 6 for evacuation
[59.404s][info][gc,phases      ] GC(76)   Pre Evacuate Collection Set: 0.1ms
[59.404s][info][gc,phases      ] GC(76)   Evacuate Collection Set: 1.0ms
[59.404s][info][gc,phases      ] GC(76)   Post Evacuate Collection Set: 1.6ms
[59.404s][info][gc,phases      ] GC(76)   Other: 0.3ms
[59.404s][info][gc,heap        ] GC(76) Eden regions: 1227->0(1227)
[59.404s][info][gc,heap        ] GC(76) Survivor regions: 1->1(154)
[59.404s][info][gc,heap        ] GC(76) Old regions: 17->17
[59.404s][info][gc,heap        ] GC(76) Humongous regions: 332->332
[59.404s][info][gc,metaspace   ] GC(76) Metaspace: 141753K(158556K)->141753K(158556K) NonClass: 122402K(131212K)->122402K(131212K) Class: 19351K(27344K)->19351K(27344K)
[59.404s][info][gc             ] GC(76) Pause Young (Normal) (G1 Evacuation Pause) 6288M->1380M(8192M) 3.102ms
[59.404s][info][gc,cpu         ] GC(76) User=0.00s Sys=0.00s Real=0.00s
[59.936s][info][gc,task        ] GC(77) Using 6 workers of 6 for full compaction
[59.936s][info][gc,start       ] GC(77) Pause Full (System.gc())
[59.938s][info][gc,phases,start] GC(77) Phase 1: Mark live objects
[59.973s][info][gc,stringtable ] GC(77) Cleaned string and symbol table, strings: 39759 processed, 31 removed, symbols: 299395 processed, 0 removed
[59.973s][info][gc,phases      ] GC(77) Phase 1: Mark live objects 34.120ms
[59.973s][info][gc,phases,start] GC(77) Phase 2: Prepare for compaction
[59.980s][info][gc,phases      ] GC(77) Phase 2: Prepare for compaction 7.450ms
[59.980s][info][gc,phases,start] GC(77) Phase 3: Adjust pointers
[59.994s][info][gc,phases      ] GC(77) Phase 3: Adjust pointers 13.830ms
[59.994s][info][gc,phases,start] GC(77) Phase 4: Compact heap
[60.000s][info][gc,phases      ] GC(77) Phase 4: Compact heap 6.302ms
[60.012s][info][gc,heap        ] GC(77) Eden regions: 653->0(1228)
[60.012s][info][gc,heap        ] GC(77) Survivor regions: 1->0(154)
[60.012s][info][gc,heap        ] GC(77) Old regions: 17->17
[60.012s][info][gc,heap        ] GC(77) Humongous regions: 334->332
[60.012s][info][gc,metaspace   ] GC(77) Metaspace: 141864K(158556K)->141825K(158556K) NonClass: 122505K(131212K)->122482K(131212K) Class: 19359K(27344K)->19343K(27344K)
[60.012s][info][gc             ] GC(77) Pause Full (System.gc()) 4000M->1379M(8192M) 75.540ms
[60.012s][info][gc,cpu         ] GC(77) User=0.03s Sys=0.00s Real=0.08s
[60.586s][info][gc,start       ] GC(78) Pause Young (Normal) (G1 Evacuation Pause)
[60.586s][info][gc,task        ] GC(78) Using 6 workers of 6 for evacuation
[60.589s][info][gc,phases      ] GC(78)   Pre Evacuate Collection Set: 0.1ms
[60.589s][info][gc,phases      ] GC(78)   Evacuate Collection Set: 1.1ms
[60.589s][info][gc,phases      ] GC(78)   Post Evacuate Collection Set: 1.7ms
[60.589s][info][gc,phases      ] GC(78)   Other: 0.3ms
[60.590s][info][gc,heap        ] GC(78) Eden regions: 1228->0(1227)
[60.590s][info][gc,heap        ] GC(78) Survivor regions: 0->1(154)
[60.590s][info][gc,heap        ] GC(78) Old regions: 17->17
[60.590s][info][gc,heap        ] GC(78) Humongous regions: 334->332
[60.590s][info][gc,metaspace   ] GC(78) Metaspace: 141940K(158812K)->141940K(158812K) NonClass: 122584K(131468K)->122584K(131468K) Class: 19356K(27344K)->19356K(27344K)
[60.590s][info][gc             ] GC(78) Pause Young (Normal) (G1 Evacuation Pause) 6299M->1380M(8192M) 3.305ms
[60.590s][info][gc,cpu         ] GC(78) User=0.02s Sys=0.00s Real=0.02s
[61.090s][info][gc,start       ] GC(79) Pause Young (Normal) (G1 Evacuation Pause)
[61.090s][info][gc,task        ] GC(79) Using 6 workers of 6 for evacuation
[61.093s][info][gc,phases      ] GC(79)   Pre Evacuate Collection Set: 0.1ms
[61.093s][info][gc,phases      ] GC(79)   Evacuate Collection Set: 1.2ms
[61.093s][info][gc,phases      ] GC(79)   Post Evacuate Collection Set: 1.6ms
[61.093s][info][gc,phases      ] GC(79)   Other: 0.4ms
[61.093s][info][gc,heap        ] GC(79) Eden regions: 1227->0(1227)
[61.093s][info][gc,heap        ] GC(79) Survivor regions: 1->1(154)
[61.093s][info][gc,heap        ] GC(79) Old regions: 17->17
[61.093s][info][gc,heap        ] GC(79) Humongous regions: 332->332
[61.093s][info][gc,metaspace   ] GC(79) Metaspace: 141940K(158812K)->141940K(158812K) NonClass: 122584K(131468K)->122584K(131468K) Class: 19356K(27344K)->19356K(27344K)
[61.093s][info][gc             ] GC(79) Pause Young (Normal) (G1 Evacuation Pause) 6288M->1380M(8192M) 3.373ms
[61.093s][info][gc,cpu         ] GC(79) User=0.02s Sys=0.00s Real=0.02s
[61.621s][info][gc,task        ] GC(80) Using 6 workers of 6 for full compaction
[61.621s][info][gc,start       ] GC(80) Pause Full (System.gc())
[61.624s][info][gc,phases,start] GC(80) Phase 1: Mark live objects
[61.656s][info][gc,stringtable ] GC(80) Cleaned string and symbol table, strings: 39793 processed, 31 removed, symbols: 299395 processed, 0 removed
[61.656s][info][gc,phases      ] GC(80) Phase 1: Mark live objects 31.493ms
[61.656s][info][gc,phases,start] GC(80) Phase 2: Prepare for compaction
[61.664s][info][gc,phases      ] GC(80) Phase 2: Prepare for compaction 8.061ms
[61.664s][info][gc,phases,start] GC(80) Phase 3: Adjust pointers
[61.678s][info][gc,phases      ] GC(80) Phase 3: Adjust pointers 13.954ms
[61.678s][info][gc,phases,start] GC(80) Phase 4: Compact heap
[61.684s][info][gc,phases      ] GC(80) Phase 4: Compact heap 5.667ms
[61.695s][info][gc,heap        ] GC(80) Eden regions: 651->0(1228)
[61.695s][info][gc,heap        ] GC(80) Survivor regions: 1->0(154)
[61.695s][info][gc,heap        ] GC(80) Old regions: 17->17
[61.695s][info][gc,heap        ] GC(80) Humongous regions: 334->332
[61.696s][info][gc,metaspace   ] GC(80) Metaspace: 141981K(158812K)->141957K(158812K) NonClass: 122625K(131468K)->122609K(131468K) Class: 19356K(27344K)->19347K(27344K)
[61.696s][info][gc             ] GC(80) Pause Full (System.gc()) 3988M->1379M(8192M) 74.414ms
[61.696s][info][gc,cpu         ] GC(80) User=0.02s Sys=0.00s Real=0.08s
[62.284s][info][gc,start       ] GC(81) Pause Young (Normal) (G1 Evacuation Pause)
[62.284s][info][gc,task        ] GC(81) Using 6 workers of 6 for evacuation
[62.287s][info][gc,phases      ] GC(81)   Pre Evacuate Collection Set: 0.1ms
[62.287s][info][gc,phases      ] GC(81)   Evacuate Collection Set: 1.2ms
[62.287s][info][gc,phases      ] GC(81)   Post Evacuate Collection Set: 1.5ms
[62.287s][info][gc,phases      ] GC(81)   Other: 0.3ms
[62.287s][info][gc,heap        ] GC(81) Eden regions: 1228->0(1227)
[62.287s][info][gc,heap        ] GC(81) Survivor regions: 0->1(154)
[62.287s][info][gc,heap        ] GC(81) Old regions: 17->17
[62.287s][info][gc,heap        ] GC(81) Humongous regions: 334->332
[62.287s][info][gc,metaspace   ] GC(81) Metaspace: 142036K(158812K)->142036K(158812K) NonClass: 122688K(131468K)->122688K(131468K) Class: 19347K(27344K)->19347K(27344K)
[62.287s][info][gc             ] GC(81) Pause Young (Normal) (G1 Evacuation Pause) 6299M->1381M(8192M) 3.066ms
[62.287s][info][gc,cpu         ] GC(81) User=0.02s Sys=0.00s Real=0.00s
[62.782s][info][gc,start       ] GC(82) Pause Young (Normal) (G1 Evacuation Pause)
[62.782s][info][gc,task        ] GC(82) Using 6 workers of 6 for evacuation
[62.785s][info][gc,phases      ] GC(82)   Pre Evacuate Collection Set: 0.1ms
[62.785s][info][gc,phases      ] GC(82)   Evacuate Collection Set: 1.2ms
[62.785s][info][gc,phases      ] GC(82)   Post Evacuate Collection Set: 1.6ms
[62.785s][info][gc,phases      ] GC(82)   Other: 0.3ms
[62.785s][info][gc,heap        ] GC(82) Eden regions: 1227->0(1227)
[62.785s][info][gc,heap        ] GC(82) Survivor regions: 1->1(154)
[62.785s][info][gc,heap        ] GC(82) Old regions: 17->17
[62.785s][info][gc,heap        ] GC(82) Humongous regions: 332->332
[62.785s][info][gc,metaspace   ] GC(82) Metaspace: 142036K(158812K)->142036K(158812K) NonClass: 122688K(131468K)->122688K(131468K) Class: 19347K(27344K)->19347K(27344K)
[62.785s][info][gc             ] GC(82) Pause Young (Normal) (G1 Evacuation Pause) 6289M->1381M(8192M) 3.240ms
[62.785s][info][gc,cpu         ] GC(82) User=0.00s Sys=0.00s Real=0.00s
[63.287s][info][gc,task        ] GC(83) Using 6 workers of 6 for full compaction
[63.287s][info][gc,start       ] GC(83) Pause Full (System.gc())
[63.290s][info][gc,phases,start] GC(83) Phase 1: Mark live objects
[63.317s][info][gc,stringtable ] GC(83) Cleaned string and symbol table, strings: 39798 processed, 31 removed, symbols: 299395 processed, 0 removed
[63.317s][info][gc,phases      ] GC(83) Phase 1: Mark live objects 26.405ms
[63.317s][info][gc,phases,start] GC(83) Phase 2: Prepare for compaction
[63.325s][info][gc,phases      ] GC(83) Phase 2: Prepare for compaction 8.345ms
[63.325s][info][gc,phases,start] GC(83) Phase 3: Adjust pointers
[63.340s][info][gc,phases      ] GC(83) Phase 3: Adjust pointers 14.885ms
[63.340s][info][gc,phases,start] GC(83) Phase 4: Compact heap
[63.347s][info][gc,phases      ] GC(83) Phase 4: Compact heap 7.020ms
[63.359s][info][gc,heap        ] GC(83) Eden regions: 651->0(1228)
[63.359s][info][gc,heap        ] GC(83) Survivor regions: 1->0(154)
[63.359s][info][gc,heap        ] GC(83) Old regions: 17->16
[63.359s][info][gc,heap        ] GC(83) Humongous regions: 334->332
[63.359s][info][gc,metaspace   ] GC(83) Metaspace: 142069K(158812K)->142069K(158812K) NonClass: 122721K(131468K)->122721K(131468K) Class: 19347K(27344K)->19347K(27344K)
[63.359s][info][gc             ] GC(83) Pause Full (System.gc()) 3992M->1379M(8192M) 71.814ms
[63.359s][info][gc,cpu         ] GC(83) User=0.06s Sys=0.00s Real=0.08s
[63.946s][info][gc,start       ] GC(84) Pause Young (Normal) (G1 Evacuation Pause)
[63.946s][info][gc,task        ] GC(84) Using 6 workers of 6 for evacuation
[63.949s][info][gc,phases      ] GC(84)   Pre Evacuate Collection Set: 0.1ms
[63.949s][info][gc,phases      ] GC(84)   Evacuate Collection Set: 1.2ms
[63.949s][info][gc,phases      ] GC(84)   Post Evacuate Collection Set: 1.7ms
[63.949s][info][gc,phases      ] GC(84)   Other: 0.3ms
[63.949s][info][gc,heap        ] GC(84) Eden regions: 1228->0(1227)
[63.949s][info][gc,heap        ] GC(84) Survivor regions: 0->1(154)
[63.949s][info][gc,heap        ] GC(84) Old regions: 16->16
[63.949s][info][gc,heap        ] GC(84) Humongous regions: 334->332
[63.949s][info][gc,metaspace   ] GC(84) Metaspace: 142181K(158812K)->142181K(158812K) NonClass: 122833K(131468K)->122833K(131468K) Class: 19348K(27344K)->19348K(27344K)
[63.949s][info][gc             ] GC(84) Pause Young (Normal) (G1 Evacuation Pause) 6299M->1381M(8192M) 3.254ms
[63.950s][info][gc,cpu         ] GC(84) User=0.00s Sys=0.00s Real=0.02s
[64.440s][info][gc,start       ] GC(85) Pause Young (Normal) (G1 Evacuation Pause)
[64.440s][info][gc,task        ] GC(85) Using 6 workers of 6 for evacuation
[64.442s][info][gc,phases      ] GC(85)   Pre Evacuate Collection Set: 0.1ms
[64.442s][info][gc,phases      ] GC(85)   Evacuate Collection Set: 1.0ms
[64.442s][info][gc,phases      ] GC(85)   Post Evacuate Collection Set: 1.4ms
[64.442s][info][gc,phases      ] GC(85)   Other: 0.3ms
[64.442s][info][gc,heap        ] GC(85) Eden regions: 1227->0(1227)
[64.442s][info][gc,heap        ] GC(85) Survivor regions: 1->1(154)
[64.442s][info][gc,heap        ] GC(85) Old regions: 16->16
[64.442s][info][gc,heap        ] GC(85) Humongous regions: 332->332
[64.442s][info][gc,metaspace   ] GC(85) Metaspace: 142181K(158812K)->142181K(158812K) NonClass: 122833K(131468K)->122833K(131468K) Class: 19348K(27344K)->19348K(27344K)
[64.442s][info][gc             ] GC(85) Pause Young (Normal) (G1 Evacuation Pause) 6289M->1381M(8192M) 2.809ms
[64.442s][info][gc,cpu         ] GC(85) User=0.00s Sys=0.00s Real=0.00s
[64.960s][info][gc,task        ] GC(86) Using 6 workers of 6 for full compaction
[64.960s][info][gc,start       ] GC(86) Pause Full (System.gc())
[64.962s][info][gc,phases,start] GC(86) Phase 1: Mark live objects
[64.986s][info][gc,stringtable ] GC(86) Cleaned string and symbol table, strings: 39816 processed, 31 removed, symbols: 299395 processed, 0 removed
[64.986s][info][gc,phases      ] GC(86) Phase 1: Mark live objects 23.966ms
[64.986s][info][gc,phases,start] GC(86) Phase 2: Prepare for compaction
[64.994s][info][gc,phases      ] GC(86) Phase 2: Prepare for compaction 8.421ms
[64.994s][info][gc,phases,start] GC(86) Phase 3: Adjust pointers
[65.008s][info][gc,phases      ] GC(86) Phase 3: Adjust pointers 14.126ms
[65.008s][info][gc,phases,start] GC(86) Phase 4: Compact heap
[65.014s][info][gc,phases      ] GC(86) Phase 4: Compact heap 5.686ms
[65.026s][info][gc,heap        ] GC(86) Eden regions: 652->0(1228)
[65.026s][info][gc,heap        ] GC(86) Survivor regions: 1->0(154)
[65.026s][info][gc,heap        ] GC(86) Old regions: 16->17
[65.026s][info][gc,heap        ] GC(86) Humongous regions: 334->332
[65.026s][info][gc,metaspace   ] GC(86) Metaspace: 142222K(159068K)->142222K(159068K) NonClass: 122874K(131724K)->122874K(131724K) Class: 19348K(27344K)->19348K(27344K)
[65.026s][info][gc             ] GC(86) Pause Full (System.gc()) 3995M->1379M(8192M) 66.446ms
[65.026s][info][gc,cpu         ] GC(86) User=0.05s Sys=0.00s Real=0.06s
[65.624s][info][gc,start       ] GC(87) Pause Young (Normal) (G1 Evacuation Pause)
[65.624s][info][gc,task        ] GC(87) Using 6 workers of 6 for evacuation
[65.627s][info][gc,phases      ] GC(87)   Pre Evacuate Collection Set: 0.1ms
[65.627s][info][gc,phases      ] GC(87)   Evacuate Collection Set: 1.4ms
[65.627s][info][gc,phases      ] GC(87)   Post Evacuate Collection Set: 1.7ms
[65.627s][info][gc,phases      ] GC(87)   Other: 0.4ms
[65.627s][info][gc,heap        ] GC(87) Eden regions: 1228->0(1227)
[65.627s][info][gc,heap        ] GC(87) Survivor regions: 0->1(154)
[65.627s][info][gc,heap        ] GC(87) Old regions: 17->17
[65.627s][info][gc,heap        ] GC(87) Humongous regions: 334->332
[65.627s][info][gc,metaspace   ] GC(87) Metaspace: 142293K(159068K)->142293K(159068K) NonClass: 122944K(131724K)->122944K(131724K) Class: 19348K(27344K)->19348K(27344K)
[65.627s][info][gc             ] GC(87) Pause Young (Normal) (G1 Evacuation Pause) 6299M->1381M(8192M) 3.538ms
[65.627s][info][gc,cpu         ] GC(87) User=0.00s Sys=0.00s Real=0.00s
[66.119s][info][gc,start       ] GC(88) Pause Young (Normal) (G1 Evacuation Pause)
[66.119s][info][gc,task        ] GC(88) Using 6 workers of 6 for evacuation
[66.121s][info][gc,phases      ] GC(88)   Pre Evacuate Collection Set: 0.1ms
[66.121s][info][gc,phases      ] GC(88)   Evacuate Collection Set: 1.0ms
[66.121s][info][gc,phases      ] GC(88)   Post Evacuate Collection Set: 1.4ms
[66.121s][info][gc,phases      ] GC(88)   Other: 0.3ms
[66.121s][info][gc,heap        ] GC(88) Eden regions: 1227->0(1227)
[66.121s][info][gc,heap        ] GC(88) Survivor regions: 1->1(154)
[66.121s][info][gc,heap        ] GC(88) Old regions: 17->17
[66.121s][info][gc,heap        ] GC(88) Humongous regions: 332->332
[66.121s][info][gc,metaspace   ] GC(88) Metaspace: 142293K(159068K)->142293K(159068K) NonClass: 122944K(131724K)->122944K(131724K) Class: 19348K(27344K)->19348K(27344K)
[66.122s][info][gc             ] GC(88) Pause Young (Normal) (G1 Evacuation Pause) 6289M->1381M(8192M) 2.819ms
[66.122s][info][gc,cpu         ] GC(88) User=0.00s Sys=0.00s Real=0.00s
[66.655s][info][gc,task        ] GC(89) Using 6 workers of 6 for full compaction
[66.655s][info][gc,start       ] GC(89) Pause Full (System.gc())
[66.657s][info][gc,phases,start] GC(89) Phase 1: Mark live objects
[66.681s][info][gc,stringtable ] GC(89) Cleaned string and symbol table, strings: 39856 processed, 31 removed, symbols: 299395 processed, 0 removed
[66.681s][info][gc,phases      ] GC(89) Phase 1: Mark live objects 23.990ms
[66.681s][info][gc,phases,start] GC(89) Phase 2: Prepare for compaction
[66.689s][info][gc,phases      ] GC(89) Phase 2: Prepare for compaction 7.413ms
[66.689s][info][gc,phases,start] GC(89) Phase 3: Adjust pointers
[66.704s][info][gc,phases      ] GC(89) Phase 3: Adjust pointers 14.918ms
[66.704s][info][gc,phases,start] GC(89) Phase 4: Compact heap
[66.710s][info][gc,phases      ] GC(89) Phase 4: Compact heap 5.868ms
[66.722s][info][gc,heap        ] GC(89) Eden regions: 650->0(1228)
[66.722s][info][gc,heap        ] GC(89) Survivor regions: 1->0(154)
[66.722s][info][gc,heap        ] GC(89) Old regions: 17->18
[66.722s][info][gc,heap        ] GC(89) Humongous regions: 334->332
[66.722s][info][gc,metaspace   ] GC(89) Metaspace: 142324K(159068K)->142324K(159068K) NonClass: 122976K(131724K)->122976K(131724K) Class: 19348K(27344K)->19348K(27344K)
[66.722s][info][gc             ] GC(89) Pause Full (System.gc()) 3988M->1379M(8192M) 66.709ms
[66.722s][info][gc,cpu         ] GC(89) User=0.03s Sys=0.00s Real=0.06s
[67.329s][info][gc,start       ] GC(90) Pause Young (Normal) (G1 Evacuation Pause)
[67.329s][info][gc,task        ] GC(90) Using 6 workers of 6 for evacuation
[67.332s][info][gc,phases      ] GC(90)   Pre Evacuate Collection Set: 0.1ms
[67.332s][info][gc,phases      ] GC(90)   Evacuate Collection Set: 1.2ms
[67.332s][info][gc,phases      ] GC(90)   Post Evacuate Collection Set: 1.7ms
[67.332s][info][gc,phases      ] GC(90)   Other: 0.4ms
[67.332s][info][gc,heap        ] GC(90) Eden regions: 1228->0(1227)
[67.332s][info][gc,heap        ] GC(90) Survivor regions: 0->1(154)
[67.332s][info][gc,heap        ] GC(90) Old regions: 18->18
[67.332s][info][gc,heap        ] GC(90) Humongous regions: 334->332
[67.332s][info][gc,metaspace   ] GC(90) Metaspace: 142418K(159068K)->142418K(159068K) NonClass: 123069K(131724K)->123069K(131724K) Class: 19348K(27344K)->19348K(27344K)
[67.332s][info][gc             ] GC(90) Pause Young (Normal) (G1 Evacuation Pause) 6299M->1381M(8192M) 3.413ms
[67.332s][info][gc,cpu         ] GC(90) User=0.00s Sys=0.00s Real=0.00s
[67.848s][info][gc,start       ] GC(91) Pause Young (Normal) (G1 Evacuation Pause)
[67.848s][info][gc,task        ] GC(91) Using 6 workers of 6 for evacuation
[67.851s][info][gc,phases      ] GC(91)   Pre Evacuate Collection Set: 0.1ms
[67.851s][info][gc,phases      ] GC(91)   Evacuate Collection Set: 1.1ms
[67.851s][info][gc,phases      ] GC(91)   Post Evacuate Collection Set: 1.4ms
[67.851s][info][gc,phases      ] GC(91)   Other: 0.3ms
[67.851s][info][gc,heap        ] GC(91) Eden regions: 1227->0(1227)
[67.851s][info][gc,heap        ] GC(91) Survivor regions: 1->1(154)
[67.851s][info][gc,heap        ] GC(91) Old regions: 18->18
[67.851s][info][gc,heap        ] GC(91) Humongous regions: 332->332
[67.851s][info][gc,metaspace   ] GC(91) Metaspace: 142418K(159068K)->142418K(159068K) NonClass: 123069K(131724K)->123069K(131724K) Class: 19348K(27344K)->19348K(27344K)
[67.851s][info][gc             ] GC(91) Pause Young (Normal) (G1 Evacuation Pause) 6289M->1381M(8192M) 2.982ms
[67.851s][info][gc,cpu         ] GC(91) User=0.02s Sys=0.00s Real=0.00s
[68.332s][info][gc,task        ] GC(92) Using 6 workers of 6 for full compaction
[68.332s][info][gc,start       ] GC(92) Pause Full (System.gc())
[68.334s][info][gc,phases,start] GC(92) Phase 1: Mark live objects
[68.359s][info][gc,stringtable ] GC(92) Cleaned string and symbol table, strings: 39896 processed, 31 removed, symbols: 299397 processed, 2 removed
[68.359s][info][gc,phases      ] GC(92) Phase 1: Mark live objects 25.209ms
[68.359s][info][gc,phases,start] GC(92) Phase 2: Prepare for compaction
[68.367s][info][gc,phases      ] GC(92) Phase 2: Prepare for compaction 7.298ms
[68.367s][info][gc,phases,start] GC(92) Phase 3: Adjust pointers
[68.382s][info][gc,phases      ] GC(92) Phase 3: Adjust pointers 14.881ms
[68.382s][info][gc,phases,start] GC(92) Phase 4: Compact heap
[68.388s][info][gc,phases      ] GC(92) Phase 4: Compact heap 6.001ms
[68.400s][info][gc,heap        ] GC(92) Eden regions: 650->0(1228)
[68.400s][info][gc,heap        ] GC(92) Survivor regions: 1->0(154)
[68.400s][info][gc,heap        ] GC(92) Old regions: 18->17
[68.400s][info][gc,heap        ] GC(92) Humongous regions: 334->332
[68.400s][info][gc,metaspace   ] GC(92) Metaspace: 142454K(159068K)->142454K(159068K) NonClass: 123105K(131724K)->123105K(131724K) Class: 19348K(27344K)->19348K(27344K)
[68.400s][info][gc             ] GC(92) Pause Full (System.gc()) 3987M->1379M(8192M) 68.109ms
[68.400s][info][gc,cpu         ] GC(92) User=0.05s Sys=0.00s Real=0.06s
[68.969s][info][gc,start       ] GC(93) Pause Young (Normal) (G1 Evacuation Pause)
[68.969s][info][gc,task        ] GC(93) Using 6 workers of 6 for evacuation
[68.972s][info][gc,phases      ] GC(93)   Pre Evacuate Collection Set: 0.1ms
[68.972s][info][gc,phases      ] GC(93)   Evacuate Collection Set: 1.1ms
[68.972s][info][gc,phases      ] GC(93)   Post Evacuate Collection Set: 1.4ms
[68.972s][info][gc,phases      ] GC(93)   Other: 0.3ms
[68.972s][info][gc,heap        ] GC(93) Eden regions: 1228->0(1227)
[68.972s][info][gc,heap        ] GC(93) Survivor regions: 0->1(154)
[68.972s][info][gc,heap        ] GC(93) Old regions: 17->17
[68.972s][info][gc,heap        ] GC(93) Humongous regions: 334->332
[68.972s][info][gc,metaspace   ] GC(93) Metaspace: 142579K(159324K)->142579K(159324K) NonClass: 123231K(131980K)->123231K(131980K) Class: 19348K(27344K)->19348K(27344K)
[68.972s][info][gc             ] GC(93) Pause Young (Normal) (G1 Evacuation Pause) 6299M->1381M(8192M) 2.996ms
[68.972s][info][gc,cpu         ] GC(93) User=0.00s Sys=0.00s Real=0.00s
[69.462s][info][gc,start       ] GC(94) Pause Young (Normal) (G1 Evacuation Pause)
[69.462s][info][gc,task        ] GC(94) Using 6 workers of 6 for evacuation
[69.465s][info][gc,phases      ] GC(94)   Pre Evacuate Collection Set: 0.1ms
[69.465s][info][gc,phases      ] GC(94)   Evacuate Collection Set: 1.0ms
[69.465s][info][gc,phases      ] GC(94)   Post Evacuate Collection Set: 1.4ms
[69.465s][info][gc,phases      ] GC(94)   Other: 0.3ms
[69.465s][info][gc,heap        ] GC(94) Eden regions: 1227->0(1227)
[69.465s][info][gc,heap        ] GC(94) Survivor regions: 1->1(154)
[69.465s][info][gc,heap        ] GC(94) Old regions: 17->17
[69.465s][info][gc,heap        ] GC(94) Humongous regions: 332->332
[69.465s][info][gc,metaspace   ] GC(94) Metaspace: 142579K(159324K)->142579K(159324K) NonClass: 123231K(131980K)->123231K(131980K) Class: 19348K(27344K)->19348K(27344K)
[69.465s][info][gc             ] GC(94) Pause Young (Normal) (G1 Evacuation Pause) 6289M->1381M(8192M) 2.810ms
[69.465s][info][gc,cpu         ] GC(94) User=0.00s Sys=0.00s Real=0.00s
[69.995s][info][gc,task        ] GC(95) Using 6 workers of 6 for full compaction
[69.996s][info][gc,start       ] GC(95) Pause Full (System.gc())
[69.998s][info][gc,phases,start] GC(95) Phase 1: Mark live objects
[70.024s][info][gc,stringtable ] GC(95) Cleaned string and symbol table, strings: 39921 processed, 31 removed, symbols: 299395 processed, 0 removed
[70.024s][info][gc,phases      ] GC(95) Phase 1: Mark live objects 25.775ms
[70.024s][info][gc,phases,start] GC(95) Phase 2: Prepare for compaction
[70.031s][info][gc,phases      ] GC(95) Phase 2: Prepare for compaction 7.459ms
[70.031s][info][gc,phases,start] GC(95) Phase 3: Adjust pointers
[70.046s][info][gc,phases      ] GC(95) Phase 3: Adjust pointers 14.713ms
[70.046s][info][gc,phases,start] GC(95) Phase 4: Compact heap
[70.052s][info][gc,phases      ] GC(95) Phase 4: Compact heap 5.914ms
[70.064s][info][gc,heap        ] GC(95) Eden regions: 652->0(1228)
[70.064s][info][gc,heap        ] GC(95) Survivor regions: 1->0(154)
[70.064s][info][gc,heap        ] GC(95) Old regions: 17->17
[70.065s][info][gc,heap        ] GC(95) Humongous regions: 334->332
[70.065s][info][gc,metaspace   ] GC(95) Metaspace: 142616K(159324K)->142616K(159324K) NonClass: 123268K(131980K)->123268K(131980K) Class: 19348K(27344K)->19348K(27344K)
[70.065s][info][gc             ] GC(95) Pause Full (System.gc()) 3994M->1379M(8192M) 68.936ms
[70.065s][info][gc,cpu         ] GC(95) User=0.03s Sys=0.00s Real=0.06s
[70.629s][info][gc,start       ] GC(96) Pause Young (Normal) (G1 Evacuation Pause)
[70.629s][info][gc,task        ] GC(96) Using 6 workers of 6 for evacuation
[70.633s][info][gc,phases      ] GC(96)   Pre Evacuate Collection Set: 0.1ms
[70.633s][info][gc,phases      ] GC(96)   Evacuate Collection Set: 1.8ms
[70.633s][info][gc,phases      ] GC(96)   Post Evacuate Collection Set: 1.8ms
[70.633s][info][gc,phases      ] GC(96)   Other: 0.3ms
[70.633s][info][gc,heap        ] GC(96) Eden regions: 1228->0(1227)
[70.633s][info][gc,heap        ] GC(96) Survivor regions: 0->1(154)
[70.633s][info][gc,heap        ] GC(96) Old regions: 17->17
[70.633s][info][gc,heap        ] GC(96) Humongous regions: 334->332
[70.633s][info][gc,metaspace   ] GC(96) Metaspace: 142686K(159324K)->142686K(159324K) NonClass: 123338K(131980K)->123338K(131980K) Class: 19348K(27344K)->19348K(27344K)
[70.633s][info][gc             ] GC(96) Pause Young (Normal) (G1 Evacuation Pause) 6299M->1381M(8192M) 4.122ms
[70.633s][info][gc,cpu         ] GC(96) User=0.00s Sys=0.00s Real=0.00s
[71.125s][info][gc,start       ] GC(97) Pause Young (Normal) (G1 Evacuation Pause)
[71.125s][info][gc,task        ] GC(97) Using 6 workers of 6 for evacuation
[71.127s][info][gc,phases      ] GC(97)   Pre Evacuate Collection Set: 0.1ms
[71.128s][info][gc,phases      ] GC(97)   Evacuate Collection Set: 1.0ms
[71.128s][info][gc,phases      ] GC(97)   Post Evacuate Collection Set: 1.6ms
[71.128s][info][gc,phases      ] GC(97)   Other: 0.3ms
[71.128s][info][gc,heap        ] GC(97) Eden regions: 1227->0(1227)
[71.128s][info][gc,heap        ] GC(97) Survivor regions: 1->1(154)
[71.128s][info][gc,heap        ] GC(97) Old regions: 17->17
[71.128s][info][gc,heap        ] GC(97) Humongous regions: 332->332
[71.128s][info][gc,metaspace   ] GC(97) Metaspace: 142686K(159324K)->142686K(159324K) NonClass: 123338K(131980K)->123338K(131980K) Class: 19348K(27344K)->19348K(27344K)
[71.128s][info][gc             ] GC(97) Pause Young (Normal) (G1 Evacuation Pause) 6289M->1381M(8192M) 3.095ms
[71.128s][info][gc,cpu         ] GC(97) User=0.02s Sys=0.00s Real=0.01s
[71.643s][info][gc,task        ] GC(98) Using 6 workers of 6 for full compaction
[71.643s][info][gc,start       ] GC(98) Pause Full (System.gc())
[71.646s][info][gc,phases,start] GC(98) Phase 1: Mark live objects
[71.669s][info][gc,stringtable ] GC(98) Cleaned string and symbol table, strings: 39938 processed, 31 removed, symbols: 299396 processed, 1 removed
[71.669s][info][gc,phases      ] GC(98) Phase 1: Mark live objects 23.317ms
[71.669s][info][gc,phases,start] GC(98) Phase 2: Prepare for compaction
[71.677s][info][gc,phases      ] GC(98) Phase 2: Prepare for compaction 7.366ms
[71.677s][info][gc,phases,start] GC(98) Phase 3: Adjust pointers
[71.692s][info][gc,phases      ] GC(98) Phase 3: Adjust pointers 14.824ms
[71.692s][info][gc,phases,start] GC(98) Phase 4: Compact heap
[71.697s][info][gc,phases      ] GC(98) Phase 4: Compact heap 5.620ms
[71.710s][info][gc,heap        ] GC(98) Eden regions: 651->0(1228)
[71.710s][info][gc,heap        ] GC(98) Survivor regions: 1->0(154)
[71.710s][info][gc,heap        ] GC(98) Old regions: 17->17
[71.710s][info][gc,heap        ] GC(98) Humongous regions: 334->332
[71.710s][info][gc,metaspace   ] GC(98) Metaspace: 142713K(159324K)->142713K(159324K) NonClass: 123364K(131980K)->123364K(131980K) Class: 19348K(27344K)->19348K(27344K)
[71.710s][info][gc             ] GC(98) Pause Full (System.gc()) 3992M->1379M(8192M) 66.960ms
[71.710s][info][gc,cpu         ] GC(98) User=0.03s Sys=0.00s Real=0.08s
[72.268s][info][gc,start       ] GC(99) Pause Young (Normal) (G1 Evacuation Pause)
[72.268s][info][gc,task        ] GC(99) Using 6 workers of 6 for evacuation
[72.271s][info][gc,phases      ] GC(99)   Pre Evacuate Collection Set: 0.1ms
[72.271s][info][gc,phases      ] GC(99)   Evacuate Collection Set: 1.2ms
[72.271s][info][gc,phases      ] GC(99)   Post Evacuate Collection Set: 1.5ms
[72.271s][info][gc,phases      ] GC(99)   Other: 0.3ms
[72.271s][info][gc,heap        ] GC(99) Eden regions: 1228->0(1227)
[72.271s][info][gc,heap        ] GC(99) Survivor regions: 0->1(154)
[72.271s][info][gc,heap        ] GC(99) Old regions: 17->17
[72.271s][info][gc,heap        ] GC(99) Humongous regions: 334->332
[72.271s][info][gc,metaspace   ] GC(99) Metaspace: 142780K(159324K)->142780K(159324K) NonClass: 123431K(131980K)->123431K(131980K) Class: 19348K(27344K)->19348K(27344K)
[72.271s][info][gc             ] GC(99) Pause Young (Normal) (G1 Evacuation Pause) 6299M->1381M(8192M) 3.107ms
[72.271s][info][gc,cpu         ] GC(99) User=0.00s Sys=0.00s Real=0.00s
[72.766s][info][gc,start       ] GC(100) Pause Young (Normal) (G1 Evacuation Pause)
[72.766s][info][gc,task        ] GC(100) Using 6 workers of 6 for evacuation
[72.769s][info][gc,phases      ] GC(100)   Pre Evacuate Collection Set: 0.1ms
[72.769s][info][gc,phases      ] GC(100)   Evacuate Collection Set: 1.0ms
[72.769s][info][gc,phases      ] GC(100)   Post Evacuate Collection Set: 1.4ms
[72.769s][info][gc,phases      ] GC(100)   Other: 0.3ms
[72.769s][info][gc,heap        ] GC(100) Eden regions: 1227->0(1227)
[72.769s][info][gc,heap        ] GC(100) Survivor regions: 1->1(154)
[72.769s][info][gc,heap        ] GC(100) Old regions: 17->17
[72.769s][info][gc,heap        ] GC(100) Humongous regions: 332->332
[72.769s][info][gc,metaspace   ] GC(100) Metaspace: 142780K(159324K)->142780K(159324K) NonClass: 123431K(131980K)->123431K(131980K) Class: 19348K(27344K)->19348K(27344K)
[72.769s][info][gc             ] GC(100) Pause Young (Normal) (G1 Evacuation Pause) 6289M->1381M(8192M) 2.773ms
[72.769s][info][gc,cpu         ] GC(100) User=0.00s Sys=0.00s Real=0.00s
[73.285s][info][gc,task        ] GC(101) Using 6 workers of 6 for full compaction
[73.285s][info][gc,start       ] GC(101) Pause Full (System.gc())
[73.287s][info][gc,phases,start] GC(101) Phase 1: Mark live objects
[73.313s][info][gc,stringtable ] GC(101) Cleaned string and symbol table, strings: 39951 processed, 31 removed, symbols: 299395 processed, 0 removed
[73.313s][info][gc,phases      ] GC(101) Phase 1: Mark live objects 25.474ms
[73.313s][info][gc,phases,start] GC(101) Phase 2: Prepare for compaction
[73.321s][info][gc,phases      ] GC(101) Phase 2: Prepare for compaction 8.096ms
[73.321s][info][gc,phases,start] GC(101) Phase 3: Adjust pointers
[73.336s][info][gc,phases      ] GC(101) Phase 3: Adjust pointers 14.828ms
[73.336s][info][gc,phases,start] GC(101) Phase 4: Compact heap
[73.342s][info][gc,phases      ] GC(101) Phase 4: Compact heap 6.100ms
[73.354s][info][gc,heap        ] GC(101) Eden regions: 651->0(1228)
[73.354s][info][gc,heap        ] GC(101) Survivor regions: 1->0(154)
[73.354s][info][gc,heap        ] GC(101) Old regions: 17->16
[73.354s][info][gc,heap        ] GC(101) Humongous regions: 334->332
[73.354s][info][gc,metaspace   ] GC(101) Metaspace: 142817K(159580K)->142817K(159580K) NonClass: 123468K(132236K)->123468K(132236K) Class: 19348K(27344K)->19348K(27344K)
[73.354s][info][gc             ] GC(101) Pause Full (System.gc()) 3991M->1379M(8192M) 69.283ms
[73.355s][info][gc,cpu         ] GC(101) User=0.03s Sys=0.00s Real=0.06s
[73.928s][info][gc,start       ] GC(102) Pause Young (Normal) (G1 Evacuation Pause)
[73.928s][info][gc,task        ] GC(102) Using 6 workers of 6 for evacuation
[73.931s][info][gc,phases      ] GC(102)   Pre Evacuate Collection Set: 0.1ms
[73.931s][info][gc,phases      ] GC(102)   Evacuate Collection Set: 1.2ms
[73.931s][info][gc,phases      ] GC(102)   Post Evacuate Collection Set: 1.4ms
[73.931s][info][gc,phases      ] GC(102)   Other: 0.3ms
[73.931s][info][gc,heap        ] GC(102) Eden regions: 1228->0(1227)
[73.931s][info][gc,heap        ] GC(102) Survivor regions: 0->1(154)
[73.931s][info][gc,heap        ] GC(102) Old regions: 16->16
[73.931s][info][gc,heap        ] GC(102) Humongous regions: 334->332
[73.931s][info][gc,metaspace   ] GC(102) Metaspace: 142946K(159580K)->142946K(159580K) NonClass: 123597K(132236K)->123597K(132236K) Class: 19348K(27344K)->19348K(27344K)
[73.931s][info][gc             ] GC(102) Pause Young (Normal) (G1 Evacuation Pause) 6299M->1381M(8192M) 3.052ms
[73.931s][info][gc,cpu         ] GC(102) User=0.00s Sys=0.00s Real=0.00s
[74.420s][info][gc,start       ] GC(103) Pause Young (Normal) (G1 Evacuation Pause)
[74.420s][info][gc,task        ] GC(103) Using 6 workers of 6 for evacuation
[74.422s][info][gc,phases      ] GC(103)   Pre Evacuate Collection Set: 0.1ms
[74.422s][info][gc,phases      ] GC(103)   Evacuate Collection Set: 1.1ms
[74.423s][info][gc,phases      ] GC(103)   Post Evacuate Collection Set: 1.4ms
[74.423s][info][gc,phases      ] GC(103)   Other: 0.3ms
[74.423s][info][gc,heap        ] GC(103) Eden regions: 1227->0(1227)
[74.423s][info][gc,heap        ] GC(103) Survivor regions: 1->1(154)
[74.423s][info][gc,heap        ] GC(103) Old regions: 16->16
[74.423s][info][gc,heap        ] GC(103) Humongous regions: 332->332
[74.423s][info][gc,metaspace   ] GC(103) Metaspace: 142946K(159580K)->142946K(159580K) NonClass: 123597K(132236K)->123597K(132236K) Class: 19348K(27344K)->19348K(27344K)
[74.423s][info][gc             ] GC(103) Pause Young (Normal) (G1 Evacuation Pause) 6289M->1381M(8192M) 2.882ms
[74.423s][info][gc,cpu         ] GC(103) User=0.00s Sys=0.00s Real=0.00s
[74.941s][info][gc,task        ] GC(104) Using 6 workers of 6 for full compaction
[74.941s][info][gc,start       ] GC(104) Pause Full (System.gc())
[74.943s][info][gc,phases,start] GC(104) Phase 1: Mark live objects
[74.970s][info][gc,stringtable ] GC(104) Cleaned string and symbol table, strings: 40012 processed, 31 removed, symbols: 299396 processed, 1 removed
[74.970s][info][gc,phases      ] GC(104) Phase 1: Mark live objects 27.164ms
[74.970s][info][gc,phases,start] GC(104) Phase 2: Prepare for compaction
[74.978s][info][gc,phases      ] GC(104) Phase 2: Prepare for compaction 7.432ms
[74.978s][info][gc,phases,start] GC(104) Phase 3: Adjust pointers
[74.995s][info][gc,phases      ] GC(104) Phase 3: Adjust pointers 17.062ms
[74.995s][info][gc,phases,start] GC(104) Phase 4: Compact heap
[75.001s][info][gc,phases      ] GC(104) Phase 4: Compact heap 5.983ms
[75.014s][info][gc,heap        ] GC(104) Eden regions: 652->0(1228)
[75.014s][info][gc,heap        ] GC(104) Survivor regions: 1->0(154)
[75.014s][info][gc,heap        ] GC(104) Old regions: 16->17
[75.014s][info][gc,heap        ] GC(104) Humongous regions: 334->332
[75.014s][info][gc,metaspace   ] GC(104) Metaspace: 142990K(159580K)->142990K(159580K) NonClass: 123641K(132236K)->123641K(132236K) Class: 19348K(27344K)->19348K(27344K)
[75.014s][info][gc             ] GC(104) Pause Full (System.gc()) 3997M->1379M(8192M) 72.666ms
[75.014s][info][gc,cpu         ] GC(104) User=0.05s Sys=0.00s Real=0.08s
[75.576s][info][gc,start       ] GC(105) Pause Young (Normal) (G1 Evacuation Pause)
[75.576s][info][gc,task        ] GC(105) Using 6 workers of 6 for evacuation
[75.579s][info][gc,phases      ] GC(105)   Pre Evacuate Collection Set: 0.1ms
[75.579s][info][gc,phases      ] GC(105)   Evacuate Collection Set: 1.2ms
[75.579s][info][gc,phases      ] GC(105)   Post Evacuate Collection Set: 1.4ms
[75.579s][info][gc,phases      ] GC(105)   Other: 0.3ms
[75.579s][info][gc,heap        ] GC(105) Eden regions: 1228->0(1227)
[75.579s][info][gc,heap        ] GC(105) Survivor regions: 0->1(154)
[75.579s][info][gc,heap        ] GC(105) Old regions: 17->17
[75.579s][info][gc,heap        ] GC(105) Humongous regions: 334->332
[75.579s][info][gc,metaspace   ] GC(105) Metaspace: 143132K(159836K)->143132K(159836K) NonClass: 123783K(132492K)->123783K(132492K) Class: 19348K(27344K)->19348K(27344K)
[75.579s][info][gc             ] GC(105) Pause Young (Normal) (G1 Evacuation Pause) 6299M->1381M(8192M) 3.098ms
[75.579s][info][gc,cpu         ] GC(105) User=0.00s Sys=0.00s Real=0.00s
[76.079s][info][gc,start       ] GC(106) Pause Young (Normal) (G1 Evacuation Pause)
[76.079s][info][gc,task        ] GC(106) Using 6 workers of 6 for evacuation
[76.083s][info][gc,phases      ] GC(106)   Pre Evacuate Collection Set: 0.1ms
[76.083s][info][gc,phases      ] GC(106)   Evacuate Collection Set: 1.0ms
[76.083s][info][gc,phases      ] GC(106)   Post Evacuate Collection Set: 1.9ms
[76.083s][info][gc,phases      ] GC(106)   Other: 0.4ms
[76.083s][info][gc,heap        ] GC(106) Eden regions: 1227->0(1227)
[76.083s][info][gc,heap        ] GC(106) Survivor regions: 1->1(154)
[76.083s][info][gc,heap        ] GC(106) Old regions: 17->17
[76.083s][info][gc,heap        ] GC(106) Humongous regions: 332->332
[76.083s][info][gc,metaspace   ] GC(106) Metaspace: 143132K(159836K)->143132K(159836K) NonClass: 123783K(132492K)->123783K(132492K) Class: 19348K(27344K)->19348K(27344K)
[76.083s][info][gc             ] GC(106) Pause Young (Normal) (G1 Evacuation Pause) 6289M->1381M(8192M) 3.406ms
[76.083s][info][gc,cpu         ] GC(106) User=0.00s Sys=0.00s Real=0.00s
[76.589s][info][gc,task        ] GC(107) Using 6 workers of 6 for full compaction
[76.589s][info][gc,start       ] GC(107) Pause Full (System.gc())
[76.593s][info][gc,phases,start] GC(107) Phase 1: Mark live objects
[76.620s][info][gc,stringtable ] GC(107) Cleaned string and symbol table, strings: 40076 processed, 31 removed, symbols: 299396 processed, 1 removed
[76.620s][info][gc,phases      ] GC(107) Phase 1: Mark live objects 27.692ms
[76.620s][info][gc,phases,start] GC(107) Phase 2: Prepare for compaction
[76.630s][info][gc,phases      ] GC(107) Phase 2: Prepare for compaction 9.686ms
[76.630s][info][gc,phases,start] GC(107) Phase 3: Adjust pointers
[76.646s][info][gc,phases      ] GC(107) Phase 3: Adjust pointers 15.757ms
[76.646s][info][gc,phases,start] GC(107) Phase 4: Compact heap
[76.652s][info][gc,phases      ] GC(107) Phase 4: Compact heap 5.973ms
[76.665s][info][gc,heap        ] GC(107) Eden regions: 650->0(1228)
[76.665s][info][gc,heap        ] GC(107) Survivor regions: 1->0(154)
[76.665s][info][gc,heap        ] GC(107) Old regions: 17->16
[76.665s][info][gc,heap        ] GC(107) Humongous regions: 334->332
[76.665s][info][gc,metaspace   ] GC(107) Metaspace: 143149K(159836K)->143149K(159836K) NonClass: 123801K(132492K)->123801K(132492K) Class: 19348K(27344K)->19348K(27344K)
[76.665s][info][gc             ] GC(107) Pause Full (System.gc()) 3989M->1379M(8192M) 75.962ms
[76.665s][info][gc,cpu         ] GC(107) User=0.00s Sys=0.02s Real=0.08s
[77.221s][info][gc,start       ] GC(108) Pause Young (Normal) (G1 Evacuation Pause)
[77.221s][info][gc,task        ] GC(108) Using 6 workers of 6 for evacuation
[77.224s][info][gc,phases      ] GC(108)   Pre Evacuate Collection Set: 0.1ms
[77.224s][info][gc,phases      ] GC(108)   Evacuate Collection Set: 1.3ms
[77.224s][info][gc,phases      ] GC(108)   Post Evacuate Collection Set: 1.4ms
[77.224s][info][gc,phases      ] GC(108)   Other: 0.3ms
[77.224s][info][gc,heap        ] GC(108) Eden regions: 1228->0(1227)
[77.224s][info][gc,heap        ] GC(108) Survivor regions: 0->1(154)
[77.224s][info][gc,heap        ] GC(108) Old regions: 16->16
[77.224s][info][gc,heap        ] GC(108) Humongous regions: 334->332
[77.224s][info][gc,metaspace   ] GC(108) Metaspace: 143250K(159836K)->143250K(159836K) NonClass: 123901K(132492K)->123901K(132492K) Class: 19348K(27344K)->19348K(27344K)
[77.224s][info][gc             ] GC(108) Pause Young (Normal) (G1 Evacuation Pause) 6299M->1381M(8192M) 3.205ms
[77.224s][info][gc,cpu         ] GC(108) User=0.00s Sys=0.00s Real=0.00s
[77.720s][info][gc,start       ] GC(109) Pause Young (Normal) (G1 Evacuation Pause)
[77.720s][info][gc,task        ] GC(109) Using 6 workers of 6 for evacuation
[77.723s][info][gc,phases      ] GC(109)   Pre Evacuate Collection Set: 0.1ms
[77.723s][info][gc,phases      ] GC(109)   Evacuate Collection Set: 1.0ms
[77.723s][info][gc,phases      ] GC(109)   Post Evacuate Collection Set: 1.4ms
[77.723s][info][gc,phases      ] GC(109)   Other: 0.3ms
[77.723s][info][gc,heap        ] GC(109) Eden regions: 1227->0(1227)
[77.723s][info][gc,heap        ] GC(109) Survivor regions: 1->1(154)
[77.723s][info][gc,heap        ] GC(109) Old regions: 16->16
[77.723s][info][gc,heap        ] GC(109) Humongous regions: 332->332
[77.723s][info][gc,metaspace   ] GC(109) Metaspace: 143250K(159836K)->143250K(159836K) NonClass: 123901K(132492K)->123901K(132492K) Class: 19348K(27344K)->19348K(27344K)
[77.723s][info][gc             ] GC(109) Pause Young (Normal) (G1 Evacuation Pause) 6289M->1381M(8192M) 2.774ms
[77.723s][info][gc,cpu         ] GC(109) User=0.00s Sys=0.00s Real=0.00s
[78.240s][info][gc,task        ] GC(110) Using 6 workers of 6 for full compaction
[78.240s][info][gc,start       ] GC(110) Pause Full (System.gc())
[78.244s][info][gc,phases,start] GC(110) Phase 1: Mark live objects
[78.269s][info][gc,stringtable ] GC(110) Cleaned string and symbol table, strings: 40093 processed, 31 removed, symbols: 299396 processed, 1 removed
[78.269s][info][gc,phases      ] GC(110) Phase 1: Mark live objects 25.514ms
[78.269s][info][gc,phases,start] GC(110) Phase 2: Prepare for compaction
[78.277s][info][gc,phases      ] GC(110) Phase 2: Prepare for compaction 7.450ms
[78.277s][info][gc,phases,start] GC(110) Phase 3: Adjust pointers
[78.293s][info][gc,phases      ] GC(110) Phase 3: Adjust pointers 16.084ms
[78.293s][info][gc,phases,start] GC(110) Phase 4: Compact heap
[78.299s][info][gc,phases      ] GC(110) Phase 4: Compact heap 6.047ms
[78.312s][info][gc,heap        ] GC(110) Eden regions: 650->0(1228)
[78.312s][info][gc,heap        ] GC(110) Survivor regions: 1->0(154)
[78.312s][info][gc,heap        ] GC(110) Old regions: 16->17
[78.312s][info][gc,heap        ] GC(110) Humongous regions: 334->332
[78.312s][info][gc,metaspace   ] GC(110) Metaspace: 143314K(159836K)->143314K(159836K) NonClass: 123966K(132492K)->123966K(132492K) Class: 19348K(27344K)->19348K(27344K)
[78.312s][info][gc             ] GC(110) Pause Full (System.gc()) 3989M->1379M(8192M) 71.429ms
[78.312s][info][gc,cpu         ] GC(110) User=0.02s Sys=0.00s Real=0.08s
[78.920s][info][gc,start       ] GC(111) Pause Young (Normal) (G1 Evacuation Pause)
[78.920s][info][gc,task        ] GC(111) Using 6 workers of 6 for evacuation
[78.923s][info][gc,phases      ] GC(111)   Pre Evacuate Collection Set: 0.1ms
[78.923s][info][gc,phases      ] GC(111)   Evacuate Collection Set: 1.2ms
[78.923s][info][gc,phases      ] GC(111)   Post Evacuate Collection Set: 1.5ms
[78.923s][info][gc,phases      ] GC(111)   Other: 0.3ms
[78.923s][info][gc,heap        ] GC(111) Eden regions: 1228->0(1227)
[78.923s][info][gc,heap        ] GC(111) Survivor regions: 0->1(154)
[78.923s][info][gc,heap        ] GC(111) Old regions: 17->17
[78.923s][info][gc,heap        ] GC(111) Humongous regions: 334->332
[78.923s][info][gc,metaspace   ] GC(111) Metaspace: 143418K(159836K)->143418K(159836K) NonClass: 124069K(132492K)->124069K(132492K) Class: 19348K(27344K)->19348K(27344K)
[78.923s][info][gc             ] GC(111) Pause Young (Normal) (G1 Evacuation Pause) 6299M->1381M(8192M) 3.105ms
[78.923s][info][gc,cpu         ] GC(111) User=0.00s Sys=0.00s Real=0.00s
[79.413s][info][gc,start       ] GC(112) Pause Young (Normal) (G1 Evacuation Pause)
[79.413s][info][gc,task        ] GC(112) Using 6 workers of 6 for evacuation
[79.415s][info][gc,phases      ] GC(112)   Pre Evacuate Collection Set: 0.1ms
[79.416s][info][gc,phases      ] GC(112)   Evacuate Collection Set: 1.1ms
[79.416s][info][gc,phases      ] GC(112)   Post Evacuate Collection Set: 1.4ms
[79.416s][info][gc,phases      ] GC(112)   Other: 0.3ms
[79.416s][info][gc,heap        ] GC(112) Eden regions: 1227->0(1227)
[79.416s][info][gc,heap        ] GC(112) Survivor regions: 1->1(154)
[79.416s][info][gc,heap        ] GC(112) Old regions: 17->17
[79.416s][info][gc,heap        ] GC(112) Humongous regions: 332->332
[79.416s][info][gc,metaspace   ] GC(112) Metaspace: 143418K(159836K)->143418K(159836K) NonClass: 124069K(132492K)->124069K(132492K) Class: 19348K(27344K)->19348K(27344K)
[79.416s][info][gc             ] GC(112) Pause Young (Normal) (G1 Evacuation Pause) 6289M->1381M(8192M) 2.954ms
[79.416s][info][gc,cpu         ] GC(112) User=0.00s Sys=0.00s Real=0.00s
[79.915s][info][gc,task        ] GC(113) Using 6 workers of 6 for full compaction
[79.915s][info][gc,start       ] GC(113) Pause Full (System.gc())
[79.917s][info][gc,phases,start] GC(113) Phase 1: Mark live objects
[79.944s][info][gc,stringtable ] GC(113) Cleaned string and symbol table, strings: 40111 processed, 31 removed, symbols: 299395 processed, 0 removed
[79.945s][info][gc,phases      ] GC(113) Phase 1: Mark live objects 27.160ms
[79.945s][info][gc,phases,start] GC(113) Phase 2: Prepare for compaction
[79.952s][info][gc,phases      ] GC(113) Phase 2: Prepare for compaction 7.859ms
[79.952s][info][gc,phases,start] GC(113) Phase 3: Adjust pointers
[79.968s][info][gc,phases      ] GC(113) Phase 3: Adjust pointers 15.737ms
[79.968s][info][gc,phases,start] GC(113) Phase 4: Compact heap
[79.974s][info][gc,phases      ] GC(113) Phase 4: Compact heap 5.613ms
[79.987s][info][gc,heap        ] GC(113) Eden regions: 652->0(1228)
[79.987s][info][gc,heap        ] GC(113) Survivor regions: 1->0(154)
[79.987s][info][gc,heap        ] GC(113) Old regions: 17->17
[79.987s][info][gc,heap        ] GC(113) Humongous regions: 334->332
[79.988s][info][gc,metaspace   ] GC(113) Metaspace: 143549K(160092K)->143549K(160092K) NonClass: 124200K(132748K)->124200K(132748K) Class: 19348K(27344K)->19348K(27344K)
[79.988s][info][gc             ] GC(113) Pause Full (System.gc()) 3993M->1380M(8192M) 72.137ms
[79.988s][info][gc,cpu         ] GC(113) User=0.06s Sys=0.00s Real=0.08s
[80.572s][info][gc,start       ] GC(114) Pause Young (Normal) (G1 Evacuation Pause)
[80.572s][info][gc,task        ] GC(114) Using 6 workers of 6 for evacuation
[80.575s][info][gc,phases      ] GC(114)   Pre Evacuate Collection Set: 0.1ms
[80.576s][info][gc,phases      ] GC(114)   Evacuate Collection Set: 1.1ms
[80.576s][info][gc,phases      ] GC(114)   Post Evacuate Collection Set: 1.5ms
[80.576s][info][gc,phases      ] GC(114)   Other: 0.4ms
[80.576s][info][gc,heap        ] GC(114) Eden regions: 1228->0(1227)
[80.576s][info][gc,heap        ] GC(114) Survivor regions: 0->1(154)
[80.576s][info][gc,heap        ] GC(114) Old regions: 17->17
[80.576s][info][gc,heap        ] GC(114) Humongous regions: 334->332
[80.576s][info][gc,metaspace   ] GC(114) Metaspace: 143653K(160092K)->143653K(160092K) NonClass: 124304K(132748K)->124304K(132748K) Class: 19348K(27344K)->19348K(27344K)
[80.576s][info][gc             ] GC(114) Pause Young (Normal) (G1 Evacuation Pause) 6300M->1381M(8192M) 3.174ms
[80.576s][info][gc,cpu         ] GC(114) User=0.00s Sys=0.00s Real=0.00s
[81.073s][info][gc,start       ] GC(115) Pause Young (Normal) (G1 Evacuation Pause)
[81.073s][info][gc,task        ] GC(115) Using 6 workers of 6 for evacuation
[81.076s][info][gc,phases      ] GC(115)   Pre Evacuate Collection Set: 0.1ms
[81.076s][info][gc,phases      ] GC(115)   Evacuate Collection Set: 1.0ms
[81.076s][info][gc,phases      ] GC(115)   Post Evacuate Collection Set: 1.4ms
[81.076s][info][gc,phases      ] GC(115)   Other: 0.3ms
[81.076s][info][gc,heap        ] GC(115) Eden regions: 1227->0(1227)
[81.076s][info][gc,heap        ] GC(115) Survivor regions: 1->1(154)
[81.076s][info][gc,heap        ] GC(115) Old regions: 17->17
[81.076s][info][gc,heap        ] GC(115) Humongous regions: 332->332
[81.076s][info][gc,metaspace   ] GC(115) Metaspace: 143653K(160092K)->143653K(160092K) NonClass: 124304K(132748K)->124304K(132748K) Class: 19348K(27344K)->19348K(27344K)
[81.076s][info][gc             ] GC(115) Pause Young (Normal) (G1 Evacuation Pause) 6289M->1381M(8192M) 2.825ms
[81.076s][info][gc,cpu         ] GC(115) User=0.00s Sys=0.00s Real=0.00s
[81.586s][info][gc,task        ] GC(116) Using 6 workers of 6 for full compaction
[81.586s][info][gc,start       ] GC(116) Pause Full (System.gc())
[81.589s][info][gc,phases,start] GC(116) Phase 1: Mark live objects
[81.616s][info][gc,stringtable ] GC(116) Cleaned string and symbol table, strings: 40311 processed, 31 removed, symbols: 299397 processed, 2 removed
[81.617s][info][gc,phases      ] GC(116) Phase 1: Mark live objects 27.744ms
[81.617s][info][gc,phases,start] GC(116) Phase 2: Prepare for compaction
[81.625s][info][gc,phases      ] GC(116) Phase 2: Prepare for compaction 8.280ms
[81.625s][info][gc,phases,start] GC(116) Phase 3: Adjust pointers
[81.643s][info][gc,phases      ] GC(116) Phase 3: Adjust pointers 18.142ms
[81.643s][info][gc,phases,start] GC(116) Phase 4: Compact heap
[81.650s][info][gc,phases      ] GC(116) Phase 4: Compact heap 7.160ms
[81.664s][info][gc,heap        ] GC(116) Eden regions: 651->0(1228)
[81.664s][info][gc,heap        ] GC(116) Survivor regions: 1->0(154)
[81.664s][info][gc,heap        ] GC(116) Old regions: 17->17
[81.664s][info][gc,heap        ] GC(116) Humongous regions: 334->332
[81.664s][info][gc,metaspace   ] GC(116) Metaspace: 143678K(160348K)->143678K(160348K) NonClass: 124329K(133004K)->124329K(133004K) Class: 19348K(27344K)->19348K(27344K)
[81.664s][info][gc             ] GC(116) Pause Full (System.gc()) 3993M->1380M(8192M) 77.669ms
[81.664s][info][gc,cpu         ] GC(116) User=0.06s Sys=0.00s Real=0.06s
[82.220s][info][gc,start       ] GC(117) Pause Young (Normal) (G1 Evacuation Pause)
[82.220s][info][gc,task        ] GC(117) Using 6 workers of 6 for evacuation
[82.224s][info][gc,phases      ] GC(117)   Pre Evacuate Collection Set: 0.1ms
[82.224s][info][gc,phases      ] GC(117)   Evacuate Collection Set: 1.4ms
[82.224s][info][gc,phases      ] GC(117)   Post Evacuate Collection Set: 1.6ms
[82.224s][info][gc,phases      ] GC(117)   Other: 0.3ms
[82.224s][info][gc,heap        ] GC(117) Eden regions: 1228->0(1227)
[82.224s][info][gc,heap        ] GC(117) Survivor regions: 0->1(154)
[82.224s][info][gc,heap        ] GC(117) Old regions: 17->17
[82.224s][info][gc,heap        ] GC(117) Humongous regions: 334->332
[82.224s][info][gc,metaspace   ] GC(117) Metaspace: 143709K(160348K)->143709K(160348K) NonClass: 124360K(133004K)->124360K(133004K) Class: 19348K(27344K)->19348K(27344K)
[82.224s][info][gc             ] GC(117) Pause Young (Normal) (G1 Evacuation Pause) 6300M->1381M(8192M) 3.503ms
[82.224s][info][gc,cpu         ] GC(117) User=0.00s Sys=0.00s Real=0.00s
[82.719s][info][gc,start       ] GC(118) Pause Young (Normal) (G1 Evacuation Pause)
[82.719s][info][gc,task        ] GC(118) Using 6 workers of 6 for evacuation
[82.722s][info][gc,phases      ] GC(118)   Pre Evacuate Collection Set: 0.1ms
[82.722s][info][gc,phases      ] GC(118)   Evacuate Collection Set: 1.1ms
[82.722s][info][gc,phases      ] GC(118)   Post Evacuate Collection Set: 1.4ms
[82.722s][info][gc,phases      ] GC(118)   Other: 0.3ms
[82.722s][info][gc,heap        ] GC(118) Eden regions: 1227->0(1227)
[82.722s][info][gc,heap        ] GC(118) Survivor regions: 1->1(154)
[82.722s][info][gc,heap        ] GC(118) Old regions: 17->17
[82.722s][info][gc,heap        ] GC(118) Humongous regions: 332->332
[82.722s][info][gc,metaspace   ] GC(118) Metaspace: 143709K(160348K)->143709K(160348K) NonClass: 124360K(133004K)->124360K(133004K) Class: 19348K(27344K)->19348K(27344K)
[82.722s][info][gc             ] GC(118) Pause Young (Normal) (G1 Evacuation Pause) 6289M->1381M(8192M) 2.862ms
[82.722s][info][gc,cpu         ] GC(118) User=0.00s Sys=0.00s Real=0.00s
[83.244s][info][gc,task        ] GC(119) Using 6 workers of 6 for full compaction
[83.244s][info][gc,start       ] GC(119) Pause Full (System.gc())
[83.246s][info][gc,phases,start] GC(119) Phase 1: Mark live objects
[83.271s][info][gc,stringtable ] GC(119) Cleaned string and symbol table, strings: 40406 processed, 31 removed, symbols: 299402 processed, 0 removed
[83.271s][info][gc,phases      ] GC(119) Phase 1: Mark live objects 24.553ms
[83.271s][info][gc,phases,start] GC(119) Phase 2: Prepare for compaction
[83.279s][info][gc,phases      ] GC(119) Phase 2: Prepare for compaction 8.619ms
[83.279s][info][gc,phases,start] GC(119) Phase 3: Adjust pointers
[83.296s][info][gc,phases      ] GC(119) Phase 3: Adjust pointers 16.611ms
[83.296s][info][gc,phases,start] GC(119) Phase 4: Compact heap
[83.303s][info][gc,phases      ] GC(119) Phase 4: Compact heap 7.298ms
[83.317s][info][gc,heap        ] GC(119) Eden regions: 650->0(1228)
[83.317s][info][gc,heap        ] GC(119) Survivor regions: 1->0(154)
[83.317s][info][gc,heap        ] GC(119) Old regions: 17->17
[83.317s][info][gc,heap        ] GC(119) Humongous regions: 334->332
[83.317s][info][gc,metaspace   ] GC(119) Metaspace: 143729K(160348K)->143729K(160348K) NonClass: 124377K(133004K)->124377K(133004K) Class: 19352K(27344K)->19352K(27344K)
[83.317s][info][gc             ] GC(119) Pause Full (System.gc()) 3989M->1380M(8192M) 72.742ms
[83.317s][info][gc,cpu         ] GC(119) User=0.06s Sys=0.00s Real=0.08s
[83.891s][info][gc,start       ] GC(120) Pause Young (Normal) (G1 Evacuation Pause)
[83.891s][info][gc,task        ] GC(120) Using 6 workers of 6 for evacuation
[83.895s][info][gc,phases      ] GC(120)   Pre Evacuate Collection Set: 0.1ms
[83.895s][info][gc,phases      ] GC(120)   Evacuate Collection Set: 1.4ms
[83.895s][info][gc,phases      ] GC(120)   Post Evacuate Collection Set: 1.5ms
[83.895s][info][gc,phases      ] GC(120)   Other: 0.3ms
[83.895s][info][gc,heap        ] GC(120) Eden regions: 1228->0(1227)
[83.895s][info][gc,heap        ] GC(120) Survivor regions: 0->1(154)
[83.895s][info][gc,heap        ] GC(120) Old regions: 17->17
[83.895s][info][gc,heap        ] GC(120) Humongous regions: 334->332
[83.895s][info][gc,metaspace   ] GC(120) Metaspace: 143760K(160348K)->143760K(160348K) NonClass: 124408K(133004K)->124408K(133004K) Class: 19352K(27344K)->19352K(27344K)
[83.895s][info][gc             ] GC(120) Pause Young (Normal) (G1 Evacuation Pause) 6300M->1381M(8192M) 3.259ms
[83.895s][info][gc,cpu         ] GC(120) User=0.00s Sys=0.00s Real=0.00s
[84.387s][info][gc,start       ] GC(121) Pause Young (Normal) (G1 Evacuation Pause)
[84.387s][info][gc,task        ] GC(121) Using 6 workers of 6 for evacuation
[84.390s][info][gc,phases      ] GC(121)   Pre Evacuate Collection Set: 0.1ms
[84.390s][info][gc,phases      ] GC(121)   Evacuate Collection Set: 1.0ms
[84.390s][info][gc,phases      ] GC(121)   Post Evacuate Collection Set: 1.4ms
[84.390s][info][gc,phases      ] GC(121)   Other: 0.3ms
[84.390s][info][gc,heap        ] GC(121) Eden regions: 1227->0(1227)
[84.390s][info][gc,heap        ] GC(121) Survivor regions: 1->1(154)
[84.390s][info][gc,heap        ] GC(121) Old regions: 17->17
[84.390s][info][gc,heap        ] GC(121) Humongous regions: 332->332
[84.390s][info][gc,metaspace   ] GC(121) Metaspace: 143760K(160348K)->143760K(160348K) NonClass: 124408K(133004K)->124408K(133004K) Class: 19352K(27344K)->19352K(27344K)
[84.390s][info][gc             ] GC(121) Pause Young (Normal) (G1 Evacuation Pause) 6289M->1381M(8192M) 2.833ms
[84.390s][info][gc,cpu         ] GC(121) User=0.00s Sys=0.00s Real=0.00s
[84.900s][info][gc,task        ] GC(122) Using 6 workers of 6 for full compaction
[84.901s][info][gc,start       ] GC(122) Pause Full (System.gc())
[84.903s][info][gc,phases,start] GC(122) Phase 1: Mark live objects
[84.930s][info][gc,stringtable ] GC(122) Cleaned string and symbol table, strings: 40425 processed, 31 removed, symbols: 299402 processed, 0 removed
[84.930s][info][gc,phases      ] GC(122) Phase 1: Mark live objects 27.562ms
[84.930s][info][gc,phases,start] GC(122) Phase 2: Prepare for compaction
[84.938s][info][gc,phases      ] GC(122) Phase 2: Prepare for compaction 7.857ms
[84.938s][info][gc,phases,start] GC(122) Phase 3: Adjust pointers
[84.955s][info][gc,phases      ] GC(122) Phase 3: Adjust pointers 16.620ms
[84.955s][info][gc,phases,start] GC(122) Phase 4: Compact heap
[84.962s][info][gc,phases      ] GC(122) Phase 4: Compact heap 7.196ms
[84.976s][info][gc,heap        ] GC(122) Eden regions: 652->0(1228)
[84.976s][info][gc,heap        ] GC(122) Survivor regions: 1->0(154)
[84.976s][info][gc,heap        ] GC(122) Old regions: 17->17
[84.976s][info][gc,heap        ] GC(122) Humongous regions: 334->332
[84.976s][info][gc,metaspace   ] GC(122) Metaspace: 143773K(160348K)->143773K(160348K) NonClass: 124420K(133004K)->124420K(133004K) Class: 19352K(27344K)->19352K(27344K)
[84.976s][info][gc             ] GC(122) Pause Full (System.gc()) 3993M->1380M(8192M) 75.493ms
[84.976s][info][gc,cpu         ] GC(122) User=0.03s Sys=0.02s Real=0.06s
[85.533s][info][gc,start       ] GC(123) Pause Young (Normal) (G1 Evacuation Pause)
[85.533s][info][gc,task        ] GC(123) Using 6 workers of 6 for evacuation
[85.536s][info][gc,phases      ] GC(123)   Pre Evacuate Collection Set: 0.1ms
[85.536s][info][gc,phases      ] GC(123)   Evacuate Collection Set: 1.2ms
[85.536s][info][gc,phases      ] GC(123)   Post Evacuate Collection Set: 1.5ms
[85.536s][info][gc,phases      ] GC(123)   Other: 0.3ms
[85.536s][info][gc,heap        ] GC(123) Eden regions: 1228->0(1227)
[85.536s][info][gc,heap        ] GC(123) Survivor regions: 0->1(154)
[85.536s][info][gc,heap        ] GC(123) Old regions: 17->17
[85.536s][info][gc,heap        ] GC(123) Humongous regions: 334->332
[85.536s][info][gc,metaspace   ] GC(123) Metaspace: 143868K(160348K)->143868K(160348K) NonClass: 124515K(133004K)->124515K(133004K) Class: 19352K(27344K)->19352K(27344K)
[85.536s][info][gc             ] GC(123) Pause Young (Normal) (G1 Evacuation Pause) 6300M->1381M(8192M) 3.155ms
[85.536s][info][gc,cpu         ] GC(123) User=0.00s Sys=0.00s Real=0.00s
[86.032s][info][gc,start       ] GC(124) Pause Young (Normal) (G1 Evacuation Pause)
[86.032s][info][gc,task        ] GC(124) Using 6 workers of 6 for evacuation
[86.035s][info][gc,phases      ] GC(124)   Pre Evacuate Collection Set: 0.1ms
[86.035s][info][gc,phases      ] GC(124)   Evacuate Collection Set: 1.1ms
[86.035s][info][gc,phases      ] GC(124)   Post Evacuate Collection Set: 1.3ms
[86.035s][info][gc,phases      ] GC(124)   Other: 0.3ms
[86.035s][info][gc,heap        ] GC(124) Eden regions: 1227->0(1227)
[86.035s][info][gc,heap        ] GC(124) Survivor regions: 1->1(154)
[86.035s][info][gc,heap        ] GC(124) Old regions: 17->17
[86.035s][info][gc,heap        ] GC(124) Humongous regions: 332->332
[86.035s][info][gc,metaspace   ] GC(124) Metaspace: 143868K(160348K)->143868K(160348K) NonClass: 124515K(133004K)->124515K(133004K) Class: 19352K(27344K)->19352K(27344K)
[86.035s][info][gc             ] GC(124) Pause Young (Normal) (G1 Evacuation Pause) 6289M->1381M(8192M) 2.848ms
[86.035s][info][gc,cpu         ] GC(124) User=0.00s Sys=0.00s Real=0.00s
[86.562s][info][gc,task        ] GC(125) Using 6 workers of 6 for full compaction
[86.562s][info][gc,start       ] GC(125) Pause Full (System.gc())
[86.564s][info][gc,phases,start] GC(125) Phase 1: Mark live objects
[86.590s][info][gc,stringtable ] GC(125) Cleaned string and symbol table, strings: 40454 processed, 31 removed, symbols: 299402 processed, 0 removed
[86.590s][info][gc,phases      ] GC(125) Phase 1: Mark live objects 26.515ms
[86.590s][info][gc,phases,start] GC(125) Phase 2: Prepare for compaction
[86.598s][info][gc,phases      ] GC(125) Phase 2: Prepare for compaction 7.968ms
[86.599s][info][gc,phases,start] GC(125) Phase 3: Adjust pointers
[86.616s][info][gc,phases      ] GC(125) Phase 3: Adjust pointers 17.024ms
[86.616s][info][gc,phases,start] GC(125) Phase 4: Compact heap
[86.624s][info][gc,phases      ] GC(125) Phase 4: Compact heap 8.642ms
[86.638s][info][gc,heap        ] GC(125) Eden regions: 651->0(1228)
[86.639s][info][gc,heap        ] GC(125) Survivor regions: 1->0(154)
[86.639s][info][gc,heap        ] GC(125) Old regions: 17->17
[86.639s][info][gc,heap        ] GC(125) Humongous regions: 334->332
[86.639s][info][gc,metaspace   ] GC(125) Metaspace: 143944K(160348K)->143944K(160348K) NonClass: 124591K(133004K)->124591K(133004K) Class: 19352K(27344K)->19352K(27344K)
[86.639s][info][gc             ] GC(125) Pause Full (System.gc()) 3989M->1380M(8192M) 76.635ms
[86.639s][info][gc,cpu         ] GC(125) User=0.05s Sys=0.00s Real=0.09s
[87.204s][info][gc,start       ] GC(126) Pause Young (Normal) (G1 Evacuation Pause)
[87.204s][info][gc,task        ] GC(126) Using 6 workers of 6 for evacuation
[87.207s][info][gc,phases      ] GC(126)   Pre Evacuate Collection Set: 0.1ms
[87.207s][info][gc,phases      ] GC(126)   Evacuate Collection Set: 1.2ms
[87.207s][info][gc,phases      ] GC(126)   Post Evacuate Collection Set: 1.5ms
[87.207s][info][gc,phases      ] GC(126)   Other: 0.3ms
[87.207s][info][gc,heap        ] GC(126) Eden regions: 1228->0(1227)
[87.207s][info][gc,heap        ] GC(126) Survivor regions: 0->1(154)
[87.207s][info][gc,heap        ] GC(126) Old regions: 17->17
[87.207s][info][gc,heap        ] GC(126) Humongous regions: 334->332
[87.207s][info][gc,metaspace   ] GC(126) Metaspace: 144015K(160604K)->144015K(160604K) NonClass: 124663K(133260K)->124663K(133260K) Class: 19352K(27344K)->19352K(27344K)
[87.207s][info][gc             ] GC(126) Pause Young (Normal) (G1 Evacuation Pause) 6300M->1381M(8192M) 3.181ms
[87.207s][info][gc,cpu         ] GC(126) User=0.02s Sys=0.00s Real=0.00s
[87.705s][info][gc,start       ] GC(127) Pause Young (Normal) (G1 Evacuation Pause)
[87.705s][info][gc,task        ] GC(127) Using 6 workers of 6 for evacuation
[87.708s][info][gc,phases      ] GC(127)   Pre Evacuate Collection Set: 0.1ms
[87.708s][info][gc,phases      ] GC(127)   Evacuate Collection Set: 1.0ms
[87.708s][info][gc,phases      ] GC(127)   Post Evacuate Collection Set: 1.5ms
[87.708s][info][gc,phases      ] GC(127)   Other: 0.3ms
[87.708s][info][gc,heap        ] GC(127) Eden regions: 1227->0(1227)
[87.708s][info][gc,heap        ] GC(127) Survivor regions: 1->1(154)
[87.708s][info][gc,heap        ] GC(127) Old regions: 17->17
[87.708s][info][gc,heap        ] GC(127) Humongous regions: 332->332
[87.708s][info][gc,metaspace   ] GC(127) Metaspace: 144015K(160604K)->144015K(160604K) NonClass: 124663K(133260K)->124663K(133260K) Class: 19352K(27344K)->19352K(27344K)
[87.708s][info][gc             ] GC(127) Pause Young (Normal) (G1 Evacuation Pause) 6289M->1382M(8192M) 2.956ms
[87.708s][info][gc,cpu         ] GC(127) User=0.00s Sys=0.00s Real=0.00s
[88.218s][info][gc,task        ] GC(128) Using 6 workers of 6 for full compaction
[88.219s][info][gc,start       ] GC(128) Pause Full (System.gc())
[88.221s][info][gc,phases,start] GC(128) Phase 1: Mark live objects
[88.249s][info][gc,stringtable ] GC(128) Cleaned string and symbol table, strings: 40463 processed, 31 removed, symbols: 299402 processed, 0 removed
[88.249s][info][gc,phases      ] GC(128) Phase 1: Mark live objects 28.010ms
[88.249s][info][gc,phases,start] GC(128) Phase 2: Prepare for compaction
[88.257s][info][gc,phases      ] GC(128) Phase 2: Prepare for compaction 7.965ms
[88.257s][info][gc,phases,start] GC(128) Phase 3: Adjust pointers
[88.274s][info][gc,phases      ] GC(128) Phase 3: Adjust pointers 17.556ms
[88.274s][info][gc,phases,start] GC(128) Phase 4: Compact heap
[88.281s][info][gc,phases      ] GC(128) Phase 4: Compact heap 7.044ms
[88.295s][info][gc,heap        ] GC(128) Eden regions: 650->0(1228)
[88.296s][info][gc,heap        ] GC(128) Survivor regions: 1->0(154)
[88.296s][info][gc,heap        ] GC(128) Old regions: 17->17
[88.296s][info][gc,heap        ] GC(128) Humongous regions: 334->332
[88.296s][info][gc,metaspace   ] GC(128) Metaspace: 144038K(160604K)->144038K(160604K) NonClass: 124686K(133260K)->124686K(133260K) Class: 19352K(27344K)->19352K(27344K)
[88.296s][info][gc             ] GC(128) Pause Full (System.gc()) 3987M->1380M(8192M) 76.938ms
[88.296s][info][gc,cpu         ] GC(128) User=0.06s Sys=0.00s Real=0.07s
[88.854s][info][gc,start       ] GC(129) Pause Young (Normal) (G1 Evacuation Pause)
[88.854s][info][gc,task        ] GC(129) Using 6 workers of 6 for evacuation
[88.857s][info][gc,phases      ] GC(129)   Pre Evacuate Collection Set: 0.1ms
[88.857s][info][gc,phases      ] GC(129)   Evacuate Collection Set: 1.2ms
[88.857s][info][gc,phases      ] GC(129)   Post Evacuate Collection Set: 1.4ms
[88.857s][info][gc,phases      ] GC(129)   Other: 0.3ms
[88.857s][info][gc,heap        ] GC(129) Eden regions: 1228->0(1227)
[88.857s][info][gc,heap        ] GC(129) Survivor regions: 0->1(154)
[88.857s][info][gc,heap        ] GC(129) Old regions: 17->17
[88.857s][info][gc,heap        ] GC(129) Humongous regions: 334->332
[88.857s][info][gc,metaspace   ] GC(129) Metaspace: 144060K(160604K)->144060K(160604K) NonClass: 124707K(133260K)->124707K(133260K) Class: 19352K(27344K)->19352K(27344K)
[88.857s][info][gc             ] GC(129) Pause Young (Normal) (G1 Evacuation Pause) 6300M->1382M(8192M) 3.047ms
[88.857s][info][gc,cpu         ] GC(129) User=0.00s Sys=0.00s Real=0.00s
[89.348s][info][gc,start       ] GC(130) Pause Young (Normal) (G1 Evacuation Pause)
[89.348s][info][gc,task        ] GC(130) Using 6 workers of 6 for evacuation
[89.351s][info][gc,phases      ] GC(130)   Pre Evacuate Collection Set: 0.1ms
[89.351s][info][gc,phases      ] GC(130)   Evacuate Collection Set: 1.0ms
[89.351s][info][gc,phases      ] GC(130)   Post Evacuate Collection Set: 1.5ms
[89.351s][info][gc,phases      ] GC(130)   Other: 0.3ms
[89.351s][info][gc,heap        ] GC(130) Eden regions: 1227->0(1227)
[89.351s][info][gc,heap        ] GC(130) Survivor regions: 1->1(154)
[89.351s][info][gc,heap        ] GC(130) Old regions: 17->17
[89.351s][info][gc,heap        ] GC(130) Humongous regions: 332->332
[89.351s][info][gc,metaspace   ] GC(130) Metaspace: 144060K(160604K)->144060K(160604K) NonClass: 124707K(133260K)->124707K(133260K) Class: 19352K(27344K)->19352K(27344K)
[89.351s][info][gc             ] GC(130) Pause Young (Normal) (G1 Evacuation Pause) 6290M->1381M(8192M) 2.907ms
[89.351s][info][gc,cpu         ] GC(130) User=0.00s Sys=0.00s Real=0.00s
[89.861s][info][gc,task        ] GC(131) Using 6 workers of 6 for full compaction
[89.861s][info][gc,start       ] GC(131) Pause Full (System.gc())
[89.863s][info][gc,phases,start] GC(131) Phase 1: Mark live objects
[89.888s][info][gc,stringtable ] GC(131) Cleaned string and symbol table, strings: 40482 processed, 31 removed, symbols: 299402 processed, 0 removed
[89.888s][info][gc,phases      ] GC(131) Phase 1: Mark live objects 25.127ms
[89.888s][info][gc,phases,start] GC(131) Phase 2: Prepare for compaction
[89.896s][info][gc,phases      ] GC(131) Phase 2: Prepare for compaction 7.989ms
[89.896s][info][gc,phases,start] GC(131) Phase 3: Adjust pointers
[89.913s][info][gc,phases      ] GC(131) Phase 3: Adjust pointers 16.462ms
[89.913s][info][gc,phases,start] GC(131) Phase 4: Compact heap
[89.920s][info][gc,phases      ] GC(131) Phase 4: Compact heap 6.642ms
[89.933s][info][gc,heap        ] GC(131) Eden regions: 651->0(1228)
[89.933s][info][gc,heap        ] GC(131) Survivor regions: 1->0(154)
[89.933s][info][gc,heap        ] GC(131) Old regions: 17->17
[89.933s][info][gc,heap        ] GC(131) Humongous regions: 334->332
[89.933s][info][gc,metaspace   ] GC(131) Metaspace: 144067K(160604K)->144067K(160604K) NonClass: 124715K(133260K)->124715K(133260K) Class: 19352K(27344K)->19352K(27344K)
[89.933s][info][gc             ] GC(131) Pause Full (System.gc()) 3990M->1380M(8192M) 71.992ms
[89.933s][info][gc,cpu         ] GC(131) User=0.05s Sys=0.00s Real=0.08s
[90.493s][info][gc,start       ] GC(132) Pause Young (Normal) (G1 Evacuation Pause)
[90.493s][info][gc,task        ] GC(132) Using 6 workers of 6 for evacuation
[90.496s][info][gc,phases      ] GC(132)   Pre Evacuate Collection Set: 0.1ms
[90.496s][info][gc,phases      ] GC(132)   Evacuate Collection Set: 1.2ms
[90.496s][info][gc,phases      ] GC(132)   Post Evacuate Collection Set: 1.5ms
[90.496s][info][gc,phases      ] GC(132)   Other: 0.3ms
[90.496s][info][gc,heap        ] GC(132) Eden regions: 1228->0(1227)
[90.496s][info][gc,heap        ] GC(132) Survivor regions: 0->1(154)
[90.496s][info][gc,heap        ] GC(132) Old regions: 17->17
[90.496s][info][gc,heap        ] GC(132) Humongous regions: 334->332
[90.496s][info][gc,metaspace   ] GC(132) Metaspace: 144326K(160860K)->144326K(160860K) NonClass: 124973K(133516K)->124973K(133516K) Class: 19352K(27344K)->19352K(27344K)
[90.496s][info][gc             ] GC(132) Pause Young (Normal) (G1 Evacuation Pause) 6300M->1382M(8192M) 3.131ms
[90.496s][info][gc,cpu         ] GC(132) User=0.00s Sys=0.00s Real=0.00s
[90.991s][info][gc,start       ] GC(133) Pause Young (Normal) (G1 Evacuation Pause)
[90.991s][info][gc,task        ] GC(133) Using 6 workers of 6 for evacuation
[90.994s][info][gc,phases      ] GC(133)   Pre Evacuate Collection Set: 0.1ms
[90.994s][info][gc,phases      ] GC(133)   Evacuate Collection Set: 1.0ms
[90.994s][info][gc,phases      ] GC(133)   Post Evacuate Collection Set: 1.4ms
[90.994s][info][gc,phases      ] GC(133)   Other: 0.3ms
[90.994s][info][gc,heap        ] GC(133) Eden regions: 1227->0(1227)
[90.994s][info][gc,heap        ] GC(133) Survivor regions: 1->1(154)
[90.994s][info][gc,heap        ] GC(133) Old regions: 17->17
[90.994s][info][gc,heap        ] GC(133) Humongous regions: 332->332
[90.994s][info][gc,metaspace   ] GC(133) Metaspace: 144326K(160860K)->144326K(160860K) NonClass: 124973K(133516K)->124973K(133516K) Class: 19352K(27344K)->19352K(27344K)
[90.994s][info][gc             ] GC(133) Pause Young (Normal) (G1 Evacuation Pause) 6290M->1382M(8192M) 2.847ms
[90.994s][info][gc,cpu         ] GC(133) User=0.00s Sys=0.00s Real=0.00s
[91.510s][info][gc,task        ] GC(134) Using 6 workers of 6 for full compaction
[91.510s][info][gc,start       ] GC(134) Pause Full (System.gc())
[91.512s][info][gc,phases,start] GC(134) Phase 1: Mark live objects
[91.539s][info][gc,stringtable ] GC(134) Cleaned string and symbol table, strings: 40498 processed, 31 removed, symbols: 299402 processed, 0 removed
[91.539s][info][gc,phases      ] GC(134) Phase 1: Mark live objects 26.824ms
[91.539s][info][gc,phases,start] GC(134) Phase 2: Prepare for compaction
[91.547s][info][gc,phases      ] GC(134) Phase 2: Prepare for compaction 7.672ms
[91.547s][info][gc,phases,start] GC(134) Phase 3: Adjust pointers
[91.563s][info][gc,phases      ] GC(134) Phase 3: Adjust pointers 16.221ms
[91.563s][info][gc,phases,start] GC(134) Phase 4: Compact heap
[91.570s][info][gc,phases      ] GC(134) Phase 4: Compact heap 6.815ms
[91.584s][info][gc,heap        ] GC(134) Eden regions: 650->0(1228)
[91.584s][info][gc,heap        ] GC(134) Survivor regions: 1->0(154)
[91.584s][info][gc,heap        ] GC(134) Old regions: 17->18
[91.584s][info][gc,heap        ] GC(134) Humongous regions: 334->332
[91.584s][info][gc,metaspace   ] GC(134) Metaspace: 144355K(160860K)->144355K(160860K) NonClass: 125003K(133516K)->125003K(133516K) Class: 19352K(27344K)->19352K(27344K)
[91.584s][info][gc             ] GC(134) Pause Full (System.gc()) 3989M->1380M(8192M) 73.615ms
[91.584s][info][gc,cpu         ] GC(134) User=0.06s Sys=0.00s Real=0.08s
[92.138s][info][gc,start       ] GC(135) Pause Young (Normal) (G1 Evacuation Pause)
[92.138s][info][gc,task        ] GC(135) Using 6 workers of 6 for evacuation
[92.141s][info][gc,phases      ] GC(135)   Pre Evacuate Collection Set: 0.1ms
[92.141s][info][gc,phases      ] GC(135)   Evacuate Collection Set: 1.2ms
[92.141s][info][gc,phases      ] GC(135)   Post Evacuate Collection Set: 1.7ms
[92.141s][info][gc,phases      ] GC(135)   Other: 0.3ms
[92.141s][info][gc,heap        ] GC(135) Eden regions: 1228->0(1227)
[92.141s][info][gc,heap        ] GC(135) Survivor regions: 0->1(154)
[92.141s][info][gc,heap        ] GC(135) Old regions: 18->18
[92.141s][info][gc,heap        ] GC(135) Humongous regions: 334->332
[92.141s][info][gc,metaspace   ] GC(135) Metaspace: 144379K(160860K)->144379K(160860K) NonClass: 125027K(133516K)->125027K(133516K) Class: 19352K(27344K)->19352K(27344K)
[92.141s][info][gc             ] GC(135) Pause Young (Normal) (G1 Evacuation Pause) 6300M->1382M(8192M) 3.293ms
[92.141s][info][gc,cpu         ] GC(135) User=0.02s Sys=0.00s Real=0.02s
[92.637s][info][gc,start       ] GC(136) Pause Young (Normal) (G1 Evacuation Pause)
[92.637s][info][gc,task        ] GC(136) Using 6 workers of 6 for evacuation
[92.640s][info][gc,phases      ] GC(136)   Pre Evacuate Collection Set: 0.1ms
[92.640s][info][gc,phases      ] GC(136)   Evacuate Collection Set: 1.1ms
[92.640s][info][gc,phases      ] GC(136)   Post Evacuate Collection Set: 1.6ms
[92.640s][info][gc,phases      ] GC(136)   Other: 0.3ms
[92.640s][info][gc,heap        ] GC(136) Eden regions: 1227->0(1227)
[92.640s][info][gc,heap        ] GC(136) Survivor regions: 1->1(154)
[92.640s][info][gc,heap        ] GC(136) Old regions: 18->18
[92.640s][info][gc,heap        ] GC(136) Humongous regions: 332->332
[92.640s][info][gc,metaspace   ] GC(136) Metaspace: 144379K(160860K)->144379K(160860K) NonClass: 125027K(133516K)->125027K(133516K) Class: 19352K(27344K)->19352K(27344K)
[92.640s][info][gc             ] GC(136) Pause Young (Normal) (G1 Evacuation Pause) 6290M->1382M(8192M) 3.156ms
[92.640s][info][gc,cpu         ] GC(136) User=0.00s Sys=0.00s Real=0.00s
[93.152s][info][gc,task        ] GC(137) Using 6 workers of 6 for full compaction
[93.152s][info][gc,start       ] GC(137) Pause Full (System.gc())
[93.155s][info][gc,phases,start] GC(137) Phase 1: Mark live objects
[93.181s][info][gc,stringtable ] GC(137) Cleaned string and symbol table, strings: 40507 processed, 31 removed, symbols: 299403 processed, 1 removed
[93.181s][info][gc,phases      ] GC(137) Phase 1: Mark live objects 25.759ms
[93.181s][info][gc,phases,start] GC(137) Phase 2: Prepare for compaction
[93.190s][info][gc,phases      ] GC(137) Phase 2: Prepare for compaction 8.340ms
[93.190s][info][gc,phases,start] GC(137) Phase 3: Adjust pointers
[93.206s][info][gc,phases      ] GC(137) Phase 3: Adjust pointers 16.233ms
[93.206s][info][gc,phases,start] GC(137) Phase 4: Compact heap
[93.213s][info][gc,phases      ] GC(137) Phase 4: Compact heap 6.828ms
[93.227s][info][gc,heap        ] GC(137) Eden regions: 650->0(1228)
[93.227s][info][gc,heap        ] GC(137) Survivor regions: 1->0(154)
[93.227s][info][gc,heap        ] GC(137) Old regions: 18->17
[93.227s][info][gc,heap        ] GC(137) Humongous regions: 334->332
[93.227s][info][gc,metaspace   ] GC(137) Metaspace: 144394K(160860K)->144394K(160860K) NonClass: 125042K(133516K)->125042K(133516K) Class: 19352K(27344K)->19352K(27344K)
[93.227s][info][gc             ] GC(137) Pause Full (System.gc()) 3987M->1380M(8192M) 74.805ms
[93.227s][info][gc,cpu         ] GC(137) User=0.05s Sys=0.00s Real=0.08s
[93.800s][info][gc,start       ] GC(138) Pause Young (Normal) (G1 Evacuation Pause)
[93.800s][info][gc,task        ] GC(138) Using 6 workers of 6 for evacuation
[93.803s][info][gc,phases      ] GC(138)   Pre Evacuate Collection Set: 0.1ms
[93.803s][info][gc,phases      ] GC(138)   Evacuate Collection Set: 1.2ms
[93.803s][info][gc,phases      ] GC(138)   Post Evacuate Collection Set: 1.6ms
[93.803s][info][gc,phases      ] GC(138)   Other: 0.3ms
[93.803s][info][gc,heap        ] GC(138) Eden regions: 1228->0(1227)
[93.803s][info][gc,heap        ] GC(138) Survivor regions: 0->1(154)
[93.803s][info][gc,heap        ] GC(138) Old regions: 17->17
[93.803s][info][gc,heap        ] GC(138) Humongous regions: 334->332
[93.803s][info][gc,metaspace   ] GC(138) Metaspace: 144582K(161116K)->144582K(161116K) NonClass: 125230K(133772K)->125230K(133772K) Class: 19352K(27344K)->19352K(27344K)
[93.803s][info][gc             ] GC(138) Pause Young (Normal) (G1 Evacuation Pause) 6300M->1382M(8192M) 3.244ms
[93.803s][info][gc,cpu         ] GC(138) User=0.00s Sys=0.00s Real=0.00s
[94.295s][info][gc,start       ] GC(139) Pause Young (Normal) (G1 Evacuation Pause)
[94.295s][info][gc,task        ] GC(139) Using 6 workers of 6 for evacuation
[94.298s][info][gc,phases      ] GC(139)   Pre Evacuate Collection Set: 0.1ms
[94.298s][info][gc,phases      ] GC(139)   Evacuate Collection Set: 1.0ms
[94.298s][info][gc,phases      ] GC(139)   Post Evacuate Collection Set: 1.6ms
[94.298s][info][gc,phases      ] GC(139)   Other: 0.3ms
[94.298s][info][gc,heap        ] GC(139) Eden regions: 1227->0(1227)
[94.298s][info][gc,heap        ] GC(139) Survivor regions: 1->1(154)
[94.298s][info][gc,heap        ] GC(139) Old regions: 17->17
[94.298s][info][gc,heap        ] GC(139) Humongous regions: 332->332
[94.298s][info][gc,metaspace   ] GC(139) Metaspace: 144582K(161116K)->144582K(161116K) NonClass: 125230K(133772K)->125230K(133772K) Class: 19352K(27344K)->19352K(27344K)
[94.298s][info][gc             ] GC(139) Pause Young (Normal) (G1 Evacuation Pause) 6290M->1382M(8192M) 3.100ms
[94.298s][info][gc,cpu         ] GC(139) User=0.00s Sys=0.00s Real=0.00s
[94.803s][info][gc,task        ] GC(140) Using 6 workers of 6 for full compaction
[94.803s][info][gc,start       ] GC(140) Pause Full (System.gc())
[94.805s][info][gc,phases,start] GC(140) Phase 1: Mark live objects
[94.832s][info][gc,stringtable ] GC(140) Cleaned string and symbol table, strings: 40529 processed, 31 removed, symbols: 299406 processed, 0 removed
[94.832s][info][gc,phases      ] GC(140) Phase 1: Mark live objects 26.269ms
[94.832s][info][gc,phases,start] GC(140) Phase 2: Prepare for compaction
[94.840s][info][gc,phases      ] GC(140) Phase 2: Prepare for compaction 8.361ms
[94.840s][info][gc,phases,start] GC(140) Phase 3: Adjust pointers
[94.857s][info][gc,phases      ] GC(140) Phase 3: Adjust pointers 17.244ms
[94.857s][info][gc,phases,start] GC(140) Phase 4: Compact heap
[94.865s][info][gc,phases      ] GC(140) Phase 4: Compact heap 7.601ms
[94.879s][info][gc,heap        ] GC(140) Eden regions: 649->0(1228)
[94.879s][info][gc,heap        ] GC(140) Survivor regions: 1->0(154)
[94.879s][info][gc,heap        ] GC(140) Old regions: 17->17
[94.879s][info][gc,heap        ] GC(140) Humongous regions: 334->332
[94.879s][info][gc,metaspace   ] GC(140) Metaspace: 144729K(161116K)->144729K(161116K) NonClass: 125375K(133772K)->125375K(133772K) Class: 19354K(27344K)->19354K(27344K)
[94.879s][info][gc             ] GC(140) Pause Full (System.gc()) 3985M->1380M(8192M) 75.505ms
[94.879s][info][gc,cpu         ] GC(140) User=0.05s Sys=0.00s Real=0.08s
[95.444s][info][gc,start       ] GC(141) Pause Young (Normal) (G1 Evacuation Pause)
[95.444s][info][gc,task        ] GC(141) Using 6 workers of 6 for evacuation
[95.447s][info][gc,phases      ] GC(141)   Pre Evacuate Collection Set: 0.1ms
[95.447s][info][gc,phases      ] GC(141)   Evacuate Collection Set: 1.2ms
[95.447s][info][gc,phases      ] GC(141)   Post Evacuate Collection Set: 1.5ms
[95.448s][info][gc,phases      ] GC(141)   Other: 0.3ms
[95.448s][info][gc,heap        ] GC(141) Eden regions: 1228->0(1227)
[95.448s][info][gc,heap        ] GC(141) Survivor regions: 0->1(154)
[95.448s][info][gc,heap        ] GC(141) Old regions: 17->17
[95.448s][info][gc,heap        ] GC(141) Humongous regions: 334->332
[95.448s][info][gc,metaspace   ] GC(141) Metaspace: 144756K(161116K)->144756K(161116K) NonClass: 125402K(133772K)->125402K(133772K) Class: 19354K(27344K)->19354K(27344K)
[95.448s][info][gc             ] GC(141) Pause Young (Normal) (G1 Evacuation Pause) 6300M->1382M(8192M) 3.128ms
[95.448s][info][gc,cpu         ] GC(141) User=0.00s Sys=0.00s Real=0.00s
[95.943s][info][gc,start       ] GC(142) Pause Young (Normal) (G1 Evacuation Pause)
[95.943s][info][gc,task        ] GC(142) Using 6 workers of 6 for evacuation
[95.946s][info][gc,phases      ] GC(142)   Pre Evacuate Collection Set: 0.1ms
[95.946s][info][gc,phases      ] GC(142)   Evacuate Collection Set: 1.0ms
[95.946s][info][gc,phases      ] GC(142)   Post Evacuate Collection Set: 1.3ms
[95.946s][info][gc,phases      ] GC(142)   Other: 0.3ms
[95.946s][info][gc,heap        ] GC(142) Eden regions: 1227->0(1227)
[95.946s][info][gc,heap        ] GC(142) Survivor regions: 1->1(154)
[95.946s][info][gc,heap        ] GC(142) Old regions: 17->17
[95.946s][info][gc,heap        ] GC(142) Humongous regions: 332->332
[95.946s][info][gc,metaspace   ] GC(142) Metaspace: 144757K(161116K)->144757K(161116K) NonClass: 125403K(133772K)->125403K(133772K) Class: 19354K(27344K)->19354K(27344K)
[95.946s][info][gc             ] GC(142) Pause Young (Normal) (G1 Evacuation Pause) 6290M->1382M(8192M) 2.767ms
[95.946s][info][gc,cpu         ] GC(142) User=0.00s Sys=0.00s Real=0.00s
[96.441s][info][gc,task        ] GC(143) Using 6 workers of 6 for full compaction
[96.441s][info][gc,start       ] GC(143) Pause Full (System.gc())
[96.443s][info][gc,phases,start] GC(143) Phase 1: Mark live objects
[96.471s][info][gc,stringtable ] GC(143) Cleaned string and symbol table, strings: 40539 processed, 31 removed, symbols: 299406 processed, 0 removed
[96.471s][info][gc,phases      ] GC(143) Phase 1: Mark live objects 27.747ms
[96.471s][info][gc,phases,start] GC(143) Phase 2: Prepare for compaction
[96.479s][info][gc,phases      ] GC(143) Phase 2: Prepare for compaction 7.666ms
[96.479s][info][gc,phases,start] GC(143) Phase 3: Adjust pointers
[96.495s][info][gc,phases      ] GC(143) Phase 3: Adjust pointers 16.448ms
[96.495s][info][gc,phases,start] GC(143) Phase 4: Compact heap
[96.502s][info][gc,phases      ] GC(143) Phase 4: Compact heap 6.418ms
[96.516s][info][gc,heap        ] GC(143) Eden regions: 650->0(1228)
[96.516s][info][gc,heap        ] GC(143) Survivor regions: 1->0(154)
[96.516s][info][gc,heap        ] GC(143) Old regions: 17->17
[96.516s][info][gc,heap        ] GC(143) Humongous regions: 334->332
[96.516s][info][gc,metaspace   ] GC(143) Metaspace: 144770K(161116K)->144770K(161116K) NonClass: 125415K(133772K)->125415K(133772K) Class: 19354K(27344K)->19354K(27344K)
[96.516s][info][gc             ] GC(143) Pause Full (System.gc()) 3989M->1380M(8192M) 74.730ms
[96.516s][info][gc,cpu         ] GC(143) User=0.03s Sys=0.00s Real=0.08s
[97.075s][info][gc,start       ] GC(144) Pause Young (Normal) (G1 Evacuation Pause)
[97.075s][info][gc,task        ] GC(144) Using 6 workers of 6 for evacuation
[97.078s][info][gc,phases      ] GC(144)   Pre Evacuate Collection Set: 0.1ms
[97.078s][info][gc,phases      ] GC(144)   Evacuate Collection Set: 1.2ms
[97.078s][info][gc,phases      ] GC(144)   Post Evacuate Collection Set: 1.4ms
[97.078s][info][gc,phases      ] GC(144)   Other: 0.3ms
[97.078s][info][gc,heap        ] GC(144) Eden regions: 1228->0(1227)
[97.078s][info][gc,heap        ] GC(144) Survivor regions: 0->1(154)
[97.078s][info][gc,heap        ] GC(144) Old regions: 17->17
[97.078s][info][gc,heap        ] GC(144) Humongous regions: 334->332
[97.078s][info][gc,metaspace   ] GC(144) Metaspace: 144857K(161372K)->144857K(161372K) NonClass: 125503K(134028K)->125503K(134028K) Class: 19354K(27344K)->19354K(27344K)
[97.078s][info][gc             ] GC(144) Pause Young (Normal) (G1 Evacuation Pause) 6300M->1382M(8192M) 3.057ms
[97.078s][info][gc,cpu         ] GC(144) User=0.00s Sys=0.00s Real=0.00s
[97.569s][info][gc,start       ] GC(145) Pause Young (Normal) (G1 Evacuation Pause)
[97.569s][info][gc,task        ] GC(145) Using 6 workers of 6 for evacuation
[97.572s][info][gc,phases      ] GC(145)   Pre Evacuate Collection Set: 0.1ms
[97.572s][info][gc,phases      ] GC(145)   Evacuate Collection Set: 1.0ms
[97.572s][info][gc,phases      ] GC(145)   Post Evacuate Collection Set: 1.4ms
[97.572s][info][gc,phases      ] GC(145)   Other: 0.3ms
[97.572s][info][gc,heap        ] GC(145) Eden regions: 1227->0(1227)
[97.572s][info][gc,heap        ] GC(145) Survivor regions: 1->1(154)
[97.572s][info][gc,heap        ] GC(145) Old regions: 17->17
[97.572s][info][gc,heap        ] GC(145) Humongous regions: 332->332
[97.572s][info][gc,metaspace   ] GC(145) Metaspace: 144857K(161372K)->144857K(161372K) NonClass: 125503K(134028K)->125503K(134028K) Class: 19354K(27344K)->19354K(27344K)
[97.572s][info][gc             ] GC(145) Pause Young (Normal) (G1 Evacuation Pause) 6290M->1382M(8192M) 2.787ms
[97.572s][info][gc,cpu         ] GC(145) User=0.00s Sys=0.00s Real=0.00s
[98.077s][info][gc,task        ] GC(146) Using 6 workers of 6 for full compaction
[98.077s][info][gc,start       ] GC(146) Pause Full (System.gc())
[98.080s][info][gc,phases,start] GC(146) Phase 1: Mark live objects
[98.106s][info][gc,stringtable ] GC(146) Cleaned string and symbol table, strings: 40765 processed, 31 removed, symbols: 299406 processed, 0 removed
[98.106s][info][gc,phases      ] GC(146) Phase 1: Mark live objects 25.881ms
[98.106s][info][gc,phases,start] GC(146) Phase 2: Prepare for compaction
[98.114s][info][gc,phases      ] GC(146) Phase 2: Prepare for compaction 7.886ms
[98.114s][info][gc,phases,start] GC(146) Phase 3: Adjust pointers
[98.131s][info][gc,phases      ] GC(146) Phase 3: Adjust pointers 17.343ms
[98.131s][info][gc,phases,start] GC(146) Phase 4: Compact heap
[98.138s][info][gc,phases      ] GC(146) Phase 4: Compact heap 6.491ms
[98.152s][info][gc,heap        ] GC(146) Eden regions: 650->0(1228)
[98.152s][info][gc,heap        ] GC(146) Survivor regions: 1->0(154)
[98.152s][info][gc,heap        ] GC(146) Old regions: 17->17
[98.152s][info][gc,heap        ] GC(146) Humongous regions: 334->332
[98.152s][info][gc,metaspace   ] GC(146) Metaspace: 144859K(161372K)->144859K(161372K) NonClass: 125504K(134028K)->125504K(134028K) Class: 19354K(27344K)->19354K(27344K)
[98.152s][info][gc             ] GC(146) Pause Full (System.gc()) 3989M->1380M(8192M) 74.645ms
[98.152s][info][gc,cpu         ] GC(146) User=0.03s Sys=0.00s Real=0.07s
[98.710s][info][gc,start       ] GC(147) Pause Young (Normal) (G1 Evacuation Pause)
[98.710s][info][gc,task        ] GC(147) Using 6 workers of 6 for evacuation
[98.713s][info][gc,phases      ] GC(147)   Pre Evacuate Collection Set: 0.1ms
[98.713s][info][gc,phases      ] GC(147)   Evacuate Collection Set: 1.2ms
[98.713s][info][gc,phases      ] GC(147)   Post Evacuate Collection Set: 1.4ms
[98.713s][info][gc,phases      ] GC(147)   Other: 0.3ms
[98.713s][info][gc,heap        ] GC(147) Eden regions: 1228->0(1227)
[98.713s][info][gc,heap        ] GC(147) Survivor regions: 0->1(154)
[98.713s][info][gc,heap        ] GC(147) Old regions: 17->17
[98.713s][info][gc,heap        ] GC(147) Humongous regions: 334->332
[98.713s][info][gc,metaspace   ] GC(147) Metaspace: 144878K(161372K)->144878K(161372K) NonClass: 125523K(134028K)->125523K(134028K) Class: 19354K(27344K)->19354K(27344K)
[98.713s][info][gc             ] GC(147) Pause Young (Normal) (G1 Evacuation Pause) 6300M->1382M(8192M) 3.041ms
[98.713s][info][gc,cpu         ] GC(147) User=0.00s Sys=0.00s Real=0.00s
[99.201s][info][gc,start       ] GC(148) Pause Young (Normal) (G1 Evacuation Pause)
[99.201s][info][gc,task        ] GC(148) Using 6 workers of 6 for evacuation
[99.204s][info][gc,phases      ] GC(148)   Pre Evacuate Collection Set: 0.1ms
[99.204s][info][gc,phases      ] GC(148)   Evacuate Collection Set: 1.0ms
[99.204s][info][gc,phases      ] GC(148)   Post Evacuate Collection Set: 1.4ms
[99.204s][info][gc,phases      ] GC(148)   Other: 0.3ms
[99.204s][info][gc,heap        ] GC(148) Eden regions: 1227->0(1227)
[99.204s][info][gc,heap        ] GC(148) Survivor regions: 1->1(154)
[99.204s][info][gc,heap        ] GC(148) Old regions: 17->17
[99.204s][info][gc,heap        ] GC(148) Humongous regions: 332->332
[99.204s][info][gc,metaspace   ] GC(148) Metaspace: 144878K(161372K)->144878K(161372K) NonClass: 125523K(134028K)->125523K(134028K) Class: 19354K(27344K)->19354K(27344K)
[99.204s][info][gc             ] GC(148) Pause Young (Normal) (G1 Evacuation Pause) 6290M->1382M(8192M) 2.886ms
[99.204s][info][gc,cpu         ] GC(148) User=0.00s Sys=0.00s Real=0.00s
[99.713s][info][gc,task        ] GC(149) Using 6 workers of 6 for full compaction
[99.713s][info][gc,start       ] GC(149) Pause Full (System.gc())
[99.715s][info][gc,phases,start] GC(149) Phase 1: Mark live objects
[99.742s][info][gc,stringtable ] GC(149) Cleaned string and symbol table, strings: 40772 processed, 31 removed, symbols: 299406 processed, 0 removed
[99.742s][info][gc,phases      ] GC(149) Phase 1: Mark live objects 26.658ms
[99.742s][info][gc,phases,start] GC(149) Phase 2: Prepare for compaction
[99.751s][info][gc,phases      ] GC(149) Phase 2: Prepare for compaction 8.750ms
[99.751s][info][gc,phases,start] GC(149) Phase 3: Adjust pointers
[99.768s][info][gc,phases      ] GC(149) Phase 3: Adjust pointers 16.823ms
[99.768s][info][gc,phases,start] GC(149) Phase 4: Compact heap
[99.774s][info][gc,phases      ] GC(149) Phase 4: Compact heap 6.652ms
[99.788s][info][gc,heap        ] GC(149) Eden regions: 650->0(1228)
[99.788s][info][gc,heap        ] GC(149) Survivor regions: 1->0(154)
[99.788s][info][gc,heap        ] GC(149) Old regions: 17->17
[99.788s][info][gc,heap        ] GC(149) Humongous regions: 334->332
[99.788s][info][gc,metaspace   ] GC(149) Metaspace: 144881K(161372K)->144881K(161372K) NonClass: 125526K(134028K)->125526K(134028K) Class: 19354K(27344K)->19354K(27344K)
[99.788s][info][gc             ] GC(149) Pause Full (System.gc()) 3988M->1380M(8192M) 75.067ms
[99.789s][info][gc,cpu         ] GC(149) User=0.05s Sys=0.00s Real=0.06s
[100.349s][info][gc,start       ] GC(150) Pause Young (Normal) (G1 Evacuation Pause)
[100.349s][info][gc,task        ] GC(150) Using 6 workers of 6 for evacuation
[100.352s][info][gc,phases      ] GC(150)   Pre Evacuate Collection Set: 0.1ms
[100.352s][info][gc,phases      ] GC(150)   Evacuate Collection Set: 1.2ms
[100.352s][info][gc,phases      ] GC(150)   Post Evacuate Collection Set: 1.7ms
[100.352s][info][gc,phases      ] GC(150)   Other: 0.3ms
[100.352s][info][gc,heap        ] GC(150) Eden regions: 1228->0(1227)
[100.352s][info][gc,heap        ] GC(150) Survivor regions: 0->1(154)
[100.352s][info][gc,heap        ] GC(150) Old regions: 17->17
[100.352s][info][gc,heap        ] GC(150) Humongous regions: 334->332
[100.352s][info][gc,metaspace   ] GC(150) Metaspace: 144890K(161372K)->144890K(161372K) NonClass: 125535K(134028K)->125535K(134028K) Class: 19354K(27344K)->19354K(27344K)
[100.352s][info][gc             ] GC(150) Pause Young (Normal) (G1 Evacuation Pause) 6300M->1382M(8192M) 3.392ms
[100.353s][info][gc,cpu         ] GC(150) User=0.00s Sys=0.00s Real=0.00s
[100.849s][info][gc,start       ] GC(151) Pause Young (Normal) (G1 Evacuation Pause)
[100.849s][info][gc,task        ] GC(151) Using 6 workers of 6 for evacuation
[100.852s][info][gc,phases      ] GC(151)   Pre Evacuate Collection Set: 0.1ms
[100.852s][info][gc,phases      ] GC(151)   Evacuate Collection Set: 1.1ms
[100.852s][info][gc,phases      ] GC(151)   Post Evacuate Collection Set: 1.4ms
[100.852s][info][gc,phases      ] GC(151)   Other: 0.3ms
[100.852s][info][gc,heap        ] GC(151) Eden regions: 1227->0(1227)
[100.852s][info][gc,heap        ] GC(151) Survivor regions: 1->1(154)
[100.852s][info][gc,heap        ] GC(151) Old regions: 17->17
[100.852s][info][gc,heap        ] GC(151) Humongous regions: 332->332
[100.852s][info][gc,metaspace   ] GC(151) Metaspace: 144890K(161372K)->144890K(161372K) NonClass: 125535K(134028K)->125535K(134028K) Class: 19354K(27344K)->19354K(27344K)
[100.852s][info][gc             ] GC(151) Pause Young (Normal) (G1 Evacuation Pause) 6290M->1382M(8192M) 2.868ms
[100.852s][info][gc,cpu         ] GC(151) User=0.00s Sys=0.00s Real=0.00s
[101.357s][info][gc,task        ] GC(152) Using 6 workers of 6 for full compaction
[101.357s][info][gc,start       ] GC(152) Pause Full (System.gc())
[101.360s][info][gc,phases,start] GC(152) Phase 1: Mark live objects
[101.387s][info][gc,stringtable ] GC(152) Cleaned string and symbol table, strings: 40782 processed, 31 removed, symbols: 299406 processed, 0 removed
[101.387s][info][gc,phases      ] GC(152) Phase 1: Mark live objects 27.208ms
[101.387s][info][gc,phases,start] GC(152) Phase 2: Prepare for compaction
[101.395s][info][gc,phases      ] GC(152) Phase 2: Prepare for compaction 8.010ms
[101.395s][info][gc,phases,start] GC(152) Phase 3: Adjust pointers
[101.413s][info][gc,phases      ] GC(152) Phase 3: Adjust pointers 17.554ms
[101.413s][info][gc,phases,start] GC(152) Phase 4: Compact heap
[101.419s][info][gc,phases      ] GC(152) Phase 4: Compact heap 6.328ms
[101.433s][info][gc,heap        ] GC(152) Eden regions: 650->0(1228)
[101.433s][info][gc,heap        ] GC(152) Survivor regions: 1->0(154)
[101.433s][info][gc,heap        ] GC(152) Old regions: 17->17
[101.433s][info][gc,heap        ] GC(152) Humongous regions: 334->332
[101.433s][info][gc,metaspace   ] GC(152) Metaspace: 144894K(161372K)->144894K(161372K) NonClass: 125539K(134028K)->125539K(134028K) Class: 19354K(27344K)->19354K(27344K)
[101.433s][info][gc             ] GC(152) Pause Full (System.gc()) 3988M->1380M(8192M) 75.980ms
[101.434s][info][gc,cpu         ] GC(152) User=0.03s Sys=0.00s Real=0.08s
[101.992s][info][gc,start       ] GC(153) Pause Young (Normal) (G1 Evacuation Pause)
[101.992s][info][gc,task        ] GC(153) Using 6 workers of 6 for evacuation
[101.995s][info][gc,phases      ] GC(153)   Pre Evacuate Collection Set: 0.1ms
[101.995s][info][gc,phases      ] GC(153)   Evacuate Collection Set: 1.2ms
[101.995s][info][gc,phases      ] GC(153)   Post Evacuate Collection Set: 1.7ms
[101.995s][info][gc,phases      ] GC(153)   Other: 0.3ms
[101.995s][info][gc,heap        ] GC(153) Eden regions: 1228->0(1227)
[101.995s][info][gc,heap        ] GC(153) Survivor regions: 0->1(154)
[101.995s][info][gc,heap        ] GC(153) Old regions: 17->17
[101.995s][info][gc,heap        ] GC(153) Humongous regions: 334->332
[101.995s][info][gc,metaspace   ] GC(153) Metaspace: 144913K(161372K)->144913K(161372K) NonClass: 125559K(134028K)->125559K(134028K) Class: 19354K(27344K)->19354K(27344K)
[101.995s][info][gc             ] GC(153) Pause Young (Normal) (G1 Evacuation Pause) 6300M->1382M(8192M) 3.307ms
[101.995s][info][gc,cpu         ] GC(153) User=0.00s Sys=0.00s Real=0.00s
[102.485s][info][gc,start       ] GC(154) Pause Young (Normal) (G1 Evacuation Pause)
[102.485s][info][gc,task        ] GC(154) Using 6 workers of 6 for evacuation
[102.487s][info][gc,phases      ] GC(154)   Pre Evacuate Collection Set: 0.1ms
[102.488s][info][gc,phases      ] GC(154)   Evacuate Collection Set: 1.1ms
[102.488s][info][gc,phases      ] GC(154)   Post Evacuate Collection Set: 1.4ms
[102.488s][info][gc,phases      ] GC(154)   Other: 0.3ms
[102.488s][info][gc,heap        ] GC(154) Eden regions: 1227->0(1227)
[102.488s][info][gc,heap        ] GC(154) Survivor regions: 1->1(154)
[102.488s][info][gc,heap        ] GC(154) Old regions: 17->17
[102.488s][info][gc,heap        ] GC(154) Humongous regions: 332->332
[102.488s][info][gc,metaspace   ] GC(154) Metaspace: 144913K(161372K)->144913K(161372K) NonClass: 125559K(134028K)->125559K(134028K) Class: 19354K(27344K)->19354K(27344K)
[102.488s][info][gc             ] GC(154) Pause Young (Normal) (G1 Evacuation Pause) 6290M->1382M(8192M) 2.827ms
[102.488s][info][gc,cpu         ] GC(154) User=0.00s Sys=0.00s Real=0.00s
[103.007s][info][gc,task        ] GC(155) Using 6 workers of 6 for full compaction
[103.007s][info][gc,start       ] GC(155) Pause Full (System.gc())
[103.009s][info][gc,phases,start] GC(155) Phase 1: Mark live objects
[103.034s][info][gc,stringtable ] GC(155) Cleaned string and symbol table, strings: 40830 processed, 31 removed, symbols: 299406 processed, 0 removed
[103.035s][info][gc,phases      ] GC(155) Phase 1: Mark live objects 25.708ms
[103.035s][info][gc,phases,start] GC(155) Phase 2: Prepare for compaction
[103.043s][info][gc,phases      ] GC(155) Phase 2: Prepare for compaction 8.017ms
[103.043s][info][gc,phases,start] GC(155) Phase 3: Adjust pointers
[103.060s][info][gc,phases      ] GC(155) Phase 3: Adjust pointers 17.826ms
[103.061s][info][gc,phases,start] GC(155) Phase 4: Compact heap
[103.067s][info][gc,phases      ] GC(155) Phase 4: Compact heap 6.759ms
[103.082s][info][gc,heap        ] GC(155) Eden regions: 650->0(1228)
[103.082s][info][gc,heap        ] GC(155) Survivor regions: 1->0(154)
[103.082s][info][gc,heap        ] GC(155) Old regions: 17->17
[103.082s][info][gc,heap        ] GC(155) Humongous regions: 334->332
[103.082s][info][gc,metaspace   ] GC(155) Metaspace: 144935K(161372K)->144935K(161372K) NonClass: 125580K(134028K)->125580K(134028K) Class: 19354K(27344K)->19354K(27344K)
[103.082s][info][gc             ] GC(155) Pause Full (System.gc()) 3988M->1380M(8192M) 75.066ms
[103.082s][info][gc,cpu         ] GC(155) User=0.00s Sys=0.00s Real=0.09s
[103.655s][info][gc,start       ] GC(156) Pause Young (Normal) (G1 Evacuation Pause)
[103.655s][info][gc,task        ] GC(156) Using 6 workers of 6 for evacuation
[103.658s][info][gc,phases      ] GC(156)   Pre Evacuate Collection Set: 0.1ms
[103.658s][info][gc,phases      ] GC(156)   Evacuate Collection Set: 1.4ms
[103.659s][info][gc,phases      ] GC(156)   Post Evacuate Collection Set: 1.7ms
[103.659s][info][gc,phases      ] GC(156)   Other: 0.4ms
[103.659s][info][gc,heap        ] GC(156) Eden regions: 1228->0(1227)
[103.659s][info][gc,heap        ] GC(156) Survivor regions: 0->1(154)
[103.659s][info][gc,heap        ] GC(156) Old regions: 17->17
[103.659s][info][gc,heap        ] GC(156) Humongous regions: 334->332
[103.659s][info][gc,metaspace   ] GC(156) Metaspace: 145055K(161372K)->145055K(161372K) NonClass: 125700K(134028K)->125700K(134028K) Class: 19354K(27344K)->19354K(27344K)
[103.659s][info][gc             ] GC(156) Pause Young (Normal) (G1 Evacuation Pause) 6300M->1382M(8192M) 3.663ms
[103.659s][info][gc,cpu         ] GC(156) User=0.00s Sys=0.00s Real=0.00s
[104.149s][info][gc,start       ] GC(157) Pause Young (Normal) (G1 Evacuation Pause)
[104.149s][info][gc,task        ] GC(157) Using 6 workers of 6 for evacuation
[104.151s][info][gc,phases      ] GC(157)   Pre Evacuate Collection Set: 0.1ms
[104.151s][info][gc,phases      ] GC(157)   Evacuate Collection Set: 1.1ms
[104.151s][info][gc,phases      ] GC(157)   Post Evacuate Collection Set: 1.3ms
[104.151s][info][gc,phases      ] GC(157)   Other: 0.3ms
[104.151s][info][gc,heap        ] GC(157) Eden regions: 1227->0(1227)
[104.151s][info][gc,heap        ] GC(157) Survivor regions: 1->1(154)
[104.151s][info][gc,heap        ] GC(157) Old regions: 17->17
[104.151s][info][gc,heap        ] GC(157) Humongous regions: 332->332
[104.151s][info][gc,metaspace   ] GC(157) Metaspace: 145055K(161372K)->145055K(161372K) NonClass: 125700K(134028K)->125700K(134028K) Class: 19354K(27344K)->19354K(27344K)
[104.151s][info][gc             ] GC(157) Pause Young (Normal) (G1 Evacuation Pause) 6290M->1382M(8192M) 2.822ms
[104.152s][info][gc,cpu         ] GC(157) User=0.00s Sys=0.00s Real=0.00s
[104.659s][info][gc,task        ] GC(158) Using 6 workers of 6 for full compaction
[104.659s][info][gc,start       ] GC(158) Pause Full (System.gc())
[104.661s][info][gc,phases,start] GC(158) Phase 1: Mark live objects
[104.687s][info][gc,stringtable ] GC(158) Cleaned string and symbol table, strings: 40912 processed, 31 removed, symbols: 299406 processed, 0 removed
[104.687s][info][gc,phases      ] GC(158) Phase 1: Mark live objects 25.768ms
[104.687s][info][gc,phases,start] GC(158) Phase 2: Prepare for compaction
[104.695s][info][gc,phases      ] GC(158) Phase 2: Prepare for compaction 8.196ms
[104.695s][info][gc,phases,start] GC(158) Phase 3: Adjust pointers
[104.712s][info][gc,phases      ] GC(158) Phase 3: Adjust pointers 16.844ms
[104.712s][info][gc,phases,start] GC(158) Phase 4: Compact heap
[104.718s][info][gc,phases      ] GC(158) Phase 4: Compact heap 6.118ms
[104.733s][info][gc,heap        ] GC(158) Eden regions: 649->0(1228)
[104.733s][info][gc,heap        ] GC(158) Survivor regions: 1->0(154)
[104.733s][info][gc,heap        ] GC(158) Old regions: 17->16
[104.733s][info][gc,heap        ] GC(158) Humongous regions: 334->332
[104.733s][info][gc,metaspace   ] GC(158) Metaspace: 145076K(161372K)->145076K(161372K) NonClass: 125721K(134028K)->125721K(134028K) Class: 19354K(27344K)->19354K(27344K)
[104.733s][info][gc             ] GC(158) Pause Full (System.gc()) 3986M->1380M(8192M) 74.103ms
[104.733s][info][gc,cpu         ] GC(158) User=0.02s Sys=0.00s Real=0.08s
[105.311s][info][gc,start       ] GC(159) Pause Young (Normal) (G1 Evacuation Pause)
[105.311s][info][gc,task        ] GC(159) Using 6 workers of 6 for evacuation
[105.314s][info][gc,phases      ] GC(159)   Pre Evacuate Collection Set: 0.1ms
[105.314s][info][gc,phases      ] GC(159)   Evacuate Collection Set: 1.4ms
[105.314s][info][gc,phases      ] GC(159)   Post Evacuate Collection Set: 1.4ms
[105.314s][info][gc,phases      ] GC(159)   Other: 0.3ms
[105.314s][info][gc,heap        ] GC(159) Eden regions: 1228->0(1227)
[105.314s][info][gc,heap        ] GC(159) Survivor regions: 0->1(154)
[105.314s][info][gc,heap        ] GC(159) Old regions: 16->16
[105.314s][info][gc,heap        ] GC(159) Humongous regions: 334->332
[105.314s][info][gc,metaspace   ] GC(159) Metaspace: 145090K(161372K)->145090K(161372K) NonClass: 125736K(134028K)->125736K(134028K) Class: 19354K(27344K)->19354K(27344K)
[105.314s][info][gc             ] GC(159) Pause Young (Normal) (G1 Evacuation Pause) 6300M->1382M(8192M) 3.267ms
[105.314s][info][gc,cpu         ] GC(159) User=0.00s Sys=0.00s Real=0.00s
[105.810s][info][gc,start       ] GC(160) Pause Young (Normal) (G1 Evacuation Pause)
[105.810s][info][gc,task        ] GC(160) Using 6 workers of 6 for evacuation
[105.812s][info][gc,phases      ] GC(160)   Pre Evacuate Collection Set: 0.1ms
[105.812s][info][gc,phases      ] GC(160)   Evacuate Collection Set: 1.1ms
[105.812s][info][gc,phases      ] GC(160)   Post Evacuate Collection Set: 1.3ms
[105.813s][info][gc,phases      ] GC(160)   Other: 0.3ms
[105.813s][info][gc,heap        ] GC(160) Eden regions: 1227->0(1227)
[105.813s][info][gc,heap        ] GC(160) Survivor regions: 1->1(154)
[105.813s][info][gc,heap        ] GC(160) Old regions: 16->16
[105.813s][info][gc,heap        ] GC(160) Humongous regions: 332->332
[105.813s][info][gc,metaspace   ] GC(160) Metaspace: 145090K(161372K)->145090K(161372K) NonClass: 125736K(134028K)->125736K(134028K) Class: 19354K(27344K)->19354K(27344K)
[105.813s][info][gc             ] GC(160) Pause Young (Normal) (G1 Evacuation Pause) 6290M->1382M(8192M) 2.868ms
[105.813s][info][gc,cpu         ] GC(160) User=0.00s Sys=0.00s Real=0.00s
[106.319s][info][gc,task        ] GC(161) Using 6 workers of 6 for full compaction
[106.319s][info][gc,start       ] GC(161) Pause Full (System.gc())
[106.322s][info][gc,phases,start] GC(161) Phase 1: Mark live objects
[106.348s][info][gc,stringtable ] GC(161) Cleaned string and symbol table, strings: 40914 processed, 31 removed, symbols: 299406 processed, 0 removed
[106.348s][info][gc,phases      ] GC(161) Phase 1: Mark live objects 26.592ms
[106.348s][info][gc,phases,start] GC(161) Phase 2: Prepare for compaction
[106.356s][info][gc,phases      ] GC(161) Phase 2: Prepare for compaction 7.924ms
[106.356s][info][gc,phases,start] GC(161) Phase 3: Adjust pointers
[106.374s][info][gc,phases      ] GC(161) Phase 3: Adjust pointers 17.663ms
[106.374s][info][gc,phases,start] GC(161) Phase 4: Compact heap
[106.381s][info][gc,phases      ] GC(161) Phase 4: Compact heap 6.559ms
[106.395s][info][gc,heap        ] GC(161) Eden regions: 652->0(1228)
[106.395s][info][gc,heap        ] GC(161) Survivor regions: 1->0(154)
[106.395s][info][gc,heap        ] GC(161) Old regions: 16->16
[106.395s][info][gc,heap        ] GC(161) Humongous regions: 334->332
[106.395s][info][gc,metaspace   ] GC(161) Metaspace: 145131K(161372K)->145131K(161372K) NonClass: 125776K(134028K)->125776K(134028K) Class: 19354K(27344K)->19354K(27344K)
[106.395s][info][gc             ] GC(161) Pause Full (System.gc()) 3995M->1380M(8192M) 76.191ms
[106.396s][info][gc,cpu         ] GC(161) User=0.05s Sys=0.00s Real=0.08s
[106.950s][info][gc,start       ] GC(162) Pause Young (Normal) (G1 Evacuation Pause)
[106.950s][info][gc,task        ] GC(162) Using 6 workers of 6 for evacuation
[106.953s][info][gc,phases      ] GC(162)   Pre Evacuate Collection Set: 0.1ms
[106.953s][info][gc,phases      ] GC(162)   Evacuate Collection Set: 1.2ms
[106.953s][info][gc,phases      ] GC(162)   Post Evacuate Collection Set: 1.5ms
[106.953s][info][gc,phases      ] GC(162)   Other: 0.3ms
[106.953s][info][gc,heap        ] GC(162) Eden regions: 1228->0(1227)
[106.953s][info][gc,heap        ] GC(162) Survivor regions: 0->1(154)
[106.953s][info][gc,heap        ] GC(162) Old regions: 16->16
[106.953s][info][gc,heap        ] GC(162) Humongous regions: 334->332
[106.953s][info][gc,metaspace   ] GC(162) Metaspace: 145134K(161372K)->145134K(161372K) NonClass: 125780K(134028K)->125780K(134028K) Class: 19354K(27344K)->19354K(27344K)
[106.953s][info][gc             ] GC(162) Pause Young (Normal) (G1 Evacuation Pause) 6300M->1382M(8192M) 3.153ms
[106.953s][info][gc,cpu         ] GC(162) User=0.02s Sys=0.00s Real=0.01s
[107.443s][info][gc,start       ] GC(163) Pause Young (Normal) (G1 Evacuation Pause)
[107.443s][info][gc,task        ] GC(163) Using 6 workers of 6 for evacuation
[107.446s][info][gc,phases      ] GC(163)   Pre Evacuate Collection Set: 0.1ms
[107.446s][info][gc,phases      ] GC(163)   Evacuate Collection Set: 1.2ms
[107.446s][info][gc,phases      ] GC(163)   Post Evacuate Collection Set: 1.5ms
[107.446s][info][gc,phases      ] GC(163)   Other: 0.3ms
[107.446s][info][gc,heap        ] GC(163) Eden regions: 1227->0(1227)
[107.446s][info][gc,heap        ] GC(163) Survivor regions: 1->1(154)
[107.446s][info][gc,heap        ] GC(163) Old regions: 16->16
[107.446s][info][gc,heap        ] GC(163) Humongous regions: 332->332
[107.446s][info][gc,metaspace   ] GC(163) Metaspace: 145134K(161372K)->145134K(161372K) NonClass: 125780K(134028K)->125780K(134028K) Class: 19354K(27344K)->19354K(27344K)
[107.446s][info][gc             ] GC(163) Pause Young (Normal) (G1 Evacuation Pause) 6290M->1382M(8192M) 3.311ms
[107.446s][info][gc,cpu         ] GC(163) User=0.00s Sys=0.00s Real=0.00s
[107.974s][info][gc,task        ] GC(164) Using 6 workers of 6 for full compaction
[107.974s][info][gc,start       ] GC(164) Pause Full (System.gc())
[107.976s][info][gc,phases,start] GC(164) Phase 1: Mark live objects
[108.000s][info][gc,stringtable ] GC(164) Cleaned string and symbol table, strings: 40931 processed, 31 removed, symbols: 299406 processed, 0 removed
[108.000s][info][gc,phases      ] GC(164) Phase 1: Mark live objects 23.902ms
[108.000s][info][gc,phases,start] GC(164) Phase 2: Prepare for compaction
[108.009s][info][gc,phases      ] GC(164) Phase 2: Prepare for compaction 8.166ms
[108.009s][info][gc,phases,start] GC(164) Phase 3: Adjust pointers
[108.027s][info][gc,phases      ] GC(164) Phase 3: Adjust pointers 17.941ms
[108.027s][info][gc,phases,start] GC(164) Phase 4: Compact heap
[108.034s][info][gc,phases      ] GC(164) Phase 4: Compact heap 6.887ms
[108.048s][info][gc,heap        ] GC(164) Eden regions: 651->0(1228)
[108.049s][info][gc,heap        ] GC(164) Survivor regions: 1->0(154)
[108.049s][info][gc,heap        ] GC(164) Old regions: 16->17
[108.049s][info][gc,heap        ] GC(164) Humongous regions: 334->332
[108.049s][info][gc,metaspace   ] GC(164) Metaspace: 145152K(161628K)->145152K(161628K) NonClass: 125797K(134284K)->125797K(134284K) Class: 19354K(27344K)->19354K(27344K)
[108.049s][info][gc             ] GC(164) Pause Full (System.gc()) 3992M->1380M(8192M) 74.304ms
[108.049s][info][gc,cpu         ] GC(164) User=0.00s Sys=0.00s Real=0.06s
[108.598s][info][gc,start       ] GC(165) Pause Young (Normal) (G1 Evacuation Pause)
[108.598s][info][gc,task        ] GC(165) Using 6 workers of 6 for evacuation
[108.601s][info][gc,phases      ] GC(165)   Pre Evacuate Collection Set: 0.1ms
[108.601s][info][gc,phases      ] GC(165)   Evacuate Collection Set: 1.2ms
[108.601s][info][gc,phases      ] GC(165)   Post Evacuate Collection Set: 1.5ms
[108.601s][info][gc,phases      ] GC(165)   Other: 0.3ms
[108.601s][info][gc,heap        ] GC(165) Eden regions: 1228->0(1227)
[108.601s][info][gc,heap        ] GC(165) Survivor regions: 0->1(154)
[108.601s][info][gc,heap        ] GC(165) Old regions: 17->17
[108.601s][info][gc,heap        ] GC(165) Humongous regions: 334->332
[108.601s][info][gc,metaspace   ] GC(165) Metaspace: 145170K(161628K)->145170K(161628K) NonClass: 125815K(134284K)->125815K(134284K) Class: 19354K(27344K)->19354K(27344K)
[108.601s][info][gc             ] GC(165) Pause Young (Normal) (G1 Evacuation Pause) 6300M->1382M(8192M) 3.087ms
[108.601s][info][gc,cpu         ] GC(165) User=0.00s Sys=0.00s Real=0.00s
[109.095s][info][gc,start       ] GC(166) Pause Young (Normal) (G1 Evacuation Pause)
[109.095s][info][gc,task        ] GC(166) Using 6 workers of 6 for evacuation
[109.097s][info][gc,phases      ] GC(166)   Pre Evacuate Collection Set: 0.1ms
[109.097s][info][gc,phases      ] GC(166)   Evacuate Collection Set: 1.0ms
[109.097s][info][gc,phases      ] GC(166)   Post Evacuate Collection Set: 1.4ms
[109.097s][info][gc,phases      ] GC(166)   Other: 0.3ms
[109.097s][info][gc,heap        ] GC(166) Eden regions: 1227->0(1227)
[109.097s][info][gc,heap        ] GC(166) Survivor regions: 1->1(154)
[109.097s][info][gc,heap        ] GC(166) Old regions: 17->17
[109.097s][info][gc,heap        ] GC(166) Humongous regions: 332->332
[109.097s][info][gc,metaspace   ] GC(166) Metaspace: 145170K(161628K)->145170K(161628K) NonClass: 125815K(134284K)->125815K(134284K) Class: 19354K(27344K)->19354K(27344K)
[109.097s][info][gc             ] GC(166) Pause Young (Normal) (G1 Evacuation Pause) 6290M->1382M(8192M) 2.822ms
[109.098s][info][gc,cpu         ] GC(166) User=0.00s Sys=0.00s Real=0.00s
[109.605s][info][gc,task        ] GC(167) Using 6 workers of 6 for full compaction
[109.605s][info][gc,start       ] GC(167) Pause Full (System.gc())
[109.608s][info][gc,phases,start] GC(167) Phase 1: Mark live objects
[109.638s][info][gc,stringtable ] GC(167) Cleaned string and symbol table, strings: 40958 processed, 31 removed, symbols: 299406 processed, 0 removed
[109.638s][info][gc,phases      ] GC(167) Phase 1: Mark live objects 30.199ms
[109.638s][info][gc,phases,start] GC(167) Phase 2: Prepare for compaction
[109.646s][info][gc,phases      ] GC(167) Phase 2: Prepare for compaction 8.037ms
[109.646s][info][gc,phases,start] GC(167) Phase 3: Adjust pointers
[109.664s][info][gc,phases      ] GC(167) Phase 3: Adjust pointers 17.835ms
[109.664s][info][gc,phases,start] GC(167) Phase 4: Compact heap
[109.671s][info][gc,phases      ] GC(167) Phase 4: Compact heap 7.457ms
[109.686s][info][gc,heap        ] GC(167) Eden regions: 649->0(1228)
[109.686s][info][gc,heap        ] GC(167) Survivor regions: 1->0(154)
[109.686s][info][gc,heap        ] GC(167) Old regions: 17->17
[109.687s][info][gc,heap        ] GC(167) Humongous regions: 334->332
[109.687s][info][gc,metaspace   ] GC(167) Metaspace: 145180K(161628K)->145180K(161628K) NonClass: 125825K(134284K)->125825K(134284K) Class: 19354K(27344K)->19354K(27344K)
[109.687s][info][gc             ] GC(167) Pause Full (System.gc()) 3985M->1380M(8192M) 81.356ms
[109.687s][info][gc,cpu         ] GC(167) User=0.03s Sys=0.00s Real=0.09s
[110.232s][info][gc,start       ] GC(168) Pause Young (Normal) (G1 Evacuation Pause)
[110.232s][info][gc,task        ] GC(168) Using 6 workers of 6 for evacuation
[110.236s][info][gc,phases      ] GC(168)   Pre Evacuate Collection Set: 0.1ms
[110.236s][info][gc,phases      ] GC(168)   Evacuate Collection Set: 1.3ms
[110.236s][info][gc,phases      ] GC(168)   Post Evacuate Collection Set: 1.7ms
[110.236s][info][gc,phases      ] GC(168)   Other: 0.3ms
[110.236s][info][gc,heap        ] GC(168) Eden regions: 1228->0(1227)
[110.236s][info][gc,heap        ] GC(168) Survivor regions: 0->1(154)
[110.236s][info][gc,heap        ] GC(168) Old regions: 17->17
[110.236s][info][gc,heap        ] GC(168) Humongous regions: 334->332
[110.236s][info][gc,metaspace   ] GC(168) Metaspace: 145256K(161628K)->145256K(161628K) NonClass: 125902K(134284K)->125902K(134284K) Class: 19354K(27344K)->19354K(27344K)
[110.236s][info][gc             ] GC(168) Pause Young (Normal) (G1 Evacuation Pause) 6300M->1382M(8192M) 3.458ms
[110.236s][info][gc,cpu         ] GC(168) User=0.00s Sys=0.00s Real=0.01s
[110.734s][info][gc,start       ] GC(169) Pause Young (Normal) (G1 Evacuation Pause)
[110.734s][info][gc,task        ] GC(169) Using 6 workers of 6 for evacuation
[110.736s][info][gc,phases      ] GC(169)   Pre Evacuate Collection Set: 0.1ms
[110.736s][info][gc,phases      ] GC(169)   Evacuate Collection Set: 1.0ms
[110.736s][info][gc,phases      ] GC(169)   Post Evacuate Collection Set: 1.3ms
[110.736s][info][gc,phases      ] GC(169)   Other: 0.3ms
[110.736s][info][gc,heap        ] GC(169) Eden regions: 1227->0(1227)
[110.736s][info][gc,heap        ] GC(169) Survivor regions: 1->1(154)
[110.736s][info][gc,heap        ] GC(169) Old regions: 17->17
[110.736s][info][gc,heap        ] GC(169) Humongous regions: 332->332
[110.736s][info][gc,metaspace   ] GC(169) Metaspace: 145256K(161628K)->145256K(161628K) NonClass: 125902K(134284K)->125902K(134284K) Class: 19354K(27344K)->19354K(27344K)
[110.736s][info][gc             ] GC(169) Pause Young (Normal) (G1 Evacuation Pause) 6290M->1382M(8192M) 2.825ms
[110.736s][info][gc,cpu         ] GC(169) User=0.00s Sys=0.00s Real=0.00s
[111.244s][info][gc,task        ] GC(170) Using 6 workers of 6 for full compaction
[111.244s][info][gc,start       ] GC(170) Pause Full (System.gc())
[111.246s][info][gc,phases,start] GC(170) Phase 1: Mark live objects
[111.271s][info][gc,stringtable ] GC(170) Cleaned string and symbol table, strings: 40959 processed, 31 removed, symbols: 299406 processed, 0 removed
[111.271s][info][gc,phases      ] GC(170) Phase 1: Mark live objects 25.496ms
[111.271s][info][gc,phases,start] GC(170) Phase 2: Prepare for compaction
[111.279s][info][gc,phases      ] GC(170) Phase 2: Prepare for compaction 7.548ms
[111.279s][info][gc,phases,start] GC(170) Phase 3: Adjust pointers
[111.296s][info][gc,phases      ] GC(170) Phase 3: Adjust pointers 17.098ms
[111.296s][info][gc,phases,start] GC(170) Phase 4: Compact heap
[111.302s][info][gc,phases      ] GC(170) Phase 4: Compact heap 6.189ms
[111.317s][info][gc,heap        ] GC(170) Eden regions: 649->0(1228)
[111.318s][info][gc,heap        ] GC(170) Survivor regions: 1->0(154)
[111.318s][info][gc,heap        ] GC(170) Old regions: 17->17
[111.318s][info][gc,heap        ] GC(170) Humongous regions: 334->332
[111.318s][info][gc,metaspace   ] GC(170) Metaspace: 145266K(161628K)->145266K(161628K) NonClass: 125911K(134284K)->125911K(134284K) Class: 19354K(27344K)->19354K(27344K)
[111.318s][info][gc             ] GC(170) Pause Full (System.gc()) 3986M->1380M(8192M) 73.570ms
[111.318s][info][gc,cpu         ] GC(170) User=0.05s Sys=0.00s Real=0.06s
[111.876s][info][gc,start       ] GC(171) Pause Young (Normal) (G1 Evacuation Pause)
[111.876s][info][gc,task        ] GC(171) Using 6 workers of 6 for evacuation
[111.879s][info][gc,phases      ] GC(171)   Pre Evacuate Collection Set: 0.1ms
[111.879s][info][gc,phases      ] GC(171)   Evacuate Collection Set: 1.2ms
[111.879s][info][gc,phases      ] GC(171)   Post Evacuate Collection Set: 1.5ms
[111.879s][info][gc,phases      ] GC(171)   Other: 0.3ms
[111.879s][info][gc,heap        ] GC(171) Eden regions: 1228->0(1227)
[111.879s][info][gc,heap        ] GC(171) Survivor regions: 0->1(154)
[111.879s][info][gc,heap        ] GC(171) Old regions: 17->17
[111.879s][info][gc,heap        ] GC(171) Humongous regions: 334->332
[111.879s][info][gc,metaspace   ] GC(171) Metaspace: 145322K(161628K)->145322K(161628K) NonClass: 125966K(134284K)->125966K(134284K) Class: 19355K(27344K)->19355K(27344K)
[111.879s][info][gc             ] GC(171) Pause Young (Normal) (G1 Evacuation Pause) 6300M->1382M(8192M) 3.174ms
[111.879s][info][gc,cpu         ] GC(171) User=0.00s Sys=0.00s Real=0.00s
[112.368s][info][gc,start       ] GC(172) Pause Young (Normal) (G1 Evacuation Pause)
[112.368s][info][gc,task        ] GC(172) Using 6 workers of 6 for evacuation
[112.370s][info][gc,phases      ] GC(172)   Pre Evacuate Collection Set: 0.1ms
[112.371s][info][gc,phases      ] GC(172)   Evacuate Collection Set: 1.2ms
[112.371s][info][gc,phases      ] GC(172)   Post Evacuate Collection Set: 1.4ms
[112.371s][info][gc,phases      ] GC(172)   Other: 0.3ms
[112.371s][info][gc,heap        ] GC(172) Eden regions: 1227->0(1227)
[112.371s][info][gc,heap        ] GC(172) Survivor regions: 1->1(154)
[112.371s][info][gc,heap        ] GC(172) Old regions: 17->17
[112.371s][info][gc,heap        ] GC(172) Humongous regions: 332->332
[112.371s][info][gc,metaspace   ] GC(172) Metaspace: 145322K(161628K)->145322K(161628K) NonClass: 125966K(134284K)->125966K(134284K) Class: 19355K(27344K)->19355K(27344K)
[112.371s][info][gc             ] GC(172) Pause Young (Normal) (G1 Evacuation Pause) 6290M->1382M(8192M) 3.556ms
[112.371s][info][gc,cpu         ] GC(172) User=0.02s Sys=0.00s Real=0.02s
[112.880s][info][gc,task        ] GC(173) Using 6 workers of 6 for full compaction
[112.880s][info][gc,start       ] GC(173) Pause Full (System.gc())
[112.885s][info][gc,phases,start] GC(173) Phase 1: Mark live objects
[112.914s][info][gc,stringtable ] GC(173) Cleaned string and symbol table, strings: 40980 processed, 31 removed, symbols: 299408 processed, 0 removed
[112.914s][info][gc,phases      ] GC(173) Phase 1: Mark live objects 28.674ms
[112.914s][info][gc,phases,start] GC(173) Phase 2: Prepare for compaction
[112.923s][info][gc,phases      ] GC(173) Phase 2: Prepare for compaction 9.491ms
[112.923s][info][gc,phases,start] GC(173) Phase 3: Adjust pointers
[112.942s][info][gc,phases      ] GC(173) Phase 3: Adjust pointers 18.278ms
[112.942s][info][gc,phases,start] GC(173) Phase 4: Compact heap
[112.949s][info][gc,phases      ] GC(173) Phase 4: Compact heap 7.303ms
[112.964s][info][gc,heap        ] GC(173) Eden regions: 649->0(1228)
[112.964s][info][gc,heap        ] GC(173) Survivor regions: 1->0(154)
[112.964s][info][gc,heap        ] GC(173) Old regions: 17->15
[112.964s][info][gc,heap        ] GC(173) Humongous regions: 334->332
[112.964s][info][gc,metaspace   ] GC(173) Metaspace: 145378K(161628K)->145378K(161628K) NonClass: 126022K(134284K)->126022K(134284K) Class: 19355K(27344K)->19355K(27344K)
[112.964s][info][gc             ] GC(173) Pause Full (System.gc()) 3985M->1381M(8192M) 83.862ms
[112.964s][info][gc,cpu         ] GC(173) User=0.02s Sys=0.00s Real=0.08s
[113.524s][info][gc,start       ] GC(174) Pause Young (Normal) (G1 Evacuation Pause)
[113.524s][info][gc,task        ] GC(174) Using 6 workers of 6 for evacuation
[113.528s][info][gc,phases      ] GC(174)   Pre Evacuate Collection Set: 0.1ms
[113.528s][info][gc,phases      ] GC(174)   Evacuate Collection Set: 1.5ms
[113.528s][info][gc,phases      ] GC(174)   Post Evacuate Collection Set: 1.9ms
[113.528s][info][gc,phases      ] GC(174)   Other: 0.4ms
[113.528s][info][gc,heap        ] GC(174) Eden regions: 1228->0(1227)
[113.528s][info][gc,heap        ] GC(174) Survivor regions: 0->1(154)
[113.528s][info][gc,heap        ] GC(174) Old regions: 15->15
[113.528s][info][gc,heap        ] GC(174) Humongous regions: 334->332
[113.528s][info][gc,metaspace   ] GC(174) Metaspace: 145417K(161628K)->145417K(161628K) NonClass: 126061K(134284K)->126061K(134284K) Class: 19355K(27344K)->19355K(27344K)
[113.528s][info][gc             ] GC(174) Pause Young (Normal) (G1 Evacuation Pause) 6301M->1382M(8192M) 3.990ms
[113.528s][info][gc,cpu         ] GC(174) User=0.03s Sys=0.00s Real=0.00s
[114.032s][info][gc,start       ] GC(175) Pause Young (Normal) (G1 Evacuation Pause)
[114.032s][info][gc,task        ] GC(175) Using 6 workers of 6 for evacuation
[114.036s][info][gc,phases      ] GC(175)   Pre Evacuate Collection Set: 0.1ms
[114.036s][info][gc,phases      ] GC(175)   Evacuate Collection Set: 1.3ms
[114.036s][info][gc,phases      ] GC(175)   Post Evacuate Collection Set: 1.7ms
[114.036s][info][gc,phases      ] GC(175)   Other: 0.3ms
[114.036s][info][gc,heap        ] GC(175) Eden regions: 1227->0(1227)
[114.036s][info][gc,heap        ] GC(175) Survivor regions: 1->1(154)
[114.036s][info][gc,heap        ] GC(175) Old regions: 15->15
[114.036s][info][gc,heap        ] GC(175) Humongous regions: 332->332
[114.036s][info][gc,metaspace   ] GC(175) Metaspace: 145417K(161628K)->145417K(161628K) NonClass: 126061K(134284K)->126061K(134284K) Class: 19355K(27344K)->19355K(27344K)
[114.036s][info][gc             ] GC(175) Pause Young (Normal) (G1 Evacuation Pause) 6290M->1382M(8192M) 3.450ms
[114.036s][info][gc,cpu         ] GC(175) User=0.02s Sys=0.00s Real=0.02s
[114.538s][info][gc,task        ] GC(176) Using 6 workers of 6 for full compaction
[114.538s][info][gc,start       ] GC(176) Pause Full (System.gc())
[114.540s][info][gc,phases,start] GC(176) Phase 1: Mark live objects
[114.569s][info][gc,stringtable ] GC(176) Cleaned string and symbol table, strings: 40982 processed, 31 removed, symbols: 299408 processed, 0 removed
[114.569s][info][gc,phases      ] GC(176) Phase 1: Mark live objects 28.695ms
[114.569s][info][gc,phases,start] GC(176) Phase 2: Prepare for compaction
[114.577s][info][gc,phases      ] GC(176) Phase 2: Prepare for compaction 7.742ms
[114.577s][info][gc,phases,start] GC(176) Phase 3: Adjust pointers
[114.595s][info][gc,phases      ] GC(176) Phase 3: Adjust pointers 18.029ms
[114.595s][info][gc,phases,start] GC(176) Phase 4: Compact heap
[114.602s][info][gc,phases      ] GC(176) Phase 4: Compact heap 6.801ms
[114.617s][info][gc,heap        ] GC(176) Eden regions: 650->0(1228)
[114.617s][info][gc,heap        ] GC(176) Survivor regions: 1->0(154)
[114.617s][info][gc,heap        ] GC(176) Old regions: 15->17
[114.617s][info][gc,heap        ] GC(176) Humongous regions: 334->332
[114.617s][info][gc,metaspace   ] GC(176) Metaspace: 145441K(161884K)->145441K(161884K) NonClass: 126086K(134540K)->126086K(134540K) Class: 19355K(27344K)->19355K(27344K)
[114.617s][info][gc             ] GC(176) Pause Full (System.gc()) 3988M->1381M(8192M) 78.683ms
[114.617s][info][gc,cpu         ] GC(176) User=0.05s Sys=0.00s Real=0.08s
[115.168s][info][gc,start       ] GC(177) Pause Young (Normal) (G1 Evacuation Pause)
[115.168s][info][gc,task        ] GC(177) Using 6 workers of 6 for evacuation
[115.171s][info][gc,phases      ] GC(177)   Pre Evacuate Collection Set: 0.1ms
[115.171s][info][gc,phases      ] GC(177)   Evacuate Collection Set: 1.2ms
[115.171s][info][gc,phases      ] GC(177)   Post Evacuate Collection Set: 1.4ms
[115.171s][info][gc,phases      ] GC(177)   Other: 0.3ms
[115.171s][info][gc,heap        ] GC(177) Eden regions: 1228->0(1227)
[115.171s][info][gc,heap        ] GC(177) Survivor regions: 0->1(154)
[115.171s][info][gc,heap        ] GC(177) Old regions: 17->17
[115.171s][info][gc,heap        ] GC(177) Humongous regions: 334->332
[115.171s][info][gc,metaspace   ] GC(177) Metaspace: 145465K(161884K)->145465K(161884K) NonClass: 126110K(134540K)->126110K(134540K) Class: 19355K(27344K)->19355K(27344K)
[115.171s][info][gc             ] GC(177) Pause Young (Normal) (G1 Evacuation Pause) 6301M->1382M(8192M) 2.974ms
[115.171s][info][gc,cpu         ] GC(177) User=0.00s Sys=0.00s Real=0.00s
[115.667s][info][gc,start       ] GC(178) Pause Young (Normal) (G1 Evacuation Pause)
[115.667s][info][gc,task        ] GC(178) Using 6 workers of 6 for evacuation
[115.670s][info][gc,phases      ] GC(178)   Pre Evacuate Collection Set: 0.1ms
[115.670s][info][gc,phases      ] GC(178)   Evacuate Collection Set: 1.1ms
[115.670s][info][gc,phases      ] GC(178)   Post Evacuate Collection Set: 1.7ms
[115.670s][info][gc,phases      ] GC(178)   Other: 0.3ms
[115.670s][info][gc,heap        ] GC(178) Eden regions: 1227->0(1227)
[115.670s][info][gc,heap        ] GC(178) Survivor regions: 1->1(154)
[115.670s][info][gc,heap        ] GC(178) Old regions: 17->17
[115.670s][info][gc,heap        ] GC(178) Humongous regions: 332->332
[115.670s][info][gc,metaspace   ] GC(178) Metaspace: 145465K(161884K)->145465K(161884K) NonClass: 126110K(134540K)->126110K(134540K) Class: 19355K(27344K)->19355K(27344K)
[115.670s][info][gc             ] GC(178) Pause Young (Normal) (G1 Evacuation Pause) 6290M->1382M(8192M) 3.246ms
[115.670s][info][gc,cpu         ] GC(178) User=0.02s Sys=0.00s Real=0.01s
[116.178s][info][gc,task        ] GC(179) Using 6 workers of 6 for full compaction
[116.178s][info][gc,start       ] GC(179) Pause Full (System.gc())
[116.180s][info][gc,phases,start] GC(179) Phase 1: Mark live objects
[116.208s][info][gc,stringtable ] GC(179) Cleaned string and symbol table, strings: 40990 processed, 31 removed, symbols: 299408 processed, 0 removed
[116.208s][info][gc,phases      ] GC(179) Phase 1: Mark live objects 27.341ms
[116.208s][info][gc,phases,start] GC(179) Phase 2: Prepare for compaction
[116.215s][info][gc,phases      ] GC(179) Phase 2: Prepare for compaction 7.739ms
[116.215s][info][gc,phases,start] GC(179) Phase 3: Adjust pointers
[116.234s][info][gc,phases      ] GC(179) Phase 3: Adjust pointers 18.421ms
[116.234s][info][gc,phases,start] GC(179) Phase 4: Compact heap
[116.241s][info][gc,phases      ] GC(179) Phase 4: Compact heap 6.674ms
[116.256s][info][gc,heap        ] GC(179) Eden regions: 649->0(1228)
[116.256s][info][gc,heap        ] GC(179) Survivor regions: 1->0(154)
[116.256s][info][gc,heap        ] GC(179) Old regions: 17->17
[116.256s][info][gc,heap        ] GC(179) Humongous regions: 334->332
[116.256s][info][gc,metaspace   ] GC(179) Metaspace: 145469K(161884K)->145469K(161884K) NonClass: 126113K(134540K)->126113K(134540K) Class: 19355K(27344K)->19355K(27344K)
[116.256s][info][gc             ] GC(179) Pause Full (System.gc()) 3984M->1381M(8192M) 77.784ms
[116.256s][info][gc,cpu         ] GC(179) User=0.05s Sys=0.00s Real=0.07s
[116.807s][info][gc,start       ] GC(180) Pause Young (Normal) (G1 Evacuation Pause)
[116.807s][info][gc,task        ] GC(180) Using 6 workers of 6 for evacuation
[116.810s][info][gc,phases      ] GC(180)   Pre Evacuate Collection Set: 0.1ms
[116.810s][info][gc,phases      ] GC(180)   Evacuate Collection Set: 1.2ms
[116.810s][info][gc,phases      ] GC(180)   Post Evacuate Collection Set: 1.7ms
[116.810s][info][gc,phases      ] GC(180)   Other: 0.3ms
[116.810s][info][gc,heap        ] GC(180) Eden regions: 1228->0(1227)
[116.810s][info][gc,heap        ] GC(180) Survivor regions: 0->1(154)
[116.810s][info][gc,heap        ] GC(180) Old regions: 17->17
[116.810s][info][gc,heap        ] GC(180) Humongous regions: 334->332
[116.810s][info][gc,metaspace   ] GC(180) Metaspace: 145504K(161884K)->145504K(161884K) NonClass: 126148K(134540K)->126148K(134540K) Class: 19355K(27344K)->19355K(27344K)
[116.810s][info][gc             ] GC(180) Pause Young (Normal) (G1 Evacuation Pause) 6301M->1382M(8192M) 3.412ms
[116.810s][info][gc,cpu         ] GC(180) User=0.00s Sys=0.00s Real=0.00s
[117.303s][info][gc,start       ] GC(181) Pause Young (Normal) (G1 Evacuation Pause)
[117.303s][info][gc,task        ] GC(181) Using 6 workers of 6 for evacuation
[117.306s][info][gc,phases      ] GC(181)   Pre Evacuate Collection Set: 0.1ms
[117.306s][info][gc,phases      ] GC(181)   Evacuate Collection Set: 1.0ms
[117.306s][info][gc,phases      ] GC(181)   Post Evacuate Collection Set: 1.4ms
[117.306s][info][gc,phases      ] GC(181)   Other: 0.3ms
[117.306s][info][gc,heap        ] GC(181) Eden regions: 1227->0(1227)
[117.306s][info][gc,heap        ] GC(181) Survivor regions: 1->1(154)
[117.306s][info][gc,heap        ] GC(181) Old regions: 17->17
[117.306s][info][gc,heap        ] GC(181) Humongous regions: 332->332
[117.306s][info][gc,metaspace   ] GC(181) Metaspace: 145504K(161884K)->145504K(161884K) NonClass: 126148K(134540K)->126148K(134540K) Class: 19355K(27344K)->19355K(27344K)
[117.306s][info][gc             ] GC(181) Pause Young (Normal) (G1 Evacuation Pause) 6290M->1382M(8192M) 2.903ms
[117.306s][info][gc,cpu         ] GC(181) User=0.00s Sys=0.00s Real=0.00s
[117.816s][info][gc,task        ] GC(182) Using 6 workers of 6 for full compaction
[117.817s][info][gc,start       ] GC(182) Pause Full (System.gc())
[117.819s][info][gc,phases,start] GC(182) Phase 1: Mark live objects
[117.848s][info][gc,stringtable ] GC(182) Cleaned string and symbol table, strings: 41028 processed, 31 removed, symbols: 299409 processed, 1 removed
[117.848s][info][gc,phases      ] GC(182) Phase 1: Mark live objects 29.005ms
[117.848s][info][gc,phases,start] GC(182) Phase 2: Prepare for compaction
[117.857s][info][gc,phases      ] GC(182) Phase 2: Prepare for compaction 8.808ms
[117.857s][info][gc,phases,start] GC(182) Phase 3: Adjust pointers
[117.875s][info][gc,phases      ] GC(182) Phase 3: Adjust pointers 17.989ms
[117.875s][info][gc,phases,start] GC(182) Phase 4: Compact heap
[117.882s][info][gc,phases      ] GC(182) Phase 4: Compact heap 7.336ms
[117.898s][info][gc,heap        ] GC(182) Eden regions: 649->0(1228)
[117.898s][info][gc,heap        ] GC(182) Survivor regions: 1->0(154)
[117.898s][info][gc,heap        ] GC(182) Old regions: 17->16
[117.898s][info][gc,heap        ] GC(182) Humongous regions: 334->332
[117.898s][info][gc,metaspace   ] GC(182) Metaspace: 145559K(161884K)->145559K(161884K) NonClass: 126203K(134540K)->126203K(134540K) Class: 19355K(27344K)->19355K(27344K)
[117.898s][info][gc             ] GC(182) Pause Full (System.gc()) 3986M->1381M(8192M) 81.642ms
[117.898s][info][gc,cpu         ] GC(182) User=0.03s Sys=0.00s Real=0.08s
[118.488s][info][gc,start       ] GC(183) Pause Young (Normal) (G1 Evacuation Pause)
[118.489s][info][gc,task        ] GC(183) Using 6 workers of 6 for evacuation
[118.492s][info][gc,phases      ] GC(183)   Pre Evacuate Collection Set: 0.1ms
[118.492s][info][gc,phases      ] GC(183)   Evacuate Collection Set: 1.2ms
[118.492s][info][gc,phases      ] GC(183)   Post Evacuate Collection Set: 1.6ms
[118.492s][info][gc,phases      ] GC(183)   Other: 0.3ms
[118.492s][info][gc,heap        ] GC(183) Eden regions: 1228->0(1227)
[118.492s][info][gc,heap        ] GC(183) Survivor regions: 0->1(154)
[118.492s][info][gc,heap        ] GC(183) Old regions: 16->16
[118.492s][info][gc,heap        ] GC(183) Humongous regions: 334->332
[118.492s][info][gc,metaspace   ] GC(183) Metaspace: 145628K(161884K)->145628K(161884K) NonClass: 126272K(134540K)->126272K(134540K) Class: 19355K(27344K)->19355K(27344K)
[118.492s][info][gc             ] GC(183) Pause Young (Normal) (G1 Evacuation Pause) 6301M->1382M(8192M) 3.332ms
[118.492s][info][gc,cpu         ] GC(183) User=0.00s Sys=0.00s Real=0.00s
[118.990s][info][gc,start       ] GC(184) Pause Young (Normal) (G1 Evacuation Pause)
[118.990s][info][gc,task        ] GC(184) Using 6 workers of 6 for evacuation
[118.993s][info][gc,phases      ] GC(184)   Pre Evacuate Collection Set: 0.1ms
[118.993s][info][gc,phases      ] GC(184)   Evacuate Collection Set: 1.2ms
[118.993s][info][gc,phases      ] GC(184)   Post Evacuate Collection Set: 1.5ms
[118.993s][info][gc,phases      ] GC(184)   Other: 0.3ms
[118.993s][info][gc,heap        ] GC(184) Eden regions: 1227->0(1227)
[118.993s][info][gc,heap        ] GC(184) Survivor regions: 1->1(154)
[118.993s][info][gc,heap        ] GC(184) Old regions: 16->16
[118.993s][info][gc,heap        ] GC(184) Humongous regions: 332->332
[118.993s][info][gc,metaspace   ] GC(184) Metaspace: 145628K(161884K)->145628K(161884K) NonClass: 126272K(134540K)->126272K(134540K) Class: 19355K(27344K)->19355K(27344K)
[118.993s][info][gc             ] GC(184) Pause Young (Normal) (G1 Evacuation Pause) 6290M->1382M(8192M) 3.217ms
[118.993s][info][gc,cpu         ] GC(184) User=0.00s Sys=0.00s Real=0.00s
[119.487s][info][gc,task        ] GC(185) Using 6 workers of 6 for full compaction
[119.487s][info][gc,start       ] GC(185) Pause Full (System.gc())
[119.490s][info][gc,phases,start] GC(185) Phase 1: Mark live objects
[119.515s][info][gc,stringtable ] GC(185) Cleaned string and symbol table, strings: 41029 processed, 31 removed, symbols: 299408 processed, 0 removed
[119.515s][info][gc,phases      ] GC(185) Phase 1: Mark live objects 25.779ms
[119.515s][info][gc,phases,start] GC(185) Phase 2: Prepare for compaction
[119.523s][info][gc,phases      ] GC(185) Phase 2: Prepare for compaction 7.917ms
[119.523s][info][gc,phases,start] GC(185) Phase 3: Adjust pointers
[119.541s][info][gc,phases      ] GC(185) Phase 3: Adjust pointers 17.918ms
[119.541s][info][gc,phases,start] GC(185) Phase 4: Compact heap
[119.548s][info][gc,phases      ] GC(185) Phase 4: Compact heap 6.802ms
[119.564s][info][gc,heap        ] GC(185) Eden regions: 649->0(1228)
[119.564s][info][gc,heap        ] GC(185) Survivor regions: 1->0(154)
[119.564s][info][gc,heap        ] GC(185) Old regions: 16->17
[119.564s][info][gc,heap        ] GC(185) Humongous regions: 334->332
[119.564s][info][gc,metaspace   ] GC(185) Metaspace: 145634K(161884K)->145634K(161884K) NonClass: 126278K(134540K)->126278K(134540K) Class: 19355K(27344K)->19355K(27344K)
[119.564s][info][gc             ] GC(185) Pause Full (System.gc()) 3985M->1381M(8192M) 76.393ms
[119.564s][info][gc,cpu         ] GC(185) User=0.03s Sys=0.00s Real=0.06s
[120.118s][info][gc,start       ] GC(186) Pause Young (Normal) (G1 Evacuation Pause)
[120.118s][info][gc,task        ] GC(186) Using 6 workers of 6 for evacuation
[120.121s][info][gc,phases      ] GC(186)   Pre Evacuate Collection Set: 0.1ms
[120.121s][info][gc,phases      ] GC(186)   Evacuate Collection Set: 1.2ms
[120.121s][info][gc,phases      ] GC(186)   Post Evacuate Collection Set: 1.4ms
[120.121s][info][gc,phases      ] GC(186)   Other: 0.3ms
[120.121s][info][gc,heap        ] GC(186) Eden regions: 1228->0(1227)
[120.121s][info][gc,heap        ] GC(186) Survivor regions: 0->1(154)
[120.121s][info][gc,heap        ] GC(186) Old regions: 17->17
[120.121s][info][gc,heap        ] GC(186) Humongous regions: 334->332
[120.121s][info][gc,metaspace   ] GC(186) Metaspace: 145640K(161884K)->145640K(161884K) NonClass: 126284K(134540K)->126284K(134540K) Class: 19355K(27344K)->19355K(27344K)
[120.121s][info][gc             ] GC(186) Pause Young (Normal) (G1 Evacuation Pause) 6301M->1382M(8192M) 3.094ms
[120.121s][info][gc,cpu         ] GC(186) User=0.00s Sys=0.00s Real=0.00s
[120.611s][info][gc,start       ] GC(187) Pause Young (Normal) (G1 Evacuation Pause)
[120.611s][info][gc,task        ] GC(187) Using 6 workers of 6 for evacuation
[120.613s][info][gc,phases      ] GC(187)   Pre Evacuate Collection Set: 0.1ms
[120.614s][info][gc,phases      ] GC(187)   Evacuate Collection Set: 1.0ms
[120.614s][info][gc,phases      ] GC(187)   Post Evacuate Collection Set: 1.4ms
[120.614s][info][gc,phases      ] GC(187)   Other: 0.3ms
[120.614s][info][gc,heap        ] GC(187) Eden regions: 1227->0(1227)
[120.614s][info][gc,heap        ] GC(187) Survivor regions: 1->1(154)
[120.614s][info][gc,heap        ] GC(187) Old regions: 17->17
[120.614s][info][gc,heap        ] GC(187) Humongous regions: 332->332
[120.614s][info][gc,metaspace   ] GC(187) Metaspace: 145640K(161884K)->145640K(161884K) NonClass: 126284K(134540K)->126284K(134540K) Class: 19355K(27344K)->19355K(27344K)
[120.614s][info][gc             ] GC(187) Pause Young (Normal) (G1 Evacuation Pause) 6290M->1382M(8192M) 2.926ms
[120.614s][info][gc,cpu         ] GC(187) User=0.00s Sys=0.00s Real=0.00s
[121.129s][info][gc,task        ] GC(188) Using 6 workers of 6 for full compaction
[121.129s][info][gc,start       ] GC(188) Pause Full (System.gc())
[121.131s][info][gc,phases,start] GC(188) Phase 1: Mark live objects
[121.158s][info][gc,stringtable ] GC(188) Cleaned string and symbol table, strings: 41035 processed, 31 removed, symbols: 299408 processed, 0 removed
[121.158s][info][gc,phases      ] GC(188) Phase 1: Mark live objects 26.900ms
[121.158s][info][gc,phases,start] GC(188) Phase 2: Prepare for compaction
[121.166s][info][gc,phases      ] GC(188) Phase 2: Prepare for compaction 8.487ms
[121.166s][info][gc,phases,start] GC(188) Phase 3: Adjust pointers
[121.184s][info][gc,phases      ] GC(188) Phase 3: Adjust pointers 17.832ms
[121.184s][info][gc,phases,start] GC(188) Phase 4: Compact heap
[121.191s][info][gc,phases      ] GC(188) Phase 4: Compact heap 6.531ms
[121.206s][info][gc,heap        ] GC(188) Eden regions: 649->0(1228)
[121.206s][info][gc,heap        ] GC(188) Survivor regions: 1->0(154)
[121.206s][info][gc,heap        ] GC(188) Old regions: 17->16
[121.206s][info][gc,heap        ] GC(188) Humongous regions: 334->332
[121.206s][info][gc,metaspace   ] GC(188) Metaspace: 145641K(161884K)->145641K(161884K) NonClass: 126285K(134540K)->126285K(134540K) Class: 19355K(27344K)->19355K(27344K)
[121.206s][info][gc             ] GC(188) Pause Full (System.gc()) 3986M->1381M(8192M) 77.470ms
[121.206s][info][gc,cpu         ] GC(188) User=0.05s Sys=0.00s Real=0.08s
[121.764s][info][gc,start       ] GC(189) Pause Young (Normal) (G1 Evacuation Pause)
[121.764s][info][gc,task        ] GC(189) Using 6 workers of 6 for evacuation
[121.767s][info][gc,phases      ] GC(189)   Pre Evacuate Collection Set: 0.1ms
[121.768s][info][gc,phases      ] GC(189)   Evacuate Collection Set: 1.2ms
[121.768s][info][gc,phases      ] GC(189)   Post Evacuate Collection Set: 1.6ms
[121.768s][info][gc,phases      ] GC(189)   Other: 0.4ms
[121.768s][info][gc,heap        ] GC(189) Eden regions: 1228->0(1227)
[121.768s][info][gc,heap        ] GC(189) Survivor regions: 0->1(154)
[121.768s][info][gc,heap        ] GC(189) Old regions: 16->16
[121.768s][info][gc,heap        ] GC(189) Humongous regions: 334->332
[121.768s][info][gc,metaspace   ] GC(189) Metaspace: 145651K(161884K)->145651K(161884K) NonClass: 126295K(134540K)->126295K(134540K) Class: 19355K(27344K)->19355K(27344K)
[121.768s][info][gc             ] GC(189) Pause Young (Normal) (G1 Evacuation Pause) 6301M->1382M(8192M) 3.302ms
[121.768s][info][gc,cpu         ] GC(189) User=0.02s Sys=0.00s Real=0.02s
[122.257s][info][gc,start       ] GC(190) Pause Young (Normal) (G1 Evacuation Pause)
[122.257s][info][gc,task        ] GC(190) Using 6 workers of 6 for evacuation
[122.260s][info][gc,phases      ] GC(190)   Pre Evacuate Collection Set: 0.1ms
[122.260s][info][gc,phases      ] GC(190)   Evacuate Collection Set: 1.1ms
[122.260s][info][gc,phases      ] GC(190)   Post Evacuate Collection Set: 1.4ms
[122.260s][info][gc,phases      ] GC(190)   Other: 0.3ms
[122.260s][info][gc,heap        ] GC(190) Eden regions: 1227->0(1227)
[122.260s][info][gc,heap        ] GC(190) Survivor regions: 1->1(154)
[122.260s][info][gc,heap        ] GC(190) Old regions: 16->16
[122.260s][info][gc,heap        ] GC(190) Humongous regions: 332->332
[122.260s][info][gc,metaspace   ] GC(190) Metaspace: 145651K(161884K)->145651K(161884K) NonClass: 126295K(134540K)->126295K(134540K) Class: 19355K(27344K)->19355K(27344K)
[122.260s][info][gc             ] GC(190) Pause Young (Normal) (G1 Evacuation Pause) 6290M->1382M(8192M) 2.931ms
[122.260s][info][gc,cpu         ] GC(190) User=0.00s Sys=0.00s Real=0.00s
[122.775s][info][gc,task        ] GC(191) Using 6 workers of 6 for full compaction
[122.775s][info][gc,start       ] GC(191) Pause Full (System.gc())
[122.778s][info][gc,phases,start] GC(191) Phase 1: Mark live objects
[122.805s][info][gc,stringtable ] GC(191) Cleaned string and symbol table, strings: 41049 processed, 31 removed, symbols: 299408 processed, 0 removed
[122.805s][info][gc,phases      ] GC(191) Phase 1: Mark live objects 27.098ms
[122.805s][info][gc,phases,start] GC(191) Phase 2: Prepare for compaction
[122.813s][info][gc,phases      ] GC(191) Phase 2: Prepare for compaction 8.266ms
[122.813s][info][gc,phases,start] GC(191) Phase 3: Adjust pointers
[122.831s][info][gc,phases      ] GC(191) Phase 3: Adjust pointers 18.308ms
[122.831s][info][gc,phases,start] GC(191) Phase 4: Compact heap
[122.838s][info][gc,phases      ] GC(191) Phase 4: Compact heap 6.758ms
[122.854s][info][gc,heap        ] GC(191) Eden regions: 650->0(1228)
[122.854s][info][gc,heap        ] GC(191) Survivor regions: 1->0(154)
[122.854s][info][gc,heap        ] GC(191) Old regions: 16->16
[122.854s][info][gc,heap        ] GC(191) Humongous regions: 334->332
[122.854s][info][gc,metaspace   ] GC(191) Metaspace: 145652K(161884K)->145652K(161884K) NonClass: 126297K(134540K)->126297K(134540K) Class: 19355K(27344K)->19355K(27344K)
[122.854s][info][gc             ] GC(191) Pause Full (System.gc()) 3989M->1381M(8192M) 79.024ms
[122.854s][info][gc,cpu         ] GC(191) User=0.05s Sys=0.00s Real=0.08s
[123.419s][info][gc,start       ] GC(192) Pause Young (Normal) (G1 Evacuation Pause)
[123.419s][info][gc,task        ] GC(192) Using 6 workers of 6 for evacuation
[123.422s][info][gc,phases      ] GC(192)   Pre Evacuate Collection Set: 0.1ms
[123.422s][info][gc,phases      ] GC(192)   Evacuate Collection Set: 1.1ms
[123.422s][info][gc,phases      ] GC(192)   Post Evacuate Collection Set: 1.5ms
[123.422s][info][gc,phases      ] GC(192)   Other: 0.3ms
[123.422s][info][gc,heap        ] GC(192) Eden regions: 1228->0(1227)
[123.422s][info][gc,heap        ] GC(192) Survivor regions: 0->1(154)
[123.422s][info][gc,heap        ] GC(192) Old regions: 16->16
[123.422s][info][gc,heap        ] GC(192) Humongous regions: 334->332
[123.422s][info][gc,metaspace   ] GC(192) Metaspace: 145777K(162140K)->145777K(162140K) NonClass: 126421K(134796K)->126421K(134796K) Class: 19355K(27344K)->19355K(27344K)
[123.422s][info][gc             ] GC(192) Pause Young (Normal) (G1 Evacuation Pause) 6301M->1382M(8192M) 3.092ms
[123.422s][info][gc,cpu         ] GC(192) User=0.00s Sys=0.00s Real=0.00s
[123.917s][info][gc,start       ] GC(193) Pause Young (Normal) (G1 Evacuation Pause)
[123.917s][info][gc,task        ] GC(193) Using 6 workers of 6 for evacuation
[123.920s][info][gc,phases      ] GC(193)   Pre Evacuate Collection Set: 0.1ms
[123.920s][info][gc,phases      ] GC(193)   Evacuate Collection Set: 1.0ms
[123.920s][info][gc,phases      ] GC(193)   Post Evacuate Collection Set: 1.4ms
[123.920s][info][gc,phases      ] GC(193)   Other: 0.3ms
[123.920s][info][gc,heap        ] GC(193) Eden regions: 1227->0(1227)
[123.920s][info][gc,heap        ] GC(193) Survivor regions: 1->1(154)
[123.920s][info][gc,heap        ] GC(193) Old regions: 16->16
[123.920s][info][gc,heap        ] GC(193) Humongous regions: 332->332
[123.920s][info][gc,metaspace   ] GC(193) Metaspace: 145777K(162140K)->145777K(162140K) NonClass: 126421K(134796K)->126421K(134796K) Class: 19355K(27344K)->19355K(27344K)
[123.920s][info][gc             ] GC(193) Pause Young (Normal) (G1 Evacuation Pause) 6290M->1382M(8192M) 2.848ms
[123.920s][info][gc,cpu         ] GC(193) User=0.00s Sys=0.00s Real=0.00s
[124.430s][info][gc,task        ] GC(194) Using 6 workers of 6 for full compaction
[124.430s][info][gc,start       ] GC(194) Pause Full (System.gc())
[124.432s][info][gc,phases,start] GC(194) Phase 1: Mark live objects
[124.459s][info][gc,stringtable ] GC(194) Cleaned string and symbol table, strings: 41076 processed, 31 removed, symbols: 299408 processed, 0 removed
[124.459s][info][gc,phases      ] GC(194) Phase 1: Mark live objects 26.744ms
[124.459s][info][gc,phases,start] GC(194) Phase 2: Prepare for compaction
[124.467s][info][gc,phases      ] GC(194) Phase 2: Prepare for compaction 7.788ms
[124.467s][info][gc,phases,start] GC(194) Phase 3: Adjust pointers
[124.485s][info][gc,phases      ] GC(194) Phase 3: Adjust pointers 18.106ms
[124.485s][info][gc,phases,start] GC(194) Phase 4: Compact heap
[124.492s][info][gc,phases      ] GC(194) Phase 4: Compact heap 6.502ms
[124.508s][info][gc,heap        ] GC(194) Eden regions: 650->0(1228)
[124.508s][info][gc,heap        ] GC(194) Survivor regions: 1->0(154)
[124.508s][info][gc,heap        ] GC(194) Old regions: 16->17
[124.508s][info][gc,heap        ] GC(194) Humongous regions: 334->332
[124.508s][info][gc,metaspace   ] GC(194) Metaspace: 145853K(162140K)->145853K(162140K) NonClass: 126498K(134796K)->126498K(134796K) Class: 19355K(27344K)->19355K(27344K)
[124.508s][info][gc             ] GC(194) Pause Full (System.gc()) 3987M->1381M(8192M) 77.403ms
[124.508s][info][gc,cpu         ] GC(194) User=0.03s Sys=0.02s Real=0.08s
[125.060s][info][gc,start       ] GC(195) Pause Young (Normal) (G1 Evacuation Pause)
[125.060s][info][gc,task        ] GC(195) Using 6 workers of 6 for evacuation
[125.064s][info][gc,phases      ] GC(195)   Pre Evacuate Collection Set: 0.1ms
[125.064s][info][gc,phases      ] GC(195)   Evacuate Collection Set: 1.3ms
[125.064s][info][gc,phases      ] GC(195)   Post Evacuate Collection Set: 1.8ms
[125.064s][info][gc,phases      ] GC(195)   Other: 0.3ms
[125.064s][info][gc,heap        ] GC(195) Eden regions: 1228->0(1227)
[125.064s][info][gc,heap        ] GC(195) Survivor regions: 0->1(154)
[125.064s][info][gc,heap        ] GC(195) Old regions: 17->17
[125.064s][info][gc,heap        ] GC(195) Humongous regions: 334->332
[125.064s][info][gc,metaspace   ] GC(195) Metaspace: 145872K(162140K)->145872K(162140K) NonClass: 126516K(134796K)->126516K(134796K) Class: 19355K(27344K)->19355K(27344K)
[125.065s][info][gc             ] GC(195) Pause Young (Normal) (G1 Evacuation Pause) 6301M->1383M(8192M) 4.147ms
[125.065s][info][gc,cpu         ] GC(195) User=0.02s Sys=0.00s Real=0.02s
[125.553s][info][gc,start       ] GC(196) Pause Young (Normal) (G1 Evacuation Pause)
[125.554s][info][gc,task        ] GC(196) Using 6 workers of 6 for evacuation
[125.556s][info][gc,phases      ] GC(196)   Pre Evacuate Collection Set: 0.1ms
[125.556s][info][gc,phases      ] GC(196)   Evacuate Collection Set: 1.0ms
[125.556s][info][gc,phases      ] GC(196)   Post Evacuate Collection Set: 1.4ms
[125.556s][info][gc,phases      ] GC(196)   Other: 0.3ms
[125.556s][info][gc,heap        ] GC(196) Eden regions: 1227->0(1227)
[125.556s][info][gc,heap        ] GC(196) Survivor regions: 1->1(154)
[125.556s][info][gc,heap        ] GC(196) Old regions: 17->17
[125.556s][info][gc,heap        ] GC(196) Humongous regions: 332->332
[125.556s][info][gc,metaspace   ] GC(196) Metaspace: 145872K(162140K)->145872K(162140K) NonClass: 126516K(134796K)->126516K(134796K) Class: 19355K(27344K)->19355K(27344K)
[125.556s][info][gc             ] GC(196) Pause Young (Normal) (G1 Evacuation Pause) 6291M->1383M(8192M) 2.903ms
[125.556s][info][gc,cpu         ] GC(196) User=0.00s Sys=0.00s Real=0.00s
[126.061s][info][gc,task        ] GC(197) Using 6 workers of 6 for full compaction
[126.061s][info][gc,start       ] GC(197) Pause Full (System.gc())
[126.063s][info][gc,phases,start] GC(197) Phase 1: Mark live objects
[126.091s][info][gc,stringtable ] GC(197) Cleaned string and symbol table, strings: 41093 processed, 31 removed, symbols: 299408 processed, 0 removed
[126.091s][info][gc,phases      ] GC(197) Phase 1: Mark live objects 27.927ms
[126.091s][info][gc,phases,start] GC(197) Phase 2: Prepare for compaction
[126.099s][info][gc,phases      ] GC(197) Phase 2: Prepare for compaction 7.637ms
[126.099s][info][gc,phases,start] GC(197) Phase 3: Adjust pointers
[126.117s][info][gc,phases      ] GC(197) Phase 3: Adjust pointers 18.033ms
[126.117s][info][gc,phases,start] GC(197) Phase 4: Compact heap
[126.123s][info][gc,phases      ] GC(197) Phase 4: Compact heap 6.369ms
[126.139s][info][gc,heap        ] GC(197) Eden regions: 649->0(1228)
[126.139s][info][gc,heap        ] GC(197) Survivor regions: 1->0(154)
[126.139s][info][gc,heap        ] GC(197) Old regions: 17->18
[126.139s][info][gc,heap        ] GC(197) Humongous regions: 334->332
[126.139s][info][gc,metaspace   ] GC(197) Metaspace: 145876K(162140K)->145876K(162140K) NonClass: 126520K(134796K)->126520K(134796K) Class: 19355K(27344K)->19355K(27344K)
[126.139s][info][gc             ] GC(197) Pause Full (System.gc()) 3983M->1381M(8192M) 77.981ms
[126.140s][info][gc,cpu         ] GC(197) User=0.03s Sys=0.00s Real=0.08s
[126.694s][info][gc,start       ] GC(198) Pause Young (Normal) (G1 Evacuation Pause)
[126.694s][info][gc,task        ] GC(198) Using 6 workers of 6 for evacuation
[126.697s][info][gc,phases      ] GC(198)   Pre Evacuate Collection Set: 0.1ms
[126.697s][info][gc,phases      ] GC(198)   Evacuate Collection Set: 1.3ms
[126.697s][info][gc,phases      ] GC(198)   Post Evacuate Collection Set: 1.5ms
[126.697s][info][gc,phases      ] GC(198)   Other: 0.3ms
[126.697s][info][gc,heap        ] GC(198) Eden regions: 1228->0(1227)
[126.697s][info][gc,heap        ] GC(198) Survivor regions: 0->1(154)
[126.697s][info][gc,heap        ] GC(198) Old regions: 18->18
[126.697s][info][gc,heap        ] GC(198) Humongous regions: 334->332
[126.697s][info][gc,metaspace   ] GC(198) Metaspace: 145939K(162140K)->145939K(162140K) NonClass: 126583K(134796K)->126583K(134796K) Class: 19355K(27344K)->19355K(27344K)
[126.697s][info][gc             ] GC(198) Pause Young (Normal) (G1 Evacuation Pause) 6301M->1383M(8192M) 3.248ms
[126.697s][info][gc,cpu         ] GC(198) User=0.02s Sys=0.00s Real=0.02s
[127.187s][info][gc,start       ] GC(199) Pause Young (Normal) (G1 Evacuation Pause)
[127.187s][info][gc,task        ] GC(199) Using 6 workers of 6 for evacuation
[127.190s][info][gc,phases      ] GC(199)   Pre Evacuate Collection Set: 0.1ms
[127.190s][info][gc,phases      ] GC(199)   Evacuate Collection Set: 1.0ms
[127.190s][info][gc,phases      ] GC(199)   Post Evacuate Collection Set: 1.4ms
[127.190s][info][gc,phases      ] GC(199)   Other: 0.3ms
[127.190s][info][gc,heap        ] GC(199) Eden regions: 1227->0(1227)
[127.190s][info][gc,heap        ] GC(199) Survivor regions: 1->1(154)
[127.190s][info][gc,heap        ] GC(199) Old regions: 18->18
[127.190s][info][gc,heap        ] GC(199) Humongous regions: 332->332
[127.190s][info][gc,metaspace   ] GC(199) Metaspace: 145939K(162140K)->145939K(162140K) NonClass: 126583K(134796K)->126583K(134796K) Class: 19355K(27344K)->19355K(27344K)
[127.190s][info][gc             ] GC(199) Pause Young (Normal) (G1 Evacuation Pause) 6291M->1383M(8192M) 2.865ms
[127.190s][info][gc,cpu         ] GC(199) User=0.00s Sys=0.00s Real=0.00s
[127.699s][info][gc,task        ] GC(200) Using 6 workers of 6 for full compaction
[127.699s][info][gc,start       ] GC(200) Pause Full (System.gc())
[127.701s][info][gc,phases,start] GC(200) Phase 1: Mark live objects
[127.727s][info][gc,stringtable ] GC(200) Cleaned string and symbol table, strings: 41102 processed, 31 removed, symbols: 299408 processed, 0 removed
[127.727s][info][gc,phases      ] GC(200) Phase 1: Mark live objects 26.225ms
[127.727s][info][gc,phases,start] GC(200) Phase 2: Prepare for compaction
[127.735s][info][gc,phases      ] GC(200) Phase 2: Prepare for compaction 7.788ms
[127.735s][info][gc,phases,start] GC(200) Phase 3: Adjust pointers
[127.754s][info][gc,phases      ] GC(200) Phase 3: Adjust pointers 19.642ms
[127.754s][info][gc,phases,start] GC(200) Phase 4: Compact heap
[127.761s][info][gc,phases      ] GC(200) Phase 4: Compact heap 6.383ms
[127.777s][info][gc,heap        ] GC(200) Eden regions: 650->0(1228)
[127.777s][info][gc,heap        ] GC(200) Survivor regions: 1->0(154)
[127.777s][info][gc,heap        ] GC(200) Old regions: 18->17
[127.777s][info][gc,heap        ] GC(200) Humongous regions: 334->332
[127.777s][info][gc,metaspace   ] GC(200) Metaspace: 145956K(162140K)->145956K(162140K) NonClass: 126601K(134796K)->126601K(134796K) Class: 19355K(27344K)->19355K(27344K)
[127.777s][info][gc             ] GC(200) Pause Full (System.gc()) 3988M->1381M(8192M) 78.225ms
[127.777s][info][gc,cpu         ] GC(200) User=0.03s Sys=0.00s Real=0.08s
[128.323s][info][gc,start       ] GC(201) Pause Young (Normal) (G1 Evacuation Pause)
[128.323s][info][gc,task        ] GC(201) Using 6 workers of 6 for evacuation
[128.326s][info][gc,phases      ] GC(201)   Pre Evacuate Collection Set: 0.1ms
[128.326s][info][gc,phases      ] GC(201)   Evacuate Collection Set: 1.2ms
[128.326s][info][gc,phases      ] GC(201)   Post Evacuate Collection Set: 1.6ms
[128.326s][info][gc,phases      ] GC(201)   Other: 0.4ms
[128.326s][info][gc,heap        ] GC(201) Eden regions: 1228->0(1227)
[128.326s][info][gc,heap        ] GC(201) Survivor regions: 0->1(154)
[128.326s][info][gc,heap        ] GC(201) Old regions: 17->17
[128.326s][info][gc,heap        ] GC(201) Humongous regions: 334->332
[128.326s][info][gc,metaspace   ] GC(201) Metaspace: 145962K(162140K)->145962K(162140K) NonClass: 126607K(134796K)->126607K(134796K) Class: 19355K(27344K)->19355K(27344K)
[128.326s][info][gc             ] GC(201) Pause Young (Normal) (G1 Evacuation Pause) 6301M->1383M(8192M) 3.276ms
[128.326s][info][gc,cpu         ] GC(201) User=0.00s Sys=0.00s Real=0.00s
[128.823s][info][gc,start       ] GC(202) Pause Young (Normal) (G1 Evacuation Pause)
[128.823s][info][gc,task        ] GC(202) Using 6 workers of 6 for evacuation
[128.825s][info][gc,phases      ] GC(202)   Pre Evacuate Collection Set: 0.1ms
[128.825s][info][gc,phases      ] GC(202)   Evacuate Collection Set: 1.0ms
[128.825s][info][gc,phases      ] GC(202)   Post Evacuate Collection Set: 1.4ms
[128.825s][info][gc,phases      ] GC(202)   Other: 0.3ms
[128.825s][info][gc,heap        ] GC(202) Eden regions: 1227->0(1227)
[128.825s][info][gc,heap        ] GC(202) Survivor regions: 1->1(154)
[128.825s][info][gc,heap        ] GC(202) Old regions: 17->17
[128.825s][info][gc,heap        ] GC(202) Humongous regions: 332->332
[128.825s][info][gc,metaspace   ] GC(202) Metaspace: 145962K(162140K)->145962K(162140K) NonClass: 126607K(134796K)->126607K(134796K) Class: 19355K(27344K)->19355K(27344K)
[128.825s][info][gc             ] GC(202) Pause Young (Normal) (G1 Evacuation Pause) 6291M->1383M(8192M) 2.848ms
[128.825s][info][gc,cpu         ] GC(202) User=0.00s Sys=0.00s Real=0.00s
[129.324s][info][gc,task        ] GC(203) Using 6 workers of 6 for full compaction
[129.324s][info][gc,start       ] GC(203) Pause Full (System.gc())
[129.326s][info][gc,phases,start] GC(203) Phase 1: Mark live objects
[129.353s][info][gc,stringtable ] GC(203) Cleaned string and symbol table, strings: 41126 processed, 31 removed, symbols: 299408 processed, 0 removed
[129.353s][info][gc,phases      ] GC(203) Phase 1: Mark live objects 26.967ms
[129.353s][info][gc,phases,start] GC(203) Phase 2: Prepare for compaction
[129.361s][info][gc,phases      ] GC(203) Phase 2: Prepare for compaction 8.236ms
[129.362s][info][gc,phases,start] GC(203) Phase 3: Adjust pointers
[129.380s][info][gc,phases      ] GC(203) Phase 3: Adjust pointers 18.356ms
[129.380s][info][gc,phases,start] GC(203) Phase 4: Compact heap
[129.387s][info][gc,phases      ] GC(203) Phase 4: Compact heap 6.889ms
[129.403s][info][gc,heap        ] GC(203) Eden regions: 649->0(1228)
[129.403s][info][gc,heap        ] GC(203) Survivor regions: 1->0(154)
[129.403s][info][gc,heap        ] GC(203) Old regions: 17->17
[129.403s][info][gc,heap        ] GC(203) Humongous regions: 334->332
[129.403s][info][gc,metaspace   ] GC(203) Metaspace: 145966K(162140K)->145966K(162140K) NonClass: 126610K(134796K)->126610K(134796K) Class: 19355K(27344K)->19355K(27344K)
[129.403s][info][gc             ] GC(203) Pause Full (System.gc()) 3986M->1381M(8192M) 78.672ms
[129.403s][info][gc,cpu         ] GC(203) User=0.05s Sys=0.02s Real=0.08s
[129.975s][info][gc,start       ] GC(204) Pause Young (Normal) (G1 Evacuation Pause)
[129.975s][info][gc,task        ] GC(204) Using 6 workers of 6 for evacuation
[129.978s][info][gc,phases      ] GC(204)   Pre Evacuate Collection Set: 0.1ms
[129.978s][info][gc,phases      ] GC(204)   Evacuate Collection Set: 1.3ms
[129.978s][info][gc,phases      ] GC(204)   Post Evacuate Collection Set: 1.4ms
[129.978s][info][gc,phases      ] GC(204)   Other: 0.3ms
[129.978s][info][gc,heap        ] GC(204) Eden regions: 1228->0(1227)
[129.978s][info][gc,heap        ] GC(204) Survivor regions: 0->1(154)
[129.978s][info][gc,heap        ] GC(204) Old regions: 17->17
[129.978s][info][gc,heap        ] GC(204) Humongous regions: 334->332
[129.978s][info][gc,metaspace   ] GC(204) Metaspace: 145975K(162140K)->145975K(162140K) NonClass: 126620K(134796K)->126620K(134796K) Class: 19355K(27344K)->19355K(27344K)
[129.978s][info][gc             ] GC(204) Pause Young (Normal) (G1 Evacuation Pause) 6301M->1383M(8192M) 3.129ms
[129.978s][info][gc,cpu         ] GC(204) User=0.00s Sys=0.00s Real=0.00s
[130.467s][info][gc,start       ] GC(205) Pause Young (Normal) (G1 Evacuation Pause)
[130.467s][info][gc,task        ] GC(205) Using 6 workers of 6 for evacuation
[130.470s][info][gc,phases      ] GC(205)   Pre Evacuate Collection Set: 0.1ms
[130.470s][info][gc,phases      ] GC(205)   Evacuate Collection Set: 1.1ms
[130.470s][info][gc,phases      ] GC(205)   Post Evacuate Collection Set: 1.4ms
[130.470s][info][gc,phases      ] GC(205)   Other: 0.3ms
[130.470s][info][gc,heap        ] GC(205) Eden regions: 1227->0(1227)
[130.470s][info][gc,heap        ] GC(205) Survivor regions: 1->1(154)
[130.470s][info][gc,heap        ] GC(205) Old regions: 17->17
[130.470s][info][gc,heap        ] GC(205) Humongous regions: 332->332
[130.470s][info][gc,metaspace   ] GC(205) Metaspace: 145975K(162140K)->145975K(162140K) NonClass: 126620K(134796K)->126620K(134796K) Class: 19355K(27344K)->19355K(27344K)
[130.470s][info][gc             ] GC(205) Pause Young (Normal) (G1 Evacuation Pause) 6291M->1383M(8192M) 3.000ms
[130.470s][info][gc,cpu         ] GC(205) User=0.00s Sys=0.00s Real=0.00s
[130.946s][info][gc,task        ] GC(206) Using 6 workers of 6 for full compaction
[130.946s][info][gc,start       ] GC(206) Pause Full (System.gc())
[130.948s][info][gc,phases,start] GC(206) Phase 1: Mark live objects
[130.976s][info][gc,stringtable ] GC(206) Cleaned string and symbol table, strings: 41128 processed, 31 removed, symbols: 299408 processed, 0 removed
[130.976s][info][gc,phases      ] GC(206) Phase 1: Mark live objects 28.056ms
[130.976s][info][gc,phases,start] GC(206) Phase 2: Prepare for compaction
[130.984s][info][gc,phases      ] GC(206) Phase 2: Prepare for compaction 7.884ms
[130.984s][info][gc,phases,start] GC(206) Phase 3: Adjust pointers
[131.002s][info][gc,phases      ] GC(206) Phase 3: Adjust pointers 18.593ms
[131.002s][info][gc,phases,start] GC(206) Phase 4: Compact heap
[131.010s][info][gc,phases      ] GC(206) Phase 4: Compact heap 7.129ms
[131.026s][info][gc,heap        ] GC(206) Eden regions: 649->0(1228)
[131.026s][info][gc,heap        ] GC(206) Survivor regions: 1->0(154)
[131.026s][info][gc,heap        ] GC(206) Old regions: 17->17
[131.026s][info][gc,heap        ] GC(206) Humongous regions: 334->332
[131.026s][info][gc,metaspace   ] GC(206) Metaspace: 145978K(162140K)->145978K(162140K) NonClass: 126622K(134796K)->126622K(134796K) Class: 19355K(27344K)->19355K(27344K)
[131.026s][info][gc             ] GC(206) Pause Full (System.gc()) 3984M->1381M(8192M) 80.058ms
[131.026s][info][gc,cpu         ] GC(206) User=0.03s Sys=0.00s Real=0.08s
[131.578s][info][gc,start       ] GC(207) Pause Young (Normal) (G1 Evacuation Pause)
[131.578s][info][gc,task        ] GC(207) Using 6 workers of 6 for evacuation
[131.581s][info][gc,phases      ] GC(207)   Pre Evacuate Collection Set: 0.1ms
[131.581s][info][gc,phases      ] GC(207)   Evacuate Collection Set: 1.1ms
[131.581s][info][gc,phases      ] GC(207)   Post Evacuate Collection Set: 1.6ms
[131.581s][info][gc,phases      ] GC(207)   Other: 0.3ms
[131.582s][info][gc,heap        ] GC(207) Eden regions: 1228->0(1227)
[131.582s][info][gc,heap        ] GC(207) Survivor regions: 0->1(154)
[131.582s][info][gc,heap        ] GC(207) Old regions: 17->17
[131.582s][info][gc,heap        ] GC(207) Humongous regions: 334->332
[131.582s][info][gc,metaspace   ] GC(207) Metaspace: 145979K(162140K)->145979K(162140K) NonClass: 126623K(134796K)->126623K(134796K) Class: 19355K(27344K)->19355K(27344K)
[131.582s][info][gc             ] GC(207) Pause Young (Normal) (G1 Evacuation Pause) 6301M->1383M(8192M) 3.187ms
[131.582s][info][gc,cpu         ] GC(207) User=0.00s Sys=0.00s Real=0.02s
[132.077s][info][gc,start       ] GC(208) Pause Young (Normal) (G1 Evacuation Pause)
[132.077s][info][gc,task        ] GC(208) Using 6 workers of 6 for evacuation
[132.080s][info][gc,phases      ] GC(208)   Pre Evacuate Collection Set: 0.1ms
[132.080s][info][gc,phases      ] GC(208)   Evacuate Collection Set: 1.0ms
[132.080s][info][gc,phases      ] GC(208)   Post Evacuate Collection Set: 1.4ms
[132.080s][info][gc,phases      ] GC(208)   Other: 0.3ms
[132.080s][info][gc,heap        ] GC(208) Eden regions: 1227->0(1227)
[132.080s][info][gc,heap        ] GC(208) Survivor regions: 1->1(154)
[132.080s][info][gc,heap        ] GC(208) Old regions: 17->17
[132.080s][info][gc,heap        ] GC(208) Humongous regions: 332->332
[132.080s][info][gc,metaspace   ] GC(208) Metaspace: 145979K(162140K)->145979K(162140K) NonClass: 126623K(134796K)->126623K(134796K) Class: 19355K(27344K)->19355K(27344K)
[132.080s][info][gc             ] GC(208) Pause Young (Normal) (G1 Evacuation Pause) 6291M->1383M(8192M) 2.836ms
[132.080s][info][gc,cpu         ] GC(208) User=0.00s Sys=0.00s Real=0.00s
[132.576s][info][gc,task        ] GC(209) Using 6 workers of 6 for full compaction
[132.576s][info][gc,start       ] GC(209) Pause Full (System.gc())
[132.578s][info][gc,phases,start] GC(209) Phase 1: Mark live objects
[132.608s][info][gc,stringtable ] GC(209) Cleaned string and symbol table, strings: 41132 processed, 31 removed, symbols: 299408 processed, 0 removed
[132.608s][info][gc,phases      ] GC(209) Phase 1: Mark live objects 29.832ms
[132.608s][info][gc,phases,start] GC(209) Phase 2: Prepare for compaction
[132.616s][info][gc,phases      ] GC(209) Phase 2: Prepare for compaction 7.656ms
[132.616s][info][gc,phases,start] GC(209) Phase 3: Adjust pointers
[132.635s][info][gc,phases      ] GC(209) Phase 3: Adjust pointers 18.503ms
[132.635s][info][gc,phases,start] GC(209) Phase 4: Compact heap
[132.643s][info][gc,phases      ] GC(209) Phase 4: Compact heap 8.124ms
[132.659s][info][gc,heap        ] GC(209) Eden regions: 650->0(1228)
[132.659s][info][gc,heap        ] GC(209) Survivor regions: 1->0(154)
[132.659s][info][gc,heap        ] GC(209) Old regions: 17->17
[132.659s][info][gc,heap        ] GC(209) Humongous regions: 334->332
[132.659s][info][gc,metaspace   ] GC(209) Metaspace: 145984K(162140K)->145984K(162140K) NonClass: 126628K(134796K)->126628K(134796K) Class: 19355K(27344K)->19355K(27344K)
[132.659s][info][gc             ] GC(209) Pause Full (System.gc()) 3989M->1381M(8192M) 82.985ms
[132.660s][info][gc,cpu         ] GC(209) User=0.03s Sys=0.00s Real=0.08s
[133.200s][info][gc,start       ] GC(210) Pause Young (Normal) (G1 Evacuation Pause)
[133.200s][info][gc,task        ] GC(210) Using 6 workers of 6 for evacuation
[133.203s][info][gc,phases      ] GC(210)   Pre Evacuate Collection Set: 0.1ms
[133.203s][info][gc,phases      ] GC(210)   Evacuate Collection Set: 1.2ms
[133.203s][info][gc,phases      ] GC(210)   Post Evacuate Collection Set: 1.5ms
[133.203s][info][gc,phases      ] GC(210)   Other: 0.3ms
[133.204s][info][gc,heap        ] GC(210) Eden regions: 1228->0(1227)
[133.204s][info][gc,heap        ] GC(210) Survivor regions: 0->1(154)
[133.204s][info][gc,heap        ] GC(210) Old regions: 17->17
[133.204s][info][gc,heap        ] GC(210) Humongous regions: 334->332
[133.204s][info][gc,metaspace   ] GC(210) Metaspace: 145992K(162140K)->145992K(162140K) NonClass: 126636K(134796K)->126636K(134796K) Class: 19355K(27344K)->19355K(27344K)
[133.204s][info][gc             ] GC(210) Pause Young (Normal) (G1 Evacuation Pause) 6301M->1383M(8192M) 3.232ms
[133.204s][info][gc,cpu         ] GC(210) User=0.00s Sys=0.00s Real=0.00s
[133.700s][info][gc,start       ] GC(211) Pause Young (Normal) (G1 Evacuation Pause)
[133.700s][info][gc,task        ] GC(211) Using 6 workers of 6 for evacuation
[133.704s][info][gc,phases      ] GC(211)   Pre Evacuate Collection Set: 0.1ms
[133.704s][info][gc,phases      ] GC(211)   Evacuate Collection Set: 1.4ms
[133.704s][info][gc,phases      ] GC(211)   Post Evacuate Collection Set: 1.8ms
[133.704s][info][gc,phases      ] GC(211)   Other: 0.4ms
[133.704s][info][gc,heap        ] GC(211) Eden regions: 1227->0(1227)
[133.704s][info][gc,heap        ] GC(211) Survivor regions: 1->1(154)
[133.704s][info][gc,heap        ] GC(211) Old regions: 17->17
[133.704s][info][gc,heap        ] GC(211) Humongous regions: 332->332
[133.704s][info][gc,metaspace   ] GC(211) Metaspace: 145992K(162140K)->145992K(162140K) NonClass: 126636K(134796K)->126636K(134796K) Class: 19355K(27344K)->19355K(27344K)
[133.704s][info][gc             ] GC(211) Pause Young (Normal) (G1 Evacuation Pause) 6291M->1383M(8192M) 3.641ms
[133.704s][info][gc,cpu         ] GC(211) User=0.02s Sys=0.00s Real=0.02s
[134.198s][info][gc,task        ] GC(212) Using 6 workers of 6 for full compaction
[134.198s][info][gc,start       ] GC(212) Pause Full (System.gc())
[134.200s][info][gc,phases,start] GC(212) Phase 1: Mark live objects
[134.228s][info][gc,stringtable ] GC(212) Cleaned string and symbol table, strings: 41136 processed, 31 removed, symbols: 299408 processed, 0 removed
[134.228s][info][gc,phases      ] GC(212) Phase 1: Mark live objects 28.114ms
[134.228s][info][gc,phases,start] GC(212) Phase 2: Prepare for compaction
[134.236s][info][gc,phases      ] GC(212) Phase 2: Prepare for compaction 8.162ms
[134.236s][info][gc,phases,start] GC(212) Phase 3: Adjust pointers
[134.256s][info][gc,phases      ] GC(212) Phase 3: Adjust pointers 19.603ms
[134.256s][info][gc,phases,start] GC(212) Phase 4: Compact heap
[134.263s][info][gc,phases      ] GC(212) Phase 4: Compact heap 6.840ms
[134.279s][info][gc,heap        ] GC(212) Eden regions: 650->0(1228)
[134.279s][info][gc,heap        ] GC(212) Survivor regions: 1->0(154)
[134.279s][info][gc,heap        ] GC(212) Old regions: 17->17
[134.279s][info][gc,heap        ] GC(212) Humongous regions: 334->332
[134.279s][info][gc,metaspace   ] GC(212) Metaspace: 145993K(162140K)->145993K(162140K) NonClass: 126638K(134796K)->126638K(134796K) Class: 19355K(27344K)->19355K(27344K)
[134.279s][info][gc             ] GC(212) Pause Full (System.gc()) 3989M->1381M(8192M) 81.014ms
[134.279s][info][gc,cpu         ] GC(212) User=0.05s Sys=0.00s Real=0.08s
[134.833s][info][gc,start       ] GC(213) Pause Young (Normal) (G1 Evacuation Pause)
[134.833s][info][gc,task        ] GC(213) Using 6 workers of 6 for evacuation
[134.836s][info][gc,phases      ] GC(213)   Pre Evacuate Collection Set: 0.1ms
[134.836s][info][gc,phases      ] GC(213)   Evacuate Collection Set: 1.2ms
[134.836s][info][gc,phases      ] GC(213)   Post Evacuate Collection Set: 1.4ms
[134.836s][info][gc,phases      ] GC(213)   Other: 0.3ms
[134.836s][info][gc,heap        ] GC(213) Eden regions: 1228->0(1227)
[134.836s][info][gc,heap        ] GC(213) Survivor regions: 0->1(154)
[134.836s][info][gc,heap        ] GC(213) Old regions: 17->17
[134.836s][info][gc,heap        ] GC(213) Humongous regions: 334->332
[134.836s][info][gc,metaspace   ] GC(213) Metaspace: 146005K(162140K)->146005K(162140K) NonClass: 126649K(134796K)->126649K(134796K) Class: 19355K(27344K)->19355K(27344K)
[134.836s][info][gc             ] GC(213) Pause Young (Normal) (G1 Evacuation Pause) 6301M->1383M(8192M) 3.086ms
[134.836s][info][gc,cpu         ] GC(213) User=0.02s Sys=0.00s Real=0.02s
[135.326s][info][gc,start       ] GC(214) Pause Young (Normal) (G1 Evacuation Pause)
[135.326s][info][gc,task        ] GC(214) Using 6 workers of 6 for evacuation
[135.329s][info][gc,phases      ] GC(214)   Pre Evacuate Collection Set: 0.1ms
[135.329s][info][gc,phases      ] GC(214)   Evacuate Collection Set: 1.1ms
[135.329s][info][gc,phases      ] GC(214)   Post Evacuate Collection Set: 1.4ms
[135.329s][info][gc,phases      ] GC(214)   Other: 0.3ms
[135.329s][info][gc,heap        ] GC(214) Eden regions: 1227->0(1227)
[135.329s][info][gc,heap        ] GC(214) Survivor regions: 1->1(154)
[135.329s][info][gc,heap        ] GC(214) Old regions: 17->17
[135.329s][info][gc,heap        ] GC(214) Humongous regions: 332->332
[135.329s][info][gc,metaspace   ] GC(214) Metaspace: 146005K(162140K)->146005K(162140K) NonClass: 126649K(134796K)->126649K(134796K) Class: 19355K(27344K)->19355K(27344K)
[135.329s][info][gc             ] GC(214) Pause Young (Normal) (G1 Evacuation Pause) 6291M->1383M(8192M) 2.924ms
[135.329s][info][gc,cpu         ] GC(214) User=0.00s Sys=0.00s Real=0.00s
[135.844s][info][gc,task        ] GC(215) Using 6 workers of 6 for full compaction
[135.844s][info][gc,start       ] GC(215) Pause Full (System.gc())
[135.846s][info][gc,phases,start] GC(215) Phase 1: Mark live objects
[135.873s][info][gc,stringtable ] GC(215) Cleaned string and symbol table, strings: 41161 processed, 31 removed, symbols: 299408 processed, 0 removed
[135.873s][info][gc,phases      ] GC(215) Phase 1: Mark live objects 26.833ms
[135.873s][info][gc,phases,start] GC(215) Phase 2: Prepare for compaction
[135.881s][info][gc,phases      ] GC(215) Phase 2: Prepare for compaction 7.820ms
[135.881s][info][gc,phases,start] GC(215) Phase 3: Adjust pointers
[135.900s][info][gc,phases      ] GC(215) Phase 3: Adjust pointers 19.115ms
[135.900s][info][gc,phases,start] GC(215) Phase 4: Compact heap
[135.907s][info][gc,phases      ] GC(215) Phase 4: Compact heap 6.462ms
[135.923s][info][gc,heap        ] GC(215) Eden regions: 650->0(1228)
[135.923s][info][gc,heap        ] GC(215) Survivor regions: 1->0(154)
[135.923s][info][gc,heap        ] GC(215) Old regions: 17->16
[135.923s][info][gc,heap        ] GC(215) Humongous regions: 334->332
[135.923s][info][gc,metaspace   ] GC(215) Metaspace: 146022K(162140K)->146022K(162140K) NonClass: 126666K(134796K)->126666K(134796K) Class: 19355K(27344K)->19355K(27344K)
[135.923s][info][gc             ] GC(215) Pause Full (System.gc()) 3987M->1381M(8192M) 79.117ms
[135.923s][info][gc,cpu         ] GC(215) User=0.05s Sys=0.00s Real=0.08s
[136.509s][info][gc,start       ] GC(216) Pause Young (Normal) (G1 Evacuation Pause)
[136.509s][info][gc,task        ] GC(216) Using 6 workers of 6 for evacuation
[136.513s][info][gc,phases      ] GC(216)   Pre Evacuate Collection Set: 0.1ms
[136.513s][info][gc,phases      ] GC(216)   Evacuate Collection Set: 1.6ms
[136.513s][info][gc,phases      ] GC(216)   Post Evacuate Collection Set: 1.8ms
[136.513s][info][gc,phases      ] GC(216)   Other: 0.3ms
[136.513s][info][gc,heap        ] GC(216) Eden regions: 1228->0(1227)
[136.513s][info][gc,heap        ] GC(216) Survivor regions: 0->1(154)
[136.513s][info][gc,heap        ] GC(216) Old regions: 16->16
[136.513s][info][gc,heap        ] GC(216) Humongous regions: 334->332
[136.513s][info][gc,metaspace   ] GC(216) Metaspace: 146027K(162140K)->146027K(162140K) NonClass: 126671K(134796K)->126671K(134796K) Class: 19355K(27344K)->19355K(27344K)
[136.513s][info][gc             ] GC(216) Pause Young (Normal) (G1 Evacuation Pause) 6301M->1383M(8192M) 4.061ms
[136.513s][info][gc,cpu         ] GC(216) User=0.00s Sys=0.00s Real=0.00s
[137.012s][info][gc,start       ] GC(217) Pause Young (Normal) (G1 Evacuation Pause)
[137.012s][info][gc,task        ] GC(217) Using 6 workers of 6 for evacuation
[137.014s][info][gc,phases      ] GC(217)   Pre Evacuate Collection Set: 0.1ms
[137.014s][info][gc,phases      ] GC(217)   Evacuate Collection Set: 1.0ms
[137.014s][info][gc,phases      ] GC(217)   Post Evacuate Collection Set: 1.5ms
[137.014s][info][gc,phases      ] GC(217)   Other: 0.3ms
[137.014s][info][gc,heap        ] GC(217) Eden regions: 1227->0(1227)
[137.014s][info][gc,heap        ] GC(217) Survivor regions: 1->1(154)
[137.014s][info][gc,heap        ] GC(217) Old regions: 16->16
[137.014s][info][gc,heap        ] GC(217) Humongous regions: 332->332
[137.014s][info][gc,metaspace   ] GC(217) Metaspace: 146027K(162140K)->146027K(162140K) NonClass: 126671K(134796K)->126671K(134796K) Class: 19355K(27344K)->19355K(27344K)
[137.014s][info][gc             ] GC(217) Pause Young (Normal) (G1 Evacuation Pause) 6291M->1383M(8192M) 2.949ms
[137.015s][info][gc,cpu         ] GC(217) User=0.02s Sys=0.00s Real=0.00s
[137.445s][info][gc,task        ] GC(218) Using 6 workers of 6 for full compaction
[137.446s][info][gc,start       ] GC(218) Pause Full (System.gc())
[137.448s][info][gc,phases,start] GC(218) Phase 1: Mark live objects
[137.475s][info][gc,stringtable ] GC(218) Cleaned string and symbol table, strings: 41161 processed, 31 removed, symbols: 299408 processed, 0 removed
[137.475s][info][gc,phases      ] GC(218) Phase 1: Mark live objects 27.335ms
[137.475s][info][gc,phases,start] GC(218) Phase 2: Prepare for compaction
[137.483s][info][gc,phases      ] GC(218) Phase 2: Prepare for compaction 8.006ms
[137.483s][info][gc,phases,start] GC(218) Phase 3: Adjust pointers
[137.502s][info][gc,phases      ] GC(218) Phase 3: Adjust pointers 18.936ms
[137.502s][info][gc,phases,start] GC(218) Phase 4: Compact heap
[137.508s][info][gc,phases      ] GC(218) Phase 4: Compact heap 6.479ms
[137.525s][info][gc,heap        ] GC(218) Eden regions: 649->0(1228)
[137.525s][info][gc,heap        ] GC(218) Survivor regions: 1->0(154)
[137.525s][info][gc,heap        ] GC(218) Old regions: 16->17
[137.525s][info][gc,heap        ] GC(218) Humongous regions: 334->332
[137.525s][info][gc,metaspace   ] GC(218) Metaspace: 146037K(162140K)->146037K(162140K) NonClass: 126681K(134796K)->126681K(134796K) Class: 19355K(27344K)->19355K(27344K)
[137.525s][info][gc             ] GC(218) Pause Full (System.gc()) 3984M->1381M(8192M) 79.276ms
[137.525s][info][gc,cpu         ] GC(218) User=0.06s Sys=0.00s Real=0.08s
[138.077s][info][gc,start       ] GC(219) Pause Young (Normal) (G1 Evacuation Pause)
[138.077s][info][gc,task        ] GC(219) Using 6 workers of 6 for evacuation
[138.080s][info][gc,phases      ] GC(219)   Pre Evacuate Collection Set: 0.1ms
[138.080s][info][gc,phases      ] GC(219)   Evacuate Collection Set: 1.2ms
[138.080s][info][gc,phases      ] GC(219)   Post Evacuate Collection Set: 1.5ms
[138.080s][info][gc,phases      ] GC(219)   Other: 0.3ms
[138.080s][info][gc,heap        ] GC(219) Eden regions: 1228->0(1227)
[138.080s][info][gc,heap        ] GC(219) Survivor regions: 0->1(154)
[138.080s][info][gc,heap        ] GC(219) Old regions: 17->17
[138.080s][info][gc,heap        ] GC(219) Humongous regions: 334->332
[138.080s][info][gc,metaspace   ] GC(219) Metaspace: 146227K(162396K)->146227K(162396K) NonClass: 126871K(135052K)->126871K(135052K) Class: 19355K(27344K)->19355K(27344K)
[138.080s][info][gc             ] GC(219) Pause Young (Normal) (G1 Evacuation Pause) 6301M->1383M(8192M) 3.168ms
[138.080s][info][gc,cpu         ] GC(219) User=0.00s Sys=0.00s Real=0.01s
[138.569s][info][gc,start       ] GC(220) Pause Young (Normal) (G1 Evacuation Pause)
[138.569s][info][gc,task        ] GC(220) Using 6 workers of 6 for evacuation
[138.572s][info][gc,phases      ] GC(220)   Pre Evacuate Collection Set: 0.1ms
[138.572s][info][gc,phases      ] GC(220)   Evacuate Collection Set: 1.1ms
[138.572s][info][gc,phases      ] GC(220)   Post Evacuate Collection Set: 1.5ms
[138.572s][info][gc,phases      ] GC(220)   Other: 0.3ms
[138.572s][info][gc,heap        ] GC(220) Eden regions: 1227->0(1227)
[138.572s][info][gc,heap        ] GC(220) Survivor regions: 1->1(154)
[138.572s][info][gc,heap        ] GC(220) Old regions: 17->17
[138.572s][info][gc,heap        ] GC(220) Humongous regions: 332->332
[138.572s][info][gc,metaspace   ] GC(220) Metaspace: 146227K(162396K)->146227K(162396K) NonClass: 126871K(135052K)->126871K(135052K) Class: 19355K(27344K)->19355K(27344K)
[138.572s][info][gc             ] GC(220) Pause Young (Normal) (G1 Evacuation Pause) 6291M->1383M(8192M) 3.065ms
[138.572s][info][gc,cpu         ] GC(220) User=0.02s Sys=0.00s Real=0.02s
[139.083s][info][gc,task        ] GC(221) Using 6 workers of 6 for full compaction
[139.083s][info][gc,start       ] GC(221) Pause Full (System.gc())
[139.085s][info][gc,phases,start] GC(221) Phase 1: Mark live objects
[139.112s][info][gc,stringtable ] GC(221) Cleaned string and symbol table, strings: 41218 processed, 31 removed, symbols: 299408 processed, 0 removed
[139.112s][info][gc,phases      ] GC(221) Phase 1: Mark live objects 27.736ms
[139.112s][info][gc,phases,start] GC(221) Phase 2: Prepare for compaction
[139.121s][info][gc,phases      ] GC(221) Phase 2: Prepare for compaction 8.603ms
[139.121s][info][gc,phases,start] GC(221) Phase 3: Adjust pointers
[139.140s][info][gc,phases      ] GC(221) Phase 3: Adjust pointers 19.193ms
[139.140s][info][gc,phases,start] GC(221) Phase 4: Compact heap
[139.147s][info][gc,phases      ] GC(221) Phase 4: Compact heap 6.384ms
[139.163s][info][gc,heap        ] GC(221) Eden regions: 650->0(1228)
[139.163s][info][gc,heap        ] GC(221) Survivor regions: 1->0(154)
[139.163s][info][gc,heap        ] GC(221) Old regions: 17->17
[139.163s][info][gc,heap        ] GC(221) Humongous regions: 334->332
[139.163s][info][gc,metaspace   ] GC(221) Metaspace: 146329K(162396K)->146329K(162396K) NonClass: 126974K(135052K)->126974K(135052K) Class: 19355K(27344K)->19355K(27344K)
[139.163s][info][gc             ] GC(221) Pause Full (System.gc()) 3989M->1381M(8192M) 80.575ms
[139.164s][info][gc,cpu         ] GC(221) User=0.05s Sys=0.00s Real=0.07s
[139.744s][info][gc,start       ] GC(222) Pause Young (Normal) (G1 Evacuation Pause)
[139.744s][info][gc,task        ] GC(222) Using 6 workers of 6 for evacuation
[139.747s][info][gc,phases      ] GC(222)   Pre Evacuate Collection Set: 0.1ms
[139.747s][info][gc,phases      ] GC(222)   Evacuate Collection Set: 1.3ms
[139.747s][info][gc,phases      ] GC(222)   Post Evacuate Collection Set: 1.4ms
[139.747s][info][gc,phases      ] GC(222)   Other: 0.3ms
[139.747s][info][gc,heap        ] GC(222) Eden regions: 1228->0(1227)
[139.747s][info][gc,heap        ] GC(222) Survivor regions: 0->1(154)
[139.747s][info][gc,heap        ] GC(222) Old regions: 17->17
[139.747s][info][gc,heap        ] GC(222) Humongous regions: 334->332
[139.747s][info][gc,metaspace   ] GC(222) Metaspace: 146356K(162396K)->146356K(162396K) NonClass: 127001K(135052K)->127001K(135052K) Class: 19355K(27344K)->19355K(27344K)
[139.747s][info][gc             ] GC(222) Pause Young (Normal) (G1 Evacuation Pause) 6301M->1383M(8192M) 3.125ms
[139.747s][info][gc,cpu         ] GC(222) User=0.00s Sys=0.00s Real=0.00s
[140.238s][info][gc,start       ] GC(223) Pause Young (Normal) (G1 Evacuation Pause)
[140.238s][info][gc,task        ] GC(223) Using 6 workers of 6 for evacuation
[140.240s][info][gc,phases      ] GC(223)   Pre Evacuate Collection Set: 0.1ms
[140.240s][info][gc,phases      ] GC(223)   Evacuate Collection Set: 1.0ms
[140.240s][info][gc,phases      ] GC(223)   Post Evacuate Collection Set: 1.4ms
[140.240s][info][gc,phases      ] GC(223)   Other: 0.3ms
[140.240s][info][gc,heap        ] GC(223) Eden regions: 1227->0(1227)
[140.241s][info][gc,heap        ] GC(223) Survivor regions: 1->1(154)
[140.241s][info][gc,heap        ] GC(223) Old regions: 17->17
[140.241s][info][gc,heap        ] GC(223) Humongous regions: 332->332
[140.241s][info][gc,metaspace   ] GC(223) Metaspace: 146356K(162396K)->146356K(162396K) NonClass: 127001K(135052K)->127001K(135052K) Class: 19355K(27344K)->19355K(27344K)
[140.241s][info][gc             ] GC(223) Pause Young (Normal) (G1 Evacuation Pause) 6291M->1383M(8192M) 2.871ms
[140.241s][info][gc,cpu         ] GC(223) User=0.00s Sys=0.00s Real=0.00s
[140.695s][info][gc,task        ] GC(224) Using 6 workers of 6 for full compaction
[140.695s][info][gc,start       ] GC(224) Pause Full (System.gc())
[140.698s][info][gc,phases,start] GC(224) Phase 1: Mark live objects
[140.725s][info][gc,stringtable ] GC(224) Cleaned string and symbol table, strings: 41218 processed, 31 removed, symbols: 299408 processed, 0 removed
[140.725s][info][gc,phases      ] GC(224) Phase 1: Mark live objects 27.172ms
[140.725s][info][gc,phases,start] GC(224) Phase 2: Prepare for compaction
[140.734s][info][gc,phases      ] GC(224) Phase 2: Prepare for compaction 8.523ms
[140.734s][info][gc,phases,start] GC(224) Phase 3: Adjust pointers
[140.753s][info][gc,phases      ] GC(224) Phase 3: Adjust pointers 18.933ms
[140.753s][info][gc,phases,start] GC(224) Phase 4: Compact heap
[140.760s][info][gc,phases      ] GC(224) Phase 4: Compact heap 6.819ms
[140.776s][info][gc,heap        ] GC(224) Eden regions: 650->0(1228)
[140.776s][info][gc,heap        ] GC(224) Survivor regions: 1->0(154)
[140.777s][info][gc,heap        ] GC(224) Old regions: 17->16
[140.777s][info][gc,heap        ] GC(224) Humongous regions: 334->332
[140.777s][info][gc,metaspace   ] GC(224) Metaspace: 146362K(162396K)->146362K(162396K) NonClass: 127006K(135052K)->127006K(135052K) Class: 19355K(27344K)->19355K(27344K)
[140.777s][info][gc             ] GC(224) Pause Full (System.gc()) 3990M->1381M(8192M) 81.374ms
[140.777s][info][gc,cpu         ] GC(224) User=0.06s Sys=0.00s Real=0.08s
[141.321s][info][gc,start       ] GC(225) Pause Young (Normal) (G1 Evacuation Pause)
[141.321s][info][gc,task        ] GC(225) Using 6 workers of 6 for evacuation
[141.324s][info][gc,phases      ] GC(225)   Pre Evacuate Collection Set: 0.1ms
[141.324s][info][gc,phases      ] GC(225)   Evacuate Collection Set: 1.2ms
[141.324s][info][gc,phases      ] GC(225)   Post Evacuate Collection Set: 1.5ms
[141.324s][info][gc,phases      ] GC(225)   Other: 0.3ms
[141.324s][info][gc,heap        ] GC(225) Eden regions: 1228->0(1227)
[141.324s][info][gc,heap        ] GC(225) Survivor regions: 0->1(154)
[141.324s][info][gc,heap        ] GC(225) Old regions: 16->16
[141.324s][info][gc,heap        ] GC(225) Humongous regions: 334->332
[141.324s][info][gc,metaspace   ] GC(225) Metaspace: 146374K(162396K)->146374K(162396K) NonClass: 127019K(135052K)->127019K(135052K) Class: 19355K(27344K)->19355K(27344K)
[141.324s][info][gc             ] GC(225) Pause Young (Normal) (G1 Evacuation Pause) 6301M->1383M(8192M) 3.138ms
[141.324s][info][gc,cpu         ] GC(225) User=0.00s Sys=0.00s Real=0.00s
[141.819s][info][gc,start       ] GC(226) Pause Young (Normal) (G1 Evacuation Pause)
[141.820s][info][gc,task        ] GC(226) Using 6 workers of 6 for evacuation
[141.822s][info][gc,phases      ] GC(226)   Pre Evacuate Collection Set: 0.1ms
[141.822s][info][gc,phases      ] GC(226)   Evacuate Collection Set: 1.0ms
[141.822s][info][gc,phases      ] GC(226)   Post Evacuate Collection Set: 1.4ms
[141.822s][info][gc,phases      ] GC(226)   Other: 0.3ms
[141.822s][info][gc,heap        ] GC(226) Eden regions: 1227->0(1227)
[141.822s][info][gc,heap        ] GC(226) Survivor regions: 1->1(154)
[141.822s][info][gc,heap        ] GC(226) Old regions: 16->16
[141.822s][info][gc,heap        ] GC(226) Humongous regions: 332->332
[141.822s][info][gc,metaspace   ] GC(226) Metaspace: 146374K(162396K)->146374K(162396K) NonClass: 127019K(135052K)->127019K(135052K) Class: 19355K(27344K)->19355K(27344K)
[141.822s][info][gc             ] GC(226) Pause Young (Normal) (G1 Evacuation Pause) 6291M->1383M(8192M) 2.897ms
[141.822s][info][gc,cpu         ] GC(226) User=0.00s Sys=0.00s Real=0.02s
[142.319s][info][gc,task        ] GC(227) Using 6 workers of 6 for full compaction
[142.319s][info][gc,start       ] GC(227) Pause Full (System.gc())
[142.321s][info][gc,phases,start] GC(227) Phase 1: Mark live objects
[142.350s][info][gc,stringtable ] GC(227) Cleaned string and symbol table, strings: 41236 processed, 31 removed, symbols: 299408 processed, 0 removed
[142.350s][info][gc,phases      ] GC(227) Phase 1: Mark live objects 28.559ms
[142.350s][info][gc,phases,start] GC(227) Phase 2: Prepare for compaction
[142.358s][info][gc,phases      ] GC(227) Phase 2: Prepare for compaction 7.846ms
[142.358s][info][gc,phases,start] GC(227) Phase 3: Adjust pointers
[142.377s][info][gc,phases      ] GC(227) Phase 3: Adjust pointers 18.953ms
[142.377s][info][gc,phases,start] GC(227) Phase 4: Compact heap
[142.383s][info][gc,phases      ] GC(227) Phase 4: Compact heap 6.152ms
[142.400s][info][gc,heap        ] GC(227) Eden regions: 648->0(1228)
[142.400s][info][gc,heap        ] GC(227) Survivor regions: 1->0(154)
[142.400s][info][gc,heap        ] GC(227) Old regions: 16->17
[142.400s][info][gc,heap        ] GC(227) Humongous regions: 334->332
[142.400s][info][gc,metaspace   ] GC(227) Metaspace: 146374K(162396K)->146374K(162396K) NonClass: 127019K(135052K)->127019K(135052K) Class: 19355K(27344K)->19355K(27344K)
[142.400s][info][gc             ] GC(227) Pause Full (System.gc()) 3983M->1381M(8192M) 80.896ms
[142.400s][info][gc,cpu         ] GC(227) User=0.06s Sys=0.00s Real=0.08s
[142.952s][info][gc,start       ] GC(228) Pause Young (Normal) (G1 Evacuation Pause)
[142.952s][info][gc,task        ] GC(228) Using 6 workers of 6 for evacuation
[142.955s][info][gc,phases      ] GC(228)   Pre Evacuate Collection Set: 0.1ms
[142.955s][info][gc,phases      ] GC(228)   Evacuate Collection Set: 1.2ms
[142.955s][info][gc,phases      ] GC(228)   Post Evacuate Collection Set: 1.6ms
[142.955s][info][gc,phases      ] GC(228)   Other: 0.3ms
[142.955s][info][gc,heap        ] GC(228) Eden regions: 1228->0(1227)
[142.955s][info][gc,heap        ] GC(228) Survivor regions: 0->1(154)
[142.955s][info][gc,heap        ] GC(228) Old regions: 17->17
[142.955s][info][gc,heap        ] GC(228) Humongous regions: 334->332
[142.955s][info][gc,metaspace   ] GC(228) Metaspace: 146381K(162396K)->146381K(162396K) NonClass: 127025K(135052K)->127025K(135052K) Class: 19355K(27344K)->19355K(27344K)
[142.955s][info][gc             ] GC(228) Pause Young (Normal) (G1 Evacuation Pause) 6301M->1383M(8192M) 3.177ms
[142.955s][info][gc,cpu         ] GC(228) User=0.02s Sys=0.00s Real=0.02s
[143.445s][info][gc,start       ] GC(229) Pause Young (Normal) (G1 Evacuation Pause)
[143.445s][info][gc,task        ] GC(229) Using 6 workers of 6 for evacuation
[143.448s][info][gc,phases      ] GC(229)   Pre Evacuate Collection Set: 0.1ms
[143.448s][info][gc,phases      ] GC(229)   Evacuate Collection Set: 1.1ms
[143.448s][info][gc,phases      ] GC(229)   Post Evacuate Collection Set: 1.3ms
[143.448s][info][gc,phases      ] GC(229)   Other: 0.3ms
[143.448s][info][gc,heap        ] GC(229) Eden regions: 1227->0(1227)
[143.448s][info][gc,heap        ] GC(229) Survivor regions: 1->1(154)
[143.448s][info][gc,heap        ] GC(229) Old regions: 17->17
[143.448s][info][gc,heap        ] GC(229) Humongous regions: 332->332
[143.448s][info][gc,metaspace   ] GC(229) Metaspace: 146381K(162396K)->146381K(162396K) NonClass: 127025K(135052K)->127025K(135052K) Class: 19355K(27344K)->19355K(27344K)
[143.448s][info][gc             ] GC(229) Pause Young (Normal) (G1 Evacuation Pause) 6291M->1383M(8192M) 2.915ms
[143.448s][info][gc,cpu         ] GC(229) User=0.00s Sys=0.00s Real=0.00s
[143.967s][info][gc,task        ] GC(230) Using 6 workers of 6 for full compaction
[143.967s][info][gc,start       ] GC(230) Pause Full (System.gc())
[143.970s][info][gc,phases,start] GC(230) Phase 1: Mark live objects
[143.999s][info][gc,stringtable ] GC(230) Cleaned string and symbol table, strings: 41236 processed, 31 removed, symbols: 299408 processed, 0 removed
[143.999s][info][gc,phases      ] GC(230) Phase 1: Mark live objects 29.306ms
[143.999s][info][gc,phases,start] GC(230) Phase 2: Prepare for compaction
[144.007s][info][gc,phases      ] GC(230) Phase 2: Prepare for compaction 7.772ms
[144.007s][info][gc,phases,start] GC(230) Phase 3: Adjust pointers
[144.025s][info][gc,phases      ] GC(230) Phase 3: Adjust pointers 18.653ms
[144.025s][info][gc,phases,start] GC(230) Phase 4: Compact heap
[144.032s][info][gc,phases      ] GC(230) Phase 4: Compact heap 6.705ms
[144.049s][info][gc,heap        ] GC(230) Eden regions: 649->0(1228)
[144.049s][info][gc,heap        ] GC(230) Survivor regions: 1->0(154)
[144.049s][info][gc,heap        ] GC(230) Old regions: 17->18
[144.049s][info][gc,heap        ] GC(230) Humongous regions: 334->332
[144.049s][info][gc,metaspace   ] GC(230) Metaspace: 146383K(162396K)->146383K(162396K) NonClass: 127027K(135052K)->127027K(135052K) Class: 19355K(27344K)->19355K(27344K)
[144.049s][info][gc             ] GC(230) Pause Full (System.gc()) 3986M->1381M(8192M) 81.525ms
[144.049s][info][gc,cpu         ] GC(230) User=0.05s Sys=0.00s Real=0.08s
[144.596s][info][gc,start       ] GC(231) Pause Young (Normal) (G1 Evacuation Pause)
[144.596s][info][gc,task        ] GC(231) Using 6 workers of 6 for evacuation
[144.599s][info][gc,phases      ] GC(231)   Pre Evacuate Collection Set: 0.1ms
[144.599s][info][gc,phases      ] GC(231)   Evacuate Collection Set: 1.2ms
[144.599s][info][gc,phases      ] GC(231)   Post Evacuate Collection Set: 1.5ms
[144.599s][info][gc,phases      ] GC(231)   Other: 0.3ms
[144.599s][info][gc,heap        ] GC(231) Eden regions: 1228->0(1227)
[144.599s][info][gc,heap        ] GC(231) Survivor regions: 0->1(154)
[144.599s][info][gc,heap        ] GC(231) Old regions: 18->18
[144.599s][info][gc,heap        ] GC(231) Humongous regions: 334->332
[144.599s][info][gc,metaspace   ] GC(231) Metaspace: 146384K(162396K)->146384K(162396K) NonClass: 127028K(135052K)->127028K(135052K) Class: 19355K(27344K)->19355K(27344K)
[144.599s][info][gc             ] GC(231) Pause Young (Normal) (G1 Evacuation Pause) 6301M->1383M(8192M) 3.122ms
[144.599s][info][gc,cpu         ] GC(231) User=0.00s Sys=0.00s Real=0.00s
[145.096s][info][gc,start       ] GC(232) Pause Young (Normal) (G1 Evacuation Pause)
[145.096s][info][gc,task        ] GC(232) Using 6 workers of 6 for evacuation
[145.098s][info][gc,phases      ] GC(232)   Pre Evacuate Collection Set: 0.1ms
[145.098s][info][gc,phases      ] GC(232)   Evacuate Collection Set: 1.0ms
[145.098s][info][gc,phases      ] GC(232)   Post Evacuate Collection Set: 1.3ms
[145.098s][info][gc,phases      ] GC(232)   Other: 0.3ms
[145.098s][info][gc,heap        ] GC(232) Eden regions: 1227->0(1227)
[145.098s][info][gc,heap        ] GC(232) Survivor regions: 1->1(154)
[145.098s][info][gc,heap        ] GC(232) Old regions: 18->18
[145.099s][info][gc,heap        ] GC(232) Humongous regions: 332->332
[145.099s][info][gc,metaspace   ] GC(232) Metaspace: 146384K(162396K)->146384K(162396K) NonClass: 127028K(135052K)->127028K(135052K) Class: 19355K(27344K)->19355K(27344K)
[145.099s][info][gc             ] GC(232) Pause Young (Normal) (G1 Evacuation Pause) 6291M->1383M(8192M) 2.749ms
[145.099s][info][gc,cpu         ] GC(232) User=0.02s Sys=0.00s Real=0.01s
[145.602s][info][gc,task        ] GC(233) Using 6 workers of 6 for full compaction
[145.602s][info][gc,start       ] GC(233) Pause Full (System.gc())
[145.605s][info][gc,phases,start] GC(233) Phase 1: Mark live objects
[145.635s][info][gc,stringtable ] GC(233) Cleaned string and symbol table, strings: 41264 processed, 31 removed, symbols: 299408 processed, 0 removed
[145.635s][info][gc,phases      ] GC(233) Phase 1: Mark live objects 30.490ms
[145.635s][info][gc,phases,start] GC(233) Phase 2: Prepare for compaction
[145.643s][info][gc,phases      ] GC(233) Phase 2: Prepare for compaction 8.090ms
[145.643s][info][gc,phases,start] GC(233) Phase 3: Adjust pointers
[145.664s][info][gc,phases      ] GC(233) Phase 3: Adjust pointers 21.055ms
[145.665s][info][gc,phases,start] GC(233) Phase 4: Compact heap
[145.671s][info][gc,phases      ] GC(233) Phase 4: Compact heap 6.193ms
[145.688s][info][gc,heap        ] GC(233) Eden regions: 649->0(1228)
[145.688s][info][gc,heap        ] GC(233) Survivor regions: 1->0(154)
[145.688s][info][gc,heap        ] GC(233) Old regions: 18->16
[145.688s][info][gc,heap        ] GC(233) Humongous regions: 334->332
[145.688s][info][gc,metaspace   ] GC(233) Metaspace: 146394K(162396K)->146394K(162396K) NonClass: 127039K(135052K)->127039K(135052K) Class: 19355K(27344K)->19355K(27344K)
[145.688s][info][gc             ] GC(233) Pause Full (System.gc()) 3987M->1381M(8192M) 85.468ms
[145.688s][info][gc,cpu         ] GC(233) User=0.05s Sys=0.00s Real=0.09s
[146.229s][info][gc,start       ] GC(234) Pause Young (Normal) (G1 Evacuation Pause)
[146.229s][info][gc,task        ] GC(234) Using 6 workers of 6 for evacuation
[146.232s][info][gc,phases      ] GC(234)   Pre Evacuate Collection Set: 0.1ms
[146.232s][info][gc,phases      ] GC(234)   Evacuate Collection Set: 1.2ms
[146.232s][info][gc,phases      ] GC(234)   Post Evacuate Collection Set: 1.4ms
[146.232s][info][gc,phases      ] GC(234)   Other: 0.3ms
[146.232s][info][gc,heap        ] GC(234) Eden regions: 1228->0(1227)
[146.232s][info][gc,heap        ] GC(234) Survivor regions: 0->1(154)
[146.232s][info][gc,heap        ] GC(234) Old regions: 16->16
[146.232s][info][gc,heap        ] GC(234) Humongous regions: 334->332
[146.232s][info][gc,metaspace   ] GC(234) Metaspace: 146397K(162396K)->146397K(162396K) NonClass: 127041K(135052K)->127041K(135052K) Class: 19355K(27344K)->19355K(27344K)
[146.232s][info][gc             ] GC(234) Pause Young (Normal) (G1 Evacuation Pause) 6301M->1383M(8192M) 3.112ms
[146.232s][info][gc,cpu         ] GC(234) User=0.00s Sys=0.00s Real=0.00s
[146.729s][info][gc,start       ] GC(235) Pause Young (Normal) (G1 Evacuation Pause)
[146.729s][info][gc,task        ] GC(235) Using 6 workers of 6 for evacuation
[146.732s][info][gc,phases      ] GC(235)   Pre Evacuate Collection Set: 0.1ms
[146.732s][info][gc,phases      ] GC(235)   Evacuate Collection Set: 1.0ms
[146.732s][info][gc,phases      ] GC(235)   Post Evacuate Collection Set: 1.4ms
[146.732s][info][gc,phases      ] GC(235)   Other: 0.3ms
[146.732s][info][gc,heap        ] GC(235) Eden regions: 1227->0(1227)
[146.732s][info][gc,heap        ] GC(235) Survivor regions: 1->1(154)
[146.732s][info][gc,heap        ] GC(235) Old regions: 16->16
[146.732s][info][gc,heap        ] GC(235) Humongous regions: 332->332
[146.732s][info][gc,metaspace   ] GC(235) Metaspace: 146397K(162396K)->146397K(162396K) NonClass: 127041K(135052K)->127041K(135052K) Class: 19355K(27344K)->19355K(27344K)
[146.732s][info][gc             ] GC(235) Pause Young (Normal) (G1 Evacuation Pause) 6291M->1383M(8192M) 2.819ms
[146.732s][info][gc,cpu         ] GC(235) User=0.00s Sys=0.00s Real=0.00s
[147.236s][info][gc,task        ] GC(236) Using 6 workers of 6 for full compaction
[147.236s][info][gc,start       ] GC(236) Pause Full (System.gc())
[147.238s][info][gc,phases,start] GC(236) Phase 1: Mark live objects
[147.265s][info][gc,stringtable ] GC(236) Cleaned string and symbol table, strings: 41276 processed, 31 removed, symbols: 299408 processed, 0 removed
[147.265s][info][gc,phases      ] GC(236) Phase 1: Mark live objects 27.135ms
[147.265s][info][gc,phases,start] GC(236) Phase 2: Prepare for compaction
[147.273s][info][gc,phases      ] GC(236) Phase 2: Prepare for compaction 7.747ms
[147.273s][info][gc,phases,start] GC(236) Phase 3: Adjust pointers
[147.292s][info][gc,phases      ] GC(236) Phase 3: Adjust pointers 19.169ms
[147.292s][info][gc,phases,start] GC(236) Phase 4: Compact heap
[147.298s][info][gc,phases      ] GC(236) Phase 4: Compact heap 5.886ms
[147.314s][info][gc,heap        ] GC(236) Eden regions: 650->0(1228)
[147.314s][info][gc,heap        ] GC(236) Survivor regions: 1->0(154)
[147.314s][info][gc,heap        ] GC(236) Old regions: 16->18
[147.314s][info][gc,heap        ] GC(236) Humongous regions: 334->332
[147.314s][info][gc,metaspace   ] GC(236) Metaspace: 146399K(162396K)->146399K(162396K) NonClass: 127043K(135052K)->127043K(135052K) Class: 19355K(27344K)->19355K(27344K)
[147.314s][info][gc             ] GC(236) Pause Full (System.gc()) 3990M->1381M(8192M) 78.128ms
[147.315s][info][gc,cpu         ] GC(236) User=0.05s Sys=0.00s Real=0.08s
[147.862s][info][gc,start       ] GC(237) Pause Young (Normal) (G1 Evacuation Pause)
[147.862s][info][gc,task        ] GC(237) Using 6 workers of 6 for evacuation
[147.865s][info][gc,phases      ] GC(237)   Pre Evacuate Collection Set: 0.1ms
[147.865s][info][gc,phases      ] GC(237)   Evacuate Collection Set: 1.2ms
[147.865s][info][gc,phases      ] GC(237)   Post Evacuate Collection Set: 1.4ms
[147.865s][info][gc,phases      ] GC(237)   Other: 0.3ms
[147.865s][info][gc,heap        ] GC(237) Eden regions: 1228->0(1227)
[147.865s][info][gc,heap        ] GC(237) Survivor regions: 0->1(154)
[147.865s][info][gc,heap        ] GC(237) Old regions: 18->18
[147.865s][info][gc,heap        ] GC(237) Humongous regions: 334->332
[147.865s][info][gc,metaspace   ] GC(237) Metaspace: 146411K(162396K)->146411K(162396K) NonClass: 127055K(135052K)->127055K(135052K) Class: 19355K(27344K)->19355K(27344K)
[147.865s][info][gc             ] GC(237) Pause Young (Normal) (G1 Evacuation Pause) 6301M->1383M(8192M) 3.091ms
[147.865s][info][gc,cpu         ] GC(237) User=0.00s Sys=0.00s Real=0.00s
[148.361s][info][gc,start       ] GC(238) Pause Young (Normal) (G1 Evacuation Pause)
[148.361s][info][gc,task        ] GC(238) Using 6 workers of 6 for evacuation
[148.364s][info][gc,phases      ] GC(238)   Pre Evacuate Collection Set: 0.1ms
[148.364s][info][gc,phases      ] GC(238)   Evacuate Collection Set: 1.0ms
[148.364s][info][gc,phases      ] GC(238)   Post Evacuate Collection Set: 1.6ms
[148.364s][info][gc,phases      ] GC(238)   Other: 0.3ms
[148.364s][info][gc,heap        ] GC(238) Eden regions: 1227->0(1227)
[148.364s][info][gc,heap        ] GC(238) Survivor regions: 1->1(154)
[148.364s][info][gc,heap        ] GC(238) Old regions: 18->18
[148.364s][info][gc,heap        ] GC(238) Humongous regions: 332->332
[148.364s][info][gc,metaspace   ] GC(238) Metaspace: 146411K(162396K)->146411K(162396K) NonClass: 127055K(135052K)->127055K(135052K) Class: 19355K(27344K)->19355K(27344K)
[148.364s][info][gc             ] GC(238) Pause Young (Normal) (G1 Evacuation Pause) 6291M->1383M(8192M) 3.025ms
[148.364s][info][gc,cpu         ] GC(238) User=0.00s Sys=0.00s Real=0.00s
[148.866s][info][gc,task        ] GC(239) Using 6 workers of 6 for full compaction
[148.866s][info][gc,start       ] GC(239) Pause Full (System.gc())
[148.868s][info][gc,phases,start] GC(239) Phase 1: Mark live objects
[148.897s][info][gc,stringtable ] GC(239) Cleaned string and symbol table, strings: 41287 processed, 31 removed, symbols: 299408 processed, 0 removed
[148.897s][info][gc,phases      ] GC(239) Phase 1: Mark live objects 28.982ms
[148.897s][info][gc,phases,start] GC(239) Phase 2: Prepare for compaction
[148.905s][info][gc,phases      ] GC(239) Phase 2: Prepare for compaction 7.869ms
[148.905s][info][gc,phases,start] GC(239) Phase 3: Adjust pointers
[148.924s][info][gc,phases      ] GC(239) Phase 3: Adjust pointers 18.616ms
[148.924s][info][gc,phases,start] GC(239) Phase 4: Compact heap
[148.931s][info][gc,phases      ] GC(239) Phase 4: Compact heap 6.676ms
[148.947s][info][gc,heap        ] GC(239) Eden regions: 650->0(1228)
[148.947s][info][gc,heap        ] GC(239) Survivor regions: 1->0(154)
[148.947s][info][gc,heap        ] GC(239) Old regions: 18->18
[148.947s][info][gc,heap        ] GC(239) Humongous regions: 334->332
[148.947s][info][gc,metaspace   ] GC(239) Metaspace: 146414K(162396K)->146414K(162396K) NonClass: 127058K(135052K)->127058K(135052K) Class: 19355K(27344K)->19355K(27344K)
[148.947s][info][gc             ] GC(239) Pause Full (System.gc()) 3990M->1381M(8192M) 80.786ms
[148.947s][info][gc,cpu         ] GC(239) User=0.05s Sys=0.00s Real=0.08s
[149.487s][info][gc,start       ] GC(240) Pause Young (Normal) (G1 Evacuation Pause)
[149.487s][info][gc,task        ] GC(240) Using 6 workers of 6 for evacuation
[149.490s][info][gc,phases      ] GC(240)   Pre Evacuate Collection Set: 0.1ms
[149.490s][info][gc,phases      ] GC(240)   Evacuate Collection Set: 1.3ms
[149.490s][info][gc,phases      ] GC(240)   Post Evacuate Collection Set: 1.5ms
[149.490s][info][gc,phases      ] GC(240)   Other: 0.3ms
[149.490s][info][gc,heap        ] GC(240) Eden regions: 1228->0(1227)
[149.490s][info][gc,heap        ] GC(240) Survivor regions: 0->1(154)
[149.490s][info][gc,heap        ] GC(240) Old regions: 18->18
[149.490s][info][gc,heap        ] GC(240) Humongous regions: 334->332
[149.490s][info][gc,metaspace   ] GC(240) Metaspace: 146414K(162396K)->146414K(162396K) NonClass: 127058K(135052K)->127058K(135052K) Class: 19355K(27344K)->19355K(27344K)
[149.490s][info][gc             ] GC(240) Pause Young (Normal) (G1 Evacuation Pause) 6301M->1383M(8192M) 3.278ms
[149.491s][info][gc,cpu         ] GC(240) User=0.00s Sys=0.00s Real=0.01s
[149.986s][info][gc,start       ] GC(241) Pause Young (Normal) (G1 Evacuation Pause)
[149.986s][info][gc,task        ] GC(241) Using 6 workers of 6 for evacuation
[149.988s][info][gc,phases      ] GC(241)   Pre Evacuate Collection Set: 0.1ms
[149.988s][info][gc,phases      ] GC(241)   Evacuate Collection Set: 1.0ms
[149.988s][info][gc,phases      ] GC(241)   Post Evacuate Collection Set: 1.4ms
[149.988s][info][gc,phases      ] GC(241)   Other: 0.3ms
[149.988s][info][gc,heap        ] GC(241) Eden regions: 1227->0(1227)
[149.988s][info][gc,heap        ] GC(241) Survivor regions: 1->1(154)
[149.988s][info][gc,heap        ] GC(241) Old regions: 18->18
[149.988s][info][gc,heap        ] GC(241) Humongous regions: 332->332
[149.988s][info][gc,metaspace   ] GC(241) Metaspace: 146414K(162396K)->146414K(162396K) NonClass: 127059K(135052K)->127059K(135052K) Class: 19355K(27344K)->19355K(27344K)
[149.988s][info][gc             ] GC(241) Pause Young (Normal) (G1 Evacuation Pause) 6291M->1383M(8192M) 2.843ms
[149.989s][info][gc,cpu         ] GC(241) User=0.00s Sys=0.00s Real=0.00s
[150.496s][info][gc,task        ] GC(242) Using 6 workers of 6 for full compaction
[150.496s][info][gc,start       ] GC(242) Pause Full (System.gc())
[150.498s][info][gc,phases,start] GC(242) Phase 1: Mark live objects
[150.526s][info][gc,stringtable ] GC(242) Cleaned string and symbol table, strings: 41287 processed, 31 removed, symbols: 299408 processed, 0 removed
[150.526s][info][gc,phases      ] GC(242) Phase 1: Mark live objects 28.367ms
[150.526s][info][gc,phases,start] GC(242) Phase 2: Prepare for compaction
[150.534s][info][gc,phases      ] GC(242) Phase 2: Prepare for compaction 7.930ms
[150.534s][info][gc,phases,start] GC(242) Phase 3: Adjust pointers
[150.553s][info][gc,phases      ] GC(242) Phase 3: Adjust pointers 18.540ms
[150.553s][info][gc,phases,start] GC(242) Phase 4: Compact heap
[150.560s][info][gc,phases      ] GC(242) Phase 4: Compact heap 7.223ms
[150.576s][info][gc,heap        ] GC(242) Eden regions: 649->0(1228)
[150.576s][info][gc,heap        ] GC(242) Survivor regions: 1->0(154)
[150.576s][info][gc,heap        ] GC(242) Old regions: 18->17
[150.576s][info][gc,heap        ] GC(242) Humongous regions: 334->332
[150.576s][info][gc,metaspace   ] GC(242) Metaspace: 146414K(162396K)->146414K(162396K) NonClass: 127059K(135052K)->127059K(135052K) Class: 19355K(27344K)->19355K(27344K)
[150.576s][info][gc             ] GC(242) Pause Full (System.gc()) 3984M->1381M(8192M) 80.345ms
[150.576s][info][gc,cpu         ] GC(242) User=0.06s Sys=0.00s Real=0.08s
[151.120s][info][gc,start       ] GC(243) Pause Young (Normal) (G1 Evacuation Pause)
[151.121s][info][gc,task        ] GC(243) Using 6 workers of 6 for evacuation
[151.124s][info][gc,phases      ] GC(243)   Pre Evacuate Collection Set: 0.1ms
[151.124s][info][gc,phases      ] GC(243)   Evacuate Collection Set: 1.3ms
[151.124s][info][gc,phases      ] GC(243)   Post Evacuate Collection Set: 1.4ms
[151.124s][info][gc,phases      ] GC(243)   Other: 0.3ms
[151.124s][info][gc,heap        ] GC(243) Eden regions: 1228->0(1227)
[151.124s][info][gc,heap        ] GC(243) Survivor regions: 0->1(154)
[151.124s][info][gc,heap        ] GC(243) Old regions: 17->17
[151.124s][info][gc,heap        ] GC(243) Humongous regions: 334->332
[151.124s][info][gc,metaspace   ] GC(243) Metaspace: 146420K(162396K)->146420K(162396K) NonClass: 127064K(135052K)->127064K(135052K) Class: 19356K(27344K)->19356K(27344K)
[151.124s][info][gc             ] GC(243) Pause Young (Normal) (G1 Evacuation Pause) 6301M->1383M(8192M) 3.164ms
[151.124s][info][gc,cpu         ] GC(243) User=0.00s Sys=0.00s Real=0.01s
[151.614s][info][gc,start       ] GC(244) Pause Young (Normal) (G1 Evacuation Pause)
[151.614s][info][gc,task        ] GC(244) Using 6 workers of 6 for evacuation
[151.617s][info][gc,phases      ] GC(244)   Pre Evacuate Collection Set: 0.1ms
[151.617s][info][gc,phases      ] GC(244)   Evacuate Collection Set: 1.1ms
[151.617s][info][gc,phases      ] GC(244)   Post Evacuate Collection Set: 1.4ms
[151.617s][info][gc,phases      ] GC(244)   Other: 0.3ms
[151.617s][info][gc,heap        ] GC(244) Eden regions: 1227->0(1227)
[151.617s][info][gc,heap        ] GC(244) Survivor regions: 1->1(154)
[151.617s][info][gc,heap        ] GC(244) Old regions: 17->17
[151.617s][info][gc,heap        ] GC(244) Humongous regions: 332->332
[151.617s][info][gc,metaspace   ] GC(244) Metaspace: 146420K(162396K)->146420K(162396K) NonClass: 127064K(135052K)->127064K(135052K) Class: 19356K(27344K)->19356K(27344K)
[151.617s][info][gc             ] GC(244) Pause Young (Normal) (G1 Evacuation Pause) 6291M->1383M(8192M) 2.959ms
[151.617s][info][gc,cpu         ] GC(244) User=0.00s Sys=0.00s Real=0.00s
[152.130s][info][gc,task        ] GC(245) Using 6 workers of 6 for full compaction
[152.130s][info][gc,start       ] GC(245) Pause Full (System.gc())
[152.133s][info][gc,phases,start] GC(245) Phase 1: Mark live objects
[152.161s][info][gc,stringtable ] GC(245) Cleaned string and symbol table, strings: 41289 processed, 31 removed, symbols: 299412 processed, 0 removed
[152.161s][info][gc,phases      ] GC(245) Phase 1: Mark live objects 28.142ms
[152.161s][info][gc,phases,start] GC(245) Phase 2: Prepare for compaction
[152.169s][info][gc,phases      ] GC(245) Phase 2: Prepare for compaction 7.780ms
[152.169s][info][gc,phases,start] GC(245) Phase 3: Adjust pointers
[152.187s][info][gc,phases      ] GC(245) Phase 3: Adjust pointers 18.419ms
[152.187s][info][gc,phases,start] GC(245) Phase 4: Compact heap
[152.194s][info][gc,phases      ] GC(245) Phase 4: Compact heap 6.820ms
[152.210s][info][gc,heap        ] GC(245) Eden regions: 650->0(1228)
[152.210s][info][gc,heap        ] GC(245) Survivor regions: 1->0(154)
[152.210s][info][gc,heap        ] GC(245) Old regions: 17->17
[152.210s][info][gc,heap        ] GC(245) Humongous regions: 334->332
[152.210s][info][gc,metaspace   ] GC(245) Metaspace: 146420K(162396K)->146420K(162396K) NonClass: 127064K(135052K)->127064K(135052K) Class: 19356K(27344K)->19356K(27344K)
[152.210s][info][gc             ] GC(245) Pause Full (System.gc()) 3991M->1382M(8192M) 80.172ms
[152.210s][info][gc,cpu         ] GC(245) User=0.06s Sys=0.00s Real=0.08s
[152.757s][info][gc,start       ] GC(246) Pause Young (Normal) (G1 Evacuation Pause)
[152.757s][info][gc,task        ] GC(246) Using 6 workers of 6 for evacuation
[152.760s][info][gc,phases      ] GC(246)   Pre Evacuate Collection Set: 0.1ms
[152.760s][info][gc,phases      ] GC(246)   Evacuate Collection Set: 1.2ms
[152.760s][info][gc,phases      ] GC(246)   Post Evacuate Collection Set: 1.5ms
[152.760s][info][gc,phases      ] GC(246)   Other: 0.3ms
[152.760s][info][gc,heap        ] GC(246) Eden regions: 1228->0(1227)
[152.760s][info][gc,heap        ] GC(246) Survivor regions: 0->1(154)
[152.760s][info][gc,heap        ] GC(246) Old regions: 17->17
[152.760s][info][gc,heap        ] GC(246) Humongous regions: 334->332
[152.760s][info][gc,metaspace   ] GC(246) Metaspace: 146630K(162652K)->146630K(162652K) NonClass: 127274K(135308K)->127274K(135308K) Class: 19356K(27344K)->19356K(27344K)
[152.760s][info][gc             ] GC(246) Pause Young (Normal) (G1 Evacuation Pause) 6302M->1383M(8192M) 3.227ms
[152.760s][info][gc,cpu         ] GC(246) User=0.00s Sys=0.00s Real=0.00s
[153.252s][info][gc,start       ] GC(247) Pause Young (Normal) (G1 Evacuation Pause)
[153.252s][info][gc,task        ] GC(247) Using 6 workers of 6 for evacuation
[153.255s][info][gc,phases      ] GC(247)   Pre Evacuate Collection Set: 0.1ms
[153.255s][info][gc,phases      ] GC(247)   Evacuate Collection Set: 1.0ms
[153.255s][info][gc,phases      ] GC(247)   Post Evacuate Collection Set: 1.4ms
[153.255s][info][gc,phases      ] GC(247)   Other: 0.3ms
[153.255s][info][gc,heap        ] GC(247) Eden regions: 1227->0(1227)
[153.255s][info][gc,heap        ] GC(247) Survivor regions: 1->1(154)
[153.255s][info][gc,heap        ] GC(247) Old regions: 17->17
[153.255s][info][gc,heap        ] GC(247) Humongous regions: 332->332
[153.255s][info][gc,metaspace   ] GC(247) Metaspace: 146630K(162652K)->146630K(162652K) NonClass: 127274K(135308K)->127274K(135308K) Class: 19356K(27344K)->19356K(27344K)
[153.255s][info][gc             ] GC(247) Pause Young (Normal) (G1 Evacuation Pause) 6291M->1383M(8192M) 2.881ms
[153.255s][info][gc,cpu         ] GC(247) User=0.00s Sys=0.00s Real=0.00s
[153.769s][info][gc,task        ] GC(248) Using 6 workers of 6 for full compaction
[153.770s][info][gc,start       ] GC(248) Pause Full (System.gc())
[153.772s][info][gc,phases,start] GC(248) Phase 1: Mark live objects
[153.799s][info][gc,stringtable ] GC(248) Cleaned string and symbol table, strings: 41307 processed, 31 removed, symbols: 299412 processed, 0 removed
[153.799s][info][gc,phases      ] GC(248) Phase 1: Mark live objects 27.421ms
[153.799s][info][gc,phases,start] GC(248) Phase 2: Prepare for compaction
[153.808s][info][gc,phases      ] GC(248) Phase 2: Prepare for compaction 8.750ms
[153.808s][info][gc,phases,start] GC(248) Phase 3: Adjust pointers
[153.827s][info][gc,phases      ] GC(248) Phase 3: Adjust pointers 18.642ms
[153.827s][info][gc,phases,start] GC(248) Phase 4: Compact heap
[153.833s][info][gc,phases      ] GC(248) Phase 4: Compact heap 6.685ms
[153.849s][info][gc,heap        ] GC(248) Eden regions: 649->0(1228)
[153.849s][info][gc,heap        ] GC(248) Survivor regions: 1->0(154)
[153.849s][info][gc,heap        ] GC(248) Old regions: 17->17
[153.849s][info][gc,heap        ] GC(248) Humongous regions: 334->332
[153.849s][info][gc,metaspace   ] GC(248) Metaspace: 146644K(162652K)->146644K(162652K) NonClass: 127287K(135308K)->127287K(135308K) Class: 19356K(27344K)->19356K(27344K)
[153.850s][info][gc             ] GC(248) Pause Full (System.gc()) 3986M->1382M(8192M) 79.852ms
[153.850s][info][gc,cpu         ] GC(248) User=0.03s Sys=0.00s Real=0.08s
[154.410s][info][gc,start       ] GC(249) Pause Young (Normal) (G1 Evacuation Pause)
[154.410s][info][gc,task        ] GC(249) Using 6 workers of 6 for evacuation
[154.413s][info][gc,phases      ] GC(249)   Pre Evacuate Collection Set: 0.1ms
[154.413s][info][gc,phases      ] GC(249)   Evacuate Collection Set: 1.2ms
[154.413s][info][gc,phases      ] GC(249)   Post Evacuate Collection Set: 1.5ms
[154.413s][info][gc,phases      ] GC(249)   Other: 0.3ms
[154.413s][info][gc,heap        ] GC(249) Eden regions: 1228->0(1227)
[154.413s][info][gc,heap        ] GC(249) Survivor regions: 0->1(154)
[154.413s][info][gc,heap        ] GC(249) Old regions: 17->17
[154.413s][info][gc,heap        ] GC(249) Humongous regions: 334->332
[154.413s][info][gc,metaspace   ] GC(249) Metaspace: 146761K(162908K)->146761K(162908K) NonClass: 127404K(135564K)->127404K(135564K) Class: 19356K(27344K)->19356K(27344K)
[154.413s][info][gc             ] GC(249) Pause Young (Normal) (G1 Evacuation Pause) 6302M->1383M(8192M) 3.098ms
[154.413s][info][gc,cpu         ] GC(249) User=0.00s Sys=0.00s Real=0.00s
[154.909s][info][gc,start       ] GC(250) Pause Young (Normal) (G1 Evacuation Pause)
[154.909s][info][gc,task        ] GC(250) Using 6 workers of 6 for evacuation
[154.911s][info][gc,phases      ] GC(250)   Pre Evacuate Collection Set: 0.1ms
[154.911s][info][gc,phases      ] GC(250)   Evacuate Collection Set: 1.1ms
[154.911s][info][gc,phases      ] GC(250)   Post Evacuate Collection Set: 1.4ms
[154.911s][info][gc,phases      ] GC(250)   Other: 0.3ms
[154.911s][info][gc,heap        ] GC(250) Eden regions: 1227->0(1227)
[154.911s][info][gc,heap        ] GC(250) Survivor regions: 1->1(154)
[154.911s][info][gc,heap        ] GC(250) Old regions: 17->17
[154.911s][info][gc,heap        ] GC(250) Humongous regions: 332->332
[154.911s][info][gc,metaspace   ] GC(250) Metaspace: 146765K(162908K)->146765K(162908K) NonClass: 127409K(135564K)->127409K(135564K) Class: 19356K(27344K)->19356K(27344K)
[154.911s][info][gc             ] GC(250) Pause Young (Normal) (G1 Evacuation Pause) 6291M->1383M(8192M) 2.882ms
[154.912s][info][gc,cpu         ] GC(250) User=0.00s Sys=0.00s Real=0.00s
[155.405s][info][gc,task        ] GC(251) Using 6 workers of 6 for full compaction
[155.405s][info][gc,start       ] GC(251) Pause Full (System.gc())
[155.407s][info][gc,phases,start] GC(251) Phase 1: Mark live objects
[155.433s][info][gc,stringtable ] GC(251) Cleaned string and symbol table, strings: 41311 processed, 31 removed, symbols: 299412 processed, 0 removed
[155.433s][info][gc,phases      ] GC(251) Phase 1: Mark live objects 25.929ms
[155.433s][info][gc,phases,start] GC(251) Phase 2: Prepare for compaction
[155.441s][info][gc,phases      ] GC(251) Phase 2: Prepare for compaction 8.204ms
[155.441s][info][gc,phases,start] GC(251) Phase 3: Adjust pointers
[155.459s][info][gc,phases      ] GC(251) Phase 3: Adjust pointers 18.364ms
[155.459s][info][gc,phases,start] GC(251) Phase 4: Compact heap
[155.466s][info][gc,phases      ] GC(251) Phase 4: Compact heap 6.089ms
[155.482s][info][gc,heap        ] GC(251) Eden regions: 649->0(1228)
[155.482s][info][gc,heap        ] GC(251) Survivor regions: 1->0(154)
[155.482s][info][gc,heap        ] GC(251) Old regions: 17->18
[155.482s][info][gc,heap        ] GC(251) Humongous regions: 334->332
[155.482s][info][gc,metaspace   ] GC(251) Metaspace: 146792K(162908K)->146792K(162908K) NonClass: 127436K(135564K)->127436K(135564K) Class: 19356K(27344K)->19356K(27344K)
[155.482s][info][gc             ] GC(251) Pause Full (System.gc()) 3987M->1382M(8192M) 77.202ms
[155.482s][info][gc,cpu         ] GC(251) User=0.08s Sys=0.00s Real=0.08s
[156.033s][info][gc,start       ] GC(252) Pause Young (Normal) (G1 Evacuation Pause)
[156.033s][info][gc,task        ] GC(252) Using 6 workers of 6 for evacuation
[156.036s][info][gc,phases      ] GC(252)   Pre Evacuate Collection Set: 0.1ms
[156.036s][info][gc,phases      ] GC(252)   Evacuate Collection Set: 1.2ms
[156.036s][info][gc,phases      ] GC(252)   Post Evacuate Collection Set: 1.4ms
[156.036s][info][gc,phases      ] GC(252)   Other: 0.3ms
[156.036s][info][gc,heap        ] GC(252) Eden regions: 1228->0(1227)
[156.036s][info][gc,heap        ] GC(252) Survivor regions: 0->1(154)
[156.036s][info][gc,heap        ] GC(252) Old regions: 18->18
[156.036s][info][gc,heap        ] GC(252) Humongous regions: 334->332
[156.036s][info][gc,metaspace   ] GC(252) Metaspace: 146807K(162908K)->146807K(162908K) NonClass: 127451K(135564K)->127451K(135564K) Class: 19356K(27344K)->19356K(27344K)
[156.036s][info][gc             ] GC(252) Pause Young (Normal) (G1 Evacuation Pause) 6302M->1383M(8192M) 3.045ms
[156.036s][info][gc,cpu         ] GC(252) User=0.00s Sys=0.00s Real=0.00s
[156.527s][info][gc,start       ] GC(253) Pause Young (Normal) (G1 Evacuation Pause)
[156.527s][info][gc,task        ] GC(253) Using 6 workers of 6 for evacuation
[156.530s][info][gc,phases      ] GC(253)   Pre Evacuate Collection Set: 0.1ms
[156.530s][info][gc,phases      ] GC(253)   Evacuate Collection Set: 1.0ms
[156.530s][info][gc,phases      ] GC(253)   Post Evacuate Collection Set: 1.5ms
[156.530s][info][gc,phases      ] GC(253)   Other: 0.3ms
[156.530s][info][gc,heap        ] GC(253) Eden regions: 1227->0(1227)
[156.530s][info][gc,heap        ] GC(253) Survivor regions: 1->1(154)
[156.530s][info][gc,heap        ] GC(253) Old regions: 18->18
[156.530s][info][gc,heap        ] GC(253) Humongous regions: 332->332
[156.530s][info][gc,metaspace   ] GC(253) Metaspace: 146807K(162908K)->146807K(162908K) NonClass: 127451K(135564K)->127451K(135564K) Class: 19356K(27344K)->19356K(27344K)
[156.530s][info][gc             ] GC(253) Pause Young (Normal) (G1 Evacuation Pause) 6291M->1383M(8192M) 2.911ms
[156.530s][info][gc,cpu         ] GC(253) User=0.00s Sys=0.00s Real=0.00s
[157.038s][info][gc,task        ] GC(254) Using 6 workers of 6 for full compaction
[157.038s][info][gc,start       ] GC(254) Pause Full (System.gc())
[157.040s][info][gc,phases,start] GC(254) Phase 1: Mark live objects
[157.067s][info][gc,stringtable ] GC(254) Cleaned string and symbol table, strings: 41318 processed, 31 removed, symbols: 299412 processed, 0 removed
[157.067s][info][gc,phases      ] GC(254) Phase 1: Mark live objects 27.088ms
[157.067s][info][gc,phases,start] GC(254) Phase 2: Prepare for compaction
[157.075s][info][gc,phases      ] GC(254) Phase 2: Prepare for compaction 7.638ms
[157.075s][info][gc,phases,start] GC(254) Phase 3: Adjust pointers
[157.093s][info][gc,phases      ] GC(254) Phase 3: Adjust pointers 18.698ms
[157.094s][info][gc,phases,start] GC(254) Phase 4: Compact heap
[157.100s][info][gc,phases      ] GC(254) Phase 4: Compact heap 5.963ms
[157.116s][info][gc,heap        ] GC(254) Eden regions: 650->0(1228)
[157.116s][info][gc,heap        ] GC(254) Survivor regions: 1->0(154)
[157.116s][info][gc,heap        ] GC(254) Old regions: 18->18
[157.116s][info][gc,heap        ] GC(254) Humongous regions: 334->332
[157.116s][info][gc,metaspace   ] GC(254) Metaspace: 146807K(162908K)->146807K(162908K) NonClass: 127451K(135564K)->127451K(135564K) Class: 19356K(27344K)->19356K(27344K)
[157.116s][info][gc             ] GC(254) Pause Full (System.gc()) 3989M->1382M(8192M) 78.008ms
[157.116s][info][gc,cpu         ] GC(254) User=0.03s Sys=0.00s Real=0.08s
[157.661s][info][gc,start       ] GC(255) Pause Young (Normal) (G1 Evacuation Pause)
[157.661s][info][gc,task        ] GC(255) Using 6 workers of 6 for evacuation
[157.665s][info][gc,phases      ] GC(255)   Pre Evacuate Collection Set: 0.1ms
[157.665s][info][gc,phases      ] GC(255)   Evacuate Collection Set: 1.9ms
[157.665s][info][gc,phases      ] GC(255)   Post Evacuate Collection Set: 2.1ms
[157.665s][info][gc,phases      ] GC(255)   Other: 0.4ms
[157.665s][info][gc,heap        ] GC(255) Eden regions: 1228->0(1227)
[157.665s][info][gc,heap        ] GC(255) Survivor regions: 0->1(154)
[157.665s][info][gc,heap        ] GC(255) Old regions: 18->18
[157.665s][info][gc,heap        ] GC(255) Humongous regions: 334->332
[157.665s][info][gc,metaspace   ] GC(255) Metaspace: 146819K(162908K)->146819K(162908K) NonClass: 127463K(135564K)->127463K(135564K) Class: 19356K(27344K)->19356K(27344K)
[157.665s][info][gc             ] GC(255) Pause Young (Normal) (G1 Evacuation Pause) 6302M->1383M(8192M) 4.445ms
[157.665s][info][gc,cpu         ] GC(255) User=0.00s Sys=0.00s Real=0.00s
[158.155s][info][gc,start       ] GC(256) Pause Young (Normal) (G1 Evacuation Pause)
[158.155s][info][gc,task        ] GC(256) Using 6 workers of 6 for evacuation
[158.158s][info][gc,phases      ] GC(256)   Pre Evacuate Collection Set: 0.1ms
[158.158s][info][gc,phases      ] GC(256)   Evacuate Collection Set: 1.0ms
[158.158s][info][gc,phases      ] GC(256)   Post Evacuate Collection Set: 1.5ms
[158.158s][info][gc,phases      ] GC(256)   Other: 0.3ms
[158.158s][info][gc,heap        ] GC(256) Eden regions: 1227->0(1227)
[158.158s][info][gc,heap        ] GC(256) Survivor regions: 1->1(154)
[158.158s][info][gc,heap        ] GC(256) Old regions: 18->18
[158.158s][info][gc,heap        ] GC(256) Humongous regions: 332->332
[158.158s][info][gc,metaspace   ] GC(256) Metaspace: 146819K(162908K)->146819K(162908K) NonClass: 127463K(135564K)->127463K(135564K) Class: 19356K(27344K)->19356K(27344K)
[158.158s][info][gc             ] GC(256) Pause Young (Normal) (G1 Evacuation Pause) 6291M->1383M(8192M) 2.988ms
[158.158s][info][gc,cpu         ] GC(256) User=0.02s Sys=0.00s Real=0.02s
[158.665s][info][gc,task        ] GC(257) Using 6 workers of 6 for full compaction
[158.665s][info][gc,start       ] GC(257) Pause Full (System.gc())
[158.667s][info][gc,phases,start] GC(257) Phase 1: Mark live objects
[158.693s][info][gc,stringtable ] GC(257) Cleaned string and symbol table, strings: 41328 processed, 31 removed, symbols: 299412 processed, 0 removed
[158.694s][info][gc,phases      ] GC(257) Phase 1: Mark live objects 26.578ms
[158.694s][info][gc,phases,start] GC(257) Phase 2: Prepare for compaction
[158.702s][info][gc,phases      ] GC(257) Phase 2: Prepare for compaction 8.163ms
[158.702s][info][gc,phases,start] GC(257) Phase 3: Adjust pointers
[158.721s][info][gc,phases      ] GC(257) Phase 3: Adjust pointers 18.950ms
[158.721s][info][gc,phases,start] GC(257) Phase 4: Compact heap
[158.727s][info][gc,phases      ] GC(257) Phase 4: Compact heap 6.241ms
[158.743s][info][gc,heap        ] GC(257) Eden regions: 649->0(1228)
[158.743s][info][gc,heap        ] GC(257) Survivor regions: 1->0(154)
[158.743s][info][gc,heap        ] GC(257) Old regions: 18->17
[158.744s][info][gc,heap        ] GC(257) Humongous regions: 334->332
[158.744s][info][gc,metaspace   ] GC(257) Metaspace: 146819K(162908K)->146819K(162908K) NonClass: 127463K(135564K)->127463K(135564K) Class: 19356K(27344K)->19356K(27344K)
[158.744s][info][gc             ] GC(257) Pause Full (System.gc()) 3985M->1382M(8192M) 78.472ms
[158.744s][info][gc,cpu         ] GC(257) User=0.06s Sys=0.00s Real=0.08s
[159.300s][info][gc,start       ] GC(258) Pause Young (Normal) (G1 Evacuation Pause)
[159.300s][info][gc,task        ] GC(258) Using 6 workers of 6 for evacuation
[159.303s][info][gc,phases      ] GC(258)   Pre Evacuate Collection Set: 0.1ms
[159.303s][info][gc,phases      ] GC(258)   Evacuate Collection Set: 1.2ms
[159.303s][info][gc,phases      ] GC(258)   Post Evacuate Collection Set: 1.6ms
[159.303s][info][gc,phases      ] GC(258)   Other: 0.3ms
[159.303s][info][gc,heap        ] GC(258) Eden regions: 1228->0(1227)
[159.303s][info][gc,heap        ] GC(258) Survivor regions: 0->1(154)
[159.303s][info][gc,heap        ] GC(258) Old regions: 17->17
[159.303s][info][gc,heap        ] GC(258) Humongous regions: 334->332
[159.303s][info][gc,metaspace   ] GC(258) Metaspace: 146860K(162908K)->146860K(162908K) NonClass: 127504K(135564K)->127504K(135564K) Class: 19356K(27344K)->19356K(27344K)
[159.304s][info][gc             ] GC(258) Pause Young (Normal) (G1 Evacuation Pause) 6302M->1383M(8192M) 3.311ms
[159.304s][info][gc,cpu         ] GC(258) User=0.02s Sys=0.00s Real=0.02s
[159.799s][info][gc,start       ] GC(259) Pause Young (Normal) (G1 Evacuation Pause)
[159.799s][info][gc,task        ] GC(259) Using 6 workers of 6 for evacuation
[159.802s][info][gc,phases      ] GC(259)   Pre Evacuate Collection Set: 0.1ms
[159.802s][info][gc,phases      ] GC(259)   Evacuate Collection Set: 1.1ms
[159.802s][info][gc,phases      ] GC(259)   Post Evacuate Collection Set: 1.6ms
[159.802s][info][gc,phases      ] GC(259)   Other: 0.4ms
[159.802s][info][gc,heap        ] GC(259) Eden regions: 1227->0(1227)
[159.802s][info][gc,heap        ] GC(259) Survivor regions: 1->1(154)
[159.802s][info][gc,heap        ] GC(259) Old regions: 17->17
[159.802s][info][gc,heap        ] GC(259) Humongous regions: 332->332
[159.802s][info][gc,metaspace   ] GC(259) Metaspace: 146860K(162908K)->146860K(162908K) NonClass: 127504K(135564K)->127504K(135564K) Class: 19356K(27344K)->19356K(27344K)
[159.802s][info][gc             ] GC(259) Pause Young (Normal) (G1 Evacuation Pause) 6291M->1383M(8192M) 3.168ms
[159.802s][info][gc,cpu         ] GC(259) User=0.00s Sys=0.00s Real=0.00s
[160.281s][info][gc,task        ] GC(260) Using 6 workers of 6 for full compaction
[160.281s][info][gc,start       ] GC(260) Pause Full (System.gc())
[160.283s][info][gc,phases,start] GC(260) Phase 1: Mark live objects
[160.310s][info][gc,stringtable ] GC(260) Cleaned string and symbol table, strings: 41361 processed, 31 removed, symbols: 299413 processed, 1 removed
[160.310s][info][gc,phases      ] GC(260) Phase 1: Mark live objects 26.229ms
[160.310s][info][gc,phases,start] GC(260) Phase 2: Prepare for compaction
[160.318s][info][gc,phases      ] GC(260) Phase 2: Prepare for compaction 8.410ms
[160.318s][info][gc,phases,start] GC(260) Phase 3: Adjust pointers
[160.337s][info][gc,phases      ] GC(260) Phase 3: Adjust pointers 18.766ms
[160.337s][info][gc,phases,start] GC(260) Phase 4: Compact heap
[160.343s][info][gc,phases      ] GC(260) Phase 4: Compact heap 6.195ms
[160.360s][info][gc,heap        ] GC(260) Eden regions: 649->0(1228)
[160.360s][info][gc,heap        ] GC(260) Survivor regions: 1->0(154)
[160.360s][info][gc,heap        ] GC(260) Old regions: 17->18
[160.360s][info][gc,heap        ] GC(260) Humongous regions: 334->332
[160.360s][info][gc,metaspace   ] GC(260) Metaspace: 146891K(162908K)->146891K(162908K) NonClass: 127535K(135564K)->127535K(135564K) Class: 19356K(27344K)->19356K(27344K)
[160.360s][info][gc             ] GC(260) Pause Full (System.gc()) 3987M->1382M(8192M) 78.554ms
[160.360s][info][gc,cpu         ] GC(260) User=0.03s Sys=0.02s Real=0.08s
[160.907s][info][gc,start       ] GC(261) Pause Young (Normal) (G1 Evacuation Pause)
[160.907s][info][gc,task        ] GC(261) Using 6 workers of 6 for evacuation
[160.910s][info][gc,phases      ] GC(261)   Pre Evacuate Collection Set: 0.1ms
[160.910s][info][gc,phases      ] GC(261)   Evacuate Collection Set: 1.2ms
[160.910s][info][gc,phases      ] GC(261)   Post Evacuate Collection Set: 1.5ms
[160.910s][info][gc,phases      ] GC(261)   Other: 0.3ms
[160.910s][info][gc,heap        ] GC(261) Eden regions: 1228->0(1227)
[160.910s][info][gc,heap        ] GC(261) Survivor regions: 0->1(154)
[160.910s][info][gc,heap        ] GC(261) Old regions: 18->18
[160.910s][info][gc,heap        ] GC(261) Humongous regions: 334->332
[160.910s][info][gc,metaspace   ] GC(261) Metaspace: 146894K(162908K)->146894K(162908K) NonClass: 127538K(135564K)->127538K(135564K) Class: 19356K(27344K)->19356K(27344K)
[160.910s][info][gc             ] GC(261) Pause Young (Normal) (G1 Evacuation Pause) 6302M->1383M(8192M) 3.142ms
[160.910s][info][gc,cpu         ] GC(261) User=0.00s Sys=0.00s Real=0.00s
[161.400s][info][gc,start       ] GC(262) Pause Young (Normal) (G1 Evacuation Pause)
[161.400s][info][gc,task        ] GC(262) Using 6 workers of 6 for evacuation
[161.403s][info][gc,phases      ] GC(262)   Pre Evacuate Collection Set: 0.1ms
[161.403s][info][gc,phases      ] GC(262)   Evacuate Collection Set: 1.2ms
[161.403s][info][gc,phases      ] GC(262)   Post Evacuate Collection Set: 1.4ms
[161.403s][info][gc,phases      ] GC(262)   Other: 0.3ms
[161.403s][info][gc,heap        ] GC(262) Eden regions: 1227->0(1227)
[161.403s][info][gc,heap        ] GC(262) Survivor regions: 1->1(154)
[161.403s][info][gc,heap        ] GC(262) Old regions: 18->18
[161.403s][info][gc,heap        ] GC(262) Humongous regions: 332->332
[161.403s][info][gc,metaspace   ] GC(262) Metaspace: 146894K(162908K)->146894K(162908K) NonClass: 127538K(135564K)->127538K(135564K) Class: 19356K(27344K)->19356K(27344K)
[161.403s][info][gc             ] GC(262) Pause Young (Normal) (G1 Evacuation Pause) 6291M->1383M(8192M) 3.019ms
[161.403s][info][gc,cpu         ] GC(262) User=0.00s Sys=0.00s Real=0.00s
[161.904s][info][gc,task        ] GC(263) Using 6 workers of 6 for full compaction
[161.904s][info][gc,start       ] GC(263) Pause Full (System.gc())
[161.906s][info][gc,phases,start] GC(263) Phase 1: Mark live objects
[161.935s][info][gc,stringtable ] GC(263) Cleaned string and symbol table, strings: 41376 processed, 31 removed, symbols: 299412 processed, 0 removed
[161.935s][info][gc,phases      ] GC(263) Phase 1: Mark live objects 28.564ms
[161.935s][info][gc,phases,start] GC(263) Phase 2: Prepare for compaction
[161.943s][info][gc,phases      ] GC(263) Phase 2: Prepare for compaction 7.877ms
[161.943s][info][gc,phases,start] GC(263) Phase 3: Adjust pointers
[161.963s][info][gc,phases      ] GC(263) Phase 3: Adjust pointers 19.862ms
[161.963s][info][gc,phases,start] GC(263) Phase 4: Compact heap
[161.969s][info][gc,phases      ] GC(263) Phase 4: Compact heap 6.281ms
[161.986s][info][gc,heap        ] GC(263) Eden regions: 649->0(1228)
[161.986s][info][gc,heap        ] GC(263) Survivor regions: 1->0(154)
[161.986s][info][gc,heap        ] GC(263) Old regions: 18->18
[161.986s][info][gc,heap        ] GC(263) Humongous regions: 334->332
[161.986s][info][gc,metaspace   ] GC(263) Metaspace: 146894K(162908K)->146894K(162908K) NonClass: 127538K(135564K)->127538K(135564K) Class: 19356K(27344K)->19356K(27344K)
[161.986s][info][gc             ] GC(263) Pause Full (System.gc()) 3984M->1382M(8192M) 81.494ms
[161.986s][info][gc,cpu         ] GC(263) User=0.08s Sys=0.00s Real=0.08s
[162.540s][info][gc,start       ] GC(264) Pause Young (Normal) (G1 Evacuation Pause)
[162.540s][info][gc,task        ] GC(264) Using 6 workers of 6 for evacuation
[162.544s][info][gc,phases      ] GC(264)   Pre Evacuate Collection Set: 0.1ms
[162.544s][info][gc,phases      ] GC(264)   Evacuate Collection Set: 1.2ms
[162.544s][info][gc,phases      ] GC(264)   Post Evacuate Collection Set: 1.5ms
[162.544s][info][gc,phases      ] GC(264)   Other: 0.3ms
[162.544s][info][gc,heap        ] GC(264) Eden regions: 1228->0(1227)
[162.544s][info][gc,heap        ] GC(264) Survivor regions: 0->1(154)
[162.544s][info][gc,heap        ] GC(264) Old regions: 18->18
[162.544s][info][gc,heap        ] GC(264) Humongous regions: 334->332
[162.544s][info][gc,metaspace   ] GC(264) Metaspace: 146910K(162908K)->146910K(162908K) NonClass: 127554K(135564K)->127554K(135564K) Class: 19356K(27344K)->19356K(27344K)
[162.544s][info][gc             ] GC(264) Pause Young (Normal) (G1 Evacuation Pause) 6302M->1383M(8192M) 3.209ms
[162.544s][info][gc,cpu         ] GC(264) User=0.00s Sys=0.00s Real=0.00s
[163.039s][info][gc,start       ] GC(265) Pause Young (Normal) (G1 Evacuation Pause)
[163.039s][info][gc,task        ] GC(265) Using 6 workers of 6 for evacuation
[163.042s][info][gc,phases      ] GC(265)   Pre Evacuate Collection Set: 0.1ms
[163.042s][info][gc,phases      ] GC(265)   Evacuate Collection Set: 1.1ms
[163.042s][info][gc,phases      ] GC(265)   Post Evacuate Collection Set: 1.5ms
[163.042s][info][gc,phases      ] GC(265)   Other: 0.3ms
[163.042s][info][gc,heap        ] GC(265) Eden regions: 1227->0(1227)
[163.042s][info][gc,heap        ] GC(265) Survivor regions: 1->1(154)
[163.042s][info][gc,heap        ] GC(265) Old regions: 18->18
[163.042s][info][gc,heap        ] GC(265) Humongous regions: 332->332
[163.042s][info][gc,metaspace   ] GC(265) Metaspace: 146910K(162908K)->146910K(162908K) NonClass: 127554K(135564K)->127554K(135564K) Class: 19356K(27344K)->19356K(27344K)
[163.042s][info][gc             ] GC(265) Pause Young (Normal) (G1 Evacuation Pause) 6291M->1384M(8192M) 3.015ms
[163.042s][info][gc,cpu         ] GC(265) User=0.00s Sys=0.00s Real=0.02s
[163.527s][info][gc,task        ] GC(266) Using 6 workers of 6 for full compaction
[163.527s][info][gc,start       ] GC(266) Pause Full (System.gc())
[163.529s][info][gc,phases,start] GC(266) Phase 1: Mark live objects
[163.556s][info][gc,stringtable ] GC(266) Cleaned string and symbol table, strings: 41390 processed, 31 removed, symbols: 299412 processed, 0 removed
[163.556s][info][gc,phases      ] GC(266) Phase 1: Mark live objects 27.161ms
[163.556s][info][gc,phases,start] GC(266) Phase 2: Prepare for compaction
[163.564s][info][gc,phases      ] GC(266) Phase 2: Prepare for compaction 8.155ms
[163.564s][info][gc,phases,start] GC(266) Phase 3: Adjust pointers
[163.583s][info][gc,phases      ] GC(266) Phase 3: Adjust pointers 19.136ms
[163.583s][info][gc,phases,start] GC(266) Phase 4: Compact heap
[163.590s][info][gc,phases      ] GC(266) Phase 4: Compact heap 6.252ms
[163.607s][info][gc,heap        ] GC(266) Eden regions: 650->0(1228)
[163.607s][info][gc,heap        ] GC(266) Survivor regions: 1->0(154)
[163.607s][info][gc,heap        ] GC(266) Old regions: 18->17
[163.607s][info][gc,heap        ] GC(266) Humongous regions: 334->332
[163.607s][info][gc,metaspace   ] GC(266) Metaspace: 146910K(162908K)->146910K(162908K) NonClass: 127554K(135564K)->127554K(135564K) Class: 19356K(27344K)->19356K(27344K)
[163.607s][info][gc             ] GC(266) Pause Full (System.gc()) 3988M->1382M(8192M) 79.884ms
[163.607s][info][gc,cpu         ] GC(266) User=0.03s Sys=0.02s Real=0.10s
[164.159s][info][gc,start       ] GC(267) Pause Young (Normal) (G1 Evacuation Pause)
[164.159s][info][gc,task        ] GC(267) Using 6 workers of 6 for evacuation
[164.162s][info][gc,phases      ] GC(267)   Pre Evacuate Collection Set: 0.1ms
[164.162s][info][gc,phases      ] GC(267)   Evacuate Collection Set: 1.2ms
[164.162s][info][gc,phases      ] GC(267)   Post Evacuate Collection Set: 1.6ms
[164.162s][info][gc,phases      ] GC(267)   Other: 0.3ms
[164.162s][info][gc,heap        ] GC(267) Eden regions: 1228->0(1227)
[164.162s][info][gc,heap        ] GC(267) Survivor regions: 0->1(154)
[164.162s][info][gc,heap        ] GC(267) Old regions: 17->17
[164.162s][info][gc,heap        ] GC(267) Humongous regions: 334->332
[164.162s][info][gc,metaspace   ] GC(267) Metaspace: 146920K(162908K)->146920K(162908K) NonClass: 127564K(135564K)->127564K(135564K) Class: 19356K(27344K)->19356K(27344K)
[164.162s][info][gc             ] GC(267) Pause Young (Normal) (G1 Evacuation Pause) 6302M->1384M(8192M) 3.312ms
[164.162s][info][gc,cpu         ] GC(267) User=0.00s Sys=0.00s Real=0.00s
[164.657s][info][gc,start       ] GC(268) Pause Young (Normal) (G1 Evacuation Pause)
[164.657s][info][gc,task        ] GC(268) Using 6 workers of 6 for evacuation
[164.661s][info][gc,phases      ] GC(268)   Pre Evacuate Collection Set: 0.1ms
[164.661s][info][gc,phases      ] GC(268)   Evacuate Collection Set: 1.6ms
[164.661s][info][gc,phases      ] GC(268)   Post Evacuate Collection Set: 1.9ms
[164.661s][info][gc,phases      ] GC(268)   Other: 0.3ms
[164.661s][info][gc,heap        ] GC(268) Eden regions: 1227->0(1227)
[164.661s][info][gc,heap        ] GC(268) Survivor regions: 1->1(154)
[164.661s][info][gc,heap        ] GC(268) Old regions: 17->17
[164.661s][info][gc,heap        ] GC(268) Humongous regions: 332->332
[164.661s][info][gc,metaspace   ] GC(268) Metaspace: 146924K(162908K)->146924K(162908K) NonClass: 127568K(135564K)->127568K(135564K) Class: 19356K(27344K)->19356K(27344K)
[164.661s][info][gc             ] GC(268) Pause Young (Normal) (G1 Evacuation Pause) 6292M->1384M(8192M) 3.962ms
[164.661s][info][gc,cpu         ] GC(268) User=0.00s Sys=0.00s Real=0.01s
[165.165s][info][gc,task        ] GC(269) Using 6 workers of 6 for full compaction
[165.165s][info][gc,start       ] GC(269) Pause Full (System.gc())
[165.167s][info][gc,phases,start] GC(269) Phase 1: Mark live objects
[165.195s][info][gc,stringtable ] GC(269) Cleaned string and symbol table, strings: 41416 processed, 31 removed, symbols: 299413 processed, 0 removed
[165.195s][info][gc,phases      ] GC(269) Phase 1: Mark live objects 27.656ms
[165.195s][info][gc,phases,start] GC(269) Phase 2: Prepare for compaction
[165.202s][info][gc,phases      ] GC(269) Phase 2: Prepare for compaction 7.618ms
[165.202s][info][gc,phases,start] GC(269) Phase 3: Adjust pointers
[165.221s][info][gc,phases      ] GC(269) Phase 3: Adjust pointers 19.012ms
[165.222s][info][gc,phases,start] GC(269) Phase 4: Compact heap
[165.228s][info][gc,phases      ] GC(269) Phase 4: Compact heap 6.604ms
[165.245s][info][gc,heap        ] GC(269) Eden regions: 650->0(1228)
[165.245s][info][gc,heap        ] GC(269) Survivor regions: 1->0(154)
[165.245s][info][gc,heap        ] GC(269) Old regions: 17->17
[165.245s][info][gc,heap        ] GC(269) Humongous regions: 334->332
[165.245s][info][gc,metaspace   ] GC(269) Metaspace: 146932K(162908K)->146932K(162908K) NonClass: 127576K(135564K)->127576K(135564K) Class: 19356K(27344K)->19356K(27344K)
[165.245s][info][gc             ] GC(269) Pause Full (System.gc()) 3988M->1382M(8192M) 80.246ms
[165.246s][info][gc,cpu         ] GC(269) User=0.05s Sys=0.00s Real=0.08s
[165.792s][info][gc,start       ] GC(270) Pause Young (Normal) (G1 Evacuation Pause)
[165.792s][info][gc,task        ] GC(270) Using 6 workers of 6 for evacuation
[165.795s][info][gc,phases      ] GC(270)   Pre Evacuate Collection Set: 0.1ms
[165.795s][info][gc,phases      ] GC(270)   Evacuate Collection Set: 1.2ms
[165.795s][info][gc,phases      ] GC(270)   Post Evacuate Collection Set: 1.4ms
[165.795s][info][gc,phases      ] GC(270)   Other: 0.3ms
[165.795s][info][gc,heap        ] GC(270) Eden regions: 1228->0(1227)
[165.795s][info][gc,heap        ] GC(270) Survivor regions: 0->1(154)
[165.795s][info][gc,heap        ] GC(270) Old regions: 17->17
[165.795s][info][gc,heap        ] GC(270) Humongous regions: 334->332
[165.795s][info][gc,metaspace   ] GC(270) Metaspace: 146934K(162908K)->146934K(162908K) NonClass: 127578K(135564K)->127578K(135564K) Class: 19356K(27344K)->19356K(27344K)
[165.795s][info][gc             ] GC(270) Pause Young (Normal) (G1 Evacuation Pause) 6302M->1384M(8192M) 3.030ms
[165.795s][info][gc,cpu         ] GC(270) User=0.00s Sys=0.00s Real=0.00s
[166.286s][info][gc,start       ] GC(271) Pause Young (Normal) (G1 Evacuation Pause)
[166.286s][info][gc,task        ] GC(271) Using 6 workers of 6 for evacuation
[166.289s][info][gc,phases      ] GC(271)   Pre Evacuate Collection Set: 0.1ms
[166.289s][info][gc,phases      ] GC(271)   Evacuate Collection Set: 1.0ms
[166.289s][info][gc,phases      ] GC(271)   Post Evacuate Collection Set: 1.6ms
[166.289s][info][gc,phases      ] GC(271)   Other: 0.3ms
[166.289s][info][gc,heap        ] GC(271) Eden regions: 1227->0(1227)
[166.289s][info][gc,heap        ] GC(271) Survivor regions: 1->1(154)
[166.289s][info][gc,heap        ] GC(271) Old regions: 17->17
[166.289s][info][gc,heap        ] GC(271) Humongous regions: 332->332
[166.289s][info][gc,metaspace   ] GC(271) Metaspace: 146934K(162908K)->146934K(162908K) NonClass: 127578K(135564K)->127578K(135564K) Class: 19356K(27344K)->19356K(27344K)
[166.289s][info][gc             ] GC(271) Pause Young (Normal) (G1 Evacuation Pause) 6292M->1384M(8192M) 3.038ms
[166.289s][info][gc,cpu         ] GC(271) User=0.00s Sys=0.00s Real=0.00s
[166.798s][info][gc,task        ] GC(272) Using 6 workers of 6 for full compaction
[166.799s][info][gc,start       ] GC(272) Pause Full (System.gc())
[166.801s][info][gc,phases,start] GC(272) Phase 1: Mark live objects
[166.830s][info][gc,stringtable ] GC(272) Cleaned string and symbol table, strings: 41422 processed, 31 removed, symbols: 299413 processed, 0 removed
[166.830s][info][gc,phases      ] GC(272) Phase 1: Mark live objects 28.660ms
[166.830s][info][gc,phases,start] GC(272) Phase 2: Prepare for compaction
[166.837s][info][gc,phases      ] GC(272) Phase 2: Prepare for compaction 7.633ms
[166.837s][info][gc,phases,start] GC(272) Phase 3: Adjust pointers
[166.856s][info][gc,phases      ] GC(272) Phase 3: Adjust pointers 18.937ms
[166.856s][info][gc,phases,start] GC(272) Phase 4: Compact heap
[166.862s][info][gc,phases      ] GC(272) Phase 4: Compact heap 6.083ms
[166.879s][info][gc,heap        ] GC(272) Eden regions: 650->0(1228)
[166.879s][info][gc,heap        ] GC(272) Survivor regions: 1->0(154)
[166.879s][info][gc,heap        ] GC(272) Old regions: 17->17
[166.879s][info][gc,heap        ] GC(272) Humongous regions: 334->332
[166.879s][info][gc,metaspace   ] GC(272) Metaspace: 146939K(162908K)->146939K(162908K) NonClass: 127583K(135564K)->127583K(135564K) Class: 19356K(27344K)->19356K(27344K)
[166.879s][info][gc             ] GC(272) Pause Full (System.gc()) 3988M->1382M(8192M) 80.659ms
[166.879s][info][gc,cpu         ] GC(272) User=0.03s Sys=0.00s Real=0.08s
[167.422s][info][gc,start       ] GC(273) Pause Young (Normal) (G1 Evacuation Pause)
[167.422s][info][gc,task        ] GC(273) Using 6 workers of 6 for evacuation
[167.425s][info][gc,phases      ] GC(273)   Pre Evacuate Collection Set: 0.1ms
[167.426s][info][gc,phases      ] GC(273)   Evacuate Collection Set: 1.3ms
[167.426s][info][gc,phases      ] GC(273)   Post Evacuate Collection Set: 1.8ms
[167.426s][info][gc,phases      ] GC(273)   Other: 0.3ms
[167.426s][info][gc,heap        ] GC(273) Eden regions: 1228->0(1227)
[167.426s][info][gc,heap        ] GC(273) Survivor regions: 0->1(154)
[167.426s][info][gc,heap        ] GC(273) Old regions: 17->17
[167.426s][info][gc,heap        ] GC(273) Humongous regions: 334->332
[167.426s][info][gc,metaspace   ] GC(273) Metaspace: 146944K(162908K)->146944K(162908K) NonClass: 127587K(135564K)->127587K(135564K) Class: 19356K(27344K)->19356K(27344K)
[167.426s][info][gc             ] GC(273) Pause Young (Normal) (G1 Evacuation Pause) 6302M->1384M(8192M) 4.241ms
[167.426s][info][gc,cpu         ] GC(273) User=0.02s Sys=0.00s Real=0.02s
[167.922s][info][gc,start       ] GC(274) Pause Young (Normal) (G1 Evacuation Pause)
[167.922s][info][gc,task        ] GC(274) Using 6 workers of 6 for evacuation
[167.925s][info][gc,phases      ] GC(274)   Pre Evacuate Collection Set: 0.1ms
[167.925s][info][gc,phases      ] GC(274)   Evacuate Collection Set: 1.1ms
[167.925s][info][gc,phases      ] GC(274)   Post Evacuate Collection Set: 1.3ms
[167.925s][info][gc,phases      ] GC(274)   Other: 0.3ms
[167.925s][info][gc,heap        ] GC(274) Eden regions: 1227->0(1227)
[167.925s][info][gc,heap        ] GC(274) Survivor regions: 1->1(154)
[167.925s][info][gc,heap        ] GC(274) Old regions: 17->17
[167.925s][info][gc,heap        ] GC(274) Humongous regions: 332->332
[167.925s][info][gc,metaspace   ] GC(274) Metaspace: 146944K(162908K)->146944K(162908K) NonClass: 127587K(135564K)->127587K(135564K) Class: 19356K(27344K)->19356K(27344K)
[167.925s][info][gc             ] GC(274) Pause Young (Normal) (G1 Evacuation Pause) 6292M->1384M(8192M) 2.906ms
[167.925s][info][gc,cpu         ] GC(274) User=0.00s Sys=0.00s Real=0.00s
[168.430s][info][gc,task        ] GC(275) Using 6 workers of 6 for full compaction
[168.430s][info][gc,start       ] GC(275) Pause Full (System.gc())
[168.433s][info][gc,phases,start] GC(275) Phase 1: Mark live objects
[168.462s][info][gc,stringtable ] GC(275) Cleaned string and symbol table, strings: 41430 processed, 31 removed, symbols: 299415 processed, 0 removed
[168.463s][info][gc,phases      ] GC(275) Phase 1: Mark live objects 29.858ms
[168.463s][info][gc,phases,start] GC(275) Phase 2: Prepare for compaction
[168.471s][info][gc,phases      ] GC(275) Phase 2: Prepare for compaction 8.797ms
[168.471s][info][gc,phases,start] GC(275) Phase 3: Adjust pointers
[168.491s][info][gc,phases      ] GC(275) Phase 3: Adjust pointers 19.219ms
[168.491s][info][gc,phases,start] GC(275) Phase 4: Compact heap
[168.497s][info][gc,phases      ] GC(275) Phase 4: Compact heap 6.786ms
[168.514s][info][gc,heap        ] GC(275) Eden regions: 649->0(1228)
[168.514s][info][gc,heap        ] GC(275) Survivor regions: 1->0(154)
[168.514s][info][gc,heap        ] GC(275) Old regions: 17->16
[168.514s][info][gc,heap        ] GC(275) Humongous regions: 334->332
[168.514s][info][gc,metaspace   ] GC(275) Metaspace: 146944K(162908K)->146944K(162908K) NonClass: 127587K(135564K)->127587K(135564K) Class: 19356K(27344K)->19356K(27344K)
[168.514s][info][gc             ] GC(275) Pause Full (System.gc()) 3987M->1382M(8192M) 83.923ms
[168.514s][info][gc,cpu         ] GC(275) User=0.08s Sys=0.00s Real=0.08s
[169.062s][info][gc,start       ] GC(276) Pause Young (Normal) (G1 Evacuation Pause)
[169.063s][info][gc,task        ] GC(276) Using 6 workers of 6 for evacuation
[169.065s][info][gc,phases      ] GC(276)   Pre Evacuate Collection Set: 0.1ms
[169.065s][info][gc,phases      ] GC(276)   Evacuate Collection Set: 1.2ms
[169.065s][info][gc,phases      ] GC(276)   Post Evacuate Collection Set: 1.4ms
[169.065s][info][gc,phases      ] GC(276)   Other: 0.3ms
[169.065s][info][gc,heap        ] GC(276) Eden regions: 1228->0(1227)
[169.065s][info][gc,heap        ] GC(276) Survivor regions: 0->1(154)
[169.065s][info][gc,heap        ] GC(276) Old regions: 16->16
[169.065s][info][gc,heap        ] GC(276) Humongous regions: 334->332
[169.066s][info][gc,metaspace   ] GC(276) Metaspace: 146949K(162908K)->146949K(162908K) NonClass: 127592K(135564K)->127592K(135564K) Class: 19356K(27344K)->19356K(27344K)
[169.066s][info][gc             ] GC(276) Pause Young (Normal) (G1 Evacuation Pause) 6302M->1384M(8192M) 3.029ms
[169.066s][info][gc,cpu         ] GC(276) User=0.00s Sys=0.00s Real=0.00s
[169.557s][info][gc,start       ] GC(277) Pause Young (Normal) (G1 Evacuation Pause)
[169.557s][info][gc,task        ] GC(277) Using 6 workers of 6 for evacuation
[169.560s][info][gc,phases      ] GC(277)   Pre Evacuate Collection Set: 0.1ms
[169.560s][info][gc,phases      ] GC(277)   Evacuate Collection Set: 1.0ms
[169.560s][info][gc,phases      ] GC(277)   Post Evacuate Collection Set: 1.6ms
[169.560s][info][gc,phases      ] GC(277)   Other: 0.3ms
[169.560s][info][gc,heap        ] GC(277) Eden regions: 1227->0(1227)
[169.560s][info][gc,heap        ] GC(277) Survivor regions: 1->1(154)
[169.560s][info][gc,heap        ] GC(277) Old regions: 16->16
[169.560s][info][gc,heap        ] GC(277) Humongous regions: 332->332
[169.560s][info][gc,metaspace   ] GC(277) Metaspace: 146949K(162908K)->146949K(162908K) NonClass: 127592K(135564K)->127592K(135564K) Class: 19356K(27344K)->19356K(27344K)
[169.560s][info][gc             ] GC(277) Pause Young (Normal) (G1 Evacuation Pause) 6292M->1384M(8192M) 3.092ms
[169.560s][info][gc,cpu         ] GC(277) User=0.00s Sys=0.00s Real=0.02s
[170.082s][info][gc,task        ] GC(278) Using 6 workers of 6 for full compaction
[170.082s][info][gc,start       ] GC(278) Pause Full (System.gc())
[170.084s][info][gc,phases,start] GC(278) Phase 1: Mark live objects
[170.113s][info][gc,stringtable ] GC(278) Cleaned string and symbol table, strings: 41436 processed, 31 removed, symbols: 299415 processed, 0 removed
[170.114s][info][gc,phases      ] GC(278) Phase 1: Mark live objects 29.124ms
[170.114s][info][gc,phases,start] GC(278) Phase 2: Prepare for compaction
[170.121s][info][gc,phases      ] GC(278) Phase 2: Prepare for compaction 7.800ms
[170.121s][info][gc,phases,start] GC(278) Phase 3: Adjust pointers
[170.140s][info][gc,phases      ] GC(278) Phase 3: Adjust pointers 18.847ms
[170.140s][info][gc,phases,start] GC(278) Phase 4: Compact heap
[170.147s][info][gc,phases      ] GC(278) Phase 4: Compact heap 6.287ms
[170.164s][info][gc,heap        ] GC(278) Eden regions: 650->0(1228)
[170.164s][info][gc,heap        ] GC(278) Survivor regions: 1->0(154)
[170.164s][info][gc,heap        ] GC(278) Old regions: 16->17
[170.164s][info][gc,heap        ] GC(278) Humongous regions: 334->332
[170.164s][info][gc,metaspace   ] GC(278) Metaspace: 146952K(162908K)->146952K(162908K) NonClass: 127595K(135564K)->127595K(135564K) Class: 19356K(27344K)->19356K(27344K)
[170.164s][info][gc             ] GC(278) Pause Full (System.gc()) 3988M->1382M(8192M) 82.302ms
[170.164s][info][gc,cpu         ] GC(278) User=0.06s Sys=0.00s Real=0.09s
[170.710s][info][gc,start       ] GC(279) Pause Young (Normal) (G1 Evacuation Pause)
[170.710s][info][gc,task        ] GC(279) Using 6 workers of 6 for evacuation
[170.713s][info][gc,phases      ] GC(279)   Pre Evacuate Collection Set: 0.1ms
[170.713s][info][gc,phases      ] GC(279)   Evacuate Collection Set: 1.3ms
[170.713s][info][gc,phases      ] GC(279)   Post Evacuate Collection Set: 1.4ms
[170.713s][info][gc,phases      ] GC(279)   Other: 0.3ms
[170.713s][info][gc,heap        ] GC(279) Eden regions: 1228->0(1227)
[170.713s][info][gc,heap        ] GC(279) Survivor regions: 0->1(154)
[170.713s][info][gc,heap        ] GC(279) Old regions: 17->17
[170.713s][info][gc,heap        ] GC(279) Humongous regions: 334->332
[170.713s][info][gc,metaspace   ] GC(279) Metaspace: 146953K(162908K)->146953K(162908K) NonClass: 127596K(135564K)->127596K(135564K) Class: 19356K(27344K)->19356K(27344K)
[170.713s][info][gc             ] GC(279) Pause Young (Normal) (G1 Evacuation Pause) 6302M->1384M(8192M) 3.160ms
[170.713s][info][gc,cpu         ] GC(279) User=0.00s Sys=0.00s Real=0.00s
[171.201s][info][gc,start       ] GC(280) Pause Young (Normal) (G1 Evacuation Pause)
[171.201s][info][gc,task        ] GC(280) Using 6 workers of 6 for evacuation
[171.204s][info][gc,phases      ] GC(280)   Pre Evacuate Collection Set: 0.1ms
[171.204s][info][gc,phases      ] GC(280)   Evacuate Collection Set: 1.0ms
[171.204s][info][gc,phases      ] GC(280)   Post Evacuate Collection Set: 1.4ms
[171.204s][info][gc,phases      ] GC(280)   Other: 0.3ms
[171.204s][info][gc,heap        ] GC(280) Eden regions: 1227->0(1227)
[171.204s][info][gc,heap        ] GC(280) Survivor regions: 1->1(154)
[171.204s][info][gc,heap        ] GC(280) Old regions: 17->17
[171.204s][info][gc,heap        ] GC(280) Humongous regions: 332->332
[171.204s][info][gc,metaspace   ] GC(280) Metaspace: 146953K(162908K)->146953K(162908K) NonClass: 127596K(135564K)->127596K(135564K) Class: 19356K(27344K)->19356K(27344K)
[171.204s][info][gc             ] GC(280) Pause Young (Normal) (G1 Evacuation Pause) 6292M->1384M(8192M) 2.807ms
[171.204s][info][gc,cpu         ] GC(280) User=0.00s Sys=0.00s Real=0.00s
[171.698s][info][gc,task        ] GC(281) Using 6 workers of 6 for full compaction
[171.698s][info][gc,start       ] GC(281) Pause Full (System.gc())
[171.701s][info][gc,phases,start] GC(281) Phase 1: Mark live objects
[171.728s][info][gc,stringtable ] GC(281) Cleaned string and symbol table, strings: 41440 processed, 31 removed, symbols: 299415 processed, 0 removed
[171.728s][info][gc,phases      ] GC(281) Phase 1: Mark live objects 27.783ms
[171.728s][info][gc,phases,start] GC(281) Phase 2: Prepare for compaction
[171.736s][info][gc,phases      ] GC(281) Phase 2: Prepare for compaction 7.676ms
[171.736s][info][gc,phases,start] GC(281) Phase 3: Adjust pointers
[171.755s][info][gc,phases      ] GC(281) Phase 3: Adjust pointers 18.976ms
[171.755s][info][gc,phases,start] GC(281) Phase 4: Compact heap
[171.761s][info][gc,phases      ] GC(281) Phase 4: Compact heap 6.268ms
[171.778s][info][gc,heap        ] GC(281) Eden regions: 649->0(1228)
[171.778s][info][gc,heap        ] GC(281) Survivor regions: 1->0(154)
[171.778s][info][gc,heap        ] GC(281) Old regions: 17->18
[171.778s][info][gc,heap        ] GC(281) Humongous regions: 334->332
[171.778s][info][gc,metaspace   ] GC(281) Metaspace: 146969K(162908K)->146969K(162908K) NonClass: 127612K(135564K)->127612K(135564K) Class: 19356K(27344K)->19356K(27344K)
[171.778s][info][gc             ] GC(281) Pause Full (System.gc()) 3985M->1382M(8192M) 79.910ms
[171.779s][info][gc,cpu         ] GC(281) User=0.03s Sys=0.00s Real=0.08s
[172.320s][info][gc,start       ] GC(282) Pause Young (Normal) (G1 Evacuation Pause)
[172.320s][info][gc,task        ] GC(282) Using 6 workers of 6 for evacuation
[172.323s][info][gc,phases      ] GC(282)   Pre Evacuate Collection Set: 0.1ms
[172.323s][info][gc,phases      ] GC(282)   Evacuate Collection Set: 1.2ms
[172.323s][info][gc,phases      ] GC(282)   Post Evacuate Collection Set: 1.5ms
[172.323s][info][gc,phases      ] GC(282)   Other: 0.3ms
[172.323s][info][gc,heap        ] GC(282) Eden regions: 1228->0(1227)
[172.323s][info][gc,heap        ] GC(282) Survivor regions: 0->1(154)
[172.323s][info][gc,heap        ] GC(282) Old regions: 18->18
[172.323s][info][gc,heap        ] GC(282) Humongous regions: 334->332
[172.323s][info][gc,metaspace   ] GC(282) Metaspace: 146995K(162908K)->146995K(162908K) NonClass: 127638K(135564K)->127638K(135564K) Class: 19356K(27344K)->19356K(27344K)
[172.323s][info][gc             ] GC(282) Pause Young (Normal) (G1 Evacuation Pause) 6302M->1384M(8192M) 3.197ms
[172.323s][info][gc,cpu         ] GC(282) User=0.00s Sys=0.00s Real=0.00s
[172.820s][info][gc,start       ] GC(283) Pause Young (Normal) (G1 Evacuation Pause)
[172.820s][info][gc,task        ] GC(283) Using 6 workers of 6 for evacuation
[172.823s][info][gc,phases      ] GC(283)   Pre Evacuate Collection Set: 0.1ms
[172.823s][info][gc,phases      ] GC(283)   Evacuate Collection Set: 1.1ms
[172.823s][info][gc,phases      ] GC(283)   Post Evacuate Collection Set: 1.6ms
[172.823s][info][gc,phases      ] GC(283)   Other: 0.4ms
[172.823s][info][gc,heap        ] GC(283) Eden regions: 1227->0(1227)
[172.823s][info][gc,heap        ] GC(283) Survivor regions: 1->1(154)
[172.823s][info][gc,heap        ] GC(283) Old regions: 18->18
[172.823s][info][gc,heap        ] GC(283) Humongous regions: 332->332
[172.823s][info][gc,metaspace   ] GC(283) Metaspace: 146995K(162908K)->146995K(162908K) NonClass: 127638K(135564K)->127638K(135564K) Class: 19356K(27344K)->19356K(27344K)
[172.823s][info][gc             ] GC(283) Pause Young (Normal) (G1 Evacuation Pause) 6292M->1384M(8192M) 3.152ms
[172.823s][info][gc,cpu         ] GC(283) User=0.00s Sys=0.00s Real=0.00s
[173.323s][info][gc,task        ] GC(284) Using 6 workers of 6 for full compaction
[173.323s][info][gc,start       ] GC(284) Pause Full (System.gc())
[173.327s][info][gc,phases,start] GC(284) Phase 1: Mark live objects
[173.355s][info][gc,stringtable ] GC(284) Cleaned string and symbol table, strings: 41616 processed, 31 removed, symbols: 299415 processed, 0 removed
[173.355s][info][gc,phases      ] GC(284) Phase 1: Mark live objects 28.149ms
[173.355s][info][gc,phases,start] GC(284) Phase 2: Prepare for compaction
[173.363s][info][gc,phases      ] GC(284) Phase 2: Prepare for compaction 7.819ms
[173.363s][info][gc,phases,start] GC(284) Phase 3: Adjust pointers
[173.382s][info][gc,phases      ] GC(284) Phase 3: Adjust pointers 18.907ms
[173.382s][info][gc,phases,start] GC(284) Phase 4: Compact heap
[173.388s][info][gc,phases      ] GC(284) Phase 4: Compact heap 6.468ms
[173.405s][info][gc,heap        ] GC(284) Eden regions: 650->0(1228)
[173.405s][info][gc,heap        ] GC(284) Survivor regions: 1->0(154)
[173.405s][info][gc,heap        ] GC(284) Old regions: 18->18
[173.405s][info][gc,heap        ] GC(284) Humongous regions: 334->332
[173.405s][info][gc,metaspace   ] GC(284) Metaspace: 147013K(162908K)->147013K(162908K) NonClass: 127656K(135564K)->127656K(135564K) Class: 19356K(27344K)->19356K(27344K)
[173.405s][info][gc             ] GC(284) Pause Full (System.gc()) 3988M->1382M(8192M) 82.250ms
[173.406s][info][gc,cpu         ] GC(284) User=0.03s Sys=0.00s Real=0.08s
[173.980s][info][gc,start       ] GC(285) Pause Young (Normal) (G1 Evacuation Pause)
[173.980s][info][gc,task        ] GC(285) Using 6 workers of 6 for evacuation
[173.983s][info][gc,phases      ] GC(285)   Pre Evacuate Collection Set: 0.1ms
[173.983s][info][gc,phases      ] GC(285)   Evacuate Collection Set: 1.2ms
[173.983s][info][gc,phases      ] GC(285)   Post Evacuate Collection Set: 1.6ms
[173.983s][info][gc,phases      ] GC(285)   Other: 0.3ms
[173.983s][info][gc,heap        ] GC(285) Eden regions: 1228->0(1227)
[173.983s][info][gc,heap        ] GC(285) Survivor regions: 0->1(154)
[173.983s][info][gc,heap        ] GC(285) Old regions: 18->18
[173.983s][info][gc,heap        ] GC(285) Humongous regions: 334->332
[173.983s][info][gc,metaspace   ] GC(285) Metaspace: 147200K(163164K)->147200K(163164K) NonClass: 127843K(135820K)->127843K(135820K) Class: 19356K(27344K)->19356K(27344K)
[173.983s][info][gc             ] GC(285) Pause Young (Normal) (G1 Evacuation Pause) 6302M->1384M(8192M) 3.255ms
[173.983s][info][gc,cpu         ] GC(285) User=0.00s Sys=0.00s Real=0.00s
[174.476s][info][gc,start       ] GC(286) Pause Young (Normal) (G1 Evacuation Pause)
[174.476s][info][gc,task        ] GC(286) Using 6 workers of 6 for evacuation
[174.480s][info][gc,phases      ] GC(286)   Pre Evacuate Collection Set: 0.1ms
[174.480s][info][gc,phases      ] GC(286)   Evacuate Collection Set: 1.3ms
[174.480s][info][gc,phases      ] GC(286)   Post Evacuate Collection Set: 1.7ms
[174.480s][info][gc,phases      ] GC(286)   Other: 0.4ms
[174.480s][info][gc,heap        ] GC(286) Eden regions: 1227->0(1227)
[174.480s][info][gc,heap        ] GC(286) Survivor regions: 1->1(154)
[174.480s][info][gc,heap        ] GC(286) Old regions: 18->18
[174.480s][info][gc,heap        ] GC(286) Humongous regions: 332->332
[174.480s][info][gc,metaspace   ] GC(286) Metaspace: 147200K(163164K)->147200K(163164K) NonClass: 127843K(135820K)->127843K(135820K) Class: 19356K(27344K)->19356K(27344K)
[174.480s][info][gc             ] GC(286) Pause Young (Normal) (G1 Evacuation Pause) 6292M->1384M(8192M) 3.526ms
[174.480s][info][gc,cpu         ] GC(286) User=0.00s Sys=0.00s Real=0.00s
[174.962s][info][gc,task        ] GC(287) Using 6 workers of 6 for full compaction
[174.962s][info][gc,start       ] GC(287) Pause Full (System.gc())
[174.966s][info][gc,phases,start] GC(287) Phase 1: Mark live objects
[174.995s][info][gc,stringtable ] GC(287) Cleaned string and symbol table, strings: 41619 processed, 31 removed, symbols: 299415 processed, 0 removed
[174.995s][info][gc,phases      ] GC(287) Phase 1: Mark live objects 29.696ms
[174.995s][info][gc,phases,start] GC(287) Phase 2: Prepare for compaction
[175.003s][info][gc,phases      ] GC(287) Phase 2: Prepare for compaction 8.050ms
[175.003s][info][gc,phases,start] GC(287) Phase 3: Adjust pointers
[175.023s][info][gc,phases      ] GC(287) Phase 3: Adjust pointers 19.489ms
[175.023s][info][gc,phases,start] GC(287) Phase 4: Compact heap
[175.030s][info][gc,phases      ] GC(287) Phase 4: Compact heap 7.014ms
[175.047s][info][gc,heap        ] GC(287) Eden regions: 650->0(1228)
[175.047s][info][gc,heap        ] GC(287) Survivor regions: 1->0(154)
[175.047s][info][gc,heap        ] GC(287) Old regions: 18->17
[175.047s][info][gc,heap        ] GC(287) Humongous regions: 334->332
[175.047s][info][gc,metaspace   ] GC(287) Metaspace: 147234K(163164K)->147234K(163164K) NonClass: 127878K(135820K)->127878K(135820K) Class: 19356K(27344K)->19356K(27344K)
[175.047s][info][gc             ] GC(287) Pause Full (System.gc()) 3989M->1382M(8192M) 84.697ms
[175.047s][info][gc,cpu         ] GC(287) User=0.06s Sys=0.00s Real=0.09s
[175.586s][info][gc,start       ] GC(288) Pause Young (Normal) (G1 Evacuation Pause)
[175.586s][info][gc,task        ] GC(288) Using 6 workers of 6 for evacuation
[175.589s][info][gc,phases      ] GC(288)   Pre Evacuate Collection Set: 0.1ms
[175.589s][info][gc,phases      ] GC(288)   Evacuate Collection Set: 1.2ms
[175.589s][info][gc,phases      ] GC(288)   Post Evacuate Collection Set: 1.6ms
[175.589s][info][gc,phases      ] GC(288)   Other: 0.3ms
[175.589s][info][gc,heap        ] GC(288) Eden regions: 1228->0(1227)
[175.589s][info][gc,heap        ] GC(288) Survivor regions: 0->1(154)
[175.589s][info][gc,heap        ] GC(288) Old regions: 17->17
[175.589s][info][gc,heap        ] GC(288) Humongous regions: 334->332
[175.589s][info][gc,metaspace   ] GC(288) Metaspace: 147241K(163164K)->147241K(163164K) NonClass: 127884K(135820K)->127884K(135820K) Class: 19356K(27344K)->19356K(27344K)
[175.589s][info][gc             ] GC(288) Pause Young (Normal) (G1 Evacuation Pause) 6302M->1384M(8192M) 3.273ms
[175.589s][info][gc,cpu         ] GC(288) User=0.00s Sys=0.00s Real=0.00s
[176.085s][info][gc,start       ] GC(289) Pause Young (Normal) (G1 Evacuation Pause)
[176.085s][info][gc,task        ] GC(289) Using 6 workers of 6 for evacuation
[176.089s][info][gc,phases      ] GC(289)   Pre Evacuate Collection Set: 0.1ms
[176.089s][info][gc,phases      ] GC(289)   Evacuate Collection Set: 1.3ms
[176.089s][info][gc,phases      ] GC(289)   Post Evacuate Collection Set: 1.5ms
[176.089s][info][gc,phases      ] GC(289)   Other: 0.3ms
[176.089s][info][gc,heap        ] GC(289) Eden regions: 1227->0(1227)
[176.089s][info][gc,heap        ] GC(289) Survivor regions: 1->1(154)
[176.089s][info][gc,heap        ] GC(289) Old regions: 17->17
[176.089s][info][gc,heap        ] GC(289) Humongous regions: 332->332
[176.089s][info][gc,metaspace   ] GC(289) Metaspace: 147241K(163164K)->147241K(163164K) NonClass: 127884K(135820K)->127884K(135820K) Class: 19356K(27344K)->19356K(27344K)
[176.089s][info][gc             ] GC(289) Pause Young (Normal) (G1 Evacuation Pause) 6292M->1384M(8192M) 3.355ms
[176.089s][info][gc,cpu         ] GC(289) User=0.00s Sys=0.00s Real=0.00s
[176.603s][info][gc,task        ] GC(290) Using 6 workers of 6 for full compaction
[176.603s][info][gc,start       ] GC(290) Pause Full (System.gc())
[176.605s][info][gc,phases,start] GC(290) Phase 1: Mark live objects
[176.631s][info][gc,stringtable ] GC(290) Cleaned string and symbol table, strings: 41619 processed, 31 removed, symbols: 299415 processed, 0 removed
[176.631s][info][gc,phases      ] GC(290) Phase 1: Mark live objects 26.589ms
[176.631s][info][gc,phases,start] GC(290) Phase 2: Prepare for compaction
[176.640s][info][gc,phases      ] GC(290) Phase 2: Prepare for compaction 8.787ms
[176.640s][info][gc,phases,start] GC(290) Phase 3: Adjust pointers
[176.660s][info][gc,phases      ] GC(290) Phase 3: Adjust pointers 19.728ms
[176.660s][info][gc,phases,start] GC(290) Phase 4: Compact heap
[176.667s][info][gc,phases      ] GC(290) Phase 4: Compact heap 7.167ms
[176.685s][info][gc,heap        ] GC(290) Eden regions: 648->0(1228)
[176.685s][info][gc,heap        ] GC(290) Survivor regions: 1->0(154)
[176.685s][info][gc,heap        ] GC(290) Old regions: 17->18
[176.685s][info][gc,heap        ] GC(290) Humongous regions: 334->332
[176.685s][info][gc,metaspace   ] GC(290) Metaspace: 147243K(163164K)->147243K(163164K) NonClass: 127886K(135820K)->127886K(135820K) Class: 19356K(27344K)->19356K(27344K)
[176.685s][info][gc             ] GC(290) Pause Full (System.gc()) 3984M->1382M(8192M) 82.111ms
[176.685s][info][gc,cpu         ] GC(290) User=0.05s Sys=0.02s Real=0.08s
[177.222s][info][gc,start       ] GC(291) Pause Young (Normal) (G1 Evacuation Pause)
[177.222s][info][gc,task        ] GC(291) Using 6 workers of 6 for evacuation
[177.225s][info][gc,phases      ] GC(291)   Pre Evacuate Collection Set: 0.1ms
[177.226s][info][gc,phases      ] GC(291)   Evacuate Collection Set: 1.1ms
[177.226s][info][gc,phases      ] GC(291)   Post Evacuate Collection Set: 2.0ms
[177.226s][info][gc,phases      ] GC(291)   Other: 0.4ms
[177.226s][info][gc,heap        ] GC(291) Eden regions: 1228->0(1227)
[177.226s][info][gc,heap        ] GC(291) Survivor regions: 0->1(154)
[177.226s][info][gc,heap        ] GC(291) Old regions: 18->18
[177.226s][info][gc,heap        ] GC(291) Humongous regions: 334->332
[177.226s][info][gc,metaspace   ] GC(291) Metaspace: 147250K(163164K)->147250K(163164K) NonClass: 127893K(135820K)->127893K(135820K) Class: 19356K(27344K)->19356K(27344K)
[177.226s][info][gc             ] GC(291) Pause Young (Normal) (G1 Evacuation Pause) 6302M->1384M(8192M) 3.660ms
[177.226s][info][gc,cpu         ] GC(291) User=0.00s Sys=0.00s Real=0.02s
[177.724s][info][gc,start       ] GC(292) Pause Young (Normal) (G1 Evacuation Pause)
[177.724s][info][gc,task        ] GC(292) Using 6 workers of 6 for evacuation
[177.727s][info][gc,phases      ] GC(292)   Pre Evacuate Collection Set: 0.1ms
[177.727s][info][gc,phases      ] GC(292)   Evacuate Collection Set: 1.2ms
[177.727s][info][gc,phases      ] GC(292)   Post Evacuate Collection Set: 1.4ms
[177.727s][info][gc,phases      ] GC(292)   Other: 0.3ms
[177.727s][info][gc,heap        ] GC(292) Eden regions: 1227->0(1227)
[177.727s][info][gc,heap        ] GC(292) Survivor regions: 1->1(154)
[177.727s][info][gc,heap        ] GC(292) Old regions: 18->18
[177.727s][info][gc,heap        ] GC(292) Humongous regions: 332->332
[177.727s][info][gc,metaspace   ] GC(292) Metaspace: 147250K(163164K)->147250K(163164K) NonClass: 127893K(135820K)->127893K(135820K) Class: 19356K(27344K)->19356K(27344K)
[177.727s][info][gc             ] GC(292) Pause Young (Normal) (G1 Evacuation Pause) 6292M->1384M(8192M) 3.010ms
[177.727s][info][gc,cpu         ] GC(292) User=0.00s Sys=0.00s Real=0.00s
[178.236s][info][gc,task        ] GC(293) Using 6 workers of 6 for full compaction
[178.236s][info][gc,start       ] GC(293) Pause Full (System.gc())
[178.238s][info][gc,phases,start] GC(293) Phase 1: Mark live objects
[178.265s][info][gc,stringtable ] GC(293) Cleaned string and symbol table, strings: 41626 processed, 31 removed, symbols: 299415 processed, 0 removed
[178.265s][info][gc,phases      ] GC(293) Phase 1: Mark live objects 27.052ms
[178.265s][info][gc,phases,start] GC(293) Phase 2: Prepare for compaction
[178.273s][info][gc,phases      ] GC(293) Phase 2: Prepare for compaction 8.247ms
[178.273s][info][gc,phases,start] GC(293) Phase 3: Adjust pointers
[178.292s][info][gc,phases      ] GC(293) Phase 3: Adjust pointers 19.412ms
[178.293s][info][gc,phases,start] GC(293) Phase 4: Compact heap
[178.299s][info][gc,phases      ] GC(293) Phase 4: Compact heap 6.385ms
[178.316s][info][gc,heap        ] GC(293) Eden regions: 649->0(1228)
[178.316s][info][gc,heap        ] GC(293) Survivor regions: 1->0(154)
[178.316s][info][gc,heap        ] GC(293) Old regions: 18->18
[178.316s][info][gc,heap        ] GC(293) Humongous regions: 334->332
[178.316s][info][gc,metaspace   ] GC(293) Metaspace: 147250K(163164K)->147250K(163164K) NonClass: 127893K(135820K)->127893K(135820K) Class: 19356K(27344K)->19356K(27344K)
[178.316s][info][gc             ] GC(293) Pause Full (System.gc()) 3985M->1382M(8192M) 80.438ms
[178.316s][info][gc,cpu         ] GC(293) User=0.03s Sys=0.00s Real=0.08s
[178.864s][info][gc,start       ] GC(294) Pause Young (Normal) (G1 Evacuation Pause)
[178.864s][info][gc,task        ] GC(294) Using 6 workers of 6 for evacuation
[178.867s][info][gc,phases      ] GC(294)   Pre Evacuate Collection Set: 0.1ms
[178.867s][info][gc,phases      ] GC(294)   Evacuate Collection Set: 1.2ms
[178.867s][info][gc,phases      ] GC(294)   Post Evacuate Collection Set: 1.4ms
[178.867s][info][gc,phases      ] GC(294)   Other: 0.3ms
[178.867s][info][gc,heap        ] GC(294) Eden regions: 1228->0(1227)
[178.867s][info][gc,heap        ] GC(294) Survivor regions: 0->1(154)
[178.867s][info][gc,heap        ] GC(294) Old regions: 18->18
[178.867s][info][gc,heap        ] GC(294) Humongous regions: 334->332
[178.867s][info][gc,metaspace   ] GC(294) Metaspace: 147255K(163164K)->147255K(163164K) NonClass: 127898K(135820K)->127898K(135820K) Class: 19356K(27344K)->19356K(27344K)
[178.867s][info][gc             ] GC(294) Pause Young (Normal) (G1 Evacuation Pause) 6302M->1384M(8192M) 3.022ms
[178.867s][info][gc,cpu         ] GC(294) User=0.00s Sys=0.00s Real=0.00s
[179.356s][info][gc,start       ] GC(295) Pause Young (Normal) (G1 Evacuation Pause)
[179.356s][info][gc,task        ] GC(295) Using 6 workers of 6 for evacuation
[179.359s][info][gc,phases      ] GC(295)   Pre Evacuate Collection Set: 0.1ms
[179.359s][info][gc,phases      ] GC(295)   Evacuate Collection Set: 1.1ms
[179.359s][info][gc,phases      ] GC(295)   Post Evacuate Collection Set: 1.4ms
[179.359s][info][gc,phases      ] GC(295)   Other: 0.3ms
[179.359s][info][gc,heap        ] GC(295) Eden regions: 1227->0(1227)
[179.359s][info][gc,heap        ] GC(295) Survivor regions: 1->1(154)
[179.359s][info][gc,heap        ] GC(295) Old regions: 18->18
[179.359s][info][gc,heap        ] GC(295) Humongous regions: 332->332
[179.359s][info][gc,metaspace   ] GC(295) Metaspace: 147255K(163164K)->147255K(163164K) NonClass: 127898K(135820K)->127898K(135820K) Class: 19356K(27344K)->19356K(27344K)
[179.359s][info][gc             ] GC(295) Pause Young (Normal) (G1 Evacuation Pause) 6292M->1384M(8192M) 2.939ms
[179.359s][info][gc,cpu         ] GC(295) User=0.00s Sys=0.00s Real=0.00s
[179.867s][info][gc,task        ] GC(296) Using 6 workers of 6 for full compaction
[179.868s][info][gc,start       ] GC(296) Pause Full (System.gc())
[179.870s][info][gc,phases,start] GC(296) Phase 1: Mark live objects
[179.900s][info][gc,stringtable ] GC(296) Cleaned string and symbol table, strings: 41626 processed, 31 removed, symbols: 299415 processed, 0 removed
[179.900s][info][gc,phases      ] GC(296) Phase 1: Mark live objects 29.939ms
[179.900s][info][gc,phases,start] GC(296) Phase 2: Prepare for compaction
[179.909s][info][gc,phases      ] GC(296) Phase 2: Prepare for compaction 8.549ms
[179.909s][info][gc,phases,start] GC(296) Phase 3: Adjust pointers
[179.929s][info][gc,phases      ] GC(296) Phase 3: Adjust pointers 19.760ms
[179.929s][info][gc,phases,start] GC(296) Phase 4: Compact heap
[179.936s][info][gc,phases      ] GC(296) Phase 4: Compact heap 7.181ms
[179.954s][info][gc,heap        ] GC(296) Eden regions: 648->0(1228)
[179.954s][info][gc,heap        ] GC(296) Survivor regions: 1->0(154)
[179.954s][info][gc,heap        ] GC(296) Old regions: 18->16
[179.954s][info][gc,heap        ] GC(296) Humongous regions: 334->332
[179.954s][info][gc,metaspace   ] GC(296) Metaspace: 147257K(163164K)->147257K(163164K) NonClass: 127900K(135820K)->127900K(135820K) Class: 19356K(27344K)->19356K(27344K)
[179.954s][info][gc             ] GC(296) Pause Full (System.gc()) 3984M->1382M(8192M) 86.542ms
[179.954s][info][gc,cpu         ] GC(296) User=0.11s Sys=0.00s Real=0.08s
[180.522s][info][gc,start       ] GC(297) Pause Young (Normal) (G1 Evacuation Pause)
[180.522s][info][gc,task        ] GC(297) Using 6 workers of 6 for evacuation
[180.525s][info][gc,phases      ] GC(297)   Pre Evacuate Collection Set: 0.1ms
[180.525s][info][gc,phases      ] GC(297)   Evacuate Collection Set: 1.2ms
[180.525s][info][gc,phases      ] GC(297)   Post Evacuate Collection Set: 1.5ms
[180.525s][info][gc,phases      ] GC(297)   Other: 0.3ms
[180.525s][info][gc,heap        ] GC(297) Eden regions: 1228->0(1227)
[180.525s][info][gc,heap        ] GC(297) Survivor regions: 0->1(154)
[180.525s][info][gc,heap        ] GC(297) Old regions: 16->16
[180.525s][info][gc,heap        ] GC(297) Humongous regions: 334->332
[180.525s][info][gc,metaspace   ] GC(297) Metaspace: 147257K(163164K)->147257K(163164K) NonClass: 127900K(135820K)->127900K(135820K) Class: 19356K(27344K)->19356K(27344K)
[180.526s][info][gc             ] GC(297) Pause Young (Normal) (G1 Evacuation Pause) 6302M->1384M(8192M) 3.223ms
[180.526s][info][gc,cpu         ] GC(297) User=0.02s Sys=0.00s Real=0.02s
[181.022s][info][gc,start       ] GC(298) Pause Young (Normal) (G1 Evacuation Pause)
[181.022s][info][gc,task        ] GC(298) Using 6 workers of 6 for evacuation
[181.025s][info][gc,phases      ] GC(298)   Pre Evacuate Collection Set: 0.1ms
[181.025s][info][gc,phases      ] GC(298)   Evacuate Collection Set: 1.1ms
[181.025s][info][gc,phases      ] GC(298)   Post Evacuate Collection Set: 1.4ms
[181.025s][info][gc,phases      ] GC(298)   Other: 0.3ms
[181.025s][info][gc,heap        ] GC(298) Eden regions: 1227->0(1227)
[181.025s][info][gc,heap        ] GC(298) Survivor regions: 1->1(154)
[181.025s][info][gc,heap        ] GC(298) Old regions: 16->16
[181.025s][info][gc,heap        ] GC(298) Humongous regions: 332->332
[181.025s][info][gc,metaspace   ] GC(298) Metaspace: 147257K(163164K)->147257K(163164K) NonClass: 127900K(135820K)->127900K(135820K) Class: 19356K(27344K)->19356K(27344K)
[181.025s][info][gc             ] GC(298) Pause Young (Normal) (G1 Evacuation Pause) 6292M->1384M(8192M) 2.969ms
[181.025s][info][gc,cpu         ] GC(298) User=0.00s Sys=0.00s Real=0.00s
[181.527s][info][gc,task        ] GC(299) Using 6 workers of 6 for full compaction
[181.527s][info][gc,start       ] GC(299) Pause Full (System.gc())
[181.529s][info][gc,phases,start] GC(299) Phase 1: Mark live objects
[181.557s][info][gc,stringtable ] GC(299) Cleaned string and symbol table, strings: 41626 processed, 31 removed, symbols: 299415 processed, 0 removed
[181.557s][info][gc,phases      ] GC(299) Phase 1: Mark live objects 27.559ms
[181.557s][info][gc,phases,start] GC(299) Phase 2: Prepare for compaction
[181.565s][info][gc,phases      ] GC(299) Phase 2: Prepare for compaction 8.071ms
[181.565s][info][gc,phases,start] GC(299) Phase 3: Adjust pointers
[181.585s][info][gc,phases      ] GC(299) Phase 3: Adjust pointers 19.544ms
[181.585s][info][gc,phases,start] GC(299) Phase 4: Compact heap
[181.591s][info][gc,phases      ] GC(299) Phase 4: Compact heap 6.723ms
[181.609s][info][gc,heap        ] GC(299) Eden regions: 648->0(1228)
[181.609s][info][gc,heap        ] GC(299) Survivor regions: 1->0(154)
[181.609s][info][gc,heap        ] GC(299) Old regions: 16->18
[181.609s][info][gc,heap        ] GC(299) Humongous regions: 334->332
[181.609s][info][gc,metaspace   ] GC(299) Metaspace: 147258K(163164K)->147258K(163164K) NonClass: 127901K(135820K)->127901K(135820K) Class: 19356K(27344K)->19356K(27344K)
[181.609s][info][gc             ] GC(299) Pause Full (System.gc()) 3982M->1382M(8192M) 81.787ms
[181.609s][info][gc,cpu         ] GC(299) User=0.03s Sys=0.00s Real=0.09s
[182.151s][info][gc,start       ] GC(300) Pause Young (Normal) (G1 Evacuation Pause)
[182.151s][info][gc,task        ] GC(300) Using 6 workers of 6 for evacuation
[182.154s][info][gc,phases      ] GC(300)   Pre Evacuate Collection Set: 0.1ms
[182.154s][info][gc,phases      ] GC(300)   Evacuate Collection Set: 1.2ms
[182.154s][info][gc,phases      ] GC(300)   Post Evacuate Collection Set: 1.4ms
[182.154s][info][gc,phases      ] GC(300)   Other: 0.3ms
[182.154s][info][gc,heap        ] GC(300) Eden regions: 1228->0(1227)
[182.154s][info][gc,heap        ] GC(300) Survivor regions: 0->1(154)
[182.154s][info][gc,heap        ] GC(300) Old regions: 18->18
[182.154s][info][gc,heap        ] GC(300) Humongous regions: 334->332
[182.154s][info][gc,metaspace   ] GC(300) Metaspace: 147267K(163164K)->147267K(163164K) NonClass: 127910K(135820K)->127910K(135820K) Class: 19356K(27344K)->19356K(27344K)
[182.154s][info][gc             ] GC(300) Pause Young (Normal) (G1 Evacuation Pause) 6302M->1384M(8192M) 3.092ms
[182.154s][info][gc,cpu         ] GC(300) User=0.00s Sys=0.00s Real=0.00s
[182.644s][info][gc,start       ] GC(301) Pause Young (Normal) (G1 Evacuation Pause)
[182.644s][info][gc,task        ] GC(301) Using 6 workers of 6 for evacuation
[182.648s][info][gc,phases      ] GC(301)   Pre Evacuate Collection Set: 0.1ms
[182.648s][info][gc,phases      ] GC(301)   Evacuate Collection Set: 1.5ms
[182.648s][info][gc,phases      ] GC(301)   Post Evacuate Collection Set: 1.8ms
[182.648s][info][gc,phases      ] GC(301)   Other: 0.3ms
[182.648s][info][gc,heap        ] GC(301) Eden regions: 1227->0(1227)
[182.648s][info][gc,heap        ] GC(301) Survivor regions: 1->1(154)
[182.648s][info][gc,heap        ] GC(301) Old regions: 18->18
[182.648s][info][gc,heap        ] GC(301) Humongous regions: 332->332
[182.648s][info][gc,metaspace   ] GC(301) Metaspace: 147267K(163164K)->147267K(163164K) NonClass: 127910K(135820K)->127910K(135820K) Class: 19356K(27344K)->19356K(27344K)
[182.648s][info][gc             ] GC(301) Pause Young (Normal) (G1 Evacuation Pause) 6292M->1384M(8192M) 3.777ms
[182.648s][info][gc,cpu         ] GC(301) User=0.00s Sys=0.00s Real=0.00s
[183.161s][info][gc,task        ] GC(302) Using 6 workers of 6 for full compaction
[183.161s][info][gc,start       ] GC(302) Pause Full (System.gc())
[183.163s][info][gc,phases,start] GC(302) Phase 1: Mark live objects
[183.191s][info][gc,stringtable ] GC(302) Cleaned string and symbol table, strings: 41641 processed, 31 removed, symbols: 299415 processed, 0 removed
[183.191s][info][gc,phases      ] GC(302) Phase 1: Mark live objects 27.475ms
[183.191s][info][gc,phases,start] GC(302) Phase 2: Prepare for compaction
[183.199s][info][gc,phases      ] GC(302) Phase 2: Prepare for compaction 8.481ms
[183.199s][info][gc,phases,start] GC(302) Phase 3: Adjust pointers
[183.219s][info][gc,phases      ] GC(302) Phase 3: Adjust pointers 19.515ms
[183.219s][info][gc,phases,start] GC(302) Phase 4: Compact heap
[183.226s][info][gc,phases      ] GC(302) Phase 4: Compact heap 6.668ms
[183.243s][info][gc,heap        ] GC(302) Eden regions: 648->0(1228)
[183.243s][info][gc,heap        ] GC(302) Survivor regions: 1->0(154)
[183.243s][info][gc,heap        ] GC(302) Old regions: 18->17
[183.243s][info][gc,heap        ] GC(302) Humongous regions: 334->332
[183.243s][info][gc,metaspace   ] GC(302) Metaspace: 147271K(163164K)->147271K(163164K) NonClass: 127914K(135820K)->127914K(135820K) Class: 19356K(27344K)->19356K(27344K)
[183.244s][info][gc             ] GC(302) Pause Full (System.gc()) 3983M->1382M(8192M) 82.509ms
[183.244s][info][gc,cpu         ] GC(302) User=0.03s Sys=0.00s Real=0.08s
[183.786s][info][gc,start       ] GC(303) Pause Young (Normal) (G1 Evacuation Pause)
[183.786s][info][gc,task        ] GC(303) Using 6 workers of 6 for evacuation
[183.789s][info][gc,phases      ] GC(303)   Pre Evacuate Collection Set: 0.1ms
[183.789s][info][gc,phases      ] GC(303)   Evacuate Collection Set: 1.2ms
[183.789s][info][gc,phases      ] GC(303)   Post Evacuate Collection Set: 1.5ms
[183.789s][info][gc,phases      ] GC(303)   Other: 0.3ms
[183.789s][info][gc,heap        ] GC(303) Eden regions: 1228->0(1227)
[183.789s][info][gc,heap        ] GC(303) Survivor regions: 0->1(154)
[183.789s][info][gc,heap        ] GC(303) Old regions: 17->17
[183.789s][info][gc,heap        ] GC(303) Humongous regions: 334->332
[183.789s][info][gc,metaspace   ] GC(303) Metaspace: 147284K(163164K)->147284K(163164K) NonClass: 127928K(135820K)->127928K(135820K) Class: 19356K(27344K)->19356K(27344K)
[183.789s][info][gc             ] GC(303) Pause Young (Normal) (G1 Evacuation Pause) 6302M->1384M(8192M) 3.186ms
[183.789s][info][gc,cpu         ] GC(303) User=0.00s Sys=0.00s Real=0.02s
[184.280s][info][gc,start       ] GC(304) Pause Young (Normal) (G1 Evacuation Pause)
[184.280s][info][gc,task        ] GC(304) Using 6 workers of 6 for evacuation
[184.282s][info][gc,phases      ] GC(304)   Pre Evacuate Collection Set: 0.1ms
[184.283s][info][gc,phases      ] GC(304)   Evacuate Collection Set: 1.0ms
[184.283s][info][gc,phases      ] GC(304)   Post Evacuate Collection Set: 1.4ms
[184.283s][info][gc,phases      ] GC(304)   Other: 0.3ms
[184.283s][info][gc,heap        ] GC(304) Eden regions: 1227->0(1227)
[184.283s][info][gc,heap        ] GC(304) Survivor regions: 1->1(154)
[184.283s][info][gc,heap        ] GC(304) Old regions: 17->17
[184.283s][info][gc,heap        ] GC(304) Humongous regions: 332->332
[184.283s][info][gc,metaspace   ] GC(304) Metaspace: 147284K(163164K)->147284K(163164K) NonClass: 127928K(135820K)->127928K(135820K) Class: 19356K(27344K)->19356K(27344K)
[184.283s][info][gc             ] GC(304) Pause Young (Normal) (G1 Evacuation Pause) 6292M->1384M(8192M) 2.919ms
[184.283s][info][gc,cpu         ] GC(304) User=0.00s Sys=0.00s Real=0.00s
[184.795s][info][gc,task        ] GC(305) Using 6 workers of 6 for full compaction
[184.795s][info][gc,start       ] GC(305) Pause Full (System.gc())
[184.797s][info][gc,phases,start] GC(305) Phase 1: Mark live objects
[184.826s][info][gc,stringtable ] GC(305) Cleaned string and symbol table, strings: 41650 processed, 31 removed, symbols: 299415 processed, 0 removed
[184.826s][info][gc,phases      ] GC(305) Phase 1: Mark live objects 28.696ms
[184.826s][info][gc,phases,start] GC(305) Phase 2: Prepare for compaction
[184.834s][info][gc,phases      ] GC(305) Phase 2: Prepare for compaction 8.186ms
[184.834s][info][gc,phases,start] GC(305) Phase 3: Adjust pointers
[184.854s][info][gc,phases      ] GC(305) Phase 3: Adjust pointers 19.486ms
[184.854s][info][gc,phases,start] GC(305) Phase 4: Compact heap
[184.860s][info][gc,phases      ] GC(305) Phase 4: Compact heap 6.258ms
[184.877s][info][gc,heap        ] GC(305) Eden regions: 649->0(1228)
[184.877s][info][gc,heap        ] GC(305) Survivor regions: 1->0(154)
[184.877s][info][gc,heap        ] GC(305) Old regions: 17->18
[184.877s][info][gc,heap        ] GC(305) Humongous regions: 334->332
[184.877s][info][gc,metaspace   ] GC(305) Metaspace: 147285K(163164K)->147285K(163164K) NonClass: 127928K(135820K)->127928K(135820K) Class: 19356K(27344K)->19356K(27344K)
[184.877s][info][gc             ] GC(305) Pause Full (System.gc()) 3988M->1382M(8192M) 82.138ms
[184.877s][info][gc,cpu         ] GC(305) User=0.05s Sys=0.00s Real=0.08s
[185.414s][info][gc,start       ] GC(306) Pause Young (Normal) (G1 Evacuation Pause)
[185.415s][info][gc,task        ] GC(306) Using 6 workers of 6 for evacuation
[185.418s][info][gc,phases      ] GC(306)   Pre Evacuate Collection Set: 0.1ms
[185.418s][info][gc,phases      ] GC(306)   Evacuate Collection Set: 1.2ms
[185.418s][info][gc,phases      ] GC(306)   Post Evacuate Collection Set: 1.5ms
[185.418s][info][gc,phases      ] GC(306)   Other: 0.3ms
[185.418s][info][gc,heap        ] GC(306) Eden regions: 1228->0(1227)
[185.418s][info][gc,heap        ] GC(306) Survivor regions: 0->1(154)
[185.418s][info][gc,heap        ] GC(306) Old regions: 18->18
[185.418s][info][gc,heap        ] GC(306) Humongous regions: 334->332
[185.418s][info][gc,metaspace   ] GC(306) Metaspace: 147288K(163164K)->147288K(163164K) NonClass: 127932K(135820K)->127932K(135820K) Class: 19356K(27344K)->19356K(27344K)
[185.418s][info][gc             ] GC(306) Pause Young (Normal) (G1 Evacuation Pause) 6302M->1384M(8192M) 3.189ms
[185.418s][info][gc,cpu         ] GC(306) User=0.00s Sys=0.00s Real=0.00s
[185.912s][info][gc,start       ] GC(307) Pause Young (Normal) (G1 Evacuation Pause)
[185.912s][info][gc,task        ] GC(307) Using 6 workers of 6 for evacuation
[185.915s][info][gc,phases      ] GC(307)   Pre Evacuate Collection Set: 0.1ms
[185.915s][info][gc,phases      ] GC(307)   Evacuate Collection Set: 1.0ms
[185.915s][info][gc,phases      ] GC(307)   Post Evacuate Collection Set: 1.4ms
[185.915s][info][gc,phases      ] GC(307)   Other: 0.3ms
[185.915s][info][gc,heap        ] GC(307) Eden regions: 1227->0(1227)
[185.915s][info][gc,heap        ] GC(307) Survivor regions: 1->1(154)
[185.915s][info][gc,heap        ] GC(307) Old regions: 18->18
[185.915s][info][gc,heap        ] GC(307) Humongous regions: 332->332
[185.915s][info][gc,metaspace   ] GC(307) Metaspace: 147288K(163164K)->147288K(163164K) NonClass: 127932K(135820K)->127932K(135820K) Class: 19356K(27344K)->19356K(27344K)
[185.915s][info][gc             ] GC(307) Pause Young (Normal) (G1 Evacuation Pause) 6292M->1384M(8192M) 2.845ms
[185.915s][info][gc,cpu         ] GC(307) User=0.00s Sys=0.00s Real=0.00s
[186.429s][info][gc,task        ] GC(308) Using 6 workers of 6 for full compaction
[186.429s][info][gc,start       ] GC(308) Pause Full (System.gc())
[186.431s][info][gc,phases,start] GC(308) Phase 1: Mark live objects
[186.459s][info][gc,stringtable ] GC(308) Cleaned string and symbol table, strings: 41657 processed, 31 removed, symbols: 299415 processed, 0 removed
[186.459s][info][gc,phases      ] GC(308) Phase 1: Mark live objects 27.897ms
[186.459s][info][gc,phases,start] GC(308) Phase 2: Prepare for compaction
[186.467s][info][gc,phases      ] GC(308) Phase 2: Prepare for compaction 8.178ms
[186.467s][info][gc,phases,start] GC(308) Phase 3: Adjust pointers
[186.487s][info][gc,phases      ] GC(308) Phase 3: Adjust pointers 19.724ms
[186.487s][info][gc,phases,start] GC(308) Phase 4: Compact heap
[186.493s][info][gc,phases      ] GC(308) Phase 4: Compact heap 6.682ms
[186.511s][info][gc,heap        ] GC(308) Eden regions: 649->0(1228)
[186.511s][info][gc,heap        ] GC(308) Survivor regions: 1->0(154)
[186.511s][info][gc,heap        ] GC(308) Old regions: 18->19
[186.511s][info][gc,heap        ] GC(308) Humongous regions: 334->332
[186.511s][info][gc,metaspace   ] GC(308) Metaspace: 147289K(163164K)->147289K(163164K) NonClass: 127932K(135820K)->127932K(135820K) Class: 19356K(27344K)->19356K(27344K)
[186.511s][info][gc             ] GC(308) Pause Full (System.gc()) 3986M->1382M(8192M) 81.951ms
[186.511s][info][gc,cpu         ] GC(308) User=0.08s Sys=0.00s Real=0.08s
[187.055s][info][gc,start       ] GC(309) Pause Young (Normal) (G1 Evacuation Pause)
[187.055s][info][gc,task        ] GC(309) Using 6 workers of 6 for evacuation
[187.058s][info][gc,phases      ] GC(309)   Pre Evacuate Collection Set: 0.1ms
[187.058s][info][gc,phases      ] GC(309)   Evacuate Collection Set: 1.2ms
[187.058s][info][gc,phases      ] GC(309)   Post Evacuate Collection Set: 1.4ms
[187.058s][info][gc,phases      ] GC(309)   Other: 0.3ms
[187.058s][info][gc,heap        ] GC(309) Eden regions: 1228->0(1227)
[187.058s][info][gc,heap        ] GC(309) Survivor regions: 0->1(154)
[187.058s][info][gc,heap        ] GC(309) Old regions: 19->19
[187.058s][info][gc,heap        ] GC(309) Humongous regions: 334->332
[187.058s][info][gc,metaspace   ] GC(309) Metaspace: 147292K(163164K)->147292K(163164K) NonClass: 127935K(135820K)->127935K(135820K) Class: 19356K(27344K)->19356K(27344K)
[187.058s][info][gc             ] GC(309) Pause Young (Normal) (G1 Evacuation Pause) 6302M->1384M(8192M) 3.025ms
[187.058s][info][gc,cpu         ] GC(309) User=0.00s Sys=0.00s Real=0.00s
[187.549s][info][gc,start       ] GC(310) Pause Young (Normal) (G1 Evacuation Pause)
[187.549s][info][gc,task        ] GC(310) Using 6 workers of 6 for evacuation
[187.551s][info][gc,phases      ] GC(310)   Pre Evacuate Collection Set: 0.1ms
[187.551s][info][gc,phases      ] GC(310)   Evacuate Collection Set: 1.1ms
[187.551s][info][gc,phases      ] GC(310)   Post Evacuate Collection Set: 1.4ms
[187.551s][info][gc,phases      ] GC(310)   Other: 0.3ms
[187.551s][info][gc,heap        ] GC(310) Eden regions: 1227->0(1227)
[187.551s][info][gc,heap        ] GC(310) Survivor regions: 1->1(154)
[187.551s][info][gc,heap        ] GC(310) Old regions: 19->19
[187.551s][info][gc,heap        ] GC(310) Humongous regions: 332->332
[187.551s][info][gc,metaspace   ] GC(310) Metaspace: 147292K(163164K)->147292K(163164K) NonClass: 127935K(135820K)->127935K(135820K) Class: 19356K(27344K)->19356K(27344K)
[187.551s][info][gc             ] GC(310) Pause Young (Normal) (G1 Evacuation Pause) 6292M->1384M(8192M) 2.964ms
[187.552s][info][gc,cpu         ] GC(310) User=0.00s Sys=0.00s Real=0.00s
[188.058s][info][gc,task        ] GC(311) Using 6 workers of 6 for full compaction
[188.058s][info][gc,start       ] GC(311) Pause Full (System.gc())
[188.060s][info][gc,phases,start] GC(311) Phase 1: Mark live objects
[188.088s][info][gc,stringtable ] GC(311) Cleaned string and symbol table, strings: 41665 processed, 31 removed, symbols: 299415 processed, 0 removed
[188.088s][info][gc,phases      ] GC(311) Phase 1: Mark live objects 27.739ms
[188.088s][info][gc,phases,start] GC(311) Phase 2: Prepare for compaction
[188.097s][info][gc,phases      ] GC(311) Phase 2: Prepare for compaction 8.733ms
[188.097s][info][gc,phases,start] GC(311) Phase 3: Adjust pointers
[188.117s][info][gc,phases      ] GC(311) Phase 3: Adjust pointers 20.114ms
[188.117s][info][gc,phases,start] GC(311) Phase 4: Compact heap
[188.123s][info][gc,phases      ] GC(311) Phase 4: Compact heap 6.260ms
[188.141s][info][gc,heap        ] GC(311) Eden regions: 650->0(1228)
[188.141s][info][gc,heap        ] GC(311) Survivor regions: 1->0(154)
[188.141s][info][gc,heap        ] GC(311) Old regions: 19->17
[188.141s][info][gc,heap        ] GC(311) Humongous regions: 334->332
[188.141s][info][gc,metaspace   ] GC(311) Metaspace: 147297K(163164K)->147297K(163164K) NonClass: 127940K(135820K)->127940K(135820K) Class: 19356K(27344K)->19356K(27344K)
[188.141s][info][gc             ] GC(311) Pause Full (System.gc()) 3991M->1383M(8192M) 82.541ms
[188.141s][info][gc,cpu         ] GC(311) User=0.03s Sys=0.00s Real=0.10s
[188.684s][info][gc,start       ] GC(312) Pause Young (Normal) (G1 Evacuation Pause)
[188.684s][info][gc,task        ] GC(312) Using 6 workers of 6 for evacuation
[188.687s][info][gc,phases      ] GC(312)   Pre Evacuate Collection Set: 0.1ms
[188.687s][info][gc,phases      ] GC(312)   Evacuate Collection Set: 1.3ms
[188.687s][info][gc,phases      ] GC(312)   Post Evacuate Collection Set: 1.5ms
[188.687s][info][gc,phases      ] GC(312)   Other: 0.3ms
[188.687s][info][gc,heap        ] GC(312) Eden regions: 1228->0(1227)
[188.687s][info][gc,heap        ] GC(312) Survivor regions: 0->1(154)
[188.687s][info][gc,heap        ] GC(312) Old regions: 17->17
[188.687s][info][gc,heap        ] GC(312) Humongous regions: 334->332
[188.687s][info][gc,metaspace   ] GC(312) Metaspace: 147297K(163164K)->147297K(163164K) NonClass: 127940K(135820K)->127940K(135820K) Class: 19356K(27344K)->19356K(27344K)
[188.688s][info][gc             ] GC(312) Pause Young (Normal) (G1 Evacuation Pause) 6303M->1384M(8192M) 3.264ms
[188.688s][info][gc,cpu         ] GC(312) User=0.00s Sys=0.00s Real=0.00s
[189.177s][info][gc,start       ] GC(313) Pause Young (Normal) (G1 Evacuation Pause)
[189.177s][info][gc,task        ] GC(313) Using 6 workers of 6 for evacuation
[189.180s][info][gc,phases      ] GC(313)   Pre Evacuate Collection Set: 0.1ms
[189.180s][info][gc,phases      ] GC(313)   Evacuate Collection Set: 1.0ms
[189.180s][info][gc,phases      ] GC(313)   Post Evacuate Collection Set: 1.4ms
[189.180s][info][gc,phases      ] GC(313)   Other: 0.3ms
[189.180s][info][gc,heap        ] GC(313) Eden regions: 1227->0(1227)
[189.180s][info][gc,heap        ] GC(313) Survivor regions: 1->1(154)
[189.180s][info][gc,heap        ] GC(313) Old regions: 17->17
[189.180s][info][gc,heap        ] GC(313) Humongous regions: 332->332
[189.180s][info][gc,metaspace   ] GC(313) Metaspace: 147297K(163164K)->147297K(163164K) NonClass: 127940K(135820K)->127940K(135820K) Class: 19356K(27344K)->19356K(27344K)
[189.180s][info][gc             ] GC(313) Pause Young (Normal) (G1 Evacuation Pause) 6292M->1384M(8192M) 2.830ms
[189.180s][info][gc,cpu         ] GC(313) User=0.00s Sys=0.00s Real=0.00s
[189.675s][info][gc,task        ] GC(314) Using 6 workers of 6 for full compaction
[189.675s][info][gc,start       ] GC(314) Pause Full (System.gc())
[189.676s][info][gc,phases,start] GC(314) Phase 1: Mark live objects
[189.704s][info][gc,stringtable ] GC(314) Cleaned string and symbol table, strings: 41673 processed, 31 removed, symbols: 299415 processed, 0 removed
[189.704s][info][gc,phases      ] GC(314) Phase 1: Mark live objects 27.594ms
[189.704s][info][gc,phases,start] GC(314) Phase 2: Prepare for compaction
[189.713s][info][gc,phases      ] GC(314) Phase 2: Prepare for compaction 8.789ms
[189.713s][info][gc,phases,start] GC(314) Phase 3: Adjust pointers
[189.733s][info][gc,phases      ] GC(314) Phase 3: Adjust pointers 20.292ms
[189.733s][info][gc,phases,start] GC(314) Phase 4: Compact heap
[189.740s][info][gc,phases      ] GC(314) Phase 4: Compact heap 6.469ms
[189.757s][info][gc,heap        ] GC(314) Eden regions: 648->0(1228)
[189.757s][info][gc,heap        ] GC(314) Survivor regions: 1->0(154)
[189.757s][info][gc,heap        ] GC(314) Old regions: 17->18
[189.757s][info][gc,heap        ] GC(314) Humongous regions: 334->332
[189.757s][info][gc,metaspace   ] GC(314) Metaspace: 147299K(163164K)->147299K(163164K) NonClass: 127943K(135820K)->127943K(135820K) Class: 19356K(27344K)->19356K(27344K)
[189.757s][info][gc             ] GC(314) Pause Full (System.gc()) 3984M->1383M(8192M) 82.674ms
[189.757s][info][gc,cpu         ] GC(314) User=0.03s Sys=0.00s Real=0.09s
[190.296s][info][gc,start       ] GC(315) Pause Young (Normal) (G1 Evacuation Pause)
[190.296s][info][gc,task        ] GC(315) Using 6 workers of 6 for evacuation
[190.299s][info][gc,phases      ] GC(315)   Pre Evacuate Collection Set: 0.1ms
[190.299s][info][gc,phases      ] GC(315)   Evacuate Collection Set: 1.2ms
[190.299s][info][gc,phases      ] GC(315)   Post Evacuate Collection Set: 1.5ms
[190.299s][info][gc,phases      ] GC(315)   Other: 0.3ms
[190.299s][info][gc,heap        ] GC(315) Eden regions: 1228->0(1227)
[190.299s][info][gc,heap        ] GC(315) Survivor regions: 0->1(154)
[190.299s][info][gc,heap        ] GC(315) Old regions: 18->18
[190.299s][info][gc,heap        ] GC(315) Humongous regions: 334->332
[190.299s][info][gc,metaspace   ] GC(315) Metaspace: 147372K(163164K)->147372K(163164K) NonClass: 128015K(135820K)->128015K(135820K) Class: 19356K(27344K)->19356K(27344K)
[190.299s][info][gc             ] GC(315) Pause Young (Normal) (G1 Evacuation Pause) 6303M->1384M(8192M) 3.190ms
[190.299s][info][gc,cpu         ] GC(315) User=0.00s Sys=0.00s Real=0.00s
[190.795s][info][gc,start       ] GC(316) Pause Young (Normal) (G1 Evacuation Pause)
[190.795s][info][gc,task        ] GC(316) Using 6 workers of 6 for evacuation
[190.797s][info][gc,phases      ] GC(316)   Pre Evacuate Collection Set: 0.1ms
[190.798s][info][gc,phases      ] GC(316)   Evacuate Collection Set: 1.1ms
[190.798s][info][gc,phases      ] GC(316)   Post Evacuate Collection Set: 1.4ms
[190.798s][info][gc,phases      ] GC(316)   Other: 0.3ms
[190.798s][info][gc,heap        ] GC(316) Eden regions: 1227->0(1227)
[190.798s][info][gc,heap        ] GC(316) Survivor regions: 1->1(154)
[190.798s][info][gc,heap        ] GC(316) Old regions: 18->18
[190.798s][info][gc,heap        ] GC(316) Humongous regions: 332->332
[190.798s][info][gc,metaspace   ] GC(316) Metaspace: 147372K(163164K)->147372K(163164K) NonClass: 128015K(135820K)->128015K(135820K) Class: 19356K(27344K)->19356K(27344K)
[190.798s][info][gc             ] GC(316) Pause Young (Normal) (G1 Evacuation Pause) 6292M->1384M(8192M) 2.877ms
[190.798s][info][gc,cpu         ] GC(316) User=0.00s Sys=0.00s Real=0.00s
[191.301s][info][gc,task        ] GC(317) Using 6 workers of 6 for full compaction
[191.301s][info][gc,start       ] GC(317) Pause Full (System.gc())
[191.303s][info][gc,phases,start] GC(317) Phase 1: Mark live objects
[191.328s][info][gc,stringtable ] GC(317) Cleaned string and symbol table, strings: 41688 processed, 31 removed, symbols: 299415 processed, 0 removed
[191.328s][info][gc,phases      ] GC(317) Phase 1: Mark live objects 24.821ms
[191.328s][info][gc,phases,start] GC(317) Phase 2: Prepare for compaction
[191.336s][info][gc,phases      ] GC(317) Phase 2: Prepare for compaction 7.869ms
[191.336s][info][gc,phases,start] GC(317) Phase 3: Adjust pointers
[191.357s][info][gc,phases      ] GC(317) Phase 3: Adjust pointers 20.858ms
[191.357s][info][gc,phases,start] GC(317) Phase 4: Compact heap
[191.364s][info][gc,phases      ] GC(317) Phase 4: Compact heap 6.436ms
[191.381s][info][gc,heap        ] GC(317) Eden regions: 649->0(1228)
[191.381s][info][gc,heap        ] GC(317) Survivor regions: 1->0(154)
[191.381s][info][gc,heap        ] GC(317) Old regions: 18->18
[191.381s][info][gc,heap        ] GC(317) Humongous regions: 334->332
[191.381s][info][gc,metaspace   ] GC(317) Metaspace: 147411K(163420K)->147411K(163420K) NonClass: 128055K(136076K)->128055K(136076K) Class: 19356K(27344K)->19356K(27344K)
[191.381s][info][gc             ] GC(317) Pause Full (System.gc()) 3987M->1383M(8192M) 79.665ms
[191.381s][info][gc,cpu         ] GC(317) User=0.06s Sys=0.00s Real=0.08s
[191.925s][info][gc,start       ] GC(318) Pause Young (Normal) (G1 Evacuation Pause)
[191.925s][info][gc,task        ] GC(318) Using 6 workers of 6 for evacuation
[191.928s][info][gc,phases      ] GC(318)   Pre Evacuate Collection Set: 0.1ms
[191.928s][info][gc,phases      ] GC(318)   Evacuate Collection Set: 1.1ms
[191.928s][info][gc,phases      ] GC(318)   Post Evacuate Collection Set: 1.4ms
[191.928s][info][gc,phases      ] GC(318)   Other: 0.3ms
[191.928s][info][gc,heap        ] GC(318) Eden regions: 1228->0(1227)
[191.928s][info][gc,heap        ] GC(318) Survivor regions: 0->1(154)
[191.928s][info][gc,heap        ] GC(318) Old regions: 18->18
[191.928s][info][gc,heap        ] GC(318) Humongous regions: 334->332
[191.928s][info][gc,metaspace   ] GC(318) Metaspace: 147417K(163420K)->147417K(163420K) NonClass: 128060K(136076K)->128060K(136076K) Class: 19356K(27344K)->19356K(27344K)
[191.928s][info][gc             ] GC(318) Pause Young (Normal) (G1 Evacuation Pause) 6303M->1384M(8192M) 2.992ms
[191.928s][info][gc,cpu         ] GC(318) User=0.00s Sys=0.00s Real=0.00s
[192.418s][info][gc,start       ] GC(319) Pause Young (Normal) (G1 Evacuation Pause)
[192.418s][info][gc,task        ] GC(319) Using 6 workers of 6 for evacuation
[192.421s][info][gc,phases      ] GC(319)   Pre Evacuate Collection Set: 0.1ms
[192.421s][info][gc,phases      ] GC(319)   Evacuate Collection Set: 1.1ms
[192.421s][info][gc,phases      ] GC(319)   Post Evacuate Collection Set: 1.4ms
[192.421s][info][gc,phases      ] GC(319)   Other: 0.3ms
[192.421s][info][gc,heap        ] GC(319) Eden regions: 1227->0(1227)
[192.421s][info][gc,heap        ] GC(319) Survivor regions: 1->1(154)
[192.421s][info][gc,heap        ] GC(319) Old regions: 18->18
[192.421s][info][gc,heap        ] GC(319) Humongous regions: 332->332
[192.421s][info][gc,metaspace   ] GC(319) Metaspace: 147417K(163420K)->147417K(163420K) NonClass: 128060K(136076K)->128060K(136076K) Class: 19356K(27344K)->19356K(27344K)
[192.421s][info][gc             ] GC(319) Pause Young (Normal) (G1 Evacuation Pause) 6292M->1384M(8192M) 2.968ms
[192.421s][info][gc,cpu         ] GC(319) User=0.00s Sys=0.00s Real=0.00s
[192.925s][info][gc,task        ] GC(320) Using 6 workers of 6 for full compaction
[192.925s][info][gc,start       ] GC(320) Pause Full (System.gc())
[192.928s][info][gc,phases,start] GC(320) Phase 1: Mark live objects
[192.955s][info][gc,stringtable ] GC(320) Cleaned string and symbol table, strings: 41695 processed, 31 removed, symbols: 299415 processed, 0 removed
[192.955s][info][gc,phases      ] GC(320) Phase 1: Mark live objects 27.595ms
[192.955s][info][gc,phases,start] GC(320) Phase 2: Prepare for compaction
[192.963s][info][gc,phases      ] GC(320) Phase 2: Prepare for compaction 7.833ms
[192.963s][info][gc,phases,start] GC(320) Phase 3: Adjust pointers
[192.983s][info][gc,phases      ] GC(320) Phase 3: Adjust pointers 19.862ms
[192.983s][info][gc,phases,start] GC(320) Phase 4: Compact heap
[192.989s][info][gc,phases      ] GC(320) Phase 4: Compact heap 6.175ms
[193.007s][info][gc,heap        ] GC(320) Eden regions: 649->0(1228)
[193.007s][info][gc,heap        ] GC(320) Survivor regions: 1->0(154)
[193.007s][info][gc,heap        ] GC(320) Old regions: 18->18
[193.007s][info][gc,heap        ] GC(320) Humongous regions: 334->332
[193.007s][info][gc,metaspace   ] GC(320) Metaspace: 147417K(163420K)->147417K(163420K) NonClass: 128060K(136076K)->128060K(136076K) Class: 19356K(27344K)->19356K(27344K)
[193.007s][info][gc             ] GC(320) Pause Full (System.gc()) 3988M->1383M(8192M) 81.371ms
[193.007s][info][gc,cpu         ] GC(320) User=0.02s Sys=0.00s Real=0.08s
[193.552s][info][gc,start       ] GC(321) Pause Young (Normal) (G1 Evacuation Pause)
[193.552s][info][gc,task        ] GC(321) Using 6 workers of 6 for evacuation
[193.555s][info][gc,phases      ] GC(321)   Pre Evacuate Collection Set: 0.1ms
[193.555s][info][gc,phases      ] GC(321)   Evacuate Collection Set: 1.2ms
[193.555s][info][gc,phases      ] GC(321)   Post Evacuate Collection Set: 1.5ms
[193.555s][info][gc,phases      ] GC(321)   Other: 0.3ms
[193.555s][info][gc,heap        ] GC(321) Eden regions: 1228->0(1227)
[193.555s][info][gc,heap        ] GC(321) Survivor regions: 0->1(154)
[193.555s][info][gc,heap        ] GC(321) Old regions: 18->18
[193.555s][info][gc,heap        ] GC(321) Humongous regions: 334->332
[193.555s][info][gc,metaspace   ] GC(321) Metaspace: 147417K(163420K)->147417K(163420K) NonClass: 128060K(136076K)->128060K(136076K) Class: 19356K(27344K)->19356K(27344K)
[193.555s][info][gc             ] GC(321) Pause Young (Normal) (G1 Evacuation Pause) 6303M->1384M(8192M) 3.190ms
[193.555s][info][gc,cpu         ] GC(321) User=0.00s Sys=0.00s Real=0.00s
[194.050s][info][gc,start       ] GC(322) Pause Young (Normal) (G1 Evacuation Pause)
[194.050s][info][gc,task        ] GC(322) Using 6 workers of 6 for evacuation
[194.053s][info][gc,phases      ] GC(322)   Pre Evacuate Collection Set: 0.1ms
[194.053s][info][gc,phases      ] GC(322)   Evacuate Collection Set: 1.2ms
[194.053s][info][gc,phases      ] GC(322)   Post Evacuate Collection Set: 1.3ms
[194.053s][info][gc,phases      ] GC(322)   Other: 0.3ms
[194.053s][info][gc,heap        ] GC(322) Eden regions: 1227->0(1227)
[194.053s][info][gc,heap        ] GC(322) Survivor regions: 1->1(154)
[194.053s][info][gc,heap        ] GC(322) Old regions: 18->18
[194.053s][info][gc,heap        ] GC(322) Humongous regions: 332->332
[194.053s][info][gc,metaspace   ] GC(322) Metaspace: 147417K(163420K)->147417K(163420K) NonClass: 128060K(136076K)->128060K(136076K) Class: 19356K(27344K)->19356K(27344K)
[194.053s][info][gc             ] GC(322) Pause Young (Normal) (G1 Evacuation Pause) 6292M->1384M(8192M) 2.952ms
[194.053s][info][gc,cpu         ] GC(322) User=0.00s Sys=0.00s Real=0.00s
[194.549s][info][gc,task        ] GC(323) Using 6 workers of 6 for full compaction
[194.549s][info][gc,start       ] GC(323) Pause Full (System.gc())
[194.552s][info][gc,phases,start] GC(323) Phase 1: Mark live objects
[194.581s][info][gc,stringtable ] GC(323) Cleaned string and symbol table, strings: 41722 processed, 31 removed, symbols: 299415 processed, 0 removed
[194.581s][info][gc,phases      ] GC(323) Phase 1: Mark live objects 28.651ms
[194.581s][info][gc,phases,start] GC(323) Phase 2: Prepare for compaction
[194.589s][info][gc,phases      ] GC(323) Phase 2: Prepare for compaction 8.141ms
[194.589s][info][gc,phases,start] GC(323) Phase 3: Adjust pointers
[194.609s][info][gc,phases      ] GC(323) Phase 3: Adjust pointers 20.073ms
[194.609s][info][gc,phases,start] GC(323) Phase 4: Compact heap
[194.615s][info][gc,phases      ] GC(323) Phase 4: Compact heap 6.276ms
[194.633s][info][gc,heap        ] GC(323) Eden regions: 652->0(1228)
[194.633s][info][gc,heap        ] GC(323) Survivor regions: 1->0(154)
[194.633s][info][gc,heap        ] GC(323) Old regions: 18->18
[194.633s][info][gc,heap        ] GC(323) Humongous regions: 334->332
[194.633s][info][gc,metaspace   ] GC(323) Metaspace: 147419K(163420K)->147419K(163420K) NonClass: 128062K(136076K)->128062K(136076K) Class: 19356K(27344K)->19356K(27344K)
[194.633s][info][gc             ] GC(323) Pause Full (System.gc()) 3999M->1383M(8192M) 83.553ms
[194.633s][info][gc,cpu         ] GC(323) User=0.05s Sys=0.00s Real=0.09s
[195.176s][info][gc,start       ] GC(324) Pause Young (Normal) (G1 Evacuation Pause)
[195.176s][info][gc,task        ] GC(324) Using 6 workers of 6 for evacuation
[195.179s][info][gc,phases      ] GC(324)   Pre Evacuate Collection Set: 0.1ms
[195.179s][info][gc,phases      ] GC(324)   Evacuate Collection Set: 1.2ms
[195.179s][info][gc,phases      ] GC(324)   Post Evacuate Collection Set: 1.4ms
[195.179s][info][gc,phases      ] GC(324)   Other: 0.3ms
[195.179s][info][gc,heap        ] GC(324) Eden regions: 1228->0(1227)
[195.179s][info][gc,heap        ] GC(324) Survivor regions: 0->1(154)
[195.179s][info][gc,heap        ] GC(324) Old regions: 18->18
[195.179s][info][gc,heap        ] GC(324) Humongous regions: 334->332
[195.179s][info][gc,metaspace   ] GC(324) Metaspace: 147419K(163420K)->147419K(163420K) NonClass: 128062K(136076K)->128062K(136076K) Class: 19356K(27344K)->19356K(27344K)
[195.179s][info][gc             ] GC(324) Pause Young (Normal) (G1 Evacuation Pause) 6303M->1384M(8192M) 3.023ms
[195.179s][info][gc,cpu         ] GC(324) User=0.00s Sys=0.00s Real=0.00s
[195.674s][info][gc,start       ] GC(325) Pause Young (Normal) (G1 Evacuation Pause)
[195.674s][info][gc,task        ] GC(325) Using 6 workers of 6 for evacuation
[195.678s][info][gc,phases      ] GC(325)   Pre Evacuate Collection Set: 0.1ms
[195.678s][info][gc,phases      ] GC(325)   Evacuate Collection Set: 1.1ms
[195.678s][info][gc,phases      ] GC(325)   Post Evacuate Collection Set: 2.0ms
[195.678s][info][gc,phases      ] GC(325)   Other: 0.4ms
[195.678s][info][gc,heap        ] GC(325) Eden regions: 1227->0(1227)
[195.678s][info][gc,heap        ] GC(325) Survivor regions: 1->1(154)
[195.678s][info][gc,heap        ] GC(325) Old regions: 18->18
[195.678s][info][gc,heap        ] GC(325) Humongous regions: 332->332
[195.678s][info][gc,metaspace   ] GC(325) Metaspace: 147419K(163420K)->147419K(163420K) NonClass: 128062K(136076K)->128062K(136076K) Class: 19356K(27344K)->19356K(27344K)
[195.678s][info][gc             ] GC(325) Pause Young (Normal) (G1 Evacuation Pause) 6292M->1384M(8192M) 3.627ms
[195.678s][info][gc,cpu         ] GC(325) User=0.02s Sys=0.00s Real=0.02s
[196.173s][info][gc,task        ] GC(326) Using 6 workers of 6 for full compaction
[196.173s][info][gc,start       ] GC(326) Pause Full (System.gc())
[196.175s][info][gc,phases,start] GC(326) Phase 1: Mark live objects
[196.203s][info][gc,stringtable ] GC(326) Cleaned string and symbol table, strings: 41722 processed, 31 removed, symbols: 299415 processed, 0 removed
[196.203s][info][gc,phases      ] GC(326) Phase 1: Mark live objects 28.143ms
[196.203s][info][gc,phases,start] GC(326) Phase 2: Prepare for compaction
[196.212s][info][gc,phases      ] GC(326) Phase 2: Prepare for compaction 8.357ms
[196.212s][info][gc,phases,start] GC(326) Phase 3: Adjust pointers
[196.231s][info][gc,phases      ] GC(326) Phase 3: Adjust pointers 19.783ms
[196.231s][info][gc,phases,start] GC(326) Phase 4: Compact heap
[196.239s][info][gc,phases      ] GC(326) Phase 4: Compact heap 7.223ms
[196.256s][info][gc,heap        ] GC(326) Eden regions: 649->0(1228)
[196.256s][info][gc,heap        ] GC(326) Survivor regions: 1->0(154)
[196.256s][info][gc,heap        ] GC(326) Old regions: 18->18
[196.256s][info][gc,heap        ] GC(326) Humongous regions: 334->332
[196.256s][info][gc,metaspace   ] GC(326) Metaspace: 147419K(163420K)->147419K(163420K) NonClass: 128063K(136076K)->128063K(136076K) Class: 19356K(27344K)->19356K(27344K)
[196.256s][info][gc             ] GC(326) Pause Full (System.gc()) 3985M->1383M(8192M) 83.367ms
[196.257s][info][gc,cpu         ] GC(326) User=0.06s Sys=0.00s Real=0.08s
[196.798s][info][gc,start       ] GC(327) Pause Young (Normal) (G1 Evacuation Pause)
[196.798s][info][gc,task        ] GC(327) Using 6 workers of 6 for evacuation
[196.801s][info][gc,phases      ] GC(327)   Pre Evacuate Collection Set: 0.1ms
[196.801s][info][gc,phases      ] GC(327)   Evacuate Collection Set: 1.2ms
[196.801s][info][gc,phases      ] GC(327)   Post Evacuate Collection Set: 1.4ms
[196.801s][info][gc,phases      ] GC(327)   Other: 0.3ms
[196.801s][info][gc,heap        ] GC(327) Eden regions: 1228->0(1227)
[196.801s][info][gc,heap        ] GC(327) Survivor regions: 0->1(154)
[196.801s][info][gc,heap        ] GC(327) Old regions: 18->18
[196.801s][info][gc,heap        ] GC(327) Humongous regions: 334->332
[196.801s][info][gc,metaspace   ] GC(327) Metaspace: 147419K(163420K)->147419K(163420K) NonClass: 128063K(136076K)->128063K(136076K) Class: 19356K(27344K)->19356K(27344K)
[196.801s][info][gc             ] GC(327) Pause Young (Normal) (G1 Evacuation Pause) 6303M->1384M(8192M) 3.005ms
[196.801s][info][gc,cpu         ] GC(327) User=0.00s Sys=0.00s Real=0.00s
[197.291s][info][gc,start       ] GC(328) Pause Young (Normal) (G1 Evacuation Pause)
[197.291s][info][gc,task        ] GC(328) Using 6 workers of 6 for evacuation
[197.294s][info][gc,phases      ] GC(328)   Pre Evacuate Collection Set: 0.1ms
[197.294s][info][gc,phases      ] GC(328)   Evacuate Collection Set: 1.2ms
[197.294s][info][gc,phases      ] GC(328)   Post Evacuate Collection Set: 1.4ms
[197.294s][info][gc,phases      ] GC(328)   Other: 0.3ms
[197.294s][info][gc,heap        ] GC(328) Eden regions: 1227->0(1227)
[197.294s][info][gc,heap        ] GC(328) Survivor regions: 1->1(154)
[197.294s][info][gc,heap        ] GC(328) Old regions: 18->18
[197.294s][info][gc,heap        ] GC(328) Humongous regions: 332->332
[197.294s][info][gc,metaspace   ] GC(328) Metaspace: 147419K(163420K)->147419K(163420K) NonClass: 128063K(136076K)->128063K(136076K) Class: 19356K(27344K)->19356K(27344K)
[197.294s][info][gc             ] GC(328) Pause Young (Normal) (G1 Evacuation Pause) 6292M->1384M(8192M) 3.106ms
[197.294s][info][gc,cpu         ] GC(328) User=0.00s Sys=0.00s Real=0.02s
[197.881s][info][gc,heap,exit   ] Heap
[197.881s][info][gc,heap,exit   ]  garbage-first heap   total 8388608K, used 4211674K [0x0000000600000000, 0x0000000800000000)
[197.881s][info][gc,heap,exit   ]   region size 4096K, 683 young (2797568K), 1 survivors (4096K)
[197.881s][info][gc,heap,exit   ]  Metaspace       used 147936K, capacity 156482K, committed 163676K, reserved 1185792K
[197.881s][info][gc,heap,exit   ]   class space    used 19470K, capacity 23459K, committed 27344K, reserved 1048576K
