[0.007s][info][gc,init] CardTable entry size: 512
[0.007s][info][gc     ] Using Parallel
[0.017s][info][gc,init] Version: 21.0.4+7-adhoc.Administrator.jdk21u (release)
[0.017s][info][gc,init] CPUs: 6 total, 6 available
[0.017s][info][gc,init] Memory: 15591M
[0.017s][info][gc,init] Large Page Support: Disabled
[0.017s][info][gc,init] NUMA Support: Disabled
[0.017s][info][gc,init] Compressed Oops: Enabled (Zero based)
[0.017s][info][gc,init] Alignments: Space 512K, Generation 512K, Heap 2M
[0.017s][info][gc,init] Heap Min Capacity: 4G
[0.017s][info][gc,init] Heap Initial Capacity: 4G
[0.017s][info][gc,init] Heap Max Capacity: 4G
[0.019s][info][gc,init] Pre-touch: Disabled
[0.020s][info][gc,init] Parallel Workers: 6
[0.029s][info][gc,metaspace] CDS archive(s) mapped at: [0x000002128f000000-0x000002128fc90000-0x000002128fc90000), size 13172736, SharedBaseAddress: 0x000002128f000000, ArchiveRelocationMode: 1.
[0.029s][info][gc,metaspace] Compressed class space mapped at: 0x0000021290000000-0x00000212d0000000, reserved size: 1073741824
[0.029s][info][gc,metaspace] Narrow klass base: 0x000002128f000000, Narrow klass shift: 0, Narrow klass range: 0x100000000
[4.013s][info][gc,start    ] GC(0) Pause Young (Metadata GC Threshold)
[4.019s][info][gc,heap     ] GC(0) PSYoungGen: 167775K(1223168K)->9125K(1223168K) Eden: 167775K(1048576K)->0K(1048576K) From: 0K(174592K)->9125K(174592K)
[4.019s][info][gc,heap     ] GC(0) ParOldGen: 0K(2796544K)->24K(2796544K)
[4.019s][info][gc,metaspace] GC(0) Metaspace: 21239K(21504K)->21239K(21504K) NonClass: 18575K(18688K)->18575K(18688K) Class: 2663K(2816K)->2663K(2816K)
[4.019s][info][gc          ] GC(0) Pause Young (Metadata GC Threshold) 163M->8M(3925M) 6.506ms
[4.019s][info][gc,cpu      ] GC(0) User=0.02s Sys=0.00s Real=0.02s
[4.019s][info][gc,start    ] GC(1) Pause Full (Metadata GC Threshold)
[4.019s][info][gc,phases,start] GC(1) Marking Phase
[4.024s][info][gc,phases      ] GC(1) Marking Phase 4.706ms
[4.024s][info][gc,phases,start] GC(1) Summary Phase
[4.024s][info][gc,phases      ] GC(1) Summary Phase 0.012ms
[4.024s][info][gc,phases,start] GC(1) Adjust Roots
[4.026s][info][gc,phases      ] GC(1) Adjust Roots 2.311ms
[4.026s][info][gc,phases,start] GC(1) Compaction Phase
[4.031s][info][gc,phases      ] GC(1) Compaction Phase 4.662ms
[4.031s][info][gc,phases,start] GC(1) Post Compact
[4.033s][info][gc,phases      ] GC(1) Post Compact 1.689ms
[4.033s][info][gc,heap        ] GC(1) PSYoungGen: 9125K(1223168K)->0K(1223168K) Eden: 0K(1048576K)->0K(1048576K) From: 9125K(174592K)->0K(174592K)
[4.033s][info][gc,heap        ] GC(1) ParOldGen: 24K(2796544K)->8986K(2796544K)
[4.033s][info][gc,metaspace   ] GC(1) Metaspace: 21239K(21504K)->21239K(21504K) NonClass: 18575K(18688K)->18575K(18688K) Class: 2663K(2816K)->2663K(2816K)
[4.033s][info][gc             ] GC(1) Pause Full (Metadata GC Threshold) 8M->8M(3925M) 13.627ms
[4.033s][info][gc,cpu         ] GC(1) User=0.00s Sys=0.00s Real=0.02s
[4.843s][info][gc,start       ] GC(2) Pause Young (Metadata GC Threshold)
[4.846s][info][gc,heap        ] GC(2) PSYoungGen: 153791K(1223168K)->3856K(1223168K) Eden: 153791K(1048576K)->0K(1048576K) From: 0K(174592K)->3856K(174592K)
[4.846s][info][gc,heap        ] GC(2) ParOldGen: 8986K(2796544K)->8994K(2796544K)
[4.846s][info][gc,metaspace   ] GC(2) Metaspace: 35450K(35840K)->35450K(35840K) NonClass: 30683K(30848K)->30683K(30848K) Class: 4766K(4992K)->4766K(4992K)
[4.847s][info][gc             ] GC(2) Pause Young (Metadata GC Threshold) 158M->12M(3925M) 3.367ms
[4.847s][info][gc,cpu         ] GC(2) User=0.00s Sys=0.00s Real=0.00s
[4.847s][info][gc,start       ] GC(3) Pause Full (Metadata GC Threshold)
[4.847s][info][gc,phases,start] GC(3) Marking Phase
[4.854s][info][gc,phases      ] GC(3) Marking Phase 7.030ms
[4.854s][info][gc,phases,start] GC(3) Summary Phase
[4.854s][info][gc,phases      ] GC(3) Summary Phase 0.010ms
[4.854s][info][gc,phases,start] GC(3) Adjust Roots
[4.856s][info][gc,phases      ] GC(3) Adjust Roots 2.629ms
[4.856s][info][gc,phases,start] GC(3) Compaction Phase
[4.863s][info][gc,phases      ] GC(3) Compaction Phase 6.883ms
[4.863s][info][gc,phases,start] GC(3) Post Compact
[4.864s][info][gc,phases      ] GC(3) Post Compact 0.989ms
[4.864s][info][gc,heap        ] GC(3) PSYoungGen: 3856K(1223168K)->0K(1223168K) Eden: 0K(1048576K)->0K(1048576K) From: 3856K(174592K)->0K(174592K)
[4.864s][info][gc,heap        ] GC(3) ParOldGen: 8994K(2796544K)->12487K(2796544K)
[4.864s][info][gc,metaspace   ] GC(3) Metaspace: 35450K(35840K)->35450K(35840K) NonClass: 30683K(30848K)->30683K(30848K) Class: 4766K(4992K)->4766K(4992K)
[4.864s][info][gc             ] GC(3) Pause Full (Metadata GC Threshold) 12M->12M(3925M) 17.815ms
[4.864s][info][gc,cpu         ] GC(3) User=0.02s Sys=0.00s Real=0.01s
[5.409s][info][gc,start       ] GC(4) Pause Young (System.gc())
[5.412s][info][gc,heap        ] GC(4) PSYoungGen: 166383K(1223168K)->4648K(1223168K) Eden: 166383K(1048576K)->0K(1048576K) From: 0K(174592K)->4648K(174592K)
[5.412s][info][gc,heap        ] GC(4) ParOldGen: 12487K(2796544K)->12495K(2796544K)
[5.412s][info][gc,metaspace   ] GC(4) Metaspace: 45080K(45504K)->45080K(45504K) NonClass: 38912K(39168K)->38912K(39168K) Class: 6167K(6336K)->6167K(6336K)
[5.412s][info][gc             ] GC(4) Pause Young (System.gc()) 174M->16M(3925M) 2.483ms
[5.412s][info][gc,cpu         ] GC(4) User=0.00s Sys=0.00s Real=0.00s
[5.412s][info][gc,start       ] GC(5) Pause Full (System.gc())
[5.412s][info][gc,phases,start] GC(5) Marking Phase
[5.420s][info][gc,phases      ] GC(5) Marking Phase 8.185ms
[5.420s][info][gc,phases,start] GC(5) Summary Phase
[5.420s][info][gc,phases      ] GC(5) Summary Phase 0.009ms
[5.420s][info][gc,phases,start] GC(5) Adjust Roots
[5.424s][info][gc,phases      ] GC(5) Adjust Roots 3.588ms
[5.424s][info][gc,phases,start] GC(5) Compaction Phase
[5.432s][info][gc,phases      ] GC(5) Compaction Phase 8.592ms
[5.432s][info][gc,phases,start] GC(5) Post Compact
[5.433s][info][gc,phases      ] GC(5) Post Compact 0.963ms
[5.434s][info][gc,heap        ] GC(5) PSYoungGen: 4648K(1223168K)->0K(1223168K) Eden: 0K(1048576K)->0K(1048576K) From: 4648K(174592K)->0K(174592K)
[5.434s][info][gc,heap        ] GC(5) ParOldGen: 12495K(2796544K)->16867K(2796544K)
[5.434s][info][gc,metaspace   ] GC(5) Metaspace: 45080K(45504K)->45080K(45504K) NonClass: 38912K(39168K)->38912K(39168K) Class: 6167K(6336K)->6167K(6336K)
[5.434s][info][gc             ] GC(5) Pause Full (System.gc()) 16M->16M(3925M) 21.652ms
[5.434s][info][gc,cpu         ] GC(5) User=0.02s Sys=0.00s Real=0.02s
[10.498s][info][gc,start       ] GC(6) Pause Young (Allocation Failure)
[10.503s][info][gc,heap        ] GC(6) PSYoungGen: 1048576K(1223168K)->10080K(1223168K) Eden: 1048576K(1048576K)->0K(1048576K) From: 0K(174592K)->10080K(174592K)
[10.503s][info][gc,heap        ] GC(6) ParOldGen: 16867K(2796544K)->16875K(2796544K)
[10.503s][info][gc,metaspace   ] GC(6) Metaspace: 50046K(50560K)->50046K(50560K) NonClass: 43537K(43776K)->43537K(43776K) Class: 6508K(6784K)->6508K(6784K)
[10.503s][info][gc             ] GC(6) Pause Young (Allocation Failure) 1040M->26M(3925M) 5.770ms
[10.503s][info][gc,cpu         ] GC(6) User=0.00s Sys=0.00s Real=0.00s
[13.127s][info][gc,start       ] GC(7) Pause Young (Allocation Failure)
[13.132s][info][gc,heap        ] GC(7) PSYoungGen: 1058656K(1223168K)->7872K(1223168K) Eden: 1048576K(1048576K)->0K(1048576K) From: 10080K(174592K)->7872K(174592K)
[13.132s][info][gc,heap        ] GC(7) ParOldGen: 16875K(2796544K)->16883K(2796544K)
[13.132s][info][gc,metaspace   ] GC(7) Metaspace: 50248K(50752K)->50248K(50752K) NonClass: 43714K(43968K)->43714K(43968K) Class: 6534K(6784K)->6534K(6784K)
[13.132s][info][gc             ] GC(7) Pause Young (Allocation Failure) 1050M->24M(3925M) 5.174ms
[13.132s][info][gc,cpu         ] GC(7) User=0.03s Sys=0.00s Real=0.00s
[14.727s][info][gc,start       ] GC(8) Pause Young (System.gc())
[14.733s][info][gc,heap        ] GC(8) PSYoungGen: 1023088K(1223168K)->7424K(1223168K) Eden: 1015216K(1048576K)->0K(1048576K) From: 7872K(174592K)->7424K(174592K)
[14.733s][info][gc,heap        ] GC(8) ParOldGen: 16883K(2796544K)->16891K(2796544K)
[14.733s][info][gc,metaspace   ] GC(8) Metaspace: 50495K(51072K)->50495K(51072K) NonClass: 43933K(44224K)->43933K(44224K) Class: 6562K(6848K)->6562K(6848K)
[14.733s][info][gc             ] GC(8) Pause Young (System.gc()) 1015M->23M(3925M) 5.488ms
[14.733s][info][gc,cpu         ] GC(8) User=0.00s Sys=0.00s Real=0.02s
[14.733s][info][gc,start       ] GC(9) Pause Full (System.gc())
[14.733s][info][gc,phases,start] GC(9) Marking Phase
[14.759s][info][gc,phases      ] GC(9) Marking Phase 26.599ms
[14.760s][info][gc,phases,start] GC(9) Summary Phase
[14.760s][info][gc,phases      ] GC(9) Summary Phase 0.010ms
[14.760s][info][gc,phases,start] GC(9) Adjust Roots
[14.770s][info][gc,phases      ] GC(9) Adjust Roots 10.371ms
[14.770s][info][gc,phases,start] GC(9) Compaction Phase
[14.778s][info][gc,phases      ] GC(9) Compaction Phase 7.714ms
[14.778s][info][gc,phases,start] GC(9) Post Compact
[14.779s][info][gc,phases      ] GC(9) Post Compact 1.427ms
[14.779s][info][gc,heap        ] GC(9) PSYoungGen: 7424K(1223168K)->0K(1223168K) Eden: 0K(1048576K)->0K(1048576K) From: 7424K(174592K)->0K(174592K)
[14.779s][info][gc,heap        ] GC(9) ParOldGen: 16891K(2796544K)->21880K(2796544K)
[14.779s][info][gc,metaspace   ] GC(9) Metaspace: 50495K(51072K)->50428K(51072K) NonClass: 43933K(44224K)->43885K(44224K) Class: 6562K(6848K)->6543K(6848K)
[14.779s][info][gc             ] GC(9) Pause Full (System.gc()) 23M->21M(3925M) 46.444ms
[14.779s][info][gc,cpu         ] GC(9) User=0.03s Sys=0.00s Real=0.05s
[16.088s][info][gc,start       ] GC(10) Pause Young (Allocation Failure)
[16.092s][info][gc,heap        ] GC(10) PSYoungGen: 1048576K(1223168K)->6192K(1223168K) Eden: 1048576K(1048576K)->0K(1048576K) From: 0K(174592K)->6192K(174592K)
[16.092s][info][gc,heap        ] GC(10) ParOldGen: 21880K(2796544K)->21888K(2796544K)
[16.092s][info][gc,metaspace   ] GC(10) Metaspace: 50800K(51328K)->50800K(51328K) NonClass: 44241K(44480K)->44241K(44480K) Class: 6559K(6848K)->6559K(6848K)
[16.092s][info][gc             ] GC(10) Pause Young (Allocation Failure) 1045M->27M(3925M) 3.486ms
[16.092s][info][gc,cpu         ] GC(10) User=0.00s Sys=0.00s Real=0.00s
[17.062s][info][gc,start       ] GC(11) Pause Young (Allocation Failure)
[17.065s][info][gc,heap        ] GC(11) PSYoungGen: 1054768K(1223168K)->5312K(1387008K) Eden: 1048576K(1048576K)->0K(1375744K) From: 6192K(174592K)->5312K(11264K)
[17.065s][info][gc,heap        ] GC(11) ParOldGen: 21888K(2796544K)->21888K(2796544K)
[17.065s][info][gc,metaspace   ] GC(11) Metaspace: 50819K(51392K)->50819K(51392K) NonClass: 44260K(44544K)->44260K(44544K) Class: 6559K(6848K)->6559K(6848K)
[17.065s][info][gc             ] GC(11) Pause Young (Allocation Failure) 1051M->26M(4085M) 2.873ms
[17.065s][info][gc,cpu         ] GC(11) User=0.00s Sys=0.00s Real=0.00s
[17.704s][info][gc,start       ] GC(12) Pause Young (System.gc())
[17.707s][info][gc,heap        ] GC(12) PSYoungGen: 639116K(1387008K)->4672K(1386496K) Eden: 633804K(1375744K)->0K(1375744K) From: 5312K(11264K)->4672K(10752K)
[17.707s][info][gc,heap        ] GC(12) ParOldGen: 21888K(2796544K)->21896K(2796544K)
[17.707s][info][gc,metaspace   ] GC(12) Metaspace: 50914K(51456K)->50914K(51456K) NonClass: 44354K(44608K)->44354K(44608K) Class: 6559K(6848K)->6559K(6848K)
[17.707s][info][gc             ] GC(12) Pause Young (System.gc()) 645M->25M(4085M) 3.544ms
[17.707s][info][gc,cpu         ] GC(12) User=0.00s Sys=0.00s Real=0.00s
[17.707s][info][gc,start       ] GC(13) Pause Full (System.gc())
[17.707s][info][gc,phases,start] GC(13) Marking Phase
[17.739s][info][gc,phases      ] GC(13) Marking Phase 31.335ms
[17.739s][info][gc,phases,start] GC(13) Summary Phase
[17.739s][info][gc,phases      ] GC(13) Summary Phase 0.010ms
[17.739s][info][gc,phases,start] GC(13) Adjust Roots
[17.747s][info][gc,phases      ] GC(13) Adjust Roots 7.924ms
[17.747s][info][gc,phases,start] GC(13) Compaction Phase
[17.754s][info][gc,phases      ] GC(13) Compaction Phase 7.561ms
[17.754s][info][gc,phases,start] GC(13) Post Compact
[17.755s][info][gc,phases      ] GC(13) Post Compact 1.161ms
[17.755s][info][gc,heap        ] GC(13) PSYoungGen: 4672K(1386496K)->0K(1386496K) Eden: 0K(1375744K)->0K(1375744K) From: 4672K(10752K)->0K(10752K)
[17.755s][info][gc,heap        ] GC(13) ParOldGen: 21896K(2796544K)->22894K(2796544K)
[17.756s][info][gc,metaspace   ] GC(13) Metaspace: 50914K(51456K)->50891K(51456K) NonClass: 44354K(44608K)->44338K(44608K) Class: 6559K(6848K)->6552K(6848K)
[17.756s][info][gc             ] GC(13) Pause Full (System.gc()) 25M->22M(4085M) 48.359ms
[17.756s][info][gc,cpu         ] GC(13) User=0.02s Sys=0.00s Real=0.05s
[19.346s][info][gc,start       ] GC(14) Pause Young (Allocation Failure)
[19.348s][info][gc,heap        ] GC(14) PSYoungGen: 1375744K(1386496K)->4704K(1387008K) Eden: 1375744K(1375744K)->0K(1376256K) From: 0K(10752K)->4704K(10752K)
[19.348s][info][gc,heap        ] GC(14) ParOldGen: 22894K(2796544K)->22902K(2796544K)
[19.348s][info][gc,metaspace   ] GC(14) Metaspace: 51185K(51776K)->51185K(51776K) NonClass: 44633K(44928K)->44633K(44928K) Class: 6552K(6848K)->6552K(6848K)
[19.348s][info][gc             ] GC(14) Pause Young (Allocation Failure) 1365M->26M(4085M) 2.861ms
[19.348s][info][gc,cpu         ] GC(14) User=0.00s Sys=0.00s Real=0.00s
[20.591s][info][gc,start       ] GC(15) Pause Young (System.gc())
[20.594s][info][gc,heap        ] GC(15) PSYoungGen: 1236193K(1387008K)->4672K(1387008K) Eden: 1231489K(1376256K)->0K(1376256K) From: 4704K(10752K)->4672K(10752K)
[20.594s][info][gc,heap        ] GC(15) ParOldGen: 22902K(2796544K)->22910K(2796544K)
[20.594s][info][gc,metaspace   ] GC(15) Metaspace: 51257K(51840K)->51257K(51840K) NonClass: 44704K(44992K)->44704K(44992K) Class: 6552K(6848K)->6552K(6848K)
[20.594s][info][gc             ] GC(15) Pause Young (System.gc()) 1229M->26M(4085M) 3.093ms
[20.594s][info][gc,cpu         ] GC(15) User=0.00s Sys=0.02s Real=0.00s
[20.594s][info][gc,start       ] GC(16) Pause Full (System.gc())
[20.594s][info][gc,phases,start] GC(16) Marking Phase
[20.615s][info][gc,phases      ] GC(16) Marking Phase 21.521ms
[20.615s][info][gc,phases,start] GC(16) Summary Phase
[20.615s][info][gc,phases      ] GC(16) Summary Phase 0.009ms
[20.615s][info][gc,phases,start] GC(16) Adjust Roots
[20.623s][info][gc,phases      ] GC(16) Adjust Roots 7.426ms
[20.623s][info][gc,phases,start] GC(16) Compaction Phase
[20.631s][info][gc,phases      ] GC(16) Compaction Phase 7.949ms
[20.631s][info][gc,phases,start] GC(16) Post Compact
[20.632s][info][gc,phases      ] GC(16) Post Compact 0.809ms
[20.632s][info][gc,heap        ] GC(16) PSYoungGen: 4672K(1387008K)->0K(1387008K) Eden: 0K(1376256K)->0K(1376256K) From: 4672K(10752K)->0K(10752K)
[20.632s][info][gc,heap        ] GC(16) ParOldGen: 22910K(2796544K)->22936K(2796544K)
[20.632s][info][gc,metaspace   ] GC(16) Metaspace: 51257K(51840K)->51257K(51840K) NonClass: 44704K(44992K)->44704K(44992K) Class: 6552K(6848K)->6552K(6848K)
[20.632s][info][gc             ] GC(16) Pause Full (System.gc()) 26M->22M(4085M) 38.011ms
[20.632s][info][gc,cpu         ] GC(16) User=0.03s Sys=0.00s Real=0.03s
[22.106s][info][gc,start       ] GC(17) Pause Young (Allocation Failure)
[22.109s][info][gc,heap        ] GC(17) PSYoungGen: 1376256K(1387008K)->4736K(1387008K) Eden: 1376256K(1376256K)->0K(1376256K) From: 0K(10752K)->4736K(10752K)
[22.109s][info][gc,heap        ] GC(17) ParOldGen: 22936K(2796544K)->22944K(2796544K)
[22.109s][info][gc,metaspace   ] GC(17) Metaspace: 51571K(52096K)->51571K(52096K) NonClass: 45019K(45248K)->45019K(45248K) Class: 6552K(6848K)->6552K(6848K)
[22.109s][info][gc             ] GC(17) Pause Young (Allocation Failure) 1366M->27M(4085M) 2.930ms
[22.109s][info][gc,cpu         ] GC(17) User=0.00s Sys=0.00s Real=0.00s
[23.251s][info][gc,start       ] GC(18) Pause Young (System.gc())
[23.254s][info][gc,heap        ] GC(18) PSYoungGen: 1149133K(1387008K)->2784K(1387008K) Eden: 1144397K(1376256K)->0K(1376256K) From: 4736K(10752K)->2784K(10752K)
[23.254s][info][gc,heap        ] GC(18) ParOldGen: 22944K(2796544K)->25000K(2796544K)
[23.254s][info][gc,metaspace   ] GC(18) Metaspace: 51590K(52160K)->51590K(52160K) NonClass: 45038K(45312K)->45038K(45312K) Class: 6552K(6848K)->6552K(6848K)
[23.254s][info][gc             ] GC(18) Pause Young (System.gc()) 1144M->27M(4085M) 2.846ms
[23.254s][info][gc,cpu         ] GC(18) User=0.00s Sys=0.00s Real=0.00s
[23.254s][info][gc,start       ] GC(19) Pause Full (System.gc())
[23.254s][info][gc,phases,start] GC(19) Marking Phase
[23.275s][info][gc,phases      ] GC(19) Marking Phase 20.412ms
[23.275s][info][gc,phases,start] GC(19) Summary Phase
[23.275s][info][gc,phases      ] GC(19) Summary Phase 0.010ms
[23.275s][info][gc,phases,start] GC(19) Adjust Roots
[23.283s][info][gc,phases      ] GC(19) Adjust Roots 8.245ms
[23.283s][info][gc,phases,start] GC(19) Compaction Phase
[23.289s][info][gc,phases      ] GC(19) Compaction Phase 5.708ms
[23.289s][info][gc,phases,start] GC(19) Post Compact
[23.290s][info][gc,phases      ] GC(19) Post Compact 0.761ms
[23.290s][info][gc,heap        ] GC(19) PSYoungGen: 2784K(1387008K)->0K(1387008K) Eden: 0K(1376256K)->0K(1376256K) From: 2784K(10752K)->0K(10752K)
[23.290s][info][gc,heap        ] GC(19) ParOldGen: 25000K(2796544K)->23009K(2796544K)
[23.290s][info][gc,metaspace   ] GC(19) Metaspace: 51590K(52160K)->51590K(52160K) NonClass: 45038K(45312K)->45038K(45312K) Class: 6552K(6848K)->6552K(6848K)
[23.290s][info][gc             ] GC(19) Pause Full (System.gc()) 27M->22M(4085M) 35.438ms
[23.290s][info][gc,cpu         ] GC(19) User=0.02s Sys=0.00s Real=0.03s
[24.750s][info][gc,start       ] GC(20) Pause Young (Allocation Failure)
[24.753s][info][gc,heap        ] GC(20) PSYoungGen: 1376256K(1387008K)->4832K(1387520K) Eden: 1376256K(1376256K)->0K(1376768K) From: 0K(10752K)->4832K(10752K)
[24.753s][info][gc,heap        ] GC(20) ParOldGen: 23009K(2796544K)->23017K(2796544K)
[24.753s][info][gc,metaspace   ] GC(20) Metaspace: 51651K(52224K)->51651K(52224K) NonClass: 45098K(45376K)->45098K(45376K) Class: 6552K(6848K)->6552K(6848K)
[24.753s][info][gc             ] GC(20) Pause Young (Allocation Failure) 1366M->27M(4086M) 3.098ms
[24.753s][info][gc,cpu         ] GC(20) User=0.00s Sys=0.00s Real=0.00s
[25.848s][info][gc,start       ] GC(21) Pause Young (System.gc())
[25.851s][info][gc,heap        ] GC(21) PSYoungGen: 1093569K(1387520K)->2752K(1387008K) Eden: 1088737K(1376768K)->0K(1376768K) From: 4832K(10752K)->2752K(10240K)
[25.851s][info][gc,heap        ] GC(21) ParOldGen: 23017K(2796544K)->25097K(2796544K)
[25.851s][info][gc,metaspace   ] GC(21) Metaspace: 51677K(52224K)->51677K(52224K) NonClass: 45124K(45376K)->45124K(45376K) Class: 6552K(6848K)->6552K(6848K)
[25.851s][info][gc             ] GC(21) Pause Young (System.gc()) 1090M->27M(4085M) 2.813ms
[25.851s][info][gc,cpu         ] GC(21) User=0.00s Sys=0.00s Real=0.00s
[25.851s][info][gc,start       ] GC(22) Pause Full (System.gc())
[25.851s][info][gc,phases,start] GC(22) Marking Phase
[25.886s][info][gc,phases      ] GC(22) Marking Phase 34.839ms
[25.886s][info][gc,phases,start] GC(22) Summary Phase
[25.886s][info][gc,phases      ] GC(22) Summary Phase 0.009ms
[25.886s][info][gc,phases,start] GC(22) Adjust Roots
[25.894s][info][gc,phases      ] GC(22) Adjust Roots 8.217ms
[25.894s][info][gc,phases,start] GC(22) Compaction Phase
[25.901s][info][gc,phases      ] GC(22) Compaction Phase 6.844ms
[25.901s][info][gc,phases,start] GC(22) Post Compact
[25.902s][info][gc,phases      ] GC(22) Post Compact 0.825ms
[25.902s][info][gc,heap        ] GC(22) PSYoungGen: 2752K(1387008K)->0K(1387008K) Eden: 0K(1376768K)->0K(1376768K) From: 2752K(10240K)->0K(10240K)
[25.902s][info][gc,heap        ] GC(22) ParOldGen: 25097K(2796544K)->23416K(2796544K)
[25.902s][info][gc,metaspace   ] GC(22) Metaspace: 51677K(52224K)->51677K(52224K) NonClass: 45124K(45376K)->45124K(45376K) Class: 6552K(6848K)->6552K(6848K)
[25.902s][info][gc             ] GC(22) Pause Full (System.gc()) 27M->22M(4085M) 51.053ms
[25.902s][info][gc,cpu         ] GC(22) User=0.02s Sys=0.00s Real=0.05s
[27.387s][info][gc,start       ] GC(23) Pause Young (Allocation Failure)
[27.390s][info][gc,heap        ] GC(23) PSYoungGen: 1376768K(1387008K)->4736K(1387520K) Eden: 1376768K(1376768K)->0K(1377280K) From: 0K(10240K)->4736K(10240K)
[27.390s][info][gc,heap        ] GC(23) ParOldGen: 23416K(2796544K)->23424K(2796544K)
[27.390s][info][gc,metaspace   ] GC(23) Metaspace: 51830K(52352K)->51830K(52352K) NonClass: 45278K(45504K)->45278K(45504K) Class: 6552K(6848K)->6552K(6848K)
[27.390s][info][gc             ] GC(23) Pause Young (Allocation Failure) 1367M->27M(4086M) 2.954ms
[27.390s][info][gc,cpu         ] GC(23) User=0.00s Sys=0.00s Real=0.00s
[28.405s][info][gc,start       ] GC(24) Pause Young (System.gc())
[28.407s][info][gc,heap        ] GC(24) PSYoungGen: 1060152K(1387520K)->2720K(1387520K) Eden: 1055416K(1377280K)->0K(1377280K) From: 4736K(10240K)->2720K(10240K)
[28.407s][info][gc,heap        ] GC(24) ParOldGen: 23424K(2796544K)->25504K(2796544K)
[28.407s][info][gc,metaspace   ] GC(24) Metaspace: 51835K(52352K)->51835K(52352K) NonClass: 45282K(45504K)->45282K(45504K) Class: 6552K(6848K)->6552K(6848K)
[28.407s][info][gc             ] GC(24) Pause Young (System.gc()) 1058M->27M(4086M) 2.234ms
[28.407s][info][gc,cpu         ] GC(24) User=0.00s Sys=0.00s Real=0.00s
[28.407s][info][gc,start       ] GC(25) Pause Full (System.gc())
[28.407s][info][gc,phases,start] GC(25) Marking Phase
[28.427s][info][gc,phases      ] GC(25) Marking Phase 20.217ms
[28.427s][info][gc,phases,start] GC(25) Summary Phase
[28.427s][info][gc,phases      ] GC(25) Summary Phase 0.009ms
[28.427s][info][gc,phases,start] GC(25) Adjust Roots
[28.436s][info][gc,phases      ] GC(25) Adjust Roots 9.130ms
[28.436s][info][gc,phases,start] GC(25) Compaction Phase
[28.442s][info][gc,phases      ] GC(25) Compaction Phase 5.411ms
[28.442s][info][gc,phases,start] GC(25) Post Compact
[28.443s][info][gc,phases      ] GC(25) Post Compact 0.749ms
[28.443s][info][gc,heap        ] GC(25) PSYoungGen: 2720K(1387520K)->0K(1387520K) Eden: 0K(1377280K)->0K(1377280K) From: 2720K(10240K)->0K(10240K)
[28.443s][info][gc,heap        ] GC(25) ParOldGen: 25504K(2796544K)->24377K(2796544K)
[28.443s][info][gc,metaspace   ] GC(25) Metaspace: 51835K(52352K)->51835K(52352K) NonClass: 45282K(45504K)->45282K(45504K) Class: 6552K(6848K)->6552K(6848K)
[28.443s][info][gc             ] GC(25) Pause Full (System.gc()) 27M->23M(4086M) 35.792ms
[28.443s][info][gc,cpu         ] GC(25) User=0.00s Sys=0.00s Real=0.03s
[29.936s][info][gc,start       ] GC(26) Pause Young (Allocation Failure)
[29.939s][info][gc,heap        ] GC(26) PSYoungGen: 1377280K(1387520K)->5344K(1388032K) Eden: 1377280K(1377280K)->0K(1377792K) From: 0K(10240K)->5344K(10240K)
[29.939s][info][gc,heap        ] GC(26) ParOldGen: 24377K(2796544K)->24385K(2796544K)
[29.939s][info][gc,metaspace   ] GC(26) Metaspace: 51881K(52416K)->51881K(52416K) NonClass: 45329K(45568K)->45329K(45568K) Class: 6552K(6848K)->6552K(6848K)
[29.939s][info][gc             ] GC(26) Pause Young (Allocation Failure) 1368M->29M(4086M) 3.184ms
[29.939s][info][gc,cpu         ] GC(26) User=0.00s Sys=0.00s Real=0.00s
[31.005s][info][gc,start       ] GC(27) Pause Young (System.gc())
[31.007s][info][gc,heap        ] GC(27) PSYoungGen: 1050246K(1388032K)->2688K(1387520K) Eden: 1044902K(1377792K)->0K(1377792K) From: 5344K(10240K)->2688K(9728K)
[31.007s][info][gc,heap        ] GC(27) ParOldGen: 24385K(2796544K)->26585K(2796544K)
[31.007s][info][gc,metaspace   ] GC(27) Metaspace: 51896K(52416K)->51896K(52416K) NonClass: 45343K(45568K)->45343K(45568K) Class: 6552K(6848K)->6552K(6848K)
[31.007s][info][gc             ] GC(27) Pause Young (System.gc()) 1049M->28M(4086M) 2.710ms
[31.007s][info][gc,cpu         ] GC(27) User=0.00s Sys=0.00s Real=0.00s
[31.007s][info][gc,start       ] GC(28) Pause Full (System.gc())
[31.007s][info][gc,phases,start] GC(28) Marking Phase
[31.030s][info][gc,phases      ] GC(28) Marking Phase 22.656ms
[31.030s][info][gc,phases,start] GC(28) Summary Phase
[31.030s][info][gc,phases      ] GC(28) Summary Phase 0.010ms
[31.030s][info][gc,phases,start] GC(28) Adjust Roots
[31.039s][info][gc,phases      ] GC(28) Adjust Roots 9.193ms
[31.039s][info][gc,phases,start] GC(28) Compaction Phase
[31.045s][info][gc,phases      ] GC(28) Compaction Phase 5.598ms
[31.045s][info][gc,phases,start] GC(28) Post Compact
[31.046s][info][gc,phases      ] GC(28) Post Compact 0.728ms
[31.046s][info][gc,heap        ] GC(28) PSYoungGen: 2688K(1387520K)->0K(1387520K) Eden: 0K(1377792K)->0K(1377792K) From: 2688K(9728K)->0K(9728K)
[31.046s][info][gc,heap        ] GC(28) ParOldGen: 26585K(2796544K)->24404K(2796544K)
[31.046s][info][gc,metaspace   ] GC(28) Metaspace: 51896K(52416K)->51896K(52416K) NonClass: 45343K(45568K)->45343K(45568K) Class: 6552K(6848K)->6552K(6848K)
[31.046s][info][gc             ] GC(28) Pause Full (System.gc()) 28M->23M(4086M) 38.561ms
[31.046s][info][gc,cpu         ] GC(28) User=0.00s Sys=0.00s Real=0.03s
[32.460s][info][gc,start       ] GC(29) Pause Young (Allocation Failure)
[32.463s][info][gc,heap        ] GC(29) PSYoungGen: 1377792K(1387520K)->5968K(1388032K) Eden: 1377792K(1377792K)->0K(1378304K) From: 0K(9728K)->5968K(9728K)
[32.464s][info][gc,heap        ] GC(29) ParOldGen: 24404K(2796544K)->24412K(2796544K)
[32.464s][info][gc,metaspace   ] GC(29) Metaspace: 51929K(52480K)->51929K(52480K) NonClass: 45376K(45632K)->45376K(45632K) Class: 6552K(6848K)->6552K(6848K)
[32.464s][info][gc             ] GC(29) Pause Young (Allocation Failure) 1369M->29M(4086M) 3.488ms
[32.464s][info][gc,cpu         ] GC(29) User=0.00s Sys=0.00s Real=0.00s
[33.460s][info][gc,start       ] GC(30) Pause Young (System.gc())
[33.462s][info][gc,heap        ] GC(30) PSYoungGen: 994858K(1388032K)->2688K(1388032K) Eden: 988890K(1378304K)->0K(1378304K) From: 5968K(9728K)->2688K(9728K)
[33.462s][info][gc,heap        ] GC(30) ParOldGen: 24412K(2796544K)->26492K(2796544K)
[33.462s][info][gc,metaspace   ] GC(30) Metaspace: 51942K(52480K)->51942K(52480K) NonClass: 45390K(45632K)->45390K(45632K) Class: 6552K(6848K)->6552K(6848K)
[33.462s][info][gc             ] GC(30) Pause Young (System.gc()) 995M->28M(4086M) 2.675ms
[33.462s][info][gc,cpu         ] GC(30) User=0.00s Sys=0.00s Real=0.00s
[33.462s][info][gc,start       ] GC(31) Pause Full (System.gc())
[33.462s][info][gc,phases,start] GC(31) Marking Phase
[33.484s][info][gc,phases      ] GC(31) Marking Phase 21.253ms
[33.484s][info][gc,phases,start] GC(31) Summary Phase
[33.484s][info][gc,phases      ] GC(31) Summary Phase 0.010ms
[33.484s][info][gc,phases,start] GC(31) Adjust Roots
[33.492s][info][gc,phases      ] GC(31) Adjust Roots 8.608ms
[33.492s][info][gc,phases,start] GC(31) Compaction Phase
[33.500s][info][gc,phases      ] GC(31) Compaction Phase 7.291ms
[33.500s][info][gc,phases,start] GC(31) Post Compact
[33.500s][info][gc,phases      ] GC(31) Post Compact 0.777ms
[33.501s][info][gc,heap        ] GC(31) PSYoungGen: 2688K(1388032K)->0K(1388032K) Eden: 0K(1378304K)->0K(1378304K) From: 2688K(9728K)->0K(9728K)
[33.501s][info][gc,heap        ] GC(31) ParOldGen: 26492K(2796544K)->25301K(2796544K)
[33.501s][info][gc,metaspace   ] GC(31) Metaspace: 51942K(52480K)->51942K(52480K) NonClass: 45390K(45632K)->45390K(45632K) Class: 6552K(6848K)->6552K(6848K)
[33.501s][info][gc             ] GC(31) Pause Full (System.gc()) 28M->24M(4086M) 38.263ms
[33.501s][info][gc,cpu         ] GC(31) User=0.00s Sys=0.00s Real=0.03s
[34.950s][info][gc,start       ] GC(32) Pause Young (Allocation Failure)
[34.953s][info][gc,heap        ] GC(32) PSYoungGen: 1378304K(1388032K)->4832K(1388544K) Eden: 1378304K(1378304K)->0K(1378816K) From: 0K(9728K)->4832K(9728K)
[34.953s][info][gc,heap        ] GC(32) ParOldGen: 25301K(2796544K)->25309K(2796544K)
[34.953s][info][gc,metaspace   ] GC(32) Metaspace: 52052K(52608K)->52052K(52608K) NonClass: 45499K(45760K)->45499K(45760K) Class: 6552K(6848K)->6552K(6848K)
[34.953s][info][gc             ] GC(32) Pause Young (Allocation Failure) 1370M->29M(4087M) 3.034ms
[34.953s][info][gc,cpu         ] GC(32) User=0.00s Sys=0.00s Real=0.00s
[35.899s][info][gc,start       ] GC(33) Pause Young (System.gc())
[35.902s][info][gc,heap        ] GC(33) PSYoungGen: 987398K(1388544K)->2656K(1388032K) Eden: 982566K(1378816K)->0K(1378816K) From: 4832K(9728K)->2656K(9216K)
[35.902s][info][gc,heap        ] GC(33) ParOldGen: 25309K(2796544K)->27525K(2796544K)
[35.902s][info][gc,metaspace   ] GC(33) Metaspace: 52052K(52608K)->52052K(52608K) NonClass: 45500K(45760K)->45500K(45760K) Class: 6552K(6848K)->6552K(6848K)
[35.902s][info][gc             ] GC(33) Pause Young (System.gc()) 988M->29M(4086M) 2.631ms
[35.902s][info][gc,cpu         ] GC(33) User=0.00s Sys=0.00s Real=0.00s
[35.902s][info][gc,start       ] GC(34) Pause Full (System.gc())
[35.902s][info][gc,phases,start] GC(34) Marking Phase
[35.926s][info][gc,phases      ] GC(34) Marking Phase 23.967ms
[35.926s][info][gc,phases,start] GC(34) Summary Phase
[35.926s][info][gc,phases      ] GC(34) Summary Phase 0.010ms
[35.926s][info][gc,phases,start] GC(34) Adjust Roots
[35.935s][info][gc,phases      ] GC(34) Adjust Roots 9.358ms
[35.935s][info][gc,phases,start] GC(34) Compaction Phase
[35.942s][info][gc,phases      ] GC(34) Compaction Phase 6.363ms
[35.942s][info][gc,phases,start] GC(34) Post Compact
[35.943s][info][gc,phases      ] GC(34) Post Compact 0.744ms
[35.943s][info][gc,heap        ] GC(34) PSYoungGen: 2656K(1388032K)->0K(1388032K) Eden: 0K(1378816K)->0K(1378816K) From: 2656K(9216K)->0K(9216K)
[35.943s][info][gc,heap        ] GC(34) ParOldGen: 27525K(2796544K)->25278K(2796544K)
[35.943s][info][gc,metaspace   ] GC(34) Metaspace: 52052K(52608K)->52052K(52608K) NonClass: 45500K(45760K)->45500K(45760K) Class: 6552K(6848K)->6552K(6848K)
[35.943s][info][gc             ] GC(34) Pause Full (System.gc()) 29M->24M(4086M) 40.724ms
[35.943s][info][gc,cpu         ] GC(34) User=0.02s Sys=0.00s Real=0.03s
[37.395s][info][gc,start       ] GC(35) Pause Young (Allocation Failure)
[37.398s][info][gc,heap        ] GC(35) PSYoungGen: 1378816K(1388032K)->5440K(1388544K) Eden: 1378816K(1378816K)->0K(1379328K) From: 0K(9216K)->5440K(9216K)
[37.398s][info][gc,heap        ] GC(35) ParOldGen: 25278K(2796544K)->25286K(2796544K)
[37.398s][info][gc,metaspace   ] GC(35) Metaspace: 52111K(52608K)->52111K(52608K) NonClass: 45559K(45760K)->45559K(45760K) Class: 6552K(6848K)->6552K(6848K)
[37.398s][info][gc             ] GC(35) Pause Young (Allocation Failure) 1371M->30M(4087M) 3.136ms
[37.398s][info][gc,cpu         ] GC(35) User=0.00s Sys=0.00s Real=0.00s
[38.334s][info][gc,start       ] GC(36) Pause Young (System.gc())
[38.338s][info][gc,heap        ] GC(36) PSYoungGen: 976372K(1388544K)->2656K(1388544K) Eden: 970932K(1379328K)->0K(1379328K) From: 5440K(9216K)->2656K(9216K)
[38.338s][info][gc,heap        ] GC(36) ParOldGen: 25286K(2796544K)->27502K(2796544K)
[38.338s][info][gc,metaspace   ] GC(36) Metaspace: 52128K(52672K)->52128K(52672K) NonClass: 45575K(45824K)->45575K(45824K) Class: 6552K(6848K)->6552K(6848K)
[38.338s][info][gc             ] GC(36) Pause Young (System.gc()) 978M->29M(4087M) 3.958ms
[38.338s][info][gc,cpu         ] GC(36) User=0.00s Sys=0.00s Real=0.00s
[38.338s][info][gc,start       ] GC(37) Pause Full (System.gc())
[38.338s][info][gc,phases,start] GC(37) Marking Phase
[38.360s][info][gc,phases      ] GC(37) Marking Phase 21.228ms
[38.360s][info][gc,phases,start] GC(37) Summary Phase
[38.360s][info][gc,phases      ] GC(37) Summary Phase 0.010ms
[38.360s][info][gc,phases,start] GC(37) Adjust Roots
[38.369s][info][gc,phases      ] GC(37) Adjust Roots 8.882ms
[38.369s][info][gc,phases,start] GC(37) Compaction Phase
[38.374s][info][gc,phases      ] GC(37) Compaction Phase 5.184ms
[38.374s][info][gc,phases,start] GC(37) Post Compact
[38.375s][info][gc,phases      ] GC(37) Post Compact 0.669ms
[38.375s][info][gc,heap        ] GC(37) PSYoungGen: 2656K(1388544K)->0K(1388544K) Eden: 0K(1379328K)->0K(1379328K) From: 2656K(9216K)->0K(9216K)
[38.375s][info][gc,heap        ] GC(37) ParOldGen: 27502K(2796544K)->25373K(2796544K)
[38.375s][info][gc,metaspace   ] GC(37) Metaspace: 52128K(52672K)->52128K(52672K) NonClass: 45575K(45824K)->45575K(45824K) Class: 6552K(6848K)->6552K(6848K)
[38.375s][info][gc             ] GC(37) Pause Full (System.gc()) 29M->24M(4087M) 36.451ms
[38.375s][info][gc,cpu         ] GC(37) User=0.00s Sys=0.00s Real=0.03s
[39.816s][info][gc,start       ] GC(38) Pause Young (Allocation Failure)
[39.819s][info][gc,heap        ] GC(38) PSYoungGen: 1379328K(1388544K)->4832K(1389056K) Eden: 1379328K(1379328K)->0K(1380352K) From: 0K(9216K)->4832K(8704K)
[39.819s][info][gc,heap        ] GC(38) ParOldGen: 25373K(2796544K)->25373K(2796544K)
[39.819s][info][gc,metaspace   ] GC(38) Metaspace: 52139K(52672K)->52139K(52672K) NonClass: 45587K(45824K)->45587K(45824K) Class: 6552K(6848K)->6552K(6848K)
[39.819s][info][gc             ] GC(38) Pause Young (Allocation Failure) 1371M->29M(4087M) 2.991ms
[39.819s][info][gc,cpu         ] GC(38) User=0.00s Sys=0.00s Real=0.00s
[40.749s][info][gc,start       ] GC(39) Pause Young (System.gc())
[40.751s][info][gc,heap        ] GC(39) PSYoungGen: 962667K(1389056K)->2656K(1389056K) Eden: 957835K(1380352K)->0K(1380352K) From: 4832K(8704K)->2656K(8704K)
[40.751s][info][gc,heap        ] GC(39) ParOldGen: 25373K(2796544K)->27565K(2796544K)
[40.751s][info][gc,metaspace   ] GC(39) Metaspace: 52139K(52672K)->52139K(52672K) NonClass: 45587K(45824K)->45587K(45824K) Class: 6552K(6848K)->6552K(6848K)
[40.751s][info][gc             ] GC(39) Pause Young (System.gc()) 964M->29M(4087M) 2.767ms
[40.751s][info][gc,cpu         ] GC(39) User=0.00s Sys=0.00s Real=0.00s
[40.751s][info][gc,start       ] GC(40) Pause Full (System.gc())
[40.751s][info][gc,phases,start] GC(40) Marking Phase
[40.774s][info][gc,phases      ] GC(40) Marking Phase 23.050ms
[40.775s][info][gc,phases,start] GC(40) Summary Phase
[40.775s][info][gc,phases      ] GC(40) Summary Phase 0.010ms
[40.775s][info][gc,phases,start] GC(40) Adjust Roots
[40.783s][info][gc,phases      ] GC(40) Adjust Roots 8.830ms
[40.783s][info][gc,phases,start] GC(40) Compaction Phase
[40.790s][info][gc,phases      ] GC(40) Compaction Phase 6.085ms
[40.790s][info][gc,phases,start] GC(40) Post Compact
[40.790s][info][gc,phases      ] GC(40) Post Compact 0.749ms
[40.790s][info][gc,heap        ] GC(40) PSYoungGen: 2656K(1389056K)->0K(1389056K) Eden: 0K(1380352K)->0K(1380352K) From: 2656K(8704K)->0K(8704K)
[40.790s][info][gc,heap        ] GC(40) ParOldGen: 27565K(2796544K)->25340K(2796544K)
[40.790s][info][gc,metaspace   ] GC(40) Metaspace: 52139K(52672K)->52139K(52672K) NonClass: 45587K(45824K)->45587K(45824K) Class: 6552K(6848K)->6552K(6848K)
[40.790s][info][gc             ] GC(40) Pause Full (System.gc()) 29M->24M(4087M) 39.009ms
[40.790s][info][gc,cpu         ] GC(40) User=0.00s Sys=0.00s Real=0.03s
[42.238s][info][gc,start       ] GC(41) Pause Young (Allocation Failure)
[42.241s][info][gc,heap        ] GC(41) PSYoungGen: 1380352K(1389056K)->5216K(1389056K) Eden: 1380352K(1380352K)->0K(1380352K) From: 0K(8704K)->5216K(8704K)
[42.241s][info][gc,heap        ] GC(41) ParOldGen: 25340K(2796544K)->25340K(2796544K)
[42.241s][info][gc,metaspace   ] GC(41) Metaspace: 52164K(52672K)->52164K(52672K) NonClass: 45612K(45824K)->45612K(45824K) Class: 6552K(6848K)->6552K(6848K)
[42.241s][info][gc             ] GC(41) Pause Young (Allocation Failure) 1372M->29M(4087M) 3.228ms
[42.241s][info][gc,cpu         ] GC(41) User=0.00s Sys=0.00s Real=0.00s
[43.193s][info][gc,start       ] GC(42) Pause Young (System.gc())
[43.196s][info][gc,heap        ] GC(42) PSYoungGen: 932508K(1389056K)->2656K(1389056K) Eden: 927292K(1380352K)->0K(1380352K) From: 5216K(8704K)->2656K(8704K)
[43.196s][info][gc,heap        ] GC(42) ParOldGen: 25340K(2796544K)->27588K(2796544K)
[43.196s][info][gc,metaspace   ] GC(42) Metaspace: 52166K(52672K)->52166K(52672K) NonClass: 45613K(45824K)->45613K(45824K) Class: 6552K(6848K)->6552K(6848K)
[43.196s][info][gc             ] GC(42) Pause Young (System.gc()) 935M->29M(4087M) 2.643ms
[43.196s][info][gc,cpu         ] GC(42) User=0.00s Sys=0.00s Real=0.00s
[43.196s][info][gc,start       ] GC(43) Pause Full (System.gc())
[43.196s][info][gc,phases,start] GC(43) Marking Phase
[43.217s][info][gc,phases      ] GC(43) Marking Phase 21.102ms
[43.217s][info][gc,phases,start] GC(43) Summary Phase
[43.217s][info][gc,phases      ] GC(43) Summary Phase 0.010ms
[43.217s][info][gc,phases,start] GC(43) Adjust Roots
[43.227s][info][gc,phases      ] GC(43) Adjust Roots 9.629ms
[43.227s][info][gc,phases,start] GC(43) Compaction Phase
[43.234s][info][gc,phases      ] GC(43) Compaction Phase 6.768ms
[43.234s][info][gc,phases,start] GC(43) Post Compact
[43.235s][info][gc,phases      ] GC(43) Post Compact 0.708ms
[43.235s][info][gc,heap        ] GC(43) PSYoungGen: 2656K(1389056K)->0K(1389056K) Eden: 0K(1380352K)->0K(1380352K) From: 2656K(8704K)->0K(8704K)
[43.235s][info][gc,heap        ] GC(43) ParOldGen: 27588K(2796544K)->25373K(2796544K)
[43.235s][info][gc,metaspace   ] GC(43) Metaspace: 52166K(52672K)->52166K(52672K) NonClass: 45613K(45824K)->45613K(45824K) Class: 6552K(6848K)->6552K(6848K)
[43.235s][info][gc             ] GC(43) Pause Full (System.gc()) 29M->24M(4087M) 38.509ms
[43.235s][info][gc,cpu         ] GC(43) User=0.02s Sys=0.00s Real=0.03s
[44.669s][info][gc,start       ] GC(44) Pause Young (Allocation Failure)
[44.673s][info][gc,heap        ] GC(44) PSYoungGen: 1380352K(1389056K)->5280K(1389568K) Eden: 1380352K(1380352K)->0K(1381376K) From: 0K(8704K)->5280K(8192K)
[44.673s][info][gc,heap        ] GC(44) ParOldGen: 25373K(2796544K)->25381K(2796544K)
[44.673s][info][gc,metaspace   ] GC(44) Metaspace: 52444K(52928K)->52444K(52928K) NonClass: 45892K(46080K)->45892K(46080K) Class: 6552K(6848K)->6552K(6848K)
[44.673s][info][gc             ] GC(44) Pause Young (Allocation Failure) 1372M->29M(4088M) 4.064ms
[44.673s][info][gc,cpu         ] GC(44) User=0.00s Sys=0.00s Real=0.00s
[45.627s][info][gc,start       ] GC(45) Pause Young (System.gc())
[45.630s][info][gc,heap        ] GC(45) PSYoungGen: 932028K(1389568K)->2624K(1389568K) Eden: 926748K(1381376K)->0K(1381376K) From: 5280K(8192K)->2624K(8192K)
[45.630s][info][gc,heap        ] GC(45) ParOldGen: 25381K(2796544K)->27509K(2796544K)
[45.630s][info][gc,metaspace   ] GC(45) Metaspace: 52458K(52992K)->52458K(52992K) NonClass: 45906K(46144K)->45906K(46144K) Class: 6552K(6848K)->6552K(6848K)
[45.630s][info][gc             ] GC(45) Pause Young (System.gc()) 934M->29M(4088M) 2.746ms
[45.630s][info][gc,cpu         ] GC(45) User=0.02s Sys=0.00s Real=0.02s
[45.630s][info][gc,start       ] GC(46) Pause Full (System.gc())
[45.630s][info][gc,phases,start] GC(46) Marking Phase
[45.652s][info][gc,phases      ] GC(46) Marking Phase 21.715ms
[45.652s][info][gc,phases,start] GC(46) Summary Phase
[45.652s][info][gc,phases      ] GC(46) Summary Phase 0.010ms
[45.652s][info][gc,phases,start] GC(46) Adjust Roots
[45.661s][info][gc,phases      ] GC(46) Adjust Roots 9.409ms
[45.661s][info][gc,phases,start] GC(46) Compaction Phase
[45.668s][info][gc,phases      ] GC(46) Compaction Phase 6.100ms
[45.668s][info][gc,phases,start] GC(46) Post Compact
[45.668s][info][gc,phases      ] GC(46) Post Compact 0.735ms
[45.668s][info][gc,heap        ] GC(46) PSYoungGen: 2624K(1389568K)->0K(1389568K) Eden: 0K(1381376K)->0K(1381376K) From: 2624K(8192K)->0K(8192K)
[45.668s][info][gc,heap        ] GC(46) ParOldGen: 27509K(2796544K)->25301K(2796544K)
[45.668s][info][gc,metaspace   ] GC(46) Metaspace: 52458K(52992K)->52458K(52992K) NonClass: 45906K(46144K)->45906K(46144K) Class: 6552K(6848K)->6552K(6848K)
[45.668s][info][gc             ] GC(46) Pause Full (System.gc()) 29M->24M(4088M) 38.272ms
[45.669s][info][gc,cpu         ] GC(46) User=0.02s Sys=0.00s Real=0.03s
[47.189s][info][gc,start       ] GC(47) Pause Young (Allocation Failure)
[47.194s][info][gc,heap        ] GC(47) PSYoungGen: 1381376K(1389568K)->6016K(1388544K) Eden: 1381376K(1381376K)->0K(1380352K) From: 0K(8192K)->6016K(8192K)
[47.194s][info][gc,heap        ] GC(47) ParOldGen: 25301K(2796544K)->25301K(2796544K)
[47.194s][info][gc,metaspace   ] GC(47) Metaspace: 52461K(53056K)->52461K(53056K) NonClass: 45909K(46208K)->45909K(46208K) Class: 6552K(6848K)->6552K(6848K)
[47.194s][info][gc             ] GC(47) Pause Young (Allocation Failure) 1373M->30M(4087M) 4.845ms
[47.194s][info][gc,cpu         ] GC(47) User=0.05s Sys=0.00s Real=0.00s
[48.095s][info][gc,start       ] GC(48) Pause Young (System.gc())
[48.098s][info][gc,heap        ] GC(48) PSYoungGen: 909586K(1388544K)->2688K(1389056K) Eden: 903570K(1380352K)->0K(1380352K) From: 6016K(8192K)->2688K(8704K)
[48.098s][info][gc,heap        ] GC(48) ParOldGen: 25301K(2796544K)->27493K(2796544K)
[48.098s][info][gc,metaspace   ] GC(48) Metaspace: 52462K(53056K)->52462K(53056K) NonClass: 45909K(46208K)->45909K(46208K) Class: 6552K(6848K)->6552K(6848K)
[48.098s][info][gc             ] GC(48) Pause Young (System.gc()) 912M->29M(4087M) 2.787ms
[48.098s][info][gc,cpu         ] GC(48) User=0.00s Sys=0.00s Real=0.00s
[48.098s][info][gc,start       ] GC(49) Pause Full (System.gc())
[48.098s][info][gc,phases,start] GC(49) Marking Phase
[48.122s][info][gc,phases      ] GC(49) Marking Phase 23.781ms
[48.122s][info][gc,phases,start] GC(49) Summary Phase
[48.122s][info][gc,phases      ] GC(49) Summary Phase 0.010ms
[48.122s][info][gc,phases,start] GC(49) Adjust Roots
[48.131s][info][gc,phases      ] GC(49) Adjust Roots 8.955ms
[48.131s][info][gc,phases,start] GC(49) Compaction Phase
[48.138s][info][gc,phases      ] GC(49) Compaction Phase 6.937ms
[48.138s][info][gc,phases,start] GC(49) Post Compact
[48.138s][info][gc,phases      ] GC(49) Post Compact 0.718ms
[48.139s][info][gc,heap        ] GC(49) PSYoungGen: 2688K(1389056K)->0K(1389056K) Eden: 0K(1380352K)->0K(1380352K) From: 2688K(8704K)->0K(8704K)
[48.139s][info][gc,heap        ] GC(49) ParOldGen: 27493K(2796544K)->25299K(2796544K)
[48.139s][info][gc,metaspace   ] GC(49) Metaspace: 52462K(53056K)->52462K(53056K) NonClass: 45909K(46208K)->45909K(46208K) Class: 6552K(6848K)->6552K(6848K)
[48.139s][info][gc             ] GC(49) Pause Full (System.gc()) 29M->24M(4087M) 40.686ms
[48.139s][info][gc,cpu         ] GC(49) User=0.03s Sys=0.00s Real=0.03s
[49.594s][info][gc,start       ] GC(50) Pause Young (Allocation Failure)
[49.597s][info][gc,heap        ] GC(50) PSYoungGen: 1380352K(1389056K)->5312K(1389056K) Eden: 1380352K(1380352K)->0K(1380352K) From: 0K(8704K)->5312K(8704K)
[49.597s][info][gc,heap        ] GC(50) ParOldGen: 25299K(2796544K)->25299K(2796544K)
[49.597s][info][gc,metaspace   ] GC(50) Metaspace: 52467K(53056K)->52467K(53056K) NonClass: 45914K(46208K)->45914K(46208K) Class: 6552K(6848K)->6552K(6848K)
[49.598s][info][gc             ] GC(50) Pause Young (Allocation Failure) 1372M->29M(4087M) 3.114ms
[49.598s][info][gc,cpu         ] GC(50) User=0.00s Sys=0.00s Real=0.00s
[50.462s][info][gc,start       ] GC(51) Pause Young (System.gc())
[50.464s][info][gc,heap        ] GC(51) PSYoungGen: 866956K(1389056K)->2624K(1389056K) Eden: 861644K(1380352K)->0K(1380352K) From: 5312K(8704K)->2624K(8704K)
[50.465s][info][gc,heap        ] GC(51) ParOldGen: 25299K(2796544K)->27539K(2796544K)
[50.465s][info][gc,metaspace   ] GC(51) Metaspace: 52469K(53056K)->52469K(53056K) NonClass: 45917K(46208K)->45917K(46208K) Class: 6552K(6848K)->6552K(6848K)
[50.465s][info][gc             ] GC(51) Pause Young (System.gc()) 871M->29M(4087M) 3.017ms
[50.465s][info][gc,cpu         ] GC(51) User=0.00s Sys=0.00s Real=0.01s
[50.465s][info][gc,start       ] GC(52) Pause Full (System.gc())
[50.465s][info][gc,phases,start] GC(52) Marking Phase
[50.487s][info][gc,phases      ] GC(52) Marking Phase 22.365ms
[50.487s][info][gc,phases,start] GC(52) Summary Phase
[50.487s][info][gc,phases      ] GC(52) Summary Phase 0.010ms
[50.487s][info][gc,phases,start] GC(52) Adjust Roots
[50.496s][info][gc,phases      ] GC(52) Adjust Roots 8.785ms
[50.496s][info][gc,phases,start] GC(52) Compaction Phase
[50.503s][info][gc,phases      ] GC(52) Compaction Phase 6.940ms
[50.503s][info][gc,phases,start] GC(52) Post Compact
[50.504s][info][gc,phases      ] GC(52) Post Compact 0.678ms
[50.504s][info][gc,heap        ] GC(52) PSYoungGen: 2624K(1389056K)->0K(1389056K) Eden: 0K(1380352K)->0K(1380352K) From: 2624K(8704K)->0K(8704K)
[50.504s][info][gc,heap        ] GC(52) ParOldGen: 27539K(2796544K)->25440K(2796544K)
[50.504s][info][gc,metaspace   ] GC(52) Metaspace: 52469K(53056K)->52469K(53056K) NonClass: 45917K(46208K)->45917K(46208K) Class: 6552K(6848K)->6552K(6848K)
[50.504s][info][gc             ] GC(52) Pause Full (System.gc()) 29M->24M(4087M) 39.073ms
[50.504s][info][gc,cpu         ] GC(52) User=0.03s Sys=0.00s Real=0.04s
[51.952s][info][gc,start       ] GC(53) Pause Young (Allocation Failure)
[51.956s][info][gc,heap        ] GC(53) PSYoungGen: 1380352K(1389056K)->5440K(1388544K) Eden: 1380352K(1380352K)->0K(1380352K) From: 0K(8704K)->5440K(8192K)
[51.956s][info][gc,heap        ] GC(53) ParOldGen: 25440K(2796544K)->25448K(2796544K)
[51.956s][info][gc,metaspace   ] GC(53) Metaspace: 52477K(53056K)->52477K(53056K) NonClass: 45925K(46208K)->45925K(46208K) Class: 6552K(6848K)->6552K(6848K)
[51.956s][info][gc             ] GC(53) Pause Young (Allocation Failure) 1372M->30M(4087M) 3.291ms
[51.956s][info][gc,cpu         ] GC(53) User=0.00s Sys=0.00s Real=0.00s
[52.788s][info][gc,start       ] GC(54) Pause Young (System.gc())
[52.790s][info][gc,heap        ] GC(54) PSYoungGen: 859379K(1388544K)->2656K(1389056K) Eden: 853939K(1380352K)->0K(1380352K) From: 5440K(8192K)->2656K(8704K)
[52.790s][info][gc,heap        ] GC(54) ParOldGen: 25448K(2796544K)->27688K(2796544K)
[52.790s][info][gc,metaspace   ] GC(54) Metaspace: 52478K(53056K)->52478K(53056K) NonClass: 45926K(46208K)->45926K(46208K) Class: 6552K(6848K)->6552K(6848K)
[52.790s][info][gc             ] GC(54) Pause Young (System.gc()) 864M->29M(4087M) 2.190ms
[52.790s][info][gc,cpu         ] GC(54) User=0.00s Sys=0.00s Real=0.00s
[52.790s][info][gc,start       ] GC(55) Pause Full (System.gc())
[52.790s][info][gc,phases,start] GC(55) Marking Phase
[52.812s][info][gc,phases      ] GC(55) Marking Phase 21.577ms
[52.812s][info][gc,phases,start] GC(55) Summary Phase
[52.812s][info][gc,phases      ] GC(55) Summary Phase 0.009ms
[52.812s][info][gc,phases,start] GC(55) Adjust Roots
[52.822s][info][gc,phases      ] GC(55) Adjust Roots 9.780ms
[52.822s][info][gc,phases,start] GC(55) Compaction Phase
[52.827s][info][gc,phases      ] GC(55) Compaction Phase 5.617ms
[52.827s][info][gc,phases,start] GC(55) Post Compact
[52.828s][info][gc,phases      ] GC(55) Post Compact 0.746ms
[52.828s][info][gc,heap        ] GC(55) PSYoungGen: 2656K(1389056K)->0K(1389056K) Eden: 0K(1380352K)->0K(1380352K) From: 2656K(8704K)->0K(8704K)
[52.828s][info][gc,heap        ] GC(55) ParOldGen: 27688K(2796544K)->25430K(2796544K)
[52.828s][info][gc,metaspace   ] GC(55) Metaspace: 52478K(53056K)->52478K(53056K) NonClass: 45926K(46208K)->45926K(46208K) Class: 6552K(6848K)->6552K(6848K)
[52.828s][info][gc             ] GC(55) Pause Full (System.gc()) 29M->24M(4087M) 38.011ms
[52.828s][info][gc,cpu         ] GC(55) User=0.02s Sys=0.00s Real=0.03s
[54.277s][info][gc,start       ] GC(56) Pause Young (Allocation Failure)
[54.280s][info][gc,heap        ] GC(56) PSYoungGen: 1380352K(1389056K)->5408K(1389568K) Eden: 1380352K(1380352K)->0K(1381376K) From: 0K(8704K)->5408K(8192K)
[54.280s][info][gc,heap        ] GC(56) ParOldGen: 25430K(2796544K)->25430K(2796544K)
[54.280s][info][gc,metaspace   ] GC(56) Metaspace: 52479K(53056K)->52479K(53056K) NonClass: 45926K(46208K)->45926K(46208K) Class: 6552K(6848K)->6552K(6848K)
[54.280s][info][gc             ] GC(56) Pause Young (Allocation Failure) 1372M->30M(4088M) 3.293ms
[54.280s][info][gc,cpu         ] GC(56) User=0.02s Sys=0.00s Real=0.00s
[55.161s][info][gc,start       ] GC(57) Pause Young (System.gc())
[55.165s][info][gc,heap        ] GC(57) PSYoungGen: 859204K(1389568K)->2624K(1389568K) Eden: 853796K(1381376K)->0K(1381376K) From: 5408K(8192K)->2624K(8192K)
[55.165s][info][gc,heap        ] GC(57) ParOldGen: 25430K(2796544K)->27550K(2796544K)
[55.165s][info][gc,metaspace   ] GC(57) Metaspace: 52479K(53056K)->52479K(53056K) NonClass: 45926K(46208K)->45926K(46208K) Class: 6552K(6848K)->6552K(6848K)
[55.165s][info][gc             ] GC(57) Pause Young (System.gc()) 863M->29M(4088M) 3.662ms
[55.165s][info][gc,cpu         ] GC(57) User=0.00s Sys=0.00s Real=0.01s
[55.165s][info][gc,start       ] GC(58) Pause Full (System.gc())
[55.165s][info][gc,phases,start] GC(58) Marking Phase
[55.187s][info][gc,phases      ] GC(58) Marking Phase 21.804ms
[55.187s][info][gc,phases,start] GC(58) Summary Phase
[55.187s][info][gc,phases      ] GC(58) Summary Phase 0.009ms
[55.187s][info][gc,phases,start] GC(58) Adjust Roots
[55.196s][info][gc,phases      ] GC(58) Adjust Roots 9.134ms
[55.196s][info][gc,phases,start] GC(58) Compaction Phase
[55.202s][info][gc,phases      ] GC(58) Compaction Phase 5.510ms
[55.202s][info][gc,phases,start] GC(58) Post Compact
[55.203s][info][gc,phases      ] GC(58) Post Compact 0.690ms
[55.203s][info][gc,heap        ] GC(58) PSYoungGen: 2624K(1389568K)->0K(1389568K) Eden: 0K(1381376K)->0K(1381376K) From: 2624K(8192K)->0K(8192K)
[55.203s][info][gc,heap        ] GC(58) ParOldGen: 27550K(2796544K)->25333K(2796544K)
[55.203s][info][gc,metaspace   ] GC(58) Metaspace: 52479K(53056K)->52479K(53056K) NonClass: 45926K(46208K)->45926K(46208K) Class: 6552K(6848K)->6552K(6848K)
[55.203s][info][gc             ] GC(58) Pause Full (System.gc()) 29M->24M(4088M) 37.406ms
[55.203s][info][gc,cpu         ] GC(58) User=0.03s Sys=0.00s Real=0.04s
[56.573s][info][gc,start       ] GC(59) Pause Young (Allocation Failure)
[56.576s][info][gc,heap        ] GC(59) PSYoungGen: 1381376K(1389568K)->5408K(1389568K) Eden: 1381376K(1381376K)->0K(1381376K) From: 0K(8192K)->5408K(8192K)
[56.576s][info][gc,heap        ] GC(59) ParOldGen: 25333K(2796544K)->25333K(2796544K)
[56.576s][info][gc,metaspace   ] GC(59) Metaspace: 52480K(53056K)->52480K(53056K) NonClass: 45928K(46208K)->45928K(46208K) Class: 6552K(6848K)->6552K(6848K)
[56.576s][info][gc             ] GC(59) Pause Young (Allocation Failure) 1373M->30M(4088M) 3.268ms
[56.576s][info][gc,cpu         ] GC(59) User=0.02s Sys=0.00s Real=0.00s
[57.441s][info][gc,start       ] GC(60) Pause Young (System.gc())
[57.443s][info][gc,heap        ] GC(60) PSYoungGen: 861996K(1389568K)->2656K(1389568K) Eden: 856588K(1381376K)->0K(1381376K) From: 5408K(8192K)->2656K(8192K)
[57.443s][info][gc,heap        ] GC(60) ParOldGen: 25333K(2796544K)->27525K(2796544K)
[57.443s][info][gc,metaspace   ] GC(60) Metaspace: 52481K(53056K)->52481K(53056K) NonClass: 45928K(46208K)->45928K(46208K) Class: 6552K(6848K)->6552K(6848K)
[57.443s][info][gc             ] GC(60) Pause Young (System.gc()) 866M->29M(4088M) 2.849ms
[57.443s][info][gc,cpu         ] GC(60) User=0.00s Sys=0.00s Real=0.00s
[57.443s][info][gc,start       ] GC(61) Pause Full (System.gc())
[57.443s][info][gc,phases,start] GC(61) Marking Phase
[57.466s][info][gc,phases      ] GC(61) Marking Phase 22.444ms
[57.466s][info][gc,phases,start] GC(61) Summary Phase
[57.466s][info][gc,phases      ] GC(61) Summary Phase 0.010ms
[57.466s][info][gc,phases,start] GC(61) Adjust Roots
[57.476s][info][gc,phases      ] GC(61) Adjust Roots 9.552ms
[57.476s][info][gc,phases,start] GC(61) Compaction Phase
[57.482s][info][gc,phases      ] GC(61) Compaction Phase 6.642ms
[57.482s][info][gc,phases,start] GC(61) Post Compact
[57.483s][info][gc,phases      ] GC(61) Post Compact 0.704ms
[57.483s][info][gc,heap        ] GC(61) PSYoungGen: 2656K(1389568K)->0K(1389568K) Eden: 0K(1381376K)->0K(1381376K) From: 2656K(8192K)->0K(8192K)
[57.483s][info][gc,heap        ] GC(61) ParOldGen: 27525K(2796544K)->25332K(2796544K)
[57.483s][info][gc,metaspace   ] GC(61) Metaspace: 52481K(53056K)->52481K(53056K) NonClass: 45928K(46208K)->45928K(46208K) Class: 6552K(6848K)->6552K(6848K)
[57.483s][info][gc             ] GC(61) Pause Full (System.gc()) 29M->24M(4088M) 39.620ms
[57.483s][info][gc,cpu         ] GC(61) User=0.02s Sys=0.00s Real=0.03s
[58.926s][info][gc,start       ] GC(62) Pause Young (Allocation Failure)
[58.929s][info][gc,heap        ] GC(62) PSYoungGen: 1381376K(1389568K)->5680K(1388544K) Eden: 1381376K(1381376K)->0K(1380352K) From: 0K(8192K)->5680K(8192K)
[58.929s][info][gc,heap        ] GC(62) ParOldGen: 25332K(2796544K)->25332K(2796544K)
[58.929s][info][gc,metaspace   ] GC(62) Metaspace: 52487K(53056K)->52487K(53056K) NonClass: 45935K(46208K)->45935K(46208K) Class: 6552K(6848K)->6552K(6848K)
[58.930s][info][gc             ] GC(62) Pause Young (Allocation Failure) 1373M->30M(4087M) 3.329ms
[58.930s][info][gc,cpu         ] GC(62) User=0.00s Sys=0.00s Real=0.00s
[59.743s][info][gc,start       ] GC(63) Pause Young (System.gc())
[59.746s][info][gc,heap        ] GC(63) PSYoungGen: 840118K(1388544K)->2656K(1389056K) Eden: 834438K(1380352K)->0K(1380352K) From: 5680K(8192K)->2656K(8704K)
[59.746s][info][gc,heap        ] GC(63) ParOldGen: 25332K(2796544K)->27532K(2796544K)
[59.746s][info][gc,metaspace   ] GC(63) Metaspace: 52489K(53056K)->52489K(53056K) NonClass: 45936K(46208K)->45936K(46208K) Class: 6552K(6848K)->6552K(6848K)
[59.746s][info][gc             ] GC(63) Pause Young (System.gc()) 845M->29M(4087M) 2.787ms
[59.746s][info][gc,cpu         ] GC(63) User=0.00s Sys=0.00s Real=0.00s
[59.746s][info][gc,start       ] GC(64) Pause Full (System.gc())
[59.746s][info][gc,phases,start] GC(64) Marking Phase
[59.770s][info][gc,phases      ] GC(64) Marking Phase 23.575ms
[59.770s][info][gc,phases,start] GC(64) Summary Phase
[59.770s][info][gc,phases      ] GC(64) Summary Phase 0.010ms
[59.770s][info][gc,phases,start] GC(64) Adjust Roots
[59.780s][info][gc,phases      ] GC(64) Adjust Roots 10.040ms
[59.780s][info][gc,phases,start] GC(64) Compaction Phase
[59.786s][info][gc,phases      ] GC(64) Compaction Phase 5.910ms
[59.786s][info][gc,phases,start] GC(64) Post Compact
[59.787s][info][gc,phases      ] GC(64) Post Compact 0.687ms
[59.787s][info][gc,heap        ] GC(64) PSYoungGen: 2656K(1389056K)->0K(1389056K) Eden: 0K(1380352K)->0K(1380352K) From: 2656K(8704K)->0K(8704K)
[59.787s][info][gc,heap        ] GC(64) ParOldGen: 27532K(2796544K)->25422K(2796544K)
[59.787s][info][gc,metaspace   ] GC(64) Metaspace: 52489K(53056K)->52489K(53056K) NonClass: 45936K(46208K)->45936K(46208K) Class: 6552K(6848K)->6552K(6848K)
[59.787s][info][gc             ] GC(64) Pause Full (System.gc()) 29M->24M(4087M) 40.536ms
[59.787s][info][gc,cpu         ] GC(64) User=0.00s Sys=0.00s Real=0.03s
[61.293s][info][gc,start       ] GC(65) Pause Young (Allocation Failure)
[61.296s][info][gc,heap        ] GC(65) PSYoungGen: 1380352K(1389056K)->5152K(1389568K) Eden: 1380352K(1380352K)->0K(1381376K) From: 0K(8704K)->5152K(8192K)
[61.296s][info][gc,heap        ] GC(65) ParOldGen: 25422K(2796544K)->25430K(2796544K)
[61.296s][info][gc,metaspace   ] GC(65) Metaspace: 52491K(53056K)->52491K(53056K) NonClass: 45938K(46208K)->45938K(46208K) Class: 6552K(6848K)->6552K(6848K)
[61.296s][info][gc             ] GC(65) Pause Young (Allocation Failure) 1372M->29M(4088M) 3.189ms
[61.296s][info][gc,cpu         ] GC(65) User=0.02s Sys=0.00s Real=0.00s
[62.102s][info][gc,start       ] GC(66) Pause Young (System.gc())
[62.105s][info][gc,heap        ] GC(66) PSYoungGen: 825592K(1389568K)->2624K(1389568K) Eden: 820440K(1381376K)->0K(1381376K) From: 5152K(8192K)->2624K(8192K)
[62.105s][info][gc,heap        ] GC(66) ParOldGen: 25430K(2796544K)->27614K(2796544K)
[62.105s][info][gc,metaspace   ] GC(66) Metaspace: 52511K(53056K)->52511K(53056K) NonClass: 45958K(46208K)->45958K(46208K) Class: 6552K(6848K)->6552K(6848K)
[62.105s][info][gc             ] GC(66) Pause Young (System.gc()) 831M->29M(4088M) 2.596ms
[62.105s][info][gc,cpu         ] GC(66) User=0.00s Sys=0.00s Real=0.00s
[62.105s][info][gc,start       ] GC(67) Pause Full (System.gc())
[62.105s][info][gc,phases,start] GC(67) Marking Phase
[62.130s][info][gc,phases      ] GC(67) Marking Phase 25.269ms
[62.130s][info][gc,phases,start] GC(67) Summary Phase
[62.130s][info][gc,phases      ] GC(67) Summary Phase 0.009ms
[62.130s][info][gc,phases,start] GC(67) Adjust Roots
[62.140s][info][gc,phases      ] GC(67) Adjust Roots 9.871ms
[62.140s][info][gc,phases,start] GC(67) Compaction Phase
[62.146s][info][gc,phases      ] GC(67) Compaction Phase 5.637ms
[62.146s][info][gc,phases,start] GC(67) Post Compact
[62.147s][info][gc,phases      ] GC(67) Post Compact 0.713ms
[62.147s][info][gc,heap        ] GC(67) PSYoungGen: 2624K(1389568K)->0K(1389568K) Eden: 0K(1381376K)->0K(1381376K) From: 2624K(8192K)->0K(8192K)
[62.147s][info][gc,heap        ] GC(67) ParOldGen: 27614K(2796544K)->25381K(2796544K)
[62.147s][info][gc,metaspace   ] GC(67) Metaspace: 52511K(53056K)->52511K(53056K) NonClass: 45958K(46208K)->45958K(46208K) Class: 6552K(6848K)->6552K(6848K)
[62.147s][info][gc             ] GC(67) Pause Full (System.gc()) 29M->24M(4088M) 41.786ms
[62.147s][info][gc,cpu         ] GC(67) User=0.02s Sys=0.00s Real=0.05s
[63.568s][info][gc,start       ] GC(68) Pause Young (Allocation Failure)
[63.572s][info][gc,heap        ] GC(68) PSYoungGen: 1381376K(1389568K)->5696K(1388544K) Eden: 1381376K(1381376K)->0K(1380352K) From: 0K(8192K)->5696K(8192K)
[63.572s][info][gc,heap        ] GC(68) ParOldGen: 25381K(2796544K)->25381K(2796544K)
[63.572s][info][gc,metaspace   ] GC(68) Metaspace: 52520K(53056K)->52520K(53056K) NonClass: 45966K(46208K)->45966K(46208K) Class: 6553K(6848K)->6553K(6848K)
[63.572s][info][gc             ] GC(68) Pause Young (Allocation Failure) 1373M->30M(4087M) 3.402ms
[63.572s][info][gc,cpu         ] GC(68) User=0.00s Sys=0.00s Real=0.00s
[64.377s][info][gc,start       ] GC(69) Pause Young (System.gc())
[64.379s][info][gc,heap        ] GC(69) PSYoungGen: 821957K(1388544K)->2688K(1389056K) Eden: 816261K(1380352K)->0K(1380352K) From: 5696K(8192K)->2688K(8704K)
[64.379s][info][gc,heap        ] GC(69) ParOldGen: 25381K(2796544K)->27637K(2796544K)
[64.379s][info][gc,metaspace   ] GC(69) Metaspace: 52520K(53056K)->52520K(53056K) NonClass: 45966K(46208K)->45966K(46208K) Class: 6553K(6848K)->6553K(6848K)
[64.379s][info][gc             ] GC(69) Pause Young (System.gc()) 827M->29M(4087M) 2.585ms
[64.379s][info][gc,cpu         ] GC(69) User=0.00s Sys=0.00s Real=0.00s
[64.379s][info][gc,start       ] GC(70) Pause Full (System.gc())
[64.380s][info][gc,phases,start] GC(70) Marking Phase
[64.402s][info][gc,phases      ] GC(70) Marking Phase 22.003ms
[64.402s][info][gc,phases,start] GC(70) Summary Phase
[64.402s][info][gc,phases      ] GC(70) Summary Phase 0.010ms
[64.402s][info][gc,phases,start] GC(70) Adjust Roots
[64.412s][info][gc,phases      ] GC(70) Adjust Roots 10.062ms
[64.412s][info][gc,phases,start] GC(70) Compaction Phase
[64.418s][info][gc,phases      ] GC(70) Compaction Phase 5.850ms
[64.418s][info][gc,phases,start] GC(70) Post Compact
[64.418s][info][gc,phases      ] GC(70) Post Compact 0.689ms
[64.418s][info][gc,heap        ] GC(70) PSYoungGen: 2688K(1389056K)->0K(1389056K) Eden: 0K(1380352K)->0K(1380352K) From: 2688K(8704K)->0K(8704K)
[64.418s][info][gc,heap        ] GC(70) ParOldGen: 27637K(2796544K)->25398K(2796544K)
[64.418s][info][gc,metaspace   ] GC(70) Metaspace: 52520K(53056K)->52520K(53056K) NonClass: 45966K(46208K)->45966K(46208K) Class: 6553K(6848K)->6553K(6848K)
[64.418s][info][gc             ] GC(70) Pause Full (System.gc()) 29M->24M(4087M) 38.923ms
[64.418s][info][gc,cpu         ] GC(70) User=0.00s Sys=0.00s Real=0.03s
[65.903s][info][gc,start       ] GC(71) Pause Young (Allocation Failure)
[65.906s][info][gc,heap        ] GC(71) PSYoungGen: 1380352K(1389056K)->4832K(1389568K) Eden: 1380352K(1380352K)->0K(1381376K) From: 0K(8704K)->4832K(8192K)
[65.906s][info][gc,heap        ] GC(71) ParOldGen: 25398K(2796544K)->25398K(2796544K)
[65.906s][info][gc,metaspace   ] GC(71) Metaspace: 52533K(53056K)->52533K(53056K) NonClass: 45976K(46208K)->45976K(46208K) Class: 6556K(6848K)->6556K(6848K)
[65.906s][info][gc             ] GC(71) Pause Young (Allocation Failure) 1372M->29M(4088M) 3.211ms
[65.906s][info][gc,cpu         ] GC(71) User=0.02s Sys=0.00s Real=0.00s
[66.691s][info][gc,start       ] GC(72) Pause Young (System.gc())
[66.694s][info][gc,heap        ] GC(72) PSYoungGen: 828906K(1389568K)->2688K(1389568K) Eden: 824074K(1381376K)->0K(1381376K) From: 4832K(8192K)->2688K(8192K)
[66.694s][info][gc,heap        ] GC(72) ParOldGen: 25398K(2796544K)->27550K(2796544K)
[66.694s][info][gc,metaspace   ] GC(72) Metaspace: 52536K(53056K)->52536K(53056K) NonClass: 45980K(46208K)->45980K(46208K) Class: 6556K(6848K)->6556K(6848K)
[66.694s][info][gc             ] GC(72) Pause Young (System.gc()) 834M->29M(4088M) 3.533ms
[66.694s][info][gc,cpu         ] GC(72) User=0.00s Sys=0.00s Real=0.00s
[66.694s][info][gc,start       ] GC(73) Pause Full (System.gc())
[66.694s][info][gc,phases,start] GC(73) Marking Phase
[66.717s][info][gc,phases      ] GC(73) Marking Phase 23.163ms
[66.717s][info][gc,phases,start] GC(73) Summary Phase
[66.717s][info][gc,phases      ] GC(73) Summary Phase 0.009ms
[66.717s][info][gc,phases,start] GC(73) Adjust Roots
[66.728s][info][gc,phases      ] GC(73) Adjust Roots 10.467ms
[66.728s][info][gc,phases,start] GC(73) Compaction Phase
[66.735s][info][gc,phases      ] GC(73) Compaction Phase 6.951ms
[66.735s][info][gc,phases,start] GC(73) Post Compact
[66.736s][info][gc,phases      ] GC(73) Post Compact 0.905ms
[66.736s][info][gc,heap        ] GC(73) PSYoungGen: 2688K(1389568K)->0K(1389568K) Eden: 0K(1381376K)->0K(1381376K) From: 2688K(8192K)->0K(8192K)
[66.736s][info][gc,heap        ] GC(73) ParOldGen: 27550K(2796544K)->25395K(2796544K)
[66.736s][info][gc,metaspace   ] GC(73) Metaspace: 52536K(53056K)->52536K(53056K) NonClass: 45980K(46208K)->45980K(46208K) Class: 6556K(6848K)->6556K(6848K)
[66.736s][info][gc             ] GC(73) Pause Full (System.gc()) 29M->24M(4088M) 41.832ms
[66.736s][info][gc,cpu         ] GC(73) User=0.00s Sys=0.00s Real=0.03s
[68.197s][info][gc,start       ] GC(74) Pause Young (Allocation Failure)
[68.201s][info][gc,heap        ] GC(74) PSYoungGen: 1381376K(1389568K)->5888K(1389568K) Eden: 1381376K(1381376K)->0K(1381376K) From: 0K(8192K)->5888K(8192K)
[68.201s][info][gc,heap        ] GC(74) ParOldGen: 25395K(2796544K)->25403K(2796544K)
[68.201s][info][gc,metaspace   ] GC(74) Metaspace: 52547K(53056K)->52547K(53056K) NonClass: 45991K(46208K)->45991K(46208K) Class: 6556K(6848K)->6556K(6848K)
[68.201s][info][gc             ] GC(74) Pause Young (Allocation Failure) 1373M->30M(4088M) 3.490ms
[68.201s][info][gc,cpu         ] GC(74) User=0.00s Sys=0.00s Real=0.00s
[69.010s][info][gc,start       ] GC(75) Pause Young (System.gc())
[69.013s][info][gc,heap        ] GC(75) PSYoungGen: 803223K(1389568K)->2656K(1389568K) Eden: 797335K(1381376K)->0K(1381376K) From: 5888K(8192K)->2656K(8192K)
[69.013s][info][gc,heap        ] GC(75) ParOldGen: 25403K(2796544K)->27659K(2796544K)
[69.013s][info][gc,metaspace   ] GC(75) Metaspace: 52547K(53056K)->52547K(53056K) NonClass: 45991K(46208K)->45991K(46208K) Class: 6556K(6848K)->6556K(6848K)
[69.013s][info][gc             ] GC(75) Pause Young (System.gc()) 809M->29M(4088M) 2.640ms
[69.013s][info][gc,cpu         ] GC(75) User=0.00s Sys=0.00s Real=0.00s
[69.013s][info][gc,start       ] GC(76) Pause Full (System.gc())
[69.013s][info][gc,phases,start] GC(76) Marking Phase
[69.037s][info][gc,phases      ] GC(76) Marking Phase 24.702ms
[69.037s][info][gc,phases,start] GC(76) Summary Phase
[69.037s][info][gc,phases      ] GC(76) Summary Phase 0.009ms
[69.037s][info][gc,phases,start] GC(76) Adjust Roots
[69.047s][info][gc,phases      ] GC(76) Adjust Roots 9.034ms
[69.047s][info][gc,phases,start] GC(76) Compaction Phase
[69.053s][info][gc,phases      ] GC(76) Compaction Phase 6.776ms
[69.053s][info][gc,phases,start] GC(76) Post Compact
[69.054s][info][gc,phases      ] GC(76) Post Compact 0.707ms
[69.054s][info][gc,heap        ] GC(76) PSYoungGen: 2656K(1389568K)->0K(1389568K) Eden: 0K(1381376K)->0K(1381376K) From: 2656K(8192K)->0K(8192K)
[69.054s][info][gc,heap        ] GC(76) ParOldGen: 27659K(2796544K)->25388K(2796544K)
[69.054s][info][gc,metaspace   ] GC(76) Metaspace: 52547K(53056K)->52547K(53056K) NonClass: 45991K(46208K)->45991K(46208K) Class: 6556K(6848K)->6556K(6848K)
[69.054s][info][gc             ] GC(76) Pause Full (System.gc()) 29M->24M(4088M) 41.520ms
[69.054s][info][gc,cpu         ] GC(76) User=0.03s Sys=0.00s Real=0.05s
[70.425s][info][gc,start       ] GC(77) Pause Young (Allocation Failure)
[70.429s][info][gc,heap        ] GC(77) PSYoungGen: 1381376K(1389568K)->5664K(1388544K) Eden: 1381376K(1381376K)->0K(1380352K) From: 0K(8192K)->5664K(8192K)
[70.429s][info][gc,heap        ] GC(77) ParOldGen: 25388K(2796544K)->25388K(2796544K)
[70.429s][info][gc,metaspace   ] GC(77) Metaspace: 52557K(53056K)->52557K(53056K) NonClass: 46001K(46208K)->46001K(46208K) Class: 6556K(6848K)->6556K(6848K)
[70.429s][info][gc             ] GC(77) Pause Young (Allocation Failure) 1373M->30M(4087M) 3.450ms
[70.429s][info][gc,cpu         ] GC(77) User=0.00s Sys=0.00s Real=0.00s
[71.248s][info][gc,start       ] GC(78) Pause Young (System.gc())
[71.251s][info][gc,heap        ] GC(78) PSYoungGen: 812648K(1388544K)->2688K(1389056K) Eden: 806984K(1380352K)->0K(1380352K) From: 5664K(8192K)->2688K(8704K)
[71.251s][info][gc,heap        ] GC(78) ParOldGen: 25388K(2796544K)->27636K(2796544K)
[71.251s][info][gc,metaspace   ] GC(78) Metaspace: 52558K(53056K)->52558K(53056K) NonClass: 46001K(46208K)->46001K(46208K) Class: 6556K(6848K)->6556K(6848K)
[71.251s][info][gc             ] GC(78) Pause Young (System.gc()) 818M->29M(4087M) 2.870ms
[71.251s][info][gc,cpu         ] GC(78) User=0.00s Sys=0.00s Real=0.00s
[71.251s][info][gc,start       ] GC(79) Pause Full (System.gc())
[71.251s][info][gc,phases,start] GC(79) Marking Phase
[71.274s][info][gc,phases      ] GC(79) Marking Phase 23.003ms
[71.274s][info][gc,phases,start] GC(79) Summary Phase
[71.274s][info][gc,phases      ] GC(79) Summary Phase 0.010ms
[71.274s][info][gc,phases,start] GC(79) Adjust Roots
[71.283s][info][gc,phases      ] GC(79) Adjust Roots 9.183ms
[71.283s][info][gc,phases,start] GC(79) Compaction Phase
[71.289s][info][gc,phases      ] GC(79) Compaction Phase 5.586ms
[71.289s][info][gc,phases,start] GC(79) Post Compact
[71.289s][info][gc,phases      ] GC(79) Post Compact 0.679ms
[71.289s][info][gc,heap        ] GC(79) PSYoungGen: 2688K(1389056K)->0K(1389056K) Eden: 0K(1380352K)->0K(1380352K) From: 2688K(8704K)->0K(8704K)
[71.289s][info][gc,heap        ] GC(79) ParOldGen: 27636K(2796544K)->25475K(2796544K)
[71.289s][info][gc,metaspace   ] GC(79) Metaspace: 52558K(53056K)->52558K(53056K) NonClass: 46001K(46208K)->46001K(46208K) Class: 6556K(6848K)->6556K(6848K)
[71.289s][info][gc             ] GC(79) Pause Full (System.gc()) 29M->24M(4087M) 38.764ms
[71.290s][info][gc,cpu         ] GC(79) User=0.00s Sys=0.00s Real=0.03s
[72.666s][info][gc,start       ] GC(80) Pause Young (Allocation Failure)
[72.669s][info][gc,heap        ] GC(80) PSYoungGen: 1380352K(1389056K)->5216K(1389568K) Eden: 1380352K(1380352K)->0K(1381376K) From: 0K(8704K)->5216K(8192K)
[72.669s][info][gc,heap        ] GC(80) ParOldGen: 25475K(2796544K)->25475K(2796544K)
[72.669s][info][gc,metaspace   ] GC(80) Metaspace: 52561K(53056K)->52561K(53056K) NonClass: 46004K(46208K)->46004K(46208K) Class: 6556K(6848K)->6556K(6848K)
[72.669s][info][gc             ] GC(80) Pause Young (Allocation Failure) 1372M->29M(4088M) 3.326ms
[72.669s][info][gc,cpu         ] GC(80) User=0.00s Sys=0.00s Real=0.00s
[73.494s][info][gc,start       ] GC(81) Pause Young (System.gc())
[73.497s][info][gc,heap        ] GC(81) PSYoungGen: 803415K(1389568K)->2656K(1389568K) Eden: 798199K(1381376K)->0K(1381376K) From: 5216K(8192K)->2656K(8192K)
[73.497s][info][gc,heap        ] GC(81) ParOldGen: 25475K(2796544K)->27723K(2796544K)
[73.497s][info][gc,metaspace   ] GC(81) Metaspace: 52566K(53056K)->52566K(53056K) NonClass: 46010K(46208K)->46010K(46208K) Class: 6556K(6848K)->6556K(6848K)
[73.497s][info][gc             ] GC(81) Pause Young (System.gc()) 809M->29M(4088M) 2.836ms
[73.497s][info][gc,cpu         ] GC(81) User=0.00s Sys=0.00s Real=0.00s
[73.497s][info][gc,start       ] GC(82) Pause Full (System.gc())
[73.497s][info][gc,phases,start] GC(82) Marking Phase
[73.519s][info][gc,phases      ] GC(82) Marking Phase 22.023ms
[73.519s][info][gc,phases,start] GC(82) Summary Phase
[73.519s][info][gc,phases      ] GC(82) Summary Phase 0.010ms
[73.519s][info][gc,phases,start] GC(82) Adjust Roots
[73.529s][info][gc,phases      ] GC(82) Adjust Roots 10.075ms
[73.530s][info][gc,phases,start] GC(82) Compaction Phase
[73.536s][info][gc,phases      ] GC(82) Compaction Phase 6.933ms
[73.536s][info][gc,phases,start] GC(82) Post Compact
[73.537s][info][gc,phases      ] GC(82) Post Compact 0.739ms
[73.537s][info][gc,heap        ] GC(82) PSYoungGen: 2656K(1389568K)->0K(1389568K) Eden: 0K(1381376K)->0K(1381376K) From: 2656K(8192K)->0K(8192K)
[73.537s][info][gc,heap        ] GC(82) ParOldGen: 27723K(2796544K)->25470K(2796544K)
[73.537s][info][gc,metaspace   ] GC(82) Metaspace: 52566K(53056K)->52566K(53056K) NonClass: 46010K(46208K)->46010K(46208K) Class: 6556K(6848K)->6556K(6848K)
[73.537s][info][gc             ] GC(82) Pause Full (System.gc()) 29M->24M(4088M) 40.077ms
[73.537s][info][gc,cpu         ] GC(82) User=0.02s Sys=0.00s Real=0.05s
[75.050s][info][gc,start       ] GC(83) Pause Young (Allocation Failure)
[75.053s][info][gc,heap        ] GC(83) PSYoungGen: 1381376K(1389568K)->5280K(1389568K) Eden: 1381376K(1381376K)->0K(1381376K) From: 0K(8192K)->5280K(8192K)
[75.053s][info][gc,heap        ] GC(83) ParOldGen: 25470K(2796544K)->25478K(2796544K)
[75.053s][info][gc,metaspace   ] GC(83) Metaspace: 52569K(53056K)->52569K(53056K) NonClass: 46012K(46208K)->46012K(46208K) Class: 6556K(6848K)->6556K(6848K)
[75.053s][info][gc             ] GC(83) Pause Young (Allocation Failure) 1373M->30M(4088M) 3.469ms
[75.053s][info][gc,cpu         ] GC(83) User=0.00s Sys=0.00s Real=0.00s
[75.853s][info][gc,start       ] GC(84) Pause Young (System.gc())
[75.856s][info][gc,heap        ] GC(84) PSYoungGen: 803920K(1389568K)->2656K(1389568K) Eden: 798640K(1381376K)->0K(1381376K) From: 5280K(8192K)->2656K(8192K)
[75.856s][info][gc,heap        ] GC(84) ParOldGen: 25478K(2796544K)->27630K(2796544K)
[75.856s][info][gc,metaspace   ] GC(84) Metaspace: 52570K(53056K)->52570K(53056K) NonClass: 46014K(46208K)->46014K(46208K) Class: 6556K(6848K)->6556K(6848K)
[75.856s][info][gc             ] GC(84) Pause Young (System.gc()) 809M->29M(4088M) 2.803ms
[75.856s][info][gc,cpu         ] GC(84) User=0.00s Sys=0.00s Real=0.00s
[75.856s][info][gc,start       ] GC(85) Pause Full (System.gc())
[75.856s][info][gc,phases,start] GC(85) Marking Phase
[75.881s][info][gc,phases      ] GC(85) Marking Phase 24.904ms
[75.881s][info][gc,phases,start] GC(85) Summary Phase
[75.881s][info][gc,phases      ] GC(85) Summary Phase 0.010ms
[75.881s][info][gc,phases,start] GC(85) Adjust Roots
[75.890s][info][gc,phases      ] GC(85) Adjust Roots 9.363ms
[75.890s][info][gc,phases,start] GC(85) Compaction Phase
[75.897s][info][gc,phases      ] GC(85) Compaction Phase 6.806ms
[75.897s][info][gc,phases,start] GC(85) Post Compact
[75.898s][info][gc,phases      ] GC(85) Post Compact 0.833ms
[75.898s][info][gc,heap        ] GC(85) PSYoungGen: 2656K(1389568K)->0K(1389568K) Eden: 0K(1381376K)->0K(1381376K) From: 2656K(8192K)->0K(8192K)
[75.898s][info][gc,heap        ] GC(85) ParOldGen: 27630K(2796544K)->25400K(2796544K)
[75.898s][info][gc,metaspace   ] GC(85) Metaspace: 52570K(53056K)->52570K(53056K) NonClass: 46014K(46208K)->46014K(46208K) Class: 6556K(6848K)->6556K(6848K)
[75.898s][info][gc             ] GC(85) Pause Full (System.gc()) 29M->24M(4088M) 42.299ms
[75.898s][info][gc,cpu         ] GC(85) User=0.02s Sys=0.00s Real=0.05s
[77.333s][info][gc,start       ] GC(86) Pause Young (Allocation Failure)
[77.336s][info][gc,heap        ] GC(86) PSYoungGen: 1381376K(1389568K)->5824K(1389568K) Eden: 1381376K(1381376K)->0K(1381376K) From: 0K(8192K)->5824K(8192K)
[77.336s][info][gc,heap        ] GC(86) ParOldGen: 25400K(2796544K)->25400K(2796544K)
[77.336s][info][gc,metaspace   ] GC(86) Metaspace: 52571K(53056K)->52571K(53056K) NonClass: 46015K(46208K)->46015K(46208K) Class: 6556K(6848K)->6556K(6848K)
[77.336s][info][gc             ] GC(86) Pause Young (Allocation Failure) 1373M->30M(4088M) 3.424ms
[77.336s][info][gc,cpu         ] GC(86) User=0.00s Sys=0.00s Real=0.00s
[78.106s][info][gc,start       ] GC(87) Pause Young (System.gc())
[78.109s][info][gc,heap        ] GC(87) PSYoungGen: 807272K(1389568K)->2688K(1389568K) Eden: 801448K(1381376K)->0K(1381376K) From: 5824K(8192K)->2688K(8192K)
[78.109s][info][gc,heap        ] GC(87) ParOldGen: 25400K(2796544K)->27616K(2796544K)
[78.109s][info][gc,metaspace   ] GC(87) Metaspace: 52587K(53120K)->52587K(53120K) NonClass: 46030K(46272K)->46030K(46272K) Class: 6556K(6848K)->6556K(6848K)
[78.109s][info][gc             ] GC(87) Pause Young (System.gc()) 813M->29M(4088M) 2.338ms
[78.109s][info][gc,cpu         ] GC(87) User=0.00s Sys=0.00s Real=0.00s
[78.109s][info][gc,start       ] GC(88) Pause Full (System.gc())
[78.109s][info][gc,phases,start] GC(88) Marking Phase
[78.133s][info][gc,phases      ] GC(88) Marking Phase 23.867ms
[78.133s][info][gc,phases,start] GC(88) Summary Phase
[78.133s][info][gc,phases      ] GC(88) Summary Phase 0.010ms
[78.133s][info][gc,phases,start] GC(88) Adjust Roots
[78.142s][info][gc,phases      ] GC(88) Adjust Roots 9.486ms
[78.142s][info][gc,phases,start] GC(88) Compaction Phase
[78.149s][info][gc,phases      ] GC(88) Compaction Phase 6.647ms
[78.149s][info][gc,phases,start] GC(88) Post Compact
[78.150s][info][gc,phases      ] GC(88) Post Compact 0.682ms
[78.150s][info][gc,heap        ] GC(88) PSYoungGen: 2688K(1389568K)->0K(1389568K) Eden: 0K(1381376K)->0K(1381376K) From: 2688K(8192K)->0K(8192K)
[78.150s][info][gc,heap        ] GC(88) ParOldGen: 27616K(2796544K)->25422K(2796544K)
[78.150s][info][gc,metaspace   ] GC(88) Metaspace: 52587K(53120K)->52587K(53120K) NonClass: 46030K(46272K)->46030K(46272K) Class: 6556K(6848K)->6556K(6848K)
[78.150s][info][gc             ] GC(88) Pause Full (System.gc()) 29M->24M(4088M) 40.961ms
[78.150s][info][gc,cpu         ] GC(88) User=0.00s Sys=0.00s Real=0.03s
[79.577s][info][gc,start       ] GC(89) Pause Young (Allocation Failure)
[79.580s][info][gc,heap        ] GC(89) PSYoungGen: 1381376K(1389568K)->5504K(1389568K) Eden: 1381376K(1381376K)->0K(1381376K) From: 0K(8192K)->5504K(8192K)
[79.580s][info][gc,heap        ] GC(89) ParOldGen: 25422K(2796544K)->25422K(2796544K)
[79.580s][info][gc,metaspace   ] GC(89) Metaspace: 52599K(53120K)->52599K(53120K) NonClass: 46041K(46272K)->46041K(46272K) Class: 6557K(6848K)->6557K(6848K)
[79.580s][info][gc             ] GC(89) Pause Young (Allocation Failure) 1373M->30M(4088M) 3.250ms
[79.580s][info][gc,cpu         ] GC(89) User=0.00s Sys=0.00s Real=0.00s
[80.321s][info][gc,start       ] GC(90) Pause Young (System.gc())
[80.324s][info][gc,heap        ] GC(90) PSYoungGen: 772899K(1389568K)->2656K(1389568K) Eden: 767395K(1381376K)->0K(1381376K) From: 5504K(8192K)->2656K(8192K)
[80.324s][info][gc,heap        ] GC(90) ParOldGen: 25422K(2796544K)->27622K(2796544K)
[80.324s][info][gc,metaspace   ] GC(90) Metaspace: 52599K(53120K)->52599K(53120K) NonClass: 46041K(46272K)->46041K(46272K) Class: 6557K(6848K)->6557K(6848K)
[80.324s][info][gc             ] GC(90) Pause Young (System.gc()) 779M->29M(4088M) 2.456ms
[80.324s][info][gc,cpu         ] GC(90) User=0.00s Sys=0.00s Real=0.00s
[80.324s][info][gc,start       ] GC(91) Pause Full (System.gc())
[80.324s][info][gc,phases,start] GC(91) Marking Phase
[80.348s][info][gc,phases      ] GC(91) Marking Phase 24.410ms
[80.348s][info][gc,phases,start] GC(91) Summary Phase
[80.348s][info][gc,phases      ] GC(91) Summary Phase 0.010ms
[80.348s][info][gc,phases,start] GC(91) Adjust Roots
[80.357s][info][gc,phases      ] GC(91) Adjust Roots 9.255ms
[80.358s][info][gc,phases,start] GC(91) Compaction Phase
[80.364s][info][gc,phases      ] GC(91) Compaction Phase 6.922ms
[80.365s][info][gc,phases,start] GC(91) Post Compact
[80.365s][info][gc,phases      ] GC(91) Post Compact 0.710ms
[80.365s][info][gc,heap        ] GC(91) PSYoungGen: 2656K(1389568K)->0K(1389568K) Eden: 0K(1381376K)->0K(1381376K) From: 2656K(8192K)->0K(8192K)
[80.365s][info][gc,heap        ] GC(91) ParOldGen: 27622K(2796544K)->25476K(2796544K)
[80.365s][info][gc,metaspace   ] GC(91) Metaspace: 52599K(53120K)->52599K(53120K) NonClass: 46041K(46272K)->46041K(46272K) Class: 6557K(6848K)->6557K(6848K)
[80.365s][info][gc             ] GC(91) Pause Full (System.gc()) 29M->24M(4088M) 41.636ms
[80.365s][info][gc,cpu         ] GC(91) User=0.00s Sys=0.00s Real=0.03s
[81.798s][info][gc,start       ] GC(92) Pause Young (Allocation Failure)
[81.802s][info][gc,heap        ] GC(92) PSYoungGen: 1381376K(1389568K)->5280K(1389568K) Eden: 1381376K(1381376K)->0K(1381376K) From: 0K(8192K)->5280K(8192K)
[81.802s][info][gc,heap        ] GC(92) ParOldGen: 25476K(2796544K)->25476K(2796544K)
[81.802s][info][gc,metaspace   ] GC(92) Metaspace: 52600K(53120K)->52600K(53120K) NonClass: 46043K(46272K)->46043K(46272K) Class: 6557K(6848K)->6557K(6848K)
[81.802s][info][gc             ] GC(92) Pause Young (Allocation Failure) 1373M->30M(4088M) 3.184ms
[81.802s][info][gc,cpu         ] GC(92) User=0.00s Sys=0.00s Real=0.00s
[82.466s][info][gc,start       ] GC(93) Pause Young (System.gc())
[82.469s][info][gc,heap        ] GC(93) PSYoungGen: 719957K(1389568K)->2624K(1389568K) Eden: 714677K(1381376K)->0K(1381376K) From: 5280K(8192K)->2624K(8192K)
[82.469s][info][gc,heap        ] GC(93) ParOldGen: 25476K(2796544K)->27700K(2796544K)
[82.469s][info][gc,metaspace   ] GC(93) Metaspace: 52601K(53120K)->52601K(53120K) NonClass: 46044K(46272K)->46044K(46272K) Class: 6557K(6848K)->6557K(6848K)
[82.469s][info][gc             ] GC(93) Pause Young (System.gc()) 727M->29M(4088M) 2.606ms
[82.469s][info][gc,cpu         ] GC(93) User=0.00s Sys=0.00s Real=0.00s
[82.469s][info][gc,start       ] GC(94) Pause Full (System.gc())
[82.469s][info][gc,phases,start] GC(94) Marking Phase
[82.492s][info][gc,phases      ] GC(94) Marking Phase 23.261ms
[82.492s][info][gc,phases,start] GC(94) Summary Phase
[82.492s][info][gc,phases      ] GC(94) Summary Phase 0.012ms
[82.492s][info][gc,phases,start] GC(94) Adjust Roots
[82.502s][info][gc,phases      ] GC(94) Adjust Roots 9.487ms
[82.502s][info][gc,phases,start] GC(94) Compaction Phase
[82.508s][info][gc,phases      ] GC(94) Compaction Phase 6.254ms
[82.508s][info][gc,phases,start] GC(94) Post Compact
[82.509s][info][gc,phases      ] GC(94) Post Compact 0.795ms
[82.509s][info][gc,heap        ] GC(94) PSYoungGen: 2624K(1389568K)->0K(1389568K) Eden: 0K(1381376K)->0K(1381376K) From: 2624K(8192K)->0K(8192K)
[82.509s][info][gc,heap        ] GC(94) ParOldGen: 27700K(2796544K)->25449K(2796544K)
[82.509s][info][gc,metaspace   ] GC(94) Metaspace: 52601K(53120K)->52601K(53120K) NonClass: 46044K(46272K)->46044K(46272K) Class: 6557K(6848K)->6557K(6848K)
[82.509s][info][gc             ] GC(94) Pause Full (System.gc()) 29M->24M(4088M) 40.157ms
[82.509s][info][gc,cpu         ] GC(94) User=0.02s Sys=0.00s Real=0.03s
[83.964s][info][gc,start       ] GC(95) Pause Young (Allocation Failure)
[83.967s][info][gc,heap        ] GC(95) PSYoungGen: 1381376K(1389568K)->5664K(1389568K) Eden: 1381376K(1381376K)->0K(1381376K) From: 0K(8192K)->5664K(8192K)
[83.967s][info][gc,heap        ] GC(95) ParOldGen: 25449K(2796544K)->25449K(2796544K)
[83.967s][info][gc,metaspace   ] GC(95) Metaspace: 52606K(53184K)->52606K(53184K) NonClass: 46047K(46336K)->46047K(46336K) Class: 6558K(6848K)->6558K(6848K)
[83.967s][info][gc             ] GC(95) Pause Young (Allocation Failure) 1373M->30M(4088M) 3.336ms
[83.967s][info][gc,cpu         ] GC(95) User=0.00s Sys=0.00s Real=0.00s
[84.633s][info][gc,start       ] GC(96) Pause Young (System.gc())
[84.636s][info][gc,heap        ] GC(96) PSYoungGen: 715891K(1389568K)->2624K(1389568K) Eden: 710227K(1381376K)->0K(1381376K) From: 5664K(8192K)->2624K(8192K)
[84.636s][info][gc,heap        ] GC(96) ParOldGen: 25449K(2796544K)->27697K(2796544K)
[84.636s][info][gc,metaspace   ] GC(96) Metaspace: 52606K(53184K)->52606K(53184K) NonClass: 46047K(46336K)->46047K(46336K) Class: 6558K(6848K)->6558K(6848K)
[84.636s][info][gc             ] GC(96) Pause Young (System.gc()) 723M->29M(4088M) 2.680ms
[84.636s][info][gc,cpu         ] GC(96) User=0.00s Sys=0.00s Real=0.00s
[84.636s][info][gc,start       ] GC(97) Pause Full (System.gc())
[84.636s][info][gc,phases,start] GC(97) Marking Phase
[84.660s][info][gc,phases      ] GC(97) Marking Phase 23.622ms
[84.660s][info][gc,phases,start] GC(97) Summary Phase
[84.660s][info][gc,phases      ] GC(97) Summary Phase 0.014ms
[84.660s][info][gc,phases,start] GC(97) Adjust Roots
[84.670s][info][gc,phases      ] GC(97) Adjust Roots 9.893ms
[84.670s][info][gc,phases,start] GC(97) Compaction Phase
[84.676s][info][gc,phases      ] GC(97) Compaction Phase 6.478ms
[84.676s][info][gc,phases,start] GC(97) Post Compact
[84.677s][info][gc,phases      ] GC(97) Post Compact 0.736ms
[84.677s][info][gc,heap        ] GC(97) PSYoungGen: 2624K(1389568K)->0K(1389568K) Eden: 0K(1381376K)->0K(1381376K) From: 2624K(8192K)->0K(8192K)
[84.677s][info][gc,heap        ] GC(97) ParOldGen: 27697K(2796544K)->25487K(2796544K)
[84.677s][info][gc,metaspace   ] GC(97) Metaspace: 52606K(53184K)->52606K(53184K) NonClass: 46047K(46336K)->46047K(46336K) Class: 6558K(6848K)->6558K(6848K)
[84.677s][info][gc             ] GC(97) Pause Full (System.gc()) 29M->24M(4088M) 41.037ms
[84.677s][info][gc,cpu         ] GC(97) User=0.02s Sys=0.00s Real=0.03s
[86.100s][info][gc,start       ] GC(98) Pause Young (Allocation Failure)
[86.103s][info][gc,heap        ] GC(98) PSYoungGen: 1381376K(1389568K)->5088K(1389568K) Eden: 1381376K(1381376K)->0K(1381376K) From: 0K(8192K)->5088K(8192K)
[86.103s][info][gc,heap        ] GC(98) ParOldGen: 25487K(2796544K)->25487K(2796544K)
[86.104s][info][gc,metaspace   ] GC(98) Metaspace: 52608K(53184K)->52608K(53184K) NonClass: 46050K(46336K)->46050K(46336K) Class: 6558K(6848K)->6558K(6848K)
[86.104s][info][gc             ] GC(98) Pause Young (Allocation Failure) 1373M->29M(4088M) 3.170ms
[86.104s][info][gc,cpu         ] GC(98) User=0.00s Sys=0.00s Real=0.00s
[86.792s][info][gc,start       ] GC(99) Pause Young (System.gc())
[86.795s][info][gc,heap        ] GC(99) PSYoungGen: 719713K(1389568K)->2656K(1389568K) Eden: 714625K(1381376K)->0K(1381376K) From: 5088K(8192K)->2656K(8192K)
[86.795s][info][gc,heap        ] GC(99) ParOldGen: 25487K(2796544K)->27735K(2796544K)
[86.795s][info][gc,metaspace   ] GC(99) Metaspace: 52610K(53184K)->52610K(53184K) NonClass: 46051K(46336K)->46051K(46336K) Class: 6558K(6848K)->6558K(6848K)
[86.795s][info][gc             ] GC(99) Pause Young (System.gc()) 727M->29M(4088M) 2.692ms
[86.795s][info][gc,cpu         ] GC(99) User=0.00s Sys=0.00s Real=0.00s
[86.795s][info][gc,start       ] GC(100) Pause Full (System.gc())
[86.795s][info][gc,phases,start] GC(100) Marking Phase
[86.820s][info][gc,phases      ] GC(100) Marking Phase 25.416ms
[86.820s][info][gc,phases,start] GC(100) Summary Phase
[86.820s][info][gc,phases      ] GC(100) Summary Phase 0.010ms
[86.820s][info][gc,phases,start] GC(100) Adjust Roots
[86.830s][info][gc,phases      ] GC(100) Adjust Roots 9.418ms
[86.830s][info][gc,phases,start] GC(100) Compaction Phase
[86.836s][info][gc,phases      ] GC(100) Compaction Phase 5.620ms
[86.836s][info][gc,phases,start] GC(100) Post Compact
[86.836s][info][gc,phases      ] GC(100) Post Compact 0.771ms
[86.836s][info][gc,heap        ] GC(100) PSYoungGen: 2656K(1389568K)->0K(1389568K) Eden: 0K(1381376K)->0K(1381376K) From: 2656K(8192K)->0K(8192K)
[86.836s][info][gc,heap        ] GC(100) ParOldGen: 27735K(2796544K)->25480K(2796544K)
[86.836s][info][gc,metaspace   ] GC(100) Metaspace: 52610K(53184K)->52610K(53184K) NonClass: 46051K(46336K)->46051K(46336K) Class: 6558K(6848K)->6558K(6848K)
[86.836s][info][gc             ] GC(100) Pause Full (System.gc()) 29M->24M(4088M) 41.535ms
[86.836s][info][gc,cpu         ] GC(100) User=0.02s Sys=0.00s Real=0.05s
[88.302s][info][gc,start       ] GC(101) Pause Young (Allocation Failure)
[88.305s][info][gc,heap        ] GC(101) PSYoungGen: 1381376K(1389568K)->5024K(1389568K) Eden: 1381376K(1381376K)->0K(1381376K) From: 0K(8192K)->5024K(8192K)
[88.305s][info][gc,heap        ] GC(101) ParOldGen: 25480K(2796544K)->25480K(2796544K)
[88.305s][info][gc,metaspace   ] GC(101) Metaspace: 52618K(53184K)->52618K(53184K) NonClass: 46060K(46336K)->46060K(46336K) Class: 6558K(6848K)->6558K(6848K)
[88.305s][info][gc             ] GC(101) Pause Young (Allocation Failure) 1373M->29M(4088M) 3.210ms
[88.305s][info][gc,cpu         ] GC(101) User=0.00s Sys=0.00s Real=0.00s
[89.060s][info][gc,start       ] GC(102) Pause Young (System.gc())
[89.062s][info][gc,heap        ] GC(102) PSYoungGen: 715113K(1389568K)->2656K(1389568K) Eden: 710089K(1381376K)->0K(1381376K) From: 5024K(8192K)->2656K(8192K)
[89.062s][info][gc,heap        ] GC(102) ParOldGen: 25480K(2796544K)->27696K(2796544K)
[89.062s][info][gc,metaspace   ] GC(102) Metaspace: 52618K(53184K)->52618K(53184K) NonClass: 46060K(46336K)->46060K(46336K) Class: 6558K(6848K)->6558K(6848K)
[89.062s][info][gc             ] GC(102) Pause Young (System.gc()) 723M->29M(4088M) 2.553ms
[89.062s][info][gc,cpu         ] GC(102) User=0.00s Sys=0.00s Real=0.00s
[89.062s][info][gc,start       ] GC(103) Pause Full (System.gc())
[89.062s][info][gc,phases,start] GC(103) Marking Phase
[89.085s][info][gc,phases      ] GC(103) Marking Phase 22.729ms
[89.085s][info][gc,phases,start] GC(103) Summary Phase
[89.085s][info][gc,phases      ] GC(103) Summary Phase 0.011ms
[89.085s][info][gc,phases,start] GC(103) Adjust Roots
[89.095s][info][gc,phases      ] GC(103) Adjust Roots 9.680ms
[89.095s][info][gc,phases,start] GC(103) Compaction Phase
[89.100s][info][gc,phases      ] GC(103) Compaction Phase 5.561ms
[89.100s][info][gc,phases,start] GC(103) Post Compact
[89.101s][info][gc,phases      ] GC(103) Post Compact 0.902ms
[89.101s][info][gc,heap        ] GC(103) PSYoungGen: 2656K(1389568K)->0K(1389568K) Eden: 0K(1381376K)->0K(1381376K) From: 2656K(8192K)->0K(8192K)
[89.101s][info][gc,heap        ] GC(103) ParOldGen: 27696K(2796544K)->25461K(2796544K)
[89.101s][info][gc,metaspace   ] GC(103) Metaspace: 52618K(53184K)->52618K(53184K) NonClass: 46060K(46336K)->46060K(46336K) Class: 6558K(6848K)->6558K(6848K)
[89.101s][info][gc             ] GC(103) Pause Full (System.gc()) 29M->24M(4088M) 39.191ms
[89.101s][info][gc,cpu         ] GC(103) User=0.02s Sys=0.00s Real=0.05s
[90.470s][info][gc,start       ] GC(104) Pause Young (Allocation Failure)
[90.473s][info][gc,heap        ] GC(104) PSYoungGen: 1381376K(1389568K)->5344K(1389568K) Eden: 1381376K(1381376K)->0K(1381376K) From: 0K(8192K)->5344K(8192K)
[90.473s][info][gc,heap        ] GC(104) ParOldGen: 25461K(2796544K)->25461K(2796544K)
[90.473s][info][gc,metaspace   ] GC(104) Metaspace: 52618K(53184K)->52618K(53184K) NonClass: 46060K(46336K)->46060K(46336K) Class: 6558K(6848K)->6558K(6848K)
[90.473s][info][gc             ] GC(104) Pause Young (Allocation Failure) 1373M->30M(4088M) 3.151ms
[90.473s][info][gc,cpu         ] GC(104) User=0.00s Sys=0.00s Real=0.00s
[91.212s][info][gc,start       ] GC(105) Pause Young (System.gc())
[91.215s][info][gc,heap        ] GC(105) PSYoungGen: 722947K(1389568K)->2720K(1389568K) Eden: 717603K(1381376K)->0K(1381376K) From: 5344K(8192K)->2720K(8192K)
[91.215s][info][gc,heap        ] GC(105) ParOldGen: 25461K(2796544K)->27661K(2796544K)
[91.215s][info][gc,metaspace   ] GC(105) Metaspace: 52618K(53184K)->52618K(53184K) NonClass: 46060K(46336K)->46060K(46336K) Class: 6558K(6848K)->6558K(6848K)
[91.215s][info][gc             ] GC(105) Pause Young (System.gc()) 730M->29M(4088M) 2.635ms
[91.215s][info][gc,cpu         ] GC(105) User=0.00s Sys=0.00s Real=0.00s
[91.215s][info][gc,start       ] GC(106) Pause Full (System.gc())
[91.215s][info][gc,phases,start] GC(106) Marking Phase
[91.238s][info][gc,phases      ] GC(106) Marking Phase 23.137ms
[91.238s][info][gc,phases,start] GC(106) Summary Phase
[91.238s][info][gc,phases      ] GC(106) Summary Phase 0.010ms
[91.238s][info][gc,phases,start] GC(106) Adjust Roots
[91.247s][info][gc,phases      ] GC(106) Adjust Roots 9.419ms
[91.247s][info][gc,phases,start] GC(106) Compaction Phase
[91.253s][info][gc,phases      ] GC(106) Compaction Phase 6.085ms
[91.254s][info][gc,phases,start] GC(106) Post Compact
[91.254s][info][gc,phases      ] GC(106) Post Compact 0.709ms
[91.254s][info][gc,heap        ] GC(106) PSYoungGen: 2720K(1389568K)->0K(1389568K) Eden: 0K(1381376K)->0K(1381376K) From: 2720K(8192K)->0K(8192K)
[91.254s][info][gc,heap        ] GC(106) ParOldGen: 27661K(2796544K)->25452K(2796544K)
[91.254s][info][gc,metaspace   ] GC(106) Metaspace: 52618K(53184K)->52618K(53184K) NonClass: 46060K(46336K)->46060K(46336K) Class: 6558K(6848K)->6558K(6848K)
[91.254s][info][gc             ] GC(106) Pause Full (System.gc()) 29M->24M(4088M) 39.640ms
[91.254s][info][gc,cpu         ] GC(106) User=0.00s Sys=0.00s Real=0.03s
[92.638s][info][gc,start       ] GC(107) Pause Young (Allocation Failure)
[92.641s][info][gc,heap        ] GC(107) PSYoungGen: 1381376K(1389568K)->5536K(1389568K) Eden: 1381376K(1381376K)->0K(1381376K) From: 0K(8192K)->5536K(8192K)
[92.641s][info][gc,heap        ] GC(107) ParOldGen: 25452K(2796544K)->25452K(2796544K)
[92.641s][info][gc,metaspace   ] GC(107) Metaspace: 52620K(53184K)->52620K(53184K) NonClass: 46062K(46336K)->46062K(46336K) Class: 6558K(6848K)->6558K(6848K)
[92.641s][info][gc             ] GC(107) Pause Young (Allocation Failure) 1373M->30M(4088M) 3.392ms
[92.641s][info][gc,cpu         ] GC(107) User=0.00s Sys=0.00s Real=0.00s
[93.387s][info][gc,start       ] GC(108) Pause Young (System.gc())
[93.389s][info][gc,heap        ] GC(108) PSYoungGen: 723714K(1389568K)->2624K(1389568K) Eden: 718178K(1381376K)->0K(1381376K) From: 5536K(8192K)->2624K(8192K)
[93.389s][info][gc,heap        ] GC(108) ParOldGen: 25452K(2796544K)->27652K(2796544K)
[93.389s][info][gc,metaspace   ] GC(108) Metaspace: 52620K(53184K)->52620K(53184K) NonClass: 46062K(46336K)->46062K(46336K) Class: 6558K(6848K)->6558K(6848K)
[93.389s][info][gc             ] GC(108) Pause Young (System.gc()) 731M->29M(4088M) 2.285ms
[93.389s][info][gc,cpu         ] GC(108) User=0.03s Sys=0.00s Real=0.00s
[93.389s][info][gc,start       ] GC(109) Pause Full (System.gc())
[93.389s][info][gc,phases,start] GC(109) Marking Phase
[93.412s][info][gc,phases      ] GC(109) Marking Phase 22.915ms
[93.412s][info][gc,phases,start] GC(109) Summary Phase
[93.412s][info][gc,phases      ] GC(109) Summary Phase 0.009ms
[93.412s][info][gc,phases,start] GC(109) Adjust Roots
[93.422s][info][gc,phases      ] GC(109) Adjust Roots 10.297ms
[93.422s][info][gc,phases,start] GC(109) Compaction Phase
[93.428s][info][gc,phases      ] GC(109) Compaction Phase 5.780ms
[93.428s][info][gc,phases,start] GC(109) Post Compact
[93.429s][info][gc,phases      ] GC(109) Post Compact 0.716ms
[93.429s][info][gc,heap        ] GC(109) PSYoungGen: 2624K(1389568K)->0K(1389568K) Eden: 0K(1381376K)->0K(1381376K) From: 2624K(8192K)->0K(8192K)
[93.429s][info][gc,heap        ] GC(109) ParOldGen: 27652K(2796544K)->25444K(2796544K)
[93.429s][info][gc,metaspace   ] GC(109) Metaspace: 52620K(53184K)->52620K(53184K) NonClass: 46062K(46336K)->46062K(46336K) Class: 6558K(6848K)->6558K(6848K)
[93.429s][info][gc             ] GC(109) Pause Full (System.gc()) 29M->24M(4088M) 40.002ms
[93.429s][info][gc,cpu         ] GC(109) User=0.00s Sys=0.00s Real=0.03s
[94.821s][info][gc,start       ] GC(110) Pause Young (Allocation Failure)
[94.824s][info][gc,heap        ] GC(110) PSYoungGen: 1381376K(1389568K)->4960K(1389568K) Eden: 1381376K(1381376K)->0K(1381376K) From: 0K(8192K)->4960K(8192K)
[94.824s][info][gc,heap        ] GC(110) ParOldGen: 25444K(2796544K)->25444K(2796544K)
[94.824s][info][gc,metaspace   ] GC(110) Metaspace: 52620K(53184K)->52620K(53184K) NonClass: 46062K(46336K)->46062K(46336K) Class: 6558K(6848K)->6558K(6848K)
[94.824s][info][gc             ] GC(110) Pause Young (Allocation Failure) 1373M->29M(4088M) 3.104ms
[94.824s][info][gc,cpu         ] GC(110) User=0.00s Sys=0.00s Real=0.00s
[95.557s][info][gc,start       ] GC(111) Pause Young (System.gc())
[95.560s][info][gc,heap        ] GC(111) PSYoungGen: 724035K(1389568K)->2656K(1389568K) Eden: 719075K(1381376K)->0K(1381376K) From: 4960K(8192K)->2656K(8192K)
[95.560s][info][gc,heap        ] GC(111) ParOldGen: 25444K(2796544K)->27684K(2796544K)
[95.560s][info][gc,metaspace   ] GC(111) Metaspace: 52624K(53184K)->52624K(53184K) NonClass: 46066K(46336K)->46066K(46336K) Class: 6558K(6848K)->6558K(6848K)
[95.560s][info][gc             ] GC(111) Pause Young (System.gc()) 731M->29M(4088M) 2.705ms
[95.560s][info][gc,cpu         ] GC(111) User=0.00s Sys=0.00s Real=0.00s
[95.560s][info][gc,start       ] GC(112) Pause Full (System.gc())
[95.560s][info][gc,phases,start] GC(112) Marking Phase
[95.583s][info][gc,phases      ] GC(112) Marking Phase 22.862ms
[95.583s][info][gc,phases,start] GC(112) Summary Phase
[95.583s][info][gc,phases      ] GC(112) Summary Phase 0.010ms
[95.583s][info][gc,phases,start] GC(112) Adjust Roots
[95.593s][info][gc,phases      ] GC(112) Adjust Roots 9.933ms
[95.593s][info][gc,phases,start] GC(112) Compaction Phase
[95.599s][info][gc,phases      ] GC(112) Compaction Phase 6.122ms
[95.599s][info][gc,phases,start] GC(112) Post Compact
[95.600s][info][gc,phases      ] GC(112) Post Compact 0.717ms
[95.600s][info][gc,heap        ] GC(112) PSYoungGen: 2656K(1389568K)->0K(1389568K) Eden: 0K(1381376K)->0K(1381376K) From: 2656K(8192K)->0K(8192K)
[95.600s][info][gc,heap        ] GC(112) ParOldGen: 27684K(2796544K)->25494K(2796544K)
[95.600s][info][gc,metaspace   ] GC(112) Metaspace: 52624K(53184K)->52624K(53184K) NonClass: 46066K(46336K)->46066K(46336K) Class: 6558K(6848K)->6558K(6848K)
[95.600s][info][gc             ] GC(112) Pause Full (System.gc()) 29M->24M(4088M) 39.936ms
[95.600s][info][gc,cpu         ] GC(112) User=0.03s Sys=0.00s Real=0.04s
[97.115s][info][gc,start       ] GC(113) Pause Young (Allocation Failure)
[97.118s][info][gc,heap        ] GC(113) PSYoungGen: 1381376K(1389568K)->5792K(1389056K) Eden: 1381376K(1381376K)->0K(1381376K) From: 0K(8192K)->5792K(7680K)
[97.118s][info][gc,heap        ] GC(113) ParOldGen: 25494K(2796544K)->25494K(2796544K)
[97.118s][info][gc,metaspace   ] GC(113) Metaspace: 52624K(53184K)->52624K(53184K) NonClass: 46066K(46336K)->46066K(46336K) Class: 6558K(6848K)->6558K(6848K)
[97.118s][info][gc             ] GC(113) Pause Young (Allocation Failure) 1373M->30M(4087M) 3.253ms
[97.118s][info][gc,cpu         ] GC(113) User=0.00s Sys=0.00s Real=0.00s
[97.817s][info][gc,start       ] GC(114) Pause Young (System.gc())
[97.819s][info][gc,heap        ] GC(114) PSYoungGen: 710455K(1389056K)->2688K(1389568K) Eden: 704663K(1381376K)->0K(1381376K) From: 5792K(7680K)->2688K(8192K)
[97.819s][info][gc,heap        ] GC(114) ParOldGen: 25494K(2796544K)->27678K(2796544K)
[97.819s][info][gc,metaspace   ] GC(114) Metaspace: 52624K(53184K)->52624K(53184K) NonClass: 46066K(46336K)->46066K(46336K) Class: 6558K(6848K)->6558K(6848K)
[97.819s][info][gc             ] GC(114) Pause Young (System.gc()) 718M->29M(4088M) 2.374ms
[97.819s][info][gc,cpu         ] GC(114) User=0.00s Sys=0.00s Real=0.00s
[97.819s][info][gc,start       ] GC(115) Pause Full (System.gc())
[97.819s][info][gc,phases,start] GC(115) Marking Phase
[97.843s][info][gc,phases      ] GC(115) Marking Phase 24.027ms
[97.843s][info][gc,phases,start] GC(115) Summary Phase
[97.843s][info][gc,phases      ] GC(115) Summary Phase 0.010ms
[97.843s][info][gc,phases,start] GC(115) Adjust Roots
[97.853s][info][gc,phases      ] GC(115) Adjust Roots 9.515ms
[97.853s][info][gc,phases,start] GC(115) Compaction Phase
[97.859s][info][gc,phases      ] GC(115) Compaction Phase 5.825ms
[97.859s][info][gc,phases,start] GC(115) Post Compact
[97.859s][info][gc,phases      ] GC(115) Post Compact 0.708ms
[97.859s][info][gc,heap        ] GC(115) PSYoungGen: 2688K(1389568K)->0K(1389568K) Eden: 0K(1381376K)->0K(1381376K) From: 2688K(8192K)->0K(8192K)
[97.859s][info][gc,heap        ] GC(115) ParOldGen: 27678K(2796544K)->25422K(2796544K)
[97.859s][info][gc,metaspace   ] GC(115) Metaspace: 52624K(53184K)->52624K(53184K) NonClass: 46066K(46336K)->46066K(46336K) Class: 6558K(6848K)->6558K(6848K)
[97.859s][info][gc             ] GC(115) Pause Full (System.gc()) 29M->24M(4088M) 40.398ms
[97.860s][info][gc,cpu         ] GC(115) User=0.00s Sys=0.00s Real=0.03s
[99.302s][info][gc,start       ] GC(116) Pause Young (Allocation Failure)
[99.305s][info][gc,heap        ] GC(116) PSYoungGen: 1381376K(1389568K)->5856K(1389568K) Eden: 1381376K(1381376K)->0K(1381376K) From: 0K(8192K)->5856K(8192K)
[99.305s][info][gc,heap        ] GC(116) ParOldGen: 25422K(2796544K)->25422K(2796544K)
[99.305s][info][gc,metaspace   ] GC(116) Metaspace: 52624K(53184K)->52624K(53184K) NonClass: 46066K(46336K)->46066K(46336K) Class: 6558K(6848K)->6558K(6848K)
[99.305s][info][gc             ] GC(116) Pause Young (Allocation Failure) 1373M->30M(4088M) 3.389ms
[99.305s][info][gc,cpu         ] GC(116) User=0.00s Sys=0.00s Real=0.00s
[99.976s][info][gc,start       ] GC(117) Pause Young (System.gc())
[99.979s][info][gc,heap        ] GC(117) PSYoungGen: 712305K(1389568K)->2624K(1389568K) Eden: 706449K(1381376K)->0K(1381376K) From: 5856K(8192K)->2624K(8192K)
[99.979s][info][gc,heap        ] GC(117) ParOldGen: 25422K(2796544K)->27654K(2796544K)
[99.979s][info][gc,metaspace   ] GC(117) Metaspace: 52634K(53184K)->52634K(53184K) NonClass: 46075K(46336K)->46075K(46336K) Class: 6558K(6848K)->6558K(6848K)
[99.979s][info][gc             ] GC(117) Pause Young (System.gc()) 720M->29M(4088M) 3.099ms
[99.979s][info][gc,cpu         ] GC(117) User=0.00s Sys=0.00s Real=0.00s
[99.979s][info][gc,start       ] GC(118) Pause Full (System.gc())
[99.979s][info][gc,phases,start] GC(118) Marking Phase
[100.003s][info][gc,phases      ] GC(118) Marking Phase 24.372ms
[100.003s][info][gc,phases,start] GC(118) Summary Phase
[100.003s][info][gc,phases      ] GC(118) Summary Phase 0.009ms
[100.003s][info][gc,phases,start] GC(118) Adjust Roots
[100.013s][info][gc,phases      ] GC(118) Adjust Roots 9.617ms
[100.013s][info][gc,phases,start] GC(118) Compaction Phase
[100.019s][info][gc,phases      ] GC(118) Compaction Phase 5.521ms
[100.019s][info][gc,phases,start] GC(118) Post Compact
[100.019s][info][gc,phases      ] GC(118) Post Compact 0.721ms
[100.019s][info][gc,heap        ] GC(118) PSYoungGen: 2624K(1389568K)->0K(1389568K) Eden: 0K(1381376K)->0K(1381376K) From: 2624K(8192K)->0K(8192K)
[100.019s][info][gc,heap        ] GC(118) ParOldGen: 27654K(2796544K)->25424K(2796544K)
[100.019s][info][gc,metaspace   ] GC(118) Metaspace: 52634K(53184K)->52634K(53184K) NonClass: 46075K(46336K)->46075K(46336K) Class: 6558K(6848K)->6558K(6848K)
[100.019s][info][gc             ] GC(118) Pause Full (System.gc()) 29M->24M(4088M) 40.515ms
[100.019s][info][gc,cpu         ] GC(118) User=0.00s Sys=0.00s Real=0.03s
[101.475s][info][gc,start       ] GC(119) Pause Young (Allocation Failure)
[101.478s][info][gc,heap        ] GC(119) PSYoungGen: 1381376K(1389568K)->4928K(1389568K) Eden: 1381376K(1381376K)->0K(1381376K) From: 0K(8192K)->4928K(8192K)
[101.478s][info][gc,heap        ] GC(119) ParOldGen: 25424K(2796544K)->25424K(2796544K)
[101.478s][info][gc,metaspace   ] GC(119) Metaspace: 52636K(53184K)->52636K(53184K) NonClass: 46077K(46336K)->46077K(46336K) Class: 6558K(6848K)->6558K(6848K)
[101.478s][info][gc             ] GC(119) Pause Young (Allocation Failure) 1373M->29M(4088M) 3.125ms
[101.478s][info][gc,cpu         ] GC(119) User=0.00s Sys=0.00s Real=0.00s
[102.160s][info][gc,start       ] GC(120) Pause Young (System.gc())
[102.163s][info][gc,heap        ] GC(120) PSYoungGen: 690483K(1389568K)->2656K(1389568K) Eden: 685555K(1381376K)->0K(1381376K) From: 4928K(8192K)->2656K(8192K)
[102.163s][info][gc,heap        ] GC(120) ParOldGen: 25424K(2796544K)->27640K(2796544K)
[102.163s][info][gc,metaspace   ] GC(120) Metaspace: 52636K(53184K)->52636K(53184K) NonClass: 46077K(46336K)->46077K(46336K) Class: 6558K(6848K)->6558K(6848K)
[102.163s][info][gc             ] GC(120) Pause Young (System.gc()) 699M->29M(4088M) 3.315ms
[102.163s][info][gc,cpu         ] GC(120) User=0.00s Sys=0.00s Real=0.00s
[102.163s][info][gc,start       ] GC(121) Pause Full (System.gc())
[102.163s][info][gc,phases,start] GC(121) Marking Phase
[102.187s][info][gc,phases      ] GC(121) Marking Phase 24.340ms
[102.187s][info][gc,phases,start] GC(121) Summary Phase
[102.187s][info][gc,phases      ] GC(121) Summary Phase 0.010ms
[102.187s][info][gc,phases,start] GC(121) Adjust Roots
[102.198s][info][gc,phases      ] GC(121) Adjust Roots 10.245ms
[102.198s][info][gc,phases,start] GC(121) Compaction Phase
[102.204s][info][gc,phases      ] GC(121) Compaction Phase 6.052ms
[102.204s][info][gc,phases,start] GC(121) Post Compact
[102.205s][info][gc,phases      ] GC(121) Post Compact 0.702ms
[102.205s][info][gc,heap        ] GC(121) PSYoungGen: 2656K(1389568K)->0K(1389568K) Eden: 0K(1381376K)->0K(1381376K) From: 2656K(8192K)->0K(8192K)
[102.205s][info][gc,heap        ] GC(121) ParOldGen: 27640K(2796544K)->25492K(2796544K)
[102.205s][info][gc,metaspace   ] GC(121) Metaspace: 52636K(53184K)->52636K(53184K) NonClass: 46077K(46336K)->46077K(46336K) Class: 6558K(6848K)->6558K(6848K)
[102.205s][info][gc             ] GC(121) Pause Full (System.gc()) 29M->24M(4088M) 41.655ms
[102.205s][info][gc,cpu         ] GC(121) User=0.03s Sys=0.00s Real=0.05s
[103.642s][info][gc,start       ] GC(122) Pause Young (Allocation Failure)
[103.646s][info][gc,heap        ] GC(122) PSYoungGen: 1381376K(1389568K)->5856K(1389568K) Eden: 1381376K(1381376K)->0K(1381376K) From: 0K(8192K)->5856K(8192K)
[103.646s][info][gc,heap        ] GC(122) ParOldGen: 25492K(2796544K)->25492K(2796544K)
[103.646s][info][gc,metaspace   ] GC(122) Metaspace: 52636K(53184K)->52636K(53184K) NonClass: 46077K(46336K)->46077K(46336K) Class: 6558K(6848K)->6558K(6848K)
[103.646s][info][gc             ] GC(122) Pause Young (Allocation Failure) 1373M->30M(4088M) 3.400ms
[103.646s][info][gc,cpu         ] GC(122) User=0.00s Sys=0.00s Real=0.00s
[104.313s][info][gc,start       ] GC(123) Pause Young (System.gc())
[104.315s][info][gc,heap        ] GC(123) PSYoungGen: 699027K(1389568K)->2688K(1389568K) Eden: 693171K(1381376K)->0K(1381376K) From: 5856K(8192K)->2688K(8192K)
[104.315s][info][gc,heap        ] GC(123) ParOldGen: 25492K(2796544K)->27676K(2796544K)
[104.315s][info][gc,metaspace   ] GC(123) Metaspace: 52636K(53184K)->52636K(53184K) NonClass: 46078K(46336K)->46078K(46336K) Class: 6558K(6848K)->6558K(6848K)
[104.315s][info][gc             ] GC(123) Pause Young (System.gc()) 707M->29M(4088M) 2.590ms
[104.315s][info][gc,cpu         ] GC(123) User=0.00s Sys=0.00s Real=0.00s
[104.315s][info][gc,start       ] GC(124) Pause Full (System.gc())
[104.315s][info][gc,phases,start] GC(124) Marking Phase
[104.337s][info][gc,phases      ] GC(124) Marking Phase 22.142ms
[104.338s][info][gc,phases,start] GC(124) Summary Phase
[104.338s][info][gc,phases      ] GC(124) Summary Phase 0.012ms
[104.338s][info][gc,phases,start] GC(124) Adjust Roots
[104.347s][info][gc,phases      ] GC(124) Adjust Roots 9.566ms
[104.347s][info][gc,phases,start] GC(124) Compaction Phase
[104.353s][info][gc,phases      ] GC(124) Compaction Phase 5.476ms
[104.353s][info][gc,phases,start] GC(124) Post Compact
[104.353s][info][gc,phases      ] GC(124) Post Compact 0.714ms
[104.353s][info][gc,heap        ] GC(124) PSYoungGen: 2688K(1389568K)->0K(1389568K) Eden: 0K(1381376K)->0K(1381376K) From: 2688K(8192K)->0K(8192K)
[104.353s][info][gc,heap        ] GC(124) ParOldGen: 27676K(2796544K)->25445K(2796544K)
[104.353s][info][gc,metaspace   ] GC(124) Metaspace: 52636K(53184K)->52636K(53184K) NonClass: 46078K(46336K)->46078K(46336K) Class: 6558K(6848K)->6558K(6848K)
[104.354s][info][gc             ] GC(124) Pause Full (System.gc()) 29M->24M(4088M) 38.207ms
[104.354s][info][gc,cpu         ] GC(124) User=0.00s Sys=0.00s Real=0.03s
[105.786s][info][gc,start       ] GC(125) Pause Young (Allocation Failure)
[105.790s][info][gc,heap        ] GC(125) PSYoungGen: 1381376K(1389568K)->6368K(1388544K) Eden: 1381376K(1381376K)->0K(1380352K) From: 0K(8192K)->6368K(8192K)
[105.790s][info][gc,heap        ] GC(125) ParOldGen: 25445K(2796544K)->25445K(2796544K)
[105.790s][info][gc,metaspace   ] GC(125) Metaspace: 52639K(53184K)->52639K(53184K) NonClass: 46080K(46336K)->46080K(46336K) Class: 6558K(6848K)->6558K(6848K)
[105.790s][info][gc             ] GC(125) Pause Young (Allocation Failure) 1373M->31M(4087M) 3.561ms
[105.790s][info][gc,cpu         ] GC(125) User=0.00s Sys=0.00s Real=0.00s
[106.431s][info][gc,start       ] GC(126) Pause Young (System.gc())
[106.434s][info][gc,heap        ] GC(126) PSYoungGen: 695899K(1388544K)->2656K(1389056K) Eden: 689531K(1380352K)->0K(1380352K) From: 6368K(8192K)->2656K(8704K)
[106.434s][info][gc,heap        ] GC(126) ParOldGen: 25445K(2796544K)->27661K(2796544K)
[106.434s][info][gc,metaspace   ] GC(126) Metaspace: 52639K(53184K)->52639K(53184K) NonClass: 46080K(46336K)->46080K(46336K) Class: 6558K(6848K)->6558K(6848K)
[106.434s][info][gc             ] GC(126) Pause Young (System.gc()) 704M->29M(4087M) 2.746ms
[106.434s][info][gc,cpu         ] GC(126) User=0.00s Sys=0.00s Real=0.00s
[106.434s][info][gc,start       ] GC(127) Pause Full (System.gc())
[106.434s][info][gc,phases,start] GC(127) Marking Phase
[106.459s][info][gc,phases      ] GC(127) Marking Phase 24.963ms
[106.459s][info][gc,phases,start] GC(127) Summary Phase
[106.459s][info][gc,phases      ] GC(127) Summary Phase 0.009ms
[106.459s][info][gc,phases,start] GC(127) Adjust Roots
[106.468s][info][gc,phases      ] GC(127) Adjust Roots 9.236ms
[106.468s][info][gc,phases,start] GC(127) Compaction Phase
[106.475s][info][gc,phases      ] GC(127) Compaction Phase 6.292ms
[106.475s][info][gc,phases,start] GC(127) Post Compact
[106.476s][info][gc,phases      ] GC(127) Post Compact 0.683ms
[106.476s][info][gc,heap        ] GC(127) PSYoungGen: 2656K(1389056K)->0K(1389056K) Eden: 0K(1380352K)->0K(1380352K) From: 2656K(8704K)->0K(8704K)
[106.476s][info][gc,heap        ] GC(127) ParOldGen: 27661K(2796544K)->25435K(2796544K)
[106.476s][info][gc,metaspace   ] GC(127) Metaspace: 52639K(53184K)->52639K(53184K) NonClass: 46080K(46336K)->46080K(46336K) Class: 6558K(6848K)->6558K(6848K)
[106.476s][info][gc             ] GC(127) Pause Full (System.gc()) 29M->24M(4087M) 41.497ms
[106.476s][info][gc,cpu         ] GC(127) User=0.03s Sys=0.00s Real=0.05s
[107.906s][info][gc,start       ] GC(128) Pause Young (Allocation Failure)
[107.910s][info][gc,heap        ] GC(128) PSYoungGen: 1380352K(1389056K)->6560K(1388032K) Eden: 1380352K(1380352K)->0K(1379328K) From: 0K(8704K)->6560K(8704K)
[107.910s][info][gc,heap        ] GC(128) ParOldGen: 25435K(2796544K)->25443K(2796544K)
[107.910s][info][gc,metaspace   ] GC(128) Metaspace: 52641K(53184K)->52641K(53184K) NonClass: 46082K(46336K)->46082K(46336K) Class: 6558K(6848K)->6558K(6848K)
[107.910s][info][gc             ] GC(128) Pause Young (Allocation Failure) 1372M->31M(4086M) 3.738ms
[107.910s][info][gc,cpu         ] GC(128) User=0.00s Sys=0.00s Real=0.00s
[108.550s][info][gc,start       ] GC(129) Pause Young (System.gc())
[108.553s][info][gc,heap        ] GC(129) PSYoungGen: 690945K(1388032K)->2624K(1388544K) Eden: 684385K(1379328K)->0K(1379328K) From: 6560K(8704K)->2624K(9216K)
[108.553s][info][gc,heap        ] GC(129) ParOldGen: 25443K(2796544K)->27691K(2796544K)
[108.553s][info][gc,metaspace   ] GC(129) Metaspace: 52647K(53184K)->52647K(53184K) NonClass: 46089K(46336K)->46089K(46336K) Class: 6558K(6848K)->6558K(6848K)
[108.553s][info][gc             ] GC(129) Pause Young (System.gc()) 699M->29M(4087M) 3.481ms
[108.553s][info][gc,cpu         ] GC(129) User=0.00s Sys=0.00s Real=0.00s
[108.553s][info][gc,start       ] GC(130) Pause Full (System.gc())
[108.553s][info][gc,phases,start] GC(130) Marking Phase
[108.577s][info][gc,phases      ] GC(130) Marking Phase 23.521ms
[108.577s][info][gc,phases,start] GC(130) Summary Phase
[108.577s][info][gc,phases      ] GC(130) Summary Phase 0.010ms
[108.577s][info][gc,phases,start] GC(130) Adjust Roots
[108.586s][info][gc,phases      ] GC(130) Adjust Roots 9.229ms
[108.586s][info][gc,phases,start] GC(130) Compaction Phase
[108.593s][info][gc,phases      ] GC(130) Compaction Phase 6.776ms
[108.593s][info][gc,phases,start] GC(130) Post Compact
[108.594s][info][gc,phases      ] GC(130) Post Compact 0.728ms
[108.594s][info][gc,heap        ] GC(130) PSYoungGen: 2624K(1388544K)->0K(1388544K) Eden: 0K(1379328K)->0K(1379328K) From: 2624K(9216K)->0K(9216K)
[108.594s][info][gc,heap        ] GC(130) ParOldGen: 27691K(2796544K)->25484K(2796544K)
[108.594s][info][gc,metaspace   ] GC(130) Metaspace: 52647K(53184K)->52647K(53184K) NonClass: 46089K(46336K)->46089K(46336K) Class: 6558K(6848K)->6558K(6848K)
[108.594s][info][gc             ] GC(130) Pause Full (System.gc()) 29M->24M(4087M) 40.581ms
[108.594s][info][gc,cpu         ] GC(130) User=0.03s Sys=0.00s Real=0.05s
[110.028s][info][gc,start       ] GC(131) Pause Young (Allocation Failure)
[110.031s][info][gc,heap        ] GC(131) PSYoungGen: 1379328K(1388544K)->4800K(1389056K) Eden: 1379328K(1379328K)->0K(1380352K) From: 0K(9216K)->4800K(8704K)
[110.031s][info][gc,heap        ] GC(131) ParOldGen: 25484K(2796544K)->25484K(2796544K)
[110.031s][info][gc,metaspace   ] GC(131) Metaspace: 52675K(53184K)->52675K(53184K) NonClass: 46113K(46336K)->46113K(46336K) Class: 6561K(6848K)->6561K(6848K)
[110.031s][info][gc             ] GC(131) Pause Young (Allocation Failure) 1371M->29M(4087M) 3.245ms
[110.031s][info][gc,cpu         ] GC(131) User=0.00s Sys=0.00s Real=0.00s
[110.694s][info][gc,start       ] GC(132) Pause Young (System.gc())
[110.696s][info][gc,heap        ] GC(132) PSYoungGen: 699157K(1389056K)->2624K(1389056K) Eden: 694357K(1380352K)->0K(1380352K) From: 4800K(8704K)->2624K(8704K)
[110.697s][info][gc,heap        ] GC(132) ParOldGen: 25484K(2796544K)->27716K(2796544K)
[110.697s][info][gc,metaspace   ] GC(132) Metaspace: 52675K(53184K)->52675K(53184K) NonClass: 46113K(46336K)->46113K(46336K) Class: 6561K(6848K)->6561K(6848K)
[110.697s][info][gc             ] GC(132) Pause Young (System.gc()) 707M->29M(4087M) 2.643ms
[110.697s][info][gc,cpu         ] GC(132) User=0.00s Sys=0.00s Real=0.00s
[110.697s][info][gc,start       ] GC(133) Pause Full (System.gc())
[110.697s][info][gc,phases,start] GC(133) Marking Phase
[110.722s][info][gc,phases      ] GC(133) Marking Phase 24.905ms
[110.722s][info][gc,phases,start] GC(133) Summary Phase
[110.722s][info][gc,phases      ] GC(133) Summary Phase 0.011ms
[110.722s][info][gc,phases,start] GC(133) Adjust Roots
[110.731s][info][gc,phases      ] GC(133) Adjust Roots 9.248ms
[110.731s][info][gc,phases,start] GC(133) Compaction Phase
[110.738s][info][gc,phases      ] GC(133) Compaction Phase 6.936ms
[110.738s][info][gc,phases,start] GC(133) Post Compact
[110.739s][info][gc,phases      ] GC(133) Post Compact 0.761ms
[110.739s][info][gc,heap        ] GC(133) PSYoungGen: 2624K(1389056K)->0K(1389056K) Eden: 0K(1380352K)->0K(1380352K) From: 2624K(8704K)->0K(8704K)
[110.739s][info][gc,heap        ] GC(133) ParOldGen: 27716K(2796544K)->25505K(2796544K)
[110.739s][info][gc,metaspace   ] GC(133) Metaspace: 52675K(53184K)->52675K(53184K) NonClass: 46113K(46336K)->46113K(46336K) Class: 6561K(6848K)->6561K(6848K)
[110.739s][info][gc             ] GC(133) Pause Full (System.gc()) 29M->24M(4087M) 42.154ms
[110.739s][info][gc,cpu         ] GC(133) User=0.00s Sys=0.00s Real=0.03s
[112.159s][info][gc,start       ] GC(134) Pause Young (Allocation Failure)
[112.162s][info][gc,heap        ] GC(134) PSYoungGen: 1380352K(1389056K)->5536K(1389056K) Eden: 1380352K(1380352K)->0K(1380352K) From: 0K(8704K)->5536K(8704K)
[112.162s][info][gc,heap        ] GC(134) ParOldGen: 25505K(2796544K)->25505K(2796544K)
[112.162s][info][gc,metaspace   ] GC(134) Metaspace: 52693K(53184K)->52693K(53184K) NonClass: 46127K(46336K)->46127K(46336K) Class: 6565K(6848K)->6565K(6848K)
[112.162s][info][gc             ] GC(134) Pause Young (Allocation Failure) 1372M->30M(4087M) 3.282ms
[112.162s][info][gc,cpu         ] GC(134) User=0.00s Sys=0.00s Real=0.00s
[112.802s][info][gc,start       ] GC(135) Pause Young (System.gc())
[112.806s][info][gc,heap        ] GC(135) PSYoungGen: 696772K(1389056K)->2656K(1389056K) Eden: 691236K(1380352K)->0K(1380352K) From: 5536K(8704K)->2656K(8704K)
[112.806s][info][gc,heap        ] GC(135) ParOldGen: 25505K(2796544K)->27745K(2796544K)
[112.806s][info][gc,metaspace   ] GC(135) Metaspace: 52694K(53184K)->52694K(53184K) NonClass: 46129K(46336K)->46129K(46336K) Class: 6565K(6848K)->6565K(6848K)
[112.806s][info][gc             ] GC(135) Pause Young (System.gc()) 705M->29M(4087M) 3.887ms
[112.806s][info][gc,cpu         ] GC(135) User=0.00s Sys=0.00s Real=0.00s
[112.806s][info][gc,start       ] GC(136) Pause Full (System.gc())
[112.806s][info][gc,phases,start] GC(136) Marking Phase
[112.832s][info][gc,phases      ] GC(136) Marking Phase 25.873ms
[112.832s][info][gc,phases,start] GC(136) Summary Phase
[112.832s][info][gc,phases      ] GC(136) Summary Phase 0.009ms
[112.832s][info][gc,phases,start] GC(136) Adjust Roots
[112.843s][info][gc,phases      ] GC(136) Adjust Roots 10.361ms
[112.843s][info][gc,phases,start] GC(136) Compaction Phase
[112.849s][info][gc,phases      ] GC(136) Compaction Phase 6.065ms
[112.849s][info][gc,phases,start] GC(136) Post Compact
[112.850s][info][gc,phases      ] GC(136) Post Compact 0.749ms
[112.850s][info][gc,heap        ] GC(136) PSYoungGen: 2656K(1389056K)->0K(1389056K) Eden: 0K(1380352K)->0K(1380352K) From: 2656K(8704K)->0K(8704K)
[112.850s][info][gc,heap        ] GC(136) ParOldGen: 27745K(2796544K)->25500K(2796544K)
[112.850s][info][gc,metaspace   ] GC(136) Metaspace: 52694K(53184K)->52694K(53184K) NonClass: 46129K(46336K)->46129K(46336K) Class: 6565K(6848K)->6565K(6848K)
[112.850s][info][gc             ] GC(136) Pause Full (System.gc()) 29M->24M(4087M) 43.356ms
[112.850s][info][gc,cpu         ] GC(136) User=0.02s Sys=0.00s Real=0.04s
[114.249s][info][gc,start       ] GC(137) Pause Young (Allocation Failure)
[114.252s][info][gc,heap        ] GC(137) PSYoungGen: 1380352K(1389056K)->5824K(1389056K) Eden: 1380352K(1380352K)->0K(1380352K) From: 0K(8704K)->5824K(8704K)
[114.252s][info][gc,heap        ] GC(137) ParOldGen: 25500K(2796544K)->25500K(2796544K)
[114.252s][info][gc,metaspace   ] GC(137) Metaspace: 52696K(53184K)->52696K(53184K) NonClass: 46129K(46336K)->46129K(46336K) Class: 6566K(6848K)->6566K(6848K)
[114.252s][info][gc             ] GC(137) Pause Young (Allocation Failure) 1372M->30M(4087M) 3.378ms
[114.252s][info][gc,cpu         ] GC(137) User=0.00s Sys=0.00s Real=0.00s
[114.960s][info][gc,start       ] GC(138) Pause Young (System.gc())
[114.962s][info][gc,heap        ] GC(138) PSYoungGen: 698219K(1389056K)->2624K(1389056K) Eden: 692395K(1380352K)->0K(1380352K) From: 5824K(8704K)->2624K(8704K)
[114.962s][info][gc,heap        ] GC(138) ParOldGen: 25500K(2796544K)->27756K(2796544K)
[114.962s][info][gc,metaspace   ] GC(138) Metaspace: 52696K(53184K)->52696K(53184K) NonClass: 46129K(46336K)->46129K(46336K) Class: 6566K(6848K)->6566K(6848K)
[114.962s][info][gc             ] GC(138) Pause Young (System.gc()) 706M->29M(4087M) 2.464ms
[114.962s][info][gc,cpu         ] GC(138) User=0.00s Sys=0.00s Real=0.00s
[114.962s][info][gc,start       ] GC(139) Pause Full (System.gc())
[114.962s][info][gc,phases,start] GC(139) Marking Phase
[114.985s][info][gc,phases      ] GC(139) Marking Phase 22.715ms
[114.985s][info][gc,phases,start] GC(139) Summary Phase
[114.985s][info][gc,phases      ] GC(139) Summary Phase 0.010ms
[114.985s][info][gc,phases,start] GC(139) Adjust Roots
[114.995s][info][gc,phases      ] GC(139) Adjust Roots 9.974ms
[114.995s][info][gc,phases,start] GC(139) Compaction Phase
[115.002s][info][gc,phases      ] GC(139) Compaction Phase 6.618ms
[115.002s][info][gc,phases,start] GC(139) Post Compact
[115.003s][info][gc,phases      ] GC(139) Post Compact 0.762ms
[115.003s][info][gc,heap        ] GC(139) PSYoungGen: 2624K(1389056K)->0K(1389056K) Eden: 0K(1380352K)->0K(1380352K) From: 2624K(8704K)->0K(8704K)
[115.003s][info][gc,heap        ] GC(139) ParOldGen: 27756K(2796544K)->25514K(2796544K)
[115.003s][info][gc,metaspace   ] GC(139) Metaspace: 52696K(53184K)->52696K(53184K) NonClass: 46129K(46336K)->46129K(46336K) Class: 6566K(6848K)->6566K(6848K)
[115.003s][info][gc             ] GC(139) Pause Full (System.gc()) 29M->24M(4087M) 40.385ms
[115.003s][info][gc,cpu         ] GC(139) User=0.02s Sys=0.00s Real=0.04s
[116.349s][info][gc,start       ] GC(140) Pause Young (Allocation Failure)
[116.353s][info][gc,heap        ] GC(140) PSYoungGen: 1380352K(1389056K)->5600K(1389056K) Eden: 1380352K(1380352K)->0K(1380352K) From: 0K(8704K)->5600K(8704K)
[116.353s][info][gc,heap        ] GC(140) ParOldGen: 25514K(2796544K)->25514K(2796544K)
[116.353s][info][gc,metaspace   ] GC(140) Metaspace: 52700K(53184K)->52700K(53184K) NonClass: 46134K(46336K)->46134K(46336K) Class: 6566K(6848K)->6566K(6848K)
[116.353s][info][gc             ] GC(140) Pause Young (Allocation Failure) 1372M->30M(4087M) 3.499ms
[116.353s][info][gc,cpu         ] GC(140) User=0.00s Sys=0.00s Real=0.00s
[117.047s][info][gc,start       ] GC(141) Pause Young (System.gc())
[117.050s][info][gc,heap        ] GC(141) PSYoungGen: 682994K(1389056K)->2688K(1389056K) Eden: 677394K(1380352K)->0K(1380352K) From: 5600K(8704K)->2688K(8704K)
[117.050s][info][gc,heap        ] GC(141) ParOldGen: 25514K(2796544K)->27778K(2796544K)
[117.050s][info][gc,metaspace   ] GC(141) Metaspace: 52700K(53184K)->52700K(53184K) NonClass: 46134K(46336K)->46134K(46336K) Class: 6566K(6848K)->6566K(6848K)
[117.050s][info][gc             ] GC(141) Pause Young (System.gc()) 691M->29M(4087M) 3.032ms
[117.050s][info][gc,cpu         ] GC(141) User=0.00s Sys=0.00s Real=0.00s
[117.050s][info][gc,start       ] GC(142) Pause Full (System.gc())
[117.050s][info][gc,phases,start] GC(142) Marking Phase
[117.072s][info][gc,phases      ] GC(142) Marking Phase 22.198ms
[117.072s][info][gc,phases,start] GC(142) Summary Phase
[117.072s][info][gc,phases      ] GC(142) Summary Phase 0.010ms
[117.072s][info][gc,phases,start] GC(142) Adjust Roots
[117.082s][info][gc,phases      ] GC(142) Adjust Roots 9.600ms
[117.082s][info][gc,phases,start] GC(142) Compaction Phase
[117.087s][info][gc,phases      ] GC(142) Compaction Phase 5.400ms
[117.087s][info][gc,phases,start] GC(142) Post Compact
[117.088s][info][gc,phases      ] GC(142) Post Compact 0.703ms
[117.088s][info][gc,heap        ] GC(142) PSYoungGen: 2688K(1389056K)->0K(1389056K) Eden: 0K(1380352K)->0K(1380352K) From: 2688K(8704K)->0K(8704K)
[117.088s][info][gc,heap        ] GC(142) ParOldGen: 27778K(2796544K)->25534K(2796544K)
[117.088s][info][gc,metaspace   ] GC(142) Metaspace: 52700K(53184K)->52700K(53184K) NonClass: 46134K(46336K)->46134K(46336K) Class: 6566K(6848K)->6566K(6848K)
[117.088s][info][gc             ] GC(142) Pause Full (System.gc()) 29M->24M(4087M) 38.266ms
[117.088s][info][gc,cpu         ] GC(142) User=0.00s Sys=0.00s Real=0.03s
[118.426s][info][gc,start       ] GC(143) Pause Young (Allocation Failure)
[118.429s][info][gc,heap        ] GC(143) PSYoungGen: 1380352K(1389056K)->5696K(1389056K) Eden: 1380352K(1380352K)->0K(1380352K) From: 0K(8704K)->5696K(8704K)
[118.429s][info][gc,heap        ] GC(143) ParOldGen: 25534K(2796544K)->25534K(2796544K)
[118.429s][info][gc,metaspace   ] GC(143) Metaspace: 52701K(53184K)->52701K(53184K) NonClass: 46134K(46336K)->46134K(46336K) Class: 6566K(6848K)->6566K(6848K)
[118.429s][info][gc             ] GC(143) Pause Young (Allocation Failure) 1372M->30M(4087M) 3.321ms
[118.429s][info][gc,cpu         ] GC(143) User=0.00s Sys=0.00s Real=0.00s
[119.074s][info][gc,start       ] GC(144) Pause Young (System.gc())
[119.077s][info][gc,heap        ] GC(144) PSYoungGen: 683047K(1389056K)->2656K(1389056K) Eden: 677351K(1380352K)->0K(1380352K) From: 5696K(8704K)->2656K(8704K)
[119.077s][info][gc,heap        ] GC(144) ParOldGen: 25534K(2796544K)->27758K(2796544K)
[119.077s][info][gc,metaspace   ] GC(144) Metaspace: 52701K(53184K)->52701K(53184K) NonClass: 46134K(46336K)->46134K(46336K) Class: 6566K(6848K)->6566K(6848K)
[119.077s][info][gc             ] GC(144) Pause Young (System.gc()) 691M->29M(4087M) 3.181ms
[119.077s][info][gc,cpu         ] GC(144) User=0.00s Sys=0.00s Real=0.00s
[119.077s][info][gc,start       ] GC(145) Pause Full (System.gc())
[119.077s][info][gc,phases,start] GC(145) Marking Phase
[119.103s][info][gc,phases      ] GC(145) Marking Phase 25.751ms
[119.103s][info][gc,phases,start] GC(145) Summary Phase
[119.103s][info][gc,phases      ] GC(145) Summary Phase 0.010ms
[119.103s][info][gc,phases,start] GC(145) Adjust Roots
[119.112s][info][gc,phases      ] GC(145) Adjust Roots 9.282ms
[119.112s][info][gc,phases,start] GC(145) Compaction Phase
[119.119s][info][gc,phases      ] GC(145) Compaction Phase 6.340ms
[119.119s][info][gc,phases,start] GC(145) Post Compact
[119.119s][info][gc,phases      ] GC(145) Post Compact 0.719ms
[119.120s][info][gc,heap        ] GC(145) PSYoungGen: 2656K(1389056K)->0K(1389056K) Eden: 0K(1380352K)->0K(1380352K) From: 2656K(8704K)->0K(8704K)
[119.120s][info][gc,heap        ] GC(145) ParOldGen: 27758K(2796544K)->25495K(2796544K)
[119.120s][info][gc,metaspace   ] GC(145) Metaspace: 52701K(53184K)->52701K(53184K) NonClass: 46134K(46336K)->46134K(46336K) Class: 6566K(6848K)->6566K(6848K)
[119.120s][info][gc             ] GC(145) Pause Full (System.gc()) 29M->24M(4087M) 42.397ms
[119.120s][info][gc,cpu         ] GC(145) User=0.02s Sys=0.00s Real=0.03s
[120.481s][info][gc,start       ] GC(146) Pause Young (Allocation Failure)
[120.485s][info][gc,heap        ] GC(146) PSYoungGen: 1380352K(1389056K)->5280K(1389056K) Eden: 1380352K(1380352K)->0K(1380352K) From: 0K(8704K)->5280K(8704K)
[120.485s][info][gc,heap        ] GC(146) ParOldGen: 25495K(2796544K)->25495K(2796544K)
[120.485s][info][gc,metaspace   ] GC(146) Metaspace: 52701K(53184K)->52701K(53184K) NonClass: 46134K(46336K)->46134K(46336K) Class: 6566K(6848K)->6566K(6848K)
[120.485s][info][gc             ] GC(146) Pause Young (Allocation Failure) 1372M->30M(4087M) 3.292ms
[120.485s][info][gc,cpu         ] GC(146) User=0.00s Sys=0.00s Real=0.00s
[121.115s][info][gc,start       ] GC(147) Pause Young (System.gc())
[121.119s][info][gc,heap        ] GC(147) PSYoungGen: 678256K(1389056K)->2688K(1389056K) Eden: 672976K(1380352K)->0K(1380352K) From: 5280K(8704K)->2688K(8704K)
[121.119s][info][gc,heap        ] GC(147) ParOldGen: 25495K(2796544K)->27719K(2796544K)
[121.119s][info][gc,metaspace   ] GC(147) Metaspace: 52701K(53184K)->52701K(53184K) NonClass: 46134K(46336K)->46134K(46336K) Class: 6566K(6848K)->6566K(6848K)
[121.119s][info][gc             ] GC(147) Pause Young (System.gc()) 687M->29M(4087M) 4.140ms
[121.119s][info][gc,cpu         ] GC(147) User=0.02s Sys=0.00s Real=0.01s
[121.120s][info][gc,start       ] GC(148) Pause Full (System.gc())
[121.120s][info][gc,phases,start] GC(148) Marking Phase
[121.144s][info][gc,phases      ] GC(148) Marking Phase 23.978ms
[121.144s][info][gc,phases,start] GC(148) Summary Phase
[121.144s][info][gc,phases      ] GC(148) Summary Phase 0.010ms
[121.144s][info][gc,phases,start] GC(148) Adjust Roots
[121.154s][info][gc,phases      ] GC(148) Adjust Roots 10.157ms
[121.154s][info][gc,phases,start] GC(148) Compaction Phase
[121.160s][info][gc,phases      ] GC(148) Compaction Phase 5.700ms
[121.160s][info][gc,phases,start] GC(148) Post Compact
[121.160s][info][gc,phases      ] GC(148) Post Compact 0.727ms
[121.160s][info][gc,heap        ] GC(148) PSYoungGen: 2688K(1389056K)->0K(1389056K) Eden: 0K(1380352K)->0K(1380352K) From: 2688K(8704K)->0K(8704K)
[121.160s][info][gc,heap        ] GC(148) ParOldGen: 27719K(2796544K)->25488K(2796544K)
[121.160s][info][gc,metaspace   ] GC(148) Metaspace: 52701K(53184K)->52701K(53184K) NonClass: 46134K(46336K)->46134K(46336K) Class: 6566K(6848K)->6566K(6848K)
[121.160s][info][gc             ] GC(148) Pause Full (System.gc()) 29M->24M(4087M) 40.904ms
[121.160s][info][gc,cpu         ] GC(148) User=0.00s Sys=0.00s Real=0.03s
[122.504s][info][gc,start       ] GC(149) Pause Young (Allocation Failure)
[122.507s][info][gc,heap        ] GC(149) PSYoungGen: 1380352K(1389056K)->5952K(1388544K) Eden: 1380352K(1380352K)->0K(1380352K) From: 0K(8704K)->5952K(8192K)
[122.507s][info][gc,heap        ] GC(149) ParOldGen: 25488K(2796544K)->25488K(2796544K)
[122.507s][info][gc,metaspace   ] GC(149) Metaspace: 52704K(53184K)->52704K(53184K) NonClass: 46138K(46336K)->46138K(46336K) Class: 6566K(6848K)->6566K(6848K)
[122.507s][info][gc             ] GC(149) Pause Young (Allocation Failure) 1372M->30M(4087M) 3.502ms
[122.507s][info][gc,cpu         ] GC(149) User=0.00s Sys=0.00s Real=0.00s
[123.156s][info][gc,start       ] GC(150) Pause Young (System.gc())
[123.159s][info][gc,heap        ] GC(150) PSYoungGen: 682858K(1388544K)->2656K(1389056K) Eden: 676906K(1380352K)->0K(1380352K) From: 5952K(8192K)->2656K(8704K)
[123.159s][info][gc,heap        ] GC(150) ParOldGen: 25488K(2796544K)->27752K(2796544K)
[123.159s][info][gc,metaspace   ] GC(150) Metaspace: 52704K(53184K)->52704K(53184K) NonClass: 46138K(46336K)->46138K(46336K) Class: 6566K(6848K)->6566K(6848K)
[123.159s][info][gc             ] GC(150) Pause Young (System.gc()) 691M->29M(4087M) 3.002ms
[123.159s][info][gc,cpu         ] GC(150) User=0.00s Sys=0.00s Real=0.00s
[123.159s][info][gc,start       ] GC(151) Pause Full (System.gc())
[123.159s][info][gc,phases,start] GC(151) Marking Phase
[123.182s][info][gc,phases      ] GC(151) Marking Phase 23.001ms
[123.182s][info][gc,phases,start] GC(151) Summary Phase
[123.182s][info][gc,phases      ] GC(151) Summary Phase 0.009ms
[123.182s][info][gc,phases,start] GC(151) Adjust Roots
[123.192s][info][gc,phases      ] GC(151) Adjust Roots 9.747ms
[123.192s][info][gc,phases,start] GC(151) Compaction Phase
[123.198s][info][gc,phases      ] GC(151) Compaction Phase 6.434ms
[123.198s][info][gc,phases,start] GC(151) Post Compact
[123.199s][info][gc,phases      ] GC(151) Post Compact 0.707ms
[123.199s][info][gc,heap        ] GC(151) PSYoungGen: 2656K(1389056K)->0K(1389056K) Eden: 0K(1380352K)->0K(1380352K) From: 2656K(8704K)->0K(8704K)
[123.199s][info][gc,heap        ] GC(151) ParOldGen: 27752K(2796544K)->25492K(2796544K)
[123.199s][info][gc,metaspace   ] GC(151) Metaspace: 52704K(53184K)->52704K(53184K) NonClass: 46138K(46336K)->46138K(46336K) Class: 6566K(6848K)->6566K(6848K)
[123.199s][info][gc             ] GC(151) Pause Full (System.gc()) 29M->24M(4087M) 40.202ms
[123.199s][info][gc,cpu         ] GC(151) User=0.02s Sys=0.00s Real=0.05s
[124.545s][info][gc,start       ] GC(152) Pause Young (Allocation Failure)
[124.548s][info][gc,heap        ] GC(152) PSYoungGen: 1380352K(1389056K)->5056K(1389056K) Eden: 1380352K(1380352K)->0K(1380352K) From: 0K(8704K)->5056K(8704K)
[124.548s][info][gc,heap        ] GC(152) ParOldGen: 25492K(2796544K)->25492K(2796544K)
[124.548s][info][gc,metaspace   ] GC(152) Metaspace: 52705K(53184K)->52705K(53184K) NonClass: 46139K(46336K)->46139K(46336K) Class: 6566K(6848K)->6566K(6848K)
[124.548s][info][gc             ] GC(152) Pause Young (Allocation Failure) 1372M->29M(4087M) 3.085ms
[124.548s][info][gc,cpu         ] GC(152) User=0.00s Sys=0.00s Real=0.00s
[125.211s][info][gc,start       ] GC(153) Pause Young (System.gc())
[125.215s][info][gc,heap        ] GC(153) PSYoungGen: 678248K(1389056K)->2656K(1389056K) Eden: 673192K(1380352K)->0K(1380352K) From: 5056K(8704K)->2656K(8704K)
[125.215s][info][gc,heap        ] GC(153) ParOldGen: 25492K(2796544K)->27708K(2796544K)
[125.215s][info][gc,metaspace   ] GC(153) Metaspace: 52706K(53184K)->52706K(53184K) NonClass: 46140K(46336K)->46140K(46336K) Class: 6566K(6848K)->6566K(6848K)
[125.215s][info][gc             ] GC(153) Pause Young (System.gc()) 687M->29M(4087M) 3.814ms
[125.215s][info][gc,cpu         ] GC(153) User=0.00s Sys=0.00s Real=0.00s
[125.215s][info][gc,start       ] GC(154) Pause Full (System.gc())
[125.215s][info][gc,phases,start] GC(154) Marking Phase
[125.241s][info][gc,phases      ] GC(154) Marking Phase 26.102ms
[125.241s][info][gc,phases,start] GC(154) Summary Phase
[125.241s][info][gc,phases      ] GC(154) Summary Phase 0.010ms
[125.241s][info][gc,phases,start] GC(154) Adjust Roots
[125.251s][info][gc,phases      ] GC(154) Adjust Roots 9.486ms
[125.251s][info][gc,phases,start] GC(154) Compaction Phase
[125.258s][info][gc,phases      ] GC(154) Compaction Phase 6.879ms
[125.258s][info][gc,phases,start] GC(154) Post Compact
[125.259s][info][gc,phases      ] GC(154) Post Compact 0.772ms
[125.259s][info][gc,heap        ] GC(154) PSYoungGen: 2656K(1389056K)->0K(1389056K) Eden: 0K(1380352K)->0K(1380352K) From: 2656K(8704K)->0K(8704K)
[125.259s][info][gc,heap        ] GC(154) ParOldGen: 27708K(2796544K)->25501K(2796544K)
[125.259s][info][gc,metaspace   ] GC(154) Metaspace: 52706K(53184K)->52706K(53184K) NonClass: 46140K(46336K)->46140K(46336K) Class: 6566K(6848K)->6566K(6848K)
[125.259s][info][gc             ] GC(154) Pause Full (System.gc()) 29M->24M(4087M) 43.663ms
[125.259s][info][gc,cpu         ] GC(154) User=0.00s Sys=0.00s Real=0.03s
[126.634s][info][gc,start       ] GC(155) Pause Young (Allocation Failure)
[126.638s][info][gc,heap        ] GC(155) PSYoungGen: 1380352K(1389056K)->6720K(1388544K) Eden: 1380352K(1380352K)->0K(1380352K) From: 0K(8704K)->6720K(8192K)
[126.638s][info][gc,heap        ] GC(155) ParOldGen: 25501K(2796544K)->25501K(2796544K)
[126.638s][info][gc,metaspace   ] GC(155) Metaspace: 52708K(53184K)->52708K(53184K) NonClass: 46141K(46336K)->46141K(46336K) Class: 6566K(6848K)->6566K(6848K)
[126.638s][info][gc             ] GC(155) Pause Young (Allocation Failure) 1372M->31M(4087M) 3.651ms
[126.638s][info][gc,cpu         ] GC(155) User=0.00s Sys=0.00s Real=0.00s
[127.290s][info][gc,start       ] GC(156) Pause Young (System.gc())
[127.292s][info][gc,heap        ] GC(156) PSYoungGen: 684098K(1388544K)->2624K(1389056K) Eden: 677378K(1380352K)->0K(1380352K) From: 6720K(8192K)->2624K(8704K)
[127.293s][info][gc,heap        ] GC(156) ParOldGen: 25501K(2796544K)->27741K(2796544K)
[127.293s][info][gc,metaspace   ] GC(156) Metaspace: 52708K(53184K)->52708K(53184K) NonClass: 46141K(46336K)->46141K(46336K) Class: 6566K(6848K)->6566K(6848K)
[127.293s][info][gc             ] GC(156) Pause Young (System.gc()) 692M->29M(4087M) 2.986ms
[127.293s][info][gc,cpu         ] GC(156) User=0.00s Sys=0.00s Real=0.00s
[127.293s][info][gc,start       ] GC(157) Pause Full (System.gc())
[127.293s][info][gc,phases,start] GC(157) Marking Phase
[127.316s][info][gc,phases      ] GC(157) Marking Phase 23.759ms
[127.316s][info][gc,phases,start] GC(157) Summary Phase
[127.316s][info][gc,phases      ] GC(157) Summary Phase 0.009ms
[127.316s][info][gc,phases,start] GC(157) Adjust Roots
[127.326s][info][gc,phases      ] GC(157) Adjust Roots 9.965ms
[127.327s][info][gc,phases,start] GC(157) Compaction Phase
[127.332s][info][gc,phases      ] GC(157) Compaction Phase 5.458ms
[127.332s][info][gc,phases,start] GC(157) Post Compact
[127.333s][info][gc,phases      ] GC(157) Post Compact 0.683ms
[127.333s][info][gc,heap        ] GC(157) PSYoungGen: 2624K(1389056K)->0K(1389056K) Eden: 0K(1380352K)->0K(1380352K) From: 2624K(8704K)->0K(8704K)
[127.333s][info][gc,heap        ] GC(157) ParOldGen: 27741K(2796544K)->25502K(2796544K)
[127.333s][info][gc,metaspace   ] GC(157) Metaspace: 52708K(53184K)->52708K(53184K) NonClass: 46141K(46336K)->46141K(46336K) Class: 6566K(6848K)->6566K(6848K)
[127.333s][info][gc             ] GC(157) Pause Full (System.gc()) 29M->24M(4087M) 40.154ms
[127.333s][info][gc,cpu         ] GC(157) User=0.00s Sys=0.00s Real=0.03s
[132.304s][info][gc,start       ] GC(158) Pause Young (Allocation Failure)
[132.307s][info][gc,heap        ] GC(158) PSYoungGen: 1380352K(1389056K)->4992K(1389056K) Eden: 1380352K(1380352K)->0K(1380352K) From: 0K(8704K)->4992K(8704K)
[132.307s][info][gc,heap        ] GC(158) ParOldGen: 25502K(2796544K)->25502K(2796544K)
[132.307s][info][gc,metaspace   ] GC(158) Metaspace: 52708K(53184K)->52708K(53184K) NonClass: 46142K(46336K)->46142K(46336K) Class: 6566K(6848K)->6566K(6848K)
[132.307s][info][gc             ] GC(158) Pause Young (Allocation Failure) 1372M->29M(4087M) 3.016ms
[132.307s][info][gc,cpu         ] GC(158) User=0.00s Sys=0.00s Real=0.00s
[132.944s][info][gc,start       ] GC(159) Pause Young (System.gc())
[132.946s][info][gc,heap        ] GC(159) PSYoungGen: 684395K(1389056K)->2656K(1389056K) Eden: 679403K(1380352K)->0K(1380352K) From: 4992K(8704K)->2656K(8704K)
[132.946s][info][gc,heap        ] GC(159) ParOldGen: 25502K(2796544K)->26806K(2796544K)
[132.946s][info][gc,metaspace   ] GC(159) Metaspace: 52711K(53184K)->52711K(53184K) NonClass: 46145K(46336K)->46145K(46336K) Class: 6566K(6848K)->6566K(6848K)
[132.946s][info][gc             ] GC(159) Pause Young (System.gc()) 693M->28M(4087M) 2.481ms
[132.946s][info][gc,cpu         ] GC(159) User=0.00s Sys=0.00s Real=0.00s
[132.946s][info][gc,start       ] GC(160) Pause Full (System.gc())
[132.946s][info][gc,phases,start] GC(160) Marking Phase
[132.969s][info][gc,phases      ] GC(160) Marking Phase 23.178ms
[132.969s][info][gc,phases,start] GC(160) Summary Phase
[132.969s][info][gc,phases      ] GC(160) Summary Phase 0.009ms
[132.969s][info][gc,phases,start] GC(160) Adjust Roots
[132.979s][info][gc,phases      ] GC(160) Adjust Roots 9.386ms
[132.979s][info][gc,phases,start] GC(160) Compaction Phase
[132.984s][info][gc,phases      ] GC(160) Compaction Phase 4.770ms
[132.984s][info][gc,phases,start] GC(160) Post Compact
[132.984s][info][gc,phases      ] GC(160) Post Compact 0.756ms
[132.984s][info][gc,heap        ] GC(160) PSYoungGen: 2656K(1389056K)->0K(1389056K) Eden: 0K(1380352K)->0K(1380352K) From: 2656K(8704K)->0K(8704K)
[132.984s][info][gc,heap        ] GC(160) ParOldGen: 26806K(2796544K)->22155K(2796544K)
[132.985s][info][gc,metaspace   ] GC(160) Metaspace: 52711K(53184K)->52711K(53184K) NonClass: 46145K(46336K)->46145K(46336K) Class: 6566K(6848K)->6566K(6848K)
[132.985s][info][gc             ] GC(160) Pause Full (System.gc()) 28M->21M(4087M) 38.417ms
[132.985s][info][gc,cpu         ] GC(160) User=0.05s Sys=0.00s Real=0.05s
[134.335s][info][gc,start       ] GC(161) Pause Young (Allocation Failure)
[134.338s][info][gc,heap        ] GC(161) PSYoungGen: 1380352K(1389056K)->4992K(1389568K) Eden: 1380352K(1380352K)->0K(1380864K) From: 0K(8704K)->4992K(8704K)
[134.338s][info][gc,heap        ] GC(161) ParOldGen: 22155K(2796544K)->22155K(2796544K)
[134.338s][info][gc,metaspace   ] GC(161) Metaspace: 52711K(53184K)->52711K(53184K) NonClass: 46145K(46336K)->46145K(46336K) Class: 6566K(6848K)->6566K(6848K)
[134.338s][info][gc             ] GC(161) Pause Young (Allocation Failure) 1369M->26M(4088M) 3.082ms
[134.338s][info][gc,cpu         ] GC(161) User=0.00s Sys=0.00s Real=0.00s
[134.999s][info][gc,start       ] GC(162) Pause Young (System.gc())
[135.002s][info][gc,heap        ] GC(162) PSYoungGen: 681137K(1389568K)->2656K(1389056K) Eden: 676145K(1380864K)->0K(1380864K) From: 4992K(8704K)->2656K(8192K)
[135.002s][info][gc,heap        ] GC(162) ParOldGen: 22155K(2796544K)->24259K(2796544K)
[135.002s][info][gc,metaspace   ] GC(162) Metaspace: 52711K(53184K)->52711K(53184K) NonClass: 46145K(46336K)->46145K(46336K) Class: 6566K(6848K)->6566K(6848K)
[135.002s][info][gc             ] GC(162) Pause Young (System.gc()) 686M->26M(4087M) 2.850ms
[135.002s][info][gc,cpu         ] GC(162) User=0.00s Sys=0.00s Real=0.00s
[135.002s][info][gc,start       ] GC(163) Pause Full (System.gc())
[135.002s][info][gc,phases,start] GC(163) Marking Phase
[135.026s][info][gc,phases      ] GC(163) Marking Phase 24.006ms
[135.026s][info][gc,phases,start] GC(163) Summary Phase
[135.026s][info][gc,phases      ] GC(163) Summary Phase 0.009ms
[135.026s][info][gc,phases,start] GC(163) Adjust Roots
[135.036s][info][gc,phases      ] GC(163) Adjust Roots 9.751ms
[135.036s][info][gc,phases,start] GC(163) Compaction Phase
[135.041s][info][gc,phases      ] GC(163) Compaction Phase 5.469ms
[135.041s][info][gc,phases,start] GC(163) Post Compact
[135.042s][info][gc,phases      ] GC(163) Post Compact 0.755ms
[135.042s][info][gc,heap        ] GC(163) PSYoungGen: 2656K(1389056K)->0K(1389056K) Eden: 0K(1380864K)->0K(1380864K) From: 2656K(8192K)->0K(8192K)
[135.042s][info][gc,heap        ] GC(163) ParOldGen: 24259K(2796544K)->24424K(2796544K)
[135.042s][info][gc,metaspace   ] GC(163) Metaspace: 52711K(53184K)->52711K(53184K) NonClass: 46145K(46336K)->46145K(46336K) Class: 6566K(6848K)->6566K(6848K)
[135.042s][info][gc             ] GC(163) Pause Full (System.gc()) 26M->23M(4087M) 40.258ms
[135.042s][info][gc,cpu         ] GC(163) User=0.00s Sys=0.00s Real=0.03s
[136.491s][info][gc,start       ] GC(164) Pause Young (Allocation Failure)
[136.495s][info][gc,heap        ] GC(164) PSYoungGen: 1380864K(1389056K)->5408K(1389568K) Eden: 1380864K(1380864K)->0K(1381376K) From: 0K(8192K)->5408K(8192K)
[136.495s][info][gc,heap        ] GC(164) ParOldGen: 24424K(2796544K)->24424K(2796544K)
[136.495s][info][gc,metaspace   ] GC(164) Metaspace: 52711K(53184K)->52711K(53184K) NonClass: 46145K(46336K)->46145K(46336K) Class: 6566K(6848K)->6566K(6848K)
[136.495s][info][gc             ] GC(164) Pause Young (Allocation Failure) 1372M->29M(4088M) 3.315ms
[136.495s][info][gc,cpu         ] GC(164) User=0.00s Sys=0.00s Real=0.00s
[137.165s][info][gc,start       ] GC(165) Pause Young (System.gc())
[137.168s][info][gc,heap        ] GC(165) PSYoungGen: 681463K(1389568K)->2592K(1389568K) Eden: 676055K(1381376K)->0K(1381376K) From: 5408K(8192K)->2592K(8192K)
[137.168s][info][gc,heap        ] GC(165) ParOldGen: 24424K(2796544K)->26552K(2796544K)
[137.168s][info][gc,metaspace   ] GC(165) Metaspace: 52713K(53184K)->52713K(53184K) NonClass: 46147K(46336K)->46147K(46336K) Class: 6566K(6848K)->6566K(6848K)
[137.168s][info][gc             ] GC(165) Pause Young (System.gc()) 689M->28M(4088M) 3.027ms
[137.168s][info][gc,cpu         ] GC(165) User=0.00s Sys=0.00s Real=0.00s
[137.168s][info][gc,start       ] GC(166) Pause Full (System.gc())
[137.168s][info][gc,phases,start] GC(166) Marking Phase
[137.193s][info][gc,phases      ] GC(166) Marking Phase 24.324ms
[137.193s][info][gc,phases,start] GC(166) Summary Phase
[137.193s][info][gc,phases      ] GC(166) Summary Phase 0.009ms
[137.193s][info][gc,phases,start] GC(166) Adjust Roots
[137.202s][info][gc,phases      ] GC(166) Adjust Roots 9.486ms
[137.202s][info][gc,phases,start] GC(166) Compaction Phase
[137.208s][info][gc,phases      ] GC(166) Compaction Phase 6.325ms
[137.209s][info][gc,phases,start] GC(166) Post Compact
[137.209s][info][gc,phases      ] GC(166) Post Compact 0.735ms
[137.209s][info][gc,heap        ] GC(166) PSYoungGen: 2592K(1389568K)->0K(1389568K) Eden: 0K(1381376K)->0K(1381376K) From: 2592K(8192K)->0K(8192K)
[137.209s][info][gc,heap        ] GC(166) ParOldGen: 26552K(2796544K)->26689K(2796544K)
[137.209s][info][gc,metaspace   ] GC(166) Metaspace: 52713K(53184K)->52713K(53184K) NonClass: 46147K(46336K)->46147K(46336K) Class: 6566K(6848K)->6566K(6848K)
[137.209s][info][gc             ] GC(166) Pause Full (System.gc()) 28M->26M(4088M) 41.142ms
[137.209s][info][gc,cpu         ] GC(166) User=0.02s Sys=0.00s Real=0.05s
[138.588s][info][gc,start       ] GC(167) Pause Young (Allocation Failure)
[138.591s][info][gc,heap        ] GC(167) PSYoungGen: 1381376K(1389568K)->5376K(1389568K) Eden: 1381376K(1381376K)->0K(1381376K) From: 0K(8192K)->5376K(8192K)
[138.591s][info][gc,heap        ] GC(167) ParOldGen: 26689K(2796544K)->26689K(2796544K)
[138.591s][info][gc,metaspace   ] GC(167) Metaspace: 52713K(53184K)->52713K(53184K) NonClass: 46147K(46336K)->46147K(46336K) Class: 6566K(6848K)->6566K(6848K)
[138.591s][info][gc             ] GC(167) Pause Young (Allocation Failure) 1375M->31M(4088M) 3.183ms
[138.592s][info][gc,cpu         ] GC(167) User=0.00s Sys=0.00s Real=0.00s
[139.217s][info][gc,start       ] GC(168) Pause Young (System.gc())
[139.221s][info][gc,heap        ] GC(168) PSYoungGen: 675393K(1389568K)->2688K(1389568K) Eden: 670017K(1381376K)->0K(1381376K) From: 5376K(8192K)->2688K(8192K)
[139.221s][info][gc,heap        ] GC(168) ParOldGen: 26689K(2796544K)->29001K(2796544K)
[139.221s][info][gc,metaspace   ] GC(168) Metaspace: 52713K(53184K)->52713K(53184K) NonClass: 46147K(46336K)->46147K(46336K) Class: 6566K(6848K)->6566K(6848K)
[139.221s][info][gc             ] GC(168) Pause Young (System.gc()) 685M->30M(4088M) 4.028ms
[139.221s][info][gc,cpu         ] GC(168) User=0.02s Sys=0.00s Real=0.02s
[139.221s][info][gc,start       ] GC(169) Pause Full (System.gc())
[139.221s][info][gc,phases,start] GC(169) Marking Phase
[139.245s][info][gc,phases      ] GC(169) Marking Phase 23.568ms
[139.245s][info][gc,phases,start] GC(169) Summary Phase
[139.245s][info][gc,phases      ] GC(169) Summary Phase 0.009ms
[139.245s][info][gc,phases,start] GC(169) Adjust Roots
[139.255s][info][gc,phases      ] GC(169) Adjust Roots 10.250ms
[139.255s][info][gc,phases,start] GC(169) Compaction Phase
[139.261s][info][gc,phases      ] GC(169) Compaction Phase 6.265ms
[139.261s][info][gc,phases,start] GC(169) Post Compact
[139.262s][info][gc,phases      ] GC(169) Post Compact 0.752ms
[139.262s][info][gc,heap        ] GC(169) PSYoungGen: 2688K(1389568K)->0K(1389568K) Eden: 0K(1381376K)->0K(1381376K) From: 2688K(8192K)->0K(8192K)
[139.262s][info][gc,heap        ] GC(169) ParOldGen: 29001K(2796544K)->25492K(2796544K)
[139.262s][info][gc,metaspace   ] GC(169) Metaspace: 52713K(53184K)->52713K(53184K) NonClass: 46147K(46336K)->46147K(46336K) Class: 6566K(6848K)->6566K(6848K)
[139.262s][info][gc             ] GC(169) Pause Full (System.gc()) 30M->24M(4088M) 41.164ms
[139.262s][info][gc,cpu         ] GC(169) User=0.00s Sys=0.00s Real=0.03s
[140.649s][info][gc,start       ] GC(170) Pause Young (Allocation Failure)
[140.652s][info][gc,heap        ] GC(170) PSYoungGen: 1381376K(1389568K)->5312K(1389568K) Eden: 1381376K(1381376K)->0K(1381376K) From: 0K(8192K)->5312K(8192K)
[140.652s][info][gc,heap        ] GC(170) ParOldGen: 25492K(2796544K)->25492K(2796544K)
[140.652s][info][gc,metaspace   ] GC(170) Metaspace: 52713K(53184K)->52713K(53184K) NonClass: 46147K(46336K)->46147K(46336K) Class: 6566K(6848K)->6566K(6848K)
[140.652s][info][gc             ] GC(170) Pause Young (Allocation Failure) 1373M->30M(4088M) 3.189ms
[140.652s][info][gc,cpu         ] GC(170) User=0.00s Sys=0.00s Real=0.00s
[141.286s][info][gc,start       ] GC(171) Pause Young (System.gc())
[141.289s][info][gc,heap        ] GC(171) PSYoungGen: 667792K(1389568K)->2624K(1389568K) Eden: 662480K(1381376K)->0K(1381376K) From: 5312K(8192K)->2624K(8192K)
[141.289s][info][gc,heap        ] GC(171) ParOldGen: 25492K(2796544K)->27724K(2796544K)
[141.289s][info][gc,metaspace   ] GC(171) Metaspace: 52714K(53248K)->52714K(53248K) NonClass: 46148K(46400K)->46148K(46400K) Class: 6566K(6848K)->6566K(6848K)
[141.289s][info][gc             ] GC(171) Pause Young (System.gc()) 677M->29M(4088M) 3.005ms
[141.289s][info][gc,cpu         ] GC(171) User=0.00s Sys=0.00s Real=0.00s
[141.289s][info][gc,start       ] GC(172) Pause Full (System.gc())
[141.289s][info][gc,phases,start] GC(172) Marking Phase
[141.313s][info][gc,phases      ] GC(172) Marking Phase 23.872ms
[141.313s][info][gc,phases,start] GC(172) Summary Phase
[141.313s][info][gc,phases      ] GC(172) Summary Phase 0.010ms
[141.313s][info][gc,phases,start] GC(172) Adjust Roots
[141.323s][info][gc,phases      ] GC(172) Adjust Roots 9.419ms
[141.323s][info][gc,phases,start] GC(172) Compaction Phase
[141.330s][info][gc,phases      ] GC(172) Compaction Phase 7.063ms
[141.330s][info][gc,phases,start] GC(172) Post Compact
[141.331s][info][gc,phases      ] GC(172) Post Compact 0.899ms
[141.331s][info][gc,heap        ] GC(172) PSYoungGen: 2624K(1389568K)->0K(1389568K) Eden: 0K(1381376K)->0K(1381376K) From: 2624K(8192K)->0K(8192K)
[141.331s][info][gc,heap        ] GC(172) ParOldGen: 27724K(2796544K)->25499K(2796544K)
[141.331s][info][gc,metaspace   ] GC(172) Metaspace: 52714K(53248K)->52714K(53248K) NonClass: 46148K(46400K)->46148K(46400K) Class: 6566K(6848K)->6566K(6848K)
[141.331s][info][gc             ] GC(172) Pause Full (System.gc()) 29M->24M(4088M) 41.553ms
[141.331s][info][gc,cpu         ] GC(172) User=0.00s Sys=0.00s Real=0.05s
[142.662s][info][gc,start       ] GC(173) Pause Young (Allocation Failure)
[142.665s][info][gc,heap        ] GC(173) PSYoungGen: 1381376K(1389568K)->5248K(1389568K) Eden: 1381376K(1381376K)->0K(1381376K) From: 0K(8192K)->5248K(8192K)
[142.665s][info][gc,heap        ] GC(173) ParOldGen: 25499K(2796544K)->25499K(2796544K)
[142.665s][info][gc,metaspace   ] GC(173) Metaspace: 52717K(53248K)->52717K(53248K) NonClass: 46151K(46400K)->46151K(46400K) Class: 6566K(6848K)->6566K(6848K)
[142.665s][info][gc             ] GC(173) Pause Young (Allocation Failure) 1373M->30M(4088M) 3.238ms
[142.665s][info][gc,cpu         ] GC(173) User=0.00s Sys=0.00s Real=0.00s
[143.309s][info][gc,start       ] GC(174) Pause Young (System.gc())
[143.312s][info][gc,heap        ] GC(174) PSYoungGen: 623291K(1389568K)->2624K(1389568K) Eden: 618043K(1381376K)->0K(1381376K) From: 5248K(8192K)->2624K(8192K)
[143.312s][info][gc,heap        ] GC(174) ParOldGen: 25499K(2796544K)->27723K(2796544K)
[143.312s][info][gc,metaspace   ] GC(174) Metaspace: 52717K(53248K)->52717K(53248K) NonClass: 46151K(46400K)->46151K(46400K) Class: 6566K(6848K)->6566K(6848K)
[143.312s][info][gc             ] GC(174) Pause Young (System.gc()) 633M->29M(4088M) 3.554ms
[143.312s][info][gc,cpu         ] GC(174) User=0.02s Sys=0.00s Real=0.02s
[143.313s][info][gc,start       ] GC(175) Pause Full (System.gc())
[143.313s][info][gc,phases,start] GC(175) Marking Phase
[143.337s][info][gc,phases      ] GC(175) Marking Phase 24.406ms
[143.337s][info][gc,phases,start] GC(175) Summary Phase
[143.337s][info][gc,phases      ] GC(175) Summary Phase 0.010ms
[143.337s][info][gc,phases,start] GC(175) Adjust Roots
[143.347s][info][gc,phases      ] GC(175) Adjust Roots 9.781ms
[143.347s][info][gc,phases,start] GC(175) Compaction Phase
[143.353s][info][gc,phases      ] GC(175) Compaction Phase 5.855ms
[143.353s][info][gc,phases,start] GC(175) Post Compact
[143.353s][info][gc,phases      ] GC(175) Post Compact 0.676ms
[143.354s][info][gc,heap        ] GC(175) PSYoungGen: 2624K(1389568K)->0K(1389568K) Eden: 0K(1381376K)->0K(1381376K) From: 2624K(8192K)->0K(8192K)
[143.354s][info][gc,heap        ] GC(175) ParOldGen: 27723K(2796544K)->25499K(2796544K)
[143.354s][info][gc,metaspace   ] GC(175) Metaspace: 52717K(53248K)->52717K(53248K) NonClass: 46151K(46400K)->46151K(46400K) Class: 6566K(6848K)->6566K(6848K)
[143.354s][info][gc             ] GC(175) Pause Full (System.gc()) 29M->24M(4088M) 41.016ms
[143.354s][info][gc,cpu         ] GC(175) User=0.00s Sys=0.00s Real=0.03s
[144.700s][info][gc,start       ] GC(176) Pause Young (Allocation Failure)
[144.704s][info][gc,heap        ] GC(176) PSYoungGen: 1381376K(1389568K)->5664K(1389568K) Eden: 1381376K(1381376K)->0K(1381376K) From: 0K(8192K)->5664K(8192K)
[144.704s][info][gc,heap        ] GC(176) ParOldGen: 25499K(2796544K)->25499K(2796544K)
[144.704s][info][gc,metaspace   ] GC(176) Metaspace: 52718K(53248K)->52718K(53248K) NonClass: 46151K(46400K)->46151K(46400K) Class: 6567K(6848K)->6567K(6848K)
[144.704s][info][gc             ] GC(176) Pause Young (Allocation Failure) 1373M->30M(4088M) 3.363ms
[144.704s][info][gc,cpu         ] GC(176) User=0.00s Sys=0.00s Real=0.00s
[145.291s][info][gc,start       ] GC(177) Pause Young (System.gc())
[145.294s][info][gc,heap        ] GC(177) PSYoungGen: 588193K(1389568K)->2656K(1389568K) Eden: 582529K(1381376K)->0K(1381376K) From: 5664K(8192K)->2656K(8192K)
[145.294s][info][gc,heap        ] GC(177) ParOldGen: 25499K(2796544K)->27755K(2796544K)
[145.294s][info][gc,metaspace   ] GC(177) Metaspace: 52718K(53248K)->52718K(53248K) NonClass: 46151K(46400K)->46151K(46400K) Class: 6567K(6848K)->6567K(6848K)
[145.294s][info][gc             ] GC(177) Pause Young (System.gc()) 599M->29M(4088M) 3.953ms
[145.294s][info][gc,cpu         ] GC(177) User=0.00s Sys=0.00s Real=0.00s
[145.295s][info][gc,start       ] GC(178) Pause Full (System.gc())
[145.295s][info][gc,phases,start] GC(178) Marking Phase
[145.317s][info][gc,phases      ] GC(178) Marking Phase 22.515ms
[145.317s][info][gc,phases,start] GC(178) Summary Phase
[145.317s][info][gc,phases      ] GC(178) Summary Phase 0.010ms
[145.317s][info][gc,phases,start] GC(178) Adjust Roots
[145.326s][info][gc,phases      ] GC(178) Adjust Roots 9.344ms
[145.327s][info][gc,phases,start] GC(178) Compaction Phase
[145.333s][info][gc,phases      ] GC(178) Compaction Phase 6.212ms
[145.333s][info][gc,phases,start] GC(178) Post Compact
[145.333s][info][gc,phases      ] GC(178) Post Compact 0.704ms
[145.334s][info][gc,heap        ] GC(178) PSYoungGen: 2656K(1389568K)->0K(1389568K) Eden: 0K(1381376K)->0K(1381376K) From: 2656K(8192K)->0K(8192K)
[145.334s][info][gc,heap        ] GC(178) ParOldGen: 27755K(2796544K)->25497K(2796544K)
[145.334s][info][gc,metaspace   ] GC(178) Metaspace: 52718K(53248K)->52718K(53248K) NonClass: 46151K(46400K)->46151K(46400K) Class: 6567K(6848K)->6567K(6848K)
[145.334s][info][gc             ] GC(178) Pause Full (System.gc()) 29M->24M(4088M) 39.077ms
[145.334s][info][gc,cpu         ] GC(178) User=0.03s Sys=0.00s Real=0.05s
[146.711s][info][gc,start       ] GC(179) Pause Young (Allocation Failure)
[146.714s][info][gc,heap        ] GC(179) PSYoungGen: 1381376K(1389568K)->5280K(1389568K) Eden: 1381376K(1381376K)->0K(1381376K) From: 0K(8192K)->5280K(8192K)
[146.714s][info][gc,heap        ] GC(179) ParOldGen: 25497K(2796544K)->25497K(2796544K)
[146.714s][info][gc,metaspace   ] GC(179) Metaspace: 52718K(53248K)->52718K(53248K) NonClass: 46151K(46400K)->46151K(46400K) Class: 6567K(6848K)->6567K(6848K)
[146.714s][info][gc             ] GC(179) Pause Young (Allocation Failure) 1373M->30M(4088M) 3.171ms
[146.714s][info][gc,cpu         ] GC(179) User=0.00s Sys=0.00s Real=0.00s
[147.275s][info][gc,start       ] GC(180) Pause Young (System.gc())
[147.279s][info][gc,heap        ] GC(180) PSYoungGen: 586063K(1389568K)->2656K(1389568K) Eden: 580783K(1381376K)->0K(1381376K) From: 5280K(8192K)->2656K(8192K)
[147.279s][info][gc,heap        ] GC(180) ParOldGen: 25497K(2796544K)->27785K(2796544K)
[147.279s][info][gc,metaspace   ] GC(180) Metaspace: 52718K(53248K)->52718K(53248K) NonClass: 46151K(46400K)->46151K(46400K) Class: 6567K(6848K)->6567K(6848K)
[147.279s][info][gc             ] GC(180) Pause Young (System.gc()) 597M->29M(4088M) 3.945ms
[147.279s][info][gc,cpu         ] GC(180) User=0.00s Sys=0.00s Real=0.00s
[147.279s][info][gc,start       ] GC(181) Pause Full (System.gc())
[147.279s][info][gc,phases,start] GC(181) Marking Phase
[147.302s][info][gc,phases      ] GC(181) Marking Phase 23.591ms
[147.302s][info][gc,phases,start] GC(181) Summary Phase
[147.302s][info][gc,phases      ] GC(181) Summary Phase 0.009ms
[147.302s][info][gc,phases,start] GC(181) Adjust Roots
[147.312s][info][gc,phases      ] GC(181) Adjust Roots 9.860ms
[147.312s][info][gc,phases,start] GC(181) Compaction Phase
[147.318s][info][gc,phases      ] GC(181) Compaction Phase 5.998ms
[147.318s][info][gc,phases,start] GC(181) Post Compact
[147.319s][info][gc,phases      ] GC(181) Post Compact 0.664ms
[147.319s][info][gc,heap        ] GC(181) PSYoungGen: 2656K(1389568K)->0K(1389568K) Eden: 0K(1381376K)->0K(1381376K) From: 2656K(8192K)->0K(8192K)
[147.319s][info][gc,heap        ] GC(181) ParOldGen: 27785K(2796544K)->25495K(2796544K)
[147.319s][info][gc,metaspace   ] GC(181) Metaspace: 52718K(53248K)->52718K(53248K) NonClass: 46151K(46400K)->46151K(46400K) Class: 6567K(6848K)->6567K(6848K)
[147.319s][info][gc             ] GC(181) Pause Full (System.gc()) 29M->24M(4088M) 40.399ms
[147.319s][info][gc,cpu         ] GC(181) User=0.00s Sys=0.00s Real=0.03s
[148.728s][info][gc,start       ] GC(182) Pause Young (Allocation Failure)
[148.731s][info][gc,heap        ] GC(182) PSYoungGen: 1381376K(1389568K)->6112K(1388544K) Eden: 1381376K(1381376K)->0K(1380352K) From: 0K(8192K)->6112K(8192K)
[148.731s][info][gc,heap        ] GC(182) ParOldGen: 25495K(2796544K)->25495K(2796544K)
[148.731s][info][gc,metaspace   ] GC(182) Metaspace: 52719K(53248K)->52719K(53248K) NonClass: 46152K(46400K)->46152K(46400K) Class: 6567K(6848K)->6567K(6848K)
[148.731s][info][gc             ] GC(182) Pause Young (Allocation Failure) 1373M->30M(4087M) 3.468ms
[148.731s][info][gc,cpu         ] GC(182) User=0.00s Sys=0.00s Real=0.00s
[149.272s][info][gc,start       ] GC(183) Pause Young (System.gc())
[149.276s][info][gc,heap        ] GC(183) PSYoungGen: 589759K(1388544K)->2656K(1389056K) Eden: 583647K(1380352K)->0K(1380352K) From: 6112K(8192K)->2656K(8704K)
[149.276s][info][gc,heap        ] GC(183) ParOldGen: 25495K(2796544K)->27727K(2796544K)
[149.276s][info][gc,metaspace   ] GC(183) Metaspace: 52719K(53248K)->52719K(53248K) NonClass: 46152K(46400K)->46152K(46400K) Class: 6567K(6848K)->6567K(6848K)
[149.276s][info][gc             ] GC(183) Pause Young (System.gc()) 600M->29M(4087M) 3.818ms
[149.276s][info][gc,cpu         ] GC(183) User=0.00s Sys=0.00s Real=0.00s
[149.276s][info][gc,start       ] GC(184) Pause Full (System.gc())
[149.276s][info][gc,phases,start] GC(184) Marking Phase
[149.302s][info][gc,phases      ] GC(184) Marking Phase 25.706ms
[149.302s][info][gc,phases,start] GC(184) Summary Phase
[149.302s][info][gc,phases      ] GC(184) Summary Phase 0.009ms
[149.302s][info][gc,phases,start] GC(184) Adjust Roots
[149.312s][info][gc,phases      ] GC(184) Adjust Roots 9.556ms
[149.312s][info][gc,phases,start] GC(184) Compaction Phase
[149.317s][info][gc,phases      ] GC(184) Compaction Phase 5.447ms
[149.317s][info][gc,phases,start] GC(184) Post Compact
[149.318s][info][gc,phases      ] GC(184) Post Compact 0.659ms
[149.318s][info][gc,heap        ] GC(184) PSYoungGen: 2656K(1389056K)->0K(1389056K) Eden: 0K(1380352K)->0K(1380352K) From: 2656K(8704K)->0K(8704K)
[149.318s][info][gc,heap        ] GC(184) ParOldGen: 27727K(2796544K)->25497K(2796544K)
[149.318s][info][gc,metaspace   ] GC(184) Metaspace: 52719K(53248K)->52719K(53248K) NonClass: 46152K(46400K)->46152K(46400K) Class: 6567K(6848K)->6567K(6848K)
[149.318s][info][gc             ] GC(184) Pause Full (System.gc()) 29M->24M(4087M) 41.662ms
[149.318s][info][gc,cpu         ] GC(184) User=0.02s Sys=0.00s Real=0.05s
[150.696s][info][gc,start       ] GC(185) Pause Young (Allocation Failure)
[150.699s][info][gc,heap        ] GC(185) PSYoungGen: 1380352K(1389056K)->4928K(1389568K) Eden: 1380352K(1380352K)->0K(1381376K) From: 0K(8704K)->4928K(8192K)
[150.699s][info][gc,heap        ] GC(185) ParOldGen: 25497K(2796544K)->25497K(2796544K)
[150.699s][info][gc,metaspace   ] GC(185) Metaspace: 52719K(53248K)->52719K(53248K) NonClass: 46152K(46400K)->46152K(46400K) Class: 6567K(6848K)->6567K(6848K)
[150.699s][info][gc             ] GC(185) Pause Young (Allocation Failure) 1372M->29M(4088M) 2.993ms
[150.699s][info][gc,cpu         ] GC(185) User=0.00s Sys=0.00s Real=0.00s
[151.316s][info][gc,start       ] GC(186) Pause Young (System.gc())
[151.319s][info][gc,heap        ] GC(186) PSYoungGen: 588595K(1389568K)->2688K(1389568K) Eden: 583667K(1381376K)->0K(1381376K) From: 4928K(8192K)->2688K(8192K)
[151.319s][info][gc,heap        ] GC(186) ParOldGen: 25497K(2796544K)->27753K(2796544K)
[151.319s][info][gc,metaspace   ] GC(186) Metaspace: 52719K(53248K)->52719K(53248K) NonClass: 46152K(46400K)->46152K(46400K) Class: 6567K(6848K)->6567K(6848K)
[151.319s][info][gc             ] GC(186) Pause Young (System.gc()) 599M->29M(4088M) 3.061ms
[151.319s][info][gc,cpu         ] GC(186) User=0.00s Sys=0.00s Real=0.00s
[151.319s][info][gc,start       ] GC(187) Pause Full (System.gc())
[151.319s][info][gc,phases,start] GC(187) Marking Phase
[151.343s][info][gc,phases      ] GC(187) Marking Phase 24.412ms
[151.343s][info][gc,phases,start] GC(187) Summary Phase
[151.343s][info][gc,phases      ] GC(187) Summary Phase 0.009ms
[151.343s][info][gc,phases,start] GC(187) Adjust Roots
[151.354s][info][gc,phases      ] GC(187) Adjust Roots 10.389ms
[151.354s][info][gc,phases,start] GC(187) Compaction Phase
[151.359s][info][gc,phases      ] GC(187) Compaction Phase 5.642ms
[151.359s][info][gc,phases,start] GC(187) Post Compact
[151.360s][info][gc,phases      ] GC(187) Post Compact 0.666ms
[151.360s][info][gc,heap        ] GC(187) PSYoungGen: 2688K(1389568K)->0K(1389568K) Eden: 0K(1381376K)->0K(1381376K) From: 2688K(8192K)->0K(8192K)
[151.360s][info][gc,heap        ] GC(187) ParOldGen: 27753K(2796544K)->25499K(2796544K)
[151.360s][info][gc,metaspace   ] GC(187) Metaspace: 52719K(53248K)->52719K(53248K) NonClass: 46152K(46400K)->46152K(46400K) Class: 6567K(6848K)->6567K(6848K)
[151.360s][info][gc             ] GC(187) Pause Full (System.gc()) 29M->24M(4088M) 41.400ms
[151.360s][info][gc,cpu         ] GC(187) User=0.00s Sys=0.00s Real=0.03s
[152.728s][info][gc,start       ] GC(188) Pause Young (Allocation Failure)
[152.731s][info][gc,heap        ] GC(188) PSYoungGen: 1381376K(1389568K)->5664K(1389568K) Eden: 1381376K(1381376K)->0K(1381376K) From: 0K(8192K)->5664K(8192K)
[152.731s][info][gc,heap        ] GC(188) ParOldGen: 25499K(2796544K)->25499K(2796544K)
[152.732s][info][gc,metaspace   ] GC(188) Metaspace: 52719K(53248K)->52719K(53248K) NonClass: 46152K(46400K)->46152K(46400K) Class: 6567K(6848K)->6567K(6848K)
[152.732s][info][gc             ] GC(188) Pause Young (Allocation Failure) 1373M->30M(4088M) 3.391ms
[152.732s][info][gc,cpu         ] GC(188) User=0.00s Sys=0.02s Real=0.00s
[153.340s][info][gc,start       ] GC(189) Pause Young (System.gc())
[153.343s][info][gc,heap        ] GC(189) PSYoungGen: 590208K(1389568K)->2624K(1389568K) Eden: 584544K(1381376K)->0K(1381376K) From: 5664K(8192K)->2624K(8192K)
[153.343s][info][gc,heap        ] GC(189) ParOldGen: 25499K(2796544K)->27723K(2796544K)
[153.343s][info][gc,metaspace   ] GC(189) Metaspace: 52719K(53248K)->52719K(53248K) NonClass: 46152K(46400K)->46152K(46400K) Class: 6567K(6848K)->6567K(6848K)
[153.343s][info][gc             ] GC(189) Pause Young (System.gc()) 601M->29M(4088M) 3.711ms
[153.343s][info][gc,cpu         ] GC(189) User=0.02s Sys=0.00s Real=0.00s
[153.343s][info][gc,start       ] GC(190) Pause Full (System.gc())
[153.343s][info][gc,phases,start] GC(190) Marking Phase
[153.367s][info][gc,phases      ] GC(190) Marking Phase 23.931ms
[153.367s][info][gc,phases,start] GC(190) Summary Phase
[153.367s][info][gc,phases      ] GC(190) Summary Phase 0.010ms
[153.367s][info][gc,phases,start] GC(190) Adjust Roots
[153.378s][info][gc,phases      ] GC(190) Adjust Roots 10.442ms
[153.378s][info][gc,phases,start] GC(190) Compaction Phase
[153.384s][info][gc,phases      ] GC(190) Compaction Phase 5.709ms
[153.384s][info][gc,phases,start] GC(190) Post Compact
[153.384s][info][gc,phases      ] GC(190) Post Compact 0.732ms
[153.384s][info][gc,heap        ] GC(190) PSYoungGen: 2624K(1389568K)->0K(1389568K) Eden: 0K(1381376K)->0K(1381376K) From: 2624K(8192K)->0K(8192K)
[153.384s][info][gc,heap        ] GC(190) ParOldGen: 27723K(2796544K)->25490K(2796544K)
[153.384s][info][gc,metaspace   ] GC(190) Metaspace: 52719K(53248K)->52719K(53248K) NonClass: 46152K(46400K)->46152K(46400K) Class: 6567K(6848K)->6567K(6848K)
[153.385s][info][gc             ] GC(190) Pause Full (System.gc()) 29M->24M(4088M) 41.147ms
[153.385s][info][gc,cpu         ] GC(190) User=0.02s Sys=0.00s Real=0.03s
[154.775s][info][gc,start       ] GC(191) Pause Young (Allocation Failure)
[154.779s][info][gc,heap        ] GC(191) PSYoungGen: 1381376K(1389568K)->6432K(1388544K) Eden: 1381376K(1381376K)->0K(1380352K) From: 0K(8192K)->6432K(8192K)
[154.779s][info][gc,heap        ] GC(191) ParOldGen: 25490K(2796544K)->25490K(2796544K)
[154.779s][info][gc,metaspace   ] GC(191) Metaspace: 52723K(53248K)->52723K(53248K) NonClass: 46156K(46400K)->46156K(46400K) Class: 6567K(6848K)->6567K(6848K)
[154.779s][info][gc             ] GC(191) Pause Young (Allocation Failure) 1373M->31M(4087M) 3.724ms
[154.779s][info][gc,cpu         ] GC(191) User=0.00s Sys=0.00s Real=0.00s
[155.345s][info][gc,start       ] GC(192) Pause Young (System.gc())
[155.348s][info][gc,heap        ] GC(192) PSYoungGen: 590395K(1388544K)->2656K(1389056K) Eden: 583963K(1380352K)->0K(1380352K) From: 6432K(8192K)->2656K(8704K)
[155.348s][info][gc,heap        ] GC(192) ParOldGen: 25490K(2796544K)->27722K(2796544K)
[155.348s][info][gc,metaspace   ] GC(192) Metaspace: 52723K(53248K)->52723K(53248K) NonClass: 46156K(46400K)->46156K(46400K) Class: 6567K(6848K)->6567K(6848K)
[155.348s][info][gc             ] GC(192) Pause Young (System.gc()) 601M->29M(4087M) 3.683ms
[155.348s][info][gc,cpu         ] GC(192) User=0.00s Sys=0.00s Real=0.00s
[155.349s][info][gc,start       ] GC(193) Pause Full (System.gc())
[155.349s][info][gc,phases,start] GC(193) Marking Phase
[155.375s][info][gc,phases      ] GC(193) Marking Phase 26.020ms
[155.375s][info][gc,phases,start] GC(193) Summary Phase
[155.375s][info][gc,phases      ] GC(193) Summary Phase 0.010ms
[155.375s][info][gc,phases,start] GC(193) Adjust Roots
[155.384s][info][gc,phases      ] GC(193) Adjust Roots 9.354ms
[155.384s][info][gc,phases,start] GC(193) Compaction Phase
[155.390s][info][gc,phases      ] GC(193) Compaction Phase 5.889ms
[155.390s][info][gc,phases,start] GC(193) Post Compact
[155.391s][info][gc,phases      ] GC(193) Post Compact 0.724ms
[155.391s][info][gc,heap        ] GC(193) PSYoungGen: 2656K(1389056K)->0K(1389056K) Eden: 0K(1380352K)->0K(1380352K) From: 2656K(8704K)->0K(8704K)
[155.391s][info][gc,heap        ] GC(193) ParOldGen: 27722K(2796544K)->25499K(2796544K)
[155.391s][info][gc,metaspace   ] GC(193) Metaspace: 52723K(53248K)->52723K(53248K) NonClass: 46156K(46400K)->46156K(46400K) Class: 6567K(6848K)->6567K(6848K)
[155.391s][info][gc             ] GC(193) Pause Full (System.gc()) 29M->24M(4087M) 42.327ms
[155.391s][info][gc,cpu         ] GC(193) User=0.00s Sys=0.00s Real=0.03s
[156.810s][info][gc,start       ] GC(194) Pause Young (Allocation Failure)
[156.814s][info][gc,heap        ] GC(194) PSYoungGen: 1380352K(1389056K)->5472K(1389056K) Eden: 1380352K(1380352K)->0K(1380352K) From: 0K(8704K)->5472K(8704K)
[156.814s][info][gc,heap        ] GC(194) ParOldGen: 25499K(2796544K)->25507K(2796544K)
[156.814s][info][gc,metaspace   ] GC(194) Metaspace: 52729K(53312K)->52729K(53312K) NonClass: 46161K(46464K)->46161K(46464K) Class: 6567K(6848K)->6567K(6848K)
[156.814s][info][gc             ] GC(194) Pause Young (Allocation Failure) 1372M->30M(4087M) 3.441ms
[156.814s][info][gc,cpu         ] GC(194) User=0.00s Sys=0.00s Real=0.00s
[157.355s][info][gc,start       ] GC(195) Pause Young (System.gc())
[157.358s][info][gc,heap        ] GC(195) PSYoungGen: 592340K(1389056K)->2624K(1389056K) Eden: 586868K(1380352K)->0K(1380352K) From: 5472K(8704K)->2624K(8704K)
[157.358s][info][gc,heap        ] GC(195) ParOldGen: 25507K(2796544K)->27747K(2796544K)
[157.358s][info][gc,metaspace   ] GC(195) Metaspace: 52729K(53312K)->52729K(53312K) NonClass: 46161K(46464K)->46161K(46464K) Class: 6567K(6848K)->6567K(6848K)
[157.358s][info][gc             ] GC(195) Pause Young (System.gc()) 603M->29M(4087M) 3.168ms
[157.358s][info][gc,cpu         ] GC(195) User=0.00s Sys=0.00s Real=0.00s
[157.358s][info][gc,start       ] GC(196) Pause Full (System.gc())
[157.358s][info][gc,phases,start] GC(196) Marking Phase
[157.384s][info][gc,phases      ] GC(196) Marking Phase 25.815ms
[157.384s][info][gc,phases,start] GC(196) Summary Phase
[157.384s][info][gc,phases      ] GC(196) Summary Phase 0.011ms
[157.384s][info][gc,phases,start] GC(196) Adjust Roots
[157.394s][info][gc,phases      ] GC(196) Adjust Roots 9.637ms
[157.394s][info][gc,phases,start] GC(196) Compaction Phase
[157.401s][info][gc,phases      ] GC(196) Compaction Phase 7.176ms
[157.401s][info][gc,phases,start] GC(196) Post Compact
[157.402s][info][gc,phases      ] GC(196) Post Compact 0.709ms
[157.402s][info][gc,heap        ] GC(196) PSYoungGen: 2624K(1389056K)->0K(1389056K) Eden: 0K(1380352K)->0K(1380352K) From: 2624K(8704K)->0K(8704K)
[157.402s][info][gc,heap        ] GC(196) ParOldGen: 27747K(2796544K)->25510K(2796544K)
[157.402s][info][gc,metaspace   ] GC(196) Metaspace: 52729K(53312K)->52729K(53312K) NonClass: 46161K(46464K)->46161K(46464K) Class: 6567K(6848K)->6567K(6848K)
[157.402s][info][gc             ] GC(196) Pause Full (System.gc()) 29M->24M(4087M) 43.649ms
[157.402s][info][gc,cpu         ] GC(196) User=0.02s Sys=0.00s Real=0.05s
[158.815s][info][gc,start       ] GC(197) Pause Young (Allocation Failure)
[158.818s][info][gc,heap        ] GC(197) PSYoungGen: 1380352K(1389056K)->5568K(1389056K) Eden: 1380352K(1380352K)->0K(1380352K) From: 0K(8704K)->5568K(8704K)
[158.818s][info][gc,heap        ] GC(197) ParOldGen: 25510K(2796544K)->25510K(2796544K)
[158.818s][info][gc,metaspace   ] GC(197) Metaspace: 52732K(53312K)->52732K(53312K) NonClass: 46165K(46464K)->46165K(46464K) Class: 6567K(6848K)->6567K(6848K)
[158.819s][info][gc             ] GC(197) Pause Young (Allocation Failure) 1372M->30M(4087M) 3.354ms
[158.819s][info][gc,cpu         ] GC(197) User=0.00s Sys=0.00s Real=0.00s
[159.360s][info][gc,start       ] GC(198) Pause Young (System.gc())
[159.363s][info][gc,heap        ] GC(198) PSYoungGen: 589060K(1389056K)->2656K(1389056K) Eden: 583492K(1380352K)->0K(1380352K) From: 5568K(8704K)->2656K(8704K)
[159.363s][info][gc,heap        ] GC(198) ParOldGen: 25510K(2796544K)->27758K(2796544K)
[159.363s][info][gc,metaspace   ] GC(198) Metaspace: 52733K(53312K)->52733K(53312K) NonClass: 46165K(46464K)->46165K(46464K) Class: 6567K(6848K)->6567K(6848K)
[159.363s][info][gc             ] GC(198) Pause Young (System.gc()) 600M->29M(4087M) 2.730ms
[159.363s][info][gc,cpu         ] GC(198) User=0.00s Sys=0.00s Real=0.00s
[159.363s][info][gc,start       ] GC(199) Pause Full (System.gc())
[159.363s][info][gc,phases,start] GC(199) Marking Phase
[159.387s][info][gc,phases      ] GC(199) Marking Phase 23.724ms
[159.387s][info][gc,phases,start] GC(199) Summary Phase
[159.387s][info][gc,phases      ] GC(199) Summary Phase 0.010ms
[159.387s][info][gc,phases,start] GC(199) Adjust Roots
[159.396s][info][gc,phases      ] GC(199) Adjust Roots 9.476ms
[159.396s][info][gc,phases,start] GC(199) Compaction Phase
[159.403s][info][gc,phases      ] GC(199) Compaction Phase 6.255ms
[159.403s][info][gc,phases,start] GC(199) Post Compact
[159.403s][info][gc,phases      ] GC(199) Post Compact 0.681ms
[159.404s][info][gc,heap        ] GC(199) PSYoungGen: 2656K(1389056K)->0K(1389056K) Eden: 0K(1380352K)->0K(1380352K) From: 2656K(8704K)->0K(8704K)
[159.404s][info][gc,heap        ] GC(199) ParOldGen: 27758K(2796544K)->25516K(2796544K)
[159.404s][info][gc,metaspace   ] GC(199) Metaspace: 52733K(53312K)->52733K(53312K) NonClass: 46165K(46464K)->46165K(46464K) Class: 6567K(6848K)->6567K(6848K)
[159.404s][info][gc             ] GC(199) Pause Full (System.gc()) 29M->24M(4087M) 40.430ms
[159.404s][info][gc,cpu         ] GC(199) User=0.00s Sys=0.00s Real=0.03s
[160.786s][info][gc,start       ] GC(200) Pause Young (Allocation Failure)
[160.791s][info][gc,heap        ] GC(200) PSYoungGen: 1380352K(1389056K)->5408K(1389056K) Eden: 1380352K(1380352K)->0K(1380352K) From: 0K(8704K)->5408K(8704K)
[160.791s][info][gc,heap        ] GC(200) ParOldGen: 25516K(2796544K)->25516K(2796544K)
[160.791s][info][gc,metaspace   ] GC(200) Metaspace: 52733K(53312K)->52733K(53312K) NonClass: 46165K(46464K)->46165K(46464K) Class: 6567K(6848K)->6567K(6848K)
[160.791s][info][gc             ] GC(200) Pause Young (Allocation Failure) 1372M->30M(4087M) 4.927ms
[160.791s][info][gc,cpu         ] GC(200) User=0.00s Sys=0.00s Real=0.00s
[161.372s][info][gc,start       ] GC(201) Pause Young (System.gc())
[161.375s][info][gc,heap        ] GC(201) PSYoungGen: 586440K(1389056K)->2624K(1389056K) Eden: 581032K(1380352K)->0K(1380352K) From: 5408K(8704K)->2624K(8704K)
[161.375s][info][gc,heap        ] GC(201) ParOldGen: 25516K(2796544K)->27796K(2796544K)
[161.375s][info][gc,metaspace   ] GC(201) Metaspace: 52735K(53312K)->52735K(53312K) NonClass: 46168K(46464K)->46168K(46464K) Class: 6567K(6848K)->6567K(6848K)
[161.375s][info][gc             ] GC(201) Pause Young (System.gc()) 597M->29M(4087M) 3.167ms
[161.375s][info][gc,cpu         ] GC(201) User=0.02s Sys=0.00s Real=0.00s
[161.375s][info][gc,start       ] GC(202) Pause Full (System.gc())
[161.375s][info][gc,phases,start] GC(202) Marking Phase
[161.399s][info][gc,phases      ] GC(202) Marking Phase 23.847ms
[161.399s][info][gc,phases,start] GC(202) Summary Phase
[161.399s][info][gc,phases      ] GC(202) Summary Phase 0.010ms
[161.399s][info][gc,phases,start] GC(202) Adjust Roots
[161.409s][info][gc,phases      ] GC(202) Adjust Roots 9.778ms
[161.409s][info][gc,phases,start] GC(202) Compaction Phase
[161.415s][info][gc,phases      ] GC(202) Compaction Phase 6.261ms
[161.415s][info][gc,phases,start] GC(202) Post Compact
[161.416s][info][gc,phases      ] GC(202) Post Compact 0.721ms
[161.416s][info][gc,heap        ] GC(202) PSYoungGen: 2624K(1389056K)->0K(1389056K) Eden: 0K(1380352K)->0K(1380352K) From: 2624K(8704K)->0K(8704K)
[161.416s][info][gc,heap        ] GC(202) ParOldGen: 27796K(2796544K)->25510K(2796544K)
[161.416s][info][gc,metaspace   ] GC(202) Metaspace: 52735K(53312K)->52735K(53312K) NonClass: 46168K(46464K)->46168K(46464K) Class: 6567K(6848K)->6567K(6848K)
[161.416s][info][gc             ] GC(202) Pause Full (System.gc()) 29M->24M(4087M) 40.904ms
[161.416s][info][gc,cpu         ] GC(202) User=0.00s Sys=0.00s Real=0.03s
[162.758s][info][gc,start       ] GC(203) Pause Young (Allocation Failure)
[162.761s][info][gc,heap        ] GC(203) PSYoungGen: 1380352K(1389056K)->4832K(1389568K) Eden: 1380352K(1380352K)->0K(1380864K) From: 0K(8704K)->4832K(8704K)
[162.761s][info][gc,heap        ] GC(203) ParOldGen: 25510K(2796544K)->25510K(2796544K)
[162.761s][info][gc,metaspace   ] GC(203) Metaspace: 52735K(53312K)->52735K(53312K) NonClass: 46168K(46464K)->46168K(46464K) Class: 6567K(6848K)->6567K(6848K)
[162.761s][info][gc             ] GC(203) Pause Young (Allocation Failure) 1372M->29M(4088M) 2.929ms
[162.761s][info][gc,cpu         ] GC(203) User=0.00s Sys=0.00s Real=0.00s
[163.364s][info][gc,start       ] GC(204) Pause Young (System.gc())
[163.367s][info][gc,heap        ] GC(204) PSYoungGen: 592434K(1389568K)->2656K(1389056K) Eden: 587602K(1380864K)->0K(1380864K) From: 4832K(8704K)->2656K(8192K)
[163.367s][info][gc,heap        ] GC(204) ParOldGen: 25510K(2796544K)->27782K(2796544K)
[163.367s][info][gc,metaspace   ] GC(204) Metaspace: 52735K(53312K)->52735K(53312K) NonClass: 46168K(46464K)->46168K(46464K) Class: 6567K(6848K)->6567K(6848K)
[163.367s][info][gc             ] GC(204) Pause Young (System.gc()) 603M->29M(4087M) 3.069ms
[163.367s][info][gc,cpu         ] GC(204) User=0.00s Sys=0.00s Real=0.00s
[163.367s][info][gc,start       ] GC(205) Pause Full (System.gc())
[163.367s][info][gc,phases,start] GC(205) Marking Phase
[163.391s][info][gc,phases      ] GC(205) Marking Phase 23.805ms
[163.391s][info][gc,phases,start] GC(205) Summary Phase
[163.391s][info][gc,phases      ] GC(205) Summary Phase 0.009ms
[163.391s][info][gc,phases,start] GC(205) Adjust Roots
[163.401s][info][gc,phases      ] GC(205) Adjust Roots 9.874ms
[163.401s][info][gc,phases,start] GC(205) Compaction Phase
[163.407s][info][gc,phases      ] GC(205) Compaction Phase 5.801ms
[163.407s][info][gc,phases,start] GC(205) Post Compact
[163.407s][info][gc,phases      ] GC(205) Post Compact 0.736ms
[163.408s][info][gc,heap        ] GC(205) PSYoungGen: 2656K(1389056K)->0K(1389056K) Eden: 0K(1380864K)->0K(1380864K) From: 2656K(8192K)->0K(8192K)
[163.408s][info][gc,heap        ] GC(205) ParOldGen: 27782K(2796544K)->25514K(2796544K)
[163.408s][info][gc,metaspace   ] GC(205) Metaspace: 52735K(53312K)->52735K(53312K) NonClass: 46168K(46464K)->46168K(46464K) Class: 6567K(6848K)->6567K(6848K)
[163.408s][info][gc             ] GC(205) Pause Full (System.gc()) 29M->24M(4087M) 40.533ms
[163.408s][info][gc,cpu         ] GC(205) User=0.00s Sys=0.00s Real=0.03s
[164.818s][info][gc,start       ] GC(206) Pause Young (Allocation Failure)
[164.822s][info][gc,heap        ] GC(206) PSYoungGen: 1380864K(1389056K)->5920K(1388544K) Eden: 1380864K(1380864K)->0K(1380352K) From: 0K(8192K)->5920K(8192K)
[164.822s][info][gc,heap        ] GC(206) ParOldGen: 25514K(2796544K)->25514K(2796544K)
[164.822s][info][gc,metaspace   ] GC(206) Metaspace: 52735K(53312K)->52735K(53312K) NonClass: 46168K(46464K)->46168K(46464K) Class: 6567K(6848K)->6567K(6848K)
[164.822s][info][gc             ] GC(206) Pause Young (Allocation Failure) 1373M->30M(4087M) 3.596ms
[164.822s][info][gc,cpu         ] GC(206) User=0.00s Sys=0.00s Real=0.00s
[165.447s][info][gc,start       ] GC(207) Pause Young (System.gc())
[165.451s][info][gc,heap        ] GC(207) PSYoungGen: 595925K(1388544K)->2656K(1389056K) Eden: 590005K(1380352K)->0K(1380352K) From: 5920K(8192K)->2656K(8704K)
[165.451s][info][gc,heap        ] GC(207) ParOldGen: 25514K(2796544K)->27754K(2796544K)
[165.451s][info][gc,metaspace   ] GC(207) Metaspace: 52735K(53312K)->52735K(53312K) NonClass: 46168K(46464K)->46168K(46464K) Class: 6567K(6848K)->6567K(6848K)
[165.451s][info][gc             ] GC(207) Pause Young (System.gc()) 606M->29M(4087M) 3.829ms
[165.451s][info][gc,cpu         ] GC(207) User=0.00s Sys=0.00s Real=0.00s
[165.451s][info][gc,start       ] GC(208) Pause Full (System.gc())
[165.451s][info][gc,phases,start] GC(208) Marking Phase
[165.475s][info][gc,phases      ] GC(208) Marking Phase 23.557ms
[165.475s][info][gc,phases,start] GC(208) Summary Phase
[165.475s][info][gc,phases      ] GC(208) Summary Phase 0.009ms
[165.475s][info][gc,phases,start] GC(208) Adjust Roots
[165.485s][info][gc,phases      ] GC(208) Adjust Roots 9.523ms
[165.485s][info][gc,phases,start] GC(208) Compaction Phase
[165.490s][info][gc,phases      ] GC(208) Compaction Phase 5.780ms
[165.490s][info][gc,phases,start] GC(208) Post Compact
[165.491s][info][gc,phases      ] GC(208) Post Compact 0.730ms
[165.491s][info][gc,heap        ] GC(208) PSYoungGen: 2656K(1389056K)->0K(1389056K) Eden: 0K(1380352K)->0K(1380352K) From: 2656K(8704K)->0K(8704K)
[165.491s][info][gc,heap        ] GC(208) ParOldGen: 27754K(2796544K)->25495K(2796544K)
[165.491s][info][gc,metaspace   ] GC(208) Metaspace: 52735K(53312K)->52735K(53312K) NonClass: 46168K(46464K)->46168K(46464K) Class: 6567K(6848K)->6567K(6848K)
[165.491s][info][gc             ] GC(208) Pause Full (System.gc()) 29M->24M(4087M) 39.918ms
[165.491s][info][gc,cpu         ] GC(208) User=0.02s Sys=0.00s Real=0.05s
[166.849s][info][gc,start       ] GC(209) Pause Young (Allocation Failure)
[166.853s][info][gc,heap        ] GC(209) PSYoungGen: 1380352K(1389056K)->6080K(1388544K) Eden: 1380352K(1380352K)->0K(1380352K) From: 0K(8704K)->6080K(8192K)
[166.853s][info][gc,heap        ] GC(209) ParOldGen: 25495K(2796544K)->25495K(2796544K)
[166.853s][info][gc,metaspace   ] GC(209) Metaspace: 52735K(53312K)->52735K(53312K) NonClass: 46168K(46464K)->46168K(46464K) Class: 6567K(6848K)->6567K(6848K)
[166.853s][info][gc             ] GC(209) Pause Young (Allocation Failure) 1372M->30M(4087M) 3.499ms
[166.853s][info][gc,cpu         ] GC(209) User=0.00s Sys=0.00s Real=0.00s
[167.437s][info][gc,start       ] GC(210) Pause Young (System.gc())
[167.440s][info][gc,heap        ] GC(210) PSYoungGen: 588785K(1388544K)->2656K(1389056K) Eden: 582705K(1380352K)->0K(1380352K) From: 6080K(8192K)->2656K(8704K)
[167.440s][info][gc,heap        ] GC(210) ParOldGen: 25495K(2796544K)->27767K(2796544K)
[167.440s][info][gc,metaspace   ] GC(210) Metaspace: 52735K(53312K)->52735K(53312K) NonClass: 46168K(46464K)->46168K(46464K) Class: 6567K(6848K)->6567K(6848K)
[167.440s][info][gc             ] GC(210) Pause Young (System.gc()) 599M->29M(4087M) 3.069ms
[167.440s][info][gc,cpu         ] GC(210) User=0.02s Sys=0.00s Real=0.01s
[167.440s][info][gc,start       ] GC(211) Pause Full (System.gc())
[167.440s][info][gc,phases,start] GC(211) Marking Phase
[167.465s][info][gc,phases      ] GC(211) Marking Phase 24.271ms
[167.465s][info][gc,phases,start] GC(211) Summary Phase
[167.465s][info][gc,phases      ] GC(211) Summary Phase 0.023ms
[167.465s][info][gc,phases,start] GC(211) Adjust Roots
[167.474s][info][gc,phases      ] GC(211) Adjust Roots 9.516ms
[167.474s][info][gc,phases,start] GC(211) Compaction Phase
[167.481s][info][gc,phases      ] GC(211) Compaction Phase 6.685ms
[167.481s][info][gc,phases,start] GC(211) Post Compact
[167.482s][info][gc,phases      ] GC(211) Post Compact 0.704ms
[167.482s][info][gc,heap        ] GC(211) PSYoungGen: 2656K(1389056K)->0K(1389056K) Eden: 0K(1380352K)->0K(1380352K) From: 2656K(8704K)->0K(8704K)
[167.482s][info][gc,heap        ] GC(211) ParOldGen: 27767K(2796544K)->25496K(2796544K)
[167.482s][info][gc,metaspace   ] GC(211) Metaspace: 52735K(53312K)->52735K(53312K) NonClass: 46168K(46464K)->46168K(46464K) Class: 6567K(6848K)->6567K(6848K)
[167.482s][info][gc             ] GC(211) Pause Full (System.gc()) 29M->24M(4087M) 41.495ms
[167.482s][info][gc,cpu         ] GC(211) User=0.00s Sys=0.00s Real=0.04s
[168.925s][info][gc,start       ] GC(212) Pause Young (Allocation Failure)
[168.928s][info][gc,heap        ] GC(212) PSYoungGen: 1380352K(1389056K)->5312K(1389056K) Eden: 1380352K(1380352K)->0K(1380352K) From: 0K(8704K)->5312K(8704K)
[168.928s][info][gc,heap        ] GC(212) ParOldGen: 25496K(2796544K)->25496K(2796544K)
[168.928s][info][gc,metaspace   ] GC(212) Metaspace: 52735K(53312K)->52735K(53312K) NonClass: 46168K(46464K)->46168K(46464K) Class: 6567K(6848K)->6567K(6848K)
[168.928s][info][gc             ] GC(212) Pause Young (Allocation Failure) 1372M->30M(4087M) 3.242ms
[168.928s][info][gc,cpu         ] GC(212) User=0.00s Sys=0.00s Real=0.00s
[169.486s][info][gc,start       ] GC(213) Pause Young (System.gc())
[169.489s][info][gc,heap        ] GC(213) PSYoungGen: 594538K(1389056K)->2624K(1389056K) Eden: 589226K(1380352K)->0K(1380352K) From: 5312K(8704K)->2624K(8704K)
[169.489s][info][gc,heap        ] GC(213) ParOldGen: 25496K(2796544K)->27768K(2796544K)
[169.489s][info][gc,metaspace   ] GC(213) Metaspace: 52735K(53312K)->52735K(53312K) NonClass: 46168K(46464K)->46168K(46464K) Class: 6567K(6848K)->6567K(6848K)
[169.489s][info][gc             ] GC(213) Pause Young (System.gc()) 605M->29M(4087M) 3.481ms
[169.489s][info][gc,cpu         ] GC(213) User=0.00s Sys=0.00s Real=0.02s
[169.489s][info][gc,start       ] GC(214) Pause Full (System.gc())
[169.489s][info][gc,phases,start] GC(214) Marking Phase
[169.513s][info][gc,phases      ] GC(214) Marking Phase 23.515ms
[169.513s][info][gc,phases,start] GC(214) Summary Phase
[169.513s][info][gc,phases      ] GC(214) Summary Phase 0.009ms
[169.513s][info][gc,phases,start] GC(214) Adjust Roots
[169.524s][info][gc,phases      ] GC(214) Adjust Roots 11.009ms
[169.524s][info][gc,phases,start] GC(214) Compaction Phase
[169.529s][info][gc,phases      ] GC(214) Compaction Phase 5.445ms
[169.529s][info][gc,phases,start] GC(214) Post Compact
[169.530s][info][gc,phases      ] GC(214) Post Compact 0.726ms
[169.530s][info][gc,heap        ] GC(214) PSYoungGen: 2624K(1389056K)->0K(1389056K) Eden: 0K(1380352K)->0K(1380352K) From: 2624K(8704K)->0K(8704K)
[169.530s][info][gc,heap        ] GC(214) ParOldGen: 27768K(2796544K)->25521K(2796544K)
[169.530s][info][gc,metaspace   ] GC(214) Metaspace: 52735K(53312K)->52735K(53312K) NonClass: 46168K(46464K)->46168K(46464K) Class: 6567K(6848K)->6567K(6848K)
[169.530s][info][gc             ] GC(214) Pause Full (System.gc()) 29M->24M(4087M) 40.985ms
[169.530s][info][gc,cpu         ] GC(214) User=0.02s Sys=0.00s Real=0.04s
[170.963s][info][gc,start       ] GC(215) Pause Young (Allocation Failure)
[170.966s][info][gc,heap        ] GC(215) PSYoungGen: 1380352K(1389056K)->5216K(1388544K) Eden: 1380352K(1380352K)->0K(1380352K) From: 0K(8704K)->5216K(8192K)
[170.966s][info][gc,heap        ] GC(215) ParOldGen: 25521K(2796544K)->25521K(2796544K)
[170.966s][info][gc,metaspace   ] GC(215) Metaspace: 52736K(53312K)->52736K(53312K) NonClass: 46168K(46464K)->46168K(46464K) Class: 6567K(6848K)->6567K(6848K)
[170.966s][info][gc             ] GC(215) Pause Young (Allocation Failure) 1372M->30M(4087M) 3.107ms
[170.966s][info][gc,cpu         ] GC(215) User=0.02s Sys=0.00s Real=0.00s
[171.521s][info][gc,start       ] GC(216) Pause Young (System.gc())
[171.524s][info][gc,heap        ] GC(216) PSYoungGen: 588014K(1388544K)->2624K(1389056K) Eden: 582798K(1380352K)->0K(1380352K) From: 5216K(8192K)->2624K(8704K)
[171.524s][info][gc,heap        ] GC(216) ParOldGen: 25521K(2796544K)->27753K(2796544K)
[171.524s][info][gc,metaspace   ] GC(216) Metaspace: 52736K(53312K)->52736K(53312K) NonClass: 46168K(46464K)->46168K(46464K) Class: 6567K(6848K)->6567K(6848K)
[171.524s][info][gc             ] GC(216) Pause Young (System.gc()) 599M->29M(4087M) 2.996ms
[171.524s][info][gc,cpu         ] GC(216) User=0.00s Sys=0.00s Real=0.00s
[171.524s][info][gc,start       ] GC(217) Pause Full (System.gc())
[171.524s][info][gc,phases,start] GC(217) Marking Phase
[171.548s][info][gc,phases      ] GC(217) Marking Phase 23.928ms
[171.548s][info][gc,phases,start] GC(217) Summary Phase
[171.548s][info][gc,phases      ] GC(217) Summary Phase 0.010ms
[171.548s][info][gc,phases,start] GC(217) Adjust Roots
[171.558s][info][gc,phases      ] GC(217) Adjust Roots 10.291ms
[171.558s][info][gc,phases,start] GC(217) Compaction Phase
[171.564s][info][gc,phases      ] GC(217) Compaction Phase 5.665ms
[171.564s][info][gc,phases,start] GC(217) Post Compact
[171.565s][info][gc,phases      ] GC(217) Post Compact 0.719ms
[171.565s][info][gc,heap        ] GC(217) PSYoungGen: 2624K(1389056K)->0K(1389056K) Eden: 0K(1380352K)->0K(1380352K) From: 2624K(8704K)->0K(8704K)
[171.565s][info][gc,heap        ] GC(217) ParOldGen: 27753K(2796544K)->25516K(2796544K)
[171.565s][info][gc,metaspace   ] GC(217) Metaspace: 52736K(53312K)->52736K(53312K) NonClass: 46168K(46464K)->46168K(46464K) Class: 6567K(6848K)->6567K(6848K)
[171.565s][info][gc             ] GC(217) Pause Full (System.gc()) 29M->24M(4087M) 40.936ms
[171.565s][info][gc,cpu         ] GC(217) User=0.00s Sys=0.00s Real=0.03s
[172.962s][info][gc,start       ] GC(218) Pause Young (Allocation Failure)
[172.966s][info][gc,heap        ] GC(218) PSYoungGen: 1380352K(1389056K)->5280K(1389568K) Eden: 1380352K(1380352K)->0K(1381376K) From: 0K(8704K)->5280K(8192K)
[172.966s][info][gc,heap        ] GC(218) ParOldGen: 25516K(2796544K)->25516K(2796544K)
[172.966s][info][gc,metaspace   ] GC(218) Metaspace: 52736K(53312K)->52736K(53312K) NonClass: 46168K(46464K)->46168K(46464K) Class: 6567K(6848K)->6567K(6848K)
[172.966s][info][gc             ] GC(218) Pause Young (Allocation Failure) 1372M->30M(4088M) 3.279ms
[172.966s][info][gc,cpu         ] GC(218) User=0.00s Sys=0.02s Real=0.00s
[173.530s][info][gc,start       ] GC(219) Pause Young (System.gc())
[173.532s][info][gc,heap        ] GC(219) PSYoungGen: 586526K(1389568K)->2624K(1389568K) Eden: 581246K(1381376K)->0K(1381376K) From: 5280K(8192K)->2624K(8192K)
[173.533s][info][gc,heap        ] GC(219) ParOldGen: 25516K(2796544K)->27764K(2796544K)
[173.533s][info][gc,metaspace   ] GC(219) Metaspace: 52736K(53312K)->52736K(53312K) NonClass: 46168K(46464K)->46168K(46464K) Class: 6567K(6848K)->6567K(6848K)
[173.533s][info][gc             ] GC(219) Pause Young (System.gc()) 597M->29M(4088M) 2.961ms
[173.533s][info][gc,cpu         ] GC(219) User=0.00s Sys=0.00s Real=0.00s
[173.533s][info][gc,start       ] GC(220) Pause Full (System.gc())
[173.533s][info][gc,phases,start] GC(220) Marking Phase
[173.556s][info][gc,phases      ] GC(220) Marking Phase 23.566ms
[173.556s][info][gc,phases,start] GC(220) Summary Phase
[173.556s][info][gc,phases      ] GC(220) Summary Phase 0.009ms
[173.556s][info][gc,phases,start] GC(220) Adjust Roots
[173.567s][info][gc,phases      ] GC(220) Adjust Roots 10.925ms
[173.567s][info][gc,phases,start] GC(220) Compaction Phase
[173.573s][info][gc,phases      ] GC(220) Compaction Phase 5.958ms
[173.573s][info][gc,phases,start] GC(220) Post Compact
[173.574s][info][gc,phases      ] GC(220) Post Compact 0.665ms
[173.574s][info][gc,heap        ] GC(220) PSYoungGen: 2624K(1389568K)->0K(1389568K) Eden: 0K(1381376K)->0K(1381376K) From: 2624K(8192K)->0K(8192K)
[173.574s][info][gc,heap        ] GC(220) ParOldGen: 27764K(2796544K)->25514K(2796544K)
[173.574s][info][gc,metaspace   ] GC(220) Metaspace: 52736K(53312K)->52736K(53312K) NonClass: 46168K(46464K)->46168K(46464K) Class: 6567K(6848K)->6567K(6848K)
[173.574s][info][gc             ] GC(220) Pause Full (System.gc()) 29M->24M(4088M) 41.422ms
[173.574s][info][gc,cpu         ] GC(220) User=0.00s Sys=0.00s Real=0.03s
[174.988s][info][gc,start       ] GC(221) Pause Young (Allocation Failure)
[174.991s][info][gc,heap        ] GC(221) PSYoungGen: 1381376K(1389568K)->5344K(1389568K) Eden: 1381376K(1381376K)->0K(1381376K) From: 0K(8192K)->5344K(8192K)
[174.991s][info][gc,heap        ] GC(221) ParOldGen: 25514K(2796544K)->25514K(2796544K)
[174.991s][info][gc,metaspace   ] GC(221) Metaspace: 52736K(53312K)->52736K(53312K) NonClass: 46168K(46464K)->46168K(46464K) Class: 6567K(6848K)->6567K(6848K)
[174.991s][info][gc             ] GC(221) Pause Young (Allocation Failure) 1373M->30M(4088M) 3.133ms
[174.991s][info][gc,cpu         ] GC(221) User=0.00s Sys=0.00s Real=0.00s
[175.557s][info][gc,start       ] GC(222) Pause Young (System.gc())
[175.560s][info][gc,heap        ] GC(222) PSYoungGen: 591270K(1389568K)->2624K(1389568K) Eden: 585926K(1381376K)->0K(1381376K) From: 5344K(8192K)->2624K(8192K)
[175.560s][info][gc,heap        ] GC(222) ParOldGen: 25514K(2796544K)->27746K(2796544K)
[175.560s][info][gc,metaspace   ] GC(222) Metaspace: 52736K(53312K)->52736K(53312K) NonClass: 46168K(46464K)->46168K(46464K) Class: 6567K(6848K)->6567K(6848K)
[175.560s][info][gc             ] GC(222) Pause Young (System.gc()) 602M->29M(4088M) 3.552ms
[175.560s][info][gc,cpu         ] GC(222) User=0.00s Sys=0.00s Real=0.01s
[175.560s][info][gc,start       ] GC(223) Pause Full (System.gc())
[175.560s][info][gc,phases,start] GC(223) Marking Phase
[175.584s][info][gc,phases      ] GC(223) Marking Phase 24.076ms
[175.584s][info][gc,phases,start] GC(223) Summary Phase
[175.584s][info][gc,phases      ] GC(223) Summary Phase 0.009ms
[175.584s][info][gc,phases,start] GC(223) Adjust Roots
[175.595s][info][gc,phases      ] GC(223) Adjust Roots 10.451ms
[175.595s][info][gc,phases,start] GC(223) Compaction Phase
[175.601s][info][gc,phases      ] GC(223) Compaction Phase 6.088ms
[175.601s][info][gc,phases,start] GC(223) Post Compact
[175.602s][info][gc,phases      ] GC(223) Post Compact 0.687ms
[175.602s][info][gc,heap        ] GC(223) PSYoungGen: 2624K(1389568K)->0K(1389568K) Eden: 0K(1381376K)->0K(1381376K) From: 2624K(8192K)->0K(8192K)
[175.602s][info][gc,heap        ] GC(223) ParOldGen: 27746K(2796544K)->25498K(2796544K)
[175.602s][info][gc,metaspace   ] GC(223) Metaspace: 52736K(53312K)->52736K(53312K) NonClass: 46168K(46464K)->46168K(46464K) Class: 6567K(6848K)->6567K(6848K)
[175.602s][info][gc             ] GC(223) Pause Full (System.gc()) 29M->24M(4088M) 41.604ms
[175.602s][info][gc,cpu         ] GC(223) User=0.00s Sys=0.00s Real=0.03s
[177.053s][info][gc,start       ] GC(224) Pause Young (Allocation Failure)
[177.056s][info][gc,heap        ] GC(224) PSYoungGen: 1381376K(1389568K)->5632K(1389568K) Eden: 1381376K(1381376K)->0K(1381376K) From: 0K(8192K)->5632K(8192K)
[177.056s][info][gc,heap        ] GC(224) ParOldGen: 25498K(2796544K)->25498K(2796544K)
[177.056s][info][gc,metaspace   ] GC(224) Metaspace: 52736K(53312K)->52736K(53312K) NonClass: 46168K(46464K)->46168K(46464K) Class: 6567K(6848K)->6567K(6848K)
[177.056s][info][gc             ] GC(224) Pause Young (Allocation Failure) 1373M->30M(4088M) 3.333ms
[177.056s][info][gc,cpu         ] GC(224) User=0.00s Sys=0.00s Real=0.00s
[177.627s][info][gc,start       ] GC(225) Pause Young (System.gc())
[177.630s][info][gc,heap        ] GC(225) PSYoungGen: 596159K(1389568K)->2656K(1389568K) Eden: 590527K(1381376K)->0K(1381376K) From: 5632K(8192K)->2656K(8192K)
[177.630s][info][gc,heap        ] GC(225) ParOldGen: 25498K(2796544K)->27754K(2796544K)
[177.630s][info][gc,metaspace   ] GC(225) Metaspace: 52736K(53312K)->52736K(53312K) NonClass: 46168K(46464K)->46168K(46464K) Class: 6567K(6848K)->6567K(6848K)
[177.630s][info][gc             ] GC(225) Pause Young (System.gc()) 607M->29M(4088M) 3.193ms
[177.630s][info][gc,cpu         ] GC(225) User=0.00s Sys=0.00s Real=0.00s
[177.630s][info][gc,start       ] GC(226) Pause Full (System.gc())
[177.630s][info][gc,phases,start] GC(226) Marking Phase
[177.656s][info][gc,phases      ] GC(226) Marking Phase 25.286ms
[177.656s][info][gc,phases,start] GC(226) Summary Phase
[177.656s][info][gc,phases      ] GC(226) Summary Phase 0.009ms
[177.656s][info][gc,phases,start] GC(226) Adjust Roots
[177.665s][info][gc,phases      ] GC(226) Adjust Roots 9.595ms
[177.665s][info][gc,phases,start] GC(226) Compaction Phase
[177.671s][info][gc,phases      ] GC(226) Compaction Phase 5.899ms
[177.671s][info][gc,phases,start] GC(226) Post Compact
[177.672s][info][gc,phases      ] GC(226) Post Compact 0.657ms
[177.672s][info][gc,heap        ] GC(226) PSYoungGen: 2656K(1389568K)->0K(1389568K) Eden: 0K(1381376K)->0K(1381376K) From: 2656K(8192K)->0K(8192K)
[177.672s][info][gc,heap        ] GC(226) ParOldGen: 27754K(2796544K)->25496K(2796544K)
[177.672s][info][gc,metaspace   ] GC(226) Metaspace: 52736K(53312K)->52736K(53312K) NonClass: 46168K(46464K)->46168K(46464K) Class: 6567K(6848K)->6567K(6848K)
[177.672s][info][gc             ] GC(226) Pause Full (System.gc()) 29M->24M(4088M) 41.736ms
[177.672s][info][gc,cpu         ] GC(226) User=0.03s Sys=0.00s Real=0.05s
[179.062s][info][gc,start       ] GC(227) Pause Young (Allocation Failure)
[179.065s][info][gc,heap        ] GC(227) PSYoungGen: 1381376K(1389568K)->5216K(1389568K) Eden: 1381376K(1381376K)->0K(1381376K) From: 0K(8192K)->5216K(8192K)
[179.065s][info][gc,heap        ] GC(227) ParOldGen: 25496K(2796544K)->25496K(2796544K)
[179.065s][info][gc,metaspace   ] GC(227) Metaspace: 52736K(53312K)->52736K(53312K) NonClass: 46168K(46464K)->46168K(46464K) Class: 6567K(6848K)->6567K(6848K)
[179.065s][info][gc             ] GC(227) Pause Young (Allocation Failure) 1373M->29M(4088M) 3.172ms
[179.065s][info][gc,cpu         ] GC(227) User=0.00s Sys=0.00s Real=0.00s
[179.590s][info][gc,start       ] GC(228) Pause Young (System.gc())
[179.593s][info][gc,heap        ] GC(228) PSYoungGen: 581021K(1389568K)->2656K(1389568K) Eden: 575805K(1381376K)->0K(1381376K) From: 5216K(8192K)->2656K(8192K)
[179.593s][info][gc,heap        ] GC(228) ParOldGen: 25496K(2796544K)->27752K(2796544K)
[179.593s][info][gc,metaspace   ] GC(228) Metaspace: 52736K(53312K)->52736K(53312K) NonClass: 46168K(46464K)->46168K(46464K) Class: 6567K(6848K)->6567K(6848K)
[179.593s][info][gc             ] GC(228) Pause Young (System.gc()) 592M->29M(4088M) 2.929ms
[179.593s][info][gc,cpu         ] GC(228) User=0.00s Sys=0.00s Real=0.00s
[179.593s][info][gc,start       ] GC(229) Pause Full (System.gc())
[179.593s][info][gc,phases,start] GC(229) Marking Phase
[179.616s][info][gc,phases      ] GC(229) Marking Phase 23.380ms
[179.616s][info][gc,phases,start] GC(229) Summary Phase
[179.616s][info][gc,phases      ] GC(229) Summary Phase 0.011ms
[179.616s][info][gc,phases,start] GC(229) Adjust Roots
[179.626s][info][gc,phases      ] GC(229) Adjust Roots 9.254ms
[179.626s][info][gc,phases,start] GC(229) Compaction Phase
[179.633s][info][gc,phases      ] GC(229) Compaction Phase 7.343ms
[179.633s][info][gc,phases,start] GC(229) Post Compact
[179.634s][info][gc,phases      ] GC(229) Post Compact 0.803ms
[179.634s][info][gc,heap        ] GC(229) PSYoungGen: 2656K(1389568K)->0K(1389568K) Eden: 0K(1381376K)->0K(1381376K) From: 2656K(8192K)->0K(8192K)
[179.634s][info][gc,heap        ] GC(229) ParOldGen: 27752K(2796544K)->25540K(2796544K)
[179.634s][info][gc,metaspace   ] GC(229) Metaspace: 52736K(53312K)->52736K(53312K) NonClass: 46168K(46464K)->46168K(46464K) Class: 6567K(6848K)->6567K(6848K)
[179.634s][info][gc             ] GC(229) Pause Full (System.gc()) 29M->24M(4088M) 41.107ms
[179.634s][info][gc,cpu         ] GC(229) User=0.03s Sys=0.00s Real=0.05s
[181.027s][info][gc,start       ] GC(230) Pause Young (Allocation Failure)
[181.031s][info][gc,heap        ] GC(230) PSYoungGen: 1381376K(1389568K)->5312K(1389568K) Eden: 1381376K(1381376K)->0K(1381376K) From: 0K(8192K)->5312K(8192K)
[181.031s][info][gc,heap        ] GC(230) ParOldGen: 25540K(2796544K)->25540K(2796544K)
[181.031s][info][gc,metaspace   ] GC(230) Metaspace: 52736K(53312K)->52736K(53312K) NonClass: 46168K(46464K)->46168K(46464K) Class: 6567K(6848K)->6567K(6848K)
[181.031s][info][gc             ] GC(230) Pause Young (Allocation Failure) 1373M->30M(4088M) 3.406ms
[181.031s][info][gc,cpu         ] GC(230) User=0.02s Sys=0.00s Real=0.00s
[181.555s][info][gc,start       ] GC(231) Pause Young (System.gc())
[181.558s][info][gc,heap        ] GC(231) PSYoungGen: 572284K(1389568K)->2656K(1389568K) Eden: 566972K(1381376K)->0K(1381376K) From: 5312K(8192K)->2656K(8192K)
[181.558s][info][gc,heap        ] GC(231) ParOldGen: 25540K(2796544K)->27764K(2796544K)
[181.558s][info][gc,metaspace   ] GC(231) Metaspace: 52736K(53312K)->52736K(53312K) NonClass: 46169K(46464K)->46169K(46464K) Class: 6567K(6848K)->6567K(6848K)
[181.558s][info][gc             ] GC(231) Pause Young (System.gc()) 583M->29M(4088M) 3.266ms
[181.558s][info][gc,cpu         ] GC(231) User=0.00s Sys=0.00s Real=0.00s
[181.559s][info][gc,start       ] GC(232) Pause Full (System.gc())
[181.559s][info][gc,phases,start] GC(232) Marking Phase
[181.582s][info][gc,phases      ] GC(232) Marking Phase 23.290ms
[181.582s][info][gc,phases,start] GC(232) Summary Phase
[181.582s][info][gc,phases      ] GC(232) Summary Phase 0.011ms
[181.582s][info][gc,phases,start] GC(232) Adjust Roots
[181.592s][info][gc,phases      ] GC(232) Adjust Roots 10.322ms
[181.592s][info][gc,phases,start] GC(232) Compaction Phase
[181.598s][info][gc,phases      ] GC(232) Compaction Phase 6.090ms
[181.598s][info][gc,phases,start] GC(232) Post Compact
[181.599s][info][gc,phases      ] GC(232) Post Compact 0.751ms
[181.599s][info][gc,heap        ] GC(232) PSYoungGen: 2656K(1389568K)->0K(1389568K) Eden: 0K(1381376K)->0K(1381376K) From: 2656K(8192K)->0K(8192K)
[181.599s][info][gc,heap        ] GC(232) ParOldGen: 27764K(2796544K)->25501K(2796544K)
[181.599s][info][gc,metaspace   ] GC(232) Metaspace: 52736K(53312K)->52736K(53312K) NonClass: 46169K(46464K)->46169K(46464K) Class: 6567K(6848K)->6567K(6848K)
[181.599s][info][gc             ] GC(232) Pause Full (System.gc()) 29M->24M(4088M) 40.823ms
[181.599s][info][gc,cpu         ] GC(232) User=0.00s Sys=0.00s Real=0.03s
[183.024s][info][gc,start       ] GC(233) Pause Young (Allocation Failure)
[183.027s][info][gc,heap        ] GC(233) PSYoungGen: 1381376K(1389568K)->5664K(1389568K) Eden: 1381376K(1381376K)->0K(1381376K) From: 0K(8192K)->5664K(8192K)
[183.027s][info][gc,heap        ] GC(233) ParOldGen: 25501K(2796544K)->25501K(2796544K)
[183.027s][info][gc,metaspace   ] GC(233) Metaspace: 52744K(53312K)->52744K(53312K) NonClass: 46176K(46464K)->46176K(46464K) Class: 6567K(6848K)->6567K(6848K)
[183.027s][info][gc             ] GC(233) Pause Young (Allocation Failure) 1373M->30M(4088M) 3.236ms
[183.027s][info][gc,cpu         ] GC(233) User=0.00s Sys=0.00s Real=0.00s
[183.559s][info][gc,start       ] GC(234) Pause Young (System.gc())
[183.562s][info][gc,heap        ] GC(234) PSYoungGen: 570915K(1389568K)->2624K(1389568K) Eden: 565251K(1381376K)->0K(1381376K) From: 5664K(8192K)->2624K(8192K)
[183.563s][info][gc,heap        ] GC(234) ParOldGen: 25501K(2796544K)->27741K(2796544K)
[183.563s][info][gc,metaspace   ] GC(234) Metaspace: 52744K(53312K)->52744K(53312K) NonClass: 46176K(46464K)->46176K(46464K) Class: 6567K(6848K)->6567K(6848K)
[183.563s][info][gc             ] GC(234) Pause Young (System.gc()) 582M->29M(4088M) 3.160ms
[183.563s][info][gc,cpu         ] GC(234) User=0.00s Sys=0.00s Real=0.00s
[183.563s][info][gc,start       ] GC(235) Pause Full (System.gc())
[183.563s][info][gc,phases,start] GC(235) Marking Phase
[183.589s][info][gc,phases      ] GC(235) Marking Phase 25.870ms
[183.589s][info][gc,phases,start] GC(235) Summary Phase
[183.589s][info][gc,phases      ] GC(235) Summary Phase 0.010ms
[183.589s][info][gc,phases,start] GC(235) Adjust Roots
[183.599s][info][gc,phases      ] GC(235) Adjust Roots 9.934ms
[183.599s][info][gc,phases,start] GC(235) Compaction Phase
[183.604s][info][gc,phases      ] GC(235) Compaction Phase 5.599ms
[183.604s][info][gc,phases,start] GC(235) Post Compact
[183.605s][info][gc,phases      ] GC(235) Post Compact 0.695ms
[183.605s][info][gc,heap        ] GC(235) PSYoungGen: 2624K(1389568K)->0K(1389568K) Eden: 0K(1381376K)->0K(1381376K) From: 2624K(8192K)->0K(8192K)
[183.605s][info][gc,heap        ] GC(235) ParOldGen: 27741K(2796544K)->25506K(2796544K)
[183.605s][info][gc,metaspace   ] GC(235) Metaspace: 52744K(53312K)->52744K(53312K) NonClass: 46176K(46464K)->46176K(46464K) Class: 6567K(6848K)->6567K(6848K)
[183.605s][info][gc             ] GC(235) Pause Full (System.gc()) 29M->24M(4088M) 42.374ms
[183.605s][info][gc,cpu         ] GC(235) User=0.03s Sys=0.00s Real=0.05s
[185.030s][info][gc,start       ] GC(236) Pause Young (Allocation Failure)
[185.033s][info][gc,heap        ] GC(236) PSYoungGen: 1381376K(1389568K)->5152K(1389568K) Eden: 1381376K(1381376K)->0K(1381376K) From: 0K(8192K)->5152K(8192K)
[185.033s][info][gc,heap        ] GC(236) ParOldGen: 25506K(2796544K)->25506K(2796544K)
[185.033s][info][gc,metaspace   ] GC(236) Metaspace: 52747K(53312K)->52747K(53312K) NonClass: 46179K(46464K)->46179K(46464K) Class: 6567K(6848K)->6567K(6848K)
[185.033s][info][gc             ] GC(236) Pause Young (Allocation Failure) 1373M->29M(4088M) 3.261ms
[185.033s][info][gc,cpu         ] GC(236) User=0.00s Sys=0.00s Real=0.00s
[185.585s][info][gc,start       ] GC(237) Pause Young (System.gc())
[185.588s][info][gc,heap        ] GC(237) PSYoungGen: 582224K(1389568K)->2624K(1389568K) Eden: 577072K(1381376K)->0K(1381376K) From: 5152K(8192K)->2624K(8192K)
[185.588s][info][gc,heap        ] GC(237) ParOldGen: 25506K(2796544K)->27762K(2796544K)
[185.588s][info][gc,metaspace   ] GC(237) Metaspace: 52747K(53312K)->52747K(53312K) NonClass: 46180K(46464K)->46180K(46464K) Class: 6567K(6848K)->6567K(6848K)
[185.588s][info][gc             ] GC(237) Pause Young (System.gc()) 593M->29M(4088M) 3.518ms
[185.588s][info][gc,cpu         ] GC(237) User=0.00s Sys=0.00s Real=0.00s
[185.589s][info][gc,start       ] GC(238) Pause Full (System.gc())
[185.589s][info][gc,phases,start] GC(238) Marking Phase
[185.611s][info][gc,phases      ] GC(238) Marking Phase 22.663ms
[185.611s][info][gc,phases,start] GC(238) Summary Phase
[185.611s][info][gc,phases      ] GC(238) Summary Phase 0.010ms
[185.611s][info][gc,phases,start] GC(238) Adjust Roots
[185.621s][info][gc,phases      ] GC(238) Adjust Roots 9.636ms
[185.621s][info][gc,phases,start] GC(238) Compaction Phase
[185.627s][info][gc,phases      ] GC(238) Compaction Phase 5.939ms
[185.627s][info][gc,phases,start] GC(238) Post Compact
[185.628s][info][gc,phases      ] GC(238) Post Compact 0.745ms
[185.628s][info][gc,heap        ] GC(238) PSYoungGen: 2624K(1389568K)->0K(1389568K) Eden: 0K(1381376K)->0K(1381376K) From: 2624K(8192K)->0K(8192K)
[185.628s][info][gc,heap        ] GC(238) ParOldGen: 27762K(2796544K)->25516K(2796544K)
[185.628s][info][gc,metaspace   ] GC(238) Metaspace: 52747K(53312K)->52747K(53312K) NonClass: 46180K(46464K)->46180K(46464K) Class: 6567K(6848K)->6567K(6848K)
[185.628s][info][gc             ] GC(238) Pause Full (System.gc()) 29M->24M(4088M) 39.292ms
[185.628s][info][gc,cpu         ] GC(238) User=0.00s Sys=0.00s Real=0.03s
[187.062s][info][gc,start       ] GC(239) Pause Young (Allocation Failure)
[187.066s][info][gc,heap        ] GC(239) PSYoungGen: 1381376K(1389568K)->6560K(1388544K) Eden: 1381376K(1381376K)->0K(1380352K) From: 0K(8192K)->6560K(8192K)
[187.066s][info][gc,heap        ] GC(239) ParOldGen: 25516K(2796544K)->25516K(2796544K)
[187.066s][info][gc,metaspace   ] GC(239) Metaspace: 52747K(53312K)->52747K(53312K) NonClass: 46180K(46464K)->46180K(46464K) Class: 6567K(6848K)->6567K(6848K)
[187.066s][info][gc             ] GC(239) Pause Young (Allocation Failure) 1373M->31M(4087M) 3.645ms
[187.066s][info][gc,cpu         ] GC(239) User=0.00s Sys=0.00s Real=0.00s
[187.611s][info][gc,start       ] GC(240) Pause Young (System.gc())
[187.614s][info][gc,heap        ] GC(240) PSYoungGen: 570291K(1388544K)->2592K(1389056K) Eden: 563731K(1380352K)->0K(1380352K) From: 6560K(8192K)->2592K(8704K)
[187.614s][info][gc,heap        ] GC(240) ParOldGen: 25516K(2796544K)->27748K(2796544K)
[187.614s][info][gc,metaspace   ] GC(240) Metaspace: 52747K(53312K)->52747K(53312K) NonClass: 46180K(46464K)->46180K(46464K) Class: 6567K(6848K)->6567K(6848K)
[187.614s][info][gc             ] GC(240) Pause Young (System.gc()) 581M->29M(4087M) 3.036ms
[187.614s][info][gc,cpu         ] GC(240) User=0.00s Sys=0.00s Real=0.00s
[187.614s][info][gc,start       ] GC(241) Pause Full (System.gc())
[187.615s][info][gc,phases,start] GC(241) Marking Phase
[187.638s][info][gc,phases      ] GC(241) Marking Phase 23.480ms
[187.638s][info][gc,phases,start] GC(241) Summary Phase
[187.638s][info][gc,phases      ] GC(241) Summary Phase 0.009ms
[187.638s][info][gc,phases,start] GC(241) Adjust Roots
[187.648s][info][gc,phases      ] GC(241) Adjust Roots 9.696ms
[187.648s][info][gc,phases,start] GC(241) Compaction Phase
[187.654s][info][gc,phases      ] GC(241) Compaction Phase 6.134ms
[187.654s][info][gc,phases,start] GC(241) Post Compact
[187.655s][info][gc,phases      ] GC(241) Post Compact 0.693ms
[187.655s][info][gc,heap        ] GC(241) PSYoungGen: 2592K(1389056K)->0K(1389056K) Eden: 0K(1380352K)->0K(1380352K) From: 2592K(8704K)->0K(8704K)
[187.655s][info][gc,heap        ] GC(241) ParOldGen: 27748K(2796544K)->25507K(2796544K)
[187.655s][info][gc,metaspace   ] GC(241) Metaspace: 52747K(53312K)->52747K(53312K) NonClass: 46180K(46464K)->46180K(46464K) Class: 6567K(6848K)->6567K(6848K)
[187.655s][info][gc             ] GC(241) Pause Full (System.gc()) 29M->24M(4087M) 40.330ms
[187.655s][info][gc,cpu         ] GC(241) User=0.03s Sys=0.00s Real=0.05s
[189.070s][info][gc,start       ] GC(242) Pause Young (Allocation Failure)
[189.073s][info][gc,heap        ] GC(242) PSYoungGen: 1380351K(1389056K)->5952K(1389056K) Eden: 1380351K(1380352K)->0K(1380352K) From: 0K(8704K)->5952K(8704K)
[189.074s][info][gc,heap        ] GC(242) ParOldGen: 25507K(2796544K)->25507K(2796544K)
[189.074s][info][gc,metaspace   ] GC(242) Metaspace: 52747K(53312K)->52747K(53312K) NonClass: 46180K(46464K)->46180K(46464K) Class: 6567K(6848K)->6567K(6848K)
[189.074s][info][gc             ] GC(242) Pause Young (Allocation Failure) 1372M->30M(4087M) 3.353ms
[189.074s][info][gc,cpu         ] GC(242) User=0.00s Sys=0.00s Real=0.00s
[189.626s][info][gc,start       ] GC(243) Pause Young (System.gc())
[189.629s][info][gc,heap        ] GC(243) PSYoungGen: 577821K(1389056K)->2624K(1389056K) Eden: 571869K(1380352K)->0K(1380352K) From: 5952K(8704K)->2624K(8704K)
[189.629s][info][gc,heap        ] GC(243) ParOldGen: 25507K(2796544K)->27755K(2796544K)
[189.629s][info][gc,metaspace   ] GC(243) Metaspace: 52747K(53312K)->52747K(53312K) NonClass: 46180K(46464K)->46180K(46464K) Class: 6567K(6848K)->6567K(6848K)
[189.629s][info][gc             ] GC(243) Pause Young (System.gc()) 589M->29M(4087M) 3.014ms
[189.629s][info][gc,cpu         ] GC(243) User=0.00s Sys=0.00s Real=0.00s
[189.629s][info][gc,start       ] GC(244) Pause Full (System.gc())
[189.629s][info][gc,phases,start] GC(244) Marking Phase
[189.653s][info][gc,phases      ] GC(244) Marking Phase 23.553ms
[189.653s][info][gc,phases,start] GC(244) Summary Phase
[189.653s][info][gc,phases      ] GC(244) Summary Phase 0.010ms
[189.653s][info][gc,phases,start] GC(244) Adjust Roots
[189.662s][info][gc,phases      ] GC(244) Adjust Roots 9.460ms
[189.662s][info][gc,phases,start] GC(244) Compaction Phase
[189.669s][info][gc,phases      ] GC(244) Compaction Phase 6.253ms
[189.669s][info][gc,phases,start] GC(244) Post Compact
[189.669s][info][gc,phases      ] GC(244) Post Compact 0.717ms
[189.670s][info][gc,heap        ] GC(244) PSYoungGen: 2624K(1389056K)->0K(1389056K) Eden: 0K(1380352K)->0K(1380352K) From: 2624K(8704K)->0K(8704K)
[189.670s][info][gc,heap        ] GC(244) ParOldGen: 27755K(2796544K)->25495K(2796544K)
[189.670s][info][gc,metaspace   ] GC(244) Metaspace: 52747K(53312K)->52747K(53312K) NonClass: 46180K(46464K)->46180K(46464K) Class: 6567K(6848K)->6567K(6848K)
[189.670s][info][gc             ] GC(244) Pause Full (System.gc()) 29M->24M(4087M) 40.277ms
[189.670s][info][gc,cpu         ] GC(244) User=0.00s Sys=0.00s Real=0.03s
[191.101s][info][gc,start       ] GC(245) Pause Young (Allocation Failure)
[191.104s][info][gc,heap        ] GC(245) PSYoungGen: 1380352K(1389056K)->6272K(1388032K) Eden: 1380352K(1380352K)->0K(1379328K) From: 0K(8704K)->6272K(8704K)
[191.104s][info][gc,heap        ] GC(245) ParOldGen: 25495K(2796544K)->25495K(2796544K)
[191.104s][info][gc,metaspace   ] GC(245) Metaspace: 52748K(53312K)->52748K(53312K) NonClass: 46180K(46464K)->46180K(46464K) Class: 6567K(6848K)->6567K(6848K)
[191.104s][info][gc             ] GC(245) Pause Young (Allocation Failure) 1372M->31M(4086M) 3.393ms
[191.104s][info][gc,cpu         ] GC(245) User=0.00s Sys=0.00s Real=0.00s
[191.631s][info][gc,start       ] GC(246) Pause Young (System.gc())
[191.634s][info][gc,heap        ] GC(246) PSYoungGen: 570139K(1388032K)->2624K(1388544K) Eden: 563867K(1379328K)->0K(1379328K) From: 6272K(8704K)->2624K(9216K)
[191.634s][info][gc,heap        ] GC(246) ParOldGen: 25495K(2796544K)->27583K(2796544K)
[191.634s][info][gc,metaspace   ] GC(246) Metaspace: 52748K(53312K)->52748K(53312K) NonClass: 46180K(46464K)->46180K(46464K) Class: 6567K(6848K)->6567K(6848K)
[191.634s][info][gc             ] GC(246) Pause Young (System.gc()) 581M->29M(4087M) 3.190ms
[191.634s][info][gc,cpu         ] GC(246) User=0.00s Sys=0.00s Real=0.00s
[191.634s][info][gc,start       ] GC(247) Pause Full (System.gc())
[191.634s][info][gc,phases,start] GC(247) Marking Phase
[191.658s][info][gc,phases      ] GC(247) Marking Phase 23.757ms
[191.658s][info][gc,phases,start] GC(247) Summary Phase
[191.658s][info][gc,phases      ] GC(247) Summary Phase 0.010ms
[191.658s][info][gc,phases,start] GC(247) Adjust Roots
[191.668s][info][gc,phases      ] GC(247) Adjust Roots 10.080ms
[191.668s][info][gc,phases,start] GC(247) Compaction Phase
[191.674s][info][gc,phases      ] GC(247) Compaction Phase 6.256ms
[191.674s][info][gc,phases,start] GC(247) Post Compact
[191.675s][info][gc,phases      ] GC(247) Post Compact 0.735ms
[191.675s][info][gc,heap        ] GC(247) PSYoungGen: 2624K(1388544K)->0K(1388544K) Eden: 0K(1379328K)->0K(1379328K) From: 2624K(9216K)->0K(9216K)
[191.675s][info][gc,heap        ] GC(247) ParOldGen: 27583K(2796544K)->25328K(2796544K)
[191.675s][info][gc,metaspace   ] GC(247) Metaspace: 52748K(53312K)->52748K(53312K) NonClass: 46180K(46464K)->46180K(46464K) Class: 6567K(6848K)->6567K(6848K)
[191.675s][info][gc             ] GC(247) Pause Full (System.gc()) 29M->24M(4087M) 41.124ms
[191.675s][info][gc,cpu         ] GC(247) User=0.00s Sys=0.00s Real=0.03s
[193.080s][info][gc,start       ] GC(248) Pause Young (Allocation Failure)
[193.083s][info][gc,heap        ] GC(248) PSYoungGen: 1379328K(1388544K)->5344K(1389056K) Eden: 1379328K(1379328K)->0K(1380352K) From: 0K(9216K)->5344K(8704K)
[193.083s][info][gc,heap        ] GC(248) ParOldGen: 25328K(2796544K)->25328K(2796544K)
[193.083s][info][gc,metaspace   ] GC(248) Metaspace: 52748K(53312K)->52748K(53312K) NonClass: 46180K(46464K)->46180K(46464K) Class: 6567K(6848K)->6567K(6848K)
[193.083s][info][gc             ] GC(248) Pause Young (Allocation Failure) 1371M->29M(4087M) 3.149ms
[193.083s][info][gc,cpu         ] GC(248) User=0.00s Sys=0.00s Real=0.00s
[193.649s][info][gc,start       ] GC(249) Pause Young (System.gc())
[193.653s][info][gc,heap        ] GC(249) PSYoungGen: 578406K(1389056K)->2656K(1389056K) Eden: 573062K(1380352K)->0K(1380352K) From: 5344K(8704K)->2656K(8704K)
[193.653s][info][gc,heap        ] GC(249) ParOldGen: 25328K(2796544K)->27544K(2796544K)
[193.653s][info][gc,metaspace   ] GC(249) Metaspace: 52748K(53312K)->52748K(53312K) NonClass: 46180K(46464K)->46180K(46464K) Class: 6567K(6848K)->6567K(6848K)
[193.653s][info][gc             ] GC(249) Pause Young (System.gc()) 589M->29M(4087M) 3.888ms
[193.653s][info][gc,cpu         ] GC(249) User=0.00s Sys=0.00s Real=0.00s
[193.653s][info][gc,start       ] GC(250) Pause Full (System.gc())
[193.653s][info][gc,phases,start] GC(250) Marking Phase
[193.676s][info][gc,phases      ] GC(250) Marking Phase 23.072ms
[193.676s][info][gc,phases,start] GC(250) Summary Phase
[193.676s][info][gc,phases      ] GC(250) Summary Phase 0.010ms
[193.676s][info][gc,phases,start] GC(250) Adjust Roots
[193.686s][info][gc,phases      ] GC(250) Adjust Roots 9.363ms
[193.686s][info][gc,phases,start] GC(250) Compaction Phase
[193.691s][info][gc,phases      ] GC(250) Compaction Phase 5.388ms
[193.691s][info][gc,phases,start] GC(250) Post Compact
[193.692s][info][gc,phases      ] GC(250) Post Compact 0.647ms
[193.692s][info][gc,heap        ] GC(250) PSYoungGen: 2656K(1389056K)->0K(1389056K) Eden: 0K(1380352K)->0K(1380352K) From: 2656K(8704K)->0K(8704K)
[193.692s][info][gc,heap        ] GC(250) ParOldGen: 27544K(2796544K)->25272K(2796544K)
[193.692s][info][gc,metaspace   ] GC(250) Metaspace: 52748K(53312K)->52748K(53312K) NonClass: 46180K(46464K)->46180K(46464K) Class: 6567K(6848K)->6567K(6848K)
[193.692s][info][gc             ] GC(250) Pause Full (System.gc()) 29M->24M(4087M) 38.774ms
[193.692s][info][gc,cpu         ] GC(250) User=0.02s Sys=0.00s Real=0.03s
[195.060s][info][gc,start       ] GC(251) Pause Young (Allocation Failure)
[195.063s][info][gc,heap        ] GC(251) PSYoungGen: 1380352K(1389056K)->6272K(1388032K) Eden: 1380352K(1380352K)->0K(1379328K) From: 0K(8704K)->6272K(8704K)
[195.063s][info][gc,heap        ] GC(251) ParOldGen: 25272K(2796544K)->25272K(2796544K)
[195.063s][info][gc,metaspace   ] GC(251) Metaspace: 52748K(53312K)->52748K(53312K) NonClass: 46180K(46464K)->46180K(46464K) Class: 6567K(6848K)->6567K(6848K)
[195.063s][info][gc             ] GC(251) Pause Young (Allocation Failure) 1372M->30M(4086M) 3.579ms
[195.064s][info][gc,cpu         ] GC(251) User=0.00s Sys=0.00s Real=0.00s
[195.607s][info][gc,start       ] GC(252) Pause Young (System.gc())
[195.610s][info][gc,heap        ] GC(252) PSYoungGen: 577641K(1388032K)->2656K(1388544K) Eden: 571369K(1379328K)->0K(1379328K) From: 6272K(8704K)->2656K(9216K)
[195.610s][info][gc,heap        ] GC(252) ParOldGen: 25272K(2796544K)->27520K(2796544K)
[195.610s][info][gc,metaspace   ] GC(252) Metaspace: 52748K(53312K)->52748K(53312K) NonClass: 46181K(46464K)->46181K(46464K) Class: 6567K(6848K)->6567K(6848K)
[195.610s][info][gc             ] GC(252) Pause Young (System.gc()) 588M->29M(4087M) 3.692ms
[195.610s][info][gc,cpu         ] GC(252) User=0.02s Sys=0.00s Real=0.01s
[195.610s][info][gc,start       ] GC(253) Pause Full (System.gc())
[195.610s][info][gc,phases,start] GC(253) Marking Phase
[195.637s][info][gc,phases      ] GC(253) Marking Phase 26.364ms
[195.637s][info][gc,phases,start] GC(253) Summary Phase
[195.637s][info][gc,phases      ] GC(253) Summary Phase 0.010ms
[195.637s][info][gc,phases,start] GC(253) Adjust Roots
[195.647s][info][gc,phases      ] GC(253) Adjust Roots 9.934ms
[195.647s][info][gc,phases,start] GC(253) Compaction Phase
[195.653s][info][gc,phases      ] GC(253) Compaction Phase 6.434ms
[195.653s][info][gc,phases,start] GC(253) Post Compact
[195.654s][info][gc,phases      ] GC(253) Post Compact 0.771ms
[195.654s][info][gc,heap        ] GC(253) PSYoungGen: 2656K(1388544K)->0K(1388544K) Eden: 0K(1379328K)->0K(1379328K) From: 2656K(9216K)->0K(9216K)
[195.654s][info][gc,heap        ] GC(253) ParOldGen: 27520K(2796544K)->25429K(2796544K)
[195.654s][info][gc,metaspace   ] GC(253) Metaspace: 52748K(53312K)->52748K(53312K) NonClass: 46181K(46464K)->46181K(46464K) Class: 6567K(6848K)->6567K(6848K)
[195.654s][info][gc             ] GC(253) Pause Full (System.gc()) 29M->24M(4087M) 43.789ms
[195.654s][info][gc,cpu         ] GC(253) User=0.00s Sys=0.00s Real=0.03s
[197.148s][info][gc,start       ] GC(254) Pause Young (Allocation Failure)
[197.152s][info][gc,heap        ] GC(254) PSYoungGen: 1379328K(1388544K)->6720K(1388032K) Eden: 1379328K(1379328K)->0K(1379328K) From: 0K(9216K)->6720K(8704K)
[197.153s][info][gc,heap        ] GC(254) ParOldGen: 25429K(2796544K)->25429K(2796544K)
[197.153s][info][gc,metaspace   ] GC(254) Metaspace: 52748K(53312K)->52748K(53312K) NonClass: 46181K(46464K)->46181K(46464K) Class: 6567K(6848K)->6567K(6848K)
[197.153s][info][gc             ] GC(254) Pause Young (Allocation Failure) 1371M->31M(4086M) 4.205ms
[197.153s][info][gc,cpu         ] GC(254) User=0.00s Sys=0.00s Real=0.00s
[197.701s][info][gc,start       ] GC(255) Pause Young (System.gc())
[197.705s][info][gc,heap        ] GC(255) PSYoungGen: 575661K(1388032K)->2624K(1388544K) Eden: 568941K(1379328K)->0K(1379328K) From: 6720K(8704K)->2624K(9216K)
[197.705s][info][gc,heap        ] GC(255) ParOldGen: 25429K(2796544K)->27613K(2796544K)
[197.705s][info][gc,metaspace   ] GC(255) Metaspace: 52748K(53312K)->52748K(53312K) NonClass: 46181K(46464K)->46181K(46464K) Class: 6567K(6848K)->6567K(6848K)
[197.705s][info][gc             ] GC(255) Pause Young (System.gc()) 587M->29M(4087M) 3.457ms
[197.705s][info][gc,cpu         ] GC(255) User=0.00s Sys=0.00s Real=0.00s
[197.705s][info][gc,start       ] GC(256) Pause Full (System.gc())
[197.705s][info][gc,phases,start] GC(256) Marking Phase
[197.729s][info][gc,phases      ] GC(256) Marking Phase 23.528ms
[197.729s][info][gc,phases,start] GC(256) Summary Phase
[197.729s][info][gc,phases      ] GC(256) Summary Phase 0.009ms
[197.729s][info][gc,phases,start] GC(256) Adjust Roots
[197.738s][info][gc,phases      ] GC(256) Adjust Roots 9.637ms
[197.738s][info][gc,phases,start] GC(256) Compaction Phase
[197.744s][info][gc,phases      ] GC(256) Compaction Phase 5.814ms
[197.744s][info][gc,phases,start] GC(256) Post Compact
[197.745s][info][gc,phases      ] GC(256) Post Compact 0.690ms
[197.745s][info][gc,heap        ] GC(256) PSYoungGen: 2624K(1388544K)->0K(1388544K) Eden: 0K(1379328K)->0K(1379328K) From: 2624K(9216K)->0K(9216K)
[197.745s][info][gc,heap        ] GC(256) ParOldGen: 27613K(2796544K)->25453K(2796544K)
[197.745s][info][gc,metaspace   ] GC(256) Metaspace: 52748K(53312K)->52748K(53312K) NonClass: 46181K(46464K)->46181K(46464K) Class: 6567K(6848K)->6567K(6848K)
[197.745s][info][gc             ] GC(256) Pause Full (System.gc()) 29M->24M(4087M) 39.994ms
[197.745s][info][gc,cpu         ] GC(256) User=0.03s Sys=0.00s Real=0.05s
[199.254s][info][gc,start       ] GC(257) Pause Young (Allocation Failure)
[199.257s][info][gc,heap        ] GC(257) PSYoungGen: 1379328K(1388544K)->4960K(1388544K) Eden: 1379328K(1379328K)->0K(1379328K) From: 0K(9216K)->4960K(9216K)
[199.257s][info][gc,heap        ] GC(257) ParOldGen: 25453K(2796544K)->25453K(2796544K)
[199.257s][info][gc,metaspace   ] GC(257) Metaspace: 52756K(53312K)->52756K(53312K) NonClass: 46189K(46464K)->46189K(46464K) Class: 6567K(6848K)->6567K(6848K)
[199.257s][info][gc             ] GC(257) Pause Young (Allocation Failure) 1371M->29M(4087M) 3.035ms
[199.257s][info][gc,cpu         ] GC(257) User=0.00s Sys=0.00s Real=0.00s
[199.791s][info][gc,start       ] GC(258) Pause Young (System.gc())
[199.794s][info][gc,heap        ] GC(258) PSYoungGen: 577252K(1388544K)->2656K(1388544K) Eden: 572292K(1379328K)->0K(1379328K) From: 4960K(9216K)->2656K(9216K)
[199.794s][info][gc,heap        ] GC(258) ParOldGen: 25453K(2796544K)->27693K(2796544K)
[199.794s][info][gc,metaspace   ] GC(258) Metaspace: 52784K(53312K)->52784K(53312K) NonClass: 46216K(46464K)->46216K(46464K) Class: 6567K(6848K)->6567K(6848K)
[199.794s][info][gc             ] GC(258) Pause Young (System.gc()) 588M->29M(4087M) 3.003ms
[199.794s][info][gc,cpu         ] GC(258) User=0.00s Sys=0.02s Real=0.00s
[199.794s][info][gc,start       ] GC(259) Pause Full (System.gc())
[199.794s][info][gc,phases,start] GC(259) Marking Phase
[199.818s][info][gc,phases      ] GC(259) Marking Phase 24.303ms
[199.818s][info][gc,phases,start] GC(259) Summary Phase
[199.818s][info][gc,phases      ] GC(259) Summary Phase 0.009ms
[199.818s][info][gc,phases,start] GC(259) Adjust Roots
[199.828s][info][gc,phases      ] GC(259) Adjust Roots 9.379ms
[199.828s][info][gc,phases,start] GC(259) Compaction Phase
[199.834s][info][gc,phases      ] GC(259) Compaction Phase 6.462ms
[199.834s][info][gc,phases,start] GC(259) Post Compact
[199.835s][info][gc,phases      ] GC(259) Post Compact 0.769ms
[199.835s][info][gc,heap        ] GC(259) PSYoungGen: 2656K(1388544K)->0K(1388544K) Eden: 0K(1379328K)->0K(1379328K) From: 2656K(9216K)->0K(9216K)
[199.835s][info][gc,heap        ] GC(259) ParOldGen: 27693K(2796544K)->25425K(2796544K)
[199.835s][info][gc,metaspace   ] GC(259) Metaspace: 52784K(53312K)->52784K(53312K) NonClass: 46216K(46464K)->46216K(46464K) Class: 6567K(6848K)->6567K(6848K)
[199.835s][info][gc             ] GC(259) Pause Full (System.gc()) 29M->24M(4087M) 41.239ms
[199.835s][info][gc,cpu         ] GC(259) User=0.00s Sys=0.00s Real=0.03s
[201.231s][info][gc,start       ] GC(260) Pause Young (Allocation Failure)
[201.234s][info][gc,heap        ] GC(260) PSYoungGen: 1379328K(1388544K)->6240K(1388032K) Eden: 1379328K(1379328K)->0K(1379328K) From: 0K(9216K)->6240K(8704K)
[201.234s][info][gc,heap        ] GC(260) ParOldGen: 25425K(2796544K)->25425K(2796544K)
[201.234s][info][gc,metaspace   ] GC(260) Metaspace: 52784K(53312K)->52784K(53312K) NonClass: 46216K(46464K)->46216K(46464K) Class: 6567K(6848K)->6567K(6848K)
[201.234s][info][gc             ] GC(260) Pause Young (Allocation Failure) 1371M->30M(4086M) 3.560ms
[201.234s][info][gc,cpu         ] GC(260) User=0.00s Sys=0.00s Real=0.00s
[201.761s][info][gc,start       ] GC(261) Pause Young (System.gc())
[201.764s][info][gc,heap        ] GC(261) PSYoungGen: 574747K(1388032K)->2624K(1388544K) Eden: 568507K(1379328K)->0K(1379328K) From: 6240K(8704K)->2624K(9216K)
[201.764s][info][gc,heap        ] GC(261) ParOldGen: 25425K(2796544K)->27625K(2796544K)
[201.764s][info][gc,metaspace   ] GC(261) Metaspace: 52784K(53312K)->52784K(53312K) NonClass: 46216K(46464K)->46216K(46464K) Class: 6567K(6848K)->6567K(6848K)
[201.764s][info][gc             ] GC(261) Pause Young (System.gc()) 586M->29M(4087M) 3.126ms
[201.764s][info][gc,cpu         ] GC(261) User=0.02s Sys=0.00s Real=0.01s
[201.765s][info][gc,start       ] GC(262) Pause Full (System.gc())
[201.765s][info][gc,phases,start] GC(262) Marking Phase
[201.788s][info][gc,phases      ] GC(262) Marking Phase 23.558ms
[201.788s][info][gc,phases,start] GC(262) Summary Phase
[201.788s][info][gc,phases      ] GC(262) Summary Phase 0.009ms
[201.788s][info][gc,phases,start] GC(262) Adjust Roots
[201.798s][info][gc,phases      ] GC(262) Adjust Roots 10.221ms
[201.798s][info][gc,phases,start] GC(262) Compaction Phase
[201.804s][info][gc,phases      ] GC(262) Compaction Phase 5.612ms
[201.804s][info][gc,phases,start] GC(262) Post Compact
[201.805s][info][gc,phases      ] GC(262) Post Compact 0.791ms
[201.805s][info][gc,heap        ] GC(262) PSYoungGen: 2624K(1388544K)->0K(1388544K) Eden: 0K(1379328K)->0K(1379328K) From: 2624K(9216K)->0K(9216K)
[201.805s][info][gc,heap        ] GC(262) ParOldGen: 27625K(2796544K)->25469K(2796544K)
[201.805s][info][gc,metaspace   ] GC(262) Metaspace: 52784K(53312K)->52784K(53312K) NonClass: 46216K(46464K)->46216K(46464K) Class: 6567K(6848K)->6567K(6848K)
[201.805s][info][gc             ] GC(262) Pause Full (System.gc()) 29M->24M(4087M) 40.486ms
[201.805s][info][gc,cpu         ] GC(262) User=0.02s Sys=0.00s Real=0.04s
[203.272s][info][gc,start       ] GC(263) Pause Young (Allocation Failure)
[203.275s][info][gc,heap        ] GC(263) PSYoungGen: 1379328K(1388544K)->5280K(1388544K) Eden: 1379328K(1379328K)->0K(1379328K) From: 0K(9216K)->5280K(9216K)
[203.275s][info][gc,heap        ] GC(263) ParOldGen: 25469K(2796544K)->25469K(2796544K)
[203.275s][info][gc,metaspace   ] GC(263) Metaspace: 52785K(53312K)->52785K(53312K) NonClass: 46217K(46464K)->46217K(46464K) Class: 6567K(6848K)->6567K(6848K)
[203.275s][info][gc             ] GC(263) Pause Young (Allocation Failure) 1371M->30M(4087M) 3.175ms
[203.275s][info][gc,cpu         ] GC(263) User=0.00s Sys=0.00s Real=0.00s
[203.810s][info][gc,start       ] GC(264) Pause Young (System.gc())
[203.812s][info][gc,heap        ] GC(264) PSYoungGen: 578283K(1388544K)->2592K(1388544K) Eden: 573003K(1379328K)->0K(1379328K) From: 5280K(9216K)->2592K(9216K)
[203.812s][info][gc,heap        ] GC(264) ParOldGen: 25469K(2796544K)->27693K(2796544K)
[203.812s][info][gc,metaspace   ] GC(264) Metaspace: 52785K(53312K)->52785K(53312K) NonClass: 46217K(46464K)->46217K(46464K) Class: 6567K(6848K)->6567K(6848K)
[203.812s][info][gc             ] GC(264) Pause Young (System.gc()) 589M->29M(4087M) 2.404ms
[203.812s][info][gc,cpu         ] GC(264) User=0.00s Sys=0.00s Real=0.00s
[203.812s][info][gc,start       ] GC(265) Pause Full (System.gc())
[203.812s][info][gc,phases,start] GC(265) Marking Phase
[203.835s][info][gc,phases      ] GC(265) Marking Phase 22.835ms
[203.835s][info][gc,phases,start] GC(265) Summary Phase
[203.835s][info][gc,phases      ] GC(265) Summary Phase 0.010ms
[203.835s][info][gc,phases,start] GC(265) Adjust Roots
[203.845s][info][gc,phases      ] GC(265) Adjust Roots 9.532ms
[203.845s][info][gc,phases,start] GC(265) Compaction Phase
[203.851s][info][gc,phases      ] GC(265) Compaction Phase 5.871ms
[203.851s][info][gc,phases,start] GC(265) Post Compact
[203.851s][info][gc,phases      ] GC(265) Post Compact 0.777ms
[203.852s][info][gc,heap        ] GC(265) PSYoungGen: 2592K(1388544K)->0K(1388544K) Eden: 0K(1379328K)->0K(1379328K) From: 2592K(9216K)->0K(9216K)
[203.852s][info][gc,heap        ] GC(265) ParOldGen: 27693K(2796544K)->25495K(2796544K)
[203.852s][info][gc,metaspace   ] GC(265) Metaspace: 52785K(53312K)->52785K(53312K) NonClass: 46217K(46464K)->46217K(46464K) Class: 6567K(6848K)->6567K(6848K)
[203.852s][info][gc             ] GC(265) Pause Full (System.gc()) 29M->24M(4087M) 39.329ms
[203.852s][info][gc,cpu         ] GC(265) User=0.02s Sys=0.00s Real=0.05s
[205.245s][info][gc,start       ] GC(266) Pause Young (Allocation Failure)
[205.248s][info][gc,heap        ] GC(266) PSYoungGen: 1379328K(1388544K)->6112K(1388032K) Eden: 1379328K(1379328K)->0K(1379328K) From: 0K(9216K)->6112K(8704K)
[205.248s][info][gc,heap        ] GC(266) ParOldGen: 25495K(2796544K)->25495K(2796544K)
[205.248s][info][gc,metaspace   ] GC(266) Metaspace: 52785K(53312K)->52785K(53312K) NonClass: 46217K(46464K)->46217K(46464K) Class: 6567K(6848K)->6567K(6848K)
[205.248s][info][gc             ] GC(266) Pause Young (Allocation Failure) 1371M->30M(4086M) 3.438ms
[205.248s][info][gc,cpu         ] GC(266) User=0.00s Sys=0.00s Real=0.00s
[205.883s][info][gc,start       ] GC(267) Pause Young (System.gc())
[205.886s][info][gc,heap        ] GC(267) PSYoungGen: 571916K(1388032K)->2656K(1388544K) Eden: 565803K(1379328K)->0K(1379328K) From: 6112K(8704K)->2656K(9216K)
[205.886s][info][gc,heap        ] GC(267) ParOldGen: 25495K(2796544K)->27743K(2796544K)
[205.886s][info][gc,metaspace   ] GC(267) Metaspace: 52785K(53312K)->52785K(53312K) NonClass: 46217K(46464K)->46217K(46464K) Class: 6567K(6848K)->6567K(6848K)
[205.886s][info][gc             ] GC(267) Pause Young (System.gc()) 583M->29M(4087M) 2.685ms
[205.886s][info][gc,cpu         ] GC(267) User=0.00s Sys=0.00s Real=0.00s
[205.886s][info][gc,start       ] GC(268) Pause Full (System.gc())
[205.886s][info][gc,phases,start] GC(268) Marking Phase
[205.909s][info][gc,phases      ] GC(268) Marking Phase 22.823ms
[205.909s][info][gc,phases,start] GC(268) Summary Phase
[205.909s][info][gc,phases      ] GC(268) Summary Phase 0.009ms
[205.909s][info][gc,phases,start] GC(268) Adjust Roots
[205.919s][info][gc,phases      ] GC(268) Adjust Roots 10.395ms
[205.919s][info][gc,phases,start] GC(268) Compaction Phase
[205.925s][info][gc,phases      ] GC(268) Compaction Phase 5.405ms
[205.925s][info][gc,phases,start] GC(268) Post Compact
[205.925s][info][gc,phases      ] GC(268) Post Compact 0.755ms
[205.925s][info][gc,heap        ] GC(268) PSYoungGen: 2656K(1388544K)->0K(1388544K) Eden: 0K(1379328K)->0K(1379328K) From: 2656K(9216K)->0K(9216K)
[205.925s][info][gc,heap        ] GC(268) ParOldGen: 27743K(2796544K)->25511K(2796544K)
[205.925s][info][gc,metaspace   ] GC(268) Metaspace: 52785K(53312K)->52785K(53312K) NonClass: 46217K(46464K)->46217K(46464K) Class: 6567K(6848K)->6567K(6848K)
[205.925s][info][gc             ] GC(268) Pause Full (System.gc()) 29M->24M(4087M) 39.705ms
[205.926s][info][gc,cpu         ] GC(268) User=0.02s Sys=0.00s Real=0.03s
[207.375s][info][gc,start       ] GC(269) Pause Young (Allocation Failure)
[207.378s][info][gc,heap        ] GC(269) PSYoungGen: 1379328K(1388544K)->5728K(1388032K) Eden: 1379328K(1379328K)->0K(1379328K) From: 0K(9216K)->5728K(8704K)
[207.378s][info][gc,heap        ] GC(269) ParOldGen: 25511K(2796544K)->25511K(2796544K)
[207.378s][info][gc,metaspace   ] GC(269) Metaspace: 52785K(53312K)->52785K(53312K) NonClass: 46217K(46464K)->46217K(46464K) Class: 6567K(6848K)->6567K(6848K)
[207.378s][info][gc             ] GC(269) Pause Young (Allocation Failure) 1371M->30M(4086M) 3.349ms
[207.378s][info][gc,cpu         ] GC(269) User=0.00s Sys=0.00s Real=0.00s
[207.957s][info][gc,start       ] GC(270) Pause Young (System.gc())
[207.960s][info][gc,heap        ] GC(270) PSYoungGen: 577601K(1388032K)->2656K(1388544K) Eden: 571873K(1379328K)->0K(1379328K) From: 5728K(8704K)->2656K(9216K)
[207.960s][info][gc,heap        ] GC(270) ParOldGen: 25511K(2796544K)->27799K(2796544K)
[207.960s][info][gc,metaspace   ] GC(270) Metaspace: 52785K(53312K)->52785K(53312K) NonClass: 46217K(46464K)->46217K(46464K) Class: 6567K(6848K)->6567K(6848K)
[207.960s][info][gc             ] GC(270) Pause Young (System.gc()) 588M->29M(4087M) 3.355ms
[207.960s][info][gc,cpu         ] GC(270) User=0.00s Sys=0.00s Real=0.02s
[207.960s][info][gc,start       ] GC(271) Pause Full (System.gc())
[207.960s][info][gc,phases,start] GC(271) Marking Phase
[207.984s][info][gc,phases      ] GC(271) Marking Phase 23.689ms
[207.984s][info][gc,phases,start] GC(271) Summary Phase
[207.984s][info][gc,phases      ] GC(271) Summary Phase 0.010ms
[207.984s][info][gc,phases,start] GC(271) Adjust Roots
[207.994s][info][gc,phases      ] GC(271) Adjust Roots 10.066ms
[207.994s][info][gc,phases,start] GC(271) Compaction Phase
[208.000s][info][gc,phases      ] GC(271) Compaction Phase 5.856ms
[208.000s][info][gc,phases,start] GC(271) Post Compact
[208.001s][info][gc,phases      ] GC(271) Post Compact 0.669ms
[208.001s][info][gc,heap        ] GC(271) PSYoungGen: 2656K(1388544K)->0K(1388544K) Eden: 0K(1379328K)->0K(1379328K) From: 2656K(9216K)->0K(9216K)
[208.001s][info][gc,heap        ] GC(271) ParOldGen: 27799K(2796544K)->25522K(2796544K)
[208.001s][info][gc,metaspace   ] GC(271) Metaspace: 52785K(53312K)->52785K(53312K) NonClass: 46217K(46464K)->46217K(46464K) Class: 6567K(6848K)->6567K(6848K)
[208.001s][info][gc             ] GC(271) Pause Full (System.gc()) 29M->24M(4087M) 40.589ms
[208.001s][info][gc,cpu         ] GC(271) User=0.02s Sys=0.00s Real=0.03s
[209.411s][info][gc,start       ] GC(272) Pause Young (Allocation Failure)
[209.415s][info][gc,heap        ] GC(272) PSYoungGen: 1379328K(1388544K)->5632K(1388032K) Eden: 1379328K(1379328K)->0K(1379328K) From: 0K(9216K)->5632K(8704K)
[209.415s][info][gc,heap        ] GC(272) ParOldGen: 25522K(2796544K)->25522K(2796544K)
[209.415s][info][gc,metaspace   ] GC(272) Metaspace: 52785K(53312K)->52785K(53312K) NonClass: 46217K(46464K)->46217K(46464K) Class: 6567K(6848K)->6567K(6848K)
[209.415s][info][gc             ] GC(272) Pause Young (Allocation Failure) 1371M->30M(4086M) 3.293ms
[209.415s][info][gc,cpu         ] GC(272) User=0.00s Sys=0.00s Real=0.00s
[209.966s][info][gc,start       ] GC(273) Pause Young (System.gc())
[209.969s][info][gc,heap        ] GC(273) PSYoungGen: 582811K(1388032K)->2656K(1388544K) Eden: 577179K(1379328K)->0K(1379328K) From: 5632K(8704K)->2656K(9216K)
[209.969s][info][gc,heap        ] GC(273) ParOldGen: 25522K(2796544K)->27770K(2796544K)
[209.969s][info][gc,metaspace   ] GC(273) Metaspace: 52785K(53312K)->52785K(53312K) NonClass: 46217K(46464K)->46217K(46464K) Class: 6567K(6848K)->6567K(6848K)
[209.969s][info][gc             ] GC(273) Pause Young (System.gc()) 594M->29M(4087M) 3.228ms
[209.969s][info][gc,cpu         ] GC(273) User=0.00s Sys=0.00s Real=0.01s
[209.969s][info][gc,start       ] GC(274) Pause Full (System.gc())
[209.969s][info][gc,phases,start] GC(274) Marking Phase
[209.995s][info][gc,phases      ] GC(274) Marking Phase 25.630ms
[209.995s][info][gc,phases,start] GC(274) Summary Phase
[209.995s][info][gc,phases      ] GC(274) Summary Phase 0.010ms
[209.995s][info][gc,phases,start] GC(274) Adjust Roots
[210.004s][info][gc,phases      ] GC(274) Adjust Roots 9.538ms
[210.004s][info][gc,phases,start] GC(274) Compaction Phase
[210.011s][info][gc,phases      ] GC(274) Compaction Phase 6.347ms
[210.011s][info][gc,phases,start] GC(274) Post Compact
[210.012s][info][gc,phases      ] GC(274) Post Compact 0.788ms
[210.012s][info][gc,heap        ] GC(274) PSYoungGen: 2656K(1388544K)->0K(1388544K) Eden: 0K(1379328K)->0K(1379328K) From: 2656K(9216K)->0K(9216K)
[210.012s][info][gc,heap        ] GC(274) ParOldGen: 27770K(2796544K)->25533K(2796544K)
[210.012s][info][gc,metaspace   ] GC(274) Metaspace: 52785K(53312K)->52785K(53312K) NonClass: 46217K(46464K)->46217K(46464K) Class: 6567K(6848K)->6567K(6848K)
[210.012s][info][gc             ] GC(274) Pause Full (System.gc()) 29M->24M(4087M) 42.654ms
[210.012s][info][gc,cpu         ] GC(274) User=0.00s Sys=0.00s Real=0.03s
[211.413s][info][gc,start       ] GC(275) Pause Young (Allocation Failure)
[211.416s][info][gc,heap        ] GC(275) PSYoungGen: 1379328K(1388544K)->5664K(1388032K) Eden: 1379328K(1379328K)->0K(1379328K) From: 0K(9216K)->5664K(8704K)
[211.416s][info][gc,heap        ] GC(275) ParOldGen: 25533K(2796544K)->25533K(2796544K)
[211.416s][info][gc,metaspace   ] GC(275) Metaspace: 52785K(53312K)->52785K(53312K) NonClass: 46217K(46464K)->46217K(46464K) Class: 6567K(6848K)->6567K(6848K)
[211.416s][info][gc             ] GC(275) Pause Young (Allocation Failure) 1371M->30M(4086M) 3.328ms
[211.416s][info][gc,cpu         ] GC(275) User=0.00s Sys=0.00s Real=0.00s
[212.001s][info][gc,start       ] GC(276) Pause Young (System.gc())
[212.004s][info][gc,heap        ] GC(276) PSYoungGen: 577796K(1388032K)->2624K(1388544K) Eden: 572132K(1379328K)->0K(1379328K) From: 5664K(8704K)->2624K(9216K)
[212.004s][info][gc,heap        ] GC(276) ParOldGen: 25533K(2796544K)->27773K(2796544K)
[212.004s][info][gc,metaspace   ] GC(276) Metaspace: 52785K(53312K)->52785K(53312K) NonClass: 46217K(46464K)->46217K(46464K) Class: 6567K(6848K)->6567K(6848K)
[212.004s][info][gc             ] GC(276) Pause Young (System.gc()) 589M->29M(4087M) 2.989ms
[212.004s][info][gc,cpu         ] GC(276) User=0.00s Sys=0.00s Real=0.00s
[212.004s][info][gc,start       ] GC(277) Pause Full (System.gc())
[212.004s][info][gc,phases,start] GC(277) Marking Phase
[212.026s][info][gc,phases      ] GC(277) Marking Phase 21.830ms
[212.026s][info][gc,phases,start] GC(277) Summary Phase
[212.026s][info][gc,phases      ] GC(277) Summary Phase 0.009ms
[212.026s][info][gc,phases,start] GC(277) Adjust Roots
[212.035s][info][gc,phases      ] GC(277) Adjust Roots 9.191ms
[212.035s][info][gc,phases,start] GC(277) Compaction Phase
[212.041s][info][gc,phases      ] GC(277) Compaction Phase 6.109ms
[212.041s][info][gc,phases,start] GC(277) Post Compact
[212.042s][info][gc,phases      ] GC(277) Post Compact 0.671ms
[212.042s][info][gc,heap        ] GC(277) PSYoungGen: 2624K(1388544K)->0K(1388544K) Eden: 0K(1379328K)->0K(1379328K) From: 2624K(9216K)->0K(9216K)
[212.042s][info][gc,heap        ] GC(277) ParOldGen: 27773K(2796544K)->25508K(2796544K)
[212.042s][info][gc,metaspace   ] GC(277) Metaspace: 52785K(53312K)->52785K(53312K) NonClass: 46217K(46464K)->46217K(46464K) Class: 6567K(6848K)->6567K(6848K)
[212.042s][info][gc             ] GC(277) Pause Full (System.gc()) 29M->24M(4087M) 38.064ms
[212.042s][info][gc,cpu         ] GC(277) User=0.03s Sys=0.00s Real=0.05s
[213.437s][info][gc,start       ] GC(278) Pause Young (Allocation Failure)
[213.440s][info][gc,heap        ] GC(278) PSYoungGen: 1379328K(1388544K)->5440K(1389056K) Eden: 1379328K(1379328K)->0K(1380352K) From: 0K(9216K)->5440K(8704K)
[213.440s][info][gc,heap        ] GC(278) ParOldGen: 25508K(2796544K)->25508K(2796544K)
[213.440s][info][gc,metaspace   ] GC(278) Metaspace: 52785K(53312K)->52785K(53312K) NonClass: 46217K(46464K)->46217K(46464K) Class: 6567K(6848K)->6567K(6848K)
[213.440s][info][gc             ] GC(278) Pause Young (Allocation Failure) 1371M->30M(4087M) 3.241ms
[213.440s][info][gc,cpu         ] GC(278) User=0.00s Sys=0.00s Real=0.00s
[213.998s][info][gc,start       ] GC(279) Pause Young (System.gc())
[214.001s][info][gc,heap        ] GC(279) PSYoungGen: 578287K(1389056K)->2592K(1389056K) Eden: 572847K(1380352K)->0K(1380352K) From: 5440K(8704K)->2592K(8704K)
[214.001s][info][gc,heap        ] GC(279) ParOldGen: 25508K(2796544K)->27732K(2796544K)
[214.001s][info][gc,metaspace   ] GC(279) Metaspace: 52785K(53312K)->52785K(53312K) NonClass: 46217K(46464K)->46217K(46464K) Class: 6567K(6848K)->6567K(6848K)
[214.001s][info][gc             ] GC(279) Pause Young (System.gc()) 589M->29M(4087M) 3.224ms
[214.001s][info][gc,cpu         ] GC(279) User=0.02s Sys=0.00s Real=0.02s
[214.001s][info][gc,start       ] GC(280) Pause Full (System.gc())
[214.001s][info][gc,phases,start] GC(280) Marking Phase
[214.025s][info][gc,phases      ] GC(280) Marking Phase 23.627ms
[214.025s][info][gc,phases,start] GC(280) Summary Phase
[214.025s][info][gc,phases      ] GC(280) Summary Phase 0.010ms
[214.025s][info][gc,phases,start] GC(280) Adjust Roots
[214.034s][info][gc,phases      ] GC(280) Adjust Roots 9.506ms
[214.034s][info][gc,phases,start] GC(280) Compaction Phase
[214.040s][info][gc,phases      ] GC(280) Compaction Phase 5.938ms
[214.040s][info][gc,phases,start] GC(280) Post Compact
[214.041s][info][gc,phases      ] GC(280) Post Compact 0.742ms
[214.041s][info][gc,heap        ] GC(280) PSYoungGen: 2592K(1389056K)->0K(1389056K) Eden: 0K(1380352K)->0K(1380352K) From: 2592K(8704K)->0K(8704K)
[214.041s][info][gc,heap        ] GC(280) ParOldGen: 27732K(2796544K)->25510K(2796544K)
[214.041s][info][gc,metaspace   ] GC(280) Metaspace: 52785K(53312K)->52785K(53312K) NonClass: 46217K(46464K)->46217K(46464K) Class: 6567K(6848K)->6567K(6848K)
[214.041s][info][gc             ] GC(280) Pause Full (System.gc()) 29M->24M(4087M) 40.117ms
[214.041s][info][gc,cpu         ] GC(280) User=0.00s Sys=0.00s Real=0.03s
[215.440s][info][gc,start       ] GC(281) Pause Young (Allocation Failure)
[215.443s][info][gc,heap        ] GC(281) PSYoungGen: 1380352K(1389056K)->4960K(1389056K) Eden: 1380352K(1380352K)->0K(1380352K) From: 0K(8704K)->4960K(8704K)
[215.443s][info][gc,heap        ] GC(281) ParOldGen: 25510K(2796544K)->25510K(2796544K)
[215.443s][info][gc,metaspace   ] GC(281) Metaspace: 52785K(53312K)->52785K(53312K) NonClass: 46217K(46464K)->46217K(46464K) Class: 6567K(6848K)->6567K(6848K)
[215.443s][info][gc             ] GC(281) Pause Young (Allocation Failure) 1372M->29M(4087M) 3.138ms
[215.443s][info][gc,cpu         ] GC(281) User=0.00s Sys=0.00s Real=0.00s
[216.002s][info][gc,start       ] GC(282) Pause Young (System.gc())
[216.006s][info][gc,heap        ] GC(282) PSYoungGen: 576723K(1389056K)->2624K(1389056K) Eden: 571763K(1380352K)->0K(1380352K) From: 4960K(8704K)->2624K(8704K)
[216.006s][info][gc,heap        ] GC(282) ParOldGen: 25510K(2796544K)->27774K(2796544K)
[216.006s][info][gc,metaspace   ] GC(282) Metaspace: 52785K(53312K)->52785K(53312K) NonClass: 46217K(46464K)->46217K(46464K) Class: 6567K(6848K)->6567K(6848K)
[216.006s][info][gc             ] GC(282) Pause Young (System.gc()) 588M->29M(4087M) 3.754ms
[216.006s][info][gc,cpu         ] GC(282) User=0.00s Sys=0.00s Real=0.00s
[216.006s][info][gc,start       ] GC(283) Pause Full (System.gc())
[216.006s][info][gc,phases,start] GC(283) Marking Phase
[216.029s][info][gc,phases      ] GC(283) Marking Phase 23.494ms
[216.029s][info][gc,phases,start] GC(283) Summary Phase
[216.029s][info][gc,phases      ] GC(283) Summary Phase 0.010ms
[216.029s][info][gc,phases,start] GC(283) Adjust Roots
[216.039s][info][gc,phases      ] GC(283) Adjust Roots 9.886ms
[216.039s][info][gc,phases,start] GC(283) Compaction Phase
[216.045s][info][gc,phases      ] GC(283) Compaction Phase 5.819ms
[216.045s][info][gc,phases,start] GC(283) Post Compact
[216.046s][info][gc,phases      ] GC(283) Post Compact 0.727ms
[216.046s][info][gc,heap        ] GC(283) PSYoungGen: 2624K(1389056K)->0K(1389056K) Eden: 0K(1380352K)->0K(1380352K) From: 2624K(8704K)->0K(8704K)
[216.046s][info][gc,heap        ] GC(283) ParOldGen: 27774K(2796544K)->25520K(2796544K)
[216.046s][info][gc,metaspace   ] GC(283) Metaspace: 52785K(53312K)->52785K(53312K) NonClass: 46217K(46464K)->46217K(46464K) Class: 6567K(6848K)->6567K(6848K)
[216.046s][info][gc             ] GC(283) Pause Full (System.gc()) 29M->24M(4087M) 40.214ms
[216.046s][info][gc,cpu         ] GC(283) User=0.03s Sys=0.00s Real=0.05s
[217.405s][info][gc,start       ] GC(284) Pause Young (Allocation Failure)
[217.408s][info][gc,heap        ] GC(284) PSYoungGen: 1380352K(1389056K)->5312K(1388544K) Eden: 1380352K(1380352K)->0K(1380352K) From: 0K(8704K)->5312K(8192K)
[217.408s][info][gc,heap        ] GC(284) ParOldGen: 25520K(2796544K)->25520K(2796544K)
[217.408s][info][gc,metaspace   ] GC(284) Metaspace: 52785K(53312K)->52785K(53312K) NonClass: 46217K(46464K)->46217K(46464K) Class: 6567K(6848K)->6567K(6848K)
[217.408s][info][gc             ] GC(284) Pause Young (Allocation Failure) 1372M->30M(4087M) 3.220ms
[217.408s][info][gc,cpu         ] GC(284) User=0.00s Sys=0.00s Real=0.00s
[218.003s][info][gc,start       ] GC(285) Pause Young (System.gc())
[218.007s][info][gc,heap        ] GC(285) PSYoungGen: 570708K(1388544K)->2656K(1389056K) Eden: 565396K(1380352K)->0K(1380352K) From: 5312K(8192K)->2656K(8704K)
[218.007s][info][gc,heap        ] GC(285) ParOldGen: 25520K(2796544K)->27736K(2796544K)
[218.007s][info][gc,metaspace   ] GC(285) Metaspace: 52785K(53312K)->52785K(53312K) NonClass: 46217K(46464K)->46217K(46464K) Class: 6567K(6848K)->6567K(6848K)
[218.007s][info][gc             ] GC(285) Pause Young (System.gc()) 582M->29M(4087M) 3.654ms
[218.007s][info][gc,cpu         ] GC(285) User=0.00s Sys=0.00s Real=0.00s
[218.007s][info][gc,start       ] GC(286) Pause Full (System.gc())
[218.007s][info][gc,phases,start] GC(286) Marking Phase
[218.033s][info][gc,phases      ] GC(286) Marking Phase 25.886ms
[218.033s][info][gc,phases,start] GC(286) Summary Phase
[218.033s][info][gc,phases      ] GC(286) Summary Phase 0.009ms
[218.033s][info][gc,phases,start] GC(286) Adjust Roots
[218.042s][info][gc,phases      ] GC(286) Adjust Roots 9.596ms
[218.042s][info][gc,phases,start] GC(286) Compaction Phase
[218.048s][info][gc,phases      ] GC(286) Compaction Phase 5.735ms
[218.048s][info][gc,phases,start] GC(286) Post Compact
[218.049s][info][gc,phases      ] GC(286) Post Compact 0.737ms
[218.049s][info][gc,heap        ] GC(286) PSYoungGen: 2656K(1389056K)->0K(1389056K) Eden: 0K(1380352K)->0K(1380352K) From: 2656K(8704K)->0K(8704K)
[218.049s][info][gc,heap        ] GC(286) ParOldGen: 27736K(2796544K)->25490K(2796544K)
[218.049s][info][gc,metaspace   ] GC(286) Metaspace: 52785K(53312K)->52785K(53312K) NonClass: 46217K(46464K)->46217K(46464K) Class: 6567K(6848K)->6567K(6848K)
[218.049s][info][gc             ] GC(286) Pause Full (System.gc()) 29M->24M(4087M) 42.250ms
[218.049s][info][gc,cpu         ] GC(286) User=0.02s Sys=0.00s Real=0.05s
[219.445s][info][gc,start       ] GC(287) Pause Young (Allocation Failure)
[219.449s][info][gc,heap        ] GC(287) PSYoungGen: 1380352K(1389056K)->5184K(1389568K) Eden: 1380352K(1380352K)->0K(1381376K) From: 0K(8704K)->5184K(8192K)
[219.449s][info][gc,heap        ] GC(287) ParOldGen: 25490K(2796544K)->25490K(2796544K)
[219.449s][info][gc,metaspace   ] GC(287) Metaspace: 52785K(53312K)->52785K(53312K) NonClass: 46217K(46464K)->46217K(46464K) Class: 6567K(6848K)->6567K(6848K)
[219.449s][info][gc             ] GC(287) Pause Young (Allocation Failure) 1372M->29M(4088M) 3.166ms
[219.449s][info][gc,cpu         ] GC(287) User=0.00s Sys=0.00s Real=0.00s
[220.085s][info][gc,start       ] GC(288) Pause Young (System.gc())
[220.088s][info][gc,heap        ] GC(288) PSYoungGen: 576858K(1389568K)->2656K(1389568K) Eden: 571674K(1381376K)->0K(1381376K) From: 5184K(8192K)->2656K(8192K)
[220.088s][info][gc,heap        ] GC(288) ParOldGen: 25490K(2796544K)->27658K(2796544K)
[220.088s][info][gc,metaspace   ] GC(288) Metaspace: 52786K(53312K)->52786K(53312K) NonClass: 46219K(46464K)->46219K(46464K) Class: 6567K(6848K)->6567K(6848K)
[220.088s][info][gc             ] GC(288) Pause Young (System.gc()) 588M->29M(4088M) 2.643ms
[220.088s][info][gc,cpu         ] GC(288) User=0.00s Sys=0.00s Real=0.00s
[220.088s][info][gc,start       ] GC(289) Pause Full (System.gc())
[220.088s][info][gc,phases,start] GC(289) Marking Phase
[220.110s][info][gc,phases      ] GC(289) Marking Phase 22.001ms
[220.110s][info][gc,phases,start] GC(289) Summary Phase
[220.110s][info][gc,phases      ] GC(289) Summary Phase 0.009ms
[220.110s][info][gc,phases,start] GC(289) Adjust Roots
[220.120s][info][gc,phases      ] GC(289) Adjust Roots 9.732ms
[220.120s][info][gc,phases,start] GC(289) Compaction Phase
[220.125s][info][gc,phases      ] GC(289) Compaction Phase 5.452ms
[220.125s][info][gc,phases,start] GC(289) Post Compact
[220.126s][info][gc,phases      ] GC(289) Post Compact 0.698ms
[220.126s][info][gc,heap        ] GC(289) PSYoungGen: 2656K(1389568K)->0K(1389568K) Eden: 0K(1381376K)->0K(1381376K) From: 2656K(8192K)->0K(8192K)
[220.126s][info][gc,heap        ] GC(289) ParOldGen: 27658K(2796544K)->25422K(2796544K)
[220.126s][info][gc,metaspace   ] GC(289) Metaspace: 52786K(53312K)->52786K(53312K) NonClass: 46219K(46464K)->46219K(46464K) Class: 6567K(6848K)->6567K(6848K)
[220.126s][info][gc             ] GC(289) Pause Full (System.gc()) 29M->24M(4088M) 38.193ms
[220.126s][info][gc,cpu         ] GC(289) User=0.00s Sys=0.00s Real=0.05s
[221.478s][info][gc,start       ] GC(290) Pause Young (Allocation Failure)
[221.482s][info][gc,heap        ] GC(290) PSYoungGen: 1381376K(1389568K)->5440K(1389568K) Eden: 1381376K(1381376K)->0K(1381376K) From: 0K(8192K)->5440K(8192K)
[221.482s][info][gc,heap        ] GC(290) ParOldGen: 25422K(2796544K)->25422K(2796544K)
[221.482s][info][gc,metaspace   ] GC(290) Metaspace: 52794K(53312K)->52794K(53312K) NonClass: 46226K(46464K)->46226K(46464K) Class: 6567K(6848K)->6567K(6848K)
[221.482s][info][gc             ] GC(290) Pause Young (Allocation Failure) 1373M->30M(4088M) 3.315ms
[221.482s][info][gc,cpu         ] GC(290) User=0.02s Sys=0.00s Real=0.00s
[222.081s][info][gc,start       ] GC(291) Pause Young (System.gc())
[222.085s][info][gc,heap        ] GC(291) PSYoungGen: 571541K(1389568K)->2656K(1389568K) Eden: 566101K(1381376K)->0K(1381376K) From: 5440K(8192K)->2656K(8192K)
[222.085s][info][gc,heap        ] GC(291) ParOldGen: 25422K(2796544K)->27646K(2796544K)
[222.085s][info][gc,metaspace   ] GC(291) Metaspace: 52794K(53312K)->52794K(53312K) NonClass: 46226K(46464K)->46226K(46464K) Class: 6567K(6848K)->6567K(6848K)
[222.085s][info][gc             ] GC(291) Pause Young (System.gc()) 582M->29M(4088M) 3.720ms
[222.085s][info][gc,cpu         ] GC(291) User=0.00s Sys=0.00s Real=0.00s
[222.085s][info][gc,start       ] GC(292) Pause Full (System.gc())
[222.085s][info][gc,phases,start] GC(292) Marking Phase
[222.108s][info][gc,phases      ] GC(292) Marking Phase 23.136ms
[222.108s][info][gc,phases,start] GC(292) Summary Phase
[222.108s][info][gc,phases      ] GC(292) Summary Phase 0.009ms
[222.108s][info][gc,phases,start] GC(292) Adjust Roots
[222.118s][info][gc,phases      ] GC(292) Adjust Roots 10.194ms
[222.118s][info][gc,phases,start] GC(292) Compaction Phase
[222.124s][info][gc,phases      ] GC(292) Compaction Phase 6.004ms
[222.124s][info][gc,phases,start] GC(292) Post Compact
[222.125s][info][gc,phases      ] GC(292) Post Compact 0.697ms
[222.125s][info][gc,heap        ] GC(292) PSYoungGen: 2656K(1389568K)->0K(1389568K) Eden: 0K(1381376K)->0K(1381376K) From: 2656K(8192K)->0K(8192K)
[222.125s][info][gc,heap        ] GC(292) ParOldGen: 27646K(2796544K)->25414K(2796544K)
[222.125s][info][gc,metaspace   ] GC(292) Metaspace: 52794K(53312K)->52794K(53312K) NonClass: 46226K(46464K)->46226K(46464K) Class: 6567K(6848K)->6567K(6848K)
[222.125s][info][gc             ] GC(292) Pause Full (System.gc()) 29M->24M(4088M) 40.338ms
[222.125s][info][gc,cpu         ] GC(292) User=0.02s Sys=0.00s Real=0.03s
[223.477s][info][gc,start       ] GC(293) Pause Young (Allocation Failure)
[223.480s][info][gc,heap        ] GC(293) PSYoungGen: 1381376K(1389568K)->5088K(1389568K) Eden: 1381376K(1381376K)->0K(1381376K) From: 0K(8192K)->5088K(8192K)
[223.480s][info][gc,heap        ] GC(293) ParOldGen: 25414K(2796544K)->25414K(2796544K)
[223.480s][info][gc,metaspace   ] GC(293) Metaspace: 52794K(53312K)->52794K(53312K) NonClass: 46226K(46464K)->46226K(46464K) Class: 6567K(6848K)->6567K(6848K)
[223.480s][info][gc             ] GC(293) Pause Young (Allocation Failure) 1373M->29M(4088M) 3.125ms
[223.480s][info][gc,cpu         ] GC(293) User=0.00s Sys=0.00s Real=0.00s
[224.105s][info][gc,start       ] GC(294) Pause Young (System.gc())
[224.107s][info][gc,heap        ] GC(294) PSYoungGen: 574952K(1389568K)->2624K(1389568K) Eden: 569864K(1381376K)->0K(1381376K) From: 5088K(8192K)->2624K(8192K)
[224.107s][info][gc,heap        ] GC(294) ParOldGen: 25414K(2796544K)->27622K(2796544K)
[224.107s][info][gc,metaspace   ] GC(294) Metaspace: 52805K(53312K)->52805K(53312K) NonClass: 46237K(46464K)->46237K(46464K) Class: 6567K(6848K)->6567K(6848K)
[224.107s][info][gc             ] GC(294) Pause Young (System.gc()) 586M->29M(4088M) 2.292ms
[224.107s][info][gc,cpu         ] GC(294) User=0.00s Sys=0.00s Real=0.00s
[224.107s][info][gc,start       ] GC(295) Pause Full (System.gc())
[224.107s][info][gc,phases,start] GC(295) Marking Phase
[224.133s][info][gc,phases      ] GC(295) Marking Phase 25.650ms
[224.133s][info][gc,phases,start] GC(295) Summary Phase
[224.133s][info][gc,phases      ] GC(295) Summary Phase 0.010ms
[224.133s][info][gc,phases,start] GC(295) Adjust Roots
[224.143s][info][gc,phases      ] GC(295) Adjust Roots 9.819ms
[224.143s][info][gc,phases,start] GC(295) Compaction Phase
[224.149s][info][gc,phases      ] GC(295) Compaction Phase 6.344ms
[224.149s][info][gc,phases,start] GC(295) Post Compact
[224.150s][info][gc,phases      ] GC(295) Post Compact 0.675ms
[224.150s][info][gc,heap        ] GC(295) PSYoungGen: 2624K(1389568K)->0K(1389568K) Eden: 0K(1381376K)->0K(1381376K) From: 2624K(8192K)->0K(8192K)
[224.150s][info][gc,heap        ] GC(295) ParOldGen: 27622K(2796544K)->25465K(2796544K)
[224.150s][info][gc,metaspace   ] GC(295) Metaspace: 52805K(53312K)->52805K(53312K) NonClass: 46237K(46464K)->46237K(46464K) Class: 6567K(6848K)->6567K(6848K)
[224.150s][info][gc             ] GC(295) Pause Full (System.gc()) 29M->24M(4088M) 42.782ms
[224.150s][info][gc,cpu         ] GC(295) User=0.00s Sys=0.00s Real=0.05s
[225.540s][info][gc,start       ] GC(296) Pause Young (Allocation Failure)
[225.543s][info][gc,heap        ] GC(296) PSYoungGen: 1381376K(1389568K)->4864K(1389568K) Eden: 1381376K(1381376K)->0K(1381376K) From: 0K(8192K)->4864K(8192K)
[225.543s][info][gc,heap        ] GC(296) ParOldGen: 25465K(2796544K)->25465K(2796544K)
[225.543s][info][gc,metaspace   ] GC(296) Metaspace: 52805K(53312K)->52805K(53312K) NonClass: 46237K(46464K)->46237K(46464K) Class: 6567K(6848K)->6567K(6848K)
[225.543s][info][gc             ] GC(296) Pause Young (Allocation Failure) 1373M->29M(4088M) 3.034ms
[225.543s][info][gc,cpu         ] GC(296) User=0.00s Sys=0.00s Real=0.00s
[226.159s][info][gc,start       ] GC(297) Pause Young (System.gc())
[226.163s][info][gc,heap        ] GC(297) PSYoungGen: 586077K(1389568K)->2656K(1389568K) Eden: 581213K(1381376K)->0K(1381376K) From: 4864K(8192K)->2656K(8192K)
[226.163s][info][gc,heap        ] GC(297) ParOldGen: 25465K(2796544K)->27705K(2796544K)
[226.163s][info][gc,metaspace   ] GC(297) Metaspace: 52805K(53312K)->52805K(53312K) NonClass: 46237K(46464K)->46237K(46464K) Class: 6567K(6848K)->6567K(6848K)
[226.163s][info][gc             ] GC(297) Pause Young (System.gc()) 597M->29M(4088M) 3.730ms
[226.163s][info][gc,cpu         ] GC(297) User=0.00s Sys=0.00s Real=0.00s
[226.163s][info][gc,start       ] GC(298) Pause Full (System.gc())
[226.163s][info][gc,phases,start] GC(298) Marking Phase
[226.187s][info][gc,phases      ] GC(298) Marking Phase 23.877ms
[226.187s][info][gc,phases,start] GC(298) Summary Phase
[226.187s][info][gc,phases      ] GC(298) Summary Phase 0.009ms
[226.187s][info][gc,phases,start] GC(298) Adjust Roots
[226.197s][info][gc,phases      ] GC(298) Adjust Roots 10.267ms
[226.197s][info][gc,phases,start] GC(298) Compaction Phase
[226.203s][info][gc,phases      ] GC(298) Compaction Phase 5.506ms
[226.203s][info][gc,phases,start] GC(298) Post Compact
[226.204s][info][gc,phases      ] GC(298) Post Compact 0.701ms
[226.204s][info][gc,heap        ] GC(298) PSYoungGen: 2656K(1389568K)->0K(1389568K) Eden: 0K(1381376K)->0K(1381376K) From: 2656K(8192K)->0K(8192K)
[226.204s][info][gc,heap        ] GC(298) ParOldGen: 27705K(2796544K)->25506K(2796544K)
[226.204s][info][gc,metaspace   ] GC(298) Metaspace: 52805K(53312K)->52805K(53312K) NonClass: 46237K(46464K)->46237K(46464K) Class: 6567K(6848K)->6567K(6848K)
[226.204s][info][gc             ] GC(298) Pause Full (System.gc()) 29M->24M(4088M) 40.678ms
[226.204s][info][gc,cpu         ] GC(298) User=0.03s Sys=0.00s Real=0.05s
[227.603s][info][gc,start       ] GC(299) Pause Young (Allocation Failure)
[227.607s][info][gc,heap        ] GC(299) PSYoungGen: 1381376K(1389568K)->5344K(1389056K) Eden: 1381376K(1381376K)->0K(1381376K) From: 0K(8192K)->5344K(7680K)
[227.607s][info][gc,heap        ] GC(299) ParOldGen: 25506K(2796544K)->25506K(2796544K)
[227.607s][info][gc,metaspace   ] GC(299) Metaspace: 52805K(53312K)->52805K(53312K) NonClass: 46237K(46464K)->46237K(46464K) Class: 6567K(6848K)->6567K(6848K)
[227.607s][info][gc             ] GC(299) Pause Young (Allocation Failure) 1373M->30M(4087M) 3.874ms
[227.607s][info][gc,cpu         ] GC(299) User=0.00s Sys=0.00s Real=0.00s
[228.252s][info][gc,start       ] GC(300) Pause Young (System.gc())
[228.255s][info][gc,heap        ] GC(300) PSYoungGen: 572527K(1389056K)->2624K(1389568K) Eden: 567183K(1381376K)->0K(1381376K) From: 5344K(7680K)->2624K(8192K)
[228.255s][info][gc,heap        ] GC(300) ParOldGen: 25506K(2796544K)->27706K(2796544K)
[228.255s][info][gc,metaspace   ] GC(300) Metaspace: 52805K(53312K)->52805K(53312K) NonClass: 46237K(46464K)->46237K(46464K) Class: 6567K(6848K)->6567K(6848K)
[228.255s][info][gc             ] GC(300) Pause Young (System.gc()) 584M->29M(4088M) 3.420ms
[228.255s][info][gc,cpu         ] GC(300) User=0.00s Sys=0.00s Real=0.00s
[228.255s][info][gc,start       ] GC(301) Pause Full (System.gc())
[228.255s][info][gc,phases,start] GC(301) Marking Phase
[228.280s][info][gc,phases      ] GC(301) Marking Phase 24.741ms
[228.280s][info][gc,phases,start] GC(301) Summary Phase
[228.280s][info][gc,phases      ] GC(301) Summary Phase 0.010ms
[228.280s][info][gc,phases,start] GC(301) Adjust Roots
[228.289s][info][gc,phases      ] GC(301) Adjust Roots 9.309ms
[228.289s][info][gc,phases,start] GC(301) Compaction Phase
[228.296s][info][gc,phases      ] GC(301) Compaction Phase 6.435ms
[228.296s][info][gc,phases,start] GC(301) Post Compact
[228.297s][info][gc,phases      ] GC(301) Post Compact 0.729ms
[228.297s][info][gc,heap        ] GC(301) PSYoungGen: 2624K(1389568K)->0K(1389568K) Eden: 0K(1381376K)->0K(1381376K) From: 2624K(8192K)->0K(8192K)
[228.297s][info][gc,heap        ] GC(301) ParOldGen: 27706K(2796544K)->25493K(2796544K)
[228.297s][info][gc,metaspace   ] GC(301) Metaspace: 52805K(53312K)->52805K(53312K) NonClass: 46237K(46464K)->46237K(46464K) Class: 6567K(6848K)->6567K(6848K)
[228.297s][info][gc             ] GC(301) Pause Full (System.gc()) 29M->24M(4088M) 41.538ms
[228.297s][info][gc,cpu         ] GC(301) User=0.00s Sys=0.00s Real=0.03s
[229.732s][info][gc,start       ] GC(302) Pause Young (Allocation Failure)
[229.735s][info][gc,heap        ] GC(302) PSYoungGen: 1381376K(1389568K)->5376K(1389056K) Eden: 1381376K(1381376K)->0K(1381376K) From: 0K(8192K)->5376K(7680K)
[229.735s][info][gc,heap        ] GC(302) ParOldGen: 25493K(2796544K)->25493K(2796544K)
[229.735s][info][gc,metaspace   ] GC(302) Metaspace: 52806K(53312K)->52806K(53312K) NonClass: 46238K(46464K)->46238K(46464K) Class: 6567K(6848K)->6567K(6848K)
[229.735s][info][gc             ] GC(302) Pause Young (Allocation Failure) 1373M->30M(4087M) 3.243ms
[229.735s][info][gc,cpu         ] GC(302) User=0.00s Sys=0.00s Real=0.00s
[230.396s][info][gc,start       ] GC(303) Pause Young (System.gc())
[230.399s][info][gc,heap        ] GC(303) PSYoungGen: 569428K(1389056K)->2624K(1389568K) Eden: 564052K(1381376K)->0K(1381376K) From: 5376K(7680K)->2624K(8192K)
[230.399s][info][gc,heap        ] GC(303) ParOldGen: 25493K(2796544K)->27749K(2796544K)
[230.399s][info][gc,metaspace   ] GC(303) Metaspace: 52806K(53312K)->52806K(53312K) NonClass: 46238K(46464K)->46238K(46464K) Class: 6567K(6848K)->6567K(6848K)
[230.399s][info][gc             ] GC(303) Pause Young (System.gc()) 580M->29M(4088M) 3.061ms
[230.399s][info][gc,cpu         ] GC(303) User=0.00s Sys=0.00s Real=0.00s
[230.399s][info][gc,start       ] GC(304) Pause Full (System.gc())
[230.399s][info][gc,phases,start] GC(304) Marking Phase
[230.426s][info][gc,phases      ] GC(304) Marking Phase 26.708ms
[230.426s][info][gc,phases,start] GC(304) Summary Phase
[230.426s][info][gc,phases      ] GC(304) Summary Phase 0.010ms
[230.426s][info][gc,phases,start] GC(304) Adjust Roots
[230.436s][info][gc,phases      ] GC(304) Adjust Roots 9.848ms
[230.436s][info][gc,phases,start] GC(304) Compaction Phase
[230.442s][info][gc,phases      ] GC(304) Compaction Phase 6.317ms
[230.442s][info][gc,phases,start] GC(304) Post Compact
[230.443s][info][gc,phases      ] GC(304) Post Compact 0.836ms
[230.443s][info][gc,heap        ] GC(304) PSYoungGen: 2624K(1389568K)->0K(1389568K) Eden: 0K(1381376K)->0K(1381376K) From: 2624K(8192K)->0K(8192K)
[230.443s][info][gc,heap        ] GC(304) ParOldGen: 27749K(2796544K)->25495K(2796544K)
[230.443s][info][gc,metaspace   ] GC(304) Metaspace: 52806K(53312K)->52806K(53312K) NonClass: 46238K(46464K)->46238K(46464K) Class: 6567K(6848K)->6567K(6848K)
[230.443s][info][gc             ] GC(304) Pause Full (System.gc()) 29M->24M(4088M) 44.068ms
[230.443s][info][gc,cpu         ] GC(304) User=0.02s Sys=0.00s Real=0.05s
[231.880s][info][gc,start       ] GC(305) Pause Young (Allocation Failure)
[231.884s][info][gc,heap        ] GC(305) PSYoungGen: 1381376K(1389568K)->5248K(1389568K) Eden: 1381376K(1381376K)->0K(1381376K) From: 0K(8192K)->5248K(8192K)
[231.884s][info][gc,heap        ] GC(305) ParOldGen: 25495K(2796544K)->25495K(2796544K)
[231.884s][info][gc,metaspace   ] GC(305) Metaspace: 52806K(53312K)->52806K(53312K) NonClass: 46238K(46464K)->46238K(46464K) Class: 6567K(6848K)->6567K(6848K)
[231.884s][info][gc             ] GC(305) Pause Young (Allocation Failure) 1373M->30M(4088M) 4.145ms
[231.884s][info][gc,cpu         ] GC(305) User=0.05s Sys=0.00s Real=0.00s
[232.473s][info][gc,heap,exit   ] Heap
[232.473s][info][gc,heap,exit   ]  PSYoungGen      total 1389568K, used 566193K [0x00000007aab00000, 0x0000000800000000, 0x0000000800000000)
[232.473s][info][gc,heap,exit   ]   eden space 1381376K, 40% used [0x00000007aab00000,0x00000007ccecc420,0x00000007ff000000)
[232.473s][info][gc,heap,exit   ]   from space 8192K, 64% used [0x00000007ff800000,0x00000007ffd20010,0x0000000800000000)
[232.473s][info][gc,heap,exit   ]   to   space 8192K, 0% used [0x00000007ff000000,0x00000007ff000000,0x00000007ff800000)
[232.473s][info][gc,heap,exit   ]  ParOldGen       total 2796544K, used 25495K [0x0000000700000000, 0x00000007aab00000, 0x00000007aab00000)
[232.473s][info][gc,heap,exit   ]   object space 2796544K, 0% used [0x0000000700000000,0x00000007018e5cc8,0x00000007aab00000)
[232.473s][info][gc,heap,exit   ]  Metaspace       used 52905K, committed 53440K, reserved 1114112K
[232.473s][info][gc,heap,exit   ]   class space    used 6590K, committed 6848K, reserved 1048576K
