[0.007s][info][gc,init] CardTable entry size: 512
[0.007s][info][gc     ] Using Parallel
[0.012s][info][gc,init] Version: 21.0.4+7-adhoc.Administrator.jdk21u (release)
[0.012s][info][gc,init] CPUs: 6 total, 6 available
[0.012s][info][gc,init] Memory: 15591M
[0.012s][info][gc,init] Large Page Support: Disabled
[0.012s][info][gc,init] NUMA Support: Disabled
[0.012s][info][gc,init] Compressed Oops: Enabled (32-bit)
[0.012s][info][gc,init] Alignments: Space 512K, Generation 512K, Heap 2M
[0.012s][info][gc,init] Heap Min Capacity: 2G
[0.012s][info][gc,init] Heap Initial Capacity: 2G
[0.012s][info][gc,init] Heap Max Capacity: 2G
[0.015s][info][gc,init] Pre-touch: Disabled
[0.015s][info][gc,init] Parallel Workers: 6
[0.024s][info][gc,metaspace] CDS archive(s) mapped at: [0x00000264ca000000-0x00000264cac90000-0x00000264cac90000), size 13172736, SharedBaseAddress: 0x00000264ca000000, ArchiveRelocationMode: 1.
[0.025s][info][gc,metaspace] Compressed class space mapped at: 0x00000264cb000000-0x000002650b000000, reserved size: 1073741824
[0.025s][info][gc,metaspace] Narrow klass base: 0x00000264ca000000, Narrow klass shift: 0, Narrow klass range: 0x100000000
[3.961s][info][gc,start    ] GC(0) Pause Young (Metadata GC Threshold)
[3.967s][info][gc,heap     ] GC(0) PSYoungGen: 136548K(611840K)->9140K(611840K) Eden: 136548K(524800K)->0K(524800K) From: 0K(87040K)->9140K(87040K)
[3.967s][info][gc,heap     ] GC(0) ParOldGen: 0K(1398272K)->16K(1398272K)
[3.967s][info][gc,metaspace] GC(0) Metaspace: 21238K(21504K)->21238K(21504K) NonClass: 18573K(18688K)->18573K(18688K) Class: 2664K(2816K)->2664K(2816K)
[3.967s][info][gc          ] GC(0) Pause Young (Metadata GC Threshold) 133M->8M(1963M) 5.237ms
[3.967s][info][gc,cpu      ] GC(0) User=0.00s Sys=0.00s Real=0.00s
[3.967s][info][gc,start    ] GC(1) Pause Full (Metadata GC Threshold)
[3.967s][info][gc,phases,start] GC(1) Marking Phase
[3.971s][info][gc,phases      ] GC(1) Marking Phase 4.606ms
[3.971s][info][gc,phases,start] GC(1) Summary Phase
[3.971s][info][gc,phases      ] GC(1) Summary Phase 0.012ms
[3.971s][info][gc,phases,start] GC(1) Adjust Roots
[3.974s][info][gc,phases      ] GC(1) Adjust Roots 2.312ms
[3.974s][info][gc,phases,start] GC(1) Compaction Phase
[3.978s][info][gc,phases      ] GC(1) Compaction Phase 4.254ms
[3.978s][info][gc,phases,start] GC(1) Post Compact
[3.979s][info][gc,phases      ] GC(1) Post Compact 1.223ms
[3.979s][info][gc,heap        ] GC(1) PSYoungGen: 9140K(611840K)->0K(611840K) Eden: 0K(524800K)->0K(524800K) From: 9140K(87040K)->0K(87040K)
[3.979s][info][gc,heap        ] GC(1) ParOldGen: 16K(1398272K)->8991K(1398272K)
[3.979s][info][gc,metaspace   ] GC(1) Metaspace: 21238K(21504K)->21238K(21504K) NonClass: 18573K(18688K)->18573K(18688K) Class: 2664K(2816K)->2664K(2816K)
[3.979s][info][gc             ] GC(1) Pause Full (Metadata GC Threshold) 8M->8M(1963M) 12.648ms
[3.979s][info][gc,cpu         ] GC(1) User=0.02s Sys=0.00s Real=0.02s
[4.774s][info][gc,start       ] GC(2) Pause Young (Metadata GC Threshold)
[4.778s][info][gc,heap        ] GC(2) PSYoungGen: 97088K(611840K)->3840K(611840K) Eden: 97088K(524800K)->0K(524800K) From: 0K(87040K)->3840K(87040K)
[4.778s][info][gc,heap        ] GC(2) ParOldGen: 8991K(1398272K)->8999K(1398272K)
[4.778s][info][gc,metaspace   ] GC(2) Metaspace: 35438K(35840K)->35438K(35840K) NonClass: 30673K(30848K)->30673K(30848K) Class: 4764K(4992K)->4764K(4992K)
[4.778s][info][gc             ] GC(2) Pause Young (Metadata GC Threshold) 103M->12M(1963M) 3.202ms
[4.778s][info][gc,cpu         ] GC(2) User=0.00s Sys=0.00s Real=0.00s
[4.778s][info][gc,start       ] GC(3) Pause Full (Metadata GC Threshold)
[4.778s][info][gc,phases,start] GC(3) Marking Phase
[4.785s][info][gc,phases      ] GC(3) Marking Phase 7.064ms
[4.785s][info][gc,phases,start] GC(3) Summary Phase
[4.785s][info][gc,phases      ] GC(3) Summary Phase 0.010ms
[4.785s][info][gc,phases,start] GC(3) Adjust Roots
[4.788s][info][gc,phases      ] GC(3) Adjust Roots 3.462ms
[4.788s][info][gc,phases,start] GC(3) Compaction Phase
[4.795s][info][gc,phases      ] GC(3) Compaction Phase 6.800ms
[4.795s][info][gc,phases,start] GC(3) Post Compact
[4.796s][info][gc,phases      ] GC(3) Post Compact 0.688ms
[4.796s][info][gc,heap        ] GC(3) PSYoungGen: 3840K(611840K)->0K(611840K) Eden: 0K(524800K)->0K(524800K) From: 3840K(87040K)->0K(87040K)
[4.796s][info][gc,heap        ] GC(3) ParOldGen: 8999K(1398272K)->12489K(1398272K)
[4.796s][info][gc,metaspace   ] GC(3) Metaspace: 35438K(35840K)->35438K(35840K) NonClass: 30673K(30848K)->30673K(30848K) Class: 4764K(4992K)->4764K(4992K)
[4.796s][info][gc             ] GC(3) Pause Full (Metadata GC Threshold) 12M->12M(1963M) 18.377ms
[4.796s][info][gc,cpu         ] GC(3) User=0.02s Sys=0.00s Real=0.02s
[5.342s][info][gc,start       ] GC(4) Pause Young (System.gc())
[5.344s][info][gc,heap        ] GC(4) PSYoungGen: 113895K(611840K)->4656K(611840K) Eden: 113895K(524800K)->0K(524800K) From: 0K(87040K)->4656K(87040K)
[5.344s][info][gc,heap        ] GC(4) ParOldGen: 12489K(1398272K)->12497K(1398272K)
[5.344s][info][gc,metaspace   ] GC(4) Metaspace: 45069K(45504K)->45069K(45504K) NonClass: 38901K(39168K)->38901K(39168K) Class: 6167K(6336K)->6167K(6336K)
[5.344s][info][gc             ] GC(4) Pause Young (System.gc()) 123M->16M(1963M) 2.365ms
[5.344s][info][gc,cpu         ] GC(4) User=0.00s Sys=0.00s Real=0.00s
[5.344s][info][gc,start       ] GC(5) Pause Full (System.gc())
[5.344s][info][gc,phases,start] GC(5) Marking Phase
[5.354s][info][gc,phases      ] GC(5) Marking Phase 9.073ms
[5.354s][info][gc,phases,start] GC(5) Summary Phase
[5.354s][info][gc,phases      ] GC(5) Summary Phase 0.010ms
[5.354s][info][gc,phases,start] GC(5) Adjust Roots
[5.357s][info][gc,phases      ] GC(5) Adjust Roots 3.114ms
[5.357s][info][gc,phases,start] GC(5) Compaction Phase
[5.364s][info][gc,phases      ] GC(5) Compaction Phase 7.063ms
[5.364s][info][gc,phases,start] GC(5) Post Compact
[5.364s][info][gc,phases      ] GC(5) Post Compact 0.522ms
[5.364s][info][gc,heap        ] GC(5) PSYoungGen: 4656K(611840K)->0K(611840K) Eden: 0K(524800K)->0K(524800K) From: 4656K(87040K)->0K(87040K)
[5.364s][info][gc,heap        ] GC(5) ParOldGen: 12497K(1398272K)->16865K(1398272K)
[5.364s][info][gc,metaspace   ] GC(5) Metaspace: 45069K(45504K)->45069K(45504K) NonClass: 38901K(39168K)->38901K(39168K) Class: 6167K(6336K)->6167K(6336K)
[5.364s][info][gc             ] GC(5) Pause Full (System.gc()) 16M->16M(1963M) 20.038ms
[5.364s][info][gc,cpu         ] GC(5) User=0.02s Sys=0.00s Real=0.02s
[8.739s][info][gc,start       ] GC(6) Pause Young (Allocation Failure)
[8.746s][info][gc,heap        ] GC(6) PSYoungGen: 524800K(611840K)->9440K(611840K) Eden: 524800K(524800K)->0K(524800K) From: 0K(87040K)->9440K(87040K)
[8.746s][info][gc,heap        ] GC(6) ParOldGen: 16865K(1398272K)->16873K(1398272K)
[8.746s][info][gc,metaspace   ] GC(6) Metaspace: 49903K(50432K)->49903K(50432K) NonClass: 43414K(43712K)->43414K(43712K) Class: 6488K(6720K)->6488K(6720K)
[8.746s][info][gc             ] GC(6) Pause Young (Allocation Failure) 528M->25M(1963M) 6.769ms
[8.746s][info][gc,cpu         ] GC(6) User=0.00s Sys=0.00s Real=0.00s
[10.755s][info][gc,start       ] GC(7) Pause Young (Allocation Failure)
[10.758s][info][gc,heap        ] GC(7) PSYoungGen: 534240K(611840K)->8128K(611840K) Eden: 524800K(524800K)->0K(524800K) From: 9440K(87040K)->8128K(87040K)
[10.758s][info][gc,heap        ] GC(7) ParOldGen: 16873K(1398272K)->16881K(1398272K)
[10.758s][info][gc,metaspace   ] GC(7) Metaspace: 50053K(50560K)->50053K(50560K) NonClass: 43550K(43840K)->43550K(43840K) Class: 6503K(6720K)->6503K(6720K)
[10.758s][info][gc             ] GC(7) Pause Young (Allocation Failure) 538M->24M(1963M) 3.272ms
[10.758s][info][gc,cpu         ] GC(7) User=0.00s Sys=0.00s Real=0.00s
[12.186s][info][gc,start       ] GC(8) Pause Young (Allocation Failure)
[12.191s][info][gc,heap        ] GC(8) PSYoungGen: 532928K(611840K)->7360K(687616K) Eden: 524800K(524800K)->0K(600576K) From: 8128K(87040K)->7360K(87040K)
[12.191s][info][gc,heap        ] GC(8) ParOldGen: 16881K(1398272K)->16889K(1398272K)
[12.191s][info][gc,metaspace   ] GC(8) Metaspace: 50142K(50688K)->50142K(50688K) NonClass: 43637K(43904K)->43637K(43904K) Class: 6505K(6784K)->6505K(6784K)
[12.191s][info][gc             ] GC(8) Pause Young (Allocation Failure) 536M->23M(2037M) 5.432ms
[12.191s][info][gc,cpu         ] GC(8) User=0.05s Sys=0.00s Real=0.00s
[13.335s][info][gc,start       ] GC(9) Pause Young (Allocation Failure)
[13.339s][info][gc,heap        ] GC(9) PSYoungGen: 607936K(687616K)->7488K(611840K) Eden: 600576K(600576K)->0K(600576K) From: 7360K(87040K)->7488K(11264K)
[13.339s][info][gc,heap        ] GC(9) ParOldGen: 16889K(1398272K)->16897K(1398272K)
[13.339s][info][gc,metaspace   ] GC(9) Metaspace: 50160K(50688K)->50160K(50688K) NonClass: 43654K(43904K)->43654K(43904K) Class: 6505K(6784K)->6505K(6784K)
[13.339s][info][gc             ] GC(9) Pause Young (Allocation Failure) 610M->23M(1963M) 3.726ms
[13.339s][info][gc,cpu         ] GC(9) User=0.00s Sys=0.00s Real=0.00s
[14.251s][info][gc,start       ] GC(10) Pause Young (Allocation Failure)
[14.255s][info][gc,heap        ] GC(10) PSYoungGen: 608064K(611840K)->6368K(688128K) Eden: 600576K(600576K)->0K(677376K) From: 7488K(11264K)->6368K(10752K)
[14.255s][info][gc,heap        ] GC(10) ParOldGen: 16897K(1398272K)->16905K(1398272K)
[14.255s][info][gc,metaspace   ] GC(10) Metaspace: 50350K(50880K)->50350K(50880K) NonClass: 43821K(44096K)->43821K(44096K) Class: 6528K(6784K)->6528K(6784K)
[14.255s][info][gc             ] GC(10) Pause Young (Allocation Failure) 610M->22M(2037M) 3.757ms
[14.255s][info][gc,cpu         ] GC(10) User=0.00s Sys=0.00s Real=0.00s
[14.450s][info][gc,start       ] GC(11) Pause Young (System.gc())
[14.454s][info][gc,heap        ] GC(11) PSYoungGen: 178787K(688128K)->2784K(680448K) Eden: 172419K(677376K)->0K(677376K) From: 6368K(10752K)->2784K(3072K)
[14.455s][info][gc,heap        ] GC(11) ParOldGen: 16905K(1398272K)->21414K(1398272K)
[14.455s][info][gc,metaspace   ] GC(11) Metaspace: 50390K(50944K)->50390K(50944K) NonClass: 43858K(44160K)->43858K(44160K) Class: 6531K(6784K)->6531K(6784K)
[14.455s][info][gc             ] GC(11) Pause Young (System.gc()) 191M->23M(2030M) 5.026ms
[14.455s][info][gc,cpu         ] GC(11) User=0.02s Sys=0.00s Real=0.02s
[14.455s][info][gc,start       ] GC(12) Pause Full (System.gc())
[14.455s][info][gc,phases,start] GC(12) Marking Phase
[14.483s][info][gc,phases      ] GC(12) Marking Phase 27.967ms
[14.483s][info][gc,phases,start] GC(12) Summary Phase
[14.483s][info][gc,phases      ] GC(12) Summary Phase 0.009ms
[14.483s][info][gc,phases,start] GC(12) Adjust Roots
[14.493s][info][gc,phases      ] GC(12) Adjust Roots 10.287ms
[14.493s][info][gc,phases,start] GC(12) Compaction Phase
[14.501s][info][gc,phases      ] GC(12) Compaction Phase 7.659ms
[14.501s][info][gc,phases,start] GC(12) Post Compact
[14.501s][info][gc,phases      ] GC(12) Post Compact 0.647ms
[14.501s][info][gc,heap        ] GC(12) PSYoungGen: 2784K(680448K)->0K(680448K) Eden: 0K(677376K)->0K(677376K) From: 2784K(3072K)->0K(3072K)
[14.501s][info][gc,heap        ] GC(12) ParOldGen: 21414K(1398272K)->21719K(1398272K)
[14.501s][info][gc,metaspace   ] GC(12) Metaspace: 50390K(50944K)->50342K(50944K) NonClass: 43858K(44160K)->43824K(44160K) Class: 6531K(6784K)->6518K(6784K)
[14.501s][info][gc             ] GC(12) Pause Full (System.gc()) 23M->21M(2030M) 46.860ms
[14.501s][info][gc,cpu         ] GC(12) User=0.03s Sys=0.00s Real=0.05s
[15.434s][info][gc,start       ] GC(13) Pause Young (Allocation Failure)
[15.438s][info][gc,heap        ] GC(13) PSYoungGen: 677376K(680448K)->5472K(688128K) Eden: 677376K(677376K)->0K(676864K) From: 0K(3072K)->5472K(11264K)
[15.438s][info][gc,heap        ] GC(13) ParOldGen: 21719K(1398272K)->21727K(1398272K)
[15.438s][info][gc,metaspace   ] GC(13) Metaspace: 50856K(51392K)->50856K(51392K) NonClass: 44310K(44608K)->44310K(44608K) Class: 6546K(6784K)->6546K(6784K)
[15.438s][info][gc             ] GC(13) Pause Young (Allocation Failure) 682M->26M(2037M) 4.165ms
[15.438s][info][gc,cpu         ] GC(13) User=0.02s Sys=0.00s Real=0.00s
[16.137s][info][gc,start       ] GC(14) Pause Young (Allocation Failure)
[16.140s][info][gc,heap        ] GC(14) PSYoungGen: 682336K(688128K)->5728K(687616K) Eden: 676864K(676864K)->0K(676864K) From: 5472K(11264K)->5728K(10752K)
[16.140s][info][gc,heap        ] GC(14) ParOldGen: 21727K(1398272K)->21735K(1398272K)
[16.140s][info][gc,metaspace   ] GC(14) Metaspace: 50884K(51392K)->50884K(51392K) NonClass: 44337K(44608K)->44337K(44608K) Class: 6546K(6784K)->6546K(6784K)
[16.140s][info][gc             ] GC(14) Pause Young (Allocation Failure) 687M->26M(2037M) 2.754ms
[16.140s][info][gc,cpu         ] GC(14) User=0.00s Sys=0.00s Real=0.00s
[16.786s][info][gc,start       ] GC(15) Pause Young (Allocation Failure)
[16.789s][info][gc,heap        ] GC(15) PSYoungGen: 682592K(687616K)->1216K(687104K) Eden: 676864K(676864K)->0K(676352K) From: 5728K(10752K)->1216K(10752K)
[16.789s][info][gc,heap        ] GC(15) ParOldGen: 21735K(1398272K)->25495K(1398272K)
[16.789s][info][gc,metaspace   ] GC(15) Metaspace: 50893K(51392K)->50893K(51392K) NonClass: 44346K(44608K)->44346K(44608K) Class: 6546K(6784K)->6546K(6784K)
[16.789s][info][gc             ] GC(15) Pause Young (Allocation Failure) 687M->26M(2036M) 2.999ms
[16.789s][info][gc,cpu         ] GC(15) User=0.00s Sys=0.00s Real=0.00s
[17.442s][info][gc,start       ] GC(16) Pause Young (System.gc())
[17.445s][info][gc,heap        ] GC(16) PSYoungGen: 644584K(687104K)->3232K(687616K) Eden: 643368K(676352K)->0K(676352K) From: 1216K(10752K)->3232K(11264K)
[17.445s][info][gc,heap        ] GC(16) ParOldGen: 25495K(1398272K)->25631K(1398272K)
[17.445s][info][gc,metaspace   ] GC(16) Metaspace: 50945K(51456K)->50945K(51456K) NonClass: 44398K(44672K)->44398K(44672K) Class: 6546K(6784K)->6546K(6784K)
[17.445s][info][gc             ] GC(16) Pause Young (System.gc()) 654M->28M(2037M) 2.503ms
[17.445s][info][gc,cpu         ] GC(16) User=0.00s Sys=0.00s Real=0.00s
[17.445s][info][gc,start       ] GC(17) Pause Full (System.gc())
[17.445s][info][gc,phases,start] GC(17) Marking Phase
[17.478s][info][gc,phases      ] GC(17) Marking Phase 32.968ms
[17.478s][info][gc,phases,start] GC(17) Summary Phase
[17.478s][info][gc,phases      ] GC(17) Summary Phase 0.009ms
[17.478s][info][gc,phases,start] GC(17) Adjust Roots
[17.486s][info][gc,phases      ] GC(17) Adjust Roots 7.865ms
[17.486s][info][gc,phases,start] GC(17) Compaction Phase
[17.492s][info][gc,phases      ] GC(17) Compaction Phase 6.103ms
[17.492s][info][gc,phases,start] GC(17) Post Compact
[17.493s][info][gc,phases      ] GC(17) Post Compact 0.691ms
[17.493s][info][gc,heap        ] GC(17) PSYoungGen: 3232K(687616K)->0K(687616K) Eden: 0K(676352K)->0K(676352K) From: 3232K(11264K)->0K(11264K)
[17.493s][info][gc,heap        ] GC(17) ParOldGen: 25631K(1398272K)->22877K(1398272K)
[17.493s][info][gc,metaspace   ] GC(17) Metaspace: 50945K(51456K)->50892K(51456K) NonClass: 44398K(44672K)->44361K(44672K) Class: 6546K(6784K)->6530K(6784K)
[17.493s][info][gc             ] GC(17) Pause Full (System.gc()) 28M->22M(2037M) 47.897ms
[17.493s][info][gc,cpu         ] GC(17) User=0.02s Sys=0.00s Real=0.05s
[18.403s][info][gc,start       ] GC(18) Pause Young (Allocation Failure)
[18.406s][info][gc,heap        ] GC(18) PSYoungGen: 676352K(687616K)->4576K(688128K) Eden: 676352K(676352K)->0K(676864K) From: 0K(11264K)->4576K(11264K)
[18.406s][info][gc,heap        ] GC(18) ParOldGen: 22877K(1398272K)->22885K(1398272K)
[18.406s][info][gc,metaspace   ] GC(18) Metaspace: 51118K(51648K)->51118K(51648K) NonClass: 44587K(44864K)->44587K(44864K) Class: 6530K(6784K)->6530K(6784K)
[18.406s][info][gc             ] GC(18) Pause Young (Allocation Failure) 682M->26M(2037M) 2.786ms
[18.406s][info][gc,cpu         ] GC(18) User=0.00s Sys=0.00s Real=0.00s
[19.035s][info][gc,start       ] GC(19) Pause Young (Allocation Failure)
[19.038s][info][gc,heap        ] GC(19) PSYoungGen: 681440K(688128K)->1216K(687616K) Eden: 676864K(676864K)->0K(676864K) From: 4576K(11264K)->1216K(10752K)
[19.038s][info][gc,heap        ] GC(19) ParOldGen: 22885K(1398272K)->26461K(1398272K)
[19.038s][info][gc,metaspace   ] GC(19) Metaspace: 51118K(51648K)->51118K(51648K) NonClass: 44588K(44864K)->44588K(44864K) Class: 6530K(6784K)->6530K(6784K)
[19.038s][info][gc             ] GC(19) Pause Young (Allocation Failure) 687M->27M(2037M) 2.895ms
[19.038s][info][gc,cpu         ] GC(19) User=0.00s Sys=0.00s Real=0.00s
[19.727s][info][gc,start       ] GC(20) Pause Young (Allocation Failure)
[19.728s][info][gc,heap        ] GC(20) PSYoungGen: 678080K(687616K)->1312K(687104K) Eden: 676864K(676864K)->0K(676352K) From: 1216K(10752K)->1312K(10752K)
[19.728s][info][gc,heap        ] GC(20) ParOldGen: 26461K(1398272K)->26565K(1398272K)
[19.728s][info][gc,metaspace   ] GC(20) Metaspace: 51140K(51648K)->51140K(51648K) NonClass: 44609K(44864K)->44609K(44864K) Class: 6530K(6784K)->6530K(6784K)
[19.728s][info][gc             ] GC(20) Pause Young (Allocation Failure) 688M->27M(2036M) 1.249ms
[19.728s][info][gc,cpu         ] GC(20) User=0.00s Sys=0.00s Real=0.00s
[20.283s][info][gc,start       ] GC(21) Pause Young (System.gc())
[20.286s][info][gc,heap        ] GC(21) PSYoungGen: 539083K(687104K)->3168K(687616K) Eden: 537771K(676352K)->0K(676352K) From: 1312K(10752K)->3168K(11264K)
[20.286s][info][gc,heap        ] GC(21) ParOldGen: 26565K(1398272K)->26765K(1398272K)
[20.286s][info][gc,metaspace   ] GC(21) Metaspace: 51198K(51712K)->51198K(51712K) NonClass: 44667K(44928K)->44667K(44928K) Class: 6530K(6784K)->6530K(6784K)
[20.286s][info][gc             ] GC(21) Pause Young (System.gc()) 552M->29M(2037M) 2.659ms
[20.286s][info][gc,cpu         ] GC(21) User=0.00s Sys=0.00s Real=0.00s
[20.286s][info][gc,start       ] GC(22) Pause Full (System.gc())
[20.286s][info][gc,phases,start] GC(22) Marking Phase
[20.308s][info][gc,phases      ] GC(22) Marking Phase 22.528ms
[20.308s][info][gc,phases,start] GC(22) Summary Phase
[20.308s][info][gc,phases      ] GC(22) Summary Phase 0.010ms
[20.308s][info][gc,phases,start] GC(22) Adjust Roots
[20.316s][info][gc,phases      ] GC(22) Adjust Roots 7.677ms
[20.316s][info][gc,phases,start] GC(22) Compaction Phase
[20.321s][info][gc,phases      ] GC(22) Compaction Phase 5.081ms
[20.321s][info][gc,phases,start] GC(22) Post Compact
[20.322s][info][gc,phases      ] GC(22) Post Compact 0.467ms
[20.322s][info][gc,heap        ] GC(22) PSYoungGen: 3168K(687616K)->0K(687616K) Eden: 0K(676352K)->0K(676352K) From: 3168K(11264K)->0K(11264K)
[20.322s][info][gc,heap        ] GC(22) ParOldGen: 26765K(1398272K)->22832K(1398272K)
[20.322s][info][gc,metaspace   ] GC(22) Metaspace: 51198K(51712K)->51198K(51712K) NonClass: 44667K(44928K)->44667K(44928K) Class: 6530K(6784K)->6530K(6784K)
[20.322s][info][gc             ] GC(22) Pause Full (System.gc()) 29M->22M(2037M) 36.018ms
[20.322s][info][gc,cpu         ] GC(22) User=0.00s Sys=0.00s Real=0.03s
[21.134s][info][gc,start       ] GC(23) Pause Young (Allocation Failure)
[21.137s][info][gc,heap        ] GC(23) PSYoungGen: 676352K(687616K)->5120K(688640K) Eden: 676352K(676352K)->0K(677888K) From: 0K(11264K)->5120K(10752K)
[21.137s][info][gc,heap        ] GC(23) ParOldGen: 22832K(1398272K)->22840K(1398272K)
[21.137s][info][gc,metaspace   ] GC(23) Metaspace: 51524K(52032K)->51524K(52032K) NonClass: 44993K(45248K)->44993K(45248K) Class: 6530K(6784K)->6530K(6784K)
[21.137s][info][gc             ] GC(23) Pause Young (Allocation Failure) 682M->27M(2038M) 3.025ms
[21.137s][info][gc,cpu         ] GC(23) User=0.00s Sys=0.00s Real=0.00s
[21.822s][info][gc,start       ] GC(24) Pause Young (Allocation Failure)
[21.825s][info][gc,heap        ] GC(24) PSYoungGen: 683008K(688640K)->1632K(688128K) Eden: 677888K(677888K)->0K(677888K) From: 5120K(10752K)->1632K(10240K)
[21.825s][info][gc,heap        ] GC(24) ParOldGen: 22840K(1398272K)->26360K(1398272K)
[21.825s][info][gc,metaspace   ] GC(24) Metaspace: 51524K(52032K)->51524K(52032K) NonClass: 44993K(45248K)->44993K(45248K) Class: 6530K(6784K)->6530K(6784K)
[21.825s][info][gc             ] GC(24) Pause Young (Allocation Failure) 689M->27M(2037M) 2.684ms
[21.825s][info][gc,cpu         ] GC(24) User=0.00s Sys=0.00s Real=0.00s
[22.457s][info][gc,start       ] GC(25) Pause Young (Allocation Failure)
[22.459s][info][gc,heap        ] GC(25) PSYoungGen: 679520K(688128K)->2784K(689152K) Eden: 677888K(677888K)->0K(678912K) From: 1632K(10240K)->2784K(10240K)
[22.459s][info][gc,heap        ] GC(25) ParOldGen: 26360K(1398272K)->26464K(1398272K)
[22.459s][info][gc,metaspace   ] GC(25) Metaspace: 51527K(52032K)->51527K(52032K) NonClass: 44996K(45248K)->44996K(45248K) Class: 6530K(6784K)->6530K(6784K)
[22.459s][info][gc             ] GC(25) Pause Young (Allocation Failure) 689M->28M(2038M) 1.740ms
[22.459s][info][gc,cpu         ] GC(25) User=0.00s Sys=0.00s Real=0.00s
[22.932s][info][gc,start       ] GC(26) Pause Young (System.gc())
[22.934s][info][gc,heap        ] GC(26) PSYoungGen: 474727K(689152K)->3232K(688640K) Eden: 471943K(678912K)->0K(678912K) From: 2784K(10240K)->3232K(9728K)
[22.934s][info][gc,heap        ] GC(26) ParOldGen: 26464K(1398272K)->26568K(1398272K)
[22.934s][info][gc,metaspace   ] GC(26) Metaspace: 51551K(52096K)->51551K(52096K) NonClass: 45020K(45312K)->45020K(45312K) Class: 6530K(6784K)->6530K(6784K)
[22.934s][info][gc             ] GC(26) Pause Young (System.gc()) 489M->29M(2038M) 2.209ms
[22.934s][info][gc,cpu         ] GC(26) User=0.00s Sys=0.00s Real=0.00s
[22.934s][info][gc,start       ] GC(27) Pause Full (System.gc())
[22.934s][info][gc,phases,start] GC(27) Marking Phase
[22.953s][info][gc,phases      ] GC(27) Marking Phase 18.628ms
[22.953s][info][gc,phases,start] GC(27) Summary Phase
[22.953s][info][gc,phases      ] GC(27) Summary Phase 0.009ms
[22.953s][info][gc,phases,start] GC(27) Adjust Roots
[22.961s][info][gc,phases      ] GC(27) Adjust Roots 7.993ms
[22.961s][info][gc,phases,start] GC(27) Compaction Phase
[22.967s][info][gc,phases      ] GC(27) Compaction Phase 6.019ms
[22.967s][info][gc,phases,start] GC(27) Post Compact
[22.967s][info][gc,phases      ] GC(27) Post Compact 0.473ms
[22.967s][info][gc,heap        ] GC(27) PSYoungGen: 3232K(688640K)->0K(688640K) Eden: 0K(678912K)->0K(678912K) From: 3232K(9728K)->0K(9728K)
[22.967s][info][gc,heap        ] GC(27) ParOldGen: 26568K(1398272K)->22817K(1398272K)
[22.967s][info][gc,metaspace   ] GC(27) Metaspace: 51551K(52096K)->51551K(52096K) NonClass: 45020K(45312K)->45020K(45312K) Class: 6530K(6784K)->6530K(6784K)
[22.967s][info][gc             ] GC(27) Pause Full (System.gc()) 29M->22M(2038M) 33.373ms
[22.967s][info][gc,cpu         ] GC(27) User=0.00s Sys=0.00s Real=0.03s
[23.812s][info][gc,start       ] GC(28) Pause Young (Allocation Failure)
[23.815s][info][gc,heap        ] GC(28) PSYoungGen: 678912K(688640K)->6208K(689152K) Eden: 678912K(678912K)->0K(679424K) From: 0K(9728K)->6208K(9728K)
[23.815s][info][gc,heap        ] GC(28) ParOldGen: 22817K(1398272K)->22825K(1398272K)
[23.815s][info][gc,metaspace   ] GC(28) Metaspace: 51626K(52096K)->51626K(52096K) NonClass: 45095K(45312K)->45095K(45312K) Class: 6530K(6784K)->6530K(6784K)
[23.815s][info][gc             ] GC(28) Pause Young (Allocation Failure) 685M->28M(2038M) 3.514ms
[23.815s][info][gc,cpu         ] GC(28) User=0.00s Sys=0.00s Real=0.00s
[24.451s][info][gc,start       ] GC(29) Pause Young (Allocation Failure)
[24.454s][info][gc,heap        ] GC(29) PSYoungGen: 685632K(689152K)->1632K(689152K) Eden: 679424K(679424K)->0K(679424K) From: 6208K(9728K)->1632K(9728K)
[24.454s][info][gc,heap        ] GC(29) ParOldGen: 22825K(1398272K)->26417K(1398272K)
[24.454s][info][gc,metaspace   ] GC(29) Metaspace: 51629K(52096K)->51629K(52096K) NonClass: 45099K(45312K)->45099K(45312K) Class: 6530K(6784K)->6530K(6784K)
[24.454s][info][gc             ] GC(29) Pause Young (Allocation Failure) 691M->27M(2038M) 2.820ms
[24.454s][info][gc,cpu         ] GC(29) User=0.00s Sys=0.00s Real=0.00s
[25.075s][info][gc,start       ] GC(30) Pause Young (Allocation Failure)
[25.076s][info][gc,heap        ] GC(30) PSYoungGen: 681056K(689152K)->1216K(689152K) Eden: 679424K(679424K)->0K(679424K) From: 1632K(9728K)->1216K(9728K)
[25.076s][info][gc,heap        ] GC(30) ParOldGen: 26417K(1398272K)->26521K(1398272K)
[25.076s][info][gc,metaspace   ] GC(30) Metaspace: 51629K(52096K)->51629K(52096K) NonClass: 45099K(45312K)->45099K(45312K) Class: 6530K(6784K)->6530K(6784K)
[25.076s][info][gc             ] GC(30) Pause Young (Allocation Failure) 690M->27M(2038M) 1.194ms
[25.076s][info][gc,cpu         ] GC(30) User=0.00s Sys=0.00s Real=0.00s
[25.508s][info][gc,start       ] GC(31) Pause Young (System.gc())
[25.511s][info][gc,heap        ] GC(31) PSYoungGen: 424696K(689152K)->3168K(689152K) Eden: 423480K(679424K)->0K(679424K) From: 1216K(9728K)->3168K(9728K)
[25.511s][info][gc,heap        ] GC(31) ParOldGen: 26521K(1398272K)->26649K(1398272K)
[25.511s][info][gc,metaspace   ] GC(31) Metaspace: 51658K(52160K)->51658K(52160K) NonClass: 45128K(45376K)->45128K(45376K) Class: 6530K(6784K)->6530K(6784K)
[25.511s][info][gc             ] GC(31) Pause Young (System.gc()) 440M->29M(2038M) 3.098ms
[25.511s][info][gc,cpu         ] GC(31) User=0.00s Sys=0.00s Real=0.00s
[25.511s][info][gc,start       ] GC(32) Pause Full (System.gc())
[25.511s][info][gc,phases,start] GC(32) Marking Phase
[25.531s][info][gc,phases      ] GC(32) Marking Phase 19.597ms
[25.531s][info][gc,phases,start] GC(32) Summary Phase
[25.531s][info][gc,phases      ] GC(32) Summary Phase 0.009ms
[25.531s][info][gc,phases,start] GC(32) Adjust Roots
[25.539s][info][gc,phases      ] GC(32) Adjust Roots 8.299ms
[25.539s][info][gc,phases,start] GC(32) Compaction Phase
[25.546s][info][gc,phases      ] GC(32) Compaction Phase 6.814ms
[25.546s][info][gc,phases,start] GC(32) Post Compact
[25.546s][info][gc,phases      ] GC(32) Post Compact 0.555ms
[25.547s][info][gc,heap        ] GC(32) PSYoungGen: 3168K(689152K)->0K(689152K) Eden: 0K(679424K)->0K(679424K) From: 3168K(9728K)->0K(9728K)
[25.547s][info][gc,heap        ] GC(32) ParOldGen: 26649K(1398272K)->23503K(1398272K)
[25.547s][info][gc,metaspace   ] GC(32) Metaspace: 51658K(52160K)->51658K(52160K) NonClass: 45128K(45376K)->45128K(45376K) Class: 6530K(6784K)->6530K(6784K)
[25.547s][info][gc             ] GC(32) Pause Full (System.gc()) 29M->22M(2038M) 35.583ms
[25.547s][info][gc,cpu         ] GC(32) User=0.00s Sys=0.00s Real=0.03s
[26.413s][info][gc,start       ] GC(33) Pause Young (Allocation Failure)
[26.416s][info][gc,heap        ] GC(33) PSYoungGen: 679424K(689152K)->5152K(689664K) Eden: 679424K(679424K)->0K(680448K) From: 0K(9728K)->5152K(9216K)
[26.416s][info][gc,heap        ] GC(33) ParOldGen: 23503K(1398272K)->23511K(1398272K)
[26.416s][info][gc,metaspace   ] GC(33) Metaspace: 51772K(52224K)->51772K(52224K) NonClass: 45241K(45440K)->45241K(45440K) Class: 6531K(6784K)->6531K(6784K)
[26.416s][info][gc             ] GC(33) Pause Young (Allocation Failure) 686M->27M(2039M) 3.121ms
[26.416s][info][gc,cpu         ] GC(33) User=0.00s Sys=0.00s Real=0.00s
[27.055s][info][gc,start       ] GC(34) Pause Young (Allocation Failure)
[27.058s][info][gc,heap        ] GC(34) PSYoungGen: 685600K(689664K)->1216K(689664K) Eden: 680448K(680448K)->0K(680448K) From: 5152K(9216K)->1216K(9216K)
[27.058s][info][gc,heap        ] GC(34) ParOldGen: 23511K(1398272K)->27063K(1398272K)
[27.058s][info][gc,metaspace   ] GC(34) Metaspace: 51783K(52288K)->51783K(52288K) NonClass: 45252K(45504K)->45252K(45504K) Class: 6531K(6784K)->6531K(6784K)
[27.058s][info][gc             ] GC(34) Pause Young (Allocation Failure) 692M->27M(2039M) 2.710ms
[27.058s][info][gc,cpu         ] GC(34) User=0.00s Sys=0.00s Real=0.00s
[27.722s][info][gc,start       ] GC(35) Pause Young (Allocation Failure)
[27.724s][info][gc,heap        ] GC(35) PSYoungGen: 681664K(689664K)->3072K(690176K) Eden: 680448K(680448K)->0K(680960K) From: 1216K(9216K)->3072K(9216K)
[27.724s][info][gc,heap        ] GC(35) ParOldGen: 27063K(1398272K)->27143K(1398272K)
[27.724s][info][gc,metaspace   ] GC(35) Metaspace: 51783K(52288K)->51783K(52288K) NonClass: 45252K(45504K)->45252K(45504K) Class: 6531K(6784K)->6531K(6784K)
[27.724s][info][gc             ] GC(35) Pause Young (Allocation Failure) 692M->29M(2039M) 1.690ms
[27.724s][info][gc,cpu         ] GC(35) User=0.00s Sys=0.00s Real=0.00s
[28.139s][info][gc,start       ] GC(36) Pause Young (System.gc())
[28.142s][info][gc,heap        ] GC(36) PSYoungGen: 390629K(690176K)->3200K(689664K) Eden: 387557K(680960K)->0K(680960K) From: 3072K(9216K)->3200K(8704K)
[28.143s][info][gc,heap        ] GC(36) ParOldGen: 27143K(1398272K)->27303K(1398272K)
[28.143s][info][gc,metaspace   ] GC(36) Metaspace: 51785K(52288K)->51785K(52288K) NonClass: 45254K(45504K)->45254K(45504K) Class: 6531K(6784K)->6531K(6784K)
[28.143s][info][gc             ] GC(36) Pause Young (System.gc()) 407M->29M(2039M) 3.214ms
[28.143s][info][gc,cpu         ] GC(36) User=0.00s Sys=0.00s Real=0.00s
[28.143s][info][gc,start       ] GC(37) Pause Full (System.gc())
[28.143s][info][gc,phases,start] GC(37) Marking Phase
[28.163s][info][gc,phases      ] GC(37) Marking Phase 20.614ms
[28.163s][info][gc,phases,start] GC(37) Summary Phase
[28.163s][info][gc,phases      ] GC(37) Summary Phase 0.009ms
[28.163s][info][gc,phases,start] GC(37) Adjust Roots
[28.172s][info][gc,phases      ] GC(37) Adjust Roots 8.273ms
[28.172s][info][gc,phases,start] GC(37) Compaction Phase
[28.177s][info][gc,phases      ] GC(37) Compaction Phase 5.532ms
[28.177s][info][gc,phases,start] GC(37) Post Compact
[28.178s][info][gc,phases      ] GC(37) Post Compact 0.478ms
[28.178s][info][gc,heap        ] GC(37) PSYoungGen: 3200K(689664K)->0K(689664K) Eden: 0K(680960K)->0K(680960K) From: 3200K(8704K)->0K(8704K)
[28.178s][info][gc,heap        ] GC(37) ParOldGen: 27303K(1398272K)->23249K(1398272K)
[28.178s][info][gc,metaspace   ] GC(37) Metaspace: 51785K(52288K)->51785K(52288K) NonClass: 45254K(45504K)->45254K(45504K) Class: 6531K(6784K)->6531K(6784K)
[28.178s][info][gc             ] GC(37) Pause Full (System.gc()) 29M->22M(2039M) 35.174ms
[28.178s][info][gc,cpu         ] GC(37) User=0.00s Sys=0.00s Real=0.03s
[28.973s][info][gc,start       ] GC(38) Pause Young (Allocation Failure)
[28.977s][info][gc,heap        ] GC(38) PSYoungGen: 680960K(689664K)->6080K(689664K) Eden: 680960K(680960K)->0K(681472K) From: 0K(8704K)->6080K(8192K)
[28.977s][info][gc,heap        ] GC(38) ParOldGen: 23249K(1398272K)->23257K(1398272K)
[28.977s][info][gc,metaspace   ] GC(38) Metaspace: 51844K(52288K)->51844K(52288K) NonClass: 45312K(45504K)->45312K(45504K) Class: 6531K(6784K)->6531K(6784K)
[28.977s][info][gc             ] GC(38) Pause Young (Allocation Failure) 687M->28M(2039M) 3.450ms
[28.977s][info][gc,cpu         ] GC(38) User=0.00s Sys=0.00s Real=0.00s
[29.629s][info][gc,start       ] GC(39) Pause Young (Allocation Failure)
[29.632s][info][gc,heap        ] GC(39) PSYoungGen: 687552K(689664K)->1312K(690176K) Eden: 681472K(681472K)->0K(681472K) From: 6080K(8192K)->1312K(8704K)
[29.632s][info][gc,heap        ] GC(39) ParOldGen: 23257K(1398272K)->26833K(1398272K)
[29.632s][info][gc,metaspace   ] GC(39) Metaspace: 51844K(52288K)->51844K(52288K) NonClass: 45312K(45504K)->45312K(45504K) Class: 6531K(6784K)->6531K(6784K)
[29.632s][info][gc             ] GC(39) Pause Young (Allocation Failure) 694M->27M(2039M) 2.800ms
[29.632s][info][gc,cpu         ] GC(39) User=0.00s Sys=0.00s Real=0.00s
[30.260s][info][gc,start       ] GC(40) Pause Young (Allocation Failure)
[30.261s][info][gc,heap        ] GC(40) PSYoungGen: 682784K(690176K)->1280K(690176K) Eden: 681472K(681472K)->0K(681472K) From: 1312K(8704K)->1280K(8704K)
[30.261s][info][gc,heap        ] GC(40) ParOldGen: 26833K(1398272K)->26929K(1398272K)
[30.261s][info][gc,metaspace   ] GC(40) Metaspace: 51844K(52288K)->51844K(52288K) NonClass: 45312K(45504K)->45312K(45504K) Class: 6531K(6784K)->6531K(6784K)
[30.261s][info][gc             ] GC(40) Pause Young (Allocation Failure) 692M->27M(2039M) 1.199ms
[30.261s][info][gc,cpu         ] GC(40) User=0.00s Sys=0.00s Real=0.00s
[30.669s][info][gc,start       ] GC(41) Pause Young (System.gc())
[30.671s][info][gc,heap        ] GC(41) PSYoungGen: 373122K(690176K)->3072K(690176K) Eden: 371842K(681472K)->0K(681472K) From: 1280K(8704K)->3072K(8704K)
[30.671s][info][gc,heap        ] GC(41) ParOldGen: 26929K(1398272K)->27073K(1398272K)
[30.672s][info][gc,metaspace   ] GC(41) Metaspace: 51868K(52352K)->51868K(52352K) NonClass: 45337K(45568K)->45337K(45568K) Class: 6531K(6784K)->6531K(6784K)
[30.672s][info][gc             ] GC(41) Pause Young (System.gc()) 390M->29M(2039M) 2.746ms
[30.672s][info][gc,cpu         ] GC(41) User=0.00s Sys=0.00s Real=0.00s
[30.672s][info][gc,start       ] GC(42) Pause Full (System.gc())
[30.672s][info][gc,phases,start] GC(42) Marking Phase
[30.693s][info][gc,phases      ] GC(42) Marking Phase 21.319ms
[30.693s][info][gc,phases,start] GC(42) Summary Phase
[30.693s][info][gc,phases      ] GC(42) Summary Phase 0.009ms
[30.693s][info][gc,phases,start] GC(42) Adjust Roots
[30.702s][info][gc,phases      ] GC(42) Adjust Roots 8.536ms
[30.702s][info][gc,phases,start] GC(42) Compaction Phase
[30.708s][info][gc,phases      ] GC(42) Compaction Phase 6.777ms
[30.708s][info][gc,phases,start] GC(42) Post Compact
[30.709s][info][gc,phases      ] GC(42) Post Compact 0.505ms
[30.709s][info][gc,heap        ] GC(42) PSYoungGen: 3072K(690176K)->0K(690176K) Eden: 0K(681472K)->0K(681472K) From: 3072K(8704K)->0K(8704K)
[30.709s][info][gc,heap        ] GC(42) ParOldGen: 27073K(1398272K)->24660K(1398272K)
[30.709s][info][gc,metaspace   ] GC(42) Metaspace: 51868K(52352K)->51868K(52352K) NonClass: 45337K(45568K)->45337K(45568K) Class: 6531K(6784K)->6531K(6784K)
[30.709s][info][gc             ] GC(42) Pause Full (System.gc()) 29M->24M(2039M) 37.614ms
[30.709s][info][gc,cpu         ] GC(42) User=0.03s Sys=0.00s Real=0.05s
[31.476s][info][gc,start       ] GC(43) Pause Young (Allocation Failure)
[31.479s][info][gc,heap        ] GC(43) PSYoungGen: 681472K(690176K)->5536K(689664K) Eden: 681472K(681472K)->0K(681472K) From: 0K(8704K)->5536K(8192K)
[31.479s][info][gc,heap        ] GC(43) ParOldGen: 24660K(1398272K)->24668K(1398272K)
[31.479s][info][gc,metaspace   ] GC(43) Metaspace: 51901K(52416K)->51901K(52416K) NonClass: 45370K(45632K)->45370K(45632K) Class: 6531K(6784K)->6531K(6784K)
[31.479s][info][gc             ] GC(43) Pause Young (Allocation Failure) 689M->29M(2039M) 3.157ms
[31.479s][info][gc,cpu         ] GC(43) User=0.00s Sys=0.00s Real=0.00s
[32.127s][info][gc,start       ] GC(44) Pause Young (Allocation Failure)
[32.130s][info][gc,heap        ] GC(44) PSYoungGen: 687008K(689664K)->2336K(690176K) Eden: 681472K(681472K)->0K(681472K) From: 5536K(8192K)->2336K(8704K)
[32.130s][info][gc,heap        ] GC(44) ParOldGen: 24668K(1398272K)->28380K(1398272K)
[32.130s][info][gc,metaspace   ] GC(44) Metaspace: 51901K(52416K)->51901K(52416K) NonClass: 45370K(45632K)->45370K(45632K) Class: 6531K(6784K)->6531K(6784K)
[32.130s][info][gc             ] GC(44) Pause Young (Allocation Failure) 694M->29M(2039M) 3.269ms
[32.130s][info][gc,cpu         ] GC(44) User=0.00s Sys=0.00s Real=0.00s
[32.819s][info][gc,start       ] GC(45) Pause Young (Allocation Failure)
[32.820s][info][gc,heap        ] GC(45) PSYoungGen: 683808K(690176K)->1920K(690688K) Eden: 681472K(681472K)->0K(682496K) From: 2336K(8704K)->1920K(8192K)
[32.820s][info][gc,heap        ] GC(45) ParOldGen: 28380K(1398272K)->28460K(1398272K)
[32.820s][info][gc,metaspace   ] GC(45) Metaspace: 51910K(52416K)->51910K(52416K) NonClass: 45379K(45632K)->45379K(45632K) Class: 6531K(6784K)->6531K(6784K)
[32.820s][info][gc             ] GC(45) Pause Young (Allocation Failure) 695M->29M(2040M) 1.424ms
[32.820s][info][gc,cpu         ] GC(45) User=0.00s Sys=0.00s Real=0.00s
[33.147s][info][gc,start       ] GC(46) Pause Young (System.gc())
[33.149s][info][gc,heap        ] GC(46) PSYoungGen: 325391K(690688K)->3072K(690688K) Eden: 323471K(682496K)->0K(682496K) From: 1920K(8192K)->3072K(8192K)
[33.149s][info][gc,heap        ] GC(46) ParOldGen: 28460K(1398272K)->28612K(1398272K)
[33.149s][info][gc,metaspace   ] GC(46) Metaspace: 51912K(52416K)->51912K(52416K) NonClass: 45381K(45632K)->45381K(45632K) Class: 6531K(6784K)->6531K(6784K)
[33.149s][info][gc             ] GC(46) Pause Young (System.gc()) 345M->30M(2040M) 1.989ms
[33.149s][info][gc,cpu         ] GC(46) User=0.00s Sys=0.00s Real=0.00s
[33.149s][info][gc,start       ] GC(47) Pause Full (System.gc())
[33.149s][info][gc,phases,start] GC(47) Marking Phase
[33.172s][info][gc,phases      ] GC(47) Marking Phase 23.142ms
[33.172s][info][gc,phases,start] GC(47) Summary Phase
[33.172s][info][gc,phases      ] GC(47) Summary Phase 0.010ms
[33.172s][info][gc,phases,start] GC(47) Adjust Roots
[33.180s][info][gc,phases      ] GC(47) Adjust Roots 8.280ms
[33.180s][info][gc,phases,start] GC(47) Compaction Phase
[33.187s][info][gc,phases      ] GC(47) Compaction Phase 6.150ms
[33.187s][info][gc,phases,start] GC(47) Post Compact
[33.187s][info][gc,phases      ] GC(47) Post Compact 0.462ms
[33.187s][info][gc,heap        ] GC(47) PSYoungGen: 3072K(690688K)->0K(690688K) Eden: 0K(682496K)->0K(682496K) From: 3072K(8192K)->0K(8192K)
[33.187s][info][gc,heap        ] GC(47) ParOldGen: 28612K(1398272K)->25189K(1398272K)
[33.187s][info][gc,metaspace   ] GC(47) Metaspace: 51912K(52416K)->51912K(52416K) NonClass: 45381K(45632K)->45381K(45632K) Class: 6531K(6784K)->6531K(6784K)
[33.187s][info][gc             ] GC(47) Pause Full (System.gc()) 30M->24M(2040M) 38.328ms
[33.187s][info][gc,cpu         ] GC(47) User=0.05s Sys=0.00s Real=0.05s
[33.971s][info][gc,start       ] GC(48) Pause Young (Allocation Failure)
[33.974s][info][gc,heap        ] GC(48) PSYoungGen: 682496K(690688K)->5088K(691200K) Eden: 682496K(682496K)->0K(683520K) From: 0K(8192K)->5088K(7680K)
[33.974s][info][gc,heap        ] GC(48) ParOldGen: 25189K(1398272K)->25197K(1398272K)
[33.974s][info][gc,metaspace   ] GC(48) Metaspace: 51994K(52480K)->51994K(52480K) NonClass: 45463K(45696K)->45463K(45696K) Class: 6531K(6784K)->6531K(6784K)
[33.974s][info][gc             ] GC(48) Pause Young (Allocation Failure) 691M->29M(2040M) 3.119ms
[33.974s][info][gc,cpu         ] GC(48) User=0.00s Sys=0.00s Real=0.00s
[34.628s][info][gc,start       ] GC(49) Pause Young (Allocation Failure)
[34.634s][info][gc,heap        ] GC(49) PSYoungGen: 688608K(691200K)->2432K(691200K) Eden: 683520K(683520K)->0K(683520K) From: 5088K(7680K)->2432K(7680K)
[34.634s][info][gc,heap        ] GC(49) ParOldGen: 25197K(1398272K)->28949K(1398272K)
[34.634s][info][gc,metaspace   ] GC(49) Metaspace: 51994K(52480K)->51994K(52480K) NonClass: 45463K(45696K)->45463K(45696K) Class: 6531K(6784K)->6531K(6784K)
[34.634s][info][gc             ] GC(49) Pause Young (Allocation Failure) 697M->30M(2040M) 6.225ms
[34.634s][info][gc,cpu         ] GC(49) User=0.00s Sys=0.00s Real=0.00s
[35.265s][info][gc,start       ] GC(50) Pause Young (Allocation Failure)
[35.267s][info][gc,heap        ] GC(50) PSYoungGen: 685952K(691200K)->2432K(691712K) Eden: 683520K(683520K)->0K(684032K) From: 2432K(7680K)->2432K(7680K)
[35.267s][info][gc,heap        ] GC(50) ParOldGen: 28949K(1398272K)->29029K(1398272K)
[35.267s][info][gc,metaspace   ] GC(50) Metaspace: 51994K(52480K)->51994K(52480K) NonClass: 45463K(45696K)->45463K(45696K) Class: 6531K(6784K)->6531K(6784K)
[35.267s][info][gc             ] GC(50) Pause Young (Allocation Failure) 698M->30M(2041M) 1.605ms
[35.267s][info][gc,cpu         ] GC(50) User=0.02s Sys=0.00s Real=0.00s
[35.598s][info][gc,start       ] GC(51) Pause Young (System.gc())
[35.604s][info][gc,heap        ] GC(51) PSYoungGen: 323439K(691712K)->3040K(691200K) Eden: 321007K(684032K)->0K(684032K) From: 2432K(7680K)->3040K(7168K)
[35.604s][info][gc,heap        ] GC(51) ParOldGen: 29029K(1398272K)->29213K(1398272K)
[35.604s][info][gc,metaspace   ] GC(51) Metaspace: 51996K(52480K)->51996K(52480K) NonClass: 45464K(45696K)->45464K(45696K) Class: 6531K(6784K)->6531K(6784K)
[35.604s][info][gc             ] GC(51) Pause Young (System.gc()) 344M->31M(2040M) 6.435ms
[35.604s][info][gc,cpu         ] GC(51) User=0.00s Sys=0.00s Real=0.01s
[35.604s][info][gc,start       ] GC(52) Pause Full (System.gc())
[35.604s][info][gc,phases,start] GC(52) Marking Phase
[35.628s][info][gc,phases      ] GC(52) Marking Phase 23.414ms
[35.628s][info][gc,phases,start] GC(52) Summary Phase
[35.628s][info][gc,phases      ] GC(52) Summary Phase 0.009ms
[35.628s][info][gc,phases,start] GC(52) Adjust Roots
[35.637s][info][gc,phases      ] GC(52) Adjust Roots 9.341ms
[35.637s][info][gc,phases,start] GC(52) Compaction Phase
[35.645s][info][gc,phases      ] GC(52) Compaction Phase 7.477ms
[35.645s][info][gc,phases,start] GC(52) Post Compact
[35.645s][info][gc,phases      ] GC(52) Post Compact 0.498ms
[35.645s][info][gc,heap        ] GC(52) PSYoungGen: 3040K(691200K)->0K(691200K) Eden: 0K(684032K)->0K(684032K) From: 3040K(7168K)->0K(7168K)
[35.645s][info][gc,heap        ] GC(52) ParOldGen: 29213K(1398272K)->25238K(1398272K)
[35.645s][info][gc,metaspace   ] GC(52) Metaspace: 51996K(52480K)->51996K(52480K) NonClass: 45464K(45696K)->45464K(45696K) Class: 6531K(6784K)->6531K(6784K)
[35.645s][info][gc             ] GC(52) Pause Full (System.gc()) 31M->24M(2040M) 41.021ms
[35.645s][info][gc,cpu         ] GC(52) User=0.02s Sys=0.00s Real=0.04s
[36.374s][info][gc,start       ] GC(53) Pause Young (Allocation Failure)
[36.378s][info][gc,heap        ] GC(53) PSYoungGen: 684032K(691200K)->5888K(690688K) Eden: 684032K(684032K)->0K(683520K) From: 0K(7168K)->5888K(7168K)
[36.378s][info][gc,heap        ] GC(53) ParOldGen: 25238K(1398272K)->25246K(1398272K)
[36.378s][info][gc,metaspace   ] GC(53) Metaspace: 52058K(52544K)->52058K(52544K) NonClass: 45527K(45760K)->45527K(45760K) Class: 6531K(6784K)->6531K(6784K)
[36.378s][info][gc             ] GC(53) Pause Young (Allocation Failure) 692M->30M(2040M) 3.246ms
[36.378s][info][gc,cpu         ] GC(53) User=0.00s Sys=0.00s Real=0.00s
[37.053s][info][gc,start       ] GC(54) Pause Young (Allocation Failure)
[37.057s][info][gc,heap        ] GC(54) PSYoungGen: 689408K(690688K)->3328K(691200K) Eden: 683520K(683520K)->0K(683520K) From: 5888K(7168K)->3328K(7680K)
[37.057s][info][gc,heap        ] GC(54) ParOldGen: 25246K(1398272K)->28974K(1398272K)
[37.057s][info][gc,metaspace   ] GC(54) Metaspace: 52058K(52544K)->52058K(52544K) NonClass: 45527K(45760K)->45527K(45760K) Class: 6531K(6784K)->6531K(6784K)
[37.057s][info][gc             ] GC(54) Pause Young (Allocation Failure) 697M->31M(2040M) 3.753ms
[37.057s][info][gc,cpu         ] GC(54) User=0.00s Sys=0.00s Real=0.00s
[37.728s][info][gc,start       ] GC(55) Pause Young (Allocation Failure)
[37.729s][info][gc,heap        ] GC(55) PSYoungGen: 686848K(691200K)->1184K(691712K) Eden: 683520K(683520K)->0K(684544K) From: 3328K(7680K)->1184K(7168K)
[37.729s][info][gc,heap        ] GC(55) ParOldGen: 28974K(1398272K)->29054K(1398272K)
[37.729s][info][gc,metaspace   ] GC(55) Metaspace: 52058K(52544K)->52058K(52544K) NonClass: 45527K(45760K)->45527K(45760K) Class: 6531K(6784K)->6531K(6784K)
[37.729s][info][gc             ] GC(55) Pause Young (Allocation Failure) 699M->29M(2041M) 1.166ms
[37.729s][info][gc,cpu         ] GC(55) User=0.00s Sys=0.00s Real=0.00s
[38.033s][info][gc,start       ] GC(56) Pause Young (System.gc())
[38.036s][info][gc,heap        ] GC(56) PSYoungGen: 299685K(691712K)->3008K(691712K) Eden: 298501K(684544K)->0K(684544K) From: 1184K(7168K)->3008K(7168K)
[38.036s][info][gc,heap        ] GC(56) ParOldGen: 29054K(1398272K)->29254K(1398272K)
[38.036s][info][gc,metaspace   ] GC(56) Metaspace: 52066K(52544K)->52066K(52544K) NonClass: 45535K(45760K)->45535K(45760K) Class: 6531K(6784K)->6531K(6784K)
[38.036s][info][gc             ] GC(56) Pause Young (System.gc()) 321M->31M(2041M) 2.684ms
[38.036s][info][gc,cpu         ] GC(56) User=0.00s Sys=0.00s Real=0.00s
[38.036s][info][gc,start       ] GC(57) Pause Full (System.gc())
[38.036s][info][gc,phases,start] GC(57) Marking Phase
[38.058s][info][gc,phases      ] GC(57) Marking Phase 22.662ms
[38.058s][info][gc,phases,start] GC(57) Summary Phase
[38.058s][info][gc,phases      ] GC(57) Summary Phase 0.010ms
[38.058s][info][gc,phases,start] GC(57) Adjust Roots
[38.068s][info][gc,phases      ] GC(57) Adjust Roots 9.387ms
[38.068s][info][gc,phases,start] GC(57) Compaction Phase
[38.074s][info][gc,phases      ] GC(57) Compaction Phase 5.668ms
[38.074s][info][gc,phases,start] GC(57) Post Compact
[38.074s][info][gc,phases      ] GC(57) Post Compact 0.561ms
[38.074s][info][gc,heap        ] GC(57) PSYoungGen: 3008K(691712K)->0K(691712K) Eden: 0K(684544K)->0K(684544K) From: 3008K(7168K)->0K(7168K)
[38.074s][info][gc,heap        ] GC(57) ParOldGen: 29254K(1398272K)->25244K(1398272K)
[38.074s][info][gc,metaspace   ] GC(57) Metaspace: 52066K(52544K)->52066K(52544K) NonClass: 45535K(45760K)->45535K(45760K) Class: 6531K(6784K)->6531K(6784K)
[38.074s][info][gc             ] GC(57) Pause Full (System.gc()) 31M->24M(2041M) 38.583ms
[38.074s][info][gc,cpu         ] GC(57) User=0.02s Sys=0.00s Real=0.05s
[38.830s][info][gc,start       ] GC(58) Pause Young (Allocation Failure)
[38.832s][info][gc,heap        ] GC(58) PSYoungGen: 684544K(691712K)->4992K(691712K) Eden: 684544K(684544K)->0K(684544K) From: 0K(7168K)->4992K(7168K)
[38.833s][info][gc,heap        ] GC(58) ParOldGen: 25244K(1398272K)->25244K(1398272K)
[38.833s][info][gc,metaspace   ] GC(58) Metaspace: 52083K(52544K)->52083K(52544K) NonClass: 45551K(45760K)->45551K(45760K) Class: 6531K(6784K)->6531K(6784K)
[38.833s][info][gc             ] GC(58) Pause Young (Allocation Failure) 693M->29M(2041M) 2.977ms
[38.833s][info][gc,cpu         ] GC(58) User=0.00s Sys=0.00s Real=0.00s
[39.457s][info][gc,start       ] GC(59) Pause Young (Allocation Failure)
[39.460s][info][gc,heap        ] GC(59) PSYoungGen: 689535K(691712K)->1792K(691712K) Eden: 684543K(684544K)->0K(684544K) From: 4992K(7168K)->1792K(7168K)
[39.460s][info][gc,heap        ] GC(59) ParOldGen: 25244K(1398272K)->29020K(1398272K)
[39.460s][info][gc,metaspace   ] GC(59) Metaspace: 52083K(52544K)->52083K(52544K) NonClass: 45551K(45760K)->45551K(45760K) Class: 6531K(6784K)->6531K(6784K)
[39.460s][info][gc             ] GC(59) Pause Young (Allocation Failure) 698M->30M(2041M) 3.148ms
[39.461s][info][gc,cpu         ] GC(59) User=0.00s Sys=0.00s Real=0.00s
[40.127s][info][gc,start       ] GC(60) Pause Young (Allocation Failure)
[40.128s][info][gc,heap        ] GC(60) PSYoungGen: 686336K(691712K)->1664K(691712K) Eden: 684544K(684544K)->0K(684544K) From: 1792K(7168K)->1664K(7168K)
[40.128s][info][gc,heap        ] GC(60) ParOldGen: 29020K(1398272K)->29100K(1398272K)
[40.128s][info][gc,metaspace   ] GC(60) Metaspace: 52083K(52544K)->52083K(52544K) NonClass: 45552K(45760K)->45552K(45760K) Class: 6531K(6784K)->6531K(6784K)
[40.128s][info][gc             ] GC(60) Pause Young (Allocation Failure) 698M->30M(2041M) 1.410ms
[40.128s][info][gc,cpu         ] GC(60) User=0.00s Sys=0.00s Real=0.00s
[40.427s][info][gc,start       ] GC(61) Pause Young (System.gc())
[40.429s][info][gc,heap        ] GC(61) PSYoungGen: 289543K(691712K)->2976K(691712K) Eden: 287879K(684544K)->0K(684544K) From: 1664K(7168K)->2976K(7168K)
[40.429s][info][gc,heap        ] GC(61) ParOldGen: 29100K(1398272K)->29340K(1398272K)
[40.429s][info][gc,metaspace   ] GC(61) Metaspace: 52083K(52544K)->52083K(52544K) NonClass: 45552K(45760K)->45552K(45760K) Class: 6531K(6784K)->6531K(6784K)
[40.429s][info][gc             ] GC(61) Pause Young (System.gc()) 311M->31M(2041M) 1.994ms
[40.429s][info][gc,cpu         ] GC(61) User=0.00s Sys=0.00s Real=0.00s
[40.429s][info][gc,start       ] GC(62) Pause Full (System.gc())
[40.429s][info][gc,phases,start] GC(62) Marking Phase
[40.450s][info][gc,phases      ] GC(62) Marking Phase 21.456ms
[40.450s][info][gc,phases,start] GC(62) Summary Phase
[40.450s][info][gc,phases      ] GC(62) Summary Phase 0.009ms
[40.450s][info][gc,phases,start] GC(62) Adjust Roots
[40.459s][info][gc,phases      ] GC(62) Adjust Roots 8.987ms
[40.459s][info][gc,phases,start] GC(62) Compaction Phase
[40.465s][info][gc,phases      ] GC(62) Compaction Phase 5.760ms
[40.465s][info][gc,phases,start] GC(62) Post Compact
[40.465s][info][gc,phases      ] GC(62) Post Compact 0.475ms
[40.466s][info][gc,heap        ] GC(62) PSYoungGen: 2976K(691712K)->0K(691712K) Eden: 0K(684544K)->0K(684544K) From: 2976K(7168K)->0K(7168K)
[40.466s][info][gc,heap        ] GC(62) ParOldGen: 29340K(1398272K)->25270K(1398272K)
[40.466s][info][gc,metaspace   ] GC(62) Metaspace: 52083K(52544K)->52083K(52544K) NonClass: 45552K(45760K)->45552K(45760K) Class: 6531K(6784K)->6531K(6784K)
[40.466s][info][gc             ] GC(62) Pause Full (System.gc()) 31M->24M(2041M) 36.923ms
[40.466s][info][gc,cpu         ] GC(62) User=0.02s Sys=0.00s Real=0.03s
[41.259s][info][gc,start       ] GC(63) Pause Young (Allocation Failure)
[41.262s][info][gc,heap        ] GC(63) PSYoungGen: 684544K(691712K)->5152K(691200K) Eden: 684544K(684544K)->0K(684544K) From: 0K(7168K)->5152K(6656K)
[41.262s][info][gc,heap        ] GC(63) ParOldGen: 25270K(1398272K)->25278K(1398272K)
[41.262s][info][gc,metaspace   ] GC(63) Metaspace: 52131K(52608K)->52131K(52608K) NonClass: 45599K(45824K)->45599K(45824K) Class: 6531K(6784K)->6531K(6784K)
[41.262s][info][gc             ] GC(63) Pause Young (Allocation Failure) 693M->29M(2040M) 3.101ms
[41.262s][info][gc,cpu         ] GC(63) User=0.00s Sys=0.00s Real=0.00s
[41.933s][info][gc,start       ] GC(64) Pause Young (Allocation Failure)
[41.936s][info][gc,heap        ] GC(64) PSYoungGen: 689696K(691200K)->1280K(691712K) Eden: 684544K(684544K)->0K(684544K) From: 5152K(6656K)->1280K(7168K)
[41.936s][info][gc,heap        ] GC(64) ParOldGen: 25278K(1398272K)->29006K(1398272K)
[41.936s][info][gc,metaspace   ] GC(64) Metaspace: 52131K(52608K)->52131K(52608K) NonClass: 45599K(45824K)->45599K(45824K) Class: 6531K(6784K)->6531K(6784K)
[41.936s][info][gc             ] GC(64) Pause Young (Allocation Failure) 698M->29M(2041M) 2.754ms
[41.936s][info][gc,cpu         ] GC(64) User=0.00s Sys=0.00s Real=0.00s
[42.573s][info][gc,start       ] GC(65) Pause Young (Allocation Failure)
[42.574s][info][gc,heap        ] GC(65) PSYoungGen: 685824K(691712K)->1216K(691712K) Eden: 684544K(684544K)->0K(684544K) From: 1280K(7168K)->1216K(7168K)
[42.574s][info][gc,heap        ] GC(65) ParOldGen: 29006K(1398272K)->29078K(1398272K)
[42.574s][info][gc,metaspace   ] GC(65) Metaspace: 52131K(52608K)->52131K(52608K) NonClass: 45599K(45824K)->45599K(45824K) Class: 6531K(6784K)->6531K(6784K)
[42.574s][info][gc             ] GC(65) Pause Young (Allocation Failure) 698M->29M(2041M) 1.228ms
[42.574s][info][gc,cpu         ] GC(65) User=0.00s Sys=0.00s Real=0.00s
[42.826s][info][gc,start       ] GC(66) Pause Young (System.gc())
[42.828s][info][gc,heap        ] GC(66) PSYoungGen: 261942K(691712K)->2976K(691712K) Eden: 260726K(684544K)->0K(684544K) From: 1216K(7168K)->2976K(7168K)
[42.828s][info][gc,heap        ] GC(66) ParOldGen: 29078K(1398272K)->29310K(1398272K)
[42.828s][info][gc,metaspace   ] GC(66) Metaspace: 52139K(52672K)->52139K(52672K) NonClass: 45607K(45888K)->45607K(45888K) Class: 6531K(6784K)->6531K(6784K)
[42.828s][info][gc             ] GC(66) Pause Young (System.gc()) 284M->31M(2041M) 2.436ms
[42.828s][info][gc,cpu         ] GC(66) User=0.00s Sys=0.00s Real=0.00s
[42.828s][info][gc,start       ] GC(67) Pause Full (System.gc())
[42.828s][info][gc,phases,start] GC(67) Marking Phase
[42.849s][info][gc,phases      ] GC(67) Marking Phase 21.233ms
[42.849s][info][gc,phases,start] GC(67) Summary Phase
[42.849s][info][gc,phases      ] GC(67) Summary Phase 0.009ms
[42.849s][info][gc,phases,start] GC(67) Adjust Roots
[42.858s][info][gc,phases      ] GC(67) Adjust Roots 8.635ms
[42.858s][info][gc,phases,start] GC(67) Compaction Phase
[42.865s][info][gc,phases      ] GC(67) Compaction Phase 7.383ms
[42.865s][info][gc,phases,start] GC(67) Post Compact
[42.866s][info][gc,phases      ] GC(67) Post Compact 0.478ms
[42.866s][info][gc,heap        ] GC(67) PSYoungGen: 2976K(691712K)->0K(691712K) Eden: 0K(684544K)->0K(684544K) From: 2976K(7168K)->0K(7168K)
[42.866s][info][gc,heap        ] GC(67) ParOldGen: 29310K(1398272K)->25286K(1398272K)
[42.866s][info][gc,metaspace   ] GC(67) Metaspace: 52139K(52672K)->52139K(52672K) NonClass: 45607K(45888K)->45607K(45888K) Class: 6531K(6784K)->6531K(6784K)
[42.866s][info][gc             ] GC(67) Pause Full (System.gc()) 31M->24M(2041M) 38.003ms
[42.866s][info][gc,cpu         ] GC(67) User=0.03s Sys=0.00s Real=0.05s
[43.691s][info][gc,start       ] GC(68) Pause Young (Allocation Failure)
[43.694s][info][gc,heap        ] GC(68) PSYoungGen: 684544K(691712K)->4864K(691200K) Eden: 684544K(684544K)->0K(684544K) From: 0K(7168K)->4864K(6656K)
[43.694s][info][gc,heap        ] GC(68) ParOldGen: 25286K(1398272K)->25294K(1398272K)
[43.694s][info][gc,metaspace   ] GC(68) Metaspace: 52409K(52928K)->52409K(52928K) NonClass: 45877K(46144K)->45877K(46144K) Class: 6531K(6784K)->6531K(6784K)
[43.694s][info][gc             ] GC(68) Pause Young (Allocation Failure) 693M->29M(2040M) 2.942ms
[43.694s][info][gc,cpu         ] GC(68) User=0.00s Sys=0.00s Real=0.00s
[44.343s][info][gc,start       ] GC(69) Pause Young (Allocation Failure)
[44.346s][info][gc,heap        ] GC(69) PSYoungGen: 689408K(691200K)->1696K(691712K) Eden: 684544K(684544K)->0K(684544K) From: 4864K(6656K)->1696K(7168K)
[44.346s][info][gc,heap        ] GC(69) ParOldGen: 25294K(1398272K)->29022K(1398272K)
[44.346s][info][gc,metaspace   ] GC(69) Metaspace: 52409K(52928K)->52409K(52928K) NonClass: 45877K(46144K)->45877K(46144K) Class: 6531K(6784K)->6531K(6784K)
[44.346s][info][gc             ] GC(69) Pause Young (Allocation Failure) 697M->29M(2041M) 3.023ms
[44.346s][info][gc,cpu         ] GC(69) User=0.00s Sys=0.00s Real=0.00s
[44.970s][info][gc,start       ] GC(70) Pause Young (Allocation Failure)
[44.971s][info][gc,heap        ] GC(70) PSYoungGen: 686240K(691712K)->1344K(692224K) Eden: 684544K(684544K)->0K(685056K) From: 1696K(7168K)->1344K(7168K)
[44.971s][info][gc,heap        ] GC(70) ParOldGen: 29022K(1398272K)->29110K(1398272K)
[44.971s][info][gc,metaspace   ] GC(70) Metaspace: 52409K(52928K)->52409K(52928K) NonClass: 45877K(46144K)->45877K(46144K) Class: 6531K(6784K)->6531K(6784K)
[44.971s][info][gc             ] GC(70) Pause Young (Allocation Failure) 698M->29M(2041M) 1.248ms
[44.971s][info][gc,cpu         ] GC(70) User=0.00s Sys=0.00s Real=0.00s
[45.239s][info][gc,start       ] GC(71) Pause Young (System.gc())
[45.241s][info][gc,heap        ] GC(71) PSYoungGen: 248402K(692224K)->3008K(691712K) Eden: 247058K(685056K)->0K(685056K) From: 1344K(7168K)->3008K(6656K)
[45.241s][info][gc,heap        ] GC(71) ParOldGen: 29110K(1398272K)->29382K(1398272K)
[45.241s][info][gc,metaspace   ] GC(71) Metaspace: 52421K(52928K)->52421K(52928K) NonClass: 45889K(46144K)->45889K(46144K) Class: 6531K(6784K)->6531K(6784K)
[45.241s][info][gc             ] GC(71) Pause Young (System.gc()) 271M->31M(2041M) 1.882ms
[45.241s][info][gc,cpu         ] GC(71) User=0.00s Sys=0.00s Real=0.00s
[45.241s][info][gc,start       ] GC(72) Pause Full (System.gc())
[45.241s][info][gc,phases,start] GC(72) Marking Phase
[45.265s][info][gc,phases      ] GC(72) Marking Phase 23.860ms
[45.265s][info][gc,phases,start] GC(72) Summary Phase
[45.265s][info][gc,phases      ] GC(72) Summary Phase 0.009ms
[45.265s][info][gc,phases,start] GC(72) Adjust Roots
[45.274s][info][gc,phases      ] GC(72) Adjust Roots 9.293ms
[45.274s][info][gc,phases,start] GC(72) Compaction Phase
[45.281s][info][gc,phases      ] GC(72) Compaction Phase 6.408ms
[45.281s][info][gc,phases,start] GC(72) Post Compact
[45.281s][info][gc,phases      ] GC(72) Post Compact 0.432ms
[45.281s][info][gc,heap        ] GC(72) PSYoungGen: 3008K(691712K)->0K(691712K) Eden: 0K(685056K)->0K(685056K) From: 3008K(6656K)->0K(6656K)
[45.281s][info][gc,heap        ] GC(72) ParOldGen: 29382K(1398272K)->25285K(1398272K)
[45.281s][info][gc,metaspace   ] GC(72) Metaspace: 52421K(52928K)->52421K(52928K) NonClass: 45889K(46144K)->45889K(46144K) Class: 6531K(6784K)->6531K(6784K)
[45.281s][info][gc             ] GC(72) Pause Full (System.gc()) 31M->24M(2041M) 40.254ms
[45.281s][info][gc,cpu         ] GC(72) User=0.00s Sys=0.00s Real=0.03s
[46.063s][info][gc,start       ] GC(73) Pause Young (Allocation Failure)
[46.066s][info][gc,heap        ] GC(73) PSYoungGen: 685056K(691712K)->5120K(691200K) Eden: 685056K(685056K)->0K(684544K) From: 0K(6656K)->5120K(6656K)
[46.066s][info][gc,heap        ] GC(73) ParOldGen: 25285K(1398272K)->25285K(1398272K)
[46.066s][info][gc,metaspace   ] GC(73) Metaspace: 52426K(52928K)->52426K(52928K) NonClass: 45894K(46144K)->45894K(46144K) Class: 6531K(6784K)->6531K(6784K)
[46.066s][info][gc             ] GC(73) Pause Young (Allocation Failure) 693M->29M(2040M) 3.091ms
[46.067s][info][gc,cpu         ] GC(73) User=0.00s Sys=0.00s Real=0.00s
[46.732s][info][gc,start       ] GC(74) Pause Young (Allocation Failure)
[46.735s][info][gc,heap        ] GC(74) PSYoungGen: 689664K(691200K)->1888K(691712K) Eden: 684544K(684544K)->0K(684544K) From: 5120K(6656K)->1888K(7168K)
[46.735s][info][gc,heap        ] GC(74) ParOldGen: 25285K(1398272K)->28989K(1398272K)
[46.735s][info][gc,metaspace   ] GC(74) Metaspace: 52426K(52928K)->52426K(52928K) NonClass: 45894K(46144K)->45894K(46144K) Class: 6531K(6784K)->6531K(6784K)
[46.735s][info][gc             ] GC(74) Pause Young (Allocation Failure) 698M->30M(2041M) 3.053ms
[46.735s][info][gc,cpu         ] GC(74) User=0.02s Sys=0.00s Real=0.00s
[47.382s][info][gc,start       ] GC(75) Pause Young (Allocation Failure)
[47.383s][info][gc,heap        ] GC(75) PSYoungGen: 686432K(691712K)->1776K(692224K) Eden: 684544K(684544K)->0K(685568K) From: 1888K(7168K)->1776K(6656K)
[47.383s][info][gc,heap        ] GC(75) ParOldGen: 28989K(1398272K)->29077K(1398272K)
[47.383s][info][gc,metaspace   ] GC(75) Metaspace: 52426K(52928K)->52426K(52928K) NonClass: 45894K(46144K)->45894K(46144K) Class: 6531K(6784K)->6531K(6784K)
[47.383s][info][gc             ] GC(75) Pause Young (Allocation Failure) 698M->30M(2041M) 1.361ms
[47.383s][info][gc,cpu         ] GC(75) User=0.00s Sys=0.00s Real=0.00s
[47.691s][info][gc,start       ] GC(76) Pause Young (System.gc())
[47.693s][info][gc,heap        ] GC(76) PSYoungGen: 251643K(692224K)->2944K(692224K) Eden: 249867K(685568K)->0K(685568K) From: 1776K(6656K)->2944K(6656K)
[47.693s][info][gc,heap        ] GC(76) ParOldGen: 29077K(1398272K)->29325K(1398272K)
[47.693s][info][gc,metaspace   ] GC(76) Metaspace: 52426K(52928K)->52426K(52928K) NonClass: 45894K(46144K)->45894K(46144K) Class: 6531K(6784K)->6531K(6784K)
[47.693s][info][gc             ] GC(76) Pause Young (System.gc()) 274M->31M(2041M) 2.246ms
[47.693s][info][gc,cpu         ] GC(76) User=0.00s Sys=0.00s Real=0.00s
[47.693s][info][gc,start       ] GC(77) Pause Full (System.gc())
[47.693s][info][gc,phases,start] GC(77) Marking Phase
[47.715s][info][gc,phases      ] GC(77) Marking Phase 21.892ms
[47.715s][info][gc,phases,start] GC(77) Summary Phase
[47.715s][info][gc,phases      ] GC(77) Summary Phase 0.010ms
[47.715s][info][gc,phases,start] GC(77) Adjust Roots
[47.724s][info][gc,phases      ] GC(77) Adjust Roots 9.254ms
[47.724s][info][gc,phases,start] GC(77) Compaction Phase
[47.731s][info][gc,phases      ] GC(77) Compaction Phase 6.973ms
[47.731s][info][gc,phases,start] GC(77) Post Compact
[47.732s][info][gc,phases      ] GC(77) Post Compact 0.463ms
[47.732s][info][gc,heap        ] GC(77) PSYoungGen: 2944K(692224K)->0K(692224K) Eden: 0K(685568K)->0K(685568K) From: 2944K(6656K)->0K(6656K)
[47.732s][info][gc,heap        ] GC(77) ParOldGen: 29325K(1398272K)->25233K(1398272K)
[47.732s][info][gc,metaspace   ] GC(77) Metaspace: 52426K(52928K)->52426K(52928K) NonClass: 45894K(46144K)->45894K(46144K) Class: 6531K(6784K)->6531K(6784K)
[47.732s][info][gc             ] GC(77) Pause Full (System.gc()) 31M->24M(2041M) 38.862ms
[47.732s][info][gc,cpu         ] GC(77) User=0.00s Sys=0.00s Real=0.03s
[48.513s][info][gc,start       ] GC(78) Pause Young (Allocation Failure)
[48.516s][info][gc,heap        ] GC(78) PSYoungGen: 685568K(692224K)->5760K(690688K) Eden: 685568K(685568K)->0K(684544K) From: 0K(6656K)->5760K(6144K)
[48.517s][info][gc,heap        ] GC(78) ParOldGen: 25233K(1398272K)->25233K(1398272K)
[48.517s][info][gc,metaspace   ] GC(78) Metaspace: 52433K(52928K)->52433K(52928K) NonClass: 45901K(46144K)->45901K(46144K) Class: 6531K(6784K)->6531K(6784K)
[48.517s][info][gc             ] GC(78) Pause Young (Allocation Failure) 694M->30M(2040M) 3.408ms
[48.517s][info][gc,cpu         ] GC(78) User=0.02s Sys=0.00s Real=0.00s
[49.140s][info][gc,start       ] GC(79) Pause Young (Allocation Failure)
[49.143s][info][gc,heap        ] GC(79) PSYoungGen: 690304K(690688K)->1728K(691712K) Eden: 684544K(684544K)->0K(684544K) From: 5760K(6144K)->1728K(7168K)
[49.143s][info][gc,heap        ] GC(79) ParOldGen: 25233K(1398272K)->28961K(1398272K)
[49.143s][info][gc,metaspace   ] GC(79) Metaspace: 52433K(52928K)->52433K(52928K) NonClass: 45901K(46144K)->45901K(46144K) Class: 6531K(6784K)->6531K(6784K)
[49.143s][info][gc             ] GC(79) Pause Young (Allocation Failure) 698M->29M(2041M) 2.873ms
[49.143s][info][gc,cpu         ] GC(79) User=0.00s Sys=0.00s Real=0.00s
[49.884s][info][gc,start       ] GC(80) Pause Young (Allocation Failure)
[49.885s][info][gc,heap        ] GC(80) PSYoungGen: 686272K(691712K)->1888K(692224K) Eden: 684544K(684544K)->0K(685056K) From: 1728K(7168K)->1888K(7168K)
[49.885s][info][gc,heap        ] GC(80) ParOldGen: 28961K(1398272K)->29049K(1398272K)
[49.885s][info][gc,metaspace   ] GC(80) Metaspace: 52433K(52928K)->52433K(52928K) NonClass: 45901K(46144K)->45901K(46144K) Class: 6531K(6784K)->6531K(6784K)
[49.885s][info][gc             ] GC(80) Pause Young (Allocation Failure) 698M->30M(2041M) 1.416ms
[49.885s][info][gc,cpu         ] GC(80) User=0.00s Sys=0.00s Real=0.00s
[50.088s][info][gc,start       ] GC(81) Pause Young (System.gc())
[50.091s][info][gc,heap        ] GC(81) PSYoungGen: 184593K(692224K)->2816K(691712K) Eden: 182705K(685056K)->0K(685056K) From: 1888K(7168K)->2816K(6656K)
[50.091s][info][gc,heap        ] GC(81) ParOldGen: 29049K(1398272K)->29457K(1398272K)
[50.091s][info][gc,metaspace   ] GC(81) Metaspace: 52439K(52928K)->52439K(52928K) NonClass: 45908K(46144K)->45908K(46144K) Class: 6531K(6784K)->6531K(6784K)
[50.091s][info][gc             ] GC(81) Pause Young (System.gc()) 208M->31M(2041M) 2.773ms
[50.091s][info][gc,cpu         ] GC(81) User=0.00s Sys=0.00s Real=0.00s
[50.091s][info][gc,start       ] GC(82) Pause Full (System.gc())
[50.091s][info][gc,phases,start] GC(82) Marking Phase
[50.115s][info][gc,phases      ] GC(82) Marking Phase 24.106ms
[50.115s][info][gc,phases,start] GC(82) Summary Phase
[50.115s][info][gc,phases      ] GC(82) Summary Phase 0.009ms
[50.115s][info][gc,phases,start] GC(82) Adjust Roots
[50.125s][info][gc,phases      ] GC(82) Adjust Roots 9.461ms
[50.125s][info][gc,phases,start] GC(82) Compaction Phase
[50.131s][info][gc,phases      ] GC(82) Compaction Phase 6.458ms
[50.131s][info][gc,phases,start] GC(82) Post Compact
[50.132s][info][gc,phases      ] GC(82) Post Compact 0.449ms
[50.132s][info][gc,heap        ] GC(82) PSYoungGen: 2816K(691712K)->0K(691712K) Eden: 0K(685056K)->0K(685056K) From: 2816K(6656K)->0K(6656K)
[50.132s][info][gc,heap        ] GC(82) ParOldGen: 29457K(1398272K)->25245K(1398272K)
[50.132s][info][gc,metaspace   ] GC(82) Metaspace: 52439K(52928K)->52439K(52928K) NonClass: 45908K(46144K)->45908K(46144K) Class: 6531K(6784K)->6531K(6784K)
[50.132s][info][gc             ] GC(82) Pause Full (System.gc()) 31M->24M(2041M) 40.730ms
[50.132s][info][gc,cpu         ] GC(82) User=0.02s Sys=0.00s Real=0.05s
[50.871s][info][gc,start       ] GC(83) Pause Young (Allocation Failure)
[50.874s][info][gc,heap        ] GC(83) PSYoungGen: 685056K(691712K)->5168K(691200K) Eden: 685056K(685056K)->0K(684544K) From: 0K(6656K)->5168K(6656K)
[50.874s][info][gc,heap        ] GC(83) ParOldGen: 25245K(1398272K)->25245K(1398272K)
[50.874s][info][gc,metaspace   ] GC(83) Metaspace: 52445K(52928K)->52445K(52928K) NonClass: 45913K(46144K)->45913K(46144K) Class: 6531K(6784K)->6531K(6784K)
[50.874s][info][gc             ] GC(83) Pause Young (Allocation Failure) 693M->29M(2040M) 3.094ms
[50.874s][info][gc,cpu         ] GC(83) User=0.00s Sys=0.00s Real=0.00s
[51.508s][info][gc,start       ] GC(84) Pause Young (Allocation Failure)
[51.511s][info][gc,heap        ] GC(84) PSYoungGen: 689712K(691200K)->1536K(691712K) Eden: 684544K(684544K)->0K(684544K) From: 5168K(6656K)->1536K(7168K)
[51.511s][info][gc,heap        ] GC(84) ParOldGen: 25245K(1398272K)->29013K(1398272K)
[51.511s][info][gc,metaspace   ] GC(84) Metaspace: 52447K(52928K)->52447K(52928K) NonClass: 45915K(46144K)->45915K(46144K) Class: 6531K(6784K)->6531K(6784K)
[51.511s][info][gc             ] GC(84) Pause Young (Allocation Failure) 698M->29M(2041M) 3.115ms
[51.511s][info][gc,cpu         ] GC(84) User=0.00s Sys=0.00s Real=0.00s
[52.206s][info][gc,start       ] GC(85) Pause Young (Allocation Failure)
[52.209s][info][gc,heap        ] GC(85) PSYoungGen: 686080K(691712K)->1888K(692224K) Eden: 684544K(684544K)->0K(685568K) From: 1536K(7168K)->1888K(6656K)
[52.209s][info][gc,heap        ] GC(85) ParOldGen: 29013K(1398272K)->29101K(1398272K)
[52.209s][info][gc,metaspace   ] GC(85) Metaspace: 52447K(52928K)->52447K(52928K) NonClass: 45915K(46144K)->45915K(46144K) Class: 6531K(6784K)->6531K(6784K)
[52.209s][info][gc             ] GC(85) Pause Young (Allocation Failure) 698M->30M(2041M) 2.359ms
[52.209s][info][gc,cpu         ] GC(85) User=0.00s Sys=0.00s Real=0.00s
[52.413s][info][gc,start       ] GC(86) Pause Young (System.gc())
[52.415s][info][gc,heap        ] GC(86) PSYoungGen: 183810K(692224K)->2816K(692224K) Eden: 181922K(685568K)->0K(685568K) From: 1888K(6656K)->2816K(6656K)
[52.415s][info][gc,heap        ] GC(86) ParOldGen: 29101K(1398272K)->29501K(1398272K)
[52.415s][info][gc,metaspace   ] GC(86) Metaspace: 52447K(52928K)->52447K(52928K) NonClass: 45916K(46144K)->45916K(46144K) Class: 6531K(6784K)->6531K(6784K)
[52.415s][info][gc             ] GC(86) Pause Young (System.gc()) 207M->31M(2041M) 2.280ms
[52.416s][info][gc,cpu         ] GC(86) User=0.00s Sys=0.00s Real=0.00s
[52.416s][info][gc,start       ] GC(87) Pause Full (System.gc())
[52.416s][info][gc,phases,start] GC(87) Marking Phase
[52.438s][info][gc,phases      ] GC(87) Marking Phase 22.068ms
[52.438s][info][gc,phases,start] GC(87) Summary Phase
[52.438s][info][gc,phases      ] GC(87) Summary Phase 0.010ms
[52.438s][info][gc,phases,start] GC(87) Adjust Roots
[52.447s][info][gc,phases      ] GC(87) Adjust Roots 9.108ms
[52.447s][info][gc,phases,start] GC(87) Compaction Phase
[52.453s][info][gc,phases      ] GC(87) Compaction Phase 6.168ms
[52.453s][info][gc,phases,start] GC(87) Post Compact
[52.454s][info][gc,phases      ] GC(87) Post Compact 0.474ms
[52.454s][info][gc,heap        ] GC(87) PSYoungGen: 2816K(692224K)->0K(692224K) Eden: 0K(685568K)->0K(685568K) From: 2816K(6656K)->0K(6656K)
[52.454s][info][gc,heap        ] GC(87) ParOldGen: 29501K(1398272K)->25301K(1398272K)
[52.454s][info][gc,metaspace   ] GC(87) Metaspace: 52447K(52928K)->52447K(52928K) NonClass: 45916K(46144K)->45916K(46144K) Class: 6531K(6784K)->6531K(6784K)
[52.454s][info][gc             ] GC(87) Pause Full (System.gc()) 31M->24M(2041M) 38.120ms
[52.454s][info][gc,cpu         ] GC(87) User=0.00s Sys=0.00s Real=0.03s
[53.172s][info][gc,start       ] GC(88) Pause Young (Allocation Failure)
[53.175s][info][gc,heap        ] GC(88) PSYoungGen: 685568K(692224K)->5632K(690688K) Eden: 685568K(685568K)->0K(684544K) From: 0K(6656K)->5632K(6144K)
[53.175s][info][gc,heap        ] GC(88) ParOldGen: 25301K(1398272K)->25309K(1398272K)
[53.175s][info][gc,metaspace   ] GC(88) Metaspace: 52459K(52928K)->52459K(52928K) NonClass: 45927K(46144K)->45927K(46144K) Class: 6531K(6784K)->6531K(6784K)
[53.175s][info][gc             ] GC(88) Pause Young (Allocation Failure) 694M->30M(2040M) 3.156ms
[53.175s][info][gc,cpu         ] GC(88) User=0.00s Sys=0.00s Real=0.00s
[53.862s][info][gc,start       ] GC(89) Pause Young (Allocation Failure)
[53.865s][info][gc,heap        ] GC(89) PSYoungGen: 690176K(690688K)->1344K(691712K) Eden: 684544K(684544K)->0K(684544K) From: 5632K(6144K)->1344K(7168K)
[53.865s][info][gc,heap        ] GC(89) ParOldGen: 25309K(1398272K)->29085K(1398272K)
[53.865s][info][gc,metaspace   ] GC(89) Metaspace: 52459K(52928K)->52459K(52928K) NonClass: 45927K(46144K)->45927K(46144K) Class: 6531K(6784K)->6531K(6784K)
[53.865s][info][gc             ] GC(89) Pause Young (Allocation Failure) 698M->29M(2041M) 2.789ms
[53.865s][info][gc,cpu         ] GC(89) User=0.00s Sys=0.00s Real=0.00s
[54.495s][info][gc,start       ] GC(90) Pause Young (Allocation Failure)
[54.496s][info][gc,heap        ] GC(90) PSYoungGen: 685888K(691712K)->2528K(692224K) Eden: 684544K(684544K)->0K(685056K) From: 1344K(7168K)->2528K(7168K)
[54.496s][info][gc,heap        ] GC(90) ParOldGen: 29085K(1398272K)->29157K(1398272K)
[54.496s][info][gc,metaspace   ] GC(90) Metaspace: 52459K(52928K)->52459K(52928K) NonClass: 45927K(46144K)->45927K(46144K) Class: 6531K(6784K)->6531K(6784K)
[54.496s][info][gc             ] GC(90) Pause Young (Allocation Failure) 698M->30M(2041M) 1.647ms
[54.496s][info][gc,cpu         ] GC(90) User=0.00s Sys=0.00s Real=0.00s
[54.682s][info][gc,start       ] GC(91) Pause Young (System.gc())
[54.685s][info][gc,heap        ] GC(91) PSYoungGen: 198194K(692224K)->2912K(691712K) Eden: 195666K(685056K)->0K(685056K) From: 2528K(7168K)->2912K(6656K)
[54.685s][info][gc,heap        ] GC(91) ParOldGen: 29157K(1398272K)->29509K(1398272K)
[54.685s][info][gc,metaspace   ] GC(91) Metaspace: 52459K(52928K)->52459K(52928K) NonClass: 45927K(46144K)->45927K(46144K) Class: 6531K(6784K)->6531K(6784K)
[54.685s][info][gc             ] GC(91) Pause Young (System.gc()) 222M->31M(2041M) 2.301ms
[54.685s][info][gc,cpu         ] GC(91) User=0.00s Sys=0.00s Real=0.00s
[54.685s][info][gc,start       ] GC(92) Pause Full (System.gc())
[54.685s][info][gc,phases,start] GC(92) Marking Phase
[54.707s][info][gc,phases      ] GC(92) Marking Phase 21.794ms
[54.707s][info][gc,phases,start] GC(92) Summary Phase
[54.707s][info][gc,phases      ] GC(92) Summary Phase 0.010ms
[54.707s][info][gc,phases,start] GC(92) Adjust Roots
[54.717s][info][gc,phases      ] GC(92) Adjust Roots 9.806ms
[54.717s][info][gc,phases,start] GC(92) Compaction Phase
[54.723s][info][gc,phases      ] GC(92) Compaction Phase 6.669ms
[54.723s][info][gc,phases,start] GC(92) Post Compact
[54.724s][info][gc,phases      ] GC(92) Post Compact 0.424ms
[54.724s][info][gc,heap        ] GC(92) PSYoungGen: 2912K(691712K)->0K(691712K) Eden: 0K(685056K)->0K(685056K) From: 2912K(6656K)->0K(6656K)
[54.724s][info][gc,heap        ] GC(92) ParOldGen: 29509K(1398272K)->25331K(1398272K)
[54.724s][info][gc,metaspace   ] GC(92) Metaspace: 52459K(52928K)->52459K(52928K) NonClass: 45927K(46144K)->45927K(46144K) Class: 6531K(6784K)->6531K(6784K)
[54.724s][info][gc             ] GC(92) Pause Full (System.gc()) 31M->24M(2041M) 38.987ms
[54.724s][info][gc,cpu         ] GC(92) User=0.03s Sys=0.00s Real=0.05s
[55.452s][info][gc,start       ] GC(93) Pause Young (Allocation Failure)
[55.455s][info][gc,heap        ] GC(93) PSYoungGen: 685056K(691712K)->4928K(691712K) Eden: 685056K(685056K)->0K(685568K) From: 0K(6656K)->4928K(6144K)
[55.455s][info][gc,heap        ] GC(93) ParOldGen: 25331K(1398272K)->25331K(1398272K)
[55.455s][info][gc,metaspace   ] GC(93) Metaspace: 52461K(52928K)->52461K(52928K) NonClass: 45930K(46144K)->45930K(46144K) Class: 6531K(6784K)->6531K(6784K)
[55.455s][info][gc             ] GC(93) Pause Young (Allocation Failure) 693M->29M(2041M) 2.959ms
[55.455s][info][gc,cpu         ] GC(93) User=0.00s Sys=0.00s Real=0.00s
[56.131s][info][gc,start       ] GC(94) Pause Young (Allocation Failure)
[56.134s][info][gc,heap        ] GC(94) PSYoungGen: 690496K(691712K)->1536K(692224K) Eden: 685568K(685568K)->0K(685568K) From: 4928K(6144K)->1536K(6656K)
[56.134s][info][gc,heap        ] GC(94) ParOldGen: 25331K(1398272K)->29067K(1398272K)
[56.134s][info][gc,metaspace   ] GC(94) Metaspace: 52461K(52928K)->52461K(52928K) NonClass: 45930K(46144K)->45930K(46144K) Class: 6531K(6784K)->6531K(6784K)
[56.134s][info][gc             ] GC(94) Pause Young (Allocation Failure) 699M->29M(2041M) 2.875ms
[56.134s][info][gc,cpu         ] GC(94) User=0.00s Sys=0.00s Real=0.00s
[56.776s][info][gc,start       ] GC(95) Pause Young (Allocation Failure)
[56.777s][info][gc,heap        ] GC(95) PSYoungGen: 687104K(692224K)->1824K(692224K) Eden: 685568K(685568K)->0K(685568K) From: 1536K(6656K)->1824K(6656K)
[56.778s][info][gc,heap        ] GC(95) ParOldGen: 29067K(1398272K)->29155K(1398272K)
[56.778s][info][gc,metaspace   ] GC(95) Metaspace: 52462K(52928K)->52462K(52928K) NonClass: 45930K(46144K)->45930K(46144K) Class: 6531K(6784K)->6531K(6784K)
[56.778s][info][gc             ] GC(95) Pause Young (Allocation Failure) 699M->30M(2041M) 1.376ms
[56.778s][info][gc,cpu         ] GC(95) User=0.00s Sys=0.00s Real=0.00s
[56.972s][info][gc,start       ] GC(96) Pause Young (System.gc())
[56.974s][info][gc,heap        ] GC(96) PSYoungGen: 186072K(692224K)->2848K(692224K) Eden: 184248K(685568K)->0K(685568K) From: 1824K(6656K)->2848K(6656K)
[56.974s][info][gc,heap        ] GC(96) ParOldGen: 29155K(1398272K)->29547K(1398272K)
[56.974s][info][gc,metaspace   ] GC(96) Metaspace: 52462K(52928K)->52462K(52928K) NonClass: 45930K(46144K)->45930K(46144K) Class: 6531K(6784K)->6531K(6784K)
[56.974s][info][gc             ] GC(96) Pause Young (System.gc()) 210M->31M(2041M) 2.530ms
[56.974s][info][gc,cpu         ] GC(96) User=0.02s Sys=0.00s Real=0.02s
[56.974s][info][gc,start       ] GC(97) Pause Full (System.gc())
[56.974s][info][gc,phases,start] GC(97) Marking Phase
[56.996s][info][gc,phases      ] GC(97) Marking Phase 22.312ms
[56.997s][info][gc,phases,start] GC(97) Summary Phase
[56.997s][info][gc,phases      ] GC(97) Summary Phase 0.009ms
[56.997s][info][gc,phases,start] GC(97) Adjust Roots
[57.006s][info][gc,phases      ] GC(97) Adjust Roots 9.677ms
[57.006s][info][gc,phases,start] GC(97) Compaction Phase
[57.012s][info][gc,phases      ] GC(97) Compaction Phase 5.891ms
[57.012s][info][gc,phases,start] GC(97) Post Compact
[57.013s][info][gc,phases      ] GC(97) Post Compact 0.397ms
[57.013s][info][gc,heap        ] GC(97) PSYoungGen: 2848K(692224K)->0K(692224K) Eden: 0K(685568K)->0K(685568K) From: 2848K(6656K)->0K(6656K)
[57.013s][info][gc,heap        ] GC(97) ParOldGen: 29547K(1398272K)->25350K(1398272K)
[57.013s][info][gc,metaspace   ] GC(97) Metaspace: 52462K(52928K)->52462K(52928K) NonClass: 45930K(46144K)->45930K(46144K) Class: 6531K(6784K)->6531K(6784K)
[57.013s][info][gc             ] GC(97) Pause Full (System.gc()) 31M->24M(2041M) 38.562ms
[57.013s][info][gc,cpu         ] GC(97) User=0.00s Sys=0.00s Real=0.03s
[57.767s][info][gc,start       ] GC(98) Pause Young (Allocation Failure)
[57.770s][info][gc,heap        ] GC(98) PSYoungGen: 685568K(692224K)->5664K(690688K) Eden: 685568K(685568K)->0K(684544K) From: 0K(6656K)->5664K(6144K)
[57.770s][info][gc,heap        ] GC(98) ParOldGen: 25350K(1398272K)->25350K(1398272K)
[57.770s][info][gc,metaspace   ] GC(98) Metaspace: 52468K(52928K)->52468K(52928K) NonClass: 45936K(46144K)->45936K(46144K) Class: 6531K(6784K)->6531K(6784K)
[57.770s][info][gc             ] GC(98) Pause Young (Allocation Failure) 694M->30M(2040M) 3.151ms
[57.770s][info][gc,cpu         ] GC(98) User=0.00s Sys=0.00s Real=0.00s
[58.399s][info][gc,start       ] GC(99) Pause Young (Allocation Failure)
[58.401s][info][gc,heap        ] GC(99) PSYoungGen: 690208K(690688K)->1184K(691712K) Eden: 684544K(684544K)->0K(684544K) From: 5664K(6144K)->1184K(7168K)
[58.401s][info][gc,heap        ] GC(99) ParOldGen: 25350K(1398272K)->29110K(1398272K)
[58.401s][info][gc,metaspace   ] GC(99) Metaspace: 52468K(52928K)->52468K(52928K) NonClass: 45936K(46144K)->45936K(46144K) Class: 6531K(6784K)->6531K(6784K)
[58.401s][info][gc             ] GC(99) Pause Young (Allocation Failure) 698M->29M(2041M) 2.729ms
[58.401s][info][gc,cpu         ] GC(99) User=0.00s Sys=0.00s Real=0.00s
[59.053s][info][gc,start       ] GC(100) Pause Young (Allocation Failure)
[59.054s][info][gc,heap        ] GC(100) PSYoungGen: 685728K(691712K)->1536K(692224K) Eden: 684544K(684544K)->0K(685568K) From: 1184K(7168K)->1536K(6656K)
[59.054s][info][gc,heap        ] GC(100) ParOldGen: 29110K(1398272K)->29206K(1398272K)
[59.054s][info][gc,metaspace   ] GC(100) Metaspace: 52468K(52928K)->52468K(52928K) NonClass: 45936K(46144K)->45936K(46144K) Class: 6531K(6784K)->6531K(6784K)
[59.054s][info][gc             ] GC(100) Pause Young (Allocation Failure) 698M->30M(2041M) 1.458ms
[59.054s][info][gc,cpu         ] GC(100) User=0.00s Sys=0.00s Real=0.00s
[59.271s][info][gc,start       ] GC(101) Pause Young (System.gc())
[59.272s][info][gc,heap        ] GC(101) PSYoungGen: 170711K(692224K)->2816K(692224K) Eden: 169175K(685568K)->0K(685568K) From: 1536K(6656K)->2816K(6656K)
[59.272s][info][gc,heap        ] GC(101) ParOldGen: 29206K(1398272K)->29606K(1398272K)
[59.272s][info][gc,metaspace   ] GC(101) Metaspace: 52472K(52928K)->52472K(52928K) NonClass: 45940K(46144K)->45940K(46144K) Class: 6531K(6784K)->6531K(6784K)
[59.272s][info][gc             ] GC(101) Pause Young (System.gc()) 195M->31M(2041M) 1.677ms
[59.272s][info][gc,cpu         ] GC(101) User=0.00s Sys=0.00s Real=0.00s
[59.272s][info][gc,start       ] GC(102) Pause Full (System.gc())
[59.272s][info][gc,phases,start] GC(102) Marking Phase
[59.294s][info][gc,phases      ] GC(102) Marking Phase 21.976ms
[59.294s][info][gc,phases,start] GC(102) Summary Phase
[59.294s][info][gc,phases      ] GC(102) Summary Phase 0.010ms
[59.294s][info][gc,phases,start] GC(102) Adjust Roots
[59.304s][info][gc,phases      ] GC(102) Adjust Roots 9.432ms
[59.304s][info][gc,phases,start] GC(102) Compaction Phase
[59.310s][info][gc,phases      ] GC(102) Compaction Phase 6.508ms
[59.310s][info][gc,phases,start] GC(102) Post Compact
[59.311s][info][gc,phases      ] GC(102) Post Compact 0.402ms
[59.311s][info][gc,heap        ] GC(102) PSYoungGen: 2816K(692224K)->0K(692224K) Eden: 0K(685568K)->0K(685568K) From: 2816K(6656K)->0K(6656K)
[59.311s][info][gc,heap        ] GC(102) ParOldGen: 29606K(1398272K)->25349K(1398272K)
[59.311s][info][gc,metaspace   ] GC(102) Metaspace: 52472K(52928K)->52472K(52928K) NonClass: 45940K(46144K)->45940K(46144K) Class: 6531K(6784K)->6531K(6784K)
[59.311s][info][gc             ] GC(102) Pause Full (System.gc()) 31M->24M(2041M) 38.569ms
[59.311s][info][gc,cpu         ] GC(102) User=0.00s Sys=0.00s Real=0.03s
[60.096s][info][gc,start       ] GC(103) Pause Young (Allocation Failure)
[60.099s][info][gc,heap        ] GC(103) PSYoungGen: 685568K(692224K)->4864K(691712K) Eden: 685568K(685568K)->0K(685568K) From: 0K(6656K)->4864K(6144K)
[60.099s][info][gc,heap        ] GC(103) ParOldGen: 25349K(1398272K)->25349K(1398272K)
[60.099s][info][gc,metaspace   ] GC(103) Metaspace: 52474K(52928K)->52474K(52928K) NonClass: 45942K(46144K)->45942K(46144K) Class: 6531K(6784K)->6531K(6784K)
[60.099s][info][gc             ] GC(103) Pause Young (Allocation Failure) 694M->29M(2041M) 2.916ms
[60.099s][info][gc,cpu         ] GC(103) User=0.00s Sys=0.00s Real=0.00s
[60.754s][info][gc,start       ] GC(104) Pause Young (Allocation Failure)
[60.757s][info][gc,heap        ] GC(104) PSYoungGen: 690432K(691712K)->1152K(692224K) Eden: 685568K(685568K)->0K(685568K) From: 4864K(6144K)->1152K(6656K)
[60.757s][info][gc,heap        ] GC(104) ParOldGen: 25349K(1398272K)->29093K(1398272K)
[60.757s][info][gc,metaspace   ] GC(104) Metaspace: 52474K(52928K)->52474K(52928K) NonClass: 45942K(46144K)->45942K(46144K) Class: 6531K(6784K)->6531K(6784K)
[60.757s][info][gc             ] GC(104) Pause Young (Allocation Failure) 699M->29M(2041M) 2.784ms
[60.757s][info][gc,cpu         ] GC(104) User=0.00s Sys=0.00s Real=0.00s
[61.397s][info][gc,start       ] GC(105) Pause Young (Allocation Failure)
[61.398s][info][gc,heap        ] GC(105) PSYoungGen: 686720K(692224K)->1216K(692224K) Eden: 685568K(685568K)->0K(685568K) From: 1152K(6656K)->1216K(6656K)
[61.399s][info][gc,heap        ] GC(105) ParOldGen: 29093K(1398272K)->29181K(1398272K)
[61.399s][info][gc,metaspace   ] GC(105) Metaspace: 52474K(52928K)->52474K(52928K) NonClass: 45942K(46144K)->45942K(46144K) Class: 6531K(6784K)->6531K(6784K)
[61.399s][info][gc             ] GC(105) Pause Young (Allocation Failure) 699M->29M(2041M) 1.154ms
[61.399s][info][gc,cpu         ] GC(105) User=0.00s Sys=0.00s Real=0.00s
[61.555s][info][gc,start       ] GC(106) Pause Young (System.gc())
[61.557s][info][gc,heap        ] GC(106) PSYoungGen: 155034K(692224K)->2784K(692224K) Eden: 153818K(685568K)->0K(685568K) From: 1216K(6656K)->2784K(6656K)
[61.557s][info][gc,heap        ] GC(106) ParOldGen: 29181K(1398272K)->29613K(1398272K)
[61.557s][info][gc,metaspace   ] GC(106) Metaspace: 52483K(52928K)->52483K(52928K) NonClass: 45952K(46144K)->45952K(46144K) Class: 6531K(6784K)->6531K(6784K)
[61.557s][info][gc             ] GC(106) Pause Young (System.gc()) 179M->31M(2041M) 2.229ms
[61.557s][info][gc,cpu         ] GC(106) User=0.00s Sys=0.00s Real=0.00s
[61.557s][info][gc,start       ] GC(107) Pause Full (System.gc())
[61.557s][info][gc,phases,start] GC(107) Marking Phase
[61.579s][info][gc,phases      ] GC(107) Marking Phase 21.668ms
[61.579s][info][gc,phases,start] GC(107) Summary Phase
[61.579s][info][gc,phases      ] GC(107) Summary Phase 0.011ms
[61.579s][info][gc,phases,start] GC(107) Adjust Roots
[61.624s][info][gc,phases      ] GC(107) Adjust Roots 44.918ms
[61.624s][info][gc,phases,start] GC(107) Compaction Phase
[61.630s][info][gc,phases      ] GC(107) Compaction Phase 5.845ms
[61.630s][info][gc,phases,start] GC(107) Post Compact
[61.630s][info][gc,phases      ] GC(107) Post Compact 0.369ms
[61.630s][info][gc,heap        ] GC(107) PSYoungGen: 2784K(692224K)->0K(692224K) Eden: 0K(685568K)->0K(685568K) From: 2784K(6656K)->0K(6656K)
[61.630s][info][gc,heap        ] GC(107) ParOldGen: 29613K(1398272K)->25350K(1398272K)
[61.630s][info][gc,metaspace   ] GC(107) Metaspace: 52483K(52928K)->52483K(52928K) NonClass: 45952K(46144K)->45952K(46144K) Class: 6531K(6784K)->6531K(6784K)
[61.630s][info][gc             ] GC(107) Pause Full (System.gc()) 31M->24M(2041M) 73.074ms
[61.631s][info][gc,cpu         ] GC(107) User=0.00s Sys=0.00s Real=0.06s
[62.376s][info][gc,start       ] GC(108) Pause Young (Allocation Failure)
[62.379s][info][gc,heap        ] GC(108) PSYoungGen: 685568K(692224K)->5376K(690688K) Eden: 685568K(685568K)->0K(684544K) From: 0K(6656K)->5376K(6144K)
[62.379s][info][gc,heap        ] GC(108) ParOldGen: 25350K(1398272K)->25350K(1398272K)
[62.379s][info][gc,metaspace   ] GC(108) Metaspace: 52492K(52928K)->52492K(52928K) NonClass: 45960K(46144K)->45960K(46144K) Class: 6531K(6784K)->6531K(6784K)
[62.379s][info][gc             ] GC(108) Pause Young (Allocation Failure) 694M->30M(2040M) 3.245ms
[62.379s][info][gc,cpu         ] GC(108) User=0.00s Sys=0.00s Real=0.00s
[63.019s][info][gc,start       ] GC(109) Pause Young (Allocation Failure)
[63.022s][info][gc,heap        ] GC(109) PSYoungGen: 689920K(690688K)->1728K(691712K) Eden: 684544K(684544K)->0K(684544K) From: 5376K(6144K)->1728K(7168K)
[63.022s][info][gc,heap        ] GC(109) ParOldGen: 25350K(1398272K)->29110K(1398272K)
[63.022s][info][gc,metaspace   ] GC(109) Metaspace: 52492K(52928K)->52492K(52928K) NonClass: 45960K(46144K)->45960K(46144K) Class: 6531K(6784K)->6531K(6784K)
[63.022s][info][gc             ] GC(109) Pause Young (Allocation Failure) 698M->30M(2041M) 2.967ms
[63.022s][info][gc,cpu         ] GC(109) User=0.00s Sys=0.00s Real=0.00s
[63.704s][info][gc,start       ] GC(110) Pause Young (Allocation Failure)
[63.705s][info][gc,heap        ] GC(110) PSYoungGen: 686272K(691712K)->1120K(692224K) Eden: 684544K(684544K)->0K(685568K) From: 1728K(7168K)->1120K(6656K)
[63.705s][info][gc,heap        ] GC(110) ParOldGen: 29110K(1398272K)->29198K(1398272K)
[63.705s][info][gc,metaspace   ] GC(110) Metaspace: 52492K(52928K)->52492K(52928K) NonClass: 45960K(46144K)->45960K(46144K) Class: 6531K(6784K)->6531K(6784K)
[63.705s][info][gc             ] GC(110) Pause Young (Allocation Failure) 698M->29M(2041M) 1.132ms
[63.705s][info][gc,cpu         ] GC(110) User=0.00s Sys=0.00s Real=0.00s
[63.865s][info][gc,start       ] GC(111) Pause Young (System.gc())
[63.867s][info][gc,heap        ] GC(111) PSYoungGen: 159484K(692224K)->2720K(692224K) Eden: 158364K(685568K)->0K(685568K) From: 1120K(6656K)->2720K(6656K)
[63.867s][info][gc,heap        ] GC(111) ParOldGen: 29198K(1398272K)->29646K(1398272K)
[63.867s][info][gc,metaspace   ] GC(111) Metaspace: 52495K(52928K)->52495K(52928K) NonClass: 45964K(46144K)->45964K(46144K) Class: 6531K(6784K)->6531K(6784K)
[63.867s][info][gc             ] GC(111) Pause Young (System.gc()) 184M->31M(2041M) 1.894ms
[63.867s][info][gc,cpu         ] GC(111) User=0.00s Sys=0.00s Real=0.00s
[63.867s][info][gc,start       ] GC(112) Pause Full (System.gc())
[63.867s][info][gc,phases,start] GC(112) Marking Phase
[63.888s][info][gc,phases      ] GC(112) Marking Phase 20.965ms
[63.888s][info][gc,phases,start] GC(112) Summary Phase
[63.888s][info][gc,phases      ] GC(112) Summary Phase 0.010ms
[63.888s][info][gc,phases,start] GC(112) Adjust Roots
[63.898s][info][gc,phases      ] GC(112) Adjust Roots 9.659ms
[63.898s][info][gc,phases,start] GC(112) Compaction Phase
[63.904s][info][gc,phases      ] GC(112) Compaction Phase 5.852ms
[63.904s][info][gc,phases,start] GC(112) Post Compact
[63.904s][info][gc,phases      ] GC(112) Post Compact 0.458ms
[63.904s][info][gc,heap        ] GC(112) PSYoungGen: 2720K(692224K)->0K(692224K) Eden: 0K(685568K)->0K(685568K) From: 2720K(6656K)->0K(6656K)
[63.904s][info][gc,heap        ] GC(112) ParOldGen: 29646K(1398272K)->25333K(1398272K)
[63.904s][info][gc,metaspace   ] GC(112) Metaspace: 52495K(52928K)->52495K(52928K) NonClass: 45964K(46144K)->45964K(46144K) Class: 6531K(6784K)->6531K(6784K)
[63.904s][info][gc             ] GC(112) Pause Full (System.gc()) 31M->24M(2041M) 37.250ms
[63.904s][info][gc,cpu         ] GC(112) User=0.00s Sys=0.00s Real=0.03s
[64.637s][info][gc,start       ] GC(113) Pause Young (Allocation Failure)
[64.640s][info][gc,heap        ] GC(113) PSYoungGen: 685568K(692224K)->4864K(691712K) Eden: 685568K(685568K)->0K(685568K) From: 0K(6656K)->4864K(6144K)
[64.640s][info][gc,heap        ] GC(113) ParOldGen: 25333K(1398272K)->25333K(1398272K)
[64.640s][info][gc,metaspace   ] GC(113) Metaspace: 52505K(52992K)->52505K(52992K) NonClass: 45970K(46208K)->45970K(46208K) Class: 6534K(6784K)->6534K(6784K)
[64.640s][info][gc             ] GC(113) Pause Young (Allocation Failure) 694M->29M(2041M) 2.967ms
[64.640s][info][gc,cpu         ] GC(113) User=0.00s Sys=0.00s Real=0.00s
[65.273s][info][gc,start       ] GC(114) Pause Young (Allocation Failure)
[65.276s][info][gc,heap        ] GC(114) PSYoungGen: 690432K(691712K)->1568K(692224K) Eden: 685568K(685568K)->0K(685568K) From: 4864K(6144K)->1568K(6656K)
[65.276s][info][gc,heap        ] GC(114) ParOldGen: 25333K(1398272K)->29053K(1398272K)
[65.276s][info][gc,metaspace   ] GC(114) Metaspace: 52506K(52992K)->52506K(52992K) NonClass: 45972K(46208K)->45972K(46208K) Class: 6534K(6784K)->6534K(6784K)
[65.276s][info][gc             ] GC(114) Pause Young (Allocation Failure) 698M->29M(2041M) 2.941ms
[65.276s][info][gc,cpu         ] GC(114) User=0.00s Sys=0.00s Real=0.00s
[65.960s][info][gc,start       ] GC(115) Pause Young (Allocation Failure)
[65.961s][info][gc,heap        ] GC(115) PSYoungGen: 687136K(692224K)->1600K(692224K) Eden: 685568K(685568K)->0K(685568K) From: 1568K(6656K)->1600K(6656K)
[65.961s][info][gc,heap        ] GC(115) ParOldGen: 29053K(1398272K)->29149K(1398272K)
[65.961s][info][gc,metaspace   ] GC(115) Metaspace: 52506K(52992K)->52506K(52992K) NonClass: 45972K(46208K)->45972K(46208K) Class: 6534K(6784K)->6534K(6784K)
[65.962s][info][gc             ] GC(115) Pause Young (Allocation Failure) 699M->30M(2041M) 1.310ms
[65.962s][info][gc,cpu         ] GC(115) User=0.00s Sys=0.00s Real=0.00s
[66.130s][info][gc,start       ] GC(116) Pause Young (System.gc())
[66.132s][info][gc,heap        ] GC(116) PSYoungGen: 151870K(692224K)->2752K(692224K) Eden: 150270K(685568K)->0K(685568K) From: 1600K(6656K)->2752K(6656K)
[66.132s][info][gc,heap        ] GC(116) ParOldGen: 29149K(1398272K)->29605K(1398272K)
[66.132s][info][gc,metaspace   ] GC(116) Metaspace: 52510K(53056K)->52510K(53056K) NonClass: 45975K(46272K)->45975K(46272K) Class: 6534K(6784K)->6534K(6784K)
[66.132s][info][gc             ] GC(116) Pause Young (System.gc()) 176M->31M(2041M) 2.118ms
[66.132s][info][gc,cpu         ] GC(116) User=0.00s Sys=0.00s Real=0.00s
[66.132s][info][gc,start       ] GC(117) Pause Full (System.gc())
[66.132s][info][gc,phases,start] GC(117) Marking Phase
[66.156s][info][gc,phases      ] GC(117) Marking Phase 23.978ms
[66.156s][info][gc,phases,start] GC(117) Summary Phase
[66.156s][info][gc,phases      ] GC(117) Summary Phase 0.013ms
[66.156s][info][gc,phases,start] GC(117) Adjust Roots
[66.166s][info][gc,phases      ] GC(117) Adjust Roots 9.615ms
[66.166s][info][gc,phases,start] GC(117) Compaction Phase
[66.173s][info][gc,phases      ] GC(117) Compaction Phase 7.193ms
[66.173s][info][gc,phases,start] GC(117) Post Compact
[66.173s][info][gc,phases      ] GC(117) Post Compact 0.437ms
[66.173s][info][gc,heap        ] GC(117) PSYoungGen: 2752K(692224K)->0K(692224K) Eden: 0K(685568K)->0K(685568K) From: 2752K(6656K)->0K(6656K)
[66.173s][info][gc,heap        ] GC(117) ParOldGen: 29605K(1398272K)->25359K(1398272K)
[66.173s][info][gc,metaspace   ] GC(117) Metaspace: 52510K(53056K)->52510K(53056K) NonClass: 45975K(46272K)->45975K(46272K) Class: 6534K(6784K)->6534K(6784K)
[66.173s][info][gc             ] GC(117) Pause Full (System.gc()) 31M->24M(2041M) 41.527ms
[66.173s][info][gc,cpu         ] GC(117) User=0.02s Sys=0.00s Real=0.05s
[66.909s][info][gc,start       ] GC(118) Pause Young (Allocation Failure)
[66.913s][info][gc,heap        ] GC(118) PSYoungGen: 685568K(692224K)->5760K(690688K) Eden: 685568K(685568K)->0K(684544K) From: 0K(6656K)->5760K(6144K)
[66.913s][info][gc,heap        ] GC(118) ParOldGen: 25359K(1398272K)->25367K(1398272K)
[66.913s][info][gc,metaspace   ] GC(118) Metaspace: 52511K(53056K)->52511K(53056K) NonClass: 45977K(46272K)->45977K(46272K) Class: 6534K(6784K)->6534K(6784K)
[66.913s][info][gc             ] GC(118) Pause Young (Allocation Failure) 694M->30M(2040M) 3.842ms
[66.913s][info][gc,cpu         ] GC(118) User=0.00s Sys=0.00s Real=0.00s
[67.546s][info][gc,start       ] GC(119) Pause Young (Allocation Failure)
[67.549s][info][gc,heap        ] GC(119) PSYoungGen: 690304K(690688K)->1728K(691712K) Eden: 684544K(684544K)->0K(684544K) From: 5760K(6144K)->1728K(7168K)
[67.549s][info][gc,heap        ] GC(119) ParOldGen: 25367K(1398272K)->29103K(1398272K)
[67.549s][info][gc,metaspace   ] GC(119) Metaspace: 52511K(53056K)->52511K(53056K) NonClass: 45977K(46272K)->45977K(46272K) Class: 6534K(6784K)->6534K(6784K)
[67.549s][info][gc             ] GC(119) Pause Young (Allocation Failure) 698M->30M(2041M) 2.917ms
[67.549s][info][gc,cpu         ] GC(119) User=0.00s Sys=0.00s Real=0.00s
[68.233s][info][gc,start       ] GC(120) Pause Young (Allocation Failure)
[68.236s][info][gc,heap        ] GC(120) PSYoungGen: 686272K(691712K)->1984K(692224K) Eden: 684544K(684544K)->0K(685568K) From: 1728K(7168K)->1984K(6656K)
[68.236s][info][gc,heap        ] GC(120) ParOldGen: 29103K(1398272K)->29175K(1398272K)
[68.236s][info][gc,metaspace   ] GC(120) Metaspace: 52511K(53056K)->52511K(53056K) NonClass: 45977K(46272K)->45977K(46272K) Class: 6534K(6784K)->6534K(6784K)
[68.236s][info][gc             ] GC(120) Pause Young (Allocation Failure) 698M->30M(2041M) 2.813ms
[68.236s][info][gc,cpu         ] GC(120) User=0.00s Sys=0.00s Real=0.00s
[68.376s][info][gc,start       ] GC(121) Pause Young (System.gc())
[68.378s][info][gc,heap        ] GC(121) PSYoungGen: 140230K(692224K)->2720K(692224K) Eden: 138246K(685568K)->0K(685568K) From: 1984K(6656K)->2720K(6656K)
[68.378s][info][gc,heap        ] GC(121) ParOldGen: 29175K(1398272K)->29655K(1398272K)
[68.378s][info][gc,metaspace   ] GC(121) Metaspace: 52511K(53056K)->52511K(53056K) NonClass: 45977K(46272K)->45977K(46272K) Class: 6534K(6784K)->6534K(6784K)
[68.378s][info][gc             ] GC(121) Pause Young (System.gc()) 165M->31M(2041M) 2.621ms
[68.378s][info][gc,cpu         ] GC(121) User=0.00s Sys=0.00s Real=0.00s
[68.378s][info][gc,start       ] GC(122) Pause Full (System.gc())
[68.378s][info][gc,phases,start] GC(122) Marking Phase
[68.402s][info][gc,phases      ] GC(122) Marking Phase 23.453ms
[68.402s][info][gc,phases,start] GC(122) Summary Phase
[68.402s][info][gc,phases      ] GC(122) Summary Phase 0.009ms
[68.402s][info][gc,phases,start] GC(122) Adjust Roots
[68.412s][info][gc,phases      ] GC(122) Adjust Roots 10.320ms
[68.412s][info][gc,phases,start] GC(122) Compaction Phase
[68.418s][info][gc,phases      ] GC(122) Compaction Phase 5.895ms
[68.418s][info][gc,phases,start] GC(122) Post Compact
[68.419s][info][gc,phases      ] GC(122) Post Compact 0.446ms
[68.419s][info][gc,heap        ] GC(122) PSYoungGen: 2720K(692224K)->0K(692224K) Eden: 0K(685568K)->0K(685568K) From: 2720K(6656K)->0K(6656K)
[68.419s][info][gc,heap        ] GC(122) ParOldGen: 29655K(1398272K)->25329K(1398272K)
[68.419s][info][gc,metaspace   ] GC(122) Metaspace: 52511K(53056K)->52511K(53056K) NonClass: 45977K(46272K)->45977K(46272K) Class: 6534K(6784K)->6534K(6784K)
[68.419s][info][gc             ] GC(122) Pause Full (System.gc()) 31M->24M(2041M) 40.402ms
[68.419s][info][gc,cpu         ] GC(122) User=0.00s Sys=0.00s Real=0.03s
[69.154s][info][gc,start       ] GC(123) Pause Young (Allocation Failure)
[69.157s][info][gc,heap        ] GC(123) PSYoungGen: 685568K(692224K)->4832K(691712K) Eden: 685568K(685568K)->0K(685568K) From: 0K(6656K)->4832K(6144K)
[69.157s][info][gc,heap        ] GC(123) ParOldGen: 25329K(1398272K)->25329K(1398272K)
[69.157s][info][gc,metaspace   ] GC(123) Metaspace: 52524K(53056K)->52524K(53056K) NonClass: 45989K(46272K)->45989K(46272K) Class: 6534K(6784K)->6534K(6784K)
[69.157s][info][gc             ] GC(123) Pause Young (Allocation Failure) 694M->29M(2041M) 2.961ms
[69.157s][info][gc,cpu         ] GC(123) User=0.00s Sys=0.02s Real=0.00s
[69.848s][info][gc,start       ] GC(124) Pause Young (Allocation Failure)
[69.851s][info][gc,heap        ] GC(124) PSYoungGen: 690400K(691712K)->1504K(692224K) Eden: 685568K(685568K)->0K(685568K) From: 4832K(6144K)->1504K(6656K)
[69.851s][info][gc,heap        ] GC(124) ParOldGen: 25329K(1398272K)->29073K(1398272K)
[69.851s][info][gc,metaspace   ] GC(124) Metaspace: 52524K(53056K)->52524K(53056K) NonClass: 45990K(46272K)->45990K(46272K) Class: 6534K(6784K)->6534K(6784K)
[69.851s][info][gc             ] GC(124) Pause Young (Allocation Failure) 698M->29M(2041M) 2.890ms
[69.851s][info][gc,cpu         ] GC(124) User=0.00s Sys=0.00s Real=0.00s
[70.484s][info][gc,start       ] GC(125) Pause Young (Allocation Failure)
[70.485s][info][gc,heap        ] GC(125) PSYoungGen: 687072K(692224K)->1504K(692224K) Eden: 685568K(685568K)->0K(685568K) From: 1504K(6656K)->1504K(6656K)
[70.485s][info][gc,heap        ] GC(125) ParOldGen: 29073K(1398272K)->29161K(1398272K)
[70.485s][info][gc,metaspace   ] GC(125) Metaspace: 52524K(53056K)->52524K(53056K) NonClass: 45990K(46272K)->45990K(46272K) Class: 6534K(6784K)->6534K(6784K)
[70.485s][info][gc             ] GC(125) Pause Young (Allocation Failure) 699M->29M(2041M) 1.324ms
[70.485s][info][gc,cpu         ] GC(125) User=0.02s Sys=0.00s Real=0.00s
[70.621s][info][gc,start       ] GC(126) Pause Young (System.gc())
[70.623s][info][gc,heap        ] GC(126) PSYoungGen: 130621K(692224K)->2656K(692224K) Eden: 129117K(685568K)->0K(685568K) From: 1504K(6656K)->2656K(6656K)
[70.623s][info][gc,heap        ] GC(126) ParOldGen: 29161K(1398272K)->29681K(1398272K)
[70.623s][info][gc,metaspace   ] GC(126) Metaspace: 52526K(53056K)->52526K(53056K) NonClass: 45991K(46272K)->45991K(46272K) Class: 6534K(6784K)->6534K(6784K)
[70.623s][info][gc             ] GC(126) Pause Young (System.gc()) 156M->31M(2041M) 2.449ms
[70.623s][info][gc,cpu         ] GC(126) User=0.00s Sys=0.00s Real=0.00s
[70.623s][info][gc,start       ] GC(127) Pause Full (System.gc())
[70.623s][info][gc,phases,start] GC(127) Marking Phase
[70.645s][info][gc,phases      ] GC(127) Marking Phase 21.496ms
[70.645s][info][gc,phases,start] GC(127) Summary Phase
[70.645s][info][gc,phases      ] GC(127) Summary Phase 0.010ms
[70.645s][info][gc,phases,start] GC(127) Adjust Roots
[70.654s][info][gc,phases      ] GC(127) Adjust Roots 9.800ms
[70.654s][info][gc,phases,start] GC(127) Compaction Phase
[70.661s][info][gc,phases      ] GC(127) Compaction Phase 6.289ms
[70.661s][info][gc,phases,start] GC(127) Post Compact
[70.661s][info][gc,phases      ] GC(127) Post Compact 0.419ms
[70.661s][info][gc,heap        ] GC(127) PSYoungGen: 2656K(692224K)->0K(692224K) Eden: 0K(685568K)->0K(685568K) From: 2656K(6656K)->0K(6656K)
[70.661s][info][gc,heap        ] GC(127) ParOldGen: 29681K(1398272K)->25342K(1398272K)
[70.661s][info][gc,metaspace   ] GC(127) Metaspace: 52526K(53056K)->52526K(53056K) NonClass: 45991K(46272K)->45991K(46272K) Class: 6534K(6784K)->6534K(6784K)
[70.661s][info][gc             ] GC(127) Pause Full (System.gc()) 31M->24M(2041M) 38.294ms
[70.661s][info][gc,cpu         ] GC(127) User=0.03s Sys=0.00s Real=0.03s
[71.423s][info][gc,start       ] GC(128) Pause Young (Allocation Failure)
[71.426s][info][gc,heap        ] GC(128) PSYoungGen: 685568K(692224K)->5216K(691712K) Eden: 685568K(685568K)->0K(685568K) From: 0K(6656K)->5216K(6144K)
[71.426s][info][gc,heap        ] GC(128) ParOldGen: 25342K(1398272K)->25342K(1398272K)
[71.426s][info][gc,metaspace   ] GC(128) Metaspace: 52529K(53056K)->52529K(53056K) NonClass: 45994K(46272K)->45994K(46272K) Class: 6534K(6784K)->6534K(6784K)
[71.426s][info][gc             ] GC(128) Pause Young (Allocation Failure) 694M->29M(2041M) 3.069ms
[71.426s][info][gc,cpu         ] GC(128) User=0.00s Sys=0.00s Real=0.00s
[72.107s][info][gc,start       ] GC(129) Pause Young (Allocation Failure)
[72.110s][info][gc,heap        ] GC(129) PSYoungGen: 690784K(691712K)->2112K(692224K) Eden: 685568K(685568K)->0K(685568K) From: 5216K(6144K)->2112K(6656K)
[72.110s][info][gc,heap        ] GC(129) ParOldGen: 25342K(1398272K)->29054K(1398272K)
[72.110s][info][gc,metaspace   ] GC(129) Metaspace: 52537K(53056K)->52537K(53056K) NonClass: 46002K(46272K)->46002K(46272K) Class: 6534K(6784K)->6534K(6784K)
[72.110s][info][gc             ] GC(129) Pause Young (Allocation Failure) 699M->30M(2041M) 3.099ms
[72.110s][info][gc,cpu         ] GC(129) User=0.02s Sys=0.00s Real=0.00s
[72.767s][info][gc,start       ] GC(130) Pause Young (Allocation Failure)
[72.768s][info][gc,heap        ] GC(130) PSYoungGen: 687680K(692224K)->1632K(692736K) Eden: 685568K(685568K)->0K(686080K) From: 2112K(6656K)->1632K(6656K)
[72.768s][info][gc,heap        ] GC(130) ParOldGen: 29054K(1398272K)->29134K(1398272K)
[72.768s][info][gc,metaspace   ] GC(130) Metaspace: 52569K(53056K)->52569K(53056K) NonClass: 46030K(46272K)->46030K(46272K) Class: 6538K(6784K)->6538K(6784K)
[72.768s][info][gc             ] GC(130) Pause Young (Allocation Failure) 699M->30M(2042M) 1.367ms
[72.768s][info][gc,cpu         ] GC(130) User=0.00s Sys=0.00s Real=0.00s
[72.890s][info][gc,start       ] GC(131) Pause Young (System.gc())
[72.892s][info][gc,heap        ] GC(131) PSYoungGen: 126157K(692736K)->2720K(692224K) Eden: 124525K(686080K)->0K(686080K) From: 1632K(6656K)->2720K(6144K)
[72.892s][info][gc,heap        ] GC(131) ParOldGen: 29134K(1398272K)->29630K(1398272K)
[72.892s][info][gc,metaspace   ] GC(131) Metaspace: 52569K(53056K)->52569K(53056K) NonClass: 46030K(46272K)->46030K(46272K) Class: 6538K(6784K)->6538K(6784K)
[72.892s][info][gc             ] GC(131) Pause Young (System.gc()) 151M->31M(2041M) 2.205ms
[72.892s][info][gc,cpu         ] GC(131) User=0.02s Sys=0.00s Real=0.02s
[72.892s][info][gc,start       ] GC(132) Pause Full (System.gc())
[72.892s][info][gc,phases,start] GC(132) Marking Phase
[72.914s][info][gc,phases      ] GC(132) Marking Phase 21.894ms
[72.914s][info][gc,phases,start] GC(132) Summary Phase
[72.914s][info][gc,phases      ] GC(132) Summary Phase 0.009ms
[72.914s][info][gc,phases,start] GC(132) Adjust Roots
[72.924s][info][gc,phases      ] GC(132) Adjust Roots 10.019ms
[72.924s][info][gc,phases,start] GC(132) Compaction Phase
[72.931s][info][gc,phases      ] GC(132) Compaction Phase 6.586ms
[72.931s][info][gc,phases,start] GC(132) Post Compact
[72.932s][info][gc,phases      ] GC(132) Post Compact 0.444ms
[72.932s][info][gc,heap        ] GC(132) PSYoungGen: 2720K(692224K)->0K(692224K) Eden: 0K(686080K)->0K(686080K) From: 2720K(6144K)->0K(6144K)
[72.932s][info][gc,heap        ] GC(132) ParOldGen: 29630K(1398272K)->25329K(1398272K)
[72.932s][info][gc,metaspace   ] GC(132) Metaspace: 52569K(53056K)->52569K(53056K) NonClass: 46030K(46272K)->46030K(46272K) Class: 6538K(6784K)->6538K(6784K)
[72.932s][info][gc             ] GC(132) Pause Full (System.gc()) 31M->24M(2041M) 39.204ms
[72.932s][info][gc,cpu         ] GC(132) User=0.00s Sys=0.00s Real=0.03s
[73.736s][info][gc,start       ] GC(133) Pause Young (Allocation Failure)
[73.739s][info][gc,heap        ] GC(133) PSYoungGen: 686080K(692224K)->5184K(691712K) Eden: 686080K(686080K)->0K(685568K) From: 0K(6144K)->5184K(6144K)
[73.739s][info][gc,heap        ] GC(133) ParOldGen: 25329K(1398272K)->25329K(1398272K)
[73.739s][info][gc,metaspace   ] GC(133) Metaspace: 52569K(53056K)->52569K(53056K) NonClass: 46031K(46272K)->46031K(46272K) Class: 6538K(6784K)->6538K(6784K)
[73.739s][info][gc             ] GC(133) Pause Young (Allocation Failure) 694M->29M(2041M) 3.110ms
[73.739s][info][gc,cpu         ] GC(133) User=0.00s Sys=0.00s Real=0.00s
[74.360s][info][gc,start       ] GC(134) Pause Young (Allocation Failure)
[74.363s][info][gc,heap        ] GC(134) PSYoungGen: 690752K(691712K)->2432K(692224K) Eden: 685568K(685568K)->0K(685568K) From: 5184K(6144K)->2432K(6656K)
[74.363s][info][gc,heap        ] GC(134) ParOldGen: 25329K(1398272K)->29033K(1398272K)
[74.363s][info][gc,metaspace   ] GC(134) Metaspace: 52569K(53056K)->52569K(53056K) NonClass: 46031K(46272K)->46031K(46272K) Class: 6538K(6784K)->6538K(6784K)
[74.363s][info][gc             ] GC(134) Pause Young (Allocation Failure) 699M->30M(2041M) 3.208ms
[74.363s][info][gc,cpu         ] GC(134) User=0.02s Sys=0.00s Real=0.00s
[74.986s][info][gc,start       ] GC(135) Pause Young (Allocation Failure)
[74.988s][info][gc,heap        ] GC(135) PSYoungGen: 688000K(692224K)->1952K(692736K) Eden: 685568K(685568K)->0K(686080K) From: 2432K(6656K)->1952K(6656K)
[74.988s][info][gc,heap        ] GC(135) ParOldGen: 29033K(1398272K)->29121K(1398272K)
[74.988s][info][gc,metaspace   ] GC(135) Metaspace: 52569K(53056K)->52569K(53056K) NonClass: 46031K(46272K)->46031K(46272K) Class: 6538K(6784K)->6538K(6784K)
[74.988s][info][gc             ] GC(135) Pause Young (Allocation Failure) 700M->30M(2042M) 1.510ms
[74.988s][info][gc,cpu         ] GC(135) User=0.00s Sys=0.00s Real=0.00s
[75.139s][info][gc,start       ] GC(136) Pause Young (System.gc())
[75.141s][info][gc,heap        ] GC(136) PSYoungGen: 129808K(692736K)->2656K(692224K) Eden: 127856K(686080K)->0K(686080K) From: 1952K(6656K)->2656K(6144K)
[75.141s][info][gc,heap        ] GC(136) ParOldGen: 29121K(1398272K)->29673K(1398272K)
[75.141s][info][gc,metaspace   ] GC(136) Metaspace: 52569K(53056K)->52569K(53056K) NonClass: 46031K(46272K)->46031K(46272K) Class: 6538K(6784K)->6538K(6784K)
[75.141s][info][gc             ] GC(136) Pause Young (System.gc()) 155M->31M(2041M) 1.990ms
[75.141s][info][gc,cpu         ] GC(136) User=0.00s Sys=0.00s Real=0.00s
[75.142s][info][gc,start       ] GC(137) Pause Full (System.gc())
[75.142s][info][gc,phases,start] GC(137) Marking Phase
[75.165s][info][gc,phases      ] GC(137) Marking Phase 23.764ms
[75.165s][info][gc,phases,start] GC(137) Summary Phase
[75.165s][info][gc,phases      ] GC(137) Summary Phase 0.009ms
[75.165s][info][gc,phases,start] GC(137) Adjust Roots
[75.175s][info][gc,phases      ] GC(137) Adjust Roots 9.388ms
[75.175s][info][gc,phases,start] GC(137) Compaction Phase
[75.181s][info][gc,phases      ] GC(137) Compaction Phase 6.445ms
[75.181s][info][gc,phases,start] GC(137) Post Compact
[75.182s][info][gc,phases      ] GC(137) Post Compact 0.523ms
[75.182s][info][gc,heap        ] GC(137) PSYoungGen: 2656K(692224K)->0K(692224K) Eden: 0K(686080K)->0K(686080K) From: 2656K(6144K)->0K(6144K)
[75.182s][info][gc,heap        ] GC(137) ParOldGen: 29673K(1398272K)->25279K(1398272K)
[75.182s][info][gc,metaspace   ] GC(137) Metaspace: 52569K(53056K)->52569K(53056K) NonClass: 46031K(46272K)->46031K(46272K) Class: 6538K(6784K)->6538K(6784K)
[75.182s][info][gc             ] GC(137) Pause Full (System.gc()) 31M->24M(2041M) 40.432ms
[75.182s][info][gc,cpu         ] GC(137) User=0.02s Sys=0.00s Real=0.03s
[75.972s][info][gc,start       ] GC(138) Pause Young (Allocation Failure)
[75.975s][info][gc,heap        ] GC(138) PSYoungGen: 686080K(692224K)->5792K(691712K) Eden: 686080K(686080K)->0K(685568K) From: 0K(6144K)->5792K(6144K)
[75.976s][info][gc,heap        ] GC(138) ParOldGen: 25279K(1398272K)->25279K(1398272K)
[75.976s][info][gc,metaspace   ] GC(138) Metaspace: 52569K(53056K)->52569K(53056K) NonClass: 46031K(46272K)->46031K(46272K) Class: 6538K(6784K)->6538K(6784K)
[75.976s][info][gc             ] GC(138) Pause Young (Allocation Failure) 694M->30M(2041M) 3.270ms
[75.976s][info][gc,cpu         ] GC(138) User=0.00s Sys=0.00s Real=0.00s
[76.622s][info][gc,start       ] GC(139) Pause Young (Allocation Failure)
[76.624s][info][gc,heap        ] GC(139) PSYoungGen: 691360K(691712K)->1312K(692224K) Eden: 685568K(685568K)->0K(685568K) From: 5792K(6144K)->1312K(6656K)
[76.624s][info][gc,heap        ] GC(139) ParOldGen: 25279K(1398272K)->29023K(1398272K)
[76.624s][info][gc,metaspace   ] GC(139) Metaspace: 52569K(53056K)->52569K(53056K) NonClass: 46031K(46272K)->46031K(46272K) Class: 6538K(6784K)->6538K(6784K)
[76.624s][info][gc             ] GC(139) Pause Young (Allocation Failure) 699M->29M(2041M) 2.689ms
[76.624s][info][gc,cpu         ] GC(139) User=0.00s Sys=0.00s Real=0.00s
[77.266s][info][gc,start       ] GC(140) Pause Young (Allocation Failure)
[77.267s][info][gc,heap        ] GC(140) PSYoungGen: 686880K(692224K)->1312K(692224K) Eden: 685568K(685568K)->0K(685568K) From: 1312K(6656K)->1312K(6656K)
[77.267s][info][gc,heap        ] GC(140) ParOldGen: 29023K(1398272K)->29095K(1398272K)
[77.267s][info][gc,metaspace   ] GC(140) Metaspace: 52569K(53056K)->52569K(53056K) NonClass: 46031K(46272K)->46031K(46272K) Class: 6538K(6784K)->6538K(6784K)
[77.267s][info][gc             ] GC(140) Pause Young (Allocation Failure) 699M->29M(2041M) 1.554ms
[77.267s][info][gc,cpu         ] GC(140) User=0.00s Sys=0.00s Real=0.00s
[77.409s][info][gc,start       ] GC(141) Pause Young (System.gc())
[77.411s][info][gc,heap        ] GC(141) PSYoungGen: 126672K(692224K)->2656K(692224K) Eden: 125360K(685568K)->0K(685568K) From: 1312K(6656K)->2656K(6656K)
[77.411s][info][gc,heap        ] GC(141) ParOldGen: 29095K(1398272K)->29639K(1398272K)
[77.411s][info][gc,metaspace   ] GC(141) Metaspace: 52577K(53056K)->52577K(53056K) NonClass: 46038K(46272K)->46038K(46272K) Class: 6538K(6784K)->6538K(6784K)
[77.411s][info][gc             ] GC(141) Pause Young (System.gc()) 152M->31M(2041M) 2.018ms
[77.411s][info][gc,cpu         ] GC(141) User=0.00s Sys=0.00s Real=0.00s
[77.412s][info][gc,start       ] GC(142) Pause Full (System.gc())
[77.412s][info][gc,phases,start] GC(142) Marking Phase
[77.436s][info][gc,phases      ] GC(142) Marking Phase 24.562ms
[77.436s][info][gc,phases,start] GC(142) Summary Phase
[77.436s][info][gc,phases      ] GC(142) Summary Phase 0.012ms
[77.436s][info][gc,phases,start] GC(142) Adjust Roots
[77.446s][info][gc,phases      ] GC(142) Adjust Roots 9.853ms
[77.446s][info][gc,phases,start] GC(142) Compaction Phase
[77.452s][info][gc,phases      ] GC(142) Compaction Phase 5.891ms
[77.452s][info][gc,phases,start] GC(142) Post Compact
[77.453s][info][gc,phases      ] GC(142) Post Compact 0.512ms
[77.453s][info][gc,heap        ] GC(142) PSYoungGen: 2656K(692224K)->0K(692224K) Eden: 0K(685568K)->0K(685568K) From: 2656K(6656K)->0K(6656K)
[77.453s][info][gc,heap        ] GC(142) ParOldGen: 29639K(1398272K)->25303K(1398272K)
[77.453s][info][gc,metaspace   ] GC(142) Metaspace: 52577K(53056K)->52577K(53056K) NonClass: 46038K(46272K)->46038K(46272K) Class: 6538K(6784K)->6538K(6784K)
[77.453s][info][gc             ] GC(142) Pause Full (System.gc()) 31M->24M(2041M) 41.148ms
[77.453s][info][gc,cpu         ] GC(142) User=0.02s Sys=0.00s Real=0.05s
[78.268s][info][gc,start       ] GC(143) Pause Young (Allocation Failure)
[78.271s][info][gc,heap        ] GC(143) PSYoungGen: 685568K(692224K)->5696K(690688K) Eden: 685568K(685568K)->0K(684544K) From: 0K(6656K)->5696K(6144K)
[78.273s][info][gc,heap        ] GC(143) ParOldGen: 25303K(1398272K)->25303K(1398272K)
[78.273s][info][gc,metaspace   ] GC(143) Metaspace: 52590K(53056K)->52590K(53056K) NonClass: 46052K(46272K)->46052K(46272K) Class: 6538K(6784K)->6538K(6784K)
[78.273s][info][gc             ] GC(143) Pause Young (Allocation Failure) 694M->30M(2040M) 5.492ms
[78.273s][info][gc,cpu         ] GC(143) User=0.00s Sys=0.00s Real=0.00s
[78.890s][info][gc,start       ] GC(144) Pause Young (Allocation Failure)
[78.893s][info][gc,heap        ] GC(144) PSYoungGen: 690240K(690688K)->1920K(691712K) Eden: 684544K(684544K)->0K(684544K) From: 5696K(6144K)->1920K(7168K)
[78.893s][info][gc,heap        ] GC(144) ParOldGen: 25303K(1398272K)->29039K(1398272K)
[78.893s][info][gc,metaspace   ] GC(144) Metaspace: 52590K(53056K)->52590K(53056K) NonClass: 46052K(46272K)->46052K(46272K) Class: 6538K(6784K)->6538K(6784K)
[78.893s][info][gc             ] GC(144) Pause Young (Allocation Failure) 698M->30M(2041M) 2.948ms
[78.893s][info][gc,cpu         ] GC(144) User=0.00s Sys=0.00s Real=0.00s
[79.530s][info][gc,start       ] GC(145) Pause Young (Allocation Failure)
[79.531s][info][gc,heap        ] GC(145) PSYoungGen: 686464K(691712K)->1600K(692224K) Eden: 684544K(684544K)->0K(685568K) From: 1920K(7168K)->1600K(6656K)
[79.531s][info][gc,heap        ] GC(145) ParOldGen: 29039K(1398272K)->29119K(1398272K)
[79.531s][info][gc,metaspace   ] GC(145) Metaspace: 52590K(53056K)->52590K(53056K) NonClass: 46052K(46272K)->46052K(46272K) Class: 6538K(6784K)->6538K(6784K)
[79.531s][info][gc             ] GC(145) Pause Young (Allocation Failure) 698M->29M(2041M) 1.608ms
[79.531s][info][gc,cpu         ] GC(145) User=0.00s Sys=0.00s Real=0.00s
[79.702s][info][gc,start       ] GC(146) Pause Young (System.gc())
[79.705s][info][gc,heap        ] GC(146) PSYoungGen: 102600K(692224K)->2624K(692224K) Eden: 101000K(685568K)->0K(685568K) From: 1600K(6656K)->2624K(6656K)
[79.706s][info][gc,heap        ] GC(146) ParOldGen: 29119K(1398272K)->29727K(1398272K)
[79.706s][info][gc,metaspace   ] GC(146) Metaspace: 52590K(53056K)->52590K(53056K) NonClass: 46052K(46272K)->46052K(46272K) Class: 6538K(6784K)->6538K(6784K)
[79.706s][info][gc             ] GC(146) Pause Young (System.gc()) 128M->31M(2041M) 3.685ms
[79.706s][info][gc,cpu         ] GC(146) User=0.00s Sys=0.02s Real=0.00s
[79.706s][info][gc,start       ] GC(147) Pause Full (System.gc())
[79.706s][info][gc,phases,start] GC(147) Marking Phase
[79.729s][info][gc,phases      ] GC(147) Marking Phase 23.077ms
[79.729s][info][gc,phases,start] GC(147) Summary Phase
[79.729s][info][gc,phases      ] GC(147) Summary Phase 0.010ms
[79.729s][info][gc,phases,start] GC(147) Adjust Roots
[79.739s][info][gc,phases      ] GC(147) Adjust Roots 9.841ms
[79.739s][info][gc,phases,start] GC(147) Compaction Phase
[79.745s][info][gc,phases      ] GC(147) Compaction Phase 6.122ms
[79.745s][info][gc,phases,start] GC(147) Post Compact
[79.745s][info][gc,phases      ] GC(147) Post Compact 0.486ms
[79.745s][info][gc,heap        ] GC(147) PSYoungGen: 2624K(692224K)->0K(692224K) Eden: 0K(685568K)->0K(685568K) From: 2624K(6656K)->0K(6656K)
[79.745s][info][gc,heap        ] GC(147) ParOldGen: 29727K(1398272K)->25337K(1398272K)
[79.745s][info][gc,metaspace   ] GC(147) Metaspace: 52590K(53056K)->52590K(53056K) NonClass: 46052K(46272K)->46052K(46272K) Class: 6538K(6784K)->6538K(6784K)
[79.745s][info][gc             ] GC(147) Pause Full (System.gc()) 31M->24M(2041M) 39.807ms
[79.745s][info][gc,cpu         ] GC(147) User=0.00s Sys=0.00s Real=0.03s
[80.474s][info][gc,start       ] GC(148) Pause Young (Allocation Failure)
[80.477s][info][gc,heap        ] GC(148) PSYoungGen: 685568K(692224K)->6624K(690176K) Eden: 685568K(685568K)->0K(683520K) From: 0K(6656K)->6624K(6656K)
[80.477s][info][gc,heap        ] GC(148) ParOldGen: 25337K(1398272K)->25345K(1398272K)
[80.477s][info][gc,metaspace   ] GC(148) Metaspace: 52590K(53056K)->52590K(53056K) NonClass: 46052K(46272K)->46052K(46272K) Class: 6538K(6784K)->6538K(6784K)
[80.477s][info][gc             ] GC(148) Pause Young (Allocation Failure) 694M->31M(2039M) 3.789ms
[80.477s][info][gc,cpu         ] GC(148) User=0.00s Sys=0.00s Real=0.00s
[81.097s][info][gc,start       ] GC(149) Pause Young (Allocation Failure)
[81.100s][info][gc,heap        ] GC(149) PSYoungGen: 690144K(690176K)->1536K(691200K) Eden: 683520K(683520K)->0K(683520K) From: 6624K(6656K)->1536K(7680K)
[81.100s][info][gc,heap        ] GC(149) ParOldGen: 25345K(1398272K)->29097K(1398272K)
[81.100s][info][gc,metaspace   ] GC(149) Metaspace: 52592K(53056K)->52592K(53056K) NonClass: 46053K(46272K)->46053K(46272K) Class: 6538K(6784K)->6538K(6784K)
[81.100s][info][gc             ] GC(149) Pause Young (Allocation Failure) 698M->29M(2040M) 2.908ms
[81.100s][info][gc,cpu         ] GC(149) User=0.00s Sys=0.00s Real=0.00s
[81.793s][info][gc,start       ] GC(150) Pause Young (Allocation Failure)
[81.795s][info][gc,heap        ] GC(150) PSYoungGen: 685056K(691200K)->1408K(691712K) Eden: 683520K(683520K)->0K(684544K) From: 1536K(7680K)->1408K(7168K)
[81.795s][info][gc,heap        ] GC(150) ParOldGen: 29097K(1398272K)->29185K(1398272K)
[81.795s][info][gc,metaspace   ] GC(150) Metaspace: 52592K(53056K)->52592K(53056K) NonClass: 46053K(46272K)->46053K(46272K) Class: 6538K(6784K)->6538K(6784K)
[81.795s][info][gc             ] GC(150) Pause Young (Allocation Failure) 697M->29M(2041M) 1.335ms
[81.795s][info][gc,cpu         ] GC(150) User=0.00s Sys=0.00s Real=0.00s
[81.846s][info][gc,start       ] GC(151) Pause Young (System.gc())
[81.849s][info][gc,heap        ] GC(151) PSYoungGen: 54075K(691712K)->2464K(691712K) Eden: 52667K(684544K)->0K(684544K) From: 1408K(7168K)->2464K(7168K)
[81.849s][info][gc,heap        ] GC(151) ParOldGen: 29185K(1398272K)->29953K(1398272K)
[81.849s][info][gc,metaspace   ] GC(151) Metaspace: 52592K(53056K)->52592K(53056K) NonClass: 46053K(46272K)->46053K(46272K) Class: 6538K(6784K)->6538K(6784K)
[81.849s][info][gc             ] GC(151) Pause Young (System.gc()) 81M->31M(2041M) 2.915ms
[81.849s][info][gc,cpu         ] GC(151) User=0.02s Sys=0.00s Real=0.02s
[81.849s][info][gc,start       ] GC(152) Pause Full (System.gc())
[81.849s][info][gc,phases,start] GC(152) Marking Phase
[81.874s][info][gc,phases      ] GC(152) Marking Phase 24.393ms
[81.874s][info][gc,phases,start] GC(152) Summary Phase
[81.874s][info][gc,phases      ] GC(152) Summary Phase 0.009ms
[81.874s][info][gc,phases,start] GC(152) Adjust Roots
[81.884s][info][gc,phases      ] GC(152) Adjust Roots 10.345ms
[81.884s][info][gc,phases,start] GC(152) Compaction Phase
[81.890s][info][gc,phases      ] GC(152) Compaction Phase 6.064ms
[81.890s][info][gc,phases,start] GC(152) Post Compact
[81.891s][info][gc,phases      ] GC(152) Post Compact 0.448ms
[81.891s][info][gc,heap        ] GC(152) PSYoungGen: 2464K(691712K)->0K(691712K) Eden: 0K(684544K)->0K(684544K) From: 2464K(7168K)->0K(7168K)
[81.891s][info][gc,heap        ] GC(152) ParOldGen: 29953K(1398272K)->25360K(1398272K)
[81.891s][info][gc,metaspace   ] GC(152) Metaspace: 52592K(53056K)->52592K(53056K) NonClass: 46053K(46272K)->46053K(46272K) Class: 6538K(6784K)->6538K(6784K)
[81.891s][info][gc             ] GC(152) Pause Full (System.gc()) 31M->24M(2041M) 41.525ms
[81.891s][info][gc,cpu         ] GC(152) User=0.00s Sys=0.00s Real=0.03s
[82.614s][info][gc,start       ] GC(153) Pause Young (Allocation Failure)
[82.617s][info][gc,heap        ] GC(153) PSYoungGen: 684544K(691712K)->5088K(691200K) Eden: 684544K(684544K)->0K(684544K) From: 0K(7168K)->5088K(6656K)
[82.617s][info][gc,heap        ] GC(153) ParOldGen: 25360K(1398272K)->25360K(1398272K)
[82.617s][info][gc,metaspace   ] GC(153) Metaspace: 52593K(53056K)->52593K(53056K) NonClass: 46054K(46272K)->46054K(46272K) Class: 6538K(6784K)->6538K(6784K)
[82.617s][info][gc             ] GC(153) Pause Young (Allocation Failure) 693M->29M(2040M) 3.029ms
[82.617s][info][gc,cpu         ] GC(153) User=0.00s Sys=0.00s Real=0.00s
[83.253s][info][gc,start       ] GC(154) Pause Young (Allocation Failure)
[83.256s][info][gc,heap        ] GC(154) PSYoungGen: 689632K(691200K)->1216K(691712K) Eden: 684544K(684544K)->0K(684544K) From: 5088K(6656K)->1216K(7168K)
[83.256s][info][gc,heap        ] GC(154) ParOldGen: 25360K(1398272K)->29072K(1398272K)
[83.256s][info][gc,metaspace   ] GC(154) Metaspace: 52593K(53056K)->52593K(53056K) NonClass: 46054K(46272K)->46054K(46272K) Class: 6538K(6784K)->6538K(6784K)
[83.256s][info][gc             ] GC(154) Pause Young (Allocation Failure) 698M->29M(2041M) 3.090ms
[83.256s][info][gc,cpu         ] GC(154) User=0.00s Sys=0.00s Real=0.00s
[83.936s][info][gc,start       ] GC(155) Pause Young (Allocation Failure)
[83.937s][info][gc,heap        ] GC(155) PSYoungGen: 685760K(691712K)->1184K(691712K) Eden: 684544K(684544K)->0K(684544K) From: 1216K(7168K)->1184K(7168K)
[83.937s][info][gc,heap        ] GC(155) ParOldGen: 29072K(1398272K)->29168K(1398272K)
[83.937s][info][gc,metaspace   ] GC(155) Metaspace: 52593K(53056K)->52593K(53056K) NonClass: 46054K(46272K)->46054K(46272K) Class: 6538K(6784K)->6538K(6784K)
[83.937s][info][gc             ] GC(155) Pause Young (Allocation Failure) 698M->29M(2041M) 1.274ms
[83.937s][info][gc,cpu         ] GC(155) User=0.00s Sys=0.00s Real=0.00s
[83.980s][info][gc,start       ] GC(156) Pause Young (System.gc())
[83.982s][info][gc,heap        ] GC(156) PSYoungGen: 40002K(691712K)->2368K(691712K) Eden: 38818K(684544K)->0K(684544K) From: 1184K(7168K)->2368K(7168K)
[83.982s][info][gc,heap        ] GC(156) ParOldGen: 29168K(1398272K)->30016K(1398272K)
[83.982s][info][gc,metaspace   ] GC(156) Metaspace: 52593K(53056K)->52593K(53056K) NonClass: 46054K(46272K)->46054K(46272K) Class: 6538K(6784K)->6538K(6784K)
[83.982s][info][gc             ] GC(156) Pause Young (System.gc()) 67M->31M(2041M) 2.430ms
[83.982s][info][gc,cpu         ] GC(156) User=0.00s Sys=0.00s Real=0.00s
[83.982s][info][gc,start       ] GC(157) Pause Full (System.gc())
[83.982s][info][gc,phases,start] GC(157) Marking Phase
[84.006s][info][gc,phases      ] GC(157) Marking Phase 23.839ms
[84.006s][info][gc,phases,start] GC(157) Summary Phase
[84.006s][info][gc,phases      ] GC(157) Summary Phase 0.009ms
[84.006s][info][gc,phases,start] GC(157) Adjust Roots
[84.016s][info][gc,phases      ] GC(157) Adjust Roots 9.765ms
[84.016s][info][gc,phases,start] GC(157) Compaction Phase
[84.022s][info][gc,phases      ] GC(157) Compaction Phase 5.948ms
[84.022s][info][gc,phases,start] GC(157) Post Compact
[84.023s][info][gc,phases      ] GC(157) Post Compact 0.430ms
[84.023s][info][gc,heap        ] GC(157) PSYoungGen: 2368K(691712K)->0K(691712K) Eden: 0K(684544K)->0K(684544K) From: 2368K(7168K)->0K(7168K)
[84.023s][info][gc,heap        ] GC(157) ParOldGen: 30016K(1398272K)->25365K(1398272K)
[84.023s][info][gc,metaspace   ] GC(157) Metaspace: 52593K(53056K)->52593K(53056K) NonClass: 46054K(46272K)->46054K(46272K) Class: 6538K(6784K)->6538K(6784K)
[84.023s][info][gc             ] GC(157) Pause Full (System.gc()) 31M->24M(2041M) 40.262ms
[84.023s][info][gc,cpu         ] GC(157) User=0.00s Sys=0.00s Real=0.03s
[84.741s][info][gc,start       ] GC(158) Pause Young (Allocation Failure)
[84.744s][info][gc,heap        ] GC(158) PSYoungGen: 684544K(691712K)->5472K(691200K) Eden: 684544K(684544K)->0K(684544K) From: 0K(7168K)->5472K(6656K)
[84.744s][info][gc,heap        ] GC(158) ParOldGen: 25365K(1398272K)->25365K(1398272K)
[84.744s][info][gc,metaspace   ] GC(158) Metaspace: 52596K(53056K)->52596K(53056K) NonClass: 46056K(46272K)->46056K(46272K) Class: 6539K(6784K)->6539K(6784K)
[84.744s][info][gc             ] GC(158) Pause Young (Allocation Failure) 693M->30M(2040M) 3.200ms
[84.744s][info][gc,cpu         ] GC(158) User=0.00s Sys=0.00s Real=0.00s
[85.378s][info][gc,start       ] GC(159) Pause Young (Allocation Failure)
[85.381s][info][gc,heap        ] GC(159) PSYoungGen: 690016K(691200K)->1728K(691712K) Eden: 684544K(684544K)->0K(684544K) From: 5472K(6656K)->1728K(7168K)
[85.381s][info][gc,heap        ] GC(159) ParOldGen: 25365K(1398272K)->28989K(1398272K)
[85.381s][info][gc,metaspace   ] GC(159) Metaspace: 52596K(53056K)->52596K(53056K) NonClass: 46056K(46272K)->46056K(46272K) Class: 6539K(6784K)->6539K(6784K)
[85.381s][info][gc             ] GC(159) Pause Young (Allocation Failure) 698M->29M(2041M) 2.963ms
[85.381s][info][gc,cpu         ] GC(159) User=0.00s Sys=0.00s Real=0.00s
[86.064s][info][gc,start       ] GC(160) Pause Young (Allocation Failure)
[86.065s][info][gc,heap        ] GC(160) PSYoungGen: 686272K(691712K)->1184K(691712K) Eden: 684544K(684544K)->0K(684544K) From: 1728K(7168K)->1184K(7168K)
[86.066s][info][gc,heap        ] GC(160) ParOldGen: 28989K(1398272K)->29213K(1398272K)
[86.066s][info][gc,metaspace   ] GC(160) Metaspace: 52596K(53056K)->52596K(53056K) NonClass: 46056K(46272K)->46056K(46272K) Class: 6539K(6784K)->6539K(6784K)
[86.066s][info][gc             ] GC(160) Pause Young (Allocation Failure) 698M->29M(2041M) 1.384ms
[86.066s][info][gc,cpu         ] GC(160) User=0.00s Sys=0.00s Real=0.00s
[86.120s][info][gc,start       ] GC(161) Pause Young (System.gc())
[86.122s][info][gc,heap        ] GC(161) PSYoungGen: 45670K(691712K)->2400K(691712K) Eden: 44486K(684544K)->0K(684544K) From: 1184K(7168K)->2400K(7168K)
[86.122s][info][gc,heap        ] GC(161) ParOldGen: 29213K(1398272K)->30061K(1398272K)
[86.122s][info][gc,metaspace   ] GC(161) Metaspace: 52597K(53056K)->52597K(53056K) NonClass: 46057K(46272K)->46057K(46272K) Class: 6539K(6784K)->6539K(6784K)
[86.122s][info][gc             ] GC(161) Pause Young (System.gc()) 73M->31M(2041M) 2.054ms
[86.122s][info][gc,cpu         ] GC(161) User=0.00s Sys=0.00s Real=0.00s
[86.122s][info][gc,start       ] GC(162) Pause Full (System.gc())
[86.122s][info][gc,phases,start] GC(162) Marking Phase
[86.145s][info][gc,phases      ] GC(162) Marking Phase 22.807ms
[86.145s][info][gc,phases,start] GC(162) Summary Phase
[86.145s][info][gc,phases      ] GC(162) Summary Phase 0.009ms
[86.145s][info][gc,phases,start] GC(162) Adjust Roots
[86.155s][info][gc,phases      ] GC(162) Adjust Roots 9.837ms
[86.155s][info][gc,phases,start] GC(162) Compaction Phase
[86.160s][info][gc,phases      ] GC(162) Compaction Phase 5.532ms
[86.161s][info][gc,phases,start] GC(162) Post Compact
[86.161s][info][gc,phases      ] GC(162) Post Compact 0.477ms
[86.161s][info][gc,heap        ] GC(162) PSYoungGen: 2400K(691712K)->0K(691712K) Eden: 0K(684544K)->0K(684544K) From: 2400K(7168K)->0K(7168K)
[86.161s][info][gc,heap        ] GC(162) ParOldGen: 30061K(1398272K)->25371K(1398272K)
[86.161s][info][gc,metaspace   ] GC(162) Metaspace: 52597K(53056K)->52597K(53056K) NonClass: 46057K(46272K)->46057K(46272K) Class: 6539K(6784K)->6539K(6784K)
[86.161s][info][gc             ] GC(162) Pause Full (System.gc()) 31M->24M(2041M) 38.911ms
[86.161s][info][gc,cpu         ] GC(162) User=0.02s Sys=0.00s Real=0.05s
[86.964s][info][gc,start       ] GC(163) Pause Young (Allocation Failure)
[86.968s][info][gc,heap        ] GC(163) PSYoungGen: 684544K(691712K)->6624K(690176K) Eden: 684544K(684544K)->0K(683520K) From: 0K(7168K)->6624K(6656K)
[86.968s][info][gc,heap        ] GC(163) ParOldGen: 25371K(1398272K)->25427K(1398272K)
[86.968s][info][gc,metaspace   ] GC(163) Metaspace: 52602K(53056K)->52602K(53056K) NonClass: 46062K(46272K)->46062K(46272K) Class: 6539K(6784K)->6539K(6784K)
[86.968s][info][gc             ] GC(163) Pause Young (Allocation Failure) 693M->31M(2039M) 4.037ms
[86.968s][info][gc,cpu         ] GC(163) User=0.00s Sys=0.00s Real=0.00s
[87.651s][info][gc,start       ] GC(164) Pause Young (Allocation Failure)
[87.654s][info][gc,heap        ] GC(164) PSYoungGen: 690144K(690176K)->2432K(691200K) Eden: 683520K(683520K)->0K(683520K) From: 6624K(6656K)->2432K(7680K)
[87.654s][info][gc,heap        ] GC(164) ParOldGen: 25427K(1398272K)->29099K(1398272K)
[87.654s][info][gc,metaspace   ] GC(164) Metaspace: 52602K(53056K)->52602K(53056K) NonClass: 46062K(46272K)->46062K(46272K) Class: 6539K(6784K)->6539K(6784K)
[87.654s][info][gc             ] GC(164) Pause Young (Allocation Failure) 698M->30M(2040M) 3.089ms
[87.654s][info][gc,cpu         ] GC(164) User=0.00s Sys=0.00s Real=0.00s
[88.294s][info][gc,start       ] GC(165) Pause Young (Allocation Failure)
[88.295s][info][gc,heap        ] GC(165) PSYoungGen: 685952K(691200K)->1184K(691712K) Eden: 683520K(683520K)->0K(684032K) From: 2432K(7680K)->1184K(7680K)
[88.295s][info][gc,heap        ] GC(165) ParOldGen: 29099K(1398272K)->29283K(1398272K)
[88.295s][info][gc,metaspace   ] GC(165) Metaspace: 52602K(53056K)->52602K(53056K) NonClass: 46062K(46272K)->46062K(46272K) Class: 6539K(6784K)->6539K(6784K)
[88.295s][info][gc             ] GC(165) Pause Young (Allocation Failure) 698M->29M(2041M) 1.336ms
[88.295s][info][gc,cpu         ] GC(165) User=0.00s Sys=0.00s Real=0.00s
[88.350s][info][gc,start       ] GC(166) Pause Young (System.gc())
[88.352s][info][gc,heap        ] GC(166) PSYoungGen: 43378K(691712K)->2336K(691200K) Eden: 42194K(684032K)->0K(684032K) From: 1184K(7680K)->2336K(7168K)
[88.352s][info][gc,heap        ] GC(166) ParOldGen: 29283K(1398272K)->30123K(1398272K)
[88.352s][info][gc,metaspace   ] GC(166) Metaspace: 52603K(53056K)->52603K(53056K) NonClass: 46063K(46272K)->46063K(46272K) Class: 6539K(6784K)->6539K(6784K)
[88.352s][info][gc             ] GC(166) Pause Young (System.gc()) 70M->31M(2040M) 2.031ms
[88.352s][info][gc,cpu         ] GC(166) User=0.00s Sys=0.00s Real=0.00s
[88.352s][info][gc,start       ] GC(167) Pause Full (System.gc())
[88.352s][info][gc,phases,start] GC(167) Marking Phase
[88.375s][info][gc,phases      ] GC(167) Marking Phase 22.299ms
[88.375s][info][gc,phases,start] GC(167) Summary Phase
[88.375s][info][gc,phases      ] GC(167) Summary Phase 0.010ms
[88.375s][info][gc,phases,start] GC(167) Adjust Roots
[88.385s][info][gc,phases      ] GC(167) Adjust Roots 10.409ms
[88.385s][info][gc,phases,start] GC(167) Compaction Phase
[88.392s][info][gc,phases      ] GC(167) Compaction Phase 6.296ms
[88.392s][info][gc,phases,start] GC(167) Post Compact
[88.392s][info][gc,phases      ] GC(167) Post Compact 0.475ms
[88.392s][info][gc,heap        ] GC(167) PSYoungGen: 2336K(691200K)->0K(691200K) Eden: 0K(684032K)->0K(684032K) From: 2336K(7168K)->0K(7168K)
[88.392s][info][gc,heap        ] GC(167) ParOldGen: 30123K(1398272K)->25396K(1398272K)
[88.392s][info][gc,metaspace   ] GC(167) Metaspace: 52603K(53056K)->52603K(53056K) NonClass: 46063K(46272K)->46063K(46272K) Class: 6539K(6784K)->6539K(6784K)
[88.392s][info][gc             ] GC(167) Pause Full (System.gc()) 31M->24M(2040M) 39.773ms
[88.392s][info][gc,cpu         ] GC(167) User=0.02s Sys=0.00s Real=0.03s
[89.115s][info][gc,start       ] GC(168) Pause Young (Allocation Failure)
[89.118s][info][gc,heap        ] GC(168) PSYoungGen: 684032K(691200K)->5408K(690688K) Eden: 684032K(684032K)->0K(683520K) From: 0K(7168K)->5408K(7168K)
[89.118s][info][gc,heap        ] GC(168) ParOldGen: 25396K(1398272K)->25396K(1398272K)
[89.118s][info][gc,metaspace   ] GC(168) Metaspace: 52603K(53056K)->52603K(53056K) NonClass: 46063K(46272K)->46063K(46272K) Class: 6539K(6784K)->6539K(6784K)
[89.118s][info][gc             ] GC(168) Pause Young (Allocation Failure) 692M->30M(2040M) 3.179ms
[89.118s][info][gc,cpu         ] GC(168) User=0.00s Sys=0.00s Real=0.00s
[89.804s][info][gc,start       ] GC(169) Pause Young (Allocation Failure)
[89.807s][info][gc,heap        ] GC(169) PSYoungGen: 688928K(690688K)->1584K(691200K) Eden: 683520K(683520K)->0K(683520K) From: 5408K(7168K)->1584K(7680K)
[89.807s][info][gc,heap        ] GC(169) ParOldGen: 25396K(1398272K)->29076K(1398272K)
[89.807s][info][gc,metaspace   ] GC(169) Metaspace: 52603K(53056K)->52603K(53056K) NonClass: 46063K(46272K)->46063K(46272K) Class: 6539K(6784K)->6539K(6784K)
[89.807s][info][gc             ] GC(169) Pause Young (Allocation Failure) 697M->29M(2040M) 3.054ms
[89.807s][info][gc,cpu         ] GC(169) User=0.00s Sys=0.00s Real=0.00s
[90.442s][info][gc,start       ] GC(170) Pause Young (Allocation Failure)
[90.444s][info][gc,heap        ] GC(170) PSYoungGen: 685104K(691200K)->1760K(691712K) Eden: 683520K(683520K)->0K(684544K) From: 1584K(7680K)->1760K(7168K)
[90.444s][info][gc,heap        ] GC(170) ParOldGen: 29076K(1398272K)->29236K(1398272K)
[90.444s][info][gc,metaspace   ] GC(170) Metaspace: 52603K(53056K)->52603K(53056K) NonClass: 46063K(46272K)->46063K(46272K) Class: 6539K(6784K)->6539K(6784K)
[90.444s][info][gc             ] GC(170) Pause Young (Allocation Failure) 697M->30M(2041M) 1.629ms
[90.444s][info][gc,cpu         ] GC(170) User=0.00s Sys=0.00s Real=0.00s
[90.490s][info][gc,start       ] GC(171) Pause Young (System.gc())
[90.493s][info][gc,heap        ] GC(171) PSYoungGen: 51397K(691712K)->2432K(691712K) Eden: 49637K(684544K)->0K(684544K) From: 1760K(7168K)->2432K(7168K)
[90.493s][info][gc,heap        ] GC(171) ParOldGen: 29236K(1398272K)->30028K(1398272K)
[90.493s][info][gc,metaspace   ] GC(171) Metaspace: 52603K(53056K)->52603K(53056K) NonClass: 46063K(46272K)->46063K(46272K) Class: 6539K(6784K)->6539K(6784K)
[90.493s][info][gc             ] GC(171) Pause Young (System.gc()) 78M->31M(2041M) 2.847ms
[90.493s][info][gc,cpu         ] GC(171) User=0.00s Sys=0.00s Real=0.00s
[90.493s][info][gc,start       ] GC(172) Pause Full (System.gc())
[90.493s][info][gc,phases,start] GC(172) Marking Phase
[90.515s][info][gc,phases      ] GC(172) Marking Phase 22.204ms
[90.515s][info][gc,phases,start] GC(172) Summary Phase
[90.515s][info][gc,phases      ] GC(172) Summary Phase 0.009ms
[90.515s][info][gc,phases,start] GC(172) Adjust Roots
[90.525s][info][gc,phases      ] GC(172) Adjust Roots 10.261ms
[90.525s][info][gc,phases,start] GC(172) Compaction Phase
[90.531s][info][gc,phases      ] GC(172) Compaction Phase 6.099ms
[90.531s][info][gc,phases,start] GC(172) Post Compact
[90.532s][info][gc,phases      ] GC(172) Post Compact 0.380ms
[90.532s][info][gc,heap        ] GC(172) PSYoungGen: 2432K(691712K)->0K(691712K) Eden: 0K(684544K)->0K(684544K) From: 2432K(7168K)->0K(7168K)
[90.532s][info][gc,heap        ] GC(172) ParOldGen: 30028K(1398272K)->25385K(1398272K)
[90.532s][info][gc,metaspace   ] GC(172) Metaspace: 52603K(53056K)->52603K(53056K) NonClass: 46063K(46272K)->46063K(46272K) Class: 6539K(6784K)->6539K(6784K)
[90.532s][info][gc             ] GC(172) Pause Full (System.gc()) 31M->24M(2041M) 39.229ms
[90.532s][info][gc,cpu         ] GC(172) User=0.00s Sys=0.00s Real=0.03s
[91.276s][info][gc,start       ] GC(173) Pause Young (Allocation Failure)
[91.279s][info][gc,heap        ] GC(173) PSYoungGen: 684544K(691712K)->6192K(690176K) Eden: 684544K(684544K)->0K(683520K) From: 0K(7168K)->6192K(6656K)
[91.279s][info][gc,heap        ] GC(173) ParOldGen: 25385K(1398272K)->25385K(1398272K)
[91.279s][info][gc,metaspace   ] GC(173) Metaspace: 52605K(53056K)->52605K(53056K) NonClass: 46065K(46272K)->46065K(46272K) Class: 6539K(6784K)->6539K(6784K)
[91.279s][info][gc             ] GC(173) Pause Young (Allocation Failure) 693M->30M(2039M) 3.585ms
[91.279s][info][gc,cpu         ] GC(173) User=0.00s Sys=0.00s Real=0.00s
[91.955s][info][gc,start       ] GC(174) Pause Young (Allocation Failure)
[91.958s][info][gc,heap        ] GC(174) PSYoungGen: 689712K(690176K)->1344K(691200K) Eden: 683520K(683520K)->0K(683520K) From: 6192K(6656K)->1344K(7680K)
[91.958s][info][gc,heap        ] GC(174) ParOldGen: 25385K(1398272K)->29041K(1398272K)
[91.958s][info][gc,metaspace   ] GC(174) Metaspace: 52605K(53056K)->52605K(53056K) NonClass: 46065K(46272K)->46065K(46272K) Class: 6539K(6784K)->6539K(6784K)
[91.958s][info][gc             ] GC(174) Pause Young (Allocation Failure) 698M->29M(2040M) 2.797ms
[91.958s][info][gc,cpu         ] GC(174) User=0.00s Sys=0.00s Real=0.00s
[92.591s][info][gc,start       ] GC(175) Pause Young (Allocation Failure)
[92.593s][info][gc,heap        ] GC(175) PSYoungGen: 684864K(691200K)->1152K(691712K) Eden: 683520K(683520K)->0K(684032K) From: 1344K(7680K)->1152K(7680K)
[92.593s][info][gc,heap        ] GC(175) ParOldGen: 29041K(1398272K)->29193K(1398272K)
[92.593s][info][gc,metaspace   ] GC(175) Metaspace: 52605K(53056K)->52605K(53056K) NonClass: 46065K(46272K)->46065K(46272K) Class: 6539K(6784K)->6539K(6784K)
[92.593s][info][gc             ] GC(175) Pause Young (Allocation Failure) 697M->29M(2041M) 1.250ms
[92.593s][info][gc,cpu         ] GC(175) User=0.00s Sys=0.00s Real=0.00s
[92.644s][info][gc,start       ] GC(176) Pause Young (System.gc())
[92.646s][info][gc,heap        ] GC(176) PSYoungGen: 49015K(691712K)->2432K(691200K) Eden: 47863K(684032K)->0K(684032K) From: 1152K(7680K)->2432K(7168K)
[92.646s][info][gc,heap        ] GC(176) ParOldGen: 29193K(1398272K)->29961K(1398272K)
[92.646s][info][gc,metaspace   ] GC(176) Metaspace: 52605K(53056K)->52605K(53056K) NonClass: 46065K(46272K)->46065K(46272K) Class: 6539K(6784K)->6539K(6784K)
[92.646s][info][gc             ] GC(176) Pause Young (System.gc()) 76M->31M(2040M) 1.894ms
[92.646s][info][gc,cpu         ] GC(176) User=0.00s Sys=0.00s Real=0.00s
[92.646s][info][gc,start       ] GC(177) Pause Full (System.gc())
[92.646s][info][gc,phases,start] GC(177) Marking Phase
[92.669s][info][gc,phases      ] GC(177) Marking Phase 23.023ms
[92.669s][info][gc,phases,start] GC(177) Summary Phase
[92.669s][info][gc,phases      ] GC(177) Summary Phase 0.011ms
[92.669s][info][gc,phases,start] GC(177) Adjust Roots
[92.679s][info][gc,phases      ] GC(177) Adjust Roots 9.872ms
[92.679s][info][gc,phases,start] GC(177) Compaction Phase
[92.685s][info][gc,phases      ] GC(177) Compaction Phase 5.870ms
[92.685s][info][gc,phases,start] GC(177) Post Compact
[92.686s][info][gc,phases      ] GC(177) Post Compact 0.454ms
[92.686s][info][gc,heap        ] GC(177) PSYoungGen: 2432K(691200K)->0K(691200K) Eden: 0K(684032K)->0K(684032K) From: 2432K(7168K)->0K(7168K)
[92.686s][info][gc,heap        ] GC(177) ParOldGen: 29961K(1398272K)->25358K(1398272K)
[92.686s][info][gc,metaspace   ] GC(177) Metaspace: 52605K(53056K)->52605K(53056K) NonClass: 46065K(46272K)->46065K(46272K) Class: 6539K(6784K)->6539K(6784K)
[92.686s][info][gc             ] GC(177) Pause Full (System.gc()) 31M->24M(2040M) 39.498ms
[92.686s][info][gc,cpu         ] GC(177) User=0.02s Sys=0.00s Real=0.03s
[93.439s][info][gc,start       ] GC(178) Pause Young (Allocation Failure)
[93.443s][info][gc,heap        ] GC(178) PSYoungGen: 684032K(691200K)->5536K(690688K) Eden: 684032K(684032K)->0K(683520K) From: 0K(7168K)->5536K(7168K)
[93.443s][info][gc,heap        ] GC(178) ParOldGen: 25358K(1398272K)->25358K(1398272K)
[93.443s][info][gc,metaspace   ] GC(178) Metaspace: 52605K(53056K)->52605K(53056K) NonClass: 46065K(46272K)->46065K(46272K) Class: 6539K(6784K)->6539K(6784K)
[93.443s][info][gc             ] GC(178) Pause Young (Allocation Failure) 692M->30M(2040M) 3.286ms
[93.443s][info][gc,cpu         ] GC(178) User=0.00s Sys=0.00s Real=0.00s
[94.123s][info][gc,start       ] GC(179) Pause Young (Allocation Failure)
[94.126s][info][gc,heap        ] GC(179) PSYoungGen: 689056K(690688K)->1568K(691200K) Eden: 683520K(683520K)->0K(683520K) From: 5536K(7168K)->1568K(7680K)
[94.126s][info][gc,heap        ] GC(179) ParOldGen: 25358K(1398272K)->28998K(1398272K)
[94.126s][info][gc,metaspace   ] GC(179) Metaspace: 52605K(53056K)->52605K(53056K) NonClass: 46065K(46272K)->46065K(46272K) Class: 6539K(6784K)->6539K(6784K)
[94.126s][info][gc             ] GC(179) Pause Young (Allocation Failure) 697M->29M(2040M) 2.938ms
[94.126s][info][gc,cpu         ] GC(179) User=0.00s Sys=0.02s Real=0.00s
[94.761s][info][gc,start       ] GC(180) Pause Young (Allocation Failure)
[94.762s][info][gc,heap        ] GC(180) PSYoungGen: 685088K(691200K)->1600K(691712K) Eden: 683520K(683520K)->0K(684032K) From: 1568K(7680K)->1600K(7680K)
[94.762s][info][gc,heap        ] GC(180) ParOldGen: 28998K(1398272K)->29198K(1398272K)
[94.762s][info][gc,metaspace   ] GC(180) Metaspace: 52605K(53056K)->52605K(53056K) NonClass: 46065K(46272K)->46065K(46272K) Class: 6539K(6784K)->6539K(6784K)
[94.762s][info][gc             ] GC(180) Pause Young (Allocation Failure) 697M->30M(2041M) 1.391ms
[94.762s][info][gc,cpu         ] GC(180) User=0.00s Sys=0.00s Real=0.00s
[94.818s][info][gc,start       ] GC(181) Pause Young (System.gc())
[94.820s][info][gc,heap        ] GC(181) PSYoungGen: 49345K(691712K)->2368K(691200K) Eden: 47745K(684032K)->0K(684032K) From: 1600K(7680K)->2368K(7168K)
[94.820s][info][gc,heap        ] GC(181) ParOldGen: 29198K(1398272K)->29990K(1398272K)
[94.820s][info][gc,metaspace   ] GC(181) Metaspace: 52607K(53120K)->52607K(53120K) NonClass: 46067K(46336K)->46067K(46336K) Class: 6539K(6784K)->6539K(6784K)
[94.820s][info][gc             ] GC(181) Pause Young (System.gc()) 76M->31M(2040M) 2.198ms
[94.820s][info][gc,cpu         ] GC(181) User=0.00s Sys=0.00s Real=0.00s
[94.820s][info][gc,start       ] GC(182) Pause Full (System.gc())
[94.820s][info][gc,phases,start] GC(182) Marking Phase
[94.843s][info][gc,phases      ] GC(182) Marking Phase 22.761ms
[94.843s][info][gc,phases,start] GC(182) Summary Phase
[94.843s][info][gc,phases      ] GC(182) Summary Phase 0.009ms
[94.843s][info][gc,phases,start] GC(182) Adjust Roots
[94.853s][info][gc,phases      ] GC(182) Adjust Roots 9.892ms
[94.853s][info][gc,phases,start] GC(182) Compaction Phase
[94.859s][info][gc,phases      ] GC(182) Compaction Phase 6.029ms
[94.859s][info][gc,phases,start] GC(182) Post Compact
[94.860s][info][gc,phases      ] GC(182) Post Compact 0.422ms
[94.860s][info][gc,heap        ] GC(182) PSYoungGen: 2368K(691200K)->0K(691200K) Eden: 0K(684032K)->0K(684032K) From: 2368K(7168K)->0K(7168K)
[94.860s][info][gc,heap        ] GC(182) ParOldGen: 29990K(1398272K)->25354K(1398272K)
[94.860s][info][gc,metaspace   ] GC(182) Metaspace: 52607K(53120K)->52607K(53120K) NonClass: 46067K(46336K)->46067K(46336K) Class: 6539K(6784K)->6539K(6784K)
[94.860s][info][gc             ] GC(182) Pause Full (System.gc()) 31M->24M(2040M) 39.388ms
[94.860s][info][gc,cpu         ] GC(182) User=0.00s Sys=0.00s Real=0.04s
[95.648s][info][gc,start       ] GC(183) Pause Young (Allocation Failure)
[95.652s][info][gc,heap        ] GC(183) PSYoungGen: 684032K(691200K)->6176K(690176K) Eden: 684032K(684032K)->0K(683520K) From: 0K(7168K)->6176K(6656K)
[95.652s][info][gc,heap        ] GC(183) ParOldGen: 25354K(1398272K)->25354K(1398272K)
[95.652s][info][gc,metaspace   ] GC(183) Metaspace: 52608K(53120K)->52608K(53120K) NonClass: 46068K(46336K)->46068K(46336K) Class: 6539K(6784K)->6539K(6784K)
[95.652s][info][gc             ] GC(183) Pause Young (Allocation Failure) 692M->30M(2039M) 3.480ms
[95.652s][info][gc,cpu         ] GC(183) User=0.00s Sys=0.00s Real=0.00s
[96.282s][info][gc,start       ] GC(184) Pause Young (Allocation Failure)
[96.285s][info][gc,heap        ] GC(184) PSYoungGen: 689696K(690176K)->2016K(691200K) Eden: 683520K(683520K)->0K(683520K) From: 6176K(6656K)->2016K(7680K)
[96.285s][info][gc,heap        ] GC(184) ParOldGen: 25354K(1398272K)->29114K(1398272K)
[96.285s][info][gc,metaspace   ] GC(184) Metaspace: 52608K(53120K)->52608K(53120K) NonClass: 46068K(46336K)->46068K(46336K) Class: 6539K(6784K)->6539K(6784K)
[96.285s][info][gc             ] GC(184) Pause Young (Allocation Failure) 698M->30M(2040M) 3.218ms
[96.285s][info][gc,cpu         ] GC(184) User=0.00s Sys=0.00s Real=0.00s
[96.932s][info][gc,start       ] GC(185) Pause Young (Allocation Failure)
[96.933s][info][gc,heap        ] GC(185) PSYoungGen: 685535K(691200K)->1728K(691712K) Eden: 683519K(683520K)->0K(684032K) From: 2016K(7680K)->1728K(7680K)
[96.933s][info][gc,heap        ] GC(185) ParOldGen: 29114K(1398272K)->29218K(1398272K)
[96.933s][info][gc,metaspace   ] GC(185) Metaspace: 52608K(53120K)->52608K(53120K) NonClass: 46068K(46336K)->46068K(46336K) Class: 6539K(6784K)->6539K(6784K)
[96.933s][info][gc             ] GC(185) Pause Young (Allocation Failure) 697M->30M(2041M) 1.463ms
[96.933s][info][gc,cpu         ] GC(185) User=0.00s Sys=0.00s Real=0.00s
[97.001s][info][gc,start       ] GC(186) Pause Young (System.gc())
[97.004s][info][gc,heap        ] GC(186) PSYoungGen: 50198K(691712K)->2400K(691200K) Eden: 48470K(684032K)->0K(684032K) From: 1728K(7680K)->2400K(7168K)
[97.004s][info][gc,heap        ] GC(186) ParOldGen: 29218K(1398272K)->30034K(1398272K)
[97.004s][info][gc,metaspace   ] GC(186) Metaspace: 52608K(53120K)->52608K(53120K) NonClass: 46068K(46336K)->46068K(46336K) Class: 6539K(6784K)->6539K(6784K)
[97.004s][info][gc             ] GC(186) Pause Young (System.gc()) 77M->31M(2040M) 2.735ms
[97.004s][info][gc,cpu         ] GC(186) User=0.02s Sys=0.00s Real=0.01s
[97.004s][info][gc,start       ] GC(187) Pause Full (System.gc())
[97.004s][info][gc,phases,start] GC(187) Marking Phase
[97.029s][info][gc,phases      ] GC(187) Marking Phase 24.623ms
[97.029s][info][gc,phases,start] GC(187) Summary Phase
[97.029s][info][gc,phases      ] GC(187) Summary Phase 0.010ms
[97.029s][info][gc,phases,start] GC(187) Adjust Roots
[97.039s][info][gc,phases      ] GC(187) Adjust Roots 9.827ms
[97.039s][info][gc,phases,start] GC(187) Compaction Phase
[97.045s][info][gc,phases      ] GC(187) Compaction Phase 6.157ms
[97.045s][info][gc,phases,start] GC(187) Post Compact
[97.045s][info][gc,phases      ] GC(187) Post Compact 0.455ms
[97.045s][info][gc,heap        ] GC(187) PSYoungGen: 2400K(691200K)->0K(691200K) Eden: 0K(684032K)->0K(684032K) From: 2400K(7168K)->0K(7168K)
[97.045s][info][gc,heap        ] GC(187) ParOldGen: 30034K(1398272K)->25388K(1398272K)
[97.046s][info][gc,metaspace   ] GC(187) Metaspace: 52608K(53120K)->52608K(53120K) NonClass: 46068K(46336K)->46068K(46336K) Class: 6539K(6784K)->6539K(6784K)
[97.046s][info][gc             ] GC(187) Pause Full (System.gc()) 31M->24M(2040M) 41.355ms
[97.046s][info][gc,cpu         ] GC(187) User=0.00s Sys=0.00s Real=0.03s
[97.825s][info][gc,start       ] GC(188) Pause Young (Allocation Failure)
[97.829s][info][gc,heap        ] GC(188) PSYoungGen: 684032K(691200K)->5760K(690688K) Eden: 684032K(684032K)->0K(683520K) From: 0K(7168K)->5760K(7168K)
[97.829s][info][gc,heap        ] GC(188) ParOldGen: 25388K(1398272K)->25388K(1398272K)
[97.829s][info][gc,metaspace   ] GC(188) Metaspace: 52608K(53120K)->52608K(53120K) NonClass: 46068K(46336K)->46068K(46336K) Class: 6539K(6784K)->6539K(6784K)
[97.829s][info][gc             ] GC(188) Pause Young (Allocation Failure) 692M->30M(2040M) 3.728ms
[97.829s][info][gc,cpu         ] GC(188) User=0.02s Sys=0.00s Real=0.00s
[98.467s][info][gc,start       ] GC(189) Pause Young (Allocation Failure)
[98.470s][info][gc,heap        ] GC(189) PSYoungGen: 689280K(690688K)->1568K(691200K) Eden: 683520K(683520K)->0K(683520K) From: 5760K(7168K)->1568K(7680K)
[98.470s][info][gc,heap        ] GC(189) ParOldGen: 25388K(1398272K)->29124K(1398272K)
[98.470s][info][gc,metaspace   ] GC(189) Metaspace: 52608K(53120K)->52608K(53120K) NonClass: 46068K(46336K)->46068K(46336K) Class: 6539K(6784K)->6539K(6784K)
[98.470s][info][gc             ] GC(189) Pause Young (Allocation Failure) 697M->29M(2040M) 2.947ms
[98.470s][info][gc,cpu         ] GC(189) User=0.00s Sys=0.00s Real=0.00s
[99.114s][info][gc,start       ] GC(190) Pause Young (Allocation Failure)
[99.115s][info][gc,heap        ] GC(190) PSYoungGen: 685088K(691200K)->1280K(691712K) Eden: 683520K(683520K)->0K(684032K) From: 1568K(7680K)->1280K(7680K)
[99.115s][info][gc,heap        ] GC(190) ParOldGen: 29124K(1398272K)->29220K(1398272K)
[99.115s][info][gc,metaspace   ] GC(190) Metaspace: 52613K(53120K)->52613K(53120K) NonClass: 46073K(46336K)->46073K(46336K) Class: 6539K(6784K)->6539K(6784K)
[99.115s][info][gc             ] GC(190) Pause Young (Allocation Failure) 697M->29M(2041M) 1.295ms
[99.115s][info][gc,cpu         ] GC(190) User=0.00s Sys=0.00s Real=0.00s
[99.160s][info][gc,start       ] GC(191) Pause Young (System.gc())
[99.162s][info][gc,heap        ] GC(191) PSYoungGen: 44722K(691712K)->2368K(691200K) Eden: 43442K(684032K)->0K(684032K) From: 1280K(7680K)->2368K(7168K)
[99.162s][info][gc,heap        ] GC(191) ParOldGen: 29220K(1398272K)->30068K(1398272K)
[99.162s][info][gc,metaspace   ] GC(191) Metaspace: 52617K(53120K)->52617K(53120K) NonClass: 46077K(46336K)->46077K(46336K) Class: 6539K(6784K)->6539K(6784K)
[99.162s][info][gc             ] GC(191) Pause Young (System.gc()) 72M->31M(2040M) 1.986ms
[99.162s][info][gc,cpu         ] GC(191) User=0.00s Sys=0.00s Real=0.00s
[99.162s][info][gc,start       ] GC(192) Pause Full (System.gc())
[99.162s][info][gc,phases,start] GC(192) Marking Phase
[99.185s][info][gc,phases      ] GC(192) Marking Phase 22.701ms
[99.185s][info][gc,phases,start] GC(192) Summary Phase
[99.185s][info][gc,phases      ] GC(192) Summary Phase 0.009ms
[99.185s][info][gc,phases,start] GC(192) Adjust Roots
[99.194s][info][gc,phases      ] GC(192) Adjust Roots 9.388ms
[99.195s][info][gc,phases,start] GC(192) Compaction Phase
[99.201s][info][gc,phases      ] GC(192) Compaction Phase 6.730ms
[99.201s][info][gc,phases,start] GC(192) Post Compact
[99.202s][info][gc,phases      ] GC(192) Post Compact 0.512ms
[99.202s][info][gc,heap        ] GC(192) PSYoungGen: 2368K(691200K)->0K(691200K) Eden: 0K(684032K)->0K(684032K) From: 2368K(7168K)->0K(7168K)
[99.202s][info][gc,heap        ] GC(192) ParOldGen: 30068K(1398272K)->25391K(1398272K)
[99.202s][info][gc,metaspace   ] GC(192) Metaspace: 52617K(53120K)->52617K(53120K) NonClass: 46077K(46336K)->46077K(46336K) Class: 6539K(6784K)->6539K(6784K)
[99.202s][info][gc             ] GC(192) Pause Full (System.gc()) 31M->24M(2040M) 39.642ms
[99.202s][info][gc,cpu         ] GC(192) User=0.00s Sys=0.00s Real=0.03s
[100.025s][info][gc,start       ] GC(193) Pause Young (Allocation Failure)
[100.028s][info][gc,heap        ] GC(193) PSYoungGen: 684032K(691200K)->5440K(690688K) Eden: 684032K(684032K)->0K(683520K) From: 0K(7168K)->5440K(7168K)
[100.028s][info][gc,heap        ] GC(193) ParOldGen: 25391K(1398272K)->25391K(1398272K)
[100.028s][info][gc,metaspace   ] GC(193) Metaspace: 52618K(53120K)->52618K(53120K) NonClass: 46078K(46336K)->46078K(46336K) Class: 6539K(6784K)->6539K(6784K)
[100.028s][info][gc             ] GC(193) Pause Young (Allocation Failure) 692M->30M(2040M) 3.309ms
[100.028s][info][gc,cpu         ] GC(193) User=0.00s Sys=0.00s Real=0.00s
[100.664s][info][gc,start       ] GC(194) Pause Young (Allocation Failure)
[100.667s][info][gc,heap        ] GC(194) PSYoungGen: 688960K(690688K)->1568K(691200K) Eden: 683520K(683520K)->0K(683520K) From: 5440K(7168K)->1568K(7680K)
[100.667s][info][gc,heap        ] GC(194) ParOldGen: 25391K(1398272K)->29111K(1398272K)
[100.667s][info][gc,metaspace   ] GC(194) Metaspace: 52620K(53120K)->52620K(53120K) NonClass: 46080K(46336K)->46080K(46336K) Class: 6539K(6784K)->6539K(6784K)
[100.667s][info][gc             ] GC(194) Pause Young (Allocation Failure) 697M->29M(2040M) 2.833ms
[100.667s][info][gc,cpu         ] GC(194) User=0.00s Sys=0.00s Real=0.00s
[101.316s][info][gc,start       ] GC(195) Pause Young (Allocation Failure)
[101.318s][info][gc,heap        ] GC(195) PSYoungGen: 685088K(691200K)->1984K(691712K) Eden: 683520K(683520K)->0K(684544K) From: 1568K(7680K)->1984K(7168K)
[101.318s][info][gc,heap        ] GC(195) ParOldGen: 29111K(1398272K)->29199K(1398272K)
[101.318s][info][gc,metaspace   ] GC(195) Metaspace: 52620K(53120K)->52620K(53120K) NonClass: 46080K(46336K)->46080K(46336K) Class: 6539K(6784K)->6539K(6784K)
[101.318s][info][gc             ] GC(195) Pause Young (Allocation Failure) 697M->30M(2041M) 1.694ms
[101.318s][info][gc,cpu         ] GC(195) User=0.00s Sys=0.00s Real=0.00s
[101.355s][info][gc,start       ] GC(196) Pause Young (System.gc())
[101.357s][info][gc,heap        ] GC(196) PSYoungGen: 27802K(691712K)->2304K(691712K) Eden: 25818K(684544K)->0K(684544K) From: 1984K(7168K)->2304K(7168K)
[101.357s][info][gc,heap        ] GC(196) ParOldGen: 29199K(1398272K)->30127K(1398272K)
[101.357s][info][gc,metaspace   ] GC(196) Metaspace: 52620K(53120K)->52620K(53120K) NonClass: 46080K(46336K)->46080K(46336K) Class: 6539K(6784K)->6539K(6784K)
[101.357s][info][gc             ] GC(196) Pause Young (System.gc()) 55M->31M(2041M) 2.083ms
[101.357s][info][gc,cpu         ] GC(196) User=0.00s Sys=0.00s Real=0.00s
[101.357s][info][gc,start       ] GC(197) Pause Full (System.gc())
[101.357s][info][gc,phases,start] GC(197) Marking Phase
[101.379s][info][gc,phases      ] GC(197) Marking Phase 21.950ms
[101.379s][info][gc,phases,start] GC(197) Summary Phase
[101.379s][info][gc,phases      ] GC(197) Summary Phase 0.009ms
[101.379s][info][gc,phases,start] GC(197) Adjust Roots
[101.388s][info][gc,phases      ] GC(197) Adjust Roots 9.442ms
[101.388s][info][gc,phases,start] GC(197) Compaction Phase
[101.395s][info][gc,phases      ] GC(197) Compaction Phase 6.246ms
[101.395s][info][gc,phases,start] GC(197) Post Compact
[101.395s][info][gc,phases      ] GC(197) Post Compact 0.439ms
[101.395s][info][gc,heap        ] GC(197) PSYoungGen: 2304K(691712K)->0K(691712K) Eden: 0K(684544K)->0K(684544K) From: 2304K(7168K)->0K(7168K)
[101.395s][info][gc,heap        ] GC(197) ParOldGen: 30127K(1398272K)->25360K(1398272K)
[101.395s][info][gc,metaspace   ] GC(197) Metaspace: 52620K(53120K)->52620K(53120K) NonClass: 46080K(46336K)->46080K(46336K) Class: 6539K(6784K)->6539K(6784K)
[101.395s][info][gc             ] GC(197) Pause Full (System.gc()) 31M->24M(2041M) 38.393ms
[101.395s][info][gc,cpu         ] GC(197) User=0.03s Sys=0.00s Real=0.05s
[102.185s][info][gc,start       ] GC(198) Pause Young (Allocation Failure)
[102.188s][info][gc,heap        ] GC(198) PSYoungGen: 684544K(691712K)->5248K(691200K) Eden: 684544K(684544K)->0K(684544K) From: 0K(7168K)->5248K(6656K)
[102.188s][info][gc,heap        ] GC(198) ParOldGen: 25360K(1398272K)->25368K(1398272K)
[102.188s][info][gc,metaspace   ] GC(198) Metaspace: 52623K(53120K)->52623K(53120K) NonClass: 46083K(46336K)->46083K(46336K) Class: 6539K(6784K)->6539K(6784K)
[102.188s][info][gc             ] GC(198) Pause Young (Allocation Failure) 693M->29M(2040M) 3.115ms
[102.188s][info][gc,cpu         ] GC(198) User=0.02s Sys=0.00s Real=0.00s
[102.823s][info][gc,start       ] GC(199) Pause Young (Allocation Failure)
[102.826s][info][gc,heap        ] GC(199) PSYoungGen: 689792K(691200K)->2048K(691712K) Eden: 684544K(684544K)->0K(684544K) From: 5248K(6656K)->2048K(7168K)
[102.826s][info][gc,heap        ] GC(199) ParOldGen: 25368K(1398272K)->29120K(1398272K)
[102.826s][info][gc,metaspace   ] GC(199) Metaspace: 52623K(53120K)->52623K(53120K) NonClass: 46083K(46336K)->46083K(46336K) Class: 6539K(6784K)->6539K(6784K)
[102.826s][info][gc             ] GC(199) Pause Young (Allocation Failure) 698M->30M(2041M) 3.180ms
[102.826s][info][gc,cpu         ] GC(199) User=0.00s Sys=0.00s Real=0.00s
[103.471s][info][gc,start       ] GC(200) Pause Young (Allocation Failure)
[103.473s][info][gc,heap        ] GC(200) PSYoungGen: 686592K(691712K)->1696K(692224K) Eden: 684544K(684544K)->0K(685056K) From: 2048K(7168K)->1696K(7168K)
[103.473s][info][gc,heap        ] GC(200) ParOldGen: 29120K(1398272K)->29208K(1398272K)
[103.473s][info][gc,metaspace   ] GC(200) Metaspace: 52623K(53120K)->52623K(53120K) NonClass: 46083K(46336K)->46083K(46336K) Class: 6539K(6784K)->6539K(6784K)
[103.473s][info][gc             ] GC(200) Pause Young (Allocation Failure) 698M->30M(2041M) 1.752ms
[103.473s][info][gc,cpu         ] GC(200) User=0.00s Sys=0.00s Real=0.01s
[103.503s][info][gc,start       ] GC(201) Pause Young (System.gc())
[103.505s][info][gc,heap        ] GC(201) PSYoungGen: 22437K(692224K)->2176K(691712K) Eden: 20741K(685056K)->0K(685056K) From: 1696K(7168K)->2176K(6656K)
[103.505s][info][gc,heap        ] GC(201) ParOldGen: 29208K(1398272K)->30224K(1398272K)
[103.505s][info][gc,metaspace   ] GC(201) Metaspace: 52623K(53120K)->52623K(53120K) NonClass: 46083K(46336K)->46083K(46336K) Class: 6539K(6784K)->6539K(6784K)
[103.505s][info][gc             ] GC(201) Pause Young (System.gc()) 50M->31M(2041M) 1.929ms
[103.505s][info][gc,cpu         ] GC(201) User=0.00s Sys=0.00s Real=0.00s
[103.505s][info][gc,start       ] GC(202) Pause Full (System.gc())
[103.505s][info][gc,phases,start] GC(202) Marking Phase
[103.528s][info][gc,phases      ] GC(202) Marking Phase 22.294ms
[103.528s][info][gc,phases,start] GC(202) Summary Phase
[103.528s][info][gc,phases      ] GC(202) Summary Phase 0.009ms
[103.528s][info][gc,phases,start] GC(202) Adjust Roots
[103.538s][info][gc,phases      ] GC(202) Adjust Roots 9.938ms
[103.538s][info][gc,phases,start] GC(202) Compaction Phase
[103.543s][info][gc,phases      ] GC(202) Compaction Phase 5.901ms
[103.544s][info][gc,phases,start] GC(202) Post Compact
[103.544s][info][gc,phases      ] GC(202) Post Compact 0.588ms
[103.544s][info][gc,heap        ] GC(202) PSYoungGen: 2176K(691712K)->0K(691712K) Eden: 0K(685056K)->0K(685056K) From: 2176K(6656K)->0K(6656K)
[103.544s][info][gc,heap        ] GC(202) ParOldGen: 30224K(1398272K)->25344K(1398272K)
[103.544s][info][gc,metaspace   ] GC(202) Metaspace: 52623K(53120K)->52623K(53120K) NonClass: 46083K(46336K)->46083K(46336K) Class: 6539K(6784K)->6539K(6784K)
[103.544s][info][gc             ] GC(202) Pause Full (System.gc()) 31M->24M(2041M) 39.084ms
[103.544s][info][gc,cpu         ] GC(202) User=0.00s Sys=0.00s Real=0.05s
[104.330s][info][gc,start       ] GC(203) Pause Young (Allocation Failure)
[104.333s][info][gc,heap        ] GC(203) PSYoungGen: 685056K(691712K)->5568K(691200K) Eden: 685056K(685056K)->0K(684544K) From: 0K(6656K)->5568K(6656K)
[104.333s][info][gc,heap        ] GC(203) ParOldGen: 25344K(1398272K)->25344K(1398272K)
[104.333s][info][gc,metaspace   ] GC(203) Metaspace: 52625K(53120K)->52625K(53120K) NonClass: 46085K(46336K)->46085K(46336K) Class: 6539K(6784K)->6539K(6784K)
[104.333s][info][gc             ] GC(203) Pause Young (Allocation Failure) 693M->30M(2040M) 3.337ms
[104.333s][info][gc,cpu         ] GC(203) User=0.00s Sys=0.00s Real=0.00s
[104.953s][info][gc,start       ] GC(204) Pause Young (Allocation Failure)
[104.956s][info][gc,heap        ] GC(204) PSYoungGen: 690112K(691200K)->2336K(691712K) Eden: 684544K(684544K)->0K(684544K) From: 5568K(6656K)->2336K(7168K)
[104.956s][info][gc,heap        ] GC(204) ParOldGen: 25344K(1398272K)->29056K(1398272K)
[104.956s][info][gc,metaspace   ] GC(204) Metaspace: 52625K(53120K)->52625K(53120K) NonClass: 46085K(46336K)->46085K(46336K) Class: 6539K(6784K)->6539K(6784K)
[104.956s][info][gc             ] GC(204) Pause Young (Allocation Failure) 698M->30M(2041M) 3.272ms
[104.956s][info][gc,cpu         ] GC(204) User=0.02s Sys=0.00s Real=0.00s
[105.588s][info][gc,start       ] GC(205) Pause Young (Allocation Failure)
[105.589s][info][gc,heap        ] GC(205) PSYoungGen: 686880K(691712K)->1248K(692224K) Eden: 684544K(684544K)->0K(685056K) From: 2336K(7168K)->1248K(7168K)
[105.589s][info][gc,heap        ] GC(205) ParOldGen: 29056K(1398272K)->29160K(1398272K)
[105.589s][info][gc,metaspace   ] GC(205) Metaspace: 52625K(53120K)->52625K(53120K) NonClass: 46085K(46336K)->46085K(46336K) Class: 6539K(6784K)->6539K(6784K)
[105.589s][info][gc             ] GC(205) Pause Young (Allocation Failure) 699M->29M(2041M) 1.286ms
[105.589s][info][gc,cpu         ] GC(205) User=0.00s Sys=0.00s Real=0.00s
[105.653s][info][gc,start       ] GC(206) Pause Young (System.gc())
[105.655s][info][gc,heap        ] GC(206) PSYoungGen: 29851K(692224K)->2240K(691712K) Eden: 28603K(685056K)->0K(685056K) From: 1248K(7168K)->2240K(6656K)
[105.655s][info][gc,heap        ] GC(206) ParOldGen: 29160K(1398272K)->30104K(1398272K)
[105.655s][info][gc,metaspace   ] GC(206) Metaspace: 52625K(53120K)->52625K(53120K) NonClass: 46085K(46336K)->46085K(46336K) Class: 6539K(6784K)->6539K(6784K)
[105.655s][info][gc             ] GC(206) Pause Young (System.gc()) 57M->31M(2041M) 1.892ms
[105.655s][info][gc,cpu         ] GC(206) User=0.00s Sys=0.00s Real=0.00s
[105.655s][info][gc,start       ] GC(207) Pause Full (System.gc())
[105.655s][info][gc,phases,start] GC(207) Marking Phase
[105.679s][info][gc,phases      ] GC(207) Marking Phase 24.001ms
[105.679s][info][gc,phases,start] GC(207) Summary Phase
[105.679s][info][gc,phases      ] GC(207) Summary Phase 0.010ms
[105.679s][info][gc,phases,start] GC(207) Adjust Roots
[105.688s][info][gc,phases      ] GC(207) Adjust Roots 9.407ms
[105.689s][info][gc,phases,start] GC(207) Compaction Phase
[105.694s][info][gc,phases      ] GC(207) Compaction Phase 5.826ms
[105.694s][info][gc,phases,start] GC(207) Post Compact
[105.695s][info][gc,phases      ] GC(207) Post Compact 0.425ms
[105.695s][info][gc,heap        ] GC(207) PSYoungGen: 2240K(691712K)->0K(691712K) Eden: 0K(685056K)->0K(685056K) From: 2240K(6656K)->0K(6656K)
[105.695s][info][gc,heap        ] GC(207) ParOldGen: 30104K(1398272K)->25365K(1398272K)
[105.695s][info][gc,metaspace   ] GC(207) Metaspace: 52625K(53120K)->52625K(53120K) NonClass: 46085K(46336K)->46085K(46336K) Class: 6539K(6784K)->6539K(6784K)
[105.695s][info][gc             ] GC(207) Pause Full (System.gc()) 31M->24M(2041M) 39.941ms
[105.695s][info][gc,cpu         ] GC(207) User=0.02s Sys=0.00s Real=0.03s
[106.402s][info][gc,start       ] GC(208) Pause Young (Allocation Failure)
[106.405s][info][gc,heap        ] GC(208) PSYoungGen: 685056K(691712K)->5184K(691200K) Eden: 685056K(685056K)->0K(684544K) From: 0K(6656K)->5184K(6656K)
[106.405s][info][gc,heap        ] GC(208) ParOldGen: 25365K(1398272K)->25365K(1398272K)
[106.405s][info][gc,metaspace   ] GC(208) Metaspace: 52626K(53120K)->52626K(53120K) NonClass: 46086K(46336K)->46086K(46336K) Class: 6539K(6784K)->6539K(6784K)
[106.405s][info][gc             ] GC(208) Pause Young (Allocation Failure) 693M->29M(2040M) 3.011ms
[106.405s][info][gc,cpu         ] GC(208) User=0.00s Sys=0.00s Real=0.00s
[107.040s][info][gc,start       ] GC(209) Pause Young (Allocation Failure)
[107.043s][info][gc,heap        ] GC(209) PSYoungGen: 689728K(691200K)->1376K(691712K) Eden: 684544K(684544K)->0K(684544K) From: 5184K(6656K)->1376K(7168K)
[107.043s][info][gc,heap        ] GC(209) ParOldGen: 25365K(1398272K)->28981K(1398272K)
[107.043s][info][gc,metaspace   ] GC(209) Metaspace: 52626K(53120K)->52626K(53120K) NonClass: 46086K(46336K)->46086K(46336K) Class: 6539K(6784K)->6539K(6784K)
[107.043s][info][gc             ] GC(209) Pause Young (Allocation Failure) 698M->29M(2041M) 2.833ms
[107.043s][info][gc,cpu         ] GC(209) User=0.00s Sys=0.00s Real=0.00s
[107.728s][info][gc,start       ] GC(210) Pause Young (Allocation Failure)
[107.729s][info][gc,heap        ] GC(210) PSYoungGen: 685920K(691712K)->1248K(692224K) Eden: 684544K(684544K)->0K(685056K) From: 1376K(7168K)->1248K(7168K)
[107.729s][info][gc,heap        ] GC(210) ParOldGen: 28981K(1398272K)->29205K(1398272K)
[107.729s][info][gc,metaspace   ] GC(210) Metaspace: 52626K(53120K)->52626K(53120K) NonClass: 46086K(46336K)->46086K(46336K) Class: 6539K(6784K)->6539K(6784K)
[107.729s][info][gc             ] GC(210) Pause Young (Allocation Failure) 698M->29M(2041M) 1.329ms
[107.729s][info][gc,cpu         ] GC(210) User=0.00s Sys=0.00s Real=0.00s
[107.751s][info][gc,start       ] GC(211) Pause Young (System.gc())
[107.753s][info][gc,heap        ] GC(211) PSYoungGen: 22773K(692224K)->2208K(691712K) Eden: 21525K(685056K)->0K(685056K) From: 1248K(7168K)->2208K(6656K)
[107.754s][info][gc,heap        ] GC(211) ParOldGen: 29205K(1398272K)->30181K(1398272K)
[107.754s][info][gc,metaspace   ] GC(211) Metaspace: 52626K(53120K)->52626K(53120K) NonClass: 46086K(46336K)->46086K(46336K) Class: 6539K(6784K)->6539K(6784K)
[107.754s][info][gc             ] GC(211) Pause Young (System.gc()) 50M->31M(2041M) 2.066ms
[107.754s][info][gc,cpu         ] GC(211) User=0.02s Sys=0.00s Real=0.02s
[107.754s][info][gc,start       ] GC(212) Pause Full (System.gc())
[107.754s][info][gc,phases,start] GC(212) Marking Phase
[107.776s][info][gc,phases      ] GC(212) Marking Phase 22.641ms
[107.776s][info][gc,phases,start] GC(212) Summary Phase
[107.776s][info][gc,phases      ] GC(212) Summary Phase 0.010ms
[107.776s][info][gc,phases,start] GC(212) Adjust Roots
[107.786s][info][gc,phases      ] GC(212) Adjust Roots 9.630ms
[107.786s][info][gc,phases,start] GC(212) Compaction Phase
[107.792s][info][gc,phases      ] GC(212) Compaction Phase 5.631ms
[107.792s][info][gc,phases,start] GC(212) Post Compact
[107.792s][info][gc,phases      ] GC(212) Post Compact 0.479ms
[107.792s][info][gc,heap        ] GC(212) PSYoungGen: 2208K(691712K)->0K(691712K) Eden: 0K(685056K)->0K(685056K) From: 2208K(6656K)->0K(6656K)
[107.792s][info][gc,heap        ] GC(212) ParOldGen: 30181K(1398272K)->25382K(1398272K)
[107.792s][info][gc,metaspace   ] GC(212) Metaspace: 52626K(53120K)->52626K(53120K) NonClass: 46086K(46336K)->46086K(46336K) Class: 6539K(6784K)->6539K(6784K)
[107.792s][info][gc             ] GC(212) Pause Full (System.gc()) 31M->24M(2041M) 38.753ms
[107.792s][info][gc,cpu         ] GC(212) User=0.00s Sys=0.00s Real=0.03s
[108.490s][info][gc,start       ] GC(213) Pause Young (Allocation Failure)
[108.493s][info][gc,heap        ] GC(213) PSYoungGen: 685056K(691712K)->5408K(691200K) Eden: 685056K(685056K)->0K(684544K) From: 0K(6656K)->5408K(6656K)
[108.493s][info][gc,heap        ] GC(213) ParOldGen: 25382K(1398272K)->25382K(1398272K)
[108.493s][info][gc,metaspace   ] GC(213) Metaspace: 52637K(53120K)->52637K(53120K) NonClass: 46097K(46336K)->46097K(46336K) Class: 6539K(6784K)->6539K(6784K)
[108.493s][info][gc             ] GC(213) Pause Young (Allocation Failure) 693M->30M(2040M) 3.210ms
[108.493s][info][gc,cpu         ] GC(213) User=0.00s Sys=0.00s Real=0.00s
[109.136s][info][gc,start       ] GC(214) Pause Young (Allocation Failure)
[109.138s][info][gc,heap        ] GC(214) PSYoungGen: 689952K(691200K)->1408K(691712K) Eden: 684544K(684544K)->0K(684544K) From: 5408K(6656K)->1408K(7168K)
[109.138s][info][gc,heap        ] GC(214) ParOldGen: 25382K(1398272K)->28990K(1398272K)
[109.138s][info][gc,metaspace   ] GC(214) Metaspace: 52637K(53120K)->52637K(53120K) NonClass: 46097K(46336K)->46097K(46336K) Class: 6539K(6784K)->6539K(6784K)
[109.138s][info][gc             ] GC(214) Pause Young (Allocation Failure) 698M->29M(2041M) 2.815ms
[109.138s][info][gc,cpu         ] GC(214) User=0.00s Sys=0.00s Real=0.00s
[109.809s][info][gc,start       ] GC(215) Pause Young (Allocation Failure)
[109.810s][info][gc,heap        ] GC(215) PSYoungGen: 685952K(691712K)->1120K(691712K) Eden: 684544K(684544K)->0K(684544K) From: 1408K(7168K)->1120K(7168K)
[109.810s][info][gc,heap        ] GC(215) ParOldGen: 28990K(1398272K)->29214K(1398272K)
[109.810s][info][gc,metaspace   ] GC(215) Metaspace: 52637K(53120K)->52637K(53120K) NonClass: 46097K(46336K)->46097K(46336K) Class: 6539K(6784K)->6539K(6784K)
[109.810s][info][gc             ] GC(215) Pause Young (Allocation Failure) 698M->29M(2041M) 1.263ms
[109.810s][info][gc,cpu         ] GC(215) User=0.00s Sys=0.00s Real=0.00s
[109.830s][info][gc,start       ] GC(216) Pause Young (System.gc())
[109.832s][info][gc,heap        ] GC(216) PSYoungGen: 22086K(691712K)->2208K(691712K) Eden: 20966K(684544K)->0K(684544K) From: 1120K(7168K)->2208K(7168K)
[109.832s][info][gc,heap        ] GC(216) ParOldGen: 29214K(1398272K)->30190K(1398272K)
[109.832s][info][gc,metaspace   ] GC(216) Metaspace: 52637K(53120K)->52637K(53120K) NonClass: 46097K(46336K)->46097K(46336K) Class: 6539K(6784K)->6539K(6784K)
[109.832s][info][gc             ] GC(216) Pause Young (System.gc()) 50M->31M(2041M) 2.081ms
[109.832s][info][gc,cpu         ] GC(216) User=0.00s Sys=0.00s Real=0.02s
[109.832s][info][gc,start       ] GC(217) Pause Full (System.gc())
[109.832s][info][gc,phases,start] GC(217) Marking Phase
[109.855s][info][gc,phases      ] GC(217) Marking Phase 22.561ms
[109.855s][info][gc,phases,start] GC(217) Summary Phase
[109.855s][info][gc,phases      ] GC(217) Summary Phase 0.010ms
[109.855s][info][gc,phases,start] GC(217) Adjust Roots
[109.865s][info][gc,phases      ] GC(217) Adjust Roots 10.202ms
[109.865s][info][gc,phases,start] GC(217) Compaction Phase
[109.871s][info][gc,phases      ] GC(217) Compaction Phase 6.200ms
[109.872s][info][gc,phases,start] GC(217) Post Compact
[109.872s][info][gc,phases      ] GC(217) Post Compact 0.425ms
[109.872s][info][gc,heap        ] GC(217) PSYoungGen: 2208K(691712K)->0K(691712K) Eden: 0K(684544K)->0K(684544K) From: 2208K(7168K)->0K(7168K)
[109.872s][info][gc,heap        ] GC(217) ParOldGen: 30190K(1398272K)->25410K(1398272K)
[109.872s][info][gc,metaspace   ] GC(217) Metaspace: 52637K(53120K)->52637K(53120K) NonClass: 46097K(46336K)->46097K(46336K) Class: 6539K(6784K)->6539K(6784K)
[109.872s][info][gc             ] GC(217) Pause Full (System.gc()) 31M->24M(2041M) 39.648ms
[109.872s][info][gc,cpu         ] GC(217) User=0.00s Sys=0.00s Real=0.04s
[110.620s][info][gc,start       ] GC(218) Pause Young (Allocation Failure)
[110.625s][info][gc,heap        ] GC(218) PSYoungGen: 684544K(691712K)->5984K(690176K) Eden: 684544K(684544K)->0K(683520K) From: 0K(7168K)->5984K(6656K)
[110.625s][info][gc,heap        ] GC(218) ParOldGen: 25410K(1398272K)->25410K(1398272K)
[110.625s][info][gc,metaspace   ] GC(218) Metaspace: 52640K(53184K)->52640K(53184K) NonClass: 46100K(46400K)->46100K(46400K) Class: 6539K(6784K)->6539K(6784K)
[110.625s][info][gc             ] GC(218) Pause Young (Allocation Failure) 693M->30M(2039M) 5.354ms
[110.625s][info][gc,cpu         ] GC(218) User=0.00s Sys=0.00s Real=0.00s
[111.246s][info][gc,start       ] GC(219) Pause Young (Allocation Failure)
[111.250s][info][gc,heap        ] GC(219) PSYoungGen: 689504K(690176K)->2592K(691200K) Eden: 683520K(683520K)->0K(683520K) From: 5984K(6656K)->2592K(7680K)
[111.250s][info][gc,heap        ] GC(219) ParOldGen: 25410K(1398272K)->29026K(1398272K)
[111.250s][info][gc,metaspace   ] GC(219) Metaspace: 52653K(53184K)->52653K(53184K) NonClass: 46110K(46400K)->46110K(46400K) Class: 6543K(6784K)->6543K(6784K)
[111.251s][info][gc             ] GC(219) Pause Young (Allocation Failure) 698M->30M(2040M) 4.854ms
[111.251s][info][gc,cpu         ] GC(219) User=0.00s Sys=0.02s Real=0.00s
[111.903s][info][gc,start       ] GC(220) Pause Young (Allocation Failure)
[111.904s][info][gc,heap        ] GC(220) PSYoungGen: 686112K(691200K)->1568K(691712K) Eden: 683520K(683520K)->0K(684544K) From: 2592K(7680K)->1568K(7168K)
[111.904s][info][gc,heap        ] GC(220) ParOldGen: 29026K(1398272K)->29250K(1398272K)
[111.904s][info][gc,metaspace   ] GC(220) Metaspace: 52656K(53184K)->52656K(53184K) NonClass: 46113K(46400K)->46113K(46400K) Class: 6543K(6784K)->6543K(6784K)
[111.904s][info][gc             ] GC(220) Pause Young (Allocation Failure) 698M->30M(2041M) 1.594ms
[111.904s][info][gc,cpu         ] GC(220) User=0.00s Sys=0.00s Real=0.01s
[111.944s][info][gc,start       ] GC(221) Pause Young (System.gc())
[111.945s][info][gc,heap        ] GC(221) PSYoungGen: 27251K(691712K)->2272K(691712K) Eden: 25683K(684544K)->0K(684544K) From: 1568K(7168K)->2272K(7168K)
[111.945s][info][gc,heap        ] GC(221) ParOldGen: 29250K(1398272K)->30194K(1398272K)
[111.945s][info][gc,metaspace   ] GC(221) Metaspace: 52658K(53184K)->52658K(53184K) NonClass: 46114K(46400K)->46114K(46400K) Class: 6543K(6784K)->6543K(6784K)
[111.945s][info][gc             ] GC(221) Pause Young (System.gc()) 55M->31M(2041M) 1.811ms
[111.945s][info][gc,cpu         ] GC(221) User=0.00s Sys=0.00s Real=0.00s
[111.945s][info][gc,start       ] GC(222) Pause Full (System.gc())
[111.945s][info][gc,phases,start] GC(222) Marking Phase
[111.968s][info][gc,phases      ] GC(222) Marking Phase 22.211ms
[111.968s][info][gc,phases,start] GC(222) Summary Phase
[111.968s][info][gc,phases      ] GC(222) Summary Phase 0.009ms
[111.968s][info][gc,phases,start] GC(222) Adjust Roots
[111.978s][info][gc,phases      ] GC(222) Adjust Roots 10.409ms
[111.978s][info][gc,phases,start] GC(222) Compaction Phase
[111.985s][info][gc,phases      ] GC(222) Compaction Phase 6.355ms
[111.985s][info][gc,phases,start] GC(222) Post Compact
[111.985s][info][gc,phases      ] GC(222) Post Compact 0.465ms
[111.985s][info][gc,heap        ] GC(222) PSYoungGen: 2272K(691712K)->0K(691712K) Eden: 0K(684544K)->0K(684544K) From: 2272K(7168K)->0K(7168K)
[111.985s][info][gc,heap        ] GC(222) ParOldGen: 30194K(1398272K)->25389K(1398272K)
[111.985s][info][gc,metaspace   ] GC(222) Metaspace: 52658K(53184K)->52658K(53184K) NonClass: 46114K(46400K)->46114K(46400K) Class: 6543K(6784K)->6543K(6784K)
[111.985s][info][gc             ] GC(222) Pause Full (System.gc()) 31M->24M(2041M) 39.737ms
[111.985s][info][gc,cpu         ] GC(222) User=0.00s Sys=0.00s Real=0.03s
[112.737s][info][gc,start       ] GC(223) Pause Young (Allocation Failure)
[112.741s][info][gc,heap        ] GC(223) PSYoungGen: 684544K(691712K)->6080K(690176K) Eden: 684544K(684544K)->0K(683520K) From: 0K(7168K)->6080K(6656K)
[112.741s][info][gc,heap        ] GC(223) ParOldGen: 25389K(1398272K)->25389K(1398272K)
[112.741s][info][gc,metaspace   ] GC(223) Metaspace: 52658K(53184K)->52658K(53184K) NonClass: 46115K(46400K)->46115K(46400K) Class: 6543K(6784K)->6543K(6784K)
[112.741s][info][gc             ] GC(223) Pause Young (Allocation Failure) 693M->30M(2039M) 3.524ms
[112.741s][info][gc,cpu         ] GC(223) User=0.00s Sys=0.00s Real=0.00s
[113.358s][info][gc,start       ] GC(224) Pause Young (Allocation Failure)
[113.362s][info][gc,heap        ] GC(224) PSYoungGen: 689600K(690176K)->2336K(691200K) Eden: 683520K(683520K)->0K(683520K) From: 6080K(6656K)->2336K(7680K)
[113.362s][info][gc,heap        ] GC(224) ParOldGen: 25389K(1398272K)->28981K(1398272K)
[113.362s][info][gc,metaspace   ] GC(224) Metaspace: 52658K(53184K)->52658K(53184K) NonClass: 46115K(46400K)->46115K(46400K) Class: 6543K(6784K)->6543K(6784K)
[113.362s][info][gc             ] GC(224) Pause Young (Allocation Failure) 698M->30M(2040M) 3.172ms
[113.362s][info][gc,cpu         ] GC(224) User=0.00s Sys=0.00s Real=0.00s
[113.999s][info][gc,start       ] GC(225) Pause Young (Allocation Failure)
[114.001s][info][gc,heap        ] GC(225) PSYoungGen: 685856K(691200K)->1184K(691712K) Eden: 683520K(683520K)->0K(684544K) From: 2336K(7680K)->1184K(7168K)
[114.001s][info][gc,heap        ] GC(225) ParOldGen: 28981K(1398272K)->29205K(1398272K)
[114.001s][info][gc,metaspace   ] GC(225) Metaspace: 52658K(53184K)->52658K(53184K) NonClass: 46115K(46400K)->46115K(46400K) Class: 6543K(6784K)->6543K(6784K)
[114.001s][info][gc             ] GC(225) Pause Young (Allocation Failure) 698M->29M(2041M) 1.291ms
[114.001s][info][gc,cpu         ] GC(225) User=0.00s Sys=0.00s Real=0.00s
[114.035s][info][gc,start       ] GC(226) Pause Young (System.gc())
[114.037s][info][gc,heap        ] GC(226) PSYoungGen: 26723K(691712K)->2272K(691712K) Eden: 25539K(684544K)->0K(684544K) From: 1184K(7168K)->2272K(7168K)
[114.037s][info][gc,heap        ] GC(226) ParOldGen: 29205K(1398272K)->30157K(1398272K)
[114.037s][info][gc,metaspace   ] GC(226) Metaspace: 52658K(53184K)->52658K(53184K) NonClass: 46115K(46400K)->46115K(46400K) Class: 6543K(6784K)->6543K(6784K)
[114.037s][info][gc             ] GC(226) Pause Young (System.gc()) 54M->31M(2041M) 1.983ms
[114.037s][info][gc,cpu         ] GC(226) User=0.00s Sys=0.00s Real=0.00s
[114.037s][info][gc,start       ] GC(227) Pause Full (System.gc())
[114.037s][info][gc,phases,start] GC(227) Marking Phase
[114.062s][info][gc,phases      ] GC(227) Marking Phase 25.180ms
[114.062s][info][gc,phases,start] GC(227) Summary Phase
[114.062s][info][gc,phases      ] GC(227) Summary Phase 0.010ms
[114.062s][info][gc,phases,start] GC(227) Adjust Roots
[114.072s][info][gc,phases      ] GC(227) Adjust Roots 10.001ms
[114.072s][info][gc,phases,start] GC(227) Compaction Phase
[114.079s][info][gc,phases      ] GC(227) Compaction Phase 6.047ms
[114.079s][info][gc,phases,start] GC(227) Post Compact
[114.079s][info][gc,phases      ] GC(227) Post Compact 0.439ms
[114.079s][info][gc,heap        ] GC(227) PSYoungGen: 2272K(691712K)->0K(691712K) Eden: 0K(684544K)->0K(684544K) From: 2272K(7168K)->0K(7168K)
[114.079s][info][gc,heap        ] GC(227) ParOldGen: 30157K(1398272K)->25377K(1398272K)
[114.079s][info][gc,metaspace   ] GC(227) Metaspace: 52658K(53184K)->52658K(53184K) NonClass: 46115K(46400K)->46115K(46400K) Class: 6543K(6784K)->6543K(6784K)
[114.079s][info][gc             ] GC(227) Pause Full (System.gc()) 31M->24M(2041M) 41.940ms
[114.079s][info][gc,cpu         ] GC(227) User=0.03s Sys=0.00s Real=0.05s
[114.839s][info][gc,start       ] GC(228) Pause Young (Allocation Failure)
[114.842s][info][gc,heap        ] GC(228) PSYoungGen: 684544K(691712K)->5344K(691200K) Eden: 684544K(684544K)->0K(684544K) From: 0K(7168K)->5344K(6656K)
[114.842s][info][gc,heap        ] GC(228) ParOldGen: 25377K(1398272K)->25377K(1398272K)
[114.842s][info][gc,metaspace   ] GC(228) Metaspace: 52658K(53184K)->52658K(53184K) NonClass: 46115K(46400K)->46115K(46400K) Class: 6543K(6784K)->6543K(6784K)
[114.842s][info][gc             ] GC(228) Pause Young (Allocation Failure) 693M->30M(2040M) 3.149ms
[114.842s][info][gc,cpu         ] GC(228) User=0.00s Sys=0.00s Real=0.00s
[115.464s][info][gc,start       ] GC(229) Pause Young (Allocation Failure)
[115.467s][info][gc,heap        ] GC(229) PSYoungGen: 689888K(691200K)->2592K(691712K) Eden: 684544K(684544K)->0K(684544K) From: 5344K(6656K)->2592K(7168K)
[115.467s][info][gc,heap        ] GC(229) ParOldGen: 25377K(1398272K)->28993K(1398272K)
[115.467s][info][gc,metaspace   ] GC(229) Metaspace: 52658K(53184K)->52658K(53184K) NonClass: 46115K(46400K)->46115K(46400K) Class: 6543K(6784K)->6543K(6784K)
[115.468s][info][gc             ] GC(229) Pause Young (Allocation Failure) 698M->30M(2041M) 3.442ms
[115.468s][info][gc,cpu         ] GC(229) User=0.00s Sys=0.00s Real=0.00s
[116.126s][info][gc,start       ] GC(230) Pause Young (Allocation Failure)
[116.129s][info][gc,heap        ] GC(230) PSYoungGen: 687136K(691712K)->1856K(692224K) Eden: 684544K(684544K)->0K(685056K) From: 2592K(7168K)->1856K(7168K)
[116.129s][info][gc,heap        ] GC(230) ParOldGen: 28993K(1398272K)->29209K(1398272K)
[116.129s][info][gc,metaspace   ] GC(230) Metaspace: 52662K(53184K)->52662K(53184K) NonClass: 46119K(46400K)->46119K(46400K) Class: 6543K(6784K)->6543K(6784K)
[116.129s][info][gc             ] GC(230) Pause Young (Allocation Failure) 699M->30M(2041M) 2.943ms
[116.129s][info][gc,cpu         ] GC(230) User=0.00s Sys=0.00s Real=0.00s
[116.132s][info][gc,start       ] GC(231) Pause Young (System.gc())
[116.134s][info][gc,heap        ] GC(231) PSYoungGen: 6345K(692224K)->1440K(691712K) Eden: 4489K(685056K)->0K(685056K) From: 1856K(7168K)->1440K(6656K)
[116.134s][info][gc,heap        ] GC(231) ParOldGen: 29209K(1398272K)->30961K(1398272K)
[116.134s][info][gc,metaspace   ] GC(231) Metaspace: 52663K(53184K)->52663K(53184K) NonClass: 46119K(46400K)->46119K(46400K) Class: 6543K(6784K)->6543K(6784K)
[116.134s][info][gc             ] GC(231) Pause Young (System.gc()) 34M->31M(2041M) 1.740ms
[116.134s][info][gc,cpu         ] GC(231) User=0.00s Sys=0.00s Real=0.00s
[116.134s][info][gc,start       ] GC(232) Pause Full (System.gc())
[116.134s][info][gc,phases,start] GC(232) Marking Phase
[116.159s][info][gc,phases      ] GC(232) Marking Phase 25.006ms
[116.159s][info][gc,phases,start] GC(232) Summary Phase
[116.159s][info][gc,phases      ] GC(232) Summary Phase 0.009ms
[116.159s][info][gc,phases,start] GC(232) Adjust Roots
[116.169s][info][gc,phases      ] GC(232) Adjust Roots 9.993ms
[116.169s][info][gc,phases,start] GC(232) Compaction Phase
[116.175s][info][gc,phases      ] GC(232) Compaction Phase 5.525ms
[116.175s][info][gc,phases,start] GC(232) Post Compact
[116.175s][info][gc,phases      ] GC(232) Post Compact 0.443ms
[116.175s][info][gc,heap        ] GC(232) PSYoungGen: 1440K(691712K)->0K(691712K) Eden: 0K(685056K)->0K(685056K) From: 1440K(6656K)->0K(6656K)
[116.175s][info][gc,heap        ] GC(232) ParOldGen: 30961K(1398272K)->25380K(1398272K)
[116.175s][info][gc,metaspace   ] GC(232) Metaspace: 52663K(53184K)->52663K(53184K) NonClass: 46119K(46400K)->46119K(46400K) Class: 6543K(6784K)->6543K(6784K)
[116.175s][info][gc             ] GC(232) Pause Full (System.gc()) 31M->24M(2041M) 41.233ms
[116.175s][info][gc,cpu         ] GC(232) User=0.02s Sys=0.00s Real=0.05s
[116.941s][info][gc,start       ] GC(233) Pause Young (Allocation Failure)
[116.944s][info][gc,heap        ] GC(233) PSYoungGen: 685056K(691712K)->4928K(691200K) Eden: 685056K(685056K)->0K(684544K) From: 0K(6656K)->4928K(6656K)
[116.944s][info][gc,heap        ] GC(233) ParOldGen: 25380K(1398272K)->25380K(1398272K)
[116.944s][info][gc,metaspace   ] GC(233) Metaspace: 52671K(53184K)->52671K(53184K) NonClass: 46127K(46400K)->46127K(46400K) Class: 6543K(6784K)->6543K(6784K)
[116.944s][info][gc             ] GC(233) Pause Young (Allocation Failure) 693M->29M(2040M) 3.072ms
[116.944s][info][gc,cpu         ] GC(233) User=0.00s Sys=0.00s Real=0.00s
[117.571s][info][gc,start       ] GC(234) Pause Young (Allocation Failure)
[117.574s][info][gc,heap        ] GC(234) PSYoungGen: 689472K(691200K)->2432K(691712K) Eden: 684544K(684544K)->0K(684544K) From: 4928K(6656K)->2432K(7168K)
[117.574s][info][gc,heap        ] GC(234) ParOldGen: 25380K(1398272K)->28964K(1398272K)
[117.574s][info][gc,metaspace   ] GC(234) Metaspace: 52671K(53184K)->52671K(53184K) NonClass: 46127K(46400K)->46127K(46400K) Class: 6543K(6784K)->6543K(6784K)
[117.574s][info][gc             ] GC(234) Pause Young (Allocation Failure) 698M->30M(2041M) 3.268ms
[117.574s][info][gc,cpu         ] GC(234) User=0.00s Sys=0.00s Real=0.00s
[118.226s][info][gc,start       ] GC(235) Pause Young (System.gc())
[118.228s][info][gc,heap        ] GC(235) PSYoungGen: 686838K(691712K)->3200K(692224K) Eden: 684406K(684544K)->0K(685568K) From: 2432K(7168K)->3200K(6656K)
[118.228s][info][gc,heap        ] GC(235) ParOldGen: 28964K(1398272K)->29180K(1398272K)
[118.228s][info][gc,metaspace   ] GC(235) Metaspace: 52674K(53184K)->52674K(53184K) NonClass: 46130K(46400K)->46130K(46400K) Class: 6543K(6784K)->6543K(6784K)
[118.228s][info][gc             ] GC(235) Pause Young (System.gc()) 699M->31M(2041M) 2.369ms
[118.228s][info][gc,cpu         ] GC(235) User=0.00s Sys=0.00s Real=0.00s
[118.228s][info][gc,start       ] GC(236) Pause Full (System.gc())
[118.228s][info][gc,phases,start] GC(236) Marking Phase
[118.253s][info][gc,phases      ] GC(236) Marking Phase 24.951ms
[118.253s][info][gc,phases,start] GC(236) Summary Phase
[118.253s][info][gc,phases      ] GC(236) Summary Phase 0.011ms
[118.253s][info][gc,phases,start] GC(236) Adjust Roots
[118.263s][info][gc,phases      ] GC(236) Adjust Roots 9.153ms
[118.263s][info][gc,phases,start] GC(236) Compaction Phase
[118.271s][info][gc,phases      ] GC(236) Compaction Phase 8.586ms
[118.271s][info][gc,phases,start] GC(236) Post Compact
[118.272s][info][gc,phases      ] GC(236) Post Compact 0.407ms
[118.272s][info][gc,heap        ] GC(236) PSYoungGen: 3200K(692224K)->0K(692224K) Eden: 0K(685568K)->0K(685568K) From: 3200K(6656K)->0K(6656K)
[118.272s][info][gc,heap        ] GC(236) ParOldGen: 29180K(1398272K)->25379K(1398272K)
[118.272s][info][gc,metaspace   ] GC(236) Metaspace: 52674K(53184K)->52674K(53184K) NonClass: 46130K(46400K)->46130K(46400K) Class: 6543K(6784K)->6543K(6784K)
[118.272s][info][gc             ] GC(236) Pause Full (System.gc()) 31M->24M(2041M) 43.405ms
[118.272s][info][gc,cpu         ] GC(236) User=0.02s Sys=0.00s Real=0.05s
[118.977s][info][gc,start       ] GC(237) Pause Young (Allocation Failure)
[118.980s][info][gc,heap        ] GC(237) PSYoungGen: 685568K(692224K)->4768K(690688K) Eden: 685568K(685568K)->0K(685568K) From: 0K(6656K)->4768K(5120K)
[118.980s][info][gc,heap        ] GC(237) ParOldGen: 25379K(1398272K)->25379K(1398272K)
[118.980s][info][gc,metaspace   ] GC(237) Metaspace: 52675K(53184K)->52675K(53184K) NonClass: 46131K(46400K)->46131K(46400K) Class: 6543K(6784K)->6543K(6784K)
[118.980s][info][gc             ] GC(237) Pause Young (Allocation Failure) 694M->29M(2040M) 2.936ms
[118.980s][info][gc,cpu         ] GC(237) User=0.00s Sys=0.00s Real=0.00s
[119.597s][info][gc,start       ] GC(238) Pause Young (Allocation Failure)
[119.600s][info][gc,heap        ] GC(238) PSYoungGen: 690336K(690688K)->2144K(692224K) Eden: 685568K(685568K)->0K(685056K) From: 4768K(5120K)->2144K(7168K)
[119.600s][info][gc,heap        ] GC(238) ParOldGen: 25379K(1398272K)->28995K(1398272K)
[119.600s][info][gc,metaspace   ] GC(238) Metaspace: 52675K(53184K)->52675K(53184K) NonClass: 46131K(46400K)->46131K(46400K) Class: 6543K(6784K)->6543K(6784K)
[119.600s][info][gc             ] GC(238) Pause Young (Allocation Failure) 698M->30M(2041M) 3.155ms
[119.600s][info][gc,cpu         ] GC(238) User=0.00s Sys=0.00s Real=0.00s
[120.283s][info][gc,start       ] GC(239) Pause Young (System.gc())
[120.286s][info][gc,heap        ] GC(239) PSYoungGen: 685312K(692224K)->3136K(691712K) Eden: 683168K(685056K)->0K(685056K) From: 2144K(7168K)->3136K(6656K)
[120.286s][info][gc,heap        ] GC(239) ParOldGen: 28995K(1398272K)->29211K(1398272K)
[120.286s][info][gc,metaspace   ] GC(239) Metaspace: 52675K(53184K)->52675K(53184K) NonClass: 46131K(46400K)->46131K(46400K) Class: 6543K(6784K)->6543K(6784K)
[120.286s][info][gc             ] GC(239) Pause Young (System.gc()) 697M->31M(2041M) 3.247ms
[120.286s][info][gc,cpu         ] GC(239) User=0.00s Sys=0.00s Real=0.00s
[120.286s][info][gc,start       ] GC(240) Pause Full (System.gc())
[120.286s][info][gc,phases,start] GC(240) Marking Phase
[120.309s][info][gc,phases      ] GC(240) Marking Phase 22.767ms
[120.309s][info][gc,phases,start] GC(240) Summary Phase
[120.309s][info][gc,phases      ] GC(240) Summary Phase 0.010ms
[120.309s][info][gc,phases,start] GC(240) Adjust Roots
[120.319s][info][gc,phases      ] GC(240) Adjust Roots 9.474ms
[120.319s][info][gc,phases,start] GC(240) Compaction Phase
[120.324s][info][gc,phases      ] GC(240) Compaction Phase 5.722ms
[120.324s][info][gc,phases,start] GC(240) Post Compact
[120.325s][info][gc,phases      ] GC(240) Post Compact 0.472ms
[120.325s][info][gc,heap        ] GC(240) PSYoungGen: 3136K(691712K)->0K(691712K) Eden: 0K(685056K)->0K(685056K) From: 3136K(6656K)->0K(6656K)
[120.325s][info][gc,heap        ] GC(240) ParOldGen: 29211K(1398272K)->25351K(1398272K)
[120.325s][info][gc,metaspace   ] GC(240) Metaspace: 52675K(53184K)->52675K(53184K) NonClass: 46131K(46400K)->46131K(46400K) Class: 6543K(6784K)->6543K(6784K)
[120.325s][info][gc             ] GC(240) Pause Full (System.gc()) 31M->24M(2041M) 38.733ms
[120.325s][info][gc,cpu         ] GC(240) User=0.03s Sys=0.00s Real=0.05s
[121.049s][info][gc,start       ] GC(241) Pause Young (Allocation Failure)
[121.052s][info][gc,heap        ] GC(241) PSYoungGen: 685056K(691712K)->5536K(691200K) Eden: 685056K(685056K)->0K(684544K) From: 0K(6656K)->5536K(6656K)
[121.052s][info][gc,heap        ] GC(241) ParOldGen: 25351K(1398272K)->25351K(1398272K)
[121.052s][info][gc,metaspace   ] GC(241) Metaspace: 52675K(53184K)->52675K(53184K) NonClass: 46131K(46400K)->46131K(46400K) Class: 6543K(6784K)->6543K(6784K)
[121.052s][info][gc             ] GC(241) Pause Young (Allocation Failure) 693M->30M(2040M) 3.161ms
[121.052s][info][gc,cpu         ] GC(241) User=0.00s Sys=0.00s Real=0.00s
[121.672s][info][gc,start       ] GC(242) Pause Young (Allocation Failure)
[121.675s][info][gc,heap        ] GC(242) PSYoungGen: 690080K(691200K)->1312K(691712K) Eden: 684544K(684544K)->0K(684544K) From: 5536K(6656K)->1312K(7168K)
[121.675s][info][gc,heap        ] GC(242) ParOldGen: 25351K(1398272K)->28943K(1398272K)
[121.675s][info][gc,metaspace   ] GC(242) Metaspace: 52675K(53184K)->52675K(53184K) NonClass: 46131K(46400K)->46131K(46400K) Class: 6543K(6784K)->6543K(6784K)
[121.675s][info][gc             ] GC(242) Pause Young (Allocation Failure) 698M->29M(2041M) 2.748ms
[121.675s][info][gc,cpu         ] GC(242) User=0.00s Sys=0.00s Real=0.00s
[122.322s][info][gc,start       ] GC(243) Pause Young (System.gc())
[122.324s][info][gc,heap        ] GC(243) PSYoungGen: 684376K(691712K)->3168K(692224K) Eden: 683064K(684544K)->0K(685056K) From: 1312K(7168K)->3168K(7168K)
[122.324s][info][gc,heap        ] GC(243) ParOldGen: 28943K(1398272K)->29159K(1398272K)
[122.324s][info][gc,metaspace   ] GC(243) Metaspace: 52675K(53184K)->52675K(53184K) NonClass: 46131K(46400K)->46131K(46400K) Class: 6543K(6784K)->6543K(6784K)
[122.324s][info][gc             ] GC(243) Pause Young (System.gc()) 696M->31M(2041M) 2.515ms
[122.324s][info][gc,cpu         ] GC(243) User=0.00s Sys=0.00s Real=0.00s
[122.324s][info][gc,start       ] GC(244) Pause Full (System.gc())
[122.324s][info][gc,phases,start] GC(244) Marking Phase
[122.347s][info][gc,phases      ] GC(244) Marking Phase 22.316ms
[122.347s][info][gc,phases,start] GC(244) Summary Phase
[122.347s][info][gc,phases      ] GC(244) Summary Phase 0.009ms
[122.347s][info][gc,phases,start] GC(244) Adjust Roots
[122.356s][info][gc,phases      ] GC(244) Adjust Roots 9.740ms
[122.356s][info][gc,phases,start] GC(244) Compaction Phase
[122.362s][info][gc,phases      ] GC(244) Compaction Phase 6.036ms
[122.363s][info][gc,phases,start] GC(244) Post Compact
[122.363s][info][gc,phases      ] GC(244) Post Compact 0.441ms
[122.363s][info][gc,heap        ] GC(244) PSYoungGen: 3168K(692224K)->0K(692224K) Eden: 0K(685056K)->0K(685056K) From: 3168K(7168K)->0K(7168K)
[122.363s][info][gc,heap        ] GC(244) ParOldGen: 29159K(1398272K)->25367K(1398272K)
[122.363s][info][gc,metaspace   ] GC(244) Metaspace: 52675K(53184K)->52675K(53184K) NonClass: 46131K(46400K)->46131K(46400K) Class: 6543K(6784K)->6543K(6784K)
[122.363s][info][gc             ] GC(244) Pause Full (System.gc()) 31M->24M(2041M) 38.821ms
[122.363s][info][gc,cpu         ] GC(244) User=0.00s Sys=0.00s Real=0.03s
[123.075s][info][gc,start       ] GC(245) Pause Young (Allocation Failure)
[123.078s][info][gc,heap        ] GC(245) PSYoungGen: 685056K(692224K)->4960K(691712K) Eden: 685056K(685056K)->0K(685056K) From: 0K(7168K)->4960K(6656K)
[123.078s][info][gc,heap        ] GC(245) ParOldGen: 25367K(1398272K)->25367K(1398272K)
[123.078s][info][gc,metaspace   ] GC(245) Metaspace: 52675K(53184K)->52675K(53184K) NonClass: 46131K(46400K)->46131K(46400K) Class: 6543K(6784K)->6543K(6784K)
[123.078s][info][gc             ] GC(245) Pause Young (Allocation Failure) 693M->29M(2041M) 2.948ms
[123.078s][info][gc,cpu         ] GC(245) User=0.00s Sys=0.00s Real=0.00s
[123.693s][info][gc,start       ] GC(246) Pause Young (Allocation Failure)
[123.697s][info][gc,heap        ] GC(246) PSYoungGen: 690016K(691712K)->2704K(692224K) Eden: 685056K(685056K)->0K(685056K) From: 4960K(6656K)->2704K(7168K)
[123.697s][info][gc,heap        ] GC(246) ParOldGen: 25367K(1398272K)->28991K(1398272K)
[123.697s][info][gc,metaspace   ] GC(246) Metaspace: 52675K(53184K)->52675K(53184K) NonClass: 46131K(46400K)->46131K(46400K) Class: 6543K(6784K)->6543K(6784K)
[123.697s][info][gc             ] GC(246) Pause Young (Allocation Failure) 698M->30M(2041M) 3.514ms
[123.697s][info][gc,cpu         ] GC(246) User=0.00s Sys=0.00s Real=0.00s
[124.345s][info][gc,start       ] GC(247) Pause Young (System.gc())
[124.348s][info][gc,heap        ] GC(247) PSYoungGen: 687421K(692224K)->3168K(691712K) Eden: 684717K(685056K)->0K(685056K) From: 2704K(7168K)->3168K(6656K)
[124.348s][info][gc,heap        ] GC(247) ParOldGen: 28991K(1398272K)->29215K(1398272K)
[124.348s][info][gc,metaspace   ] GC(247) Metaspace: 52675K(53184K)->52675K(53184K) NonClass: 46131K(46400K)->46131K(46400K) Class: 6543K(6784K)->6543K(6784K)
[124.348s][info][gc             ] GC(247) Pause Young (System.gc()) 699M->31M(2041M) 2.736ms
[124.348s][info][gc,cpu         ] GC(247) User=0.00s Sys=0.00s Real=0.00s
[124.348s][info][gc,start       ] GC(248) Pause Full (System.gc())
[124.348s][info][gc,phases,start] GC(248) Marking Phase
[124.370s][info][gc,phases      ] GC(248) Marking Phase 22.015ms
[124.370s][info][gc,phases,start] GC(248) Summary Phase
[124.370s][info][gc,phases      ] GC(248) Summary Phase 0.009ms
[124.370s][info][gc,phases,start] GC(248) Adjust Roots
[124.380s][info][gc,phases      ] GC(248) Adjust Roots 9.511ms
[124.380s][info][gc,phases,start] GC(248) Compaction Phase
[124.386s][info][gc,phases      ] GC(248) Compaction Phase 5.950ms
[124.386s][info][gc,phases,start] GC(248) Post Compact
[124.386s][info][gc,phases      ] GC(248) Post Compact 0.409ms
[124.386s][info][gc,heap        ] GC(248) PSYoungGen: 3168K(691712K)->0K(691712K) Eden: 0K(685056K)->0K(685056K) From: 3168K(6656K)->0K(6656K)
[124.386s][info][gc,heap        ] GC(248) ParOldGen: 29215K(1398272K)->25359K(1398272K)
[124.386s][info][gc,metaspace   ] GC(248) Metaspace: 52675K(53184K)->52675K(53184K) NonClass: 46131K(46400K)->46131K(46400K) Class: 6543K(6784K)->6543K(6784K)
[124.386s][info][gc             ] GC(248) Pause Full (System.gc()) 31M->24M(2041M) 38.125ms
[124.386s][info][gc,cpu         ] GC(248) User=0.02s Sys=0.00s Real=0.05s
[125.104s][info][gc,start       ] GC(249) Pause Young (Allocation Failure)
[125.107s][info][gc,heap        ] GC(249) PSYoungGen: 685056K(691712K)->4992K(692224K) Eden: 685056K(685056K)->0K(685568K) From: 0K(6656K)->4992K(6656K)
[125.107s][info][gc,heap        ] GC(249) ParOldGen: 25359K(1398272K)->25359K(1398272K)
[125.107s][info][gc,metaspace   ] GC(249) Metaspace: 52678K(53184K)->52678K(53184K) NonClass: 46134K(46400K)->46134K(46400K) Class: 6543K(6784K)->6543K(6784K)
[125.107s][info][gc             ] GC(249) Pause Young (Allocation Failure) 693M->29M(2041M) 3.017ms
[125.107s][info][gc,cpu         ] GC(249) User=0.00s Sys=0.00s Real=0.00s
[125.758s][info][gc,start       ] GC(250) Pause Young (Allocation Failure)
[125.760s][info][gc,heap        ] GC(250) PSYoungGen: 690560K(692224K)->1440K(692224K) Eden: 685568K(685568K)->0K(685568K) From: 4992K(6656K)->1440K(6656K)
[125.760s][info][gc,heap        ] GC(250) ParOldGen: 25359K(1398272K)->28959K(1398272K)
[125.760s][info][gc,metaspace   ] GC(250) Metaspace: 52678K(53184K)->52678K(53184K) NonClass: 46134K(46400K)->46134K(46400K) Class: 6543K(6784K)->6543K(6784K)
[125.761s][info][gc             ] GC(250) Pause Young (Allocation Failure) 699M->29M(2041M) 2.853ms
[125.761s][info][gc,cpu         ] GC(250) User=0.00s Sys=0.00s Real=0.00s
[126.401s][info][gc,start       ] GC(251) Pause Young (System.gc())
[126.403s][info][gc,heap        ] GC(251) PSYoungGen: 683965K(692224K)->3168K(692224K) Eden: 682525K(685568K)->0K(685568K) From: 1440K(6656K)->3168K(6656K)
[126.403s][info][gc,heap        ] GC(251) ParOldGen: 28959K(1398272K)->29191K(1398272K)
[126.403s][info][gc,metaspace   ] GC(251) Metaspace: 52678K(53184K)->52678K(53184K) NonClass: 46134K(46400K)->46134K(46400K) Class: 6543K(6784K)->6543K(6784K)
[126.403s][info][gc             ] GC(251) Pause Young (System.gc()) 696M->31M(2041M) 2.314ms
[126.403s][info][gc,cpu         ] GC(251) User=0.00s Sys=0.00s Real=0.00s
[126.403s][info][gc,start       ] GC(252) Pause Full (System.gc())
[126.403s][info][gc,phases,start] GC(252) Marking Phase
[126.425s][info][gc,phases      ] GC(252) Marking Phase 22.276ms
[126.425s][info][gc,phases,start] GC(252) Summary Phase
[126.425s][info][gc,phases      ] GC(252) Summary Phase 0.010ms
[126.425s][info][gc,phases,start] GC(252) Adjust Roots
[126.435s][info][gc,phases      ] GC(252) Adjust Roots 9.991ms
[126.435s][info][gc,phases,start] GC(252) Compaction Phase
[126.442s][info][gc,phases      ] GC(252) Compaction Phase 6.352ms
[126.442s][info][gc,phases,start] GC(252) Post Compact
[126.442s][info][gc,phases      ] GC(252) Post Compact 0.413ms
[126.442s][info][gc,heap        ] GC(252) PSYoungGen: 3168K(692224K)->0K(692224K) Eden: 0K(685568K)->0K(685568K) From: 3168K(6656K)->0K(6656K)
[126.442s][info][gc,heap        ] GC(252) ParOldGen: 29191K(1398272K)->25380K(1398272K)
[126.442s][info][gc,metaspace   ] GC(252) Metaspace: 52678K(53184K)->52678K(53184K) NonClass: 46134K(46400K)->46134K(46400K) Class: 6543K(6784K)->6543K(6784K)
[126.442s][info][gc             ] GC(252) Pause Full (System.gc()) 31M->24M(2041M) 39.302ms
[126.442s][info][gc,cpu         ] GC(252) User=0.00s Sys=0.00s Real=0.03s
[127.155s][info][gc,start       ] GC(253) Pause Young (Allocation Failure)
[127.158s][info][gc,heap        ] GC(253) PSYoungGen: 685568K(692224K)->5408K(691200K) Eden: 685568K(685568K)->0K(685568K) From: 0K(6656K)->5408K(5632K)
[127.158s][info][gc,heap        ] GC(253) ParOldGen: 25380K(1398272K)->25380K(1398272K)
[127.158s][info][gc,metaspace   ] GC(253) Metaspace: 52680K(53184K)->52680K(53184K) NonClass: 46136K(46400K)->46136K(46400K) Class: 6544K(6784K)->6544K(6784K)
[127.158s][info][gc             ] GC(253) Pause Young (Allocation Failure) 694M->30M(2040M) 3.153ms
[127.158s][info][gc,cpu         ] GC(253) User=0.02s Sys=0.00s Real=0.00s
[127.781s][info][gc,start       ] GC(254) Pause Young (Allocation Failure)
[127.784s][info][gc,heap        ] GC(254) PSYoungGen: 690976K(691200K)->2528K(692224K) Eden: 685568K(685568K)->0K(685056K) From: 5408K(5632K)->2528K(7168K)
[127.784s][info][gc,heap        ] GC(254) ParOldGen: 25380K(1398272K)->28980K(1398272K)
[127.784s][info][gc,metaspace   ] GC(254) Metaspace: 52680K(53184K)->52680K(53184K) NonClass: 46136K(46400K)->46136K(46400K) Class: 6544K(6784K)->6544K(6784K)
[127.784s][info][gc             ] GC(254) Pause Young (Allocation Failure) 699M->30M(2041M) 3.324ms
[127.784s][info][gc,cpu         ] GC(254) User=0.00s Sys=0.00s Real=0.00s
[128.413s][info][gc,start       ] GC(255) Pause Young (Allocation Failure)
[128.415s][info][gc,heap        ] GC(255) PSYoungGen: 687584K(692224K)->2272K(691712K) Eden: 685056K(685056K)->0K(685056K) From: 2528K(7168K)->2272K(6656K)
[128.415s][info][gc,heap        ] GC(255) ParOldGen: 28980K(1398272K)->29196K(1398272K)
[128.415s][info][gc,metaspace   ] GC(255) Metaspace: 52680K(53184K)->52680K(53184K) NonClass: 46136K(46400K)->46136K(46400K) Class: 6544K(6784K)->6544K(6784K)
[128.415s][info][gc             ] GC(255) Pause Young (Allocation Failure) 699M->30M(2041M) 1.805ms
[128.415s][info][gc,cpu         ] GC(255) User=0.00s Sys=0.00s Real=0.00s
[128.418s][info][gc,start       ] GC(256) Pause Young (System.gc())
[128.419s][info][gc,heap        ] GC(256) PSYoungGen: 5487K(691712K)->1088K(692224K) Eden: 3215K(685056K)->0K(685568K) From: 2272K(6656K)->1088K(6656K)
[128.419s][info][gc,heap        ] GC(256) ParOldGen: 29196K(1398272K)->31356K(1398272K)
[128.419s][info][gc,metaspace   ] GC(256) Metaspace: 52688K(53184K)->52688K(53184K) NonClass: 46144K(46400K)->46144K(46400K) Class: 6544K(6784K)->6544K(6784K)
[128.419s][info][gc             ] GC(256) Pause Young (System.gc()) 33M->31M(2041M) 1.629ms
[128.419s][info][gc,cpu         ] GC(256) User=0.00s Sys=0.00s Real=0.00s
[128.420s][info][gc,start       ] GC(257) Pause Full (System.gc())
[128.420s][info][gc,phases,start] GC(257) Marking Phase
[128.446s][info][gc,phases      ] GC(257) Marking Phase 26.422ms
[128.446s][info][gc,phases,start] GC(257) Summary Phase
[128.446s][info][gc,phases      ] GC(257) Summary Phase 0.009ms
[128.446s][info][gc,phases,start] GC(257) Adjust Roots
[128.455s][info][gc,phases      ] GC(257) Adjust Roots 9.485ms
[128.456s][info][gc,phases,start] GC(257) Compaction Phase
[128.463s][info][gc,phases      ] GC(257) Compaction Phase 7.091ms
[128.463s][info][gc,phases,start] GC(257) Post Compact
[128.463s][info][gc,phases      ] GC(257) Post Compact 0.448ms
[128.463s][info][gc,heap        ] GC(257) PSYoungGen: 1088K(692224K)->0K(692224K) Eden: 0K(685568K)->0K(685568K) From: 1088K(6656K)->0K(6656K)
[128.463s][info][gc,heap        ] GC(257) ParOldGen: 31356K(1398272K)->25387K(1398272K)
[128.463s][info][gc,metaspace   ] GC(257) Metaspace: 52688K(53184K)->52688K(53184K) NonClass: 46144K(46400K)->46144K(46400K) Class: 6544K(6784K)->6544K(6784K)
[128.463s][info][gc             ] GC(257) Pause Full (System.gc()) 31M->24M(2041M) 43.739ms
[128.463s][info][gc,cpu         ] GC(257) User=0.02s Sys=0.00s Real=0.03s
[129.159s][info][gc,start       ] GC(258) Pause Young (Allocation Failure)
[129.162s][info][gc,heap        ] GC(258) PSYoungGen: 685568K(692224K)->5824K(691712K) Eden: 685568K(685568K)->0K(685568K) From: 0K(6656K)->5824K(6144K)
[129.162s][info][gc,heap        ] GC(258) ParOldGen: 25387K(1398272K)->25387K(1398272K)
[129.162s][info][gc,metaspace   ] GC(258) Metaspace: 52708K(53184K)->52708K(53184K) NonClass: 46163K(46400K)->46163K(46400K) Class: 6544K(6784K)->6544K(6784K)
[129.162s][info][gc             ] GC(258) Pause Young (Allocation Failure) 694M->30M(2041M) 3.282ms
[129.162s][info][gc,cpu         ] GC(258) User=0.00s Sys=0.00s Real=0.00s
[129.788s][info][gc,start       ] GC(259) Pause Young (Allocation Failure)
[129.791s][info][gc,heap        ] GC(259) PSYoungGen: 691392K(691712K)->2112K(691712K) Eden: 685568K(685568K)->0K(684544K) From: 5824K(6144K)->2112K(7168K)
[129.791s][info][gc,heap        ] GC(259) ParOldGen: 25387K(1398272K)->29003K(1398272K)
[129.791s][info][gc,metaspace   ] GC(259) Metaspace: 52708K(53184K)->52708K(53184K) NonClass: 46163K(46400K)->46163K(46400K) Class: 6544K(6784K)->6544K(6784K)
[129.791s][info][gc             ] GC(259) Pause Young (Allocation Failure) 699M->30M(2041M) 3.107ms
[129.791s][info][gc,cpu         ] GC(259) User=0.00s Sys=0.00s Real=0.00s
[130.434s][info][gc,start       ] GC(260) Pause Young (System.gc())
[130.437s][info][gc,heap        ] GC(260) PSYoungGen: 678816K(691712K)->3200K(691712K) Eden: 676704K(684544K)->0K(684544K) From: 2112K(7168K)->3200K(7168K)
[130.437s][info][gc,heap        ] GC(260) ParOldGen: 29003K(1398272K)->29219K(1398272K)
[130.437s][info][gc,metaspace   ] GC(260) Metaspace: 52710K(53184K)->52710K(53184K) NonClass: 46166K(46400K)->46166K(46400K) Class: 6544K(6784K)->6544K(6784K)
[130.437s][info][gc             ] GC(260) Pause Young (System.gc()) 691M->31M(2041M) 2.941ms
[130.437s][info][gc,cpu         ] GC(260) User=0.00s Sys=0.00s Real=0.00s
[130.437s][info][gc,start       ] GC(261) Pause Full (System.gc())
[130.437s][info][gc,phases,start] GC(261) Marking Phase
[130.461s][info][gc,phases      ] GC(261) Marking Phase 23.672ms
[130.461s][info][gc,phases,start] GC(261) Summary Phase
[130.461s][info][gc,phases      ] GC(261) Summary Phase 0.009ms
[130.461s][info][gc,phases,start] GC(261) Adjust Roots
[130.470s][info][gc,phases      ] GC(261) Adjust Roots 9.653ms
[130.470s][info][gc,phases,start] GC(261) Compaction Phase
[130.477s][info][gc,phases      ] GC(261) Compaction Phase 6.182ms
[130.477s][info][gc,phases,start] GC(261) Post Compact
[130.477s][info][gc,phases      ] GC(261) Post Compact 0.455ms
[130.477s][info][gc,heap        ] GC(261) PSYoungGen: 3200K(691712K)->0K(691712K) Eden: 0K(684544K)->0K(684544K) From: 3200K(7168K)->0K(7168K)
[130.477s][info][gc,heap        ] GC(261) ParOldGen: 29219K(1398272K)->25391K(1398272K)
[130.477s][info][gc,metaspace   ] GC(261) Metaspace: 52710K(53184K)->52710K(53184K) NonClass: 46166K(46400K)->46166K(46400K) Class: 6544K(6784K)->6544K(6784K)
[130.477s][info][gc             ] GC(261) Pause Full (System.gc()) 31M->24M(2041M) 40.238ms
[130.477s][info][gc,cpu         ] GC(261) User=0.03s Sys=0.00s Real=0.05s
[131.178s][info][gc,start       ] GC(262) Pause Young (Allocation Failure)
[131.181s][info][gc,heap        ] GC(262) PSYoungGen: 684544K(691712K)->4992K(691200K) Eden: 684544K(684544K)->0K(684544K) From: 0K(7168K)->4992K(6656K)
[131.181s][info][gc,heap        ] GC(262) ParOldGen: 25391K(1398272K)->25391K(1398272K)
[131.181s][info][gc,metaspace   ] GC(262) Metaspace: 52710K(53184K)->52710K(53184K) NonClass: 46166K(46400K)->46166K(46400K) Class: 6544K(6784K)->6544K(6784K)
[131.181s][info][gc             ] GC(262) Pause Young (Allocation Failure) 693M->29M(2040M) 3.116ms
[131.181s][info][gc,cpu         ] GC(262) User=0.00s Sys=0.00s Real=0.00s
[131.808s][info][gc,start       ] GC(263) Pause Young (Allocation Failure)
[131.810s][info][gc,heap        ] GC(263) PSYoungGen: 689536K(691200K)->1824K(691712K) Eden: 684544K(684544K)->0K(684544K) From: 4992K(6656K)->1824K(7168K)
[131.811s][info][gc,heap        ] GC(263) ParOldGen: 25391K(1398272K)->28991K(1398272K)
[131.811s][info][gc,metaspace   ] GC(263) Metaspace: 52710K(53184K)->52710K(53184K) NonClass: 46166K(46400K)->46166K(46400K) Class: 6544K(6784K)->6544K(6784K)
[131.811s][info][gc             ] GC(263) Pause Young (Allocation Failure) 698M->30M(2041M) 2.930ms
[131.811s][info][gc,cpu         ] GC(263) User=0.00s Sys=0.00s Real=0.00s
[132.460s][info][gc,start       ] GC(264) Pause Young (Allocation Failure)
[132.462s][info][gc,heap        ] GC(264) PSYoungGen: 686368K(691712K)->2912K(692224K) Eden: 684544K(684544K)->0K(685056K) From: 1824K(7168K)->2912K(7168K)
[132.462s][info][gc,heap        ] GC(264) ParOldGen: 28991K(1398272K)->29207K(1398272K)
[132.462s][info][gc,metaspace   ] GC(264) Metaspace: 52710K(53184K)->52710K(53184K) NonClass: 46166K(46400K)->46166K(46400K) Class: 6544K(6784K)->6544K(6784K)
[132.462s][info][gc             ] GC(264) Pause Young (Allocation Failure) 698M->31M(2041M) 2.401ms
[132.463s][info][gc,cpu         ] GC(264) User=0.00s Sys=0.00s Real=0.00s
[132.465s][info][gc,start       ] GC(265) Pause Young (System.gc())
[132.466s][info][gc,heap        ] GC(265) PSYoungGen: 4472K(692224K)->416K(691712K) Eden: 1560K(685056K)->0K(685056K) From: 2912K(7168K)->416K(6656K)
[132.466s][info][gc,heap        ] GC(265) ParOldGen: 29207K(1398272K)->32015K(1398272K)
[132.466s][info][gc,metaspace   ] GC(265) Metaspace: 52710K(53184K)->52710K(53184K) NonClass: 46166K(46400K)->46166K(46400K) Class: 6544K(6784K)->6544K(6784K)
[132.466s][info][gc             ] GC(265) Pause Young (System.gc()) 32M->31M(2041M) 1.613ms
[132.466s][info][gc,cpu         ] GC(265) User=0.00s Sys=0.00s Real=0.00s
[132.466s][info][gc,start       ] GC(266) Pause Full (System.gc())
[132.466s][info][gc,phases,start] GC(266) Marking Phase
[132.492s][info][gc,phases      ] GC(266) Marking Phase 25.859ms
[132.492s][info][gc,phases,start] GC(266) Summary Phase
[132.492s][info][gc,phases      ] GC(266) Summary Phase 0.009ms
[132.492s][info][gc,phases,start] GC(266) Adjust Roots
[132.502s][info][gc,phases      ] GC(266) Adjust Roots 9.330ms
[132.502s][info][gc,phases,start] GC(266) Compaction Phase
[132.507s][info][gc,phases      ] GC(266) Compaction Phase 5.821ms
[132.507s][info][gc,phases,start] GC(266) Post Compact
[132.508s][info][gc,phases      ] GC(266) Post Compact 0.472ms
[132.508s][info][gc,heap        ] GC(266) PSYoungGen: 416K(691712K)->0K(691712K) Eden: 0K(685056K)->0K(685056K) From: 416K(6656K)->0K(6656K)
[132.508s][info][gc,heap        ] GC(266) ParOldGen: 32015K(1398272K)->25393K(1398272K)
[132.508s][info][gc,metaspace   ] GC(266) Metaspace: 52710K(53184K)->52710K(53184K) NonClass: 46166K(46400K)->46166K(46400K) Class: 6544K(6784K)->6544K(6784K)
[132.508s][info][gc             ] GC(266) Pause Full (System.gc()) 31M->24M(2041M) 41.794ms
[132.508s][info][gc,cpu         ] GC(266) User=0.00s Sys=0.00s Real=0.03s
[133.214s][info][gc,start       ] GC(267) Pause Young (Allocation Failure)
[133.217s][info][gc,heap        ] GC(267) PSYoungGen: 685056K(691712K)->5984K(690688K) Eden: 685056K(685056K)->0K(683520K) From: 0K(6656K)->5984K(7168K)
[133.217s][info][gc,heap        ] GC(267) ParOldGen: 25393K(1398272K)->25393K(1398272K)
[133.217s][info][gc,metaspace   ] GC(267) Metaspace: 52710K(53184K)->52710K(53184K) NonClass: 46166K(46400K)->46166K(46400K) Class: 6544K(6784K)->6544K(6784K)
[133.217s][info][gc             ] GC(267) Pause Young (Allocation Failure) 693M->30M(2040M) 3.439ms
[133.217s][info][gc,cpu         ] GC(267) User=0.00s Sys=0.00s Real=0.00s
[133.856s][info][gc,start       ] GC(268) Pause Young (Allocation Failure)
[133.859s][info][gc,heap        ] GC(268) PSYoungGen: 689504K(690688K)->1792K(691200K) Eden: 683520K(683520K)->0K(683520K) From: 5984K(7168K)->1792K(7680K)
[133.859s][info][gc,heap        ] GC(268) ParOldGen: 25393K(1398272K)->29001K(1398272K)
[133.859s][info][gc,metaspace   ] GC(268) Metaspace: 52710K(53184K)->52710K(53184K) NonClass: 46166K(46400K)->46166K(46400K) Class: 6544K(6784K)->6544K(6784K)
[133.859s][info][gc             ] GC(268) Pause Young (Allocation Failure) 698M->30M(2040M) 2.949ms
[133.859s][info][gc,cpu         ] GC(268) User=0.00s Sys=0.00s Real=0.00s
[134.509s][info][gc,start       ] GC(269) Pause Young (Allocation Failure)
[134.512s][info][gc,heap        ] GC(269) PSYoungGen: 685312K(691200K)->2688K(691712K) Eden: 683520K(683520K)->0K(684032K) From: 1792K(7680K)->2688K(7680K)
[134.512s][info][gc,heap        ] GC(269) ParOldGen: 29001K(1398272K)->29217K(1398272K)
[134.512s][info][gc,metaspace   ] GC(269) Metaspace: 52710K(53184K)->52710K(53184K) NonClass: 46166K(46400K)->46166K(46400K) Class: 6544K(6784K)->6544K(6784K)
[134.512s][info][gc             ] GC(269) Pause Young (Allocation Failure) 697M->31M(2041M) 3.093ms
[134.512s][info][gc,cpu         ] GC(269) User=0.00s Sys=0.00s Real=0.00s
[134.514s][info][gc,start       ] GC(270) Pause Young (System.gc())
[134.516s][info][gc,heap        ] GC(270) PSYoungGen: 5269K(691712K)->640K(691200K) Eden: 2581K(684032K)->0K(684032K) From: 2688K(7680K)->640K(7168K)
[134.516s][info][gc,heap        ] GC(270) ParOldGen: 29217K(1398272K)->31801K(1398272K)
[134.516s][info][gc,metaspace   ] GC(270) Metaspace: 52710K(53184K)->52710K(53184K) NonClass: 46166K(46400K)->46166K(46400K) Class: 6544K(6784K)->6544K(6784K)
[134.516s][info][gc             ] GC(270) Pause Young (System.gc()) 33M->31M(2040M) 1.353ms
[134.516s][info][gc,cpu         ] GC(270) User=0.00s Sys=0.02s Real=0.00s
[134.516s][info][gc,start       ] GC(271) Pause Full (System.gc())
[134.516s][info][gc,phases,start] GC(271) Marking Phase
[134.540s][info][gc,phases      ] GC(271) Marking Phase 24.545ms
[134.540s][info][gc,phases,start] GC(271) Summary Phase
[134.540s][info][gc,phases      ] GC(271) Summary Phase 0.014ms
[134.540s][info][gc,phases,start] GC(271) Adjust Roots
[134.550s][info][gc,phases      ] GC(271) Adjust Roots 9.731ms
[134.550s][info][gc,phases,start] GC(271) Compaction Phase
[134.556s][info][gc,phases      ] GC(271) Compaction Phase 6.127ms
[134.556s][info][gc,phases,start] GC(271) Post Compact
[134.557s][info][gc,phases      ] GC(271) Post Compact 0.452ms
[134.557s][info][gc,heap        ] GC(271) PSYoungGen: 640K(691200K)->0K(691200K) Eden: 0K(684032K)->0K(684032K) From: 640K(7168K)->0K(7168K)
[134.557s][info][gc,heap        ] GC(271) ParOldGen: 31801K(1398272K)->25406K(1398272K)
[134.557s][info][gc,metaspace   ] GC(271) Metaspace: 52710K(53184K)->52710K(53184K) NonClass: 46166K(46400K)->46166K(46400K) Class: 6544K(6784K)->6544K(6784K)
[134.557s][info][gc             ] GC(271) Pause Full (System.gc()) 31M->24M(2040M) 41.160ms
[134.557s][info][gc,cpu         ] GC(271) User=0.02s Sys=0.00s Real=0.03s
[135.322s][info][gc,start       ] GC(272) Pause Young (Allocation Failure)
[135.326s][info][gc,heap        ] GC(272) PSYoungGen: 684032K(691200K)->6528K(689664K) Eden: 684032K(684032K)->0K(682496K) From: 0K(7168K)->6528K(7168K)
[135.326s][info][gc,heap        ] GC(272) ParOldGen: 25406K(1398272K)->25406K(1398272K)
[135.326s][info][gc,metaspace   ] GC(272) Metaspace: 52710K(53184K)->52710K(53184K) NonClass: 46166K(46400K)->46166K(46400K) Class: 6544K(6784K)->6544K(6784K)
[135.326s][info][gc             ] GC(272) Pause Young (Allocation Failure) 692M->31M(2039M) 3.473ms
[135.326s][info][gc,cpu         ] GC(272) User=0.00s Sys=0.00s Real=0.00s
[135.939s][info][gc,start       ] GC(273) Pause Young (Allocation Failure)
[135.942s][info][gc,heap        ] GC(273) PSYoungGen: 689024K(689664K)->2144K(690688K) Eden: 682496K(682496K)->0K(682496K) From: 6528K(7168K)->2144K(8192K)
[135.942s][info][gc,heap        ] GC(273) ParOldGen: 25406K(1398272K)->28982K(1398272K)
[135.942s][info][gc,metaspace   ] GC(273) Metaspace: 52710K(53184K)->52710K(53184K) NonClass: 46166K(46400K)->46166K(46400K) Class: 6544K(6784K)->6544K(6784K)
[135.942s][info][gc             ] GC(273) Pause Young (Allocation Failure) 697M->30M(2040M) 3.044ms
[135.942s][info][gc,cpu         ] GC(273) User=0.00s Sys=0.00s Real=0.00s
[136.622s][info][gc,start       ] GC(274) Pause Young (System.gc())
[136.625s][info][gc,heap        ] GC(274) PSYoungGen: 682843K(690688K)->3200K(691200K) Eden: 680699K(682496K)->0K(683520K) From: 2144K(8192K)->3200K(7680K)
[136.625s][info][gc,heap        ] GC(274) ParOldGen: 28982K(1398272K)->29206K(1398272K)
[136.625s][info][gc,metaspace   ] GC(274) Metaspace: 52713K(53184K)->52713K(53184K) NonClass: 46168K(46400K)->46168K(46400K) Class: 6544K(6784K)->6544K(6784K)
[136.625s][info][gc             ] GC(274) Pause Young (System.gc()) 695M->31M(2040M) 2.527ms
[136.625s][info][gc,cpu         ] GC(274) User=0.00s Sys=0.00s Real=0.00s
[136.625s][info][gc,start       ] GC(275) Pause Full (System.gc())
[136.625s][info][gc,phases,start] GC(275) Marking Phase
[136.647s][info][gc,phases      ] GC(275) Marking Phase 21.945ms
[136.647s][info][gc,phases,start] GC(275) Summary Phase
[136.647s][info][gc,phases      ] GC(275) Summary Phase 0.009ms
[136.647s][info][gc,phases,start] GC(275) Adjust Roots
[136.656s][info][gc,phases      ] GC(275) Adjust Roots 9.287ms
[136.656s][info][gc,phases,start] GC(275) Compaction Phase
[136.662s][info][gc,phases      ] GC(275) Compaction Phase 5.836ms
[136.662s][info][gc,phases,start] GC(275) Post Compact
[136.663s][info][gc,phases      ] GC(275) Post Compact 0.409ms
[136.663s][info][gc,heap        ] GC(275) PSYoungGen: 3200K(691200K)->0K(691200K) Eden: 0K(683520K)->0K(683520K) From: 3200K(7680K)->0K(7680K)
[136.663s][info][gc,heap        ] GC(275) ParOldGen: 29206K(1398272K)->25368K(1398272K)
[136.663s][info][gc,metaspace   ] GC(275) Metaspace: 52713K(53184K)->52713K(53184K) NonClass: 46168K(46400K)->46168K(46400K) Class: 6544K(6784K)->6544K(6784K)
[136.663s][info][gc             ] GC(275) Pause Full (System.gc()) 31M->24M(2040M) 37.744ms
[136.663s][info][gc,cpu         ] GC(275) User=0.00s Sys=0.00s Real=0.03s
[137.381s][info][gc,start       ] GC(276) Pause Young (Allocation Failure)
[137.384s][info][gc,heap        ] GC(276) PSYoungGen: 683520K(691200K)->5312K(691200K) Eden: 683520K(683520K)->0K(683520K) From: 0K(7680K)->5312K(7680K)
[137.384s][info][gc,heap        ] GC(276) ParOldGen: 25368K(1398272K)->25368K(1398272K)
[137.384s][info][gc,metaspace   ] GC(276) Metaspace: 52713K(53184K)->52713K(53184K) NonClass: 46168K(46400K)->46168K(46400K) Class: 6544K(6784K)->6544K(6784K)
[137.384s][info][gc             ] GC(276) Pause Young (Allocation Failure) 692M->29M(2040M) 3.093ms
[137.384s][info][gc,cpu         ] GC(276) User=0.00s Sys=0.00s Real=0.00s
[138.041s][info][gc,start       ] GC(277) Pause Young (Allocation Failure)
[138.043s][info][gc,heap        ] GC(277) PSYoungGen: 688832K(691200K)->2080K(691200K) Eden: 683520K(683520K)->0K(683520K) From: 5312K(7680K)->2080K(7680K)
[138.044s][info][gc,heap        ] GC(277) ParOldGen: 25368K(1398272K)->28984K(1398272K)
[138.044s][info][gc,metaspace   ] GC(277) Metaspace: 52713K(53184K)->52713K(53184K) NonClass: 46168K(46400K)->46168K(46400K) Class: 6544K(6784K)->6544K(6784K)
[138.044s][info][gc             ] GC(277) Pause Young (Allocation Failure) 697M->30M(2040M) 3.012ms
[138.044s][info][gc,cpu         ] GC(277) User=0.00s Sys=0.00s Real=0.00s
[138.646s][info][gc,start       ] GC(278) Pause Young (System.gc())
[138.648s][info][gc,heap        ] GC(278) PSYoungGen: 633603K(691200K)->3168K(691200K) Eden: 631523K(683520K)->0K(683520K) From: 2080K(7680K)->3168K(7680K)
[138.648s][info][gc,heap        ] GC(278) ParOldGen: 28984K(1398272K)->29208K(1398272K)
[138.648s][info][gc,metaspace   ] GC(278) Metaspace: 52713K(53184K)->52713K(53184K) NonClass: 46168K(46400K)->46168K(46400K) Class: 6544K(6784K)->6544K(6784K)
[138.648s][info][gc             ] GC(278) Pause Young (System.gc()) 647M->31M(2040M) 2.291ms
[138.648s][info][gc,cpu         ] GC(278) User=0.00s Sys=0.00s Real=0.00s
[138.648s][info][gc,start       ] GC(279) Pause Full (System.gc())
[138.648s][info][gc,phases,start] GC(279) Marking Phase
[138.672s][info][gc,phases      ] GC(279) Marking Phase 24.143ms
[138.672s][info][gc,phases,start] GC(279) Summary Phase
[138.672s][info][gc,phases      ] GC(279) Summary Phase 0.010ms
[138.672s][info][gc,phases,start] GC(279) Adjust Roots
[138.682s][info][gc,phases      ] GC(279) Adjust Roots 9.333ms
[138.682s][info][gc,phases,start] GC(279) Compaction Phase
[138.689s][info][gc,phases      ] GC(279) Compaction Phase 6.945ms
[138.689s][info][gc,phases,start] GC(279) Post Compact
[138.689s][info][gc,phases      ] GC(279) Post Compact 0.429ms
[138.689s][info][gc,heap        ] GC(279) PSYoungGen: 3168K(691200K)->0K(691200K) Eden: 0K(683520K)->0K(683520K) From: 3168K(7680K)->0K(7680K)
[138.689s][info][gc,heap        ] GC(279) ParOldGen: 29208K(1398272K)->25355K(1398272K)
[138.689s][info][gc,metaspace   ] GC(279) Metaspace: 52713K(53184K)->52713K(53184K) NonClass: 46168K(46400K)->46168K(46400K) Class: 6544K(6784K)->6544K(6784K)
[138.689s][info][gc             ] GC(279) Pause Full (System.gc()) 31M->24M(2040M) 41.135ms
[138.689s][info][gc,cpu         ] GC(279) User=0.05s Sys=0.00s Real=0.05s
[139.421s][info][gc,start       ] GC(280) Pause Young (Allocation Failure)
[139.424s][info][gc,heap        ] GC(280) PSYoungGen: 683520K(691200K)->5472K(690688K) Eden: 683520K(683520K)->0K(683520K) From: 0K(7680K)->5472K(7168K)
[139.424s][info][gc,heap        ] GC(280) ParOldGen: 25355K(1398272K)->25355K(1398272K)
[139.424s][info][gc,metaspace   ] GC(280) Metaspace: 52713K(53184K)->52713K(53184K) NonClass: 46168K(46400K)->46168K(46400K) Class: 6544K(6784K)->6544K(6784K)
[139.424s][info][gc             ] GC(280) Pause Young (Allocation Failure) 692M->30M(2040M) 3.148ms
[139.424s][info][gc,cpu         ] GC(280) User=0.02s Sys=0.00s Real=0.00s
[140.096s][info][gc,start       ] GC(281) Pause Young (Allocation Failure)
[140.099s][info][gc,heap        ] GC(281) PSYoungGen: 688992K(690688K)->2592K(691200K) Eden: 683520K(683520K)->0K(683520K) From: 5472K(7168K)->2592K(7680K)
[140.099s][info][gc,heap        ] GC(281) ParOldGen: 25355K(1398272K)->28971K(1398272K)
[140.099s][info][gc,metaspace   ] GC(281) Metaspace: 52713K(53184K)->52713K(53184K) NonClass: 46169K(46400K)->46169K(46400K) Class: 6544K(6784K)->6544K(6784K)
[140.099s][info][gc             ] GC(281) Pause Young (Allocation Failure) 697M->30M(2040M) 3.216ms
[140.099s][info][gc,cpu         ] GC(281) User=0.00s Sys=0.00s Real=0.00s
[140.707s][info][gc,start       ] GC(282) Pause Young (System.gc())
[140.709s][info][gc,heap        ] GC(282) PSYoungGen: 600282K(691200K)->3136K(691712K) Eden: 597690K(683520K)->0K(684544K) From: 2592K(7680K)->3136K(7168K)
[140.709s][info][gc,heap        ] GC(282) ParOldGen: 28971K(1398272K)->29187K(1398272K)
[140.709s][info][gc,metaspace   ] GC(282) Metaspace: 52713K(53184K)->52713K(53184K) NonClass: 46169K(46400K)->46169K(46400K) Class: 6544K(6784K)->6544K(6784K)
[140.709s][info][gc             ] GC(282) Pause Young (System.gc()) 614M->31M(2041M) 2.419ms
[140.709s][info][gc,cpu         ] GC(282) User=0.00s Sys=0.00s Real=0.00s
[140.709s][info][gc,start       ] GC(283) Pause Full (System.gc())
[140.709s][info][gc,phases,start] GC(283) Marking Phase
[140.731s][info][gc,phases      ] GC(283) Marking Phase 22.084ms
[140.731s][info][gc,phases,start] GC(283) Summary Phase
[140.731s][info][gc,phases      ] GC(283) Summary Phase 0.010ms
[140.731s][info][gc,phases,start] GC(283) Adjust Roots
[140.741s][info][gc,phases      ] GC(283) Adjust Roots 10.161ms
[140.742s][info][gc,phases,start] GC(283) Compaction Phase
[140.749s][info][gc,phases      ] GC(283) Compaction Phase 7.334ms
[140.749s][info][gc,phases,start] GC(283) Post Compact
[140.749s][info][gc,phases      ] GC(283) Post Compact 0.449ms
[140.749s][info][gc,heap        ] GC(283) PSYoungGen: 3136K(691712K)->0K(691712K) Eden: 0K(684544K)->0K(684544K) From: 3136K(7168K)->0K(7168K)
[140.749s][info][gc,heap        ] GC(283) ParOldGen: 29187K(1398272K)->25382K(1398272K)
[140.749s][info][gc,metaspace   ] GC(283) Metaspace: 52713K(53184K)->52713K(53184K) NonClass: 46169K(46400K)->46169K(46400K) Class: 6544K(6784K)->6544K(6784K)
[140.749s][info][gc             ] GC(283) Pause Full (System.gc()) 31M->24M(2041M) 40.324ms
[140.750s][info][gc,cpu         ] GC(283) User=0.02s Sys=0.00s Real=0.03s
[141.459s][info][gc,start       ] GC(284) Pause Young (Allocation Failure)
[141.462s][info][gc,heap        ] GC(284) PSYoungGen: 684544K(691712K)->5184K(691712K) Eden: 684544K(684544K)->0K(684544K) From: 0K(7168K)->5184K(7168K)
[141.462s][info][gc,heap        ] GC(284) ParOldGen: 25382K(1398272K)->25382K(1398272K)
[141.462s][info][gc,metaspace   ] GC(284) Metaspace: 52713K(53184K)->52713K(53184K) NonClass: 46169K(46400K)->46169K(46400K) Class: 6544K(6784K)->6544K(6784K)
[141.462s][info][gc             ] GC(284) Pause Young (Allocation Failure) 693M->29M(2041M) 3.030ms
[141.462s][info][gc,cpu         ] GC(284) User=0.00s Sys=0.00s Real=0.00s
[142.072s][info][gc,start       ] GC(285) Pause Young (Allocation Failure)
[142.075s][info][gc,heap        ] GC(285) PSYoungGen: 689728K(691712K)->2208K(691712K) Eden: 684544K(684544K)->0K(684544K) From: 5184K(7168K)->2208K(7168K)
[142.075s][info][gc,heap        ] GC(285) ParOldGen: 25382K(1398272K)->28990K(1398272K)
[142.075s][info][gc,metaspace   ] GC(285) Metaspace: 52713K(53184K)->52713K(53184K) NonClass: 46169K(46400K)->46169K(46400K) Class: 6544K(6784K)->6544K(6784K)
[142.075s][info][gc             ] GC(285) Pause Young (Allocation Failure) 698M->30M(2041M) 3.088ms
[142.075s][info][gc,cpu         ] GC(285) User=0.00s Sys=0.00s Real=0.00s
[142.681s][info][gc,start       ] GC(286) Pause Young (System.gc())
[142.684s][info][gc,heap        ] GC(286) PSYoungGen: 590746K(691712K)->3168K(691712K) Eden: 588538K(684544K)->0K(684544K) From: 2208K(7168K)->3168K(7168K)
[142.684s][info][gc,heap        ] GC(286) ParOldGen: 28990K(1398272K)->29214K(1398272K)
[142.684s][info][gc,metaspace   ] GC(286) Metaspace: 52713K(53184K)->52713K(53184K) NonClass: 46169K(46400K)->46169K(46400K) Class: 6544K(6784K)->6544K(6784K)
[142.684s][info][gc             ] GC(286) Pause Young (System.gc()) 605M->31M(2041M) 2.900ms
[142.684s][info][gc,cpu         ] GC(286) User=0.00s Sys=0.00s Real=0.00s
[142.684s][info][gc,start       ] GC(287) Pause Full (System.gc())
[142.684s][info][gc,phases,start] GC(287) Marking Phase
[142.708s][info][gc,phases      ] GC(287) Marking Phase 24.195ms
[142.708s][info][gc,phases,start] GC(287) Summary Phase
[142.708s][info][gc,phases      ] GC(287) Summary Phase 0.010ms
[142.708s][info][gc,phases,start] GC(287) Adjust Roots
[142.718s][info][gc,phases      ] GC(287) Adjust Roots 9.937ms
[142.718s][info][gc,phases,start] GC(287) Compaction Phase
[142.724s][info][gc,phases      ] GC(287) Compaction Phase 6.318ms
[142.725s][info][gc,phases,start] GC(287) Post Compact
[142.725s][info][gc,phases      ] GC(287) Post Compact 0.482ms
[142.725s][info][gc,heap        ] GC(287) PSYoungGen: 3168K(691712K)->0K(691712K) Eden: 0K(684544K)->0K(684544K) From: 3168K(7168K)->0K(7168K)
[142.725s][info][gc,heap        ] GC(287) ParOldGen: 29214K(1398272K)->25386K(1398272K)
[142.725s][info][gc,metaspace   ] GC(287) Metaspace: 52713K(53184K)->52713K(53184K) NonClass: 46169K(46400K)->46169K(46400K) Class: 6544K(6784K)->6544K(6784K)
[142.725s][info][gc             ] GC(287) Pause Full (System.gc()) 31M->24M(2041M) 41.205ms
[142.725s][info][gc,cpu         ] GC(287) User=0.03s Sys=0.00s Real=0.05s
[143.468s][info][gc,start       ] GC(288) Pause Young (Allocation Failure)
[143.471s][info][gc,heap        ] GC(288) PSYoungGen: 684544K(691712K)->4736K(691712K) Eden: 684544K(684544K)->0K(684544K) From: 0K(7168K)->4736K(7168K)
[143.471s][info][gc,heap        ] GC(288) ParOldGen: 25386K(1398272K)->25386K(1398272K)
[143.471s][info][gc,metaspace   ] GC(288) Metaspace: 52714K(53184K)->52714K(53184K) NonClass: 46169K(46400K)->46169K(46400K) Class: 6544K(6784K)->6544K(6784K)
[143.471s][info][gc             ] GC(288) Pause Young (Allocation Failure) 693M->29M(2041M) 2.881ms
[143.471s][info][gc,cpu         ] GC(288) User=0.00s Sys=0.00s Real=0.00s
[144.081s][info][gc,start       ] GC(289) Pause Young (Allocation Failure)
[144.084s][info][gc,heap        ] GC(289) PSYoungGen: 689280K(691712K)->1824K(691712K) Eden: 684544K(684544K)->0K(684544K) From: 4736K(7168K)->1824K(7168K)
[144.084s][info][gc,heap        ] GC(289) ParOldGen: 25386K(1398272K)->29002K(1398272K)
[144.084s][info][gc,metaspace   ] GC(289) Metaspace: 52714K(53184K)->52714K(53184K) NonClass: 46169K(46400K)->46169K(46400K) Class: 6544K(6784K)->6544K(6784K)
[144.084s][info][gc             ] GC(289) Pause Young (Allocation Failure) 697M->30M(2041M) 2.911ms
[144.084s][info][gc,cpu         ] GC(289) User=0.00s Sys=0.00s Real=0.00s
[144.683s][info][gc,start       ] GC(290) Pause Young (System.gc())
[144.685s][info][gc,heap        ] GC(290) PSYoungGen: 591153K(691712K)->3136K(692224K) Eden: 589329K(684544K)->0K(685056K) From: 1824K(7168K)->3136K(7168K)
[144.685s][info][gc,heap        ] GC(290) ParOldGen: 29002K(1398272K)->29234K(1398272K)
[144.685s][info][gc,metaspace   ] GC(290) Metaspace: 52714K(53184K)->52714K(53184K) NonClass: 46169K(46400K)->46169K(46400K) Class: 6544K(6784K)->6544K(6784K)
[144.685s][info][gc             ] GC(290) Pause Young (System.gc()) 605M->31M(2041M) 2.331ms
[144.685s][info][gc,cpu         ] GC(290) User=0.00s Sys=0.00s Real=0.00s
[144.685s][info][gc,start       ] GC(291) Pause Full (System.gc())
[144.685s][info][gc,phases,start] GC(291) Marking Phase
[144.711s][info][gc,phases      ] GC(291) Marking Phase 25.536ms
[144.711s][info][gc,phases,start] GC(291) Summary Phase
[144.711s][info][gc,phases      ] GC(291) Summary Phase 0.009ms
[144.711s][info][gc,phases,start] GC(291) Adjust Roots
[144.721s][info][gc,phases      ] GC(291) Adjust Roots 10.129ms
[144.721s][info][gc,phases,start] GC(291) Compaction Phase
[144.727s][info][gc,phases      ] GC(291) Compaction Phase 6.423ms
[144.727s][info][gc,phases,start] GC(291) Post Compact
[144.728s][info][gc,phases      ] GC(291) Post Compact 0.453ms
[144.728s][info][gc,heap        ] GC(291) PSYoungGen: 3136K(692224K)->0K(692224K) Eden: 0K(685056K)->0K(685056K) From: 3136K(7168K)->0K(7168K)
[144.728s][info][gc,heap        ] GC(291) ParOldGen: 29234K(1398272K)->25396K(1398272K)
[144.728s][info][gc,metaspace   ] GC(291) Metaspace: 52714K(53184K)->52714K(53184K) NonClass: 46169K(46400K)->46169K(46400K) Class: 6544K(6784K)->6544K(6784K)
[144.728s][info][gc             ] GC(291) Pause Full (System.gc()) 31M->24M(2041M) 42.810ms
[144.728s][info][gc,cpu         ] GC(291) User=0.03s Sys=0.00s Real=0.05s
[145.472s][info][gc,start       ] GC(292) Pause Young (Allocation Failure)
[145.475s][info][gc,heap        ] GC(292) PSYoungGen: 685056K(692224K)->6400K(691712K) Eden: 685056K(685056K)->0K(685056K) From: 0K(7168K)->6400K(6656K)
[145.475s][info][gc,heap        ] GC(292) ParOldGen: 25396K(1398272K)->25396K(1398272K)
[145.475s][info][gc,metaspace   ] GC(292) Metaspace: 52714K(53184K)->52714K(53184K) NonClass: 46169K(46400K)->46169K(46400K) Class: 6545K(6784K)->6545K(6784K)
[145.475s][info][gc             ] GC(292) Pause Young (Allocation Failure) 693M->31M(2041M) 3.566ms
[145.475s][info][gc,cpu         ] GC(292) User=0.00s Sys=0.00s Real=0.00s
[146.150s][info][gc,start       ] GC(293) Pause Young (Allocation Failure)
[146.153s][info][gc,heap        ] GC(293) PSYoungGen: 691456K(691712K)->1792K(690688K) Eden: 685056K(685056K)->0K(683520K) From: 6400K(6656K)->1792K(7168K)
[146.153s][info][gc,heap        ] GC(293) ParOldGen: 25396K(1398272K)->29052K(1398272K)
[146.153s][info][gc,metaspace   ] GC(293) Metaspace: 52714K(53184K)->52714K(53184K) NonClass: 46169K(46400K)->46169K(46400K) Class: 6545K(6784K)->6545K(6784K)
[146.153s][info][gc             ] GC(293) Pause Young (Allocation Failure) 700M->30M(2040M) 2.978ms
[146.153s][info][gc,cpu         ] GC(293) User=0.00s Sys=0.00s Real=0.00s
[146.716s][info][gc,start       ] GC(294) Pause Young (System.gc())
[146.718s][info][gc,heap        ] GC(294) PSYoungGen: 596481K(690688K)->3168K(691200K) Eden: 594689K(683520K)->0K(683520K) From: 1792K(7168K)->3168K(7680K)
[146.718s][info][gc,heap        ] GC(294) ParOldGen: 29052K(1398272K)->29284K(1398272K)
[146.718s][info][gc,metaspace   ] GC(294) Metaspace: 52714K(53184K)->52714K(53184K) NonClass: 46169K(46400K)->46169K(46400K) Class: 6545K(6784K)->6545K(6784K)
[146.718s][info][gc             ] GC(294) Pause Young (System.gc()) 610M->31M(2040M) 2.429ms
[146.718s][info][gc,cpu         ] GC(294) User=0.00s Sys=0.00s Real=0.00s
[146.718s][info][gc,start       ] GC(295) Pause Full (System.gc())
[146.718s][info][gc,phases,start] GC(295) Marking Phase
[146.741s][info][gc,phases      ] GC(295) Marking Phase 22.233ms
[146.741s][info][gc,phases,start] GC(295) Summary Phase
[146.741s][info][gc,phases      ] GC(295) Summary Phase 0.009ms
[146.741s][info][gc,phases,start] GC(295) Adjust Roots
[146.750s][info][gc,phases      ] GC(295) Adjust Roots 9.587ms
[146.750s][info][gc,phases,start] GC(295) Compaction Phase
[146.756s][info][gc,phases      ] GC(295) Compaction Phase 5.770ms
[146.756s][info][gc,phases,start] GC(295) Post Compact
[146.757s][info][gc,phases      ] GC(295) Post Compact 0.442ms
[146.757s][info][gc,heap        ] GC(295) PSYoungGen: 3168K(691200K)->0K(691200K) Eden: 0K(683520K)->0K(683520K) From: 3168K(7680K)->0K(7680K)
[146.757s][info][gc,heap        ] GC(295) ParOldGen: 29284K(1398272K)->25371K(1398272K)
[146.757s][info][gc,metaspace   ] GC(295) Metaspace: 52714K(53184K)->52714K(53184K) NonClass: 46169K(46400K)->46169K(46400K) Class: 6545K(6784K)->6545K(6784K)
[146.757s][info][gc             ] GC(295) Pause Full (System.gc()) 31M->24M(2040M) 38.303ms
[146.757s][info][gc,cpu         ] GC(295) User=0.00s Sys=0.00s Real=0.03s
[147.478s][info][gc,start       ] GC(296) Pause Young (Allocation Failure)
[147.481s][info][gc,heap        ] GC(296) PSYoungGen: 683520K(691200K)->5888K(690688K) Eden: 683520K(683520K)->0K(683520K) From: 0K(7680K)->5888K(7168K)
[147.481s][info][gc,heap        ] GC(296) ParOldGen: 25371K(1398272K)->25371K(1398272K)
[147.481s][info][gc,metaspace   ] GC(296) Metaspace: 52714K(53184K)->52714K(53184K) NonClass: 46169K(46400K)->46169K(46400K) Class: 6545K(6784K)->6545K(6784K)
[147.481s][info][gc             ] GC(296) Pause Young (Allocation Failure) 692M->30M(2040M) 3.271ms
[147.481s][info][gc,cpu         ] GC(296) User=0.00s Sys=0.00s Real=0.00s
[148.158s][info][gc,start       ] GC(297) Pause Young (Allocation Failure)
[148.160s][info][gc,heap        ] GC(297) PSYoungGen: 689408K(690688K)->1280K(691200K) Eden: 683520K(683520K)->0K(683520K) From: 5888K(7168K)->1280K(7680K)
[148.160s][info][gc,heap        ] GC(297) ParOldGen: 25371K(1398272K)->28971K(1398272K)
[148.160s][info][gc,metaspace   ] GC(297) Metaspace: 52714K(53184K)->52714K(53184K) NonClass: 46169K(46400K)->46169K(46400K) Class: 6545K(6784K)->6545K(6784K)
[148.160s][info][gc             ] GC(297) Pause Young (Allocation Failure) 698M->29M(2040M) 2.918ms
[148.160s][info][gc,cpu         ] GC(297) User=0.00s Sys=0.00s Real=0.00s
[148.718s][info][gc,start       ] GC(298) Pause Young (System.gc())
[148.722s][info][gc,heap        ] GC(298) PSYoungGen: 596758K(691200K)->3168K(691712K) Eden: 595478K(683520K)->0K(684032K) From: 1280K(7680K)->3168K(7680K)
[148.722s][info][gc,heap        ] GC(298) ParOldGen: 28971K(1398272K)->29195K(1398272K)
[148.722s][info][gc,metaspace   ] GC(298) Metaspace: 52714K(53184K)->52714K(53184K) NonClass: 46169K(46400K)->46169K(46400K) Class: 6545K(6784K)->6545K(6784K)
[148.722s][info][gc             ] GC(298) Pause Young (System.gc()) 611M->31M(2041M) 3.720ms
[148.722s][info][gc,cpu         ] GC(298) User=0.02s Sys=0.00s Real=0.00s
[148.722s][info][gc,start       ] GC(299) Pause Full (System.gc())
[148.722s][info][gc,phases,start] GC(299) Marking Phase
[148.745s][info][gc,phases      ] GC(299) Marking Phase 22.856ms
[148.745s][info][gc,phases,start] GC(299) Summary Phase
[148.745s][info][gc,phases      ] GC(299) Summary Phase 0.010ms
[148.745s][info][gc,phases,start] GC(299) Adjust Roots
[148.755s][info][gc,phases      ] GC(299) Adjust Roots 10.132ms
[148.755s][info][gc,phases,start] GC(299) Compaction Phase
[148.761s][info][gc,phases      ] GC(299) Compaction Phase 6.151ms
[148.761s][info][gc,phases,start] GC(299) Post Compact
[148.762s][info][gc,phases      ] GC(299) Post Compact 0.495ms
[148.762s][info][gc,heap        ] GC(299) PSYoungGen: 3168K(691712K)->0K(691712K) Eden: 0K(684032K)->0K(684032K) From: 3168K(7680K)->0K(7680K)
[148.762s][info][gc,heap        ] GC(299) ParOldGen: 29195K(1398272K)->25371K(1398272K)
[148.762s][info][gc,metaspace   ] GC(299) Metaspace: 52714K(53184K)->52714K(53184K) NonClass: 46169K(46400K)->46169K(46400K) Class: 6545K(6784K)->6545K(6784K)
[148.762s][info][gc             ] GC(299) Pause Full (System.gc()) 31M->24M(2041M) 39.976ms
[148.762s][info][gc,cpu         ] GC(299) User=0.00s Sys=0.00s Real=0.03s
[149.486s][info][gc,start       ] GC(300) Pause Young (Allocation Failure)
[149.489s][info][gc,heap        ] GC(300) PSYoungGen: 684032K(691712K)->6208K(690688K) Eden: 684032K(684032K)->0K(684032K) From: 0K(7680K)->6208K(6656K)
[149.489s][info][gc,heap        ] GC(300) ParOldGen: 25371K(1398272K)->25371K(1398272K)
[149.489s][info][gc,metaspace   ] GC(300) Metaspace: 52718K(53184K)->52718K(53184K) NonClass: 46173K(46400K)->46173K(46400K) Class: 6545K(6784K)->6545K(6784K)
[149.489s][info][gc             ] GC(300) Pause Young (Allocation Failure) 692M->30M(2040M) 3.382ms
[149.489s][info][gc,cpu         ] GC(300) User=0.00s Sys=0.00s Real=0.00s
[150.109s][info][gc,start       ] GC(301) Pause Young (Allocation Failure)
[150.113s][info][gc,heap        ] GC(301) PSYoungGen: 690240K(690688K)->2432K(691200K) Eden: 684032K(684032K)->0K(683008K) From: 6208K(6656K)->2432K(8192K)
[150.113s][info][gc,heap        ] GC(301) ParOldGen: 25371K(1398272K)->28979K(1398272K)
[150.113s][info][gc,metaspace   ] GC(301) Metaspace: 52718K(53184K)->52718K(53184K) NonClass: 46173K(46400K)->46173K(46400K) Class: 6545K(6784K)->6545K(6784K)
[150.113s][info][gc             ] GC(301) Pause Young (Allocation Failure) 698M->30M(2040M) 3.387ms
[150.113s][info][gc,cpu         ] GC(301) User=0.02s Sys=0.00s Real=0.00s
[150.757s][info][gc,start       ] GC(302) Pause Young (System.gc())
[150.760s][info][gc,heap        ] GC(302) PSYoungGen: 594047K(691200K)->3200K(690688K) Eden: 591615K(683008K)->0K(683008K) From: 2432K(8192K)->3200K(7680K)
[150.760s][info][gc,heap        ] GC(302) ParOldGen: 28979K(1398272K)->29203K(1398272K)
[150.760s][info][gc,metaspace   ] GC(302) Metaspace: 52718K(53184K)->52718K(53184K) NonClass: 46173K(46400K)->46173K(46400K) Class: 6545K(6784K)->6545K(6784K)
[150.760s][info][gc             ] GC(302) Pause Young (System.gc()) 608M->31M(2040M) 2.808ms
[150.760s][info][gc,cpu         ] GC(302) User=0.00s Sys=0.00s Real=0.00s
[150.760s][info][gc,start       ] GC(303) Pause Full (System.gc())
[150.760s][info][gc,phases,start] GC(303) Marking Phase
[150.782s][info][gc,phases      ] GC(303) Marking Phase 21.550ms
[150.782s][info][gc,phases,start] GC(303) Summary Phase
[150.782s][info][gc,phases      ] GC(303) Summary Phase 0.010ms
[150.782s][info][gc,phases,start] GC(303) Adjust Roots
[150.792s][info][gc,phases      ] GC(303) Adjust Roots 9.824ms
[150.792s][info][gc,phases,start] GC(303) Compaction Phase
[150.798s][info][gc,phases      ] GC(303) Compaction Phase 6.289ms
[150.798s][info][gc,phases,start] GC(303) Post Compact
[150.799s][info][gc,phases      ] GC(303) Post Compact 0.389ms
[150.799s][info][gc,heap        ] GC(303) PSYoungGen: 3200K(690688K)->0K(690688K) Eden: 0K(683008K)->0K(683008K) From: 3200K(7680K)->0K(7680K)
[150.799s][info][gc,heap        ] GC(303) ParOldGen: 29203K(1398272K)->25383K(1398272K)
[150.799s][info][gc,metaspace   ] GC(303) Metaspace: 52718K(53184K)->52718K(53184K) NonClass: 46173K(46400K)->46173K(46400K) Class: 6545K(6784K)->6545K(6784K)
[150.799s][info][gc             ] GC(303) Pause Full (System.gc()) 31M->24M(2040M) 38.337ms
[150.799s][info][gc,cpu         ] GC(303) User=0.00s Sys=0.00s Real=0.04s
[151.531s][info][gc,start       ] GC(304) Pause Young (Allocation Failure)
[151.534s][info][gc,heap        ] GC(304) PSYoungGen: 683008K(690688K)->5920K(690176K) Eden: 683008K(683008K)->0K(682496K) From: 0K(7680K)->5920K(7680K)
[151.534s][info][gc,heap        ] GC(304) ParOldGen: 25383K(1398272K)->25383K(1398272K)
[151.534s][info][gc,metaspace   ] GC(304) Metaspace: 52719K(53184K)->52719K(53184K) NonClass: 46174K(46400K)->46174K(46400K) Class: 6545K(6784K)->6545K(6784K)
[151.534s][info][gc             ] GC(304) Pause Young (Allocation Failure) 691M->30M(2039M) 3.278ms
[151.534s][info][gc,cpu         ] GC(304) User=0.00s Sys=0.00s Real=0.00s
[152.147s][info][gc,start       ] GC(305) Pause Young (Allocation Failure)
[152.150s][info][gc,heap        ] GC(305) PSYoungGen: 688416K(690176K)->2048K(690688K) Eden: 682496K(682496K)->0K(682496K) From: 5920K(7680K)->2048K(8192K)
[152.150s][info][gc,heap        ] GC(305) ParOldGen: 25383K(1398272K)->28991K(1398272K)
[152.150s][info][gc,metaspace   ] GC(305) Metaspace: 52719K(53184K)->52719K(53184K) NonClass: 46174K(46400K)->46174K(46400K) Class: 6545K(6784K)->6545K(6784K)
[152.150s][info][gc             ] GC(305) Pause Young (Allocation Failure) 697M->30M(2040M) 3.185ms
[152.150s][info][gc,cpu         ] GC(305) User=0.00s Sys=0.00s Real=0.00s
[152.781s][info][gc,start       ] GC(306) Pause Young (System.gc())
[152.783s][info][gc,heap        ] GC(306) PSYoungGen: 595614K(690688K)->3136K(691200K) Eden: 593566K(682496K)->0K(683520K) From: 2048K(8192K)->3136K(7680K)
[152.783s][info][gc,heap        ] GC(306) ParOldGen: 28991K(1398272K)->29215K(1398272K)
[152.783s][info][gc,metaspace   ] GC(306) Metaspace: 52719K(53184K)->52719K(53184K) NonClass: 46174K(46400K)->46174K(46400K) Class: 6545K(6784K)->6545K(6784K)
[152.783s][info][gc             ] GC(306) Pause Young (System.gc()) 609M->31M(2040M) 2.189ms
[152.783s][info][gc,cpu         ] GC(306) User=0.00s Sys=0.00s Real=0.00s
[152.783s][info][gc,start       ] GC(307) Pause Full (System.gc())
[152.783s][info][gc,phases,start] GC(307) Marking Phase
[152.805s][info][gc,phases      ] GC(307) Marking Phase 22.067ms
[152.805s][info][gc,phases,start] GC(307) Summary Phase
[152.805s][info][gc,phases      ] GC(307) Summary Phase 0.009ms
[152.805s][info][gc,phases,start] GC(307) Adjust Roots
[152.815s][info][gc,phases      ] GC(307) Adjust Roots 10.066ms
[152.815s][info][gc,phases,start] GC(307) Compaction Phase
[152.822s][info][gc,phases      ] GC(307) Compaction Phase 6.358ms
[152.822s][info][gc,phases,start] GC(307) Post Compact
[152.822s][info][gc,phases      ] GC(307) Post Compact 0.410ms
[152.822s][info][gc,heap        ] GC(307) PSYoungGen: 3136K(691200K)->0K(691200K) Eden: 0K(683520K)->0K(683520K) From: 3136K(7680K)->0K(7680K)
[152.822s][info][gc,heap        ] GC(307) ParOldGen: 29215K(1398272K)->25385K(1398272K)
[152.822s][info][gc,metaspace   ] GC(307) Metaspace: 52719K(53184K)->52719K(53184K) NonClass: 46174K(46400K)->46174K(46400K) Class: 6545K(6784K)->6545K(6784K)
[152.822s][info][gc             ] GC(307) Pause Full (System.gc()) 31M->24M(2040M) 39.179ms
[152.822s][info][gc,cpu         ] GC(307) User=0.00s Sys=0.00s Real=0.03s
[153.540s][info][gc,start       ] GC(308) Pause Young (Allocation Failure)
[153.543s][info][gc,heap        ] GC(308) PSYoungGen: 683520K(691200K)->4912K(691200K) Eden: 683520K(683520K)->0K(683520K) From: 0K(7680K)->4912K(7680K)
[153.544s][info][gc,heap        ] GC(308) ParOldGen: 25385K(1398272K)->25385K(1398272K)
[153.544s][info][gc,metaspace   ] GC(308) Metaspace: 52724K(53184K)->52724K(53184K) NonClass: 46179K(46400K)->46179K(46400K) Class: 6545K(6784K)->6545K(6784K)
[153.544s][info][gc             ] GC(308) Pause Young (Allocation Failure) 692M->29M(2040M) 3.149ms
[153.544s][info][gc,cpu         ] GC(308) User=0.00s Sys=0.00s Real=0.00s
[154.153s][info][gc,start       ] GC(309) Pause Young (Allocation Failure)
[154.156s][info][gc,heap        ] GC(309) PSYoungGen: 688432K(691200K)->1440K(691200K) Eden: 683520K(683520K)->0K(683520K) From: 4912K(7680K)->1440K(7680K)
[154.156s][info][gc,heap        ] GC(309) ParOldGen: 25385K(1398272K)->29017K(1398272K)
[154.156s][info][gc,metaspace   ] GC(309) Metaspace: 52724K(53184K)->52724K(53184K) NonClass: 46179K(46400K)->46179K(46400K) Class: 6545K(6784K)->6545K(6784K)
[154.156s][info][gc             ] GC(309) Pause Young (Allocation Failure) 697M->29M(2040M) 2.916ms
[154.156s][info][gc,cpu         ] GC(309) User=0.00s Sys=0.00s Real=0.00s
[154.750s][info][gc,start       ] GC(310) Pause Young (System.gc())
[154.752s][info][gc,heap        ] GC(310) PSYoungGen: 597973K(691200K)->3136K(691200K) Eden: 596533K(683520K)->0K(683520K) From: 1440K(7680K)->3136K(7680K)
[154.752s][info][gc,heap        ] GC(310) ParOldGen: 29017K(1398272K)->29241K(1398272K)
[154.752s][info][gc,metaspace   ] GC(310) Metaspace: 52727K(53184K)->52727K(53184K) NonClass: 46182K(46400K)->46182K(46400K) Class: 6545K(6784K)->6545K(6784K)
[154.752s][info][gc             ] GC(310) Pause Young (System.gc()) 612M->31M(2040M) 2.113ms
[154.752s][info][gc,cpu         ] GC(310) User=0.00s Sys=0.00s Real=0.00s
[154.752s][info][gc,start       ] GC(311) Pause Full (System.gc())
[154.752s][info][gc,phases,start] GC(311) Marking Phase
[154.776s][info][gc,phases      ] GC(311) Marking Phase 24.222ms
[154.776s][info][gc,phases,start] GC(311) Summary Phase
[154.776s][info][gc,phases      ] GC(311) Summary Phase 0.010ms
[154.776s][info][gc,phases,start] GC(311) Adjust Roots
[154.786s][info][gc,phases      ] GC(311) Adjust Roots 10.045ms
[154.786s][info][gc,phases,start] GC(311) Compaction Phase
[154.792s][info][gc,phases      ] GC(311) Compaction Phase 6.101ms
[154.792s][info][gc,phases,start] GC(311) Post Compact
[154.793s][info][gc,phases      ] GC(311) Post Compact 0.459ms
[154.793s][info][gc,heap        ] GC(311) PSYoungGen: 3136K(691200K)->0K(691200K) Eden: 0K(683520K)->0K(683520K) From: 3136K(7680K)->0K(7680K)
[154.793s][info][gc,heap        ] GC(311) ParOldGen: 29241K(1398272K)->25373K(1398272K)
[154.793s][info][gc,metaspace   ] GC(311) Metaspace: 52727K(53184K)->52727K(53184K) NonClass: 46182K(46400K)->46182K(46400K) Class: 6545K(6784K)->6545K(6784K)
[154.793s][info][gc             ] GC(311) Pause Full (System.gc()) 31M->24M(2040M) 41.103ms
[154.793s][info][gc,cpu         ] GC(311) User=0.02s Sys=0.00s Real=0.03s
[155.517s][info][gc,start       ] GC(312) Pause Young (Allocation Failure)
[155.520s][info][gc,heap        ] GC(312) PSYoungGen: 683520K(691200K)->5088K(690688K) Eden: 683520K(683520K)->0K(683520K) From: 0K(7680K)->5088K(7168K)
[155.520s][info][gc,heap        ] GC(312) ParOldGen: 25373K(1398272K)->25373K(1398272K)
[155.520s][info][gc,metaspace   ] GC(312) Metaspace: 52727K(53184K)->52727K(53184K) NonClass: 46182K(46400K)->46182K(46400K) Class: 6545K(6784K)->6545K(6784K)
[155.520s][info][gc             ] GC(312) Pause Young (Allocation Failure) 692M->29M(2040M) 2.984ms
[155.520s][info][gc,cpu         ] GC(312) User=0.00s Sys=0.00s Real=0.00s
[156.179s][info][gc,start       ] GC(313) Pause Young (Allocation Failure)
[156.182s][info][gc,heap        ] GC(313) PSYoungGen: 688608K(690688K)->2176K(691200K) Eden: 683520K(683520K)->0K(683520K) From: 5088K(7168K)->2176K(7680K)
[156.182s][info][gc,heap        ] GC(313) ParOldGen: 25373K(1398272K)->28989K(1398272K)
[156.182s][info][gc,metaspace   ] GC(313) Metaspace: 52730K(53184K)->52730K(53184K) NonClass: 46185K(46400K)->46185K(46400K) Class: 6545K(6784K)->6545K(6784K)
[156.182s][info][gc             ] GC(313) Pause Young (Allocation Failure) 697M->30M(2040M) 3.036ms
[156.182s][info][gc,cpu         ] GC(313) User=0.00s Sys=0.00s Real=0.00s
[156.746s][info][gc,start       ] GC(314) Pause Young (System.gc())
[156.748s][info][gc,heap        ] GC(314) PSYoungGen: 596338K(691200K)->3136K(691712K) Eden: 594162K(683520K)->0K(684032K) From: 2176K(7680K)->3136K(7680K)
[156.748s][info][gc,heap        ] GC(314) ParOldGen: 28989K(1398272K)->29213K(1398272K)
[156.748s][info][gc,metaspace   ] GC(314) Metaspace: 52730K(53184K)->52730K(53184K) NonClass: 46185K(46400K)->46185K(46400K) Class: 6545K(6784K)->6545K(6784K)
[156.748s][info][gc             ] GC(314) Pause Young (System.gc()) 610M->31M(2041M) 2.372ms
[156.748s][info][gc,cpu         ] GC(314) User=0.00s Sys=0.00s Real=0.00s
[156.748s][info][gc,start       ] GC(315) Pause Full (System.gc())
[156.748s][info][gc,phases,start] GC(315) Marking Phase
[156.772s][info][gc,phases      ] GC(315) Marking Phase 23.591ms
[156.772s][info][gc,phases,start] GC(315) Summary Phase
[156.772s][info][gc,phases      ] GC(315) Summary Phase 0.010ms
[156.772s][info][gc,phases,start] GC(315) Adjust Roots
[156.782s][info][gc,phases      ] GC(315) Adjust Roots 9.975ms
[156.782s][info][gc,phases,start] GC(315) Compaction Phase
[156.788s][info][gc,phases      ] GC(315) Compaction Phase 6.328ms
[156.788s][info][gc,phases,start] GC(315) Post Compact
[156.789s][info][gc,phases      ] GC(315) Post Compact 0.483ms
[156.789s][info][gc,heap        ] GC(315) PSYoungGen: 3136K(691712K)->0K(691712K) Eden: 0K(684032K)->0K(684032K) From: 3136K(7680K)->0K(7680K)
[156.789s][info][gc,heap        ] GC(315) ParOldGen: 29213K(1398272K)->25375K(1398272K)
[156.789s][info][gc,metaspace   ] GC(315) Metaspace: 52730K(53184K)->52730K(53184K) NonClass: 46185K(46400K)->46185K(46400K) Class: 6545K(6784K)->6545K(6784K)
[156.789s][info][gc             ] GC(315) Pause Full (System.gc()) 31M->24M(2041M) 40.654ms
[156.789s][info][gc,cpu         ] GC(315) User=0.02s Sys=0.00s Real=0.05s
[157.510s][info][gc,start       ] GC(316) Pause Young (Allocation Failure)
[157.513s][info][gc,heap        ] GC(316) PSYoungGen: 684032K(691712K)->6016K(691200K) Eden: 684032K(684032K)->0K(684032K) From: 0K(7680K)->6016K(7168K)
[157.513s][info][gc,heap        ] GC(316) ParOldGen: 25375K(1398272K)->25375K(1398272K)
[157.513s][info][gc,metaspace   ] GC(316) Metaspace: 52732K(53184K)->52732K(53184K) NonClass: 46187K(46400K)->46187K(46400K) Class: 6545K(6784K)->6545K(6784K)
[157.513s][info][gc             ] GC(316) Pause Young (Allocation Failure) 692M->30M(2040M) 3.438ms
[157.513s][info][gc,cpu         ] GC(316) User=0.00s Sys=0.00s Real=0.00s
[158.197s][info][gc,start       ] GC(317) Pause Young (Allocation Failure)
[158.200s][info][gc,heap        ] GC(317) PSYoungGen: 690048K(691200K)->2496K(691200K) Eden: 684032K(684032K)->0K(683520K) From: 6016K(7168K)->2496K(7680K)
[158.200s][info][gc,heap        ] GC(317) ParOldGen: 25375K(1398272K)->28983K(1398272K)
[158.200s][info][gc,metaspace   ] GC(317) Metaspace: 52732K(53184K)->52732K(53184K) NonClass: 46187K(46400K)->46187K(46400K) Class: 6545K(6784K)->6545K(6784K)
[158.200s][info][gc             ] GC(317) Pause Young (Allocation Failure) 698M->30M(2040M) 3.013ms
[158.200s][info][gc,cpu         ] GC(317) User=0.00s Sys=0.00s Real=0.00s
[158.777s][info][gc,start       ] GC(318) Pause Young (System.gc())
[158.779s][info][gc,heap        ] GC(318) PSYoungGen: 599216K(691200K)->3200K(691200K) Eden: 596720K(683520K)->0K(683520K) From: 2496K(7680K)->3200K(7680K)
[158.779s][info][gc,heap        ] GC(318) ParOldGen: 28983K(1398272K)->29207K(1398272K)
[158.779s][info][gc,metaspace   ] GC(318) Metaspace: 52732K(53184K)->52732K(53184K) NonClass: 46187K(46400K)->46187K(46400K) Class: 6545K(6784K)->6545K(6784K)
[158.779s][info][gc             ] GC(318) Pause Young (System.gc()) 613M->31M(2040M) 2.387ms
[158.779s][info][gc,cpu         ] GC(318) User=0.00s Sys=0.00s Real=0.00s
[158.779s][info][gc,start       ] GC(319) Pause Full (System.gc())
[158.779s][info][gc,phases,start] GC(319) Marking Phase
[158.802s][info][gc,phases      ] GC(319) Marking Phase 22.513ms
[158.802s][info][gc,phases,start] GC(319) Summary Phase
[158.802s][info][gc,phases      ] GC(319) Summary Phase 0.009ms
[158.802s][info][gc,phases,start] GC(319) Adjust Roots
[158.812s][info][gc,phases      ] GC(319) Adjust Roots 9.843ms
[158.812s][info][gc,phases,start] GC(319) Compaction Phase
[158.818s][info][gc,phases      ] GC(319) Compaction Phase 6.057ms
[158.818s][info][gc,phases,start] GC(319) Post Compact
[158.818s][info][gc,phases      ] GC(319) Post Compact 0.457ms
[158.818s][info][gc,heap        ] GC(319) PSYoungGen: 3200K(691200K)->0K(691200K) Eden: 0K(683520K)->0K(683520K) From: 3200K(7680K)->0K(7680K)
[158.818s][info][gc,heap        ] GC(319) ParOldGen: 29207K(1398272K)->25383K(1398272K)
[158.818s][info][gc,metaspace   ] GC(319) Metaspace: 52732K(53184K)->52732K(53184K) NonClass: 46187K(46400K)->46187K(46400K) Class: 6545K(6784K)->6545K(6784K)
[158.818s][info][gc             ] GC(319) Pause Full (System.gc()) 31M->24M(2040M) 39.153ms
[158.818s][info][gc,cpu         ] GC(319) User=0.00s Sys=0.00s Real=0.03s
[159.577s][info][gc,start       ] GC(320) Pause Young (Allocation Failure)
[159.580s][info][gc,heap        ] GC(320) PSYoungGen: 683520K(691200K)->4672K(691712K) Eden: 683520K(683520K)->0K(684544K) From: 0K(7680K)->4672K(7168K)
[159.580s][info][gc,heap        ] GC(320) ParOldGen: 25383K(1398272K)->25383K(1398272K)
[159.580s][info][gc,metaspace   ] GC(320) Metaspace: 52732K(53184K)->52732K(53184K) NonClass: 46187K(46400K)->46187K(46400K) Class: 6545K(6784K)->6545K(6784K)
[159.580s][info][gc             ] GC(320) Pause Young (Allocation Failure) 692M->29M(2041M) 2.823ms
[159.580s][info][gc,cpu         ] GC(320) User=0.00s Sys=0.00s Real=0.00s
[160.233s][info][gc,start       ] GC(321) Pause Young (Allocation Failure)
[160.236s][info][gc,heap        ] GC(321) PSYoungGen: 689216K(691712K)->2272K(691712K) Eden: 684544K(684544K)->0K(684544K) From: 4672K(7168K)->2272K(7168K)
[160.236s][info][gc,heap        ] GC(321) ParOldGen: 25383K(1398272K)->28991K(1398272K)
[160.236s][info][gc,metaspace   ] GC(321) Metaspace: 52732K(53184K)->52732K(53184K) NonClass: 46187K(46400K)->46187K(46400K) Class: 6545K(6784K)->6545K(6784K)
[160.236s][info][gc             ] GC(321) Pause Young (Allocation Failure) 697M->30M(2041M) 3.330ms
[160.236s][info][gc,cpu         ] GC(321) User=0.00s Sys=0.00s Real=0.00s
[160.821s][info][gc,start       ] GC(322) Pause Young (System.gc())
[160.823s][info][gc,heap        ] GC(322) PSYoungGen: 593914K(691712K)->3168K(691712K) Eden: 591642K(684544K)->0K(684544K) From: 2272K(7168K)->3168K(7168K)
[160.823s][info][gc,heap        ] GC(322) ParOldGen: 28991K(1398272K)->29215K(1398272K)
[160.823s][info][gc,metaspace   ] GC(322) Metaspace: 52734K(53184K)->52734K(53184K) NonClass: 46189K(46400K)->46189K(46400K) Class: 6545K(6784K)->6545K(6784K)
[160.823s][info][gc             ] GC(322) Pause Young (System.gc()) 608M->31M(2041M) 2.279ms
[160.823s][info][gc,cpu         ] GC(322) User=0.00s Sys=0.00s Real=0.00s
[160.823s][info][gc,start       ] GC(323) Pause Full (System.gc())
[160.823s][info][gc,phases,start] GC(323) Marking Phase
[160.845s][info][gc,phases      ] GC(323) Marking Phase 22.045ms
[160.845s][info][gc,phases,start] GC(323) Summary Phase
[160.845s][info][gc,phases      ] GC(323) Summary Phase 0.009ms
[160.845s][info][gc,phases,start] GC(323) Adjust Roots
[160.855s][info][gc,phases      ] GC(323) Adjust Roots 9.532ms
[160.855s][info][gc,phases,start] GC(323) Compaction Phase
[160.860s][info][gc,phases      ] GC(323) Compaction Phase 5.831ms
[160.860s][info][gc,phases,start] GC(323) Post Compact
[160.861s][info][gc,phases      ] GC(323) Post Compact 0.418ms
[160.861s][info][gc,heap        ] GC(323) PSYoungGen: 3168K(691712K)->0K(691712K) Eden: 0K(684544K)->0K(684544K) From: 3168K(7168K)->0K(7168K)
[160.861s][info][gc,heap        ] GC(323) ParOldGen: 29215K(1398272K)->25409K(1398272K)
[160.861s][info][gc,metaspace   ] GC(323) Metaspace: 52734K(53184K)->52734K(53184K) NonClass: 46189K(46400K)->46189K(46400K) Class: 6545K(6784K)->6545K(6784K)
[160.861s][info][gc             ] GC(323) Pause Full (System.gc()) 31M->24M(2041M) 38.077ms
[160.861s][info][gc,cpu         ] GC(323) User=0.00s Sys=0.00s Real=0.03s
[161.571s][info][gc,start       ] GC(324) Pause Young (Allocation Failure)
[161.575s][info][gc,heap        ] GC(324) PSYoungGen: 684544K(691712K)->6448K(691200K) Eden: 684544K(684544K)->0K(684544K) From: 0K(7168K)->6448K(6656K)
[161.575s][info][gc,heap        ] GC(324) ParOldGen: 25409K(1398272K)->25409K(1398272K)
[161.575s][info][gc,metaspace   ] GC(324) Metaspace: 52736K(53184K)->52736K(53184K) NonClass: 46191K(46400K)->46191K(46400K) Class: 6545K(6784K)->6545K(6784K)
[161.575s][info][gc             ] GC(324) Pause Young (Allocation Failure) 693M->31M(2040M) 3.589ms
[161.575s][info][gc,cpu         ] GC(324) User=0.00s Sys=0.00s Real=0.00s
[162.182s][info][gc,start       ] GC(325) Pause Young (Allocation Failure)
[162.185s][info][gc,heap        ] GC(325) PSYoungGen: 690992K(691200K)->1760K(691200K) Eden: 684544K(684544K)->0K(683520K) From: 6448K(6656K)->1760K(7680K)
[162.185s][info][gc,heap        ] GC(325) ParOldGen: 25409K(1398272K)->29001K(1398272K)
[162.185s][info][gc,metaspace   ] GC(325) Metaspace: 52736K(53184K)->52736K(53184K) NonClass: 46191K(46400K)->46191K(46400K) Class: 6545K(6784K)->6545K(6784K)
[162.185s][info][gc             ] GC(325) Pause Young (Allocation Failure) 699M->30M(2040M) 2.797ms
[162.185s][info][gc,cpu         ] GC(325) User=0.00s Sys=0.00s Real=0.00s
[162.812s][info][gc,start       ] GC(326) Pause Young (System.gc())
[162.815s][info][gc,heap        ] GC(326) PSYoungGen: 593063K(691200K)->3168K(691200K) Eden: 591303K(683520K)->0K(683520K) From: 1760K(7680K)->3168K(7680K)
[162.817s][info][gc,heap        ] GC(326) ParOldGen: 29001K(1398272K)->29233K(1398272K)
[162.817s][info][gc,metaspace   ] GC(326) Metaspace: 52736K(53184K)->52736K(53184K) NonClass: 46191K(46400K)->46191K(46400K) Class: 6545K(6784K)->6545K(6784K)
[162.817s][info][gc             ] GC(326) Pause Young (System.gc()) 607M->31M(2040M) 4.768ms
[162.817s][info][gc,cpu         ] GC(326) User=0.02s Sys=0.00s Real=0.01s
[162.817s][info][gc,start       ] GC(327) Pause Full (System.gc())
[162.817s][info][gc,phases,start] GC(327) Marking Phase
[162.839s][info][gc,phases      ] GC(327) Marking Phase 21.372ms
[162.839s][info][gc,phases,start] GC(327) Summary Phase
[162.839s][info][gc,phases      ] GC(327) Summary Phase 0.010ms
[162.839s][info][gc,phases,start] GC(327) Adjust Roots
[162.849s][info][gc,phases      ] GC(327) Adjust Roots 10.123ms
[162.849s][info][gc,phases,start] GC(327) Compaction Phase
[162.855s][info][gc,phases      ] GC(327) Compaction Phase 6.260ms
[162.855s][info][gc,phases,start] GC(327) Post Compact
[162.856s][info][gc,phases      ] GC(327) Post Compact 0.441ms
[162.856s][info][gc,heap        ] GC(327) PSYoungGen: 3168K(691200K)->0K(691200K) Eden: 0K(683520K)->0K(683520K) From: 3168K(7680K)->0K(7680K)
[162.856s][info][gc,heap        ] GC(327) ParOldGen: 29233K(1398272K)->25401K(1398272K)
[162.856s][info][gc,metaspace   ] GC(327) Metaspace: 52736K(53184K)->52736K(53184K) NonClass: 46191K(46400K)->46191K(46400K) Class: 6545K(6784K)->6545K(6784K)
[162.856s][info][gc             ] GC(327) Pause Full (System.gc()) 31M->24M(2040M) 38.478ms
[162.856s][info][gc,cpu         ] GC(327) User=0.00s Sys=0.00s Real=0.03s
[163.576s][info][gc,start       ] GC(328) Pause Young (Allocation Failure)
[163.579s][info][gc,heap        ] GC(328) PSYoungGen: 683520K(691200K)->5440K(690688K) Eden: 683520K(683520K)->0K(683520K) From: 0K(7680K)->5440K(7168K)
[163.579s][info][gc,heap        ] GC(328) ParOldGen: 25401K(1398272K)->25401K(1398272K)
[163.579s][info][gc,metaspace   ] GC(328) Metaspace: 52736K(53184K)->52736K(53184K) NonClass: 46191K(46400K)->46191K(46400K) Class: 6545K(6784K)->6545K(6784K)
[163.579s][info][gc             ] GC(328) Pause Young (Allocation Failure) 692M->30M(2040M) 3.320ms
[163.579s][info][gc,cpu         ] GC(328) User=0.00s Sys=0.02s Real=0.00s
[164.186s][info][gc,start       ] GC(329) Pause Young (Allocation Failure)
[164.188s][info][gc,heap        ] GC(329) PSYoungGen: 688960K(690688K)->1632K(691200K) Eden: 683520K(683520K)->0K(683520K) From: 5440K(7168K)->1632K(7680K)
[164.189s][info][gc,heap        ] GC(329) ParOldGen: 25401K(1398272K)->29001K(1398272K)
[164.189s][info][gc,metaspace   ] GC(329) Metaspace: 52736K(53184K)->52736K(53184K) NonClass: 46191K(46400K)->46191K(46400K) Class: 6545K(6784K)->6545K(6784K)
[164.189s][info][gc             ] GC(329) Pause Young (Allocation Failure) 697M->29M(2040M) 2.813ms
[164.189s][info][gc,cpu         ] GC(329) User=0.00s Sys=0.00s Real=0.00s
[164.828s][info][gc,start       ] GC(330) Pause Young (System.gc())
[164.830s][info][gc,heap        ] GC(330) PSYoungGen: 596469K(691200K)->3168K(691712K) Eden: 594837K(683520K)->0K(684032K) From: 1632K(7680K)->3168K(7680K)
[164.830s][info][gc,heap        ] GC(330) ParOldGen: 29001K(1398272K)->29225K(1398272K)
[164.830s][info][gc,metaspace   ] GC(330) Metaspace: 52736K(53184K)->52736K(53184K) NonClass: 46191K(46400K)->46191K(46400K) Class: 6545K(6784K)->6545K(6784K)
[164.831s][info][gc             ] GC(330) Pause Young (System.gc()) 610M->31M(2041M) 2.501ms
[164.831s][info][gc,cpu         ] GC(330) User=0.00s Sys=0.00s Real=0.00s
[164.831s][info][gc,start       ] GC(331) Pause Full (System.gc())
[164.831s][info][gc,phases,start] GC(331) Marking Phase
[164.853s][info][gc,phases      ] GC(331) Marking Phase 22.527ms
[164.853s][info][gc,phases,start] GC(331) Summary Phase
[164.853s][info][gc,phases      ] GC(331) Summary Phase 0.009ms
[164.853s][info][gc,phases,start] GC(331) Adjust Roots
[164.863s][info][gc,phases      ] GC(331) Adjust Roots 9.509ms
[164.863s][info][gc,phases,start] GC(331) Compaction Phase
[164.870s][info][gc,phases      ] GC(331) Compaction Phase 6.672ms
[164.870s][info][gc,phases,start] GC(331) Post Compact
[164.870s][info][gc,phases      ] GC(331) Post Compact 0.409ms
[164.870s][info][gc,heap        ] GC(331) PSYoungGen: 3168K(691712K)->0K(691712K) Eden: 0K(684032K)->0K(684032K) From: 3168K(7680K)->0K(7680K)
[164.870s][info][gc,heap        ] GC(331) ParOldGen: 29225K(1398272K)->25396K(1398272K)
[164.870s][info][gc,metaspace   ] GC(331) Metaspace: 52736K(53184K)->52736K(53184K) NonClass: 46191K(46400K)->46191K(46400K) Class: 6545K(6784K)->6545K(6784K)
[164.870s][info][gc             ] GC(331) Pause Full (System.gc()) 31M->24M(2041M) 39.528ms
[164.870s][info][gc,cpu         ] GC(331) User=0.00s Sys=0.00s Real=0.03s
[165.615s][info][gc,start       ] GC(332) Pause Young (Allocation Failure)
[165.619s][info][gc,heap        ] GC(332) PSYoungGen: 684032K(691712K)->5888K(691200K) Eden: 684032K(684032K)->0K(684032K) From: 0K(7680K)->5888K(7168K)
[165.619s][info][gc,heap        ] GC(332) ParOldGen: 25396K(1398272K)->25396K(1398272K)
[165.619s][info][gc,metaspace   ] GC(332) Metaspace: 52736K(53184K)->52736K(53184K) NonClass: 46191K(46400K)->46191K(46400K) Class: 6545K(6784K)->6545K(6784K)
[165.619s][info][gc             ] GC(332) Pause Young (Allocation Failure) 692M->30M(2040M) 3.400ms
[165.619s][info][gc,cpu         ] GC(332) User=0.00s Sys=0.00s Real=0.00s
[166.230s][info][gc,start       ] GC(333) Pause Young (Allocation Failure)
[166.233s][info][gc,heap        ] GC(333) PSYoungGen: 689920K(691200K)->1856K(691200K) Eden: 684032K(684032K)->0K(683520K) From: 5888K(7168K)->1856K(7680K)
[166.233s][info][gc,heap        ] GC(333) ParOldGen: 25396K(1398272K)->29004K(1398272K)
[166.233s][info][gc,metaspace   ] GC(333) Metaspace: 52736K(53184K)->52736K(53184K) NonClass: 46191K(46400K)->46191K(46400K) Class: 6545K(6784K)->6545K(6784K)
[166.233s][info][gc             ] GC(333) Pause Young (Allocation Failure) 698M->30M(2040M) 3.012ms
[166.233s][info][gc,cpu         ] GC(333) User=0.00s Sys=0.00s Real=0.00s
[166.820s][info][gc,start       ] GC(334) Pause Young (System.gc())
[166.823s][info][gc,heap        ] GC(334) PSYoungGen: 592468K(691200K)->3168K(691200K) Eden: 590612K(683520K)->0K(683520K) From: 1856K(7680K)->3168K(7680K)
[166.823s][info][gc,heap        ] GC(334) ParOldGen: 29004K(1398272K)->29244K(1398272K)
[166.823s][info][gc,metaspace   ] GC(334) Metaspace: 52736K(53184K)->52736K(53184K) NonClass: 46191K(46400K)->46191K(46400K) Class: 6545K(6784K)->6545K(6784K)
[166.823s][info][gc             ] GC(334) Pause Young (System.gc()) 606M->31M(2040M) 2.991ms
[166.823s][info][gc,cpu         ] GC(334) User=0.00s Sys=0.00s Real=0.00s
[166.823s][info][gc,start       ] GC(335) Pause Full (System.gc())
[166.823s][info][gc,phases,start] GC(335) Marking Phase
[166.849s][info][gc,phases      ] GC(335) Marking Phase 25.687ms
[166.849s][info][gc,phases,start] GC(335) Summary Phase
[166.849s][info][gc,phases      ] GC(335) Summary Phase 0.010ms
[166.849s][info][gc,phases,start] GC(335) Adjust Roots
[166.858s][info][gc,phases      ] GC(335) Adjust Roots 9.336ms
[166.858s][info][gc,phases,start] GC(335) Compaction Phase
[166.865s][info][gc,phases      ] GC(335) Compaction Phase 6.282ms
[166.865s][info][gc,phases,start] GC(335) Post Compact
[166.865s][info][gc,phases      ] GC(335) Post Compact 0.457ms
[166.865s][info][gc,heap        ] GC(335) PSYoungGen: 3168K(691200K)->0K(691200K) Eden: 0K(683520K)->0K(683520K) From: 3168K(7680K)->0K(7680K)
[166.865s][info][gc,heap        ] GC(335) ParOldGen: 29244K(1398272K)->25397K(1398272K)
[166.865s][info][gc,metaspace   ] GC(335) Metaspace: 52736K(53184K)->52736K(53184K) NonClass: 46191K(46400K)->46191K(46400K) Class: 6545K(6784K)->6545K(6784K)
[166.865s][info][gc             ] GC(335) Pause Full (System.gc()) 31M->24M(2040M) 41.998ms
[166.865s][info][gc,cpu         ] GC(335) User=0.03s Sys=0.00s Real=0.05s
[167.627s][info][gc,start       ] GC(336) Pause Young (Allocation Failure)
[167.630s][info][gc,heap        ] GC(336) PSYoungGen: 683520K(691200K)->5344K(691200K) Eden: 683520K(683520K)->0K(683520K) From: 0K(7680K)->5344K(7680K)
[167.630s][info][gc,heap        ] GC(336) ParOldGen: 25397K(1398272K)->25397K(1398272K)
[167.630s][info][gc,metaspace   ] GC(336) Metaspace: 52736K(53184K)->52736K(53184K) NonClass: 46191K(46400K)->46191K(46400K) Class: 6545K(6784K)->6545K(6784K)
[167.630s][info][gc             ] GC(336) Pause Young (Allocation Failure) 692M->30M(2040M) 3.838ms
[167.630s][info][gc,cpu         ] GC(336) User=0.00s Sys=0.00s Real=0.00s
[168.244s][info][gc,start       ] GC(337) Pause Young (Allocation Failure)
[168.247s][info][gc,heap        ] GC(337) PSYoungGen: 688864K(691200K)->2016K(691200K) Eden: 683520K(683520K)->0K(683520K) From: 5344K(7680K)->2016K(7680K)
[168.247s][info][gc,heap        ] GC(337) ParOldGen: 25397K(1398272K)->29013K(1398272K)
[168.247s][info][gc,metaspace   ] GC(337) Metaspace: 52736K(53184K)->52736K(53184K) NonClass: 46191K(46400K)->46191K(46400K) Class: 6545K(6784K)->6545K(6784K)
[168.247s][info][gc             ] GC(337) Pause Young (Allocation Failure) 697M->30M(2040M) 3.160ms
[168.247s][info][gc,cpu         ] GC(337) User=0.00s Sys=0.00s Real=0.00s
[168.816s][info][gc,start       ] GC(338) Pause Young (System.gc())
[168.818s][info][gc,heap        ] GC(338) PSYoungGen: 594304K(691200K)->3168K(691712K) Eden: 592288K(683520K)->0K(684032K) From: 2016K(7680K)->3168K(7680K)
[168.818s][info][gc,heap        ] GC(338) ParOldGen: 29013K(1398272K)->29237K(1398272K)
[168.818s][info][gc,metaspace   ] GC(338) Metaspace: 52736K(53184K)->52736K(53184K) NonClass: 46191K(46400K)->46191K(46400K) Class: 6545K(6784K)->6545K(6784K)
[168.818s][info][gc             ] GC(338) Pause Young (System.gc()) 608M->31M(2041M) 2.692ms
[168.818s][info][gc,cpu         ] GC(338) User=0.00s Sys=0.00s Real=0.00s
[168.818s][info][gc,start       ] GC(339) Pause Full (System.gc())
[168.818s][info][gc,phases,start] GC(339) Marking Phase
[168.843s][info][gc,phases      ] GC(339) Marking Phase 24.568ms
[168.843s][info][gc,phases,start] GC(339) Summary Phase
[168.843s][info][gc,phases      ] GC(339) Summary Phase 0.010ms
[168.843s][info][gc,phases,start] GC(339) Adjust Roots
[168.853s][info][gc,phases      ] GC(339) Adjust Roots 10.349ms
[168.853s][info][gc,phases,start] GC(339) Compaction Phase
[168.859s][info][gc,phases      ] GC(339) Compaction Phase 5.885ms
[168.859s][info][gc,phases,start] GC(339) Post Compact
[168.860s][info][gc,phases      ] GC(339) Post Compact 0.470ms
[168.860s][info][gc,heap        ] GC(339) PSYoungGen: 3168K(691712K)->0K(691712K) Eden: 0K(684032K)->0K(684032K) From: 3168K(7680K)->0K(7680K)
[168.860s][info][gc,heap        ] GC(339) ParOldGen: 29237K(1398272K)->25395K(1398272K)
[168.860s][info][gc,metaspace   ] GC(339) Metaspace: 52736K(53184K)->52736K(53184K) NonClass: 46191K(46400K)->46191K(46400K) Class: 6545K(6784K)->6545K(6784K)
[168.860s][info][gc             ] GC(339) Pause Full (System.gc()) 31M->24M(2041M) 41.530ms
[168.860s][info][gc,cpu         ] GC(339) User=0.02s Sys=0.00s Real=0.05s
[169.651s][info][gc,start       ] GC(340) Pause Young (Allocation Failure)
[169.655s][info][gc,heap        ] GC(340) PSYoungGen: 684032K(691712K)->5664K(691200K) Eden: 684032K(684032K)->0K(684032K) From: 0K(7680K)->5664K(7168K)
[169.655s][info][gc,heap        ] GC(340) ParOldGen: 25395K(1398272K)->25395K(1398272K)
[169.655s][info][gc,metaspace   ] GC(340) Metaspace: 52736K(53184K)->52736K(53184K) NonClass: 46191K(46400K)->46191K(46400K) Class: 6545K(6784K)->6545K(6784K)
[169.655s][info][gc             ] GC(340) Pause Young (Allocation Failure) 692M->30M(2040M) 4.272ms
[169.655s][info][gc,cpu         ] GC(340) User=0.02s Sys=0.00s Real=0.00s
[170.262s][info][gc,start       ] GC(341) Pause Young (Allocation Failure)
[170.265s][info][gc,heap        ] GC(341) PSYoungGen: 689696K(691200K)->2352K(691200K) Eden: 684032K(684032K)->0K(683520K) From: 5664K(7168K)->2352K(7680K)
[170.265s][info][gc,heap        ] GC(341) ParOldGen: 25395K(1398272K)->28987K(1398272K)
[170.265s][info][gc,metaspace   ] GC(341) Metaspace: 52736K(53184K)->52736K(53184K) NonClass: 46191K(46400K)->46191K(46400K) Class: 6545K(6784K)->6545K(6784K)
[170.265s][info][gc             ] GC(341) Pause Young (Allocation Failure) 698M->30M(2040M) 3.176ms
[170.265s][info][gc,cpu         ] GC(341) User=0.00s Sys=0.00s Real=0.00s
[170.830s][info][gc,start       ] GC(342) Pause Young (System.gc())
[170.832s][info][gc,heap        ] GC(342) PSYoungGen: 592124K(691200K)->3136K(691200K) Eden: 589772K(683520K)->0K(683520K) From: 2352K(7680K)->3136K(7680K)
[170.832s][info][gc,heap        ] GC(342) ParOldGen: 28987K(1398272K)->29219K(1398272K)
[170.832s][info][gc,metaspace   ] GC(342) Metaspace: 52736K(53184K)->52736K(53184K) NonClass: 46191K(46400K)->46191K(46400K) Class: 6545K(6784K)->6545K(6784K)
[170.832s][info][gc             ] GC(342) Pause Young (System.gc()) 606M->31M(2040M) 2.756ms
[170.833s][info][gc,cpu         ] GC(342) User=0.02s Sys=0.00s Real=0.02s
[170.833s][info][gc,start       ] GC(343) Pause Full (System.gc())
[170.833s][info][gc,phases,start] GC(343) Marking Phase
[170.856s][info][gc,phases      ] GC(343) Marking Phase 23.903ms
[170.857s][info][gc,phases,start] GC(343) Summary Phase
[170.857s][info][gc,phases      ] GC(343) Summary Phase 0.010ms
[170.857s][info][gc,phases,start] GC(343) Adjust Roots
[170.867s][info][gc,phases      ] GC(343) Adjust Roots 10.112ms
[170.867s][info][gc,phases,start] GC(343) Compaction Phase
[170.873s][info][gc,phases      ] GC(343) Compaction Phase 6.043ms
[170.873s][info][gc,phases,start] GC(343) Post Compact
[170.873s][info][gc,phases      ] GC(343) Post Compact 0.402ms
[170.873s][info][gc,heap        ] GC(343) PSYoungGen: 3136K(691200K)->0K(691200K) Eden: 0K(683520K)->0K(683520K) From: 3136K(7680K)->0K(7680K)
[170.873s][info][gc,heap        ] GC(343) ParOldGen: 29219K(1398272K)->25411K(1398272K)
[170.873s][info][gc,metaspace   ] GC(343) Metaspace: 52736K(53184K)->52736K(53184K) NonClass: 46191K(46400K)->46191K(46400K) Class: 6545K(6784K)->6545K(6784K)
[170.873s][info][gc             ] GC(343) Pause Full (System.gc()) 31M->24M(2040M) 40.756ms
[170.873s][info][gc,cpu         ] GC(343) User=0.02s Sys=0.00s Real=0.03s
[171.639s][info][gc,start       ] GC(344) Pause Young (Allocation Failure)
[171.643s][info][gc,heap        ] GC(344) PSYoungGen: 683520K(691200K)->5584K(690688K) Eden: 683520K(683520K)->0K(683520K) From: 0K(7680K)->5584K(7168K)
[171.643s][info][gc,heap        ] GC(344) ParOldGen: 25411K(1398272K)->25411K(1398272K)
[171.643s][info][gc,metaspace   ] GC(344) Metaspace: 52736K(53184K)->52736K(53184K) NonClass: 46191K(46400K)->46191K(46400K) Class: 6545K(6784K)->6545K(6784K)
[171.643s][info][gc             ] GC(344) Pause Young (Allocation Failure) 692M->30M(2040M) 3.642ms
[171.643s][info][gc,cpu         ] GC(344) User=0.00s Sys=0.00s Real=0.00s
[172.256s][info][gc,start       ] GC(345) Pause Young (Allocation Failure)
[172.259s][info][gc,heap        ] GC(345) PSYoungGen: 689104K(690688K)->2112K(691200K) Eden: 683520K(683520K)->0K(683520K) From: 5584K(7168K)->2112K(7680K)
[172.259s][info][gc,heap        ] GC(345) ParOldGen: 25411K(1398272K)->29035K(1398272K)
[172.259s][info][gc,metaspace   ] GC(345) Metaspace: 52736K(53184K)->52736K(53184K) NonClass: 46191K(46400K)->46191K(46400K) Class: 6545K(6784K)->6545K(6784K)
[172.259s][info][gc             ] GC(345) Pause Young (Allocation Failure) 697M->30M(2040M) 3.154ms
[172.259s][info][gc,cpu         ] GC(345) User=0.00s Sys=0.00s Real=0.00s
[172.838s][info][gc,start       ] GC(346) Pause Young (System.gc())
[172.840s][info][gc,heap        ] GC(346) PSYoungGen: 589984K(691200K)->3168K(691712K) Eden: 587872K(683520K)->0K(684032K) From: 2112K(7680K)->3168K(7680K)
[172.840s][info][gc,heap        ] GC(346) ParOldGen: 29035K(1398272K)->29267K(1398272K)
[172.840s][info][gc,metaspace   ] GC(346) Metaspace: 52736K(53184K)->52736K(53184K) NonClass: 46191K(46400K)->46191K(46400K) Class: 6545K(6784K)->6545K(6784K)
[172.840s][info][gc             ] GC(346) Pause Young (System.gc()) 604M->31M(2041M) 2.378ms
[172.840s][info][gc,cpu         ] GC(346) User=0.00s Sys=0.00s Real=0.00s
[172.840s][info][gc,start       ] GC(347) Pause Full (System.gc())
[172.840s][info][gc,phases,start] GC(347) Marking Phase
[172.863s][info][gc,phases      ] GC(347) Marking Phase 23.259ms
[172.863s][info][gc,phases,start] GC(347) Summary Phase
[172.863s][info][gc,phases      ] GC(347) Summary Phase 0.009ms
[172.863s][info][gc,phases,start] GC(347) Adjust Roots
[172.873s][info][gc,phases      ] GC(347) Adjust Roots 9.431ms
[172.873s][info][gc,phases,start] GC(347) Compaction Phase
[172.879s][info][gc,phases      ] GC(347) Compaction Phase 6.395ms
[172.879s][info][gc,phases,start] GC(347) Post Compact
[172.880s][info][gc,phases      ] GC(347) Post Compact 0.443ms
[172.880s][info][gc,heap        ] GC(347) PSYoungGen: 3168K(691712K)->0K(691712K) Eden: 0K(684032K)->0K(684032K) From: 3168K(7680K)->0K(7680K)
[172.880s][info][gc,heap        ] GC(347) ParOldGen: 29267K(1398272K)->25414K(1398272K)
[172.880s][info][gc,metaspace   ] GC(347) Metaspace: 52736K(53184K)->52736K(53184K) NonClass: 46191K(46400K)->46191K(46400K) Class: 6545K(6784K)->6545K(6784K)
[172.880s][info][gc             ] GC(347) Pause Full (System.gc()) 31M->24M(2041M) 39.811ms
[172.880s][info][gc,cpu         ] GC(347) User=0.00s Sys=0.00s Real=0.03s
[173.599s][info][gc,start       ] GC(348) Pause Young (Allocation Failure)
[173.603s][info][gc,heap        ] GC(348) PSYoungGen: 684032K(691712K)->6272K(690688K) Eden: 684032K(684032K)->0K(684032K) From: 0K(7680K)->6272K(6656K)
[173.603s][info][gc,heap        ] GC(348) ParOldGen: 25414K(1398272K)->25414K(1398272K)
[173.603s][info][gc,metaspace   ] GC(348) Metaspace: 52736K(53184K)->52736K(53184K) NonClass: 46191K(46400K)->46191K(46400K) Class: 6545K(6784K)->6545K(6784K)
[173.603s][info][gc             ] GC(348) Pause Young (Allocation Failure) 692M->30M(2040M) 3.603ms
[173.603s][info][gc,cpu         ] GC(348) User=0.00s Sys=0.00s Real=0.00s
[174.213s][info][gc,start       ] GC(349) Pause Young (Allocation Failure)
[174.216s][info][gc,heap        ] GC(349) PSYoungGen: 690304K(690688K)->1696K(690688K) Eden: 684032K(684032K)->0K(682496K) From: 6272K(6656K)->1696K(8192K)
[174.216s][info][gc,heap        ] GC(349) ParOldGen: 25414K(1398272K)->29022K(1398272K)
[174.216s][info][gc,metaspace   ] GC(349) Metaspace: 52736K(53184K)->52736K(53184K) NonClass: 46191K(46400K)->46191K(46400K) Class: 6545K(6784K)->6545K(6784K)
[174.216s][info][gc             ] GC(349) Pause Young (Allocation Failure) 698M->29M(2040M) 2.954ms
[174.216s][info][gc,cpu         ] GC(349) User=0.00s Sys=0.00s Real=0.00s
[174.871s][info][gc,start       ] GC(350) Pause Young (System.gc())
[174.874s][info][gc,heap        ] GC(350) PSYoungGen: 588076K(690688K)->3136K(690688K) Eden: 586380K(682496K)->0K(682496K) From: 1696K(8192K)->3136K(8192K)
[174.874s][info][gc,heap        ] GC(350) ParOldGen: 29022K(1398272K)->29238K(1398272K)
[174.874s][info][gc,metaspace   ] GC(350) Metaspace: 52736K(53184K)->52736K(53184K) NonClass: 46191K(46400K)->46191K(46400K) Class: 6545K(6784K)->6545K(6784K)
[174.874s][info][gc             ] GC(350) Pause Young (System.gc()) 602M->31M(2040M) 2.917ms
[174.874s][info][gc,cpu         ] GC(350) User=0.00s Sys=0.00s Real=0.01s
[174.874s][info][gc,start       ] GC(351) Pause Full (System.gc())
[174.874s][info][gc,phases,start] GC(351) Marking Phase
[174.898s][info][gc,phases      ] GC(351) Marking Phase 23.732ms
[174.898s][info][gc,phases,start] GC(351) Summary Phase
[174.898s][info][gc,phases      ] GC(351) Summary Phase 0.010ms
[174.898s][info][gc,phases,start] GC(351) Adjust Roots
[174.908s][info][gc,phases      ] GC(351) Adjust Roots 10.080ms
[174.908s][info][gc,phases,start] GC(351) Compaction Phase
[174.914s][info][gc,phases      ] GC(351) Compaction Phase 5.605ms
[174.914s][info][gc,phases,start] GC(351) Post Compact
[174.915s][info][gc,phases      ] GC(351) Post Compact 0.429ms
[174.915s][info][gc,heap        ] GC(351) PSYoungGen: 3136K(690688K)->0K(690688K) Eden: 0K(682496K)->0K(682496K) From: 3136K(8192K)->0K(8192K)
[174.915s][info][gc,heap        ] GC(351) ParOldGen: 29238K(1398272K)->25400K(1398272K)
[174.915s][info][gc,metaspace   ] GC(351) Metaspace: 52736K(53184K)->52736K(53184K) NonClass: 46191K(46400K)->46191K(46400K) Class: 6545K(6784K)->6545K(6784K)
[174.915s][info][gc             ] GC(351) Pause Full (System.gc()) 31M->24M(2040M) 40.120ms
[174.915s][info][gc,cpu         ] GC(351) User=0.00s Sys=0.00s Real=0.04s
[175.625s][info][gc,start       ] GC(352) Pause Young (Allocation Failure)
[175.629s][info][gc,heap        ] GC(352) PSYoungGen: 682496K(690688K)->5824K(690176K) Eden: 682496K(682496K)->0K(682496K) From: 0K(8192K)->5824K(7680K)
[175.629s][info][gc,heap        ] GC(352) ParOldGen: 25400K(1398272K)->25400K(1398272K)
[175.629s][info][gc,metaspace   ] GC(352) Metaspace: 52736K(53184K)->52736K(53184K) NonClass: 46191K(46400K)->46191K(46400K) Class: 6545K(6784K)->6545K(6784K)
[175.629s][info][gc             ] GC(352) Pause Young (Allocation Failure) 691M->30M(2039M) 3.366ms
[175.629s][info][gc,cpu         ] GC(352) User=0.00s Sys=0.00s Real=0.00s
[176.241s][info][gc,start       ] GC(353) Pause Young (Allocation Failure)
[176.244s][info][gc,heap        ] GC(353) PSYoungGen: 688320K(690176K)->1408K(690688K) Eden: 682496K(682496K)->0K(682496K) From: 5824K(7680K)->1408K(8192K)
[176.244s][info][gc,heap        ] GC(353) ParOldGen: 25400K(1398272K)->28992K(1398272K)
[176.244s][info][gc,metaspace   ] GC(353) Metaspace: 52736K(53184K)->52736K(53184K) NonClass: 46191K(46400K)->46191K(46400K) Class: 6545K(6784K)->6545K(6784K)
[176.244s][info][gc             ] GC(353) Pause Young (Allocation Failure) 696M->29M(2040M) 2.724ms
[176.244s][info][gc,cpu         ] GC(353) User=0.00s Sys=0.00s Real=0.00s
[176.872s][info][gc,start       ] GC(354) Pause Young (System.gc())
[176.875s][info][gc,heap        ] GC(354) PSYoungGen: 581157K(690688K)->3168K(691200K) Eden: 579749K(682496K)->0K(683008K) From: 1408K(8192K)->3168K(8192K)
[176.875s][info][gc,heap        ] GC(354) ParOldGen: 28992K(1398272K)->29216K(1398272K)
[176.875s][info][gc,metaspace   ] GC(354) Metaspace: 52736K(53184K)->52736K(53184K) NonClass: 46191K(46400K)->46191K(46400K) Class: 6545K(6784K)->6545K(6784K)
[176.875s][info][gc             ] GC(354) Pause Young (System.gc()) 595M->31M(2040M) 2.879ms
[176.875s][info][gc,cpu         ] GC(354) User=0.00s Sys=0.00s Real=0.00s
[176.875s][info][gc,start       ] GC(355) Pause Full (System.gc())
[176.875s][info][gc,phases,start] GC(355) Marking Phase
[176.897s][info][gc,phases      ] GC(355) Marking Phase 22.153ms
[176.897s][info][gc,phases,start] GC(355) Summary Phase
[176.897s][info][gc,phases      ] GC(355) Summary Phase 0.010ms
[176.897s][info][gc,phases,start] GC(355) Adjust Roots
[176.906s][info][gc,phases      ] GC(355) Adjust Roots 9.498ms
[176.906s][info][gc,phases,start] GC(355) Compaction Phase
[176.912s][info][gc,phases      ] GC(355) Compaction Phase 5.195ms
[176.912s][info][gc,phases,start] GC(355) Post Compact
[176.912s][info][gc,phases      ] GC(355) Post Compact 0.430ms
[176.912s][info][gc,heap        ] GC(355) PSYoungGen: 3168K(691200K)->0K(691200K) Eden: 0K(683008K)->0K(683008K) From: 3168K(8192K)->0K(8192K)
[176.912s][info][gc,heap        ] GC(355) ParOldGen: 29216K(1398272K)->25387K(1398272K)
[176.912s][info][gc,metaspace   ] GC(355) Metaspace: 52736K(53184K)->52736K(53184K) NonClass: 46191K(46400K)->46191K(46400K) Class: 6545K(6784K)->6545K(6784K)
[176.912s][info][gc             ] GC(355) Pause Full (System.gc()) 31M->24M(2040M) 37.566ms
[176.912s][info][gc,cpu         ] GC(355) User=0.02s Sys=0.00s Real=0.03s
[177.618s][info][gc,start       ] GC(356) Pause Young (Allocation Failure)
[177.621s][info][gc,heap        ] GC(356) PSYoungGen: 683008K(691200K)->5088K(690688K) Eden: 683008K(683008K)->0K(683008K) From: 0K(8192K)->5088K(7680K)
[177.621s][info][gc,heap        ] GC(356) ParOldGen: 25387K(1398272K)->25387K(1398272K)
[177.621s][info][gc,metaspace   ] GC(356) Metaspace: 52736K(53184K)->52736K(53184K) NonClass: 46191K(46400K)->46191K(46400K) Class: 6545K(6784K)->6545K(6784K)
[177.621s][info][gc             ] GC(356) Pause Young (Allocation Failure) 691M->29M(2040M) 3.104ms
[177.621s][info][gc,cpu         ] GC(356) User=0.00s Sys=0.00s Real=0.00s
[178.231s][info][gc,start       ] GC(357) Pause Young (Allocation Failure)
[178.233s][info][gc,heap        ] GC(357) PSYoungGen: 688096K(690688K)->2080K(691200K) Eden: 683008K(683008K)->0K(683520K) From: 5088K(7680K)->2080K(7680K)
[178.234s][info][gc,heap        ] GC(357) ParOldGen: 25387K(1398272K)->28995K(1398272K)
[178.234s][info][gc,metaspace   ] GC(357) Metaspace: 52736K(53184K)->52736K(53184K) NonClass: 46191K(46400K)->46191K(46400K) Class: 6545K(6784K)->6545K(6784K)
[178.234s][info][gc             ] GC(357) Pause Young (Allocation Failure) 696M->30M(2040M) 3.040ms
[178.234s][info][gc,cpu         ] GC(357) User=0.00s Sys=0.00s Real=0.00s
[178.874s][info][gc,start       ] GC(358) Pause Young (System.gc())
[178.876s][info][gc,heap        ] GC(358) PSYoungGen: 584179K(691200K)->3168K(691200K) Eden: 582099K(683520K)->0K(683520K) From: 2080K(7680K)->3168K(7680K)
[178.876s][info][gc,heap        ] GC(358) ParOldGen: 28995K(1398272K)->29219K(1398272K)
[178.876s][info][gc,metaspace   ] GC(358) Metaspace: 52736K(53184K)->52736K(53184K) NonClass: 46191K(46400K)->46191K(46400K) Class: 6545K(6784K)->6545K(6784K)
[178.876s][info][gc             ] GC(358) Pause Young (System.gc()) 598M->31M(2040M) 2.404ms
[178.876s][info][gc,cpu         ] GC(358) User=0.02s Sys=0.00s Real=0.00s
[178.876s][info][gc,start       ] GC(359) Pause Full (System.gc())
[178.876s][info][gc,phases,start] GC(359) Marking Phase
[178.900s][info][gc,phases      ] GC(359) Marking Phase 23.856ms
[178.900s][info][gc,phases,start] GC(359) Summary Phase
[178.900s][info][gc,phases      ] GC(359) Summary Phase 0.010ms
[178.900s][info][gc,phases,start] GC(359) Adjust Roots
[178.910s][info][gc,phases      ] GC(359) Adjust Roots 9.895ms
[178.910s][info][gc,phases,start] GC(359) Compaction Phase
[178.916s][info][gc,phases      ] GC(359) Compaction Phase 6.118ms
[178.916s][info][gc,phases,start] GC(359) Post Compact
[178.916s][info][gc,phases      ] GC(359) Post Compact 0.429ms
[178.917s][info][gc,heap        ] GC(359) PSYoungGen: 3168K(691200K)->0K(691200K) Eden: 0K(683520K)->0K(683520K) From: 3168K(7680K)->0K(7680K)
[178.917s][info][gc,heap        ] GC(359) ParOldGen: 29219K(1398272K)->25388K(1398272K)
[178.917s][info][gc,metaspace   ] GC(359) Metaspace: 52736K(53184K)->52736K(53184K) NonClass: 46191K(46400K)->46191K(46400K) Class: 6545K(6784K)->6545K(6784K)
[178.917s][info][gc             ] GC(359) Pause Full (System.gc()) 31M->24M(2040M) 40.564ms
[178.917s][info][gc,cpu         ] GC(359) User=0.00s Sys=0.00s Real=0.03s
[179.635s][info][gc,start       ] GC(360) Pause Young (Allocation Failure)
[179.638s][info][gc,heap        ] GC(360) PSYoungGen: 683520K(691200K)->4800K(691200K) Eden: 683520K(683520K)->0K(683520K) From: 0K(7680K)->4800K(7680K)
[179.638s][info][gc,heap        ] GC(360) ParOldGen: 25388K(1398272K)->25388K(1398272K)
[179.638s][info][gc,metaspace   ] GC(360) Metaspace: 52736K(53184K)->52736K(53184K) NonClass: 46191K(46400K)->46191K(46400K) Class: 6545K(6784K)->6545K(6784K)
[179.638s][info][gc             ] GC(360) Pause Young (Allocation Failure) 692M->29M(2040M) 2.931ms
[179.638s][info][gc,cpu         ] GC(360) User=0.00s Sys=0.00s Real=0.00s
[180.255s][info][gc,start       ] GC(361) Pause Young (Allocation Failure)
[180.258s][info][gc,heap        ] GC(361) PSYoungGen: 688320K(691200K)->2464K(691200K) Eden: 683520K(683520K)->0K(683520K) From: 4800K(7680K)->2464K(7680K)
[180.258s][info][gc,heap        ] GC(361) ParOldGen: 25388K(1398272K)->28988K(1398272K)
[180.258s][info][gc,metaspace   ] GC(361) Metaspace: 52736K(53184K)->52736K(53184K) NonClass: 46191K(46400K)->46191K(46400K) Class: 6545K(6784K)->6545K(6784K)
[180.258s][info][gc             ] GC(361) Pause Young (Allocation Failure) 696M->30M(2040M) 3.088ms
[180.258s][info][gc,cpu         ] GC(361) User=0.00s Sys=0.00s Real=0.00s
[180.879s][info][gc,start       ] GC(362) Pause Young (System.gc())
[180.881s][info][gc,heap        ] GC(362) PSYoungGen: 583851K(691200K)->3136K(691712K) Eden: 581387K(683520K)->0K(684544K) From: 2464K(7680K)->3136K(7168K)
[180.881s][info][gc,heap        ] GC(362) ParOldGen: 28988K(1398272K)->29212K(1398272K)
[180.881s][info][gc,metaspace   ] GC(362) Metaspace: 52737K(53184K)->52737K(53184K) NonClass: 46191K(46400K)->46191K(46400K) Class: 6545K(6784K)->6545K(6784K)
[180.881s][info][gc             ] GC(362) Pause Young (System.gc()) 598M->31M(2041M) 2.358ms
[180.881s][info][gc,cpu         ] GC(362) User=0.00s Sys=0.00s Real=0.00s
[180.881s][info][gc,start       ] GC(363) Pause Full (System.gc())
[180.881s][info][gc,phases,start] GC(363) Marking Phase
[180.904s][info][gc,phases      ] GC(363) Marking Phase 22.397ms
[180.904s][info][gc,phases,start] GC(363) Summary Phase
[180.904s][info][gc,phases      ] GC(363) Summary Phase 0.010ms
[180.904s][info][gc,phases,start] GC(363) Adjust Roots
[180.913s][info][gc,phases      ] GC(363) Adjust Roots 9.269ms
[180.913s][info][gc,phases,start] GC(363) Compaction Phase
[180.919s][info][gc,phases      ] GC(363) Compaction Phase 5.850ms
[180.919s][info][gc,phases,start] GC(363) Post Compact
[180.919s][info][gc,phases      ] GC(363) Post Compact 0.452ms
[180.919s][info][gc,heap        ] GC(363) PSYoungGen: 3136K(691712K)->0K(691712K) Eden: 0K(684544K)->0K(684544K) From: 3136K(7168K)->0K(7168K)
[180.919s][info][gc,heap        ] GC(363) ParOldGen: 29212K(1398272K)->25403K(1398272K)
[180.919s][info][gc,metaspace   ] GC(363) Metaspace: 52737K(53184K)->52737K(53184K) NonClass: 46191K(46400K)->46191K(46400K) Class: 6545K(6784K)->6545K(6784K)
[180.919s][info][gc             ] GC(363) Pause Full (System.gc()) 31M->24M(2041M) 38.238ms
[180.919s][info][gc,cpu         ] GC(363) User=0.02s Sys=0.00s Real=0.03s
[181.699s][info][gc,start       ] GC(364) Pause Young (Allocation Failure)
[181.702s][info][gc,heap        ] GC(364) PSYoungGen: 684544K(691712K)->4864K(691712K) Eden: 684544K(684544K)->0K(684544K) From: 0K(7168K)->4864K(7168K)
[181.702s][info][gc,heap        ] GC(364) ParOldGen: 25403K(1398272K)->25403K(1398272K)
[181.702s][info][gc,metaspace   ] GC(364) Metaspace: 52737K(53184K)->52737K(53184K) NonClass: 46191K(46400K)->46191K(46400K) Class: 6545K(6784K)->6545K(6784K)
[181.702s][info][gc             ] GC(364) Pause Young (Allocation Failure) 693M->29M(2041M) 2.950ms
[181.702s][info][gc,cpu         ] GC(364) User=0.00s Sys=0.00s Real=0.00s
[182.332s][info][gc,start       ] GC(365) Pause Young (Allocation Failure)
[182.334s][info][gc,heap        ] GC(365) PSYoungGen: 689408K(691712K)->1280K(691712K) Eden: 684544K(684544K)->0K(684544K) From: 4864K(7168K)->1280K(7168K)
[182.334s][info][gc,heap        ] GC(365) ParOldGen: 25403K(1398272K)->29003K(1398272K)
[182.334s][info][gc,metaspace   ] GC(365) Metaspace: 52737K(53184K)->52737K(53184K) NonClass: 46191K(46400K)->46191K(46400K) Class: 6545K(6784K)->6545K(6784K)
[182.334s][info][gc             ] GC(365) Pause Young (Allocation Failure) 698M->29M(2041M) 2.773ms
[182.334s][info][gc,cpu         ] GC(365) User=0.00s Sys=0.00s Real=0.00s
[182.878s][info][gc,start       ] GC(366) Pause Young (System.gc())
[182.881s][info][gc,heap        ] GC(366) PSYoungGen: 579769K(691712K)->3168K(691712K) Eden: 578489K(684544K)->0K(684544K) From: 1280K(7168K)->3168K(7168K)
[182.881s][info][gc,heap        ] GC(366) ParOldGen: 29003K(1398272K)->29235K(1398272K)
[182.881s][info][gc,metaspace   ] GC(366) Metaspace: 52737K(53184K)->52737K(53184K) NonClass: 46191K(46400K)->46191K(46400K) Class: 6545K(6784K)->6545K(6784K)
[182.881s][info][gc             ] GC(366) Pause Young (System.gc()) 594M->31M(2041M) 2.376ms
[182.881s][info][gc,cpu         ] GC(366) User=0.00s Sys=0.00s Real=0.00s
[182.881s][info][gc,start       ] GC(367) Pause Full (System.gc())
[182.881s][info][gc,phases,start] GC(367) Marking Phase
[182.904s][info][gc,phases      ] GC(367) Marking Phase 23.155ms
[182.904s][info][gc,phases,start] GC(367) Summary Phase
[182.904s][info][gc,phases      ] GC(367) Summary Phase 0.009ms
[182.904s][info][gc,phases,start] GC(367) Adjust Roots
[182.914s][info][gc,phases      ] GC(367) Adjust Roots 9.867ms
[182.914s][info][gc,phases,start] GC(367) Compaction Phase
[182.921s][info][gc,phases      ] GC(367) Compaction Phase 6.947ms
[182.921s][info][gc,phases,start] GC(367) Post Compact
[182.922s][info][gc,phases      ] GC(367) Post Compact 0.410ms
[182.922s][info][gc,heap        ] GC(367) PSYoungGen: 3168K(691712K)->0K(691712K) Eden: 0K(684544K)->0K(684544K) From: 3168K(7168K)->0K(7168K)
[182.922s][info][gc,heap        ] GC(367) ParOldGen: 29235K(1398272K)->25389K(1398272K)
[182.922s][info][gc,metaspace   ] GC(367) Metaspace: 52737K(53184K)->52737K(53184K) NonClass: 46191K(46400K)->46191K(46400K) Class: 6545K(6784K)->6545K(6784K)
[182.922s][info][gc             ] GC(367) Pause Full (System.gc()) 31M->24M(2041M) 40.658ms
[182.922s][info][gc,cpu         ] GC(367) User=0.00s Sys=0.00s Real=0.03s
[183.699s][info][gc,start       ] GC(368) Pause Young (Allocation Failure)
[183.702s][info][gc,heap        ] GC(368) PSYoungGen: 684544K(691712K)->4768K(691712K) Eden: 684544K(684544K)->0K(684544K) From: 0K(7168K)->4768K(7168K)
[183.702s][info][gc,heap        ] GC(368) ParOldGen: 25389K(1398272K)->25389K(1398272K)
[183.702s][info][gc,metaspace   ] GC(368) Metaspace: 52737K(53184K)->52737K(53184K) NonClass: 46191K(46400K)->46191K(46400K) Class: 6545K(6784K)->6545K(6784K)
[183.702s][info][gc             ] GC(368) Pause Young (Allocation Failure) 693M->29M(2041M) 2.858ms
[183.702s][info][gc,cpu         ] GC(368) User=0.00s Sys=0.00s Real=0.00s
[184.327s][info][gc,start       ] GC(369) Pause Young (Allocation Failure)
[184.330s][info][gc,heap        ] GC(369) PSYoungGen: 689312K(691712K)->1792K(691712K) Eden: 684544K(684544K)->0K(684544K) From: 4768K(7168K)->1792K(7168K)
[184.330s][info][gc,heap        ] GC(369) ParOldGen: 25389K(1398272K)->28989K(1398272K)
[184.330s][info][gc,metaspace   ] GC(369) Metaspace: 52737K(53184K)->52737K(53184K) NonClass: 46191K(46400K)->46191K(46400K) Class: 6545K(6784K)->6545K(6784K)
[184.330s][info][gc             ] GC(369) Pause Young (Allocation Failure) 697M->30M(2041M) 2.958ms
[184.330s][info][gc,cpu         ] GC(369) User=0.00s Sys=0.00s Real=0.00s
[184.870s][info][gc,start       ] GC(370) Pause Young (System.gc())
[184.872s][info][gc,heap        ] GC(370) PSYoungGen: 577161K(691712K)->3104K(692224K) Eden: 575369K(684544K)->0K(685056K) From: 1792K(7168K)->3104K(7168K)
[184.872s][info][gc,heap        ] GC(370) ParOldGen: 28989K(1398272K)->29213K(1398272K)
[184.872s][info][gc,metaspace   ] GC(370) Metaspace: 52737K(53184K)->52737K(53184K) NonClass: 46191K(46400K)->46191K(46400K) Class: 6545K(6784K)->6545K(6784K)
[184.872s][info][gc             ] GC(370) Pause Young (System.gc()) 591M->31M(2041M) 2.366ms
[184.872s][info][gc,cpu         ] GC(370) User=0.00s Sys=0.00s Real=0.02s
[184.873s][info][gc,start       ] GC(371) Pause Full (System.gc())
[184.873s][info][gc,phases,start] GC(371) Marking Phase
[184.895s][info][gc,phases      ] GC(371) Marking Phase 22.618ms
[184.895s][info][gc,phases,start] GC(371) Summary Phase
[184.895s][info][gc,phases      ] GC(371) Summary Phase 0.010ms
[184.895s][info][gc,phases,start] GC(371) Adjust Roots
[184.906s][info][gc,phases      ] GC(371) Adjust Roots 10.492ms
[184.906s][info][gc,phases,start] GC(371) Compaction Phase
[184.912s][info][gc,phases      ] GC(371) Compaction Phase 6.464ms
[184.912s][info][gc,phases,start] GC(371) Post Compact
[184.913s][info][gc,phases      ] GC(371) Post Compact 0.463ms
[184.913s][info][gc,heap        ] GC(371) PSYoungGen: 3104K(692224K)->0K(692224K) Eden: 0K(685056K)->0K(685056K) From: 3104K(7168K)->0K(7168K)
[184.913s][info][gc,heap        ] GC(371) ParOldGen: 29213K(1398272K)->25390K(1398272K)
[184.913s][info][gc,metaspace   ] GC(371) Metaspace: 52737K(53184K)->52737K(53184K) NonClass: 46191K(46400K)->46191K(46400K) Class: 6545K(6784K)->6545K(6784K)
[184.913s][info][gc             ] GC(371) Pause Full (System.gc()) 31M->24M(2041M) 40.337ms
[184.913s][info][gc,cpu         ] GC(371) User=0.02s Sys=0.00s Real=0.04s
[185.663s][info][gc,start       ] GC(372) Pause Young (Allocation Failure)
[185.666s][info][gc,heap        ] GC(372) PSYoungGen: 685056K(692224K)->5376K(691712K) Eden: 685056K(685056K)->0K(685056K) From: 0K(7168K)->5376K(6656K)
[185.666s][info][gc,heap        ] GC(372) ParOldGen: 25390K(1398272K)->25390K(1398272K)
[185.666s][info][gc,metaspace   ] GC(372) Metaspace: 52739K(53248K)->52739K(53248K) NonClass: 46194K(46464K)->46194K(46464K) Class: 6545K(6784K)->6545K(6784K)
[185.666s][info][gc             ] GC(372) Pause Young (Allocation Failure) 693M->30M(2041M) 3.033ms
[185.666s][info][gc,cpu         ] GC(372) User=0.00s Sys=0.00s Real=0.00s
[186.280s][info][gc,start       ] GC(373) Pause Young (Allocation Failure)
[186.284s][info][gc,heap        ] GC(373) PSYoungGen: 690432K(691712K)->2080K(691712K) Eden: 685056K(685056K)->0K(684544K) From: 5376K(6656K)->2080K(7168K)
[186.284s][info][gc,heap        ] GC(373) ParOldGen: 25390K(1398272K)->28966K(1398272K)
[186.284s][info][gc,metaspace   ] GC(373) Metaspace: 52739K(53248K)->52739K(53248K) NonClass: 46194K(46464K)->46194K(46464K) Class: 6545K(6784K)->6545K(6784K)
[186.284s][info][gc             ] GC(373) Pause Young (Allocation Failure) 699M->30M(2041M) 3.882ms
[186.284s][info][gc,cpu         ] GC(373) User=0.00s Sys=0.00s Real=0.00s
[186.855s][info][gc,start       ] GC(374) Pause Young (System.gc())
[186.858s][info][gc,heap        ] GC(374) PSYoungGen: 577800K(691712K)->3168K(691712K) Eden: 575720K(684544K)->0K(684544K) From: 2080K(7168K)->3168K(7168K)
[186.858s][info][gc,heap        ] GC(374) ParOldGen: 28966K(1398272K)->29190K(1398272K)
[186.858s][info][gc,metaspace   ] GC(374) Metaspace: 52739K(53248K)->52739K(53248K) NonClass: 46194K(46464K)->46194K(46464K) Class: 6545K(6784K)->6545K(6784K)
[186.858s][info][gc             ] GC(374) Pause Young (System.gc()) 592M->31M(2041M) 2.275ms
[186.858s][info][gc,cpu         ] GC(374) User=0.00s Sys=0.00s Real=0.00s
[186.858s][info][gc,start       ] GC(375) Pause Full (System.gc())
[186.858s][info][gc,phases,start] GC(375) Marking Phase
[186.879s][info][gc,phases      ] GC(375) Marking Phase 21.767ms
[186.879s][info][gc,phases,start] GC(375) Summary Phase
[186.879s][info][gc,phases      ] GC(375) Summary Phase 0.009ms
[186.880s][info][gc,phases,start] GC(375) Adjust Roots
[186.889s][info][gc,phases      ] GC(375) Adjust Roots 9.420ms
[186.889s][info][gc,phases,start] GC(375) Compaction Phase
[186.895s][info][gc,phases      ] GC(375) Compaction Phase 6.261ms
[186.895s][info][gc,phases,start] GC(375) Post Compact
[186.896s][info][gc,phases      ] GC(375) Post Compact 0.453ms
[186.896s][info][gc,heap        ] GC(375) PSYoungGen: 3168K(691712K)->0K(691712K) Eden: 0K(684544K)->0K(684544K) From: 3168K(7168K)->0K(7168K)
[186.896s][info][gc,heap        ] GC(375) ParOldGen: 29190K(1398272K)->25370K(1398272K)
[186.896s][info][gc,metaspace   ] GC(375) Metaspace: 52739K(53248K)->52739K(53248K) NonClass: 46194K(46464K)->46194K(46464K) Class: 6545K(6784K)->6545K(6784K)
[186.896s][info][gc             ] GC(375) Pause Full (System.gc()) 31M->24M(2041M) 38.190ms
[186.896s][info][gc,cpu         ] GC(375) User=0.03s Sys=0.00s Real=0.05s
[187.579s][info][gc,start       ] GC(376) Pause Young (Allocation Failure)
[187.640s][info][gc,heap        ] GC(376) PSYoungGen: 684544K(691712K)->5504K(691200K) Eden: 684544K(684544K)->0K(684544K) From: 0K(7168K)->5504K(6656K)
[187.640s][info][gc,heap        ] GC(376) ParOldGen: 25370K(1398272K)->25370K(1398272K)
[187.640s][info][gc,metaspace   ] GC(376) Metaspace: 52739K(53248K)->52739K(53248K) NonClass: 46194K(46464K)->46194K(46464K) Class: 6545K(6784K)->6545K(6784K)
[187.640s][info][gc             ] GC(376) Pause Young (Allocation Failure) 693M->30M(2040M) 61.019ms
[187.640s][info][gc,cpu         ] GC(376) User=0.00s Sys=0.00s Real=0.05s
[188.254s][info][gc,start       ] GC(377) Pause Young (Allocation Failure)
[188.256s][info][gc,heap        ] GC(377) PSYoungGen: 690048K(691200K)->1888K(691712K) Eden: 684544K(684544K)->0K(684544K) From: 5504K(6656K)->1888K(7168K)
[188.256s][info][gc,heap        ] GC(377) ParOldGen: 25370K(1398272K)->28938K(1398272K)
[188.256s][info][gc,metaspace   ] GC(377) Metaspace: 52739K(53248K)->52739K(53248K) NonClass: 46194K(46464K)->46194K(46464K) Class: 6545K(6784K)->6545K(6784K)
[188.257s][info][gc             ] GC(377) Pause Young (Allocation Failure) 698M->30M(2041M) 2.901ms
[188.257s][info][gc,cpu         ] GC(377) User=0.00s Sys=0.00s Real=0.00s
[188.809s][info][gc,start       ] GC(378) Pause Young (System.gc())
[188.812s][info][gc,heap        ] GC(378) PSYoungGen: 580397K(691712K)->3136K(692224K) Eden: 578509K(684544K)->0K(685056K) From: 1888K(7168K)->3136K(7168K)
[188.812s][info][gc,heap        ] GC(378) ParOldGen: 28938K(1398272K)->29170K(1398272K)
[188.812s][info][gc,metaspace   ] GC(378) Metaspace: 52739K(53248K)->52739K(53248K) NonClass: 46194K(46464K)->46194K(46464K) Class: 6545K(6784K)->6545K(6784K)
[188.812s][info][gc             ] GC(378) Pause Young (System.gc()) 595M->31M(2041M) 2.501ms
[188.812s][info][gc,cpu         ] GC(378) User=0.00s Sys=0.00s Real=0.00s
[188.812s][info][gc,start       ] GC(379) Pause Full (System.gc())
[188.812s][info][gc,phases,start] GC(379) Marking Phase
[188.834s][info][gc,phases      ] GC(379) Marking Phase 22.017ms
[188.834s][info][gc,phases,start] GC(379) Summary Phase
[188.834s][info][gc,phases      ] GC(379) Summary Phase 0.010ms
[188.834s][info][gc,phases,start] GC(379) Adjust Roots
[188.844s][info][gc,phases      ] GC(379) Adjust Roots 9.903ms
[188.844s][info][gc,phases,start] GC(379) Compaction Phase
[188.851s][info][gc,phases      ] GC(379) Compaction Phase 7.031ms
[188.851s][info][gc,phases,start] GC(379) Post Compact
[188.851s][info][gc,phases      ] GC(379) Post Compact 0.396ms
[188.851s][info][gc,heap        ] GC(379) PSYoungGen: 3136K(692224K)->0K(692224K) Eden: 0K(685056K)->0K(685056K) From: 3136K(7168K)->0K(7168K)
[188.851s][info][gc,heap        ] GC(379) ParOldGen: 29170K(1398272K)->25335K(1398272K)
[188.851s][info][gc,metaspace   ] GC(379) Metaspace: 52739K(53248K)->52739K(53248K) NonClass: 46194K(46464K)->46194K(46464K) Class: 6545K(6784K)->6545K(6784K)
[188.851s][info][gc             ] GC(379) Pause Full (System.gc()) 31M->24M(2041M) 39.624ms
[188.851s][info][gc,cpu         ] GC(379) User=0.03s Sys=0.00s Real=0.03s
[189.532s][info][gc,start       ] GC(380) Pause Young (Allocation Failure)
[189.535s][info][gc,heap        ] GC(380) PSYoungGen: 685056K(692224K)->4960K(691712K) Eden: 685056K(685056K)->0K(685056K) From: 0K(7168K)->4960K(6656K)
[189.535s][info][gc,heap        ] GC(380) ParOldGen: 25335K(1398272K)->25335K(1398272K)
[189.535s][info][gc,metaspace   ] GC(380) Metaspace: 52739K(53248K)->52739K(53248K) NonClass: 46194K(46464K)->46194K(46464K) Class: 6545K(6784K)->6545K(6784K)
[189.535s][info][gc             ] GC(380) Pause Young (Allocation Failure) 693M->29M(2041M) 3.046ms
[189.535s][info][gc,cpu         ] GC(380) User=0.00s Sys=0.00s Real=0.00s
[190.158s][info][gc,start       ] GC(381) Pause Young (Allocation Failure)
[190.161s][info][gc,heap        ] GC(381) PSYoungGen: 690016K(691712K)->2784K(691712K) Eden: 685056K(685056K)->0K(684544K) From: 4960K(6656K)->2784K(7168K)
[190.161s][info][gc,heap        ] GC(381) ParOldGen: 25335K(1398272K)->28911K(1398272K)
[190.161s][info][gc,metaspace   ] GC(381) Metaspace: 52739K(53248K)->52739K(53248K) NonClass: 46194K(46464K)->46194K(46464K) Class: 6545K(6784K)->6545K(6784K)
[190.161s][info][gc             ] GC(381) Pause Young (Allocation Failure) 698M->30M(2041M) 3.240ms
[190.161s][info][gc,cpu         ] GC(381) User=0.00s Sys=0.00s Real=0.00s
[193.593s][info][gc,start       ] GC(382) Pause Young (System.gc())
[193.596s][info][gc,heap        ] GC(382) PSYoungGen: 580916K(691712K)->3296K(691712K) Eden: 578132K(684544K)->0K(684544K) From: 2784K(7168K)->3296K(7168K)
[193.596s][info][gc,heap        ] GC(382) ParOldGen: 28911K(1398272K)->29135K(1398272K)
[193.596s][info][gc,metaspace   ] GC(382) Metaspace: 52739K(53248K)->52739K(53248K) NonClass: 46194K(46464K)->46194K(46464K) Class: 6545K(6784K)->6545K(6784K)
[193.596s][info][gc             ] GC(382) Pause Young (System.gc()) 595M->31M(2041M) 3.033ms
[193.596s][info][gc,cpu         ] GC(382) User=0.00s Sys=0.02s Real=0.00s
[193.596s][info][gc,start       ] GC(383) Pause Full (System.gc())
[193.596s][info][gc,phases,start] GC(383) Marking Phase
[193.619s][info][gc,phases      ] GC(383) Marking Phase 22.547ms
[193.619s][info][gc,phases,start] GC(383) Summary Phase
[193.619s][info][gc,phases      ] GC(383) Summary Phase 0.009ms
[193.619s][info][gc,phases,start] GC(383) Adjust Roots
[193.628s][info][gc,phases      ] GC(383) Adjust Roots 9.642ms
[193.628s][info][gc,phases,start] GC(383) Compaction Phase
[193.632s][info][gc,phases      ] GC(383) Compaction Phase 3.905ms
[193.632s][info][gc,phases,start] GC(383) Post Compact
[193.633s][info][gc,phases      ] GC(383) Post Compact 0.355ms
[193.633s][info][gc,heap        ] GC(383) PSYoungGen: 3296K(691712K)->0K(691712K) Eden: 0K(684544K)->0K(684544K) From: 3296K(7168K)->0K(7168K)
[193.633s][info][gc,heap        ] GC(383) ParOldGen: 29135K(1398272K)->23101K(1398272K)
[193.633s][info][gc,metaspace   ] GC(383) Metaspace: 52739K(53248K)->52739K(53248K) NonClass: 46194K(46464K)->46194K(46464K) Class: 6545K(6784K)->6545K(6784K)
[193.633s][info][gc             ] GC(383) Pause Full (System.gc()) 31M->22M(2041M) 36.711ms
[193.633s][info][gc,cpu         ] GC(383) User=0.00s Sys=0.00s Real=0.03s
[194.312s][info][gc,start       ] GC(384) Pause Young (Allocation Failure)
[194.316s][info][gc,heap        ] GC(384) PSYoungGen: 684544K(691712K)->5696K(691200K) Eden: 684544K(684544K)->0K(684544K) From: 0K(7168K)->5696K(6656K)
[194.316s][info][gc,heap        ] GC(384) ParOldGen: 23101K(1398272K)->23101K(1398272K)
[194.316s][info][gc,metaspace   ] GC(384) Metaspace: 52739K(53248K)->52739K(53248K) NonClass: 46194K(46464K)->46194K(46464K) Class: 6545K(6784K)->6545K(6784K)
[194.316s][info][gc             ] GC(384) Pause Young (Allocation Failure) 691M->28M(2040M) 3.297ms
[194.316s][info][gc,cpu         ] GC(384) User=0.02s Sys=0.00s Real=0.00s
[194.993s][info][gc,start       ] GC(385) Pause Young (Allocation Failure)
[194.996s][info][gc,heap        ] GC(385) PSYoungGen: 690240K(691200K)->2016K(691712K) Eden: 684544K(684544K)->0K(684544K) From: 5696K(6656K)->2016K(7168K)
[194.996s][info][gc,heap        ] GC(385) ParOldGen: 23101K(1398272K)->26805K(1398272K)
[194.996s][info][gc,metaspace   ] GC(385) Metaspace: 52744K(53248K)->52744K(53248K) NonClass: 46199K(46464K)->46199K(46464K) Class: 6545K(6784K)->6545K(6784K)
[194.996s][info][gc             ] GC(385) Pause Young (Allocation Failure) 696M->28M(2041M) 2.912ms
[194.996s][info][gc,cpu         ] GC(385) User=0.00s Sys=0.00s Real=0.00s
[195.540s][info][gc,start       ] GC(386) Pause Young (System.gc())
[195.543s][info][gc,heap        ] GC(386) PSYoungGen: 580343K(691712K)->3168K(692224K) Eden: 578327K(684544K)->0K(685056K) From: 2016K(7168K)->3168K(7168K)
[195.543s][info][gc,heap        ] GC(386) ParOldGen: 26805K(1398272K)->26901K(1398272K)
[195.543s][info][gc,metaspace   ] GC(386) Metaspace: 52748K(53248K)->52748K(53248K) NonClass: 46203K(46464K)->46203K(46464K) Class: 6545K(6784K)->6545K(6784K)
[195.543s][info][gc             ] GC(386) Pause Young (System.gc()) 592M->29M(2041M) 2.825ms
[195.543s][info][gc,cpu         ] GC(386) User=0.00s Sys=0.00s Real=0.00s
[195.543s][info][gc,start       ] GC(387) Pause Full (System.gc())
[195.543s][info][gc,phases,start] GC(387) Marking Phase
[195.566s][info][gc,phases      ] GC(387) Marking Phase 22.987ms
[195.566s][info][gc,phases,start] GC(387) Summary Phase
[195.566s][info][gc,phases      ] GC(387) Summary Phase 0.009ms
[195.566s][info][gc,phases,start] GC(387) Adjust Roots
[195.576s][info][gc,phases      ] GC(387) Adjust Roots 10.042ms
[195.576s][info][gc,phases,start] GC(387) Compaction Phase
[195.580s][info][gc,phases      ] GC(387) Compaction Phase 4.336ms
[195.581s][info][gc,phases,start] GC(387) Post Compact
[195.581s][info][gc,phases      ] GC(387) Post Compact 0.386ms
[195.581s][info][gc,heap        ] GC(387) PSYoungGen: 3168K(692224K)->0K(692224K) Eden: 0K(685056K)->0K(685056K) From: 3168K(7168K)->0K(7168K)
[195.581s][info][gc,heap        ] GC(387) ParOldGen: 26901K(1398272K)->23100K(1398272K)
[195.581s][info][gc,metaspace   ] GC(387) Metaspace: 52748K(53248K)->52748K(53248K) NonClass: 46203K(46464K)->46203K(46464K) Class: 6545K(6784K)->6545K(6784K)
[195.581s][info][gc             ] GC(387) Pause Full (System.gc()) 29M->22M(2041M) 38.030ms
[195.581s][info][gc,cpu         ] GC(387) User=0.00s Sys=0.00s Real=0.03s
[196.270s][info][gc,start       ] GC(388) Pause Young (Allocation Failure)
[196.273s][info][gc,heap        ] GC(388) PSYoungGen: 685056K(692224K)->5664K(691712K) Eden: 685056K(685056K)->0K(685056K) From: 0K(7168K)->5664K(6656K)
[196.273s][info][gc,heap        ] GC(388) ParOldGen: 23100K(1398272K)->23100K(1398272K)
[196.273s][info][gc,metaspace   ] GC(388) Metaspace: 52748K(53248K)->52748K(53248K) NonClass: 46203K(46464K)->46203K(46464K) Class: 6545K(6784K)->6545K(6784K)
[196.273s][info][gc             ] GC(388) Pause Young (Allocation Failure) 691M->28M(2041M) 3.844ms
[196.273s][info][gc,cpu         ] GC(388) User=0.00s Sys=0.00s Real=0.00s
[196.947s][info][gc,start       ] GC(389) Pause Young (Allocation Failure)
[196.950s][info][gc,heap        ] GC(389) PSYoungGen: 690720K(691712K)->1952K(691712K) Eden: 685056K(685056K)->0K(684544K) From: 5664K(6656K)->1952K(7168K)
[196.950s][info][gc,heap        ] GC(389) ParOldGen: 23100K(1398272K)->26668K(1398272K)
[196.950s][info][gc,metaspace   ] GC(389) Metaspace: 52748K(53248K)->52748K(53248K) NonClass: 46203K(46464K)->46203K(46464K) Class: 6545K(6784K)->6545K(6784K)
[196.950s][info][gc             ] GC(389) Pause Young (Allocation Failure) 697M->27M(2041M) 2.932ms
[196.950s][info][gc,cpu         ] GC(389) User=0.00s Sys=0.00s Real=0.00s
[197.512s][info][gc,start       ] GC(390) Pause Young (System.gc())
[197.514s][info][gc,heap        ] GC(390) PSYoungGen: 579241K(691712K)->3200K(691712K) Eden: 577289K(684544K)->0K(684544K) From: 1952K(7168K)->3200K(7168K)
[197.514s][info][gc,heap        ] GC(390) ParOldGen: 26668K(1398272K)->26764K(1398272K)
[197.514s][info][gc,metaspace   ] GC(390) Metaspace: 52748K(53248K)->52748K(53248K) NonClass: 46203K(46464K)->46203K(46464K) Class: 6545K(6784K)->6545K(6784K)
[197.514s][info][gc             ] GC(390) Pause Young (System.gc()) 591M->29M(2041M) 2.203ms
[197.514s][info][gc,cpu         ] GC(390) User=0.00s Sys=0.00s Real=0.00s
[197.514s][info][gc,start       ] GC(391) Pause Full (System.gc())
[197.514s][info][gc,phases,start] GC(391) Marking Phase
[197.537s][info][gc,phases      ] GC(391) Marking Phase 22.711ms
[197.537s][info][gc,phases,start] GC(391) Summary Phase
[197.537s][info][gc,phases      ] GC(391) Summary Phase 0.010ms
[197.537s][info][gc,phases,start] GC(391) Adjust Roots
[197.547s][info][gc,phases      ] GC(391) Adjust Roots 10.159ms
[197.547s][info][gc,phases,start] GC(391) Compaction Phase
[197.553s][info][gc,phases      ] GC(391) Compaction Phase 5.274ms
[197.553s][info][gc,phases,start] GC(391) Post Compact
[197.553s][info][gc,phases      ] GC(391) Post Compact 0.430ms
[197.553s][info][gc,heap        ] GC(391) PSYoungGen: 3200K(691712K)->0K(691712K) Eden: 0K(684544K)->0K(684544K) From: 3200K(7168K)->0K(7168K)
[197.553s][info][gc,heap        ] GC(391) ParOldGen: 26764K(1398272K)->25338K(1398272K)
[197.553s][info][gc,metaspace   ] GC(391) Metaspace: 52748K(53248K)->52748K(53248K) NonClass: 46203K(46464K)->46203K(46464K) Class: 6545K(6784K)->6545K(6784K)
[197.553s][info][gc             ] GC(391) Pause Full (System.gc()) 29M->24M(2041M) 38.873ms
[197.553s][info][gc,cpu         ] GC(391) User=0.00s Sys=0.00s Real=0.03s
[198.215s][info][gc,start       ] GC(392) Pause Young (Allocation Failure)
[198.218s][info][gc,heap        ] GC(392) PSYoungGen: 684544K(691712K)->5344K(691712K) Eden: 684544K(684544K)->0K(684544K) From: 0K(7168K)->5344K(7168K)
[198.218s][info][gc,heap        ] GC(392) ParOldGen: 25338K(1398272K)->25338K(1398272K)
[198.218s][info][gc,metaspace   ] GC(392) Metaspace: 52748K(53248K)->52748K(53248K) NonClass: 46203K(46464K)->46203K(46464K) Class: 6545K(6784K)->6545K(6784K)
[198.218s][info][gc             ] GC(392) Pause Young (Allocation Failure) 693M->29M(2041M) 3.211ms
[198.218s][info][gc,cpu         ] GC(392) User=0.00s Sys=0.00s Real=0.00s
[198.845s][info][gc,start       ] GC(393) Pause Young (Allocation Failure)
[198.847s][info][gc,heap        ] GC(393) PSYoungGen: 689888K(691712K)->1344K(686080K) Eden: 684544K(684544K)->0K(684544K) From: 5344K(7168K)->1344K(1536K)
[198.847s][info][gc,heap        ] GC(393) ParOldGen: 25338K(1398272K)->28914K(1398272K)
[198.847s][info][gc,metaspace   ] GC(393) Metaspace: 52748K(53248K)->52748K(53248K) NonClass: 46203K(46464K)->46203K(46464K) Class: 6545K(6784K)->6545K(6784K)
[198.848s][info][gc             ] GC(393) Pause Young (Allocation Failure) 698M->29M(2035M) 2.777ms
[198.848s][info][gc,cpu         ] GC(393) User=0.00s Sys=0.00s Real=0.00s
[199.389s][info][gc,start       ] GC(394) Pause Young (System.gc())
[199.392s][info][gc,heap        ] GC(394) PSYoungGen: 572855K(686080K)->3136K(691712K) Eden: 571511K(684544K)->0K(684032K) From: 1344K(1536K)->3136K(7680K)
[199.392s][info][gc,heap        ] GC(394) ParOldGen: 28914K(1398272K)->29138K(1398272K)
[199.392s][info][gc,metaspace   ] GC(394) Metaspace: 52748K(53248K)->52748K(53248K) NonClass: 46203K(46464K)->46203K(46464K) Class: 6545K(6784K)->6545K(6784K)
[199.392s][info][gc             ] GC(394) Pause Young (System.gc()) 587M->31M(2041M) 2.307ms
[199.392s][info][gc,cpu         ] GC(394) User=0.00s Sys=0.00s Real=0.00s
[199.392s][info][gc,start       ] GC(395) Pause Full (System.gc())
[199.392s][info][gc,phases,start] GC(395) Marking Phase
[199.414s][info][gc,phases      ] GC(395) Marking Phase 22.101ms
[199.414s][info][gc,phases,start] GC(395) Summary Phase
[199.414s][info][gc,phases      ] GC(395) Summary Phase 0.009ms
[199.414s][info][gc,phases,start] GC(395) Adjust Roots
[199.423s][info][gc,phases      ] GC(395) Adjust Roots 9.358ms
[199.423s][info][gc,phases,start] GC(395) Compaction Phase
[199.429s][info][gc,phases      ] GC(395) Compaction Phase 5.773ms
[199.429s][info][gc,phases,start] GC(395) Post Compact
[199.430s][info][gc,phases      ] GC(395) Post Compact 0.431ms
[199.430s][info][gc,heap        ] GC(395) PSYoungGen: 3136K(691712K)->0K(691712K) Eden: 0K(684032K)->0K(684032K) From: 3136K(7680K)->0K(7680K)
[199.430s][info][gc,heap        ] GC(395) ParOldGen: 29138K(1398272K)->25336K(1398272K)
[199.430s][info][gc,metaspace   ] GC(395) Metaspace: 52748K(53248K)->52748K(53248K) NonClass: 46203K(46464K)->46203K(46464K) Class: 6545K(6784K)->6545K(6784K)
[199.430s][info][gc             ] GC(395) Pause Full (System.gc()) 31M->24M(2041M) 37.927ms
[199.430s][info][gc,cpu         ] GC(395) User=0.02s Sys=0.00s Real=0.04s
[200.163s][info][gc,start       ] GC(396) Pause Young (Allocation Failure)
[200.166s][info][gc,heap        ] GC(396) PSYoungGen: 684032K(691712K)->5152K(691200K) Eden: 684032K(684032K)->0K(684032K) From: 0K(7680K)->5152K(7168K)
[200.166s][info][gc,heap        ] GC(396) ParOldGen: 25336K(1398272K)->25336K(1398272K)
[200.166s][info][gc,metaspace   ] GC(396) Metaspace: 52748K(53248K)->52748K(53248K) NonClass: 46203K(46464K)->46203K(46464K) Class: 6545K(6784K)->6545K(6784K)
[200.166s][info][gc             ] GC(396) Pause Young (Allocation Failure) 692M->29M(2040M) 3.084ms
[200.166s][info][gc,cpu         ] GC(396) User=0.00s Sys=0.00s Real=0.00s
[200.785s][info][gc,start       ] GC(397) Pause Young (Allocation Failure)
[200.788s][info][gc,heap        ] GC(397) PSYoungGen: 689184K(691200K)->2080K(691712K) Eden: 684032K(684032K)->0K(684544K) From: 5152K(7168K)->2080K(7168K)
[200.788s][info][gc,heap        ] GC(397) ParOldGen: 25336K(1398272K)->28936K(1398272K)
[200.788s][info][gc,metaspace   ] GC(397) Metaspace: 52748K(53248K)->52748K(53248K) NonClass: 46203K(46464K)->46203K(46464K) Class: 6545K(6784K)->6545K(6784K)
[200.788s][info][gc             ] GC(397) Pause Young (Allocation Failure) 697M->30M(2041M) 3.018ms
[200.788s][info][gc,cpu         ] GC(397) User=0.00s Sys=0.00s Real=0.00s
[201.315s][info][gc,start       ] GC(398) Pause Young (System.gc())
[201.317s][info][gc,heap        ] GC(398) PSYoungGen: 579759K(691712K)->3168K(691712K) Eden: 577679K(684544K)->0K(684544K) From: 2080K(7168K)->3168K(7168K)
[201.318s][info][gc,heap        ] GC(398) ParOldGen: 28936K(1398272K)->29168K(1398272K)
[201.318s][info][gc,metaspace   ] GC(398) Metaspace: 52748K(53248K)->52748K(53248K) NonClass: 46203K(46464K)->46203K(46464K) Class: 6545K(6784K)->6545K(6784K)
[201.318s][info][gc             ] GC(398) Pause Young (System.gc()) 594M->31M(2041M) 2.107ms
[201.318s][info][gc,cpu         ] GC(398) User=0.00s Sys=0.00s Real=0.00s
[201.318s][info][gc,start       ] GC(399) Pause Full (System.gc())
[201.318s][info][gc,phases,start] GC(399) Marking Phase
[201.340s][info][gc,phases      ] GC(399) Marking Phase 22.416ms
[201.340s][info][gc,phases,start] GC(399) Summary Phase
[201.340s][info][gc,phases      ] GC(399) Summary Phase 0.013ms
[201.340s][info][gc,phases,start] GC(399) Adjust Roots
[201.350s][info][gc,phases      ] GC(399) Adjust Roots 9.624ms
[201.350s][info][gc,phases,start] GC(399) Compaction Phase
[201.356s][info][gc,phases      ] GC(399) Compaction Phase 6.243ms
[201.356s][info][gc,phases,start] GC(399) Post Compact
[201.357s][info][gc,phases      ] GC(399) Post Compact 0.446ms
[201.357s][info][gc,heap        ] GC(399) PSYoungGen: 3168K(691712K)->0K(691712K) Eden: 0K(684544K)->0K(684544K) From: 3168K(7168K)->0K(7168K)
[201.357s][info][gc,heap        ] GC(399) ParOldGen: 29168K(1398272K)->25353K(1398272K)
[201.357s][info][gc,metaspace   ] GC(399) Metaspace: 52748K(53248K)->52748K(53248K) NonClass: 46203K(46464K)->46203K(46464K) Class: 6545K(6784K)->6545K(6784K)
[201.357s][info][gc             ] GC(399) Pause Full (System.gc()) 31M->24M(2041M) 39.034ms
[201.357s][info][gc,cpu         ] GC(399) User=0.02s Sys=0.00s Real=0.03s
[202.091s][info][gc,start       ] GC(400) Pause Young (Allocation Failure)
[202.094s][info][gc,heap        ] GC(400) PSYoungGen: 684544K(691712K)->5248K(691712K) Eden: 684544K(684544K)->0K(684544K) From: 0K(7168K)->5248K(7168K)
[202.094s][info][gc,heap        ] GC(400) ParOldGen: 25353K(1398272K)->25353K(1398272K)
[202.094s][info][gc,metaspace   ] GC(400) Metaspace: 52748K(53248K)->52748K(53248K) NonClass: 46203K(46464K)->46203K(46464K) Class: 6545K(6784K)->6545K(6784K)
[202.094s][info][gc             ] GC(400) Pause Young (Allocation Failure) 693M->29M(2041M) 3.004ms
[202.094s][info][gc,cpu         ] GC(400) User=0.00s Sys=0.00s Real=0.00s
[202.723s][info][gc,start       ] GC(401) Pause Young (Allocation Failure)
[202.726s][info][gc,heap        ] GC(401) PSYoungGen: 689792K(691712K)->1312K(691712K) Eden: 684544K(684544K)->0K(684544K) From: 5248K(7168K)->1312K(7168K)
[202.726s][info][gc,heap        ] GC(401) ParOldGen: 25353K(1398272K)->28913K(1398272K)
[202.726s][info][gc,metaspace   ] GC(401) Metaspace: 52748K(53248K)->52748K(53248K) NonClass: 46203K(46464K)->46203K(46464K) Class: 6545K(6784K)->6545K(6784K)
[202.726s][info][gc             ] GC(401) Pause Young (Allocation Failure) 698M->29M(2041M) 2.789ms
[202.726s][info][gc,cpu         ] GC(401) User=0.00s Sys=0.00s Real=0.00s
[203.272s][info][gc,start       ] GC(402) Pause Young (System.gc())
[203.274s][info][gc,heap        ] GC(402) PSYoungGen: 579535K(691712K)->3168K(691712K) Eden: 578223K(684544K)->0K(684544K) From: 1312K(7168K)->3168K(7168K)
[203.274s][info][gc,heap        ] GC(402) ParOldGen: 28913K(1398272K)->29145K(1398272K)
[203.274s][info][gc,metaspace   ] GC(402) Metaspace: 52748K(53248K)->52748K(53248K) NonClass: 46203K(46464K)->46203K(46464K) Class: 6545K(6784K)->6545K(6784K)
[203.274s][info][gc             ] GC(402) Pause Young (System.gc()) 594M->31M(2041M) 2.310ms
[203.274s][info][gc,cpu         ] GC(402) User=0.00s Sys=0.00s Real=0.00s
[203.274s][info][gc,start       ] GC(403) Pause Full (System.gc())
[203.274s][info][gc,phases,start] GC(403) Marking Phase
[203.297s][info][gc,phases      ] GC(403) Marking Phase 22.855ms
[203.297s][info][gc,phases,start] GC(403) Summary Phase
[203.297s][info][gc,phases      ] GC(403) Summary Phase 0.011ms
[203.297s][info][gc,phases,start] GC(403) Adjust Roots
[203.307s][info][gc,phases      ] GC(403) Adjust Roots 9.793ms
[203.307s][info][gc,phases,start] GC(403) Compaction Phase
[203.313s][info][gc,phases      ] GC(403) Compaction Phase 6.058ms
[203.313s][info][gc,phases,start] GC(403) Post Compact
[203.314s][info][gc,phases      ] GC(403) Post Compact 0.420ms
[203.314s][info][gc,heap        ] GC(403) PSYoungGen: 3168K(691712K)->0K(691712K) Eden: 0K(684544K)->0K(684544K) From: 3168K(7168K)->0K(7168K)
[203.314s][info][gc,heap        ] GC(403) ParOldGen: 29145K(1398272K)->25349K(1398272K)
[203.314s][info][gc,metaspace   ] GC(403) Metaspace: 52748K(53248K)->52748K(53248K) NonClass: 46203K(46464K)->46203K(46464K) Class: 6545K(6784K)->6545K(6784K)
[203.314s][info][gc             ] GC(403) Pause Full (System.gc()) 31M->24M(2041M) 39.396ms
[203.314s][info][gc,cpu         ] GC(403) User=0.00s Sys=0.00s Real=0.03s
[204.049s][info][gc,start       ] GC(404) Pause Young (Allocation Failure)
[204.052s][info][gc,heap        ] GC(404) PSYoungGen: 684544K(691712K)->4672K(691712K) Eden: 684544K(684544K)->0K(684544K) From: 0K(7168K)->4672K(7168K)
[204.052s][info][gc,heap        ] GC(404) ParOldGen: 25349K(1398272K)->25349K(1398272K)
[204.052s][info][gc,metaspace   ] GC(404) Metaspace: 52748K(53248K)->52748K(53248K) NonClass: 46203K(46464K)->46203K(46464K) Class: 6545K(6784K)->6545K(6784K)
[204.052s][info][gc             ] GC(404) Pause Young (Allocation Failure) 693M->29M(2041M) 2.866ms
[204.052s][info][gc,cpu         ] GC(404) User=0.00s Sys=0.00s Real=0.00s
[204.684s][info][gc,start       ] GC(405) Pause Young (Allocation Failure)
[204.687s][info][gc,heap        ] GC(405) PSYoungGen: 689216K(691712K)->1600K(691712K) Eden: 684544K(684544K)->0K(684544K) From: 4672K(7168K)->1600K(7168K)
[204.687s][info][gc,heap        ] GC(405) ParOldGen: 25349K(1398272K)->28901K(1398272K)
[204.687s][info][gc,metaspace   ] GC(405) Metaspace: 52748K(53248K)->52748K(53248K) NonClass: 46203K(46464K)->46203K(46464K) Class: 6545K(6784K)->6545K(6784K)
[204.687s][info][gc             ] GC(405) Pause Young (Allocation Failure) 697M->29M(2041M) 2.930ms
[204.687s][info][gc,cpu         ] GC(405) User=0.00s Sys=0.00s Real=0.00s
[205.243s][info][gc,start       ] GC(406) Pause Young (System.gc())
[205.246s][info][gc,heap        ] GC(406) PSYoungGen: 575312K(691712K)->3168K(691712K) Eden: 573712K(684544K)->0K(684544K) From: 1600K(7168K)->3168K(7168K)
[205.246s][info][gc,heap        ] GC(406) ParOldGen: 28901K(1398272K)->29117K(1398272K)
[205.246s][info][gc,metaspace   ] GC(406) Metaspace: 52748K(53248K)->52748K(53248K) NonClass: 46203K(46464K)->46203K(46464K) Class: 6545K(6784K)->6545K(6784K)
[205.246s][info][gc             ] GC(406) Pause Young (System.gc()) 590M->31M(2041M) 2.385ms
[205.246s][info][gc,cpu         ] GC(406) User=0.00s Sys=0.00s Real=0.00s
[205.246s][info][gc,start       ] GC(407) Pause Full (System.gc())
[205.246s][info][gc,phases,start] GC(407) Marking Phase
[205.269s][info][gc,phases      ] GC(407) Marking Phase 23.179ms
[205.269s][info][gc,phases,start] GC(407) Summary Phase
[205.269s][info][gc,phases      ] GC(407) Summary Phase 0.010ms
[205.269s][info][gc,phases,start] GC(407) Adjust Roots
[205.279s][info][gc,phases      ] GC(407) Adjust Roots 9.778ms
[205.279s][info][gc,phases,start] GC(407) Compaction Phase
[205.285s][info][gc,phases      ] GC(407) Compaction Phase 5.835ms
[205.285s][info][gc,phases,start] GC(407) Post Compact
[205.285s][info][gc,phases      ] GC(407) Post Compact 0.424ms
[205.285s][info][gc,heap        ] GC(407) PSYoungGen: 3168K(691712K)->0K(691712K) Eden: 0K(684544K)->0K(684544K) From: 3168K(7168K)->0K(7168K)
[205.285s][info][gc,heap        ] GC(407) ParOldGen: 29117K(1398272K)->25314K(1398272K)
[205.285s][info][gc,metaspace   ] GC(407) Metaspace: 52748K(53248K)->52748K(53248K) NonClass: 46203K(46464K)->46203K(46464K) Class: 6545K(6784K)->6545K(6784K)
[205.285s][info][gc             ] GC(407) Pause Full (System.gc()) 31M->24M(2041M) 39.494ms
[205.285s][info][gc,cpu         ] GC(407) User=0.00s Sys=0.00s Real=0.03s
[206.041s][info][gc,start       ] GC(408) Pause Young (Allocation Failure)
[206.044s][info][gc,heap        ] GC(408) PSYoungGen: 684544K(691712K)->6112K(690176K) Eden: 684544K(684544K)->0K(683520K) From: 0K(7168K)->6112K(6656K)
[206.044s][info][gc,heap        ] GC(408) ParOldGen: 25314K(1398272K)->25314K(1398272K)
[206.044s][info][gc,metaspace   ] GC(408) Metaspace: 52748K(53248K)->52748K(53248K) NonClass: 46203K(46464K)->46203K(46464K) Class: 6545K(6784K)->6545K(6784K)
[206.044s][info][gc             ] GC(408) Pause Young (Allocation Failure) 693M->30M(2039M) 3.437ms
[206.044s][info][gc,cpu         ] GC(408) User=0.00s Sys=0.00s Real=0.00s
[206.680s][info][gc,start       ] GC(409) Pause Young (Allocation Failure)
[206.683s][info][gc,heap        ] GC(409) PSYoungGen: 689632K(690176K)->2496K(691200K) Eden: 683520K(683520K)->0K(683520K) From: 6112K(6656K)->2496K(7680K)
[206.683s][info][gc,heap        ] GC(409) ParOldGen: 25314K(1398272K)->28914K(1398272K)
[206.683s][info][gc,metaspace   ] GC(409) Metaspace: 52748K(53248K)->52748K(53248K) NonClass: 46203K(46464K)->46203K(46464K) Class: 6545K(6784K)->6545K(6784K)
[206.684s][info][gc             ] GC(409) Pause Young (Allocation Failure) 698M->30M(2040M) 3.184ms
[206.684s][info][gc,cpu         ] GC(409) User=0.00s Sys=0.00s Real=0.00s
[207.230s][info][gc,start       ] GC(410) Pause Young (System.gc())
[207.232s][info][gc,heap        ] GC(410) PSYoungGen: 582336K(691200K)->3136K(691712K) Eden: 579840K(683520K)->0K(684544K) From: 2496K(7680K)->3136K(7168K)
[207.232s][info][gc,heap        ] GC(410) ParOldGen: 28914K(1398272K)->29130K(1398272K)
[207.232s][info][gc,metaspace   ] GC(410) Metaspace: 52748K(53248K)->52748K(53248K) NonClass: 46203K(46464K)->46203K(46464K) Class: 6545K(6784K)->6545K(6784K)
[207.232s][info][gc             ] GC(410) Pause Young (System.gc()) 596M->31M(2041M) 2.829ms
[207.232s][info][gc,cpu         ] GC(410) User=0.00s Sys=0.00s Real=0.00s
[207.232s][info][gc,start       ] GC(411) Pause Full (System.gc())
[207.232s][info][gc,phases,start] GC(411) Marking Phase
[207.254s][info][gc,phases      ] GC(411) Marking Phase 21.722ms
[207.254s][info][gc,phases,start] GC(411) Summary Phase
[207.254s][info][gc,phases      ] GC(411) Summary Phase 0.009ms
[207.254s][info][gc,phases,start] GC(411) Adjust Roots
[207.264s][info][gc,phases      ] GC(411) Adjust Roots 9.312ms
[207.264s][info][gc,phases,start] GC(411) Compaction Phase
[207.270s][info][gc,phases      ] GC(411) Compaction Phase 6.047ms
[207.270s][info][gc,phases,start] GC(411) Post Compact
[207.270s][info][gc,phases      ] GC(411) Post Compact 0.432ms
[207.270s][info][gc,heap        ] GC(411) PSYoungGen: 3136K(691712K)->0K(691712K) Eden: 0K(684544K)->0K(684544K) From: 3136K(7168K)->0K(7168K)
[207.270s][info][gc,heap        ] GC(411) ParOldGen: 29130K(1398272K)->25369K(1398272K)
[207.270s][info][gc,metaspace   ] GC(411) Metaspace: 52748K(53248K)->52748K(53248K) NonClass: 46203K(46464K)->46203K(46464K) Class: 6545K(6784K)->6545K(6784K)
[207.270s][info][gc             ] GC(411) Pause Full (System.gc()) 31M->24M(2041M) 37.783ms
[207.270s][info][gc,cpu         ] GC(411) User=0.00s Sys=0.00s Real=0.03s
[208.038s][info][gc,start       ] GC(412) Pause Young (Allocation Failure)
[208.042s][info][gc,heap        ] GC(412) PSYoungGen: 684544K(691712K)->5856K(690688K) Eden: 684544K(684544K)->0K(684544K) From: 0K(7168K)->5856K(6144K)
[208.042s][info][gc,heap        ] GC(412) ParOldGen: 25369K(1398272K)->25369K(1398272K)
[208.042s][info][gc,metaspace   ] GC(412) Metaspace: 52748K(53248K)->52748K(53248K) NonClass: 46203K(46464K)->46203K(46464K) Class: 6545K(6784K)->6545K(6784K)
[208.042s][info][gc             ] GC(412) Pause Young (Allocation Failure) 693M->30M(2040M) 3.230ms
[208.042s][info][gc,cpu         ] GC(412) User=0.00s Sys=0.00s Real=0.00s
[208.661s][info][gc,start       ] GC(413) Pause Young (Allocation Failure)
[208.664s][info][gc,heap        ] GC(413) PSYoungGen: 690400K(690688K)->2688K(691712K) Eden: 684544K(684544K)->0K(684032K) From: 5856K(6144K)->2688K(7680K)
[208.664s][info][gc,heap        ] GC(413) ParOldGen: 25369K(1398272K)->28953K(1398272K)
[208.664s][info][gc,metaspace   ] GC(413) Metaspace: 52748K(53248K)->52748K(53248K) NonClass: 46203K(46464K)->46203K(46464K) Class: 6545K(6784K)->6545K(6784K)
[208.664s][info][gc             ] GC(413) Pause Young (Allocation Failure) 698M->30M(2041M) 3.422ms
[208.664s][info][gc,cpu         ] GC(413) User=0.00s Sys=0.00s Real=0.00s
[209.204s][info][gc,start       ] GC(414) Pause Young (System.gc())
[209.207s][info][gc,heap        ] GC(414) PSYoungGen: 581876K(691712K)->3168K(691200K) Eden: 579188K(684032K)->0K(684032K) From: 2688K(7680K)->3168K(7168K)
[209.207s][info][gc,heap        ] GC(414) ParOldGen: 28953K(1398272K)->29169K(1398272K)
[209.207s][info][gc,metaspace   ] GC(414) Metaspace: 52748K(53248K)->52748K(53248K) NonClass: 46203K(46464K)->46203K(46464K) Class: 6545K(6784K)->6545K(6784K)
[209.207s][info][gc             ] GC(414) Pause Young (System.gc()) 596M->31M(2040M) 2.366ms
[209.207s][info][gc,cpu         ] GC(414) User=0.00s Sys=0.00s Real=0.00s
[209.207s][info][gc,start       ] GC(415) Pause Full (System.gc())
[209.207s][info][gc,phases,start] GC(415) Marking Phase
[209.230s][info][gc,phases      ] GC(415) Marking Phase 23.010ms
[209.230s][info][gc,phases,start] GC(415) Summary Phase
[209.230s][info][gc,phases      ] GC(415) Summary Phase 0.010ms
[209.230s][info][gc,phases,start] GC(415) Adjust Roots
[209.240s][info][gc,phases      ] GC(415) Adjust Roots 9.736ms
[209.240s][info][gc,phases,start] GC(415) Compaction Phase
[209.246s][info][gc,phases      ] GC(415) Compaction Phase 5.908ms
[209.246s][info][gc,phases,start] GC(415) Post Compact
[209.246s][info][gc,phases      ] GC(415) Post Compact 0.428ms
[209.246s][info][gc,heap        ] GC(415) PSYoungGen: 3168K(691200K)->0K(691200K) Eden: 0K(684032K)->0K(684032K) From: 3168K(7168K)->0K(7168K)
[209.246s][info][gc,heap        ] GC(415) ParOldGen: 29169K(1398272K)->25371K(1398272K)
[209.246s][info][gc,metaspace   ] GC(415) Metaspace: 52748K(53248K)->52748K(53248K) NonClass: 46203K(46464K)->46203K(46464K) Class: 6545K(6784K)->6545K(6784K)
[209.246s][info][gc             ] GC(415) Pause Full (System.gc()) 31M->24M(2040M) 39.389ms
[209.246s][info][gc,cpu         ] GC(415) User=0.03s Sys=0.00s Real=0.05s
[209.963s][info][gc,start       ] GC(416) Pause Young (Allocation Failure)
[209.966s][info][gc,heap        ] GC(416) PSYoungGen: 684032K(691200K)->4864K(691712K) Eden: 684032K(684032K)->0K(684544K) From: 0K(7168K)->4864K(7168K)
[209.966s][info][gc,heap        ] GC(416) ParOldGen: 25371K(1398272K)->25371K(1398272K)
[209.966s][info][gc,metaspace   ] GC(416) Metaspace: 52748K(53248K)->52748K(53248K) NonClass: 46203K(46464K)->46203K(46464K) Class: 6545K(6784K)->6545K(6784K)
[209.966s][info][gc             ] GC(416) Pause Young (Allocation Failure) 692M->29M(2041M) 3.149ms
[209.966s][info][gc,cpu         ] GC(416) User=0.00s Sys=0.00s Real=0.00s
[210.618s][info][gc,start       ] GC(417) Pause Young (Allocation Failure)
[210.621s][info][gc,heap        ] GC(417) PSYoungGen: 689408K(691712K)->1344K(691712K) Eden: 684544K(684544K)->0K(684544K) From: 4864K(7168K)->1344K(7168K)
[210.621s][info][gc,heap        ] GC(417) ParOldGen: 25371K(1398272K)->28931K(1398272K)
[210.621s][info][gc,metaspace   ] GC(417) Metaspace: 52748K(53248K)->52748K(53248K) NonClass: 46203K(46464K)->46203K(46464K) Class: 6545K(6784K)->6545K(6784K)
[210.621s][info][gc             ] GC(417) Pause Young (Allocation Failure) 698M->29M(2041M) 2.783ms
[210.621s][info][gc,cpu         ] GC(417) User=0.00s Sys=0.00s Real=0.00s
[211.165s][info][gc,start       ] GC(418) Pause Young (System.gc())
[211.167s][info][gc,heap        ] GC(418) PSYoungGen: 582821K(691712K)->3168K(691712K) Eden: 581477K(684544K)->0K(684544K) From: 1344K(7168K)->3168K(7168K)
[211.167s][info][gc,heap        ] GC(418) ParOldGen: 28931K(1398272K)->29163K(1398272K)
[211.167s][info][gc,metaspace   ] GC(418) Metaspace: 52748K(53248K)->52748K(53248K) NonClass: 46203K(46464K)->46203K(46464K) Class: 6545K(6784K)->6545K(6784K)
[211.167s][info][gc             ] GC(418) Pause Young (System.gc()) 597M->31M(2041M) 2.307ms
[211.167s][info][gc,cpu         ] GC(418) User=0.00s Sys=0.00s Real=0.00s
[211.167s][info][gc,start       ] GC(419) Pause Full (System.gc())
[211.167s][info][gc,phases,start] GC(419) Marking Phase
[211.190s][info][gc,phases      ] GC(419) Marking Phase 22.718ms
[211.190s][info][gc,phases,start] GC(419) Summary Phase
[211.190s][info][gc,phases      ] GC(419) Summary Phase 0.010ms
[211.190s][info][gc,phases,start] GC(419) Adjust Roots
[211.199s][info][gc,phases      ] GC(419) Adjust Roots 9.700ms
[211.199s][info][gc,phases,start] GC(419) Compaction Phase
[211.206s][info][gc,phases      ] GC(419) Compaction Phase 6.089ms
[211.206s][info][gc,phases,start] GC(419) Post Compact
[211.206s][info][gc,phases      ] GC(419) Post Compact 0.427ms
[211.206s][info][gc,heap        ] GC(419) PSYoungGen: 3168K(691712K)->0K(691712K) Eden: 0K(684544K)->0K(684544K) From: 3168K(7168K)->0K(7168K)
[211.206s][info][gc,heap        ] GC(419) ParOldGen: 29163K(1398272K)->25335K(1398272K)
[211.206s][info][gc,metaspace   ] GC(419) Metaspace: 52748K(53248K)->52748K(53248K) NonClass: 46203K(46464K)->46203K(46464K) Class: 6545K(6784K)->6545K(6784K)
[211.206s][info][gc             ] GC(419) Pause Full (System.gc()) 31M->24M(2041M) 39.226ms
[211.206s][info][gc,cpu         ] GC(419) User=0.05s Sys=0.00s Real=0.05s
[211.912s][info][gc,start       ] GC(420) Pause Young (Allocation Failure)
[211.915s][info][gc,heap        ] GC(420) PSYoungGen: 684544K(691712K)->4672K(691712K) Eden: 684544K(684544K)->0K(684544K) From: 0K(7168K)->4672K(7168K)
[211.915s][info][gc,heap        ] GC(420) ParOldGen: 25335K(1398272K)->25335K(1398272K)
[211.915s][info][gc,metaspace   ] GC(420) Metaspace: 52748K(53248K)->52748K(53248K) NonClass: 46203K(46464K)->46203K(46464K) Class: 6545K(6784K)->6545K(6784K)
[211.915s][info][gc             ] GC(420) Pause Young (Allocation Failure) 693M->29M(2041M) 2.897ms
[211.915s][info][gc,cpu         ] GC(420) User=0.00s Sys=0.00s Real=0.00s
[212.535s][info][gc,start       ] GC(421) Pause Young (Allocation Failure)
[212.538s][info][gc,heap        ] GC(421) PSYoungGen: 689216K(691712K)->2112K(691712K) Eden: 684544K(684544K)->0K(684544K) From: 4672K(7168K)->2112K(7168K)
[212.538s][info][gc,heap        ] GC(421) ParOldGen: 25335K(1398272K)->28927K(1398272K)
[212.538s][info][gc,metaspace   ] GC(421) Metaspace: 52748K(53248K)->52748K(53248K) NonClass: 46203K(46464K)->46203K(46464K) Class: 6545K(6784K)->6545K(6784K)
[212.538s][info][gc             ] GC(421) Pause Young (Allocation Failure) 697M->30M(2041M) 3.135ms
[212.538s][info][gc,cpu         ] GC(421) User=0.00s Sys=0.00s Real=0.00s
[213.144s][info][gc,start       ] GC(422) Pause Young (System.gc())
[213.146s][info][gc,heap        ] GC(422) PSYoungGen: 582985K(691712K)->3168K(691712K) Eden: 580873K(684544K)->0K(684544K) From: 2112K(7168K)->3168K(7168K)
[213.146s][info][gc,heap        ] GC(422) ParOldGen: 28927K(1398272K)->29151K(1398272K)
[213.146s][info][gc,metaspace   ] GC(422) Metaspace: 52748K(53248K)->52748K(53248K) NonClass: 46203K(46464K)->46203K(46464K) Class: 6545K(6784K)->6545K(6784K)
[213.146s][info][gc             ] GC(422) Pause Young (System.gc()) 597M->31M(2041M) 2.550ms
[213.146s][info][gc,cpu         ] GC(422) User=0.00s Sys=0.00s Real=0.00s
[213.146s][info][gc,start       ] GC(423) Pause Full (System.gc())
[213.146s][info][gc,phases,start] GC(423) Marking Phase
[213.170s][info][gc,phases      ] GC(423) Marking Phase 23.935ms
[213.170s][info][gc,phases,start] GC(423) Summary Phase
[213.170s][info][gc,phases      ] GC(423) Summary Phase 0.009ms
[213.170s][info][gc,phases,start] GC(423) Adjust Roots
[213.180s][info][gc,phases      ] GC(423) Adjust Roots 9.817ms
[213.180s][info][gc,phases,start] GC(423) Compaction Phase
[213.186s][info][gc,phases      ] GC(423) Compaction Phase 6.001ms
[213.186s][info][gc,phases,start] GC(423) Post Compact
[213.187s][info][gc,phases      ] GC(423) Post Compact 0.414ms
[213.187s][info][gc,heap        ] GC(423) PSYoungGen: 3168K(691712K)->0K(691712K) Eden: 0K(684544K)->0K(684544K) From: 3168K(7168K)->0K(7168K)
[213.187s][info][gc,heap        ] GC(423) ParOldGen: 29151K(1398272K)->25336K(1398272K)
[213.187s][info][gc,metaspace   ] GC(423) Metaspace: 52748K(53248K)->52748K(53248K) NonClass: 46203K(46464K)->46203K(46464K) Class: 6545K(6784K)->6545K(6784K)
[213.187s][info][gc             ] GC(423) Pause Full (System.gc()) 31M->24M(2041M) 40.425ms
[213.187s][info][gc,cpu         ] GC(423) User=0.03s Sys=0.00s Real=0.05s
[213.880s][info][gc,start       ] GC(424) Pause Young (Allocation Failure)
[213.883s][info][gc,heap        ] GC(424) PSYoungGen: 684544K(691712K)->5600K(691200K) Eden: 684544K(684544K)->0K(684544K) From: 0K(7168K)->5600K(6656K)
[213.883s][info][gc,heap        ] GC(424) ParOldGen: 25336K(1398272K)->25336K(1398272K)
[213.883s][info][gc,metaspace   ] GC(424) Metaspace: 52748K(53248K)->52748K(53248K) NonClass: 46203K(46464K)->46203K(46464K) Class: 6545K(6784K)->6545K(6784K)
[213.884s][info][gc             ] GC(424) Pause Young (Allocation Failure) 693M->30M(2040M) 3.385ms
[213.884s][info][gc,cpu         ] GC(424) User=0.00s Sys=0.00s Real=0.00s
[214.508s][info][gc,start       ] GC(425) Pause Young (Allocation Failure)
[214.511s][info][gc,heap        ] GC(425) PSYoungGen: 690144K(691200K)->1984K(691712K) Eden: 684544K(684544K)->0K(684544K) From: 5600K(6656K)->1984K(7168K)
[214.511s][info][gc,heap        ] GC(425) ParOldGen: 25336K(1398272K)->28944K(1398272K)
[214.511s][info][gc,metaspace   ] GC(425) Metaspace: 52748K(53248K)->52748K(53248K) NonClass: 46203K(46464K)->46203K(46464K) Class: 6545K(6784K)->6545K(6784K)
[214.511s][info][gc             ] GC(425) Pause Young (Allocation Failure) 698M->30M(2041M) 2.964ms
[214.511s][info][gc,cpu         ] GC(425) User=0.00s Sys=0.00s Real=0.00s
[215.115s][info][gc,start       ] GC(426) Pause Young (System.gc())
[215.117s][info][gc,heap        ] GC(426) PSYoungGen: 582285K(691712K)->3200K(692224K) Eden: 580301K(684544K)->0K(685056K) From: 1984K(7168K)->3200K(7168K)
[215.117s][info][gc,heap        ] GC(426) ParOldGen: 28944K(1398272K)->29176K(1398272K)
[215.117s][info][gc,metaspace   ] GC(426) Metaspace: 52748K(53248K)->52748K(53248K) NonClass: 46203K(46464K)->46203K(46464K) Class: 6545K(6784K)->6545K(6784K)
[215.117s][info][gc             ] GC(426) Pause Young (System.gc()) 596M->31M(2041M) 2.329ms
[215.117s][info][gc,cpu         ] GC(426) User=0.00s Sys=0.00s Real=0.00s
[215.117s][info][gc,start       ] GC(427) Pause Full (System.gc())
[215.117s][info][gc,phases,start] GC(427) Marking Phase
[215.140s][info][gc,phases      ] GC(427) Marking Phase 22.606ms
[215.140s][info][gc,phases,start] GC(427) Summary Phase
[215.140s][info][gc,phases      ] GC(427) Summary Phase 0.009ms
[215.140s][info][gc,phases,start] GC(427) Adjust Roots
[215.150s][info][gc,phases      ] GC(427) Adjust Roots 9.711ms
[215.150s][info][gc,phases,start] GC(427) Compaction Phase
[215.156s][info][gc,phases      ] GC(427) Compaction Phase 5.745ms
[215.156s][info][gc,phases,start] GC(427) Post Compact
[215.156s][info][gc,phases      ] GC(427) Post Compact 0.458ms
[215.156s][info][gc,heap        ] GC(427) PSYoungGen: 3200K(692224K)->0K(692224K) Eden: 0K(685056K)->0K(685056K) From: 3200K(7168K)->0K(7168K)
[215.156s][info][gc,heap        ] GC(427) ParOldGen: 29176K(1398272K)->25388K(1398272K)
[215.156s][info][gc,metaspace   ] GC(427) Metaspace: 52748K(53248K)->52748K(53248K) NonClass: 46203K(46464K)->46203K(46464K) Class: 6545K(6784K)->6545K(6784K)
[215.156s][info][gc             ] GC(427) Pause Full (System.gc()) 31M->24M(2041M) 38.843ms
[215.156s][info][gc,cpu         ] GC(427) User=0.03s Sys=0.00s Real=0.05s
[215.866s][info][gc,start       ] GC(428) Pause Young (Allocation Failure)
[215.869s][info][gc,heap        ] GC(428) PSYoungGen: 685056K(692224K)->4640K(691712K) Eden: 685056K(685056K)->0K(685056K) From: 0K(7168K)->4640K(6656K)
[215.869s][info][gc,heap        ] GC(428) ParOldGen: 25388K(1398272K)->25388K(1398272K)
[215.869s][info][gc,metaspace   ] GC(428) Metaspace: 52748K(53248K)->52748K(53248K) NonClass: 46203K(46464K)->46203K(46464K) Class: 6545K(6784K)->6545K(6784K)
[215.869s][info][gc             ] GC(428) Pause Young (Allocation Failure) 693M->29M(2041M) 2.776ms
[215.869s][info][gc,cpu         ] GC(428) User=0.00s Sys=0.00s Real=0.00s
[216.497s][info][gc,start       ] GC(429) Pause Young (Allocation Failure)
[216.500s][info][gc,heap        ] GC(429) PSYoungGen: 689696K(691712K)->2208K(691712K) Eden: 685056K(685056K)->0K(684544K) From: 4640K(6656K)->2208K(7168K)
[216.500s][info][gc,heap        ] GC(429) ParOldGen: 25388K(1398272K)->28932K(1398272K)
[216.500s][info][gc,metaspace   ] GC(429) Metaspace: 52748K(53248K)->52748K(53248K) NonClass: 46203K(46464K)->46203K(46464K) Class: 6545K(6784K)->6545K(6784K)
[216.500s][info][gc             ] GC(429) Pause Young (Allocation Failure) 698M->30M(2041M) 3.109ms
[216.500s][info][gc,cpu         ] GC(429) User=0.00s Sys=0.00s Real=0.00s
[217.159s][info][gc,start       ] GC(430) Pause Young (System.gc())
[217.161s][info][gc,heap        ] GC(430) PSYoungGen: 576525K(691712K)->3200K(691712K) Eden: 574317K(684544K)->0K(684544K) From: 2208K(7168K)->3200K(7168K)
[217.161s][info][gc,heap        ] GC(430) ParOldGen: 28932K(1398272K)->29164K(1398272K)
[217.161s][info][gc,metaspace   ] GC(430) Metaspace: 52748K(53248K)->52748K(53248K) NonClass: 46203K(46464K)->46203K(46464K) Class: 6545K(6784K)->6545K(6784K)
[217.161s][info][gc             ] GC(430) Pause Young (System.gc()) 591M->31M(2041M) 2.251ms
[217.161s][info][gc,cpu         ] GC(430) User=0.00s Sys=0.00s Real=0.00s
[217.161s][info][gc,start       ] GC(431) Pause Full (System.gc())
[217.161s][info][gc,phases,start] GC(431) Marking Phase
[217.183s][info][gc,phases      ] GC(431) Marking Phase 21.473ms
[217.183s][info][gc,phases,start] GC(431) Summary Phase
[217.183s][info][gc,phases      ] GC(431) Summary Phase 0.010ms
[217.183s][info][gc,phases,start] GC(431) Adjust Roots
[217.193s][info][gc,phases      ] GC(431) Adjust Roots 10.404ms
[217.193s][info][gc,phases,start] GC(431) Compaction Phase
[217.199s][info][gc,phases      ] GC(431) Compaction Phase 5.893ms
[217.199s][info][gc,phases,start] GC(431) Post Compact
[217.200s][info][gc,phases      ] GC(431) Post Compact 0.433ms
[217.200s][info][gc,heap        ] GC(431) PSYoungGen: 3200K(691712K)->0K(691712K) Eden: 0K(684544K)->0K(684544K) From: 3200K(7168K)->0K(7168K)
[217.200s][info][gc,heap        ] GC(431) ParOldGen: 29164K(1398272K)->25343K(1398272K)
[217.200s][info][gc,metaspace   ] GC(431) Metaspace: 52748K(53248K)->52748K(53248K) NonClass: 46203K(46464K)->46203K(46464K) Class: 6545K(6784K)->6545K(6784K)
[217.200s][info][gc             ] GC(431) Pause Full (System.gc()) 31M->24M(2041M) 38.479ms
[217.200s][info][gc,cpu         ] GC(431) User=0.00s Sys=0.00s Real=0.03s
[217.895s][info][gc,start       ] GC(432) Pause Young (Allocation Failure)
[217.898s][info][gc,heap        ] GC(432) PSYoungGen: 684544K(691712K)->5440K(691200K) Eden: 684544K(684544K)->0K(684544K) From: 0K(7168K)->5440K(6656K)
[217.898s][info][gc,heap        ] GC(432) ParOldGen: 25343K(1398272K)->25343K(1398272K)
[217.898s][info][gc,metaspace   ] GC(432) Metaspace: 52748K(53248K)->52748K(53248K) NonClass: 46203K(46464K)->46203K(46464K) Class: 6545K(6784K)->6545K(6784K)
[217.898s][info][gc             ] GC(432) Pause Young (Allocation Failure) 693M->30M(2040M) 3.164ms
[217.898s][info][gc,cpu         ] GC(432) User=0.00s Sys=0.00s Real=0.00s
[218.521s][info][gc,start       ] GC(433) Pause Young (Allocation Failure)
[218.524s][info][gc,heap        ] GC(433) PSYoungGen: 689984K(691200K)->1696K(691712K) Eden: 684544K(684544K)->0K(684544K) From: 5440K(6656K)->1696K(7168K)
[218.524s][info][gc,heap        ] GC(433) ParOldGen: 25343K(1398272K)->28951K(1398272K)
[218.524s][info][gc,metaspace   ] GC(433) Metaspace: 52748K(53248K)->52748K(53248K) NonClass: 46203K(46464K)->46203K(46464K) Class: 6545K(6784K)->6545K(6784K)
[218.524s][info][gc             ] GC(433) Pause Young (Allocation Failure) 698M->29M(2041M) 2.949ms
[218.524s][info][gc,cpu         ] GC(433) User=0.00s Sys=0.00s Real=0.00s
[219.128s][info][gc,start       ] GC(434) Pause Young (System.gc())
[219.131s][info][gc,heap        ] GC(434) PSYoungGen: 574493K(691712K)->3104K(692224K) Eden: 572797K(684544K)->0K(685056K) From: 1696K(7168K)->3104K(7168K)
[219.132s][info][gc,heap        ] GC(434) ParOldGen: 28951K(1398272K)->29175K(1398272K)
[219.132s][info][gc,metaspace   ] GC(434) Metaspace: 52750K(53248K)->52750K(53248K) NonClass: 46204K(46464K)->46204K(46464K) Class: 6545K(6784K)->6545K(6784K)
[219.132s][info][gc             ] GC(434) Pause Young (System.gc()) 589M->31M(2041M) 3.556ms
[219.132s][info][gc,cpu         ] GC(434) User=0.00s Sys=0.00s Real=0.00s
[219.132s][info][gc,start       ] GC(435) Pause Full (System.gc())
[219.132s][info][gc,phases,start] GC(435) Marking Phase
[219.156s][info][gc,phases      ] GC(435) Marking Phase 24.133ms
[219.156s][info][gc,phases,start] GC(435) Summary Phase
[219.156s][info][gc,phases      ] GC(435) Summary Phase 0.010ms
[219.156s][info][gc,phases,start] GC(435) Adjust Roots
[219.165s][info][gc,phases      ] GC(435) Adjust Roots 9.584ms
[219.165s][info][gc,phases,start] GC(435) Compaction Phase
[219.172s][info][gc,phases      ] GC(435) Compaction Phase 6.121ms
[219.172s][info][gc,phases,start] GC(435) Post Compact
[219.172s][info][gc,phases      ] GC(435) Post Compact 0.490ms
[219.172s][info][gc,heap        ] GC(435) PSYoungGen: 3104K(692224K)->0K(692224K) Eden: 0K(685056K)->0K(685056K) From: 3104K(7168K)->0K(7168K)
[219.172s][info][gc,heap        ] GC(435) ParOldGen: 29175K(1398272K)->25320K(1398272K)
[219.172s][info][gc,metaspace   ] GC(435) Metaspace: 52750K(53248K)->52750K(53248K) NonClass: 46204K(46464K)->46204K(46464K) Class: 6545K(6784K)->6545K(6784K)
[219.172s][info][gc             ] GC(435) Pause Full (System.gc()) 31M->24M(2041M) 40.618ms
[219.172s][info][gc,cpu         ] GC(435) User=0.00s Sys=0.00s Real=0.03s
[219.867s][info][gc,start       ] GC(436) Pause Young (Allocation Failure)
[219.870s][info][gc,heap        ] GC(436) PSYoungGen: 685056K(692224K)->5056K(691712K) Eden: 685056K(685056K)->0K(685056K) From: 0K(7168K)->5056K(6656K)
[219.870s][info][gc,heap        ] GC(436) ParOldGen: 25320K(1398272K)->25320K(1398272K)
[219.870s][info][gc,metaspace   ] GC(436) Metaspace: 52750K(53248K)->52750K(53248K) NonClass: 46204K(46464K)->46204K(46464K) Class: 6545K(6784K)->6545K(6784K)
[219.870s][info][gc             ] GC(436) Pause Young (Allocation Failure) 693M->29M(2041M) 3.135ms
[219.870s][info][gc,cpu         ] GC(436) User=0.00s Sys=0.00s Real=0.00s
[220.485s][info][gc,start       ] GC(437) Pause Young (Allocation Failure)
[220.488s][info][gc,heap        ] GC(437) PSYoungGen: 690112K(691712K)->1824K(691712K) Eden: 685056K(685056K)->0K(684544K) From: 5056K(6656K)->1824K(7168K)
[220.488s][info][gc,heap        ] GC(437) ParOldGen: 25320K(1398272K)->28928K(1398272K)
[220.488s][info][gc,metaspace   ] GC(437) Metaspace: 52750K(53248K)->52750K(53248K) NonClass: 46204K(46464K)->46204K(46464K) Class: 6545K(6784K)->6545K(6784K)
[220.488s][info][gc             ] GC(437) Pause Young (Allocation Failure) 698M->30M(2041M) 3.105ms
[220.488s][info][gc,cpu         ] GC(437) User=0.00s Sys=0.00s Real=0.00s
[221.110s][info][gc,start       ] GC(438) Pause Young (System.gc())
[221.112s][info][gc,heap        ] GC(438) PSYoungGen: 576710K(691712K)->3136K(691712K) Eden: 574886K(684544K)->0K(684544K) From: 1824K(7168K)->3136K(7168K)
[221.112s][info][gc,heap        ] GC(438) ParOldGen: 28928K(1398272K)->29144K(1398272K)
[221.112s][info][gc,metaspace   ] GC(438) Metaspace: 52761K(53248K)->52761K(53248K) NonClass: 46216K(46464K)->46216K(46464K) Class: 6545K(6784K)->6545K(6784K)
[221.112s][info][gc             ] GC(438) Pause Young (System.gc()) 591M->31M(2041M) 2.364ms
[221.112s][info][gc,cpu         ] GC(438) User=0.00s Sys=0.00s Real=0.00s
[221.112s][info][gc,start       ] GC(439) Pause Full (System.gc())
[221.112s][info][gc,phases,start] GC(439) Marking Phase
[221.137s][info][gc,phases      ] GC(439) Marking Phase 24.021ms
[221.137s][info][gc,phases,start] GC(439) Summary Phase
[221.137s][info][gc,phases      ] GC(439) Summary Phase 0.010ms
[221.137s][info][gc,phases,start] GC(439) Adjust Roots
[221.146s][info][gc,phases      ] GC(439) Adjust Roots 9.453ms
[221.147s][info][gc,phases,start] GC(439) Compaction Phase
[221.152s][info][gc,phases      ] GC(439) Compaction Phase 4.895ms
[221.152s][info][gc,phases,start] GC(439) Post Compact
[221.152s][info][gc,phases      ] GC(439) Post Compact 0.440ms
[221.152s][info][gc,heap        ] GC(439) PSYoungGen: 3136K(691712K)->0K(691712K) Eden: 0K(684544K)->0K(684544K) From: 3136K(7168K)->0K(7168K)
[221.152s][info][gc,heap        ] GC(439) ParOldGen: 29144K(1398272K)->25365K(1398272K)
[221.152s][info][gc,metaspace   ] GC(439) Metaspace: 52761K(53248K)->52761K(53248K) NonClass: 46216K(46464K)->46216K(46464K) Class: 6545K(6784K)->6545K(6784K)
[221.152s][info][gc             ] GC(439) Pause Full (System.gc()) 31M->24M(2041M) 39.989ms
[221.153s][info][gc,cpu         ] GC(439) User=0.02s Sys=0.00s Real=0.05s
[221.835s][info][gc,start       ] GC(440) Pause Young (Allocation Failure)
[221.839s][info][gc,heap        ] GC(440) PSYoungGen: 684544K(691712K)->5504K(691200K) Eden: 684544K(684544K)->0K(684544K) From: 0K(7168K)->5504K(6656K)
[221.839s][info][gc,heap        ] GC(440) ParOldGen: 25365K(1398272K)->25365K(1398272K)
[221.839s][info][gc,metaspace   ] GC(440) Metaspace: 52761K(53248K)->52761K(53248K) NonClass: 46216K(46464K)->46216K(46464K) Class: 6545K(6784K)->6545K(6784K)
[221.839s][info][gc             ] GC(440) Pause Young (Allocation Failure) 693M->30M(2040M) 3.194ms
[221.839s][info][gc,cpu         ] GC(440) User=0.00s Sys=0.00s Real=0.00s
[222.460s][info][gc,start       ] GC(441) Pause Young (Allocation Failure)
[222.463s][info][gc,heap        ] GC(441) PSYoungGen: 690048K(691200K)->1920K(691712K) Eden: 684544K(684544K)->0K(684544K) From: 5504K(6656K)->1920K(7168K)
[222.464s][info][gc,heap        ] GC(441) ParOldGen: 25365K(1398272K)->28949K(1398272K)
[222.464s][info][gc,metaspace   ] GC(441) Metaspace: 52761K(53248K)->52761K(53248K) NonClass: 46216K(46464K)->46216K(46464K) Class: 6545K(6784K)->6545K(6784K)
[222.464s][info][gc             ] GC(441) Pause Young (Allocation Failure) 698M->30M(2041M) 3.095ms
[222.464s][info][gc,cpu         ] GC(441) User=0.00s Sys=0.00s Real=0.00s
[223.033s][info][gc,start       ] GC(442) Pause Young (System.gc())
[223.036s][info][gc,heap        ] GC(442) PSYoungGen: 577322K(691712K)->3168K(692224K) Eden: 575401K(684544K)->0K(685056K) From: 1920K(7168K)->3168K(7168K)
[223.036s][info][gc,heap        ] GC(442) ParOldGen: 28949K(1398272K)->29173K(1398272K)
[223.036s][info][gc,metaspace   ] GC(442) Metaspace: 52761K(53248K)->52761K(53248K) NonClass: 46216K(46464K)->46216K(46464K) Class: 6545K(6784K)->6545K(6784K)
[223.036s][info][gc             ] GC(442) Pause Young (System.gc()) 592M->31M(2041M) 2.984ms
[223.036s][info][gc,cpu         ] GC(442) User=0.00s Sys=0.00s Real=0.00s
[223.036s][info][gc,start       ] GC(443) Pause Full (System.gc())
[223.036s][info][gc,phases,start] GC(443) Marking Phase
[223.059s][info][gc,phases      ] GC(443) Marking Phase 22.231ms
[223.059s][info][gc,phases,start] GC(443) Summary Phase
[223.059s][info][gc,phases      ] GC(443) Summary Phase 0.010ms
[223.059s][info][gc,phases,start] GC(443) Adjust Roots
[223.068s][info][gc,phases      ] GC(443) Adjust Roots 9.431ms
[223.068s][info][gc,phases,start] GC(443) Compaction Phase
[223.075s][info][gc,phases      ] GC(443) Compaction Phase 6.325ms
[223.075s][info][gc,phases,start] GC(443) Post Compact
[223.075s][info][gc,phases      ] GC(443) Post Compact 0.414ms
[223.075s][info][gc,heap        ] GC(443) PSYoungGen: 3168K(692224K)->0K(692224K) Eden: 0K(685056K)->0K(685056K) From: 3168K(7168K)->0K(7168K)
[223.075s][info][gc,heap        ] GC(443) ParOldGen: 29173K(1398272K)->25376K(1398272K)
[223.075s][info][gc,metaspace   ] GC(443) Metaspace: 52761K(53248K)->52761K(53248K) NonClass: 46216K(46464K)->46216K(46464K) Class: 6545K(6784K)->6545K(6784K)
[223.075s][info][gc             ] GC(443) Pause Full (System.gc()) 31M->24M(2041M) 38.669ms
[223.075s][info][gc,cpu         ] GC(443) User=0.03s Sys=0.00s Real=0.05s
[223.820s][info][gc,start       ] GC(444) Pause Young (Allocation Failure)
[223.823s][info][gc,heap        ] GC(444) PSYoungGen: 685056K(692224K)->5152K(691712K) Eden: 685056K(685056K)->0K(685056K) From: 0K(7168K)->5152K(6656K)
[223.823s][info][gc,heap        ] GC(444) ParOldGen: 25376K(1398272K)->25376K(1398272K)
[223.823s][info][gc,metaspace   ] GC(444) Metaspace: 52761K(53248K)->52761K(53248K) NonClass: 46216K(46464K)->46216K(46464K) Class: 6545K(6784K)->6545K(6784K)
[223.823s][info][gc             ] GC(444) Pause Young (Allocation Failure) 693M->29M(2041M) 3.047ms
[223.823s][info][gc,cpu         ] GC(444) User=0.00s Sys=0.00s Real=0.00s
[224.440s][info][gc,start       ] GC(445) Pause Young (Allocation Failure)
[224.443s][info][gc,heap        ] GC(445) PSYoungGen: 690208K(691712K)->1472K(691712K) Eden: 685056K(685056K)->0K(684544K) From: 5152K(6656K)->1472K(7168K)
[224.443s][info][gc,heap        ] GC(445) ParOldGen: 25376K(1398272K)->28984K(1398272K)
[224.443s][info][gc,metaspace   ] GC(445) Metaspace: 52762K(53248K)->52762K(53248K) NonClass: 46217K(46464K)->46217K(46464K) Class: 6545K(6784K)->6545K(6784K)
[224.443s][info][gc             ] GC(445) Pause Young (Allocation Failure) 698M->29M(2041M) 3.031ms
[224.443s][info][gc,cpu         ] GC(445) User=0.00s Sys=0.00s Real=0.00s
[224.996s][info][gc,start       ] GC(446) Pause Young (System.gc())
[224.998s][info][gc,heap        ] GC(446) PSYoungGen: 580090K(691712K)->3136K(691712K) Eden: 578618K(684544K)->0K(684544K) From: 1472K(7168K)->3136K(7168K)
[224.998s][info][gc,heap        ] GC(446) ParOldGen: 28984K(1398272K)->29216K(1398272K)
[224.998s][info][gc,metaspace   ] GC(446) Metaspace: 52762K(53248K)->52762K(53248K) NonClass: 46217K(46464K)->46217K(46464K) Class: 6545K(6784K)->6545K(6784K)
[224.998s][info][gc             ] GC(446) Pause Young (System.gc()) 594M->31M(2041M) 2.309ms
[224.998s][info][gc,cpu         ] GC(446) User=0.00s Sys=0.00s Real=0.00s
[224.998s][info][gc,start       ] GC(447) Pause Full (System.gc())
[224.998s][info][gc,phases,start] GC(447) Marking Phase
[225.021s][info][gc,phases      ] GC(447) Marking Phase 23.238ms
[225.022s][info][gc,phases,start] GC(447) Summary Phase
[225.022s][info][gc,phases      ] GC(447) Summary Phase 0.010ms
[225.022s][info][gc,phases,start] GC(447) Adjust Roots
[225.031s][info][gc,phases      ] GC(447) Adjust Roots 9.260ms
[225.031s][info][gc,phases,start] GC(447) Compaction Phase
[225.038s][info][gc,phases      ] GC(447) Compaction Phase 7.044ms
[225.038s][info][gc,phases,start] GC(447) Post Compact
[225.038s][info][gc,phases      ] GC(447) Post Compact 0.401ms
[225.038s][info][gc,heap        ] GC(447) PSYoungGen: 3136K(691712K)->0K(691712K) Eden: 0K(684544K)->0K(684544K) From: 3136K(7168K)->0K(7168K)
[225.038s][info][gc,heap        ] GC(447) ParOldGen: 29216K(1398272K)->25380K(1398272K)
[225.038s][info][gc,metaspace   ] GC(447) Metaspace: 52762K(53248K)->52762K(53248K) NonClass: 46217K(46464K)->46217K(46464K) Class: 6545K(6784K)->6545K(6784K)
[225.038s][info][gc             ] GC(447) Pause Full (System.gc()) 31M->24M(2041M) 40.235ms
[225.038s][info][gc,cpu         ] GC(447) User=0.03s Sys=0.00s Real=0.05s
[225.814s][info][gc,start       ] GC(448) Pause Young (Allocation Failure)
[225.817s][info][gc,heap        ] GC(448) PSYoungGen: 684544K(691712K)->5440K(691200K) Eden: 684544K(684544K)->0K(684544K) From: 0K(7168K)->5440K(6656K)
[225.817s][info][gc,heap        ] GC(448) ParOldGen: 25380K(1398272K)->25380K(1398272K)
[225.817s][info][gc,metaspace   ] GC(448) Metaspace: 52762K(53248K)->52762K(53248K) NonClass: 46217K(46464K)->46217K(46464K) Class: 6545K(6784K)->6545K(6784K)
[225.817s][info][gc             ] GC(448) Pause Young (Allocation Failure) 693M->30M(2040M) 3.165ms
[225.817s][info][gc,cpu         ] GC(448) User=0.00s Sys=0.00s Real=0.00s
[226.446s][info][gc,start       ] GC(449) Pause Young (Allocation Failure)
[226.449s][info][gc,heap        ] GC(449) PSYoungGen: 689984K(691200K)->2400K(691712K) Eden: 684544K(684544K)->0K(684544K) From: 5440K(6656K)->2400K(7168K)
[226.449s][info][gc,heap        ] GC(449) ParOldGen: 25380K(1398272K)->29004K(1398272K)
[226.449s][info][gc,metaspace   ] GC(449) Metaspace: 52762K(53248K)->52762K(53248K) NonClass: 46217K(46464K)->46217K(46464K) Class: 6545K(6784K)->6545K(6784K)
[226.449s][info][gc             ] GC(449) Pause Young (Allocation Failure) 698M->30M(2041M) 3.183ms
[226.449s][info][gc,cpu         ] GC(449) User=0.00s Sys=0.00s Real=0.00s
[227.021s][info][gc,start       ] GC(450) Pause Young (System.gc())
[227.024s][info][gc,heap        ] GC(450) PSYoungGen: 577077K(691712K)->3136K(692224K) Eden: 574677K(684544K)->0K(685056K) From: 2400K(7168K)->3136K(7168K)
[227.024s][info][gc,heap        ] GC(450) ParOldGen: 29004K(1398272K)->29236K(1398272K)
[227.024s][info][gc,metaspace   ] GC(450) Metaspace: 52762K(53248K)->52762K(53248K) NonClass: 46217K(46464K)->46217K(46464K) Class: 6545K(6784K)->6545K(6784K)
[227.024s][info][gc             ] GC(450) Pause Young (System.gc()) 591M->31M(2041M) 2.429ms
[227.024s][info][gc,cpu         ] GC(450) User=0.02s Sys=0.00s Real=0.02s
[227.024s][info][gc,start       ] GC(451) Pause Full (System.gc())
[227.024s][info][gc,phases,start] GC(451) Marking Phase
[227.045s][info][gc,phases      ] GC(451) Marking Phase 21.614ms
[227.045s][info][gc,phases,start] GC(451) Summary Phase
[227.045s][info][gc,phases      ] GC(451) Summary Phase 0.009ms
[227.045s][info][gc,phases,start] GC(451) Adjust Roots
[227.055s][info][gc,phases      ] GC(451) Adjust Roots 9.530ms
[227.055s][info][gc,phases,start] GC(451) Compaction Phase
[227.062s][info][gc,phases      ] GC(451) Compaction Phase 6.567ms
[227.062s][info][gc,phases,start] GC(451) Post Compact
[227.062s][info][gc,phases      ] GC(451) Post Compact 0.450ms
[227.062s][info][gc,heap        ] GC(451) PSYoungGen: 3136K(692224K)->0K(692224K) Eden: 0K(685056K)->0K(685056K) From: 3136K(7168K)->0K(7168K)
[227.062s][info][gc,heap        ] GC(451) ParOldGen: 29236K(1398272K)->25422K(1398272K)
[227.062s][info][gc,metaspace   ] GC(451) Metaspace: 52762K(53248K)->52762K(53248K) NonClass: 46217K(46464K)->46217K(46464K) Class: 6545K(6784K)->6545K(6784K)
[227.062s][info][gc             ] GC(451) Pause Full (System.gc()) 31M->24M(2041M) 38.440ms
[227.062s][info][gc,cpu         ] GC(451) User=0.00s Sys=0.00s Real=0.03s
[227.842s][info][gc,start       ] GC(452) Pause Young (Allocation Failure)
[227.845s][info][gc,heap        ] GC(452) PSYoungGen: 685056K(692224K)->5216K(691712K) Eden: 685056K(685056K)->0K(685056K) From: 0K(7168K)->5216K(6656K)
[227.845s][info][gc,heap        ] GC(452) ParOldGen: 25422K(1398272K)->25422K(1398272K)
[227.845s][info][gc,metaspace   ] GC(452) Metaspace: 52762K(53248K)->52762K(53248K) NonClass: 46217K(46464K)->46217K(46464K) Class: 6545K(6784K)->6545K(6784K)
[227.845s][info][gc             ] GC(452) Pause Young (Allocation Failure) 693M->29M(2041M) 3.033ms
[227.845s][info][gc,cpu         ] GC(452) User=0.00s Sys=0.00s Real=0.00s
[228.466s][info][gc,start       ] GC(453) Pause Young (Allocation Failure)
[228.469s][info][gc,heap        ] GC(453) PSYoungGen: 690272K(691712K)->2816K(691712K) Eden: 685056K(685056K)->0K(684544K) From: 5216K(6656K)->2816K(7168K)
[228.469s][info][gc,heap        ] GC(453) ParOldGen: 25422K(1398272K)->29014K(1398272K)
[228.469s][info][gc,metaspace   ] GC(453) Metaspace: 52762K(53248K)->52762K(53248K) NonClass: 46217K(46464K)->46217K(46464K) Class: 6545K(6784K)->6545K(6784K)
[228.469s][info][gc             ] GC(453) Pause Young (Allocation Failure) 698M->31M(2041M) 3.246ms
[228.469s][info][gc,cpu         ] GC(453) User=0.02s Sys=0.00s Real=0.00s
[229.042s][info][gc,heap,exit   ] Heap
[229.042s][info][gc,heap,exit   ]  PSYoungGen      total 691712K, used 578308K [0x00000000d5580000, 0x0000000100000000, 0x0000000100000000)
[229.042s][info][gc,heap,exit   ]   eden space 684544K, 84% used [0x00000000d5580000,0x00000000f8781068,0x00000000ff200000)
[229.042s][info][gc,heap,exit   ]   from space 7168K, 39% used [0x00000000ff900000,0x00000000ffbc0040,0x0000000100000000)
[229.042s][info][gc,heap,exit   ]   to   space 7168K, 0% used [0x00000000ff200000,0x00000000ff200000,0x00000000ff900000)
[229.042s][info][gc,heap,exit   ]  ParOldGen       total 1398272K, used 29014K [0x0000000080000000, 0x00000000d5580000, 0x00000000d5580000)
[229.042s][info][gc,heap,exit   ]   object space 1398272K, 2% used [0x0000000080000000,0x0000000081c55b08,0x00000000d5580000)
[229.042s][info][gc,heap,exit   ]  Metaspace       used 52860K, committed 53312K, reserved 1114112K
[229.042s][info][gc,heap,exit   ]   class space    used 6567K, committed 6784K, reserved 1048576K
