[0.009s][info][gc] Using Parallel
[0.028s][info][gc,init] Version: 17.0.12+7-adhoc..jdk17u (release)
[0.028s][info][gc,init] CPUs: 6 total, 6 available
[0.028s][info][gc,init] Memory: 15591M
[0.028s][info][gc,init] Large Page Support: Disabled
[0.028s][info][gc,init] NUMA Support: Disabled
[0.028s][info][gc,init] Compressed Oops: Enabled (Zero based)
[0.028s][info][gc,init] Alignments: Space 512K, Generation 512K, Heap 2M
[0.028s][info][gc,init] Heap Min Capacity: 8G
[0.028s][info][gc,init] Heap Initial Capacity: 8G
[0.028s][info][gc,init] Heap Max Capacity: 8G
[0.028s][info][gc,init] Pre-touch: Disabled
[0.028s][info][gc,init] Parallel Workers: 6
[0.038s][info][gc,metaspace] CDS archive(s) mapped at: [0x0000019ce0000000-0x0000019ce0bc0000-0x0000019ce0bc0000), size 12320768, SharedBaseAddress: 0x0000019ce0000000, ArchiveRelocationMode: 1.
[0.038s][info][gc,metaspace] Compressed class space mapped at: 0x0000019ce1000000-0x0000019d21000000, reserved size: 1073741824
[0.038s][info][gc,metaspace] Narrow klass base: 0x0000019ce0000000, Narrow klass shift: 0, Narrow klass range: 0x100000000
[1.053s][info][gc,start    ] GC(0) Pause Young (System.gc())
[1.057s][info][gc,heap     ] GC(0) PSYoungGen: 125860K(2446848K)->5444K(2446848K) Eden: 125860K(2097664K)->0K(2097664K) From: 0K(349184K)->5444K(349184K)
[1.057s][info][gc,heap     ] GC(0) ParOldGen: 0K(5592576K)->16K(5592576K)
[1.057s][info][gc,metaspace] GC(0) Metaspace: 12552K(12800K)->12552K(12800K) NonClass: 10896K(11008K)->10896K(11008K) Class: 1655K(1792K)->1655K(1792K)
[1.057s][info][gc          ] GC(0) Pause Young (System.gc()) 122M->5M(7851M) 3.788ms
[1.057s][info][gc,cpu      ] GC(0) User=0.06s Sys=0.03s Real=0.01s
[1.057s][info][gc,start    ] GC(1) Pause Full (System.gc())
[1.057s][info][gc,phases,start] GC(1) Marking Phase
[1.060s][info][gc,phases      ] GC(1) Marking Phase 3.057ms
[1.060s][info][gc,phases,start] GC(1) Summary Phase
[1.060s][info][gc,phases      ] GC(1) Summary Phase 0.015ms
[1.060s][info][gc,phases,start] GC(1) Adjust Roots
[1.061s][info][gc,phases      ] GC(1) Adjust Roots 1.209ms
[1.061s][info][gc,phases,start] GC(1) Compaction Phase
[1.064s][info][gc,phases      ] GC(1) Compaction Phase 3.016ms
[1.064s][info][gc,phases,start] GC(1) Post Compact
[1.065s][info][gc,phases      ] GC(1) Post Compact 0.960ms
[1.065s][info][gc,heap        ] GC(1) PSYoungGen: 5444K(2446848K)->0K(2446848K) Eden: 0K(2097664K)->0K(2097664K) From: 5444K(349184K)->0K(349184K)
[1.065s][info][gc,heap        ] GC(1) ParOldGen: 16K(5592576K)->5329K(5592576K)
[1.065s][info][gc,metaspace   ] GC(1) Metaspace: 12552K(12800K)->12552K(12800K) NonClass: 10896K(11008K)->10896K(11008K) Class: 1655K(1792K)->1655K(1792K)
[1.065s][info][gc             ] GC(1) Pause Full (System.gc()) 5M->5M(7851M) 8.444ms
[1.065s][info][gc,cpu         ] GC(1) User=0.00s Sys=0.00s Real=0.01s
[3.163s][info][gc,start       ] GC(2) Pause Young (Allocation Failure)
[3.301s][info][gc,heap        ] GC(2) PSYoungGen: 2097664K(2446848K)->184400K(2446848K) Eden: 2097664K(2097664K)->0K(2097664K) From: 0K(349184K)->184400K(349184K)
[3.302s][info][gc,heap        ] GC(2) ParOldGen: 5329K(5592576K)->5337K(5592576K)
[3.302s][info][gc,metaspace   ] GC(2) Metaspace: 20802K(20992K)->20802K(20992K) NonClass: 18074K(18176K)->18074K(18176K) Class: 2728K(2816K)->2728K(2816K)
[3.302s][info][gc             ] GC(2) Pause Young (Allocation Failure) 2053M->185M(7851M) 138.062ms
[3.302s][info][gc,cpu         ] GC(2) User=0.66s Sys=0.11s Real=0.14s
[5.224s][info][gc,start       ] GC(3) Pause Young (Allocation Failure)
[5.307s][info][gc,heap        ] GC(3) PSYoungGen: 2282064K(2446848K)->101168K(2446848K) Eden: 2097664K(2097664K)->0K(2097664K) From: 184400K(349184K)->101168K(349184K)
[5.307s][info][gc,heap        ] GC(3) ParOldGen: 5337K(5592576K)->5345K(5592576K)
[5.307s][info][gc,metaspace   ] GC(3) Metaspace: 21111K(21376K)->21111K(21376K) NonClass: 18339K(18496K)->18339K(18496K) Class: 2771K(2880K)->2771K(2880K)
[5.307s][info][gc             ] GC(3) Pause Young (Allocation Failure) 2233M->104M(7851M) 83.061ms
[5.307s][info][gc,cpu         ] GC(3) User=0.50s Sys=0.06s Real=0.08s
[6.364s][info][gc,start       ] GC(4) Pause Young (Allocation Failure)
[6.480s][info][gc,heap        ] GC(4) PSYoungGen: 2198832K(2446848K)->171824K(2446848K) Eden: 2097664K(2097664K)->0K(2097664K) From: 101168K(349184K)->171824K(349184K)
[6.480s][info][gc,heap        ] GC(4) ParOldGen: 5345K(5592576K)->5353K(5592576K)
[6.480s][info][gc,metaspace   ] GC(4) Metaspace: 21136K(21376K)->21136K(21376K) NonClass: 18364K(18496K)->18364K(18496K) Class: 2771K(2880K)->2771K(2880K)
[6.480s][info][gc             ] GC(4) Pause Young (Allocation Failure) 2152M->173M(7851M) 116.182ms
[6.480s][info][gc,cpu         ] GC(4) User=0.69s Sys=0.06s Real=0.12s
[7.627s][info][gc,start       ] GC(5) Pause Young (Allocation Failure)
[7.757s][info][gc,heap        ] GC(5) PSYoungGen: 2269488K(2446848K)->184992K(2446848K) Eden: 2097664K(2097664K)->0K(2097664K) From: 171824K(349184K)->184992K(349184K)
[7.757s][info][gc,heap        ] GC(5) ParOldGen: 5353K(5592576K)->5361K(5592576K)
[7.757s][info][gc,metaspace   ] GC(5) Metaspace: 21184K(21504K)->21184K(21504K) NonClass: 18412K(18624K)->18412K(18624K) Class: 2771K(2880K)->2771K(2880K)
[7.757s][info][gc             ] GC(5) Pause Young (Allocation Failure) 2221M->185M(7851M) 129.465ms
[7.757s][info][gc,cpu         ] GC(5) User=0.75s Sys=0.00s Real=0.13s
[9.256s][info][gc,start       ] GC(6) Pause Young (Metadata GC Threshold)
[9.333s][info][gc,heap        ] GC(6) PSYoungGen: 1756028K(2446848K)->97808K(2554880K) Eden: 1571036K(2097664K)->0K(2205696K) From: 184992K(349184K)->97808K(349184K)
[9.333s][info][gc,heap        ] GC(6) ParOldGen: 5361K(5592576K)->5369K(5592576K)
[9.333s][info][gc,metaspace   ] GC(6) Metaspace: 21279K(21504K)->21279K(21504K) NonClass: 18504K(18624K)->18504K(18624K) Class: 2775K(2880K)->2775K(2880K)
[9.333s][info][gc             ] GC(6) Pause Young (Metadata GC Threshold) 1720M->100M(7956M) 76.683ms
[9.333s][info][gc,cpu         ] GC(6) User=0.44s Sys=0.03s Real=0.09s
[9.333s][info][gc,start       ] GC(7) Pause Full (Metadata GC Threshold)
[9.333s][info][gc,phases,start] GC(7) Marking Phase
[9.367s][info][gc,phases      ] GC(7) Marking Phase 34.251ms
[9.367s][info][gc,phases,start] GC(7) Summary Phase
[9.367s][info][gc,phases      ] GC(7) Summary Phase 0.034ms
[9.367s][info][gc,phases,start] GC(7) Adjust Roots
[9.370s][info][gc,phases      ] GC(7) Adjust Roots 3.039ms
[9.370s][info][gc,phases,start] GC(7) Compaction Phase
[9.496s][info][gc,phases      ] GC(7) Compaction Phase 125.114ms
[9.496s][info][gc,phases,start] GC(7) Post Compact
[9.497s][info][gc,phases      ] GC(7) Post Compact 1.163ms
[9.497s][info][gc,heap        ] GC(7) PSYoungGen: 97808K(2554880K)->0K(2554880K) Eden: 0K(2205696K)->0K(2205696K) From: 97808K(349184K)->0K(349184K)
[9.497s][info][gc,heap        ] GC(7) ParOldGen: 5369K(5592576K)->102847K(5592576K)
[9.497s][info][gc,metaspace   ] GC(7) Metaspace: 21279K(21504K)->21277K(21504K) NonClass: 18504K(18624K)->18502K(18624K) Class: 2775K(2880K)->2774K(2880K)
[9.497s][info][gc             ] GC(7) Pause Full (Metadata GC Threshold) 100M->100M(7956M) 163.852ms
[9.497s][info][gc,cpu         ] GC(7) User=0.91s Sys=0.05s Real=0.16s
[10.765s][info][gc,start       ] GC(8) Pause Young (Allocation Failure)
[10.883s][info][gc,heap        ] GC(8) PSYoungGen: 2205696K(2554880K)->172592K(2446848K) Eden: 2205696K(2205696K)->0K(2205696K) From: 0K(349184K)->172592K(241152K)
[10.884s][info][gc,heap        ] GC(8) ParOldGen: 102847K(5592576K)->102855K(5592576K)
[10.884s][info][gc,metaspace   ] GC(8) Metaspace: 21337K(21568K)->21337K(21568K) NonClass: 18557K(18688K)->18557K(18688K) Class: 2780K(2880K)->2780K(2880K)
[10.884s][info][gc             ] GC(8) Pause Young (Allocation Failure) 2254M->268M(7851M) 118.685ms
[10.884s][info][gc,cpu         ] GC(8) User=0.70s Sys=0.03s Real=0.12s
[12.647s][info][gc,start       ] GC(9) Pause Young (System.gc())
[12.721s][info][gc,heap        ] GC(9) PSYoungGen: 2086101K(2446848K)->96928K(2554368K) Eden: 1913509K(2205696K)->0K(2305536K) From: 172592K(241152K)->96928K(248832K)
[12.722s][info][gc,heap        ] GC(9) ParOldGen: 102855K(5592576K)->102863K(5592576K)
[12.722s][info][gc,metaspace   ] GC(9) Metaspace: 21360K(21632K)->21360K(21632K) NonClass: 18577K(18688K)->18577K(18688K) Class: 2782K(2944K)->2782K(2944K)
[12.722s][info][gc             ] GC(9) Pause Young (System.gc()) 2137M->195M(7956M) 74.449ms
[12.722s][info][gc,cpu         ] GC(9) User=0.42s Sys=0.03s Real=0.08s
[12.722s][info][gc,start       ] GC(10) Pause Full (System.gc())
[12.722s][info][gc,phases,start] GC(10) Marking Phase
[12.753s][info][gc,phases      ] GC(10) Marking Phase 31.391ms
[12.753s][info][gc,phases,start] GC(10) Summary Phase
[12.753s][info][gc,phases      ] GC(10) Summary Phase 0.011ms
[12.753s][info][gc,phases,start] GC(10) Adjust Roots
[12.755s][info][gc,phases      ] GC(10) Adjust Roots 2.348ms
[12.756s][info][gc,phases,start] GC(10) Compaction Phase
[12.876s][info][gc,phases      ] GC(10) Compaction Phase 120.857ms
[12.876s][info][gc,phases,start] GC(10) Post Compact
[12.878s][info][gc,phases      ] GC(10) Post Compact 1.188ms
[12.878s][info][gc,heap        ] GC(10) PSYoungGen: 96928K(2554368K)->0K(2554368K) Eden: 0K(2305536K)->0K(2305536K) From: 96928K(248832K)->0K(248832K)
[12.878s][info][gc,heap        ] GC(10) ParOldGen: 102863K(5592576K)->103078K(5592576K)
[12.878s][info][gc,metaspace   ] GC(10) Metaspace: 21360K(21632K)->21360K(21632K) NonClass: 18577K(18688K)->18577K(18688K) Class: 2782K(2944K)->2782K(2944K)
[12.878s][info][gc             ] GC(10) Pause Full (System.gc()) 195M->100M(7956M) 156.109ms
[12.878s][info][gc,cpu         ] GC(10) User=0.92s Sys=0.00s Real=0.15s
[14.271s][info][gc,start       ] GC(11) Pause Young (Allocation Failure)
[14.412s][info][gc,heap        ] GC(11) PSYoungGen: 2305536K(2554368K)->210912K(2516480K) Eden: 2305536K(2305536K)->0K(2305536K) From: 0K(248832K)->210912K(210944K)
[14.412s][info][gc,heap        ] GC(11) ParOldGen: 103078K(5592576K)->103086K(5592576K)
[14.412s][info][gc,metaspace   ] GC(11) Metaspace: 21397K(21696K)->21397K(21696K) NonClass: 18615K(18752K)->18615K(18752K) Class: 2782K(2944K)->2782K(2944K)
[14.412s][info][gc             ] GC(11) Pause Young (Allocation Failure) 2352M->306M(7919M) 140.864ms
[14.412s][info][gc,cpu         ] GC(11) User=0.77s Sys=0.05s Real=0.15s
[16.234s][info][gc,start       ] GC(12) Pause Young (Allocation Failure)
[16.353s][info][gc,heap        ] GC(12) PSYoungGen: 2516448K(2516480K)->164720K(2535424K) Eden: 2305536K(2305536K)->0K(2272768K) From: 210912K(210944K)->164720K(262656K)
[16.353s][info][gc,heap        ] GC(12) ParOldGen: 103086K(5592576K)->103094K(5592576K)
[16.353s][info][gc,metaspace   ] GC(12) Metaspace: 21418K(21696K)->21418K(21696K) NonClass: 18636K(18752K)->18636K(18752K) Class: 2782K(2944K)->2782K(2944K)
[16.353s][info][gc             ] GC(12) Pause Young (Allocation Failure) 2558M->261M(7937M) 119.221ms
[16.353s][info][gc,cpu         ] GC(12) User=0.72s Sys=0.03s Real=0.13s
[17.959s][info][gc,start       ] GC(13) Pause Young (Allocation Failure)
[18.036s][info][gc,heap        ] GC(13) PSYoungGen: 2437488K(2535424K)->106464K(2533376K) Eden: 2272768K(2272768K)->0K(2272768K) From: 164720K(262656K)->106464K(260608K)
[18.036s][info][gc,heap        ] GC(13) ParOldGen: 103094K(5592576K)->103134K(5592576K)
[18.037s][info][gc,metaspace   ] GC(13) Metaspace: 21437K(21760K)->21437K(21760K) NonClass: 18655K(18816K)->18655K(18816K) Class: 2782K(2944K)->2782K(2944K)
[18.037s][info][gc             ] GC(13) Pause Young (Allocation Failure) 2481M->204M(7935M) 77.833ms
[18.037s][info][gc,cpu         ] GC(13) User=0.39s Sys=0.03s Real=0.09s
[19.396s][info][gc,start       ] GC(14) Pause Young (Allocation Failure)
[19.522s][info][gc,heap        ] GC(14) PSYoungGen: 2379232K(2533376K)->189360K(2525696K) Eden: 2272768K(2272768K)->0K(2271744K) From: 106464K(260608K)->189360K(253952K)
[19.522s][info][gc,heap        ] GC(14) ParOldGen: 103134K(5592576K)->103182K(5592576K)
[19.522s][info][gc,metaspace   ] GC(14) Metaspace: 21519K(21824K)->21519K(21824K) NonClass: 18727K(18880K)->18727K(18880K) Class: 2792K(2944K)->2792K(2944K)
[19.522s][info][gc             ] GC(14) Pause Young (Allocation Failure) 2424M->285M(7928M) 125.693ms
[19.522s][info][gc,cpu         ] GC(14) User=0.72s Sys=0.03s Real=0.12s
[21.243s][info][gc,start       ] GC(15) Pause Young (Allocation Failure)
[21.334s][info][gc,heap        ] GC(15) PSYoungGen: 2461104K(2525696K)->126512K(2533888K) Eden: 2271744K(2271744K)->0K(2271744K) From: 189360K(253952K)->126512K(262144K)
[21.336s][info][gc,heap        ] GC(15) ParOldGen: 103182K(5592576K)->103230K(5592576K)
[21.336s][info][gc,metaspace   ] GC(15) Metaspace: 21547K(21824K)->21547K(21824K) NonClass: 18755K(18880K)->18755K(18880K) Class: 2792K(2944K)->2792K(2944K)
[21.336s][info][gc             ] GC(15) Pause Young (Allocation Failure) 2504M->224M(7936M) 93.300ms
[21.336s][info][gc,cpu         ] GC(15) User=0.45s Sys=0.02s Real=0.10s
[22.524s][info][gc,start       ] GC(16) Pause Young (Allocation Failure)
[22.662s][info][gc,heap        ] GC(16) PSYoungGen: 2398256K(2533888K)->205024K(2516992K) Eden: 2271744K(2271744K)->0K(2264576K) From: 126512K(262144K)->205024K(252416K)
[22.662s][info][gc,heap        ] GC(16) ParOldGen: 103230K(5592576K)->112394K(5592576K)
[22.662s][info][gc,metaspace   ] GC(16) Metaspace: 21564K(21888K)->21564K(21888K) NonClass: 18772K(18944K)->18772K(18944K) Class: 2792K(2944K)->2792K(2944K)
[22.662s][info][gc             ] GC(16) Pause Young (Allocation Failure) 2442M->309M(7919M) 137.832ms
[22.662s][info][gc,cpu         ] GC(16) User=0.70s Sys=0.02s Real=0.14s
[23.300s][info][gc,start       ] GC(17) Pause Young (System.gc())
[23.359s][info][gc,heap        ] GC(17) PSYoungGen: 687955K(2516992K)->27536K(2292224K) Eden: 482931K(2264576K)->0K(2264576K) From: 205024K(252416K)->27536K(27648K)
[23.359s][info][gc,heap        ] GC(17) ParOldGen: 112394K(5592576K)->165546K(5592576K)
[23.359s][info][gc,metaspace   ] GC(17) Metaspace: 21571K(21888K)->21571K(21888K) NonClass: 18779K(18944K)->18779K(18944K) Class: 2792K(2944K)->2792K(2944K)
[23.359s][info][gc             ] GC(17) Pause Young (System.gc()) 781M->188M(7700M) 59.507ms
[23.359s][info][gc,cpu         ] GC(17) User=0.34s Sys=0.03s Real=0.06s
[23.359s][info][gc,start       ] GC(18) Pause Full (System.gc())
[23.359s][info][gc,phases,start] GC(18) Marking Phase
[23.392s][info][gc,phases      ] GC(18) Marking Phase 32.689ms
[23.392s][info][gc,phases,start] GC(18) Summary Phase
[23.392s][info][gc,phases      ] GC(18) Summary Phase 0.012ms
[23.392s][info][gc,phases,start] GC(18) Adjust Roots
[23.395s][info][gc,phases      ] GC(18) Adjust Roots 2.587ms
[23.395s][info][gc,phases,start] GC(18) Compaction Phase
[23.484s][info][gc,phases      ] GC(18) Compaction Phase 89.220ms
[23.484s][info][gc,phases,start] GC(18) Post Compact
[23.485s][info][gc,phases      ] GC(18) Post Compact 1.224ms
[23.485s][info][gc,heap        ] GC(18) PSYoungGen: 27536K(2292224K)->0K(2292224K) Eden: 0K(2264576K)->0K(2264576K) From: 27536K(27648K)->0K(27648K)
[23.485s][info][gc,heap        ] GC(18) ParOldGen: 165546K(5592576K)->83870K(5592576K)
[23.485s][info][gc,metaspace   ] GC(18) Metaspace: 21571K(21888K)->21571K(21888K) NonClass: 18779K(18944K)->18779K(18944K) Class: 2792K(2944K)->2792K(2944K)
[23.485s][info][gc             ] GC(18) Pause Full (System.gc()) 188M->81M(7700M) 126.006ms
[23.485s][info][gc,cpu         ] GC(18) User=0.73s Sys=0.00s Real=0.12s
[24.986s][info][gc,start       ] GC(19) Pause Young (Allocation Failure)
[25.129s][info][gc,heap        ] GC(19) PSYoungGen: 2264576K(2292224K)->207776K(2495488K) Eden: 2264576K(2264576K)->0K(2221568K) From: 0K(27648K)->207776K(273920K)
[25.129s][info][gc,heap        ] GC(19) ParOldGen: 83870K(5592576K)->83870K(5592576K)
[25.129s][info][gc,metaspace   ] GC(19) Metaspace: 21589K(21888K)->21589K(21888K) NonClass: 18797K(18944K)->18797K(18944K) Class: 2792K(2944K)->2792K(2944K)
[25.129s][info][gc             ] GC(19) Pause Young (Allocation Failure) 2293M->284M(7898M) 143.100ms
[25.129s][info][gc,cpu         ] GC(19) User=0.81s Sys=0.03s Real=0.16s
[26.741s][info][gc,start       ] GC(20) Pause Young (Allocation Failure)
[26.828s][info][gc,heap        ] GC(20) PSYoungGen: 2429344K(2495488K)->130272K(2508800K) Eden: 2221568K(2221568K)->0K(2221568K) From: 207776K(273920K)->130272K(287232K)
[26.830s][info][gc,heap        ] GC(20) ParOldGen: 83870K(5592576K)->83910K(5592576K)
[26.830s][info][gc,metaspace   ] GC(20) Metaspace: 21630K(21888K)->21630K(21888K) NonClass: 18838K(18944K)->18838K(18944K) Class: 2792K(2944K)->2792K(2944K)
[26.830s][info][gc             ] GC(20) Pause Young (Allocation Failure) 2454M->209M(7911M) 88.689ms
[26.830s][info][gc,cpu         ] GC(20) User=0.48s Sys=0.00s Real=0.09s
[27.930s][info][gc,start       ] GC(21) Pause Young (Allocation Failure)
[28.074s][info][gc,heap        ] GC(21) PSYoungGen: 2351840K(2508800K)->194176K(2508288K) Eden: 2221568K(2221568K)->0K(2233856K) From: 130272K(287232K)->194176K(274432K)
[28.074s][info][gc,heap        ] GC(21) ParOldGen: 83910K(5592576K)->96902K(5592576K)
[28.074s][info][gc,metaspace   ] GC(21) Metaspace: 21647K(21952K)->21647K(21952K) NonClass: 18855K(19008K)->18855K(19008K) Class: 2792K(2944K)->2792K(2944K)
[28.074s][info][gc             ] GC(21) Pause Young (Allocation Failure) 2378M->284M(7911M) 143.685ms
[28.074s][info][gc,cpu         ] GC(21) User=0.84s Sys=0.00s Real=0.14s
[29.588s][info][gc,start       ] GC(22) Pause Young (Allocation Failure)
[29.670s][info][gc,heap        ] GC(22) PSYoungGen: 2428032K(2508288K)->115920K(2514944K) Eden: 2233856K(2233856K)->0K(2233856K) From: 194176K(274432K)->115920K(281088K)
[29.670s][info][gc,heap        ] GC(22) ParOldGen: 96902K(5592576K)->99222K(5592576K)
[29.670s][info][gc,metaspace   ] GC(22) Metaspace: 21660K(21952K)->21660K(21952K) NonClass: 18868K(19008K)->18868K(19008K) Class: 2792K(2944K)->2792K(2944K)
[29.670s][info][gc             ] GC(22) Pause Young (Allocation Failure) 2465M->210M(7917M) 82.305ms
[29.670s][info][gc,cpu         ] GC(22) User=0.47s Sys=0.00s Real=0.08s
[30.804s][info][gc,start       ] GC(23) Pause Young (Allocation Failure)
[30.951s][info][gc,heap        ] GC(23) PSYoungGen: 2349776K(2514944K)->200160K(2507264K) Eden: 2233856K(2233856K)->0K(2234880K) From: 115920K(281088K)->200160K(272384K)
[30.953s][info][gc,heap        ] GC(23) ParOldGen: 99222K(5592576K)->110430K(5592576K)
[30.953s][info][gc,metaspace   ] GC(23) Metaspace: 21680K(21952K)->21680K(21952K) NonClass: 18888K(19008K)->18888K(19008K) Class: 2792K(2944K)->2792K(2944K)
[30.953s][info][gc             ] GC(23) Pause Young (Allocation Failure) 2391M->303M(7910M) 149.250ms
[30.953s][info][gc,cpu         ] GC(23) User=0.94s Sys=0.00s Real=0.16s
[32.519s][info][gc,start       ] GC(24) Pause Young (Allocation Failure)
[32.635s][info][gc,heap        ] GC(24) PSYoungGen: 2435040K(2507264K)->169920K(2515456K) Eden: 2234880K(2234880K)->0K(2234880K) From: 200160K(272384K)->169920K(280576K)
[32.635s][info][gc,heap        ] GC(24) ParOldGen: 110430K(5592576K)->113934K(5592576K)
[32.635s][info][gc,metaspace   ] GC(24) Metaspace: 21698K(21952K)->21698K(21952K) NonClass: 18905K(19008K)->18905K(19008K) Class: 2792K(2944K)->2792K(2944K)
[32.635s][info][gc             ] GC(24) Pause Young (Allocation Failure) 2485M->277M(7918M) 116.406ms
[32.635s][info][gc,cpu         ] GC(24) User=0.75s Sys=0.00s Real=0.12s
[33.339s][info][gc,start       ] GC(25) Pause Young (System.gc())
[33.405s][info][gc,heap        ] GC(25) PSYoungGen: 1057843K(2515456K)->56704K(2513408K) Eden: 887923K(2234880K)->0K(2237952K) From: 169920K(280576K)->56704K(275456K)
[33.405s][info][gc,heap        ] GC(25) ParOldGen: 113934K(5592576K)->154498K(5592576K)
[33.405s][info][gc,metaspace   ] GC(25) Metaspace: 21702K(21952K)->21702K(21952K) NonClass: 18910K(19008K)->18910K(19008K) Class: 2792K(2944K)->2792K(2944K)
[33.405s][info][gc             ] GC(25) Pause Young (System.gc()) 1144M->206M(7916M) 66.503ms
[33.405s][info][gc,cpu         ] GC(25) User=0.38s Sys=0.00s Real=0.07s
[33.405s][info][gc,start       ] GC(26) Pause Full (System.gc())
[33.405s][info][gc,phases,start] GC(26) Marking Phase
[33.444s][info][gc,phases      ] GC(26) Marking Phase 39.069ms
[33.444s][info][gc,phases,start] GC(26) Summary Phase
[33.444s][info][gc,phases      ] GC(26) Summary Phase 0.013ms
[33.444s][info][gc,phases,start] GC(26) Adjust Roots
[33.447s][info][gc,phases      ] GC(26) Adjust Roots 2.547ms
[33.447s][info][gc,phases,start] GC(26) Compaction Phase
[33.531s][info][gc,phases      ] GC(26) Compaction Phase 83.648ms
[33.531s][info][gc,phases,start] GC(26) Post Compact
[33.532s][info][gc,phases      ] GC(26) Post Compact 1.039ms
[33.532s][info][gc,heap        ] GC(26) PSYoungGen: 56704K(2513408K)->0K(2513408K) Eden: 0K(2237952K)->0K(2237952K) From: 56704K(275456K)->0K(275456K)
[33.532s][info][gc,heap        ] GC(26) ParOldGen: 154498K(5592576K)->103309K(5592576K)
[33.532s][info][gc,metaspace   ] GC(26) Metaspace: 21702K(21952K)->21702K(21952K) NonClass: 18910K(19008K)->18910K(19008K) Class: 2792K(2944K)->2792K(2944K)
[33.532s][info][gc             ] GC(26) Pause Full (System.gc()) 206M->100M(7916M) 126.603ms
[33.532s][info][gc,cpu         ] GC(26) User=0.67s Sys=0.00s Real=0.12s
[34.730s][info][gc,start       ] GC(27) Pause Young (Allocation Failure)
[34.856s][info][gc,heap        ] GC(27) PSYoungGen: 2237952K(2513408K)->188848K(2426880K) Eden: 2237952K(2237952K)->0K(2237952K) From: 0K(275456K)->188848K(188928K)
[34.856s][info][gc,heap        ] GC(27) ParOldGen: 103309K(5592576K)->103309K(5592576K)
[34.856s][info][gc,metaspace   ] GC(27) Metaspace: 21724K(22080K)->21724K(22080K) NonClass: 18932K(19136K)->18932K(19136K) Class: 2792K(2944K)->2792K(2944K)
[34.856s][info][gc             ] GC(27) Pause Young (Allocation Failure) 2286M->285M(7831M) 125.460ms
[34.856s][info][gc,cpu         ] GC(27) User=0.75s Sys=0.00s Real=0.12s
[36.552s][info][gc,start       ] GC(28) Pause Young (Allocation Failure)
[36.641s][info][gc,heap        ] GC(28) PSYoungGen: 2426800K(2426880K)->123536K(2523136K) Eden: 2237952K(2237952K)->0K(2240512K) From: 188848K(188928K)->123536K(282624K)
[36.641s][info][gc,heap        ] GC(28) ParOldGen: 103309K(5592576K)->103349K(5592576K)
[36.641s][info][gc,metaspace   ] GC(28) Metaspace: 21759K(22080K)->21759K(22080K) NonClass: 18967K(19136K)->18967K(19136K) Class: 2792K(2944K)->2792K(2944K)
[36.641s][info][gc             ] GC(28) Pause Young (Allocation Failure) 2470M->221M(7925M) 88.546ms
[36.641s][info][gc,cpu         ] GC(28) User=0.56s Sys=0.00s Real=0.09s
[37.806s][info][gc,start       ] GC(29) Pause Young (Allocation Failure)
[37.923s][info][gc,heap        ] GC(29) PSYoungGen: 2364048K(2523136K)->168352K(2513408K) Eden: 2240512K(2240512K)->0K(2240512K) From: 123536K(282624K)->168352K(272896K)
[37.923s][info][gc,heap        ] GC(29) ParOldGen: 103349K(5592576K)->107901K(5592576K)
[37.923s][info][gc,metaspace   ] GC(29) Metaspace: 21770K(22080K)->21770K(22080K) NonClass: 18978K(19136K)->18978K(19136K) Class: 2792K(2944K)->2792K(2944K)
[37.923s][info][gc             ] GC(29) Pause Young (Allocation Failure) 2409M->269M(7916M) 116.402ms
[37.923s][info][gc,cpu         ] GC(29) User=0.64s Sys=0.00s Real=0.12s
[39.616s][info][gc,start       ] GC(30) Pause Young (Allocation Failure)
[39.712s][info][gc,heap        ] GC(30) PSYoungGen: 2408864K(2513408K)->137904K(2537472K) Eden: 2240512K(2240512K)->0K(2268160K) From: 168352K(272896K)->137904K(269312K)
[39.712s][info][gc,heap        ] GC(30) ParOldGen: 107901K(5592576K)->109374K(5592576K)
[39.712s][info][gc,metaspace   ] GC(30) Metaspace: 21799K(22080K)->21799K(22080K) NonClass: 19007K(19136K)->19007K(19136K) Class: 2792K(2944K)->2792K(2944K)
[39.712s][info][gc             ] GC(30) Pause Young (Allocation Failure) 2457M->241M(7939M) 96.510ms
[39.712s][info][gc,cpu         ] GC(30) User=0.62s Sys=0.02s Real=0.10s
[40.903s][info][gc,start       ] GC(31) Pause Young (Allocation Failure)
[41.020s][info][gc,heap        ] GC(31) PSYoungGen: 2406064K(2537472K)->181584K(2526720K) Eden: 2268160K(2268160K)->0K(2268160K) From: 137904K(269312K)->181584K(258560K)
[41.020s][info][gc,heap        ] GC(31) ParOldGen: 109374K(5592576K)->113954K(5592576K)
[41.020s][info][gc,metaspace   ] GC(31) Metaspace: 21815K(22080K)->21815K(22080K) NonClass: 19023K(19136K)->19023K(19136K) Class: 2792K(2944K)->2792K(2944K)
[41.020s][info][gc             ] GC(31) Pause Young (Allocation Failure) 2456M->288M(7929M) 117.086ms
[41.020s][info][gc,cpu         ] GC(31) User=0.66s Sys=0.00s Real=0.12s
[42.557s][info][gc,start       ] GC(32) Pause Young (Allocation Failure)
[42.656s][info][gc,heap        ] GC(32) PSYoungGen: 2449744K(2526720K)->141152K(2545152K) Eden: 2268160K(2268160K)->0K(2284544K) From: 181584K(258560K)->141152K(260608K)
[42.656s][info][gc,heap        ] GC(32) ParOldGen: 113954K(5592576K)->115282K(5592576K)
[42.656s][info][gc,metaspace   ] GC(32) Metaspace: 21828K(22144K)->21828K(22144K) NonClass: 19035K(19200K)->19035K(19200K) Class: 2792K(2944K)->2792K(2944K)
[42.656s][info][gc             ] GC(32) Pause Young (Allocation Failure) 2503M->250M(7947M) 99.078ms
[42.656s][info][gc,cpu         ] GC(32) User=0.56s Sys=0.00s Real=0.10s
[43.435s][info][gc,start       ] GC(33) Pause Young (System.gc())
[43.504s][info][gc,heap        ] GC(33) PSYoungGen: 1238092K(2545152K)->72032K(2535424K) Eden: 1096940K(2284544K)->0K(2284544K) From: 141152K(260608K)->72032K(250880K)
[43.505s][info][gc,heap        ] GC(33) ParOldGen: 115282K(5592576K)->140550K(5592576K)
[43.505s][info][gc,metaspace   ] GC(33) Metaspace: 21832K(22144K)->21832K(22144K) NonClass: 19039K(19200K)->19039K(19200K) Class: 2792K(2944K)->2792K(2944K)
[43.505s][info][gc             ] GC(33) Pause Young (System.gc()) 1321M->207M(7937M) 69.382ms
[43.505s][info][gc,cpu         ] GC(33) User=0.33s Sys=0.00s Real=0.08s
[43.505s][info][gc,start       ] GC(34) Pause Full (System.gc())
[43.505s][info][gc,phases,start] GC(34) Marking Phase
[43.539s][info][gc,phases      ] GC(34) Marking Phase 34.778ms
[43.539s][info][gc,phases,start] GC(34) Summary Phase
[43.539s][info][gc,phases      ] GC(34) Summary Phase 0.012ms
[43.539s][info][gc,phases,start] GC(34) Adjust Roots
[43.542s][info][gc,phases      ] GC(34) Adjust Roots 2.836ms
[43.542s][info][gc,phases,start] GC(34) Compaction Phase
[43.621s][info][gc,phases      ] GC(34) Compaction Phase 79.131ms
[43.622s][info][gc,phases,start] GC(34) Post Compact
[43.623s][info][gc,phases      ] GC(34) Post Compact 1.406ms
[43.623s][info][gc,heap        ] GC(34) PSYoungGen: 72032K(2535424K)->0K(2535424K) Eden: 0K(2284544K)->0K(2284544K) From: 72032K(250880K)->0K(250880K)
[43.623s][info][gc,heap        ] GC(34) ParOldGen: 140550K(5592576K)->103407K(5592576K)
[43.623s][info][gc,metaspace   ] GC(34) Metaspace: 21832K(22144K)->21832K(22144K) NonClass: 19039K(19200K)->19039K(19200K) Class: 2792K(2944K)->2792K(2944K)
[43.623s][info][gc             ] GC(34) Pause Full (System.gc()) 207M->100M(7937M) 118.422ms
[43.623s][info][gc,cpu         ] GC(34) User=0.66s Sys=0.00s Real=0.12s
[44.779s][info][gc,start       ] GC(35) Pause Young (Allocation Failure)
[44.906s][info][gc,heap        ] GC(35) PSYoungGen: 2284544K(2535424K)->191648K(2527232K) Eden: 2284544K(2284544K)->0K(2273792K) From: 0K(250880K)->191648K(253440K)
[44.906s][info][gc,heap        ] GC(35) ParOldGen: 103407K(5592576K)->103407K(5592576K)
[44.906s][info][gc,metaspace   ] GC(35) Metaspace: 21835K(22144K)->21835K(22144K) NonClass: 19043K(19200K)->19043K(19200K) Class: 2792K(2944K)->2792K(2944K)
[44.906s][info][gc             ] GC(35) Pause Young (Allocation Failure) 2331M->288M(7929M) 127.021ms
[44.906s][info][gc,cpu         ] GC(35) User=0.72s Sys=0.02s Real=0.13s
[46.612s][info][gc,start       ] GC(36) Pause Young (Allocation Failure)
[46.704s][info][gc,heap        ] GC(36) PSYoungGen: 2465440K(2527232K)->130432K(2534912K) Eden: 2273792K(2273792K)->0K(2273792K) From: 191648K(253440K)->130432K(261120K)
[46.705s][info][gc,heap        ] GC(36) ParOldGen: 103407K(5592576K)->103439K(5592576K)
[46.705s][info][gc,metaspace   ] GC(36) Metaspace: 21873K(22144K)->21873K(22144K) NonClass: 19080K(19200K)->19080K(19200K) Class: 2792K(2944K)->2792K(2944K)
[46.705s][info][gc             ] GC(36) Pause Young (Allocation Failure) 2508M->228M(7937M) 92.460ms
[46.705s][info][gc,cpu         ] GC(36) User=0.56s Sys=0.00s Real=0.09s
[47.885s][info][gc,start       ] GC(37) Pause Young (Allocation Failure)
[48.019s][info][gc,heap        ] GC(37) PSYoungGen: 2404224K(2534912K)->205312K(2520064K) Eden: 2273792K(2273792K)->0K(2267648K) From: 130432K(261120K)->205312K(252416K)
[48.019s][info][gc,heap        ] GC(37) ParOldGen: 103439K(5592576K)->112295K(5592576K)
[48.019s][info][gc,metaspace   ] GC(37) Metaspace: 21882K(22144K)->21882K(22144K) NonClass: 19090K(19200K)->19090K(19200K) Class: 2792K(2944K)->2792K(2944K)
[48.019s][info][gc             ] GC(37) Pause Young (Allocation Failure) 2448M->310M(7922M) 134.051ms
[48.019s][info][gc,cpu         ] GC(37) User=0.73s Sys=0.00s Real=0.14s
[49.660s][info][gc,start       ] GC(38) Pause Young (Allocation Failure)
[49.749s][info][gc,heap        ] GC(38) PSYoungGen: 2472960K(2520064K)->125808K(2531840K) Eden: 2267648K(2267648K)->0K(2267648K) From: 205312K(252416K)->125808K(264192K)
[49.749s][info][gc,heap        ] GC(38) ParOldGen: 112295K(5592576K)->114715K(5592576K)
[49.749s][info][gc,metaspace   ] GC(38) Metaspace: 21884K(22144K)->21884K(22144K) NonClass: 19092K(19200K)->19092K(19200K) Class: 2792K(2944K)->2792K(2944K)
[49.749s][info][gc             ] GC(38) Pause Young (Allocation Failure) 2524M->234M(7934M) 88.336ms
[49.749s][info][gc,cpu         ] GC(38) User=0.56s Sys=0.00s Real=0.10s
[51.171s][info][gc,start       ] GC(39) Pause Young (Allocation Failure)
[51.287s][info][gc,heap        ] GC(39) PSYoungGen: 2393456K(2531840K)->160224K(2545664K) Eden: 2267648K(2267648K)->0K(2288640K) From: 125808K(264192K)->160224K(257024K)
[51.287s][info][gc,heap        ] GC(39) ParOldGen: 114715K(5592576K)->117347K(5592576K)
[51.287s][info][gc,metaspace   ] GC(39) Metaspace: 21890K(22144K)->21890K(22144K) NonClass: 19098K(19200K)->19098K(19200K) Class: 2792K(2944K)->2792K(2944K)
[51.287s][info][gc             ] GC(39) Pause Young (Allocation Failure) 2449M->271M(7947M) 115.787ms
[51.287s][info][gc,cpu         ] GC(39) User=0.66s Sys=0.00s Real=0.12s
[52.890s][info][gc,start       ] GC(40) Pause Young (Allocation Failure)
[53.018s][info][gc,heap        ] GC(40) PSYoungGen: 2448864K(2545664K)->194656K(2539008K) Eden: 2288640K(2288640K)->0K(2288640K) From: 160224K(257024K)->194656K(250368K)
[53.018s][info][gc,heap        ] GC(40) ParOldGen: 117347K(5592576K)->118307K(5592576K)
[53.018s][info][gc,metaspace   ] GC(40) Metaspace: 21895K(22144K)->21895K(22144K) NonClass: 19103K(19200K)->19103K(19200K) Class: 2792K(2944K)->2792K(2944K)
[53.018s][info][gc             ] GC(40) Pause Young (Allocation Failure) 2506M->305M(7941M) 127.847ms
[53.018s][info][gc,cpu         ] GC(40) User=0.75s Sys=0.00s Real=0.13s
[53.573s][info][gc,start       ] GC(41) Pause Young (System.gc())
[53.640s][info][gc,heap        ] GC(41) PSYoungGen: 814829K(2539008K)->41264K(2520576K) Eden: 620173K(2288640K)->0K(2263552K) From: 194656K(250368K)->41264K(257024K)
[53.640s][info][gc,heap        ] GC(41) ParOldGen: 118307K(5592576K)->174311K(5592576K)
[53.640s][info][gc,metaspace   ] GC(41) Metaspace: 21895K(22208K)->21895K(22208K) NonClass: 19103K(19264K)->19103K(19264K) Class: 2792K(2944K)->2792K(2944K)
[53.640s][info][gc             ] GC(41) Pause Young (System.gc()) 911M->210M(7923M) 67.360ms
[53.640s][info][gc,cpu         ] GC(41) User=0.34s Sys=0.00s Real=0.07s
[53.640s][info][gc,start       ] GC(42) Pause Full (System.gc())
[53.640s][info][gc,phases,start] GC(42) Marking Phase
[53.676s][info][gc,phases      ] GC(42) Marking Phase 35.840ms
[53.676s][info][gc,phases,start] GC(42) Summary Phase
[53.676s][info][gc,phases      ] GC(42) Summary Phase 0.011ms
[53.676s][info][gc,phases,start] GC(42) Adjust Roots
[53.679s][info][gc,phases      ] GC(42) Adjust Roots 2.776ms
[53.679s][info][gc,phases,start] GC(42) Compaction Phase
[53.776s][info][gc,phases      ] GC(42) Compaction Phase 97.659ms
[53.776s][info][gc,phases,start] GC(42) Post Compact
[53.777s][info][gc,phases      ] GC(42) Post Compact 1.055ms
[53.778s][info][gc,heap        ] GC(42) PSYoungGen: 41264K(2520576K)->0K(2520576K) Eden: 0K(2263552K)->0K(2263552K) From: 41264K(257024K)->0K(257024K)
[53.778s][info][gc,heap        ] GC(42) ParOldGen: 174311K(5592576K)->103270K(5592576K)
[53.778s][info][gc,metaspace   ] GC(42) Metaspace: 21895K(22208K)->21895K(22208K) NonClass: 19103K(19264K)->19103K(19264K) Class: 2792K(2944K)->2792K(2944K)
[53.778s][info][gc             ] GC(42) Pause Full (System.gc()) 210M->100M(7923M) 137.705ms
[53.778s][info][gc,cpu         ] GC(42) User=0.77s Sys=0.00s Real=0.14s
[55.141s][info][gc,start       ] GC(43) Pause Young (Allocation Failure)
[55.276s][info][gc,heap        ] GC(43) PSYoungGen: 2263552K(2520576K)->207680K(2471424K) Eden: 2263552K(2263552K)->0K(2263552K) From: 0K(257024K)->207680K(207872K)
[55.276s][info][gc,heap        ] GC(43) ParOldGen: 103270K(5592576K)->103270K(5592576K)
[55.276s][info][gc,metaspace   ] GC(43) Metaspace: 21918K(22272K)->21918K(22272K) NonClass: 19126K(19328K)->19126K(19328K) Class: 2792K(2944K)->2792K(2944K)
[55.276s][info][gc             ] GC(43) Pause Young (Allocation Failure) 2311M->303M(7875M) 135.079ms
[55.276s][info][gc,cpu         ] GC(43) User=0.84s Sys=0.00s Real=0.14s
[57.024s][info][gc,start       ] GC(44) Pause Young (Allocation Failure)
[57.129s][info][gc,heap        ] GC(44) PSYoungGen: 2471232K(2471424K)->154976K(2528768K) Eden: 2263552K(2263552K)->0K(2250752K) From: 207680K(207872K)->154976K(278016K)
[57.129s][info][gc,heap        ] GC(44) ParOldGen: 103270K(5592576K)->103302K(5592576K)
[57.129s][info][gc,metaspace   ] GC(44) Metaspace: 21936K(22272K)->21936K(22272K) NonClass: 19143K(19328K)->19143K(19328K) Class: 2792K(2944K)->2792K(2944K)
[57.129s][info][gc             ] GC(44) Pause Young (Allocation Failure) 2514M->252M(7931M) 105.391ms
[57.129s][info][gc,cpu         ] GC(44) User=0.56s Sys=0.00s Real=0.11s
[58.186s][info][gc,start       ] GC(45) Pause Young (Allocation Failure)
[58.328s][info][gc,heap        ] GC(45) PSYoungGen: 2405728K(2528768K)->190944K(2518016K) Eden: 2250752K(2250752K)->0K(2250752K) From: 154976K(278016K)->190944K(267264K)
[58.331s][info][gc,heap        ] GC(45) ParOldGen: 103302K(5592576K)->119838K(5592576K)
[58.331s][info][gc,metaspace   ] GC(45) Metaspace: 21950K(22272K)->21950K(22272K) NonClass: 19157K(19328K)->19157K(19328K) Class: 2792K(2944K)->2792K(2944K)
[58.331s][info][gc             ] GC(45) Pause Young (Allocation Failure) 2450M->303M(7920M) 144.283ms
[58.331s][info][gc,cpu         ] GC(45) User=0.80s Sys=0.00s Real=0.15s
[59.829s][info][gc,start       ] GC(46) Pause Young (Allocation Failure)
[59.926s][info][gc,heap        ] GC(46) PSYoungGen: 2441696K(2518016K)->138464K(2534400K) Eden: 2250752K(2250752K)->0K(2263552K) From: 190944K(267264K)->138464K(270848K)
[59.926s][info][gc,heap        ] GC(46) ParOldGen: 119838K(5592576K)->123462K(5592576K)
[59.926s][info][gc,metaspace   ] GC(46) Metaspace: 21960K(22272K)->21960K(22272K) NonClass: 19168K(19328K)->19168K(19328K) Class: 2792K(2944K)->2792K(2944K)
[59.926s][info][gc             ] GC(46) Pause Young (Allocation Failure) 2501M->255M(7936M) 96.396ms
[59.926s][info][gc,cpu         ] GC(46) User=0.55s Sys=0.00s Real=0.10s
[61.276s][info][gc,start       ] GC(47) Pause Young (Allocation Failure)
[61.393s][info][gc,heap        ] GC(47) PSYoungGen: 2402016K(2534400K)->162528K(2525184K) Eden: 2263552K(2263552K)->0K(2263552K) From: 138464K(270848K)->162528K(261632K)
[61.393s][info][gc,heap        ] GC(47) ParOldGen: 123462K(5592576K)->126538K(5592576K)
[61.393s][info][gc,metaspace   ] GC(47) Metaspace: 21962K(22272K)->21962K(22272K) NonClass: 19169K(19328K)->19169K(19328K) Class: 2792K(2944K)->2792K(2944K)
[61.393s][info][gc             ] GC(47) Pause Young (Allocation Failure) 2466M->282M(7927M) 116.829ms
[61.393s][info][gc,cpu         ] GC(47) User=0.66s Sys=0.00s Real=0.12s
[62.863s][info][gc,start       ] GC(48) Pause Young (Allocation Failure)
[62.988s][info][gc,heap        ] GC(48) PSYoungGen: 2426080K(2525184K)->184400K(2538496K) Eden: 2263552K(2263552K)->0K(2284032K) From: 162528K(261632K)->184400K(254464K)
[62.988s][info][gc,heap        ] GC(48) ParOldGen: 126538K(5592576K)->127618K(5592576K)
[62.988s][info][gc,metaspace   ] GC(48) Metaspace: 21963K(22272K)->21963K(22272K) NonClass: 19171K(19328K)->19171K(19328K) Class: 2792K(2944K)->2792K(2944K)
[62.988s][info][gc             ] GC(48) Pause Young (Allocation Failure) 2492M->304M(7940M) 124.745ms
[62.988s][info][gc,cpu         ] GC(48) User=0.67s Sys=0.00s Real=0.12s
[63.694s][info][gc,start       ] GC(49) Pause Young (System.gc())
[63.753s][info][gc,heap        ] GC(49) PSYoungGen: 993723K(2538496K)->48032K(2328064K) Eden: 809323K(2284032K)->0K(2279936K) From: 184400K(254464K)->48032K(48128K)
[63.753s][info][gc,heap        ] GC(49) ParOldGen: 127618K(5592576K)->164242K(5592576K)
[63.753s][info][gc,metaspace   ] GC(49) Metaspace: 21964K(22272K)->21964K(22272K) NonClass: 19171K(19328K)->19171K(19328K) Class: 2792K(2944K)->2792K(2944K)
[63.753s][info][gc             ] GC(49) Pause Young (System.gc()) 1095M->207M(7735M) 59.376ms
[63.753s][info][gc,cpu         ] GC(49) User=0.36s Sys=0.00s Real=0.06s
[63.753s][info][gc,start       ] GC(50) Pause Full (System.gc())
[63.753s][info][gc,phases,start] GC(50) Marking Phase
[63.784s][info][gc,phases      ] GC(50) Marking Phase 31.269ms
[63.784s][info][gc,phases,start] GC(50) Summary Phase
[63.784s][info][gc,phases      ] GC(50) Summary Phase 0.011ms
[63.784s][info][gc,phases,start] GC(50) Adjust Roots
[63.787s][info][gc,phases      ] GC(50) Adjust Roots 2.979ms
[63.787s][info][gc,phases,start] GC(50) Compaction Phase
[63.872s][info][gc,phases      ] GC(50) Compaction Phase 84.384ms
[63.872s][info][gc,phases,start] GC(50) Post Compact
[63.873s][info][gc,phases      ] GC(50) Post Compact 1.199ms
[63.873s][info][gc,heap        ] GC(50) PSYoungGen: 48032K(2328064K)->0K(2328064K) Eden: 0K(2279936K)->0K(2279936K) From: 48032K(48128K)->0K(48128K)
[63.873s][info][gc,heap        ] GC(50) ParOldGen: 164242K(5592576K)->90766K(5592576K)
[63.873s][info][gc,metaspace   ] GC(50) Metaspace: 21964K(22272K)->21964K(22272K) NonClass: 19171K(19328K)->19171K(19328K) Class: 2792K(2944K)->2792K(2944K)
[63.873s][info][gc             ] GC(50) Pause Full (System.gc()) 207M->88M(7735M) 120.123ms
[63.873s][info][gc,cpu         ] GC(50) User=0.72s Sys=0.02s Real=0.12s
[65.024s][info][gc,start       ] GC(51) Pause Young (Allocation Failure)
[65.146s][info][gc,heap        ] GC(51) PSYoungGen: 2279936K(2328064K)->184800K(2526208K) Eden: 2279936K(2279936K)->0K(2261504K) From: 0K(48128K)->184800K(264704K)
[65.148s][info][gc,heap        ] GC(51) ParOldGen: 90766K(5592576K)->90766K(5592576K)
[65.148s][info][gc,metaspace   ] GC(51) Metaspace: 21966K(22272K)->21966K(22272K) NonClass: 19174K(19328K)->19174K(19328K) Class: 2792K(2944K)->2792K(2944K)
[65.148s][info][gc             ] GC(51) Pause Young (Allocation Failure) 2315M->269M(7928M) 124.540ms
[65.148s][info][gc,cpu         ] GC(51) User=0.66s Sys=0.00s Real=0.12s
[66.834s][info][gc,start       ] GC(52) Pause Young (Allocation Failure)
[66.922s][info][gc,heap        ] GC(52) PSYoungGen: 2446304K(2526208K)->122592K(2528768K) Eden: 2261504K(2261504K)->0K(2261504K) From: 184800K(264704K)->122592K(267264K)
[66.922s][info][gc,heap        ] GC(52) ParOldGen: 90766K(5592576K)->90798K(5592576K)
[66.922s][info][gc,metaspace   ] GC(52) Metaspace: 21979K(22272K)->21979K(22272K) NonClass: 19187K(19328K)->19187K(19328K) Class: 2792K(2944K)->2792K(2944K)
[66.922s][info][gc             ] GC(52) Pause Young (Allocation Failure) 2477M->208M(7931M) 88.067ms
[66.922s][info][gc,cpu         ] GC(52) User=0.55s Sys=0.00s Real=0.09s
[68.032s][info][gc,start       ] GC(53) Pause Young (Allocation Failure)
[68.162s][info][gc,heap        ] GC(53) PSYoungGen: 2384096K(2528768K)->196096K(2522624K) Eden: 2261504K(2261504K)->0K(2262528K) From: 122592K(267264K)->196096K(260096K)
[68.162s][info][gc,heap        ] GC(53) ParOldGen: 90798K(5592576K)->98206K(5592576K)
[68.162s][info][gc,metaspace   ] GC(53) Metaspace: 21992K(22272K)->21992K(22272K) NonClass: 19200K(19328K)->19200K(19328K) Class: 2792K(2944K)->2792K(2944K)
[68.162s][info][gc             ] GC(53) Pause Young (Allocation Failure) 2416M->287M(7925M) 130.164ms
[68.162s][info][gc,cpu         ] GC(53) User=0.75s Sys=0.00s Real=0.13s
[69.918s][info][gc,start       ] GC(54) Pause Young (Allocation Failure)
[70.023s][info][gc,heap        ] GC(54) PSYoungGen: 2458624K(2522624K)->149376K(2529280K) Eden: 2262528K(2262528K)->0K(2262528K) From: 196096K(260096K)->149376K(266752K)
[70.023s][info][gc,heap        ] GC(54) ParOldGen: 98206K(5592576K)->100270K(5592576K)
[70.023s][info][gc,metaspace   ] GC(54) Metaspace: 22015K(22336K)->22015K(22336K) NonClass: 19223K(19392K)->19223K(19392K) Class: 2792K(2944K)->2792K(2944K)
[70.023s][info][gc             ] GC(54) Pause Young (Allocation Failure) 2496M->243M(7931M) 104.937ms
[70.023s][info][gc,cpu         ] GC(54) User=0.66s Sys=0.00s Real=0.11s
[71.125s][info][gc,start       ] GC(55) Pause Young (Allocation Failure)
[71.269s][info][gc,heap        ] GC(55) PSYoungGen: 2411904K(2529280K)->204160K(2522624K) Eden: 2262528K(2262528K)->0K(2266624K) From: 149376K(266752K)->204160K(256000K)
[71.269s][info][gc,heap        ] GC(55) ParOldGen: 100270K(5592576K)->119046K(5592576K)
[71.269s][info][gc,metaspace   ] GC(55) Metaspace: 22020K(22336K)->22020K(22336K) NonClass: 19228K(19392K)->19228K(19392K) Class: 2792K(2944K)->2792K(2944K)
[71.270s][info][gc             ] GC(55) Pause Young (Allocation Failure) 2453M->315M(7925M) 144.071ms
[71.270s][info][gc,cpu         ] GC(55) User=0.84s Sys=0.00s Real=0.14s
[72.883s][info][gc,start       ] GC(56) Pause Young (Allocation Failure)
[72.999s][info][gc,heap        ] GC(56) PSYoungGen: 2470784K(2522624K)->169824K(2531328K) Eden: 2266624K(2266624K)->0K(2266624K) From: 204160K(256000K)->169824K(264704K)
[72.999s][info][gc,heap        ] GC(56) ParOldGen: 119046K(5592576K)->124886K(5592576K)
[72.999s][info][gc,metaspace   ] GC(56) Metaspace: 22020K(22336K)->22020K(22336K) NonClass: 19228K(19392K)->19228K(19392K) Class: 2792K(2944K)->2792K(2944K)
[72.999s][info][gc             ] GC(56) Pause Young (Allocation Failure) 2529M->287M(7933M) 115.922ms
[72.999s][info][gc,cpu         ] GC(56) User=0.66s Sys=0.00s Real=0.12s
[73.670s][info][gc,start       ] GC(57) Pause Young (System.gc())
[73.738s][info][gc,heap        ] GC(57) PSYoungGen: 1053997K(2531328K)->57456K(2522624K) Eden: 884173K(2266624K)->0K(2263552K) From: 169824K(264704K)->57456K(259072K)
[73.738s][info][gc,heap        ] GC(57) ParOldGen: 124886K(5592576K)->164782K(5592576K)
[73.738s][info][gc,metaspace   ] GC(57) Metaspace: 22021K(22336K)->22021K(22336K) NonClass: 19229K(19392K)->19229K(19392K) Class: 2792K(2944K)->2792K(2944K)
[73.738s][info][gc             ] GC(57) Pause Young (System.gc()) 1151M->217M(7925M) 67.356ms
[73.738s][info][gc,cpu         ] GC(57) User=0.30s Sys=0.00s Real=0.07s
[73.738s][info][gc,start       ] GC(58) Pause Full (System.gc())
[73.738s][info][gc,phases,start] GC(58) Marking Phase
[73.777s][info][gc,phases      ] GC(58) Marking Phase 39.412ms
[73.777s][info][gc,phases,start] GC(58) Summary Phase
[73.777s][info][gc,phases      ] GC(58) Summary Phase 0.012ms
[73.777s][info][gc,phases,start] GC(58) Adjust Roots
[73.780s][info][gc,phases      ] GC(58) Adjust Roots 2.888ms
[73.780s][info][gc,phases,start] GC(58) Compaction Phase
[73.877s][info][gc,phases      ] GC(58) Compaction Phase 97.353ms
[73.878s][info][gc,phases,start] GC(58) Post Compact
[73.879s][info][gc,phases      ] GC(58) Post Compact 1.119ms
[73.879s][info][gc,heap        ] GC(58) PSYoungGen: 57456K(2522624K)->0K(2522624K) Eden: 0K(2263552K)->0K(2263552K) From: 57456K(259072K)->0K(259072K)
[73.879s][info][gc,heap        ] GC(58) ParOldGen: 164782K(5592576K)->103460K(5592576K)
[73.879s][info][gc,metaspace   ] GC(58) Metaspace: 22021K(22336K)->22021K(22336K) NonClass: 19229K(19392K)->19229K(19392K) Class: 2792K(2944K)->2792K(2944K)
[73.879s][info][gc             ] GC(58) Pause Full (System.gc()) 217M->101M(7925M) 141.031ms
[73.879s][info][gc,cpu         ] GC(58) User=0.75s Sys=0.02s Real=0.14s
[75.214s][info][gc,start       ] GC(59) Pause Young (Allocation Failure)
[75.347s][info][gc,heap        ] GC(59) PSYoungGen: 2263552K(2522624K)->205936K(2469888K) Eden: 2263552K(2263552K)->0K(2263552K) From: 0K(259072K)->205936K(206336K)
[75.347s][info][gc,heap        ] GC(59) ParOldGen: 103460K(5592576K)->103468K(5592576K)
[75.347s][info][gc,metaspace   ] GC(59) Metaspace: 22031K(22336K)->22031K(22336K) NonClass: 19238K(19392K)->19238K(19392K) Class: 2792K(2944K)->2792K(2944K)
[75.347s][info][gc             ] GC(59) Pause Young (Allocation Failure) 2311M->302M(7873M) 132.991ms
[75.347s][info][gc,cpu         ] GC(59) User=0.75s Sys=0.00s Real=0.13s
[77.040s][info][gc,start       ] GC(60) Pause Young (Allocation Failure)
[77.143s][info][gc,heap        ] GC(60) PSYoungGen: 2469488K(2469888K)->150272K(2531840K) Eden: 2263552K(2263552K)->0K(2256384K) From: 205936K(206336K)->150272K(275456K)
[77.143s][info][gc,heap        ] GC(60) ParOldGen: 103468K(5592576K)->103500K(5592576K)
[77.143s][info][gc,metaspace   ] GC(60) Metaspace: 22035K(22336K)->22035K(22336K) NonClass: 19243K(19392K)->19243K(19392K) Class: 2792K(2944K)->2792K(2944K)
[77.143s][info][gc             ] GC(60) Pause Young (Allocation Failure) 2512M->247M(7934M) 103.002ms
[77.143s][info][gc,cpu         ] GC(60) User=0.53s Sys=0.03s Real=0.10s
[78.430s][info][gc,start       ] GC(61) Pause Young (Allocation Failure)
[78.559s][info][gc,heap        ] GC(61) PSYoungGen: 2406656K(2531840K)->176576K(2520576K) Eden: 2256384K(2256384K)->0K(2256384K) From: 150272K(275456K)->176576K(264192K)
[78.559s][info][gc,heap        ] GC(61) ParOldGen: 103500K(5592576K)->107384K(5592576K)
[78.559s][info][gc,metaspace   ] GC(61) Metaspace: 22041K(22336K)->22041K(22336K) NonClass: 19248K(19392K)->19248K(19392K) Class: 2792K(2944K)->2792K(2944K)
[78.559s][info][gc             ] GC(61) Pause Young (Allocation Failure) 2451M->277M(7923M) 128.329ms
[78.559s][info][gc,cpu         ] GC(61) User=0.75s Sys=0.00s Real=0.14s
[80.001s][info][gc,start       ] GC(62) Pause Young (Allocation Failure)
[80.111s][info][gc,heap        ] GC(62) PSYoungGen: 2432960K(2520576K)->164608K(2541568K) Eden: 2256384K(2256384K)->0K(2279936K) From: 176576K(264192K)->164608K(261632K)
[80.111s][info][gc,heap        ] GC(62) ParOldGen: 107384K(5592576K)->108612K(5592576K)
[80.111s][info][gc,metaspace   ] GC(62) Metaspace: 22051K(22336K)->22051K(22336K) NonClass: 19259K(19392K)->19259K(19392K) Class: 2792K(2944K)->2792K(2944K)
[80.111s][info][gc             ] GC(62) Pause Young (Allocation Failure) 2480M->266M(7943M) 109.678ms
[80.111s][info][gc,cpu         ] GC(62) User=0.66s Sys=0.00s Real=0.12s
[81.794s][info][gc,start       ] GC(63) Pause Young (Allocation Failure)
[81.870s][info][gc,heap        ] GC(63) PSYoungGen: 2444544K(2541568K)->101408K(2534400K) Eden: 2279936K(2279936K)->0K(2279936K) From: 164608K(261632K)->101408K(254464K)
[81.871s][info][gc,heap        ] GC(63) ParOldGen: 108612K(5592576K)->108636K(5592576K)
[81.871s][info][gc,metaspace   ] GC(63) Metaspace: 22068K(22336K)->22068K(22336K) NonClass: 19276K(19392K)->19276K(19392K) Class: 2792K(2944K)->2792K(2944K)
[81.871s][info][gc             ] GC(63) Pause Young (Allocation Failure) 2493M->205M(7936M) 76.172ms
[81.871s][info][gc,cpu         ] GC(63) User=0.47s Sys=0.00s Real=0.08s
[83.045s][info][gc,start       ] GC(64) Pause Young (Allocation Failure)
[83.173s][info][gc,heap        ] GC(64) PSYoungGen: 2381344K(2534400K)->197728K(2527744K) Eden: 2279936K(2279936K)->0K(2273792K) From: 101408K(254464K)->197728K(253952K)
[83.173s][info][gc,heap        ] GC(64) ParOldGen: 108636K(5592576K)->109876K(5592576K)
[83.173s][info][gc,metaspace   ] GC(64) Metaspace: 22071K(22336K)->22071K(22336K) NonClass: 19279K(19392K)->19279K(19392K) Class: 2792K(2944K)->2792K(2944K)
[83.173s][info][gc             ] GC(64) Pause Young (Allocation Failure) 2431M->300M(7930M) 128.640ms
[83.173s][info][gc,cpu         ] GC(64) User=0.75s Sys=0.00s Real=0.13s
[83.752s][info][gc,start       ] GC(65) Pause Young (System.gc())
[83.823s][info][gc,heap        ] GC(65) PSYoungGen: 732611K(2527744K)->37216K(2311168K) Eden: 534883K(2273792K)->0K(2273792K) From: 197728K(253952K)->37216K(37376K)
[83.824s][info][gc,heap        ] GC(65) ParOldGen: 109876K(5592576K)->170340K(5592576K)
[83.824s][info][gc,metaspace   ] GC(65) Metaspace: 22071K(22336K)->22071K(22336K) NonClass: 19279K(19392K)->19279K(19392K) Class: 2792K(2944K)->2792K(2944K)
[83.824s][info][gc             ] GC(65) Pause Young (System.gc()) 822M->202M(7718M) 71.318ms
[83.824s][info][gc,cpu         ] GC(65) User=0.45s Sys=0.00s Real=0.07s
[83.824s][info][gc,start       ] GC(66) Pause Full (System.gc())
[83.824s][info][gc,phases,start] GC(66) Marking Phase
[83.861s][info][gc,phases      ] GC(66) Marking Phase 37.670ms
[83.861s][info][gc,phases,start] GC(66) Summary Phase
[83.861s][info][gc,phases      ] GC(66) Summary Phase 0.012ms
[83.861s][info][gc,phases,start] GC(66) Adjust Roots
[83.864s][info][gc,phases      ] GC(66) Adjust Roots 3.084ms
[83.865s][info][gc,phases,start] GC(66) Compaction Phase
[83.950s][info][gc,phases      ] GC(66) Compaction Phase 85.913ms
[83.950s][info][gc,phases,start] GC(66) Post Compact
[83.952s][info][gc,phases      ] GC(66) Post Compact 1.065ms
[83.952s][info][gc,heap        ] GC(66) PSYoungGen: 37216K(2311168K)->0K(2311168K) Eden: 0K(2273792K)->0K(2273792K) From: 37216K(37376K)->0K(37376K)
[83.952s][info][gc,heap        ] GC(66) ParOldGen: 170340K(5592576K)->103252K(5592576K)
[83.952s][info][gc,metaspace   ] GC(66) Metaspace: 22071K(22336K)->22071K(22336K) NonClass: 19279K(19392K)->19279K(19392K) Class: 2792K(2944K)->2792K(2944K)
[83.952s][info][gc             ] GC(66) Pause Full (System.gc()) 202M->100M(7718M) 128.041ms
[83.952s][info][gc,cpu         ] GC(66) User=0.73s Sys=0.00s Real=0.13s
[85.180s][info][gc,start       ] GC(67) Pause Young (Allocation Failure)
[85.311s][info][gc,heap        ] GC(67) PSYoungGen: 2273792K(2311168K)->199648K(2509824K) Eden: 2273792K(2273792K)->0K(2238976K) From: 0K(37376K)->199648K(270848K)
[85.311s][info][gc,heap        ] GC(67) ParOldGen: 103252K(5592576K)->103252K(5592576K)
[85.311s][info][gc,metaspace   ] GC(67) Metaspace: 22073K(22336K)->22073K(22336K) NonClass: 19281K(19392K)->19281K(19392K) Class: 2792K(2944K)->2792K(2944K)
[85.311s][info][gc             ] GC(67) Pause Young (Allocation Failure) 2321M->295M(7912M) 131.172ms
[85.311s][info][gc,cpu         ] GC(67) User=0.73s Sys=0.02s Real=0.13s
[86.832s][info][gc,start       ] GC(68) Pause Young (Allocation Failure)
[86.915s][info][gc,heap        ] GC(68) PSYoungGen: 2438624K(2509824K)->115680K(2517504K) Eden: 2238976K(2238976K)->0K(2238976K) From: 199648K(270848K)->115680K(278528K)
[86.915s][info][gc,heap        ] GC(68) ParOldGen: 103252K(5592576K)->103276K(5592576K)
[86.915s][info][gc,metaspace   ] GC(68) Metaspace: 22073K(22336K)->22073K(22336K) NonClass: 19281K(19392K)->19281K(19392K) Class: 2792K(2944K)->2792K(2944K)
[86.915s][info][gc             ] GC(68) Pause Young (Allocation Failure) 2482M->213M(7920M) 83.292ms
[86.915s][info][gc,cpu         ] GC(68) User=0.56s Sys=0.00s Real=0.08s
[88.055s][info][gc,start       ] GC(69) Pause Young (Allocation Failure)
[88.184s][info][gc,heap        ] GC(69) PSYoungGen: 2354656K(2517504K)->193360K(2514432K) Eden: 2238976K(2238976K)->0K(2243072K) From: 115680K(278528K)->193360K(271360K)
[88.184s][info][gc,heap        ] GC(69) ParOldGen: 103276K(5592576K)->109136K(5592576K)
[88.184s][info][gc,metaspace   ] GC(69) Metaspace: 22077K(22336K)->22077K(22336K) NonClass: 19285K(19392K)->19285K(19392K) Class: 2792K(2944K)->2792K(2944K)
[88.184s][info][gc             ] GC(69) Pause Young (Allocation Failure) 2400M->295M(7917M) 129.670ms
[88.184s][info][gc,cpu         ] GC(69) User=0.75s Sys=0.00s Real=0.13s
[89.872s][info][gc,start       ] GC(70) Pause Young (Allocation Failure)
[89.973s][info][gc,heap        ] GC(70) PSYoungGen: 2436432K(2514432K)->142016K(2519552K) Eden: 2243072K(2243072K)->0K(2243072K) From: 193360K(271360K)->142016K(276480K)
[89.973s][info][gc,heap        ] GC(70) ParOldGen: 109136K(5592576K)->110520K(5592576K)
[89.973s][info][gc,metaspace   ] GC(70) Metaspace: 22106K(22400K)->22106K(22400K) NonClass: 19314K(19456K)->19314K(19456K) Class: 2792K(2944K)->2792K(2944K)
[89.973s][info][gc             ] GC(70) Pause Young (Allocation Failure) 2485M->246M(7922M) 101.103ms
[89.973s][info][gc,cpu         ] GC(70) User=0.56s Sys=0.00s Real=0.10s
[91.043s][info][gc,start       ] GC(71) Pause Young (Allocation Failure)
[91.177s][info][gc,heap        ] GC(71) PSYoungGen: 2385088K(2519552K)->201264K(2515456K) Eden: 2243072K(2243072K)->0K(2250240K) From: 142016K(276480K)->201264K(265216K)
[91.179s][info][gc,heap        ] GC(71) ParOldGen: 110520K(5592576K)->124328K(5592576K)
[91.179s][info][gc,metaspace   ] GC(71) Metaspace: 22114K(22464K)->22114K(22464K) NonClass: 19322K(19520K)->19322K(19520K) Class: 2792K(2944K)->2792K(2944K)
[91.179s][info][gc             ] GC(71) Pause Young (Allocation Failure) 2437M->317M(7918M) 135.816ms
[91.179s][info][gc,cpu         ] GC(71) User=0.75s Sys=0.00s Real=0.13s
[92.895s][info][gc,start       ] GC(72) Pause Young (Allocation Failure)
[93.006s][info][gc,heap        ] GC(72) PSYoungGen: 2451504K(2515456K)->163520K(2523136K) Eden: 2250240K(2250240K)->0K(2250240K) From: 201264K(265216K)->163520K(272896K)
[93.006s][info][gc,heap        ] GC(72) ParOldGen: 124328K(5592576K)->128537K(5592576K)
[93.006s][info][gc,metaspace   ] GC(72) Metaspace: 22114K(22464K)->22114K(22464K) NonClass: 19322K(19520K)->19322K(19520K) Class: 2792K(2944K)->2792K(2944K)
[93.006s][info][gc             ] GC(72) Pause Young (Allocation Failure) 2515M->285M(7925M) 110.888ms
[93.006s][info][gc,cpu         ] GC(72) User=0.66s Sys=0.00s Real=0.12s
[93.784s][info][gc,start       ] GC(73) Pause Young (System.gc())
[93.848s][info][gc,heap        ] GC(73) PSYoungGen: 1099473K(2523136K)->57136K(2519552K) Eden: 935953K(2250240K)->0K(2255360K) From: 163520K(272896K)->57136K(264192K)
[93.848s][info][gc,heap        ] GC(73) ParOldGen: 128537K(5592576K)->158257K(5592576K)
[93.848s][info][gc,metaspace   ] GC(73) Metaspace: 22114K(22464K)->22114K(22464K) NonClass: 19322K(19520K)->19322K(19520K) Class: 2792K(2944K)->2792K(2944K)
[93.848s][info][gc             ] GC(73) Pause Young (System.gc()) 1199M->210M(7922M) 64.005ms
[93.848s][info][gc,cpu         ] GC(73) User=0.31s Sys=0.00s Real=0.08s
[93.849s][info][gc,start       ] GC(74) Pause Full (System.gc())
[93.849s][info][gc,phases,start] GC(74) Marking Phase
[93.881s][info][gc,phases      ] GC(74) Marking Phase 32.893ms
[93.881s][info][gc,phases,start] GC(74) Summary Phase
[93.882s][info][gc,phases      ] GC(74) Summary Phase 0.012ms
[93.882s][info][gc,phases,start] GC(74) Adjust Roots
[93.885s][info][gc,phases      ] GC(74) Adjust Roots 3.154ms
[93.886s][info][gc,phases,start] GC(74) Compaction Phase
[93.970s][info][gc,phases      ] GC(74) Compaction Phase 83.473ms
[93.970s][info][gc,phases,start] GC(74) Post Compact
[93.971s][info][gc,phases      ] GC(74) Post Compact 1.301ms
[93.971s][info][gc,heap        ] GC(74) PSYoungGen: 57136K(2519552K)->0K(2519552K) Eden: 0K(2255360K)->0K(2255360K) From: 57136K(264192K)->0K(264192K)
[93.971s][info][gc,heap        ] GC(74) ParOldGen: 158257K(5592576K)->92934K(5592576K)
[93.971s][info][gc,metaspace   ] GC(74) Metaspace: 22114K(22464K)->22114K(22464K) NonClass: 19322K(19520K)->19322K(19520K) Class: 2792K(2944K)->2792K(2944K)
[93.971s][info][gc             ] GC(74) Pause Full (System.gc()) 210M->90M(7922M) 122.481ms
[93.971s][info][gc,cpu         ] GC(74) User=0.66s Sys=0.00s Real=0.12s
[95.111s][info][gc,start       ] GC(75) Pause Young (Allocation Failure)
[95.239s][info][gc,heap        ] GC(75) PSYoungGen: 2255360K(2519552K)->193424K(2448896K) Eden: 2255360K(2255360K)->0K(2255360K) From: 0K(264192K)->193424K(193536K)
[95.239s][info][gc,heap        ] GC(75) ParOldGen: 92934K(5592576K)->92942K(5592576K)
[95.239s][info][gc,metaspace   ] GC(75) Metaspace: 22117K(22464K)->22117K(22464K) NonClass: 19325K(19520K)->19325K(19520K) Class: 2792K(2944K)->2792K(2944K)
[95.239s][info][gc             ] GC(75) Pause Young (Allocation Failure) 2293M->279M(7853M) 128.243ms
[95.240s][info][gc,cpu         ] GC(75) User=0.75s Sys=0.00s Real=0.13s
[96.725s][info][gc,start       ] GC(76) Pause Young (Allocation Failure)
[96.807s][info][gc,heap        ] GC(76) PSYoungGen: 2448784K(2448896K)->111264K(2526208K) Eden: 2255360K(2255360K)->0K(2250752K) From: 193424K(193536K)->111264K(275456K)
[96.807s][info][gc,heap        ] GC(76) ParOldGen: 92942K(5592576K)->92974K(5592576K)
[96.807s][info][gc,metaspace   ] GC(76) Metaspace: 22117K(22464K)->22117K(22464K) NonClass: 19325K(19520K)->19325K(19520K) Class: 2792K(2944K)->2792K(2944K)
[96.807s][info][gc             ] GC(76) Pause Young (Allocation Failure) 2482M->199M(7928M) 81.460ms
[96.807s][info][gc,cpu         ] GC(76) User=0.55s Sys=0.02s Real=0.09s
[97.977s][info][gc,start       ] GC(77) Pause Young (Allocation Failure)
[98.107s][info][gc,heap        ] GC(77) PSYoungGen: 2362016K(2526208K)->197200K(2448384K) Eden: 2250752K(2250752K)->0K(2250752K) From: 111264K(275456K)->197200K(197632K)
[98.112s][info][gc,heap        ] GC(77) ParOldGen: 92974K(5592576K)->96758K(5592576K)
[98.112s][info][gc,metaspace   ] GC(77) Metaspace: 22117K(22464K)->22117K(22464K) NonClass: 19325K(19520K)->19325K(19520K) Class: 2792K(2944K)->2792K(2944K)
[98.112s][info][gc             ] GC(77) Pause Young (Allocation Failure) 2397M->287M(7852M) 134.805ms
[98.112s][info][gc,cpu         ] GC(77) User=0.75s Sys=0.00s Real=0.13s
[99.552s][info][gc,start       ] GC(78) Pause Young (Allocation Failure)
[99.643s][info][gc,heap        ] GC(78) PSYoungGen: 2447952K(2448384K)->127376K(2528256K) Eden: 2250752K(2250752K)->0K(2252288K) From: 197200K(197632K)->127376K(275968K)
[99.643s][info][gc,heap        ] GC(78) ParOldGen: 96758K(5592576K)->97990K(5592576K)
[99.643s][info][gc,metaspace   ] GC(78) Metaspace: 22136K(22464K)->22136K(22464K) NonClass: 19344K(19520K)->19344K(19520K) Class: 2792K(2944K)->2792K(2944K)
[99.643s][info][gc             ] GC(78) Pause Young (Allocation Failure) 2485M->220M(7930M) 91.496ms
[99.643s][info][gc,cpu         ] GC(78) User=0.56s Sys=0.00s Real=0.09s
[100.765s][info][gc,start       ] GC(79) Pause Young (Allocation Failure)
[100.899s][info][gc,heap        ] GC(79) PSYoungGen: 2379664K(2528256K)->205664K(2458112K) Eden: 2252288K(2252288K)->0K(2252288K) From: 127376K(275968K)->205664K(205824K)
[100.901s][info][gc,heap        ] GC(79) ParOldGen: 97990K(5592576K)->106462K(5592576K)
[100.901s][info][gc,metaspace   ] GC(79) Metaspace: 22139K(22464K)->22139K(22464K) NonClass: 19347K(19520K)->19347K(19520K) Class: 2792K(2944K)->2792K(2944K)
[100.901s][info][gc             ] GC(79) Pause Young (Allocation Failure) 2419M->304M(7862M) 135.601ms
[100.901s][info][gc,cpu         ] GC(79) User=0.84s Sys=0.00s Real=0.15s
[102.586s][info][gc,start       ] GC(80) Pause Young (Allocation Failure)
[102.701s][info][gc,heap        ] GC(80) PSYoungGen: 2457952K(2458112K)->168608K(2526208K) Eden: 2252288K(2252288K)->0K(2249216K) From: 205664K(205824K)->168608K(276992K)
[102.701s][info][gc,heap        ] GC(80) ParOldGen: 106462K(5592576K)->108278K(5592576K)
[102.701s][info][gc,metaspace   ] GC(80) Metaspace: 22141K(22464K)->22141K(22464K) NonClass: 19348K(19520K)->19348K(19520K) Class: 2792K(2944K)->2792K(2944K)
[102.701s][info][gc             ] GC(80) Pause Young (Allocation Failure) 2504M->270M(7928M) 115.510ms
[102.701s][info][gc,cpu         ] GC(80) User=0.66s Sys=0.00s Real=0.12s
[103.380s][info][gc,start       ] GC(81) Pause Young (System.gc())
[103.447s][info][gc,heap        ] GC(81) PSYoungGen: 1006138K(2526208K)->56736K(2519040K) Eden: 837530K(2249216K)->0K(2249216K) From: 168608K(276992K)->56736K(269824K)
[103.447s][info][gc,heap        ] GC(81) ParOldGen: 108278K(5592576K)->149002K(5592576K)
[103.447s][info][gc,metaspace   ] GC(81) Metaspace: 22141K(22464K)->22141K(22464K) NonClass: 19348K(19520K)->19348K(19520K) Class: 2792K(2944K)->2792K(2944K)
[103.447s][info][gc             ] GC(81) Pause Young (System.gc()) 1088M->200M(7921M) 67.158ms
[103.447s][info][gc,cpu         ] GC(81) User=0.44s Sys=0.00s Real=0.07s
[103.447s][info][gc,start       ] GC(82) Pause Full (System.gc())
[103.447s][info][gc,phases,start] GC(82) Marking Phase
[103.484s][info][gc,phases      ] GC(82) Marking Phase 36.435ms
[103.484s][info][gc,phases,start] GC(82) Summary Phase
[103.484s][info][gc,phases      ] GC(82) Summary Phase 0.012ms
[103.484s][info][gc,phases,start] GC(82) Adjust Roots
[103.487s][info][gc,phases      ] GC(82) Adjust Roots 3.357ms
[103.487s][info][gc,phases,start] GC(82) Compaction Phase
[103.565s][info][gc,phases      ] GC(82) Compaction Phase 78.390ms
[103.565s][info][gc,phases,start] GC(82) Post Compact
[103.567s][info][gc,phases      ] GC(82) Post Compact 1.042ms
[103.567s][info][gc,heap        ] GC(82) PSYoungGen: 56736K(2519040K)->0K(2519040K) Eden: 0K(2249216K)->0K(2249216K) From: 56736K(269824K)->0K(269824K)
[103.567s][info][gc,heap        ] GC(82) ParOldGen: 149002K(5592576K)->103515K(5592576K)
[103.567s][info][gc,metaspace   ] GC(82) Metaspace: 22141K(22464K)->22141K(22464K) NonClass: 19348K(19520K)->19348K(19520K) Class: 2792K(2944K)->2792K(2944K)
[103.567s][info][gc             ] GC(82) Pause Full (System.gc()) 200M->101M(7921M) 119.468ms
[103.567s][info][gc,cpu         ] GC(82) User=0.66s Sys=0.00s Real=0.12s
[104.916s][info][gc,start       ] GC(83) Pause Young (Allocation Failure)
[105.048s][info][gc,heap        ] GC(83) PSYoungGen: 2249216K(2519040K)->204896K(2503168K) Eden: 2249216K(2249216K)->0K(2227712K) From: 0K(269824K)->204896K(275456K)
[105.048s][info][gc,heap        ] GC(83) ParOldGen: 103515K(5592576K)->103515K(5592576K)
[105.048s][info][gc,metaspace   ] GC(83) Metaspace: 22154K(22464K)->22154K(22464K) NonClass: 19362K(19520K)->19362K(19520K) Class: 2792K(2944K)->2792K(2944K)
[105.048s][info][gc             ] GC(83) Pause Young (Allocation Failure) 2297M->301M(7906M) 132.436ms
[105.048s][info][gc,cpu         ] GC(83) User=0.75s Sys=0.00s Real=0.14s
[106.747s][info][gc,start       ] GC(84) Pause Young (Allocation Failure)
[106.850s][info][gc,heap        ] GC(84) PSYoungGen: 2432608K(2503168K)->150160K(2511872K) Eden: 2227712K(2227712K)->0K(2227712K) From: 204896K(275456K)->150160K(284160K)
[106.850s][info][gc,heap        ] GC(84) ParOldGen: 103515K(5592576K)->103547K(5592576K)
[106.850s][info][gc,metaspace   ] GC(84) Metaspace: 22155K(22464K)->22155K(22464K) NonClass: 19363K(19520K)->19363K(19520K) Class: 2792K(2944K)->2792K(2944K)
[106.850s][info][gc             ] GC(84) Pause Young (Allocation Failure) 2476M->247M(7914M) 103.548ms
[106.850s][info][gc,cpu         ] GC(84) User=0.56s Sys=0.00s Real=0.11s
[107.932s][info][gc,start       ] GC(85) Pause Young (Allocation Failure)
[108.085s][info][gc,heap        ] GC(85) PSYoungGen: 2377872K(2511872K)->205056K(2509312K) Eden: 2227712K(2227712K)->0K(2237952K) From: 150160K(284160K)->205056K(271360K)
[108.085s][info][gc,heap        ] GC(85) ParOldGen: 103547K(5592576K)->124515K(5592576K)
[108.085s][info][gc,metaspace   ] GC(85) Metaspace: 22155K(22464K)->22155K(22464K) NonClass: 19363K(19520K)->19363K(19520K) Class: 2792K(2944K)->2792K(2944K)
[108.085s][info][gc             ] GC(85) Pause Young (Allocation Failure) 2423M->321M(7912M) 153.238ms
[108.085s][info][gc,cpu         ] GC(85) User=0.84s Sys=0.00s Real=0.15s
[109.555s][info][gc,start       ] GC(86) Pause Young (Allocation Failure)
[109.664s][info][gc,heap        ] GC(86) PSYoungGen: 2443008K(2509312K)->147360K(2516992K) Eden: 2237952K(2237952K)->0K(2237952K) From: 205056K(271360K)->147360K(279040K)
[109.664s][info][gc,heap        ] GC(86) ParOldGen: 124515K(5592576K)->130939K(5592576K)
[109.664s][info][gc,metaspace   ] GC(86) Metaspace: 22161K(22464K)->22161K(22464K) NonClass: 19368K(19520K)->19368K(19520K) Class: 2792K(2944K)->2792K(2944K)
[109.664s][info][gc             ] GC(86) Pause Young (Allocation Failure) 2507M->271M(7919M) 109.151ms
[109.664s][info][gc,cpu         ] GC(86) User=0.59s Sys=0.00s Real=0.11s
[110.817s][info][gc,start       ] GC(87) Pause Young (Allocation Failure)
[110.951s][info][gc,heap        ] GC(87) PSYoungGen: 2385312K(2516992K)->185104K(2528256K) Eden: 2237952K(2237952K)->0K(2259456K) From: 147360K(279040K)->185104K(268800K)
[110.951s][info][gc,heap        ] GC(87) ParOldGen: 130939K(5592576K)->140371K(5592576K)
[110.951s][info][gc,metaspace   ] GC(87) Metaspace: 22161K(22464K)->22161K(22464K) NonClass: 19368K(19520K)->19368K(19520K) Class: 2792K(2944K)->2792K(2944K)
[110.951s][info][gc             ] GC(87) Pause Young (Allocation Failure) 2457M->317M(7930M) 134.567ms
[110.951s][info][gc,cpu         ] GC(87) User=0.84s Sys=0.00s Real=0.14s
[112.454s][info][gc,start       ] GC(88) Pause Young (Allocation Failure)
[112.577s][info][gc,heap        ] GC(88) PSYoungGen: 2444560K(2528256K)->179712K(2527232K) Eden: 2259456K(2259456K)->0K(2259456K) From: 185104K(268800K)->179712K(267776K)
[112.577s][info][gc,heap        ] GC(88) ParOldGen: 140371K(5592576K)->142955K(5592576K)
[112.577s][info][gc,metaspace   ] GC(88) Metaspace: 22161K(22464K)->22161K(22464K) NonClass: 19369K(19520K)->19369K(19520K) Class: 2792K(2944K)->2792K(2944K)
[112.577s][info][gc             ] GC(88) Pause Young (Allocation Failure) 2524M->315M(7929M) 123.729ms
[112.577s][info][gc,cpu         ] GC(88) User=0.75s Sys=0.00s Real=0.13s
[113.227s][info][gc,start       ] GC(89) Pause Young (System.gc())
[113.295s][info][gc,heap        ] GC(89) PSYoungGen: 924851K(2527232K)->50112K(2513920K) Eden: 745139K(2259456K)->0K(2249216K) From: 179712K(267776K)->50112K(264704K)
[113.297s][info][gc,heap        ] GC(89) ParOldGen: 142955K(5592576K)->190259K(5592576K)
[113.297s][info][gc,metaspace   ] GC(89) Metaspace: 22163K(22464K)->22163K(22464K) NonClass: 19371K(19520K)->19371K(19520K) Class: 2792K(2944K)->2792K(2944K)
[113.297s][info][gc             ] GC(89) Pause Young (System.gc()) 1042M->234M(7916M) 70.126ms
[113.297s][info][gc,cpu         ] GC(89) User=0.33s Sys=0.00s Real=0.08s
[113.297s][info][gc,start       ] GC(90) Pause Full (System.gc())
[113.297s][info][gc,phases,start] GC(90) Marking Phase
[113.334s][info][gc,phases      ] GC(90) Marking Phase 37.035ms
[113.334s][info][gc,phases,start] GC(90) Summary Phase
[113.334s][info][gc,phases      ] GC(90) Summary Phase 0.013ms
[113.334s][info][gc,phases,start] GC(90) Adjust Roots
[113.337s][info][gc,phases      ] GC(90) Adjust Roots 3.284ms
[113.338s][info][gc,phases,start] GC(90) Compaction Phase
[113.432s][info][gc,phases      ] GC(90) Compaction Phase 94.526ms
[113.432s][info][gc,phases,start] GC(90) Post Compact
[113.433s][info][gc,phases      ] GC(90) Post Compact 1.172ms
[113.433s][info][gc,heap        ] GC(90) PSYoungGen: 50112K(2513920K)->0K(2513920K) Eden: 0K(2249216K)->0K(2249216K) From: 50112K(264704K)->0K(264704K)
[113.433s][info][gc,heap        ] GC(90) ParOldGen: 190259K(5592576K)->103456K(5592576K)
[113.433s][info][gc,metaspace   ] GC(90) Metaspace: 22163K(22464K)->22163K(22464K) NonClass: 19371K(19520K)->19371K(19520K) Class: 2792K(2944K)->2792K(2944K)
[113.433s][info][gc             ] GC(90) Pause Full (System.gc()) 234M->101M(7916M) 136.336ms
[113.433s][info][gc,cpu         ] GC(90) User=0.77s Sys=0.00s Real=0.14s
[114.801s][info][gc,start       ] GC(91) Pause Young (Allocation Failure)
[114.937s][info][gc,heap        ] GC(91) PSYoungGen: 2249216K(2513920K)->210816K(2460160K) Eden: 2249216K(2249216K)->0K(2249216K) From: 0K(264704K)->210816K(210944K)
[114.937s][info][gc,heap        ] GC(91) ParOldGen: 103456K(5592576K)->103464K(5592576K)
[114.937s][info][gc,metaspace   ] GC(91) Metaspace: 22165K(22464K)->22165K(22464K) NonClass: 19372K(19520K)->19372K(19520K) Class: 2792K(2944K)->2792K(2944K)
[114.937s][info][gc             ] GC(91) Pause Young (Allocation Failure) 2297M->306M(7864M) 135.426ms
[114.937s][info][gc,cpu         ] GC(91) User=0.81s Sys=0.00s Real=0.15s
[116.648s][info][gc,start       ] GC(92) Pause Young (Allocation Failure)
[116.752s][info][gc,heap        ] GC(92) PSYoungGen: 2460032K(2460160K)->157088K(2525184K) Eden: 2249216K(2249216K)->0K(2241536K) From: 210816K(210944K)->157088K(283648K)
[116.752s][info][gc,heap        ] GC(92) ParOldGen: 103464K(5592576K)->103496K(5592576K)
[116.752s][info][gc,metaspace   ] GC(92) Metaspace: 22165K(22464K)->22165K(22464K) NonClass: 19373K(19520K)->19373K(19520K) Class: 2792K(2944K)->2792K(2944K)
[116.752s][info][gc             ] GC(92) Pause Young (Allocation Failure) 2503M->254M(7927M) 104.749ms
[116.752s][info][gc,cpu         ] GC(92) User=0.58s Sys=0.00s Real=0.11s
[117.955s][info][gc,start       ] GC(93) Pause Young (Allocation Failure)
[118.092s][info][gc,heap        ] GC(93) PSYoungGen: 2398624K(2525184K)->184608K(2512384K) Eden: 2241536K(2241536K)->0K(2241536K) From: 157088K(283648K)->184608K(270848K)
[118.092s][info][gc,heap        ] GC(93) ParOldGen: 103496K(5592576K)->110976K(5592576K)
[118.092s][info][gc,metaspace   ] GC(93) Metaspace: 22165K(22464K)->22165K(22464K) NonClass: 19373K(19520K)->19373K(19520K) Class: 2792K(2944K)->2792K(2944K)
[118.092s][info][gc             ] GC(93) Pause Young (Allocation Failure) 2443M->288M(7915M) 136.737ms
[118.092s][info][gc,cpu         ] GC(93) User=0.84s Sys=0.00s Real=0.15s
[119.582s][info][gc,start       ] GC(94) Pause Young (Allocation Failure)
[119.694s][info][gc,heap        ] GC(94) PSYoungGen: 2426144K(2512384K)->165056K(2534912K) Eden: 2241536K(2241536K)->0K(2264576K) From: 184608K(270848K)->165056K(270336K)
[119.694s][info][gc,heap        ] GC(94) ParOldGen: 110976K(5592576K)->113392K(5592576K)
[119.694s][info][gc,metaspace   ] GC(94) Metaspace: 22165K(22464K)->22165K(22464K) NonClass: 19373K(19520K)->19373K(19520K) Class: 2792K(2944K)->2792K(2944K)
[119.694s][info][gc             ] GC(94) Pause Young (Allocation Failure) 2477M->271M(7937M) 112.527ms
[119.694s][info][gc,cpu         ] GC(94) User=0.66s Sys=0.00s Real=0.11s
[121.079s][info][gc,start       ] GC(95) Pause Young (Allocation Failure)
[121.171s][info][gc,heap        ] GC(95) PSYoungGen: 2429632K(2534912K)->125440K(2525696K) Eden: 2264576K(2264576K)->0K(2264576K) From: 165056K(270336K)->125440K(261120K)
[121.171s][info][gc,heap        ] GC(95) ParOldGen: 113392K(5592576K)->114408K(5592576K)
[121.171s][info][gc,metaspace   ] GC(95) Metaspace: 22166K(22464K)->22166K(22464K) NonClass: 19374K(19520K)->19374K(19520K) Class: 2792K(2944K)->2792K(2944K)
[121.171s][info][gc             ] GC(95) Pause Young (Allocation Failure) 2483M->234M(7928M) 91.934ms
[121.171s][info][gc,cpu         ] GC(95) User=0.53s Sys=0.00s Real=0.10s
[122.580s][info][gc,start       ] GC(96) Pause Young (Allocation Failure)
[122.705s][info][gc,heap        ] GC(96) PSYoungGen: 2390016K(2525696K)->192848K(2531840K) Eden: 2264576K(2264576K)->0K(2274816K) From: 125440K(261120K)->192848K(257024K)
[122.705s][info][gc,heap        ] GC(96) ParOldGen: 114408K(5592576K)->114948K(5592576K)
[122.705s][info][gc,metaspace   ] GC(96) Metaspace: 22166K(22464K)->22166K(22464K) NonClass: 19374K(19520K)->19374K(19520K) Class: 2792K(2944K)->2792K(2944K)
[122.705s][info][gc             ] GC(96) Pause Young (Allocation Failure) 2445M->300M(7934M) 124.695ms
[122.705s][info][gc,cpu         ] GC(96) User=0.75s Sys=0.00s Real=0.12s
[123.301s][info][gc,start       ] GC(97) Pause Young (System.gc())
[123.371s][info][gc,heap        ] GC(97) PSYoungGen: 858808K(2531840K)->43808K(2318848K) Eden: 665960K(2274816K)->0K(2274816K) From: 192848K(257024K)->43808K(44032K)
[123.371s][info][gc,heap        ] GC(97) ParOldGen: 114948K(5592576K)->168460K(5592576K)
[123.371s][info][gc,metaspace   ] GC(97) Metaspace: 22166K(22464K)->22166K(22464K) NonClass: 19374K(19520K)->19374K(19520K) Class: 2792K(2944K)->2792K(2944K)
[123.371s][info][gc             ] GC(97) Pause Young (System.gc()) 950M->207M(7726M) 70.038ms
[123.371s][info][gc,cpu         ] GC(97) User=0.45s Sys=0.00s Real=0.08s
[123.371s][info][gc,start       ] GC(98) Pause Full (System.gc())
[123.371s][info][gc,phases,start] GC(98) Marking Phase
[123.408s][info][gc,phases      ] GC(98) Marking Phase 37.252ms
[123.408s][info][gc,phases,start] GC(98) Summary Phase
[123.408s][info][gc,phases      ] GC(98) Summary Phase 0.012ms
[123.408s][info][gc,phases,start] GC(98) Adjust Roots
[123.412s][info][gc,phases      ] GC(98) Adjust Roots 3.474ms
[123.412s][info][gc,phases,start] GC(98) Compaction Phase
[123.489s][info][gc,phases      ] GC(98) Compaction Phase 77.011ms
[123.489s][info][gc,phases,start] GC(98) Post Compact
[123.490s][info][gc,phases      ] GC(98) Post Compact 1.079ms
[123.490s][info][gc,heap        ] GC(98) PSYoungGen: 43808K(2318848K)->0K(2318848K) Eden: 0K(2274816K)->0K(2274816K) From: 43808K(44032K)->0K(44032K)
[123.490s][info][gc,heap        ] GC(98) ParOldGen: 168460K(5592576K)->103356K(5592576K)
[123.490s][info][gc,metaspace   ] GC(98) Metaspace: 22166K(22464K)->22166K(22464K) NonClass: 19374K(19520K)->19374K(19520K) Class: 2792K(2944K)->2792K(2944K)
[123.490s][info][gc             ] GC(98) Pause Full (System.gc()) 207M->100M(7726M) 119.084ms
[123.490s][info][gc,cpu         ] GC(98) User=0.66s Sys=0.00s Real=0.12s
[124.743s][info][gc,start       ] GC(99) Pause Young (Allocation Failure)
[124.877s][info][gc,heap        ] GC(99) PSYoungGen: 2274816K(2318848K)->203904K(2509312K) Eden: 2274816K(2274816K)->0K(2238976K) From: 0K(44032K)->203904K(270336K)
[124.877s][info][gc,heap        ] GC(99) ParOldGen: 103356K(5592576K)->103356K(5592576K)
[124.877s][info][gc,metaspace   ] GC(99) Metaspace: 22169K(22464K)->22169K(22464K) NonClass: 19376K(19520K)->19376K(19520K) Class: 2792K(2944K)->2792K(2944K)
[124.877s][info][gc             ] GC(99) Pause Young (Allocation Failure) 2322M->300M(7912M) 134.104ms
[124.877s][info][gc,cpu         ] GC(99) User=0.73s Sys=0.02s Real=0.13s
[126.401s][info][gc,start       ] GC(100) Pause Young (Allocation Failure)
[126.489s][info][gc,heap        ] GC(100) PSYoungGen: 2442880K(2509312K)->123088K(2517504K) Eden: 2238976K(2238976K)->0K(2238976K) From: 203904K(270336K)->123088K(278528K)
[126.489s][info][gc,heap        ] GC(100) ParOldGen: 103356K(5592576K)->103380K(5592576K)
[126.489s][info][gc,metaspace   ] GC(100) Metaspace: 22173K(22464K)->22173K(22464K) NonClass: 19380K(19520K)->19380K(19520K) Class: 2792K(2944K)->2792K(2944K)
[126.489s][info][gc             ] GC(100) Pause Young (Allocation Failure) 2486M->221M(7920M) 88.231ms
[126.489s][info][gc,cpu         ] GC(100) User=0.47s Sys=0.00s Real=0.09s
[127.517s][info][gc,start       ] GC(101) Pause Young (Allocation Failure)
[127.642s][info][gc,heap        ] GC(101) PSYoungGen: 2362064K(2517504K)->186816K(2522624K) Eden: 2238976K(2238976K)->0K(2251264K) From: 123088K(278528K)->186816K(271360K)
[127.642s][info][gc,heap        ] GC(101) ParOldGen: 103380K(5592576K)->112068K(5592576K)
[127.642s][info][gc,metaspace   ] GC(101) Metaspace: 22173K(22464K)->22173K(22464K) NonClass: 19380K(19520K)->19380K(19520K) Class: 2792K(2944K)->2792K(2944K)
[127.642s][info][gc             ] GC(101) Pause Young (Allocation Failure) 2407M->291M(7925M) 125.502ms
[127.642s][info][gc,cpu         ] GC(101) User=0.70s Sys=0.00s Real=0.12s
[129.321s][info][gc,start       ] GC(102) Pause Young (Allocation Failure)
[129.419s][info][gc,heap        ] GC(102) PSYoungGen: 2438080K(2522624K)->136576K(2523648K) Eden: 2251264K(2251264K)->0K(2251264K) From: 186816K(271360K)->136576K(272384K)
[129.419s][info][gc,heap        ] GC(102) ParOldGen: 112068K(5592576K)->113188K(5592576K)
[129.419s][info][gc,metaspace   ] GC(102) Metaspace: 22191K(22528K)->22191K(22528K) NonClass: 19399K(19584K)->19399K(19584K) Class: 2792K(2944K)->2792K(2944K)
[129.419s][info][gc             ] GC(102) Pause Young (Allocation Failure) 2490M->243M(7926M) 98.594ms
[129.419s][info][gc,cpu         ] GC(102) User=0.56s Sys=0.00s Real=0.10s
[130.654s][info][gc,start       ] GC(103) Pause Young (Allocation Failure)
[130.766s][info][gc,heap        ] GC(103) PSYoungGen: 2387840K(2523648K)->175680K(2534912K) Eden: 2251264K(2251264K)->0K(2271232K) From: 136576K(272384K)->175680K(263680K)
[130.767s][info][gc,heap        ] GC(103) ParOldGen: 113188K(5592576K)->117212K(5592576K)
[130.767s][info][gc,metaspace   ] GC(103) Metaspace: 22194K(22528K)->22194K(22528K) NonClass: 19402K(19584K)->19402K(19584K) Class: 2792K(2944K)->2792K(2944K)
[130.767s][info][gc             ] GC(103) Pause Young (Allocation Failure) 2442M->286M(7937M) 112.874ms
[130.767s][info][gc,cpu         ] GC(103) User=0.66s Sys=0.00s Real=0.11s
[132.487s][info][gc,start       ] GC(104) Pause Young (Allocation Failure)
[132.597s][info][gc,heap        ] GC(104) PSYoungGen: 2446912K(2534912K)->164736K(2532352K) Eden: 2271232K(2271232K)->0K(2271232K) From: 175680K(263680K)->164736K(261120K)
[132.597s][info][gc,heap        ] GC(104) ParOldGen: 117212K(5592576K)->118628K(5592576K)
[132.597s][info][gc,metaspace   ] GC(104) Metaspace: 22233K(22528K)->22233K(22528K) NonClass: 19441K(19584K)->19441K(19584K) Class: 2792K(2944K)->2792K(2944K)
[132.597s][info][gc             ] GC(104) Pause Young (Allocation Failure) 2504M->276M(7934M) 110.141ms
[132.597s][info][gc,cpu         ] GC(104) User=0.64s Sys=0.02s Real=0.12s
[133.375s][info][gc,start       ] GC(105) Pause Young (System.gc())
[133.431s][info][gc,heap        ] GC(105) PSYoungGen: 1092180K(2532352K)->54848K(2527232K) Eden: 927444K(2271232K)->0K(2272768K) From: 164736K(261120K)->54848K(254464K)
[133.431s][info][gc,heap        ] GC(105) ParOldGen: 118628K(5592576K)->144528K(5592576K)
[133.431s][info][gc,metaspace   ] GC(105) Metaspace: 22238K(22528K)->22238K(22528K) NonClass: 19445K(19584K)->19445K(19584K) Class: 2792K(2944K)->2792K(2944K)
[133.431s][info][gc             ] GC(105) Pause Young (System.gc()) 1182M->194M(7929M) 56.594ms
[133.431s][info][gc,cpu         ] GC(105) User=0.38s Sys=0.00s Real=0.06s
[133.431s][info][gc,start       ] GC(106) Pause Full (System.gc())
[133.431s][info][gc,phases,start] GC(106) Marking Phase
[133.463s][info][gc,phases      ] GC(106) Marking Phase 32.160ms
[133.464s][info][gc,phases,start] GC(106) Summary Phase
[133.464s][info][gc,phases      ] GC(106) Summary Phase 0.011ms
[133.464s][info][gc,phases,start] GC(106) Adjust Roots
[133.468s][info][gc,phases      ] GC(106) Adjust Roots 4.054ms
[133.468s][info][gc,phases,start] GC(106) Compaction Phase
[133.534s][info][gc,phases      ] GC(106) Compaction Phase 66.528ms
[133.534s][info][gc,phases,start] GC(106) Post Compact
[133.535s][info][gc,phases      ] GC(106) Post Compact 1.028ms
[133.535s][info][gc,heap        ] GC(106) PSYoungGen: 54848K(2527232K)->0K(2527232K) Eden: 0K(2272768K)->0K(2272768K) From: 54848K(254464K)->0K(254464K)
[133.535s][info][gc,heap        ] GC(106) ParOldGen: 144528K(5592576K)->86879K(5592576K)
[133.535s][info][gc,metaspace   ] GC(106) Metaspace: 22238K(22528K)->22238K(22528K) NonClass: 19445K(19584K)->19445K(19584K) Class: 2792K(2944K)->2792K(2944K)
[133.535s][info][gc             ] GC(106) Pause Full (System.gc()) 194M->84M(7929M) 104.038ms
[133.535s][info][gc,cpu         ] GC(106) User=0.48s Sys=0.00s Real=0.10s
[134.787s][info][gc,start       ] GC(107) Pause Young (Allocation Failure)
[134.924s][info][gc,heap        ] GC(107) PSYoungGen: 2272768K(2527232K)->206368K(2479616K) Eden: 2272768K(2272768K)->0K(2272768K) From: 0K(254464K)->206368K(206848K)
[134.924s][info][gc,heap        ] GC(107) ParOldGen: 86879K(5592576K)->86879K(5592576K)
[134.924s][info][gc,metaspace   ] GC(107) Metaspace: 22240K(22528K)->22240K(22528K) NonClass: 19448K(19584K)->19448K(19584K) Class: 2792K(2944K)->2792K(2944K)
[134.924s][info][gc             ] GC(107) Pause Young (Allocation Failure) 2304M->286M(7883M) 137.029ms
[134.924s][info][gc,cpu         ] GC(107) User=0.84s Sys=0.00s Real=0.14s
[136.629s][info][gc,start       ] GC(108) Pause Young (Allocation Failure)
[136.732s][info][gc,heap        ] GC(108) PSYoungGen: 2479136K(2479616K)->142176K(2533888K) Eden: 2272768K(2272768K)->0K(2261504K) From: 206368K(206848K)->142176K(272384K)
[136.732s][info][gc,heap        ] GC(108) ParOldGen: 86879K(5592576K)->86911K(5592576K)
[136.732s][info][gc,metaspace   ] GC(108) Metaspace: 22243K(22528K)->22243K(22528K) NonClass: 19450K(19584K)->19450K(19584K) Class: 2792K(2944K)->2792K(2944K)
[136.732s][info][gc             ] GC(108) Pause Young (Allocation Failure) 2505M->223M(7936M) 102.505ms
[136.732s][info][gc,cpu         ] GC(108) User=0.66s Sys=0.00s Real=0.10s
[137.809s][info][gc,start       ] GC(109) Pause Young (Allocation Failure)
[137.946s][info][gc,heap        ] GC(109) PSYoungGen: 2403680K(2533888K)->203040K(2523648K) Eden: 2261504K(2261504K)->0K(2261504K) From: 142176K(272384K)->203040K(262144K)
[137.946s][info][gc,heap        ] GC(109) ParOldGen: 86911K(5592576K)->102771K(5592576K)
[137.946s][info][gc,metaspace   ] GC(109) Metaspace: 22243K(22528K)->22243K(22528K) NonClass: 19450K(19584K)->19450K(19584K) Class: 2792K(2944K)->2792K(2944K)
[137.946s][info][gc             ] GC(109) Pause Young (Allocation Failure) 2432M->298M(7926M) 136.735ms
[137.946s][info][gc,cpu         ] GC(109) User=0.83s Sys=0.00s Real=0.14s
[139.524s][info][gc,start       ] GC(110) Pause Young (Allocation Failure)
[139.617s][info][gc,heap        ] GC(110) PSYoungGen: 2464544K(2523648K)->133024K(2533376K) Eden: 2261504K(2261504K)->0K(2263040K) From: 203040K(262144K)->133024K(270336K)
[139.617s][info][gc,heap        ] GC(110) ParOldGen: 102771K(5592576K)->107932K(5592576K)
[139.617s][info][gc,metaspace   ] GC(110) Metaspace: 22245K(22528K)->22245K(22528K) NonClass: 19452K(19584K)->19452K(19584K) Class: 2792K(2944K)->2792K(2944K)
[139.617s][info][gc             ] GC(110) Pause Young (Allocation Failure) 2507M->235M(7935M) 93.261ms
[139.617s][info][gc,cpu         ] GC(110) User=0.56s Sys=0.00s Real=0.09s
[140.868s][info][gc,start       ] GC(111) Pause Young (Allocation Failure)
[141.001s][info][gc,heap        ] GC(111) PSYoungGen: 2396064K(2533376K)->184352K(2525696K) Eden: 2263040K(2263040K)->0K(2263040K) From: 133024K(270336K)->184352K(262656K)
[141.003s][info][gc,heap        ] GC(111) ParOldGen: 107932K(5592576K)->113100K(5592576K)
[141.003s][info][gc,metaspace   ] GC(111) Metaspace: 22245K(22528K)->22245K(22528K) NonClass: 19452K(19584K)->19452K(19584K) Class: 2792K(2944K)->2792K(2944K)
[141.003s][info][gc             ] GC(111) Pause Young (Allocation Failure) 2445M->290M(7928M) 134.946ms
[141.003s][info][gc,cpu         ] GC(111) User=0.75s Sys=0.00s Real=0.14s
[142.438s][info][gc,start       ] GC(112) Pause Young (Allocation Failure)
[142.547s][info][gc,heap        ] GC(112) PSYoungGen: 2447392K(2525696K)->165392K(2540032K) Eden: 2263040K(2263040K)->0K(2276864K) From: 184352K(262656K)->165392K(263168K)
[142.547s][info][gc,heap        ] GC(112) ParOldGen: 113100K(5592576K)->113980K(5592576K)
[142.547s][info][gc,metaspace   ] GC(112) Metaspace: 22247K(22528K)->22247K(22528K) NonClass: 19455K(19584K)->19455K(19584K) Class: 2792K(2944K)->2792K(2944K)
[142.547s][info][gc             ] GC(112) Pause Young (Allocation Failure) 2500M->272M(7942M) 108.473ms
[142.547s][info][gc,cpu         ] GC(112) User=0.66s Sys=0.00s Real=0.11s
[143.230s][info][gc,start       ] GC(113) Pause Young (System.gc())
[143.297s][info][gc,heap        ] GC(113) PSYoungGen: 1022104K(2540032K)->57488K(2526208K) Eden: 856712K(2276864K)->0K(2270208K) From: 165392K(263168K)->57488K(256000K)
[143.297s][info][gc,heap        ] GC(113) ParOldGen: 113980K(5592576K)->153864K(5592576K)
[143.297s][info][gc,metaspace   ] GC(113) Metaspace: 22250K(22528K)->22250K(22528K) NonClass: 19458K(19584K)->19458K(19584K) Class: 2792K(2944K)->2792K(2944K)
[143.297s][info][gc             ] GC(113) Pause Young (System.gc()) 1109M->206M(7928M) 66.377ms
[143.297s][info][gc,cpu         ] GC(113) User=0.38s Sys=0.00s Real=0.07s
[143.297s][info][gc,start       ] GC(114) Pause Full (System.gc())
[143.297s][info][gc,phases,start] GC(114) Marking Phase
[143.336s][info][gc,phases      ] GC(114) Marking Phase 39.537ms
[143.336s][info][gc,phases,start] GC(114) Summary Phase
[143.336s][info][gc,phases      ] GC(114) Summary Phase 0.011ms
[143.336s][info][gc,phases,start] GC(114) Adjust Roots
[143.340s][info][gc,phases      ] GC(114) Adjust Roots 3.370ms
[143.340s][info][gc,phases,start] GC(114) Compaction Phase
[143.423s][info][gc,phases      ] GC(114) Compaction Phase 82.965ms
[143.423s][info][gc,phases,start] GC(114) Post Compact
[143.424s][info][gc,phases      ] GC(114) Post Compact 1.209ms
[143.424s][info][gc,heap        ] GC(114) PSYoungGen: 57488K(2526208K)->0K(2526208K) Eden: 0K(2270208K)->0K(2270208K) From: 57488K(256000K)->0K(256000K)
[143.424s][info][gc,heap        ] GC(114) ParOldGen: 153864K(5592576K)->103427K(5592576K)
[143.424s][info][gc,metaspace   ] GC(114) Metaspace: 22250K(22528K)->22250K(22528K) NonClass: 19458K(19584K)->19458K(19584K) Class: 2792K(2944K)->2792K(2944K)
[143.424s][info][gc             ] GC(114) Pause Full (System.gc()) 206M->101M(7928M) 127.458ms
[143.424s][info][gc,cpu         ] GC(114) User=0.67s Sys=0.00s Real=0.12s
[144.785s][info][gc,start       ] GC(115) Pause Young (Allocation Failure)
[144.918s][info][gc,heap        ] GC(115) PSYoungGen: 2270208K(2526208K)->205120K(2513408K) Eden: 2270208K(2270208K)->0K(2250240K) From: 0K(256000K)->205120K(263168K)
[144.918s][info][gc,heap        ] GC(115) ParOldGen: 103427K(5592576K)->103427K(5592576K)
[144.918s][info][gc,metaspace   ] GC(115) Metaspace: 22254K(22528K)->22254K(22528K) NonClass: 19461K(19584K)->19461K(19584K) Class: 2792K(2944K)->2792K(2944K)
[144.918s][info][gc             ] GC(115) Pause Young (Allocation Failure) 2318M->301M(7916M) 133.057ms
[144.918s][info][gc,cpu         ] GC(115) User=0.84s Sys=0.00s Real=0.14s
[146.510s][info][gc,start       ] GC(116) Pause Young (Allocation Failure)
[146.608s][info][gc,heap        ] GC(116) PSYoungGen: 2455360K(2513408K)->136656K(2523136K) Eden: 2250240K(2250240K)->0K(2250240K) From: 205120K(263168K)->136656K(272896K)
[146.608s][info][gc,heap        ] GC(116) ParOldGen: 103427K(5592576K)->103459K(5592576K)
[146.608s][info][gc,metaspace   ] GC(116) Metaspace: 22254K(22528K)->22254K(22528K) NonClass: 19461K(19584K)->19461K(19584K) Class: 2792K(2944K)->2792K(2944K)
[146.608s][info][gc             ] GC(116) Pause Young (Allocation Failure) 2498M->234M(7925M) 97.962ms
[146.608s][info][gc,cpu         ] GC(116) User=0.55s Sys=0.00s Real=0.10s
[147.706s][info][gc,start       ] GC(117) Pause Young (Allocation Failure)
[147.841s][info][gc,heap        ] GC(117) PSYoungGen: 2386896K(2523136K)->199488K(2519040K) Eden: 2250240K(2250240K)->0K(2255360K) From: 136656K(272896K)->199488K(263680K)
[147.841s][info][gc,heap        ] GC(117) ParOldGen: 103459K(5592576K)->115551K(5592576K)
[147.841s][info][gc,metaspace   ] GC(117) Metaspace: 22254K(22528K)->22254K(22528K) NonClass: 19461K(19584K)->19461K(19584K) Class: 2792K(2944K)->2792K(2944K)
[147.841s][info][gc             ] GC(117) Pause Young (Allocation Failure) 2431M->307M(7921M) 135.082ms
[147.841s][info][gc,cpu         ] GC(117) User=0.84s Sys=0.00s Real=0.13s
[149.553s][info][gc,start       ] GC(118) Pause Young (Allocation Failure)
[149.651s][info][gc,heap        ] GC(118) PSYoungGen: 2454848K(2519040K)->133184K(2525696K) Eden: 2255360K(2255360K)->0K(2255360K) From: 199488K(263680K)->133184K(270336K)
[149.651s][info][gc,heap        ] GC(118) ParOldGen: 115551K(5592576K)->118599K(5592576K)
[149.651s][info][gc,metaspace   ] GC(118) Metaspace: 22256K(22528K)->22256K(22528K) NonClass: 19463K(19584K)->19463K(19584K) Class: 2792K(2944K)->2792K(2944K)
[149.651s][info][gc             ] GC(118) Pause Young (Allocation Failure) 2510M->245M(7928M) 97.698ms
[149.651s][info][gc,cpu         ] GC(118) User=0.62s Sys=0.02s Real=0.10s
[150.759s][info][gc,start       ] GC(119) Pause Young (Allocation Failure)
[150.897s][info][gc,heap        ] GC(119) PSYoungGen: 2388544K(2525696K)->203616K(2518016K) Eden: 2255360K(2255360K)->0K(2255360K) From: 133184K(270336K)->203616K(262656K)
[150.897s][info][gc,heap        ] GC(119) ParOldGen: 118599K(5592576K)->129883K(5592576K)
[150.897s][info][gc,metaspace   ] GC(119) Metaspace: 22256K(22528K)->22256K(22528K) NonClass: 19463K(19584K)->19463K(19584K) Class: 2792K(2944K)->2792K(2944K)
[150.897s][info][gc             ] GC(119) Pause Young (Allocation Failure) 2448M->325M(7920M) 138.365ms
[150.897s][info][gc,cpu         ] GC(119) User=0.75s Sys=0.00s Real=0.14s
[152.563s][info][gc,start       ] GC(120) Pause Young (Allocation Failure)
[152.666s][info][gc,heap        ] GC(120) PSYoungGen: 2458976K(2518016K)->148416K(2525696K) Eden: 2255360K(2255360K)->0K(2255360K) From: 203616K(262656K)->148416K(270336K)
[152.667s][info][gc,heap        ] GC(120) ParOldGen: 129883K(5592576K)->133259K(5592576K)
[152.667s][info][gc,metaspace   ] GC(120) Metaspace: 22256K(22528K)->22256K(22528K) NonClass: 19463K(19584K)->19463K(19584K) Class: 2792K(2944K)->2792K(2944K)
[152.667s][info][gc             ] GC(120) Pause Young (Allocation Failure) 2528M->275M(7928M) 103.451ms
[152.667s][info][gc,cpu         ] GC(120) User=0.64s Sys=0.00s Real=0.10s
[153.422s][info][gc,start       ] GC(121) Pause Young (System.gc())
[153.491s][info][gc,heap        ] GC(121) PSYoungGen: 1224212K(2525696K)->68560K(2525696K) Eden: 1075796K(2255360K)->0K(2264576K) From: 148416K(270336K)->68560K(261120K)
[153.491s][info][gc,heap        ] GC(121) ParOldGen: 133259K(5592576K)->161903K(5592576K)
[153.491s][info][gc,metaspace   ] GC(121) Metaspace: 22256K(22528K)->22256K(22528K) NonClass: 19463K(19584K)->19463K(19584K) Class: 2792K(2944K)->2792K(2944K)
[153.491s][info][gc             ] GC(121) Pause Young (System.gc()) 1325M->225M(7928M) 68.992ms
[153.491s][info][gc,cpu         ] GC(121) User=0.38s Sys=0.00s Real=0.07s
[153.491s][info][gc,start       ] GC(122) Pause Full (System.gc())
[153.491s][info][gc,phases,start] GC(122) Marking Phase
[153.527s][info][gc,phases      ] GC(122) Marking Phase 36.106ms
[153.527s][info][gc,phases,start] GC(122) Summary Phase
[153.527s][info][gc,phases      ] GC(122) Summary Phase 0.012ms
[153.527s][info][gc,phases,start] GC(122) Adjust Roots
[153.532s][info][gc,phases      ] GC(122) Adjust Roots 4.265ms
[153.532s][info][gc,phases,start] GC(122) Compaction Phase
[153.627s][info][gc,phases      ] GC(122) Compaction Phase 95.894ms
[153.627s][info][gc,phases,start] GC(122) Post Compact
[153.629s][info][gc,phases      ] GC(122) Post Compact 1.415ms
[153.629s][info][gc,heap        ] GC(122) PSYoungGen: 68560K(2525696K)->0K(2525696K) Eden: 0K(2264576K)->0K(2264576K) From: 68560K(261120K)->0K(261120K)
[153.629s][info][gc,heap        ] GC(122) ParOldGen: 161903K(5592576K)->103337K(5592576K)
[153.629s][info][gc,metaspace   ] GC(122) Metaspace: 22256K(22528K)->22256K(22528K) NonClass: 19463K(19584K)->19463K(19584K) Class: 2792K(2944K)->2792K(2944K)
[153.629s][info][gc             ] GC(122) Pause Full (System.gc()) 225M->100M(7928M) 137.959ms
[153.629s][info][gc,cpu         ] GC(122) User=0.73s Sys=0.02s Real=0.14s
[154.871s][info][gc,start       ] GC(123) Pause Young (Allocation Failure)
[155.003s][info][gc,heap        ] GC(123) PSYoungGen: 2264576K(2525696K)->203344K(2468352K) Eden: 2264576K(2264576K)->0K(2264576K) From: 0K(261120K)->203344K(203776K)
[155.004s][info][gc,heap        ] GC(123) ParOldGen: 103337K(5592576K)->103337K(5592576K)
[155.004s][info][gc,metaspace   ] GC(123) Metaspace: 22258K(22528K)->22258K(22528K) NonClass: 19465K(19584K)->19465K(19584K) Class: 2792K(2944K)->2792K(2944K)
[155.004s][info][gc             ] GC(123) Pause Young (Allocation Failure) 2312M->299M(7872M) 132.454ms
[155.004s][info][gc,cpu         ] GC(123) User=0.75s Sys=0.00s Real=0.13s
[156.655s][info][gc,start       ] GC(124) Pause Young (Allocation Failure)
[156.754s][info][gc,heap        ] GC(124) PSYoungGen: 2467920K(2468352K)->140192K(2531328K) Eden: 2264576K(2264576K)->0K(2256896K) From: 203344K(203776K)->140192K(274432K)
[156.754s][info][gc,heap        ] GC(124) ParOldGen: 103337K(5592576K)->103369K(5592576K)
[156.754s][info][gc,metaspace   ] GC(124) Metaspace: 22258K(22528K)->22258K(22528K) NonClass: 19465K(19584K)->19465K(19584K) Class: 2792K(2944K)->2792K(2944K)
[156.754s][info][gc             ] GC(124) Pause Young (Allocation Failure) 2510M->237M(7933M) 99.252ms
[156.754s][info][gc,cpu         ] GC(124) User=0.56s Sys=0.00s Real=0.10s
[157.906s][info][gc,start       ] GC(125) Pause Young (Allocation Failure)
[158.046s][info][gc,heap        ] GC(125) PSYoungGen: 2397088K(2531328K)->208336K(2521600K) Eden: 2256896K(2256896K)->0K(2256896K) From: 140192K(274432K)->208336K(264704K)
[158.046s][info][gc,heap        ] GC(125) ParOldGen: 103369K(5592576K)->113361K(5592576K)
[158.046s][info][gc,metaspace   ] GC(125) Metaspace: 22258K(22528K)->22258K(22528K) NonClass: 19465K(19584K)->19465K(19584K) Class: 2792K(2944K)->2792K(2944K)
[158.046s][info][gc             ] GC(125) Pause Young (Allocation Failure) 2441M->314M(7924M) 140.363ms
[158.046s][info][gc,cpu         ] GC(125) User=0.84s Sys=0.00s Real=0.14s
[159.614s][info][gc,start       ] GC(126) Pause Young (Allocation Failure)
[159.703s][info][gc,heap        ] GC(126) PSYoungGen: 2465232K(2521600K)->126688K(2527744K) Eden: 2256896K(2256896K)->0K(2253824K) From: 208336K(264704K)->126688K(273920K)
[159.703s][info][gc,heap        ] GC(126) ParOldGen: 113361K(5592576K)->116513K(5592576K)
[159.703s][info][gc,metaspace   ] GC(126) Metaspace: 22258K(22528K)->22258K(22528K) NonClass: 19465K(19584K)->19465K(19584K) Class: 2792K(2944K)->2792K(2944K)
[159.703s][info][gc             ] GC(126) Pause Young (Allocation Failure) 2518M->237M(7930M) 89.052ms
[159.703s][info][gc,cpu         ] GC(126) User=0.56s Sys=0.00s Real=0.09s
[160.871s][info][gc,start       ] GC(127) Pause Young (Allocation Failure)
[161.010s][info][gc,heap        ] GC(127) PSYoungGen: 2380512K(2527744K)->188960K(2522112K) Eden: 2253824K(2253824K)->0K(2253824K) From: 126688K(273920K)->188960K(268288K)
[161.011s][info][gc,heap        ] GC(127) ParOldGen: 116513K(5592576K)->123181K(5592576K)
[161.011s][info][gc,metaspace   ] GC(127) Metaspace: 22258K(22528K)->22258K(22528K) NonClass: 19465K(19584K)->19465K(19584K) Class: 2792K(2944K)->2792K(2944K)
[161.011s][info][gc             ] GC(127) Pause Young (Allocation Failure) 2438M->304M(7924M) 139.763ms
[161.011s][info][gc,cpu         ] GC(127) User=0.84s Sys=0.00s Real=0.14s
[162.561s][info][gc,start       ] GC(128) Pause Young (Allocation Failure)
[162.680s][info][gc,heap        ] GC(128) PSYoungGen: 2442784K(2522112K)->177856K(2530816K) Eden: 2253824K(2253824K)->0K(2261504K) From: 188960K(268288K)->177856K(269312K)
[162.680s][info][gc,heap        ] GC(128) ParOldGen: 123181K(5592576K)->125414K(5592576K)
[162.680s][info][gc,metaspace   ] GC(128) Metaspace: 22258K(22528K)->22258K(22528K) NonClass: 19465K(19584K)->19465K(19584K) Class: 2792K(2944K)->2792K(2944K)
[162.680s][info][gc             ] GC(128) Pause Young (Allocation Failure) 2505M->296M(7933M) 118.540ms
[162.680s][info][gc,cpu         ] GC(128) User=0.73s Sys=0.02s Real=0.13s
[163.323s][info][gc,start       ] GC(129) Pause Young (System.gc())
[163.391s][info][gc,heap        ] GC(129) PSYoungGen: 919533K(2530816K)->50416K(2309120K) Eden: 741677K(2261504K)->0K(2258432K) From: 177856K(269312K)->50416K(50688K)
[163.391s][info][gc,heap        ] GC(129) ParOldGen: 125414K(5592576K)->172394K(5592576K)
[163.391s][info][gc,metaspace   ] GC(129) Metaspace: 22258K(22528K)->22258K(22528K) NonClass: 19465K(19584K)->19465K(19584K) Class: 2792K(2944K)->2792K(2944K)
[163.391s][info][gc             ] GC(129) Pause Young (System.gc()) 1020M->217M(7716M) 67.281ms
[163.391s][info][gc,cpu         ] GC(129) User=0.38s Sys=0.00s Real=0.07s
[163.391s][info][gc,start       ] GC(130) Pause Full (System.gc())
[163.391s][info][gc,phases,start] GC(130) Marking Phase
[163.432s][info][gc,phases      ] GC(130) Marking Phase 40.989ms
[163.432s][info][gc,phases,start] GC(130) Summary Phase
[163.432s][info][gc,phases      ] GC(130) Summary Phase 0.012ms
[163.432s][info][gc,phases,start] GC(130) Adjust Roots
[163.435s][info][gc,phases      ] GC(130) Adjust Roots 3.457ms
[163.435s][info][gc,phases,start] GC(130) Compaction Phase
[163.528s][info][gc,phases      ] GC(130) Compaction Phase 93.077ms
[163.528s][info][gc,phases,start] GC(130) Post Compact
[163.529s][info][gc,phases      ] GC(130) Post Compact 1.077ms
[163.529s][info][gc,heap        ] GC(130) PSYoungGen: 50416K(2309120K)->0K(2309120K) Eden: 0K(2258432K)->0K(2258432K) From: 50416K(50688K)->0K(50688K)
[163.530s][info][gc,heap        ] GC(130) ParOldGen: 172394K(5592576K)->103467K(5592576K)
[163.530s][info][gc,metaspace   ] GC(130) Metaspace: 22258K(22528K)->22258K(22528K) NonClass: 19465K(19584K)->19465K(19584K) Class: 2792K(2944K)->2792K(2944K)
[163.530s][info][gc             ] GC(130) Pause Full (System.gc()) 217M->101M(7716M) 138.908ms
[163.530s][info][gc,cpu         ] GC(130) User=0.75s Sys=0.02s Real=0.14s
[164.656s][info][gc,start       ] GC(131) Pause Young (Allocation Failure)
[164.784s][info][gc,heap        ] GC(131) PSYoungGen: 2258432K(2309120K)->188992K(2517504K) Eden: 2258432K(2258432K)->0K(2244096K) From: 0K(50688K)->188992K(273408K)
[164.784s][info][gc,heap        ] GC(131) ParOldGen: 103467K(5592576K)->103467K(5592576K)
[164.784s][info][gc,metaspace   ] GC(131) Metaspace: 22258K(22528K)->22258K(22528K) NonClass: 19465K(19584K)->19465K(19584K) Class: 2792K(2944K)->2792K(2944K)
[164.784s][info][gc             ] GC(131) Pause Young (Allocation Failure) 2306M->285M(7920M) 127.747ms
[164.784s][info][gc,cpu         ] GC(131) User=0.75s Sys=0.00s Real=0.13s
[166.290s][info][gc,start       ] GC(132) Pause Young (Allocation Failure)
[166.368s][info][gc,heap        ] GC(132) PSYoungGen: 2433088K(2517504K)->107904K(2520064K) Eden: 2244096K(2244096K)->0K(2244096K) From: 188992K(273408K)->107904K(275968K)
[166.368s][info][gc,heap        ] GC(132) ParOldGen: 103467K(5592576K)->103499K(5592576K)
[166.368s][info][gc,metaspace   ] GC(132) Metaspace: 22258K(22528K)->22258K(22528K) NonClass: 19465K(19584K)->19465K(19584K) Class: 2792K(2944K)->2792K(2944K)
[166.368s][info][gc             ] GC(132) Pause Young (Allocation Failure) 2477M->206M(7922M) 77.146ms
[166.368s][info][gc,cpu         ] GC(132) User=0.47s Sys=0.00s Real=0.08s
[167.548s][info][gc,start       ] GC(133) Pause Young (Allocation Failure)
[167.672s][info][gc,heap        ] GC(133) PSYoungGen: 2352000K(2520064K)->188000K(2520576K) Eden: 2244096K(2244096K)->0K(2249216K) From: 107904K(275968K)->188000K(271360K)
[167.672s][info][gc,heap        ] GC(133) ParOldGen: 103499K(5592576K)->105867K(5592576K)
[167.672s][info][gc,metaspace   ] GC(133) Metaspace: 22258K(22528K)->22258K(22528K) NonClass: 19465K(19584K)->19465K(19584K) Class: 2792K(2944K)->2792K(2944K)
[167.672s][info][gc             ] GC(133) Pause Young (Allocation Failure) 2397M->286M(7923M) 123.903ms
[167.672s][info][gc,cpu         ] GC(133) User=0.70s Sys=0.03s Real=0.13s
[169.239s][info][gc,start       ] GC(134) Pause Young (Allocation Failure)
[169.324s][info][gc,heap        ] GC(134) PSYoungGen: 2437216K(2520576K)->116864K(2522624K) Eden: 2249216K(2249216K)->0K(2249216K) From: 188000K(271360K)->116864K(273408K)
[169.324s][info][gc,heap        ] GC(134) ParOldGen: 105867K(5592576K)->106695K(5592576K)
[169.324s][info][gc,metaspace   ] GC(134) Metaspace: 22258K(22528K)->22258K(22528K) NonClass: 19465K(19584K)->19465K(19584K) Class: 2792K(2944K)->2792K(2944K)
[169.324s][info][gc             ] GC(134) Pause Young (Allocation Failure) 2483M->218M(7925M) 84.746ms
[169.324s][info][gc,cpu         ] GC(134) User=0.55s Sys=0.00s Real=0.09s
[170.448s][info][gc,start       ] GC(135) Pause Young (Allocation Failure)
[170.579s][info][gc,heap        ] GC(135) PSYoungGen: 2366080K(2522624K)->191200K(2521088K) Eden: 2249216K(2249216K)->0K(2253312K) From: 116864K(273408K)->191200K(267776K)
[170.579s][info][gc,heap        ] GC(135) ParOldGen: 106695K(5592576K)->113775K(5592576K)
[170.579s][info][gc,metaspace   ] GC(135) Metaspace: 22258K(22528K)->22258K(22528K) NonClass: 19465K(19584K)->19465K(19584K) Class: 2792K(2944K)->2792K(2944K)
[170.579s][info][gc             ] GC(135) Pause Young (Allocation Failure) 2414M->297M(7923M) 130.793ms
[170.579s][info][gc,cpu         ] GC(135) User=0.70s Sys=0.00s Real=0.13s
[172.249s][info][gc,start       ] GC(136) Pause Young (Allocation Failure)
[172.341s][info][gc,heap        ] GC(136) PSYoungGen: 2444512K(2521088K)->130816K(2524672K) Eden: 2253312K(2253312K)->0K(2253312K) From: 191200K(267776K)->130816K(271360K)
[172.341s][info][gc,heap        ] GC(136) ParOldGen: 113775K(5592576K)->116047K(5592576K)
[172.341s][info][gc,metaspace   ] GC(136) Metaspace: 22258K(22528K)->22258K(22528K) NonClass: 19465K(19584K)->19465K(19584K) Class: 2792K(2944K)->2792K(2944K)
[172.341s][info][gc             ] GC(136) Pause Young (Allocation Failure) 2498M->241M(7927M) 92.870ms
[172.341s][info][gc,cpu         ] GC(136) User=0.56s Sys=0.00s Real=0.09s
[173.143s][info][gc,start       ] GC(137) Pause Young (System.gc())
[173.213s][info][gc,heap        ] GC(137) PSYoungGen: 1354050K(2524672K)->79168K(2530304K) Eden: 1223233K(2253312K)->0K(2266624K) From: 130816K(271360K)->79168K(263680K)
[173.213s][info][gc,heap        ] GC(137) ParOldGen: 116047K(5592576K)->134303K(5592576K)
[173.213s][info][gc,metaspace   ] GC(137) Metaspace: 22259K(22528K)->22259K(22528K) NonClass: 19466K(19584K)->19466K(19584K) Class: 2792K(2944K)->2792K(2944K)
[173.213s][info][gc             ] GC(137) Pause Young (System.gc()) 1435M->208M(7932M) 69.943ms
[173.213s][info][gc,cpu         ] GC(137) User=0.47s Sys=0.00s Real=0.07s
[173.213s][info][gc,start       ] GC(138) Pause Full (System.gc())
[173.213s][info][gc,phases,start] GC(138) Marking Phase
[173.249s][info][gc,phases      ] GC(138) Marking Phase 36.077ms
[173.249s][info][gc,phases,start] GC(138) Summary Phase
[173.249s][info][gc,phases      ] GC(138) Summary Phase 0.012ms
[173.249s][info][gc,phases,start] GC(138) Adjust Roots
[173.253s][info][gc,phases      ] GC(138) Adjust Roots 3.402ms
[173.253s][info][gc,phases,start] GC(138) Compaction Phase
[173.336s][info][gc,phases      ] GC(138) Compaction Phase 83.718ms
[173.336s][info][gc,phases,start] GC(138) Post Compact
[173.338s][info][gc,phases      ] GC(138) Post Compact 1.080ms
[173.338s][info][gc,heap        ] GC(138) PSYoungGen: 79168K(2530304K)->0K(2530304K) Eden: 0K(2266624K)->0K(2266624K) From: 79168K(263680K)->0K(263680K)
[173.338s][info][gc,heap        ] GC(138) ParOldGen: 134303K(5592576K)->103597K(5592576K)
[173.338s][info][gc,metaspace   ] GC(138) Metaspace: 22259K(22528K)->22259K(22528K) NonClass: 19466K(19584K)->19466K(19584K) Class: 2792K(2944K)->2792K(2944K)
[173.338s][info][gc             ] GC(138) Pause Full (System.gc()) 208M->101M(7932M) 124.556ms
[173.338s][info][gc,cpu         ] GC(138) User=0.73s Sys=0.00s Real=0.12s
[174.473s][info][gc,start       ] GC(139) Pause Young (Allocation Failure)
[174.595s][info][gc,heap        ] GC(139) PSYoungGen: 2266624K(2530304K)->183920K(2450944K) Eden: 2266624K(2266624K)->0K(2266624K) From: 0K(263680K)->183920K(184320K)
[174.595s][info][gc,heap        ] GC(139) ParOldGen: 103597K(5592576K)->103597K(5592576K)
[174.595s][info][gc,metaspace   ] GC(139) Metaspace: 22288K(22592K)->22288K(22592K) NonClass: 19495K(19648K)->19495K(19648K) Class: 2792K(2944K)->2792K(2944K)
[174.595s][info][gc             ] GC(139) Pause Young (Allocation Failure) 2314M->280M(7855M) 122.605ms
[174.595s][info][gc,cpu         ] GC(139) User=0.75s Sys=0.00s Real=0.12s
[176.151s][info][gc,start       ] GC(140) Pause Young (Allocation Failure)
[176.226s][info][gc,heap        ] GC(140) PSYoungGen: 2450544K(2450944K)->98688K(2532352K) Eden: 2266624K(2266624K)->0K(2265088K) From: 183920K(184320K)->98688K(267264K)
[176.226s][info][gc,heap        ] GC(140) ParOldGen: 103597K(5592576K)->103629K(5592576K)
[176.226s][info][gc,metaspace   ] GC(140) Metaspace: 22293K(22592K)->22293K(22592K) NonClass: 19500K(19648K)->19500K(19648K) Class: 2792K(2944K)->2792K(2944K)
[176.226s][info][gc             ] GC(140) Pause Young (Allocation Failure) 2494M->197M(7934M) 74.455ms
[176.226s][info][gc,cpu         ] GC(140) User=0.47s Sys=0.00s Real=0.07s
[177.421s][info][gc,start       ] GC(141) Pause Young (Allocation Failure)
[177.529s][info][gc,heap        ] GC(141) PSYoungGen: 2363776K(2532352K)->166704K(2528768K) Eden: 2265088K(2265088K)->0K(2265088K) From: 98688K(267264K)->166704K(263680K)
[177.529s][info][gc,heap        ] GC(141) ParOldGen: 103629K(5592576K)->104597K(5592576K)
[177.529s][info][gc,metaspace   ] GC(141) Metaspace: 22293K(22592K)->22293K(22592K) NonClass: 19500K(19648K)->19500K(19648K) Class: 2792K(2944K)->2792K(2944K)
[177.529s][info][gc             ] GC(141) Pause Young (Allocation Failure) 2409M->264M(7931M) 107.939ms
[177.529s][info][gc,cpu         ] GC(141) User=0.64s Sys=0.02s Real=0.11s
[179.086s][info][gc,start       ] GC(142) Pause Young (Allocation Failure)
[179.162s][info][gc,heap        ] GC(142) PSYoungGen: 2431792K(2528768K)->99552K(2539520K) Eden: 2265088K(2265088K)->0K(2278912K) From: 166704K(263680K)->99552K(260608K)
[179.162s][info][gc,heap        ] GC(142) ParOldGen: 104597K(5592576K)->104977K(5592576K)
[179.162s][info][gc,metaspace   ] GC(142) Metaspace: 22293K(22592K)->22293K(22592K) NonClass: 19500K(19648K)->19500K(19648K) Class: 2792K(2944K)->2792K(2944K)
[179.162s][info][gc             ] GC(142) Pause Young (Allocation Failure) 2476M->199M(7941M) 76.035ms
[179.162s][info][gc,cpu         ] GC(142) User=0.38s Sys=0.00s Real=0.08s
[180.296s][info][gc,start       ] GC(143) Pause Young (Allocation Failure)
[180.415s][info][gc,heap        ] GC(143) PSYoungGen: 2378464K(2539520K)->183104K(2535424K) Eden: 2278912K(2278912K)->0K(2278912K) From: 99552K(260608K)->183104K(256512K)
[180.415s][info][gc,heap        ] GC(143) ParOldGen: 104977K(5592576K)->105753K(5592576K)
[180.415s][info][gc,metaspace   ] GC(143) Metaspace: 22293K(22592K)->22293K(22592K) NonClass: 19500K(19648K)->19500K(19648K) Class: 2792K(2944K)->2792K(2944K)
[180.415s][info][gc             ] GC(143) Pause Young (Allocation Failure) 2425M->282M(7937M) 119.079ms
[180.415s][info][gc,cpu         ] GC(143) User=0.75s Sys=0.00s Real=0.12s
[181.949s][info][gc,start       ] GC(144) Pause Young (Allocation Failure)
[182.030s][info][gc,heap        ] GC(144) PSYoungGen: 2462016K(2535424K)->112064K(2541056K) Eden: 2278912K(2278912K)->0K(2280448K) From: 183104K(256512K)->112064K(260608K)
[182.030s][info][gc,heap        ] GC(144) ParOldGen: 105753K(5592576K)->106041K(5592576K)
[182.030s][info][gc,metaspace   ] GC(144) Metaspace: 22293K(22592K)->22293K(22592K) NonClass: 19500K(19648K)->19500K(19648K) Class: 2792K(2944K)->2792K(2944K)
[182.030s][info][gc             ] GC(144) Pause Young (Allocation Failure) 2507M->212M(7943M) 81.440ms
[182.030s][info][gc,cpu         ] GC(144) User=0.47s Sys=0.00s Real=0.08s
[182.878s][info][gc,start       ] GC(145) Pause Young (System.gc())
[182.956s][info][gc,heap        ] GC(145) PSYoungGen: 1464257K(2541056K)->87072K(2535424K) Eden: 1352193K(2280448K)->0K(2280448K) From: 112064K(260608K)->87072K(254976K)
[182.956s][info][gc,heap        ] GC(145) ParOldGen: 106041K(5592576K)->116221K(5592576K)
[182.956s][info][gc,metaspace   ] GC(145) Metaspace: 22294K(22592K)->22294K(22592K) NonClass: 19501K(19648K)->19501K(19648K) Class: 2792K(2944K)->2792K(2944K)
[182.956s][info][gc             ] GC(145) Pause Young (System.gc()) 1533M->198M(7937M) 78.330ms
[182.956s][info][gc,cpu         ] GC(145) User=0.47s Sys=0.00s Real=0.08s
[182.956s][info][gc,start       ] GC(146) Pause Full (System.gc())
[182.956s][info][gc,phases,start] GC(146) Marking Phase
[182.990s][info][gc,phases      ] GC(146) Marking Phase 33.350ms
[182.990s][info][gc,phases,start] GC(146) Summary Phase
[182.990s][info][gc,phases      ] GC(146) Summary Phase 0.012ms
[182.990s][info][gc,phases,start] GC(146) Adjust Roots
[182.994s][info][gc,phases      ] GC(146) Adjust Roots 3.734ms
[182.994s][info][gc,phases,start] GC(146) Compaction Phase
[183.076s][info][gc,phases      ] GC(146) Compaction Phase 82.642ms
[183.076s][info][gc,phases,start] GC(146) Post Compact
[183.077s][info][gc,phases      ] GC(146) Post Compact 1.025ms
[183.077s][info][gc,heap        ] GC(146) PSYoungGen: 87072K(2535424K)->0K(2535424K) Eden: 0K(2280448K)->0K(2280448K) From: 87072K(254976K)->0K(254976K)
[183.077s][info][gc,heap        ] GC(146) ParOldGen: 116221K(5592576K)->103457K(5592576K)
[183.077s][info][gc,metaspace   ] GC(146) Metaspace: 22294K(22592K)->22294K(22592K) NonClass: 19501K(19648K)->19501K(19648K) Class: 2792K(2944K)->2792K(2944K)
[183.077s][info][gc             ] GC(146) Pause Full (System.gc()) 198M->101M(7937M) 121.027ms
[183.077s][info][gc,cpu         ] GC(146) User=0.66s Sys=0.02s Real=0.12s
[184.340s][info][gc,start       ] GC(147) Pause Young (Allocation Failure)
[184.472s][info][gc,heap        ] GC(147) PSYoungGen: 2280448K(2535424K)->201344K(2518528K) Eden: 2280448K(2280448K)->0K(2265600K) From: 0K(254976K)->201344K(252928K)
[184.472s][info][gc,heap        ] GC(147) ParOldGen: 103457K(5592576K)->103465K(5592576K)
[184.472s][info][gc,metaspace   ] GC(147) Metaspace: 22297K(22656K)->22297K(22656K) NonClass: 19504K(19712K)->19504K(19712K) Class: 2792K(2944K)->2792K(2944K)
[184.472s][info][gc             ] GC(147) Pause Young (Allocation Failure) 2328M->297M(7921M) 131.901ms
[184.472s][info][gc,cpu         ] GC(147) User=0.70s Sys=0.02s Real=0.13s
[185.996s][info][gc,start       ] GC(148) Pause Young (Allocation Failure)
[186.080s][info][gc,heap        ] GC(148) PSYoungGen: 2466944K(2518528K)->117184K(2530816K) Eden: 2265600K(2265600K)->0K(2265600K) From: 201344K(252928K)->117184K(265216K)
[186.080s][info][gc,heap        ] GC(148) ParOldGen: 103465K(5592576K)->103505K(5592576K)
[186.080s][info][gc,metaspace   ] GC(148) Metaspace: 22297K(22656K)->22297K(22656K) NonClass: 19504K(19712K)->19504K(19712K) Class: 2792K(2944K)->2792K(2944K)
[186.080s][info][gc             ] GC(148) Pause Young (Allocation Failure) 2510M->215M(7933M) 83.656ms
[186.080s][info][gc,cpu         ] GC(148) User=0.47s Sys=0.00s Real=0.08s
[187.223s][info][gc,start       ] GC(149) Pause Young (Allocation Failure)
[187.354s][info][gc,heap        ] GC(149) PSYoungGen: 2382784K(2530816K)->200032K(2518016K) Eden: 2265600K(2265600K)->0K(2260480K) From: 117184K(265216K)->200032K(257536K)
[187.354s][info][gc,heap        ] GC(149) ParOldGen: 103505K(5592576K)->109449K(5592576K)
[187.354s][info][gc,metaspace   ] GC(149) Metaspace: 22299K(22656K)->22299K(22656K) NonClass: 19506K(19712K)->19506K(19712K) Class: 2792K(2944K)->2792K(2944K)
[187.354s][info][gc             ] GC(149) Pause Young (Allocation Failure) 2428M->302M(7920M) 131.673ms
[187.354s][info][gc,cpu         ] GC(149) User=0.84s Sys=0.00s Real=0.13s
[189.032s][info][gc,start       ] GC(150) Pause Young (Allocation Failure)
[189.136s][info][gc,heap        ] GC(150) PSYoungGen: 2460512K(2518016K)->149056K(2528256K) Eden: 2260480K(2260480K)->0K(2260480K) From: 200032K(257536K)->149056K(267776K)
[189.136s][info][gc,heap        ] GC(150) ParOldGen: 109449K(5592576K)->111469K(5592576K)
[189.136s][info][gc,metaspace   ] GC(150) Metaspace: 22299K(22656K)->22299K(22656K) NonClass: 19506K(19712K)->19506K(19712K) Class: 2792K(2944K)->2792K(2944K)
[189.136s][info][gc             ] GC(150) Pause Young (Allocation Failure) 2509M->254M(7930M) 103.832ms
[189.136s][info][gc,cpu         ] GC(150) User=0.64s Sys=0.00s Real=0.10s
[190.168s][info][gc,start       ] GC(151) Pause Young (Allocation Failure)
[190.310s][info][gc,heap        ] GC(151) PSYoungGen: 2409536K(2528256K)->206368K(2517504K) Eden: 2260480K(2260480K)->0K(2260480K) From: 149056K(267776K)->206368K(257024K)
[190.310s][info][gc,heap        ] GC(151) ParOldGen: 111469K(5592576K)->130669K(5592576K)
[190.310s][info][gc,metaspace   ] GC(151) Metaspace: 22302K(22656K)->22302K(22656K) NonClass: 19510K(19712K)->19510K(19712K) Class: 2792K(2944K)->2792K(2944K)
[190.310s][info][gc             ] GC(151) Pause Young (Allocation Failure) 2461M->329M(7920M) 141.703ms
[190.310s][info][gc,cpu         ] GC(151) User=0.83s Sys=0.00s Real=0.14s
[192.048s][info][gc,start       ] GC(152) Pause Young (Allocation Failure)
[192.165s][info][gc,heap        ] GC(152) PSYoungGen: 2466848K(2517504K)->168464K(2528256K) Eden: 2260480K(2260480K)->0K(2260480K) From: 206368K(257024K)->168464K(267776K)
[192.165s][info][gc,heap        ] GC(152) ParOldGen: 130669K(5592576K)->135037K(5592576K)
[192.165s][info][gc,metaspace   ] GC(152) Metaspace: 22303K(22656K)->22303K(22656K) NonClass: 19511K(19712K)->19511K(19712K) Class: 2792K(2944K)->2792K(2944K)
[192.165s][info][gc             ] GC(152) Pause Young (Allocation Failure) 2536M->296M(7930M) 117.093ms
[192.165s][info][gc,cpu         ] GC(152) User=0.75s Sys=0.00s Real=0.12s
[192.796s][info][gc,start       ] GC(153) Pause Young (System.gc())
[192.864s][info][gc,heap        ] GC(153) PSYoungGen: 1074709K(2528256K)->58240K(2522624K) Eden: 906245K(2260480K)->0K(2260480K) From: 168464K(267776K)->58240K(262144K)
[192.864s][info][gc,heap        ] GC(153) ParOldGen: 135037K(5592576K)->174269K(5592576K)
[192.864s][info][gc,metaspace   ] GC(153) Metaspace: 22307K(22656K)->22307K(22656K) NonClass: 19514K(19712K)->19514K(19712K) Class: 2792K(2944K)->2792K(2944K)
[192.864s][info][gc             ] GC(153) Pause Young (System.gc()) 1181M->227M(7925M) 67.682ms
[192.864s][info][gc,cpu         ] GC(153) User=0.38s Sys=0.00s Real=0.07s
[192.864s][info][gc,start       ] GC(154) Pause Full (System.gc())
[192.864s][info][gc,phases,start] GC(154) Marking Phase
[192.904s][info][gc,phases      ] GC(154) Marking Phase 40.278ms
[192.905s][info][gc,phases,start] GC(154) Summary Phase
[192.905s][info][gc,phases      ] GC(154) Summary Phase 0.011ms
[192.905s][info][gc,phases,start] GC(154) Adjust Roots
[192.909s][info][gc,phases      ] GC(154) Adjust Roots 4.519ms
[192.909s][info][gc,phases,start] GC(154) Compaction Phase
[193.003s][info][gc,phases      ] GC(154) Compaction Phase 94.318ms
[193.003s][info][gc,phases,start] GC(154) Post Compact
[193.005s][info][gc,phases      ] GC(154) Post Compact 1.263ms
[193.005s][info][gc,heap        ] GC(154) PSYoungGen: 58240K(2522624K)->0K(2522624K) Eden: 0K(2260480K)->0K(2260480K) From: 58240K(262144K)->0K(262144K)
[193.005s][info][gc,heap        ] GC(154) ParOldGen: 174269K(5592576K)->103514K(5592576K)
[193.005s][info][gc,metaspace   ] GC(154) Metaspace: 22307K(22656K)->22307K(22656K) NonClass: 19514K(19712K)->19514K(19712K) Class: 2792K(2944K)->2792K(2944K)
[193.005s][info][gc             ] GC(154) Pause Full (System.gc()) 227M->101M(7925M) 140.683ms
[193.005s][info][gc,cpu         ] GC(154) User=0.78s Sys=0.00s Real=0.14s
[194.237s][info][gc,start       ] GC(155) Pause Young (Allocation Failure)
[194.344s][info][gc,heap        ] GC(155) PSYoungGen: 2260480K(2522624K)->162688K(2528256K) Eden: 2260480K(2260480K)->0K(2260480K) From: 0K(262144K)->162688K(267776K)
[194.344s][info][gc,heap        ] GC(155) ParOldGen: 103514K(5592576K)->103522K(5592576K)
[194.344s][info][gc,metaspace   ] GC(155) Metaspace: 22326K(22656K)->22326K(22656K) NonClass: 19533K(19712K)->19533K(19712K) Class: 2792K(2944K)->2792K(2944K)
[194.344s][info][gc             ] GC(155) Pause Young (Allocation Failure) 2308M->259M(7930M) 107.065ms
[194.344s][info][gc,cpu         ] GC(155) User=0.62s Sys=0.00s Real=0.12s
[195.950s][info][gc,start       ] GC(156) Pause Young (Allocation Failure)
[196.031s][info][gc,heap        ] GC(156) PSYoungGen: 2423168K(2528256K)->104704K(2538496K) Eden: 2260480K(2260480K)->0K(2276352K) From: 162688K(267776K)->104704K(262144K)
[196.031s][info][gc,heap        ] GC(156) ParOldGen: 103522K(5592576K)->103562K(5592576K)
[196.031s][info][gc,metaspace   ] GC(156) Metaspace: 22349K(22656K)->22349K(22656K) NonClass: 19556K(19712K)->19556K(19712K) Class: 2792K(2944K)->2792K(2944K)
[196.031s][info][gc             ] GC(156) Pause Young (Allocation Failure) 2467M->203M(7940M) 80.844ms
[196.031s][info][gc,cpu         ] GC(156) User=0.47s Sys=0.00s Real=0.08s
[197.189s][info][gc,start       ] GC(157) Pause Young (Allocation Failure)
[197.314s][info][gc,heap        ] GC(157) PSYoungGen: 2381056K(2538496K)->186144K(2462720K) Eden: 2276352K(2276352K)->0K(2276352K) From: 104704K(262144K)->186144K(186368K)
[197.314s][info][gc,heap        ] GC(157) ParOldGen: 103562K(5592576K)->106462K(5592576K)
[197.314s][info][gc,metaspace   ] GC(157) Metaspace: 22353K(22656K)->22353K(22656K) NonClass: 19560K(19712K)->19560K(19712K) Class: 2792K(2944K)->2792K(2944K)
[197.314s][info][gc             ] GC(157) Pause Young (Allocation Failure) 2426M->285M(7866M) 124.639ms
[197.314s][info][gc,cpu         ] GC(157) User=0.75s Sys=0.00s Real=0.13s
[198.885s][info][gc,start       ] GC(158) Pause Young (Allocation Failure)
[198.970s][info][gc,heap        ] GC(158) PSYoungGen: 2462496K(2462720K)->114096K(2539520K) Eden: 2276352K(2276352K)->0K(2276864K) From: 186144K(186368K)->114096K(262656K)
[198.970s][info][gc,heap        ] GC(158) ParOldGen: 106462K(5592576K)->107278K(5592576K)
[198.970s][info][gc,metaspace   ] GC(158) Metaspace: 22353K(22656K)->22353K(22656K) NonClass: 19560K(19712K)->19560K(19712K) Class: 2792K(2944K)->2792K(2944K)
[198.970s][info][gc             ] GC(158) Pause Young (Allocation Failure) 2508M->216M(7941M) 85.501ms
[198.970s][info][gc,cpu         ] GC(158) User=0.47s Sys=0.00s Real=0.10s
[200.080s][info][gc,start       ] GC(159) Pause Young (Allocation Failure)
[200.209s][info][gc,heap        ] GC(159) PSYoungGen: 2390960K(2539520K)->193616K(2470912K) Eden: 2276864K(2276864K)->0K(2276864K) From: 114096K(262656K)->193616K(194048K)
[200.209s][info][gc,heap        ] GC(159) ParOldGen: 107278K(5592576K)->113110K(5592576K)
[200.209s][info][gc,metaspace   ] GC(159) Metaspace: 22353K(22656K)->22353K(22656K) NonClass: 19560K(19712K)->19560K(19712K) Class: 2792K(2944K)->2792K(2944K)
[200.209s][info][gc             ] GC(159) Pause Young (Allocation Failure) 2439M->299M(7874M) 129.187ms
[200.209s][info][gc,cpu         ] GC(159) User=0.73s Sys=0.00s Real=0.13s
[201.971s][info][gc,start       ] GC(160) Pause Young (Allocation Failure)
[202.072s][info][gc,heap        ] GC(160) PSYoungGen: 2470480K(2470912K)->141280K(2542592K) Eden: 2276864K(2276864K)->0K(2278912K) From: 193616K(194048K)->141280K(263680K)
[202.072s][info][gc,heap        ] GC(160) ParOldGen: 113110K(5592576K)->115147K(5592576K)
[202.072s][info][gc,metaspace   ] GC(160) Metaspace: 22359K(22656K)->22359K(22656K) NonClass: 19566K(19712K)->19566K(19712K) Class: 2792K(2944K)->2792K(2944K)
[202.072s][info][gc             ] GC(160) Pause Young (Allocation Failure) 2523M->250M(7944M) 100.660ms
[202.072s][info][gc,cpu         ] GC(160) User=0.64s Sys=0.00s Real=0.10s
[202.855s][info][gc,start       ] GC(161) Pause Young (System.gc())
[202.925s][info][gc,heap        ] GC(161) PSYoungGen: 1257553K(2542592K)->72848K(2532352K) Eden: 1116272K(2278912K)->0K(2278912K) From: 141280K(263680K)->72848K(253440K)
[202.925s][info][gc,heap        ] GC(161) ParOldGen: 115147K(5592576K)->139595K(5592576K)
[202.925s][info][gc,metaspace   ] GC(161) Metaspace: 22360K(22656K)->22360K(22656K) NonClass: 19567K(19712K)->19567K(19712K) Class: 2792K(2944K)->2792K(2944K)
[202.925s][info][gc             ] GC(161) Pause Young (System.gc()) 1340M->207M(7934M) 69.877ms
[202.925s][info][gc,cpu         ] GC(161) User=0.38s Sys=0.00s Real=0.07s
[202.925s][info][gc,start       ] GC(162) Pause Full (System.gc())
[202.925s][info][gc,phases,start] GC(162) Marking Phase
[202.960s][info][gc,phases      ] GC(162) Marking Phase 35.214ms
[202.960s][info][gc,phases,start] GC(162) Summary Phase
[202.960s][info][gc,phases      ] GC(162) Summary Phase 0.012ms
[202.960s][info][gc,phases,start] GC(162) Adjust Roots
[202.964s][info][gc,phases      ] GC(162) Adjust Roots 3.538ms
[202.964s][info][gc,phases,start] GC(162) Compaction Phase
[203.054s][info][gc,phases      ] GC(162) Compaction Phase 90.361ms
[203.054s][info][gc,phases,start] GC(162) Post Compact
[203.055s][info][gc,phases      ] GC(162) Post Compact 1.052ms
[203.055s][info][gc,heap        ] GC(162) PSYoungGen: 72848K(2532352K)->0K(2532352K) Eden: 0K(2278912K)->0K(2278912K) From: 72848K(253440K)->0K(253440K)
[203.055s][info][gc,heap        ] GC(162) ParOldGen: 139595K(5592576K)->103432K(5592576K)
[203.055s][info][gc,metaspace   ] GC(162) Metaspace: 22360K(22656K)->22360K(22656K) NonClass: 19567K(19712K)->19567K(19712K) Class: 2792K(2944K)->2792K(2944K)
[203.055s][info][gc             ] GC(162) Pause Full (System.gc()) 207M->101M(7934M) 130.454ms
[203.055s][info][gc,cpu         ] GC(162) User=0.69s Sys=0.02s Real=0.13s
[204.209s][info][gc,start       ] GC(163) Pause Young (Allocation Failure)
[204.333s][info][gc,heap        ] GC(163) PSYoungGen: 2278912K(2532352K)->184400K(2530304K) Eden: 2278912K(2278912K)->0K(2274816K) From: 0K(253440K)->184400K(255488K)
[204.333s][info][gc,heap        ] GC(163) ParOldGen: 103432K(5592576K)->103432K(5592576K)
[204.333s][info][gc,metaspace   ] GC(163) Metaspace: 22360K(22656K)->22360K(22656K) NonClass: 19567K(19712K)->19567K(19712K) Class: 2792K(2944K)->2792K(2944K)
[204.333s][info][gc             ] GC(163) Pause Young (Allocation Failure) 2326M->281M(7932M) 123.618ms
[204.333s][info][gc,cpu         ] GC(163) User=0.72s Sys=0.00s Real=0.12s
[205.917s][info][gc,start       ] GC(164) Pause Young (Allocation Failure)
[205.990s][info][gc,heap        ] GC(164) PSYoungGen: 2459216K(2530304K)->96944K(2535424K) Eden: 2274816K(2274816K)->0K(2274816K) From: 184400K(255488K)->96944K(260608K)
[205.990s][info][gc,heap        ] GC(164) ParOldGen: 103432K(5592576K)->103480K(5592576K)
[205.990s][info][gc,metaspace   ] GC(164) Metaspace: 22360K(22656K)->22360K(22656K) NonClass: 19567K(19712K)->19567K(19712K) Class: 2792K(2944K)->2792K(2944K)
[205.990s][info][gc             ] GC(164) Pause Young (Allocation Failure) 2502M->195M(7937M) 72.428ms
[205.990s][info][gc,cpu         ] GC(164) User=0.34s Sys=0.00s Real=0.07s
[207.141s][info][gc,start       ] GC(165) Pause Young (Allocation Failure)
[207.264s][info][gc,heap        ] GC(165) PSYoungGen: 2371760K(2535424K)->186960K(2527744K) Eden: 2274816K(2274816K)->0K(2270720K) From: 96944K(260608K)->186960K(257024K)
[207.264s][info][gc,heap        ] GC(165) ParOldGen: 103480K(5592576K)->103580K(5592576K)
[207.264s][info][gc,metaspace   ] GC(165) Metaspace: 22360K(22656K)->22360K(22656K) NonClass: 19567K(19712K)->19567K(19712K) Class: 2792K(2944K)->2792K(2944K)
[207.264s][info][gc             ] GC(165) Pause Young (Allocation Failure) 2417M->283M(7930M) 123.092ms
[207.264s][info][gc,cpu         ] GC(165) User=0.72s Sys=0.00s Real=0.13s
[208.797s][info][gc,start       ] GC(166) Pause Young (Allocation Failure)
[208.878s][info][gc,heap        ] GC(166) PSYoungGen: 2457680K(2527744K)->113936K(2533376K) Eden: 2270720K(2270720K)->0K(2270720K) From: 186960K(257024K)->113936K(262656K)
[208.878s][info][gc,heap        ] GC(166) ParOldGen: 103580K(5592576K)->103828K(5592576K)
[208.878s][info][gc,metaspace   ] GC(166) Metaspace: 22362K(22656K)->22362K(22656K) NonClass: 19569K(19712K)->19569K(19712K) Class: 2792K(2944K)->2792K(2944K)
[208.878s][info][gc             ] GC(166) Pause Young (Allocation Failure) 2501M->212M(7935M) 81.499ms
[208.879s][info][gc,cpu         ] GC(166) User=0.45s Sys=0.00s Real=0.08s
[210.058s][info][gc,start       ] GC(167) Pause Young (Allocation Failure)
[210.190s][info][gc,heap        ] GC(167) PSYoungGen: 2384656K(2533376K)->200048K(2519552K) Eden: 2270720K(2270720K)->0K(2263552K) From: 113936K(262656K)->200048K(256000K)
[210.190s][info][gc,heap        ] GC(167) ParOldGen: 103828K(5592576K)->108344K(5592576K)
[210.190s][info][gc,metaspace   ] GC(167) Metaspace: 22362K(22656K)->22362K(22656K) NonClass: 19569K(19712K)->19569K(19712K) Class: 2792K(2944K)->2792K(2944K)
[210.190s][info][gc             ] GC(167) Pause Young (Allocation Failure) 2430M->301M(7922M) 131.797ms
[210.190s][info][gc,cpu         ] GC(167) User=0.75s Sys=0.00s Real=0.14s
[211.869s][info][gc,start       ] GC(168) Pause Young (Allocation Failure)
[211.973s][info][gc,heap        ] GC(168) PSYoungGen: 2463600K(2519552K)->151136K(2529792K) Eden: 2263552K(2263552K)->0K(2263552K) From: 200048K(256000K)->151136K(266240K)
[211.973s][info][gc,heap        ] GC(168) ParOldGen: 108344K(5592576K)->109976K(5592576K)
[211.973s][info][gc,metaspace   ] GC(168) Metaspace: 22362K(22656K)->22362K(22656K) NonClass: 19569K(19712K)->19569K(19712K) Class: 2792K(2944K)->2792K(2944K)
[211.973s][info][gc             ] GC(168) Pause Young (Allocation Failure) 2511M->254M(7932M) 104.316ms
[211.974s][info][gc,cpu         ] GC(168) User=0.56s Sys=0.00s Real=0.11s
[212.708s][info][gc,start       ] GC(169) Pause Young (System.gc())
[212.780s][info][gc,heap        ] GC(169) PSYoungGen: 1212599K(2529792K)->67456K(2534912K) Eden: 1061463K(2263552K)->0K(2278912K) From: 151136K(266240K)->67456K(256000K)
[212.781s][info][gc,heap        ] GC(169) ParOldGen: 109976K(5592576K)->139776K(5592576K)
[212.781s][info][gc,metaspace   ] GC(169) Metaspace: 22362K(22656K)->22362K(22656K) NonClass: 19569K(19712K)->19569K(19712K) Class: 2792K(2944K)->2792K(2944K)
[212.781s][info][gc             ] GC(169) Pause Young (System.gc()) 1291M->202M(7937M) 72.406ms
[212.781s][info][gc,cpu         ] GC(169) User=0.44s Sys=0.00s Real=0.08s
[212.781s][info][gc,start       ] GC(170) Pause Full (System.gc())
[212.781s][info][gc,phases,start] GC(170) Marking Phase
[212.816s][info][gc,phases      ] GC(170) Marking Phase 35.743ms
[212.816s][info][gc,phases,start] GC(170) Summary Phase
[212.816s][info][gc,phases      ] GC(170) Summary Phase 0.013ms
[212.816s][info][gc,phases,start] GC(170) Adjust Roots
[212.820s][info][gc,phases      ] GC(170) Adjust Roots 3.704ms
[212.820s][info][gc,phases,start] GC(170) Compaction Phase
[212.904s][info][gc,phases      ] GC(170) Compaction Phase 83.998ms
[212.904s][info][gc,phases,start] GC(170) Post Compact
[212.905s][info][gc,phases      ] GC(170) Post Compact 1.156ms
[212.905s][info][gc,heap        ] GC(170) PSYoungGen: 67456K(2534912K)->0K(2534912K) Eden: 0K(2278912K)->0K(2278912K) From: 67456K(256000K)->0K(256000K)
[212.905s][info][gc,heap        ] GC(170) ParOldGen: 139776K(5592576K)->103430K(5592576K)
[212.905s][info][gc,metaspace   ] GC(170) Metaspace: 22362K(22656K)->22362K(22656K) NonClass: 19569K(19712K)->19569K(19712K) Class: 2792K(2944K)->2792K(2944K)
[212.906s][info][gc             ] GC(170) Pause Full (System.gc()) 202M->101M(7937M) 124.896ms
[212.906s][info][gc,cpu         ] GC(170) User=0.67s Sys=0.00s Real=0.12s
[214.224s][info][gc,start       ] GC(171) Pause Young (Allocation Failure)
[214.355s][info][gc,heap        ] GC(171) PSYoungGen: 2278912K(2534912K)->205984K(2485248K) Eden: 2278912K(2278912K)->0K(2278912K) From: 0K(256000K)->205984K(206336K)
[214.355s][info][gc,heap        ] GC(171) ParOldGen: 103430K(5592576K)->103438K(5592576K)
[214.355s][info][gc,metaspace   ] GC(171) Metaspace: 22367K(22656K)->22367K(22656K) NonClass: 19574K(19712K)->19574K(19712K) Class: 2792K(2944K)->2792K(2944K)
[214.355s][info][gc             ] GC(171) Pause Young (Allocation Failure) 2326M->302M(7888M) 130.943ms
[214.355s][info][gc,cpu         ] GC(171) User=0.84s Sys=0.00s Real=0.13s
[215.920s][info][gc,start       ] GC(172) Pause Young (Allocation Failure)
[216.013s][info][gc,heap        ] GC(172) PSYoungGen: 2484896K(2485248K)->130848K(2534400K) Eden: 2278912K(2278912K)->0K(2263040K) From: 205984K(206336K)->130848K(271360K)
[216.013s][info][gc,heap        ] GC(172) ParOldGen: 103438K(5592576K)->103478K(5592576K)
[216.013s][info][gc,metaspace   ] GC(172) Metaspace: 22367K(22720K)->22367K(22720K) NonClass: 19574K(19776K)->19574K(19776K) Class: 2792K(2944K)->2792K(2944K)
[216.013s][info][gc             ] GC(172) Pause Young (Allocation Failure) 2527M->228M(7936M) 92.791ms
[216.013s][info][gc,cpu         ] GC(172) User=0.56s Sys=0.00s Real=0.09s
[217.082s][info][gc,start       ] GC(173) Pause Young (Allocation Failure)
[217.218s][info][gc,heap        ] GC(173) PSYoungGen: 2393888K(2534400K)->202992K(2524672K) Eden: 2263040K(2263040K)->0K(2263040K) From: 130848K(271360K)->202992K(261632K)
[217.219s][info][gc,heap        ] GC(173) ParOldGen: 103478K(5592576K)->114366K(5592576K)
[217.219s][info][gc,metaspace   ] GC(173) Metaspace: 22367K(22720K)->22367K(22720K) NonClass: 19574K(19776K)->19574K(19776K) Class: 2792K(2944K)->2792K(2944K)
[217.219s][info][gc             ] GC(173) Pause Young (Allocation Failure) 2438M->309M(7927M) 136.639ms
[217.219s][info][gc,cpu         ] GC(173) User=0.83s Sys=0.02s Real=0.14s
[218.868s][info][gc,start       ] GC(174) Pause Young (Allocation Failure)
[218.974s][info][gc,heap        ] GC(174) PSYoungGen: 2466032K(2524672K)->153536K(2535424K) Eden: 2263040K(2263040K)->0K(2264064K) From: 202992K(261632K)->153536K(271360K)
[218.974s][info][gc,heap        ] GC(174) ParOldGen: 114366K(5592576K)->117246K(5592576K)
[218.974s][info][gc,metaspace   ] GC(174) Metaspace: 22367K(22720K)->22367K(22720K) NonClass: 19574K(19776K)->19574K(19776K) Class: 2792K(2944K)->2792K(2944K)
[218.974s][info][gc             ] GC(174) Pause Young (Allocation Failure) 2519M->264M(7937M) 106.166ms
[218.974s][info][gc,cpu         ] GC(174) User=0.56s Sys=0.00s Real=0.11s
[220.141s][info][gc,start       ] GC(175) Pause Young (Allocation Failure)
[220.278s][info][gc,heap        ] GC(175) PSYoungGen: 2417600K(2535424K)->185648K(2524672K) Eden: 2264064K(2264064K)->0K(2264064K) From: 153536K(271360K)->185648K(260608K)
[220.278s][info][gc,heap        ] GC(175) ParOldGen: 117246K(5592576K)->126074K(5592576K)
[220.278s][info][gc,metaspace   ] GC(175) Metaspace: 22367K(22720K)->22367K(22720K) NonClass: 19574K(19776K)->19574K(19776K) Class: 2792K(2944K)->2792K(2944K)
[220.278s][info][gc             ] GC(175) Pause Young (Allocation Failure) 2475M->304M(7927M) 136.429ms
[220.278s][info][gc,cpu         ] GC(175) User=0.84s Sys=0.00s Real=0.14s
[221.739s][info][gc,start       ] GC(176) Pause Young (Allocation Failure)
[221.852s][info][gc,heap        ] GC(176) PSYoungGen: 2449712K(2524672K)->162832K(2541056K) Eden: 2264064K(2264064K)->0K(2278400K) From: 185648K(260608K)->162832K(262656K)
[221.852s][info][gc,heap        ] GC(176) ParOldGen: 126074K(5592576K)->128875K(5592576K)
[221.852s][info][gc,metaspace   ] GC(176) Metaspace: 22367K(22720K)->22367K(22720K) NonClass: 19574K(19776K)->19574K(19776K) Class: 2792K(2944K)->2792K(2944K)
[221.852s][info][gc             ] GC(176) Pause Young (Allocation Failure) 2515M->284M(7943M) 112.845ms
[221.852s][info][gc,cpu         ] GC(176) User=0.75s Sys=0.00s Real=0.11s
[222.522s][info][gc,start       ] GC(177) Pause Young (System.gc())
[222.591s][info][gc,heap        ] GC(177) PSYoungGen: 1044645K(2541056K)->59328K(2533376K) Eden: 881813K(2278400K)->0K(2278400K) From: 162832K(262656K)->59328K(254976K)
[222.591s][info][gc,heap        ] GC(177) ParOldGen: 128875K(5592576K)->166979K(5592576K)
[222.591s][info][gc,metaspace   ] GC(177) Metaspace: 22369K(22720K)->22369K(22720K) NonClass: 19576K(19776K)->19576K(19776K) Class: 2792K(2944K)->2792K(2944K)
[222.591s][info][gc             ] GC(177) Pause Young (System.gc()) 1146M->221M(7935M) 69.138ms
[222.591s][info][gc,cpu         ] GC(177) User=0.44s Sys=0.00s Real=0.08s
[222.591s][info][gc,start       ] GC(178) Pause Full (System.gc())
[222.591s][info][gc,phases,start] GC(178) Marking Phase
[222.627s][info][gc,phases      ] GC(178) Marking Phase 35.528ms
[222.627s][info][gc,phases,start] GC(178) Summary Phase
[222.627s][info][gc,phases      ] GC(178) Summary Phase 0.011ms
[222.627s][info][gc,phases,start] GC(178) Adjust Roots
[222.631s][info][gc,phases      ] GC(178) Adjust Roots 4.300ms
[222.631s][info][gc,phases,start] GC(178) Compaction Phase
[222.708s][info][gc,phases      ] GC(178) Compaction Phase 76.917ms
[222.708s][info][gc,phases,start] GC(178) Post Compact
[222.709s][info][gc,phases      ] GC(178) Post Compact 1.207ms
[222.710s][info][gc,heap        ] GC(178) PSYoungGen: 59328K(2533376K)->0K(2533376K) Eden: 0K(2278400K)->0K(2278400K) From: 59328K(254976K)->0K(254976K)
[222.710s][info][gc,heap        ] GC(178) ParOldGen: 166979K(5592576K)->103589K(5592576K)
[222.710s][info][gc,metaspace   ] GC(178) Metaspace: 22369K(22720K)->22369K(22720K) NonClass: 19576K(19776K)->19576K(19776K) Class: 2792K(2944K)->2792K(2944K)
[222.710s][info][gc             ] GC(178) Pause Full (System.gc()) 221M->101M(7935M) 118.242ms
[222.710s][info][gc,cpu         ] GC(178) User=0.64s Sys=0.00s Real=0.12s
[223.970s][info][gc,start       ] GC(179) Pause Young (Allocation Failure)
[224.103s][info][gc,heap        ] GC(179) PSYoungGen: 2278400K(2533376K)->201360K(2516480K) Eden: 2278400K(2278400K)->0K(2255360K) From: 0K(254976K)->201360K(261120K)
[224.104s][info][gc,heap        ] GC(179) ParOldGen: 103589K(5592576K)->103589K(5592576K)
[224.104s][info][gc,metaspace   ] GC(179) Metaspace: 22372K(22720K)->22372K(22720K) NonClass: 19579K(19776K)->19579K(19776K) Class: 2792K(2944K)->2792K(2944K)
[224.104s][info][gc             ] GC(179) Pause Young (Allocation Failure) 2326M->297M(7919M) 133.657ms
[224.104s][info][gc,cpu         ] GC(179) User=0.84s Sys=0.00s Real=0.13s
[225.763s][info][gc,start       ] GC(180) Pause Young (Allocation Failure)
[225.859s][info][gc,heap        ] GC(180) PSYoungGen: 2456720K(2516480K)->137728K(2525696K) Eden: 2255360K(2255360K)->0K(2255360K) From: 201360K(261120K)->137728K(270336K)
[225.859s][info][gc,heap        ] GC(180) ParOldGen: 103589K(5592576K)->103629K(5592576K)
[225.859s][info][gc,metaspace   ] GC(180) Metaspace: 22372K(22720K)->22372K(22720K) NonClass: 19579K(19776K)->19579K(19776K) Class: 2792K(2944K)->2792K(2944K)
[225.859s][info][gc             ] GC(180) Pause Young (Allocation Failure) 2500M->235M(7928M) 95.953ms
[225.859s][info][gc,cpu         ] GC(180) User=0.56s Sys=0.00s Real=0.10s
[227.052s][info][gc,start       ] GC(181) Pause Young (Allocation Failure)
[227.207s][info][gc,heap        ] GC(181) PSYoungGen: 2393088K(2525696K)->210704K(2512896K) Eden: 2255360K(2255360K)->0K(2252288K) From: 137728K(270336K)->210704K(260608K)
[227.207s][info][gc,heap        ] GC(181) ParOldGen: 103629K(5592576K)->112109K(5592576K)
[227.207s][info][gc,metaspace   ] GC(181) Metaspace: 22372K(22720K)->22372K(22720K) NonClass: 19579K(19776K)->19579K(19776K) Class: 2792K(2944K)->2792K(2944K)
[227.207s][info][gc             ] GC(181) Pause Young (Allocation Failure) 2438M->315M(7915M) 155.196ms
[227.207s][info][gc,cpu         ] GC(181) User=0.94s Sys=0.00s Real=0.16s
[228.690s][info][gc,start       ] GC(182) Pause Young (Allocation Failure)
[228.800s][info][gc,heap        ] GC(182) PSYoungGen: 2462992K(2512896K)->155184K(2524160K) Eden: 2252288K(2252288K)->0K(2252288K) From: 210704K(260608K)->155184K(271872K)
[228.800s][info][gc,heap        ] GC(182) ParOldGen: 112109K(5592576K)->114402K(5592576K)
[228.800s][info][gc,metaspace   ] GC(182) Metaspace: 22375K(22720K)->22375K(22720K) NonClass: 19582K(19776K)->19582K(19776K) Class: 2792K(2944K)->2792K(2944K)
[228.800s][info][gc             ] GC(182) Pause Young (Allocation Failure) 2514M->263M(7926M) 109.377ms
[228.800s][info][gc,cpu         ] GC(182) User=0.66s Sys=0.00s Real=0.11s
[229.968s][info][gc,start       ] GC(183) Pause Young (Allocation Failure)
[230.116s][info][gc,heap        ] GC(183) PSYoungGen: 2407472K(2524160K)->190336K(2530304K) Eden: 2252288K(2252288K)->0K(2269696K) From: 155184K(271872K)->190336K(260608K)
[230.116s][info][gc,heap        ] GC(183) ParOldGen: 114402K(5592576K)->128742K(5592576K)
[230.116s][info][gc,metaspace   ] GC(183) Metaspace: 22375K(22720K)->22375K(22720K) NonClass: 19582K(19776K)->19582K(19776K) Class: 2792K(2944K)->2792K(2944K)
[230.116s][info][gc             ] GC(183) Pause Young (Allocation Failure) 2462M->311M(7932M) 148.335ms
[230.116s][info][gc,cpu         ] GC(183) User=0.81s Sys=0.00s Real=0.15s
[231.642s][info][gc,start       ] GC(184) Pause Young (Allocation Failure)
[231.765s][info][gc,heap        ] GC(184) PSYoungGen: 2460032K(2530304K)->177216K(2532864K) Eden: 2269696K(2269696K)->0K(2269696K) From: 190336K(260608K)->177216K(263168K)
[231.765s][info][gc,heap        ] GC(184) ParOldGen: 128742K(5592576K)->133046K(5592576K)
[231.765s][info][gc,metaspace   ] GC(184) Metaspace: 22375K(22720K)->22375K(22720K) NonClass: 19582K(19776K)->19582K(19776K) Class: 2792K(2944K)->2792K(2944K)
[231.765s][info][gc             ] GC(184) Pause Young (Allocation Failure) 2528M->302M(7935M) 123.048ms
[231.765s][info][gc,cpu         ] GC(184) User=0.75s Sys=0.00s Real=0.12s
[232.420s][info][gc,start       ] GC(185) Pause Young (System.gc())
[232.490s][info][gc,heap        ] GC(185) PSYoungGen: 1009523K(2532864K)->52768K(2519552K) Eden: 832307K(2269696K)->0K(2260480K) From: 177216K(263168K)->52768K(259072K)
[232.490s][info][gc,heap        ] GC(185) ParOldGen: 133046K(5592576K)->177550K(5592576K)
[232.490s][info][gc,metaspace   ] GC(185) Metaspace: 22375K(22720K)->22375K(22720K) NonClass: 19582K(19776K)->19582K(19776K) Class: 2792K(2944K)->2792K(2944K)
[232.490s][info][gc             ] GC(185) Pause Young (System.gc()) 1115M->224M(7922M) 70.025ms
[232.490s][info][gc,cpu         ] GC(185) User=0.36s Sys=0.00s Real=0.08s
[232.490s][info][gc,start       ] GC(186) Pause Full (System.gc())
[232.490s][info][gc,phases,start] GC(186) Marking Phase
[232.527s][info][gc,phases      ] GC(186) Marking Phase 37.596ms
[232.527s][info][gc,phases,start] GC(186) Summary Phase
[232.527s][info][gc,phases      ] GC(186) Summary Phase 0.012ms
[232.527s][info][gc,phases,start] GC(186) Adjust Roots
[232.531s][info][gc,phases      ] GC(186) Adjust Roots 3.544ms
[232.531s][info][gc,phases,start] GC(186) Compaction Phase
[232.618s][info][gc,phases      ] GC(186) Compaction Phase 86.729ms
[232.618s][info][gc,phases,start] GC(186) Post Compact
[232.619s][info][gc,phases      ] GC(186) Post Compact 1.081ms
[232.619s][info][gc,heap        ] GC(186) PSYoungGen: 52768K(2519552K)->0K(2519552K) Eden: 0K(2260480K)->0K(2260480K) From: 52768K(259072K)->0K(259072K)
[232.619s][info][gc,heap        ] GC(186) ParOldGen: 177550K(5592576K)->103372K(5592576K)
[232.619s][info][gc,metaspace   ] GC(186) Metaspace: 22375K(22720K)->22375K(22720K) NonClass: 19582K(19776K)->19582K(19776K) Class: 2792K(2944K)->2792K(2944K)
[232.619s][info][gc             ] GC(186) Pause Full (System.gc()) 224M->100M(7922M) 129.249ms
[232.619s][info][gc,cpu         ] GC(186) User=0.72s Sys=0.02s Real=0.13s
[233.763s][info][gc,start       ] GC(187) Pause Young (Allocation Failure)
[233.886s][info][gc,heap        ] GC(187) PSYoungGen: 2260480K(2519552K)->182016K(2528256K) Eden: 2260480K(2260480K)->0K(2260480K) From: 0K(259072K)->182016K(267776K)
[233.886s][info][gc,heap        ] GC(187) ParOldGen: 103372K(5592576K)->103372K(5592576K)
[233.886s][info][gc,metaspace   ] GC(187) Metaspace: 22375K(22720K)->22375K(22720K) NonClass: 19582K(19776K)->19582K(19776K) Class: 2792K(2944K)->2792K(2944K)
[233.886s][info][gc             ] GC(187) Pause Young (Allocation Failure) 2308M->278M(7930M) 122.461ms
[233.886s][info][gc,cpu         ] GC(187) User=0.73s Sys=0.00s Real=0.12s
[235.438s][info][gc,start       ] GC(188) Pause Young (Allocation Failure)
[235.514s][info][gc,heap        ] GC(188) PSYoungGen: 2442496K(2528256K)->99680K(2530304K) Eden: 2260480K(2260480K)->0K(2262528K) From: 182016K(267776K)->99680K(267776K)
[235.516s][info][gc,heap        ] GC(188) ParOldGen: 103372K(5592576K)->103388K(5592576K)
[235.516s][info][gc,metaspace   ] GC(188) Metaspace: 22375K(22720K)->22375K(22720K) NonClass: 19582K(19776K)->19582K(19776K) Class: 2792K(2944K)->2792K(2944K)
[235.516s][info][gc             ] GC(188) Pause Young (Allocation Failure) 2486M->198M(7932M) 77.724ms
[235.516s][info][gc,cpu         ] GC(188) User=0.45s Sys=0.00s Real=0.08s
[236.643s][info][gc,start       ] GC(189) Pause Young (Allocation Failure)
[236.767s][info][gc,heap        ] GC(189) PSYoungGen: 2362208K(2530304K)->186144K(2528256K) Eden: 2262528K(2262528K)->0K(2262528K) From: 99680K(267776K)->186144K(265728K)
[236.767s][info][gc,heap        ] GC(189) ParOldGen: 103388K(5592576K)->104364K(5592576K)
[236.767s][info][gc,metaspace   ] GC(189) Metaspace: 22375K(22720K)->22375K(22720K) NonClass: 19582K(19776K)->19582K(19776K) Class: 2792K(2944K)->2792K(2944K)
[236.767s][info][gc             ] GC(189) Pause Young (Allocation Failure) 2407M->283M(7930M) 124.618ms
[236.767s][info][gc,cpu         ] GC(189) User=0.75s Sys=0.00s Real=0.12s
[238.408s][info][gc,start       ] GC(190) Pause Young (Allocation Failure)
[238.496s][info][gc,heap        ] GC(190) PSYoungGen: 2448672K(2528256K)->123408K(2534912K) Eden: 2262528K(2262528K)->0K(2267136K) From: 186144K(265728K)->123408K(267776K)
[238.496s][info][gc,heap        ] GC(190) ParOldGen: 104364K(5592576K)->104772K(5592576K)
[238.496s][info][gc,metaspace   ] GC(190) Metaspace: 22375K(22720K)->22375K(22720K) NonClass: 19582K(19776K)->19582K(19776K) Class: 2792K(2944K)->2792K(2944K)
[238.496s][info][gc             ] GC(190) Pause Young (Allocation Failure) 2493M->222M(7937M) 88.554ms
[238.496s][info][gc,cpu         ] GC(190) User=0.56s Sys=0.00s Real=0.09s
[239.591s][info][gc,start       ] GC(191) Pause Young (Allocation Failure)
[239.733s][info][gc,heap        ] GC(191) PSYoungGen: 2390544K(2534912K)->198704K(2466304K) Eden: 2267136K(2267136K)->0K(2267136K) From: 123408K(267776K)->198704K(199168K)
[239.733s][info][gc,heap        ] GC(191) ParOldGen: 104772K(5592576K)->113292K(5592576K)
[239.733s][info][gc,metaspace   ] GC(191) Metaspace: 22375K(22720K)->22375K(22720K) NonClass: 19582K(19776K)->19582K(19776K) Class: 2792K(2944K)->2792K(2944K)
[239.733s][info][gc             ] GC(191) Pause Young (Allocation Failure) 2436M->304M(7870M) 141.830ms
[239.733s][info][gc,cpu         ] GC(191) User=0.84s Sys=0.00s Real=0.14s
[241.399s][info][gc,start       ] GC(192) Pause Young (Allocation Failure)
[241.500s][info][gc,heap        ] GC(192) PSYoungGen: 2465840K(2466304K)->146160K(2537472K) Eden: 2267136K(2267136K)->0K(2269184K) From: 198704K(199168K)->146160K(268288K)
[241.500s][info][gc,heap        ] GC(192) ParOldGen: 113292K(5592576K)->115445K(5592576K)
[241.500s][info][gc,metaspace   ] GC(192) Metaspace: 22376K(22720K)->22376K(22720K) NonClass: 19583K(19776K)->19583K(19776K) Class: 2792K(2944K)->2792K(2944K)
[241.500s][info][gc             ] GC(192) Pause Young (Allocation Failure) 2518M->255M(7939M) 101.138ms
[241.500s][info][gc,cpu         ] GC(192) User=0.56s Sys=0.00s Real=0.10s
[242.295s][info][gc,start       ] GC(193) Pause Young (System.gc())
[242.356s][info][gc,heap        ] GC(193) PSYoungGen: 1248899K(2537472K)->66288K(2527744K) Eden: 1102739K(2269184K)->0K(2269184K) From: 146160K(268288K)->66288K(258560K)
[242.358s][info][gc,heap        ] GC(193) ParOldGen: 115445K(5592576K)->130845K(5592576K)
[242.358s][info][gc,metaspace   ] GC(193) Metaspace: 22376K(22720K)->22376K(22720K) NonClass: 19583K(19776K)->19583K(19776K) Class: 2792K(2944K)->2792K(2944K)
[242.358s][info][gc             ] GC(193) Pause Young (System.gc()) 1332M->192M(7930M) 63.471ms
[242.358s][info][gc,cpu         ] GC(193) User=0.36s Sys=0.00s Real=0.07s
[242.358s][info][gc,start       ] GC(194) Pause Full (System.gc())
[242.359s][info][gc,phases,start] GC(194) Marking Phase
[242.389s][info][gc,phases      ] GC(194) Marking Phase 30.890ms
[242.389s][info][gc,phases,start] GC(194) Summary Phase
[242.389s][info][gc,phases      ] GC(194) Summary Phase 0.012ms
[242.389s][info][gc,phases,start] GC(194) Adjust Roots
[242.393s][info][gc,phases      ] GC(194) Adjust Roots 3.710ms
[242.393s][info][gc,phases,start] GC(194) Compaction Phase
[242.467s][info][gc,phases      ] GC(194) Compaction Phase 73.630ms
[242.467s][info][gc,phases,start] GC(194) Post Compact
[242.468s][info][gc,phases      ] GC(194) Post Compact 0.992ms
[242.468s][info][gc,heap        ] GC(194) PSYoungGen: 66288K(2527744K)->0K(2527744K) Eden: 0K(2269184K)->0K(2269184K) From: 66288K(258560K)->0K(258560K)
[242.468s][info][gc,heap        ] GC(194) ParOldGen: 130845K(5592576K)->87957K(5592576K)
[242.468s][info][gc,metaspace   ] GC(194) Metaspace: 22376K(22720K)->22376K(22720K) NonClass: 19583K(19776K)->19583K(19776K) Class: 2792K(2944K)->2792K(2944K)
[242.468s][info][gc             ] GC(194) Pause Full (System.gc()) 192M->85M(7930M) 109.535ms
[242.468s][info][gc,cpu         ] GC(194) User=0.64s Sys=0.02s Real=0.11s
[243.633s][info][gc,start       ] GC(195) Pause Young (Allocation Failure)
[243.760s][info][gc,heap        ] GC(195) PSYoungGen: 2269184K(2527744K)->188400K(2524160K) Eden: 2269184K(2269184K)->0K(2261504K) From: 0K(258560K)->188400K(262656K)
[243.760s][info][gc,heap        ] GC(195) ParOldGen: 87957K(5592576K)->87957K(5592576K)
[243.760s][info][gc,metaspace   ] GC(195) Metaspace: 22376K(22720K)->22376K(22720K) NonClass: 19583K(19776K)->19583K(19776K) Class: 2792K(2944K)->2792K(2944K)
[243.760s][info][gc             ] GC(195) Pause Young (Allocation Failure) 2301M->269M(7926M) 127.073ms
[243.760s][info][gc,cpu         ] GC(195) User=0.70s Sys=0.00s Real=0.13s
[245.457s][info][gc,start       ] GC(196) Pause Young (Allocation Failure)
[245.547s][info][gc,heap        ] GC(196) PSYoungGen: 2449904K(2524160K)->126560K(2528768K) Eden: 2261504K(2261504K)->0K(2261504K) From: 188400K(262656K)->126560K(267264K)
[245.547s][info][gc,heap        ] GC(196) ParOldGen: 87957K(5592576K)->87989K(5592576K)
[245.547s][info][gc,metaspace   ] GC(196) Metaspace: 22377K(22720K)->22377K(22720K) NonClass: 19584K(19776K)->19584K(19776K) Class: 2792K(2944K)->2792K(2944K)
[245.547s][info][gc             ] GC(196) Pause Young (Allocation Failure) 2478M->209M(7931M) 90.246ms
[245.547s][info][gc,cpu         ] GC(196) User=0.56s Sys=0.00s Real=0.10s
[246.701s][info][gc,start       ] GC(197) Pause Young (Allocation Failure)
[246.825s][info][gc,heap        ] GC(197) PSYoungGen: 2388064K(2528768K)->189408K(2527744K) Eden: 2261504K(2261504K)->0K(2268672K) From: 126560K(267264K)->189408K(259072K)
[246.825s][info][gc,heap        ] GC(197) ParOldGen: 87989K(5592576K)->93277K(5592576K)
[246.825s][info][gc,metaspace   ] GC(197) Metaspace: 22377K(22720K)->22377K(22720K) NonClass: 19584K(19776K)->19584K(19776K) Class: 2792K(2944K)->2792K(2944K)
[246.825s][info][gc             ] GC(197) Pause Young (Allocation Failure) 2418M->276M(7930M) 124.246ms
[246.826s][info][gc,cpu         ] GC(197) User=0.73s Sys=0.00s Real=0.12s
[248.480s][info][gc,start       ] GC(198) Pause Young (Allocation Failure)
[248.589s][info][gc,heap        ] GC(198) PSYoungGen: 2458080K(2527744K)->159744K(2532352K) Eden: 2268672K(2268672K)->0K(2268672K) From: 189408K(259072K)->159744K(263680K)
[248.589s][info][gc,heap        ] GC(198) ParOldGen: 93277K(5592576K)->95117K(5592576K)
[248.589s][info][gc,metaspace   ] GC(198) Metaspace: 22378K(22720K)->22378K(22720K) NonClass: 19585K(19776K)->19585K(19776K) Class: 2792K(2944K)->2792K(2944K)
[248.589s][info][gc             ] GC(198) Pause Young (Allocation Failure) 2491M->248M(7934M) 109.406ms
[248.589s][info][gc,cpu         ] GC(198) User=0.66s Sys=0.00s Real=0.11s
[250.105s][info][gc,start       ] GC(199) Pause Young (Allocation Failure)
[250.189s][info][gc,heap        ] GC(199) PSYoungGen: 2428416K(2532352K)->117696K(2545152K) Eden: 2268672K(2268672K)->0K(2289664K) From: 159744K(263680K)->117696K(255488K)
[250.189s][info][gc,heap        ] GC(199) ParOldGen: 95117K(5592576K)->95457K(5592576K)
[250.189s][info][gc,metaspace   ] GC(199) Metaspace: 22380K(22720K)->22380K(22720K) NonClass: 19587K(19776K)->19587K(19776K) Class: 2792K(2944K)->2792K(2944K)
[250.189s][info][gc             ] GC(199) Pause Young (Allocation Failure) 2464M->208M(7947M) 83.337ms
[250.189s][info][gc,cpu         ] GC(199) User=0.47s Sys=0.00s Real=0.09s
[251.573s][info][gc,start       ] GC(200) Pause Young (Allocation Failure)
[251.696s][info][gc,heap        ] GC(200) PSYoungGen: 2407360K(2545152K)->186912K(2540544K) Eden: 2289664K(2289664K)->0K(2289664K) From: 117696K(255488K)->186912K(250880K)
[251.696s][info][gc,heap        ] GC(200) ParOldGen: 95457K(5592576K)->95721K(5592576K)
[251.696s][info][gc,metaspace   ] GC(200) Metaspace: 22380K(22720K)->22380K(22720K) NonClass: 19587K(19776K)->19587K(19776K) Class: 2792K(2944K)->2792K(2944K)
[251.696s][info][gc             ] GC(200) Pause Young (Allocation Failure) 2444M->276M(7942M) 122.629ms
[251.696s][info][gc,cpu         ] GC(200) User=0.73s Sys=0.00s Real=0.13s
[252.301s][info][gc,start       ] GC(201) Pause Young (System.gc())
[252.372s][info][gc,heap        ] GC(201) PSYoungGen: 834488K(2540544K)->44512K(2524672K) Eden: 647576K(2289664K)->0K(2269696K) From: 186912K(250880K)->44512K(254976K)
[252.372s][info][gc,heap        ] GC(201) ParOldGen: 95721K(5592576K)->148545K(5592576K)
[252.372s][info][gc,metaspace   ] GC(201) Metaspace: 22380K(22720K)->22380K(22720K) NonClass: 19587K(19776K)->19587K(19776K) Class: 2792K(2944K)->2792K(2944K)
[252.372s][info][gc             ] GC(201) Pause Young (System.gc()) 908M->188M(7927M) 71.364ms
[252.372s][info][gc,cpu         ] GC(201) User=0.47s Sys=0.00s Real=0.07s
[252.372s][info][gc,start       ] GC(202) Pause Full (System.gc())
[252.372s][info][gc,phases,start] GC(202) Marking Phase
[252.411s][info][gc,phases      ] GC(202) Marking Phase 38.893ms
[252.411s][info][gc,phases,start] GC(202) Summary Phase
[252.411s][info][gc,phases      ] GC(202) Summary Phase 0.011ms
[252.411s][info][gc,phases,start] GC(202) Adjust Roots
[252.415s][info][gc,phases      ] GC(202) Adjust Roots 3.563ms
[252.415s][info][gc,phases,start] GC(202) Compaction Phase
[252.495s][info][gc,phases      ] GC(202) Compaction Phase 79.877ms
[252.495s][info][gc,phases,start] GC(202) Post Compact
[252.496s][info][gc,phases      ] GC(202) Post Compact 0.985ms
[252.496s][info][gc,heap        ] GC(202) PSYoungGen: 44512K(2524672K)->0K(2524672K) Eden: 0K(2269696K)->0K(2269696K) From: 44512K(254976K)->0K(254976K)
[252.496s][info][gc,heap        ] GC(202) ParOldGen: 148545K(5592576K)->103447K(5592576K)
[252.496s][info][gc,metaspace   ] GC(202) Metaspace: 22380K(22720K)->22380K(22720K) NonClass: 19587K(19776K)->19587K(19776K) Class: 2792K(2944K)->2792K(2944K)
[252.496s][info][gc             ] GC(202) Pause Full (System.gc()) 188M->101M(7927M) 123.583ms
[252.496s][info][gc,cpu         ] GC(202) User=0.67s Sys=0.00s Real=0.12s
[253.747s][info][gc,start       ] GC(203) Pause Young (Allocation Failure)
[253.883s][info][gc,heap        ] GC(203) PSYoungGen: 2269696K(2524672K)->203024K(2472960K) Eden: 2269696K(2269696K)->0K(2269696K) From: 0K(254976K)->203024K(203264K)
[253.883s][info][gc,heap        ] GC(203) ParOldGen: 103447K(5592576K)->103447K(5592576K)
[253.883s][info][gc,metaspace   ] GC(203) Metaspace: 22394K(22720K)->22394K(22720K) NonClass: 19601K(19776K)->19601K(19776K) Class: 2792K(2944K)->2792K(2944K)
[253.883s][info][gc             ] GC(203) Pause Young (Allocation Failure) 2317M->299M(7876M) 135.873ms
[253.883s][info][gc,cpu         ] GC(203) User=0.81s Sys=0.02s Real=0.14s
[255.560s][info][gc,start       ] GC(204) Pause Young (Allocation Failure)
[255.654s][info][gc,heap        ] GC(204) PSYoungGen: 2472720K(2472960K)->135552K(2532864K) Eden: 2269696K(2269696K)->0K(2258944K) From: 203024K(203264K)->135552K(273920K)
[255.654s][info][gc,heap        ] GC(204) ParOldGen: 103447K(5592576K)->103479K(5592576K)
[255.654s][info][gc,metaspace   ] GC(204) Metaspace: 22404K(22720K)->22404K(22720K) NonClass: 19611K(19776K)->19611K(19776K) Class: 2792K(2944K)->2792K(2944K)
[255.654s][info][gc             ] GC(204) Pause Young (Allocation Failure) 2515M->233M(7935M) 93.903ms
[255.654s][info][gc,cpu         ] GC(204) User=0.56s Sys=0.00s Real=0.09s
[256.770s][info][gc,start       ] GC(205) Pause Young (Allocation Failure)
[256.910s][info][gc,heap        ] GC(205) PSYoungGen: 2394496K(2532864K)->207168K(2522112K) Eden: 2258944K(2258944K)->0K(2258944K) From: 135552K(273920K)->207168K(263168K)
[256.910s][info][gc,heap        ] GC(205) ParOldGen: 103479K(5592576K)->115431K(5592576K)
[256.910s][info][gc,metaspace   ] GC(205) Metaspace: 22407K(22720K)->22407K(22720K) NonClass: 19614K(19776K)->19614K(19776K) Class: 2792K(2944K)->2792K(2944K)
[256.910s][info][gc             ] GC(205) Pause Young (Allocation Failure) 2439M->315M(7924M) 140.890ms
[256.910s][info][gc,cpu         ] GC(205) User=0.81s Sys=0.00s Real=0.15s
[258.497s][info][gc,start       ] GC(206) Pause Young (Allocation Failure)
[258.596s][info][gc,heap        ] GC(206) PSYoungGen: 2466112K(2522112K)->142368K(2532352K) Eden: 2258944K(2258944K)->0K(2258432K) From: 207168K(263168K)->142368K(273920K)
[258.596s][info][gc,heap        ] GC(206) ParOldGen: 115431K(5592576K)->118351K(5592576K)
[258.596s][info][gc,metaspace   ] GC(206) Metaspace: 22499K(22784K)->22499K(22784K) NonClass: 19706K(19840K)->19706K(19840K) Class: 2792K(2944K)->2792K(2944K)
[258.596s][info][gc             ] GC(206) Pause Young (Allocation Failure) 2521M->254M(7934M) 98.553ms
[258.596s][info][gc,cpu         ] GC(206) User=0.55s Sys=0.02s Real=0.10s
[259.761s][info][gc,start       ] GC(207) Pause Young (Allocation Failure)
[259.902s][info][gc,heap        ] GC(207) PSYoungGen: 2400800K(2532352K)->189312K(2522112K) Eden: 2258432K(2258432K)->0K(2258432K) From: 142368K(273920K)->189312K(263680K)
[259.902s][info][gc,heap        ] GC(207) ParOldGen: 118351K(5592576K)->125115K(5592576K)
[259.902s][info][gc,metaspace   ] GC(207) Metaspace: 22521K(22784K)->22521K(22784K) NonClass: 19728K(19840K)->19728K(19840K) Class: 2792K(2944K)->2792K(2944K)
[259.902s][info][gc             ] GC(207) Pause Young (Allocation Failure) 2460M->307M(7924M) 141.261ms
[259.902s][info][gc,cpu         ] GC(207) User=0.84s Sys=0.00s Real=0.14s
[261.342s][info][gc,start       ] GC(208) Pause Young (Allocation Failure)
[261.440s][info][gc,heap        ] GC(208) PSYoungGen: 2447744K(2522112K)->141456K(2538496K) Eden: 2258432K(2258432K)->0K(2272256K) From: 189312K(263680K)->141456K(266240K)
[261.440s][info][gc,heap        ] GC(208) ParOldGen: 125115K(5592576K)->127291K(5592576K)
[261.440s][info][gc,metaspace   ] GC(208) Metaspace: 22522K(22784K)->22522K(22784K) NonClass: 19729K(19840K)->19729K(19840K) Class: 2792K(2944K)->2792K(2944K)
[261.440s][info][gc             ] GC(208) Pause Young (Allocation Failure) 2512M->262M(7940M) 98.121ms
[261.440s][info][gc,cpu         ] GC(208) User=0.56s Sys=0.00s Real=0.10s
[262.136s][info][gc,start       ] GC(209) Pause Young (System.gc())
[262.206s][info][gc,heap        ] GC(209) PSYoungGen: 1097417K(2538496K)->65872K(2529792K) Eden: 955961K(2272256K)->0K(2272256K) From: 141456K(266240K)->65872K(257536K)
[262.206s][info][gc,heap        ] GC(209) ParOldGen: 127291K(5592576K)->158763K(5592576K)
[262.206s][info][gc,metaspace   ] GC(209) Metaspace: 22523K(22784K)->22523K(22784K) NonClass: 19730K(19840K)->19730K(19840K) Class: 2792K(2944K)->2792K(2944K)
[262.206s][info][gc             ] GC(209) Pause Young (System.gc()) 1196M->219M(7932M) 69.959ms
[262.206s][info][gc,cpu         ] GC(209) User=0.38s Sys=0.00s Real=0.08s
[262.206s][info][gc,start       ] GC(210) Pause Full (System.gc())
[262.206s][info][gc,phases,start] GC(210) Marking Phase
[262.242s][info][gc,phases      ] GC(210) Marking Phase 35.916ms
[262.242s][info][gc,phases,start] GC(210) Summary Phase
[262.242s][info][gc,phases      ] GC(210) Summary Phase 0.012ms
[262.242s][info][gc,phases,start] GC(210) Adjust Roots
[262.246s][info][gc,phases      ] GC(210) Adjust Roots 4.332ms
[262.246s][info][gc,phases,start] GC(210) Compaction Phase
[262.344s][info][gc,phases      ] GC(210) Compaction Phase 97.303ms
[262.344s][info][gc,phases,start] GC(210) Post Compact
[262.345s][info][gc,phases      ] GC(210) Post Compact 1.163ms
[262.345s][info][gc,heap        ] GC(210) PSYoungGen: 65872K(2529792K)->0K(2529792K) Eden: 0K(2272256K)->0K(2272256K) From: 65872K(257536K)->0K(257536K)
[262.345s][info][gc,heap        ] GC(210) ParOldGen: 158763K(5592576K)->103509K(5592576K)
[262.345s][info][gc,metaspace   ] GC(210) Metaspace: 22523K(22784K)->22523K(22784K) NonClass: 19730K(19840K)->19730K(19840K) Class: 2792K(2944K)->2792K(2944K)
[262.345s][info][gc             ] GC(210) Pause Full (System.gc()) 219M->101M(7932M) 139.005ms
[262.345s][info][gc,cpu         ] GC(210) User=0.77s Sys=0.00s Real=0.14s
[263.502s][info][gc,start       ] GC(211) Pause Young (Allocation Failure)
[263.625s][info][gc,heap        ] GC(211) PSYoungGen: 2272256K(2529792K)->183728K(2528768K) Eden: 2272256K(2272256K)->0K(2266624K) From: 0K(257536K)->183728K(262144K)
[263.625s][info][gc,heap        ] GC(211) ParOldGen: 103509K(5592576K)->103509K(5592576K)
[263.625s][info][gc,metaspace   ] GC(211) Metaspace: 22523K(22784K)->22523K(22784K) NonClass: 19730K(19840K)->19730K(19840K) Class: 2792K(2944K)->2792K(2944K)
[263.625s][info][gc             ] GC(211) Pause Young (Allocation Failure) 2320M->280M(7931M) 123.766ms
[263.626s][info][gc,cpu         ] GC(211) User=0.75s Sys=0.00s Real=0.12s
[265.291s][info][gc,start       ] GC(212) Pause Young (Allocation Failure)
[265.377s][info][gc,heap        ] GC(212) PSYoungGen: 2450352K(2528768K)->119616K(2531328K) Eden: 2266624K(2266624K)->0K(2266624K) From: 183728K(262144K)->119616K(264704K)
[265.377s][info][gc,heap        ] GC(212) ParOldGen: 103509K(5592576K)->103557K(5592576K)
[265.377s][info][gc,metaspace   ] GC(212) Metaspace: 22523K(22784K)->22523K(22784K) NonClass: 19730K(19840K)->19730K(19840K) Class: 2792K(2944K)->2792K(2944K)
[265.377s][info][gc             ] GC(212) Pause Young (Allocation Failure) 2494M->217M(7933M) 85.827ms
[265.377s][info][gc,cpu         ] GC(212) User=0.47s Sys=0.00s Real=0.09s
[266.461s][info][gc,start       ] GC(213) Pause Young (Allocation Failure)
[266.593s][info][gc,heap        ] GC(213) PSYoungGen: 2386240K(2531328K)->198416K(2521088K) Eden: 2266624K(2266624K)->0K(2262528K) From: 119616K(264704K)->198416K(258560K)
[266.593s][info][gc,heap        ] GC(213) ParOldGen: 103557K(5592576K)->111405K(5592576K)
[266.593s][info][gc,metaspace   ] GC(213) Metaspace: 22523K(22784K)->22523K(22784K) NonClass: 19730K(19840K)->19730K(19840K) Class: 2792K(2944K)->2792K(2944K)
[266.593s][info][gc             ] GC(213) Pause Young (Allocation Failure) 2431M->302M(7923M) 132.352ms
[266.593s][info][gc,cpu         ] GC(213) User=0.72s Sys=0.00s Real=0.13s
[268.303s][info][gc,start       ] GC(214) Pause Young (Allocation Failure)
[268.406s][info][gc,heap        ] GC(214) PSYoungGen: 2460944K(2521088K)->145088K(2529280K) Eden: 2262528K(2262528K)->0K(2262528K) From: 198416K(258560K)->145088K(266752K)
[268.408s][info][gc,heap        ] GC(214) ParOldGen: 111405K(5592576K)->113961K(5592576K)
[268.408s][info][gc,metaspace   ] GC(214) Metaspace: 22523K(22784K)->22523K(22784K) NonClass: 19730K(19840K)->19730K(19840K) Class: 2792K(2944K)->2792K(2944K)
[268.408s][info][gc             ] GC(214) Pause Young (Allocation Failure) 2512M->252M(7931M) 104.846ms
[268.408s][info][gc,cpu         ] GC(214) User=0.66s Sys=0.00s Real=0.11s
[269.474s][info][gc,start       ] GC(215) Pause Young (Allocation Failure)
[269.614s][info][gc,heap        ] GC(215) PSYoungGen: 2407616K(2529280K)->205120K(2520576K) Eden: 2262528K(2262528K)->0K(2264576K) From: 145088K(266752K)->205120K(256000K)
[269.614s][info][gc,heap        ] GC(215) ParOldGen: 113961K(5592576K)->130321K(5592576K)
[269.614s][info][gc,metaspace   ] GC(215) Metaspace: 22523K(22784K)->22523K(22784K) NonClass: 19730K(19840K)->19730K(19840K) Class: 2792K(2944K)->2792K(2944K)
[269.614s][info][gc             ] GC(215) Pause Young (Allocation Failure) 2462M->327M(7923M) 139.226ms
[269.614s][info][gc,cpu         ] GC(215) User=0.83s Sys=0.00s Real=0.14s
[271.111s][info][gc,start       ] GC(216) Pause Young (Allocation Failure)
[271.214s][info][gc,heap        ] GC(216) PSYoungGen: 2469696K(2520576K)->147568K(2530304K) Eden: 2264576K(2264576K)->0K(2264576K) From: 205120K(256000K)->147568K(265728K)
[271.214s][info][gc,heap        ] GC(216) ParOldGen: 130321K(5592576K)->134449K(5592576K)
[271.214s][info][gc,metaspace   ] GC(216) Metaspace: 22523K(22784K)->22523K(22784K) NonClass: 19730K(19840K)->19730K(19840K) Class: 2792K(2944K)->2792K(2944K)
[271.214s][info][gc             ] GC(216) Pause Young (Allocation Failure) 2539M->275M(7932M) 102.634ms
[271.214s][info][gc,cpu         ] GC(216) User=0.64s Sys=0.00s Real=0.10s
[271.952s][info][gc,start       ] GC(217) Pause Young (System.gc())
[272.023s][info][gc,heap        ] GC(217) PSYoungGen: 1219268K(2530304K)->69360K(2530816K) Eden: 1071700K(2264576K)->0K(2274816K) From: 147568K(265728K)->69360K(256000K)
[272.023s][info][gc,heap        ] GC(217) ParOldGen: 134449K(5592576K)->162589K(5592576K)
[272.023s][info][gc,metaspace   ] GC(217) Metaspace: 22523K(22784K)->22523K(22784K) NonClass: 19730K(19840K)->19730K(19840K) Class: 2792K(2944K)->2792K(2944K)
[272.023s][info][gc             ] GC(217) Pause Young (System.gc()) 1321M->226M(7933M) 71.511ms
[272.023s][info][gc,cpu         ] GC(217) User=0.47s Sys=0.00s Real=0.07s
[272.023s][info][gc,start       ] GC(218) Pause Full (System.gc())
[272.023s][info][gc,phases,start] GC(218) Marking Phase
[272.060s][info][gc,phases      ] GC(218) Marking Phase 36.452ms
[272.060s][info][gc,phases,start] GC(218) Summary Phase
[272.060s][info][gc,phases      ] GC(218) Summary Phase 0.012ms
[272.060s][info][gc,phases,start] GC(218) Adjust Roots
[272.063s][info][gc,phases      ] GC(218) Adjust Roots 3.719ms
[272.064s][info][gc,phases,start] GC(218) Compaction Phase
[272.161s][info][gc,phases      ] GC(218) Compaction Phase 97.440ms
[272.161s][info][gc,phases,start] GC(218) Post Compact
[272.162s][info][gc,phases      ] GC(218) Post Compact 1.132ms
[272.162s][info][gc,heap        ] GC(218) PSYoungGen: 69360K(2530816K)->0K(2530816K) Eden: 0K(2274816K)->0K(2274816K) From: 69360K(256000K)->0K(256000K)
[272.162s][info][gc,heap        ] GC(218) ParOldGen: 162589K(5592576K)->103680K(5592576K)
[272.162s][info][gc,metaspace   ] GC(218) Metaspace: 22523K(22784K)->22523K(22784K) NonClass: 19730K(19840K)->19730K(19840K) Class: 2792K(2944K)->2792K(2944K)
[272.162s][info][gc             ] GC(218) Pause Full (System.gc()) 226M->101M(7933M) 139.042ms
[272.162s][info][gc,cpu         ] GC(218) User=0.69s Sys=0.00s Real=0.14s
[273.375s][info][gc,start       ] GC(219) Pause Young (Allocation Failure)
[273.501s][info][gc,heap        ] GC(219) PSYoungGen: 2274816K(2530816K)->188096K(2463232K) Eden: 2274816K(2274816K)->0K(2274816K) From: 0K(256000K)->188096K(188416K)
[273.501s][info][gc,heap        ] GC(219) ParOldGen: 103680K(5592576K)->103680K(5592576K)
[273.501s][info][gc,metaspace   ] GC(219) Metaspace: 22539K(22848K)->22539K(22848K) NonClass: 19746K(19904K)->19746K(19904K) Class: 2792K(2944K)->2792K(2944K)
[273.501s][info][gc             ] GC(219) Pause Young (Allocation Failure) 2322M->284M(7867M) 125.380ms
[273.501s][info][gc,cpu         ] GC(219) User=0.70s Sys=0.00s Real=0.13s
[275.138s][info][gc,start       ] GC(220) Pause Young (Allocation Failure)
[275.222s][info][gc,heap        ] GC(220) PSYoungGen: 2462912K(2463232K)->119040K(2537472K) Eden: 2274816K(2274816K)->0K(2272768K) From: 188096K(188416K)->119040K(264704K)
[275.222s][info][gc,heap        ] GC(220) ParOldGen: 103680K(5592576K)->103712K(5592576K)
[275.222s][info][gc,metaspace   ] GC(220) Metaspace: 22539K(22848K)->22539K(22848K) NonClass: 19746K(19904K)->19746K(19904K) Class: 2792K(2944K)->2792K(2944K)
[275.222s][info][gc             ] GC(220) Pause Young (Allocation Failure) 2506M->217M(7939M) 83.722ms
[275.222s][info][gc,cpu         ] GC(220) User=0.47s Sys=0.00s Real=0.08s
[276.303s][info][gc,start       ] GC(221) Pause Young (Allocation Failure)
[276.435s][info][gc,heap        ] GC(221) PSYoungGen: 2391808K(2537472K)->200112K(2472960K) Eden: 2272768K(2272768K)->0K(2272768K) From: 119040K(264704K)->200112K(200192K)
[276.435s][info][gc,heap        ] GC(221) ParOldGen: 103712K(5592576K)->110048K(5592576K)
[276.435s][info][gc,metaspace   ] GC(221) Metaspace: 22539K(22848K)->22539K(22848K) NonClass: 19746K(19904K)->19746K(19904K) Class: 2792K(2944K)->2792K(2944K)
[276.435s][info][gc             ] GC(221) Pause Young (Allocation Failure) 2437M->302M(7876M) 131.659ms
[276.435s][info][gc,cpu         ] GC(221) User=0.80s Sys=0.00s Real=0.13s
[277.898s][info][gc,start       ] GC(222) Pause Young (Allocation Failure)
[277.989s][info][gc,heap        ] GC(222) PSYoungGen: 2472880K(2472960K)->130832K(2536448K) Eden: 2272768K(2272768K)->0K(2269184K) From: 200112K(200192K)->130832K(267264K)
[277.989s][info][gc,heap        ] GC(222) ParOldGen: 110048K(5592576K)->111304K(5592576K)
[277.989s][info][gc,metaspace   ] GC(222) Metaspace: 22539K(22848K)->22539K(22848K) NonClass: 19746K(19904K)->19746K(19904K) Class: 2792K(2944K)->2792K(2944K)
[277.989s][info][gc             ] GC(222) Pause Young (Allocation Failure) 2522M->236M(7938M) 91.310ms
[277.989s][info][gc,cpu         ] GC(222) User=0.47s Sys=0.00s Real=0.09s
[279.068s][info][gc,start       ] GC(223) Pause Young (Allocation Failure)
[279.202s][info][gc,heap        ] GC(223) PSYoungGen: 2400016K(2536448K)->197952K(2528768K) Eden: 2269184K(2269184K)->0K(2269184K) From: 130832K(267264K)->197952K(259584K)
[279.202s][info][gc,heap        ] GC(223) ParOldGen: 111304K(5592576K)->122580K(5592576K)
[279.202s][info][gc,metaspace   ] GC(223) Metaspace: 22539K(22848K)->22539K(22848K) NonClass: 19746K(19904K)->19746K(19904K) Class: 2792K(2944K)->2792K(2944K)
[279.202s][info][gc             ] GC(223) Pause Young (Allocation Failure) 2452M->313M(7931M) 133.632ms
[279.202s][info][gc,cpu         ] GC(223) User=0.84s Sys=0.00s Real=0.13s
[280.750s][info][gc,start       ] GC(224) Pause Young (Allocation Failure)
[280.847s][info][gc,heap        ] GC(224) PSYoungGen: 2467136K(2528768K)->135616K(2537472K) Eden: 2269184K(2269184K)->0K(2271232K) From: 197952K(259584K)->135616K(266240K)
[280.850s][info][gc,heap        ] GC(224) ParOldGen: 122580K(5592576K)->125508K(5592576K)
[280.850s][info][gc,metaspace   ] GC(224) Metaspace: 22542K(22848K)->22542K(22848K) NonClass: 19749K(19904K)->19749K(19904K) Class: 2792K(2944K)->2792K(2944K)
[280.850s][info][gc             ] GC(224) Pause Young (Allocation Failure) 2529M->255M(7939M) 99.777ms
[280.850s][info][gc,cpu         ] GC(224) User=0.56s Sys=0.00s Real=0.10s
[281.616s][info][gc,start       ] GC(225) Pause Young (System.gc())
[281.686s][info][gc,heap        ] GC(225) PSYoungGen: 1319154K(2537472K)->75760K(2529792K) Eden: 1183538K(2271232K)->0K(2271232K) From: 135616K(266240K)->75760K(258560K)
[281.687s][info][gc,heap        ] GC(225) ParOldGen: 125508K(5592576K)->147100K(5592576K)
[281.687s][info][gc,metaspace   ] GC(225) Metaspace: 22542K(22848K)->22542K(22848K) NonClass: 19749K(19904K)->19749K(19904K) Class: 2792K(2944K)->2792K(2944K)
[281.687s][info][gc             ] GC(225) Pause Young (System.gc()) 1410M->217M(7932M) 70.860ms
[281.687s][info][gc,cpu         ] GC(225) User=0.45s Sys=0.00s Real=0.08s
[281.687s][info][gc,start       ] GC(226) Pause Full (System.gc())
[281.687s][info][gc,phases,start] GC(226) Marking Phase
[281.723s][info][gc,phases      ] GC(226) Marking Phase 35.880ms
[281.723s][info][gc,phases,start] GC(226) Summary Phase
[281.723s][info][gc,phases      ] GC(226) Summary Phase 0.011ms
[281.723s][info][gc,phases,start] GC(226) Adjust Roots
[281.726s][info][gc,phases      ] GC(226) Adjust Roots 3.702ms
[281.726s][info][gc,phases,start] GC(226) Compaction Phase
[281.799s][info][gc,phases      ] GC(226) Compaction Phase 73.021ms
[281.799s][info][gc,phases,start] GC(226) Post Compact
[281.801s][info][gc,phases      ] GC(226) Post Compact 1.311ms
[281.801s][info][gc,heap        ] GC(226) PSYoungGen: 75760K(2529792K)->0K(2529792K) Eden: 0K(2271232K)->0K(2271232K) From: 75760K(258560K)->0K(258560K)
[281.801s][info][gc,heap        ] GC(226) ParOldGen: 147100K(5592576K)->103554K(5592576K)
[281.801s][info][gc,metaspace   ] GC(226) Metaspace: 22542K(22848K)->22542K(22848K) NonClass: 19749K(19904K)->19749K(19904K) Class: 2792K(2944K)->2792K(2944K)
[281.801s][info][gc             ] GC(226) Pause Full (System.gc()) 217M->101M(7932M) 114.220ms
[281.801s][info][gc,cpu         ] GC(226) User=0.58s Sys=0.00s Real=0.11s
[282.995s][info][gc,start       ] GC(227) Pause Young (Allocation Failure)
[283.118s][info][gc,heap        ] GC(227) PSYoungGen: 2271232K(2529792K)->191440K(2523648K) Eden: 2271232K(2271232K)->0K(2262528K) From: 0K(258560K)->191440K(261120K)
[283.118s][info][gc,heap        ] GC(227) ParOldGen: 103554K(5592576K)->103554K(5592576K)
[283.118s][info][gc,metaspace   ] GC(227) Metaspace: 22547K(22848K)->22547K(22848K) NonClass: 19754K(19904K)->19754K(19904K) Class: 2792K(2944K)->2792K(2944K)
[283.118s][info][gc             ] GC(227) Pause Young (Allocation Failure) 2319M->288M(7926M) 123.417ms
[283.119s][info][gc,cpu         ] GC(227) User=0.70s Sys=0.03s Real=0.13s
[284.801s][info][gc,start       ] GC(228) Pause Young (Allocation Failure)
[284.898s][info][gc,heap        ] GC(228) PSYoungGen: 2453968K(2523648K)->136112K(2529280K) Eden: 2262528K(2262528K)->0K(2262528K) From: 191440K(261120K)->136112K(266752K)
[284.898s][info][gc,heap        ] GC(228) ParOldGen: 103554K(5592576K)->103586K(5592576K)
[284.898s][info][gc,metaspace   ] GC(228) Metaspace: 22547K(22848K)->22547K(22848K) NonClass: 19754K(19904K)->19754K(19904K) Class: 2792K(2944K)->2792K(2944K)
[284.898s][info][gc             ] GC(228) Pause Young (Allocation Failure) 2497M->234M(7931M) 97.200ms
[284.898s][info][gc,cpu         ] GC(228) User=0.59s Sys=0.00s Real=0.10s
[286.034s][info][gc,start       ] GC(229) Pause Young (Allocation Failure)
[286.172s][info][gc,heap        ] GC(229) PSYoungGen: 2398640K(2529280K)->209408K(2515968K) Eden: 2262528K(2262528K)->0K(2258432K) From: 136112K(266752K)->209408K(257536K)
[286.172s][info][gc,heap        ] GC(229) ParOldGen: 103586K(5592576K)->114066K(5592576K)
[286.172s][info][gc,metaspace   ] GC(229) Metaspace: 22547K(22848K)->22547K(22848K) NonClass: 19754K(19904K)->19754K(19904K) Class: 2792K(2944K)->2792K(2944K)
[286.172s][info][gc             ] GC(229) Pause Young (Allocation Failure) 2443M->315M(7918M) 137.942ms
[286.172s][info][gc,cpu         ] GC(229) User=0.84s Sys=0.00s Real=0.14s
[287.718s][info][gc,start       ] GC(230) Pause Young (Allocation Failure)
[287.823s][info][gc,heap        ] GC(230) PSYoungGen: 2467840K(2515968K)->153664K(2527232K) Eden: 2258432K(2258432K)->0K(2258432K) From: 209408K(257536K)->153664K(268800K)
[287.823s][info][gc,heap        ] GC(230) ParOldGen: 114066K(5592576K)->116922K(5592576K)
[287.823s][info][gc,metaspace   ] GC(230) Metaspace: 22547K(22848K)->22547K(22848K) NonClass: 19754K(19904K)->19754K(19904K) Class: 2792K(2944K)->2792K(2944K)
[287.823s][info][gc             ] GC(230) Pause Young (Allocation Failure) 2521M->264M(7929M) 104.633ms
[287.823s][info][gc,cpu         ] GC(230) User=0.66s Sys=0.00s Real=0.11s
[288.984s][info][gc,start       ] GC(231) Pause Young (Allocation Failure)
[289.124s][info][gc,heap        ] GC(231) PSYoungGen: 2412096K(2527232K)->187440K(2534400K) Eden: 2258432K(2258432K)->0K(2276864K) From: 153664K(268800K)->187440K(257536K)
[289.129s][info][gc,heap        ] GC(231) ParOldGen: 116922K(5592576K)->127622K(5592576K)
[289.129s][info][gc,metaspace   ] GC(231) Metaspace: 22547K(22848K)->22547K(22848K) NonClass: 19754K(19904K)->19754K(19904K) Class: 2792K(2944K)->2792K(2944K)
[289.129s][info][gc             ] GC(231) Pause Young (Allocation Failure) 2469M->307M(7936M) 144.990ms
[289.129s][info][gc,cpu         ] GC(231) User=0.81s Sys=0.02s Real=0.15s
[290.576s][info][gc,start       ] GC(232) Pause Young (Allocation Failure)
[290.688s][info][gc,heap        ] GC(232) PSYoungGen: 2464304K(2534400K)->163760K(2536448K) Eden: 2276864K(2276864K)->0K(2276864K) From: 187440K(257536K)->163760K(259584K)
[290.688s][info][gc,heap        ] GC(232) ParOldGen: 127622K(5592576K)->131135K(5592576K)
[290.688s][info][gc,metaspace   ] GC(232) Metaspace: 22550K(22848K)->22550K(22848K) NonClass: 19757K(19904K)->19757K(19904K) Class: 2792K(2944K)->2792K(2944K)
[290.688s][info][gc             ] GC(232) Pause Young (Allocation Failure) 2531M->287M(7938M) 112.432ms
[290.688s][info][gc,cpu         ] GC(232) User=0.64s Sys=0.02s Real=0.11s
[291.371s][info][gc,start       ] GC(233) Pause Young (System.gc())
[291.438s][info][gc,heap        ] GC(233) PSYoungGen: 1081239K(2536448K)->60112K(2529280K) Eden: 917479K(2276864K)->0K(2277888K) From: 163760K(259584K)->60112K(251392K)
[291.438s][info][gc,heap        ] GC(233) ParOldGen: 131135K(5592576K)->168375K(5592576K)
[291.438s][info][gc,metaspace   ] GC(233) Metaspace: 22555K(22848K)->22555K(22848K) NonClass: 19762K(19904K)->19762K(19904K) Class: 2792K(2944K)->2792K(2944K)
[291.438s][info][gc             ] GC(233) Pause Young (System.gc()) 1183M->223M(7931M) 66.841ms
[291.438s][info][gc,cpu         ] GC(233) User=0.36s Sys=0.00s Real=0.07s
[291.438s][info][gc,start       ] GC(234) Pause Full (System.gc())
[291.438s][info][gc,phases,start] GC(234) Marking Phase
[291.476s][info][gc,phases      ] GC(234) Marking Phase 38.102ms
[291.476s][info][gc,phases,start] GC(234) Summary Phase
[291.476s][info][gc,phases      ] GC(234) Summary Phase 0.013ms
[291.476s][info][gc,phases,start] GC(234) Adjust Roots
[291.480s][info][gc,phases      ] GC(234) Adjust Roots 4.170ms
[291.480s][info][gc,phases,start] GC(234) Compaction Phase
[291.574s][info][gc,phases      ] GC(234) Compaction Phase 93.747ms
[291.574s][info][gc,phases,start] GC(234) Post Compact
[291.575s][info][gc,phases      ] GC(234) Post Compact 1.118ms
[291.575s][info][gc,heap        ] GC(234) PSYoungGen: 60112K(2529280K)->0K(2529280K) Eden: 0K(2277888K)->0K(2277888K) From: 60112K(251392K)->0K(251392K)
[291.575s][info][gc,heap        ] GC(234) ParOldGen: 168375K(5592576K)->103527K(5592576K)
[291.575s][info][gc,metaspace   ] GC(234) Metaspace: 22555K(22848K)->22555K(22848K) NonClass: 19762K(19904K)->19762K(19904K) Class: 2792K(2944K)->2792K(2944K)
[291.575s][info][gc             ] GC(234) Pause Full (System.gc()) 223M->101M(7931M) 137.472ms
[291.575s][info][gc,cpu         ] GC(234) User=0.77s Sys=0.00s Real=0.14s
[292.722s][info][gc,start       ] GC(235) Pause Young (Allocation Failure)
[292.849s][info][gc,heap        ] GC(235) PSYoungGen: 2277888K(2529280K)->194208K(2472448K) Eden: 2277888K(2277888K)->0K(2277888K) From: 0K(251392K)->194208K(194560K)
[292.849s][info][gc,heap        ] GC(235) ParOldGen: 103527K(5592576K)->103527K(5592576K)
[292.849s][info][gc,metaspace   ] GC(235) Metaspace: 22561K(22912K)->22561K(22912K) NonClass: 19768K(19968K)->19768K(19968K) Class: 2792K(2944K)->2792K(2944K)
[292.849s][info][gc             ] GC(235) Pause Young (Allocation Failure) 2325M->290M(7876M) 126.324ms
[292.849s][info][gc,cpu         ] GC(235) User=0.75s Sys=0.00s Real=0.13s
[294.442s][info][gc,start       ] GC(236) Pause Young (Allocation Failure)
[294.523s][info][gc,heap        ] GC(236) PSYoungGen: 2472096K(2472448K)->113840K(2535424K) Eden: 2277888K(2277888K)->0K(2270720K) From: 194208K(194560K)->113840K(264704K)
[294.523s][info][gc,heap        ] GC(236) ParOldGen: 103527K(5592576K)->103567K(5592576K)
[294.523s][info][gc,metaspace   ] GC(236) Metaspace: 22568K(22912K)->22568K(22912K) NonClass: 19775K(19968K)->19775K(19968K) Class: 2792K(2944K)->2792K(2944K)
[294.523s][info][gc             ] GC(236) Pause Young (Allocation Failure) 2515M->212M(7937M) 80.825ms
[294.523s][info][gc,cpu         ] GC(236) User=0.56s Sys=0.00s Real=0.08s
[295.617s][info][gc,start       ] GC(237) Pause Young (Allocation Failure)
[295.754s][info][gc,heap        ] GC(237) PSYoungGen: 2384560K(2535424K)->199056K(2469888K) Eden: 2270720K(2270720K)->0K(2270720K) From: 113840K(264704K)->199056K(199168K)
[295.754s][info][gc,heap        ] GC(237) ParOldGen: 103567K(5592576K)->112279K(5592576K)
[295.754s][info][gc,metaspace   ] GC(237) Metaspace: 22568K(22912K)->22568K(22912K) NonClass: 19775K(19968K)->19775K(19968K) Class: 2792K(2944K)->2792K(2944K)
[295.754s][info][gc             ] GC(237) Pause Young (Allocation Failure) 2429M->304M(7873M) 136.876ms
[295.754s][info][gc,cpu         ] GC(237) User=0.70s Sys=0.00s Real=0.14s
[297.457s][info][gc,start       ] GC(238) Pause Young (Allocation Failure)
[297.562s][info][gc,heap        ] GC(238) PSYoungGen: 2469776K(2469888K)->151040K(2539008K) Eden: 2270720K(2270720K)->0K(2271232K) From: 199056K(199168K)->151040K(267776K)
[297.562s][info][gc,heap        ] GC(238) ParOldGen: 112279K(5592576K)->114495K(5592576K)
[297.562s][info][gc,metaspace   ] GC(238) Metaspace: 22568K(22912K)->22568K(22912K) NonClass: 19775K(19968K)->19775K(19968K) Class: 2792K(2944K)->2792K(2944K)
[297.562s][info][gc             ] GC(238) Pause Young (Allocation Failure) 2521M->259M(7941M) 104.133ms
[297.562s][info][gc,cpu         ] GC(238) User=0.59s Sys=0.02s Real=0.10s
[298.936s][info][gc,start       ] GC(239) Pause Young (Allocation Failure)
[299.038s][info][gc,heap        ] GC(239) PSYoungGen: 2422272K(2539008K)->140864K(2528256K) Eden: 2271232K(2271232K)->0K(2271232K) From: 151040K(267776K)->140864K(257024K)
[299.038s][info][gc,heap        ] GC(239) ParOldGen: 114495K(5592576K)->116135K(5592576K)
[299.038s][info][gc,metaspace   ] GC(239) Metaspace: 22568K(22912K)->22568K(22912K) NonClass: 19775K(19968K)->19775K(19968K) Class: 2792K(2944K)->2792K(2944K)
[299.038s][info][gc             ] GC(239) Pause Young (Allocation Failure) 2477M->250M(7930M) 102.073ms
[299.038s][info][gc,cpu         ] GC(239) User=0.56s Sys=0.00s Real=0.12s
[300.435s][info][gc,start       ] GC(240) Pause Young (Allocation Failure)
[300.551s][info][gc,heap        ] GC(240) PSYoungGen: 2412096K(2528256K)->175744K(2548224K) Eden: 2271232K(2271232K)->0K(2299392K) From: 140864K(257024K)->175744K(248832K)
[300.551s][info][gc,heap        ] GC(240) ParOldGen: 116135K(5592576K)->116887K(5592576K)
[300.551s][info][gc,metaspace   ] GC(240) Metaspace: 22568K(22912K)->22568K(22912K) NonClass: 19775K(19968K)->19775K(19968K) Class: 2792K(2944K)->2792K(2944K)
[300.551s][info][gc             ] GC(240) Pause Young (Allocation Failure) 2468M->285M(7950M) 115.163ms
[300.551s][info][gc,cpu         ] GC(240) User=0.64s Sys=0.00s Real=0.12s
[301.298s][info][gc,start       ] GC(241) Pause Young (System.gc())
[301.351s][info][gc,heap        ] GC(241) PSYoungGen: 992311K(2548224K)->45872K(2336256K) Eden: 816567K(2299392K)->0K(2290176K) From: 175744K(248832K)->45872K(46080K)
[301.351s][info][gc,heap        ] GC(241) ParOldGen: 116887K(5592576K)->144875K(5592576K)
[301.351s][info][gc,metaspace   ] GC(241) Metaspace: 22568K(22912K)->22568K(22912K) NonClass: 19775K(19968K)->19775K(19968K) Class: 2792K(2944K)->2792K(2944K)
[301.351s][info][gc             ] GC(241) Pause Young (System.gc()) 1083M->186M(7743M) 53.036ms
[301.351s][info][gc,cpu         ] GC(241) User=0.28s Sys=0.00s Real=0.05s
[301.351s][info][gc,start       ] GC(242) Pause Full (System.gc())
[301.351s][info][gc,phases,start] GC(242) Marking Phase
[301.381s][info][gc,phases      ] GC(242) Marking Phase 30.380ms
[301.381s][info][gc,phases,start] GC(242) Summary Phase
[301.381s][info][gc,phases      ] GC(242) Summary Phase 0.011ms
[301.381s][info][gc,phases,start] GC(242) Adjust Roots
[301.385s][info][gc,phases      ] GC(242) Adjust Roots 4.296ms
[301.385s][info][gc,phases,start] GC(242) Compaction Phase
[301.453s][info][gc,phases      ] GC(242) Compaction Phase 67.778ms
[301.453s][info][gc,phases,start] GC(242) Post Compact
[301.454s][info][gc,phases      ] GC(242) Post Compact 1.044ms
[301.454s][info][gc,heap        ] GC(242) PSYoungGen: 45872K(2336256K)->0K(2336256K) Eden: 0K(2290176K)->0K(2290176K) From: 45872K(46080K)->0K(46080K)
[301.454s][info][gc,heap        ] GC(242) ParOldGen: 144875K(5592576K)->80081K(5592576K)
[301.454s][info][gc,metaspace   ] GC(242) Metaspace: 22568K(22912K)->22568K(22912K) NonClass: 19775K(19968K)->19775K(19968K) Class: 2792K(2944K)->2792K(2944K)
[301.454s][info][gc             ] GC(242) Pause Full (System.gc()) 186M->78M(7743M) 103.775ms
[301.454s][info][gc,cpu         ] GC(242) User=0.47s Sys=0.02s Real=0.10s
[302.697s][info][gc,start       ] GC(243) Pause Young (Allocation Failure)
[302.834s][info][gc,heap        ] GC(243) PSYoungGen: 2290176K(2336256K)->207040K(2514432K) Eden: 2290176K(2290176K)->0K(2257408K) From: 0K(46080K)->207040K(257024K)
[302.834s][info][gc,heap        ] GC(243) ParOldGen: 80081K(5592576K)->80081K(5592576K)
[302.834s][info][gc,metaspace   ] GC(243) Metaspace: 22568K(22912K)->22568K(22912K) NonClass: 19775K(19968K)->19775K(19968K) Class: 2792K(2944K)->2792K(2944K)
[302.834s][info][gc             ] GC(243) Pause Young (Allocation Failure) 2314M->280M(7917M) 136.388ms
[302.834s][info][gc,cpu         ] GC(243) User=0.70s Sys=0.00s Real=0.14s
[304.402s][info][gc,start       ] GC(244) Pause Young (Allocation Failure)
[304.484s][info][gc,heap        ] GC(244) PSYoungGen: 2464448K(2514432K)->113568K(2526720K) Eden: 2257408K(2257408K)->0K(2257408K) From: 207040K(257024K)->113568K(269312K)
[304.484s][info][gc,heap        ] GC(244) ParOldGen: 80081K(5592576K)->80105K(5592576K)
[304.484s][info][gc,metaspace   ] GC(244) Metaspace: 22568K(22912K)->22568K(22912K) NonClass: 19775K(19968K)->19775K(19968K) Class: 2792K(2944K)->2792K(2944K)
[304.484s][info][gc             ] GC(244) Pause Young (Allocation Failure) 2484M->189M(7929M) 82.219ms
[304.484s][info][gc,cpu         ] GC(244) User=0.45s Sys=0.00s Real=0.08s
[305.575s][info][gc,start       ] GC(245) Pause Young (Allocation Failure)
[305.711s][info][gc,heap        ] GC(245) PSYoungGen: 2370976K(2526720K)->200800K(2515968K) Eden: 2257408K(2257408K)->0K(2252288K) From: 113568K(269312K)->200800K(263680K)
[305.715s][info][gc,heap        ] GC(245) ParOldGen: 80105K(5592576K)->88501K(5592576K)
[305.715s][info][gc,metaspace   ] GC(245) Metaspace: 22568K(22912K)->22568K(22912K) NonClass: 19775K(19968K)->19775K(19968K) Class: 2792K(2944K)->2792K(2944K)
[305.715s][info][gc             ] GC(245) Pause Young (Allocation Failure) 2393M->282M(7918M) 139.902ms
[305.715s][info][gc,cpu         ] GC(245) User=0.84s Sys=0.00s Real=0.14s
[307.342s][info][gc,start       ] GC(246) Pause Young (Allocation Failure)
[307.446s][info][gc,heap        ] GC(246) PSYoungGen: 2453088K(2515968K)->146912K(2524160K) Eden: 2252288K(2252288K)->0K(2252288K) From: 200800K(263680K)->146912K(271872K)
[307.446s][info][gc,heap        ] GC(246) ParOldGen: 88501K(5592576K)->90930K(5592576K)
[307.446s][info][gc,metaspace   ] GC(246) Metaspace: 22568K(22912K)->22568K(22912K) NonClass: 19775K(19968K)->19775K(19968K) Class: 2792K(2944K)->2792K(2944K)
[307.446s][info][gc             ] GC(246) Pause Young (Allocation Failure) 2482M->232M(7926M) 103.734ms
[307.446s][info][gc,cpu         ] GC(246) User=0.66s Sys=0.00s Real=0.10s
[308.751s][info][gc,start       ] GC(247) Pause Young (Allocation Failure)
[308.882s][info][gc,heap        ] GC(247) PSYoungGen: 2399200K(2524160K)->178736K(2535936K) Eden: 2252288K(2252288K)->0K(2275328K) From: 146912K(271872K)->178736K(260608K)
[308.882s][info][gc,heap        ] GC(247) ParOldGen: 90930K(5592576K)->94922K(5592576K)
[308.882s][info][gc,metaspace   ] GC(247) Metaspace: 22568K(22912K)->22568K(22912K) NonClass: 19775K(19968K)->19775K(19968K) Class: 2792K(2944K)->2792K(2944K)
[308.882s][info][gc             ] GC(247) Pause Young (Allocation Failure) 2431M->267M(7938M) 130.805ms
[308.882s][info][gc,cpu         ] GC(247) User=0.75s Sys=0.00s Real=0.13s
[310.438s][info][gc,start       ] GC(248) Pause Young (Allocation Failure)
[310.561s][info][gc,heap        ] GC(248) PSYoungGen: 2454064K(2535936K)->181920K(2535424K) Eden: 2275328K(2275328K)->0K(2275328K) From: 178736K(260608K)->181920K(260096K)
[310.561s][info][gc,heap        ] GC(248) ParOldGen: 94922K(5592576K)->96230K(5592576K)
[310.561s][info][gc,metaspace   ] GC(248) Metaspace: 22568K(22912K)->22568K(22912K) NonClass: 19775K(19968K)->19775K(19968K) Class: 2792K(2944K)->2792K(2944K)
[310.561s][info][gc             ] GC(248) Pause Young (Allocation Failure) 2489M->271M(7937M) 122.773ms
[310.561s][info][gc,cpu         ] GC(248) User=0.73s Sys=0.00s Real=0.12s
[311.218s][info][gc,start       ] GC(249) Pause Young (System.gc())
[311.290s][info][gc,heap        ] GC(249) PSYoungGen: 940688K(2535424K)->49680K(2520064K) Eden: 758768K(2275328K)->0K(2260480K) From: 181920K(260096K)->49680K(259584K)
[311.290s][info][gc,heap        ] GC(249) ParOldGen: 96230K(5592576K)->143926K(5592576K)
[311.290s][info][gc,metaspace   ] GC(249) Metaspace: 22568K(22912K)->22568K(22912K) NonClass: 19775K(19968K)->19775K(19968K) Class: 2792K(2944K)->2792K(2944K)
[311.290s][info][gc             ] GC(249) Pause Young (System.gc()) 1012M->189M(7922M) 71.672ms
[311.290s][info][gc,cpu         ] GC(249) User=0.45s Sys=0.02s Real=0.07s
[311.290s][info][gc,start       ] GC(250) Pause Full (System.gc())
[311.290s][info][gc,phases,start] GC(250) Marking Phase
[311.326s][info][gc,phases      ] GC(250) Marking Phase 35.693ms
[311.326s][info][gc,phases,start] GC(250) Summary Phase
[311.326s][info][gc,phases      ] GC(250) Summary Phase 0.012ms
[311.326s][info][gc,phases,start] GC(250) Adjust Roots
[311.330s][info][gc,phases      ] GC(250) Adjust Roots 4.723ms
[311.330s][info][gc,phases,start] GC(250) Compaction Phase
[311.423s][info][gc,phases      ] GC(250) Compaction Phase 93.040ms
[311.423s][info][gc,phases,start] GC(250) Post Compact
[311.425s][info][gc,phases      ] GC(250) Post Compact 1.227ms
[311.425s][info][gc,heap        ] GC(250) PSYoungGen: 49680K(2520064K)->0K(2520064K) Eden: 0K(2260480K)->0K(2260480K) From: 49680K(259584K)->0K(259584K)
[311.425s][info][gc,heap        ] GC(250) ParOldGen: 143926K(5592576K)->103491K(5592576K)
[311.425s][info][gc,metaspace   ] GC(250) Metaspace: 22568K(22912K)->22568K(22912K) NonClass: 19775K(19968K)->19775K(19968K) Class: 2792K(2944K)->2792K(2944K)
[311.425s][info][gc             ] GC(250) Pause Full (System.gc()) 189M->101M(7922M) 134.990ms
[311.425s][info][gc,cpu         ] GC(250) User=0.67s Sys=0.00s Real=0.13s
[312.854s][info][gc,start       ] GC(251) Pause Young (Allocation Failure)
[312.992s][info][gc,heap        ] GC(251) PSYoungGen: 2260480K(2520064K)->213680K(2474496K) Eden: 2260480K(2260480K)->0K(2260480K) From: 0K(259584K)->213680K(214016K)
[312.992s][info][gc,heap        ] GC(251) ParOldGen: 103491K(5592576K)->103491K(5592576K)
[312.992s][info][gc,metaspace   ] GC(251) Metaspace: 22568K(22912K)->22568K(22912K) NonClass: 19775K(19968K)->19775K(19968K) Class: 2792K(2944K)->2792K(2944K)
[312.992s][info][gc             ] GC(251) Pause Young (Allocation Failure) 2308M->309M(7878M) 138.000ms
[312.992s][info][gc,cpu         ] GC(251) User=0.80s Sys=0.00s Real=0.14s
[314.545s][info][gc,start       ] GC(252) Pause Young (Allocation Failure)
[314.647s][info][gc,heap        ] GC(252) PSYoungGen: 2474160K(2474496K)->145824K(2527232K) Eden: 2260480K(2260480K)->0K(2246656K) From: 213680K(214016K)->145824K(280576K)
[314.648s][info][gc,heap        ] GC(252) ParOldGen: 103491K(5592576K)->103523K(5592576K)
[314.648s][info][gc,metaspace   ] GC(252) Metaspace: 22568K(22912K)->22568K(22912K) NonClass: 19775K(19968K)->19775K(19968K) Class: 2792K(2944K)->2792K(2944K)
[314.648s][info][gc             ] GC(252) Pause Young (Allocation Failure) 2517M->243M(7929M) 102.445ms
[314.648s][info][gc,cpu         ] GC(252) User=0.53s Sys=0.03s Real=0.10s
[315.811s][info][gc,start       ] GC(253) Pause Young (Allocation Failure)
[315.932s][info][gc,heap        ] GC(253) PSYoungGen: 2392480K(2527232K)->189808K(2515456K) Eden: 2246656K(2246656K)->0K(2246656K) From: 145824K(280576K)->189808K(268800K)
[315.932s][info][gc,heap        ] GC(253) ParOldGen: 103523K(5592576K)->107987K(5592576K)
[315.932s][info][gc,metaspace   ] GC(253) Metaspace: 22568K(22912K)->22568K(22912K) NonClass: 19775K(19968K)->19775K(19968K) Class: 2792K(2944K)->2792K(2944K)
[315.932s][info][gc             ] GC(253) Pause Young (Allocation Failure) 2437M->290M(7918M) 121.466ms
[315.932s][info][gc,cpu         ] GC(253) User=0.73s Sys=0.02s Real=0.12s
[317.549s][info][gc,start       ] GC(254) Pause Young (Allocation Failure)
[317.632s][info][gc,heap        ] GC(254) PSYoungGen: 2436464K(2515456K)->121584K(2530304K) Eden: 2246656K(2246656K)->0K(2258944K) From: 189808K(268800K)->121584K(271360K)
[317.632s][info][gc,heap        ] GC(254) ParOldGen: 107987K(5592576K)->109371K(5592576K)
[317.632s][info][gc,metaspace   ] GC(254) Metaspace: 22568K(22912K)->22568K(22912K) NonClass: 19775K(19968K)->19775K(19968K) Class: 2792K(2944K)->2792K(2944K)
[317.632s][info][gc             ] GC(254) Pause Young (Allocation Failure) 2484M->225M(7932M) 83.197ms
[317.632s][info][gc,cpu         ] GC(254) User=0.56s Sys=0.00s Real=0.08s
[318.753s][info][gc,start       ] GC(255) Pause Young (Allocation Failure)
[318.898s][info][gc,heap        ] GC(255) PSYoungGen: 2380528K(2530304K)->197392K(2524672K) Eden: 2258944K(2258944K)->0K(2258944K) From: 121584K(271360K)->197392K(265728K)
[318.898s][info][gc,heap        ] GC(255) ParOldGen: 109371K(5592576K)->120443K(5592576K)
[318.898s][info][gc,metaspace   ] GC(255) Metaspace: 22568K(22912K)->22568K(22912K) NonClass: 19775K(19968K)->19775K(19968K) Class: 2792K(2944K)->2792K(2944K)
[318.898s][info][gc             ] GC(255) Pause Young (Allocation Failure) 2431M->310M(7927M) 144.924ms
[318.898s][info][gc,cpu         ] GC(255) User=0.94s Sys=0.00s Real=0.16s
[320.492s][info][gc,start       ] GC(256) Pause Young (Allocation Failure)
[320.609s][info][gc,heap        ] GC(256) PSYoungGen: 2456336K(2524672K)->178368K(2528768K) Eden: 2258944K(2258944K)->0K(2257920K) From: 197392K(265728K)->178368K(270848K)
[320.609s][info][gc,heap        ] GC(256) ParOldGen: 120443K(5592576K)->123599K(5592576K)
[320.609s][info][gc,metaspace   ] GC(256) Metaspace: 22582K(22912K)->22582K(22912K) NonClass: 19789K(19968K)->19789K(19968K) Class: 2792K(2944K)->2792K(2944K)
[320.609s][info][gc             ] GC(256) Pause Young (Allocation Failure) 2516M->294M(7931M) 117.468ms
[320.609s][info][gc,cpu         ] GC(256) User=0.66s Sys=0.00s Real=0.12s
[321.262s][info][gc,start       ] GC(257) Pause Young (System.gc())
[321.319s][info][gc,heap        ] GC(257) PSYoungGen: 992735K(2528768K)->49824K(2308096K) Eden: 814367K(2257920K)->0K(2257920K) From: 178368K(270848K)->49824K(50176K)
[321.319s][info][gc,heap        ] GC(257) ParOldGen: 123599K(5592576K)->157431K(5592576K)
[321.319s][info][gc,metaspace   ] GC(257) Metaspace: 22582K(22912K)->22582K(22912K) NonClass: 19789K(19968K)->19789K(19968K) Class: 2792K(2944K)->2792K(2944K)
[321.319s][info][gc             ] GC(257) Pause Young (System.gc()) 1090M->202M(7715M) 57.121ms
[321.319s][info][gc,cpu         ] GC(257) User=0.27s Sys=0.00s Real=0.06s
[321.319s][info][gc,start       ] GC(258) Pause Full (System.gc())
[321.319s][info][gc,phases,start] GC(258) Marking Phase
[321.355s][info][gc,phases      ] GC(258) Marking Phase 35.627ms
[321.355s][info][gc,phases,start] GC(258) Summary Phase
[321.355s][info][gc,phases      ] GC(258) Summary Phase 0.011ms
[321.355s][info][gc,phases,start] GC(258) Adjust Roots
[321.359s][info][gc,phases      ] GC(258) Adjust Roots 4.510ms
[321.359s][info][gc,phases,start] GC(258) Compaction Phase
[321.432s][info][gc,phases      ] GC(258) Compaction Phase 72.935ms
[321.432s][info][gc,phases,start] GC(258) Post Compact
[321.433s][info][gc,phases      ] GC(258) Post Compact 1.025ms
[321.433s][info][gc,heap        ] GC(258) PSYoungGen: 49824K(2308096K)->0K(2308096K) Eden: 0K(2257920K)->0K(2257920K) From: 49824K(50176K)->0K(50176K)
[321.433s][info][gc,heap        ] GC(258) ParOldGen: 157431K(5592576K)->89869K(5592576K)
[321.433s][info][gc,metaspace   ] GC(258) Metaspace: 22582K(22912K)->22582K(22912K) NonClass: 19789K(19968K)->19789K(19968K) Class: 2792K(2944K)->2792K(2944K)
[321.433s][info][gc             ] GC(258) Pause Full (System.gc()) 202M->87M(7715M) 114.371ms
[321.433s][info][gc,cpu         ] GC(258) User=0.67s Sys=0.00s Real=0.11s
[322.565s][info][gc,start       ] GC(259) Pause Young (Allocation Failure)
[322.692s][info][gc,heap        ] GC(259) PSYoungGen: 2257920K(2308096K)->192176K(2513408K) Eden: 2257920K(2257920K)->0K(2237952K) From: 0K(50176K)->192176K(275456K)
[322.692s][info][gc,heap        ] GC(259) ParOldGen: 89869K(5592576K)->89869K(5592576K)
[322.692s][info][gc,metaspace   ] GC(259) Metaspace: 22588K(22912K)->22588K(22912K) NonClass: 19795K(19968K)->19795K(19968K) Class: 2792K(2944K)->2792K(2944K)
[322.692s][info][gc             ] GC(259) Pause Young (Allocation Failure) 2292M->275M(7916M) 126.727ms
[322.692s][info][gc,cpu         ] GC(259) User=0.70s Sys=0.00s Real=0.13s
[324.236s][info][gc,start       ] GC(260) Pause Young (Allocation Failure)
[324.315s][info][gc,heap        ] GC(260) PSYoungGen: 2430128K(2513408K)->107472K(2516992K) Eden: 2237952K(2237952K)->0K(2237952K) From: 192176K(275456K)->107472K(279040K)
[324.315s][info][gc,heap        ] GC(260) ParOldGen: 89869K(5592576K)->89901K(5592576K)
[324.315s][info][gc,metaspace   ] GC(260) Metaspace: 22588K(22912K)->22588K(22912K) NonClass: 19795K(19968K)->19795K(19968K) Class: 2792K(2944K)->2792K(2944K)
[324.315s][info][gc             ] GC(260) Pause Young (Allocation Failure) 2460M->192M(7919M) 78.683ms
[324.315s][info][gc,cpu         ] GC(260) User=0.45s Sys=0.00s Real=0.08s
[325.481s][info][gc,start       ] GC(261) Pause Young (Allocation Failure)
[325.604s][info][gc,heap        ] GC(261) PSYoungGen: 2345424K(2516992K)->186528K(2519040K) Eden: 2237952K(2237952K)->0K(2245120K) From: 107472K(279040K)->186528K(273920K)
[325.604s][info][gc,heap        ] GC(261) ParOldGen: 89901K(5592576K)->92622K(5592576K)
[325.604s][info][gc,metaspace   ] GC(261) Metaspace: 22588K(22912K)->22588K(22912K) NonClass: 19795K(19968K)->19795K(19968K) Class: 2792K(2944K)->2792K(2944K)
[325.604s][info][gc             ] GC(261) Pause Young (Allocation Failure) 2378M->272M(7921M) 122.897ms
[325.604s][info][gc,cpu         ] GC(261) User=0.75s Sys=0.00s Real=0.13s
[327.267s][info][gc,start       ] GC(262) Pause Young (Allocation Failure)
[327.333s][info][gc,heap        ] GC(262) PSYoungGen: 2431648K(2519040K)->86400K(2520576K) Eden: 2245120K(2245120K)->0K(2245120K) From: 186528K(273920K)->86400K(275456K)
[327.333s][info][gc,heap        ] GC(262) ParOldGen: 92622K(5592576K)->93354K(5592576K)
[327.333s][info][gc,metaspace   ] GC(262) Metaspace: 22588K(22912K)->22588K(22912K) NonClass: 19795K(19968K)->19795K(19968K) Class: 2792K(2944K)->2792K(2944K)
[327.333s][info][gc             ] GC(262) Pause Young (Allocation Failure) 2465M->175M(7923M) 65.889ms
[327.333s][info][gc,cpu         ] GC(262) User=0.38s Sys=0.00s Real=0.07s
[328.521s][info][gc,start       ] GC(263) Pause Young (Allocation Failure)
[328.647s][info][gc,heap        ] GC(263) PSYoungGen: 2331520K(2520576K)->195264K(2510336K) Eden: 2245120K(2245120K)->0K(2235904K) From: 86400K(275456K)->195264K(274432K)
[328.647s][info][gc,heap        ] GC(263) ParOldGen: 93354K(5592576K)->95862K(5592576K)
[328.647s][info][gc,metaspace   ] GC(263) Metaspace: 22588K(22912K)->22588K(22912K) NonClass: 19795K(19968K)->19795K(19968K) Class: 2792K(2944K)->2792K(2944K)
[328.647s][info][gc             ] GC(263) Pause Young (Allocation Failure) 2368M->284M(7913M) 126.388ms
[328.647s][info][gc,cpu         ] GC(263) User=0.75s Sys=0.00s Real=0.13s
[330.203s][info][gc,start       ] GC(264) Pause Young (Allocation Failure)
[330.296s][info][gc,heap        ] GC(264) PSYoungGen: 2431168K(2510336K)->124224K(2515968K) Eden: 2235904K(2235904K)->0K(2235904K) From: 195264K(274432K)->124224K(280064K)
[330.299s][info][gc,heap        ] GC(264) ParOldGen: 95862K(5592576K)->96550K(5592576K)
[330.299s][info][gc,metaspace   ] GC(264) Metaspace: 22588K(22912K)->22588K(22912K) NonClass: 19795K(19968K)->19795K(19968K) Class: 2792K(2944K)->2792K(2944K)
[330.299s][info][gc             ] GC(264) Pause Young (Allocation Failure) 2467M->215M(7918M) 95.894ms
[330.299s][info][gc,cpu         ] GC(264) User=0.55s Sys=0.00s Real=0.10s
[331.161s][info][gc,start       ] GC(265) Pause Young (System.gc())
[331.236s][info][gc,heap        ] GC(265) PSYoungGen: 1419511K(2515968K)->83216K(2525696K) Eden: 1295287K(2235904K)->0K(2254336K) From: 124224K(280064K)->83216K(271360K)
[331.236s][info][gc,heap        ] GC(265) ParOldGen: 96550K(5592576K)->110634K(5592576K)
[331.236s][info][gc,metaspace   ] GC(265) Metaspace: 22588K(22912K)->22588K(22912K) NonClass: 19795K(19968K)->19795K(19968K) Class: 2792K(2944K)->2792K(2944K)
[331.236s][info][gc             ] GC(265) Pause Young (System.gc()) 1480M->189M(7928M) 74.573ms
[331.236s][info][gc,cpu         ] GC(265) User=0.45s Sys=0.02s Real=0.08s
[331.236s][info][gc,start       ] GC(266) Pause Full (System.gc())
[331.236s][info][gc,phases,start] GC(266) Marking Phase
[331.271s][info][gc,phases      ] GC(266) Marking Phase 35.021ms
[331.271s][info][gc,phases,start] GC(266) Summary Phase
[331.271s][info][gc,phases      ] GC(266) Summary Phase 0.012ms
[331.271s][info][gc,phases,start] GC(266) Adjust Roots
[331.275s][info][gc,phases      ] GC(266) Adjust Roots 3.848ms
[331.275s][info][gc,phases,start] GC(266) Compaction Phase
[331.358s][info][gc,phases      ] GC(266) Compaction Phase 83.295ms
[331.358s][info][gc,phases,start] GC(266) Post Compact
[331.359s][info][gc,phases      ] GC(266) Post Compact 0.978ms
[331.359s][info][gc,heap        ] GC(266) PSYoungGen: 83216K(2525696K)->0K(2525696K) Eden: 0K(2254336K)->0K(2254336K) From: 83216K(271360K)->0K(271360K)
[331.359s][info][gc,heap        ] GC(266) ParOldGen: 110634K(5592576K)->103544K(5592576K)
[331.359s][info][gc,metaspace   ] GC(266) Metaspace: 22588K(22912K)->22588K(22912K) NonClass: 19795K(19968K)->19795K(19968K) Class: 2792K(2944K)->2792K(2944K)
[331.359s][info][gc             ] GC(266) Pause Full (System.gc()) 189M->101M(7928M) 123.447ms
[331.359s][info][gc,cpu         ] GC(266) User=0.67s Sys=0.00s Real=0.12s
[332.584s][info][gc,start       ] GC(267) Pause Young (Allocation Failure)
[332.705s][info][gc,heap        ] GC(267) PSYoungGen: 2254336K(2525696K)->187568K(2442240K) Eden: 2254336K(2254336K)->0K(2254336K) From: 0K(271360K)->187568K(187904K)
[332.705s][info][gc,heap        ] GC(267) ParOldGen: 103544K(5592576K)->103544K(5592576K)
[332.705s][info][gc,metaspace   ] GC(267) Metaspace: 22588K(22912K)->22588K(22912K) NonClass: 19795K(19968K)->19795K(19968K) Class: 2792K(2944K)->2792K(2944K)
[332.705s][info][gc             ] GC(267) Pause Young (Allocation Failure) 2302M->284M(7846M) 121.750ms
[332.706s][info][gc,cpu         ] GC(267) User=0.75s Sys=0.00s Real=0.12s
[334.275s][info][gc,start       ] GC(268) Pause Young (Allocation Failure)
[334.354s][info][gc,heap        ] GC(268) PSYoungGen: 2441904K(2442240K)->105952K(2527744K) Eden: 2254336K(2254336K)->0K(2253312K) From: 187568K(187904K)->105952K(274432K)
[334.354s][info][gc,heap        ] GC(268) ParOldGen: 103544K(5592576K)->103576K(5592576K)
[334.354s][info][gc,metaspace   ] GC(268) Metaspace: 22588K(22912K)->22588K(22912K) NonClass: 19795K(19968K)->19795K(19968K) Class: 2792K(2944K)->2792K(2944K)
[334.354s][info][gc             ] GC(268) Pause Young (Allocation Failure) 2485M->204M(7930M) 78.391ms
[334.354s][info][gc,cpu         ] GC(268) User=0.47s Sys=0.00s Real=0.08s
[335.532s][info][gc,start       ] GC(269) Pause Young (Allocation Failure)
[335.659s][info][gc,heap        ] GC(269) PSYoungGen: 2359264K(2527744K)->194016K(2447360K) Eden: 2253312K(2253312K)->0K(2253312K) From: 105952K(274432K)->194016K(194048K)
[335.659s][info][gc,heap        ] GC(269) ParOldGen: 103576K(5592576K)->105996K(5592576K)
[335.659s][info][gc,metaspace   ] GC(269) Metaspace: 22588K(22912K)->22588K(22912K) NonClass: 19795K(19968K)->19795K(19968K) Class: 2792K(2944K)->2792K(2944K)
[335.659s][info][gc             ] GC(269) Pause Young (Allocation Failure) 2405M->292M(7851M) 127.036ms
[335.659s][info][gc,cpu         ] GC(269) User=0.73s Sys=0.00s Real=0.13s
[337.354s][info][gc,start       ] GC(270) Pause Young (Allocation Failure)
[337.453s][info][gc,heap        ] GC(270) PSYoungGen: 2447328K(2447360K)->144416K(2533376K) Eden: 2253312K(2253312K)->0K(2258432K) From: 194016K(194048K)->144416K(274944K)
[337.453s][info][gc,heap        ] GC(270) ParOldGen: 105996K(5592576K)->106884K(5592576K)
[337.453s][info][gc,metaspace   ] GC(270) Metaspace: 22588K(22912K)->22588K(22912K) NonClass: 19795K(19968K)->19795K(19968K) Class: 2792K(2944K)->2792K(2944K)
[337.453s][info][gc             ] GC(270) Pause Young (Allocation Failure) 2493M->245M(7935M) 99.870ms
[337.453s][info][gc,cpu         ] GC(270) User=0.56s Sys=0.00s Real=0.10s
[338.508s][info][gc,start       ] GC(271) Pause Young (Allocation Failure)
[338.651s][info][gc,heap        ] GC(271) PSYoungGen: 2402848K(2533376K)->207584K(2521088K) Eden: 2258432K(2258432K)->0K(2258432K) From: 144416K(274944K)->207584K(262656K)
[338.651s][info][gc,heap        ] GC(271) ParOldGen: 106884K(5592576K)->123576K(5592576K)
[338.651s][info][gc,metaspace   ] GC(271) Metaspace: 22588K(22912K)->22588K(22912K) NonClass: 19795K(19968K)->19795K(19968K) Class: 2792K(2944K)->2792K(2944K)
[338.651s][info][gc             ] GC(271) Pause Young (Allocation Failure) 2450M->323M(7923M) 143.442ms
[338.651s][info][gc,cpu         ] GC(271) User=0.84s Sys=0.00s Real=0.14s
[340.154s][info][gc,start       ] GC(272) Pause Young (Allocation Failure)
[340.259s][info][gc,heap        ] GC(272) PSYoungGen: 2466016K(2521088K)->145968K(2533376K) Eden: 2258432K(2258432K)->0K(2259968K) From: 207584K(262656K)->145968K(273408K)
[340.259s][info][gc,heap        ] GC(272) ParOldGen: 123576K(5592576K)->127696K(5592576K)
[340.259s][info][gc,metaspace   ] GC(272) Metaspace: 22588K(22912K)->22588K(22912K) NonClass: 19795K(19968K)->19795K(19968K) Class: 2792K(2944K)->2792K(2944K)
[340.259s][info][gc             ] GC(272) Pause Young (Allocation Failure) 2528M->267M(7935M) 104.404ms
[340.259s][info][gc,cpu         ] GC(272) User=0.64s Sys=0.00s Real=0.11s
[340.991s][info][gc,start       ] GC(273) Pause Young (System.gc())
[341.058s][info][gc,heap        ] GC(273) PSYoungGen: 1217699K(2533376K)->70400K(2522624K) Eden: 1071731K(2259968K)->0K(2259968K) From: 145968K(273408K)->70400K(262656K)
[341.058s][info][gc,heap        ] GC(273) ParOldGen: 127696K(5592576K)->154460K(5592576K)
[341.058s][info][gc,metaspace   ] GC(273) Metaspace: 22588K(22912K)->22588K(22912K) NonClass: 19795K(19968K)->19795K(19968K) Class: 2792K(2944K)->2792K(2944K)
[341.058s][info][gc             ] GC(273) Pause Young (System.gc()) 1313M->219M(7925M) 67.067ms
[341.058s][info][gc,cpu         ] GC(273) User=0.47s Sys=0.00s Real=0.08s
[341.058s][info][gc,start       ] GC(274) Pause Full (System.gc())
[341.058s][info][gc,phases,start] GC(274) Marking Phase
[341.098s][info][gc,phases      ] GC(274) Marking Phase 39.554ms
[341.098s][info][gc,phases,start] GC(274) Summary Phase
[341.098s][info][gc,phases      ] GC(274) Summary Phase 0.012ms
[341.098s][info][gc,phases,start] GC(274) Adjust Roots
[341.102s][info][gc,phases      ] GC(274) Adjust Roots 3.896ms
[341.102s][info][gc,phases,start] GC(274) Compaction Phase
[341.188s][info][gc,phases      ] GC(274) Compaction Phase 85.697ms
[341.188s][info][gc,phases,start] GC(274) Post Compact
[341.189s][info][gc,phases      ] GC(274) Post Compact 1.104ms
[341.189s][info][gc,heap        ] GC(274) PSYoungGen: 70400K(2522624K)->0K(2522624K) Eden: 0K(2259968K)->0K(2259968K) From: 70400K(262656K)->0K(262656K)
[341.189s][info][gc,heap        ] GC(274) ParOldGen: 154460K(5592576K)->103399K(5592576K)
[341.189s][info][gc,metaspace   ] GC(274) Metaspace: 22588K(22912K)->22588K(22912K) NonClass: 19795K(19968K)->19795K(19968K) Class: 2792K(2944K)->2792K(2944K)
[341.189s][info][gc             ] GC(274) Pause Full (System.gc()) 219M->100M(7925M) 130.563ms
[341.189s][info][gc,cpu         ] GC(274) User=0.67s Sys=0.00s Real=0.13s
[342.461s][info][gc,start       ] GC(275) Pause Young (Allocation Failure)
[342.593s][info][gc,heap        ] GC(275) PSYoungGen: 2259968K(2522624K)->199360K(2513920K) Eden: 2259968K(2259968K)->0K(2248192K) From: 0K(262656K)->199360K(265728K)
[342.593s][info][gc,heap        ] GC(275) ParOldGen: 103399K(5592576K)->103399K(5592576K)
[342.593s][info][gc,metaspace   ] GC(275) Metaspace: 22589K(22912K)->22589K(22912K) NonClass: 19796K(19968K)->19796K(19968K) Class: 2792K(2944K)->2792K(2944K)
[342.593s][info][gc             ] GC(275) Pause Young (Allocation Failure) 2307M->295M(7916M) 131.834ms
[342.593s][info][gc,cpu         ] GC(275) User=0.73s Sys=0.00s Real=0.14s
[344.137s][info][gc,start       ] GC(276) Pause Young (Allocation Failure)
[344.226s][info][gc,heap        ] GC(276) PSYoungGen: 2447552K(2513920K)->122528K(2522112K) Eden: 2248192K(2248192K)->0K(2248192K) From: 199360K(265728K)->122528K(273920K)
[344.226s][info][gc,heap        ] GC(276) ParOldGen: 103399K(5592576K)->103439K(5592576K)
[344.226s][info][gc,metaspace   ] GC(276) Metaspace: 22589K(22912K)->22589K(22912K) NonClass: 19796K(19968K)->19796K(19968K) Class: 2792K(2944K)->2792K(2944K)
[344.226s][info][gc             ] GC(276) Pause Young (Allocation Failure) 2491M->220M(7924M) 89.657ms
[344.226s][info][gc,cpu         ] GC(276) User=0.52s Sys=0.02s Real=0.09s
[345.315s][info][gc,start       ] GC(277) Pause Young (Allocation Failure)
[345.446s][info][gc,heap        ] GC(277) PSYoungGen: 2370720K(2522112K)->195504K(2517504K) Eden: 2248192K(2248192K)->0K(2251264K) From: 122528K(273920K)->195504K(266240K)
[345.450s][info][gc,heap        ] GC(277) ParOldGen: 103439K(5592576K)->111795K(5592576K)
[345.451s][info][gc,metaspace   ] GC(277) Metaspace: 22589K(22912K)->22589K(22912K) NonClass: 19796K(19968K)->19796K(19968K) Class: 2792K(2944K)->2792K(2944K)
[345.451s][info][gc             ] GC(277) Pause Young (Allocation Failure) 2416M->300M(7920M) 136.033ms
[345.451s][info][gc,cpu         ] GC(277) User=0.81s Sys=0.02s Real=0.14s
[346.955s][info][gc,start       ] GC(278) Pause Young (Allocation Failure)
[347.046s][info][gc,heap        ] GC(278) PSYoungGen: 2446768K(2517504K)->127936K(2523648K) Eden: 2251264K(2251264K)->0K(2251264K) From: 195504K(266240K)->127936K(272384K)
[347.046s][info][gc,heap        ] GC(278) ParOldGen: 111795K(5592576K)->114255K(5592576K)
[347.046s][info][gc,metaspace   ] GC(278) Metaspace: 22589K(22912K)->22589K(22912K) NonClass: 19796K(19968K)->19796K(19968K) Class: 2792K(2944K)->2792K(2944K)
[347.046s][info][gc             ] GC(278) Pause Young (Allocation Failure) 2498M->236M(7926M) 90.587ms
[347.046s][info][gc,cpu         ] GC(278) User=0.56s Sys=0.00s Real=0.09s
[348.121s][info][gc,start       ] GC(279) Pause Young (Allocation Failure)
[348.253s][info][gc,heap        ] GC(279) PSYoungGen: 2379200K(2523648K)->195488K(2520576K) Eden: 2251264K(2251264K)->0K(2256384K) From: 127936K(272384K)->195488K(264192K)
[348.255s][info][gc,heap        ] GC(279) ParOldGen: 114255K(5592576K)->124727K(5592576K)
[348.256s][info][gc,metaspace   ] GC(279) Metaspace: 22589K(22912K)->22589K(22912K) NonClass: 19796K(19968K)->19796K(19968K) Class: 2792K(2944K)->2792K(2944K)
[348.256s][info][gc             ] GC(279) Pause Young (Allocation Failure) 2435M->312M(7923M) 135.084ms
[348.256s][info][gc,cpu         ] GC(279) User=0.75s Sys=0.00s Real=0.13s
[349.940s][info][gc,start       ] GC(280) Pause Young (Allocation Failure)
[350.041s][info][gc,heap        ] GC(280) PSYoungGen: 2451872K(2520576K)->142768K(2526208K) Eden: 2256384K(2256384K)->0K(2256384K) From: 195488K(264192K)->142768K(269824K)
[350.041s][info][gc,heap        ] GC(280) ParOldGen: 124727K(5592576K)->127271K(5592576K)
[350.041s][info][gc,metaspace   ] GC(280) Metaspace: 22589K(22912K)->22589K(22912K) NonClass: 19796K(19968K)->19796K(19968K) Class: 2792K(2944K)->2792K(2944K)
[350.041s][info][gc             ] GC(280) Pause Young (Allocation Failure) 2516M->263M(7928M) 101.072ms
[350.041s][info][gc,cpu         ] GC(280) User=0.64s Sys=0.00s Real=0.11s
[350.805s][info][gc,start       ] GC(281) Pause Young (System.gc())
[350.875s][info][gc,heap        ] GC(281) PSYoungGen: 1250211K(2526208K)->71232K(2529792K) Eden: 1107443K(2256384K)->0K(2269696K) From: 142768K(269824K)->71232K(260096K)
[350.875s][info][gc,heap        ] GC(281) ParOldGen: 127271K(5592576K)->153375K(5592576K)
[350.875s][info][gc,metaspace   ] GC(281) Metaspace: 22589K(22912K)->22589K(22912K) NonClass: 19796K(19968K)->19796K(19968K) Class: 2792K(2944K)->2792K(2944K)
[350.875s][info][gc             ] GC(281) Pause Young (System.gc()) 1345M->219M(7932M) 70.113ms
[350.875s][info][gc,cpu         ] GC(281) User=0.38s Sys=0.00s Real=0.08s
[350.875s][info][gc,start       ] GC(282) Pause Full (System.gc())
[350.875s][info][gc,phases,start] GC(282) Marking Phase
[350.915s][info][gc,phases      ] GC(282) Marking Phase 39.491ms
[350.915s][info][gc,phases,start] GC(282) Summary Phase
[350.915s][info][gc,phases      ] GC(282) Summary Phase 0.013ms
[350.915s][info][gc,phases,start] GC(282) Adjust Roots
[350.919s][info][gc,phases      ] GC(282) Adjust Roots 3.875ms
[350.919s][info][gc,phases,start] GC(282) Compaction Phase
[351.011s][info][gc,phases      ] GC(282) Compaction Phase 92.397ms
[351.011s][info][gc,phases,start] GC(282) Post Compact
[351.013s][info][gc,phases      ] GC(282) Post Compact 1.106ms
[351.013s][info][gc,heap        ] GC(282) PSYoungGen: 71232K(2529792K)->0K(2529792K) Eden: 0K(2269696K)->0K(2269696K) From: 71232K(260096K)->0K(260096K)
[351.013s][info][gc,heap        ] GC(282) ParOldGen: 153375K(5592576K)->103544K(5592576K)
[351.013s][info][gc,metaspace   ] GC(282) Metaspace: 22589K(22912K)->22589K(22912K) NonClass: 19796K(19968K)->19796K(19968K) Class: 2792K(2944K)->2792K(2944K)
[351.013s][info][gc             ] GC(282) Pause Full (System.gc()) 219M->101M(7932M) 137.175ms
[351.013s][info][gc,cpu         ] GC(282) User=0.73s Sys=0.02s Real=0.13s
[352.263s][info][gc,start       ] GC(283) Pause Young (Allocation Failure)
[352.394s][info][gc,heap        ] GC(283) PSYoungGen: 2269696K(2529792K)->200752K(2470912K) Eden: 2269696K(2269696K)->0K(2269696K) From: 0K(260096K)->200752K(201216K)
[352.396s][info][gc,heap        ] GC(283) ParOldGen: 103544K(5592576K)->103544K(5592576K)
[352.396s][info][gc,metaspace   ] GC(283) Metaspace: 22591K(22912K)->22591K(22912K) NonClass: 19798K(19968K)->19798K(19968K) Class: 2792K(2944K)->2792K(2944K)
[352.396s][info][gc             ] GC(283) Pause Young (Allocation Failure) 2317M->297M(7874M) 132.975ms
[352.396s][info][gc,cpu         ] GC(283) User=0.73s Sys=0.02s Real=0.13s
[354.105s][info][gc,start       ] GC(284) Pause Young (Allocation Failure)
[354.179s][info][gc,heap        ] GC(284) PSYoungGen: 2470448K(2470912K)->102224K(2527744K) Eden: 2269696K(2269696K)->0K(2255360K) From: 200752K(201216K)->102224K(272384K)
[354.179s][info][gc,heap        ] GC(284) ParOldGen: 103544K(5592576K)->103568K(5592576K)
[354.179s][info][gc,metaspace   ] GC(284) Metaspace: 22591K(22912K)->22591K(22912K) NonClass: 19798K(19968K)->19798K(19968K) Class: 2792K(2944K)->2792K(2944K)
[354.179s][info][gc             ] GC(284) Pause Young (Allocation Failure) 2513M->200M(7930M) 73.856ms
[354.179s][info][gc,cpu         ] GC(284) User=0.38s Sys=0.00s Real=0.07s
[355.259s][info][gc,start       ] GC(285) Pause Young (Allocation Failure)
[355.391s][info][gc,heap        ] GC(285) PSYoungGen: 2357584K(2527744K)->200960K(2456576K) Eden: 2255360K(2255360K)->0K(2255360K) From: 102224K(272384K)->200960K(201216K)
[355.391s][info][gc,heap        ] GC(285) ParOldGen: 103568K(5592576K)->110104K(5592576K)
[355.391s][info][gc,metaspace   ] GC(285) Metaspace: 22592K(22912K)->22592K(22912K) NonClass: 19799K(19968K)->19799K(19968K) Class: 2792K(2944K)->2792K(2944K)
[355.391s][info][gc             ] GC(285) Pause Young (Allocation Failure) 2403M->303M(7860M) 132.264ms
[355.391s][info][gc,cpu         ] GC(285) User=0.75s Sys=0.00s Real=0.13s
[357.025s][info][gc,start       ] GC(286) Pause Young (Allocation Failure)
[357.131s][info][gc,heap        ] GC(286) PSYoungGen: 2456320K(2456576K)->147392K(2531328K) Eden: 2255360K(2255360K)->0K(2254848K) From: 200960K(201216K)->147392K(276480K)
[357.131s][info][gc,heap        ] GC(286) ParOldGen: 110104K(5592576K)->111304K(5592576K)
[357.131s][info][gc,metaspace   ] GC(286) Metaspace: 22592K(22912K)->22592K(22912K) NonClass: 19799K(19968K)->19799K(19968K) Class: 2792K(2944K)->2792K(2944K)
[357.131s][info][gc             ] GC(286) Pause Young (Allocation Failure) 2506M->252M(7933M) 105.451ms
[357.131s][info][gc,cpu         ] GC(286) User=0.56s Sys=0.00s Real=0.11s
[358.242s][info][gc,start       ] GC(287) Pause Young (Allocation Failure)
[358.381s][info][gc,heap        ] GC(287) PSYoungGen: 2402240K(2531328K)->206272K(2519552K) Eden: 2254848K(2254848K)->0K(2254848K) From: 147392K(276480K)->206272K(264704K)
[358.381s][info][gc,heap        ] GC(287) ParOldGen: 111304K(5592576K)->127324K(5592576K)
[358.381s][info][gc,metaspace   ] GC(287) Metaspace: 22592K(22912K)->22592K(22912K) NonClass: 19799K(19968K)->19799K(19968K) Class: 2792K(2944K)->2792K(2944K)
[358.381s][info][gc             ] GC(287) Pause Young (Allocation Failure) 2454M->325M(7922M) 138.589ms
[358.381s][info][gc,cpu         ] GC(287) User=0.75s Sys=0.00s Real=0.14s
[360.029s][info][gc,start       ] GC(288) Pause Young (Allocation Failure)
[360.145s][info][gc,heap        ] GC(288) PSYoungGen: 2461120K(2519552K)->166992K(2529792K) Eden: 2254848K(2254848K)->0K(2255872K) From: 206272K(264704K)->166992K(273920K)
[360.145s][info][gc,heap        ] GC(288) ParOldGen: 127324K(5592576K)->132168K(5592576K)
[360.145s][info][gc,metaspace   ] GC(288) Metaspace: 22592K(22912K)->22592K(22912K) NonClass: 19799K(19968K)->19799K(19968K) Class: 2792K(2944K)->2792K(2944K)
[360.145s][info][gc             ] GC(288) Pause Young (Allocation Failure) 2527M->292M(7932M) 115.837ms
[360.145s][info][gc,cpu         ] GC(288) User=0.61s Sys=0.00s Real=0.12s
[360.839s][info][gc,start       ] GC(289) Pause Young (System.gc())
[360.908s][info][gc,heap        ] GC(289) PSYoungGen: 1033178K(2529792K)->57472K(2522112K) Eden: 866186K(2255872K)->0K(2255872K) From: 166992K(273920K)->57472K(266240K)
[360.908s][info][gc,heap        ] GC(289) ParOldGen: 132168K(5592576K)->172068K(5592576K)
[360.908s][info][gc,metaspace   ] GC(289) Metaspace: 22592K(22912K)->22592K(22912K) NonClass: 19799K(19968K)->19799K(19968K) Class: 2792K(2944K)->2792K(2944K)
[360.908s][info][gc             ] GC(289) Pause Young (System.gc()) 1138M->224M(7924M) 69.527ms
[360.908s][info][gc,cpu         ] GC(289) User=0.38s Sys=0.00s Real=0.08s
[360.909s][info][gc,start       ] GC(290) Pause Full (System.gc())
[360.909s][info][gc,phases,start] GC(290) Marking Phase
[360.946s][info][gc,phases      ] GC(290) Marking Phase 37.743ms
[360.946s][info][gc,phases,start] GC(290) Summary Phase
[360.946s][info][gc,phases      ] GC(290) Summary Phase 0.012ms
[360.946s][info][gc,phases,start] GC(290) Adjust Roots
[360.950s][info][gc,phases      ] GC(290) Adjust Roots 3.971ms
[360.950s][info][gc,phases,start] GC(290) Compaction Phase
[361.039s][info][gc,phases      ] GC(290) Compaction Phase 88.424ms
[361.039s][info][gc,phases,start] GC(290) Post Compact
[361.040s][info][gc,phases      ] GC(290) Post Compact 1.137ms
[361.040s][info][gc,heap        ] GC(290) PSYoungGen: 57472K(2522112K)->0K(2522112K) Eden: 0K(2255872K)->0K(2255872K) From: 57472K(266240K)->0K(266240K)
[361.040s][info][gc,heap        ] GC(290) ParOldGen: 172068K(5592576K)->103510K(5592576K)
[361.040s][info][gc,metaspace   ] GC(290) Metaspace: 22592K(22912K)->22592K(22912K) NonClass: 19799K(19968K)->19799K(19968K) Class: 2792K(2944K)->2792K(2944K)
[361.040s][info][gc             ] GC(290) Pause Full (System.gc()) 224M->101M(7924M) 131.592ms
[361.040s][info][gc,cpu         ] GC(290) User=0.69s Sys=0.02s Real=0.13s
[362.428s][info][gc,start       ] GC(291) Pause Young (Allocation Failure)
[362.569s][info][gc,heap        ] GC(291) PSYoungGen: 2255872K(2522112K)->204704K(2506240K) Eden: 2255872K(2255872K)->0K(2233856K) From: 0K(266240K)->204704K(272384K)
[362.569s][info][gc,heap        ] GC(291) ParOldGen: 103510K(5592576K)->103510K(5592576K)
[362.569s][info][gc,metaspace   ] GC(291) Metaspace: 22593K(22912K)->22593K(22912K) NonClass: 19800K(19968K)->19800K(19968K) Class: 2792K(2944K)->2792K(2944K)
[362.569s][info][gc             ] GC(291) Pause Young (Allocation Failure) 2304M->300M(7909M) 141.638ms
[362.569s][info][gc,cpu         ] GC(291) User=0.75s Sys=0.02s Real=0.16s
[364.181s][info][gc,start       ] GC(292) Pause Young (Allocation Failure)
[364.279s][info][gc,heap        ] GC(292) PSYoungGen: 2438560K(2506240K)->143024K(2514944K) Eden: 2233856K(2233856K)->0K(2233856K) From: 204704K(272384K)->143024K(281088K)
[364.279s][info][gc,heap        ] GC(292) ParOldGen: 103510K(5592576K)->103526K(5592576K)
[364.279s][info][gc,metaspace   ] GC(292) Metaspace: 22593K(22912K)->22593K(22912K) NonClass: 19800K(19968K)->19800K(19968K) Class: 2792K(2944K)->2792K(2944K)
[364.279s][info][gc             ] GC(292) Pause Young (Allocation Failure) 2482M->240M(7917M) 97.515ms
[364.279s][info][gc,cpu         ] GC(292) User=0.55s Sys=0.00s Real=0.10s
[365.424s][info][gc,start       ] GC(293) Pause Young (Allocation Failure)
[365.575s][info][gc,heap        ] GC(293) PSYoungGen: 2376880K(2514944K)->206336K(2509824K) Eden: 2233856K(2233856K)->0K(2240000K) From: 143024K(281088K)->206336K(269824K)
[365.575s][info][gc,heap        ] GC(293) ParOldGen: 103526K(5592576K)->116046K(5592576K)
[365.575s][info][gc,metaspace   ] GC(293) Metaspace: 22593K(22912K)->22593K(22912K) NonClass: 19800K(19968K)->19800K(19968K) Class: 2792K(2944K)->2792K(2944K)
[365.575s][info][gc             ] GC(293) Pause Young (Allocation Failure) 2422M->314M(7912M) 151.306ms
[365.575s][info][gc,cpu         ] GC(293) User=0.91s Sys=0.00s Real=0.16s
[367.207s][info][gc,start       ] GC(294) Pause Young (Allocation Failure)
[367.321s][info][gc,heap        ] GC(294) PSYoungGen: 2446336K(2509824K)->166624K(2518016K) Eden: 2240000K(2240000K)->0K(2240000K) From: 206336K(269824K)->166624K(278016K)
[367.321s][info][gc,heap        ] GC(294) ParOldGen: 116046K(5592576K)->117702K(5592576K)
[367.321s][info][gc,metaspace   ] GC(294) Metaspace: 22593K(22912K)->22593K(22912K) NonClass: 19800K(19968K)->19800K(19968K) Class: 2792K(2944K)->2792K(2944K)
[367.321s][info][gc             ] GC(294) Pause Young (Allocation Failure) 2502M->277M(7920M) 114.655ms
[367.321s][info][gc,cpu         ] GC(294) User=0.75s Sys=0.00s Real=0.11s
[368.941s][info][gc,start       ] GC(295) Pause Young (Allocation Failure)
[369.016s][info][gc,heap        ] GC(295) PSYoungGen: 2406624K(2518016K)->100992K(2527744K) Eden: 2240000K(2240000K)->0K(2257920K) From: 166624K(278016K)->100992K(269824K)
[369.016s][info][gc,heap        ] GC(295) ParOldGen: 117702K(5592576K)->117718K(5592576K)
[369.016s][info][gc,metaspace   ] GC(295) Metaspace: 22593K(22912K)->22593K(22912K) NonClass: 19800K(19968K)->19800K(19968K) Class: 2792K(2944K)->2792K(2944K)
[369.016s][info][gc             ] GC(295) Pause Young (Allocation Failure) 2465M->213M(7930M) 74.540ms
[369.016s][info][gc,cpu         ] GC(295) User=0.47s Sys=0.00s Real=0.07s
[370.325s][info][gc,start       ] GC(296) Pause Young (Allocation Failure)
[370.458s][info][gc,heap        ] GC(296) PSYoungGen: 2358912K(2527744K)->199472K(2457600K) Eden: 2257920K(2257920K)->0K(2257920K) From: 100992K(269824K)->199472K(199680K)
[370.458s][info][gc,heap        ] GC(296) ParOldGen: 117718K(5592576K)->117718K(5592576K)
[370.458s][info][gc,metaspace   ] GC(296) Metaspace: 22593K(22912K)->22593K(22912K) NonClass: 19800K(19968K)->19800K(19968K) Class: 2792K(2944K)->2792K(2944K)
[370.458s][info][gc             ] GC(296) Pause Young (Allocation Failure) 2418M->309M(7861M) 132.715ms
[370.458s][info][gc,cpu         ] GC(296) User=0.73s Sys=0.00s Real=0.13s
[371.029s][info][gc,start       ] GC(297) Pause Young (System.gc())
[371.097s][info][gc,heap        ] GC(297) PSYoungGen: 792205K(2457600K)->40032K(2505728K) Eden: 592732K(2257920K)->0K(2231808K) From: 199472K(199680K)->40032K(273920K)
[371.097s][info][gc,heap        ] GC(297) ParOldGen: 117718K(5592576K)->175150K(5592576K)
[371.097s][info][gc,metaspace   ] GC(297) Metaspace: 22593K(22912K)->22593K(22912K) NonClass: 19800K(19968K)->19800K(19968K) Class: 2792K(2944K)->2792K(2944K)
[371.097s][info][gc             ] GC(297) Pause Young (System.gc()) 888M->210M(7908M) 68.033ms
[371.097s][info][gc,cpu         ] GC(297) User=0.38s Sys=0.00s Real=0.08s
[371.097s][info][gc,start       ] GC(298) Pause Full (System.gc())
[371.097s][info][gc,phases,start] GC(298) Marking Phase
[371.137s][info][gc,phases      ] GC(298) Marking Phase 39.408ms
[371.137s][info][gc,phases,start] GC(298) Summary Phase
[371.137s][info][gc,phases      ] GC(298) Summary Phase 0.012ms
[371.137s][info][gc,phases,start] GC(298) Adjust Roots
[371.141s][info][gc,phases      ] GC(298) Adjust Roots 3.939ms
[371.141s][info][gc,phases,start] GC(298) Compaction Phase
[371.231s][info][gc,phases      ] GC(298) Compaction Phase 90.658ms
[371.231s][info][gc,phases,start] GC(298) Post Compact
[371.232s][info][gc,phases      ] GC(298) Post Compact 1.054ms
[371.232s][info][gc,heap        ] GC(298) PSYoungGen: 40032K(2505728K)->0K(2505728K) Eden: 0K(2231808K)->0K(2231808K) From: 40032K(273920K)->0K(273920K)
[371.232s][info][gc,heap        ] GC(298) ParOldGen: 175150K(5592576K)->103561K(5592576K)
[371.232s][info][gc,metaspace   ] GC(298) Metaspace: 22593K(22912K)->22593K(22912K) NonClass: 19800K(19968K)->19800K(19968K) Class: 2792K(2944K)->2792K(2944K)
[371.232s][info][gc             ] GC(298) Pause Full (System.gc()) 210M->101M(7908M) 135.352ms
[371.233s][info][gc,cpu         ] GC(298) User=0.77s Sys=0.00s Real=0.13s
[372.525s][info][gc,start       ] GC(299) Pause Young (Allocation Failure)
[372.653s][info][gc,heap        ] GC(299) PSYoungGen: 2231808K(2505728K)->196768K(2428928K) Eden: 2231808K(2231808K)->0K(2231808K) From: 0K(273920K)->196768K(197120K)
[372.653s][info][gc,heap        ] GC(299) ParOldGen: 103561K(5592576K)->103561K(5592576K)
[372.653s][info][gc,metaspace   ] GC(299) Metaspace: 22594K(22912K)->22594K(22912K) NonClass: 19801K(19968K)->19801K(19968K) Class: 2792K(2944K)->2792K(2944K)
[372.653s][info][gc             ] GC(299) Pause Young (Allocation Failure) 2280M->293M(7833M) 127.710ms
[372.653s][info][gc,cpu         ] GC(299) User=0.75s Sys=0.00s Real=0.13s
[374.188s][info][gc,start       ] GC(300) Pause Young (Allocation Failure)
[374.271s][info][gc,heap        ] GC(300) PSYoungGen: 2428576K(2428928K)->114752K(2515968K) Eden: 2231808K(2231808K)->0K(2228224K) From: 196768K(197120K)->114752K(287744K)
[374.271s][info][gc,heap        ] GC(300) ParOldGen: 103561K(5592576K)->103601K(5592576K)
[374.271s][info][gc,metaspace   ] GC(300) Metaspace: 22594K(22912K)->22594K(22912K) NonClass: 19801K(19968K)->19801K(19968K) Class: 2792K(2944K)->2792K(2944K)
[374.271s][info][gc             ] GC(300) Pause Young (Allocation Failure) 2472M->213M(7918M) 83.078ms
[374.271s][info][gc,cpu         ] GC(300) User=0.47s Sys=0.00s Real=0.09s
[375.529s][info][gc,start       ] GC(301) Pause Young (Allocation Failure)
[375.639s][info][gc,heap        ] GC(301) PSYoungGen: 2342976K(2515968K)->170128K(2508288K) Eden: 2228224K(2228224K)->0K(2228224K) From: 114752K(287744K)->170128K(280064K)
[375.639s][info][gc,heap        ] GC(301) ParOldGen: 103601K(5592576K)->106497K(5592576K)
[375.639s][info][gc,metaspace   ] GC(301) Metaspace: 22594K(22912K)->22594K(22912K) NonClass: 19801K(19968K)->19801K(19968K) Class: 2792K(2944K)->2792K(2944K)
[375.639s][info][gc             ] GC(301) Pause Young (Allocation Failure) 2389M->270M(7911M) 110.011ms
[375.639s][info][gc,cpu         ] GC(301) User=0.66s Sys=0.00s Real=0.11s
[377.202s][info][gc,start       ] GC(302) Pause Young (Allocation Failure)
[377.293s][info][gc,heap        ] GC(302) PSYoungGen: 2398352K(2508288K)->128768K(2529792K) Eden: 2228224K(2228224K)->0K(2254336K) From: 170128K(280064K)->128768K(275456K)
[377.293s][info][gc,heap        ] GC(302) ParOldGen: 106497K(5592576K)->107653K(5592576K)
[377.293s][info][gc,metaspace   ] GC(302) Metaspace: 22594K(22912K)->22594K(22912K) NonClass: 19801K(19968K)->19801K(19968K) Class: 2792K(2944K)->2792K(2944K)
[377.293s][info][gc             ] GC(302) Pause Young (Allocation Failure) 2446M->230M(7932M) 91.549ms
[377.293s][info][gc,cpu         ] GC(302) User=0.53s Sys=0.00s Real=0.09s
[378.386s][info][gc,start       ] GC(303) Pause Young (Allocation Failure)
[378.520s][info][gc,heap        ] GC(303) PSYoungGen: 2383104K(2529792K)->203056K(2520576K) Eden: 2254336K(2254336K)->0K(2254336K) From: 128768K(275456K)->203056K(266240K)
[378.522s][info][gc,heap        ] GC(303) ParOldGen: 107653K(5592576K)->116405K(5592576K)
[378.522s][info][gc,metaspace   ] GC(303) Metaspace: 22594K(22912K)->22594K(22912K) NonClass: 19801K(19968K)->19801K(19968K) Class: 2792K(2944K)->2792K(2944K)
[378.522s][info][gc             ] GC(303) Pause Young (Allocation Failure) 2432M->311M(7923M) 136.478ms
[378.522s][info][gc,cpu         ] GC(303) User=0.73s Sys=0.02s Real=0.14s
[380.165s][info][gc,start       ] GC(304) Pause Young (Allocation Failure)
[380.269s][info][gc,heap        ] GC(304) PSYoungGen: 2457392K(2520576K)->153536K(2532864K) Eden: 2254336K(2254336K)->0K(2257920K) From: 203056K(266240K)->153536K(274944K)
[380.269s][info][gc,heap        ] GC(304) ParOldGen: 116405K(5592576K)->118310K(5592576K)
[380.269s][info][gc,metaspace   ] GC(304) Metaspace: 22594K(22912K)->22594K(22912K) NonClass: 19801K(19968K)->19801K(19968K) Class: 2792K(2944K)->2792K(2944K)
[380.269s][info][gc             ] GC(304) Pause Young (Allocation Failure) 2513M->265M(7935M) 104.153ms
[380.269s][info][gc,cpu         ] GC(304) User=0.56s Sys=0.00s Real=0.11s
[380.948s][info][gc,start       ] GC(305) Pause Young (System.gc())
[381.016s][info][gc,heap        ] GC(305) PSYoungGen: 1174093K(2532864K)->66208K(2521088K) Eden: 1020557K(2257920K)->0K(2257920K) From: 153536K(274944K)->66208K(263168K)
[381.016s][info][gc,heap        ] GC(305) ParOldGen: 118310K(5592576K)->149622K(5592576K)
[381.016s][info][gc,metaspace   ] GC(305) Metaspace: 22594K(22912K)->22594K(22912K) NonClass: 19801K(19968K)->19801K(19968K) Class: 2792K(2944K)->2792K(2944K)
[381.017s][info][gc             ] GC(305) Pause Young (System.gc()) 1262M->210M(7923M) 68.248ms
[381.017s][info][gc,cpu         ] GC(305) User=0.36s Sys=0.00s Real=0.07s
[381.017s][info][gc,start       ] GC(306) Pause Full (System.gc())
[381.017s][info][gc,phases,start] GC(306) Marking Phase
[381.056s][info][gc,phases      ] GC(306) Marking Phase 39.138ms
[381.056s][info][gc,phases,start] GC(306) Summary Phase
[381.056s][info][gc,phases      ] GC(306) Summary Phase 0.019ms
[381.056s][info][gc,phases,start] GC(306) Adjust Roots
[381.061s][info][gc,phases      ] GC(306) Adjust Roots 4.923ms
[381.061s][info][gc,phases,start] GC(306) Compaction Phase
[381.148s][info][gc,phases      ] GC(306) Compaction Phase 87.240ms
[381.148s][info][gc,phases,start] GC(306) Post Compact
[381.149s][info][gc,phases      ] GC(306) Post Compact 1.047ms
[381.149s][info][gc,heap        ] GC(306) PSYoungGen: 66208K(2521088K)->0K(2521088K) Eden: 0K(2257920K)->0K(2257920K) From: 66208K(263168K)->0K(263168K)
[381.149s][info][gc,heap        ] GC(306) ParOldGen: 149622K(5592576K)->103732K(5592576K)
[381.149s][info][gc,metaspace   ] GC(306) Metaspace: 22594K(22912K)->22594K(22912K) NonClass: 19801K(19968K)->19801K(19968K) Class: 2792K(2944K)->2792K(2944K)
[381.149s][info][gc             ] GC(306) Pause Full (System.gc()) 210M->101M(7923M) 132.621ms
[381.149s][info][gc,cpu         ] GC(306) User=0.70s Sys=0.02s Real=0.13s
[382.373s][info][gc,start       ] GC(307) Pause Young (Allocation Failure)
[382.503s][info][gc,heap        ] GC(307) PSYoungGen: 2257920K(2521088K)->197376K(2513920K) Eden: 2257920K(2257920K)->0K(2247168K) From: 0K(263168K)->197376K(266752K)
[382.503s][info][gc,heap        ] GC(307) ParOldGen: 103732K(5592576K)->103732K(5592576K)
[382.503s][info][gc,metaspace   ] GC(307) Metaspace: 22599K(22912K)->22599K(22912K) NonClass: 19807K(19968K)->19807K(19968K) Class: 2792K(2944K)->2792K(2944K)
[382.503s][info][gc             ] GC(307) Pause Young (Allocation Failure) 2306M->294M(7916M) 129.477ms
[382.503s][info][gc,cpu         ] GC(307) User=0.73s Sys=0.00s Real=0.13s
[384.152s][info][gc,start       ] GC(308) Pause Young (Allocation Failure)
[384.246s][info][gc,heap        ] GC(308) PSYoungGen: 2444544K(2513920K)->129568K(2521600K) Eden: 2247168K(2247168K)->0K(2247168K) From: 197376K(266752K)->129568K(274432K)
[384.246s][info][gc,heap        ] GC(308) ParOldGen: 103732K(5592576K)->103772K(5592576K)
[384.246s][info][gc,metaspace   ] GC(308) Metaspace: 22611K(22912K)->22611K(22912K) NonClass: 19818K(19968K)->19818K(19968K) Class: 2792K(2944K)->2792K(2944K)
[384.246s][info][gc             ] GC(308) Pause Young (Allocation Failure) 2488M->227M(7924M) 93.739ms
[384.246s][info][gc,cpu         ] GC(308) User=0.53s Sys=0.03s Real=0.09s
[385.313s][info][gc,start       ] GC(309) Pause Young (Allocation Failure)
[385.444s][info][gc,heap        ] GC(309) PSYoungGen: 2376736K(2521600K)->194336K(2519552K) Eden: 2247168K(2247168K)->0K(2254336K) From: 129568K(274432K)->194336K(265216K)
[385.449s][info][gc,heap        ] GC(309) ParOldGen: 103772K(5592576K)->114348K(5592576K)
[385.449s][info][gc,metaspace   ] GC(309) Metaspace: 22614K(22912K)->22614K(22912K) NonClass: 19821K(19968K)->19821K(19968K) Class: 2792K(2944K)->2792K(2944K)
[385.449s][info][gc             ] GC(309) Pause Young (Allocation Failure) 2422M->301M(7922M) 136.047ms
[385.449s][info][gc,cpu         ] GC(309) User=0.70s Sys=0.02s Real=0.14s
[386.999s][info][gc,start       ] GC(310) Pause Young (Allocation Failure)
[387.091s][info][gc,heap        ] GC(310) PSYoungGen: 2448672K(2519552K)->126944K(2525184K) Eden: 2254336K(2254336K)->0K(2254336K) From: 194336K(265216K)->126944K(270848K)
[387.091s][info][gc,heap        ] GC(310) ParOldGen: 114348K(5592576K)->116676K(5592576K)
[387.091s][info][gc,metaspace   ] GC(310) Metaspace: 22624K(22976K)->22624K(22976K) NonClass: 19831K(20032K)->19831K(20032K) Class: 2792K(2944K)->2792K(2944K)
[387.091s][info][gc             ] GC(310) Pause Young (Allocation Failure) 2502M->237M(7927M) 92.475ms
[387.091s][info][gc,cpu         ] GC(310) User=0.55s Sys=0.00s Real=0.09s
[388.117s][info][gc,start       ] GC(311) Pause Young (Allocation Failure)
[388.249s][info][gc,heap        ] GC(311) PSYoungGen: 2381280K(2525184K)->196224K(2520576K) Eden: 2254336K(2254336K)->0K(2257408K) From: 126944K(270848K)->196224K(263168K)
[388.252s][info][gc,heap        ] GC(311) ParOldGen: 116676K(5592576K)->128056K(5592576K)
[388.252s][info][gc,metaspace   ] GC(311) Metaspace: 22624K(22976K)->22624K(22976K) NonClass: 19831K(20032K)->19831K(20032K) Class: 2792K(2944K)->2792K(2944K)
[388.252s][info][gc             ] GC(311) Pause Young (Allocation Failure) 2439M->316M(7923M) 134.556ms
[388.252s][info][gc,cpu         ] GC(311) User=0.73s Sys=0.00s Real=0.13s
[389.800s][info][gc,start       ] GC(312) Pause Young (Allocation Failure)
[389.891s][info][gc,heap        ] GC(312) PSYoungGen: 2453632K(2520576K)->125808K(2526720K) Eden: 2257408K(2257408K)->0K(2257408K) From: 196224K(263168K)->125808K(269312K)
[389.891s][info][gc,heap        ] GC(312) ParOldGen: 128056K(5592576K)->130396K(5592576K)
[389.891s][info][gc,metaspace   ] GC(312) Metaspace: 22624K(22976K)->22624K(22976K) NonClass: 19831K(20032K)->19831K(20032K) Class: 2792K(2944K)->2792K(2944K)
[389.891s][info][gc             ] GC(312) Pause Young (Allocation Failure) 2521M->250M(7929M) 91.762ms
[389.891s][info][gc,cpu         ] GC(312) User=0.55s Sys=0.00s Real=0.09s
[390.673s][info][gc,start       ] GC(313) Pause Young (System.gc())
[390.746s][info][gc,heap        ] GC(313) PSYoungGen: 1379233K(2526720K)->80992K(2531328K) Eden: 1253425K(2257408K)->0K(2268672K) From: 125808K(269312K)->80992K(262656K)
[390.746s][info][gc,heap        ] GC(313) ParOldGen: 130396K(5592576K)->146588K(5592576K)
[390.746s][info][gc,metaspace   ] GC(313) Metaspace: 22624K(22976K)->22624K(22976K) NonClass: 19831K(20032K)->19831K(20032K) Class: 2792K(2944K)->2792K(2944K)
[390.746s][info][gc             ] GC(313) Pause Young (System.gc()) 1474M->222M(7933M) 72.335ms
[390.746s][info][gc,cpu         ] GC(313) User=0.47s Sys=0.00s Real=0.09s
[390.746s][info][gc,start       ] GC(314) Pause Full (System.gc())
[390.746s][info][gc,phases,start] GC(314) Marking Phase
[390.786s][info][gc,phases      ] GC(314) Marking Phase 40.234ms
[390.786s][info][gc,phases,start] GC(314) Summary Phase
[390.786s][info][gc,phases      ] GC(314) Summary Phase 0.013ms
[390.786s][info][gc,phases,start] GC(314) Adjust Roots
[390.790s][info][gc,phases      ] GC(314) Adjust Roots 4.023ms
[390.790s][info][gc,phases,start] GC(314) Compaction Phase
[390.880s][info][gc,phases      ] GC(314) Compaction Phase 89.862ms
[390.880s][info][gc,phases,start] GC(314) Post Compact
[390.881s][info][gc,phases      ] GC(314) Post Compact 1.375ms
[390.881s][info][gc,heap        ] GC(314) PSYoungGen: 80992K(2531328K)->0K(2531328K) Eden: 0K(2268672K)->0K(2268672K) From: 80992K(262656K)->0K(262656K)
[390.882s][info][gc,heap        ] GC(314) ParOldGen: 146588K(5592576K)->103432K(5592576K)
[390.882s][info][gc,metaspace   ] GC(314) Metaspace: 22624K(22976K)->22624K(22976K) NonClass: 19831K(20032K)->19831K(20032K) Class: 2792K(2944K)->2792K(2944K)
[390.882s][info][gc             ] GC(314) Pause Full (System.gc()) 222M->101M(7933M) 135.800ms
[390.882s][info][gc,cpu         ] GC(314) User=0.66s Sys=0.02s Real=0.13s
[392.051s][info][gc,start       ] GC(315) Pause Young (Allocation Failure)
[392.177s][info][gc,heap        ] GC(315) PSYoungGen: 2268672K(2531328K)->187280K(2456064K) Eden: 2268672K(2268672K)->0K(2268672K) From: 0K(262656K)->187280K(187392K)
[392.177s][info][gc,heap        ] GC(315) ParOldGen: 103432K(5592576K)->103432K(5592576K)
[392.177s][info][gc,metaspace   ] GC(315) Metaspace: 22624K(22976K)->22624K(22976K) NonClass: 19831K(20032K)->19831K(20032K) Class: 2792K(2944K)->2792K(2944K)
[392.177s][info][gc             ] GC(315) Pause Young (Allocation Failure) 2316M->283M(7860M) 125.494ms
[392.177s][info][gc,cpu         ] GC(315) User=0.75s Sys=0.00s Real=0.13s
[393.722s][info][gc,start       ] GC(316) Pause Young (Allocation Failure)
[393.796s][info][gc,heap        ] GC(316) PSYoungGen: 2455952K(2456064K)->100064K(2532352K) Eden: 2268672K(2268672K)->0K(2265088K) From: 187280K(187392K)->100064K(267264K)
[393.799s][info][gc,heap        ] GC(316) ParOldGen: 103432K(5592576K)->103464K(5592576K)
[393.799s][info][gc,metaspace   ] GC(316) Metaspace: 22624K(22976K)->22624K(22976K) NonClass: 19831K(20032K)->19831K(20032K) Class: 2792K(2944K)->2792K(2944K)
[393.799s][info][gc             ] GC(316) Pause Young (Allocation Failure) 2499M->198M(7934M) 76.692ms
[393.799s][info][gc,cpu         ] GC(316) User=0.47s Sys=0.00s Real=0.07s
[394.970s][info][gc,start       ] GC(317) Pause Young (Allocation Failure)
[395.095s][info][gc,heap        ] GC(317) PSYoungGen: 2365152K(2532352K)->190672K(2456064K) Eden: 2265088K(2265088K)->0K(2265088K) From: 100064K(267264K)->190672K(190976K)
[395.095s][info][gc,heap        ] GC(317) ParOldGen: 103464K(5592576K)->104340K(5592576K)
[395.095s][info][gc,metaspace   ] GC(317) Metaspace: 22624K(22976K)->22624K(22976K) NonClass: 19831K(20032K)->19831K(20032K) Class: 2792K(2944K)->2792K(2944K)
[395.095s][info][gc             ] GC(317) Pause Young (Allocation Failure) 2410M->288M(7860M) 124.832ms
[395.095s][info][gc,cpu         ] GC(317) User=0.75s Sys=0.00s Real=0.14s
[396.705s][info][gc,start       ] GC(318) Pause Young (Allocation Failure)
[396.797s][info][gc,heap        ] GC(318) PSYoungGen: 2455760K(2456064K)->117664K(2533376K) Eden: 2265088K(2265088K)->0K(2264064K) From: 190672K(190976K)->117664K(269312K)
[396.797s][info][gc,heap        ] GC(318) ParOldGen: 104340K(5592576K)->104584K(5592576K)
[396.797s][info][gc,metaspace   ] GC(318) Metaspace: 22624K(22976K)->22624K(22976K) NonClass: 19831K(20032K)->19831K(20032K) Class: 2792K(2944K)->2792K(2944K)
[396.797s][info][gc             ] GC(318) Pause Young (Allocation Failure) 2500M->217M(7935M) 91.392ms
[396.797s][info][gc,cpu         ] GC(318) User=0.50s Sys=0.00s Real=0.09s
[397.977s][info][gc,start       ] GC(319) Pause Young (Allocation Failure)
[398.109s][info][gc,heap        ] GC(319) PSYoungGen: 2381728K(2533376K)->201648K(2465792K) Eden: 2264064K(2264064K)->0K(2264064K) From: 117664K(269312K)->201648K(201728K)
[398.109s][info][gc,heap        ] GC(319) ParOldGen: 104584K(5592576K)->109832K(5592576K)
[398.109s][info][gc,metaspace   ] GC(319) Metaspace: 22624K(22976K)->22624K(22976K) NonClass: 19831K(20032K)->19831K(20032K) Class: 2792K(2944K)->2792K(2944K)
[398.109s][info][gc             ] GC(319) Pause Young (Allocation Failure) 2428M->304M(7869M) 131.773ms
[398.109s][info][gc,cpu         ] GC(319) User=0.73s Sys=0.00s Real=0.13s
[399.682s][info][gc,start       ] GC(320) Pause Young (Allocation Failure)
[399.778s][info][gc,heap        ] GC(320) PSYoungGen: 2465712K(2465792K)->138336K(2534400K) Eden: 2264064K(2264064K)->0K(2263040K) From: 201648K(201728K)->138336K(271360K)
[399.778s][info][gc,heap        ] GC(320) ParOldGen: 109832K(5592576K)->111256K(5592576K)
[399.778s][info][gc,metaspace   ] GC(320) Metaspace: 22646K(22976K)->22646K(22976K) NonClass: 19853K(20032K)->19853K(20032K) Class: 2792K(2944K)->2792K(2944K)
[399.778s][info][gc             ] GC(320) Pause Young (Allocation Failure) 2515M->243M(7936M) 96.309ms
[399.778s][info][gc,cpu         ] GC(320) User=0.56s Sys=0.00s Real=0.10s
[400.501s][info][gc,start       ] GC(321) Pause Young (System.gc())
[400.573s][info][gc,heap        ] GC(321) PSYoungGen: 1265951K(2534400K)->75056K(2524672K) Eden: 1127615K(2263040K)->0K(2263040K) From: 138336K(271360K)->75056K(261632K)
[400.573s][info][gc,heap        ] GC(321) ParOldGen: 111256K(5592576K)->133464K(5592576K)
[400.573s][info][gc,metaspace   ] GC(321) Metaspace: 22646K(22976K)->22646K(22976K) NonClass: 19853K(20032K)->19853K(20032K) Class: 2792K(2944K)->2792K(2944K)
[400.573s][info][gc             ] GC(321) Pause Young (System.gc()) 1344M->203M(7927M) 72.546ms
[400.573s][info][gc,cpu         ] GC(321) User=0.45s Sys=0.00s Real=0.08s
[400.573s][info][gc,start       ] GC(322) Pause Full (System.gc())
[400.573s][info][gc,phases,start] GC(322) Marking Phase
[400.610s][info][gc,phases      ] GC(322) Marking Phase 36.293ms
[400.610s][info][gc,phases,start] GC(322) Summary Phase
[400.610s][info][gc,phases      ] GC(322) Summary Phase 0.012ms
[400.610s][info][gc,phases,start] GC(322) Adjust Roots
[400.615s][info][gc,phases      ] GC(322) Adjust Roots 4.940ms
[400.615s][info][gc,phases,start] GC(322) Compaction Phase
[400.696s][info][gc,phases      ] GC(322) Compaction Phase 81.066ms
[400.696s][info][gc,phases,start] GC(322) Post Compact
[400.697s][info][gc,phases      ] GC(322) Post Compact 1.265ms
[400.697s][info][gc,heap        ] GC(322) PSYoungGen: 75056K(2524672K)->0K(2524672K) Eden: 0K(2263040K)->0K(2263040K) From: 75056K(261632K)->0K(261632K)
[400.697s][info][gc,heap        ] GC(322) ParOldGen: 133464K(5592576K)->103506K(5592576K)
[400.697s][info][gc,metaspace   ] GC(322) Metaspace: 22646K(22976K)->22646K(22976K) NonClass: 19853K(20032K)->19853K(20032K) Class: 2792K(2944K)->2792K(2944K)
[400.697s][info][gc             ] GC(322) Pause Full (System.gc()) 203M->101M(7927M) 123.841ms
[400.697s][info][gc,cpu         ] GC(322) User=0.62s Sys=0.00s Real=0.12s
[402.041s][info][gc,start       ] GC(323) Pause Young (Allocation Failure)
[402.175s][info][gc,heap        ] GC(323) PSYoungGen: 2263040K(2524672K)->208144K(2508288K) Eden: 2263040K(2263040K)->0K(2245120K) From: 0K(261632K)->208144K(263168K)
[402.178s][info][gc,heap        ] GC(323) ParOldGen: 103506K(5592576K)->103506K(5592576K)
[402.178s][info][gc,metaspace   ] GC(323) Metaspace: 22646K(22976K)->22646K(22976K) NonClass: 19853K(20032K)->19853K(20032K) Class: 2792K(2944K)->2792K(2944K)
[402.178s][info][gc             ] GC(323) Pause Young (Allocation Failure) 2311M->304M(7911M) 136.458ms
[402.178s][info][gc,cpu         ] GC(323) User=0.75s Sys=0.00s Real=0.14s
[403.755s][info][gc,start       ] GC(324) Pause Young (Allocation Failure)
[403.856s][info][gc,heap        ] GC(324) PSYoungGen: 2453264K(2508288K)->134928K(2520576K) Eden: 2245120K(2245120K)->0K(2245120K) From: 208144K(263168K)->134928K(275456K)
[403.856s][info][gc,heap        ] GC(324) ParOldGen: 103506K(5592576K)->103530K(5592576K)
[403.856s][info][gc,metaspace   ] GC(324) Metaspace: 22646K(22976K)->22646K(22976K) NonClass: 19853K(20032K)->19853K(20032K) Class: 2792K(2944K)->2792K(2944K)
[403.856s][info][gc             ] GC(324) Pause Young (Allocation Failure) 2496M->232M(7923M) 100.606ms
[403.856s][info][gc,cpu         ] GC(324) User=0.64s Sys=0.02s Real=0.10s
[405.036s][info][gc,start       ] GC(325) Pause Young (Allocation Failure)
[405.178s][info][gc,heap        ] GC(325) PSYoungGen: 2380048K(2520576K)->210224K(2508288K) Eden: 2245120K(2245120K)->0K(2243072K) From: 134928K(275456K)->210224K(265216K)
[405.178s][info][gc,heap        ] GC(325) ParOldGen: 103530K(5592576K)->112554K(5592576K)
[405.178s][info][gc,metaspace   ] GC(325) Metaspace: 22646K(22976K)->22646K(22976K) NonClass: 19853K(20032K)->19853K(20032K) Class: 2792K(2944K)->2792K(2944K)
[405.178s][info][gc             ] GC(325) Pause Young (Allocation Failure) 2425M->315M(7911M) 142.140ms
[405.178s][info][gc,cpu         ] GC(325) User=0.81s Sys=0.02s Real=0.14s
[406.783s][info][gc,start       ] GC(326) Pause Young (Allocation Failure)
[406.872s][info][gc,heap        ] GC(326) PSYoungGen: 2453296K(2508288K)->129808K(2519552K) Eden: 2243072K(2243072K)->0K(2243072K) From: 210224K(265216K)->129808K(276480K)
[406.872s][info][gc,heap        ] GC(326) ParOldGen: 112554K(5592576K)->115506K(5592576K)
[406.872s][info][gc,metaspace   ] GC(326) Metaspace: 22648K(22976K)->22648K(22976K) NonClass: 19855K(20032K)->19855K(20032K) Class: 2792K(2944K)->2792K(2944K)
[406.872s][info][gc             ] GC(326) Pause Young (Allocation Failure) 2505M->239M(7922M) 89.875ms
[406.872s][info][gc,cpu         ] GC(326) User=0.53s Sys=0.02s Real=0.09s
[407.986s][info][gc,start       ] GC(327) Pause Young (Allocation Failure)
[408.130s][info][gc,heap        ] GC(327) PSYoungGen: 2372880K(2519552K)->195824K(2517504K) Eden: 2243072K(2243072K)->0K(2249216K) From: 129808K(276480K)->195824K(268288K)
[408.130s][info][gc,heap        ] GC(327) ParOldGen: 115506K(5592576K)->127342K(5592576K)
[408.130s][info][gc,metaspace   ] GC(327) Metaspace: 22648K(22976K)->22648K(22976K) NonClass: 19855K(20032K)->19855K(20032K) Class: 2792K(2944K)->2792K(2944K)
[408.130s][info][gc             ] GC(327) Pause Young (Allocation Failure) 2430M->315M(7920M) 143.756ms
[408.130s][info][gc,cpu         ] GC(327) User=0.81s Sys=0.00s Real=0.14s
[409.674s][info][gc,start       ] GC(328) Pause Young (Allocation Failure)
[409.794s][info][gc,heap        ] GC(328) PSYoungGen: 2445040K(2517504K)->170144K(2522624K) Eden: 2249216K(2249216K)->0K(2249216K) From: 195824K(268288K)->170144K(273408K)
[409.794s][info][gc,heap        ] GC(328) ParOldGen: 127342K(5592576K)->129743K(5592576K)
[409.794s][info][gc,metaspace   ] GC(328) Metaspace: 22648K(22976K)->22648K(22976K) NonClass: 19855K(20032K)->19855K(20032K) Class: 2792K(2944K)->2792K(2944K)
[409.794s][info][gc             ] GC(328) Pause Young (Allocation Failure) 2512M->292M(7925M) 120.432ms
[409.794s][info][gc,cpu         ] GC(328) User=0.73s Sys=0.00s Real=0.12s
[410.454s][info][gc,start       ] GC(329) Pause Young (System.gc())
[410.523s][info][gc,heap        ] GC(329) PSYoungGen: 1041712K(2522624K)->56848K(2516992K) Eden: 871568K(2249216K)->0K(2250240K) From: 170144K(273408K)->56848K(266752K)
[410.523s][info][gc,heap        ] GC(329) ParOldGen: 129743K(5592576K)->170163K(5592576K)
[410.523s][info][gc,metaspace   ] GC(329) Metaspace: 22648K(22976K)->22648K(22976K) NonClass: 19855K(20032K)->19855K(20032K) Class: 2792K(2944K)->2792K(2944K)
[410.523s][info][gc             ] GC(329) Pause Young (System.gc()) 1143M->221M(7919M) 69.133ms
[410.523s][info][gc,cpu         ] GC(329) User=0.47s Sys=0.00s Real=0.08s
[410.523s][info][gc,start       ] GC(330) Pause Full (System.gc())
[410.523s][info][gc,phases,start] GC(330) Marking Phase
[410.561s][info][gc,phases      ] GC(330) Marking Phase 37.066ms
[410.561s][info][gc,phases,start] GC(330) Summary Phase
[410.561s][info][gc,phases      ] GC(330) Summary Phase 0.012ms
[410.561s][info][gc,phases,start] GC(330) Adjust Roots
[410.565s][info][gc,phases      ] GC(330) Adjust Roots 4.304ms
[410.565s][info][gc,phases,start] GC(330) Compaction Phase
[410.660s][info][gc,phases      ] GC(330) Compaction Phase 95.514ms
[410.660s][info][gc,phases,start] GC(330) Post Compact
[410.662s][info][gc,phases      ] GC(330) Post Compact 1.180ms
[410.662s][info][gc,heap        ] GC(330) PSYoungGen: 56848K(2516992K)->0K(2516992K) Eden: 0K(2250240K)->0K(2250240K) From: 56848K(266752K)->0K(266752K)
[410.662s][info][gc,heap        ] GC(330) ParOldGen: 170163K(5592576K)->103458K(5592576K)
[410.662s][info][gc,metaspace   ] GC(330) Metaspace: 22648K(22976K)->22648K(22976K) NonClass: 19855K(20032K)->19855K(20032K) Class: 2792K(2944K)->2792K(2944K)
[410.662s][info][gc             ] GC(330) Pause Full (System.gc()) 221M->101M(7919M) 138.343ms
[410.662s][info][gc,cpu         ] GC(330) User=0.69s Sys=0.00s Real=0.14s
[411.860s][info][gc,start       ] GC(331) Pause Young (Allocation Failure)
[411.980s][info][gc,heap        ] GC(331) PSYoungGen: 2250240K(2516992K)->187408K(2438144K) Eden: 2250240K(2250240K)->0K(2250240K) From: 0K(266752K)->187408K(187904K)
[411.981s][info][gc,heap        ] GC(331) ParOldGen: 103458K(5592576K)->103458K(5592576K)
[411.981s][info][gc,metaspace   ] GC(331) Metaspace: 22658K(22976K)->22658K(22976K) NonClass: 19865K(20032K)->19865K(20032K) Class: 2792K(2944K)->2792K(2944K)
[411.981s][info][gc             ] GC(331) Pause Young (Allocation Failure) 2298M->284M(7842M) 120.448ms
[411.981s][info][gc,cpu         ] GC(331) User=0.72s Sys=0.00s Real=0.13s
[413.691s][info][gc,start       ] GC(332) Pause Young (Allocation Failure)
[413.781s][info][gc,heap        ] GC(332) PSYoungGen: 2437648K(2438144K)->129312K(2529280K) Eden: 2250240K(2250240K)->0K(2253824K) From: 187408K(187904K)->129312K(275456K)
[413.781s][info][gc,heap        ] GC(332) ParOldGen: 103458K(5592576K)->103490K(5592576K)
[413.781s][info][gc,metaspace   ] GC(332) Metaspace: 22658K(22976K)->22658K(22976K) NonClass: 19865K(20032K)->19865K(20032K) Class: 2792K(2944K)->2792K(2944K)
[413.781s][info][gc             ] GC(332) Pause Young (Allocation Failure) 2481M->227M(7931M) 89.980ms
[413.781s][info][gc,cpu         ] GC(332) User=0.56s Sys=0.00s Real=0.09s
[414.957s][info][gc,start       ] GC(333) Pause Young (Allocation Failure)
[415.092s][info][gc,heap        ] GC(333) PSYoungGen: 2383136K(2529280K)->210224K(2464256K) Eden: 2253824K(2253824K)->0K(2253824K) From: 129312K(275456K)->210224K(210432K)
[415.092s][info][gc,heap        ] GC(333) ParOldGen: 103490K(5592576K)->110122K(5592576K)
[415.092s][info][gc,metaspace   ] GC(333) Metaspace: 22658K(22976K)->22658K(22976K) NonClass: 19865K(20032K)->19865K(20032K) Class: 2792K(2944K)->2792K(2944K)
[415.092s][info][gc             ] GC(333) Pause Young (Allocation Failure) 2428M->312M(7868M) 135.166ms
[415.092s][info][gc,cpu         ] GC(333) User=0.84s Sys=0.00s Real=0.15s
[416.637s][info][gc,start       ] GC(334) Pause Young (Allocation Failure)
[416.743s][info][gc,heap        ] GC(334) PSYoungGen: 2464048K(2464256K)->150464K(2529792K) Eden: 2253824K(2253824K)->0K(2252288K) From: 210224K(210432K)->150464K(277504K)
[416.743s][info][gc,heap        ] GC(334) ParOldGen: 110122K(5592576K)->112298K(5592576K)
[416.743s][info][gc,metaspace   ] GC(334) Metaspace: 22659K(22976K)->22659K(22976K) NonClass: 19866K(20032K)->19866K(20032K) Class: 2792K(2944K)->2792K(2944K)
[416.743s][info][gc             ] GC(334) Pause Young (Allocation Failure) 2513M->256M(7932M) 105.396ms
[416.743s][info][gc,cpu         ] GC(334) User=0.61s Sys=0.00s Real=0.11s
[417.887s][info][gc,start       ] GC(335) Pause Young (Allocation Failure)
[418.033s][info][gc,heap        ] GC(335) PSYoungGen: 2402752K(2529792K)->194160K(2518528K) Eden: 2252288K(2252288K)->0K(2252288K) From: 150464K(277504K)->194160K(266240K)
[418.033s][info][gc,heap        ] GC(335) ParOldGen: 112298K(5592576K)->127146K(5592576K)
[418.033s][info][gc,metaspace   ] GC(335) Metaspace: 22659K(22976K)->22659K(22976K) NonClass: 19866K(20032K)->19866K(20032K) Class: 2792K(2944K)->2792K(2944K)
[418.033s][info][gc             ] GC(335) Pause Young (Allocation Failure) 2456M->313M(7921M) 146.168ms
[418.033s][info][gc,cpu         ] GC(335) User=0.84s Sys=0.00s Real=0.16s
[419.425s][info][gc,start       ] GC(336) Pause Young (Allocation Failure)
[419.534s][info][gc,heap        ] GC(336) PSYoungGen: 2446448K(2518528K)->157696K(2537472K) Eden: 2252288K(2252288K)->0K(2267648K) From: 194160K(266240K)->157696K(269824K)
[419.534s][info][gc,heap        ] GC(336) ParOldGen: 127146K(5592576K)->131770K(5592576K)
[419.534s][info][gc,metaspace   ] GC(336) Metaspace: 22659K(22976K)->22659K(22976K) NonClass: 19866K(20032K)->19866K(20032K) Class: 2792K(2944K)->2792K(2944K)
[419.534s][info][gc             ] GC(336) Pause Young (Allocation Failure) 2513M->282M(7939M) 109.069ms
[419.534s][info][gc,cpu         ] GC(336) User=0.66s Sys=0.00s Real=0.11s
[420.251s][info][gc,start       ] GC(337) Pause Young (System.gc())
[420.321s][info][gc,heap        ] GC(337) PSYoungGen: 1134150K(2537472K)->64288K(2526208K) Eden: 976454K(2267648K)->0K(2267648K) From: 157696K(269824K)->64288K(258560K)
[420.321s][info][gc,heap        ] GC(337) ParOldGen: 131770K(5592576K)->164918K(5592576K)
[420.321s][info][gc,metaspace   ] GC(337) Metaspace: 22659K(22976K)->22659K(22976K) NonClass: 19866K(20032K)->19866K(20032K) Class: 2792K(2944K)->2792K(2944K)
[420.321s][info][gc             ] GC(337) Pause Young (System.gc()) 1236M->223M(7928M) 69.903ms
[420.321s][info][gc,cpu         ] GC(337) User=0.47s Sys=0.00s Real=0.08s
[420.321s][info][gc,start       ] GC(338) Pause Full (System.gc())
[420.321s][info][gc,phases,start] GC(338) Marking Phase
[420.358s][info][gc,phases      ] GC(338) Marking Phase 36.633ms
[420.358s][info][gc,phases,start] GC(338) Summary Phase
[420.358s][info][gc,phases      ] GC(338) Summary Phase 0.012ms
[420.358s][info][gc,phases,start] GC(338) Adjust Roots
[420.362s][info][gc,phases      ] GC(338) Adjust Roots 4.026ms
[420.362s][info][gc,phases,start] GC(338) Compaction Phase
[420.449s][info][gc,phases      ] GC(338) Compaction Phase 86.947ms
[420.449s][info][gc,phases,start] GC(338) Post Compact
[420.450s][info][gc,phases      ] GC(338) Post Compact 1.101ms
[420.450s][info][gc,heap        ] GC(338) PSYoungGen: 64288K(2526208K)->0K(2526208K) Eden: 0K(2267648K)->0K(2267648K) From: 64288K(258560K)->0K(258560K)
[420.450s][info][gc,heap        ] GC(338) ParOldGen: 164918K(5592576K)->103619K(5592576K)
[420.450s][info][gc,metaspace   ] GC(338) Metaspace: 22659K(22976K)->22659K(22976K) NonClass: 19866K(20032K)->19866K(20032K) Class: 2792K(2944K)->2792K(2944K)
[420.450s][info][gc             ] GC(338) Pause Full (System.gc()) 223M->101M(7928M) 129.030ms
[420.450s][info][gc,cpu         ] GC(338) User=0.69s Sys=0.00s Real=0.13s
[421.709s][info][gc,start       ] GC(339) Pause Young (Allocation Failure)
[421.840s][info][gc,heap        ] GC(339) PSYoungGen: 2267648K(2526208K)->201856K(2514944K) Eden: 2267648K(2267648K)->0K(2250240K) From: 0K(258560K)->201856K(264704K)
[421.840s][info][gc,heap        ] GC(339) ParOldGen: 103619K(5592576K)->103619K(5592576K)
[421.840s][info][gc,metaspace   ] GC(339) Metaspace: 22663K(22976K)->22663K(22976K) NonClass: 19870K(20032K)->19870K(20032K) Class: 2792K(2944K)->2792K(2944K)
[421.840s][info][gc             ] GC(339) Pause Young (Allocation Failure) 2315M->298M(7917M) 130.966ms
[421.840s][info][gc,cpu         ] GC(339) User=0.80s Sys=0.00s Real=0.13s
[423.507s][info][gc,start       ] GC(340) Pause Young (Allocation Failure)
[423.605s][info][gc,heap        ] GC(340) PSYoungGen: 2452096K(2514944K)->136048K(2523136K) Eden: 2250240K(2250240K)->0K(2250240K) From: 201856K(264704K)->136048K(272896K)
[423.605s][info][gc,heap        ] GC(340) ParOldGen: 103619K(5592576K)->103659K(5592576K)
[423.605s][info][gc,metaspace   ] GC(340) Metaspace: 22663K(22976K)->22663K(22976K) NonClass: 19870K(20032K)->19870K(20032K) Class: 2792K(2944K)->2792K(2944K)
[423.605s][info][gc             ] GC(340) Pause Young (Allocation Failure) 2495M->234M(7925M) 98.074ms
[423.605s][info][gc,cpu         ] GC(340) User=0.62s Sys=0.03s Real=0.10s
[424.697s][info][gc,start       ] GC(341) Pause Young (Allocation Failure)
[424.835s][info][gc,heap        ] GC(341) PSYoungGen: 2386288K(2523136K)->203760K(2516480K) Eden: 2250240K(2250240K)->0K(2252288K) From: 136048K(272896K)->203760K(264192K)
[424.835s][info][gc,heap        ] GC(341) ParOldGen: 103659K(5592576K)->114823K(5592576K)
[424.835s][info][gc,metaspace   ] GC(341) Metaspace: 22663K(22976K)->22663K(22976K) NonClass: 19870K(20032K)->19870K(20032K) Class: 2792K(2944K)->2792K(2944K)
[424.835s][info][gc             ] GC(341) Pause Young (Allocation Failure) 2431M->311M(7919M) 137.867ms
[424.835s][info][gc,cpu         ] GC(341) User=0.75s Sys=0.00s Real=0.14s
[426.353s][info][gc,start       ] GC(342) Pause Young (Allocation Failure)
[426.454s][info][gc,heap        ] GC(342) PSYoungGen: 2456048K(2516480K)->140288K(2524160K) Eden: 2252288K(2252288K)->0K(2252288K) From: 203760K(264192K)->140288K(271872K)
[426.454s][info][gc,heap        ] GC(342) ParOldGen: 114823K(5592576K)->118439K(5592576K)
[426.454s][info][gc,metaspace   ] GC(342) Metaspace: 22663K(22976K)->22663K(22976K) NonClass: 19870K(20032K)->19870K(20032K) Class: 2792K(2944K)->2792K(2944K)
[426.454s][info][gc             ] GC(342) Pause Young (Allocation Failure) 2510M->252M(7926M) 100.776ms
[426.454s][info][gc,cpu         ] GC(342) User=0.56s Sys=0.00s Real=0.10s
[427.502s][info][gc,start       ] GC(343) Pause Young (Allocation Failure)
[427.638s][info][gc,heap        ] GC(343) PSYoungGen: 2392576K(2524160K)->202080K(2519552K) Eden: 2252288K(2252288K)->0K(2256384K) From: 140288K(271872K)->202080K(263168K)
[427.638s][info][gc,heap        ] GC(343) ParOldGen: 118439K(5592576K)->134587K(5592576K)
[427.638s][info][gc,metaspace   ] GC(343) Metaspace: 22663K(22976K)->22663K(22976K) NonClass: 19870K(20032K)->19870K(20032K) Class: 2792K(2944K)->2792K(2944K)
[427.638s][info][gc             ] GC(343) Pause Young (Allocation Failure) 2452M->328M(7922M) 136.067ms
[427.638s][info][gc,cpu         ] GC(343) User=0.84s Sys=0.00s Real=0.13s
[429.182s][info][gc,start       ] GC(344) Pause Young (Allocation Failure)
[429.287s][info][gc,heap        ] GC(344) PSYoungGen: 2458464K(2519552K)->141824K(2526208K) Eden: 2256384K(2256384K)->0K(2256384K) From: 202080K(263168K)->141824K(269824K)
[429.287s][info][gc,heap        ] GC(344) ParOldGen: 134587K(5592576K)->139523K(5592576K)
[429.288s][info][gc,metaspace   ] GC(344) Metaspace: 22664K(22976K)->22664K(22976K) NonClass: 19871K(20032K)->19871K(20032K) Class: 2792K(2944K)->2792K(2944K)
[429.288s][info][gc             ] GC(344) Pause Young (Allocation Failure) 2532M->274M(7928M) 105.401ms
[429.288s][info][gc,cpu         ] GC(344) User=0.56s Sys=0.00s Real=0.11s
[430.044s][info][gc,start       ] GC(345) Pause Young (System.gc())
[430.120s][info][gc,heap        ] GC(345) PSYoungGen: 1271897K(2526208K)->73504K(2525696K) Eden: 1130073K(2256384K)->0K(2263552K) From: 141824K(269824K)->73504K(262144K)
[430.120s][info][gc,heap        ] GC(345) ParOldGen: 139523K(5592576K)->163231K(5592576K)
[430.120s][info][gc,metaspace   ] GC(345) Metaspace: 22664K(22976K)->22664K(22976K) NonClass: 19871K(20032K)->19871K(20032K) Class: 2792K(2944K)->2792K(2944K)
[430.120s][info][gc             ] GC(345) Pause Young (System.gc()) 1378M->231M(7928M) 75.725ms
[430.120s][info][gc,cpu         ] GC(345) User=0.44s Sys=0.00s Real=0.08s
[430.120s][info][gc,start       ] GC(346) Pause Full (System.gc())
[430.120s][info][gc,phases,start] GC(346) Marking Phase
[430.157s][info][gc,phases      ] GC(346) Marking Phase 37.468ms
[430.157s][info][gc,phases,start] GC(346) Summary Phase
[430.157s][info][gc,phases      ] GC(346) Summary Phase 0.012ms
[430.157s][info][gc,phases,start] GC(346) Adjust Roots
[430.161s][info][gc,phases      ] GC(346) Adjust Roots 4.015ms
[430.161s][info][gc,phases,start] GC(346) Compaction Phase
[430.253s][info][gc,phases      ] GC(346) Compaction Phase 91.328ms
[430.253s][info][gc,phases,start] GC(346) Post Compact
[430.254s][info][gc,phases      ] GC(346) Post Compact 1.254ms
[430.254s][info][gc,heap        ] GC(346) PSYoungGen: 73504K(2525696K)->0K(2525696K) Eden: 0K(2263552K)->0K(2263552K) From: 73504K(262144K)->0K(262144K)
[430.254s][info][gc,heap        ] GC(346) ParOldGen: 163231K(5592576K)->103457K(5592576K)
[430.254s][info][gc,metaspace   ] GC(346) Metaspace: 22664K(22976K)->22664K(22976K) NonClass: 19871K(20032K)->19871K(20032K) Class: 2792K(2944K)->2792K(2944K)
[430.254s][info][gc             ] GC(346) Pause Full (System.gc()) 231M->101M(7928M) 134.418ms
[430.254s][info][gc,cpu         ] GC(346) User=0.69s Sys=0.00s Real=0.13s
[431.589s][info][gc,start       ] GC(347) Pause Young (Allocation Failure)
[431.724s][info][gc,heap        ] GC(347) PSYoungGen: 2263552K(2525696K)->206976K(2470912K) Eden: 2263552K(2263552K)->0K(2263552K) From: 0K(262144K)->206976K(207360K)
[431.724s][info][gc,heap        ] GC(347) ParOldGen: 103457K(5592576K)->103457K(5592576K)
[431.724s][info][gc,metaspace   ] GC(347) Metaspace: 22664K(22976K)->22664K(22976K) NonClass: 19871K(20032K)->19871K(20032K) Class: 2792K(2944K)->2792K(2944K)
[431.724s][info][gc             ] GC(347) Pause Young (Allocation Failure) 2311M->303M(7874M) 134.816ms
[431.724s][info][gc,cpu         ] GC(347) User=0.73s Sys=0.00s Real=0.14s
[433.446s][info][gc,start       ] GC(348) Pause Young (Allocation Failure)
[433.546s][info][gc,heap        ] GC(348) PSYoungGen: 2470528K(2470912K)->147696K(2530816K) Eden: 2263552K(2263552K)->0K(2255360K) From: 206976K(207360K)->147696K(275456K)
[433.546s][info][gc,heap        ] GC(348) ParOldGen: 103457K(5592576K)->103497K(5592576K)
[433.546s][info][gc,metaspace   ] GC(348) Metaspace: 22664K(22976K)->22664K(22976K) NonClass: 19871K(20032K)->19871K(20032K) Class: 2792K(2944K)->2792K(2944K)
[433.546s][info][gc             ] GC(348) Pause Young (Allocation Failure) 2513M->245M(7933M) 99.745ms
[433.546s][info][gc,cpu         ] GC(348) User=0.55s Sys=0.00s Real=0.10s
[434.912s][info][gc,start       ] GC(349) Pause Young (Allocation Failure)
[435.027s][info][gc,heap        ] GC(349) PSYoungGen: 2403056K(2530816K)->166304K(2520576K) Eden: 2255360K(2255360K)->0K(2255360K) From: 147696K(275456K)->166304K(265216K)
[435.030s][info][gc,heap        ] GC(349) ParOldGen: 103497K(5592576K)->106657K(5592576K)
[435.030s][info][gc,metaspace   ] GC(349) Metaspace: 22664K(22976K)->22664K(22976K) NonClass: 19871K(20032K)->19871K(20032K) Class: 2792K(2944K)->2792K(2944K)
[435.030s][info][gc             ] GC(349) Pause Young (Allocation Failure) 2447M->266M(7923M) 117.356ms
[435.030s][info][gc,cpu         ] GC(349) User=0.75s Sys=0.00s Real=0.12s
[436.536s][info][gc,start       ] GC(350) Pause Young (Allocation Failure)
[436.654s][info][gc,heap        ] GC(350) PSYoungGen: 2421664K(2520576K)->180160K(2539008K) Eden: 2255360K(2255360K)->0K(2280960K) From: 166304K(265216K)->180160K(258048K)
[436.654s][info][gc,heap        ] GC(350) ParOldGen: 106657K(5592576K)->107797K(5592576K)
[436.654s][info][gc,metaspace   ] GC(350) Metaspace: 22664K(22976K)->22664K(22976K) NonClass: 19871K(20032K)->19871K(20032K) Class: 2792K(2944K)->2792K(2944K)
[436.654s][info][gc             ] GC(350) Pause Young (Allocation Failure) 2469M->281M(7941M) 118.625ms
[436.654s][info][gc,cpu         ] GC(350) User=0.75s Sys=0.00s Real=0.12s
[438.195s][info][gc,start       ] GC(351) Pause Young (Allocation Failure)
[438.269s][info][gc,heap        ] GC(351) PSYoungGen: 2461120K(2539008K)->98912K(2537984K) Eden: 2280960K(2280960K)->0K(2280960K) From: 180160K(258048K)->98912K(257024K)
[438.269s][info][gc,heap        ] GC(351) ParOldGen: 107797K(5592576K)->107829K(5592576K)
[438.269s][info][gc,metaspace   ] GC(351) Metaspace: 22664K(22976K)->22664K(22976K) NonClass: 19871K(20032K)->19871K(20032K) Class: 2792K(2944K)->2792K(2944K)
[438.269s][info][gc             ] GC(351) Pause Young (Allocation Failure) 2508M->201M(7940M) 74.217ms
[438.269s][info][gc,cpu         ] GC(351) User=0.36s Sys=0.02s Real=0.09s
[439.686s][info][gc,start       ] GC(352) Pause Young (Allocation Failure)
[439.818s][info][gc,heap        ] GC(352) PSYoungGen: 2379872K(2537984K)->205984K(2520064K) Eden: 2280960K(2280960K)->0K(2262528K) From: 98912K(257024K)->205984K(257536K)
[439.818s][info][gc,heap        ] GC(352) ParOldGen: 107829K(5592576K)->107829K(5592576K)
[439.818s][info][gc,metaspace   ] GC(352) Metaspace: 22664K(22976K)->22664K(22976K) NonClass: 19871K(20032K)->19871K(20032K) Class: 2792K(2944K)->2792K(2944K)
[439.818s][info][gc             ] GC(352) Pause Young (Allocation Failure) 2429M->306M(7922M) 131.336ms
[439.818s][info][gc,cpu         ] GC(352) User=0.73s Sys=0.02s Real=0.15s
[440.366s][info][gc,start       ] GC(353) Pause Young (System.gc())
[440.434s][info][gc,heap        ] GC(353) PSYoungGen: 677569K(2520064K)->33488K(2296320K) Eden: 471585K(2262528K)->0K(2262528K) From: 205984K(257536K)->33488K(33792K)
[440.434s][info][gc,heap        ] GC(353) ParOldGen: 107829K(5592576K)->171685K(5592576K)
[440.434s][info][gc,metaspace   ] GC(353) Metaspace: 22664K(22976K)->22664K(22976K) NonClass: 19871K(20032K)->19871K(20032K) Class: 2792K(2944K)->2792K(2944K)
[440.434s][info][gc             ] GC(353) Pause Young (System.gc()) 766M->200M(7704M) 67.899ms
[440.434s][info][gc,cpu         ] GC(353) User=0.41s Sys=0.00s Real=0.08s
[440.434s][info][gc,start       ] GC(354) Pause Full (System.gc())
[440.434s][info][gc,phases,start] GC(354) Marking Phase
[440.474s][info][gc,phases      ] GC(354) Marking Phase 39.589ms
[440.474s][info][gc,phases,start] GC(354) Summary Phase
[440.474s][info][gc,phases      ] GC(354) Summary Phase 0.011ms
[440.474s][info][gc,phases,start] GC(354) Adjust Roots
[440.478s][info][gc,phases      ] GC(354) Adjust Roots 3.984ms
[440.478s][info][gc,phases,start] GC(354) Compaction Phase
[440.563s][info][gc,phases      ] GC(354) Compaction Phase 85.157ms
[440.563s][info][gc,phases,start] GC(354) Post Compact
[440.564s][info][gc,phases      ] GC(354) Post Compact 1.048ms
[440.564s][info][gc,heap        ] GC(354) PSYoungGen: 33488K(2296320K)->0K(2296320K) Eden: 0K(2262528K)->0K(2262528K) From: 33488K(33792K)->0K(33792K)
[440.564s][info][gc,heap        ] GC(354) ParOldGen: 171685K(5592576K)->103468K(5592576K)
[440.564s][info][gc,metaspace   ] GC(354) Metaspace: 22664K(22976K)->22664K(22976K) NonClass: 19871K(20032K)->19871K(20032K) Class: 2792K(2944K)->2792K(2944K)
[440.564s][info][gc             ] GC(354) Pause Full (System.gc()) 200M->101M(7704M) 130.312ms
[440.564s][info][gc,cpu         ] GC(354) User=0.67s Sys=0.00s Real=0.13s
[441.719s][info][gc,start       ] GC(355) Pause Young (Allocation Failure)
[441.847s][info][gc,heap        ] GC(355) PSYoungGen: 2262528K(2296320K)->188064K(2513920K) Eden: 2262528K(2262528K)->0K(2236928K) From: 0K(33792K)->188064K(276992K)
[441.847s][info][gc,heap        ] GC(355) ParOldGen: 103468K(5592576K)->103468K(5592576K)
[441.847s][info][gc,metaspace   ] GC(355) Metaspace: 22665K(22976K)->22665K(22976K) NonClass: 19872K(20032K)->19872K(20032K) Class: 2792K(2944K)->2792K(2944K)
[441.847s][info][gc             ] GC(355) Pause Young (Allocation Failure) 2310M->284M(7916M) 128.393ms
[441.847s][info][gc,cpu         ] GC(355) User=0.75s Sys=0.00s Real=0.13s
[443.379s][info][gc,start       ] GC(356) Pause Young (Allocation Failure)
[443.453s][info][gc,heap        ] GC(356) PSYoungGen: 2424992K(2513920K)->97616K(2516480K) Eden: 2236928K(2236928K)->0K(2236928K) From: 188064K(276992K)->97616K(279552K)
[443.453s][info][gc,heap        ] GC(356) ParOldGen: 103468K(5592576K)->103500K(5592576K)
[443.453s][info][gc,metaspace   ] GC(356) Metaspace: 22665K(22976K)->22665K(22976K) NonClass: 19872K(20032K)->19872K(20032K) Class: 2792K(2944K)->2792K(2944K)
[443.453s][info][gc             ] GC(356) Pause Young (Allocation Failure) 2469M->196M(7919M) 74.058ms
[443.453s][info][gc,cpu         ] GC(356) User=0.47s Sys=0.00s Real=0.09s
[444.535s][info][gc,start       ] GC(357) Pause Young (Allocation Failure)
[444.659s][info][gc,heap        ] GC(357) PSYoungGen: 2334544K(2516480K)->184224K(2517504K) Eden: 2236928K(2236928K)->0K(2242048K) From: 97616K(279552K)->184224K(275456K)
[444.661s][info][gc,heap        ] GC(357) ParOldGen: 103500K(5592576K)->103588K(5592576K)
[444.661s][info][gc,metaspace   ] GC(357) Metaspace: 22665K(22976K)->22665K(22976K) NonClass: 19872K(20032K)->19872K(20032K) Class: 2792K(2944K)->2792K(2944K)
[444.661s][info][gc             ] GC(357) Pause Young (Allocation Failure) 2380M->281M(7920M) 126.120ms
[444.661s][info][gc,cpu         ] GC(357) User=0.73s Sys=0.00s Real=0.12s
[446.287s][info][gc,start       ] GC(358) Pause Young (Allocation Failure)
[446.360s][info][gc,heap        ] GC(358) PSYoungGen: 2426272K(2517504K)->100016K(2519040K) Eden: 2242048K(2242048K)->0K(2242048K) From: 184224K(275456K)->100016K(276992K)
[446.360s][info][gc,heap        ] GC(358) ParOldGen: 103588K(5592576K)->103720K(5592576K)
[446.361s][info][gc,metaspace   ] GC(358) Metaspace: 22665K(22976K)->22665K(22976K) NonClass: 19872K(20032K)->19872K(20032K) Class: 2792K(2944K)->2792K(2944K)
[446.361s][info][gc             ] GC(358) Pause Young (Allocation Failure) 2470M->198M(7921M) 73.399ms
[446.361s][info][gc,cpu         ] GC(358) User=0.47s Sys=0.00s Real=0.07s
[447.457s][info][gc,start       ] GC(359) Pause Young (Allocation Failure)
[447.580s][info][gc,heap        ] GC(359) PSYoungGen: 2342064K(2519040K)->184816K(2518528K) Eden: 2242048K(2242048K)->0K(2246144K) From: 100016K(276992K)->184816K(272384K)
[447.580s][info][gc,heap        ] GC(359) ParOldGen: 103720K(5592576K)->104556K(5592576K)
[447.580s][info][gc,metaspace   ] GC(359) Metaspace: 22671K(22976K)->22671K(22976K) NonClass: 19878K(20032K)->19878K(20032K) Class: 2792K(2944K)->2792K(2944K)
[447.580s][info][gc             ] GC(359) Pause Young (Allocation Failure) 2388M->282M(7921M) 123.129ms
[447.580s][info][gc,cpu         ] GC(359) User=0.75s Sys=0.00s Real=0.12s
[449.276s][info][gc,start       ] GC(360) Pause Young (Allocation Failure)
[449.361s][info][gc,heap        ] GC(360) PSYoungGen: 2430960K(2518528K)->122048K(2521088K) Eden: 2246144K(2246144K)->0K(2246144K) From: 184816K(272384K)->122048K(274944K)
[449.361s][info][gc,heap        ] GC(360) ParOldGen: 104556K(5592576K)->104901K(5592576K)
[449.361s][info][gc,metaspace   ] GC(360) Metaspace: 22671K(22976K)->22671K(22976K) NonClass: 19878K(20032K)->19878K(20032K) Class: 2792K(2944K)->2792K(2944K)
[449.361s][info][gc             ] GC(360) Pause Young (Allocation Failure) 2476M->221M(7923M) 85.613ms
[449.362s][info][gc,cpu         ] GC(360) User=0.47s Sys=0.00s Real=0.09s
[450.151s][info][gc,start       ] GC(361) Pause Young (System.gc())
[450.226s][info][gc,heap        ] GC(361) PSYoungGen: 1413800K(2521088K)->82880K(2530816K) Eden: 1291752K(2246144K)->0K(2264064K) From: 122048K(274944K)->82880K(266752K)
[450.226s][info][gc,heap        ] GC(361) ParOldGen: 104901K(5592576K)->119313K(5592576K)
[450.226s][info][gc,metaspace   ] GC(361) Metaspace: 22671K(22976K)->22671K(22976K) NonClass: 19878K(20032K)->19878K(20032K) Class: 2792K(2944K)->2792K(2944K)
[450.226s][info][gc             ] GC(361) Pause Young (System.gc()) 1483M->197M(7933M) 75.535ms
[450.226s][info][gc,cpu         ] GC(361) User=0.45s Sys=0.00s Real=0.08s
[450.226s][info][gc,start       ] GC(362) Pause Full (System.gc())
[450.226s][info][gc,phases,start] GC(362) Marking Phase
[450.262s][info][gc,phases      ] GC(362) Marking Phase 35.615ms
[450.262s][info][gc,phases,start] GC(362) Summary Phase
[450.262s][info][gc,phases      ] GC(362) Summary Phase 0.012ms
[450.262s][info][gc,phases,start] GC(362) Adjust Roots
[450.266s][info][gc,phases      ] GC(362) Adjust Roots 4.208ms
[450.266s][info][gc,phases,start] GC(362) Compaction Phase
[450.358s][info][gc,phases      ] GC(362) Compaction Phase 91.977ms
[450.358s][info][gc,phases,start] GC(362) Post Compact
[450.359s][info][gc,phases      ] GC(362) Post Compact 1.030ms
[450.359s][info][gc,heap        ] GC(362) PSYoungGen: 82880K(2530816K)->0K(2530816K) Eden: 0K(2264064K)->0K(2264064K) From: 82880K(266752K)->0K(266752K)
[450.359s][info][gc,heap        ] GC(362) ParOldGen: 119313K(5592576K)->103597K(5592576K)
[450.359s][info][gc,metaspace   ] GC(362) Metaspace: 22671K(22976K)->22671K(22976K) NonClass: 19878K(20032K)->19878K(20032K) Class: 2792K(2944K)->2792K(2944K)
[450.359s][info][gc             ] GC(362) Pause Full (System.gc()) 197M->101M(7933M) 133.089ms
[450.359s][info][gc,cpu         ] GC(362) User=0.66s Sys=0.02s Real=0.13s
[451.699s][info][gc,start       ] GC(363) Pause Young (Allocation Failure)
[451.832s][info][gc,heap        ] GC(363) PSYoungGen: 2264064K(2530816K)->207808K(2471936K) Eden: 2264064K(2264064K)->0K(2264064K) From: 0K(266752K)->207808K(207872K)
[451.832s][info][gc,heap        ] GC(363) ParOldGen: 103597K(5592576K)->103597K(5592576K)
[451.832s][info][gc,metaspace   ] GC(363) Metaspace: 22671K(22976K)->22671K(22976K) NonClass: 19878K(20032K)->19878K(20032K) Class: 2792K(2944K)->2792K(2944K)
[451.832s][info][gc             ] GC(363) Pause Young (Allocation Failure) 2312M->304M(7875M) 132.525ms
[451.832s][info][gc,cpu         ] GC(363) User=0.75s Sys=0.00s Real=0.13s
[453.377s][info][gc,start       ] GC(364) Pause Young (Allocation Failure)
[453.476s][info][gc,heap        ] GC(364) PSYoungGen: 2471872K(2471936K)->146976K(2530816K) Eden: 2264064K(2264064K)->0K(2252800K) From: 207808K(207872K)->146976K(278016K)
[453.476s][info][gc,heap        ] GC(364) ParOldGen: 103597K(5592576K)->103629K(5592576K)
[453.476s][info][gc,metaspace   ] GC(364) Metaspace: 22674K(22976K)->22674K(22976K) NonClass: 19881K(20032K)->19881K(20032K) Class: 2793K(2944K)->2793K(2944K)
[453.476s][info][gc             ] GC(364) Pause Young (Allocation Failure) 2515M->244M(7933M) 99.017ms
[453.476s][info][gc,cpu         ] GC(364) User=0.61s Sys=0.00s Real=0.11s
[454.584s][info][gc,start       ] GC(365) Pause Young (Allocation Failure)
[454.734s][info][gc,heap        ] GC(365) PSYoungGen: 2399776K(2530816K)->202320K(2518016K) Eden: 2252800K(2252800K)->0K(2252800K) From: 146976K(278016K)->202320K(265216K)
[454.734s][info][gc,heap        ] GC(365) ParOldGen: 103629K(5592576K)->120297K(5592576K)
[454.734s][info][gc,metaspace   ] GC(365) Metaspace: 22674K(22976K)->22674K(22976K) NonClass: 19881K(20032K)->19881K(20032K) Class: 2793K(2944K)->2793K(2944K)
[454.734s][info][gc             ] GC(365) Pause Young (Allocation Failure) 2444M->315M(7920M) 150.874ms
[454.735s][info][gc,cpu         ] GC(365) User=0.91s Sys=0.02s Real=0.15s
[456.366s][info][gc,start       ] GC(366) Pause Young (Allocation Failure)
[456.483s][info][gc,heap        ] GC(366) PSYoungGen: 2455120K(2518016K)->172208K(2526720K) Eden: 2252800K(2252800K)->0K(2252800K) From: 202320K(265216K)->172208K(273920K)
[456.483s][info][gc,heap        ] GC(366) ParOldGen: 120297K(5592576K)->125529K(5592576K)
[456.483s][info][gc,metaspace   ] GC(366) Metaspace: 22674K(22976K)->22674K(22976K) NonClass: 19881K(20032K)->19881K(20032K) Class: 2793K(2944K)->2793K(2944K)
[456.483s][info][gc             ] GC(366) Pause Young (Allocation Failure) 2515M->290M(7929M) 116.922ms
[456.483s][info][gc,cpu         ] GC(366) User=0.69s Sys=0.00s Real=0.12s
[458.043s][info][gc,start       ] GC(367) Pause Young (Allocation Failure)
[458.121s][info][gc,heap        ] GC(367) PSYoungGen: 2425008K(2526720K)->106656K(2522112K) Eden: 2252800K(2252800K)->0K(2252800K) From: 172208K(273920K)->106656K(269312K)
[458.121s][info][gc,heap        ] GC(367) ParOldGen: 125529K(5592576K)->125553K(5592576K)
[458.121s][info][gc,metaspace   ] GC(367) Metaspace: 22674K(22976K)->22674K(22976K) NonClass: 19881K(20032K)->19881K(20032K) Class: 2793K(2944K)->2793K(2944K)
[458.121s][info][gc             ] GC(367) Pause Young (Allocation Failure) 2490M->226M(7924M) 78.512ms
[458.121s][info][gc,cpu         ] GC(367) User=0.45s Sys=0.00s Real=0.08s
[459.433s][info][gc,start       ] GC(368) Pause Young (Allocation Failure)
[459.572s][info][gc,heap        ] GC(368) PSYoungGen: 2359456K(2522112K)->181664K(2529280K) Eden: 2252800K(2252800K)->0K(2263552K) From: 106656K(269312K)->181664K(265728K)
[459.572s][info][gc,heap        ] GC(368) ParOldGen: 125553K(5592576K)->125561K(5592576K)
[459.572s][info][gc,metaspace   ] GC(368) Metaspace: 22674K(22976K)->22674K(22976K) NonClass: 19881K(20032K)->19881K(20032K) Class: 2793K(2944K)->2793K(2944K)
[459.573s][info][gc             ] GC(368) Pause Young (Allocation Failure) 2426M->300M(7931M) 139.494ms
[459.573s][info][gc,cpu         ] GC(368) User=0.69s Sys=0.00s Real=0.14s
[460.241s][info][gc,start       ] GC(369) Pause Young (System.gc())
[460.310s][info][gc,heap        ] GC(369) PSYoungGen: 875290K(2529280K)->46576K(2307584K) Eden: 693626K(2263552K)->0K(2260992K) From: 181664K(265728K)->46576K(46592K)
[460.310s][info][gc,heap        ] GC(369) ParOldGen: 125561K(5592576K)->176357K(5592576K)
[460.310s][info][gc,metaspace   ] GC(369) Metaspace: 22674K(22976K)->22674K(22976K) NonClass: 19881K(20032K)->19881K(20032K) Class: 2793K(2944K)->2793K(2944K)
[460.310s][info][gc             ] GC(369) Pause Young (System.gc()) 977M->217M(7715M) 68.752ms
[460.310s][info][gc,cpu         ] GC(369) User=0.36s Sys=0.03s Real=0.07s
[460.310s][info][gc,start       ] GC(370) Pause Full (System.gc())
[460.310s][info][gc,phases,start] GC(370) Marking Phase
[460.351s][info][gc,phases      ] GC(370) Marking Phase 40.653ms
[460.351s][info][gc,phases,start] GC(370) Summary Phase
[460.351s][info][gc,phases      ] GC(370) Summary Phase 0.012ms
[460.351s][info][gc,phases,start] GC(370) Adjust Roots
[460.355s][info][gc,phases      ] GC(370) Adjust Roots 4.002ms
[460.355s][info][gc,phases,start] GC(370) Compaction Phase
[460.455s][info][gc,phases      ] GC(370) Compaction Phase 100.045ms
[460.455s][info][gc,phases,start] GC(370) Post Compact
[460.460s][info][gc,phases      ] GC(370) Post Compact 4.574ms
[460.460s][info][gc,heap        ] GC(370) PSYoungGen: 46576K(2307584K)->0K(2307584K) Eden: 0K(2260992K)->0K(2260992K) From: 46576K(46592K)->0K(46592K)
[460.460s][info][gc,heap        ] GC(370) ParOldGen: 176357K(5592576K)->103528K(5592576K)
[460.460s][info][gc,metaspace   ] GC(370) Metaspace: 22674K(22976K)->22674K(22976K) NonClass: 19881K(20032K)->19881K(20032K) Class: 2793K(2944K)->2793K(2944K)
[460.460s][info][gc             ] GC(370) Pause Full (System.gc()) 217M->101M(7715M) 149.584ms
[460.460s][info][gc,cpu         ] GC(370) User=0.72s Sys=0.03s Real=0.15s
[461.752s][info][gc,start       ] GC(371) Pause Young (Allocation Failure)
[461.886s][info][gc,heap        ] GC(371) PSYoungGen: 2260992K(2307584K)->204944K(2502656K) Eden: 2260992K(2260992K)->0K(2229760K) From: 0K(46592K)->204944K(272896K)
[461.886s][info][gc,heap        ] GC(371) ParOldGen: 103528K(5592576K)->103528K(5592576K)
[461.886s][info][gc,metaspace   ] GC(371) Metaspace: 22689K(22976K)->22689K(22976K) NonClass: 19895K(20032K)->19895K(20032K) Class: 2793K(2944K)->2793K(2944K)
[461.886s][info][gc             ] GC(371) Pause Young (Allocation Failure) 2309M->301M(7905M) 134.122ms
[461.886s][info][gc,cpu         ] GC(371) User=0.84s Sys=0.00s Real=0.13s
[463.376s][info][gc,start       ] GC(372) Pause Young (Allocation Failure)
[463.466s][info][gc,heap        ] GC(372) PSYoungGen: 2434704K(2502656K)->124368K(2512896K) Eden: 2229760K(2229760K)->0K(2229760K) From: 204944K(272896K)->124368K(283136K)
[463.466s][info][gc,heap        ] GC(372) ParOldGen: 103528K(5592576K)->103560K(5592576K)
[463.466s][info][gc,metaspace   ] GC(372) Metaspace: 22689K(22976K)->22689K(22976K) NonClass: 19895K(20032K)->19895K(20032K) Class: 2793K(2944K)->2793K(2944K)
[463.466s][info][gc             ] GC(372) Pause Young (Allocation Failure) 2478M->222M(7915M) 89.605ms
[463.466s][info][gc,cpu         ] GC(372) User=0.55s Sys=0.00s Real=0.09s
[464.526s][info][gc,start       ] GC(373) Pause Young (Allocation Failure)
[464.655s][info][gc,heap        ] GC(373) PSYoungGen: 2354128K(2512896K)->197408K(2509824K) Eden: 2229760K(2229760K)->0K(2235904K) From: 124368K(283136K)->197408K(273920K)
[464.655s][info][gc,heap        ] GC(373) ParOldGen: 103560K(5592576K)->113208K(5592576K)
[464.655s][info][gc,metaspace   ] GC(373) Metaspace: 22689K(22976K)->22689K(22976K) NonClass: 19895K(20032K)->19895K(20032K) Class: 2793K(2944K)->2793K(2944K)
[464.655s][info][gc             ] GC(373) Pause Young (Allocation Failure) 2400M->303M(7912M) 129.079ms
[464.655s][info][gc,cpu         ] GC(373) User=0.75s Sys=0.00s Real=0.14s
[466.182s][info][gc,start       ] GC(374) Pause Young (Allocation Failure)
[466.280s][info][gc,heap        ] GC(374) PSYoungGen: 2433312K(2509824K)->139424K(2515968K) Eden: 2235904K(2235904K)->0K(2235904K) From: 197408K(273920K)->139424K(280064K)
[466.280s][info][gc,heap        ] GC(374) ParOldGen: 113208K(5592576K)->114288K(5592576K)
[466.280s][info][gc,metaspace   ] GC(374) Metaspace: 22689K(22976K)->22689K(22976K) NonClass: 19895K(20032K)->19895K(20032K) Class: 2793K(2944K)->2793K(2944K)
[466.280s][info][gc             ] GC(374) Pause Young (Allocation Failure) 2486M->247M(7918M) 97.957ms
[466.280s][info][gc,cpu         ] GC(374) User=0.56s Sys=0.00s Real=0.11s
[467.347s][info][gc,start       ] GC(375) Pause Young (Allocation Failure)
[467.490s][info][gc,heap        ] GC(375) PSYoungGen: 2375328K(2515968K)->205872K(2509312K) Eden: 2235904K(2235904K)->0K(2240000K) From: 139424K(280064K)->205872K(269312K)
[467.490s][info][gc,heap        ] GC(375) ParOldGen: 114288K(5592576K)->132136K(5592576K)
[467.490s][info][gc,metaspace   ] GC(375) Metaspace: 22689K(22976K)->22689K(22976K) NonClass: 19895K(20032K)->19895K(20032K) Class: 2793K(2944K)->2793K(2944K)
[467.490s][info][gc             ] GC(375) Pause Young (Allocation Failure) 2431M->330M(7912M) 142.783ms
[467.490s][info][gc,cpu         ] GC(375) User=0.84s Sys=0.00s Real=0.14s
[468.988s][info][gc,start       ] GC(376) Pause Young (Allocation Failure)
[469.089s][info][gc,heap        ] GC(376) PSYoungGen: 2445872K(2509312K)->141440K(2518016K) Eden: 2240000K(2240000K)->0K(2240000K) From: 205872K(269312K)->141440K(278016K)
[469.089s][info][gc,heap        ] GC(376) ParOldGen: 132136K(5592576K)->137401K(5592576K)
[469.089s][info][gc,metaspace   ] GC(376) Metaspace: 22689K(22976K)->22689K(22976K) NonClass: 19895K(20032K)->19895K(20032K) Class: 2793K(2944K)->2793K(2944K)
[469.089s][info][gc             ] GC(376) Pause Young (Allocation Failure) 2517M->272M(7920M) 101.403ms
[469.089s][info][gc,cpu         ] GC(376) User=0.66s Sys=0.00s Real=0.10s
[469.806s][info][gc,start       ] GC(377) Pause Young (System.gc())
[469.877s][info][gc,heap        ] GC(377) PSYoungGen: 1236784K(2518016K)->71808K(2522624K) Eden: 1095344K(2240000K)->0K(2254336K) From: 141440K(278016K)->71808K(268288K)
[469.877s][info][gc,heap        ] GC(377) ParOldGen: 137401K(5592576K)->162973K(5592576K)
[469.877s][info][gc,metaspace   ] GC(377) Metaspace: 22689K(22976K)->22689K(22976K) NonClass: 19895K(20032K)->19895K(20032K) Class: 2793K(2944K)->2793K(2944K)
[469.877s][info][gc             ] GC(377) Pause Young (System.gc()) 1341M->229M(7925M) 71.106ms
[469.877s][info][gc,cpu         ] GC(377) User=0.38s Sys=0.00s Real=0.07s
[469.877s][info][gc,start       ] GC(378) Pause Full (System.gc())
[469.877s][info][gc,phases,start] GC(378) Marking Phase
[469.914s][info][gc,phases      ] GC(378) Marking Phase 36.866ms
[469.914s][info][gc,phases,start] GC(378) Summary Phase
[469.914s][info][gc,phases      ] GC(378) Summary Phase 0.012ms
[469.914s][info][gc,phases,start] GC(378) Adjust Roots
[469.918s][info][gc,phases      ] GC(378) Adjust Roots 4.091ms
[469.918s][info][gc,phases,start] GC(378) Compaction Phase
[470.006s][info][gc,phases      ] GC(378) Compaction Phase 87.667ms
[470.006s][info][gc,phases,start] GC(378) Post Compact
[470.008s][info][gc,phases      ] GC(378) Post Compact 2.222ms
[470.008s][info][gc,heap        ] GC(378) PSYoungGen: 71808K(2522624K)->0K(2522624K) Eden: 0K(2254336K)->0K(2254336K) From: 71808K(268288K)->0K(268288K)
[470.008s][info][gc,heap        ] GC(378) ParOldGen: 162973K(5592576K)->103583K(5592576K)
[470.008s][info][gc,metaspace   ] GC(378) Metaspace: 22689K(22976K)->22689K(22976K) NonClass: 19895K(20032K)->19895K(20032K) Class: 2793K(2944K)->2793K(2944K)
[470.008s][info][gc             ] GC(378) Pause Full (System.gc()) 229M->101M(7925M) 131.157ms
[470.008s][info][gc,cpu         ] GC(378) User=0.67s Sys=0.02s Real=0.13s
[471.130s][info][gc,start       ] GC(379) Pause Young (Allocation Failure)
[471.249s][info][gc,heap        ] GC(379) PSYoungGen: 2254336K(2522624K)->178176K(2525184K) Eden: 2254336K(2254336K)->0K(2254336K) From: 0K(268288K)->178176K(270848K)
[471.249s][info][gc,heap        ] GC(379) ParOldGen: 103583K(5592576K)->103583K(5592576K)
[471.249s][info][gc,metaspace   ] GC(379) Metaspace: 22689K(22976K)->22689K(22976K) NonClass: 19895K(20032K)->19895K(20032K) Class: 2793K(2944K)->2793K(2944K)
[471.249s][info][gc             ] GC(379) Pause Young (Allocation Failure) 2302M->275M(7927M) 118.312ms
[471.249s][info][gc,cpu         ] GC(379) User=0.73s Sys=0.02s Real=0.12s
[472.923s][info][gc,start       ] GC(380) Pause Young (Allocation Failure)
[473.004s][info][gc,heap        ] GC(380) PSYoungGen: 2432512K(2525184K)->108832K(2530816K) Eden: 2254336K(2254336K)->0K(2260480K) From: 178176K(270848K)->108832K(270336K)
[473.004s][info][gc,heap        ] GC(380) ParOldGen: 103583K(5592576K)->103599K(5592576K)
[473.004s][info][gc,metaspace   ] GC(380) Metaspace: 22689K(22976K)->22689K(22976K) NonClass: 19895K(20032K)->19895K(20032K) Class: 2793K(2944K)->2793K(2944K)
[473.004s][info][gc             ] GC(380) Pause Young (Allocation Failure) 2476M->207M(7933M) 81.426ms
[473.004s][info][gc,cpu         ] GC(380) User=0.47s Sys=0.00s Real=0.08s
[474.175s][info][gc,start       ] GC(381) Pause Young (Allocation Failure)
[474.304s][info][gc,heap        ] GC(381) PSYoungGen: 2369312K(2530816K)->195680K(2456576K) Eden: 2260480K(2260480K)->0K(2260480K) From: 108832K(270336K)->195680K(196096K)
[474.304s][info][gc,heap        ] GC(381) ParOldGen: 103599K(5592576K)->106715K(5592576K)
[474.304s][info][gc,metaspace   ] GC(381) Metaspace: 22689K(22976K)->22689K(22976K) NonClass: 19895K(20032K)->19895K(20032K) Class: 2793K(2944K)->2793K(2944K)
[474.304s][info][gc             ] GC(381) Pause Young (Allocation Failure) 2414M->295M(7860M) 128.619ms
[474.304s][info][gc,cpu         ] GC(381) User=0.75s Sys=0.02s Real=0.13s
[475.837s][info][gc,start       ] GC(382) Pause Young (Allocation Failure)
[475.930s][info][gc,heap        ] GC(382) PSYoungGen: 2456160K(2456576K)->128880K(2532864K) Eden: 2260480K(2260480K)->0K(2260992K) From: 195680K(196096K)->128880K(271872K)
[475.930s][info][gc,heap        ] GC(382) ParOldGen: 106715K(5592576K)->107652K(5592576K)
[475.930s][info][gc,metaspace   ] GC(382) Metaspace: 22689K(22976K)->22689K(22976K) NonClass: 19895K(20032K)->19895K(20032K) Class: 2793K(2944K)->2793K(2944K)
[475.930s][info][gc             ] GC(382) Pause Young (Allocation Failure) 2502M->230M(7935M) 93.212ms
[475.930s][info][gc,cpu         ] GC(382) User=0.56s Sys=0.00s Real=0.09s
[477.022s][info][gc,start       ] GC(383) Pause Young (Allocation Failure)
[477.157s][info][gc,heap        ] GC(383) PSYoungGen: 2389872K(2532864K)->200704K(2524160K) Eden: 2260992K(2260992K)->0K(2260992K) From: 128880K(271872K)->200704K(263168K)
[477.157s][info][gc,heap        ] GC(383) ParOldGen: 107652K(5592576K)->118164K(5592576K)
[477.157s][info][gc,metaspace   ] GC(383) Metaspace: 22689K(22976K)->22689K(22976K) NonClass: 19895K(20032K)->19895K(20032K) Class: 2793K(2944K)->2793K(2944K)
[477.157s][info][gc             ] GC(383) Pause Young (Allocation Failure) 2438M->311M(7926M) 135.008ms
[477.157s][info][gc,cpu         ] GC(383) User=0.83s Sys=0.00s Real=0.13s
[478.694s][info][gc,start       ] GC(384) Pause Young (Allocation Failure)
[478.790s][info][gc,heap        ] GC(384) PSYoungGen: 2461696K(2524160K)->130064K(2532864K) Eden: 2260992K(2260992K)->0K(2261504K) From: 200704K(263168K)->130064K(271360K)
[478.790s][info][gc,heap        ] GC(384) ParOldGen: 118164K(5592576K)->120540K(5592576K)
[478.790s][info][gc,metaspace   ] GC(384) Metaspace: 22689K(22976K)->22689K(22976K) NonClass: 19895K(20032K)->19895K(20032K) Class: 2793K(2944K)->2793K(2944K)
[478.790s][info][gc             ] GC(384) Pause Young (Allocation Failure) 2519M->244M(7935M) 96.487ms
[478.790s][info][gc,cpu         ] GC(384) User=0.66s Sys=0.00s Real=0.10s
[479.614s][info][gc,start       ] GC(385) Pause Young (System.gc())
[479.686s][info][gc,heap        ] GC(385) PSYoungGen: 1361619K(2532864K)->79888K(2524672K) Eden: 1231555K(2261504K)->0K(2261504K) From: 130064K(271360K)->79888K(263168K)
[479.686s][info][gc,heap        ] GC(385) ParOldGen: 120540K(5592576K)->137972K(5592576K)
[479.686s][info][gc,metaspace   ] GC(385) Metaspace: 22689K(22976K)->22689K(22976K) NonClass: 19895K(20032K)->19895K(20032K) Class: 2793K(2944K)->2793K(2944K)
[479.686s][info][gc             ] GC(385) Pause Young (System.gc()) 1447M->212M(7927M) 71.903ms
[479.686s][info][gc,cpu         ] GC(385) User=0.44s Sys=0.02s Real=0.08s
[479.686s][info][gc,start       ] GC(386) Pause Full (System.gc())
[479.686s][info][gc,phases,start] GC(386) Marking Phase
[479.724s][info][gc,phases      ] GC(386) Marking Phase 38.479ms
[479.724s][info][gc,phases,start] GC(386) Summary Phase
[479.724s][info][gc,phases      ] GC(386) Summary Phase 0.012ms
[479.724s][info][gc,phases,start] GC(386) Adjust Roots
[479.728s][info][gc,phases      ] GC(386) Adjust Roots 4.069ms
[479.728s][info][gc,phases,start] GC(386) Compaction Phase
[479.819s][info][gc,phases      ] GC(386) Compaction Phase 90.755ms
[479.819s][info][gc,phases,start] GC(386) Post Compact
[479.820s][info][gc,phases      ] GC(386) Post Compact 1.112ms
[479.820s][info][gc,heap        ] GC(386) PSYoungGen: 79888K(2524672K)->0K(2524672K) Eden: 0K(2261504K)->0K(2261504K) From: 79888K(263168K)->0K(263168K)
[479.820s][info][gc,heap        ] GC(386) ParOldGen: 137972K(5592576K)->103588K(5592576K)
[479.820s][info][gc,metaspace   ] GC(386) Metaspace: 22689K(22976K)->22689K(22976K) NonClass: 19895K(20032K)->19895K(20032K) Class: 2793K(2944K)->2793K(2944K)
[479.820s][info][gc             ] GC(386) Pause Full (System.gc()) 212M->101M(7927M) 134.708ms
[479.820s][info][gc,cpu         ] GC(386) User=0.64s Sys=0.03s Real=0.13s
[480.970s][info][gc,start       ] GC(387) Pause Young (Allocation Failure)
[481.097s][info][gc,heap        ] GC(387) PSYoungGen: 2261504K(2524672K)->186528K(2524672K) Eden: 2261504K(2261504K)->0K(2260480K) From: 0K(263168K)->186528K(264192K)
[481.097s][info][gc,heap        ] GC(387) ParOldGen: 103588K(5592576K)->103588K(5592576K)
[481.097s][info][gc,metaspace   ] GC(387) Metaspace: 22689K(22976K)->22689K(22976K) NonClass: 19895K(20032K)->19895K(20032K) Class: 2793K(2944K)->2793K(2944K)
[481.097s][info][gc             ] GC(387) Pause Young (Allocation Failure) 2309M->283M(7927M) 126.511ms
[481.097s][info][gc,cpu         ] GC(387) User=0.75s Sys=0.00s Real=0.13s
[482.620s][info][gc,start       ] GC(388) Pause Young (Allocation Failure)
[482.695s][info][gc,heap        ] GC(388) PSYoungGen: 2447008K(2524672K)->101072K(2528256K) Eden: 2260480K(2260480K)->0K(2260480K) From: 186528K(264192K)->101072K(267776K)
[482.696s][info][gc,heap        ] GC(388) ParOldGen: 103588K(5592576K)->103628K(5592576K)
[482.696s][info][gc,metaspace   ] GC(388) Metaspace: 22689K(22976K)->22689K(22976K) NonClass: 19895K(20032K)->19895K(20032K) Class: 2793K(2944K)->2793K(2944K)
[482.696s][info][gc             ] GC(388) Pause Young (Allocation Failure) 2490M->199M(7930M) 75.839ms
[482.696s][info][gc,cpu         ] GC(388) User=0.45s Sys=0.02s Real=0.08s
[483.872s][info][gc,start       ] GC(389) Pause Young (Allocation Failure)
[483.998s][info][gc,heap        ] GC(389) PSYoungGen: 2361552K(2528256K)->190288K(2521600K) Eden: 2260480K(2260480K)->0K(2257408K) From: 101072K(267776K)->190288K(264192K)
[483.998s][info][gc,heap        ] GC(389) ParOldGen: 103628K(5592576K)->104652K(5592576K)
[483.998s][info][gc,metaspace   ] GC(389) Metaspace: 22689K(22976K)->22689K(22976K) NonClass: 19895K(20032K)->19895K(20032K) Class: 2793K(2944K)->2793K(2944K)
[483.998s][info][gc             ] GC(389) Pause Young (Allocation Failure) 2407M->288M(7924M) 126.018ms
[483.998s][info][gc,cpu         ] GC(389) User=0.75s Sys=0.00s Real=0.13s
[485.691s][info][gc,start       ] GC(390) Pause Young (Allocation Failure)
[485.787s][info][gc,heap        ] GC(390) PSYoungGen: 2447696K(2521600K)->137632K(2526720K) Eden: 2257408K(2257408K)->0K(2257408K) From: 190288K(264192K)->137632K(269312K)
[485.787s][info][gc,heap        ] GC(390) ParOldGen: 104652K(5592576K)->105041K(5592576K)
[485.787s][info][gc,metaspace   ] GC(390) Metaspace: 22689K(22976K)->22689K(22976K) NonClass: 19895K(20032K)->19895K(20032K) Class: 2793K(2944K)->2793K(2944K)
[485.787s][info][gc             ] GC(390) Pause Young (Allocation Failure) 2492M->236M(7929M) 95.726ms
[485.787s][info][gc,cpu         ] GC(390) User=0.53s Sys=0.00s Real=0.10s
[486.863s][info][gc,start       ] GC(391) Pause Young (Allocation Failure)
[487.003s][info][gc,heap        ] GC(391) PSYoungGen: 2395040K(2526720K)->207584K(2514432K) Eden: 2257408K(2257408K)->0K(2255360K) From: 137632K(269312K)->207584K(259072K)
[487.003s][info][gc,heap        ] GC(391) ParOldGen: 105041K(5592576K)->118925K(5592576K)
[487.003s][info][gc,metaspace   ] GC(391) Metaspace: 22689K(22976K)->22689K(22976K) NonClass: 19895K(20032K)->19895K(20032K) Class: 2793K(2944K)->2793K(2944K)
[487.003s][info][gc             ] GC(391) Pause Young (Allocation Failure) 2441M->318M(7917M) 140.147ms
[487.003s][info][gc,cpu         ] GC(391) User=0.84s Sys=0.00s Real=0.14s
[488.455s][info][gc,start       ] GC(392) Pause Young (Allocation Failure)
[488.557s][info][gc,heap        ] GC(392) PSYoungGen: 2462944K(2514432K)->143328K(2525696K) Eden: 2255360K(2255360K)->0K(2255360K) From: 207584K(259072K)->143328K(270336K)
[488.557s][info][gc,heap        ] GC(392) ParOldGen: 118925K(5592576K)->121957K(5592576K)
[488.557s][info][gc,metaspace   ] GC(392) Metaspace: 22689K(22976K)->22689K(22976K) NonClass: 19895K(20032K)->19895K(20032K) Class: 2793K(2944K)->2793K(2944K)
[488.557s][info][gc             ] GC(392) Pause Young (Allocation Failure) 2521M->259M(7928M) 102.614ms
[488.557s][info][gc,cpu         ] GC(392) User=0.66s Sys=0.00s Real=0.10s
[489.332s][info][gc,start       ] GC(393) Pause Young (System.gc())
[489.400s][info][gc,heap        ] GC(393) PSYoungGen: 1254136K(2525696K)->72704K(2529792K) Eden: 1110808K(2255360K)->0K(2269696K) From: 143328K(270336K)->72704K(260096K)
[489.400s][info][gc,heap        ] GC(393) ParOldGen: 121957K(5592576K)->146661K(5592576K)
[489.400s][info][gc,metaspace   ] GC(393) Metaspace: 22689K(22976K)->22689K(22976K) NonClass: 19895K(20032K)->19895K(20032K) Class: 2793K(2944K)->2793K(2944K)
[489.400s][info][gc             ] GC(393) Pause Young (System.gc()) 1343M->214M(7932M) 68.646ms
[489.400s][info][gc,cpu         ] GC(393) User=0.47s Sys=0.00s Real=0.07s
[489.400s][info][gc,start       ] GC(394) Pause Full (System.gc())
[489.400s][info][gc,phases,start] GC(394) Marking Phase
[489.437s][info][gc,phases      ] GC(394) Marking Phase 36.958ms
[489.437s][info][gc,phases,start] GC(394) Summary Phase
[489.437s][info][gc,phases      ] GC(394) Summary Phase 0.011ms
[489.437s][info][gc,phases,start] GC(394) Adjust Roots
[489.441s][info][gc,phases      ] GC(394) Adjust Roots 4.097ms
[489.441s][info][gc,phases,start] GC(394) Compaction Phase
[489.525s][info][gc,phases      ] GC(394) Compaction Phase 83.603ms
[489.525s][info][gc,phases,start] GC(394) Post Compact
[489.526s][info][gc,phases      ] GC(394) Post Compact 1.118ms
[489.526s][info][gc,heap        ] GC(394) PSYoungGen: 72704K(2529792K)->0K(2529792K) Eden: 0K(2269696K)->0K(2269696K) From: 72704K(260096K)->0K(260096K)
[489.526s][info][gc,heap        ] GC(394) ParOldGen: 146661K(5592576K)->103636K(5592576K)
[489.526s][info][gc,metaspace   ] GC(394) Metaspace: 22689K(22976K)->22689K(22976K) NonClass: 19895K(20032K)->19895K(20032K) Class: 2793K(2944K)->2793K(2944K)
[489.526s][info][gc             ] GC(394) Pause Full (System.gc()) 214M->101M(7932M) 126.073ms
[489.526s][info][gc,cpu         ] GC(394) User=0.75s Sys=0.00s Real=0.12s
[490.887s][info][gc,start       ] GC(395) Pause Young (Allocation Failure)
[491.022s][info][gc,heap        ] GC(395) PSYoungGen: 2269696K(2529792K)->207520K(2477568K) Eden: 2269696K(2269696K)->0K(2269696K) From: 0K(260096K)->207520K(207872K)
[491.022s][info][gc,heap        ] GC(395) ParOldGen: 103636K(5592576K)->103636K(5592576K)
[491.022s][info][gc,metaspace   ] GC(395) Metaspace: 22689K(22976K)->22689K(22976K) NonClass: 19895K(20032K)->19895K(20032K) Class: 2793K(2944K)->2793K(2944K)
[491.022s][info][gc             ] GC(395) Pause Young (Allocation Failure) 2317M->303M(7881M) 134.616ms
[491.022s][info][gc,cpu         ] GC(395) User=0.75s Sys=0.00s Real=0.13s
[492.559s][info][gc,start       ] GC(396) Pause Young (Allocation Failure)
[492.656s][info][gc,heap        ] GC(396) PSYoungGen: 2477216K(2477568K)->141584K(2532352K) Eden: 2269696K(2269696K)->0K(2257920K) From: 207520K(207872K)->141584K(274432K)
[492.656s][info][gc,heap        ] GC(396) ParOldGen: 103636K(5592576K)->103676K(5592576K)
[492.656s][info][gc,metaspace   ] GC(396) Metaspace: 22689K(22976K)->22689K(22976K) NonClass: 19895K(20032K)->19895K(20032K) Class: 2793K(2944K)->2793K(2944K)
[492.656s][info][gc             ] GC(396) Pause Young (Allocation Failure) 2520M->239M(7934M) 97.665ms
[492.656s][info][gc,cpu         ] GC(396) User=0.56s Sys=0.00s Real=0.11s
[494.226s][info][gc,start       ] GC(397) Pause Young (Allocation Failure)
[494.315s][info][gc,heap        ] GC(397) PSYoungGen: 2399504K(2532352K)->127584K(2521600K) Eden: 2257920K(2257920K)->0K(2257920K) From: 141584K(274432K)->127584K(263680K)
[494.315s][info][gc,heap        ] GC(397) ParOldGen: 103676K(5592576K)->104424K(5592576K)
[494.315s][info][gc,metaspace   ] GC(397) Metaspace: 22689K(22976K)->22689K(22976K) NonClass: 19895K(20032K)->19895K(20032K) Class: 2793K(2944K)->2793K(2944K)
[494.315s][info][gc             ] GC(397) Pause Young (Allocation Failure) 2444M->226M(7924M) 89.094ms
[494.315s][info][gc,cpu         ] GC(397) User=0.47s Sys=0.00s Real=0.09s
[495.709s][info][gc,start       ] GC(398) Pause Young (Allocation Failure)
[495.816s][info][gc,heap        ] GC(398) PSYoungGen: 2385504K(2521600K)->160416K(2546176K) Eden: 2257920K(2257920K)->0K(2290176K) From: 127584K(263680K)->160416K(256000K)
[495.816s][info][gc,heap        ] GC(398) ParOldGen: 104424K(5592576K)->104820K(5592576K)
[495.816s][info][gc,metaspace   ] GC(398) Metaspace: 22689K(22976K)->22689K(22976K) NonClass: 19895K(20032K)->19895K(20032K) Class: 2793K(2944K)->2793K(2944K)
[495.817s][info][gc             ] GC(398) Pause Young (Allocation Failure) 2431M->259M(7948M) 107.013ms
[495.817s][info][gc,cpu         ] GC(398) User=0.62s Sys=0.00s Real=0.11s
[497.326s][info][gc,start       ] GC(399) Pause Young (Allocation Failure)
[497.402s][info][gc,heap        ] GC(399) PSYoungGen: 2450592K(2546176K)->97024K(2540032K) Eden: 2290176K(2290176K)->0K(2290176K) From: 160416K(256000K)->97024K(249856K)
[497.402s][info][gc,heap        ] GC(399) ParOldGen: 104820K(5592576K)->104852K(5592576K)
[497.402s][info][gc,metaspace   ] GC(399) Metaspace: 22689K(22976K)->22689K(22976K) NonClass: 19895K(20032K)->19895K(20032K) Class: 2793K(2944K)->2793K(2944K)
[497.402s][info][gc             ] GC(399) Pause Young (Allocation Failure) 2495M->197M(7942M) 75.551ms
[497.402s][info][gc,cpu         ] GC(399) User=0.45s Sys=0.00s Real=0.07s
[498.537s][info][gc,start       ] GC(400) Pause Young (Allocation Failure)
[498.660s][info][gc,heap        ] GC(400) PSYoungGen: 2387200K(2540032K)->185952K(2536960K) Eden: 2290176K(2290176K)->0K(2288128K) From: 97024K(249856K)->185952K(248832K)
[498.660s][info][gc,heap        ] GC(400) ParOldGen: 104852K(5592576K)->104960K(5592576K)
[498.660s][info][gc,metaspace   ] GC(400) Metaspace: 22689K(22976K)->22689K(22976K) NonClass: 19895K(20032K)->19895K(20032K) Class: 2793K(2944K)->2793K(2944K)
[498.660s][info][gc             ] GC(400) Pause Young (Allocation Failure) 2433M->284M(7939M) 123.392ms
[498.660s][info][gc,cpu         ] GC(400) User=0.72s Sys=0.00s Real=0.12s
[499.266s][info][gc,start       ] GC(401) Pause Young (System.gc())
[499.334s][info][gc,heap        ] GC(401) PSYoungGen: 896247K(2536960K)->47520K(2335744K) Eden: 710295K(2288128K)->0K(2288128K) From: 185952K(248832K)->47520K(47616K)
[499.334s][info][gc,heap        ] GC(401) ParOldGen: 104960K(5592576K)->154948K(5592576K)
[499.334s][info][gc,metaspace   ] GC(401) Metaspace: 22689K(22976K)->22689K(22976K) NonClass: 19895K(20032K)->19895K(20032K) Class: 2793K(2944K)->2793K(2944K)
[499.334s][info][gc             ] GC(401) Pause Young (System.gc()) 977M->197M(7742M) 67.856ms
[499.334s][info][gc,cpu         ] GC(401) User=0.33s Sys=0.00s Real=0.08s
[499.334s][info][gc,start       ] GC(402) Pause Full (System.gc())
[499.334s][info][gc,phases,start] GC(402) Marking Phase
[499.372s][info][gc,phases      ] GC(402) Marking Phase 37.710ms
[499.372s][info][gc,phases,start] GC(402) Summary Phase
[499.372s][info][gc,phases      ] GC(402) Summary Phase 0.011ms
[499.372s][info][gc,phases,start] GC(402) Adjust Roots
[499.376s][info][gc,phases      ] GC(402) Adjust Roots 4.092ms
[499.376s][info][gc,phases,start] GC(402) Compaction Phase
[499.463s][info][gc,phases      ] GC(402) Compaction Phase 86.856ms
[499.463s][info][gc,phases,start] GC(402) Post Compact
[499.464s][info][gc,phases      ] GC(402) Post Compact 1.036ms
[499.464s][info][gc,heap        ] GC(402) PSYoungGen: 47520K(2335744K)->0K(2335744K) Eden: 0K(2288128K)->0K(2288128K) From: 47520K(47616K)->0K(47616K)
[499.464s][info][gc,heap        ] GC(402) ParOldGen: 154948K(5592576K)->103458K(5592576K)
[499.464s][info][gc,metaspace   ] GC(402) Metaspace: 22689K(22976K)->22689K(22976K) NonClass: 19895K(20032K)->19895K(20032K) Class: 2793K(2944K)->2793K(2944K)
[499.464s][info][gc             ] GC(402) Pause Full (System.gc()) 197M->101M(7742M) 129.991ms
[499.464s][info][gc,cpu         ] GC(402) User=0.73s Sys=0.02s Real=0.13s
[500.656s][info][gc,start       ] GC(403) Pause Young (Allocation Failure)
[500.778s][info][gc,heap        ] GC(403) PSYoungGen: 2288128K(2335744K)->186912K(2523648K) Eden: 2288128K(2288128K)->0K(2263552K) From: 0K(47616K)->186912K(260096K)
[500.778s][info][gc,heap        ] GC(403) ParOldGen: 103458K(5592576K)->103458K(5592576K)
[500.778s][info][gc,metaspace   ] GC(403) Metaspace: 22691K(22976K)->22691K(22976K) NonClass: 19898K(20032K)->19898K(20032K) Class: 2793K(2944K)->2793K(2944K)
[500.778s][info][gc             ] GC(403) Pause Young (Allocation Failure) 2335M->283M(7926M) 122.189ms
[500.778s][info][gc,cpu         ] GC(403) User=0.72s Sys=0.00s Real=0.13s
[502.467s][info][gc,start       ] GC(404) Pause Young (Allocation Failure)
[502.556s][info][gc,heap        ] GC(404) PSYoungGen: 2450464K(2523648K)->122464K(2529792K) Eden: 2263552K(2263552K)->0K(2263552K) From: 186912K(260096K)->122464K(266240K)
[502.556s][info][gc,heap        ] GC(404) ParOldGen: 103458K(5592576K)->103490K(5592576K)
[502.556s][info][gc,metaspace   ] GC(404) Metaspace: 22691K(22976K)->22691K(22976K) NonClass: 19898K(20032K)->19898K(20032K) Class: 2793K(2944K)->2793K(2944K)
[502.556s][info][gc             ] GC(404) Pause Young (Allocation Failure) 2494M->220M(7932M) 88.903ms
[502.556s][info][gc,cpu         ] GC(404) User=0.55s Sys=0.00s Real=0.09s
[503.754s][info][gc,start       ] GC(405) Pause Young (Allocation Failure)
[503.890s][info][gc,heap        ] GC(405) PSYoungGen: 2386016K(2529792K)->202688K(2515968K) Eden: 2263552K(2263552K)->0K(2258432K) From: 122464K(266240K)->202688K(257536K)
[503.890s][info][gc,heap        ] GC(405) ParOldGen: 103490K(5592576K)->110310K(5592576K)
[503.890s][info][gc,metaspace   ] GC(405) Metaspace: 22691K(22976K)->22691K(22976K) NonClass: 19898K(20032K)->19898K(20032K) Class: 2793K(2944K)->2793K(2944K)
[503.890s][info][gc             ] GC(405) Pause Young (Allocation Failure) 2431M->305M(7918M) 135.490ms
[503.890s][info][gc,cpu         ] GC(405) User=0.84s Sys=0.00s Real=0.15s
[505.536s][info][gc,start       ] GC(406) Pause Young (Allocation Failure)
[505.648s][info][gc,heap        ] GC(406) PSYoungGen: 2461120K(2515968K)->155376K(2527232K) Eden: 2258432K(2258432K)->0K(2258432K) From: 202688K(257536K)->155376K(268800K)
[505.648s][info][gc,heap        ] GC(406) ParOldGen: 110310K(5592576K)->112366K(5592576K)
[505.648s][info][gc,metaspace   ] GC(406) Metaspace: 22691K(22976K)->22691K(22976K) NonClass: 19898K(20032K)->19898K(20032K) Class: 2793K(2944K)->2793K(2944K)
[505.648s][info][gc             ] GC(406) Pause Young (Allocation Failure) 2511M->261M(7929M) 112.099ms
[505.648s][info][gc,cpu         ] GC(406) User=0.75s Sys=0.00s Real=0.11s
[506.753s][info][gc,start       ] GC(407) Pause Young (Allocation Failure)
[506.904s][info][gc,heap        ] GC(407) PSYoungGen: 2413808K(2527232K)->196800K(2522112K) Eden: 2258432K(2258432K)->0K(2262528K) From: 155376K(268800K)->196800K(259584K)
[506.904s][info][gc,heap        ] GC(407) ParOldGen: 112366K(5592576K)->128974K(5592576K)
[506.904s][info][gc,metaspace   ] GC(407) Metaspace: 22691K(22976K)->22691K(22976K) NonClass: 19898K(20032K)->19898K(20032K) Class: 2793K(2944K)->2793K(2944K)
[506.904s][info][gc             ] GC(407) Pause Young (Allocation Failure) 2466M->318M(7924M) 150.967ms
[506.904s][info][gc,cpu         ] GC(407) User=0.94s Sys=0.00s Real=0.15s
[508.419s][info][gc,start       ] GC(408) Pause Young (Allocation Failure)
[508.516s][info][gc,heap        ] GC(408) PSYoungGen: 2459328K(2522112K)->138272K(2529280K) Eden: 2262528K(2262528K)->0K(2262528K) From: 196800K(259584K)->138272K(266752K)
[508.516s][info][gc,heap        ] GC(408) ParOldGen: 128974K(5592576K)->133639K(5592576K)
[508.516s][info][gc,metaspace   ] GC(408) Metaspace: 22691K(22976K)->22691K(22976K) NonClass: 19898K(20032K)->19898K(20032K) Class: 2793K(2944K)->2793K(2944K)
[508.516s][info][gc             ] GC(408) Pause Young (Allocation Failure) 2527M->265M(7931M) 96.300ms
[508.516s][info][gc,cpu         ] GC(408) User=0.56s Sys=0.00s Real=0.09s
[509.186s][info][gc,start       ] GC(409) Pause Young (System.gc())
[509.253s][info][gc,heap        ] GC(409) PSYoungGen: 1096013K(2529280K)->65312K(2530304K) Eden: 957741K(2262528K)->0K(2272768K) From: 138272K(266752K)->65312K(257536K)
[509.253s][info][gc,heap        ] GC(409) ParOldGen: 133639K(5592576K)->165759K(5592576K)
[509.253s][info][gc,metaspace   ] GC(409) Metaspace: 22691K(22976K)->22691K(22976K) NonClass: 19898K(20032K)->19898K(20032K) Class: 2793K(2944K)->2793K(2944K)
[509.253s][info][gc             ] GC(409) Pause Young (System.gc()) 1200M->225M(7932M) 67.285ms
[509.253s][info][gc,cpu         ] GC(409) User=0.36s Sys=0.00s Real=0.07s
[509.253s][info][gc,start       ] GC(410) Pause Full (System.gc())
[509.253s][info][gc,phases,start] GC(410) Marking Phase
[509.292s][info][gc,phases      ] GC(410) Marking Phase 39.247ms
[509.292s][info][gc,phases,start] GC(410) Summary Phase
[509.292s][info][gc,phases      ] GC(410) Summary Phase 0.012ms
[509.292s][info][gc,phases,start] GC(410) Adjust Roots
[509.297s][info][gc,phases      ] GC(410) Adjust Roots 4.133ms
[509.297s][info][gc,phases,start] GC(410) Compaction Phase
[509.387s][info][gc,phases      ] GC(410) Compaction Phase 89.924ms
[509.387s][info][gc,phases,start] GC(410) Post Compact
[509.388s][info][gc,phases      ] GC(410) Post Compact 1.149ms
[509.388s][info][gc,heap        ] GC(410) PSYoungGen: 65312K(2530304K)->0K(2530304K) Eden: 0K(2272768K)->0K(2272768K) From: 65312K(257536K)->0K(257536K)
[509.388s][info][gc,heap        ] GC(410) ParOldGen: 165759K(5592576K)->103596K(5592576K)
[509.388s][info][gc,metaspace   ] GC(410) Metaspace: 22691K(22976K)->22691K(22976K) NonClass: 19898K(20032K)->19898K(20032K) Class: 2793K(2944K)->2793K(2944K)
[509.388s][info][gc             ] GC(410) Pause Full (System.gc()) 225M->101M(7932M) 134.762ms
[509.388s][info][gc,cpu         ] GC(410) User=0.75s Sys=0.02s Real=0.13s
[510.620s][info][gc,start       ] GC(411) Pause Young (Allocation Failure)
[510.746s][info][gc,heap        ] GC(411) PSYoungGen: 2272768K(2530304K)->191744K(2464768K) Eden: 2272768K(2272768K)->0K(2272768K) From: 0K(257536K)->191744K(192000K)
[510.746s][info][gc,heap        ] GC(411) ParOldGen: 103596K(5592576K)->103604K(5592576K)
[510.746s][info][gc,metaspace   ] GC(411) Metaspace: 22883K(23168K)->22883K(23168K) NonClass: 20089K(20224K)->20089K(20224K) Class: 2793K(2944K)->2793K(2944K)
[510.746s][info][gc             ] GC(411) Pause Young (Allocation Failure) 2320M->288M(7868M) 125.829ms
[510.746s][info][gc,cpu         ] GC(411) User=0.69s Sys=0.00s Real=0.13s
[512.265s][info][gc,start       ] GC(412) Pause Young (Allocation Failure)
[512.354s][info][gc,heap        ] GC(412) PSYoungGen: 2464512K(2464768K)->123056K(2535936K) Eden: 2272768K(2272768K)->0K(2268160K) From: 191744K(192000K)->123056K(267776K)
[512.354s][info][gc,heap        ] GC(412) ParOldGen: 103604K(5592576K)->103636K(5592576K)
[512.354s][info][gc,metaspace   ] GC(412) Metaspace: 22964K(23296K)->22964K(23296K) NonClass: 20170K(20352K)->20170K(20352K) Class: 2793K(2944K)->2793K(2944K)
[512.354s][info][gc             ] GC(412) Pause Young (Allocation Failure) 2507M->221M(7938M) 88.420ms
[512.354s][info][gc,cpu         ] GC(412) User=0.55s Sys=0.00s Real=0.09s
[513.439s][info][gc,start       ] GC(413) Pause Young (Allocation Failure)
[513.575s][info][gc,heap        ] GC(413) PSYoungGen: 2391216K(2535936K)->196224K(2528256K) Eden: 2268160K(2268160K)->0K(2268160K) From: 123056K(267776K)->196224K(260096K)
[513.575s][info][gc,heap        ] GC(413) ParOldGen: 103636K(5592576K)->112292K(5592576K)
[513.575s][info][gc,metaspace   ] GC(413) Metaspace: 22964K(23296K)->22964K(23296K) NonClass: 20170K(20352K)->20170K(20352K) Class: 2793K(2944K)->2793K(2944K)
[513.575s][info][gc             ] GC(413) Pause Young (Allocation Failure) 2436M->301M(7930M) 135.657ms
[513.575s][info][gc,cpu         ] GC(413) User=0.84s Sys=0.00s Real=0.14s
[515.076s][info][gc,start       ] GC(414) Pause Young (Allocation Failure)
[515.165s][info][gc,heap        ] GC(414) PSYoungGen: 2464384K(2528256K)->123168K(2535424K) Eden: 2268160K(2268160K)->0K(2267648K) From: 196224K(260096K)->123168K(267776K)
[515.165s][info][gc,heap        ] GC(414) ParOldGen: 112292K(5592576K)->114636K(5592576K)
[515.165s][info][gc,metaspace   ] GC(414) Metaspace: 22964K(23296K)->22964K(23296K) NonClass: 20170K(20352K)->20170K(20352K) Class: 2793K(2944K)->2793K(2944K)
[515.165s][info][gc             ] GC(414) Pause Young (Allocation Failure) 2516M->232M(7937M) 89.403ms
[515.165s][info][gc,cpu         ] GC(414) User=0.55s Sys=0.00s Real=0.10s
[516.251s][info][gc,start       ] GC(415) Pause Young (Allocation Failure)
[516.383s][info][gc,heap        ] GC(415) PSYoungGen: 2390816K(2535424K)->197520K(2528256K) Eden: 2267648K(2267648K)->0K(2267648K) From: 123168K(267776K)->197520K(260608K)
[516.383s][info][gc,heap        ] GC(415) ParOldGen: 114636K(5592576K)->124244K(5592576K)
[516.383s][info][gc,metaspace   ] GC(415) Metaspace: 22964K(23296K)->22964K(23296K) NonClass: 20170K(20352K)->20170K(20352K) Class: 2793K(2944K)->2793K(2944K)
[516.383s][info][gc             ] GC(415) Pause Young (Allocation Failure) 2446M->314M(7930M) 132.119ms
[516.383s][info][gc,cpu         ] GC(415) User=0.84s Sys=0.00s Real=0.13s
[518.050s][info][gc,start       ] GC(416) Pause Young (Allocation Failure)
[518.151s][info][gc,heap        ] GC(416) PSYoungGen: 2465168K(2528256K)->144896K(2538496K) Eden: 2267648K(2267648K)->0K(2270720K) From: 197520K(260608K)->144896K(267776K)
[518.151s][info][gc,heap        ] GC(416) ParOldGen: 124244K(5592576K)->127204K(5592576K)
[518.151s][info][gc,metaspace   ] GC(416) Metaspace: 22964K(23296K)->22964K(23296K) NonClass: 20170K(20352K)->20170K(20352K) Class: 2793K(2944K)->2793K(2944K)
[518.151s][info][gc             ] GC(416) Pause Young (Allocation Failure) 2528M->265M(7940M) 101.336ms
[518.151s][info][gc,cpu         ] GC(416) User=0.64s Sys=0.00s Real=0.10s
[518.892s][info][gc,start       ] GC(417) Pause Young (System.gc())
[518.963s][info][gc,heap        ] GC(417) PSYoungGen: 1227608K(2538496K)->71104K(2528256K) Eden: 1082711K(2270720K)->0K(2270720K) From: 144896K(267776K)->71104K(257536K)
[518.963s][info][gc,heap        ] GC(417) ParOldGen: 127204K(5592576K)->153524K(5592576K)
[518.963s][info][gc,metaspace   ] GC(417) Metaspace: 22964K(23296K)->22964K(23296K) NonClass: 20170K(20352K)->20170K(20352K) Class: 2793K(2944K)->2793K(2944K)
[518.963s][info][gc             ] GC(417) Pause Young (System.gc()) 1323M->219M(7930M) 71.674ms
[518.963s][info][gc,cpu         ] GC(417) User=0.47s Sys=0.00s Real=0.09s
[518.964s][info][gc,start       ] GC(418) Pause Full (System.gc())
[518.964s][info][gc,phases,start] GC(418) Marking Phase
[519.001s][info][gc,phases      ] GC(418) Marking Phase 37.311ms
[519.001s][info][gc,phases,start] GC(418) Summary Phase
[519.001s][info][gc,phases      ] GC(418) Summary Phase 0.011ms
[519.001s][info][gc,phases,start] GC(418) Adjust Roots
[519.005s][info][gc,phases      ] GC(418) Adjust Roots 4.165ms
[519.005s][info][gc,phases,start] GC(418) Compaction Phase
[519.093s][info][gc,phases      ] GC(418) Compaction Phase 87.807ms
[519.093s][info][gc,phases,start] GC(418) Post Compact
[519.094s][info][gc,phases      ] GC(418) Post Compact 1.222ms
[519.094s][info][gc,heap        ] GC(418) PSYoungGen: 71104K(2528256K)->0K(2528256K) Eden: 0K(2270720K)->0K(2270720K) From: 71104K(257536K)->0K(257536K)
[519.094s][info][gc,heap        ] GC(418) ParOldGen: 153524K(5592576K)->103607K(5592576K)
[519.094s][info][gc,metaspace   ] GC(418) Metaspace: 22964K(23296K)->22964K(23296K) NonClass: 20170K(20352K)->20170K(20352K) Class: 2793K(2944K)->2793K(2944K)
[519.094s][info][gc             ] GC(418) Pause Full (System.gc()) 219M->101M(7930M) 130.850ms
[519.094s][info][gc,cpu         ] GC(418) User=0.69s Sys=0.00s Real=0.13s
[520.293s][info][gc,start       ] GC(419) Pause Young (Allocation Failure)
[520.415s][info][gc,heap        ] GC(419) PSYoungGen: 2270720K(2528256K)->186432K(2527232K) Eden: 2270720K(2270720K)->0K(2266624K) From: 0K(257536K)->186432K(260608K)
[520.415s][info][gc,heap        ] GC(419) ParOldGen: 103607K(5592576K)->103607K(5592576K)
[520.415s][info][gc,metaspace   ] GC(419) Metaspace: 22968K(23296K)->22968K(23296K) NonClass: 20175K(20352K)->20175K(20352K) Class: 2793K(2944K)->2793K(2944K)
[520.415s][info][gc             ] GC(419) Pause Young (Allocation Failure) 2318M->283M(7929M) 122.067ms
[520.415s][info][gc,cpu         ] GC(419) User=0.70s Sys=0.02s Real=0.13s
[522.091s][info][gc,start       ] GC(420) Pause Young (Allocation Failure)
[522.182s][info][gc,heap        ] GC(420) PSYoungGen: 2453056K(2527232K)->128768K(2531328K) Eden: 2266624K(2266624K)->0K(2266624K) From: 186432K(260608K)->128768K(264704K)
[522.182s][info][gc,heap        ] GC(420) ParOldGen: 103607K(5592576K)->103631K(5592576K)
[522.182s][info][gc,metaspace   ] GC(420) Metaspace: 22968K(23296K)->22968K(23296K) NonClass: 20175K(20352K)->20175K(20352K) Class: 2793K(2944K)->2793K(2944K)
[522.182s][info][gc             ] GC(420) Pause Young (Allocation Failure) 2496M->226M(7933M) 91.147ms
[522.182s][info][gc,cpu         ] GC(420) User=0.56s Sys=0.00s Real=0.09s
[523.302s][info][gc,start       ] GC(421) Pause Young (Allocation Failure)
[523.426s][info][gc,heap        ] GC(421) PSYoungGen: 2395392K(2531328K)->188896K(2530304K) Eden: 2266624K(2266624K)->0K(2273792K) From: 128768K(264704K)->188896K(256512K)
[523.426s][info][gc,heap        ] GC(421) ParOldGen: 103631K(5592576K)->109719K(5592576K)
[523.426s][info][gc,metaspace   ] GC(421) Metaspace: 22968K(23296K)->22968K(23296K) NonClass: 20175K(20352K)->20175K(20352K) Class: 2793K(2944K)->2793K(2944K)
[523.426s][info][gc             ] GC(421) Pause Young (Allocation Failure) 2440M->291M(7932M) 124.370ms
[523.426s][info][gc,cpu         ] GC(421) User=0.75s Sys=0.00s Real=0.12s
[525.079s][info][gc,start       ] GC(422) Pause Young (Allocation Failure)
[525.186s][info][gc,heap        ] GC(422) PSYoungGen: 2462688K(2530304K)->152672K(2534912K) Eden: 2273792K(2273792K)->0K(2273792K) From: 188896K(256512K)->152672K(261120K)
[525.186s][info][gc,heap        ] GC(422) ParOldGen: 109719K(5592576K)->111519K(5592576K)
[525.186s][info][gc,metaspace   ] GC(422) Metaspace: 22968K(23296K)->22968K(23296K) NonClass: 20175K(20352K)->20175K(20352K) Class: 2793K(2944K)->2793K(2944K)
[525.186s][info][gc             ] GC(422) Pause Young (Allocation Failure) 2512M->257M(7937M) 106.714ms
[525.186s][info][gc,cpu         ] GC(422) User=0.66s Sys=0.00s Real=0.11s
[526.413s][info][gc,start       ] GC(423) Pause Young (Allocation Failure)
[526.540s][info][gc,heap        ] GC(423) PSYoungGen: 2426464K(2534912K)->178832K(2544128K) Eden: 2273792K(2273792K)->0K(2293248K) From: 152672K(261120K)->178832K(250880K)
[526.540s][info][gc,heap        ] GC(423) ParOldGen: 111519K(5592576K)->115687K(5592576K)
[526.540s][info][gc,metaspace   ] GC(423) Metaspace: 22971K(23296K)->22971K(23296K) NonClass: 20177K(20352K)->20177K(20352K) Class: 2793K(2944K)->2793K(2944K)
[526.540s][info][gc             ] GC(423) Pause Young (Allocation Failure) 2478M->287M(7946M) 127.199ms
[526.540s][info][gc,cpu         ] GC(423) User=0.84s Sys=0.00s Real=0.14s
[527.942s][info][gc,start       ] GC(424) Pause Young (Allocation Failure)
[528.059s][info][gc,heap        ] GC(424) PSYoungGen: 2472080K(2544128K)->170496K(2544640K) Eden: 2293248K(2293248K)->0K(2293248K) From: 178832K(250880K)->170496K(251392K)
[528.059s][info][gc,heap        ] GC(424) ParOldGen: 115687K(5592576K)->117175K(5592576K)
[528.059s][info][gc,metaspace   ] GC(424) Metaspace: 22971K(23296K)->22971K(23296K) NonClass: 20177K(20352K)->20177K(20352K) Class: 2793K(2944K)->2793K(2944K)
[528.059s][info][gc             ] GC(424) Pause Young (Allocation Failure) 2527M->280M(7946M) 116.949ms
[528.059s][info][gc,cpu         ] GC(424) User=0.75s Sys=0.00s Real=0.11s
[528.706s][info][gc,start       ] GC(425) Pause Young (System.gc())
[528.774s][info][gc,heap        ] GC(425) PSYoungGen: 1064718K(2544640K)->56704K(2532864K) Eden: 894222K(2293248K)->0K(2285056K) From: 170496K(251392K)->56704K(247808K)
[528.774s][info][gc,heap        ] GC(425) ParOldGen: 117175K(5592576K)->157823K(5592576K)
[528.774s][info][gc,metaspace   ] GC(425) Metaspace: 22971K(23296K)->22971K(23296K) NonClass: 20177K(20352K)->20177K(20352K) Class: 2793K(2944K)->2793K(2944K)
[528.774s][info][gc             ] GC(425) Pause Young (System.gc()) 1154M->209M(7935M) 67.947ms
[528.774s][info][gc,cpu         ] GC(425) User=0.45s Sys=0.00s Real=0.08s
[528.774s][info][gc,start       ] GC(426) Pause Full (System.gc())
[528.774s][info][gc,phases,start] GC(426) Marking Phase
[528.813s][info][gc,phases      ] GC(426) Marking Phase 39.033ms
[528.813s][info][gc,phases,start] GC(426) Summary Phase
[528.813s][info][gc,phases      ] GC(426) Summary Phase 0.011ms
[528.813s][info][gc,phases,start] GC(426) Adjust Roots
[528.818s][info][gc,phases      ] GC(426) Adjust Roots 5.050ms
[528.818s][info][gc,phases,start] GC(426) Compaction Phase
[528.901s][info][gc,phases      ] GC(426) Compaction Phase 83.037ms
[528.901s][info][gc,phases,start] GC(426) Post Compact
[528.902s][info][gc,phases      ] GC(426) Post Compact 1.073ms
[528.902s][info][gc,heap        ] GC(426) PSYoungGen: 56704K(2532864K)->0K(2532864K) Eden: 0K(2285056K)->0K(2285056K) From: 56704K(247808K)->0K(247808K)
[528.902s][info][gc,heap        ] GC(426) ParOldGen: 157823K(5592576K)->103516K(5592576K)
[528.902s][info][gc,metaspace   ] GC(426) Metaspace: 22971K(23296K)->22971K(23296K) NonClass: 20177K(20352K)->20177K(20352K) Class: 2793K(2944K)->2793K(2944K)
[528.902s][info][gc             ] GC(426) Pause Full (System.gc()) 209M->101M(7935M) 128.459ms
[528.902s][info][gc,cpu         ] GC(426) User=0.67s Sys=0.00s Real=0.13s
[530.044s][info][gc,start       ] GC(427) Pause Young (Allocation Failure)
[530.170s][info][gc,heap        ] GC(427) PSYoungGen: 2285056K(2532864K)->188064K(2473472K) Eden: 2285056K(2285056K)->0K(2285056K) From: 0K(247808K)->188064K(188416K)
[530.170s][info][gc,heap        ] GC(427) ParOldGen: 103516K(5592576K)->103516K(5592576K)
[530.170s][info][gc,metaspace   ] GC(427) Metaspace: 22971K(23296K)->22971K(23296K) NonClass: 20177K(20352K)->20177K(20352K) Class: 2793K(2944K)->2793K(2944K)
[530.170s][info][gc             ] GC(427) Pause Young (Allocation Failure) 2332M->284M(7877M) 126.018ms
[530.170s][info][gc,cpu         ] GC(427) User=0.70s Sys=0.05s Real=0.13s
[531.710s][info][gc,start       ] GC(428) Pause Young (Allocation Failure)
[531.787s][info][gc,heap        ] GC(428) PSYoungGen: 2473120K(2473472K)->102544K(2539008K) Eden: 2285056K(2285056K)->0K(2278912K) From: 188064K(188416K)->102544K(260096K)
[531.787s][info][gc,heap        ] GC(428) ParOldGen: 103516K(5592576K)->103548K(5592576K)
[531.787s][info][gc,metaspace   ] GC(428) Metaspace: 22971K(23296K)->22971K(23296K) NonClass: 20177K(20352K)->20177K(20352K) Class: 2793K(2944K)->2793K(2944K)
[531.787s][info][gc             ] GC(428) Pause Young (Allocation Failure) 2516M->201M(7941M) 77.002ms
[531.787s][info][gc,cpu         ] GC(428) User=0.45s Sys=0.00s Real=0.08s
[533.010s][info][gc,start       ] GC(429) Pause Young (Allocation Failure)
[533.141s][info][gc,heap        ] GC(429) PSYoungGen: 2381456K(2539008K)->199664K(2478592K) Eden: 2278912K(2278912K)->0K(2278912K) From: 102544K(260096K)->199664K(199680K)
[533.141s][info][gc,heap        ] GC(429) ParOldGen: 103548K(5592576K)->104832K(5592576K)
[533.141s][info][gc,metaspace   ] GC(429) Metaspace: 22971K(23296K)->22971K(23296K) NonClass: 20177K(20352K)->20177K(20352K) Class: 2793K(2944K)->2793K(2944K)
[533.141s][info][gc             ] GC(429) Pause Young (Allocation Failure) 2426M->297M(7882M) 131.082ms
[533.141s][info][gc,cpu         ] GC(429) User=0.75s Sys=0.00s Real=0.14s
[534.678s][info][gc,start       ] GC(430) Pause Young (Allocation Failure)
[534.774s][info][gc,heap        ] GC(430) PSYoungGen: 2478576K(2478592K)->133312K(2538496K) Eden: 2278912K(2278912K)->0K(2272256K) From: 199664K(199680K)->133312K(266240K)
[534.774s][info][gc,heap        ] GC(430) ParOldGen: 104832K(5592576K)->105360K(5592576K)
[534.774s][info][gc,metaspace   ] GC(430) Metaspace: 22971K(23296K)->22971K(23296K) NonClass: 20177K(20352K)->20177K(20352K) Class: 2793K(2944K)->2793K(2944K)
[534.774s][info][gc             ] GC(430) Pause Young (Allocation Failure) 2522M->233M(7940M) 96.281ms
[534.774s][info][gc,cpu         ] GC(430) User=0.62s Sys=0.00s Real=0.10s
[535.987s][info][gc,start       ] GC(431) Pause Young (Allocation Failure)
[536.138s][info][gc,heap        ] GC(431) PSYoungGen: 2405568K(2538496K)->210752K(2483200K) Eden: 2272256K(2272256K)->0K(2272256K) From: 133312K(266240K)->210752K(210944K)
[536.138s][info][gc,heap        ] GC(431) ParOldGen: 105360K(5592576K)->114344K(5592576K)
[536.138s][info][gc,metaspace   ] GC(431) Metaspace: 22971K(23296K)->22971K(23296K) NonClass: 20177K(20352K)->20177K(20352K) Class: 2793K(2944K)->2793K(2944K)
[536.138s][info][gc             ] GC(431) Pause Young (Allocation Failure) 2452M->317M(7886M) 150.459ms
[536.138s][info][gc,cpu         ] GC(431) User=0.89s Sys=0.00s Real=0.15s
[537.777s][info][gc,start       ] GC(432) Pause Young (Allocation Failure)
[537.896s][info][gc,heap        ] GC(432) PSYoungGen: 2483008K(2483200K)->177344K(2529280K) Eden: 2272256K(2272256K)->0K(2259456K) From: 210752K(210944K)->177344K(269824K)
[537.896s][info][gc,heap        ] GC(432) ParOldGen: 114344K(5592576K)->116897K(5592576K)
[537.896s][info][gc,metaspace   ] GC(432) Metaspace: 22971K(23296K)->22971K(23296K) NonClass: 20177K(20352K)->20177K(20352K) Class: 2793K(2944K)->2793K(2944K)
[537.896s][info][gc             ] GC(432) Pause Young (Allocation Failure) 2536M->287M(7931M) 118.512ms
[537.896s][info][gc,cpu         ] GC(432) User=0.66s Sys=0.00s Real=0.12s
[538.512s][info][gc,start       ] GC(433) Pause Young (System.gc())
[538.586s][info][gc,heap        ] GC(433) PSYoungGen: 1016825K(2529280K)->52032K(2311680K) Eden: 839481K(2259456K)->0K(2259456K) From: 177344K(269824K)->52032K(52224K)
[538.586s][info][gc,heap        ] GC(433) ParOldGen: 116897K(5592576K)->162181K(5592576K)
[538.586s][info][gc,metaspace   ] GC(433) Metaspace: 22971K(23296K)->22971K(23296K) NonClass: 20177K(20352K)->20177K(20352K) Class: 2793K(2944K)->2793K(2944K)
[538.586s][info][gc             ] GC(433) Pause Young (System.gc()) 1107M->209M(7719M) 74.510ms
[538.586s][info][gc,cpu         ] GC(433) User=0.47s Sys=0.00s Real=0.08s
[538.586s][info][gc,start       ] GC(434) Pause Full (System.gc())
[538.586s][info][gc,phases,start] GC(434) Marking Phase
[538.622s][info][gc,phases      ] GC(434) Marking Phase 36.263ms
[538.622s][info][gc,phases,start] GC(434) Summary Phase
[538.622s][info][gc,phases      ] GC(434) Summary Phase 0.012ms
[538.622s][info][gc,phases,start] GC(434) Adjust Roots
[538.627s][info][gc,phases      ] GC(434) Adjust Roots 4.278ms
[538.627s][info][gc,phases,start] GC(434) Compaction Phase
[538.704s][info][gc,phases      ] GC(434) Compaction Phase 77.557ms
[538.704s][info][gc,phases,start] GC(434) Post Compact
[538.706s][info][gc,phases      ] GC(434) Post Compact 1.128ms
[538.706s][info][gc,heap        ] GC(434) PSYoungGen: 52032K(2311680K)->0K(2311680K) Eden: 0K(2259456K)->0K(2259456K) From: 52032K(52224K)->0K(52224K)
[538.706s][info][gc,heap        ] GC(434) ParOldGen: 162181K(5592576K)->103472K(5592576K)
[538.706s][info][gc,metaspace   ] GC(434) Metaspace: 22971K(23296K)->22971K(23296K) NonClass: 20177K(20352K)->20177K(20352K) Class: 2793K(2944K)->2793K(2944K)
[538.706s][info][gc             ] GC(434) Pause Full (System.gc()) 209M->101M(7719M) 119.527ms
[538.706s][info][gc,cpu         ] GC(434) User=0.56s Sys=0.00s Real=0.12s
[540.027s][info][gc,start       ] GC(435) Pause Young (Allocation Failure)
[540.158s][info][gc,heap        ] GC(435) PSYoungGen: 2259456K(2311680K)->203008K(2506240K) Eden: 2259456K(2259456K)->0K(2232832K) From: 0K(52224K)->203008K(273408K)
[540.158s][info][gc,heap        ] GC(435) ParOldGen: 103472K(5592576K)->103472K(5592576K)
[540.158s][info][gc,metaspace   ] GC(435) Metaspace: 22971K(23296K)->22971K(23296K) NonClass: 20177K(20352K)->20177K(20352K) Class: 2793K(2944K)->2793K(2944K)
[540.158s][info][gc             ] GC(435) Pause Young (Allocation Failure) 2307M->299M(7909M) 130.904ms
[540.158s][info][gc,cpu         ] GC(435) User=0.75s Sys=0.00s Real=0.13s
[541.710s][info][gc,start       ] GC(436) Pause Young (Allocation Failure)
[541.800s][info][gc,heap        ] GC(436) PSYoungGen: 2435840K(2506240K)->127392K(2514432K) Eden: 2232832K(2232832K)->0K(2232832K) From: 203008K(273408K)->127392K(281600K)
[541.800s][info][gc,heap        ] GC(436) ParOldGen: 103472K(5592576K)->103512K(5592576K)
[541.800s][info][gc,metaspace   ] GC(436) Metaspace: 22971K(23296K)->22971K(23296K) NonClass: 20177K(20352K)->20177K(20352K) Class: 2793K(2944K)->2793K(2944K)
[541.800s][info][gc             ] GC(436) Pause Young (Allocation Failure) 2479M->225M(7917M) 90.245ms
[541.800s][info][gc,cpu         ] GC(436) User=0.47s Sys=0.02s Real=0.09s
[542.876s][info][gc,start       ] GC(437) Pause Young (Allocation Failure)
[543.010s][info][gc,heap        ] GC(437) PSYoungGen: 2360224K(2514432K)->198720K(2510848K) Eden: 2232832K(2232832K)->0K(2237952K) From: 127392K(281600K)->198720K(272896K)
[543.010s][info][gc,heap        ] GC(437) ParOldGen: 103512K(5592576K)->113784K(5592576K)
[543.011s][info][gc,metaspace   ] GC(437) Metaspace: 22971K(23296K)->22971K(23296K) NonClass: 20177K(20352K)->20177K(20352K) Class: 2793K(2944K)->2793K(2944K)
[543.011s][info][gc             ] GC(437) Pause Young (Allocation Failure) 2405M->305M(7913M) 134.267ms
[543.011s][info][gc,cpu         ] GC(437) User=0.84s Sys=0.00s Real=0.13s
[544.679s][info][gc,start       ] GC(438) Pause Young (Allocation Failure)
[544.778s][info][gc,heap        ] GC(438) PSYoungGen: 2436672K(2510848K)->142016K(2516992K) Eden: 2237952K(2237952K)->0K(2237952K) From: 198720K(272896K)->142016K(279040K)
[544.778s][info][gc,heap        ] GC(438) ParOldGen: 113784K(5592576K)->116560K(5592576K)
[544.778s][info][gc,metaspace   ] GC(438) Metaspace: 22971K(23296K)->22971K(23296K) NonClass: 20177K(20352K)->20177K(20352K) Class: 2793K(2944K)->2793K(2944K)
[544.778s][info][gc             ] GC(438) Pause Young (Allocation Failure) 2490M->252M(7919M) 98.586ms
[544.778s][info][gc,cpu         ] GC(438) User=0.56s Sys=0.00s Real=0.11s
[546.035s][info][gc,start       ] GC(439) Pause Young (Allocation Failure)
[546.171s][info][gc,heap        ] GC(439) PSYoungGen: 2379968K(2516992K)->189280K(2524160K) Eden: 2237952K(2237952K)->0K(2255360K) From: 142016K(279040K)->189280K(268800K)
[546.171s][info][gc,heap        ] GC(439) ParOldGen: 116560K(5592576K)->121048K(5592576K)
[546.171s][info][gc,metaspace   ] GC(439) Metaspace: 22971K(23296K)->22971K(23296K) NonClass: 20177K(20352K)->20177K(20352K) Class: 2793K(2944K)->2793K(2944K)
[546.171s][info][gc             ] GC(439) Pause Young (Allocation Failure) 2438M->303M(7926M) 135.840ms
[546.171s][info][gc,cpu         ] GC(439) User=0.77s Sys=0.00s Real=0.14s
[547.646s][info][gc,start       ] GC(440) Pause Young (Allocation Failure)
[547.753s][info][gc,heap        ] GC(440) PSYoungGen: 2444640K(2524160K)->158224K(2525696K) Eden: 2255360K(2255360K)->0K(2255360K) From: 189280K(268800K)->158224K(270336K)
[547.753s][info][gc,heap        ] GC(440) ParOldGen: 121048K(5592576K)->122576K(5592576K)
[547.753s][info][gc,metaspace   ] GC(440) Metaspace: 22971K(23296K)->22971K(23296K) NonClass: 20177K(20352K)->20177K(20352K) Class: 2793K(2944K)->2793K(2944K)
[547.753s][info][gc             ] GC(440) Pause Young (Allocation Failure) 2505M->274M(7928M) 107.672ms
[547.753s][info][gc,cpu         ] GC(440) User=0.64s Sys=0.00s Real=0.11s
[548.507s][info][gc,start       ] GC(441) Pause Young (System.gc())
[548.569s][info][gc,heap        ] GC(441) PSYoungGen: 1111928K(2525696K)->60544K(2524160K) Eden: 953704K(2255360K)->0K(2264576K) From: 158224K(270336K)->60544K(259584K)
[548.569s][info][gc,heap        ] GC(441) ParOldGen: 122576K(5592576K)->151204K(5592576K)
[548.569s][info][gc,metaspace   ] GC(441) Metaspace: 22971K(23296K)->22971K(23296K) NonClass: 20177K(20352K)->20177K(20352K) Class: 2793K(2944K)->2793K(2944K)
[548.569s][info][gc             ] GC(441) Pause Young (System.gc()) 1205M->206M(7926M) 62.388ms
[548.569s][info][gc,cpu         ] GC(441) User=0.30s Sys=0.02s Real=0.07s
[548.569s][info][gc,start       ] GC(442) Pause Full (System.gc())
[548.569s][info][gc,phases,start] GC(442) Marking Phase
[548.606s][info][gc,phases      ] GC(442) Marking Phase 36.634ms
[548.606s][info][gc,phases,start] GC(442) Summary Phase
[548.606s][info][gc,phases      ] GC(442) Summary Phase 0.012ms
[548.606s][info][gc,phases,start] GC(442) Adjust Roots
[548.611s][info][gc,phases      ] GC(442) Adjust Roots 5.171ms
[548.611s][info][gc,phases,start] GC(442) Compaction Phase
[548.689s][info][gc,phases      ] GC(442) Compaction Phase 77.937ms
[548.690s][info][gc,phases,start] GC(442) Post Compact
[548.691s][info][gc,phases      ] GC(442) Post Compact 1.146ms
[548.691s][info][gc,heap        ] GC(442) PSYoungGen: 60544K(2524160K)->0K(2524160K) Eden: 0K(2264576K)->0K(2264576K) From: 60544K(259584K)->0K(259584K)
[548.691s][info][gc,heap        ] GC(442) ParOldGen: 151204K(5592576K)->95379K(5592576K)
[548.691s][info][gc,metaspace   ] GC(442) Metaspace: 22971K(23296K)->22971K(23296K) NonClass: 20177K(20352K)->20177K(20352K) Class: 2793K(2944K)->2793K(2944K)
[548.691s][info][gc             ] GC(442) Pause Full (System.gc()) 206M->93M(7926M) 121.548ms
[548.691s][info][gc,cpu         ] GC(442) User=0.56s Sys=0.03s Real=0.12s
[550.070s][info][gc,start       ] GC(443) Pause Young (Allocation Failure)
[550.209s][info][gc,heap        ] GC(443) PSYoungGen: 2264576K(2524160K)->211072K(2476032K) Eden: 2264576K(2264576K)->0K(2264576K) From: 0K(259584K)->211072K(211456K)
[550.209s][info][gc,heap        ] GC(443) ParOldGen: 95379K(5592576K)->95379K(5592576K)
[550.209s][info][gc,metaspace   ] GC(443) Metaspace: 22971K(23296K)->22971K(23296K) NonClass: 20177K(20352K)->20177K(20352K) Class: 2793K(2944K)->2793K(2944K)
[550.209s][info][gc             ] GC(443) Pause Young (Allocation Failure) 2304M->299M(7879M) 139.681ms
[550.209s][info][gc,cpu         ] GC(443) User=0.75s Sys=0.00s Real=0.15s
[551.763s][info][gc,start       ] GC(444) Pause Young (Allocation Failure)
[551.865s][info][gc,heap        ] GC(444) PSYoungGen: 2475648K(2476032K)->146944K(2529792K) Eden: 2264576K(2264576K)->0K(2252288K) From: 211072K(211456K)->146944K(277504K)
[551.865s][info][gc,heap        ] GC(444) ParOldGen: 95379K(5592576K)->95419K(5592576K)
[551.865s][info][gc,metaspace   ] GC(444) Metaspace: 22971K(23296K)->22971K(23296K) NonClass: 20177K(20352K)->20177K(20352K) Class: 2793K(2944K)->2793K(2944K)
[551.865s][info][gc             ] GC(444) Pause Young (Allocation Failure) 2510M->236M(7932M) 101.908ms
[551.865s][info][gc,cpu         ] GC(444) User=0.55s Sys=0.02s Real=0.10s
[553.204s][info][gc,start       ] GC(445) Pause Young (Allocation Failure)
[553.333s][info][gc,heap        ] GC(445) PSYoungGen: 2399232K(2529792K)->172144K(2518528K) Eden: 2252288K(2252288K)->0K(2252288K) From: 146944K(277504K)->172144K(266240K)
[553.333s][info][gc,heap        ] GC(445) ParOldGen: 95419K(5592576K)->99087K(5592576K)
[553.333s][info][gc,metaspace   ] GC(445) Metaspace: 22971K(23296K)->22971K(23296K) NonClass: 20177K(20352K)->20177K(20352K) Class: 2793K(2944K)->2793K(2944K)
[553.333s][info][gc             ] GC(445) Pause Young (Allocation Failure) 2436M->264M(7921M) 129.082ms
[553.333s][info][gc,cpu         ] GC(445) User=0.70s Sys=0.00s Real=0.14s
[554.920s][info][gc,start       ] GC(446) Pause Young (Allocation Failure)
[555.040s][info][gc,heap        ] GC(446) PSYoungGen: 2424432K(2518528K)->178896K(2535936K) Eden: 2252288K(2252288K)->0K(2273792K) From: 172144K(266240K)->178896K(262144K)
[555.040s][info][gc,heap        ] GC(446) ParOldGen: 99087K(5592576K)->100287K(5592576K)
[555.040s][info][gc,metaspace   ] GC(446) Metaspace: 22971K(23296K)->22971K(23296K) NonClass: 20177K(20352K)->20177K(20352K) Class: 2793K(2944K)->2793K(2944K)
[555.040s][info][gc             ] GC(446) Pause Young (Allocation Failure) 2464M->272M(7938M) 120.245ms
[555.040s][info][gc,cpu         ] GC(446) User=0.75s Sys=0.00s Real=0.12s
[556.691s][info][gc,start       ] GC(447) Pause Young (Allocation Failure)
[556.776s][info][gc,heap        ] GC(447) PSYoungGen: 2452688K(2535936K)->117520K(2533888K) Eden: 2273792K(2273792K)->0K(2273792K) From: 178896K(262144K)->117520K(260096K)
[556.776s][info][gc,heap        ] GC(447) ParOldGen: 100287K(5592576K)->100311K(5592576K)
[556.776s][info][gc,metaspace   ] GC(447) Metaspace: 22971K(23296K)->22971K(23296K) NonClass: 20177K(20352K)->20177K(20352K) Class: 2793K(2944K)->2793K(2944K)
[556.776s][info][gc             ] GC(447) Pause Young (Allocation Failure) 2493M->212M(7936M) 85.276ms
[556.776s][info][gc,cpu         ] GC(447) User=0.55s Sys=0.00s Real=0.09s
[557.917s][info][gc,start       ] GC(448) Pause Young (Allocation Failure)
[558.029s][info][gc,heap        ] GC(448) PSYoungGen: 2391312K(2533888K)->175888K(2541056K) Eden: 2273792K(2273792K)->0K(2284544K) From: 117520K(260096K)->175888K(256512K)
[558.029s][info][gc,heap        ] GC(448) ParOldGen: 100311K(5592576K)->103575K(5592576K)
[558.029s][info][gc,metaspace   ] GC(448) Metaspace: 22971K(23296K)->22971K(23296K) NonClass: 20177K(20352K)->20177K(20352K) Class: 2793K(2944K)->2793K(2944K)
[558.029s][info][gc             ] GC(448) Pause Young (Allocation Failure) 2433M->272M(7943M) 111.997ms
[558.029s][info][gc,cpu         ] GC(448) User=0.66s Sys=0.00s Real=0.11s
[558.589s][info][gc,start       ] GC(449) Pause Young (System.gc())
[558.657s][info][gc,heap        ] GC(449) PSYoungGen: 684347K(2541056K)->38256K(2317824K) Eden: 508459K(2284544K)->0K(2279424K) From: 175888K(256512K)->38256K(38400K)
[558.658s][info][gc,heap        ] GC(449) ParOldGen: 103575K(5592576K)->163759K(5592576K)
[558.658s][info][gc,metaspace   ] GC(449) Metaspace: 22971K(23296K)->22971K(23296K) NonClass: 20177K(20352K)->20177K(20352K) Class: 2793K(2944K)->2793K(2944K)
[558.658s][info][gc             ] GC(449) Pause Young (System.gc()) 769M->197M(7725M) 68.078ms
[558.658s][info][gc,cpu         ] GC(449) User=0.36s Sys=0.00s Real=0.08s
[558.658s][info][gc,start       ] GC(450) Pause Full (System.gc())
[558.658s][info][gc,phases,start] GC(450) Marking Phase
[558.698s][info][gc,phases      ] GC(450) Marking Phase 39.898ms
[558.698s][info][gc,phases,start] GC(450) Summary Phase
[558.698s][info][gc,phases      ] GC(450) Summary Phase 0.013ms
[558.698s][info][gc,phases,start] GC(450) Adjust Roots
[558.703s][info][gc,phases      ] GC(450) Adjust Roots 5.136ms
[558.703s][info][gc,phases,start] GC(450) Compaction Phase
[558.791s][info][gc,phases      ] GC(450) Compaction Phase 88.596ms
[558.791s][info][gc,phases,start] GC(450) Post Compact
[558.793s][info][gc,phases      ] GC(450) Post Compact 1.305ms
[558.793s][info][gc,heap        ] GC(450) PSYoungGen: 38256K(2317824K)->0K(2317824K) Eden: 0K(2279424K)->0K(2279424K) From: 38256K(38400K)->0K(38400K)
[558.793s][info][gc,heap        ] GC(450) ParOldGen: 163759K(5592576K)->103543K(5592576K)
[558.793s][info][gc,metaspace   ] GC(450) Metaspace: 22971K(23296K)->22971K(23296K) NonClass: 20177K(20352K)->20177K(20352K) Class: 2793K(2944K)->2793K(2944K)
[558.793s][info][gc             ] GC(450) Pause Full (System.gc()) 197M->101M(7725M) 135.233ms
[558.793s][info][gc,cpu         ] GC(450) User=0.75s Sys=0.00s Real=0.13s
[559.932s][info][gc,start       ] GC(451) Pause Young (Allocation Failure)
[560.056s][info][gc,heap        ] GC(451) PSYoungGen: 2279424K(2317824K)->189888K(2521088K) Eden: 2279424K(2279424K)->0K(2256384K) From: 0K(38400K)->189888K(264704K)
[560.056s][info][gc,heap        ] GC(451) ParOldGen: 103543K(5592576K)->103543K(5592576K)
[560.056s][info][gc,metaspace   ] GC(451) Metaspace: 22971K(23296K)->22971K(23296K) NonClass: 20177K(20352K)->20177K(20352K) Class: 2793K(2944K)->2793K(2944K)
[560.056s][info][gc             ] GC(451) Pause Young (Allocation Failure) 2327M->286M(7923M) 124.526ms
[560.056s][info][gc,cpu         ] GC(451) User=0.75s Sys=0.00s Real=0.12s
[561.558s][info][gc,start       ] GC(452) Pause Young (Allocation Failure)
[561.640s][info][gc,heap        ] GC(452) PSYoungGen: 2446272K(2521088K)->108832K(2526208K) Eden: 2256384K(2256384K)->0K(2256384K) From: 189888K(264704K)->108832K(269824K)
[561.640s][info][gc,heap        ] GC(452) ParOldGen: 103543K(5592576K)->103567K(5592576K)
[561.640s][info][gc,metaspace   ] GC(452) Metaspace: 22971K(23296K)->22971K(23296K) NonClass: 20177K(20352K)->20177K(20352K) Class: 2793K(2944K)->2793K(2944K)
[561.640s][info][gc             ] GC(452) Pause Young (Allocation Failure) 2490M->207M(7928M) 81.192ms
[561.640s][info][gc,cpu         ] GC(452) User=0.47s Sys=0.00s Real=0.08s
[562.736s][info][gc,start       ] GC(453) Pause Young (Allocation Failure)
[562.861s][info][gc,heap        ] GC(453) PSYoungGen: 2365216K(2526208K)->187488K(2523648K) Eden: 2256384K(2256384K)->0K(2259456K) From: 108832K(269824K)->187488K(264192K)
[562.861s][info][gc,heap        ] GC(453) ParOldGen: 103567K(5592576K)->107367K(5592576K)
[562.861s][info][gc,metaspace   ] GC(453) Metaspace: 22971K(23296K)->22971K(23296K) NonClass: 20177K(20352K)->20177K(20352K) Class: 2793K(2944K)->2793K(2944K)
[562.862s][info][gc             ] GC(453) Pause Young (Allocation Failure) 2410M->287M(7926M) 125.805ms
[562.862s][info][gc,cpu         ] GC(453) User=0.73s Sys=0.00s Real=0.12s
[564.541s][info][gc,start       ] GC(454) Pause Young (Allocation Failure)
[564.632s][info][gc,heap        ] GC(454) PSYoungGen: 2446944K(2523648K)->126688K(2527744K) Eden: 2259456K(2259456K)->0K(2259456K) From: 187488K(264192K)->126688K(268288K)
[564.632s][info][gc,heap        ] GC(454) ParOldGen: 107367K(5592576K)->108311K(5592576K)
[564.632s][info][gc,metaspace   ] GC(454) Metaspace: 22971K(23296K)->22971K(23296K) NonClass: 20177K(20352K)->20177K(20352K) Class: 2793K(2944K)->2793K(2944K)
[564.632s][info][gc             ] GC(454) Pause Young (Allocation Failure) 2494M->229M(7930M) 90.985ms
[564.632s][info][gc,cpu         ] GC(454) User=0.47s Sys=0.00s Real=0.10s
[565.820s][info][gc,start       ] GC(455) Pause Young (Allocation Failure)
[565.968s][info][gc,heap        ] GC(455) PSYoungGen: 2386144K(2527744K)->210432K(2511360K) Eden: 2259456K(2259456K)->0K(2251264K) From: 126688K(268288K)->210432K(260096K)
[565.968s][info][gc,heap        ] GC(455) ParOldGen: 108311K(5592576K)->117123K(5592576K)
[565.968s][info][gc,metaspace   ] GC(455) Metaspace: 22971K(23296K)->22971K(23296K) NonClass: 20177K(20352K)->20177K(20352K) Class: 2793K(2944K)->2793K(2944K)
[565.968s][info][gc             ] GC(455) Pause Young (Allocation Failure) 2435M->319M(7914M) 147.555ms
[565.968s][info][gc,cpu         ] GC(455) User=0.83s Sys=0.00s Real=0.15s
[567.552s][info][gc,start       ] GC(456) Pause Young (Allocation Failure)
[567.659s][info][gc,heap        ] GC(456) PSYoungGen: 2461696K(2511360K)->155440K(2523648K) Eden: 2251264K(2251264K)->0K(2251264K) From: 210432K(260096K)->155440K(272384K)
[567.659s][info][gc,heap        ] GC(456) ParOldGen: 117123K(5592576K)->119963K(5592576K)
[567.659s][info][gc,metaspace   ] GC(456) Metaspace: 22971K(23296K)->22971K(23296K) NonClass: 20177K(20352K)->20177K(20352K) Class: 2793K(2944K)->2793K(2944K)
[567.659s][info][gc             ] GC(456) Pause Young (Allocation Failure) 2518M->268M(7926M) 107.171ms
[567.659s][info][gc,cpu         ] GC(456) User=0.66s Sys=0.00s Real=0.11s
[568.360s][info][gc,start       ] GC(457) Pause Young (System.gc())
[568.428s][info][gc,heap        ] GC(457) PSYoungGen: 1139062K(2523648K)->64512K(2526208K) Eden: 983622K(2251264K)->0K(2264576K) From: 155440K(272384K)->64512K(261632K)
[568.428s][info][gc,heap        ] GC(457) ParOldGen: 119963K(5592576K)->152743K(5592576K)
[568.428s][info][gc,metaspace   ] GC(457) Metaspace: 22971K(23296K)->22971K(23296K) NonClass: 20177K(20352K)->20177K(20352K) Class: 2793K(2944K)->2793K(2944K)
[568.428s][info][gc             ] GC(457) Pause Young (System.gc()) 1229M->212M(7928M) 68.602ms
[568.428s][info][gc,cpu         ] GC(457) User=0.38s Sys=0.00s Real=0.08s
[568.428s][info][gc,start       ] GC(458) Pause Full (System.gc())
[568.428s][info][gc,phases,start] GC(458) Marking Phase
[568.466s][info][gc,phases      ] GC(458) Marking Phase 37.802ms
[568.466s][info][gc,phases,start] GC(458) Summary Phase
[568.466s][info][gc,phases      ] GC(458) Summary Phase 0.011ms
[568.466s][info][gc,phases,start] GC(458) Adjust Roots
[568.470s][info][gc,phases      ] GC(458) Adjust Roots 4.201ms
[568.470s][info][gc,phases,start] GC(458) Compaction Phase
[568.560s][info][gc,phases      ] GC(458) Compaction Phase 89.956ms
[568.560s][info][gc,phases,start] GC(458) Post Compact
[568.562s][info][gc,phases      ] GC(458) Post Compact 1.087ms
[568.562s][info][gc,heap        ] GC(458) PSYoungGen: 64512K(2526208K)->0K(2526208K) Eden: 0K(2264576K)->0K(2264576K) From: 64512K(261632K)->0K(261632K)
[568.562s][info][gc,heap        ] GC(458) ParOldGen: 152743K(5592576K)->103485K(5592576K)
[568.562s][info][gc,metaspace   ] GC(458) Metaspace: 22971K(23296K)->22971K(23296K) NonClass: 20177K(20352K)->20177K(20352K) Class: 2793K(2944K)->2793K(2944K)
[568.562s][info][gc             ] GC(458) Pause Full (System.gc()) 212M->101M(7928M) 133.336ms
[568.562s][info][gc,cpu         ] GC(458) User=0.75s Sys=0.02s Real=0.13s
[569.820s][info][gc,start       ] GC(459) Pause Young (Allocation Failure)
[569.956s][info][gc,heap        ] GC(459) PSYoungGen: 2264576K(2526208K)->203648K(2468352K) Eden: 2264576K(2264576K)->0K(2264576K) From: 0K(261632K)->203648K(203776K)
[569.956s][info][gc,heap        ] GC(459) ParOldGen: 103485K(5592576K)->103485K(5592576K)
[569.956s][info][gc,metaspace   ] GC(459) Metaspace: 22974K(23296K)->22974K(23296K) NonClass: 20180K(20352K)->20180K(20352K) Class: 2793K(2944K)->2793K(2944K)
[569.956s][info][gc             ] GC(459) Pause Young (Allocation Failure) 2312M->299M(7872M) 135.585ms
[569.956s][info][gc,cpu         ] GC(459) User=0.73s Sys=0.02s Real=0.13s
[571.637s][info][gc,start       ] GC(460) Pause Young (Allocation Failure)
[571.737s][info][gc,heap        ] GC(460) PSYoungGen: 2468224K(2468352K)->143792K(2531840K) Eden: 2264576K(2264576K)->0K(2256384K) From: 203648K(203776K)->143792K(275456K)
[571.737s][info][gc,heap        ] GC(460) ParOldGen: 103485K(5592576K)->103525K(5592576K)
[571.737s][info][gc,metaspace   ] GC(460) Metaspace: 22974K(23296K)->22974K(23296K) NonClass: 20180K(20352K)->20180K(20352K) Class: 2793K(2944K)->2793K(2944K)
[571.737s][info][gc             ] GC(460) Pause Young (Allocation Failure) 2511M->241M(7934M) 99.498ms
[571.737s][info][gc,cpu         ] GC(460) User=0.55s Sys=0.00s Real=0.10s
[572.776s][info][gc,start       ] GC(461) Pause Young (Allocation Failure)
[572.918s][info][gc,heap        ] GC(461) PSYoungGen: 2400176K(2531840K)->206752K(2520576K) Eden: 2256384K(2256384K)->0K(2256384K) From: 143792K(275456K)->206752K(264192K)
[572.918s][info][gc,heap        ] GC(461) ParOldGen: 103525K(5592576K)->119941K(5592576K)
[572.918s][info][gc,metaspace   ] GC(461) Metaspace: 22974K(23296K)->22974K(23296K) NonClass: 20180K(20352K)->20180K(20352K) Class: 2793K(2944K)->2793K(2944K)
[572.918s][info][gc             ] GC(461) Pause Young (Allocation Failure) 2445M->319M(7923M) 142.381ms
[572.918s][info][gc,cpu         ] GC(461) User=0.78s Sys=0.00s Real=0.14s
[574.418s][info][gc,start       ] GC(462) Pause Young (Allocation Failure)
[574.518s][info][gc,heap        ] GC(462) PSYoungGen: 2463136K(2520576K)->142016K(2531840K) Eden: 2256384K(2256384K)->0K(2257920K) From: 206752K(264192K)->142016K(273920K)
[574.518s][info][gc,heap        ] GC(462) ParOldGen: 119941K(5592576K)->123193K(5592576K)
[574.518s][info][gc,metaspace   ] GC(462) Metaspace: 22974K(23296K)->22974K(23296K) NonClass: 20180K(20352K)->20180K(20352K) Class: 2793K(2944K)->2793K(2944K)
[574.518s][info][gc             ] GC(462) Pause Young (Allocation Failure) 2522M->258M(7934M) 100.806ms
[574.518s][info][gc,cpu         ] GC(462) User=0.56s Sys=0.00s Real=0.10s
[575.586s][info][gc,start       ] GC(463) Pause Young (Allocation Failure)
[575.723s][info][gc,heap        ] GC(463) PSYoungGen: 2399936K(2531840K)->206336K(2522112K) Eden: 2257920K(2257920K)->0K(2257920K) From: 142016K(273920K)->206336K(264192K)
[575.723s][info][gc,heap        ] GC(463) ParOldGen: 123193K(5592576K)->136529K(5592576K)
[575.723s][info][gc,metaspace   ] GC(463) Metaspace: 22974K(23296K)->22974K(23296K) NonClass: 20180K(20352K)->20180K(20352K) Class: 2793K(2944K)->2793K(2944K)
[575.723s][info][gc             ] GC(463) Pause Young (Allocation Failure) 2463M->334M(7924M) 137.105ms
[575.723s][info][gc,cpu         ] GC(463) User=0.75s Sys=0.00s Real=0.13s
[577.192s][info][gc,start       ] GC(464) Pause Young (Allocation Failure)
[577.296s][info][gc,heap        ] GC(464) PSYoungGen: 2464256K(2522112K)->150480K(2533376K) Eden: 2257920K(2257920K)->0K(2260480K) From: 206336K(264192K)->150480K(272896K)
[577.297s][info][gc,heap        ] GC(464) ParOldGen: 136529K(5592576K)->140233K(5592576K)
[577.297s][info][gc,metaspace   ] GC(464) Metaspace: 22974K(23296K)->22974K(23296K) NonClass: 20180K(20352K)->20180K(20352K) Class: 2793K(2944K)->2793K(2944K)
[577.297s][info][gc             ] GC(464) Pause Young (Allocation Failure) 2539M->283M(7935M) 104.254ms
[577.297s][info][gc,cpu         ] GC(464) User=0.64s Sys=0.00s Real=0.10s
[577.992s][info][gc,start       ] GC(465) Pause Young (System.gc())
[578.061s][info][gc,heap        ] GC(465) PSYoungGen: 1207676K(2533376K)->68192K(2523136K) Eden: 1057196K(2260480K)->0K(2260480K) From: 150480K(272896K)->68192K(262656K)
[578.061s][info][gc,heap        ] GC(465) ParOldGen: 140233K(5592576K)->169497K(5592576K)
[578.061s][info][gc,metaspace   ] GC(465) Metaspace: 22974K(23296K)->22974K(23296K) NonClass: 20180K(20352K)->20180K(20352K) Class: 2793K(2944K)->2793K(2944K)
[578.061s][info][gc             ] GC(465) Pause Young (System.gc()) 1316M->232M(7925M) 69.454ms
[578.061s][info][gc,cpu         ] GC(465) User=0.38s Sys=0.00s Real=0.08s
[578.061s][info][gc,start       ] GC(466) Pause Full (System.gc())
[578.061s][info][gc,phases,start] GC(466) Marking Phase
[578.097s][info][gc,phases      ] GC(466) Marking Phase 36.036ms
[578.097s][info][gc,phases,start] GC(466) Summary Phase
[578.097s][info][gc,phases      ] GC(466) Summary Phase 0.012ms
[578.097s][info][gc,phases,start] GC(466) Adjust Roots
[578.102s][info][gc,phases      ] GC(466) Adjust Roots 4.767ms
[578.102s][info][gc,phases,start] GC(466) Compaction Phase
[578.195s][info][gc,phases      ] GC(466) Compaction Phase 92.780ms
[578.195s][info][gc,phases,start] GC(466) Post Compact
[578.196s][info][gc,phases      ] GC(466) Post Compact 1.157ms
[578.196s][info][gc,heap        ] GC(466) PSYoungGen: 68192K(2523136K)->0K(2523136K) Eden: 0K(2260480K)->0K(2260480K) From: 68192K(262656K)->0K(262656K)
[578.196s][info][gc,heap        ] GC(466) ParOldGen: 169497K(5592576K)->103687K(5592576K)
[578.196s][info][gc,metaspace   ] GC(466) Metaspace: 22974K(23296K)->22974K(23296K) NonClass: 20180K(20352K)->20180K(20352K) Class: 2793K(2944K)->2793K(2944K)
[578.196s][info][gc             ] GC(466) Pause Full (System.gc()) 232M->101M(7925M) 135.001ms
[578.196s][info][gc,cpu         ] GC(466) User=0.73s Sys=0.00s Real=0.13s
[579.337s][info][gc,start       ] GC(467) Pause Young (Allocation Failure)
[579.461s][info][gc,heap        ] GC(467) PSYoungGen: 2260480K(2523136K)->187280K(2524160K) Eden: 2260480K(2260480K)->0K(2256384K) From: 0K(262656K)->187280K(267776K)
[579.461s][info][gc,heap        ] GC(467) ParOldGen: 103687K(5592576K)->103687K(5592576K)
[579.461s][info][gc,metaspace   ] GC(467) Metaspace: 22974K(23296K)->22974K(23296K) NonClass: 20180K(20352K)->20180K(20352K) Class: 2793K(2944K)->2793K(2944K)
[579.461s][info][gc             ] GC(467) Pause Young (Allocation Failure) 2308M->284M(7926M) 124.494ms
[579.461s][info][gc,cpu         ] GC(467) User=0.75s Sys=0.00s Real=0.12s
[581.122s][info][gc,start       ] GC(468) Pause Young (Allocation Failure)
[581.207s][info][gc,heap        ] GC(468) PSYoungGen: 2443664K(2524160K)->118400K(2526208K) Eden: 2256384K(2256384K)->0K(2256384K) From: 187280K(267776K)->118400K(269824K)
[581.207s][info][gc,heap        ] GC(468) ParOldGen: 103687K(5592576K)->103735K(5592576K)
[581.207s][info][gc,metaspace   ] GC(468) Metaspace: 22974K(23296K)->22974K(23296K) NonClass: 20180K(20352K)->20180K(20352K) Class: 2793K(2944K)->2793K(2944K)
[581.208s][info][gc             ] GC(468) Pause Young (Allocation Failure) 2487M->216M(7928M) 85.120ms
[581.208s][info][gc,cpu         ] GC(468) User=0.47s Sys=0.00s Real=0.08s
[582.386s][info][gc,start       ] GC(469) Pause Young (Allocation Failure)
[582.515s][info][gc,heap        ] GC(469) PSYoungGen: 2374784K(2526208K)->195152K(2520576K) Eden: 2256384K(2256384K)->0K(2256384K) From: 118400K(269824K)->195152K(264192K)
[582.515s][info][gc,heap        ] GC(469) ParOldGen: 103735K(5592576K)->109291K(5592576K)
[582.515s][info][gc,metaspace   ] GC(469) Metaspace: 22974K(23296K)->22974K(23296K) NonClass: 20180K(20352K)->20180K(20352K) Class: 2793K(2944K)->2793K(2944K)
[582.515s][info][gc             ] GC(469) Pause Young (Allocation Failure) 2420M->297M(7923M) 129.082ms
[582.515s][info][gc,cpu         ] GC(469) User=0.73s Sys=0.00s Real=0.13s
[584.067s][info][gc,start       ] GC(470) Pause Young (Allocation Failure)
[584.156s][info][gc,heap        ] GC(470) PSYoungGen: 2451536K(2520576K)->127392K(2526208K) Eden: 2256384K(2256384K)->0K(2256384K) From: 195152K(264192K)->127392K(269824K)
[584.156s][info][gc,heap        ] GC(470) ParOldGen: 109291K(5592576K)->111063K(5592576K)
[584.156s][info][gc,metaspace   ] GC(470) Metaspace: 22974K(23296K)->22974K(23296K) NonClass: 20180K(20352K)->20180K(20352K) Class: 2793K(2944K)->2793K(2944K)
[584.156s][info][gc             ] GC(470) Pause Young (Allocation Failure) 2500M->232M(7928M) 89.464ms
[584.156s][info][gc,cpu         ] GC(470) User=0.55s Sys=0.00s Real=0.10s
[585.373s][info][gc,start       ] GC(471) Pause Young (Allocation Failure)
[585.503s][info][gc,heap        ] GC(471) PSYoungGen: 2383776K(2526208K)->200144K(2520064K) Eden: 2256384K(2256384K)->0K(2257408K) From: 127392K(269824K)->200144K(262656K)
[585.503s][info][gc,heap        ] GC(471) ParOldGen: 111063K(5592576K)->116519K(5592576K)
[585.503s][info][gc,metaspace   ] GC(471) Metaspace: 22974K(23296K)->22974K(23296K) NonClass: 20180K(20352K)->20180K(20352K) Class: 2793K(2944K)->2793K(2944K)
[585.503s][info][gc             ] GC(471) Pause Young (Allocation Failure) 2436M->309M(7922M) 130.392ms
[585.503s][info][gc,cpu         ] GC(471) User=0.73s Sys=0.02s Real=0.14s
[587.127s][info][gc,start       ] GC(472) Pause Young (Allocation Failure)
[587.226s][info][gc,heap        ] GC(472) PSYoungGen: 2457552K(2520064K)->147104K(2526720K) Eden: 2257408K(2257408K)->0K(2257408K) From: 200144K(262656K)->147104K(269312K)
[587.226s][info][gc,heap        ] GC(472) ParOldGen: 116519K(5592576K)->118375K(5592576K)
[587.226s][info][gc,metaspace   ] GC(472) Metaspace: 22974K(23296K)->22974K(23296K) NonClass: 20180K(20352K)->20180K(20352K) Class: 2793K(2944K)->2793K(2944K)
[587.226s][info][gc             ] GC(472) Pause Young (Allocation Failure) 2513M->259M(7929M) 99.319ms
[587.227s][info][gc,cpu         ] GC(472) User=0.66s Sys=0.00s Real=0.10s
[588.042s][info][gc,start       ] GC(473) Pause Young (System.gc())
[588.111s][info][gc,heap        ] GC(473) PSYoungGen: 1190132K(2526720K)->68032K(2527744K) Eden: 1043028K(2257408K)->0K(2267648K) From: 147104K(269312K)->68032K(260096K)
[588.111s][info][gc,heap        ] GC(473) ParOldGen: 118375K(5592576K)->147683K(5592576K)
[588.111s][info][gc,metaspace   ] GC(473) Metaspace: 22974K(23296K)->22974K(23296K) NonClass: 20180K(20352K)->20180K(20352K) Class: 2793K(2944K)->2793K(2944K)
[588.111s][info][gc             ] GC(473) Pause Young (System.gc()) 1277M->210M(7930M) 68.760ms
[588.111s][info][gc,cpu         ] GC(473) User=0.38s Sys=0.00s Real=0.07s
[588.111s][info][gc,start       ] GC(474) Pause Full (System.gc())
[588.111s][info][gc,phases,start] GC(474) Marking Phase
[588.149s][info][gc,phases      ] GC(474) Marking Phase 37.544ms
[588.149s][info][gc,phases,start] GC(474) Summary Phase
[588.149s][info][gc,phases      ] GC(474) Summary Phase 0.012ms
[588.149s][info][gc,phases,start] GC(474) Adjust Roots
[588.153s][info][gc,phases      ] GC(474) Adjust Roots 4.271ms
[588.153s][info][gc,phases,start] GC(474) Compaction Phase
[588.240s][info][gc,phases      ] GC(474) Compaction Phase 86.322ms
[588.240s][info][gc,phases,start] GC(474) Post Compact
[588.241s][info][gc,phases      ] GC(474) Post Compact 1.195ms
[588.241s][info][gc,heap        ] GC(474) PSYoungGen: 68032K(2527744K)->0K(2527744K) Eden: 0K(2267648K)->0K(2267648K) From: 68032K(260096K)->0K(260096K)
[588.241s][info][gc,heap        ] GC(474) ParOldGen: 147683K(5592576K)->103496K(5592576K)
[588.241s][info][gc,metaspace   ] GC(474) Metaspace: 22974K(23296K)->22974K(23296K) NonClass: 20180K(20352K)->20180K(20352K) Class: 2793K(2944K)->2793K(2944K)
[588.241s][info][gc             ] GC(474) Pause Full (System.gc()) 210M->101M(7930M) 129.622ms
[588.241s][info][gc,cpu         ] GC(474) User=0.66s Sys=0.00s Real=0.13s
[589.422s][info][gc,start       ] GC(475) Pause Young (Allocation Failure)
[589.549s][info][gc,heap        ] GC(475) PSYoungGen: 2267648K(2527744K)->195872K(2463744K) Eden: 2267648K(2267648K)->0K(2267648K) From: 0K(260096K)->195872K(196096K)
[589.550s][info][gc,heap        ] GC(475) ParOldGen: 103496K(5592576K)->103496K(5592576K)
[589.550s][info][gc,metaspace   ] GC(475) Metaspace: 22974K(23296K)->22974K(23296K) NonClass: 20181K(20352K)->20181K(20352K) Class: 2793K(2944K)->2793K(2944K)
[589.550s][info][gc             ] GC(475) Pause Young (Allocation Failure) 2315M->292M(7867M) 127.831ms
[589.550s][info][gc,cpu         ] GC(475) User=0.70s Sys=0.02s Real=0.13s
[591.078s][info][gc,start       ] GC(476) Pause Young (Allocation Failure)
[591.161s][info][gc,heap        ] GC(476) PSYoungGen: 2463520K(2463744K)->115408K(2530816K) Eden: 2267648K(2267648K)->0K(2259968K) From: 195872K(196096K)->115408K(270848K)
[591.163s][info][gc,heap        ] GC(476) ParOldGen: 103496K(5592576K)->103520K(5592576K)
[591.163s][info][gc,metaspace   ] GC(476) Metaspace: 22974K(23296K)->22974K(23296K) NonClass: 20181K(20352K)->20181K(20352K) Class: 2793K(2944K)->2793K(2944K)
[591.163s][info][gc             ] GC(476) Pause Young (Allocation Failure) 2506M->213M(7933M) 85.452ms
[591.163s][info][gc,cpu         ] GC(476) User=0.42s Sys=0.00s Real=0.10s
[592.295s][info][gc,start       ] GC(477) Pause Young (Allocation Failure)
[592.426s][info][gc,heap        ] GC(477) PSYoungGen: 2375376K(2530816K)->197808K(2458112K) Eden: 2259968K(2259968K)->0K(2259968K) From: 115408K(270848K)->197808K(198144K)
[592.426s][info][gc,heap        ] GC(477) ParOldGen: 103520K(5592576K)->108696K(5592576K)
[592.426s][info][gc,metaspace   ] GC(477) Metaspace: 22974K(23296K)->22974K(23296K) NonClass: 20181K(20352K)->20181K(20352K) Class: 2793K(2944K)->2793K(2944K)
[592.426s][info][gc             ] GC(477) Pause Young (Allocation Failure) 2420M->299M(7862M) 131.406ms
[592.426s][info][gc,cpu         ] GC(477) User=0.75s Sys=0.00s Real=0.13s
[593.934s][info][gc,start       ] GC(478) Pause Young (Allocation Failure)
[594.029s][info][gc,heap        ] GC(478) PSYoungGen: 2457776K(2458112K)->129360K(2531840K) Eden: 2259968K(2259968K)->0K(2259968K) From: 197808K(198144K)->129360K(271872K)
[594.029s][info][gc,heap        ] GC(478) ParOldGen: 108696K(5592576K)->110448K(5592576K)
[594.029s][info][gc,metaspace   ] GC(478) Metaspace: 22974K(23296K)->22974K(23296K) NonClass: 20181K(20352K)->20181K(20352K) Class: 2793K(2944K)->2793K(2944K)
[594.029s][info][gc             ] GC(478) Pause Young (Allocation Failure) 2506M->234M(7934M) 95.093ms
[594.029s][info][gc,cpu         ] GC(478) User=0.56s Sys=0.00s Real=0.10s
[595.189s][info][gc,start       ] GC(479) Pause Young (Allocation Failure)
[595.326s][info][gc,heap        ] GC(479) PSYoungGen: 2389328K(2531840K)->201632K(2524160K) Eden: 2259968K(2259968K)->0K(2259968K) From: 129360K(271872K)->201632K(264192K)
[595.329s][info][gc,heap        ] GC(479) ParOldGen: 110448K(5592576K)->119964K(5592576K)
[595.329s][info][gc,metaspace   ] GC(479) Metaspace: 22974K(23296K)->22974K(23296K) NonClass: 20181K(20352K)->20181K(20352K) Class: 2793K(2944K)->2793K(2944K)
[595.329s][info][gc             ] GC(479) Pause Young (Allocation Failure) 2441M->314M(7926M) 139.463ms
[595.329s][info][gc,cpu         ] GC(479) User=0.84s Sys=0.00s Real=0.14s
[596.993s][info][gc,start       ] GC(480) Pause Young (Allocation Failure)
[597.106s][info][gc,heap        ] GC(480) PSYoungGen: 2461600K(2524160K)->164384K(2532864K) Eden: 2259968K(2259968K)->0K(2261504K) From: 201632K(264192K)->164384K(271360K)
[597.106s][info][gc,heap        ] GC(480) ParOldGen: 119964K(5592576K)->122701K(5592576K)
[597.106s][info][gc,metaspace   ] GC(480) Metaspace: 22974K(23296K)->22974K(23296K) NonClass: 20181K(20352K)->20181K(20352K) Class: 2793K(2944K)->2793K(2944K)
[597.106s][info][gc             ] GC(480) Pause Young (Allocation Failure) 2521M->280M(7935M) 113.195ms
[597.106s][info][gc,cpu         ] GC(480) User=0.64s Sys=0.00s Real=0.11s
[597.753s][info][gc,start       ] GC(481) Pause Young (System.gc())
[597.820s][info][gc,heap        ] GC(481) PSYoungGen: 1091533K(2532864K)->60128K(2523648K) Eden: 927149K(2261504K)->0K(2260480K) From: 164384K(271360K)->60128K(263168K)
[597.820s][info][gc,heap        ] GC(481) ParOldGen: 122701K(5592576K)->159933K(5592576K)
[597.820s][info][gc,metaspace   ] GC(481) Metaspace: 22974K(23296K)->22974K(23296K) NonClass: 20181K(20352K)->20181K(20352K) Class: 2793K(2944K)->2793K(2944K)
[597.820s][info][gc             ] GC(481) Pause Young (System.gc()) 1185M->214M(7926M) 66.395ms
[597.820s][info][gc,cpu         ] GC(481) User=0.47s Sys=0.00s Real=0.08s
[597.820s][info][gc,start       ] GC(482) Pause Full (System.gc())
[597.820s][info][gc,phases,start] GC(482) Marking Phase
[597.862s][info][gc,phases      ] GC(482) Marking Phase 42.139ms
[597.862s][info][gc,phases,start] GC(482) Summary Phase
[597.862s][info][gc,phases      ] GC(482) Summary Phase 0.012ms
[597.862s][info][gc,phases,start] GC(482) Adjust Roots
[597.866s][info][gc,phases      ] GC(482) Adjust Roots 3.421ms
[597.866s][info][gc,phases,start] GC(482) Compaction Phase
[597.954s][info][gc,phases      ] GC(482) Compaction Phase 88.549ms
[597.954s][info][gc,phases,start] GC(482) Post Compact
[597.955s][info][gc,phases      ] GC(482) Post Compact 1.193ms
[597.956s][info][gc,heap        ] GC(482) PSYoungGen: 60128K(2523648K)->0K(2523648K) Eden: 0K(2260480K)->0K(2260480K) From: 60128K(263168K)->0K(263168K)
[597.956s][info][gc,heap        ] GC(482) ParOldGen: 159933K(5592576K)->103546K(5592576K)
[597.956s][info][gc,metaspace   ] GC(482) Metaspace: 22974K(23296K)->22974K(23296K) NonClass: 20181K(20352K)->20181K(20352K) Class: 2793K(2944K)->2793K(2944K)
[597.956s][info][gc             ] GC(482) Pause Full (System.gc()) 214M->101M(7926M) 135.604ms
[597.956s][info][gc,cpu         ] GC(482) User=0.64s Sys=0.02s Real=0.13s
[599.179s][info][gc,start       ] GC(483) Pause Young (Allocation Failure)
[599.311s][info][gc,heap        ] GC(483) PSYoungGen: 2260480K(2523648K)->200720K(2511872K) Eden: 2260480K(2260480K)->0K(2243072K) From: 0K(263168K)->200720K(268800K)
[599.311s][info][gc,heap        ] GC(483) ParOldGen: 103546K(5592576K)->103546K(5592576K)
[599.311s][info][gc,metaspace   ] GC(483) Metaspace: 22974K(23296K)->22974K(23296K) NonClass: 20181K(20352K)->20181K(20352K) Class: 2793K(2944K)->2793K(2944K)
[599.311s][info][gc             ] GC(483) Pause Young (Allocation Failure) 2308M->297M(7914M) 131.565ms
[599.311s][info][gc,cpu         ] GC(483) User=0.67s Sys=0.00s Real=0.13s
[600.968s][info][gc,start       ] GC(484) Pause Young (Allocation Failure)
[601.059s][info][gc,heap        ] GC(484) PSYoungGen: 2443792K(2511872K)->130832K(2519552K) Eden: 2243072K(2243072K)->0K(2243072K) From: 200720K(268800K)->130832K(276480K)
[601.059s][info][gc,heap        ] GC(484) ParOldGen: 103546K(5592576K)->103586K(5592576K)
[601.059s][info][gc,metaspace   ] GC(484) Metaspace: 22974K(23296K)->22974K(23296K) NonClass: 20181K(20352K)->20181K(20352K) Class: 2793K(2944K)->2793K(2944K)
[601.059s][info][gc             ] GC(484) Pause Young (Allocation Failure) 2487M->228M(7922M) 90.805ms
[601.059s][info][gc,cpu         ] GC(484) User=0.56s Sys=0.00s Real=0.09s
[602.068s][info][gc,start       ] GC(485) Pause Young (Allocation Failure)
[602.200s][info][gc,heap        ] GC(485) PSYoungGen: 2373904K(2519552K)->196448K(2516992K) Eden: 2243072K(2243072K)->0K(2249216K) From: 130832K(276480K)->196448K(267776K)
[602.200s][info][gc,heap        ] GC(485) ParOldGen: 103586K(5592576K)->115954K(5592576K)
[602.200s][info][gc,metaspace   ] GC(485) Metaspace: 22974K(23296K)->22974K(23296K) NonClass: 20181K(20352K)->20181K(20352K) Class: 2793K(2944K)->2793K(2944K)
[602.200s][info][gc             ] GC(485) Pause Young (Allocation Failure) 2419M->305M(7919M) 131.655ms
[602.200s][info][gc,cpu         ] GC(485) User=0.83s Sys=0.00s Real=0.13s
[603.851s][info][gc,start       ] GC(486) Pause Young (Allocation Failure)
[603.952s][info][gc,heap        ] GC(486) PSYoungGen: 2445664K(2516992K)->144736K(2522624K) Eden: 2249216K(2249216K)->0K(2249216K) From: 196448K(267776K)->144736K(273408K)
[603.952s][info][gc,heap        ] GC(486) ParOldGen: 115954K(5592576K)->118610K(5592576K)
[603.952s][info][gc,metaspace   ] GC(486) Metaspace: 22974K(23296K)->22974K(23296K) NonClass: 20181K(20352K)->20181K(20352K) Class: 2793K(2944K)->2793K(2944K)
[603.952s][info][gc             ] GC(486) Pause Young (Allocation Failure) 2501M->257M(7925M) 101.116ms
[603.952s][info][gc,cpu         ] GC(486) User=0.55s Sys=0.00s Real=0.11s
[605.085s][info][gc,start       ] GC(487) Pause Young (Allocation Failure)
[605.225s][info][gc,heap        ] GC(487) PSYoungGen: 2393952K(2522624K)->210016K(2513408K) Eden: 2249216K(2249216K)->0K(2250240K) From: 144736K(273408K)->210016K(263168K)
[605.225s][info][gc,heap        ] GC(487) ParOldGen: 118610K(5592576K)->133854K(5592576K)
[605.225s][info][gc,metaspace   ] GC(487) Metaspace: 22974K(23296K)->22974K(23296K) NonClass: 20181K(20352K)->20181K(20352K) Class: 2793K(2944K)->2793K(2944K)
[605.225s][info][gc             ] GC(487) Pause Young (Allocation Failure) 2453M->335M(7916M) 139.974ms
[605.225s][info][gc,cpu         ] GC(487) User=0.69s Sys=0.00s Real=0.14s
[606.815s][info][gc,start       ] GC(488) Pause Young (Allocation Failure)
[606.933s][info][gc,heap        ] GC(488) PSYoungGen: 2460256K(2513408K)->171680K(2523136K) Eden: 2250240K(2250240K)->0K(2250240K) From: 210016K(263168K)->171680K(272896K)
[606.933s][info][gc,heap        ] GC(488) ParOldGen: 133854K(5592576K)->138598K(5592576K)
[606.933s][info][gc,metaspace   ] GC(488) Metaspace: 22974K(23296K)->22974K(23296K) NonClass: 20181K(20352K)->20181K(20352K) Class: 2793K(2944K)->2793K(2944K)
[606.933s][info][gc             ] GC(488) Pause Young (Allocation Failure) 2533M->303M(7925M) 117.992ms
[606.933s][info][gc,cpu         ] GC(488) User=0.73s Sys=0.02s Real=0.12s
[607.608s][info][gc,start       ] GC(489) Pause Young (System.gc())
[607.678s][info][gc,heap        ] GC(489) PSYoungGen: 1053737K(2523136K)->56240K(2515456K) Eden: 882057K(2250240K)->0K(2249216K) From: 171680K(272896K)->56240K(266240K)
[607.678s][info][gc,heap        ] GC(489) ParOldGen: 138598K(5592576K)->179710K(5592576K)
[607.678s][info][gc,metaspace   ] GC(489) Metaspace: 22976K(23296K)->22976K(23296K) NonClass: 20182K(20352K)->20182K(20352K) Class: 2793K(2944K)->2793K(2944K)
[607.678s][info][gc             ] GC(489) Pause Young (System.gc()) 1164M->230M(7918M) 70.518ms
[607.678s][info][gc,cpu         ] GC(489) User=0.38s Sys=0.00s Real=0.07s
[607.678s][info][gc,start       ] GC(490) Pause Full (System.gc())
[607.678s][info][gc,phases,start] GC(490) Marking Phase
[607.714s][info][gc,phases      ] GC(490) Marking Phase 35.940ms
[607.714s][info][gc,phases,start] GC(490) Summary Phase
[607.714s][info][gc,phases      ] GC(490) Summary Phase 0.012ms
[607.714s][info][gc,phases,start] GC(490) Adjust Roots
[607.718s][info][gc,phases      ] GC(490) Adjust Roots 3.864ms
[607.718s][info][gc,phases,start] GC(490) Compaction Phase
[607.811s][info][gc,phases      ] GC(490) Compaction Phase 92.479ms
[607.811s][info][gc,phases,start] GC(490) Post Compact
[607.812s][info][gc,phases      ] GC(490) Post Compact 1.609ms
[607.812s][info][gc,heap        ] GC(490) PSYoungGen: 56240K(2515456K)->0K(2515456K) Eden: 0K(2249216K)->0K(2249216K) From: 56240K(266240K)->0K(266240K)
[607.812s][info][gc,heap        ] GC(490) ParOldGen: 179710K(5592576K)->103518K(5592576K)
[607.812s][info][gc,metaspace   ] GC(490) Metaspace: 22976K(23296K)->22976K(23296K) NonClass: 20182K(20352K)->20182K(20352K) Class: 2793K(2944K)->2793K(2944K)
[607.812s][info][gc             ] GC(490) Pause Full (System.gc()) 230M->101M(7918M) 134.190ms
[607.812s][info][gc,cpu         ] GC(490) User=0.73s Sys=0.02s Real=0.13s
[609.060s][info][gc,start       ] GC(491) Pause Young (Allocation Failure)
[609.190s][info][gc,heap        ] GC(491) PSYoungGen: 2249216K(2515456K)->201584K(2450944K) Eden: 2249216K(2249216K)->0K(2249216K) From: 0K(266240K)->201584K(201728K)
[609.190s][info][gc,heap        ] GC(491) ParOldGen: 103518K(5592576K)->103518K(5592576K)
[609.190s][info][gc,metaspace   ] GC(491) Metaspace: 22988K(23296K)->22988K(23296K) NonClass: 20194K(20352K)->20194K(20352K) Class: 2793K(2944K)->2793K(2944K)
[609.190s][info][gc             ] GC(491) Pause Young (Allocation Failure) 2297M->297M(7855M) 129.932ms
[609.190s][info][gc,cpu         ] GC(491) User=0.75s Sys=0.00s Real=0.13s
[610.856s][info][gc,start       ] GC(492) Pause Young (Allocation Failure)
[610.956s][info][gc,heap        ] GC(492) PSYoungGen: 2450800K(2450944K)->141728K(2526208K) Eden: 2249216K(2249216K)->0K(2246144K) From: 201584K(201728K)->141728K(280064K)
[610.958s][info][gc,heap        ] GC(492) ParOldGen: 103518K(5592576K)->103558K(5592576K)
[610.958s][info][gc,metaspace   ] GC(492) Metaspace: 22988K(23296K)->22988K(23296K) NonClass: 20194K(20352K)->20194K(20352K) Class: 2793K(2944K)->2793K(2944K)
[610.958s][info][gc             ] GC(492) Pause Young (Allocation Failure) 2494M->239M(7928M) 101.806ms
[610.958s][info][gc,cpu         ] GC(492) User=0.55s Sys=0.00s Real=0.11s
[612.267s][info][gc,start       ] GC(493) Pause Young (Allocation Failure)
[612.403s][info][gc,heap        ] GC(493) PSYoungGen: 2387872K(2526208K)->184160K(2515968K) Eden: 2246144K(2246144K)->0K(2246144K) From: 141728K(280064K)->184160K(269824K)
[612.406s][info][gc,heap        ] GC(493) ParOldGen: 103558K(5592576K)->107902K(5592576K)
[612.406s][info][gc,metaspace   ] GC(493) Metaspace: 22988K(23296K)->22988K(23296K) NonClass: 20194K(20352K)->20194K(20352K) Class: 2793K(2944K)->2793K(2944K)
[612.406s][info][gc             ] GC(493) Pause Young (Allocation Failure) 2433M->285M(7918M) 138.738ms
[612.406s][info][gc,cpu         ] GC(493) User=0.84s Sys=0.00s Real=0.15s
[613.938s][info][gc,start       ] GC(494) Pause Young (Allocation Failure)
[614.059s][info][gc,heap        ] GC(494) PSYoungGen: 2430304K(2515968K)->179392K(2529280K) Eden: 2246144K(2246144K)->0K(2259456K) From: 184160K(269824K)->179392K(269824K)
[614.060s][info][gc,heap        ] GC(494) ParOldGen: 107902K(5592576K)->109334K(5592576K)
[614.060s][info][gc,metaspace   ] GC(494) Metaspace: 22988K(23296K)->22988K(23296K) NonClass: 20194K(20352K)->20194K(20352K) Class: 2793K(2944K)->2793K(2944K)
[614.060s][info][gc             ] GC(494) Pause Young (Allocation Failure) 2478M->281M(7931M) 121.633ms
[614.060s][info][gc,cpu         ] GC(494) User=0.75s Sys=0.00s Real=0.12s
[615.840s][info][gc,start       ] GC(495) Pause Young (Allocation Failure)
[615.924s][info][gc,heap        ] GC(495) PSYoungGen: 2438848K(2529280K)->113888K(2526208K) Eden: 2259456K(2259456K)->0K(2259456K) From: 179392K(269824K)->113888K(266752K)
[615.924s][info][gc,heap        ] GC(495) ParOldGen: 109334K(5592576K)->109358K(5592576K)
[615.924s][info][gc,metaspace   ] GC(495) Metaspace: 22988K(23296K)->22988K(23296K) NonClass: 20194K(20352K)->20194K(20352K) Class: 2793K(2944K)->2793K(2944K)
[615.924s][info][gc             ] GC(495) Pause Young (Allocation Failure) 2488M->218M(7928M) 83.824ms
[615.924s][info][gc,cpu         ] GC(495) User=0.47s Sys=0.00s Real=0.08s
[617.089s][info][gc,start       ] GC(496) Pause Young (Allocation Failure)
[617.219s][info][gc,heap        ] GC(496) PSYoungGen: 2373344K(2526208K)->199920K(2521088K) Eden: 2259456K(2259456K)->0K(2257408K) From: 113888K(266752K)->199920K(263680K)
[617.219s][info][gc,heap        ] GC(496) ParOldGen: 109358K(5592576K)->114194K(5592576K)
[617.219s][info][gc,metaspace   ] GC(496) Metaspace: 22988K(23296K)->22988K(23296K) NonClass: 20194K(20352K)->20194K(20352K) Class: 2793K(2944K)->2793K(2944K)
[617.219s][info][gc             ] GC(496) Pause Young (Allocation Failure) 2424M->306M(7923M) 130.015ms
[617.219s][info][gc,cpu         ] GC(496) User=0.75s Sys=0.00s Real=0.14s
[617.764s][info][gc,start       ] GC(497) Pause Young (System.gc())
[617.833s][info][gc,heap        ] GC(497) PSYoungGen: 677033K(2521088K)->33584K(2291200K) Eden: 477113K(2257408K)->0K(2257408K) From: 199920K(263680K)->33584K(33792K)
[617.833s][info][gc,heap        ] GC(497) ParOldGen: 114194K(5592576K)->179086K(5592576K)
[617.833s][info][gc,metaspace   ] GC(497) Metaspace: 22988K(23296K)->22988K(23296K) NonClass: 20194K(20352K)->20194K(20352K) Class: 2793K(2944K)->2793K(2944K)
[617.833s][info][gc             ] GC(497) Pause Young (System.gc()) 772M->207M(7699M) 68.919ms
[617.833s][info][gc,cpu         ] GC(497) User=0.36s Sys=0.00s Real=0.07s
[617.833s][info][gc,start       ] GC(498) Pause Full (System.gc())
[617.833s][info][gc,phases,start] GC(498) Marking Phase
[617.874s][info][gc,phases      ] GC(498) Marking Phase 40.858ms
[617.874s][info][gc,phases,start] GC(498) Summary Phase
[617.874s][info][gc,phases      ] GC(498) Summary Phase 0.012ms
[617.874s][info][gc,phases,start] GC(498) Adjust Roots
[617.878s][info][gc,phases      ] GC(498) Adjust Roots 3.406ms
[617.878s][info][gc,phases,start] GC(498) Compaction Phase
[617.970s][info][gc,phases      ] GC(498) Compaction Phase 91.953ms
[617.970s][info][gc,phases,start] GC(498) Post Compact
[617.971s][info][gc,phases      ] GC(498) Post Compact 1.062ms
[617.971s][info][gc,heap        ] GC(498) PSYoungGen: 33584K(2291200K)->0K(2291200K) Eden: 0K(2257408K)->0K(2257408K) From: 33584K(33792K)->0K(33792K)
[617.971s][info][gc,heap        ] GC(498) ParOldGen: 179086K(5592576K)->103530K(5592576K)
[617.971s][info][gc,metaspace   ] GC(498) Metaspace: 22988K(23296K)->22988K(23296K) NonClass: 20194K(20352K)->20194K(20352K) Class: 2793K(2944K)->2793K(2944K)
[617.971s][info][gc             ] GC(498) Pause Full (System.gc()) 207M->101M(7699M) 137.555ms
[617.971s][info][gc,cpu         ] GC(498) User=0.75s Sys=0.02s Real=0.13s
[619.191s][info][gc,start       ] GC(499) Pause Young (Allocation Failure)
[619.313s][info][gc,heap        ] GC(499) PSYoungGen: 2257408K(2291200K)->190848K(2509824K) Eden: 2257408K(2257408K)->0K(2229760K) From: 0K(33792K)->190848K(280064K)
[619.313s][info][gc,heap        ] GC(499) ParOldGen: 103530K(5592576K)->103530K(5592576K)
[619.314s][info][gc,metaspace   ] GC(499) Metaspace: 22988K(23296K)->22988K(23296K) NonClass: 20194K(20352K)->20194K(20352K) Class: 2793K(2944K)->2793K(2944K)
[619.314s][info][gc             ] GC(499) Pause Young (Allocation Failure) 2305M->287M(7912M) 122.662ms
[619.314s][info][gc,cpu         ] GC(499) User=0.73s Sys=0.00s Real=0.13s
[620.930s][info][gc,start       ] GC(500) Pause Young (Allocation Failure)
[621.014s][info][gc,heap        ] GC(500) PSYoungGen: 2420608K(2509824K)->118400K(2512896K) Eden: 2229760K(2229760K)->0K(2229760K) From: 190848K(280064K)->118400K(283136K)
[621.014s][info][gc,heap        ] GC(500) ParOldGen: 103530K(5592576K)->103554K(5592576K)
[621.014s][info][gc,metaspace   ] GC(500) Metaspace: 22988K(23296K)->22988K(23296K) NonClass: 20194K(20352K)->20194K(20352K) Class: 2793K(2944K)->2793K(2944K)
[621.014s][info][gc             ] GC(500) Pause Young (Allocation Failure) 2464M->216M(7915M) 84.437ms
[621.014s][info][gc,cpu         ] GC(500) User=0.47s Sys=0.00s Real=0.10s
[622.144s][info][gc,start       ] GC(501) Pause Young (Allocation Failure)
[622.264s][info][gc,heap        ] GC(501) PSYoungGen: 2348160K(2512896K)->177712K(2522624K) Eden: 2229760K(2229760K)->0K(2247168K) From: 118400K(283136K)->177712K(275456K)
[622.264s][info][gc,heap        ] GC(501) ParOldGen: 103554K(5592576K)->108482K(5592576K)
[622.264s][info][gc,metaspace   ] GC(501) Metaspace: 22988K(23296K)->22988K(23296K) NonClass: 20194K(20352K)->20194K(20352K) Class: 2793K(2944K)->2793K(2944K)
[622.264s][info][gc             ] GC(501) Pause Young (Allocation Failure) 2394M->279M(7925M) 120.094ms
[622.264s][info][gc,cpu         ] GC(501) User=0.73s Sys=0.00s Real=0.12s
[623.932s][info][gc,start       ] GC(502) Pause Young (Allocation Failure)
[624.029s][info][gc,heap        ] GC(502) PSYoungGen: 2424880K(2522624K)->130320K(2520576K) Eden: 2247168K(2247168K)->0K(2247168K) From: 177712K(275456K)->130320K(273408K)
[624.029s][info][gc,heap        ] GC(502) ParOldGen: 108482K(5592576K)->110162K(5592576K)
[624.029s][info][gc,metaspace   ] GC(502) Metaspace: 22988K(23296K)->22988K(23296K) NonClass: 20194K(20352K)->20194K(20352K) Class: 2793K(2944K)->2793K(2944K)
[624.029s][info][gc             ] GC(502) Pause Young (Allocation Failure) 2473M->234M(7923M) 97.430ms
[624.030s][info][gc,cpu         ] GC(502) User=0.56s Sys=0.00s Real=0.10s
[625.173s][info][gc,start       ] GC(503) Pause Young (Allocation Failure)
[625.308s][info][gc,heap        ] GC(503) PSYoungGen: 2377488K(2520576K)->204480K(2512896K) Eden: 2247168K(2247168K)->0K(2248192K) From: 130320K(273408K)->204480K(264704K)
[625.310s][info][gc,heap        ] GC(503) ParOldGen: 110162K(5592576K)->119410K(5592576K)
[625.310s][info][gc,metaspace   ] GC(503) Metaspace: 22988K(23296K)->22988K(23296K) NonClass: 20194K(20352K)->20194K(20352K) Class: 2793K(2944K)->2793K(2944K)
[625.310s][info][gc             ] GC(503) Pause Young (Allocation Failure) 2429M->316M(7915M) 137.969ms
[625.311s][info][gc,cpu         ] GC(503) User=0.83s Sys=0.02s Real=0.15s
[626.834s][info][gc,start       ] GC(504) Pause Young (Allocation Failure)
[626.938s][info][gc,heap        ] GC(504) PSYoungGen: 2452672K(2512896K)->146736K(2522112K) Eden: 2248192K(2248192K)->0K(2248192K) From: 204480K(264704K)->146736K(273920K)
[626.938s][info][gc,heap        ] GC(504) ParOldGen: 119410K(5592576K)->121555K(5592576K)
[626.938s][info][gc,metaspace   ] GC(504) Metaspace: 22988K(23296K)->22988K(23296K) NonClass: 20194K(20352K)->20194K(20352K) Class: 2793K(2944K)->2793K(2944K)
[626.938s][info][gc             ] GC(504) Pause Young (Allocation Failure) 2511M->262M(7924M) 104.022ms
[626.938s][info][gc,cpu         ] GC(504) User=0.64s Sys=0.00s Real=0.10s
[627.658s][info][gc,start       ] GC(505) Pause Young (System.gc())
[627.725s][info][gc,heap        ] GC(505) PSYoungGen: 1234913K(2522112K)->69520K(2525696K) Eden: 1088177K(2248192K)->0K(2262528K) From: 146736K(273920K)->69520K(263168K)
[627.725s][info][gc,heap        ] GC(505) ParOldGen: 121555K(5592576K)->149387K(5592576K)
[627.725s][info][gc,metaspace   ] GC(505) Metaspace: 22988K(23296K)->22988K(23296K) NonClass: 20195K(20352K)->20195K(20352K) Class: 2793K(2944K)->2793K(2944K)
[627.725s][info][gc             ] GC(505) Pause Young (System.gc()) 1324M->213M(7928M) 67.287ms
[627.725s][info][gc,cpu         ] GC(505) User=0.34s Sys=0.00s Real=0.07s
[627.725s][info][gc,start       ] GC(506) Pause Full (System.gc())
[627.725s][info][gc,phases,start] GC(506) Marking Phase
[627.762s][info][gc,phases      ] GC(506) Marking Phase 36.166ms
[627.762s][info][gc,phases,start] GC(506) Summary Phase
[627.762s][info][gc,phases      ] GC(506) Summary Phase 0.011ms
[627.762s][info][gc,phases,start] GC(506) Adjust Roots
[627.765s][info][gc,phases      ] GC(506) Adjust Roots 3.404ms
[627.765s][info][gc,phases,start] GC(506) Compaction Phase
[627.853s][info][gc,phases      ] GC(506) Compaction Phase 87.626ms
[627.853s][info][gc,phases,start] GC(506) Post Compact
[627.854s][info][gc,phases      ] GC(506) Post Compact 1.242ms
[627.854s][info][gc,heap        ] GC(506) PSYoungGen: 69520K(2525696K)->0K(2525696K) Eden: 0K(2262528K)->0K(2262528K) From: 69520K(263168K)->0K(263168K)
[627.854s][info][gc,heap        ] GC(506) ParOldGen: 149387K(5592576K)->103572K(5592576K)
[627.854s][info][gc,metaspace   ] GC(506) Metaspace: 22988K(23296K)->22988K(23296K) NonClass: 20195K(20352K)->20195K(20352K) Class: 2793K(2944K)->2793K(2944K)
[627.854s][info][gc             ] GC(506) Pause Full (System.gc()) 213M->101M(7928M) 128.740ms
[627.854s][info][gc,cpu         ] GC(506) User=0.77s Sys=0.00s Real=0.13s
[629.103s][info][gc,start       ] GC(507) Pause Young (Allocation Failure)
[629.236s][info][gc,heap        ] GC(507) PSYoungGen: 2262528K(2525696K)->200816K(2463744K) Eden: 2262528K(2262528K)->0K(2262528K) From: 0K(263168K)->200816K(201216K)
[629.236s][info][gc,heap        ] GC(507) ParOldGen: 103572K(5592576K)->103572K(5592576K)
[629.236s][info][gc,metaspace   ] GC(507) Metaspace: 22989K(23296K)->22989K(23296K) NonClass: 20196K(20352K)->20196K(20352K) Class: 2793K(2944K)->2793K(2944K)
[629.236s][info][gc             ] GC(507) Pause Young (Allocation Failure) 2310M->297M(7867M) 132.850ms
[629.236s][info][gc,cpu         ] GC(507) User=0.72s Sys=0.00s Real=0.14s
[630.913s][info][gc,start       ] GC(508) Pause Young (Allocation Failure)
[631.008s][info][gc,heap        ] GC(508) PSYoungGen: 2463344K(2463744K)->137216K(2530816K) Eden: 2262528K(2262528K)->0K(2255872K) From: 200816K(201216K)->137216K(274944K)
[631.008s][info][gc,heap        ] GC(508) ParOldGen: 103572K(5592576K)->103604K(5592576K)
[631.008s][info][gc,metaspace   ] GC(508) Metaspace: 22989K(23296K)->22989K(23296K) NonClass: 20196K(20352K)->20196K(20352K) Class: 2793K(2944K)->2793K(2944K)
[631.008s][info][gc             ] GC(508) Pause Young (Allocation Failure) 2506M->235M(7933M) 94.991ms
[631.008s][info][gc,cpu         ] GC(508) User=0.66s Sys=0.00s Real=0.10s
[632.051s][info][gc,start       ] GC(509) Pause Young (Allocation Failure)
[632.190s][info][gc,heap        ] GC(509) PSYoungGen: 2393088K(2530816K)->201024K(2521088K) Eden: 2255872K(2255872K)->0K(2255872K) From: 137216K(274944K)->201024K(265216K)
[632.192s][info][gc,heap        ] GC(509) ParOldGen: 103604K(5592576K)->118776K(5592576K)
[632.192s][info][gc,metaspace   ] GC(509) Metaspace: 22989K(23296K)->22989K(23296K) NonClass: 20196K(20352K)->20196K(20352K) Class: 2793K(2944K)->2793K(2944K)
[632.192s][info][gc             ] GC(509) Pause Young (Allocation Failure) 2438M->312M(7923M) 141.704ms
[632.192s][info][gc,cpu         ] GC(509) User=0.83s Sys=0.00s Real=0.14s
[633.803s][info][gc,start       ] GC(510) Pause Young (Allocation Failure)
[633.902s][info][gc,heap        ] GC(510) PSYoungGen: 2456896K(2521088K)->133856K(2531840K) Eden: 2255872K(2255872K)->0K(2259456K) From: 201024K(265216K)->133856K(272384K)
[633.902s][info][gc,heap        ] GC(510) ParOldGen: 118776K(5592576K)->122480K(5592576K)
[633.902s][info][gc,metaspace   ] GC(510) Metaspace: 22989K(23296K)->22989K(23296K) NonClass: 20196K(20352K)->20196K(20352K) Class: 2793K(2944K)->2793K(2944K)
[633.902s][info][gc             ] GC(510) Pause Young (Allocation Failure) 2515M->250M(7934M) 98.448ms
[633.902s][info][gc,cpu         ] GC(510) User=0.64s Sys=0.00s Real=0.10s
[634.989s][info][gc,start       ] GC(511) Pause Young (Allocation Failure)
[635.127s][info][gc,heap        ] GC(511) PSYoungGen: 2393312K(2531840K)->202608K(2523648K) Eden: 2259456K(2259456K)->0K(2259456K) From: 133856K(272384K)->202608K(264192K)
[635.127s][info][gc,heap        ] GC(511) ParOldGen: 122480K(5592576K)->135796K(5592576K)
[635.127s][info][gc,metaspace   ] GC(511) Metaspace: 22989K(23296K)->22989K(23296K) NonClass: 20196K(20352K)->20196K(20352K) Class: 2793K(2944K)->2793K(2944K)
[635.127s][info][gc             ] GC(511) Pause Young (Allocation Failure) 2456M->330M(7926M) 138.591ms
[635.127s][info][gc,cpu         ] GC(511) User=0.81s Sys=0.00s Real=0.14s
[636.808s][info][gc,start       ] GC(512) Pause Young (Allocation Failure)
[636.922s][info][gc,heap        ] GC(512) PSYoungGen: 2462064K(2523648K)->164144K(2533376K) Eden: 2259456K(2259456K)->0K(2261504K) From: 202608K(264192K)->164144K(271872K)
[636.922s][info][gc,heap        ] GC(512) ParOldGen: 135796K(5592576K)->139912K(5592576K)
[636.922s][info][gc,metaspace   ] GC(512) Metaspace: 22993K(23296K)->22993K(23296K) NonClass: 20199K(20352K)->20199K(20352K) Class: 2793K(2944K)->2793K(2944K)
[636.922s][info][gc             ] GC(512) Pause Young (Allocation Failure) 2536M->296M(7935M) 113.994ms
[636.922s][info][gc,cpu         ] GC(512) User=0.66s Sys=0.00s Real=0.11s
[637.526s][info][gc,start       ] GC(513) Pause Young (System.gc())
[637.593s][info][gc,heap        ] GC(513) PSYoungGen: 1075672K(2533376K)->60320K(2522624K) Eden: 911528K(2261504K)->0K(2259968K) From: 164144K(271872K)->60320K(262656K)
[637.593s][info][gc,heap        ] GC(513) ParOldGen: 139912K(5592576K)->177072K(5592576K)
[637.593s][info][gc,metaspace   ] GC(513) Metaspace: 22993K(23296K)->22993K(23296K) NonClass: 20199K(20352K)->20199K(20352K) Class: 2793K(2944K)->2793K(2944K)
[637.593s][info][gc             ] GC(513) Pause Young (System.gc()) 1187M->231M(7925M) 66.827ms
[637.593s][info][gc,cpu         ] GC(513) User=0.36s Sys=0.00s Real=0.07s
[637.593s][info][gc,start       ] GC(514) Pause Full (System.gc())
[637.593s][info][gc,phases,start] GC(514) Marking Phase
[637.629s][info][gc,phases      ] GC(514) Marking Phase 35.521ms
[637.629s][info][gc,phases,start] GC(514) Summary Phase
[637.629s][info][gc,phases      ] GC(514) Summary Phase 0.011ms
[637.629s][info][gc,phases,start] GC(514) Adjust Roots
[637.633s][info][gc,phases      ] GC(514) Adjust Roots 4.569ms
[637.633s][info][gc,phases,start] GC(514) Compaction Phase
[637.725s][info][gc,phases      ] GC(514) Compaction Phase 91.982ms
[637.725s][info][gc,phases,start] GC(514) Post Compact
[637.727s][info][gc,phases      ] GC(514) Post Compact 1.191ms
[637.727s][info][gc,heap        ] GC(514) PSYoungGen: 60320K(2522624K)->0K(2522624K) Eden: 0K(2259968K)->0K(2259968K) From: 60320K(262656K)->0K(262656K)
[637.727s][info][gc,heap        ] GC(514) ParOldGen: 177072K(5592576K)->103692K(5592576K)
[637.727s][info][gc,metaspace   ] GC(514) Metaspace: 22993K(23296K)->22993K(23296K) NonClass: 20199K(20352K)->20199K(20352K) Class: 2793K(2944K)->2793K(2944K)
[637.727s][info][gc             ] GC(514) Pause Full (System.gc()) 231M->101M(7925M) 133.763ms
[637.727s][info][gc,cpu         ] GC(514) User=0.67s Sys=0.00s Real=0.13s
[638.986s][info][gc,start       ] GC(515) Pause Young (Allocation Failure)
[639.119s][info][gc,heap        ] GC(515) PSYoungGen: 2259968K(2522624K)->202832K(2510848K) Eden: 2259968K(2259968K)->0K(2242048K) From: 0K(262656K)->202832K(268800K)
[639.121s][info][gc,heap        ] GC(515) ParOldGen: 103692K(5592576K)->103692K(5592576K)
[639.121s][info][gc,metaspace   ] GC(515) Metaspace: 22998K(23296K)->22998K(23296K) NonClass: 20204K(20352K)->20204K(20352K) Class: 2793K(2944K)->2793K(2944K)
[639.121s][info][gc             ] GC(515) Pause Young (Allocation Failure) 2308M->299M(7913M) 134.777ms
[639.121s][info][gc,cpu         ] GC(515) User=0.83s Sys=0.00s Real=0.13s
[640.661s][info][gc,start       ] GC(516) Pause Young (Allocation Failure)
[640.747s][info][gc,heap        ] GC(516) PSYoungGen: 2444880K(2510848K)->119664K(2519040K) Eden: 2242048K(2242048K)->0K(2242048K) From: 202832K(268800K)->119664K(276992K)
[640.747s][info][gc,heap        ] GC(516) ParOldGen: 103692K(5592576K)->103716K(5592576K)
[640.747s][info][gc,metaspace   ] GC(516) Metaspace: 22998K(23296K)->22998K(23296K) NonClass: 20204K(20352K)->20204K(20352K) Class: 2793K(2944K)->2793K(2944K)
[640.747s][info][gc             ] GC(516) Pause Young (Allocation Failure) 2488M->218M(7921M) 85.873ms
[640.747s][info][gc,cpu         ] GC(516) User=0.50s Sys=0.00s Real=0.09s
[641.918s][info][gc,start       ] GC(517) Pause Young (Allocation Failure)
[642.035s][info][gc,heap        ] GC(517) PSYoungGen: 2361712K(2519040K)->178320K(2527232K) Eden: 2242048K(2242048K)->0K(2256896K) From: 119664K(276992K)->178320K(270336K)
[642.035s][info][gc,heap        ] GC(517) ParOldGen: 103716K(5592576K)->107632K(5592576K)
[642.035s][info][gc,metaspace   ] GC(517) Metaspace: 22998K(23296K)->22998K(23296K) NonClass: 20204K(20352K)->20204K(20352K) Class: 2793K(2944K)->2793K(2944K)
[642.035s][info][gc             ] GC(517) Pause Young (Allocation Failure) 2407M->279M(7929M) 117.447ms
[642.035s][info][gc,cpu         ] GC(517) User=0.64s Sys=0.00s Real=0.12s
[643.708s][info][gc,start       ] GC(518) Pause Young (Allocation Failure)
[643.808s][info][gc,heap        ] GC(518) PSYoungGen: 2435216K(2527232K)->147264K(2525696K) Eden: 2256896K(2256896K)->0K(2256896K) From: 178320K(270336K)->147264K(268800K)
[643.808s][info][gc,heap        ] GC(518) ParOldGen: 107632K(5592576K)->108960K(5592576K)
[643.808s][info][gc,metaspace   ] GC(518) Metaspace: 22998K(23296K)->22998K(23296K) NonClass: 20204K(20352K)->20204K(20352K) Class: 2793K(2944K)->2793K(2944K)
[643.808s][info][gc             ] GC(518) Pause Young (Allocation Failure) 2483M->250M(7928M) 100.123ms
[643.808s][info][gc,cpu         ] GC(518) User=0.66s Sys=0.00s Real=0.10s
[645.269s][info][gc,start       ] GC(519) Pause Young (Allocation Failure)
[645.370s][info][gc,heap        ] GC(519) PSYoungGen: 2404160K(2525696K)->143728K(2546688K) Eden: 2256896K(2256896K)->0K(2288128K) From: 147264K(268800K)->143728K(258560K)
[645.370s][info][gc,heap        ] GC(519) ParOldGen: 108960K(5592576K)->110792K(5592576K)
[645.370s][info][gc,metaspace   ] GC(519) Metaspace: 22998K(23296K)->22998K(23296K) NonClass: 20204K(20352K)->20204K(20352K) Class: 2793K(2944K)->2793K(2944K)
[645.370s][info][gc             ] GC(519) Pause Young (Allocation Failure) 2454M->248M(7948M) 101.258ms
[645.370s][info][gc,cpu         ] GC(519) User=0.66s Sys=0.00s Real=0.10s
[646.830s][info][gc,start       ] GC(520) Pause Young (Allocation Failure)
[646.956s][info][gc,heap        ] GC(520) PSYoungGen: 2431856K(2546688K)->190736K(2537472K) Eden: 2288128K(2288128K)->0K(2288128K) From: 143728K(258560K)->190736K(249344K)
[646.956s][info][gc,heap        ] GC(520) ParOldGen: 110792K(5592576K)->111640K(5592576K)
[646.956s][info][gc,metaspace   ] GC(520) Metaspace: 22998K(23296K)->22998K(23296K) NonClass: 20204K(20352K)->20204K(20352K) Class: 2793K(2944K)->2793K(2944K)
[646.956s][info][gc             ] GC(520) Pause Young (Allocation Failure) 2483M->295M(7939M) 126.250ms
[646.956s][info][gc,cpu         ] GC(520) User=0.70s Sys=0.00s Real=0.13s
[647.554s][info][gc,start       ] GC(521) Pause Young (System.gc())
[647.623s][info][gc,heap        ] GC(521) PSYoungGen: 864147K(2537472K)->45008K(2523648K) Eden: 673411K(2288128K)->0K(2269696K) From: 190736K(249344K)->45008K(253952K)
[647.623s][info][gc,heap        ] GC(521) ParOldGen: 111640K(5592576K)->164088K(5592576K)
[647.623s][info][gc,metaspace   ] GC(521) Metaspace: 22998K(23296K)->22998K(23296K) NonClass: 20204K(20352K)->20204K(20352K) Class: 2793K(2944K)->2793K(2944K)
[647.623s][info][gc             ] GC(521) Pause Young (System.gc()) 952M->204M(7926M) 68.512ms
[647.623s][info][gc,cpu         ] GC(521) User=0.38s Sys=0.00s Real=0.07s
[647.623s][info][gc,start       ] GC(522) Pause Full (System.gc())
[647.623s][info][gc,phases,start] GC(522) Marking Phase
[647.660s][info][gc,phases      ] GC(522) Marking Phase 37.380ms
[647.660s][info][gc,phases,start] GC(522) Summary Phase
[647.660s][info][gc,phases      ] GC(522) Summary Phase 0.011ms
[647.660s][info][gc,phases,start] GC(522) Adjust Roots
[647.664s][info][gc,phases      ] GC(522) Adjust Roots 3.588ms
[647.664s][info][gc,phases,start] GC(522) Compaction Phase
[647.754s][info][gc,phases      ] GC(522) Compaction Phase 89.687ms
[647.754s][info][gc,phases,start] GC(522) Post Compact
[647.755s][info][gc,phases      ] GC(522) Post Compact 1.061ms
[647.755s][info][gc,heap        ] GC(522) PSYoungGen: 45008K(2523648K)->0K(2523648K) Eden: 0K(2269696K)->0K(2269696K) From: 45008K(253952K)->0K(253952K)
[647.755s][info][gc,heap        ] GC(522) ParOldGen: 164088K(5592576K)->103606K(5592576K)
[647.755s][info][gc,metaspace   ] GC(522) Metaspace: 22998K(23296K)->22998K(23296K) NonClass: 20204K(20352K)->20204K(20352K) Class: 2793K(2944K)->2793K(2944K)
[647.755s][info][gc             ] GC(522) Pause Full (System.gc()) 204M->101M(7926M) 132.016ms
[647.755s][info][gc,cpu         ] GC(522) User=0.67s Sys=0.00s Real=0.13s
[648.883s][info][gc,start       ] GC(523) Pause Young (Allocation Failure)
[649.007s][info][gc,heap        ] GC(523) PSYoungGen: 2269696K(2523648K)->187984K(2458112K) Eden: 2269696K(2269696K)->0K(2269696K) From: 0K(253952K)->187984K(188416K)
[649.007s][info][gc,heap        ] GC(523) ParOldGen: 103606K(5592576K)->103606K(5592576K)
[649.007s][info][gc,metaspace   ] GC(523) Metaspace: 22998K(23296K)->22998K(23296K) NonClass: 20204K(20352K)->20204K(20352K) Class: 2793K(2944K)->2793K(2944K)
[649.007s][info][gc             ] GC(523) Pause Young (Allocation Failure) 2317M->284M(7862M) 124.316ms
[649.007s][info][gc,cpu         ] GC(523) User=0.66s Sys=0.00s Real=0.12s
[650.664s][info][gc,start       ] GC(524) Pause Young (Allocation Failure)
[650.751s][info][gc,heap        ] GC(524) PSYoungGen: 2457680K(2458112K)->120832K(2535936K) Eden: 2269696K(2269696K)->0K(2268672K) From: 187984K(188416K)->120832K(267264K)
[650.751s][info][gc,heap        ] GC(524) ParOldGen: 103606K(5592576K)->103638K(5592576K)
[650.751s][info][gc,metaspace   ] GC(524) Metaspace: 22998K(23296K)->22998K(23296K) NonClass: 20204K(20352K)->20204K(20352K) Class: 2793K(2944K)->2793K(2944K)
[650.752s][info][gc             ] GC(524) Pause Young (Allocation Failure) 2501M->219M(7938M) 87.627ms
[650.752s][info][gc,cpu         ] GC(524) User=0.47s Sys=0.00s Real=0.09s
[651.949s][info][gc,start       ] GC(525) Pause Young (Allocation Failure)
[652.083s][info][gc,heap        ] GC(525) PSYoungGen: 2389504K(2535936K)->206064K(2475008K) Eden: 2268672K(2268672K)->0K(2268672K) From: 120832K(267264K)->206064K(206336K)
[652.083s][info][gc,heap        ] GC(525) ParOldGen: 103638K(5592576K)->109534K(5592576K)
[652.083s][info][gc,metaspace   ] GC(525) Metaspace: 22998K(23296K)->22998K(23296K) NonClass: 20204K(20352K)->20204K(20352K) Class: 2793K(2944K)->2793K(2944K)
[652.083s][info][gc             ] GC(525) Pause Young (Allocation Failure) 2434M->308M(7878M) 134.663ms
[652.083s][info][gc,cpu         ] GC(525) User=0.75s Sys=0.00s Real=0.13s
[653.613s][info][gc,start       ] GC(526) Pause Young (Allocation Failure)
[653.710s][info][gc,heap        ] GC(526) PSYoungGen: 2474736K(2475008K)->140672K(2534912K) Eden: 2268672K(2268672K)->0K(2264064K) From: 206064K(206336K)->140672K(270848K)
[653.710s][info][gc,heap        ] GC(526) ParOldGen: 109534K(5592576K)->111370K(5592576K)
[653.710s][info][gc,metaspace   ] GC(526) Metaspace: 22998K(23296K)->22998K(23296K) NonClass: 20204K(20352K)->20204K(20352K) Class: 2793K(2944K)->2793K(2944K)
[653.710s][info][gc             ] GC(526) Pause Young (Allocation Failure) 2523M->246M(7937M) 97.550ms
[653.710s][info][gc,cpu         ] GC(526) User=0.66s Sys=0.00s Real=0.10s
[655.008s][info][gc,start       ] GC(527) Pause Young (Allocation Failure)
[655.144s][info][gc,heap        ] GC(527) PSYoungGen: 2404736K(2534912K)->181536K(2525184K) Eden: 2264064K(2264064K)->0K(2264064K) From: 140672K(270848K)->181536K(261120K)
[655.144s][info][gc,heap        ] GC(527) ParOldGen: 111370K(5592576K)->115526K(5592576K)
[655.144s][info][gc,metaspace   ] GC(527) Metaspace: 22998K(23296K)->22998K(23296K) NonClass: 20204K(20352K)->20204K(20352K) Class: 2793K(2944K)->2793K(2944K)
[655.144s][info][gc             ] GC(527) Pause Young (Allocation Failure) 2457M->290M(7927M) 136.308ms
[655.144s][info][gc,cpu         ] GC(527) User=0.75s Sys=0.00s Real=0.14s
[656.730s][info][gc,start       ] GC(528) Pause Young (Allocation Failure)
[656.849s][info][gc,heap        ] GC(528) PSYoungGen: 2445600K(2525184K)->180768K(2535424K) Eden: 2264064K(2264064K)->0K(2273792K) From: 181536K(261120K)->180768K(261632K)
[656.849s][info][gc,heap        ] GC(528) ParOldGen: 115526K(5592576K)->116822K(5592576K)
[656.849s][info][gc,metaspace   ] GC(528) Metaspace: 22998K(23296K)->22998K(23296K) NonClass: 20204K(20352K)->20204K(20352K) Class: 2793K(2944K)->2793K(2944K)
[656.849s][info][gc             ] GC(528) Pause Young (Allocation Failure) 2501M->290M(7937M) 118.509ms
[656.849s][info][gc,cpu         ] GC(528) User=0.64s Sys=0.00s Real=0.12s
[657.495s][info][gc,start       ] GC(529) Pause Young (System.gc())
[657.562s][info][gc,heap        ] GC(529) PSYoungGen: 914450K(2535424K)->48960K(2322432K) Eden: 733682K(2273792K)->0K(2273280K) From: 180768K(261632K)->48960K(49152K)
[657.562s][info][gc,heap        ] GC(529) ParOldGen: 116822K(5592576K)->165226K(5592576K)
[657.562s][info][gc,metaspace   ] GC(529) Metaspace: 22998K(23296K)->22998K(23296K) NonClass: 20204K(20352K)->20204K(20352K) Class: 2793K(2944K)->2793K(2944K)
[657.562s][info][gc             ] GC(529) Pause Young (System.gc()) 1007M->209M(7729M) 67.440ms
[657.562s][info][gc,cpu         ] GC(529) User=0.36s Sys=0.02s Real=0.07s
[657.563s][info][gc,start       ] GC(530) Pause Full (System.gc())
[657.563s][info][gc,phases,start] GC(530) Marking Phase
[657.600s][info][gc,phases      ] GC(530) Marking Phase 37.366ms
[657.600s][info][gc,phases,start] GC(530) Summary Phase
[657.600s][info][gc,phases      ] GC(530) Summary Phase 0.012ms
[657.600s][info][gc,phases,start] GC(530) Adjust Roots
[657.604s][info][gc,phases      ] GC(530) Adjust Roots 4.283ms
[657.604s][info][gc,phases,start] GC(530) Compaction Phase
[657.701s][info][gc,phases      ] GC(530) Compaction Phase 96.633ms
[657.701s][info][gc,phases,start] GC(530) Post Compact
[657.702s][info][gc,phases      ] GC(530) Post Compact 1.190ms
[657.702s][info][gc,heap        ] GC(530) PSYoungGen: 48960K(2322432K)->0K(2322432K) Eden: 0K(2273280K)->0K(2273280K) From: 48960K(49152K)->0K(49152K)
[657.702s][info][gc,heap        ] GC(530) ParOldGen: 165226K(5592576K)->103538K(5592576K)
[657.702s][info][gc,metaspace   ] GC(530) Metaspace: 22998K(23296K)->22998K(23296K) NonClass: 20204K(20352K)->20204K(20352K) Class: 2793K(2944K)->2793K(2944K)
[657.702s][info][gc             ] GC(530) Pause Full (System.gc()) 209M->101M(7729M) 139.830ms
[657.702s][info][gc,cpu         ] GC(530) User=0.77s Sys=0.00s Real=0.14s
[658.922s][info][gc,start       ] GC(531) Pause Young (Allocation Failure)
[659.046s][info][gc,heap        ] GC(531) PSYoungGen: 2273280K(2322432K)->191264K(2519040K) Eden: 2273280K(2273280K)->0K(2250240K) From: 0K(49152K)->191264K(268800K)
[659.046s][info][gc,heap        ] GC(531) ParOldGen: 103538K(5592576K)->103538K(5592576K)
[659.046s][info][gc,metaspace   ] GC(531) Metaspace: 22998K(23296K)->22998K(23296K) NonClass: 20204K(20352K)->20204K(20352K) Class: 2793K(2944K)->2793K(2944K)
[659.046s][info][gc             ] GC(531) Pause Young (Allocation Failure) 2321M->287M(7921M) 123.784ms
[659.046s][info][gc,cpu         ] GC(531) User=0.73s Sys=0.00s Real=0.13s
[660.606s][info][gc,start       ] GC(532) Pause Young (Allocation Failure)
[660.684s][info][gc,heap        ] GC(532) PSYoungGen: 2441504K(2519040K)->106720K(2523136K) Eden: 2250240K(2250240K)->0K(2250240K) From: 191264K(268800K)->106720K(272896K)
[660.684s][info][gc,heap        ] GC(532) ParOldGen: 103538K(5592576K)->103562K(5592576K)
[660.684s][info][gc,metaspace   ] GC(532) Metaspace: 22998K(23296K)->22998K(23296K) NonClass: 20204K(20352K)->20204K(20352K) Class: 2793K(2944K)->2793K(2944K)
[660.684s][info][gc             ] GC(532) Pause Young (Allocation Failure) 2485M->205M(7925M) 77.912ms
[660.684s][info][gc,cpu         ] GC(532) User=0.47s Sys=0.00s Real=0.08s
[661.804s][info][gc,start       ] GC(533) Pause Young (Allocation Failure)
[661.937s][info][gc,heap        ] GC(533) PSYoungGen: 2356960K(2523136K)->192304K(2517504K) Eden: 2250240K(2250240K)->0K(2249216K) From: 106720K(272896K)->192304K(268288K)
[661.937s][info][gc,heap        ] GC(533) ParOldGen: 103562K(5592576K)->107350K(5592576K)
[661.937s][info][gc,metaspace   ] GC(533) Metaspace: 22998K(23296K)->22998K(23296K) NonClass: 20204K(20352K)->20204K(20352K) Class: 2793K(2944K)->2793K(2944K)
[661.937s][info][gc             ] GC(533) Pause Young (Allocation Failure) 2402M->292M(7920M) 133.279ms
[661.937s][info][gc,cpu         ] GC(533) User=0.75s Sys=0.00s Real=0.13s
[663.445s][info][gc,start       ] GC(534) Pause Young (Allocation Failure)
[663.526s][info][gc,heap        ] GC(534) PSYoungGen: 2441520K(2517504K)->112688K(2522624K) Eden: 2249216K(2249216K)->0K(2249216K) From: 192304K(268288K)->112688K(273408K)
[663.526s][info][gc,heap        ] GC(534) ParOldGen: 107350K(5592576K)->108642K(5592576K)
[663.526s][info][gc,metaspace   ] GC(534) Metaspace: 22998K(23296K)->22998K(23296K) NonClass: 20204K(20352K)->20204K(20352K) Class: 2793K(2944K)->2793K(2944K)
[663.526s][info][gc             ] GC(534) Pause Young (Allocation Failure) 2489M->216M(7925M) 80.535ms
[663.526s][info][gc,cpu         ] GC(534) User=0.47s Sys=0.00s Real=0.09s
[664.662s][info][gc,start       ] GC(535) Pause Young (Allocation Failure)
[664.783s][info][gc,heap        ] GC(535) PSYoungGen: 2361904K(2522624K)->181120K(2526720K) Eden: 2249216K(2249216K)->0K(2259456K) From: 112688K(273408K)->181120K(267264K)
[664.783s][info][gc,heap        ] GC(535) ParOldGen: 108642K(5592576K)->112414K(5592576K)
[664.783s][info][gc,metaspace   ] GC(535) Metaspace: 22998K(23296K)->22998K(23296K) NonClass: 20204K(20352K)->20204K(20352K) Class: 2793K(2944K)->2793K(2944K)
[664.783s][info][gc             ] GC(535) Pause Young (Allocation Failure) 2412M->286M(7929M) 120.993ms
[664.783s][info][gc,cpu         ] GC(535) User=0.75s Sys=0.00s Real=0.12s
[666.343s][info][gc,start       ] GC(536) Pause Young (Allocation Failure)
[666.428s][info][gc,heap        ] GC(536) PSYoungGen: 2440576K(2526720K)->116576K(2527744K) Eden: 2259456K(2259456K)->0K(2259456K) From: 181120K(267264K)->116576K(268288K)
[666.428s][info][gc,heap        ] GC(536) ParOldGen: 112414K(5592576K)->113742K(5592576K)
[666.428s][info][gc,metaspace   ] GC(536) Metaspace: 22998K(23296K)->22998K(23296K) NonClass: 20204K(20352K)->20204K(20352K) Class: 2793K(2944K)->2793K(2944K)
[666.428s][info][gc             ] GC(536) Pause Young (Allocation Failure) 2493M->224M(7930M) 85.672ms
[666.428s][info][gc,cpu         ] GC(536) User=0.47s Sys=0.00s Real=0.09s
[667.268s][info][gc,start       ] GC(537) Pause Young (System.gc())
[667.341s][info][gc,heap        ] GC(537) PSYoungGen: 1469667K(2527744K)->87424K(2535424K) Eden: 1353091K(2259456K)->0K(2273280K) From: 116576K(268288K)->87424K(262144K)
[667.341s][info][gc,heap        ] GC(537) ParOldGen: 113742K(5592576K)->123582K(5592576K)
[667.341s][info][gc,metaspace   ] GC(537) Metaspace: 22998K(23296K)->22998K(23296K) NonClass: 20204K(20352K)->20204K(20352K) Class: 2793K(2944K)->2793K(2944K)
[667.341s][info][gc             ] GC(537) Pause Young (System.gc()) 1546M->206M(7937M) 73.023ms
[667.341s][info][gc,cpu         ] GC(537) User=0.45s Sys=0.00s Real=0.08s
[667.341s][info][gc,start       ] GC(538) Pause Full (System.gc())
[667.341s][info][gc,phases,start] GC(538) Marking Phase
[667.380s][info][gc,phases      ] GC(538) Marking Phase 38.491ms
[667.380s][info][gc,phases,start] GC(538) Summary Phase
[667.380s][info][gc,phases      ] GC(538) Summary Phase 0.012ms
[667.380s][info][gc,phases,start] GC(538) Adjust Roots
[667.384s][info][gc,phases      ] GC(538) Adjust Roots 3.767ms
[667.384s][info][gc,phases,start] GC(538) Compaction Phase
[667.479s][info][gc,phases      ] GC(538) Compaction Phase 94.987ms
[667.479s][info][gc,phases,start] GC(538) Post Compact
[667.480s][info][gc,phases      ] GC(538) Post Compact 1.054ms
[667.480s][info][gc,heap        ] GC(538) PSYoungGen: 87424K(2535424K)->0K(2535424K) Eden: 0K(2273280K)->0K(2273280K) From: 87424K(262144K)->0K(262144K)
[667.480s][info][gc,heap        ] GC(538) ParOldGen: 123582K(5592576K)->103556K(5592576K)
[667.480s][info][gc,metaspace   ] GC(538) Metaspace: 22998K(23296K)->22998K(23296K) NonClass: 20204K(20352K)->20204K(20352K) Class: 2793K(2944K)->2793K(2944K)
[667.480s][info][gc             ] GC(538) Pause Full (System.gc()) 206M->101M(7937M) 138.589ms
[667.480s][info][gc,cpu         ] GC(538) User=0.77s Sys=0.00s Real=0.14s
[668.835s][info][gc,start       ] GC(539) Pause Young (Allocation Failure)
[668.967s][info][gc,heap        ] GC(539) PSYoungGen: 2273280K(2535424K)->206688K(2480128K) Eden: 2273280K(2273280K)->0K(2273280K) From: 0K(262144K)->206688K(206848K)
[668.967s][info][gc,heap        ] GC(539) ParOldGen: 103556K(5592576K)->103556K(5592576K)
[668.967s][info][gc,metaspace   ] GC(539) Metaspace: 22998K(23296K)->22998K(23296K) NonClass: 20204K(20352K)->20204K(20352K) Class: 2793K(2944K)->2793K(2944K)
[668.967s][info][gc             ] GC(539) Pause Young (Allocation Failure) 2321M->302M(7883M) 132.192ms
[668.967s][info][gc,cpu         ] GC(539) User=0.84s Sys=0.00s Real=0.14s
[670.617s][info][gc,start       ] GC(540) Pause Young (Allocation Failure)
[670.721s][info][gc,heap        ] GC(540) PSYoungGen: 2479968K(2480128K)->144864K(2534912K) Eden: 2273280K(2273280K)->0K(2262016K) From: 206688K(206848K)->144864K(272896K)
[670.721s][info][gc,heap        ] GC(540) ParOldGen: 103556K(5592576K)->103596K(5592576K)
[670.721s][info][gc,metaspace   ] GC(540) Metaspace: 22998K(23296K)->22998K(23296K) NonClass: 20204K(20352K)->20204K(20352K) Class: 2793K(2944K)->2793K(2944K)
[670.721s][info][gc             ] GC(540) Pause Young (Allocation Failure) 2522M->242M(7937M) 103.555ms
[670.721s][info][gc,cpu         ] GC(540) User=0.56s Sys=0.00s Real=0.10s
[671.994s][info][gc,start       ] GC(541) Pause Young (Allocation Failure)
[672.123s][info][gc,heap        ] GC(541) PSYoungGen: 2406880K(2534912K)->178448K(2523136K) Eden: 2262016K(2262016K)->0K(2262016K) From: 144864K(272896K)->178448K(261120K)
[672.123s][info][gc,heap        ] GC(541) ParOldGen: 103596K(5592576K)->108240K(5592576K)
[672.123s][info][gc,metaspace   ] GC(541) Metaspace: 22998K(23296K)->22998K(23296K) NonClass: 20204K(20352K)->20204K(20352K) Class: 2793K(2944K)->2793K(2944K)
[672.123s][info][gc             ] GC(541) Pause Young (Allocation Failure) 2451M->279M(7925M) 128.768ms
[672.123s][info][gc,cpu         ] GC(541) User=0.73s Sys=0.00s Real=0.14s
[673.507s][info][gc,start       ] GC(542) Pause Young (Allocation Failure)
[673.621s][info][gc,heap        ] GC(542) PSYoungGen: 2440464K(2523136K)->165568K(2540544K) Eden: 2262016K(2262016K)->0K(2279424K) From: 178448K(261120K)->165568K(261120K)
[673.621s][info][gc,heap        ] GC(542) ParOldGen: 108240K(5592576K)->109196K(5592576K)
[673.621s][info][gc,metaspace   ] GC(542) Metaspace: 22998K(23296K)->22998K(23296K) NonClass: 20204K(20352K)->20204K(20352K) Class: 2793K(2944K)->2793K(2944K)
[673.621s][info][gc             ] GC(542) Pause Young (Allocation Failure) 2488M->268M(7942M) 113.557ms
[673.621s][info][gc,cpu         ] GC(542) User=0.66s Sys=0.00s Real=0.11s
[674.881s][info][gc,start       ] GC(543) Pause Young (Allocation Failure)
[675.003s][info][gc,heap        ] GC(543) PSYoungGen: 2444992K(2540544K)->155920K(2534912K) Eden: 2279424K(2279424K)->0K(2279424K) From: 165568K(261120K)->155920K(255488K)
[675.004s][info][gc,heap        ] GC(543) ParOldGen: 109196K(5592576K)->113052K(5592576K)
[675.004s][info][gc,metaspace   ] GC(543) Metaspace: 22998K(23296K)->22998K(23296K) NonClass: 20204K(20352K)->20204K(20352K) Class: 2793K(2944K)->2793K(2944K)
[675.004s][info][gc             ] GC(543) Pause Young (Allocation Failure) 2494M->262M(7937M) 122.433ms
[675.004s][info][gc,cpu         ] GC(543) User=0.66s Sys=0.00s Real=0.12s
[676.336s][info][gc,start       ] GC(544) Pause Young (Allocation Failure)
[676.452s][info][gc,heap        ] GC(544) PSYoungGen: 2435344K(2534912K)->176576K(2549760K) Eden: 2279424K(2279424K)->0K(2302976K) From: 155920K(255488K)->176576K(246784K)
[676.453s][info][gc,heap        ] GC(544) ParOldGen: 113052K(5592576K)->113556K(5592576K)
[676.453s][info][gc,metaspace   ] GC(544) Metaspace: 22998K(23296K)->22998K(23296K) NonClass: 20204K(20352K)->20204K(20352K) Class: 2793K(2944K)->2793K(2944K)
[676.453s][info][gc             ] GC(544) Pause Young (Allocation Failure) 2488M->283M(7951M) 116.976ms
[676.453s][info][gc,cpu         ] GC(544) User=0.66s Sys=0.00s Real=0.12s
[677.057s][info][gc,start       ] GC(545) Pause Young (System.gc())
[677.125s][info][gc,heap        ] GC(545) PSYoungGen: 985722K(2549760K)->51584K(2345472K) Eden: 809146K(2302976K)->0K(2293760K) From: 176576K(246784K)->51584K(51712K)
[677.125s][info][gc,heap        ] GC(545) ParOldGen: 113556K(5592576K)->159432K(5592576K)
[677.125s][info][gc,metaspace   ] GC(545) Metaspace: 22998K(23296K)->22998K(23296K) NonClass: 20204K(20352K)->20204K(20352K) Class: 2793K(2944K)->2793K(2944K)
[677.125s][info][gc             ] GC(545) Pause Young (System.gc()) 1073M->206M(7752M) 67.459ms
[677.125s][info][gc,cpu         ] GC(545) User=0.38s Sys=0.00s Real=0.08s
[677.125s][info][gc,start       ] GC(546) Pause Full (System.gc())
[677.125s][info][gc,phases,start] GC(546) Marking Phase
[677.162s][info][gc,phases      ] GC(546) Marking Phase 37.666ms
[677.162s][info][gc,phases,start] GC(546) Summary Phase
[677.162s][info][gc,phases      ] GC(546) Summary Phase 0.011ms
[677.162s][info][gc,phases,start] GC(546) Adjust Roots
[677.166s][info][gc,phases      ] GC(546) Adjust Roots 3.506ms
[677.166s][info][gc,phases,start] GC(546) Compaction Phase
[677.263s][info][gc,phases      ] GC(546) Compaction Phase 96.994ms
[677.263s][info][gc,phases,start] GC(546) Post Compact
[677.264s][info][gc,phases      ] GC(546) Post Compact 1.048ms
[677.264s][info][gc,heap        ] GC(546) PSYoungGen: 51584K(2345472K)->0K(2345472K) Eden: 0K(2293760K)->0K(2293760K) From: 51584K(51712K)->0K(51712K)
[677.264s][info][gc,heap        ] GC(546) ParOldGen: 159432K(5592576K)->103625K(5592576K)
[677.264s][info][gc,metaspace   ] GC(546) Metaspace: 22998K(23296K)->22998K(23296K) NonClass: 20204K(20352K)->20204K(20352K) Class: 2793K(2944K)->2793K(2944K)
[677.264s][info][gc             ] GC(546) Pause Full (System.gc()) 206M->101M(7752M) 139.610ms
[677.264s][info][gc,cpu         ] GC(546) User=0.77s Sys=0.00s Real=0.14s
[678.389s][info][gc,start       ] GC(547) Pause Young (Allocation Failure)
[678.514s][info][gc,heap        ] GC(547) PSYoungGen: 2293760K(2345472K)->190544K(2529792K) Eden: 2293760K(2293760K)->0K(2274816K) From: 0K(51712K)->190544K(254976K)
[678.514s][info][gc,heap        ] GC(547) ParOldGen: 103625K(5592576K)->103625K(5592576K)
[678.514s][info][gc,metaspace   ] GC(547) Metaspace: 22998K(23296K)->22998K(23296K) NonClass: 20205K(20352K)->20205K(20352K) Class: 2793K(2944K)->2793K(2944K)
[678.514s][info][gc             ] GC(547) Pause Young (Allocation Failure) 2341M->287M(7932M) 124.492ms
[678.514s][info][gc,cpu         ] GC(547) User=0.75s Sys=0.00s Real=0.13s
[680.007s][info][gc,start       ] GC(548) Pause Young (Allocation Failure)
[680.086s][info][gc,heap        ] GC(548) PSYoungGen: 2465360K(2529792K)->105680K(2535424K) Eden: 2274816K(2274816K)->0K(2274816K) From: 190544K(254976K)->105680K(260608K)
[680.086s][info][gc,heap        ] GC(548) ParOldGen: 103625K(5592576K)->103665K(5592576K)
[680.086s][info][gc,metaspace   ] GC(548) Metaspace: 22998K(23296K)->22998K(23296K) NonClass: 20205K(20352K)->20205K(20352K) Class: 2793K(2944K)->2793K(2944K)
[680.086s][info][gc             ] GC(548) Pause Young (Allocation Failure) 2508M->204M(7937M) 78.529ms
[680.086s][info][gc,cpu         ] GC(548) User=0.47s Sys=0.00s Real=0.08s
[681.163s][info][gc,start       ] GC(549) Pause Young (Allocation Failure)
[681.290s][info][gc,heap        ] GC(549) PSYoungGen: 2380496K(2535424K)->187824K(2529792K) Eden: 2274816K(2274816K)->0K(2272768K) From: 105680K(260608K)->187824K(257024K)
[681.290s][info][gc,heap        ] GC(549) ParOldGen: 103665K(5592576K)->106273K(5592576K)
[681.290s][info][gc,metaspace   ] GC(549) Metaspace: 22998K(23296K)->22998K(23296K) NonClass: 20205K(20352K)->20205K(20352K) Class: 2793K(2944K)->2793K(2944K)
[681.290s][info][gc             ] GC(549) Pause Young (Allocation Failure) 2425M->287M(7932M) 126.947ms
[681.290s][info][gc,cpu         ] GC(549) User=0.84s Sys=0.00s Real=0.13s
[682.889s][info][gc,start       ] GC(550) Pause Young (Allocation Failure)
[682.970s][info][gc,heap        ] GC(550) PSYoungGen: 2460592K(2529792K)->108448K(2534400K) Eden: 2272768K(2272768K)->0K(2272768K) From: 187824K(257024K)->108448K(261632K)
[682.972s][info][gc,heap        ] GC(550) ParOldGen: 106273K(5592576K)->106889K(5592576K)
[682.972s][info][gc,metaspace   ] GC(550) Metaspace: 22998K(23296K)->22998K(23296K) NonClass: 20205K(20352K)->20205K(20352K) Class: 2793K(2944K)->2793K(2944K)
[682.972s][info][gc             ] GC(550) Pause Young (Allocation Failure) 2506M->210M(7936M) 83.087ms
[682.972s][info][gc,cpu         ] GC(550) User=0.47s Sys=0.00s Real=0.08s
[684.061s][info][gc,start       ] GC(551) Pause Young (Allocation Failure)
[684.187s][info][gc,heap        ] GC(551) PSYoungGen: 2381216K(2534400K)->189216K(2528256K) Eden: 2272768K(2272768K)->0K(2270720K) From: 108448K(261632K)->189216K(257536K)
[684.187s][info][gc,heap        ] GC(551) ParOldGen: 106889K(5592576K)->110457K(5592576K)
[684.187s][info][gc,metaspace   ] GC(551) Metaspace: 22998K(23296K)->22998K(23296K) NonClass: 20205K(20352K)->20205K(20352K) Class: 2793K(2944K)->2793K(2944K)
[684.187s][info][gc             ] GC(551) Pause Young (Allocation Failure) 2429M->292M(7930M) 126.354ms
[684.187s][info][gc,cpu         ] GC(551) User=0.75s Sys=0.00s Real=0.12s
[685.866s][info][gc,start       ] GC(552) Pause Young (Allocation Failure)
[685.956s][info][gc,heap        ] GC(552) PSYoungGen: 2459936K(2528256K)->128752K(2533376K) Eden: 2270720K(2270720K)->0K(2270720K) From: 189216K(257536K)->128752K(262656K)
[685.956s][info][gc,heap        ] GC(552) ParOldGen: 110457K(5592576K)->111489K(5592576K)
[685.956s][info][gc,metaspace   ] GC(552) Metaspace: 22998K(23296K)->22998K(23296K) NonClass: 20205K(20352K)->20205K(20352K) Class: 2793K(2944K)->2793K(2944K)
[685.956s][info][gc             ] GC(552) Pause Young (Allocation Failure) 2510M->234M(7935M) 90.484ms
[685.956s][info][gc,cpu         ] GC(552) User=0.56s Sys=0.00s Real=0.09s
[686.730s][info][gc,start       ] GC(553) Pause Young (System.gc())
[686.803s][info][gc,heap        ] GC(553) PSYoungGen: 1386914K(2533376K)->80752K(2540032K) Eden: 1258162K(2270720K)->0K(2285056K) From: 128752K(262656K)->80752K(254976K)
[686.803s][info][gc,heap        ] GC(553) ParOldGen: 111489K(5592576K)->128133K(5592576K)
[686.803s][info][gc,metaspace   ] GC(553) Metaspace: 22998K(23296K)->22998K(23296K) NonClass: 20205K(20352K)->20205K(20352K) Class: 2793K(2944K)->2793K(2944K)
[686.803s][info][gc             ] GC(553) Pause Young (System.gc()) 1463M->203M(7942M) 72.782ms
[686.803s][info][gc,cpu         ] GC(553) User=0.36s Sys=0.00s Real=0.08s
[686.803s][info][gc,start       ] GC(554) Pause Full (System.gc())
[686.803s][info][gc,phases,start] GC(554) Marking Phase
[686.843s][info][gc,phases      ] GC(554) Marking Phase 39.801ms
[686.843s][info][gc,phases,start] GC(554) Summary Phase
[686.843s][info][gc,phases      ] GC(554) Summary Phase 0.012ms
[686.843s][info][gc,phases,start] GC(554) Adjust Roots
[686.847s][info][gc,phases      ] GC(554) Adjust Roots 3.494ms
[686.847s][info][gc,phases,start] GC(554) Compaction Phase
[686.942s][info][gc,phases      ] GC(554) Compaction Phase 94.851ms
[686.942s][info][gc,phases,start] GC(554) Post Compact
[686.943s][info][gc,phases      ] GC(554) Post Compact 1.063ms
[686.943s][info][gc,heap        ] GC(554) PSYoungGen: 80752K(2540032K)->0K(2540032K) Eden: 0K(2285056K)->0K(2285056K) From: 80752K(254976K)->0K(254976K)
[686.943s][info][gc,heap        ] GC(554) ParOldGen: 128133K(5592576K)->103706K(5592576K)
[686.943s][info][gc,metaspace   ] GC(554) Metaspace: 22998K(23296K)->22998K(23296K) NonClass: 20205K(20352K)->20205K(20352K) Class: 2793K(2944K)->2793K(2944K)
[686.943s][info][gc             ] GC(554) Pause Full (System.gc()) 203M->101M(7942M) 139.516ms
[686.943s][info][gc,cpu         ] GC(554) User=0.77s Sys=0.00s Real=0.14s
[688.084s][info][gc,start       ] GC(555) Pause Young (Allocation Failure)
[688.208s][info][gc,heap        ] GC(555) PSYoungGen: 2285056K(2540032K)->186400K(2471936K) Eden: 2285056K(2285056K)->0K(2285056K) From: 0K(254976K)->186400K(186880K)
[688.208s][info][gc,heap        ] GC(555) ParOldGen: 103706K(5592576K)->103706K(5592576K)
[688.208s][info][gc,metaspace   ] GC(555) Metaspace: 22998K(23296K)->22998K(23296K) NonClass: 20205K(20352K)->20205K(20352K) Class: 2793K(2944K)->2793K(2944K)
[688.208s][info][gc             ] GC(555) Pause Young (Allocation Failure) 2332M->283M(7875M) 123.772ms
[688.208s][info][gc,cpu         ] GC(555) User=0.75s Sys=0.00s Real=0.12s
[689.723s][info][gc,start       ] GC(556) Pause Young (Allocation Failure)
[689.805s][info][gc,heap        ] GC(556) PSYoungGen: 2471456K(2471936K)->109984K(2540544K) Eden: 2285056K(2285056K)->0K(2279424K) From: 186400K(186880K)->109984K(261120K)
[689.805s][info][gc,heap        ] GC(556) ParOldGen: 103706K(5592576K)->103738K(5592576K)
[689.805s][info][gc,metaspace   ] GC(556) Metaspace: 22998K(23296K)->22998K(23296K) NonClass: 20205K(20352K)->20205K(20352K) Class: 2793K(2944K)->2793K(2944K)
[689.805s][info][gc             ] GC(556) Pause Young (Allocation Failure) 2514M->208M(7942M) 82.169ms
[689.805s][info][gc,cpu         ] GC(556) User=0.56s Sys=0.00s Real=0.08s
[690.915s][info][gc,start       ] GC(557) Pause Young (Allocation Failure)
[691.043s][info][gc,heap        ] GC(557) PSYoungGen: 2389408K(2540544K)->190528K(2470400K) Eden: 2279424K(2279424K)->0K(2279424K) From: 109984K(261120K)->190528K(190976K)
[691.043s][info][gc,heap        ] GC(557) ParOldGen: 103738K(5592576K)->108390K(5592576K)
[691.043s][info][gc,metaspace   ] GC(557) Metaspace: 23000K(23296K)->23000K(23296K) NonClass: 20206K(20352K)->20206K(20352K) Class: 2793K(2944K)->2793K(2944K)
[691.043s][info][gc             ] GC(557) Pause Young (Allocation Failure) 2434M->291M(7874M) 128.457ms
[691.043s][info][gc,cpu         ] GC(557) User=0.72s Sys=0.00s Real=0.13s
[692.640s][info][gc,start       ] GC(558) Pause Young (Allocation Failure)
[692.719s][info][gc,heap        ] GC(558) PSYoungGen: 2469952K(2470400K)->110208K(2539520K) Eden: 2279424K(2279424K)->0K(2277376K) From: 190528K(190976K)->110208K(262144K)
[692.719s][info][gc,heap        ] GC(558) ParOldGen: 108390K(5592576K)->109686K(5592576K)
[692.719s][info][gc,metaspace   ] GC(558) Metaspace: 23000K(23296K)->23000K(23296K) NonClass: 20206K(20352K)->20206K(20352K) Class: 2793K(2944K)->2793K(2944K)
[692.719s][info][gc             ] GC(558) Pause Young (Allocation Failure) 2517M->214M(7941M) 79.560ms
[692.719s][info][gc,cpu         ] GC(558) User=0.47s Sys=0.00s Real=0.08s
[693.823s][info][gc,start       ] GC(559) Pause Young (Allocation Failure)
[693.957s][info][gc,heap        ] GC(559) PSYoungGen: 2387584K(2539520K)->197392K(2475008K) Eden: 2277376K(2277376K)->0K(2277376K) From: 110208K(262144K)->197392K(197632K)
[693.962s][info][gc,heap        ] GC(559) ParOldGen: 109686K(5592576K)->114562K(5592576K)
[693.962s][info][gc,metaspace   ] GC(559) Metaspace: 23000K(23296K)->23000K(23296K) NonClass: 20206K(20352K)->20206K(20352K) Class: 2793K(2944K)->2793K(2944K)
[693.962s][info][gc             ] GC(559) Pause Young (Allocation Failure) 2438M->304M(7878M) 139.541ms
[693.962s][info][gc,cpu         ] GC(559) User=0.75s Sys=0.00s Real=0.14s
[695.669s][info][gc,start       ] GC(560) Pause Young (Allocation Failure)
[695.772s][info][gc,heap        ] GC(560) PSYoungGen: 2474768K(2475008K)->143744K(2541568K) Eden: 2277376K(2277376K)->0K(2275840K) From: 197392K(197632K)->143744K(265728K)
[695.772s][info][gc,heap        ] GC(560) ParOldGen: 114562K(5592576K)->116062K(5592576K)
[695.772s][info][gc,metaspace   ] GC(560) Metaspace: 23000K(23296K)->23000K(23296K) NonClass: 20206K(20352K)->20206K(20352K) Class: 2793K(2944K)->2793K(2944K)
[695.772s][info][gc             ] GC(560) Pause Young (Allocation Failure) 2528M->253M(7943M) 103.073ms
[695.772s][info][gc,cpu         ] GC(560) User=0.52s Sys=0.00s Real=0.11s
[696.558s][info][gc,start       ] GC(561) Pause Young (System.gc())
[696.621s][info][gc,heap        ] GC(561) PSYoungGen: 1225033K(2541568K)->69392K(2530304K) Eden: 1081289K(2275840K)->0K(2275840K) From: 143744K(265728K)->69392K(254464K)
[696.621s][info][gc,heap        ] GC(561) ParOldGen: 116062K(5592576K)->136858K(5592576K)
[696.621s][info][gc,metaspace   ] GC(561) Metaspace: 23000K(23296K)->23000K(23296K) NonClass: 20206K(20352K)->20206K(20352K) Class: 2793K(2944K)->2793K(2944K)
[696.621s][info][gc             ] GC(561) Pause Young (System.gc()) 1309M->201M(7932M) 63.171ms
[696.621s][info][gc,cpu         ] GC(561) User=0.38s Sys=0.00s Real=0.07s
[696.621s][info][gc,start       ] GC(562) Pause Full (System.gc())
[696.621s][info][gc,phases,start] GC(562) Marking Phase
[696.655s][info][gc,phases      ] GC(562) Marking Phase 33.861ms
[696.655s][info][gc,phases,start] GC(562) Summary Phase
[696.655s][info][gc,phases      ] GC(562) Summary Phase 0.012ms
[696.655s][info][gc,phases,start] GC(562) Adjust Roots
[696.659s][info][gc,phases      ] GC(562) Adjust Roots 4.090ms
[696.659s][info][gc,phases,start] GC(562) Compaction Phase
[696.738s][info][gc,phases      ] GC(562) Compaction Phase 78.074ms
[696.738s][info][gc,phases,start] GC(562) Post Compact
[696.739s][info][gc,phases      ] GC(562) Post Compact 1.446ms
[696.739s][info][gc,heap        ] GC(562) PSYoungGen: 69392K(2530304K)->0K(2530304K) Eden: 0K(2275840K)->0K(2275840K) From: 69392K(254464K)->0K(254464K)
[696.739s][info][gc,heap        ] GC(562) ParOldGen: 136858K(5592576K)->96444K(5592576K)
[696.739s][info][gc,metaspace   ] GC(562) Metaspace: 23000K(23296K)->23000K(23296K) NonClass: 20206K(20352K)->20206K(20352K) Class: 2793K(2944K)->2793K(2944K)
[696.739s][info][gc             ] GC(562) Pause Full (System.gc()) 201M->94M(7932M) 117.803ms
[696.739s][info][gc,cpu         ] GC(562) User=0.66s Sys=0.00s Real=0.12s
[698.030s][info][gc,start       ] GC(563) Pause Young (Allocation Failure)
[698.156s][info][gc,heap        ] GC(563) PSYoungGen: 2275840K(2530304K)->194512K(2522112K) Eden: 2275840K(2275840K)->0K(2264576K) From: 0K(254464K)->194512K(257536K)
[698.158s][info][gc,heap        ] GC(563) ParOldGen: 96444K(5592576K)->96444K(5592576K)
[698.158s][info][gc,metaspace   ] GC(563) Metaspace: 23000K(23296K)->23000K(23296K) NonClass: 20206K(20352K)->20206K(20352K) Class: 2793K(2944K)->2793K(2944K)
[698.158s][info][gc             ] GC(563) Pause Young (Allocation Failure) 2316M->284M(7924M) 127.712ms
[698.158s][info][gc,cpu         ] GC(563) User=0.69s Sys=0.05s Real=0.12s
[699.688s][info][gc,start       ] GC(564) Pause Young (Allocation Failure)
[699.768s][info][gc,heap        ] GC(564) PSYoungGen: 2459088K(2522112K)->111968K(2530304K) Eden: 2264576K(2264576K)->0K(2264576K) From: 194512K(257536K)->111968K(265728K)
[699.768s][info][gc,heap        ] GC(564) ParOldGen: 96444K(5592576K)->96484K(5592576K)
[699.768s][info][gc,metaspace   ] GC(564) Metaspace: 23000K(23296K)->23000K(23296K) NonClass: 20206K(20352K)->20206K(20352K) Class: 2793K(2944K)->2793K(2944K)
[699.768s][info][gc             ] GC(564) Pause Young (Allocation Failure) 2495M->203M(7932M) 80.589ms
[699.768s][info][gc,cpu         ] GC(564) User=0.47s Sys=0.00s Real=0.08s
[700.947s][info][gc,start       ] GC(565) Pause Young (Allocation Failure)
[701.075s][info][gc,heap        ] GC(565) PSYoungGen: 2376544K(2530304K)->196288K(2520064K) Eden: 2264576K(2264576K)->0K(2260480K) From: 111968K(265728K)->196288K(259584K)
[701.075s][info][gc,heap        ] GC(565) ParOldGen: 96484K(5592576K)->100484K(5592576K)
[701.075s][info][gc,metaspace   ] GC(565) Metaspace: 23000K(23296K)->23000K(23296K) NonClass: 20206K(20352K)->20206K(20352K) Class: 2793K(2944K)->2793K(2944K)
[701.075s][info][gc             ] GC(565) Pause Young (Allocation Failure) 2415M->289M(7922M) 128.148ms
[701.075s][info][gc,cpu         ] GC(565) User=0.75s Sys=0.00s Real=0.13s
[702.659s][info][gc,start       ] GC(566) Pause Young (Allocation Failure)
[702.752s][info][gc,heap        ] GC(566) PSYoungGen: 2456768K(2520064K)->133152K(2528256K) Eden: 2260480K(2260480K)->0K(2260480K) From: 196288K(259584K)->133152K(267776K)
[702.752s][info][gc,heap        ] GC(566) ParOldGen: 100484K(5592576K)->101548K(5592576K)
[702.752s][info][gc,metaspace   ] GC(566) Metaspace: 23000K(23296K)->23000K(23296K) NonClass: 20206K(20352K)->20206K(20352K) Class: 2793K(2944K)->2793K(2944K)
[702.752s][info][gc             ] GC(566) Pause Young (Allocation Failure) 2497M->229M(7930M) 92.711ms
[702.752s][info][gc,cpu         ] GC(566) User=0.56s Sys=0.00s Real=0.09s
[703.968s][info][gc,start       ] GC(567) Pause Young (Allocation Failure)
[704.116s][info][gc,heap        ] GC(567) PSYoungGen: 2393632K(2528256K)->212800K(2510336K) Eden: 2260480K(2260480K)->0K(2252288K) From: 133152K(267776K)->212800K(258048K)
[704.116s][info][gc,heap        ] GC(567) ParOldGen: 101548K(5592576K)->108308K(5592576K)
[704.116s][info][gc,metaspace   ] GC(567) Metaspace: 23000K(23296K)->23000K(23296K) NonClass: 20206K(20352K)->20206K(20352K) Class: 2793K(2944K)->2793K(2944K)
[704.116s][info][gc             ] GC(567) Pause Young (Allocation Failure) 2436M->313M(7913M) 147.982ms
[704.116s][info][gc,cpu         ] GC(567) User=0.83s Sys=0.00s Real=0.16s
[705.730s][info][gc,start       ] GC(568) Pause Young (Allocation Failure)
[705.843s][info][gc,heap        ] GC(568) PSYoungGen: 2465088K(2510336K)->170048K(2524160K) Eden: 2252288K(2252288K)->0K(2252288K) From: 212800K(258048K)->170048K(271872K)
[705.843s][info][gc,heap        ] GC(568) ParOldGen: 108308K(5592576K)->109988K(5592576K)
[705.843s][info][gc,metaspace   ] GC(568) Metaspace: 23000K(23296K)->23000K(23296K) NonClass: 20207K(20352K)->20207K(20352K) Class: 2793K(2944K)->2793K(2944K)
[705.843s][info][gc             ] GC(568) Pause Young (Allocation Failure) 2513M->273M(7926M) 113.341ms
[705.843s][info][gc,cpu         ] GC(568) User=0.64s Sys=0.02s Real=0.11s
[706.484s][info][gc,start       ] GC(569) Pause Young (System.gc())
[706.552s][info][gc,heap        ] GC(569) PSYoungGen: 1013437K(2524160K)->57120K(2518528K) Eden: 843389K(2252288K)->0K(2252288K) From: 170048K(271872K)->57120K(266240K)
[706.552s][info][gc,heap        ] GC(569) ParOldGen: 109988K(5592576K)->150392K(5592576K)
[706.552s][info][gc,metaspace   ] GC(569) Metaspace: 23000K(23296K)->23000K(23296K) NonClass: 20207K(20352K)->20207K(20352K) Class: 2793K(2944K)->2793K(2944K)
[706.552s][info][gc             ] GC(569) Pause Young (System.gc()) 1097M->202M(7921M) 68.421ms
[706.552s][info][gc,cpu         ] GC(569) User=0.38s Sys=0.00s Real=0.07s
[706.552s][info][gc,start       ] GC(570) Pause Full (System.gc())
[706.552s][info][gc,phases,start] GC(570) Marking Phase
[706.591s][info][gc,phases      ] GC(570) Marking Phase 38.363ms
[706.591s][info][gc,phases,start] GC(570) Summary Phase
[706.591s][info][gc,phases      ] GC(570) Summary Phase 0.012ms
[706.591s][info][gc,phases,start] GC(570) Adjust Roots
[706.595s][info][gc,phases      ] GC(570) Adjust Roots 3.954ms
[706.595s][info][gc,phases,start] GC(570) Compaction Phase
[706.688s][info][gc,phases      ] GC(570) Compaction Phase 93.353ms
[706.688s][info][gc,phases,start] GC(570) Post Compact
[706.689s][info][gc,phases      ] GC(570) Post Compact 1.049ms
[706.689s][info][gc,heap        ] GC(570) PSYoungGen: 57120K(2518528K)->0K(2518528K) Eden: 0K(2252288K)->0K(2252288K) From: 57120K(266240K)->0K(266240K)
[706.689s][info][gc,heap        ] GC(570) ParOldGen: 150392K(5592576K)->103686K(5592576K)
[706.689s][info][gc,metaspace   ] GC(570) Metaspace: 23000K(23296K)->23000K(23296K) NonClass: 20207K(20352K)->20207K(20352K) Class: 2793K(2944K)->2793K(2944K)
[706.689s][info][gc             ] GC(570) Pause Full (System.gc()) 202M->101M(7921M) 137.020ms
[706.689s][info][gc,cpu         ] GC(570) User=0.77s Sys=0.00s Real=0.14s
[707.815s][info][gc,start       ] GC(571) Pause Young (Allocation Failure)
[707.938s][info][gc,heap        ] GC(571) PSYoungGen: 2252288K(2518528K)->183472K(2436096K) Eden: 2252288K(2252288K)->0K(2252288K) From: 0K(266240K)->183472K(183808K)
[707.938s][info][gc,heap        ] GC(571) ParOldGen: 103686K(5592576K)->103686K(5592576K)
[707.938s][info][gc,metaspace   ] GC(571) Metaspace: 23000K(23296K)->23000K(23296K) NonClass: 20207K(20352K)->20207K(20352K) Class: 2793K(2944K)->2793K(2944K)
[707.938s][info][gc             ] GC(571) Pause Young (Allocation Failure) 2300M->280M(7840M) 123.755ms
[707.938s][info][gc,cpu         ] GC(571) User=0.72s Sys=0.02s Real=0.12s
[709.580s][info][gc,start       ] GC(572) Pause Young (Allocation Failure)
[709.663s][info][gc,heap        ] GC(572) PSYoungGen: 2435760K(2436096K)->115744K(2529792K) Eden: 2252288K(2252288K)->0K(2256384K) From: 183472K(183808K)->115744K(273408K)
[709.663s][info][gc,heap        ] GC(572) ParOldGen: 103686K(5592576K)->103702K(5592576K)
[709.663s][info][gc,metaspace   ] GC(572) Metaspace: 23000K(23296K)->23000K(23296K) NonClass: 20207K(20352K)->20207K(20352K) Class: 2793K(2944K)->2793K(2944K)
[709.664s][info][gc             ] GC(572) Pause Young (Allocation Failure) 2479M->214M(7932M) 83.984ms
[709.664s][info][gc,cpu         ] GC(572) User=0.55s Sys=0.02s Real=0.08s
[710.910s][info][gc,start       ] GC(573) Pause Young (Allocation Failure)
[711.022s][info][gc,heap        ] GC(573) PSYoungGen: 2372128K(2529792K)->176640K(2522624K) Eden: 2256384K(2256384K)->0K(2256384K) From: 115744K(273408K)->176640K(266240K)
[711.022s][info][gc,heap        ] GC(573) ParOldGen: 103702K(5592576K)->106582K(5592576K)
[711.022s][info][gc,metaspace   ] GC(573) Metaspace: 23000K(23296K)->23000K(23296K) NonClass: 20207K(20352K)->20207K(20352K) Class: 2793K(2944K)->2793K(2944K)
[711.022s][info][gc             ] GC(573) Pause Young (Allocation Failure) 2417M->276M(7925M) 111.863ms
[711.022s][info][gc,cpu         ] GC(573) User=0.64s Sys=0.00s Real=0.12s
[712.694s][info][gc,start       ] GC(574) Pause Young (Allocation Failure)
[712.802s][info][gc,heap        ] GC(574) PSYoungGen: 2433024K(2522624K)->153344K(2540032K) Eden: 2256384K(2256384K)->0K(2274304K) From: 176640K(266240K)->153344K(265728K)
[712.802s][info][gc,heap        ] GC(574) ParOldGen: 106582K(5592576K)->107390K(5592576K)
[712.802s][info][gc,metaspace   ] GC(574) Metaspace: 23000K(23296K)->23000K(23296K) NonClass: 20207K(20352K)->20207K(20352K) Class: 2793K(2944K)->2793K(2944K)
[712.802s][info][gc             ] GC(574) Pause Young (Allocation Failure) 2480M->254M(7942M) 107.407ms
[712.802s][info][gc,cpu         ] GC(574) User=0.53s Sys=0.00s Real=0.11s
[714.192s][info][gc,start       ] GC(575) Pause Young (Allocation Failure)
[714.299s][info][gc,heap        ] GC(575) PSYoungGen: 2427648K(2540032K)->144432K(2530304K) Eden: 2274304K(2274304K)->0K(2274304K) From: 153344K(265728K)->144432K(256000K)
[714.299s][info][gc,heap        ] GC(575) ParOldGen: 107390K(5592576K)->109462K(5592576K)
[714.299s][info][gc,metaspace   ] GC(575) Metaspace: 23000K(23296K)->23000K(23296K) NonClass: 20207K(20352K)->20207K(20352K) Class: 2793K(2944K)->2793K(2944K)
[714.299s][info][gc             ] GC(575) Pause Young (Allocation Failure) 2475M->247M(7932M) 107.280ms
[714.299s][info][gc,cpu         ] GC(575) User=0.66s Sys=0.00s Real=0.12s
[715.758s][info][gc,start       ] GC(576) Pause Young (Allocation Failure)
[715.882s][info][gc,heap        ] GC(576) PSYoungGen: 2418736K(2530304K)->189440K(2539520K) Eden: 2274304K(2274304K)->0K(2293248K) From: 144432K(256000K)->189440K(246272K)
[715.882s][info][gc,heap        ] GC(576) ParOldGen: 109462K(5592576K)->110310K(5592576K)
[715.882s][info][gc,metaspace   ] GC(576) Metaspace: 23000K(23296K)->23000K(23296K) NonClass: 20207K(20352K)->20207K(20352K) Class: 2793K(2944K)->2793K(2944K)
[715.882s][info][gc             ] GC(576) Pause Young (Allocation Failure) 2468M->292M(7941M) 124.248ms
[715.882s][info][gc,cpu         ] GC(576) User=0.75s Sys=0.00s Real=0.12s
[716.516s][info][gc,start       ] GC(577) Pause Young (System.gc())
[716.578s][info][gc,heap        ] GC(577) PSYoungGen: 897384K(2539520K)->45056K(2338816K) Eden: 707944K(2293248K)->0K(2293248K) From: 189440K(246272K)->45056K(45568K)
[716.579s][info][gc,heap        ] GC(577) ParOldGen: 110310K(5592576K)->156078K(5592576K)
[716.579s][info][gc,metaspace   ] GC(577) Metaspace: 23000K(23296K)->23000K(23296K) NonClass: 20207K(20352K)->20207K(20352K) Class: 2793K(2944K)->2793K(2944K)
[716.579s][info][gc             ] GC(577) Pause Young (System.gc()) 984M->196M(7745M) 63.009ms
[716.579s][info][gc,cpu         ] GC(577) User=0.38s Sys=0.00s Real=0.07s
[716.579s][info][gc,start       ] GC(578) Pause Full (System.gc())
[716.579s][info][gc,phases,start] GC(578) Marking Phase
[716.613s][info][gc,phases      ] GC(578) Marking Phase 34.196ms
[716.613s][info][gc,phases,start] GC(578) Summary Phase
[716.613s][info][gc,phases      ] GC(578) Summary Phase 0.011ms
[716.613s][info][gc,phases,start] GC(578) Adjust Roots
[716.616s][info][gc,phases      ] GC(578) Adjust Roots 3.462ms
[716.616s][info][gc,phases,start] GC(578) Compaction Phase
[716.703s][info][gc,phases      ] GC(578) Compaction Phase 86.126ms
[716.703s][info][gc,phases,start] GC(578) Post Compact
[716.704s][info][gc,phases      ] GC(578) Post Compact 1.015ms
[716.704s][info][gc,heap        ] GC(578) PSYoungGen: 45056K(2338816K)->0K(2338816K) Eden: 0K(2293248K)->0K(2293248K) From: 45056K(45568K)->0K(45568K)
[716.704s][info][gc,heap        ] GC(578) ParOldGen: 156078K(5592576K)->97041K(5592576K)
[716.704s][info][gc,metaspace   ] GC(578) Metaspace: 23000K(23296K)->23000K(23296K) NonClass: 20207K(20352K)->20207K(20352K) Class: 2793K(2944K)->2793K(2944K)
[716.704s][info][gc             ] GC(578) Pause Full (System.gc()) 196M->94M(7745M) 125.088ms
[716.704s][info][gc,cpu         ] GC(578) User=0.67s Sys=0.00s Real=0.12s
[717.904s][info][gc,start       ] GC(579) Pause Young (Allocation Failure)
[718.029s][info][gc,heap        ] GC(579) PSYoungGen: 2293248K(2338816K)->194720K(2520576K) Eden: 2293248K(2293248K)->0K(2260480K) From: 0K(45568K)->194720K(260096K)
[718.029s][info][gc,heap        ] GC(579) ParOldGen: 97041K(5592576K)->97041K(5592576K)
[718.029s][info][gc,metaspace   ] GC(579) Metaspace: 23000K(23296K)->23000K(23296K) NonClass: 20207K(20352K)->20207K(20352K) Class: 2793K(2944K)->2793K(2944K)
[718.029s][info][gc             ] GC(579) Pause Young (Allocation Failure) 2334M->284M(7923M) 125.778ms
[718.029s][info][gc,cpu         ] GC(579) User=0.70s Sys=0.00s Real=0.13s
[719.727s][info][gc,start       ] GC(580) Pause Young (Allocation Failure)
[719.823s][info][gc,heap        ] GC(580) PSYoungGen: 2455200K(2520576K)->139552K(2528256K) Eden: 2260480K(2260480K)->0K(2260480K) From: 194720K(260096K)->139552K(267776K)
[719.823s][info][gc,heap        ] GC(580) ParOldGen: 97041K(5592576K)->97065K(5592576K)
[719.823s][info][gc,metaspace   ] GC(580) Metaspace: 23000K(23296K)->23000K(23296K) NonClass: 20207K(20352K)->20207K(20352K) Class: 2793K(2944K)->2793K(2944K)
[719.823s][info][gc             ] GC(580) Pause Young (Allocation Failure) 2492M->231M(7930M) 96.420ms
[719.823s][info][gc,cpu         ] GC(580) User=0.56s Sys=0.00s Real=0.11s
[720.913s][info][gc,start       ] GC(581) Pause Young (Allocation Failure)
[721.054s][info][gc,heap        ] GC(581) PSYoungGen: 2400032K(2528256K)->204880K(2517504K) Eden: 2260480K(2260480K)->0K(2260480K) From: 139552K(267776K)->204880K(257024K)
[721.054s][info][gc,heap        ] GC(581) ParOldGen: 97065K(5592576K)->113449K(5592576K)
[721.054s][info][gc,metaspace   ] GC(581) Metaspace: 23000K(23296K)->23000K(23296K) NonClass: 20207K(20352K)->20207K(20352K) Class: 2793K(2944K)->2793K(2944K)
[721.054s][info][gc             ] GC(581) Pause Young (Allocation Failure) 2438M->310M(7920M) 141.105ms
[721.054s][info][gc,cpu         ] GC(581) User=0.75s Sys=0.00s Real=0.14s
[722.733s][info][gc,start       ] GC(582) Pause Young (Allocation Failure)
[722.847s][info][gc,heap        ] GC(582) PSYoungGen: 2465360K(2517504K)->162864K(2528256K) Eden: 2260480K(2260480K)->0K(2260480K) From: 204880K(257024K)->162864K(267776K)
[722.849s][info][gc,heap        ] GC(582) ParOldGen: 113449K(5592576K)->118361K(5592576K)
[722.849s][info][gc,metaspace   ] GC(582) Metaspace: 23000K(23296K)->23000K(23296K) NonClass: 20207K(20352K)->20207K(20352K) Class: 2793K(2944K)->2793K(2944K)
[722.849s][info][gc             ] GC(582) Pause Young (Allocation Failure) 2518M->274M(7930M) 116.273ms
[722.849s][info][gc,cpu         ] GC(582) User=0.61s Sys=0.00s Real=0.12s
[724.559s][info][gc,start       ] GC(583) Pause Young (Allocation Failure)
[724.634s][info][gc,heap        ] GC(583) PSYoungGen: 2423344K(2528256K)->101152K(2537984K) Eden: 2260480K(2260480K)->0K(2277888K) From: 162864K(267776K)->101152K(260096K)
[724.634s][info][gc,heap        ] GC(583) ParOldGen: 118361K(5592576K)->118385K(5592576K)
[724.634s][info][gc,metaspace   ] GC(583) Metaspace: 23000K(23296K)->23000K(23296K) NonClass: 20207K(20352K)->20207K(20352K) Class: 2793K(2944K)->2793K(2944K)
[724.634s][info][gc             ] GC(583) Pause Young (Allocation Failure) 2482M->214M(7940M) 74.834ms
[724.634s][info][gc,cpu         ] GC(583) User=0.47s Sys=0.00s Real=0.08s
[725.816s][info][gc,start       ] GC(584) Pause Young (Allocation Failure)
[725.912s][info][gc,heap        ] GC(584) PSYoungGen: 2379040K(2537984K)->147888K(2535936K) Eden: 2277888K(2277888K)->0K(2277888K) From: 101152K(260096K)->147888K(258048K)
[725.912s][info][gc,heap        ] GC(584) ParOldGen: 118385K(5592576K)->119029K(5592576K)
[725.912s][info][gc,metaspace   ] GC(584) Metaspace: 23000K(23296K)->23000K(23296K) NonClass: 20207K(20352K)->20207K(20352K) Class: 2793K(2944K)->2793K(2944K)
[725.912s][info][gc             ] GC(584) Pause Young (Allocation Failure) 2438M->260M(7938M) 95.863ms
[725.912s][info][gc,cpu         ] GC(584) User=0.56s Sys=0.00s Real=0.10s
[726.614s][info][gc,start       ] GC(585) Pause Young (System.gc())
[726.675s][info][gc,heap        ] GC(585) PSYoungGen: 890789K(2535936K)->49344K(2535424K) Eden: 742901K(2277888K)->0K(2288128K) From: 147888K(258048K)->49344K(247296K)
[726.675s][info][gc,heap        ] GC(585) ParOldGen: 119029K(5592576K)->155505K(5592576K)
[726.675s][info][gc,metaspace   ] GC(585) Metaspace: 23000K(23296K)->23000K(23296K) NonClass: 20207K(20352K)->20207K(20352K) Class: 2793K(2944K)->2793K(2944K)
[726.675s][info][gc             ] GC(585) Pause Young (System.gc()) 986M->200M(7937M) 60.268ms
[726.675s][info][gc,cpu         ] GC(585) User=0.36s Sys=0.00s Real=0.06s
[726.675s][info][gc,start       ] GC(586) Pause Full (System.gc())
[726.675s][info][gc,phases,start] GC(586) Marking Phase
[726.707s][info][gc,phases      ] GC(586) Marking Phase 32.262ms
[726.707s][info][gc,phases,start] GC(586) Summary Phase
[726.707s][info][gc,phases      ] GC(586) Summary Phase 0.012ms
[726.707s][info][gc,phases,start] GC(586) Adjust Roots
[726.711s][info][gc,phases      ] GC(586) Adjust Roots 3.748ms
[726.711s][info][gc,phases,start] GC(586) Compaction Phase
[726.784s][info][gc,phases      ] GC(586) Compaction Phase 72.703ms
[726.784s][info][gc,phases,start] GC(586) Post Compact
[726.785s][info][gc,phases      ] GC(586) Post Compact 1.045ms
[726.785s][info][gc,heap        ] GC(586) PSYoungGen: 49344K(2535424K)->0K(2535424K) Eden: 0K(2288128K)->0K(2288128K) From: 49344K(247296K)->0K(247296K)
[726.785s][info][gc,heap        ] GC(586) ParOldGen: 155505K(5592576K)->91723K(5592576K)
[726.785s][info][gc,metaspace   ] GC(586) Metaspace: 23000K(23296K)->23000K(23296K) NonClass: 20207K(20352K)->20207K(20352K) Class: 2793K(2944K)->2793K(2944K)
[726.785s][info][gc             ] GC(586) Pause Full (System.gc()) 200M->89M(7937M) 110.036ms
[726.785s][info][gc,cpu         ] GC(586) User=0.58s Sys=0.00s Real=0.11s
[728.149s][info][gc,start       ] GC(587) Pause Young (Allocation Failure)
[728.283s][info][gc,heap        ] GC(587) PSYoungGen: 2288128K(2535424K)->214112K(2502656K) Eden: 2288128K(2288128K)->0K(2288128K) From: 0K(247296K)->214112K(214528K)
[728.283s][info][gc,heap        ] GC(587) ParOldGen: 91723K(5592576K)->91723K(5592576K)
[728.283s][info][gc,metaspace   ] GC(587) Metaspace: 23000K(23296K)->23000K(23296K) NonClass: 20207K(20352K)->20207K(20352K) Class: 2793K(2944K)->2793K(2944K)
[728.283s][info][gc             ] GC(587) Pause Young (Allocation Failure) 2324M->298M(7905M) 134.852ms
[728.284s][info][gc,cpu         ] GC(587) User=0.70s Sys=0.00s Real=0.13s
[729.836s][info][gc,start       ] GC(588) Pause Young (Allocation Failure)
[729.940s][info][gc,heap        ] GC(588) PSYoungGen: 2502240K(2502656K)->147600K(2536960K) Eden: 2288128K(2288128K)->0K(2266112K) From: 214112K(214528K)->147600K(270848K)
[729.940s][info][gc,heap        ] GC(588) ParOldGen: 91723K(5592576K)->91771K(5592576K)
[729.940s][info][gc,metaspace   ] GC(588) Metaspace: 23000K(23296K)->23000K(23296K) NonClass: 20207K(20352K)->20207K(20352K) Class: 2793K(2944K)->2793K(2944K)
[729.940s][info][gc             ] GC(588) Pause Young (Allocation Failure) 2533M->233M(7939M) 103.797ms
[729.940s][info][gc,cpu         ] GC(588) User=0.55s Sys=0.02s Real=0.10s
[731.000s][info][gc,start       ] GC(589) Pause Young (Allocation Failure)
[731.159s][info][gc,heap        ] GC(589) PSYoungGen: 2413712K(2536960K)->207744K(2525184K) Eden: 2266112K(2266112K)->0K(2266112K) From: 147600K(270848K)->207744K(259072K)
[731.162s][info][gc,heap        ] GC(589) ParOldGen: 91771K(5592576K)->109899K(5592576K)
[731.162s][info][gc,metaspace   ] GC(589) Metaspace: 23000K(23296K)->23000K(23296K) NonClass: 20207K(20352K)->20207K(20352K) Class: 2793K(2944K)->2793K(2944K)
[731.162s][info][gc             ] GC(589) Pause Young (Allocation Failure) 2446M->310M(7927M) 161.922ms
[731.162s][info][gc,cpu         ] GC(589) User=0.94s Sys=0.00s Real=0.16s
[732.818s][info][gc,start       ] GC(590) Pause Young (Allocation Failure)
[732.937s][info][gc,heap        ] GC(590) PSYoungGen: 2473856K(2525184K)->170624K(2530304K) Eden: 2266112K(2266112K)->0K(2259968K) From: 207744K(259072K)->170624K(270336K)
[732.937s][info][gc,heap        ] GC(590) ParOldGen: 109899K(5592576K)->114691K(5592576K)
[732.937s][info][gc,metaspace   ] GC(590) Metaspace: 23000K(23296K)->23000K(23296K) NonClass: 20207K(20352K)->20207K(20352K) Class: 2793K(2944K)->2793K(2944K)
[732.937s][info][gc             ] GC(590) Pause Young (Allocation Failure) 2523M->278M(7932M) 119.669ms
[732.937s][info][gc,cpu         ] GC(590) User=0.70s Sys=0.00s Real=0.12s
[734.608s][info][gc,start       ] GC(591) Pause Young (Allocation Failure)
[734.685s][info][gc,heap        ] GC(591) PSYoungGen: 2430592K(2530304K)->103968K(2525696K) Eden: 2259968K(2259968K)->0K(2259968K) From: 170624K(270336K)->103968K(265728K)
[734.685s][info][gc,heap        ] GC(591) ParOldGen: 114691K(5592576K)->114715K(5592576K)
[734.685s][info][gc,metaspace   ] GC(591) Metaspace: 23000K(23296K)->23000K(23296K) NonClass: 20207K(20352K)->20207K(20352K) Class: 2793K(2944K)->2793K(2944K)
[734.685s][info][gc             ] GC(591) Pause Young (Allocation Failure) 2485M->213M(7928M) 77.126ms
[734.685s][info][gc,cpu         ] GC(591) User=0.47s Sys=0.00s Real=0.08s
[735.918s][info][gc,start       ] GC(592) Pause Young (Allocation Failure)
[736.044s][info][gc,heap        ] GC(592) PSYoungGen: 2363936K(2525696K)->191168K(2524160K) Eden: 2259968K(2259968K)->0K(2261504K) From: 103968K(265728K)->191168K(262656K)
[736.044s][info][gc,heap        ] GC(592) ParOldGen: 114715K(5592576K)->116683K(5592576K)
[736.044s][info][gc,metaspace   ] GC(592) Metaspace: 23000K(23296K)->23000K(23296K) NonClass: 20207K(20352K)->20207K(20352K) Class: 2793K(2944K)->2793K(2944K)
[736.044s][info][gc             ] GC(592) Pause Young (Allocation Failure) 2420M->300M(7926M) 125.320ms
[736.044s][info][gc,cpu         ] GC(592) User=0.75s Sys=0.00s Real=0.13s
[736.626s][info][gc,start       ] GC(593) Pause Young (System.gc())
[736.702s][info][gc,heap        ] GC(593) PSYoungGen: 805312K(2524160K)->41600K(2303488K) Eden: 614144K(2261504K)->0K(2261504K) From: 191168K(262656K)->41600K(41984K)
[736.702s][info][gc,heap        ] GC(593) ParOldGen: 116683K(5592576K)->173051K(5592576K)
[736.702s][info][gc,metaspace   ] GC(593) Metaspace: 23000K(23296K)->23000K(23296K) NonClass: 20207K(20352K)->20207K(20352K) Class: 2793K(2944K)->2793K(2944K)
[736.702s][info][gc             ] GC(593) Pause Young (System.gc()) 900M->209M(7711M) 75.940ms
[736.702s][info][gc,cpu         ] GC(593) User=0.45s Sys=0.00s Real=0.07s
[736.702s][info][gc,start       ] GC(594) Pause Full (System.gc())
[736.702s][info][gc,phases,start] GC(594) Marking Phase
[736.738s][info][gc,phases      ] GC(594) Marking Phase 36.443ms
[736.738s][info][gc,phases,start] GC(594) Summary Phase
[736.738s][info][gc,phases      ] GC(594) Summary Phase 0.012ms
[736.738s][info][gc,phases,start] GC(594) Adjust Roots
[736.742s][info][gc,phases      ] GC(594) Adjust Roots 3.802ms
[736.742s][info][gc,phases,start] GC(594) Compaction Phase
[736.832s][info][gc,phases      ] GC(594) Compaction Phase 89.942ms
[736.832s][info][gc,phases,start] GC(594) Post Compact
[736.834s][info][gc,phases      ] GC(594) Post Compact 1.345ms
[736.834s][info][gc,heap        ] GC(594) PSYoungGen: 41600K(2303488K)->0K(2303488K) Eden: 0K(2261504K)->0K(2261504K) From: 41600K(41984K)->0K(41984K)
[736.834s][info][gc,heap        ] GC(594) ParOldGen: 173051K(5592576K)->103589K(5592576K)
[736.834s][info][gc,metaspace   ] GC(594) Metaspace: 23000K(23296K)->23000K(23296K) NonClass: 20207K(20352K)->20207K(20352K) Class: 2793K(2944K)->2793K(2944K)
[736.834s][info][gc             ] GC(594) Pause Full (System.gc()) 209M->101M(7711M) 131.872ms
[736.834s][info][gc,cpu         ] GC(594) User=0.67s Sys=0.00s Real=0.14s
[737.998s][info][gc,start       ] GC(595) Pause Young (Allocation Failure)
[738.111s][info][gc,heap        ] GC(595) PSYoungGen: 2261504K(2303488K)->175568K(2522112K) Eden: 2261504K(2261504K)->0K(2247168K) From: 0K(41984K)->175568K(274944K)
[738.111s][info][gc,heap        ] GC(595) ParOldGen: 103589K(5592576K)->103589K(5592576K)
[738.111s][info][gc,metaspace   ] GC(595) Metaspace: 23000K(23296K)->23000K(23296K) NonClass: 20207K(20352K)->20207K(20352K) Class: 2793K(2944K)->2793K(2944K)
[738.111s][info][gc             ] GC(595) Pause Young (Allocation Failure) 2309M->272M(7924M) 113.071ms
[738.111s][info][gc,cpu         ] GC(595) User=0.66s Sys=0.00s Real=0.12s
[739.804s][info][gc,start       ] GC(596) Pause Young (Allocation Failure)
[739.903s][info][gc,heap        ] GC(596) PSYoungGen: 2422736K(2522112K)->138432K(2521088K) Eden: 2247168K(2247168K)->0K(2247168K) From: 175568K(274944K)->138432K(273920K)
[739.903s][info][gc,heap        ] GC(596) ParOldGen: 103589K(5592576K)->103629K(5592576K)
[739.903s][info][gc,metaspace   ] GC(596) Metaspace: 23000K(23296K)->23000K(23296K) NonClass: 20207K(20352K)->20207K(20352K) Class: 2793K(2944K)->2793K(2944K)
[739.903s][info][gc             ] GC(596) Pause Young (Allocation Failure) 2467M->236M(7923M) 98.923ms
[739.903s][info][gc,cpu         ] GC(596) User=0.55s Sys=0.00s Real=0.10s
[741.070s][info][gc,start       ] GC(597) Pause Young (Allocation Failure)
[741.224s][info][gc,heap        ] GC(597) PSYoungGen: 2385600K(2521088K)->198992K(2516480K) Eden: 2247168K(2247168K)->0K(2254336K) From: 138432K(273920K)->198992K(262144K)
[741.224s][info][gc,heap        ] GC(597) ParOldGen: 103629K(5592576K)->114197K(5592576K)
[741.224s][info][gc,metaspace   ] GC(597) Metaspace: 23000K(23296K)->23000K(23296K) NonClass: 20207K(20352K)->20207K(20352K) Class: 2793K(2944K)->2793K(2944K)
[741.224s][info][gc             ] GC(597) Pause Young (Allocation Failure) 2430M->305M(7919M) 154.146ms
[741.224s][info][gc,cpu         ] GC(597) User=0.81s Sys=0.02s Real=0.15s
[742.723s][info][gc,start       ] GC(598) Pause Young (Allocation Failure)
[742.831s][info][gc,heap        ] GC(598) PSYoungGen: 2453328K(2516480K)->157680K(2525184K) Eden: 2254336K(2254336K)->0K(2254336K) From: 198992K(262144K)->157680K(270848K)
[742.831s][info][gc,heap        ] GC(598) ParOldGen: 114197K(5592576K)->116269K(5592576K)
[742.831s][info][gc,metaspace   ] GC(598) Metaspace: 23000K(23296K)->23000K(23296K) NonClass: 20207K(20352K)->20207K(20352K) Class: 2793K(2944K)->2793K(2944K)
[742.831s][info][gc             ] GC(598) Pause Young (Allocation Failure) 2507M->267M(7927M) 108.208ms
[742.831s][info][gc,cpu         ] GC(598) User=0.66s Sys=0.00s Real=0.12s
[744.475s][info][gc,start       ] GC(599) Pause Young (Allocation Failure)
[744.549s][info][gc,heap        ] GC(599) PSYoungGen: 2412016K(2525184K)->101856K(2537472K) Eden: 2254336K(2254336K)->0K(2275840K) From: 157680K(270848K)->101856K(261632K)
[744.549s][info][gc,heap        ] GC(599) ParOldGen: 116269K(5592576K)->116293K(5592576K)
[744.549s][info][gc,metaspace   ] GC(599) Metaspace: 23000K(23296K)->23000K(23296K) NonClass: 20207K(20352K)->20207K(20352K) Class: 2793K(2944K)->2793K(2944K)
[744.549s][info][gc             ] GC(599) Pause Young (Allocation Failure) 2469M->213M(7939M) 73.880ms
[744.549s][info][gc,cpu         ] GC(599) User=0.47s Sys=0.00s Real=0.08s
[745.788s][info][gc,start       ] GC(600) Pause Young (Allocation Failure)
[745.917s][info][gc,heap        ] GC(600) PSYoungGen: 2377696K(2537472K)->191616K(2467840K) Eden: 2275840K(2275840K)->0K(2275840K) From: 101856K(261632K)->191616K(192000K)
[745.917s][info][gc,heap        ] GC(600) ParOldGen: 116293K(5592576K)->116293K(5592576K)
[745.917s][info][gc,metaspace   ] GC(600) Metaspace: 23000K(23296K)->23000K(23296K) NonClass: 20207K(20352K)->20207K(20352K) Class: 2793K(2944K)->2793K(2944K)
[745.917s][info][gc             ] GC(600) Pause Young (Allocation Failure) 2435M->300M(7871M) 128.940ms
[745.917s][info][gc,cpu         ] GC(600) User=0.84s Sys=0.00s Real=0.13s
[746.536s][info][gc,start       ] GC(601) Pause Young (System.gc())
[746.606s][info][gc,heap        ] GC(601) PSYoungGen: 876121K(2467840K)->45840K(2518528K) Eden: 684505K(2275840K)->0K(2254336K) From: 191616K(192000K)->45840K(264192K)
[746.607s][info][gc,heap        ] GC(601) ParOldGen: 116293K(5592576K)->167897K(5592576K)
[746.607s][info][gc,metaspace   ] GC(601) Metaspace: 23000K(23296K)->23000K(23296K) NonClass: 20207K(20352K)->20207K(20352K) Class: 2793K(2944K)->2793K(2944K)
[746.607s][info][gc             ] GC(601) Pause Young (System.gc()) 969M->208M(7921M) 70.973ms
[746.607s][info][gc,cpu         ] GC(601) User=0.47s Sys=0.00s Real=0.07s
[746.607s][info][gc,start       ] GC(602) Pause Full (System.gc())
[746.607s][info][gc,phases,start] GC(602) Marking Phase
[746.643s][info][gc,phases      ] GC(602) Marking Phase 36.774ms
[746.643s][info][gc,phases,start] GC(602) Summary Phase
[746.643s][info][gc,phases      ] GC(602) Summary Phase 0.012ms
[746.643s][info][gc,phases,start] GC(602) Adjust Roots
[746.648s][info][gc,phases      ] GC(602) Adjust Roots 4.130ms
[746.648s][info][gc,phases,start] GC(602) Compaction Phase
[746.738s][info][gc,phases      ] GC(602) Compaction Phase 90.423ms
[746.738s][info][gc,phases,start] GC(602) Post Compact
[746.739s][info][gc,phases      ] GC(602) Post Compact 1.085ms
[746.739s][info][gc,heap        ] GC(602) PSYoungGen: 45840K(2518528K)->0K(2518528K) Eden: 0K(2254336K)->0K(2254336K) From: 45840K(264192K)->0K(264192K)
[746.739s][info][gc,heap        ] GC(602) ParOldGen: 167897K(5592576K)->103609K(5592576K)
[746.739s][info][gc,metaspace   ] GC(602) Metaspace: 23000K(23296K)->23000K(23296K) NonClass: 20207K(20352K)->20207K(20352K) Class: 2793K(2944K)->2793K(2944K)
[746.739s][info][gc             ] GC(602) Pause Full (System.gc()) 208M->101M(7921M) 132.717ms
[746.739s][info][gc,cpu         ] GC(602) User=0.67s Sys=0.00s Real=0.13s
[747.920s][info][gc,start       ] GC(603) Pause Young (Allocation Failure)
[748.041s][info][gc,heap        ] GC(603) PSYoungGen: 2254336K(2518528K)->183456K(2438144K) Eden: 2254336K(2254336K)->0K(2254336K) From: 0K(264192K)->183456K(183808K)
[748.041s][info][gc,heap        ] GC(603) ParOldGen: 103609K(5592576K)->103609K(5592576K)
[748.041s][info][gc,metaspace   ] GC(603) Metaspace: 23000K(23296K)->23000K(23296K) NonClass: 20207K(20352K)->20207K(20352K) Class: 2793K(2944K)->2793K(2944K)
[748.041s][info][gc             ] GC(603) Pause Young (Allocation Failure) 2302M->280M(7842M) 120.696ms
[748.041s][info][gc,cpu         ] GC(603) User=0.73s Sys=0.00s Real=0.12s
[749.645s][info][gc,start       ] GC(604) Pause Young (Allocation Failure)
[749.715s][info][gc,heap        ] GC(604) PSYoungGen: 2437792K(2438144K)->94768K(2526720K) Eden: 2254336K(2254336K)->0K(2252800K) From: 183456K(183808K)->94768K(273920K)
[749.715s][info][gc,heap        ] GC(604) ParOldGen: 103609K(5592576K)->103633K(5592576K)
[749.715s][info][gc,metaspace   ] GC(604) Metaspace: 23000K(23296K)->23000K(23296K) NonClass: 20207K(20352K)->20207K(20352K) Class: 2793K(2944K)->2793K(2944K)
[749.715s][info][gc             ] GC(604) Pause Young (Allocation Failure) 2481M->193M(7929M) 70.112ms
[749.715s][info][gc,cpu         ] GC(604) User=0.47s Sys=0.00s Real=0.07s
[750.917s][info][gc,start       ] GC(605) Pause Young (Allocation Failure)
[751.030s][info][gc,heap        ] GC(605) PSYoungGen: 2347568K(2526720K)->172400K(2522112K) Eden: 2252800K(2252800K)->0K(2252800K) From: 94768K(273920K)->172400K(269312K)
[751.030s][info][gc,heap        ] GC(605) ParOldGen: 103633K(5592576K)->104569K(5592576K)
[751.030s][info][gc,metaspace   ] GC(605) Metaspace: 23000K(23296K)->23000K(23296K) NonClass: 20207K(20352K)->20207K(20352K) Class: 2793K(2944K)->2793K(2944K)
[751.030s][info][gc             ] GC(605) Pause Young (Allocation Failure) 2393M->270M(7924M) 113.485ms
[751.031s][info][gc,cpu         ] GC(605) User=0.62s Sys=0.03s Real=0.11s
[752.644s][info][gc,start       ] GC(606) Pause Young (Allocation Failure)
[752.734s][info][gc,heap        ] GC(606) PSYoungGen: 2425200K(2522112K)->126640K(2537472K) Eden: 2252800K(2252800K)->0K(2268672K) From: 172400K(269312K)->126640K(268800K)
[752.734s][info][gc,heap        ] GC(606) ParOldGen: 104569K(5592576K)->104969K(5592576K)
[752.735s][info][gc,metaspace   ] GC(606) Metaspace: 23000K(23296K)->23000K(23296K) NonClass: 20207K(20352K)->20207K(20352K) Class: 2793K(2944K)->2793K(2944K)
[752.735s][info][gc             ] GC(606) Pause Young (Allocation Failure) 2470M->226M(7939M) 90.821ms
[752.735s][info][gc,cpu         ] GC(606) User=0.55s Sys=0.00s Real=0.09s
[753.818s][info][gc,start       ] GC(607) Pause Young (Allocation Failure)
[753.951s][info][gc,heap        ] GC(607) PSYoungGen: 2395312K(2537472K)->197040K(2527232K) Eden: 2268672K(2268672K)->0K(2268672K) From: 126640K(268800K)->197040K(258560K)
[753.951s][info][gc,heap        ] GC(607) ParOldGen: 104969K(5592576K)->115241K(5592576K)
[753.951s][info][gc,metaspace   ] GC(607) Metaspace: 23000K(23296K)->23000K(23296K) NonClass: 20207K(20352K)->20207K(20352K) Class: 2793K(2944K)->2793K(2944K)
[753.951s][info][gc             ] GC(607) Pause Young (Allocation Failure) 2441M->304M(7929M) 133.122ms
[753.951s][info][gc,cpu         ] GC(607) User=0.83s Sys=0.00s Real=0.13s
[755.620s][info][gc,start       ] GC(608) Pause Young (Allocation Failure)
[755.724s][info][gc,heap        ] GC(608) PSYoungGen: 2465712K(2527232K)->148736K(2539520K) Eden: 2268672K(2268672K)->0K(2271744K) From: 197040K(258560K)->148736K(267776K)
[755.724s][info][gc,heap        ] GC(608) ParOldGen: 115241K(5592576K)->118029K(5592576K)
[755.724s][info][gc,metaspace   ] GC(608) Metaspace: 23000K(23296K)->23000K(23296K) NonClass: 20207K(20352K)->20207K(20352K) Class: 2793K(2944K)->2793K(2944K)
[755.724s][info][gc             ] GC(608) Pause Young (Allocation Failure) 2520M->260M(7941M) 103.603ms
[755.724s][info][gc,cpu         ] GC(608) User=0.56s Sys=0.00s Real=0.10s
[756.487s][info][gc,start       ] GC(609) Pause Young (System.gc())
[756.557s][info][gc,heap        ] GC(609) PSYoungGen: 1244434K(2539520K)->69920K(2528256K) Eden: 1095698K(2271744K)->0K(2271744K) From: 148736K(267776K)->69920K(256512K)
[756.557s][info][gc,heap        ] GC(609) ParOldGen: 118029K(5592576K)->145401K(5592576K)
[756.557s][info][gc,metaspace   ] GC(609) Metaspace: 23000K(23296K)->23000K(23296K) NonClass: 20207K(20352K)->20207K(20352K) Class: 2793K(2944K)->2793K(2944K)
[756.557s][info][gc             ] GC(609) Pause Young (System.gc()) 1330M->210M(7930M) 69.766ms
[756.557s][info][gc,cpu         ] GC(609) User=0.45s Sys=0.00s Real=0.07s
[756.557s][info][gc,start       ] GC(610) Pause Full (System.gc())
[756.557s][info][gc,phases,start] GC(610) Marking Phase
[756.593s][info][gc,phases      ] GC(610) Marking Phase 35.944ms
[756.593s][info][gc,phases,start] GC(610) Summary Phase
[756.593s][info][gc,phases      ] GC(610) Summary Phase 0.012ms
[756.593s][info][gc,phases,start] GC(610) Adjust Roots
[756.597s][info][gc,phases      ] GC(610) Adjust Roots 3.505ms
[756.597s][info][gc,phases,start] GC(610) Compaction Phase
[756.683s][info][gc,phases      ] GC(610) Compaction Phase 86.045ms
[756.683s][info][gc,phases,start] GC(610) Post Compact
[756.684s][info][gc,phases      ] GC(610) Post Compact 1.067ms
[756.684s][info][gc,heap        ] GC(610) PSYoungGen: 69920K(2528256K)->0K(2528256K) Eden: 0K(2271744K)->0K(2271744K) From: 69920K(256512K)->0K(256512K)
[756.684s][info][gc,heap        ] GC(610) ParOldGen: 145401K(5592576K)->103529K(5592576K)
[756.684s][info][gc,metaspace   ] GC(610) Metaspace: 23000K(23296K)->23000K(23296K) NonClass: 20207K(20352K)->20207K(20352K) Class: 2793K(2944K)->2793K(2944K)
[756.684s][info][gc             ] GC(610) Pause Full (System.gc()) 210M->101M(7930M) 126.812ms
[756.684s][info][gc,cpu         ] GC(610) User=0.75s Sys=0.00s Real=0.13s
[757.993s][info][gc,start       ] GC(611) Pause Young (Allocation Failure)
[758.128s][info][gc,heap        ] GC(611) PSYoungGen: 2271744K(2528256K)->204672K(2512896K) Eden: 2271744K(2271744K)->0K(2254336K) From: 0K(256512K)->204672K(258560K)
[758.128s][info][gc,heap        ] GC(611) ParOldGen: 103529K(5592576K)->103529K(5592576K)
[758.128s][info][gc,metaspace   ] GC(611) Metaspace: 23000K(23296K)->23000K(23296K) NonClass: 20207K(20352K)->20207K(20352K) Class: 2793K(2944K)->2793K(2944K)
[758.128s][info][gc             ] GC(611) Pause Young (Allocation Failure) 2319M->300M(7915M) 134.536ms
[758.128s][info][gc,cpu         ] GC(611) User=0.75s Sys=0.00s Real=0.13s
[759.842s][info][gc,start       ] GC(612) Pause Young (Allocation Failure)
[759.948s][info][gc,heap        ] GC(612) PSYoungGen: 2459008K(2512896K)->150848K(2525184K) Eden: 2254336K(2254336K)->0K(2254336K) From: 204672K(258560K)->150848K(270848K)
[759.950s][info][gc,heap        ] GC(612) ParOldGen: 103529K(5592576K)->103561K(5592576K)
[759.950s][info][gc,metaspace   ] GC(612) Metaspace: 23000K(23296K)->23000K(23296K) NonClass: 20207K(20352K)->20207K(20352K) Class: 2793K(2944K)->2793K(2944K)
[759.950s][info][gc             ] GC(612) Pause Young (Allocation Failure) 2502M->248M(7927M) 108.198ms
[759.950s][info][gc,cpu         ] GC(612) User=0.66s Sys=0.00s Real=0.11s
[761.106s][info][gc,start       ] GC(613) Pause Young (Allocation Failure)
[761.250s][info][gc,heap        ] GC(613) PSYoungGen: 2405184K(2525184K)->191456K(2524672K) Eden: 2254336K(2254336K)->0K(2264576K) From: 150848K(270848K)->191456K(260096K)
[761.250s][info][gc,heap        ] GC(613) ParOldGen: 103561K(5592576K)->116097K(5592576K)
[761.250s][info][gc,metaspace   ] GC(613) Metaspace: 23000K(23296K)->23000K(23296K) NonClass: 20207K(20352K)->20207K(20352K) Class: 2793K(2944K)->2793K(2944K)
[761.251s][info][gc             ] GC(613) Pause Young (Allocation Failure) 2449M->300M(7927M) 144.599ms
[761.251s][info][gc,cpu         ] GC(613) User=0.84s Sys=0.00s Real=0.15s
[762.839s][info][gc,start       ] GC(614) Pause Young (Allocation Failure)
[762.962s][info][gc,heap        ] GC(614) PSYoungGen: 2456032K(2524672K)->181168K(2530304K) Eden: 2264576K(2264576K)->0K(2264576K) From: 191456K(260096K)->181168K(265728K)
[762.962s][info][gc,heap        ] GC(614) ParOldGen: 116097K(5592576K)->119993K(5592576K)
[762.962s][info][gc,metaspace   ] GC(614) Metaspace: 23000K(23296K)->23000K(23296K) NonClass: 20207K(20352K)->20207K(20352K) Class: 2793K(2944K)->2793K(2944K)
[762.962s][info][gc             ] GC(614) Pause Young (Allocation Failure) 2511M->294M(7932M) 123.109ms
[762.962s][info][gc,cpu         ] GC(614) User=0.75s Sys=0.00s Real=0.12s
[764.547s][info][gc,start       ] GC(615) Pause Young (Allocation Failure)
[764.626s][info][gc,heap        ] GC(615) PSYoungGen: 2445744K(2530304K)->102576K(2532864K) Eden: 2264576K(2264576K)->0K(2267648K) From: 181168K(265728K)->102576K(265216K)
[764.626s][info][gc,heap        ] GC(615) ParOldGen: 119993K(5592576K)->120017K(5592576K)
[764.626s][info][gc,metaspace   ] GC(615) Metaspace: 23002K(23296K)->23002K(23296K) NonClass: 20208K(20352K)->20208K(20352K) Class: 2793K(2944K)->2793K(2944K)
[764.626s][info][gc             ] GC(615) Pause Young (Allocation Failure) 2505M->217M(7935M) 78.839ms
[764.626s][info][gc,cpu         ] GC(615) User=0.47s Sys=0.00s Real=0.08s
[765.791s][info][gc,start       ] GC(616) Pause Young (Allocation Failure)
[765.922s][info][gc,heap        ] GC(616) PSYoungGen: 2370224K(2532864K)->199008K(2466816K) Eden: 2267648K(2267648K)->0K(2267648K) From: 102576K(265216K)->199008K(199168K)
[765.922s][info][gc,heap        ] GC(616) ParOldGen: 120017K(5592576K)->121505K(5592576K)
[765.922s][info][gc,metaspace   ] GC(616) Metaspace: 23002K(23296K)->23002K(23296K) NonClass: 20208K(20352K)->20208K(20352K) Class: 2793K(2944K)->2793K(2944K)
[765.922s][info][gc             ] GC(616) Pause Young (Allocation Failure) 2431M->313M(7870M) 131.034ms
[765.922s][info][gc,cpu         ] GC(616) User=0.73s Sys=0.00s Real=0.13s
[766.478s][info][gc,start       ] GC(617) Pause Young (System.gc())
[766.546s][info][gc,heap        ] GC(617) PSYoungGen: 756916K(2466816K)->38304K(2510336K) Eden: 557908K(2267648K)->0K(2240000K) From: 199008K(199168K)->38304K(270336K)
[766.546s][info][gc,heap        ] GC(617) ParOldGen: 121505K(5592576K)->181325K(5592576K)
[766.546s][info][gc,metaspace   ] GC(617) Metaspace: 23002K(23296K)->23002K(23296K) NonClass: 20208K(20352K)->20208K(20352K) Class: 2793K(2944K)->2793K(2944K)
[766.546s][info][gc             ] GC(617) Pause Young (System.gc()) 857M->214M(7913M) 68.114ms
[766.546s][info][gc,cpu         ] GC(617) User=0.38s Sys=0.00s Real=0.08s
[766.546s][info][gc,start       ] GC(618) Pause Full (System.gc())
[766.546s][info][gc,phases,start] GC(618) Marking Phase
[766.589s][info][gc,phases      ] GC(618) Marking Phase 42.216ms
[766.589s][info][gc,phases,start] GC(618) Summary Phase
[766.589s][info][gc,phases      ] GC(618) Summary Phase 0.011ms
[766.589s][info][gc,phases,start] GC(618) Adjust Roots
[766.592s][info][gc,phases      ] GC(618) Adjust Roots 3.617ms
[766.592s][info][gc,phases,start] GC(618) Compaction Phase
[766.675s][info][gc,phases      ] GC(618) Compaction Phase 82.836ms
[766.675s][info][gc,phases,start] GC(618) Post Compact
[766.676s][info][gc,phases      ] GC(618) Post Compact 1.109ms
[766.676s][info][gc,heap        ] GC(618) PSYoungGen: 38304K(2510336K)->0K(2510336K) Eden: 0K(2240000K)->0K(2240000K) From: 38304K(270336K)->0K(270336K)
[766.676s][info][gc,heap        ] GC(618) ParOldGen: 181325K(5592576K)->103614K(5592576K)
[766.676s][info][gc,metaspace   ] GC(618) Metaspace: 23002K(23296K)->23002K(23296K) NonClass: 20208K(20352K)->20208K(20352K) Class: 2793K(2944K)->2793K(2944K)
[766.676s][info][gc             ] GC(618) Pause Full (System.gc()) 214M->101M(7913M) 130.086ms
[766.676s][info][gc,cpu         ] GC(618) User=0.67s Sys=0.00s Real=0.13s
[767.920s][info][gc,start       ] GC(619) Pause Young (Allocation Failure)
[768.051s][info][gc,heap        ] GC(619) PSYoungGen: 2240000K(2510336K)->198592K(2438656K) Eden: 2240000K(2240000K)->0K(2240000K) From: 0K(270336K)->198592K(198656K)
[768.051s][info][gc,heap        ] GC(619) ParOldGen: 103614K(5592576K)->103614K(5592576K)
[768.051s][info][gc,metaspace   ] GC(619) Metaspace: 23002K(23296K)->23002K(23296K) NonClass: 20208K(20352K)->20208K(20352K) Class: 2793K(2944K)->2793K(2944K)
[768.051s][info][gc             ] GC(619) Pause Young (Allocation Failure) 2288M->295M(7843M) 131.451ms
[768.051s][info][gc,cpu         ] GC(619) User=0.75s Sys=0.00s Real=0.13s
[769.719s][info][gc,start       ] GC(620) Pause Young (Allocation Failure)
[769.808s][info][gc,heap        ] GC(620) PSYoungGen: 2438592K(2438656K)->128304K(2521088K) Eden: 2240000K(2240000K)->0K(2235392K) From: 198592K(198656K)->128304K(285696K)
[769.808s][info][gc,heap        ] GC(620) ParOldGen: 103614K(5592576K)->103654K(5592576K)
[769.808s][info][gc,metaspace   ] GC(620) Metaspace: 23002K(23296K)->23002K(23296K) NonClass: 20208K(20352K)->20208K(20352K) Class: 2793K(2944K)->2793K(2944K)
[769.808s][info][gc             ] GC(620) Pause Young (Allocation Failure) 2482M->226M(7923M) 88.367ms
[769.808s][info][gc,cpu         ] GC(620) User=0.56s Sys=0.00s Real=0.10s
[770.971s][info][gc,start       ] GC(621) Pause Young (Allocation Failure)
[771.097s][info][gc,heap        ] GC(621) PSYoungGen: 2363696K(2521088K)->192016K(2510336K) Eden: 2235392K(2235392K)->0K(2235392K) From: 128304K(285696K)->192016K(274944K)
[771.097s][info][gc,heap        ] GC(621) ParOldGen: 103654K(5592576K)->109278K(5592576K)
[771.097s][info][gc,metaspace   ] GC(621) Metaspace: 23002K(23296K)->23002K(23296K) NonClass: 20208K(20352K)->20208K(20352K) Class: 2793K(2944K)->2793K(2944K)
[771.097s][info][gc             ] GC(621) Pause Young (Allocation Failure) 2409M->294M(7913M) 125.787ms
[771.097s][info][gc,cpu         ] GC(621) User=0.73s Sys=0.00s Real=0.13s
[772.723s][info][gc,start       ] GC(622) Pause Young (Allocation Failure)
[772.826s][info][gc,heap        ] GC(622) PSYoungGen: 2427408K(2510336K)->149440K(2529280K) Eden: 2235392K(2235392K)->0K(2250240K) From: 192016K(274944K)->149440K(279040K)
[772.826s][info][gc,heap        ] GC(622) ParOldGen: 109278K(5592576K)->111078K(5592576K)
[772.826s][info][gc,metaspace   ] GC(622) Metaspace: 23002K(23296K)->23002K(23296K) NonClass: 20208K(20352K)->20208K(20352K) Class: 2793K(2944K)->2793K(2944K)
[772.826s][info][gc             ] GC(622) Pause Young (Allocation Failure) 2477M->254M(7931M) 102.730ms
[772.826s][info][gc,cpu         ] GC(622) User=0.64s Sys=0.00s Real=0.10s
[773.858s][info][gc,start       ] GC(623) Pause Young (Allocation Failure)
[774.003s][info][gc,heap        ] GC(623) PSYoungGen: 2399680K(2529280K)->206112K(2516992K) Eden: 2250240K(2250240K)->0K(2250240K) From: 149440K(279040K)->206112K(266752K)
[774.003s][info][gc,heap        ] GC(623) ParOldGen: 111078K(5592576K)->128174K(5592576K)
[774.003s][info][gc,metaspace   ] GC(623) Metaspace: 23002K(23296K)->23002K(23296K) NonClass: 20208K(20352K)->20208K(20352K) Class: 2793K(2944K)->2793K(2944K)
[774.003s][info][gc             ] GC(623) Pause Young (Allocation Failure) 2451M->326M(7919M) 145.217ms
[774.003s][info][gc,cpu         ] GC(623) User=0.84s Sys=0.00s Real=0.14s
[775.646s][info][gc,start       ] GC(624) Pause Young (Allocation Failure)
[775.733s][info][gc,heap        ] GC(624) PSYoungGen: 2456352K(2516992K)->122400K(2526720K) Eden: 2250240K(2250240K)->0K(2251264K) From: 206112K(266752K)->122400K(275456K)
[775.733s][info][gc,heap        ] GC(624) ParOldGen: 128174K(5592576K)->131882K(5592576K)
[775.733s][info][gc,metaspace   ] GC(624) Metaspace: 23002K(23296K)->23002K(23296K) NonClass: 20208K(20352K)->20208K(20352K) Class: 2793K(2944K)->2793K(2944K)
[775.733s][info][gc             ] GC(624) Pause Young (Allocation Failure) 2523M->248M(7929M) 86.993ms
[775.733s][info][gc,cpu         ] GC(624) User=0.56s Sys=0.00s Real=0.10s
[776.562s][info][gc,start       ] GC(625) Pause Young (System.gc())
[776.621s][info][gc,heap        ] GC(625) PSYoungGen: 1209410K(2526720K)->68352K(2520576K) Eden: 1087010K(2251264K)->0K(2251264K) From: 122400K(275456K)->68352K(269312K)
[776.621s][info][gc,heap        ] GC(625) ParOldGen: 131882K(5592576K)->144510K(5592576K)
[776.621s][info][gc,metaspace   ] GC(625) Metaspace: 23002K(23296K)->23002K(23296K) NonClass: 20208K(20352K)->20208K(20352K) Class: 2793K(2944K)->2793K(2944K)
[776.621s][info][gc             ] GC(625) Pause Young (System.gc()) 1309M->207M(7923M) 59.214ms
[776.621s][info][gc,cpu         ] GC(625) User=0.36s Sys=0.02s Real=0.06s
[776.621s][info][gc,start       ] GC(626) Pause Full (System.gc())
[776.621s][info][gc,phases,start] GC(626) Marking Phase
[776.654s][info][gc,phases      ] GC(626) Marking Phase 32.459ms
[776.654s][info][gc,phases,start] GC(626) Summary Phase
[776.654s][info][gc,phases      ] GC(626) Summary Phase 0.012ms
[776.654s][info][gc,phases,start] GC(626) Adjust Roots
[776.657s][info][gc,phases      ] GC(626) Adjust Roots 3.619ms
[776.657s][info][gc,phases,start] GC(626) Compaction Phase
[776.735s][info][gc,phases      ] GC(626) Compaction Phase 77.424ms
[776.735s][info][gc,phases,start] GC(626) Post Compact
[776.736s][info][gc,phases      ] GC(626) Post Compact 1.064ms
[776.736s][info][gc,heap        ] GC(626) PSYoungGen: 68352K(2520576K)->0K(2520576K) Eden: 0K(2251264K)->0K(2251264K) From: 68352K(269312K)->0K(269312K)
[776.736s][info][gc,heap        ] GC(626) ParOldGen: 144510K(5592576K)->87284K(5592576K)
[776.736s][info][gc,metaspace   ] GC(626) Metaspace: 23002K(23296K)->23002K(23296K) NonClass: 20208K(20352K)->20208K(20352K) Class: 2793K(2944K)->2793K(2944K)
[776.736s][info][gc             ] GC(626) Pause Full (System.gc()) 207M->85M(7923M) 114.859ms
[776.736s][info][gc,cpu         ] GC(626) User=0.56s Sys=0.02s Real=0.12s
[778.102s][info][gc,start       ] GC(627) Pause Young (Allocation Failure)
[778.235s][info][gc,heap        ] GC(627) PSYoungGen: 2251264K(2520576K)->213712K(2497536K) Eden: 2251264K(2251264K)->0K(2225664K) From: 0K(269312K)->213712K(271872K)
[778.235s][info][gc,heap        ] GC(627) ParOldGen: 87284K(5592576K)->87284K(5592576K)
[778.235s][info][gc,metaspace   ] GC(627) Metaspace: 23002K(23296K)->23002K(23296K) NonClass: 20208K(20352K)->20208K(20352K) Class: 2793K(2944K)->2793K(2944K)
[778.235s][info][gc             ] GC(627) Pause Young (Allocation Failure) 2283M->293M(7900M) 133.114ms
[778.235s][info][gc,cpu         ] GC(627) User=0.72s Sys=0.00s Real=0.14s
[779.927s][info][gc,start       ] GC(628) Pause Young (Allocation Failure)
[780.033s][info][gc,heap        ] GC(628) PSYoungGen: 2439376K(2497536K)->160416K(2510848K) Eden: 2225664K(2225664K)->0K(2225664K) From: 213712K(271872K)->160416K(285184K)
[780.033s][info][gc,heap        ] GC(628) ParOldGen: 87284K(5592576K)->87316K(5592576K)
[780.033s][info][gc,metaspace   ] GC(628) Metaspace: 23002K(23296K)->23002K(23296K) NonClass: 20208K(20352K)->20208K(20352K) Class: 2793K(2944K)->2793K(2944K)
[780.033s][info][gc             ] GC(628) Pause Young (Allocation Failure) 2467M->241M(7913M) 106.061ms
[780.033s][info][gc,cpu         ] GC(628) User=0.64s Sys=0.00s Real=0.11s
[781.244s][info][gc,start       ] GC(629) Pause Young (Allocation Failure)
[781.372s][info][gc,heap        ] GC(629) PSYoungGen: 2386080K(2510848K)->177504K(2523648K) Eden: 2225664K(2225664K)->0K(2248704K) From: 160416K(285184K)->177504K(274944K)
[781.372s][info][gc,heap        ] GC(629) ParOldGen: 87316K(5592576K)->94636K(5592576K)
[781.372s][info][gc,metaspace   ] GC(629) Metaspace: 23002K(23296K)->23002K(23296K) NonClass: 20208K(20352K)->20208K(20352K) Class: 2793K(2944K)->2793K(2944K)
[781.372s][info][gc             ] GC(629) Pause Young (Allocation Failure) 2415M->265M(7926M) 128.239ms
[781.372s][info][gc,cpu         ] GC(629) User=0.73s Sys=0.00s Real=0.14s
[782.781s][info][gc,start       ] GC(630) Pause Young (Allocation Failure)
[782.894s][info][gc,heap        ] GC(630) PSYoungGen: 2426208K(2523648K)->164208K(2521088K) Eden: 2248704K(2248704K)->0K(2248704K) From: 177504K(274944K)->164208K(272384K)
[782.894s][info][gc,heap        ] GC(630) ParOldGen: 94636K(5592576K)->97053K(5592576K)
[782.894s][info][gc,metaspace   ] GC(630) Metaspace: 23002K(23296K)->23002K(23296K) NonClass: 20208K(20352K)->20208K(20352K) Class: 2793K(2944K)->2793K(2944K)
[782.894s][info][gc             ] GC(630) Pause Young (Allocation Failure) 2461M->255M(7923M) 113.001ms
[782.894s][info][gc,cpu         ] GC(630) User=0.59s Sys=0.00s Real=0.12s
[784.211s][info][gc,start       ] GC(631) Pause Young (Allocation Failure)
[784.319s][info][gc,heap        ] GC(631) PSYoungGen: 2412912K(2521088K)->151664K(2542080K) Eden: 2248704K(2248704K)->0K(2277888K) From: 164208K(272384K)->151664K(264192K)
[784.319s][info][gc,heap        ] GC(631) ParOldGen: 97053K(5592576K)->99677K(5592576K)
[784.319s][info][gc,metaspace   ] GC(631) Metaspace: 23002K(23296K)->23002K(23296K) NonClass: 20208K(20352K)->20208K(20352K) Class: 2793K(2944K)->2793K(2944K)
[784.319s][info][gc             ] GC(631) Pause Young (Allocation Failure) 2451M->245M(7944M) 108.023ms
[784.319s][info][gc,cpu         ] GC(631) User=0.56s Sys=0.00s Real=0.11s
[785.716s][info][gc,start       ] GC(632) Pause Young (Allocation Failure)
[785.828s][info][gc,heap        ] GC(632) PSYoungGen: 2429552K(2542080K)->173104K(2531840K) Eden: 2277888K(2277888K)->0K(2277888K) From: 151664K(264192K)->173104K(253952K)
[785.828s][info][gc,heap        ] GC(632) ParOldGen: 99677K(5592576K)->100549K(5592576K)
[785.828s][info][gc,metaspace   ] GC(632) Metaspace: 23002K(23296K)->23002K(23296K) NonClass: 20208K(20352K)->20208K(20352K) Class: 2793K(2944K)->2793K(2944K)
[785.828s][info][gc             ] GC(632) Pause Young (Allocation Failure) 2469M->267M(7934M) 112.470ms
[785.828s][info][gc,cpu         ] GC(632) User=0.64s Sys=0.00s Real=0.12s
[786.477s][info][gc,start       ] GC(633) Pause Young (System.gc())
[786.545s][info][gc,heap        ] GC(633) PSYoungGen: 946477K(2531840K)->52880K(2528768K) Eden: 773372K(2277888K)->0K(2277888K) From: 173104K(253952K)->52880K(250880K)
[786.546s][info][gc,heap        ] GC(633) ParOldGen: 100549K(5592576K)->145037K(5592576K)
[786.546s][info][gc,metaspace   ] GC(633) Metaspace: 23002K(23296K)->23002K(23296K) NonClass: 20208K(20352K)->20208K(20352K) Class: 2793K(2944K)->2793K(2944K)
[786.546s][info][gc             ] GC(633) Pause Young (System.gc()) 1022M->193M(7931M) 68.332ms
[786.546s][info][gc,cpu         ] GC(633) User=0.38s Sys=0.00s Real=0.07s
[786.546s][info][gc,start       ] GC(634) Pause Full (System.gc())
[786.546s][info][gc,phases,start] GC(634) Marking Phase
[786.584s][info][gc,phases      ] GC(634) Marking Phase 38.243ms
[786.584s][info][gc,phases,start] GC(634) Summary Phase
[786.584s][info][gc,phases      ] GC(634) Summary Phase 0.013ms
[786.584s][info][gc,phases,start] GC(634) Adjust Roots
[786.588s][info][gc,phases      ] GC(634) Adjust Roots 3.629ms
[786.588s][info][gc,phases,start] GC(634) Compaction Phase
[786.680s][info][gc,phases      ] GC(634) Compaction Phase 92.281ms
[786.680s][info][gc,phases,start] GC(634) Post Compact
[786.681s][info][gc,phases      ] GC(634) Post Compact 1.066ms
[786.681s][info][gc,heap        ] GC(634) PSYoungGen: 52880K(2528768K)->0K(2528768K) Eden: 0K(2277888K)->0K(2277888K) From: 52880K(250880K)->0K(250880K)
[786.681s][info][gc,heap        ] GC(634) ParOldGen: 145037K(5592576K)->103566K(5592576K)
[786.681s][info][gc,metaspace   ] GC(634) Metaspace: 23002K(23296K)->23002K(23296K) NonClass: 20208K(20352K)->20208K(20352K) Class: 2793K(2944K)->2793K(2944K)
[786.681s][info][gc             ] GC(634) Pause Full (System.gc()) 193M->101M(7931M) 135.548ms
[786.681s][info][gc,cpu         ] GC(634) User=0.75s Sys=0.00s Real=0.13s
[787.863s][info][gc,start       ] GC(635) Pause Young (Allocation Failure)
[787.988s][info][gc,heap        ] GC(635) PSYoungGen: 2277888K(2528768K)->190624K(2468864K) Eden: 2277888K(2277888K)->0K(2277888K) From: 0K(250880K)->190624K(190976K)
[787.988s][info][gc,heap        ] GC(635) ParOldGen: 103566K(5592576K)->103566K(5592576K)
[787.988s][info][gc,metaspace   ] GC(635) Metaspace: 23002K(23296K)->23002K(23296K) NonClass: 20208K(20352K)->20208K(20352K) Class: 2793K(2944K)->2793K(2944K)
[787.988s][info][gc             ] GC(635) Pause Young (Allocation Failure) 2325M->287M(7872M) 125.404ms
[787.988s][info][gc,cpu         ] GC(635) User=0.70s Sys=0.00s Real=0.13s
[789.549s][info][gc,start       ] GC(636) Pause Young (Allocation Failure)
[789.635s][info][gc,heap        ] GC(636) PSYoungGen: 2468512K(2468864K)->119248K(2537984K) Eden: 2277888K(2277888K)->0K(2273792K) From: 190624K(190976K)->119248K(264192K)
[789.635s][info][gc,heap        ] GC(636) ParOldGen: 103566K(5592576K)->103590K(5592576K)
[789.635s][info][gc,metaspace   ] GC(636) Metaspace: 23002K(23296K)->23002K(23296K) NonClass: 20208K(20352K)->20208K(20352K) Class: 2793K(2944K)->2793K(2944K)
[789.635s][info][gc             ] GC(636) Pause Young (Allocation Failure) 2511M->217M(7940M) 85.396ms
[789.635s][info][gc,cpu         ] GC(636) User=0.56s Sys=0.00s Real=0.10s
[790.832s][info][gc,start       ] GC(637) Pause Young (Allocation Failure)
[790.968s][info][gc,heap        ] GC(637) PSYoungGen: 2393040K(2537984K)->205632K(2479616K) Eden: 2273792K(2273792K)->0K(2273792K) From: 119248K(264192K)->205632K(205824K)
[790.968s][info][gc,heap        ] GC(637) ParOldGen: 103590K(5592576K)->109582K(5592576K)
[790.968s][info][gc,metaspace   ] GC(637) Metaspace: 23002K(23296K)->23002K(23296K) NonClass: 20208K(20352K)->20208K(20352K) Class: 2793K(2944K)->2793K(2944K)
[790.968s][info][gc             ] GC(637) Pause Young (Allocation Failure) 2438M->307M(7883M) 135.885ms
[790.968s][info][gc,cpu         ] GC(637) User=0.83s Sys=0.00s Real=0.13s
[792.657s][info][gc,start       ] GC(638) Pause Young (Allocation Failure)
[792.770s][info][gc,heap        ] GC(638) PSYoungGen: 2479424K(2479616K)->163744K(2534912K) Eden: 2273792K(2273792K)->0K(2266112K) From: 205632K(205824K)->163744K(268800K)
[792.772s][info][gc,heap        ] GC(638) ParOldGen: 109582K(5592576K)->111582K(5592576K)
[792.772s][info][gc,metaspace   ] GC(638) Metaspace: 23002K(23296K)->23002K(23296K) NonClass: 20208K(20352K)->20208K(20352K) Class: 2793K(2944K)->2793K(2944K)
[792.772s][info][gc             ] GC(638) Pause Young (Allocation Failure) 2528M->268M(7937M) 115.035ms
[792.772s][info][gc,cpu         ] GC(638) User=0.66s Sys=0.00s Real=0.12s
[794.193s][info][gc,start       ] GC(639) Pause Young (Allocation Failure)
[794.284s][info][gc,heap        ] GC(639) PSYoungGen: 2429856K(2534912K)->120352K(2527232K) Eden: 2266112K(2266112K)->0K(2266112K) From: 163744K(268800K)->120352K(261120K)
[794.284s][info][gc,heap        ] GC(639) ParOldGen: 111582K(5592576K)->112294K(5592576K)
[794.284s][info][gc,metaspace   ] GC(639) Metaspace: 23002K(23296K)->23002K(23296K) NonClass: 20208K(20352K)->20208K(20352K) Class: 2793K(2944K)->2793K(2944K)
[794.284s][info][gc             ] GC(639) Pause Young (Allocation Failure) 2481M->227M(7929M) 91.438ms
[794.284s][info][gc,cpu         ] GC(639) User=0.56s Sys=0.00s Real=0.09s
[795.588s][info][gc,start       ] GC(640) Pause Young (Allocation Failure)
[795.707s][info][gc,heap        ] GC(640) PSYoungGen: 2386464K(2527232K)->183200K(2536960K) Eden: 2266112K(2266112K)->0K(2280960K) From: 120352K(261120K)->183200K(256000K)
[795.707s][info][gc,heap        ] GC(640) ParOldGen: 112294K(5592576K)->112546K(5592576K)
[795.707s][info][gc,metaspace   ] GC(640) Metaspace: 23002K(23296K)->23002K(23296K) NonClass: 20208K(20352K)->20208K(20352K) Class: 2793K(2944K)->2793K(2944K)
[795.707s][info][gc             ] GC(640) Pause Young (Allocation Failure) 2440M->288M(7939M) 119.425ms
[795.707s][info][gc,cpu         ] GC(640) User=0.66s Sys=0.00s Real=0.12s
[796.416s][info][gc,start       ] GC(641) Pause Young (System.gc())
[796.483s][info][gc,heap        ] GC(641) PSYoungGen: 880176K(2536960K)->46432K(2325504K) Eden: 696976K(2280960K)->0K(2278912K) From: 183200K(256000K)->46432K(46592K)
[796.483s][info][gc,heap        ] GC(641) ParOldGen: 112546K(5592576K)->163482K(5592576K)
[796.483s][info][gc,metaspace   ] GC(641) Metaspace: 23002K(23296K)->23002K(23296K) NonClass: 20208K(20352K)->20208K(20352K) Class: 2793K(2944K)->2793K(2944K)
[796.483s][info][gc             ] GC(641) Pause Young (System.gc()) 969M->204M(7732M) 67.283ms
[796.483s][info][gc,cpu         ] GC(641) User=0.34s Sys=0.00s Real=0.08s
[796.483s][info][gc,start       ] GC(642) Pause Full (System.gc())
[796.483s][info][gc,phases,start] GC(642) Marking Phase
[796.521s][info][gc,phases      ] GC(642) Marking Phase 37.592ms
[796.521s][info][gc,phases,start] GC(642) Summary Phase
[796.521s][info][gc,phases      ] GC(642) Summary Phase 0.011ms
[796.521s][info][gc,phases,start] GC(642) Adjust Roots
[796.525s][info][gc,phases      ] GC(642) Adjust Roots 3.802ms
[796.525s][info][gc,phases,start] GC(642) Compaction Phase
[796.616s][info][gc,phases      ] GC(642) Compaction Phase 90.912ms
[796.616s][info][gc,phases,start] GC(642) Post Compact
[796.617s][info][gc,phases      ] GC(642) Post Compact 1.090ms
[796.617s][info][gc,heap        ] GC(642) PSYoungGen: 46432K(2325504K)->0K(2325504K) Eden: 0K(2278912K)->0K(2278912K) From: 46432K(46592K)->0K(46592K)
[796.617s][info][gc,heap        ] GC(642) ParOldGen: 163482K(5592576K)->103540K(5592576K)
[796.617s][info][gc,metaspace   ] GC(642) Metaspace: 23002K(23296K)->23002K(23296K) NonClass: 20208K(20352K)->20208K(20352K) Class: 2793K(2944K)->2793K(2944K)
[796.617s][info][gc             ] GC(642) Pause Full (System.gc()) 204M->101M(7732M) 133.687ms
[796.617s][info][gc,cpu         ] GC(642) User=0.67s Sys=0.00s Real=0.13s
[797.833s][info][gc,start       ] GC(643) Pause Young (Allocation Failure)
[797.957s][info][gc,heap        ] GC(643) PSYoungGen: 2278912K(2325504K)->192096K(2519040K) Eden: 2278912K(2278912K)->0K(2253312K) From: 0K(46592K)->192096K(265728K)
[797.957s][info][gc,heap        ] GC(643) ParOldGen: 103540K(5592576K)->103540K(5592576K)
[797.957s][info][gc,metaspace   ] GC(643) Metaspace: 23002K(23296K)->23002K(23296K) NonClass: 20208K(20352K)->20208K(20352K) Class: 2793K(2944K)->2793K(2944K)
[797.957s][info][gc             ] GC(643) Pause Young (Allocation Failure) 2326M->288M(7921M) 123.416ms
[797.957s][info][gc,cpu         ] GC(643) User=0.75s Sys=0.00s Real=0.13s
[799.500s][info][gc,start       ] GC(644) Pause Young (Allocation Failure)
[799.592s][info][gc,heap        ] GC(644) PSYoungGen: 2445408K(2519040K)->118528K(2524672K) Eden: 2253312K(2253312K)->0K(2253312K) From: 192096K(265728K)->118528K(271360K)
[799.592s][info][gc,heap        ] GC(644) ParOldGen: 103540K(5592576K)->103572K(5592576K)
[799.592s][info][gc,metaspace   ] GC(644) Metaspace: 23002K(23296K)->23002K(23296K) NonClass: 20208K(20352K)->20208K(20352K) Class: 2793K(2944K)->2793K(2944K)
[799.592s][info][gc             ] GC(644) Pause Young (Allocation Failure) 2489M->216M(7927M) 92.450ms
[799.592s][info][gc,cpu         ] GC(644) User=0.55s Sys=0.00s Real=0.09s
[800.700s][info][gc,start       ] GC(645) Pause Young (Allocation Failure)
[800.834s][info][gc,heap        ] GC(645) PSYoungGen: 2371840K(2524672K)->193072K(2520576K) Eden: 2253312K(2253312K)->0K(2256384K) From: 118528K(271360K)->193072K(264192K)
[800.834s][info][gc,heap        ] GC(645) ParOldGen: 103572K(5592576K)->110880K(5592576K)
[800.834s][info][gc,metaspace   ] GC(645) Metaspace: 23002K(23296K)->23002K(23296K) NonClass: 20208K(20352K)->20208K(20352K) Class: 2793K(2944K)->2793K(2944K)
[800.834s][info][gc             ] GC(645) Pause Young (Allocation Failure) 2417M->296M(7923M) 134.368ms
[800.834s][info][gc,cpu         ] GC(645) User=0.75s Sys=0.00s Real=0.13s
[802.349s][info][gc,start       ] GC(646) Pause Young (Allocation Failure)
[802.433s][info][gc,heap        ] GC(646) PSYoungGen: 2449456K(2520576K)->114816K(2526208K) Eden: 2256384K(2256384K)->0K(2256384K) From: 193072K(264192K)->114816K(269824K)
[802.436s][info][gc,heap        ] GC(646) ParOldGen: 110880K(5592576K)->112904K(5592576K)
[802.436s][info][gc,metaspace   ] GC(646) Metaspace: 23002K(23296K)->23002K(23296K) NonClass: 20208K(20352K)->20208K(20352K) Class: 2793K(2944K)->2793K(2944K)
[802.436s][info][gc             ] GC(646) Pause Young (Allocation Failure) 2500M->222M(7928M) 86.606ms
[802.436s][info][gc,cpu         ] GC(646) User=0.56s Sys=0.00s Real=0.09s
[803.545s][info][gc,start       ] GC(647) Pause Young (Allocation Failure)
[803.673s][info][gc,heap        ] GC(647) PSYoungGen: 2371200K(2526208K)->189968K(2523648K) Eden: 2256384K(2256384K)->0K(2259456K) From: 114816K(269824K)->189968K(264192K)
[803.673s][info][gc,heap        ] GC(647) ParOldGen: 112904K(5592576K)->119128K(5592576K)
[803.673s][info][gc,metaspace   ] GC(647) Metaspace: 23002K(23296K)->23002K(23296K) NonClass: 20208K(20352K)->20208K(20352K) Class: 2793K(2944K)->2793K(2944K)
[803.673s][info][gc             ] GC(647) Pause Young (Allocation Failure) 2425M->301M(7926M) 128.206ms
[803.673s][info][gc,cpu         ] GC(647) User=0.72s Sys=0.00s Real=0.13s
[805.195s][info][gc,start       ] GC(648) Pause Young (Allocation Failure)
[805.280s][info][gc,heap        ] GC(648) PSYoungGen: 2449424K(2523648K)->113792K(2527744K) Eden: 2259456K(2259456K)->0K(2259456K) From: 189968K(264192K)->113792K(268288K)
[805.280s][info][gc,heap        ] GC(648) ParOldGen: 119128K(5592576K)->121140K(5592576K)
[805.280s][info][gc,metaspace   ] GC(648) Metaspace: 23002K(23296K)->23002K(23296K) NonClass: 20208K(20352K)->20208K(20352K) Class: 2793K(2944K)->2793K(2944K)
[805.280s][info][gc             ] GC(648) Pause Young (Allocation Failure) 2508M->229M(7930M) 84.449ms
[805.280s][info][gc,cpu         ] GC(648) User=0.44s Sys=0.00s Real=0.09s
[806.143s][info][gc,start       ] GC(649) Pause Young (System.gc())
[806.220s][info][gc,heap        ] GC(649) PSYoungGen: 1473161K(2527744K)->87536K(2534400K) Eden: 1359369K(2259456K)->0K(2271232K) From: 113792K(268288K)->87536K(263168K)
[806.220s][info][gc,heap        ] GC(649) ParOldGen: 121140K(5592576K)->130764K(5592576K)
[806.220s][info][gc,metaspace   ] GC(649) Metaspace: 23002K(23296K)->23002K(23296K) NonClass: 20208K(20352K)->20208K(20352K) Class: 2793K(2944K)->2793K(2944K)
[806.220s][info][gc             ] GC(649) Pause Young (System.gc()) 1556M->213M(7936M) 77.129ms
[806.220s][info][gc,cpu         ] GC(649) User=0.47s Sys=0.00s Real=0.09s
[806.220s][info][gc,start       ] GC(650) Pause Full (System.gc())
[806.220s][info][gc,phases,start] GC(650) Marking Phase
[806.255s][info][gc,phases      ] GC(650) Marking Phase 34.142ms
[806.255s][info][gc,phases,start] GC(650) Summary Phase
[806.255s][info][gc,phases      ] GC(650) Summary Phase 0.012ms
[806.255s][info][gc,phases,start] GC(650) Adjust Roots
[806.259s][info][gc,phases      ] GC(650) Adjust Roots 4.347ms
[806.259s][info][gc,phases,start] GC(650) Compaction Phase
[806.344s][info][gc,phases      ] GC(650) Compaction Phase 85.312ms
[806.344s][info][gc,phases,start] GC(650) Post Compact
[806.345s][info][gc,phases      ] GC(650) Post Compact 1.058ms
[806.346s][info][gc,heap        ] GC(650) PSYoungGen: 87536K(2534400K)->0K(2534400K) Eden: 0K(2271232K)->0K(2271232K) From: 87536K(263168K)->0K(263168K)
[806.346s][info][gc,heap        ] GC(650) ParOldGen: 130764K(5592576K)->103481K(5592576K)
[806.346s][info][gc,metaspace   ] GC(650) Metaspace: 23002K(23296K)->23002K(23296K) NonClass: 20208K(20352K)->20208K(20352K) Class: 2793K(2944K)->2793K(2944K)
[806.346s][info][gc             ] GC(650) Pause Full (System.gc()) 213M->101M(7936M) 125.192ms
[806.346s][info][gc,cpu         ] GC(650) User=0.66s Sys=0.02s Real=0.12s
[807.443s][info][gc,start       ] GC(651) Pause Young (Allocation Failure)
[807.563s][info][gc,heap        ] GC(651) PSYoungGen: 2271232K(2534400K)->184112K(2455552K) Eden: 2271232K(2271232K)->0K(2271232K) From: 0K(263168K)->184112K(184320K)
[807.563s][info][gc,heap        ] GC(651) ParOldGen: 103481K(5592576K)->103481K(5592576K)
[807.563s][info][gc,metaspace   ] GC(651) Metaspace: 23002K(23296K)->23002K(23296K) NonClass: 20208K(20352K)->20208K(20352K) Class: 2793K(2944K)->2793K(2944K)
[807.563s][info][gc             ] GC(651) Pause Young (Allocation Failure) 2319M->280M(7859M) 120.004ms
[807.563s][info][gc,cpu         ] GC(651) User=0.75s Sys=0.00s Real=0.12s
[809.096s][info][gc,start       ] GC(652) Pause Young (Allocation Failure)
[809.174s][info][gc,heap        ] GC(652) PSYoungGen: 2455344K(2455552K)->105376K(2535936K) Eden: 2271232K(2271232K)->0K(2270720K) From: 184112K(184320K)->105376K(265216K)
[809.174s][info][gc,heap        ] GC(652) ParOldGen: 103481K(5592576K)->103513K(5592576K)
[809.174s][info][gc,metaspace   ] GC(652) Metaspace: 23002K(23296K)->23002K(23296K) NonClass: 20208K(20352K)->20208K(20352K) Class: 2793K(2944K)->2793K(2944K)
[809.174s][info][gc             ] GC(652) Pause Young (Allocation Failure) 2498M->203M(7938M) 78.623ms
[809.174s][info][gc,cpu         ] GC(652) User=0.47s Sys=0.00s Real=0.08s
[810.353s][info][gc,start       ] GC(653) Pause Young (Allocation Failure)
[810.475s][info][gc,heap        ] GC(653) PSYoungGen: 2376096K(2535936K)->187648K(2530816K) Eden: 2270720K(2270720K)->0K(2270720K) From: 105376K(265216K)->187648K(260096K)
[810.475s][info][gc,heap        ] GC(653) ParOldGen: 103513K(5592576K)->105713K(5592576K)
[810.475s][info][gc,metaspace   ] GC(653) Metaspace: 23002K(23296K)->23002K(23296K) NonClass: 20208K(20352K)->20208K(20352K) Class: 2793K(2944K)->2793K(2944K)
[810.475s][info][gc             ] GC(653) Pause Young (Allocation Failure) 2421M->286M(7933M) 121.685ms
[810.475s][info][gc,cpu         ] GC(653) User=0.66s Sys=0.00s Real=0.13s
[812.004s][info][gc,start       ] GC(654) Pause Young (Allocation Failure)
[812.089s][info][gc,heap        ] GC(654) PSYoungGen: 2458368K(2530816K)->117904K(2537472K) Eden: 2270720K(2270720K)->0K(2272256K) From: 187648K(260096K)->117904K(265216K)
[812.092s][info][gc,heap        ] GC(654) ParOldGen: 105713K(5592576K)->106433K(5592576K)
[812.092s][info][gc,metaspace   ] GC(654) Metaspace: 23003K(23296K)->23003K(23296K) NonClass: 20210K(20352K)->20210K(20352K) Class: 2793K(2944K)->2793K(2944K)
[812.092s][info][gc             ] GC(654) Pause Young (Allocation Failure) 2503M->219M(7939M) 88.031ms
[812.092s][info][gc,cpu         ] GC(654) User=0.56s Sys=0.00s Real=0.10s
[813.251s][info][gc,start       ] GC(655) Pause Young (Allocation Failure)
[813.382s][info][gc,heap        ] GC(655) PSYoungGen: 2390160K(2537472K)->200448K(2472960K) Eden: 2272256K(2272256K)->0K(2272256K) From: 117904K(265216K)->200448K(200704K)
[813.382s][info][gc,heap        ] GC(655) ParOldGen: 106433K(5592576K)->112865K(5592576K)
[813.382s][info][gc,metaspace   ] GC(655) Metaspace: 23003K(23296K)->23003K(23296K) NonClass: 20210K(20352K)->20210K(20352K) Class: 2793K(2944K)->2793K(2944K)
[813.382s][info][gc             ] GC(655) Pause Young (Allocation Failure) 2438M->305M(7876M) 131.316ms
[813.382s][info][gc,cpu         ] GC(655) User=0.75s Sys=0.02s Real=0.14s
[815.061s][info][gc,start       ] GC(656) Pause Young (Allocation Failure)
[815.164s][info][gc,heap        ] GC(656) PSYoungGen: 2472704K(2472960K)->150688K(2539520K) Eden: 2272256K(2272256K)->0K(2271744K) From: 200448K(200704K)->150688K(267776K)
[815.164s][info][gc,heap        ] GC(656) ParOldGen: 112865K(5592576K)->114953K(5592576K)
[815.164s][info][gc,metaspace   ] GC(656) Metaspace: 23003K(23296K)->23003K(23296K) NonClass: 20210K(20352K)->20210K(20352K) Class: 2793K(2944K)->2793K(2944K)
[815.164s][info][gc             ] GC(656) Pause Young (Allocation Failure) 2524M->259M(7941M) 103.976ms
[815.165s][info][gc,cpu         ] GC(656) User=0.66s Sys=0.00s Real=0.10s
[815.941s][info][gc,start       ] GC(657) Pause Young (System.gc())
[816.010s][info][gc,heap        ] GC(657) PSYoungGen: 1233285K(2539520K)->68976K(2528256K) Eden: 1082597K(2271744K)->0K(2271744K) From: 150688K(267776K)->68976K(256512K)
[816.011s][info][gc,heap        ] GC(657) ParOldGen: 114953K(5592576K)->143401K(5592576K)
[816.011s][info][gc,metaspace   ] GC(657) Metaspace: 23003K(23296K)->23003K(23296K) NonClass: 20210K(20352K)->20210K(20352K) Class: 2793K(2944K)->2793K(2944K)
[816.011s][info][gc             ] GC(657) Pause Young (System.gc()) 1316M->207M(7930M) 69.418ms
[816.011s][info][gc,cpu         ] GC(657) User=0.45s Sys=0.00s Real=0.08s
[816.011s][info][gc,start       ] GC(658) Pause Full (System.gc())
[816.011s][info][gc,phases,start] GC(658) Marking Phase
[816.046s][info][gc,phases      ] GC(658) Marking Phase 35.842ms
[816.047s][info][gc,phases,start] GC(658) Summary Phase
[816.047s][info][gc,phases      ] GC(658) Summary Phase 0.012ms
[816.047s][info][gc,phases,start] GC(658) Adjust Roots
[816.051s][info][gc,phases      ] GC(658) Adjust Roots 4.028ms
[816.051s][info][gc,phases,start] GC(658) Compaction Phase
[816.132s][info][gc,phases      ] GC(658) Compaction Phase 81.125ms
[816.132s][info][gc,phases,start] GC(658) Post Compact
[816.133s][info][gc,phases      ] GC(658) Post Compact 1.079ms
[816.133s][info][gc,heap        ] GC(658) PSYoungGen: 68976K(2528256K)->0K(2528256K) Eden: 0K(2271744K)->0K(2271744K) From: 68976K(256512K)->0K(256512K)
[816.133s][info][gc,heap        ] GC(658) ParOldGen: 143401K(5592576K)->103705K(5592576K)
[816.133s][info][gc,metaspace   ] GC(658) Metaspace: 23003K(23296K)->23003K(23296K) NonClass: 20210K(20352K)->20210K(20352K) Class: 2793K(2944K)->2793K(2944K)
[816.133s][info][gc             ] GC(658) Pause Full (System.gc()) 207M->101M(7930M) 122.347ms
[816.133s][info][gc,cpu         ] GC(658) User=0.66s Sys=0.00s Real=0.12s
[817.470s][info][gc,start       ] GC(659) Pause Young (Allocation Failure)
[817.607s][info][gc,heap        ] GC(659) PSYoungGen: 2271744K(2528256K)->207104K(2510848K) Eden: 2271744K(2271744K)->0K(2251264K) From: 0K(256512K)->207104K(259584K)
[817.609s][info][gc,heap        ] GC(659) ParOldGen: 103705K(5592576K)->103705K(5592576K)
[817.609s][info][gc,metaspace   ] GC(659) Metaspace: 23003K(23296K)->23003K(23296K) NonClass: 20210K(20352K)->20210K(20352K) Class: 2793K(2944K)->2793K(2944K)
[817.609s][info][gc             ] GC(659) Pause Young (Allocation Failure) 2319M->303M(7913M) 138.601ms
[817.609s][info][gc,cpu         ] GC(659) User=0.83s Sys=0.02s Real=0.14s
[819.330s][info][gc,start       ] GC(660) Pause Young (Allocation Failure)
[819.434s][info][gc,heap        ] GC(660) PSYoungGen: 2458368K(2510848K)->150720K(2523648K) Eden: 2251264K(2251264K)->0K(2251264K) From: 207104K(259584K)->150720K(272384K)
[819.435s][info][gc,heap        ] GC(660) ParOldGen: 103705K(5592576K)->103737K(5592576K)
[819.435s][info][gc,metaspace   ] GC(660) Metaspace: 23003K(23296K)->23003K(23296K) NonClass: 20210K(20352K)->20210K(20352K) Class: 2793K(2944K)->2793K(2944K)
[819.435s][info][gc             ] GC(660) Pause Young (Allocation Failure) 2502M->248M(7926M) 105.031ms
[819.435s][info][gc,cpu         ] GC(660) User=0.62s Sys=0.03s Real=0.10s
[820.551s][info][gc,start       ] GC(661) Pause Young (Allocation Failure)
[820.702s][info][gc,heap        ] GC(661) PSYoungGen: 2401984K(2523648K)->202784K(2517504K) Eden: 2251264K(2251264K)->0K(2256384K) From: 150720K(272384K)->202784K(261120K)
[820.702s][info][gc,heap        ] GC(661) ParOldGen: 103737K(5592576K)->124117K(5592576K)
[820.702s][info][gc,metaspace   ] GC(661) Metaspace: 23003K(23296K)->23003K(23296K) NonClass: 20210K(20352K)->20210K(20352K) Class: 2793K(2944K)->2793K(2944K)
[820.702s][info][gc             ] GC(661) Pause Young (Allocation Failure) 2446M->319M(7920M) 151.558ms
[820.702s][info][gc,cpu         ] GC(661) User=0.94s Sys=0.00s Real=0.16s
[822.314s][info][gc,start       ] GC(662) Pause Young (Allocation Failure)
[822.430s][info][gc,heap        ] GC(662) PSYoungGen: 2459168K(2517504K)->167328K(2526208K) Eden: 2256384K(2256384K)->0K(2256384K) From: 202784K(261120K)->167328K(269824K)
[822.430s][info][gc,heap        ] GC(662) ParOldGen: 124117K(5592576K)->130293K(5592576K)
[822.430s][info][gc,metaspace   ] GC(662) Metaspace: 23003K(23296K)->23003K(23296K) NonClass: 20210K(20352K)->20210K(20352K) Class: 2793K(2944K)->2793K(2944K)
[822.430s][info][gc             ] GC(662) Pause Young (Allocation Failure) 2522M->290M(7928M) 116.063ms
[822.430s][info][gc,cpu         ] GC(662) User=0.75s Sys=0.00s Real=0.12s
[824.091s][info][gc,start       ] GC(663) Pause Young (Allocation Failure)
[824.167s][info][gc,heap        ] GC(663) PSYoungGen: 2423712K(2526208K)->96960K(2533376K) Eden: 2256384K(2256384K)->0K(2270208K) From: 167328K(269824K)->96960K(263168K)
[824.167s][info][gc,heap        ] GC(663) ParOldGen: 130293K(5592576K)->130317K(5592576K)
[824.167s][info][gc,metaspace   ] GC(663) Metaspace: 23003K(23296K)->23003K(23296K) NonClass: 20210K(20352K)->20210K(20352K) Class: 2793K(2944K)->2793K(2944K)
[824.167s][info][gc             ] GC(663) Pause Young (Allocation Failure) 2494M->221M(7935M) 75.865ms
[824.167s][info][gc,cpu         ] GC(663) User=0.41s Sys=0.00s Real=0.08s
[825.348s][info][gc,start       ] GC(664) Pause Young (Allocation Failure)
[825.474s][info][gc,heap        ] GC(664) PSYoungGen: 2367168K(2533376K)->188208K(2458624K) Eden: 2270208K(2270208K)->0K(2270208K) From: 96960K(263168K)->188208K(188416K)
[825.474s][info][gc,heap        ] GC(664) ParOldGen: 130317K(5592576K)->130433K(5592576K)
[825.474s][info][gc,metaspace   ] GC(664) Metaspace: 23003K(23296K)->23003K(23296K) NonClass: 20210K(20352K)->20210K(20352K) Class: 2793K(2944K)->2793K(2944K)
[825.474s][info][gc             ] GC(664) Pause Young (Allocation Failure) 2438M->311M(7862M) 125.966ms
[825.474s][info][gc,cpu         ] GC(664) User=0.72s Sys=0.02s Real=0.14s
[826.072s][info][gc,start       ] GC(665) Pause Young (System.gc())
[826.138s][info][gc,heap        ] GC(665) PSYoungGen: 816714K(2458624K)->43168K(2515968K) Eden: 628506K(2270208K)->0K(2250240K) From: 188208K(188416K)->43168K(265728K)
[826.138s][info][gc,heap        ] GC(665) ParOldGen: 130433K(5592576K)->184897K(5592576K)
[826.138s][info][gc,metaspace   ] GC(665) Metaspace: 23003K(23296K)->23003K(23296K) NonClass: 20210K(20352K)->20210K(20352K) Class: 2793K(2944K)->2793K(2944K)
[826.138s][info][gc             ] GC(665) Pause Young (System.gc()) 924M->222M(7918M) 66.624ms
[826.138s][info][gc,cpu         ] GC(665) User=0.36s Sys=0.00s Real=0.08s
[826.138s][info][gc,start       ] GC(666) Pause Full (System.gc())
[826.138s][info][gc,phases,start] GC(666) Marking Phase
[826.179s][info][gc,phases      ] GC(666) Marking Phase 40.608ms
[826.179s][info][gc,phases,start] GC(666) Summary Phase
[826.179s][info][gc,phases      ] GC(666) Summary Phase 0.012ms
[826.179s][info][gc,phases,start] GC(666) Adjust Roots
[826.183s][info][gc,phases      ] GC(666) Adjust Roots 4.438ms
[826.184s][info][gc,phases,start] GC(666) Compaction Phase
[826.269s][info][gc,phases      ] GC(666) Compaction Phase 85.966ms
[826.270s][info][gc,phases,start] GC(666) Post Compact
[826.271s][info][gc,phases      ] GC(666) Post Compact 1.244ms
[826.271s][info][gc,heap        ] GC(666) PSYoungGen: 43168K(2515968K)->0K(2515968K) Eden: 0K(2250240K)->0K(2250240K) From: 43168K(265728K)->0K(265728K)
[826.271s][info][gc,heap        ] GC(666) ParOldGen: 184897K(5592576K)->103634K(5592576K)
[826.271s][info][gc,metaspace   ] GC(666) Metaspace: 23003K(23296K)->23003K(23296K) NonClass: 20210K(20352K)->20210K(20352K) Class: 2793K(2944K)->2793K(2944K)
[826.271s][info][gc             ] GC(666) Pause Full (System.gc()) 222M->101M(7918M) 132.578ms
[826.271s][info][gc,cpu         ] GC(666) User=0.67s Sys=0.00s Real=0.13s
[827.452s][info][gc,start       ] GC(667) Pause Young (Allocation Failure)
[827.576s][info][gc,heap        ] GC(667) PSYoungGen: 2250240K(2515968K)->187840K(2438144K) Eden: 2250240K(2250240K)->0K(2250240K) From: 0K(265728K)->187840K(187904K)
[827.577s][info][gc,heap        ] GC(667) ParOldGen: 103634K(5592576K)->103634K(5592576K)
[827.577s][info][gc,metaspace   ] GC(667) Metaspace: 23003K(23296K)->23003K(23296K) NonClass: 20210K(20352K)->20210K(20352K) Class: 2793K(2944K)->2793K(2944K)
[827.577s][info][gc             ] GC(667) Pause Young (Allocation Failure) 2298M->284M(7842M) 124.119ms
[827.577s][info][gc,cpu         ] GC(667) User=0.75s Sys=0.00s Real=0.12s
[829.130s][info][gc,start       ] GC(668) Pause Young (Allocation Failure)
[829.209s][info][gc,heap        ] GC(668) PSYoungGen: 2438080K(2438144K)->102720K(2524672K) Eden: 2250240K(2250240K)->0K(2247680K) From: 187840K(187904K)->102720K(276992K)
[829.209s][info][gc,heap        ] GC(668) ParOldGen: 103634K(5592576K)->103674K(5592576K)
[829.209s][info][gc,metaspace   ] GC(668) Metaspace: 23003K(23296K)->23003K(23296K) NonClass: 20210K(20352K)->20210K(20352K) Class: 2793K(2944K)->2793K(2944K)
[829.209s][info][gc             ] GC(668) Pause Young (Allocation Failure) 2482M->201M(7927M) 79.131ms
[829.209s][info][gc,cpu         ] GC(668) User=0.47s Sys=0.00s Real=0.08s
[830.394s][info][gc,start       ] GC(669) Pause Young (Allocation Failure)
[830.521s][info][gc,heap        ] GC(669) PSYoungGen: 2350400K(2524672K)->192112K(2519040K) Eden: 2247680K(2247680K)->0K(2247680K) From: 102720K(276992K)->192112K(271360K)
[830.521s][info][gc,heap        ] GC(669) ParOldGen: 103674K(5592576K)->105219K(5592576K)
[830.521s][info][gc,metaspace   ] GC(669) Metaspace: 23003K(23296K)->23003K(23296K) NonClass: 20210K(20352K)->20210K(20352K) Class: 2793K(2944K)->2793K(2944K)
[830.521s][info][gc             ] GC(669) Pause Young (Allocation Failure) 2396M->290M(7921M) 126.979ms
[830.521s][info][gc,cpu         ] GC(669) User=0.73s Sys=0.00s Real=0.14s
[832.170s][info][gc,start       ] GC(670) Pause Young (Allocation Failure)
[832.263s][info][gc,heap        ] GC(670) PSYoungGen: 2439792K(2519040K)->129280K(2528768K) Eden: 2247680K(2247680K)->0K(2251776K) From: 192112K(271360K)->129280K(276992K)
[832.263s][info][gc,heap        ] GC(670) ParOldGen: 105219K(5592576K)->105707K(5592576K)
[832.263s][info][gc,metaspace   ] GC(670) Metaspace: 23003K(23296K)->23003K(23296K) NonClass: 20210K(20352K)->20210K(20352K) Class: 2793K(2944K)->2793K(2944K)
[832.263s][info][gc             ] GC(670) Pause Young (Allocation Failure) 2485M->229M(7931M) 93.322ms
[832.263s][info][gc,cpu         ] GC(670) User=0.56s Sys=0.00s Real=0.09s
[833.345s][info][gc,start       ] GC(671) Pause Young (Allocation Failure)
[833.482s][info][gc,heap        ] GC(671) PSYoungGen: 2381056K(2528768K)->204192K(2519040K) Eden: 2251776K(2251776K)->0K(2251776K) From: 129280K(276992K)->204192K(267264K)
[833.482s][info][gc,heap        ] GC(671) ParOldGen: 105707K(5592576K)->116099K(5592576K)
[833.482s][info][gc,metaspace   ] GC(671) Metaspace: 23003K(23296K)->23003K(23296K) NonClass: 20210K(20352K)->20210K(20352K) Class: 2793K(2944K)->2793K(2944K)
[833.482s][info][gc             ] GC(671) Pause Young (Allocation Failure) 2428M->312M(7921M) 136.746ms
[833.482s][info][gc,cpu         ] GC(671) User=0.81s Sys=0.02s Real=0.14s
[835.118s][info][gc,start       ] GC(672) Pause Young (Allocation Failure)
[835.222s][info][gc,heap        ] GC(672) PSYoungGen: 2455968K(2519040K)->154208K(2530816K) Eden: 2251776K(2251776K)->0K(2254336K) From: 204192K(267264K)->154208K(276480K)
[835.222s][info][gc,heap        ] GC(672) ParOldGen: 116099K(5592576K)->118419K(5592576K)
[835.222s][info][gc,metaspace   ] GC(672) Metaspace: 23003K(23296K)->23003K(23296K) NonClass: 20210K(20352K)->20210K(20352K) Class: 2793K(2944K)->2793K(2944K)
[835.222s][info][gc             ] GC(672) Pause Young (Allocation Failure) 2511M->266M(7933M) 103.498ms
[835.222s][info][gc,cpu         ] GC(672) User=0.56s Sys=0.00s Real=0.11s
[835.938s][info][gc,start       ] GC(673) Pause Young (System.gc())
[836.012s][info][gc,heap        ] GC(673) PSYoungGen: 1120222K(2530816K)->64448K(2519552K) Eden: 966013K(2254336K)->0K(2254336K) From: 154208K(276480K)->64448K(265216K)
[836.012s][info][gc,heap        ] GC(673) ParOldGen: 118419K(5592576K)->151331K(5592576K)
[836.012s][info][gc,metaspace   ] GC(673) Metaspace: 23003K(23296K)->23003K(23296K) NonClass: 20210K(20352K)->20210K(20352K) Class: 2793K(2944K)->2793K(2944K)
[836.012s][info][gc             ] GC(673) Pause Young (System.gc()) 1209M->210M(7922M) 73.983ms
[836.012s][info][gc,cpu         ] GC(673) User=0.45s Sys=0.02s Real=0.08s
[836.012s][info][gc,start       ] GC(674) Pause Full (System.gc())
[836.012s][info][gc,phases,start] GC(674) Marking Phase
[836.047s][info][gc,phases      ] GC(674) Marking Phase 34.973ms
[836.047s][info][gc,phases,start] GC(674) Summary Phase
[836.047s][info][gc,phases      ] GC(674) Summary Phase 0.012ms
[836.047s][info][gc,phases,start] GC(674) Adjust Roots
[836.051s][info][gc,phases      ] GC(674) Adjust Roots 3.655ms
[836.051s][info][gc,phases,start] GC(674) Compaction Phase
[836.144s][info][gc,phases      ] GC(674) Compaction Phase 92.955ms
[836.144s][info][gc,phases,start] GC(674) Post Compact
[836.145s][info][gc,phases      ] GC(674) Post Compact 1.053ms
[836.145s][info][gc,heap        ] GC(674) PSYoungGen: 64448K(2519552K)->0K(2519552K) Eden: 0K(2254336K)->0K(2254336K) From: 64448K(265216K)->0K(265216K)
[836.145s][info][gc,heap        ] GC(674) ParOldGen: 151331K(5592576K)->103627K(5592576K)
[836.145s][info][gc,metaspace   ] GC(674) Metaspace: 23003K(23296K)->23003K(23296K) NonClass: 20210K(20352K)->20210K(20352K) Class: 2793K(2944K)->2793K(2944K)
[836.145s][info][gc             ] GC(674) Pause Full (System.gc()) 210M->101M(7922M) 132.930ms
[836.145s][info][gc,cpu         ] GC(674) User=0.69s Sys=0.00s Real=0.13s
[837.461s][info][gc,start       ] GC(675) Pause Young (Allocation Failure)
[837.592s][info][gc,heap        ] GC(675) PSYoungGen: 2254336K(2519552K)->204080K(2507776K) Eden: 2254336K(2254336K)->0K(2238976K) From: 0K(265216K)->204080K(268800K)
[837.592s][info][gc,heap        ] GC(675) ParOldGen: 103627K(5592576K)->103627K(5592576K)
[837.592s][info][gc,metaspace   ] GC(675) Metaspace: 23003K(23296K)->23003K(23296K) NonClass: 20210K(20352K)->20210K(20352K) Class: 2793K(2944K)->2793K(2944K)
[837.592s][info][gc             ] GC(675) Pause Young (Allocation Failure) 2302M->300M(7910M) 131.242ms
[837.592s][info][gc,cpu         ] GC(675) User=0.75s Sys=0.00s Real=0.14s
[839.156s][info][gc,start       ] GC(676) Pause Young (Allocation Failure)
[839.246s][info][gc,heap        ] GC(676) PSYoungGen: 2443056K(2507776K)->124144K(2517504K) Eden: 2238976K(2238976K)->0K(2238976K) From: 204080K(268800K)->124144K(278528K)
[839.246s][info][gc,heap        ] GC(676) ParOldGen: 103627K(5592576K)->103651K(5592576K)
[839.246s][info][gc,metaspace   ] GC(676) Metaspace: 23003K(23296K)->23003K(23296K) NonClass: 20210K(20352K)->20210K(20352K) Class: 2793K(2944K)->2793K(2944K)
[839.246s][info][gc             ] GC(676) Pause Young (Allocation Failure) 2486M->222M(7920M) 89.584ms
[839.246s][info][gc,cpu         ] GC(676) User=0.56s Sys=0.00s Real=0.09s
[840.320s][info][gc,start       ] GC(677) Pause Young (Allocation Failure)
[840.452s][info][gc,heap        ] GC(677) PSYoungGen: 2363120K(2517504K)->194368K(2514944K) Eden: 2238976K(2238976K)->0K(2245120K) From: 124144K(278528K)->194368K(269824K)
[840.452s][info][gc,heap        ] GC(677) ParOldGen: 103651K(5592576K)->112363K(5592576K)
[840.452s][info][gc,metaspace   ] GC(677) Metaspace: 23003K(23296K)->23003K(23296K) NonClass: 20210K(20352K)->20210K(20352K) Class: 2793K(2944K)->2793K(2944K)
[840.452s][info][gc             ] GC(677) Pause Young (Allocation Failure) 2408M->299M(7917M) 132.156ms
[840.452s][info][gc,cpu         ] GC(677) User=0.72s Sys=0.00s Real=0.13s
[842.011s][info][gc,start       ] GC(678) Pause Young (Allocation Failure)
[842.098s][info][gc,heap        ] GC(678) PSYoungGen: 2439488K(2514944K)->116592K(2520576K) Eden: 2245120K(2245120K)->0K(2245120K) From: 194368K(269824K)->116592K(275456K)
[842.098s][info][gc,heap        ] GC(678) ParOldGen: 112363K(5592576K)->114616K(5592576K)
[842.098s][info][gc,metaspace   ] GC(678) Metaspace: 23003K(23296K)->23003K(23296K) NonClass: 20210K(20352K)->20210K(20352K) Class: 2793K(2944K)->2793K(2944K)
[842.098s][info][gc             ] GC(678) Pause Young (Allocation Failure) 2492M->225M(7923M) 87.479ms
[842.098s][info][gc,cpu         ] GC(678) User=0.45s Sys=0.00s Real=0.09s
[843.149s][info][gc,start       ] GC(679) Pause Young (Allocation Failure)
[843.280s][info][gc,heap        ] GC(679) PSYoungGen: 2361712K(2520576K)->193328K(2516992K) Eden: 2245120K(2245120K)->0K(2248192K) From: 116592K(275456K)->193328K(268800K)
[843.280s][info][gc,heap        ] GC(679) ParOldGen: 114616K(5592576K)->121504K(5592576K)
[843.280s][info][gc,metaspace   ] GC(679) Metaspace: 23003K(23296K)->23003K(23296K) NonClass: 20210K(20352K)->20210K(20352K) Class: 2793K(2944K)->2793K(2944K)
[843.280s][info][gc             ] GC(679) Pause Young (Allocation Failure) 2418M->307M(7919M) 130.304ms
[843.280s][info][gc,cpu         ] GC(679) User=0.75s Sys=0.00s Real=0.13s
[844.952s][info][gc,start       ] GC(680) Pause Young (Allocation Failure)
[845.057s][info][gc,heap        ] GC(680) PSYoungGen: 2441520K(2516992K)->143424K(2522112K) Eden: 2248192K(2248192K)->0K(2248192K) From: 193328K(268800K)->143424K(273920K)
[845.059s][info][gc,heap        ] GC(680) ParOldGen: 121504K(5592576K)->123008K(5592576K)
[845.059s][info][gc,metaspace   ] GC(680) Metaspace: 23003K(23296K)->23003K(23296K) NonClass: 20210K(20352K)->20210K(20352K) Class: 2793K(2944K)->2793K(2944K)
[845.059s][info][gc             ] GC(680) Pause Young (Allocation Failure) 2502M->260M(7924M) 106.569ms
[845.059s][info][gc,cpu         ] GC(680) User=0.64s Sys=0.00s Real=0.10s
[845.817s][info][gc,start       ] GC(681) Pause Young (System.gc())
[845.889s][info][gc,heap        ] GC(681) PSYoungGen: 1279511K(2522112K)->72240K(2528768K) Eden: 1136087K(2248192K)->0K(2265600K) From: 143424K(273920K)->72240K(263168K)
[845.889s][info][gc,heap        ] GC(681) ParOldGen: 123008K(5592576K)->148084K(5592576K)
[845.889s][info][gc,metaspace   ] GC(681) Metaspace: 23003K(23296K)->23003K(23296K) NonClass: 20210K(20352K)->20210K(20352K) Class: 2793K(2944K)->2793K(2944K)
[845.889s][info][gc             ] GC(681) Pause Young (System.gc()) 1369M->215M(7931M) 71.877ms
[845.889s][info][gc,cpu         ] GC(681) User=0.47s Sys=0.00s Real=0.07s
[845.889s][info][gc,start       ] GC(682) Pause Full (System.gc())
[845.889s][info][gc,phases,start] GC(682) Marking Phase
[845.926s][info][gc,phases      ] GC(682) Marking Phase 36.388ms
[845.926s][info][gc,phases,start] GC(682) Summary Phase
[845.926s][info][gc,phases      ] GC(682) Summary Phase 0.011ms
[845.926s][info][gc,phases,start] GC(682) Adjust Roots
[845.930s][info][gc,phases      ] GC(682) Adjust Roots 4.052ms
[845.930s][info][gc,phases,start] GC(682) Compaction Phase
[846.018s][info][gc,phases      ] GC(682) Compaction Phase 88.286ms
[846.018s][info][gc,phases,start] GC(682) Post Compact
[846.020s][info][gc,phases      ] GC(682) Post Compact 1.366ms
[846.020s][info][gc,heap        ] GC(682) PSYoungGen: 72240K(2528768K)->0K(2528768K) Eden: 0K(2265600K)->0K(2265600K) From: 72240K(263168K)->0K(263168K)
[846.020s][info][gc,heap        ] GC(682) ParOldGen: 148084K(5592576K)->103579K(5592576K)
[846.020s][info][gc,metaspace   ] GC(682) Metaspace: 23003K(23296K)->23003K(23296K) NonClass: 20210K(20352K)->20210K(20352K) Class: 2793K(2944K)->2793K(2944K)
[846.020s][info][gc             ] GC(682) Pause Full (System.gc()) 215M->101M(7931M) 130.399ms
[846.020s][info][gc,cpu         ] GC(682) User=0.67s Sys=0.00s Real=0.13s
[847.134s][info][gc,start       ] GC(683) Pause Young (Allocation Failure)
[847.260s][info][gc,heap        ] GC(683) PSYoungGen: 2265600K(2528768K)->190144K(2456064K) Eden: 2265600K(2265600K)->0K(2265600K) From: 0K(263168K)->190144K(190464K)
[847.260s][info][gc,heap        ] GC(683) ParOldGen: 103579K(5592576K)->103587K(5592576K)
[847.260s][info][gc,metaspace   ] GC(683) Metaspace: 23018K(23296K)->23018K(23296K) NonClass: 20224K(20352K)->20224K(20352K) Class: 2793K(2944K)->2793K(2944K)
[847.260s][info][gc             ] GC(683) Pause Young (Allocation Failure) 2313M->286M(7860M) 126.151ms
[847.260s][info][gc,cpu         ] GC(683) User=0.75s Sys=0.00s Real=0.13s
[848.950s][info][gc,start       ] GC(684) Pause Young (Allocation Failure)
[849.036s][info][gc,heap        ] GC(684) PSYoungGen: 2455744K(2456064K)->124288K(2533888K) Eden: 2265600K(2265600K)->0K(2263552K) From: 190144K(190464K)->124288K(270336K)
[849.037s][info][gc,heap        ] GC(684) ParOldGen: 103587K(5592576K)->103611K(5592576K)
[849.037s][info][gc,metaspace   ] GC(684) Metaspace: 23018K(23296K)->23018K(23296K) NonClass: 20224K(20352K)->20224K(20352K) Class: 2793K(2944K)->2793K(2944K)
[849.037s][info][gc             ] GC(684) Pause Young (Allocation Failure) 2499M->222M(7936M) 86.585ms
[849.037s][info][gc,cpu         ] GC(684) User=0.47s Sys=0.00s Real=0.09s
[850.204s][info][gc,start       ] GC(685) Pause Young (Allocation Failure)
[850.343s][info][gc,heap        ] GC(685) PSYoungGen: 2387840K(2533888K)->211232K(2475008K) Eden: 2263552K(2263552K)->0K(2263552K) From: 124288K(270336K)->211232K(211456K)
[850.344s][info][gc,heap        ] GC(685) ParOldGen: 103611K(5592576K)->111811K(5592576K)
[850.344s][info][gc,metaspace   ] GC(685) Metaspace: 23018K(23296K)->23018K(23296K) NonClass: 20224K(20352K)->20224K(20352K) Class: 2793K(2944K)->2793K(2944K)
[850.344s][info][gc             ] GC(685) Pause Young (Allocation Failure) 2433M->315M(7878M) 139.807ms
[850.344s][info][gc,cpu         ] GC(685) User=0.84s Sys=0.00s Real=0.14s
[852.066s][info][gc,start       ] GC(686) Pause Young (Allocation Failure)
[852.173s][info][gc,heap        ] GC(686) PSYoungGen: 2474784K(2475008K)->159264K(2530816K) Eden: 2263552K(2263552K)->0K(2255872K) From: 211232K(211456K)->159264K(274944K)
[852.173s][info][gc,heap        ] GC(686) ParOldGen: 111811K(5592576K)->114567K(5592576K)
[852.173s][info][gc,metaspace   ] GC(686) Metaspace: 23018K(23296K)->23018K(23296K) NonClass: 20224K(20352K)->20224K(20352K) Class: 2793K(2944K)->2793K(2944K)
[852.174s][info][gc             ] GC(686) Pause Young (Allocation Failure) 2525M->267M(7933M) 107.526ms
[852.174s][info][gc,cpu         ] GC(686) User=0.66s Sys=0.00s Real=0.12s
[853.971s][info][gc,start       ] GC(687) Pause Young (Allocation Failure)
[854.046s][info][gc,heap        ] GC(687) PSYoungGen: 2415136K(2530816K)->97424K(2521088K) Eden: 2255872K(2255872K)->0K(2255872K) From: 159264K(274944K)->97424K(265216K)
[854.046s][info][gc,heap        ] GC(687) ParOldGen: 114567K(5592576K)->114583K(5592576K)
[854.046s][info][gc,metaspace   ] GC(687) Metaspace: 23018K(23296K)->23018K(23296K) NonClass: 20224K(20352K)->20224K(20352K) Class: 2793K(2944K)->2793K(2944K)
[854.046s][info][gc             ] GC(687) Pause Young (Allocation Failure) 2470M->207M(7923M) 74.715ms
[854.046s][info][gc,cpu         ] GC(687) User=0.45s Sys=0.02s Real=0.09s
[855.307s][info][gc,start       ] GC(688) Pause Young (Allocation Failure)
[855.438s][info][gc,heap        ] GC(688) PSYoungGen: 2353296K(2521088K)->196656K(2519040K) Eden: 2255872K(2255872K)->0K(2255360K) From: 97424K(265216K)->196656K(263680K)
[855.438s][info][gc,heap        ] GC(688) ParOldGen: 114583K(5592576K)->114583K(5592576K)
[855.438s][info][gc,metaspace   ] GC(688) Metaspace: 23018K(23296K)->23018K(23296K) NonClass: 20224K(20352K)->20224K(20352K) Class: 2793K(2944K)->2793K(2944K)
[855.438s][info][gc             ] GC(688) Pause Young (Allocation Failure) 2410M->303M(7921M) 131.341ms
[855.438s][info][gc,cpu         ] GC(688) User=0.75s Sys=0.00s Real=0.14s
[856.033s][info][gc,start       ] GC(689) Pause Young (System.gc())
[856.099s][info][gc,heap        ] GC(689) PSYoungGen: 786516K(2519040K)->40000K(2295808K) Eden: 589860K(2255360K)->0K(2255360K) From: 196656K(263680K)->40000K(40448K)
[856.099s][info][gc,heap        ] GC(689) ParOldGen: 114583K(5592576K)->171967K(5592576K)
[856.099s][info][gc,metaspace   ] GC(689) Metaspace: 23018K(23296K)->23018K(23296K) NonClass: 20224K(20352K)->20224K(20352K) Class: 2793K(2944K)->2793K(2944K)
[856.099s][info][gc             ] GC(689) Pause Young (System.gc()) 879M->206M(7703M) 66.555ms
[856.099s][info][gc,cpu         ] GC(689) User=0.34s Sys=0.00s Real=0.07s
[856.100s][info][gc,start       ] GC(690) Pause Full (System.gc())
[856.100s][info][gc,phases,start] GC(690) Marking Phase
[856.139s][info][gc,phases      ] GC(690) Marking Phase 39.968ms
[856.140s][info][gc,phases,start] GC(690) Summary Phase
[856.140s][info][gc,phases      ] GC(690) Summary Phase 0.012ms
[856.140s][info][gc,phases,start] GC(690) Adjust Roots
[856.144s][info][gc,phases      ] GC(690) Adjust Roots 4.291ms
[856.144s][info][gc,phases,start] GC(690) Compaction Phase
[856.225s][info][gc,phases      ] GC(690) Compaction Phase 80.725ms
[856.225s][info][gc,phases,start] GC(690) Post Compact
[856.226s][info][gc,phases      ] GC(690) Post Compact 1.057ms
[856.226s][info][gc,heap        ] GC(690) PSYoungGen: 40000K(2295808K)->0K(2295808K) Eden: 0K(2255360K)->0K(2255360K) From: 40000K(40448K)->0K(40448K)
[856.226s][info][gc,heap        ] GC(690) ParOldGen: 171967K(5592576K)->103565K(5592576K)
[856.226s][info][gc,metaspace   ] GC(690) Metaspace: 23018K(23296K)->23018K(23296K) NonClass: 20224K(20352K)->20224K(20352K) Class: 2793K(2944K)->2793K(2944K)
[856.226s][info][gc             ] GC(690) Pause Full (System.gc()) 206M->101M(7703M) 126.295ms
[856.226s][info][gc,cpu         ] GC(690) User=0.69s Sys=0.00s Real=0.12s
[857.509s][info][gc,start       ] GC(691) Pause Young (Allocation Failure)
[857.634s][info][gc,heap        ] GC(691) PSYoungGen: 2255360K(2295808K)->190832K(2509312K) Eden: 2255360K(2255360K)->0K(2231808K) From: 0K(40448K)->190832K(277504K)
[857.634s][info][gc,heap        ] GC(691) ParOldGen: 103565K(5592576K)->103565K(5592576K)
[857.634s][info][gc,metaspace   ] GC(691) Metaspace: 23018K(23296K)->23018K(23296K) NonClass: 20224K(20352K)->20224K(20352K) Class: 2793K(2944K)->2793K(2944K)
[857.634s][info][gc             ] GC(691) Pause Young (Allocation Failure) 2303M->287M(7912M) 125.128ms
[857.634s][info][gc,cpu         ] GC(691) User=0.73s Sys=0.02s Real=0.13s
[859.217s][info][gc,start       ] GC(692) Pause Young (Allocation Failure)
[859.297s][info][gc,heap        ] GC(692) PSYoungGen: 2422640K(2509312K)->109584K(2513920K) Eden: 2231808K(2231808K)->0K(2231808K) From: 190832K(277504K)->109584K(282112K)
[859.297s][info][gc,heap        ] GC(692) ParOldGen: 103565K(5592576K)->103589K(5592576K)
[859.297s][info][gc,metaspace   ] GC(692) Metaspace: 23018K(23296K)->23018K(23296K) NonClass: 20224K(20352K)->20224K(20352K) Class: 2793K(2944K)->2793K(2944K)
[859.297s][info][gc             ] GC(692) Pause Young (Allocation Failure) 2466M->208M(7916M) 79.930ms
[859.297s][info][gc,cpu         ] GC(692) User=0.47s Sys=0.00s Real=0.08s
[860.378s][info][gc,start       ] GC(693) Pause Young (Allocation Failure)
[860.502s][info][gc,heap        ] GC(693) PSYoungGen: 2341392K(2513920K)->184048K(2516992K) Eden: 2231808K(2231808K)->0K(2242048K) From: 109584K(282112K)->184048K(274944K)
[860.502s][info][gc,heap        ] GC(693) ParOldGen: 103589K(5592576K)->108697K(5592576K)
[860.502s][info][gc,metaspace   ] GC(693) Metaspace: 23018K(23296K)->23018K(23296K) NonClass: 20224K(20352K)->20224K(20352K) Class: 2793K(2944K)->2793K(2944K)
[860.502s][info][gc             ] GC(693) Pause Young (Allocation Failure) 2387M->285M(7919M) 124.069ms
[860.502s][info][gc,cpu         ] GC(693) User=0.73s Sys=0.02s Real=0.12s
[862.168s][info][gc,start       ] GC(694) Pause Young (Allocation Failure)
[862.253s][info][gc,heap        ] GC(694) PSYoungGen: 2426096K(2516992K)->117104K(2519040K) Eden: 2242048K(2242048K)->0K(2242048K) From: 184048K(274944K)->117104K(276992K)
[862.253s][info][gc,heap        ] GC(694) ParOldGen: 108697K(5592576K)->109426K(5592576K)
[862.253s][info][gc,metaspace   ] GC(694) Metaspace: 23018K(23296K)->23018K(23296K) NonClass: 20224K(20352K)->20224K(20352K) Class: 2793K(2944K)->2793K(2944K)
[862.253s][info][gc             ] GC(694) Pause Young (Allocation Failure) 2475M->221M(7921M) 84.700ms
[862.253s][info][gc,cpu         ] GC(694) User=0.47s Sys=0.00s Real=0.09s
[863.429s][info][gc,start       ] GC(695) Pause Young (Allocation Failure)
[863.559s][info][gc,heap        ] GC(695) PSYoungGen: 2359152K(2519040K)->196736K(2513408K) Eden: 2242048K(2242048K)->0K(2244096K) From: 117104K(276992K)->196736K(269312K)
[863.559s][info][gc,heap        ] GC(695) ParOldGen: 109426K(5592576K)->114618K(5592576K)
[863.559s][info][gc,metaspace   ] GC(695) Metaspace: 23018K(23296K)->23018K(23296K) NonClass: 20224K(20352K)->20224K(20352K) Class: 2793K(2944K)->2793K(2944K)
[863.559s][info][gc             ] GC(695) Pause Young (Allocation Failure) 2410M->304M(7916M) 129.795ms
[863.559s][info][gc,cpu         ] GC(695) User=0.70s Sys=0.03s Real=0.13s
[865.234s][info][gc,start       ] GC(696) Pause Young (Allocation Failure)
[865.335s][info][gc,heap        ] GC(696) PSYoungGen: 2440832K(2513408K)->147328K(2520064K) Eden: 2244096K(2244096K)->0K(2244096K) From: 196736K(269312K)->147328K(275968K)
[865.335s][info][gc,heap        ] GC(696) ParOldGen: 114618K(5592576K)->115994K(5592576K)
[865.335s][info][gc,metaspace   ] GC(696) Metaspace: 23018K(23296K)->23018K(23296K) NonClass: 20224K(20352K)->20224K(20352K) Class: 2793K(2944K)->2793K(2944K)
[865.335s][info][gc             ] GC(696) Pause Young (Allocation Failure) 2495M->257M(7922M) 101.422ms
[865.335s][info][gc,cpu         ] GC(696) User=0.56s Sys=0.00s Real=0.10s
[866.057s][info][gc,start       ] GC(697) Pause Young (System.gc())
[866.127s][info][gc,heap        ] GC(697) PSYoungGen: 1229077K(2520064K)->70336K(2528256K) Eden: 1081749K(2244096K)->0K(2264576K) From: 147328K(275968K)->70336K(263680K)
[866.127s][info][gc,heap        ] GC(697) ParOldGen: 115994K(5592576K)->142962K(5592576K)
[866.127s][info][gc,metaspace   ] GC(697) Metaspace: 23018K(23296K)->23018K(23296K) NonClass: 20224K(20352K)->20224K(20352K) Class: 2793K(2944K)->2793K(2944K)
[866.127s][info][gc             ] GC(697) Pause Young (System.gc()) 1313M->208M(7930M) 70.085ms
[866.127s][info][gc,cpu         ] GC(697) User=0.38s Sys=0.00s Real=0.08s
[866.127s][info][gc,start       ] GC(698) Pause Full (System.gc())
[866.127s][info][gc,phases,start] GC(698) Marking Phase
[866.166s][info][gc,phases      ] GC(698) Marking Phase 38.597ms
[866.166s][info][gc,phases,start] GC(698) Summary Phase
[866.166s][info][gc,phases      ] GC(698) Summary Phase 0.012ms
[866.166s][info][gc,phases,start] GC(698) Adjust Roots
[866.170s][info][gc,phases      ] GC(698) Adjust Roots 4.244ms
[866.170s][info][gc,phases,start] GC(698) Compaction Phase
[866.256s][info][gc,phases      ] GC(698) Compaction Phase 85.403ms
[866.256s][info][gc,phases,start] GC(698) Post Compact
[866.257s][info][gc,phases      ] GC(698) Post Compact 1.168ms
[866.257s][info][gc,heap        ] GC(698) PSYoungGen: 70336K(2528256K)->0K(2528256K) Eden: 0K(2264576K)->0K(2264576K) From: 70336K(263680K)->0K(263680K)
[866.257s][info][gc,heap        ] GC(698) ParOldGen: 142962K(5592576K)->103550K(5592576K)
[866.257s][info][gc,metaspace   ] GC(698) Metaspace: 23018K(23296K)->23018K(23296K) NonClass: 20224K(20352K)->20224K(20352K) Class: 2793K(2944K)->2793K(2944K)
[866.257s][info][gc             ] GC(698) Pause Full (System.gc()) 208M->101M(7930M) 129.734ms
[866.257s][info][gc,cpu         ] GC(698) User=0.67s Sys=0.00s Real=0.13s
[867.403s][info][gc,start       ] GC(699) Pause Young (Allocation Failure)
[867.530s][info][gc,heap        ] GC(699) PSYoungGen: 2264576K(2528256K)->188960K(2454016K) Eden: 2264576K(2264576K)->0K(2264576K) From: 0K(263680K)->188960K(189440K)
[867.530s][info][gc,heap        ] GC(699) ParOldGen: 103550K(5592576K)->103550K(5592576K)
[867.530s][info][gc,metaspace   ] GC(699) Metaspace: 23018K(23296K)->23018K(23296K) NonClass: 20224K(20352K)->20224K(20352K) Class: 2793K(2944K)->2793K(2944K)
[867.530s][info][gc             ] GC(699) Pause Young (Allocation Failure) 2312M->285M(7858M) 127.048ms
[867.531s][info][gc,cpu         ] GC(699) User=0.75s Sys=0.00s Real=0.13s
[869.064s][info][gc,start       ] GC(700) Pause Young (Allocation Failure)
[869.144s][info][gc,heap        ] GC(700) PSYoungGen: 2453536K(2454016K)->99808K(2529792K) Eden: 2264576K(2264576K)->0K(2258944K) From: 188960K(189440K)->99808K(270848K)
[869.144s][info][gc,heap        ] GC(700) ParOldGen: 103550K(5592576K)->103582K(5592576K)
[869.144s][info][gc,metaspace   ] GC(700) Metaspace: 23018K(23296K)->23018K(23296K) NonClass: 20224K(20352K)->20224K(20352K) Class: 2793K(2944K)->2793K(2944K)
[869.144s][info][gc             ] GC(700) Pause Young (Allocation Failure) 2497M->198M(7932M) 80.335ms
[869.144s][info][gc,cpu         ] GC(700) User=0.47s Sys=0.00s Real=0.08s
[870.258s][info][gc,start       ] GC(701) Pause Young (Allocation Failure)
[870.380s][info][gc,heap        ] GC(701) PSYoungGen: 2358752K(2529792K)->182080K(2525184K) Eden: 2258944K(2258944K)->0K(2258944K) From: 99808K(270848K)->182080K(266240K)
[870.380s][info][gc,heap        ] GC(701) ParOldGen: 103582K(5592576K)->104326K(5592576K)
[870.380s][info][gc,metaspace   ] GC(701) Metaspace: 23018K(23296K)->23018K(23296K) NonClass: 20224K(20352K)->20224K(20352K) Class: 2793K(2944K)->2793K(2944K)
[870.380s][info][gc             ] GC(701) Pause Young (Allocation Failure) 2404M->279M(7927M) 121.998ms
[870.380s][info][gc,cpu         ] GC(701) User=0.66s Sys=0.00s Real=0.13s
[872.064s][info][gc,start       ] GC(702) Pause Young (Allocation Failure)
[872.152s][info][gc,heap        ] GC(702) PSYoungGen: 2441024K(2525184K)->120576K(2535424K) Eden: 2258944K(2258944K)->0K(2266624K) From: 182080K(266240K)->120576K(268800K)
[872.152s][info][gc,heap        ] GC(702) ParOldGen: 104326K(5592576K)->104622K(5592576K)
[872.152s][info][gc,metaspace   ] GC(702) Metaspace: 23018K(23296K)->23018K(23296K) NonClass: 20224K(20352K)->20224K(20352K) Class: 2793K(2944K)->2793K(2944K)
[872.152s][info][gc             ] GC(702) Pause Young (Allocation Failure) 2485M->219M(7937M) 87.465ms
[872.152s][info][gc,cpu         ] GC(702) User=0.56s Sys=0.00s Real=0.09s
[873.234s][info][gc,start       ] GC(703) Pause Young (Allocation Failure)
[873.374s][info][gc,heap        ] GC(703) PSYoungGen: 2387200K(2535424K)->196816K(2527232K) Eden: 2266624K(2266624K)->0K(2266624K) From: 120576K(268800K)->196816K(260608K)
[873.374s][info][gc,heap        ] GC(703) ParOldGen: 104622K(5592576K)->112766K(5592576K)
[873.374s][info][gc,metaspace   ] GC(703) Metaspace: 23018K(23296K)->23018K(23296K) NonClass: 20224K(20352K)->20224K(20352K) Class: 2793K(2944K)->2793K(2944K)
[873.374s][info][gc             ] GC(703) Pause Young (Allocation Failure) 2433M->302M(7929M) 139.647ms
[873.374s][info][gc,cpu         ] GC(703) User=0.83s Sys=0.00s Real=0.14s
[875.035s][info][gc,start       ] GC(704) Pause Young (Allocation Failure)
[875.133s][info][gc,heap        ] GC(704) PSYoungGen: 2463440K(2527232K)->141424K(2537984K) Eden: 2266624K(2266624K)->0K(2269184K) From: 196816K(260608K)->141424K(268800K)
[875.133s][info][gc,heap        ] GC(704) ParOldGen: 112766K(5592576K)->115046K(5592576K)
[875.133s][info][gc,metaspace   ] GC(704) Metaspace: 23018K(23296K)->23018K(23296K) NonClass: 20224K(20352K)->20224K(20352K) Class: 2793K(2944K)->2793K(2944K)
[875.133s][info][gc             ] GC(704) Pause Young (Allocation Failure) 2515M->250M(7940M) 98.271ms
[875.133s][info][gc,cpu         ] GC(704) User=0.66s Sys=0.00s Real=0.10s
[875.914s][info][gc,start       ] GC(705) Pause Young (System.gc())
[875.984s][info][gc,heap        ] GC(705) PSYoungGen: 1287885K(2537984K)->72608K(2527232K) Eden: 1146461K(2269184K)->0K(2269184K) From: 141424K(268800K)->72608K(258048K)
[875.984s][info][gc,heap        ] GC(705) ParOldGen: 115046K(5592576K)->139782K(5592576K)
[875.984s][info][gc,metaspace   ] GC(705) Metaspace: 23018K(23296K)->23018K(23296K) NonClass: 20224K(20352K)->20224K(20352K) Class: 2793K(2944K)->2793K(2944K)
[875.984s][info][gc             ] GC(705) Pause Young (System.gc()) 1370M->207M(7929M) 70.070ms
[875.984s][info][gc,cpu         ] GC(705) User=0.38s Sys=0.00s Real=0.08s
[875.984s][info][gc,start       ] GC(706) Pause Full (System.gc())
[875.984s][info][gc,phases,start] GC(706) Marking Phase
[876.021s][info][gc,phases      ] GC(706) Marking Phase 36.714ms
[876.021s][info][gc,phases,start] GC(706) Summary Phase
[876.021s][info][gc,phases      ] GC(706) Summary Phase 0.013ms
[876.021s][info][gc,phases,start] GC(706) Adjust Roots
[876.024s][info][gc,phases      ] GC(706) Adjust Roots 3.594ms
[876.024s][info][gc,phases,start] GC(706) Compaction Phase
[876.110s][info][gc,phases      ] GC(706) Compaction Phase 85.984ms
[876.110s][info][gc,phases,start] GC(706) Post Compact
[876.112s][info][gc,phases      ] GC(706) Post Compact 1.073ms
[876.112s][info][gc,heap        ] GC(706) PSYoungGen: 72608K(2527232K)->0K(2527232K) Eden: 0K(2269184K)->0K(2269184K) From: 72608K(258048K)->0K(258048K)
[876.112s][info][gc,heap        ] GC(706) ParOldGen: 139782K(5592576K)->103598K(5592576K)
[876.112s][info][gc,metaspace   ] GC(706) Metaspace: 23018K(23296K)->23018K(23296K) NonClass: 20224K(20352K)->20224K(20352K) Class: 2793K(2944K)->2793K(2944K)
[876.112s][info][gc             ] GC(706) Pause Full (System.gc()) 207M->101M(7929M) 127.660ms
[876.112s][info][gc,cpu         ] GC(706) User=0.67s Sys=0.00s Real=0.12s
[877.442s][info][gc,start       ] GC(707) Pause Young (Allocation Failure)
[877.574s][info][gc,heap        ] GC(707) PSYoungGen: 2269184K(2527232K)->208896K(2508800K) Eden: 2269184K(2269184K)->0K(2249216K) From: 0K(258048K)->208896K(259584K)
[877.574s][info][gc,heap        ] GC(707) ParOldGen: 103598K(5592576K)->103598K(5592576K)
[877.574s][info][gc,metaspace   ] GC(707) Metaspace: 23018K(23296K)->23018K(23296K) NonClass: 20224K(20352K)->20224K(20352K) Class: 2793K(2944K)->2793K(2944K)
[877.574s][info][gc             ] GC(707) Pause Young (Allocation Failure) 2317M->305M(7911M) 132.887ms
[877.574s][info][gc,cpu         ] GC(707) User=0.81s Sys=0.02s Real=0.14s
[879.114s][info][gc,start       ] GC(708) Pause Young (Allocation Failure)
[879.210s][info][gc,heap        ] GC(708) PSYoungGen: 2458112K(2508800K)->133792K(2522624K) Eden: 2249216K(2249216K)->0K(2249216K) From: 208896K(259584K)->133792K(273408K)
[879.210s][info][gc,heap        ] GC(708) ParOldGen: 103598K(5592576K)->103622K(5592576K)
[879.210s][info][gc,metaspace   ] GC(708) Metaspace: 23018K(23296K)->23018K(23296K) NonClass: 20224K(20352K)->20224K(20352K) Class: 2793K(2944K)->2793K(2944K)
[879.210s][info][gc             ] GC(708) Pause Young (Allocation Failure) 2501M->231M(7925M) 96.181ms
[879.210s][info][gc,cpu         ] GC(708) User=0.55s Sys=0.00s Real=0.11s
[880.395s][info][gc,start       ] GC(709) Pause Young (Allocation Failure)
[880.536s][info][gc,heap        ] GC(709) PSYoungGen: 2383008K(2522624K)->210912K(2508288K) Eden: 2249216K(2249216K)->0K(2245120K) From: 133792K(273408K)->210912K(263168K)
[880.536s][info][gc,heap        ] GC(709) ParOldGen: 103622K(5592576K)->112598K(5592576K)
[880.536s][info][gc,metaspace   ] GC(709) Metaspace: 23018K(23296K)->23018K(23296K) NonClass: 20224K(20352K)->20224K(20352K) Class: 2793K(2944K)->2793K(2944K)
[880.536s][info][gc             ] GC(709) Pause Young (Allocation Failure) 2428M->315M(7911M) 141.317ms
[880.536s][info][gc,cpu         ] GC(709) User=0.84s Sys=0.00s Real=0.14s
[882.148s][info][gc,start       ] GC(710) Pause Young (Allocation Failure)
[882.257s][info][gc,heap        ] GC(710) PSYoungGen: 2456032K(2508288K)->162608K(2520576K) Eden: 2245120K(2245120K)->0K(2245120K) From: 210912K(263168K)->162608K(275456K)
[882.257s][info][gc,heap        ] GC(710) ParOldGen: 112598K(5592576K)->115570K(5592576K)
[882.257s][info][gc,metaspace   ] GC(710) Metaspace: 23018K(23296K)->23018K(23296K) NonClass: 20224K(20352K)->20224K(20352K) Class: 2793K(2944K)->2793K(2944K)
[882.257s][info][gc             ] GC(710) Pause Young (Allocation Failure) 2508M->271M(7923M) 108.935ms
[882.257s][info][gc,cpu         ] GC(710) User=0.56s Sys=0.00s Real=0.12s
[883.506s][info][gc,start       ] GC(711) Pause Young (Allocation Failure)
[883.630s][info][gc,heap        ] GC(711) PSYoungGen: 2407728K(2520576K)->172352K(2533376K) Eden: 2245120K(2245120K)->0K(2266624K) From: 162608K(275456K)->172352K(266752K)
[883.630s][info][gc,heap        ] GC(711) ParOldGen: 115570K(5592576K)->120230K(5592576K)
[883.630s][info][gc,metaspace   ] GC(711) Metaspace: 23018K(23296K)->23018K(23296K) NonClass: 20224K(20352K)->20224K(20352K) Class: 2793K(2944K)->2793K(2944K)
[883.630s][info][gc             ] GC(711) Pause Young (Allocation Failure) 2464M->285M(7935M) 123.922ms
[883.630s][info][gc,cpu         ] GC(711) User=0.75s Sys=0.00s Real=0.13s
[885.099s][info][gc,start       ] GC(712) Pause Young (Allocation Failure)
[885.221s][info][gc,heap        ] GC(712) PSYoungGen: 2438976K(2533376K)->182912K(2529280K) Eden: 2266624K(2266624K)->0K(2266624K) From: 172352K(266752K)->182912K(262656K)
[885.221s][info][gc,heap        ] GC(712) ParOldGen: 120230K(5592576K)->121766K(5592576K)
[885.221s][info][gc,metaspace   ] GC(712) Metaspace: 23018K(23296K)->23018K(23296K) NonClass: 20224K(20352K)->20224K(20352K) Class: 2793K(2944K)->2793K(2944K)
[885.221s][info][gc             ] GC(712) Pause Young (Allocation Failure) 2499M->297M(7931M) 121.570ms
[885.221s][info][gc,cpu         ] GC(712) User=0.75s Sys=0.00s Real=0.12s
[885.857s][info][gc,start       ] GC(713) Pause Young (System.gc())
[885.923s][info][gc,heap        ] GC(713) PSYoungGen: 950533K(2529280K)->49552K(2517504K) Eden: 767621K(2266624K)->0K(2255360K) From: 182912K(262656K)->49552K(262144K)
[885.923s][info][gc,heap        ] GC(713) ParOldGen: 121766K(5592576K)->169626K(5592576K)
[885.923s][info][gc,metaspace   ] GC(713) Metaspace: 23018K(23296K)->23018K(23296K) NonClass: 20224K(20352K)->20224K(20352K) Class: 2793K(2944K)->2793K(2944K)
[885.923s][info][gc             ] GC(713) Pause Young (System.gc()) 1047M->214M(7920M) 65.990ms
[885.923s][info][gc,cpu         ] GC(713) User=0.38s Sys=0.00s Real=0.07s
[885.923s][info][gc,start       ] GC(714) Pause Full (System.gc())
[885.923s][info][gc,phases,start] GC(714) Marking Phase
[885.962s][info][gc,phases      ] GC(714) Marking Phase 38.858ms
[885.962s][info][gc,phases,start] GC(714) Summary Phase
[885.962s][info][gc,phases      ] GC(714) Summary Phase 0.012ms
[885.962s][info][gc,phases,start] GC(714) Adjust Roots
[885.965s][info][gc,phases      ] GC(714) Adjust Roots 3.592ms
[885.965s][info][gc,phases,start] GC(714) Compaction Phase
[886.052s][info][gc,phases      ] GC(714) Compaction Phase 86.965ms
[886.052s][info][gc,phases,start] GC(714) Post Compact
[886.053s][info][gc,phases      ] GC(714) Post Compact 1.082ms
[886.053s][info][gc,heap        ] GC(714) PSYoungGen: 49552K(2517504K)->0K(2517504K) Eden: 0K(2255360K)->0K(2255360K) From: 49552K(262144K)->0K(262144K)
[886.054s][info][gc,heap        ] GC(714) ParOldGen: 169626K(5592576K)->103569K(5592576K)
[886.054s][info][gc,metaspace   ] GC(714) Metaspace: 23018K(23296K)->23018K(23296K) NonClass: 20224K(20352K)->20224K(20352K) Class: 2793K(2944K)->2793K(2944K)
[886.054s][info][gc             ] GC(714) Pause Full (System.gc()) 214M->101M(7920M) 130.796ms
[886.054s][info][gc,cpu         ] GC(714) User=0.67s Sys=0.00s Real=0.13s
[887.370s][info][gc,start       ] GC(715) Pause Young (Allocation Failure)
[887.502s][info][gc,heap        ] GC(715) PSYoungGen: 2255360K(2517504K)->201648K(2457088K) Eden: 2255360K(2255360K)->0K(2255360K) From: 0K(262144K)->201648K(201728K)
[887.502s][info][gc,heap        ] GC(715) ParOldGen: 103569K(5592576K)->103577K(5592576K)
[887.502s][info][gc,metaspace   ] GC(715) Metaspace: 23025K(23296K)->23025K(23296K) NonClass: 20232K(20352K)->20232K(20352K) Class: 2793K(2944K)->2793K(2944K)
[887.502s][info][gc             ] GC(715) Pause Young (Allocation Failure) 2303M->298M(7861M) 131.944ms
[887.502s][info][gc,cpu         ] GC(715) User=0.73s Sys=0.00s Real=0.14s
[889.069s][info][gc,start       ] GC(716) Pause Young (Allocation Failure)
[889.156s][info][gc,heap        ] GC(716) PSYoungGen: 2457008K(2457088K)->123744K(2525696K) Eden: 2255360K(2255360K)->0K(2247680K) From: 201648K(201728K)->123744K(278016K)
[889.156s][info][gc,heap        ] GC(716) ParOldGen: 103577K(5592576K)->103617K(5592576K)
[889.156s][info][gc,metaspace   ] GC(716) Metaspace: 23025K(23296K)->23025K(23296K) NonClass: 20232K(20352K)->20232K(20352K) Class: 2793K(2944K)->2793K(2944K)
[889.156s][info][gc             ] GC(716) Pause Young (Allocation Failure) 2500M->222M(7928M) 86.987ms
[889.156s][info][gc,cpu         ] GC(716) User=0.56s Sys=0.00s Real=0.09s
[890.293s][info][gc,start       ] GC(717) Pause Young (Allocation Failure)
[890.428s][info][gc,heap        ] GC(717) PSYoungGen: 2371424K(2525696K)->205040K(2452992K) Eden: 2247680K(2247680K)->0K(2247680K) From: 123744K(278016K)->205040K(205312K)
[890.428s][info][gc,heap        ] GC(717) ParOldGen: 103617K(5592576K)->110673K(5592576K)
[890.428s][info][gc,metaspace   ] GC(717) Metaspace: 23025K(23296K)->23025K(23296K) NonClass: 20232K(20352K)->20232K(20352K) Class: 2793K(2944K)->2793K(2944K)
[890.428s][info][gc             ] GC(717) Pause Young (Allocation Failure) 2417M->308M(7857M) 134.308ms
[890.428s][info][gc,cpu         ] GC(717) User=0.75s Sys=0.00s Real=0.13s
[892.033s][info][gc,start       ] GC(718) Pause Young (Allocation Failure)
[892.117s][info][gc,heap        ] GC(718) PSYoungGen: 2452720K(2452992K)->115904K(2522624K) Eden: 2247680K(2247680K)->0K(2243584K) From: 205040K(205312K)->115904K(279040K)
[892.117s][info][gc,heap        ] GC(718) ParOldGen: 110673K(5592576K)->112937K(5592576K)
[892.117s][info][gc,metaspace   ] GC(718) Metaspace: 23028K(23296K)->23028K(23296K) NonClass: 20234K(20352K)->20234K(20352K) Class: 2793K(2944K)->2793K(2944K)
[892.117s][info][gc             ] GC(718) Pause Young (Allocation Failure) 2503M->223M(7925M) 83.302ms
[892.117s][info][gc,cpu         ] GC(718) User=0.56s Sys=0.00s Real=0.08s
[893.213s][info][gc,start       ] GC(719) Pause Young (Allocation Failure)
[893.352s][info][gc,heap        ] GC(719) PSYoungGen: 2359488K(2522624K)->205600K(2449408K) Eden: 2243584K(2243584K)->0K(2243584K) From: 115904K(279040K)->205600K(205824K)
[893.352s][info][gc,heap        ] GC(719) ParOldGen: 112937K(5592576K)->124025K(5592576K)
[893.352s][info][gc,metaspace   ] GC(719) Metaspace: 23029K(23296K)->23029K(23296K) NonClass: 20235K(20352K)->20235K(20352K) Class: 2793K(2944K)->2793K(2944K)
[893.352s][info][gc             ] GC(719) Pause Young (Allocation Failure) 2414M->321M(7853M) 138.681ms
[893.352s][info][gc,cpu         ] GC(719) User=0.84s Sys=0.00s Real=0.14s
[894.853s][info][gc,start       ] GC(720) Pause Young (Allocation Failure)
[894.949s][info][gc,heap        ] GC(720) PSYoungGen: 2449184K(2449408K)->136288K(2523648K) Eden: 2243584K(2243584K)->0K(2242560K) From: 205600K(205824K)->136288K(281088K)
[894.949s][info][gc,heap        ] GC(720) ParOldGen: 124025K(5592576K)->126849K(5592576K)
[894.949s][info][gc,metaspace   ] GC(720) Metaspace: 23029K(23296K)->23029K(23296K) NonClass: 20235K(20352K)->20235K(20352K) Class: 2793K(2944K)->2793K(2944K)
[894.949s][info][gc             ] GC(720) Pause Young (Allocation Failure) 2512M->256M(7926M) 96.002ms
[894.949s][info][gc,cpu         ] GC(720) User=0.53s Sys=0.00s Real=0.09s
[895.709s][info][gc,start       ] GC(721) Pause Young (System.gc())
[895.780s][info][gc,heap        ] GC(721) PSYoungGen: 1277596K(2523648K)->76352K(2514944K) Eden: 1141308K(2242560K)->0K(2242560K) From: 136288K(281088K)->76352K(272384K)
[895.782s][info][gc,heap        ] GC(721) ParOldGen: 126849K(5592576K)->147913K(5592576K)
[895.782s][info][gc,metaspace   ] GC(721) Metaspace: 23029K(23296K)->23029K(23296K) NonClass: 20235K(20352K)->20235K(20352K) Class: 2793K(2944K)->2793K(2944K)
[895.782s][info][gc             ] GC(721) Pause Young (System.gc()) 1371M->219M(7917M) 73.526ms
[895.782s][info][gc,cpu         ] GC(721) User=0.44s Sys=0.00s Real=0.08s
[895.783s][info][gc,start       ] GC(722) Pause Full (System.gc())
[895.783s][info][gc,phases,start] GC(722) Marking Phase
[895.821s][info][gc,phases      ] GC(722) Marking Phase 38.518ms
[895.821s][info][gc,phases,start] GC(722) Summary Phase
[895.821s][info][gc,phases      ] GC(722) Summary Phase 0.011ms
[895.821s][info][gc,phases,start] GC(722) Adjust Roots
[895.825s][info][gc,phases      ] GC(722) Adjust Roots 3.709ms
[895.825s][info][gc,phases,start] GC(722) Compaction Phase
[895.915s][info][gc,phases      ] GC(722) Compaction Phase 90.533ms
[895.916s][info][gc,phases,start] GC(722) Post Compact
[895.917s][info][gc,phases      ] GC(722) Post Compact 1.346ms
[895.917s][info][gc,heap        ] GC(722) PSYoungGen: 76352K(2514944K)->0K(2514944K) Eden: 0K(2242560K)->0K(2242560K) From: 76352K(272384K)->0K(272384K)
[895.917s][info][gc,heap        ] GC(722) ParOldGen: 147913K(5592576K)->103721K(5592576K)
[895.917s][info][gc,metaspace   ] GC(722) Metaspace: 23029K(23296K)->23029K(23296K) NonClass: 20235K(20352K)->20235K(20352K) Class: 2793K(2944K)->2793K(2944K)
[895.917s][info][gc             ] GC(722) Pause Full (System.gc()) 219M->101M(7917M) 134.436ms
[895.917s][info][gc,cpu         ] GC(722) User=0.73s Sys=0.00s Real=0.13s
[897.158s][info][gc,start       ] GC(723) Pause Young (Allocation Failure)
[897.288s][info][gc,heap        ] GC(723) PSYoungGen: 2242560K(2514944K)->196752K(2510848K) Eden: 2242560K(2242560K)->0K(2236928K) From: 0K(272384K)->196752K(273920K)
[897.288s][info][gc,heap        ] GC(723) ParOldGen: 103721K(5592576K)->103721K(5592576K)
[897.288s][info][gc,metaspace   ] GC(723) Metaspace: 23029K(23296K)->23029K(23296K) NonClass: 20235K(20352K)->20235K(20352K) Class: 2793K(2944K)->2793K(2944K)
[897.288s][info][gc             ] GC(723) Pause Young (Allocation Failure) 2291M->293M(7913M) 130.356ms
[897.288s][info][gc,cpu         ] GC(723) User=0.77s Sys=0.00s Real=0.13s
[898.800s][info][gc,start       ] GC(724) Pause Young (Allocation Failure)
[898.884s][info][gc,heap        ] GC(724) PSYoungGen: 2433680K(2510848K)->108880K(2516480K) Eden: 2236928K(2236928K)->0K(2236928K) From: 196752K(273920K)->108880K(279552K)
[898.884s][info][gc,heap        ] GC(724) ParOldGen: 103721K(5592576K)->103761K(5592576K)
[898.884s][info][gc,metaspace   ] GC(724) Metaspace: 23029K(23296K)->23029K(23296K) NonClass: 20235K(20352K)->20235K(20352K) Class: 2793K(2944K)->2793K(2944K)
[898.884s][info][gc             ] GC(724) Pause Young (Allocation Failure) 2477M->207M(7919M) 83.182ms
[898.884s][info][gc,cpu         ] GC(724) User=0.56s Sys=0.00s Real=0.09s
[900.059s][info][gc,start       ] GC(725) Pause Young (Allocation Failure)
[900.186s][info][gc,heap        ] GC(725) PSYoungGen: 2345808K(2516480K)->192080K(2513920K) Eden: 2236928K(2236928K)->0K(2240000K) From: 108880K(279552K)->192080K(273920K)
[900.186s][info][gc,heap        ] GC(725) ParOldGen: 103761K(5592576K)->106397K(5592576K)
[900.186s][info][gc,metaspace   ] GC(725) Metaspace: 23029K(23296K)->23029K(23296K) NonClass: 20235K(20352K)->20235K(20352K) Class: 2793K(2944K)->2793K(2944K)
[900.186s][info][gc             ] GC(725) Pause Young (Allocation Failure) 2392M->291M(7916M) 126.796ms
[900.186s][info][gc,cpu         ] GC(725) User=0.75s Sys=0.00s Real=0.14s
[901.744s][info][gc,start       ] GC(726) Pause Young (Allocation Failure)
[901.830s][info][gc,heap        ] GC(726) PSYoungGen: 2432080K(2513920K)->117344K(2518016K) Eden: 2240000K(2240000K)->0K(2240000K) From: 192080K(273920K)->117344K(278016K)
[901.830s][info][gc,heap        ] GC(726) ParOldGen: 106397K(5592576K)->107461K(5592576K)
[901.830s][info][gc,metaspace   ] GC(726) Metaspace: 23029K(23296K)->23029K(23296K) NonClass: 20235K(20352K)->20235K(20352K) Class: 2793K(2944K)->2793K(2944K)
[901.830s][info][gc             ] GC(726) Pause Young (Allocation Failure) 2478M->219M(7920M) 86.077ms
[901.830s][info][gc,cpu         ] GC(726) User=0.47s Sys=0.00s Real=0.09s
[903.010s][info][gc,start       ] GC(727) Pause Young (Allocation Failure)
[903.147s][info][gc,heap        ] GC(727) PSYoungGen: 2357344K(2518016K)->203728K(2508288K) Eden: 2240000K(2240000K)->0K(2236928K) From: 117344K(278016K)->203728K(271360K)
[903.147s][info][gc,heap        ] GC(727) ParOldGen: 107461K(5592576K)->112849K(5592576K)
[903.147s][info][gc,metaspace   ] GC(727) Metaspace: 23029K(23296K)->23029K(23296K) NonClass: 20235K(20352K)->20235K(20352K) Class: 2793K(2944K)->2793K(2944K)
[903.147s][info][gc             ] GC(727) Pause Young (Allocation Failure) 2407M->309M(7911M) 136.178ms
[903.147s][info][gc,cpu         ] GC(727) User=0.75s Sys=0.00s Real=0.15s
[904.687s][info][gc,start       ] GC(728) Pause Young (Allocation Failure)
[904.783s][info][gc,heap        ] GC(728) PSYoungGen: 2440656K(2508288K)->138816K(2516480K) Eden: 2236928K(2236928K)->0K(2236928K) From: 203728K(271360K)->138816K(279552K)
[904.783s][info][gc,heap        ] GC(728) ParOldGen: 112849K(5592576K)->114601K(5592576K)
[904.783s][info][gc,metaspace   ] GC(728) Metaspace: 23029K(23296K)->23029K(23296K) NonClass: 20235K(20352K)->20235K(20352K) Class: 2793K(2944K)->2793K(2944K)
[904.783s][info][gc             ] GC(728) Pause Young (Allocation Failure) 2493M->247M(7919M) 96.014ms
[904.783s][info][gc,cpu         ] GC(728) User=0.56s Sys=0.00s Real=0.10s
[905.580s][info][gc,start       ] GC(729) Pause Young (System.gc())
[905.648s][info][gc,heap        ] GC(729) PSYoungGen: 1276669K(2516480K)->73056K(2522624K) Eden: 1137853K(2236928K)->0K(2253312K) From: 138816K(279552K)->73056K(269312K)
[905.649s][info][gc,heap        ] GC(729) ParOldGen: 114601K(5592576K)->138841K(5592576K)
[905.649s][info][gc,metaspace   ] GC(729) Metaspace: 23029K(23296K)->23029K(23296K) NonClass: 20235K(20352K)->20235K(20352K) Class: 2793K(2944K)->2793K(2944K)
[905.649s][info][gc             ] GC(729) Pause Young (System.gc()) 1358M->206M(7925M) 68.376ms
[905.649s][info][gc,cpu         ] GC(729) User=0.47s Sys=0.00s Real=0.08s
[905.649s][info][gc,start       ] GC(730) Pause Full (System.gc())
[905.649s][info][gc,phases,start] GC(730) Marking Phase
[905.688s][info][gc,phases      ] GC(730) Marking Phase 39.188ms
[905.688s][info][gc,phases,start] GC(730) Summary Phase
[905.688s][info][gc,phases      ] GC(730) Summary Phase 0.013ms
[905.688s][info][gc,phases,start] GC(730) Adjust Roots
[905.692s][info][gc,phases      ] GC(730) Adjust Roots 3.698ms
[905.692s][info][gc,phases,start] GC(730) Compaction Phase
[905.774s][info][gc,phases      ] GC(730) Compaction Phase 82.230ms
[905.774s][info][gc,phases,start] GC(730) Post Compact
[905.775s][info][gc,phases      ] GC(730) Post Compact 1.236ms
[905.775s][info][gc,heap        ] GC(730) PSYoungGen: 73056K(2522624K)->0K(2522624K) Eden: 0K(2253312K)->0K(2253312K) From: 73056K(269312K)->0K(269312K)
[905.775s][info][gc,heap        ] GC(730) ParOldGen: 138841K(5592576K)->103603K(5592576K)
[905.775s][info][gc,metaspace   ] GC(730) Metaspace: 23029K(23296K)->23029K(23296K) NonClass: 20235K(20352K)->20235K(20352K) Class: 2793K(2944K)->2793K(2944K)
[905.775s][info][gc             ] GC(730) Pause Full (System.gc()) 206M->101M(7925M) 126.657ms
[905.775s][info][gc,cpu         ] GC(730) User=0.67s Sys=0.00s Real=0.12s
[907.035s][info][gc,start       ] GC(731) Pause Young (Allocation Failure)
[907.166s][info][gc,heap        ] GC(731) PSYoungGen: 2253312K(2522624K)->203632K(2457088K) Eden: 2253312K(2253312K)->0K(2253312K) From: 0K(269312K)->203632K(203776K)
[907.166s][info][gc,heap        ] GC(731) ParOldGen: 103603K(5592576K)->103603K(5592576K)
[907.166s][info][gc,metaspace   ] GC(731) Metaspace: 23029K(23296K)->23029K(23296K) NonClass: 20235K(20352K)->20235K(20352K) Class: 2793K(2944K)->2793K(2944K)
[907.166s][info][gc             ] GC(731) Pause Young (Allocation Failure) 2301M->300M(7861M) 131.742ms
[907.166s][info][gc,cpu         ] GC(731) User=0.84s Sys=0.00s Real=0.13s
[908.770s][info][gc,start       ] GC(732) Pause Young (Allocation Failure)
[908.838s][info][gc,heap        ] GC(732) PSYoungGen: 2456944K(2457088K)->90848K(2518528K) Eden: 2253312K(2253312K)->0K(2237952K) From: 203632K(203776K)->90848K(280576K)
[908.838s][info][gc,heap        ] GC(732) ParOldGen: 103603K(5592576K)->103635K(5592576K)
[908.838s][info][gc,metaspace   ] GC(732) Metaspace: 23029K(23296K)->23029K(23296K) NonClass: 20235K(20352K)->20235K(20352K) Class: 2793K(2944K)->2793K(2944K)
[908.838s][info][gc             ] GC(732) Pause Young (Allocation Failure) 2500M->189M(7921M) 68.005ms
[908.838s][info][gc,cpu         ] GC(732) User=0.47s Sys=0.00s Real=0.08s
[910.047s][info][gc,start       ] GC(733) Pause Young (Allocation Failure)
[910.185s][info][gc,heap        ] GC(733) PSYoungGen: 2328800K(2518528K)->208800K(2446848K) Eden: 2237952K(2237952K)->0K(2237952K) From: 90848K(280576K)->208800K(208896K)
[910.185s][info][gc,heap        ] GC(733) ParOldGen: 103635K(5592576K)->107427K(5592576K)
[910.185s][info][gc,metaspace   ] GC(733) Metaspace: 23029K(23296K)->23029K(23296K) NonClass: 20235K(20352K)->20235K(20352K) Class: 2793K(2944K)->2793K(2944K)
[910.185s][info][gc             ] GC(733) Pause Young (Allocation Failure) 2375M->308M(7851M) 137.673ms
[910.185s][info][gc,cpu         ] GC(733) User=0.81s Sys=0.00s Real=0.14s
[911.754s][info][gc,start       ] GC(734) Pause Young (Allocation Failure)
[911.857s][info][gc,heap        ] GC(734) PSYoungGen: 2446752K(2446848K)->146208K(2520576K) Eden: 2237952K(2237952K)->0K(2232320K) From: 208800K(208896K)->146208K(288256K)
[911.858s][info][gc,heap        ] GC(734) ParOldGen: 107427K(5592576K)->108667K(5592576K)
[911.858s][info][gc,metaspace   ] GC(734) Metaspace: 23029K(23296K)->23029K(23296K) NonClass: 20235K(20352K)->20235K(20352K) Class: 2793K(2944K)->2793K(2944K)
[911.858s][info][gc             ] GC(734) Pause Young (Allocation Failure) 2494M->248M(7923M) 103.407ms
[911.858s][info][gc,cpu         ] GC(734) User=0.64s Sys=0.00s Real=0.12s
[913.150s][info][gc,start       ] GC(735) Pause Young (Allocation Failure)
[913.283s][info][gc,heap        ] GC(735) PSYoungGen: 2378528K(2520576K)->181808K(2507776K) Eden: 2232320K(2232320K)->0K(2232320K) From: 146208K(288256K)->181808K(275456K)
[913.283s][info][gc,heap        ] GC(735) ParOldGen: 108667K(5592576K)->112875K(5592576K)
[913.283s][info][gc,metaspace   ] GC(735) Metaspace: 23029K(23296K)->23029K(23296K) NonClass: 20235K(20352K)->20235K(20352K) Class: 2793K(2944K)->2793K(2944K)
[913.283s][info][gc             ] GC(735) Pause Young (Allocation Failure) 2428M->287M(7910M) 132.857ms
[913.283s][info][gc,cpu         ] GC(735) User=0.70s Sys=0.00s Real=0.13s
[914.938s][info][gc,start       ] GC(736) Pause Young (Allocation Failure)
[915.057s][info][gc,heap        ] GC(736) PSYoungGen: 2414128K(2507776K)->182304K(2523136K) Eden: 2232320K(2232320K)->0K(2248704K) From: 181808K(275456K)->182304K(274432K)
[915.057s][info][gc,heap        ] GC(736) ParOldGen: 112875K(5592576K)->114363K(5592576K)
[915.057s][info][gc,metaspace   ] GC(736) Metaspace: 23029K(23296K)->23029K(23296K) NonClass: 20235K(20352K)->20235K(20352K) Class: 2793K(2944K)->2793K(2944K)
[915.057s][info][gc             ] GC(736) Pause Young (Allocation Failure) 2467M->289M(7925M) 118.834ms
[915.057s][info][gc,cpu         ] GC(736) User=0.75s Sys=0.00s Real=0.13s
[915.689s][info][gc,start       ] GC(737) Pause Young (System.gc())
[915.760s][info][gc,heap        ] GC(737) PSYoungGen: 895045K(2523136K)->48080K(2294272K) Eden: 712741K(2248704K)->0K(2246144K) From: 182304K(274432K)->48080K(48128K)
[915.760s][info][gc,heap        ] GC(737) ParOldGen: 114363K(5592576K)->163707K(5592576K)
[915.760s][info][gc,metaspace   ] GC(737) Metaspace: 23029K(23296K)->23029K(23296K) NonClass: 20235K(20352K)->20235K(20352K) Class: 2793K(2944K)->2793K(2944K)
[915.761s][info][gc             ] GC(737) Pause Young (System.gc()) 985M->206M(7702M) 71.122ms
[915.761s][info][gc,cpu         ] GC(737) User=0.44s Sys=0.02s Real=0.07s
[915.761s][info][gc,start       ] GC(738) Pause Full (System.gc())
[915.761s][info][gc,phases,start] GC(738) Marking Phase
[915.798s][info][gc,phases      ] GC(738) Marking Phase 37.457ms
[915.798s][info][gc,phases,start] GC(738) Summary Phase
[915.798s][info][gc,phases      ] GC(738) Summary Phase 0.012ms
[915.798s][info][gc,phases,start] GC(738) Adjust Roots
[915.802s][info][gc,phases      ] GC(738) Adjust Roots 4.083ms
[915.802s][info][gc,phases,start] GC(738) Compaction Phase
[915.896s][info][gc,phases      ] GC(738) Compaction Phase 93.670ms
[915.896s][info][gc,phases,start] GC(738) Post Compact
[915.897s][info][gc,phases      ] GC(738) Post Compact 1.261ms
[915.897s][info][gc,heap        ] GC(738) PSYoungGen: 48080K(2294272K)->0K(2294272K) Eden: 0K(2246144K)->0K(2246144K) From: 48080K(48128K)->0K(48128K)
[915.897s][info][gc,heap        ] GC(738) ParOldGen: 163707K(5592576K)->103554K(5592576K)
[915.897s][info][gc,metaspace   ] GC(738) Metaspace: 23029K(23296K)->23029K(23296K) NonClass: 20235K(20352K)->20235K(20352K) Class: 2793K(2944K)->2793K(2944K)
[915.897s][info][gc             ] GC(738) Pause Full (System.gc()) 206M->101M(7702M) 136.765ms
[915.897s][info][gc,cpu         ] GC(738) User=0.73s Sys=0.02s Real=0.14s
[917.057s][info][gc,start       ] GC(739) Pause Young (Allocation Failure)
[917.183s][info][gc,heap        ] GC(739) PSYoungGen: 2246144K(2294272K)->188672K(2511872K) Eden: 2246144K(2246144K)->0K(2231808K) From: 0K(48128K)->188672K(280064K)
[917.183s][info][gc,heap        ] GC(739) ParOldGen: 103554K(5592576K)->103554K(5592576K)
[917.183s][info][gc,metaspace   ] GC(739) Metaspace: 23029K(23296K)->23029K(23296K) NonClass: 20235K(20352K)->20235K(20352K) Class: 2793K(2944K)->2793K(2944K)
[917.183s][info][gc             ] GC(739) Pause Young (Allocation Failure) 2294M->285M(7914M) 126.195ms
[917.183s][info][gc,cpu         ] GC(739) User=0.73s Sys=0.00s Real=0.13s
[918.899s][info][gc,start       ] GC(740) Pause Young (Allocation Failure)
[918.981s][info][gc,heap        ] GC(740) PSYoungGen: 2420480K(2511872K)->115808K(2513920K) Eden: 2231808K(2231808K)->0K(2231808K) From: 188672K(280064K)->115808K(282112K)
[918.981s][info][gc,heap        ] GC(740) ParOldGen: 103554K(5592576K)->103586K(5592576K)
[918.981s][info][gc,metaspace   ] GC(740) Metaspace: 23029K(23296K)->23029K(23296K) NonClass: 20235K(20352K)->20235K(20352K) Class: 2793K(2944K)->2793K(2944K)
[918.981s][info][gc             ] GC(740) Pause Young (Allocation Failure) 2464M->214M(7916M) 82.019ms
[918.981s][info][gc,cpu         ] GC(740) User=0.44s Sys=0.00s Real=0.08s
[920.110s][info][gc,start       ] GC(741) Pause Young (Allocation Failure)
[920.238s][info][gc,heap        ] GC(741) PSYoungGen: 2347616K(2513920K)->190416K(2513920K) Eden: 2231808K(2231808K)->0K(2238976K) From: 115808K(282112K)->190416K(274944K)
[920.238s][info][gc,heap        ] GC(741) ParOldGen: 103586K(5592576K)->109930K(5592576K)
[920.238s][info][gc,metaspace   ] GC(741) Metaspace: 23029K(23296K)->23029K(23296K) NonClass: 20235K(20352K)->20235K(20352K) Class: 2793K(2944K)->2793K(2944K)
[920.238s][info][gc             ] GC(741) Pause Young (Allocation Failure) 2393M->293M(7916M) 128.493ms
[920.238s][info][gc,cpu         ] GC(741) User=0.73s Sys=0.00s Real=0.13s
[921.733s][info][gc,start       ] GC(742) Pause Young (Allocation Failure)
[921.817s][info][gc,heap        ] GC(742) PSYoungGen: 2429392K(2513920K)->113696K(2517504K) Eden: 2238976K(2238976K)->0K(2238976K) From: 190416K(274944K)->113696K(278528K)
[921.820s][info][gc,heap        ] GC(742) ParOldGen: 109930K(5592576K)->112114K(5592576K)
[921.820s][info][gc,metaspace   ] GC(742) Metaspace: 23029K(23296K)->23029K(23296K) NonClass: 20235K(20352K)->20235K(20352K) Class: 2793K(2944K)->2793K(2944K)
[921.820s][info][gc             ] GC(742) Pause Young (Allocation Failure) 2479M->220M(7920M) 86.895ms
[921.820s][info][gc,cpu         ] GC(742) User=0.47s Sys=0.00s Real=0.09s
[923.014s][info][gc,start       ] GC(743) Pause Young (Allocation Failure)
[923.142s][info][gc,heap        ] GC(743) PSYoungGen: 2352672K(2517504K)->197952K(2510848K) Eden: 2238976K(2238976K)->0K(2238976K) From: 113696K(278528K)->197952K(271872K)
[923.142s][info][gc,heap        ] GC(743) ParOldGen: 112114K(5592576K)->116986K(5592576K)
[923.142s][info][gc,metaspace   ] GC(743) Metaspace: 23029K(23296K)->23029K(23296K) NonClass: 20235K(20352K)->20235K(20352K) Class: 2793K(2944K)->2793K(2944K)
[923.142s][info][gc             ] GC(743) Pause Young (Allocation Failure) 2407M->307M(7913M) 127.603ms
[923.142s][info][gc,cpu         ] GC(743) User=0.73s Sys=0.00s Real=0.13s
[924.682s][info][gc,start       ] GC(744) Pause Young (Allocation Failure)
[924.772s][info][gc,heap        ] GC(744) PSYoungGen: 2436928K(2510848K)->128784K(2517504K) Eden: 2238976K(2238976K)->0K(2238976K) From: 197952K(271872K)->128784K(278528K)
[924.772s][info][gc,heap        ] GC(744) ParOldGen: 116986K(5592576K)->118026K(5592576K)
[924.772s][info][gc,metaspace   ] GC(744) Metaspace: 23029K(23296K)->23029K(23296K) NonClass: 20235K(20352K)->20235K(20352K) Class: 2793K(2944K)->2793K(2944K)
[924.772s][info][gc             ] GC(744) Pause Young (Allocation Failure) 2494M->241M(7920M) 90.163ms
[924.772s][info][gc,cpu         ] GC(744) User=0.47s Sys=0.00s Real=0.10s
[925.603s][info][gc,start       ] GC(745) Pause Young (System.gc())
[925.675s][info][gc,heap        ] GC(745) PSYoungGen: 1343745K(2517504K)->79328K(2526208K) Eden: 1214961K(2238976K)->0K(2256384K) From: 128784K(278528K)->79328K(269824K)
[925.675s][info][gc,heap        ] GC(745) ParOldGen: 118026K(5592576K)->136102K(5592576K)
[925.675s][info][gc,metaspace   ] GC(745) Metaspace: 23029K(23296K)->23029K(23296K) NonClass: 20235K(20352K)->20235K(20352K) Class: 2793K(2944K)->2793K(2944K)
[925.675s][info][gc             ] GC(745) Pause Young (System.gc()) 1427M->210M(7928M) 71.647ms
[925.675s][info][gc,cpu         ] GC(745) User=0.38s Sys=0.00s Real=0.08s
[925.675s][info][gc,start       ] GC(746) Pause Full (System.gc())
[925.675s][info][gc,phases,start] GC(746) Marking Phase
[925.712s][info][gc,phases      ] GC(746) Marking Phase 36.909ms
[925.712s][info][gc,phases,start] GC(746) Summary Phase
[925.712s][info][gc,phases      ] GC(746) Summary Phase 0.011ms
[925.712s][info][gc,phases,start] GC(746) Adjust Roots
[925.717s][info][gc,phases      ] GC(746) Adjust Roots 4.667ms
[925.717s][info][gc,phases,start] GC(746) Compaction Phase
[925.802s][info][gc,phases      ] GC(746) Compaction Phase 85.034ms
[925.802s][info][gc,phases,start] GC(746) Post Compact
[925.803s][info][gc,phases      ] GC(746) Post Compact 1.200ms
[925.803s][info][gc,heap        ] GC(746) PSYoungGen: 79328K(2526208K)->0K(2526208K) Eden: 0K(2256384K)->0K(2256384K) From: 79328K(269824K)->0K(269824K)
[925.803s][info][gc,heap        ] GC(746) ParOldGen: 136102K(5592576K)->103671K(5592576K)
[925.803s][info][gc,metaspace   ] GC(746) Metaspace: 23029K(23296K)->23029K(23296K) NonClass: 20235K(20352K)->20235K(20352K) Class: 2793K(2944K)->2793K(2944K)
[925.803s][info][gc             ] GC(746) Pause Full (System.gc()) 210M->101M(7928M) 128.105ms
[925.803s][info][gc,cpu         ] GC(746) User=0.64s Sys=0.02s Real=0.13s
[926.965s][info][gc,start       ] GC(747) Pause Young (Allocation Failure)
[927.093s][info][gc,heap        ] GC(747) PSYoungGen: 2256384K(2526208K)->193696K(2450432K) Eden: 2256384K(2256384K)->0K(2256384K) From: 0K(269824K)->193696K(194048K)
[927.093s][info][gc,heap        ] GC(747) ParOldGen: 103671K(5592576K)->103671K(5592576K)
[927.093s][info][gc,metaspace   ] GC(747) Metaspace: 23033K(23296K)->23033K(23296K) NonClass: 20239K(20352K)->20239K(20352K) Class: 2793K(2944K)->2793K(2944K)
[927.093s][info][gc             ] GC(747) Pause Young (Allocation Failure) 2304M->290M(7854M) 127.305ms
[927.093s][info][gc,cpu         ] GC(747) User=0.73s Sys=0.00s Real=0.13s
[928.789s][info][gc,start       ] GC(748) Pause Young (Allocation Failure)
[928.885s][info][gc,heap        ] GC(748) PSYoungGen: 2450080K(2450432K)->135808K(2530816K) Eden: 2256384K(2256384K)->0K(2254848K) From: 193696K(194048K)->135808K(275968K)
[928.885s][info][gc,heap        ] GC(748) ParOldGen: 103671K(5592576K)->103703K(5592576K)
[928.885s][info][gc,metaspace   ] GC(748) Metaspace: 23033K(23296K)->23033K(23296K) NonClass: 20239K(20352K)->20239K(20352K) Class: 2793K(2944K)->2793K(2944K)
[928.885s][info][gc             ] GC(748) Pause Young (Allocation Failure) 2493M->233M(7933M) 95.807ms
[928.885s][info][gc,cpu         ] GC(748) User=0.55s Sys=0.00s Real=0.10s
[930.075s][info][gc,start       ] GC(749) Pause Young (Allocation Failure)
[930.233s][info][gc,heap        ] GC(749) PSYoungGen: 2390656K(2530816K)->212048K(2467328K) Eden: 2254848K(2254848K)->0K(2254848K) From: 135808K(275968K)->212048K(212480K)
[930.233s][info][gc,heap        ] GC(749) ParOldGen: 103703K(5592576K)->113463K(5592576K)
[930.233s][info][gc,metaspace   ] GC(749) Metaspace: 23033K(23296K)->23033K(23296K) NonClass: 20239K(20352K)->20239K(20352K) Class: 2793K(2944K)->2793K(2944K)
[930.233s][info][gc             ] GC(749) Pause Young (Allocation Failure) 2435M->317M(7871M) 158.046ms
[930.234s][info][gc,cpu         ] GC(749) User=0.94s Sys=0.00s Real=0.16s
[931.865s][info][gc,start       ] GC(750) Pause Young (Allocation Failure)
[931.979s][info][gc,heap        ] GC(750) PSYoungGen: 2466896K(2467328K)->169856K(2524672K) Eden: 2254848K(2254848K)->0K(2247168K) From: 212048K(212480K)->169856K(277504K)
[931.979s][info][gc,heap        ] GC(750) ParOldGen: 113463K(5592576K)->116031K(5592576K)
[931.979s][info][gc,metaspace   ] GC(750) Metaspace: 23033K(23296K)->23033K(23296K) NonClass: 20239K(20352K)->20239K(20352K) Class: 2793K(2944K)->2793K(2944K)
[931.979s][info][gc             ] GC(750) Pause Young (Allocation Failure) 2519M->279M(7927M) 114.466ms
[931.979s][info][gc,cpu         ] GC(750) User=0.75s Sys=0.00s Real=0.12s
[933.704s][info][gc,start       ] GC(751) Pause Young (Allocation Failure)
[933.781s][info][gc,heap        ] GC(751) PSYoungGen: 2417024K(2524672K)->103888K(2518528K) Eden: 2247168K(2247168K)->0K(2247168K) From: 169856K(277504K)->103888K(271360K)
[933.781s][info][gc,heap        ] GC(751) ParOldGen: 116031K(5592576K)->116063K(5592576K)
[933.781s][info][gc,metaspace   ] GC(751) Metaspace: 23033K(23296K)->23033K(23296K) NonClass: 20239K(20352K)->20239K(20352K) Class: 2793K(2944K)->2793K(2944K)
[933.781s][info][gc             ] GC(751) Pause Young (Allocation Failure) 2473M->214M(7921M) 77.377ms
[933.781s][info][gc,cpu         ] GC(751) User=0.47s Sys=0.00s Real=0.08s
[934.870s][info][gc,start       ] GC(752) Pause Young (Allocation Failure)
[935.002s][info][gc,heap        ] GC(752) PSYoungGen: 2351056K(2518528K)->195888K(2517504K) Eden: 2247168K(2247168K)->0K(2249216K) From: 103888K(271360K)->195888K(268288K)
[935.002s][info][gc,heap        ] GC(752) ParOldGen: 116063K(5592576K)->117943K(5592576K)
[935.002s][info][gc,metaspace   ] GC(752) Metaspace: 23033K(23296K)->23033K(23296K) NonClass: 20239K(20352K)->20239K(20352K) Class: 2793K(2944K)->2793K(2944K)
[935.002s][info][gc             ] GC(752) Pause Young (Allocation Failure) 2409M->306M(7920M) 132.189ms
[935.002s][info][gc,cpu         ] GC(752) User=0.73s Sys=0.00s Real=0.13s
[935.534s][info][gc,start       ] GC(753) Pause Young (System.gc())
[935.600s][info][gc,heap        ] GC(753) PSYoungGen: 818988K(2517504K)->40624K(2290176K) Eden: 623100K(2249216K)->0K(2249216K) From: 195888K(268288K)->40624K(40960K)
[935.600s][info][gc,heap        ] GC(753) ParOldGen: 117943K(5592576K)->175095K(5592576K)
[935.600s][info][gc,metaspace   ] GC(753) Metaspace: 23033K(23296K)->23033K(23296K) NonClass: 20239K(20352K)->20239K(20352K) Class: 2793K(2944K)->2793K(2944K)
[935.600s][info][gc             ] GC(753) Pause Young (System.gc()) 914M->210M(7698M) 66.242ms
[935.600s][info][gc,cpu         ] GC(753) User=0.36s Sys=0.00s Real=0.07s
[935.600s][info][gc,start       ] GC(754) Pause Full (System.gc())
[935.600s][info][gc,phases,start] GC(754) Marking Phase
[935.638s][info][gc,phases      ] GC(754) Marking Phase 37.920ms
[935.638s][info][gc,phases,start] GC(754) Summary Phase
[935.638s][info][gc,phases      ] GC(754) Summary Phase 0.013ms
[935.638s][info][gc,phases,start] GC(754) Adjust Roots
[935.643s][info][gc,phases      ] GC(754) Adjust Roots 4.137ms
[935.643s][info][gc,phases,start] GC(754) Compaction Phase
[935.733s][info][gc,phases      ] GC(754) Compaction Phase 90.716ms
[935.733s][info][gc,phases,start] GC(754) Post Compact
[935.734s][info][gc,phases      ] GC(754) Post Compact 1.096ms
[935.735s][info][gc,heap        ] GC(754) PSYoungGen: 40624K(2290176K)->0K(2290176K) Eden: 0K(2249216K)->0K(2249216K) From: 40624K(40960K)->0K(40960K)
[935.735s][info][gc,heap        ] GC(754) ParOldGen: 175095K(5592576K)->103533K(5592576K)
[935.735s][info][gc,metaspace   ] GC(754) Metaspace: 23033K(23296K)->23033K(23296K) NonClass: 20239K(20352K)->20239K(20352K) Class: 2793K(2944K)->2793K(2944K)
[935.735s][info][gc             ] GC(754) Pause Full (System.gc()) 210M->101M(7698M) 134.178ms
[935.735s][info][gc,cpu         ] GC(754) User=0.77s Sys=0.00s Real=0.13s
[937.058s][info][gc,start       ] GC(755) Pause Young (Allocation Failure)
[937.189s][info][gc,heap        ] GC(755) PSYoungGen: 2249216K(2290176K)->204848K(2496512K) Eden: 2249216K(2249216K)->0K(2215424K) From: 0K(40960K)->204848K(281088K)
[937.189s][info][gc,heap        ] GC(755) ParOldGen: 103533K(5592576K)->103533K(5592576K)
[937.189s][info][gc,metaspace   ] GC(755) Metaspace: 23033K(23296K)->23033K(23296K) NonClass: 20239K(20352K)->20239K(20352K) Class: 2793K(2944K)->2793K(2944K)
[937.189s][info][gc             ] GC(755) Pause Young (Allocation Failure) 2297M->301M(7899M) 131.238ms
[937.189s][info][gc,cpu         ] GC(755) User=0.73s Sys=0.00s Real=0.14s
[938.746s][info][gc,start       ] GC(756) Pause Young (Allocation Failure)
[938.834s][info][gc,heap        ] GC(756) PSYoungGen: 2420272K(2496512K)->121696K(2505728K) Eden: 2215424K(2215424K)->0K(2215424K) From: 204848K(281088K)->121696K(290304K)
[938.834s][info][gc,heap        ] GC(756) ParOldGen: 103533K(5592576K)->103557K(5592576K)
[938.834s][info][gc,metaspace   ] GC(756) Metaspace: 23033K(23296K)->23033K(23296K) NonClass: 20239K(20352K)->20239K(20352K) Class: 2793K(2944K)->2793K(2944K)
[938.834s][info][gc             ] GC(756) Pause Young (Allocation Failure) 2464M->219M(7908M) 88.398ms
[938.834s][info][gc,cpu         ] GC(756) User=0.47s Sys=0.00s Real=0.10s
[939.957s][info][gc,start       ] GC(757) Pause Young (Allocation Failure)
[940.090s][info][gc,heap        ] GC(757) PSYoungGen: 2337120K(2505728K)->196080K(2505216K) Eden: 2215424K(2215424K)->0K(2224640K) From: 121696K(290304K)->196080K(280576K)
[940.090s][info][gc,heap        ] GC(757) ParOldGen: 103557K(5592576K)->111213K(5592576K)
[940.090s][info][gc,metaspace   ] GC(757) Metaspace: 23033K(23296K)->23033K(23296K) NonClass: 20239K(20352K)->20239K(20352K) Class: 2793K(2944K)->2793K(2944K)
[940.090s][info][gc             ] GC(757) Pause Young (Allocation Failure) 2383M->300M(7908M) 133.057ms
[940.090s][info][gc,cpu         ] GC(757) User=0.84s Sys=0.00s Real=0.13s
[941.533s][info][gc,start       ] GC(758) Pause Young (Allocation Failure)
[941.619s][info][gc,heap        ] GC(758) PSYoungGen: 2420720K(2505216K)->119392K(2510336K) Eden: 2224640K(2224640K)->0K(2224640K) From: 196080K(280576K)->119392K(285696K)
[941.619s][info][gc,heap        ] GC(758) ParOldGen: 111213K(5592576K)->113709K(5592576K)
[941.619s][info][gc,metaspace   ] GC(758) Metaspace: 23033K(23296K)->23033K(23296K) NonClass: 20239K(20352K)->20239K(20352K) Class: 2793K(2944K)->2793K(2944K)
[941.619s][info][gc             ] GC(758) Pause Young (Allocation Failure) 2472M->227M(7913M) 85.747ms
[941.619s][info][gc,cpu         ] GC(758) User=0.56s Sys=0.00s Real=0.08s
[942.766s][info][gc,start       ] GC(759) Pause Young (Allocation Failure)
[942.899s][info][gc,heap        ] GC(759) PSYoungGen: 2344032K(2510336K)->198624K(2506240K) Eden: 2224640K(2224640K)->0K(2228736K) From: 119392K(285696K)->198624K(277504K)
[942.899s][info][gc,heap        ] GC(759) ParOldGen: 113709K(5592576K)->121265K(5592576K)
[942.899s][info][gc,metaspace   ] GC(759) Metaspace: 23033K(23296K)->23033K(23296K) NonClass: 20239K(20352K)->20239K(20352K) Class: 2793K(2944K)->2793K(2944K)
[942.899s][info][gc             ] GC(759) Pause Young (Allocation Failure) 2400M->312M(7909M) 133.138ms
[942.899s][info][gc,cpu         ] GC(759) User=0.80s Sys=0.00s Real=0.14s
[944.415s][info][gc,start       ] GC(760) Pause Young (Allocation Failure)
[944.510s][info][gc,heap        ] GC(760) PSYoungGen: 2427360K(2506240K)->134496K(2512384K) Eden: 2228736K(2228736K)->0K(2228736K) From: 198624K(277504K)->134496K(283648K)
[944.510s][info][gc,heap        ] GC(760) ParOldGen: 121265K(5592576K)->123361K(5592576K)
[944.510s][info][gc,metaspace   ] GC(760) Metaspace: 23033K(23296K)->23033K(23296K) NonClass: 20239K(20352K)->20239K(20352K) Class: 2793K(2944K)->2793K(2944K)
[944.510s][info][gc             ] GC(760) Pause Young (Allocation Failure) 2488M->251M(7915M) 94.976ms
[944.510s][info][gc,cpu         ] GC(760) User=0.55s Sys=0.00s Real=0.10s
[945.312s][info][gc,start       ] GC(761) Pause Young (System.gc())
[945.385s][info][gc,heap        ] GC(761) PSYoungGen: 1352957K(2512384K)->77424K(2521600K) Eden: 1218461K(2228736K)->0K(2248192K) From: 134496K(283648K)->77424K(273408K)
[945.385s][info][gc,heap        ] GC(761) ParOldGen: 123361K(5592576K)->143249K(5592576K)
[945.385s][info][gc,metaspace   ] GC(761) Metaspace: 23033K(23296K)->23033K(23296K) NonClass: 20239K(20352K)->20239K(20352K) Class: 2793K(2944K)->2793K(2944K)
[945.385s][info][gc             ] GC(761) Pause Young (System.gc()) 1441M->215M(7924M) 72.766ms
[945.385s][info][gc,cpu         ] GC(761) User=0.44s Sys=0.00s Real=0.08s
[945.385s][info][gc,start       ] GC(762) Pause Full (System.gc())
[945.385s][info][gc,phases,start] GC(762) Marking Phase
[945.420s][info][gc,phases      ] GC(762) Marking Phase 34.468ms
[945.420s][info][gc,phases,start] GC(762) Summary Phase
[945.420s][info][gc,phases      ] GC(762) Summary Phase 0.012ms
[945.420s][info][gc,phases,start] GC(762) Adjust Roots
[945.423s][info][gc,phases      ] GC(762) Adjust Roots 3.832ms
[945.423s][info][gc,phases,start] GC(762) Compaction Phase
[945.512s][info][gc,phases      ] GC(762) Compaction Phase 88.438ms
[945.512s][info][gc,phases,start] GC(762) Post Compact
[945.513s][info][gc,phases      ] GC(762) Post Compact 1.152ms
[945.513s][info][gc,heap        ] GC(762) PSYoungGen: 77424K(2521600K)->0K(2521600K) Eden: 0K(2248192K)->0K(2248192K) From: 77424K(273408K)->0K(273408K)
[945.513s][info][gc,heap        ] GC(762) ParOldGen: 143249K(5592576K)->103603K(5592576K)
[945.513s][info][gc,metaspace   ] GC(762) Metaspace: 23033K(23296K)->23033K(23296K) NonClass: 20239K(20352K)->20239K(20352K) Class: 2793K(2944K)->2793K(2944K)
[945.513s][info][gc             ] GC(762) Pause Full (System.gc()) 215M->101M(7924M) 128.203ms
[945.513s][info][gc,cpu         ] GC(762) User=0.70s Sys=0.00s Real=0.13s
[946.839s][info][gc,start       ] GC(763) Pause Young (Allocation Failure)
[946.972s][info][gc,heap        ] GC(763) PSYoungGen: 2248192K(2521600K)->205600K(2454016K) Eden: 2248192K(2248192K)->0K(2248192K) From: 0K(273408K)->205600K(205824K)
[946.972s][info][gc,heap        ] GC(763) ParOldGen: 103603K(5592576K)->103603K(5592576K)
[946.972s][info][gc,metaspace   ] GC(763) Metaspace: 23033K(23296K)->23033K(23296K) NonClass: 20239K(20352K)->20239K(20352K) Class: 2793K(2944K)->2793K(2944K)
[946.972s][info][gc             ] GC(763) Pause Young (Allocation Failure) 2296M->301M(7858M) 132.833ms
[946.972s][info][gc,cpu         ] GC(763) User=0.75s Sys=0.00s Real=0.14s
[948.683s][info][gc,start       ] GC(764) Pause Young (Allocation Failure)
[948.785s][info][gc,heap        ] GC(764) PSYoungGen: 2453792K(2454016K)->152960K(2524672K) Eden: 2248192K(2248192K)->0K(2241024K) From: 205600K(205824K)->152960K(283648K)
[948.785s][info][gc,heap        ] GC(764) ParOldGen: 103603K(5592576K)->103619K(5592576K)
[948.785s][info][gc,metaspace   ] GC(764) Metaspace: 23033K(23296K)->23033K(23296K) NonClass: 20239K(20352K)->20239K(20352K) Class: 2793K(2944K)->2793K(2944K)
[948.785s][info][gc             ] GC(764) Pause Young (Allocation Failure) 2497M->250M(7927M) 101.889ms
[948.785s][info][gc,cpu         ] GC(764) User=0.53s Sys=0.00s Real=0.10s
[949.755s][info][gc,start       ] GC(765) Pause Young (Allocation Failure)
[949.893s][info][gc,heap        ] GC(765) PSYoungGen: 2393984K(2524672K)->194528K(2512384K) Eden: 2241024K(2241024K)->0K(2241024K) From: 152960K(283648K)->194528K(271360K)
[949.893s][info][gc,heap        ] GC(765) ParOldGen: 103619K(5592576K)->120512K(5592576K)
[949.893s][info][gc,metaspace   ] GC(765) Metaspace: 23033K(23296K)->23033K(23296K) NonClass: 20239K(20352K)->20239K(20352K) Class: 2793K(2944K)->2793K(2944K)
[949.893s][info][gc             ] GC(765) Pause Young (Allocation Failure) 2439M->307M(7915M) 137.969ms
[949.893s][info][gc,cpu         ] GC(765) User=0.83s Sys=0.00s Real=0.14s
[951.493s][info][gc,start       ] GC(766) Pause Young (Allocation Failure)
[951.600s][info][gc,heap        ] GC(766) PSYoungGen: 2435552K(2512384K)->151664K(2531840K) Eden: 2241024K(2241024K)->0K(2255872K) From: 194528K(271360K)->151664K(275968K)
[951.600s][info][gc,heap        ] GC(766) ParOldGen: 120512K(5592576K)->123192K(5592576K)
[951.600s][info][gc,metaspace   ] GC(766) Metaspace: 23033K(23296K)->23033K(23296K) NonClass: 20239K(20352K)->20239K(20352K) Class: 2793K(2944K)->2793K(2944K)
[951.600s][info][gc             ] GC(766) Pause Young (Allocation Failure) 2496M->268M(7934M) 107.019ms
[951.600s][info][gc,cpu         ] GC(766) User=0.56s Sys=0.00s Real=0.11s
[952.973s][info][gc,start       ] GC(767) Pause Young (Allocation Failure)
[953.092s][info][gc,heap        ] GC(767) PSYoungGen: 2407536K(2531840K)->163776K(2520064K) Eden: 2255872K(2255872K)->0K(2255872K) From: 151664K(275968K)->163776K(264192K)
[953.092s][info][gc,heap        ] GC(767) ParOldGen: 123192K(5592576K)->126336K(5592576K)
[953.092s][info][gc,metaspace   ] GC(767) Metaspace: 23033K(23296K)->23033K(23296K) NonClass: 20239K(20352K)->20239K(20352K) Class: 2793K(2944K)->2793K(2944K)
[953.092s][info][gc             ] GC(767) Pause Young (Allocation Failure) 2471M->283M(7922M) 119.846ms
[953.092s][info][gc,cpu         ] GC(767) User=0.70s Sys=0.03s Real=0.12s
[954.531s][info][gc,start       ] GC(768) Pause Young (Allocation Failure)
[954.650s][info][gc,heap        ] GC(768) PSYoungGen: 2419648K(2520064K)->177664K(2541056K) Eden: 2255872K(2255872K)->0K(2284544K) From: 163776K(264192K)->177664K(256512K)
[954.650s][info][gc,heap        ] GC(768) ParOldGen: 126336K(5592576K)->127664K(5592576K)
[954.650s][info][gc,metaspace   ] GC(768) Metaspace: 23033K(23296K)->23033K(23296K) NonClass: 20239K(20352K)->20239K(20352K) Class: 2793K(2944K)->2793K(2944K)
[954.650s][info][gc             ] GC(768) Pause Young (Allocation Failure) 2486M->298M(7943M) 118.184ms
[954.650s][info][gc,cpu         ] GC(768) User=0.73s Sys=0.00s Real=0.12s
[955.284s][info][gc,start       ] GC(769) Pause Young (System.gc())
[955.354s][info][gc,heap        ] GC(769) PSYoungGen: 958807K(2541056K)->51264K(2327040K) Eden: 781143K(2284544K)->0K(2275328K) From: 177664K(256512K)->51264K(51712K)
[955.354s][info][gc,heap        ] GC(769) ParOldGen: 127664K(5592576K)->173716K(5592576K)
[955.354s][info][gc,metaspace   ] GC(769) Metaspace: 23038K(23296K)->23038K(23296K) NonClass: 20245K(20352K)->20245K(20352K) Class: 2793K(2944K)->2793K(2944K)
[955.354s][info][gc             ] GC(769) Pause Young (System.gc()) 1061M->219M(7734M) 70.059ms
[955.354s][info][gc,cpu         ] GC(769) User=0.47s Sys=0.00s Real=0.07s
[955.354s][info][gc,start       ] GC(770) Pause Full (System.gc())
[955.354s][info][gc,phases,start] GC(770) Marking Phase
[955.389s][info][gc,phases      ] GC(770) Marking Phase 35.835ms
[955.390s][info][gc,phases,start] GC(770) Summary Phase
[955.390s][info][gc,phases      ] GC(770) Summary Phase 0.012ms
[955.390s][info][gc,phases,start] GC(770) Adjust Roots
[955.394s][info][gc,phases      ] GC(770) Adjust Roots 4.732ms
[955.394s][info][gc,phases,start] GC(770) Compaction Phase
[955.485s][info][gc,phases      ] GC(770) Compaction Phase 90.850ms
[955.485s][info][gc,phases,start] GC(770) Post Compact
[955.486s][info][gc,phases      ] GC(770) Post Compact 1.205ms
[955.487s][info][gc,heap        ] GC(770) PSYoungGen: 51264K(2327040K)->0K(2327040K) Eden: 0K(2275328K)->0K(2275328K) From: 51264K(51712K)->0K(51712K)
[955.487s][info][gc,heap        ] GC(770) ParOldGen: 173716K(5592576K)->103537K(5592576K)
[955.487s][info][gc,metaspace   ] GC(770) Metaspace: 23038K(23296K)->23038K(23296K) NonClass: 20245K(20352K)->20245K(20352K) Class: 2793K(2944K)->2793K(2944K)
[955.487s][info][gc             ] GC(770) Pause Full (System.gc()) 219M->101M(7734M) 132.918ms
[955.487s][info][gc,cpu         ] GC(770) User=0.69s Sys=0.00s Real=0.13s
[956.685s][info][gc,start       ] GC(771) Pause Young (Allocation Failure)
[956.808s][info][gc,heap        ] GC(771) PSYoungGen: 2275328K(2327040K)->188992K(2524672K) Eden: 2275328K(2275328K)->0K(2261504K) From: 0K(51712K)->188992K(263168K)
[956.808s][info][gc,heap        ] GC(771) ParOldGen: 103537K(5592576K)->103537K(5592576K)
[956.808s][info][gc,metaspace   ] GC(771) Metaspace: 23044K(23296K)->23044K(23296K) NonClass: 20250K(20352K)->20250K(20352K) Class: 2793K(2944K)->2793K(2944K)
[956.808s][info][gc             ] GC(771) Pause Young (Allocation Failure) 2323M->285M(7927M) 123.598ms
[956.808s][info][gc,cpu         ] GC(771) User=0.73s Sys=0.02s Real=0.14s
[958.377s][info][gc,start       ] GC(772) Pause Young (Allocation Failure)
[958.459s][info][gc,heap        ] GC(772) PSYoungGen: 2450496K(2524672K)->109904K(2528768K) Eden: 2261504K(2261504K)->0K(2261504K) From: 188992K(263168K)->109904K(267264K)
[958.459s][info][gc,heap        ] GC(772) ParOldGen: 103537K(5592576K)->103561K(5592576K)
[958.459s][info][gc,metaspace   ] GC(772) Metaspace: 23044K(23296K)->23044K(23296K) NonClass: 20250K(20352K)->20250K(20352K) Class: 2793K(2944K)->2793K(2944K)
[958.459s][info][gc             ] GC(772) Pause Young (Allocation Failure) 2494M->208M(7931M) 81.376ms
[958.459s][info][gc,cpu         ] GC(772) User=0.42s Sys=0.00s Real=0.08s
[959.628s][info][gc,start       ] GC(773) Pause Young (Allocation Failure)
[959.757s][info][gc,heap        ] GC(773) PSYoungGen: 2371408K(2528768K)->195648K(2520064K) Eden: 2261504K(2261504K)->0K(2257408K) From: 109904K(267264K)->195648K(262656K)
[959.757s][info][gc,heap        ] GC(773) ParOldGen: 103561K(5592576K)->107541K(5592576K)
[959.757s][info][gc,metaspace   ] GC(773) Metaspace: 23044K(23296K)->23044K(23296K) NonClass: 20250K(20352K)->20250K(20352K) Class: 2793K(2944K)->2793K(2944K)
[959.757s][info][gc             ] GC(773) Pause Young (Allocation Failure) 2416M->296M(7922M) 129.549ms
[959.757s][info][gc,cpu         ] GC(773) User=0.81s Sys=0.00s Real=0.14s
[961.455s][info][gc,start       ] GC(774) Pause Young (Allocation Failure)
[961.554s][info][gc,heap        ] GC(774) PSYoungGen: 2453056K(2520064K)->142496K(2526720K) Eden: 2257408K(2257408K)->0K(2257408K) From: 195648K(262656K)->142496K(269312K)
[961.556s][info][gc,heap        ] GC(774) ParOldGen: 107541K(5592576K)->108813K(5592576K)
[961.556s][info][gc,metaspace   ] GC(774) Metaspace: 23044K(23296K)->23044K(23296K) NonClass: 20250K(20352K)->20250K(20352K) Class: 2793K(2944K)->2793K(2944K)
[961.556s][info][gc             ] GC(774) Pause Young (Allocation Failure) 2500M->245M(7929M) 101.102ms
[961.556s][info][gc,cpu         ] GC(774) User=0.56s Sys=0.00s Real=0.10s
[962.605s][info][gc,start       ] GC(775) Pause Young (Allocation Failure)
[962.750s][info][gc,heap        ] GC(775) PSYoungGen: 2399904K(2526720K)->206432K(2517504K) Eden: 2257408K(2257408K)->0K(2258432K) From: 142496K(269312K)->206432K(259072K)
[962.750s][info][gc,heap        ] GC(775) ParOldGen: 108813K(5592576K)->125121K(5592576K)
[962.750s][info][gc,metaspace   ] GC(775) Metaspace: 23044K(23296K)->23044K(23296K) NonClass: 20250K(20352K)->20250K(20352K) Class: 2793K(2944K)->2793K(2944K)
[962.750s][info][gc             ] GC(775) Pause Young (Allocation Failure) 2449M->323M(7920M) 144.902ms
[962.750s][info][gc,cpu         ] GC(775) User=0.83s Sys=0.02s Real=0.14s
[964.225s][info][gc,start       ] GC(776) Pause Young (Allocation Failure)
[964.330s][info][gc,heap        ] GC(776) PSYoungGen: 2464864K(2517504K)->146864K(2527232K) Eden: 2258432K(2258432K)->0K(2258432K) From: 206432K(259072K)->146864K(268800K)
[964.332s][info][gc,heap        ] GC(776) ParOldGen: 125121K(5592576K)->129313K(5592576K)
[964.332s][info][gc,metaspace   ] GC(776) Metaspace: 23044K(23296K)->23044K(23296K) NonClass: 20250K(20352K)->20250K(20352K) Class: 2793K(2944K)->2793K(2944K)
[964.332s][info][gc             ] GC(776) Pause Young (Allocation Failure) 2529M->269M(7929M) 107.640ms
[964.332s][info][gc,cpu         ] GC(776) User=0.66s Sys=0.00s Real=0.11s
[965.080s][info][gc,start       ] GC(777) Pause Young (System.gc())
[965.148s][info][gc,heap        ] GC(777) PSYoungGen: 1257088K(2527232K)->71072K(2528768K) Eden: 1110224K(2258432K)->0K(2269696K) From: 146864K(268800K)->71072K(259072K)
[965.148s][info][gc,heap        ] GC(777) ParOldGen: 129313K(5592576K)->155637K(5592576K)
[965.148s][info][gc,metaspace   ] GC(777) Metaspace: 23044K(23296K)->23044K(23296K) NonClass: 20250K(20352K)->20250K(20352K) Class: 2793K(2944K)->2793K(2944K)
[965.148s][info][gc             ] GC(777) Pause Young (System.gc()) 1353M->221M(7931M) 67.831ms
[965.148s][info][gc,cpu         ] GC(777) User=0.38s Sys=0.02s Real=0.07s
[965.148s][info][gc,start       ] GC(778) Pause Full (System.gc())
[965.148s][info][gc,phases,start] GC(778) Marking Phase
[965.185s][info][gc,phases      ] GC(778) Marking Phase 37.427ms
[965.185s][info][gc,phases,start] GC(778) Summary Phase
[965.185s][info][gc,phases      ] GC(778) Summary Phase 0.012ms
[965.185s][info][gc,phases,start] GC(778) Adjust Roots
[965.190s][info][gc,phases      ] GC(778) Adjust Roots 4.877ms
[965.190s][info][gc,phases,start] GC(778) Compaction Phase
[965.277s][info][gc,phases      ] GC(778) Compaction Phase 86.884ms
[965.277s][info][gc,phases,start] GC(778) Post Compact
[965.278s][info][gc,phases      ] GC(778) Post Compact 1.127ms
[965.278s][info][gc,heap        ] GC(778) PSYoungGen: 71072K(2528768K)->0K(2528768K) Eden: 0K(2269696K)->0K(2269696K) From: 71072K(259072K)->0K(259072K)
[965.278s][info][gc,heap        ] GC(778) ParOldGen: 155637K(5592576K)->103702K(5592576K)
[965.278s][info][gc,metaspace   ] GC(778) Metaspace: 23044K(23296K)->23044K(23296K) NonClass: 20250K(20352K)->20250K(20352K) Class: 2793K(2944K)->2793K(2944K)
[965.278s][info][gc             ] GC(778) Pause Full (System.gc()) 221M->101M(7931M) 130.615ms
[965.278s][info][gc,cpu         ] GC(778) User=0.67s Sys=0.00s Real=0.13s
[966.500s][info][gc,start       ] GC(779) Pause Young (Allocation Failure)
[966.629s][info][gc,heap        ] GC(779) PSYoungGen: 2269696K(2528768K)->197536K(2467328K) Eden: 2269696K(2269696K)->0K(2269696K) From: 0K(259072K)->197536K(197632K)
[966.629s][info][gc,heap        ] GC(779) ParOldGen: 103702K(5592576K)->103702K(5592576K)
[966.629s][info][gc,metaspace   ] GC(779) Metaspace: 23044K(23296K)->23044K(23296K) NonClass: 20250K(20352K)->20250K(20352K) Class: 2793K(2944K)->2793K(2944K)
[966.629s][info][gc             ] GC(779) Pause Young (Allocation Failure) 2317M->294M(7871M) 129.505ms
[966.629s][info][gc,cpu         ] GC(779) User=0.75s Sys=0.00s Real=0.13s
[968.308s][info][gc,start       ] GC(780) Pause Young (Allocation Failure)
[968.401s][info][gc,heap        ] GC(780) PSYoungGen: 2467232K(2467328K)->132512K(2534400K) Eden: 2269696K(2269696K)->0K(2264064K) From: 197536K(197632K)->132512K(270336K)
[968.401s][info][gc,heap        ] GC(780) ParOldGen: 103702K(5592576K)->103734K(5592576K)
[968.401s][info][gc,metaspace   ] GC(780) Metaspace: 23044K(23296K)->23044K(23296K) NonClass: 20250K(20352K)->20250K(20352K) Class: 2793K(2944K)->2793K(2944K)
[968.401s][info][gc             ] GC(780) Pause Young (Allocation Failure) 2510M->230M(7936M) 92.897ms
[968.401s][info][gc,cpu         ] GC(780) User=0.56s Sys=0.00s Real=0.09s
[969.471s][info][gc,start       ] GC(781) Pause Young (Allocation Failure)
[969.605s][info][gc,heap        ] GC(781) PSYoungGen: 2396576K(2534400K)->198992K(2525696K) Eden: 2264064K(2264064K)->0K(2264064K) From: 132512K(270336K)->198992K(261632K)
[969.605s][info][gc,heap        ] GC(781) ParOldGen: 103734K(5592576K)->116982K(5592576K)
[969.605s][info][gc,metaspace   ] GC(781) Metaspace: 23044K(23296K)->23044K(23296K) NonClass: 20250K(20352K)->20250K(20352K) Class: 2793K(2944K)->2793K(2944K)
[969.605s][info][gc             ] GC(781) Pause Young (Allocation Failure) 2441M->308M(7928M) 133.978ms
[969.605s][info][gc,cpu         ] GC(781) User=0.83s Sys=0.00s Real=0.13s
[971.232s][info][gc,start       ] GC(782) Pause Young (Allocation Failure)
[971.339s][info][gc,heap        ] GC(782) PSYoungGen: 2463056K(2525696K)->152096K(2537984K) Eden: 2264064K(2264064K)->0K(2269184K) From: 198992K(261632K)->152096K(268800K)
[971.339s][info][gc,heap        ] GC(782) ParOldGen: 116982K(5592576K)->120318K(5592576K)
[971.339s][info][gc,metaspace   ] GC(782) Metaspace: 23044K(23296K)->23044K(23296K) NonClass: 20250K(20352K)->20250K(20352K) Class: 2793K(2944K)->2793K(2944K)
[971.339s][info][gc             ] GC(782) Pause Young (Allocation Failure) 2519M->266M(7940M) 106.505ms
[971.339s][info][gc,cpu         ] GC(782) User=0.62s Sys=0.00s Real=0.11s
[972.729s][info][gc,start       ] GC(783) Pause Young (Allocation Failure)
[972.838s][info][gc,heap        ] GC(783) PSYoungGen: 2421280K(2537984K)->153520K(2527232K) Eden: 2269184K(2269184K)->0K(2269184K) From: 152096K(268800K)->153520K(258048K)
[972.838s][info][gc,heap        ] GC(783) ParOldGen: 120318K(5592576K)->122858K(5592576K)
[972.838s][info][gc,metaspace   ] GC(783) Metaspace: 23044K(23296K)->23044K(23296K) NonClass: 20250K(20352K)->20250K(20352K) Class: 2793K(2944K)->2793K(2944K)
[972.838s][info][gc             ] GC(783) Pause Young (Allocation Failure) 2482M->269M(7929M) 109.452ms
[972.838s][info][gc,cpu         ] GC(783) User=0.66s Sys=0.00s Real=0.12s
[974.148s][info][gc,start       ] GC(784) Pause Young (Allocation Failure)
[974.264s][info][gc,heap        ] GC(784) PSYoungGen: 2422704K(2527232K)->172480K(2550784K) Eden: 2269184K(2269184K)->0K(2302976K) From: 153520K(258048K)->172480K(247808K)
[974.264s][info][gc,heap        ] GC(784) ParOldGen: 122858K(5592576K)->123842K(5592576K)
[974.264s][info][gc,metaspace   ] GC(784) Metaspace: 23044K(23296K)->23044K(23296K) NonClass: 20250K(20352K)->20250K(20352K) Class: 2793K(2944K)->2793K(2944K)
[974.264s][info][gc             ] GC(784) Pause Young (Allocation Failure) 2485M->289M(7952M) 115.945ms
[974.264s][info][gc,cpu         ] GC(784) User=0.66s Sys=0.00s Real=0.12s
[974.938s][info][gc,start       ] GC(785) Pause Young (System.gc())
[975.008s][info][gc,heap        ] GC(785) PSYoungGen: 1010224K(2550784K)->55024K(2345472K) Eden: 837744K(2302976K)->0K(2290176K) From: 172480K(247808K)->55024K(55296K)
[975.008s][info][gc,heap        ] GC(785) ParOldGen: 123842K(5592576K)->166290K(5592576K)
[975.008s][info][gc,metaspace   ] GC(785) Metaspace: 23044K(23296K)->23044K(23296K) NonClass: 20250K(20352K)->20250K(20352K) Class: 2793K(2944K)->2793K(2944K)
[975.008s][info][gc             ] GC(785) Pause Young (System.gc()) 1107M->216M(7752M) 70.314ms
[975.008s][info][gc,cpu         ] GC(785) User=0.47s Sys=0.00s Real=0.08s
[975.008s][info][gc,start       ] GC(786) Pause Full (System.gc())
[975.008s][info][gc,phases,start] GC(786) Marking Phase
[975.045s][info][gc,phases      ] GC(786) Marking Phase 36.927ms
[975.045s][info][gc,phases,start] GC(786) Summary Phase
[975.045s][info][gc,phases      ] GC(786) Summary Phase 0.012ms
[975.045s][info][gc,phases,start] GC(786) Adjust Roots
[975.050s][info][gc,phases      ] GC(786) Adjust Roots 4.418ms
[975.050s][info][gc,phases,start] GC(786) Compaction Phase
[975.137s][info][gc,phases      ] GC(786) Compaction Phase 87.241ms
[975.137s][info][gc,phases,start] GC(786) Post Compact
[975.138s][info][gc,phases      ] GC(786) Post Compact 1.223ms
[975.138s][info][gc,heap        ] GC(786) PSYoungGen: 55024K(2345472K)->0K(2345472K) Eden: 0K(2290176K)->0K(2290176K) From: 55024K(55296K)->0K(55296K)
[975.138s][info][gc,heap        ] GC(786) ParOldGen: 166290K(5592576K)->103684K(5592576K)
[975.138s][info][gc,metaspace   ] GC(786) Metaspace: 23044K(23296K)->23044K(23296K) NonClass: 20250K(20352K)->20250K(20352K) Class: 2793K(2944K)->2793K(2944K)
[975.138s][info][gc             ] GC(786) Pause Full (System.gc()) 216M->101M(7752M) 130.078ms
[975.138s][info][gc,cpu         ] GC(786) User=0.69s Sys=0.00s Real=0.13s
[976.389s][info][gc,start       ] GC(787) Pause Young (Allocation Failure)
[976.522s][info][gc,heap        ] GC(787) PSYoungGen: 2290176K(2345472K)->202208K(2522112K) Eden: 2290176K(2290176K)->0K(2268672K) From: 0K(55296K)->202208K(253440K)
[976.522s][info][gc,heap        ] GC(787) ParOldGen: 103684K(5592576K)->103684K(5592576K)
[976.522s][info][gc,metaspace   ] GC(787) Metaspace: 23044K(23296K)->23044K(23296K) NonClass: 20250K(20352K)->20250K(20352K) Class: 2793K(2944K)->2793K(2944K)
[976.522s][info][gc             ] GC(787) Pause Young (Allocation Failure) 2337M->298M(7924M) 133.146ms
[976.522s][info][gc,cpu         ] GC(787) User=0.73s Sys=0.00s Real=0.13s
[978.124s][info][gc,start       ] GC(788) Pause Young (Allocation Failure)
[978.209s][info][gc,heap        ] GC(788) PSYoungGen: 2470880K(2522112K)->120656K(2532352K) Eden: 2268672K(2268672K)->0K(2268672K) From: 202208K(253440K)->120656K(263680K)
[978.209s][info][gc,heap        ] GC(788) ParOldGen: 103684K(5592576K)->103716K(5592576K)
[978.209s][info][gc,metaspace   ] GC(788) Metaspace: 23044K(23296K)->23044K(23296K) NonClass: 20250K(20352K)->20250K(20352K) Class: 2793K(2944K)->2793K(2944K)
[978.209s][info][gc             ] GC(788) Pause Young (Allocation Failure) 2514M->219M(7934M) 85.087ms
[978.209s][info][gc,cpu         ] GC(788) User=0.42s Sys=0.00s Real=0.08s
[979.418s][info][gc,start       ] GC(789) Pause Young (Allocation Failure)
[979.554s][info][gc,heap        ] GC(789) PSYoungGen: 2389328K(2532352K)->204256K(2519040K) Eden: 2268672K(2268672K)->0K(2261504K) From: 120656K(263680K)->204256K(257536K)
[979.554s][info][gc,heap        ] GC(789) ParOldGen: 103716K(5592576K)->110492K(5592576K)
[979.555s][info][gc,metaspace   ] GC(789) Metaspace: 23044K(23296K)->23044K(23296K) NonClass: 20250K(20352K)->20250K(20352K) Class: 2793K(2944K)->2793K(2944K)
[979.555s][info][gc             ] GC(789) Pause Young (Allocation Failure) 2434M->307M(7921M) 136.040ms
[979.555s][info][gc,cpu         ] GC(789) User=0.80s Sys=0.03s Real=0.14s
[981.224s][info][gc,start       ] GC(790) Pause Young (Allocation Failure)
[981.331s][info][gc,heap        ] GC(790) PSYoungGen: 2465760K(2519040K)->159600K(2528768K) Eden: 2261504K(2261504K)->0K(2261504K) From: 204256K(257536K)->159600K(267264K)
[981.331s][info][gc,heap        ] GC(790) ParOldGen: 110492K(5592576K)->112748K(5592576K)
[981.331s][info][gc,metaspace   ] GC(790) Metaspace: 23044K(23296K)->23044K(23296K) NonClass: 20250K(20352K)->20250K(20352K) Class: 2793K(2944K)->2793K(2944K)
[981.331s][info][gc             ] GC(790) Pause Young (Allocation Failure) 2515M->265M(7931M) 107.455ms
[981.331s][info][gc,cpu         ] GC(790) User=0.66s Sys=0.00s Real=0.11s
[982.497s][info][gc,start       ] GC(791) Pause Young (Allocation Failure)
[982.640s][info][gc,heap        ] GC(791) PSYoungGen: 2421104K(2528768K)->187584K(2533888K) Eden: 2261504K(2261504K)->0K(2275840K) From: 159600K(267264K)->187584K(258048K)
[982.640s][info][gc,heap        ] GC(791) ParOldGen: 112748K(5592576K)->122620K(5592576K)
[982.640s][info][gc,metaspace   ] GC(791) Metaspace: 23044K(23296K)->23044K(23296K) NonClass: 20250K(20352K)->20250K(20352K) Class: 2793K(2944K)->2793K(2944K)
[982.640s][info][gc             ] GC(791) Pause Young (Allocation Failure) 2474M->302M(7936M) 143.145ms
[982.640s][info][gc,cpu         ] GC(791) User=0.84s Sys=0.00s Real=0.15s
[984.202s][info][gc,start       ] GC(792) Pause Young (Allocation Failure)
[984.322s][info][gc,heap        ] GC(792) PSYoungGen: 2463424K(2533888K)->177600K(2535936K) Eden: 2275840K(2275840K)->0K(2275840K) From: 187584K(258048K)->177600K(260096K)
[984.322s][info][gc,heap        ] GC(792) ParOldGen: 122620K(5592576K)->124996K(5592576K)
[984.322s][info][gc,metaspace   ] GC(792) Metaspace: 23044K(23296K)->23044K(23296K) NonClass: 20250K(20352K)->20250K(20352K) Class: 2793K(2944K)->2793K(2944K)
[984.322s][info][gc             ] GC(792) Pause Young (Allocation Failure) 2525M->295M(7938M) 120.308ms
[984.322s][info][gc,cpu         ] GC(792) User=0.75s Sys=0.00s Real=0.12s
[984.949s][info][gc,start       ] GC(793) Pause Young (System.gc())
[985.021s][info][gc,heap        ] GC(793) PSYoungGen: 956038K(2535936K)->51616K(2521600K) Eden: 778438K(2275840K)->0K(2264576K) From: 177600K(260096K)->51616K(257024K)
[985.021s][info][gc,heap        ] GC(793) ParOldGen: 124996K(5592576K)->170868K(5592576K)
[985.021s][info][gc,metaspace   ] GC(793) Metaspace: 23044K(23296K)->23044K(23296K) NonClass: 20250K(20352K)->20250K(20352K) Class: 2793K(2944K)->2793K(2944K)
[985.021s][info][gc             ] GC(793) Pause Young (System.gc()) 1055M->217M(7924M) 71.430ms
[985.021s][info][gc,cpu         ] GC(793) User=0.34s Sys=0.00s Real=0.07s
[985.021s][info][gc,start       ] GC(794) Pause Full (System.gc())
[985.021s][info][gc,phases,start] GC(794) Marking Phase
[985.056s][info][gc,phases      ] GC(794) Marking Phase 35.054ms
[985.056s][info][gc,phases,start] GC(794) Summary Phase
[985.056s][info][gc,phases      ] GC(794) Summary Phase 0.012ms
[985.056s][info][gc,phases,start] GC(794) Adjust Roots
[985.060s][info][gc,phases      ] GC(794) Adjust Roots 3.821ms
[985.060s][info][gc,phases,start] GC(794) Compaction Phase
[985.145s][info][gc,phases      ] GC(794) Compaction Phase 85.654ms
[985.145s][info][gc,phases,start] GC(794) Post Compact
[985.147s][info][gc,phases      ] GC(794) Post Compact 1.065ms
[985.147s][info][gc,heap        ] GC(794) PSYoungGen: 51616K(2521600K)->0K(2521600K) Eden: 0K(2264576K)->0K(2264576K) From: 51616K(257024K)->0K(257024K)
[985.147s][info][gc,heap        ] GC(794) ParOldGen: 170868K(5592576K)->103660K(5592576K)
[985.147s][info][gc,metaspace   ] GC(794) Metaspace: 23044K(23296K)->23044K(23296K) NonClass: 20250K(20352K)->20250K(20352K) Class: 2793K(2944K)->2793K(2944K)
[985.147s][info][gc             ] GC(794) Pause Full (System.gc()) 217M->101M(7924M) 125.880ms
[985.147s][info][gc,cpu         ] GC(794) User=0.67s Sys=0.00s Real=0.13s
[986.404s][info][gc,start       ] GC(795) Pause Young (Allocation Failure)
[986.540s][info][gc,heap        ] GC(795) PSYoungGen: 2264576K(2521600K)->205664K(2470400K) Eden: 2264576K(2264576K)->0K(2264576K) From: 0K(257024K)->205664K(205824K)
[986.540s][info][gc,heap        ] GC(795) ParOldGen: 103660K(5592576K)->103660K(5592576K)
[986.540s][info][gc,metaspace   ] GC(795) Metaspace: 23044K(23296K)->23044K(23296K) NonClass: 20251K(20352K)->20251K(20352K) Class: 2793K(2944K)->2793K(2944K)
[986.540s][info][gc             ] GC(795) Pause Young (Allocation Failure) 2312M->302M(7874M) 136.918ms
[986.540s][info][gc,cpu         ] GC(795) User=0.83s Sys=0.02s Real=0.14s
[988.225s][info][gc,start       ] GC(796) Pause Young (Allocation Failure)
[988.319s][info][gc,heap        ] GC(796) PSYoungGen: 2470240K(2470400K)->132464K(2529280K) Eden: 2264576K(2264576K)->0K(2254336K) From: 205664K(205824K)->132464K(274944K)
[988.319s][info][gc,heap        ] GC(796) ParOldGen: 103660K(5592576K)->103692K(5592576K)
[988.319s][info][gc,metaspace   ] GC(796) Metaspace: 23044K(23296K)->23044K(23296K) NonClass: 20251K(20352K)->20251K(20352K) Class: 2793K(2944K)->2793K(2944K)
[988.319s][info][gc             ] GC(796) Pause Young (Allocation Failure) 2513M->230M(7931M) 94.407ms
[988.319s][info][gc,cpu         ] GC(796) User=0.55s Sys=0.00s Real=0.10s
[989.520s][info][gc,start       ] GC(797) Pause Young (Allocation Failure)
[989.641s][info][gc,heap        ] GC(797) PSYoungGen: 2386800K(2529280K)->191264K(2521088K) Eden: 2254336K(2254336K)->0K(2254336K) From: 132464K(274944K)->191264K(266752K)
[989.641s][info][gc,heap        ] GC(797) ParOldGen: 103692K(5592576K)->108868K(5592576K)
[989.641s][info][gc,metaspace   ] GC(797) Metaspace: 23044K(23296K)->23044K(23296K) NonClass: 20251K(20352K)->20251K(20352K) Class: 2793K(2944K)->2793K(2944K)
[989.641s][info][gc             ] GC(797) Pause Young (Allocation Failure) 2432M->293M(7923M) 121.206ms
[989.641s][info][gc,cpu         ] GC(797) User=0.75s Sys=0.00s Real=0.13s
[991.326s][info][gc,start       ] GC(798) Pause Young (Allocation Failure)
[991.437s][info][gc,heap        ] GC(798) PSYoungGen: 2445600K(2521088K)->163136K(2535424K) Eden: 2254336K(2254336K)->0K(2265600K) From: 191264K(266752K)->163136K(269824K)
[991.437s][info][gc,heap        ] GC(798) ParOldGen: 108868K(5592576K)->110236K(5592576K)
[991.437s][info][gc,metaspace   ] GC(798) Metaspace: 23044K(23296K)->23044K(23296K) NonClass: 20251K(20352K)->20251K(20352K) Class: 2793K(2944K)->2793K(2944K)
[991.437s][info][gc             ] GC(798) Pause Young (Allocation Failure) 2494M->266M(7937M) 110.668ms
[991.437s][info][gc,cpu         ] GC(798) User=0.66s Sys=0.00s Real=0.11s
[993.086s][info][gc,start       ] GC(799) Pause Young (Allocation Failure)
[993.158s][info][gc,heap        ] GC(799) PSYoungGen: 2428736K(2535424K)->98688K(2526208K) Eden: 2265600K(2265600K)->0K(2265600K) From: 163136K(269824K)->98688K(260608K)
[993.158s][info][gc,heap        ] GC(799) ParOldGen: 110236K(5592576K)->110252K(5592576K)
[993.158s][info][gc,metaspace   ] GC(799) Metaspace: 23044K(23296K)->23044K(23296K) NonClass: 20251K(20352K)->20251K(20352K) Class: 2793K(2944K)->2793K(2944K)
[993.158s][info][gc             ] GC(799) Pause Young (Allocation Failure) 2479M->204M(7928M) 72.217ms
[993.158s][info][gc,cpu         ] GC(799) User=0.38s Sys=0.00s Real=0.07s
[994.324s][info][gc,start       ] GC(800) Pause Young (Allocation Failure)
[994.446s][info][gc,heap        ] GC(800) PSYoungGen: 2364288K(2526208K)->183808K(2533376K) Eden: 2265600K(2265600K)->0K(2272768K) From: 98688K(260608K)->183808K(260608K)
[994.448s][info][gc,heap        ] GC(800) ParOldGen: 110252K(5592576K)->110252K(5592576K)
[994.448s][info][gc,metaspace   ] GC(800) Metaspace: 23044K(23296K)->23044K(23296K) NonClass: 20251K(20352K)->20251K(20352K) Class: 2793K(2944K)->2793K(2944K)
[994.448s][info][gc             ] GC(800) Pause Young (Allocation Failure) 2416M->287M(7935M) 124.491ms
[994.448s][info][gc,cpu         ] GC(800) User=0.70s Sys=0.00s Real=0.13s
[995.421s][info][gc,heap,exit   ] Heap
[995.421s][info][gc,heap,exit   ]  PSYoungGen      total 2533376K, used 1137498K [0x0000000755580000, 0x0000000800000000, 0x0000000800000000)
[995.422s][info][gc,heap,exit   ]   eden space 2272768K, 41% used [0x0000000755580000,0x000000078f8d6938,0x00000007e0100000)
[995.422s][info][gc,heap,exit   ]   from space 260608K, 70% used [0x00000007f0180000,0x00000007fb500040,0x0000000800000000)
[995.422s][info][gc,heap,exit   ]   to   space 261632K, 0% used [0x00000007e0100000,0x00000007e0100000,0x00000007f0080000)
[995.422s][info][gc,heap,exit   ]  ParOldGen       total 5592576K, used 110252K [0x0000000600000000, 0x0000000755580000, 0x0000000755580000)
[995.422s][info][gc,heap,exit   ]   object space 5592576K, 1% used [0x0000000600000000,0x0000000606bab280,0x0000000755580000)
[995.422s][info][gc,heap,exit   ]  Metaspace       used 23103K, committed 23360K, reserved 1114112K
[995.422s][info][gc,heap,exit   ]   class space    used 2802K, committed 2944K, reserved 1048576K
