OpenJDK 64-Bit Server VM (25.422-b05) for windows-amd64 JRE (1.8.0_422-422-b05), built on Jul 18 2024 05:34:18 by "Administrator" with MS VC++ 16.10 / 16.11 (VS2019)
Memory: 4k page, physical 15965620k(10870596k free), swap 19635636k(12309388k free)
CommandLine flags: -XX:InitialHeapSize=838860800 -XX:MaxHeapSize=838860800 -XX:+PrintGC -XX:+PrintGCApplicationConcurrentTime -XX:+PrintGCApplicationStoppedTime -XX:+PrintGCDateStamps -XX:+PrintGCDetails -XX:+PrintGCTimeStamps -XX:+UnlockExperimentalVMOptions -XX:+UseCompressedClassPointers -XX:+UseCompressedOops -XX:-UseLargePagesIndividualAllocation -XX:+UseParallelGC -XX:+UseParallelOldGC 
2024-10-04T21:34:44.847+0300: 0.062: Application time: 0.0174938 seconds
2024-10-04T21:34:44.847+0300: 0.062: Total time for which application threads were stopped: 0.0001046 seconds, Stopping threads took: 0.0000422 seconds
2024-10-04T21:34:45.035+0300: 0.241: Application time: 0.1783369 seconds
2024-10-04T21:34:45.035+0300: 0.241: [GC (System.gc()) [PSYoungGen: 24641K->3885K(239104K)] 24641K->3893K(785408K), 0.0032404 secs] [Times: user=0.00 sys=0.00, real=0.00 secs] 
2024-10-04T21:34:45.035+0300: 0.244: [Full GC (System.gc()) [PSYoungGen: 3885K->0K(239104K)] [ParOldGen: 8K->3704K(546304K)] 3893K->3704K(785408K), [Metaspace: 7067K->7067K(1056768K)], 0.0097743 secs] [Times: user=0.00 sys=0.02, real=0.02 secs] 
2024-10-04T21:34:45.051+0300: 0.254: Total time for which application threads were stopped: 0.0133127 seconds, Stopping threads took: 0.0000326 seconds
2024-10-04T21:34:45.051+0300: 0.254: Application time: 0.0000752 seconds
2024-10-04T21:34:45.051+0300: 0.254: [GC (System.gc()) [PSYoungGen: 0K->0K(239104K)] 3704K->3704K(785408K), 0.0004615 secs] [Times: user=0.00 sys=0.00, real=0.00 secs] 
2024-10-04T21:34:45.051+0300: 0.255: [Full GC (System.gc()) [PSYoungGen: 0K->0K(239104K)] [ParOldGen: 3704K->3704K(546304K)] 3704K->3704K(785408K), [Metaspace: 7067K->7067K(1056768K)], 0.0044589 secs] [Times: user=0.00 sys=0.00, real=0.00 secs] 
2024-10-04T21:34:45.051+0300: 0.259: Total time for which application threads were stopped: 0.0051224 seconds, Stopping threads took: 0.0000420 seconds
2024-10-04T21:34:45.741+0300: 0.949: Application time: 0.6900655 seconds
2024-10-04T21:34:45.741+0300: 0.949: [GC (Allocation Failure) [PSYoungGen: 205312K->6656K(239104K)] 209016K->10368K(785408K), 0.0016283 secs] [Times: user=0.00 sys=0.00, real=0.00 secs] 
2024-10-04T21:34:45.741+0300: 0.951: Total time for which application threads were stopped: 0.0019454 seconds, Stopping threads took: 0.0001377 seconds
2024-10-04T21:34:46.071+0300: 1.274: Application time: 0.3233558 seconds
2024-10-04T21:34:46.071+0300: 1.275: [GC (Allocation Failure) [PSYoungGen: 211064K->6608K(239104K)] 214777K->10328K(785408K), 0.0020230 secs] [Times: user=0.00 sys=0.00, real=0.00 secs] 
2024-10-04T21:34:46.071+0300: 1.277: Total time for which application threads were stopped: 0.0023224 seconds, Stopping threads took: 0.0001132 seconds
2024-10-04T21:34:46.385+0300: 1.587: Application time: 0.3104980 seconds
2024-10-04T21:34:46.385+0300: 1.588: [GC (Allocation Failure) [PSYoungGen: 210920K->8640K(239104K)] 214641K->12368K(785408K), 0.0017744 secs] [Times: user=0.00 sys=0.00, real=0.00 secs] 
2024-10-04T21:34:46.385+0300: 1.589: Total time for which application threads were stopped: 0.0021093 seconds, Stopping threads took: 0.0001733 seconds
2024-10-04T21:34:46.683+0300: 1.889: Application time: 0.2997690 seconds
2024-10-04T21:34:46.683+0300: 1.889: [GC (Allocation Failure) [PSYoungGen: 213305K->6592K(239104K)] 217033K->10328K(785408K), 0.0013143 secs] [Times: user=0.00 sys=0.00, real=0.00 secs] 
2024-10-04T21:34:46.683+0300: 1.891: Total time for which application threads were stopped: 0.0016240 seconds, Stopping threads took: 0.0001649 seconds
2024-10-04T21:34:46.981+0300: 2.193: Application time: 0.3019928 seconds
2024-10-04T21:34:46.981+0300: 2.193: [GC (Allocation Failure) [PSYoungGen: 211561K->6624K(239104K)] 215298K->10360K(785408K), 0.0014622 secs] [Times: user=0.00 sys=0.00, real=0.00 secs] 
2024-10-04T21:34:46.981+0300: 2.195: Total time for which application threads were stopped: 0.0018503 seconds, Stopping threads took: 0.0001981 seconds
2024-10-04T21:34:47.311+0300: 2.518: Application time: 0.3234836 seconds
2024-10-04T21:34:47.311+0300: 2.518: [GC (Allocation Failure) [PSYoungGen: 211544K->5600K(262144K)] 215281K->9336K(808448K), 0.0017972 secs] [Times: user=0.00 sys=0.00, real=0.00 secs] 
2024-10-04T21:34:47.311+0300: 2.520: Total time for which application threads were stopped: 0.0021846 seconds, Stopping threads took: 0.0002184 seconds
2024-10-04T21:34:47.703+0300: 2.910: Application time: 0.3892334 seconds
2024-10-04T21:34:47.703+0300: 2.910: [GC (Allocation Failure) [PSYoungGen: 255912K->5408K(261632K)] 259648K->11392K(807936K), 0.0019104 secs] [Times: user=0.00 sys=0.00, real=0.00 secs] 
2024-10-04T21:34:47.703+0300: 2.912: Total time for which application threads were stopped: 0.0021888 seconds, Stopping threads took: 0.0001382 seconds
2024-10-04T21:34:48.080+0300: 3.288: Application time: 0.3763833 seconds
2024-10-04T21:34:48.080+0300: 3.288: [GC (Allocation Failure) [PSYoungGen: 255307K->5456K(263168K)] 261292K->11480K(809472K), 0.0012495 secs] [Times: user=0.00 sys=0.00, real=0.00 secs] 
2024-10-04T21:34:48.080+0300: 3.290: Total time for which application threads were stopped: 0.0015933 seconds, Stopping threads took: 0.0001524 seconds
2024-10-04T21:34:48.473+0300: 3.674: Application time: 0.3840377 seconds
2024-10-04T21:34:48.473+0300: 3.674: [GC (Allocation Failure) [PSYoungGen: 258384K->3392K(262656K)] 264408K->9440K(808960K), 0.0007608 secs] [Times: user=0.00 sys=0.00, real=0.00 secs] 
2024-10-04T21:34:48.473+0300: 3.675: Total time for which application threads were stopped: 0.0010446 seconds, Stopping threads took: 0.0001555 seconds
2024-10-04T21:34:48.850+0300: 4.052: Application time: 0.3769224 seconds
2024-10-04T21:34:48.850+0300: 4.052: [GC (Allocation Failure) [PSYoungGen: 256320K->4464K(263168K)] 262368K->10528K(809472K), 0.0009695 secs] [Times: user=0.00 sys=0.00, real=0.00 secs] 
2024-10-04T21:34:48.850+0300: 4.053: Total time for which application threads were stopped: 0.0012709 seconds, Stopping threads took: 0.0001477 seconds
2024-10-04T21:34:48.897+0300: 4.098: Application time: 0.0446834 seconds
2024-10-04T21:34:48.897+0300: 4.098: Total time for which application threads were stopped: 0.0003041 seconds, Stopping threads took: 0.0002163 seconds
2024-10-04T21:34:49.211+0300: 4.417: Application time: 0.3188503 seconds
2024-10-04T21:34:49.211+0300: 4.417: [GC (Allocation Failure) [PSYoungGen: 257093K->5424K(263168K)] 263157K->11504K(809472K), 0.0014066 secs] [Times: user=0.00 sys=0.00, real=0.00 secs] 
2024-10-04T21:34:49.211+0300: 4.419: Total time for which application threads were stopped: 0.0017808 seconds, Stopping threads took: 0.0001951 seconds
2024-10-04T21:34:49.574+0300: 4.779: Application time: 0.3604097 seconds
2024-10-04T21:34:49.574+0300: 4.779: [GC (Allocation Failure) [PSYoungGen: 257950K->5344K(264192K)] 264031K->11464K(810496K), 0.0012790 secs] [Times: user=0.00 sys=0.00, real=0.00 secs] 
2024-10-04T21:34:49.574+0300: 4.781: Total time for which application threads were stopped: 0.0016158 seconds, Stopping threads took: 0.0001757 seconds
2024-10-04T21:34:49.948+0300: 5.162: Application time: 0.3810772 seconds
2024-10-04T21:34:49.948+0300: 5.162: [GC (Allocation Failure) [PSYoungGen: 259692K->4432K(263680K)] 265812K->10560K(809984K), 0.0010172 secs] [Times: user=0.00 sys=0.00, real=0.00 secs] 
2024-10-04T21:34:49.948+0300: 5.163: Total time for which application threads were stopped: 0.0013202 seconds, Stopping threads took: 0.0001536 seconds
2024-10-04T21:34:50.325+0300: 5.529: Application time: 0.3657696 seconds
2024-10-04T21:34:50.325+0300: 5.529: [GC (Allocation Failure) [PSYoungGen: 259147K->5440K(264192K)] 265276K->11576K(810496K), 0.0010669 secs] [Times: user=0.00 sys=0.00, real=0.00 secs] 
2024-10-04T21:34:50.325+0300: 5.530: Total time for which application threads were stopped: 0.0014645 seconds, Stopping threads took: 0.0002081 seconds
2024-10-04T21:34:50.686+0300: 5.898: Application time: 0.3674131 seconds
2024-10-04T21:34:50.686+0300: 5.898: [GC (Allocation Failure) [PSYoungGen: 260078K->5424K(264192K)] 266215K->11568K(810496K), 0.0011270 secs] [Times: user=0.00 sys=0.00, real=0.00 secs] 
2024-10-04T21:34:50.686+0300: 5.899: Total time for which application threads were stopped: 0.0014715 seconds, Stopping threads took: 0.0001908 seconds
2024-10-04T21:34:51.062+0300: 6.269: Application time: 0.3702091 seconds
2024-10-04T21:34:51.062+0300: 6.270: [GC (Allocation Failure) [PSYoungGen: 260912K->4416K(264704K)] 267056K->10568K(811008K), 0.0010581 secs] [Times: user=0.00 sys=0.00, real=0.00 secs] 
2024-10-04T21:34:51.062+0300: 6.271: Total time for which application threads were stopped: 0.0013464 seconds, Stopping threads took: 0.0001477 seconds
2024-10-04T21:34:51.423+0300: 6.637: Application time: 0.3662536 seconds
2024-10-04T21:34:51.423+0300: 6.637: [GC (Allocation Failure) [PSYoungGen: 260928K->4416K(264704K)] 267080K->10576K(811008K), 0.0011118 secs] [Times: user=0.00 sys=0.00, real=0.00 secs] 
2024-10-04T21:34:51.423+0300: 6.638: Total time for which application threads were stopped: 0.0013695 seconds, Stopping threads took: 0.0000882 seconds
2024-10-04T21:34:51.800+0300: 7.013: Application time: 0.3749341 seconds
2024-10-04T21:34:51.800+0300: 7.014: [GC (Allocation Failure) [PSYoungGen: 260750K->3424K(264704K)] 266911K->9600K(811008K), 0.0008804 secs] [Times: user=0.00 sys=0.00, real=0.00 secs] 
2024-10-04T21:34:51.800+0300: 7.015: Total time for which application threads were stopped: 0.0012282 seconds, Stopping threads took: 0.0002150 seconds
2024-10-04T21:34:52.179+0300: 7.382: Application time: 0.3676604 seconds
2024-10-04T21:34:52.179+0300: 7.382: [GC (Allocation Failure) [PSYoungGen: 259655K->5408K(264704K)] 265831K->11600K(811008K), 0.0011784 secs] [Times: user=0.00 sys=0.00, real=0.00 secs] 
2024-10-04T21:34:52.179+0300: 7.384: Total time for which application threads were stopped: 0.0014736 seconds, Stopping threads took: 0.0001703 seconds
2024-10-04T21:34:52.537+0300: 7.746: Application time: 0.3620706 seconds
2024-10-04T21:34:52.537+0300: 7.746: [GC (Allocation Failure) [PSYoungGen: 261119K->5408K(265216K)] 267311K->11624K(811520K), 0.0012496 secs] [Times: user=0.00 sys=0.00, real=0.00 secs] 
2024-10-04T21:34:52.537+0300: 7.747: Total time for which application threads were stopped: 0.0015957 seconds, Stopping threads took: 0.0001889 seconds
2024-10-04T21:34:52.914+0300: 8.117: Application time: 0.3701261 seconds
2024-10-04T21:34:52.914+0300: 8.118: [GC (Allocation Failure) [PSYoungGen: 261976K->2400K(260096K)] 268192K->8624K(806400K), 0.0006761 secs] [Times: user=0.00 sys=0.00, real=0.00 secs] 
2024-10-04T21:34:52.914+0300: 8.118: Total time for which application threads were stopped: 0.0009226 seconds, Stopping threads took: 0.0001399 seconds
2024-10-04T21:34:53.281+0300: 8.491: Application time: 0.3721152 seconds
2024-10-04T21:34:53.281+0300: 8.491: [GC (Allocation Failure) [PSYoungGen: 259936K->5392K(265216K)] 266160K->11664K(811520K), 0.0013141 secs] [Times: user=0.00 sys=0.02, real=0.01 secs] 
2024-10-04T21:34:53.291+0300: 8.492: Total time for which application threads were stopped: 0.0016357 seconds, Stopping threads took: 0.0001431 seconds
2024-10-04T21:34:53.652+0300: 8.853: Application time: 0.3611074 seconds
2024-10-04T21:34:53.652+0300: 8.853: [GC (Allocation Failure) [PSYoungGen: 262211K->5312K(264704K)] 268484K->11656K(811008K), 0.0013133 secs] [Times: user=0.00 sys=0.00, real=0.00 secs] 
2024-10-04T21:34:53.652+0300: 8.855: Total time for which application threads were stopped: 0.0015630 seconds, Stopping threads took: 0.0000899 seconds
2024-10-04T21:34:54.013+0300: 9.227: Application time: 0.3717163 seconds
2024-10-04T21:34:54.013+0300: 9.227: [GC (Allocation Failure) [PSYoungGen: 262157K->3360K(265216K)] 268502K->9712K(811520K), 0.0010437 secs] [Times: user=0.00 sys=0.00, real=0.00 secs] 
2024-10-04T21:34:54.013+0300: 9.228: Total time for which application threads were stopped: 0.0013302 seconds, Stopping threads took: 0.0001375 seconds
2024-10-04T21:34:54.389+0300: 9.600: Application time: 0.3718088 seconds
2024-10-04T21:34:54.389+0300: 9.600: [GC (Allocation Failure) [PSYoungGen: 260896K->5360K(265216K)] 267248K->11760K(811520K), 0.0012709 secs] [Times: user=0.00 sys=0.00, real=0.00 secs] 
2024-10-04T21:34:54.389+0300: 9.601: Total time for which application threads were stopped: 0.0015870 seconds, Stopping threads took: 0.0001687 seconds
2024-10-04T21:34:54.750+0300: 9.965: Application time: 0.3636732 seconds
2024-10-04T21:34:54.750+0300: 9.965: [GC (Allocation Failure) [PSYoungGen: 262238K->5392K(265216K)] 268639K->11832K(811520K), 0.0010450 secs] [Times: user=0.00 sys=0.00, real=0.00 secs] 
2024-10-04T21:34:54.750+0300: 9.966: Total time for which application threads were stopped: 0.0013386 seconds, Stopping threads took: 0.0001667 seconds
2024-10-04T21:34:55.127+0300: 10.338: Application time: 0.3716625 seconds
2024-10-04T21:34:55.127+0300: 10.338: [GC (Allocation Failure) [PSYoungGen: 261958K->4384K(265216K)] 268399K->10864K(811520K), 0.0010726 secs] [Times: user=0.00 sys=0.00, real=0.00 secs] 
2024-10-04T21:34:55.127+0300: 10.339: Total time for which application threads were stopped: 0.0015425 seconds, Stopping threads took: 0.0002868 seconds
2024-10-04T21:34:55.488+0300: 10.704: Application time: 0.3645191 seconds
2024-10-04T21:34:55.488+0300: 10.704: [GC (Allocation Failure) [PSYoungGen: 261167K->4448K(265728K)] 267648K->10936K(812032K), 0.0011580 secs] [Times: user=0.02 sys=0.00, real=0.02 secs] 
2024-10-04T21:34:55.504+0300: 10.705: Total time for which application threads were stopped: 0.0014566 seconds, Stopping threads took: 0.0001488 seconds
2024-10-04T21:34:55.864+0300: 11.068: Application time: 0.3628834 seconds
2024-10-04T21:34:55.864+0300: 11.069: [GC (Allocation Failure) [PSYoungGen: 262427K->5440K(265216K)] 268916K->11944K(811520K), 0.0010854 secs] [Times: user=0.00 sys=0.00, real=0.00 secs] 
2024-10-04T21:34:55.864+0300: 11.070: Total time for which application threads were stopped: 0.0014070 seconds, Stopping threads took: 0.0001901 seconds
2024-10-04T21:34:56.241+0300: 11.446: Application time: 0.3765442 seconds
2024-10-04T21:34:56.241+0300: 11.447: [GC (Allocation Failure) [PSYoungGen: 263488K->4480K(265728K)] 269992K->10992K(812032K), 0.0010108 secs] [Times: user=0.00 sys=0.00, real=0.00 secs] 
2024-10-04T21:34:56.241+0300: 11.448: Total time for which application threads were stopped: 0.0013937 seconds, Stopping threads took: 0.0002228 seconds
2024-10-04T21:34:56.602+0300: 11.811: Application time: 0.3627963 seconds
2024-10-04T21:34:56.602+0300: 11.811: [GC (Allocation Failure) [PSYoungGen: 262223K->5440K(265728K)] 268736K->11968K(812032K), 0.0010200 secs] [Times: user=0.00 sys=0.00, real=0.00 secs] 
2024-10-04T21:34:56.602+0300: 11.812: Total time for which application threads were stopped: 0.0012819 seconds, Stopping threads took: 0.0001242 seconds
2024-10-04T21:34:56.963+0300: 12.179: Application time: 0.3670270 seconds
2024-10-04T21:34:56.978+0300: 12.179: [GC (Allocation Failure) [PSYoungGen: 263456K->4448K(265728K)] 269985K->10984K(812032K), 0.0009716 secs] [Times: user=0.00 sys=0.00, real=0.00 secs] 
2024-10-04T21:34:56.978+0300: 12.180: Total time for which application threads were stopped: 0.0014002 seconds, Stopping threads took: 0.0002559 seconds
2024-10-04T21:34:57.339+0300: 12.555: Application time: 0.3745641 seconds
2024-10-04T21:34:57.339+0300: 12.555: [GC (Allocation Failure) [PSYoungGen: 263008K->4384K(265728K)] 269544K->10928K(812032K), 0.0010570 secs] [Times: user=0.00 sys=0.00, real=0.02 secs] 
2024-10-04T21:34:57.355+0300: 12.556: Total time for which application threads were stopped: 0.0013282 seconds, Stopping threads took: 0.0000940 seconds
2024-10-04T21:34:57.716+0300: 12.929: Application time: 0.3731193 seconds
2024-10-04T21:34:57.716+0300: 12.929: [GC (Allocation Failure) [PSYoungGen: 262096K->4464K(266240K)] 268641K->11016K(812544K), 0.0009092 secs] [Times: user=0.00 sys=0.00, real=0.00 secs] 
2024-10-04T21:34:57.716+0300: 12.930: Total time for which application threads were stopped: 0.0012158 seconds, Stopping threads took: 0.0001656 seconds
2024-10-04T21:34:58.093+0300: 13.303: Application time: 0.3726479 seconds
2024-10-04T21:34:58.093+0300: 13.303: [GC (Allocation Failure) [PSYoungGen: 263374K->4464K(265728K)] 269926K->11024K(812032K), 0.0009933 secs] [Times: user=0.00 sys=0.00, real=0.00 secs] 
2024-10-04T21:34:58.093+0300: 13.304: Total time for which application threads were stopped: 0.0013024 seconds, Stopping threads took: 0.0001657 seconds
2024-10-04T21:34:58.469+0300: 13.671: Application time: 0.3662041 seconds
2024-10-04T21:34:58.469+0300: 13.671: [GC (Allocation Failure) [PSYoungGen: 263158K->4448K(266240K)] 269719K->11016K(812544K), 0.0009839 secs] [Times: user=0.00 sys=0.00, real=0.00 secs] 
2024-10-04T21:34:58.469+0300: 13.672: Total time for which application threads were stopped: 0.0012804 seconds, Stopping threads took: 0.0001535 seconds
2024-10-04T21:34:58.830+0300: 14.041: Application time: 0.3690381 seconds
2024-10-04T21:34:58.830+0300: 14.041: [GC (Allocation Failure) [PSYoungGen: 263397K->4384K(266240K)] 269966K->11008K(812544K), 0.0009597 secs] [Times: user=0.00 sys=0.00, real=0.00 secs] 
2024-10-04T21:34:58.830+0300: 14.042: Total time for which application threads were stopped: 0.0012519 seconds, Stopping threads took: 0.0001650 seconds
2024-10-04T21:34:59.207+0300: 14.416: Application time: 0.3740003 seconds
2024-10-04T21:34:59.207+0300: 14.416: [GC (Allocation Failure) [PSYoungGen: 263968K->3376K(266240K)] 270592K->10048K(812544K), 0.0008096 secs] [Times: user=0.00 sys=0.00, real=0.00 secs] 
2024-10-04T21:34:59.207+0300: 14.417: Total time for which application threads were stopped: 0.0010976 seconds, Stopping threads took: 0.0001617 seconds
2024-10-04T21:34:59.568+0300: 14.784: Application time: 0.3664115 seconds
2024-10-04T21:34:59.583+0300: 14.784: [GC (Allocation Failure) [PSYoungGen: 262960K->4480K(266240K)] 269632K->11160K(812544K), 0.0008820 secs] [Times: user=0.00 sys=0.00, real=0.00 secs] 
2024-10-04T21:34:59.583+0300: 14.785: Total time for which application threads were stopped: 0.0012795 seconds, Stopping threads took: 0.0002387 seconds
2024-10-04T21:34:59.960+0300: 15.171: Application time: 0.3863662 seconds
2024-10-04T21:34:59.960+0300: 15.172: [GC (Allocation Failure) [PSYoungGen: 263423K->2368K(265728K)] 270104K->9104K(812032K), 0.0007081 secs] [Times: user=0.00 sys=0.00, real=0.00 secs] 
2024-10-04T21:34:59.960+0300: 15.172: Total time for which application threads were stopped: 0.0010395 seconds, Stopping threads took: 0.0002000 seconds
2024-10-04T21:35:00.352+0300: 15.553: Application time: 0.3810200 seconds
2024-10-04T21:35:00.352+0300: 15.554: [GC (Allocation Failure) [PSYoungGen: 261422K->5376K(266240K)] 268159K->12185K(812544K), 0.0010947 secs] [Times: user=0.00 sys=0.00, real=0.00 secs] 
2024-10-04T21:35:00.352+0300: 15.555: Total time for which application threads were stopped: 0.0013987 seconds, Stopping threads took: 0.0001714 seconds
2024-10-04T21:35:00.713+0300: 15.925: Application time: 0.3704636 seconds
2024-10-04T21:35:00.713+0300: 15.926: [GC (Allocation Failure) [PSYoungGen: 264342K->3440K(266240K)] 271151K->10265K(812544K), 0.0008488 secs] [Times: user=0.00 sys=0.00, real=0.00 secs] 
2024-10-04T21:35:00.713+0300: 15.926: Total time for which application threads were stopped: 0.0011855 seconds, Stopping threads took: 0.0001973 seconds
2024-10-04T21:35:01.106+0300: 16.321: Application time: 0.3949220 seconds
2024-10-04T21:35:01.106+0300: 16.322: Total time for which application threads were stopped: 0.0003034 seconds, Stopping threads took: 0.0002745 seconds
2024-10-04T21:35:01.294+0300: 16.498: Application time: 0.1758855 seconds
2024-10-04T21:35:01.294+0300: 16.498: [GC (Allocation Failure) [PSYoungGen: 262002K->5472K(265216K)] 268827K->12313K(811520K), 0.0010794 secs] [Times: user=0.00 sys=0.00, real=0.00 secs] 
2024-10-04T21:35:01.297+0300: 16.499: Total time for which application threads were stopped: 0.0013663 seconds, Stopping threads took: 0.0001428 seconds
2024-10-04T21:35:01.655+0300: 16.863: Application time: 0.3639871 seconds
2024-10-04T21:35:01.655+0300: 16.863: [GC (Allocation Failure) [PSYoungGen: 264071K->3408K(266240K)] 270912K->10296K(812544K), 0.0008391 secs] [Times: user=0.00 sys=0.00, real=0.00 secs] 
2024-10-04T21:35:01.655+0300: 16.864: Total time for which application threads were stopped: 0.0011343 seconds, Stopping threads took: 0.0001721 seconds
2024-10-04T21:35:02.016+0300: 17.224: Application time: 0.3595610 seconds
2024-10-04T21:35:02.016+0300: 17.224: [GC (Allocation Failure) [PSYoungGen: 261551K->5376K(265728K)] 268439K->12289K(812032K), 0.0013109 secs] [Times: user=0.00 sys=0.00, real=0.00 secs] 
2024-10-04T21:35:02.016+0300: 17.225: Total time for which application threads were stopped: 0.0016549 seconds, Stopping threads took: 0.0001727 seconds
2024-10-04T21:35:02.393+0300: 17.596: Application time: 0.3709263 seconds
2024-10-04T21:35:02.393+0300: 17.596: [GC (Allocation Failure) [PSYoungGen: 263551K->4480K(266240K)] 270463K->11400K(812544K), 0.0009334 secs] [Times: user=0.00 sys=0.00, real=0.00 secs] 
2024-10-04T21:35:02.393+0300: 17.597: Total time for which application threads were stopped: 0.0012358 seconds, Stopping threads took: 0.0001709 seconds
2024-10-04T21:35:02.754+0300: 17.964: Application time: 0.3660573 seconds
2024-10-04T21:35:02.754+0300: 17.964: [GC (Allocation Failure) [PSYoungGen: 263004K->4480K(265728K)] 269924K->11408K(812032K), 0.0010080 secs] [Times: user=0.00 sys=0.00, real=0.00 secs] 
2024-10-04T21:35:02.754+0300: 17.965: Total time for which application threads were stopped: 0.0013168 seconds, Stopping threads took: 0.0001400 seconds
2024-10-04T21:35:03.130+0300: 18.337: Application time: 0.3716868 seconds
2024-10-04T21:35:03.130+0300: 18.337: [GC (Allocation Failure) [PSYoungGen: 263552K->5408K(266240K)] 270480K->12353K(812544K), 0.0012895 secs] [Times: user=0.00 sys=0.00, real=0.00 secs] 
2024-10-04T21:35:03.130+0300: 18.338: Total time for which application threads were stopped: 0.0015943 seconds, Stopping threads took: 0.0001117 seconds
2024-10-04T21:35:03.502+0300: 18.707: Application time: 0.3688604 seconds
2024-10-04T21:35:03.502+0300: 18.707: [GC (Allocation Failure) [PSYoungGen: 264992K->5472K(265216K)] 271937K->12425K(811520K), 0.0013084 secs] [Times: user=0.00 sys=0.00, real=0.00 secs] 
2024-10-04T21:35:03.507+0300: 18.709: Total time for which application threads were stopped: 0.0016209 seconds, Stopping threads took: 0.0001675 seconds
2024-10-04T21:35:03.867+0300: 19.078: Application time: 0.3689231 seconds
2024-10-04T21:35:03.867+0300: 19.078: [GC (Allocation Failure) [PSYoungGen: 264709K->2400K(265728K)] 271661K->9361K(812032K), 0.0007534 secs] [Times: user=0.00 sys=0.00, real=0.00 secs] 
2024-10-04T21:35:03.867+0300: 19.079: Total time for which application threads were stopped: 0.0010126 seconds, Stopping threads took: 0.0001001 seconds
2024-10-04T21:35:04.244+0300: 19.449: Application time: 0.3702266 seconds
2024-10-04T21:35:04.244+0300: 19.449: [GC (Allocation Failure) [PSYoungGen: 260013K->5280K(265728K)] 266974K->12413K(812032K), 0.0012596 secs] [Times: user=0.00 sys=0.00, real=0.00 secs] 
2024-10-04T21:35:04.244+0300: 19.450: Total time for which application threads were stopped: 0.0016402 seconds, Stopping threads took: 0.0002220 seconds
2024-10-04T21:35:04.605+0300: 19.818: Application time: 0.3678028 seconds
2024-10-04T21:35:04.605+0300: 19.818: [GC (Allocation Failure) [PSYoungGen: 263840K->4448K(265728K)] 270973K->11621K(812032K), 0.0010062 secs] [Times: user=0.00 sys=0.00, real=0.00 secs] 
2024-10-04T21:35:04.605+0300: 19.820: Total time for which application threads were stopped: 0.0013042 seconds, Stopping threads took: 0.0001516 seconds
2024-10-04T21:35:04.982+0300: 20.187: Application time: 0.3672147 seconds
2024-10-04T21:35:04.982+0300: 20.187: [GC (Allocation Failure) [PSYoungGen: 262414K->4448K(265728K)] 269587K->11629K(812032K), 0.0010074 secs] [Times: user=0.00 sys=0.00, real=0.00 secs] 
2024-10-04T21:35:04.982+0300: 20.188: Total time for which application threads were stopped: 0.0013218 seconds, Stopping threads took: 0.0001732 seconds
2024-10-04T21:35:05.361+0300: 20.562: Application time: 0.3738121 seconds
2024-10-04T21:35:05.361+0300: 20.562: [GC (Allocation Failure) [PSYoungGen: 262047K->4416K(266240K)] 269228K->11613K(812544K), 0.0010695 secs] [Times: user=0.00 sys=0.00, real=0.00 secs] 
2024-10-04T21:35:05.362+0300: 20.563: Total time for which application threads were stopped: 0.0013625 seconds, Stopping threads took: 0.0001232 seconds
2024-10-04T21:35:05.720+0300: 20.929: Application time: 0.3655239 seconds
2024-10-04T21:35:05.720+0300: 20.929: [GC (Allocation Failure) [PSYoungGen: 263243K->5408K(266240K)] 270440K->12613K(812544K), 0.0011086 secs] [Times: user=0.00 sys=0.00, real=0.00 secs] 
2024-10-04T21:35:05.720+0300: 20.930: Total time for which application threads were stopped: 0.0014119 seconds, Stopping threads took: 0.0001610 seconds
2024-10-04T21:35:06.096+0300: 21.303: Application time: 0.3730471 seconds
2024-10-04T21:35:06.096+0300: 21.304: [GC (Allocation Failure) [PSYoungGen: 264379K->5424K(266240K)] 271584K->12637K(812544K), 0.0011953 secs] [Times: user=0.00 sys=0.00, real=0.00 secs] 
2024-10-04T21:35:06.096+0300: 21.305: Total time for which application threads were stopped: 0.0015502 seconds, Stopping threads took: 0.0001586 seconds
2024-10-04T21:35:06.457+0300: 21.672: Application time: 0.3672816 seconds
2024-10-04T21:35:06.457+0300: 21.672: [GC (Allocation Failure) [PSYoungGen: 264201K->5408K(265216K)] 271414K->12629K(811520K), 0.0018090 secs] [Times: user=0.02 sys=0.00, real=0.02 secs] 
2024-10-04T21:35:06.473+0300: 21.674: Total time for which application threads were stopped: 0.0021736 seconds, Stopping threads took: 0.0002207 seconds
2024-10-04T21:35:06.834+0300: 22.041: Application time: 0.3667714 seconds
2024-10-04T21:35:06.834+0300: 22.041: [GC (Allocation Failure) [PSYoungGen: 264992K->4480K(266240K)] 272213K->11709K(812544K), 0.0009373 secs] [Times: user=0.00 sys=0.00, real=0.00 secs] 
2024-10-04T21:35:06.834+0300: 22.042: Total time for which application threads were stopped: 0.0012374 seconds, Stopping threads took: 0.0001638 seconds
2024-10-04T21:35:07.211+0300: 22.419: Application time: 0.3770449 seconds
2024-10-04T21:35:07.211+0300: 22.420: [GC (Allocation Failure) [PSYoungGen: 263336K->4448K(265728K)] 270565K->11685K(812032K), 0.0009618 secs] [Times: user=0.00 sys=0.00, real=0.00 secs] 
2024-10-04T21:35:07.211+0300: 22.421: Total time for which application threads were stopped: 0.0012855 seconds, Stopping threads took: 0.0001744 seconds
2024-10-04T21:35:07.572+0300: 22.783: Application time: 0.3623989 seconds
2024-10-04T21:35:07.572+0300: 22.783: [GC (Allocation Failure) [PSYoungGen: 263168K->5456K(266240K)] 270405K->12701K(812544K), 0.0010562 secs] [Times: user=0.00 sys=0.00, real=0.00 secs] 
2024-10-04T21:35:07.572+0300: 22.784: Total time for which application threads were stopped: 0.0014042 seconds, Stopping threads took: 0.0002043 seconds
2024-10-04T21:35:07.949+0300: 23.151: Application time: 0.3664183 seconds
2024-10-04T21:35:07.949+0300: 23.151: [GC (Allocation Failure) [PSYoungGen: 264275K->5472K(266240K)] 271520K->12733K(812544K), 0.0010399 secs] [Times: user=0.00 sys=0.00, real=0.00 secs] 
2024-10-04T21:35:07.949+0300: 23.152: Total time for which application threads were stopped: 0.0013892 seconds, Stopping threads took: 0.0002080 seconds
2024-10-04T21:35:08.325+0300: 23.529: Application time: 0.3765329 seconds
2024-10-04T21:35:08.325+0300: 23.529: [GC (Allocation Failure) [PSYoungGen: 264451K->3424K(266240K)] 271712K->10693K(812544K), 0.0008029 secs] [Times: user=0.00 sys=0.00, real=0.00 secs] 
2024-10-04T21:35:08.325+0300: 23.530: Total time for which application threads were stopped: 0.0010947 seconds, Stopping threads took: 0.0001654 seconds
2024-10-04T21:35:08.686+0300: 23.894: Application time: 0.3644640 seconds
2024-10-04T21:35:08.686+0300: 23.895: [GC (Allocation Failure) [PSYoungGen: 262329K->4480K(266240K)] 269598K->11757K(812544K), 0.0009391 secs] [Times: user=0.00 sys=0.00, real=0.00 secs] 
2024-10-04T21:35:08.686+0300: 23.896: Total time for which application threads were stopped: 0.0012712 seconds, Stopping threads took: 0.0001858 seconds
2024-10-04T21:35:09.063+0300: 24.266: Application time: 0.3703261 seconds
2024-10-04T21:35:09.063+0300: 24.266: [GC (Allocation Failure) [PSYoungGen: 263257K->5408K(266240K)] 270534K->12693K(812544K), 0.0011584 secs] [Times: user=0.00 sys=0.00, real=0.00 secs] 
2024-10-04T21:35:09.063+0300: 24.267: Total time for which application threads were stopped: 0.0015329 seconds, Stopping threads took: 0.0002262 seconds
2024-10-04T21:35:09.424+0300: 24.638: Application time: 0.3708995 seconds
2024-10-04T21:35:09.424+0300: 24.639: [GC (Allocation Failure) [PSYoungGen: 264992K->4480K(266240K)] 272277K->11773K(812544K), 0.0010531 secs] [Times: user=0.00 sys=0.00, real=0.00 secs] 
2024-10-04T21:35:09.424+0300: 24.640: Total time for which application threads were stopped: 0.0014126 seconds, Stopping threads took: 0.0001930 seconds
2024-10-04T21:35:09.801+0300: 25.010: Application time: 0.3701882 seconds
2024-10-04T21:35:09.801+0300: 25.010: [GC (Allocation Failure) [PSYoungGen: 264064K->2400K(265216K)] 271357K->9709K(811520K), 0.0006589 secs] [Times: user=0.00 sys=0.00, real=0.00 secs] 
2024-10-04T21:35:09.801+0300: 25.011: Total time for which application threads were stopped: 0.0009291 seconds, Stopping threads took: 0.0001616 seconds
2024-10-04T21:35:10.178+0300: 25.385: Application time: 0.3737289 seconds
2024-10-04T21:35:10.178+0300: 25.385: [GC (Allocation Failure) [PSYoungGen: 260184K->4416K(265728K)] 267493K->11793K(812032K), 0.0009037 secs] [Times: user=0.00 sys=0.00, real=0.00 secs] 
2024-10-04T21:35:10.178+0300: 25.386: Total time for which application threads were stopped: 0.0011797 seconds, Stopping threads took: 0.0001284 seconds
2024-10-04T21:35:10.539+0300: 25.753: Application time: 0.3668958 seconds
2024-10-04T21:35:10.539+0300: 25.753: [GC (Allocation Failure) [PSYoungGen: 262427K->5376K(266240K)] 269804K->12853K(812544K), 0.0012491 secs] [Times: user=0.00 sys=0.00, real=0.00 secs] 
2024-10-04T21:35:10.539+0300: 25.754: Total time for which application threads were stopped: 0.0015937 seconds, Stopping threads took: 0.0001824 seconds
2024-10-04T21:35:10.914+0300: 26.117: Application time: 0.3624070 seconds
2024-10-04T21:35:10.914+0300: 26.117: [GC (Allocation Failure) [PSYoungGen: 264061K->5408K(265216K)] 271539K->12925K(811520K), 0.0012104 secs] [Times: user=0.00 sys=0.00, real=0.00 secs] 
2024-10-04T21:35:10.918+0300: 26.118: Total time for which application threads were stopped: 0.0014825 seconds, Stopping threads took: 0.0000947 seconds
2024-10-04T21:35:11.292+0300: 26.493: Application time: 0.3748635 seconds
2024-10-04T21:35:11.292+0300: 26.493: [GC (Allocation Failure) [PSYoungGen: 264662K->5424K(265728K)] 272179K->12957K(812032K), 0.0012049 secs] [Times: user=0.00 sys=0.00, real=0.00 secs] 
2024-10-04T21:35:11.292+0300: 26.495: Total time for which application threads were stopped: 0.0015329 seconds, Stopping threads took: 0.0001854 seconds
2024-10-04T21:35:11.653+0300: 26.864: Application time: 0.3690774 seconds
2024-10-04T21:35:11.653+0300: 26.864: [GC (Allocation Failure) [PSYoungGen: 263915K->3456K(265728K)] 271449K->11005K(812032K), 0.0009201 secs] [Times: user=0.00 sys=0.00, real=0.00 secs] 
2024-10-04T21:35:11.653+0300: 26.865: Total time for which application threads were stopped: 0.0013049 seconds, Stopping threads took: 0.0002107 seconds
2024-10-04T21:35:12.020+0300: 27.227: Application time: 0.3617752 seconds
2024-10-04T21:35:12.020+0300: 27.227: [GC (Allocation Failure) [PSYoungGen: 261461K->5424K(265728K)] 269010K->12989K(812032K), 0.0011537 secs] [Times: user=0.00 sys=0.00, real=0.00 secs] 
2024-10-04T21:35:12.020+0300: 27.228: Total time for which application threads were stopped: 0.0015066 seconds, Stopping threads took: 0.0001709 seconds
2024-10-04T21:35:12.391+0300: 27.606: Application time: 0.3781718 seconds
2024-10-04T21:35:12.391+0300: 27.607: [GC (Allocation Failure) [PSYoungGen: 263398K->4464K(265728K)] 270963K->12037K(812032K), 0.0010440 secs] [Times: user=0.01 sys=0.00, real=0.01 secs] 
2024-10-04T21:35:12.406+0300: 27.608: Total time for which application threads were stopped: 0.0013241 seconds, Stopping threads took: 0.0001009 seconds
2024-10-04T21:35:12.767+0300: 27.973: Application time: 0.3656612 seconds
2024-10-04T21:35:12.767+0300: 27.974: [GC (Allocation Failure) [PSYoungGen: 262800K->4480K(266240K)] 270374K->12061K(812544K), 0.0010957 secs] [Times: user=0.00 sys=0.00, real=0.00 secs] 
2024-10-04T21:35:12.767+0300: 27.975: Total time for which application threads were stopped: 0.0013577 seconds, Stopping threads took: 0.0001147 seconds
2024-10-04T21:35:13.144+0300: 28.345: Application time: 0.3702894 seconds
2024-10-04T21:35:13.144+0300: 28.345: [GC (Allocation Failure) [PSYoungGen: 262739K->5456K(265728K)] 270320K->13045K(812032K), 0.0012487 secs] [Times: user=0.00 sys=0.00, real=0.00 secs] 
2024-10-04T21:35:13.144+0300: 28.347: Total time for which application threads were stopped: 0.0016244 seconds, Stopping threads took: 0.0002182 seconds
2024-10-04T21:35:13.505+0300: 28.720: Application time: 0.3732095 seconds
2024-10-04T21:35:13.505+0300: 28.720: [GC (Allocation Failure) [PSYoungGen: 264528K->2336K(265216K)] 272117K->9933K(811520K), 0.0009363 secs] [Times: user=0.00 sys=0.00, real=0.01 secs] 
2024-10-04T21:35:13.520+0300: 28.721: Total time for which application threads were stopped: 0.0012866 seconds, Stopping threads took: 0.0001891 seconds
2024-10-04T21:35:13.866+0300: 29.081: Application time: 0.3601420 seconds
2024-10-04T21:35:13.866+0300: 29.082: [GC (Allocation Failure) [PSYoungGen: 259980K->5424K(265728K)] 267577K->13029K(812032K), 0.0012027 secs] [Times: user=0.01 sys=0.00, real=0.02 secs] 
2024-10-04T21:35:13.881+0300: 29.083: Total time for which application threads were stopped: 0.0015360 seconds, Stopping threads took: 0.0001850 seconds
2024-10-04T21:35:14.258+0300: 29.459: Application time: 0.3758421 seconds
2024-10-04T21:35:14.258+0300: 29.459: [GC (Allocation Failure) [PSYoungGen: 263590K->5376K(265728K)] 271195K->13005K(812032K), 0.0012861 secs] [Times: user=0.00 sys=0.00, real=0.00 secs] 
2024-10-04T21:35:14.258+0300: 29.460: Total time for which application threads were stopped: 0.0016636 seconds, Stopping threads took: 0.0002033 seconds
2024-10-04T21:35:14.625+0300: 29.828: Application time: 0.3671882 seconds
2024-10-04T21:35:14.625+0300: 29.828: [GC (Allocation Failure) [PSYoungGen: 263708K->4448K(265728K)] 271338K->12085K(812032K), 0.0009499 secs] [Times: user=0.00 sys=0.00, real=0.00 secs] 
2024-10-04T21:35:14.625+0300: 29.829: Total time for which application threads were stopped: 0.0012041 seconds, Stopping threads took: 0.0001250 seconds
2024-10-04T21:35:14.981+0300: 30.191: Application time: 0.3619024 seconds
2024-10-04T21:35:14.981+0300: 30.191: [GC (Allocation Failure) [PSYoungGen: 262464K->5408K(265728K)] 270101K->13061K(812032K), 0.0012841 secs] [Times: user=0.00 sys=0.00, real=0.00 secs] 
2024-10-04T21:35:14.981+0300: 30.192: Total time for which application threads were stopped: 0.0016734 seconds, Stopping threads took: 0.0002040 seconds
2024-10-04T21:35:15.373+0300: 30.583: Application time: 0.3905651 seconds
2024-10-04T21:35:15.373+0300: 30.583: [GC (Allocation Failure) [PSYoungGen: 263968K->4400K(265728K)] 271621K->12061K(812032K), 0.0010221 secs] [Times: user=0.00 sys=0.00, real=0.00 secs] 
2024-10-04T21:35:15.373+0300: 30.584: Total time for which application threads were stopped: 0.0013639 seconds, Stopping threads took: 0.0001839 seconds
2024-10-04T21:35:15.734+0300: 30.949: Application time: 0.3646295 seconds
2024-10-04T21:35:15.734+0300: 30.949: [GC (Allocation Failure) [PSYoungGen: 262960K->4464K(266240K)] 270621K->12133K(812544K), 0.0009165 secs] [Times: user=0.00 sys=0.00, real=0.00 secs] 
2024-10-04T21:35:15.734+0300: 30.950: Total time for which application threads were stopped: 0.0012315 seconds, Stopping threads took: 0.0001586 seconds
2024-10-04T21:35:16.128+0300: 31.339: Application time: 0.3884428 seconds
2024-10-04T21:35:16.128+0300: 31.339: [GC (Allocation Failure) [PSYoungGen: 262972K->4352K(265728K)] 270641K->12125K(812032K), 0.0013255 secs] [Times: user=0.00 sys=0.00, real=0.00 secs] 
2024-10-04T21:35:16.128+0300: 31.340: Total time for which application threads were stopped: 0.0016016 seconds, Stopping threads took: 0.0001245 seconds
2024-10-04T21:35:16.503+0300: 31.710: Application time: 0.3699423 seconds
2024-10-04T21:35:16.503+0300: 31.710: [GC (Allocation Failure) [PSYoungGen: 263260K->4448K(266240K)] 271033K->12229K(812544K), 0.0009998 secs] [Times: user=0.01 sys=0.00, real=0.00 secs] 
2024-10-04T21:35:16.503+0300: 31.712: Total time for which application threads were stopped: 0.0013406 seconds, Stopping threads took: 0.0001488 seconds
2024-10-04T21:35:16.880+0300: 32.082: Application time: 0.3705613 seconds
2024-10-04T21:35:16.880+0300: 32.082: [GC (Allocation Failure) [PSYoungGen: 263626K->4384K(266240K)] 271408K->12205K(812544K), 0.0009624 secs] [Times: user=0.00 sys=0.00, real=0.00 secs] 
2024-10-04T21:35:16.880+0300: 32.083: Total time for which application threads were stopped: 0.0012399 seconds, Stopping threads took: 0.0001209 seconds
2024-10-04T21:35:17.257+0300: 32.458: Application time: 0.3747563 seconds
2024-10-04T21:35:17.257+0300: 32.458: [GC (Allocation Failure) [PSYoungGen: 263968K->4448K(266752K)] 271789K->12309K(813056K), 0.0010782 secs] [Times: user=0.00 sys=0.00, real=0.00 secs] 
2024-10-04T21:35:17.257+0300: 32.460: Total time for which application threads were stopped: 0.0014256 seconds, Stopping threads took: 0.0001819 seconds
2024-10-04T21:35:17.617+0300: 32.828: Application time: 0.3685110 seconds
2024-10-04T21:35:17.617+0300: 32.828: [GC (Allocation Failure) [PSYoungGen: 264631K->5392K(266240K)] 272493K->13293K(812544K), 0.0011862 secs] [Times: user=0.00 sys=0.00, real=0.00 secs] 
2024-10-04T21:35:17.617+0300: 32.830: Total time for which application threads were stopped: 0.0015259 seconds, Stopping threads took: 0.0002057 seconds
2024-10-04T21:35:17.994+0300: 33.210: Application time: 0.3802294 seconds
2024-10-04T21:35:17.994+0300: 33.210: [GC (Allocation Failure) [PSYoungGen: 266000K->4416K(266752K)] 273901K->12341K(813056K), 0.0011770 secs] [Times: user=0.02 sys=0.00, real=0.02 secs] 
2024-10-04T21:35:18.010+0300: 33.211: Total time for which application threads were stopped: 0.0014481 seconds, Stopping threads took: 0.0001226 seconds
2024-10-04T21:35:18.386+0300: 33.590: Application time: 0.3785329 seconds
2024-10-04T21:35:18.386+0300: 33.590: [GC (Allocation Failure) [PSYoungGen: 263804K->5424K(266240K)] 271729K->13381K(812544K), 0.0012129 secs] [Times: user=0.00 sys=0.00, real=0.00 secs] 
2024-10-04T21:35:18.386+0300: 33.591: Total time for which application threads were stopped: 0.0015087 seconds, Stopping threads took: 0.0001511 seconds
2024-10-04T21:35:18.763+0300: 33.965: Application time: 0.3732506 seconds
2024-10-04T21:35:18.763+0300: 33.965: [GC (Allocation Failure) [PSYoungGen: 265111K->4448K(266752K)] 273069K->12413K(813056K), 0.0011206 secs] [Times: user=0.00 sys=0.00, real=0.00 secs] 
2024-10-04T21:35:18.763+0300: 33.966: Total time for which application threads were stopped: 0.0014119 seconds, Stopping threads took: 0.0001286 seconds
2024-10-04T21:35:19.139+0300: 34.345: Application time: 0.3786954 seconds
2024-10-04T21:35:19.139+0300: 34.345: [GC (Allocation Failure) [PSYoungGen: 264443K->5456K(266240K)] 272408K->13437K(812544K), 0.0011095 secs] [Times: user=0.00 sys=0.00, real=0.00 secs] 
2024-10-04T21:35:19.139+0300: 34.346: Total time for which application threads were stopped: 0.0013890 seconds, Stopping threads took: 0.0000881 seconds
2024-10-04T21:35:19.516+0300: 34.719: Application time: 0.3728177 seconds
2024-10-04T21:35:19.516+0300: 34.719: [GC (Allocation Failure) [PSYoungGen: 265334K->5392K(266240K)] 273316K->13397K(812544K), 0.0011911 secs] [Times: user=0.00 sys=0.00, real=0.00 secs] 
2024-10-04T21:35:19.516+0300: 34.720: Total time for which application threads were stopped: 0.0014874 seconds, Stopping threads took: 0.0001303 seconds
2024-10-04T21:35:19.877+0300: 35.088: Application time: 0.3678614 seconds
2024-10-04T21:35:19.877+0300: 35.089: [GC (Allocation Failure) [PSYoungGen: 264182K->4448K(266240K)] 272188K->12461K(812544K), 0.0010919 secs] [Times: user=0.00 sys=0.00, real=0.00 secs] 
2024-10-04T21:35:19.877+0300: 35.090: Total time for which application threads were stopped: 0.0014379 seconds, Stopping threads took: 0.0001800 seconds
2024-10-04T21:35:20.254+0300: 35.466: Application time: 0.3767945 seconds
2024-10-04T21:35:20.254+0300: 35.467: [GC (Allocation Failure) [PSYoungGen: 263564K->5424K(266240K)] 271578K->13453K(812544K), 0.0011976 secs] [Times: user=0.00 sys=0.00, real=0.00 secs] 
2024-10-04T21:35:20.254+0300: 35.468: Total time for which application threads were stopped: 0.0016647 seconds, Stopping threads took: 0.0002858 seconds
2024-10-04T21:35:20.637+0300: 35.838: Application time: 0.3693625 seconds
2024-10-04T21:35:20.637+0300: 35.838: [GC (Allocation Failure) [PSYoungGen: 265008K->5408K(266240K)] 273037K->13445K(812544K), 0.0013542 secs] [Times: user=0.00 sys=0.00, real=0.00 secs] 
2024-10-04T21:35:20.637+0300: 35.839: Total time for which application threads were stopped: 0.0016742 seconds, Stopping threads took: 0.0001582 seconds
2024-10-04T21:35:20.992+0300: 36.205: Application time: 0.3655178 seconds
2024-10-04T21:35:20.992+0300: 36.205: [GC (Allocation Failure) [PSYoungGen: 264557K->5424K(266240K)] 272594K->13469K(812544K), 0.0012698 secs] [Times: user=0.00 sys=0.00, real=0.00 secs] 
2024-10-04T21:35:20.992+0300: 36.206: Total time for which application threads were stopped: 0.0016168 seconds, Stopping threads took: 0.0002031 seconds
2024-10-04T21:35:21.384+0300: 36.585: Application time: 0.3785534 seconds
2024-10-04T21:35:21.384+0300: 36.585: [GC (Allocation Failure) [PSYoungGen: 265008K->2368K(262144K)] 273053K->10421K(808448K), 0.0009294 secs] [Times: user=0.00 sys=0.00, real=0.00 secs] 
2024-10-04T21:35:21.384+0300: 36.586: Total time for which application threads were stopped: 0.0013311 seconds, Stopping threads took: 0.0002347 seconds
2024-10-04T21:35:21.745+0300: 36.951: Application time: 0.3645097 seconds
2024-10-04T21:35:21.745+0300: 36.951: [GC (Allocation Failure) [PSYoungGen: 261286K->5456K(265728K)] 269339K->13525K(812032K), 0.0012141 secs] [Times: user=0.00 sys=0.00, real=0.00 secs] 
2024-10-04T21:35:21.745+0300: 36.952: Total time for which application threads were stopped: 0.0015508 seconds, Stopping threads took: 0.0001482 seconds
2024-10-04T21:35:22.121+0300: 37.322: Application time: 0.3701979 seconds
2024-10-04T21:35:22.121+0300: 37.323: [GC (Allocation Failure) [PSYoungGen: 263278K->5376K(265728K)] 271347K->13517K(812032K), 0.0011498 secs] [Times: user=0.00 sys=0.00, real=0.00 secs] 
2024-10-04T21:35:22.121+0300: 37.324: Total time for which application threads were stopped: 0.0015866 seconds, Stopping threads took: 0.0002924 seconds
2024-10-04T21:35:22.483+0300: 37.692: Application time: 0.3683607 seconds
2024-10-04T21:35:22.483+0300: 37.693: [GC (Allocation Failure) [PSYoungGen: 263241K->4416K(265728K)] 271382K->12597K(812032K), 0.0010513 secs] [Times: user=0.00 sys=0.00, real=0.00 secs] 
2024-10-04T21:35:22.483+0300: 37.694: Total time for which application threads were stopped: 0.0013844 seconds, Stopping threads took: 0.0001754 seconds
2024-10-04T21:35:22.844+0300: 38.058: Application time: 0.3643205 seconds
2024-10-04T21:35:22.844+0300: 38.058: [GC (Allocation Failure) [PSYoungGen: 262258K->5424K(265728K)] 270439K->13613K(812032K), 0.0011957 secs] [Times: user=0.00 sys=0.00, real=0.00 secs] 
2024-10-04T21:35:22.844+0300: 38.060: Total time for which application threads were stopped: 0.0015437 seconds, Stopping threads took: 0.0001722 seconds
2024-10-04T21:35:23.220+0300: 38.433: Application time: 0.3728236 seconds
2024-10-04T21:35:23.220+0300: 38.433: [GC (Allocation Failure) [PSYoungGen: 263261K->4432K(266240K)] 271450K->12661K(812544K), 0.0011289 secs] [Times: user=0.00 sys=0.00, real=0.00 secs] 
2024-10-04T21:35:23.220+0300: 38.434: Total time for which application threads were stopped: 0.0014644 seconds, Stopping threads took: 0.0001278 seconds
2024-10-04T21:35:23.597+0300: 38.798: Application time: 0.3645012 seconds
2024-10-04T21:35:23.597+0300: 38.799: [GC (Allocation Failure) [PSYoungGen: 263214K->4416K(265728K)] 271444K->12685K(812032K), 0.0008954 secs] [Times: user=0.00 sys=0.00, real=0.00 secs] 
2024-10-04T21:35:23.597+0300: 38.800: Total time for which application threads were stopped: 0.0012015 seconds, Stopping threads took: 0.0001447 seconds
2024-10-04T21:35:23.958+0300: 39.168: Application time: 0.3686248 seconds
2024-10-04T21:35:23.958+0300: 39.169: [GC (Allocation Failure) [PSYoungGen: 263488K->4448K(266240K)] 271757K->12757K(812544K), 0.0009693 secs] [Times: user=0.00 sys=0.00, real=0.00 secs] 
2024-10-04T21:35:23.958+0300: 39.170: Total time for which application threads were stopped: 0.0013402 seconds, Stopping threads took: 0.0001835 seconds
2024-10-04T21:35:24.335+0300: 39.543: Application time: 0.3730303 seconds
2024-10-04T21:35:24.335+0300: 39.543: [GC (Allocation Failure) [PSYoungGen: 263417K->4384K(266240K)] 271727K->12717K(812544K), 0.0011737 secs] [Times: user=0.00 sys=0.00, real=0.00 secs] 
2024-10-04T21:35:24.335+0300: 39.544: Total time for which application threads were stopped: 0.0014652 seconds, Stopping threads took: 0.0001225 seconds
2024-10-04T21:35:24.711+0300: 39.913: Application time: 0.3683342 seconds
2024-10-04T21:35:24.711+0300: 39.913: [GC (Allocation Failure) [PSYoungGen: 263968K->4416K(266240K)] 272301K->12757K(812544K), 0.0008973 secs] [Times: user=0.00 sys=0.00, real=0.00 secs] 
2024-10-04T21:35:24.711+0300: 39.914: Total time for which application threads were stopped: 0.0011986 seconds, Stopping threads took: 0.0001605 seconds
2024-10-04T21:35:25.071+0300: 40.284: Application time: 0.3701452 seconds
2024-10-04T21:35:25.071+0300: 40.284: [GC (Allocation Failure) [PSYoungGen: 263304K->5360K(266240K)] 271646K->13709K(812544K), 0.0014611 secs] [Times: user=0.00 sys=0.00, real=0.00 secs] 
2024-10-04T21:35:25.071+0300: 40.286: Total time for which application threads were stopped: 0.0019593 seconds, Stopping threads took: 0.0003125 seconds
2024-10-04T21:35:25.448+0300: 40.660: Application time: 0.3741525 seconds
2024-10-04T21:35:25.448+0300: 40.660: [GC (Allocation Failure) [PSYoungGen: 264944K->3456K(266240K)] 273293K->11813K(812544K), 0.0007820 secs] [Times: user=0.00 sys=0.00, real=0.00 secs] 
2024-10-04T21:35:25.448+0300: 40.661: Total time for which application threads were stopped: 0.0010411 seconds, Stopping threads took: 0.0001234 seconds
2024-10-04T21:35:25.824+0300: 41.028: Application time: 0.3670375 seconds
2024-10-04T21:35:25.824+0300: 41.028: [GC (Allocation Failure) [PSYoungGen: 263040K->3408K(266240K)] 271397K->11781K(812544K), 0.0008432 secs] [Times: user=0.00 sys=0.00, real=0.00 secs] 
2024-10-04T21:35:25.824+0300: 41.029: Total time for which application threads were stopped: 0.0011205 seconds, Stopping threads took: 0.0001555 seconds
2024-10-04T21:35:26.201+0300: 41.404: Application time: 0.3743885 seconds
2024-10-04T21:35:26.201+0300: 41.404: [GC (Allocation Failure) [PSYoungGen: 262992K->5456K(266240K)] 271365K->13837K(812544K), 0.0011513 secs] [Times: user=0.00 sys=0.00, real=0.00 secs] 
2024-10-04T21:35:26.201+0300: 41.405: Total time for which application threads were stopped: 0.0014390 seconds, Stopping threads took: 0.0001316 seconds
2024-10-04T21:35:26.562+0300: 41.773: Application time: 0.3678997 seconds
2024-10-04T21:35:26.562+0300: 41.773: [GC (Allocation Failure) [PSYoungGen: 264244K->3408K(266240K)] 272626K->11797K(812544K), 0.0008031 secs] [Times: user=0.00 sys=0.00, real=0.00 secs] 
2024-10-04T21:35:26.562+0300: 41.774: Total time for which application threads were stopped: 0.0011102 seconds, Stopping threads took: 0.0001917 seconds
2024-10-04T21:35:26.938+0300: 42.139: Application time: 0.3649670 seconds
2024-10-04T21:35:26.938+0300: 42.139: [GC (Allocation Failure) [PSYoungGen: 262336K->5456K(265216K)] 270726K->13853K(811520K), 0.0010398 secs] [Times: user=0.00 sys=0.00, real=0.00 secs] 
2024-10-04T21:35:26.938+0300: 42.140: Total time for which application threads were stopped: 0.0013138 seconds, Stopping threads took: 0.0001341 seconds
2024-10-04T21:35:27.299+0300: 42.513: Application time: 0.3730097 seconds
2024-10-04T21:35:27.299+0300: 42.514: [GC (Allocation Failure) [PSYoungGen: 263271K->4448K(265728K)] 271669K->12853K(812032K), 0.0010734 secs] [Times: user=0.00 sys=0.00, real=0.00 secs] 
2024-10-04T21:35:27.299+0300: 42.515: Total time for which application threads were stopped: 0.0015776 seconds, Stopping threads took: 0.0003242 seconds
2024-10-04T21:35:27.675+0300: 42.878: Application time: 0.3634586 seconds
2024-10-04T21:35:27.675+0300: 42.879: [GC (Allocation Failure) [PSYoungGen: 262094K->5456K(266240K)] 270499K->13885K(812544K), 0.0010867 secs] [Times: user=0.00 sys=0.00, real=0.00 secs] 
2024-10-04T21:35:27.675+0300: 42.880: Total time for which application threads were stopped: 0.0013433 seconds, Stopping threads took: 0.0001255 seconds
2024-10-04T21:35:28.037+0300: 43.246: Application time: 0.3665099 seconds
2024-10-04T21:35:28.037+0300: 43.246: [GC (Allocation Failure) [PSYoungGen: 264580K->5376K(265216K)] 273010K->13885K(811520K), 0.0013204 secs] [Times: user=0.00 sys=0.00, real=0.00 secs] 
2024-10-04T21:35:28.037+0300: 43.248: Total time for which application threads were stopped: 0.0016267 seconds, Stopping threads took: 0.0001255 seconds
2024-10-04T21:35:28.413+0300: 43.622: Application time: 0.3746258 seconds
2024-10-04T21:35:28.413+0300: 43.623: [GC (Allocation Failure) [PSYoungGen: 264033K->3440K(265728K)] 272543K->11957K(812032K), 0.0007263 secs] [Times: user=0.00 sys=0.00, real=0.00 secs] 
2024-10-04T21:35:28.413+0300: 43.623: Total time for which application threads were stopped: 0.0010061 seconds, Stopping threads took: 0.0001590 seconds
2024-10-04T21:35:28.774+0300: 43.988: Application time: 0.3646772 seconds
2024-10-04T21:35:28.774+0300: 43.988: [GC (Allocation Failure) [PSYoungGen: 261220K->5424K(265728K)] 269738K->13997K(812032K), 0.0011241 secs] [Times: user=0.00 sys=0.00, real=0.00 secs] 
2024-10-04T21:35:28.774+0300: 43.990: Total time for which application threads were stopped: 0.0014535 seconds, Stopping threads took: 0.0001870 seconds
2024-10-04T21:35:29.155+0300: 44.362: Application time: 0.3728270 seconds
2024-10-04T21:35:29.155+0300: 44.363: [GC (Allocation Failure) [PSYoungGen: 263984K->4416K(265728K)] 272557K->13029K(812032K), 0.0009962 secs] [Times: user=0.00 sys=0.00, real=0.00 secs] 
2024-10-04T21:35:29.155+0300: 44.364: Total time for which application threads were stopped: 0.0013062 seconds, Stopping threads took: 0.0001856 seconds
2024-10-04T21:35:29.528+0300: 44.731: Application time: 0.3670890 seconds
2024-10-04T21:35:29.528+0300: 44.731: [GC (Allocation Failure) [PSYoungGen: 262114K->4400K(265728K)] 270728K->13022K(812032K), 0.0009782 secs] [Times: user=0.00 sys=0.00, real=0.00 secs] 
2024-10-04T21:35:29.528+0300: 44.732: Total time for which application threads were stopped: 0.0013818 seconds, Stopping threads took: 0.0002415 seconds
2024-10-04T21:35:29.896+0300: 45.097: Application time: 0.3647894 seconds
2024-10-04T21:35:29.896+0300: 45.097: [GC (Allocation Failure) [PSYoungGen: 262434K->5408K(266240K)] 271056K->14062K(812544K), 0.0011109 secs] [Times: user=0.00 sys=0.00, real=0.00 secs] 
2024-10-04T21:35:29.897+0300: 45.098: Total time for which application threads were stopped: 0.0013864 seconds, Stopping threads took: 0.0001454 seconds
2024-10-04T21:35:30.266+0300: 45.474: Application time: 0.3755232 seconds
2024-10-04T21:35:30.266+0300: 45.474: [GC (Allocation Failure) [PSYoungGen: 264455K->5392K(265216K)] 273109K->14110K(811520K), 0.0012408 secs] [Times: user=0.00 sys=0.00, real=0.00 secs] 
2024-10-04T21:35:30.266+0300: 45.476: Total time for which application threads were stopped: 0.0015873 seconds, Stopping threads took: 0.0002058 seconds
2024-10-04T21:35:30.626+0300: 45.841: Application time: 0.3659404 seconds
2024-10-04T21:35:30.626+0300: 45.842: [GC (Allocation Failure) [PSYoungGen: 264976K->4448K(266240K)] 273694K->13174K(812544K), 0.0010238 secs] [Times: user=0.00 sys=0.00, real=0.02 secs] 
2024-10-04T21:35:30.642+0300: 45.843: Total time for which application threads were stopped: 0.0014556 seconds, Stopping threads took: 0.0002694 seconds
2024-10-04T21:35:31.003+0300: 46.209: Application time: 0.3661471 seconds
2024-10-04T21:35:31.003+0300: 46.209: [GC (Allocation Failure) [PSYoungGen: 263209K->4448K(265728K)] 271935K->13182K(812032K), 0.0010151 secs] [Times: user=0.00 sys=0.00, real=0.00 secs] 
2024-10-04T21:35:31.003+0300: 46.210: Total time for which application threads were stopped: 0.0013569 seconds, Stopping threads took: 0.0001968 seconds
2024-10-04T21:35:31.380+0300: 46.588: Application time: 0.3771543 seconds
2024-10-04T21:35:31.380+0300: 46.588: [GC (Allocation Failure) [PSYoungGen: 263520K->3424K(266240K)] 272254K->12174K(812544K), 0.0009353 secs] [Times: user=0.00 sys=0.00, real=0.00 secs] 
2024-10-04T21:35:31.380+0300: 46.589: Total time for which application threads were stopped: 0.0011784 seconds, Stopping threads took: 0.0000872 seconds
2024-10-04T21:35:31.742+0300: 46.955: Application time: 0.3666061 seconds
2024-10-04T21:35:31.742+0300: 46.956: [GC (Allocation Failure) [PSYoungGen: 262346K->5440K(266240K)] 271096K->14198K(812544K), 0.0012169 secs] [Times: user=0.00 sys=0.00, real=0.00 secs] 
2024-10-04T21:35:31.742+0300: 46.957: Total time for which application threads were stopped: 0.0015490 seconds, Stopping threads took: 0.0001655 seconds
2024-10-04T21:35:32.119+0300: 47.333: Application time: 0.3760008 seconds
2024-10-04T21:35:32.119+0300: 47.333: [GC (Allocation Failure) [PSYoungGen: 264435K->3440K(266240K)] 273193K->12206K(812544K), 0.0009355 secs] [Times: user=0.00 sys=0.00, real=0.00 secs] 
2024-10-04T21:35:32.119+0300: 47.334: Total time for which application threads were stopped: 0.0013174 seconds, Stopping threads took: 0.0001944 seconds
2024-10-04T21:35:32.481+0300: 47.696: Application time: 0.3616270 seconds
2024-10-04T21:35:32.481+0300: 47.696: [GC (Allocation Failure) [PSYoungGen: 262227K->5472K(265216K)] 270993K->14254K(811520K), 0.0013729 secs] [Times: user=0.01 sys=0.00, real=0.02 secs] 
2024-10-04T21:35:32.496+0300: 47.698: Total time for which application threads were stopped: 0.0017297 seconds, Stopping threads took: 0.0002032 seconds
2024-10-04T21:35:32.862+0300: 48.066: Application time: 0.3687709 seconds
2024-10-04T21:35:32.862+0300: 48.067: [GC (Allocation Failure) [PSYoungGen: 264534K->4448K(266240K)] 273316K->13238K(812544K), 0.0009053 secs] [Times: user=0.00 sys=0.00, real=0.00 secs] 
2024-10-04T21:35:32.862+0300: 48.068: Total time for which application threads were stopped: 0.0012002 seconds, Stopping threads took: 0.0001322 seconds
2024-10-04T21:35:33.234+0300: 48.443: Application time: 0.3752890 seconds
2024-10-04T21:35:33.234+0300: 48.443: [GC (Allocation Failure) [PSYoungGen: 263520K->4400K(265728K)] 272310K->13198K(812032K), 0.0010638 secs] [Times: user=0.00 sys=0.00, real=0.00 secs] 
2024-10-04T21:35:33.234+0300: 48.444: Total time for which application threads were stopped: 0.0013780 seconds, Stopping threads took: 0.0001824 seconds
2024-10-04T21:35:33.595+0300: 48.806: Application time: 0.3622340 seconds
2024-10-04T21:35:33.595+0300: 48.807: [GC (Allocation Failure) [PSYoungGen: 262639K->5424K(266240K)] 271437K->14230K(812544K), 0.0011145 secs] [Times: user=0.00 sys=0.00, real=0.00 secs] 
2024-10-04T21:35:33.595+0300: 48.808: Total time for which application threads were stopped: 0.0014757 seconds, Stopping threads took: 0.0002315 seconds
2024-10-04T21:35:33.971+0300: 49.180: Application time: 0.3719772 seconds
2024-10-04T21:35:33.971+0300: 49.180: [GC (Allocation Failure) [PSYoungGen: 264994K->3456K(266240K)] 273800K->12270K(812544K), 0.0009814 secs] [Times: user=0.00 sys=0.00, real=0.00 secs] 
2024-10-04T21:35:33.971+0300: 49.181: Total time for which application threads were stopped: 0.0013374 seconds, Stopping threads took: 0.0001843 seconds
2024-10-04T21:35:34.347+0300: 49.553: Application time: 0.3716269 seconds
2024-10-04T21:35:34.347+0300: 49.553: [GC (Allocation Failure) [PSYoungGen: 262457K->5360K(266240K)] 271271K->14274K(812544K), 0.0012146 secs] [Times: user=0.00 sys=0.00, real=0.00 secs] 
2024-10-04T21:35:34.347+0300: 49.555: Total time for which application threads were stopped: 0.0016332 seconds, Stopping threads took: 0.0002481 seconds
2024-10-04T21:35:34.708+0300: 49.923: Application time: 0.3685154 seconds
2024-10-04T21:35:34.708+0300: 49.923: [GC (Allocation Failure) [PSYoungGen: 264342K->2352K(262144K)] 273257K->11314K(808448K), 0.0007406 secs] [Times: user=0.00 sys=0.00, real=0.00 secs] 
2024-10-04T21:35:34.708+0300: 49.924: Total time for which application threads were stopped: 0.0010419 seconds, Stopping threads took: 0.0001853 seconds
2024-10-04T21:35:35.085+0300: 50.298: Application time: 0.3739978 seconds
2024-10-04T21:35:35.085+0300: 50.298: [GC (Allocation Failure) [PSYoungGen: 261936K->4480K(266240K)] 270898K->13450K(812544K), 0.0009713 secs] [Times: user=0.00 sys=0.00, real=0.00 secs] 
2024-10-04T21:35:35.085+0300: 50.299: Total time for which application threads were stopped: 0.0013436 seconds, Stopping threads took: 0.0002078 seconds
2024-10-04T21:35:35.461+0300: 50.665: Application time: 0.3652116 seconds
2024-10-04T21:35:35.461+0300: 50.665: [GC (Allocation Failure) [PSYoungGen: 262708K->5424K(265728K)] 271678K->14442K(812032K), 0.0011346 secs] [Times: user=0.00 sys=0.00, real=0.00 secs] 
2024-10-04T21:35:35.461+0300: 50.666: Total time for which application threads were stopped: 0.0014465 seconds, Stopping threads took: 0.0001783 seconds
2024-10-04T21:35:35.822+0300: 51.037: Application time: 0.3703846 seconds
2024-10-04T21:35:35.822+0300: 51.037: [GC (Allocation Failure) [PSYoungGen: 264496K->2384K(265728K)] 273514K->11418K(812032K), 0.0006766 secs] [Times: user=0.00 sys=0.00, real=0.00 secs] 
2024-10-04T21:35:35.822+0300: 51.037: Total time for which application threads were stopped: 0.0009466 seconds, Stopping threads took: 0.0001615 seconds
2024-10-04T21:35:36.198+0300: 51.408: Application time: 0.3705418 seconds
2024-10-04T21:35:36.198+0300: 51.408: [GC (Allocation Failure) [PSYoungGen: 260944K->4448K(265728K)] 269978K->13522K(812032K), 0.0010431 secs] [Times: user=0.00 sys=0.00, real=0.00 secs] 
2024-10-04T21:35:36.198+0300: 51.409: Total time for which application threads were stopped: 0.0013722 seconds, Stopping threads took: 0.0001808 seconds
2024-10-04T21:35:36.570+0300: 51.775: Application time: 0.3653107 seconds
2024-10-04T21:35:36.570+0300: 51.775: [GC (Allocation Failure) [PSYoungGen: 262290K->5440K(265728K)] 271364K->14530K(812032K), 0.0014358 secs] [Times: user=0.00 sys=0.00, real=0.01 secs] 
2024-10-04T21:35:36.575+0300: 51.776: Total time for which application threads were stopped: 0.0017865 seconds, Stopping threads took: 0.0002013 seconds
2024-10-04T21:35:36.936+0300: 52.142: Application time: 0.3652127 seconds
2024-10-04T21:35:36.936+0300: 52.142: [GC (Allocation Failure) [PSYoungGen: 263274K->4416K(265728K)] 272364K->13546K(812032K), 0.0009608 secs] [Times: user=0.00 sys=0.00, real=0.00 secs] 
2024-10-04T21:35:36.936+0300: 52.143: Total time for which application threads were stopped: 0.0012526 seconds, Stopping threads took: 0.0001716 seconds
2024-10-04T21:35:37.313+0300: 52.517: Application time: 0.3745220 seconds
2024-10-04T21:35:37.313+0300: 52.518: [GC (Allocation Failure) [PSYoungGen: 262968K->2416K(265216K)] 272098K->11562K(811520K), 0.0007576 secs] [Times: user=0.00 sys=0.00, real=0.00 secs] 
2024-10-04T21:35:37.313+0300: 52.519: Total time for which application threads were stopped: 0.0010619 seconds, Stopping threads took: 0.0001688 seconds
2024-10-04T21:35:37.690+0300: 52.892: Application time: 0.3736619 seconds
2024-10-04T21:35:37.690+0300: 52.892: [GC (Allocation Failure) [PSYoungGen: 260210K->4448K(265728K)] 269357K->13602K(812032K), 0.0008967 secs] [Times: user=0.00 sys=0.00, real=0.00 secs] 
2024-10-04T21:35:37.690+0300: 52.893: Total time for which application threads were stopped: 0.0011703 seconds, Stopping threads took: 0.0001488 seconds
2024-10-04T21:35:38.066+0300: 53.267: Application time: 0.3737451 seconds
2024-10-04T21:35:38.066+0300: 53.267: [GC (Allocation Failure) [PSYoungGen: 262214K->3360K(266240K)] 271368K->12522K(812544K), 0.0009462 secs] [Times: user=0.00 sys=0.00, real=0.00 secs] 
2024-10-04T21:35:38.066+0300: 53.268: Total time for which application threads were stopped: 0.0013605 seconds, Stopping threads took: 0.0002446 seconds
2024-10-04T21:35:38.428+0300: 53.638: Application time: 0.3692454 seconds
2024-10-04T21:35:38.428+0300: 53.638: [GC (Allocation Failure) [PSYoungGen: 262909K->4464K(266240K)] 272071K->13634K(812544K), 0.0009143 secs] [Times: user=0.00 sys=0.00, real=0.00 secs] 
2024-10-04T21:35:38.428+0300: 53.639: Total time for which application threads were stopped: 0.0012414 seconds, Stopping threads took: 0.0001774 seconds
2024-10-04T21:35:38.789+0300: 54.003: Application time: 0.3641114 seconds
2024-10-04T21:35:38.789+0300: 54.003: [GC (Allocation Failure) [PSYoungGen: 263574K->5456K(266240K)] 272744K->14634K(812544K), 0.0012121 secs] [Times: user=0.00 sys=0.00, real=0.00 secs] 
2024-10-04T21:35:38.789+0300: 54.005: Total time for which application threads were stopped: 0.0015713 seconds, Stopping threads took: 0.0002176 seconds
2024-10-04T21:35:39.175+0300: 54.381: Application time: 0.3766178 seconds
2024-10-04T21:35:39.175+0300: 54.382: [GC (Allocation Failure) [PSYoungGen: 264200K->4464K(266240K)] 273378K->13650K(812544K), 0.0010840 secs] [Times: user=0.01 sys=0.00, real=0.01 secs] 
2024-10-04T21:35:39.181+0300: 54.383: Total time for which application threads were stopped: 0.0014306 seconds, Stopping threads took: 0.0001908 seconds
2024-10-04T21:35:39.542+0300: 54.751: Application time: 0.3682130 seconds
2024-10-04T21:35:39.542+0300: 54.751: [GC (Allocation Failure) [PSYoungGen: 263436K->4448K(266240K)] 272622K->13642K(812544K), 0.0009559 secs] [Times: user=0.00 sys=0.00, real=0.00 secs] 
2024-10-04T21:35:39.542+0300: 54.752: Total time for which application threads were stopped: 0.0012846 seconds, Stopping threads took: 0.0001977 seconds
2024-10-04T21:35:39.919+0300: 55.122: Application time: 0.3696300 seconds
2024-10-04T21:35:39.919+0300: 55.122: [GC (Allocation Failure) [PSYoungGen: 263197K->3456K(266240K)] 272391K->12658K(812544K), 0.0008966 secs] [Times: user=0.00 sys=0.00, real=0.00 secs] 
2024-10-04T21:35:39.919+0300: 55.123: Total time for which application threads were stopped: 0.0011923 seconds, Stopping threads took: 0.0001687 seconds
2024-10-04T21:35:40.280+0300: 55.496: Application time: 0.3726667 seconds
2024-10-04T21:35:40.280+0300: 55.496: [GC (Allocation Failure) [PSYoungGen: 262498K->5344K(266240K)] 271701K->14642K(812544K), 0.0012596 secs] [Times: user=0.02 sys=0.00, real=0.02 secs] 
2024-10-04T21:35:40.296+0300: 55.497: Total time for which application threads were stopped: 0.0016242 seconds, Stopping threads took: 0.0001969 seconds
2024-10-04T21:35:40.656+0300: 55.869: Application time: 0.3711692 seconds
2024-10-04T21:35:40.656+0300: 55.869: [GC (Allocation Failure) [PSYoungGen: 264928K->2288K(266240K)] 274226K->11670K(812544K), 0.0007528 secs] [Times: user=0.00 sys=0.00, real=0.00 secs] 
2024-10-04T21:35:40.656+0300: 55.870: Total time for which application threads were stopped: 0.0010241 seconds, Stopping threads took: 0.0001565 seconds
2024-10-04T21:35:41.033+0300: 56.234: Application time: 0.3648720 seconds
2024-10-04T21:35:41.033+0300: 56.235: [GC (Allocation Failure) [PSYoungGen: 261521K->4352K(266240K)] 270903K->13750K(812544K), 0.0011310 secs] [Times: user=0.00 sys=0.00, real=0.00 secs] 
2024-10-04T21:35:41.033+0300: 56.236: Total time for which application threads were stopped: 0.0014359 seconds, Stopping threads took: 0.0001405 seconds
2024-10-04T21:35:41.394+0300: 56.609: Application time: 0.3733971 seconds
2024-10-04T21:35:41.394+0300: 56.610: [GC (Allocation Failure) [PSYoungGen: 263936K->3392K(266240K)] 273334K->12806K(812544K), 0.0009997 secs] [Times: user=0.00 sys=0.00, real=0.02 secs] 
2024-10-04T21:35:41.410+0300: 56.611: Total time for which application threads were stopped: 0.0014285 seconds, Stopping threads took: 0.0002278 seconds
2024-10-04T21:35:41.771+0300: 56.975: Application time: 0.3646872 seconds
2024-10-04T21:35:41.771+0300: 56.976: [GC (Allocation Failure) [PSYoungGen: 262388K->4432K(266240K)] 271802K->13854K(812544K), 0.0011035 secs] [Times: user=0.00 sys=0.00, real=0.00 secs] 
2024-10-04T21:35:41.771+0300: 56.977: Total time for which application threads were stopped: 0.0014289 seconds, Stopping threads took: 0.0001781 seconds
2024-10-04T21:35:42.147+0300: 57.354: Application time: 0.3771881 seconds
2024-10-04T21:35:42.147+0300: 57.354: [GC (Allocation Failure) [PSYoungGen: 263353K->3392K(266240K)] 272776K->12830K(812544K), 0.0008337 secs] [Times: user=0.00 sys=0.00, real=0.00 secs] 
2024-10-04T21:35:42.147+0300: 57.355: Total time for which application threads were stopped: 0.0011352 seconds, Stopping threads took: 0.0001737 seconds
2024-10-04T21:35:42.508+0300: 57.720: Application time: 0.3650977 seconds
2024-10-04T21:35:42.508+0300: 57.720: [GC (Allocation Failure) [PSYoungGen: 261979K->3440K(266752K)] 271417K->12886K(813056K), 0.0008584 secs] [Times: user=0.00 sys=0.00, real=0.00 secs] 
2024-10-04T21:35:42.508+0300: 57.721: Total time for which application threads were stopped: 0.0011237 seconds, Stopping threads took: 0.0001330 seconds
2024-10-04T21:35:42.885+0300: 58.089: Application time: 0.3676517 seconds
2024-10-04T21:35:42.885+0300: 58.089: [GC (Allocation Failure) [PSYoungGen: 262678K->3392K(266240K)] 272124K->12886K(812544K), 0.0007453 secs] [Times: user=0.00 sys=0.00, real=0.00 secs] 
2024-10-04T21:35:42.885+0300: 58.090: Total time for which application threads were stopped: 0.0010021 seconds, Stopping threads took: 0.0001338 seconds
2024-10-04T21:35:43.262+0300: 58.465: Application time: 0.3749310 seconds
2024-10-04T21:35:43.262+0300: 58.465: [GC (Allocation Failure) [PSYoungGen: 263253K->5392K(265728K)] 272748K->14934K(812032K), 0.0011818 secs] [Times: user=0.00 sys=0.00, real=0.00 secs] 
2024-10-04T21:35:43.262+0300: 58.466: Total time for which application threads were stopped: 0.0014865 seconds, Stopping threads took: 0.0001752 seconds
2024-10-04T21:35:43.623+0300: 58.830: Application time: 0.3638486 seconds
2024-10-04T21:35:43.623+0300: 58.831: [GC (Allocation Failure) [PSYoungGen: 264393K->5456K(266240K)] 273936K->15006K(812544K), 0.0011632 secs] [Times: user=0.00 sys=0.00, real=0.00 secs] 
2024-10-04T21:35:43.623+0300: 58.832: Total time for which application threads were stopped: 0.0014769 seconds, Stopping threads took: 0.0001852 seconds
2024-10-04T21:35:44.000+0300: 59.202: Application time: 0.3704614 seconds
2024-10-04T21:35:44.000+0300: 59.202: [GC (Allocation Failure) [PSYoungGen: 265040K->3440K(266240K)] 274590K->12998K(812544K), 0.0007841 secs] [Times: user=0.00 sys=0.00, real=0.00 secs] 
2024-10-04T21:35:44.000+0300: 59.203: Total time for which application threads were stopped: 0.0010603 seconds, Stopping threads took: 0.0001554 seconds
2024-10-04T21:35:44.361+0300: 59.574: Application time: 0.3705526 seconds
2024-10-04T21:35:44.361+0300: 59.574: [GC (Allocation Failure) [PSYoungGen: 262436K->5440K(265216K)] 271994K->15014K(811520K), 0.0011728 secs] [Times: user=0.00 sys=0.00, real=0.00 secs] 
2024-10-04T21:35:44.361+0300: 59.575: Total time for which application threads were stopped: 0.0015161 seconds, Stopping threads took: 0.0002041 seconds
2024-10-04T21:35:44.737+0300: 59.947: Application time: 0.3711311 seconds
2024-10-04T21:35:44.737+0300: 59.947: [GC (Allocation Failure) [PSYoungGen: 265024K->4448K(266240K)] 274598K->14030K(812544K), 0.0010114 secs] [Times: user=0.00 sys=0.00, real=0.00 secs] 
2024-10-04T21:35:44.737+0300: 59.948: Total time for which application threads were stopped: 0.0012838 seconds, Stopping threads took: 0.0001453 seconds
2024-10-04T21:35:45.114+0300: 60.319: Application time: 0.3709989 seconds
2024-10-04T21:35:45.114+0300: 60.319: [GC (Allocation Failure) [PSYoungGen: 263212K->4384K(265728K)] 272794K->13974K(812032K), 0.0010210 secs] [Times: user=0.00 sys=0.00, real=0.00 secs] 
2024-10-04T21:35:45.114+0300: 60.320: Total time for which application threads were stopped: 0.0013836 seconds, Stopping threads took: 0.0001584 seconds
2024-10-04T21:35:45.488+0300: 60.689: Application time: 0.3689557 seconds
2024-10-04T21:35:45.488+0300: 60.689: [GC (Allocation Failure) [PSYoungGen: 263242K->3424K(266240K)] 272832K->13022K(812544K), 0.0008601 secs] [Times: user=0.00 sys=0.00, real=0.00 secs] 
2024-10-04T21:35:45.488+0300: 60.690: Total time for which application threads were stopped: 0.0011422 seconds, Stopping threads took: 0.0001453 seconds
2024-10-04T21:35:45.851+0300: 61.055: Application time: 0.3647096 seconds
2024-10-04T21:35:45.851+0300: 61.055: [GC (Allocation Failure) [PSYoungGen: 262367K->4448K(266240K)] 271965K->14054K(812544K), 0.0009045 secs] [Times: user=0.00 sys=0.00, real=0.00 secs] 
2024-10-04T21:35:45.851+0300: 61.056: Total time for which application threads were stopped: 0.0011886 seconds, Stopping threads took: 0.0001580 seconds
2024-10-04T21:35:46.228+0300: 61.434: Application time: 0.3780611 seconds
2024-10-04T21:35:46.228+0300: 61.435: [GC (Allocation Failure) [PSYoungGen: 263382K->5408K(266240K)] 272988K->15046K(812544K), 0.0012511 secs] [Times: user=0.00 sys=0.00, real=0.00 secs] 
2024-10-04T21:35:46.228+0300: 61.436: Total time for which application threads were stopped: 0.0016044 seconds, Stopping threads took: 0.0002017 seconds
2024-10-04T21:35:46.591+0300: 61.803: Application time: 0.3670105 seconds
2024-10-04T21:35:46.591+0300: 61.803: [GC (Allocation Failure) [PSYoungGen: 264251K->4416K(266240K)] 273889K->14094K(812544K), 0.0010144 secs] [Times: user=0.00 sys=0.00, real=0.00 secs] 
2024-10-04T21:35:46.591+0300: 61.804: Total time for which application threads were stopped: 0.0013409 seconds, Stopping threads took: 0.0001516 seconds
2024-10-04T21:35:46.966+0300: 62.170: Application time: 0.3653751 seconds
2024-10-04T21:35:46.966+0300: 62.170: [GC (Allocation Failure) [PSYoungGen: 263386K->4384K(266752K)] 273064K->14138K(813056K), 0.0008860 secs] [Times: user=0.00 sys=0.00, real=0.00 secs] 
2024-10-04T21:35:46.966+0300: 62.171: Total time for which application threads were stopped: 0.0011471 seconds, Stopping threads took: 0.0001477 seconds
2024-10-04T21:35:47.343+0300: 62.548: Application time: 0.3768630 seconds
2024-10-04T21:35:47.343+0300: 62.548: [GC (Allocation Failure) [PSYoungGen: 264134K->4480K(266240K)] 273889K->14242K(812544K), 0.0010301 secs] [Times: user=0.00 sys=0.00, real=0.00 secs] 
2024-10-04T21:35:47.343+0300: 62.549: Total time for which application threads were stopped: 0.0013043 seconds, Stopping threads took: 0.0001292 seconds
2024-10-04T21:35:47.704+0300: 62.913: Application time: 0.3640080 seconds
2024-10-04T21:35:47.704+0300: 62.913: [GC (Allocation Failure) [PSYoungGen: 263611K->5440K(265728K)] 273374K->15218K(812032K), 0.0011274 secs] [Times: user=0.00 sys=0.00, real=0.00 secs] 
2024-10-04T21:35:47.704+0300: 62.914: Total time for which application threads were stopped: 0.0014143 seconds, Stopping threads took: 0.0001585 seconds
2024-10-04T21:35:48.081+0300: 63.291: Application time: 0.3771196 seconds
2024-10-04T21:35:48.081+0300: 63.292: [GC (Allocation Failure) [PSYoungGen: 265024K->2400K(266240K)] 274802K->12202K(812544K), 0.0007501 secs] [Times: user=0.00 sys=0.00, real=0.00 secs] 
2024-10-04T21:35:48.081+0300: 63.292: Total time for which application threads were stopped: 0.0009945 seconds, Stopping threads took: 0.0001004 seconds
2024-10-04T21:35:48.441+0300: 63.655: Application time: 0.3624450 seconds
2024-10-04T21:35:48.441+0300: 63.655: [GC (Allocation Failure) [PSYoungGen: 261242K->5424K(266240K)] 271045K->15234K(812544K), 0.0011424 secs] [Times: user=0.00 sys=0.00, real=0.00 secs] 
2024-10-04T21:35:48.441+0300: 63.656: Total time for which application threads were stopped: 0.0015109 seconds, Stopping threads took: 0.0002340 seconds
2024-10-04T21:35:48.818+0300: 64.026: Application time: 0.3698507 seconds
2024-10-04T21:35:48.818+0300: 64.026: [GC (Allocation Failure) [PSYoungGen: 264598K->5472K(265216K)] 274408K->15298K(811520K), 0.0010885 secs] [Times: user=0.00 sys=0.00, real=0.00 secs] 
2024-10-04T21:35:48.818+0300: 64.028: Total time for which application threads were stopped: 0.0013738 seconds, Stopping threads took: 0.0001365 seconds
2024-10-04T21:35:49.196+0300: 64.402: Application time: 0.3747303 seconds
2024-10-04T21:35:49.196+0300: 64.403: [GC (Allocation Failure) [PSYoungGen: 264140K->4448K(266240K)] 273967K->14314K(812544K), 0.0009168 secs] [Times: user=0.00 sys=0.00, real=0.00 secs] 
2024-10-04T21:35:49.196+0300: 64.404: Total time for which application threads were stopped: 0.0011715 seconds, Stopping threads took: 0.0001363 seconds
2024-10-04T21:35:49.556+0300: 64.768: Application time: 0.3649428 seconds
2024-10-04T21:35:49.556+0300: 64.769: [GC (Allocation Failure) [PSYoungGen: 262517K->5408K(265728K)] 272383K->15314K(812032K), 0.0011410 secs] [Times: user=0.00 sys=0.00, real=0.00 secs] 
2024-10-04T21:35:49.556+0300: 64.770: Total time for which application threads were stopped: 0.0014550 seconds, Stopping threads took: 0.0001735 seconds
2024-10-04T21:35:49.932+0300: 65.137: Application time: 0.3669488 seconds
2024-10-04T21:35:49.932+0300: 65.137: [GC (Allocation Failure) [PSYoungGen: 264342K->4480K(266240K)] 274248K->14394K(812544K), 0.0009419 secs] [Times: user=0.00 sys=0.00, real=0.00 secs] 
2024-10-04T21:35:49.932+0300: 65.138: Total time for which application threads were stopped: 0.0012052 seconds, Stopping threads took: 0.0001514 seconds
2024-10-04T21:35:50.309+0300: 65.514: Application time: 0.3760793 seconds
2024-10-04T21:35:50.309+0300: 65.515: [GC (Allocation Failure) [PSYoungGen: 263256K->3456K(265728K)] 273171K->13378K(812032K), 0.0009438 secs] [Times: user=0.00 sys=0.00, real=0.00 secs] 
2024-10-04T21:35:50.309+0300: 65.516: Total time for which application threads were stopped: 0.0013956 seconds, Stopping threads took: 0.0002901 seconds
2024-10-04T21:35:50.670+0300: 65.881: Application time: 0.3653915 seconds
2024-10-04T21:35:50.670+0300: 65.881: [GC (Allocation Failure) [PSYoungGen: 262363K->4448K(266240K)] 272285K->14378K(812544K), 0.0010260 secs] [Times: user=0.00 sys=0.00, real=0.00 secs] 
2024-10-04T21:35:50.670+0300: 65.882: Total time for which application threads were stopped: 0.0013327 seconds, Stopping threads took: 0.0001790 seconds
2024-10-04T21:35:51.047+0300: 66.253: Application time: 0.3709263 seconds
2024-10-04T21:35:51.047+0300: 66.253: [GC (Allocation Failure) [PSYoungGen: 264032K->3360K(266240K)] 273962K->13298K(812544K), 0.0011441 secs] [Times: user=0.00 sys=0.00, real=0.00 secs] 
2024-10-04T21:35:51.047+0300: 66.255: Total time for which application threads were stopped: 0.0014098 seconds, Stopping threads took: 0.0001213 seconds
2024-10-04T21:35:51.423+0300: 66.625: Application time: 0.3700360 seconds
2024-10-04T21:35:51.423+0300: 66.625: [GC (Allocation Failure) [PSYoungGen: 262425K->5440K(266240K)] 272364K->15386K(812544K), 0.0012353 secs] [Times: user=0.00 sys=0.00, real=0.00 secs] 
2024-10-04T21:35:51.423+0300: 66.626: Total time for which application threads were stopped: 0.0015485 seconds, Stopping threads took: 0.0001555 seconds
2024-10-04T21:35:51.784+0300: 66.993: Application time: 0.3664049 seconds
2024-10-04T21:35:51.784+0300: 66.993: [GC (Allocation Failure) [PSYoungGen: 264563K->5440K(266240K)] 274510K->15394K(812544K), 0.0011067 secs] [Times: user=0.00 sys=0.00, real=0.00 secs] 
2024-10-04T21:35:51.784+0300: 66.994: Total time for which application threads were stopped: 0.0014529 seconds, Stopping threads took: 0.0002215 seconds
2024-10-04T21:35:52.161+0300: 67.370: Application time: 0.3755670 seconds
2024-10-04T21:35:52.161+0300: 67.370: [GC (Allocation Failure) [PSYoungGen: 264215K->5472K(265216K)] 274169K->15434K(811520K), 0.0012081 secs] [Times: user=0.00 sys=0.00, real=0.00 secs] 
2024-10-04T21:35:52.161+0300: 67.371: Total time for which application threads were stopped: 0.0015249 seconds, Stopping threads took: 0.0001320 seconds
2024-10-04T21:35:52.522+0300: 67.734: Application time: 0.3623115 seconds
2024-10-04T21:35:52.522+0300: 67.734: [GC (Allocation Failure) [PSYoungGen: 263130K->5392K(265728K)] 273093K->15394K(812032K), 0.0013041 secs] [Times: user=0.00 sys=0.00, real=0.00 secs] 
2024-10-04T21:35:52.522+0300: 67.735: Total time for which application threads were stopped: 0.0016019 seconds, Stopping threads took: 0.0001645 seconds
2024-10-04T21:35:52.883+0300: 68.098: Application time: 0.3633116 seconds
2024-10-04T21:35:52.883+0300: 68.099: [GC (Allocation Failure) [PSYoungGen: 263404K->5344K(265728K)] 273406K->15446K(812032K), 0.0013441 secs] [Times: user=0.02 sys=0.00, real=0.02 secs] 
2024-10-04T21:35:52.898+0300: 68.100: Total time for which application threads were stopped: 0.0016312 seconds, Stopping threads took: 0.0001059 seconds
2024-10-04T21:35:53.275+0300: 68.476: Application time: 0.3759078 seconds
2024-10-04T21:35:53.275+0300: 68.476: [GC (Allocation Failure) [PSYoungGen: 263219K->4352K(265728K)] 273322K->14470K(812032K), 0.0009942 secs] [Times: user=0.00 sys=0.00, real=0.00 secs] 
2024-10-04T21:35:53.275+0300: 68.477: Total time for which application threads were stopped: 0.0013107 seconds, Stopping threads took: 0.0001728 seconds
2024-10-04T21:35:53.636+0300: 68.844: Application time: 0.3667930 seconds
2024-10-04T21:35:53.636+0300: 68.844: [GC (Allocation Failure) [PSYoungGen: 262901K->3424K(265728K)] 273020K->13558K(812032K), 0.0008234 secs] [Times: user=0.00 sys=0.00, real=0.00 secs] 
2024-10-04T21:35:53.636+0300: 68.845: Total time for which application threads were stopped: 0.0010829 seconds, Stopping threads took: 0.0001454 seconds
2024-10-04T21:35:54.006+0300: 69.210: Application time: 0.3645493 seconds
2024-10-04T21:35:54.006+0300: 69.210: [GC (Allocation Failure) [PSYoungGen: 261220K->4480K(265728K)] 271355K->14622K(812032K), 0.0009309 secs] [Times: user=0.00 sys=0.00, real=0.00 secs] 
2024-10-04T21:35:54.006+0300: 69.211: Total time for which application threads were stopped: 0.0012492 seconds, Stopping threads took: 0.0001778 seconds
2024-10-04T21:35:54.374+0300: 69.587: Application time: 0.3762960 seconds
2024-10-04T21:35:54.374+0300: 69.588: [GC (Allocation Failure) [PSYoungGen: 263040K->4368K(266240K)] 273182K->14518K(812544K), 0.0009676 secs] [Times: user=0.00 sys=0.00, real=0.00 secs] 
2024-10-04T21:35:54.374+0300: 69.589: Total time for which application threads were stopped: 0.0012867 seconds, Stopping threads took: 0.0001807 seconds
2024-10-04T21:35:54.750+0300: 69.956: Application time: 0.3670808 seconds
2024-10-04T21:35:54.750+0300: 69.956: [GC (Allocation Failure) [PSYoungGen: 263341K->4448K(266240K)] 273492K->14606K(812544K), 0.0009327 secs] [Times: user=0.00 sys=0.00, real=0.00 secs] 
2024-10-04T21:35:54.750+0300: 69.957: Total time for which application threads were stopped: 0.0012587 seconds, Stopping threads took: 0.0001939 seconds
2024-10-04T21:35:55.127+0300: 70.331: Application time: 0.3744653 seconds
2024-10-04T21:35:55.127+0300: 70.332: [GC (Allocation Failure) [PSYoungGen: 263428K->5440K(266240K)] 273587K->15606K(812544K), 0.0010308 secs] [Times: user=0.00 sys=0.00, real=0.00 secs] 
2024-10-04T21:35:55.127+0300: 70.333: Total time for which application threads were stopped: 0.0012693 seconds, Stopping threads took: 0.0001135 seconds
2024-10-04T21:35:55.503+0300: 70.704: Application time: 0.3712807 seconds
2024-10-04T21:35:55.503+0300: 70.704: [GC (Allocation Failure) [PSYoungGen: 265024K->3424K(266240K)] 275190K->13630K(812544K), 0.0009259 secs] [Times: user=0.00 sys=0.00, real=0.00 secs] 
2024-10-04T21:35:55.503+0300: 70.705: Total time for which application threads were stopped: 0.0012396 seconds, Stopping threads took: 0.0001848 seconds
2024-10-04T21:35:55.865+0300: 71.067: Application time: 0.3618107 seconds
2024-10-04T21:35:55.865+0300: 71.067: [GC (Allocation Failure) [PSYoungGen: 262197K->5408K(266240K)] 272404K->15622K(812544K), 0.0010440 secs] [Times: user=0.00 sys=0.00, real=0.00 secs] 
2024-10-04T21:35:55.865+0300: 71.068: Total time for which application threads were stopped: 0.0013250 seconds, Stopping threads took: 0.0001499 seconds
2024-10-04T21:35:56.241+0300: 71.444: Application time: 0.3761401 seconds
2024-10-04T21:35:56.241+0300: 71.445: [GC (Allocation Failure) [PSYoungGen: 264355K->5360K(266240K)] 274570K->15622K(812544K), 0.0012512 secs] [Times: user=0.00 sys=0.00, real=0.00 secs] 
2024-10-04T21:35:56.241+0300: 71.446: Total time for which application threads were stopped: 0.0015893 seconds, Stopping threads took: 0.0001882 seconds
2024-10-04T21:35:56.602+0300: 71.812: Application time: 0.3661319 seconds
2024-10-04T21:35:56.602+0300: 71.812: [GC (Allocation Failure) [PSYoungGen: 264305K->5440K(265216K)] 274567K->15710K(811520K), 0.0011284 secs] [Times: user=0.00 sys=0.00, real=0.01 secs] 
2024-10-04T21:35:56.612+0300: 71.814: Total time for which application threads were stopped: 0.0014481 seconds, Stopping threads took: 0.0001810 seconds
2024-10-04T21:35:56.979+0300: 72.180: Application time: 0.3664902 seconds
2024-10-04T21:35:56.979+0300: 72.180: [GC (Allocation Failure) [PSYoungGen: 264000K->4480K(265728K)] 274270K->14758K(812032K), 0.0022212 secs] [Times: user=0.00 sys=0.00, real=0.00 secs] 
2024-10-04T21:35:56.979+0300: 72.183: Total time for which application threads were stopped: 0.0025128 seconds, Stopping threads took: 0.0001469 seconds
2024-10-04T21:35:57.340+0300: 72.556: Application time: 0.3730995 seconds
2024-10-04T21:35:57.355+0300: 72.556: [GC (Allocation Failure) [PSYoungGen: 262194K->4416K(266240K)] 272472K->14702K(812544K), 0.0011177 secs] [Times: user=0.00 sys=0.00, real=0.00 secs] 
2024-10-04T21:35:57.355+0300: 72.557: Total time for which application threads were stopped: 0.0014682 seconds, Stopping threads took: 0.0001952 seconds
2024-10-04T21:35:57.716+0300: 72.925: Application time: 0.3675202 seconds
2024-10-04T21:35:57.716+0300: 72.925: [GC (Allocation Failure) [PSYoungGen: 264000K->4448K(266240K)] 274286K->14742K(812544K), 0.0010274 secs] [Times: user=0.00 sys=0.00, real=0.00 secs] 
2024-10-04T21:35:57.716+0300: 72.926: Total time for which application threads were stopped: 0.0013135 seconds, Stopping threads took: 0.0001404 seconds
2024-10-04T21:35:58.093+0300: 73.299: Application time: 0.3728369 seconds
2024-10-04T21:35:58.093+0300: 73.299: [GC (Allocation Failure) [PSYoungGen: 263380K->3424K(266240K)] 273675K->13726K(812544K), 0.0009037 secs] [Times: user=0.00 sys=0.00, real=0.00 secs] 
2024-10-04T21:35:58.093+0300: 73.300: Total time for which application threads were stopped: 0.0011910 seconds, Stopping threads took: 0.0001222 seconds
2024-10-04T21:35:58.454+0300: 73.670: Application time: 0.3700626 seconds
2024-10-04T21:35:58.470+0300: 73.670: [GC (Allocation Failure) [PSYoungGen: 263008K->4416K(266240K)] 273310K->14758K(812544K), 0.0009345 secs] [Times: user=0.00 sys=0.00, real=0.00 secs] 
2024-10-04T21:35:58.470+0300: 73.671: Total time for which application threads were stopped: 0.0012901 seconds, Stopping threads took: 0.0001849 seconds
2024-10-04T21:35:58.831+0300: 74.035: Application time: 0.3640389 seconds
2024-10-04T21:35:58.831+0300: 74.036: [GC (Allocation Failure) [PSYoungGen: 263553K->5344K(266240K)] 273896K->15795K(812544K), 0.0011089 secs] [Times: user=0.00 sys=0.00, real=0.00 secs] 
2024-10-04T21:35:58.831+0300: 74.037: Total time for which application threads were stopped: 0.0014209 seconds, Stopping threads took: 0.0001712 seconds
2024-10-04T21:35:59.207+0300: 74.412: Application time: 0.3747736 seconds
2024-10-04T21:35:59.207+0300: 74.412: [GC (Allocation Failure) [PSYoungGen: 264220K->5456K(266240K)] 274671K->15923K(812544K), 0.0010786 secs] [Times: user=0.00 sys=0.00, real=0.00 secs] 
2024-10-04T21:35:59.207+0300: 74.413: Total time for which application threads were stopped: 0.0013824 seconds, Stopping threads took: 0.0001583 seconds
2024-10-04T21:35:59.568+0300: 74.780: Application time: 0.3671021 seconds
2024-10-04T21:35:59.568+0300: 74.780: [GC (Allocation Failure) [PSYoungGen: 264301K->5408K(266240K)] 274768K->15891K(812544K), 0.0011504 secs] [Times: user=0.00 sys=0.00, real=0.00 secs] 
2024-10-04T21:35:59.568+0300: 74.782: Total time for which application threads were stopped: 0.0014741 seconds, Stopping threads took: 0.0001763 seconds
2024-10-04T21:35:59.944+0300: 75.149: Application time: 0.3671540 seconds
2024-10-04T21:35:59.944+0300: 75.149: [GC (Allocation Failure) [PSYoungGen: 264264K->4464K(266240K)] 274747K->14954K(812544K), 0.0009875 secs] [Times: user=0.00 sys=0.00, real=0.00 secs] 
2024-10-04T21:35:59.944+0300: 75.150: Total time for which application threads were stopped: 0.0012567 seconds, Stopping threads took: 0.0001507 seconds
2024-10-04T21:36:00.321+0300: 75.536: Application time: 0.3856062 seconds
2024-10-04T21:36:00.321+0300: 75.536: [GC (Allocation Failure) [PSYoungGen: 264048K->2416K(265216K)] 274538K->12914K(811520K), 0.0007920 secs] [Times: user=0.00 sys=0.00, real=0.00 secs] 
2024-10-04T21:36:00.321+0300: 75.537: Total time for which application threads were stopped: 0.0011042 seconds, Stopping threads took: 0.0001861 seconds
2024-10-04T21:36:00.698+0300: 75.902: Application time: 0.3656767 seconds
2024-10-04T21:36:00.698+0300: 75.903: [GC (Allocation Failure) [PSYoungGen: 260976K->4480K(265728K)] 271474K->14986K(812032K), 0.0009343 secs] [Times: user=0.00 sys=0.00, real=0.00 secs] 
2024-10-04T21:36:00.698+0300: 75.904: Total time for which application threads were stopped: 0.0012046 seconds, Stopping threads took: 0.0001458 seconds
2024-10-04T21:36:01.075+0300: 76.276: Application time: 0.3727942 seconds
2024-10-04T21:36:01.075+0300: 76.277: [GC (Allocation Failure) [PSYoungGen: 263040K->4368K(266240K)] 273546K->14882K(812544K), 0.0010178 secs] [Times: user=0.00 sys=0.00, real=0.00 secs] 
2024-10-04T21:36:01.075+0300: 76.278: Total time for which application threads were stopped: 0.0012816 seconds, Stopping threads took: 0.0001151 seconds
2024-10-04T21:36:01.436+0300: 76.646: Application time: 0.3678429 seconds
2024-10-04T21:36:01.436+0300: 76.646: [GC (Allocation Failure) [PSYoungGen: 263952K->4368K(266240K)] 274466K->14891K(812544K), 0.0010022 secs] [Times: user=0.00 sys=0.00, real=0.00 secs] 
2024-10-04T21:36:01.436+0300: 76.647: Total time for which application threads were stopped: 0.0013498 seconds, Stopping threads took: 0.0001970 seconds
2024-10-04T21:36:01.812+0300: 77.017: Application time: 0.3702025 seconds
2024-10-04T21:36:01.812+0300: 77.017: [GC (Allocation Failure) [PSYoungGen: 263328K->5456K(265728K)] 273851K->15987K(812032K), 0.0010662 secs] [Times: user=0.00 sys=0.00, real=0.00 secs] 
2024-10-04T21:36:01.812+0300: 77.018: Total time for which application threads were stopped: 0.0013366 seconds, Stopping threads took: 0.0001364 seconds
2024-10-04T21:36:02.190+0300: 77.390: Application time: 0.3719355 seconds
2024-10-04T21:36:02.190+0300: 77.391: [GC (Allocation Failure) [PSYoungGen: 264234K->4352K(266240K)] 274765K->14931K(812544K), 0.0010379 secs] [Times: user=0.00 sys=0.00, real=0.00 secs] 
2024-10-04T21:36:02.190+0300: 77.392: Total time for which application threads were stopped: 0.0014575 seconds, Stopping threads took: 0.0002672 seconds
2024-10-04T21:36:02.550+0300: 77.759: Application time: 0.3667555 seconds
2024-10-04T21:36:02.550+0300: 77.759: [GC (Allocation Failure) [PSYoungGen: 263298K->5440K(266240K)] 273877K->16067K(812544K), 0.0011034 secs] [Times: user=0.00 sys=0.00, real=0.00 secs] 
2024-10-04T21:36:02.550+0300: 77.760: Total time for which application threads were stopped: 0.0013792 seconds, Stopping threads took: 0.0001251 seconds
2024-10-04T21:36:02.927+0300: 78.131: Application time: 0.3706971 seconds
2024-10-04T21:36:02.927+0300: 78.131: [GC (Allocation Failure) [PSYoungGen: 265024K->4448K(266240K)] 275651K->15083K(812544K), 0.0009295 secs] [Times: user=0.00 sys=0.00, real=0.00 secs] 
2024-10-04T21:36:02.927+0300: 78.132: Total time for which application threads were stopped: 0.0011852 seconds, Stopping threads took: 0.0001411 seconds
2024-10-04T21:36:03.287+0300: 78.502: Application time: 0.3702656 seconds
2024-10-04T21:36:03.287+0300: 78.502: [GC (Allocation Failure) [PSYoungGen: 263251K->5440K(266240K)] 273886K->16091K(812544K), 0.0012992 secs] [Times: user=0.00 sys=0.00, real=0.02 secs] 
2024-10-04T21:36:03.303+0300: 78.504: Total time for which application threads were stopped: 0.0016997 seconds, Stopping threads took: 0.0001700 seconds
2024-10-04T21:36:03.665+0300: 78.872: Application time: 0.3682168 seconds
2024-10-04T21:36:03.665+0300: 78.872: [GC (Allocation Failure) [PSYoungGen: 264441K->5440K(266240K)] 275092K->16099K(812544K), 0.0009681 secs] [Times: user=0.00 sys=0.00, real=0.00 secs] 
2024-10-04T21:36:03.665+0300: 78.873: Total time for which application threads were stopped: 0.0012108 seconds, Stopping threads took: 0.0001154 seconds
2024-10-04T21:36:04.028+0300: 79.241: Application time: 0.3673440 seconds
2024-10-04T21:36:04.028+0300: 79.241: [GC (Allocation Failure) [PSYoungGen: 264226K->4368K(266240K)] 274885K->15035K(812544K), 0.0011494 secs] [Times: user=0.01 sys=0.00, real=0.01 secs] 
2024-10-04T21:36:04.041+0300: 79.242: Total time for which application threads were stopped: 0.0014885 seconds, Stopping threads took: 0.0001700 seconds
2024-10-04T21:36:04.401+0300: 79.615: Application time: 0.3723590 seconds
2024-10-04T21:36:04.401+0300: 79.615: [GC (Allocation Failure) [PSYoungGen: 263952K->4448K(266240K)] 274619K->15123K(812544K), 0.0010701 secs] [Times: user=0.00 sys=0.00, real=0.00 secs] 
2024-10-04T21:36:04.401+0300: 79.616: Total time for which application threads were stopped: 0.0013800 seconds, Stopping threads took: 0.0001568 seconds
2024-10-04T21:36:04.778+0300: 79.984: Application time: 0.3678495 seconds
2024-10-04T21:36:04.778+0300: 79.984: [GC (Allocation Failure) [PSYoungGen: 264032K->3312K(266240K)] 274707K->14103K(812544K), 0.0008087 secs] [Times: user=0.00 sys=0.00, real=0.00 secs] 
2024-10-04T21:36:04.778+0300: 79.985: Total time for which application threads were stopped: 0.0010357 seconds, Stopping threads took: 0.0001042 seconds
2024-10-04T21:36:05.155+0300: 80.360: Application time: 0.3755222 seconds
2024-10-04T21:36:05.155+0300: 80.361: [GC (Allocation Failure) [PSYoungGen: 262300K->4384K(266240K)] 273091K->15223K(812544K), 0.0009879 secs] [Times: user=0.00 sys=0.00, real=0.00 secs] 
2024-10-04T21:36:05.155+0300: 80.362: Total time for which application threads were stopped: 0.0013462 seconds, Stopping threads took: 0.0001584 seconds
2024-10-04T21:36:05.516+0300: 80.727: Application time: 0.3657256 seconds
2024-10-04T21:36:05.516+0300: 80.728: [GC (Allocation Failure) [PSYoungGen: 263209K->5440K(266240K)] 274048K->16295K(812544K), 0.0011546 secs] [Times: user=0.00 sys=0.00, real=0.00 secs] 
2024-10-04T21:36:05.516+0300: 80.729: Total time for which application threads were stopped: 0.0014610 seconds, Stopping threads took: 0.0001547 seconds
2024-10-04T21:36:05.892+0300: 81.097: Application time: 0.3685583 seconds
2024-10-04T21:36:05.892+0300: 81.098: [GC (Allocation Failure) [PSYoungGen: 264443K->3408K(266240K)] 275298K->14279K(812544K), 0.0008368 secs] [Times: user=0.00 sys=0.00, real=0.00 secs] 
2024-10-04T21:36:05.892+0300: 81.099: Total time for which application threads were stopped: 0.0011192 seconds, Stopping threads took: 0.0001696 seconds
2024-10-04T21:36:06.269+0300: 81.471: Application time: 0.3726249 seconds
2024-10-04T21:36:06.269+0300: 81.471: [GC (Allocation Failure) [PSYoungGen: 262236K->5424K(266240K)] 273108K->16303K(812544K), 0.0011778 secs] [Times: user=0.00 sys=0.00, real=0.00 secs] 
2024-10-04T21:36:06.269+0300: 81.473: Total time for which application threads were stopped: 0.0014724 seconds, Stopping threads took: 0.0001070 seconds
2024-10-04T21:36:06.633+0300: 81.841: Application time: 0.3682623 seconds
2024-10-04T21:36:06.633+0300: 81.841: [GC (Allocation Failure) [PSYoungGen: 264713K->5408K(266240K)] 275592K->16295K(812544K), 0.0011602 secs] [Times: user=0.00 sys=0.00, real=0.00 secs] 
2024-10-04T21:36:06.633+0300: 81.842: Total time for which application threads were stopped: 0.0014594 seconds, Stopping threads took: 0.0001599 seconds
2024-10-04T21:36:07.007+0300: 82.210: Application time: 0.3674242 seconds
2024-10-04T21:36:07.007+0300: 82.210: [GC (Allocation Failure) [PSYoungGen: 263979K->5440K(265216K)] 274866K->16335K(811520K), 0.0011279 secs] [Times: user=0.00 sys=0.00, real=0.00 secs] 
2024-10-04T21:36:07.007+0300: 82.211: Total time for which application threads were stopped: 0.0014076 seconds, Stopping threads took: 0.0001456 seconds
2024-10-04T21:36:07.379+0300: 82.584: Application time: 0.3726727 seconds
2024-10-04T21:36:07.383+0300: 82.584: [GC (Allocation Failure) [PSYoungGen: 263517K->4384K(265728K)] 274412K->15287K(812032K), 0.0012330 secs] [Times: user=0.00 sys=0.00, real=0.00 secs] 
2024-10-04T21:36:07.383+0300: 82.585: Total time for which application threads were stopped: 0.0016058 seconds, Stopping threads took: 0.0001785 seconds
2024-10-04T21:36:07.745+0300: 82.953: Application time: 0.3677534 seconds
2024-10-04T21:36:07.745+0300: 82.953: [GC (Allocation Failure) [PSYoungGen: 262018K->3504K(266240K)] 272921K->14415K(812544K), 0.0008673 secs] [Times: user=0.00 sys=0.00, real=0.00 secs] 
2024-10-04T21:36:07.745+0300: 82.954: Total time for which application threads were stopped: 0.0011387 seconds, Stopping threads took: 0.0001515 seconds
2024-10-04T21:36:08.121+0300: 83.323: Application time: 0.3684142 seconds
2024-10-04T21:36:08.121+0300: 83.323: [GC (Allocation Failure) [PSYoungGen: 262503K->5376K(265216K)] 273414K->16295K(811520K), 0.0012029 secs] [Times: user=0.00 sys=0.00, real=0.00 secs] 
2024-10-04T21:36:08.121+0300: 83.324: Total time for which application threads were stopped: 0.0015092 seconds, Stopping threads took: 0.0001252 seconds
2024-10-04T21:36:08.482+0300: 83.694: Application time: 0.3695968 seconds
2024-10-04T21:36:08.482+0300: 83.694: [GC (Allocation Failure) [PSYoungGen: 264464K->5424K(265728K)] 275383K->16359K(812032K), 0.0012459 secs] [Times: user=0.00 sys=0.00, real=0.00 secs] 
2024-10-04T21:36:08.482+0300: 83.695: Total time for which application threads were stopped: 0.0015390 seconds, Stopping threads took: 0.0001630 seconds
2024-10-04T21:36:08.859+0300: 84.062: Application time: 0.3670619 seconds
2024-10-04T21:36:08.859+0300: 84.063: [GC (Allocation Failure) [PSYoungGen: 263944K->3392K(265728K)] 274880K->14367K(812032K), 0.0008794 secs] [Times: user=0.00 sys=0.00, real=0.00 secs] 
2024-10-04T21:36:08.859+0300: 84.064: Total time for which application threads were stopped: 0.0011410 seconds, Stopping threads took: 0.0001416 seconds
2024-10-04T21:36:09.219+0300: 84.432: Application time: 0.3685808 seconds
2024-10-04T21:36:09.219+0300: 84.433: [GC (Allocation Failure) [PSYoungGen: 261272K->5408K(265728K)] 272247K->16431K(812032K), 0.0014273 secs] [Times: user=0.00 sys=0.00, real=0.00 secs] 
2024-10-04T21:36:09.219+0300: 84.434: Total time for which application threads were stopped: 0.0018723 seconds, Stopping threads took: 0.0002397 seconds
2024-10-04T21:36:09.595+0300: 84.806: Application time: 0.3715338 seconds
2024-10-04T21:36:09.595+0300: 84.806: [GC (Allocation Failure) [PSYoungGen: 263447K->2352K(265728K)] 274470K->13391K(812032K), 0.0007601 secs] [Times: user=0.00 sys=0.00, real=0.00 secs] 
2024-10-04T21:36:09.595+0300: 84.807: Total time for which application threads were stopped: 0.0010949 seconds, Stopping threads took: 0.0002102 seconds
2024-10-04T21:36:09.957+0300: 85.171: Application time: 0.3644640 seconds
2024-10-04T21:36:09.957+0300: 85.171: [GC (Allocation Failure) [PSYoungGen: 260912K->4448K(265728K)] 271951K->15495K(812032K), 0.0009499 secs] [Times: user=0.00 sys=0.00, real=0.00 secs] 
2024-10-04T21:36:09.957+0300: 85.172: Total time for which application threads were stopped: 0.0012815 seconds, Stopping threads took: 0.0001900 seconds
2024-10-04T21:36:10.349+0300: 85.551: Application time: 0.3788583 seconds
2024-10-04T21:36:10.349+0300: 85.552: [GC (Allocation Failure) [PSYoungGen: 263008K->4384K(265728K)] 274055K->15447K(812032K), 0.0009419 secs] [Times: user=0.00 sys=0.00, real=0.00 secs] 
2024-10-04T21:36:10.349+0300: 85.553: Total time for which application threads were stopped: 0.0012302 seconds, Stopping threads took: 0.0001470 seconds
2024-10-04T21:36:10.725+0300: 85.929: Application time: 0.3764572 seconds
2024-10-04T21:36:10.725+0300: 85.929: [GC (Allocation Failure) [PSYoungGen: 262944K->4400K(266240K)] 274007K->15539K(812544K), 0.0008299 secs] [Times: user=0.00 sys=0.00, real=0.00 secs] 
2024-10-04T21:36:10.725+0300: 85.930: Total time for which application threads were stopped: 0.0010865 seconds, Stopping threads took: 0.0001250 seconds
2024-10-04T21:36:11.102+0300: 86.304: Application time: 0.3738960 seconds
2024-10-04T21:36:11.102+0300: 86.304: [GC (Allocation Failure) [PSYoungGen: 263476K->5392K(266240K)] 274615K->16607K(812544K), 0.0010911 secs] [Times: user=0.00 sys=0.00, real=0.00 secs] 
2024-10-04T21:36:11.102+0300: 86.305: Total time for which application threads were stopped: 0.0014272 seconds, Stopping threads took: 0.0001838 seconds
2024-10-04T21:36:11.463+0300: 86.673: Application time: 0.3676022 seconds
2024-10-04T21:36:11.463+0300: 86.673: [GC (Allocation Failure) [PSYoungGen: 264976K->4448K(266240K)] 276191K->15671K(812544K), 0.0009641 secs] [Times: user=0.00 sys=0.00, real=0.00 secs] 
2024-10-04T21:36:11.463+0300: 86.674: Total time for which application threads were stopped: 0.0012508 seconds, Stopping threads took: 0.0001553 seconds
2024-10-04T21:36:11.840+0300: 87.041: Application time: 0.3667800 seconds
2024-10-04T21:36:11.840+0300: 87.041: [GC (Allocation Failure) [PSYoungGen: 263520K->4480K(266240K)] 274743K->15711K(812544K), 0.0010398 secs] [Times: user=0.00 sys=0.00, real=0.00 secs] 
2024-10-04T21:36:11.840+0300: 87.042: Total time for which application threads were stopped: 0.0013507 seconds, Stopping threads took: 0.0001724 seconds
2024-10-04T21:36:12.201+0300: 87.416: Application time: 0.3738660 seconds
2024-10-04T21:36:12.201+0300: 87.417: [GC (Allocation Failure) [PSYoungGen: 263274K->5424K(266240K)] 274506K->16663K(812544K), 0.0013183 secs] [Times: user=0.02 sys=0.00, real=0.02 secs] 
2024-10-04T21:36:12.216+0300: 87.418: Total time for which application threads were stopped: 0.0016259 seconds, Stopping threads took: 0.0001621 seconds
2024-10-04T21:36:12.578+0300: 87.785: Application time: 0.3670690 seconds
2024-10-04T21:36:12.578+0300: 87.785: [GC (Allocation Failure) [PSYoungGen: 265008K->4448K(266240K)] 276247K->15695K(812544K), 0.0009734 secs] [Times: user=0.00 sys=0.00, real=0.00 secs] 
2024-10-04T21:36:12.578+0300: 87.786: Total time for which application threads were stopped: 0.0012606 seconds, Stopping threads took: 0.0001306 seconds
2024-10-04T21:36:12.946+0300: 88.155: Application time: 0.3684633 seconds
2024-10-04T21:36:12.954+0300: 88.155: [GC (Allocation Failure) [PSYoungGen: 263487K->4352K(266752K)] 274734K->15607K(813056K), 0.0010744 secs] [Times: user=0.00 sys=0.00, real=0.00 secs] 
2024-10-04T21:36:12.954+0300: 88.156: Total time for which application threads were stopped: 0.0013717 seconds, Stopping threads took: 0.0001384 seconds
2024-10-04T21:36:13.331+0300: 88.531: Application time: 0.3753264 seconds
2024-10-04T21:36:13.331+0300: 88.532: [GC (Allocation Failure) [PSYoungGen: 264448K->4448K(266240K)] 275703K->15711K(812544K), 0.0010227 secs] [Times: user=0.00 sys=0.00, real=0.00 secs] 
2024-10-04T21:36:13.331+0300: 88.533: Total time for which application threads were stopped: 0.0013751 seconds, Stopping threads took: 0.0002174 seconds
2024-10-04T21:36:13.691+0300: 88.905: Application time: 0.3719293 seconds
2024-10-04T21:36:13.691+0300: 88.905: [GC (Allocation Failure) [PSYoungGen: 264536K->3408K(266752K)] 275799K->14679K(813056K), 0.0007643 secs] [Times: user=0.00 sys=0.00, real=0.00 secs] 
2024-10-04T21:36:13.691+0300: 88.906: Total time for which application threads were stopped: 0.0010376 seconds, Stopping threads took: 0.0001632 seconds
2024-10-04T21:36:14.068+0300: 89.275: Application time: 0.3690869 seconds
2024-10-04T21:36:14.068+0300: 89.275: [GC (Allocation Failure) [PSYoungGen: 263305K->4448K(266752K)] 274576K->15727K(813056K), 0.0010326 secs] [Times: user=0.00 sys=0.00, real=0.00 secs] 
2024-10-04T21:36:14.068+0300: 89.276: Total time for which application threads were stopped: 0.0012876 seconds, Stopping threads took: 0.0000979 seconds
2024-10-04T21:36:14.444+0300: 89.648: Application time: 0.3718152 seconds
2024-10-04T21:36:14.444+0300: 89.648: [GC (Allocation Failure) [PSYoungGen: 265056K->4384K(266752K)] 276335K->15679K(813056K), 0.0009427 secs] [Times: user=0.00 sys=0.00, real=0.00 secs] 
2024-10-04T21:36:14.444+0300: 89.649: Total time for which application threads were stopped: 0.0012616 seconds, Stopping threads took: 0.0001650 seconds
2024-10-04T21:36:14.806+0300: 90.017: Application time: 0.3676811 seconds
2024-10-04T21:36:14.806+0300: 90.017: [GC (Allocation Failure) [PSYoungGen: 264467K->4464K(266752K)] 275763K->15767K(813056K), 0.0009519 secs] [Times: user=0.00 sys=0.00, real=0.00 secs] 
2024-10-04T21:36:14.806+0300: 90.018: Total time for which application threads were stopped: 0.0012647 seconds, Stopping threads took: 0.0001800 seconds
2024-10-04T21:36:15.182+0300: 90.391: Application time: 0.3731946 seconds
2024-10-04T21:36:15.182+0300: 90.392: [GC (Allocation Failure) [PSYoungGen: 264349K->5424K(266240K)] 275652K->16735K(812544K), 0.0013259 secs] [Times: user=0.00 sys=0.00, real=0.00 secs] 
2024-10-04T21:36:15.182+0300: 90.393: Total time for which application threads were stopped: 0.0017277 seconds, Stopping threads took: 0.0001957 seconds
2024-10-04T21:36:15.559+0300: 90.761: Application time: 0.3681789 seconds
2024-10-04T21:36:15.559+0300: 90.762: [GC (Allocation Failure) [PSYoungGen: 265317K->4400K(266752K)] 276629K->15719K(813056K), 0.0009898 secs] [Times: user=0.00 sys=0.00, real=0.00 secs] 
2024-10-04T21:36:15.559+0300: 90.763: Total time for which application threads were stopped: 0.0012979 seconds, Stopping threads took: 0.0001783 seconds
2024-10-04T21:36:15.920+0300: 91.131: Application time: 0.3687568 seconds
2024-10-04T21:36:15.920+0300: 91.132: [GC (Allocation Failure) [PSYoungGen: 264300K->4384K(266752K)] 275619K->15779K(813056K), 0.0009245 secs] [Times: user=0.00 sys=0.00, real=0.00 secs] 
2024-10-04T21:36:15.920+0300: 91.133: Total time for which application threads were stopped: 0.0012262 seconds, Stopping threads took: 0.0001790 seconds
2024-10-04T21:36:16.296+0300: 91.508: Application time: 0.3750121 seconds
2024-10-04T21:36:16.296+0300: 91.508: [GC (Allocation Failure) [PSYoungGen: 264525K->5440K(266752K)] 275920K->16851K(813056K), 0.0012536 secs] [Times: user=0.00 sys=0.00, real=0.00 secs] 
2024-10-04T21:36:16.296+0300: 91.509: Total time for which application threads were stopped: 0.0015824 seconds, Stopping threads took: 0.0001824 seconds
2024-10-04T21:36:16.673+0300: 91.879: Application time: 0.3699266 seconds
2024-10-04T21:36:16.673+0300: 91.879: [GC (Allocation Failure) [PSYoungGen: 266048K->4384K(266752K)] 277459K->15819K(813056K), 0.0010572 secs] [Times: user=0.00 sys=0.00, real=0.00 secs] 
2024-10-04T21:36:16.673+0300: 91.880: Total time for which application threads were stopped: 0.0013307 seconds, Stopping threads took: 0.0001405 seconds
2024-10-04T21:36:17.033+0300: 92.249: Application time: 0.3681165 seconds
2024-10-04T21:36:17.033+0300: 92.249: [GC (Allocation Failure) [PSYoungGen: 264180K->5376K(266752K)] 275615K->16887K(813056K), 0.0013385 secs] [Times: user=0.02 sys=0.00, real=0.02 secs] 
2024-10-04T21:36:17.049+0300: 92.250: Total time for which application threads were stopped: 0.0017108 seconds, Stopping threads took: 0.0002034 seconds
2024-10-04T21:36:17.410+0300: 92.622: Application time: 0.3716573 seconds
2024-10-04T21:36:17.410+0300: 92.622: [GC (Allocation Failure) [PSYoungGen: 265689K->5408K(266752K)] 277200K->16999K(813056K), 0.0012762 secs] [Times: user=0.00 sys=0.00, real=0.00 secs] 
2024-10-04T21:36:17.410+0300: 92.624: Total time for which application threads were stopped: 0.0016434 seconds, Stopping threads took: 0.0002209 seconds
2024-10-04T21:36:17.787+0300: 92.996: Application time: 0.3728921 seconds
2024-10-04T21:36:17.787+0300: 92.997: [GC (Allocation Failure) [PSYoungGen: 266016K->4448K(266752K)] 277607K->16047K(813056K), 0.0009856 secs] [Times: user=0.00 sys=0.00, real=0.00 secs] 
2024-10-04T21:36:17.787+0300: 92.998: Total time for which application threads were stopped: 0.0012834 seconds, Stopping threads took: 0.0001626 seconds
2024-10-04T21:36:18.164+0300: 93.370: Application time: 0.3717531 seconds
2024-10-04T21:36:18.164+0300: 93.370: [GC (Allocation Failure) [PSYoungGen: 264719K->5456K(265728K)] 276318K->17071K(812032K), 0.0010718 secs] [Times: user=0.00 sys=0.00, real=0.00 secs] 
2024-10-04T21:36:18.164+0300: 93.371: Total time for which application threads were stopped: 0.0013775 seconds, Stopping threads took: 0.0001541 seconds
2024-10-04T21:36:18.525+0300: 93.740: Application time: 0.3693923 seconds
2024-10-04T21:36:18.525+0300: 93.741: [GC (Allocation Failure) [PSYoungGen: 265040K->4464K(266240K)] 276655K->16087K(812544K), 0.0010769 secs] [Times: user=0.00 sys=0.00, real=0.01 secs] 
2024-10-04T21:36:18.540+0300: 93.742: Total time for which application threads were stopped: 0.0014313 seconds, Stopping threads took: 0.0002144 seconds
2024-10-04T21:36:18.902+0300: 94.109: Application time: 0.3668333 seconds
2024-10-04T21:36:18.902+0300: 94.109: [GC (Allocation Failure) [PSYoungGen: 264048K->4416K(266752K)] 275671K->16047K(813056K), 0.0009598 secs] [Times: user=0.00 sys=0.00, real=0.00 secs] 
2024-10-04T21:36:18.902+0300: 94.110: Total time for which application threads were stopped: 0.0012418 seconds, Stopping threads took: 0.0001613 seconds
2024-10-04T21:36:19.278+0300: 94.483: Application time: 0.3730570 seconds
2024-10-04T21:36:19.278+0300: 94.483: [GC (Allocation Failure) [PSYoungGen: 264466K->5440K(266752K)] 276098K->17079K(813056K), 0.0011573 secs] [Times: user=0.00 sys=0.00, real=0.00 secs] 
2024-10-04T21:36:19.278+0300: 94.485: Total time for which application threads were stopped: 0.0016186 seconds, Stopping threads took: 0.0002568 seconds
2024-10-04T21:36:19.654+0300: 94.858: Application time: 0.3738659 seconds
2024-10-04T21:36:19.654+0300: 94.859: [GC (Allocation Failure) [PSYoungGen: 265149K->3456K(265728K)] 276788K->15103K(812032K), 0.0011546 secs] [Times: user=0.00 sys=0.00, real=0.00 secs] 
2024-10-04T21:36:19.654+0300: 94.860: Total time for which application threads were stopped: 0.0015175 seconds, Stopping threads took: 0.0001516 seconds
2024-10-04T21:36:20.031+0300: 95.234: Application time: 0.3738419 seconds
2024-10-04T21:36:20.031+0300: 95.234: [GC (Allocation Failure) [PSYoungGen: 262576K->4400K(266240K)] 274223K->16055K(812544K), 0.0013703 secs] [Times: user=0.00 sys=0.00, real=0.00 secs] 
2024-10-04T21:36:20.031+0300: 95.235: Total time for which application threads were stopped: 0.0016415 seconds, Stopping threads took: 0.0001254 seconds
2024-10-04T21:36:20.407+0300: 95.620: Application time: 0.3843472 seconds
2024-10-04T21:36:20.407+0300: 95.620: [GC (Allocation Failure) [PSYoungGen: 263974K->3392K(265728K)] 275629K->15055K(812032K), 0.0012799 secs] [Times: user=0.00 sys=0.00, real=0.00 secs] 
2024-10-04T21:36:20.407+0300: 95.621: Total time for which application threads were stopped: 0.0016161 seconds, Stopping threads took: 0.0001930 seconds
2024-10-04T21:36:20.784+0300: 95.985: Application time: 0.3637201 seconds
2024-10-04T21:36:20.784+0300: 95.985: [GC (Allocation Failure) [PSYoungGen: 262386K->4480K(266240K)] 274050K->16151K(812544K), 0.0010382 secs] [Times: user=0.00 sys=0.00, real=0.00 secs] 
2024-10-04T21:36:20.784+0300: 95.986: Total time for which application threads were stopped: 0.0013585 seconds, Stopping threads took: 0.0001582 seconds
2024-10-04T21:36:21.160+0300: 96.362: Application time: 0.3752936 seconds
2024-10-04T21:36:21.160+0300: 96.362: [GC (Allocation Failure) [PSYoungGen: 263567K->5392K(265728K)] 275238K->17079K(812032K), 0.0012953 secs] [Times: user=0.00 sys=0.00, real=0.00 secs] 
2024-10-04T21:36:21.162+0300: 96.363: Total time for which application threads were stopped: 0.0016138 seconds, Stopping threads took: 0.0001565 seconds
2024-10-04T21:36:21.537+0300: 96.738: Application time: 0.3746855 seconds
2024-10-04T21:36:21.537+0300: 96.738: [GC (Allocation Failure) [PSYoungGen: 264853K->2368K(266240K)] 276540K->14063K(812544K), 0.0007841 secs] [Times: user=0.00 sys=0.00, real=0.00 secs] 
2024-10-04T21:36:21.537+0300: 96.739: Total time for which application threads were stopped: 0.0011228 seconds, Stopping threads took: 0.0001694 seconds
2024-10-04T21:36:21.898+0300: 97.105: Application time: 0.3657923 seconds
2024-10-04T21:36:21.898+0300: 97.105: [GC (Allocation Failure) [PSYoungGen: 261343K->5440K(266240K)] 273038K->17151K(812544K), 0.0011967 secs] [Times: user=0.00 sys=0.00, real=0.00 secs] 
2024-10-04T21:36:21.898+0300: 97.107: Total time for which application threads were stopped: 0.0015741 seconds, Stopping threads took: 0.0002052 seconds
2024-10-04T21:36:22.274+0300: 97.487: Application time: 0.3806389 seconds
2024-10-04T21:36:22.274+0300: 97.487: [GC (Allocation Failure) [PSYoungGen: 264365K->4416K(266240K)] 276076K->16167K(812544K), 0.0010864 secs] [Times: user=0.00 sys=0.00, real=0.00 secs] 
2024-10-04T21:36:22.274+0300: 97.489: Total time for which application threads were stopped: 0.0013661 seconds, Stopping threads took: 0.0001286 seconds
2024-10-04T21:36:22.653+0300: 97.854: Application time: 0.3655050 seconds
2024-10-04T21:36:22.653+0300: 97.854: [GC (Allocation Failure) [PSYoungGen: 263203K->4448K(266240K)] 274954K->16207K(812544K), 0.0010113 secs] [Times: user=0.00 sys=0.00, real=0.00 secs] 
2024-10-04T21:36:22.653+0300: 97.855: Total time for which application threads were stopped: 0.0013155 seconds, Stopping threads took: 0.0001414 seconds
2024-10-04T21:36:23.027+0300: 98.235: Application time: 0.3793453 seconds
2024-10-04T21:36:23.027+0300: 98.235: [GC (Allocation Failure) [PSYoungGen: 263343K->5408K(266240K)] 275102K->17247K(812544K), 0.0013500 secs] [Times: user=0.00 sys=0.00, real=0.00 secs] 
2024-10-04T21:36:23.027+0300: 98.236: Total time for which application threads were stopped: 0.0017446 seconds, Stopping threads took: 0.0002352 seconds
2024-10-04T21:36:23.404+0300: 98.611: Application time: 0.3748638 seconds
2024-10-04T21:36:23.404+0300: 98.612: [GC (Allocation Failure) [PSYoungGen: 264366K->5456K(266240K)] 276206K->17311K(812544K), 0.0011628 secs] [Times: user=0.00 sys=0.00, real=0.00 secs] 
2024-10-04T21:36:23.404+0300: 98.613: Total time for which application threads were stopped: 0.0014886 seconds, Stopping threads took: 0.0001637 seconds
2024-10-04T21:36:23.768+0300: 98.979: Application time: 0.3664546 seconds
2024-10-04T21:36:23.768+0300: 98.980: [GC (Allocation Failure) [PSYoungGen: 264242K->4416K(266240K)] 276097K->16347K(812544K), 0.0010895 secs] [Times: user=0.00 sys=0.00, real=0.00 secs] 
2024-10-04T21:36:23.768+0300: 98.981: Total time for which application threads were stopped: 0.0014567 seconds, Stopping threads took: 0.0002010 seconds
2024-10-04T21:36:24.141+0300: 99.357: Application time: 0.3760175 seconds
2024-10-04T21:36:24.141+0300: 99.357: [GC (Allocation Failure) [PSYoungGen: 263407K->4352K(266240K)] 275338K->16339K(812544K), 0.0012279 secs] [Times: user=0.00 sys=0.00, real=0.01 secs] 
2024-10-04T21:36:24.156+0300: 99.358: Total time for which application threads were stopped: 0.0015704 seconds, Stopping threads took: 0.0001697 seconds
2024-10-04T21:36:24.518+0300: 99.728: Application time: 0.3698793 seconds
2024-10-04T21:36:24.518+0300: 99.729: [GC (Allocation Failure) [PSYoungGen: 263271K->5424K(266240K)] 275259K->17427K(812544K), 0.0011989 secs] [Times: user=0.00 sys=0.00, real=0.00 secs] 
2024-10-04T21:36:24.518+0300: 99.730: Total time for which application threads were stopped: 0.0016547 seconds, Stopping threads took: 0.0003083 seconds
2024-10-04T21:36:24.894+0300: 100.098: Application time: 0.3679669 seconds
2024-10-04T21:36:24.894+0300: 100.098: [GC (Allocation Failure) [PSYoungGen: 264288K->5440K(266240K)] 276292K->17459K(812544K), 0.0012335 secs] [Times: user=0.00 sys=0.00, real=0.00 secs] 
2024-10-04T21:36:24.894+0300: 100.099: Total time for which application threads were stopped: 0.0015779 seconds, Stopping threads took: 0.0001490 seconds
2024-10-04T21:36:25.272+0300: 100.474: Application time: 0.3748011 seconds
2024-10-04T21:36:25.272+0300: 100.474: [GC (Allocation Failure) [PSYoungGen: 264411K->5440K(266240K)] 276430K->17467K(812544K), 0.0012495 secs] [Times: user=0.00 sys=0.00, real=0.00 secs] 
2024-10-04T21:36:25.272+0300: 100.476: Total time for which application threads were stopped: 0.0016035 seconds, Stopping threads took: 0.0001836 seconds
2024-10-04T21:36:25.647+0300: 100.849: Application time: 0.3729290 seconds
2024-10-04T21:36:25.647+0300: 100.849: [GC (Allocation Failure) [PSYoungGen: 264426K->3424K(266240K)] 276454K->15459K(812544K), 0.0009033 secs] [Times: user=0.00 sys=0.00, real=0.00 secs] 
2024-10-04T21:36:25.647+0300: 100.850: Total time for which application threads were stopped: 0.0011948 seconds, Stopping threads took: 0.0001169 seconds
2024-10-04T21:36:26.008+0300: 101.219: Application time: 0.3690239 seconds
2024-10-04T21:36:26.008+0300: 101.219: [GC (Allocation Failure) [PSYoungGen: 262195K->5392K(265216K)] 274231K->17443K(811520K), 0.0012885 secs] [Times: user=0.00 sys=0.00, real=0.00 secs] 
2024-10-04T21:36:26.008+0300: 101.221: Total time for which application threads were stopped: 0.0015780 seconds, Stopping threads took: 0.0001335 seconds
2024-10-04T21:36:26.385+0300: 101.592: Application time: 0.3718509 seconds
2024-10-04T21:36:26.385+0300: 101.593: [GC (Allocation Failure) [PSYoungGen: 264197K->5408K(265728K)] 276248K->17475K(812032K), 0.0012487 secs] [Times: user=0.00 sys=0.00, real=0.00 secs] 
2024-10-04T21:36:26.385+0300: 101.594: Total time for which application threads were stopped: 0.0016593 seconds, Stopping threads took: 0.0002398 seconds
2024-10-04T21:36:26.746+0300: 101.959: Application time: 0.3645699 seconds
2024-10-04T21:36:26.746+0300: 101.959: [GC (Allocation Failure) [PSYoungGen: 263239K->4432K(265728K)] 275307K->16507K(812032K), 0.0010067 secs] [Times: user=0.00 sys=0.00, real=0.00 secs] 
2024-10-04T21:36:26.746+0300: 101.960: Total time for which application threads were stopped: 0.0013088 seconds, Stopping threads took: 0.0001642 seconds
2024-10-04T21:36:27.138+0300: 102.339: Application time: 0.3789068 seconds
2024-10-04T21:36:27.138+0300: 102.339: [GC (Allocation Failure) [PSYoungGen: 262419K->5408K(265216K)] 274495K->17491K(811520K), 0.0013256 secs] [Times: user=0.00 sys=0.00, real=0.00 secs] 
2024-10-04T21:36:27.138+0300: 102.341: Total time for which application threads were stopped: 0.0016878 seconds, Stopping threads took: 0.0001843 seconds
2024-10-04T21:36:27.499+0300: 102.705: Application time: 0.3647654 seconds
2024-10-04T21:36:27.499+0300: 102.706: [GC (Allocation Failure) [PSYoungGen: 263910K->4480K(265728K)] 275994K->16571K(812032K), 0.0009067 secs] [Times: user=0.00 sys=0.00, real=0.00 secs] 
2024-10-04T21:36:27.499+0300: 102.707: Total time for which application threads were stopped: 0.0011989 seconds, Stopping threads took: 0.0001407 seconds
2024-10-04T21:36:27.859+0300: 103.071: Application time: 0.3642050 seconds
2024-10-04T21:36:27.859+0300: 103.071: [GC (Allocation Failure) [PSYoungGen: 262299K->4448K(266240K)] 274391K->16579K(812544K), 0.0008883 secs] [Times: user=0.00 sys=0.00, real=0.00 secs] 
2024-10-04T21:36:27.859+0300: 103.072: Total time for which application threads were stopped: 0.0012208 seconds, Stopping threads took: 0.0001886 seconds
2024-10-04T21:36:28.236+0300: 103.448: Application time: 0.3761617 seconds
2024-10-04T21:36:28.236+0300: 103.448: [GC (Allocation Failure) [PSYoungGen: 263384K->5440K(266240K)] 275516K->17579K(812544K), 0.0013025 secs] [Times: user=0.00 sys=0.00, real=0.00 secs] 
2024-10-04T21:36:28.236+0300: 103.450: Total time for which application threads were stopped: 0.0016156 seconds, Stopping threads took: 0.0001628 seconds
2024-10-04T21:36:28.613+0300: 103.819: Application time: 0.3691317 seconds
2024-10-04T21:36:28.613+0300: 103.819: [GC (Allocation Failure) [PSYoungGen: 265024K->5440K(266240K)] 277163K->17587K(812544K), 0.0010322 secs] [Times: user=0.00 sys=0.00, real=0.00 secs] 
2024-10-04T21:36:28.613+0300: 103.820: Total time for which application threads were stopped: 0.0012911 seconds, Stopping threads took: 0.0001253 seconds
2024-10-04T21:36:28.979+0300: 104.186: Application time: 0.3659865 seconds
2024-10-04T21:36:28.979+0300: 104.186: [GC (Allocation Failure) [PSYoungGen: 265024K->3376K(263168K)] 277171K->15599K(809472K), 0.0007334 secs] [Times: user=0.00 sys=0.00, real=0.00 secs] 
2024-10-04T21:36:28.979+0300: 104.187: Total time for which application threads were stopped: 0.0010082 seconds, Stopping threads took: 0.0001483 seconds
2024-10-04T21:36:29.350+0300: 104.564: Application time: 0.3764639 seconds
2024-10-04T21:36:29.350+0300: 104.564: [GC (Allocation Failure) [PSYoungGen: 262960K->3424K(265728K)] 275183K->15655K(812032K), 0.0008456 secs] [Times: user=0.00 sys=0.00, real=0.00 secs] 
2024-10-04T21:36:29.350+0300: 104.565: Total time for which application threads were stopped: 0.0011939 seconds, Stopping threads took: 0.0002148 seconds
2024-10-04T21:36:29.727+0300: 104.933: Application time: 0.3679926 seconds
2024-10-04T21:36:29.727+0300: 104.933: [GC (Allocation Failure) [PSYoungGen: 261969K->2448K(265728K)] 274201K->14695K(812032K), 0.0007314 secs] [Times: user=0.00 sys=0.00, real=0.00 secs] 
2024-10-04T21:36:29.727+0300: 104.934: Total time for which application threads were stopped: 0.0010522 seconds, Stopping threads took: 0.0001884 seconds
2024-10-04T21:36:30.103+0300: 105.306: Application time: 0.3720414 seconds
2024-10-04T21:36:30.103+0300: 105.306: [GC (Allocation Failure) [PSYoungGen: 260600K->4384K(266240K)] 272848K->16700K(812544K), 0.0009591 secs] [Times: user=0.00 sys=0.00, real=0.00 secs] 
2024-10-04T21:36:30.103+0300: 105.307: Total time for which application threads were stopped: 0.0012818 seconds, Stopping threads took: 0.0001852 seconds
2024-10-04T21:36:30.464+0300: 105.673: Application time: 0.3662675 seconds
2024-10-04T21:36:30.464+0300: 105.674: [GC (Allocation Failure) [PSYoungGen: 263113K->4320K(265728K)] 275429K->16692K(812032K), 0.0009973 secs] [Times: user=0.00 sys=0.00, real=0.00 secs] 
2024-10-04T21:36:30.464+0300: 105.675: Total time for which application threads were stopped: 0.0013144 seconds, Stopping threads took: 0.0001719 seconds
2024-10-04T21:36:30.825+0300: 106.040: Application time: 0.3653853 seconds
2024-10-04T21:36:30.825+0300: 106.040: [GC (Allocation Failure) [PSYoungGen: 263092K->4464K(266240K)] 275464K->16844K(812544K), 0.0009314 secs] [Times: user=0.00 sys=0.00, real=0.02 secs] 
2024-10-04T21:36:30.841+0300: 106.041: Total time for which application threads were stopped: 0.0012206 seconds, Stopping threads took: 0.0001498 seconds
2024-10-04T21:36:31.218+0300: 106.422: Application time: 0.3810061 seconds
2024-10-04T21:36:31.218+0300: 106.423: [GC (Allocation Failure) [PSYoungGen: 264048K->3456K(266240K)] 276428K->15852K(812544K), 0.0009194 secs] [Times: user=0.00 sys=0.00, real=0.00 secs] 
2024-10-04T21:36:31.218+0300: 106.424: Total time for which application threads were stopped: 0.0012033 seconds, Stopping threads took: 0.0001375 seconds
2024-10-04T21:36:31.584+0300: 106.786: Application time: 0.3621035 seconds
2024-10-04T21:36:31.584+0300: 106.786: [GC (Allocation Failure) [PSYoungGen: 262324K->4480K(266752K)] 274720K->16884K(813056K), 0.0009722 secs] [Times: user=0.00 sys=0.00, real=0.00 secs] 
2024-10-04T21:36:31.584+0300: 106.787: Total time for which application threads were stopped: 0.0012614 seconds, Stopping threads took: 0.0001615 seconds
2024-10-04T21:36:31.940+0300: 107.152: Application time: 0.3654205 seconds
2024-10-04T21:36:31.940+0300: 107.153: [GC (Allocation Failure) [PSYoungGen: 263698K->4336K(266240K)] 276102K->16748K(812544K), 0.0009952 secs] [Times: user=0.00 sys=0.00, real=0.00 secs] 
2024-10-04T21:36:31.940+0300: 107.154: Total time for which application threads were stopped: 0.0013262 seconds, Stopping threads took: 0.0001899 seconds
2024-10-04T21:36:32.316+0300: 107.531: Application time: 0.3775494 seconds
2024-10-04T21:36:32.316+0300: 107.532: [GC (Allocation Failure) [PSYoungGen: 264021K->5440K(265728K)] 276433K->17860K(812032K), 0.0013954 secs] [Times: user=0.00 sys=0.00, real=0.02 secs] 
2024-10-04T21:36:32.332+0300: 107.533: Total time for which application threads were stopped: 0.0017228 seconds, Stopping threads took: 0.0001765 seconds
2024-10-04T21:36:32.693+0300: 107.900: Application time: 0.3666021 seconds
2024-10-04T21:36:32.693+0300: 107.900: [GC (Allocation Failure) [PSYoungGen: 264554K->5472K(266240K)] 276974K->17900K(812544K), 0.0010414 secs] [Times: user=0.00 sys=0.00, real=0.00 secs] 
2024-10-04T21:36:32.693+0300: 107.901: Total time for which application threads were stopped: 0.0013704 seconds, Stopping threads took: 0.0001824 seconds
2024-10-04T21:36:33.069+0300: 108.276: Application time: 0.3746595 seconds
2024-10-04T21:36:33.069+0300: 108.276: [GC (Allocation Failure) [PSYoungGen: 264067K->3424K(266240K)] 276495K->15860K(812544K), 0.0008544 secs] [Times: user=0.00 sys=0.00, real=0.00 secs] 
2024-10-04T21:36:33.069+0300: 108.277: Total time for which application threads were stopped: 0.0011157 seconds, Stopping threads took: 0.0001184 seconds
2024-10-04T21:36:33.430+0300: 108.641: Application time: 0.3642998 seconds
2024-10-04T21:36:33.430+0300: 108.641: [GC (Allocation Failure) [PSYoungGen: 262492K->5440K(266240K)] 274928K->17884K(812544K), 0.0013828 secs] [Times: user=0.00 sys=0.00, real=0.00 secs] 
2024-10-04T21:36:33.430+0300: 108.643: Total time for which application threads were stopped: 0.0016938 seconds, Stopping threads took: 0.0001665 seconds
2024-10-04T21:36:33.807+0300: 109.014: Application time: 0.3710462 seconds
2024-10-04T21:36:33.807+0300: 109.014: [GC (Allocation Failure) [PSYoungGen: 264183K->3408K(266240K)] 276627K->15868K(812544K), 0.0008067 secs] [Times: user=0.00 sys=0.00, real=0.00 secs] 
2024-10-04T21:36:33.807+0300: 109.015: Total time for which application threads were stopped: 0.0010912 seconds, Stopping threads took: 0.0001490 seconds
2024-10-04T21:36:34.183+0300: 109.387: Application time: 0.3723039 seconds
2024-10-04T21:36:34.183+0300: 109.387: [GC (Allocation Failure) [PSYoungGen: 262354K->4480K(266240K)] 274814K->16948K(812544K), 0.0008610 secs] [Times: user=0.00 sys=0.00, real=0.00 secs] 
2024-10-04T21:36:34.183+0300: 109.388: Total time for which application threads were stopped: 0.0011372 seconds, Stopping threads took: 0.0001470 seconds
2024-10-04T21:36:34.545+0300: 109.754: Application time: 0.3654614 seconds
2024-10-04T21:36:34.545+0300: 109.754: [GC (Allocation Failure) [PSYoungGen: 263223K->3424K(266240K)] 275691K->15932K(812544K), 0.0008859 secs] [Times: user=0.00 sys=0.00, real=0.00 secs] 
2024-10-04T21:36:34.545+0300: 109.755: Total time for which application threads were stopped: 0.0012053 seconds, Stopping threads took: 0.0001766 seconds
2024-10-04T21:36:34.923+0300: 110.124: Application time: 0.3693001 seconds
2024-10-04T21:36:34.923+0300: 110.125: [GC (Allocation Failure) [PSYoungGen: 263008K->3392K(266240K)] 275516K->15940K(812544K), 0.0007554 secs] [Times: user=0.00 sys=0.00, real=0.00 secs] 
2024-10-04T21:36:34.924+0300: 110.125: Total time for which application threads were stopped: 0.0010366 seconds, Stopping threads took: 0.0001417 seconds
2024-10-04T21:36:35.299+0300: 110.501: Application time: 0.3752188 seconds
2024-10-04T21:36:35.299+0300: 110.501: [GC (Allocation Failure) [PSYoungGen: 262240K->4480K(266240K)] 274788K->17036K(812544K), 0.0008701 secs] [Times: user=0.00 sys=0.00, real=0.00 secs] 
2024-10-04T21:36:35.299+0300: 110.502: Total time for which application threads were stopped: 0.0011362 seconds, Stopping threads took: 0.0001370 seconds
2024-10-04T21:36:35.660+0300: 110.869: Application time: 0.3671665 seconds
2024-10-04T21:36:35.660+0300: 110.869: [GC (Allocation Failure) [PSYoungGen: 263780K->3328K(266240K)] 276336K->15968K(812544K), 0.0008752 secs] [Times: user=0.00 sys=0.00, real=0.00 secs] 
2024-10-04T21:36:35.660+0300: 110.870: Total time for which application threads were stopped: 0.0012024 seconds, Stopping threads took: 0.0002023 seconds
2024-10-04T21:36:36.037+0300: 111.239: Application time: 0.3687259 seconds
2024-10-04T21:36:36.037+0300: 111.239: [GC (Allocation Failure) [PSYoungGen: 262102K->3424K(266752K)] 274742K->16072K(813056K), 0.0007870 secs] [Times: user=0.00 sys=0.00, real=0.00 secs] 
2024-10-04T21:36:36.037+0300: 111.240: Total time for which application threads were stopped: 0.0010817 seconds, Stopping threads took: 0.0001486 seconds
2024-10-04T21:36:36.413+0300: 111.615: Application time: 0.3751042 seconds
2024-10-04T21:36:36.413+0300: 111.615: [GC (Allocation Failure) [PSYoungGen: 263339K->4368K(266240K)] 275987K->17040K(812544K), 0.0009712 secs] [Times: user=0.00 sys=0.00, real=0.00 secs] 
2024-10-04T21:36:36.413+0300: 111.616: Total time for which application threads were stopped: 0.0012912 seconds, Stopping threads took: 0.0001682 seconds
2024-10-04T21:36:36.773+0300: 111.983: Application time: 0.3669424 seconds
2024-10-04T21:36:36.773+0300: 111.984: [GC (Allocation Failure) [PSYoungGen: 264464K->4432K(266752K)] 277136K->17180K(813056K), 0.0010005 secs] [Times: user=0.00 sys=0.00, real=0.00 secs] 
2024-10-04T21:36:36.773+0300: 111.985: Total time for which application threads were stopped: 0.0013405 seconds, Stopping threads took: 0.0001975 seconds
2024-10-04T21:36:37.150+0300: 112.361: Application time: 0.3764279 seconds
2024-10-04T21:36:37.150+0300: 112.361: [GC (Allocation Failure) [PSYoungGen: 264502K->3392K(266752K)] 277251K->16148K(813056K), 0.0007986 secs] [Times: user=0.00 sys=0.00, real=0.00 secs] 
2024-10-04T21:36:37.150+0300: 112.362: Total time for which application threads were stopped: 0.0010912 seconds, Stopping threads took: 0.0001689 seconds
2024-10-04T21:36:37.527+0300: 112.732: Application time: 0.3699161 seconds
2024-10-04T21:36:37.527+0300: 112.732: [GC (Allocation Failure) [PSYoungGen: 264000K->3472K(266752K)] 276756K->16244K(813056K), 0.0009114 secs] [Times: user=0.00 sys=0.00, real=0.00 secs] 
2024-10-04T21:36:37.527+0300: 112.733: Total time for which application threads were stopped: 0.0011993 seconds, Stopping threads took: 0.0001436 seconds
2024-10-04T21:36:37.897+0300: 113.102: Application time: 0.3683700 seconds
2024-10-04T21:36:37.897+0300: 113.102: [GC (Allocation Failure) [PSYoungGen: 264080K->4448K(266752K)] 276852K->17228K(813056K), 0.0010080 secs] [Times: user=0.00 sys=0.00, real=0.00 secs] 
2024-10-04T21:36:37.897+0300: 113.103: Total time for which application threads were stopped: 0.0012943 seconds, Stopping threads took: 0.0001501 seconds
2024-10-04T21:36:38.264+0300: 113.479: Application time: 0.3759210 seconds
2024-10-04T21:36:38.264+0300: 113.479: [GC (Allocation Failure) [PSYoungGen: 264562K->5408K(266752K)] 277342K->18204K(813056K), 0.0011622 secs] [Times: user=0.00 sys=0.00, real=0.00 secs] 
2024-10-04T21:36:38.264+0300: 113.480: Total time for which application threads were stopped: 0.0015291 seconds, Stopping threads took: 0.0001661 seconds
2024-10-04T21:36:38.641+0300: 113.852: Application time: 0.3713058 seconds
2024-10-04T21:36:38.641+0300: 113.852: [GC (Allocation Failure) [PSYoungGen: 265529K->2384K(263168K)] 278326K->15196K(809472K), 0.0007521 secs] [Times: user=0.00 sys=0.00, real=0.00 secs] 
2024-10-04T21:36:38.641+0300: 113.853: Total time for which application threads were stopped: 0.0009751 seconds, Stopping threads took: 0.0001260 seconds
2024-10-04T21:36:39.002+0300: 114.218: Application time: 0.3658328 seconds
2024-10-04T21:36:39.002+0300: 114.219: [GC (Allocation Failure) [PSYoungGen: 262316K->5440K(266240K)] 275128K->18268K(812544K), 0.0012812 secs] [Times: user=0.00 sys=0.00, real=0.02 secs] 
2024-10-04T21:36:39.018+0300: 114.220: Total time for which application threads were stopped: 0.0015415 seconds, Stopping threads took: 0.0001294 seconds
2024-10-04T21:36:39.379+0300: 114.593: Application time: 0.3729426 seconds
2024-10-04T21:36:39.379+0300: 114.593: [GC (Allocation Failure) [PSYoungGen: 264362K->4464K(266240K)] 277190K->17300K(812544K), 0.0009329 secs] [Times: user=0.00 sys=0.00, real=0.00 secs] 
2024-10-04T21:36:39.379+0300: 114.594: Total time for which application threads were stopped: 0.0013028 seconds, Stopping threads took: 0.0002226 seconds
2024-10-04T21:36:39.756+0300: 114.968: Application time: 0.3732628 seconds
2024-10-04T21:36:39.756+0300: 114.968: [GC (Allocation Failure) [PSYoungGen: 264048K->3392K(266240K)] 276884K->16244K(812544K), 0.0009909 secs] [Times: user=0.00 sys=0.00, real=0.00 secs] 
2024-10-04T21:36:39.756+0300: 114.969: Total time for which application threads were stopped: 0.0013029 seconds, Stopping threads took: 0.0001644 seconds
2024-10-04T21:36:40.132+0300: 115.339: Application time: 0.3701895 seconds
2024-10-04T21:36:40.132+0300: 115.339: [GC (Allocation Failure) [PSYoungGen: 262179K->5408K(266240K)] 275031K->18268K(812544K), 0.0011769 secs] [Times: user=0.00 sys=0.00, real=0.00 secs] 
2024-10-04T21:36:40.132+0300: 115.341: Total time for which application threads were stopped: 0.0015755 seconds, Stopping threads took: 0.0002172 seconds
2024-10-04T21:36:40.509+0300: 115.710: Application time: 0.3694489 seconds
2024-10-04T21:36:40.509+0300: 115.710: [GC (Allocation Failure) [PSYoungGen: 264361K->4400K(266240K)] 277221K->17276K(812544K), 0.0009660 secs] [Times: user=0.00 sys=0.00, real=0.00 secs] 
2024-10-04T21:36:40.509+0300: 115.711: Total time for which application threads were stopped: 0.0012245 seconds, Stopping threads took: 0.0001363 seconds
2024-10-04T21:36:40.870+0300: 116.076: Application time: 0.3646406 seconds
2024-10-04T21:36:40.870+0300: 116.076: [GC (Allocation Failure) [PSYoungGen: 263314K->5376K(266240K)] 276190K->18292K(812544K), 0.0010360 secs] [Times: user=0.00 sys=0.00, real=0.00 secs] 
2024-10-04T21:36:40.870+0300: 116.077: Total time for which application threads were stopped: 0.0013348 seconds, Stopping threads took: 0.0001587 seconds
2024-10-04T21:36:41.247+0300: 116.455: Application time: 0.3782079 seconds
2024-10-04T21:36:41.247+0300: 116.456: [GC (Allocation Failure) [PSYoungGen: 264329K->3360K(266240K)] 277245K->16316K(812544K), 0.0008581 secs] [Times: user=0.00 sys=0.00, real=0.00 secs] 
2024-10-04T21:36:41.247+0300: 116.457: Total time for which application threads were stopped: 0.0011526 seconds, Stopping threads took: 0.0001646 seconds
2024-10-04T21:36:41.609+0300: 116.821: Application time: 0.3643065 seconds
2024-10-04T21:36:41.609+0300: 116.821: [GC (Allocation Failure) [PSYoungGen: 261999K->4416K(266240K)] 274955K->17412K(812544K), 0.0009590 secs] [Times: user=0.00 sys=0.00, real=0.00 secs] 
2024-10-04T21:36:41.609+0300: 116.822: Total time for which application threads were stopped: 0.0012709 seconds, Stopping threads took: 0.0001663 seconds
2024-10-04T21:36:41.985+0300: 117.192: Application time: 0.3697915 seconds
2024-10-04T21:36:41.985+0300: 117.192: [GC (Allocation Failure) [PSYoungGen: 264000K->4480K(266240K)] 276996K->17484K(812544K), 0.0009274 secs] [Times: user=0.00 sys=0.00, real=0.00 secs] 
2024-10-04T21:36:41.985+0300: 117.193: Total time for which application threads were stopped: 0.0012478 seconds, Stopping threads took: 0.0001737 seconds
2024-10-04T21:36:42.362+0300: 117.566: Application time: 0.3728330 seconds
2024-10-04T21:36:42.362+0300: 117.566: [GC (Allocation Failure) [PSYoungGen: 263287K->4336K(266240K)] 276291K->17380K(812544K), 0.0009988 secs] [Times: user=0.00 sys=0.00, real=0.00 secs] 
2024-10-04T21:36:42.362+0300: 117.567: Total time for which application threads were stopped: 0.0013163 seconds, Stopping threads took: 0.0001867 seconds
2024-10-04T21:36:42.723+0300: 117.935: Application time: 0.3677170 seconds
2024-10-04T21:36:42.723+0300: 117.935: [GC (Allocation Failure) [PSYoungGen: 263361K->5456K(265728K)] 276405K->18508K(812032K), 0.0012005 secs] [Times: user=0.00 sys=0.00, real=0.00 secs] 
2024-10-04T21:36:42.723+0300: 117.937: Total time for which application threads were stopped: 0.0015204 seconds, Stopping threads took: 0.0001737 seconds
2024-10-04T21:36:43.107+0300: 118.310: Application time: 0.3729705 seconds
2024-10-04T21:36:43.107+0300: 118.310: [GC (Allocation Failure) [PSYoungGen: 264072K->3456K(266240K)] 277125K->16524K(812544K), 0.0007158 secs] [Times: user=0.00 sys=0.00, real=0.00 secs] 
2024-10-04T21:36:43.107+0300: 118.311: Total time for which application threads were stopped: 0.0009787 seconds, Stopping threads took: 0.0001430 seconds
2024-10-04T21:36:43.477+0300: 118.681: Application time: 0.3707752 seconds
2024-10-04T21:36:43.477+0300: 118.682: [GC (Allocation Failure) [PSYoungGen: 263040K->4352K(266752K)] 276108K->17496K(813056K), 0.0010457 secs] [Times: user=0.00 sys=0.00, real=0.00 secs] 
2024-10-04T21:36:43.477+0300: 118.683: Total time for which application threads were stopped: 0.0013507 seconds, Stopping threads took: 0.0001470 seconds
2024-10-04T21:36:43.837+0300: 119.049: Application time: 0.3661315 seconds
2024-10-04T21:36:43.837+0300: 119.049: [GC (Allocation Failure) [PSYoungGen: 264248K->4480K(266240K)] 277393K->17632K(812544K), 0.0009563 secs] [Times: user=0.00 sys=0.00, real=0.00 secs] 
2024-10-04T21:36:43.837+0300: 119.050: Total time for which application threads were stopped: 0.0013018 seconds, Stopping threads took: 0.0002168 seconds
2024-10-04T21:36:44.214+0300: 119.424: Application time: 0.3739547 seconds
2024-10-04T21:36:44.214+0300: 119.424: [GC (Allocation Failure) [PSYoungGen: 263577K->5408K(265728K)] 276730K->18568K(812032K), 0.0011690 secs] [Times: user=0.00 sys=0.00, real=0.00 secs] 
2024-10-04T21:36:44.214+0300: 119.426: Total time for which application threads were stopped: 0.0015121 seconds, Stopping threads took: 0.0001910 seconds
2024-10-04T21:36:44.591+0300: 119.796: Application time: 0.3698607 seconds
2024-10-04T21:36:44.591+0300: 119.796: [GC (Allocation Failure) [PSYoungGen: 264992K->3440K(266240K)] 278152K->16608K(812544K), 0.0008247 secs] [Times: user=0.00 sys=0.00, real=0.00 secs] 
2024-10-04T21:36:44.591+0300: 119.797: Total time for which application threads were stopped: 0.0010907 seconds, Stopping threads took: 0.0001509 seconds
2024-10-04T21:36:44.952+0300: 120.165: Application time: 0.3679712 seconds
2024-10-04T21:36:44.952+0300: 120.165: [GC (Allocation Failure) [PSYoungGen: 262207K->4448K(266752K)] 275375K->17624K(813056K), 0.0009847 secs] [Times: user=0.00 sys=0.00, real=0.00 secs] 
2024-10-04T21:36:44.952+0300: 120.166: Total time for which application threads were stopped: 0.0012877 seconds, Stopping threads took: 0.0001589 seconds
2024-10-04T21:36:45.329+0300: 120.542: Application time: 0.3764978 seconds
2024-10-04T21:36:45.329+0300: 120.543: [GC (Allocation Failure) [PSYoungGen: 264484K->5424K(266240K)] 277661K->18608K(812544K), 0.0011294 secs] [Times: user=0.00 sys=0.00, real=0.00 secs] 
2024-10-04T21:36:45.329+0300: 120.544: Total time for which application threads were stopped: 0.0014749 seconds, Stopping threads took: 0.0002116 seconds
2024-10-04T21:36:45.705+0300: 120.910: Application time: 0.3656515 seconds
2024-10-04T21:36:45.705+0300: 120.910: [GC (Allocation Failure) [PSYoungGen: 265456K->5472K(266240K)] 278640K->18664K(812544K), 0.0010726 secs] [Times: user=0.00 sys=0.00, real=0.00 secs] 
2024-10-04T21:36:45.705+0300: 120.911: Total time for which application threads were stopped: 0.0013577 seconds, Stopping threads took: 0.0001623 seconds
2024-10-04T21:36:46.082+0300: 121.287: Application time: 0.3761198 seconds
2024-10-04T21:36:46.082+0300: 121.287: [GC (Allocation Failure) [PSYoungGen: 265056K->4432K(266240K)] 278248K->17632K(812544K), 0.0012229 secs] [Times: user=0.00 sys=0.00, real=0.00 secs] 
2024-10-04T21:36:46.082+0300: 121.289: Total time for which application threads were stopped: 0.0016682 seconds, Stopping threads took: 0.0002947 seconds
2024-10-04T21:36:46.443+0300: 121.659: Application time: 0.3704138 seconds
2024-10-04T21:36:46.459+0300: 121.659: [GC (Allocation Failure) [PSYoungGen: 263550K->5440K(266240K)] 276750K->18656K(812544K), 0.0011662 secs] [Times: user=0.00 sys=0.00, real=0.00 secs] 
2024-10-04T21:36:46.459+0300: 121.661: Total time for which application threads were stopped: 0.0015189 seconds, Stopping threads took: 0.0002064 seconds
2024-10-04T21:36:46.820+0300: 122.024: Application time: 0.3638791 seconds
2024-10-04T21:36:46.820+0300: 122.025: [GC (Allocation Failure) [PSYoungGen: 264012K->4416K(266240K)] 277228K->17664K(812544K), 0.0009876 secs] [Times: user=0.00 sys=0.00, real=0.00 secs] 
2024-10-04T21:36:46.820+0300: 122.026: Total time for which application threads were stopped: 0.0012638 seconds, Stopping threads took: 0.0001421 seconds
2024-10-04T21:36:47.196+0300: 122.399: Application time: 0.3731687 seconds
2024-10-04T21:36:47.196+0300: 122.399: [GC (Allocation Failure) [PSYoungGen: 263425K->5472K(266240K)] 276674K->18728K(812544K), 0.0010648 secs] [Times: user=0.00 sys=0.00, real=0.00 secs] 
2024-10-04T21:36:47.196+0300: 122.400: Total time for which application threads were stopped: 0.0014035 seconds, Stopping threads took: 0.0001978 seconds
2024-10-04T21:36:47.557+0300: 122.771: Application time: 0.3711302 seconds
2024-10-04T21:36:47.557+0300: 122.772: [GC (Allocation Failure) [PSYoungGen: 264563K->5392K(266240K)] 277820K->18680K(812544K), 0.0012478 secs] [Times: user=0.00 sys=0.00, real=0.00 secs] 
2024-10-04T21:36:47.557+0300: 122.773: Total time for which application threads were stopped: 0.0015933 seconds, Stopping threads took: 0.0001582 seconds
2024-10-04T21:36:47.934+0300: 123.140: Application time: 0.3664780 seconds
2024-10-04T21:36:47.934+0300: 123.140: [GC (Allocation Failure) [PSYoungGen: 264883K->4448K(266240K)] 278171K->17744K(812544K), 0.0009901 secs] [Times: user=0.00 sys=0.00, real=0.00 secs] 
2024-10-04T21:36:47.934+0300: 123.141: Total time for which application threads were stopped: 0.0012342 seconds, Stopping threads took: 0.0001236 seconds
2024-10-04T21:36:48.310+0300: 123.516: Application time: 0.3748978 seconds
2024-10-04T21:36:48.310+0300: 123.516: [GC (Allocation Failure) [PSYoungGen: 264032K->5408K(266240K)] 277328K->18744K(812544K), 0.0012198 secs] [Times: user=0.00 sys=0.00, real=0.00 secs] 
2024-10-04T21:36:48.310+0300: 123.517: Total time for which application threads were stopped: 0.0015159 seconds, Stopping threads took: 0.0001653 seconds
2024-10-04T21:36:48.687+0300: 123.888: Application time: 0.3710880 seconds
2024-10-04T21:36:48.687+0300: 123.889: [GC (Allocation Failure) [PSYoungGen: 264992K->3440K(266240K)] 278328K->16784K(812544K), 0.0007617 secs] [Times: user=0.00 sys=0.00, real=0.00 secs] 
2024-10-04T21:36:48.687+0300: 123.890: Total time for which application threads were stopped: 0.0012220 seconds, Stopping threads took: 0.0003448 seconds
2024-10-04T21:36:49.048+0300: 124.255: Application time: 0.3650168 seconds
2024-10-04T21:36:49.048+0300: 124.255: [GC (Allocation Failure) [PSYoungGen: 262422K->4416K(266240K)] 275766K->17768K(812544K), 0.0011312 secs] [Times: user=0.00 sys=0.00, real=0.00 secs] 
2024-10-04T21:36:49.048+0300: 124.256: Total time for which application threads were stopped: 0.0014939 seconds, Stopping threads took: 0.0001639 seconds
2024-10-04T21:36:49.425+0300: 124.631: Application time: 0.3747594 seconds
2024-10-04T21:36:49.425+0300: 124.631: [GC (Allocation Failure) [PSYoungGen: 264000K->3312K(266240K)] 277352K->16744K(812544K), 0.0008045 secs] [Times: user=0.00 sys=0.00, real=0.00 secs] 
2024-10-04T21:36:49.425+0300: 124.632: Total time for which application threads were stopped: 0.0010960 seconds, Stopping threads took: 0.0001544 seconds
2024-10-04T21:36:49.785+0300: 125.000: Application time: 0.3677732 seconds
2024-10-04T21:36:49.785+0300: 125.000: [GC (Allocation Failure) [PSYoungGen: 262896K->3408K(266240K)] 276328K->16880K(812544K), 0.0009625 secs] [Times: user=0.00 sys=0.00, real=0.00 secs] 
2024-10-04T21:36:49.785+0300: 125.001: Total time for which application threads were stopped: 0.0012192 seconds, Stopping threads took: 0.0001375 seconds
2024-10-04T21:36:50.162+0300: 125.372: Application time: 0.3713104 seconds
2024-10-04T21:36:50.162+0300: 125.372: [GC (Allocation Failure) [PSYoungGen: 262617K->4464K(266240K)] 276090K->17944K(812544K), 0.0010785 secs] [Times: user=0.00 sys=0.00, real=0.00 secs] 
2024-10-04T21:36:50.162+0300: 125.374: Total time for which application threads were stopped: 0.0014505 seconds, Stopping threads took: 0.0002096 seconds
2024-10-04T21:36:50.538+0300: 125.745: Application time: 0.3714674 seconds
2024-10-04T21:36:50.538+0300: 125.745: [GC (Allocation Failure) [PSYoungGen: 264048K->3424K(266240K)] 277528K->16912K(812544K), 0.0008682 secs] [Times: user=0.00 sys=0.00, real=0.00 secs] 
2024-10-04T21:36:50.538+0300: 125.746: Total time for which application threads were stopped: 0.0011998 seconds, Stopping threads took: 0.0001442 seconds
2024-10-04T21:36:50.899+0300: 126.113: Application time: 0.3666359 seconds
2024-10-04T21:36:50.899+0300: 126.113: [GC (Allocation Failure) [PSYoungGen: 262394K->5456K(266240K)] 275883K->18952K(812544K), 0.0011327 secs] [Times: user=0.00 sys=0.00, real=0.00 secs] 
2024-10-04T21:36:50.899+0300: 126.114: Total time for which application threads were stopped: 0.0014362 seconds, Stopping threads took: 0.0001776 seconds
2024-10-04T21:36:51.275+0300: 126.488: Application time: 0.3740348 seconds
2024-10-04T21:36:51.275+0300: 126.489: [GC (Allocation Failure) [PSYoungGen: 264414K->4384K(266240K)] 277910K->17896K(812544K), 0.0010271 secs] [Times: user=0.00 sys=0.00, real=0.00 secs] 
2024-10-04T21:36:51.275+0300: 126.490: Total time for which application threads were stopped: 0.0013543 seconds, Stopping threads took: 0.0001857 seconds
2024-10-04T21:36:51.652+0300: 126.860: Application time: 0.3703813 seconds
2024-10-04T21:36:51.652+0300: 126.860: [GC (Allocation Failure) [PSYoungGen: 263968K->3440K(266240K)] 277480K->16968K(812544K), 0.0008673 secs] [Times: user=0.00 sys=0.00, real=0.00 secs] 
2024-10-04T21:36:51.652+0300: 126.861: Total time for which application threads were stopped: 0.0011232 seconds, Stopping threads took: 0.0001375 seconds
2024-10-04T21:36:52.013+0300: 127.225: Application time: 0.3634192 seconds
2024-10-04T21:36:52.013+0300: 127.225: [GC (Allocation Failure) [PSYoungGen: 262603K->5360K(266240K)] 276132K->18904K(812544K), 0.0014501 secs] [Times: user=0.00 sys=0.00, real=0.01 secs] 
2024-10-04T21:36:52.025+0300: 127.227: Total time for which application threads were stopped: 0.0018494 seconds, Stopping threads took: 0.0002380 seconds
2024-10-04T21:36:52.389+0300: 127.603: Application time: 0.3764680 seconds
2024-10-04T21:36:52.389+0300: 127.603: [GC (Allocation Failure) [PSYoungGen: 263997K->2384K(266240K)] 277542K->15936K(812544K), 0.0007203 secs] [Times: user=0.00 sys=0.00, real=0.00 secs] 
2024-10-04T21:36:52.389+0300: 127.604: Total time for which application threads were stopped: 0.0010523 seconds, Stopping threads took: 0.0002113 seconds
2024-10-04T21:36:52.766+0300: 127.970: Application time: 0.3657926 seconds
2024-10-04T21:36:52.766+0300: 127.970: [GC (Allocation Failure) [PSYoungGen: 261529K->4448K(266240K)] 275082K->18008K(812544K), 0.0010140 secs] [Times: user=0.00 sys=0.00, real=0.00 secs] 
2024-10-04T21:36:52.766+0300: 127.971: Total time for which application threads were stopped: 0.0013077 seconds, Stopping threads took: 0.0001598 seconds
2024-10-04T21:36:53.143+0300: 128.345: Application time: 0.3733770 seconds
2024-10-04T21:36:53.143+0300: 128.345: [GC (Allocation Failure) [PSYoungGen: 263352K->5376K(266240K)] 276913K->18984K(812544K), 0.0012767 secs] [Times: user=0.00 sys=0.00, real=0.00 secs] 
2024-10-04T21:36:53.143+0300: 128.346: Total time for which application threads were stopped: 0.0015985 seconds, Stopping threads took: 0.0001808 seconds
2024-10-04T21:36:53.504+0300: 128.714: Application time: 0.3674898 seconds
2024-10-04T21:36:53.504+0300: 128.714: [GC (Allocation Failure) [PSYoungGen: 264960K->4448K(266240K)] 278568K->18096K(812544K), 0.0011457 secs] [Times: user=0.00 sys=0.00, real=0.00 secs] 
2024-10-04T21:36:53.504+0300: 128.715: Total time for which application threads were stopped: 0.0014710 seconds, Stopping threads took: 0.0001767 seconds
2024-10-04T21:36:53.881+0300: 129.084: Application time: 0.3683959 seconds
2024-10-04T21:36:53.881+0300: 129.084: [GC (Allocation Failure) [PSYoungGen: 264032K->5440K(266240K)] 277680K->19104K(812544K), 0.0010484 secs] [Times: user=0.00 sys=0.00, real=0.00 secs] 
2024-10-04T21:36:53.881+0300: 129.085: Total time for which application threads were stopped: 0.0013305 seconds, Stopping threads took: 0.0001602 seconds
2024-10-04T21:36:54.258+0300: 129.461: Application time: 0.3756623 seconds
2024-10-04T21:36:54.258+0300: 129.461: [GC (Allocation Failure) [PSYoungGen: 264202K->4400K(266240K)] 277867K->18088K(812544K), 0.0010734 secs] [Times: user=0.00 sys=0.00, real=0.00 secs] 
2024-10-04T21:36:54.258+0300: 129.462: Total time for which application threads were stopped: 0.0013939 seconds, Stopping threads took: 0.0001492 seconds
2024-10-04T21:36:54.618+0300: 129.829: Application time: 0.3672027 seconds
2024-10-04T21:36:54.618+0300: 129.829: [GC (Allocation Failure) [PSYoungGen: 263984K->2384K(266240K)] 277672K->16096K(812544K), 0.0008077 secs] [Times: user=0.00 sys=0.00, real=0.00 secs] 
2024-10-04T21:36:54.618+0300: 129.830: Total time for which application threads were stopped: 0.0011081 seconds, Stopping threads took: 0.0001731 seconds
2024-10-04T21:36:54.979+0300: 130.195: Application time: 0.3650820 seconds
2024-10-04T21:36:54.995+0300: 130.196: [GC (Allocation Failure) [PSYoungGen: 261968K->4480K(266240K)] 275680K->18200K(812544K), 0.0010442 secs] [Times: user=0.00 sys=0.00, real=0.00 secs] 
2024-10-04T21:36:54.995+0300: 130.197: Total time for which application threads were stopped: 0.0013911 seconds, Stopping threads took: 0.0001696 seconds
2024-10-04T21:36:55.356+0300: 130.572: Application time: 0.3748442 seconds
2024-10-04T21:36:55.356+0300: 130.572: [GC (Allocation Failure) [PSYoungGen: 263600K->4384K(266240K)] 277321K->18180K(812544K), 0.0011845 secs] [Times: user=0.02 sys=0.00, real=0.02 secs] 
2024-10-04T21:36:55.372+0300: 130.573: Total time for which application threads were stopped: 0.0015494 seconds, Stopping threads took: 0.0002181 seconds
2024-10-04T21:36:55.733+0300: 130.941: Application time: 0.3679426 seconds
2024-10-04T21:36:55.733+0300: 130.941: [GC (Allocation Failure) [PSYoungGen: 263968K->4448K(266240K)] 277764K->18284K(812544K), 0.0009938 secs] [Times: user=0.00 sys=0.00, real=0.00 secs] 
2024-10-04T21:36:55.733+0300: 130.942: Total time for which application threads were stopped: 0.0012800 seconds, Stopping threads took: 0.0001731 seconds
2024-10-04T21:36:56.109+0300: 131.315: Application time: 0.3722860 seconds
2024-10-04T21:36:56.109+0300: 131.315: [GC (Allocation Failure) [PSYoungGen: 263557K->5376K(265728K)] 277394K->19252K(812032K), 0.0011449 secs] [Times: user=0.00 sys=0.00, real=0.00 secs] 
2024-10-04T21:36:56.109+0300: 131.316: Total time for which application threads were stopped: 0.0014340 seconds, Stopping threads took: 0.0001294 seconds
2024-10-04T21:36:56.470+0300: 131.686: Application time: 0.3698952 seconds
2024-10-04T21:36:56.470+0300: 131.686: [GC (Allocation Failure) [PSYoungGen: 264960K->4480K(266240K)] 278836K->18364K(812544K), 0.0011239 secs] [Times: user=0.00 sys=0.01, real=0.02 secs] 
2024-10-04T21:36:56.486+0300: 131.687: Total time for which application threads were stopped: 0.0014699 seconds, Stopping threads took: 0.0001995 seconds
2024-10-04T21:36:56.847+0300: 132.051: Application time: 0.3638363 seconds
2024-10-04T21:36:56.847+0300: 132.051: [GC (Allocation Failure) [PSYoungGen: 263508K->4448K(266752K)] 277393K->18340K(813056K), 0.0009774 secs] [Times: user=0.00 sys=0.00, real=0.00 secs] 
2024-10-04T21:36:56.847+0300: 132.053: Total time for which application threads were stopped: 0.0012505 seconds, Stopping threads took: 0.0001499 seconds
2024-10-04T21:36:57.223+0300: 132.428: Application time: 0.3753219 seconds
2024-10-04T21:36:57.223+0300: 132.428: [GC (Allocation Failure) [PSYoungGen: 264341K->4480K(266240K)] 278234K->18380K(812544K), 0.0010780 secs] [Times: user=0.00 sys=0.00, real=0.00 secs] 
2024-10-04T21:36:57.223+0300: 132.429: Total time for which application threads were stopped: 0.0014265 seconds, Stopping threads took: 0.0001831 seconds
2024-10-04T21:36:57.585+0300: 132.797: Application time: 0.3678356 seconds
2024-10-04T21:36:57.585+0300: 132.797: [GC (Allocation Failure) [PSYoungGen: 264515K->5440K(266752K)] 278416K->19348K(813056K), 0.0011262 secs] [Times: user=0.00 sys=0.00, real=0.00 secs] 
2024-10-04T21:36:57.585+0300: 132.799: Total time for which application threads were stopped: 0.0013731 seconds, Stopping threads took: 0.0000951 seconds
2024-10-04T21:36:57.962+0300: 133.170: Application time: 0.3710420 seconds
2024-10-04T21:36:57.962+0300: 133.170: [GC (Allocation Failure) [PSYoungGen: 266048K->4496K(266752K)] 279956K->18412K(813056K), 0.0010267 secs] [Times: user=0.00 sys=0.00, real=0.00 secs] 
2024-10-04T21:36:57.962+0300: 133.171: Total time for which application threads were stopped: 0.0013428 seconds, Stopping threads took: 0.0001732 seconds
2024-10-04T21:36:58.339+0300: 133.542: Application time: 0.3714822 seconds
2024-10-04T21:36:58.339+0300: 133.543: [GC (Allocation Failure) [PSYoungGen: 264682K->5408K(266752K)] 278598K->19332K(813056K), 0.0014006 secs] [Times: user=0.00 sys=0.00, real=0.00 secs] 
2024-10-04T21:36:58.339+0300: 133.544: Total time for which application threads were stopped: 0.0017032 seconds, Stopping threads took: 0.0001645 seconds
2024-10-04T21:36:58.700+0300: 133.916: Application time: 0.3717002 seconds
2024-10-04T21:36:58.715+0300: 133.916: [GC (Allocation Failure) [PSYoungGen: 265471K->4448K(266752K)] 279395K->18380K(813056K), 0.0010558 secs] [Times: user=0.00 sys=0.00, real=0.00 secs] 
2024-10-04T21:36:58.715+0300: 133.917: Total time for which application threads were stopped: 0.0013922 seconds, Stopping threads took: 0.0001796 seconds
2024-10-04T21:36:59.076+0300: 134.286: Application time: 0.3685124 seconds
2024-10-04T21:36:59.076+0300: 134.286: [GC (Allocation Failure) [PSYoungGen: 264162K->5408K(265728K)] 278095K->19364K(812032K), 0.0012939 secs] [Times: user=0.00 sys=0.00, real=0.00 secs] 
2024-10-04T21:36:59.076+0300: 134.288: Total time for which application threads were stopped: 0.0018089 seconds, Stopping threads took: 0.0003487 seconds
2024-10-04T21:36:59.453+0300: 134.658: Application time: 0.3701761 seconds
2024-10-04T21:36:59.453+0300: 134.658: [GC (Allocation Failure) [PSYoungGen: 264568K->3376K(266240K)] 278525K->17412K(812544K), 0.0008232 secs] [Times: user=0.00 sys=0.00, real=0.00 secs] 
2024-10-04T21:36:59.453+0300: 134.659: Total time for which application threads were stopped: 0.0011375 seconds, Stopping threads took: 0.0001871 seconds
2024-10-04T21:36:59.814+0300: 135.028: Application time: 0.3689368 seconds
2024-10-04T21:36:59.814+0300: 135.028: [GC (Allocation Failure) [PSYoungGen: 262858K->4464K(266752K)] 276895K->18508K(813056K), 0.0009430 secs] [Times: user=0.00 sys=0.00, real=0.00 secs] 
2024-10-04T21:36:59.814+0300: 135.029: Total time for which application threads were stopped: 0.0012140 seconds, Stopping threads took: 0.0001526 seconds
2024-10-04T21:37:00.206+0300: 135.412: Application time: 0.3828249 seconds
2024-10-04T21:37:00.206+0300: 135.412: [GC (Allocation Failure) [PSYoungGen: 263651K->5472K(266240K)] 277696K->19532K(812544K), 0.0011166 secs] [Times: user=0.00 sys=0.00, real=0.00 secs] 
2024-10-04T21:37:00.206+0300: 135.413: Total time for which application threads were stopped: 0.0014132 seconds, Stopping threads took: 0.0001573 seconds
2024-10-04T21:37:00.568+0300: 135.783: Application time: 0.3698795 seconds
2024-10-04T21:37:00.568+0300: 135.783: [GC (Allocation Failure) [PSYoungGen: 265451K->4448K(266752K)] 279512K->18516K(813056K), 0.0011407 secs] [Times: user=0.00 sys=0.00, real=0.01 secs] 
2024-10-04T21:37:00.583+0300: 135.785: Total time for which application threads were stopped: 0.0015197 seconds, Stopping threads took: 0.0002172 seconds
2024-10-04T21:37:00.944+0300: 136.152: Application time: 0.3673206 seconds
2024-10-04T21:37:00.944+0300: 136.152: [GC (Allocation Failure) [PSYoungGen: 264288K->5472K(266240K)] 278357K->19548K(812544K), 0.0011467 secs] [Times: user=0.00 sys=0.00, real=0.00 secs] 
2024-10-04T21:37:00.944+0300: 136.153: Total time for which application threads were stopped: 0.0014490 seconds, Stopping threads took: 0.0001673 seconds
2024-10-04T21:37:01.320+0300: 136.530: Application time: 0.3762415 seconds
2024-10-04T21:37:01.320+0300: 136.530: [GC (Allocation Failure) [PSYoungGen: 265501K->4448K(266240K)] 279578K->18532K(812544K), 0.0010326 secs] [Times: user=0.00 sys=0.00, real=0.00 secs] 
2024-10-04T21:37:01.320+0300: 136.531: Total time for which application threads were stopped: 0.0014995 seconds, Stopping threads took: 0.0002574 seconds
2024-10-04T21:37:01.681+0300: 136.897: Application time: 0.3656469 seconds
2024-10-04T21:37:01.681+0300: 136.897: [GC (Allocation Failure) [PSYoungGen: 263219K->5472K(266240K)] 277303K->19564K(812544K), 0.0012420 secs] [Times: user=0.02 sys=0.00, real=0.02 secs] 
2024-10-04T21:37:01.697+0300: 136.898: Total time for which application threads were stopped: 0.0015523 seconds, Stopping threads took: 0.0001738 seconds
2024-10-04T21:37:02.058+0300: 137.269: Application time: 0.3706587 seconds
2024-10-04T21:37:02.058+0300: 137.269: [GC (Allocation Failure) [PSYoungGen: 264387K->5296K(266240K)] 278479K->19461K(812544K), 0.0013978 secs] [Times: user=0.00 sys=0.00, real=0.00 secs] 
2024-10-04T21:37:02.058+0300: 137.271: Total time for which application threads were stopped: 0.0017055 seconds, Stopping threads took: 0.0001452 seconds
2024-10-04T21:37:02.434+0300: 137.639: Application time: 0.3682875 seconds
2024-10-04T21:37:02.434+0300: 137.639: [GC (Allocation Failure) [PSYoungGen: 263920K->3408K(266240K)] 278085K->17621K(812544K), 0.0008740 secs] [Times: user=0.00 sys=0.00, real=0.00 secs] 
2024-10-04T21:37:02.434+0300: 137.640: Total time for which application threads were stopped: 0.0011593 seconds, Stopping threads took: 0.0001568 seconds
2024-10-04T21:37:02.795+0300: 138.008: Application time: 0.3676345 seconds
2024-10-04T21:37:02.795+0300: 138.008: [GC (Allocation Failure) [PSYoungGen: 262516K->4416K(266240K)] 276729K->18669K(812544K), 0.0009290 secs] [Times: user=0.00 sys=0.00, real=0.00 secs] 
2024-10-04T21:37:02.795+0300: 138.009: Total time for which application threads were stopped: 0.0012263 seconds, Stopping threads took: 0.0001564 seconds
2024-10-04T21:37:03.171+0300: 138.384: Application time: 0.3753387 seconds
2024-10-04T21:37:03.171+0300: 138.385: [GC (Allocation Failure) [PSYoungGen: 264000K->4464K(266240K)] 278253K->18725K(812544K), 0.0010521 secs] [Times: user=0.00 sys=0.00, real=0.00 secs] 
2024-10-04T21:37:03.171+0300: 138.386: Total time for which application threads were stopped: 0.0013529 seconds, Stopping threads took: 0.0001865 seconds
2024-10-04T21:37:03.550+0300: 138.753: Application time: 0.3671805 seconds
2024-10-04T21:37:03.550+0300: 138.753: [GC (Allocation Failure) [PSYoungGen: 263396K->4416K(266752K)] 277657K->18685K(813056K), 0.0011597 secs] [Times: user=0.00 sys=0.00, real=0.00 secs] 
2024-10-04T21:37:03.550+0300: 138.754: Total time for which application threads were stopped: 0.0014761 seconds, Stopping threads took: 0.0001787 seconds
2024-10-04T21:37:03.910+0300: 139.124: Application time: 0.3692322 seconds
2024-10-04T21:37:03.910+0300: 139.124: [GC (Allocation Failure) [PSYoungGen: 264444K->4448K(266240K)] 278713K->18725K(812544K), 0.0009296 secs] [Times: user=0.00 sys=0.00, real=0.00 secs] 
2024-10-04T21:37:03.910+0300: 139.125: Total time for which application threads were stopped: 0.0012520 seconds, Stopping threads took: 0.0001946 seconds
2024-10-04T21:37:04.286+0300: 139.500: Application time: 0.3754170 seconds
2024-10-04T21:37:04.286+0300: 139.501: [GC (Allocation Failure) [PSYoungGen: 264330K->4464K(266752K)] 278607K->18749K(813056K), 0.0010838 secs] [Times: user=0.00 sys=0.00, real=0.00 secs] 
2024-10-04T21:37:04.286+0300: 139.502: Total time for which application threads were stopped: 0.0015227 seconds, Stopping threads took: 0.0002673 seconds
2024-10-04T21:37:04.664+0300: 139.871: Application time: 0.3691477 seconds
2024-10-04T21:37:04.664+0300: 139.871: [GC (Allocation Failure) [PSYoungGen: 264401K->4464K(266752K)] 278686K->18757K(813056K), 0.0010554 secs] [Times: user=0.00 sys=0.00, real=0.00 secs] 
2024-10-04T21:37:04.664+0300: 139.872: Total time for which application threads were stopped: 0.0013225 seconds, Stopping threads took: 0.0001099 seconds
2024-10-04T21:37:05.025+0300: 140.239: Application time: 0.3663051 seconds
2024-10-04T21:37:05.025+0300: 140.239: [GC (Allocation Failure) [PSYoungGen: 264408K->5424K(266752K)] 278701K->19725K(813056K), 0.0012348 secs] [Times: user=0.00 sys=0.00, real=0.00 secs] 
2024-10-04T21:37:05.025+0300: 140.240: Total time for which application threads were stopped: 0.0015566 seconds, Stopping threads took: 0.0001625 seconds
2024-10-04T21:37:05.401+0300: 140.615: Application time: 0.3746717 seconds
2024-10-04T21:37:05.401+0300: 140.615: [GC (Allocation Failure) [PSYoungGen: 265476K->5408K(266752K)] 279777K->19717K(813056K), 0.0013225 secs] [Times: user=0.00 sys=0.00, real=0.00 secs] 
2024-10-04T21:37:05.401+0300: 140.616: Total time for which application threads were stopped: 0.0016371 seconds, Stopping threads took: 0.0001596 seconds
2024-10-04T21:37:05.778+0300: 140.984: Application time: 0.3677759 seconds
2024-10-04T21:37:05.778+0300: 140.985: [GC (Allocation Failure) [PSYoungGen: 265260K->4384K(266752K)] 279569K->18769K(813056K), 0.0009913 secs] [Times: user=0.00 sys=0.00, real=0.00 secs] 
2024-10-04T21:37:05.778+0300: 140.986: Total time for which application threads were stopped: 0.0013083 seconds, Stopping threads took: 0.0001932 seconds
2024-10-04T21:37:06.155+0300: 141.361: Application time: 0.3758089 seconds
2024-10-04T21:37:06.155+0300: 141.362: [GC (Allocation Failure) [PSYoungGen: 264433K->4448K(266752K)] 278819K->18841K(813056K), 0.0010259 secs] [Times: user=0.00 sys=0.00, real=0.00 secs] 
2024-10-04T21:37:06.155+0300: 141.363: Total time for which application threads were stopped: 0.0014341 seconds, Stopping threads took: 0.0002361 seconds
2024-10-04T21:37:06.516+0300: 141.730: Application time: 0.3668097 seconds
2024-10-04T21:37:06.516+0300: 141.730: [GC (Allocation Failure) [PSYoungGen: 264366K->4448K(266752K)] 278759K->18849K(813056K), 0.0010253 secs] [Times: user=0.00 sys=0.00, real=0.00 secs] 
2024-10-04T21:37:06.516+0300: 141.731: Total time for which application threads were stopped: 0.0013384 seconds, Stopping threads took: 0.0001801 seconds
2024-10-04T21:37:06.893+0300: 142.101: Application time: 0.3695528 seconds
2024-10-04T21:37:06.893+0300: 142.101: [GC (Allocation Failure) [PSYoungGen: 264480K->3408K(266752K)] 278881K->17817K(813056K), 0.0008126 secs] [Times: user=0.00 sys=0.00, real=0.00 secs] 
2024-10-04T21:37:06.893+0300: 142.102: Total time for which application threads were stopped: 0.0010720 seconds, Stopping threads took: 0.0001352 seconds
2024-10-04T21:37:07.270+0300: 142.476: Application time: 0.3745807 seconds
2024-10-04T21:37:07.270+0300: 142.476: [GC (Allocation Failure) [PSYoungGen: 263109K->4432K(266752K)] 277518K->18849K(813056K), 0.0010825 secs] [Times: user=0.00 sys=0.00, real=0.00 secs] 
2024-10-04T21:37:07.270+0300: 142.478: Total time for which application threads were stopped: 0.0014767 seconds, Stopping threads took: 0.0002006 seconds
2024-10-04T21:37:07.631+0300: 142.844: Application time: 0.3662168 seconds
2024-10-04T21:37:07.631+0300: 142.844: [GC (Allocation Failure) [PSYoungGen: 264632K->4448K(266752K)] 279049K->18873K(813056K), 0.0010234 secs] [Times: user=0.00 sys=0.00, real=0.00 secs] 
2024-10-04T21:37:07.631+0300: 142.845: Total time for which application threads were stopped: 0.0013755 seconds, Stopping threads took: 0.0002172 seconds
2024-10-04T21:37:08.007+0300: 143.218: Application time: 0.3731470 seconds
2024-10-04T21:37:08.007+0300: 143.219: [GC (Allocation Failure) [PSYoungGen: 265030K->3440K(266752K)] 279455K->17873K(813056K), 0.0009428 secs] [Times: user=0.00 sys=0.00, real=0.00 secs] 
2024-10-04T21:37:08.007+0300: 143.220: Total time for which application threads were stopped: 0.0012468 seconds, Stopping threads took: 0.0001757 seconds
2024-10-04T21:37:08.384+0300: 143.591: Application time: 0.3716997 seconds
2024-10-04T21:37:08.384+0300: 143.592: [GC (Allocation Failure) [PSYoungGen: 263725K->4416K(266752K)] 278158K->18889K(813056K), 0.0010181 secs] [Times: user=0.00 sys=0.00, real=0.00 secs] 
2024-10-04T21:37:08.384+0300: 143.593: Total time for which application threads were stopped: 0.0013365 seconds, Stopping threads took: 0.0001535 seconds
2024-10-04T21:37:08.760+0300: 143.965: Application time: 0.3724421 seconds
2024-10-04T21:37:08.760+0300: 143.965: [GC (Allocation Failure) [PSYoungGen: 264144K->1344K(266240K)] 278617K->15833K(812544K), 0.0006970 secs] [Times: user=0.00 sys=0.00, real=0.00 secs] 
2024-10-04T21:37:08.760+0300: 143.966: Total time for which application threads were stopped: 0.0009412 seconds, Stopping threads took: 0.0001271 seconds
2024-10-04T21:37:09.121+0300: 144.337: Application time: 0.3712007 seconds
2024-10-04T21:37:09.137+0300: 144.338: [GC (Allocation Failure) [PSYoungGen: 261478K->5376K(266240K)] 275967K->19941K(812544K), 0.0011915 secs] [Times: user=0.00 sys=0.00, real=0.00 secs] 
2024-10-04T21:37:09.137+0300: 144.339: Total time for which application threads were stopped: 0.0015099 seconds, Stopping threads took: 0.0001588 seconds
2024-10-04T21:37:09.498+0300: 144.708: Application time: 0.3696808 seconds
2024-10-04T21:37:09.498+0300: 144.709: [GC (Allocation Failure) [PSYoungGen: 265984K->3392K(266240K)] 280549K->17997K(812544K), 0.0008707 secs] [Times: user=0.00 sys=0.00, real=0.00 secs] 
2024-10-04T21:37:09.498+0300: 144.710: Total time for which application threads were stopped: 0.0012095 seconds, Stopping threads took: 0.0002218 seconds
2024-10-04T21:37:09.874+0300: 145.076: Application time: 0.3664537 seconds
2024-10-04T21:37:09.874+0300: 145.076: [GC (Allocation Failure) [PSYoungGen: 262195K->3408K(266240K)] 276800K->18029K(812544K), 0.0008121 secs] [Times: user=0.00 sys=0.00, real=0.00 secs] 
2024-10-04T21:37:09.874+0300: 145.077: Total time for which application threads were stopped: 0.0010788 seconds, Stopping threads took: 0.0001511 seconds
2024-10-04T21:37:10.235+0300: 145.451: Application time: 0.3735955 seconds
2024-10-04T21:37:10.235+0300: 145.451: [GC (Allocation Failure) [PSYoungGen: 262073K->3456K(266752K)] 276694K->18085K(813056K), 0.0009458 secs] [Times: user=0.00 sys=0.00, real=0.02 secs] 
2024-10-04T21:37:10.251+0300: 145.452: Total time for which application threads were stopped: 0.0013462 seconds, Stopping threads took: 0.0002504 seconds
2024-10-04T21:37:10.612+0300: 145.818: Application time: 0.3659013 seconds
2024-10-04T21:37:10.612+0300: 145.818: [GC (Allocation Failure) [PSYoungGen: 264064K->5440K(266240K)] 278693K->20077K(812544K), 0.0012191 secs] [Times: user=0.00 sys=0.00, real=0.00 secs] 
2024-10-04T21:37:10.612+0300: 145.820: Total time for which application threads were stopped: 0.0015315 seconds, Stopping threads took: 0.0001831 seconds
2024-10-04T21:37:10.989+0300: 146.190: Application time: 0.3705433 seconds
2024-10-04T21:37:10.989+0300: 146.190: [GC (Allocation Failure) [PSYoungGen: 265142K->3440K(266240K)] 279780K->18085K(812544K), 0.0008768 secs] [Times: user=0.00 sys=0.00, real=0.00 secs] 
2024-10-04T21:37:10.989+0300: 146.191: Total time for which application threads were stopped: 0.0011776 seconds, Stopping threads took: 0.0001744 seconds
2024-10-04T21:37:11.350+0300: 146.563: Application time: 0.3711953 seconds
2024-10-04T21:37:11.350+0300: 146.563: [GC (Allocation Failure) [PSYoungGen: 262401K->5424K(266240K)] 277047K->20077K(812544K), 0.0011256 secs] [Times: user=0.00 sys=0.00, real=0.00 secs] 
2024-10-04T21:37:11.350+0300: 146.564: Total time for which application threads were stopped: 0.0015117 seconds, Stopping threads took: 0.0002336 seconds
2024-10-04T21:37:11.726+0300: 146.933: Application time: 0.3685748 seconds
2024-10-04T21:37:11.726+0300: 146.933: [GC (Allocation Failure) [PSYoungGen: 264512K->5440K(265216K)] 279165K->20109K(811520K), 0.0011528 secs] [Times: user=0.00 sys=0.00, real=0.00 secs] 
2024-10-04T21:37:11.726+0300: 146.934: Total time for which application threads were stopped: 0.0014608 seconds, Stopping threads took: 0.0001670 seconds
2024-10-04T21:37:12.102+0300: 147.307: Application time: 0.3728742 seconds
2024-10-04T21:37:12.102+0300: 147.307: [GC (Allocation Failure) [PSYoungGen: 263924K->5360K(265728K)] 278594K->20069K(812032K), 0.0012697 secs] [Times: user=0.00 sys=0.00, real=0.00 secs] 
2024-10-04T21:37:12.102+0300: 147.309: Total time for which application threads were stopped: 0.0016430 seconds, Stopping threads took: 0.0002271 seconds
2024-10-04T21:37:12.469+0300: 147.674: Application time: 0.3656419 seconds
2024-10-04T21:37:12.469+0300: 147.675: [GC (Allocation Failure) [PSYoungGen: 263366K->4368K(265728K)] 278076K->19125K(812032K), 0.0011775 secs] [Times: user=0.00 sys=0.00, real=0.00 secs] 
2024-10-04T21:37:12.469+0300: 147.676: Total time for which application threads were stopped: 0.0015248 seconds, Stopping threads took: 0.0002008 seconds
2024-10-04T21:37:12.825+0300: 148.041: Application time: 0.3650681 seconds
2024-10-04T21:37:12.825+0300: 148.041: [GC (Allocation Failure) [PSYoungGen: 262205K->4448K(265728K)] 276962K->19213K(812032K), 0.0010775 secs] [Times: user=0.00 sys=0.00, real=0.02 secs] 
2024-10-04T21:37:12.841+0300: 148.042: Total time for which application threads were stopped: 0.0014141 seconds, Stopping threads took: 0.0001969 seconds
2024-10-04T21:37:13.201+0300: 148.415: Application time: 0.3731546 seconds
2024-10-04T21:37:13.201+0300: 148.416: [GC (Allocation Failure) [PSYoungGen: 262074K->4448K(266240K)] 276839K->19221K(812544K), 0.0009565 secs] [Times: user=0.00 sys=0.00, real=0.00 secs] 
2024-10-04T21:37:13.201+0300: 148.417: Total time for which application threads were stopped: 0.0012931 seconds, Stopping threads took: 0.0002039 seconds
2024-10-04T21:37:13.578+0300: 148.782: Application time: 0.3648490 seconds
2024-10-04T21:37:13.578+0300: 148.782: [GC (Allocation Failure) [PSYoungGen: 263439K->5456K(266240K)] 278212K->20237K(812544K), 0.0010616 secs] [Times: user=0.00 sys=0.00, real=0.00 secs] 
2024-10-04T21:37:13.578+0300: 148.783: Total time for which application threads were stopped: 0.0013794 seconds, Stopping threads took: 0.0001796 seconds
2024-10-04T21:37:13.939+0300: 149.151: Application time: 0.3682367 seconds
2024-10-04T21:37:13.939+0300: 149.151: [GC (Allocation Failure) [PSYoungGen: 264234K->3440K(266240K)] 279015K->18237K(812544K), 0.0008016 secs] [Times: user=0.00 sys=0.00, real=0.00 secs] 
2024-10-04T21:37:13.939+0300: 149.152: Total time for which application threads were stopped: 0.0010982 seconds, Stopping threads took: 0.0001691 seconds
2024-10-04T21:37:14.316+0300: 149.524: Application time: 0.3720050 seconds
2024-10-04T21:37:14.316+0300: 149.525: [GC (Allocation Failure) [PSYoungGen: 262407K->5408K(266240K)] 277204K->20253K(812544K), 0.0012092 secs] [Times: user=0.00 sys=0.00, real=0.00 secs] 
2024-10-04T21:37:14.316+0300: 149.526: Total time for which application threads were stopped: 0.0016507 seconds, Stopping threads took: 0.0002486 seconds
2024-10-04T21:37:14.677+0300: 149.892: Application time: 0.3665485 seconds
2024-10-04T21:37:14.677+0300: 149.893: [GC (Allocation Failure) [PSYoungGen: 264379K->5472K(265216K)] 279224K->20325K(811520K), 0.0012378 secs] [Times: user=0.01 sys=0.00, real=0.01 secs] 
2024-10-04T21:37:14.692+0300: 149.894: Total time for which application threads were stopped: 0.0015846 seconds, Stopping threads took: 0.0002027 seconds
2024-10-04T21:37:15.052+0300: 150.265: Application time: 0.3704451 seconds
2024-10-04T21:37:15.052+0300: 150.265: [GC (Allocation Failure) [PSYoungGen: 263095K->3424K(265728K)] 277949K->18285K(812032K), 0.0012929 secs] [Times: user=0.00 sys=0.00, real=0.00 secs] 
2024-10-04T21:37:15.052+0300: 150.266: Total time for which application threads were stopped: 0.0016172 seconds, Stopping threads took: 0.0001600 seconds
2024-10-04T21:37:15.429+0300: 150.635: Application time: 0.3689764 seconds
2024-10-04T21:37:15.429+0300: 150.635: [GC (Allocation Failure) [PSYoungGen: 261034K->2304K(265728K)] 275895K->17241K(812032K), 0.0007841 secs] [Times: user=0.00 sys=0.00, real=0.00 secs] 
2024-10-04T21:37:15.429+0300: 150.636: Total time for which application threads were stopped: 0.0010494 seconds, Stopping threads took: 0.0001268 seconds
2024-10-04T21:37:15.790+0300: 151.004: Application time: 0.3673933 seconds
2024-10-04T21:37:15.790+0300: 151.004: [GC (Allocation Failure) [PSYoungGen: 260864K->4416K(265728K)] 275801K->19393K(812032K), 0.0009845 secs] [Times: user=0.00 sys=0.00, real=0.00 secs] 
2024-10-04T21:37:15.790+0300: 151.005: Total time for which application threads were stopped: 0.0013579 seconds, Stopping threads took: 0.0001670 seconds
2024-10-04T21:37:16.176+0300: 151.382: Application time: 0.3772578 seconds
2024-10-04T21:37:16.176+0300: 151.382: [GC (Allocation Failure) [PSYoungGen: 262928K->3392K(266240K)] 277906K->18377K(812544K), 0.0008432 secs] [Times: user=0.02 sys=0.00, real=0.01 secs] 
2024-10-04T21:37:16.182+0300: 151.383: Total time for which application threads were stopped: 0.0011451 seconds, Stopping threads took: 0.0001735 seconds
2024-10-04T21:37:16.543+0300: 151.747: Application time: 0.3640065 seconds
2024-10-04T21:37:16.543+0300: 151.748: [GC (Allocation Failure) [PSYoungGen: 262453K->4464K(265728K)] 277438K->19457K(812032K), 0.0010964 secs] [Times: user=0.00 sys=0.00, real=0.00 secs] 
2024-10-04T21:37:16.543+0300: 151.749: Total time for which application threads were stopped: 0.0014177 seconds, Stopping threads took: 0.0001879 seconds
2024-10-04T21:37:16.920+0300: 152.121: Application time: 0.3719690 seconds
2024-10-04T21:37:16.920+0300: 152.121: [GC (Allocation Failure) [PSYoungGen: 263343K->3408K(266240K)] 278336K->18409K(812544K), 0.0008463 secs] [Times: user=0.00 sys=0.00, real=0.00 secs] 
2024-10-04T21:37:16.920+0300: 152.122: Total time for which application threads were stopped: 0.0010630 seconds, Stopping threads took: 0.0001068 seconds
2024-10-04T21:37:17.281+0300: 152.494: Application time: 0.3725537 seconds
2024-10-04T21:37:17.281+0300: 152.495: [GC (Allocation Failure) [PSYoungGen: 262176K->4448K(266240K)] 277178K->19457K(812544K), 0.0011613 secs] [Times: user=0.00 sys=0.00, real=0.00 secs] 
2024-10-04T21:37:17.281+0300: 152.496: Total time for which application threads were stopped: 0.0015001 seconds, Stopping threads took: 0.0001903 seconds
2024-10-04T21:37:17.657+0300: 152.864: Application time: 0.3682714 seconds
2024-10-04T21:37:17.657+0300: 152.864: [GC (Allocation Failure) [PSYoungGen: 264032K->4448K(266240K)] 279041K->19465K(812544K), 0.0009193 secs] [Times: user=0.00 sys=0.00, real=0.00 secs] 
2024-10-04T21:37:17.657+0300: 152.865: Total time for which application threads were stopped: 0.0012415 seconds, Stopping threads took: 0.0001698 seconds
2024-10-04T21:37:18.034+0300: 153.235: Application time: 0.3700044 seconds
2024-10-04T21:37:18.034+0300: 153.236: [GC (Allocation Failure) [PSYoungGen: 263429K->3392K(266240K)] 278447K->18449K(812544K), 0.0008208 secs] [Times: user=0.00 sys=0.00, real=0.00 secs] 
2024-10-04T21:37:18.034+0300: 153.237: Total time for which application threads were stopped: 0.0011300 seconds, Stopping threads took: 0.0001626 seconds
2024-10-04T21:37:18.394+0300: 153.609: Application time: 0.3726651 seconds
2024-10-04T21:37:18.394+0300: 153.610: [GC (Allocation Failure) [PSYoungGen: 262369K->5408K(265728K)] 277427K->20505K(812032K), 0.0014445 secs] [Times: user=0.02 sys=0.00, real=0.02 secs] 
2024-10-04T21:37:18.410+0300: 153.611: Total time for which application threads were stopped: 0.0018597 seconds, Stopping threads took: 0.0002311 seconds
2024-10-04T21:37:18.771+0300: 153.979: Application time: 0.3682133 seconds
2024-10-04T21:37:18.771+0300: 153.980: [GC (Allocation Failure) [PSYoungGen: 264992K->4352K(266240K)] 280089K->19465K(812544K), 0.0010050 secs] [Times: user=0.00 sys=0.00, real=0.00 secs] 
2024-10-04T21:37:18.771+0300: 153.981: Total time for which application threads were stopped: 0.0013374 seconds, Stopping threads took: 0.0001678 seconds
2024-10-04T21:37:19.147+0300: 154.355: Application time: 0.3741552 seconds
2024-10-04T21:37:19.147+0300: 154.355: [GC (Allocation Failure) [PSYoungGen: 263655K->3424K(266240K)] 278768K->18545K(812544K), 0.0009082 secs] [Times: user=0.00 sys=0.00, real=0.00 secs] 
2024-10-04T21:37:19.147+0300: 154.356: Total time for which application threads were stopped: 0.0012844 seconds, Stopping threads took: 0.0002103 seconds
2024-10-04T21:37:19.508+0300: 154.722: Application time: 0.3664213 seconds
2024-10-04T21:37:19.508+0300: 154.723: [GC (Allocation Failure) [PSYoungGen: 262047K->5456K(266240K)] 277169K->20585K(812544K), 0.0012357 secs] [Times: user=0.00 sys=0.00, real=0.00 secs] 
2024-10-04T21:37:19.508+0300: 154.724: Total time for which application threads were stopped: 0.0015526 seconds, Stopping threads took: 0.0001667 seconds
2024-10-04T21:37:19.885+0300: 155.089: Application time: 0.3649453 seconds
2024-10-04T21:37:19.885+0300: 155.089: [GC (Allocation Failure) [PSYoungGen: 264424K->5408K(266240K)] 279553K->20585K(812544K), 0.0011211 secs] [Times: user=0.00 sys=0.00, real=0.00 secs] 
2024-10-04T21:37:19.885+0300: 155.090: Total time for which application threads were stopped: 0.0013877 seconds, Stopping threads took: 0.0001323 seconds
2024-10-04T21:37:20.261+0300: 155.464: Application time: 0.3738050 seconds
2024-10-04T21:37:20.261+0300: 155.464: [GC (Allocation Failure) [PSYoungGen: 264177K->4448K(266240K)] 279354K->19633K(812544K), 0.0009491 secs] [Times: user=0.00 sys=0.00, real=0.00 secs] 
2024-10-04T21:37:20.261+0300: 155.465: Total time for which application threads were stopped: 0.0012271 seconds, Stopping threads took: 0.0001332 seconds
2024-10-04T21:37:20.623+0300: 155.832: Application time: 0.3664751 seconds
2024-10-04T21:37:20.623+0300: 155.832: [GC (Allocation Failure) [PSYoungGen: 263403K->4448K(266240K)] 278588K->19641K(812544K), 0.0009985 secs] [Times: user=0.00 sys=0.00, real=0.00 secs] 
2024-10-04T21:37:20.623+0300: 155.833: Total time for which application threads were stopped: 0.0012885 seconds, Stopping threads took: 0.0001630 seconds
2024-10-04T21:37:20.986+0300: 156.201: Application time: 0.3673455 seconds
2024-10-04T21:37:20.986+0300: 156.201: [GC (Allocation Failure) [PSYoungGen: 263203K->4448K(266240K)] 278396K->19649K(812544K), 0.0012638 secs] [Times: user=0.00 sys=0.02, real=0.01 secs] 
2024-10-04T21:37:21.000+0300: 156.202: Total time for which application threads were stopped: 0.0016159 seconds, Stopping threads took: 0.0002041 seconds
2024-10-04T21:37:21.377+0300: 156.578: Application time: 0.3755904 seconds
2024-10-04T21:37:21.377+0300: 156.578: [GC (Allocation Failure) [PSYoungGen: 263420K->5376K(265728K)] 278621K->20657K(812032K), 0.0011570 secs] [Times: user=0.00 sys=0.00, real=0.00 secs] 
2024-10-04T21:37:21.377+0300: 156.579: Total time for which application threads were stopped: 0.0014903 seconds, Stopping threads took: 0.0001847 seconds
2024-10-04T21:37:21.738+0300: 156.943: Application time: 0.3637933 seconds
2024-10-04T21:37:21.738+0300: 156.943: [GC (Allocation Failure) [PSYoungGen: 264433K->5456K(266240K)] 279715K->20753K(812544K), 0.0010934 secs] [Times: user=0.00 sys=0.00, real=0.00 secs] 
2024-10-04T21:37:21.738+0300: 156.944: Total time for which application threads were stopped: 0.0013927 seconds, Stopping threads took: 0.0001500 seconds
2024-10-04T21:37:22.114+0300: 157.321: Application time: 0.3768935 seconds
2024-10-04T21:37:22.114+0300: 157.322: [GC (Allocation Failure) [PSYoungGen: 264256K->3424K(266240K)] 279553K->18737K(812544K), 0.0009048 secs] [Times: user=0.00 sys=0.00, real=0.00 secs] 
2024-10-04T21:37:22.114+0300: 157.323: Total time for which application threads were stopped: 0.0012290 seconds, Stopping threads took: 0.0001592 seconds
2024-10-04T21:37:22.475+0300: 157.689: Application time: 0.3667819 seconds
2024-10-04T21:37:22.489+0300: 157.690: [GC (Allocation Failure) [PSYoungGen: 263008K->4416K(266240K)] 278321K->19769K(812544K), 0.0012125 secs] [Times: user=0.00 sys=0.00, real=0.00 secs] 
2024-10-04T21:37:22.489+0300: 157.691: Total time for which application threads were stopped: 0.0015904 seconds, Stopping threads took: 0.0001855 seconds
2024-10-04T21:37:22.852+0300: 158.060: Application time: 0.3687048 seconds
2024-10-04T21:37:22.852+0300: 158.060: [GC (Allocation Failure) [PSYoungGen: 264000K->5440K(266240K)] 279353K->20801K(812544K), 0.0010221 secs] [Times: user=0.00 sys=0.00, real=0.00 secs] 
2024-10-04T21:37:22.852+0300: 158.061: Total time for which application threads were stopped: 0.0012776 seconds, Stopping threads took: 0.0001320 seconds
2024-10-04T21:37:23.229+0300: 158.434: Application time: 0.3727146 seconds
2024-10-04T21:37:23.229+0300: 158.434: [GC (Allocation Failure) [PSYoungGen: 264108K->5456K(266240K)] 279469K->20825K(812544K), 0.0011685 secs] [Times: user=0.00 sys=0.00, real=0.00 secs] 
2024-10-04T21:37:23.229+0300: 158.435: Total time for which application threads were stopped: 0.0014185 seconds, Stopping threads took: 0.0001145 seconds
2024-10-04T21:37:23.591+0300: 158.805: Application time: 0.3696869 seconds
2024-10-04T21:37:23.591+0300: 158.805: [GC (Allocation Failure) [PSYoungGen: 265040K->4448K(266240K)] 280409K->19825K(812544K), 0.0010644 secs] [Times: user=0.00 sys=0.00, real=0.00 secs] 
2024-10-04T21:37:23.591+0300: 158.806: Total time for which application threads were stopped: 0.0013676 seconds, Stopping threads took: 0.0001796 seconds
2024-10-04T21:37:23.967+0300: 159.173: Application time: 0.3669300 seconds
2024-10-04T21:37:23.967+0300: 159.173: [GC (Allocation Failure) [PSYoungGen: 263284K->3376K(266240K)] 278662K->18801K(812544K), 0.0008605 secs] [Times: user=0.00 sys=0.00, real=0.00 secs] 
2024-10-04T21:37:23.967+0300: 159.174: Total time for which application threads were stopped: 0.0011842 seconds, Stopping threads took: 0.0002001 seconds
2024-10-04T21:37:24.343+0300: 159.547: Application time: 0.3727649 seconds
2024-10-04T21:37:24.343+0300: 159.547: [GC (Allocation Failure) [PSYoungGen: 262389K->4368K(266240K)] 277814K->19801K(812544K), 0.0010040 secs] [Times: user=0.00 sys=0.00, real=0.00 secs] 
2024-10-04T21:37:24.343+0300: 159.548: Total time for which application threads were stopped: 0.0012549 seconds, Stopping threads took: 0.0001277 seconds
2024-10-04T21:37:24.704+0300: 159.916: Application time: 0.3677346 seconds
2024-10-04T21:37:24.704+0300: 159.916: [GC (Allocation Failure) [PSYoungGen: 263331K->3392K(266240K)] 278764K->18865K(812544K), 0.0009470 secs] [Times: user=0.00 sys=0.00, real=0.00 secs] 
2024-10-04T21:37:24.704+0300: 159.917: Total time for which application threads were stopped: 0.0013132 seconds, Stopping threads took: 0.0001893 seconds
2024-10-04T21:37:25.080+0300: 160.287: Application time: 0.3696342 seconds
2024-10-04T21:37:25.080+0300: 160.287: [GC (Allocation Failure) [PSYoungGen: 262381K->4400K(266752K)] 277855K->19881K(813056K), 0.0011121 secs] [Times: user=0.00 sys=0.00, real=0.00 secs] 
2024-10-04T21:37:25.080+0300: 160.288: Total time for which application threads were stopped: 0.0014165 seconds, Stopping threads took: 0.0001312 seconds
2024-10-04T21:37:25.441+0300: 160.657: Application time: 0.3691098 seconds
2024-10-04T21:37:25.457+0300: 160.658: [GC (Allocation Failure) [PSYoungGen: 264243K->5472K(266240K)] 279724K->20969K(812544K), 0.0011559 secs] [Times: user=0.00 sys=0.00, real=0.00 secs] 
2024-10-04T21:37:25.457+0300: 160.659: Total time for which application threads were stopped: 0.0015429 seconds, Stopping threads took: 0.0002065 seconds
2024-10-04T21:37:25.818+0300: 161.030: Application time: 0.3706169 seconds
2024-10-04T21:37:25.818+0300: 161.030: [GC (Allocation Failure) [PSYoungGen: 265507K->4448K(266240K)] 281005K->19953K(812544K), 0.0011532 secs] [Times: user=0.00 sys=0.00, real=0.00 secs] 
2024-10-04T21:37:25.818+0300: 161.031: Total time for which application threads were stopped: 0.0014700 seconds, Stopping threads took: 0.0001494 seconds
2024-10-04T21:37:26.210+0300: 161.417: Application time: 0.3857018 seconds
2024-10-04T21:37:26.210+0300: 161.417: [GC (Allocation Failure) [PSYoungGen: 263088K->2368K(266240K)] 278594K->17881K(812544K), 0.0009127 secs] [Times: user=0.00 sys=0.00, real=0.00 secs] 
2024-10-04T21:37:26.210+0300: 161.418: Total time for which application threads were stopped: 0.0012237 seconds, Stopping threads took: 0.0001456 seconds
2024-10-04T21:37:26.571+0300: 161.787: Application time: 0.3689144 seconds
2024-10-04T21:37:26.571+0300: 161.787: [GC (Allocation Failure) [PSYoungGen: 261282K->3376K(266240K)] 276795K->18929K(812544K), 0.0011871 secs] [Times: user=0.02 sys=0.00, real=0.02 secs] 
2024-10-04T21:37:26.587+0300: 161.788: Total time for which application threads were stopped: 0.0014491 seconds, Stopping threads took: 0.0001101 seconds
2024-10-04T21:37:26.964+0300: 162.167: Application time: 0.3790225 seconds
2024-10-04T21:37:26.964+0300: 162.168: [GC (Allocation Failure) [PSYoungGen: 262327K->5440K(266240K)] 277881K->21001K(812544K), 0.0011550 secs] [Times: user=0.00 sys=0.00, real=0.00 secs] 
2024-10-04T21:37:26.964+0300: 162.169: Total time for which application threads were stopped: 0.0014339 seconds, Stopping threads took: 0.0001091 seconds
2024-10-04T21:37:27.340+0300: 162.548: Application time: 0.3790075 seconds
2024-10-04T21:37:27.340+0300: 162.548: [GC (Allocation Failure) [PSYoungGen: 264215K->3408K(266240K)] 279776K->18985K(812544K), 0.0008593 secs] [Times: user=0.00 sys=0.00, real=0.00 secs] 
2024-10-04T21:37:27.340+0300: 162.549: Total time for which application threads were stopped: 0.0011599 seconds, Stopping threads took: 0.0001562 seconds
2024-10-04T21:37:27.717+0300: 162.918: Application time: 0.3686062 seconds
2024-10-04T21:37:27.717+0300: 162.918: [GC (Allocation Failure) [PSYoungGen: 262172K->4448K(266240K)] 277750K->20033K(812544K), 0.0009742 secs] [Times: user=0.00 sys=0.00, real=0.00 secs] 
2024-10-04T21:37:27.717+0300: 162.919: Total time for which application threads were stopped: 0.0012732 seconds, Stopping threads took: 0.0001481 seconds
2024-10-04T21:37:28.093+0300: 163.301: Application time: 0.3817312 seconds
2024-10-04T21:37:28.093+0300: 163.301: [GC (Allocation Failure) [PSYoungGen: 263557K->4352K(266240K)] 279143K->20041K(812544K), 0.0010637 secs] [Times: user=0.03 sys=0.00, real=0.01 secs] 
2024-10-04T21:37:28.101+0300: 163.302: Total time for which application threads were stopped: 0.0013808 seconds, Stopping threads took: 0.0001533 seconds
2024-10-04T21:37:28.455+0300: 163.669: Application time: 0.3672073 seconds
2024-10-04T21:37:28.455+0300: 163.670: [GC (Allocation Failure) [PSYoungGen: 262928K->3424K(266240K)] 278618K->19129K(812544K), 0.0009806 secs] [Times: user=0.00 sys=0.00, real=0.00 secs] 
2024-10-04T21:37:28.455+0300: 163.671: Total time for which application threads were stopped: 0.0014987 seconds, Stopping threads took: 0.0003562 seconds
2024-10-04T21:37:28.831+0300: 164.038: Application time: 0.3670462 seconds
2024-10-04T21:37:28.831+0300: 164.038: [GC (Allocation Failure) [PSYoungGen: 262594K->4416K(266752K)] 278300K->20129K(813056K), 0.0010746 secs] [Times: user=0.00 sys=0.00, real=0.00 secs] 
2024-10-04T21:37:28.831+0300: 164.039: Total time for which application threads were stopped: 0.0013699 seconds, Stopping threads took: 0.0001296 seconds
2024-10-04T21:37:29.207+0300: 164.421: Application time: 0.3822374 seconds
2024-10-04T21:37:29.207+0300: 164.422: [GC (Allocation Failure) [PSYoungGen: 264354K->5424K(266240K)] 280068K->21161K(812544K), 0.0013289 secs] [Times: user=0.00 sys=0.00, real=0.00 secs] 
2024-10-04T21:37:29.207+0300: 164.423: Total time for which application threads were stopped: 0.0016372 seconds, Stopping threads took: 0.0001673 seconds
2024-10-04T21:37:29.584+0300: 164.791: Application time: 0.3676093 seconds
2024-10-04T21:37:29.584+0300: 164.791: [GC (Allocation Failure) [PSYoungGen: 265359K->5424K(266240K)] 281097K->21169K(812544K), 0.0013011 secs] [Times: user=0.00 sys=0.00, real=0.00 secs] 
2024-10-04T21:37:29.584+0300: 164.792: Total time for which application threads were stopped: 0.0015751 seconds, Stopping threads took: 0.0001201 seconds
2024-10-04T21:37:29.960+0300: 165.161: Application time: 0.3692023 seconds
2024-10-04T21:37:29.960+0300: 165.162: [GC (Allocation Failure) [PSYoungGen: 264216K->4448K(266240K)] 279962K->20201K(812544K), 0.0010102 secs] [Times: user=0.00 sys=0.00, real=0.00 secs] 
2024-10-04T21:37:29.960+0300: 165.163: Total time for which application threads were stopped: 0.0013094 seconds, Stopping threads took: 0.0001460 seconds
2024-10-04T21:37:30.337+0300: 165.544: Application time: 0.3814352 seconds
2024-10-04T21:37:30.337+0300: 165.544: [GC (Allocation Failure) [PSYoungGen: 263490K->3440K(266240K)] 279243K->19201K(812544K), 0.0009848 secs] [Times: user=0.02 sys=0.00, real=0.00 secs] 
2024-10-04T21:37:30.337+0300: 165.545: Total time for which application threads were stopped: 0.0012809 seconds, Stopping threads took: 0.0001409 seconds
2024-10-04T21:37:30.713+0300: 165.915: Application time: 0.3696954 seconds
2024-10-04T21:37:30.713+0300: 165.915: [GC (Allocation Failure) [PSYoungGen: 262411K->4384K(266240K)] 278172K->20221K(812544K), 0.0011112 secs] [Times: user=0.00 sys=0.00, real=0.00 secs] 
2024-10-04T21:37:30.713+0300: 165.917: Total time for which application threads were stopped: 0.0014338 seconds, Stopping threads took: 0.0001503 seconds
2024-10-04T21:37:31.073+0300: 166.285: Application time: 0.3686273 seconds
2024-10-04T21:37:31.073+0300: 166.285: [GC (Allocation Failure) [PSYoungGen: 263348K->5424K(265728K)] 279186K->21277K(812032K), 0.0013845 secs] [Times: user=0.00 sys=0.00, real=0.00 secs] 
2024-10-04T21:37:31.073+0300: 166.287: Total time for which application threads were stopped: 0.0017191 seconds, Stopping threads took: 0.0001617 seconds
2024-10-04T21:37:31.451+0300: 166.661: Application time: 0.3742909 seconds
2024-10-04T21:37:31.451+0300: 166.662: [GC (Allocation Failure) [PSYoungGen: 265008K->4464K(266240K)] 280861K->20325K(812544K), 0.0010406 secs] [Times: user=0.00 sys=0.00, real=0.00 secs] 
2024-10-04T21:37:31.451+0300: 166.663: Total time for which application threads were stopped: 0.0013642 seconds, Stopping threads took: 0.0001846 seconds
2024-10-04T21:37:31.812+0300: 167.027: Application time: 0.3642989 seconds
2024-10-04T21:37:31.812+0300: 167.027: [GC (Allocation Failure) [PSYoungGen: 263495K->5440K(266240K)] 279357K->21309K(812544K), 0.0015644 secs] [Times: user=0.00 sys=0.00, real=0.01 secs] 
2024-10-04T21:37:31.827+0300: 167.029: Total time for which application threads were stopped: 0.0019286 seconds, Stopping threads took: 0.0002126 seconds
2024-10-04T21:37:32.203+0300: 167.405: Application time: 0.3759605 seconds
2024-10-04T21:37:32.203+0300: 167.405: [GC (Allocation Failure) [PSYoungGen: 264419K->4448K(266240K)] 280288K->20325K(812544K), 0.0010230 secs] [Times: user=0.00 sys=0.00, real=0.00 secs] 
2024-10-04T21:37:32.203+0300: 167.406: Total time for which application threads were stopped: 0.0012964 seconds, Stopping threads took: 0.0001405 seconds
2024-10-04T21:37:32.564+0300: 167.774: Application time: 0.3676446 seconds
2024-10-04T21:37:32.564+0300: 167.774: [GC (Allocation Failure) [PSYoungGen: 263223K->4480K(266752K)] 279100K->20365K(813056K), 0.0013034 secs] [Times: user=0.00 sys=0.00, real=0.00 secs] 
2024-10-04T21:37:32.564+0300: 167.775: Total time for which application threads were stopped: 0.0015609 seconds, Stopping threads took: 0.0001039 seconds
2024-10-04T21:37:32.925+0300: 168.141: Application time: 0.3657829 seconds
2024-10-04T21:37:32.925+0300: 168.141: [GC (Allocation Failure) [PSYoungGen: 263612K->4352K(266240K)] 279498K->20278K(812544K), 0.0010939 secs] [Times: user=0.00 sys=0.00, real=0.02 secs] 
2024-10-04T21:37:32.941+0300: 168.143: Total time for which application threads were stopped: 0.0014563 seconds, Stopping threads took: 0.0002261 seconds
2024-10-04T21:37:33.312+0300: 168.518: Application time: 0.3754761 seconds
2024-10-04T21:37:33.318+0300: 168.518: [GC (Allocation Failure) [PSYoungGen: 263901K->4464K(266752K)] 279827K->20397K(813056K), 0.0011175 secs] [Times: user=0.00 sys=0.00, real=0.00 secs] 
2024-10-04T21:37:33.318+0300: 168.520: Total time for which application threads were stopped: 0.0014703 seconds, Stopping threads took: 0.0001936 seconds
2024-10-04T21:37:33.679+0300: 168.889: Application time: 0.3692549 seconds
2024-10-04T21:37:33.679+0300: 168.889: [GC (Allocation Failure) [PSYoungGen: 264906K->4448K(266752K)] 280840K->20390K(813056K), 0.0010316 secs] [Times: user=0.00 sys=0.00, real=0.00 secs] 
2024-10-04T21:37:33.679+0300: 168.890: Total time for which application threads were stopped: 0.0013222 seconds, Stopping threads took: 0.0001609 seconds
2024-10-04T21:37:34.055+0300: 169.265: Application time: 0.3745367 seconds
2024-10-04T21:37:34.055+0300: 169.265: [GC (Allocation Failure) [PSYoungGen: 265009K->3392K(266752K)] 280951K->19341K(813056K), 0.0012969 secs] [Times: user=0.00 sys=0.00, real=0.00 secs] 
2024-10-04T21:37:34.055+0300: 169.267: Total time for which application threads were stopped: 0.0019204 seconds, Stopping threads took: 0.0004206 seconds
2024-10-04T21:37:34.433+0300: 169.636: Application time: 0.3694801 seconds
2024-10-04T21:37:34.433+0300: 169.636: [GC (Allocation Failure) [PSYoungGen: 263662K->4432K(266752K)] 279612K->20422K(813056K), 0.0009945 secs] [Times: user=0.00 sys=0.00, real=0.00 secs] 
2024-10-04T21:37:34.433+0300: 169.637: Total time for which application threads were stopped: 0.0012890 seconds, Stopping threads took: 0.0001407 seconds
2024-10-04T21:37:34.808+0300: 170.012: Application time: 0.3741798 seconds
2024-10-04T21:37:34.808+0300: 170.012: [GC (Allocation Failure) [PSYoungGen: 265040K->5408K(266240K)] 281030K->21482K(812544K), 0.0010790 secs] [Times: user=0.00 sys=0.00, real=0.00 secs] 
2024-10-04T21:37:34.808+0300: 170.013: Total time for which application threads were stopped: 0.0013613 seconds, Stopping threads took: 0.0001531 seconds
2024-10-04T21:37:35.185+0300: 170.401: Application time: 0.3883988 seconds
2024-10-04T21:37:35.201+0300: 170.402: [GC (Allocation Failure) [PSYoungGen: 265500K->3392K(266752K)] 281574K->19474K(813056K), 0.0013518 secs] [Times: user=0.00 sys=0.00, real=0.00 secs] 
2024-10-04T21:37:35.201+0300: 170.403: Total time for which application threads were stopped: 0.0019016 seconds, Stopping threads took: 0.0003822 seconds
2024-10-04T21:37:35.562+0300: 170.775: Application time: 0.3717002 seconds
2024-10-04T21:37:35.562+0300: 170.775: [GC (Allocation Failure) [PSYoungGen: 263344K->4384K(266752K)] 279426K->20490K(813056K), 0.0011449 secs] [Times: user=0.00 sys=0.00, real=0.00 secs] 
2024-10-04T21:37:35.562+0300: 170.776: Total time for which application threads were stopped: 0.0015708 seconds, Stopping threads took: 0.0002025 seconds
2024-10-04T21:37:35.954+0300: 171.155: Application time: 0.3790130 seconds
2024-10-04T21:37:35.954+0300: 171.156: [GC (Allocation Failure) [PSYoungGen: 264297K->4448K(266752K)] 280403K->20562K(813056K), 0.0011651 secs] [Times: user=0.00 sys=0.00, real=0.00 secs] 
2024-10-04T21:37:35.954+0300: 171.157: Total time for which application threads were stopped: 0.0014579 seconds, Stopping threads took: 0.0001217 seconds
2024-10-04T21:37:36.332+0300: 171.541: Application time: 0.3843191 seconds
2024-10-04T21:37:36.332+0300: 171.542: [GC (Allocation Failure) [PSYoungGen: 264394K->5440K(266752K)] 280508K->21570K(813056K), 0.0013428 secs] [Times: user=0.00 sys=0.00, real=0.00 secs] 
2024-10-04T21:37:36.332+0300: 171.543: Total time for which application threads were stopped: 0.0016820 seconds, Stopping threads took: 0.0001527 seconds
2024-10-04T21:37:36.724+0300: 171.927: Application time: 0.3838262 seconds
2024-10-04T21:37:36.724+0300: 171.927: [GC (Allocation Failure) [PSYoungGen: 265542K->5440K(266752K)] 281672K->21578K(813056K), 0.0013795 secs] [Times: user=0.00 sys=0.00, real=0.00 secs] 
2024-10-04T21:37:36.724+0300: 171.929: Total time for which application threads were stopped: 0.0019220 seconds, Stopping threads took: 0.0003756 seconds
2024-10-04T21:37:37.100+0300: 172.316: Application time: 0.3875310 seconds
2024-10-04T21:37:37.100+0300: 172.316: [GC (Allocation Failure) [PSYoungGen: 266048K->4352K(266752K)] 282186K->20530K(813056K), 0.0012875 secs] [Times: user=0.00 sys=0.00, real=0.02 secs] 
2024-10-04T21:37:37.116+0300: 172.318: Total time for which application threads were stopped: 0.0015774 seconds, Stopping threads took: 0.0001126 seconds
2024-10-04T21:37:37.477+0300: 172.688: Application time: 0.3701527 seconds
2024-10-04T21:37:37.477+0300: 172.688: [GC (Allocation Failure) [PSYoungGen: 264257K->5376K(266240K)] 280435K->21602K(812544K), 0.0014099 secs] [Times: user=0.00 sys=0.00, real=0.00 secs] 
2024-10-04T21:37:37.477+0300: 172.690: Total time for which application threads were stopped: 0.0017716 seconds, Stopping threads took: 0.0001891 seconds
2024-10-04T21:37:37.854+0300: 173.058: Application time: 0.3683619 seconds
2024-10-04T21:37:37.854+0300: 173.058: [GC (Allocation Failure) [PSYoungGen: 265469K->4464K(266752K)] 281695K->20698K(813056K), 0.0009414 secs] [Times: user=0.00 sys=0.00, real=0.00 secs] 
2024-10-04T21:37:37.854+0300: 173.059: Total time for which application threads were stopped: 0.0012499 seconds, Stopping threads took: 0.0001647 seconds
2024-10-04T21:37:38.230+0300: 173.433: Application time: 0.3736561 seconds
2024-10-04T21:37:38.230+0300: 173.433: [GC (Allocation Failure) [PSYoungGen: 264175K->4400K(266240K)] 280409K->20642K(812544K), 0.0011652 secs] [Times: user=0.00 sys=0.00, real=0.00 secs] 
2024-10-04T21:37:38.230+0300: 173.435: Total time for which application threads were stopped: 0.0015280 seconds, Stopping threads took: 0.0001828 seconds
2024-10-04T21:37:38.591+0300: 173.806: Application time: 0.3714744 seconds
2024-10-04T21:37:38.591+0300: 173.806: [GC (Allocation Failure) [PSYoungGen: 263551K->4464K(266752K)] 279793K->20714K(813056K), 0.0010615 secs] [Times: user=0.00 sys=0.00, real=0.00 secs] 
2024-10-04T21:37:38.591+0300: 173.808: Total time for which application threads were stopped: 0.0014939 seconds, Stopping threads took: 0.0002363 seconds
2024-10-04T21:37:38.968+0300: 174.177: Application time: 0.3692839 seconds
2024-10-04T21:37:38.968+0300: 174.177: [GC (Allocation Failure) [PSYoungGen: 265057K->3440K(266752K)] 281307K->19706K(813056K), 0.0010953 secs] [Times: user=0.00 sys=0.00, real=0.00 secs] 
2024-10-04T21:37:38.968+0300: 174.178: Total time for which application threads were stopped: 0.0014454 seconds, Stopping threads took: 0.0001523 seconds
2024-10-04T21:37:39.361+0300: 174.563: Application time: 0.3845901 seconds
2024-10-04T21:37:39.361+0300: 174.563: [GC (Allocation Failure) [PSYoungGen: 263644K->3392K(266752K)] 279910K->19706K(813056K), 0.0009760 secs] [Times: user=0.00 sys=0.00, real=0.00 secs] 
2024-10-04T21:37:39.361+0300: 174.564: Total time for which application threads were stopped: 0.0013506 seconds, Stopping threads took: 0.0001812 seconds
2024-10-04T21:37:39.738+0300: 174.944: Application time: 0.3798466 seconds
2024-10-04T21:37:39.738+0300: 174.944: [GC (Allocation Failure) [PSYoungGen: 263113K->3424K(266752K)] 279427K->19746K(813056K), 0.0009585 secs] [Times: user=0.00 sys=0.00, real=0.00 secs] 
2024-10-04T21:37:39.738+0300: 174.945: Total time for which application threads were stopped: 0.0013074 seconds, Stopping threads took: 0.0001751 seconds
2024-10-04T21:37:40.114+0300: 175.326: Application time: 0.3801955 seconds
2024-10-04T21:37:40.114+0300: 175.326: [GC (Allocation Failure) [PSYoungGen: 263475K->3376K(266752K)] 279797K->19706K(813056K), 0.0010009 secs] [Times: user=0.00 sys=0.00, real=0.01 secs] 
2024-10-04T21:37:40.126+0300: 175.327: Total time for which application threads were stopped: 0.0013011 seconds, Stopping threads took: 0.0001305 seconds
2024-10-04T21:37:40.492+0300: 175.707: Application time: 0.3797940 seconds
2024-10-04T21:37:40.492+0300: 175.707: [GC (Allocation Failure) [PSYoungGen: 263984K->4400K(266752K)] 280314K->20738K(813056K), 0.0014398 secs] [Times: user=0.00 sys=0.00, real=0.01 secs] 
2024-10-04T21:37:40.507+0300: 175.709: Total time for which application threads were stopped: 0.0018796 seconds, Stopping threads took: 0.0002504 seconds
2024-10-04T21:37:40.884+0300: 176.088: Application time: 0.3790896 seconds
2024-10-04T21:37:40.884+0300: 176.088: [GC (Allocation Failure) [PSYoungGen: 264220K->4384K(266752K)] 280558K->20738K(813056K), 0.0010128 secs] [Times: user=0.00 sys=0.00, real=0.00 secs] 
2024-10-04T21:37:40.884+0300: 176.089: Total time for which application threads were stopped: 0.0012483 seconds, Stopping threads took: 0.0000782 seconds
2024-10-04T21:37:41.261+0300: 176.468: Application time: 0.3795530 seconds
2024-10-04T21:37:41.261+0300: 176.469: [GC (Allocation Failure) [PSYoungGen: 264476K->4352K(266752K)] 280830K->20782K(813056K), 0.0011563 secs] [Times: user=0.00 sys=0.00, real=0.00 secs] 
2024-10-04T21:37:41.261+0300: 176.470: Total time for which application threads were stopped: 0.0015240 seconds, Stopping threads took: 0.0001868 seconds
2024-10-04T21:37:41.638+0300: 176.843: Application time: 0.3728883 seconds
2024-10-04T21:37:41.638+0300: 176.843: [GC (Allocation Failure) [PSYoungGen: 264960K->4448K(267264K)] 281390K->20918K(813568K), 0.0009767 secs] [Times: user=0.00 sys=0.00, real=0.00 secs] 
2024-10-04T21:37:41.638+0300: 176.844: Total time for which application threads were stopped: 0.0013189 seconds, Stopping threads took: 0.0001668 seconds
2024-10-04T21:37:42.014+0300: 177.216: Application time: 0.3720871 seconds
2024-10-04T21:37:42.014+0300: 177.216: [GC (Allocation Failure) [PSYoungGen: 264599K->3360K(266752K)] 281070K->19846K(813056K), 0.0010925 secs] [Times: user=0.00 sys=0.00, real=0.00 secs] 
2024-10-04T21:37:42.014+0300: 177.218: Total time for which application threads were stopped: 0.0014266 seconds, Stopping threads took: 0.0001570 seconds
2024-10-04T21:37:42.390+0300: 177.595: Application time: 0.3771310 seconds
2024-10-04T21:37:42.390+0300: 177.595: [GC (Allocation Failure) [PSYoungGen: 263551K->4480K(267264K)] 280038K->20974K(813568K), 0.0010579 secs] [Times: user=0.00 sys=0.00, real=0.00 secs] 
2024-10-04T21:37:42.390+0300: 177.596: Total time for which application threads were stopped: 0.0014112 seconds, Stopping threads took: 0.0001867 seconds
2024-10-04T21:37:42.752+0300: 177.966: Application time: 0.3699502 seconds
2024-10-04T21:37:42.752+0300: 177.966: [GC (Allocation Failure) [PSYoungGen: 265730K->5408K(267264K)] 282225K->21910K(813568K), 0.0013959 secs] [Times: user=0.00 sys=0.00, real=0.00 secs] 
2024-10-04T21:37:42.752+0300: 177.968: Total time for which application threads were stopped: 0.0017069 seconds, Stopping threads took: 0.0001073 seconds
2024-10-04T21:37:43.147+0300: 178.348: Application time: 0.3800445 seconds
2024-10-04T21:37:43.147+0300: 178.348: [GC (Allocation Failure) [PSYoungGen: 266299K->5424K(266240K)] 282801K->21934K(812544K), 0.0011812 secs] [Times: user=0.00 sys=0.00, real=0.00 secs] 
2024-10-04T21:37:43.148+0300: 178.349: Total time for which application threads were stopped: 0.0015192 seconds, Stopping threads took: 0.0001642 seconds
2024-10-04T21:37:43.520+0300: 178.726: Application time: 0.3763168 seconds
2024-10-04T21:37:43.520+0300: 178.726: [GC (Allocation Failure) [PSYoungGen: 265672K->5392K(266240K)] 282182K->21942K(812544K), 0.0013447 secs] [Times: user=0.00 sys=0.00, real=0.00 secs] 
2024-10-04T21:37:43.520+0300: 178.727: Total time for which application threads were stopped: 0.0016734 seconds, Stopping threads took: 0.0001841 seconds
2024-10-04T21:37:43.881+0300: 179.096: Application time: 0.3682964 seconds
2024-10-04T21:37:43.881+0300: 179.096: [GC (Allocation Failure) [PSYoungGen: 265102K->4496K(266752K)] 281652K->21054K(813056K), 0.0010163 secs] [Times: user=0.00 sys=0.00, real=0.00 secs] 
2024-10-04T21:37:43.881+0300: 179.097: Total time for which application threads were stopped: 0.0012893 seconds, Stopping threads took: 0.0001407 seconds
2024-10-04T21:37:44.258+0300: 179.473: Application time: 0.3757701 seconds
2024-10-04T21:37:44.258+0300: 179.473: [GC (Allocation Failure) [PSYoungGen: 264546K->5408K(266240K)] 281104K->22006K(812544K), 0.0012098 secs] [Times: user=0.00 sys=0.00, real=0.02 secs] 
2024-10-04T21:37:44.274+0300: 179.474: Total time for which application threads were stopped: 0.0015694 seconds, Stopping threads took: 0.0001130 seconds
2024-10-04T21:37:44.635+0300: 179.844: Application time: 0.3693275 seconds
2024-10-04T21:37:44.635+0300: 179.844: [GC (Allocation Failure) [PSYoungGen: 265268K->2384K(266240K)] 281866K->18990K(812544K), 0.0006944 secs] [Times: user=0.00 sys=0.00, real=0.00 secs] 
2024-10-04T21:37:44.635+0300: 179.845: Total time for which application threads were stopped: 0.0009482 seconds, Stopping threads took: 0.0001312 seconds
2024-10-04T21:37:44.996+0300: 180.209: Application time: 0.3648165 seconds
2024-10-04T21:37:44.996+0300: 180.210: [GC (Allocation Failure) [PSYoungGen: 261281K->3424K(266240K)] 277888K->20046K(812544K), 0.0008124 secs] [Times: user=0.00 sys=0.00, real=0.00 secs] 
2024-10-04T21:37:44.996+0300: 180.211: Total time for which application threads were stopped: 0.0011052 seconds, Stopping threads took: 0.0001813 seconds
2024-10-04T21:37:45.372+0300: 180.585: Application time: 0.3742104 seconds
2024-10-04T21:37:45.372+0300: 180.585: [GC (Allocation Failure) [PSYoungGen: 262220K->4480K(266240K)] 278842K->21110K(812544K), 0.0010255 secs] [Times: user=0.00 sys=0.00, real=0.00 secs] 
2024-10-04T21:37:45.372+0300: 180.586: Total time for which application threads were stopped: 0.0013921 seconds, Stopping threads took: 0.0002166 seconds
2024-10-04T21:37:45.749+0300: 180.954: Application time: 0.3676606 seconds
2024-10-04T21:37:45.749+0300: 180.954: [GC (Allocation Failure) [PSYoungGen: 263424K->5440K(266240K)] 280054K->22078K(812544K), 0.0011633 secs] [Times: user=0.00 sys=0.00, real=0.00 secs] 
2024-10-04T21:37:45.749+0300: 180.955: Total time for which application threads were stopped: 0.0014452 seconds, Stopping threads took: 0.0001534 seconds
2024-10-04T21:37:46.126+0300: 181.329: Application time: 0.3738331 seconds
2024-10-04T21:37:46.126+0300: 181.329: [GC (Allocation Failure) [PSYoungGen: 264237K->4416K(266240K)] 280875K->21094K(812544K), 0.0009642 secs] [Times: user=0.00 sys=0.00, real=0.00 secs] 
2024-10-04T21:37:46.126+0300: 181.330: Total time for which application threads were stopped: 0.0012784 seconds, Stopping threads took: 0.0001538 seconds
2024-10-04T21:37:46.487+0300: 181.695: Application time: 0.3645593 seconds
2024-10-04T21:37:46.487+0300: 181.695: [GC (Allocation Failure) [PSYoungGen: 263406K->5376K(266240K)] 280085K->22062K(812544K), 0.0013133 secs] [Times: user=0.00 sys=0.00, real=0.00 secs] 
2024-10-04T21:37:46.487+0300: 181.697: Total time for which application threads were stopped: 0.0017092 seconds, Stopping threads took: 0.0002153 seconds
2024-10-04T21:37:46.864+0300: 182.069: Application time: 0.3718628 seconds
2024-10-04T21:37:46.864+0300: 182.069: [GC (Allocation Failure) [PSYoungGen: 264306K->4464K(266240K)] 280992K->21158K(812544K), 0.0009524 secs] [Times: user=0.00 sys=0.00, real=0.00 secs] 
2024-10-04T21:37:46.864+0300: 182.070: Total time for which application threads were stopped: 0.0012784 seconds, Stopping threads took: 0.0001757 seconds
2024-10-04T21:37:47.241+0300: 182.444: Application time: 0.3737140 seconds
2024-10-04T21:37:47.241+0300: 182.444: [GC (Allocation Failure) [PSYoungGen: 263296K->3440K(266240K)] 279990K->20142K(812544K), 0.0008997 secs] [Times: user=0.00 sys=0.00, real=0.00 secs] 
2024-10-04T21:37:47.241+0300: 182.445: Total time for which application threads were stopped: 0.0011662 seconds, Stopping threads took: 0.0001037 seconds
2024-10-04T21:37:47.602+0300: 182.814: Application time: 0.3691432 seconds
2024-10-04T21:37:47.602+0300: 182.814: [GC (Allocation Failure) [PSYoungGen: 263024K->4352K(266752K)] 279726K->21102K(813056K), 0.0010566 secs] [Times: user=0.00 sys=0.00, real=0.00 secs] 
2024-10-04T21:37:47.602+0300: 182.815: Total time for which application threads were stopped: 0.0013369 seconds, Stopping threads took: 0.0001482 seconds
2024-10-04T21:37:47.978+0300: 183.183: Application time: 0.3672855 seconds
2024-10-04T21:37:47.978+0300: 183.183: [GC (Allocation Failure) [PSYoungGen: 264171K->3264K(266240K)] 280922K->20062K(812544K), 0.0009172 secs] [Times: user=0.00 sys=0.00, real=0.00 secs] 
2024-10-04T21:37:47.978+0300: 183.184: Total time for which application threads were stopped: 0.0012476 seconds, Stopping threads took: 0.0001844 seconds
2024-10-04T21:37:48.356+0300: 183.560: Application time: 0.3763818 seconds
2024-10-04T21:37:48.356+0300: 183.560: [GC (Allocation Failure) [PSYoungGen: 263344K->4336K(266752K)] 280143K->21174K(813056K), 0.0009871 secs] [Times: user=0.00 sys=0.00, real=0.00 secs] 
2024-10-04T21:37:48.356+0300: 183.561: Total time for which application threads were stopped: 0.0013279 seconds, Stopping threads took: 0.0002000 seconds
2024-10-04T21:37:48.717+0300: 183.930: Application time: 0.3685798 seconds
2024-10-04T21:37:48.717+0300: 183.930: [GC (Allocation Failure) [PSYoungGen: 264432K->4480K(266240K)] 281270K->21326K(812544K), 0.0009552 secs] [Times: user=0.00 sys=0.00, real=0.00 secs] 
2024-10-04T21:37:48.717+0300: 183.931: Total time for which application threads were stopped: 0.0012834 seconds, Stopping threads took: 0.0002074 seconds
2024-10-04T21:37:49.093+0300: 184.303: Application time: 0.3714062 seconds
2024-10-04T21:37:49.093+0300: 184.303: [GC (Allocation Failure) [PSYoungGen: 264374K->5408K(266752K)] 281221K->22270K(813056K), 0.0012860 secs] [Times: user=0.00 sys=0.00, real=0.00 secs] 
2024-10-04T21:37:49.093+0300: 184.305: Total time for which application threads were stopped: 0.0019328 seconds, Stopping threads took: 0.0004662 seconds
2024-10-04T21:37:49.470+0300: 184.679: Application time: 0.3738911 seconds
2024-10-04T21:37:49.470+0300: 184.679: [GC (Allocation Failure) [PSYoungGen: 266016K->3408K(266752K)] 282878K->20278K(813056K), 0.0008817 secs] [Times: user=0.00 sys=0.00, real=0.00 secs] 
2024-10-04T21:37:49.470+0300: 184.680: Total time for which application threads were stopped: 0.0011837 seconds, Stopping threads took: 0.0001559 seconds
2024-10-04T21:37:49.831+0300: 185.045: Application time: 0.3647727 seconds
2024-10-04T21:37:49.831+0300: 185.045: [GC (Allocation Failure) [PSYoungGen: 263347K->5440K(265728K)] 280217K->22326K(812032K), 0.0011361 secs] [Times: user=0.00 sys=0.00, real=0.00 secs] 
2024-10-04T21:37:49.831+0300: 185.046: Total time for which application threads were stopped: 0.0014784 seconds, Stopping threads took: 0.0002107 seconds
2024-10-04T21:37:50.207+0300: 185.421: Application time: 0.3745458 seconds
2024-10-04T21:37:50.207+0300: 185.421: [GC (Allocation Failure) [PSYoungGen: 264724K->5344K(266240K)] 281611K->22310K(812544K), 0.0013068 secs] [Times: user=0.00 sys=0.00, real=0.00 secs] 
2024-10-04T21:37:50.207+0300: 185.422: Total time for which application threads were stopped: 0.0016406 seconds, Stopping threads took: 0.0001485 seconds
2024-10-04T21:37:50.584+0300: 185.790: Application time: 0.3674414 seconds
2024-10-04T21:37:50.584+0300: 185.790: [GC (Allocation Failure) [PSYoungGen: 264704K->3456K(266240K)] 281670K->20430K(812544K), 0.0008378 secs] [Times: user=0.00 sys=0.00, real=0.00 secs] 
2024-10-04T21:37:50.584+0300: 185.791: Total time for which application threads were stopped: 0.0011142 seconds, Stopping threads took: 0.0001345 seconds
2024-10-04T21:37:50.948+0300: 186.159: Application time: 0.3680221 seconds
2024-10-04T21:37:50.948+0300: 186.159: [GC (Allocation Failure) [PSYoungGen: 262732K->4448K(266240K)] 279707K->21430K(812544K), 0.0010002 secs] [Times: user=0.00 sys=0.00, real=0.00 secs] 
2024-10-04T21:37:50.948+0300: 186.160: Total time for which application threads were stopped: 0.0013011 seconds, Stopping threads took: 0.0001690 seconds
2024-10-04T21:37:51.336+0300: 186.538: Application time: 0.3779045 seconds
2024-10-04T21:37:51.336+0300: 186.538: [GC (Allocation Failure) [PSYoungGen: 263200K->4416K(266752K)] 280182K->21406K(813056K), 0.0010153 secs] [Times: user=0.00 sys=0.00, real=0.00 secs] 
2024-10-04T21:37:51.336+0300: 186.539: Total time for which application threads were stopped: 0.0013518 seconds, Stopping threads took: 0.0001860 seconds
2024-10-04T21:37:51.697+0300: 186.907: Application time: 0.3674278 seconds
2024-10-04T21:37:51.697+0300: 186.907: [GC (Allocation Failure) [PSYoungGen: 264512K->5440K(266240K)] 281502K->22438K(812544K), 0.0010967 secs] [Times: user=0.00 sys=0.00, real=0.00 secs] 
2024-10-04T21:37:51.697+0300: 186.908: Total time for which application threads were stopped: 0.0013860 seconds, Stopping threads took: 0.0001498 seconds
2024-10-04T21:37:52.074+0300: 187.277: Application time: 0.3690683 seconds
2024-10-04T21:37:52.074+0300: 187.278: [GC (Allocation Failure) [PSYoungGen: 265310K->4384K(266240K)] 282308K->21390K(812544K), 0.0011420 secs] [Times: user=0.00 sys=0.00, real=0.00 secs] 
2024-10-04T21:37:52.074+0300: 187.279: Total time for which application threads were stopped: 0.0015223 seconds, Stopping threads took: 0.0002294 seconds
2024-10-04T21:37:52.451+0300: 187.653: Application time: 0.3741425 seconds
2024-10-04T21:37:52.451+0300: 187.653: [GC (Allocation Failure) [PSYoungGen: 263291K->4368K(266240K)] 280298K->21414K(812544K), 0.0010219 secs] [Times: user=0.00 sys=0.00, real=0.00 secs] 
2024-10-04T21:37:52.451+0300: 187.654: Total time for which application threads were stopped: 0.0013516 seconds, Stopping threads took: 0.0001983 seconds
2024-10-04T21:37:52.812+0300: 188.018: Application time: 0.3637743 seconds
2024-10-04T21:37:52.812+0300: 188.018: [GC (Allocation Failure) [PSYoungGen: 263125K->5456K(265728K)] 280172K->22518K(812032K), 0.0010834 secs] [Times: user=0.00 sys=0.00, real=0.00 secs] 
2024-10-04T21:37:52.812+0300: 188.019: Total time for which application threads were stopped: 0.0013700 seconds, Stopping threads took: 0.0001536 seconds
2024-10-04T21:37:53.188+0300: 188.395: Application time: 0.3756024 seconds
2024-10-04T21:37:53.188+0300: 188.395: [GC (Allocation Failure) [PSYoungGen: 264409K->5472K(266240K)] 281472K->22550K(812544K), 0.0011631 secs] [Times: user=0.00 sys=0.00, real=0.00 secs] 
2024-10-04T21:37:53.188+0300: 188.396: Total time for which application threads were stopped: 0.0014526 seconds, Stopping threads took: 0.0001356 seconds
2024-10-04T21:37:53.554+0300: 188.763: Application time: 0.3667227 seconds
2024-10-04T21:37:53.554+0300: 188.763: [GC (Allocation Failure) [PSYoungGen: 264189K->5424K(266240K)] 281268K->22526K(812544K), 0.0012382 secs] [Times: user=0.00 sys=0.00, real=0.00 secs] 
2024-10-04T21:37:53.554+0300: 188.765: Total time for which application threads were stopped: 0.0015985 seconds, Stopping threads took: 0.0002144 seconds
2024-10-04T21:37:53.926+0300: 189.130: Application time: 0.3647336 seconds
2024-10-04T21:37:53.926+0300: 189.130: [GC (Allocation Failure) [PSYoungGen: 264354K->5408K(266240K)] 281457K->22558K(812544K), 0.0010216 secs] [Times: user=0.00 sys=0.00, real=0.00 secs] 
2024-10-04T21:37:53.926+0300: 189.131: Total time for which application threads were stopped: 0.0013130 seconds, Stopping threads took: 0.0001637 seconds
2024-10-04T21:37:54.303+0300: 189.506: Application time: 0.3755173 seconds
2024-10-04T21:37:54.303+0300: 189.507: [GC (Allocation Failure) [PSYoungGen: 264045K->4480K(266240K)] 281196K->21638K(812544K), 0.0010474 secs] [Times: user=0.00 sys=0.00, real=0.00 secs] 
2024-10-04T21:37:54.303+0300: 189.508: Total time for which application threads were stopped: 0.0013563 seconds, Stopping threads took: 0.0001181 seconds
2024-10-04T21:37:54.664+0300: 189.873: Application time: 0.3657275 seconds
2024-10-04T21:37:54.664+0300: 189.874: [GC (Allocation Failure) [PSYoungGen: 263746K->5376K(266240K)] 280904K->22614K(812544K), 0.0010373 secs] [Times: user=0.00 sys=0.00, real=0.00 secs] 
2024-10-04T21:37:54.664+0300: 189.875: Total time for which application threads were stopped: 0.0013238 seconds, Stopping threads took: 0.0001508 seconds
2024-10-04T21:37:55.041+0300: 190.246: Application time: 0.3710620 seconds
2024-10-04T21:37:55.041+0300: 190.246: [GC (Allocation Failure) [PSYoungGen: 264850K->4352K(266240K)] 282089K->21606K(812544K), 0.0012274 secs] [Times: user=0.00 sys=0.00, real=0.00 secs] 
2024-10-04T21:37:55.041+0300: 190.247: Total time for which application threads were stopped: 0.0015092 seconds, Stopping threads took: 0.0001210 seconds
2024-10-04T21:37:55.417+0300: 190.619: Application time: 0.3720167 seconds
2024-10-04T21:37:55.417+0300: 190.620: [GC (Allocation Failure) [PSYoungGen: 263470K->3424K(266240K)] 280725K->20686K(812544K), 0.0009628 secs] [Times: user=0.00 sys=0.00, real=0.00 secs] 
2024-10-04T21:37:55.417+0300: 190.621: Total time for which application threads were stopped: 0.0012393 seconds, Stopping threads took: 0.0001470 seconds
2024-10-04T21:37:55.778+0300: 190.989: Application time: 0.3681834 seconds
2024-10-04T21:37:55.778+0300: 190.989: [GC (Allocation Failure) [PSYoungGen: 262342K->5424K(266240K)] 279605K->22702K(812544K), 0.0011166 secs] [Times: user=0.00 sys=0.00, real=0.00 secs] 
2024-10-04T21:37:55.778+0300: 190.990: Total time for which application threads were stopped: 0.0014304 seconds, Stopping threads took: 0.0001581 seconds
2024-10-04T21:37:56.159+0300: 191.362: Application time: 0.3716703 seconds
2024-10-04T21:37:56.159+0300: 191.362: [GC (Allocation Failure) [PSYoungGen: 264207K->4416K(266240K)] 281486K->21734K(812544K), 0.0009929 secs] [Times: user=0.00 sys=0.00, real=0.00 secs] 
2024-10-04T21:37:56.159+0300: 191.363: Total time for which application threads were stopped: 0.0013300 seconds, Stopping threads took: 0.0002130 seconds
2024-10-04T21:37:56.531+0300: 191.737: Application time: 0.3737531 seconds
2024-10-04T21:37:56.531+0300: 191.737: [GC (Allocation Failure) [PSYoungGen: 263590K->2352K(265216K)] 280909K->19686K(811520K), 0.0006917 secs] [Times: user=0.00 sys=0.00, real=0.00 secs] 
2024-10-04T21:37:56.531+0300: 191.738: Total time for which application threads were stopped: 0.0009832 seconds, Stopping threads took: 0.0001614 seconds
2024-10-04T21:37:56.892+0300: 192.100: Application time: 0.3622125 seconds
2024-10-04T21:37:56.892+0300: 192.100: [GC (Allocation Failure) [PSYoungGen: 259944K->5440K(265728K)] 277279K->22822K(812032K), 0.0011618 secs] [Times: user=0.00 sys=0.00, real=0.00 secs] 
2024-10-04T21:37:56.892+0300: 192.102: Total time for which application threads were stopped: 0.0014613 seconds, Stopping threads took: 0.0001783 seconds
2024-10-04T21:37:57.268+0300: 192.476: Application time: 0.3738401 seconds
2024-10-04T21:37:57.268+0300: 192.476: [GC (Allocation Failure) [PSYoungGen: 263349K->3424K(265728K)] 280731K->20814K(812032K), 0.0008589 secs] [Times: user=0.00 sys=0.00, real=0.00 secs] 
2024-10-04T21:37:57.268+0300: 192.477: Total time for which application threads were stopped: 0.0011800 seconds, Stopping threads took: 0.0001806 seconds
2024-10-04T21:37:57.629+0300: 192.843: Application time: 0.3662929 seconds
2024-10-04T21:37:57.629+0300: 192.843: [GC (Allocation Failure) [PSYoungGen: 261462K->4464K(265728K)] 278853K->21862K(812032K), 0.0010032 secs] [Times: user=0.00 sys=0.00, real=0.00 secs] 
2024-10-04T21:37:57.629+0300: 192.844: Total time for which application threads were stopped: 0.0013315 seconds, Stopping threads took: 0.0001957 seconds
2024-10-04T21:37:58.006+0300: 193.211: Application time: 0.3669808 seconds
2024-10-04T21:37:58.006+0300: 193.211: [GC (Allocation Failure) [PSYoungGen: 263024K->3472K(266240K)] 280422K->20886K(812544K), 0.0008267 secs] [Times: user=0.00 sys=0.00, real=0.00 secs] 
2024-10-04T21:37:58.006+0300: 193.212: Total time for which application threads were stopped: 0.0010850 seconds, Stopping threads took: 0.0001228 seconds
2024-10-04T21:37:58.383+0300: 193.585: Application time: 0.3722927 seconds
2024-10-04T21:37:58.383+0300: 193.585: [GC (Allocation Failure) [PSYoungGen: 262711K->4304K(266240K)] 280126K->21782K(812544K), 0.0009714 secs] [Times: user=0.00 sys=0.00, real=0.00 secs] 
2024-10-04T21:37:58.383+0300: 193.586: Total time for which application threads were stopped: 0.0012300 seconds, Stopping threads took: 0.0000946 seconds
2024-10-04T21:37:58.744+0300: 193.955: Application time: 0.3690361 seconds
2024-10-04T21:37:58.744+0300: 193.955: [GC (Allocation Failure) [PSYoungGen: 263090K->4480K(266240K)] 280568K->21966K(812544K), 0.0009506 secs] [Times: user=0.00 sys=0.00, real=0.00 secs] 
2024-10-04T21:37:58.744+0300: 193.956: Total time for which application threads were stopped: 0.0012615 seconds, Stopping threads took: 0.0001795 seconds
2024-10-04T21:37:59.120+0300: 194.327: Application time: 0.3709144 seconds
2024-10-04T21:37:59.120+0300: 194.328: [GC (Allocation Failure) [PSYoungGen: 263303K->5472K(266240K)] 280790K->22966K(812544K), 0.0013509 secs] [Times: user=0.00 sys=0.00, real=0.00 secs] 
2024-10-04T21:37:59.120+0300: 194.329: Total time for which application threads were stopped: 0.0018011 seconds, Stopping threads took: 0.0002683 seconds
2024-10-04T21:37:59.497+0300: 194.699: Application time: 0.3703882 seconds
2024-10-04T21:37:59.497+0300: 194.700: [GC (Allocation Failure) [PSYoungGen: 264631K->3392K(266240K)] 282126K->20894K(812544K), 0.0008345 secs] [Times: user=0.00 sys=0.00, real=0.00 secs] 
2024-10-04T21:37:59.497+0300: 194.700: Total time for which application threads were stopped: 0.0011363 seconds, Stopping threads took: 0.0001773 seconds
2024-10-04T21:37:59.858+0300: 195.063: Application time: 0.3629230 seconds
2024-10-04T21:37:59.858+0300: 195.064: [GC (Allocation Failure) [PSYoungGen: 261976K->4432K(266240K)] 279479K->21974K(812544K), 0.0009699 secs] [Times: user=0.00 sys=0.00, real=0.00 secs] 
2024-10-04T21:37:59.858+0300: 195.065: Total time for which application threads were stopped: 0.0012772 seconds, Stopping threads took: 0.0001846 seconds
2024-10-04T21:38:00.250+0300: 195.451: Application time: 0.3865302 seconds
2024-10-04T21:38:00.250+0300: 195.451: [GC (Allocation Failure) [PSYoungGen: 264016K->4480K(266752K)] 281558K->22030K(813056K), 0.0010715 secs] [Times: user=0.00 sys=0.00, real=0.00 secs] 
2024-10-04T21:38:00.250+0300: 195.453: Total time for which application threads were stopped: 0.0014110 seconds, Stopping threads took: 0.0001983 seconds
2024-10-04T21:38:00.611+0300: 195.819: Application time: 0.3667307 seconds
2024-10-04T21:38:00.611+0300: 195.820: [GC (Allocation Failure) [PSYoungGen: 264576K->4480K(266240K)] 282126K->22038K(812544K), 0.0009805 secs] [Times: user=0.00 sys=0.00, real=0.00 secs] 
2024-10-04T21:38:00.611+0300: 195.821: Total time for which application threads were stopped: 0.0012713 seconds, Stopping threads took: 0.0001335 seconds
2024-10-04T21:38:00.988+0300: 196.192: Application time: 0.3711431 seconds
2024-10-04T21:38:00.988+0300: 196.192: [GC (Allocation Failure) [PSYoungGen: 264576K->4448K(266752K)] 282134K->22014K(813056K), 0.0008840 secs] [Times: user=0.00 sys=0.00, real=0.00 secs] 
2024-10-04T21:38:00.988+0300: 196.193: Total time for which application threads were stopped: 0.0011337 seconds, Stopping threads took: 0.0001269 seconds
2024-10-04T21:38:01.365+0300: 196.568: Application time: 0.3755787 seconds
2024-10-04T21:38:01.365+0300: 196.569: [GC (Allocation Failure) [PSYoungGen: 264734K->5408K(266752K)] 282301K->23022K(813056K), 0.0012839 secs] [Times: user=0.00 sys=0.00, real=0.00 secs] 
2024-10-04T21:38:01.365+0300: 196.570: Total time for which application threads were stopped: 0.0016548 seconds, Stopping threads took: 0.0002022 seconds
2024-10-04T21:38:01.725+0300: 196.941: Application time: 0.3712289 seconds
2024-10-04T21:38:01.741+0300: 196.942: [GC (Allocation Failure) [PSYoungGen: 266015K->2384K(265728K)] 283629K->20006K(812032K), 0.0007450 secs] [Times: user=0.00 sys=0.00, real=0.00 secs] 
2024-10-04T21:38:01.741+0300: 196.943: Total time for which application threads were stopped: 0.0011166 seconds, Stopping threads took: 0.0002439 seconds
2024-10-04T21:38:02.102+0300: 197.312: Application time: 0.3692871 seconds
2024-10-04T21:38:02.102+0300: 197.312: [GC (Allocation Failure) [PSYoungGen: 261500K->5312K(266240K)] 279123K->23006K(812544K), 0.0011908 secs] [Times: user=0.00 sys=0.00, real=0.00 secs] 
2024-10-04T21:38:02.102+0300: 197.313: Total time for which application threads were stopped: 0.0014734 seconds, Stopping threads took: 0.0001109 seconds
2024-10-04T21:38:02.479+0300: 197.685: Application time: 0.3720830 seconds
2024-10-04T21:38:02.479+0300: 197.686: [GC (Allocation Failure) [PSYoungGen: 264896K->5392K(266240K)] 282590K->23126K(812544K), 0.0012434 secs] [Times: user=0.00 sys=0.00, real=0.00 secs] 
2024-10-04T21:38:02.479+0300: 197.687: Total time for which application threads were stopped: 0.0015295 seconds, Stopping threads took: 0.0001507 seconds
2024-10-04T21:38:02.839+0300: 198.050: Application time: 0.3635862 seconds
2024-10-04T21:38:02.839+0300: 198.051: [GC (Allocation Failure) [PSYoungGen: 264269K->5376K(265216K)] 282004K->23119K(811520K), 0.0012116 secs] [Times: user=0.02 sys=0.00, real=0.01 secs] 
2024-10-04T21:38:02.850+0300: 198.052: Total time for which application threads were stopped: 0.0015453 seconds, Stopping threads took: 0.0001784 seconds
2024-10-04T21:38:03.216+0300: 198.428: Application time: 0.3756838 seconds
2024-10-04T21:38:03.216+0300: 198.428: [GC (Allocation Failure) [PSYoungGen: 264502K->4448K(266240K)] 282245K->22198K(812544K), 0.0009865 secs] [Times: user=0.00 sys=0.00, real=0.00 secs] 
2024-10-04T21:38:03.216+0300: 198.429: Total time for which application threads were stopped: 0.0013160 seconds, Stopping threads took: 0.0002127 seconds
2024-10-04T21:38:03.593+0300: 198.797: Application time: 0.3676749 seconds
2024-10-04T21:38:03.593+0300: 198.797: [GC (Allocation Failure) [PSYoungGen: 263222K->5456K(265728K)] 280973K->23214K(812032K), 0.0011788 secs] [Times: user=0.00 sys=0.00, real=0.00 secs] 
2024-10-04T21:38:03.593+0300: 198.798: Total time for which application threads were stopped: 0.0014923 seconds, Stopping threads took: 0.0001829 seconds
2024-10-04T21:38:03.954+0300: 199.162: Application time: 0.3640871 seconds
2024-10-04T21:38:03.954+0300: 199.163: [GC (Allocation Failure) [PSYoungGen: 264344K->4464K(266240K)] 282103K->22230K(812544K), 0.0010046 secs] [Times: user=0.00 sys=0.00, real=0.00 secs] 
2024-10-04T21:38:03.954+0300: 199.164: Total time for which application threads were stopped: 0.0012912 seconds, Stopping threads took: 0.0001722 seconds
2024-10-04T21:38:04.331+0300: 199.540: Application time: 0.3763421 seconds
2024-10-04T21:38:04.331+0300: 199.540: [GC (Allocation Failure) [PSYoungGen: 263265K->4448K(266240K)] 281032K->22222K(812544K), 0.0010869 secs] [Times: user=0.00 sys=0.00, real=0.00 secs] 
2024-10-04T21:38:04.331+0300: 199.541: Total time for which application threads were stopped: 0.0015046 seconds, Stopping threads took: 0.0002363 seconds
2024-10-04T21:38:04.692+0300: 199.908: Application time: 0.3661894 seconds
2024-10-04T21:38:04.692+0300: 199.908: [GC (Allocation Failure) [PSYoungGen: 263446K->5376K(266240K)] 281221K->23199K(812544K), 0.0012911 secs] [Times: user=0.01 sys=0.00, real=0.02 secs] 
2024-10-04T21:38:04.708+0300: 199.909: Total time for which application threads were stopped: 0.0016074 seconds, Stopping threads took: 0.0001765 seconds
2024-10-04T21:38:05.077+0300: 200.282: Application time: 0.3732583 seconds
2024-10-04T21:38:05.077+0300: 200.283: [GC (Allocation Failure) [PSYoungGen: 264319K->2400K(266240K)] 282142K->20230K(812544K), 0.0007642 secs] [Times: user=0.00 sys=0.00, real=0.00 secs] 
2024-10-04T21:38:05.077+0300: 200.284: Total time for which application threads were stopped: 0.0010989 seconds, Stopping threads took: 0.0001801 seconds
2024-10-04T21:38:05.445+0300: 200.654: Application time: 0.3700300 seconds
2024-10-04T21:38:05.445+0300: 200.654: [GC (Allocation Failure) [PSYoungGen: 261183K->3440K(266240K)] 279014K->21278K(812544K), 0.0009372 secs] [Times: user=0.00 sys=0.00, real=0.00 secs] 
2024-10-04T21:38:05.445+0300: 200.655: Total time for which application threads were stopped: 0.0012456 seconds, Stopping threads took: 0.0001764 seconds
2024-10-04T21:38:05.806+0300: 201.020: Application time: 0.3649400 seconds
2024-10-04T21:38:05.806+0300: 201.020: [GC (Allocation Failure) [PSYoungGen: 262610K->5424K(265216K)] 280449K->23271K(811520K), 0.0011437 secs] [Times: user=0.00 sys=0.00, real=0.00 secs] 
2024-10-04T21:38:05.806+0300: 201.021: Total time for which application threads were stopped: 0.0014778 seconds, Stopping threads took: 0.0002089 seconds
2024-10-04T21:38:06.183+0300: 201.398: Application time: 0.3763270 seconds
2024-10-04T21:38:06.183+0300: 201.398: [GC (Allocation Failure) [PSYoungGen: 264197K->4448K(266240K)] 282044K->22302K(812544K), 0.0009360 secs] [Times: user=0.00 sys=0.00, real=0.00 secs] 
2024-10-04T21:38:06.183+0300: 201.399: Total time for which application threads were stopped: 0.0013033 seconds, Stopping threads took: 0.0002218 seconds
2024-10-04T21:38:06.559+0300: 201.766: Application time: 0.3672329 seconds
2024-10-04T21:38:06.559+0300: 201.766: [GC (Allocation Failure) [PSYoungGen: 263369K->4384K(265728K)] 281224K->22287K(812032K), 0.0010070 secs] [Times: user=0.00 sys=0.00, real=0.00 secs] 
2024-10-04T21:38:06.559+0300: 201.767: Total time for which application threads were stopped: 0.0013134 seconds, Stopping threads took: 0.0001733 seconds
2024-10-04T21:38:06.920+0300: 202.135: Application time: 0.3678947 seconds
2024-10-04T21:38:06.920+0300: 202.136: [GC (Allocation Failure) [PSYoungGen: 263146K->3440K(266240K)] 281049K->21350K(812544K), 0.0008661 secs] [Times: user=0.00 sys=0.00, real=0.00 secs] 
2024-10-04T21:38:06.920+0300: 202.137: Total time for which application threads were stopped: 0.0011943 seconds, Stopping threads took: 0.0001893 seconds
2024-10-04T21:38:07.297+0300: 202.512: Application time: 0.3750846 seconds
2024-10-04T21:38:07.297+0300: 202.512: [GC (Allocation Failure) [PSYoungGen: 263024K->4368K(266240K)] 280934K->22286K(812544K), 0.0010422 secs] [Times: user=0.00 sys=0.00, real=0.00 secs] 
2024-10-04T21:38:07.297+0300: 202.513: Total time for which application threads were stopped: 0.0013485 seconds, Stopping threads took: 0.0001601 seconds
2024-10-04T21:38:07.673+0300: 202.882: Application time: 0.3687762 seconds
2024-10-04T21:38:07.673+0300: 202.882: [GC (Allocation Failure) [PSYoungGen: 263364K->4448K(266752K)] 281283K->22407K(813056K), 0.0009870 secs] [Times: user=0.00 sys=0.00, real=0.00 secs] 
2024-10-04T21:38:07.673+0300: 202.883: Total time for which application threads were stopped: 0.0012697 seconds, Stopping threads took: 0.0001583 seconds
2024-10-04T21:38:08.049+0300: 203.253: Application time: 0.3696478 seconds
2024-10-04T21:38:08.049+0300: 203.253: [GC (Allocation Failure) [PSYoungGen: 264322K->3424K(266240K)] 282281K->21390K(812544K), 0.0009449 secs] [Times: user=0.00 sys=0.00, real=0.00 secs] 
2024-10-04T21:38:08.049+0300: 203.254: Total time for which application threads were stopped: 0.0012542 seconds, Stopping threads took: 0.0001639 seconds
2024-10-04T21:38:08.410+0300: 203.623: Application time: 0.3690485 seconds
2024-10-04T21:38:08.410+0300: 203.623: [GC (Allocation Failure) [PSYoungGen: 262601K->5312K(265728K)] 280568K->23387K(812032K), 0.0013099 secs] [Times: user=0.00 sys=0.00, real=0.00 secs] 
2024-10-04T21:38:08.410+0300: 203.625: Total time for which application threads were stopped: 0.0016683 seconds, Stopping threads took: 0.0002236 seconds
2024-10-04T21:38:08.787+0300: 203.995: Application time: 0.3707646 seconds
2024-10-04T21:38:08.787+0300: 203.996: [GC (Allocation Failure) [PSYoungGen: 264896K->4496K(266240K)] 282971K->22579K(812544K), 0.0009474 secs] [Times: user=0.00 sys=0.00, real=0.00 secs] 
2024-10-04T21:38:08.787+0300: 203.997: Total time for which application threads were stopped: 0.0012031 seconds, Stopping threads took: 0.0001396 seconds
2024-10-04T21:38:09.164+0300: 204.370: Application time: 0.3734272 seconds
2024-10-04T21:38:09.164+0300: 204.370: [GC (Allocation Failure) [PSYoungGen: 264080K->4464K(266752K)] 282163K->22555K(813056K), 0.0010020 secs] [Times: user=0.00 sys=0.00, real=0.00 secs] 
2024-10-04T21:38:09.164+0300: 204.372: Total time for which application threads were stopped: 0.0014747 seconds, Stopping threads took: 0.0003116 seconds
2024-10-04T21:38:09.540+0300: 204.742: Application time: 0.3706066 seconds
2024-10-04T21:38:09.540+0300: 204.742: [GC (Allocation Failure) [PSYoungGen: 265072K->4480K(266752K)] 283163K->22579K(813056K), 0.0010246 secs] [Times: user=0.00 sys=0.00, real=0.00 secs] 
2024-10-04T21:38:09.540+0300: 204.744: Total time for which application threads were stopped: 0.0013388 seconds, Stopping threads took: 0.0001750 seconds
2024-10-04T21:38:09.901+0300: 205.112: Application time: 0.3682141 seconds
2024-10-04T21:38:09.901+0300: 205.112: [GC (Allocation Failure) [PSYoungGen: 264594K->5456K(266752K)] 282693K->23563K(813056K), 0.0011419 secs] [Times: user=0.00 sys=0.00, real=0.00 secs] 
2024-10-04T21:38:09.901+0300: 205.113: Total time for which application threads were stopped: 0.0014620 seconds, Stopping threads took: 0.0001771 seconds
2024-10-04T21:38:10.278+0300: 205.488: Application time: 0.3747660 seconds
2024-10-04T21:38:10.278+0300: 205.488: [GC (Allocation Failure) [PSYoungGen: 265389K->5424K(266240K)] 283496K->23539K(812544K), 0.0012814 secs] [Times: user=0.02 sys=0.00, real=0.01 secs] 
2024-10-04T21:38:10.288+0300: 205.490: Total time for which application threads were stopped: 0.0016835 seconds, Stopping threads took: 0.0002317 seconds
2024-10-04T21:38:10.655+0300: 205.860: Application time: 0.3704326 seconds
2024-10-04T21:38:10.655+0300: 205.860: [GC (Allocation Failure) [PSYoungGen: 265367K->3440K(266240K)] 283482K->21563K(812544K), 0.0008983 secs] [Times: user=0.00 sys=0.00, real=0.00 secs] 
2024-10-04T21:38:10.655+0300: 205.861: Total time for which application threads were stopped: 0.0011790 seconds, Stopping threads took: 0.0001711 seconds
2024-10-04T21:38:11.016+0300: 206.228: Application time: 0.3666439 seconds
2024-10-04T21:38:11.016+0300: 206.228: [GC (Allocation Failure) [PSYoungGen: 262543K->4448K(266240K)] 280666K->22579K(812544K), 0.0009333 secs] [Times: user=0.00 sys=0.00, real=0.00 secs] 
2024-10-04T21:38:11.016+0300: 206.229: Total time for which application threads were stopped: 0.0011895 seconds, Stopping threads took: 0.0001248 seconds
2024-10-04T21:38:11.393+0300: 206.605: Application time: 0.3757578 seconds
2024-10-04T21:38:11.393+0300: 206.605: [GC (Allocation Failure) [PSYoungGen: 263812K->4432K(266752K)] 281943K->22603K(813056K), 0.0010274 secs] [Times: user=0.00 sys=0.00, real=0.00 secs] 
2024-10-04T21:38:11.393+0300: 206.606: Total time for which application threads were stopped: 0.0013696 seconds, Stopping threads took: 0.0002063 seconds
2024-10-04T21:38:11.769+0300: 206.973: Application time: 0.3668528 seconds
2024-10-04T21:38:11.769+0300: 206.973: [GC (Allocation Failure) [PSYoungGen: 264720K->5456K(266240K)] 282891K->23635K(812544K), 0.0011549 secs] [Times: user=0.00 sys=0.00, real=0.00 secs] 
2024-10-04T21:38:11.769+0300: 206.975: Total time for which application threads were stopped: 0.0014240 seconds, Stopping threads took: 0.0001534 seconds
2024-10-04T21:38:12.146+0300: 207.354: Application time: 0.3792586 seconds
2024-10-04T21:38:12.146+0300: 207.354: [GC (Allocation Failure) [PSYoungGen: 266064K->2416K(266240K)] 284243K->20611K(812544K), 0.0008372 secs] [Times: user=0.00 sys=0.00, real=0.00 secs] 
2024-10-04T21:38:12.146+0300: 207.355: Total time for which application threads were stopped: 0.0011621 seconds, Stopping threads took: 0.0001693 seconds
2024-10-04T21:38:12.507+0300: 207.718: Application time: 0.3626745 seconds
2024-10-04T21:38:12.507+0300: 207.718: [GC (Allocation Failure) [PSYoungGen: 261410K->5440K(266240K)] 279605K->23643K(812544K), 0.0011776 secs] [Times: user=0.00 sys=0.00, real=0.00 secs] 
2024-10-04T21:38:12.507+0300: 207.719: Total time for which application threads were stopped: 0.0015252 seconds, Stopping threads took: 0.0001854 seconds
2024-10-04T21:38:12.884+0300: 208.092: Application time: 0.3731282 seconds
2024-10-04T21:38:12.884+0300: 208.092: [GC (Allocation Failure) [PSYoungGen: 265024K->3360K(266240K)] 283227K->21611K(812544K), 0.0009071 secs] [Times: user=0.00 sys=0.00, real=0.00 secs] 
2024-10-04T21:38:12.884+0300: 208.093: Total time for which application threads were stopped: 0.0011712 seconds, Stopping threads took: 0.0001418 seconds
2024-10-04T21:38:13.260+0300: 208.465: Application time: 0.3717277 seconds
2024-10-04T21:38:13.260+0300: 208.465: [GC (Allocation Failure) [PSYoungGen: 262868K->4512K(266240K)] 281119K->22771K(812544K), 0.0009650 secs] [Times: user=0.00 sys=0.00, real=0.00 secs] 
2024-10-04T21:38:13.260+0300: 208.466: Total time for which application threads were stopped: 0.0012747 seconds, Stopping threads took: 0.0001815 seconds
2024-10-04T21:38:13.621+0300: 208.838: Application time: 0.3710723 seconds
2024-10-04T21:38:13.637+0300: 208.838: [GC (Allocation Failure) [PSYoungGen: 263790K->4464K(266240K)] 282049K->22731K(812544K), 0.0010271 secs] [Times: user=0.00 sys=0.00, real=0.00 secs] 
2024-10-04T21:38:13.637+0300: 208.839: Total time for which application threads were stopped: 0.0013435 seconds, Stopping threads took: 0.0001816 seconds
2024-10-04T21:38:13.998+0300: 209.207: Application time: 0.3676879 seconds
2024-10-04T21:38:13.998+0300: 209.207: [GC (Allocation Failure) [PSYoungGen: 264048K->2288K(266240K)] 282315K->20611K(812544K), 0.0007578 secs] [Times: user=0.00 sys=0.00, real=0.00 secs] 
2024-10-04T21:38:13.998+0300: 209.208: Total time for which application threads were stopped: 0.0010349 seconds, Stopping threads took: 0.0001621 seconds
2024-10-04T21:38:14.375+0300: 209.580: Application time: 0.3725328 seconds
2024-10-04T21:38:14.375+0300: 209.580: [GC (Allocation Failure) [PSYoungGen: 261404K->5408K(266240K)] 279727K->23747K(812544K), 0.0011506 secs] [Times: user=0.00 sys=0.00, real=0.00 secs] 
2024-10-04T21:38:14.375+0300: 209.582: Total time for which application threads were stopped: 0.0014418 seconds, Stopping threads took: 0.0001390 seconds
2024-10-04T21:38:14.751+0300: 209.953: Application time: 0.3713829 seconds
2024-10-04T21:38:14.751+0300: 209.953: [GC (Allocation Failure) [PSYoungGen: 264992K->3440K(266240K)] 283331K->21795K(812544K), 0.0008033 secs] [Times: user=0.00 sys=0.00, real=0.00 secs] 
2024-10-04T21:38:14.751+0300: 209.954: Total time for which application threads were stopped: 0.0010923 seconds, Stopping threads took: 0.0001589 seconds
2024-10-04T21:38:15.113+0300: 210.326: Application time: 0.3717326 seconds
2024-10-04T21:38:15.113+0300: 210.326: [GC (Allocation Failure) [PSYoungGen: 262424K->5328K(265216K)] 280779K->23763K(811520K), 0.0013102 secs] [Times: user=0.00 sys=0.00, real=0.00 secs] 
2024-10-04T21:38:15.113+0300: 210.327: Total time for which application threads were stopped: 0.0016197 seconds, Stopping threads took: 0.0001217 seconds
2024-10-04T21:38:15.489+0300: 210.697: Application time: 0.3693830 seconds
2024-10-04T21:38:15.489+0300: 210.697: [GC (Allocation Failure) [PSYoungGen: 263888K->4480K(265728K)] 282323K->22923K(812032K), 0.0009518 secs] [Times: user=0.00 sys=0.00, real=0.00 secs] 
2024-10-04T21:38:15.489+0300: 210.698: Total time for which application threads were stopped: 0.0012397 seconds, Stopping threads took: 0.0001444 seconds
2024-10-04T21:38:15.850+0300: 211.064: Application time: 0.3661521 seconds
2024-10-04T21:38:15.850+0300: 211.064: [GC (Allocation Failure) [PSYoungGen: 262214K->5376K(265216K)] 280657K->23867K(811520K), 0.0013026 secs] [Times: user=0.00 sys=0.00, real=0.00 secs] 
2024-10-04T21:38:15.850+0300: 211.066: Total time for which application threads were stopped: 0.0016284 seconds, Stopping threads took: 0.0001911 seconds
2024-10-04T21:38:16.227+0300: 211.436: Application time: 0.3705816 seconds
2024-10-04T21:38:16.227+0300: 211.437: [GC (Allocation Failure) [PSYoungGen: 263448K->5408K(265728K)] 281939K->23915K(812032K), 0.0011781 secs] [Times: user=0.00 sys=0.00, real=0.00 secs] 
2024-10-04T21:38:16.227+0300: 211.438: Total time for which application threads were stopped: 0.0014983 seconds, Stopping threads took: 0.0001778 seconds
2024-10-04T21:38:16.604+0300: 211.807: Application time: 0.3685914 seconds
2024-10-04T21:38:16.604+0300: 211.807: [GC (Allocation Failure) [PSYoungGen: 263297K->4448K(266240K)] 281804K->22963K(812544K), 0.0009456 secs] [Times: user=0.00 sys=0.00, real=0.00 secs] 
2024-10-04T21:38:16.604+0300: 211.808: Total time for which application threads were stopped: 0.0012450 seconds, Stopping threads took: 0.0001755 seconds
2024-10-04T21:38:16.965+0300: 212.176: Application time: 0.3677773 seconds
2024-10-04T21:38:16.965+0300: 212.176: [GC (Allocation Failure) [PSYoungGen: 263520K->4464K(265728K)] 282035K->22987K(812032K), 0.0009538 secs] [Times: user=0.00 sys=0.00, real=0.00 secs] 
2024-10-04T21:38:16.965+0300: 212.177: Total time for which application threads were stopped: 0.0012348 seconds, Stopping threads took: 0.0001599 seconds
2024-10-04T21:38:17.342+0300: 212.549: Application time: 0.3719830 seconds
2024-10-04T21:38:17.342+0300: 212.549: [GC (Allocation Failure) [PSYoungGen: 263411K->5392K(266240K)] 281934K->23963K(812544K), 0.0012239 secs] [Times: user=0.00 sys=0.00, real=0.00 secs] 
2024-10-04T21:38:17.342+0300: 212.550: Total time for which application threads were stopped: 0.0015666 seconds, Stopping threads took: 0.0001970 seconds
2024-10-04T21:38:17.718+0300: 212.920: Application time: 0.3691681 seconds
2024-10-04T21:38:17.718+0300: 212.920: [GC (Allocation Failure) [PSYoungGen: 264268K->5392K(266240K)] 282840K->23971K(812544K), 0.0012556 secs] [Times: user=0.00 sys=0.00, real=0.00 secs] 
2024-10-04T21:38:17.718+0300: 212.921: Total time for which application threads were stopped: 0.0015720 seconds, Stopping threads took: 0.0001708 seconds
2024-10-04T21:38:18.079+0300: 213.290: Application time: 0.3687415 seconds
2024-10-04T21:38:18.079+0300: 213.290: [GC (Allocation Failure) [PSYoungGen: 264217K->5424K(265216K)] 282796K->24011K(811520K), 0.0011987 secs] [Times: user=0.00 sys=0.00, real=0.00 secs] 
2024-10-04T21:38:18.079+0300: 213.291: Total time for which application threads were stopped: 0.0016403 seconds, Stopping threads took: 0.0002404 seconds
2024-10-04T21:38:18.456+0300: 213.662: Application time: 0.3703508 seconds
2024-10-04T21:38:18.456+0300: 213.662: [GC (Allocation Failure) [PSYoungGen: 263280K->4448K(265728K)] 281867K->23043K(812032K), 0.0010501 secs] [Times: user=0.00 sys=0.00, real=0.00 secs] 
2024-10-04T21:38:18.456+0300: 213.663: Total time for which application threads were stopped: 0.0013410 seconds, Stopping threads took: 0.0001521 seconds
2024-10-04T21:38:18.817+0300: 214.028: Application time: 0.3651011 seconds
2024-10-04T21:38:18.817+0300: 214.028: [GC (Allocation Failure) [PSYoungGen: 262754K->3456K(266240K)] 281350K->22059K(812544K), 0.0008511 secs] [Times: user=0.00 sys=0.00, real=0.00 secs] 
2024-10-04T21:38:18.817+0300: 214.029: Total time for which application threads were stopped: 0.0011163 seconds, Stopping threads took: 0.0001444 seconds
2024-10-04T21:38:19.193+0300: 214.405: Application time: 0.3757247 seconds
2024-10-04T21:38:19.193+0300: 214.405: [GC (Allocation Failure) [PSYoungGen: 262744K->4416K(266240K)] 281347K->23059K(812544K), 0.0010319 secs] [Times: user=0.00 sys=0.00, real=0.00 secs] 
2024-10-04T21:38:19.193+0300: 214.406: Total time for which application threads were stopped: 0.0013707 seconds, Stopping threads took: 0.0001935 seconds
2024-10-04T21:38:19.570+0300: 214.775: Application time: 0.3682966 seconds
2024-10-04T21:38:19.570+0300: 214.775: [GC (Allocation Failure) [PSYoungGen: 263176K->3408K(266240K)] 281819K->22067K(812544K), 0.0008415 secs] [Times: user=0.00 sys=0.00, real=0.00 secs] 
2024-10-04T21:38:19.570+0300: 214.776: Total time for which application threads were stopped: 0.0011420 seconds, Stopping threads took: 0.0001907 seconds
2024-10-04T21:38:19.931+0300: 215.139: Application time: 0.3625975 seconds
2024-10-04T21:38:19.931+0300: 215.139: [GC (Allocation Failure) [PSYoungGen: 262191K->5424K(266240K)] 280850K->24131K(812544K), 0.0012525 secs] [Times: user=0.00 sys=0.00, real=0.00 secs] 
2024-10-04T21:38:19.931+0300: 215.140: Total time for which application threads were stopped: 0.0015522 seconds, Stopping threads took: 0.0001523 seconds
2024-10-04T21:38:20.309+0300: 215.517: Application time: 0.3770310 seconds
2024-10-04T21:38:20.309+0300: 215.517: [GC (Allocation Failure) [PSYoungGen: 264392K->5424K(265216K)] 283099K->24139K(811520K), 0.0012921 secs] [Times: user=0.00 sys=0.00, real=0.00 secs] 
2024-10-04T21:38:20.309+0300: 215.519: Total time for which application threads were stopped: 0.0016025 seconds, Stopping threads took: 0.0001638 seconds
2024-10-04T21:38:20.668+0300: 215.884: Application time: 0.3653295 seconds
2024-10-04T21:38:20.668+0300: 215.884: [GC (Allocation Failure) [PSYoungGen: 263052K->4416K(265728K)] 281767K->23171K(812032K), 0.0009247 secs] [Times: user=0.02 sys=0.00, real=0.02 secs] 
2024-10-04T21:38:20.684+0300: 215.885: Total time for which application threads were stopped: 0.0012058 seconds, Stopping threads took: 0.0001481 seconds
2024-10-04T21:38:21.045+0300: 216.253: Application time: 0.3681754 seconds
2024-10-04T21:38:21.045+0300: 216.254: [GC (Allocation Failure) [PSYoungGen: 262976K->4368K(266240K)] 281731K->23163K(812544K), 0.0011882 secs] [Times: user=0.00 sys=0.00, real=0.00 secs] 
2024-10-04T21:38:21.045+0300: 216.255: Total time for which application threads were stopped: 0.0015130 seconds, Stopping threads took: 0.0001350 seconds
2024-10-04T21:38:21.421+0300: 216.630: Application time: 0.3748700 seconds
2024-10-04T21:38:21.421+0300: 216.630: [GC (Allocation Failure) [PSYoungGen: 263952K->4464K(266240K)] 282747K->23267K(812544K), 0.0009222 secs] [Times: user=0.00 sys=0.00, real=0.00 secs] 
2024-10-04T21:38:21.421+0300: 216.631: Total time for which application threads were stopped: 0.0012251 seconds, Stopping threads took: 0.0001624 seconds
2024-10-04T21:38:21.797+0300: 216.998: Application time: 0.3673051 seconds
2024-10-04T21:38:21.797+0300: 216.999: [GC (Allocation Failure) [PSYoungGen: 263233K->4432K(266752K)] 282036K->23275K(813056K), 0.0009280 secs] [Times: user=0.00 sys=0.00, real=0.00 secs] 
2024-10-04T21:38:21.797+0300: 217.000: Total time for which application threads were stopped: 0.0012297 seconds, Stopping threads took: 0.0001763 seconds
2024-10-04T21:38:22.158+0300: 217.374: Application time: 0.3741301 seconds
2024-10-04T21:38:22.158+0300: 217.374: [GC (Allocation Failure) [PSYoungGen: 264470K->5408K(266240K)] 283313K->24259K(812544K), 0.0014372 secs] [Times: user=0.01 sys=0.00, real=0.02 secs] 
2024-10-04T21:38:22.174+0300: 217.376: Total time for which application threads were stopped: 0.0018392 seconds, Stopping threads took: 0.0002004 seconds
2024-10-04T21:38:22.551+0300: 217.753: Application time: 0.3770545 seconds
2024-10-04T21:38:22.551+0300: 217.753: [GC (Allocation Failure) [PSYoungGen: 265276K->4448K(266752K)] 284127K->23307K(813056K), 0.0009757 secs] [Times: user=0.00 sys=0.00, real=0.00 secs] 
2024-10-04T21:38:22.551+0300: 217.754: Total time for which application threads were stopped: 0.0013038 seconds, Stopping threads took: 0.0001724 seconds
2024-10-04T21:38:22.915+0300: 218.121: Application time: 0.3671694 seconds
2024-10-04T21:38:22.915+0300: 218.121: [GC (Allocation Failure) [PSYoungGen: 264301K->5456K(266240K)] 283160K->24331K(812544K), 0.0011496 secs] [Times: user=0.00 sys=0.00, real=0.00 secs] 
2024-10-04T21:38:22.915+0300: 218.123: Total time for which application threads were stopped: 0.0015326 seconds, Stopping threads took: 0.0002173 seconds
2024-10-04T21:38:23.289+0300: 218.500: Application time: 0.3776098 seconds
2024-10-04T21:38:23.289+0300: 218.500: [GC (Allocation Failure) [PSYoungGen: 265348K->4448K(266240K)] 284223K->23331K(812544K), 0.0010350 secs] [Times: user=0.01 sys=0.00, real=0.00 secs] 
2024-10-04T21:38:23.289+0300: 218.502: Total time for which application threads were stopped: 0.0013481 seconds, Stopping threads took: 0.0001595 seconds
2024-10-04T21:38:23.666+0300: 218.868: Application time: 0.3666744 seconds
2024-10-04T21:38:23.666+0300: 218.869: [GC (Allocation Failure) [PSYoungGen: 263176K->4416K(266240K)] 282060K->23339K(812544K), 0.0010849 secs] [Times: user=0.00 sys=0.00, real=0.00 secs] 
2024-10-04T21:38:23.666+0300: 218.870: Total time for which application threads were stopped: 0.0014107 seconds, Stopping threads took: 0.0001708 seconds
2024-10-04T21:38:24.027+0300: 219.239: Application time: 0.3688295 seconds
2024-10-04T21:38:24.027+0300: 219.239: [GC (Allocation Failure) [PSYoungGen: 263500K->3408K(265728K)] 282423K->22339K(812032K), 0.0007947 secs] [Times: user=0.00 sys=0.00, real=0.00 secs] 
2024-10-04T21:38:24.027+0300: 219.240: Total time for which application threads were stopped: 0.0010612 seconds, Stopping threads took: 0.0001470 seconds
2024-10-04T21:38:24.404+0300: 219.613: Application time: 0.3732903 seconds
2024-10-04T21:38:24.404+0300: 219.613: [GC (Allocation Failure) [PSYoungGen: 262876K->3456K(266240K)] 281808K->22395K(812544K), 0.0008385 secs] [Times: user=0.00 sys=0.00, real=0.00 secs] 
2024-10-04T21:38:24.404+0300: 219.614: Total time for which application threads were stopped: 0.0011038 seconds, Stopping threads took: 0.0001305 seconds
2024-10-04T21:38:24.765+0300: 219.981: Application time: 0.3673252 seconds
2024-10-04T21:38:24.781+0300: 219.982: [GC (Allocation Failure) [PSYoungGen: 262792K->5440K(266240K)] 281731K->24395K(812544K), 0.0011243 secs] [Times: user=0.00 sys=0.00, real=0.00 secs] 
2024-10-04T21:38:24.781+0300: 219.983: Total time for which application threads were stopped: 0.0019132 seconds, Stopping threads took: 0.0006456 seconds
2024-10-04T21:38:25.142+0300: 220.357: Application time: 0.3736869 seconds
2024-10-04T21:38:25.142+0300: 220.357: [GC (Allocation Failure) [PSYoungGen: 264001K->4448K(266240K)] 282957K->23411K(812544K), 0.0011697 secs] [Times: user=0.00 sys=0.00, real=0.02 secs] 
2024-10-04T21:38:25.157+0300: 220.358: Total time for which application threads were stopped: 0.0015701 seconds, Stopping threads took: 0.0002415 seconds
2024-10-04T21:38:25.520+0300: 220.723: Application time: 0.3643622 seconds
2024-10-04T21:38:25.520+0300: 220.723: [GC (Allocation Failure) [PSYoungGen: 263445K->5424K(266240K)] 282408K->24435K(812544K), 0.0012560 secs] [Times: user=0.00 sys=0.00, real=0.00 secs] 
2024-10-04T21:38:25.520+0300: 220.724: Total time for which application threads were stopped: 0.0015575 seconds, Stopping threads took: 0.0001684 seconds
2024-10-04T21:38:25.896+0300: 221.098: Application time: 0.3734363 seconds
2024-10-04T21:38:25.896+0300: 221.098: [GC (Allocation Failure) [PSYoungGen: 265008K->3424K(266240K)] 284019K->22451K(812544K), 0.0008022 secs] [Times: user=0.00 sys=0.00, real=0.00 secs] 
2024-10-04T21:38:25.896+0300: 221.099: Total time for which application threads were stopped: 0.0011011 seconds, Stopping threads took: 0.0001793 seconds
2024-10-04T21:38:26.256+0300: 221.469: Application time: 0.3705205 seconds
2024-10-04T21:38:26.256+0300: 221.470: [GC (Allocation Failure) [PSYoungGen: 262202K->4464K(266240K)] 281229K->23499K(812544K), 0.0009982 secs] [Times: user=0.00 sys=0.00, real=0.00 secs] 
2024-10-04T21:38:26.256+0300: 221.471: Total time for which application threads were stopped: 0.0013161 seconds, Stopping threads took: 0.0001661 seconds
2024-10-04T21:38:26.633+0300: 221.837: Application time: 0.3658751 seconds
2024-10-04T21:38:26.633+0300: 221.837: [GC (Allocation Failure) [PSYoungGen: 263493K->5408K(266240K)] 282528K->24483K(812544K), 0.0011983 secs] [Times: user=0.00 sys=0.00, real=0.00 secs] 
2024-10-04T21:38:26.633+0300: 221.838: Total time for which application threads were stopped: 0.0015112 seconds, Stopping threads took: 0.0001833 seconds
2024-10-04T21:38:26.994+0300: 222.207: Application time: 0.3686721 seconds
2024-10-04T21:38:26.994+0300: 222.207: [GC (Allocation Failure) [PSYoungGen: 264081K->5424K(266240K)] 283157K->24539K(812544K), 0.0011640 secs] [Times: user=0.00 sys=0.00, real=0.00 secs] 
2024-10-04T21:38:26.994+0300: 222.208: Total time for which application threads were stopped: 0.0014762 seconds, Stopping threads took: 0.0001687 seconds
2024-10-04T21:38:27.371+0300: 222.580: Application time: 0.3715283 seconds
2024-10-04T21:38:27.371+0300: 222.580: [GC (Allocation Failure) [PSYoungGen: 264461K->5408K(266240K)] 283576K->24571K(812544K), 0.0012848 secs] [Times: user=0.00 sys=0.00, real=0.00 secs] 
2024-10-04T21:38:27.371+0300: 222.582: Total time for which application threads were stopped: 0.0017296 seconds, Stopping threads took: 0.0002587 seconds
2024-10-04T21:38:27.748+0300: 222.951: Application time: 0.3698557 seconds
2024-10-04T21:38:27.748+0300: 222.952: [GC (Allocation Failure) [PSYoungGen: 264268K->1296K(265216K)] 283432K->20515K(811520K), 0.0006761 secs] [Times: user=0.00 sys=0.00, real=0.00 secs] 
2024-10-04T21:38:27.748+0300: 222.952: Total time for which application threads were stopped: 0.0009629 seconds, Stopping threads took: 0.0001777 seconds
2024-10-04T21:38:28.125+0300: 223.327: Application time: 0.3748119 seconds
2024-10-04T21:38:28.125+0300: 223.327: [GC (Allocation Failure) [PSYoungGen: 259166K->3376K(265728K)] 278386K->22627K(812032K), 0.0009688 secs] [Times: user=0.00 sys=0.00, real=0.00 secs] 
2024-10-04T21:38:28.125+0300: 223.329: Total time for which application threads were stopped: 0.0012876 seconds, Stopping threads took: 0.0001532 seconds
2024-10-04T21:38:28.485+0300: 223.693: Application time: 0.3649719 seconds
2024-10-04T21:38:28.485+0300: 223.694: [GC (Allocation Failure) [PSYoungGen: 261194K->4480K(265728K)] 280446K->23739K(812032K), 0.0011414 secs] [Times: user=0.00 sys=0.00, real=0.00 secs] 
2024-10-04T21:38:28.485+0300: 223.695: Total time for which application threads were stopped: 0.0015081 seconds, Stopping threads took: 0.0002108 seconds
2024-10-04T21:38:28.846+0300: 224.062: Application time: 0.3669796 seconds
2024-10-04T21:38:28.862+0300: 224.062: [GC (Allocation Failure) [PSYoungGen: 262465K->4480K(265728K)] 281725K->23747K(812032K), 0.0009911 secs] [Times: user=0.00 sys=0.00, real=0.00 secs] 
2024-10-04T21:38:28.862+0300: 224.063: Total time for which application threads were stopped: 0.0013494 seconds, Stopping threads took: 0.0001957 seconds
2024-10-04T21:38:29.228+0300: 224.436: Application time: 0.3724426 seconds
2024-10-04T21:38:29.228+0300: 224.436: [GC (Allocation Failure) [PSYoungGen: 262163K->3408K(266240K)] 281431K->22683K(812544K), 0.0010033 secs] [Times: user=0.00 sys=0.00, real=0.00 secs] 
2024-10-04T21:38:29.228+0300: 224.437: Total time for which application threads were stopped: 0.0013799 seconds, Stopping threads took: 0.0001455 seconds
2024-10-04T21:38:29.599+0300: 224.804: Application time: 0.3665277 seconds
2024-10-04T21:38:29.599+0300: 224.804: [GC (Allocation Failure) [PSYoungGen: 262391K->4448K(266240K)] 281667K->23763K(812544K), 0.0009634 secs] [Times: user=0.00 sys=0.00, real=0.00 secs] 
2024-10-04T21:38:29.599+0300: 224.805: Total time for which application threads were stopped: 0.0013256 seconds, Stopping threads took: 0.0002044 seconds
2024-10-04T21:38:29.960+0300: 225.172: Application time: 0.3672555 seconds
2024-10-04T21:38:29.960+0300: 225.173: [GC (Allocation Failure) [PSYoungGen: 263223K->3424K(266240K)] 282539K->22755K(812544K), 0.0008015 secs] [Times: user=0.00 sys=0.00, real=0.00 secs] 
2024-10-04T21:38:29.960+0300: 225.173: Total time for which application threads were stopped: 0.0010909 seconds, Stopping threads took: 0.0001533 seconds
2024-10-04T21:38:30.337+0300: 225.547: Application time: 0.3739801 seconds
2024-10-04T21:38:30.337+0300: 225.548: [GC (Allocation Failure) [PSYoungGen: 263008K->5440K(266240K)] 282339K->24787K(812544K), 0.0011760 secs] [Times: user=0.00 sys=0.00, real=0.00 secs] 
2024-10-04T21:38:30.337+0300: 225.549: Total time for which application threads were stopped: 0.0015161 seconds, Stopping threads took: 0.0002002 seconds
2024-10-04T21:38:30.729+0300: 225.930: Application time: 0.3809109 seconds
2024-10-04T21:38:30.729+0300: 225.930: [GC (Allocation Failure) [PSYoungGen: 264948K->3440K(266240K)] 284295K->22795K(812544K), 0.0010413 secs] [Times: user=0.00 sys=0.00, real=0.00 secs] 
2024-10-04T21:38:30.729+0300: 225.931: Total time for which application threads were stopped: 0.0013489 seconds, Stopping threads took: 0.0001785 seconds
2024-10-04T21:38:31.090+0300: 226.303: Application time: 0.3719431 seconds
2024-10-04T21:38:31.090+0300: 226.304: [GC (Allocation Failure) [PSYoungGen: 262819K->5440K(265216K)] 282175K->24803K(811520K), 0.0012283 secs] [Times: user=0.00 sys=0.00, real=0.00 secs] 
2024-10-04T21:38:31.090+0300: 226.305: Total time for which application threads were stopped: 0.0017232 seconds, Stopping threads took: 0.0003419 seconds
2024-10-04T21:38:31.490+0300: 226.691: Application time: 0.3865505 seconds
2024-10-04T21:38:31.490+0300: 226.692: [GC (Allocation Failure) [PSYoungGen: 264089K->4384K(266240K)] 283452K->23795K(812544K), 0.0010177 secs] [Times: user=0.01 sys=0.00, real=0.00 secs] 
2024-10-04T21:38:31.491+0300: 226.693: Total time for which application threads were stopped: 0.0012765 seconds, Stopping threads took: 0.0001255 seconds
2024-10-04T21:38:31.860+0300: 227.062: Application time: 0.3693791 seconds
2024-10-04T21:38:31.860+0300: 227.062: [GC (Allocation Failure) [PSYoungGen: 263198K->4384K(265728K)] 282609K->23803K(812032K), 0.0009880 secs] [Times: user=0.00 sys=0.00, real=0.00 secs] 
2024-10-04T21:38:31.860+0300: 227.063: Total time for which application threads were stopped: 0.0012544 seconds, Stopping threads took: 0.0001227 seconds
2024-10-04T21:38:32.237+0300: 227.443: Application time: 0.3800791 seconds
2024-10-04T21:38:32.237+0300: 227.444: [GC (Allocation Failure) [PSYoungGen: 263456K->3440K(266240K)] 282875K->22867K(812544K), 0.0009815 secs] [Times: user=0.00 sys=0.00, real=0.00 secs] 
2024-10-04T21:38:32.237+0300: 227.445: Total time for which application threads were stopped: 0.0013066 seconds, Stopping threads took: 0.0001557 seconds
2024-10-04T21:38:32.612+0300: 227.816: Application time: 0.3708686 seconds
2024-10-04T21:38:32.612+0300: 227.816: [GC (Allocation Failure) [PSYoungGen: 263024K->3424K(266240K)] 282451K->22859K(812544K), 0.0009063 secs] [Times: user=0.00 sys=0.00, real=0.00 secs] 
2024-10-04T21:38:32.612+0300: 227.817: Total time for which application threads were stopped: 0.0011729 seconds, Stopping threads took: 0.0001321 seconds
2024-10-04T21:38:32.973+0300: 228.185: Application time: 0.3686102 seconds
2024-10-04T21:38:32.973+0300: 228.186: [GC (Allocation Failure) [PSYoungGen: 262229K->2352K(266240K)] 281664K->21827K(812544K), 0.0007905 secs] [Times: user=0.00 sys=0.00, real=0.00 secs] 
2024-10-04T21:38:32.973+0300: 228.186: Total time for which application threads were stopped: 0.0010110 seconds, Stopping threads took: 0.0000822 seconds
2024-10-04T21:38:33.350+0300: 228.561: Application time: 0.3744697 seconds
2024-10-04T21:38:33.350+0300: 228.561: [GC (Allocation Failure) [PSYoungGen: 261523K->5408K(266240K)] 280999K->24931K(812544K), 0.0014575 secs] [Times: user=0.00 sys=0.00, real=0.00 secs] 
2024-10-04T21:38:33.350+0300: 228.563: Total time for which application threads were stopped: 0.0018561 seconds, Stopping threads took: 0.0002151 seconds
2024-10-04T21:38:33.727+0300: 228.936: Application time: 0.3731144 seconds
2024-10-04T21:38:33.727+0300: 228.936: [GC (Allocation Failure) [PSYoungGen: 264241K->4464K(266240K)] 283765K->23995K(812544K), 0.0010763 secs] [Times: user=0.00 sys=0.00, real=0.01 secs] 
2024-10-04T21:38:33.737+0300: 228.937: Total time for which application threads were stopped: 0.0014668 seconds, Stopping threads took: 0.0001744 seconds
2024-10-04T21:38:34.103+0300: 229.317: Application time: 0.3792898 seconds
2024-10-04T21:38:34.103+0300: 229.317: [GC (Allocation Failure) [PSYoungGen: 264048K->4464K(266240K)] 283579K->24035K(812544K), 0.0011241 secs] [Times: user=0.00 sys=0.00, real=0.00 secs] 
2024-10-04T21:38:34.103+0300: 229.318: Total time for which application threads were stopped: 0.0014139 seconds, Stopping threads took: 0.0001343 seconds
2024-10-04T21:38:34.480+0300: 229.688: Application time: 0.3701489 seconds
2024-10-04T21:38:34.480+0300: 229.688: [GC (Allocation Failure) [PSYoungGen: 263744K->3408K(266240K)] 283316K->22987K(812544K), 0.0010205 secs] [Times: user=0.00 sys=0.00, real=0.00 secs] 
2024-10-04T21:38:34.480+0300: 229.689: Total time for which application threads were stopped: 0.0013571 seconds, Stopping threads took: 0.0001676 seconds
2024-10-04T21:38:34.857+0300: 230.062: Application time: 0.3722455 seconds
2024-10-04T21:38:34.857+0300: 230.062: [GC (Allocation Failure) [PSYoungGen: 262331K->4448K(266240K)] 281911K->24035K(812544K), 0.0009455 secs] [Times: user=0.00 sys=0.00, real=0.00 secs] 
2024-10-04T21:38:34.857+0300: 230.063: Total time for which application threads were stopped: 0.0012207 seconds, Stopping threads took: 0.0001205 seconds
2024-10-04T21:38:35.239+0300: 230.440: Application time: 0.3771399 seconds
2024-10-04T21:38:35.239+0300: 230.440: [GC (Allocation Failure) [PSYoungGen: 263364K->5408K(266240K)] 282951K->25035K(812544K), 0.0012237 secs] [Times: user=0.05 sys=0.00, real=0.00 secs] 
2024-10-04T21:38:35.239+0300: 230.442: Total time for which application threads were stopped: 0.0015705 seconds, Stopping threads took: 0.0001585 seconds
2024-10-04T21:38:35.610+0300: 230.814: Application time: 0.3727235 seconds
2024-10-04T21:38:35.610+0300: 230.815: [GC (Allocation Failure) [PSYoungGen: 264392K->3392K(266240K)] 284020K->23027K(812544K), 0.0008910 secs] [Times: user=0.00 sys=0.00, real=0.00 secs] 
2024-10-04T21:38:35.610+0300: 230.816: Total time for which application threads were stopped: 0.0013418 seconds, Stopping threads took: 0.0001721 seconds
2024-10-04T21:38:35.971+0300: 231.184: Application time: 0.3678769 seconds
2024-10-04T21:38:35.971+0300: 231.184: [GC (Allocation Failure) [PSYoungGen: 262058K->4432K(266240K)] 281694K->24075K(812544K), 0.0011365 secs] [Times: user=0.00 sys=0.00, real=0.00 secs] 
2024-10-04T21:38:35.971+0300: 231.185: Total time for which application threads were stopped: 0.0014834 seconds, Stopping threads took: 0.0001922 seconds
2024-10-04T21:38:36.348+0300: 231.558: Application time: 0.3732777 seconds
2024-10-04T21:38:36.348+0300: 231.559: [GC (Allocation Failure) [PSYoungGen: 263750K->5392K(266240K)] 283394K->25091K(812544K), 0.0012426 secs] [Times: user=0.00 sys=0.00, real=0.00 secs] 
2024-10-04T21:38:36.348+0300: 231.560: Total time for which application threads were stopped: 0.0015656 seconds, Stopping threads took: 0.0001734 seconds
2024-10-04T21:38:36.724+0300: 231.931: Application time: 0.3708869 seconds
2024-10-04T21:38:36.724+0300: 231.931: [GC (Allocation Failure) [PSYoungGen: 264884K->5408K(266240K)] 284584K->25115K(812544K), 0.0011308 secs] [Times: user=0.00 sys=0.00, real=0.00 secs] 
2024-10-04T21:38:36.724+0300: 231.932: Total time for which application threads were stopped: 0.0014193 seconds, Stopping threads took: 0.0001594 seconds
2024-10-04T21:38:37.101+0300: 232.304: Application time: 0.3712432 seconds
2024-10-04T21:38:37.101+0300: 232.304: [GC (Allocation Failure) [PSYoungGen: 264582K->5408K(265216K)] 284290K->25163K(811520K), 0.0013015 secs] [Times: user=0.00 sys=0.00, real=0.00 secs] 
2024-10-04T21:38:37.101+0300: 232.305: Total time for which application threads were stopped: 0.0016253 seconds, Stopping threads took: 0.0000970 seconds
2024-10-04T21:38:37.477+0300: 232.681: Application time: 0.3754754 seconds
2024-10-04T21:38:37.477+0300: 232.681: [GC (Allocation Failure) [PSYoungGen: 264992K->3408K(265728K)] 284747K->23171K(812032K), 0.0009044 secs] [Times: user=0.00 sys=0.00, real=0.00 secs] 
2024-10-04T21:38:37.477+0300: 232.682: Total time for which application threads were stopped: 0.0012080 seconds, Stopping threads took: 0.0001701 seconds
2024-10-04T21:38:37.838+0300: 233.043: Application time: 0.3614192 seconds
2024-10-04T21:38:37.838+0300: 233.043: [GC (Allocation Failure) [PSYoungGen: 261044K->4480K(265728K)] 280808K->24251K(812032K), 0.0009373 secs] [Times: user=0.00 sys=0.00, real=0.00 secs] 
2024-10-04T21:38:37.838+0300: 233.044: Total time for which application threads were stopped: 0.0012333 seconds, Stopping threads took: 0.0001747 seconds
2024-10-04T21:38:38.215+0300: 233.416: Application time: 0.3718846 seconds
2024-10-04T21:38:38.215+0300: 233.417: [GC (Allocation Failure) [PSYoungGen: 262284K->3424K(266240K)] 282056K->23212K(812544K), 0.0008722 secs] [Times: user=0.00 sys=0.00, real=0.00 secs] 
2024-10-04T21:38:38.215+0300: 233.418: Total time for which application threads were stopped: 0.0011870 seconds, Stopping threads took: 0.0001710 seconds
2024-10-04T21:38:38.576+0300: 233.788: Application time: 0.3703542 seconds
2024-10-04T21:38:38.576+0300: 233.788: [GC (Allocation Failure) [PSYoungGen: 262353K->4384K(266240K)] 282141K->24219K(812544K), 0.0011511 secs] [Times: user=0.00 sys=0.00, real=0.00 secs] 
2024-10-04T21:38:38.576+0300: 233.789: Total time for which application threads were stopped: 0.0014852 seconds, Stopping threads took: 0.0001802 seconds
2024-10-04T21:38:38.947+0300: 234.154: Application time: 0.3643225 seconds
2024-10-04T21:38:38.947+0300: 234.154: [GC (Allocation Failure) [PSYoungGen: 263018K->4448K(266240K)] 282854K->24291K(812544K), 0.0010304 secs] [Times: user=0.00 sys=0.00, real=0.01 secs] 
2024-10-04T21:38:38.954+0300: 234.155: Total time for which application threads were stopped: 0.0013505 seconds, Stopping threads took: 0.0001666 seconds
2024-10-04T21:38:39.315+0300: 234.530: Application time: 0.3746013 seconds
2024-10-04T21:38:39.315+0300: 234.530: [GC (Allocation Failure) [PSYoungGen: 263768K->4352K(266240K)] 283612K->24211K(812544K), 0.0010746 secs] [Times: user=0.00 sys=0.00, real=0.01 secs] 
2024-10-04T21:38:39.330+0300: 234.531: Total time for which application threads were stopped: 0.0015638 seconds, Stopping threads took: 0.0002873 seconds
2024-10-04T21:38:39.692+0300: 234.902: Application time: 0.3702863 seconds
2024-10-04T21:38:39.692+0300: 234.902: [GC (Allocation Failure) [PSYoungGen: 262958K->5360K(265728K)] 282818K->25268K(812032K), 0.0012152 secs] [Times: user=0.00 sys=0.00, real=0.00 secs] 
2024-10-04T21:38:39.692+0300: 234.903: Total time for which application threads were stopped: 0.0015386 seconds, Stopping threads took: 0.0001922 seconds
2024-10-04T21:38:40.069+0300: 235.269: Application time: 0.3663361 seconds
2024-10-04T21:38:40.069+0300: 235.270: [GC (Allocation Failure) [PSYoungGen: 264350K->5328K(266240K)] 284258K->25268K(812544K), 0.0014566 secs] [Times: user=0.00 sys=0.00, real=0.00 secs] 
2024-10-04T21:38:40.069+0300: 235.271: Total time for which application threads were stopped: 0.0019026 seconds, Stopping threads took: 0.0002879 seconds
2024-10-04T21:38:40.450+0300: 235.651: Application time: 0.3800010 seconds
2024-10-04T21:38:40.450+0300: 235.652: [GC (Allocation Failure) [PSYoungGen: 264912K->4480K(266240K)] 284852K->24428K(812544K), 0.0009213 secs] [Times: user=0.00 sys=0.00, real=0.00 secs] 
2024-10-04T21:38:40.450+0300: 235.653: Total time for which application threads were stopped: 0.0011896 seconds, Stopping threads took: 0.0001257 seconds
2024-10-04T21:38:40.806+0300: 236.017: Application time: 0.3647347 seconds
2024-10-04T21:38:40.806+0300: 236.018: [GC (Allocation Failure) [PSYoungGen: 263375K->5456K(266240K)] 283323K->25428K(812544K), 0.0012012 secs] [Times: user=0.00 sys=0.00, real=0.00 secs] 
2024-10-04T21:38:40.806+0300: 236.019: Total time for which application threads were stopped: 0.0015339 seconds, Stopping threads took: 0.0001851 seconds
2024-10-04T21:38:41.183+0300: 236.396: Application time: 0.3776408 seconds
2024-10-04T21:38:41.183+0300: 236.397: [GC (Allocation Failure) [PSYoungGen: 265040K->4464K(266240K)] 285012K->24444K(812544K), 0.0009556 secs] [Times: user=0.00 sys=0.00, real=0.00 secs] 
2024-10-04T21:38:41.183+0300: 236.398: Total time for which application threads were stopped: 0.0012936 seconds, Stopping threads took: 0.0001941 seconds
2024-10-04T21:38:41.560+0300: 236.767: Application time: 0.3689220 seconds
2024-10-04T21:38:41.560+0300: 236.767: [GC (Allocation Failure) [PSYoungGen: 263596K->4432K(266240K)] 283576K->24452K(812544K), 0.0010532 secs] [Times: user=0.00 sys=0.00, real=0.00 secs] 
2024-10-04T21:38:41.560+0300: 236.768: Total time for which application threads were stopped: 0.0014061 seconds, Stopping threads took: 0.0002045 seconds
2024-10-04T21:38:41.922+0300: 237.136: Application time: 0.3674532 seconds
2024-10-04T21:38:41.922+0300: 237.136: [GC (Allocation Failure) [PSYoungGen: 263388K->5424K(265728K)] 283408K->25492K(812032K), 0.0011744 secs] [Times: user=0.00 sys=0.00, real=0.00 secs] 
2024-10-04T21:38:41.922+0300: 237.137: Total time for which application threads were stopped: 0.0014789 seconds, Stopping threads took: 0.0001613 seconds
2024-10-04T21:38:42.298+0300: 237.511: Application time: 0.3741408 seconds
2024-10-04T21:38:42.298+0300: 237.512: [GC (Allocation Failure) [PSYoungGen: 264289K->4464K(266240K)] 284357K->24540K(812544K), 0.0010294 secs] [Times: user=0.00 sys=0.00, real=0.00 secs] 
2024-10-04T21:38:42.298+0300: 237.513: Total time for which application threads were stopped: 0.0015092 seconds, Stopping threads took: 0.0002878 seconds
2024-10-04T21:38:42.675+0300: 237.877: Application time: 0.3644424 seconds
2024-10-04T21:38:42.675+0300: 237.877: [GC (Allocation Failure) [PSYoungGen: 263258K->5408K(265728K)] 283334K->25492K(812032K), 0.0011599 secs] [Times: user=0.00 sys=0.00, real=0.00 secs] 
2024-10-04T21:38:42.675+0300: 237.879: Total time for which application threads were stopped: 0.0014897 seconds, Stopping threads took: 0.0002006 seconds
2024-10-04T21:38:43.036+0300: 238.250: Application time: 0.3710961 seconds
2024-10-04T21:38:43.036+0300: 238.250: [GC (Allocation Failure) [PSYoungGen: 264561K->5424K(266240K)] 284645K->25556K(812544K), 0.0011719 secs] [Times: user=0.00 sys=0.00, real=0.00 secs] 
2024-10-04T21:38:43.036+0300: 238.251: Total time for which application threads were stopped: 0.0014866 seconds, Stopping threads took: 0.0001847 seconds
2024-10-04T21:38:43.413+0300: 238.624: Application time: 0.3730997 seconds
2024-10-04T21:38:43.413+0300: 238.625: [GC (Allocation Failure) [PSYoungGen: 264048K->5440K(266240K)] 284180K->25580K(812544K), 0.0012797 secs] [Times: user=0.00 sys=0.00, real=0.00 secs] 
2024-10-04T21:38:43.413+0300: 238.626: Total time for which application threads were stopped: 0.0017061 seconds, Stopping threads took: 0.0002392 seconds
2024-10-04T21:38:43.790+0300: 238.994: Application time: 0.3675613 seconds
2024-10-04T21:38:43.790+0300: 238.994: [GC (Allocation Failure) [PSYoungGen: 264462K->4464K(266240K)] 284602K->24612K(812544K), 0.0009170 secs] [Times: user=0.00 sys=0.00, real=0.00 secs] 
2024-10-04T21:38:43.790+0300: 238.995: Total time for which application threads were stopped: 0.0012088 seconds, Stopping threads took: 0.0001566 seconds
2024-10-04T21:38:44.166+0300: 239.373: Application time: 0.3782206 seconds
2024-10-04T21:38:44.166+0300: 239.373: [GC (Allocation Failure) [PSYoungGen: 263477K->3408K(266240K)] 283625K->23564K(812544K), 0.0009248 secs] [Times: user=0.00 sys=0.00, real=0.00 secs] 
2024-10-04T21:38:44.166+0300: 239.374: Total time for which application threads were stopped: 0.0013211 seconds, Stopping threads took: 0.0002289 seconds
2024-10-04T21:38:44.527+0300: 239.741: Application time: 0.3670196 seconds
2024-10-04T21:38:44.527+0300: 239.742: [GC (Allocation Failure) [PSYoungGen: 262992K->4448K(266240K)] 283148K->24612K(812544K), 0.0010578 secs] [Times: user=0.00 sys=0.00, real=0.00 secs] 
2024-10-04T21:38:44.527+0300: 239.743: Total time for which application threads were stopped: 0.0014055 seconds, Stopping threads took: 0.0002019 seconds
2024-10-04T21:38:44.904+0300: 240.109: Application time: 0.3664598 seconds
2024-10-04T21:38:44.904+0300: 240.110: [GC (Allocation Failure) [PSYoungGen: 263368K->5472K(266240K)] 283532K->25644K(812544K), 0.0010848 secs] [Times: user=0.00 sys=0.00, real=0.00 secs] 
2024-10-04T21:38:44.904+0300: 240.111: Total time for which application threads were stopped: 0.0014876 seconds, Stopping threads took: 0.0002514 seconds
2024-10-04T21:38:45.280+0300: 240.484: Application time: 0.3737558 seconds
2024-10-04T21:38:45.280+0300: 240.485: [GC (Allocation Failure) [PSYoungGen: 264212K->5408K(266240K)] 284384K->25612K(812544K), 0.0011827 secs] [Times: user=0.00 sys=0.00, real=0.00 secs] 
2024-10-04T21:38:45.280+0300: 240.486: Total time for which application threads were stopped: 0.0014629 seconds, Stopping threads took: 0.0001279 seconds
2024-10-04T21:38:45.641+0300: 240.854: Application time: 0.3676734 seconds
2024-10-04T21:38:45.641+0300: 240.854: [GC (Allocation Failure) [PSYoungGen: 264390K->4448K(266240K)] 284594K->24660K(812544K), 0.0010379 secs] [Times: user=0.00 sys=0.00, real=0.00 secs] 
2024-10-04T21:38:45.641+0300: 240.855: Total time for which application threads were stopped: 0.0013850 seconds, Stopping threads took: 0.0002019 seconds
2024-10-04T21:38:46.018+0300: 241.224: Application time: 0.3689212 seconds
2024-10-04T21:38:46.018+0300: 241.224: [GC (Allocation Failure) [PSYoungGen: 263198K->4448K(266240K)] 283410K->24700K(812544K), 0.0010420 secs] [Times: user=0.00 sys=0.00, real=0.00 secs] 
2024-10-04T21:38:46.018+0300: 241.225: Total time for which application threads were stopped: 0.0013167 seconds, Stopping threads took: 0.0001427 seconds
2024-10-04T21:38:46.394+0300: 241.597: Application time: 0.3715370 seconds
2024-10-04T21:38:46.394+0300: 241.597: [GC (Allocation Failure) [PSYoungGen: 263431K->4448K(266240K)] 283683K->24740K(812544K), 0.0011355 secs] [Times: user=0.00 sys=0.00, real=0.00 secs] 
2024-10-04T21:38:46.394+0300: 241.598: Total time for which application threads were stopped: 0.0015498 seconds, Stopping threads took: 0.0002618 seconds
2024-10-04T21:38:46.764+0300: 241.969: Application time: 0.3708826 seconds
2024-10-04T21:38:46.764+0300: 241.969: [GC (Allocation Failure) [PSYoungGen: 264031K->3408K(266240K)] 284323K->23716K(812544K), 0.0008583 secs] [Times: user=0.00 sys=0.00, real=0.00 secs] 
2024-10-04T21:38:46.764+0300: 241.970: Total time for which application threads were stopped: 0.0011804 seconds, Stopping threads took: 0.0002009 seconds
2024-10-04T21:38:47.132+0300: 242.344: Application time: 0.3734646 seconds
2024-10-04T21:38:47.132+0300: 242.344: [GC (Allocation Failure) [PSYoungGen: 262370K->4448K(266752K)] 282678K->24764K(813056K), 0.0009156 secs] [Times: user=0.00 sys=0.00, real=0.00 secs] 
2024-10-04T21:38:47.132+0300: 242.345: Total time for which application threads were stopped: 0.0012413 seconds, Stopping threads took: 0.0001848 seconds
2024-10-04T21:38:47.509+0300: 242.713: Application time: 0.3676818 seconds
2024-10-04T21:38:47.509+0300: 242.713: [GC (Allocation Failure) [PSYoungGen: 264428K->4448K(266240K)] 284744K->24772K(812544K), 0.0009765 secs] [Times: user=0.00 sys=0.00, real=0.00 secs] 
2024-10-04T21:38:47.509+0300: 242.714: Total time for which application threads were stopped: 0.0013279 seconds, Stopping threads took: 0.0002131 seconds
2024-10-04T21:38:47.870+0300: 243.082: Application time: 0.3682548 seconds
2024-10-04T21:38:47.870+0300: 243.083: [GC (Allocation Failure) [PSYoungGen: 264102K->5424K(265728K)] 284426K->25756K(812032K), 0.0010504 secs] [Times: user=0.00 sys=0.00, real=0.00 secs] 
2024-10-04T21:38:47.870+0300: 243.084: Total time for which application threads were stopped: 0.0013751 seconds, Stopping threads took: 0.0001843 seconds
2024-10-04T21:38:48.246+0300: 243.458: Application time: 0.3744391 seconds
2024-10-04T21:38:48.246+0300: 243.458: [GC (Allocation Failure) [PSYoungGen: 264573K->4384K(266240K)] 284905K->24784K(812544K), 0.0011305 secs] [Times: user=0.00 sys=0.00, real=0.00 secs] 
2024-10-04T21:38:48.246+0300: 243.460: Total time for which application threads were stopped: 0.0014630 seconds, Stopping threads took: 0.0001415 seconds
2024-10-04T21:38:48.623+0300: 243.831: Application time: 0.3712919 seconds
2024-10-04T21:38:48.623+0300: 243.831: [GC (Allocation Failure) [PSYoungGen: 263968K->3392K(266752K)] 284368K->23800K(813056K), 0.0007838 secs] [Times: user=0.00 sys=0.00, real=0.00 secs] 
2024-10-04T21:38:48.623+0300: 243.832: Total time for which application threads were stopped: 0.0010998 seconds, Stopping threads took: 0.0001847 seconds
2024-10-04T21:38:48.984+0300: 244.196: Application time: 0.3637062 seconds
2024-10-04T21:38:48.984+0300: 244.196: [GC (Allocation Failure) [PSYoungGen: 263508K->5408K(266240K)] 283916K->25864K(812544K), 0.0011247 secs] [Times: user=0.00 sys=0.00, real=0.00 secs] 
2024-10-04T21:38:48.984+0300: 244.197: Total time for which application threads were stopped: 0.0014417 seconds, Stopping threads took: 0.0001839 seconds
2024-10-04T21:38:49.369+0300: 244.576: Application time: 0.3785437 seconds
2024-10-04T21:38:49.369+0300: 244.576: [GC (Allocation Failure) [PSYoungGen: 265375K->4448K(266240K)] 285831K->24912K(812544K), 0.0010143 secs] [Times: user=0.00 sys=0.00, real=0.01 secs] 
2024-10-04T21:38:49.376+0300: 244.577: Total time for which application threads were stopped: 0.0013368 seconds, Stopping threads took: 0.0001774 seconds
2024-10-04T21:38:49.737+0300: 244.945: Application time: 0.3676809 seconds
2024-10-04T21:38:49.737+0300: 244.945: [GC (Allocation Failure) [PSYoungGen: 263402K->4448K(266240K)] 283867K->24920K(812544K), 0.0010459 secs] [Times: user=0.00 sys=0.00, real=0.00 secs] 
2024-10-04T21:38:49.737+0300: 244.946: Total time for which application threads were stopped: 0.0013131 seconds, Stopping threads took: 0.0001440 seconds
2024-10-04T21:38:50.115+0300: 245.320: Application time: 0.3740347 seconds
2024-10-04T21:38:50.115+0300: 245.320: [GC (Allocation Failure) [PSYoungGen: 263369K->4368K(266752K)] 283841K->24848K(813056K), 0.0011947 secs] [Times: user=0.00 sys=0.00, real=0.00 secs] 
2024-10-04T21:38:50.115+0300: 245.322: Total time for which application threads were stopped: 0.0015522 seconds, Stopping threads took: 0.0001631 seconds
2024-10-04T21:38:50.476+0300: 245.687: Application time: 0.3655050 seconds
2024-10-04T21:38:50.476+0300: 245.687: [GC (Allocation Failure) [PSYoungGen: 264272K->5424K(266752K)] 284752K->25912K(813056K), 0.0013347 secs] [Times: user=0.00 sys=0.00, real=0.00 secs] 
2024-10-04T21:38:50.476+0300: 245.689: Total time for which application threads were stopped: 0.0016792 seconds, Stopping threads took: 0.0002070 seconds
2024-10-04T21:38:50.852+0300: 246.056: Application time: 0.3676363 seconds
2024-10-04T21:38:50.852+0300: 246.057: [GC (Allocation Failure) [PSYoungGen: 265531K->5408K(265728K)] 286019K->25904K(812032K), 0.0011182 secs] [Times: user=0.00 sys=0.00, real=0.00 secs] 
2024-10-04T21:38:50.852+0300: 246.058: Total time for which application threads were stopped: 0.0014363 seconds, Stopping threads took: 0.0001756 seconds
2024-10-04T21:38:51.229+0300: 246.436: Application time: 0.3780122 seconds
2024-10-04T21:38:51.229+0300: 246.436: [GC (Allocation Failure) [PSYoungGen: 264992K->3424K(266240K)] 285488K->23928K(812544K), 0.0009653 secs] [Times: user=0.00 sys=0.00, real=0.00 secs] 
2024-10-04T21:38:51.229+0300: 246.437: Total time for which application threads were stopped: 0.0013899 seconds, Stopping threads took: 0.0002587 seconds
2024-10-04T21:38:51.590+0300: 246.804: Application time: 0.3663989 seconds
2024-10-04T21:38:51.590+0300: 246.804: [GC (Allocation Failure) [PSYoungGen: 262569K->5408K(266240K)] 283074K->25960K(812544K), 0.0011894 secs] [Times: user=0.00 sys=0.00, real=0.00 secs] 
2024-10-04T21:38:51.590+0300: 246.805: Total time for which application threads were stopped: 0.0015498 seconds, Stopping threads took: 0.0002134 seconds
2024-10-04T21:38:51.975+0300: 247.176: Application time: 0.3703455 seconds
2024-10-04T21:38:51.975+0300: 247.176: [GC (Allocation Failure) [PSYoungGen: 264120K->5456K(266240K)] 284673K->26016K(812544K), 0.0012782 secs] [Times: user=0.02 sys=0.00, real=0.00 secs] 
2024-10-04T21:38:51.975+0300: 247.177: Total time for which application threads were stopped: 0.0015442 seconds, Stopping threads took: 0.0001238 seconds
2024-10-04T21:38:52.343+0300: 247.549: Application time: 0.3720821 seconds
2024-10-04T21:38:52.343+0300: 247.550: [GC (Allocation Failure) [PSYoungGen: 264457K->4384K(266240K)] 285018K->24984K(812544K), 0.0010007 secs] [Times: user=0.00 sys=0.00, real=0.00 secs] 
2024-10-04T21:38:52.343+0300: 247.551: Total time for which application threads were stopped: 0.0014349 seconds, Stopping threads took: 0.0002513 seconds
2024-10-04T21:38:52.719+0300: 247.922: Application time: 0.3713259 seconds
2024-10-04T21:38:52.719+0300: 247.922: [GC (Allocation Failure) [PSYoungGen: 263176K->3408K(266240K)] 283777K->24056K(812544K), 0.0008974 secs] [Times: user=0.00 sys=0.00, real=0.00 secs] 
2024-10-04T21:38:52.719+0300: 247.923: Total time for which application threads were stopped: 0.0011475 seconds, Stopping threads took: 0.0001111 seconds
2024-10-04T21:38:53.080+0300: 248.290: Application time: 0.3670021 seconds
2024-10-04T21:38:53.080+0300: 248.290: [GC (Allocation Failure) [PSYoungGen: 262370K->4368K(266240K)] 283018K->25032K(812544K), 0.0012337 secs] [Times: user=0.00 sys=0.00, real=0.00 secs] 
2024-10-04T21:38:53.080+0300: 248.292: Total time for which application threads were stopped: 0.0016058 seconds, Stopping threads took: 0.0001888 seconds
2024-10-04T21:38:53.456+0300: 248.664: Application time: 0.3718992 seconds
2024-10-04T21:38:53.456+0300: 248.664: [GC (Allocation Failure) [PSYoungGen: 263158K->3424K(266240K)] 283822K->24104K(812544K), 0.0007677 secs] [Times: user=0.00 sys=0.00, real=0.00 secs] 
2024-10-04T21:38:53.456+0300: 248.665: Total time for which application threads were stopped: 0.0010719 seconds, Stopping threads took: 0.0001831 seconds
2024-10-04T21:38:53.818+0300: 249.032: Application time: 0.3674704 seconds
2024-10-04T21:38:53.818+0300: 249.032: [GC (Allocation Failure) [PSYoungGen: 262250K->4480K(266240K)] 282930K->25168K(812544K), 0.0010156 secs] [Times: user=0.00 sys=0.00, real=0.00 secs] 
2024-10-04T21:38:53.818+0300: 249.034: Total time for which application threads were stopped: 0.0013029 seconds, Stopping threads took: 0.0001699 seconds
2024-10-04T21:38:54.194+0300: 249.408: Application time: 0.3748934 seconds
2024-10-04T21:38:54.194+0300: 249.409: [GC (Allocation Failure) [PSYoungGen: 264064K->4464K(266240K)] 284752K->25160K(812544K), 0.0009754 secs] [Times: user=0.00 sys=0.00, real=0.00 secs] 
2024-10-04T21:38:54.194+0300: 249.410: Total time for which application threads were stopped: 0.0012229 seconds, Stopping threads took: 0.0001016 seconds
2024-10-04T21:38:54.571+0300: 249.776: Application time: 0.3663503 seconds
2024-10-04T21:38:54.571+0300: 249.776: [GC (Allocation Failure) [PSYoungGen: 263369K->5424K(265728K)] 284066K->26168K(812032K), 0.0012795 secs] [Times: user=0.00 sys=0.00, real=0.00 secs] 
2024-10-04T21:38:54.571+0300: 249.778: Total time for which application threads were stopped: 0.0015510 seconds, Stopping threads took: 0.0001337 seconds
2024-10-04T21:38:54.947+0300: 250.148: Application time: 0.3705938 seconds
2024-10-04T21:38:54.947+0300: 250.148: [GC (Allocation Failure) [PSYoungGen: 264528K->4416K(266240K)] 285272K->25236K(812544K), 0.0009828 secs] [Times: user=0.00 sys=0.00, real=0.00 secs] 
2024-10-04T21:38:54.947+0300: 250.149: Total time for which application threads were stopped: 0.0012855 seconds, Stopping threads took: 0.0001651 seconds
2024-10-04T21:38:55.324+0300: 250.528: Application time: 0.3782353 seconds
2024-10-04T21:38:55.324+0300: 250.528: [GC (Allocation Failure) [PSYoungGen: 264000K->3424K(266752K)] 284820K->24252K(813056K), 0.0009242 secs] [Times: user=0.00 sys=0.00, real=0.00 secs] 
2024-10-04T21:38:55.324+0300: 250.529: Total time for which application threads were stopped: 0.0012750 seconds, Stopping threads took: 0.0001934 seconds
2024-10-04T21:38:55.685+0300: 250.898: Application time: 0.3685341 seconds
2024-10-04T21:38:55.685+0300: 250.898: [GC (Allocation Failure) [PSYoungGen: 263747K->3440K(266752K)] 284576K->24284K(813056K), 0.0008610 secs] [Times: user=0.00 sys=0.00, real=0.00 secs] 
2024-10-04T21:38:55.685+0300: 250.899: Total time for which application threads were stopped: 0.0012127 seconds, Stopping threads took: 0.0002198 seconds
2024-10-04T21:38:56.062+0300: 251.269: Application time: 0.3702280 seconds
2024-10-04T21:38:56.062+0300: 251.269: [GC (Allocation Failure) [PSYoungGen: 263513K->5376K(265728K)] 284357K->26228K(812032K), 0.0014551 secs] [Times: user=0.00 sys=0.00, real=0.00 secs] 
2024-10-04T21:38:56.062+0300: 251.271: Total time for which application threads were stopped: 0.0017413 seconds, Stopping threads took: 0.0001396 seconds
2024-10-04T21:38:56.438+0300: 251.644: Application time: 0.3728777 seconds
2024-10-04T21:38:56.438+0300: 251.644: [GC (Allocation Failure) [PSYoungGen: 264204K->5440K(266240K)] 285056K->26300K(812544K), 0.0012191 secs] [Times: user=0.00 sys=0.00, real=0.00 secs] 
2024-10-04T21:38:56.438+0300: 251.645: Total time for which application threads were stopped: 0.0015199 seconds, Stopping threads took: 0.0001341 seconds
2024-10-04T21:38:56.800+0300: 252.011: Application time: 0.3660618 seconds
2024-10-04T21:38:56.800+0300: 252.011: [GC (Allocation Failure) [PSYoungGen: 264260K->4448K(266240K)] 285120K->25316K(812544K), 0.0010234 secs] [Times: user=0.00 sys=0.00, real=0.00 secs] 
2024-10-04T21:38:56.800+0300: 252.013: Total time for which application threads were stopped: 0.0013307 seconds, Stopping threads took: 0.0001687 seconds
2024-10-04T21:38:57.186+0300: 252.387: Application time: 0.3748615 seconds
2024-10-04T21:38:57.186+0300: 252.388: [GC (Allocation Failure) [PSYoungGen: 263276K->3440K(266240K)] 284145K->24316K(812544K), 0.0009510 secs] [Times: user=0.00 sys=0.00, real=0.00 secs] 
2024-10-04T21:38:57.186+0300: 252.389: Total time for which application threads were stopped: 0.0012535 seconds, Stopping threads took: 0.0001223 seconds
2024-10-04T21:38:57.553+0300: 252.754: Application time: 0.3655476 seconds
2024-10-04T21:38:57.553+0300: 252.754: [GC (Allocation Failure) [PSYoungGen: 263024K->5424K(266240K)] 283900K->26308K(812544K), 0.0011996 secs] [Times: user=0.00 sys=0.00, real=0.00 secs] 
2024-10-04T21:38:57.553+0300: 252.756: Total time for which application threads were stopped: 0.0014942 seconds, Stopping threads took: 0.0001433 seconds
2024-10-04T21:38:57.914+0300: 253.129: Application time: 0.3734321 seconds
2024-10-04T21:38:57.914+0300: 253.129: [GC (Allocation Failure) [PSYoungGen: 264327K->3424K(266240K)] 285211K->24316K(812544K), 0.0009064 secs] [Times: user=0.00 sys=0.00, real=0.01 secs] 
2024-10-04T21:38:57.929+0300: 253.130: Total time for which application threads were stopped: 0.0012141 seconds, Stopping threads took: 0.0001683 seconds
2024-10-04T21:38:58.290+0300: 253.501: Application time: 0.3705247 seconds
2024-10-04T21:38:58.290+0300: 253.501: [GC (Allocation Failure) [PSYoungGen: 262364K->5392K(266240K)] 283257K->26356K(812544K), 0.0013567 secs] [Times: user=0.00 sys=0.00, real=0.00 secs] 
2024-10-04T21:38:58.290+0300: 253.503: Total time for which application threads were stopped: 0.0016778 seconds, Stopping threads took: 0.0001295 seconds
2024-10-04T21:38:58.667+0300: 253.869: Application time: 0.3669665 seconds
2024-10-04T21:38:58.667+0300: 253.870: [GC (Allocation Failure) [PSYoungGen: 264425K->5440K(265216K)] 285389K->26412K(811520K), 0.0013016 secs] [Times: user=0.00 sys=0.00, real=0.00 secs] 
2024-10-04T21:38:58.667+0300: 253.871: Total time for which application threads were stopped: 0.0016605 seconds, Stopping threads took: 0.0002111 seconds
2024-10-04T21:38:59.028+0300: 254.239: Application time: 0.3678937 seconds
2024-10-04T21:38:59.028+0300: 254.239: [GC (Allocation Failure) [PSYoungGen: 264123K->4480K(266240K)] 285095K->25460K(812544K), 0.0010621 secs] [Times: user=0.00 sys=0.00, real=0.00 secs] 
2024-10-04T21:38:59.028+0300: 254.240: Total time for which application threads were stopped: 0.0013743 seconds, Stopping threads took: 0.0001782 seconds
2024-10-04T21:38:59.404+0300: 254.614: Application time: 0.3731956 seconds
2024-10-04T21:38:59.404+0300: 254.614: [GC (Allocation Failure) [PSYoungGen: 263410K->4384K(265728K)] 284390K->25372K(812032K), 0.0010209 secs] [Times: user=0.00 sys=0.00, real=0.00 secs] 
2024-10-04T21:38:59.404+0300: 254.615: Total time for which application threads were stopped: 0.0013510 seconds, Stopping threads took: 0.0001957 seconds
2024-10-04T21:38:59.780+0300: 254.981: Application time: 0.3659517 seconds
2024-10-04T21:38:59.780+0300: 254.981: [GC (Allocation Failure) [PSYoungGen: 262436K->5408K(266240K)] 283424K->26444K(812544K), 0.0011528 secs] [Times: user=0.00 sys=0.00, real=0.00 secs] 
2024-10-04T21:38:59.780+0300: 254.982: Total time for which application threads were stopped: 0.0014947 seconds, Stopping threads took: 0.0001918 seconds
2024-10-04T21:39:00.157+0300: 255.366: Application time: 0.3834787 seconds
2024-10-04T21:39:00.157+0300: 255.366: [GC (Allocation Failure) [PSYoungGen: 264003K->5440K(266240K)] 285039K->26484K(812544K), 0.0010102 secs] [Times: user=0.00 sys=0.00, real=0.00 secs] 
2024-10-04T21:39:00.157+0300: 255.367: Total time for which application threads were stopped: 0.0013036 seconds, Stopping threads took: 0.0001666 seconds
2024-10-04T21:39:00.534+0300: 255.736: Application time: 0.3683377 seconds
2024-10-04T21:39:00.534+0300: 255.736: [GC (Allocation Failure) [PSYoungGen: 264774K->5376K(265216K)] 285819K->26476K(811520K), 0.0012064 secs] [Times: user=0.00 sys=0.00, real=0.00 secs] 
2024-10-04T21:39:00.534+0300: 255.737: Total time for which application threads were stopped: 0.0015100 seconds, Stopping threads took: 0.0001587 seconds
2024-10-04T21:39:00.895+0300: 256.109: Application time: 0.3714926 seconds
2024-10-04T21:39:00.895+0300: 256.109: [GC (Allocation Failure) [PSYoungGen: 263936K->4480K(265728K)] 285036K->25588K(812032K), 0.0009035 secs] [Times: user=0.00 sys=0.00, real=0.00 secs] 
2024-10-04T21:39:00.895+0300: 256.110: Total time for which application threads were stopped: 0.0012055 seconds, Stopping threads took: 0.0001590 seconds
2024-10-04T21:39:01.271+0300: 256.482: Application time: 0.3725642 seconds
2024-10-04T21:39:01.271+0300: 256.483: [GC (Allocation Failure) [PSYoungGen: 262505K->5360K(266240K)] 283613K->26544K(812544K), 0.0013670 secs] [Times: user=0.00 sys=0.00, real=0.00 secs] 
2024-10-04T21:39:01.271+0300: 256.484: Total time for which application threads were stopped: 0.0017519 seconds, Stopping threads took: 0.0002118 seconds
2024-10-04T21:39:01.501+0300: 256.702: Application time: 0.2177748 seconds
2024-10-04T21:39:01.501+0300: 256.702: Total time for which application threads were stopped: 0.0002326 seconds, Stopping threads took: 0.0001868 seconds
2024-10-04T21:39:01.663+0300: 256.869: Application time: 0.1673843 seconds
2024-10-04T21:39:01.663+0300: 256.870: Total time for which application threads were stopped: 0.0002083 seconds, Stopping threads took: 0.0001483 seconds
2024-10-04T21:39:01.663+0300: 256.877: Application time: 0.0076453 seconds
2024-10-04T21:39:01.663+0300: 256.878: [GC (Allocation Failure) [PSYoungGen: 264183K->3328K(263168K)] 285368K->24528K(809472K), 0.0009303 secs] [Times: user=0.00 sys=0.00, real=0.00 secs] 
2024-10-04T21:39:01.663+0300: 256.879: Total time for which application threads were stopped: 0.0011430 seconds, Stopping threads took: 0.0000817 seconds
2024-10-04T21:39:01.679+0300: 256.883: Application time: 0.0044308 seconds
2024-10-04T21:39:01.679+0300: 256.883: Total time for which application threads were stopped: 0.0001495 seconds, Stopping threads took: 0.0001003 seconds
2024-10-04T21:39:01.757+0300: 256.970: Application time: 0.0873524 seconds
2024-10-04T21:39:01.757+0300: 256.971: Total time for which application threads were stopped: 0.0001872 seconds, Stopping threads took: 0.0001270 seconds
2024-10-04T21:39:01.899+0300: 257.105: Application time: 0.1342526 seconds
2024-10-04T21:39:01.899+0300: 257.105: Total time for which application threads were stopped: 0.0004250 seconds, Stopping threads took: 0.0003753 seconds
2024-10-04T21:39:02.181+0300: 257.396: Application time: 0.2909475 seconds
2024-10-04T21:39:02.181+0300: 257.397: [GC (Allocation Failure) [PSYoungGen: 262598K->5456K(265728K)] 283798K->26672K(812032K), 0.0012948 secs] [Times: user=0.02 sys=0.00, real=0.02 secs] 
2024-10-04T21:39:02.196+0300: 257.398: Total time for which application threads were stopped: 0.0015963 seconds, Stopping threads took: 0.0001560 seconds
2024-10-04T21:39:02.557+0300: 257.765: Application time: 0.3675979 seconds
2024-10-04T21:39:02.557+0300: 257.766: [GC (Allocation Failure) [PSYoungGen: 264016K->2352K(265728K)] 285232K->23616K(812032K), 0.0008359 secs] [Times: user=0.00 sys=0.00, real=0.00 secs] 
2024-10-04T21:39:02.557+0300: 257.767: Total time for which application threads were stopped: 0.0011560 seconds, Stopping threads took: 0.0001723 seconds
2024-10-04T21:39:02.919+0300: 258.128: Application time: 0.3618626 seconds
2024-10-04T21:39:02.919+0300: 258.129: [GC (Allocation Failure) [PSYoungGen: 260858K->3424K(265728K)] 282123K->24696K(812032K), 0.0009177 secs] [Times: user=0.00 sys=0.00, real=0.00 secs] 
2024-10-04T21:39:02.919+0300: 258.130: Total time for which application threads were stopped: 0.0012811 seconds, Stopping threads took: 0.0001941 seconds
2024-10-04T21:39:03.299+0300: 258.501: Application time: 0.3707929 seconds
2024-10-04T21:39:03.299+0300: 258.501: [GC (Allocation Failure) [PSYoungGen: 261298K->4464K(265728K)] 282571K->25744K(812032K), 0.0010163 secs] [Times: user=0.00 sys=0.00, real=0.00 secs] 
2024-10-04T21:39:03.299+0300: 258.502: Total time for which application threads were stopped: 0.0013682 seconds, Stopping threads took: 0.0001767 seconds
2024-10-04T21:39:03.656+0300: 258.870: Application time: 0.3681256 seconds
2024-10-04T21:39:03.656+0300: 258.870: [GC (Allocation Failure) [PSYoungGen: 263024K->4448K(266240K)] 284304K->25736K(812544K), 0.0010214 secs] [Times: user=0.00 sys=0.00, real=0.00 secs] 
2024-10-04T21:39:03.656+0300: 258.871: Total time for which application threads were stopped: 0.0013516 seconds, Stopping threads took: 0.0001820 seconds
2024-10-04T21:39:04.033+0300: 259.240: Application time: 0.3683930 seconds
2024-10-04T21:39:04.033+0300: 259.240: [GC (Allocation Failure) [PSYoungGen: 263345K->5440K(265728K)] 284634K->26736K(812032K), 0.0011858 secs] [Times: user=0.00 sys=0.00, real=0.00 secs] 
2024-10-04T21:39:04.033+0300: 259.241: Total time for which application threads were stopped: 0.0015197 seconds, Stopping threads took: 0.0001605 seconds
2024-10-04T21:39:04.409+0300: 259.616: Application time: 0.3744140 seconds
2024-10-04T21:39:04.409+0300: 259.616: [GC (Allocation Failure) [PSYoungGen: 264369K->4416K(266240K)] 285665K->25728K(812544K), 0.0011164 secs] [Times: user=0.00 sys=0.00, real=0.00 secs] 
2024-10-04T21:39:04.409+0300: 259.617: Total time for which application threads were stopped: 0.0014878 seconds, Stopping threads took: 0.0001792 seconds
2024-10-04T21:39:04.786+0300: 259.987: Application time: 0.3698033 seconds
2024-10-04T21:39:04.786+0300: 259.987: [GC (Allocation Failure) [PSYoungGen: 263319K->4448K(266240K)] 284631K->25768K(812544K), 0.0010244 secs] [Times: user=0.00 sys=0.00, real=0.00 secs] 
2024-10-04T21:39:04.786+0300: 259.988: Total time for which application threads were stopped: 0.0013108 seconds, Stopping threads took: 0.0001601 seconds
2024-10-04T21:39:05.147+0300: 260.361: Application time: 0.3723535 seconds
2024-10-04T21:39:05.147+0300: 260.361: [GC (Allocation Failure) [PSYoungGen: 263214K->5472K(266240K)] 284535K->26800K(812544K), 0.0013108 secs] [Times: user=0.00 sys=0.00, real=0.00 secs] 
2024-10-04T21:39:05.147+0300: 260.362: Total time for which application threads were stopped: 0.0015857 seconds, Stopping threads took: 0.0001128 seconds
2024-10-04T21:39:05.524+0300: 260.729: Application time: 0.3665637 seconds
2024-10-04T21:39:05.524+0300: 260.729: [GC (Allocation Failure) [PSYoungGen: 264425K->5456K(266240K)] 285754K->26792K(812544K), 0.0011247 secs] [Times: user=0.00 sys=0.00, real=0.00 secs] 
2024-10-04T21:39:05.524+0300: 260.730: Total time for which application threads were stopped: 0.0014418 seconds, Stopping threads took: 0.0001725 seconds
2024-10-04T21:39:05.885+0300: 261.099: Application time: 0.3687314 seconds
2024-10-04T21:39:05.885+0300: 261.099: [GC (Allocation Failure) [PSYoungGen: 265040K->4464K(266240K)] 286376K->25808K(812544K), 0.0009444 secs] [Times: user=0.00 sys=0.00, real=0.00 secs] 
2024-10-04T21:39:05.885+0300: 261.100: Total time for which application threads were stopped: 0.0012311 seconds, Stopping threads took: 0.0001582 seconds
2024-10-04T21:39:06.261+0300: 261.476: Application time: 0.3756124 seconds
2024-10-04T21:39:06.261+0300: 261.476: [GC (Allocation Failure) [PSYoungGen: 263473K->4448K(266240K)] 284818K->25800K(812544K), 0.0010767 secs] [Times: user=0.00 sys=0.00, real=0.00 secs] 
2024-10-04T21:39:06.261+0300: 261.477: Total time for which application threads were stopped: 0.0014453 seconds, Stopping threads took: 0.0002076 seconds
2024-10-04T21:39:06.638+0300: 261.845: Application time: 0.3674462 seconds
2024-10-04T21:39:06.638+0300: 261.845: [GC (Allocation Failure) [PSYoungGen: 263519K->5328K(266240K)] 284872K->26792K(812544K), 0.0011362 secs] [Times: user=0.00 sys=0.00, real=0.00 secs] 
2024-10-04T21:39:06.638+0300: 261.846: Total time for which application threads were stopped: 0.0014580 seconds, Stopping threads took: 0.0001673 seconds
2024-10-04T21:39:07.007+0300: 262.216: Application time: 0.3692625 seconds
2024-10-04T21:39:07.015+0300: 262.216: [GC (Allocation Failure) [PSYoungGen: 264825K->5424K(266240K)] 286289K->26928K(812544K), 0.0013362 secs] [Times: user=0.00 sys=0.00, real=0.00 secs] 
2024-10-04T21:39:07.015+0300: 262.217: Total time for which application threads were stopped: 0.0017036 seconds, Stopping threads took: 0.0002088 seconds
2024-10-04T21:39:07.391+0300: 262.592: Application time: 0.3751536 seconds
2024-10-04T21:39:07.391+0300: 262.593: [GC (Allocation Failure) [PSYoungGen: 264652K->4384K(266240K)] 286157K->25964K(812544K), 0.0011083 secs] [Times: user=0.00 sys=0.00, real=0.00 secs] 
2024-10-04T21:39:07.391+0300: 262.594: Total time for which application threads were stopped: 0.0014061 seconds, Stopping threads took: 0.0000847 seconds
2024-10-04T21:39:07.752+0300: 262.963: Application time: 0.3696825 seconds
2024-10-04T21:39:07.752+0300: 262.964: [GC (Allocation Failure) [PSYoungGen: 263381K->3440K(266240K)] 284962K->25028K(812544K), 0.0010144 secs] [Times: user=0.00 sys=0.00, real=0.00 secs] 
2024-10-04T21:39:07.752+0300: 262.965: Total time for which application threads were stopped: 0.0013596 seconds, Stopping threads took: 0.0001917 seconds
2024-10-04T21:39:08.129+0300: 263.335: Application time: 0.3697433 seconds
2024-10-04T21:39:08.129+0300: 263.335: [GC (Allocation Failure) [PSYoungGen: 262084K->5440K(266240K)] 283673K->27044K(812544K), 0.0012035 secs] [Times: user=0.00 sys=0.00, real=0.00 secs] 
2024-10-04T21:39:08.129+0300: 263.336: Total time for which application threads were stopped: 0.0016000 seconds, Stopping threads took: 0.0002350 seconds
2024-10-04T21:39:08.490+0300: 263.705: Application time: 0.3683821 seconds
2024-10-04T21:39:08.490+0300: 263.705: [GC (Allocation Failure) [PSYoungGen: 264613K->4448K(266240K)] 286218K->26060K(812544K), 0.0009845 secs] [Times: user=0.00 sys=0.00, real=0.00 secs] 
2024-10-04T21:39:08.490+0300: 263.706: Total time for which application threads were stopped: 0.0013504 seconds, Stopping threads took: 0.0002290 seconds
2024-10-04T21:39:08.867+0300: 264.077: Application time: 0.3711680 seconds
2024-10-04T21:39:08.867+0300: 264.077: [GC (Allocation Failure) [PSYoungGen: 264032K->3424K(266240K)] 285644K->25044K(812544K), 0.0008535 secs] [Times: user=0.00 sys=0.00, real=0.00 secs] 
2024-10-04T21:39:08.867+0300: 264.078: Total time for which application threads were stopped: 0.0011318 seconds, Stopping threads took: 0.0001515 seconds
2024-10-04T21:39:09.243+0300: 264.453: Application time: 0.3744146 seconds
2024-10-04T21:39:09.243+0300: 264.453: [GC (Allocation Failure) [PSYoungGen: 262438K->5440K(266240K)] 284059K->27069K(812544K), 0.0011625 secs] [Times: user=0.00 sys=0.00, real=0.00 secs] 
2024-10-04T21:39:09.243+0300: 264.454: Total time for which application threads were stopped: 0.0014861 seconds, Stopping threads took: 0.0001974 seconds
2024-10-04T21:39:09.619+0300: 264.823: Application time: 0.3686813 seconds
2024-10-04T21:39:09.619+0300: 264.823: [GC (Allocation Failure) [PSYoungGen: 264237K->3472K(266240K)] 285866K->25108K(812544K), 0.0009130 secs] [Times: user=0.00 sys=0.00, real=0.00 secs] 
2024-10-04T21:39:09.619+0300: 264.824: Total time for which application threads were stopped: 0.0012038 seconds, Stopping threads took: 0.0001681 seconds
2024-10-04T21:39:09.980+0300: 265.186: Application time: 0.3623800 seconds
2024-10-04T21:39:09.980+0300: 265.187: [GC (Allocation Failure) [PSYoungGen: 262443K->5440K(265216K)] 284080K->27084K(811520K), 0.0012777 secs] [Times: user=0.00 sys=0.00, real=0.00 secs] 
2024-10-04T21:39:09.980+0300: 265.188: Total time for which application threads were stopped: 0.0016358 seconds, Stopping threads took: 0.0001994 seconds
2024-10-04T21:39:10.357+0300: 265.569: Application time: 0.3811544 seconds
2024-10-04T21:39:10.357+0300: 265.569: [GC (Allocation Failure) [PSYoungGen: 264365K->3424K(265728K)] 286010K->25076K(812032K), 0.0009725 secs] [Times: user=0.00 sys=0.00, real=0.00 secs] 
2024-10-04T21:39:10.357+0300: 265.570: Total time for which application threads were stopped: 0.0012659 seconds, Stopping threads took: 0.0001182 seconds
2024-10-04T21:39:10.734+0300: 265.936: Application time: 0.3658017 seconds
2024-10-04T21:39:10.734+0300: 265.936: [GC (Allocation Failure) [PSYoungGen: 261210K->3408K(265728K)] 282863K->25068K(812032K), 0.0008485 secs] [Times: user=0.00 sys=0.00, real=0.00 secs] 
2024-10-04T21:39:10.734+0300: 265.937: Total time for which application threads were stopped: 0.0011128 seconds, Stopping threads took: 0.0001468 seconds
2024-10-04T21:39:11.095+0300: 266.307: Application time: 0.3699748 seconds
2024-10-04T21:39:11.095+0300: 266.308: [GC (Allocation Failure) [PSYoungGen: 261899K->3424K(266240K)] 283559K->25092K(812544K), 0.0010817 secs] [Times: user=0.00 sys=0.00, real=0.00 secs] 
2024-10-04T21:39:11.095+0300: 266.309: Total time for which application threads were stopped: 0.0014841 seconds, Stopping threads took: 0.0002156 seconds
2024-10-04T21:39:11.472+0300: 266.677: Application time: 0.3682363 seconds
2024-10-04T21:39:11.472+0300: 266.677: [GC (Allocation Failure) [PSYoungGen: 261495K->4400K(265728K)] 283163K->26076K(812032K), 0.0010684 secs] [Times: user=0.00 sys=0.00, real=0.00 secs] 
2024-10-04T21:39:11.472+0300: 266.678: Total time for which application threads were stopped: 0.0013786 seconds, Stopping threads took: 0.0001795 seconds
2024-10-04T21:39:11.833+0300: 267.046: Application time: 0.3680165 seconds
2024-10-04T21:39:11.833+0300: 267.047: [GC (Allocation Failure) [PSYoungGen: 263072K->4464K(266240K)] 284749K->26148K(812544K), 0.0010771 secs] [Times: user=0.00 sys=0.00, real=0.00 secs] 
2024-10-04T21:39:11.833+0300: 267.048: Total time for which application threads were stopped: 0.0013542 seconds, Stopping threads took: 0.0001518 seconds
2024-10-04T21:39:12.217+0300: 267.425: Application time: 0.3768895 seconds
2024-10-04T21:39:12.217+0300: 267.425: [GC (Allocation Failure) [PSYoungGen: 264048K->4448K(266240K)] 285732K->26140K(812544K), 0.0010975 secs] [Times: user=0.00 sys=0.00, real=0.01 secs] 
2024-10-04T21:39:12.225+0300: 267.426: Total time for which application threads were stopped: 0.0014512 seconds, Stopping threads took: 0.0001716 seconds
2024-10-04T21:39:12.586+0300: 267.795: Application time: 0.3688008 seconds
2024-10-04T21:39:12.586+0300: 267.795: [GC (Allocation Failure) [PSYoungGen: 263560K->3392K(266752K)] 285253K->25124K(813056K), 0.0008930 secs] [Times: user=0.00 sys=0.00, real=0.00 secs] 
2024-10-04T21:39:12.586+0300: 267.796: Total time for which application threads were stopped: 0.0011555 seconds, Stopping threads took: 0.0001459 seconds
2024-10-04T21:39:12.963+0300: 268.164: Application time: 0.3673819 seconds
2024-10-04T21:39:12.963+0300: 268.164: [GC (Allocation Failure) [PSYoungGen: 263296K->4384K(266752K)] 285029K->26193K(813056K), 0.0009612 secs] [Times: user=0.00 sys=0.00, real=0.00 secs] 
2024-10-04T21:39:12.963+0300: 268.165: Total time for which application threads were stopped: 0.0012856 seconds, Stopping threads took: 0.0001736 seconds
2024-10-04T21:39:13.339+0300: 268.540: Application time: 0.3753513 seconds
2024-10-04T21:39:13.339+0300: 268.540: [GC (Allocation Failure) [PSYoungGen: 264703K->5376K(265728K)] 286512K->27241K(812032K), 0.0012637 secs] [Times: user=0.00 sys=0.00, real=0.00 secs] 
2024-10-04T21:39:13.339+0300: 268.542: Total time for which application threads were stopped: 0.0016224 seconds, Stopping threads took: 0.0001813 seconds
2024-10-04T21:39:13.700+0300: 268.913: Application time: 0.3713762 seconds
2024-10-04T21:39:13.700+0300: 268.913: [GC (Allocation Failure) [PSYoungGen: 264926K->3408K(266240K)] 286791K->25281K(812544K), 0.0008976 secs] [Times: user=0.00 sys=0.00, real=0.00 secs] 
2024-10-04T21:39:13.700+0300: 268.914: Total time for which application threads were stopped: 0.0012110 seconds, Stopping threads took: 0.0001706 seconds
2024-10-04T21:39:14.078+0300: 269.285: Application time: 0.3702771 seconds
2024-10-04T21:39:14.078+0300: 269.285: [GC (Allocation Failure) [PSYoungGen: 262561K->5408K(266240K)] 284434K->27349K(812544K), 0.0014011 secs] [Times: user=0.00 sys=0.00, real=0.00 secs] 
2024-10-04T21:39:14.078+0300: 269.286: Total time for which application threads were stopped: 0.0017193 seconds, Stopping threads took: 0.0001534 seconds
2024-10-04T21:39:14.454+0300: 269.660: Application time: 0.3732478 seconds
2024-10-04T21:39:14.454+0300: 269.660: [GC (Allocation Failure) [PSYoungGen: 264168K->2400K(266240K)] 286110K->24349K(812544K), 0.0007726 secs] [Times: user=0.00 sys=0.00, real=0.00 secs] 
2024-10-04T21:39:14.454+0300: 269.661: Total time for which application threads were stopped: 0.0010218 seconds, Stopping threads took: 0.0000814 seconds
2024-10-04T21:39:14.822+0300: 270.024: Application time: 0.3633812 seconds
2024-10-04T21:39:14.822+0300: 270.024: [GC (Allocation Failure) [PSYoungGen: 261242K->4448K(266240K)] 283192K->26405K(812544K), 0.0010209 secs] [Times: user=0.00 sys=0.00, real=0.00 secs] 
2024-10-04T21:39:14.822+0300: 270.025: Total time for which application threads were stopped: 0.0013280 seconds, Stopping threads took: 0.0001702 seconds
2024-10-04T21:39:15.192+0300: 270.400: Application time: 0.3744138 seconds
2024-10-04T21:39:15.192+0300: 270.400: [GC (Allocation Failure) [PSYoungGen: 263789K->4448K(266240K)] 285746K->26413K(812544K), 0.0011673 secs] [Times: user=0.00 sys=0.00, real=0.00 secs] 
2024-10-04T21:39:15.192+0300: 270.401: Total time for which application threads were stopped: 0.0015532 seconds, Stopping threads took: 0.0002016 seconds
2024-10-04T21:39:15.568+0300: 270.770: Application time: 0.3687383 seconds
2024-10-04T21:39:15.568+0300: 270.770: [GC (Allocation Failure) [PSYoungGen: 263947K->4448K(266240K)] 285912K->26421K(812544K), 0.0010208 secs] [Times: user=0.00 sys=0.00, real=0.00 secs] 
2024-10-04T21:39:15.568+0300: 270.771: Total time for which application threads were stopped: 0.0012883 seconds, Stopping threads took: 0.0001125 seconds
2024-10-04T21:39:15.929+0300: 271.138: Application time: 0.3667320 seconds
2024-10-04T21:39:15.929+0300: 271.138: [GC (Allocation Failure) [PSYoungGen: 263607K->5472K(266240K)] 285580K->27453K(812544K), 0.0011583 secs] [Times: user=0.00 sys=0.00, real=0.00 secs] 
2024-10-04T21:39:15.929+0300: 271.140: Total time for which application threads were stopped: 0.0014858 seconds, Stopping threads took: 0.0001969 seconds
2024-10-04T21:39:16.305+0300: 271.518: Application time: 0.3784849 seconds
2024-10-04T21:39:16.305+0300: 271.518: [GC (Allocation Failure) [PSYoungGen: 265056K->3424K(266240K)] 287037K->25413K(812544K), 0.0009103 secs] [Times: user=0.00 sys=0.00, real=0.00 secs] 
2024-10-04T21:39:16.305+0300: 271.519: Total time for which application threads were stopped: 0.0012555 seconds, Stopping threads took: 0.0001819 seconds
2024-10-04T21:39:16.682+0300: 271.884: Application time: 0.3643801 seconds
2024-10-04T21:39:16.682+0300: 271.884: [GC (Allocation Failure) [PSYoungGen: 262411K->5440K(266240K)] 284400K->27453K(812544K), 0.0012498 secs] [Times: user=0.00 sys=0.00, real=0.00 secs] 
2024-10-04T21:39:16.682+0300: 271.885: Total time for which application threads were stopped: 0.0015267 seconds, Stopping threads took: 0.0001072 seconds
2024-10-04T21:39:17.043+0300: 272.253: Application time: 0.3673712 seconds
2024-10-04T21:39:17.043+0300: 272.253: [GC (Allocation Failure) [PSYoungGen: 264334K->5424K(265216K)] 286347K->27461K(811520K), 0.0011719 secs] [Times: user=0.00 sys=0.00, real=0.00 secs] 
2024-10-04T21:39:17.043+0300: 272.254: Total time for which application threads were stopped: 0.0014573 seconds, Stopping threads took: 0.0001152 seconds
2024-10-04T21:39:17.428+0300: 272.634: Application time: 0.3796957 seconds
2024-10-04T21:39:17.428+0300: 272.634: [GC (Allocation Failure) [PSYoungGen: 263269K->3424K(265728K)] 285306K->25469K(812032K), 0.0008472 secs] [Times: user=0.00 sys=0.00, real=0.00 secs] 
2024-10-04T21:39:17.428+0300: 272.635: Total time for which application threads were stopped: 0.0011203 seconds, Stopping threads took: 0.0001379 seconds
2024-10-04T21:39:17.796+0300: 272.997: Application time: 0.3620770 seconds
2024-10-04T21:39:17.796+0300: 272.997: [GC (Allocation Failure) [PSYoungGen: 261910K->5472K(265728K)] 283955K->27533K(812032K), 0.0010529 secs] [Times: user=0.00 sys=0.00, real=0.00 secs] 
2024-10-04T21:39:17.796+0300: 272.998: Total time for which application threads were stopped: 0.0013151 seconds, Stopping threads took: 0.0001278 seconds
2024-10-04T21:39:18.173+0300: 273.375: Application time: 0.3768758 seconds
2024-10-04T21:39:18.173+0300: 273.375: [GC (Allocation Failure) [PSYoungGen: 263657K->4448K(265728K)] 285718K->26517K(812032K), 0.0010782 secs] [Times: user=0.00 sys=0.00, real=0.00 secs] 
2024-10-04T21:39:18.173+0300: 273.377: Total time for which application threads were stopped: 0.0014023 seconds, Stopping threads took: 0.0001366 seconds
2024-10-04T21:39:18.534+0300: 273.744: Application time: 0.3677933 seconds
2024-10-04T21:39:18.534+0300: 273.745: [GC (Allocation Failure) [PSYoungGen: 262729K->3424K(266240K)] 284798K->25501K(812544K), 0.0009829 secs] [Times: user=0.00 sys=0.00, real=0.00 secs] 
2024-10-04T21:39:18.534+0300: 273.746: Total time for which application threads were stopped: 0.0013206 seconds, Stopping threads took: 0.0001840 seconds
2024-10-04T21:39:18.910+0300: 274.111: Application time: 0.3650516 seconds
2024-10-04T21:39:18.910+0300: 274.111: [GC (Allocation Failure) [PSYoungGen: 262782K->5328K(265216K)] 284859K->27517K(811520K), 0.0011076 secs] [Times: user=0.00 sys=0.00, real=0.00 secs] 
2024-10-04T21:39:18.910+0300: 274.112: Total time for which application threads were stopped: 0.0014373 seconds, Stopping threads took: 0.0002035 seconds
2024-10-04T21:39:19.287+0300: 274.492: Application time: 0.3795311 seconds
2024-10-04T21:39:19.287+0300: 274.492: [GC (Allocation Failure) [PSYoungGen: 264912K->2400K(265728K)] 287101K->24597K(812032K), 0.0007524 secs] [Times: user=0.00 sys=0.00, real=0.00 secs] 
2024-10-04T21:39:19.287+0300: 274.493: Total time for which application threads were stopped: 0.0010113 seconds, Stopping threads took: 0.0001408 seconds
2024-10-04T21:39:19.648+0300: 274.860: Application time: 0.3667799 seconds
2024-10-04T21:39:19.648+0300: 274.860: [GC (Allocation Failure) [PSYoungGen: 260960K->5440K(265728K)] 283157K->27677K(812032K), 0.0011299 secs] [Times: user=0.00 sys=0.00, real=0.00 secs] 
2024-10-04T21:39:19.648+0300: 274.861: Total time for which application threads were stopped: 0.0014163 seconds, Stopping threads took: 0.0001628 seconds
2024-10-04T21:39:20.025+0300: 275.229: Application time: 0.3681382 seconds
2024-10-04T21:39:20.025+0300: 275.229: [GC (Allocation Failure) [PSYoungGen: 264000K->4416K(265728K)] 286237K->26661K(812032K), 0.0010585 secs] [Times: user=0.00 sys=0.00, real=0.00 secs] 
2024-10-04T21:39:20.025+0300: 275.230: Total time for which application threads were stopped: 0.0013653 seconds, Stopping threads took: 0.0001738 seconds
2024-10-04T21:39:20.386+0300: 275.601: Application time: 0.3708074 seconds
2024-10-04T21:39:20.386+0300: 275.602: [GC (Allocation Failure) [PSYoungGen: 262011K->5408K(265728K)] 284256K->27701K(812032K), 0.0013562 secs] [Times: user=0.01 sys=0.00, real=0.02 secs] 
2024-10-04T21:39:20.401+0300: 275.603: Total time for which application threads were stopped: 0.0017169 seconds, Stopping threads took: 0.0002063 seconds
2024-10-04T21:39:20.763+0300: 275.969: Application time: 0.3655505 seconds
2024-10-04T21:39:20.763+0300: 275.969: [GC (Allocation Failure) [PSYoungGen: 263589K->4416K(265728K)] 285883K->26749K(812032K), 0.0009370 secs] [Times: user=0.00 sys=0.00, real=0.00 secs] 
2024-10-04T21:39:20.763+0300: 275.970: Total time for which application threads were stopped: 0.0012716 seconds, Stopping threads took: 0.0001911 seconds
2024-10-04T21:39:21.139+0300: 276.342: Application time: 0.3725208 seconds
2024-10-04T21:39:21.139+0300: 276.343: [GC (Allocation Failure) [PSYoungGen: 262975K->5424K(265728K)] 285308K->27773K(812032K), 0.0012042 secs] [Times: user=0.00 sys=0.00, real=0.00 secs] 
2024-10-04T21:39:21.139+0300: 276.344: Total time for which application threads were stopped: 0.0016007 seconds, Stopping threads took: 0.0002204 seconds
2024-10-04T21:39:21.500+0300: 276.713: Application time: 0.3693182 seconds
2024-10-04T21:39:21.500+0300: 276.714: [GC (Allocation Failure) [PSYoungGen: 263332K->5424K(265728K)] 285681K->27781K(812032K), 0.0011493 secs] [Times: user=0.00 sys=0.00, real=0.00 secs] 
2024-10-04T21:39:21.500+0300: 276.715: Total time for which application threads were stopped: 0.0014812 seconds, Stopping threads took: 0.0001956 seconds
2024-10-04T21:39:21.877+0300: 277.082: Application time: 0.3668311 seconds
2024-10-04T21:39:21.877+0300: 277.082: [GC (Allocation Failure) [PSYoungGen: 263271K->4464K(265728K)] 285628K->26829K(812032K), 0.0009498 secs] [Times: user=0.00 sys=0.00, real=0.00 secs] 
2024-10-04T21:39:21.877+0300: 277.083: Total time for which application threads were stopped: 0.0012534 seconds, Stopping threads took: 0.0001756 seconds
2024-10-04T21:39:22.238+0300: 277.453: Application time: 0.3699760 seconds
2024-10-04T21:39:22.238+0300: 277.453: [GC (Allocation Failure) [PSYoungGen: 262154K->3424K(265728K)] 284519K->25805K(812032K), 0.0009576 secs] [Times: user=0.00 sys=0.00, real=0.02 secs] 
2024-10-04T21:39:22.253+0300: 277.454: Total time for which application threads were stopped: 0.0014641 seconds, Stopping threads took: 0.0003265 seconds
2024-10-04T21:39:22.615+0300: 277.822: Application time: 0.3675187 seconds
2024-10-04T21:39:22.615+0300: 277.822: [GC (Allocation Failure) [PSYoungGen: 261377K->4464K(265728K)] 283758K->26853K(812032K), 0.0011061 secs] [Times: user=0.00 sys=0.00, real=0.00 secs] 
2024-10-04T21:39:22.615+0300: 277.823: Total time for which application threads were stopped: 0.0014458 seconds, Stopping threads took: 0.0001944 seconds
2024-10-04T21:39:22.976+0300: 278.190: Application time: 0.3671727 seconds
2024-10-04T21:39:22.976+0300: 278.191: [GC (Allocation Failure) [PSYoungGen: 263024K->5440K(266240K)] 285413K->27837K(812544K), 0.0011267 secs] [Times: user=0.00 sys=0.00, real=0.01 secs] 
2024-10-04T21:39:22.991+0300: 278.192: Total time for which application threads were stopped: 0.0014653 seconds, Stopping threads took: 0.0001677 seconds
2024-10-04T21:39:23.352+0300: 278.566: Application time: 0.3737705 seconds
2024-10-04T21:39:23.352+0300: 278.566: [GC (Allocation Failure) [PSYoungGen: 264443K->5456K(265216K)] 286841K->27861K(811520K), 0.0012859 secs] [Times: user=0.00 sys=0.00, real=0.00 secs] 
2024-10-04T21:39:23.352+0300: 278.567: Total time for which application threads were stopped: 0.0017683 seconds, Stopping threads took: 0.0003005 seconds
2024-10-04T21:39:23.729+0300: 278.939: Application time: 0.3720245 seconds
2024-10-04T21:39:23.729+0300: 278.940: [GC (Allocation Failure) [PSYoungGen: 265040K->4464K(266240K)] 287445K->26877K(812544K), 0.0009922 secs] [Times: user=0.00 sys=0.00, real=0.00 secs] 
2024-10-04T21:39:23.729+0300: 278.941: Total time for which application threads were stopped: 0.0012863 seconds, Stopping threads took: 0.0001668 seconds
2024-10-04T21:39:24.105+0300: 279.310: Application time: 0.3694247 seconds
2024-10-04T21:39:24.105+0300: 279.311: [GC (Allocation Failure) [PSYoungGen: 263200K->4416K(265728K)] 285613K->26845K(812032K), 0.0011295 secs] [Times: user=0.00 sys=0.00, real=0.00 secs] 
2024-10-04T21:39:24.105+0300: 279.312: Total time for which application threads were stopped: 0.0015514 seconds, Stopping threads took: 0.0002793 seconds
2024-10-04T21:39:24.466+0300: 279.679: Application time: 0.3677184 seconds
2024-10-04T21:39:24.466+0300: 279.680: [GC (Allocation Failure) [PSYoungGen: 262473K->5392K(266240K)] 284903K->27877K(812544K), 0.0011191 secs] [Times: user=0.00 sys=0.00, real=0.00 secs] 
2024-10-04T21:39:24.466+0300: 279.681: Total time for which application threads were stopped: 0.0014500 seconds, Stopping threads took: 0.0001911 seconds
2024-10-04T21:39:24.844+0300: 280.052: Application time: 0.3707031 seconds
2024-10-04T21:39:24.844+0300: 280.052: [GC (Allocation Failure) [PSYoungGen: 264153K->3424K(266240K)] 286639K->25925K(812544K), 0.0008809 secs] [Times: user=0.00 sys=0.00, real=0.00 secs] 
2024-10-04T21:39:24.844+0300: 280.053: Total time for which application threads were stopped: 0.0011773 seconds, Stopping threads took: 0.0001747 seconds
2024-10-04T21:39:25.219+0300: 280.430: Application time: 0.3767590 seconds
2024-10-04T21:39:25.219+0300: 280.430: [GC (Allocation Failure) [PSYoungGen: 263008K->3376K(266240K)] 285509K->25957K(812544K), 0.0009086 secs] [Times: user=0.00 sys=0.00, real=0.00 secs] 
2024-10-04T21:39:25.219+0300: 280.431: Total time for which application threads were stopped: 0.0011382 seconds, Stopping threads took: 0.0001105 seconds
2024-10-04T21:39:25.595+0300: 280.801: Application time: 0.3701169 seconds
2024-10-04T21:39:25.595+0300: 280.801: [GC (Allocation Failure) [PSYoungGen: 262960K->4416K(266240K)] 285541K->27037K(812544K), 0.0009952 secs] [Times: user=0.00 sys=0.00, real=0.00 secs] 
2024-10-04T21:39:25.595+0300: 280.802: Total time for which application threads were stopped: 0.0012329 seconds, Stopping threads took: 0.0000820 seconds
2024-10-04T21:39:25.957+0300: 281.169: Application time: 0.3664932 seconds
2024-10-04T21:39:25.957+0300: 281.169: [GC (Allocation Failure) [PSYoungGen: 263656K->4464K(266240K)] 286278K->27093K(812544K), 0.0010134 secs] [Times: user=0.00 sys=0.00, real=0.00 secs] 
2024-10-04T21:39:25.957+0300: 281.170: Total time for which application threads were stopped: 0.0012982 seconds, Stopping threads took: 0.0001615 seconds
2024-10-04T21:39:26.333+0300: 281.544: Application time: 0.3737713 seconds
2024-10-04T21:39:26.333+0300: 281.544: [GC (Allocation Failure) [PSYoungGen: 263112K->4416K(266240K)] 285741K->27061K(812544K), 0.0011742 secs] [Times: user=0.00 sys=0.00, real=0.00 secs] 
2024-10-04T21:39:26.333+0300: 281.545: Total time for which application threads were stopped: 0.0014921 seconds, Stopping threads took: 0.0001784 seconds
2024-10-04T21:39:26.710+0300: 281.915: Application time: 0.3699273 seconds
2024-10-04T21:39:26.710+0300: 281.915: [GC (Allocation Failure) [PSYoungGen: 263638K->4416K(266752K)] 286284K->27101K(813056K), 0.0009459 secs] [Times: user=0.00 sys=0.00, real=0.00 secs] 
2024-10-04T21:39:26.710+0300: 281.916: Total time for which application threads were stopped: 0.0012303 seconds, Stopping threads took: 0.0001596 seconds
2024-10-04T21:39:27.086+0300: 282.288: Application time: 0.3716200 seconds
2024-10-04T21:39:27.086+0300: 282.288: [GC (Allocation Failure) [PSYoungGen: 264097K->4400K(266752K)] 286782K->27093K(813056K), 0.0010692 secs] [Times: user=0.00 sys=0.00, real=0.00 secs] 
2024-10-04T21:39:27.086+0300: 282.289: Total time for which application threads were stopped: 0.0013835 seconds, Stopping threads took: 0.0001377 seconds
2024-10-04T21:39:27.449+0300: 282.659: Application time: 0.3699507 seconds
2024-10-04T21:39:27.449+0300: 282.660: [GC (Allocation Failure) [PSYoungGen: 264825K->4352K(267264K)] 287518K->27085K(813568K), 0.0011048 secs] [Times: user=0.00 sys=0.00, real=0.00 secs] 
2024-10-04T21:39:27.449+0300: 282.661: Total time for which application threads were stopped: 0.0014414 seconds, Stopping threads took: 0.0002020 seconds
2024-10-04T21:39:27.825+0300: 283.034: Application time: 0.3734413 seconds
2024-10-04T21:39:27.825+0300: 283.034: [GC (Allocation Failure) [PSYoungGen: 265208K->3424K(266752K)] 287942K->26165K(813056K), 0.0008896 secs] [Times: user=0.00 sys=0.00, real=0.00 secs] 
2024-10-04T21:39:27.825+0300: 283.035: Total time for which application threads were stopped: 0.0011668 seconds, Stopping threads took: 0.0001806 seconds
2024-10-04T21:39:28.201+0300: 283.409: Application time: 0.3739904 seconds
2024-10-04T21:39:28.201+0300: 283.410: [GC (Allocation Failure) [PSYoungGen: 263604K->5440K(266752K)] 286345K->28197K(813056K), 0.0012333 secs] [Times: user=0.00 sys=0.00, real=0.00 secs] 
2024-10-04T21:39:28.201+0300: 283.411: Total time for which application threads were stopped: 0.0016074 seconds, Stopping threads took: 0.0001592 seconds
2024-10-04T21:39:28.578+0300: 283.784: Application time: 0.3729288 seconds
2024-10-04T21:39:28.578+0300: 283.784: [GC (Allocation Failure) [PSYoungGen: 266048K->4448K(266752K)] 288805K->27213K(813056K), 0.0010172 secs] [Times: user=0.00 sys=0.00, real=0.00 secs] 
2024-10-04T21:39:28.578+0300: 283.785: Total time for which application threads were stopped: 0.0013129 seconds, Stopping threads took: 0.0001644 seconds
2024-10-04T21:39:28.952+0300: 284.154: Application time: 0.3689065 seconds
2024-10-04T21:39:28.952+0300: 284.154: [GC (Allocation Failure) [PSYoungGen: 264544K->5440K(266752K)] 287310K->28213K(813056K), 0.0011899 secs] [Times: user=0.00 sys=0.00, real=0.00 secs] 
2024-10-04T21:39:28.952+0300: 284.156: Total time for which application threads were stopped: 0.0015063 seconds, Stopping threads took: 0.0001747 seconds
2024-10-04T21:39:29.331+0300: 284.533: Application time: 0.3775348 seconds
2024-10-04T21:39:29.331+0300: 284.533: [GC (Allocation Failure) [PSYoungGen: 265408K->2336K(263168K)] 288181K->25133K(809472K), 0.0008178 secs] [Times: user=0.00 sys=0.00, real=0.00 secs] 
2024-10-04T21:39:29.331+0300: 284.534: Total time for which application threads were stopped: 0.0011070 seconds, Stopping threads took: 0.0001706 seconds
2024-10-04T21:39:29.693+0300: 284.902: Application time: 0.3678058 seconds
2024-10-04T21:39:29.693+0300: 284.902: [GC (Allocation Failure) [PSYoungGen: 262584K->4448K(266752K)] 285381K->27253K(813056K), 0.0010115 secs] [Times: user=0.00 sys=0.00, real=0.00 secs] 
2024-10-04T21:39:29.693+0300: 284.903: Total time for which application threads were stopped: 0.0013740 seconds, Stopping threads took: 0.0002360 seconds
2024-10-04T21:39:30.070+0300: 285.276: Application time: 0.3730607 seconds
2024-10-04T21:39:30.070+0300: 285.277: [GC (Allocation Failure) [PSYoungGen: 263928K->4432K(266240K)] 286734K->27253K(812544K), 0.0010783 secs] [Times: user=0.00 sys=0.00, real=0.00 secs] 
2024-10-04T21:39:30.070+0300: 285.278: Total time for which application threads were stopped: 0.0014173 seconds, Stopping threads took: 0.0001630 seconds
2024-10-04T21:39:30.430+0300: 285.645: Application time: 0.3673673 seconds
2024-10-04T21:39:30.430+0300: 285.646: [GC (Allocation Failure) [PSYoungGen: 263621K->5424K(265728K)] 286443K->28253K(812032K), 0.0015220 secs] [Times: user=0.02 sys=0.00, real=0.02 secs] 
2024-10-04T21:39:30.446+0300: 285.647: Total time for which application threads were stopped: 0.0018932 seconds, Stopping threads took: 0.0002061 seconds
2024-10-04T21:39:30.807+0300: 286.022: Application time: 0.3749307 seconds
2024-10-04T21:39:30.807+0300: 286.022: [GC (Allocation Failure) [PSYoungGen: 265008K->2368K(266240K)] 287837K->25253K(812544K), 0.0008598 secs] [Times: user=0.00 sys=0.00, real=0.00 secs] 
2024-10-04T21:39:30.807+0300: 286.023: Total time for which application threads were stopped: 0.0011543 seconds, Stopping threads took: 0.0001575 seconds
2024-10-04T21:39:31.184+0300: 286.397: Application time: 0.3736905 seconds
2024-10-04T21:39:31.184+0300: 286.397: [GC (Allocation Failure) [PSYoungGen: 261952K->4384K(266240K)] 284837K->27337K(812544K), 0.0010106 secs] [Times: user=0.00 sys=0.00, real=0.00 secs] 
2024-10-04T21:39:31.184+0300: 286.398: Total time for which application threads were stopped: 0.0013114 seconds, Stopping threads took: 0.0001646 seconds
2024-10-04T21:39:31.561+0300: 286.764: Application time: 0.3660685 seconds
2024-10-04T21:39:31.561+0300: 286.765: [GC (Allocation Failure) [PSYoungGen: 263588K->5440K(266240K)] 286542K->28401K(812544K), 0.0012700 secs] [Times: user=0.00 sys=0.00, real=0.00 secs] 
2024-10-04T21:39:31.561+0300: 286.766: Total time for which application threads were stopped: 0.0015657 seconds, Stopping threads took: 0.0001421 seconds
2024-10-04T21:39:31.921+0300: 287.135: Application time: 0.3693222 seconds
2024-10-04T21:39:31.921+0300: 287.135: [GC (Allocation Failure) [PSYoungGen: 264083K->5408K(266240K)] 287045K->28417K(812544K), 0.0011416 secs] [Times: user=0.00 sys=0.00, real=0.00 secs] 
2024-10-04T21:39:31.921+0300: 287.137: Total time for which application threads were stopped: 0.0014296 seconds, Stopping threads took: 0.0001475 seconds
2024-10-04T21:39:32.298+0300: 287.511: Application time: 0.3743771 seconds
2024-10-04T21:39:32.298+0300: 287.511: [GC (Allocation Failure) [PSYoungGen: 264631K->5424K(265216K)] 287641K->28449K(811520K), 0.0013056 secs] [Times: user=0.00 sys=0.00, real=0.00 secs] 
2024-10-04T21:39:32.298+0300: 287.513: Total time for which application threads were stopped: 0.0016984 seconds, Stopping threads took: 0.0002282 seconds
2024-10-04T21:39:32.675+0300: 287.885: Application time: 0.3723891 seconds
2024-10-04T21:39:32.675+0300: 287.885: [GC (Allocation Failure) [PSYoungGen: 264196K->2368K(265728K)] 287222K->25409K(812032K), 0.0007648 secs] [Times: user=0.00 sys=0.00, real=0.00 secs] 
2024-10-04T21:39:32.675+0300: 287.886: Total time for which application threads were stopped: 0.0010805 seconds, Stopping threads took: 0.0001494 seconds
2024-10-04T21:39:33.051+0300: 288.252: Application time: 0.3657418 seconds
2024-10-04T21:39:33.051+0300: 288.252: [GC (Allocation Failure) [PSYoungGen: 260928K->5456K(265728K)] 283969K->28505K(812032K), 0.0011185 secs] [Times: user=0.00 sys=0.00, real=0.00 secs] 
2024-10-04T21:39:33.051+0300: 288.253: Total time for which application threads were stopped: 0.0014035 seconds, Stopping threads took: 0.0001597 seconds
2024-10-04T21:39:33.412+0300: 288.627: Application time: 0.3738067 seconds
2024-10-04T21:39:33.412+0300: 288.627: [GC (Allocation Failure) [PSYoungGen: 263464K->3408K(265728K)] 286514K->26465K(812032K), 0.0010494 secs] [Times: user=0.02 sys=0.00, real=0.02 secs] 
2024-10-04T21:39:33.427+0300: 288.629: Total time for which application threads were stopped: 0.0013937 seconds, Stopping threads took: 0.0001930 seconds
2024-10-04T21:39:33.788+0300: 288.995: Application time: 0.3663700 seconds
2024-10-04T21:39:33.788+0300: 288.995: [GC (Allocation Failure) [PSYoungGen: 261201K->4448K(265728K)] 284259K->27545K(812032K), 0.0010044 secs] [Times: user=0.00 sys=0.00, real=0.00 secs] 
2024-10-04T21:39:33.788+0300: 288.996: Total time for which application threads were stopped: 0.0013077 seconds, Stopping threads took: 0.0001544 seconds
2024-10-04T21:39:34.165+0300: 289.369: Application time: 0.3731357 seconds
2024-10-04T21:39:34.165+0300: 289.370: [GC (Allocation Failure) [PSYoungGen: 262275K->4480K(266240K)] 285372K->27585K(812544K), 0.0009721 secs] [Times: user=0.00 sys=0.00, real=0.00 secs] 
2024-10-04T21:39:34.165+0300: 289.371: Total time for which application threads were stopped: 0.0012718 seconds, Stopping threads took: 0.0001677 seconds
2024-10-04T21:39:34.526+0300: 289.738: Application time: 0.3678090 seconds
2024-10-04T21:39:34.526+0300: 289.739: [GC (Allocation Failure) [PSYoungGen: 263493K->4448K(265728K)] 286599K->27593K(812032K), 0.0010324 secs] [Times: user=0.00 sys=0.00, real=0.00 secs] 
2024-10-04T21:39:34.526+0300: 289.740: Total time for which application threads were stopped: 0.0013418 seconds, Stopping threads took: 0.0001709 seconds
2024-10-04T21:39:34.902+0300: 290.106: Application time: 0.3665942 seconds
2024-10-04T21:39:34.902+0300: 290.107: [GC (Allocation Failure) [PSYoungGen: 263192K->3456K(266240K)] 286338K->26609K(812544K), 0.0008061 secs] [Times: user=0.00 sys=0.00, real=0.00 secs] 
2024-10-04T21:39:34.902+0300: 290.107: Total time for which application threads were stopped: 0.0010391 seconds, Stopping threads took: 0.0000811 seconds
2024-10-04T21:39:35.279+0300: 290.482: Application time: 0.3747927 seconds
2024-10-04T21:39:35.279+0300: 290.482: [GC (Allocation Failure) [PSYoungGen: 262311K->5456K(266240K)] 285464K->28617K(812544K), 0.0011670 secs] [Times: user=0.00 sys=0.00, real=0.00 secs] 
2024-10-04T21:39:35.279+0300: 290.484: Total time for which application threads were stopped: 0.0015027 seconds, Stopping threads took: 0.0001991 seconds
2024-10-04T21:39:35.640+0300: 290.851: Application time: 0.3670489 seconds
2024-10-04T21:39:35.640+0300: 290.851: [GC (Allocation Failure) [PSYoungGen: 264546K->5440K(265216K)] 287708K->28617K(811520K), 0.0011931 secs] [Times: user=0.00 sys=0.00, real=0.00 secs] 
2024-10-04T21:39:35.640+0300: 290.852: Total time for which application threads were stopped: 0.0015103 seconds, Stopping threads took: 0.0001696 seconds
2024-10-04T21:39:36.017+0300: 291.227: Application time: 0.3751055 seconds
2024-10-04T21:39:36.017+0300: 291.228: [GC (Allocation Failure) [PSYoungGen: 263932K->4464K(265728K)] 287110K->27649K(812032K), 0.0012305 secs] [Times: user=0.00 sys=0.00, real=0.00 secs] 
2024-10-04T21:39:36.017+0300: 291.229: Total time for which application threads were stopped: 0.0015691 seconds, Stopping threads took: 0.0001505 seconds
2024-10-04T21:39:36.409+0300: 291.610: Application time: 0.3808635 seconds
2024-10-04T21:39:36.409+0300: 291.610: [GC (Allocation Failure) [PSYoungGen: 262521K->5472K(265216K)] 285707K->28665K(811520K), 0.0013299 secs] [Times: user=0.00 sys=0.00, real=0.00 secs] 
2024-10-04T21:39:36.409+0300: 291.612: Total time for which application threads were stopped: 0.0018742 seconds, Stopping threads took: 0.0003833 seconds
2024-10-04T21:39:36.770+0300: 291.984: Application time: 0.3726972 seconds
2024-10-04T21:39:36.770+0300: 291.985: [GC (Allocation Failure) [PSYoungGen: 263051K->2384K(265728K)] 286245K->25593K(812032K), 0.0007769 secs] [Times: user=0.00 sys=0.00, real=0.00 secs] 
2024-10-04T21:39:36.770+0300: 291.985: Total time for which application threads were stopped: 0.0010653 seconds, Stopping threads took: 0.0001410 seconds
2024-10-04T21:39:37.146+0300: 292.361: Application time: 0.3755895 seconds
2024-10-04T21:39:37.146+0300: 292.361: [GC (Allocation Failure) [PSYoungGen: 260191K->3376K(265728K)] 283400K->26661K(812032K), 0.0009979 secs] [Times: user=0.00 sys=0.00, real=0.00 secs] 
2024-10-04T21:39:37.146+0300: 292.362: Total time for which application threads were stopped: 0.0013597 seconds, Stopping threads took: 0.0001893 seconds
2024-10-04T21:39:37.523+0300: 292.732: Application time: 0.3697368 seconds
2024-10-04T21:39:37.523+0300: 292.732: [GC (Allocation Failure) [PSYoungGen: 261936K->4384K(265728K)] 285221K->27737K(812032K), 0.0011632 secs] [Times: user=0.00 sys=0.00, real=0.00 secs] 
2024-10-04T21:39:37.523+0300: 292.734: Total time for which application threads were stopped: 0.0014710 seconds, Stopping threads took: 0.0001383 seconds
2024-10-04T21:39:37.899+0300: 293.113: Application time: 0.3790298 seconds
2024-10-04T21:39:37.899+0300: 293.113: [GC (Allocation Failure) [PSYoungGen: 262944K->3456K(266240K)] 286297K->26825K(812544K), 0.0009155 secs] [Times: user=0.00 sys=0.00, real=0.00 secs] 
2024-10-04T21:39:37.899+0300: 293.114: Total time for which application threads were stopped: 0.0012031 seconds, Stopping threads took: 0.0001266 seconds
2024-10-04T21:39:38.276+0300: 293.488: Application time: 0.3745167 seconds
2024-10-04T21:39:38.276+0300: 293.489: [GC (Allocation Failure) [PSYoungGen: 262447K->5440K(265216K)] 285816K->28825K(811520K), 0.0012594 secs] [Times: user=0.00 sys=0.00, real=0.00 secs] 
2024-10-04T21:39:38.276+0300: 293.490: Total time for which application threads were stopped: 0.0015982 seconds, Stopping threads took: 0.0001697 seconds
2024-10-04T21:39:38.652+0300: 293.864: Application time: 0.3739939 seconds
2024-10-04T21:39:38.652+0300: 293.864: [GC (Allocation Failure) [PSYoungGen: 265024K->3424K(266240K)] 288409K->26817K(812544K), 0.0009386 secs] [Times: user=0.00 sys=0.00, real=0.00 secs] 
2024-10-04T21:39:38.652+0300: 293.865: Total time for which application threads were stopped: 0.0012613 seconds, Stopping threads took: 0.0001815 seconds
2024-10-04T21:39:39.035+0300: 294.237: Application time: 0.3713170 seconds
2024-10-04T21:39:39.035+0300: 294.237: [GC (Allocation Failure) [PSYoungGen: 262251K->3440K(265728K)] 285645K->26841K(812032K), 0.0009528 secs] [Times: user=0.00 sys=0.00, real=0.00 secs] 
2024-10-04T21:39:39.035+0300: 294.238: Total time for which application threads were stopped: 0.0012247 seconds, Stopping threads took: 0.0001286 seconds
2024-10-04T21:39:39.405+0300: 294.607: Application time: 0.3692161 seconds
2024-10-04T21:39:39.405+0300: 294.607: [GC (Allocation Failure) [PSYoungGen: 261515K->5408K(265216K)] 284917K->28825K(811520K), 0.0012569 secs] [Times: user=0.00 sys=0.00, real=0.00 secs] 
2024-10-04T21:39:39.405+0300: 294.609: Total time for which application threads were stopped: 0.0015560 seconds, Stopping threads took: 0.0001624 seconds
2024-10-04T21:39:39.775+0300: 294.981: Application time: 0.3723251 seconds
2024-10-04T21:39:39.775+0300: 294.981: [GC (Allocation Failure) [PSYoungGen: 263067K->2416K(265728K)] 286485K->25841K(812032K), 0.0009131 secs] [Times: user=0.00 sys=0.00, real=0.00 secs] 
2024-10-04T21:39:39.775+0300: 294.982: Total time for which application threads were stopped: 0.0012366 seconds, Stopping threads took: 0.0001513 seconds
2024-10-04T21:39:40.143+0300: 295.357: Application time: 0.3749531 seconds
2024-10-04T21:39:40.143+0300: 295.357: [GC (Allocation Failure) [PSYoungGen: 260083K->5440K(265728K)] 283509K->28873K(812032K), 0.0012228 secs] [Times: user=0.00 sys=0.00, real=0.00 secs] 
2024-10-04T21:39:40.143+0300: 295.359: Total time for which application threads were stopped: 0.0015069 seconds, Stopping threads took: 0.0001136 seconds
2024-10-04T21:39:40.520+0300: 295.732: Application time: 0.3732933 seconds
2024-10-04T21:39:40.520+0300: 295.732: [GC (Allocation Failure) [PSYoungGen: 263399K->4400K(265728K)] 286833K->27910K(812032K), 0.0011708 secs] [Times: user=0.00 sys=0.00, real=0.00 secs] 
2024-10-04T21:39:40.520+0300: 295.733: Total time for which application threads were stopped: 0.0014787 seconds, Stopping threads took: 0.0001379 seconds
2024-10-04T21:39:40.896+0300: 296.100: Application time: 0.3669715 seconds
2024-10-04T21:39:40.896+0300: 296.101: [GC (Allocation Failure) [PSYoungGen: 262890K->4448K(266240K)] 286400K->27966K(812544K), 0.0010137 secs] [Times: user=0.00 sys=0.00, real=0.00 secs] 
2024-10-04T21:39:40.896+0300: 296.102: Total time for which application threads were stopped: 0.0013538 seconds, Stopping threads took: 0.0001751 seconds
2024-10-04T21:39:41.273+0300: 296.475: Application time: 0.3730734 seconds
2024-10-04T21:39:41.273+0300: 296.475: [GC (Allocation Failure) [PSYoungGen: 262499K->5440K(265728K)] 286017K->28974K(812032K), 0.0011354 secs] [Times: user=0.00 sys=0.00, real=0.00 secs] 
2024-10-04T21:39:41.273+0300: 296.476: Total time for which application threads were stopped: 0.0014440 seconds, Stopping threads took: 0.0001401 seconds
2024-10-04T21:39:41.634+0300: 296.847: Application time: 0.3707570 seconds
2024-10-04T21:39:41.634+0300: 296.847: [GC (Allocation Failure) [PSYoungGen: 264161K->5472K(265728K)] 287695K->29022K(812032K), 0.0011950 secs] [Times: user=0.00 sys=0.00, real=0.00 secs] 
2024-10-04T21:39:41.634+0300: 296.849: Total time for which application threads were stopped: 0.0015170 seconds, Stopping threads took: 0.0001522 seconds
2024-10-04T21:39:42.011+0300: 297.214: Application time: 0.3655957 seconds
2024-10-04T21:39:42.011+0300: 297.214: [GC (Allocation Failure) [PSYoungGen: 263161K->4448K(265728K)] 286711K->28006K(812032K), 0.0012336 secs] [Times: user=0.00 sys=0.00, real=0.00 secs] 
2024-10-04T21:39:42.011+0300: 297.216: Total time for which application threads were stopped: 0.0015754 seconds, Stopping threads took: 0.0001618 seconds
2024-10-04T21:39:42.387+0300: 297.590: Application time: 0.3747329 seconds
2024-10-04T21:39:42.387+0300: 297.591: [GC (Allocation Failure) [PSYoungGen: 262574K->5440K(265728K)] 286131K->29006K(812032K), 0.0012054 secs] [Times: user=0.00 sys=0.00, real=0.00 secs] 
2024-10-04T21:39:42.387+0300: 297.592: Total time for which application threads were stopped: 0.0014590 seconds, Stopping threads took: 0.0000931 seconds
2024-10-04T21:39:42.764+0300: 297.968: Application time: 0.3762065 seconds
2024-10-04T21:39:42.764+0300: 297.968: [GC (Allocation Failure) [PSYoungGen: 263968K->4384K(265728K)] 287534K->27990K(812032K), 0.0011056 secs] [Times: user=0.00 sys=0.00, real=0.00 secs] 
2024-10-04T21:39:42.764+0300: 297.970: Total time for which application threads were stopped: 0.0013994 seconds, Stopping threads took: 0.0001212 seconds
2024-10-04T21:39:43.140+0300: 298.349: Application time: 0.3791935 seconds
2024-10-04T21:39:43.140+0300: 298.349: [GC (Allocation Failure) [PSYoungGen: 262216K->4400K(266240K)] 285822K->28082K(812544K), 0.0010962 secs] [Times: user=0.00 sys=0.00, real=0.00 secs] 
2024-10-04T21:39:43.140+0300: 298.350: Total time for which application threads were stopped: 0.0013575 seconds, Stopping threads took: 0.0000904 seconds
2024-10-04T21:39:43.501+0300: 298.717: Application time: 0.3670975 seconds
2024-10-04T21:39:43.501+0300: 298.717: [GC (Allocation Failure) [PSYoungGen: 263338K->4448K(265728K)] 287020K->28138K(812032K), 0.0012150 secs] [Times: user=0.02 sys=0.00, real=0.02 secs] 
2024-10-04T21:39:43.517+0300: 298.719: Total time for which application threads were stopped: 0.0015411 seconds, Stopping threads took: 0.0001760 seconds
2024-10-04T21:39:43.884+0300: 299.087: Application time: 0.3678441 seconds
2024-10-04T21:39:43.884+0300: 299.087: [GC (Allocation Failure) [PSYoungGen: 263224K->3392K(266240K)] 286914K->27130K(812544K), 0.0008572 secs] [Times: user=0.00 sys=0.00, real=0.00 secs] 
2024-10-04T21:39:43.884+0300: 299.088: Total time for which application threads were stopped: 0.0011524 seconds, Stopping threads took: 0.0001582 seconds
2024-10-04T21:39:44.254+0300: 299.462: Application time: 0.3747267 seconds
2024-10-04T21:39:44.254+0300: 299.463: [GC (Allocation Failure) [PSYoungGen: 262358K->3424K(266240K)] 286096K->27170K(812544K), 0.0011004 secs] [Times: user=0.00 sys=0.00, real=0.00 secs] 
2024-10-04T21:39:44.254+0300: 299.464: Total time for which application threads were stopped: 0.0014103 seconds, Stopping threads took: 0.0001281 seconds
2024-10-04T21:39:44.615+0300: 299.831: Application time: 0.3670399 seconds
2024-10-04T21:39:44.615+0300: 299.831: [GC (Allocation Failure) [PSYoungGen: 262588K->5440K(266240K)] 286334K->29202K(812544K), 0.0011839 secs] [Times: user=0.02 sys=0.00, real=0.02 secs] 
2024-10-04T21:39:44.631+0300: 299.832: Total time for which application threads were stopped: 0.0014719 seconds, Stopping threads took: 0.0001392 seconds
2024-10-04T21:39:44.993+0300: 300.201: Application time: 0.3683132 seconds
2024-10-04T21:39:44.993+0300: 300.201: [GC (Allocation Failure) [PSYoungGen: 264260K->4448K(266240K)] 288023K->28218K(812544K), 0.0011101 secs] [Times: user=0.00 sys=0.00, real=0.00 secs] 
2024-10-04T21:39:44.993+0300: 300.202: Total time for which application threads were stopped: 0.0014008 seconds, Stopping threads took: 0.0001685 seconds
2024-10-04T21:39:45.368+0300: 300.572: Application time: 0.3703233 seconds
2024-10-04T21:39:45.368+0300: 300.573: [GC (Allocation Failure) [PSYoungGen: 263335K->5440K(266240K)] 287105K->29218K(812544K), 0.0012903 secs] [Times: user=0.00 sys=0.00, real=0.00 secs] 
2024-10-04T21:39:45.368+0300: 300.574: Total time for which application threads were stopped: 0.0016257 seconds, Stopping threads took: 0.0001860 seconds
2024-10-04T21:39:45.745+0300: 300.951: Application time: 0.3767299 seconds
2024-10-04T21:39:45.745+0300: 300.951: [GC (Allocation Failure) [PSYoungGen: 265024K->1344K(261120K)] 288802K->25130K(807424K), 0.0007829 secs] [Times: user=0.00 sys=0.00, real=0.00 secs] 
2024-10-04T21:39:45.745+0300: 300.952: Total time for which application threads were stopped: 0.0010500 seconds, Stopping threads took: 0.0001609 seconds
2024-10-04T21:39:46.106+0300: 301.322: Application time: 0.3700600 seconds
2024-10-04T21:39:46.106+0300: 301.322: [GC (Allocation Failure) [PSYoungGen: 260002K->3328K(265728K)] 283788K->27122K(812032K), 0.0011204 secs] [Times: user=0.00 sys=0.00, real=0.02 secs] 
2024-10-04T21:39:46.122+0300: 301.323: Total time for which application threads were stopped: 0.0014468 seconds, Stopping threads took: 0.0001759 seconds
2024-10-04T21:39:46.483+0300: 301.685: Application time: 0.3620620 seconds
2024-10-04T21:39:46.483+0300: 301.686: [GC (Allocation Failure) [PSYoungGen: 261265K->4448K(265728K)] 285059K->28250K(812032K), 0.0010525 secs] [Times: user=0.00 sys=0.00, real=0.00 secs] 
2024-10-04T21:39:46.483+0300: 301.687: Total time for which application threads were stopped: 0.0013226 seconds, Stopping threads took: 0.0001391 seconds
2024-10-04T21:39:46.844+0300: 302.059: Application time: 0.3721043 seconds
2024-10-04T21:39:46.844+0300: 302.059: [GC (Allocation Failure) [PSYoungGen: 262933K->4416K(266240K)] 286735K->28258K(812544K), 0.0009964 secs] [Times: user=0.00 sys=0.00, real=0.00 secs] 
2024-10-04T21:39:46.844+0300: 302.060: Total time for which application threads were stopped: 0.0013297 seconds, Stopping threads took: 0.0002127 seconds
2024-10-04T21:39:47.221+0300: 302.432: Application time: 0.3722610 seconds
2024-10-04T21:39:47.221+0300: 302.433: [GC (Allocation Failure) [PSYoungGen: 263426K->4448K(266240K)] 287268K->28330K(812544K), 0.0011287 secs] [Times: user=0.00 sys=0.00, real=0.00 secs] 
2024-10-04T21:39:47.221+0300: 302.434: Total time for which application threads were stopped: 0.0015237 seconds, Stopping threads took: 0.0001741 seconds
2024-10-04T21:39:47.598+0300: 302.808: Application time: 0.3736978 seconds
2024-10-04T21:39:47.598+0300: 302.808: [GC (Allocation Failure) [PSYoungGen: 264032K->1360K(266240K)] 287914K->25258K(812544K), 0.0007802 secs] [Times: user=0.00 sys=0.00, real=0.00 secs] 
2024-10-04T21:39:47.598+0300: 302.809: Total time for which application threads were stopped: 0.0010755 seconds, Stopping threads took: 0.0001819 seconds
2024-10-04T21:39:47.958+0300: 303.173: Application time: 0.3641190 seconds
2024-10-04T21:39:47.958+0300: 303.173: [GC (Allocation Failure) [PSYoungGen: 260944K->2368K(266240K)] 284842K->26290K(812544K), 0.0008071 secs] [Times: user=0.00 sys=0.00, real=0.00 secs] 
2024-10-04T21:39:47.958+0300: 303.174: Total time for which application threads were stopped: 0.0010827 seconds, Stopping threads took: 0.0001525 seconds
2024-10-04T21:39:48.335+0300: 303.550: Application time: 0.3758002 seconds
2024-10-04T21:39:48.335+0300: 303.550: [GC (Allocation Failure) [PSYoungGen: 261637K->5440K(265216K)] 285559K->29378K(811520K), 0.0014133 secs] [Times: user=0.02 sys=0.00, real=0.01 secs] 
2024-10-04T21:39:48.350+0300: 303.552: Total time for which application threads were stopped: 0.0017943 seconds, Stopping threads took: 0.0002255 seconds
2024-10-04T21:39:48.711+0300: 303.917: Application time: 0.3652173 seconds
2024-10-04T21:39:48.711+0300: 303.917: [GC (Allocation Failure) [PSYoungGen: 264000K->4416K(265728K)] 287938K->28394K(812032K), 0.0010823 secs] [Times: user=0.00 sys=0.00, real=0.00 secs] 
2024-10-04T21:39:48.711+0300: 303.918: Total time for which application threads were stopped: 0.0013762 seconds, Stopping threads took: 0.0001617 seconds
2024-10-04T21:39:49.072+0300: 304.286: Application time: 0.3674613 seconds
2024-10-04T21:39:49.072+0300: 304.286: [GC (Allocation Failure) [PSYoungGen: 262478K->5344K(265728K)] 286456K->29394K(812032K), 0.0012364 secs] [Times: user=0.00 sys=0.00, real=0.00 secs] 
2024-10-04T21:39:49.072+0300: 304.287: Total time for which application threads were stopped: 0.0015972 seconds, Stopping threads took: 0.0001886 seconds
2024-10-04T21:39:49.449+0300: 304.661: Application time: 0.3739075 seconds
2024-10-04T21:39:49.449+0300: 304.661: [GC (Allocation Failure) [PSYoungGen: 263040K->4384K(265728K)] 287090K->28450K(812032K), 0.0011000 secs] [Times: user=0.00 sys=0.00, real=0.00 secs] 
2024-10-04T21:39:49.449+0300: 304.662: Total time for which application threads were stopped: 0.0013845 seconds, Stopping threads took: 0.0001587 seconds
2024-10-04T21:39:49.809+0300: 305.025: Application time: 0.3620328 seconds
2024-10-04T21:39:49.809+0300: 305.025: [GC (Allocation Failure) [PSYoungGen: 262081K->5408K(265728K)] 286148K->29490K(812032K), 0.0014078 secs] [Times: user=0.02 sys=0.00, real=0.02 secs] 
2024-10-04T21:39:49.825+0300: 305.028: Total time for which application threads were stopped: 0.0037441 seconds, Stopping threads took: 0.0001836 seconds
2024-10-04T21:39:50.201+0300: 305.402: Application time: 0.3740149 seconds
2024-10-04T21:39:50.201+0300: 305.403: [GC (Allocation Failure) [PSYoungGen: 263546K->5408K(264192K)] 287629K->29530K(810496K), 0.0012213 secs] [Times: user=0.00 sys=0.00, real=0.00 secs] 
2024-10-04T21:39:50.201+0300: 305.404: Total time for which application threads were stopped: 0.0016359 seconds, Stopping threads took: 0.0002339 seconds
2024-10-04T21:39:50.562+0300: 305.773: Application time: 0.3694904 seconds
2024-10-04T21:39:50.562+0300: 305.774: [GC (Allocation Failure) [PSYoungGen: 263944K->2384K(265216K)] 288066K->26514K(811520K), 0.0008521 secs] [Times: user=0.00 sys=0.00, real=0.00 secs] 
2024-10-04T21:39:50.562+0300: 305.775: Total time for which application threads were stopped: 0.0011724 seconds, Stopping threads took: 0.0001993 seconds
2024-10-04T21:39:50.924+0300: 306.134: Application time: 0.3594378 seconds
2024-10-04T21:39:50.924+0300: 306.134: [GC (Allocation Failure) [PSYoungGen: 259128K->5472K(265216K)] 283258K->29618K(811520K), 0.0012135 secs] [Times: user=0.00 sys=0.00, real=0.00 secs] 
2024-10-04T21:39:50.924+0300: 306.136: Total time for which application threads were stopped: 0.0015492 seconds, Stopping threads took: 0.0001851 seconds
2024-10-04T21:39:51.300+0300: 306.509: Application time: 0.3738823 seconds
2024-10-04T21:39:51.300+0300: 306.510: [GC (Allocation Failure) [PSYoungGen: 262330K->5440K(265216K)] 286476K->29594K(811520K), 0.0013800 secs] [Times: user=0.00 sys=0.00, real=0.00 secs] 
2024-10-04T21:39:51.300+0300: 306.511: Total time for which application threads were stopped: 0.0017654 seconds, Stopping threads took: 0.0001856 seconds
2024-10-04T21:39:51.677+0300: 306.879: Application time: 0.3679695 seconds
2024-10-04T21:39:51.677+0300: 306.879: [GC (Allocation Failure) [PSYoungGen: 262976K->3424K(265216K)] 287130K->27586K(811520K), 0.0008380 secs] [Times: user=0.00 sys=0.00, real=0.00 secs] 
2024-10-04T21:39:51.677+0300: 306.880: Total time for which application threads were stopped: 0.0010983 seconds, Stopping threads took: 0.0001581 seconds
2024-10-04T21:39:52.038+0300: 307.243: Application time: 0.3624160 seconds
2024-10-04T21:39:52.038+0300: 307.243: [GC (Allocation Failure) [PSYoungGen: 260166K->4448K(265728K)] 284329K->28618K(812032K), 0.0008221 secs] [Times: user=0.00 sys=0.00, real=0.00 secs] 
2024-10-04T21:39:52.038+0300: 307.244: Total time for which application threads were stopped: 0.0010780 seconds, Stopping threads took: 0.0001306 seconds
2024-10-04T21:39:52.415+0300: 307.619: Application time: 0.3752672 seconds
2024-10-04T21:39:52.415+0300: 307.619: [GC (Allocation Failure) [PSYoungGen: 262258K->4448K(265216K)] 286429K->28626K(811520K), 0.0010671 secs] [Times: user=0.00 sys=0.00, real=0.00 secs] 
2024-10-04T21:39:52.415+0300: 307.620: Total time for which application threads were stopped: 0.0013515 seconds, Stopping threads took: 0.0001316 seconds
2024-10-04T21:39:52.776+0300: 307.987: Application time: 0.3661741 seconds
2024-10-04T21:39:52.776+0300: 307.987: [GC (Allocation Failure) [PSYoungGen: 262496K->4480K(265728K)] 286674K->28666K(812032K), 0.0009783 secs] [Times: user=0.00 sys=0.00, real=0.00 secs] 
2024-10-04T21:39:52.776+0300: 307.988: Total time for which application threads were stopped: 0.0012635 seconds, Stopping threads took: 0.0001602 seconds
2024-10-04T21:39:53.152+0300: 308.357: Application time: 0.3693998 seconds
2024-10-04T21:39:53.152+0300: 308.358: [GC (Allocation Failure) [PSYoungGen: 262316K->4416K(265728K)] 286503K->28678K(812032K), 0.0010324 secs] [Times: user=0.00 sys=0.00, real=0.00 secs] 
2024-10-04T21:39:53.152+0300: 308.359: Total time for which application threads were stopped: 0.0013350 seconds, Stopping threads took: 0.0001586 seconds
2024-10-04T21:39:53.513+0300: 308.726: Application time: 0.3677027 seconds
2024-10-04T21:39:53.513+0300: 308.727: [GC (Allocation Failure) [PSYoungGen: 262122K->4448K(266240K)] 286385K->28718K(812544K), 0.0009745 secs] [Times: user=0.00 sys=0.00, real=0.00 secs] 
2024-10-04T21:39:53.513+0300: 308.728: Total time for which application threads were stopped: 0.0012912 seconds, Stopping threads took: 0.0001699 seconds
2024-10-04T21:39:53.890+0300: 309.095: Application time: 0.3676595 seconds
2024-10-04T21:39:53.890+0300: 309.095: [GC (Allocation Failure) [PSYoungGen: 264032K->4448K(266240K)] 288302K->28726K(812544K), 0.0010267 secs] [Times: user=0.00 sys=0.00, real=0.00 secs] 
2024-10-04T21:39:53.890+0300: 309.097: Total time for which application threads were stopped: 0.0012992 seconds, Stopping threads took: 0.0001431 seconds
2024-10-04T21:39:54.266+0300: 309.472: Application time: 0.3754613 seconds
2024-10-04T21:39:54.266+0300: 309.472: [GC (Allocation Failure) [PSYoungGen: 263131K->3424K(266752K)] 287409K->27710K(813056K), 0.0009126 secs] [Times: user=0.00 sys=0.00, real=0.00 secs] 
2024-10-04T21:39:54.266+0300: 309.473: Total time for which application threads were stopped: 0.0012758 seconds, Stopping threads took: 0.0001952 seconds
2024-10-04T21:39:54.628+0300: 309.839: Application time: 0.3660142 seconds
2024-10-04T21:39:54.628+0300: 309.840: [GC (Allocation Failure) [PSYoungGen: 263866K->4352K(266752K)] 288152K->28750K(813056K), 0.0010463 secs] [Times: user=0.00 sys=0.00, real=0.00 secs] 
2024-10-04T21:39:54.628+0300: 309.841: Total time for which application threads were stopped: 0.0013900 seconds, Stopping threads took: 0.0002064 seconds
2024-10-04T21:39:55.007+0300: 310.211: Application time: 0.3698908 seconds
2024-10-04T21:39:55.007+0300: 310.211: [GC (Allocation Failure) [PSYoungGen: 264960K->4480K(266752K)] 289358K->28886K(813056K), 0.0008393 secs] [Times: user=0.00 sys=0.00, real=0.00 secs] 
2024-10-04T21:39:55.007+0300: 310.212: Total time for which application threads were stopped: 0.0011313 seconds, Stopping threads took: 0.0001490 seconds
2024-10-04T21:39:55.381+0300: 310.588: Application time: 0.3758354 seconds
2024-10-04T21:39:55.381+0300: 310.588: [GC (Allocation Failure) [PSYoungGen: 264755K->5408K(266752K)] 289161K->29830K(813056K), 0.0012334 secs] [Times: user=0.00 sys=0.00, real=0.00 secs] 
2024-10-04T21:39:55.381+0300: 310.589: Total time for which application threads were stopped: 0.0015531 seconds, Stopping threads took: 0.0001354 seconds
2024-10-04T21:39:55.758+0300: 310.959: Application time: 0.3700729 seconds
2024-10-04T21:39:55.758+0300: 310.959: [GC (Allocation Failure) [PSYoungGen: 265158K->5472K(265728K)] 289580K->29910K(812032K), 0.0011373 secs] [Times: user=0.00 sys=0.00, real=0.00 secs] 
2024-10-04T21:39:55.758+0300: 310.961: Total time for which application threads were stopped: 0.0014380 seconds, Stopping threads took: 0.0001619 seconds
2024-10-04T21:39:56.119+0300: 311.331: Application time: 0.3705858 seconds
2024-10-04T21:39:56.119+0300: 311.332: [GC (Allocation Failure) [PSYoungGen: 264472K->4352K(266240K)] 288911K->28830K(812544K), 0.0010470 secs] [Times: user=0.02 sys=0.00, real=0.00 secs] 
2024-10-04T21:39:56.119+0300: 311.333: Total time for which application threads were stopped: 0.0013617 seconds, Stopping threads took: 0.0001351 seconds
2024-10-04T21:39:56.495+0300: 311.699: Application time: 0.3668554 seconds
2024-10-04T21:39:56.495+0300: 311.700: [GC (Allocation Failure) [PSYoungGen: 263261K->4480K(266752K)] 287740K->28966K(813056K), 0.0010190 secs] [Times: user=0.00 sys=0.00, real=0.00 secs] 
2024-10-04T21:39:56.495+0300: 311.701: Total time for which application threads were stopped: 0.0013792 seconds, Stopping threads took: 0.0001916 seconds
2024-10-04T21:39:56.855+0300: 312.070: Application time: 0.3693357 seconds
2024-10-04T21:39:56.855+0300: 312.070: [GC (Allocation Failure) [PSYoungGen: 264339K->5440K(266240K)] 288825K->29934K(812544K), 0.0011554 secs] [Times: user=0.00 sys=0.00, real=0.02 secs] 
2024-10-04T21:39:56.871+0300: 312.072: Total time for which application threads were stopped: 0.0015325 seconds, Stopping threads took: 0.0002060 seconds
2024-10-04T21:39:57.232+0300: 312.445: Application time: 0.3734097 seconds
2024-10-04T21:39:57.232+0300: 312.445: [GC (Allocation Failure) [PSYoungGen: 264616K->5408K(266240K)] 289110K->29926K(812544K), 0.0012474 secs] [Times: user=0.00 sys=0.00, real=0.00 secs] 
2024-10-04T21:39:57.232+0300: 312.447: Total time for which application threads were stopped: 0.0015603 seconds, Stopping threads took: 0.0001788 seconds
2024-10-04T21:39:57.613+0300: 312.814: Application time: 0.3673287 seconds
2024-10-04T21:39:57.613+0300: 312.814: [GC (Allocation Failure) [PSYoungGen: 263994K->4480K(266240K)] 288513K->29006K(812544K), 0.0011304 secs] [Times: user=0.00 sys=0.00, real=0.00 secs] 
2024-10-04T21:39:57.613+0300: 312.815: Total time for which application threads were stopped: 0.0014277 seconds, Stopping threads took: 0.0001254 seconds
2024-10-04T21:39:57.970+0300: 313.183: Application time: 0.3675899 seconds
2024-10-04T21:39:57.970+0300: 313.183: [GC (Allocation Failure) [PSYoungGen: 263655K->4464K(266752K)] 288182K->28998K(813056K), 0.0010464 secs] [Times: user=0.00 sys=0.00, real=0.00 secs] 
2024-10-04T21:39:57.970+0300: 313.184: Total time for which application threads were stopped: 0.0013521 seconds, Stopping threads took: 0.0001290 seconds
2024-10-04T21:39:58.347+0300: 313.559: Application time: 0.3748346 seconds
2024-10-04T21:39:58.347+0300: 313.560: [GC (Allocation Failure) [PSYoungGen: 264109K->5424K(266240K)] 288644K->29974K(812544K), 0.0013768 secs] [Times: user=0.00 sys=0.00, real=0.00 secs] 
2024-10-04T21:39:58.347+0300: 313.561: Total time for which application threads were stopped: 0.0017670 seconds, Stopping threads took: 0.0002425 seconds
2024-10-04T21:39:58.724+0300: 313.927: Application time: 0.3661153 seconds
2024-10-04T21:39:58.724+0300: 313.927: [GC (Allocation Failure) [PSYoungGen: 264618K->5424K(266240K)] 289169K->29982K(812544K), 0.0012556 secs] [Times: user=0.00 sys=0.00, real=0.00 secs] 
2024-10-04T21:39:58.724+0300: 313.929: Total time for which application threads were stopped: 0.0015776 seconds, Stopping threads took: 0.0001669 seconds
2024-10-04T21:39:59.101+0300: 314.305: Application time: 0.3765530 seconds
2024-10-04T21:39:59.101+0300: 314.306: [GC (Allocation Failure) [PSYoungGen: 265008K->4464K(266240K)] 289566K->29030K(812544K), 0.0010712 secs] [Times: user=0.00 sys=0.00, real=0.00 secs] 
2024-10-04T21:39:59.101+0300: 314.307: Total time for which application threads were stopped: 0.0014542 seconds, Stopping threads took: 0.0002006 seconds
2024-10-04T21:39:59.462+0300: 314.676: Application time: 0.3689294 seconds
2024-10-04T21:39:59.462+0300: 314.676: [GC (Allocation Failure) [PSYoungGen: 263625K->4400K(266240K)] 288191K->28974K(812544K), 0.0010858 secs] [Times: user=0.00 sys=0.00, real=0.00 secs] 
2024-10-04T21:39:59.462+0300: 314.677: Total time for which application threads were stopped: 0.0014033 seconds, Stopping threads took: 0.0001521 seconds
2024-10-04T21:39:59.839+0300: 315.045: Application time: 0.3683394 seconds
2024-10-04T21:39:59.839+0300: 315.046: [GC (Allocation Failure) [PSYoungGen: 263118K->3392K(266240K)] 287693K->28014K(812544K), 0.0009508 secs] [Times: user=0.00 sys=0.00, real=0.00 secs] 
2024-10-04T21:39:59.839+0300: 315.047: Total time for which application threads were stopped: 0.0012740 seconds, Stopping threads took: 0.0001758 seconds
2024-10-04T21:40:00.218+0300: 315.428: Application time: 0.3809096 seconds
2024-10-04T21:40:00.218+0300: 315.428: [GC (Allocation Failure) [PSYoungGen: 262254K->5408K(266240K)] 286876K->30070K(812544K), 0.0010700 secs] [Times: user=0.00 sys=0.00, real=0.00 secs] 
2024-10-04T21:40:00.218+0300: 315.429: Total time for which application threads were stopped: 0.0013581 seconds, Stopping threads took: 0.0001529 seconds
2024-10-04T21:40:00.592+0300: 315.799: Application time: 0.3696036 seconds
2024-10-04T21:40:00.592+0300: 315.799: [GC (Allocation Failure) [PSYoungGen: 264503K->4448K(266240K)] 289165K->29150K(812544K), 0.0010653 secs] [Times: user=0.00 sys=0.00, real=0.00 secs] 
2024-10-04T21:40:00.592+0300: 315.800: Total time for which application threads were stopped: 0.0013911 seconds, Stopping threads took: 0.0001695 seconds
2024-10-04T21:40:00.954+0300: 316.167: Application time: 0.3669797 seconds
2024-10-04T21:40:00.954+0300: 316.167: [GC (Allocation Failure) [PSYoungGen: 263100K->2336K(266240K)] 287803K->27094K(812544K), 0.0008417 secs] [Times: user=0.00 sys=0.00, real=0.00 secs] 
2024-10-04T21:40:00.954+0300: 316.168: Total time for which application threads were stopped: 0.0011181 seconds, Stopping threads took: 0.0001531 seconds
2024-10-04T21:40:01.330+0300: 316.541: Application time: 0.3730463 seconds
2024-10-04T21:40:01.330+0300: 316.541: [GC (Allocation Failure) [PSYoungGen: 261527K->5376K(266240K)] 286286K->30182K(812544K), 0.0013352 secs] [Times: user=0.00 sys=0.00, real=0.00 secs] 
2024-10-04T21:40:01.330+0300: 316.543: Total time for which application threads were stopped: 0.0016845 seconds, Stopping threads took: 0.0002009 seconds
2024-10-04T21:40:01.707+0300: 316.911: Application time: 0.3686258 seconds
2024-10-04T21:40:01.707+0300: 316.912: [GC (Allocation Failure) [PSYoungGen: 264355K->5424K(265216K)] 289162K->30246K(811520K), 0.0012037 secs] [Times: user=0.00 sys=0.00, real=0.00 secs] 
2024-10-04T21:40:01.707+0300: 316.913: Total time for which application threads were stopped: 0.0014926 seconds, Stopping threads took: 0.0001446 seconds
2024-10-04T21:40:02.084+0300: 317.285: Application time: 0.3717508 seconds
2024-10-04T21:40:02.084+0300: 317.285: [GC (Allocation Failure) [PSYoungGen: 263090K->5376K(265728K)] 287913K->30214K(812032K), 0.0013607 secs] [Times: user=0.00 sys=0.00, real=0.00 secs] 
2024-10-04T21:40:02.084+0300: 317.286: Total time for which application threads were stopped: 0.0016199 seconds, Stopping threads took: 0.0001112 seconds
2024-10-04T21:40:02.445+0300: 317.655: Application time: 0.3686186 seconds
2024-10-04T21:40:02.445+0300: 317.655: [GC (Allocation Failure) [PSYoungGen: 263047K->3408K(265728K)] 287886K->28294K(812032K), 0.0008995 secs] [Times: user=0.00 sys=0.00, real=0.00 secs] 
2024-10-04T21:40:02.445+0300: 317.656: Total time for which application threads were stopped: 0.0012460 seconds, Stopping threads took: 0.0002063 seconds
2024-10-04T21:40:02.805+0300: 318.020: Application time: 0.3641403 seconds
2024-10-04T21:40:02.805+0300: 318.021: [GC (Allocation Failure) [PSYoungGen: 261533K->5408K(265728K)] 286420K->30310K(812032K), 0.0012857 secs] [Times: user=0.02 sys=0.00, real=0.01 secs] 
2024-10-04T21:40:02.820+0300: 318.022: Total time for which application threads were stopped: 0.0015929 seconds, Stopping threads took: 0.0001481 seconds
2024-10-04T21:40:03.182+0300: 318.396: Application time: 0.3736751 seconds
2024-10-04T21:40:03.182+0300: 318.396: [GC (Allocation Failure) [PSYoungGen: 263105K->5440K(265728K)] 288008K->30358K(812032K), 0.0011105 secs] [Times: user=0.00 sys=0.00, real=0.00 secs] 
2024-10-04T21:40:03.182+0300: 318.397: Total time for which application threads were stopped: 0.0014225 seconds, Stopping threads took: 0.0001820 seconds
2024-10-04T21:40:03.558+0300: 318.763: Application time: 0.3664303 seconds
2024-10-04T21:40:03.558+0300: 318.764: [GC (Allocation Failure) [PSYoungGen: 263103K->5408K(265728K)] 288022K->30342K(812032K), 0.0012593 secs] [Times: user=0.00 sys=0.00, real=0.00 secs] 
2024-10-04T21:40:03.558+0300: 318.765: Total time for which application threads were stopped: 0.0015546 seconds, Stopping threads took: 0.0001560 seconds
2024-10-04T21:40:03.926+0300: 319.131: Application time: 0.3664153 seconds
2024-10-04T21:40:03.926+0300: 319.132: [GC (Allocation Failure) [PSYoungGen: 263451K->5408K(265728K)] 288386K->30350K(812032K), 0.0011845 secs] [Times: user=0.01 sys=0.00, real=0.00 secs] 
2024-10-04T21:40:03.931+0300: 319.133: Total time for which application threads were stopped: 0.0014519 seconds, Stopping threads took: 0.0001352 seconds
2024-10-04T21:40:04.296+0300: 319.506: Application time: 0.3733171 seconds
2024-10-04T21:40:04.296+0300: 319.506: [GC (Allocation Failure) [PSYoungGen: 263932K->3392K(265728K)] 288875K->28342K(812032K), 0.0009627 secs] [Times: user=0.00 sys=0.00, real=0.00 secs] 
2024-10-04T21:40:04.296+0300: 319.508: Total time for which application threads were stopped: 0.0013307 seconds, Stopping threads took: 0.0001799 seconds
2024-10-04T21:40:04.672+0300: 319.875: Application time: 0.3669912 seconds
2024-10-04T21:40:04.672+0300: 319.875: [GC (Allocation Failure) [PSYoungGen: 261423K->4448K(265728K)] 286373K->29406K(812032K), 0.0010480 secs] [Times: user=0.00 sys=0.00, real=0.00 secs] 
2024-10-04T21:40:04.675+0300: 319.876: Total time for which application threads were stopped: 0.0013502 seconds, Stopping threads took: 0.0001411 seconds
2024-10-04T21:40:05.033+0300: 320.242: Application time: 0.3663731 seconds
2024-10-04T21:40:05.033+0300: 320.242: [GC (Allocation Failure) [PSYoungGen: 262423K->5440K(265728K)] 287381K->30406K(812032K), 0.0012058 secs] [Times: user=0.00 sys=0.00, real=0.00 secs] 
2024-10-04T21:40:05.033+0300: 320.244: Total time for which application threads were stopped: 0.0015122 seconds, Stopping threads took: 0.0001685 seconds
2024-10-04T21:40:05.409+0300: 320.618: Application time: 0.3746619 seconds
2024-10-04T21:40:05.409+0300: 320.619: [GC (Allocation Failure) [PSYoungGen: 264000K->5456K(265728K)] 288966K->30430K(812032K), 0.0011878 secs] [Times: user=0.00 sys=0.00, real=0.01 secs] 
2024-10-04T21:40:05.419+0300: 320.620: Total time for which application threads were stopped: 0.0015481 seconds, Stopping threads took: 0.0002109 seconds
2024-10-04T21:40:05.786+0300: 320.989: Application time: 0.3686384 seconds
2024-10-04T21:40:05.786+0300: 320.989: [GC (Allocation Failure) [PSYoungGen: 264016K->5424K(265728K)] 288990K->30406K(812032K), 0.0012341 secs] [Times: user=0.00 sys=0.00, real=0.00 secs] 
2024-10-04T21:40:05.786+0300: 320.990: Total time for which application threads were stopped: 0.0015435 seconds, Stopping threads took: 0.0001650 seconds
2024-10-04T21:40:06.163+0300: 321.365: Application time: 0.3744417 seconds
2024-10-04T21:40:06.163+0300: 321.365: [GC (Allocation Failure) [PSYoungGen: 263052K->4352K(265728K)] 288035K->29382K(812032K), 0.0009501 secs] [Times: user=0.00 sys=0.00, real=0.00 secs] 
2024-10-04T21:40:06.165+0300: 321.366: Total time for which application threads were stopped: 0.0012538 seconds, Stopping threads took: 0.0001734 seconds
2024-10-04T21:40:06.524+0300: 321.730: Application time: 0.3641889 seconds
2024-10-04T21:40:06.524+0300: 321.730: [GC (Allocation Failure) [PSYoungGen: 262193K->4384K(265728K)] 287224K->29490K(812032K), 0.0010644 secs] [Times: user=0.00 sys=0.00, real=0.01 secs] 
2024-10-04T21:40:06.531+0300: 321.731: Total time for which application threads were stopped: 0.0013799 seconds, Stopping threads took: 0.0001732 seconds
2024-10-04T21:40:06.886+0300: 322.099: Application time: 0.3673481 seconds
2024-10-04T21:40:06.886+0300: 322.099: [GC (Allocation Failure) [PSYoungGen: 262201K->4320K(266240K)] 287308K->29498K(812544K), 0.0012562 secs] [Times: user=0.00 sys=0.00, real=0.00 secs] 
2024-10-04T21:40:06.886+0300: 322.100: Total time for which application threads were stopped: 0.0016548 seconds, Stopping threads took: 0.0001977 seconds
2024-10-04T21:40:07.262+0300: 322.474: Application time: 0.3735854 seconds
2024-10-04T21:40:07.262+0300: 322.474: [GC (Allocation Failure) [PSYoungGen: 263116K->4352K(265728K)] 288295K->29546K(812032K), 0.0012561 secs] [Times: user=0.00 sys=0.00, real=0.01 secs] 
2024-10-04T21:40:07.275+0300: 322.476: Total time for which application threads were stopped: 0.0016849 seconds, Stopping threads took: 0.0002587 seconds
2024-10-04T21:40:07.639+0300: 322.845: Application time: 0.3691004 seconds
2024-10-04T21:40:07.639+0300: 322.845: [GC (Allocation Failure) [PSYoungGen: 263243K->4480K(266240K)] 288437K->29682K(812544K), 0.0009782 secs] [Times: user=0.00 sys=0.00, real=0.01 secs] 
2024-10-04T21:40:07.645+0300: 322.846: Total time for which application threads were stopped: 0.0012656 seconds, Stopping threads took: 0.0001668 seconds
2024-10-04T21:40:08.001+0300: 323.215: Application time: 0.3687699 seconds
2024-10-04T21:40:08.001+0300: 323.215: [GC (Allocation Failure) [PSYoungGen: 263447K->4384K(266240K)] 288649K->29634K(812544K), 0.0010129 secs] [Times: user=0.00 sys=0.00, real=0.00 secs] 
2024-10-04T21:40:08.001+0300: 323.216: Total time for which application threads were stopped: 0.0013124 seconds, Stopping threads took: 0.0001557 seconds
2024-10-04T21:40:08.377+0300: 323.589: Application time: 0.3728093 seconds
2024-10-04T21:40:08.377+0300: 323.589: [GC (Allocation Failure) [PSYoungGen: 263171K->4448K(266752K)] 288422K->29706K(813056K), 0.0012128 secs] [Times: user=0.02 sys=0.00, real=0.01 secs] 
2024-10-04T21:40:08.389+0300: 323.591: Total time for which application threads were stopped: 0.0016176 seconds, Stopping threads took: 0.0002310 seconds
2024-10-04T21:40:08.754+0300: 323.958: Application time: 0.3677266 seconds
2024-10-04T21:40:08.754+0300: 323.959: [GC (Allocation Failure) [PSYoungGen: 264353K->4480K(266240K)] 289612K->29746K(812544K), 0.0010261 secs] [Times: user=0.00 sys=0.00, real=0.00 secs] 
2024-10-04T21:40:08.754+0300: 323.960: Total time for which application threads were stopped: 0.0013289 seconds, Stopping threads took: 0.0001742 seconds
2024-10-04T21:40:09.130+0300: 324.335: Application time: 0.3752842 seconds
2024-10-04T21:40:09.130+0300: 324.335: [GC (Allocation Failure) [PSYoungGen: 264576K->3392K(266752K)] 289842K->28666K(813056K), 0.0013934 secs] [Times: user=0.00 sys=0.00, real=0.01 secs] 
2024-10-04T21:40:09.136+0300: 324.337: Total time for which application threads were stopped: 0.0017759 seconds, Stopping threads took: 0.0002111 seconds
2024-10-04T21:40:09.491+0300: 324.706: Application time: 0.3694864 seconds
2024-10-04T21:40:09.491+0300: 324.707: [GC (Allocation Failure) [PSYoungGen: 264000K->5408K(266240K)] 289274K->30698K(812544K), 0.0012211 secs] [Times: user=0.00 sys=0.00, real=0.02 secs] 
2024-10-04T21:40:09.507+0300: 324.708: Total time for which application threads were stopped: 0.0016225 seconds, Stopping threads took: 0.0002414 seconds
2024-10-04T21:40:09.868+0300: 325.078: Application time: 0.3705985 seconds
2024-10-04T21:40:09.868+0300: 325.079: [GC (Allocation Failure) [PSYoungGen: 265329K->4464K(266752K)] 290620K->29762K(813056K), 0.0010592 secs] [Times: user=0.00 sys=0.00, real=0.00 secs] 
2024-10-04T21:40:09.868+0300: 325.080: Total time for which application threads were stopped: 0.0013222 seconds, Stopping threads took: 0.0001438 seconds
2024-10-04T21:40:10.245+0300: 325.454: Application time: 0.3737717 seconds
2024-10-04T21:40:10.245+0300: 325.454: [GC (Allocation Failure) [PSYoungGen: 264515K->5408K(266240K)] 289814K->30731K(812544K), 0.0012702 secs] [Times: user=0.00 sys=0.00, real=0.00 secs] 
2024-10-04T21:40:10.245+0300: 325.455: Total time for which application threads were stopped: 0.0016972 seconds, Stopping threads took: 0.0002516 seconds
2024-10-04T21:40:10.621+0300: 325.828: Application time: 0.3727278 seconds
2024-10-04T21:40:10.621+0300: 325.828: [GC (Allocation Failure) [PSYoungGen: 265294K->3392K(266240K)] 290617K->28722K(812544K), 0.0009318 secs] [Times: user=0.00 sys=0.00, real=0.00 secs] 
2024-10-04T21:40:10.621+0300: 325.829: Total time for which application threads were stopped: 0.0012177 seconds, Stopping threads took: 0.0001531 seconds
2024-10-04T21:40:10.983+0300: 326.195: Application time: 0.3656614 seconds
2024-10-04T21:40:10.983+0300: 326.195: [GC (Allocation Failure) [PSYoungGen: 262323K->4448K(266240K)] 287654K->29786K(812544K), 0.0009834 secs] [Times: user=0.00 sys=0.00, real=0.00 secs] 
2024-10-04T21:40:10.983+0300: 326.196: Total time for which application threads were stopped: 0.0012867 seconds, Stopping threads took: 0.0001719 seconds
2024-10-04T21:40:11.359+0300: 326.572: Application time: 0.3755353 seconds
2024-10-04T21:40:11.359+0300: 326.572: [GC (Allocation Failure) [PSYoungGen: 263021K->4384K(266752K)] 288360K->29730K(813056K), 0.0011035 secs] [Times: user=0.00 sys=0.00, real=0.00 secs] 
2024-10-04T21:40:11.359+0300: 326.573: Total time for which application threads were stopped: 0.0014179 seconds, Stopping threads took: 0.0001857 seconds
2024-10-04T21:40:11.739+0300: 326.940: Application time: 0.3667295 seconds
2024-10-04T21:40:11.739+0300: 326.940: [GC (Allocation Failure) [PSYoungGen: 264494K->5440K(266240K)] 289841K->30795K(812544K), 0.0011525 secs] [Times: user=0.00 sys=0.00, real=0.00 secs] 
2024-10-04T21:40:11.740+0300: 326.941: Total time for which application threads were stopped: 0.0014445 seconds, Stopping threads took: 0.0001500 seconds
2024-10-04T21:40:12.112+0300: 327.316: Application time: 0.3748742 seconds
2024-10-04T21:40:12.112+0300: 327.316: [GC (Allocation Failure) [PSYoungGen: 265145K->2400K(266240K)] 290499K->27762K(812544K), 0.0008287 secs] [Times: user=0.00 sys=0.00, real=0.00 secs] 
2024-10-04T21:40:12.112+0300: 327.317: Total time for which application threads were stopped: 0.0011446 seconds, Stopping threads took: 0.0001530 seconds
2024-10-04T21:40:12.473+0300: 327.685: Application time: 0.3673829 seconds
2024-10-04T21:40:12.473+0300: 327.685: [GC (Allocation Failure) [PSYoungGen: 261528K->4384K(266240K)] 286891K->29815K(812544K), 0.0010832 secs] [Times: user=0.00 sys=0.00, real=0.00 secs] 
2024-10-04T21:40:12.473+0300: 327.686: Total time for which application threads were stopped: 0.0014494 seconds, Stopping threads took: 0.0002205 seconds
2024-10-04T21:40:12.850+0300: 328.052: Application time: 0.3661176 seconds
2024-10-04T21:40:12.850+0300: 328.052: [GC (Allocation Failure) [PSYoungGen: 263447K->5440K(266240K)] 288878K->30911K(812544K), 0.0011059 secs] [Times: user=0.00 sys=0.00, real=0.00 secs] 
2024-10-04T21:40:12.850+0300: 328.054: Total time for which application threads were stopped: 0.0013743 seconds, Stopping threads took: 0.0001450 seconds
2024-10-04T21:40:13.225+0300: 328.431: Application time: 0.3776905 seconds
2024-10-04T21:40:13.225+0300: 328.432: [GC (Allocation Failure) [PSYoungGen: 265024K->4448K(266240K)] 290495K->29927K(812544K), 0.0010940 secs] [Times: user=0.00 sys=0.00, real=0.00 secs] 
2024-10-04T21:40:13.225+0300: 328.433: Total time for which application threads were stopped: 0.0014254 seconds, Stopping threads took: 0.0001757 seconds
2024-10-04T21:40:13.587+0300: 328.802: Application time: 0.3694357 seconds
2024-10-04T21:40:13.587+0300: 328.802: [GC (Allocation Failure) [PSYoungGen: 263611K->3360K(266240K)] 289090K->28919K(812544K), 0.0009751 secs] [Times: user=0.00 sys=0.00, real=0.02 secs] 
2024-10-04T21:40:13.603+0300: 328.803: Total time for which application threads were stopped: 0.0012993 seconds, Stopping threads took: 0.0001647 seconds
2024-10-04T21:40:13.969+0300: 329.170: Application time: 0.3664286 seconds
2024-10-04T21:40:13.969+0300: 329.170: [GC (Allocation Failure) [PSYoungGen: 262186K->3408K(266240K)] 287745K->29015K(812544K), 0.0010127 secs] [Times: user=0.00 sys=0.00, real=0.00 secs] 
2024-10-04T21:40:13.970+0300: 329.171: Total time for which application threads were stopped: 0.0012714 seconds, Stopping threads took: 0.0001306 seconds
2024-10-04T21:40:14.341+0300: 329.547: Application time: 0.3753197 seconds
2024-10-04T21:40:14.341+0300: 329.547: [GC (Allocation Failure) [PSYoungGen: 262992K->4448K(266752K)] 288599K->30063K(813056K), 0.0010700 secs] [Times: user=0.00 sys=0.00, real=0.00 secs] 
2024-10-04T21:40:14.346+0300: 329.548: Total time for which application threads were stopped: 0.0013319 seconds, Stopping threads took: 0.0001303 seconds
2024-10-04T21:40:14.702+0300: 329.916: Application time: 0.3680024 seconds
2024-10-04T21:40:14.702+0300: 329.916: [GC (Allocation Failure) [PSYoungGen: 264544K->3408K(266240K)] 290159K->29039K(812544K), 0.0008910 secs] [Times: user=0.00 sys=0.00, real=0.00 secs] 
2024-10-04T21:40:14.702+0300: 329.917: Total time for which application threads were stopped: 0.0012408 seconds, Stopping threads took: 0.0002266 seconds
2024-10-04T21:40:15.078+0300: 330.291: Application time: 0.3740475 seconds
2024-10-04T21:40:15.078+0300: 330.291: [GC (Allocation Failure) [PSYoungGen: 262640K->4448K(266752K)] 288272K->30095K(813056K), 0.0012621 secs] [Times: user=0.00 sys=0.00, real=0.00 secs] 
2024-10-04T21:40:15.078+0300: 330.293: Total time for which application threads were stopped: 0.0015745 seconds, Stopping threads took: 0.0001539 seconds
2024-10-04T21:40:15.455+0300: 330.658: Application time: 0.3653190 seconds
2024-10-04T21:40:15.455+0300: 330.658: [GC (Allocation Failure) [PSYoungGen: 264469K->5408K(266240K)] 290116K->31063K(812544K), 0.0012109 secs] [Times: user=0.00 sys=0.00, real=0.00 secs] 
2024-10-04T21:40:15.455+0300: 330.660: Total time for which application threads were stopped: 0.0015050 seconds, Stopping threads took: 0.0001320 seconds
2024-10-04T21:40:15.816+0300: 331.032: Application time: 0.3719732 seconds
2024-10-04T21:40:15.816+0300: 331.032: [GC (Allocation Failure) [PSYoungGen: 265480K->4480K(266752K)] 291135K->30143K(813056K), 0.0012117 secs] [Times: user=0.02 sys=0.00, real=0.02 secs] 
2024-10-04T21:40:15.831+0300: 331.035: Total time for which application threads were stopped: 0.0033371 seconds, Stopping threads took: 0.0002024 seconds
2024-10-04T21:40:16.208+0300: 331.410: Application time: 0.3749216 seconds
2024-10-04T21:40:16.208+0300: 331.410: [GC (Allocation Failure) [PSYoungGen: 264231K->5440K(266240K)] 289894K->31119K(812544K), 0.0012210 secs] [Times: user=0.00 sys=0.00, real=0.00 secs] 
2024-10-04T21:40:16.208+0300: 331.411: Total time for which application threads were stopped: 0.0015778 seconds, Stopping threads took: 0.0001642 seconds
2024-10-04T21:40:16.570+0300: 331.779: Application time: 0.3673653 seconds
2024-10-04T21:40:16.570+0300: 331.779: [GC (Allocation Failure) [PSYoungGen: 264833K->4480K(266752K)] 290512K->30167K(813056K), 0.0010089 secs] [Times: user=0.00 sys=0.00, real=0.00 secs] 
2024-10-04T21:40:16.570+0300: 331.780: Total time for which application threads were stopped: 0.0013056 seconds, Stopping threads took: 0.0001720 seconds
2024-10-04T21:40:16.930+0300: 332.145: Application time: 0.3651024 seconds
2024-10-04T21:40:16.930+0300: 332.145: [GC (Allocation Failure) [PSYoungGen: 263963K->5456K(266240K)] 289650K->31151K(812544K), 0.0012042 secs] [Times: user=0.00 sys=0.00, real=0.02 secs] 
2024-10-04T21:40:16.946+0300: 332.147: Total time for which application threads were stopped: 0.0015613 seconds, Stopping threads took: 0.0002078 seconds
2024-10-04T21:40:17.322+0300: 332.524: Application time: 0.3768001 seconds
2024-10-04T21:40:17.323+0300: 332.524: [GC (Allocation Failure) [PSYoungGen: 264637K->5472K(266240K)] 290332K->31183K(812544K), 0.0012757 secs] [Times: user=0.00 sys=0.00, real=0.00 secs] 
2024-10-04T21:40:17.324+0300: 332.525: Total time for which application threads were stopped: 0.0015641 seconds, Stopping threads took: 0.0001515 seconds
2024-10-04T21:40:17.684+0300: 332.892: Application time: 0.3669813 seconds
2024-10-04T21:40:17.684+0300: 332.892: [GC (Allocation Failure) [PSYoungGen: 264238K->5440K(266240K)] 289949K->31159K(812544K), 0.0010504 secs] [Times: user=0.00 sys=0.00, real=0.00 secs] 
2024-10-04T21:40:17.684+0300: 332.893: Total time for which application threads were stopped: 0.0013128 seconds, Stopping threads took: 0.0001273 seconds
2024-10-04T21:40:18.061+0300: 333.262: Application time: 0.3690816 seconds
2024-10-04T21:40:18.061+0300: 333.263: [GC (Allocation Failure) [PSYoungGen: 264422K->5408K(265216K)] 290141K->31167K(811520K), 0.0011217 secs] [Times: user=0.00 sys=0.00, real=0.00 secs] 
2024-10-04T21:40:18.061+0300: 333.264: Total time for which application threads were stopped: 0.0014159 seconds, Stopping threads took: 0.0001581 seconds
2024-10-04T21:40:18.421+0300: 333.636: Application time: 0.3718483 seconds
2024-10-04T21:40:18.421+0300: 333.636: [GC (Allocation Failure) [PSYoungGen: 263048K->4432K(265728K)] 288807K->30199K(812032K), 0.0011031 secs] [Times: user=0.00 sys=0.00, real=0.02 secs] 
2024-10-04T21:40:18.436+0300: 333.637: Total time for which application threads were stopped: 0.0014271 seconds, Stopping threads took: 0.0001651 seconds
2024-10-04T21:40:18.797+0300: 334.006: Application time: 0.3687938 seconds
2024-10-04T21:40:18.797+0300: 334.006: [GC (Allocation Failure) [PSYoungGen: 262992K->4464K(266240K)] 288759K->30239K(812544K), 0.0010016 secs] [Times: user=0.00 sys=0.00, real=0.00 secs] 
2024-10-04T21:40:18.797+0300: 334.007: Total time for which application threads were stopped: 0.0012829 seconds, Stopping threads took: 0.0001578 seconds
2024-10-04T21:40:19.174+0300: 334.380: Application time: 0.3727618 seconds
2024-10-04T21:40:19.174+0300: 334.380: [GC (Allocation Failure) [PSYoungGen: 263477K->4304K(266240K)] 289252K->30163K(812544K), 0.0010941 secs] [Times: user=0.00 sys=0.00, real=0.00 secs] 
2024-10-04T21:40:19.174+0300: 334.381: Total time for which application threads were stopped: 0.0014055 seconds, Stopping threads took: 0.0001310 seconds
2024-10-04T21:40:19.535+0300: 334.751: Application time: 0.3694296 seconds
2024-10-04T21:40:19.550+0300: 334.751: [GC (Allocation Failure) [PSYoungGen: 263094K->2400K(266240K)] 288954K->28267K(812544K), 0.0007469 secs] [Times: user=0.00 sys=0.00, real=0.00 secs] 
2024-10-04T21:40:19.550+0300: 334.752: Total time for which application threads were stopped: 0.0010635 seconds, Stopping threads took: 0.0001794 seconds
2024-10-04T21:40:19.911+0300: 335.117: Application time: 0.3647468 seconds
2024-10-04T21:40:19.911+0300: 335.117: [GC (Allocation Failure) [PSYoungGen: 261589K->5424K(265216K)] 287456K->31339K(811520K), 0.0011853 secs] [Times: user=0.00 sys=0.00, real=0.00 secs] 
2024-10-04T21:40:19.911+0300: 335.118: Total time for which application threads were stopped: 0.0015017 seconds, Stopping threads took: 0.0001779 seconds
2024-10-04T21:40:20.288+0300: 335.498: Application time: 0.3793965 seconds
2024-10-04T21:40:20.288+0300: 335.498: [GC (Allocation Failure) [PSYoungGen: 265008K->3376K(265728K)] 290923K->29339K(812032K), 0.0009331 secs] [Times: user=0.00 sys=0.00, real=0.00 secs] 
2024-10-04T21:40:20.288+0300: 335.499: Total time for which application threads were stopped: 0.0012327 seconds, Stopping threads took: 0.0001636 seconds
2024-10-04T21:40:20.649+0300: 335.860: Application time: 0.3613316 seconds
2024-10-04T21:40:20.660+0300: 335.860: [GC (Allocation Failure) [PSYoungGen: 261252K->5408K(265728K)] 287215K->31427K(812032K), 0.0011917 secs] [Times: user=0.00 sys=0.00, real=0.00 secs] 
2024-10-04T21:40:20.660+0300: 335.862: Total time for which application threads were stopped: 0.0015668 seconds, Stopping threads took: 0.0002328 seconds
2024-10-04T21:40:21.025+0300: 336.228: Application time: 0.3663381 seconds
2024-10-04T21:40:21.025+0300: 336.228: [GC (Allocation Failure) [PSYoungGen: 263968K->5440K(265728K)] 289987K->31475K(812032K), 0.0010533 secs] [Times: user=0.00 sys=0.00, real=0.00 secs] 
2024-10-04T21:40:21.025+0300: 336.229: Total time for which application threads were stopped: 0.0013078 seconds, Stopping threads took: 0.0001272 seconds
2024-10-04T21:40:21.402+0300: 336.605: Application time: 0.3758929 seconds
2024-10-04T21:40:21.402+0300: 336.606: [GC (Allocation Failure) [PSYoungGen: 263121K->4384K(265728K)] 289156K->30427K(812032K), 0.0010248 secs] [Times: user=0.00 sys=0.00, real=0.00 secs] 
2024-10-04T21:40:21.402+0300: 336.607: Total time for which application threads were stopped: 0.0013531 seconds, Stopping threads took: 0.0001831 seconds
2024-10-04T21:40:21.763+0300: 336.969: Application time: 0.3627938 seconds
2024-10-04T21:40:21.763+0300: 336.970: [GC (Allocation Failure) [PSYoungGen: 262229K->4400K(266240K)] 288272K->30451K(812544K), 0.0013077 secs] [Times: user=0.00 sys=0.00, real=0.00 secs] 
2024-10-04T21:40:21.763+0300: 336.971: Total time for which application threads were stopped: 0.0016259 seconds, Stopping threads took: 0.0001785 seconds
2024-10-04T21:40:22.140+0300: 337.346: Application time: 0.3749741 seconds
2024-10-04T21:40:22.140+0300: 337.346: [GC (Allocation Failure) [PSYoungGen: 263340K->4448K(265728K)] 289391K->30507K(812032K), 0.0009686 secs] [Times: user=0.00 sys=0.00, real=0.00 secs] 
2024-10-04T21:40:22.140+0300: 337.347: Total time for which application threads were stopped: 0.0012797 seconds, Stopping threads took: 0.0001818 seconds
2024-10-04T21:40:22.501+0300: 337.714: Application time: 0.3670880 seconds
2024-10-04T21:40:22.501+0300: 337.715: [GC (Allocation Failure) [PSYoungGen: 263338K->4480K(266240K)] 289397K->30547K(812544K), 0.0011051 secs] [Times: user=0.00 sys=0.00, real=0.00 secs] 
2024-10-04T21:40:22.501+0300: 337.716: Total time for which application threads were stopped: 0.0014666 seconds, Stopping threads took: 0.0002223 seconds
2024-10-04T21:40:22.878+0300: 338.086: Application time: 0.3698201 seconds
2024-10-04T21:40:22.878+0300: 338.086: [GC (Allocation Failure) [PSYoungGen: 263258K->4448K(266240K)] 289325K->30523K(812544K), 0.0010087 secs] [Times: user=0.00 sys=0.00, real=0.00 secs] 
2024-10-04T21:40:22.878+0300: 338.087: Total time for which application threads were stopped: 0.0012672 seconds, Stopping threads took: 0.0001375 seconds
2024-10-04T21:40:23.254+0300: 338.462: Application time: 0.3748501 seconds
2024-10-04T21:40:23.254+0300: 338.462: [GC (Allocation Failure) [PSYoungGen: 263397K->5424K(265728K)] 289472K->31507K(812032K), 0.0011515 secs] [Times: user=0.00 sys=0.00, real=0.00 secs] 
2024-10-04T21:40:23.254+0300: 338.463: Total time for which application threads were stopped: 0.0014643 seconds, Stopping threads took: 0.0001819 seconds
2024-10-04T21:40:23.615+0300: 338.829: Application time: 0.3657538 seconds
2024-10-04T21:40:23.615+0300: 338.829: [GC (Allocation Failure) [PSYoungGen: 264036K->3440K(266240K)] 290119K->29531K(812544K), 0.0009475 secs] [Times: user=0.00 sys=0.00, real=0.00 secs] 
2024-10-04T21:40:23.615+0300: 338.830: Total time for which application threads were stopped: 0.0012996 seconds, Stopping threads took: 0.0002078 seconds
2024-10-04T21:40:23.992+0300: 339.197: Application time: 0.3669072 seconds
2024-10-04T21:40:23.992+0300: 339.197: [GC (Allocation Failure) [PSYoungGen: 262537K->5456K(266240K)] 288628K->31555K(812544K), 0.0010679 secs] [Times: user=0.00 sys=0.00, real=0.00 secs] 
2024-10-04T21:40:23.992+0300: 339.199: Total time for which application threads were stopped: 0.0013930 seconds, Stopping threads took: 0.0001863 seconds
2024-10-04T21:40:24.369+0300: 339.575: Application time: 0.3766883 seconds
2024-10-04T21:40:24.369+0300: 339.576: [GC (Allocation Failure) [PSYoungGen: 264026K->3376K(266240K)] 290125K->29523K(812544K), 0.0007494 secs] [Times: user=0.00 sys=0.00, real=0.00 secs] 
2024-10-04T21:40:24.369+0300: 339.576: Total time for which application threads were stopped: 0.0010655 seconds, Stopping threads took: 0.0001934 seconds
2024-10-04T21:40:24.730+0300: 339.940: Application time: 0.3633872 seconds
2024-10-04T21:40:24.730+0300: 339.940: [GC (Allocation Failure) [PSYoungGen: 262371K->5424K(266240K)] 288519K->31579K(812544K), 0.0011397 secs] [Times: user=0.00 sys=0.00, real=0.00 secs] 
2024-10-04T21:40:24.730+0300: 339.941: Total time for which application threads were stopped: 0.0014609 seconds, Stopping threads took: 0.0001584 seconds
2024-10-04T21:40:25.106+0300: 340.315: Application time: 0.3742318 seconds
2024-10-04T21:40:25.106+0300: 340.316: [GC (Allocation Failure) [PSYoungGen: 264500K->3360K(266240K)] 290655K->29523K(812544K), 0.0008359 secs] [Times: user=0.00 sys=0.00, real=0.00 secs] 
2024-10-04T21:40:25.106+0300: 340.317: Total time for which application threads were stopped: 0.0010918 seconds, Stopping threads took: 0.0001106 seconds
2024-10-04T21:40:25.470+0300: 340.683: Application time: 0.3659522 seconds
2024-10-04T21:40:25.470+0300: 340.683: [GC (Allocation Failure) [PSYoungGen: 262180K->5344K(265216K)] 288343K->31587K(811520K), 0.0012088 secs] [Times: user=0.00 sys=0.00, real=0.00 secs] 
2024-10-04T21:40:25.470+0300: 340.684: Total time for which application threads were stopped: 0.0015134 seconds, Stopping threads took: 0.0001517 seconds
2024-10-04T21:40:25.845+0300: 341.048: Application time: 0.3643524 seconds
2024-10-04T21:40:25.845+0300: 341.049: [GC (Allocation Failure) [PSYoungGen: 263214K->5440K(265728K)] 289457K->31723K(812032K), 0.0012017 secs] [Times: user=0.00 sys=0.00, real=0.00 secs] 
2024-10-04T21:40:25.845+0300: 341.050: Total time for which application threads were stopped: 0.0015262 seconds, Stopping threads took: 0.0001804 seconds
2024-10-04T21:40:26.221+0300: 341.431: Application time: 0.3808068 seconds
2024-10-04T21:40:26.221+0300: 341.431: [GC (Allocation Failure) [PSYoungGen: 264000K->3392K(265728K)] 290283K->29691K(812032K), 0.0007186 secs] [Times: user=0.00 sys=0.00, real=0.00 secs] 
2024-10-04T21:40:26.221+0300: 341.432: Total time for which application threads were stopped: 0.0009835 seconds, Stopping threads took: 0.0001266 seconds
2024-10-04T21:40:26.581+0300: 341.793: Application time: 0.3613333 seconds
2024-10-04T21:40:26.581+0300: 341.793: [GC (Allocation Failure) [PSYoungGen: 261128K->5376K(265728K)] 287428K->31715K(812032K), 0.0011875 secs] [Times: user=0.00 sys=0.00, real=0.00 secs] 
2024-10-04T21:40:26.581+0300: 341.795: Total time for which application threads were stopped: 0.0015376 seconds, Stopping threads took: 0.0001857 seconds
2024-10-04T21:40:26.958+0300: 342.159: Application time: 0.3646792 seconds
2024-10-04T21:40:26.958+0300: 342.159: [GC (Allocation Failure) [PSYoungGen: 263554K->5408K(265728K)] 289893K->31803K(812032K), 0.0011677 secs] [Times: user=0.00 sys=0.00, real=0.00 secs] 
2024-10-04T21:40:26.958+0300: 342.161: Total time for which application threads were stopped: 0.0014797 seconds, Stopping threads took: 0.0001531 seconds
2024-10-04T21:40:27.334+0300: 342.541: Application time: 0.3799379 seconds
2024-10-04T21:40:27.334+0300: 342.541: [GC (Allocation Failure) [PSYoungGen: 263117K->3424K(265728K)] 289512K->29827K(812032K), 0.0009600 secs] [Times: user=0.00 sys=0.00, real=0.00 secs] 
2024-10-04T21:40:27.334+0300: 342.542: Total time for which application threads were stopped: 0.0013790 seconds, Stopping threads took: 0.0002574 seconds
2024-10-04T21:40:27.696+0300: 342.904: Application time: 0.3616760 seconds
2024-10-04T21:40:27.696+0300: 342.904: [GC (Allocation Failure) [PSYoungGen: 261124K->5440K(265728K)] 287528K->31867K(812032K), 0.0011986 secs] [Times: user=0.00 sys=0.00, real=0.00 secs] 
2024-10-04T21:40:27.696+0300: 342.905: Total time for which application threads were stopped: 0.0014948 seconds, Stopping threads took: 0.0001544 seconds
2024-10-04T21:40:28.072+0300: 343.274: Application time: 0.3690419 seconds
2024-10-04T21:40:28.072+0300: 343.275: [GC (Allocation Failure) [PSYoungGen: 263466K->4384K(265728K)] 289894K->30835K(812032K), 0.0011428 secs] [Times: user=0.00 sys=0.00, real=0.00 secs] 
2024-10-04T21:40:28.075+0300: 343.276: Total time for which application threads were stopped: 0.0014731 seconds, Stopping threads took: 0.0001433 seconds
2024-10-04T21:40:28.433+0300: 343.649: Application time: 0.3733535 seconds
2024-10-04T21:40:28.449+0300: 343.649: [GC (Allocation Failure) [PSYoungGen: 262944K->4448K(265728K)] 289395K->30907K(812032K), 0.0010576 secs] [Times: user=0.00 sys=0.00, real=0.00 secs] 
2024-10-04T21:40:28.449+0300: 343.650: Total time for which application threads were stopped: 0.0013712 seconds, Stopping threads took: 0.0001543 seconds
2024-10-04T21:40:28.810+0300: 344.011: Application time: 0.3602445 seconds
2024-10-04T21:40:28.810+0300: 344.011: [GC (Allocation Failure) [PSYoungGen: 262317K->5424K(265728K)] 288776K->31891K(812032K), 0.0011828 secs] [Times: user=0.00 sys=0.00, real=0.00 secs] 
2024-10-04T21:40:28.810+0300: 344.012: Total time for which application threads were stopped: 0.0014943 seconds, Stopping threads took: 0.0001694 seconds
2024-10-04T21:40:29.186+0300: 344.389: Application time: 0.3763107 seconds
2024-10-04T21:40:29.186+0300: 344.389: [GC (Allocation Failure) [PSYoungGen: 263105K->4480K(266240K)] 289572K->30955K(812544K), 0.0009648 secs] [Times: user=0.00 sys=0.00, real=0.00 secs] 
2024-10-04T21:40:29.186+0300: 344.390: Total time for which application threads were stopped: 0.0012434 seconds, Stopping threads took: 0.0001542 seconds
2024-10-04T21:40:29.548+0300: 344.759: Application time: 0.3694627 seconds
2024-10-04T21:40:29.548+0300: 344.759: [GC (Allocation Failure) [PSYoungGen: 263552K->3424K(265728K)] 290027K->29907K(812032K), 0.0019654 secs] [Times: user=0.00 sys=0.00, real=0.00 secs] 
2024-10-04T21:40:29.548+0300: 344.762: Total time for which application threads were stopped: 0.0022700 seconds, Stopping threads took: 0.0001750 seconds
2024-10-04T21:40:29.924+0300: 345.127: Application time: 0.3659055 seconds
2024-10-04T21:40:29.924+0300: 345.128: [GC (Allocation Failure) [PSYoungGen: 261499K->3408K(266240K)] 287982K->29899K(812544K), 0.0008557 secs] [Times: user=0.00 sys=0.00, real=0.00 secs] 
2024-10-04T21:40:29.924+0300: 345.129: Total time for which application threads were stopped: 0.0011487 seconds, Stopping threads took: 0.0001546 seconds
2024-10-04T21:40:30.301+0300: 345.506: Application time: 0.3769257 seconds
2024-10-04T21:40:30.301+0300: 345.506: [GC (Allocation Failure) [PSYoungGen: 262992K->3392K(266240K)] 289483K->29891K(812544K), 0.0009577 secs] [Times: user=0.00 sys=0.00, real=0.00 secs] 
2024-10-04T21:40:30.301+0300: 345.507: Total time for which application threads were stopped: 0.0012352 seconds, Stopping threads took: 0.0001272 seconds
2024-10-04T21:40:30.662+0300: 345.872: Application time: 0.3651260 seconds
2024-10-04T21:40:30.662+0300: 345.872: [GC (Allocation Failure) [PSYoungGen: 262714K->4416K(266240K)] 289213K->30947K(812544K), 0.0009659 secs] [Times: user=0.00 sys=0.00, real=0.00 secs] 
2024-10-04T21:40:30.662+0300: 345.873: Total time for which application threads were stopped: 0.0012968 seconds, Stopping threads took: 0.0001951 seconds
2024-10-04T21:40:31.038+0300: 346.243: Application time: 0.3697695 seconds
2024-10-04T21:40:31.038+0300: 346.243: [GC (Allocation Failure) [PSYoungGen: 263960K->5472K(266240K)] 290492K->32011K(812544K), 0.0011032 secs] [Times: user=0.00 sys=0.00, real=0.00 secs] 
2024-10-04T21:40:31.038+0300: 346.244: Total time for which application threads were stopped: 0.0013884 seconds, Stopping threads took: 0.0001544 seconds
2024-10-04T21:40:31.399+0300: 346.614: Application time: 0.3701251 seconds
2024-10-04T21:40:31.399+0300: 346.615: [GC (Allocation Failure) [PSYoungGen: 264442K->5344K(265216K)] 290982K->31987K(811520K), 0.0014034 secs] [Times: user=0.02 sys=0.00, real=0.02 secs] 
2024-10-04T21:40:31.414+0300: 346.616: Total time for which application threads were stopped: 0.0018096 seconds, Stopping threads took: 0.0002079 seconds
2024-10-04T21:40:31.776+0300: 346.983: Application time: 0.3666861 seconds
2024-10-04T21:40:31.776+0300: 346.983: [GC (Allocation Failure) [PSYoungGen: 263185K->5408K(265728K)] 289829K->32059K(812032K), 0.0010965 secs] [Times: user=0.00 sys=0.00, real=0.01 secs] 
2024-10-04T21:40:31.783+0300: 346.984: Total time for which application threads were stopped: 0.0014185 seconds, Stopping threads took: 0.0001743 seconds
2024-10-04T21:40:32.152+0300: 347.358: Application time: 0.3736070 seconds
2024-10-04T21:40:32.152+0300: 347.358: [GC (Allocation Failure) [PSYoungGen: 263924K->4448K(266240K)] 290576K->31107K(812544K), 0.0009218 secs] [Times: user=0.00 sys=0.00, real=0.00 secs] 
2024-10-04T21:40:32.152+0300: 347.359: Total time for which application threads were stopped: 0.0012377 seconds, Stopping threads took: 0.0001718 seconds
2024-10-04T21:40:32.514+0300: 347.725: Application time: 0.3654513 seconds
2024-10-04T21:40:32.514+0300: 347.725: [GC (Allocation Failure) [PSYoungGen: 262503K->5408K(265728K)] 289162K->32123K(812032K), 0.0013333 secs] [Times: user=0.00 sys=0.00, real=0.00 secs] 
2024-10-04T21:40:32.514+0300: 347.726: Total time for which application threads were stopped: 0.0016792 seconds, Stopping threads took: 0.0001978 seconds
2024-10-04T21:40:32.890+0300: 348.100: Application time: 0.3734831 seconds
2024-10-04T21:40:32.890+0300: 348.100: [GC (Allocation Failure) [PSYoungGen: 264480K->3456K(265728K)] 291195K->30179K(812032K), 0.0008724 secs] [Times: user=0.00 sys=0.00, real=0.00 secs] 
2024-10-04T21:40:32.890+0300: 348.101: Total time for which application threads were stopped: 0.0011615 seconds, Stopping threads took: 0.0001533 seconds
2024-10-04T21:40:33.267+0300: 348.473: Application time: 0.3720541 seconds
2024-10-04T21:40:33.267+0300: 348.473: [GC (Allocation Failure) [PSYoungGen: 261987K->4448K(265728K)] 288710K->31211K(812032K), 0.0011282 secs] [Times: user=0.00 sys=0.00, real=0.00 secs] 
2024-10-04T21:40:33.267+0300: 348.475: Total time for which application threads were stopped: 0.0014467 seconds, Stopping threads took: 0.0001874 seconds
2024-10-04T21:40:33.628+0300: 348.838: Application time: 0.3638929 seconds
2024-10-04T21:40:33.628+0300: 348.839: [GC (Allocation Failure) [PSYoungGen: 262233K->5424K(266240K)] 288997K->32203K(812544K), 0.0011650 secs] [Times: user=0.00 sys=0.00, real=0.00 secs] 
2024-10-04T21:40:33.628+0300: 348.840: Total time for which application threads were stopped: 0.0014570 seconds, Stopping threads took: 0.0001647 seconds
2024-10-04T21:40:34.004+0300: 349.209: Application time: 0.3686743 seconds
2024-10-04T21:40:34.004+0300: 349.209: [GC (Allocation Failure) [PSYoungGen: 264432K->4448K(266240K)] 291211K->31235K(812544K), 0.0010862 secs] [Times: user=0.00 sys=0.00, real=0.00 secs] 
2024-10-04T21:40:34.004+0300: 349.210: Total time for which application threads were stopped: 0.0013936 seconds, Stopping threads took: 0.0001610 seconds
2024-10-04T21:40:34.381+0300: 349.582: Application time: 0.3718344 seconds
2024-10-04T21:40:34.381+0300: 349.582: [GC (Allocation Failure) [PSYoungGen: 263269K->5424K(266240K)] 290057K->32227K(812544K), 0.0012908 secs] [Times: user=0.00 sys=0.00, real=0.00 secs] 
2024-10-04T21:40:34.381+0300: 349.584: Total time for which application threads were stopped: 0.0017369 seconds, Stopping threads took: 0.0002741 seconds
2024-10-04T21:40:34.742+0300: 349.956: Application time: 0.3728268 seconds
2024-10-04T21:40:34.742+0300: 349.957: [GC (Allocation Failure) [PSYoungGen: 265008K->4448K(266240K)] 291811K->31259K(812544K), 0.0010634 secs] [Times: user=0.00 sys=0.00, real=0.00 secs] 
2024-10-04T21:40:34.742+0300: 349.958: Total time for which application threads were stopped: 0.0014038 seconds, Stopping threads took: 0.0001888 seconds
2024-10-04T21:40:35.119+0300: 350.332: Application time: 0.3738594 seconds
2024-10-04T21:40:35.119+0300: 350.332: [GC (Allocation Failure) [PSYoungGen: 263260K->3392K(266240K)] 290072K->30219K(812544K), 0.0010418 secs] [Times: user=0.00 sys=0.00, real=0.00 secs] 
2024-10-04T21:40:35.119+0300: 350.333: Total time for which application threads were stopped: 0.0013881 seconds, Stopping threads took: 0.0001697 seconds
2024-10-04T21:40:35.495+0300: 350.700: Application time: 0.3673765 seconds
2024-10-04T21:40:35.495+0300: 350.701: [GC (Allocation Failure) [PSYoungGen: 262335K->4464K(266240K)] 289163K->31299K(812544K), 0.0009952 secs] [Times: user=0.00 sys=0.00, real=0.00 secs] 
2024-10-04T21:40:35.495+0300: 350.702: Total time for which application threads were stopped: 0.0013144 seconds, Stopping threads took: 0.0001778 seconds
2024-10-04T21:40:35.856+0300: 351.066: Application time: 0.3646934 seconds
2024-10-04T21:40:35.856+0300: 351.067: [GC (Allocation Failure) [PSYoungGen: 263280K->5440K(266240K)] 290116K->32283K(812544K), 0.0011368 secs] [Times: user=0.00 sys=0.00, real=0.00 secs] 
2024-10-04T21:40:35.856+0300: 351.068: Total time for which application threads were stopped: 0.0014771 seconds, Stopping threads took: 0.0002009 seconds
2024-10-04T21:40:36.232+0300: 351.443: Application time: 0.3755978 seconds
2024-10-04T21:40:36.232+0300: 351.444: [GC (Allocation Failure) [PSYoungGen: 264539K->5456K(266240K)] 291383K->32315K(812544K), 0.0012229 secs] [Times: user=0.00 sys=0.00, real=0.00 secs] 
2024-10-04T21:40:36.232+0300: 351.445: Total time for which application threads were stopped: 0.0017286 seconds, Stopping threads took: 0.0003447 seconds
2024-10-04T21:40:36.608+0300: 351.814: Application time: 0.3691307 seconds
2024-10-04T21:40:36.608+0300: 351.815: [GC (Allocation Failure) [PSYoungGen: 265033K->4448K(266240K)] 291893K->31315K(812544K), 0.0010600 secs] [Times: user=0.00 sys=0.00, real=0.00 secs] 
2024-10-04T21:40:36.608+0300: 351.816: Total time for which application threads were stopped: 0.0013454 seconds, Stopping threads took: 0.0001551 seconds
2024-10-04T21:40:36.969+0300: 352.181: Application time: 0.3656032 seconds
2024-10-04T21:40:36.969+0300: 352.182: [GC (Allocation Failure) [PSYoungGen: 263418K->5408K(266240K)] 290286K->32323K(812544K), 0.0011806 secs] [Times: user=0.00 sys=0.00, real=0.00 secs] 
2024-10-04T21:40:36.969+0300: 352.183: Total time for which application threads were stopped: 0.0014704 seconds, Stopping threads took: 0.0001361 seconds
2024-10-04T21:40:37.361+0300: 352.562: Application time: 0.3795903 seconds
2024-10-04T21:40:37.361+0300: 352.563: [GC (Allocation Failure) [PSYoungGen: 264992K->4416K(266240K)] 291907K->31363K(812544K), 0.0010903 secs] [Times: user=0.00 sys=0.00, real=0.00 secs] 
2024-10-04T21:40:37.361+0300: 352.564: Total time for which application threads were stopped: 0.0013552 seconds, Stopping threads took: 0.0001243 seconds
2024-10-04T21:40:37.723+0300: 352.931: Application time: 0.3671453 seconds
2024-10-04T21:40:37.723+0300: 352.931: [GC (Allocation Failure) [PSYoungGen: 263432K->4400K(266240K)] 290379K->31423K(812544K), 0.0009193 secs] [Times: user=0.00 sys=0.00, real=0.00 secs] 
2024-10-04T21:40:37.723+0300: 352.932: Total time for which application threads were stopped: 0.0012086 seconds, Stopping threads took: 0.0001374 seconds
2024-10-04T21:40:38.099+0300: 353.304: Application time: 0.3719319 seconds
2024-10-04T21:40:38.099+0300: 353.304: [GC (Allocation Failure) [PSYoungGen: 263984K->4432K(266240K)] 291007K->31471K(812544K), 0.0011107 secs] [Times: user=0.00 sys=0.00, real=0.00 secs] 
2024-10-04T21:40:38.099+0300: 353.305: Total time for which application threads were stopped: 0.0013777 seconds, Stopping threads took: 0.0001007 seconds
2024-10-04T21:40:38.476+0300: 353.677: Application time: 0.3712193 seconds
2024-10-04T21:40:38.476+0300: 353.677: [GC (Allocation Failure) [PSYoungGen: 263280K->5392K(266240K)] 290320K->32487K(812544K), 0.0011134 secs] [Times: user=0.00 sys=0.00, real=0.00 secs] 
2024-10-04T21:40:38.476+0300: 353.678: Total time for which application threads were stopped: 0.0015593 seconds, Stopping threads took: 0.0002510 seconds
2024-10-04T21:40:38.837+0300: 354.043: Application time: 0.3652517 seconds
2024-10-04T21:40:38.837+0300: 354.044: [GC (Allocation Failure) [PSYoungGen: 264369K->5440K(266240K)] 291465K->32543K(812544K), 0.0011595 secs] [Times: user=0.00 sys=0.00, real=0.00 secs] 
2024-10-04T21:40:38.837+0300: 354.045: Total time for which application threads were stopped: 0.0014457 seconds, Stopping threads took: 0.0001493 seconds
2024-10-04T21:40:39.214+0300: 354.419: Application time: 0.3744748 seconds
2024-10-04T21:40:39.214+0300: 354.420: [GC (Allocation Failure) [PSYoungGen: 264308K->4464K(266240K)] 291412K->31575K(812544K), 0.0011213 secs] [Times: user=0.00 sys=0.00, real=0.00 secs] 
2024-10-04T21:40:39.214+0300: 354.421: Total time for which application threads were stopped: 0.0014394 seconds, Stopping threads took: 0.0001436 seconds
2024-10-04T21:40:39.575+0300: 354.790: Application time: 0.3694499 seconds
2024-10-04T21:40:39.575+0300: 354.791: [GC (Allocation Failure) [PSYoungGen: 263448K->5472K(266240K)] 290560K->32591K(812544K), 0.0013293 secs] [Times: user=0.02 sys=0.00, real=0.01 secs] 
2024-10-04T21:40:39.590+0300: 354.792: Total time for which application threads were stopped: 0.0016869 seconds, Stopping threads took: 0.0002163 seconds
2024-10-04T21:40:39.952+0300: 355.159: Application time: 0.3666245 seconds
2024-10-04T21:40:39.952+0300: 355.159: [GC (Allocation Failure) [PSYoungGen: 264240K->5376K(266240K)] 291360K->32536K(812544K), 0.0013245 secs] [Times: user=0.00 sys=0.00, real=0.00 secs] 
2024-10-04T21:40:39.952+0300: 355.160: Total time for which application threads were stopped: 0.0016228 seconds, Stopping threads took: 0.0001633 seconds
2024-10-04T21:40:40.329+0300: 355.539: Application time: 0.3788310 seconds
2024-10-04T21:40:40.329+0300: 355.539: [GC (Allocation Failure) [PSYoungGen: 264509K->5440K(266240K)] 291669K->32615K(812544K), 0.0012601 secs] [Times: user=0.00 sys=0.00, real=0.00 secs] 
2024-10-04T21:40:40.329+0300: 355.541: Total time for which application threads were stopped: 0.0016835 seconds, Stopping threads took: 0.0002121 seconds
2024-10-04T21:40:40.706+0300: 355.912: Application time: 0.3715366 seconds
2024-10-04T21:40:40.706+0300: 355.913: [GC (Allocation Failure) [PSYoungGen: 264948K->5408K(266240K)] 292124K->32599K(812544K), 0.0012478 secs] [Times: user=0.00 sys=0.00, real=0.00 secs] 
2024-10-04T21:40:40.706+0300: 355.914: Total time for which application threads were stopped: 0.0016362 seconds, Stopping threads took: 0.0002210 seconds
2024-10-04T21:40:41.082+0300: 356.287: Application time: 0.3727225 seconds
2024-10-04T21:40:41.082+0300: 356.287: [GC (Allocation Failure) [PSYoungGen: 264692K->4384K(266240K)] 291883K->31583K(812544K), 0.0013621 secs] [Times: user=0.00 sys=0.00, real=0.00 secs] 
2024-10-04T21:40:41.082+0300: 356.288: Total time for which application threads were stopped: 0.0016490 seconds, Stopping threads took: 0.0001344 seconds
2024-10-04T21:40:41.443+0300: 356.659: Application time: 0.3706995 seconds
2024-10-04T21:40:41.443+0300: 356.659: [GC (Allocation Failure) [PSYoungGen: 262988K->5376K(266240K)] 290188K->32599K(812544K), 0.0014438 secs] [Times: user=0.02 sys=0.00, real=0.02 secs] 
2024-10-04T21:40:41.459+0300: 356.661: Total time for which application threads were stopped: 0.0018151 seconds, Stopping threads took: 0.0002093 seconds
2024-10-04T21:40:41.820+0300: 357.027: Application time: 0.3661596 seconds
2024-10-04T21:40:41.820+0300: 357.027: [GC (Allocation Failure) [PSYoungGen: 264343K->5440K(266240K)] 291567K->32679K(812544K), 0.0011853 secs] [Times: user=0.00 sys=0.00, real=0.00 secs] 
2024-10-04T21:40:41.820+0300: 357.028: Total time for which application threads were stopped: 0.0014603 seconds, Stopping threads took: 0.0001430 seconds
2024-10-04T21:40:42.197+0300: 357.404: Application time: 0.3754131 seconds
2024-10-04T21:40:42.197+0300: 357.404: [GC (Allocation Failure) [PSYoungGen: 264402K->5456K(266240K)] 291642K->32703K(812544K), 0.0011464 secs] [Times: user=0.00 sys=0.00, real=0.01 secs] 
2024-10-04T21:40:42.204+0300: 357.405: Total time for which application threads were stopped: 0.0014526 seconds, Stopping threads took: 0.0001759 seconds
2024-10-04T21:40:42.573+0300: 357.775: Application time: 0.3700005 seconds
2024-10-04T21:40:42.573+0300: 357.776: [GC (Allocation Failure) [PSYoungGen: 264197K->4416K(266240K)] 291445K->31679K(812544K), 0.0010059 secs] [Times: user=0.00 sys=0.00, real=0.00 secs] 
2024-10-04T21:40:42.573+0300: 357.777: Total time for which application threads were stopped: 0.0013313 seconds, Stopping threads took: 0.0001865 seconds
2024-10-04T21:40:42.950+0300: 358.151: Application time: 0.3748639 seconds
2024-10-04T21:40:42.950+0300: 358.152: [GC (Allocation Failure) [PSYoungGen: 263374K->4416K(266240K)] 290638K->31719K(812544K), 0.0010567 secs] [Times: user=0.00 sys=0.00, real=0.00 secs] 
2024-10-04T21:40:42.950+0300: 358.153: Total time for which application threads were stopped: 0.0014527 seconds, Stopping threads took: 0.0002151 seconds
2024-10-04T21:40:43.326+0300: 358.537: Application time: 0.3836563 seconds
2024-10-04T21:40:43.326+0300: 358.537: [GC (Allocation Failure) [PSYoungGen: 264000K->2400K(265216K)] 291303K->29720K(811520K), 0.0008588 secs] [Times: user=0.00 sys=0.00, real=0.00 secs] 
2024-10-04T21:40:43.326+0300: 358.538: Total time for which application threads were stopped: 0.0011598 seconds, Stopping threads took: 0.0001550 seconds
2024-10-04T21:40:43.703+0300: 358.904: Application time: 0.3659618 seconds
2024-10-04T21:40:43.703+0300: 358.904: [GC (Allocation Failure) [PSYoungGen: 260222K->4384K(265728K)] 287541K->31780K(812032K), 0.0010685 secs] [Times: user=0.00 sys=0.00, real=0.00 secs] 
2024-10-04T21:40:43.703+0300: 358.905: Total time for which application threads were stopped: 0.0013204 seconds, Stopping threads took: 0.0000866 seconds
2024-10-04T21:40:44.079+0300: 359.288: Application time: 0.3833841 seconds
2024-10-04T21:40:44.079+0300: 359.289: [GC (Allocation Failure) [PSYoungGen: 261995K->3424K(266240K)] 289391K->30828K(812544K), 0.0010026 secs] [Times: user=0.00 sys=0.00, real=0.00 secs] 
2024-10-04T21:40:44.079+0300: 359.290: Total time for which application threads were stopped: 0.0012774 seconds, Stopping threads took: 0.0001253 seconds
2024-10-04T21:40:44.457+0300: 359.664: Application time: 0.3744131 seconds
2024-10-04T21:40:44.457+0300: 359.664: [GC (Allocation Failure) [PSYoungGen: 262646K->3312K(266240K)] 290050K->30796K(812544K), 0.0009489 secs] [Times: user=0.00 sys=0.00, real=0.00 secs] 
2024-10-04T21:40:44.457+0300: 359.665: Total time for which application threads were stopped: 0.0012376 seconds, Stopping threads took: 0.0001456 seconds
2024-10-04T21:40:44.833+0300: 360.035: Application time: 0.3698913 seconds
2024-10-04T21:40:44.833+0300: 360.035: [GC (Allocation Failure) [PSYoungGen: 262896K->4496K(266240K)] 290380K->31988K(812544K), 0.0010520 secs] [Times: user=0.02 sys=0.00, real=0.00 secs] 
2024-10-04T21:40:44.833+0300: 360.037: Total time for which application threads were stopped: 0.0013339 seconds, Stopping threads took: 0.0001371 seconds
2024-10-04T21:40:45.211+0300: 360.412: Application time: 0.3749752 seconds
2024-10-04T21:40:45.211+0300: 360.412: [GC (Allocation Failure) [PSYoungGen: 263248K->4416K(266240K)] 290740K->31916K(812544K), 0.0011233 secs] [Times: user=0.00 sys=0.00, real=0.00 secs] 
2024-10-04T21:40:45.211+0300: 360.413: Total time for which application threads were stopped: 0.0013785 seconds, Stopping threads took: 0.0001000 seconds
2024-10-04T21:40:45.571+0300: 360.783: Application time: 0.3704404 seconds
2024-10-04T21:40:45.571+0300: 360.784: [GC (Allocation Failure) [PSYoungGen: 263705K->3408K(266240K)] 291205K->30916K(812544K), 0.0009081 secs] [Times: user=0.00 sys=0.00, real=0.00 secs] 
2024-10-04T21:40:45.571+0300: 360.785: Total time for which application threads were stopped: 0.0012129 seconds, Stopping threads took: 0.0001646 seconds
2024-10-04T21:40:45.948+0300: 361.152: Application time: 0.3675196 seconds
2024-10-04T21:40:45.948+0300: 361.152: [GC (Allocation Failure) [PSYoungGen: 262992K->4448K(266240K)] 290500K->31964K(812544K), 0.0010921 secs] [Times: user=0.00 sys=0.00, real=0.00 secs] 
2024-10-04T21:40:45.948+0300: 361.154: Total time for which application threads were stopped: 0.0015093 seconds, Stopping threads took: 0.0002788 seconds
2024-10-04T21:40:46.324+0300: 361.535: Application time: 0.3809343 seconds
2024-10-04T21:40:46.324+0300: 361.535: [GC (Allocation Failure) [PSYoungGen: 263752K->5408K(265728K)] 291268K->32964K(812032K), 0.0012689 secs] [Times: user=0.00 sys=0.00, real=0.00 secs] 
2024-10-04T21:40:46.324+0300: 361.536: Total time for which application threads were stopped: 0.0015674 seconds, Stopping threads took: 0.0001393 seconds
2024-10-04T21:40:46.701+0300: 361.907: Application time: 0.3704225 seconds
2024-10-04T21:40:46.701+0300: 361.907: [GC (Allocation Failure) [PSYoungGen: 264922K->3440K(266240K)] 292478K->31004K(812544K), 0.0008799 secs] [Times: user=0.00 sys=0.00, real=0.00 secs] 
2024-10-04T21:40:46.701+0300: 361.908: Total time for which application threads were stopped: 0.0011591 seconds, Stopping threads took: 0.0001456 seconds
2024-10-04T21:40:47.062+0300: 362.277: Application time: 0.3688265 seconds
2024-10-04T21:40:47.062+0300: 362.277: [GC (Allocation Failure) [PSYoungGen: 262399K->4448K(266752K)] 289963K->32020K(813056K), 0.0014886 secs] [Times: user=0.00 sys=0.00, real=0.02 secs] 
2024-10-04T21:40:47.078+0300: 362.278: Total time for which application threads were stopped: 0.0018324 seconds, Stopping threads took: 0.0001366 seconds
2024-10-04T21:40:47.455+0300: 362.657: Application time: 0.3783907 seconds
2024-10-04T21:40:47.455+0300: 362.657: [GC (Allocation Failure) [PSYoungGen: 264260K->2400K(266240K)] 291832K->29996K(812544K), 0.0008218 secs] [Times: user=0.00 sys=0.00, real=0.00 secs] 
2024-10-04T21:40:47.455+0300: 362.658: Total time for which application threads were stopped: 0.0010814 seconds, Stopping threads took: 0.0001148 seconds
2024-10-04T21:40:47.815+0300: 363.030: Application time: 0.3721353 seconds
2024-10-04T21:40:47.815+0300: 363.030: [GC (Allocation Failure) [PSYoungGen: 262134K->4480K(266240K)] 289730K->32084K(812544K), 0.0010780 secs] [Times: user=0.00 sys=0.00, real=0.00 secs] 
2024-10-04T21:40:47.815+0300: 363.031: Total time for which application threads were stopped: 0.0014321 seconds, Stopping threads took: 0.0001714 seconds
2024-10-04T21:40:48.207+0300: 363.411: Application time: 0.3793846 seconds
2024-10-04T21:40:48.207+0300: 363.411: [GC (Allocation Failure) [PSYoungGen: 263565K->4480K(266240K)] 291169K->32092K(812544K), 0.0010607 secs] [Times: user=0.00 sys=0.00, real=0.00 secs] 
2024-10-04T21:40:48.207+0300: 363.412: Total time for which application threads were stopped: 0.0013074 seconds, Stopping threads took: 0.0000920 seconds
2024-10-04T21:40:48.569+0300: 363.781: Application time: 0.3689555 seconds
2024-10-04T21:40:48.569+0300: 363.781: [GC (Allocation Failure) [PSYoungGen: 263187K->4480K(266752K)] 290799K->32100K(813056K), 0.0011298 secs] [Times: user=0.00 sys=0.00, real=0.00 secs] 
2024-10-04T21:40:48.569+0300: 363.783: Total time for which application threads were stopped: 0.0014239 seconds, Stopping threads took: 0.0001402 seconds
2024-10-04T21:40:48.946+0300: 364.151: Application time: 0.3684419 seconds
2024-10-04T21:40:48.946+0300: 364.151: [GC (Allocation Failure) [PSYoungGen: 264597K->4448K(266752K)] 292217K->32076K(813056K), 0.0010191 secs] [Times: user=0.00 sys=0.00, real=0.00 secs] 
2024-10-04T21:40:48.946+0300: 364.152: Total time for which application threads were stopped: 0.0013082 seconds, Stopping threads took: 0.0001343 seconds
2024-10-04T21:40:49.322+0300: 364.532: Application time: 0.3797110 seconds
2024-10-04T21:40:49.322+0300: 364.532: [GC (Allocation Failure) [PSYoungGen: 264482K->3376K(266752K)] 292110K->31044K(813056K), 0.0008969 secs] [Times: user=0.00 sys=0.00, real=0.00 secs] 
2024-10-04T21:40:49.322+0300: 364.533: Total time for which application threads were stopped: 0.0012803 seconds, Stopping threads took: 0.0002450 seconds
2024-10-04T21:40:49.698+0300: 364.904: Application time: 0.3709066 seconds
2024-10-04T21:40:49.698+0300: 364.904: [GC (Allocation Failure) [PSYoungGen: 263984K->4368K(266752K)] 291652K->32076K(813056K), 0.0010762 secs] [Times: user=0.00 sys=0.00, real=0.00 secs] 
2024-10-04T21:40:49.698+0300: 364.906: Total time for which application threads were stopped: 0.0013784 seconds, Stopping threads took: 0.0001611 seconds
2024-10-04T21:40:50.075+0300: 365.277: Application time: 0.3711122 seconds
2024-10-04T21:40:50.075+0300: 365.277: [GC (Allocation Failure) [PSYoungGen: 264443K->4416K(266752K)] 292151K->32140K(813056K), 0.0012189 secs] [Times: user=0.00 sys=0.00, real=0.00 secs] 
2024-10-04T21:40:50.075+0300: 365.278: Total time for which application threads were stopped: 0.0014884 seconds, Stopping threads took: 0.0001144 seconds
2024-10-04T21:40:50.436+0300: 365.651: Application time: 0.3725523 seconds
2024-10-04T21:40:50.436+0300: 365.651: [GC (Allocation Failure) [PSYoungGen: 264367K->5392K(266752K)] 292091K->33156K(813056K), 0.0012667 secs] [Times: user=0.00 sys=0.00, real=0.00 secs] 
2024-10-04T21:40:50.436+0300: 365.652: Total time for which application threads were stopped: 0.0016114 seconds, Stopping threads took: 0.0001869 seconds
2024-10-04T21:40:50.813+0300: 366.022: Application time: 0.3698897 seconds
2024-10-04T21:40:50.813+0300: 366.022: [GC (Allocation Failure) [PSYoungGen: 266000K->4384K(266752K)] 293764K->32224K(813056K), 0.0010664 secs] [Times: user=0.00 sys=0.00, real=0.01 secs] 
2024-10-04T21:40:50.822+0300: 366.024: Total time for which application threads were stopped: 0.0013437 seconds, Stopping threads took: 0.0001459 seconds
2024-10-04T21:40:51.190+0300: 366.399: Application time: 0.3752477 seconds
2024-10-04T21:40:51.190+0300: 366.399: [GC (Allocation Failure) [PSYoungGen: 264568K->4384K(266752K)] 292408K->32240K(813056K), 0.0012779 secs] [Times: user=0.00 sys=0.00, real=0.00 secs] 
2024-10-04T21:40:51.190+0300: 366.400: Total time for which application threads were stopped: 0.0016468 seconds, Stopping threads took: 0.0001833 seconds
2024-10-04T21:40:51.566+0300: 366.771: Application time: 0.3702358 seconds
2024-10-04T21:40:51.566+0300: 366.771: [GC (Allocation Failure) [PSYoungGen: 264992K->3456K(266752K)] 292848K->31320K(813056K), 0.0009448 secs] [Times: user=0.00 sys=0.00, real=0.00 secs] 
2024-10-04T21:40:51.566+0300: 366.772: Total time for which application threads were stopped: 0.0012503 seconds, Stopping threads took: 0.0001589 seconds
2024-10-04T21:40:51.927+0300: 367.140: Application time: 0.3677559 seconds
2024-10-04T21:40:51.927+0300: 367.140: [GC (Allocation Failure) [PSYoungGen: 263724K->4464K(266752K)] 291589K->32336K(813056K), 0.0010385 secs] [Times: user=0.00 sys=0.00, real=0.00 secs] 
2024-10-04T21:40:51.927+0300: 367.141: Total time for which application threads were stopped: 0.0013393 seconds, Stopping threads took: 0.0001773 seconds
2024-10-04T21:40:52.303+0300: 367.518: Application time: 0.3769347 seconds
2024-10-04T21:40:52.303+0300: 367.518: [GC (Allocation Failure) [PSYoungGen: 265072K->4352K(267264K)] 292944K->32256K(813568K), 0.0011649 secs] [Times: user=0.00 sys=0.00, real=0.02 secs] 
2024-10-04T21:40:52.319+0300: 367.520: Total time for which application threads were stopped: 0.0015187 seconds, Stopping threads took: 0.0001967 seconds
2024-10-04T21:40:52.680+0300: 367.889: Application time: 0.3693399 seconds
2024-10-04T21:40:52.680+0300: 367.889: [GC (Allocation Failure) [PSYoungGen: 264826K->5424K(266752K)] 292730K->33376K(813056K), 0.0012891 secs] [Times: user=0.00 sys=0.00, real=0.00 secs] 
2024-10-04T21:40:52.680+0300: 367.891: Total time for which application threads were stopped: 0.0017277 seconds, Stopping threads took: 0.0002931 seconds
2024-10-04T21:40:53.057+0300: 368.265: Application time: 0.3745625 seconds
2024-10-04T21:40:53.057+0300: 368.265: [GC (Allocation Failure) [PSYoungGen: 266544K->4384K(266752K)] 294496K->32360K(813056K), 0.0012614 secs] [Times: user=0.00 sys=0.00, real=0.00 secs] 
2024-10-04T21:40:53.057+0300: 368.267: Total time for which application threads were stopped: 0.0016037 seconds, Stopping threads took: 0.0001350 seconds
2024-10-04T21:40:53.434+0300: 368.637: Application time: 0.3704259 seconds
2024-10-04T21:40:53.434+0300: 368.637: [GC (Allocation Failure) [PSYoungGen: 264603K->5424K(266752K)] 292579K->33424K(813056K), 0.0013617 secs] [Times: user=0.00 sys=0.00, real=0.00 secs] 
2024-10-04T21:40:53.434+0300: 368.639: Total time for which application threads were stopped: 0.0016612 seconds, Stopping threads took: 0.0001489 seconds
2024-10-04T21:40:53.810+0300: 369.010: Application time: 0.3714443 seconds
2024-10-04T21:40:53.810+0300: 369.011: [GC (Allocation Failure) [PSYoungGen: 265363K->3408K(266752K)] 293364K->31416K(813056K), 0.0009786 secs] [Times: user=0.00 sys=0.00, real=0.00 secs] 
2024-10-04T21:40:53.810+0300: 369.012: Total time for which application threads were stopped: 0.0012955 seconds, Stopping threads took: 0.0001690 seconds
2024-10-04T21:40:54.171+0300: 369.385: Application time: 0.3731446 seconds
2024-10-04T21:40:54.171+0300: 369.385: [GC (Allocation Failure) [PSYoungGen: 263309K->4416K(266752K)] 291317K->32440K(813056K), 0.0011345 secs] [Times: user=0.00 sys=0.00, real=0.00 secs] 
2024-10-04T21:40:54.171+0300: 369.386: Total time for which application threads were stopped: 0.0014812 seconds, Stopping threads took: 0.0001556 seconds
2024-10-04T21:40:54.547+0300: 369.759: Application time: 0.3731988 seconds
2024-10-04T21:40:54.547+0300: 369.760: [GC (Allocation Failure) [PSYoungGen: 265024K->2352K(266752K)] 293048K->30384K(813056K), 0.0008752 secs] [Times: user=0.00 sys=0.00, real=0.00 secs] 
2024-10-04T21:40:54.547+0300: 369.761: Total time for which application threads were stopped: 0.0011778 seconds, Stopping threads took: 0.0001767 seconds
2024-10-04T21:40:54.924+0300: 370.126: Application time: 0.3648943 seconds
2024-10-04T21:40:54.924+0300: 370.126: [GC (Allocation Failure) [PSYoungGen: 262213K->5472K(266240K)] 290245K->33512K(812544K), 0.0012277 secs] [Times: user=0.00 sys=0.00, real=0.00 secs] 
2024-10-04T21:40:54.924+0300: 370.127: Total time for which application threads were stopped: 0.0015316 seconds, Stopping threads took: 0.0001407 seconds
2024-10-04T21:40:55.301+0300: 370.503: Application time: 0.3761516 seconds
2024-10-04T21:40:55.301+0300: 370.503: [GC (Allocation Failure) [PSYoungGen: 265554K->5440K(266240K)] 293594K->33496K(812544K), 0.0011500 secs] [Times: user=0.00 sys=0.00, real=0.00 secs] 
2024-10-04T21:40:55.301+0300: 370.505: Total time for which application threads were stopped: 0.0014554 seconds, Stopping threads took: 0.0001569 seconds
2024-10-04T21:40:55.662+0300: 370.874: Application time: 0.3692706 seconds
2024-10-04T21:40:55.662+0300: 370.874: [GC (Allocation Failure) [PSYoungGen: 264203K->5408K(265216K)] 292259K->33512K(811520K), 0.0011830 secs] [Times: user=0.00 sys=0.00, real=0.00 secs] 
2024-10-04T21:40:55.662+0300: 370.875: Total time for which application threads were stopped: 0.0014505 seconds, Stopping threads took: 0.0001364 seconds
2024-10-04T21:40:56.039+0300: 371.241: Application time: 0.3657648 seconds
2024-10-04T21:40:56.039+0300: 371.241: [GC (Allocation Failure) [PSYoungGen: 264200K->5440K(265728K)] 292304K->33560K(812032K), 0.0011191 secs] [Times: user=0.00 sys=0.00, real=0.00 secs] 
2024-10-04T21:40:56.039+0300: 371.243: Total time for which application threads were stopped: 0.0013799 seconds, Stopping threads took: 0.0001352 seconds
2024-10-04T21:40:56.415+0300: 371.618: Application time: 0.3751940 seconds
2024-10-04T21:40:56.415+0300: 371.618: [GC (Allocation Failure) [PSYoungGen: 263431K->4416K(265728K)] 291551K->32576K(812032K), 0.0011535 secs] [Times: user=0.00 sys=0.00, real=0.00 secs] 
2024-10-04T21:40:56.415+0300: 371.619: Total time for which application threads were stopped: 0.0014793 seconds, Stopping threads took: 0.0001423 seconds
2024-10-04T21:40:56.777+0300: 371.983: Application time: 0.3637127 seconds
2024-10-04T21:40:56.777+0300: 371.983: [GC (Allocation Failure) [PSYoungGen: 262039K->4448K(266240K)] 290200K->32616K(812544K), 0.0009494 secs] [Times: user=0.00 sys=0.00, real=0.00 secs] 
2024-10-04T21:40:56.777+0300: 371.984: Total time for which application threads were stopped: 0.0012363 seconds, Stopping threads took: 0.0001396 seconds
2024-10-04T21:40:57.153+0300: 372.360: Application time: 0.3758465 seconds
2024-10-04T21:40:57.153+0300: 372.360: [GC (Allocation Failure) [PSYoungGen: 263409K->4384K(266240K)] 291577K->32628K(812544K), 0.0010404 secs] [Times: user=0.00 sys=0.00, real=0.00 secs] 
2024-10-04T21:40:57.153+0300: 372.361: Total time for which application threads were stopped: 0.0013663 seconds, Stopping threads took: 0.0001960 seconds
2024-10-04T21:40:57.530+0300: 372.731: Application time: 0.3696997 seconds
2024-10-04T21:40:57.530+0300: 372.731: [GC (Allocation Failure) [PSYoungGen: 263968K->4432K(266240K)] 292212K->32716K(812544K), 0.0009704 secs] [Times: user=0.00 sys=0.00, real=0.00 secs] 
2024-10-04T21:40:57.530+0300: 372.732: Total time for which application threads were stopped: 0.0012741 seconds, Stopping threads took: 0.0001549 seconds
2024-10-04T21:40:57.891+0300: 373.103: Application time: 0.3708582 seconds
2024-10-04T21:40:57.891+0300: 373.103: [GC (Allocation Failure) [PSYoungGen: 263422K->4448K(266240K)] 291706K->32740K(812544K), 0.0009934 secs] [Times: user=0.00 sys=0.00, real=0.00 secs] 
2024-10-04T21:40:57.891+0300: 373.105: Total time for which application threads were stopped: 0.0013018 seconds, Stopping threads took: 0.0001769 seconds
2024-10-04T21:40:58.267+0300: 373.476: Application time: 0.3711624 seconds
2024-10-04T21:40:58.267+0300: 373.476: [GC (Allocation Failure) [PSYoungGen: 263543K->4448K(266752K)] 291836K->32748K(813056K), 0.0010585 secs] [Times: user=0.00 sys=0.00, real=0.00 secs] 
2024-10-04T21:40:58.267+0300: 373.477: Total time for which application threads were stopped: 0.0013993 seconds, Stopping threads took: 0.0002092 seconds
2024-10-04T21:40:58.644+0300: 373.846: Application time: 0.3685595 seconds
2024-10-04T21:40:58.644+0300: 373.846: [GC (Allocation Failure) [PSYoungGen: 264236K->5440K(266752K)] 292536K->33748K(813056K), 0.0011631 secs] [Times: user=0.00 sys=0.00, real=0.00 secs] 
2024-10-04T21:40:58.644+0300: 373.847: Total time for which application threads were stopped: 0.0014785 seconds, Stopping threads took: 0.0001839 seconds
2024-10-04T21:40:59.005+0300: 374.217: Application time: 0.3698281 seconds
2024-10-04T21:40:59.005+0300: 374.217: [GC (Allocation Failure) [PSYoungGen: 265593K->5472K(265728K)] 293901K->33788K(812032K), 0.0014195 secs] [Times: user=0.00 sys=0.00, real=0.00 secs] 
2024-10-04T21:40:59.005+0300: 374.219: Total time for which application threads were stopped: 0.0017819 seconds, Stopping threads took: 0.0002183 seconds
2024-10-04T21:40:59.382+0300: 374.591: Application time: 0.3726431 seconds
2024-10-04T21:40:59.382+0300: 374.592: [GC (Allocation Failure) [PSYoungGen: 264428K->5408K(266240K)] 292745K->33796K(812544K), 0.0012907 secs] [Times: user=0.00 sys=0.00, real=0.00 secs] 
2024-10-04T21:40:59.382+0300: 374.593: Total time for which application threads were stopped: 0.0017525 seconds, Stopping threads took: 0.0002545 seconds
2024-10-04T21:40:59.758+0300: 374.963: Application time: 0.3694271 seconds
2024-10-04T21:40:59.758+0300: 374.963: [GC (Allocation Failure) [PSYoungGen: 264992K->3440K(266240K)] 293380K->31844K(812544K), 0.0008716 secs] [Times: user=0.00 sys=0.00, real=0.00 secs] 
2024-10-04T21:40:59.758+0300: 374.964: Total time for which application threads were stopped: 0.0011134 seconds, Stopping threads took: 0.0000789 seconds
2024-10-04T21:41:00.142+0300: 375.349: Application time: 0.3856301 seconds
2024-10-04T21:41:00.142+0300: 375.350: [GC (Allocation Failure) [PSYoungGen: 262595K->4384K(266240K)] 290999K->32812K(812544K), 0.0011511 secs] [Times: user=0.00 sys=0.00, real=0.00 secs] 
2024-10-04T21:41:00.142+0300: 375.351: Total time for which application threads were stopped: 0.0015875 seconds, Stopping threads took: 0.0002496 seconds
2024-10-04T21:41:00.511+0300: 375.717: Application time: 0.3663771 seconds
2024-10-04T21:41:00.511+0300: 375.718: [GC (Allocation Failure) [PSYoungGen: 263146K->5376K(266240K)] 291575K->33812K(812544K), 0.0012490 secs] [Times: user=0.00 sys=0.00, real=0.00 secs] 
2024-10-04T21:41:00.511+0300: 375.719: Total time for which application threads were stopped: 0.0015594 seconds, Stopping threads took: 0.0001679 seconds
2024-10-04T21:41:00.872+0300: 376.085: Application time: 0.3657575 seconds
2024-10-04T21:41:00.872+0300: 376.085: [GC (Allocation Failure) [PSYoungGen: 264278K->4448K(266240K)] 292715K->32892K(812544K), 0.0010069 secs] [Times: user=0.00 sys=0.00, real=0.00 secs] 
2024-10-04T21:41:00.872+0300: 376.086: Total time for which application threads were stopped: 0.0013103 seconds, Stopping threads took: 0.0001682 seconds
2024-10-04T21:41:01.249+0300: 376.461: Application time: 0.3752168 seconds
2024-10-04T21:41:01.249+0300: 376.461: [GC (Allocation Failure) [PSYoungGen: 263404K->5440K(266240K)] 291848K->33892K(812544K), 0.0013767 secs] [Times: user=0.00 sys=0.00, real=0.00 secs] 
2024-10-04T21:41:01.249+0300: 376.463: Total time for which application threads were stopped: 0.0017105 seconds, Stopping threads took: 0.0001339 seconds
2024-10-04T21:41:01.625+0300: 376.832: Application time: 0.3692284 seconds
2024-10-04T21:41:01.625+0300: 376.832: [GC (Allocation Failure) [PSYoungGen: 265024K->3376K(266240K)] 293476K->31844K(812544K), 0.0009767 secs] [Times: user=0.00 sys=0.00, real=0.00 secs] 
2024-10-04T21:41:01.625+0300: 376.833: Total time for which application threads were stopped: 0.0012630 seconds, Stopping threads took: 0.0001385 seconds
2024-10-04T21:41:01.986+0300: 377.200: Application time: 0.3664153 seconds
2024-10-04T21:41:01.986+0300: 377.200: [GC (Allocation Failure) [PSYoungGen: 262312K->4416K(266240K)] 290781K->32924K(812544K), 0.0010639 secs] [Times: user=0.00 sys=0.00, real=0.00 secs] 
2024-10-04T21:41:01.986+0300: 377.201: Total time for which application threads were stopped: 0.0013620 seconds, Stopping threads took: 0.0001714 seconds
2024-10-04T21:41:02.362+0300: 377.576: Application time: 0.3748305 seconds
2024-10-04T21:41:02.362+0300: 377.576: [GC (Allocation Failure) [PSYoungGen: 263182K->5440K(266240K)] 291690K->33956K(812544K), 0.0012593 secs] [Times: user=0.00 sys=0.00, real=0.00 secs] 
2024-10-04T21:41:02.362+0300: 377.578: Total time for which application threads were stopped: 0.0017078 seconds, Stopping threads took: 0.0002626 seconds
2024-10-04T21:41:02.739+0300: 377.947: Application time: 0.3690961 seconds
2024-10-04T21:41:02.739+0300: 377.947: [GC (Allocation Failure) [PSYoungGen: 265024K->4416K(266240K)] 293540K->32972K(812544K), 0.0010154 secs] [Times: user=0.00 sys=0.00, real=0.01 secs] 
2024-10-04T21:41:02.747+0300: 377.948: Total time for which application threads were stopped: 0.0012977 seconds, Stopping threads took: 0.0001471 seconds
2024-10-04T21:41:03.116+0300: 378.328: Application time: 0.3795842 seconds
2024-10-04T21:41:03.116+0300: 378.328: [GC (Allocation Failure) [PSYoungGen: 264000K->4448K(266240K)] 292556K->33044K(812544K), 0.0010586 secs] [Times: user=0.00 sys=0.00, real=0.00 secs] 
2024-10-04T21:41:03.116+0300: 378.329: Total time for which application threads were stopped: 0.0013695 seconds, Stopping threads took: 0.0001386 seconds
2024-10-04T21:41:03.477+0300: 378.692: Application time: 0.3628016 seconds
2024-10-04T21:41:03.477+0300: 378.692: [GC (Allocation Failure) [PSYoungGen: 263233K->5424K(266240K)] 291830K->34036K(812544K), 0.0012353 secs] [Times: user=0.00 sys=0.00, real=0.02 secs] 
2024-10-04T21:41:03.492+0300: 378.693: Total time for which application threads were stopped: 0.0015772 seconds, Stopping threads took: 0.0001760 seconds
2024-10-04T21:41:03.853+0300: 379.059: Application time: 0.3657678 seconds
2024-10-04T21:41:03.853+0300: 379.059: [GC (Allocation Failure) [PSYoungGen: 264567K->5344K(266240K)] 293179K->34032K(812544K), 0.0010851 secs] [Times: user=0.00 sys=0.00, real=0.00 secs] 
2024-10-04T21:41:03.853+0300: 379.061: Total time for which application threads were stopped: 0.0013770 seconds, Stopping threads took: 0.0001679 seconds
2024-10-04T21:41:04.230+0300: 379.437: Application time: 0.3765718 seconds
2024-10-04T21:41:04.230+0300: 379.438: [GC (Allocation Failure) [PSYoungGen: 264017K->3424K(266240K)] 292706K->32120K(812544K), 0.0008971 secs] [Times: user=0.00 sys=0.00, real=0.00 secs] 
2024-10-04T21:41:04.230+0300: 379.438: Total time for which application threads were stopped: 0.0013251 seconds, Stopping threads took: 0.0002724 seconds
2024-10-04T21:41:04.591+0300: 379.803: Application time: 0.3641677 seconds
2024-10-04T21:41:04.591+0300: 379.803: [GC (Allocation Failure) [PSYoungGen: 262392K->5376K(266240K)] 291088K->34096K(812544K), 0.0012792 secs] [Times: user=0.00 sys=0.00, real=0.00 secs] 
2024-10-04T21:41:04.591+0300: 379.804: Total time for which application threads were stopped: 0.0016203 seconds, Stopping threads took: 0.0002062 seconds
2024-10-04T21:41:04.968+0300: 380.176: Application time: 0.3719132 seconds
2024-10-04T21:41:04.968+0300: 380.176: [GC (Allocation Failure) [PSYoungGen: 264488K->3424K(266240K)] 293208K->32152K(812544K), 0.0008516 secs] [Times: user=0.00 sys=0.00, real=0.00 secs] 
2024-10-04T21:41:04.968+0300: 380.177: Total time for which application threads were stopped: 0.0011235 seconds, Stopping threads took: 0.0001410 seconds
2024-10-04T21:41:05.344+0300: 380.551: Application time: 0.3733899 seconds
2024-10-04T21:41:05.344+0300: 380.551: [GC (Allocation Failure) [PSYoungGen: 262917K->4448K(266240K)] 291646K->33184K(812544K), 0.0009944 secs] [Times: user=0.00 sys=0.00, real=0.00 secs] 
2024-10-04T21:41:05.344+0300: 380.552: Total time for which application threads were stopped: 0.0012690 seconds, Stopping threads took: 0.0001340 seconds
2024-10-04T21:41:05.706+0300: 380.918: Application time: 0.3664132 seconds
2024-10-04T21:41:05.706+0300: 380.919: [GC (Allocation Failure) [PSYoungGen: 263757K->5408K(266240K)] 292493K->34200K(812544K), 0.0012413 secs] [Times: user=0.00 sys=0.00, real=0.00 secs] 
2024-10-04T21:41:05.706+0300: 380.920: Total time for which application threads were stopped: 0.0015765 seconds, Stopping threads took: 0.0001926 seconds
2024-10-04T21:41:06.083+0300: 381.297: Application time: 0.3767307 seconds
2024-10-04T21:41:06.083+0300: 381.297: [GC (Allocation Failure) [PSYoungGen: 264992K->3360K(266240K)] 293784K->32160K(812544K), 0.0010888 secs] [Times: user=0.00 sys=0.00, real=0.00 secs] 
2024-10-04T21:41:06.083+0300: 381.298: Total time for which application threads were stopped: 0.0013869 seconds, Stopping threads took: 0.0001491 seconds
2024-10-04T21:41:06.459+0300: 381.662: Application time: 0.3639922 seconds
2024-10-04T21:41:06.459+0300: 381.662: [GC (Allocation Failure) [PSYoungGen: 262372K->5408K(265216K)] 291173K->34224K(811520K), 0.0012510 secs] [Times: user=0.00 sys=0.00, real=0.00 secs] 
2024-10-04T21:41:06.459+0300: 381.664: Total time for which application threads were stopped: 0.0015568 seconds, Stopping threads took: 0.0001765 seconds
2024-10-04T21:41:06.820+0300: 382.034: Application time: 0.3706834 seconds
2024-10-04T21:41:06.820+0300: 382.035: [GC (Allocation Failure) [PSYoungGen: 263054K->1312K(265728K)] 291871K->30136K(812032K), 0.0007410 secs] [Times: user=0.00 sys=0.00, real=0.00 secs] 
2024-10-04T21:41:06.820+0300: 382.035: Total time for which application threads were stopped: 0.0009911 seconds, Stopping threads took: 0.0001528 seconds
2024-10-04T21:41:07.197+0300: 382.408: Application time: 0.3728677 seconds
2024-10-04T21:41:07.197+0300: 382.409: [GC (Allocation Failure) [PSYoungGen: 259872K->3440K(265728K)] 288696K->32272K(812032K), 0.0009175 secs] [Times: user=0.00 sys=0.00, real=0.00 secs] 
2024-10-04T21:41:07.197+0300: 382.409: Total time for which application threads were stopped: 0.0012661 seconds, Stopping threads took: 0.0002385 seconds
2024-10-04T21:41:07.558+0300: 382.773: Application time: 0.3635764 seconds
2024-10-04T21:41:07.558+0300: 382.773: [GC (Allocation Failure) [PSYoungGen: 261422K->4448K(265728K)] 290254K->33288K(812032K), 0.0010089 secs] [Times: user=0.00 sys=0.00, real=0.02 secs] 
2024-10-04T21:41:07.574+0300: 382.774: Total time for which application threads were stopped: 0.0014254 seconds, Stopping threads took: 0.0001979 seconds
2024-10-04T21:41:07.934+0300: 383.145: Application time: 0.3704578 seconds
2024-10-04T21:41:07.934+0300: 383.145: [GC (Allocation Failure) [PSYoungGen: 262079K->5440K(265728K)] 290919K->34288K(812032K), 0.0011490 secs] [Times: user=0.00 sys=0.00, real=0.00 secs] 
2024-10-04T21:41:07.934+0300: 383.146: Total time for which application threads were stopped: 0.0014203 seconds, Stopping threads took: 0.0001409 seconds
2024-10-04T21:41:08.310+0300: 383.522: Application time: 0.3759758 seconds
2024-10-04T21:41:08.310+0300: 383.523: [GC (Allocation Failure) [PSYoungGen: 264000K->4448K(265728K)] 292848K->33336K(812032K), 0.0011532 secs] [Times: user=0.00 sys=0.00, real=0.00 secs] 
2024-10-04T21:41:08.310+0300: 383.524: Total time for which application threads were stopped: 0.0016153 seconds, Stopping threads took: 0.0002489 seconds
2024-10-04T21:41:08.687+0300: 383.891: Application time: 0.3672502 seconds
2024-10-04T21:41:08.687+0300: 383.891: [GC (Allocation Failure) [PSYoungGen: 262293K->2352K(265728K)] 291182K->31280K(812032K), 0.0008204 secs] [Times: user=0.00 sys=0.00, real=0.00 secs] 
2024-10-04T21:41:08.687+0300: 383.892: Total time for which application threads were stopped: 0.0010616 seconds, Stopping threads took: 0.0001325 seconds
2024-10-04T21:41:09.048+0300: 384.257: Application time: 0.3647430 seconds
2024-10-04T21:41:09.048+0300: 384.257: [GC (Allocation Failure) [PSYoungGen: 260362K->4416K(265728K)] 289290K->33384K(812032K), 0.0010181 secs] [Times: user=0.00 sys=0.00, real=0.00 secs] 
2024-10-04T21:41:09.048+0300: 384.258: Total time for which application threads were stopped: 0.0013344 seconds, Stopping threads took: 0.0002011 seconds
2024-10-04T21:41:09.424+0300: 384.629: Application time: 0.3710477 seconds
2024-10-04T21:41:09.424+0300: 384.630: [GC (Allocation Failure) [PSYoungGen: 262101K->5424K(265216K)] 291070K->34400K(811520K), 0.0011208 secs] [Times: user=0.00 sys=0.00, real=0.00 secs] 
2024-10-04T21:41:09.424+0300: 384.631: Total time for which application threads were stopped: 0.0014445 seconds, Stopping threads took: 0.0001721 seconds
2024-10-04T21:41:09.786+0300: 384.999: Application time: 0.3685975 seconds
2024-10-04T21:41:09.786+0300: 385.000: [GC (Allocation Failure) [PSYoungGen: 263984K->5440K(265728K)] 292960K->34464K(812032K), 0.0011090 secs] [Times: user=0.00 sys=0.00, real=0.00 secs] 
2024-10-04T21:41:09.786+0300: 385.001: Total time for which application threads were stopped: 0.0014312 seconds, Stopping threads took: 0.0001820 seconds
2024-10-04T21:41:10.163+0300: 385.372: Application time: 0.3707140 seconds
2024-10-04T21:41:10.163+0300: 385.372: [GC (Allocation Failure) [PSYoungGen: 263202K->4352K(265728K)] 292227K->33424K(812032K), 0.0012131 secs] [Times: user=0.00 sys=0.00, real=0.00 secs] 
2024-10-04T21:41:10.163+0300: 385.373: Total time for which application threads were stopped: 0.0016433 seconds, Stopping threads took: 0.0002510 seconds
2024-10-04T21:41:10.539+0300: 385.740: Application time: 0.3665081 seconds
2024-10-04T21:41:10.539+0300: 385.740: [GC (Allocation Failure) [PSYoungGen: 262198K->4448K(265728K)] 291271K->33528K(812032K), 0.0010588 secs] [Times: user=0.00 sys=0.00, real=0.00 secs] 
2024-10-04T21:41:10.539+0300: 385.741: Total time for which application threads were stopped: 0.0014409 seconds, Stopping threads took: 0.0002180 seconds
2024-10-04T21:41:10.900+0300: 386.108: Application time: 0.3667918 seconds
2024-10-04T21:41:10.900+0300: 386.108: [GC (Allocation Failure) [PSYoungGen: 262512K->4448K(266240K)] 291593K->33536K(812544K), 0.0010982 secs] [Times: user=0.00 sys=0.00, real=0.00 secs] 
2024-10-04T21:41:10.900+0300: 386.109: Total time for which application threads were stopped: 0.0013646 seconds, Stopping threads took: 0.0001367 seconds
2024-10-04T21:41:11.277+0300: 386.483: Application time: 0.3736100 seconds
2024-10-04T21:41:11.277+0300: 386.483: [GC (Allocation Failure) [PSYoungGen: 263254K->5424K(266240K)] 292343K->34520K(812544K), 0.0012677 secs] [Times: user=0.00 sys=0.00, real=0.00 secs] 
2024-10-04T21:41:11.277+0300: 386.485: Total time for which application threads were stopped: 0.0016616 seconds, Stopping threads took: 0.0001997 seconds
2024-10-04T21:41:11.638+0300: 386.852: Application time: 0.3670748 seconds
2024-10-04T21:41:11.638+0300: 386.852: [GC (Allocation Failure) [PSYoungGen: 264401K->5456K(265216K)] 293498K->34576K(811520K), 0.0011213 secs] [Times: user=0.00 sys=0.00, real=0.00 secs] 
2024-10-04T21:41:11.638+0300: 386.853: Total time for which application threads were stopped: 0.0014578 seconds, Stopping threads took: 0.0002066 seconds
2024-10-04T21:41:12.014+0300: 387.219: Application time: 0.3660218 seconds
2024-10-04T21:41:12.014+0300: 387.219: [GC (Allocation Failure) [PSYoungGen: 263135K->5440K(265728K)] 292256K->34609K(812032K), 0.0010719 secs] [Times: user=0.00 sys=0.00, real=0.00 secs] 
2024-10-04T21:41:12.014+0300: 387.221: Total time for which application threads were stopped: 0.0013255 seconds, Stopping threads took: 0.0001328 seconds
2024-10-04T21:41:12.391+0300: 387.593: Application time: 0.3725695 seconds
2024-10-04T21:41:12.391+0300: 387.593: [GC (Allocation Failure) [PSYoungGen: 263275K->5408K(265728K)] 292444K->34584K(812032K), 0.0011835 secs] [Times: user=0.00 sys=0.00, real=0.00 secs] 
2024-10-04T21:41:12.391+0300: 387.595: Total time for which application threads were stopped: 0.0015134 seconds, Stopping threads took: 0.0001794 seconds
2024-10-04T21:41:12.752+0300: 387.964: Application time: 0.3692291 seconds
2024-10-04T21:41:12.752+0300: 387.964: [GC (Allocation Failure) [PSYoungGen: 263968K->5440K(265728K)] 293144K->34632K(812032K), 0.0012431 secs] [Times: user=0.00 sys=0.00, real=0.00 secs] 
2024-10-04T21:41:12.752+0300: 387.966: Total time for which application threads were stopped: 0.0017067 seconds, Stopping threads took: 0.0003129 seconds
2024-10-04T21:41:13.128+0300: 388.337: Application time: 0.3710284 seconds
2024-10-04T21:41:13.128+0300: 388.337: [GC (Allocation Failure) [PSYoungGen: 263960K->5408K(265728K)] 293153K->34617K(812032K), 0.0011342 secs] [Times: user=0.00 sys=0.00, real=0.00 secs] 
2024-10-04T21:41:13.128+0300: 388.338: Total time for which application threads were stopped: 0.0014416 seconds, Stopping threads took: 0.0001744 seconds
2024-10-04T21:41:13.505+0300: 388.708: Application time: 0.3704554 seconds
2024-10-04T21:41:13.505+0300: 388.709: [GC (Allocation Failure) [PSYoungGen: 263587K->4352K(265728K)] 292796K->33568K(812032K), 0.0010803 secs] [Times: user=0.00 sys=0.00, real=0.00 secs] 
2024-10-04T21:41:13.505+0300: 388.710: Total time for which application threads were stopped: 0.0013701 seconds, Stopping threads took: 0.0001549 seconds
2024-10-04T21:41:13.870+0300: 389.078: Application time: 0.3681975 seconds
2024-10-04T21:41:13.870+0300: 389.078: [GC (Allocation Failure) [PSYoungGen: 262912K->2352K(265728K)] 292128K->31592K(812032K), 0.0007116 secs] [Times: user=0.00 sys=0.00, real=0.00 secs] 
2024-10-04T21:41:13.870+0300: 389.079: Total time for which application threads were stopped: 0.0009468 seconds, Stopping threads took: 0.0001143 seconds
2024-10-04T21:41:14.243+0300: 389.448: Application time: 0.3686683 seconds
2024-10-04T21:41:14.243+0300: 389.448: [GC (Allocation Failure) [PSYoungGen: 260222K->5376K(265728K)] 289463K->34697K(812032K), 0.0011070 secs] [Times: user=0.00 sys=0.00, real=0.00 secs] 
2024-10-04T21:41:14.243+0300: 389.449: Total time for which application threads were stopped: 0.0013868 seconds, Stopping threads took: 0.0001513 seconds
2024-10-04T21:41:14.604+0300: 389.817: Application time: 0.3678602 seconds
2024-10-04T21:41:14.604+0300: 389.817: [GC (Allocation Failure) [PSYoungGen: 263375K->4464K(265728K)] 292696K->33793K(812032K), 0.0010301 secs] [Times: user=0.00 sys=0.00, real=0.00 secs] 
2024-10-04T21:41:14.604+0300: 389.818: Total time for which application threads were stopped: 0.0013741 seconds, Stopping threads took: 0.0002049 seconds
2024-10-04T21:41:14.981+0300: 390.186: Application time: 0.3674486 seconds
2024-10-04T21:41:14.981+0300: 390.186: [GC (Allocation Failure) [PSYoungGen: 262748K->3424K(265728K)] 292077K->32769K(812032K), 0.0008784 secs] [Times: user=0.00 sys=0.00, real=0.00 secs] 
2024-10-04T21:41:14.981+0300: 390.187: Total time for which application threads were stopped: 0.0011485 seconds, Stopping threads took: 0.0001593 seconds
2024-10-04T21:41:15.341+0300: 390.555: Application time: 0.3683054 seconds
2024-10-04T21:41:15.341+0300: 390.556: [GC (Allocation Failure) [PSYoungGen: 261427K->5408K(265728K)] 290772K->34793K(812032K), 0.0012079 secs] [Times: user=0.00 sys=0.00, real=0.00 secs] 
2024-10-04T21:41:15.341+0300: 390.557: Total time for which application threads were stopped: 0.0015688 seconds, Stopping threads took: 0.0001977 seconds
2024-10-04T21:41:15.718+0300: 390.930: Application time: 0.3730085 seconds
2024-10-04T21:41:15.718+0300: 390.930: [GC (Allocation Failure) [PSYoungGen: 263968K->2352K(265728K)] 293353K->31745K(812032K), 0.0007761 secs] [Times: user=0.00 sys=0.00, real=0.00 secs] 
2024-10-04T21:41:15.718+0300: 390.931: Total time for which application threads were stopped: 0.0010696 seconds, Stopping threads took: 0.0001773 seconds
2024-10-04T21:41:16.094+0300: 391.301: Application time: 0.3703748 seconds
2024-10-04T21:41:16.094+0300: 391.301: [GC (Allocation Failure) [PSYoungGen: 260912K->3376K(265728K)] 290305K->32845K(812032K), 0.0008744 secs] [Times: user=0.00 sys=0.00, real=0.00 secs] 
2024-10-04T21:41:16.094+0300: 391.302: Total time for which application threads were stopped: 0.0011869 seconds, Stopping threads took: 0.0001789 seconds
2024-10-04T21:41:16.455+0300: 391.666: Application time: 0.3639319 seconds
2024-10-04T21:41:16.455+0300: 391.667: [GC (Allocation Failure) [PSYoungGen: 261367K->5440K(265728K)] 290836K->34917K(812032K), 0.0012640 secs] [Times: user=0.00 sys=0.00, real=0.00 secs] 
2024-10-04T21:41:16.455+0300: 391.668: Total time for which application threads were stopped: 0.0015674 seconds, Stopping threads took: 0.0001630 seconds
2024-10-04T21:41:16.831+0300: 392.037: Application time: 0.3687092 seconds
2024-10-04T21:41:16.831+0300: 392.037: [GC (Allocation Failure) [PSYoungGen: 263982K->4448K(265728K)] 293459K->33933K(812032K), 0.0010318 secs] [Times: user=0.00 sys=0.00, real=0.00 secs] 
2024-10-04T21:41:16.831+0300: 392.038: Total time for which application threads were stopped: 0.0013062 seconds, Stopping threads took: 0.0001582 seconds
2024-10-04T21:41:17.208+0300: 392.410: Application time: 0.3725318 seconds
2024-10-04T21:41:17.208+0300: 392.411: [GC (Allocation Failure) [PSYoungGen: 262274K->5456K(265728K)] 291759K->34949K(812032K), 0.0011042 secs] [Times: user=0.00 sys=0.00, real=0.00 secs] 
2024-10-04T21:41:17.208+0300: 392.412: Total time for which application threads were stopped: 0.0014130 seconds, Stopping threads took: 0.0001712 seconds
2024-10-04T21:41:17.569+0300: 392.778: Application time: 0.3665781 seconds
2024-10-04T21:41:17.578+0300: 392.779: [GC (Allocation Failure) [PSYoungGen: 263449K->3424K(265728K)] 292942K->32933K(812032K), 0.0009314 secs] [Times: user=0.00 sys=0.00, real=0.00 secs] 
2024-10-04T21:41:17.578+0300: 392.780: Total time for which application threads were stopped: 0.0013001 seconds, Stopping threads took: 0.0001778 seconds
2024-10-04T21:41:17.945+0300: 393.148: Application time: 0.3682197 seconds
2024-10-04T21:41:17.945+0300: 393.148: [GC (Allocation Failure) [PSYoungGen: 261984K->3424K(265728K)] 291493K->32941K(812032K), 0.0008289 secs] [Times: user=0.00 sys=0.00, real=0.00 secs] 
2024-10-04T21:41:17.945+0300: 393.149: Total time for which application threads were stopped: 0.0011204 seconds, Stopping threads took: 0.0001551 seconds
2024-10-04T21:41:18.321+0300: 393.523: Application time: 0.3735272 seconds
2024-10-04T21:41:18.321+0300: 393.523: [GC (Allocation Failure) [PSYoungGen: 261259K->5392K(265728K)] 290776K->34917K(812032K), 0.0012835 secs] [Times: user=0.00 sys=0.00, real=0.00 secs] 
2024-10-04T21:41:18.321+0300: 393.524: Total time for which application threads were stopped: 0.0015920 seconds, Stopping threads took: 0.0001651 seconds
2024-10-04T21:41:18.682+0300: 393.891: Application time: 0.3670220 seconds
2024-10-04T21:41:18.682+0300: 393.891: [GC (Allocation Failure) [PSYoungGen: 263019K->4416K(265728K)] 292544K->33981K(812032K), 0.0009265 secs] [Times: user=0.00 sys=0.00, real=0.00 secs] 
2024-10-04T21:41:18.682+0300: 393.892: Total time for which application threads were stopped: 0.0011852 seconds, Stopping threads took: 0.0001372 seconds
2024-10-04T21:41:19.059+0300: 394.262: Application time: 0.3692707 seconds
2024-10-04T21:41:19.059+0300: 394.262: [GC (Allocation Failure) [PSYoungGen: 262976K->4448K(266240K)] 292541K->34021K(812544K), 0.0010432 secs] [Times: user=0.00 sys=0.00, real=0.00 secs] 
2024-10-04T21:41:19.059+0300: 394.263: Total time for which application threads were stopped: 0.0013321 seconds, Stopping threads took: 0.0001366 seconds
2024-10-04T21:41:19.420+0300: 394.634: Application time: 0.3713127 seconds
2024-10-04T21:41:19.420+0300: 394.635: [GC (Allocation Failure) [PSYoungGen: 263197K->4448K(265728K)] 292770K->34029K(812032K), 0.0010761 secs] [Times: user=0.00 sys=0.00, real=0.00 secs] 
2024-10-04T21:41:19.420+0300: 394.636: Total time for which application threads were stopped: 0.0013885 seconds, Stopping threads took: 0.0001633 seconds
2024-10-04T21:41:19.796+0300: 395.005: Application time: 0.3688208 seconds
2024-10-04T21:41:19.796+0300: 395.005: [GC (Allocation Failure) [PSYoungGen: 263520K->3424K(266240K)] 293101K->33013K(812544K), 0.0009489 secs] [Times: user=0.00 sys=0.00, real=0.00 secs] 
2024-10-04T21:41:19.796+0300: 395.006: Total time for which application threads were stopped: 0.0012439 seconds, Stopping threads took: 0.0001646 seconds
2024-10-04T21:41:20.173+0300: 395.380: Application time: 0.3744056 seconds
2024-10-04T21:41:20.173+0300: 395.381: [GC (Allocation Failure) [PSYoungGen: 262240K->5344K(266240K)] 291830K->35005K(812544K), 0.0013452 secs] [Times: user=0.00 sys=0.00, real=0.00 secs] 
2024-10-04T21:41:20.173+0300: 395.382: Total time for which application threads were stopped: 0.0017372 seconds, Stopping threads took: 0.0001980 seconds
2024-10-04T21:41:20.534+0300: 395.749: Application time: 0.3673571 seconds
2024-10-04T21:41:20.534+0300: 395.750: [GC (Allocation Failure) [PSYoungGen: 264502K->5440K(265216K)] 294164K->35109K(811520K), 0.0014939 secs] [Times: user=0.00 sys=0.00, real=0.02 secs] 
2024-10-04T21:41:20.550+0300: 395.751: Total time for which application threads were stopped: 0.0019743 seconds, Stopping threads took: 0.0003183 seconds
2024-10-04T21:41:20.910+0300: 396.117: Application time: 0.3659463 seconds
2024-10-04T21:41:20.910+0300: 396.118: [GC (Allocation Failure) [PSYoungGen: 263813K->3440K(265728K)] 293482K->33125K(812032K), 0.0009182 secs] [Times: user=0.00 sys=0.00, real=0.00 secs] 
2024-10-04T21:41:20.910+0300: 396.119: Total time for which application threads were stopped: 0.0012086 seconds, Stopping threads took: 0.0001915 seconds
2024-10-04T21:41:21.287+0300: 396.489: Application time: 0.3706698 seconds
2024-10-04T21:41:21.287+0300: 396.489: [GC (Allocation Failure) [PSYoungGen: 261481K->5392K(265216K)] 291166K->35125K(811520K), 0.0011254 secs] [Times: user=0.00 sys=0.00, real=0.00 secs] 
2024-10-04T21:41:21.287+0300: 396.491: Total time for which application threads were stopped: 0.0014634 seconds, Stopping threads took: 0.0001812 seconds
2024-10-04T21:41:21.648+0300: 396.859: Application time: 0.3688508 seconds
2024-10-04T21:41:21.648+0300: 396.860: [GC (Allocation Failure) [PSYoungGen: 263185K->5376K(265728K)] 292919K->35189K(812032K), 0.0013553 secs] [Times: user=0.00 sys=0.00, real=0.00 secs] 
2024-10-04T21:41:21.648+0300: 396.861: Total time for which application threads were stopped: 0.0016842 seconds, Stopping threads took: 0.0001512 seconds
2024-10-04T21:41:22.024+0300: 397.226: Application time: 0.3643856 seconds
2024-10-04T21:41:22.024+0300: 397.226: [GC (Allocation Failure) [PSYoungGen: 263110K->5456K(265728K)] 292923K->35277K(812032K), 0.0011002 secs] [Times: user=0.00 sys=0.00, real=0.00 secs] 
2024-10-04T21:41:22.024+0300: 397.227: Total time for which application threads were stopped: 0.0013878 seconds, Stopping threads took: 0.0001636 seconds
2024-10-04T21:41:22.388+0300: 397.600: Application time: 0.3730952 seconds
2024-10-04T21:41:22.388+0300: 397.600: [GC (Allocation Failure) [PSYoungGen: 263476K->4416K(265728K)] 293298K->34261K(812032K), 0.0010650 secs] [Times: user=0.00 sys=0.00, real=0.00 secs] 
2024-10-04T21:41:22.388+0300: 397.601: Total time for which application threads were stopped: 0.0014073 seconds, Stopping threads took: 0.0002066 seconds
2024-10-04T21:41:22.761+0300: 397.970: Application time: 0.3688521 seconds
2024-10-04T21:41:22.761+0300: 397.971: [GC (Allocation Failure) [PSYoungGen: 262976K->3440K(265728K)] 292821K->33293K(812032K), 0.0009479 secs] [Times: user=0.00 sys=0.00, real=0.00 secs] 
2024-10-04T21:41:22.761+0300: 397.972: Total time for which application threads were stopped: 0.0012736 seconds, Stopping threads took: 0.0001726 seconds
2024-10-04T21:41:23.138+0300: 398.343: Application time: 0.3709441 seconds
2024-10-04T21:41:23.138+0300: 398.343: [GC (Allocation Failure) [PSYoungGen: 261341K->5424K(265728K)] 291195K->35285K(812032K), 0.0013613 secs] [Times: user=0.00 sys=0.00, real=0.00 secs] 
2024-10-04T21:41:23.138+0300: 398.344: Total time for which application threads were stopped: 0.0016821 seconds, Stopping threads took: 0.0001404 seconds
2024-10-04T21:41:23.499+0300: 398.711: Application time: 0.3668485 seconds
2024-10-04T21:41:23.499+0300: 398.711: [GC (Allocation Failure) [PSYoungGen: 263425K->4432K(265728K)] 293286K->34301K(812032K), 0.0011549 secs] [Times: user=0.00 sys=0.00, real=0.00 secs] 
2024-10-04T21:41:23.499+0300: 398.713: Total time for which application threads were stopped: 0.0014810 seconds, Stopping threads took: 0.0001870 seconds
2024-10-04T21:41:23.876+0300: 399.081: Application time: 0.3685519 seconds
2024-10-04T21:41:23.876+0300: 399.081: [GC (Allocation Failure) [PSYoungGen: 262930K->3392K(265728K)] 292799K->33269K(812032K), 0.0009657 secs] [Times: user=0.00 sys=0.00, real=0.00 secs] 
2024-10-04T21:41:23.876+0300: 399.082: Total time for which application threads were stopped: 0.0012709 seconds, Stopping threads took: 0.0001496 seconds
2024-10-04T21:41:24.252+0300: 399.453: Application time: 0.3708035 seconds
2024-10-04T21:41:24.252+0300: 399.453: [GC (Allocation Failure) [PSYoungGen: 261466K->5440K(265728K)] 291344K->35333K(812032K), 0.0011878 secs] [Times: user=0.00 sys=0.00, real=0.00 secs] 
2024-10-04T21:41:24.252+0300: 399.455: Total time for which application threads were stopped: 0.0014714 seconds, Stopping threads took: 0.0001415 seconds
2024-10-04T21:41:24.613+0300: 399.820: Application time: 0.3653353 seconds
2024-10-04T21:41:24.613+0300: 399.820: [GC (Allocation Failure) [PSYoungGen: 263278K->5424K(265728K)] 293172K->35341K(812032K), 0.0011575 secs] [Times: user=0.00 sys=0.00, real=0.00 secs] 
2024-10-04T21:41:24.613+0300: 399.822: Total time for which application threads were stopped: 0.0015009 seconds, Stopping threads took: 0.0002001 seconds
2024-10-04T21:41:24.973+0300: 400.189: Application time: 0.3676225 seconds
2024-10-04T21:41:24.973+0300: 400.189: [GC (Allocation Failure) [PSYoungGen: 263967K->5408K(265728K)] 293884K->35373K(812032K), 0.0014492 secs] [Times: user=0.02 sys=0.00, real=0.02 secs] 
2024-10-04T21:41:24.989+0300: 400.191: Total time for which application threads were stopped: 0.0018086 seconds, Stopping threads took: 0.0002119 seconds
2024-10-04T21:41:25.350+0300: 400.565: Application time: 0.3742056 seconds
2024-10-04T21:41:25.350+0300: 400.565: [GC (Allocation Failure) [PSYoungGen: 263968K->3392K(265728K)] 293933K->33365K(812032K), 0.0009538 secs] [Times: user=0.00 sys=0.00, real=0.00 secs] 
2024-10-04T21:41:25.366+0300: 400.567: Total time for which application threads were stopped: 0.0013732 seconds, Stopping threads took: 0.0002095 seconds
2024-10-04T21:41:25.726+0300: 400.934: Application time: 0.3670071 seconds
2024-10-04T21:41:25.726+0300: 400.934: [GC (Allocation Failure) [PSYoungGen: 261901K->4416K(265728K)] 291875K->34429K(812032K), 0.0010970 secs] [Times: user=0.00 sys=0.00, real=0.00 secs] 
2024-10-04T21:41:25.726+0300: 400.935: Total time for which application threads were stopped: 0.0014127 seconds, Stopping threads took: 0.0001847 seconds
2024-10-04T21:41:26.103+0300: 401.306: Application time: 0.3713167 seconds
2024-10-04T21:41:26.103+0300: 401.306: [GC (Allocation Failure) [PSYoungGen: 262540K->5360K(265728K)] 292553K->35413K(812032K), 0.0012552 secs] [Times: user=0.00 sys=0.00, real=0.00 secs] 
2024-10-04T21:41:26.103+0300: 401.308: Total time for which application threads were stopped: 0.0015456 seconds, Stopping threads took: 0.0001402 seconds
2024-10-04T21:41:26.464+0300: 401.675: Application time: 0.3668661 seconds
2024-10-04T21:41:26.464+0300: 401.675: [GC (Allocation Failure) [PSYoungGen: 263920K->4416K(266240K)] 293973K->34477K(812544K), 0.0010680 secs] [Times: user=0.00 sys=0.00, real=0.00 secs] 
2024-10-04T21:41:26.464+0300: 401.676: Total time for which application threads were stopped: 0.0013936 seconds, Stopping threads took: 0.0001647 seconds
2024-10-04T21:41:26.841+0300: 402.044: Application time: 0.3677030 seconds
2024-10-04T21:41:26.841+0300: 402.044: [GC (Allocation Failure) [PSYoungGen: 263219K->5472K(265728K)] 293280K->35549K(812032K), 0.0011943 secs] [Times: user=0.00 sys=0.00, real=0.00 secs] 
2024-10-04T21:41:26.841+0300: 402.045: Total time for which application threads were stopped: 0.0014687 seconds, Stopping threads took: 0.0001384 seconds
2024-10-04T21:41:27.217+0300: 402.421: Application time: 0.3757666 seconds
2024-10-04T21:41:27.217+0300: 402.421: [GC (Allocation Failure) [PSYoungGen: 264407K->5344K(265728K)] 294484K->35469K(812032K), 0.0013317 secs] [Times: user=0.00 sys=0.00, real=0.00 secs] 
2024-10-04T21:41:27.217+0300: 402.423: Total time for which application threads were stopped: 0.0017024 seconds, Stopping threads took: 0.0002240 seconds
2024-10-04T21:41:27.578+0300: 402.791: Application time: 0.3678453 seconds
2024-10-04T21:41:27.578+0300: 402.791: [GC (Allocation Failure) [PSYoungGen: 263209K->2336K(265728K)] 293335K->32469K(812032K), 0.0008466 secs] [Times: user=0.00 sys=0.00, real=0.00 secs] 
2024-10-04T21:41:27.578+0300: 402.792: Total time for which application threads were stopped: 0.0011765 seconds, Stopping threads took: 0.0001958 seconds
2024-10-04T21:41:27.955+0300: 403.156: Application time: 0.3643524 seconds
2024-10-04T21:41:27.955+0300: 403.156: [GC (Allocation Failure) [PSYoungGen: 260140K->4400K(265728K)] 290274K->34609K(812032K), 0.0009602 secs] [Times: user=0.00 sys=0.00, real=0.00 secs] 
2024-10-04T21:41:27.955+0300: 403.157: Total time for which application threads were stopped: 0.0012727 seconds, Stopping threads took: 0.0001796 seconds
2024-10-04T21:41:28.316+0300: 403.531: Application time: 0.3737644 seconds
2024-10-04T21:41:28.316+0300: 403.531: [GC (Allocation Failure) [PSYoungGen: 262258K->4448K(265728K)] 292467K->34665K(812032K), 0.0010876 secs] [Times: user=0.00 sys=0.00, real=0.02 secs] 
2024-10-04T21:41:28.332+0300: 403.533: Total time for which application threads were stopped: 0.0014021 seconds, Stopping threads took: 0.0001696 seconds
2024-10-04T21:41:28.701+0300: 403.903: Application time: 0.3704860 seconds
2024-10-04T21:41:28.701+0300: 403.903: [GC (Allocation Failure) [PSYoungGen: 262477K->4480K(266240K)] 292694K->34705K(812544K), 0.0010211 secs] [Times: user=0.00 sys=0.00, real=0.00 secs] 
2024-10-04T21:41:28.701+0300: 403.904: Total time for which application threads were stopped: 0.0012708 seconds, Stopping threads took: 0.0001222 seconds
2024-10-04T21:41:29.069+0300: 404.271: Application time: 0.3666112 seconds
2024-10-04T21:41:29.069+0300: 404.271: [GC (Allocation Failure) [PSYoungGen: 264027K->4368K(266240K)] 294252K->34601K(812544K), 0.0012484 secs] [Times: user=0.00 sys=0.00, real=0.00 secs] 
2024-10-04T21:41:29.069+0300: 404.273: Total time for which application threads were stopped: 0.0015866 seconds, Stopping threads took: 0.0001676 seconds
2024-10-04T21:41:29.431+0300: 404.644: Application time: 0.3716938 seconds
2024-10-04T21:41:29.431+0300: 404.645: [GC (Allocation Failure) [PSYoungGen: 263683K->5424K(266240K)] 293916K->35665K(812544K), 0.0012744 secs] [Times: user=0.00 sys=0.00, real=0.00 secs] 
2024-10-04T21:41:29.431+0300: 404.646: Total time for which application threads were stopped: 0.0017339 seconds, Stopping threads took: 0.0003037 seconds
2024-10-04T21:41:29.807+0300: 405.015: Application time: 0.3694885 seconds
2024-10-04T21:41:29.807+0300: 405.016: [GC (Allocation Failure) [PSYoungGen: 265002K->5440K(266240K)] 295243K->35689K(812544K), 0.0011202 secs] [Times: user=0.00 sys=0.00, real=0.00 secs] 
2024-10-04T21:41:29.807+0300: 405.017: Total time for which application threads were stopped: 0.0014134 seconds, Stopping threads took: 0.0001662 seconds
2024-10-04T21:41:30.184+0300: 405.388: Application time: 0.3715812 seconds
2024-10-04T21:41:30.184+0300: 405.389: [GC (Allocation Failure) [PSYoungGen: 264439K->5440K(266240K)] 294689K->35697K(812544K), 0.0013005 secs] [Times: user=0.00 sys=0.00, real=0.00 secs] 
2024-10-04T21:41:30.184+0300: 405.390: Total time for which application threads were stopped: 0.0016929 seconds, Stopping threads took: 0.0002087 seconds
2024-10-04T21:41:30.545+0300: 405.757: Application time: 0.3670554 seconds
2024-10-04T21:41:30.545+0300: 405.758: [GC (Allocation Failure) [PSYoungGen: 264358K->4464K(266240K)] 294616K->34729K(812544K), 0.0010860 secs] [Times: user=0.00 sys=0.00, real=0.00 secs] 
2024-10-04T21:41:30.545+0300: 405.759: Total time for which application threads were stopped: 0.0014825 seconds, Stopping threads took: 0.0002008 seconds
2024-10-04T21:41:30.921+0300: 406.126: Application time: 0.3676170 seconds
2024-10-04T21:41:30.921+0300: 406.127: [GC (Allocation Failure) [PSYoungGen: 263216K->4416K(266240K)] 293481K->34689K(812544K), 0.0010198 secs] [Times: user=0.00 sys=0.00, real=0.00 secs] 
2024-10-04T21:41:30.921+0300: 406.128: Total time for which application threads were stopped: 0.0013663 seconds, Stopping threads took: 0.0002036 seconds
2024-10-04T21:41:31.298+0300: 406.500: Application time: 0.3726369 seconds
2024-10-04T21:41:31.298+0300: 406.501: [GC (Allocation Failure) [PSYoungGen: 263235K->4480K(266240K)] 293508K->34761K(812544K), 0.0011021 secs] [Times: user=0.00 sys=0.00, real=0.00 secs] 
2024-10-04T21:41:31.298+0300: 406.502: Total time for which application threads were stopped: 0.0014181 seconds, Stopping threads took: 0.0001785 seconds
2024-10-04T21:41:31.659+0300: 406.869: Application time: 0.3668404 seconds
2024-10-04T21:41:31.659+0300: 406.869: [GC (Allocation Failure) [PSYoungGen: 263605K->5344K(266240K)] 293886K->35733K(812544K), 0.0013684 secs] [Times: user=0.00 sys=0.00, real=0.00 secs] 
2024-10-04T21:41:31.659+0300: 406.870: Total time for which application threads were stopped: 0.0016959 seconds, Stopping threads took: 0.0001226 seconds
2024-10-04T21:41:32.035+0300: 407.243: Application time: 0.3728918 seconds
2024-10-04T21:41:32.035+0300: 407.243: [GC (Allocation Failure) [PSYoungGen: 264098K->3424K(266240K)] 294488K->33821K(812544K), 0.0009337 secs] [Times: user=0.00 sys=0.00, real=0.00 secs] 
2024-10-04T21:41:32.035+0300: 407.244: Total time for which application threads were stopped: 0.0012821 seconds, Stopping threads took: 0.0001520 seconds
2024-10-04T21:41:32.409+0300: 407.612: Application time: 0.3675165 seconds
2024-10-04T21:41:32.409+0300: 407.612: [GC (Allocation Failure) [PSYoungGen: 262199K->4448K(266240K)] 292596K->34853K(812544K), 0.0011981 secs] [Times: user=0.00 sys=0.00, real=0.00 secs] 
2024-10-04T21:41:32.412+0300: 407.614: Total time for which application threads were stopped: 0.0015539 seconds, Stopping threads took: 0.0002089 seconds
2024-10-04T21:41:32.773+0300: 407.985: Application time: 0.3719584 seconds
2024-10-04T21:41:32.773+0300: 407.986: [GC (Allocation Failure) [PSYoungGen: 263609K->4448K(266240K)] 294014K->34861K(812544K), 0.0011682 secs] [Times: user=0.00 sys=0.00, real=0.00 secs] 
2024-10-04T21:41:32.773+0300: 407.987: Total time for which application threads were stopped: 0.0015638 seconds, Stopping threads took: 0.0002534 seconds
2024-10-04T21:41:33.150+0300: 408.359: Application time: 0.3719398 seconds
2024-10-04T21:41:33.150+0300: 408.359: [GC (Allocation Failure) [PSYoungGen: 263256K->3392K(266752K)] 293670K->33853K(813056K), 0.0009041 secs] [Times: user=0.00 sys=0.00, real=0.00 secs] 
2024-10-04T21:41:33.150+0300: 408.360: Total time for which application threads were stopped: 0.0012132 seconds, Stopping threads took: 0.0001732 seconds
2024-10-04T21:41:33.511+0300: 408.727: Application time: 0.3664241 seconds
2024-10-04T21:41:33.511+0300: 408.727: [GC (Allocation Failure) [PSYoungGen: 264000K->5424K(266240K)] 294461K->35893K(812544K), 0.0013077 secs] [Times: user=0.01 sys=0.00, real=0.02 secs] 
2024-10-04T21:41:33.527+0300: 408.728: Total time for which application threads were stopped: 0.0016376 seconds, Stopping threads took: 0.0001850 seconds
2024-10-04T21:41:33.887+0300: 409.102: Application time: 0.3738187 seconds
2024-10-04T21:41:33.887+0300: 409.102: [GC (Allocation Failure) [PSYoungGen: 265575K->3424K(266240K)] 296044K->33909K(812544K), 0.0008563 secs] [Times: user=0.00 sys=0.00, real=0.00 secs] 
2024-10-04T21:41:33.887+0300: 409.103: Total time for which application threads were stopped: 0.0012132 seconds, Stopping threads took: 0.0002148 seconds
2024-10-04T21:41:34.264+0300: 409.475: Application time: 0.3712898 seconds
2024-10-04T21:41:34.264+0300: 409.475: [GC (Allocation Failure) [PSYoungGen: 262241K->4416K(266240K)] 292727K->34941K(812544K), 0.0009800 secs] [Times: user=0.00 sys=0.00, real=0.00 secs] 
2024-10-04T21:41:34.264+0300: 409.476: Total time for which application threads were stopped: 0.0012736 seconds, Stopping threads took: 0.0001673 seconds
2024-10-04T21:41:34.641+0300: 409.842: Application time: 0.3661313 seconds
2024-10-04T21:41:34.641+0300: 409.842: [GC (Allocation Failure) [PSYoungGen: 263356K->4448K(266752K)] 293881K->34981K(813056K), 0.0009732 secs] [Times: user=0.00 sys=0.00, real=0.00 secs] 
2024-10-04T21:41:34.641+0300: 409.843: Total time for which application threads were stopped: 0.0012903 seconds, Stopping threads took: 0.0001659 seconds
2024-10-04T21:41:35.001+0300: 410.215: Application time: 0.3714505 seconds
2024-10-04T21:41:35.014+0300: 410.215: [GC (Allocation Failure) [PSYoungGen: 264544K->3424K(266240K)] 295077K->34005K(812544K), 0.0007763 secs] [Times: user=0.00 sys=0.00, real=0.00 secs] 
2024-10-04T21:41:35.014+0300: 410.216: Total time for which application threads were stopped: 0.0010943 seconds, Stopping threads took: 0.0002043 seconds
2024-10-04T21:41:35.378+0300: 410.594: Application time: 0.3777587 seconds
2024-10-04T21:41:35.378+0300: 410.594: [GC (Allocation Failure) [PSYoungGen: 263516K->4464K(266752K)] 294098K->35053K(813056K), 0.0012344 secs] [Times: user=0.01 sys=0.00, real=0.02 secs] 
2024-10-04T21:41:35.394+0300: 410.595: Total time for which application threads were stopped: 0.0016089 seconds, Stopping threads took: 0.0002146 seconds
2024-10-04T21:41:35.755+0300: 410.966: Application time: 0.3709766 seconds
2024-10-04T21:41:35.755+0300: 410.966: [GC (Allocation Failure) [PSYoungGen: 264739K->5440K(266752K)] 295328K->36037K(813056K), 0.0012240 secs] [Times: user=0.00 sys=0.00, real=0.00 secs] 
2024-10-04T21:41:35.755+0300: 410.968: Total time for which application threads were stopped: 0.0015223 seconds, Stopping threads took: 0.0001585 seconds
2024-10-04T21:41:36.131+0300: 411.339: Application time: 0.3716528 seconds
2024-10-04T21:41:36.131+0300: 411.340: [GC (Allocation Failure) [PSYoungGen: 265280K->3392K(265728K)] 295877K->33997K(812032K), 0.0009753 secs] [Times: user=0.00 sys=0.00, real=0.00 secs] 
2024-10-04T21:41:36.131+0300: 411.341: Total time for which application threads were stopped: 0.0013254 seconds, Stopping threads took: 0.0001659 seconds
2024-10-04T21:41:36.492+0300: 411.707: Application time: 0.3659704 seconds
2024-10-04T21:41:36.492+0300: 411.707: [GC (Allocation Failure) [PSYoungGen: 262619K->5424K(266240K)] 293224K->36053K(812544K), 0.0013109 secs] [Times: user=0.00 sys=0.00, real=0.00 secs] 
2024-10-04T21:41:36.492+0300: 411.708: Total time for which application threads were stopped: 0.0016365 seconds, Stopping threads took: 0.0001822 seconds
2024-10-04T21:41:36.869+0300: 412.083: Application time: 0.3746388 seconds
2024-10-04T21:41:36.869+0300: 412.083: [GC (Allocation Failure) [PSYoungGen: 265008K->4464K(266240K)] 295637K->35101K(812544K), 0.0011244 secs] [Times: user=0.00 sys=0.00, real=0.00 secs] 
2024-10-04T21:41:36.869+0300: 412.084: Total time for which application threads were stopped: 0.0014625 seconds, Stopping threads took: 0.0001853 seconds
2024-10-04T21:41:37.261+0300: 412.467: Application time: 0.3824611 seconds
2024-10-04T21:41:37.261+0300: 412.467: [GC (Allocation Failure) [PSYoungGen: 263688K->4432K(266240K)] 294326K->35077K(812544K), 0.0012851 secs] [Times: user=0.00 sys=0.00, real=0.00 secs] 
2024-10-04T21:41:37.261+0300: 412.469: Total time for which application threads were stopped: 0.0016210 seconds, Stopping threads took: 0.0001518 seconds
2024-10-04T21:41:37.638+0300: 412.848: Application time: 0.3790689 seconds
2024-10-04T21:41:37.638+0300: 412.848: [GC (Allocation Failure) [PSYoungGen: 263006K->4416K(266752K)] 293651K->35101K(813056K), 0.0011184 secs] [Times: user=0.00 sys=0.00, real=0.00 secs] 
2024-10-04T21:41:37.638+0300: 412.849: Total time for which application threads were stopped: 0.0014216 seconds, Stopping threads took: 0.0001548 seconds
2024-10-04T21:41:38.020+0300: 413.230: Application time: 0.3806608 seconds
2024-10-04T21:41:38.020+0300: 413.230: [GC (Allocation Failure) [PSYoungGen: 264525K->5392K(266752K)] 295211K->36133K(813056K), 0.0014670 secs] [Times: user=0.00 sys=0.00, real=0.00 secs] 
2024-10-04T21:41:38.031+0300: 413.231: Total time for which application threads were stopped: 0.0017811 seconds, Stopping threads took: 0.0001220 seconds
2024-10-04T21:41:38.421+0300: 413.623: Application time: 0.3919296 seconds
2024-10-04T21:41:38.421+0300: 413.624: [GC (Allocation Failure) [PSYoungGen: 265302K->4432K(266752K)] 296044K->35197K(813056K), 0.0013106 secs] [Times: user=0.00 sys=0.00, real=0.00 secs] 
2024-10-04T21:41:38.423+0300: 413.625: Total time for which application threads were stopped: 0.0016705 seconds, Stopping threads took: 0.0001960 seconds
2024-10-04T21:41:38.800+0300: 414.002: Application time: 0.3767858 seconds
2024-10-04T21:41:38.800+0300: 414.002: [GC (Allocation Failure) [PSYoungGen: 264657K->4448K(266752K)] 295422K->35253K(813056K), 0.0011305 secs] [Times: user=0.00 sys=0.00, real=0.00 secs] 
2024-10-04T21:41:38.800+0300: 414.003: Total time for which application threads were stopped: 0.0014605 seconds, Stopping threads took: 0.0001645 seconds
2024-10-04T21:41:39.176+0300: 414.379: Application time: 0.3757693 seconds
2024-10-04T21:41:39.176+0300: 414.379: [GC (Allocation Failure) [PSYoungGen: 264357K->5440K(266752K)] 295162K->36253K(813056K), 0.0013503 secs] [Times: user=0.00 sys=0.00, real=0.00 secs] 
2024-10-04T21:41:39.176+0300: 414.381: Total time for which application threads were stopped: 0.0016862 seconds, Stopping threads took: 0.0001851 seconds
2024-10-04T21:41:39.553+0300: 414.761: Application time: 0.3803271 seconds
2024-10-04T21:41:39.553+0300: 414.761: [GC (Allocation Failure) [PSYoungGen: 266048K->3408K(266752K)] 296861K->34261K(813056K), 0.0011119 secs] [Times: user=0.00 sys=0.00, real=0.00 secs] 
2024-10-04T21:41:39.553+0300: 414.763: Total time for which application threads were stopped: 0.0014410 seconds, Stopping threads took: 0.0001636 seconds
2024-10-04T21:41:39.928+0300: 415.138: Application time: 0.3749624 seconds
2024-10-04T21:41:39.928+0300: 415.138: [GC (Allocation Failure) [PSYoungGen: 263844K->3408K(266752K)] 294698K->34269K(813056K), 0.0009222 secs] [Times: user=0.00 sys=0.00, real=0.00 secs] 
2024-10-04T21:41:39.928+0300: 415.139: Total time for which application threads were stopped: 0.0011927 seconds, Stopping threads took: 0.0001216 seconds
2024-10-04T21:41:40.305+0300: 415.515: Application time: 0.3767575 seconds
2024-10-04T21:41:40.305+0300: 415.516: [GC (Allocation Failure) [PSYoungGen: 264016K->4464K(266752K)] 294877K->35333K(813056K), 0.0010586 secs] [Times: user=0.00 sys=0.00, real=0.00 secs] 
2024-10-04T21:41:40.305+0300: 415.517: Total time for which application threads were stopped: 0.0013551 seconds, Stopping threads took: 0.0001575 seconds
2024-10-04T21:41:40.681+0300: 415.888: Application time: 0.3706906 seconds
2024-10-04T21:41:40.681+0300: 415.888: [GC (Allocation Failure) [PSYoungGen: 264590K->3392K(266752K)] 295460K->34301K(813056K), 0.0009357 secs] [Times: user=0.00 sys=0.00, real=0.00 secs] 
2024-10-04T21:41:40.681+0300: 415.889: Total time for which application threads were stopped: 0.0012121 seconds, Stopping threads took: 0.0001389 seconds
2024-10-04T21:41:41.042+0300: 416.257: Application time: 0.3680685 seconds
2024-10-04T21:41:41.042+0300: 416.257: [GC (Allocation Failure) [PSYoungGen: 263274K->5440K(266240K)] 294184K->36357K(812544K), 0.0011909 secs] [Times: user=0.00 sys=0.00, real=0.00 secs] 
2024-10-04T21:41:41.042+0300: 416.258: Total time for which application threads were stopped: 0.0015268 seconds, Stopping threads took: 0.0001829 seconds
2024-10-04T21:41:41.428+0300: 416.631: Application time: 0.3722533 seconds
2024-10-04T21:41:41.428+0300: 416.631: [GC (Allocation Failure) [PSYoungGen: 265370K->5456K(266240K)] 296288K->36381K(812544K), 0.0012634 secs] [Times: user=0.00 sys=0.00, real=0.00 secs] 
2024-10-04T21:41:41.428+0300: 416.632: Total time for which application threads were stopped: 0.0016434 seconds, Stopping threads took: 0.0001950 seconds
2024-10-04T21:41:41.796+0300: 416.999: Application time: 0.3671714 seconds
2024-10-04T21:41:41.796+0300: 417.000: [GC (Allocation Failure) [PSYoungGen: 264419K->5408K(266240K)] 295344K->36381K(812544K), 0.0011920 secs] [Times: user=0.00 sys=0.00, real=0.00 secs] 
2024-10-04T21:41:41.796+0300: 417.001: Total time for which application threads were stopped: 0.0015201 seconds, Stopping threads took: 0.0002030 seconds
2024-10-04T21:41:42.173+0300: 417.377: Application time: 0.3761835 seconds
2024-10-04T21:41:42.173+0300: 417.377: [GC (Allocation Failure) [PSYoungGen: 264233K->5456K(265216K)] 295206K->36437K(811520K), 0.0012015 secs] [Times: user=0.00 sys=0.00, real=0.00 secs] 
2024-10-04T21:41:42.173+0300: 417.379: Total time for which application threads were stopped: 0.0015577 seconds, Stopping threads took: 0.0001889 seconds
2024-10-04T21:41:42.533+0300: 417.746: Application time: 0.3668751 seconds
2024-10-04T21:41:42.533+0300: 417.746: [GC (Allocation Failure) [PSYoungGen: 263440K->5424K(265728K)] 294421K->36429K(812032K), 0.0013000 secs] [Times: user=0.00 sys=0.00, real=0.00 secs] 
2024-10-04T21:41:42.533+0300: 417.747: Total time for which application threads were stopped: 0.0016177 seconds, Stopping threads took: 0.0001553 seconds
2024-10-04T21:41:42.910+0300: 418.115: Application time: 0.3673524 seconds
2024-10-04T21:41:42.910+0300: 418.115: [GC (Allocation Failure) [PSYoungGen: 263901K->4464K(266240K)] 294907K->35477K(812544K), 0.0010516 secs] [Times: user=0.00 sys=0.00, real=0.00 secs] 
2024-10-04T21:41:42.910+0300: 418.116: Total time for which application threads were stopped: 0.0013037 seconds, Stopping threads took: 0.0001127 seconds
2024-10-04T21:41:43.287+0300: 418.490: Application time: 0.3743799 seconds
2024-10-04T21:41:43.287+0300: 418.490: [GC (Allocation Failure) [PSYoungGen: 263413K->4448K(265728K)] 294427K->35469K(812032K), 0.0012163 secs] [Times: user=0.00 sys=0.00, real=0.00 secs] 
2024-10-04T21:41:43.287+0300: 418.492: Total time for which application threads were stopped: 0.0014939 seconds, Stopping threads took: 0.0000991 seconds
2024-10-04T21:41:43.648+0300: 418.860: Application time: 0.3681166 seconds
2024-10-04T21:41:43.648+0300: 418.860: [GC (Allocation Failure) [PSYoungGen: 263495K->3376K(266240K)] 294516K->34445K(812544K), 0.0009178 secs] [Times: user=0.00 sys=0.00, real=0.00 secs] 
2024-10-04T21:41:43.648+0300: 418.861: Total time for which application threads were stopped: 0.0012699 seconds, Stopping threads took: 0.0002198 seconds
2024-10-04T21:41:44.024+0300: 419.226: Application time: 0.3645840 seconds
2024-10-04T21:41:44.024+0300: 419.226: [GC (Allocation Failure) [PSYoungGen: 261991K->4368K(266240K)] 293061K->35477K(812544K), 0.0009842 secs] [Times: user=0.00 sys=0.00, real=0.00 secs] 
2024-10-04T21:41:44.024+0300: 419.227: Total time for which application threads were stopped: 0.0012769 seconds, Stopping threads took: 0.0001576 seconds
2024-10-04T21:41:44.385+0300: 419.600: Application time: 0.3729111 seconds
2024-10-04T21:41:44.385+0300: 419.600: [GC (Allocation Failure) [PSYoungGen: 263343K->5408K(266240K)] 294453K->36533K(812544K), 0.0014090 secs] [Times: user=0.00 sys=0.00, real=0.02 secs] 
2024-10-04T21:41:44.401+0300: 419.602: Total time for which application threads were stopped: 0.0017152 seconds, Stopping threads took: 0.0001600 seconds
2024-10-04T21:41:44.762+0300: 419.969: Application time: 0.3674618 seconds
2024-10-04T21:41:44.762+0300: 419.969: [GC (Allocation Failure) [PSYoungGen: 264413K->4448K(266240K)] 295539K->35581K(812544K), 0.0010437 secs] [Times: user=0.00 sys=0.00, real=0.00 secs] 
2024-10-04T21:41:44.762+0300: 419.970: Total time for which application threads were stopped: 0.0013720 seconds, Stopping threads took: 0.0001975 seconds
2024-10-04T21:41:45.138+0300: 420.344: Application time: 0.3737698 seconds
2024-10-04T21:41:45.138+0300: 420.345: [GC (Allocation Failure) [PSYoungGen: 263376K->5440K(266240K)] 294510K->36589K(812544K), 0.0013545 secs] [Times: user=0.00 sys=0.00, real=0.00 secs] 
2024-10-04T21:41:45.138+0300: 420.346: Total time for which application threads were stopped: 0.0017520 seconds, Stopping threads took: 0.0002381 seconds
2024-10-04T21:41:45.498+0300: 420.713: Application time: 0.3668178 seconds
2024-10-04T21:41:45.498+0300: 420.713: [GC (Allocation Failure) [PSYoungGen: 265024K->4448K(266240K)] 296173K->35605K(812544K), 0.0010614 secs] [Times: user=0.00 sys=0.00, real=0.00 secs] 
2024-10-04T21:41:45.498+0300: 420.714: Total time for which application threads were stopped: 0.0014113 seconds, Stopping threads took: 0.0002053 seconds
2024-10-04T21:41:45.875+0300: 421.081: Application time: 0.3663035 seconds
2024-10-04T21:41:45.875+0300: 421.081: [GC (Allocation Failure) [PSYoungGen: 263434K->5408K(266240K)] 294592K->36638K(812544K), 0.0011002 secs] [Times: user=0.00 sys=0.00, real=0.00 secs] 
2024-10-04T21:41:45.875+0300: 421.082: Total time for which application threads were stopped: 0.0014110 seconds, Stopping threads took: 0.0001632 seconds
2024-10-04T21:41:46.252+0300: 421.465: Application time: 0.3830225 seconds
2024-10-04T21:41:46.252+0300: 421.465: [GC (Allocation Failure) [PSYoungGen: 264992K->4480K(266240K)] 296222K->35718K(812544K), 0.0034757 secs] [Times: user=0.02 sys=0.00, real=0.01 secs] 
2024-10-04T21:41:46.267+0300: 421.469: Total time for which application threads were stopped: 0.0038448 seconds, Stopping threads took: 0.0001807 seconds
2024-10-04T21:41:46.628+0300: 421.831: Application time: 0.3624216 seconds
2024-10-04T21:41:46.628+0300: 421.831: [GC (Allocation Failure) [PSYoungGen: 263172K->4448K(266240K)] 294410K->35694K(812544K), 0.0010162 secs] [Times: user=0.00 sys=0.00, real=0.00 secs] 
2024-10-04T21:41:46.628+0300: 421.833: Total time for which application threads were stopped: 0.0014024 seconds, Stopping threads took: 0.0001650 seconds
2024-10-04T21:41:46.989+0300: 422.200: Application time: 0.3674111 seconds
2024-10-04T21:41:46.989+0300: 422.200: [GC (Allocation Failure) [PSYoungGen: 263697K->4416K(266240K)] 294942K->35702K(812544K), 0.0009774 secs] [Times: user=0.00 sys=0.00, real=0.00 secs] 
2024-10-04T21:41:46.989+0300: 422.201: Total time for which application threads were stopped: 0.0012809 seconds, Stopping threads took: 0.0001623 seconds
2024-10-04T21:41:47.366+0300: 422.577: Application time: 0.3756466 seconds
2024-10-04T21:41:47.366+0300: 422.577: [GC (Allocation Failure) [PSYoungGen: 263011K->5440K(265728K)] 294297K->36734K(812032K), 0.0012718 secs] [Times: user=0.00 sys=0.00, real=0.00 secs] 
2024-10-04T21:41:47.366+0300: 422.579: Total time for which application threads were stopped: 0.0016752 seconds, Stopping threads took: 0.0002239 seconds
2024-10-04T21:41:47.742+0300: 422.945: Application time: 0.3660657 seconds
2024-10-04T21:41:47.742+0300: 422.945: [GC (Allocation Failure) [PSYoungGen: 264465K->5440K(266240K)] 295759K->36750K(812544K), 0.0012356 secs] [Times: user=0.00 sys=0.00, real=0.00 secs] 
2024-10-04T21:41:47.742+0300: 422.946: Total time for which application threads were stopped: 0.0015001 seconds, Stopping threads took: 0.0001251 seconds
2024-10-04T21:41:48.119+0300: 423.323: Application time: 0.3771478 seconds
2024-10-04T21:41:48.119+0300: 423.324: [GC (Allocation Failure) [PSYoungGen: 264261K->4448K(266240K)] 295571K->35790K(812544K), 0.0010418 secs] [Times: user=0.00 sys=0.00, real=0.00 secs] 
2024-10-04T21:41:48.119+0300: 423.325: Total time for which application threads were stopped: 0.0013632 seconds, Stopping threads took: 0.0001795 seconds
2024-10-04T21:41:48.480+0300: 423.690: Application time: 0.3653757 seconds
2024-10-04T21:41:48.480+0300: 423.690: [GC (Allocation Failure) [PSYoungGen: 263377K->5472K(266240K)] 294719K->36822K(812544K), 0.0013248 secs] [Times: user=0.00 sys=0.00, real=0.00 secs] 
2024-10-04T21:41:48.480+0300: 423.692: Total time for which application threads were stopped: 0.0016127 seconds, Stopping threads took: 0.0001299 seconds
2024-10-04T21:41:48.857+0300: 424.058: Application time: 0.3661428 seconds
2024-10-04T21:41:48.857+0300: 424.058: [GC (Allocation Failure) [PSYoungGen: 264435K->4448K(266240K)] 295785K->35806K(812544K), 0.0010876 secs] [Times: user=0.00 sys=0.00, real=0.00 secs] 
2024-10-04T21:41:48.857+0300: 424.059: Total time for which application threads were stopped: 0.0013487 seconds, Stopping threads took: 0.0001309 seconds
2024-10-04T21:41:49.233+0300: 424.434: Application time: 0.3751097 seconds
2024-10-04T21:41:49.233+0300: 424.435: [GC (Allocation Failure) [PSYoungGen: 263217K->4480K(266240K)] 294575K->35846K(812544K), 0.0009164 secs] [Times: user=0.00 sys=0.00, real=0.00 secs] 
2024-10-04T21:41:49.233+0300: 424.436: Total time for which application threads were stopped: 0.0011905 seconds, Stopping threads took: 0.0001459 seconds
2024-10-04T21:41:49.610+0300: 424.815: Application time: 0.3793850 seconds
2024-10-04T21:41:49.610+0300: 424.815: [GC (Allocation Failure) [PSYoungGen: 263458K->4480K(266752K)] 294824K->35854K(813056K), 0.0011369 secs] [Times: user=0.00 sys=0.00, real=0.00 secs] 
2024-10-04T21:41:49.610+0300: 424.816: Total time for which application threads were stopped: 0.0014191 seconds, Stopping threads took: 0.0001149 seconds
2024-10-04T21:41:49.971+0300: 425.186: Application time: 0.3699030 seconds
2024-10-04T21:41:49.971+0300: 425.186: [GC (Allocation Failure) [PSYoungGen: 264510K->4384K(266240K)] 295884K->35810K(812544K), 0.0009506 secs] [Times: user=0.00 sys=0.00, real=0.00 secs] 
2024-10-04T21:41:49.971+0300: 425.188: Total time for which application threads were stopped: 0.0012701 seconds, Stopping threads took: 0.0001628 seconds
2024-10-04T21:41:50.364+0300: 425.574: Application time: 0.3868306 seconds
2024-10-04T21:41:50.364+0300: 425.575: [GC (Allocation Failure) [PSYoungGen: 264211K->4448K(266752K)] 295637K->35882K(813056K), 0.0034034 secs] [Times: user=0.00 sys=0.00, real=0.00 secs] 
2024-10-04T21:41:50.364+0300: 425.578: Total time for which application threads were stopped: 0.0037575 seconds, Stopping threads took: 0.0001214 seconds
2024-10-04T21:41:50.746+0300: 425.948: Application time: 0.3700749 seconds
2024-10-04T21:41:50.746+0300: 425.948: [GC (Allocation Failure) [PSYoungGen: 264555K->5424K(266752K)] 295989K->36882K(813056K), 0.0012624 secs] [Times: user=0.00 sys=0.00, real=0.00 secs] 
2024-10-04T21:41:50.746+0300: 425.950: Total time for which application threads were stopped: 0.0015705 seconds, Stopping threads took: 0.0001502 seconds
2024-10-04T21:41:51.117+0300: 426.327: Application time: 0.3774623 seconds
2024-10-04T21:41:51.117+0300: 426.328: [GC (Allocation Failure) [PSYoungGen: 265263K->5408K(265728K)] 296721K->36882K(812032K), 0.0014065 secs] [Times: user=0.06 sys=0.00, real=0.00 secs] 
2024-10-04T21:41:51.117+0300: 426.329: Total time for which application threads were stopped: 0.0019561 seconds, Stopping threads took: 0.0004003 seconds
2024-10-04T21:41:51.494+0300: 426.700: Application time: 0.3711266 seconds
2024-10-04T21:41:51.494+0300: 426.701: [GC (Allocation Failure) [PSYoungGen: 264383K->3440K(266240K)] 295857K->34922K(812544K), 0.0009141 secs] [Times: user=0.00 sys=0.00, real=0.00 secs] 
2024-10-04T21:41:51.494+0300: 426.702: Total time for which application threads were stopped: 0.0012258 seconds, Stopping threads took: 0.0001722 seconds
2024-10-04T21:41:51.855+0300: 427.068: Application time: 0.3662077 seconds
2024-10-04T21:41:51.855+0300: 427.068: [GC (Allocation Failure) [PSYoungGen: 262148K->4416K(266240K)] 293630K->35938K(812544K), 0.0010741 secs] [Times: user=0.00 sys=0.00, real=0.00 secs] 
2024-10-04T21:41:51.855+0300: 427.069: Total time for which application threads were stopped: 0.0014120 seconds, Stopping threads took: 0.0001818 seconds
2024-10-04T21:41:52.231+0300: 427.443: Application time: 0.3733687 seconds
2024-10-04T21:41:52.231+0300: 427.443: [GC (Allocation Failure) [PSYoungGen: 263542K->5392K(266240K)] 295064K->36938K(812544K), 0.0013045 secs] [Times: user=0.00 sys=0.00, real=0.00 secs] 
2024-10-04T21:41:52.231+0300: 427.444: Total time for which application threads were stopped: 0.0016888 seconds, Stopping threads took: 0.0002285 seconds
2024-10-04T21:41:52.608+0300: 427.813: Application time: 0.3685734 seconds
2024-10-04T21:41:52.608+0300: 427.813: [GC (Allocation Failure) [PSYoungGen: 264084K->4416K(266240K)] 295630K->36002K(812544K), 0.0010733 secs] [Times: user=0.00 sys=0.00, real=0.00 secs] 
2024-10-04T21:41:52.608+0300: 427.814: Total time for which application threads were stopped: 0.0013719 seconds, Stopping threads took: 0.0001467 seconds
2024-10-04T21:41:52.970+0300: 428.182: Application time: 0.3676965 seconds
2024-10-04T21:41:52.970+0300: 428.182: [GC (Allocation Failure) [PSYoungGen: 263443K->4432K(266240K)] 295030K->36058K(812544K), 0.0010990 secs] [Times: user=0.00 sys=0.00, real=0.00 secs] 
2024-10-04T21:41:52.970+0300: 428.183: Total time for which application threads were stopped: 0.0014861 seconds, Stopping threads took: 0.0002109 seconds
2024-10-04T21:41:53.361+0300: 428.564: Application time: 0.3803999 seconds
2024-10-04T21:41:53.361+0300: 428.564: [GC (Allocation Failure) [PSYoungGen: 264016K->4448K(266752K)] 295642K->36082K(813056K), 0.0010750 secs] [Times: user=0.00 sys=0.00, real=0.00 secs] 
2024-10-04T21:41:53.361+0300: 428.565: Total time for which application threads were stopped: 0.0014004 seconds, Stopping threads took: 0.0001587 seconds
2024-10-04T21:41:53.722+0300: 428.936: Application time: 0.3711511 seconds
2024-10-04T21:41:53.722+0300: 428.937: [GC (Allocation Failure) [PSYoungGen: 265056K->4480K(266752K)] 296690K->36122K(813056K), 0.0011334 secs] [Times: user=0.00 sys=0.00, real=0.00 secs] 
2024-10-04T21:41:53.722+0300: 428.938: Total time for which application threads were stopped: 0.0014855 seconds, Stopping threads took: 0.0001727 seconds
2024-10-04T21:41:54.115+0300: 429.318: Application time: 0.3802109 seconds
2024-10-04T21:41:54.115+0300: 429.318: [GC (Allocation Failure) [PSYoungGen: 264448K->4384K(266752K)] 296090K->36034K(813056K), 0.0011811 secs] [Times: user=0.00 sys=0.00, real=0.00 secs] 
2024-10-04T21:41:54.115+0300: 429.320: Total time for which application threads were stopped: 0.0015081 seconds, Stopping threads took: 0.0001605 seconds
2024-10-04T21:41:54.476+0300: 429.691: Application time: 0.3710709 seconds
2024-10-04T21:41:54.476+0300: 429.691: [GC (Allocation Failure) [PSYoungGen: 264434K->4480K(266752K)] 296084K->36138K(813056K), 0.0011973 secs] [Times: user=0.03 sys=0.01, real=0.01 secs] 
2024-10-04T21:41:54.491+0300: 429.692: Total time for which application threads were stopped: 0.0015655 seconds, Stopping threads took: 0.0001698 seconds
2024-10-04T21:41:54.855+0300: 430.065: Application time: 0.3726985 seconds
2024-10-04T21:41:54.855+0300: 430.065: [GC (Allocation Failure) [PSYoungGen: 264556K->4464K(267264K)] 296214K->36130K(813568K), 0.0011813 secs] [Times: user=0.00 sys=0.00, real=0.00 secs] 
2024-10-04T21:41:54.855+0300: 430.066: Total time for which application threads were stopped: 0.0015118 seconds, Stopping threads took: 0.0001691 seconds
2024-10-04T21:41:55.245+0300: 430.446: Application time: 0.3800953 seconds
2024-10-04T21:41:55.245+0300: 430.447: [GC (Allocation Failure) [PSYoungGen: 265421K->2352K(266752K)] 297088K->34042K(813056K), 0.0007574 secs] [Times: user=0.00 sys=0.00, real=0.00 secs] 
2024-10-04T21:41:55.245+0300: 430.448: Total time for which application threads were stopped: 0.0010402 seconds, Stopping threads took: 0.0001085 seconds
2024-10-04T21:41:55.606+0300: 430.818: Application time: 0.3707721 seconds
2024-10-04T21:41:55.606+0300: 430.819: [GC (Allocation Failure) [PSYoungGen: 263244K->4416K(266752K)] 294934K->36146K(813056K), 0.0010214 secs] [Times: user=0.02 sys=0.00, real=0.00 secs] 
2024-10-04T21:41:55.606+0300: 430.820: Total time for which application threads were stopped: 0.0014505 seconds, Stopping threads took: 0.0002511 seconds
2024-10-04T21:41:55.982+0300: 431.192: Application time: 0.3727099 seconds
2024-10-04T21:41:55.982+0300: 431.193: [GC (Allocation Failure) [PSYoungGen: 265024K->2432K(266752K)] 296754K->34170K(813056K), 0.0007990 secs] [Times: user=0.00 sys=0.00, real=0.00 secs] 
2024-10-04T21:41:55.982+0300: 431.194: Total time for which application threads were stopped: 0.0010827 seconds, Stopping threads took: 0.0001419 seconds
2024-10-04T21:41:56.359+0300: 431.566: Application time: 0.3724716 seconds
2024-10-04T21:41:56.359+0300: 431.566: [GC (Allocation Failure) [PSYoungGen: 262539K->5392K(265728K)] 294277K->37178K(812032K), 0.0012368 secs] [Times: user=0.00 sys=0.00, real=0.00 secs] 
2024-10-04T21:41:56.359+0300: 431.568: Total time for which application threads were stopped: 0.0015861 seconds, Stopping threads took: 0.0001647 seconds
2024-10-04T21:41:56.736+0300: 431.943: Application time: 0.3750031 seconds
2024-10-04T21:41:56.736+0300: 431.943: [GC (Allocation Failure) [PSYoungGen: 264309K->4352K(266240K)] 296095K->36146K(812544K), 0.0010643 secs] [Times: user=0.00 sys=0.00, real=0.00 secs] 
2024-10-04T21:41:56.736+0300: 431.944: Total time for which application threads were stopped: 0.0013522 seconds, Stopping threads took: 0.0001473 seconds
2024-10-04T21:41:57.113+0300: 432.315: Application time: 0.3710716 seconds
2024-10-04T21:41:57.113+0300: 432.315: [GC (Allocation Failure) [PSYoungGen: 263176K->3456K(266752K)] 294970K->35290K(813056K), 0.0009628 secs] [Times: user=0.00 sys=0.00, real=0.00 secs] 
2024-10-04T21:41:57.113+0300: 432.316: Total time for which application threads were stopped: 0.0012287 seconds, Stopping threads took: 0.0001442 seconds
2024-10-04T21:41:57.474+0300: 432.688: Application time: 0.3713162 seconds
2024-10-04T21:41:57.474+0300: 432.688: [GC (Allocation Failure) [PSYoungGen: 263679K->4464K(266752K)] 295513K->36306K(813056K), 0.0011539 secs] [Times: user=0.00 sys=0.00, real=0.00 secs] 
2024-10-04T21:41:57.474+0300: 432.689: Total time for which application threads were stopped: 0.0015882 seconds, Stopping threads took: 0.0002032 seconds
2024-10-04T21:41:57.850+0300: 433.057: Application time: 0.3682798 seconds
2024-10-04T21:41:57.850+0300: 433.058: [GC (Allocation Failure) [PSYoungGen: 264228K->3424K(266752K)] 296070K->35274K(813056K), 0.0008700 secs] [Times: user=0.00 sys=0.00, real=0.00 secs] 
2024-10-04T21:41:57.850+0300: 433.059: Total time for which application threads were stopped: 0.0011612 seconds, Stopping threads took: 0.0001653 seconds
2024-10-04T21:41:58.227+0300: 433.432: Application time: 0.3731098 seconds
2024-10-04T21:41:58.227+0300: 433.432: [GC (Allocation Failure) [PSYoungGen: 263513K->4416K(266752K)] 295363K->36306K(813056K), 0.0009668 secs] [Times: user=0.00 sys=0.00, real=0.00 secs] 
2024-10-04T21:41:58.227+0300: 433.433: Total time for which application threads were stopped: 0.0012805 seconds, Stopping threads took: 0.0001753 seconds
2024-10-04T21:41:58.604+0300: 433.805: Application time: 0.3721191 seconds
2024-10-04T21:41:58.604+0300: 433.805: [GC (Allocation Failure) [PSYoungGen: 264329K->4464K(266752K)] 296219K->36362K(813056K), 0.0011349 secs] [Times: user=0.00 sys=0.00, real=0.00 secs] 
2024-10-04T21:41:58.605+0300: 433.807: Total time for which application threads were stopped: 0.0014247 seconds, Stopping threads took: 0.0001506 seconds
2024-10-04T21:41:58.965+0300: 434.175: Application time: 0.3680671 seconds
2024-10-04T21:41:58.965+0300: 434.175: [GC (Allocation Failure) [PSYoungGen: 264501K->5424K(266752K)] 296399K->37330K(813056K), 0.0013404 secs] [Times: user=0.00 sys=0.00, real=0.00 secs] 
2024-10-04T21:41:58.965+0300: 434.176: Total time for which application threads were stopped: 0.0016499 seconds, Stopping threads took: 0.0001558 seconds
2024-10-04T21:41:59.342+0300: 434.551: Application time: 0.3750363 seconds
2024-10-04T21:41:59.342+0300: 434.552: [GC (Allocation Failure) [PSYoungGen: 265311K->4320K(266752K)] 297217K->36274K(813056K), 0.0011848 secs] [Times: user=0.00 sys=0.00, real=0.00 secs] 
2024-10-04T21:41:59.342+0300: 434.553: Total time for which application threads were stopped: 0.0015417 seconds, Stopping threads took: 0.0001516 seconds
2024-10-04T21:41:59.718+0300: 434.921: Application time: 0.3682015 seconds
2024-10-04T21:41:59.718+0300: 434.921: [GC (Allocation Failure) [PSYoungGen: 264189K->5440K(266752K)] 296143K->37442K(813056K), 0.0011814 secs] [Times: user=0.00 sys=0.00, real=0.00 secs] 
2024-10-04T21:41:59.718+0300: 434.923: Total time for which application threads were stopped: 0.0014825 seconds, Stopping threads took: 0.0001740 seconds
2024-10-04T21:42:00.095+0300: 435.304: Application time: 0.3817341 seconds
2024-10-04T21:42:00.095+0300: 435.305: [GC (Allocation Failure) [PSYoungGen: 265357K->4448K(266752K)] 297360K->36466K(813056K), 0.0010661 secs] [Times: user=0.00 sys=0.00, real=0.00 secs] 
2024-10-04T21:42:00.095+0300: 435.306: Total time for which application threads were stopped: 0.0013513 seconds, Stopping threads took: 0.0001236 seconds
2024-10-04T21:42:00.472+0300: 435.676: Application time: 0.3706626 seconds
2024-10-04T21:42:00.472+0300: 435.677: [GC (Allocation Failure) [PSYoungGen: 264345K->4448K(266752K)] 296363K->36474K(813056K), 0.0009696 secs] [Times: user=0.00 sys=0.00, real=0.00 secs] 
2024-10-04T21:42:00.472+0300: 435.678: Total time for which application threads were stopped: 0.0012849 seconds, Stopping threads took: 0.0001728 seconds
2024-10-04T21:42:00.833+0300: 436.047: Application time: 0.3695327 seconds
2024-10-04T21:42:00.833+0300: 436.047: [GC (Allocation Failure) [PSYoungGen: 265056K->4448K(266752K)] 297082K->36482K(813056K), 0.0011030 secs] [Times: user=0.00 sys=0.00, real=0.00 secs] 
2024-10-04T21:42:00.833+0300: 436.049: Total time for which application threads were stopped: 0.0014431 seconds, Stopping threads took: 0.0001935 seconds
2024-10-04T21:42:01.210+0300: 436.423: Application time: 0.3741069 seconds
2024-10-04T21:42:01.210+0300: 436.423: [GC (Allocation Failure) [PSYoungGen: 264266K->5456K(266752K)] 296300K->37498K(813056K), 0.0012231 secs] [Times: user=0.00 sys=0.00, real=0.00 secs] 
2024-10-04T21:42:01.210+0300: 436.424: Total time for which application threads were stopped: 0.0015659 seconds, Stopping threads took: 0.0001961 seconds
2024-10-04T21:42:01.586+0300: 436.792: Application time: 0.3677848 seconds
2024-10-04T21:42:01.586+0300: 436.792: [GC (Allocation Failure) [PSYoungGen: 265391K->5424K(266752K)] 297433K->37474K(813056K), 0.0012760 secs] [Times: user=0.00 sys=0.00, real=0.00 secs] 
2024-10-04T21:42:01.586+0300: 436.794: Total time for which application threads were stopped: 0.0015891 seconds, Stopping threads took: 0.0001596 seconds
2024-10-04T21:42:01.963+0300: 437.164: Application time: 0.3705246 seconds
2024-10-04T21:42:01.963+0300: 437.164: [GC (Allocation Failure) [PSYoungGen: 265455K->3392K(264192K)] 297505K->35450K(810496K), 0.0008497 secs] [Times: user=0.00 sys=0.00, real=0.00 secs] 
2024-10-04T21:42:01.963+0300: 437.165: Total time for which application threads were stopped: 0.0011221 seconds, Stopping threads took: 0.0001535 seconds
2024-10-04T21:42:02.339+0300: 437.541: Application time: 0.3755931 seconds
2024-10-04T21:42:02.339+0300: 437.541: [GC (Allocation Failure) [PSYoungGen: 264000K->3408K(266240K)] 296058K->35514K(812544K), 0.0008401 secs] [Times: user=0.00 sys=0.00, real=0.00 secs] 
2024-10-04T21:42:02.339+0300: 437.542: Total time for which application threads were stopped: 0.0011499 seconds, Stopping threads took: 0.0001949 seconds
2024-10-04T21:42:02.700+0300: 437.909: Application time: 0.3669270 seconds
2024-10-04T21:42:02.700+0300: 437.909: [GC (Allocation Failure) [PSYoungGen: 262553K->5376K(266240K)] 294659K->37558K(812544K), 0.0012279 secs] [Times: user=0.00 sys=0.00, real=0.00 secs] 
2024-10-04T21:42:02.700+0300: 437.911: Total time for which application threads were stopped: 0.0015583 seconds, Stopping threads took: 0.0002016 seconds
2024-10-04T21:42:03.077+0300: 438.282: Application time: 0.3718094 seconds
2024-10-04T21:42:03.077+0300: 438.283: [GC (Allocation Failure) [PSYoungGen: 264009K->3456K(266240K)] 296191K->35646K(812544K), 0.0010008 secs] [Times: user=0.00 sys=0.00, real=0.00 secs] 
2024-10-04T21:42:03.077+0300: 438.284: Total time for which application threads were stopped: 0.0012966 seconds, Stopping threads took: 0.0001227 seconds
2024-10-04T21:42:03.438+0300: 438.651: Application time: 0.3675332 seconds
2024-10-04T21:42:03.438+0300: 438.651: [GC (Allocation Failure) [PSYoungGen: 262443K->5440K(266240K)] 294633K->37654K(812544K), 0.0013805 secs] [Times: user=0.00 sys=0.00, real=0.00 secs] 
2024-10-04T21:42:03.438+0300: 438.653: Total time for which application threads were stopped: 0.0017036 seconds, Stopping threads took: 0.0001910 seconds
2024-10-04T21:42:03.815+0300: 439.021: Application time: 0.3676575 seconds
2024-10-04T21:42:03.815+0300: 439.021: [GC (Allocation Failure) [PSYoungGen: 264605K->5472K(265216K)] 296820K->37694K(811520K), 0.0010998 secs] [Times: user=0.00 sys=0.00, real=0.00 secs] 
2024-10-04T21:42:03.815+0300: 439.022: Total time for which application threads were stopped: 0.0013727 seconds, Stopping threads took: 0.0001520 seconds
2024-10-04T21:42:04.191+0300: 439.399: Application time: 0.3768299 seconds
2024-10-04T21:42:04.191+0300: 439.399: [GC (Allocation Failure) [PSYoungGen: 263801K->3440K(265728K)] 296024K->35678K(812032K), 0.0010135 secs] [Times: user=0.00 sys=0.00, real=0.00 secs] 
2024-10-04T21:42:04.191+0300: 439.400: Total time for which application threads were stopped: 0.0013691 seconds, Stopping threads took: 0.0001727 seconds
2024-10-04T21:42:04.552+0300: 439.765: Application time: 0.3652349 seconds
2024-10-04T21:42:04.552+0300: 439.766: [GC (Allocation Failure) [PSYoungGen: 261666K->4336K(266240K)] 293905K->36606K(812544K), 0.0010016 secs] [Times: user=0.00 sys=0.00, real=0.00 secs] 
2024-10-04T21:42:04.552+0300: 439.767: Total time for which application threads were stopped: 0.0013368 seconds, Stopping threads took: 0.0001845 seconds
2024-10-04T21:42:04.929+0300: 440.134: Application time: 0.3677825 seconds
2024-10-04T21:42:04.929+0300: 440.135: [GC (Allocation Failure) [PSYoungGen: 263044K->4448K(265728K)] 295315K->36726K(812032K), 0.0010237 secs] [Times: user=0.00 sys=0.00, real=0.00 secs] 
2024-10-04T21:42:04.929+0300: 440.136: Total time for which application threads were stopped: 0.0013238 seconds, Stopping threads took: 0.0001483 seconds
2024-10-04T21:42:05.306+0300: 440.510: Application time: 0.3744320 seconds
2024-10-04T21:42:05.306+0300: 440.510: [GC (Allocation Failure) [PSYoungGen: 263229K->5440K(266240K)] 295507K->37734K(812544K), 0.0012385 secs] [Times: user=0.00 sys=0.00, real=0.00 secs] 
2024-10-04T21:42:05.306+0300: 440.512: Total time for which application threads were stopped: 0.0014966 seconds, Stopping threads took: 0.0000787 seconds
2024-10-04T21:42:05.678+0300: 440.879: Application time: 0.3675160 seconds
2024-10-04T21:42:05.678+0300: 440.880: [GC (Allocation Failure) [PSYoungGen: 264605K->4448K(266240K)] 296899K->36750K(812544K), 0.0011692 secs] [Times: user=0.00 sys=0.00, real=0.00 secs] 
2024-10-04T21:42:05.678+0300: 440.881: Total time for which application threads were stopped: 0.0014991 seconds, Stopping threads took: 0.0001637 seconds
2024-10-04T21:42:06.043+0300: 441.249: Application time: 0.3680433 seconds
2024-10-04T21:42:06.043+0300: 441.249: [GC (Allocation Failure) [PSYoungGen: 263897K->3424K(266240K)] 296199K->35734K(812544K), 0.0008859 secs] [Times: user=0.00 sys=0.00, real=0.00 secs] 
2024-10-04T21:42:06.043+0300: 441.250: Total time for which application threads were stopped: 0.0012100 seconds, Stopping threads took: 0.0001950 seconds
2024-10-04T21:42:06.420+0300: 441.624: Application time: 0.3744048 seconds
2024-10-04T21:42:06.420+0300: 441.625: [GC (Allocation Failure) [PSYoungGen: 262713K->4384K(266240K)] 295023K->36778K(812544K), 0.0011217 secs] [Times: user=0.00 sys=0.00, real=0.00 secs] 
2024-10-04T21:42:06.420+0300: 441.626: Total time for which application threads were stopped: 0.0013977 seconds, Stopping threads took: 0.0001462 seconds
2024-10-04T21:42:06.781+0300: 441.994: Application time: 0.3685887 seconds
2024-10-04T21:42:06.781+0300: 441.995: [GC (Allocation Failure) [PSYoungGen: 263007K->3392K(265728K)] 295402K->35794K(812032K), 0.0008628 secs] [Times: user=0.00 sys=0.00, real=0.00 secs] 
2024-10-04T21:42:06.781+0300: 441.996: Total time for which application threads were stopped: 0.0012193 seconds, Stopping threads took: 0.0001992 seconds
2024-10-04T21:42:07.157+0300: 442.370: Application time: 0.3743762 seconds
2024-10-04T21:42:07.157+0300: 442.370: [GC (Allocation Failure) [PSYoungGen: 262405K->4464K(266240K)] 294807K->36874K(812544K), 0.0010552 secs] [Times: user=0.00 sys=0.00, real=0.00 secs] 
2024-10-04T21:42:07.157+0300: 442.371: Total time for which application threads were stopped: 0.0014446 seconds, Stopping threads took: 0.0001778 seconds
2024-10-04T21:42:07.534+0300: 442.737: Application time: 0.3659234 seconds
2024-10-04T21:42:07.534+0300: 442.738: [GC (Allocation Failure) [PSYoungGen: 263535K->4448K(266752K)] 295946K->36866K(813056K), 0.0010085 secs] [Times: user=0.00 sys=0.00, real=0.00 secs] 
2024-10-04T21:42:07.534+0300: 442.739: Total time for which application threads were stopped: 0.0013275 seconds, Stopping threads took: 0.0001623 seconds
2024-10-04T21:42:07.895+0300: 443.108: Application time: 0.3688909 seconds
2024-10-04T21:42:07.895+0300: 443.108: [GC (Allocation Failure) [PSYoungGen: 264319K->4480K(266752K)] 296737K->36906K(813056K), 0.0011162 secs] [Times: user=0.00 sys=0.00, real=0.00 secs] 
2024-10-04T21:42:07.895+0300: 443.109: Total time for which application threads were stopped: 0.0014078 seconds, Stopping threads took: 0.0001550 seconds
2024-10-04T21:42:08.283+0300: 443.487: Application time: 0.3783301 seconds
2024-10-04T21:42:08.283+0300: 443.488: [GC (Allocation Failure) [PSYoungGen: 265088K->4480K(266752K)] 297514K->36914K(813056K), 0.0009427 secs] [Times: user=0.00 sys=0.00, real=0.01 secs] 
2024-10-04T21:42:08.288+0300: 443.489: Total time for which application threads were stopped: 0.0013137 seconds, Stopping threads took: 0.0001932 seconds
2024-10-04T21:42:08.649+0300: 443.855: Application time: 0.3667569 seconds
2024-10-04T21:42:08.649+0300: 443.856: [GC (Allocation Failure) [PSYoungGen: 264582K->4416K(266752K)] 297016K->36890K(813056K), 0.0010751 secs] [Times: user=0.00 sys=0.00, real=0.00 secs] 
2024-10-04T21:42:08.649+0300: 443.857: Total time for which application threads were stopped: 0.0014034 seconds, Stopping threads took: 0.0001976 seconds
2024-10-04T21:42:09.025+0300: 444.228: Application time: 0.3715558 seconds
2024-10-04T21:42:09.025+0300: 444.229: [GC (Allocation Failure) [PSYoungGen: 264261K->4352K(267264K)] 296735K->36898K(813568K), 0.0009912 secs] [Times: user=0.00 sys=0.00, real=0.00 secs] 
2024-10-04T21:42:09.025+0300: 444.230: Total time for which application threads were stopped: 0.0013089 seconds, Stopping threads took: 0.0001569 seconds
2024-10-04T21:42:09.402+0300: 444.607: Application time: 0.3777065 seconds
2024-10-04T21:42:09.402+0300: 444.608: [GC (Allocation Failure) [PSYoungGen: 265475K->5424K(267264K)] 298022K->37978K(813568K), 0.0012656 secs] [Times: user=0.00 sys=0.00, real=0.00 secs] 
2024-10-04T21:42:09.402+0300: 444.609: Total time for which application threads were stopped: 0.0015404 seconds, Stopping threads took: 0.0001365 seconds
2024-10-04T21:42:09.778+0300: 444.980: Application time: 0.3712381 seconds
2024-10-04T21:42:09.778+0300: 444.980: [GC (Allocation Failure) [PSYoungGen: 266644K->5440K(266240K)] 299198K->38010K(812544K), 0.0011337 secs] [Times: user=0.00 sys=0.00, real=0.00 secs] 
2024-10-04T21:42:09.778+0300: 444.982: Total time for which application threads were stopped: 0.0014249 seconds, Stopping threads took: 0.0001707 seconds
2024-10-04T21:42:10.155+0300: 445.356: Application time: 0.3744431 seconds
2024-10-04T21:42:10.155+0300: 445.356: [GC (Allocation Failure) [PSYoungGen: 265409K->5456K(266240K)] 297979K->38042K(812544K), 0.0012195 secs] [Times: user=0.00 sys=0.00, real=0.00 secs] 
2024-10-04T21:42:10.155+0300: 445.358: Total time for which application threads were stopped: 0.0016320 seconds, Stopping threads took: 0.0002668 seconds
2024-10-04T21:42:10.516+0300: 445.727: Application time: 0.3691404 seconds
2024-10-04T21:42:10.516+0300: 445.727: [GC (Allocation Failure) [PSYoungGen: 265588K->5456K(266240K)] 298175K->38050K(812544K), 0.0012248 secs] [Times: user=0.00 sys=0.00, real=0.00 secs] 
2024-10-04T21:42:10.516+0300: 445.728: Total time for which application threads were stopped: 0.0015517 seconds, Stopping threads took: 0.0001903 seconds
2024-10-04T21:42:10.892+0300: 446.095: Application time: 0.3661091 seconds
2024-10-04T21:42:10.892+0300: 446.095: [GC (Allocation Failure) [PSYoungGen: 264215K->5440K(266240K)] 296810K->38042K(812544K), 0.0010865 secs] [Times: user=0.00 sys=0.00, real=0.00 secs] 
2024-10-04T21:42:10.892+0300: 446.096: Total time for which application threads were stopped: 0.0013855 seconds, Stopping threads took: 0.0001742 seconds
2024-10-04T21:42:11.269+0300: 446.477: Application time: 0.3810165 seconds
2024-10-04T21:42:11.269+0300: 446.477: [GC (Allocation Failure) [PSYoungGen: 265024K->2352K(266240K)] 297626K->35002K(812544K), 0.0008386 secs] [Times: user=0.00 sys=0.00, real=0.00 secs] 
2024-10-04T21:42:11.269+0300: 446.478: Total time for which application threads were stopped: 0.0011550 seconds, Stopping threads took: 0.0001535 seconds
2024-10-04T21:42:11.630+0300: 446.842: Application time: 0.3636478 seconds
2024-10-04T21:42:11.630+0300: 446.842: [GC (Allocation Failure) [PSYoungGen: 261126K->5456K(265216K)] 293776K->38114K(811520K), 0.0010782 secs] [Times: user=0.00 sys=0.00, real=0.00 secs] 
2024-10-04T21:42:11.630+0300: 446.843: Total time for which application threads were stopped: 0.0014351 seconds, Stopping threads took: 0.0002184 seconds
2024-10-04T21:42:12.006+0300: 447.209: Application time: 0.3658267 seconds
2024-10-04T21:42:12.006+0300: 447.209: [GC (Allocation Failure) [PSYoungGen: 264417K->4400K(266240K)] 297075K->37066K(812544K), 0.0012239 secs] [Times: user=0.00 sys=0.00, real=0.00 secs] 
2024-10-04T21:42:12.006+0300: 447.211: Total time for which application threads were stopped: 0.0015546 seconds, Stopping threads took: 0.0001615 seconds
2024-10-04T21:42:12.383+0300: 447.586: Application time: 0.3750560 seconds
2024-10-04T21:42:12.383+0300: 447.586: [GC (Allocation Failure) [PSYoungGen: 262909K->3392K(265728K)] 295576K->36106K(812032K), 0.0009519 secs] [Times: user=0.00 sys=0.00, real=0.00 secs] 
2024-10-04T21:42:12.383+0300: 447.587: Total time for which application threads were stopped: 0.0013177 seconds, Stopping threads took: 0.0002026 seconds
2024-10-04T21:42:12.744+0300: 447.954: Application time: 0.3666776 seconds
2024-10-04T21:42:12.744+0300: 447.954: [GC (Allocation Failure) [PSYoungGen: 262454K->5440K(265216K)] 295169K->38170K(811520K), 0.0011973 secs] [Times: user=0.00 sys=0.00, real=0.00 secs] 
2024-10-04T21:42:12.744+0300: 447.955: Total time for which application threads were stopped: 0.0014804 seconds, Stopping threads took: 0.0001575 seconds
2024-10-04T21:42:13.121+0300: 448.327: Application time: 0.3714218 seconds
2024-10-04T21:42:13.121+0300: 448.327: [GC (Allocation Failure) [PSYoungGen: 263182K->4416K(265728K)] 295913K->37186K(812032K), 0.0010483 secs] [Times: user=0.00 sys=0.00, real=0.00 secs] 
2024-10-04T21:42:13.121+0300: 448.328: Total time for which application threads were stopped: 0.0013252 seconds, Stopping threads took: 0.0001425 seconds
2024-10-04T21:42:13.494+0300: 448.695: Application time: 0.3673834 seconds
2024-10-04T21:42:13.494+0300: 448.696: [GC (Allocation Failure) [PSYoungGen: 262902K->4416K(266240K)] 295673K->37194K(812544K), 0.0010926 secs] [Times: user=0.00 sys=0.00, real=0.00 secs] 
2024-10-04T21:42:13.494+0300: 448.697: Total time for which application threads were stopped: 0.0014137 seconds, Stopping threads took: 0.0001862 seconds
2024-10-04T21:42:13.859+0300: 449.063: Application time: 0.3664423 seconds
2024-10-04T21:42:13.859+0300: 449.063: [GC (Allocation Failure) [PSYoungGen: 263419K->5440K(266240K)] 296197K->38234K(812544K), 0.0011527 secs] [Times: user=0.00 sys=0.00, real=0.00 secs] 
2024-10-04T21:42:13.859+0300: 449.065: Total time for which application threads were stopped: 0.0014221 seconds, Stopping threads took: 0.0001459 seconds
2024-10-04T21:42:14.235+0300: 449.441: Application time: 0.3768941 seconds
2024-10-04T21:42:14.235+0300: 449.442: [GC (Allocation Failure) [PSYoungGen: 264328K->3424K(266240K)] 297123K->36226K(812544K), 0.0009578 secs] [Times: user=0.00 sys=0.00, real=0.00 secs] 
2024-10-04T21:42:14.235+0300: 449.443: Total time for which application threads were stopped: 0.0012095 seconds, Stopping threads took: 0.0001592 seconds
2024-10-04T21:42:14.596+0300: 449.807: Application time: 0.3640273 seconds
2024-10-04T21:42:14.596+0300: 449.807: [GC (Allocation Failure) [PSYoungGen: 262172K->3440K(266240K)] 294974K->36250K(812544K), 0.0010298 secs] [Times: user=0.00 sys=0.00, real=0.00 secs] 
2024-10-04T21:42:14.596+0300: 449.808: Total time for which application threads were stopped: 0.0013105 seconds, Stopping threads took: 0.0001502 seconds
2024-10-04T21:42:14.972+0300: 450.176: Application time: 0.3679391 seconds
2024-10-04T21:42:14.972+0300: 450.176: [GC (Allocation Failure) [PSYoungGen: 262245K->2352K(265216K)] 295056K->35194K(811520K), 0.0008460 secs] [Times: user=0.00 sys=0.00, real=0.00 secs] 
2024-10-04T21:42:14.972+0300: 450.177: Total time for which application threads were stopped: 0.0011636 seconds, Stopping threads took: 0.0001794 seconds
2024-10-04T21:42:15.349+0300: 450.550: Application time: 0.3733899 seconds
2024-10-04T21:42:15.349+0300: 450.551: [GC (Allocation Failure) [PSYoungGen: 260410K->5360K(265728K)] 293252K->38278K(812032K), 0.0013110 secs] [Times: user=0.00 sys=0.00, real=0.00 secs] 
2024-10-04T21:42:15.349+0300: 450.552: Total time for which application threads were stopped: 0.0016589 seconds, Stopping threads took: 0.0001694 seconds
2024-10-04T21:42:15.711+0300: 450.917: Application time: 0.3645209 seconds
2024-10-04T21:42:15.711+0300: 450.917: [GC (Allocation Failure) [PSYoungGen: 263167K->5440K(265728K)] 296085K->38374K(812032K), 0.0011526 secs] [Times: user=0.00 sys=0.00, real=0.00 secs] 
2024-10-04T21:42:15.711+0300: 450.918: Total time for which application threads were stopped: 0.0014678 seconds, Stopping threads took: 0.0001612 seconds
2024-10-04T21:42:16.087+0300: 451.294: Application time: 0.3761646 seconds
2024-10-04T21:42:16.087+0300: 451.295: [GC (Allocation Failure) [PSYoungGen: 264000K->4464K(265728K)] 296934K->37406K(812032K), 0.0009730 secs] [Times: user=0.00 sys=0.00, real=0.00 secs] 
2024-10-04T21:42:16.087+0300: 451.296: Total time for which application threads were stopped: 0.0012665 seconds, Stopping threads took: 0.0001520 seconds
2024-10-04T21:42:16.448+0300: 451.659: Application time: 0.3637620 seconds
2024-10-04T21:42:16.448+0300: 451.660: [GC (Allocation Failure) [PSYoungGen: 262485K->5456K(265728K)] 295428K->38406K(812032K), 0.0011854 secs] [Times: user=0.00 sys=0.00, real=0.00 secs] 
2024-10-04T21:42:16.448+0300: 451.661: Total time for which application threads were stopped: 0.0015252 seconds, Stopping threads took: 0.0001775 seconds
2024-10-04T21:42:16.826+0300: 452.030: Application time: 0.3689029 seconds
2024-10-04T21:42:16.826+0300: 452.030: [GC (Allocation Failure) [PSYoungGen: 263281K->3408K(265728K)] 296232K->36366K(812032K), 0.0008679 secs] [Times: user=0.00 sys=0.00, real=0.00 secs] 
2024-10-04T21:42:16.826+0300: 452.031: Total time for which application threads were stopped: 0.0011536 seconds, Stopping threads took: 0.0001740 seconds
2024-10-04T21:42:17.202+0300: 452.403: Application time: 0.3720228 seconds
2024-10-04T21:42:17.202+0300: 452.403: [GC (Allocation Failure) [PSYoungGen: 261064K->5424K(265728K)] 294022K->38423K(812032K), 0.0011010 secs] [Times: user=0.00 sys=0.00, real=0.00 secs] 
2024-10-04T21:42:17.202+0300: 452.404: Total time for which application threads were stopped: 0.0014046 seconds, Stopping threads took: 0.0001625 seconds
2024-10-04T21:42:17.563+0300: 452.770: Application time: 0.3655791 seconds
2024-10-04T21:42:17.563+0300: 452.770: [GC (Allocation Failure) [PSYoungGen: 263984K->3456K(265728K)] 296983K->36462K(812032K), 0.0010636 secs] [Times: user=0.00 sys=0.00, real=0.00 secs] 
2024-10-04T21:42:17.563+0300: 452.771: Total time for which application threads were stopped: 0.0013932 seconds, Stopping threads took: 0.0001857 seconds
2024-10-04T21:42:17.924+0300: 453.137: Application time: 0.3661353 seconds
2024-10-04T21:42:17.924+0300: 453.138: [GC (Allocation Failure) [PSYoungGen: 261318K->5408K(265728K)] 294325K->38455K(812032K), 0.0011827 secs] [Times: user=0.00 sys=0.00, real=0.00 secs] 
2024-10-04T21:42:17.924+0300: 453.139: Total time for which application threads were stopped: 0.0015907 seconds, Stopping threads took: 0.0002488 seconds
2024-10-04T21:42:18.304+0300: 453.514: Application time: 0.3744933 seconds
2024-10-04T21:42:18.304+0300: 453.514: [GC (Allocation Failure) [PSYoungGen: 263968K->4480K(265728K)] 297015K->37534K(812032K), 0.0011818 secs] [Times: user=0.00 sys=0.00, real=0.00 secs] 
2024-10-04T21:42:18.304+0300: 453.515: Total time for which application threads were stopped: 0.0016269 seconds, Stopping threads took: 0.0002588 seconds
2024-10-04T21:42:18.677+0300: 453.880: Application time: 0.3652860 seconds
2024-10-04T21:42:18.677+0300: 453.881: [GC (Allocation Failure) [PSYoungGen: 263040K->4464K(266240K)] 296094K->37526K(812544K), 0.0009081 secs] [Times: user=0.00 sys=0.00, real=0.00 secs] 
2024-10-04T21:42:18.677+0300: 453.882: Total time for which application threads were stopped: 0.0011548 seconds, Stopping threads took: 0.0001218 seconds
2024-10-04T21:42:19.038+0300: 454.253: Application time: 0.3717109 seconds
2024-10-04T21:42:19.038+0300: 454.254: [GC (Allocation Failure) [PSYoungGen: 263390K->2352K(265728K)] 296453K->35431K(812032K), 0.0009709 secs] [Times: user=0.00 sys=0.00, real=0.02 secs] 
2024-10-04T21:42:19.054+0300: 454.255: Total time for which application threads were stopped: 0.0013160 seconds, Stopping threads took: 0.0001808 seconds
2024-10-04T21:42:19.415+0300: 454.626: Application time: 0.3709658 seconds
2024-10-04T21:42:19.415+0300: 454.626: [GC (Allocation Failure) [PSYoungGen: 261063K->4432K(266240K)] 294142K->37534K(812544K), 0.0010293 secs] [Times: user=0.00 sys=0.00, real=0.00 secs] 
2024-10-04T21:42:19.415+0300: 454.627: Total time for which application threads were stopped: 0.0013802 seconds, Stopping threads took: 0.0002177 seconds
2024-10-04T21:42:19.776+0300: 454.991: Application time: 0.3640773 seconds
2024-10-04T21:42:19.776+0300: 454.991: [GC (Allocation Failure) [PSYoungGen: 262539K->4416K(265728K)] 295642K->37559K(812032K), 0.0011544 secs] [Times: user=0.02 sys=0.00, real=0.01 secs] 
2024-10-04T21:42:19.791+0300: 454.993: Total time for which application threads were stopped: 0.0014459 seconds, Stopping threads took: 0.0001486 seconds
2024-10-04T21:42:20.168+0300: 455.369: Application time: 0.3761657 seconds
2024-10-04T21:42:20.168+0300: 455.369: [GC (Allocation Failure) [PSYoungGen: 263488K->4448K(266240K)] 296631K->37599K(812544K), 0.0010140 secs] [Times: user=0.00 sys=0.00, real=0.00 secs] 
2024-10-04T21:42:20.168+0300: 455.370: Total time for which application threads were stopped: 0.0013697 seconds, Stopping threads took: 0.0001938 seconds
2024-10-04T21:42:20.529+0300: 455.735: Application time: 0.3649524 seconds
2024-10-04T21:42:20.529+0300: 455.735: [GC (Allocation Failure) [PSYoungGen: 263414K->5376K(266240K)] 296564K->38575K(812544K), 0.0012857 secs] [Times: user=0.00 sys=0.00, real=0.00 secs] 
2024-10-04T21:42:20.529+0300: 455.737: Total time for which application threads were stopped: 0.0016350 seconds, Stopping threads took: 0.0002033 seconds
2024-10-04T21:42:20.905+0300: 456.106: Application time: 0.3696095 seconds
2024-10-04T21:42:20.905+0300: 456.107: [GC (Allocation Failure) [PSYoungGen: 264960K->2352K(266240K)] 298159K->35567K(812544K), 0.0007774 secs] [Times: user=0.00 sys=0.00, real=0.00 secs] 
2024-10-04T21:42:20.905+0300: 456.107: Total time for which application threads were stopped: 0.0010484 seconds, Stopping threads took: 0.0001654 seconds
2024-10-04T21:42:21.282+0300: 456.483: Application time: 0.3756384 seconds
2024-10-04T21:42:21.282+0300: 456.483: [GC (Allocation Failure) [PSYoungGen: 261936K->5408K(265216K)] 295151K->38671K(811520K), 0.0010433 secs] [Times: user=0.00 sys=0.00, real=0.00 secs] 
2024-10-04T21:42:21.282+0300: 456.484: Total time for which application threads were stopped: 0.0013115 seconds, Stopping threads took: 0.0001419 seconds
2024-10-04T21:42:21.643+0300: 456.852: Application time: 0.3679243 seconds
2024-10-04T21:42:21.643+0300: 456.852: [GC (Allocation Failure) [PSYoungGen: 264992K->4480K(266240K)] 298255K->37783K(812544K), 0.0010281 secs] [Times: user=0.00 sys=0.00, real=0.00 secs] 
2024-10-04T21:42:21.643+0300: 456.854: Total time for which application threads were stopped: 0.0013331 seconds, Stopping threads took: 0.0001796 seconds
2024-10-04T21:42:22.020+0300: 457.221: Application time: 0.3678781 seconds
2024-10-04T21:42:22.020+0300: 457.222: [GC (Allocation Failure) [PSYoungGen: 263419K->3408K(265728K)] 296722K->36719K(812032K), 0.0008667 secs] [Times: user=0.00 sys=0.00, real=0.00 secs] 
2024-10-04T21:42:22.020+0300: 457.223: Total time for which application threads were stopped: 0.0011251 seconds, Stopping threads took: 0.0001284 seconds
2024-10-04T21:42:22.396+0300: 457.598: Application time: 0.3754324 seconds
2024-10-04T21:42:22.396+0300: 457.598: [GC (Allocation Failure) [PSYoungGen: 262480K->3392K(266240K)] 295791K->36719K(812544K), 0.0009274 secs] [Times: user=0.00 sys=0.00, real=0.00 secs] 
2024-10-04T21:42:22.396+0300: 457.599: Total time for which application threads were stopped: 0.0012787 seconds, Stopping threads took: 0.0001921 seconds
2024-10-04T21:42:22.758+0300: 457.965: Application time: 0.3658894 seconds
2024-10-04T21:42:22.758+0300: 457.965: [GC (Allocation Failure) [PSYoungGen: 262189K->4464K(266240K)] 295516K->37799K(812544K), 0.0010454 secs] [Times: user=0.00 sys=0.00, real=0.00 secs] 
2024-10-04T21:42:22.758+0300: 457.966: Total time for which application threads were stopped: 0.0013298 seconds, Stopping threads took: 0.0001512 seconds
2024-10-04T21:42:23.134+0300: 458.338: Application time: 0.3713778 seconds
2024-10-04T21:42:23.134+0300: 458.338: [GC (Allocation Failure) [PSYoungGen: 263610K->5424K(266240K)] 296945K->38767K(812544K), 0.0037634 secs] [Times: user=0.00 sys=0.00, real=0.00 secs] 
2024-10-04T21:42:23.134+0300: 458.342: Total time for which application threads were stopped: 0.0041168 seconds, Stopping threads took: 0.0001826 seconds
2024-10-04T21:42:23.495+0300: 458.710: Application time: 0.3678195 seconds
2024-10-04T21:42:23.495+0300: 458.710: [GC (Allocation Failure) [PSYoungGen: 264016K->5424K(265216K)] 297359K->38775K(811520K), 0.0013197 secs] [Times: user=0.00 sys=0.00, real=0.00 secs] 
2024-10-04T21:42:23.495+0300: 458.711: Total time for which application threads were stopped: 0.0016219 seconds, Stopping threads took: 0.0001622 seconds
2024-10-04T21:42:23.872+0300: 459.077: Application time: 0.3654171 seconds
2024-10-04T21:42:23.872+0300: 459.077: [GC (Allocation Failure) [PSYoungGen: 264603K->4384K(266240K)] 297954K->37811K(812544K), 0.0010476 secs] [Times: user=0.00 sys=0.00, real=0.00 secs] 
2024-10-04T21:42:23.872+0300: 459.078: Total time for which application threads were stopped: 0.0013352 seconds, Stopping threads took: 0.0001662 seconds
2024-10-04T21:42:24.249+0300: 459.458: Application time: 0.3797423 seconds
2024-10-04T21:42:24.249+0300: 459.458: [GC (Allocation Failure) [PSYoungGen: 263456K->2448K(265728K)] 296883K->35891K(812032K), 0.0007155 secs] [Times: user=0.00 sys=0.00, real=0.00 secs] 
2024-10-04T21:42:24.249+0300: 459.459: Total time for which application threads were stopped: 0.0009456 seconds, Stopping threads took: 0.0001343 seconds
2024-10-04T21:42:24.617+0300: 459.822: Application time: 0.3628247 seconds
2024-10-04T21:42:24.617+0300: 459.822: [GC (Allocation Failure) [PSYoungGen: 261327K->5456K(265216K)] 294770K->38915K(811520K), 0.0011815 secs] [Times: user=0.00 sys=0.00, real=0.00 secs] 
2024-10-04T21:42:24.617+0300: 459.823: Total time for which application threads were stopped: 0.0015089 seconds, Stopping threads took: 0.0001836 seconds
2024-10-04T21:42:24.987+0300: 460.189: Application time: 0.3660489 seconds
2024-10-04T21:42:24.987+0300: 460.189: [GC (Allocation Failure) [PSYoungGen: 263430K->4448K(265728K)] 296889K->37915K(812032K), 0.0010274 secs] [Times: user=0.00 sys=0.00, real=0.00 secs] 
2024-10-04T21:42:24.987+0300: 460.191: Total time for which application threads were stopped: 0.0013008 seconds, Stopping threads took: 0.0001380 seconds
2024-10-04T21:42:25.349+0300: 460.563: Application time: 0.3720656 seconds
2024-10-04T21:42:25.349+0300: 460.563: [GC (Allocation Failure) [PSYoungGen: 262105K->5440K(265216K)] 295572K->38923K(811520K), 0.0012255 secs] [Times: user=0.00 sys=0.00, real=0.00 secs] 
2024-10-04T21:42:25.349+0300: 460.564: Total time for which application threads were stopped: 0.0015323 seconds, Stopping threads took: 0.0001680 seconds
2024-10-04T21:42:25.725+0300: 460.929: Application time: 0.3645170 seconds
2024-10-04T21:42:25.725+0300: 460.929: [GC (Allocation Failure) [PSYoungGen: 263287K->4448K(265728K)] 296770K->37939K(812032K), 0.0010465 secs] [Times: user=0.00 sys=0.00, real=0.00 secs] 
2024-10-04T21:42:25.725+0300: 460.930: Total time for which application threads were stopped: 0.0013222 seconds, Stopping threads took: 0.0001561 seconds
2024-10-04T21:42:26.102+0300: 461.305: Application time: 0.3748908 seconds
2024-10-04T21:42:26.102+0300: 461.305: [GC (Allocation Failure) [PSYoungGen: 262324K->4384K(266240K)] 295815K->37923K(812544K), 0.0011195 secs] [Times: user=0.00 sys=0.00, real=0.00 secs] 
2024-10-04T21:42:26.102+0300: 461.306: Total time for which application threads were stopped: 0.0014140 seconds, Stopping threads took: 0.0001295 seconds
2024-10-04T21:42:26.463+0300: 461.674: Application time: 0.3679309 seconds
2024-10-04T21:42:26.463+0300: 461.675: [GC (Allocation Failure) [PSYoungGen: 263354K->5408K(266240K)] 296893K->38987K(812544K), 0.0014294 secs] [Times: user=0.00 sys=0.00, real=0.00 secs] 
2024-10-04T21:42:26.463+0300: 461.676: Total time for which application threads were stopped: 0.0018216 seconds, Stopping threads took: 0.0001999 seconds
2024-10-04T21:42:26.839+0300: 462.046: Application time: 0.3703568 seconds
2024-10-04T21:42:26.839+0300: 462.047: [GC (Allocation Failure) [PSYoungGen: 264992K->4464K(266240K)] 298571K->38051K(812544K), 0.0010391 secs] [Times: user=0.00 sys=0.00, real=0.00 secs] 
2024-10-04T21:42:26.839+0300: 462.048: Total time for which application threads were stopped: 0.0012991 seconds, Stopping threads took: 0.0001358 seconds
2024-10-04T21:42:27.216+0300: 462.420: Application time: 0.3725418 seconds
2024-10-04T21:42:27.216+0300: 462.420: [GC (Allocation Failure) [PSYoungGen: 263288K->4416K(266240K)] 296875K->38011K(812544K), 0.0008592 secs] [Times: user=0.00 sys=0.00, real=0.00 secs] 
2024-10-04T21:42:27.216+0300: 462.421: Total time for which application threads were stopped: 0.0011108 seconds, Stopping threads took: 0.0001327 seconds
2024-10-04T21:42:27.577+0300: 462.786: Application time: 0.3642797 seconds
2024-10-04T21:42:27.577+0300: 462.786: [GC (Allocation Failure) [PSYoungGen: 263382K->5408K(266240K)] 296977K->39059K(812544K), 0.0012574 secs] [Times: user=0.00 sys=0.00, real=0.00 secs] 
2024-10-04T21:42:27.577+0300: 462.787: Total time for which application threads were stopped: 0.0015347 seconds, Stopping threads took: 0.0001365 seconds
2024-10-04T21:42:27.953+0300: 463.156: Application time: 0.3683806 seconds
2024-10-04T21:42:27.953+0300: 463.156: [GC (Allocation Failure) [PSYoungGen: 264350K->4464K(266240K)] 298001K->38123K(812544K), 0.0010169 secs] [Times: user=0.00 sys=0.00, real=0.00 secs] 
2024-10-04T21:42:27.953+0300: 463.157: Total time for which application threads were stopped: 0.0013276 seconds, Stopping threads took: 0.0001645 seconds
2024-10-04T21:42:28.325+0300: 463.528: Application time: 0.3705659 seconds
2024-10-04T21:42:28.325+0300: 463.528: [GC (Allocation Failure) [PSYoungGen: 263266K->5392K(266240K)] 296925K->39091K(812544K), 0.0013419 secs] [Times: user=0.00 sys=0.00, real=0.00 secs] 
2024-10-04T21:42:28.325+0300: 463.529: Total time for which application threads were stopped: 0.0016290 seconds, Stopping threads took: 0.0001110 seconds
2024-10-04T21:42:28.694+0300: 463.896: Application time: 0.3672773 seconds
2024-10-04T21:42:28.694+0300: 463.897: [GC (Allocation Failure) [PSYoungGen: 264357K->4464K(266240K)] 298056K->38171K(812544K), 0.0009916 secs] [Times: user=0.00 sys=0.00, real=0.00 secs] 
2024-10-04T21:42:28.694+0300: 463.898: Total time for which application threads were stopped: 0.0012716 seconds, Stopping threads took: 0.0001681 seconds
2024-10-04T21:42:29.068+0300: 464.269: Application time: 0.3708828 seconds
2024-10-04T21:42:29.068+0300: 464.269: [GC (Allocation Failure) [PSYoungGen: 263218K->4336K(266752K)] 296925K->38059K(813056K), 0.0012945 secs] [Times: user=0.00 sys=0.00, real=0.00 secs] 
2024-10-04T21:42:29.068+0300: 464.270: Total time for which application threads were stopped: 0.0016776 seconds, Stopping threads took: 0.0002332 seconds
2024-10-04T21:42:29.445+0300: 464.647: Application time: 0.3765991 seconds
2024-10-04T21:42:29.445+0300: 464.647: [GC (Allocation Failure) [PSYoungGen: 264432K->4480K(266240K)] 298155K->38211K(812544K), 0.0009624 secs] [Times: user=0.00 sys=0.00, real=0.00 secs] 
2024-10-04T21:42:29.445+0300: 464.648: Total time for which application threads were stopped: 0.0012360 seconds, Stopping threads took: 0.0001415 seconds
2024-10-04T21:42:29.806+0300: 465.015: Application time: 0.3671544 seconds
2024-10-04T21:42:29.806+0300: 465.016: [GC (Allocation Failure) [PSYoungGen: 263644K->3392K(266752K)] 297375K->37163K(813056K), 0.0008525 secs] [Times: user=0.00 sys=0.00, real=0.00 secs] 
2024-10-04T21:42:29.806+0300: 465.016: Total time for which application threads were stopped: 0.0011568 seconds, Stopping threads took: 0.0001794 seconds
2024-10-04T21:42:30.183+0300: 465.390: Application time: 0.3740593 seconds
2024-10-04T21:42:30.183+0300: 465.391: [GC (Allocation Failure) [PSYoungGen: 263078K->3392K(266752K)] 296850K->37203K(813056K), 0.0008287 secs] [Times: user=0.00 sys=0.00, real=0.00 secs] 
2024-10-04T21:42:30.183+0300: 465.392: Total time for which application threads were stopped: 0.0011268 seconds, Stopping threads took: 0.0001670 seconds
2024-10-04T21:42:30.560+0300: 465.763: Application time: 0.3718203 seconds
2024-10-04T21:42:30.560+0300: 465.764: [GC (Allocation Failure) [PSYoungGen: 264000K->3440K(266752K)] 297811K->37267K(813056K), 0.0009140 secs] [Times: user=0.00 sys=0.00, real=0.00 secs] 
2024-10-04T21:42:30.560+0300: 465.765: Total time for which application threads were stopped: 0.0012135 seconds, Stopping threads took: 0.0001646 seconds
2024-10-04T21:42:30.930+0300: 466.133: Application time: 0.3685480 seconds
2024-10-04T21:42:30.930+0300: 466.133: [GC (Allocation Failure) [PSYoungGen: 264048K->4448K(266752K)] 297875K->38283K(813056K), 0.0010109 secs] [Times: user=0.00 sys=0.00, real=0.00 secs] 
2024-10-04T21:42:30.930+0300: 466.134: Total time for which application threads were stopped: 0.0012985 seconds, Stopping threads took: 0.0001474 seconds
2024-10-04T21:42:31.297+0300: 466.507: Application time: 0.3721479 seconds
2024-10-04T21:42:31.297+0300: 466.507: [GC (Allocation Failure) [PSYoungGen: 264380K->5456K(265728K)] 298215K->39299K(812032K), 0.0012373 secs] [Times: user=0.00 sys=0.00, real=0.00 secs] 
2024-10-04T21:42:31.297+0300: 466.508: Total time for which application threads were stopped: 0.0015877 seconds, Stopping threads took: 0.0002186 seconds
2024-10-04T21:42:31.674+0300: 466.878: Application time: 0.3694340 seconds
2024-10-04T21:42:31.674+0300: 466.878: [GC (Allocation Failure) [PSYoungGen: 264522K->5440K(266240K)] 298365K->39307K(812544K), 0.0011392 secs] [Times: user=0.00 sys=0.00, real=0.00 secs] 
2024-10-04T21:42:31.674+0300: 466.879: Total time for which application threads were stopped: 0.0014701 seconds, Stopping threads took: 0.0001830 seconds
2024-10-04T21:42:32.035+0300: 467.245: Application time: 0.3663010 seconds
2024-10-04T21:42:32.035+0300: 467.246: [GC (Allocation Failure) [PSYoungGen: 264004K->4464K(266240K)] 297871K->38339K(812544K), 0.0010100 secs] [Times: user=0.00 sys=0.00, real=0.00 secs] 
2024-10-04T21:42:32.035+0300: 467.247: Total time for which application threads were stopped: 0.0013372 seconds, Stopping threads took: 0.0001833 seconds
2024-10-04T21:42:32.412+0300: 467.620: Application time: 0.3736119 seconds
2024-10-04T21:42:32.412+0300: 467.621: [GC (Allocation Failure) [PSYoungGen: 263439K->5424K(266240K)] 297314K->39347K(812544K), 0.0012853 secs] [Times: user=0.00 sys=0.00, real=0.00 secs] 
2024-10-04T21:42:32.412+0300: 467.622: Total time for which application threads were stopped: 0.0016356 seconds, Stopping threads took: 0.0002016 seconds
2024-10-04T21:42:32.788+0300: 467.992: Application time: 0.3700229 seconds
2024-10-04T21:42:32.788+0300: 467.992: [GC (Allocation Failure) [PSYoungGen: 264400K->3392K(266240K)] 298323K->37323K(812544K), 0.0008538 secs] [Times: user=0.00 sys=0.00, real=0.00 secs] 
2024-10-04T21:42:32.788+0300: 467.993: Total time for which application threads were stopped: 0.0010770 seconds, Stopping threads took: 0.0001149 seconds
2024-10-04T21:42:33.150+0300: 468.364: Application time: 0.3704397 seconds
2024-10-04T21:42:33.150+0300: 468.364: [GC (Allocation Failure) [PSYoungGen: 262161K->5392K(266240K)] 296093K->39363K(812544K), 0.0012634 secs] [Times: user=0.00 sys=0.00, real=0.00 secs] 
2024-10-04T21:42:33.150+0300: 468.365: Total time for which application threads were stopped: 0.0016341 seconds, Stopping threads took: 0.0002088 seconds
2024-10-04T21:42:33.526+0300: 468.734: Application time: 0.3690198 seconds
2024-10-04T21:42:33.526+0300: 468.735: [GC (Allocation Failure) [PSYoungGen: 264361K->4416K(266240K)] 298332K->38427K(812544K), 0.0010128 secs] [Times: user=0.00 sys=0.00, real=0.00 secs] 
2024-10-04T21:42:33.526+0300: 468.736: Total time for which application threads were stopped: 0.0013926 seconds, Stopping threads took: 0.0002359 seconds
2024-10-04T21:42:33.902+0300: 469.105: Application time: 0.3695997 seconds
2024-10-04T21:42:33.902+0300: 469.105: [GC (Allocation Failure) [PSYoungGen: 264000K->4480K(266240K)] 298011K->38499K(812544K), 0.0010216 secs] [Times: user=0.00 sys=0.00, real=0.00 secs] 
2024-10-04T21:42:33.902+0300: 469.107: Total time for which application threads were stopped: 0.0012963 seconds, Stopping threads took: 0.0001519 seconds
2024-10-04T21:42:34.278+0300: 469.479: Application time: 0.3726283 seconds
2024-10-04T21:42:34.278+0300: 469.479: [GC (Allocation Failure) [PSYoungGen: 263281K->5440K(266240K)] 297300K->39475K(812544K), 0.0012094 secs] [Times: user=0.00 sys=0.00, real=0.00 secs] 
2024-10-04T21:42:34.278+0300: 469.481: Total time for which application threads were stopped: 0.0015206 seconds, Stopping threads took: 0.0001862 seconds
2024-10-04T21:42:34.639+0300: 469.851: Application time: 0.3703525 seconds
2024-10-04T21:42:34.639+0300: 469.851: [GC (Allocation Failure) [PSYoungGen: 264380K->3424K(266240K)] 298415K->37467K(812544K), 0.0009544 secs] [Times: user=0.00 sys=0.00, real=0.00 secs] 
2024-10-04T21:42:34.639+0300: 469.852: Total time for which application threads were stopped: 0.0012937 seconds, Stopping threads took: 0.0001902 seconds
2024-10-04T21:42:35.016+0300: 470.218: Application time: 0.3659988 seconds
2024-10-04T21:42:35.016+0300: 470.219: [GC (Allocation Failure) [PSYoungGen: 262189K->3472K(266240K)] 296233K->37523K(812544K), 0.0009540 secs] [Times: user=0.00 sys=0.00, real=0.00 secs] 
2024-10-04T21:42:35.016+0300: 470.220: Total time for which application threads were stopped: 0.0012699 seconds, Stopping threads took: 0.0001725 seconds
2024-10-04T21:42:35.377+0300: 470.593: Application time: 0.3734107 seconds
2024-10-04T21:42:35.377+0300: 470.593: [GC (Allocation Failure) [PSYoungGen: 262398K->5328K(266240K)] 296449K->39427K(812544K), 0.0013403 secs] [Times: user=0.00 sys=0.00, real=0.02 secs] 
2024-10-04T21:42:35.393+0300: 470.595: Total time for which application threads were stopped: 0.0016809 seconds, Stopping threads took: 0.0001903 seconds
2024-10-04T21:42:35.754+0300: 470.964: Application time: 0.3695006 seconds
2024-10-04T21:42:35.754+0300: 470.964: [GC (Allocation Failure) [PSYoungGen: 264247K->5424K(265216K)] 298346K->39555K(811520K), 0.0011556 secs] [Times: user=0.00 sys=0.00, real=0.00 secs] 
2024-10-04T21:42:35.754+0300: 470.966: Total time for which application threads were stopped: 0.0014420 seconds, Stopping threads took: 0.0001607 seconds
2024-10-04T21:42:36.131+0300: 471.334: Application time: 0.3687521 seconds
2024-10-04T21:42:36.131+0300: 471.335: [GC (Allocation Failure) [PSYoungGen: 263061K->5408K(265728K)] 297193K->39595K(812032K), 0.0012597 secs] [Times: user=0.00 sys=0.00, real=0.00 secs] 
2024-10-04T21:42:36.131+0300: 471.336: Total time for which application threads were stopped: 0.0015797 seconds, Stopping threads took: 0.0001179 seconds
2024-10-04T21:42:36.492+0300: 471.704: Application time: 0.3679671 seconds
2024-10-04T21:42:36.492+0300: 471.704: [GC (Allocation Failure) [PSYoungGen: 263248K->4480K(266240K)] 297435K->38675K(812544K), 0.0010270 secs] [Times: user=0.00 sys=0.00, real=0.00 secs] 
2024-10-04T21:42:36.492+0300: 471.705: Total time for which application threads were stopped: 0.0013631 seconds, Stopping threads took: 0.0001915 seconds
2024-10-04T21:42:36.868+0300: 472.072: Application time: 0.3671426 seconds
2024-10-04T21:42:36.868+0300: 472.073: [GC (Allocation Failure) [PSYoungGen: 262535K->4448K(265728K)] 296731K->38651K(812032K), 0.0009607 secs] [Times: user=0.00 sys=0.00, real=0.00 secs] 
2024-10-04T21:42:36.868+0300: 472.074: Total time for which application threads were stopped: 0.0012558 seconds, Stopping threads took: 0.0001574 seconds
2024-10-04T21:42:37.245+0300: 472.447: Application time: 0.3735063 seconds
2024-10-04T21:42:37.245+0300: 472.447: [GC (Allocation Failure) [PSYoungGen: 263037K->5408K(266240K)] 297241K->39635K(812544K), 0.0012132 secs] [Times: user=0.00 sys=0.00, real=0.00 secs] 
2024-10-04T21:42:37.245+0300: 472.449: Total time for which application threads were stopped: 0.0014825 seconds, Stopping threads took: 0.0001351 seconds
2024-10-04T21:42:37.606+0300: 472.814: Application time: 0.3651150 seconds
2024-10-04T21:42:37.606+0300: 472.814: [GC (Allocation Failure) [PSYoungGen: 264577K->5408K(266240K)] 298805K->39643K(812544K), 0.0012908 secs] [Times: user=0.00 sys=0.00, real=0.00 secs] 
2024-10-04T21:42:37.606+0300: 472.816: Total time for which application threads were stopped: 0.0016838 seconds, Stopping threads took: 0.0002415 seconds
2024-10-04T21:42:37.983+0300: 473.184: Application time: 0.3688991 seconds
2024-10-04T21:42:37.983+0300: 473.185: [GC (Allocation Failure) [PSYoungGen: 264043K->5472K(265216K)] 298279K->39715K(811520K), 0.0011067 secs] [Times: user=0.00 sys=0.00, real=0.00 secs] 
2024-10-04T21:42:37.983+0300: 473.186: Total time for which application threads were stopped: 0.0013922 seconds, Stopping threads took: 0.0001469 seconds
2024-10-04T21:42:38.346+0300: 473.558: Application time: 0.3719507 seconds
2024-10-04T21:42:38.346+0300: 473.558: [GC (Allocation Failure) [PSYoungGen: 263482K->5392K(265728K)] 297726K->39683K(812032K), 0.0012914 secs] [Times: user=0.00 sys=0.00, real=0.00 secs] 
2024-10-04T21:42:38.346+0300: 473.559: Total time for which application threads were stopped: 0.0015626 seconds, Stopping threads took: 0.0001380 seconds
2024-10-04T21:42:38.720+0300: 473.929: Application time: 0.3699411 seconds
2024-10-04T21:42:38.720+0300: 473.929: [GC (Allocation Failure) [PSYoungGen: 263177K->4464K(266240K)] 297469K->38763K(812544K), 0.0009199 secs] [Times: user=0.00 sys=0.00, real=0.00 secs] 
2024-10-04T21:42:38.720+0300: 473.930: Total time for which application threads were stopped: 0.0011401 seconds, Stopping threads took: 0.0000700 seconds
2024-10-04T21:42:39.080+0300: 474.295: Application time: 0.3646600 seconds
2024-10-04T21:42:39.080+0300: 474.295: [GC (Allocation Failure) [PSYoungGen: 263036K->4336K(265728K)] 297335K->38643K(812032K), 0.0017015 secs] [Times: user=0.00 sys=0.00, real=0.02 secs] 
2024-10-04T21:42:39.096+0300: 474.297: Total time for which application threads were stopped: 0.0020910 seconds, Stopping threads took: 0.0001900 seconds
2024-10-04T21:42:39.457+0300: 474.666: Application time: 0.3693010 seconds
2024-10-04T21:42:39.457+0300: 474.667: [GC (Allocation Failure) [PSYoungGen: 262411K->5392K(266240K)] 296718K->39779K(812544K), 0.0011686 secs] [Times: user=0.00 sys=0.00, real=0.00 secs] 
2024-10-04T21:42:39.457+0300: 474.668: Total time for which application threads were stopped: 0.0015360 seconds, Stopping threads took: 0.0002102 seconds
2024-10-04T21:42:39.833+0300: 475.039: Application time: 0.3713419 seconds
2024-10-04T21:42:39.833+0300: 475.040: [GC (Allocation Failure) [PSYoungGen: 264391K->3424K(266240K)] 298779K->37827K(812544K), 0.0010108 secs] [Times: user=0.00 sys=0.00, real=0.00 secs] 
2024-10-04T21:42:39.833+0300: 475.041: Total time for which application threads were stopped: 0.0013376 seconds, Stopping threads took: 0.0001969 seconds
2024-10-04T21:42:40.210+0300: 475.416: Application time: 0.3752353 seconds
2024-10-04T21:42:40.210+0300: 475.416: [GC (Allocation Failure) [PSYoungGen: 263008K->4496K(266240K)] 297411K->38907K(812544K), 0.0011102 secs] [Times: user=0.00 sys=0.00, real=0.00 secs] 
2024-10-04T21:42:40.210+0300: 475.417: Total time for which application threads were stopped: 0.0014887 seconds, Stopping threads took: 0.0001809 seconds
2024-10-04T21:42:40.572+0300: 475.787: Application time: 0.3695455 seconds
2024-10-04T21:42:40.572+0300: 475.787: [GC (Allocation Failure) [PSYoungGen: 263631K->3424K(266240K)] 298042K->37843K(812544K), 0.0010409 secs] [Times: user=0.02 sys=0.00, real=0.01 secs] 
2024-10-04T21:42:40.587+0300: 475.788: Total time for which application threads were stopped: 0.0013775 seconds, Stopping threads took: 0.0001780 seconds
2024-10-04T21:42:40.952+0300: 476.154: Application time: 0.3656869 seconds
2024-10-04T21:42:40.952+0300: 476.154: [GC (Allocation Failure) [PSYoungGen: 262040K->4384K(266240K)] 296460K->38811K(812544K), 0.0010435 secs] [Times: user=0.00 sys=0.00, real=0.00 secs] 
2024-10-04T21:42:40.952+0300: 476.155: Total time for which application threads were stopped: 0.0013816 seconds, Stopping threads took: 0.0001830 seconds
2024-10-04T21:42:41.325+0300: 476.534: Application time: 0.3786072 seconds
2024-10-04T21:42:41.325+0300: 476.534: [GC (Allocation Failure) [PSYoungGen: 263472K->2384K(266240K)] 297899K->36819K(812544K), 0.0008783 secs] [Times: user=0.00 sys=0.00, real=0.00 secs] 
2024-10-04T21:42:41.325+0300: 476.535: Total time for which application threads were stopped: 0.0012034 seconds, Stopping threads took: 0.0001793 seconds
2024-10-04T21:42:41.702+0300: 476.906: Application time: 0.3709232 seconds
2024-10-04T21:42:41.702+0300: 476.906: [GC (Allocation Failure) [PSYoungGen: 261968K->4320K(266240K)] 296403K->38831K(812544K), 0.0009570 secs] [Times: user=0.00 sys=0.00, real=0.00 secs] 
2024-10-04T21:42:41.702+0300: 476.907: Total time for which application threads were stopped: 0.0012492 seconds, Stopping threads took: 0.0001719 seconds
2024-10-04T21:42:42.063+0300: 477.273: Application time: 0.3652148 seconds
2024-10-04T21:42:42.063+0300: 477.273: [GC (Allocation Failure) [PSYoungGen: 263324K->5392K(266240K)] 297836K->39911K(812544K), 0.0013931 secs] [Times: user=0.00 sys=0.00, real=0.00 secs] 
2024-10-04T21:42:42.063+0300: 477.274: Total time for which application threads were stopped: 0.0018177 seconds, Stopping threads took: 0.0002251 seconds
2024-10-04T21:42:42.454+0300: 477.655: Application time: 0.3806351 seconds
2024-10-04T21:42:42.454+0300: 477.655: [GC (Allocation Failure) [PSYoungGen: 264976K->2368K(265216K)] 299495K->36927K(811520K), 0.0007745 secs] [Times: user=0.00 sys=0.00, real=0.00 secs] 
2024-10-04T21:42:42.455+0300: 477.656: Total time for which application threads were stopped: 0.0010830 seconds, Stopping threads took: 0.0001738 seconds
2024-10-04T21:42:42.816+0300: 478.024: Application time: 0.3675783 seconds
2024-10-04T21:42:42.816+0300: 478.024: [GC (Allocation Failure) [PSYoungGen: 260928K->5408K(265728K)] 295487K->39975K(812032K), 0.0012295 secs] [Times: user=0.00 sys=0.00, real=0.00 secs] 
2024-10-04T21:42:42.816+0300: 478.025: Total time for which application threads were stopped: 0.0015688 seconds, Stopping threads took: 0.0001928 seconds
2024-10-04T21:42:43.193+0300: 478.399: Application time: 0.3737817 seconds
2024-10-04T21:42:43.193+0300: 478.399: [GC (Allocation Failure) [PSYoungGen: 263219K->3408K(265728K)] 297786K->37991K(812032K), 0.0009505 secs] [Times: user=0.00 sys=0.00, real=0.00 secs] 
2024-10-04T21:42:43.193+0300: 478.400: Total time for which application threads were stopped: 0.0012517 seconds, Stopping threads took: 0.0001286 seconds
2024-10-04T21:42:43.556+0300: 478.764: Application time: 0.3633271 seconds
2024-10-04T21:42:43.556+0300: 478.764: [GC (Allocation Failure) [PSYoungGen: 261186K->4336K(265728K)] 295770K->38935K(812032K), 0.0012552 secs] [Times: user=0.00 sys=0.00, real=0.00 secs] 
2024-10-04T21:42:43.556+0300: 478.765: Total time for which application threads were stopped: 0.0015708 seconds, Stopping threads took: 0.0001625 seconds
2024-10-04T21:42:43.915+0300: 479.131: Application time: 0.3660652 seconds
2024-10-04T21:42:43.931+0300: 479.132: [GC (Allocation Failure) [PSYoungGen: 262373K->5440K(265216K)] 296973K->40047K(811520K), 0.0011886 secs] [Times: user=0.00 sys=0.00, real=0.00 secs] 
2024-10-04T21:42:43.931+0300: 479.133: Total time for which application threads were stopped: 0.0016141 seconds, Stopping threads took: 0.0002416 seconds
2024-10-04T21:42:44.308+0300: 479.510: Application time: 0.3769622 seconds
2024-10-04T21:42:44.308+0300: 479.510: [GC (Allocation Failure) [PSYoungGen: 264000K->4480K(265728K)] 298607K->39095K(812032K), 0.0011224 secs] [Times: user=0.00 sys=0.00, real=0.00 secs] 
2024-10-04T21:42:44.308+0300: 479.511: Total time for which application threads were stopped: 0.0014353 seconds, Stopping threads took: 0.0001606 seconds
2024-10-04T21:42:44.669+0300: 479.880: Application time: 0.3684312 seconds
2024-10-04T21:42:44.669+0300: 479.880: [GC (Allocation Failure) [PSYoungGen: 262159K->4416K(266240K)] 296774K->39071K(812544K), 0.0009873 secs] [Times: user=0.00 sys=0.00, real=0.00 secs] 
2024-10-04T21:42:44.669+0300: 479.881: Total time for which application threads were stopped: 0.0012872 seconds, Stopping threads took: 0.0001759 seconds
2024-10-04T21:42:45.046+0300: 480.247: Application time: 0.3655803 seconds
2024-10-04T21:42:45.046+0300: 480.247: [GC (Allocation Failure) [PSYoungGen: 263250K->5408K(266240K)] 297906K->40071K(812544K), 0.0013232 secs] [Times: user=0.00 sys=0.00, real=0.00 secs] 
2024-10-04T21:42:45.046+0300: 480.248: Total time for which application threads were stopped: 0.0016320 seconds, Stopping threads took: 0.0001625 seconds
2024-10-04T21:42:45.422+0300: 480.626: Application time: 0.3773463 seconds
2024-10-04T21:42:45.422+0300: 480.626: [GC (Allocation Failure) [PSYoungGen: 264362K->2384K(265216K)] 299026K->37063K(811520K), 0.0008760 secs] [Times: user=0.00 sys=0.00, real=0.00 secs] 
2024-10-04T21:42:45.422+0300: 480.627: Total time for which application threads were stopped: 0.0012096 seconds, Stopping threads took: 0.0001811 seconds
2024-10-04T21:42:45.783+0300: 480.993: Application time: 0.3659706 seconds
2024-10-04T21:42:45.783+0300: 480.993: [GC (Allocation Failure) [PSYoungGen: 260213K->3296K(265728K)] 294892K->38043K(812032K), 0.0009328 secs] [Times: user=0.00 sys=0.00, real=0.00 secs] 
2024-10-04T21:42:45.783+0300: 480.994: Total time for which application threads were stopped: 0.0011987 seconds, Stopping threads took: 0.0001522 seconds
2024-10-04T21:42:46.160+0300: 481.362: Application time: 0.3680332 seconds
2024-10-04T21:42:46.162+0300: 481.362: [GC (Allocation Failure) [PSYoungGen: 261108K->5424K(265216K)] 295855K->40187K(811520K), 0.0012761 secs] [Times: user=0.00 sys=0.00, real=0.00 secs] 
2024-10-04T21:42:46.162+0300: 481.364: Total time for which application threads were stopped: 0.0015765 seconds, Stopping threads took: 0.0000869 seconds
2024-10-04T21:42:46.522+0300: 481.733: Application time: 0.3695894 seconds
2024-10-04T21:42:46.522+0300: 481.734: [GC (Allocation Failure) [PSYoungGen: 263270K->3408K(265728K)] 298034K->38179K(812032K), 0.0010089 secs] [Times: user=0.00 sys=0.00, real=0.00 secs] 
2024-10-04T21:42:46.522+0300: 481.735: Total time for which application threads were stopped: 0.0014071 seconds, Stopping threads took: 0.0002298 seconds
2024-10-04T21:42:46.898+0300: 482.101: Application time: 0.3664567 seconds
2024-10-04T21:42:46.898+0300: 482.101: [GC (Allocation Failure) [PSYoungGen: 261092K->4448K(266240K)] 295864K->39227K(812544K), 0.0010909 secs] [Times: user=0.00 sys=0.00, real=0.00 secs] 
2024-10-04T21:42:46.898+0300: 482.103: Total time for which application threads were stopped: 0.0014201 seconds, Stopping threads took: 0.0001768 seconds
2024-10-04T21:42:47.264+0300: 482.473: Application time: 0.3709281 seconds
2024-10-04T21:42:47.264+0300: 482.474: [GC (Allocation Failure) [PSYoungGen: 263404K->5440K(265728K)] 298184K->40275K(812032K), 0.0012028 secs] [Times: user=0.00 sys=0.00, real=0.00 secs] 
2024-10-04T21:42:47.264+0300: 482.475: Total time for which application threads were stopped: 0.0015724 seconds, Stopping threads took: 0.0002082 seconds
2024-10-04T21:42:47.636+0300: 482.843: Application time: 0.3682436 seconds
2024-10-04T21:42:47.636+0300: 482.844: [GC (Allocation Failure) [PSYoungGen: 264367K->5392K(265728K)] 299203K->40283K(812032K), 0.0011325 secs] [Times: user=0.00 sys=0.00, real=0.00 secs] 
2024-10-04T21:42:47.636+0300: 482.845: Total time for which application threads were stopped: 0.0015214 seconds, Stopping threads took: 0.0002192 seconds
2024-10-04T21:42:47.997+0300: 483.212: Application time: 0.3672257 seconds
2024-10-04T21:42:47.997+0300: 483.212: [GC (Allocation Failure) [PSYoungGen: 263941K->4448K(265728K)] 298833K->39347K(812032K), 0.0012337 secs] [Times: user=0.02 sys=0.00, real=0.02 secs] 
2024-10-04T21:42:48.012+0300: 483.214: Total time for which application threads were stopped: 0.0015683 seconds, Stopping threads took: 0.0001721 seconds
2024-10-04T21:42:48.390+0300: 483.591: Application time: 0.3778142 seconds
2024-10-04T21:42:48.390+0300: 483.592: [GC (Allocation Failure) [PSYoungGen: 262510K->5376K(265728K)] 297410K->40324K(812032K), 0.0013649 secs] [Times: user=0.00 sys=0.00, real=0.00 secs] 
2024-10-04T21:42:48.390+0300: 483.593: Total time for which application threads were stopped: 0.0016367 seconds, Stopping threads took: 0.0000899 seconds
2024-10-04T21:42:48.767+0300: 483.969: Application time: 0.3758014 seconds
2024-10-04T21:42:48.767+0300: 483.969: [GC (Allocation Failure) [PSYoungGen: 263173K->5440K(265728K)] 298121K->40396K(812032K), 0.0013148 secs] [Times: user=0.00 sys=0.00, real=0.00 secs] 
2024-10-04T21:42:48.767+0300: 483.970: Total time for which application threads were stopped: 0.0015945 seconds, Stopping threads took: 0.0001506 seconds
2024-10-04T21:42:49.143+0300: 484.353: Application time: 0.3825580 seconds
2024-10-04T21:42:49.143+0300: 484.353: [GC (Allocation Failure) [PSYoungGen: 263496K->3408K(265728K)] 298452K->38371K(812032K), 0.0009607 secs] [Times: user=0.00 sys=0.00, real=0.00 secs] 
2024-10-04T21:42:49.143+0300: 484.354: Total time for which application threads were stopped: 0.0012414 seconds, Stopping threads took: 0.0001315 seconds
2024-10-04T21:42:49.520+0300: 484.731: Application time: 0.3762678 seconds
2024-10-04T21:42:49.520+0300: 484.731: [GC (Allocation Failure) [PSYoungGen: 261737K->4448K(265728K)] 296701K->39419K(812032K), 0.0011355 secs] [Times: user=0.00 sys=0.00, real=0.00 secs] 
2024-10-04T21:42:49.520+0300: 484.732: Total time for which application threads were stopped: 0.0015184 seconds, Stopping threads took: 0.0002176 seconds
2024-10-04T21:42:49.897+0300: 485.108: Application time: 0.3760228 seconds
2024-10-04T21:42:49.897+0300: 485.108: [GC (Allocation Failure) [PSYoungGen: 262503K->4416K(266240K)] 297475K->39395K(812544K), 0.0015728 secs] [Times: user=0.00 sys=0.00, real=0.00 secs] 
2024-10-04T21:42:49.897+0300: 485.110: Total time for which application threads were stopped: 0.0019705 seconds, Stopping threads took: 0.0002085 seconds
2024-10-04T21:42:50.289+0300: 485.495: Application time: 0.3845412 seconds
2024-10-04T21:42:50.289+0300: 485.495: [GC (Allocation Failure) [PSYoungGen: 263383K->5456K(266240K)] 298362K->40444K(812544K), 0.0012472 secs] [Times: user=0.00 sys=0.00, real=0.00 secs] 
2024-10-04T21:42:50.289+0300: 485.496: Total time for which application threads were stopped: 0.0015649 seconds, Stopping threads took: 0.0001433 seconds
2024-10-04T21:42:50.665+0300: 485.868: Application time: 0.3718100 seconds
2024-10-04T21:42:50.665+0300: 485.868: [GC (Allocation Failure) [PSYoungGen: 264397K->4352K(266240K)] 299385K->39388K(812544K), 0.0011153 secs] [Times: user=0.00 sys=0.00, real=0.00 secs] 
2024-10-04T21:42:50.665+0300: 485.869: Total time for which application threads were stopped: 0.0014349 seconds, Stopping threads took: 0.0001672 seconds
2024-10-04T21:42:51.026+0300: 486.237: Application time: 0.3678965 seconds
2024-10-04T21:42:51.026+0300: 486.238: [GC (Allocation Failure) [PSYoungGen: 263162K->5408K(266240K)] 298198K->40452K(812544K), 0.0013037 secs] [Times: user=0.00 sys=0.00, real=0.00 secs] 
2024-10-04T21:42:51.026+0300: 486.239: Total time for which application threads were stopped: 0.0016797 seconds, Stopping threads took: 0.0002108 seconds
2024-10-04T21:42:51.404+0300: 486.615: Application time: 0.3758935 seconds
2024-10-04T21:42:51.404+0300: 486.615: [GC (Allocation Failure) [PSYoungGen: 264369K->4416K(266240K)] 299413K->39492K(812544K), 0.0010088 secs] [Times: user=0.00 sys=0.00, real=0.00 secs] 
2024-10-04T21:42:51.404+0300: 486.616: Total time for which application threads were stopped: 0.0013290 seconds, Stopping threads took: 0.0001667 seconds
2024-10-04T21:42:51.780+0300: 486.986: Application time: 0.3697149 seconds
2024-10-04T21:42:51.780+0300: 486.986: [GC (Allocation Failure) [PSYoungGen: 263433K->5440K(266240K)] 298509K->40556K(812544K), 0.0011972 secs] [Times: user=0.00 sys=0.00, real=0.00 secs] 
2024-10-04T21:42:51.780+0300: 486.987: Total time for which application threads were stopped: 0.0015161 seconds, Stopping threads took: 0.0001444 seconds
2024-10-04T21:42:52.157+0300: 487.365: Application time: 0.3779194 seconds
2024-10-04T21:42:52.157+0300: 487.366: [GC (Allocation Failure) [PSYoungGen: 265024K->4448K(266240K)] 300140K->39580K(812544K), 0.0011120 secs] [Times: user=0.00 sys=0.00, real=0.00 secs] 
2024-10-04T21:42:52.157+0300: 487.367: Total time for which application threads were stopped: 0.0014905 seconds, Stopping threads took: 0.0002271 seconds
2024-10-04T21:42:52.534+0300: 487.736: Application time: 0.3688887 seconds
2024-10-04T21:42:52.534+0300: 487.736: [GC (Allocation Failure) [PSYoungGen: 263782K->5456K(266240K)] 298914K->40604K(812544K), 0.0010866 secs] [Times: user=0.00 sys=0.00, real=0.00 secs] 
2024-10-04T21:42:52.534+0300: 487.737: Total time for which application threads were stopped: 0.0014477 seconds, Stopping threads took: 0.0002140 seconds
2024-10-04T21:42:52.895+0300: 488.107: Application time: 0.3697498 seconds
2024-10-04T21:42:52.895+0300: 488.107: [GC (Allocation Failure) [PSYoungGen: 264933K->5440K(266240K)] 300081K->40604K(812544K), 0.0012033 secs] [Times: user=0.00 sys=0.00, real=0.00 secs] 
2024-10-04T21:42:52.895+0300: 488.109: Total time for which application threads were stopped: 0.0015391 seconds, Stopping threads took: 0.0002000 seconds
2024-10-04T21:42:53.277+0300: 488.482: Application time: 0.3733673 seconds
2024-10-04T21:42:53.277+0300: 488.482: [GC (Allocation Failure) [PSYoungGen: 264590K->5424K(266240K)] 299754K->40604K(812544K), 0.0011653 secs] [Times: user=0.00 sys=0.00, real=0.00 secs] 
2024-10-04T21:42:53.277+0300: 488.483: Total time for which application threads were stopped: 0.0014827 seconds, Stopping threads took: 0.0001812 seconds
2024-10-04T21:42:53.648+0300: 488.854: Application time: 0.3705124 seconds
2024-10-04T21:42:53.648+0300: 488.854: [GC (Allocation Failure) [PSYoungGen: 264329K->3440K(265216K)] 299509K->38660K(811520K), 0.0009570 secs] [Times: user=0.00 sys=0.00, real=0.00 secs] 
2024-10-04T21:42:53.648+0300: 488.855: Total time for which application threads were stopped: 0.0012752 seconds, Stopping threads took: 0.0001849 seconds
2024-10-04T21:42:54.009+0300: 489.220: Application time: 0.3645080 seconds
2024-10-04T21:42:54.009+0300: 489.220: [GC (Allocation Failure) [PSYoungGen: 261089K->5424K(265728K)] 296309K->40692K(812032K), 0.0011053 secs] [Times: user=0.00 sys=0.00, real=0.00 secs] 
2024-10-04T21:42:54.009+0300: 489.221: Total time for which application threads were stopped: 0.0013829 seconds, Stopping threads took: 0.0001466 seconds
2024-10-04T21:42:54.387+0300: 489.597: Application time: 0.3763041 seconds
2024-10-04T21:42:54.387+0300: 489.598: [GC (Allocation Failure) [PSYoungGen: 263425K->4384K(266240K)] 298694K->39668K(812544K), 0.0011081 secs] [Times: user=0.00 sys=0.00, real=0.00 secs] 
2024-10-04T21:42:54.387+0300: 489.599: Total time for which application threads were stopped: 0.0013660 seconds, Stopping threads took: 0.0000910 seconds
2024-10-04T21:42:54.747+0300: 489.961: Application time: 0.3627365 seconds
2024-10-04T21:42:54.747+0300: 489.962: [GC (Allocation Failure) [PSYoungGen: 262983K->5408K(265728K)] 298267K->40740K(812032K), 0.0011379 secs] [Times: user=0.00 sys=0.00, real=0.00 secs] 
2024-10-04T21:42:54.747+0300: 489.963: Total time for which application threads were stopped: 0.0014347 seconds, Stopping threads took: 0.0001629 seconds
2024-10-04T21:42:55.125+0300: 490.339: Application time: 0.3759143 seconds
2024-10-04T21:42:55.125+0300: 490.339: [GC (Allocation Failure) [PSYoungGen: 264373K->4480K(266240K)] 299705K->39820K(812544K), 0.0011061 secs] [Times: user=0.00 sys=0.00, real=0.00 secs] 
2024-10-04T21:42:55.125+0300: 490.340: Total time for which application threads were stopped: 0.0014445 seconds, Stopping threads took: 0.0001610 seconds
2024-10-04T21:42:55.502+0300: 490.709: Application time: 0.3683250 seconds
2024-10-04T21:42:55.502+0300: 490.709: [GC (Allocation Failure) [PSYoungGen: 263552K->4416K(265728K)] 298892K->39764K(812032K), 0.0011554 secs] [Times: user=0.00 sys=0.00, real=0.00 secs] 
2024-10-04T21:42:55.502+0300: 490.710: Total time for which application threads were stopped: 0.0014634 seconds, Stopping threads took: 0.0001526 seconds
2024-10-04T21:42:55.862+0300: 491.078: Application time: 0.3674321 seconds
2024-10-04T21:42:55.862+0300: 491.078: [GC (Allocation Failure) [PSYoungGen: 263421K->2384K(265216K)] 298769K->37748K(811520K), 0.0007977 secs] [Times: user=0.00 sys=0.00, real=0.02 secs] 
2024-10-04T21:42:55.878+0300: 491.079: Total time for which application threads were stopped: 0.0011046 seconds, Stopping threads took: 0.0001845 seconds
2024-10-04T21:42:56.239+0300: 491.452: Application time: 0.3733694 seconds
2024-10-04T21:42:56.239+0300: 491.452: [GC (Allocation Failure) [PSYoungGen: 260205K->4448K(265728K)] 295569K->39820K(812032K), 0.0010491 secs] [Times: user=0.00 sys=0.00, real=0.00 secs] 
2024-10-04T21:42:56.239+0300: 491.453: Total time for which application threads were stopped: 0.0013519 seconds, Stopping threads took: 0.0001890 seconds
2024-10-04T21:42:56.616+0300: 491.817: Application time: 0.3635795 seconds
2024-10-04T21:42:56.616+0300: 491.817: [GC (Allocation Failure) [PSYoungGen: 262288K->4416K(266240K)] 297660K->39828K(812544K), 0.0009959 secs] [Times: user=0.00 sys=0.00, real=0.00 secs] 
2024-10-04T21:42:56.616+0300: 491.818: Total time for which application threads were stopped: 0.0012803 seconds, Stopping threads took: 0.0001426 seconds
2024-10-04T21:42:56.993+0300: 492.197: Application time: 0.3789904 seconds
2024-10-04T21:42:56.993+0300: 492.198: [GC (Allocation Failure) [PSYoungGen: 263405K->4448K(266240K)] 298818K->39868K(812544K), 0.0012819 secs] [Times: user=0.00 sys=0.00, real=0.00 secs] 
2024-10-04T21:42:56.993+0300: 492.199: Total time for which application threads were stopped: 0.0017693 seconds, Stopping threads took: 0.0002956 seconds
2024-10-04T21:42:57.369+0300: 492.577: Application time: 0.3781937 seconds
2024-10-04T21:42:57.369+0300: 492.577: [GC (Allocation Failure) [PSYoungGen: 264032K->4448K(266752K)] 299452K->39908K(813056K), 0.0011271 secs] [Times: user=0.00 sys=0.00, real=0.00 secs] 
2024-10-04T21:42:57.369+0300: 492.579: Total time for which application threads were stopped: 0.0015292 seconds, Stopping threads took: 0.0002605 seconds
2024-10-04T21:42:57.746+0300: 492.959: Application time: 0.3804387 seconds
2024-10-04T21:42:57.746+0300: 492.959: [GC (Allocation Failure) [PSYoungGen: 264787K->4448K(266752K)] 300247K->39916K(813056K), 0.0009733 secs] [Times: user=0.00 sys=0.00, real=0.00 secs] 
2024-10-04T21:42:57.746+0300: 492.960: Total time for which application threads were stopped: 0.0012844 seconds, Stopping threads took: 0.0001611 seconds
2024-10-04T21:42:58.138+0300: 493.342: Application time: 0.3811296 seconds
2024-10-04T21:42:58.138+0300: 493.342: [GC (Allocation Failure) [PSYoungGen: 264328K->3424K(266752K)] 299796K->38908K(813056K), 0.0008557 secs] [Times: user=0.00 sys=0.00, real=0.00 secs] 
2024-10-04T21:42:58.138+0300: 493.343: Total time for which application threads were stopped: 0.0011277 seconds, Stopping threads took: 0.0001276 seconds
2024-10-04T21:42:58.499+0300: 493.711: Application time: 0.3680543 seconds
2024-10-04T21:42:58.499+0300: 493.711: [GC (Allocation Failure) [PSYoungGen: 264032K->5472K(266752K)] 299516K->40972K(813056K), 0.0012676 secs] [Times: user=0.00 sys=0.00, real=0.00 secs] 
2024-10-04T21:42:58.499+0300: 493.712: Total time for which application threads were stopped: 0.0015517 seconds, Stopping threads took: 0.0001383 seconds
2024-10-04T21:42:58.875+0300: 494.086: Application time: 0.3739451 seconds
2024-10-04T21:42:58.875+0300: 494.087: [GC (Allocation Failure) [PSYoungGen: 266080K->2336K(265728K)] 301580K->37884K(812032K), 0.0007990 secs] [Times: user=0.00 sys=0.00, real=0.00 secs] 
2024-10-04T21:42:58.875+0300: 494.087: Total time for which application threads were stopped: 0.0010990 seconds, Stopping threads took: 0.0001822 seconds
2024-10-04T21:42:59.252+0300: 494.465: Application time: 0.3774482 seconds
2024-10-04T21:42:59.252+0300: 494.465: [GC (Allocation Failure) [PSYoungGen: 261390K->4448K(266240K)] 296938K->40004K(812544K), 0.0011146 secs] [Times: user=0.00 sys=0.00, real=0.00 secs] 
2024-10-04T21:42:59.252+0300: 494.466: Total time for which application threads were stopped: 0.0014399 seconds, Stopping threads took: 0.0001732 seconds
2024-10-04T21:42:59.629+0300: 494.835: Application time: 0.3692019 seconds
2024-10-04T21:42:59.629+0300: 494.836: [GC (Allocation Failure) [PSYoungGen: 263418K->3408K(266240K)] 298974K->39004K(812544K), 0.0009626 secs] [Times: user=0.00 sys=0.00, real=0.00 secs] 
2024-10-04T21:42:59.629+0300: 494.837: Total time for which application threads were stopped: 0.0012438 seconds, Stopping threads took: 0.0001319 seconds
2024-10-04T21:42:59.990+0300: 495.202: Application time: 0.3657670 seconds
2024-10-04T21:42:59.990+0300: 495.203: [GC (Allocation Failure) [PSYoungGen: 262015K->4384K(266240K)] 297611K->39988K(812544K), 0.0011294 secs] [Times: user=0.00 sys=0.00, real=0.00 secs] 
2024-10-04T21:42:59.990+0300: 495.204: Total time for which application threads were stopped: 0.0014210 seconds, Stopping threads took: 0.0001458 seconds
2024-10-04T21:43:00.382+0300: 495.590: Application time: 0.3865744 seconds
2024-10-04T21:43:00.382+0300: 495.591: [GC (Allocation Failure) [PSYoungGen: 263413K->4384K(266752K)] 299017K->40028K(813056K), 0.0010967 secs] [Times: user=0.00 sys=0.00, real=0.01 secs] 
2024-10-04T21:43:00.391+0300: 495.592: Total time for which application threads were stopped: 0.0014011 seconds, Stopping threads took: 0.0001298 seconds
2024-10-04T21:43:00.743+0300: 495.956: Application time: 0.3636921 seconds
2024-10-04T21:43:00.743+0300: 495.956: [GC (Allocation Failure) [PSYoungGen: 264144K->5392K(266240K)] 299788K->41084K(812544K), 0.0012201 secs] [Times: user=0.00 sys=0.00, real=0.01 secs] 
2024-10-04T21:43:00.756+0300: 495.957: Total time for which application threads were stopped: 0.0015789 seconds, Stopping threads took: 0.0001991 seconds
2024-10-04T21:43:01.120+0300: 496.332: Application time: 0.3749767 seconds
2024-10-04T21:43:01.120+0300: 496.332: [GC (Allocation Failure) [PSYoungGen: 265728K->5424K(266240K)] 301420K->41132K(812544K), 0.0013124 secs] [Times: user=0.00 sys=0.00, real=0.00 secs] 
2024-10-04T21:43:01.120+0300: 496.334: Total time for which application threads were stopped: 0.0016996 seconds, Stopping threads took: 0.0002094 seconds
2024-10-04T21:43:01.496+0300: 496.707: Application time: 0.3727702 seconds
2024-10-04T21:43:01.496+0300: 496.707: [GC (Allocation Failure) [PSYoungGen: 264089K->4448K(266240K)] 299798K->40164K(812544K), 0.0012077 secs] [Times: user=0.00 sys=0.00, real=0.00 secs] 
2024-10-04T21:43:01.496+0300: 496.708: Total time for which application threads were stopped: 0.0015709 seconds, Stopping threads took: 0.0002048 seconds
2024-10-04T21:43:01.857+0300: 497.073: Application time: 0.3647714 seconds
2024-10-04T21:43:01.857+0300: 497.073: [GC (Allocation Failure) [PSYoungGen: 263431K->5392K(266240K)] 299147K->41124K(812544K), 0.0013121 secs] [Times: user=0.00 sys=0.00, real=0.02 secs] 
2024-10-04T21:43:01.873+0300: 497.075: Total time for which application threads were stopped: 0.0016660 seconds, Stopping threads took: 0.0001972 seconds
2024-10-04T21:43:02.250+0300: 497.461: Application time: 0.3865518 seconds
2024-10-04T21:43:02.250+0300: 497.461: [GC (Allocation Failure) [PSYoungGen: 264028K->3360K(266240K)] 299761K->39100K(812544K), 0.0008247 secs] [Times: user=0.00 sys=0.00, real=0.00 secs] 
2024-10-04T21:43:02.250+0300: 497.462: Total time for which application threads were stopped: 0.0010669 seconds, Stopping threads took: 0.0001061 seconds
2024-10-04T21:43:02.359+0300: 497.574: Application time: 0.1113015 seconds
2024-10-04T21:43:02.359+0300: 497.574: Total time for which application threads were stopped: 0.0001757 seconds, Stopping threads took: 0.0001147 seconds
2024-10-04T21:43:02.406+0300: 497.608: Application time: 0.0341073 seconds
2024-10-04T21:43:02.406+0300: 497.608: Total time for which application threads were stopped: 0.0001708 seconds, Stopping threads took: 0.0001115 seconds
2024-10-04T21:43:02.578+0300: 497.781: Application time: 0.1732689 seconds
2024-10-04T21:43:02.594+0300: 497.795: Total time for which application threads were stopped: 0.0137343 seconds, Stopping threads took: 0.0136578 seconds
2024-10-04T21:43:02.795+0300: 497.997: Application time: 0.2016790 seconds
2024-10-04T21:43:02.795+0300: 497.997: [GC (Allocation Failure) [PSYoungGen: 262944K->5440K(266240K)] 298684K->41188K(812544K), 0.0011699 secs] [Times: user=0.00 sys=0.00, real=0.00 secs] 
2024-10-04T21:43:02.795+0300: 497.998: Total time for which application threads were stopped: 0.0015153 seconds, Stopping threads took: 0.0001972 seconds
2024-10-04T21:43:03.159+0300: 498.364: Application time: 0.3661451 seconds
2024-10-04T21:43:03.159+0300: 498.365: [GC (Allocation Failure) [PSYoungGen: 264157K->5472K(265216K)] 299905K->41268K(811520K), 0.0011576 secs] [Times: user=0.00 sys=0.00, real=0.00 secs] 
2024-10-04T21:43:03.159+0300: 498.366: Total time for which application threads were stopped: 0.0014207 seconds, Stopping threads took: 0.0001410 seconds
2024-10-04T21:43:03.520+0300: 498.731: Application time: 0.3655732 seconds
2024-10-04T21:43:03.520+0300: 498.732: [GC (Allocation Failure) [PSYoungGen: 264699K->3424K(265728K)] 300496K->39236K(812032K), 0.0010599 secs] [Times: user=0.00 sys=0.00, real=0.00 secs] 
2024-10-04T21:43:03.520+0300: 498.733: Total time for which application threads were stopped: 0.0013809 seconds, Stopping threads took: 0.0001485 seconds
2024-10-04T21:43:03.897+0300: 499.098: Application time: 0.3652694 seconds
2024-10-04T21:43:03.898+0300: 499.098: [GC (Allocation Failure) [PSYoungGen: 261860K->5472K(265728K)] 297673K->41300K(812032K), 0.0011331 secs] [Times: user=0.00 sys=0.00, real=0.00 secs] 
2024-10-04T21:43:03.898+0300: 499.099: Total time for which application threads were stopped: 0.0014332 seconds, Stopping threads took: 0.0001549 seconds
2024-10-04T21:43:04.274+0300: 499.475: Application time: 0.3758359 seconds
2024-10-04T21:43:04.274+0300: 499.476: [GC (Allocation Failure) [PSYoungGen: 263919K->4448K(266240K)] 299748K->40284K(812544K), 0.0010241 secs] [Times: user=0.00 sys=0.00, real=0.00 secs] 
2024-10-04T21:43:04.274+0300: 499.477: Total time for which application threads were stopped: 0.0013124 seconds, Stopping threads took: 0.0001719 seconds
2024-10-04T21:43:04.635+0300: 499.840: Application time: 0.3633804 seconds
2024-10-04T21:43:04.635+0300: 499.840: [GC (Allocation Failure) [PSYoungGen: 262642K->5472K(265728K)] 298479K->41316K(812032K), 0.0012617 secs] [Times: user=0.00 sys=0.00, real=0.00 secs] 
2024-10-04T21:43:04.635+0300: 499.842: Total time for which application threads were stopped: 0.0015182 seconds, Stopping threads took: 0.0001220 seconds
2024-10-04T21:43:05.000+0300: 500.209: Application time: 0.3675486 seconds
2024-10-04T21:43:05.000+0300: 500.209: [GC (Allocation Failure) [PSYoungGen: 263628K->4480K(266240K)] 299472K->40332K(812544K), 0.0010820 secs] [Times: user=0.00 sys=0.00, real=0.00 secs] 
2024-10-04T21:43:05.000+0300: 500.210: Total time for which application threads were stopped: 0.0013920 seconds, Stopping threads took: 0.0001817 seconds
2024-10-04T21:43:05.372+0300: 500.583: Application time: 0.3725336 seconds
2024-10-04T21:43:05.372+0300: 500.583: [GC (Allocation Failure) [PSYoungGen: 262827K->4432K(265728K)] 298679K->40292K(812032K), 0.0011875 secs] [Times: user=0.00 sys=0.00, real=0.00 secs] 
2024-10-04T21:43:05.372+0300: 500.585: Total time for which application threads were stopped: 0.0015532 seconds, Stopping threads took: 0.0002163 seconds
2024-10-04T21:43:05.749+0300: 500.953: Application time: 0.3689050 seconds
2024-10-04T21:43:05.749+0300: 500.954: [GC (Allocation Failure) [PSYoungGen: 262611K->3424K(266240K)] 298472K->39300K(812544K), 0.0007921 secs] [Times: user=0.00 sys=0.00, real=0.00 secs] 
2024-10-04T21:43:05.749+0300: 500.955: Total time for which application threads were stopped: 0.0010612 seconds, Stopping threads took: 0.0001545 seconds
2024-10-04T21:43:06.110+0300: 501.324: Application time: 0.3696982 seconds
2024-10-04T21:43:06.110+0300: 501.324: [GC (Allocation Failure) [PSYoungGen: 262201K->5280K(266240K)] 298078K->41332K(812544K), 0.0013589 secs] [Times: user=0.00 sys=0.00, real=0.00 secs] 
2024-10-04T21:43:06.110+0300: 501.326: Total time for which application threads were stopped: 0.0016487 seconds, Stopping threads took: 0.0001156 seconds
2024-10-04T21:43:06.487+0300: 501.695: Application time: 0.3690354 seconds
2024-10-04T21:43:06.487+0300: 501.695: [GC (Allocation Failure) [PSYoungGen: 264156K->5424K(265216K)] 300208K->41524K(811520K), 0.0012024 secs] [Times: user=0.00 sys=0.00, real=0.00 secs] 
2024-10-04T21:43:06.487+0300: 501.696: Total time for which application threads were stopped: 0.0015029 seconds, Stopping threads took: 0.0001476 seconds
2024-10-04T21:43:06.848+0300: 502.060: Application time: 0.3638688 seconds
2024-10-04T21:43:06.848+0300: 502.061: [GC (Allocation Failure) [PSYoungGen: 263942K->5440K(265728K)] 300043K->41556K(812032K), 0.0011623 secs] [Times: user=0.00 sys=0.00, real=0.00 secs] 
2024-10-04T21:43:06.848+0300: 502.062: Total time for which application threads were stopped: 0.0014679 seconds, Stopping threads took: 0.0001789 seconds
2024-10-04T21:43:07.224+0300: 502.437: Application time: 0.3754714 seconds
2024-10-04T21:43:07.224+0300: 502.437: [GC (Allocation Failure) [PSYoungGen: 264000K->4464K(266240K)] 300116K->40588K(812544K), 0.0009955 secs] [Times: user=0.00 sys=0.00, real=0.00 secs] 
2024-10-04T21:43:07.224+0300: 502.439: Total time for which application threads were stopped: 0.0013181 seconds, Stopping threads took: 0.0001755 seconds
2024-10-04T21:43:07.605+0300: 502.808: Application time: 0.3689887 seconds
2024-10-04T21:43:07.605+0300: 502.808: [GC (Allocation Failure) [PSYoungGen: 263060K->2400K(265728K)] 299184K->38532K(812032K), 0.0008575 secs] [Times: user=0.00 sys=0.00, real=0.00 secs] 
2024-10-04T21:43:07.605+0300: 502.809: Total time for which application threads were stopped: 0.0011297 seconds, Stopping threads took: 0.0001550 seconds
2024-10-04T21:43:07.962+0300: 503.169: Application time: 0.3607141 seconds
2024-10-04T21:43:07.962+0300: 503.170: [GC (Allocation Failure) [PSYoungGen: 261227K->5456K(265728K)] 297359K->41604K(812032K), 0.0012457 secs] [Times: user=0.00 sys=0.00, real=0.00 secs] 
2024-10-04T21:43:07.962+0300: 503.171: Total time for which application threads were stopped: 0.0015720 seconds, Stopping threads took: 0.0001944 seconds
2024-10-04T21:43:08.339+0300: 503.545: Application time: 0.3736138 seconds
2024-10-04T21:43:08.339+0300: 503.545: [GC (Allocation Failure) [PSYoungGen: 263491K->5440K(265728K)] 299640K->41604K(812032K), 0.0011821 secs] [Times: user=0.00 sys=0.00, real=0.00 secs] 
2024-10-04T21:43:08.339+0300: 503.546: Total time for which application threads were stopped: 0.0015603 seconds, Stopping threads took: 0.0002206 seconds
2024-10-04T21:43:08.708+0300: 503.916: Application time: 0.3695961 seconds
2024-10-04T21:43:08.708+0300: 503.916: [GC (Allocation Failure) [PSYoungGen: 263769K->3424K(265728K)] 299934K->39596K(812032K), 0.0010216 secs] [Times: user=0.02 sys=0.00, real=0.01 secs] 
2024-10-04T21:43:08.716+0300: 503.917: Total time for which application threads were stopped: 0.0013674 seconds, Stopping threads took: 0.0002089 seconds
2024-10-04T21:43:09.075+0300: 504.283: Application time: 0.3660774 seconds
2024-10-04T21:43:09.075+0300: 504.283: [GC (Allocation Failure) [PSYoungGen: 261454K->5472K(265728K)] 297627K->41652K(812032K), 0.0012174 secs] [Times: user=0.00 sys=0.00, real=0.00 secs] 
2024-10-04T21:43:09.075+0300: 504.285: Total time for which application threads were stopped: 0.0015360 seconds, Stopping threads took: 0.0001630 seconds
2024-10-04T21:43:09.452+0300: 504.658: Application time: 0.3731634 seconds
2024-10-04T21:43:09.452+0300: 504.658: [GC (Allocation Failure) [PSYoungGen: 263400K->4448K(265728K)] 299580K->40636K(812032K), 0.0009970 secs] [Times: user=0.00 sys=0.00, real=0.00 secs] 
2024-10-04T21:43:09.452+0300: 504.659: Total time for which application threads were stopped: 0.0013594 seconds, Stopping threads took: 0.0002115 seconds
2024-10-04T21:43:09.813+0300: 505.021: Application time: 0.3615303 seconds
2024-10-04T21:43:09.813+0300: 505.021: [GC (Allocation Failure) [PSYoungGen: 262952K->5456K(265728K)] 299140K->41660K(812032K), 0.0011611 secs] [Times: user=0.00 sys=0.00, real=0.00 secs] 
2024-10-04T21:43:09.813+0300: 505.022: Total time for which application threads were stopped: 0.0014695 seconds, Stopping threads took: 0.0001773 seconds
2024-10-04T21:43:10.189+0300: 505.395: Application time: 0.3732109 seconds
2024-10-04T21:43:10.189+0300: 505.396: [GC (Allocation Failure) [PSYoungGen: 263314K->4464K(265728K)] 299519K->40676K(812032K), 0.0009794 secs] [Times: user=0.00 sys=0.00, real=0.00 secs] 
2024-10-04T21:43:10.189+0300: 505.397: Total time for which application threads were stopped: 0.0012863 seconds, Stopping threads took: 0.0001666 seconds
2024-10-04T21:43:10.550+0300: 505.762: Application time: 0.3656797 seconds
2024-10-04T21:43:10.550+0300: 505.763: [GC (Allocation Failure) [PSYoungGen: 262485K->4464K(265728K)] 298697K->40684K(812032K), 0.0010370 secs] [Times: user=0.00 sys=0.00, real=0.00 secs] 
2024-10-04T21:43:10.550+0300: 505.764: Total time for which application threads were stopped: 0.0013946 seconds, Stopping threads took: 0.0002065 seconds
2024-10-04T21:43:10.927+0300: 506.130: Application time: 0.3666035 seconds
2024-10-04T21:43:10.927+0300: 506.131: [GC (Allocation Failure) [PSYoungGen: 262089K->4464K(266240K)] 298309K->40692K(812544K), 0.0009724 secs] [Times: user=0.00 sys=0.00, real=0.00 secs] 
2024-10-04T21:43:10.927+0300: 506.132: Total time for which application threads were stopped: 0.0012325 seconds, Stopping threads took: 0.0001258 seconds
2024-10-04T21:43:11.304+0300: 506.505: Application time: 0.3734978 seconds
2024-10-04T21:43:11.304+0300: 506.505: [GC (Allocation Failure) [PSYoungGen: 263479K->5424K(266240K)] 299708K->41668K(812544K), 0.0012975 secs] [Times: user=0.00 sys=0.00, real=0.00 secs] 
2024-10-04T21:43:11.304+0300: 506.507: Total time for which application threads were stopped: 0.0015654 seconds, Stopping threads took: 0.0000946 seconds
2024-10-04T21:43:11.665+0300: 506.874: Application time: 0.3670179 seconds
2024-10-04T21:43:11.665+0300: 506.874: [GC (Allocation Failure) [PSYoungGen: 264185K->4384K(266240K)] 300430K->40704K(812544K), 0.0010403 secs] [Times: user=0.00 sys=0.00, real=0.00 secs] 
2024-10-04T21:43:11.665+0300: 506.875: Total time for which application threads were stopped: 0.0012970 seconds, Stopping threads took: 0.0001307 seconds
2024-10-04T21:43:12.026+0300: 507.242: Application time: 0.3670631 seconds
2024-10-04T21:43:12.026+0300: 507.242: [GC (Allocation Failure) [PSYoungGen: 263348K->5360K(266240K)] 299668K->41760K(812544K), 0.0013650 secs] [Times: user=0.00 sys=0.00, real=0.02 secs] 
2024-10-04T21:43:12.042+0300: 507.244: Total time for which application threads were stopped: 0.0016668 seconds, Stopping threads took: 0.0001586 seconds
2024-10-04T21:43:12.415+0300: 507.618: Application time: 0.3743678 seconds
2024-10-04T21:43:12.415+0300: 507.618: [GC (Allocation Failure) [PSYoungGen: 264199K->4320K(266240K)] 300599K->40744K(812544K), 0.0011223 secs] [Times: user=0.00 sys=0.00, real=0.00 secs] 
2024-10-04T21:43:12.419+0300: 507.620: Total time for which application threads were stopped: 0.0014683 seconds, Stopping threads took: 0.0002031 seconds
2024-10-04T21:43:12.780+0300: 507.984: Application time: 0.3647775 seconds
2024-10-04T21:43:12.780+0300: 507.985: [GC (Allocation Failure) [PSYoungGen: 263485K->5376K(266240K)] 299910K->41880K(812544K), 0.0011731 secs] [Times: user=0.00 sys=0.00, real=0.00 secs] 
2024-10-04T21:43:12.780+0300: 507.986: Total time for which application threads were stopped: 0.0014863 seconds, Stopping threads took: 0.0001848 seconds
2024-10-04T21:43:13.156+0300: 508.362: Application time: 0.3760904 seconds
2024-10-04T21:43:13.156+0300: 508.362: [GC (Allocation Failure) [PSYoungGen: 264229K->5440K(266240K)] 300733K->41952K(812544K), 0.0011855 secs] [Times: user=0.00 sys=0.00, real=0.00 secs] 
2024-10-04T21:43:13.156+0300: 508.364: Total time for which application threads were stopped: 0.0015208 seconds, Stopping threads took: 0.0001693 seconds
2024-10-04T21:43:13.517+0300: 508.729: Application time: 0.3657378 seconds
2024-10-04T21:43:13.517+0300: 508.730: [GC (Allocation Failure) [PSYoungGen: 264286K->5440K(266240K)] 300798K->41960K(812544K), 0.0013577 secs] [Times: user=0.00 sys=0.00, real=0.00 secs] 
2024-10-04T21:43:13.517+0300: 508.731: Total time for which application threads were stopped: 0.0016958 seconds, Stopping threads took: 0.0001844 seconds
2024-10-04T21:43:13.894+0300: 509.099: Application time: 0.3678424 seconds
2024-10-04T21:43:13.894+0300: 509.099: [GC (Allocation Failure) [PSYoungGen: 265024K->3440K(265216K)] 301544K->39976K(811520K), 0.0009150 secs] [Times: user=0.00 sys=0.00, real=0.00 secs] 
2024-10-04T21:43:13.894+0300: 509.100: Total time for which application threads were stopped: 0.0012525 seconds, Stopping threads took: 0.0002103 seconds
2024-10-04T21:43:14.270+0300: 509.474: Application time: 0.3734566 seconds
2024-10-04T21:43:14.270+0300: 509.474: [GC (Allocation Failure) [PSYoungGen: 261123K->5456K(265728K)] 297659K->42008K(812032K), 0.0011394 secs] [Times: user=0.00 sys=0.00, real=0.00 secs] 
2024-10-04T21:43:14.270+0300: 509.475: Total time for which application threads were stopped: 0.0014439 seconds, Stopping threads took: 0.0001819 seconds
2024-10-04T21:43:14.631+0300: 509.842: Application time: 0.3667300 seconds
2024-10-04T21:43:14.631+0300: 509.842: [GC (Allocation Failure) [PSYoungGen: 264016K->4464K(266240K)] 300568K->41024K(812544K), 0.0011683 secs] [Times: user=0.00 sys=0.00, real=0.00 secs] 
2024-10-04T21:43:14.631+0300: 509.843: Total time for which application threads were stopped: 0.0015062 seconds, Stopping threads took: 0.0001769 seconds
2024-10-04T21:43:15.008+0300: 510.211: Application time: 0.3679784 seconds
2024-10-04T21:43:15.008+0300: 510.211: [GC (Allocation Failure) [PSYoungGen: 263186K->4448K(265728K)] 299747K->41016K(812032K), 0.0009035 secs] [Times: user=0.00 sys=0.00, real=0.00 secs] 
2024-10-04T21:43:15.008+0300: 510.212: Total time for which application threads were stopped: 0.0011780 seconds, Stopping threads took: 0.0001614 seconds
2024-10-04T21:43:15.384+0300: 510.588: Application time: 0.3752958 seconds
2024-10-04T21:43:15.384+0300: 510.588: [GC (Allocation Failure) [PSYoungGen: 263520K->3392K(266240K)] 300088K->39968K(812544K), 0.0008964 secs] [Times: user=0.00 sys=0.00, real=0.00 secs] 
2024-10-04T21:43:15.384+0300: 510.589: Total time for which application threads were stopped: 0.0011997 seconds, Stopping threads took: 0.0001731 seconds
2024-10-04T21:43:15.745+0300: 510.955: Application time: 0.3658052 seconds
2024-10-04T21:43:15.745+0300: 510.955: [GC (Allocation Failure) [PSYoungGen: 262976K->4448K(266240K)] 299552K->41032K(812544K), 0.0011281 secs] [Times: user=0.00 sys=0.00, real=0.00 secs] 
2024-10-04T21:43:15.745+0300: 510.956: Total time for which application threads were stopped: 0.0014473 seconds, Stopping threads took: 0.0001894 seconds
2024-10-04T21:43:16.123+0300: 511.332: Application time: 0.3762710 seconds
2024-10-04T21:43:16.123+0300: 511.333: [GC (Allocation Failure) [PSYoungGen: 264032K->4464K(266240K)] 300616K->41056K(812544K), 0.0010123 secs] [Times: user=0.00 sys=0.00, real=0.00 secs] 
2024-10-04T21:43:16.123+0300: 511.334: Total time for which application threads were stopped: 0.0013255 seconds, Stopping threads took: 0.0001606 seconds
2024-10-04T21:43:16.483+0300: 511.696: Application time: 0.3622118 seconds
2024-10-04T21:43:16.483+0300: 511.696: [GC (Allocation Failure) [PSYoungGen: 263450K->5392K(266240K)] 300043K->42000K(812544K), 0.0013235 secs] [Times: user=0.00 sys=0.00, real=0.00 secs] 
2024-10-04T21:43:16.483+0300: 511.698: Total time for which application threads were stopped: 0.0016543 seconds, Stopping threads took: 0.0001928 seconds
2024-10-04T21:43:16.859+0300: 512.070: Application time: 0.3723267 seconds
2024-10-04T21:43:16.859+0300: 512.070: [GC (Allocation Failure) [PSYoungGen: 264084K->2400K(266240K)] 300693K->39024K(812544K), 0.0008279 secs] [Times: user=0.00 sys=0.00, real=0.00 secs] 
2024-10-04T21:43:16.859+0300: 512.071: Total time for which application threads were stopped: 0.0011008 seconds, Stopping threads took: 0.0001550 seconds
2024-10-04T21:43:17.236+0300: 512.440: Application time: 0.3692646 seconds
2024-10-04T21:43:17.236+0300: 512.441: [GC (Allocation Failure) [PSYoungGen: 261022K->4448K(266240K)] 297647K->41080K(812544K), 0.0010143 secs] [Times: user=0.00 sys=0.00, real=0.00 secs] 
2024-10-04T21:43:17.236+0300: 512.442: Total time for which application threads were stopped: 0.0012836 seconds, Stopping threads took: 0.0001454 seconds
2024-10-04T21:43:17.597+0300: 512.808: Application time: 0.3668070 seconds
2024-10-04T21:43:17.597+0300: 512.809: [GC (Allocation Failure) [PSYoungGen: 263701K->5344K(266240K)] 300334K->42056K(812544K), 0.0013130 secs] [Times: user=0.00 sys=0.00, real=0.00 secs] 
2024-10-04T21:43:17.597+0300: 512.810: Total time for which application threads were stopped: 0.0016551 seconds, Stopping threads took: 0.0001957 seconds
2024-10-04T21:43:17.975+0300: 513.176: Application time: 0.3663869 seconds
2024-10-04T21:43:17.975+0300: 513.177: [GC (Allocation Failure) [PSYoungGen: 264781K->4448K(266240K)] 301493K->41200K(812544K), 0.0010712 secs] [Times: user=0.00 sys=0.00, real=0.00 secs] 
2024-10-04T21:43:17.975+0300: 513.178: Total time for which application threads were stopped: 0.0013495 seconds, Stopping threads took: 0.0001636 seconds
2024-10-04T21:43:18.351+0300: 513.554: Application time: 0.3760523 seconds
2024-10-04T21:43:18.351+0300: 513.554: [GC (Allocation Failure) [PSYoungGen: 263815K->4416K(266240K)] 300567K->41216K(812544K), 0.0010272 secs] [Times: user=0.00 sys=0.00, real=0.00 secs] 
2024-10-04T21:43:18.351+0300: 513.555: Total time for which application threads were stopped: 0.0013495 seconds, Stopping threads took: 0.0001512 seconds
2024-10-04T21:43:18.712+0300: 513.924: Application time: 0.3683898 seconds
2024-10-04T21:43:18.712+0300: 513.924: [GC (Allocation Failure) [PSYoungGen: 263722K->3440K(266240K)] 300522K->40256K(812544K), 0.0009722 secs] [Times: user=0.00 sys=0.00, real=0.00 secs] 
2024-10-04T21:43:18.712+0300: 513.925: Total time for which application threads were stopped: 0.0012665 seconds, Stopping threads took: 0.0001838 seconds
2024-10-04T21:43:19.091+0300: 514.293: Application time: 0.3677985 seconds
2024-10-04T21:43:19.091+0300: 514.293: [GC (Allocation Failure) [PSYoungGen: 262724K->5440K(266240K)] 299541K->42296K(812544K), 0.0012181 secs] [Times: user=0.00 sys=0.00, real=0.00 secs] 
2024-10-04T21:43:19.094+0300: 514.294: Total time for which application threads were stopped: 0.0015057 seconds, Stopping threads took: 0.0001276 seconds
2024-10-04T21:43:19.466+0300: 514.671: Application time: 0.3767087 seconds
2024-10-04T21:43:19.466+0300: 514.671: [GC (Allocation Failure) [PSYoungGen: 265024K->2352K(266240K)] 301880K->39216K(812544K), 0.0008215 secs] [Times: user=0.00 sys=0.00, real=0.00 secs] 
2024-10-04T21:43:19.466+0300: 514.672: Total time for which application threads were stopped: 0.0011244 seconds, Stopping threads took: 0.0001920 seconds
2024-10-04T21:43:19.831+0300: 515.037: Application time: 0.3645883 seconds
2024-10-04T21:43:19.831+0300: 515.037: [GC (Allocation Failure) [PSYoungGen: 261383K->5424K(265216K)] 298248K->42336K(811520K), 0.0011680 secs] [Times: user=0.00 sys=0.00, real=0.00 secs] 
2024-10-04T21:43:19.831+0300: 515.038: Total time for which application threads were stopped: 0.0015064 seconds, Stopping threads took: 0.0002052 seconds
2024-10-04T21:43:20.203+0300: 515.411: Application time: 0.3730297 seconds
2024-10-04T21:43:20.203+0300: 515.411: [GC (Allocation Failure) [PSYoungGen: 263621K->4448K(265728K)] 300534K->41368K(812032K), 0.0010692 secs] [Times: user=0.00 sys=0.00, real=0.00 secs] 
2024-10-04T21:43:20.203+0300: 515.412: Total time for which application threads were stopped: 0.0013611 seconds, Stopping threads took: 0.0001461 seconds
2024-10-04T21:43:20.564+0300: 515.778: Application time: 0.3659985 seconds
2024-10-04T21:43:20.564+0300: 515.779: [GC (Allocation Failure) [PSYoungGen: 262026K->3424K(266240K)] 298947K->40352K(812544K), 0.0009675 secs] [Times: user=0.00 sys=0.00, real=0.00 secs] 
2024-10-04T21:43:20.564+0300: 515.780: Total time for which application threads were stopped: 0.0012650 seconds, Stopping threads took: 0.0001469 seconds
2024-10-04T21:43:20.941+0300: 516.142: Application time: 0.3620686 seconds
2024-10-04T21:43:20.941+0300: 516.142: [GC (Allocation Failure) [PSYoungGen: 262487K->5456K(265216K)] 299416K->42393K(811520K), 0.0012026 secs] [Times: user=0.00 sys=0.00, real=0.00 secs] 
2024-10-04T21:43:20.941+0300: 516.143: Total time for which application threads were stopped: 0.0015873 seconds, Stopping threads took: 0.0002289 seconds
2024-10-04T21:43:21.318+0300: 516.519: Application time: 0.3755378 seconds
2024-10-04T21:43:21.318+0300: 516.519: [GC (Allocation Failure) [PSYoungGen: 264230K->4352K(266240K)] 301167K->41297K(812544K), 0.0011299 secs] [Times: user=0.00 sys=0.00, real=0.00 secs] 
2024-10-04T21:43:21.318+0300: 516.520: Total time for which application threads were stopped: 0.0014120 seconds, Stopping threads took: 0.0001406 seconds
2024-10-04T21:43:21.679+0300: 516.886: Application time: 0.3653949 seconds
2024-10-04T21:43:21.679+0300: 516.886: [GC (Allocation Failure) [PSYoungGen: 263404K->5440K(265728K)] 300349K->42400K(812032K), 0.0011744 secs] [Times: user=0.00 sys=0.00, real=0.00 secs] 
2024-10-04T21:43:21.679+0300: 516.887: Total time for which application threads were stopped: 0.0015274 seconds, Stopping threads took: 0.0002016 seconds
2024-10-04T21:43:22.041+0300: 517.256: Application time: 0.3685868 seconds
2024-10-04T21:43:22.041+0300: 517.256: [GC (Allocation Failure) [PSYoungGen: 263989K->4448K(266240K)] 300950K->41416K(812544K), 0.0010986 secs] [Times: user=0.00 sys=0.00, real=0.02 secs] 
2024-10-04T21:43:22.056+0300: 517.257: Total time for which application threads were stopped: 0.0014782 seconds, Stopping threads took: 0.0001993 seconds
2024-10-04T21:43:22.436+0300: 517.642: Application time: 0.3843818 seconds
2024-10-04T21:43:22.436+0300: 517.642: [GC (Allocation Failure) [PSYoungGen: 263638K->3408K(266240K)] 300607K->40384K(812544K), 0.0009671 secs] [Times: user=0.00 sys=0.00, real=0.00 secs] 
2024-10-04T21:43:22.436+0300: 517.643: Total time for which application threads were stopped: 0.0012574 seconds, Stopping threads took: 0.0001391 seconds
2024-10-04T21:43:22.794+0300: 518.008: Application time: 0.3653822 seconds
2024-10-04T21:43:22.794+0300: 518.009: [GC (Allocation Failure) [PSYoungGen: 262171K->5408K(266240K)] 299148K->42393K(812544K), 0.0012434 secs] [Times: user=0.00 sys=0.00, real=0.00 secs] 
2024-10-04T21:43:22.794+0300: 518.010: Total time for which application threads were stopped: 0.0015420 seconds, Stopping threads took: 0.0001598 seconds
2024-10-04T21:43:23.171+0300: 518.384: Application time: 0.3738304 seconds
2024-10-04T21:43:23.171+0300: 518.384: [GC (Allocation Failure) [PSYoungGen: 264188K->2384K(262144K)] 301173K->39376K(808448K), 0.0008771 secs] [Times: user=0.00 sys=0.00, real=0.00 secs] 
2024-10-04T21:43:23.171+0300: 518.385: Total time for which application threads were stopped: 0.0012781 seconds, Stopping threads took: 0.0002611 seconds
2024-10-04T21:43:23.548+0300: 518.749: Application time: 0.3638906 seconds
2024-10-04T21:43:23.548+0300: 518.749: [GC (Allocation Failure) [PSYoungGen: 260944K->4464K(266240K)] 297937K->41464K(812544K), 0.0011023 secs] [Times: user=0.00 sys=0.00, real=0.00 secs] 
2024-10-04T21:43:23.548+0300: 518.750: Total time for which application threads were stopped: 0.0014144 seconds, Stopping threads took: 0.0001681 seconds
2024-10-04T21:43:23.912+0300: 519.116: Application time: 0.3654878 seconds
2024-10-04T21:43:23.912+0300: 519.116: [GC (Allocation Failure) [PSYoungGen: 263466K->5344K(265728K)] 300467K->42445K(812032K), 0.0011640 secs] [Times: user=0.00 sys=0.00, real=0.00 secs] 
2024-10-04T21:43:23.912+0300: 519.117: Total time for which application threads were stopped: 0.0015117 seconds, Stopping threads took: 0.0001499 seconds
2024-10-04T21:43:24.286+0300: 519.494: Application time: 0.3761303 seconds
2024-10-04T21:43:24.286+0300: 519.494: [GC (Allocation Failure) [PSYoungGen: 263840K->3408K(265728K)] 300941K->40517K(812032K), 0.0008185 secs] [Times: user=0.00 sys=0.00, real=0.00 secs] 
2024-10-04T21:43:24.286+0300: 519.495: Total time for which application threads were stopped: 0.0011133 seconds, Stopping threads took: 0.0001776 seconds
2024-10-04T21:43:24.647+0300: 519.859: Application time: 0.3645698 seconds
2024-10-04T21:43:24.647+0300: 519.859: [GC (Allocation Failure) [PSYoungGen: 261422K->4448K(265728K)] 298531K->41597K(812032K), 0.0012191 secs] [Times: user=0.00 sys=0.00, real=0.00 secs] 
2024-10-04T21:43:24.647+0300: 519.861: Total time for which application threads were stopped: 0.0015578 seconds, Stopping threads took: 0.0001858 seconds
2024-10-04T21:43:25.023+0300: 520.230: Application time: 0.3687910 seconds
2024-10-04T21:43:25.023+0300: 520.230: [GC (Allocation Failure) [PSYoungGen: 262247K->4464K(266240K)] 299396K->41621K(812544K), 0.0010277 secs] [Times: user=0.00 sys=0.00, real=0.00 secs] 
2024-10-04T21:43:25.023+0300: 520.231: Total time for which application threads were stopped: 0.0012992 seconds, Stopping threads took: 0.0001345 seconds
2024-10-04T21:43:25.400+0300: 520.603: Application time: 0.3722538 seconds
2024-10-04T21:43:25.400+0300: 520.603: [GC (Allocation Failure) [PSYoungGen: 264048K->4416K(266240K)] 301205K->41605K(812544K), 0.0009446 secs] [Times: user=0.00 sys=0.00, real=0.00 secs] 
2024-10-04T21:43:25.400+0300: 520.604: Total time for which application threads were stopped: 0.0012003 seconds, Stopping threads took: 0.0001274 seconds
2024-10-04T21:43:25.761+0300: 520.970: Application time: 0.3655841 seconds
2024-10-04T21:43:25.761+0300: 520.970: [GC (Allocation Failure) [PSYoungGen: 263603K->5408K(266240K)] 300792K->42637K(812544K), 0.0011517 secs] [Times: user=0.00 sys=0.00, real=0.00 secs] 
2024-10-04T21:43:25.761+0300: 520.971: Total time for which application threads were stopped: 0.0014225 seconds, Stopping threads took: 0.0001412 seconds
2024-10-04T21:43:26.143+0300: 521.348: Application time: 0.3764790 seconds
2024-10-04T21:43:26.143+0300: 521.348: [GC (Allocation Failure) [PSYoungGen: 264219K->3424K(266240K)] 301448K->40661K(812544K), 0.0008013 secs] [Times: user=0.00 sys=0.00, real=0.00 secs] 
2024-10-04T21:43:26.143+0300: 521.349: Total time for which application threads were stopped: 0.0011934 seconds, Stopping threads took: 0.0002186 seconds
2024-10-04T21:43:26.498+0300: 521.711: Application time: 0.3624250 seconds
2024-10-04T21:43:26.498+0300: 521.712: [GC (Allocation Failure) [PSYoungGen: 262327K->4384K(266240K)] 299564K->41653K(812544K), 0.0011006 secs] [Times: user=0.00 sys=0.00, real=0.00 secs] 
2024-10-04T21:43:26.498+0300: 521.713: Total time for which application threads were stopped: 0.0014285 seconds, Stopping threads took: 0.0001966 seconds
2024-10-04T21:43:26.881+0300: 522.085: Application time: 0.3722861 seconds
2024-10-04T21:43:26.881+0300: 522.085: [GC (Allocation Failure) [PSYoungGen: 263968K->2400K(266240K)] 301237K->39685K(812544K), 0.0007120 secs] [Times: user=0.00 sys=0.00, real=0.00 secs] 
2024-10-04T21:43:26.881+0300: 522.086: Total time for which application threads were stopped: 0.0009921 seconds, Stopping threads took: 0.0001663 seconds
2024-10-04T21:43:27.252+0300: 522.454: Application time: 0.3682271 seconds
2024-10-04T21:43:27.252+0300: 522.455: [GC (Allocation Failure) [PSYoungGen: 261219K->5472K(266240K)] 298504K->42765K(812544K), 0.0012296 secs] [Times: user=0.00 sys=0.00, real=0.00 secs] 
2024-10-04T21:43:27.252+0300: 522.456: Total time for which application threads were stopped: 0.0015664 seconds, Stopping threads took: 0.0001425 seconds
2024-10-04T21:43:27.612+0300: 522.826: Application time: 0.3704190 seconds
2024-10-04T21:43:27.612+0300: 522.827: [GC (Allocation Failure) [PSYoungGen: 264587K->3440K(266240K)] 301880K->40741K(812544K), 0.0010562 secs] [Times: user=0.00 sys=0.00, real=0.00 secs] 
2024-10-04T21:43:27.612+0300: 522.828: Total time for which application threads were stopped: 0.0013723 seconds, Stopping threads took: 0.0001622 seconds
2024-10-04T21:43:27.988+0300: 523.194: Application time: 0.3664849 seconds
2024-10-04T21:43:27.988+0300: 523.194: [GC (Allocation Failure) [PSYoungGen: 262918K->3424K(266240K)] 300219K->40741K(812544K), 0.0009426 secs] [Times: user=0.00 sys=0.00, real=0.00 secs] 
2024-10-04T21:43:27.988+0300: 523.195: Total time for which application threads were stopped: 0.0012143 seconds, Stopping threads took: 0.0001465 seconds
2024-10-04T21:43:28.366+0300: 523.569: Application time: 0.3737327 seconds
2024-10-04T21:43:28.366+0300: 523.569: [GC (Allocation Failure) [PSYoungGen: 262739K->5472K(265216K)] 300057K->42797K(811520K), 0.0011920 secs] [Times: user=0.00 sys=0.00, real=0.00 secs] 
2024-10-04T21:43:28.366+0300: 523.571: Total time for which application threads were stopped: 0.0015000 seconds, Stopping threads took: 0.0001450 seconds
2024-10-04T21:43:28.726+0300: 523.939: Application time: 0.3681091 seconds
2024-10-04T21:43:28.726+0300: 523.939: [GC (Allocation Failure) [PSYoungGen: 264097K->4464K(266240K)] 301422K->41797K(812544K), 0.0010678 secs] [Times: user=0.00 sys=0.00, real=0.00 secs] 
2024-10-04T21:43:28.726+0300: 523.940: Total time for which application threads were stopped: 0.0013612 seconds, Stopping threads took: 0.0001612 seconds
2024-10-04T21:43:29.103+0300: 524.311: Application time: 0.3704283 seconds
2024-10-04T21:43:29.103+0300: 524.311: [GC (Allocation Failure) [PSYoungGen: 263406K->5472K(265728K)] 300739K->42813K(812032K), 0.0013424 secs] [Times: user=0.00 sys=0.00, real=0.00 secs] 
2024-10-04T21:43:29.103+0300: 524.312: Total time for which application threads were stopped: 0.0017744 seconds, Stopping threads took: 0.0002763 seconds
2024-10-04T21:43:29.480+0300: 524.684: Application time: 0.3711849 seconds
2024-10-04T21:43:29.480+0300: 524.684: [GC (Allocation Failure) [PSYoungGen: 264535K->5472K(265728K)] 301876K->42821K(812032K), 0.0011792 secs] [Times: user=0.00 sys=0.00, real=0.00 secs] 
2024-10-04T21:43:29.480+0300: 524.685: Total time for which application threads were stopped: 0.0014728 seconds, Stopping threads took: 0.0001514 seconds
2024-10-04T21:43:29.850+0300: 525.051: Application time: 0.3655989 seconds
2024-10-04T21:43:29.850+0300: 525.051: [GC (Allocation Failure) [PSYoungGen: 264032K->5440K(265728K)] 301381K->42829K(812032K), 0.0011278 secs] [Times: user=0.00 sys=0.00, real=0.00 secs] 
2024-10-04T21:43:29.850+0300: 525.052: Total time for which application threads were stopped: 0.0014015 seconds, Stopping threads took: 0.0001369 seconds
2024-10-04T21:43:30.217+0300: 525.424: Application time: 0.3718102 seconds
2024-10-04T21:43:30.217+0300: 525.424: [GC (Allocation Failure) [PSYoungGen: 263704K->4384K(265728K)] 301093K->41849K(812032K), 0.0033990 secs] [Times: user=0.00 sys=0.00, real=0.00 secs] 
2024-10-04T21:43:30.217+0300: 525.428: Total time for which application threads were stopped: 0.0037602 seconds, Stopping threads took: 0.0002212 seconds
2024-10-04T21:43:30.593+0300: 525.798: Application time: 0.3706854 seconds
2024-10-04T21:43:30.593+0300: 525.799: [GC (Allocation Failure) [PSYoungGen: 262896K->3456K(265728K)] 300362K->40929K(812032K), 0.0009015 secs] [Times: user=0.00 sys=0.00, real=0.00 secs] 
2024-10-04T21:43:30.593+0300: 525.800: Total time for which application threads were stopped: 0.0012248 seconds, Stopping threads took: 0.0002005 seconds
2024-10-04T21:43:30.954+0300: 526.161: Application time: 0.3613768 seconds
2024-10-04T21:43:30.954+0300: 526.161: [GC (Allocation Failure) [PSYoungGen: 261299K->5392K(265728K)] 298772K->42913K(812032K), 0.0012407 secs] [Times: user=0.00 sys=0.00, real=0.00 secs] 
2024-10-04T21:43:30.954+0300: 526.162: Total time for which application threads were stopped: 0.0015439 seconds, Stopping threads took: 0.0001780 seconds
2024-10-04T21:43:31.331+0300: 526.538: Application time: 0.3753121 seconds
2024-10-04T21:43:31.331+0300: 526.538: [GC (Allocation Failure) [PSYoungGen: 263240K->3408K(265728K)] 300761K->40937K(812032K), 0.0009919 secs] [Times: user=0.00 sys=0.00, real=0.00 secs] 
2024-10-04T21:43:31.331+0300: 526.539: Total time for which application threads were stopped: 0.0012741 seconds, Stopping threads took: 0.0001401 seconds
2024-10-04T21:43:31.692+0300: 526.906: Application time: 0.3666730 seconds
2024-10-04T21:43:31.692+0300: 526.906: [GC (Allocation Failure) [PSYoungGen: 261273K->4448K(266240K)] 298802K->42017K(812544K), 0.0010120 secs] [Times: user=0.00 sys=0.00, real=0.00 secs] 
2024-10-04T21:43:31.692+0300: 526.907: Total time for which application threads were stopped: 0.0013104 seconds, Stopping threads took: 0.0001845 seconds
2024-10-04T21:43:32.068+0300: 527.275: Application time: 0.3684127 seconds
2024-10-04T21:43:32.068+0300: 527.276: [GC (Allocation Failure) [PSYoungGen: 262507K->4416K(265728K)] 300076K->42025K(812032K), 0.0010499 secs] [Times: user=0.00 sys=0.00, real=0.00 secs] 
2024-10-04T21:43:32.068+0300: 527.277: Total time for which application threads were stopped: 0.0013120 seconds, Stopping threads took: 0.0000983 seconds
2024-10-04T21:43:32.445+0300: 527.647: Application time: 0.3707270 seconds
2024-10-04T21:43:32.445+0300: 527.648: [GC (Allocation Failure) [PSYoungGen: 263488K->3392K(266240K)] 301097K->41009K(812544K), 0.0008263 secs] [Times: user=0.00 sys=0.00, real=0.00 secs] 
2024-10-04T21:43:32.445+0300: 527.649: Total time for which application threads were stopped: 0.0011157 seconds, Stopping threads took: 0.0001609 seconds
2024-10-04T21:43:32.806+0300: 528.014: Application time: 0.3655971 seconds
2024-10-04T21:43:32.806+0300: 528.014: [GC (Allocation Failure) [PSYoungGen: 262392K->4480K(266240K)] 300010K->42105K(812544K), 0.0009730 secs] [Times: user=0.00 sys=0.00, real=0.00 secs] 
2024-10-04T21:43:32.806+0300: 528.015: Total time for which application threads were stopped: 0.0012672 seconds, Stopping threads took: 0.0001696 seconds
2024-10-04T21:43:33.183+0300: 528.394: Application time: 0.3780393 seconds
2024-10-04T21:43:33.183+0300: 528.394: [GC (Allocation Failure) [PSYoungGen: 263410K->5424K(266240K)] 301035K->43073K(812544K), 0.0013349 secs] [Times: user=0.00 sys=0.00, real=0.00 secs] 
2024-10-04T21:43:33.183+0300: 528.395: Total time for which application threads were stopped: 0.0017138 seconds, Stopping threads took: 0.0001806 seconds
2024-10-04T21:43:33.557+0300: 528.760: Application time: 0.3649508 seconds
2024-10-04T21:43:33.557+0300: 528.760: [GC (Allocation Failure) [PSYoungGen: 265008K->3392K(266240K)] 302657K->41049K(812544K), 0.0012003 secs] [Times: user=0.00 sys=0.00, real=0.00 secs] 
2024-10-04T21:43:33.560+0300: 528.762: Total time for which application threads were stopped: 0.0015576 seconds, Stopping threads took: 0.0002050 seconds
2024-10-04T21:43:33.921+0300: 529.129: Application time: 0.3675170 seconds
2024-10-04T21:43:33.921+0300: 529.129: [GC (Allocation Failure) [PSYoungGen: 262976K->4448K(266240K)] 300633K->42113K(812544K), 0.0010084 secs] [Times: user=0.00 sys=0.00, real=0.00 secs] 
2024-10-04T21:43:33.921+0300: 529.131: Total time for which application threads were stopped: 0.0012816 seconds, Stopping threads took: 0.0001363 seconds
2024-10-04T21:43:34.297+0300: 529.509: Application time: 0.3789248 seconds
2024-10-04T21:43:34.297+0300: 529.510: [GC (Allocation Failure) [PSYoungGen: 264032K->3408K(266240K)] 301697K->41081K(812544K), 0.0009847 secs] [Times: user=0.00 sys=0.00, real=0.00 secs] 
2024-10-04T21:43:34.297+0300: 529.511: Total time for which application threads were stopped: 0.0012704 seconds, Stopping threads took: 0.0001517 seconds
2024-10-04T21:43:34.675+0300: 529.877: Application time: 0.3665971 seconds
2024-10-04T21:43:34.675+0300: 529.878: [GC (Allocation Failure) [PSYoungGen: 262992K->5456K(266240K)] 300665K->43145K(812544K), 0.0011480 secs] [Times: user=0.00 sys=0.00, real=0.00 secs] 
2024-10-04T21:43:34.675+0300: 529.879: Total time for which application threads were stopped: 0.0013951 seconds, Stopping threads took: 0.0001069 seconds
2024-10-04T21:43:35.035+0300: 530.248: Application time: 0.3690715 seconds
2024-10-04T21:43:35.035+0300: 530.248: [GC (Allocation Failure) [PSYoungGen: 265040K->4448K(266240K)] 302729K->42145K(812544K), 0.0010097 secs] [Times: user=0.00 sys=0.00, real=0.00 secs] 
2024-10-04T21:43:35.035+0300: 530.249: Total time for which application threads were stopped: 0.0013247 seconds, Stopping threads took: 0.0001668 seconds
2024-10-04T21:43:35.411+0300: 530.621: Application time: 0.3719052 seconds
2024-10-04T21:43:35.411+0300: 530.621: [GC (Allocation Failure) [PSYoungGen: 263277K->4448K(266752K)] 300974K->42153K(813056K), 0.0013471 secs] [Times: user=0.00 sys=0.00, real=0.00 secs] 
2024-10-04T21:43:35.411+0300: 530.623: Total time for which application threads were stopped: 0.0017715 seconds, Stopping threads took: 0.0002736 seconds
2024-10-04T21:43:35.788+0300: 530.989: Application time: 0.3666806 seconds
2024-10-04T21:43:35.788+0300: 530.990: [GC (Allocation Failure) [PSYoungGen: 264449K->4352K(266240K)] 302154K->42125K(812544K), 0.0010749 secs] [Times: user=0.00 sys=0.00, real=0.00 secs] 
2024-10-04T21:43:35.788+0300: 530.991: Total time for which application threads were stopped: 0.0013320 seconds, Stopping threads took: 0.0001429 seconds
2024-10-04T21:43:36.166+0300: 531.370: Application time: 0.3794286 seconds
2024-10-04T21:43:36.166+0300: 531.371: [GC (Allocation Failure) [PSYoungGen: 264448K->4448K(266752K)] 302221K->42229K(813056K), 0.0011204 secs] [Times: user=0.00 sys=0.00, real=0.00 secs] 
2024-10-04T21:43:36.166+0300: 531.372: Total time for which application threads were stopped: 0.0014642 seconds, Stopping threads took: 0.0001682 seconds
2024-10-04T21:43:36.527+0300: 531.740: Application time: 0.3684461 seconds
2024-10-04T21:43:36.527+0300: 531.740: [GC (Allocation Failure) [PSYoungGen: 265056K->4416K(266752K)] 302837K->42237K(813056K), 0.0011000 secs] [Times: user=0.00 sys=0.00, real=0.00 secs] 
2024-10-04T21:43:36.527+0300: 531.742: Total time for which application threads were stopped: 0.0014651 seconds, Stopping threads took: 0.0002095 seconds
2024-10-04T21:43:36.903+0300: 532.112: Application time: 0.3700303 seconds
2024-10-04T21:43:36.903+0300: 532.112: [GC (Allocation Failure) [PSYoungGen: 264523K->5376K(266752K)] 302345K->43245K(813056K), 0.0011447 secs] [Times: user=0.00 sys=0.00, real=0.00 secs] 
2024-10-04T21:43:36.903+0300: 532.113: Total time for which application threads were stopped: 0.0014116 seconds, Stopping threads took: 0.0001434 seconds
2024-10-04T21:43:37.280+0300: 532.488: Application time: 0.3752243 seconds
2024-10-04T21:43:37.280+0300: 532.489: [GC (Allocation Failure) [PSYoungGen: 265349K->5424K(266752K)] 303218K->43309K(813056K), 0.0012187 secs] [Times: user=0.00 sys=0.00, real=0.00 secs] 
2024-10-04T21:43:37.280+0300: 532.490: Total time for which application threads were stopped: 0.0015685 seconds, Stopping threads took: 0.0001828 seconds
2024-10-04T21:43:37.657+0300: 532.857: Application time: 0.3674584 seconds
2024-10-04T21:43:37.657+0300: 532.858: [GC (Allocation Failure) [PSYoungGen: 265532K->5424K(265728K)] 303418K->43325K(812032K), 0.0013270 secs] [Times: user=0.00 sys=0.00, real=0.00 secs] 
2024-10-04T21:43:37.657+0300: 532.859: Total time for which application threads were stopped: 0.0016637 seconds, Stopping threads took: 0.0001901 seconds
2024-10-04T21:43:38.018+0300: 533.224: Application time: 0.3650400 seconds
2024-10-04T21:43:38.018+0300: 533.224: [GC (Allocation Failure) [PSYoungGen: 264222K->5456K(266240K)] 302124K->43365K(812544K), 0.0012808 secs] [Times: user=0.00 sys=0.00, real=0.00 secs] 
2024-10-04T21:43:38.018+0300: 533.226: Total time for which application threads were stopped: 0.0015475 seconds, Stopping threads took: 0.0001339 seconds
2024-10-04T21:43:38.394+0300: 533.597: Application time: 0.3718481 seconds
2024-10-04T21:43:38.394+0300: 533.598: [GC (Allocation Failure) [PSYoungGen: 264251K->5440K(266240K)] 302161K->43389K(812544K), 0.0014516 secs] [Times: user=0.00 sys=0.00, real=0.00 secs] 
2024-10-04T21:43:38.394+0300: 533.599: Total time for which application threads were stopped: 0.0018942 seconds, Stopping threads took: 0.0002063 seconds
2024-10-04T21:43:38.771+0300: 533.972: Application time: 0.3724051 seconds
2024-10-04T21:43:38.771+0300: 533.972: [GC (Allocation Failure) [PSYoungGen: 265024K->3408K(266240K)] 302973K->41405K(812544K), 0.0008583 secs] [Times: user=0.00 sys=0.00, real=0.00 secs] 
2024-10-04T21:43:38.771+0300: 533.973: Total time for which application threads were stopped: 0.0011815 seconds, Stopping threads took: 0.0002034 seconds
2024-10-04T21:43:39.131+0300: 534.343: Application time: 0.3696739 seconds
2024-10-04T21:43:39.131+0300: 534.343: [GC (Allocation Failure) [PSYoungGen: 262086K->5472K(265216K)] 300084K->43485K(811520K), 0.0010430 secs] [Times: user=0.00 sys=0.00, real=0.00 secs] 
2024-10-04T21:43:39.131+0300: 534.344: Total time for which application threads were stopped: 0.0013140 seconds, Stopping threads took: 0.0001480 seconds
2024-10-04T21:43:39.508+0300: 534.714: Application time: 0.3696680 seconds
2024-10-04T21:43:39.508+0300: 534.714: [GC (Allocation Failure) [PSYoungGen: 263429K->4400K(265728K)] 301443K->42429K(812032K), 0.0011184 secs] [Times: user=0.00 sys=0.00, real=0.00 secs] 
2024-10-04T21:43:39.508+0300: 534.715: Total time for which application threads were stopped: 0.0013854 seconds, Stopping threads took: 0.0001175 seconds
2024-10-04T21:43:39.870+0300: 535.081: Application time: 0.3657085 seconds
2024-10-04T21:43:39.870+0300: 535.081: [GC (Allocation Failure) [PSYoungGen: 262200K->5408K(266240K)] 300229K->43445K(812544K), 0.0013871 secs] [Times: user=0.00 sys=0.00, real=0.00 secs] 
2024-10-04T21:43:39.870+0300: 535.082: Total time for which application threads were stopped: 0.0016588 seconds, Stopping threads took: 0.0001430 seconds
2024-10-04T21:43:40.246+0300: 535.456: Application time: 0.3733940 seconds
2024-10-04T21:43:40.246+0300: 535.456: [GC (Allocation Failure) [PSYoungGen: 264176K->5440K(265216K)] 302214K->43493K(811520K), 0.0013248 secs] [Times: user=0.02 sys=0.00, real=0.00 secs] 
2024-10-04T21:43:40.246+0300: 535.458: Total time for which application threads were stopped: 0.0018678 seconds, Stopping threads took: 0.0003768 seconds
2024-10-04T21:43:40.622+0300: 535.825: Application time: 0.3677246 seconds
2024-10-04T21:43:40.622+0300: 535.826: [GC (Allocation Failure) [PSYoungGen: 265024K->5408K(265728K)] 303077K->43485K(812032K), 0.0014247 secs] [Times: user=0.00 sys=0.00, real=0.00 secs] 
2024-10-04T21:43:40.622+0300: 535.827: Total time for which application threads were stopped: 0.0017413 seconds, Stopping threads took: 0.0001388 seconds
2024-10-04T21:43:40.983+0300: 536.193: Application time: 0.3654255 seconds
2024-10-04T21:43:40.983+0300: 536.193: [GC (Allocation Failure) [PSYoungGen: 263257K->5408K(265728K)] 301334K->43509K(812032K), 0.0012825 secs] [Times: user=0.00 sys=0.00, real=0.00 secs] 
2024-10-04T21:43:40.983+0300: 536.194: Total time for which application threads were stopped: 0.0015450 seconds, Stopping threads took: 0.0001209 seconds
2024-10-04T21:43:41.359+0300: 536.569: Application time: 0.3753264 seconds
2024-10-04T21:43:41.359+0300: 536.570: [GC (Allocation Failure) [PSYoungGen: 263968K->4416K(266240K)] 302069K->42525K(812544K), 0.0010954 secs] [Times: user=0.00 sys=0.00, real=0.00 secs] 
2024-10-04T21:43:41.359+0300: 536.571: Total time for which application threads were stopped: 0.0014025 seconds, Stopping threads took: 0.0001789 seconds
2024-10-04T21:43:41.720+0300: 536.935: Application time: 0.3638076 seconds
2024-10-04T21:43:41.720+0300: 536.935: [GC (Allocation Failure) [PSYoungGen: 263345K->5424K(265728K)] 301454K->43581K(812032K), 0.0013036 secs] [Times: user=0.00 sys=0.00, real=0.00 secs] 
2024-10-04T21:43:41.720+0300: 536.936: Total time for which application threads were stopped: 0.0016155 seconds, Stopping threads took: 0.0001296 seconds
2024-10-04T21:43:42.097+0300: 537.310: Application time: 0.3733140 seconds
2024-10-04T21:43:42.097+0300: 537.310: [GC (Allocation Failure) [PSYoungGen: 264484K->5408K(266240K)] 302642K->43573K(812544K), 0.0015102 secs] [Times: user=0.00 sys=0.00, real=0.00 secs] 
2024-10-04T21:43:42.097+0300: 537.311: Total time for which application threads were stopped: 0.0019147 seconds, Stopping threads took: 0.0002026 seconds
2024-10-04T21:43:42.476+0300: 537.682: Application time: 0.3704019 seconds
2024-10-04T21:43:42.476+0300: 537.682: [GC (Allocation Failure) [PSYoungGen: 264866K->4480K(266240K)] 303031K->42653K(812544K), 0.0011420 secs] [Times: user=0.00 sys=0.00, real=0.00 secs] 
2024-10-04T21:43:42.476+0300: 537.683: Total time for which application threads were stopped: 0.0014228 seconds, Stopping threads took: 0.0001481 seconds
2024-10-04T21:43:42.834+0300: 538.049: Application time: 0.3652455 seconds
2024-10-04T21:43:42.834+0300: 538.049: [GC (Allocation Failure) [PSYoungGen: 263680K->5344K(266240K)] 301854K->43593K(812544K), 0.0012557 secs] [Times: user=0.00 sys=0.00, real=0.00 secs] 
2024-10-04T21:43:42.834+0300: 538.050: Total time for which application threads were stopped: 0.0015517 seconds, Stopping threads took: 0.0001255 seconds
2024-10-04T21:43:43.211+0300: 538.427: Application time: 0.3768332 seconds
2024-10-04T21:43:43.226+0300: 538.427: [GC (Allocation Failure) [PSYoungGen: 264928K->3376K(263168K)] 303177K->41665K(809472K), 0.0010298 secs] [Times: user=0.00 sys=0.00, real=0.00 secs] 
2024-10-04T21:43:43.226+0300: 538.428: Total time for which application threads were stopped: 0.0014379 seconds, Stopping threads took: 0.0002567 seconds
2024-10-04T21:43:43.588+0300: 538.795: Application time: 0.3665417 seconds
2024-10-04T21:43:43.588+0300: 538.795: [GC (Allocation Failure) [PSYoungGen: 262960K->4432K(266240K)] 301249K->42729K(812544K), 0.0011692 secs] [Times: user=0.00 sys=0.00, real=0.00 secs] 
2024-10-04T21:43:43.588+0300: 538.796: Total time for which application threads were stopped: 0.0014898 seconds, Stopping threads took: 0.0001675 seconds
2024-10-04T21:43:43.949+0300: 539.165: Application time: 0.3681377 seconds
2024-10-04T21:43:43.964+0300: 539.165: [GC (Allocation Failure) [PSYoungGen: 263504K->4480K(265728K)] 301801K->42785K(812032K), 0.0011058 secs] [Times: user=0.00 sys=0.00, real=0.00 secs] 
2024-10-04T21:43:43.964+0300: 539.166: Total time for which application threads were stopped: 0.0014548 seconds, Stopping threads took: 0.0001816 seconds
2024-10-04T21:43:44.341+0300: 539.543: Application time: 0.3767417 seconds
2024-10-04T21:43:44.341+0300: 539.543: [GC (Allocation Failure) [PSYoungGen: 263552K->4480K(266240K)] 301857K->42793K(812544K), 0.0010264 secs] [Times: user=0.00 sys=0.00, real=0.00 secs] 
2024-10-04T21:43:44.341+0300: 539.544: Total time for which application threads were stopped: 0.0013318 seconds, Stopping threads took: 0.0001581 seconds
2024-10-04T21:43:44.703+0300: 539.911: Application time: 0.3668393 seconds
2024-10-04T21:43:44.703+0300: 539.911: [GC (Allocation Failure) [PSYoungGen: 263120K->3392K(266240K)] 301434K->41753K(812544K), 0.0008777 secs] [Times: user=0.00 sys=0.00, real=0.00 secs] 
2024-10-04T21:43:44.703+0300: 539.912: Total time for which application threads were stopped: 0.0011648 seconds, Stopping threads took: 0.0001601 seconds
2024-10-04T21:43:45.063+0300: 540.279: Application time: 0.3669623 seconds
2024-10-04T21:43:45.063+0300: 540.279: [GC (Allocation Failure) [PSYoungGen: 262548K->5376K(266240K)] 300910K->43801K(812544K), 0.0014466 secs] [Times: user=0.00 sys=0.00, real=0.02 secs] 
2024-10-04T21:43:45.079+0300: 540.281: Total time for which application threads were stopped: 0.0017729 seconds, Stopping threads took: 0.0001637 seconds
2024-10-04T21:43:45.456+0300: 540.657: Application time: 0.3760586 seconds
2024-10-04T21:43:45.456+0300: 540.657: [GC (Allocation Failure) [PSYoungGen: 264960K->4400K(266240K)] 303385K->42841K(812544K), 0.0011648 secs] [Times: user=0.00 sys=0.00, real=0.00 secs] 
2024-10-04T21:43:45.456+0300: 540.658: Total time for which application threads were stopped: 0.0014892 seconds, Stopping threads took: 0.0001673 seconds
2024-10-04T21:43:45.817+0300: 541.025: Application time: 0.3669128 seconds
2024-10-04T21:43:45.817+0300: 541.025: [GC (Allocation Failure) [PSYoungGen: 263432K->4448K(266240K)] 301874K->42897K(812544K), 0.0010454 secs] [Times: user=0.00 sys=0.00, real=0.00 secs] 
2024-10-04T21:43:45.817+0300: 541.027: Total time for which application threads were stopped: 0.0012665 seconds, Stopping threads took: 0.0000991 seconds
2024-10-04T21:43:46.194+0300: 541.400: Application time: 0.3732927 seconds
2024-10-04T21:43:46.194+0300: 541.400: [GC (Allocation Failure) [PSYoungGen: 263366K->4448K(266240K)] 301816K->42905K(812544K), 0.0011341 secs] [Times: user=0.00 sys=0.00, real=0.00 secs] 
2024-10-04T21:43:46.194+0300: 541.401: Total time for which application threads were stopped: 0.0015165 seconds, Stopping threads took: 0.0002121 seconds
2024-10-04T21:43:46.554+0300: 541.770: Application time: 0.3681147 seconds
2024-10-04T21:43:46.554+0300: 541.770: [GC (Allocation Failure) [PSYoungGen: 263243K->4368K(266752K)] 301701K->42833K(813056K), 0.0010504 secs] [Times: user=0.00 sys=0.02, real=0.02 secs] 
2024-10-04T21:43:46.570+0300: 541.771: Total time for which application threads were stopped: 0.0013553 seconds, Stopping threads took: 0.0001669 seconds
2024-10-04T21:43:46.931+0300: 542.138: Application time: 0.3669955 seconds
2024-10-04T21:43:46.931+0300: 542.138: [GC (Allocation Failure) [PSYoungGen: 264448K->4464K(266752K)] 302913K->42937K(813056K), 0.0011054 secs] [Times: user=0.00 sys=0.00, real=0.00 secs] 
2024-10-04T21:43:46.931+0300: 542.139: Total time for which application threads were stopped: 0.0013979 seconds, Stopping threads took: 0.0001799 seconds
2024-10-04T21:43:47.308+0300: 542.516: Application time: 0.3771239 seconds
2024-10-04T21:43:47.308+0300: 542.517: [GC (Allocation Failure) [PSYoungGen: 264366K->3456K(266752K)] 302840K->41937K(813056K), 0.0011804 secs] [Times: user=0.00 sys=0.00, real=0.00 secs] 
2024-10-04T21:43:47.308+0300: 542.518: Total time for which application threads were stopped: 0.0014830 seconds, Stopping threads took: 0.0001304 seconds
2024-10-04T21:43:47.684+0300: 542.887: Application time: 0.3687993 seconds
2024-10-04T21:43:47.686+0300: 542.887: [GC (Allocation Failure) [PSYoungGen: 264064K->3456K(266752K)] 302545K->41945K(813056K), 0.0009299 secs] [Times: user=0.00 sys=0.00, real=0.00 secs] 
2024-10-04T21:43:47.686+0300: 542.888: Total time for which application threads were stopped: 0.0012757 seconds, Stopping threads took: 0.0002041 seconds
2024-10-04T21:43:48.045+0300: 543.260: Application time: 0.3719772 seconds
2024-10-04T21:43:48.045+0300: 543.260: [GC (Allocation Failure) [PSYoungGen: 264064K->3424K(266752K)] 302553K->41921K(813056K), 0.0008690 secs] [Times: user=0.00 sys=0.00, real=0.01 secs] 
2024-10-04T21:43:48.060+0300: 543.261: Total time for which application threads were stopped: 0.0011847 seconds, Stopping threads took: 0.0001576 seconds
2024-10-04T21:43:48.422+0300: 543.634: Application time: 0.3732545 seconds
2024-10-04T21:43:48.422+0300: 543.635: [GC (Allocation Failure) [PSYoungGen: 263534K->4448K(266752K)] 302032K->42985K(813056K), 0.0012172 secs] [Times: user=0.00 sys=0.00, real=0.00 secs] 
2024-10-04T21:43:48.422+0300: 543.636: Total time for which application threads were stopped: 0.0015453 seconds, Stopping threads took: 0.0001207 seconds
2024-10-04T21:43:48.798+0300: 544.004: Application time: 0.3679099 seconds
2024-10-04T21:43:48.798+0300: 544.004: [GC (Allocation Failure) [PSYoungGen: 264542K->4416K(266752K)] 303080K->42993K(813056K), 0.0009858 secs] [Times: user=0.00 sys=0.00, real=0.00 secs] 
2024-10-04T21:43:48.798+0300: 544.005: Total time for which application threads were stopped: 0.0012784 seconds, Stopping threads took: 0.0001575 seconds
2024-10-04T21:43:49.175+0300: 544.383: Application time: 0.3778382 seconds
2024-10-04T21:43:49.175+0300: 544.383: [GC (Allocation Failure) [PSYoungGen: 265024K->4448K(266752K)] 303601K->43033K(813056K), 0.0010320 secs] [Times: user=0.00 sys=0.00, real=0.00 secs] 
2024-10-04T21:43:49.175+0300: 544.384: Total time for which application threads were stopped: 0.0014947 seconds, Stopping threads took: 0.0002037 seconds
2024-10-04T21:43:49.536+0300: 544.752: Application time: 0.3675027 seconds
2024-10-04T21:43:49.536+0300: 544.752: [GC (Allocation Failure) [PSYoungGen: 264580K->4384K(267264K)] 303166K->43041K(813568K), 0.0013069 secs] [Times: user=0.00 sys=0.00, real=0.02 secs] 
2024-10-04T21:43:49.552+0300: 544.754: Total time for which application threads were stopped: 0.0016185 seconds, Stopping threads took: 0.0001441 seconds
2024-10-04T21:43:49.913+0300: 545.125: Application time: 0.3710438 seconds
2024-10-04T21:43:49.913+0300: 545.125: [GC (Allocation Failure) [PSYoungGen: 265462K->4480K(266752K)] 304120K->43145K(813056K), 0.0010898 secs] [Times: user=0.00 sys=0.00, real=0.00 secs] 
2024-10-04T21:43:49.913+0300: 545.126: Total time for which application threads were stopped: 0.0013820 seconds, Stopping threads took: 0.0001447 seconds
2024-10-04T21:43:50.292+0300: 545.503: Application time: 0.3765394 seconds
2024-10-04T21:43:50.292+0300: 545.503: [GC (Allocation Failure) [PSYoungGen: 265553K->4480K(267264K)] 304219K->43153K(813568K), 0.0011582 secs] [Times: user=0.00 sys=0.00, real=0.00 secs] 
2024-10-04T21:43:50.292+0300: 545.504: Total time for which application threads were stopped: 0.0015544 seconds, Stopping threads took: 0.0002227 seconds
2024-10-04T21:43:50.666+0300: 545.878: Application time: 0.3734464 seconds
2024-10-04T21:43:50.666+0300: 545.878: [GC (Allocation Failure) [PSYoungGen: 266112K->2400K(264192K)] 304785K->41089K(810496K), 0.0008224 secs] [Times: user=0.00 sys=0.00, real=0.00 secs] 
2024-10-04T21:43:50.666+0300: 545.879: Total time for which application threads were stopped: 0.0011679 seconds, Stopping threads took: 0.0001887 seconds
2024-10-04T21:43:51.043+0300: 546.245: Application time: 0.3658163 seconds
2024-10-04T21:43:51.043+0300: 546.245: [GC (Allocation Failure) [PSYoungGen: 263495K->5440K(266752K)] 302185K->44145K(813056K), 0.0011515 secs] [Times: user=0.00 sys=0.00, real=0.00 secs] 
2024-10-04T21:43:51.043+0300: 546.246: Total time for which application threads were stopped: 0.0014610 seconds, Stopping threads took: 0.0001873 seconds
2024-10-04T21:43:51.419+0300: 546.625: Application time: 0.3787039 seconds
2024-10-04T21:43:51.419+0300: 546.625: [GC (Allocation Failure) [PSYoungGen: 265531K->5408K(266240K)] 304237K->44121K(812544K), 0.0013026 secs] [Times: user=0.00 sys=0.00, real=0.00 secs] 
2024-10-04T21:43:51.419+0300: 546.626: Total time for which application threads were stopped: 0.0016280 seconds, Stopping threads took: 0.0001886 seconds
2024-10-04T21:43:51.780+0300: 546.995: Application time: 0.3683115 seconds
2024-10-04T21:43:51.780+0300: 546.995: [GC (Allocation Failure) [PSYoungGen: 266016K->4416K(266752K)] 304729K->43169K(813056K), 0.0010600 secs] [Times: user=0.02 sys=0.00, real=0.02 secs] 
2024-10-04T21:43:51.795+0300: 546.996: Total time for which application threads were stopped: 0.0013559 seconds, Stopping threads took: 0.0001645 seconds
2024-10-04T21:43:52.157+0300: 547.373: Application time: 0.3767309 seconds
2024-10-04T21:43:52.157+0300: 547.373: [GC (Allocation Failure) [PSYoungGen: 263751K->2416K(266240K)] 302505K->41177K(812544K), 0.0008499 secs] [Times: user=0.01 sys=0.00, real=0.02 secs] 
2024-10-04T21:43:52.173+0300: 547.374: Total time for which application threads were stopped: 0.0012510 seconds, Stopping threads took: 0.0002279 seconds
2024-10-04T21:43:52.534+0300: 547.740: Application time: 0.3661527 seconds
2024-10-04T21:43:52.534+0300: 547.740: [GC (Allocation Failure) [PSYoungGen: 262174K->4400K(266752K)] 300936K->43201K(813056K), 0.0011306 secs] [Times: user=0.00 sys=0.00, real=0.00 secs] 
2024-10-04T21:43:52.534+0300: 547.742: Total time for which application threads were stopped: 0.0014209 seconds, Stopping threads took: 0.0001490 seconds
2024-10-04T21:43:52.897+0300: 548.111: Application time: 0.3694583 seconds
2024-10-04T21:43:52.910+0300: 548.111: [GC (Allocation Failure) [PSYoungGen: 264425K->5472K(266240K)] 303227K->44281K(812544K), 0.0012465 secs] [Times: user=0.00 sys=0.00, real=0.00 secs] 
2024-10-04T21:43:52.910+0300: 548.113: Total time for which application threads were stopped: 0.0015989 seconds, Stopping threads took: 0.0002045 seconds
2024-10-04T21:43:53.287+0300: 548.488: Application time: 0.3754897 seconds
2024-10-04T21:43:53.287+0300: 548.488: [GC (Allocation Failure) [PSYoungGen: 265273K->5424K(266240K)] 304082K->44250K(812544K), 0.0012374 secs] [Times: user=0.00 sys=0.00, real=0.00 secs] 
2024-10-04T21:43:53.287+0300: 548.490: Total time for which application threads were stopped: 0.0015231 seconds, Stopping threads took: 0.0001119 seconds
2024-10-04T21:43:53.648+0300: 548.856: Application time: 0.3664251 seconds
2024-10-04T21:43:53.648+0300: 548.856: [GC (Allocation Failure) [PSYoungGen: 264445K->4416K(266240K)] 303271K->43249K(812544K), 0.0010730 secs] [Times: user=0.00 sys=0.00, real=0.00 secs] 
2024-10-04T21:43:53.648+0300: 548.857: Total time for which application threads were stopped: 0.0013985 seconds, Stopping threads took: 0.0001956 seconds
2024-10-04T21:43:54.025+0300: 549.226: Application time: 0.3681695 seconds
2024-10-04T21:43:54.025+0300: 549.226: [GC (Allocation Failure) [PSYoungGen: 263183K->4464K(266240K)] 302017K->43305K(812544K), 0.0009653 secs] [Times: user=0.00 sys=0.00, real=0.00 secs] 
2024-10-04T21:43:54.025+0300: 549.227: Total time for which application threads were stopped: 0.0012477 seconds, Stopping threads took: 0.0001502 seconds
2024-10-04T21:43:54.386+0300: 549.600: Application time: 0.3733885 seconds
2024-10-04T21:43:54.386+0300: 549.601: [GC (Allocation Failure) [PSYoungGen: 263572K->5440K(266240K)] 302414K->44305K(812544K), 0.0013253 secs] [Times: user=0.00 sys=0.00, real=0.01 secs] 
2024-10-04T21:43:54.400+0300: 549.602: Total time for which application threads were stopped: 0.0016223 seconds, Stopping threads took: 0.0001598 seconds
2024-10-04T21:43:54.762+0300: 549.967: Application time: 0.3649521 seconds
2024-10-04T21:43:54.762+0300: 549.967: [GC (Allocation Failure) [PSYoungGen: 264219K->5440K(266240K)] 303084K->44346K(812544K), 0.0011417 secs] [Times: user=0.00 sys=0.00, real=0.00 secs] 
2024-10-04T21:43:54.762+0300: 549.968: Total time for which application threads were stopped: 0.0014518 seconds, Stopping threads took: 0.0001866 seconds
2024-10-04T21:43:55.139+0300: 550.340: Application time: 0.3720849 seconds
2024-10-04T21:43:55.139+0300: 550.341: [GC (Allocation Failure) [PSYoungGen: 264418K->5408K(266240K)] 303324K->44322K(812544K), 0.0011934 secs] [Times: user=0.00 sys=0.00, real=0.00 secs] 
2024-10-04T21:43:55.139+0300: 550.342: Total time for which application threads were stopped: 0.0015225 seconds, Stopping threads took: 0.0001428 seconds
2024-10-04T21:43:55.503+0300: 550.708: Application time: 0.3664004 seconds
2024-10-04T21:43:55.503+0300: 550.709: [GC (Allocation Failure) [PSYoungGen: 264209K->4320K(266240K)] 303123K->43322K(812544K), 0.0010217 secs] [Times: user=0.00 sys=0.00, real=0.00 secs] 
2024-10-04T21:43:55.503+0300: 550.710: Total time for which application threads were stopped: 0.0012959 seconds, Stopping threads took: 0.0001455 seconds
2024-10-04T21:43:55.876+0300: 551.077: Application time: 0.3677653 seconds
2024-10-04T21:43:55.876+0300: 551.078: [GC (Allocation Failure) [PSYoungGen: 263129K->4432K(266240K)] 302131K->43474K(812544K), 0.0010373 secs] [Times: user=0.00 sys=0.00, real=0.00 secs] 
2024-10-04T21:43:55.876+0300: 551.079: Total time for which application threads were stopped: 0.0013077 seconds, Stopping threads took: 0.0001261 seconds
2024-10-04T21:43:56.238+0300: 551.453: Application time: 0.3746257 seconds
2024-10-04T21:43:56.238+0300: 551.454: [GC (Allocation Failure) [PSYoungGen: 263376K->3424K(266240K)] 302418K->42474K(812544K), 0.0010190 secs] [Times: user=0.02 sys=0.00, real=0.02 secs] 
2024-10-04T21:43:56.253+0300: 551.457: Total time for which application threads were stopped: 0.0034603 seconds, Stopping threads took: 0.0002539 seconds
2024-10-04T21:43:56.615+0300: 551.822: Application time: 0.3651988 seconds
2024-10-04T21:43:56.615+0300: 551.822: [GC (Allocation Failure) [PSYoungGen: 262333K->4336K(266240K)] 301383K->43402K(812544K), 0.0010460 secs] [Times: user=0.00 sys=0.00, real=0.00 secs] 
2024-10-04T21:43:56.615+0300: 551.823: Total time for which application threads were stopped: 0.0013423 seconds, Stopping threads took: 0.0001517 seconds
2024-10-04T21:43:56.975+0300: 552.190: Application time: 0.3663781 seconds
2024-10-04T21:43:56.975+0300: 552.190: [GC (Allocation Failure) [PSYoungGen: 263307K->4480K(266752K)] 302373K->43554K(813056K), 0.0010704 secs] [Times: user=0.00 sys=0.00, real=0.00 secs] 
2024-10-04T21:43:56.975+0300: 552.191: Total time for which application threads were stopped: 0.0014107 seconds, Stopping threads took: 0.0001597 seconds
2024-10-04T21:43:57.353+0300: 552.564: Application time: 0.3732110 seconds
2024-10-04T21:43:57.353+0300: 552.565: [GC (Allocation Failure) [PSYoungGen: 264341K->5408K(266240K)] 303415K->44490K(812544K), 0.0012096 secs] [Times: user=0.00 sys=0.00, real=0.00 secs] 
2024-10-04T21:43:57.353+0300: 552.566: Total time for which application threads were stopped: 0.0014950 seconds, Stopping threads took: 0.0001549 seconds
2024-10-04T21:43:57.729+0300: 552.934: Application time: 0.3682021 seconds
2024-10-04T21:43:57.729+0300: 552.934: [GC (Allocation Failure) [PSYoungGen: 265476K->4432K(266752K)] 304558K->43554K(813056K), 0.0010026 secs] [Times: user=0.00 sys=0.00, real=0.00 secs] 
2024-10-04T21:43:57.729+0300: 552.935: Total time for which application threads were stopped: 0.0013130 seconds, Stopping threads took: 0.0001943 seconds
2024-10-04T21:43:58.108+0300: 553.312: Application time: 0.3770533 seconds
2024-10-04T21:43:58.108+0300: 553.313: [GC (Allocation Failure) [PSYoungGen: 264528K->5456K(266240K)] 303650K->44586K(812544K), 0.0013921 secs] [Times: user=0.00 sys=0.00, real=0.00 secs] 
2024-10-04T21:43:58.108+0300: 553.314: Total time for which application threads were stopped: 0.0017773 seconds, Stopping threads took: 0.0002219 seconds
2024-10-04T21:43:58.467+0300: 553.682: Application time: 0.3678820 seconds
2024-10-04T21:43:58.467+0300: 553.682: [GC (Allocation Failure) [PSYoungGen: 265532K->5472K(266240K)] 304662K->44610K(812544K), 0.0013569 secs] [Times: user=0.00 sys=0.00, real=0.02 secs] 
2024-10-04T21:43:58.483+0300: 553.684: Total time for which application threads were stopped: 0.0017021 seconds, Stopping threads took: 0.0001732 seconds
2024-10-04T21:43:58.844+0300: 554.051: Application time: 0.3668238 seconds
2024-10-04T21:43:58.844+0300: 554.051: [GC (Allocation Failure) [PSYoungGen: 264248K->3376K(266240K)] 303386K->42554K(812544K), 0.0009367 secs] [Times: user=0.00 sys=0.00, real=0.00 secs] 
2024-10-04T21:43:58.844+0300: 554.052: Total time for which application threads were stopped: 0.0012140 seconds, Stopping threads took: 0.0001488 seconds
2024-10-04T21:43:59.221+0300: 554.427: Application time: 0.3754408 seconds
2024-10-04T21:43:59.221+0300: 554.428: [GC (Allocation Failure) [PSYoungGen: 262534K->4480K(266240K)] 301712K->43666K(812544K), 0.0010956 secs] [Times: user=0.00 sys=0.00, real=0.00 secs] 
2024-10-04T21:43:59.221+0300: 554.429: Total time for which application threads were stopped: 0.0014378 seconds, Stopping threads took: 0.0002036 seconds
2024-10-04T21:43:59.582+0300: 554.792: Application time: 0.3637079 seconds
2024-10-04T21:43:59.582+0300: 554.793: [GC (Allocation Failure) [PSYoungGen: 263103K->5376K(266240K)] 302289K->44578K(812544K), 0.0012978 secs] [Times: user=0.00 sys=0.00, real=0.00 secs] 
2024-10-04T21:43:59.582+0300: 554.794: Total time for which application threads were stopped: 0.0016240 seconds, Stopping threads took: 0.0001903 seconds
2024-10-04T21:43:59.958+0300: 555.160: Application time: 0.3662834 seconds
2024-10-04T21:43:59.958+0300: 555.161: [GC (Allocation Failure) [PSYoungGen: 264323K->4448K(266240K)] 303525K->43658K(812544K), 0.0008936 secs] [Times: user=0.00 sys=0.00, real=0.00 secs] 
2024-10-04T21:43:59.958+0300: 555.162: Total time for which application threads were stopped: 0.0011869 seconds, Stopping threads took: 0.0001676 seconds
2024-10-04T21:44:00.335+0300: 555.546: Application time: 0.3846934 seconds
2024-10-04T21:44:00.335+0300: 555.546: [GC (Allocation Failure) [PSYoungGen: 263362K->5472K(266240K)] 302572K->44690K(812544K), 0.0015102 secs] [Times: user=0.00 sys=0.00, real=0.00 secs] 
2024-10-04T21:44:00.335+0300: 555.548: Total time for which application threads were stopped: 0.0017861 seconds, Stopping threads took: 0.0001149 seconds
2024-10-04T21:44:00.711+0300: 555.912: Application time: 0.3642047 seconds
2024-10-04T21:44:00.711+0300: 555.912: [GC (Allocation Failure) [PSYoungGen: 265056K->4480K(266240K)] 304274K->43706K(812544K), 0.0010488 secs] [Times: user=0.00 sys=0.00, real=0.00 secs] 
2024-10-04T21:44:00.711+0300: 555.914: Total time for which application threads were stopped: 0.0013525 seconds, Stopping threads took: 0.0001536 seconds
2024-10-04T21:44:01.072+0300: 556.288: Application time: 0.3744358 seconds
2024-10-04T21:44:01.072+0300: 556.288: [GC (Allocation Failure) [PSYoungGen: 264064K->4352K(266240K)] 303290K->43618K(812544K), 0.0015083 secs] [Times: user=0.01 sys=0.00, real=0.02 secs] 
2024-10-04T21:44:01.088+0300: 556.290: Total time for which application threads were stopped: 0.0019687 seconds, Stopping threads took: 0.0002806 seconds
2024-10-04T21:44:01.449+0300: 556.659: Application time: 0.3686529 seconds
2024-10-04T21:44:01.449+0300: 556.659: [GC (Allocation Failure) [PSYoungGen: 263164K->4400K(266752K)] 302430K->43674K(813056K), 0.0013150 secs] [Times: user=0.00 sys=0.00, real=0.01 secs] 
2024-10-04T21:44:01.459+0300: 556.660: Total time for which application threads were stopped: 0.0016442 seconds, Stopping threads took: 0.0001774 seconds
2024-10-04T21:44:01.825+0300: 557.029: Application time: 0.3691417 seconds
2024-10-04T21:44:01.825+0300: 557.030: [GC (Allocation Failure) [PSYoungGen: 264351K->4416K(266240K)] 303625K->43730K(812544K), 0.0009107 secs] [Times: user=0.00 sys=0.00, real=0.00 secs] 
2024-10-04T21:44:01.825+0300: 557.031: Total time for which application threads were stopped: 0.0011685 seconds, Stopping threads took: 0.0001230 seconds
2024-10-04T21:44:02.201+0300: 557.404: Application time: 0.3733023 seconds
2024-10-04T21:44:02.201+0300: 557.404: [GC (Allocation Failure) [PSYoungGen: 264343K->5376K(266752K)] 303658K->44762K(813056K), 0.0013321 secs] [Times: user=0.00 sys=0.00, real=0.00 secs] 
2024-10-04T21:44:02.201+0300: 557.406: Total time for which application threads were stopped: 0.0016525 seconds, Stopping threads took: 0.0001837 seconds
2024-10-04T21:44:02.578+0300: 557.787: Application time: 0.3815535 seconds
2024-10-04T21:44:02.578+0300: 557.787: [GC (Allocation Failure) [PSYoungGen: 265353K->5408K(266240K)] 304740K->44810K(812544K), 0.0014910 secs] [Times: user=0.00 sys=0.00, real=0.00 secs] 
2024-10-04T21:44:02.578+0300: 557.789: Total time for which application threads were stopped: 0.0018565 seconds, Stopping threads took: 0.0001896 seconds
2024-10-04T21:44:02.939+0300: 558.155: Application time: 0.3656689 seconds
2024-10-04T21:44:02.939+0300: 558.155: [GC (Allocation Failure) [PSYoungGen: 265561K->5440K(266240K)] 304963K->44858K(812544K), 0.0015252 secs] [Times: user=0.02 sys=0.00, real=0.02 secs] 
2024-10-04T21:44:02.955+0300: 558.156: Total time for which application threads were stopped: 0.0018166 seconds, Stopping threads took: 0.0001414 seconds
2024-10-04T21:44:03.332+0300: 558.544: Application time: 0.3876351 seconds
2024-10-04T21:44:03.332+0300: 558.545: [GC (Allocation Failure) [PSYoungGen: 264247K->4448K(266240K)] 303665K->43874K(812544K), 0.0010852 secs] [Times: user=0.00 sys=0.00, real=0.00 secs] 
2024-10-04T21:44:03.332+0300: 558.546: Total time for which application threads were stopped: 0.0016767 seconds, Stopping threads took: 0.0004160 seconds
2024-10-04T21:44:03.708+0300: 558.917: Application time: 0.3708599 seconds
2024-10-04T21:44:03.708+0300: 558.917: [GC (Allocation Failure) [PSYoungGen: 263368K->4464K(266240K)] 302794K->43898K(812544K), 0.0011714 secs] [Times: user=0.02 sys=0.00, real=0.00 secs] 
2024-10-04T21:44:03.708+0300: 558.918: Total time for which application threads were stopped: 0.0015426 seconds, Stopping threads took: 0.0001340 seconds
2024-10-04T21:44:04.085+0300: 559.293: Application time: 0.3750890 seconds
2024-10-04T21:44:04.085+0300: 559.294: [GC (Allocation Failure) [PSYoungGen: 263165K->4448K(266240K)] 302599K->43890K(812544K), 0.0011241 secs] [Times: user=0.00 sys=0.00, real=0.00 secs] 
2024-10-04T21:44:04.085+0300: 559.295: Total time for which application threads were stopped: 0.0014325 seconds, Stopping threads took: 0.0001437 seconds
2024-10-04T21:44:04.461+0300: 559.663: Application time: 0.3681664 seconds
2024-10-04T21:44:04.461+0300: 559.663: [GC (Allocation Failure) [PSYoungGen: 263394K->5392K(265728K)] 302836K->44866K(812032K), 0.0013670 secs] [Times: user=0.00 sys=0.00, real=0.00 secs] 
2024-10-04T21:44:04.461+0300: 559.665: Total time for which application threads were stopped: 0.0016809 seconds, Stopping threads took: 0.0001475 seconds
2024-10-04T21:44:04.822+0300: 560.031: Application time: 0.3664593 seconds
2024-10-04T21:44:04.822+0300: 560.031: [GC (Allocation Failure) [PSYoungGen: 264086K->4384K(266240K)] 303560K->43866K(812544K), 0.0012642 secs] [Times: user=0.00 sys=0.00, real=0.00 secs] 
2024-10-04T21:44:04.822+0300: 560.033: Total time for which application threads were stopped: 0.0015825 seconds, Stopping threads took: 0.0001648 seconds
2024-10-04T21:44:05.214+0300: 560.417: Application time: 0.3839122 seconds
2024-10-04T21:44:05.214+0300: 560.417: [GC (Allocation Failure) [PSYoungGen: 263296K->4448K(266752K)] 302778K->43938K(813056K), 0.0010322 secs] [Times: user=0.00 sys=0.00, real=0.00 secs] 
2024-10-04T21:44:05.214+0300: 560.418: Total time for which application threads were stopped: 0.0013874 seconds, Stopping threads took: 0.0002041 seconds
2024-10-04T21:44:05.575+0300: 560.785: Application time: 0.3666290 seconds
2024-10-04T21:44:05.575+0300: 560.785: [GC (Allocation Failure) [PSYoungGen: 264262K->5392K(266240K)] 303752K->44938K(812544K), 0.0013787 secs] [Times: user=0.00 sys=0.00, real=0.00 secs] 
2024-10-04T21:44:05.575+0300: 560.786: Total time for which application threads were stopped: 0.0016802 seconds, Stopping threads took: 0.0001353 seconds
2024-10-04T21:44:05.952+0300: 561.157: Application time: 0.3711324 seconds
2024-10-04T21:44:05.952+0300: 561.158: [GC (Allocation Failure) [PSYoungGen: 265694K->5456K(266240K)] 305240K->45010K(812544K), 0.0012909 secs] [Times: user=0.00 sys=0.00, real=0.00 secs] 
2024-10-04T21:44:05.952+0300: 561.159: Total time for which application threads were stopped: 0.0015973 seconds, Stopping threads took: 0.0001493 seconds
2024-10-04T21:44:06.329+0300: 561.536: Application time: 0.3770960 seconds
2024-10-04T21:44:06.329+0300: 561.536: [GC (Allocation Failure) [PSYoungGen: 264030K->3424K(266240K)] 303584K->42986K(812544K), 0.0009346 secs] [Times: user=0.00 sys=0.00, real=0.00 secs] 
2024-10-04T21:44:06.329+0300: 561.537: Total time for which application threads were stopped: 0.0012333 seconds, Stopping threads took: 0.0001321 seconds
2024-10-04T21:44:06.689+0300: 561.904: Application time: 0.3669148 seconds
2024-10-04T21:44:06.689+0300: 561.904: [GC (Allocation Failure) [PSYoungGen: 262446K->4480K(266240K)] 302009K->44050K(812544K), 0.0010548 secs] [Times: user=0.00 sys=0.00, real=0.00 secs] 
2024-10-04T21:44:06.689+0300: 561.906: Total time for which application threads were stopped: 0.0013370 seconds, Stopping threads took: 0.0001273 seconds
2024-10-04T21:44:07.066+0300: 562.276: Application time: 0.3708927 seconds
2024-10-04T21:44:07.066+0300: 562.277: [GC (Allocation Failure) [PSYoungGen: 263392K->4352K(266240K)] 302963K->43962K(812544K), 0.0013596 secs] [Times: user=0.00 sys=0.00, real=0.00 secs] 
2024-10-04T21:44:07.066+0300: 562.278: Total time for which application threads were stopped: 0.0016642 seconds, Stopping threads took: 0.0001401 seconds
2024-10-04T21:44:07.443+0300: 562.653: Application time: 0.3750778 seconds
2024-10-04T21:44:07.443+0300: 562.653: [GC (Allocation Failure) [PSYoungGen: 263129K->3424K(266240K)] 302739K->43042K(812544K), 0.0010294 secs] [Times: user=0.00 sys=0.00, real=0.00 secs] 
2024-10-04T21:44:07.443+0300: 562.655: Total time for which application threads were stopped: 0.0013340 seconds, Stopping threads took: 0.0001339 seconds
2024-10-04T21:44:07.820+0300: 563.021: Application time: 0.3662152 seconds
2024-10-04T21:44:07.820+0300: 563.021: [GC (Allocation Failure) [PSYoungGen: 262163K->3408K(266240K)] 301781K->43074K(812544K), 0.0009478 secs] [Times: user=0.00 sys=0.00, real=0.00 secs] 
2024-10-04T21:44:07.820+0300: 563.022: Total time for which application threads were stopped: 0.0012574 seconds, Stopping threads took: 0.0001524 seconds
2024-10-04T21:44:08.197+0300: 563.401: Application time: 0.3786446 seconds
2024-10-04T21:44:08.197+0300: 563.401: [GC (Allocation Failure) [PSYoungGen: 262992K->3424K(266240K)] 302658K->43098K(812544K), 0.0008854 secs] [Times: user=0.00 sys=0.00, real=0.00 secs] 
2024-10-04T21:44:08.197+0300: 563.402: Total time for which application threads were stopped: 0.0012016 seconds, Stopping threads took: 0.0001293 seconds
2024-10-04T21:44:08.558+0300: 563.773: Application time: 0.3707247 seconds
2024-10-04T21:44:08.558+0300: 563.773: [GC (Allocation Failure) [PSYoungGen: 263008K->2352K(266240K)] 302682K->42082K(812544K), 0.0008040 secs] [Times: user=0.00 sys=0.00, real=0.00 secs] 
2024-10-04T21:44:08.558+0300: 563.774: Total time for which application threads were stopped: 0.0011452 seconds, Stopping threads took: 0.0001951 seconds
2024-10-04T21:44:08.934+0300: 564.137: Application time: 0.3636207 seconds
2024-10-04T21:44:08.934+0300: 564.138: [GC (Allocation Failure) [PSYoungGen: 261511K->4416K(266240K)] 301241K->44178K(812544K), 0.0010954 secs] [Times: user=0.00 sys=0.00, real=0.00 secs] 
2024-10-04T21:44:08.934+0300: 564.139: Total time for which application threads were stopped: 0.0014049 seconds, Stopping threads took: 0.0001481 seconds
2024-10-04T21:44:09.311+0300: 564.518: Application time: 0.3791791 seconds
2024-10-04T21:44:09.311+0300: 564.518: [GC (Allocation Failure) [PSYoungGen: 263423K->3392K(266240K)] 303185K->43170K(812544K), 0.0011500 secs] [Times: user=0.00 sys=0.00, real=0.00 secs] 
2024-10-04T21:44:09.311+0300: 564.519: Total time for which application threads were stopped: 0.0014819 seconds, Stopping threads took: 0.0001718 seconds
2024-10-04T21:44:09.672+0300: 564.880: Application time: 0.3608986 seconds
2024-10-04T21:44:09.672+0300: 564.881: [GC (Allocation Failure) [PSYoungGen: 262006K->5472K(266240K)] 301785K->45258K(812544K), 0.0012134 secs] [Times: user=0.00 sys=0.00, real=0.00 secs] 
2024-10-04T21:44:09.672+0300: 564.882: Total time for which application threads were stopped: 0.0015890 seconds, Stopping threads took: 0.0002200 seconds
2024-10-04T21:44:10.033+0300: 565.249: Application time: 0.3666467 seconds
2024-10-04T21:44:10.033+0300: 565.249: [GC (Allocation Failure) [PSYoungGen: 264575K->5440K(265216K)] 304361K->45242K(811520K), 0.0014234 secs] [Times: user=0.00 sys=0.00, real=0.02 secs] 
2024-10-04T21:44:10.048+0300: 565.250: Total time for which application threads were stopped: 0.0018702 seconds, Stopping threads took: 0.0002817 seconds
2024-10-04T21:44:10.425+0300: 565.627: Application time: 0.3767085 seconds
2024-10-04T21:44:10.425+0300: 565.627: [GC (Allocation Failure) [PSYoungGen: 264099K->4448K(266240K)] 303902K->44258K(812544K), 0.0010221 secs] [Times: user=0.00 sys=0.00, real=0.00 secs] 
2024-10-04T21:44:10.425+0300: 565.628: Total time for which application threads were stopped: 0.0012849 seconds, Stopping threads took: 0.0001222 seconds
2024-10-04T21:44:10.785+0300: 565.991: Application time: 0.3627047 seconds
2024-10-04T21:44:10.785+0300: 565.991: [GC (Allocation Failure) [PSYoungGen: 262548K->5456K(265728K)] 302358K->45282K(812032K), 0.0011839 secs] [Times: user=0.00 sys=0.00, real=0.00 secs] 
2024-10-04T21:44:10.785+0300: 565.993: Total time for which application threads were stopped: 0.0015002 seconds, Stopping threads took: 0.0001751 seconds
2024-10-04T21:44:11.162+0300: 566.369: Application time: 0.3761132 seconds
2024-10-04T21:44:11.162+0300: 566.369: [GC (Allocation Failure) [PSYoungGen: 264528K->4480K(266240K)] 304354K->44314K(812544K), 0.0011589 secs] [Times: user=0.00 sys=0.00, real=0.00 secs] 
2024-10-04T21:44:11.162+0300: 566.370: Total time for which application threads were stopped: 0.0014861 seconds, Stopping threads took: 0.0001787 seconds
2024-10-04T21:44:11.536+0300: 566.739: Application time: 0.3689333 seconds
2024-10-04T21:44:11.536+0300: 566.739: [GC (Allocation Failure) [PSYoungGen: 263445K->4416K(265728K)] 303279K->44290K(812032K), 0.0009875 secs] [Times: user=0.02 sys=0.00, real=0.00 secs] 
2024-10-04T21:44:11.539+0300: 566.741: Total time for which application threads were stopped: 0.0013554 seconds, Stopping threads took: 0.0002003 seconds
2024-10-04T21:44:11.900+0300: 567.105: Application time: 0.3645029 seconds
2024-10-04T21:44:11.900+0300: 567.105: [GC (Allocation Failure) [PSYoungGen: 263302K->4448K(266752K)] 303177K->44330K(813056K), 0.0010901 secs] [Times: user=0.00 sys=0.00, real=0.00 secs] 
2024-10-04T21:44:11.900+0300: 567.106: Total time for which application threads were stopped: 0.0013898 seconds, Stopping threads took: 0.0001731 seconds
2024-10-04T21:44:12.277+0300: 567.483: Application time: 0.3764469 seconds
2024-10-04T21:44:12.277+0300: 567.483: [GC (Allocation Failure) [PSYoungGen: 264366K->3424K(266240K)] 304249K->43338K(812544K), 0.0009771 secs] [Times: user=0.00 sys=0.00, real=0.00 secs] 
2024-10-04T21:44:12.277+0300: 567.484: Total time for which application threads were stopped: 0.0013202 seconds, Stopping threads took: 0.0001847 seconds
2024-10-04T21:44:12.638+0300: 567.851: Application time: 0.3671791 seconds
2024-10-04T21:44:12.638+0300: 567.852: [GC (Allocation Failure) [PSYoungGen: 262587K->3408K(266752K)] 302501K->43330K(813056K), 0.0009107 secs] [Times: user=0.00 sys=0.00, real=0.00 secs] 
2024-10-04T21:44:12.638+0300: 567.853: Total time for which application threads were stopped: 0.0012192 seconds, Stopping threads took: 0.0001789 seconds
2024-10-04T21:44:13.015+0300: 568.220: Application time: 0.3675283 seconds
2024-10-04T21:44:13.015+0300: 568.220: [GC (Allocation Failure) [PSYoungGen: 264016K->4352K(266752K)] 303938K->44290K(813056K), 0.0010384 secs] [Times: user=0.00 sys=0.00, real=0.00 secs] 
2024-10-04T21:44:13.015+0300: 568.222: Total time for which application threads were stopped: 0.0013390 seconds, Stopping threads took: 0.0001708 seconds
2024-10-04T21:44:13.392+0300: 568.595: Application time: 0.3731231 seconds
2024-10-04T21:44:13.392+0300: 568.595: [GC (Allocation Failure) [PSYoungGen: 264505K->5408K(265728K)] 304444K->45394K(812032K), 0.0012404 secs] [Times: user=0.00 sys=0.00, real=0.00 secs] 
2024-10-04T21:44:13.392+0300: 568.596: Total time for which application threads were stopped: 0.0015752 seconds, Stopping threads took: 0.0001925 seconds
2024-10-04T21:44:13.753+0300: 568.963: Application time: 0.3667384 seconds
2024-10-04T21:44:13.753+0300: 568.963: [GC (Allocation Failure) [PSYoungGen: 264207K->4448K(266240K)] 304193K->44474K(812544K), 0.0009260 secs] [Times: user=0.00 sys=0.00, real=0.00 secs] 
2024-10-04T21:44:13.753+0300: 568.964: Total time for which application threads were stopped: 0.0012416 seconds, Stopping threads took: 0.0001752 seconds
2024-10-04T21:44:14.129+0300: 569.338: Application time: 0.3736987 seconds
2024-10-04T21:44:14.129+0300: 569.338: [GC (Allocation Failure) [PSYoungGen: 263391K->5440K(265728K)] 303417K->45482K(812032K), 0.0012658 secs] [Times: user=0.00 sys=0.00, real=0.00 secs] 
2024-10-04T21:44:14.129+0300: 569.340: Total time for which application threads were stopped: 0.0016499 seconds, Stopping threads took: 0.0002014 seconds
2024-10-04T21:44:14.506+0300: 569.711: Application time: 0.3711232 seconds
2024-10-04T21:44:14.506+0300: 569.711: [GC (Allocation Failure) [PSYoungGen: 265024K->3424K(266240K)] 305066K->43474K(812544K), 0.0009438 secs] [Times: user=0.00 sys=0.00, real=0.00 secs] 
2024-10-04T21:44:14.506+0300: 569.712: Total time for which application threads were stopped: 0.0012732 seconds, Stopping threads took: 0.0001864 seconds
2024-10-04T21:44:14.867+0300: 570.078: Application time: 0.3660162 seconds
2024-10-04T21:44:14.867+0300: 570.078: [GC (Allocation Failure) [PSYoungGen: 262296K->4448K(266752K)] 302346K->44538K(813056K), 0.0010055 secs] [Times: user=0.00 sys=0.00, real=0.00 secs] 
2024-10-04T21:44:14.867+0300: 570.079: Total time for which application threads were stopped: 0.0013051 seconds, Stopping threads took: 0.0001621 seconds
2024-10-04T21:44:15.244+0300: 570.455: Application time: 0.3761792 seconds
2024-10-04T21:44:15.244+0300: 570.456: [GC (Allocation Failure) [PSYoungGen: 263684K->5408K(266240K)] 303775K->45530K(812544K), 0.0012204 secs] [Times: user=0.00 sys=0.00, real=0.00 secs] 
2024-10-04T21:44:15.244+0300: 570.457: Total time for which application threads were stopped: 0.0015750 seconds, Stopping threads took: 0.0002119 seconds
2024-10-04T21:44:15.620+0300: 570.823: Application time: 0.3660743 seconds
2024-10-04T21:44:15.620+0300: 570.823: [GC (Allocation Failure) [PSYoungGen: 265312K->4384K(266240K)] 305434K->44522K(812544K), 0.0010448 secs] [Times: user=0.00 sys=0.00, real=0.00 secs] 
2024-10-04T21:44:15.620+0300: 570.824: Total time for which application threads were stopped: 0.0013540 seconds, Stopping threads took: 0.0001772 seconds
2024-10-04T21:44:15.981+0300: 571.192: Application time: 0.3678912 seconds
2024-10-04T21:44:15.981+0300: 571.193: [GC (Allocation Failure) [PSYoungGen: 263968K->4448K(266240K)] 304106K->44594K(812544K), 0.0010591 secs] [Times: user=0.00 sys=0.00, real=0.00 secs] 
2024-10-04T21:44:15.981+0300: 571.194: Total time for which application threads were stopped: 0.0013713 seconds, Stopping threads took: 0.0001769 seconds
2024-10-04T21:44:16.358+0300: 571.568: Application time: 0.3747364 seconds
2024-10-04T21:44:16.358+0300: 571.569: [GC (Allocation Failure) [PSYoungGen: 263269K->4448K(266752K)] 303416K->44602K(813056K), 0.0010411 secs] [Times: user=0.00 sys=0.00, real=0.00 secs] 
2024-10-04T21:44:16.358+0300: 571.570: Total time for which application threads were stopped: 0.0014207 seconds, Stopping threads took: 0.0002047 seconds
2024-10-04T21:44:16.734+0300: 571.941: Application time: 0.3715504 seconds
2024-10-04T21:44:16.734+0300: 571.942: [GC (Allocation Failure) [PSYoungGen: 265056K->3424K(266752K)] 305210K->43586K(813056K), 0.0008158 secs] [Times: user=0.00 sys=0.00, real=0.00 secs] 
2024-10-04T21:44:16.734+0300: 571.943: Total time for which application threads were stopped: 0.0011221 seconds, Stopping threads took: 0.0001703 seconds
2024-10-04T21:44:17.111+0300: 572.316: Application time: 0.3734754 seconds
2024-10-04T21:44:17.111+0300: 572.316: [GC (Allocation Failure) [PSYoungGen: 263212K->4320K(266752K)] 303375K->44490K(813056K), 0.0010970 secs] [Times: user=0.00 sys=0.00, real=0.00 secs] 
2024-10-04T21:44:17.111+0300: 572.317: Total time for which application threads were stopped: 0.0013963 seconds, Stopping threads took: 0.0001170 seconds
2024-10-04T21:44:17.472+0300: 572.686: Application time: 0.3681742 seconds
2024-10-04T21:44:17.472+0300: 572.686: [GC (Allocation Failure) [PSYoungGen: 264744K->5440K(266752K)] 304914K->45618K(813056K), 0.0012291 secs] [Times: user=0.00 sys=0.00, real=0.00 secs] 
2024-10-04T21:44:17.472+0300: 572.687: Total time for which application threads were stopped: 0.0015944 seconds, Stopping threads took: 0.0002171 seconds
2024-10-04T21:44:17.849+0300: 573.056: Application time: 0.3683300 seconds
2024-10-04T21:44:17.849+0300: 573.056: [GC (Allocation Failure) [PSYoungGen: 266032K->5408K(265728K)] 306210K->45634K(812032K), 0.0011922 secs] [Times: user=0.00 sys=0.00, real=0.00 secs] 
2024-10-04T21:44:17.849+0300: 573.057: Total time for which application threads were stopped: 0.0014836 seconds, Stopping threads took: 0.0001657 seconds
2024-10-04T21:44:18.225+0300: 573.430: Application time: 0.3727514 seconds
2024-10-04T21:44:18.225+0300: 573.430: [GC (Allocation Failure) [PSYoungGen: 264602K->5456K(266240K)] 304829K->45690K(812544K), 0.0011085 secs] [Times: user=0.00 sys=0.00, real=0.00 secs] 
2024-10-04T21:44:18.225+0300: 573.431: Total time for which application threads were stopped: 0.0013851 seconds, Stopping threads took: 0.0001415 seconds
2024-10-04T21:44:18.586+0300: 573.802: Application time: 0.3703865 seconds
2024-10-04T21:44:18.586+0300: 573.802: [GC (Allocation Failure) [PSYoungGen: 265040K->4448K(266240K)] 305274K->44698K(812544K), 0.0011504 secs] [Times: user=0.00 sys=0.00, real=0.02 secs] 
2024-10-04T21:44:18.601+0300: 573.803: Total time for which application threads were stopped: 0.0014640 seconds, Stopping threads took: 0.0001773 seconds
2024-10-04T21:44:18.962+0300: 574.165: Application time: 0.3617833 seconds
2024-10-04T21:44:18.962+0300: 574.165: [GC (Allocation Failure) [PSYoungGen: 263431K->5392K(266240K)] 303682K->45682K(812544K), 0.0011909 secs] [Times: user=0.00 sys=0.00, real=0.00 secs] 
2024-10-04T21:44:18.962+0300: 574.166: Total time for which application threads were stopped: 0.0014631 seconds, Stopping threads took: 0.0001445 seconds
2024-10-04T21:44:19.338+0300: 574.546: Application time: 0.3792433 seconds
2024-10-04T21:44:19.338+0300: 574.546: [GC (Allocation Failure) [PSYoungGen: 264976K->4448K(266240K)] 305266K->44778K(812544K), 0.0011364 secs] [Times: user=0.00 sys=0.00, real=0.00 secs] 
2024-10-04T21:44:19.338+0300: 574.547: Total time for which application threads were stopped: 0.0014550 seconds, Stopping threads took: 0.0001611 seconds
2024-10-04T21:44:19.699+0300: 574.914: Application time: 0.3671733 seconds
2024-10-04T21:44:19.699+0300: 574.914: [GC (Allocation Failure) [PSYoungGen: 263271K->4448K(266240K)] 303602K->44786K(812544K), 0.0010787 secs] [Times: user=0.00 sys=0.02, real=0.02 secs] 
2024-10-04T21:44:19.714+0300: 574.916: Total time for which application threads were stopped: 0.0013601 seconds, Stopping threads took: 0.0001000 seconds
2024-10-04T21:44:20.076+0300: 575.284: Application time: 0.3683511 seconds
2024-10-04T21:44:20.076+0300: 575.284: [GC (Allocation Failure) [PSYoungGen: 263483K->5376K(265728K)] 303821K->45762K(812032K), 0.0013122 secs] [Times: user=0.00 sys=0.00, real=0.00 secs] 
2024-10-04T21:44:20.076+0300: 575.285: Total time for which application threads were stopped: 0.0015863 seconds, Stopping threads took: 0.0001246 seconds
2024-10-04T21:44:20.455+0300: 575.657: Application time: 0.3714740 seconds
2024-10-04T21:44:20.455+0300: 575.657: [GC (Allocation Failure) [PSYoungGen: 264361K->4448K(266240K)] 304747K->44842K(812544K), 0.0010648 secs] [Times: user=0.00 sys=0.00, real=0.00 secs] 
2024-10-04T21:44:20.455+0300: 575.658: Total time for which application threads were stopped: 0.0014598 seconds, Stopping threads took: 0.0002409 seconds
2024-10-04T21:44:20.813+0300: 576.023: Application time: 0.3642464 seconds
2024-10-04T21:44:20.813+0300: 576.023: [GC (Allocation Failure) [PSYoungGen: 263054K->4448K(266752K)] 303449K->44850K(813056K), 0.0010716 secs] [Times: user=0.00 sys=0.00, real=0.00 secs] 
2024-10-04T21:44:20.813+0300: 576.024: Total time for which application threads were stopped: 0.0013440 seconds, Stopping threads took: 0.0001395 seconds
2024-10-04T21:44:21.190+0300: 576.400: Application time: 0.3756736 seconds
2024-10-04T21:44:21.190+0300: 576.400: [GC (Allocation Failure) [PSYoungGen: 265056K->4400K(266752K)] 305458K->44842K(813056K), 0.0009578 secs] [Times: user=0.00 sys=0.00, real=0.00 secs] 
2024-10-04T21:44:21.190+0300: 576.401: Total time for which application threads were stopped: 0.0013079 seconds, Stopping threads took: 0.0002267 seconds
2024-10-04T21:44:21.567+0300: 576.771: Application time: 0.3698607 seconds
2024-10-04T21:44:21.567+0300: 576.771: [GC (Allocation Failure) [PSYoungGen: 264158K->4416K(266752K)] 304601K->44898K(813056K), 0.0009977 secs] [Times: user=0.00 sys=0.00, real=0.00 secs] 
2024-10-04T21:44:21.567+0300: 576.772: Total time for which application threads were stopped: 0.0012820 seconds, Stopping threads took: 0.0001504 seconds
2024-10-04T21:44:21.928+0300: 577.138: Application time: 0.3657556 seconds
2024-10-04T21:44:21.928+0300: 577.138: [GC (Allocation Failure) [PSYoungGen: 264718K->5440K(266752K)] 305201K->45930K(813056K), 0.0012431 secs] [Times: user=0.00 sys=0.00, real=0.00 secs] 
2024-10-04T21:44:21.928+0300: 577.139: Total time for which application threads were stopped: 0.0015605 seconds, Stopping threads took: 0.0001771 seconds
2024-10-04T21:44:22.304+0300: 577.517: Application time: 0.3772446 seconds
2024-10-04T21:44:22.304+0300: 577.517: [GC (Allocation Failure) [PSYoungGen: 265356K->3456K(266752K)] 305847K->43954K(813056K), 0.0008489 secs] [Times: user=0.00 sys=0.00, real=0.00 secs] 
2024-10-04T21:44:22.304+0300: 577.518: Total time for which application threads were stopped: 0.0011821 seconds, Stopping threads took: 0.0002065 seconds
2024-10-04T21:44:22.681+0300: 577.883: Application time: 0.3651067 seconds
2024-10-04T21:44:22.681+0300: 577.883: [GC (Allocation Failure) [PSYoungGen: 263426K->5440K(266240K)] 303925K->45946K(812544K), 0.0012031 secs] [Times: user=0.00 sys=0.00, real=0.00 secs] 
2024-10-04T21:44:22.681+0300: 577.884: Total time for which application threads were stopped: 0.0014569 seconds, Stopping threads took: 0.0001348 seconds
2024-10-04T21:44:23.042+0300: 578.255: Application time: 0.3709576 seconds
2024-10-04T21:44:23.042+0300: 578.256: [GC (Allocation Failure) [PSYoungGen: 265419K->2400K(266240K)] 305926K->42922K(812544K), 0.0008665 secs] [Times: user=0.00 sys=0.00, real=0.00 secs] 
2024-10-04T21:44:23.042+0300: 578.257: Total time for which application threads were stopped: 0.0011482 seconds, Stopping threads took: 0.0001667 seconds
2024-10-04T21:44:23.419+0300: 578.628: Application time: 0.3713616 seconds
2024-10-04T21:44:23.419+0300: 578.628: [GC (Allocation Failure) [PSYoungGen: 261367K->3424K(266240K)] 301889K->43954K(812544K), 0.0010107 secs] [Times: user=0.00 sys=0.00, real=0.00 secs] 
2024-10-04T21:44:23.419+0300: 578.629: Total time for which application threads were stopped: 0.0013211 seconds, Stopping threads took: 0.0001671 seconds
2024-10-04T21:44:23.795+0300: 578.998: Application time: 0.3685138 seconds
2024-10-04T21:44:23.795+0300: 578.998: [GC (Allocation Failure) [PSYoungGen: 263008K->4448K(266240K)] 303538K->44986K(812544K), 0.0009156 secs] [Times: user=0.00 sys=0.00, real=0.00 secs] 
2024-10-04T21:44:23.795+0300: 578.999: Total time for which application threads were stopped: 0.0011955 seconds, Stopping threads took: 0.0001696 seconds
2024-10-04T21:44:24.163+0300: 579.368: Application time: 0.3694823 seconds
2024-10-04T21:44:24.163+0300: 579.369: [GC (Allocation Failure) [PSYoungGen: 263084K->5424K(266240K)] 303623K->45978K(812544K), 0.0012523 secs] [Times: user=0.00 sys=0.00, real=0.00 secs] 
2024-10-04T21:44:24.163+0300: 579.370: Total time for which application threads were stopped: 0.0017100 seconds, Stopping threads took: 0.0002806 seconds
2024-10-04T21:44:24.532+0300: 579.743: Application time: 0.3723631 seconds
2024-10-04T21:44:24.532+0300: 579.743: [GC (Allocation Failure) [PSYoungGen: 265008K->2368K(266240K)] 305562K->42970K(812544K), 0.0008847 secs] [Times: user=0.00 sys=0.00, real=0.00 secs] 
2024-10-04T21:44:24.532+0300: 579.744: Total time for which application threads were stopped: 0.0011656 seconds, Stopping threads took: 0.0001740 seconds
2024-10-04T21:44:24.909+0300: 580.111: Application time: 0.3676572 seconds
2024-10-04T21:44:24.909+0300: 580.112: [GC (Allocation Failure) [PSYoungGen: 261171K->3456K(266240K)] 301774K->44074K(812544K), 0.0007961 secs] [Times: user=0.00 sys=0.00, real=0.00 secs] 
2024-10-04T21:44:24.909+0300: 580.112: Total time for which application threads were stopped: 0.0010578 seconds, Stopping threads took: 0.0001186 seconds
2024-10-04T21:44:25.271+0300: 580.481: Application time: 0.3689681 seconds
2024-10-04T21:44:25.271+0300: 580.482: [GC (Allocation Failure) [PSYoungGen: 262563K->5392K(265216K)] 303181K->46066K(811520K), 0.0011905 secs] [Times: user=0.00 sys=0.00, real=0.00 secs] 
2024-10-04T21:44:25.271+0300: 580.483: Total time for which application threads were stopped: 0.0015950 seconds, Stopping threads took: 0.0002077 seconds
2024-10-04T21:44:25.647+0300: 580.849: Application time: 0.3657144 seconds
2024-10-04T21:44:25.647+0300: 580.849: [GC (Allocation Failure) [PSYoungGen: 263252K->5440K(265728K)] 303927K->46162K(812032K), 0.0011786 secs] [Times: user=0.00 sys=0.00, real=0.00 secs] 
2024-10-04T21:44:25.647+0300: 580.850: Total time for which application threads were stopped: 0.0014358 seconds, Stopping threads took: 0.0001298 seconds
2024-10-04T21:44:26.008+0300: 581.217: Application time: 0.3670867 seconds
2024-10-04T21:44:26.008+0300: 581.218: [GC (Allocation Failure) [PSYoungGen: 263978K->4480K(265728K)] 304701K->45210K(812032K), 0.0009441 secs] [Times: user=0.00 sys=0.00, real=0.00 secs] 
2024-10-04T21:44:26.008+0300: 581.219: Total time for which application threads were stopped: 0.0012994 seconds, Stopping threads took: 0.0002306 seconds
2024-10-04T21:44:26.385+0300: 581.589: Application time: 0.3705637 seconds
2024-10-04T21:44:26.385+0300: 581.589: [GC (Allocation Failure) [PSYoungGen: 262387K->5424K(265728K)] 303118K->46194K(812032K), 0.0011213 secs] [Times: user=0.00 sys=0.00, real=0.00 secs] 
2024-10-04T21:44:26.385+0300: 581.591: Total time for which application threads were stopped: 0.0014205 seconds, Stopping threads took: 0.0001560 seconds
2024-10-04T21:44:26.746+0300: 581.957: Application time: 0.3666779 seconds
2024-10-04T21:44:26.746+0300: 581.957: [GC (Allocation Failure) [PSYoungGen: 263984K->4448K(266240K)] 304754K->45226K(812544K), 0.0010569 secs] [Times: user=0.00 sys=0.00, real=0.00 secs] 
2024-10-04T21:44:26.746+0300: 581.959: Total time for which application threads were stopped: 0.0013494 seconds, Stopping threads took: 0.0001780 seconds
2024-10-04T21:44:27.122+0300: 582.330: Application time: 0.3712193 seconds
2024-10-04T21:44:27.122+0300: 582.330: [GC (Allocation Failure) [PSYoungGen: 263035K->3360K(265728K)] 303814K->44178K(812032K), 0.0010120 secs] [Times: user=0.00 sys=0.00, real=0.00 secs] 
2024-10-04T21:44:27.122+0300: 582.331: Total time for which application threads were stopped: 0.0013174 seconds, Stopping threads took: 0.0001420 seconds
2024-10-04T21:44:27.484+0300: 582.696: Application time: 0.3652138 seconds
2024-10-04T21:44:27.484+0300: 582.697: [GC (Allocation Failure) [PSYoungGen: 261454K->5440K(265216K)] 302273K->46283K(811520K), 0.0012731 secs] [Times: user=0.00 sys=0.00, real=0.00 secs] 
2024-10-04T21:44:27.484+0300: 582.698: Total time for which application threads were stopped: 0.0015762 seconds, Stopping threads took: 0.0001595 seconds
2024-10-04T21:44:27.860+0300: 583.065: Application time: 0.3667170 seconds
2024-10-04T21:44:27.860+0300: 583.065: [GC (Allocation Failure) [PSYoungGen: 263263K->3424K(265728K)] 304106K->44282K(812032K), 0.0008874 secs] [Times: user=0.00 sys=0.00, real=0.00 secs] 
2024-10-04T21:44:27.860+0300: 583.066: Total time for which application threads were stopped: 0.0011497 seconds, Stopping threads took: 0.0001437 seconds
2024-10-04T21:44:28.222+0300: 583.437: Application time: 0.3715883 seconds
2024-10-04T21:44:28.222+0300: 583.438: [GC (Allocation Failure) [PSYoungGen: 261224K->3360K(265728K)] 302083K->44259K(812032K), 0.0011318 secs] [Times: user=0.00 sys=0.02, real=0.02 secs] 
2024-10-04T21:44:28.237+0300: 583.439: Total time for which application threads were stopped: 0.0015426 seconds, Stopping threads took: 0.0002327 seconds
2024-10-04T21:44:28.598+0300: 583.808: Application time: 0.3695283 seconds
2024-10-04T21:44:28.598+0300: 583.809: [GC (Allocation Failure) [PSYoungGen: 261920K->3440K(265728K)] 302819K->44347K(812032K), 0.0009368 secs] [Times: user=0.00 sys=0.00, real=0.00 secs] 
2024-10-04T21:44:28.598+0300: 583.810: Total time for which application threads were stopped: 0.0012244 seconds, Stopping threads took: 0.0001827 seconds
2024-10-04T21:44:28.959+0300: 584.169: Application time: 0.3591868 seconds
2024-10-04T21:44:28.959+0300: 584.169: [GC (Allocation Failure) [PSYoungGen: 261117K->4464K(266240K)] 302023K->45379K(812544K), 0.0009919 secs] [Times: user=0.00 sys=0.00, real=0.00 secs] 
2024-10-04T21:44:28.959+0300: 584.170: Total time for which application threads were stopped: 0.0013430 seconds, Stopping threads took: 0.0001993 seconds
2024-10-04T21:44:29.335+0300: 584.542: Application time: 0.3722439 seconds
2024-10-04T21:44:29.335+0300: 584.543: [GC (Allocation Failure) [PSYoungGen: 263636K->5440K(265216K)] 304550K->46371K(811520K), 0.0013422 secs] [Times: user=0.00 sys=0.00, real=0.00 secs] 
2024-10-04T21:44:29.335+0300: 584.544: Total time for which application threads were stopped: 0.0017115 seconds, Stopping threads took: 0.0001971 seconds
2024-10-04T21:44:29.712+0300: 584.917: Application time: 0.3727540 seconds
2024-10-04T21:44:29.712+0300: 584.917: [GC (Allocation Failure) [PSYoungGen: 264050K->3392K(266240K)] 304981K->44330K(812544K), 0.0009452 secs] [Times: user=0.00 sys=0.00, real=0.00 secs] 
2024-10-04T21:44:29.712+0300: 584.918: Total time for which application threads were stopped: 0.0012452 seconds, Stopping threads took: 0.0001580 seconds
2024-10-04T21:44:30.075+0300: 585.281: Application time: 0.3629719 seconds
2024-10-04T21:44:30.075+0300: 585.281: [GC (Allocation Failure) [PSYoungGen: 262463K->4464K(265728K)] 303402K->45411K(812032K), 0.0010068 secs] [Times: user=0.00 sys=0.00, real=0.00 secs] 
2024-10-04T21:44:30.075+0300: 585.282: Total time for which application threads were stopped: 0.0013163 seconds, Stopping threads took: 0.0001808 seconds
2024-10-04T21:44:30.450+0300: 585.662: Application time: 0.3790590 seconds
2024-10-04T21:44:30.450+0300: 585.662: [GC (Allocation Failure) [PSYoungGen: 263536K->3440K(266240K)] 304483K->44395K(812544K), 0.0035184 secs] [Times: user=0.00 sys=0.00, real=0.00 secs] 
2024-10-04T21:44:30.450+0300: 585.665: Total time for which application threads were stopped: 0.0038223 seconds, Stopping threads took: 0.0001720 seconds
2024-10-04T21:44:30.827+0300: 586.029: Application time: 0.3639302 seconds
2024-10-04T21:44:30.827+0300: 586.029: [GC (Allocation Failure) [PSYoungGen: 262148K->4416K(266240K)] 303103K->45411K(812544K), 0.0009842 secs] [Times: user=0.00 sys=0.00, real=0.00 secs] 
2024-10-04T21:44:30.827+0300: 586.031: Total time for which application threads were stopped: 0.0012580 seconds, Stopping threads took: 0.0001501 seconds
2024-10-04T21:44:31.188+0300: 586.400: Application time: 0.3695783 seconds
2024-10-04T21:44:31.188+0300: 586.400: [GC (Allocation Failure) [PSYoungGen: 263760K->5376K(266240K)] 304755K->46387K(812544K), 0.0013719 secs] [Times: user=0.00 sys=0.00, real=0.00 secs] 
2024-10-04T21:44:31.188+0300: 586.402: Total time for which application threads were stopped: 0.0017603 seconds, Stopping threads took: 0.0001907 seconds
2024-10-04T21:44:31.565+0300: 586.771: Application time: 0.3688019 seconds
2024-10-04T21:44:31.565+0300: 586.771: [GC (Allocation Failure) [PSYoungGen: 263986K->5376K(266240K)] 304997K->46443K(812544K), 0.0012820 secs] [Times: user=0.00 sys=0.00, real=0.00 secs] 
2024-10-04T21:44:31.565+0300: 586.772: Total time for which application threads were stopped: 0.0015876 seconds, Stopping threads took: 0.0001264 seconds
2024-10-04T21:44:31.926+0300: 587.139: Application time: 0.3668844 seconds
2024-10-04T21:44:31.926+0300: 587.139: [GC (Allocation Failure) [PSYoungGen: 264407K->5408K(265216K)] 305474K->46523K(811520K), 0.0012253 secs] [Times: user=0.00 sys=0.00, real=0.00 secs] 
2024-10-04T21:44:31.926+0300: 587.141: Total time for which application threads were stopped: 0.0015345 seconds, Stopping threads took: 0.0001640 seconds
2024-10-04T21:44:32.303+0300: 587.515: Application time: 0.3740921 seconds
2024-10-04T21:44:32.303+0300: 587.515: [GC (Allocation Failure) [PSYoungGen: 263968K->4448K(265728K)] 305083K->45603K(812032K), 0.0011860 secs] [Times: user=0.00 sys=0.00, real=0.00 secs] 
2024-10-04T21:44:32.303+0300: 587.516: Total time for which application threads were stopped: 0.0015326 seconds, Stopping threads took: 0.0001397 seconds
2024-10-04T21:44:32.680+0300: 587.882: Application time: 0.3653698 seconds
2024-10-04T21:44:32.680+0300: 587.882: [GC (Allocation Failure) [PSYoungGen: 262123K->4464K(266240K)] 303278K->45627K(812544K), 0.0009650 secs] [Times: user=0.00 sys=0.00, real=0.00 secs] 
2024-10-04T21:44:32.680+0300: 587.883: Total time for which application threads were stopped: 0.0012419 seconds, Stopping threads took: 0.0001274 seconds
2024-10-04T21:44:33.040+0300: 588.251: Application time: 0.3678692 seconds
2024-10-04T21:44:33.040+0300: 588.251: [GC (Allocation Failure) [PSYoungGen: 263568K->4432K(266240K)] 304731K->45635K(812544K), 0.0009425 secs] [Times: user=0.00 sys=0.00, real=0.00 secs] 
2024-10-04T21:44:33.040+0300: 588.252: Total time for which application threads were stopped: 0.0012524 seconds, Stopping threads took: 0.0001791 seconds
2024-10-04T21:44:33.416+0300: 588.625: Application time: 0.3729641 seconds
2024-10-04T21:44:33.416+0300: 588.625: [GC (Allocation Failure) [PSYoungGen: 263907K->3440K(266240K)] 305110K->44651K(812544K), 0.0009734 secs] [Times: user=0.00 sys=0.00, real=0.00 secs] 
2024-10-04T21:44:33.416+0300: 588.626: Total time for which application threads were stopped: 0.0013109 seconds, Stopping threads took: 0.0002040 seconds
2024-10-04T21:44:33.783+0300: 588.993: Application time: 0.3664798 seconds
2024-10-04T21:44:33.783+0300: 588.993: [GC (Allocation Failure) [PSYoungGen: 262825K->5456K(266240K)] 304036K->46675K(812544K), 0.0011869 secs] [Times: user=0.00 sys=0.00, real=0.01 secs] 
2024-10-04T21:44:33.794+0300: 588.994: Total time for which application threads were stopped: 0.0015415 seconds, Stopping threads took: 0.0002148 seconds
2024-10-04T21:44:34.155+0300: 589.369: Application time: 0.3745017 seconds
2024-10-04T21:44:34.155+0300: 589.369: [GC (Allocation Failure) [PSYoungGen: 264220K->3440K(266240K)] 305439K->44667K(812544K), 0.0009495 secs] [Times: user=0.00 sys=0.00, real=0.00 secs] 
2024-10-04T21:44:34.155+0300: 589.370: Total time for which application threads were stopped: 0.0012804 seconds, Stopping threads took: 0.0001428 seconds
2024-10-04T21:44:34.531+0300: 589.737: Application time: 0.3672906 seconds
2024-10-04T21:44:34.531+0300: 589.738: [GC (Allocation Failure) [PSYoungGen: 263024K->4416K(266240K)] 304251K->45683K(812544K), 0.0010246 secs] [Times: user=0.00 sys=0.00, real=0.00 secs] 
2024-10-04T21:44:34.531+0300: 589.739: Total time for which application threads were stopped: 0.0012610 seconds, Stopping threads took: 0.0001030 seconds
2024-10-04T21:44:34.893+0300: 590.107: Application time: 0.3677992 seconds
2024-10-04T21:44:34.893+0300: 590.107: [GC (Allocation Failure) [PSYoungGen: 264000K->4480K(266752K)] 305267K->45755K(813056K), 0.0010503 secs] [Times: user=0.00 sys=0.00, real=0.00 secs] 
2024-10-04T21:44:34.893+0300: 590.108: Total time for which application threads were stopped: 0.0013901 seconds, Stopping threads took: 0.0002104 seconds
2024-10-04T21:44:35.269+0300: 590.482: Application time: 0.3737480 seconds
2024-10-04T21:44:35.269+0300: 590.482: [GC (Allocation Failure) [PSYoungGen: 264193K->4480K(266240K)] 305468K->45763K(812544K), 0.0009918 secs] [Times: user=0.00 sys=0.00, real=0.00 secs] 
2024-10-04T21:44:35.269+0300: 590.483: Total time for which application threads were stopped: 0.0013154 seconds, Stopping threads took: 0.0001992 seconds
2024-10-04T21:44:35.646+0300: 590.850: Application time: 0.3675162 seconds
2024-10-04T21:44:35.646+0300: 590.851: [GC (Allocation Failure) [PSYoungGen: 264557K->5440K(265728K)] 305840K->46739K(812032K), 0.0011184 secs] [Times: user=0.00 sys=0.00, real=0.00 secs] 
2024-10-04T21:44:35.646+0300: 590.852: Total time for which application threads were stopped: 0.0014253 seconds, Stopping threads took: 0.0001724 seconds
2024-10-04T21:44:36.022+0300: 591.224: Application time: 0.3721076 seconds
2024-10-04T21:44:36.022+0300: 591.224: [GC (Allocation Failure) [PSYoungGen: 265024K->4464K(266240K)] 306323K->45771K(812544K), 0.0009938 secs] [Times: user=0.00 sys=0.00, real=0.00 secs] 
2024-10-04T21:44:36.022+0300: 591.225: Total time for which application threads were stopped: 0.0012386 seconds, Stopping threads took: 0.0001307 seconds
2024-10-04T21:44:36.388+0300: 591.599: Application time: 0.3732680 seconds
2024-10-04T21:44:36.388+0300: 591.599: [GC (Allocation Failure) [PSYoungGen: 264048K->4464K(266752K)] 305355K->45779K(813056K), 0.0011638 secs] [Times: user=0.02 sys=0.00, real=0.01 secs] 
2024-10-04T21:44:36.399+0300: 591.600: Total time for which application threads were stopped: 0.0015142 seconds, Stopping threads took: 0.0001956 seconds
2024-10-04T21:44:36.760+0300: 591.968: Application time: 0.3681287 seconds
2024-10-04T21:44:36.760+0300: 591.968: [GC (Allocation Failure) [PSYoungGen: 264474K->5408K(266752K)] 305789K->46771K(813056K), 0.0011805 secs] [Times: user=0.00 sys=0.00, real=0.00 secs] 
2024-10-04T21:44:36.760+0300: 591.970: Total time for which application threads were stopped: 0.0014549 seconds, Stopping threads took: 0.0001310 seconds
2024-10-04T21:44:37.136+0300: 592.347: Application time: 0.3774713 seconds
2024-10-04T21:44:37.136+0300: 592.347: [GC (Allocation Failure) [PSYoungGen: 266016K->3408K(266752K)] 307379K->44779K(813056K), 0.0009184 secs] [Times: user=0.02 sys=0.00, real=0.00 secs] 
2024-10-04T21:44:37.136+0300: 592.348: Total time for which application threads were stopped: 0.0012310 seconds, Stopping threads took: 0.0001608 seconds
2024-10-04T21:44:37.513+0300: 592.716: Application time: 0.3676990 seconds
2024-10-04T21:44:37.513+0300: 592.716: [GC (Allocation Failure) [PSYoungGen: 263725K->5472K(266240K)] 305096K->46859K(812544K), 0.0012779 secs] [Times: user=0.00 sys=0.00, real=0.00 secs] 
2024-10-04T21:44:37.513+0300: 592.718: Total time for which application threads were stopped: 0.0015925 seconds, Stopping threads took: 0.0001718 seconds
2024-10-04T21:44:37.874+0300: 593.087: Application time: 0.3696354 seconds
2024-10-04T21:44:37.874+0300: 593.088: [GC (Allocation Failure) [PSYoungGen: 266080K->4480K(266240K)] 307467K->45875K(812544K), 0.0010331 secs] [Times: user=0.00 sys=0.00, real=0.00 secs] 
2024-10-04T21:44:37.874+0300: 593.089: Total time for which application threads were stopped: 0.0013616 seconds, Stopping threads took: 0.0002115 seconds
2024-10-04T21:44:38.251+0300: 593.460: Application time: 0.3716413 seconds
2024-10-04T21:44:38.251+0300: 593.461: [GC (Allocation Failure) [PSYoungGen: 263461K->5376K(266240K)] 304856K->46819K(812544K), 0.0012549 secs] [Times: user=0.00 sys=0.00, real=0.00 secs] 
2024-10-04T21:44:38.251+0300: 593.462: Total time for which application threads were stopped: 0.0015675 seconds, Stopping threads took: 0.0001734 seconds
2024-10-04T21:44:38.627+0300: 593.834: Application time: 0.3716490 seconds
2024-10-04T21:44:38.627+0300: 593.834: [GC (Allocation Failure) [PSYoungGen: 264960K->2384K(266240K)] 306403K->43835K(812544K), 0.0008519 secs] [Times: user=0.00 sys=0.00, real=0.00 secs] 
2024-10-04T21:44:38.627+0300: 593.835: Total time for which application threads were stopped: 0.0011293 seconds, Stopping threads took: 0.0001620 seconds
2024-10-04T21:44:38.993+0300: 594.195: Application time: 0.3599192 seconds
2024-10-04T21:44:38.993+0300: 594.195: [GC (Allocation Failure) [PSYoungGen: 261052K->5376K(265216K)] 302503K->46915K(811520K), 0.0012321 secs] [Times: user=0.00 sys=0.00, real=0.00 secs] 
2024-10-04T21:44:38.993+0300: 594.196: Total time for which application threads were stopped: 0.0015186 seconds, Stopping threads took: 0.0001454 seconds
2024-10-04T21:44:39.365+0300: 594.574: Application time: 0.3781281 seconds
2024-10-04T21:44:39.365+0300: 594.575: [GC (Allocation Failure) [PSYoungGen: 264644K->5408K(265728K)] 306183K->46987K(812032K), 0.0013680 secs] [Times: user=0.00 sys=0.00, real=0.00 secs] 
2024-10-04T21:44:39.365+0300: 594.576: Total time for which application threads were stopped: 0.0017676 seconds, Stopping threads took: 0.0002383 seconds
2024-10-04T21:44:39.726+0300: 594.941: Application time: 0.3647267 seconds
2024-10-04T21:44:39.726+0300: 594.941: [GC (Allocation Failure) [PSYoungGen: 263779K->5424K(265728K)] 305358K->47019K(812032K), 0.0035925 secs] [Times: user=0.02 sys=0.00, real=0.02 secs] 
2024-10-04T21:44:39.743+0300: 594.945: Total time for which application threads were stopped: 0.0039549 seconds, Stopping threads took: 0.0002031 seconds
2024-10-04T21:44:40.105+0300: 595.311: Application time: 0.3661710 seconds
2024-10-04T21:44:40.105+0300: 595.311: [GC (Allocation Failure) [PSYoungGen: 263509K->5408K(265728K)] 305104K->47011K(812032K), 0.0014051 secs] [Times: user=0.00 sys=0.00, real=0.00 secs] 
2024-10-04T21:44:40.105+0300: 595.313: Total time for which application threads were stopped: 0.0016965 seconds, Stopping threads took: 0.0001179 seconds
2024-10-04T21:44:40.481+0300: 595.686: Application time: 0.3734554 seconds
2024-10-04T21:44:40.481+0300: 595.686: [GC (Allocation Failure) [PSYoungGen: 263267K->3408K(265728K)] 304870K->45051K(812032K), 0.0010313 secs] [Times: user=0.00 sys=0.00, real=0.00 secs] 
2024-10-04T21:44:40.481+0300: 595.687: Total time for which application threads were stopped: 0.0013565 seconds, Stopping threads took: 0.0001718 seconds
2024-10-04T21:44:40.842+0300: 596.052: Application time: 0.3643166 seconds
2024-10-04T21:44:40.842+0300: 596.052: [GC (Allocation Failure) [PSYoungGen: 261267K->5440K(265728K)] 302910K->47091K(812032K), 0.0011867 secs] [Times: user=0.00 sys=0.00, real=0.00 secs] 
2024-10-04T21:44:40.842+0300: 596.053: Total time for which application threads were stopped: 0.0015151 seconds, Stopping threads took: 0.0001716 seconds
2024-10-04T21:44:41.219+0300: 596.427: Application time: 0.3737294 seconds
2024-10-04T21:44:41.219+0300: 596.427: [GC (Allocation Failure) [PSYoungGen: 264000K->3392K(265728K)] 305651K->45051K(812032K), 0.0010122 secs] [Times: user=0.00 sys=0.00, real=0.00 secs] 
2024-10-04T21:44:41.219+0300: 596.428: Total time for which application threads were stopped: 0.0013161 seconds, Stopping threads took: 0.0001452 seconds
2024-10-04T21:44:41.580+0300: 596.794: Application time: 0.3657523 seconds
2024-10-04T21:44:41.580+0300: 596.794: [GC (Allocation Failure) [PSYoungGen: 261229K->5456K(265728K)] 302889K->47123K(812032K), 0.0012272 secs] [Times: user=0.00 sys=0.00, real=0.00 secs] 
2024-10-04T21:44:41.580+0300: 596.796: Total time for which application threads were stopped: 0.0015554 seconds, Stopping threads took: 0.0001943 seconds
2024-10-04T21:44:41.957+0300: 597.160: Application time: 0.3643432 seconds
2024-10-04T21:44:41.957+0300: 597.160: [GC (Allocation Failure) [PSYoungGen: 263270K->5488K(265728K)] 304938K->47163K(812032K), 0.0011497 secs] [Times: user=0.00 sys=0.00, real=0.00 secs] 
2024-10-04T21:44:41.957+0300: 597.161: Total time for which application threads were stopped: 0.0014374 seconds, Stopping threads took: 0.0001685 seconds
2024-10-04T21:44:42.318+0300: 597.532: Application time: 0.3708011 seconds
2024-10-04T21:44:42.318+0300: 597.532: [GC (Allocation Failure) [PSYoungGen: 263322K->5456K(265728K)] 304998K->47139K(812032K), 0.0012871 secs] [Times: user=0.00 sys=0.00, real=0.00 secs] 
2024-10-04T21:44:42.318+0300: 597.534: Total time for which application threads were stopped: 0.0016207 seconds, Stopping threads took: 0.0002007 seconds
2024-10-04T21:44:42.694+0300: 597.901: Application time: 0.3673248 seconds
2024-10-04T21:44:42.694+0300: 597.901: [GC (Allocation Failure) [PSYoungGen: 264016K->4416K(265728K)] 305699K->46139K(812032K), 0.0010744 secs] [Times: user=0.00 sys=0.00, real=0.01 secs] 
2024-10-04T21:44:42.701+0300: 597.902: Total time for which application threads were stopped: 0.0013820 seconds, Stopping threads took: 0.0001715 seconds
2024-10-04T21:44:43.056+0300: 598.269: Application time: 0.3661334 seconds
2024-10-04T21:44:43.056+0300: 598.269: [GC (Allocation Failure) [PSYoungGen: 262289K->4464K(265728K)] 304012K->46195K(812032K), 0.0009763 secs] [Times: user=0.00 sys=0.00, real=0.00 secs] 
2024-10-04T21:44:43.056+0300: 598.270: Total time for which application threads were stopped: 0.0013071 seconds, Stopping threads took: 0.0002053 seconds
2024-10-04T21:44:43.432+0300: 598.639: Application time: 0.3688828 seconds
2024-10-04T21:44:43.432+0300: 598.639: [GC (Allocation Failure) [PSYoungGen: 262315K->5424K(265728K)] 304046K->47163K(812032K), 0.0012460 secs] [Times: user=0.00 sys=0.00, real=0.00 secs] 
2024-10-04T21:44:43.432+0300: 598.640: Total time for which application threads were stopped: 0.0016602 seconds, Stopping threads took: 0.0002489 seconds
2024-10-04T21:44:43.803+0300: 599.007: Application time: 0.3666606 seconds
2024-10-04T21:44:43.803+0300: 599.007: [GC (Allocation Failure) [PSYoungGen: 263984K->4464K(265728K)] 305723K->46211K(812032K), 0.0010895 secs] [Times: user=0.00 sys=0.00, real=0.00 secs] 
2024-10-04T21:44:43.803+0300: 599.009: Total time for which application threads were stopped: 0.0014286 seconds, Stopping threads took: 0.0001710 seconds
2024-10-04T21:44:44.170+0300: 599.383: Application time: 0.3741643 seconds
2024-10-04T21:44:44.170+0300: 599.383: [GC (Allocation Failure) [PSYoungGen: 262314K->3392K(265728K)] 304061K->45179K(812032K), 0.0009067 secs] [Times: user=0.00 sys=0.00, real=0.00 secs] 
2024-10-04T21:44:44.170+0300: 599.384: Total time for which application threads were stopped: 0.0013081 seconds, Stopping threads took: 0.0002489 seconds
2024-10-04T21:44:44.547+0300: 599.749: Application time: 0.3648756 seconds
2024-10-04T21:44:44.548+0300: 599.749: [GC (Allocation Failure) [PSYoungGen: 261064K->4496K(266240K)] 302851K->46291K(812544K), 0.0010544 secs] [Times: user=0.00 sys=0.00, real=0.00 secs] 
2024-10-04T21:44:44.548+0300: 599.750: Total time for which application threads were stopped: 0.0013130 seconds, Stopping threads took: 0.0001218 seconds
2024-10-04T21:44:44.906+0300: 600.116: Application time: 0.3654624 seconds
2024-10-04T21:44:44.906+0300: 600.116: [GC (Allocation Failure) [PSYoungGen: 263427K->5344K(265728K)] 305222K->47247K(812032K), 0.0012358 secs] [Times: user=0.00 sys=0.00, real=0.00 secs] 
2024-10-04T21:44:44.906+0300: 600.117: Total time for which application threads were stopped: 0.0016815 seconds, Stopping threads took: 0.0002528 seconds
2024-10-04T21:44:45.283+0300: 600.495: Application time: 0.3776264 seconds
2024-10-04T21:44:45.283+0300: 600.495: [GC (Allocation Failure) [PSYoungGen: 264323K->4448K(266240K)] 306227K->46359K(812544K), 0.0011305 secs] [Times: user=0.00 sys=0.00, real=0.00 secs] 
2024-10-04T21:44:45.283+0300: 600.496: Total time for which application threads were stopped: 0.0014374 seconds, Stopping threads took: 0.0001042 seconds
2024-10-04T21:44:45.659+0300: 600.861: Application time: 0.3649089 seconds
2024-10-04T21:44:45.659+0300: 600.862: [GC (Allocation Failure) [PSYoungGen: 263204K->4480K(266240K)] 305115K->46399K(812544K), 0.0011077 secs] [Times: user=0.00 sys=0.00, real=0.00 secs] 
2024-10-04T21:44:45.659+0300: 600.863: Total time for which application threads were stopped: 0.0013902 seconds, Stopping threads took: 0.0001333 seconds
2024-10-04T21:44:46.020+0300: 601.230: Application time: 0.3674274 seconds
2024-10-04T21:44:46.020+0300: 601.230: [GC (Allocation Failure) [PSYoungGen: 263496K->4464K(266240K)] 305415K->46391K(812544K), 0.0009836 secs] [Times: user=0.00 sys=0.00, real=0.00 secs] 
2024-10-04T21:44:46.020+0300: 601.231: Total time for which application threads were stopped: 0.0012546 seconds, Stopping threads took: 0.0001452 seconds
2024-10-04T21:44:46.396+0300: 601.607: Application time: 0.3759817 seconds
2024-10-04T21:44:46.396+0300: 601.608: [GC (Allocation Failure) [PSYoungGen: 264048K->3424K(266240K)] 305975K->45399K(812544K), 0.0009677 secs] [Times: user=0.00 sys=0.00, real=0.00 secs] 
2024-10-04T21:44:46.396+0300: 601.609: Total time for which application threads were stopped: 0.0013133 seconds, Stopping threads took: 0.0002303 seconds
2024-10-04T21:44:46.758+0300: 601.973: Application time: 0.3640698 seconds
2024-10-04T21:44:46.758+0300: 601.973: [GC (Allocation Failure) [PSYoungGen: 262558K->5440K(266240K)] 304534K->47423K(812544K), 0.0011923 secs] [Times: user=0.00 sys=0.00, real=0.02 secs] 
2024-10-04T21:44:46.774+0300: 601.974: Total time for which application threads were stopped: 0.0015151 seconds, Stopping threads took: 0.0001628 seconds
2024-10-04T21:44:47.134+0300: 602.350: Application time: 0.3753867 seconds
2024-10-04T21:44:47.134+0300: 602.350: [GC (Allocation Failure) [PSYoungGen: 264216K->5408K(266240K)] 306200K->47407K(812544K), 0.0012716 secs] [Times: user=0.01 sys=0.00, real=0.02 secs] 
2024-10-04T21:44:47.150+0300: 602.351: Total time for which application threads were stopped: 0.0016208 seconds, Stopping threads took: 0.0001940 seconds
2024-10-04T21:44:47.511+0300: 602.715: Application time: 0.3632193 seconds
2024-10-04T21:44:47.511+0300: 602.715: [GC (Allocation Failure) [PSYoungGen: 264398K->5456K(266240K)] 306397K->47463K(812544K), 0.0011446 secs] [Times: user=0.00 sys=0.00, real=0.00 secs] 
2024-10-04T21:44:47.511+0300: 602.716: Total time for which application threads were stopped: 0.0014491 seconds, Stopping threads took: 0.0001711 seconds
2024-10-04T21:44:47.872+0300: 603.085: Application time: 0.3693335 seconds
2024-10-04T21:44:47.872+0300: 603.086: [GC (Allocation Failure) [PSYoungGen: 264406K->4480K(266240K)] 306413K->46495K(812544K), 0.0011763 secs] [Times: user=0.00 sys=0.00, real=0.00 secs] 
2024-10-04T21:44:47.872+0300: 603.087: Total time for which application threads were stopped: 0.0015549 seconds, Stopping threads took: 0.0002392 seconds
2024-10-04T21:44:48.249+0300: 603.459: Application time: 0.3725017 seconds
2024-10-04T21:44:48.249+0300: 603.460: [GC (Allocation Failure) [PSYoungGen: 263248K->4448K(266240K)] 305264K->46471K(812544K), 0.0011804 secs] [Times: user=0.00 sys=0.00, real=0.00 secs] 
2024-10-04T21:44:48.249+0300: 603.461: Total time for which application threads were stopped: 0.0015449 seconds, Stopping threads took: 0.0001865 seconds
2024-10-04T21:44:48.625+0300: 603.827: Application time: 0.3664199 seconds
2024-10-04T21:44:48.625+0300: 603.828: [GC (Allocation Failure) [PSYoungGen: 263532K->4464K(266240K)] 305556K->46495K(812544K), 0.0011034 secs] [Times: user=0.00 sys=0.00, real=0.00 secs] 
2024-10-04T21:44:48.625+0300: 603.829: Total time for which application threads were stopped: 0.0014220 seconds, Stopping threads took: 0.0001901 seconds
2024-10-04T21:44:48.986+0300: 604.198: Application time: 0.3689838 seconds
2024-10-04T21:44:48.986+0300: 604.198: [GC (Allocation Failure) [PSYoungGen: 264048K->5440K(266240K)] 306079K->47519K(812544K), 0.0010659 secs] [Times: user=0.00 sys=0.00, real=0.00 secs] 
2024-10-04T21:44:48.986+0300: 604.199: Total time for which application threads were stopped: 0.0013122 seconds, Stopping threads took: 0.0001250 seconds
2024-10-04T21:44:49.363+0300: 604.571: Application time: 0.3716617 seconds
2024-10-04T21:44:49.363+0300: 604.571: [GC (Allocation Failure) [PSYoungGen: 264427K->5408K(266240K)] 306507K->47495K(812544K), 0.0013645 secs] [Times: user=0.00 sys=0.00, real=0.00 secs] 
2024-10-04T21:44:49.363+0300: 604.572: Total time for which application threads were stopped: 0.0017101 seconds, Stopping threads took: 0.0001751 seconds
2024-10-04T21:44:49.739+0300: 604.943: Application time: 0.3707023 seconds
2024-10-04T21:44:49.739+0300: 604.943: [GC (Allocation Failure) [PSYoungGen: 264326K->3424K(266240K)] 306413K->45527K(812544K), 0.0008319 secs] [Times: user=0.00 sys=0.00, real=0.00 secs] 
2024-10-04T21:44:49.739+0300: 604.944: Total time for which application threads were stopped: 0.0011208 seconds, Stopping threads took: 0.0001801 seconds
2024-10-04T21:44:50.100+0300: 605.312: Application time: 0.3675039 seconds
2024-10-04T21:44:50.100+0300: 605.312: [GC (Allocation Failure) [PSYoungGen: 263008K->4448K(266240K)] 305111K->46559K(812544K), 0.0010653 secs] [Times: user=0.00 sys=0.00, real=0.00 secs] 
2024-10-04T21:44:50.100+0300: 605.313: Total time for which application threads were stopped: 0.0013594 seconds, Stopping threads took: 0.0001773 seconds
2024-10-04T21:44:50.477+0300: 605.683: Application time: 0.3695761 seconds
2024-10-04T21:44:50.477+0300: 605.683: [GC (Allocation Failure) [PSYoungGen: 263360K->5424K(266240K)] 305472K->47559K(812544K), 0.0012549 secs] [Times: user=0.00 sys=0.00, real=0.00 secs] 
2024-10-04T21:44:50.477+0300: 605.684: Total time for which application threads were stopped: 0.0015456 seconds, Stopping threads took: 0.0001440 seconds
2024-10-04T21:44:50.854+0300: 606.055: Application time: 0.3710269 seconds
2024-10-04T21:44:50.854+0300: 606.056: [GC (Allocation Failure) [PSYoungGen: 264347K->3328K(266240K)] 306482K->45543K(812544K), 0.0009001 secs] [Times: user=0.00 sys=0.00, real=0.00 secs] 
2024-10-04T21:44:50.854+0300: 606.057: Total time for which application threads were stopped: 0.0012186 seconds, Stopping threads took: 0.0001800 seconds
2024-10-04T21:44:51.219+0300: 606.428: Application time: 0.3713773 seconds
2024-10-04T21:44:51.219+0300: 606.428: [GC (Allocation Failure) [PSYoungGen: 262284K->5360K(266240K)] 304500K->47659K(812544K), 0.0012140 secs] [Times: user=0.00 sys=0.00, real=0.00 secs] 
2024-10-04T21:44:51.219+0300: 606.430: Total time for which application threads were stopped: 0.0015597 seconds, Stopping threads took: 0.0002030 seconds
2024-10-04T21:44:51.591+0300: 606.795: Application time: 0.3655703 seconds
2024-10-04T21:44:51.591+0300: 606.795: [GC (Allocation Failure) [PSYoungGen: 264217K->4448K(266240K)] 306517K->46755K(812544K), 0.0010773 secs] [Times: user=0.00 sys=0.00, real=0.00 secs] 
2024-10-04T21:44:51.591+0300: 606.796: Total time for which application threads were stopped: 0.0013780 seconds, Stopping threads took: 0.0001772 seconds
2024-10-04T21:44:51.952+0300: 607.165: Application time: 0.3680455 seconds
2024-10-04T21:44:51.952+0300: 607.165: [GC (Allocation Failure) [PSYoungGen: 263458K->4448K(266240K)] 305766K->46763K(812544K), 0.0010708 secs] [Times: user=0.00 sys=0.00, real=0.00 secs] 
2024-10-04T21:44:51.952+0300: 607.166: Total time for which application threads were stopped: 0.0013596 seconds, Stopping threads took: 0.0001655 seconds
2024-10-04T21:44:52.328+0300: 607.542: Application time: 0.3763089 seconds
2024-10-04T21:44:52.328+0300: 607.542: [GC (Allocation Failure) [PSYoungGen: 264032K->3376K(266240K)] 306347K->45739K(812544K), 0.0008760 secs] [Times: user=0.00 sys=0.00, real=0.00 secs] 
2024-10-04T21:44:52.328+0300: 607.543: Total time for which application threads were stopped: 0.0012329 seconds, Stopping threads took: 0.0002188 seconds
2024-10-04T21:44:52.705+0300: 607.909: Application time: 0.3656162 seconds
2024-10-04T21:44:52.705+0300: 607.909: [GC (Allocation Failure) [PSYoungGen: 262421K->4448K(266240K)] 304785K->46819K(812544K), 0.0010076 secs] [Times: user=0.00 sys=0.00, real=0.00 secs] 
2024-10-04T21:44:52.705+0300: 607.910: Total time for which application threads were stopped: 0.0013378 seconds, Stopping threads took: 0.0001609 seconds
2024-10-04T21:44:53.066+0300: 608.277: Application time: 0.3670491 seconds
2024-10-04T21:44:53.066+0300: 608.278: [GC (Allocation Failure) [PSYoungGen: 263388K->3392K(266240K)] 305759K->45771K(812544K), 0.0008599 secs] [Times: user=0.00 sys=0.00, real=0.00 secs] 
2024-10-04T21:44:53.066+0300: 608.279: Total time for which application threads were stopped: 0.0011358 seconds, Stopping threads took: 0.0001602 seconds
2024-10-04T21:44:53.443+0300: 608.650: Application time: 0.3712569 seconds
2024-10-04T21:44:53.443+0300: 608.650: [GC (Allocation Failure) [PSYoungGen: 262193K->5408K(266240K)] 304573K->47803K(812544K), 0.0011915 secs] [Times: user=0.00 sys=0.00, real=0.00 secs] 
2024-10-04T21:44:53.443+0300: 608.651: Total time for which application threads were stopped: 0.0014908 seconds, Stopping threads took: 0.0001542 seconds
2024-10-04T21:44:53.819+0300: 609.021: Application time: 0.3701411 seconds
2024-10-04T21:44:53.819+0300: 609.022: [GC (Allocation Failure) [PSYoungGen: 264420K->3408K(266240K)] 306816K->45811K(812544K), 0.0008316 secs] [Times: user=0.00 sys=0.00, real=0.00 secs] 
2024-10-04T21:44:53.819+0300: 609.023: Total time for which application threads were stopped: 0.0011108 seconds, Stopping threads took: 0.0001542 seconds
2024-10-04T21:44:54.180+0300: 609.394: Application time: 0.3717236 seconds
2024-10-04T21:44:54.180+0300: 609.395: [GC (Allocation Failure) [PSYoungGen: 261999K->4480K(266240K)] 304403K->46891K(812544K), 0.0009893 secs] [Times: user=0.00 sys=0.00, real=0.00 secs] 
2024-10-04T21:44:54.180+0300: 609.396: Total time for which application threads were stopped: 0.0013188 seconds, Stopping threads took: 0.0001727 seconds
2024-10-04T21:44:54.557+0300: 609.760: Application time: 0.3639232 seconds
2024-10-04T21:44:54.557+0300: 609.760: [GC (Allocation Failure) [PSYoungGen: 263648K->5440K(266240K)] 306060K->47867K(812544K), 0.0011792 secs] [Times: user=0.00 sys=0.00, real=0.00 secs] 
2024-10-04T21:44:54.557+0300: 609.761: Total time for which application threads were stopped: 0.0014971 seconds, Stopping threads took: 0.0001727 seconds
2024-10-04T21:44:54.927+0300: 610.128: Application time: 0.3674482 seconds
2024-10-04T21:44:54.927+0300: 610.129: [GC (Allocation Failure) [PSYoungGen: 264209K->5440K(266240K)] 306636K->47875K(812544K), 0.0013051 secs] [Times: user=0.00 sys=0.00, real=0.00 secs] 
2024-10-04T21:44:54.927+0300: 610.130: Total time for which application threads were stopped: 0.0016515 seconds, Stopping threads took: 0.0001810 seconds
2024-10-04T21:44:55.294+0300: 610.507: Application time: 0.3768694 seconds
2024-10-04T21:44:55.294+0300: 610.507: [GC (Allocation Failure) [PSYoungGen: 265024K->4448K(266240K)] 307459K->46891K(812544K), 0.0011043 secs] [Times: user=0.00 sys=0.00, real=0.00 secs] 
2024-10-04T21:44:55.294+0300: 610.508: Total time for which application threads were stopped: 0.0014481 seconds, Stopping threads took: 0.0001910 seconds
2024-10-04T21:44:55.672+0300: 610.877: Application time: 0.3689288 seconds
2024-10-04T21:44:55.672+0300: 610.878: [GC (Allocation Failure) [PSYoungGen: 264032K->3440K(266240K)] 306475K->45891K(812544K), 0.0009162 secs] [Times: user=0.00 sys=0.00, real=0.00 secs] 
2024-10-04T21:44:55.672+0300: 610.879: Total time for which application threads were stopped: 0.0012537 seconds, Stopping threads took: 0.0001989 seconds
2024-10-04T21:44:56.033+0300: 611.244: Application time: 0.3653668 seconds
2024-10-04T21:44:56.033+0300: 611.244: [GC (Allocation Failure) [PSYoungGen: 262339K->5408K(266240K)] 304791K->47915K(812544K), 0.0014400 secs] [Times: user=0.00 sys=0.00, real=0.00 secs] 
2024-10-04T21:44:56.033+0300: 611.246: Total time for which application threads were stopped: 0.0017560 seconds, Stopping threads took: 0.0001708 seconds
2024-10-04T21:44:56.409+0300: 611.620: Application time: 0.3739420 seconds
2024-10-04T21:44:56.409+0300: 611.620: [GC (Allocation Failure) [PSYoungGen: 264992K->4416K(266240K)] 307499K->46931K(812544K), 0.0010095 secs] [Times: user=0.00 sys=0.00, real=0.00 secs] 
2024-10-04T21:44:56.409+0300: 611.621: Total time for which application threads were stopped: 0.0013196 seconds, Stopping threads took: 0.0001832 seconds
2024-10-04T21:44:56.786+0300: 611.987: Application time: 0.3660306 seconds
2024-10-04T21:44:56.786+0300: 611.987: [GC (Allocation Failure) [PSYoungGen: 263378K->4416K(266240K)] 305893K->46971K(812544K), 0.0009849 secs] [Times: user=0.00 sys=0.00, real=0.00 secs] 
2024-10-04T21:44:56.786+0300: 611.988: Total time for which application threads were stopped: 0.0012786 seconds, Stopping threads took: 0.0001597 seconds
2024-10-04T21:44:57.163+0300: 612.364: Application time: 0.3753219 seconds
2024-10-04T21:44:57.163+0300: 612.364: [GC (Allocation Failure) [PSYoungGen: 263253K->2336K(266240K)] 305809K->44931K(812544K), 0.0007617 secs] [Times: user=0.00 sys=0.00, real=0.00 secs] 
2024-10-04T21:44:57.163+0300: 612.365: Total time for which application threads were stopped: 0.0010299 seconds, Stopping threads took: 0.0001424 seconds
2024-10-04T21:44:57.524+0300: 612.728: Application time: 0.3630519 seconds
2024-10-04T21:44:57.524+0300: 612.728: [GC (Allocation Failure) [PSYoungGen: 261307K->5376K(266240K)] 303903K->48011K(812544K), 0.0012051 secs] [Times: user=0.00 sys=0.00, real=0.00 secs] 
2024-10-04T21:44:57.524+0300: 612.729: Total time for which application threads were stopped: 0.0014767 seconds, Stopping threads took: 0.0001428 seconds
2024-10-04T21:44:57.885+0300: 613.097: Application time: 0.3678628 seconds
2024-10-04T21:44:57.885+0300: 613.097: [GC (Allocation Failure) [PSYoungGen: 264355K->4416K(266240K)] 306990K->47083K(812544K), 0.0010053 secs] [Times: user=0.00 sys=0.00, real=0.00 secs] 
2024-10-04T21:44:57.885+0300: 613.098: Total time for which application threads were stopped: 0.0013061 seconds, Stopping threads took: 0.0001679 seconds
2024-10-04T21:44:58.262+0300: 613.474: Application time: 0.3751739 seconds
2024-10-04T21:44:58.262+0300: 613.474: [GC (Allocation Failure) [PSYoungGen: 263286K->4448K(266240K)] 305954K->47155K(812544K), 0.0010513 secs] [Times: user=0.00 sys=0.00, real=0.00 secs] 
2024-10-04T21:44:58.262+0300: 613.475: Total time for which application threads were stopped: 0.0014352 seconds, Stopping threads took: 0.0001975 seconds
2024-10-04T21:44:58.639+0300: 613.840: Application time: 0.3646550 seconds
2024-10-04T21:44:58.639+0300: 613.840: [GC (Allocation Failure) [PSYoungGen: 263406K->4464K(266752K)] 306114K->47179K(813056K), 0.0010512 secs] [Times: user=0.00 sys=0.00, real=0.00 secs] 
2024-10-04T21:44:58.639+0300: 613.841: Total time for which application threads were stopped: 0.0013503 seconds, Stopping threads took: 0.0001695 seconds
2024-10-04T21:44:59.000+0300: 614.208: Application time: 0.3672898 seconds
2024-10-04T21:44:59.000+0300: 614.209: [GC (Allocation Failure) [PSYoungGen: 264330K->5440K(266240K)] 307046K->48172K(812544K), 0.0011347 secs] [Times: user=0.00 sys=0.00, real=0.00 secs] 
2024-10-04T21:44:59.000+0300: 614.210: Total time for which application threads were stopped: 0.0014209 seconds, Stopping threads took: 0.0001518 seconds
2024-10-04T21:44:59.377+0300: 614.582: Application time: 0.3725268 seconds
2024-10-04T21:44:59.377+0300: 614.583: [GC (Allocation Failure) [PSYoungGen: 265472K->4448K(266752K)] 308204K->47187K(813056K), 0.0011211 secs] [Times: user=0.00 sys=0.00, real=0.00 secs] 
2024-10-04T21:44:59.377+0300: 614.584: Total time for which application threads were stopped: 0.0015870 seconds, Stopping threads took: 0.0002776 seconds
2024-10-04T21:44:59.753+0300: 614.955: Application time: 0.3712589 seconds
2024-10-04T21:44:59.753+0300: 614.955: [GC (Allocation Failure) [PSYoungGen: 264283K->4448K(266240K)] 307023K->47196K(812544K), 0.0010461 secs] [Times: user=0.00 sys=0.00, real=0.00 secs] 
2024-10-04T21:44:59.753+0300: 614.956: Total time for which application threads were stopped: 0.0013372 seconds, Stopping threads took: 0.0001572 seconds
2024-10-04T21:45:00.130+0300: 615.335: Application time: 0.3785485 seconds
2024-10-04T21:45:00.130+0300: 615.335: [GC (Allocation Failure) [PSYoungGen: 264269K->4416K(266752K)] 307017K->47172K(813056K), 0.0010892 secs] [Times: user=0.00 sys=0.00, real=0.00 secs] 
2024-10-04T21:45:00.130+0300: 615.336: Total time for which application threads were stopped: 0.0013864 seconds, Stopping threads took: 0.0001373 seconds
2024-10-04T21:45:00.506+0300: 615.707: Application time: 0.3707238 seconds
2024-10-04T21:45:00.506+0300: 615.707: [GC (Allocation Failure) [PSYoungGen: 265024K->4448K(266752K)] 307780K->47211K(813056K), 0.0010584 secs] [Times: user=0.00 sys=0.00, real=0.00 secs] 
2024-10-04T21:45:00.506+0300: 615.709: Total time for which application threads were stopped: 0.0014267 seconds, Stopping threads took: 0.0002029 seconds
2024-10-04T21:45:00.867+0300: 616.080: Application time: 0.3715894 seconds
2024-10-04T21:45:00.867+0300: 616.080: [GC (Allocation Failure) [PSYoungGen: 264358K->3440K(266752K)] 307122K->46212K(813056K), 0.0009690 secs] [Times: user=0.00 sys=0.00, real=0.00 secs] 
2024-10-04T21:45:00.867+0300: 616.081: Total time for which application threads were stopped: 0.0012593 seconds, Stopping threads took: 0.0001619 seconds
2024-10-04T21:45:01.243+0300: 616.455: Application time: 0.3735405 seconds
2024-10-04T21:45:01.243+0300: 616.455: [GC (Allocation Failure) [PSYoungGen: 263507K->4448K(266752K)] 306279K->47228K(813056K), 0.0010384 secs] [Times: user=0.00 sys=0.00, real=0.00 secs] 
2024-10-04T21:45:01.243+0300: 616.456: Total time for which application threads were stopped: 0.0013231 seconds, Stopping threads took: 0.0001513 seconds
2024-10-04T21:45:01.620+0300: 616.826: Application time: 0.3694790 seconds
2024-10-04T21:45:01.620+0300: 616.826: [GC (Allocation Failure) [PSYoungGen: 265056K->3440K(266752K)] 307836K->46228K(813056K), 0.0010391 secs] [Times: user=0.00 sys=0.00, real=0.00 secs] 
2024-10-04T21:45:01.620+0300: 616.827: Total time for which application threads were stopped: 0.0013355 seconds, Stopping threads took: 0.0001382 seconds
2024-10-04T21:45:01.981+0300: 617.197: Application time: 0.3694912 seconds
2024-10-04T21:45:01.981+0300: 617.197: [GC (Allocation Failure) [PSYoungGen: 263556K->4464K(266752K)] 306343K->47259K(813056K), 0.0011686 secs] [Times: user=0.02 sys=0.00, real=0.02 secs] 
2024-10-04T21:45:01.997+0300: 617.198: Total time for which application threads were stopped: 0.0014870 seconds, Stopping threads took: 0.0001721 seconds
2024-10-04T21:45:02.358+0300: 617.572: Application time: 0.3739549 seconds
2024-10-04T21:45:02.358+0300: 617.572: [GC (Allocation Failure) [PSYoungGen: 264344K->5424K(266240K)] 307140K->48236K(812544K), 0.0013244 secs] [Times: user=0.00 sys=0.00, real=0.00 secs] 
2024-10-04T21:45:02.358+0300: 617.574: Total time for which application threads were stopped: 0.0017761 seconds, Stopping threads took: 0.0002660 seconds
2024-10-04T21:45:02.735+0300: 617.943: Application time: 0.3688970 seconds
2024-10-04T21:45:02.742+0300: 617.943: [GC (Allocation Failure) [PSYoungGen: 265515K->4416K(266752K)] 308327K->47236K(813056K), 0.0010929 secs] [Times: user=0.00 sys=0.00, real=0.00 secs] 
2024-10-04T21:45:02.742+0300: 617.944: Total time for which application threads were stopped: 0.0013921 seconds, Stopping threads took: 0.0001518 seconds
2024-10-04T21:45:03.096+0300: 618.312: Application time: 0.3676195 seconds
2024-10-04T21:45:03.111+0300: 618.312: [GC (Allocation Failure) [PSYoungGen: 264285K->4416K(267264K)] 307105K->47284K(813568K), 0.0011715 secs] [Times: user=0.00 sys=0.00, real=0.00 secs] 
2024-10-04T21:45:03.111+0300: 618.313: Total time for which application threads were stopped: 0.0014766 seconds, Stopping threads took: 0.0001554 seconds
2024-10-04T21:45:03.472+0300: 618.688: Application time: 0.3750838 seconds
2024-10-04T21:45:03.488+0300: 618.689: [GC (Allocation Failure) [PSYoungGen: 264714K->5376K(266752K)] 307582K->48328K(813056K), 0.0013998 secs] [Times: user=0.00 sys=0.00, real=0.00 secs] 
2024-10-04T21:45:03.488+0300: 618.690: Total time for which application threads were stopped: 0.0019338 seconds, Stopping threads took: 0.0002953 seconds
2024-10-04T21:45:03.850+0300: 619.059: Application time: 0.3682613 seconds
2024-10-04T21:45:03.850+0300: 619.059: [GC (Allocation Failure) [PSYoungGen: 266345K->5472K(266752K)] 309297K->48440K(813056K), 0.0012600 secs] [Times: user=0.00 sys=0.00, real=0.00 secs] 
2024-10-04T21:45:03.850+0300: 619.060: Total time for which application threads were stopped: 0.0015701 seconds, Stopping threads took: 0.0001522 seconds
2024-10-04T21:45:04.226+0300: 619.434: Application time: 0.3738308 seconds
2024-10-04T21:45:04.226+0300: 619.434: [GC (Allocation Failure) [PSYoungGen: 266080K->5344K(266240K)] 309048K->48400K(812544K), 0.0012086 secs] [Times: user=0.00 sys=0.00, real=0.00 secs] 
2024-10-04T21:45:04.226+0300: 619.436: Total time for which application threads were stopped: 0.0016222 seconds, Stopping threads took: 0.0002334 seconds
2024-10-04T21:45:04.602+0300: 619.805: Application time: 0.3694703 seconds
2024-10-04T21:45:04.602+0300: 619.805: [GC (Allocation Failure) [PSYoungGen: 265305K->5408K(266240K)] 308361K->48512K(812544K), 0.0011854 secs] [Times: user=0.00 sys=0.00, real=0.00 secs] 
2024-10-04T21:45:04.602+0300: 619.807: Total time for which application threads were stopped: 0.0015093 seconds, Stopping threads took: 0.0001879 seconds
2024-10-04T21:45:04.964+0300: 620.174: Application time: 0.3670573 seconds
2024-10-04T21:45:04.964+0300: 620.174: [GC (Allocation Failure) [PSYoungGen: 264992K->4496K(266240K)] 308096K->47608K(812544K), 0.0009344 secs] [Times: user=0.00 sys=0.00, real=0.00 secs] 
2024-10-04T21:45:04.964+0300: 620.175: Total time for which application threads were stopped: 0.0012344 seconds, Stopping threads took: 0.0001620 seconds
2024-10-04T21:45:05.348+0300: 620.552: Application time: 0.3767741 seconds
2024-10-04T21:45:05.348+0300: 620.552: [GC (Allocation Failure) [PSYoungGen: 264080K->3392K(266240K)] 307192K->46512K(812544K), 0.0008970 secs] [Times: user=0.00 sys=0.00, real=0.00 secs] 
2024-10-04T21:45:05.348+0300: 620.553: Total time for which application threads were stopped: 0.0012147 seconds, Stopping threads took: 0.0001110 seconds
2024-10-04T21:45:05.717+0300: 620.919: Application time: 0.3658124 seconds
2024-10-04T21:45:05.717+0300: 620.919: [GC (Allocation Failure) [PSYoungGen: 262156K->4448K(266240K)] 305276K->47576K(812544K), 0.0011051 secs] [Times: user=0.00 sys=0.00, real=0.00 secs] 
2024-10-04T21:45:05.717+0300: 620.920: Total time for which application threads were stopped: 0.0013854 seconds, Stopping threads took: 0.0001493 seconds
2024-10-04T21:45:06.078+0300: 621.283: Application time: 0.3634616 seconds
2024-10-04T21:45:06.078+0300: 621.284: [GC (Allocation Failure) [PSYoungGen: 263375K->4448K(266752K)] 306503K->47584K(813056K), 0.0009372 secs] [Times: user=0.00 sys=0.00, real=0.00 secs] 
2024-10-04T21:45:06.078+0300: 621.285: Total time for which application threads were stopped: 0.0012396 seconds, Stopping threads took: 0.0001662 seconds
2024-10-04T21:45:06.455+0300: 621.661: Application time: 0.3762679 seconds
2024-10-04T21:45:06.455+0300: 621.661: [GC (Allocation Failure) [PSYoungGen: 264364K->5440K(266240K)] 307500K->48584K(812544K), 0.0011289 secs] [Times: user=0.00 sys=0.00, real=0.00 secs] 
2024-10-04T21:45:06.455+0300: 621.663: Total time for which application threads were stopped: 0.0014997 seconds, Stopping threads took: 0.0002225 seconds
2024-10-04T21:45:06.815+0300: 622.029: Application time: 0.3667492 seconds
2024-10-04T21:45:06.815+0300: 622.030: [GC (Allocation Failure) [PSYoungGen: 265343K->5408K(266240K)] 308487K->48560K(812544K), 0.0012163 secs] [Times: user=0.00 sys=0.00, real=0.00 secs] 
2024-10-04T21:45:06.815+0300: 622.031: Total time for which application threads were stopped: 0.0015338 seconds, Stopping threads took: 0.0001821 seconds
2024-10-04T21:45:07.192+0300: 622.405: Application time: 0.3741583 seconds
2024-10-04T21:45:07.192+0300: 622.405: [GC (Allocation Failure) [PSYoungGen: 264162K->3440K(266240K)] 307314K->46600K(812544K), 0.0008218 secs] [Times: user=0.00 sys=0.00, real=0.00 secs] 
2024-10-04T21:45:07.192+0300: 622.406: Total time for which application threads were stopped: 0.0010918 seconds, Stopping threads took: 0.0001420 seconds
2024-10-04T21:45:07.569+0300: 622.775: Application time: 0.3685913 seconds
2024-10-04T21:45:07.569+0300: 622.775: [GC (Allocation Failure) [PSYoungGen: 263024K->4448K(266240K)] 306184K->47616K(812544K), 0.0009971 secs] [Times: user=0.00 sys=0.00, real=0.00 secs] 
2024-10-04T21:45:07.569+0300: 622.776: Total time for which application threads were stopped: 0.0012973 seconds, Stopping threads took: 0.0001622 seconds
2024-10-04T21:45:07.930+0300: 623.144: Application time: 0.3682396 seconds
2024-10-04T21:45:07.930+0300: 623.144: [GC (Allocation Failure) [PSYoungGen: 264032K->3408K(266240K)] 307200K->46584K(812544K), 0.0009222 secs] [Times: user=0.00 sys=0.00, real=0.00 secs] 
2024-10-04T21:45:07.930+0300: 623.145: Total time for which application threads were stopped: 0.0012229 seconds, Stopping threads took: 0.0001789 seconds
2024-10-04T21:45:08.307+0300: 623.522: Application time: 0.3761387 seconds
2024-10-04T21:45:08.307+0300: 623.522: [GC (Allocation Failure) [PSYoungGen: 262415K->4464K(266752K)] 305591K->47648K(813056K), 0.0010998 secs] [Times: user=0.00 sys=0.00, real=0.00 secs] 
2024-10-04T21:45:08.307+0300: 623.523: Total time for which application threads were stopped: 0.0015265 seconds, Stopping threads took: 0.0002455 seconds
2024-10-04T21:45:08.684+0300: 623.898: Application time: 0.3746071 seconds
2024-10-04T21:45:08.684+0300: 623.898: [GC (Allocation Failure) [PSYoungGen: 264284K->4448K(266240K)] 307468K->47640K(812544K), 0.0010781 secs] [Times: user=0.00 sys=0.00, real=0.00 secs] 
2024-10-04T21:45:08.684+0300: 623.899: Total time for which application threads were stopped: 0.0013977 seconds, Stopping threads took: 0.0001573 seconds
2024-10-04T21:45:09.061+0300: 624.270: Application time: 0.3704364 seconds
2024-10-04T21:45:09.061+0300: 624.270: [GC (Allocation Failure) [PSYoungGen: 264538K->4416K(266752K)] 307730K->47648K(813056K), 0.0010337 secs] [Times: user=0.02 sys=0.00, real=0.00 secs] 
2024-10-04T21:45:09.061+0300: 624.271: Total time for which application threads were stopped: 0.0013815 seconds, Stopping threads took: 0.0001706 seconds
2024-10-04T21:45:09.453+0300: 624.656: Application time: 0.3853994 seconds
2024-10-04T21:45:09.453+0300: 624.657: [GC (Allocation Failure) [PSYoungGen: 264349K->5408K(266752K)] 307581K->48696K(813056K), 0.0013838 secs] [Times: user=0.00 sys=0.00, real=0.00 secs] 
2024-10-04T21:45:09.456+0300: 624.658: Total time for which application threads were stopped: 0.0016667 seconds, Stopping threads took: 0.0001300 seconds
2024-10-04T21:45:09.814+0300: 625.030: Application time: 0.3724703 seconds
2024-10-04T21:45:09.830+0300: 625.031: [GC (Allocation Failure) [PSYoungGen: 265507K->4416K(266752K)] 308795K->47744K(813056K), 0.0011590 secs] [Times: user=0.00 sys=0.00, real=0.00 secs] 
2024-10-04T21:45:09.830+0300: 625.032: Total time for which application threads were stopped: 0.0015411 seconds, Stopping threads took: 0.0001828 seconds
2024-10-04T21:45:10.207+0300: 625.408: Application time: 0.3758146 seconds
2024-10-04T21:45:10.207+0300: 625.408: [GC (Allocation Failure) [PSYoungGen: 264296K->4480K(266752K)] 307624K->47816K(813056K), 0.0010199 secs] [Times: user=0.00 sys=0.00, real=0.00 secs] 
2024-10-04T21:45:10.207+0300: 625.409: Total time for which application threads were stopped: 0.0013108 seconds, Stopping threads took: 0.0001289 seconds
2024-10-04T21:45:10.568+0300: 625.781: Application time: 0.3719977 seconds
2024-10-04T21:45:10.568+0300: 625.781: [GC (Allocation Failure) [PSYoungGen: 265088K->3328K(266752K)] 308424K->46704K(813056K), 0.0010238 secs] [Times: user=0.00 sys=0.00, real=0.00 secs] 
2024-10-04T21:45:10.568+0300: 625.782: Total time for which application threads were stopped: 0.0013596 seconds, Stopping threads took: 0.0001636 seconds
2024-10-04T21:45:10.944+0300: 626.149: Application time: 0.3664349 seconds
2024-10-04T21:45:10.944+0300: 626.149: [GC (Allocation Failure) [PSYoungGen: 263936K->4368K(266752K)] 307312K->47792K(813056K), 0.0011743 secs] [Times: user=0.00 sys=0.00, real=0.00 secs] 
2024-10-04T21:45:10.944+0300: 626.150: Total time for which application threads were stopped: 0.0014449 seconds, Stopping threads took: 0.0001413 seconds
2024-10-04T21:45:11.320+0300: 626.533: Application time: 0.3826132 seconds
2024-10-04T21:45:11.320+0300: 626.533: [GC (Allocation Failure) [PSYoungGen: 264530K->5472K(266752K)] 307954K->48904K(813056K), 0.0012940 secs] [Times: user=0.00 sys=0.00, real=0.00 secs] 
2024-10-04T21:45:11.320+0300: 626.535: Total time for which application threads were stopped: 0.0016886 seconds, Stopping threads took: 0.0002324 seconds
2024-10-04T21:45:11.698+0300: 626.910: Application time: 0.3753152 seconds
2024-10-04T21:45:11.698+0300: 626.910: [GC (Allocation Failure) [PSYoungGen: 265407K->5408K(266240K)] 308839K->48888K(812544K), 0.0013411 secs] [Times: user=0.00 sys=0.00, real=0.00 secs] 
2024-10-04T21:45:11.698+0300: 626.912: Total time for which application threads were stopped: 0.0016526 seconds, Stopping threads took: 0.0001473 seconds
2024-10-04T21:45:12.075+0300: 627.280: Application time: 0.3685986 seconds
2024-10-04T21:45:12.075+0300: 627.280: [GC (Allocation Failure) [PSYoungGen: 265344K->5440K(266240K)] 308824K->48936K(812544K), 0.0012839 secs] [Times: user=0.00 sys=0.00, real=0.00 secs] 
2024-10-04T21:45:12.075+0300: 627.282: Total time for which application threads were stopped: 0.0015980 seconds, Stopping threads took: 0.0001516 seconds
2024-10-04T21:45:12.451+0300: 627.656: Application time: 0.3746438 seconds
2024-10-04T21:45:12.451+0300: 627.657: [GC (Allocation Failure) [PSYoungGen: 264424K->5440K(266240K)] 307920K->48952K(812544K), 0.0012008 secs] [Times: user=0.00 sys=0.00, real=0.00 secs] 
2024-10-04T21:45:12.451+0300: 627.658: Total time for which application threads were stopped: 0.0015122 seconds, Stopping threads took: 0.0001292 seconds
2024-10-04T21:45:12.812+0300: 628.027: Application time: 0.3691143 seconds
2024-10-04T21:45:12.812+0300: 628.027: [GC (Allocation Failure) [PSYoungGen: 264210K->5440K(266240K)] 307722K->48976K(812544K), 0.0012954 secs] [Times: user=0.00 sys=0.00, real=0.02 secs] 
2024-10-04T21:45:12.828+0300: 628.029: Total time for which application threads were stopped: 0.0016277 seconds, Stopping threads took: 0.0001727 seconds
2024-10-04T21:45:13.189+0300: 628.404: Application time: 0.3752409 seconds
2024-10-04T21:45:13.189+0300: 628.404: [GC (Allocation Failure) [PSYoungGen: 264184K->5440K(266240K)] 307720K->48984K(812544K), 0.0013613 secs] [Times: user=0.00 sys=0.00, real=0.02 secs] 
2024-10-04T21:45:13.205+0300: 628.406: Total time for which application threads were stopped: 0.0016961 seconds, Stopping threads took: 0.0001511 seconds
2024-10-04T21:45:13.566+0300: 628.776: Application time: 0.3702197 seconds
2024-10-04T21:45:13.566+0300: 628.776: [GC (Allocation Failure) [PSYoungGen: 264548K->2352K(265216K)] 308092K->45912K(811520K), 0.0008599 secs] [Times: user=0.00 sys=0.00, real=0.00 secs] 
2024-10-04T21:45:13.566+0300: 628.777: Total time for which application threads were stopped: 0.0011647 seconds, Stopping threads took: 0.0001486 seconds
2024-10-04T21:45:13.943+0300: 629.146: Application time: 0.3690898 seconds
2024-10-04T21:45:13.943+0300: 629.146: [GC (Allocation Failure) [PSYoungGen: 260806K->3408K(265728K)] 304366K->46976K(812032K), 0.0009779 secs] [Times: user=0.00 sys=0.00, real=0.00 secs] 
2024-10-04T21:45:13.943+0300: 629.147: Total time for which application threads were stopped: 0.0012834 seconds, Stopping threads took: 0.0001582 seconds
2024-10-04T21:45:14.319+0300: 629.522: Application time: 0.3747949 seconds
2024-10-04T21:45:14.319+0300: 629.522: [GC (Allocation Failure) [PSYoungGen: 261968K->4448K(266240K)] 305536K->48024K(812544K), 0.0010461 secs] [Times: user=0.00 sys=0.00, real=0.00 secs] 
2024-10-04T21:45:14.319+0300: 629.524: Total time for which application threads were stopped: 0.0013499 seconds, Stopping threads took: 0.0001532 seconds
2024-10-04T21:45:14.680+0300: 629.890: Application time: 0.3667146 seconds
2024-10-04T21:45:14.680+0300: 629.891: [GC (Allocation Failure) [PSYoungGen: 263337K->3408K(265728K)] 306913K->47000K(812032K), 0.0008961 secs] [Times: user=0.00 sys=0.00, real=0.00 secs] 
2024-10-04T21:45:14.680+0300: 629.892: Total time for which application threads were stopped: 0.0011919 seconds, Stopping threads took: 0.0001718 seconds
2024-10-04T21:45:15.057+0300: 630.262: Application time: 0.3702549 seconds
2024-10-04T21:45:15.057+0300: 630.262: [GC (Allocation Failure) [PSYoungGen: 262480K->3424K(266240K)] 306072K->47024K(812544K), 0.0008454 secs] [Times: user=0.00 sys=0.00, real=0.00 secs] 
2024-10-04T21:45:15.057+0300: 630.263: Total time for which application threads were stopped: 0.0011287 seconds, Stopping threads took: 0.0001562 seconds
2024-10-04T21:45:15.418+0300: 630.632: Application time: 0.3693998 seconds
2024-10-04T21:45:15.418+0300: 630.633: [GC (Allocation Failure) [PSYoungGen: 262251K->4352K(266240K)] 305851K->48028K(812544K), 0.0013180 secs] [Times: user=0.00 sys=0.00, real=0.00 secs] 
2024-10-04T21:45:15.418+0300: 630.634: Total time for which application threads were stopped: 0.0016504 seconds, Stopping threads took: 0.0000997 seconds
2024-10-04T21:45:15.794+0300: 631.003: Application time: 0.3689922 seconds
2024-10-04T21:45:15.794+0300: 631.003: [GC (Allocation Failure) [PSYoungGen: 263936K->4448K(266240K)] 307612K->48132K(812544K), 0.0009960 secs] [Times: user=0.00 sys=0.00, real=0.00 secs] 
2024-10-04T21:45:15.794+0300: 631.004: Total time for which application threads were stopped: 0.0012925 seconds, Stopping threads took: 0.0001605 seconds
2024-10-04T21:45:16.171+0300: 631.377: Application time: 0.3730483 seconds
2024-10-04T21:45:16.171+0300: 631.378: [GC (Allocation Failure) [PSYoungGen: 263421K->4432K(266240K)] 307105K->48124K(812544K), 0.0012541 secs] [Times: user=0.00 sys=0.00, real=0.00 secs] 
2024-10-04T21:45:16.171+0300: 631.379: Total time for which application threads were stopped: 0.0015800 seconds, Stopping threads took: 0.0001672 seconds
2024-10-04T21:45:16.532+0300: 631.745: Application time: 0.3665272 seconds
2024-10-04T21:45:16.532+0300: 631.746: [GC (Allocation Failure) [PSYoungGen: 263363K->3392K(266752K)] 307055K->47132K(813056K), 0.0009055 secs] [Times: user=0.00 sys=0.00, real=0.00 secs] 
2024-10-04T21:45:16.532+0300: 631.747: Total time for which application threads were stopped: 0.0012425 seconds, Stopping threads took: 0.0001901 seconds
2024-10-04T21:45:16.908+0300: 632.114: Application time: 0.3674799 seconds
2024-10-04T21:45:16.908+0300: 632.114: [GC (Allocation Failure) [PSYoungGen: 263320K->5408K(266240K)] 307061K->49196K(812544K), 0.0012274 secs] [Times: user=0.00 sys=0.00, real=0.00 secs] 
2024-10-04T21:45:16.908+0300: 632.116: Total time for which application threads were stopped: 0.0014825 seconds, Stopping threads took: 0.0001239 seconds
2024-10-04T21:45:17.285+0300: 632.490: Application time: 0.3739711 seconds
2024-10-04T21:45:17.285+0300: 632.490: [GC (Allocation Failure) [PSYoungGen: 265582K->4416K(266752K)] 309371K->48244K(813056K), 0.0011096 secs] [Times: user=0.00 sys=0.00, real=0.00 secs] 
2024-10-04T21:45:17.285+0300: 632.491: Total time for which application threads were stopped: 0.0015154 seconds, Stopping threads took: 0.0002207 seconds
2024-10-04T21:45:17.646+0300: 632.860: Application time: 0.3692340 seconds
2024-10-04T21:45:17.646+0300: 632.861: [GC (Allocation Failure) [PSYoungGen: 264512K->4464K(266240K)] 308340K->48300K(812544K), 0.0011602 secs] [Times: user=0.00 sys=0.00, real=0.00 secs] 
2024-10-04T21:45:17.646+0300: 632.862: Total time for which application threads were stopped: 0.0014879 seconds, Stopping threads took: 0.0001844 seconds
2024-10-04T21:45:18.023+0300: 633.231: Application time: 0.3696165 seconds
2024-10-04T21:45:18.023+0300: 633.232: [GC (Allocation Failure) [PSYoungGen: 264560K->4480K(266752K)] 308396K->48324K(813056K), 0.0008943 secs] [Times: user=0.00 sys=0.00, real=0.00 secs] 
2024-10-04T21:45:18.023+0300: 633.233: Total time for which application threads were stopped: 0.0011687 seconds, Stopping threads took: 0.0001508 seconds
2024-10-04T21:45:18.400+0300: 633.607: Application time: 0.3739650 seconds
2024-10-04T21:45:18.400+0300: 633.607: [GC (Allocation Failure) [PSYoungGen: 264341K->5408K(266752K)] 308185K->49260K(813056K), 0.0013444 secs] [Times: user=0.00 sys=0.00, real=0.00 secs] 
2024-10-04T21:45:18.400+0300: 633.608: Total time for which application threads were stopped: 0.0016701 seconds, Stopping threads took: 0.0001594 seconds
2024-10-04T21:45:18.777+0300: 633.979: Application time: 0.3702347 seconds
2024-10-04T21:45:18.777+0300: 633.979: [GC (Allocation Failure) [PSYoungGen: 266016K->3408K(266752K)] 309868K->47308K(813056K), 0.0008343 secs] [Times: user=0.00 sys=0.00, real=0.00 secs] 
2024-10-04T21:45:18.777+0300: 633.980: Total time for which application threads were stopped: 0.0010923 seconds, Stopping threads took: 0.0001313 seconds
2024-10-04T21:45:19.138+0300: 634.351: Application time: 0.3714901 seconds
2024-10-04T21:45:19.138+0300: 634.351: [GC (Allocation Failure) [PSYoungGen: 263582K->5408K(266240K)] 307483K->49316K(812544K), 0.0013816 secs] [Times: user=0.00 sys=0.00, real=0.00 secs] 
2024-10-04T21:45:19.138+0300: 634.353: Total time for which application threads were stopped: 0.0016998 seconds, Stopping threads took: 0.0001514 seconds
2024-10-04T21:45:19.515+0300: 634.722: Application time: 0.3692505 seconds
2024-10-04T21:45:19.515+0300: 634.722: [GC (Allocation Failure) [PSYoungGen: 265505K->4480K(266752K)] 309414K->48396K(813056K), 0.0010634 secs] [Times: user=0.00 sys=0.00, real=0.00 secs] 
2024-10-04T21:45:19.515+0300: 634.723: Total time for which application threads were stopped: 0.0013347 seconds, Stopping threads took: 0.0001331 seconds
2024-10-04T21:45:19.877+0300: 635.092: Application time: 0.3685766 seconds
2024-10-04T21:45:19.877+0300: 635.092: [GC (Allocation Failure) [PSYoungGen: 264576K->4480K(266240K)] 308492K->48404K(812544K), 0.0012620 secs] [Times: user=0.02 sys=0.00, real=0.01 secs] 
2024-10-04T21:45:19.892+0300: 635.094: Total time for which application threads were stopped: 0.0015881 seconds, Stopping threads took: 0.0001779 seconds
2024-10-04T21:45:20.253+0300: 635.468: Application time: 0.3740579 seconds
2024-10-04T21:45:20.253+0300: 635.468: [GC (Allocation Failure) [PSYoungGen: 264429K->4448K(266752K)] 308354K->48380K(813056K), 0.0010508 secs] [Times: user=0.00 sys=0.00, real=0.00 secs] 
2024-10-04T21:45:20.253+0300: 635.469: Total time for which application threads were stopped: 0.0013727 seconds, Stopping threads took: 0.0002010 seconds
2024-10-04T21:45:20.630+0300: 635.840: Application time: 0.3709748 seconds
2024-10-04T21:45:20.630+0300: 635.840: [GC (Allocation Failure) [PSYoungGen: 265056K->4448K(266752K)] 308988K->48388K(813056K), 0.0009966 secs] [Times: user=0.00 sys=0.00, real=0.00 secs] 
2024-10-04T21:45:20.630+0300: 635.841: Total time for which application threads were stopped: 0.0013181 seconds, Stopping threads took: 0.0001745 seconds
2024-10-04T21:45:21.007+0300: 636.209: Application time: 0.3677756 seconds
2024-10-04T21:45:21.007+0300: 636.209: [GC (Allocation Failure) [PSYoungGen: 264517K->4416K(267264K)] 308457K->48364K(813568K), 0.0011018 secs] [Times: user=0.00 sys=0.00, real=0.00 secs] 
2024-10-04T21:45:21.007+0300: 636.210: Total time for which application threads were stopped: 0.0013840 seconds, Stopping threads took: 0.0001354 seconds
2024-10-04T21:45:21.384+0300: 636.587: Application time: 0.3761845 seconds
2024-10-04T21:45:21.384+0300: 636.587: [GC (Allocation Failure) [PSYoungGen: 264732K->4464K(266752K)] 308681K->48420K(813056K), 0.0010371 secs] [Times: user=0.00 sys=0.00, real=0.00 secs] 
2024-10-04T21:45:21.384+0300: 636.588: Total time for which application threads were stopped: 0.0013543 seconds, Stopping threads took: 0.0001894 seconds
2024-10-04T21:45:21.744+0300: 636.958: Application time: 0.3695254 seconds
2024-10-04T21:45:21.744+0300: 636.958: [GC (Allocation Failure) [PSYoungGen: 265584K->5408K(266240K)] 309540K->49372K(812544K), 0.0012904 secs] [Times: user=0.00 sys=0.00, real=0.00 secs] 
2024-10-04T21:45:21.744+0300: 636.959: Total time for which application threads were stopped: 0.0015867 seconds, Stopping threads took: 0.0001480 seconds
2024-10-04T21:45:22.121+0300: 637.331: Application time: 0.3718014 seconds
2024-10-04T21:45:22.121+0300: 637.331: [GC (Allocation Failure) [PSYoungGen: 266016K->4288K(266752K)] 309980K->48324K(813056K), 0.0011333 secs] [Times: user=0.02 sys=0.00, real=0.00 secs] 
2024-10-04T21:45:22.121+0300: 637.332: Total time for which application threads were stopped: 0.0014000 seconds, Stopping threads took: 0.0001254 seconds
2024-10-04T21:45:22.498+0300: 637.703: Application time: 0.3707882 seconds
2024-10-04T21:45:22.498+0300: 637.703: [GC (Allocation Failure) [PSYoungGen: 264274K->5440K(266752K)] 308310K->49524K(813056K), 0.0012546 secs] [Times: user=0.00 sys=0.00, real=0.00 secs] 
2024-10-04T21:45:22.498+0300: 637.705: Total time for which application threads were stopped: 0.0015463 seconds, Stopping threads took: 0.0001579 seconds
2024-10-04T21:45:22.858+0300: 638.074: Application time: 0.3688596 seconds
2024-10-04T21:45:22.858+0300: 638.074: [GC (Allocation Failure) [PSYoungGen: 265680K->4448K(266752K)] 309765K->48540K(813056K), 0.0010962 secs] [Times: user=0.00 sys=0.00, real=0.02 secs] 
2024-10-04T21:45:22.874+0300: 638.075: Total time for which application threads were stopped: 0.0014091 seconds, Stopping threads took: 0.0001675 seconds
2024-10-04T21:45:23.235+0300: 638.448: Application time: 0.3727169 seconds
2024-10-04T21:45:23.235+0300: 638.448: [GC (Allocation Failure) [PSYoungGen: 264166K->4416K(266752K)] 308259K->48516K(813056K), 0.0010473 secs] [Times: user=0.00 sys=0.00, real=0.00 secs] 
2024-10-04T21:45:23.235+0300: 638.449: Total time for which application threads were stopped: 0.0014936 seconds, Stopping threads took: 0.0002250 seconds
2024-10-04T21:45:23.612+0300: 638.814: Application time: 0.3647049 seconds
2024-10-04T21:45:23.612+0300: 638.814: [GC (Allocation Failure) [PSYoungGen: 264485K->5440K(266752K)] 308586K->49580K(813056K), 0.0011813 secs] [Times: user=0.00 sys=0.00, real=0.00 secs] 
2024-10-04T21:45:23.612+0300: 638.815: Total time for which application threads were stopped: 0.0014847 seconds, Stopping threads took: 0.0001681 seconds
2024-10-04T21:45:23.985+0300: 639.189: Application time: 0.3733460 seconds
2024-10-04T21:45:23.985+0300: 639.189: [GC (Allocation Failure) [PSYoungGen: 266048K->4416K(266752K)] 310188K->48596K(813056K), 0.0011443 secs] [Times: user=0.00 sys=0.00, real=0.00 secs] 
2024-10-04T21:45:23.989+0300: 639.190: Total time for which application threads were stopped: 0.0014485 seconds, Stopping threads took: 0.0001453 seconds
2024-10-04T21:45:24.350+0300: 639.563: Application time: 0.3724984 seconds
2024-10-04T21:45:24.350+0300: 639.563: [GC (Allocation Failure) [PSYoungGen: 264352K->4448K(266752K)] 308532K->48636K(813056K), 0.0011102 secs] [Times: user=0.00 sys=0.00, real=0.00 secs] 
2024-10-04T21:45:24.350+0300: 639.564: Total time for which application threads were stopped: 0.0014171 seconds, Stopping threads took: 0.0001707 seconds
2024-10-04T21:45:24.727+0300: 639.929: Application time: 0.3650540 seconds
2024-10-04T21:45:24.727+0300: 639.929: [GC (Allocation Failure) [PSYoungGen: 264514K->4464K(266752K)] 308703K->48660K(813056K), 0.0009668 secs] [Times: user=0.00 sys=0.00, real=0.00 secs] 
2024-10-04T21:45:24.727+0300: 639.930: Total time for which application threads were stopped: 0.0012586 seconds, Stopping threads took: 0.0001733 seconds
2024-10-04T21:45:25.088+0300: 640.303: Application time: 0.3726960 seconds
2024-10-04T21:45:25.088+0300: 640.303: [GC (Allocation Failure) [PSYoungGen: 264436K->3424K(266752K)] 308632K->47628K(813056K), 0.0010195 secs] [Times: user=0.00 sys=0.02, real=0.01 secs] 
2024-10-04T21:45:25.103+0300: 640.304: Total time for which application threads were stopped: 0.0013556 seconds, Stopping threads took: 0.0001895 seconds
2024-10-04T21:45:25.464+0300: 640.676: Application time: 0.3717141 seconds
2024-10-04T21:45:25.464+0300: 640.676: [GC (Allocation Failure) [PSYoungGen: 263292K->4448K(266752K)] 307496K->48668K(813056K), 0.0011317 secs] [Times: user=0.00 sys=0.00, real=0.00 secs] 
2024-10-04T21:45:25.464+0300: 640.678: Total time for which application threads were stopped: 0.0014436 seconds, Stopping threads took: 0.0001646 seconds
2024-10-04T21:45:25.841+0300: 641.045: Application time: 0.3676898 seconds
2024-10-04T21:45:25.841+0300: 641.046: [GC (Allocation Failure) [PSYoungGen: 264560K->5392K(266752K)] 308781K->49652K(813056K), 0.0010733 secs] [Times: user=0.00 sys=0.00, real=0.00 secs] 
2024-10-04T21:45:25.841+0300: 641.047: Total time for which application threads were stopped: 0.0013535 seconds, Stopping threads took: 0.0001531 seconds
2024-10-04T21:45:26.217+0300: 641.422: Application time: 0.3749581 seconds
2024-10-04T21:45:26.217+0300: 641.422: [GC (Allocation Failure) [PSYoungGen: 265473K->4448K(266752K)] 309734K->48716K(813056K), 0.0010797 secs] [Times: user=0.00 sys=0.00, real=0.00 secs] 
2024-10-04T21:45:26.217+0300: 641.423: Total time for which application threads were stopped: 0.0014167 seconds, Stopping threads took: 0.0001538 seconds
2024-10-04T21:45:26.578+0300: 641.790: Application time: 0.3674477 seconds
2024-10-04T21:45:26.578+0300: 641.791: [GC (Allocation Failure) [PSYoungGen: 264387K->5392K(266752K)] 308655K->49676K(813056K), 0.0013368 secs] [Times: user=0.02 sys=0.00, real=0.01 secs] 
2024-10-04T21:45:26.591+0300: 641.792: Total time for which application threads were stopped: 0.0016180 seconds, Stopping threads took: 0.0001286 seconds
2024-10-04T21:45:26.955+0300: 642.160: Application time: 0.3678431 seconds
2024-10-04T21:45:26.955+0300: 642.160: [GC (Allocation Failure) [PSYoungGen: 265437K->4448K(266752K)] 309722K->48740K(813056K), 0.0010999 secs] [Times: user=0.00 sys=0.00, real=0.00 secs] 
2024-10-04T21:45:26.955+0300: 642.161: Total time for which application threads were stopped: 0.0014342 seconds, Stopping threads took: 0.0001865 seconds
2024-10-04T21:45:27.332+0300: 642.537: Application time: 0.3754830 seconds
2024-10-04T21:45:27.332+0300: 642.537: [GC (Allocation Failure) [PSYoungGen: 264216K->5456K(266752K)] 308508K->49764K(813056K), 0.0012245 secs] [Times: user=0.00 sys=0.00, real=0.00 secs] 
2024-10-04T21:45:27.332+0300: 642.538: Total time for which application threads were stopped: 0.0015697 seconds, Stopping threads took: 0.0002050 seconds
2024-10-04T21:45:27.693+0300: 642.906: Application time: 0.3671646 seconds
2024-10-04T21:45:27.693+0300: 642.906: [GC (Allocation Failure) [PSYoungGen: 265710K->4448K(266752K)] 310019K->48764K(813056K), 0.0010376 secs] [Times: user=0.00 sys=0.00, real=0.00 secs] 
2024-10-04T21:45:27.693+0300: 642.907: Total time for which application threads were stopped: 0.0013600 seconds, Stopping threads took: 0.0001879 seconds
2024-10-04T21:45:28.070+0300: 643.276: Application time: 0.3694859 seconds
2024-10-04T21:45:28.070+0300: 643.277: [GC (Allocation Failure) [PSYoungGen: 264993K->4448K(266752K)] 309310K->48772K(813056K), 0.0009470 secs] [Times: user=0.00 sys=0.00, real=0.00 secs] 
2024-10-04T21:45:28.070+0300: 643.278: Total time for which application threads were stopped: 0.0012290 seconds, Stopping threads took: 0.0001495 seconds
2024-10-04T21:45:28.447+0300: 643.654: Application time: 0.3762807 seconds
2024-10-04T21:45:28.447+0300: 643.654: [GC (Allocation Failure) [PSYoungGen: 265056K->5392K(266752K)] 309380K->49772K(813056K), 0.0011874 secs] [Times: user=0.00 sys=0.00, real=0.00 secs] 
2024-10-04T21:45:28.447+0300: 643.655: Total time for which application threads were stopped: 0.0015189 seconds, Stopping threads took: 0.0001835 seconds
2024-10-04T21:45:28.808+0300: 644.022: Application time: 0.3662146 seconds
2024-10-04T21:45:28.808+0300: 644.022: [GC (Allocation Failure) [PSYoungGen: 265310K->4416K(266752K)] 309691K->48836K(813056K), 0.0010588 secs] [Times: user=0.00 sys=0.00, real=0.00 secs] 
2024-10-04T21:45:28.808+0300: 644.023: Total time for which application threads were stopped: 0.0013480 seconds, Stopping threads took: 0.0001531 seconds
2024-10-04T21:45:29.196+0300: 644.399: Application time: 0.3754637 seconds
2024-10-04T21:45:29.196+0300: 644.399: [GC (Allocation Failure) [PSYoungGen: 264525K->2336K(265728K)] 308946K->46804K(812032K), 0.0009215 secs] [Times: user=0.00 sys=0.00, real=0.00 secs] 
2024-10-04T21:45:29.196+0300: 644.400: Total time for which application threads were stopped: 0.0012479 seconds, Stopping threads took: 0.0001772 seconds
2024-10-04T21:45:29.561+0300: 644.768: Application time: 0.3684255 seconds
2024-10-04T21:45:29.561+0300: 644.768: [GC (Allocation Failure) [PSYoungGen: 261920K->3408K(266240K)] 306388K->47892K(812544K), 0.0009209 secs] [Times: user=0.00 sys=0.00, real=0.00 secs] 
2024-10-04T21:45:29.561+0300: 644.769: Total time for which application threads were stopped: 0.0012206 seconds, Stopping threads took: 0.0001677 seconds
2024-10-04T21:45:29.922+0300: 645.132: Application time: 0.3630540 seconds
2024-10-04T21:45:29.922+0300: 645.133: [GC (Allocation Failure) [PSYoungGen: 262599K->5424K(266240K)] 307083K->49932K(812544K), 0.0011832 secs] [Times: user=0.00 sys=0.00, real=0.00 secs] 
2024-10-04T21:45:29.922+0300: 645.134: Total time for which application threads were stopped: 0.0015214 seconds, Stopping threads took: 0.0002072 seconds
2024-10-04T21:45:30.299+0300: 645.513: Application time: 0.3793710 seconds
2024-10-04T21:45:30.299+0300: 645.514: [GC (Allocation Failure) [PSYoungGen: 265008K->2400K(266240K)] 309516K->46916K(812544K), 0.0009234 secs] [Times: user=0.00 sys=0.00, real=0.01 secs] 
2024-10-04T21:45:30.314+0300: 645.515: Total time for which application threads were stopped: 0.0012405 seconds, Stopping threads took: 0.0001382 seconds
2024-10-04T21:45:30.675+0300: 645.880: Application time: 0.3652427 seconds
2024-10-04T21:45:30.675+0300: 645.880: [GC (Allocation Failure) [PSYoungGen: 261516K->5376K(265216K)] 306033K->49972K(811520K), 0.0012932 secs] [Times: user=0.00 sys=0.00, real=0.00 secs] 
2024-10-04T21:45:30.675+0300: 645.881: Total time for which application threads were stopped: 0.0015731 seconds, Stopping threads took: 0.0001489 seconds
2024-10-04T21:45:31.036+0300: 646.245: Application time: 0.3638944 seconds
2024-10-04T21:45:31.036+0300: 646.246: [GC (Allocation Failure) [PSYoungGen: 263249K->5440K(265728K)] 307846K->50060K(812032K), 0.0011970 secs] [Times: user=0.00 sys=0.00, real=0.00 secs] 
2024-10-04T21:45:31.036+0300: 646.247: Total time for which application threads were stopped: 0.0014902 seconds, Stopping threads took: 0.0001454 seconds
2024-10-04T21:45:31.413+0300: 646.622: Application time: 0.3755316 seconds
2024-10-04T21:45:31.413+0300: 646.623: [GC (Allocation Failure) [PSYoungGen: 263389K->4448K(265728K)] 308010K->49076K(812032K), 0.0010568 secs] [Times: user=0.00 sys=0.00, real=0.00 secs] 
2024-10-04T21:45:31.413+0300: 646.624: Total time for which application threads were stopped: 0.0013537 seconds, Stopping threads took: 0.0001713 seconds
2024-10-04T21:45:31.773+0300: 646.989: Application time: 0.3652735 seconds
2024-10-04T21:45:31.773+0300: 646.989: [GC (Allocation Failure) [PSYoungGen: 263008K->5472K(265728K)] 307636K->50108K(812032K), 0.0012270 secs] [Times: user=0.02 sys=0.00, real=0.02 secs] 
2024-10-04T21:45:31.789+0300: 646.991: Total time for which application threads were stopped: 0.0015493 seconds, Stopping threads took: 0.0001832 seconds
2024-10-04T21:45:32.150+0300: 647.364: Application time: 0.3737926 seconds
2024-10-04T21:45:32.150+0300: 647.365: [GC (Allocation Failure) [PSYoungGen: 263540K->5408K(265728K)] 308177K->50092K(812032K), 0.0013917 secs] [Times: user=0.00 sys=0.00, real=0.00 secs] 
2024-10-04T21:45:32.150+0300: 647.366: Total time for which application threads were stopped: 0.0017593 seconds, Stopping threads took: 0.0001802 seconds
2024-10-04T21:45:32.527+0300: 647.732: Application time: 0.3654566 seconds
2024-10-04T21:45:32.527+0300: 647.732: [GC (Allocation Failure) [PSYoungGen: 263086K->3424K(265728K)] 307771K->48116K(812032K), 0.0008681 secs] [Times: user=0.00 sys=0.00, real=0.00 secs] 
2024-10-04T21:45:32.527+0300: 647.733: Total time for which application threads were stopped: 0.0011616 seconds, Stopping threads took: 0.0001748 seconds
2024-10-04T21:45:32.888+0300: 648.093: Application time: 0.3605614 seconds
2024-10-04T21:45:32.888+0300: 648.094: [GC (Allocation Failure) [PSYoungGen: 261108K->4480K(265728K)] 305801K->49180K(812032K), 0.0010585 secs] [Times: user=0.00 sys=0.00, real=0.00 secs] 
2024-10-04T21:45:32.888+0300: 648.095: Total time for which application threads were stopped: 0.0013618 seconds, Stopping threads took: 0.0001744 seconds
2024-10-04T21:45:33.265+0300: 648.467: Application time: 0.3727787 seconds
2024-10-04T21:45:33.265+0300: 648.468: [GC (Allocation Failure) [PSYoungGen: 262494K->5456K(265728K)] 307195K->50165K(812032K), 0.0011870 secs] [Times: user=0.00 sys=0.00, real=0.00 secs] 
2024-10-04T21:45:33.265+0300: 648.469: Total time for which application threads were stopped: 0.0014778 seconds, Stopping threads took: 0.0001528 seconds
2024-10-04T21:45:33.626+0300: 648.837: Application time: 0.3677118 seconds
2024-10-04T21:45:33.626+0300: 648.837: [GC (Allocation Failure) [PSYoungGen: 263940K->5408K(265728K)] 308649K->50125K(812032K), 0.0011864 secs] [Times: user=0.00 sys=0.00, real=0.00 secs] 
2024-10-04T21:45:33.626+0300: 648.838: Total time for which application threads were stopped: 0.0015099 seconds, Stopping threads took: 0.0001830 seconds
2024-10-04T21:45:34.003+0300: 649.204: Application time: 0.3654216 seconds
2024-10-04T21:45:34.003+0300: 649.204: [GC (Allocation Failure) [PSYoungGen: 263968K->4432K(265728K)] 308685K->49156K(812032K), 0.0011430 secs] [Times: user=0.00 sys=0.00, real=0.00 secs] 
2024-10-04T21:45:34.003+0300: 649.205: Total time for which application threads were stopped: 0.0014910 seconds, Stopping threads took: 0.0001934 seconds
2024-10-04T21:45:34.379+0300: 649.579: Application time: 0.3743535 seconds
2024-10-04T21:45:34.379+0300: 649.580: [GC (Allocation Failure) [PSYoungGen: 262245K->3424K(265728K)] 306970K->48156K(812032K), 0.0008870 secs] [Times: user=0.00 sys=0.00, real=0.00 secs] 
2024-10-04T21:45:34.379+0300: 649.581: Total time for which application threads were stopped: 0.0013128 seconds, Stopping threads took: 0.0002488 seconds
2024-10-04T21:45:34.740+0300: 649.945: Application time: 0.3640439 seconds
2024-10-04T21:45:34.740+0300: 649.945: [GC (Allocation Failure) [PSYoungGen: 261290K->4416K(265728K)] 306022K->49189K(812032K), 0.0009974 secs] [Times: user=0.00 sys=0.00, real=0.00 secs] 
2024-10-04T21:45:34.740+0300: 649.946: Total time for which application threads were stopped: 0.0013197 seconds, Stopping threads took: 0.0001865 seconds
2024-10-04T21:45:35.108+0300: 650.312: Application time: 0.3654972 seconds
2024-10-04T21:45:35.108+0300: 650.312: [GC (Allocation Failure) [PSYoungGen: 262257K->5312K(266240K)] 307030K->50161K(812544K), 0.0014398 secs] [Times: user=0.00 sys=0.00, real=0.00 secs] 
2024-10-04T21:45:35.108+0300: 650.313: Total time for which application threads were stopped: 0.0017331 seconds, Stopping threads took: 0.0001162 seconds
2024-10-04T21:45:35.477+0300: 650.686: Application time: 0.3728218 seconds
2024-10-04T21:45:35.477+0300: 650.686: [GC (Allocation Failure) [PSYoungGen: 264896K->4384K(266240K)] 309745K->49241K(812544K), 0.0010627 secs] [Times: user=0.00 sys=0.00, real=0.00 secs] 
2024-10-04T21:45:35.477+0300: 650.688: Total time for which application threads were stopped: 0.0013764 seconds, Stopping threads took: 0.0001818 seconds
2024-10-04T21:45:35.838+0300: 651.054: Application time: 0.3665598 seconds
2024-10-04T21:45:35.838+0300: 651.054: [GC (Allocation Failure) [PSYoungGen: 263214K->3392K(266240K)] 308071K->48265K(812544K), 0.0010224 secs] [Times: user=0.02 sys=0.00, real=0.02 secs] 
2024-10-04T21:45:35.854+0300: 651.055: Total time for which application threads were stopped: 0.0013464 seconds, Stopping threads took: 0.0001818 seconds
2024-10-04T21:45:36.215+0300: 651.429: Application time: 0.3733448 seconds
2024-10-04T21:45:36.215+0300: 651.429: [GC (Allocation Failure) [PSYoungGen: 262365K->4384K(266240K)] 307238K->49333K(812544K), 0.0010992 secs] [Times: user=0.00 sys=0.00, real=0.00 secs] 
2024-10-04T21:45:36.215+0300: 651.430: Total time for which application threads were stopped: 0.0013665 seconds, Stopping threads took: 0.0001025 seconds
2024-10-04T21:45:36.591+0300: 651.797: Application time: 0.3669805 seconds
2024-10-04T21:45:36.591+0300: 651.797: [GC (Allocation Failure) [PSYoungGen: 263391K->5440K(266240K)] 308341K->50405K(812544K), 0.0011513 secs] [Times: user=0.00 sys=0.00, real=0.00 secs] 
2024-10-04T21:45:36.591+0300: 651.799: Total time for which application threads were stopped: 0.0014496 seconds, Stopping threads took: 0.0001640 seconds
2024-10-04T21:45:36.952+0300: 652.163: Application time: 0.3646646 seconds
2024-10-04T21:45:36.952+0300: 652.164: [GC (Allocation Failure) [PSYoungGen: 265024K->4448K(266240K)] 309989K->49421K(812544K), 0.0009656 secs] [Times: user=0.00 sys=0.00, real=0.00 secs] 
2024-10-04T21:45:36.952+0300: 652.165: Total time for which application threads were stopped: 0.0013135 seconds, Stopping threads took: 0.0002162 seconds
2024-10-04T21:45:37.328+0300: 652.541: Application time: 0.3761644 seconds
2024-10-04T21:45:37.328+0300: 652.541: [GC (Allocation Failure) [PSYoungGen: 264032K->4480K(266752K)] 309005K->49461K(813056K), 0.0011219 secs] [Times: user=0.00 sys=0.00, real=0.00 secs] 
2024-10-04T21:45:37.328+0300: 652.542: Total time for which application threads were stopped: 0.0014829 seconds, Stopping threads took: 0.0002130 seconds
2024-10-04T21:45:37.705+0300: 652.908: Application time: 0.3658727 seconds
2024-10-04T21:45:37.705+0300: 652.908: [GC (Allocation Failure) [PSYoungGen: 264464K->4448K(266240K)] 309445K->49437K(812544K), 0.0010062 secs] [Times: user=0.00 sys=0.00, real=0.00 secs] 
2024-10-04T21:45:37.705+0300: 652.909: Total time for which application threads were stopped: 0.0012875 seconds, Stopping threads took: 0.0001499 seconds
2024-10-04T21:45:38.066+0300: 653.278: Application time: 0.3686248 seconds
2024-10-04T21:45:38.066+0300: 653.278: [GC (Allocation Failure) [PSYoungGen: 264349K->5424K(265728K)] 309338K->50429K(812032K), 0.0012409 secs] [Times: user=0.00 sys=0.00, real=0.00 secs] 
2024-10-04T21:45:38.066+0300: 653.280: Total time for which application threads were stopped: 0.0015408 seconds, Stopping threads took: 0.0001743 seconds
2024-10-04T21:45:38.443+0300: 653.653: Application time: 0.3736307 seconds
2024-10-04T21:45:38.443+0300: 653.653: [GC (Allocation Failure) [PSYoungGen: 265008K->4416K(266240K)] 310013K->49429K(812544K), 0.0010583 secs] [Times: user=0.00 sys=0.00, real=0.00 secs] 
2024-10-04T21:45:38.443+0300: 653.655: Total time for which application threads were stopped: 0.0013937 seconds, Stopping threads took: 0.0001876 seconds
2024-10-04T21:45:38.819+0300: 654.020: Application time: 0.3658847 seconds
2024-10-04T21:45:38.819+0300: 654.021: [GC (Allocation Failure) [PSYoungGen: 263546K->4416K(266752K)] 308559K->49469K(813056K), 0.0010155 secs] [Times: user=0.00 sys=0.00, real=0.00 secs] 
2024-10-04T21:45:38.819+0300: 654.022: Total time for which application threads were stopped: 0.0012872 seconds, Stopping threads took: 0.0001277 seconds
2024-10-04T21:45:39.196+0300: 654.397: Application time: 0.3748794 seconds
2024-10-04T21:45:39.196+0300: 654.397: [GC (Allocation Failure) [PSYoungGen: 264126K->5456K(266752K)] 309179K->50517K(813056K), 0.0012377 secs] [Times: user=0.00 sys=0.00, real=0.00 secs] 
2024-10-04T21:45:39.196+0300: 654.398: Total time for which application threads were stopped: 0.0016056 seconds, Stopping threads took: 0.0001909 seconds
2024-10-04T21:45:39.557+0300: 654.767: Application time: 0.3684576 seconds
2024-10-04T21:45:39.557+0300: 654.767: [GC (Allocation Failure) [PSYoungGen: 265597K->5472K(265728K)] 310658K->50541K(812032K), 0.0013217 secs] [Times: user=0.00 sys=0.00, real=0.00 secs] 
2024-10-04T21:45:39.557+0300: 654.768: Total time for which application threads were stopped: 0.0016238 seconds, Stopping threads took: 0.0001727 seconds
2024-10-04T21:45:39.934+0300: 655.139: Application time: 0.3702346 seconds
2024-10-04T21:45:39.934+0300: 655.139: [GC (Allocation Failure) [PSYoungGen: 265056K->3456K(266240K)] 310125K->48533K(812544K), 0.0009370 secs] [Times: user=0.00 sys=0.00, real=0.00 secs] 
2024-10-04T21:45:39.934+0300: 655.140: Total time for which application threads were stopped: 0.0012211 seconds, Stopping threads took: 0.0001683 seconds
2024-10-04T21:45:40.294+0300: 655.510: Application time: 0.3706916 seconds
2024-10-04T21:45:40.310+0300: 655.511: [GC (Allocation Failure) [PSYoungGen: 262398K->4416K(266240K)] 307476K->49501K(812544K), 0.0011017 secs] [Times: user=0.00 sys=0.00, real=0.00 secs] 
2024-10-04T21:45:40.310+0300: 655.512: Total time for which application threads were stopped: 0.0016384 seconds, Stopping threads took: 0.0003319 seconds
2024-10-04T21:45:40.672+0300: 655.886: Application time: 0.3737505 seconds
2024-10-04T21:45:40.672+0300: 655.886: [GC (Allocation Failure) [PSYoungGen: 263379K->3424K(266240K)] 308464K->48525K(812544K), 0.0009029 secs] [Times: user=0.00 sys=0.00, real=0.00 secs] 
2024-10-04T21:45:40.672+0300: 655.887: Total time for which application threads were stopped: 0.0011920 seconds, Stopping threads took: 0.0001654 seconds
2024-10-04T21:45:41.033+0300: 656.248: Application time: 0.3612791 seconds
2024-10-04T21:45:41.033+0300: 656.249: [GC (Allocation Failure) [PSYoungGen: 262040K->4416K(266752K)] 307141K->49557K(813056K), 0.0011012 secs] [Times: user=0.02 sys=0.00, real=0.02 secs] 
2024-10-04T21:45:41.049+0300: 656.250: Total time for which application threads were stopped: 0.0014094 seconds, Stopping threads took: 0.0001594 seconds
2024-10-04T21:45:41.425+0300: 656.627: Application time: 0.3773378 seconds
2024-10-04T21:45:41.425+0300: 656.627: [GC (Allocation Failure) [PSYoungGen: 264512K->3408K(266240K)] 309653K->48557K(812544K), 0.0008935 secs] [Times: user=0.00 sys=0.00, real=0.00 secs] 
2024-10-04T21:45:41.425+0300: 656.628: Total time for which application threads were stopped: 0.0011772 seconds, Stopping threads took: 0.0001424 seconds
2024-10-04T21:45:41.786+0300: 656.998: Application time: 0.3694336 seconds
2024-10-04T21:45:41.786+0300: 656.998: [GC (Allocation Failure) [PSYoungGen: 263049K->3360K(266752K)] 308199K->48557K(813056K), 0.0009455 secs] [Times: user=0.00 sys=0.00, real=0.00 secs] 
2024-10-04T21:45:41.786+0300: 656.999: Total time for which application threads were stopped: 0.0012265 seconds, Stopping threads took: 0.0001340 seconds
2024-10-04T21:45:42.162+0300: 657.368: Application time: 0.3687656 seconds
2024-10-04T21:45:42.162+0300: 657.368: [GC (Allocation Failure) [PSYoungGen: 263610K->5344K(266240K)] 308807K->50621K(812544K), 0.0013714 secs] [Times: user=0.00 sys=0.00, real=0.00 secs] 
2024-10-04T21:45:42.162+0300: 657.369: Total time for which application threads were stopped: 0.0016477 seconds, Stopping threads took: 0.0001096 seconds
2024-10-04T21:45:42.524+0300: 657.740: Application time: 0.3704696 seconds
2024-10-04T21:45:42.539+0300: 657.740: [GC (Allocation Failure) [PSYoungGen: 265127K->5424K(266240K)] 310404K->50709K(812544K), 0.0011790 secs] [Times: user=0.00 sys=0.00, real=0.00 secs] 
2024-10-04T21:45:42.539+0300: 657.741: Total time for which application threads were stopped: 0.0015652 seconds, Stopping threads took: 0.0002149 seconds
2024-10-04T21:45:42.901+0300: 658.107: Application time: 0.3660547 seconds
2024-10-04T21:45:42.901+0300: 658.108: [GC (Allocation Failure) [PSYoungGen: 264569K->4416K(266240K)] 309854K->49749K(812544K), 0.0010045 secs] [Times: user=0.00 sys=0.00, real=0.00 secs] 
2024-10-04T21:45:42.901+0300: 658.109: Total time for which application threads were stopped: 0.0013149 seconds, Stopping threads took: 0.0001669 seconds
2024-10-04T21:45:43.278+0300: 658.483: Application time: 0.3738787 seconds
2024-10-04T21:45:43.278+0300: 658.483: [GC (Allocation Failure) [PSYoungGen: 264000K->4464K(266752K)] 309333K->49805K(813056K), 0.0010563 secs] [Times: user=0.00 sys=0.00, real=0.00 secs] 
2024-10-04T21:45:43.278+0300: 658.484: Total time for which application threads were stopped: 0.0013502 seconds, Stopping threads took: 0.0001568 seconds
2024-10-04T21:45:43.639+0300: 658.850: Application time: 0.3655079 seconds
2024-10-04T21:45:43.639+0300: 658.850: [GC (Allocation Failure) [PSYoungGen: 263687K->5456K(266240K)] 309029K->50813K(812544K), 0.0012662 secs] [Times: user=0.00 sys=0.00, real=0.00 secs] 
2024-10-04T21:45:43.639+0300: 658.851: Total time for which application threads were stopped: 0.0015941 seconds, Stopping threads took: 0.0001977 seconds
2024-10-04T21:45:44.014+0300: 659.219: Application time: 0.3677236 seconds
2024-10-04T21:45:44.014+0300: 659.219: [GC (Allocation Failure) [PSYoungGen: 265132K->5440K(266240K)] 310489K->50805K(812544K), 0.0013386 secs] [Times: user=0.00 sys=0.00, real=0.00 secs] 
2024-10-04T21:45:44.014+0300: 659.221: Total time for which application threads were stopped: 0.0016855 seconds, Stopping threads took: 0.0001970 seconds
2024-10-04T21:45:44.391+0300: 659.592: Application time: 0.3718911 seconds
2024-10-04T21:45:44.391+0300: 659.593: [GC (Allocation Failure) [PSYoungGen: 264432K->5440K(266240K)] 309797K->50813K(812544K), 0.0012556 secs] [Times: user=0.00 sys=0.00, real=0.00 secs] 
2024-10-04T21:45:44.391+0300: 659.594: Total time for which application threads were stopped: 0.0016039 seconds, Stopping threads took: 0.0001609 seconds
2024-10-04T21:45:44.752+0300: 659.967: Application time: 0.3730791 seconds
2024-10-04T21:45:44.752+0300: 659.967: [GC (Allocation Failure) [PSYoungGen: 265024K->3424K(266240K)] 310397K->48813K(812544K), 0.0008963 secs] [Times: user=0.00 sys=0.00, real=0.00 secs] 
2024-10-04T21:45:44.768+0300: 659.968: Total time for which application threads were stopped: 0.0011674 seconds, Stopping threads took: 0.0001512 seconds
2024-10-04T21:45:45.129+0300: 660.335: Application time: 0.3666201 seconds
2024-10-04T21:45:45.129+0300: 660.335: [GC (Allocation Failure) [PSYoungGen: 262396K->5440K(265216K)] 307785K->50845K(811520K), 0.0014555 secs] [Times: user=0.00 sys=0.00, real=0.00 secs] 
2024-10-04T21:45:45.129+0300: 660.337: Total time for which application threads were stopped: 0.0018168 seconds, Stopping threads took: 0.0001860 seconds
2024-10-04T21:45:45.508+0300: 660.709: Application time: 0.3725526 seconds
2024-10-04T21:45:45.508+0300: 660.710: [GC (Allocation Failure) [PSYoungGen: 264215K->5488K(265728K)] 309621K->50901K(812032K), 0.0011866 secs] [Times: user=0.00 sys=0.00, real=0.00 secs] 
2024-10-04T21:45:45.509+0300: 660.711: Total time for which application threads were stopped: 0.0014912 seconds, Stopping threads took: 0.0001724 seconds
2024-10-04T21:45:45.866+0300: 661.077: Application time: 0.3658493 seconds
2024-10-04T21:45:45.866+0300: 661.077: [GC (Allocation Failure) [PSYoungGen: 264048K->3376K(265728K)] 309461K->48829K(812032K), 0.0008783 secs] [Times: user=0.00 sys=0.00, real=0.00 secs] 
2024-10-04T21:45:45.866+0300: 661.078: Total time for which application threads were stopped: 0.0011728 seconds, Stopping threads took: 0.0001641 seconds
2024-10-04T21:45:46.242+0300: 661.447: Application time: 0.3695443 seconds
2024-10-04T21:45:46.242+0300: 661.448: [GC (Allocation Failure) [PSYoungGen: 261211K->4464K(265728K)] 306664K->49925K(812032K), 0.0010791 secs] [Times: user=0.00 sys=0.00, real=0.00 secs] 
2024-10-04T21:45:46.242+0300: 661.449: Total time for which application threads were stopped: 0.0014579 seconds, Stopping threads took: 0.0002042 seconds
2024-10-04T21:45:46.603+0300: 661.815: Application time: 0.3665253 seconds
2024-10-04T21:45:46.603+0300: 661.816: [GC (Allocation Failure) [PSYoungGen: 262919K->4432K(265728K)] 308380K->49901K(812032K), 0.0010992 secs] [Times: user=0.00 sys=0.00, real=0.00 secs] 
2024-10-04T21:45:46.603+0300: 661.817: Total time for which application threads were stopped: 0.0013936 seconds, Stopping threads took: 0.0001615 seconds
2024-10-04T21:45:46.980+0300: 662.183: Application time: 0.3660570 seconds
2024-10-04T21:45:46.980+0300: 662.183: [GC (Allocation Failure) [PSYoungGen: 262640K->4432K(266240K)] 308109K->49941K(812544K), 0.0009723 secs] [Times: user=0.00 sys=0.00, real=0.00 secs] 
2024-10-04T21:45:46.980+0300: 662.184: Total time for which application threads were stopped: 0.0012550 seconds, Stopping threads took: 0.0001547 seconds
2024-10-04T21:45:47.357+0300: 662.561: Application time: 0.3764594 seconds
2024-10-04T21:45:47.357+0300: 662.561: [GC (Allocation Failure) [PSYoungGen: 264016K->4448K(266240K)] 309525K->49965K(812544K), 0.0010956 secs] [Times: user=0.00 sys=0.00, real=0.00 secs] 
2024-10-04T21:45:47.357+0300: 662.562: Total time for which application threads were stopped: 0.0014091 seconds, Stopping threads took: 0.0001662 seconds
2024-10-04T21:45:47.718+0300: 662.926: Application time: 0.3637620 seconds
2024-10-04T21:45:47.718+0300: 662.926: [GC (Allocation Failure) [PSYoungGen: 263438K->5424K(266240K)] 308956K->50989K(812544K), 0.0011801 secs] [Times: user=0.00 sys=0.00, real=0.00 secs] 
2024-10-04T21:45:47.718+0300: 662.927: Total time for which application threads were stopped: 0.0014985 seconds, Stopping threads took: 0.0001770 seconds
2024-10-04T21:45:48.094+0300: 663.298: Application time: 0.3705435 seconds
2024-10-04T21:45:48.094+0300: 663.298: [GC (Allocation Failure) [PSYoungGen: 264351K->3360K(266240K)] 309917K->48973K(812544K), 0.0009063 secs] [Times: user=0.00 sys=0.00, real=0.00 secs] 
2024-10-04T21:45:48.094+0300: 663.299: Total time for which application threads were stopped: 0.0011787 seconds, Stopping threads took: 0.0001332 seconds
2024-10-04T21:45:48.456+0300: 663.667: Application time: 0.3682792 seconds
2024-10-04T21:45:48.456+0300: 663.667: [GC (Allocation Failure) [PSYoungGen: 262192K->5376K(266240K)] 307805K->51037K(812544K), 0.0013384 secs] [Times: user=0.00 sys=0.00, real=0.00 secs] 
2024-10-04T21:45:48.456+0300: 663.669: Total time for which application threads were stopped: 0.0016360 seconds, Stopping threads took: 0.0001686 seconds
2024-10-04T21:45:48.832+0300: 664.036: Application time: 0.3669189 seconds
2024-10-04T21:45:48.832+0300: 664.036: [GC (Allocation Failure) [PSYoungGen: 264453K->5424K(266240K)] 310115K->51133K(812544K), 0.0011286 secs] [Times: user=0.00 sys=0.00, real=0.00 secs] 
2024-10-04T21:45:48.832+0300: 664.037: Total time for which application threads were stopped: 0.0014063 seconds, Stopping threads took: 0.0001455 seconds
2024-10-04T21:45:49.209+0300: 664.412: Application time: 0.3750758 seconds
2024-10-04T21:45:49.209+0300: 664.412: [GC (Allocation Failure) [PSYoungGen: 265008K->3408K(266240K)] 310717K->49125K(812544K), 0.0010258 secs] [Times: user=0.00 sys=0.00, real=0.00 secs] 
2024-10-04T21:45:49.209+0300: 664.414: Total time for which application threads were stopped: 0.0012965 seconds, Stopping threads took: 0.0001251 seconds
2024-10-04T21:45:49.570+0300: 664.778: Application time: 0.3647411 seconds
2024-10-04T21:45:49.570+0300: 664.779: [GC (Allocation Failure) [PSYoungGen: 262533K->5440K(265216K)] 308250K->51173K(811520K), 0.0012542 secs] [Times: user=0.00 sys=0.00, real=0.00 secs] 
2024-10-04T21:45:49.570+0300: 664.780: Total time for which application threads were stopped: 0.0015390 seconds, Stopping threads took: 0.0001287 seconds
2024-10-04T21:45:49.947+0300: 665.149: Application time: 0.3695585 seconds
2024-10-04T21:45:49.947+0300: 665.150: [GC (Allocation Failure) [PSYoungGen: 265024K->4448K(266240K)] 310757K->50189K(812544K), 0.0009904 secs] [Times: user=0.00 sys=0.00, real=0.00 secs] 
2024-10-04T21:45:49.947+0300: 665.151: Total time for which application threads were stopped: 0.0013304 seconds, Stopping threads took: 0.0001913 seconds
2024-10-04T21:45:50.307+0300: 665.520: Application time: 0.3687805 seconds
2024-10-04T21:45:50.307+0300: 665.520: [GC (Allocation Failure) [PSYoungGen: 263208K->5408K(265728K)] 308949K->51173K(812032K), 0.0013389 secs] [Times: user=0.00 sys=0.00, real=0.00 secs] 
2024-10-04T21:45:50.307+0300: 665.521: Total time for which application threads were stopped: 0.0016875 seconds, Stopping threads took: 0.0002083 seconds
2024-10-04T21:45:50.684+0300: 665.893: Application time: 0.3715544 seconds
2024-10-04T21:45:50.684+0300: 665.893: [GC (Allocation Failure) [PSYoungGen: 264226K->3392K(265728K)] 309991K->49173K(812032K), 0.0009184 secs] [Times: user=0.00 sys=0.00, real=0.00 secs] 
2024-10-04T21:45:50.684+0300: 665.894: Total time for which application threads were stopped: 0.0011633 seconds, Stopping threads took: 0.0001270 seconds
2024-10-04T21:45:51.045+0300: 666.257: Application time: 0.3626854 seconds
2024-10-04T21:45:51.045+0300: 666.257: [GC (Allocation Failure) [PSYoungGen: 261034K->5440K(265728K)] 306815K->51229K(812032K), 0.0012209 secs] [Times: user=0.00 sys=0.00, real=0.00 secs] 
2024-10-04T21:45:51.045+0300: 666.258: Total time for which application threads were stopped: 0.0015225 seconds, Stopping threads took: 0.0001722 seconds
2024-10-04T21:45:51.422+0300: 666.629: Application time: 0.3710320 seconds
2024-10-04T21:45:51.422+0300: 666.629: [GC (Allocation Failure) [PSYoungGen: 263407K->4448K(266240K)] 309196K->50245K(812544K), 0.0011008 secs] [Times: user=0.00 sys=0.00, real=0.00 secs] 
2024-10-04T21:45:51.422+0300: 666.631: Total time for which application threads were stopped: 0.0014070 seconds, Stopping threads took: 0.0001565 seconds
2024-10-04T21:45:51.783+0300: 666.997: Application time: 0.3668735 seconds
2024-10-04T21:45:51.783+0300: 666.998: [GC (Allocation Failure) [PSYoungGen: 263119K->5408K(265728K)] 308917K->51213K(812032K), 0.0012441 secs] [Times: user=0.00 sys=0.00, real=0.00 secs] 
2024-10-04T21:45:51.783+0300: 666.999: Total time for which application threads were stopped: 0.0015729 seconds, Stopping threads took: 0.0001823 seconds
2024-10-04T21:45:52.160+0300: 667.367: Application time: 0.3681568 seconds
2024-10-04T21:45:52.160+0300: 667.368: [GC (Allocation Failure) [PSYoungGen: 264142K->5440K(265728K)] 309947K->51285K(812032K), 0.0017249 secs] [Times: user=0.00 sys=0.00, real=0.00 secs] 
2024-10-04T21:45:52.160+0300: 667.370: Total time for which application threads were stopped: 0.0022998 seconds, Stopping threads took: 0.0003742 seconds
2024-10-04T21:45:52.536+0300: 667.737: Application time: 0.3677409 seconds
2024-10-04T21:45:52.536+0300: 667.738: [GC (Allocation Failure) [PSYoungGen: 263450K->4448K(265728K)] 309295K->50301K(812032K), 0.0011371 secs] [Times: user=0.00 sys=0.00, real=0.00 secs] 
2024-10-04T21:45:52.536+0300: 667.739: Total time for which application threads were stopped: 0.0014624 seconds, Stopping threads took: 0.0001930 seconds
2024-10-04T21:45:52.897+0300: 668.106: Application time: 0.3671573 seconds
2024-10-04T21:45:52.897+0300: 668.106: [GC (Allocation Failure) [PSYoungGen: 262766K->2416K(265216K)] 308620K->48285K(811520K), 0.0008007 secs] [Times: user=0.00 sys=0.00, real=0.00 secs] 
2024-10-04T21:45:52.897+0300: 668.107: Total time for which application threads were stopped: 0.0010956 seconds, Stopping threads took: 0.0001454 seconds
2024-10-04T21:45:53.274+0300: 668.476: Application time: 0.3692474 seconds
2024-10-04T21:45:53.274+0300: 668.476: [GC (Allocation Failure) [PSYoungGen: 260268K->5408K(265728K)] 306138K->51317K(812032K), 0.0011036 secs] [Times: user=0.00 sys=0.00, real=0.00 secs] 
2024-10-04T21:45:53.274+0300: 668.478: Total time for which application threads were stopped: 0.0013965 seconds, Stopping threads took: 0.0001673 seconds
2024-10-04T21:45:53.635+0300: 668.843: Application time: 0.3651702 seconds
2024-10-04T21:45:53.635+0300: 668.843: [GC (Allocation Failure) [PSYoungGen: 263527K->5440K(265728K)] 309437K->51397K(812032K), 0.0011994 secs] [Times: user=0.00 sys=0.00, real=0.00 secs] 
2024-10-04T21:45:53.635+0300: 668.844: Total time for which application threads were stopped: 0.0015058 seconds, Stopping threads took: 0.0001727 seconds
2024-10-04T21:45:53.996+0300: 669.211: Application time: 0.3666211 seconds
2024-10-04T21:45:53.996+0300: 669.211: [GC (Allocation Failure) [PSYoungGen: 263915K->4448K(265728K)] 309872K->50413K(812032K), 0.0012004 secs] [Times: user=0.00 sys=0.00, real=0.02 secs] 
2024-10-04T21:45:54.012+0300: 669.213: Total time for which application threads were stopped: 0.0016665 seconds, Stopping threads took: 0.0002968 seconds
2024-10-04T21:45:54.373+0300: 669.583: Application time: 0.3708207 seconds
2024-10-04T21:45:54.373+0300: 669.584: [GC (Allocation Failure) [PSYoungGen: 262290K->3328K(265728K)] 308256K->49377K(812032K), 0.0009128 secs] [Times: user=0.00 sys=0.00, real=0.00 secs] 
2024-10-04T21:45:54.373+0300: 669.585: Total time for which application threads were stopped: 0.0012239 seconds, Stopping threads took: 0.0001755 seconds
2024-10-04T21:45:54.750+0300: 669.951: Application time: 0.3659558 seconds
2024-10-04T21:45:54.750+0300: 669.951: [GC (Allocation Failure) [PSYoungGen: 261170K->5376K(265728K)] 307220K->51489K(812032K), 0.0011584 secs] [Times: user=0.00 sys=0.00, real=0.00 secs] 
2024-10-04T21:45:54.750+0300: 669.952: Total time for which application threads were stopped: 0.0014503 seconds, Stopping threads took: 0.0001692 seconds
2024-10-04T21:45:55.110+0300: 670.320: Application time: 0.3681104 seconds
2024-10-04T21:45:55.110+0300: 670.320: [GC (Allocation Failure) [PSYoungGen: 263094K->4384K(265728K)] 309207K->50513K(812032K), 0.0012050 secs] [Times: user=0.00 sys=0.00, real=0.00 secs] 
2024-10-04T21:45:55.110+0300: 670.322: Total time for which application threads were stopped: 0.0016161 seconds, Stopping threads took: 0.0002405 seconds
2024-10-04T21:45:55.487+0300: 670.692: Application time: 0.3700227 seconds
2024-10-04T21:45:55.487+0300: 670.692: [GC (Allocation Failure) [PSYoungGen: 262253K->4416K(265728K)] 308383K->50553K(812032K), 0.0010381 secs] [Times: user=0.00 sys=0.00, real=0.00 secs] 
2024-10-04T21:45:55.487+0300: 670.693: Total time for which application threads were stopped: 0.0013671 seconds, Stopping threads took: 0.0001921 seconds
2024-10-04T21:45:55.852+0300: 671.058: Application time: 0.3646610 seconds
2024-10-04T21:45:55.852+0300: 671.058: [GC (Allocation Failure) [PSYoungGen: 262247K->5472K(265216K)] 308384K->51617K(811520K), 0.0012317 secs] [Times: user=0.00 sys=0.00, real=0.00 secs] 
2024-10-04T21:45:55.852+0300: 671.059: Total time for which application threads were stopped: 0.0014875 seconds, Stopping threads took: 0.0001217 seconds
2024-10-04T21:45:56.224+0300: 671.428: Application time: 0.3682779 seconds
2024-10-04T21:45:56.224+0300: 671.428: [GC (Allocation Failure) [PSYoungGen: 263319K->4416K(265728K)] 309465K->50569K(812032K), 0.0010252 secs] [Times: user=0.00 sys=0.00, real=0.00 secs] 
2024-10-04T21:45:56.224+0300: 671.429: Total time for which application threads were stopped: 0.0014018 seconds, Stopping threads took: 0.0002026 seconds
2024-10-04T21:45:56.585+0300: 671.794: Application time: 0.3652514 seconds
2024-10-04T21:45:56.585+0300: 671.795: [GC (Allocation Failure) [PSYoungGen: 262920K->4464K(266240K)] 309073K->50625K(812544K), 0.0010118 secs] [Times: user=0.00 sys=0.00, real=0.00 secs] 
2024-10-04T21:45:56.585+0300: 671.796: Total time for which application threads were stopped: 0.0013461 seconds, Stopping threads took: 0.0001845 seconds
2024-10-04T21:45:56.954+0300: 672.161: Application time: 0.3655437 seconds
2024-10-04T21:45:56.954+0300: 672.161: [GC (Allocation Failure) [PSYoungGen: 263390K->4464K(266240K)] 309551K->50633K(812544K), 0.0011181 secs] [Times: user=0.01 sys=0.00, real=0.01 secs] 
2024-10-04T21:45:56.961+0300: 672.163: Total time for which application threads were stopped: 0.0014438 seconds, Stopping threads took: 0.0001848 seconds
2024-10-04T21:45:57.322+0300: 672.534: Application time: 0.3711515 seconds
2024-10-04T21:45:57.322+0300: 672.534: [GC (Allocation Failure) [PSYoungGen: 263392K->5440K(266240K)] 309562K->51617K(812544K), 0.0013504 secs] [Times: user=0.00 sys=0.00, real=0.00 secs] 
2024-10-04T21:45:57.322+0300: 672.536: Total time for which application threads were stopped: 0.0017628 seconds, Stopping threads took: 0.0001901 seconds
2024-10-04T21:45:57.700+0300: 672.904: Application time: 0.3682292 seconds
2024-10-04T21:45:57.700+0300: 672.904: [GC (Allocation Failure) [PSYoungGen: 264207K->3392K(266240K)] 310385K->49577K(812544K), 0.0008361 secs] [Times: user=0.00 sys=0.00, real=0.00 secs] 
2024-10-04T21:45:57.700+0300: 672.905: Total time for which application threads were stopped: 0.0011431 seconds, Stopping threads took: 0.0001782 seconds
2024-10-04T21:45:58.060+0300: 673.272: Application time: 0.3672616 seconds
2024-10-04T21:45:58.060+0300: 673.272: [GC (Allocation Failure) [PSYoungGen: 262216K->4416K(266240K)] 308402K->50641K(812544K), 0.0009941 secs] [Times: user=0.00 sys=0.00, real=0.00 secs] 
2024-10-04T21:45:58.060+0300: 673.273: Total time for which application threads were stopped: 0.0012848 seconds, Stopping threads took: 0.0001648 seconds
2024-10-04T21:45:58.437+0300: 673.649: Application time: 0.3753355 seconds
2024-10-04T21:45:58.437+0300: 673.649: [GC (Allocation Failure) [PSYoungGen: 263204K->2368K(266240K)] 309430K->48609K(812544K), 0.0008332 secs] [Times: user=0.00 sys=0.00, real=0.00 secs] 
2024-10-04T21:45:58.437+0300: 673.650: Total time for which application threads were stopped: 0.0011970 seconds, Stopping threads took: 0.0002034 seconds
2024-10-04T21:45:58.798+0300: 674.012: Application time: 0.3621894 seconds
2024-10-04T21:45:58.798+0300: 674.012: [GC (Allocation Failure) [PSYoungGen: 261143K->4448K(266240K)] 307385K->50729K(812544K), 0.0010493 secs] [Times: user=0.00 sys=0.00, real=0.00 secs] 
2024-10-04T21:45:58.798+0300: 674.014: Total time for which application threads were stopped: 0.0013703 seconds, Stopping threads took: 0.0002057 seconds
2024-10-04T21:45:59.174+0300: 674.389: Application time: 0.3751545 seconds
2024-10-04T21:45:59.174+0300: 674.389: [GC (Allocation Failure) [PSYoungGen: 264032K->3408K(266240K)] 310313K->49705K(812544K), 0.0009373 secs] [Times: user=0.00 sys=0.00, real=0.00 secs] 
2024-10-04T21:45:59.174+0300: 674.390: Total time for which application threads were stopped: 0.0012987 seconds, Stopping threads took: 0.0002012 seconds
2024-10-04T21:45:59.551+0300: 674.755: Application time: 0.3651598 seconds
2024-10-04T21:45:59.551+0300: 674.755: [GC (Allocation Failure) [PSYoungGen: 262396K->5360K(266240K)] 308694K->51697K(812544K), 0.0011939 secs] [Times: user=0.00 sys=0.00, real=0.00 secs] 
2024-10-04T21:45:59.551+0300: 674.757: Total time for which application threads were stopped: 0.0014832 seconds, Stopping threads took: 0.0001549 seconds
2024-10-04T21:45:59.912+0300: 675.125: Application time: 0.3685734 seconds
2024-10-04T21:45:59.912+0300: 675.125: [GC (Allocation Failure) [PSYoungGen: 264944K->5440K(266240K)] 311281K->51785K(812544K), 0.0011163 secs] [Times: user=0.00 sys=0.00, real=0.00 secs] 
2024-10-04T21:45:59.912+0300: 675.127: Total time for which application threads were stopped: 0.0014248 seconds, Stopping threads took: 0.0001678 seconds
2024-10-04T21:46:00.305+0300: 675.509: Application time: 0.3820253 seconds
2024-10-04T21:46:00.305+0300: 675.509: [GC (Allocation Failure) [PSYoungGen: 264264K->3392K(266240K)] 310609K->49785K(812544K), 0.0009508 secs] [Times: user=0.00 sys=0.00, real=0.00 secs] 
2024-10-04T21:46:00.305+0300: 675.510: Total time for which application threads were stopped: 0.0012358 seconds, Stopping threads took: 0.0001370 seconds
2024-10-04T21:46:00.666+0300: 675.873: Application time: 0.3632386 seconds
2024-10-04T21:46:00.666+0300: 675.873: [GC (Allocation Failure) [PSYoungGen: 262486K->5360K(265216K)] 308880K->51821K(811520K), 0.0013457 secs] [Times: user=0.00 sys=0.00, real=0.00 secs] 
2024-10-04T21:46:00.666+0300: 675.875: Total time for which application threads were stopped: 0.0016686 seconds, Stopping threads took: 0.0001746 seconds
2024-10-04T21:46:01.042+0300: 676.244: Application time: 0.3689656 seconds
2024-10-04T21:46:01.042+0300: 676.244: [GC (Allocation Failure) [PSYoungGen: 264163K->5472K(265728K)] 310624K->51941K(812032K), 0.0011355 secs] [Times: user=0.00 sys=0.00, real=0.00 secs] 
2024-10-04T21:46:01.042+0300: 676.245: Total time for which application threads were stopped: 0.0014404 seconds, Stopping threads took: 0.0001676 seconds
2024-10-04T21:46:01.403+0300: 676.615: Application time: 0.3701442 seconds
2024-10-04T21:46:01.403+0300: 676.616: [GC (Allocation Failure) [PSYoungGen: 263181K->4464K(265728K)] 309651K->50941K(812032K), 0.0011822 secs] [Times: user=0.00 sys=0.00, real=0.00 secs] 
2024-10-04T21:46:01.403+0300: 676.617: Total time for which application threads were stopped: 0.0015564 seconds, Stopping threads took: 0.0002437 seconds
2024-10-04T21:46:01.780+0300: 676.983: Application time: 0.3665146 seconds
2024-10-04T21:46:01.780+0300: 676.984: [GC (Allocation Failure) [PSYoungGen: 263024K->4480K(266240K)] 309501K->50965K(812544K), 0.0009644 secs] [Times: user=0.00 sys=0.00, real=0.00 secs] 
2024-10-04T21:46:01.780+0300: 676.985: Total time for which application threads were stopped: 0.0012379 seconds, Stopping threads took: 0.0001507 seconds
2024-10-04T21:46:02.140+0300: 677.356: Application time: 0.3709198 seconds
2024-10-04T21:46:02.140+0300: 677.356: [GC (Allocation Failure) [PSYoungGen: 263182K->5424K(265728K)] 309667K->51926K(812032K), 0.0014084 secs] [Times: user=0.02 sys=0.00, real=0.02 secs] 
2024-10-04T21:46:02.156+0300: 677.357: Total time for which application threads were stopped: 0.0017124 seconds, Stopping threads took: 0.0001423 seconds
2024-10-04T21:46:02.517+0300: 677.727: Application time: 0.3692607 seconds
2024-10-04T21:46:02.517+0300: 677.727: [GC (Allocation Failure) [PSYoungGen: 264215K->4448K(266240K)] 310717K->50957K(812544K), 0.0010931 secs] [Times: user=0.00 sys=0.00, real=0.00 secs] 
2024-10-04T21:46:02.517+0300: 677.728: Total time for which application threads were stopped: 0.0013768 seconds, Stopping threads took: 0.0001363 seconds
2024-10-04T21:46:02.894+0300: 678.094: Application time: 0.3661451 seconds
2024-10-04T21:46:02.894+0300: 678.094: [GC (Allocation Failure) [PSYoungGen: 263242K->4448K(266240K)] 309752K->50965K(812544K), 0.0009486 secs] [Times: user=0.00 sys=0.00, real=0.00 secs] 
2024-10-04T21:46:02.894+0300: 678.095: Total time for which application threads were stopped: 0.0013360 seconds, Stopping threads took: 0.0002273 seconds
2024-10-04T21:46:03.270+0300: 678.472: Application time: 0.3767017 seconds
2024-10-04T21:46:03.270+0300: 678.472: [GC (Allocation Failure) [PSYoungGen: 264032K->5440K(266240K)] 310549K->51981K(812544K), 0.0013419 secs] [Times: user=0.00 sys=0.00, real=0.00 secs] 
2024-10-04T21:46:03.270+0300: 678.474: Total time for which application threads were stopped: 0.0016766 seconds, Stopping threads took: 0.0001724 seconds
2024-10-04T21:46:03.631+0300: 678.840: Application time: 0.3659043 seconds
2024-10-04T21:46:03.631+0300: 678.840: [GC (Allocation Failure) [PSYoungGen: 264220K->3440K(266240K)] 310762K->49989K(812544K), 0.0008683 secs] [Times: user=0.00 sys=0.00, real=0.00 secs] 
2024-10-04T21:46:03.631+0300: 678.841: Total time for which application threads were stopped: 0.0012139 seconds, Stopping threads took: 0.0001942 seconds
2024-10-04T21:46:03.992+0300: 679.204: Application time: 0.3627015 seconds
2024-10-04T21:46:03.992+0300: 679.204: [GC (Allocation Failure) [PSYoungGen: 262423K->5440K(266240K)] 308973K->51997K(812544K), 0.0011540 secs] [Times: user=0.00 sys=0.00, real=0.00 secs] 
2024-10-04T21:46:03.992+0300: 679.205: Total time for which application threads were stopped: 0.0015058 seconds, Stopping threads took: 0.0002030 seconds
2024-10-04T21:46:04.370+0300: 679.583: Application time: 0.3780305 seconds
2024-10-04T21:46:04.370+0300: 679.583: [GC (Allocation Failure) [PSYoungGen: 265024K->4384K(266240K)] 311581K->50981K(812544K), 0.0011104 secs] [Times: user=0.00 sys=0.00, real=0.00 secs] 
2024-10-04T21:46:04.370+0300: 679.585: Total time for which application threads were stopped: 0.0014030 seconds, Stopping threads took: 0.0001581 seconds
2024-10-04T21:46:04.745+0300: 679.949: Application time: 0.3645023 seconds
2024-10-04T21:46:04.745+0300: 679.949: [GC (Allocation Failure) [PSYoungGen: 263229K->5424K(266240K)] 309827K->52062K(812544K), 0.0011572 secs] [Times: user=0.00 sys=0.00, real=0.00 secs] 
2024-10-04T21:46:04.745+0300: 679.951: Total time for which application threads were stopped: 0.0014499 seconds, Stopping threads took: 0.0001516 seconds
2024-10-04T21:46:05.122+0300: 680.325: Application time: 0.3741302 seconds
2024-10-04T21:46:05.122+0300: 680.325: [GC (Allocation Failure) [PSYoungGen: 264589K->5408K(266240K)] 311227K->52054K(812544K), 0.0013621 secs] [Times: user=0.00 sys=0.00, real=0.00 secs] 
2024-10-04T21:46:05.122+0300: 680.326: Total time for which application threads were stopped: 0.0016369 seconds, Stopping threads took: 0.0001291 seconds
2024-10-04T21:46:05.483+0300: 680.693: Application time: 0.3670165 seconds
2024-10-04T21:46:05.483+0300: 680.694: [GC (Allocation Failure) [PSYoungGen: 264171K->4416K(266240K)] 310817K->51069K(812544K), 0.0011154 secs] [Times: user=0.00 sys=0.00, real=0.00 secs] 
2024-10-04T21:46:05.483+0300: 680.695: Total time for which application threads were stopped: 0.0014469 seconds, Stopping threads took: 0.0001820 seconds
2024-10-04T21:46:05.843+0300: 681.057: Application time: 0.3620997 seconds
2024-10-04T21:46:05.843+0300: 681.057: [GC (Allocation Failure) [PSYoungGen: 263372K->5408K(266240K)] 310025K->52102K(812544K), 0.0012184 secs] [Times: user=0.00 sys=0.00, real=0.00 secs] 
2024-10-04T21:46:05.843+0300: 681.059: Total time for which application threads were stopped: 0.0015663 seconds, Stopping threads took: 0.0002029 seconds
2024-10-04T21:46:06.236+0300: 681.439: Application time: 0.3808722 seconds
2024-10-04T21:46:06.236+0300: 681.440: [GC (Allocation Failure) [PSYoungGen: 264992K->3456K(266240K)] 311686K->50157K(812544K), 0.0008649 secs] [Times: user=0.00 sys=0.00, real=0.00 secs] 
2024-10-04T21:46:06.236+0300: 681.441: Total time for which application threads were stopped: 0.0011541 seconds, Stopping threads took: 0.0001516 seconds
2024-10-04T21:46:06.597+0300: 681.806: Application time: 0.3652685 seconds
2024-10-04T21:46:06.597+0300: 681.806: [GC (Allocation Failure) [PSYoungGen: 262439K->4416K(266240K)] 309141K->51150K(812544K), 0.0010237 secs] [Times: user=0.00 sys=0.00, real=0.00 secs] 
2024-10-04T21:46:06.597+0300: 681.807: Total time for which application threads were stopped: 0.0013550 seconds, Stopping threads took: 0.0001779 seconds
2024-10-04T21:46:06.958+0300: 682.174: Application time: 0.3670503 seconds
2024-10-04T21:46:06.974+0300: 682.175: [GC (Allocation Failure) [PSYoungGen: 263537K->4448K(266240K)] 310271K->51222K(812544K), 0.0011001 secs] [Times: user=0.00 sys=0.00, real=0.00 secs] 
2024-10-04T21:46:06.974+0300: 682.176: Total time for which application threads were stopped: 0.0014581 seconds, Stopping threads took: 0.0001885 seconds
2024-10-04T21:46:07.335+0300: 682.547: Application time: 0.3717262 seconds
2024-10-04T21:46:07.335+0300: 682.548: [GC (Allocation Failure) [PSYoungGen: 263094K->4384K(266240K)] 309868K->51198K(812544K), 0.0011507 secs] [Times: user=0.00 sys=0.00, real=0.00 secs] 
2024-10-04T21:46:07.335+0300: 682.549: Total time for which application threads were stopped: 0.0014907 seconds, Stopping threads took: 0.0002063 seconds
2024-10-04T21:46:07.711+0300: 682.914: Application time: 0.3649404 seconds
2024-10-04T21:46:07.711+0300: 682.914: [GC (Allocation Failure) [PSYoungGen: 263529K->4448K(266752K)] 310343K->51270K(813056K), 0.0010267 secs] [Times: user=0.00 sys=0.00, real=0.00 secs] 
2024-10-04T21:46:07.711+0300: 682.915: Total time for which application threads were stopped: 0.0013687 seconds, Stopping threads took: 0.0002161 seconds
2024-10-04T21:46:08.078+0300: 683.287: Application time: 0.3714425 seconds
2024-10-04T21:46:08.078+0300: 683.287: [GC (Allocation Failure) [PSYoungGen: 264544K->4448K(266240K)] 311366K->51278K(812544K), 0.0010235 secs] [Times: user=0.00 sys=0.00, real=0.00 secs] 
2024-10-04T21:46:08.078+0300: 683.288: Total time for which application threads were stopped: 0.0013413 seconds, Stopping threads took: 0.0001893 seconds
2024-10-04T21:46:08.449+0300: 683.661: Application time: 0.3733364 seconds
2024-10-04T21:46:08.449+0300: 683.662: [GC (Allocation Failure) [PSYoungGen: 264544K->4448K(266752K)] 311374K->51286K(813056K), 0.0011145 secs] [Times: user=0.00 sys=0.00, real=0.00 secs] 
2024-10-04T21:46:08.449+0300: 683.663: Total time for which application threads were stopped: 0.0014615 seconds, Stopping threads took: 0.0001972 seconds
2024-10-04T21:46:08.826+0300: 684.032: Application time: 0.3689340 seconds
2024-10-04T21:46:08.826+0300: 684.032: [GC (Allocation Failure) [PSYoungGen: 265056K->5408K(266752K)] 311894K->52262K(813056K), 0.0011373 secs] [Times: user=0.00 sys=0.00, real=0.00 secs] 
2024-10-04T21:46:08.826+0300: 684.033: Total time for which application threads were stopped: 0.0013803 seconds, Stopping threads took: 0.0001221 seconds
2024-10-04T21:46:09.202+0300: 684.408: Application time: 0.3745061 seconds
2024-10-04T21:46:09.202+0300: 684.408: [GC (Allocation Failure) [PSYoungGen: 265451K->5440K(265728K)] 312305K->52302K(812032K), 0.0011955 secs] [Times: user=0.00 sys=0.00, real=0.00 secs] 
2024-10-04T21:46:09.202+0300: 684.409: Total time for which application threads were stopped: 0.0015608 seconds, Stopping threads took: 0.0001854 seconds
2024-10-04T21:46:09.562+0300: 684.778: Application time: 0.3691665 seconds
2024-10-04T21:46:09.578+0300: 684.779: [GC (Allocation Failure) [PSYoungGen: 264232K->3424K(266240K)] 311094K->50294K(812544K), 0.0010504 secs] [Times: user=0.00 sys=0.00, real=0.00 secs] 
2024-10-04T21:46:09.578+0300: 684.780: Total time for which application threads were stopped: 0.0013820 seconds, Stopping threads took: 0.0001676 seconds
2024-10-04T21:46:09.939+0300: 685.145: Application time: 0.3653419 seconds
2024-10-04T21:46:09.939+0300: 685.145: [GC (Allocation Failure) [PSYoungGen: 262209K->4416K(266752K)] 309079K->51294K(813056K), 0.0011731 secs] [Times: user=0.00 sys=0.00, real=0.00 secs] 
2024-10-04T21:46:09.939+0300: 685.147: Total time for which application threads were stopped: 0.0014553 seconds, Stopping threads took: 0.0001282 seconds
2024-10-04T21:46:10.316+0300: 685.519: Application time: 0.3727811 seconds
2024-10-04T21:46:10.316+0300: 685.520: [GC (Allocation Failure) [PSYoungGen: 264463K->5440K(266240K)] 311341K->52326K(812544K), 0.0011651 secs] [Times: user=0.00 sys=0.00, real=0.00 secs] 
2024-10-04T21:46:10.316+0300: 685.521: Total time for which application threads were stopped: 0.0015061 seconds, Stopping threads took: 0.0002053 seconds
2024-10-04T21:46:10.692+0300: 685.893: Application time: 0.3724163 seconds
2024-10-04T21:46:10.692+0300: 685.893: [GC (Allocation Failure) [PSYoungGen: 265536K->3424K(266240K)] 312422K->50326K(812544K), 0.0008554 secs] [Times: user=0.00 sys=0.00, real=0.00 secs] 
2024-10-04T21:46:10.692+0300: 685.894: Total time for which application threads were stopped: 0.0011446 seconds, Stopping threads took: 0.0001652 seconds
2024-10-04T21:46:11.053+0300: 686.261: Application time: 0.3661728 seconds
2024-10-04T21:46:11.053+0300: 686.261: [GC (Allocation Failure) [PSYoungGen: 263008K->4384K(266240K)] 309910K->51362K(812544K), 0.0010323 secs] [Times: user=0.00 sys=0.00, real=0.00 secs] 
2024-10-04T21:46:11.053+0300: 686.262: Total time for which application threads were stopped: 0.0012792 seconds, Stopping threads took: 0.0001272 seconds
2024-10-04T21:46:11.430+0300: 686.635: Application time: 0.3728638 seconds
2024-10-04T21:46:11.430+0300: 686.635: [GC (Allocation Failure) [PSYoungGen: 263364K->4464K(266752K)] 310343K->51450K(813056K), 0.0011240 secs] [Times: user=0.00 sys=0.00, real=0.00 secs] 
2024-10-04T21:46:11.430+0300: 686.636: Total time for which application threads were stopped: 0.0014253 seconds, Stopping threads took: 0.0001730 seconds
2024-10-04T21:46:11.791+0300: 687.005: Application time: 0.3689722 seconds
2024-10-04T21:46:11.791+0300: 687.005: [GC (Allocation Failure) [PSYoungGen: 264552K->3408K(266240K)] 311539K->50410K(812544K), 0.0008048 secs] [Times: user=0.00 sys=0.00, real=0.00 secs] 
2024-10-04T21:46:11.791+0300: 687.006: Total time for which application threads were stopped: 0.0011041 seconds, Stopping threads took: 0.0001732 seconds
2024-10-04T21:46:12.167+0300: 687.379: Application time: 0.3726256 seconds
2024-10-04T21:46:12.167+0300: 687.379: [GC (Allocation Failure) [PSYoungGen: 263253K->5392K(265728K)] 310255K->52434K(812032K), 0.0012619 secs] [Times: user=0.00 sys=0.00, real=0.00 secs] 
2024-10-04T21:46:12.167+0300: 687.380: Total time for which application threads were stopped: 0.0015848 seconds, Stopping threads took: 0.0001778 seconds
2024-10-04T21:46:12.544+0300: 687.746: Application time: 0.3655333 seconds
2024-10-04T21:46:12.544+0300: 687.746: [GC (Allocation Failure) [PSYoungGen: 264350K->4400K(266240K)] 311392K->51482K(812544K), 0.0011304 secs] [Times: user=0.00 sys=0.00, real=0.00 secs] 
2024-10-04T21:46:12.544+0300: 687.747: Total time for which application threads were stopped: 0.0014466 seconds, Stopping threads took: 0.0001883 seconds
2024-10-04T21:46:12.905+0300: 688.117: Application time: 0.3691673 seconds
2024-10-04T21:46:12.905+0300: 688.117: [GC (Allocation Failure) [PSYoungGen: 263984K->4448K(266752K)] 311066K->51538K(813056K), 0.0010652 secs] [Times: user=0.00 sys=0.00, real=0.00 secs] 
2024-10-04T21:46:12.905+0300: 688.118: Total time for which application threads were stopped: 0.0013386 seconds, Stopping threads took: 0.0001386 seconds
2024-10-04T21:46:13.289+0300: 688.496: Application time: 0.3779040 seconds
2024-10-04T21:46:13.289+0300: 688.496: [GC (Allocation Failure) [PSYoungGen: 264726K->3392K(266752K)] 311816K->50498K(813056K), 0.0008570 secs] [Times: user=0.00 sys=0.00, real=0.00 secs] 
2024-10-04T21:46:13.289+0300: 688.497: Total time for which application threads were stopped: 0.0011270 seconds, Stopping threads took: 0.0001464 seconds
2024-10-04T21:46:13.659+0300: 688.865: Application time: 0.3680146 seconds
2024-10-04T21:46:13.659+0300: 688.865: [GC (Allocation Failure) [PSYoungGen: 263323K->3392K(266752K)] 310429K->50546K(813056K), 0.0008508 secs] [Times: user=0.00 sys=0.00, real=0.00 secs] 
2024-10-04T21:46:13.659+0300: 688.866: Total time for which application threads were stopped: 0.0011221 seconds, Stopping threads took: 0.0001516 seconds
2024-10-04T21:46:14.035+0300: 689.244: Application time: 0.3776798 seconds
2024-10-04T21:46:14.035+0300: 689.244: [GC (Allocation Failure) [PSYoungGen: 263511K->5440K(266240K)] 310666K->52602K(812544K), 0.0013078 secs] [Times: user=0.00 sys=0.00, real=0.00 secs] 
2024-10-04T21:46:14.035+0300: 689.245: Total time for which application threads were stopped: 0.0016483 seconds, Stopping threads took: 0.0001743 seconds
2024-10-04T21:46:14.411+0300: 689.625: Application time: 0.3795994 seconds
2024-10-04T21:46:14.411+0300: 689.625: [GC (Allocation Failure) [PSYoungGen: 265521K->3392K(266240K)] 312683K->50570K(812544K), 0.0009349 secs] [Times: user=0.00 sys=0.00, real=0.00 secs] 
2024-10-04T21:46:14.411+0300: 689.626: Total time for which application threads were stopped: 0.0011967 seconds, Stopping threads took: 0.0001148 seconds
2024-10-04T21:46:14.792+0300: 690.001: Application time: 0.3744058 seconds
2024-10-04T21:46:14.792+0300: 690.001: [GC (Allocation Failure) [PSYoungGen: 262183K->5392K(266240K)] 309361K->52618K(812544K), 0.0012464 secs] [Times: user=0.00 sys=0.00, real=0.00 secs] 
2024-10-04T21:46:14.792+0300: 690.002: Total time for which application threads were stopped: 0.0015467 seconds, Stopping threads took: 0.0001545 seconds
2024-10-04T21:46:15.165+0300: 690.380: Application time: 0.3774029 seconds
2024-10-04T21:46:15.165+0300: 690.380: [GC (Allocation Failure) [PSYoungGen: 264280K->3408K(266240K)] 311506K->50650K(812544K), 0.0010957 secs] [Times: user=0.00 sys=0.00, real=0.02 secs] 
2024-10-04T21:46:15.180+0300: 690.381: Total time for which application threads were stopped: 0.0015272 seconds, Stopping threads took: 0.0002839 seconds
2024-10-04T21:46:15.541+0300: 690.751: Application time: 0.3700297 seconds
2024-10-04T21:46:15.541+0300: 690.751: [GC (Allocation Failure) [PSYoungGen: 262374K->4464K(266240K)] 309616K->51714K(812544K), 0.0012197 secs] [Times: user=0.00 sys=0.00, real=0.00 secs] 
2024-10-04T21:46:15.541+0300: 690.753: Total time for which application threads were stopped: 0.0015512 seconds, Stopping threads took: 0.0001870 seconds
2024-10-04T21:46:15.902+0300: 691.118: Application time: 0.3649550 seconds
2024-10-04T21:46:15.902+0300: 691.118: [GC (Allocation Failure) [PSYoungGen: 263394K->5440K(266240K)] 310644K->52698K(812544K), 0.0013064 secs] [Times: user=0.02 sys=0.00, real=0.02 secs] 
2024-10-04T21:46:15.918+0300: 691.119: Total time for which application threads were stopped: 0.0015996 seconds, Stopping threads took: 0.0001424 seconds
2024-10-04T21:46:16.294+0300: 691.496: Application time: 0.3763065 seconds
2024-10-04T21:46:16.294+0300: 691.496: [GC (Allocation Failure) [PSYoungGen: 264367K->4480K(266240K)] 311626K->51746K(812544K), 0.0011543 secs] [Times: user=0.00 sys=0.00, real=0.00 secs] 
2024-10-04T21:46:16.295+0300: 691.497: Total time for which application threads were stopped: 0.0014127 seconds, Stopping threads took: 0.0000947 seconds
2024-10-04T21:46:16.655+0300: 691.864: Application time: 0.3671252 seconds
2024-10-04T21:46:16.655+0300: 691.864: [GC (Allocation Failure) [PSYoungGen: 263212K->4448K(266752K)] 310478K->51722K(813056K), 0.0012603 secs] [Times: user=0.00 sys=0.00, real=0.00 secs] 
2024-10-04T21:46:16.655+0300: 691.866: Total time for which application threads were stopped: 0.0015464 seconds, Stopping threads took: 0.0001403 seconds
2024-10-04T21:46:17.016+0300: 692.231: Application time: 0.3655686 seconds
2024-10-04T21:46:17.016+0300: 692.232: [GC (Allocation Failure) [PSYoungGen: 264281K->5376K(266240K)] 311556K->52698K(812544K), 0.0015027 secs] [Times: user=0.02 sys=0.00, real=0.01 secs] 
2024-10-04T21:46:17.031+0300: 692.233: Total time for which application threads were stopped: 0.0018876 seconds, Stopping threads took: 0.0002156 seconds
2024-10-04T21:46:17.408+0300: 692.613: Application time: 0.3798836 seconds
2024-10-04T21:46:17.408+0300: 692.613: [GC (Allocation Failure) [PSYoungGen: 265472K->5472K(266240K)] 312794K->52802K(812544K), 0.0014866 secs] [Times: user=0.02 sys=0.00, real=0.00 secs] 
2024-10-04T21:46:17.408+0300: 692.615: Total time for which application threads were stopped: 0.0018205 seconds, Stopping threads took: 0.0001203 seconds
2024-10-04T21:46:17.768+0300: 692.983: Application time: 0.3681310 seconds
2024-10-04T21:46:17.768+0300: 692.983: [GC (Allocation Failure) [PSYoungGen: 265056K->3408K(266240K)] 312386K->50754K(812544K), 0.0010402 secs] [Times: user=0.00 sys=0.00, real=0.00 secs] 
2024-10-04T21:46:17.768+0300: 692.984: Total time for which application threads were stopped: 0.0013992 seconds, Stopping threads took: 0.0001962 seconds
2024-10-04T21:46:18.144+0300: 693.358: Application time: 0.3734376 seconds
2024-10-04T21:46:18.144+0300: 693.358: [GC (Allocation Failure) [PSYoungGen: 262992K->3424K(266240K)] 310338K->50778K(812544K), 0.0009954 secs] [Times: user=0.00 sys=0.00, real=0.00 secs] 
2024-10-04T21:46:18.144+0300: 693.359: Total time for which application threads were stopped: 0.0013265 seconds, Stopping threads took: 0.0001731 seconds
2024-10-04T21:46:18.521+0300: 693.725: Application time: 0.3657786 seconds
2024-10-04T21:46:18.521+0300: 693.725: [GC (Allocation Failure) [PSYoungGen: 262365K->5392K(266240K)] 309719K->52834K(812544K), 0.0015539 secs] [Times: user=0.00 sys=0.00, real=0.00 secs] 
2024-10-04T21:46:18.521+0300: 693.727: Total time for which application threads were stopped: 0.0018601 seconds, Stopping threads took: 0.0001472 seconds
2024-10-04T21:46:18.882+0300: 694.097: Application time: 0.3699462 seconds
2024-10-04T21:46:18.882+0300: 694.097: [GC (Allocation Failure) [PSYoungGen: 264384K->5392K(265216K)] 311826K->52914K(811520K), 0.0014061 secs] [Times: user=0.00 sys=0.00, real=0.02 secs] 
2024-10-04T21:46:18.898+0300: 694.099: Total time for which application threads were stopped: 0.0017850 seconds, Stopping threads took: 0.0002083 seconds
2024-10-04T21:46:19.259+0300: 694.471: Application time: 0.3722049 seconds
2024-10-04T21:46:19.259+0300: 694.471: [GC (Allocation Failure) [PSYoungGen: 263952K->4480K(265728K)] 311474K->52010K(812032K), 0.0011823 secs] [Times: user=0.00 sys=0.00, real=0.00 secs] 
2024-10-04T21:46:19.259+0300: 694.472: Total time for which application threads were stopped: 0.0014965 seconds, Stopping threads took: 0.0001564 seconds
2024-10-04T21:46:19.636+0300: 694.837: Application time: 0.3652078 seconds
2024-10-04T21:46:19.636+0300: 694.838: [GC (Allocation Failure) [PSYoungGen: 262357K->5440K(265216K)] 309887K->52986K(811520K), 0.0012443 secs] [Times: user=0.00 sys=0.00, real=0.00 secs] 
2024-10-04T21:46:19.636+0300: 694.839: Total time for which application threads were stopped: 0.0015225 seconds, Stopping threads took: 0.0001354 seconds
2024-10-04T21:46:20.004+0300: 695.210: Application time: 0.3709045 seconds
2024-10-04T21:46:20.004+0300: 695.210: [GC (Allocation Failure) [PSYoungGen: 264000K->2400K(265728K)] 311546K->49962K(812032K), 0.0008865 secs] [Times: user=0.00 sys=0.00, real=0.00 secs] 
2024-10-04T21:46:20.004+0300: 695.211: Total time for which application threads were stopped: 0.0011766 seconds, Stopping threads took: 0.0001390 seconds
2024-10-04T21:46:20.373+0300: 695.585: Application time: 0.3737259 seconds
2024-10-04T21:46:20.373+0300: 695.585: [GC (Allocation Failure) [PSYoungGen: 260198K->5472K(265728K)] 307761K->53050K(812032K), 0.0012618 secs] [Times: user=0.00 sys=0.00, real=0.00 secs] 
2024-10-04T21:46:20.373+0300: 695.586: Total time for which application threads were stopped: 0.0016387 seconds, Stopping threads took: 0.0002086 seconds
2024-10-04T21:46:20.750+0300: 695.960: Application time: 0.3735994 seconds
2024-10-04T21:46:20.750+0300: 695.960: [GC (Allocation Failure) [PSYoungGen: 263272K->2400K(265728K)] 310851K->49986K(812032K), 0.0008227 secs] [Times: user=0.00 sys=0.00, real=0.00 secs] 
2024-10-04T21:46:20.750+0300: 695.961: Total time for which application threads were stopped: 0.0011988 seconds, Stopping threads took: 0.0002107 seconds
2024-10-04T21:46:21.111+0300: 696.326: Application time: 0.3651891 seconds
2024-10-04T21:46:21.111+0300: 696.327: [GC (Allocation Failure) [PSYoungGen: 260083K->4336K(265728K)] 307670K->51970K(812032K), 0.0014377 secs] [Times: user=0.00 sys=0.00, real=0.02 secs] 
2024-10-04T21:46:21.127+0300: 696.328: Total time for which application threads were stopped: 0.0018247 seconds, Stopping threads took: 0.0002179 seconds
2024-10-04T21:46:21.488+0300: 696.702: Application time: 0.3735795 seconds
2024-10-04T21:46:21.488+0300: 696.702: [GC (Allocation Failure) [PSYoungGen: 262896K->4448K(265728K)] 310530K->52090K(812032K), 0.0011568 secs] [Times: user=0.00 sys=0.00, real=0.00 secs] 
2024-10-04T21:46:21.488+0300: 696.703: Total time for which application threads were stopped: 0.0014924 seconds, Stopping threads took: 0.0001448 seconds
2024-10-04T21:46:21.864+0300: 697.074: Application time: 0.3707780 seconds
2024-10-04T21:46:21.864+0300: 697.074: [GC (Allocation Failure) [PSYoungGen: 262956K->4448K(266240K)] 310598K->52098K(812544K), 0.0012121 secs] [Times: user=0.00 sys=0.00, real=0.00 secs] 
2024-10-04T21:46:21.864+0300: 697.076: Total time for which application threads were stopped: 0.0015699 seconds, Stopping threads took: 0.0001842 seconds
2024-10-04T21:46:22.241+0300: 697.453: Application time: 0.3772532 seconds
2024-10-04T21:46:22.241+0300: 697.453: [GC (Allocation Failure) [PSYoungGen: 263533K->5408K(266240K)] 311183K->53090K(812544K), 0.0012864 secs] [Times: user=0.00 sys=0.00, real=0.00 secs] 
2024-10-04T21:46:22.241+0300: 697.455: Total time for which application threads were stopped: 0.0016098 seconds, Stopping threads took: 0.0001848 seconds
2024-10-04T21:46:22.618+0300: 697.822: Application time: 0.3671594 seconds
2024-10-04T21:46:22.618+0300: 697.822: [GC (Allocation Failure) [PSYoungGen: 264891K->5408K(265216K)] 312574K->53114K(811520K), 0.0015502 secs] [Times: user=0.00 sys=0.00, real=0.00 secs] 
2024-10-04T21:46:22.618+0300: 697.824: Total time for which application threads were stopped: 0.0018710 seconds, Stopping threads took: 0.0001807 seconds
2024-10-04T21:46:22.979+0300: 698.188: Application time: 0.3645530 seconds
2024-10-04T21:46:22.979+0300: 698.188: [GC (Allocation Failure) [PSYoungGen: 263581K->5392K(265728K)] 311287K->53138K(812032K), 0.0012343 secs] [Times: user=0.00 sys=0.00, real=0.00 secs] 
2024-10-04T21:46:22.979+0300: 698.190: Total time for which application threads were stopped: 0.0015533 seconds, Stopping threads took: 0.0001562 seconds
2024-10-04T21:46:23.355+0300: 698.566: Application time: 0.3761020 seconds
2024-10-04T21:46:23.355+0300: 698.566: [GC (Allocation Failure) [PSYoungGen: 263849K->3456K(265728K)] 311596K->51210K(812032K), 0.0009615 secs] [Times: user=0.00 sys=0.00, real=0.00 secs] 
2024-10-04T21:46:23.355+0300: 698.567: Total time for which application threads were stopped: 0.0012605 seconds, Stopping threads took: 0.0001733 seconds
2024-10-04T21:46:23.716+0300: 698.931: Application time: 0.3643629 seconds
2024-10-04T21:46:23.716+0300: 698.932: [GC (Allocation Failure) [PSYoungGen: 261336K->3424K(265728K)] 309091K->51194K(812032K), 0.0010915 secs] [Times: user=0.01 sys=0.00, real=0.02 secs] 
2024-10-04T21:46:23.732+0300: 698.933: Total time for which application threads were stopped: 0.0014099 seconds, Stopping threads took: 0.0001731 seconds
2024-10-04T21:46:24.093+0300: 699.297: Application time: 0.3645352 seconds
2024-10-04T21:46:24.093+0300: 699.298: [GC (Allocation Failure) [PSYoungGen: 261410K->4448K(266240K)] 309181K->52258K(812544K), 0.0033314 secs] [Times: user=0.00 sys=0.00, real=0.00 secs] 
2024-10-04T21:46:24.093+0300: 699.301: Total time for which application threads were stopped: 0.0036470 seconds, Stopping threads took: 0.0001410 seconds
2024-10-04T21:46:24.469+0300: 699.674: Application time: 0.3731146 seconds
2024-10-04T21:46:24.469+0300: 699.674: [GC (Allocation Failure) [PSYoungGen: 263176K->4384K(265728K)] 310987K->52226K(812032K), 0.0012096 secs] [Times: user=0.00 sys=0.00, real=0.00 secs] 
2024-10-04T21:46:24.469+0300: 699.676: Total time for which application threads were stopped: 0.0015510 seconds, Stopping threads took: 0.0001775 seconds
2024-10-04T21:46:24.830+0300: 700.039: Application time: 0.3628542 seconds
2024-10-04T21:46:24.830+0300: 700.039: [GC (Allocation Failure) [PSYoungGen: 263340K->5408K(266240K)] 311182K->53298K(812544K), 0.0013137 secs] [Times: user=0.00 sys=0.00, real=0.00 secs] 
2024-10-04T21:46:24.830+0300: 700.040: Total time for which application threads were stopped: 0.0016366 seconds, Stopping threads took: 0.0001890 seconds
2024-10-04T21:46:25.215+0300: 700.419: Application time: 0.3788527 seconds
2024-10-04T21:46:25.215+0300: 700.419: [GC (Allocation Failure) [PSYoungGen: 264992K->4416K(266240K)] 312882K->52346K(812544K), 0.0010545 secs] [Times: user=0.00 sys=0.00, real=0.00 secs] 
2024-10-04T21:46:25.215+0300: 700.420: Total time for which application threads were stopped: 0.0013515 seconds, Stopping threads took: 0.0001310 seconds
2024-10-04T21:46:25.584+0300: 700.787: Application time: 0.3661693 seconds
2024-10-04T21:46:25.584+0300: 700.787: [GC (Allocation Failure) [PSYoungGen: 263309K->3392K(266240K)] 311239K->51330K(812544K), 0.0008980 secs] [Times: user=0.00 sys=0.00, real=0.00 secs] 
2024-10-04T21:46:25.584+0300: 700.788: Total time for which application threads were stopped: 0.0012189 seconds, Stopping threads took: 0.0001887 seconds
2024-10-04T21:46:25.945+0300: 701.154: Application time: 0.3657268 seconds
2024-10-04T21:46:25.945+0300: 701.154: [GC (Allocation Failure) [PSYoungGen: 262345K->5424K(266240K)] 310284K->53386K(812544K), 0.0012695 secs] [Times: user=0.00 sys=0.00, real=0.00 secs] 
2024-10-04T21:46:25.945+0300: 701.155: Total time for which application threads were stopped: 0.0015313 seconds, Stopping threads took: 0.0001379 seconds
2024-10-04T21:46:26.322+0300: 701.530: Application time: 0.3746777 seconds
2024-10-04T21:46:26.322+0300: 701.530: [GC (Allocation Failure) [PSYoungGen: 264220K->3424K(266240K)] 312183K->51394K(812544K), 0.0010331 secs] [Times: user=0.00 sys=0.00, real=0.00 secs] 
2024-10-04T21:46:26.322+0300: 701.531: Total time for which application threads were stopped: 0.0013311 seconds, Stopping threads took: 0.0001224 seconds
2024-10-04T21:46:26.682+0300: 701.894: Application time: 0.3626214 seconds
2024-10-04T21:46:26.682+0300: 701.894: [GC (Allocation Failure) [PSYoungGen: 262254K->5440K(265216K)] 310225K->53418K(811520K), 0.0012199 secs] [Times: user=0.00 sys=0.00, real=0.00 secs] 
2024-10-04T21:46:26.682+0300: 701.895: Total time for which application threads were stopped: 0.0015306 seconds, Stopping threads took: 0.0001656 seconds
2024-10-04T21:46:27.059+0300: 702.265: Application time: 0.3699378 seconds
2024-10-04T21:46:27.059+0300: 702.265: [GC (Allocation Failure) [PSYoungGen: 265024K->4480K(266240K)] 313002K->52466K(812544K), 0.0009658 secs] [Times: user=0.00 sys=0.00, real=0.00 secs] 
2024-10-04T21:46:27.059+0300: 702.266: Total time for which application threads were stopped: 0.0012086 seconds, Stopping threads took: 0.0001285 seconds
2024-10-04T21:46:27.436+0300: 702.640: Application time: 0.3732420 seconds
2024-10-04T21:46:27.436+0300: 702.640: [GC (Allocation Failure) [PSYoungGen: 263400K->5424K(265728K)] 311387K->53466K(812032K), 0.0012501 secs] [Times: user=0.00 sys=0.00, real=0.00 secs] 
2024-10-04T21:46:27.436+0300: 702.641: Total time for which application threads were stopped: 0.0016350 seconds, Stopping threads took: 0.0002056 seconds
2024-10-04T21:46:27.808+0300: 703.009: Application time: 0.3680105 seconds
2024-10-04T21:46:27.808+0300: 703.009: [GC (Allocation Failure) [PSYoungGen: 264193K->3392K(266240K)] 312236K->51442K(812544K), 0.0009126 secs] [Times: user=0.00 sys=0.00, real=0.00 secs] 
2024-10-04T21:46:27.808+0300: 703.010: Total time for which application threads were stopped: 0.0011956 seconds, Stopping threads took: 0.0001415 seconds
2024-10-04T21:46:28.174+0300: 703.379: Application time: 0.3681165 seconds
2024-10-04T21:46:28.174+0300: 703.379: [GC (Allocation Failure) [PSYoungGen: 262335K->5456K(265216K)] 310386K->53514K(811520K), 0.0012229 secs] [Times: user=0.00 sys=0.00, real=0.00 secs] 
2024-10-04T21:46:28.174+0300: 703.380: Total time for which application threads were stopped: 0.0015544 seconds, Stopping threads took: 0.0001921 seconds
2024-10-04T21:46:28.535+0300: 703.750: Application time: 0.3695248 seconds
2024-10-04T21:46:28.535+0300: 703.750: [GC (Allocation Failure) [PSYoungGen: 264362K->4416K(266240K)] 312420K->52482K(812544K), 0.0012136 secs] [Times: user=0.00 sys=0.00, real=0.00 secs] 
2024-10-04T21:46:28.535+0300: 703.751: Total time for which application threads were stopped: 0.0016952 seconds, Stopping threads took: 0.0003233 seconds
2024-10-04T21:46:28.912+0300: 704.121: Application time: 0.3694999 seconds
2024-10-04T21:46:28.912+0300: 704.121: [GC (Allocation Failure) [PSYoungGen: 263116K->3424K(265728K)] 311182K->51506K(812032K), 0.0009904 secs] [Times: user=0.00 sys=0.00, real=0.00 secs] 
2024-10-04T21:46:28.912+0300: 704.122: Total time for which application threads were stopped: 0.0012719 seconds, Stopping threads took: 0.0001608 seconds
2024-10-04T21:46:29.288+0300: 704.492: Application time: 0.3700153 seconds
2024-10-04T21:46:29.288+0300: 704.492: [GC (Allocation Failure) [PSYoungGen: 262488K->5408K(265216K)] 310571K->53538K(811520K), 0.0011390 secs] [Times: user=0.00 sys=0.00, real=0.00 secs] 
2024-10-04T21:46:29.288+0300: 704.494: Total time for which application threads were stopped: 0.0014761 seconds, Stopping threads took: 0.0001906 seconds
2024-10-04T21:46:29.649+0300: 704.859: Application time: 0.3653814 seconds
2024-10-04T21:46:29.649+0300: 704.859: [GC (Allocation Failure) [PSYoungGen: 263046K->4448K(265728K)] 311177K->52586K(812032K), 0.0011969 secs] [Times: user=0.00 sys=0.00, real=0.00 secs] 
2024-10-04T21:46:29.649+0300: 704.861: Total time for which application threads were stopped: 0.0015733 seconds, Stopping threads took: 0.0001767 seconds
2024-10-04T21:46:30.024+0300: 705.225: Application time: 0.3648370 seconds
2024-10-04T21:46:30.024+0300: 705.226: [GC (Allocation Failure) [PSYoungGen: 262359K->5472K(265216K)] 310498K->53626K(811520K), 0.0010577 secs] [Times: user=0.00 sys=0.00, real=0.00 secs] 
2024-10-04T21:46:30.026+0300: 705.227: Total time for which application threads were stopped: 0.0013243 seconds, Stopping threads took: 0.0001230 seconds
2024-10-04T21:46:30.386+0300: 705.601: Application time: 0.3744031 seconds
2024-10-04T21:46:30.386+0300: 705.601: [GC (Allocation Failure) [PSYoungGen: 264032K->3424K(265728K)] 312186K->51618K(812032K), 0.0009868 secs] [Times: user=0.00 sys=0.00, real=0.00 secs] 
2024-10-04T21:46:30.386+0300: 705.603: Total time for which application threads were stopped: 0.0013164 seconds, Stopping threads took: 0.0001754 seconds
2024-10-04T21:46:30.763+0300: 705.966: Application time: 0.3637016 seconds
2024-10-04T21:46:30.763+0300: 705.966: [GC (Allocation Failure) [PSYoungGen: 261984K->4432K(266240K)] 310178K->52666K(812544K), 0.0009710 secs] [Times: user=0.00 sys=0.00, real=0.00 secs] 
2024-10-04T21:46:30.763+0300: 705.967: Total time for which application threads were stopped: 0.0012425 seconds, Stopping threads took: 0.0001258 seconds
2024-10-04T21:46:31.127+0300: 706.338: Application time: 0.3708226 seconds
2024-10-04T21:46:31.127+0300: 706.338: [GC (Allocation Failure) [PSYoungGen: 262502K->5344K(265728K)] 310737K->53650K(812032K), 0.0013369 secs] [Times: user=0.00 sys=0.00, real=0.00 secs] 
2024-10-04T21:46:31.127+0300: 706.340: Total time for which application threads were stopped: 0.0016122 seconds, Stopping threads took: 0.0001070 seconds
2024-10-04T21:46:31.501+0300: 706.707: Application time: 0.3669258 seconds
2024-10-04T21:46:31.501+0300: 706.707: [GC (Allocation Failure) [PSYoungGen: 263930K->5456K(265216K)] 312237K->53778K(811520K), 0.0012603 secs] [Times: user=0.00 sys=0.00, real=0.00 secs] 
2024-10-04T21:46:31.501+0300: 706.708: Total time for which application threads were stopped: 0.0015941 seconds, Stopping threads took: 0.0001875 seconds
2024-10-04T21:46:31.863+0300: 707.074: Application time: 0.3658055 seconds
2024-10-04T21:46:31.863+0300: 707.074: [GC (Allocation Failure) [PSYoungGen: 263501K->5440K(265728K)] 311824K->53770K(812032K), 0.0013433 secs] [Times: user=0.00 sys=0.00, real=0.00 secs] 
2024-10-04T21:46:31.863+0300: 707.076: Total time for which application threads were stopped: 0.0016849 seconds, Stopping threads took: 0.0001671 seconds
2024-10-04T21:46:32.239+0300: 707.446: Application time: 0.3700756 seconds
2024-10-04T21:46:32.239+0300: 707.446: [GC (Allocation Failure) [PSYoungGen: 263141K->4432K(266240K)] 311472K->52770K(812544K), 0.0011088 secs] [Times: user=0.00 sys=0.00, real=0.00 secs] 
2024-10-04T21:46:32.239+0300: 707.448: Total time for which application threads were stopped: 0.0015208 seconds, Stopping threads took: 0.0002176 seconds
2024-10-04T21:46:32.616+0300: 707.817: Application time: 0.3692963 seconds
2024-10-04T21:46:32.616+0300: 707.817: [GC (Allocation Failure) [PSYoungGen: 263504K->4384K(265728K)] 311842K->52746K(812032K), 0.0010639 secs] [Times: user=0.00 sys=0.00, real=0.00 secs] 
2024-10-04T21:46:32.616+0300: 707.818: Total time for which application threads were stopped: 0.0014230 seconds, Stopping threads took: 0.0002020 seconds
2024-10-04T21:46:32.977+0300: 708.185: Application time: 0.3666353 seconds
2024-10-04T21:46:32.977+0300: 708.185: [GC (Allocation Failure) [PSYoungGen: 263454K->4448K(266240K)] 311817K->52818K(812544K), 0.0010803 secs] [Times: user=0.00 sys=0.00, real=0.00 secs] 
2024-10-04T21:46:32.977+0300: 708.186: Total time for which application threads were stopped: 0.0014490 seconds, Stopping threads took: 0.0001869 seconds
2024-10-04T21:46:33.354+0300: 708.562: Application time: 0.3752417 seconds
2024-10-04T21:46:33.354+0300: 708.562: [GC (Allocation Failure) [PSYoungGen: 263442K->4464K(266240K)] 311813K->52842K(812544K), 0.0011671 secs] [Times: user=0.00 sys=0.00, real=0.00 secs] 
2024-10-04T21:46:33.354+0300: 708.563: Total time for which application threads were stopped: 0.0015276 seconds, Stopping threads took: 0.0001685 seconds
2024-10-04T21:46:33.715+0300: 708.930: Application time: 0.3672013 seconds
2024-10-04T21:46:33.715+0300: 708.931: [GC (Allocation Failure) [PSYoungGen: 263257K->3376K(266240K)] 311636K->51802K(812544K), 0.0009746 secs] [Times: user=0.02 sys=0.00, real=0.02 secs] 
2024-10-04T21:46:33.730+0300: 708.932: Total time for which application threads were stopped: 0.0012609 seconds, Stopping threads took: 0.0001491 seconds
2024-10-04T21:46:34.091+0300: 709.299: Application time: 0.3672852 seconds
2024-10-04T21:46:34.091+0300: 709.299: [GC (Allocation Failure) [PSYoungGen: 262376K->4448K(266240K)] 310803K->52882K(812544K), 0.0010148 secs] [Times: user=0.00 sys=0.00, real=0.00 secs] 
2024-10-04T21:46:34.091+0300: 709.300: Total time for which application threads were stopped: 0.0012778 seconds, Stopping threads took: 0.0001363 seconds
2024-10-04T21:46:34.468+0300: 709.673: Application time: 0.3731550 seconds
2024-10-04T21:46:34.468+0300: 709.674: [GC (Allocation Failure) [PSYoungGen: 263410K->3424K(266752K)] 311845K->51866K(813056K), 0.0010029 secs] [Times: user=0.00 sys=0.00, real=0.00 secs] 
2024-10-04T21:46:34.468+0300: 709.675: Total time for which application threads were stopped: 0.0013656 seconds, Stopping threads took: 0.0002100 seconds
2024-10-04T21:46:34.834+0300: 710.042: Application time: 0.3673527 seconds
2024-10-04T21:46:34.834+0300: 710.042: [GC (Allocation Failure) [PSYoungGen: 263371K->5376K(266240K)] 311814K->53866K(812544K), 0.0012584 secs] [Times: user=0.00 sys=0.00, real=0.00 secs] 
2024-10-04T21:46:34.834+0300: 710.044: Total time for which application threads were stopped: 0.0015658 seconds, Stopping threads took: 0.0001638 seconds
2024-10-04T21:46:35.206+0300: 710.417: Application time: 0.3737634 seconds
2024-10-04T21:46:35.206+0300: 710.418: [GC (Allocation Failure) [PSYoungGen: 265286K->5456K(266240K)] 313777K->53962K(812544K), 0.0013244 secs] [Times: user=0.00 sys=0.00, real=0.00 secs] 
2024-10-04T21:46:35.206+0300: 710.419: Total time for which application threads were stopped: 0.0016382 seconds, Stopping threads took: 0.0001133 seconds
2024-10-04T21:46:35.589+0300: 710.790: Application time: 0.3715108 seconds
2024-10-04T21:46:35.589+0300: 710.791: [GC (Allocation Failure) [PSYoungGen: 265040K->2384K(262144K)] 313546K->50906K(808448K), 0.0008208 secs] [Times: user=0.00 sys=0.00, real=0.00 secs] 
2024-10-04T21:46:35.589+0300: 710.792: Total time for which application threads were stopped: 0.0010971 seconds, Stopping threads took: 0.0001401 seconds
2024-10-04T21:46:35.943+0300: 711.157: Application time: 0.3657373 seconds
2024-10-04T21:46:35.943+0300: 711.158: [GC (Allocation Failure) [PSYoungGen: 261379K->5456K(265728K)] 309902K->53994K(812032K), 0.0011667 secs] [Times: user=0.00 sys=0.00, real=0.00 secs] 
2024-10-04T21:46:35.943+0300: 711.159: Total time for which application threads were stopped: 0.0014741 seconds, Stopping threads took: 0.0001818 seconds
2024-10-04T21:46:36.319+0300: 711.533: Application time: 0.3742200 seconds
2024-10-04T21:46:36.319+0300: 711.533: [GC (Allocation Failure) [PSYoungGen: 263416K->4416K(265728K)] 311955K->52994K(812032K), 0.0010440 secs] [Times: user=0.00 sys=0.00, real=0.00 secs] 
2024-10-04T21:46:36.319+0300: 711.534: Total time for which application threads were stopped: 0.0013598 seconds, Stopping threads took: 0.0001888 seconds
2024-10-04T21:46:36.696+0300: 711.900: Application time: 0.3653974 seconds
2024-10-04T21:46:36.696+0300: 711.900: [GC (Allocation Failure) [PSYoungGen: 262040K->3424K(266240K)] 310619K->52018K(812544K), 0.0009658 secs] [Times: user=0.00 sys=0.00, real=0.00 secs] 
2024-10-04T21:46:36.696+0300: 711.901: Total time for which application threads were stopped: 0.0012780 seconds, Stopping threads took: 0.0001659 seconds
2024-10-04T21:46:37.057+0300: 712.266: Application time: 0.3651454 seconds
2024-10-04T21:46:37.057+0300: 712.266: [GC (Allocation Failure) [PSYoungGen: 262596K->5376K(265216K)] 311191K->54019K(811520K), 0.0012164 secs] [Times: user=0.00 sys=0.00, real=0.00 secs] 
2024-10-04T21:46:37.057+0300: 712.268: Total time for which application threads were stopped: 0.0015120 seconds, Stopping threads took: 0.0001699 seconds
2024-10-04T21:46:37.439+0300: 712.644: Application time: 0.3763653 seconds
2024-10-04T21:46:37.439+0300: 712.644: [GC (Allocation Failure) [PSYoungGen: 264211K->3424K(265728K)] 312853K->52074K(812032K), 0.0009063 secs] [Times: user=0.00 sys=0.00, real=0.00 secs] 
2024-10-04T21:46:37.439+0300: 712.645: Total time for which application threads were stopped: 0.0012440 seconds, Stopping threads took: 0.0001958 seconds
2024-10-04T21:46:37.794+0300: 713.007: Application time: 0.3614784 seconds
2024-10-04T21:46:37.794+0300: 713.007: [GC (Allocation Failure) [PSYoungGen: 261429K->5360K(265728K)] 310080K->54091K(812032K), 0.0012958 secs] [Times: user=0.00 sys=0.00, real=0.00 secs] 
2024-10-04T21:46:37.794+0300: 713.008: Total time for which application threads were stopped: 0.0016004 seconds, Stopping threads took: 0.0001650 seconds
2024-10-04T21:46:38.170+0300: 713.386: Application time: 0.3771700 seconds
2024-10-04T21:46:38.170+0300: 713.386: [GC (Allocation Failure) [PSYoungGen: 263920K->4432K(266240K)] 312651K->53171K(812544K), 0.0010381 secs] [Times: user=0.03 sys=0.00, real=0.01 secs] 
2024-10-04T21:46:38.185+0300: 713.387: Total time for which application threads were stopped: 0.0013598 seconds, Stopping threads took: 0.0001883 seconds
2024-10-04T21:46:38.546+0300: 713.753: Application time: 0.3662721 seconds
2024-10-04T21:46:38.546+0300: 713.754: [GC (Allocation Failure) [PSYoungGen: 263252K->4480K(265728K)] 311991K->53227K(812032K), 0.0010976 secs] [Times: user=0.00 sys=0.00, real=0.00 secs] 
2024-10-04T21:46:38.546+0300: 713.755: Total time for which application threads were stopped: 0.0014238 seconds, Stopping threads took: 0.0001890 seconds
2024-10-04T21:46:38.908+0300: 714.123: Application time: 0.3681755 seconds
2024-10-04T21:46:38.908+0300: 714.123: [GC (Allocation Failure) [PSYoungGen: 263552K->4480K(266240K)] 312299K->53235K(812544K), 0.0011107 secs] [Times: user=0.02 sys=0.00, real=0.02 secs] 
2024-10-04T21:46:38.923+0300: 714.124: Total time for which application threads were stopped: 0.0014361 seconds, Stopping threads took: 0.0001921 seconds
2024-10-04T21:46:39.285+0300: 714.496: Application time: 0.3717001 seconds
2024-10-04T21:46:39.285+0300: 714.496: [GC (Allocation Failure) [PSYoungGen: 263338K->5408K(266240K)] 312093K->54171K(812544K), 0.0014442 secs] [Times: user=0.00 sys=0.00, real=0.00 secs] 
2024-10-04T21:46:39.285+0300: 714.498: Total time for which application threads were stopped: 0.0018828 seconds, Stopping threads took: 0.0002499 seconds
2024-10-04T21:46:39.661+0300: 714.863: Application time: 0.3649497 seconds
2024-10-04T21:46:39.661+0300: 714.863: [GC (Allocation Failure) [PSYoungGen: 264387K->5440K(266240K)] 313149K->54219K(812544K), 0.0012013 secs] [Times: user=0.00 sys=0.00, real=0.00 secs] 
2024-10-04T21:46:39.661+0300: 714.864: Total time for which application threads were stopped: 0.0015774 seconds, Stopping threads took: 0.0002156 seconds
2024-10-04T21:46:40.022+0300: 715.237: Application time: 0.3723513 seconds
2024-10-04T21:46:40.022+0300: 715.237: [GC (Allocation Failure) [PSYoungGen: 264053K->3456K(266240K)] 312832K->52275K(812544K), 0.0008720 secs] [Times: user=0.00 sys=0.00, real=0.00 secs] 
2024-10-04T21:46:40.022+0300: 715.238: Total time for which application threads were stopped: 0.0011346 seconds, Stopping threads took: 0.0001346 seconds
2024-10-04T21:46:40.399+0300: 715.610: Application time: 0.3719839 seconds
2024-10-04T21:46:40.399+0300: 715.610: [GC (Allocation Failure) [PSYoungGen: 262585K->5440K(265216K)] 311404K->54275K(811520K), 0.0013229 secs] [Times: user=0.00 sys=0.00, real=0.00 secs] 
2024-10-04T21:46:40.399+0300: 715.612: Total time for which application threads were stopped: 0.0017776 seconds, Stopping threads took: 0.0002495 seconds
2024-10-04T21:46:40.775+0300: 715.983: Application time: 0.3716288 seconds
2024-10-04T21:46:40.775+0300: 715.984: [GC (Allocation Failure) [PSYoungGen: 264000K->4480K(265728K)] 312835K->53323K(812032K), 0.0011415 secs] [Times: user=0.00 sys=0.00, real=0.00 secs] 
2024-10-04T21:46:40.775+0300: 715.985: Total time for which application threads were stopped: 0.0014693 seconds, Stopping threads took: 0.0001956 seconds
2024-10-04T21:46:41.147+0300: 716.352: Application time: 0.3670029 seconds
2024-10-04T21:46:41.147+0300: 716.352: [GC (Allocation Failure) [PSYoungGen: 262183K->4384K(266240K)] 311026K->53267K(812544K), 0.0012383 secs] [Times: user=0.02 sys=0.00, real=0.00 secs] 
2024-10-04T21:46:41.152+0300: 716.353: Total time for which application threads were stopped: 0.0015448 seconds, Stopping threads took: 0.0001200 seconds
2024-10-04T21:46:41.513+0300: 716.720: Application time: 0.3664501 seconds
2024-10-04T21:46:41.513+0300: 716.720: [GC (Allocation Failure) [PSYoungGen: 263315K->5424K(266240K)] 312198K->54315K(812544K), 0.0013068 secs] [Times: user=0.00 sys=0.00, real=0.00 secs] 
2024-10-04T21:46:41.513+0300: 716.721: Total time for which application threads were stopped: 0.0016179 seconds, Stopping threads took: 0.0001785 seconds
2024-10-04T21:46:41.874+0300: 717.089: Application time: 0.3673590 seconds
2024-10-04T21:46:41.874+0300: 717.089: [GC (Allocation Failure) [PSYoungGen: 264227K->5440K(266240K)] 313118K->54347K(812544K), 0.0013169 secs] [Times: user=0.02 sys=0.00, real=0.01 secs] 
2024-10-04T21:46:41.889+0300: 717.092: Total time for which application threads were stopped: 0.0037350 seconds, Stopping threads took: 0.0001707 seconds
2024-10-04T21:46:42.250+0300: 717.466: Application time: 0.3737346 seconds
2024-10-04T21:46:42.250+0300: 717.466: [GC (Allocation Failure) [PSYoungGen: 264390K->4432K(266240K)] 313297K->53379K(812544K), 0.0011082 secs] [Times: user=0.00 sys=0.00, real=0.02 secs] 
2024-10-04T21:46:42.266+0300: 717.468: Total time for which application threads were stopped: 0.0014269 seconds, Stopping threads took: 0.0001819 seconds
2024-10-04T21:46:42.627+0300: 717.834: Application time: 0.3663790 seconds
2024-10-04T21:46:42.627+0300: 717.834: [GC (Allocation Failure) [PSYoungGen: 263348K->4448K(266240K)] 312295K->53403K(812544K), 0.0010688 secs] [Times: user=0.00 sys=0.00, real=0.00 secs] 
2024-10-04T21:46:42.627+0300: 717.835: Total time for which application threads were stopped: 0.0013581 seconds, Stopping threads took: 0.0001592 seconds
2024-10-04T21:46:42.989+0300: 718.201: Application time: 0.3656166 seconds
2024-10-04T21:46:42.989+0300: 718.201: [GC (Allocation Failure) [PSYoungGen: 263422K->5424K(266240K)] 312377K->54427K(812544K), 0.0011969 secs] [Times: user=0.00 sys=0.00, real=0.00 secs] 
2024-10-04T21:46:42.989+0300: 718.203: Total time for which application threads were stopped: 0.0014918 seconds, Stopping threads took: 0.0001676 seconds
2024-10-04T21:46:43.380+0300: 718.581: Application time: 0.3786110 seconds
2024-10-04T21:46:43.380+0300: 718.581: [GC (Allocation Failure) [PSYoungGen: 265008K->4480K(266240K)] 314011K->53491K(812544K), 0.0010522 secs] [Times: user=0.00 sys=0.00, real=0.00 secs] 
2024-10-04T21:46:43.380+0300: 718.582: Total time for which application threads were stopped: 0.0013653 seconds, Stopping threads took: 0.0001596 seconds
2024-10-04T21:46:43.741+0300: 718.945: Application time: 0.3623105 seconds
2024-10-04T21:46:43.741+0300: 718.945: [GC (Allocation Failure) [PSYoungGen: 263474K->5408K(266240K)] 312485K->54459K(812544K), 0.0011626 secs] [Times: user=0.00 sys=0.00, real=0.00 secs] 
2024-10-04T21:46:43.741+0300: 718.946: Total time for which application threads were stopped: 0.0015020 seconds, Stopping threads took: 0.0001983 seconds
2024-10-04T21:46:44.103+0300: 719.313: Application time: 0.3671305 seconds
2024-10-04T21:46:44.103+0300: 719.314: [GC (Allocation Failure) [PSYoungGen: 264352K->5408K(266240K)] 313403K->54499K(812544K), 0.0014084 secs] [Times: user=0.00 sys=0.00, real=0.00 secs] 
2024-10-04T21:46:44.103+0300: 719.315: Total time for which application threads were stopped: 0.0016727 seconds, Stopping threads took: 0.0000930 seconds
2024-10-04T21:46:44.479+0300: 719.687: Application time: 0.3723478 seconds
2024-10-04T21:46:44.479+0300: 719.688: [GC (Allocation Failure) [PSYoungGen: 264233K->4448K(266240K)] 313324K->53547K(812544K), 0.0010510 secs] [Times: user=0.00 sys=0.00, real=0.00 secs] 
2024-10-04T21:46:44.479+0300: 719.689: Total time for which application threads were stopped: 0.0013620 seconds, Stopping threads took: 0.0001542 seconds
2024-10-04T21:46:44.855+0300: 720.056: Application time: 0.3670107 seconds
2024-10-04T21:46:44.855+0300: 720.056: [GC (Allocation Failure) [PSYoungGen: 263343K->5472K(266240K)] 312442K->54579K(812544K), 0.0014113 secs] [Times: user=0.00 sys=0.00, real=0.00 secs] 
2024-10-04T21:46:44.856+0300: 720.058: Total time for which application threads were stopped: 0.0016633 seconds, Stopping threads took: 0.0000881 seconds
2024-10-04T21:46:45.232+0300: 720.434: Application time: 0.3763274 seconds
2024-10-04T21:46:45.232+0300: 720.434: [GC (Allocation Failure) [PSYoungGen: 264586K->4352K(266240K)] 313693K->53483K(812544K), 0.0010866 secs] [Times: user=0.00 sys=0.00, real=0.00 secs] 
2024-10-04T21:46:45.232+0300: 720.435: Total time for which application threads were stopped: 0.0013523 seconds, Stopping threads took: 0.0001114 seconds
2024-10-04T21:46:45.594+0300: 720.799: Application time: 0.3633179 seconds
2024-10-04T21:46:45.594+0300: 720.799: [GC (Allocation Failure) [PSYoungGen: 263157K->5440K(266240K)] 312288K->54587K(812544K), 0.0012323 secs] [Times: user=0.00 sys=0.00, real=0.00 secs] 
2024-10-04T21:46:45.594+0300: 720.800: Total time for which application threads were stopped: 0.0015585 seconds, Stopping threads took: 0.0001674 seconds
2024-10-04T21:46:45.957+0300: 721.168: Application time: 0.3679833 seconds
2024-10-04T21:46:45.957+0300: 721.168: [GC (Allocation Failure) [PSYoungGen: 265024K->4464K(266240K)] 314171K->53619K(812544K), 0.0010233 secs] [Times: user=0.00 sys=0.00, real=0.00 secs] 
2024-10-04T21:46:45.957+0300: 721.169: Total time for which application threads were stopped: 0.0013120 seconds, Stopping threads took: 0.0001736 seconds
2024-10-04T21:46:46.331+0300: 721.544: Application time: 0.3743335 seconds
2024-10-04T21:46:46.331+0300: 721.544: [GC (Allocation Failure) [PSYoungGen: 263599K->4416K(266240K)] 312755K->53611K(812544K), 0.0012227 secs] [Times: user=0.00 sys=0.00, real=0.00 secs] 
2024-10-04T21:46:46.331+0300: 721.545: Total time for which application threads were stopped: 0.0017531 seconds, Stopping threads took: 0.0003607 seconds
2024-10-04T21:46:46.708+0300: 721.913: Application time: 0.3678864 seconds
2024-10-04T21:46:46.708+0300: 721.914: [GC (Allocation Failure) [PSYoungGen: 263042K->3456K(266240K)] 312237K->52667K(812544K), 0.0009165 secs] [Times: user=0.00 sys=0.00, real=0.00 secs] 
2024-10-04T21:46:46.708+0300: 721.915: Total time for which application threads were stopped: 0.0011958 seconds, Stopping threads took: 0.0001559 seconds
2024-10-04T21:46:47.069+0300: 722.280: Application time: 0.3654708 seconds
2024-10-04T21:46:47.069+0300: 722.280: [GC (Allocation Failure) [PSYoungGen: 263040K->3392K(266240K)] 312251K->52611K(812544K), 0.0009230 secs] [Times: user=0.00 sys=0.00, real=0.00 secs] 
2024-10-04T21:46:47.069+0300: 722.281: Total time for which application threads were stopped: 0.0012186 seconds, Stopping threads took: 0.0001679 seconds
2024-10-04T21:46:47.446+0300: 722.658: Application time: 0.3762890 seconds
2024-10-04T21:46:47.446+0300: 722.658: [GC (Allocation Failure) [PSYoungGen: 262419K->5360K(266240K)] 311638K->54635K(812544K), 0.0013878 secs] [Times: user=0.00 sys=0.00, real=0.00 secs] 
2024-10-04T21:46:47.446+0300: 722.659: Total time for which application threads were stopped: 0.0017336 seconds, Stopping threads took: 0.0001763 seconds
2024-10-04T21:46:47.807+0300: 723.022: Application time: 0.3626969 seconds
2024-10-04T21:46:47.807+0300: 723.022: [GC (Allocation Failure) [PSYoungGen: 264092K->5440K(266240K)] 313367K->54723K(812544K), 0.0013263 secs] [Times: user=0.00 sys=0.00, real=0.02 secs] 
2024-10-04T21:46:47.823+0300: 723.024: Total time for which application threads were stopped: 0.0016601 seconds, Stopping threads took: 0.0001867 seconds
2024-10-04T21:46:48.184+0300: 723.395: Application time: 0.3716240 seconds
2024-10-04T21:46:48.184+0300: 723.396: [GC (Allocation Failure) [PSYoungGen: 264392K->5408K(265216K)] 313676K->54731K(811520K), 0.0012918 secs] [Times: user=0.00 sys=0.00, real=0.00 secs] 
2024-10-04T21:46:48.184+0300: 723.397: Total time for which application threads were stopped: 0.0016687 seconds, Stopping threads took: 0.0002111 seconds
2024-10-04T21:46:48.563+0300: 723.766: Application time: 0.3692256 seconds
2024-10-04T21:46:48.563+0300: 723.766: [GC (Allocation Failure) [PSYoungGen: 264336K->3392K(265728K)] 313660K->52763K(812032K), 0.0009957 secs] [Times: user=0.00 sys=0.00, real=0.00 secs] 
2024-10-04T21:46:48.563+0300: 723.768: Total time for which application threads were stopped: 0.0013446 seconds, Stopping threads took: 0.0002181 seconds
2024-10-04T21:46:48.921+0300: 724.132: Application time: 0.3643470 seconds
2024-10-04T21:46:48.921+0300: 724.132: [GC (Allocation Failure) [PSYoungGen: 261952K->4448K(265728K)] 311323K->53827K(812032K), 0.0011326 secs] [Times: user=0.00 sys=0.00, real=0.00 secs] 
2024-10-04T21:46:48.921+0300: 724.133: Total time for which application threads were stopped: 0.0014282 seconds, Stopping threads took: 0.0001764 seconds
2024-10-04T21:46:49.297+0300: 724.505: Application time: 0.3719479 seconds
2024-10-04T21:46:49.297+0300: 724.505: [GC (Allocation Failure) [PSYoungGen: 262497K->5440K(265216K)] 311876K->54835K(811520K), 0.0011435 secs] [Times: user=0.00 sys=0.00, real=0.00 secs] 
2024-10-04T21:46:49.297+0300: 724.507: Total time for which application threads were stopped: 0.0014670 seconds, Stopping threads took: 0.0001964 seconds
2024-10-04T21:46:49.665+0300: 724.874: Application time: 0.3668432 seconds
2024-10-04T21:46:49.665+0300: 724.874: [GC (Allocation Failure) [PSYoungGen: 263217K->4480K(265728K)] 312612K->53883K(812032K), 0.0012764 secs] [Times: user=0.00 sys=0.00, real=0.01 secs] 
2024-10-04T21:46:49.674+0300: 724.875: Total time for which application threads were stopped: 0.0015374 seconds, Stopping threads took: 0.0000811 seconds
2024-10-04T21:46:50.035+0300: 725.241: Application time: 0.3659015 seconds
2024-10-04T21:46:50.035+0300: 725.241: [GC (Allocation Failure) [PSYoungGen: 262163K->4432K(266240K)] 311566K->53875K(812544K), 0.0009288 secs] [Times: user=0.00 sys=0.00, real=0.00 secs] 
2024-10-04T21:46:50.035+0300: 725.242: Total time for which application threads were stopped: 0.0011595 seconds, Stopping threads took: 0.0000778 seconds
2024-10-04T21:46:50.412+0300: 725.613: Application time: 0.3710820 seconds
2024-10-04T21:46:50.412+0300: 725.613: [GC (Allocation Failure) [PSYoungGen: 263549K->5456K(266240K)] 312992K->54915K(812544K), 0.0012454 secs] [Times: user=0.00 sys=0.00, real=0.00 secs] 
2024-10-04T21:46:50.412+0300: 725.615: Total time for which application threads were stopped: 0.0015566 seconds, Stopping threads took: 0.0001650 seconds
2024-10-04T21:46:50.773+0300: 725.985: Application time: 0.3701307 seconds
2024-10-04T21:46:50.773+0300: 725.985: [GC (Allocation Failure) [PSYoungGen: 264065K->2352K(265216K)] 313525K->51835K(811520K), 0.0008692 secs] [Times: user=0.00 sys=0.00, real=0.00 secs] 
2024-10-04T21:46:50.773+0300: 725.986: Total time for which application threads were stopped: 0.0011194 seconds, Stopping threads took: 0.0001307 seconds
2024-10-04T21:46:51.149+0300: 726.353: Application time: 0.3669281 seconds
2024-10-04T21:46:51.149+0300: 726.353: [GC (Allocation Failure) [PSYoungGen: 260246K->5344K(265728K)] 309730K->54875K(812032K), 0.0012485 secs] [Times: user=0.00 sys=0.00, real=0.00 secs] 
2024-10-04T21:46:51.149+0300: 726.355: Total time for which application threads were stopped: 0.0015501 seconds, Stopping threads took: 0.0001350 seconds
2024-10-04T21:46:51.510+0300: 726.724: Application time: 0.3694255 seconds
2024-10-04T21:46:51.510+0300: 726.724: [GC (Allocation Failure) [PSYoungGen: 263357K->3408K(265728K)] 312888K->52947K(812032K), 0.0008914 secs] [Times: user=0.00 sys=0.00, real=0.00 secs] 
2024-10-04T21:46:51.510+0300: 726.725: Total time for which application threads were stopped: 0.0011824 seconds, Stopping threads took: 0.0001619 seconds
2024-10-04T21:46:51.886+0300: 727.087: Application time: 0.3622380 seconds
2024-10-04T21:46:51.886+0300: 727.088: [GC (Allocation Failure) [PSYoungGen: 261048K->5424K(265728K)] 310587K->54979K(812032K), 0.0011320 secs] [Times: user=0.00 sys=0.00, real=0.00 secs] 
2024-10-04T21:46:51.886+0300: 727.089: Total time for which application threads were stopped: 0.0014002 seconds, Stopping threads took: 0.0001323 seconds
2024-10-04T21:46:52.247+0300: 727.460: Application time: 0.3708163 seconds
2024-10-04T21:46:52.247+0300: 727.460: [GC (Allocation Failure) [PSYoungGen: 263196K->5440K(265728K)] 312751K->55003K(812032K), 0.0012460 secs] [Times: user=0.00 sys=0.00, real=0.00 secs] 
2024-10-04T21:46:52.247+0300: 727.461: Total time for which application threads were stopped: 0.0015578 seconds, Stopping threads took: 0.0001841 seconds
2024-10-04T21:46:52.624+0300: 727.827: Application time: 0.3660456 seconds
2024-10-04T21:46:52.624+0300: 727.827: [GC (Allocation Failure) [PSYoungGen: 263254K->3376K(265728K)] 312817K->52987K(812032K), 0.0009574 secs] [Times: user=0.00 sys=0.00, real=0.00 secs] 
2024-10-04T21:46:52.624+0300: 727.828: Total time for which application threads were stopped: 0.0012624 seconds, Stopping threads took: 0.0001713 seconds
2024-10-04T21:46:52.985+0300: 728.196: Application time: 0.3674357 seconds
2024-10-04T21:46:52.985+0300: 728.196: [GC (Allocation Failure) [PSYoungGen: 261914K->4448K(265728K)] 311525K->54067K(812032K), 0.0010579 secs] [Times: user=0.00 sys=0.00, real=0.00 secs] 
2024-10-04T21:46:52.985+0300: 728.197: Total time for which application threads were stopped: 0.0013442 seconds, Stopping threads took: 0.0001523 seconds
2024-10-04T21:46:53.362+0300: 728.571: Application time: 0.3738231 seconds
2024-10-04T21:46:53.362+0300: 728.571: [GC (Allocation Failure) [PSYoungGen: 262512K->4384K(265728K)] 312132K->54019K(812032K), 0.0010174 secs] [Times: user=0.00 sys=0.00, real=0.00 secs] 
2024-10-04T21:46:53.362+0300: 728.572: Total time for which application threads were stopped: 0.0013844 seconds, Stopping threads took: 0.0002094 seconds
2024-10-04T21:46:53.723+0300: 728.937: Application time: 0.3641717 seconds
2024-10-04T21:46:53.723+0300: 728.937: [GC (Allocation Failure) [PSYoungGen: 262355K->4416K(266240K)] 311991K->54127K(812544K), 0.0009745 secs] [Times: user=0.00 sys=0.00, real=0.00 secs] 
2024-10-04T21:46:53.723+0300: 728.938: Total time for which application threads were stopped: 0.0012634 seconds, Stopping threads took: 0.0001735 seconds
2024-10-04T21:46:54.099+0300: 729.306: Application time: 0.3685138 seconds
2024-10-04T21:46:54.099+0300: 729.307: [GC (Allocation Failure) [PSYoungGen: 263993K->4448K(266240K)] 313704K->54167K(812544K), 0.0009246 secs] [Times: user=0.00 sys=0.00, real=0.00 secs] 
2024-10-04T21:46:54.099+0300: 729.308: Total time for which application threads were stopped: 0.0011941 seconds, Stopping threads took: 0.0001387 seconds
2024-10-04T21:46:54.476+0300: 729.680: Application time: 0.3725294 seconds
2024-10-04T21:46:54.476+0300: 729.680: [GC (Allocation Failure) [PSYoungGen: 263438K->5440K(266240K)] 313157K->55207K(812544K), 0.0013143 secs] [Times: user=0.00 sys=0.00, real=0.00 secs] 
2024-10-04T21:46:54.476+0300: 729.682: Total time for which application threads were stopped: 0.0016302 seconds, Stopping threads took: 0.0001276 seconds
2024-10-04T21:46:54.837+0300: 730.049: Application time: 0.3675463 seconds
2024-10-04T21:46:54.837+0300: 730.050: [GC (Allocation Failure) [PSYoungGen: 264420K->3424K(266240K)] 314188K->53199K(812544K), 0.0008806 secs] [Times: user=0.00 sys=0.00, real=0.00 secs] 
2024-10-04T21:46:54.837+0300: 730.051: Total time for which application threads were stopped: 0.0011683 seconds, Stopping threads took: 0.0001646 seconds
2024-10-04T21:46:55.213+0300: 730.422: Application time: 0.3714023 seconds
2024-10-04T21:46:55.213+0300: 730.422: [GC (Allocation Failure) [PSYoungGen: 262096K->4448K(266240K)] 311871K->54231K(812544K), 0.0011951 secs] [Times: user=0.00 sys=0.00, real=0.00 secs] 
2024-10-04T21:46:55.213+0300: 730.424: Total time for which application threads were stopped: 0.0016232 seconds, Stopping threads took: 0.0002284 seconds
2024-10-04T21:46:55.590+0300: 730.792: Application time: 0.3682288 seconds
2024-10-04T21:46:55.590+0300: 730.792: [GC (Allocation Failure) [PSYoungGen: 263757K->5424K(266240K)] 313541K->55247K(812544K), 0.0012042 secs] [Times: user=0.00 sys=0.00, real=0.00 secs] 
2024-10-04T21:46:55.590+0300: 730.793: Total time for which application threads were stopped: 0.0015168 seconds, Stopping threads took: 0.0001863 seconds
2024-10-04T21:46:55.951+0300: 731.160: Application time: 0.3669955 seconds
2024-10-04T21:46:55.960+0300: 731.161: [GC (Allocation Failure) [PSYoungGen: 264743K->4480K(266240K)] 314567K->54311K(812544K), 0.0010652 secs] [Times: user=0.00 sys=0.00, real=0.00 secs] 
2024-10-04T21:46:55.961+0300: 731.162: Total time for which application threads were stopped: 0.0013727 seconds, Stopping threads took: 0.0001590 seconds
2024-10-04T21:46:56.327+0300: 731.535: Application time: 0.3736128 seconds
2024-10-04T21:46:56.327+0300: 731.536: [GC (Allocation Failure) [PSYoungGen: 263826K->5440K(266240K)] 313657K->55287K(812544K), 0.0012684 secs] [Times: user=0.00 sys=0.00, real=0.00 secs] 
2024-10-04T21:46:56.327+0300: 731.537: Total time for which application threads were stopped: 0.0015657 seconds, Stopping threads took: 0.0001626 seconds
2024-10-04T21:46:56.704+0300: 731.906: Application time: 0.3689869 seconds
2024-10-04T21:46:56.704+0300: 731.906: [GC (Allocation Failure) [PSYoungGen: 265024K->4464K(266240K)] 314871K->54319K(812544K), 0.0009863 secs] [Times: user=0.00 sys=0.00, real=0.00 secs] 
2024-10-04T21:46:56.704+0300: 731.907: Total time for which application threads were stopped: 0.0012794 seconds, Stopping threads took: 0.0001625 seconds
2024-10-04T21:46:57.069+0300: 732.272: Application time: 0.3651527 seconds
2024-10-04T21:46:57.069+0300: 732.273: [GC (Allocation Failure) [PSYoungGen: 263321K->5456K(266240K)] 313177K->55319K(812544K), 0.0011792 secs] [Times: user=0.00 sys=0.00, real=0.00 secs] 
2024-10-04T21:46:57.069+0300: 732.274: Total time for which application threads were stopped: 0.0014908 seconds, Stopping threads took: 0.0001688 seconds
2024-10-04T21:46:57.441+0300: 732.649: Application time: 0.3747901 seconds
2024-10-04T21:46:57.441+0300: 732.649: [GC (Allocation Failure) [PSYoungGen: 264535K->4480K(266240K)] 314399K->54351K(812544K), 0.0011695 secs] [Times: user=0.00 sys=0.00, real=0.00 secs] 
2024-10-04T21:46:57.441+0300: 732.650: Total time for which application threads were stopped: 0.0014823 seconds, Stopping threads took: 0.0001825 seconds
2024-10-04T21:46:57.802+0300: 733.016: Application time: 0.3663889 seconds
2024-10-04T21:46:57.802+0300: 733.017: [GC (Allocation Failure) [PSYoungGen: 264064K->3408K(266240K)] 313935K->53319K(812544K), 0.0009691 secs] [Times: user=0.00 sys=0.00, real=0.00 secs] 
2024-10-04T21:46:57.802+0300: 733.018: Total time for which application threads were stopped: 0.0012928 seconds, Stopping threads took: 0.0001791 seconds
2024-10-04T21:46:58.184+0300: 733.393: Application time: 0.3748693 seconds
2024-10-04T21:46:58.184+0300: 733.393: [GC (Allocation Failure) [PSYoungGen: 262591K->4480K(266240K)] 312503K->54399K(812544K), 0.0010265 secs] [Times: user=0.00 sys=0.00, real=0.00 secs] 
2024-10-04T21:46:58.184+0300: 733.394: Total time for which application threads were stopped: 0.0012954 seconds, Stopping threads took: 0.0001361 seconds
2024-10-04T21:46:58.556+0300: 733.759: Application time: 0.3652644 seconds
2024-10-04T21:46:58.556+0300: 733.759: [GC (Allocation Failure) [PSYoungGen: 263432K->5408K(266240K)] 313352K->55335K(812544K), 0.0012110 secs] [Times: user=0.00 sys=0.00, real=0.00 secs] 
2024-10-04T21:46:58.556+0300: 733.761: Total time for which application threads were stopped: 0.0015509 seconds, Stopping threads took: 0.0001979 seconds
2024-10-04T21:46:58.916+0300: 734.130: Application time: 0.3690327 seconds
2024-10-04T21:46:58.916+0300: 734.130: [GC (Allocation Failure) [PSYoungGen: 264992K->4416K(266240K)] 314919K->54383K(812544K), 0.0011905 secs] [Times: user=0.00 sys=0.00, real=0.00 secs] 
2024-10-04T21:46:58.916+0300: 734.131: Total time for which application threads were stopped: 0.0014565 seconds, Stopping threads took: 0.0000998 seconds
2024-10-04T21:46:59.293+0300: 734.504: Application time: 0.3725018 seconds
2024-10-04T21:46:59.293+0300: 734.504: [GC (Allocation Failure) [PSYoungGen: 263385K->5456K(266240K)] 313352K->55439K(812544K), 0.0011554 secs] [Times: user=0.00 sys=0.00, real=0.00 secs] 
2024-10-04T21:46:59.293+0300: 734.505: Total time for which application threads were stopped: 0.0014652 seconds, Stopping threads took: 0.0001643 seconds
2024-10-04T21:46:59.669+0300: 734.873: Application time: 0.3681540 seconds
2024-10-04T21:46:59.669+0300: 734.874: [GC (Allocation Failure) [PSYoungGen: 264376K->3424K(266240K)] 314360K->53423K(812544K), 0.0008822 secs] [Times: user=0.00 sys=0.00, real=0.00 secs] 
2024-10-04T21:46:59.669+0300: 734.875: Total time for which application threads were stopped: 0.0011833 seconds, Stopping threads took: 0.0001631 seconds
2024-10-04T21:47:00.038+0300: 735.242: Application time: 0.3676500 seconds
2024-10-04T21:47:00.038+0300: 735.242: [GC (Allocation Failure) [PSYoungGen: 263008K->4336K(266240K)] 313007K->54403K(812544K), 0.0012642 secs] [Times: user=0.00 sys=0.00, real=0.00 secs] 
2024-10-04T21:47:00.038+0300: 735.244: Total time for which application threads were stopped: 0.0015831 seconds, Stopping threads took: 0.0001564 seconds
2024-10-04T21:47:00.423+0300: 735.626: Application time: 0.3819006 seconds
2024-10-04T21:47:00.423+0300: 735.626: [GC (Allocation Failure) [PSYoungGen: 263224K->4384K(266752K)] 313291K->54459K(813056K), 0.0010294 secs] [Times: user=0.00 sys=0.00, real=0.00 secs] 
2024-10-04T21:47:00.423+0300: 735.627: Total time for which application threads were stopped: 0.0013103 seconds, Stopping threads took: 0.0001142 seconds
2024-10-04T21:47:00.789+0300: 735.993: Application time: 0.3661966 seconds
2024-10-04T21:47:00.789+0300: 735.993: [GC (Allocation Failure) [PSYoungGen: 264413K->5376K(266240K)] 314489K->55499K(812544K), 0.0012774 secs] [Times: user=0.00 sys=0.00, real=0.00 secs] 
2024-10-04T21:47:00.789+0300: 735.995: Total time for which application threads were stopped: 0.0016215 seconds, Stopping threads took: 0.0001946 seconds
2024-10-04T21:47:01.160+0300: 736.370: Application time: 0.3752311 seconds
2024-10-04T21:47:01.160+0300: 736.370: [GC (Allocation Failure) [PSYoungGen: 264474K->4400K(266752K)] 314598K->54531K(813056K), 0.0009722 secs] [Times: user=0.00 sys=0.00, real=0.00 secs] 
2024-10-04T21:47:01.160+0300: 736.371: Total time for which application threads were stopped: 0.0012407 seconds, Stopping threads took: 0.0001025 seconds
2024-10-04T21:47:01.537+0300: 736.738: Application time: 0.3663251 seconds
2024-10-04T21:47:01.537+0300: 736.738: [GC (Allocation Failure) [PSYoungGen: 264112K->5440K(266240K)] 314244K->55587K(812544K), 0.0012016 secs] [Times: user=0.00 sys=0.00, real=0.00 secs] 
2024-10-04T21:47:01.537+0300: 736.739: Total time for which application threads were stopped: 0.0015143 seconds, Stopping threads took: 0.0001632 seconds
2024-10-04T21:47:01.898+0300: 737.105: Application time: 0.3654176 seconds
2024-10-04T21:47:01.898+0300: 737.105: [GC (Allocation Failure) [PSYoungGen: 264648K->5408K(266240K)] 314796K->55603K(812544K), 0.0012344 secs] [Times: user=0.00 sys=0.00, real=0.00 secs] 
2024-10-04T21:47:01.898+0300: 737.106: Total time for which application threads were stopped: 0.0016071 seconds, Stopping threads took: 0.0002302 seconds
2024-10-04T21:47:02.274+0300: 737.482: Application time: 0.3757329 seconds
2024-10-04T21:47:02.274+0300: 737.482: [GC (Allocation Failure) [PSYoungGen: 264141K->3392K(266240K)] 314337K->53595K(812544K), 0.0009063 secs] [Times: user=0.00 sys=0.00, real=0.00 secs] 
2024-10-04T21:47:02.274+0300: 737.483: Total time for which application threads were stopped: 0.0011639 seconds, Stopping threads took: 0.0001454 seconds
2024-10-04T21:47:02.636+0300: 737.852: Application time: 0.3688084 seconds
2024-10-04T21:47:02.651+0300: 737.852: [GC (Allocation Failure) [PSYoungGen: 262976K->4432K(266240K)] 313179K->54651K(812544K), 0.0011349 secs] [Times: user=0.00 sys=0.00, real=0.00 secs] 
2024-10-04T21:47:02.651+0300: 737.853: Total time for which application threads were stopped: 0.0014604 seconds, Stopping threads took: 0.0001508 seconds
2024-10-04T21:47:03.012+0300: 738.224: Application time: 0.3708769 seconds
2024-10-04T21:47:03.012+0300: 738.224: [GC (Allocation Failure) [PSYoungGen: 263105K->4416K(266240K)] 313325K->54643K(812544K), 0.0010445 secs] [Times: user=0.00 sys=0.00, real=0.00 secs] 
2024-10-04T21:47:03.012+0300: 738.226: Total time for which application threads were stopped: 0.0013447 seconds, Stopping threads took: 0.0001652 seconds
2024-10-04T21:47:03.200+0300: 738.407: Application time: 0.1813926 seconds
2024-10-04T21:47:03.200+0300: 738.407: Total time for which application threads were stopped: 0.0001645 seconds, Stopping threads took: 0.0001269 seconds
2024-10-04T21:47:03.295+0300: 738.496: Application time: 0.0884281 seconds
2024-10-04T21:47:03.295+0300: 738.496: Total time for which application threads were stopped: 0.0003391 seconds, Stopping threads took: 0.0003166 seconds
2024-10-04T21:47:03.499+0300: 738.701: Application time: 0.2047164 seconds
2024-10-04T21:47:03.499+0300: 738.701: [GC (Allocation Failure) [PSYoungGen: 264000K->5456K(266240K)] 314227K->55691K(812544K), 0.0013095 secs] [Times: user=0.00 sys=0.00, real=0.00 secs] 
2024-10-04T21:47:03.499+0300: 738.702: Total time for which application threads were stopped: 0.0016380 seconds, Stopping threads took: 0.0001824 seconds
2024-10-04T21:47:03.860+0300: 739.062: Application time: 0.3600294 seconds
2024-10-04T21:47:03.860+0300: 739.063: [GC (Allocation Failure) [PSYoungGen: 264200K->5440K(266240K)] 314436K->55723K(812544K), 0.0012116 secs] [Times: user=0.00 sys=0.00, real=0.00 secs] 
2024-10-04T21:47:03.860+0300: 739.064: Total time for which application threads were stopped: 0.0015375 seconds, Stopping threads took: 0.0001681 seconds
2024-10-04T21:47:04.236+0300: 739.437: Application time: 0.3736046 seconds
2024-10-04T21:47:04.236+0300: 739.438: [GC (Allocation Failure) [PSYoungGen: 264105K->3392K(266240K)] 314389K->53683K(812544K), 0.0011206 secs] [Times: user=0.00 sys=0.00, real=0.00 secs] 
2024-10-04T21:47:04.236+0300: 739.439: Total time for which application threads were stopped: 0.0014398 seconds, Stopping threads took: 0.0001561 seconds
2024-10-04T21:47:04.597+0300: 739.804: Application time: 0.3651941 seconds
2024-10-04T21:47:04.597+0300: 739.804: [GC (Allocation Failure) [PSYoungGen: 262954K->5456K(266240K)] 313245K->55771K(812544K), 0.0012822 secs] [Times: user=0.00 sys=0.00, real=0.00 secs] 
2024-10-04T21:47:04.597+0300: 739.806: Total time for which application threads were stopped: 0.0015920 seconds, Stopping threads took: 0.0001670 seconds
2024-10-04T21:47:04.958+0300: 740.170: Application time: 0.3639844 seconds
2024-10-04T21:47:04.958+0300: 740.170: [GC (Allocation Failure) [PSYoungGen: 264016K->4448K(266240K)] 314331K->54771K(812544K), 0.0011125 secs] [Times: user=0.00 sys=0.00, real=0.00 secs] 
2024-10-04T21:47:04.958+0300: 740.171: Total time for which application threads were stopped: 0.0014553 seconds, Stopping threads took: 0.0001766 seconds
2024-10-04T21:47:05.335+0300: 740.544: Application time: 0.3733871 seconds
2024-10-04T21:47:05.335+0300: 740.545: [GC (Allocation Failure) [PSYoungGen: 263560K->4416K(266240K)] 313883K->54747K(812544K), 0.0011464 secs] [Times: user=0.00 sys=0.00, real=0.00 secs] 
2024-10-04T21:47:05.335+0300: 740.546: Total time for which application threads were stopped: 0.0014626 seconds, Stopping threads took: 0.0001788 seconds
2024-10-04T21:47:05.712+0300: 740.913: Application time: 0.3669916 seconds
2024-10-04T21:47:05.712+0300: 740.913: [GC (Allocation Failure) [PSYoungGen: 263800K->5424K(266240K)] 314131K->55763K(812544K), 0.0011113 secs] [Times: user=0.00 sys=0.00, real=0.00 secs] 
2024-10-04T21:47:05.713+0300: 740.914: Total time for which application threads were stopped: 0.0013688 seconds, Stopping threads took: 0.0001217 seconds
2024-10-04T21:47:06.072+0300: 741.286: Application time: 0.3715818 seconds
2024-10-04T21:47:06.072+0300: 741.286: [GC (Allocation Failure) [PSYoungGen: 264286K->3440K(266240K)] 314625K->53795K(812544K), 0.0008529 secs] [Times: user=0.00 sys=0.00, real=0.00 secs] 
2024-10-04T21:47:06.072+0300: 741.287: Total time for which application threads were stopped: 0.0011615 seconds, Stopping threads took: 0.0001940 seconds
2024-10-04T21:47:06.449+0300: 741.658: Application time: 0.3705804 seconds
2024-10-04T21:47:06.449+0300: 741.658: [GC (Allocation Failure) [PSYoungGen: 262943K->4464K(266240K)] 313299K->54827K(812544K), 0.0010144 secs] [Times: user=0.00 sys=0.00, real=0.00 secs] 
2024-10-04T21:47:06.449+0300: 741.659: Total time for which application threads were stopped: 0.0013292 seconds, Stopping threads took: 0.0001724 seconds
2024-10-04T21:47:06.826+0300: 742.027: Application time: 0.3680569 seconds
2024-10-04T21:47:06.826+0300: 742.027: [GC (Allocation Failure) [PSYoungGen: 263304K->5312K(266240K)] 313668K->55855K(812544K), 0.0011384 secs] [Times: user=0.00 sys=0.00, real=0.00 secs] 
2024-10-04T21:47:06.826+0300: 742.028: Total time for which application threads were stopped: 0.0014308 seconds, Stopping threads took: 0.0001495 seconds
2024-10-04T21:47:07.187+0300: 742.401: Application time: 0.3727035 seconds
2024-10-04T21:47:07.187+0300: 742.401: [GC (Allocation Failure) [PSYoungGen: 264870K->5392K(266240K)] 315414K->55984K(812544K), 0.0013795 secs] [Times: user=0.00 sys=0.00, real=0.01 secs] 
2024-10-04T21:47:07.202+0300: 742.403: Total time for which application threads were stopped: 0.0017612 seconds, Stopping threads took: 0.0001699 seconds
2024-10-04T21:47:07.564+0300: 742.771: Application time: 0.3676421 seconds
2024-10-04T21:47:07.564+0300: 742.771: [GC (Allocation Failure) [PSYoungGen: 264414K->4448K(266240K)] 315006K->55048K(812544K), 0.0010911 secs] [Times: user=0.00 sys=0.00, real=0.00 secs] 
2024-10-04T21:47:07.564+0300: 742.772: Total time for which application threads were stopped: 0.0013879 seconds, Stopping threads took: 0.0001392 seconds
2024-10-04T21:47:07.925+0300: 743.140: Application time: 0.3684342 seconds
2024-10-04T21:47:07.925+0300: 743.141: [GC (Allocation Failure) [PSYoungGen: 264032K->3440K(266240K)] 314632K->54048K(812544K), 0.0009626 secs] [Times: user=0.00 sys=0.02, real=0.02 secs] 
2024-10-04T21:47:07.941+0300: 743.142: Total time for which application threads were stopped: 0.0012631 seconds, Stopping threads took: 0.0001693 seconds
2024-10-04T21:47:08.304+0300: 743.513: Application time: 0.3716576 seconds
2024-10-04T21:47:08.304+0300: 743.514: [GC (Allocation Failure) [PSYoungGen: 262376K->5440K(266240K)] 312984K->56064K(812544K), 0.0012190 secs] [Times: user=0.00 sys=0.00, real=0.00 secs] 
2024-10-04T21:47:08.304+0300: 743.515: Total time for which application threads were stopped: 0.0015082 seconds, Stopping threads took: 0.0001610 seconds
2024-10-04T21:47:08.678+0300: 743.881: Application time: 0.3663502 seconds
2024-10-04T21:47:08.678+0300: 743.881: [GC (Allocation Failure) [PSYoungGen: 264409K->3456K(266240K)] 315033K->54087K(812544K), 0.0009461 secs] [Times: user=0.00 sys=0.00, real=0.00 secs] 
2024-10-04T21:47:08.678+0300: 743.882: Total time for which application threads were stopped: 0.0012280 seconds, Stopping threads took: 0.0001529 seconds
2024-10-04T21:47:09.040+0300: 744.251: Application time: 0.3683805 seconds
2024-10-04T21:47:09.040+0300: 744.251: [GC (Allocation Failure) [PSYoungGen: 263040K->4464K(266240K)] 313671K->55104K(812544K), 0.0010693 secs] [Times: user=0.00 sys=0.00, real=0.00 secs] 
2024-10-04T21:47:09.040+0300: 744.252: Total time for which application threads were stopped: 0.0013696 seconds, Stopping threads took: 0.0001647 seconds
2024-10-04T21:47:09.416+0300: 744.624: Application time: 0.3718993 seconds
2024-10-04T21:47:09.416+0300: 744.624: [GC (Allocation Failure) [PSYoungGen: 263621K->5456K(266240K)] 314261K->56120K(812544K), 0.0011823 secs] [Times: user=0.00 sys=0.00, real=0.00 secs] 
2024-10-04T21:47:09.416+0300: 744.626: Total time for which application threads were stopped: 0.0015056 seconds, Stopping threads took: 0.0001836 seconds
2024-10-04T21:47:09.777+0300: 744.993: Application time: 0.3675753 seconds
2024-10-04T21:47:09.777+0300: 744.993: [GC (Allocation Failure) [PSYoungGen: 264190K->4448K(266240K)] 314854K->55128K(812544K), 0.0011662 secs] [Times: user=0.00 sys=0.00, real=0.02 secs] 
2024-10-04T21:47:09.793+0300: 744.995: Total time for which application threads were stopped: 0.0014569 seconds, Stopping threads took: 0.0001602 seconds
2024-10-04T21:47:10.154+0300: 745.366: Application time: 0.3711237 seconds
2024-10-04T21:47:10.154+0300: 745.366: [GC (Allocation Failure) [PSYoungGen: 263236K->4384K(266240K)] 313915K->55072K(812544K), 0.0013535 secs] [Times: user=0.00 sys=0.00, real=0.00 secs] 
2024-10-04T21:47:10.154+0300: 745.367: Total time for which application threads were stopped: 0.0017141 seconds, Stopping threads took: 0.0002115 seconds
2024-10-04T21:47:10.531+0300: 745.737: Application time: 0.3696379 seconds
2024-10-04T21:47:10.531+0300: 745.737: [GC (Allocation Failure) [PSYoungGen: 263968K->3456K(266240K)] 314656K->54151K(812544K), 0.0009351 secs] [Times: user=0.00 sys=0.00, real=0.00 secs] 
2024-10-04T21:47:10.531+0300: 745.738: Total time for which application threads were stopped: 0.0012624 seconds, Stopping threads took: 0.0001776 seconds
2024-10-04T21:47:10.892+0300: 746.103: Application time: 0.3648428 seconds
2024-10-04T21:47:10.892+0300: 746.103: [GC (Allocation Failure) [PSYoungGen: 262238K->5472K(266240K)] 312934K->56184K(812544K), 0.0013178 secs] [Times: user=0.00 sys=0.00, real=0.00 secs] 
2024-10-04T21:47:10.892+0300: 746.105: Total time for which application threads were stopped: 0.0015863 seconds, Stopping threads took: 0.0001373 seconds
2024-10-04T21:47:11.268+0300: 746.479: Application time: 0.3737154 seconds
2024-10-04T21:47:11.268+0300: 746.479: [GC (Allocation Failure) [PSYoungGen: 264386K->5472K(266240K)] 315098K->56192K(812544K), 0.0013051 secs] [Times: user=0.00 sys=0.00, real=0.00 secs] 
2024-10-04T21:47:11.268+0300: 746.480: Total time for which application threads were stopped: 0.0016923 seconds, Stopping threads took: 0.0002043 seconds
2024-10-04T21:47:11.645+0300: 746.847: Application time: 0.3672172 seconds
2024-10-04T21:47:11.645+0300: 746.848: [GC (Allocation Failure) [PSYoungGen: 264218K->5456K(265216K)] 314938K->56184K(811520K), 0.0012006 secs] [Times: user=0.00 sys=0.00, real=0.00 secs] 
2024-10-04T21:47:11.645+0300: 746.849: Total time for which application threads were stopped: 0.0015005 seconds, Stopping threads took: 0.0001639 seconds
2024-10-04T21:47:12.012+0300: 747.215: Application time: 0.3657187 seconds
2024-10-04T21:47:12.012+0300: 747.215: [GC (Allocation Failure) [PSYoungGen: 263068K->4432K(265728K)] 313796K->55168K(812032K), 0.0009159 secs] [Times: user=0.00 sys=0.00, real=0.00 secs] 
2024-10-04T21:47:12.012+0300: 747.216: Total time for which application threads were stopped: 0.0011942 seconds, Stopping threads took: 0.0001465 seconds
2024-10-04T21:47:12.382+0300: 747.587: Application time: 0.3711030 seconds
2024-10-04T21:47:12.382+0300: 747.587: [GC (Allocation Failure) [PSYoungGen: 262459K->5408K(266240K)] 313195K->56160K(812544K), 0.0013044 secs] [Times: user=0.00 sys=0.00, real=0.00 secs] 
2024-10-04T21:47:12.382+0300: 747.589: Total time for which application threads were stopped: 0.0016448 seconds, Stopping threads took: 0.0001915 seconds
2024-10-04T21:47:12.743+0300: 747.956: Application time: 0.3678217 seconds
2024-10-04T21:47:12.743+0300: 747.957: [GC (Allocation Failure) [PSYoungGen: 264992K->5360K(265216K)] 315744K->56192K(811520K), 0.0011642 secs] [Times: user=0.00 sys=0.00, real=0.00 secs] 
2024-10-04T21:47:12.743+0300: 747.958: Total time for which application threads were stopped: 0.0014372 seconds, Stopping threads took: 0.0001407 seconds
2024-10-04T21:47:13.120+0300: 748.325: Application time: 0.3674564 seconds
2024-10-04T21:47:13.120+0300: 748.326: [GC (Allocation Failure) [PSYoungGen: 264360K->5376K(265728K)] 315192K->56316K(812032K), 0.0012609 secs] [Times: user=0.00 sys=0.00, real=0.00 secs] 
2024-10-04T21:47:13.120+0300: 748.327: Total time for which application threads were stopped: 0.0015769 seconds, Stopping threads took: 0.0001407 seconds
2024-10-04T21:47:13.496+0300: 748.697: Application time: 0.3704153 seconds
2024-10-04T21:47:13.496+0300: 748.698: [GC (Allocation Failure) [PSYoungGen: 263245K->4448K(265728K)] 314185K->55404K(812032K), 0.0010778 secs] [Times: user=0.00 sys=0.00, real=0.00 secs] 
2024-10-04T21:47:13.496+0300: 748.699: Total time for which application threads were stopped: 0.0013702 seconds, Stopping threads took: 0.0001464 seconds
2024-10-04T21:47:13.857+0300: 749.062: Application time: 0.3636798 seconds
2024-10-04T21:47:13.857+0300: 749.063: [GC (Allocation Failure) [PSYoungGen: 262154K->4384K(266240K)] 313110K->55380K(812544K), 0.0010817 secs] [Times: user=0.00 sys=0.00, real=0.00 secs] 
2024-10-04T21:47:13.857+0300: 749.064: Total time for which application threads were stopped: 0.0014361 seconds, Stopping threads took: 0.0002071 seconds
2024-10-04T21:47:14.234+0300: 749.438: Application time: 0.3739073 seconds
2024-10-04T21:47:14.234+0300: 749.438: [GC (Allocation Failure) [PSYoungGen: 263572K->5456K(266240K)] 314569K->56468K(812544K), 0.0013532 secs] [Times: user=0.00 sys=0.00, real=0.00 secs] 
2024-10-04T21:47:14.234+0300: 749.439: Total time for which application threads were stopped: 0.0016713 seconds, Stopping threads took: 0.0001478 seconds
2024-10-04T21:47:14.594+0300: 749.805: Application time: 0.3660421 seconds
2024-10-04T21:47:14.594+0300: 749.806: [GC (Allocation Failure) [PSYoungGen: 264987K->5440K(266240K)] 315999K->56476K(812544K), 0.0011914 secs] [Times: user=0.00 sys=0.00, real=0.00 secs] 
2024-10-04T21:47:14.594+0300: 749.807: Total time for which application threads were stopped: 0.0014989 seconds, Stopping threads took: 0.0001501 seconds
2024-10-04T21:47:14.971+0300: 750.174: Application time: 0.3669577 seconds
2024-10-04T21:47:14.971+0300: 750.174: [GC (Allocation Failure) [PSYoungGen: 264739K->5456K(266240K)] 315776K->56508K(812544K), 0.0012546 secs] [Times: user=0.00 sys=0.00, real=0.00 secs] 
2024-10-04T21:47:14.971+0300: 750.176: Total time for which application threads were stopped: 0.0016166 seconds, Stopping threads took: 0.0001910 seconds
2024-10-04T21:47:15.348+0300: 750.549: Application time: 0.3731493 seconds
2024-10-04T21:47:15.348+0300: 750.549: [GC (Allocation Failure) [PSYoungGen: 264057K->4336K(266240K)] 315109K->55428K(812544K), 0.0011925 secs] [Times: user=0.00 sys=0.00, real=0.00 secs] 
2024-10-04T21:47:15.348+0300: 750.550: Total time for which application threads were stopped: 0.0014633 seconds, Stopping threads took: 0.0000939 seconds
2024-10-04T21:47:15.708+0300: 750.918: Application time: 0.3680738 seconds
2024-10-04T21:47:15.708+0300: 750.919: [GC (Allocation Failure) [PSYoungGen: 263920K->5440K(266240K)] 315012K->56556K(812544K), 0.0012128 secs] [Times: user=0.00 sys=0.00, real=0.00 secs] 
2024-10-04T21:47:15.708+0300: 750.920: Total time for which application threads were stopped: 0.0015350 seconds, Stopping threads took: 0.0001900 seconds
2024-10-04T21:47:16.085+0300: 751.292: Application time: 0.3718675 seconds
2024-10-04T21:47:16.085+0300: 751.292: [GC (Allocation Failure) [PSYoungGen: 265024K->3408K(265216K)] 316140K->54540K(811520K), 0.0033128 secs] [Times: user=0.00 sys=0.00, real=0.00 secs] 
2024-10-04T21:47:16.085+0300: 751.295: Total time for which application threads were stopped: 0.0036636 seconds, Stopping threads took: 0.0001959 seconds
2024-10-04T21:47:16.462+0300: 751.664: Application time: 0.3683064 seconds
2024-10-04T21:47:16.462+0300: 751.664: [GC (Allocation Failure) [PSYoungGen: 261196K->5424K(265728K)] 312328K->56564K(812032K), 0.0012401 secs] [Times: user=0.00 sys=0.00, real=0.00 secs] 
2024-10-04T21:47:16.462+0300: 751.665: Total time for which application threads were stopped: 0.0015745 seconds, Stopping threads took: 0.0001354 seconds
2024-10-04T21:47:16.823+0300: 752.032: Application time: 0.3668171 seconds
2024-10-04T21:47:16.823+0300: 752.032: [GC (Allocation Failure) [PSYoungGen: 263223K->4448K(266240K)] 314363K->55596K(812544K), 0.0010672 secs] [Times: user=0.00 sys=0.00, real=0.00 secs] 
2024-10-04T21:47:16.823+0300: 752.033: Total time for which application threads were stopped: 0.0013487 seconds, Stopping threads took: 0.0001608 seconds
2024-10-04T21:47:17.199+0300: 752.408: Application time: 0.3742517 seconds
2024-10-04T21:47:17.199+0300: 752.408: [GC (Allocation Failure) [PSYoungGen: 263520K->4448K(265728K)] 314668K->55604K(812032K), 0.0010654 secs] [Times: user=0.00 sys=0.00, real=0.00 secs] 
2024-10-04T21:47:17.199+0300: 752.409: Total time for which application threads were stopped: 0.0013749 seconds, Stopping threads took: 0.0001456 seconds
2024-10-04T21:47:17.560+0300: 752.773: Application time: 0.3643713 seconds
2024-10-04T21:47:17.560+0300: 752.774: [GC (Allocation Failure) [PSYoungGen: 262728K->4336K(266240K)] 313884K->55500K(812544K), 0.0011609 secs] [Times: user=0.00 sys=0.00, real=0.00 secs] 
2024-10-04T21:47:17.560+0300: 752.775: Total time for which application threads were stopped: 0.0014944 seconds, Stopping threads took: 0.0001689 seconds
2024-10-04T21:47:17.937+0300: 753.141: Application time: 0.3664402 seconds
2024-10-04T21:47:17.937+0300: 753.142: [GC (Allocation Failure) [PSYoungGen: 263083K->5472K(266240K)] 314247K->56644K(812544K), 0.0011921 secs] [Times: user=0.00 sys=0.00, real=0.00 secs] 
2024-10-04T21:47:17.937+0300: 753.143: Total time for which application threads were stopped: 0.0014572 seconds, Stopping threads took: 0.0001405 seconds
2024-10-04T21:47:18.313+0300: 753.517: Application time: 0.3738625 seconds
2024-10-04T21:47:18.313+0300: 753.517: [GC (Allocation Failure) [PSYoungGen: 264458K->4448K(266240K)] 315631K->55628K(812544K), 0.0010661 secs] [Times: user=0.00 sys=0.00, real=0.00 secs] 
2024-10-04T21:47:18.313+0300: 753.518: Total time for which application threads were stopped: 0.0013632 seconds, Stopping threads took: 0.0001493 seconds
2024-10-04T21:47:18.675+0300: 753.882: Application time: 0.3643375 seconds
2024-10-04T21:47:18.675+0300: 753.883: [GC (Allocation Failure) [PSYoungGen: 263200K->5376K(266240K)] 314380K->56628K(812544K), 0.0012892 secs] [Times: user=0.00 sys=0.00, real=0.00 secs] 
2024-10-04T21:47:18.675+0300: 753.884: Total time for which application threads were stopped: 0.0016029 seconds, Stopping threads took: 0.0001601 seconds
2024-10-04T21:47:19.052+0300: 754.254: Application time: 0.3700098 seconds
2024-10-04T21:47:19.052+0300: 754.254: [GC (Allocation Failure) [PSYoungGen: 264239K->3424K(266240K)] 315492K->54724K(812544K), 0.0008425 secs] [Times: user=0.00 sys=0.00, real=0.00 secs] 
2024-10-04T21:47:19.052+0300: 754.255: Total time for which application threads were stopped: 0.0011011 seconds, Stopping threads took: 0.0001452 seconds
2024-10-04T21:47:19.413+0300: 754.624: Application time: 0.3689228 seconds
2024-10-04T21:47:19.413+0300: 754.624: [GC (Allocation Failure) [PSYoungGen: 262210K->5424K(266240K)] 313510K->56764K(812544K), 0.0013466 secs] [Times: user=0.00 sys=0.00, real=0.00 secs] 
2024-10-04T21:47:19.413+0300: 754.626: Total time for which application threads were stopped: 0.0016934 seconds, Stopping threads took: 0.0001128 seconds
2024-10-04T21:47:19.789+0300: 754.993: Application time: 0.3675535 seconds
2024-10-04T21:47:19.789+0300: 754.993: [GC (Allocation Failure) [PSYoungGen: 265008K->4416K(266240K)] 316348K->55796K(812544K), 0.0010037 secs] [Times: user=0.00 sys=0.00, real=0.00 secs] 
2024-10-04T21:47:19.789+0300: 754.995: Total time for which application threads were stopped: 0.0012975 seconds, Stopping threads took: 0.0001551 seconds
2024-10-04T21:47:20.166+0300: 755.369: Application time: 0.3744153 seconds
2024-10-04T21:47:20.166+0300: 755.369: [GC (Allocation Failure) [PSYoungGen: 264000K->4448K(266240K)] 315380K->55868K(812544K), 0.0031116 secs] [Times: user=0.00 sys=0.00, real=0.00 secs] 
2024-10-04T21:47:20.166+0300: 755.372: Total time for which application threads were stopped: 0.0034044 seconds, Stopping threads took: 0.0001547 seconds
2024-10-04T21:47:20.530+0300: 755.737: Application time: 0.3642408 seconds
2024-10-04T21:47:20.530+0300: 755.737: [GC (Allocation Failure) [PSYoungGen: 263233K->4432K(266240K)] 314654K->55868K(812544K), 0.0011264 secs] [Times: user=0.00 sys=0.00, real=0.00 secs] 
2024-10-04T21:47:20.530+0300: 755.738: Total time for which application threads were stopped: 0.0014128 seconds, Stopping threads took: 0.0001452 seconds
2024-10-04T21:47:20.903+0300: 756.107: Application time: 0.3690361 seconds
2024-10-04T21:47:20.903+0300: 756.107: [GC (Allocation Failure) [PSYoungGen: 264016K->3424K(266240K)] 315452K->54876K(812544K), 0.0008966 secs] [Times: user=0.00 sys=0.00, real=0.00 secs] 
2024-10-04T21:47:20.903+0300: 756.108: Total time for which application threads were stopped: 0.0012020 seconds, Stopping threads took: 0.0001825 seconds
2024-10-04T21:47:21.280+0300: 756.482: Application time: 0.3736009 seconds
2024-10-04T21:47:21.280+0300: 756.482: [GC (Allocation Failure) [PSYoungGen: 262248K->5472K(266240K)] 313701K->56948K(812544K), 0.0011287 secs] [Times: user=0.00 sys=0.00, real=0.00 secs] 
2024-10-04T21:47:21.280+0300: 756.483: Total time for which application threads were stopped: 0.0014318 seconds, Stopping threads took: 0.0001749 seconds
2024-10-04T21:47:21.641+0300: 756.849: Application time: 0.3660874 seconds
2024-10-04T21:47:21.641+0300: 756.850: [GC (Allocation Failure) [PSYoungGen: 264474K->5440K(266240K)] 315951K->56924K(812544K), 0.0012731 secs] [Times: user=0.00 sys=0.00, real=0.00 secs] 
2024-10-04T21:47:21.641+0300: 756.851: Total time for which application threads were stopped: 0.0015796 seconds, Stopping threads took: 0.0001600 seconds
2024-10-04T21:47:22.017+0300: 757.219: Application time: 0.3678065 seconds
2024-10-04T21:47:22.017+0300: 757.219: [GC (Allocation Failure) [PSYoungGen: 264251K->5440K(265216K)] 315735K->56932K(811520K), 0.0010080 secs] [Times: user=0.00 sys=0.00, real=0.00 secs] 
2024-10-04T21:47:22.017+0300: 757.220: Total time for which application threads were stopped: 0.0013290 seconds, Stopping threads took: 0.0001144 seconds
2024-10-04T21:47:22.394+0300: 757.604: Application time: 0.3842540 seconds
2024-10-04T21:47:22.394+0300: 757.605: [GC (Allocation Failure) [PSYoungGen: 263151K->3440K(265728K)] 314643K->54940K(812032K), 0.0011163 secs] [Times: user=0.00 sys=0.00, real=0.00 secs] 
2024-10-04T21:47:22.394+0300: 757.606: Total time for which application threads were stopped: 0.0013743 seconds, Stopping threads took: 0.0000995 seconds
2024-10-04T21:47:22.755+0300: 757.967: Application time: 0.3613921 seconds
2024-10-04T21:47:22.755+0300: 757.967: [GC (Allocation Failure) [PSYoungGen: 261046K->5440K(265728K)] 312546K->56948K(812032K), 0.0012131 secs] [Times: user=0.00 sys=0.00, real=0.00 secs] 
2024-10-04T21:47:22.755+0300: 757.969: Total time for which application threads were stopped: 0.0015609 seconds, Stopping threads took: 0.0001855 seconds
2024-10-04T21:47:23.136+0300: 758.343: Application time: 0.3744689 seconds
2024-10-04T21:47:23.136+0300: 758.343: [GC (Allocation Failure) [PSYoungGen: 263528K->4448K(265728K)] 315037K->55964K(812032K), 0.0014447 secs] [Times: user=0.03 sys=0.00, real=0.00 secs] 
2024-10-04T21:47:23.136+0300: 758.345: Total time for which application threads were stopped: 0.0017831 seconds, Stopping threads took: 0.0001783 seconds
2024-10-04T21:47:23.508+0300: 758.719: Application time: 0.3738077 seconds
2024-10-04T21:47:23.508+0300: 758.719: [GC (Allocation Failure) [PSYoungGen: 262909K->4448K(266240K)] 314425K->55972K(812544K), 0.0011937 secs] [Times: user=0.00 sys=0.00, real=0.00 secs] 
2024-10-04T21:47:23.508+0300: 758.720: Total time for which application threads were stopped: 0.0014984 seconds, Stopping threads took: 0.0001551 seconds
2024-10-04T21:47:23.884+0300: 759.093: Application time: 0.3723096 seconds
2024-10-04T21:47:23.884+0300: 759.093: [GC (Allocation Failure) [PSYoungGen: 263456K->3392K(266240K)] 314980K->54932K(812544K), 0.0010197 secs] [Times: user=0.00 sys=0.00, real=0.00 secs] 
2024-10-04T21:47:23.884+0300: 759.094: Total time for which application threads were stopped: 0.0013212 seconds, Stopping threads took: 0.0001393 seconds
2024-10-04T21:47:24.261+0300: 759.471: Application time: 0.3767969 seconds
2024-10-04T21:47:24.261+0300: 759.471: [GC (Allocation Failure) [PSYoungGen: 262133K->4448K(266240K)] 313674K->55996K(812544K), 0.0011784 secs] [Times: user=0.02 sys=0.00, real=0.00 secs] 
2024-10-04T21:47:24.261+0300: 759.472: Total time for which application threads were stopped: 0.0015281 seconds, Stopping threads took: 0.0001677 seconds
2024-10-04T21:47:24.637+0300: 759.838: Application time: 0.3662047 seconds
2024-10-04T21:47:24.637+0300: 759.839: [GC (Allocation Failure) [PSYoungGen: 263338K->3296K(266240K)] 314886K->54920K(812544K), 0.0010019 secs] [Times: user=0.00 sys=0.00, real=0.00 secs] 
2024-10-04T21:47:24.637+0300: 759.840: Total time for which application threads were stopped: 0.0012865 seconds, Stopping threads took: 0.0001255 seconds
2024-10-04T21:47:24.999+0300: 760.211: Application time: 0.3707925 seconds
2024-10-04T21:47:24.999+0300: 760.211: [GC (Allocation Failure) [PSYoungGen: 262880K->2432K(266240K)] 314504K->54064K(812544K), 0.0008348 secs] [Times: user=0.00 sys=0.00, real=0.00 secs] 
2024-10-04T21:47:24.999+0300: 760.212: Total time for which application threads were stopped: 0.0011286 seconds, Stopping threads took: 0.0001595 seconds
2024-10-04T21:47:25.375+0300: 760.587: Application time: 0.3749035 seconds
2024-10-04T21:47:25.375+0300: 760.587: [GC (Allocation Failure) [PSYoungGen: 261608K->5360K(265216K)] 313240K->57080K(811520K), 0.0012589 secs] [Times: user=0.00 sys=0.00, real=0.00 secs] 
2024-10-04T21:47:25.375+0300: 760.588: Total time for which application threads were stopped: 0.0015715 seconds, Stopping threads took: 0.0001531 seconds
2024-10-04T21:47:25.752+0300: 760.962: Application time: 0.3736686 seconds
2024-10-04T21:47:25.752+0300: 760.962: [GC (Allocation Failure) [PSYoungGen: 264285K->3424K(266240K)] 316005K->55152K(812544K), 0.0010265 secs] [Times: user=0.00 sys=0.00, real=0.00 secs] 
2024-10-04T21:47:25.752+0300: 760.963: Total time for which application threads were stopped: 0.0013378 seconds, Stopping threads took: 0.0001523 seconds
2024-10-04T21:47:26.128+0300: 761.335: Application time: 0.3716362 seconds
2024-10-04T21:47:26.128+0300: 761.335: [GC (Allocation Failure) [PSYoungGen: 262029K->3296K(265728K)] 313757K->55064K(812032K), 0.0010886 secs] [Times: user=0.00 sys=0.00, real=0.00 secs] 
2024-10-04T21:47:26.128+0300: 761.336: Total time for which application threads were stopped: 0.0013481 seconds, Stopping threads took: 0.0001173 seconds
2024-10-04T21:47:26.504+0300: 761.709: Application time: 0.3729902 seconds
2024-10-04T21:47:26.504+0300: 761.709: [GC (Allocation Failure) [PSYoungGen: 262198K->5472K(265216K)] 313966K->57248K(811520K), 0.0011836 secs] [Times: user=0.00 sys=0.00, real=0.00 secs] 
2024-10-04T21:47:26.504+0300: 761.711: Total time for which application threads were stopped: 0.0014707 seconds, Stopping threads took: 0.0001340 seconds
2024-10-04T21:47:26.866+0300: 762.080: Application time: 0.3697933 seconds
2024-10-04T21:47:26.866+0300: 762.081: [GC (Allocation Failure) [PSYoungGen: 264032K->3440K(265728K)] 315808K->55224K(812032K), 0.0009234 secs] [Times: user=0.01 sys=0.00, real=0.00 secs] 
2024-10-04T21:47:26.866+0300: 762.082: Total time for which application threads were stopped: 0.0012932 seconds, Stopping threads took: 0.0001863 seconds
2024-10-04T21:47:27.244+0300: 762.457: Application time: 0.3755190 seconds
2024-10-04T21:47:27.244+0300: 762.457: [GC (Allocation Failure) [PSYoungGen: 261304K->4416K(266240K)] 313088K->56240K(812544K), 0.0011099 secs] [Times: user=0.02 sys=0.00, real=0.00 secs] 
2024-10-04T21:47:27.244+0300: 762.459: Total time for which application threads were stopped: 0.0014798 seconds, Stopping threads took: 0.0001718 seconds
2024-10-04T21:47:27.619+0300: 762.827: Application time: 0.3685132 seconds
2024-10-04T21:47:27.619+0300: 762.827: [GC (Allocation Failure) [PSYoungGen: 262534K->5440K(265728K)] 314359K->57272K(812032K), 0.0015972 secs] [Times: user=0.00 sys=0.00, real=0.00 secs] 
2024-10-04T21:47:27.619+0300: 762.829: Total time for which application threads were stopped: 0.0018552 seconds, Stopping threads took: 0.0001072 seconds
2024-10-04T21:47:27.995+0300: 763.197: Application time: 0.3680734 seconds
2024-10-04T21:47:27.995+0300: 763.197: [GC (Allocation Failure) [PSYoungGen: 264512K->3408K(265728K)] 316344K->55248K(812032K), 0.0010669 secs] [Times: user=0.00 sys=0.00, real=0.00 secs] 
2024-10-04T21:47:27.995+0300: 763.199: Total time for which application threads were stopped: 0.0013949 seconds, Stopping threads took: 0.0001772 seconds
2024-10-04T21:47:28.372+0300: 763.574: Application time: 0.3752443 seconds
2024-10-04T21:47:28.372+0300: 763.574: [GC (Allocation Failure) [PSYoungGen: 261456K->5408K(265728K)] 313297K->57264K(812032K), 0.0014526 secs] [Times: user=0.00 sys=0.00, real=0.00 secs] 
2024-10-04T21:47:28.372+0300: 763.576: Total time for which application threads were stopped: 0.0017906 seconds, Stopping threads took: 0.0001664 seconds
2024-10-04T21:47:28.733+0300: 763.936: Application time: 0.3607585 seconds
2024-10-04T21:47:28.733+0300: 763.937: [GC (Allocation Failure) [PSYoungGen: 263077K->5440K(265728K)] 314933K->57312K(812032K), 0.0012029 secs] [Times: user=0.00 sys=0.00, real=0.00 secs] 
2024-10-04T21:47:28.733+0300: 763.938: Total time for which application threads were stopped: 0.0015434 seconds, Stopping threads took: 0.0001807 seconds
2024-10-04T21:47:29.094+0300: 764.305: Application time: 0.3669235 seconds
2024-10-04T21:47:29.094+0300: 764.305: [GC (Allocation Failure) [PSYoungGen: 263156K->4464K(265728K)] 315028K->56344K(812032K), 0.0010645 secs] [Times: user=0.00 sys=0.00, real=0.00 secs] 
2024-10-04T21:47:29.094+0300: 764.306: Total time for which application threads were stopped: 0.0013484 seconds, Stopping threads took: 0.0001703 seconds
2024-10-04T21:47:29.471+0300: 764.677: Application time: 0.3703844 seconds
2024-10-04T21:47:29.471+0300: 764.677: [GC (Allocation Failure) [PSYoungGen: 262295K->4480K(266240K)] 314176K->56368K(812544K), 0.0011289 secs] [Times: user=0.00 sys=0.00, real=0.00 secs] 
2024-10-04T21:47:29.471+0300: 764.678: Total time for which application threads were stopped: 0.0014490 seconds, Stopping threads took: 0.0001796 seconds
2024-10-04T21:47:29.832+0300: 765.047: Application time: 0.3689572 seconds
2024-10-04T21:47:29.832+0300: 765.047: [GC (Allocation Failure) [PSYoungGen: 263552K->5408K(265728K)] 315440K->57304K(812032K), 0.0010910 secs] [Times: user=0.00 sys=0.00, real=0.01 secs] 
2024-10-04T21:47:29.847+0300: 765.048: Total time for which application threads were stopped: 0.0013640 seconds, Stopping threads took: 0.0001206 seconds
2024-10-04T21:47:30.209+0300: 765.421: Application time: 0.3726464 seconds
2024-10-04T21:47:30.209+0300: 765.421: [GC (Allocation Failure) [PSYoungGen: 264480K->3408K(266240K)] 316376K->55312K(812544K), 0.0009813 secs] [Times: user=0.00 sys=0.00, real=0.00 secs] 
2024-10-04T21:47:30.209+0300: 765.422: Total time for which application threads were stopped: 0.0014374 seconds, Stopping threads took: 0.0002686 seconds
2024-10-04T21:47:30.585+0300: 765.788: Application time: 0.3653389 seconds
2024-10-04T21:47:30.585+0300: 765.788: [GC (Allocation Failure) [PSYoungGen: 261523K->4384K(265728K)] 313427K->56364K(812032K), 0.0011374 secs] [Times: user=0.00 sys=0.00, real=0.00 secs] 
2024-10-04T21:47:30.585+0300: 765.789: Total time for which application threads were stopped: 0.0014127 seconds, Stopping threads took: 0.0001347 seconds
2024-10-04T21:47:30.951+0300: 766.154: Application time: 0.3648185 seconds
2024-10-04T21:47:30.951+0300: 766.154: [GC (Allocation Failure) [PSYoungGen: 263270K->4480K(266240K)] 315251K->56468K(812544K), 0.0010610 secs] [Times: user=0.00 sys=0.00, real=0.00 secs] 
2024-10-04T21:47:30.951+0300: 766.155: Total time for which application threads were stopped: 0.0013728 seconds, Stopping threads took: 0.0001765 seconds
2024-10-04T21:47:31.323+0300: 766.532: Application time: 0.3768266 seconds
2024-10-04T21:47:31.323+0300: 766.532: [GC (Allocation Failure) [PSYoungGen: 263354K->3392K(266240K)] 315343K->55428K(812544K), 0.0009036 secs] [Times: user=0.00 sys=0.00, real=0.00 secs] 
2024-10-04T21:47:31.323+0300: 766.533: Total time for which application threads were stopped: 0.0012648 seconds, Stopping threads took: 0.0002047 seconds
2024-10-04T21:47:31.684+0300: 766.899: Application time: 0.3659763 seconds
2024-10-04T21:47:31.684+0300: 766.900: [GC (Allocation Failure) [PSYoungGen: 262379K->4416K(266752K)] 314416K->56492K(813056K), 0.0011104 secs] [Times: user=0.02 sys=0.00, real=0.02 secs] 
2024-10-04T21:47:31.700+0300: 766.901: Total time for which application threads were stopped: 0.0014665 seconds, Stopping threads took: 0.0001926 seconds
2024-10-04T21:47:32.061+0300: 767.273: Application time: 0.3718084 seconds
2024-10-04T21:47:32.061+0300: 767.273: [GC (Allocation Failure) [PSYoungGen: 264512K->2368K(266240K)] 316588K->54468K(812544K), 0.0007560 secs] [Times: user=0.00 sys=0.00, real=0.00 secs] 
2024-10-04T21:47:32.061+0300: 767.274: Total time for which application threads were stopped: 0.0010023 seconds, Stopping threads took: 0.0001435 seconds
2024-10-04T21:47:32.437+0300: 767.645: Application time: 0.3709268 seconds
2024-10-04T21:47:32.437+0300: 767.645: [GC (Allocation Failure) [PSYoungGen: 262095K->4464K(266240K)] 314196K->56572K(812544K), 0.0011808 secs] [Times: user=0.00 sys=0.00, real=0.00 secs] 
2024-10-04T21:47:32.437+0300: 767.646: Total time for which application threads were stopped: 0.0016396 seconds, Stopping threads took: 0.0002653 seconds
2024-10-04T21:47:32.798+0300: 768.013: Application time: 0.3665373 seconds
2024-10-04T21:47:32.798+0300: 768.013: [GC (Allocation Failure) [PSYoungGen: 263661K->5408K(266240K)] 315769K->57572K(812544K), 0.0013614 secs] [Times: user=0.00 sys=0.00, real=0.00 secs] 
2024-10-04T21:47:32.798+0300: 768.015: Total time for which application threads were stopped: 0.0016891 seconds, Stopping threads took: 0.0001663 seconds
2024-10-04T21:47:33.175+0300: 768.389: Application time: 0.3743709 seconds
2024-10-04T21:47:33.175+0300: 768.389: [GC (Allocation Failure) [PSYoungGen: 264168K->5440K(266240K)] 316333K->57612K(812544K), 0.0012058 secs] [Times: user=0.00 sys=0.00, real=0.00 secs] 
2024-10-04T21:47:33.175+0300: 768.390: Total time for which application threads were stopped: 0.0014760 seconds, Stopping threads took: 0.0000995 seconds
2024-10-04T21:47:33.557+0300: 768.759: Application time: 0.3681569 seconds
2024-10-04T21:47:33.557+0300: 768.759: [GC (Allocation Failure) [PSYoungGen: 264316K->4416K(266240K)] 316489K->56628K(812544K), 0.0010357 secs] [Times: user=0.00 sys=0.00, real=0.00 secs] 
2024-10-04T21:47:33.557+0300: 768.760: Total time for which application threads were stopped: 0.0013025 seconds, Stopping threads took: 0.0001352 seconds
2024-10-04T21:47:33.913+0300: 769.124: Application time: 0.3645537 seconds
2024-10-04T21:47:33.913+0300: 769.125: [GC (Allocation Failure) [PSYoungGen: 263393K->3408K(266240K)] 315606K->55636K(812544K), 0.0010115 secs] [Times: user=0.00 sys=0.00, real=0.00 secs] 
2024-10-04T21:47:33.913+0300: 769.126: Total time for which application threads were stopped: 0.0013572 seconds, Stopping threads took: 0.0002147 seconds
2024-10-04T21:47:34.289+0300: 769.499: Application time: 0.3736926 seconds
2024-10-04T21:47:34.289+0300: 769.500: [GC (Allocation Failure) [PSYoungGen: 262965K->4480K(266240K)] 315194K->56716K(812544K), 0.0010745 secs] [Times: user=0.00 sys=0.00, real=0.00 secs] 
2024-10-04T21:47:34.289+0300: 769.501: Total time for which application threads were stopped: 0.0014851 seconds, Stopping threads took: 0.0002224 seconds
2024-10-04T21:47:34.666+0300: 769.869: Application time: 0.3685487 seconds
2024-10-04T21:47:34.666+0300: 769.870: [GC (Allocation Failure) [PSYoungGen: 263435K->5472K(266240K)] 315672K->57716K(812544K), 0.0013698 secs] [Times: user=0.00 sys=0.00, real=0.00 secs] 
2024-10-04T21:47:34.666+0300: 769.871: Total time for which application threads were stopped: 0.0016707 seconds, Stopping threads took: 0.0001427 seconds
2024-10-04T21:47:35.027+0300: 770.239: Application time: 0.3673610 seconds
2024-10-04T21:47:35.027+0300: 770.239: [GC (Allocation Failure) [PSYoungGen: 265056K->4464K(266240K)] 317300K->56716K(812544K), 0.0009498 secs] [Times: user=0.00 sys=0.00, real=0.00 secs] 
2024-10-04T21:47:35.027+0300: 770.240: Total time for which application threads were stopped: 0.0012178 seconds, Stopping threads took: 0.0001421 seconds
2024-10-04T21:47:35.404+0300: 770.615: Application time: 0.3748529 seconds
2024-10-04T21:47:35.404+0300: 770.615: [GC (Allocation Failure) [PSYoungGen: 264048K->4384K(266752K)] 316300K->56644K(813056K), 0.0012336 secs] [Times: user=0.00 sys=0.00, real=0.00 secs] 
2024-10-04T21:47:35.404+0300: 770.616: Total time for which application threads were stopped: 0.0015689 seconds, Stopping threads took: 0.0001525 seconds
2024-10-04T21:47:35.780+0300: 770.982: Application time: 0.3662403 seconds
2024-10-04T21:47:35.780+0300: 770.983: [GC (Allocation Failure) [PSYoungGen: 263538K->5424K(266240K)] 315799K->57700K(812544K), 0.0015267 secs] [Times: user=0.00 sys=0.00, real=0.00 secs] 
2024-10-04T21:47:35.780+0300: 770.984: Total time for which application threads were stopped: 0.0019192 seconds, Stopping threads took: 0.0001622 seconds
2024-10-04T21:47:36.220+0300: 771.426: Application time: 0.4415089 seconds
2024-10-04T21:47:36.220+0300: 771.426: [GC (Allocation Failure) [PSYoungGen: 265233K->4384K(266240K)] 317510K->56736K(812544K), 0.0009544 secs] [Times: user=0.00 sys=0.00, real=0.00 secs] 
2024-10-04T21:47:36.220+0300: 771.427: Total time for which application threads were stopped: 0.0012411 seconds, Stopping threads took: 0.0001321 seconds
2024-10-04T21:47:36.663+0300: 771.865: Application time: 0.4379514 seconds
2024-10-04T21:47:36.663+0300: 771.865: [GC (Allocation Failure) [PSYoungGen: 263350K->3408K(266240K)] 315703K->55768K(812544K), 0.0009337 secs] [Times: user=0.00 sys=0.00, real=0.00 secs] 
2024-10-04T21:47:36.663+0300: 771.866: Total time for which application threads were stopped: 0.0013222 seconds, Stopping threads took: 0.0001693 seconds
2024-10-04T21:47:37.020+0300: 772.233: Application time: 0.3664644 seconds
2024-10-04T21:47:37.020+0300: 772.233: [GC (Allocation Failure) [PSYoungGen: 262122K->4384K(266752K)] 314483K->56784K(813056K), 0.0012510 secs] [Times: user=0.00 sys=0.00, real=0.00 secs] 
2024-10-04T21:47:37.020+0300: 772.234: Total time for which application threads were stopped: 0.0015559 seconds, Stopping threads took: 0.0001775 seconds
2024-10-04T21:47:37.397+0300: 772.603: Application time: 0.3685342 seconds
2024-10-04T21:47:37.397+0300: 772.603: [GC (Allocation Failure) [PSYoungGen: 263464K->5408K(266240K)] 315865K->57816K(812544K), 0.0015015 secs] [Times: user=0.00 sys=0.00, real=0.00 secs] 
2024-10-04T21:47:37.397+0300: 772.605: Total time for which application threads were stopped: 0.0019034 seconds, Stopping threads took: 0.0002278 seconds
2024-10-04T21:47:37.774+0300: 772.978: Application time: 0.3733435 seconds
2024-10-04T21:47:37.774+0300: 772.978: [GC (Allocation Failure) [PSYoungGen: 264986K->2352K(266240K)] 317395K->54768K(812544K), 0.0008649 secs] [Times: user=0.00 sys=0.00, real=0.00 secs] 
2024-10-04T21:47:37.774+0300: 772.979: Total time for which application threads were stopped: 0.0011869 seconds, Stopping threads took: 0.0001837 seconds
2024-10-04T21:47:38.135+0300: 773.350: Application time: 0.3706126 seconds
2024-10-04T21:47:38.135+0300: 773.350: [GC (Allocation Failure) [PSYoungGen: 261656K->5408K(266240K)] 314073K->57832K(812544K), 0.0020157 secs] [Times: user=0.02 sys=0.00, real=0.02 secs] 
2024-10-04T21:47:38.150+0300: 773.352: Total time for which application threads were stopped: 0.0023340 seconds, Stopping threads took: 0.0001669 seconds
2024-10-04T21:47:38.511+0300: 773.724: Application time: 0.3712707 seconds
2024-10-04T21:47:38.511+0300: 773.724: [GC (Allocation Failure) [PSYoungGen: 264161K->4464K(266240K)] 316586K->56896K(812544K), 0.0011863 secs] [Times: user=0.00 sys=0.00, real=0.00 secs] 
2024-10-04T21:47:38.511+0300: 773.725: Total time for which application threads were stopped: 0.0016182 seconds, Stopping threads took: 0.0002094 seconds
2024-10-04T21:47:38.950+0300: 774.161: Application time: 0.4357873 seconds
2024-10-04T21:47:38.950+0300: 774.161: [GC (Allocation Failure) [PSYoungGen: 263303K->4464K(266240K)] 315736K->56904K(812544K), 0.0010698 secs] [Times: user=0.00 sys=0.00, real=0.00 secs] 
2024-10-04T21:47:38.950+0300: 774.162: Total time for which application threads were stopped: 0.0013942 seconds, Stopping threads took: 0.0001794 seconds
2024-10-04T21:47:39.390+0300: 774.601: Application time: 0.4387207 seconds
2024-10-04T21:47:39.390+0300: 774.601: [GC (Allocation Failure) [PSYoungGen: 263376K->4416K(266752K)] 315816K->56896K(813056K), 0.0019338 secs] [Times: user=0.00 sys=0.00, real=0.00 secs] 
2024-10-04T21:47:39.390+0300: 774.603: Total time for which application threads were stopped: 0.0022861 seconds, Stopping threads took: 0.0001613 seconds
2024-10-04T21:47:39.770+0300: 774.975: Application time: 0.3719924 seconds
2024-10-04T21:47:39.770+0300: 774.976: [GC (Allocation Failure) [PSYoungGen: 264016K->5424K(266240K)] 316497K->57913K(812544K), 0.0017552 secs] [Times: user=0.00 sys=0.00, real=0.00 secs] 
2024-10-04T21:47:39.770+0300: 774.978: Total time for which application threads were stopped: 0.0021194 seconds, Stopping threads took: 0.0001891 seconds
2024-10-04T21:47:40.158+0300: 775.365: Application time: 0.3870915 seconds
2024-10-04T21:47:40.158+0300: 775.365: [GC (Allocation Failure) [PSYoungGen: 265137K->3328K(266240K)] 317626K->55832K(812544K), 0.0022279 secs] [Times: user=0.00 sys=0.00, real=0.00 secs] 
2024-10-04T21:47:40.158+0300: 775.367: Total time for which application threads were stopped: 0.0026064 seconds, Stopping threads took: 0.0001719 seconds
2024-10-04T21:47:40.520+0300: 775.734: Application time: 0.3662622 seconds
2024-10-04T21:47:40.520+0300: 775.734: [GC (Allocation Failure) [PSYoungGen: 262186K->5440K(266240K)] 314691K->57984K(812544K), 0.0030808 secs] [Times: user=0.02 sys=0.00, real=0.02 secs] 
2024-10-04T21:47:40.535+0300: 775.737: Total time for which application threads were stopped: 0.0033714 seconds, Stopping threads took: 0.0001509 seconds
2024-10-04T21:47:40.896+0300: 776.108: Application time: 0.3710826 seconds
2024-10-04T21:47:40.896+0300: 776.108: [GC (Allocation Failure) [PSYoungGen: 265024K->3392K(266240K)] 317568K->55985K(812544K), 0.0009365 secs] [Times: user=0.00 sys=0.00, real=0.00 secs] 
2024-10-04T21:47:40.896+0300: 776.109: Total time for which application threads were stopped: 0.0012477 seconds, Stopping threads took: 0.0001805 seconds
2024-10-04T21:47:41.273+0300: 776.480: Application time: 0.3709885 seconds
2024-10-04T21:47:41.273+0300: 776.481: [GC (Allocation Failure) [PSYoungGen: 261987K->4416K(266240K)] 314580K->57025K(812544K), 0.0010781 secs] [Times: user=0.00 sys=0.00, real=0.00 secs] 
2024-10-04T21:47:41.273+0300: 776.482: Total time for which application threads were stopped: 0.0015539 seconds, Stopping threads took: 0.0003160 seconds
2024-10-04T21:47:41.634+0300: 776.847: Application time: 0.3652068 seconds
2024-10-04T21:47:41.634+0300: 776.847: [GC (Allocation Failure) [PSYoungGen: 263452K->5392K(266240K)] 316061K->58057K(812544K), 0.0022843 secs] [Times: user=0.00 sys=0.00, real=0.00 secs] 
2024-10-04T21:47:41.634+0300: 776.850: Total time for which application threads were stopped: 0.0026214 seconds, Stopping threads took: 0.0001916 seconds
2024-10-04T21:47:42.010+0300: 777.219: Application time: 0.3698461 seconds
2024-10-04T21:47:42.010+0300: 777.220: [GC (Allocation Failure) [PSYoungGen: 264346K->5440K(266240K)] 317011K->58113K(812544K), 0.0010967 secs] [Times: user=0.00 sys=0.00, real=0.00 secs] 
2024-10-04T21:47:42.010+0300: 777.221: Total time for which application threads were stopped: 0.0013823 seconds, Stopping threads took: 0.0001528 seconds
2024-10-04T21:47:42.387+0300: 777.592: Application time: 0.3714258 seconds
2024-10-04T21:47:42.387+0300: 777.592: [GC (Allocation Failure) [PSYoungGen: 264222K->5408K(265216K)] 316895K->58129K(811520K), 0.0012314 secs] [Times: user=0.00 sys=0.00, real=0.00 secs] 
2024-10-04T21:47:42.387+0300: 777.594: Total time for which application threads were stopped: 0.0014942 seconds, Stopping threads took: 0.0001348 seconds
2024-10-04T21:47:42.748+0300: 777.960: Application time: 0.3662848 seconds
2024-10-04T21:47:42.748+0300: 777.960: [GC (Allocation Failure) [PSYoungGen: 263396K->5456K(265728K)] 316117K->58185K(812032K), 0.0011352 secs] [Times: user=0.00 sys=0.00, real=0.00 secs] 
2024-10-04T21:47:42.748+0300: 777.961: Total time for which application threads were stopped: 0.0014425 seconds, Stopping threads took: 0.0001786 seconds
2024-10-04T21:47:43.125+0300: 778.327: Application time: 0.3655098 seconds
2024-10-04T21:47:43.125+0300: 778.327: [GC (Allocation Failure) [PSYoungGen: 263973K->5440K(265728K)] 316702K->58177K(812032K), 0.0017670 secs] [Times: user=0.00 sys=0.00, real=0.00 secs] 
2024-10-04T21:47:43.125+0300: 778.329: Total time for which application threads were stopped: 0.0020758 seconds, Stopping threads took: 0.0001576 seconds
2024-10-04T21:47:43.486+0300: 778.699: Application time: 0.3694266 seconds
2024-10-04T21:47:43.486+0300: 778.699: [GC (Allocation Failure) [PSYoungGen: 263636K->4384K(265728K)] 316373K->57161K(812032K), 0.0010061 secs] [Times: user=0.00 sys=0.00, real=0.00 secs] 
2024-10-04T21:47:43.486+0300: 778.700: Total time for which application threads were stopped: 0.0013416 seconds, Stopping threads took: 0.0001958 seconds
2024-10-04T21:47:43.863+0300: 779.070: Application time: 0.3697640 seconds
2024-10-04T21:47:43.863+0300: 779.070: [GC (Allocation Failure) [PSYoungGen: 262843K->3424K(265728K)] 315620K->56209K(812032K), 0.0009333 secs] [Times: user=0.00 sys=0.00, real=0.00 secs] 
2024-10-04T21:47:43.863+0300: 779.071: Total time for which application threads were stopped: 0.0012341 seconds, Stopping threads took: 0.0001767 seconds
2024-10-04T21:47:44.223+0300: 779.437: Application time: 0.3662466 seconds
2024-10-04T21:47:44.223+0300: 779.437: [GC (Allocation Failure) [PSYoungGen: 261314K->5424K(265728K)] 314099K->58225K(812032K), 0.0013423 secs] [Times: user=0.00 sys=0.00, real=0.00 secs] 
2024-10-04T21:47:44.223+0300: 779.439: Total time for which application threads were stopped: 0.0017862 seconds, Stopping threads took: 0.0002607 seconds
2024-10-04T21:47:44.600+0300: 779.811: Application time: 0.3717707 seconds
2024-10-04T21:47:44.600+0300: 779.811: [GC (Allocation Failure) [PSYoungGen: 263234K->3424K(265728K)] 316035K->56241K(812032K), 0.0008610 secs] [Times: user=0.00 sys=0.00, real=0.00 secs] 
2024-10-04T21:47:44.600+0300: 779.812: Total time for which application threads were stopped: 0.0011219 seconds, Stopping threads took: 0.0001446 seconds
2024-10-04T21:47:44.961+0300: 780.173: Application time: 0.3616761 seconds
2024-10-04T21:47:44.961+0300: 780.174: [GC (Allocation Failure) [PSYoungGen: 261951K->5440K(265728K)] 314768K->58273K(812032K), 0.0012434 secs] [Times: user=0.00 sys=0.00, real=0.00 secs] 
2024-10-04T21:47:44.961+0300: 780.175: Total time for which application threads were stopped: 0.0015638 seconds, Stopping threads took: 0.0001820 seconds
2024-10-04T21:47:45.337+0300: 780.549: Application time: 0.3736125 seconds
2024-10-04T21:47:45.337+0300: 780.549: [GC (Allocation Failure) [PSYoungGen: 263661K->5456K(265728K)] 316494K->58297K(812032K), 0.0011582 secs] [Times: user=0.00 sys=0.00, real=0.00 secs] 
2024-10-04T21:47:45.337+0300: 780.550: Total time for which application threads were stopped: 0.0014382 seconds, Stopping threads took: 0.0001503 seconds
2024-10-04T21:47:45.714+0300: 780.917: Application time: 0.3667714 seconds
2024-10-04T21:47:45.714+0300: 780.917: [GC (Allocation Failure) [PSYoungGen: 263074K->4416K(265728K)] 315915K->57265K(812032K), 0.0010136 secs] [Times: user=0.00 sys=0.00, real=0.00 secs] 
2024-10-04T21:47:45.714+0300: 780.918: Total time for which application threads were stopped: 0.0013306 seconds, Stopping threads took: 0.0001832 seconds
2024-10-04T21:47:46.075+0300: 781.282: Application time: 0.3641300 seconds
2024-10-04T21:47:46.075+0300: 781.283: [GC (Allocation Failure) [PSYoungGen: 262040K->5408K(265728K)] 314889K->58297K(812032K), 0.0011785 secs] [Times: user=0.00 sys=0.00, real=0.01 secs] 
2024-10-04T21:47:46.083+0300: 781.284: Total time for which application threads were stopped: 0.0014441 seconds, Stopping threads took: 0.0001413 seconds
2024-10-04T21:47:46.452+0300: 781.661: Application time: 0.3775455 seconds
2024-10-04T21:47:46.452+0300: 781.662: [GC (Allocation Failure) [PSYoungGen: 263968K->2368K(265728K)] 316857K->55265K(812032K), 0.0009070 secs] [Times: user=0.00 sys=0.00, real=0.00 secs] 
2024-10-04T21:47:46.452+0300: 781.662: Total time for which application threads were stopped: 0.0011629 seconds, Stopping threads took: 0.0001451 seconds
2024-10-04T21:47:46.813+0300: 782.025: Application time: 0.3627435 seconds
2024-10-04T21:47:46.813+0300: 782.025: [GC (Allocation Failure) [PSYoungGen: 260398K->5376K(265728K)] 313295K->58381K(812032K), 0.0012755 secs] [Times: user=0.00 sys=0.00, real=0.00 secs] 
2024-10-04T21:47:46.813+0300: 782.027: Total time for which application threads were stopped: 0.0015869 seconds, Stopping threads took: 0.0001825 seconds
2024-10-04T21:47:47.190+0300: 782.399: Application time: 0.3718664 seconds
2024-10-04T21:47:47.190+0300: 782.399: [GC (Allocation Failure) [PSYoungGen: 263229K->5472K(264192K)] 316234K->58485K(810496K), 0.0013054 secs] [Times: user=0.00 sys=0.00, real=0.00 secs] 
2024-10-04T21:47:47.190+0300: 782.400: Total time for which application threads were stopped: 0.0016334 seconds, Stopping threads took: 0.0001644 seconds
2024-10-04T21:47:47.551+0300: 782.763: Application time: 0.3630127 seconds
2024-10-04T21:47:47.551+0300: 782.764: [GC (Allocation Failure) [PSYoungGen: 263165K->5392K(265216K)] 316178K->58421K(811520K), 0.0013825 secs] [Times: user=0.00 sys=0.00, real=0.00 secs] 
2024-10-04T21:47:47.551+0300: 782.765: Total time for which application threads were stopped: 0.0017734 seconds, Stopping threads took: 0.0001673 seconds
2024-10-04T21:47:47.927+0300: 783.131: Application time: 0.3655590 seconds
2024-10-04T21:47:47.927+0300: 783.131: [GC (Allocation Failure) [PSYoungGen: 262146K->4448K(265216K)] 315175K->57485K(811520K), 0.0010447 secs] [Times: user=0.00 sys=0.00, real=0.00 secs] 
2024-10-04T21:47:47.927+0300: 783.132: Total time for which application threads were stopped: 0.0013226 seconds, Stopping threads took: 0.0001546 seconds
2024-10-04T21:47:48.288+0300: 783.503: Application time: 0.3708587 seconds
2024-10-04T21:47:48.288+0300: 783.503: [GC (Allocation Failure) [PSYoungGen: 261144K->4416K(265728K)] 314181K->57493K(812032K), 0.0010559 secs] [Times: user=0.00 sys=0.00, real=0.00 secs] 
2024-10-04T21:47:48.288+0300: 783.504: Total time for which application threads were stopped: 0.0013682 seconds, Stopping threads took: 0.0001696 seconds
2024-10-04T21:47:48.665+0300: 783.868: Application time: 0.3638469 seconds
2024-10-04T21:47:48.665+0300: 783.868: [GC (Allocation Failure) [PSYoungGen: 262113K->4480K(265728K)] 315191K->57565K(812032K), 0.0012216 secs] [Times: user=0.00 sys=0.00, real=0.00 secs] 
2024-10-04T21:47:48.665+0300: 783.870: Total time for which application threads were stopped: 0.0015523 seconds, Stopping threads took: 0.0001607 seconds
2024-10-04T21:47:49.026+0300: 784.240: Application time: 0.3707155 seconds
2024-10-04T21:47:49.026+0300: 784.241: [GC (Allocation Failure) [PSYoungGen: 263040K->4384K(266240K)] 316125K->57477K(812544K), 0.0010965 secs] [Times: user=0.00 sys=0.00, real=0.00 secs] 
2024-10-04T21:47:49.026+0300: 784.242: Total time for which application threads were stopped: 0.0013527 seconds, Stopping threads took: 0.0001323 seconds
2024-10-04T21:47:49.403+0300: 784.612: Application time: 0.3699051 seconds
2024-10-04T21:47:49.403+0300: 784.612: [GC (Allocation Failure) [PSYoungGen: 262476K->4384K(265728K)] 315570K->57517K(812032K), 0.0010719 secs] [Times: user=0.00 sys=0.00, real=0.00 secs] 
2024-10-04T21:47:49.403+0300: 784.613: Total time for which application threads were stopped: 0.0014037 seconds, Stopping threads took: 0.0001847 seconds
2024-10-04T21:47:49.779+0300: 784.981: Application time: 0.3683956 seconds
2024-10-04T21:47:49.779+0300: 784.982: [GC (Allocation Failure) [PSYoungGen: 263456K->4448K(266240K)] 316589K->57589K(812544K), 0.0010640 secs] [Times: user=0.00 sys=0.00, real=0.00 secs] 
2024-10-04T21:47:49.779+0300: 784.983: Total time for which application threads were stopped: 0.0013333 seconds, Stopping threads took: 0.0001360 seconds
2024-10-04T21:47:50.141+0300: 785.354: Application time: 0.3710767 seconds
2024-10-04T21:47:50.141+0300: 785.354: [GC (Allocation Failure) [PSYoungGen: 263342K->5456K(266240K)] 316483K->58613K(812544K), 0.0012923 secs] [Times: user=0.00 sys=0.00, real=0.00 secs] 
2024-10-04T21:47:50.141+0300: 785.355: Total time for which application threads were stopped: 0.0016045 seconds, Stopping threads took: 0.0001331 seconds
2024-10-04T21:47:50.518+0300: 785.722: Application time: 0.3669307 seconds
2024-10-04T21:47:50.518+0300: 785.723: [GC (Allocation Failure) [PSYoungGen: 265040K->4496K(266240K)] 318197K->57661K(812544K), 0.0011113 secs] [Times: user=0.00 sys=0.00, real=0.00 secs] 
2024-10-04T21:47:50.518+0300: 785.724: Total time for which application threads were stopped: 0.0013686 seconds, Stopping threads took: 0.0000839 seconds
2024-10-04T21:47:50.893+0300: 786.094: Application time: 0.3700719 seconds
2024-10-04T21:47:50.893+0300: 786.094: [GC (Allocation Failure) [PSYoungGen: 264080K->3440K(266240K)] 317245K->56613K(812544K), 0.0008984 secs] [Times: user=0.00 sys=0.00, real=0.00 secs] 
2024-10-04T21:47:50.894+0300: 786.095: Total time for which application threads were stopped: 0.0011983 seconds, Stopping threads took: 0.0001526 seconds
2024-10-04T21:47:51.255+0300: 786.467: Application time: 0.3718455 seconds
2024-10-04T21:47:51.255+0300: 786.467: [GC (Allocation Failure) [PSYoungGen: 262407K->5408K(266240K)] 315580K->58589K(812544K), 0.0012967 secs] [Times: user=0.00 sys=0.00, real=0.00 secs] 
2024-10-04T21:47:51.255+0300: 786.469: Total time for which application threads were stopped: 0.0017593 seconds, Stopping threads took: 0.0002556 seconds
2024-10-04T21:47:51.632+0300: 786.835: Application time: 0.3663341 seconds
2024-10-04T21:47:51.632+0300: 786.835: [GC (Allocation Failure) [PSYoungGen: 264398K->3408K(266240K)] 317580K->56605K(812544K), 0.0008864 secs] [Times: user=0.00 sys=0.00, real=0.00 secs] 
2024-10-04T21:47:51.632+0300: 786.836: Total time for which application threads were stopped: 0.0011665 seconds, Stopping threads took: 0.0001564 seconds
2024-10-04T21:47:51.995+0300: 787.205: Application time: 0.3688771 seconds
2024-10-04T21:47:51.995+0300: 787.205: [GC (Allocation Failure) [PSYoungGen: 262180K->3392K(266240K)] 315377K->56637K(812544K), 0.0009251 secs] [Times: user=0.00 sys=0.00, real=0.00 secs] 
2024-10-04T21:47:51.995+0300: 787.206: Total time for which application threads were stopped: 0.0012573 seconds, Stopping threads took: 0.0001728 seconds
2024-10-04T21:47:52.369+0300: 787.578: Application time: 0.3719441 seconds
2024-10-04T21:47:52.369+0300: 787.578: [GC (Allocation Failure) [PSYoungGen: 262976K->5456K(266240K)] 316221K->58709K(812544K), 0.0013615 secs] [Times: user=0.00 sys=0.00, real=0.00 secs] 
2024-10-04T21:47:52.369+0300: 787.580: Total time for which application threads were stopped: 0.0016584 seconds, Stopping threads took: 0.0001177 seconds
2024-10-04T21:47:52.730+0300: 787.945: Application time: 0.3655239 seconds
2024-10-04T21:47:52.730+0300: 787.946: [GC (Allocation Failure) [PSYoungGen: 264391K->4416K(266240K)] 317644K->57709K(812544K), 0.0011410 secs] [Times: user=0.01 sys=0.00, real=0.02 secs] 
2024-10-04T21:47:52.746+0300: 787.947: Total time for which application threads were stopped: 0.0014343 seconds, Stopping threads took: 0.0001515 seconds
2024-10-04T21:47:53.107+0300: 788.316: Application time: 0.3687433 seconds
2024-10-04T21:47:53.107+0300: 788.316: [GC (Allocation Failure) [PSYoungGen: 264000K->3344K(266240K)] 317293K->56705K(812544K), 0.0009999 secs] [Times: user=0.00 sys=0.00, real=0.00 secs] 
2024-10-04T21:47:53.107+0300: 788.317: Total time for which application threads were stopped: 0.0013370 seconds, Stopping threads took: 0.0001914 seconds
2024-10-04T21:47:53.484+0300: 788.691: Application time: 0.3742795 seconds
2024-10-04T21:47:53.484+0300: 788.691: [GC (Allocation Failure) [PSYoungGen: 262928K->5424K(266240K)] 316289K->58793K(812544K), 0.0013926 secs] [Times: user=0.00 sys=0.00, real=0.00 secs] 
2024-10-04T21:47:53.484+0300: 788.693: Total time for which application threads were stopped: 0.0017430 seconds, Stopping threads took: 0.0001886 seconds
2024-10-04T21:47:53.844+0300: 789.058: Application time: 0.3653798 seconds
2024-10-04T21:47:53.844+0300: 789.059: [GC (Allocation Failure) [PSYoungGen: 264064K->4480K(266240K)] 317433K->57857K(812544K), 0.0010426 secs] [Times: user=0.00 sys=0.00, real=0.00 secs] 
2024-10-04T21:47:53.844+0300: 789.060: Total time for which application threads were stopped: 0.0013421 seconds, Stopping threads took: 0.0001711 seconds
2024-10-04T21:47:54.221+0300: 789.430: Application time: 0.3706015 seconds
2024-10-04T21:47:54.221+0300: 789.431: [GC (Allocation Failure) [PSYoungGen: 263640K->5424K(266240K)] 317017K->58817K(812544K), 0.0013420 secs] [Times: user=0.00 sys=0.00, real=0.00 secs] 
2024-10-04T21:47:54.221+0300: 789.432: Total time for which application threads were stopped: 0.0017033 seconds, Stopping threads took: 0.0001832 seconds
2024-10-04T21:47:54.597+0300: 789.801: Application time: 0.3689876 seconds
2024-10-04T21:47:54.597+0300: 789.801: [GC (Allocation Failure) [PSYoungGen: 264061K->3424K(266240K)] 317455K->56857K(812544K), 0.0009427 secs] [Times: user=0.00 sys=0.00, real=0.00 secs] 
2024-10-04T21:47:54.601+0300: 789.802: Total time for which application threads were stopped: 0.0012412 seconds, Stopping threads took: 0.0001836 seconds
2024-10-04T21:47:54.958+0300: 790.166: Application time: 0.3641363 seconds
2024-10-04T21:47:54.958+0300: 790.167: [GC (Allocation Failure) [PSYoungGen: 262410K->4448K(266240K)] 315843K->57889K(812544K), 0.0010757 secs] [Times: user=0.00 sys=0.00, real=0.00 secs] 
2024-10-04T21:47:54.958+0300: 790.168: Total time for which application threads were stopped: 0.0013734 seconds, Stopping threads took: 0.0001808 seconds
2024-10-04T21:47:55.335+0300: 790.543: Application time: 0.3754993 seconds
2024-10-04T21:47:55.335+0300: 790.544: [GC (Allocation Failure) [PSYoungGen: 263343K->2400K(266240K)] 316784K->55857K(812544K), 0.0008881 secs] [Times: user=0.00 sys=0.00, real=0.00 secs] 
2024-10-04T21:47:55.335+0300: 790.544: Total time for which application threads were stopped: 0.0012114 seconds, Stopping threads took: 0.0001733 seconds
2024-10-04T21:47:55.703+0300: 790.908: Application time: 0.3637820 seconds
2024-10-04T21:47:55.703+0300: 790.908: [GC (Allocation Failure) [PSYoungGen: 261329K->5440K(265216K)] 314786K->58945K(811520K), 0.0012419 secs] [Times: user=0.00 sys=0.00, real=0.00 secs] 
2024-10-04T21:47:55.703+0300: 790.910: Total time for which application threads were stopped: 0.0015503 seconds, Stopping threads took: 0.0001581 seconds
2024-10-04T21:47:56.072+0300: 791.277: Application time: 0.3670362 seconds
2024-10-04T21:47:56.072+0300: 791.277: [GC (Allocation Failure) [PSYoungGen: 263249K->4416K(265728K)] 316755K->57929K(812032K), 0.0009793 secs] [Times: user=0.00 sys=0.00, real=0.00 secs] 
2024-10-04T21:47:56.072+0300: 791.278: Total time for which application threads were stopped: 0.0012907 seconds, Stopping threads took: 0.0001850 seconds
2024-10-04T21:47:56.450+0300: 791.652: Application time: 0.3738603 seconds
2024-10-04T21:47:56.450+0300: 791.652: [GC (Allocation Failure) [PSYoungGen: 262247K->5440K(265216K)] 315761K->58977K(811520K), 0.0012912 secs] [Times: user=0.00 sys=0.00, real=0.00 secs] 
2024-10-04T21:47:56.450+0300: 791.654: Total time for which application threads were stopped: 0.0015826 seconds, Stopping threads took: 0.0001524 seconds
2024-10-04T21:47:56.810+0300: 792.018: Application time: 0.3640847 seconds
2024-10-04T21:47:56.810+0300: 792.018: [GC (Allocation Failure) [PSYoungGen: 263047K->3392K(265728K)] 316585K->56937K(812032K), 0.0009182 secs] [Times: user=0.00 sys=0.00, real=0.00 secs] 
2024-10-04T21:47:56.810+0300: 792.019: Total time for which application threads were stopped: 0.0012206 seconds, Stopping threads took: 0.0001904 seconds
2024-10-04T21:47:57.187+0300: 792.391: Application time: 0.3719331 seconds
2024-10-04T21:47:57.187+0300: 792.391: [GC (Allocation Failure) [PSYoungGen: 261233K->4480K(266240K)] 314778K->58033K(812544K), 0.0010809 secs] [Times: user=0.00 sys=0.00, real=0.00 secs] 
2024-10-04T21:47:57.187+0300: 792.392: Total time for which application threads were stopped: 0.0014623 seconds, Stopping threads took: 0.0002179 seconds
2024-10-04T21:47:57.548+0300: 792.759: Application time: 0.3666028 seconds
2024-10-04T21:47:57.548+0300: 792.759: [GC (Allocation Failure) [PSYoungGen: 263381K->4448K(265728K)] 316934K->58009K(812032K), 0.0010766 secs] [Times: user=0.00 sys=0.00, real=0.00 secs] 
2024-10-04T21:47:57.548+0300: 792.760: Total time for which application threads were stopped: 0.0014077 seconds, Stopping threads took: 0.0001982 seconds
2024-10-04T21:47:57.925+0300: 793.126: Application time: 0.3658303 seconds
2024-10-04T21:47:57.925+0300: 793.126: [GC (Allocation Failure) [PSYoungGen: 263171K->4448K(266752K)] 316733K->58017K(813056K), 0.0010397 secs] [Times: user=0.00 sys=0.00, real=0.00 secs] 
2024-10-04T21:47:57.925+0300: 793.128: Total time for which application threads were stopped: 0.0013650 seconds, Stopping threads took: 0.0001774 seconds
2024-10-04T21:47:58.286+0300: 793.500: Application time: 0.3725810 seconds
2024-10-04T21:47:58.286+0300: 793.500: [GC (Allocation Failure) [PSYoungGen: 264525K->5408K(266240K)] 318094K->59025K(812544K), 0.0012892 secs] [Times: user=0.00 sys=0.00, real=0.00 secs] 
2024-10-04T21:47:58.286+0300: 793.502: Total time for which application threads were stopped: 0.0016098 seconds, Stopping threads took: 0.0001896 seconds
2024-10-04T21:47:58.662+0300: 793.872: Application time: 0.3700006 seconds
2024-10-04T21:47:58.662+0300: 793.872: [GC (Allocation Failure) [PSYoungGen: 265504K->4464K(266752K)] 319121K->58089K(813056K), 0.0010648 secs] [Times: user=0.00 sys=0.00, real=0.00 secs] 
2024-10-04T21:47:58.662+0300: 793.873: Total time for which application threads were stopped: 0.0014534 seconds, Stopping threads took: 0.0002261 seconds
2024-10-04T21:47:59.023+0300: 794.239: Application time: 0.3661919 seconds
2024-10-04T21:47:59.039+0300: 794.240: [GC (Allocation Failure) [PSYoungGen: 264503K->5408K(266240K)] 318129K->59081K(812544K), 0.0013667 secs] [Times: user=0.00 sys=0.00, real=0.00 secs] 
2024-10-04T21:47:59.039+0300: 794.241: Total time for which application threads were stopped: 0.0017621 seconds, Stopping threads took: 0.0002364 seconds
2024-10-04T21:47:59.416+0300: 794.619: Application time: 0.3775462 seconds
2024-10-04T21:47:59.416+0300: 794.619: [GC (Allocation Failure) [PSYoungGen: 265402K->5408K(266240K)] 319075K->59129K(812544K), 0.0013621 secs] [Times: user=0.00 sys=0.00, real=0.00 secs] 
2024-10-04T21:47:59.416+0300: 794.620: Total time for which application threads were stopped: 0.0017426 seconds, Stopping threads took: 0.0001902 seconds
2024-10-04T21:47:59.776+0300: 794.986: Application time: 0.3654710 seconds
2024-10-04T21:47:59.776+0300: 794.986: [GC (Allocation Failure) [PSYoungGen: 264279K->5408K(266240K)] 318000K->59169K(812544K), 0.0012178 secs] [Times: user=0.00 sys=0.00, real=0.00 secs] 
2024-10-04T21:47:59.776+0300: 794.987: Total time for which application threads were stopped: 0.0015152 seconds, Stopping threads took: 0.0001711 seconds
2024-10-04T21:48:00.169+0300: 795.371: Application time: 0.3837793 seconds
2024-10-04T21:48:00.169+0300: 795.371: [GC (Allocation Failure) [PSYoungGen: 264401K->4416K(266240K)] 318163K->58193K(812544K), 0.0011002 secs] [Times: user=0.00 sys=0.00, real=0.00 secs] 
2024-10-04T21:48:00.169+0300: 795.373: Total time for which application threads were stopped: 0.0014140 seconds, Stopping threads took: 0.0001482 seconds
2024-10-04T21:48:00.540+0300: 795.741: Application time: 0.3684772 seconds
2024-10-04T21:48:00.540+0300: 795.741: [GC (Allocation Failure) [PSYoungGen: 263368K->5440K(266240K)] 317146K->59257K(812544K), 0.0012067 secs] [Times: user=0.00 sys=0.00, real=0.00 secs] 
2024-10-04T21:48:00.541+0300: 795.743: Total time for which application threads were stopped: 0.0014855 seconds, Stopping threads took: 0.0001249 seconds
2024-10-04T21:48:00.890+0300: 796.105: Application time: 0.3628561 seconds
2024-10-04T21:48:00.890+0300: 796.106: [GC (Allocation Failure) [PSYoungGen: 264191K->4448K(266240K)] 318009K->58273K(812544K), 0.0012134 secs] [Times: user=0.02 sys=0.00, real=0.02 secs] 
2024-10-04T21:48:00.906+0300: 796.107: Total time for which application threads were stopped: 0.0015302 seconds, Stopping threads took: 0.0001621 seconds
2024-10-04T21:48:01.267+0300: 796.483: Application time: 0.3760046 seconds
2024-10-04T21:48:01.267+0300: 796.483: [GC (Allocation Failure) [PSYoungGen: 263448K->4480K(266240K)] 317274K->58313K(812544K), 0.0010722 secs] [Times: user=0.00 sys=0.00, real=0.02 secs] 
2024-10-04T21:48:01.283+0300: 796.484: Total time for which application threads were stopped: 0.0014262 seconds, Stopping threads took: 0.0002064 seconds
2024-10-04T21:48:01.644+0300: 796.851: Application time: 0.3668519 seconds
2024-10-04T21:48:01.644+0300: 796.851: [GC (Allocation Failure) [PSYoungGen: 263290K->3424K(266240K)] 317123K->57297K(812544K), 0.0008543 secs] [Times: user=0.00 sys=0.00, real=0.00 secs] 
2024-10-04T21:48:01.644+0300: 796.852: Total time for which application threads were stopped: 0.0011696 seconds, Stopping threads took: 0.0001688 seconds
2024-10-04T21:48:02.004+0300: 797.216: Application time: 0.3639260 seconds
2024-10-04T21:48:02.016+0300: 797.217: [GC (Allocation Failure) [PSYoungGen: 262386K->5408K(266240K)] 316259K->59289K(812544K), 0.0014410 secs] [Times: user=0.00 sys=0.00, real=0.00 secs] 
2024-10-04T21:48:02.016+0300: 797.218: Total time for which application threads were stopped: 0.0018561 seconds, Stopping threads took: 0.0002246 seconds
2024-10-04T21:48:02.380+0300: 797.593: Application time: 0.3745176 seconds
2024-10-04T21:48:02.380+0300: 797.593: [GC (Allocation Failure) [PSYoungGen: 264366K->5424K(266240K)] 318248K->59313K(812544K), 0.0013900 secs] [Times: user=0.00 sys=0.00, real=0.00 secs] 
2024-10-04T21:48:02.380+0300: 797.595: Total time for which application threads were stopped: 0.0018678 seconds, Stopping threads took: 0.0002837 seconds
2024-10-04T21:48:02.757+0300: 797.963: Application time: 0.3687178 seconds
2024-10-04T21:48:02.757+0300: 797.963: [GC (Allocation Failure) [PSYoungGen: 265008K->4448K(266240K)] 318897K->58345K(812544K), 0.0011144 secs] [Times: user=0.00 sys=0.00, real=0.00 secs] 
2024-10-04T21:48:02.757+0300: 797.965: Total time for which application threads were stopped: 0.0013710 seconds, Stopping threads took: 0.0000801 seconds
2024-10-04T21:48:03.119+0300: 798.333: Application time: 0.3684311 seconds
2024-10-04T21:48:03.119+0300: 798.333: [GC (Allocation Failure) [PSYoungGen: 263451K->3360K(266240K)] 317348K->57273K(812544K), 0.0012899 secs] [Times: user=0.02 sys=0.00, real=0.02 secs] 
2024-10-04T21:48:03.134+0300: 798.335: Total time for which application threads were stopped: 0.0016467 seconds, Stopping threads took: 0.0001842 seconds
2024-10-04T21:48:03.494+0300: 798.707: Application time: 0.3720870 seconds
2024-10-04T21:48:03.494+0300: 798.707: [GC (Allocation Failure) [PSYoungGen: 262464K->4432K(266240K)] 316377K->58353K(812544K), 0.0012189 secs] [Times: user=0.00 sys=0.00, real=0.00 secs] 
2024-10-04T21:48:03.494+0300: 798.708: Total time for which application threads were stopped: 0.0015352 seconds, Stopping threads took: 0.0001629 seconds
2024-10-04T21:48:03.870+0300: 799.074: Application time: 0.3655153 seconds
2024-10-04T21:48:03.870+0300: 799.074: [GC (Allocation Failure) [PSYoungGen: 263028K->3440K(266240K)] 316950K->57377K(812544K), 0.0009160 secs] [Times: user=0.00 sys=0.00, real=0.00 secs] 
2024-10-04T21:48:03.870+0300: 799.075: Total time for which application threads were stopped: 0.0012100 seconds, Stopping threads took: 0.0001601 seconds
2024-10-04T21:48:04.247+0300: 799.450: Application time: 0.3747884 seconds
2024-10-04T21:48:04.247+0300: 799.450: [GC (Allocation Failure) [PSYoungGen: 263024K->5440K(266240K)] 316961K->59385K(812544K), 0.0011928 secs] [Times: user=0.00 sys=0.00, real=0.00 secs] 
2024-10-04T21:48:04.247+0300: 799.451: Total time for which application threads were stopped: 0.0015176 seconds, Stopping threads took: 0.0001758 seconds
2024-10-04T21:48:04.608+0300: 799.822: Application time: 0.3700930 seconds
2024-10-04T21:48:04.608+0300: 799.822: [GC (Allocation Failure) [PSYoungGen: 265024K->3392K(266240K)] 318969K->57385K(812544K), 0.0010866 secs] [Times: user=0.02 sys=0.00, real=0.01 secs] 
2024-10-04T21:48:04.621+0300: 799.823: Total time for which application threads were stopped: 0.0014221 seconds, Stopping threads took: 0.0002038 seconds
2024-10-04T21:48:04.986+0300: 800.187: Application time: 0.3637414 seconds
2024-10-04T21:48:04.986+0300: 800.187: [GC (Allocation Failure) [PSYoungGen: 262067K->3408K(266240K)] 316061K->57409K(812544K), 0.0009197 secs] [Times: user=0.00 sys=0.00, real=0.00 secs] 
2024-10-04T21:48:04.986+0300: 800.188: Total time for which application threads were stopped: 0.0012068 seconds, Stopping threads took: 0.0001733 seconds
2024-10-04T21:48:05.350+0300: 800.561: Application time: 0.3728843 seconds
2024-10-04T21:48:05.350+0300: 800.561: [GC (Allocation Failure) [PSYoungGen: 262534K->5344K(266240K)] 316535K->59429K(812544K), 0.0011566 secs] [Times: user=0.00 sys=0.00, real=0.00 secs] 
2024-10-04T21:48:05.350+0300: 800.562: Total time for which application threads were stopped: 0.0015251 seconds, Stopping threads took: 0.0002395 seconds
2024-10-04T21:48:05.724+0300: 800.931: Application time: 0.3685691 seconds
2024-10-04T21:48:05.724+0300: 800.931: [GC (Allocation Failure) [PSYoungGen: 264301K->5408K(265216K)] 318386K->59533K(811520K), 0.0013334 secs] [Times: user=0.00 sys=0.00, real=0.00 secs] 
2024-10-04T21:48:05.724+0300: 800.933: Total time for which application threads were stopped: 0.0016367 seconds, Stopping threads took: 0.0001527 seconds
2024-10-04T21:48:06.085+0300: 801.300: Application time: 0.3674929 seconds
2024-10-04T21:48:06.085+0300: 801.300: [GC (Allocation Failure) [PSYoungGen: 264992K->5456K(265728K)] 319117K->59597K(812032K), 0.0013801 secs] [Times: user=0.01 sys=0.00, real=0.01 secs] 
2024-10-04T21:48:06.100+0300: 801.302: Total time for which application threads were stopped: 0.0016393 seconds, Stopping threads took: 0.0001029 seconds
2024-10-04T21:48:06.461+0300: 801.677: Application time: 0.3755401 seconds
2024-10-04T21:48:06.477+0300: 801.677: [GC (Allocation Failure) [PSYoungGen: 264016K->3408K(265728K)] 318157K->57589K(812032K), 0.0011736 secs] [Times: user=0.00 sys=0.00, real=0.00 secs] 
2024-10-04T21:48:06.477+0300: 801.679: Total time for which application threads were stopped: 0.0014956 seconds, Stopping threads took: 0.0001804 seconds
2024-10-04T21:48:06.838+0300: 802.043: Application time: 0.3645185 seconds
2024-10-04T21:48:06.838+0300: 802.043: [GC (Allocation Failure) [PSYoungGen: 261092K->3440K(265728K)] 315274K->57629K(812032K), 0.0010243 secs] [Times: user=0.00 sys=0.00, real=0.00 secs] 
2024-10-04T21:48:06.838+0300: 802.045: Total time for which application threads were stopped: 0.0013130 seconds, Stopping threads took: 0.0001483 seconds
2024-10-04T21:48:07.199+0300: 802.413: Application time: 0.3684285 seconds
2024-10-04T21:48:07.199+0300: 802.413: [GC (Allocation Failure) [PSYoungGen: 261248K->5424K(265728K)] 315437K->59629K(812032K), 0.0012733 secs] [Times: user=0.00 sys=0.00, real=0.00 secs] 
2024-10-04T21:48:07.199+0300: 802.415: Total time for which application threads were stopped: 0.0016302 seconds, Stopping threads took: 0.0001948 seconds
2024-10-04T21:48:07.575+0300: 802.783: Application time: 0.3686765 seconds
2024-10-04T21:48:07.575+0300: 802.784: [GC (Allocation Failure) [PSYoungGen: 263223K->4480K(265728K)] 317428K->58693K(812032K), 0.0010503 secs] [Times: user=0.00 sys=0.00, real=0.00 secs] 
2024-10-04T21:48:07.575+0300: 802.785: Total time for which application threads were stopped: 0.0013696 seconds, Stopping threads took: 0.0001865 seconds
2024-10-04T21:48:07.936+0300: 803.150: Application time: 0.3652644 seconds
2024-10-04T21:48:07.936+0300: 803.150: [GC (Allocation Failure) [PSYoungGen: 262318K->4416K(265728K)] 316532K->58669K(812032K), 0.0010887 secs] [Times: user=0.00 sys=0.00, real=0.00 secs] 
2024-10-04T21:48:07.936+0300: 803.151: Total time for which application threads were stopped: 0.0014212 seconds, Stopping threads took: 0.0001634 seconds
2024-10-04T21:48:08.313+0300: 803.521: Application time: 0.3693517 seconds
2024-10-04T21:48:08.313+0300: 803.521: [GC (Allocation Failure) [PSYoungGen: 262296K->5440K(265216K)] 316549K->59709K(811520K), 0.0011783 secs] [Times: user=0.00 sys=0.00, real=0.00 secs] 
2024-10-04T21:48:08.313+0300: 803.522: Total time for which application threads were stopped: 0.0014722 seconds, Stopping threads took: 0.0001673 seconds
2024-10-04T21:48:08.674+0300: 803.888: Application time: 0.3656253 seconds
2024-10-04T21:48:08.674+0300: 803.888: [GC (Allocation Failure) [PSYoungGen: 263128K->4448K(265728K)] 317398K->58725K(812032K), 0.0010799 secs] [Times: user=0.00 sys=0.00, real=0.00 secs] 
2024-10-04T21:48:08.674+0300: 803.889: Total time for which application threads were stopped: 0.0013745 seconds, Stopping threads took: 0.0001552 seconds
2024-10-04T21:48:09.050+0300: 804.255: Application time: 0.3660462 seconds
2024-10-04T21:48:09.050+0300: 804.255: [GC (Allocation Failure) [PSYoungGen: 262127K->3376K(266240K)] 316405K->57661K(812544K), 0.0009203 secs] [Times: user=0.00 sys=0.00, real=0.00 secs] 
2024-10-04T21:48:09.050+0300: 804.256: Total time for which application threads were stopped: 0.0011828 seconds, Stopping threads took: 0.0001097 seconds
2024-10-04T21:48:09.426+0300: 804.628: Application time: 0.3714628 seconds
2024-10-04T21:48:09.426+0300: 804.628: [GC (Allocation Failure) [PSYoungGen: 262494K->5456K(265216K)] 316780K->59749K(811520K), 0.0012750 secs] [Times: user=0.00 sys=0.00, real=0.00 secs] 
2024-10-04T21:48:09.426+0300: 804.629: Total time for which application threads were stopped: 0.0015809 seconds, Stopping threads took: 0.0001736 seconds
2024-10-04T21:48:09.787+0300: 804.998: Application time: 0.3681894 seconds
2024-10-04T21:48:09.787+0300: 804.998: [GC (Allocation Failure) [PSYoungGen: 264033K->3440K(266240K)] 318327K->57741K(812544K), 0.0008836 secs] [Times: user=0.00 sys=0.00, real=0.00 secs] 
2024-10-04T21:48:09.787+0300: 804.999: Total time for which application threads were stopped: 0.0011637 seconds, Stopping threads took: 0.0001564 seconds
2024-10-04T21:48:10.164+0300: 805.367: Application time: 0.3677680 seconds
2024-10-04T21:48:10.164+0300: 805.367: [GC (Allocation Failure) [PSYoungGen: 262345K->5472K(265728K)] 316646K->59781K(812032K), 0.0012349 secs] [Times: user=0.00 sys=0.00, real=0.00 secs] 
2024-10-04T21:48:10.164+0300: 805.368: Total time for which application threads were stopped: 0.0014988 seconds, Stopping threads took: 0.0001049 seconds
2024-10-04T21:48:10.534+0300: 805.738: Application time: 0.3703021 seconds
2024-10-04T21:48:10.534+0300: 805.739: [GC (Allocation Failure) [PSYoungGen: 264371K->4464K(266240K)] 318680K->58781K(812544K), 0.0011206 secs] [Times: user=0.00 sys=0.00, real=0.00 secs] 
2024-10-04T21:48:10.534+0300: 805.740: Total time for which application threads were stopped: 0.0014508 seconds, Stopping threads took: 0.0001913 seconds
2024-10-04T21:48:10.901+0300: 806.104: Application time: 0.3638270 seconds
2024-10-04T21:48:10.901+0300: 806.104: [GC (Allocation Failure) [PSYoungGen: 263131K->5408K(265728K)] 317449K->59757K(812032K), 0.0011733 secs] [Times: user=0.00 sys=0.00, real=0.00 secs] 
2024-10-04T21:48:10.901+0300: 806.105: Total time for which application threads were stopped: 0.0014950 seconds, Stopping threads took: 0.0001780 seconds
2024-10-04T21:48:11.276+0300: 806.482: Application time: 0.3768245 seconds
2024-10-04T21:48:11.276+0300: 806.482: [GC (Allocation Failure) [PSYoungGen: 264169K->4400K(266240K)] 318518K->58826K(812544K), 0.0011181 secs] [Times: user=0.00 sys=0.00, real=0.00 secs] 
2024-10-04T21:48:11.276+0300: 806.484: Total time for which application threads were stopped: 0.0015234 seconds, Stopping threads took: 0.0002640 seconds
2024-10-04T21:48:11.637+0300: 806.847: Application time: 0.3639110 seconds
2024-10-04T21:48:11.637+0300: 806.848: [GC (Allocation Failure) [PSYoungGen: 262497K->5472K(265728K)] 316923K->59906K(812032K), 0.0012870 secs] [Times: user=0.00 sys=0.00, real=0.00 secs] 
2024-10-04T21:48:11.637+0300: 806.849: Total time for which application threads were stopped: 0.0016173 seconds, Stopping threads took: 0.0001837 seconds
2024-10-04T21:48:11.998+0300: 807.214: Application time: 0.3653944 seconds
2024-10-04T21:48:12.014+0300: 807.215: [GC (Allocation Failure) [PSYoungGen: 264192K->4352K(266240K)] 318626K->58826K(812544K), 0.0012053 secs] [Times: user=0.00 sys=0.00, real=0.00 secs] 
2024-10-04T21:48:12.014+0300: 807.216: Total time for which application threads were stopped: 0.0015896 seconds, Stopping threads took: 0.0002229 seconds
2024-10-04T21:48:12.375+0300: 807.588: Application time: 0.3720375 seconds
2024-10-04T21:48:12.375+0300: 807.588: [GC (Allocation Failure) [PSYoungGen: 263315K->4432K(265728K)] 317788K->58946K(812032K), 0.0013637 secs] [Times: user=0.00 sys=0.00, real=0.00 secs] 
2024-10-04T21:48:12.375+0300: 807.590: Total time for which application threads were stopped: 0.0017646 seconds, Stopping threads took: 0.0002022 seconds
2024-10-04T21:48:12.752+0300: 807.959: Application time: 0.3689855 seconds
2024-10-04T21:48:12.752+0300: 807.959: [GC (Allocation Failure) [PSYoungGen: 263193K->5472K(266240K)] 317707K->60002K(812544K), 0.0011341 secs] [Times: user=0.00 sys=0.00, real=0.00 secs] 
2024-10-04T21:48:12.752+0300: 807.960: Total time for which application threads were stopped: 0.0013757 seconds, Stopping threads took: 0.0001214 seconds
2024-10-04T21:48:13.113+0300: 808.323: Application time: 0.3623405 seconds
2024-10-04T21:48:13.113+0300: 808.323: [GC (Allocation Failure) [PSYoungGen: 264459K->5408K(266240K)] 318989K->59946K(812544K), 0.0012869 secs] [Times: user=0.00 sys=0.00, real=0.00 secs] 
2024-10-04T21:48:13.113+0300: 808.324: Total time for which application threads were stopped: 0.0016397 seconds, Stopping threads took: 0.0002145 seconds
2024-10-04T21:48:13.490+0300: 808.699: Application time: 0.3748139 seconds
2024-10-04T21:48:13.490+0300: 808.699: [GC (Allocation Failure) [PSYoungGen: 264387K->3424K(266240K)] 318925K->57978K(812544K), 0.0009439 secs] [Times: user=0.00 sys=0.00, real=0.00 secs] 
2024-10-04T21:48:13.490+0300: 808.700: Total time for which application threads were stopped: 0.0013526 seconds, Stopping threads took: 0.0002482 seconds
2024-10-04T21:48:13.867+0300: 809.071: Application time: 0.3709782 seconds
2024-10-04T21:48:13.867+0300: 809.072: [GC (Allocation Failure) [PSYoungGen: 262344K->2416K(262144K)] 316898K->56978K(808448K), 0.0007838 secs] [Times: user=0.00 sys=0.00, real=0.00 secs] 
2024-10-04T21:48:13.867+0300: 809.072: Total time for which application threads were stopped: 0.0010601 seconds, Stopping threads took: 0.0001541 seconds
2024-10-04T21:48:14.241+0300: 809.444: Application time: 0.3713274 seconds
2024-10-04T21:48:14.241+0300: 809.444: [GC (Allocation Failure) [PSYoungGen: 262000K->5440K(265728K)] 316562K->60034K(812032K), 0.0012958 secs] [Times: user=0.00 sys=0.00, real=0.00 secs] 
2024-10-04T21:48:14.244+0300: 809.445: Total time for which application threads were stopped: 0.0016776 seconds, Stopping threads took: 0.0002004 seconds
2024-10-04T21:48:14.605+0300: 809.810: Application time: 0.3642524 seconds
2024-10-04T21:48:14.605+0300: 809.810: [GC (Allocation Failure) [PSYoungGen: 263152K->3392K(265728K)] 317746K->57994K(812032K), 0.0009962 secs] [Times: user=0.00 sys=0.00, real=0.00 secs] 
2024-10-04T21:48:14.605+0300: 809.811: Total time for which application threads were stopped: 0.0013158 seconds, Stopping threads took: 0.0001717 seconds
2024-10-04T21:48:14.966+0300: 810.176: Application time: 0.3649722 seconds
2024-10-04T21:48:14.966+0300: 810.176: [GC (Allocation Failure) [PSYoungGen: 261397K->4448K(265728K)] 315999K->59058K(812032K), 0.0011568 secs] [Times: user=0.00 sys=0.00, real=0.00 secs] 
2024-10-04T21:48:14.966+0300: 810.178: Total time for which application threads were stopped: 0.0015240 seconds, Stopping threads took: 0.0001895 seconds
2024-10-04T21:48:15.344+0300: 810.549: Application time: 0.3719783 seconds
2024-10-04T21:48:15.344+0300: 810.550: [GC (Allocation Failure) [PSYoungGen: 262967K->4448K(265728K)] 317577K->59066K(812032K), 0.0011753 secs] [Times: user=0.00 sys=0.00, real=0.00 secs] 
2024-10-04T21:48:15.344+0300: 810.551: Total time for which application threads were stopped: 0.0014634 seconds, Stopping threads took: 0.0001764 seconds
2024-10-04T21:48:15.703+0300: 810.914: Application time: 0.3628478 seconds
2024-10-04T21:48:15.703+0300: 810.914: [GC (Allocation Failure) [PSYoungGen: 262259K->5408K(266240K)] 316877K->60034K(812544K), 0.0012869 secs] [Times: user=0.00 sys=0.00, real=0.00 secs] 
2024-10-04T21:48:15.703+0300: 810.915: Total time for which application threads were stopped: 0.0015493 seconds, Stopping threads took: 0.0000913 seconds
2024-10-04T21:48:16.080+0300: 811.289: Application time: 0.3731800 seconds
2024-10-04T21:48:16.080+0300: 811.289: [GC (Allocation Failure) [PSYoungGen: 264992K->4448K(266240K)] 319618K->59082K(812544K), 0.0009538 secs] [Times: user=0.00 sys=0.00, real=0.00 secs] 
2024-10-04T21:48:16.080+0300: 811.290: Total time for which application threads were stopped: 0.0012126 seconds, Stopping threads took: 0.0001421 seconds
2024-10-04T21:48:16.456+0300: 811.661: Application time: 0.3709455 seconds
2024-10-04T21:48:16.456+0300: 811.661: [GC (Allocation Failure) [PSYoungGen: 263107K->4464K(266240K)] 317741K->59106K(812544K), 0.0010925 secs] [Times: user=0.00 sys=0.00, real=0.00 secs] 
2024-10-04T21:48:16.456+0300: 811.662: Total time for which application threads were stopped: 0.0014121 seconds, Stopping threads took: 0.0001664 seconds
2024-10-04T21:48:16.816+0300: 812.026: Application time: 0.3638467 seconds
2024-10-04T21:48:16.816+0300: 812.026: [GC (Allocation Failure) [PSYoungGen: 263563K->4448K(266240K)] 318205K->59098K(812544K), 0.0010165 secs] [Times: user=0.00 sys=0.00, real=0.00 secs] 
2024-10-04T21:48:16.816+0300: 812.027: Total time for which application threads were stopped: 0.0013089 seconds, Stopping threads took: 0.0001643 seconds
2024-10-04T21:48:17.193+0300: 812.404: Application time: 0.3770361 seconds
2024-10-04T21:48:17.193+0300: 812.404: [GC (Allocation Failure) [PSYoungGen: 264006K->2320K(265728K)] 318656K->57010K(812032K), 0.0009251 secs] [Times: user=0.00 sys=0.00, real=0.00 secs] 
2024-10-04T21:48:17.193+0300: 812.405: Total time for which application threads were stopped: 0.0011590 seconds, Stopping threads took: 0.0000998 seconds
2024-10-04T21:48:17.554+0300: 812.769: Application time: 0.3632133 seconds
2024-10-04T21:48:17.554+0300: 812.769: [GC (Allocation Failure) [PSYoungGen: 261314K->4416K(266240K)] 316004K->59182K(812544K), 0.0010999 secs] [Times: user=0.00 sys=0.00, real=0.00 secs] 
2024-10-04T21:48:17.554+0300: 812.770: Total time for which application threads were stopped: 0.0014780 seconds, Stopping threads took: 0.0002272 seconds
2024-10-04T21:48:17.930+0300: 813.139: Application time: 0.3691658 seconds
2024-10-04T21:48:17.930+0300: 813.140: [GC (Allocation Failure) [PSYoungGen: 263701K->3360K(266752K)] 318467K->58142K(813056K), 0.0009457 secs] [Times: user=0.00 sys=0.00, real=0.00 secs] 
2024-10-04T21:48:17.930+0300: 813.141: Total time for which application threads were stopped: 0.0012194 seconds, Stopping threads took: 0.0001479 seconds
2024-10-04T21:48:18.307+0300: 813.513: Application time: 0.3722716 seconds
2024-10-04T21:48:18.307+0300: 813.513: [GC (Allocation Failure) [PSYoungGen: 263090K->5440K(266240K)] 317872K->60238K(812544K), 0.0012575 secs] [Times: user=0.00 sys=0.00, real=0.00 secs] 
2024-10-04T21:48:18.307+0300: 813.515: Total time for which application threads were stopped: 0.0016814 seconds, Stopping threads took: 0.0002803 seconds
2024-10-04T21:48:18.684+0300: 813.885: Application time: 0.3702114 seconds
2024-10-04T21:48:18.684+0300: 813.885: [GC (Allocation Failure) [PSYoungGen: 266048K->4448K(266240K)] 320846K->59286K(812544K), 0.0011020 secs] [Times: user=0.00 sys=0.00, real=0.00 secs] 
2024-10-04T21:48:18.684+0300: 813.886: Total time for which application threads were stopped: 0.0013853 seconds, Stopping threads took: 0.0001696 seconds
2024-10-04T21:48:19.045+0300: 814.252: Application time: 0.3662648 seconds
2024-10-04T21:48:19.052+0300: 814.253: [GC (Allocation Failure) [PSYoungGen: 264032K->4448K(266240K)] 318870K->59294K(812544K), 0.0009964 secs] [Times: user=0.00 sys=0.00, real=0.00 secs] 
2024-10-04T21:48:19.052+0300: 814.254: Total time for which application threads were stopped: 0.0013047 seconds, Stopping threads took: 0.0001867 seconds
2024-10-04T21:48:19.422+0300: 814.628: Application time: 0.3747576 seconds
2024-10-04T21:48:19.422+0300: 814.629: [GC (Allocation Failure) [PSYoungGen: 264032K->5376K(265728K)] 318878K->60230K(812032K), 0.0015722 secs] [Times: user=0.00 sys=0.00, real=0.00 secs] 
2024-10-04T21:48:19.422+0300: 814.630: Total time for which application threads were stopped: 0.0018553 seconds, Stopping threads took: 0.0001160 seconds
2024-10-04T21:48:19.782+0300: 814.997: Application time: 0.3664932 seconds
2024-10-04T21:48:19.782+0300: 814.997: [GC (Allocation Failure) [PSYoungGen: 264851K->4448K(266240K)] 319706K->59310K(812544K), 0.0011027 secs] [Times: user=0.00 sys=0.00, real=0.00 secs] 
2024-10-04T21:48:19.782+0300: 814.998: Total time for which application threads were stopped: 0.0014293 seconds, Stopping threads took: 0.0001929 seconds
2024-10-04T21:48:20.159+0300: 815.369: Application time: 0.3709921 seconds
2024-10-04T21:48:20.159+0300: 815.369: [GC (Allocation Failure) [PSYoungGen: 263821K->5392K(265728K)] 318683K->60294K(812032K), 0.0011950 secs] [Times: user=0.00 sys=0.00, real=0.00 secs] 
2024-10-04T21:48:20.159+0300: 815.371: Total time for which application threads were stopped: 0.0015083 seconds, Stopping threads took: 0.0001529 seconds
2024-10-04T21:48:20.535+0300: 815.739: Application time: 0.3685612 seconds
2024-10-04T21:48:20.535+0300: 815.740: [GC (Allocation Failure) [PSYoungGen: 263977K->5408K(266240K)] 318880K->60334K(812544K), 0.0011557 secs] [Times: user=0.00 sys=0.00, real=0.00 secs] 
2024-10-04T21:48:20.535+0300: 815.741: Total time for which application threads were stopped: 0.0014341 seconds, Stopping threads took: 0.0001532 seconds
2024-10-04T21:48:20.897+0300: 816.104: Application time: 0.3630296 seconds
2024-10-04T21:48:20.897+0300: 816.104: [GC (Allocation Failure) [PSYoungGen: 264406K->5440K(266240K)] 319332K->60390K(812544K), 0.0011603 secs] [Times: user=0.00 sys=0.00, real=0.00 secs] 
2024-10-04T21:48:20.897+0300: 816.105: Total time for which application threads were stopped: 0.0014722 seconds, Stopping threads took: 0.0001730 seconds
2024-10-04T21:48:21.274+0300: 816.484: Application time: 0.3784155 seconds
2024-10-04T21:48:21.274+0300: 816.484: [GC (Allocation Failure) [PSYoungGen: 265024K->5456K(266240K)] 319974K->60414K(812544K), 0.0011831 secs] [Times: user=0.00 sys=0.00, real=0.00 secs] 
2024-10-04T21:48:21.274+0300: 816.485: Total time for which application threads were stopped: 0.0014776 seconds, Stopping threads took: 0.0001657 seconds
2024-10-04T21:48:21.635+0300: 816.847: Application time: 0.3619744 seconds
2024-10-04T21:48:21.635+0300: 816.847: [GC (Allocation Failure) [PSYoungGen: 264094K->5392K(265216K)] 319052K->60358K(811520K), 0.0015231 secs] [Times: user=0.00 sys=0.00, real=0.00 secs] 
2024-10-04T21:48:21.635+0300: 816.849: Total time for which application threads were stopped: 0.0018877 seconds, Stopping threads took: 0.0001830 seconds
2024-10-04T21:48:22.011+0300: 817.218: Application time: 0.3689602 seconds
2024-10-04T21:48:22.011+0300: 817.218: [GC (Allocation Failure) [PSYoungGen: 263397K->2432K(265728K)] 318363K->57414K(812032K), 0.0009213 secs] [Times: user=0.00 sys=0.00, real=0.00 secs] 
2024-10-04T21:48:22.011+0300: 817.219: Total time for which application threads were stopped: 0.0012279 seconds, Stopping threads took: 0.0001789 seconds
2024-10-04T21:48:22.387+0300: 817.594: Application time: 0.3749979 seconds
2024-10-04T21:48:22.387+0300: 817.594: [GC (Allocation Failure) [PSYoungGen: 260104K->5408K(265728K)] 315086K->60398K(812032K), 0.0013216 secs] [Times: user=0.00 sys=0.00, real=0.00 secs] 
2024-10-04T21:48:22.387+0300: 817.596: Total time for which application threads were stopped: 0.0016088 seconds, Stopping threads took: 0.0001629 seconds
2024-10-04T21:48:22.760+0300: 817.964: Application time: 0.3682085 seconds
2024-10-04T21:48:22.760+0300: 817.964: [GC (Allocation Failure) [PSYoungGen: 263200K->4448K(265728K)] 318190K->59446K(812032K), 0.0014749 secs] [Times: user=0.00 sys=0.00, real=0.00 secs] 
2024-10-04T21:48:22.764+0300: 817.966: Total time for which application threads were stopped: 0.0018354 seconds, Stopping threads took: 0.0001947 seconds
2024-10-04T21:48:23.125+0300: 818.333: Application time: 0.3666543 seconds
2024-10-04T21:48:23.125+0300: 818.333: [GC (Allocation Failure) [PSYoungGen: 262247K->5408K(265728K)] 317246K->60446K(812032K), 0.0012725 secs] [Times: user=0.00 sys=0.00, real=0.00 secs] 
2024-10-04T21:48:23.125+0300: 818.334: Total time for which application threads were stopped: 0.0015490 seconds, Stopping threads took: 0.0001491 seconds
2024-10-04T21:48:23.501+0300: 818.706: Application time: 0.3721335 seconds
2024-10-04T21:48:23.501+0300: 818.706: [GC (Allocation Failure) [PSYoungGen: 263944K->3424K(265728K)] 318982K->58470K(812032K), 0.0009430 secs] [Times: user=0.00 sys=0.00, real=0.00 secs] 
2024-10-04T21:48:23.501+0300: 818.707: Total time for which application threads were stopped: 0.0012571 seconds, Stopping threads took: 0.0001761 seconds
2024-10-04T21:48:23.862+0300: 819.071: Application time: 0.3637972 seconds
2024-10-04T21:48:23.862+0300: 819.072: [GC (Allocation Failure) [PSYoungGen: 261268K->4448K(265728K)] 316314K->59534K(812032K), 0.0011770 secs] [Times: user=0.00 sys=0.00, real=0.00 secs] 
2024-10-04T21:48:23.862+0300: 819.073: Total time for which application threads were stopped: 0.0015552 seconds, Stopping threads took: 0.0002206 seconds
2024-10-04T21:48:24.238+0300: 819.449: Application time: 0.3762842 seconds
2024-10-04T21:48:24.238+0300: 819.449: [GC (Allocation Failure) [PSYoungGen: 263008K->2336K(265728K)] 318094K->57478K(812032K), 0.0008518 secs] [Times: user=0.00 sys=0.00, real=0.00 secs] 
2024-10-04T21:48:24.238+0300: 819.450: Total time for which application threads were stopped: 0.0011704 seconds, Stopping threads took: 0.0001784 seconds
2024-10-04T21:48:24.599+0300: 819.810: Application time: 0.3594100 seconds
2024-10-04T21:48:24.599+0300: 819.810: [GC (Allocation Failure) [PSYoungGen: 259925K->5392K(265728K)] 315067K->60590K(812032K), 0.0013760 secs] [Times: user=0.00 sys=0.00, real=0.00 secs] 
2024-10-04T21:48:24.599+0300: 819.811: Total time for which application threads were stopped: 0.0017560 seconds, Stopping threads took: 0.0002210 seconds
2024-10-04T21:48:24.976+0300: 820.179: Application time: 0.3672341 seconds
2024-10-04T21:48:24.976+0300: 820.179: [GC (Allocation Failure) [PSYoungGen: 263604K->4416K(265728K)] 318803K->59654K(812032K), 0.0010778 secs] [Times: user=0.00 sys=0.00, real=0.00 secs] 
2024-10-04T21:48:24.976+0300: 820.180: Total time for which application threads were stopped: 0.0013560 seconds, Stopping threads took: 0.0001179 seconds
2024-10-04T21:48:25.337+0300: 820.552: Application time: 0.3723456 seconds
2024-10-04T21:48:25.337+0300: 820.553: [GC (Allocation Failure) [PSYoungGen: 261977K->3440K(265728K)] 317215K->58686K(812032K), 0.0009975 secs] [Times: user=0.02 sys=0.00, real=0.02 secs] 
2024-10-04T21:48:25.353+0300: 820.554: Total time for which application threads were stopped: 0.0012898 seconds, Stopping threads took: 0.0001879 seconds
2024-10-04T21:48:25.714+0300: 820.915: Application time: 0.3609691 seconds
2024-10-04T21:48:25.714+0300: 820.915: [GC (Allocation Failure) [PSYoungGen: 261329K->4384K(265728K)] 316576K->59670K(812032K), 0.0010917 secs] [Times: user=0.00 sys=0.00, real=0.00 secs] 
2024-10-04T21:48:25.714+0300: 820.916: Total time for which application threads were stopped: 0.0014950 seconds, Stopping threads took: 0.0002529 seconds
2024-10-04T21:48:26.075+0300: 821.283: Application time: 0.3672438 seconds
2024-10-04T21:48:26.075+0300: 821.284: [GC (Allocation Failure) [PSYoungGen: 262562K->5424K(266240K)] 317848K->60718K(812544K), 0.0011953 secs] [Times: user=0.00 sys=0.00, real=0.00 secs] 
2024-10-04T21:48:26.075+0300: 821.285: Total time for which application threads were stopped: 0.0015224 seconds, Stopping threads took: 0.0001628 seconds
2024-10-04T21:48:26.451+0300: 821.657: Application time: 0.3725173 seconds
2024-10-04T21:48:26.451+0300: 821.658: [GC (Allocation Failure) [PSYoungGen: 264040K->5440K(265216K)] 319334K->60758K(811520K), 0.0011530 secs] [Times: user=0.00 sys=0.00, real=0.00 secs] 
2024-10-04T21:48:26.451+0300: 821.659: Total time for which application threads were stopped: 0.0014618 seconds, Stopping threads took: 0.0001644 seconds
2024-10-04T21:48:26.812+0300: 822.022: Application time: 0.3635076 seconds
2024-10-04T21:48:26.812+0300: 822.023: [GC (Allocation Failure) [PSYoungGen: 264417K->5424K(265728K)] 319736K->60750K(812032K), 0.0012483 secs] [Times: user=0.00 sys=0.00, real=0.00 secs] 
2024-10-04T21:48:26.812+0300: 822.024: Total time for which application threads were stopped: 0.0016005 seconds, Stopping threads took: 0.0002028 seconds
2024-10-04T21:48:27.189+0300: 822.397: Application time: 0.3725002 seconds
2024-10-04T21:48:27.189+0300: 822.397: [GC (Allocation Failure) [PSYoungGen: 263246K->4464K(265728K)] 318572K->59798K(812032K), 0.0011375 secs] [Times: user=0.00 sys=0.00, real=0.00 secs] 
2024-10-04T21:48:27.189+0300: 822.398: Total time for which application threads were stopped: 0.0015126 seconds, Stopping threads took: 0.0002276 seconds
2024-10-04T21:48:27.566+0300: 822.767: Application time: 0.3690217 seconds
2024-10-04T21:48:27.566+0300: 822.767: [GC (Allocation Failure) [PSYoungGen: 263024K->2384K(265728K)] 318358K->57734K(812032K), 0.0008175 secs] [Times: user=0.00 sys=0.00, real=0.00 secs] 
2024-10-04T21:48:27.566+0300: 822.768: Total time for which application threads were stopped: 0.0011026 seconds, Stopping threads took: 0.0001686 seconds
2024-10-04T21:48:27.927+0300: 823.142: Application time: 0.3739748 seconds
2024-10-04T21:48:27.927+0300: 823.142: [GC (Allocation Failure) [PSYoungGen: 260867K->5440K(265728K)] 316218K->60798K(812032K), 0.0014266 secs] [Times: user=0.00 sys=0.00, real=0.02 secs] 
2024-10-04T21:48:27.943+0300: 823.144: Total time for which application threads were stopped: 0.0018335 seconds, Stopping threads took: 0.0002335 seconds
2024-10-04T21:48:28.304+0300: 823.518: Application time: 0.3738955 seconds
2024-10-04T21:48:28.304+0300: 823.518: [GC (Allocation Failure) [PSYoungGen: 263543K->5456K(265728K)] 318902K->60822K(812032K), 0.0013017 secs] [Times: user=0.00 sys=0.00, real=0.00 secs] 
2024-10-04T21:48:28.304+0300: 823.520: Total time for which application threads were stopped: 0.0016700 seconds, Stopping threads took: 0.0002110 seconds
2024-10-04T21:48:28.696+0300: 823.900: Application time: 0.3802033 seconds
2024-10-04T21:48:28.696+0300: 823.900: [GC (Allocation Failure) [PSYoungGen: 263087K->5424K(265728K)] 318453K->60814K(812032K), 0.0014340 secs] [Times: user=0.00 sys=0.00, real=0.00 secs] 
2024-10-04T21:48:28.696+0300: 823.902: Total time for which application threads were stopped: 0.0019418 seconds, Stopping threads took: 0.0003599 seconds
2024-10-04T21:48:29.057+0300: 824.271: Application time: 0.3696188 seconds
2024-10-04T21:48:29.057+0300: 824.272: [GC (Allocation Failure) [PSYoungGen: 263043K->3424K(265728K)] 318433K->58822K(812032K), 0.0010700 secs] [Times: user=0.03 sys=0.00, real=0.00 secs] 
2024-10-04T21:48:29.057+0300: 824.273: Total time for which application threads were stopped: 0.0013431 seconds, Stopping threads took: 0.0001471 seconds
2024-10-04T21:48:29.434+0300: 824.642: Application time: 0.3695529 seconds
2024-10-04T21:48:29.434+0300: 824.642: [GC (Allocation Failure) [PSYoungGen: 261390K->5456K(264192K)] 316789K->60862K(810496K), 0.0012421 secs] [Times: user=0.00 sys=0.00, real=0.00 secs] 
2024-10-04T21:48:29.434+0300: 824.644: Total time for which application threads were stopped: 0.0015437 seconds, Stopping threads took: 0.0001515 seconds
2024-10-04T21:48:29.811+0300: 825.016: Application time: 0.3725526 seconds
2024-10-04T21:48:29.811+0300: 825.017: [GC (Allocation Failure) [PSYoungGen: 263933K->5312K(265216K)] 319339K->60798K(811520K), 0.0014910 secs] [Times: user=0.00 sys=0.00, real=0.00 secs] 
2024-10-04T21:48:29.811+0300: 825.018: Total time for which application threads were stopped: 0.0017940 seconds, Stopping threads took: 0.0001550 seconds
2024-10-04T21:48:30.203+0300: 825.406: Application time: 0.3878777 seconds
2024-10-04T21:48:30.203+0300: 825.407: [GC (Allocation Failure) [PSYoungGen: 262382K->5376K(265216K)] 317869K->60934K(811520K), 0.0013206 secs] [Times: user=0.00 sys=0.00, real=0.00 secs] 
2024-10-04T21:48:30.203+0300: 825.408: Total time for which application threads were stopped: 0.0022573 seconds, Stopping threads took: 0.0007655 seconds
2024-10-04T21:48:30.580+0300: 825.788: Application time: 0.3794283 seconds
2024-10-04T21:48:30.580+0300: 825.788: [GC (Allocation Failure) [PSYoungGen: 262739K->3408K(265216K)] 318298K->58982K(811520K), 0.0009488 secs] [Times: user=0.00 sys=0.00, real=0.00 secs] 
2024-10-04T21:48:30.580+0300: 825.789: Total time for which application threads were stopped: 0.0017273 seconds, Stopping threads took: 0.0006228 seconds
2024-10-04T21:48:30.956+0300: 826.161: Application time: 0.3720022 seconds
2024-10-04T21:48:30.956+0300: 826.162: [GC (Allocation Failure) [PSYoungGen: 259997K->4416K(265216K)] 315571K->60030K(811520K), 0.0012044 secs] [Times: user=0.02 sys=0.00, real=0.00 secs] 
2024-10-04T21:48:30.956+0300: 826.163: Total time for which application threads were stopped: 0.0015639 seconds, Stopping threads took: 0.0001724 seconds
2024-10-04T21:48:31.348+0300: 826.552: Application time: 0.3886357 seconds
2024-10-04T21:48:31.348+0300: 826.552: [GC (Allocation Failure) [PSYoungGen: 261492K->3424K(265728K)] 317106K->59078K(812032K), 0.0010475 secs] [Times: user=0.02 sys=0.00, real=0.00 secs] 
2024-10-04T21:48:31.348+0300: 826.553: Total time for which application threads were stopped: 0.0015204 seconds, Stopping threads took: 0.0003100 seconds
2024-10-04T21:48:31.725+0300: 826.936: Application time: 0.3825359 seconds
2024-10-04T21:48:31.725+0300: 826.936: [GC (Allocation Failure) [PSYoungGen: 261884K->4464K(265728K)] 317539K->60126K(812032K), 0.0011873 secs] [Times: user=0.00 sys=0.00, real=0.00 secs] 
2024-10-04T21:48:31.725+0300: 826.937: Total time for which application threads were stopped: 0.0014844 seconds, Stopping threads took: 0.0001385 seconds
2024-10-04T21:48:32.102+0300: 827.305: Application time: 0.3679862 seconds
2024-10-04T21:48:32.102+0300: 827.305: [GC (Allocation Failure) [PSYoungGen: 262517K->5424K(265728K)] 318179K->61094K(812032K), 0.0013352 secs] [Times: user=0.02 sys=0.00, real=0.00 secs] 
2024-10-04T21:48:32.102+0300: 827.307: Total time for which application threads were stopped: 0.0016505 seconds, Stopping threads took: 0.0001537 seconds
2024-10-04T21:48:32.480+0300: 827.680: Application time: 0.3736525 seconds
2024-10-04T21:48:32.480+0300: 827.681: [GC (Allocation Failure) [PSYoungGen: 263096K->4448K(265728K)] 318766K->60126K(812032K), 0.0010452 secs] [Times: user=0.02 sys=0.00, real=0.00 secs] 
2024-10-04T21:48:32.480+0300: 827.682: Total time for which application threads were stopped: 0.0014055 seconds, Stopping threads took: 0.0002014 seconds
2024-10-04T21:48:32.856+0300: 828.058: Application time: 0.3756627 seconds
2024-10-04T21:48:32.856+0300: 828.058: [GC (Allocation Failure) [PSYoungGen: 262109K->4416K(266240K)] 317788K->60110K(812544K), 0.0014817 secs] [Times: user=0.00 sys=0.00, real=0.00 secs] 
2024-10-04T21:48:32.856+0300: 828.059: Total time for which application threads were stopped: 0.0018101 seconds, Stopping threads took: 0.0001480 seconds
2024-10-04T21:48:33.217+0300: 828.432: Application time: 0.3722223 seconds
2024-10-04T21:48:33.217+0300: 828.432: [GC (Allocation Failure) [PSYoungGen: 263382K->5456K(266240K)] 319076K->61158K(812544K), 0.0013142 secs] [Times: user=0.00 sys=0.00, real=0.02 secs] 
2024-10-04T21:48:33.232+0300: 828.433: Total time for which application threads were stopped: 0.0016752 seconds, Stopping threads took: 0.0002104 seconds
2024-10-04T21:48:33.593+0300: 828.804: Application time: 0.3703625 seconds
2024-10-04T21:48:33.593+0300: 828.804: [GC (Allocation Failure) [PSYoungGen: 265040K->2400K(265216K)] 320742K->58118K(811520K), 0.0009529 secs] [Times: user=0.00 sys=0.00, real=0.00 secs] 
2024-10-04T21:48:33.593+0300: 828.805: Total time for which application threads were stopped: 0.0012922 seconds, Stopping threads took: 0.0001798 seconds
2024-10-04T21:48:33.955+0300: 829.167: Application time: 0.3622342 seconds
2024-10-04T21:48:33.955+0300: 829.167: [GC (Allocation Failure) [PSYoungGen: 260593K->5424K(265728K)] 316312K->61158K(812032K), 0.0011872 secs] [Times: user=0.00 sys=0.00, real=0.00 secs] 
2024-10-04T21:48:33.955+0300: 829.169: Total time for which application threads were stopped: 0.0015413 seconds, Stopping threads took: 0.0002260 seconds
2024-10-04T21:48:34.331+0300: 829.544: Application time: 0.3752870 seconds
2024-10-04T21:48:34.331+0300: 829.544: [GC (Allocation Failure) [PSYoungGen: 263984K->4448K(265728K)] 319718K->60190K(812032K), 0.0010494 secs] [Times: user=0.00 sys=0.00, real=0.00 secs] 
2024-10-04T21:48:34.331+0300: 829.545: Total time for which application threads were stopped: 0.0013837 seconds, Stopping threads took: 0.0002083 seconds
2024-10-04T21:48:34.708+0300: 829.910: Application time: 0.3648339 seconds
2024-10-04T21:48:34.708+0300: 829.910: [GC (Allocation Failure) [PSYoungGen: 262301K->5440K(265728K)] 318043K->61190K(812032K), 0.0013038 secs] [Times: user=0.00 sys=0.00, real=0.00 secs] 
2024-10-04T21:48:34.708+0300: 829.912: Total time for which application threads were stopped: 0.0015870 seconds, Stopping threads took: 0.0001374 seconds
2024-10-04T21:48:35.069+0300: 830.279: Application time: 0.3671236 seconds
2024-10-04T21:48:35.069+0300: 830.279: [GC (Allocation Failure) [PSYoungGen: 263244K->3424K(265728K)] 318994K->59182K(812032K), 0.0009938 secs] [Times: user=0.00 sys=0.00, real=0.00 secs] 
2024-10-04T21:48:35.069+0300: 830.280: Total time for which application threads were stopped: 0.0012880 seconds, Stopping threads took: 0.0001771 seconds
2024-10-04T21:48:35.445+0300: 830.652: Application time: 0.3713088 seconds
2024-10-04T21:48:35.445+0300: 830.652: [GC (Allocation Failure) [PSYoungGen: 261984K->4352K(265728K)] 317742K->60150K(812032K), 0.0011799 secs] [Times: user=0.00 sys=0.00, real=0.00 secs] 
2024-10-04T21:48:35.445+0300: 830.653: Total time for which application threads were stopped: 0.0014565 seconds, Stopping threads took: 0.0001400 seconds
2024-10-04T21:48:35.807+0300: 831.020: Application time: 0.3667525 seconds
2024-10-04T21:48:35.807+0300: 831.020: [GC (Allocation Failure) [PSYoungGen: 262193K->4416K(266240K)] 317991K->60254K(812544K), 0.0010917 secs] [Times: user=0.00 sys=0.00, real=0.00 secs] 
2024-10-04T21:48:35.807+0300: 831.021: Total time for which application threads were stopped: 0.0014536 seconds, Stopping threads took: 0.0002366 seconds
2024-10-04T21:48:36.187+0300: 831.391: Application time: 0.3700260 seconds
2024-10-04T21:48:36.187+0300: 831.391: [GC (Allocation Failure) [PSYoungGen: 263190K->5360K(266240K)] 319028K->61274K(812544K), 0.0013331 secs] [Times: user=0.00 sys=0.00, real=0.00 secs] 
2024-10-04T21:48:36.187+0300: 831.393: Total time for which application threads were stopped: 0.0016588 seconds, Stopping threads took: 0.0001625 seconds
2024-10-04T21:48:36.560+0300: 831.761: Application time: 0.3685404 seconds
2024-10-04T21:48:36.560+0300: 831.762: [GC (Allocation Failure) [PSYoungGen: 264328K->5440K(266240K)] 320243K->61362K(812544K), 0.0011229 secs] [Times: user=0.00 sys=0.00, real=0.00 secs] 
2024-10-04T21:48:36.560+0300: 831.763: Total time for which application threads were stopped: 0.0014480 seconds, Stopping threads took: 0.0001812 seconds
2024-10-04T21:48:36.922+0300: 832.131: Application time: 0.3677046 seconds
2024-10-04T21:48:36.922+0300: 832.131: [GC (Allocation Failure) [PSYoungGen: 264242K->4416K(266240K)] 320165K->60378K(812544K), 0.0011949 secs] [Times: user=0.00 sys=0.00, real=0.00 secs] 
2024-10-04T21:48:36.922+0300: 832.132: Total time for which application threads were stopped: 0.0015437 seconds, Stopping threads took: 0.0001704 seconds
2024-10-04T21:48:37.298+0300: 832.505: Application time: 0.3723870 seconds
2024-10-04T21:48:37.298+0300: 832.505: [GC (Allocation Failure) [PSYoungGen: 263432K->3376K(266240K)] 319395K->59386K(812544K), 0.0009517 secs] [Times: user=0.00 sys=0.00, real=0.00 secs] 
2024-10-04T21:48:37.298+0300: 832.506: Total time for which application threads were stopped: 0.0012733 seconds, Stopping threads took: 0.0001445 seconds
2024-10-04T21:48:37.659+0300: 832.871: Application time: 0.3651090 seconds
2024-10-04T21:48:37.659+0300: 832.871: [GC (Allocation Failure) [PSYoungGen: 262009K->4448K(266240K)] 318020K->60466K(812544K), 0.0010832 secs] [Times: user=0.00 sys=0.00, real=0.00 secs] 
2024-10-04T21:48:37.659+0300: 832.872: Total time for which application threads were stopped: 0.0013638 seconds, Stopping threads took: 0.0001463 seconds
2024-10-04T21:48:38.036+0300: 833.240: Application time: 0.3681497 seconds
2024-10-04T21:48:38.036+0300: 833.241: [GC (Allocation Failure) [PSYoungGen: 263738K->5408K(266240K)] 319757K->61434K(812544K), 0.0011550 secs] [Times: user=0.00 sys=0.00, real=0.00 secs] 
2024-10-04T21:48:38.036+0300: 833.242: Total time for which application threads were stopped: 0.0014073 seconds, Stopping threads took: 0.0001093 seconds
2024-10-04T21:48:38.413+0300: 833.617: Application time: 0.3747061 seconds
2024-10-04T21:48:38.413+0300: 833.617: [GC (Allocation Failure) [PSYoungGen: 264992K->4448K(266240K)] 321018K->60490K(812544K), 0.0011450 secs] [Times: user=0.00 sys=0.00, real=0.00 secs] 
2024-10-04T21:48:38.413+0300: 833.618: Total time for which application threads were stopped: 0.0015044 seconds, Stopping threads took: 0.0002067 seconds
2024-10-04T21:48:38.774+0300: 833.981: Application time: 0.3627711 seconds
2024-10-04T21:48:38.774+0300: 833.981: [GC (Allocation Failure) [PSYoungGen: 263229K->5472K(266240K)] 319271K->61522K(812544K), 0.0012308 secs] [Times: user=0.00 sys=0.00, real=0.00 secs] 
2024-10-04T21:48:38.774+0300: 833.982: Total time for which application threads were stopped: 0.0015254 seconds, Stopping threads took: 0.0001634 seconds
2024-10-04T21:48:39.151+0300: 834.353: Application time: 0.3705679 seconds
2024-10-04T21:48:39.151+0300: 834.353: [GC (Allocation Failure) [PSYoungGen: 265056K->5408K(266240K)] 321106K->61474K(812544K), 0.0012981 secs] [Times: user=0.00 sys=0.00, real=0.00 secs] 
2024-10-04T21:48:39.151+0300: 834.355: Total time for which application threads were stopped: 0.0016278 seconds, Stopping threads took: 0.0001598 seconds
2024-10-04T21:48:39.512+0300: 834.723: Application time: 0.3687506 seconds
2024-10-04T21:48:39.512+0300: 834.724: [GC (Allocation Failure) [PSYoungGen: 264186K->5408K(266240K)] 320252K->61490K(812544K), 0.0037611 secs] [Times: user=0.00 sys=0.00, real=0.00 secs] 
2024-10-04T21:48:39.512+0300: 834.727: Total time for which application threads were stopped: 0.0041787 seconds, Stopping threads took: 0.0002519 seconds
2024-10-04T21:48:39.888+0300: 835.095: Application time: 0.3674597 seconds
2024-10-04T21:48:39.895+0300: 835.095: [GC (Allocation Failure) [PSYoungGen: 264350K->4416K(266240K)] 320433K->60506K(812544K), 0.0011815 secs] [Times: user=0.00 sys=0.00, real=0.00 secs] 
2024-10-04T21:48:39.895+0300: 835.097: Total time for which application threads were stopped: 0.0015503 seconds, Stopping threads took: 0.0002149 seconds
2024-10-04T21:48:40.265+0300: 835.471: Application time: 0.3748531 seconds
2024-10-04T21:48:40.265+0300: 835.472: [GC (Allocation Failure) [PSYoungGen: 263183K->4448K(266240K)] 319274K->60546K(812544K), 0.0011954 secs] [Times: user=0.00 sys=0.00, real=0.00 secs] 
2024-10-04T21:48:40.265+0300: 835.473: Total time for which application threads were stopped: 0.0015872 seconds, Stopping threads took: 0.0002288 seconds
2024-10-04T21:48:40.626+0300: 835.838: Application time: 0.3651961 seconds
2024-10-04T21:48:40.626+0300: 835.838: [GC (Allocation Failure) [PSYoungGen: 263557K->4400K(266240K)] 319656K->60506K(812544K), 0.0011971 secs] [Times: user=0.00 sys=0.00, real=0.00 secs] 
2024-10-04T21:48:40.626+0300: 835.840: Total time for which application threads were stopped: 0.0015613 seconds, Stopping threads took: 0.0002300 seconds
2024-10-04T21:48:41.002+0300: 836.208: Application time: 0.3680741 seconds
2024-10-04T21:48:41.002+0300: 836.208: [GC (Allocation Failure) [PSYoungGen: 262964K->2384K(266240K)] 319071K->58498K(812544K), 0.0007596 secs] [Times: user=0.00 sys=0.00, real=0.00 secs] 
2024-10-04T21:48:41.002+0300: 836.209: Total time for which application threads were stopped: 0.0010391 seconds, Stopping threads took: 0.0001465 seconds
2024-10-04T21:48:41.378+0300: 836.584: Application time: 0.3746726 seconds
2024-10-04T21:48:41.378+0300: 836.584: [GC (Allocation Failure) [PSYoungGen: 261401K->4416K(266240K)] 317516K->60570K(812544K), 0.0012239 secs] [Times: user=0.00 sys=0.00, real=0.00 secs] 
2024-10-04T21:48:41.378+0300: 836.585: Total time for which application threads were stopped: 0.0015604 seconds, Stopping threads took: 0.0001815 seconds
2024-10-04T21:48:41.740+0300: 836.947: Application time: 0.3619650 seconds
2024-10-04T21:48:41.740+0300: 836.947: [GC (Allocation Failure) [PSYoungGen: 263332K->5472K(266240K)] 319487K->61634K(812544K), 0.0013372 secs] [Times: user=0.02 sys=0.00, real=0.00 secs] 
2024-10-04T21:48:41.740+0300: 836.949: Total time for which application threads were stopped: 0.0016832 seconds, Stopping threads took: 0.0001781 seconds
2024-10-04T21:48:42.116+0300: 837.322: Application time: 0.3735617 seconds
2024-10-04T21:48:42.116+0300: 837.323: [GC (Allocation Failure) [PSYoungGen: 264419K->3376K(266240K)] 320581K->59586K(812544K), 0.0009600 secs] [Times: user=0.00 sys=0.00, real=0.00 secs] 
2024-10-04T21:48:42.116+0300: 837.324: Total time for which application threads were stopped: 0.0012229 seconds, Stopping threads took: 0.0001448 seconds
2024-10-04T21:48:42.477+0300: 837.691: Application time: 0.3671787 seconds
2024-10-04T21:48:42.477+0300: 837.691: [GC (Allocation Failure) [PSYoungGen: 262103K->5376K(266240K)] 318314K->61663K(812544K), 0.0014171 secs] [Times: user=0.00 sys=0.00, real=0.00 secs] 
2024-10-04T21:48:42.477+0300: 837.693: Total time for which application threads were stopped: 0.0018317 seconds, Stopping threads took: 0.0002096 seconds
2024-10-04T21:48:42.854+0300: 838.063: Application time: 0.3708624 seconds
2024-10-04T21:48:42.854+0300: 838.064: [GC (Allocation Failure) [PSYoungGen: 264960K->4448K(266240K)] 321247K->60742K(812544K), 0.0011762 secs] [Times: user=0.00 sys=0.00, real=0.00 secs] 
2024-10-04T21:48:42.854+0300: 838.065: Total time for which application threads were stopped: 0.0014699 seconds, Stopping threads took: 0.0001637 seconds
2024-10-04T21:48:43.230+0300: 838.436: Application time: 0.3707210 seconds
2024-10-04T21:48:43.230+0300: 838.436: [GC (Allocation Failure) [PSYoungGen: 263405K->5408K(266240K)] 319700K->61743K(812544K), 0.0011852 secs] [Times: user=0.00 sys=0.00, real=0.00 secs] 
2024-10-04T21:48:43.230+0300: 838.437: Total time for which application threads were stopped: 0.0014632 seconds, Stopping threads took: 0.0001534 seconds
2024-10-04T21:48:43.602+0300: 838.805: Application time: 0.3684308 seconds
2024-10-04T21:48:43.602+0300: 838.806: [GC (Allocation Failure) [PSYoungGen: 264408K->3360K(266240K)] 320743K->59743K(812544K), 0.0009047 secs] [Times: user=0.00 sys=0.00, real=0.00 secs] 
2024-10-04T21:48:43.602+0300: 838.807: Total time for which application threads were stopped: 0.0012011 seconds, Stopping threads took: 0.0001375 seconds
2024-10-04T21:48:43.968+0300: 839.172: Application time: 0.3652204 seconds
2024-10-04T21:48:43.968+0300: 839.172: [GC (Allocation Failure) [PSYoungGen: 262167K->3424K(266240K)] 318550K->59815K(812544K), 0.0008942 secs] [Times: user=0.00 sys=0.00, real=0.00 secs] 
2024-10-04T21:48:43.968+0300: 839.173: Total time for which application threads were stopped: 0.0012266 seconds, Stopping threads took: 0.0001969 seconds
2024-10-04T21:48:44.345+0300: 839.548: Application time: 0.3745585 seconds
2024-10-04T21:48:44.345+0300: 839.548: [GC (Allocation Failure) [PSYoungGen: 263008K->4432K(266240K)] 319399K->60831K(812544K), 0.0010755 secs] [Times: user=0.00 sys=0.00, real=0.00 secs] 
2024-10-04T21:48:44.345+0300: 839.549: Total time for which application threads were stopped: 0.0014042 seconds, Stopping threads took: 0.0001948 seconds
2024-10-04T21:48:44.706+0300: 839.914: Application time: 0.3646464 seconds
2024-10-04T21:48:44.706+0300: 839.914: [GC (Allocation Failure) [PSYoungGen: 263456K->5440K(266240K)] 319855K->61855K(812544K), 0.0014253 secs] [Times: user=0.00 sys=0.00, real=0.00 secs] 
2024-10-04T21:48:44.706+0300: 839.916: Total time for which application threads were stopped: 0.0017529 seconds, Stopping threads took: 0.0001883 seconds
2024-10-04T21:48:45.082+0300: 840.285: Application time: 0.3698204 seconds
2024-10-04T21:48:45.082+0300: 840.286: [GC (Allocation Failure) [PSYoungGen: 264344K->5440K(265216K)] 320759K->61871K(811520K), 0.0011512 secs] [Times: user=0.00 sys=0.00, real=0.00 secs] 
2024-10-04T21:48:45.082+0300: 840.287: Total time for which application threads were stopped: 0.0014325 seconds, Stopping threads took: 0.0001497 seconds
2024-10-04T21:48:45.443+0300: 840.657: Application time: 0.3706418 seconds
2024-10-04T21:48:45.443+0300: 840.658: [GC (Allocation Failure) [PSYoungGen: 264234K->5504K(265728K)] 320665K->61943K(812032K), 0.0013528 secs] [Times: user=0.00 sys=0.00, real=0.00 secs] 
2024-10-04T21:48:45.443+0300: 840.659: Total time for which application threads were stopped: 0.0016905 seconds, Stopping threads took: 0.0001795 seconds
2024-10-04T21:48:45.820+0300: 841.025: Application time: 0.3662305 seconds
2024-10-04T21:48:45.820+0300: 841.026: [GC (Allocation Failure) [PSYoungGen: 264064K->4480K(265728K)] 320503K->60927K(812032K), 0.0011776 secs] [Times: user=0.00 sys=0.00, real=0.00 secs] 
2024-10-04T21:48:45.820+0300: 841.027: Total time for which application threads were stopped: 0.0014529 seconds, Stopping threads took: 0.0001479 seconds
2024-10-04T21:48:46.181+0300: 841.396: Application time: 0.3688007 seconds
2024-10-04T21:48:46.181+0300: 841.396: [GC (Allocation Failure) [PSYoungGen: 263003K->4384K(266240K)] 319450K->60847K(812544K), 0.0014124 secs] [Times: user=0.00 sys=0.00, real=0.02 secs] 
2024-10-04T21:48:46.196+0300: 841.398: Total time for which application threads were stopped: 0.0019547 seconds, Stopping threads took: 0.0003793 seconds
2024-10-04T21:48:46.558+0300: 841.770: Application time: 0.3721881 seconds
2024-10-04T21:48:46.558+0300: 841.770: [GC (Allocation Failure) [PSYoungGen: 263552K->4448K(266240K)] 320015K->60919K(812544K), 0.0012147 secs] [Times: user=0.00 sys=0.00, real=0.00 secs] 
2024-10-04T21:48:46.558+0300: 841.771: Total time for which application threads were stopped: 0.0015044 seconds, Stopping threads took: 0.0001519 seconds
2024-10-04T21:48:46.934+0300: 842.138: Application time: 0.3671623 seconds
2024-10-04T21:48:46.934+0300: 842.139: [GC (Allocation Failure) [PSYoungGen: 264032K->3424K(266240K)] 320503K->59903K(812544K), 0.0008901 secs] [Times: user=0.00 sys=0.00, real=0.00 secs] 
2024-10-04T21:48:46.934+0300: 842.140: Total time for which application threads were stopped: 0.0012212 seconds, Stopping threads took: 0.0001788 seconds
2024-10-04T21:48:47.311+0300: 842.514: Application time: 0.3741432 seconds
2024-10-04T21:48:47.311+0300: 842.514: [GC (Allocation Failure) [PSYoungGen: 263008K->3344K(266240K)] 319487K->59871K(812544K), 0.0008836 secs] [Times: user=0.00 sys=0.00, real=0.00 secs] 
2024-10-04T21:48:47.311+0300: 842.515: Total time for which application threads were stopped: 0.0011638 seconds, Stopping threads took: 0.0001375 seconds
2024-10-04T21:48:47.672+0300: 842.884: Application time: 0.3688211 seconds
2024-10-04T21:48:47.672+0300: 842.884: [GC (Allocation Failure) [PSYoungGen: 262928K->3424K(266240K)] 319455K->59959K(812544K), 0.0008621 secs] [Times: user=0.00 sys=0.00, real=0.00 secs] 
2024-10-04T21:48:47.672+0300: 842.885: Total time for which application threads were stopped: 0.0011446 seconds, Stopping threads took: 0.0001643 seconds
2024-10-04T21:48:48.033+0300: 843.249: Application time: 0.3636921 seconds
2024-10-04T21:48:48.033+0300: 843.249: [GC (Allocation Failure) [PSYoungGen: 262256K->4480K(266240K)] 318791K->61023K(812544K), 0.0011757 secs] [Times: user=0.00 sys=0.00, real=0.02 secs] 
2024-10-04T21:48:48.048+0300: 843.250: Total time for which application threads were stopped: 0.0015574 seconds, Stopping threads took: 0.0002324 seconds
2024-10-04T21:48:48.412+0300: 843.623: Application time: 0.3731190 seconds
2024-10-04T21:48:48.412+0300: 843.624: [GC (Allocation Failure) [PSYoungGen: 264064K->4352K(266752K)] 320607K->60971K(813056K), 0.0010789 secs] [Times: user=0.00 sys=0.00, real=0.00 secs] 
2024-10-04T21:48:48.412+0300: 843.625: Total time for which application threads were stopped: 0.0015446 seconds, Stopping threads took: 0.0002995 seconds
2024-10-04T21:48:48.787+0300: 843.992: Application time: 0.3674940 seconds
2024-10-04T21:48:48.787+0300: 843.993: [GC (Allocation Failure) [PSYoungGen: 263860K->5440K(266240K)] 320480K->62067K(812544K), 0.0012856 secs] [Times: user=0.00 sys=0.00, real=0.00 secs] 
2024-10-04T21:48:48.787+0300: 843.994: Total time for which application threads were stopped: 0.0015497 seconds, Stopping threads took: 0.0001327 seconds
2024-10-04T21:48:49.148+0300: 844.363: Application time: 0.3694860 seconds
2024-10-04T21:48:49.148+0300: 844.364: [GC (Allocation Failure) [PSYoungGen: 264543K->5376K(266240K)] 321170K->62051K(812544K), 0.0013508 secs] [Times: user=0.00 sys=0.00, real=0.02 secs] 
2024-10-04T21:48:49.163+0300: 844.365: Total time for which application threads were stopped: 0.0016510 seconds, Stopping threads took: 0.0001526 seconds
2024-10-04T21:48:49.524+0300: 844.737: Application time: 0.3719597 seconds
2024-10-04T21:48:49.524+0300: 844.737: [GC (Allocation Failure) [PSYoungGen: 264960K->3424K(266240K)] 321635K->60139K(812544K), 0.0010195 secs] [Times: user=0.00 sys=0.00, real=0.00 secs] 
2024-10-04T21:48:49.524+0300: 844.738: Total time for which application threads were stopped: 0.0013497 seconds, Stopping threads took: 0.0001986 seconds
2024-10-04T21:48:49.885+0300: 845.100: Application time: 0.3617138 seconds
2024-10-04T21:48:49.885+0300: 845.100: [GC (Allocation Failure) [PSYoungGen: 262272K->5408K(266240K)] 318987K->62171K(812544K), 0.0012564 secs] [Times: user=0.00 sys=0.00, real=0.02 secs] 
2024-10-04T21:48:49.901+0300: 845.102: Total time for which application threads were stopped: 0.0016426 seconds, Stopping threads took: 0.0001957 seconds
2024-10-04T21:48:50.262+0300: 845.478: Application time: 0.3762080 seconds
2024-10-04T21:48:50.262+0300: 845.478: [GC (Allocation Failure) [PSYoungGen: 264465K->3456K(266240K)] 321228K->60235K(812544K), 0.0010931 secs] [Times: user=0.00 sys=0.00, real=0.02 secs] 
2024-10-04T21:48:50.278+0300: 845.479: Total time for which application threads were stopped: 0.0013954 seconds, Stopping threads took: 0.0001686 seconds
2024-10-04T21:48:50.639+0300: 845.842: Application time: 0.3625392 seconds
2024-10-04T21:48:50.639+0300: 845.842: [GC (Allocation Failure) [PSYoungGen: 262097K->5440K(265216K)] 318876K->62235K(811520K), 0.0012346 secs] [Times: user=0.00 sys=0.00, real=0.00 secs] 
2024-10-04T21:48:50.639+0300: 845.843: Total time for which application threads were stopped: 0.0015216 seconds, Stopping threads took: 0.0001466 seconds
2024-10-04T21:48:50.999+0300: 846.210: Application time: 0.3665663 seconds
2024-10-04T21:48:50.999+0300: 846.210: [GC (Allocation Failure) [PSYoungGen: 263506K->5456K(265728K)] 320301K->62259K(812032K), 0.0011838 secs] [Times: user=0.00 sys=0.00, real=0.00 secs] 
2024-10-04T21:48:50.999+0300: 846.211: Total time for which application threads were stopped: 0.0014987 seconds, Stopping threads took: 0.0001807 seconds
2024-10-04T21:48:51.376+0300: 846.587: Application time: 0.3751897 seconds
2024-10-04T21:48:51.376+0300: 846.587: [GC (Allocation Failure) [PSYoungGen: 263974K->3424K(265728K)] 320777K->60235K(812032K), 0.0009005 secs] [Times: user=0.00 sys=0.00, real=0.00 secs] 
2024-10-04T21:48:51.376+0300: 846.588: Total time for which application threads were stopped: 0.0011980 seconds, Stopping threads took: 0.0001729 seconds
2024-10-04T21:48:51.737+0300: 846.951: Application time: 0.3628012 seconds
2024-10-04T21:48:51.737+0300: 846.951: [GC (Allocation Failure) [PSYoungGen: 261447K->5472K(265728K)] 318258K->62299K(812032K), 0.0012388 secs] [Times: user=0.00 sys=0.00, real=0.00 secs] 
2024-10-04T21:48:51.737+0300: 846.952: Total time for which application threads were stopped: 0.0015664 seconds, Stopping threads took: 0.0001920 seconds
2024-10-04T21:48:52.113+0300: 847.320: Application time: 0.3678849 seconds
2024-10-04T21:48:52.113+0300: 847.320: [GC (Allocation Failure) [PSYoungGen: 263277K->5456K(265728K)] 320104K->62291K(812032K), 0.0011543 secs] [Times: user=0.02 sys=0.00, real=0.01 secs] 
2024-10-04T21:48:52.120+0300: 847.322: Total time for which application threads were stopped: 0.0014214 seconds, Stopping threads took: 0.0001414 seconds
2024-10-04T21:48:52.490+0300: 847.693: Application time: 0.3715968 seconds
2024-10-04T21:48:52.490+0300: 847.693: [GC (Allocation Failure) [PSYoungGen: 263960K->3392K(265728K)] 320795K->60243K(812032K), 0.0009692 secs] [Times: user=0.00 sys=0.00, real=0.00 secs] 
2024-10-04T21:48:52.490+0300: 847.694: Total time for which application threads were stopped: 0.0013059 seconds, Stopping threads took: 0.0001776 seconds
2024-10-04T21:48:52.850+0300: 848.059: Application time: 0.3644999 seconds
2024-10-04T21:48:52.850+0300: 848.059: [GC (Allocation Failure) [PSYoungGen: 261619K->3408K(265728K)] 318470K->60275K(812032K), 0.0008740 secs] [Times: user=0.00 sys=0.00, real=0.00 secs] 
2024-10-04T21:48:52.850+0300: 848.060: Total time for which application threads were stopped: 0.0011748 seconds, Stopping threads took: 0.0001800 seconds
2024-10-04T21:48:53.227+0300: 848.434: Application time: 0.3735371 seconds
2024-10-04T21:48:53.227+0300: 848.434: [GC (Allocation Failure) [PSYoungGen: 261016K->4352K(265728K)] 317883K->61259K(812032K), 0.0012419 secs] [Times: user=0.00 sys=0.00, real=0.00 secs] 
2024-10-04T21:48:53.227+0300: 848.435: Total time for which application threads were stopped: 0.0016304 seconds, Stopping threads took: 0.0002355 seconds
2024-10-04T21:48:53.588+0300: 848.799: Application time: 0.3640245 seconds
2024-10-04T21:48:53.588+0300: 848.800: [GC (Allocation Failure) [PSYoungGen: 262222K->4416K(266240K)] 319129K->61331K(812544K), 0.0011133 secs] [Times: user=0.00 sys=0.00, real=0.00 secs] 
2024-10-04T21:48:53.588+0300: 848.801: Total time for which application threads were stopped: 0.0014704 seconds, Stopping threads took: 0.0002175 seconds
2024-10-04T21:48:53.964+0300: 849.167: Application time: 0.3657477 seconds
2024-10-04T21:48:53.964+0300: 849.167: [GC (Allocation Failure) [PSYoungGen: 263146K->5440K(265728K)] 320061K->62363K(812032K), 0.0011984 secs] [Times: user=0.00 sys=0.00, real=0.00 secs] 
2024-10-04T21:48:53.964+0300: 849.168: Total time for which application threads were stopped: 0.0014978 seconds, Stopping threads took: 0.0001748 seconds
2024-10-04T21:48:54.341+0300: 849.542: Application time: 0.3738085 seconds
2024-10-04T21:48:54.341+0300: 849.542: [GC (Allocation Failure) [PSYoungGen: 264354K->3424K(266240K)] 321277K->60355K(812544K), 0.0009014 secs] [Times: user=0.00 sys=0.00, real=0.00 secs] 
2024-10-04T21:48:54.341+0300: 849.543: Total time for which application threads were stopped: 0.0012300 seconds, Stopping threads took: 0.0001895 seconds
2024-10-04T21:48:54.702+0300: 849.911: Application time: 0.3675701 seconds
2024-10-04T21:48:54.702+0300: 849.911: [GC (Allocation Failure) [PSYoungGen: 262488K->5408K(265728K)] 319420K->62415K(812032K), 0.0012726 secs] [Times: user=0.00 sys=0.00, real=0.00 secs] 
2024-10-04T21:48:54.702+0300: 849.912: Total time for which application threads were stopped: 0.0016025 seconds, Stopping threads took: 0.0001536 seconds
2024-10-04T21:48:55.078+0300: 850.281: Application time: 0.3686779 seconds
2024-10-04T21:48:55.078+0300: 850.281: [GC (Allocation Failure) [PSYoungGen: 264175K->5456K(265728K)] 321182K->62479K(812032K), 0.0012263 secs] [Times: user=0.00 sys=0.00, real=0.00 secs] 
2024-10-04T21:48:55.078+0300: 850.282: Total time for which application threads were stopped: 0.0014988 seconds, Stopping threads took: 0.0001402 seconds
2024-10-04T21:48:55.439+0300: 850.653: Application time: 0.3700934 seconds
2024-10-04T21:48:55.439+0300: 850.653: [GC (Allocation Failure) [PSYoungGen: 264016K->4384K(265728K)] 321039K->61475K(812032K), 0.0010481 secs] [Times: user=0.00 sys=0.00, real=0.00 secs] 
2024-10-04T21:48:55.439+0300: 850.654: Total time for which application threads were stopped: 0.0013868 seconds, Stopping threads took: 0.0001967 seconds
2024-10-04T21:48:55.819+0300: 851.020: Application time: 0.3660323 seconds
2024-10-04T21:48:55.819+0300: 851.020: [GC (Allocation Failure) [PSYoungGen: 262944K->4480K(266240K)] 320035K->61579K(812544K), 0.0011280 secs] [Times: user=0.00 sys=0.00, real=0.00 secs] 
2024-10-04T21:48:55.819+0300: 851.021: Total time for which application threads were stopped: 0.0014281 seconds, Stopping threads took: 0.0001728 seconds
2024-10-04T21:48:56.192+0300: 851.396: Application time: 0.3746793 seconds
2024-10-04T21:48:56.192+0300: 851.396: [GC (Allocation Failure) [PSYoungGen: 263552K->3376K(265728K)] 320651K->60523K(812032K), 0.0010584 secs] [Times: user=0.00 sys=0.00, real=0.00 secs] 
2024-10-04T21:48:56.192+0300: 851.397: Total time for which application threads were stopped: 0.0013063 seconds, Stopping threads took: 0.0001120 seconds
2024-10-04T21:48:56.553+0300: 851.766: Application time: 0.3688408 seconds
2024-10-04T21:48:56.553+0300: 851.767: [GC (Allocation Failure) [PSYoungGen: 262448K->3408K(266240K)] 319595K->60563K(812544K), 0.0009820 secs] [Times: user=0.00 sys=0.00, real=0.00 secs] 
2024-10-04T21:48:56.553+0300: 851.768: Total time for which application threads were stopped: 0.0013269 seconds, Stopping threads took: 0.0002265 seconds
2024-10-04T21:48:56.930+0300: 852.132: Application time: 0.3647313 seconds
2024-10-04T21:48:56.930+0300: 852.133: [GC (Allocation Failure) [PSYoungGen: 262568K->5456K(265216K)] 319724K->62635K(811520K), 0.0012371 secs] [Times: user=0.00 sys=0.00, real=0.00 secs] 
2024-10-04T21:48:56.930+0300: 852.134: Total time for which application threads were stopped: 0.0015605 seconds, Stopping threads took: 0.0001564 seconds
2024-10-04T21:48:57.306+0300: 852.507: Application time: 0.3731136 seconds
2024-10-04T21:48:57.306+0300: 852.507: [GC (Allocation Failure) [PSYoungGen: 264339K->4448K(266240K)] 321518K->61635K(812544K), 0.0011386 secs] [Times: user=0.00 sys=0.00, real=0.00 secs] 
2024-10-04T21:48:57.306+0300: 852.508: Total time for which application threads were stopped: 0.0014995 seconds, Stopping threads took: 0.0001576 seconds
2024-10-04T21:48:57.667+0300: 852.874: Application time: 0.3651786 seconds
2024-10-04T21:48:57.667+0300: 852.874: [GC (Allocation Failure) [PSYoungGen: 263197K->4480K(265728K)] 320384K->61675K(812032K), 0.0010675 secs] [Times: user=0.00 sys=0.00, real=0.00 secs] 
2024-10-04T21:48:57.667+0300: 852.875: Total time for which application threads were stopped: 0.0013583 seconds, Stopping threads took: 0.0001347 seconds
2024-10-04T21:48:58.044+0300: 853.245: Application time: 0.3701542 seconds
2024-10-04T21:48:58.044+0300: 853.245: [GC (Allocation Failure) [PSYoungGen: 263378K->2352K(266240K)] 320573K->59555K(812544K), 0.0007929 secs] [Times: user=0.00 sys=0.00, real=0.00 secs] 
2024-10-04T21:48:58.044+0300: 853.246: Total time for which application threads were stopped: 0.0010569 seconds, Stopping threads took: 0.0001149 seconds
2024-10-04T21:48:58.405+0300: 853.615: Application time: 0.3683740 seconds
2024-10-04T21:48:58.405+0300: 853.615: [GC (Allocation Failure) [PSYoungGen: 261294K->4448K(266240K)] 318497K->61659K(812544K), 0.0011580 secs] [Times: user=0.00 sys=0.00, real=0.00 secs] 
2024-10-04T21:48:58.405+0300: 853.616: Total time for which application threads were stopped: 0.0014871 seconds, Stopping threads took: 0.0001519 seconds
2024-10-04T21:48:58.781+0300: 853.988: Application time: 0.3715231 seconds
2024-10-04T21:48:58.781+0300: 853.988: [GC (Allocation Failure) [PSYoungGen: 264032K->4480K(266240K)] 321243K->61699K(812544K), 0.0010616 secs] [Times: user=0.00 sys=0.00, real=0.00 secs] 
2024-10-04T21:48:58.781+0300: 853.989: Total time for which application threads were stopped: 0.0013532 seconds, Stopping threads took: 0.0001611 seconds
2024-10-04T21:48:59.142+0300: 854.352: Application time: 0.3630800 seconds
2024-10-04T21:48:59.142+0300: 854.352: [GC (Allocation Failure) [PSYoungGen: 263309K->5440K(266240K)] 320529K->62667K(812544K), 0.0015614 secs] [Times: user=0.00 sys=0.00, real=0.00 secs] 
2024-10-04T21:48:59.142+0300: 854.354: Total time for which application threads were stopped: 0.0019686 seconds, Stopping threads took: 0.0002228 seconds
2024-10-04T21:48:59.519+0300: 854.725: Application time: 0.3713631 seconds
2024-10-04T21:48:59.519+0300: 854.726: [GC (Allocation Failure) [PSYoungGen: 264555K->5376K(266240K)] 321782K->62651K(812544K), 0.0012340 secs] [Times: user=0.00 sys=0.00, real=0.00 secs] 
2024-10-04T21:48:59.519+0300: 854.727: Total time for which application threads were stopped: 0.0015405 seconds, Stopping threads took: 0.0001738 seconds
2024-10-04T21:48:59.880+0300: 855.095: Application time: 0.3683600 seconds
2024-10-04T21:48:59.880+0300: 855.096: [GC (Allocation Failure) [PSYoungGen: 264960K->3408K(266240K)] 322235K->60699K(812544K), 0.0010431 secs] [Times: user=0.00 sys=0.00, real=0.02 secs] 
2024-10-04T21:48:59.896+0300: 855.097: Total time for which application threads were stopped: 0.0013732 seconds, Stopping threads took: 0.0001833 seconds
2024-10-04T21:49:00.272+0300: 855.478: Application time: 0.3815223 seconds
2024-10-04T21:49:00.272+0300: 855.478: [GC (Allocation Failure) [PSYoungGen: 262992K->5408K(265216K)] 320283K->62715K(811520K), 0.0012285 secs] [Times: user=0.00 sys=0.00, real=0.00 secs] 
2024-10-04T21:49:00.272+0300: 855.480: Total time for which application threads were stopped: 0.0014910 seconds, Stopping threads took: 0.0001155 seconds
2024-10-04T21:49:00.638+0300: 855.842: Application time: 0.3619644 seconds
2024-10-04T21:49:00.638+0300: 855.842: [GC (Allocation Failure) [PSYoungGen: 263355K->4384K(265728K)] 320662K->61731K(812032K), 0.0010918 secs] [Times: user=0.00 sys=0.00, real=0.00 secs] 
2024-10-04T21:49:00.638+0300: 855.843: Total time for which application threads were stopped: 0.0014478 seconds, Stopping threads took: 0.0001990 seconds
2024-10-04T21:49:00.994+0300: 856.210: Application time: 0.3667861 seconds
2024-10-04T21:49:00.994+0300: 856.210: [GC (Allocation Failure) [PSYoungGen: 262870K->4384K(266240K)] 320217K->61771K(812544K), 0.0013771 secs] [Times: user=0.00 sys=0.00, real=0.02 secs] 
2024-10-04T21:49:01.010+0300: 856.212: Total time for which application threads were stopped: 0.0016827 seconds, Stopping threads took: 0.0001406 seconds
2024-10-04T21:49:01.371+0300: 856.584: Application time: 0.3723341 seconds
2024-10-04T21:49:01.371+0300: 856.584: [GC (Allocation Failure) [PSYoungGen: 263410K->4400K(266240K)] 320797K->61827K(812544K), 0.0012218 secs] [Times: user=0.00 sys=0.00, real=0.00 secs] 
2024-10-04T21:49:01.371+0300: 856.586: Total time for which application threads were stopped: 0.0016725 seconds, Stopping threads took: 0.0002488 seconds
2024-10-04T21:49:01.748+0300: 856.954: Application time: 0.3687898 seconds
2024-10-04T21:49:01.748+0300: 856.955: [GC (Allocation Failure) [PSYoungGen: 263348K->5440K(266240K)] 320776K->62907K(812544K), 0.0011989 secs] [Times: user=0.00 sys=0.00, real=0.00 secs] 
2024-10-04T21:49:01.748+0300: 856.956: Total time for which application threads were stopped: 0.0015235 seconds, Stopping threads took: 0.0001918 seconds
2024-10-04T21:49:02.108+0300: 857.324: Application time: 0.3679301 seconds
2024-10-04T21:49:02.108+0300: 857.324: [GC (Allocation Failure) [PSYoungGen: 265024K->3440K(266240K)] 322491K->60923K(812544K), 0.0010227 secs] [Times: user=0.02 sys=0.00, real=0.02 secs] 
2024-10-04T21:49:02.124+0300: 857.325: Total time for which application threads were stopped: 0.0013404 seconds, Stopping threads took: 0.0001850 seconds
2024-10-04T21:49:02.485+0300: 857.700: Application time: 0.3744705 seconds
2024-10-04T21:49:02.485+0300: 857.700: [GC (Allocation Failure) [PSYoungGen: 263024K->3456K(266240K)] 320507K->60947K(812544K), 0.0010658 secs] [Times: user=0.00 sys=0.00, real=0.00 secs] 
2024-10-04T21:49:02.485+0300: 857.701: Total time for which application threads were stopped: 0.0014547 seconds, Stopping threads took: 0.0002052 seconds
2024-10-04T21:49:02.861+0300: 858.067: Application time: 0.3658994 seconds
2024-10-04T21:49:02.861+0300: 858.067: [GC (Allocation Failure) [PSYoungGen: 262292K->3408K(266240K)] 319784K->60907K(812544K), 0.0009531 secs] [Times: user=0.00 sys=0.00, real=0.00 secs] 
2024-10-04T21:49:02.861+0300: 858.068: Total time for which application threads were stopped: 0.0012585 seconds, Stopping threads took: 0.0001621 seconds
2024-10-04T21:49:03.238+0300: 858.441: Application time: 0.3729507 seconds
2024-10-04T21:49:03.238+0300: 858.442: [GC (Allocation Failure) [PSYoungGen: 262389K->5408K(266240K)] 319888K->62955K(812544K), 0.0012639 secs] [Times: user=0.00 sys=0.00, real=0.00 secs] 
2024-10-04T21:49:03.238+0300: 858.443: Total time for which application threads were stopped: 0.0016701 seconds, Stopping threads took: 0.0002022 seconds
2024-10-04T21:49:03.599+0300: 858.808: Application time: 0.3649579 seconds
2024-10-04T21:49:03.599+0300: 858.808: [GC (Allocation Failure) [PSYoungGen: 264349K->5456K(265216K)] 321897K->63027K(811520K), 0.0014342 secs] [Times: user=0.00 sys=0.00, real=0.00 secs] 
2024-10-04T21:49:03.599+0300: 858.810: Total time for which application threads were stopped: 0.0017601 seconds, Stopping threads took: 0.0001490 seconds
2024-10-04T21:49:03.959+0300: 859.175: Application time: 0.3652315 seconds
2024-10-04T21:49:03.959+0300: 859.175: [GC (Allocation Failure) [PSYoungGen: 264276K->4480K(266240K)] 321848K->62059K(812544K), 0.0011694 secs] [Times: user=0.02 sys=0.00, real=0.02 secs] 
2024-10-04T21:49:03.975+0300: 859.176: Total time for which application threads were stopped: 0.0015246 seconds, Stopping threads took: 0.0002121 seconds
2024-10-04T21:49:04.345+0300: 859.551: Application time: 0.3749067 seconds
2024-10-04T21:49:04.345+0300: 859.552: [GC (Allocation Failure) [PSYoungGen: 263213K->3408K(265728K)] 320793K->60995K(812032K), 0.0010220 secs] [Times: user=0.00 sys=0.00, real=0.01 secs] 
2024-10-04T21:49:04.351+0300: 859.553: Total time for which application threads were stopped: 0.0012877 seconds, Stopping threads took: 0.0001422 seconds
2024-10-04T21:49:04.712+0300: 859.915: Application time: 0.3621321 seconds
2024-10-04T21:49:04.712+0300: 859.915: [GC (Allocation Failure) [PSYoungGen: 261463K->5440K(266240K)] 319051K->63043K(812544K), 0.0011258 secs] [Times: user=0.00 sys=0.00, real=0.00 secs] 
2024-10-04T21:49:04.712+0300: 859.916: Total time for which application threads were stopped: 0.0014233 seconds, Stopping threads took: 0.0001656 seconds
2024-10-04T21:49:05.072+0300: 860.286: Application time: 0.3696081 seconds
2024-10-04T21:49:05.072+0300: 860.286: [GC (Allocation Failure) [PSYoungGen: 265024K->4448K(266240K)] 322627K->62059K(812544K), 0.0011015 secs] [Times: user=0.00 sys=0.00, real=0.00 secs] 
2024-10-04T21:49:05.072+0300: 860.287: Total time for which application threads were stopped: 0.0013992 seconds, Stopping threads took: 0.0001700 seconds
2024-10-04T21:49:05.449+0300: 860.661: Application time: 0.3735260 seconds
2024-10-04T21:49:05.449+0300: 860.661: [GC (Allocation Failure) [PSYoungGen: 263748K->4448K(266240K)] 321360K->62099K(812544K), 0.0011053 secs] [Times: user=0.00 sys=0.00, real=0.00 secs] 
2024-10-04T21:49:05.449+0300: 860.662: Total time for which application threads were stopped: 0.0014095 seconds, Stopping threads took: 0.0001679 seconds
2024-10-04T21:49:05.826+0300: 861.031: Application time: 0.3687866 seconds
2024-10-04T21:49:05.826+0300: 861.031: [GC (Allocation Failure) [PSYoungGen: 264032K->4464K(266240K)] 321683K->62123K(812544K), 0.0011102 secs] [Times: user=0.00 sys=0.00, real=0.00 secs] 
2024-10-04T21:49:05.826+0300: 861.032: Total time for which application threads were stopped: 0.0014017 seconds, Stopping threads took: 0.0001509 seconds
2024-10-04T21:49:06.187+0300: 861.403: Application time: 0.3705786 seconds
2024-10-04T21:49:06.202+0300: 861.403: [GC (Allocation Failure) [PSYoungGen: 263823K->5408K(265728K)] 321483K->63083K(812032K), 0.0013324 secs] [Times: user=0.00 sys=0.00, real=0.00 secs] 
2024-10-04T21:49:06.202+0300: 861.405: Total time for which application threads were stopped: 0.0017520 seconds, Stopping threads took: 0.0002265 seconds
2024-10-04T21:49:06.564+0300: 861.777: Application time: 0.3726552 seconds
2024-10-04T21:49:06.564+0300: 861.778: [GC (Allocation Failure) [PSYoungGen: 264992K->4448K(266240K)] 322667K->62131K(812544K), 0.0011466 secs] [Times: user=0.00 sys=0.00, real=0.00 secs] 
2024-10-04T21:49:06.564+0300: 861.779: Total time for which application threads were stopped: 0.0014349 seconds, Stopping threads took: 0.0001496 seconds
2024-10-04T21:49:06.940+0300: 862.141: Application time: 0.3623732 seconds
2024-10-04T21:49:06.940+0300: 862.141: [GC (Allocation Failure) [PSYoungGen: 263439K->5376K(265728K)] 321122K->63147K(812032K), 0.0011350 secs] [Times: user=0.00 sys=0.00, real=0.00 secs] 
2024-10-04T21:49:06.940+0300: 862.143: Total time for which application threads were stopped: 0.0014812 seconds, Stopping threads took: 0.0001818 seconds
2024-10-04T21:49:07.317+0300: 862.521: Application time: 0.3785353 seconds
2024-10-04T21:49:07.317+0300: 862.521: [GC (Allocation Failure) [PSYoungGen: 264960K->2368K(266240K)] 322731K->60155K(812544K), 0.0008565 secs] [Times: user=0.00 sys=0.00, real=0.00 secs] 
2024-10-04T21:49:07.317+0300: 862.522: Total time for which application threads were stopped: 0.0012147 seconds, Stopping threads took: 0.0001733 seconds
2024-10-04T21:49:07.677+0300: 862.884: Application time: 0.3619088 seconds
2024-10-04T21:49:07.677+0300: 862.885: [GC (Allocation Failure) [PSYoungGen: 261156K->5456K(265216K)] 318944K->63283K(811520K), 0.0012704 secs] [Times: user=0.00 sys=0.00, real=0.00 secs] 
2024-10-04T21:49:07.677+0300: 862.886: Total time for which application threads were stopped: 0.0016544 seconds, Stopping threads took: 0.0002201 seconds
2024-10-04T21:49:08.038+0300: 863.251: Application time: 0.3652221 seconds
2024-10-04T21:49:08.038+0300: 863.251: [GC (Allocation Failure) [PSYoungGen: 263434K->5440K(265728K)] 321262K->63275K(812032K), 0.0012447 secs] [Times: user=0.00 sys=0.00, real=0.00 secs] 
2024-10-04T21:49:08.038+0300: 863.253: Total time for which application threads were stopped: 0.0016055 seconds, Stopping threads took: 0.0001718 seconds
2024-10-04T21:49:08.415+0300: 863.627: Application time: 0.3743739 seconds
2024-10-04T21:49:08.415+0300: 863.627: [GC (Allocation Failure) [PSYoungGen: 263068K->2352K(265728K)] 320904K->60203K(812032K), 0.0008429 secs] [Times: user=0.00 sys=0.00, real=0.00 secs] 
2024-10-04T21:49:08.415+0300: 863.628: Total time for which application threads were stopped: 0.0011894 seconds, Stopping threads took: 0.0001981 seconds
2024-10-04T21:49:08.776+0300: 863.989: Application time: 0.3603872 seconds
2024-10-04T21:49:08.776+0300: 863.989: [GC (Allocation Failure) [PSYoungGen: 260197K->5440K(265728K)] 318049K->63339K(812032K), 0.0013188 secs] [Times: user=0.00 sys=0.00, real=0.00 secs] 
2024-10-04T21:49:08.776+0300: 863.990: Total time for which application threads were stopped: 0.0016979 seconds, Stopping threads took: 0.0002399 seconds
2024-10-04T21:49:09.155+0300: 864.362: Application time: 0.3720397 seconds
2024-10-04T21:49:09.155+0300: 864.363: [GC (Allocation Failure) [PSYoungGen: 264000K->4384K(265728K)] 321899K->62291K(812032K), 0.0012104 secs] [Times: user=0.00 sys=0.00, real=0.00 secs] 
2024-10-04T21:49:09.155+0300: 864.364: Total time for which application threads were stopped: 0.0015333 seconds, Stopping threads took: 0.0001629 seconds
2024-10-04T21:49:09.529+0300: 864.730: Application time: 0.3659842 seconds
2024-10-04T21:49:09.529+0300: 864.730: [GC (Allocation Failure) [PSYoungGen: 262067K->4448K(265728K)] 319975K->62395K(812032K), 0.0010941 secs] [Times: user=0.00 sys=0.00, real=0.00 secs] 
2024-10-04T21:49:09.529+0300: 864.731: Total time for which application threads were stopped: 0.0014546 seconds, Stopping threads took: 0.0002059 seconds
2024-10-04T21:49:09.890+0300: 865.094: Application time: 0.3624459 seconds
2024-10-04T21:49:09.890+0300: 865.094: [GC (Allocation Failure) [PSYoungGen: 262453K->5440K(265216K)] 320401K->63395K(811520K), 0.0012408 secs] [Times: user=0.00 sys=0.00, real=0.00 secs] 
2024-10-04T21:49:09.890+0300: 865.095: Total time for which application threads were stopped: 0.0015304 seconds, Stopping threads took: 0.0001629 seconds
2024-10-04T21:49:10.267+0300: 865.471: Application time: 0.3760025 seconds
2024-10-04T21:49:10.267+0300: 865.472: [GC (Allocation Failure) [PSYoungGen: 263098K->3424K(265728K)] 321054K->61395K(812032K), 0.0010191 secs] [Times: user=0.00 sys=0.00, real=0.00 secs] 
2024-10-04T21:49:10.267+0300: 865.473: Total time for which application threads were stopped: 0.0013595 seconds, Stopping threads took: 0.0001642 seconds
2024-10-04T21:49:10.628+0300: 865.835: Application time: 0.3621009 seconds
2024-10-04T21:49:10.628+0300: 865.835: [GC (Allocation Failure) [PSYoungGen: 261240K->5456K(265728K)] 319212K->63443K(812032K), 0.0012615 secs] [Times: user=0.00 sys=0.00, real=0.00 secs] 
2024-10-04T21:49:10.628+0300: 865.837: Total time for which application threads were stopped: 0.0016649 seconds, Stopping threads took: 0.0001797 seconds
2024-10-04T21:49:10.989+0300: 866.202: Application time: 0.3651183 seconds
2024-10-04T21:49:10.989+0300: 866.202: [GC (Allocation Failure) [PSYoungGen: 263274K->4480K(265728K)] 321262K->62475K(812032K), 0.0010399 secs] [Times: user=0.00 sys=0.00, real=0.00 secs] 
2024-10-04T21:49:10.989+0300: 866.203: Total time for which application threads were stopped: 0.0013478 seconds, Stopping threads took: 0.0001672 seconds
2024-10-04T21:49:11.366+0300: 866.576: Application time: 0.3728010 seconds
2024-10-04T21:49:11.366+0300: 866.576: [GC (Allocation Failure) [PSYoungGen: 262281K->4416K(266240K)] 320277K->62419K(812544K), 0.0011220 secs] [Times: user=0.00 sys=0.00, real=0.00 secs] 
2024-10-04T21:49:11.366+0300: 866.577: Total time for which application threads were stopped: 0.0014058 seconds, Stopping threads took: 0.0001549 seconds
2024-10-04T21:49:11.727+0300: 866.943: Application time: 0.3653400 seconds
2024-10-04T21:49:11.727+0300: 866.943: [GC (Allocation Failure) [PSYoungGen: 263096K->4416K(265728K)] 321100K->62427K(812032K), 0.0011427 secs] [Times: user=0.00 sys=0.00, real=0.02 secs] 
2024-10-04T21:49:11.742+0300: 866.944: Total time for which application threads were stopped: 0.0014667 seconds, Stopping threads took: 0.0001794 seconds
2024-10-04T21:49:12.104+0300: 867.310: Application time: 0.3655825 seconds
2024-10-04T21:49:12.104+0300: 867.310: [GC (Allocation Failure) [PSYoungGen: 263488K->4448K(266752K)] 321499K->62467K(813056K), 0.0010441 secs] [Times: user=0.00 sys=0.00, real=0.00 secs] 
2024-10-04T21:49:12.104+0300: 867.311: Total time for which application threads were stopped: 0.0013797 seconds, Stopping threads took: 0.0002144 seconds
2024-10-04T21:49:12.480+0300: 867.691: Application time: 0.3795718 seconds
2024-10-04T21:49:12.480+0300: 867.691: [GC (Allocation Failure) [PSYoungGen: 264544K->3360K(266240K)] 322563K->61419K(812544K), 0.0009457 secs] [Times: user=0.00 sys=0.00, real=0.00 secs] 
2024-10-04T21:49:12.480+0300: 867.692: Total time for which application threads were stopped: 0.0012597 seconds, Stopping threads took: 0.0001972 seconds
2024-10-04T21:49:12.857+0300: 868.058: Application time: 0.3665805 seconds
2024-10-04T21:49:12.857+0300: 868.059: [GC (Allocation Failure) [PSYoungGen: 263426K->4384K(266752K)] 321486K->62483K(813056K), 0.0010349 secs] [Times: user=0.00 sys=0.00, real=0.00 secs] 
2024-10-04T21:49:12.857+0300: 868.060: Total time for which application threads were stopped: 0.0013268 seconds, Stopping threads took: 0.0001629 seconds
2024-10-04T21:49:13.233+0300: 868.437: Application time: 0.3772271 seconds
2024-10-04T21:49:13.233+0300: 868.437: [GC (Allocation Failure) [PSYoungGen: 264266K->2336K(266240K)] 322366K->60459K(812544K), 0.0009018 secs] [Times: user=0.02 sys=0.00, real=0.00 secs] 
2024-10-04T21:49:13.233+0300: 868.438: Total time for which application threads were stopped: 0.0012167 seconds, Stopping threads took: 0.0001239 seconds
2024-10-04T21:49:13.594+0300: 868.804: Application time: 0.3658502 seconds
2024-10-04T21:49:13.594+0300: 868.804: [GC (Allocation Failure) [PSYoungGen: 262368K->5376K(266240K)] 320492K->63539K(812544K), 0.0013111 secs] [Times: user=0.00 sys=0.00, real=0.00 secs] 
2024-10-04T21:49:13.594+0300: 868.806: Total time for which application threads were stopped: 0.0016103 seconds, Stopping threads took: 0.0001535 seconds
2024-10-04T21:49:13.964+0300: 869.170: Application time: 0.3643302 seconds
2024-10-04T21:49:13.964+0300: 869.170: [GC (Allocation Failure) [PSYoungGen: 264336K->5456K(266240K)] 322500K->63627K(812544K), 0.0012187 secs] [Times: user=0.00 sys=0.00, real=0.00 secs] 
2024-10-04T21:49:13.964+0300: 869.172: Total time for which application threads were stopped: 0.0015260 seconds, Stopping threads took: 0.0001600 seconds
2024-10-04T21:49:14.332+0300: 869.545: Application time: 0.3738726 seconds
2024-10-04T21:49:14.332+0300: 869.546: [GC (Allocation Failure) [PSYoungGen: 265040K->4464K(266240K)] 323211K->62643K(812544K), 0.0011065 secs] [Times: user=0.00 sys=0.00, real=0.00 secs] 
2024-10-04T21:49:14.332+0300: 869.547: Total time for which application threads were stopped: 0.0014412 seconds, Stopping threads took: 0.0001835 seconds
2024-10-04T21:49:14.708+0300: 869.911: Application time: 0.3646494 seconds
2024-10-04T21:49:14.708+0300: 869.912: [GC (Allocation Failure) [PSYoungGen: 263414K->4464K(266240K)] 321594K->62651K(812544K), 0.0010248 secs] [Times: user=0.00 sys=0.00, real=0.00 secs] 
2024-10-04T21:49:14.708+0300: 869.913: Total time for which application threads were stopped: 0.0013491 seconds, Stopping threads took: 0.0001814 seconds
2024-10-04T21:49:15.070+0300: 870.280: Application time: 0.3675372 seconds
2024-10-04T21:49:15.070+0300: 870.281: [GC (Allocation Failure) [PSYoungGen: 263208K->4448K(266752K)] 321396K->62643K(813056K), 0.0010747 secs] [Times: user=0.00 sys=0.00, real=0.00 secs] 
2024-10-04T21:49:15.070+0300: 870.282: Total time for which application threads were stopped: 0.0014038 seconds, Stopping threads took: 0.0002016 seconds
2024-10-04T21:49:15.446+0300: 870.656: Application time: 0.3741979 seconds
2024-10-04T21:49:15.446+0300: 870.656: [GC (Allocation Failure) [PSYoungGen: 264475K->5360K(266240K)] 322671K->63628K(812544K), 0.0012575 secs] [Times: user=0.00 sys=0.00, real=0.00 secs] 
2024-10-04T21:49:15.446+0300: 870.658: Total time for which application threads were stopped: 0.0016283 seconds, Stopping threads took: 0.0002145 seconds
2024-10-04T21:49:15.823+0300: 871.025: Application time: 0.3677034 seconds
2024-10-04T21:49:15.823+0300: 871.026: [GC (Allocation Failure) [PSYoungGen: 265218K->4448K(266752K)] 323486K->62724K(813056K), 0.0009671 secs] [Times: user=0.00 sys=0.00, real=0.00 secs] 
2024-10-04T21:49:15.823+0300: 871.027: Total time for which application threads were stopped: 0.0012277 seconds, Stopping threads took: 0.0001378 seconds
2024-10-04T21:49:16.184+0300: 871.399: Application time: 0.3721843 seconds
2024-10-04T21:49:16.184+0300: 871.399: [GC (Allocation Failure) [PSYoungGen: 264346K->5424K(266240K)] 322622K->63724K(812544K), 0.0013803 secs] [Times: user=0.02 sys=0.00, real=0.01 secs] 
2024-10-04T21:49:16.199+0300: 871.400: Total time for which application threads were stopped: 0.0017134 seconds, Stopping threads took: 0.0001795 seconds
2024-10-04T21:49:16.560+0300: 871.770: Application time: 0.3690615 seconds
2024-10-04T21:49:16.560+0300: 871.770: [GC (Allocation Failure) [PSYoungGen: 265452K->5440K(266240K)] 323752K->63764K(812544K), 0.0013432 secs] [Times: user=0.01 sys=0.00, real=0.01 secs] 
2024-10-04T21:49:16.570+0300: 871.771: Total time for which application threads were stopped: 0.0016468 seconds, Stopping threads took: 0.0001635 seconds
2024-10-04T21:49:16.937+0300: 872.138: Application time: 0.3667648 seconds
2024-10-04T21:49:16.937+0300: 872.138: [GC (Allocation Failure) [PSYoungGen: 265015K->3424K(266240K)] 323339K->61756K(812544K), 0.0009086 secs] [Times: user=0.00 sys=0.00, real=0.00 secs] 
2024-10-04T21:49:16.937+0300: 872.139: Total time for which application threads were stopped: 0.0011949 seconds, Stopping threads took: 0.0001627 seconds
2024-10-04T21:49:17.298+0300: 872.513: Application time: 0.3742531 seconds
2024-10-04T21:49:17.298+0300: 872.514: [GC (Allocation Failure) [PSYoungGen: 262369K->4416K(266240K)] 320701K->62756K(812544K), 0.0012370 secs] [Times: user=0.01 sys=0.00, real=0.01 secs] 
2024-10-04T21:49:17.313+0300: 872.515: Total time for which application threads were stopped: 0.0016138 seconds, Stopping threads took: 0.0002353 seconds
2024-10-04T21:49:17.674+0300: 872.880: Application time: 0.3652400 seconds
2024-10-04T21:49:17.674+0300: 872.880: [GC (Allocation Failure) [PSYoungGen: 263476K->4416K(266240K)] 321816K->62796K(812544K), 0.0010800 secs] [Times: user=0.00 sys=0.00, real=0.00 secs] 
2024-10-04T21:49:17.674+0300: 872.882: Total time for which application threads were stopped: 0.0013514 seconds, Stopping threads took: 0.0001521 seconds
2024-10-04T21:49:18.035+0300: 873.248: Application time: 0.3659118 seconds
2024-10-04T21:49:18.035+0300: 873.248: [GC (Allocation Failure) [PSYoungGen: 263159K->4480K(266752K)] 321539K->62868K(813056K), 0.0010939 secs] [Times: user=0.00 sys=0.00, real=0.00 secs] 
2024-10-04T21:49:18.035+0300: 873.249: Total time for which application threads were stopped: 0.0014176 seconds, Stopping threads took: 0.0001932 seconds
2024-10-04T21:49:18.412+0300: 873.621: Application time: 0.3718935 seconds
2024-10-04T21:49:18.412+0300: 873.621: [GC (Allocation Failure) [PSYoungGen: 265088K->4448K(266752K)] 323476K->62844K(813056K), 0.0011345 secs] [Times: user=0.00 sys=0.00, real=0.00 secs] 
2024-10-04T21:49:18.412+0300: 873.622: Total time for which application threads were stopped: 0.0014960 seconds, Stopping threads took: 0.0001687 seconds
2024-10-04T21:49:18.789+0300: 873.994: Application time: 0.3719296 seconds
2024-10-04T21:49:18.789+0300: 873.994: [GC (Allocation Failure) [PSYoungGen: 265056K->2336K(266752K)] 323452K->60780K(813056K), 0.0007995 secs] [Times: user=0.00 sys=0.00, real=0.00 secs] 
2024-10-04T21:49:18.789+0300: 873.995: Total time for which application threads were stopped: 0.0010792 seconds, Stopping threads took: 0.0001665 seconds
2024-10-04T21:49:19.165+0300: 874.366: Application time: 0.3707243 seconds
2024-10-04T21:49:19.165+0300: 874.366: [GC (Allocation Failure) [PSYoungGen: 262447K->3360K(266752K)] 320891K->61844K(813056K), 0.0011091 secs] [Times: user=0.00 sys=0.00, real=0.00 secs] 
2024-10-04T21:49:19.165+0300: 874.368: Total time for which application threads were stopped: 0.0014569 seconds, Stopping threads took: 0.0001822 seconds
2024-10-04T21:49:19.526+0300: 874.738: Application time: 0.3704052 seconds
2024-10-04T21:49:19.526+0300: 874.738: [GC (Allocation Failure) [PSYoungGen: 263422K->2384K(265728K)] 321906K->60916K(812032K), 0.0008036 secs] [Times: user=0.00 sys=0.00, real=0.00 secs] 
2024-10-04T21:49:19.526+0300: 874.739: Total time for which application threads were stopped: 0.0010812 seconds, Stopping threads took: 0.0001609 seconds
2024-10-04T21:49:19.903+0300: 875.105: Application time: 0.3656820 seconds
2024-10-04T21:49:19.903+0300: 875.105: [GC (Allocation Failure) [PSYoungGen: 261968K->2400K(266240K)] 320500K->60948K(812544K), 0.0008303 secs] [Times: user=0.00 sys=0.00, real=0.00 secs] 
2024-10-04T21:49:19.903+0300: 875.106: Total time for which application threads were stopped: 0.0011070 seconds, Stopping threads took: 0.0001651 seconds
2024-10-04T21:49:20.278+0300: 875.479: Application time: 0.3733376 seconds
2024-10-04T21:49:20.278+0300: 875.479: [GC (Allocation Failure) [PSYoungGen: 261743K->3408K(266752K)] 320291K->61972K(813056K), 0.0009948 secs] [Times: user=0.00 sys=0.00, real=0.00 secs] 
2024-10-04T21:49:20.280+0300: 875.481: Total time for which application threads were stopped: 0.0013764 seconds, Stopping threads took: 0.0002067 seconds
2024-10-04T21:49:20.640+0300: 875.850: Application time: 0.3695176 seconds
2024-10-04T21:49:20.640+0300: 875.850: [GC (Allocation Failure) [PSYoungGen: 263504K->3424K(266240K)] 322068K->61996K(812544K), 0.0011323 secs] [Times: user=0.00 sys=0.00, real=0.00 secs] 
2024-10-04T21:49:20.640+0300: 875.851: Total time for which application threads were stopped: 0.0014377 seconds, Stopping threads took: 0.0001620 seconds
2024-10-04T21:49:21.001+0300: 876.214: Application time: 0.3623958 seconds
2024-10-04T21:49:21.001+0300: 876.214: [GC (Allocation Failure) [PSYoungGen: 263496K->5408K(265728K)] 322068K->63996K(812032K), 0.0014349 secs] [Times: user=0.00 sys=0.00, real=0.00 secs] 
2024-10-04T21:49:21.001+0300: 876.216: Total time for which application threads were stopped: 0.0018104 seconds, Stopping threads took: 0.0002347 seconds
2024-10-04T21:49:21.394+0300: 876.595: Application time: 0.3791552 seconds
2024-10-04T21:49:21.394+0300: 876.595: [GC (Allocation Failure) [PSYoungGen: 264992K->3440K(266240K)] 323580K->62036K(812544K), 0.0009169 secs] [Times: user=0.00 sys=0.00, real=0.00 secs] 
2024-10-04T21:49:21.394+0300: 876.596: Total time for which application threads were stopped: 0.0012393 seconds, Stopping threads took: 0.0001353 seconds
2024-10-04T21:49:21.754+0300: 876.960: Application time: 0.3635745 seconds
2024-10-04T21:49:21.754+0300: 876.960: [GC (Allocation Failure) [PSYoungGen: 262553K->5440K(266240K)] 321149K->64044K(812544K), 0.0012107 secs] [Times: user=0.00 sys=0.00, real=0.00 secs] 
2024-10-04T21:49:21.754+0300: 876.961: Total time for which application threads were stopped: 0.0015013 seconds, Stopping threads took: 0.0001474 seconds
2024-10-04T21:49:22.115+0300: 877.331: Application time: 0.3693834 seconds
2024-10-04T21:49:22.115+0300: 877.331: [GC (Allocation Failure) [PSYoungGen: 264356K->4416K(266240K)] 322960K->63096K(812544K), 0.0012057 secs] [Times: user=0.00 sys=0.00, real=0.02 secs] 
2024-10-04T21:49:22.131+0300: 877.332: Total time for which application threads were stopped: 0.0015207 seconds, Stopping threads took: 0.0001762 seconds
2024-10-04T21:49:22.492+0300: 877.702: Application time: 0.3695345 seconds
2024-10-04T21:49:22.492+0300: 877.702: [GC (Allocation Failure) [PSYoungGen: 263262K->5440K(265216K)] 321943K->64144K(811520K), 0.0012091 secs] [Times: user=0.00 sys=0.00, real=0.00 secs] 
2024-10-04T21:49:22.492+0300: 877.703: Total time for which application threads were stopped: 0.0015544 seconds, Stopping threads took: 0.0001860 seconds
2024-10-04T21:49:22.853+0300: 878.068: Application time: 0.3649882 seconds
2024-10-04T21:49:22.853+0300: 878.069: [GC (Allocation Failure) [PSYoungGen: 263248K->4448K(265728K)] 321952K->63160K(812032K), 0.0011593 secs] [Times: user=0.00 sys=0.00, real=0.02 secs] 
2024-10-04T21:49:22.869+0300: 878.070: Total time for which application threads were stopped: 0.0016072 seconds, Stopping threads took: 0.0002985 seconds
2024-10-04T21:49:23.230+0300: 878.441: Application time: 0.3711837 seconds
2024-10-04T21:49:23.230+0300: 878.441: [GC (Allocation Failure) [PSYoungGen: 262982K->3376K(266240K)] 321694K->62096K(812544K), 0.0009811 secs] [Times: user=0.00 sys=0.00, real=0.00 secs] 
2024-10-04T21:49:23.230+0300: 878.442: Total time for which application threads were stopped: 0.0014327 seconds, Stopping threads took: 0.0002730 seconds
2024-10-04T21:49:23.607+0300: 878.810: Application time: 0.3680157 seconds
2024-10-04T21:49:23.607+0300: 878.811: [GC (Allocation Failure) [PSYoungGen: 262486K->4448K(266240K)] 321206K->63176K(812544K), 0.0010297 secs] [Times: user=0.00 sys=0.00, real=0.00 secs] 
2024-10-04T21:49:23.607+0300: 878.812: Total time for which application threads were stopped: 0.0013076 seconds, Stopping threads took: 0.0001275 seconds
2024-10-04T21:49:23.967+0300: 879.177: Application time: 0.3655868 seconds
2024-10-04T21:49:23.967+0300: 879.178: [GC (Allocation Failure) [PSYoungGen: 263228K->3360K(266240K)] 321956K->62128K(812544K), 0.0010775 secs] [Times: user=0.00 sys=0.00, real=0.00 secs] 
2024-10-04T21:49:23.967+0300: 879.179: Total time for which application threads were stopped: 0.0013816 seconds, Stopping threads took: 0.0001556 seconds
2024-10-04T21:49:24.344+0300: 879.551: Application time: 0.3724433 seconds
2024-10-04T21:49:24.344+0300: 879.551: [GC (Allocation Failure) [PSYoungGen: 262298K->4464K(266240K)] 321066K->63240K(812544K), 0.0010409 secs] [Times: user=0.00 sys=0.00, real=0.00 secs] 
2024-10-04T21:49:24.344+0300: 879.552: Total time for which application threads were stopped: 0.0012960 seconds, Stopping threads took: 0.0001338 seconds
2024-10-04T21:49:24.721+0300: 879.922: Application time: 0.3693581 seconds
2024-10-04T21:49:24.721+0300: 879.922: [GC (Allocation Failure) [PSYoungGen: 264048K->4432K(266752K)] 322824K->63224K(813056K), 0.0011224 secs] [Times: user=0.00 sys=0.00, real=0.00 secs] 
2024-10-04T21:49:24.721+0300: 879.923: Total time for which application threads were stopped: 0.0014105 seconds, Stopping threads took: 0.0001539 seconds
2024-10-04T21:49:25.088+0300: 880.291: Application time: 0.3674369 seconds
2024-10-04T21:49:25.088+0300: 880.291: [GC (Allocation Failure) [PSYoungGen: 264347K->4432K(266240K)] 323139K->63264K(812544K), 0.0012420 secs] [Times: user=0.00 sys=0.00, real=0.00 secs] 
2024-10-04T21:49:25.088+0300: 880.292: Total time for which application threads were stopped: 0.0015910 seconds, Stopping threads took: 0.0001736 seconds
2024-10-04T21:49:25.458+0300: 880.667: Application time: 0.3743791 seconds
2024-10-04T21:49:25.458+0300: 880.667: [GC (Allocation Failure) [PSYoungGen: 263656K->5344K(265728K)] 322489K->64256K(812032K), 0.0012452 secs] [Times: user=0.00 sys=0.00, real=0.00 secs] 
2024-10-04T21:49:25.458+0300: 880.668: Total time for which application threads were stopped: 0.0015298 seconds, Stopping threads took: 0.0001428 seconds
2024-10-04T21:49:25.835+0300: 881.036: Application time: 0.3678945 seconds
2024-10-04T21:49:25.835+0300: 881.036: [GC (Allocation Failure) [PSYoungGen: 264160K->4480K(266240K)] 323072K->63400K(812544K), 0.0010583 secs] [Times: user=0.00 sys=0.00, real=0.00 secs] 
2024-10-04T21:49:25.835+0300: 881.037: Total time for which application threads were stopped: 0.0014246 seconds, Stopping threads took: 0.0002166 seconds
2024-10-04T21:49:26.196+0300: 881.408: Application time: 0.3702620 seconds
2024-10-04T21:49:26.196+0300: 881.408: [GC (Allocation Failure) [PSYoungGen: 263465K->4448K(266752K)] 322385K->63376K(813056K), 0.0011252 secs] [Times: user=0.00 sys=0.00, real=0.00 secs] 
2024-10-04T21:49:26.196+0300: 881.409: Total time for which application threads were stopped: 0.0014911 seconds, Stopping threads took: 0.0001806 seconds
2024-10-04T21:49:26.573+0300: 881.784: Application time: 0.3750594 seconds
2024-10-04T21:49:26.573+0300: 881.785: [GC (Allocation Failure) [PSYoungGen: 265056K->2416K(266752K)] 323984K->61360K(813056K), 0.0009607 secs] [Times: user=0.00 sys=0.00, real=0.00 secs] 
2024-10-04T21:49:26.573+0300: 881.786: Total time for which application threads were stopped: 0.0012650 seconds, Stopping threads took: 0.0001834 seconds
2024-10-04T21:49:26.934+0300: 882.147: Application time: 0.3616472 seconds
2024-10-04T21:49:26.934+0300: 882.147: [GC (Allocation Failure) [PSYoungGen: 262429K->5456K(265728K)] 321374K->64408K(812032K), 0.0012189 secs] [Times: user=0.00 sys=0.00, real=0.00 secs] 
2024-10-04T21:49:26.934+0300: 882.149: Total time for which application threads were stopped: 0.0015281 seconds, Stopping threads took: 0.0001821 seconds
2024-10-04T21:49:27.310+0300: 882.524: Application time: 0.3751067 seconds
2024-10-04T21:49:27.310+0300: 882.524: [GC (Allocation Failure) [PSYoungGen: 264776K->5456K(266240K)] 323728K->64416K(812544K), 0.0012320 secs] [Times: user=0.00 sys=0.00, real=0.00 secs] 
2024-10-04T21:49:27.310+0300: 882.525: Total time for which application threads were stopped: 0.0015535 seconds, Stopping threads took: 0.0001945 seconds
2024-10-04T21:49:27.694+0300: 882.895: Application time: 0.3692359 seconds
2024-10-04T21:49:27.694+0300: 882.895: [GC (Allocation Failure) [PSYoungGen: 264939K->4384K(266240K)] 323899K->63352K(812544K), 0.0011241 secs] [Times: user=0.00 sys=0.00, real=0.00 secs] 
2024-10-04T21:49:27.694+0300: 882.896: Total time for which application threads were stopped: 0.0014498 seconds, Stopping threads took: 0.0001893 seconds
2024-10-04T21:49:28.048+0300: 883.261: Application time: 0.3644148 seconds
2024-10-04T21:49:28.048+0300: 883.261: [GC (Allocation Failure) [PSYoungGen: 263606K->5456K(266240K)] 322574K->64432K(812544K), 0.0012989 secs] [Times: user=0.00 sys=0.00, real=0.00 secs] 
2024-10-04T21:49:28.048+0300: 883.262: Total time for which application threads were stopped: 0.0016145 seconds, Stopping threads took: 0.0001818 seconds
2024-10-04T21:49:28.425+0300: 883.636: Application time: 0.3735028 seconds
2024-10-04T21:49:28.425+0300: 883.636: [GC (Allocation Failure) [PSYoungGen: 264050K->3456K(266240K)] 323026K->62440K(812544K), 0.0010008 secs] [Times: user=0.00 sys=0.00, real=0.00 secs] 
2024-10-04T21:49:28.425+0300: 883.637: Total time for which application threads were stopped: 0.0013758 seconds, Stopping threads took: 0.0001717 seconds
2024-10-04T21:49:28.801+0300: 884.002: Application time: 0.3650970 seconds
2024-10-04T21:49:28.801+0300: 884.002: [GC (Allocation Failure) [PSYoungGen: 263040K->4416K(266240K)] 322024K->63440K(812544K), 0.0010810 secs] [Times: user=0.00 sys=0.00, real=0.00 secs] 
2024-10-04T21:49:28.801+0300: 884.004: Total time for which application threads were stopped: 0.0014273 seconds, Stopping threads took: 0.0001974 seconds
2024-10-04T21:49:29.162+0300: 884.372: Application time: 0.3680379 seconds
2024-10-04T21:49:29.162+0300: 884.372: [GC (Allocation Failure) [PSYoungGen: 263322K->5376K(266240K)] 322346K->64408K(812544K), 0.0013327 secs] [Times: user=0.00 sys=0.00, real=0.00 secs] 
2024-10-04T21:49:29.162+0300: 884.373: Total time for which application threads were stopped: 0.0016247 seconds, Stopping threads took: 0.0001468 seconds
2024-10-04T21:49:29.539+0300: 884.744: Application time: 0.3710173 seconds
2024-10-04T21:49:29.539+0300: 884.744: [GC (Allocation Failure) [PSYoungGen: 264012K->4416K(266240K)] 323044K->63488K(812544K), 0.0010440 secs] [Times: user=0.00 sys=0.00, real=0.00 secs] 
2024-10-04T21:49:29.539+0300: 884.746: Total time for which application threads were stopped: 0.0013601 seconds, Stopping threads took: 0.0001749 seconds
2024-10-04T21:49:29.900+0300: 885.110: Application time: 0.3643471 seconds
2024-10-04T21:49:29.900+0300: 885.110: [GC (Allocation Failure) [PSYoungGen: 263381K->3424K(266240K)] 322453K->62504K(812544K), 0.0009014 secs] [Times: user=0.00 sys=0.00, real=0.00 secs] 
2024-10-04T21:49:29.900+0300: 885.111: Total time for which application threads were stopped: 0.0012054 seconds, Stopping threads took: 0.0001760 seconds
2024-10-04T21:49:30.277+0300: 885.484: Application time: 0.3729652 seconds
2024-10-04T21:49:30.277+0300: 885.484: [GC (Allocation Failure) [PSYoungGen: 263008K->4416K(266240K)] 322088K->63536K(812544K), 0.0010677 secs] [Times: user=0.00 sys=0.00, real=0.00 secs] 
2024-10-04T21:49:30.277+0300: 885.486: Total time for which application threads were stopped: 0.0014700 seconds, Stopping threads took: 0.0002210 seconds
2024-10-04T21:49:30.638+0300: 885.851: Application time: 0.3656391 seconds
2024-10-04T21:49:30.638+0300: 885.851: [GC (Allocation Failure) [PSYoungGen: 263383K->5440K(266240K)] 322503K->64584K(812544K), 0.0013401 secs] [Times: user=0.00 sys=0.00, real=0.00 secs] 
2024-10-04T21:49:30.638+0300: 885.853: Total time for which application threads were stopped: 0.0016679 seconds, Stopping threads took: 0.0001869 seconds
2024-10-04T21:49:31.015+0300: 886.219: Application time: 0.3664315 seconds
2024-10-04T21:49:31.015+0300: 886.220: [GC (Allocation Failure) [PSYoungGen: 264171K->3376K(266240K)] 323315K->62568K(812544K), 0.0008761 secs] [Times: user=0.00 sys=0.00, real=0.00 secs] 
2024-10-04T21:49:31.015+0300: 886.220: Total time for which application threads were stopped: 0.0011418 seconds, Stopping threads took: 0.0001351 seconds
2024-10-04T21:49:31.391+0300: 886.593: Application time: 0.3724767 seconds
2024-10-04T21:49:31.391+0300: 886.593: [GC (Allocation Failure) [PSYoungGen: 262487K->4448K(266240K)] 321679K->63648K(812544K), 0.0009341 secs] [Times: user=0.00 sys=0.00, real=0.00 secs] 
2024-10-04T21:49:31.391+0300: 886.594: Total time for which application threads were stopped: 0.0012256 seconds, Stopping threads took: 0.0001727 seconds
2024-10-04T21:49:31.753+0300: 886.962: Application time: 0.3678456 seconds
2024-10-04T21:49:31.753+0300: 886.962: [GC (Allocation Failure) [PSYoungGen: 263916K->5376K(266240K)] 323117K->64660K(812544K), 0.0012627 secs] [Times: user=0.00 sys=0.00, real=0.00 secs] 
2024-10-04T21:49:31.753+0300: 886.964: Total time for which application threads were stopped: 0.0015675 seconds, Stopping threads took: 0.0001495 seconds
2024-10-04T21:49:32.114+0300: 887.329: Application time: 0.3656045 seconds
2024-10-04T21:49:32.114+0300: 887.329: [GC (Allocation Failure) [PSYoungGen: 264560K->5440K(266240K)] 323845K->64740K(812544K), 0.0012392 secs] [Times: user=0.00 sys=0.00, real=0.02 secs] 
2024-10-04T21:49:32.130+0300: 887.331: Total time for which application threads were stopped: 0.0015681 seconds, Stopping threads took: 0.0001913 seconds
2024-10-04T21:49:32.504+0300: 887.707: Application time: 0.3758084 seconds
2024-10-04T21:49:32.504+0300: 887.707: [GC (Allocation Failure) [PSYoungGen: 265024K->3440K(266240K)] 324324K->62748K(812544K), 0.0010900 secs] [Times: user=0.02 sys=0.00, real=0.00 secs] 
2024-10-04T21:49:32.506+0300: 887.708: Total time for which application threads were stopped: 0.0013992 seconds, Stopping threads took: 0.0001288 seconds
2024-10-04T21:49:32.867+0300: 888.083: Application time: 0.3754805 seconds
2024-10-04T21:49:32.883+0300: 888.084: [GC (Allocation Failure) [PSYoungGen: 262427K->5440K(265216K)] 321736K->64764K(811520K), 0.0014637 secs] [Times: user=0.00 sys=0.00, real=0.00 secs] 
2024-10-04T21:49:32.883+0300: 888.085: Total time for which application threads were stopped: 0.0018796 seconds, Stopping threads took: 0.0002200 seconds
2024-10-04T21:49:33.260+0300: 888.461: Application time: 0.3754122 seconds
2024-10-04T21:49:33.260+0300: 888.461: [GC (Allocation Failure) [PSYoungGen: 263246K->3440K(265728K)] 322571K->62772K(812032K), 0.0011562 secs] [Times: user=0.00 sys=0.00, real=0.00 secs] 
2024-10-04T21:49:33.260+0300: 888.462: Total time for which application threads were stopped: 0.0014522 seconds, Stopping threads took: 0.0001509 seconds
2024-10-04T21:49:33.636+0300: 888.842: Application time: 0.3796664 seconds
2024-10-04T21:49:33.636+0300: 888.842: [GC (Allocation Failure) [PSYoungGen: 261271K->3456K(266240K)] 320604K->62804K(812544K), 0.0009006 secs] [Times: user=0.00 sys=0.00, real=0.00 secs] 
2024-10-04T21:49:33.636+0300: 888.843: Total time for which application threads were stopped: 0.0011530 seconds, Stopping threads took: 0.0001248 seconds
2024-10-04T21:49:34.007+0300: 889.208: Application time: 0.3652365 seconds
2024-10-04T21:49:34.007+0300: 889.209: [GC (Allocation Failure) [PSYoungGen: 262147K->4448K(265728K)] 321495K->63804K(812032K), 0.0012253 secs] [Times: user=0.00 sys=0.00, real=0.00 secs] 
2024-10-04T21:49:34.007+0300: 889.210: Total time for which application threads were stopped: 0.0015349 seconds, Stopping threads took: 0.0001428 seconds
2024-10-04T21:49:34.374+0300: 889.588: Application time: 0.3782871 seconds
2024-10-04T21:49:34.374+0300: 889.588: [GC (Allocation Failure) [PSYoungGen: 262632K->5472K(266240K)] 321989K->64836K(812544K), 0.0013352 secs] [Times: user=0.02 sys=0.00, real=0.00 secs] 
2024-10-04T21:49:34.374+0300: 889.590: Total time for which application threads were stopped: 0.0016097 seconds, Stopping threads took: 0.0001182 seconds
2024-10-04T21:49:34.751+0300: 889.957: Application time: 0.3673439 seconds
2024-10-04T21:49:34.751+0300: 889.957: [GC (Allocation Failure) [PSYoungGen: 264074K->4448K(266240K)] 323439K->63820K(812544K), 0.0011928 secs] [Times: user=0.00 sys=0.00, real=0.00 secs] 
2024-10-04T21:49:34.751+0300: 889.959: Total time for which application threads were stopped: 0.0014859 seconds, Stopping threads took: 0.0001375 seconds
2024-10-04T21:49:35.112+0300: 890.326: Application time: 0.3678197 seconds
2024-10-04T21:49:35.112+0300: 890.327: [GC (Allocation Failure) [PSYoungGen: 263479K->4480K(266240K)] 322851K->63860K(812544K), 0.0011284 secs] [Times: user=0.00 sys=0.00, real=0.00 secs] 
2024-10-04T21:49:35.112+0300: 890.328: Total time for which application threads were stopped: 0.0014263 seconds, Stopping threads took: 0.0001573 seconds
2024-10-04T21:49:35.488+0300: 890.702: Application time: 0.3738727 seconds
2024-10-04T21:49:35.488+0300: 890.702: [GC (Allocation Failure) [PSYoungGen: 263412K->4384K(266240K)] 322793K->63796K(812544K), 0.0011946 secs] [Times: user=0.00 sys=0.00, real=0.00 secs] 
2024-10-04T21:49:35.488+0300: 890.703: Total time for which application threads were stopped: 0.0015247 seconds, Stopping threads took: 0.0001897 seconds
2024-10-04T21:49:35.865+0300: 891.075: Application time: 0.3719746 seconds
2024-10-04T21:49:35.865+0300: 891.075: [GC (Allocation Failure) [PSYoungGen: 263189K->4384K(266752K)] 322601K->63836K(813056K), 0.0013075 secs] [Times: user=0.00 sys=0.00, real=0.00 secs] 
2024-10-04T21:49:35.865+0300: 891.077: Total time for which application threads were stopped: 0.0017322 seconds, Stopping threads took: 0.0001911 seconds
2024-10-04T21:49:36.242+0300: 891.457: Application time: 0.3796578 seconds
2024-10-04T21:49:36.242+0300: 891.457: [GC (Allocation Failure) [PSYoungGen: 264503K->5440K(266752K)] 323955K->64916K(813056K), 0.0014527 secs] [Times: user=0.00 sys=0.00, real=0.01 secs] 
2024-10-04T21:49:36.257+0300: 891.458: Total time for which application threads were stopped: 0.0017522 seconds, Stopping threads took: 0.0001272 seconds
2024-10-04T21:49:36.619+0300: 891.831: Application time: 0.3724944 seconds
2024-10-04T21:49:36.619+0300: 891.831: [GC (Allocation Failure) [PSYoungGen: 265416K->4448K(266752K)] 324893K->63932K(813056K), 0.0010702 secs] [Times: user=0.01 sys=0.00, real=0.00 secs] 
2024-10-04T21:49:36.619+0300: 891.832: Total time for which application threads were stopped: 0.0013599 seconds, Stopping threads took: 0.0001099 seconds
2024-10-04T21:49:36.995+0300: 892.202: Application time: 0.3697425 seconds
2024-10-04T21:49:36.995+0300: 892.202: [GC (Allocation Failure) [PSYoungGen: 264355K->4448K(266752K)] 323840K->63940K(813056K), 0.0011470 secs] [Times: user=0.00 sys=0.00, real=0.00 secs] 
2024-10-04T21:49:36.995+0300: 892.203: Total time for which application threads were stopped: 0.0014575 seconds, Stopping threads took: 0.0001495 seconds
2024-10-04T21:49:37.371+0300: 892.583: Application time: 0.3795066 seconds
2024-10-04T21:49:37.371+0300: 892.583: [GC (Allocation Failure) [PSYoungGen: 265056K->4384K(266752K)] 324548K->63952K(813056K), 0.0011029 secs] [Times: user=0.00 sys=0.00, real=0.00 secs] 
2024-10-04T21:49:37.371+0300: 892.584: Total time for which application threads were stopped: 0.0014099 seconds, Stopping threads took: 0.0001666 seconds
2024-10-04T21:49:37.748+0300: 892.953: Application time: 0.3687097 seconds
2024-10-04T21:49:37.748+0300: 892.953: [GC (Allocation Failure) [PSYoungGen: 264385K->4432K(266752K)] 323953K->64040K(813056K), 0.0011491 secs] [Times: user=0.00 sys=0.00, real=0.00 secs] 
2024-10-04T21:49:37.748+0300: 892.954: Total time for which application threads were stopped: 0.0014206 seconds, Stopping threads took: 0.0001302 seconds
2024-10-04T21:49:38.116+0300: 893.323: Application time: 0.3688011 seconds
2024-10-04T21:49:38.116+0300: 893.324: [GC (Allocation Failure) [PSYoungGen: 264715K->5424K(266752K)] 324324K->65048K(813056K), 0.0014000 secs] [Times: user=0.00 sys=0.00, real=0.00 secs] 
2024-10-04T21:49:38.116+0300: 893.325: Total time for which application threads were stopped: 0.0017514 seconds, Stopping threads took: 0.0002132 seconds
2024-10-04T21:49:38.502+0300: 893.704: Application time: 0.3793119 seconds
2024-10-04T21:49:38.502+0300: 893.705: [GC (Allocation Failure) [PSYoungGen: 266032K->3456K(266752K)] 325656K->63088K(813056K), 0.0011966 secs] [Times: user=0.00 sys=0.00, real=0.00 secs] 
2024-10-04T21:49:38.502+0300: 893.706: Total time for which application threads were stopped: 0.0015514 seconds, Stopping threads took: 0.0001800 seconds
2024-10-04T21:49:38.863+0300: 894.072: Application time: 0.3657961 seconds
2024-10-04T21:49:38.863+0300: 894.072: [GC (Allocation Failure) [PSYoungGen: 263649K->5472K(265728K)] 323281K->65120K(812032K), 0.0011652 secs] [Times: user=0.00 sys=0.00, real=0.00 secs] 
2024-10-04T21:49:38.863+0300: 894.073: Total time for which application threads were stopped: 0.0014666 seconds, Stopping threads took: 0.0001740 seconds
2024-10-04T21:49:39.240+0300: 894.448: Application time: 0.3752735 seconds
2024-10-04T21:49:39.240+0300: 894.449: [GC (Allocation Failure) [PSYoungGen: 265056K->4480K(266240K)] 324704K->64136K(812544K), 0.0010859 secs] [Times: user=0.00 sys=0.00, real=0.00 secs] 
2024-10-04T21:49:39.240+0300: 894.450: Total time for which application threads were stopped: 0.0014698 seconds, Stopping threads took: 0.0002064 seconds
2024-10-04T21:49:39.600+0300: 894.816: Application time: 0.3657642 seconds
2024-10-04T21:49:39.600+0300: 894.816: [GC (Allocation Failure) [PSYoungGen: 263135K->5472K(265728K)] 322792K->65136K(812032K), 0.0014034 secs] [Times: user=0.02 sys=0.00, real=0.02 secs] 
2024-10-04T21:49:39.616+0300: 894.817: Total time for which application threads were stopped: 0.0017615 seconds, Stopping threads took: 0.0002079 seconds
2024-10-04T21:49:39.977+0300: 895.185: Application time: 0.3674648 seconds
2024-10-04T21:49:39.977+0300: 895.185: [GC (Allocation Failure) [PSYoungGen: 264597K->4400K(266240K)] 324261K->64096K(812544K), 0.0011449 secs] [Times: user=0.00 sys=0.00, real=0.00 secs] 
2024-10-04T21:49:39.977+0300: 895.186: Total time for which application threads were stopped: 0.0014877 seconds, Stopping threads took: 0.0002102 seconds
2024-10-04T21:49:40.354+0300: 895.562: Application time: 0.3752895 seconds
2024-10-04T21:49:40.354+0300: 895.562: [GC (Allocation Failure) [PSYoungGen: 263140K->4448K(266752K)] 322836K->64152K(813056K), 0.0010600 secs] [Times: user=0.00 sys=0.00, real=0.00 secs] 
2024-10-04T21:49:40.354+0300: 895.563: Total time for which application threads were stopped: 0.0013974 seconds, Stopping threads took: 0.0002076 seconds
2024-10-04T21:49:40.721+0300: 895.929: Application time: 0.3660671 seconds
2024-10-04T21:49:40.721+0300: 895.929: [GC (Allocation Failure) [PSYoungGen: 265056K->4432K(266752K)] 324760K->64144K(813056K), 0.0012024 secs] [Times: user=0.00 sys=0.00, real=0.00 secs] 
2024-10-04T21:49:40.721+0300: 895.931: Total time for which application threads were stopped: 0.0015377 seconds, Stopping threads took: 0.0002009 seconds
2024-10-04T21:49:41.092+0300: 896.301: Application time: 0.3702673 seconds
2024-10-04T21:49:41.092+0300: 896.301: [GC (Allocation Failure) [PSYoungGen: 264515K->3424K(266752K)] 324228K->63144K(813056K), 0.0010026 secs] [Times: user=0.00 sys=0.00, real=0.00 secs] 
2024-10-04T21:49:41.092+0300: 896.302: Total time for which application threads were stopped: 0.0013697 seconds, Stopping threads took: 0.0002493 seconds
2024-10-04T21:49:41.473+0300: 896.674: Application time: 0.3719659 seconds
2024-10-04T21:49:41.473+0300: 896.675: [GC (Allocation Failure) [PSYoungGen: 263289K->5456K(266240K)] 323010K->65184K(812544K), 0.0012936 secs] [Times: user=0.00 sys=0.00, real=0.00 secs] 
2024-10-04T21:49:41.475+0300: 896.676: Total time for which application threads were stopped: 0.0017279 seconds, Stopping threads took: 0.0002717 seconds
2024-10-04T21:49:41.830+0300: 897.045: Application time: 0.3692812 seconds
2024-10-04T21:49:41.830+0300: 897.046: [GC (Allocation Failure) [PSYoungGen: 265526K->5440K(266240K)] 325254K->65176K(812544K), 0.0012887 secs] [Times: user=0.02 sys=0.00, real=0.02 secs] 
2024-10-04T21:49:41.846+0300: 897.047: Total time for which application threads were stopped: 0.0015576 seconds, Stopping threads took: 0.0001101 seconds
2024-10-04T21:49:42.206+0300: 897.420: Application time: 0.3729019 seconds
2024-10-04T21:49:42.206+0300: 897.420: [GC (Allocation Failure) [PSYoungGen: 265024K->3408K(266240K)] 324760K->63160K(812544K), 0.0009103 secs] [Times: user=0.00 sys=0.00, real=0.00 secs] 
2024-10-04T21:49:42.206+0300: 897.421: Total time for which application threads were stopped: 0.0012081 seconds, Stopping threads took: 0.0001361 seconds
2024-10-04T21:49:42.583+0300: 897.788: Application time: 0.3667370 seconds
2024-10-04T21:49:42.583+0300: 897.788: [GC (Allocation Failure) [PSYoungGen: 262992K->3392K(266240K)] 322744K->63192K(812544K), 0.0009956 secs] [Times: user=0.00 sys=0.00, real=0.00 secs] 
2024-10-04T21:49:42.583+0300: 897.789: Total time for which application threads were stopped: 0.0013217 seconds, Stopping threads took: 0.0001600 seconds
2024-10-04T21:49:42.944+0300: 898.158: Application time: 0.3690992 seconds
2024-10-04T21:49:42.944+0300: 898.158: [GC (Allocation Failure) [PSYoungGen: 262323K->5376K(266240K)] 322123K->65256K(812544K), 0.0012489 secs] [Times: user=0.00 sys=0.00, real=0.00 secs] 
2024-10-04T21:49:42.944+0300: 898.160: Total time for which application threads were stopped: 0.0015629 seconds, Stopping threads took: 0.0001756 seconds
2024-10-04T21:49:43.327+0300: 898.533: Application time: 0.3733805 seconds
2024-10-04T21:49:43.327+0300: 898.533: [GC (Allocation Failure) [PSYoungGen: 264960K->4448K(266240K)] 324840K->64336K(812544K), 0.0010910 secs] [Times: user=0.00 sys=0.00, real=0.00 secs] 
2024-10-04T21:49:43.327+0300: 898.535: Total time for which application threads were stopped: 0.0013921 seconds, Stopping threads took: 0.0001697 seconds
2024-10-04T21:49:43.697+0300: 898.899: Application time: 0.3643521 seconds
2024-10-04T21:49:43.697+0300: 898.899: [GC (Allocation Failure) [PSYoungGen: 263528K->5328K(266240K)] 323417K->65328K(812544K), 0.0013403 secs] [Times: user=0.00 sys=0.00, real=0.00 secs] 
2024-10-04T21:49:43.697+0300: 898.900: Total time for which application threads were stopped: 0.0016126 seconds, Stopping threads took: 0.0001378 seconds
2024-10-04T21:49:44.059+0300: 899.270: Application time: 0.3692113 seconds
2024-10-04T21:49:44.059+0300: 899.270: [GC (Allocation Failure) [PSYoungGen: 263946K->5456K(266240K)] 323947K->65464K(812544K), 0.0011951 secs] [Times: user=0.00 sys=0.00, real=0.00 secs] 
2024-10-04T21:49:44.059+0300: 899.271: Total time for which application threads were stopped: 0.0014604 seconds, Stopping threads took: 0.0001444 seconds
2024-10-04T21:49:44.436+0300: 899.642: Application time: 0.3713055 seconds
2024-10-04T21:49:44.436+0300: 899.643: [GC (Allocation Failure) [PSYoungGen: 264648K->4448K(266240K)] 324656K->64464K(812544K), 0.0011924 secs] [Times: user=0.00 sys=0.00, real=0.00 secs] 
2024-10-04T21:49:44.436+0300: 899.644: Total time for which application threads were stopped: 0.0014944 seconds, Stopping threads took: 0.0001266 seconds
2024-10-04T21:49:44.796+0300: 900.011: Application time: 0.3670977 seconds
2024-10-04T21:49:44.796+0300: 900.011: [GC (Allocation Failure) [PSYoungGen: 263107K->2416K(266240K)] 323123K->62440K(812544K), 0.0009040 secs] [Times: user=0.00 sys=0.00, real=0.02 secs] 
2024-10-04T21:49:44.811+0300: 900.012: Total time for which application threads were stopped: 0.0011977 seconds, Stopping threads took: 0.0001663 seconds
2024-10-04T21:49:45.172+0300: 900.382: Application time: 0.3696921 seconds
2024-10-04T21:49:45.172+0300: 900.382: [GC (Allocation Failure) [PSYoungGen: 261362K->5408K(265216K)] 321387K->65440K(811520K), 0.0014311 secs] [Times: user=0.00 sys=0.00, real=0.00 secs] 
2024-10-04T21:49:45.172+0300: 900.384: Total time for which application threads were stopped: 0.0017403 seconds, Stopping threads took: 0.0001276 seconds
2024-10-04T21:49:45.549+0300: 900.751: Application time: 0.3674012 seconds
2024-10-04T21:49:45.549+0300: 900.751: [GC (Allocation Failure) [PSYoungGen: 264500K->5424K(265728K)] 324532K->65464K(812032K), 0.0013170 secs] [Times: user=0.00 sys=0.00, real=0.00 secs] 
2024-10-04T21:49:45.549+0300: 900.753: Total time for which application threads were stopped: 0.0016608 seconds, Stopping threads took: 0.0002100 seconds
2024-10-04T21:49:45.910+0300: 901.119: Application time: 0.3662169 seconds
2024-10-04T21:49:45.910+0300: 901.119: [GC (Allocation Failure) [PSYoungGen: 263984K->4464K(265728K)] 324024K->64512K(812032K), 0.0010939 secs] [Times: user=0.00 sys=0.00, real=0.00 secs] 
2024-10-04T21:49:45.910+0300: 901.120: Total time for which application threads were stopped: 0.0013640 seconds, Stopping threads took: 0.0001461 seconds
2024-10-04T21:49:46.287+0300: 901.494: Application time: 0.3732408 seconds
2024-10-04T21:49:46.287+0300: 901.494: [GC (Allocation Failure) [PSYoungGen: 262658K->4464K(266240K)] 322707K->64520K(812544K), 0.0010734 secs] [Times: user=0.00 sys=0.00, real=0.00 secs] 
2024-10-04T21:49:46.287+0300: 901.495: Total time for which application threads were stopped: 0.0013610 seconds, Stopping threads took: 0.0001561 seconds
2024-10-04T21:49:46.649+0300: 901.861: Application time: 0.3663456 seconds
2024-10-04T21:49:46.649+0300: 901.862: [GC (Allocation Failure) [PSYoungGen: 263536K->3424K(265728K)] 323592K->63496K(812032K), 0.0009584 secs] [Times: user=0.00 sys=0.00, real=0.00 secs] 
2024-10-04T21:49:46.649+0300: 901.863: Total time for which application threads were stopped: 0.0012665 seconds, Stopping threads took: 0.0001959 seconds
2024-10-04T21:49:47.025+0300: 902.229: Application time: 0.3662568 seconds
2024-10-04T21:49:47.025+0300: 902.229: [GC (Allocation Failure) [PSYoungGen: 261523K->4464K(266240K)] 321596K->64544K(812544K), 0.0011752 secs] [Times: user=0.00 sys=0.00, real=0.00 secs] 
2024-10-04T21:49:47.025+0300: 902.230: Total time for which application threads were stopped: 0.0014469 seconds, Stopping threads took: 0.0001327 seconds
2024-10-04T21:49:47.402+0300: 902.604: Application time: 0.3740032 seconds
2024-10-04T21:49:47.402+0300: 902.605: [GC (Allocation Failure) [PSYoungGen: 263933K->4416K(266240K)] 324014K->64504K(812544K), 0.0012592 secs] [Times: user=0.00 sys=0.00, real=0.00 secs] 
2024-10-04T21:49:47.402+0300: 902.606: Total time for which application threads were stopped: 0.0015650 seconds, Stopping threads took: 0.0001460 seconds
2024-10-04T21:49:47.763+0300: 902.970: Application time: 0.3644852 seconds
2024-10-04T21:49:47.763+0300: 902.971: [GC (Allocation Failure) [PSYoungGen: 263779K->5440K(265728K)] 323868K->65536K(812032K), 0.0012445 secs] [Times: user=0.00 sys=0.00, real=0.00 secs] 
2024-10-04T21:49:47.763+0300: 902.972: Total time for which application threads were stopped: 0.0015245 seconds, Stopping threads took: 0.0001401 seconds
2024-10-04T21:49:48.140+0300: 903.344: Application time: 0.3716936 seconds
2024-10-04T21:49:48.140+0300: 903.344: [GC (Allocation Failure) [PSYoungGen: 265024K->3360K(266240K)] 325120K->63464K(812544K), 0.0011498 secs] [Times: user=0.00 sys=0.00, real=0.00 secs] 
2024-10-04T21:49:48.140+0300: 903.345: Total time for which application threads were stopped: 0.0014368 seconds, Stopping threads took: 0.0001382 seconds
2024-10-04T21:49:48.500+0300: 903.713: Application time: 0.3681744 seconds
2024-10-04T21:49:48.500+0300: 903.713: [GC (Allocation Failure) [PSYoungGen: 262407K->4448K(266240K)] 322512K->64560K(812544K), 0.0011547 secs] [Times: user=0.00 sys=0.00, real=0.00 secs] 
2024-10-04T21:49:48.500+0300: 903.715: Total time for which application threads were stopped: 0.0015183 seconds, Stopping threads took: 0.0001933 seconds
2024-10-04T21:49:48.878+0300: 904.085: Application time: 0.3700256 seconds
2024-10-04T21:49:48.878+0300: 904.085: [GC (Allocation Failure) [PSYoungGen: 264032K->3392K(266240K)] 324144K->63552K(812544K), 0.0008855 secs] [Times: user=0.00 sys=0.00, real=0.00 secs] 
2024-10-04T21:49:48.878+0300: 904.086: Total time for which application threads were stopped: 0.0011642 seconds, Stopping threads took: 0.0001543 seconds
2024-10-04T21:49:49.254+0300: 904.456: Application time: 0.3704689 seconds
2024-10-04T21:49:49.254+0300: 904.457: [GC (Allocation Failure) [PSYoungGen: 262078K->4432K(266752K)] 322239K->64633K(813056K), 0.0009517 secs] [Times: user=0.00 sys=0.00, real=0.00 secs] 
2024-10-04T21:49:49.254+0300: 904.458: Total time for which application threads were stopped: 0.0013060 seconds, Stopping threads took: 0.0002158 seconds
2024-10-04T21:49:49.615+0300: 904.822: Application time: 0.3647484 seconds
2024-10-04T21:49:49.615+0300: 904.823: [GC (Allocation Failure) [PSYoungGen: 263771K->4352K(266240K)] 323972K->64665K(812544K), 0.0011842 secs] [Times: user=0.00 sys=0.00, real=0.00 secs] 
2024-10-04T21:49:49.615+0300: 904.824: Total time for which application threads were stopped: 0.0014755 seconds, Stopping threads took: 0.0001382 seconds
2024-10-04T21:49:49.992+0300: 905.193: Application time: 0.3688869 seconds
2024-10-04T21:49:49.992+0300: 905.193: [GC (Allocation Failure) [PSYoungGen: 264448K->4480K(266752K)] 324761K->64801K(813056K), 0.0009785 secs] [Times: user=0.00 sys=0.00, real=0.00 secs] 
2024-10-04T21:49:49.992+0300: 905.194: Total time for which application threads were stopped: 0.0013401 seconds, Stopping threads took: 0.0002227 seconds
2024-10-04T21:49:50.353+0300: 905.569: Application time: 0.3749492 seconds
2024-10-04T21:49:50.369+0300: 905.569: [GC (Allocation Failure) [PSYoungGen: 264844K->5440K(266752K)] 325165K->65801K(813056K), 0.0014105 secs] [Times: user=0.00 sys=0.00, real=0.00 secs] 
2024-10-04T21:49:50.369+0300: 905.571: Total time for which application threads were stopped: 0.0018919 seconds, Stopping threads took: 0.0002025 seconds
2024-10-04T21:49:50.729+0300: 905.940: Application time: 0.3688038 seconds
2024-10-04T21:49:50.729+0300: 905.940: [GC (Allocation Failure) [PSYoungGen: 265290K->4448K(266752K)] 325651K->64817K(813056K), 0.0011913 secs] [Times: user=0.00 sys=0.00, real=0.00 secs] 
2024-10-04T21:49:50.729+0300: 905.941: Total time for which application threads were stopped: 0.0015367 seconds, Stopping threads took: 0.0001742 seconds
2024-10-04T21:49:51.106+0300: 906.309: Application time: 0.3675429 seconds
2024-10-04T21:49:51.106+0300: 906.309: [GC (Allocation Failure) [PSYoungGen: 264645K->4464K(266752K)] 325014K->64841K(813056K), 0.0010436 secs] [Times: user=0.00 sys=0.00, real=0.00 secs] 
2024-10-04T21:49:51.106+0300: 906.310: Total time for which application threads were stopped: 0.0013094 seconds, Stopping threads took: 0.0001355 seconds
2024-10-04T21:49:51.483+0300: 906.687: Application time: 0.3769720 seconds
2024-10-04T21:49:51.483+0300: 906.687: [GC (Allocation Failure) [PSYoungGen: 264523K->3408K(266752K)] 324900K->63793K(813056K), 0.0010511 secs] [Times: user=0.00 sys=0.00, real=0.00 secs] 
2024-10-04T21:49:51.483+0300: 906.689: Total time for which application threads were stopped: 0.0014060 seconds, Stopping threads took: 0.0001753 seconds
2024-10-04T21:49:51.844+0300: 907.056: Application time: 0.3675047 seconds
2024-10-04T21:49:51.844+0300: 907.056: [GC (Allocation Failure) [PSYoungGen: 264016K->3440K(266752K)] 324401K->63833K(813056K), 0.0010393 secs] [Times: user=0.00 sys=0.00, real=0.00 secs] 
2024-10-04T21:49:51.844+0300: 907.057: Total time for which application threads were stopped: 0.0013493 seconds, Stopping threads took: 0.0001606 seconds
2024-10-04T21:49:52.225+0300: 907.431: Application time: 0.3738662 seconds
2024-10-04T21:49:52.225+0300: 907.432: [GC (Allocation Failure) [PSYoungGen: 263720K->5424K(266752K)] 324113K->65833K(813056K), 0.0014500 secs] [Times: user=0.00 sys=0.00, real=0.00 secs] 
2024-10-04T21:49:52.225+0300: 907.433: Total time for which application threads were stopped: 0.0018250 seconds, Stopping threads took: 0.0001944 seconds
2024-10-04T21:49:52.598+0300: 907.802: Application time: 0.3685028 seconds
2024-10-04T21:49:52.598+0300: 907.802: [GC (Allocation Failure) [PSYoungGen: 265184K->4448K(266752K)] 325593K->64865K(813056K), 0.0011166 secs] [Times: user=0.00 sys=0.00, real=0.00 secs] 
2024-10-04T21:49:52.598+0300: 907.803: Total time for which application threads were stopped: 0.0013879 seconds, Stopping threads took: 0.0001385 seconds
2024-10-04T21:49:52.959+0300: 908.170: Application time: 0.3671213 seconds
2024-10-04T21:49:52.959+0300: 908.170: [GC (Allocation Failure) [PSYoungGen: 264528K->3408K(266752K)] 324945K->63833K(813056K), 0.0009807 secs] [Times: user=0.00 sys=0.00, real=0.00 secs] 
2024-10-04T21:49:52.959+0300: 908.171: Total time for which application threads were stopped: 0.0012881 seconds, Stopping threads took: 0.0001443 seconds
2024-10-04T21:49:53.347+0300: 908.549: Application time: 0.3777521 seconds
2024-10-04T21:49:53.347+0300: 908.549: [GC (Allocation Failure) [PSYoungGen: 264016K->1328K(262144K)] 324441K->61777K(808448K), 0.0007120 secs] [Times: user=0.00 sys=0.00, real=0.00 secs] 
2024-10-04T21:49:53.347+0300: 908.550: Total time for which application threads were stopped: 0.0009366 seconds, Stopping threads took: 0.0001301 seconds
2024-10-04T21:49:53.712+0300: 908.915: Application time: 0.3646644 seconds
2024-10-04T21:49:53.712+0300: 908.915: [GC (Allocation Failure) [PSYoungGen: 261531K->4336K(266240K)] 321980K->64793K(812544K), 0.0010915 secs] [Times: user=0.00 sys=0.00, real=0.00 secs] 
2024-10-04T21:49:53.712+0300: 908.916: Total time for which application threads were stopped: 0.0013784 seconds, Stopping threads took: 0.0001575 seconds
2024-10-04T21:49:54.073+0300: 909.286: Application time: 0.3698794 seconds
2024-10-04T21:49:54.073+0300: 909.286: [GC (Allocation Failure) [PSYoungGen: 263920K->3440K(266240K)] 324377K->63905K(812544K), 0.0009251 secs] [Times: user=0.00 sys=0.00, real=0.00 secs] 
2024-10-04T21:49:54.073+0300: 909.287: Total time for which application threads were stopped: 0.0012276 seconds, Stopping threads took: 0.0001491 seconds
2024-10-04T21:49:54.450+0300: 909.661: Application time: 0.3738398 seconds
2024-10-04T21:49:54.450+0300: 909.662: [GC (Allocation Failure) [PSYoungGen: 263024K->4448K(266752K)] 323489K->64921K(813056K), 0.0012017 secs] [Times: user=0.00 sys=0.00, real=0.00 secs] 
2024-10-04T21:49:54.450+0300: 909.663: Total time for which application threads were stopped: 0.0016687 seconds, Stopping threads took: 0.0003009 seconds
2024-10-04T21:49:54.826+0300: 910.034: Application time: 0.3709353 seconds
2024-10-04T21:49:54.826+0300: 910.034: [GC (Allocation Failure) [PSYoungGen: 265056K->5456K(266240K)] 325529K->65945K(812544K), 0.0012027 secs] [Times: user=0.00 sys=0.00, real=0.00 secs] 
2024-10-04T21:49:54.826+0300: 910.035: Total time for which application threads were stopped: 0.0014865 seconds, Stopping threads took: 0.0001584 seconds
2024-10-04T21:49:55.202+0300: 910.407: Application time: 0.3720293 seconds
2024-10-04T21:49:55.202+0300: 910.407: [GC (Allocation Failure) [PSYoungGen: 265220K->4448K(266240K)] 325709K->64945K(812544K), 0.0010611 secs] [Times: user=0.00 sys=0.00, real=0.00 secs] 
2024-10-04T21:49:55.202+0300: 910.409: Total time for which application threads were stopped: 0.0013818 seconds, Stopping threads took: 0.0001677 seconds
2024-10-04T21:49:55.563+0300: 910.777: Application time: 0.3684747 seconds
2024-10-04T21:49:55.563+0300: 910.777: [GC (Allocation Failure) [PSYoungGen: 263609K->5376K(266240K)] 324106K->65937K(812544K), 0.0013062 secs] [Times: user=0.00 sys=0.00, real=0.00 secs] 
2024-10-04T21:49:55.563+0300: 910.779: Total time for which application threads were stopped: 0.0016225 seconds, Stopping threads took: 0.0001779 seconds
2024-10-04T21:49:55.940+0300: 911.145: Application time: 0.3663094 seconds
2024-10-04T21:49:55.940+0300: 911.145: [GC (Allocation Failure) [PSYoungGen: 264960K->4448K(266240K)] 325521K->65017K(812544K), 0.0011125 secs] [Times: user=0.00 sys=0.00, real=0.00 secs] 
2024-10-04T21:49:55.940+0300: 911.146: Total time for which application threads were stopped: 0.0014093 seconds, Stopping threads took: 0.0001483 seconds
2024-10-04T21:49:56.316+0300: 911.519: Application time: 0.3726799 seconds
2024-10-04T21:49:56.316+0300: 911.519: [GC (Allocation Failure) [PSYoungGen: 263605K->5344K(266240K)] 324174K->66013K(812544K), 0.0014210 secs] [Times: user=0.00 sys=0.00, real=0.00 secs] 
2024-10-04T21:49:56.316+0300: 911.521: Total time for which application threads were stopped: 0.0018146 seconds, Stopping threads took: 0.0002205 seconds
2024-10-04T21:49:56.677+0300: 911.889: Application time: 0.3685281 seconds
2024-10-04T21:49:56.677+0300: 911.890: [GC (Allocation Failure) [PSYoungGen: 264167K->4416K(266240K)] 324837K->65125K(812544K), 0.0011343 secs] [Times: user=0.00 sys=0.00, real=0.00 secs] 
2024-10-04T21:49:56.677+0300: 911.891: Total time for which application threads were stopped: 0.0014669 seconds, Stopping threads took: 0.0001772 seconds
2024-10-04T21:49:57.056+0300: 912.258: Application time: 0.3668104 seconds
2024-10-04T21:49:57.056+0300: 912.258: [GC (Allocation Failure) [PSYoungGen: 263210K->3392K(266240K)] 323920K->64117K(812544K), 0.0009717 secs] [Times: user=0.00 sys=0.00, real=0.00 secs] 
2024-10-04T21:49:57.056+0300: 912.259: Total time for which application threads were stopped: 0.0012225 seconds, Stopping threads took: 0.0001204 seconds
2024-10-04T21:49:57.430+0300: 912.633: Application time: 0.3737040 seconds
2024-10-04T21:49:57.430+0300: 912.633: [GC (Allocation Failure) [PSYoungGen: 262523K->4400K(266752K)] 323248K->65133K(813056K), 0.0010344 secs] [Times: user=0.00 sys=0.00, real=0.00 secs] 
2024-10-04T21:49:57.430+0300: 912.634: Total time for which application threads were stopped: 0.0013256 seconds, Stopping threads took: 0.0001373 seconds
2024-10-04T21:49:57.791+0300: 912.998: Application time: 0.3639186 seconds
2024-10-04T21:49:57.791+0300: 912.998: [GC (Allocation Failure) [PSYoungGen: 264225K->5440K(266240K)] 324958K->66181K(812544K), 0.0012115 secs] [Times: user=0.00 sys=0.00, real=0.00 secs] 
2024-10-04T21:49:57.791+0300: 912.999: Total time for which application threads were stopped: 0.0015050 seconds, Stopping threads took: 0.0001463 seconds
2024-10-04T21:49:58.168+0300: 913.373: Application time: 0.3731852 seconds
2024-10-04T21:49:58.168+0300: 913.373: [GC (Allocation Failure) [PSYoungGen: 264632K->4416K(266240K)] 325373K->65165K(812544K), 0.0012598 secs] [Times: user=0.00 sys=0.00, real=0.00 secs] 
2024-10-04T21:49:58.168+0300: 913.374: Total time for which application threads were stopped: 0.0016347 seconds, Stopping threads took: 0.0002349 seconds
2024-10-04T21:49:58.528+0300: 913.741: Application time: 0.3665959 seconds
2024-10-04T21:49:58.528+0300: 913.741: [GC (Allocation Failure) [PSYoungGen: 264000K->4448K(266240K)] 324749K->65205K(812544K), 0.0011150 secs] [Times: user=0.00 sys=0.00, real=0.00 secs] 
2024-10-04T21:49:58.528+0300: 913.742: Total time for which application threads were stopped: 0.0014117 seconds, Stopping threads took: 0.0001640 seconds
2024-10-04T21:49:58.905+0300: 914.107: Application time: 0.3647602 seconds
2024-10-04T21:49:58.905+0300: 914.107: [GC (Allocation Failure) [PSYoungGen: 263419K->4448K(266752K)] 324176K->65213K(813056K), 0.0009389 secs] [Times: user=0.00 sys=0.00, real=0.00 secs] 
2024-10-04T21:49:58.905+0300: 914.108: Total time for which application threads were stopped: 0.0012127 seconds, Stopping threads took: 0.0001504 seconds
2024-10-04T21:49:59.282+0300: 914.483: Application time: 0.3748054 seconds
2024-10-04T21:49:59.282+0300: 914.483: [GC (Allocation Failure) [PSYoungGen: 264580K->3424K(266752K)] 325345K->64197K(813056K), 0.0010701 secs] [Times: user=0.00 sys=0.00, real=0.00 secs] 
2024-10-04T21:49:59.282+0300: 914.484: Total time for which application threads were stopped: 0.0013734 seconds, Stopping threads took: 0.0000948 seconds
2024-10-04T21:49:59.642+0300: 914.852: Application time: 0.3673264 seconds
2024-10-04T21:49:59.642+0300: 914.852: [GC (Allocation Failure) [PSYoungGen: 263166K->3440K(266752K)] 323939K->64221K(813056K), 0.0011041 secs] [Times: user=0.00 sys=0.00, real=0.00 secs] 
2024-10-04T21:49:59.642+0300: 914.853: Total time for which application threads were stopped: 0.0014512 seconds, Stopping threads took: 0.0001974 seconds
2024-10-04T21:50:00.018+0300: 915.222: Application time: 0.3685512 seconds
2024-10-04T21:50:00.018+0300: 915.222: [GC (Allocation Failure) [PSYoungGen: 263753K->5424K(266752K)] 324534K->66213K(813056K), 0.0012155 secs] [Times: user=0.00 sys=0.00, real=0.00 secs] 
2024-10-04T21:50:00.018+0300: 915.224: Total time for which application threads were stopped: 0.0017207 seconds, Stopping threads took: 0.0003500 seconds
2024-10-04T21:50:00.395+0300: 915.606: Application time: 0.3820020 seconds
2024-10-04T21:50:00.395+0300: 915.606: [GC (Allocation Failure) [PSYoungGen: 265134K->4448K(266752K)] 325924K->65245K(813056K), 0.0010706 secs] [Times: user=0.00 sys=0.00, real=0.00 secs] 
2024-10-04T21:50:00.395+0300: 915.607: Total time for which application threads were stopped: 0.0014480 seconds, Stopping threads took: 0.0002315 seconds
2024-10-04T21:50:00.772+0300: 915.974: Application time: 0.3671310 seconds
2024-10-04T21:50:00.772+0300: 915.974: [GC (Allocation Failure) [PSYoungGen: 265056K->4336K(266752K)] 325853K->65141K(813056K), 0.0011987 secs] [Times: user=0.00 sys=0.00, real=0.00 secs] 
2024-10-04T21:50:00.772+0300: 915.976: Total time for which application threads were stopped: 0.0014999 seconds, Stopping threads took: 0.0001672 seconds
2024-10-04T21:50:01.133+0300: 916.349: Application time: 0.3732229 seconds
2024-10-04T21:50:01.149+0300: 916.349: [GC (Allocation Failure) [PSYoungGen: 264944K->3376K(266752K)] 325749K->64197K(813056K), 0.0012558 secs] [Times: user=0.00 sys=0.00, real=0.00 secs] 
2024-10-04T21:50:01.149+0300: 916.351: Total time for which application threads were stopped: 0.0017235 seconds, Stopping threads took: 0.0002282 seconds
2024-10-04T21:50:01.510+0300: 916.722: Application time: 0.3716344 seconds
2024-10-04T21:50:01.510+0300: 916.722: [GC (Allocation Failure) [PSYoungGen: 263984K->4448K(266752K)] 324805K->65277K(813056K), 0.0011148 secs] [Times: user=0.00 sys=0.00, real=0.00 secs] 
2024-10-04T21:50:01.510+0300: 916.724: Total time for which application threads were stopped: 0.0014217 seconds, Stopping threads took: 0.0001760 seconds
2024-10-04T21:50:01.887+0300: 917.093: Application time: 0.3696330 seconds
2024-10-04T21:50:01.887+0300: 917.094: [GC (Allocation Failure) [PSYoungGen: 265056K->4448K(266752K)] 325885K->65317K(813056K), 0.0011832 secs] [Times: user=0.00 sys=0.00, real=0.00 secs] 
2024-10-04T21:50:01.887+0300: 917.095: Total time for which application threads were stopped: 0.0015132 seconds, Stopping threads took: 0.0001688 seconds
2024-10-04T21:50:02.267+0300: 917.468: Application time: 0.3733755 seconds
2024-10-04T21:50:02.267+0300: 917.468: [GC (Allocation Failure) [PSYoungGen: 264431K->5392K(266752K)] 325300K->66301K(813056K), 0.0013246 secs] [Times: user=0.00 sys=0.00, real=0.00 secs] 
2024-10-04T21:50:02.267+0300: 917.470: Total time for which application threads were stopped: 0.0016692 seconds, Stopping threads took: 0.0001356 seconds
2024-10-04T21:50:02.624+0300: 917.839: Application time: 0.3687293 seconds
2024-10-04T21:50:02.624+0300: 917.839: [GC (Allocation Failure) [PSYoungGen: 265659K->4384K(266752K)] 326568K->65369K(813056K), 0.0010307 secs] [Times: user=0.00 sys=0.00, real=0.00 secs] 
2024-10-04T21:50:02.624+0300: 917.840: Total time for which application threads were stopped: 0.0013287 seconds, Stopping threads took: 0.0001074 seconds
2024-10-04T21:50:03.001+0300: 918.210: Application time: 0.3704153 seconds
2024-10-04T21:50:03.001+0300: 918.210: [GC (Allocation Failure) [PSYoungGen: 264992K->4464K(266752K)] 325977K->65457K(813056K), 0.0009372 secs] [Times: user=0.00 sys=0.00, real=0.00 secs] 
2024-10-04T21:50:03.001+0300: 918.211: Total time for which application threads were stopped: 0.0011923 seconds, Stopping threads took: 0.0001303 seconds
2024-10-04T21:50:03.377+0300: 918.585: Application time: 0.3734159 seconds
2024-10-04T21:50:03.377+0300: 918.585: [GC (Allocation Failure) [PSYoungGen: 264584K->4448K(267264K)] 325578K->65481K(813568K), 0.0009902 secs] [Times: user=0.00 sys=0.00, real=0.00 secs] 
2024-10-04T21:50:03.377+0300: 918.586: Total time for which application threads were stopped: 0.0013074 seconds, Stopping threads took: 0.0001864 seconds
2024-10-04T21:50:03.754+0300: 918.958: Application time: 0.3718143 seconds
2024-10-04T21:50:03.754+0300: 918.958: [GC (Allocation Failure) [PSYoungGen: 264861K->2384K(266752K)] 325895K->63457K(813056K), 0.0008753 secs] [Times: user=0.00 sys=0.00, real=0.00 secs] 
2024-10-04T21:50:03.754+0300: 918.959: Total time for which application threads were stopped: 0.0011616 seconds, Stopping threads took: 0.0001537 seconds
2024-10-04T21:50:04.115+0300: 919.322: Application time: 0.3629368 seconds
2024-10-04T21:50:04.115+0300: 919.322: [GC (Allocation Failure) [PSYoungGen: 263228K->5456K(266752K)] 324301K->66545K(813056K), 0.0013525 secs] [Times: user=0.00 sys=0.00, real=0.00 secs] 
2024-10-04T21:50:04.115+0300: 919.324: Total time for which application threads were stopped: 0.0017278 seconds, Stopping threads took: 0.0002059 seconds
2024-10-04T21:50:04.492+0300: 919.700: Application time: 0.3761464 seconds
2024-10-04T21:50:04.492+0300: 919.700: [GC (Allocation Failure) [PSYoungGen: 265571K->5456K(266240K)] 326661K->66561K(812544K), 0.0012625 secs] [Times: user=0.00 sys=0.00, real=0.00 secs] 
2024-10-04T21:50:04.492+0300: 919.702: Total time for which application threads were stopped: 0.0015425 seconds, Stopping threads took: 0.0001300 seconds
2024-10-04T21:50:04.853+0300: 920.068: Application time: 0.3666244 seconds
2024-10-04T21:50:04.853+0300: 920.068: [GC (Allocation Failure) [PSYoungGen: 265340K->5408K(266240K)] 326445K->66521K(812544K), 0.0013263 secs] [Times: user=0.00 sys=0.00, real=0.02 secs] 
2024-10-04T21:50:04.869+0300: 920.070: Total time for which application threads were stopped: 0.0016912 seconds, Stopping threads took: 0.0002132 seconds
2024-10-04T21:50:05.230+0300: 920.442: Application time: 0.3719135 seconds
2024-10-04T21:50:05.230+0300: 920.442: [GC (Allocation Failure) [PSYoungGen: 264220K->5424K(266240K)] 325334K->66545K(812544K), 0.0013811 secs] [Times: user=0.00 sys=0.00, real=0.00 secs] 
2024-10-04T21:50:05.230+0300: 920.444: Total time for which application threads were stopped: 0.0018554 seconds, Stopping threads took: 0.0002919 seconds
2024-10-04T21:50:05.607+0300: 920.812: Application time: 0.3687593 seconds
2024-10-04T21:50:05.607+0300: 920.813: [GC (Allocation Failure) [PSYoungGen: 264495K->4432K(266240K)] 325617K->65561K(812544K), 0.0012080 secs] [Times: user=0.00 sys=0.00, real=0.00 secs] 
2024-10-04T21:50:05.607+0300: 920.814: Total time for which application threads were stopped: 0.0015345 seconds, Stopping threads took: 0.0001861 seconds
2024-10-04T21:50:05.975+0300: 921.178: Application time: 0.3642256 seconds
2024-10-04T21:50:05.975+0300: 921.178: [GC (Allocation Failure) [PSYoungGen: 263042K->3408K(266240K)] 324171K->64545K(812544K), 0.0009730 secs] [Times: user=0.00 sys=0.00, real=0.00 secs] 
2024-10-04T21:50:05.975+0300: 921.179: Total time for which application threads were stopped: 0.0012751 seconds, Stopping threads took: 0.0001861 seconds
2024-10-04T21:50:06.344+0300: 921.555: Application time: 0.3752106 seconds
2024-10-04T21:50:06.344+0300: 921.555: [GC (Allocation Failure) [PSYoungGen: 262384K->4448K(266240K)] 323521K->65593K(812544K), 0.0011844 secs] [Times: user=0.00 sys=0.00, real=0.00 secs] 
2024-10-04T21:50:06.344+0300: 921.556: Total time for which application threads were stopped: 0.0015395 seconds, Stopping threads took: 0.0001844 seconds
2024-10-04T21:50:06.721+0300: 921.923: Application time: 0.3663224 seconds
2024-10-04T21:50:06.721+0300: 921.923: [GC (Allocation Failure) [PSYoungGen: 263526K->5392K(266240K)] 324671K->66545K(812544K), 0.0012290 secs] [Times: user=0.00 sys=0.00, real=0.00 secs] 
2024-10-04T21:50:06.721+0300: 921.924: Total time for which application threads were stopped: 0.0015125 seconds, Stopping threads took: 0.0000939 seconds
2024-10-04T21:50:07.082+0300: 922.289: Application time: 0.3648111 seconds
2024-10-04T21:50:07.082+0300: 922.289: [GC (Allocation Failure) [PSYoungGen: 263964K->4448K(266240K)] 325117K->65609K(812544K), 0.0010552 secs] [Times: user=0.00 sys=0.00, real=0.00 secs] 
2024-10-04T21:50:07.082+0300: 922.290: Total time for which application threads were stopped: 0.0013325 seconds, Stopping threads took: 0.0001538 seconds
2024-10-04T21:50:07.458+0300: 922.664: Application time: 0.3738973 seconds
2024-10-04T21:50:07.458+0300: 922.664: [GC (Allocation Failure) [PSYoungGen: 263418K->4448K(266240K)] 324580K->65617K(812544K), 0.0011746 secs] [Times: user=0.00 sys=0.00, real=0.00 secs] 
2024-10-04T21:50:07.458+0300: 922.666: Total time for which application threads were stopped: 0.0014895 seconds, Stopping threads took: 0.0001477 seconds
2024-10-04T21:50:07.819+0300: 923.032: Application time: 0.3664974 seconds
2024-10-04T21:50:07.819+0300: 923.032: [GC (Allocation Failure) [PSYoungGen: 263383K->3392K(265728K)] 324552K->64601K(812032K), 0.0009477 secs] [Times: user=0.00 sys=0.00, real=0.00 secs] 
2024-10-04T21:50:07.819+0300: 923.033: Total time for which application threads were stopped: 0.0012927 seconds, Stopping threads took: 0.0002029 seconds
2024-10-04T21:50:08.196+0300: 923.409: Application time: 0.3755244 seconds
2024-10-04T21:50:08.196+0300: 923.409: [GC (Allocation Failure) [PSYoungGen: 262976K->2368K(266240K)] 324185K->63585K(812544K), 0.0008386 secs] [Times: user=0.00 sys=0.00, real=0.00 secs] 
2024-10-04T21:50:08.196+0300: 923.410: Total time for which application threads were stopped: 0.0011484 seconds, Stopping threads took: 0.0001308 seconds
2024-10-04T21:50:08.572+0300: 923.775: Application time: 0.3648608 seconds
2024-10-04T21:50:08.572+0300: 923.775: [GC (Allocation Failure) [PSYoungGen: 261952K->4448K(266240K)] 323169K->65673K(812544K), 0.0012378 secs] [Times: user=0.00 sys=0.00, real=0.00 secs] 
2024-10-04T21:50:08.572+0300: 923.776: Total time for which application threads were stopped: 0.0015373 seconds, Stopping threads took: 0.0001414 seconds
2024-10-04T21:50:08.934+0300: 924.144: Application time: 0.3671233 seconds
2024-10-04T21:50:08.934+0300: 924.144: [GC (Allocation Failure) [PSYoungGen: 263338K->3408K(266240K)] 324564K->64681K(812544K), 0.0009530 secs] [Times: user=0.00 sys=0.00, real=0.00 secs] 
2024-10-04T21:50:08.934+0300: 924.145: Total time for which application threads were stopped: 0.0012573 seconds, Stopping threads took: 0.0001690 seconds
2024-10-04T21:50:09.310+0300: 924.519: Application time: 0.3744388 seconds
2024-10-04T21:50:09.310+0300: 924.520: [GC (Allocation Failure) [PSYoungGen: 262992K->4416K(266752K)] 324265K->65729K(813056K), 0.0011147 secs] [Times: user=0.00 sys=0.00, real=0.00 secs] 
2024-10-04T21:50:09.310+0300: 924.521: Total time for which application threads were stopped: 0.0014487 seconds, Stopping threads took: 0.0001640 seconds
2024-10-04T21:50:09.682+0300: 924.887: Application time: 0.3662110 seconds
2024-10-04T21:50:09.682+0300: 924.887: [GC (Allocation Failure) [PSYoungGen: 263595K->5360K(266240K)] 324909K->66737K(812544K), 0.0014819 secs] [Times: user=0.00 sys=0.00, real=0.01 secs] 
2024-10-04T21:50:09.687+0300: 924.889: Total time for which application threads were stopped: 0.0017916 seconds, Stopping threads took: 0.0001668 seconds
2024-10-04T21:50:10.048+0300: 925.260: Application time: 0.3711916 seconds
2024-10-04T21:50:10.048+0300: 925.260: [GC (Allocation Failure) [PSYoungGen: 265393K->3408K(266240K)] 326771K->64825K(812544K), 0.0008624 secs] [Times: user=0.00 sys=0.00, real=0.00 secs] 
2024-10-04T21:50:10.048+0300: 925.261: Total time for which application threads were stopped: 0.0011607 seconds, Stopping threads took: 0.0001761 seconds
2024-10-04T21:50:10.424+0300: 925.631: Application time: 0.3703838 seconds
2024-10-04T21:50:10.424+0300: 925.632: [GC (Allocation Failure) [PSYoungGen: 262052K->5472K(266240K)] 323470K->66905K(812544K), 0.0012981 secs] [Times: user=0.00 sys=0.00, real=0.00 secs] 
2024-10-04T21:50:10.424+0300: 925.633: Total time for which application threads were stopped: 0.0016250 seconds, Stopping threads took: 0.0001653 seconds
2024-10-04T21:50:10.786+0300: 926.000: Application time: 0.3670533 seconds
2024-10-04T21:50:10.786+0300: 926.000: [GC (Allocation Failure) [PSYoungGen: 264752K->5424K(265216K)] 326186K->66881K(811520K), 0.0012801 secs] [Times: user=0.00 sys=0.00, real=0.00 secs] 
2024-10-04T21:50:10.786+0300: 926.002: Total time for which application threads were stopped: 0.0015788 seconds, Stopping threads took: 0.0001701 seconds
2024-10-04T21:50:11.162+0300: 926.369: Application time: 0.3669388 seconds
2024-10-04T21:50:11.162+0300: 926.369: [GC (Allocation Failure) [PSYoungGen: 263984K->4384K(265728K)] 325441K->65849K(812032K), 0.0014296 secs] [Times: user=0.00 sys=0.00, real=0.00 secs] 
2024-10-04T21:50:11.162+0300: 926.370: Total time for which application threads were stopped: 0.0017846 seconds, Stopping threads took: 0.0001523 seconds
2024-10-04T21:50:11.523+0300: 926.737: Application time: 0.3663101 seconds
2024-10-04T21:50:11.523+0300: 926.737: [GC (Allocation Failure) [PSYoungGen: 262307K->5472K(265216K)] 323773K->66945K(811520K), 0.0012591 secs] [Times: user=0.00 sys=0.00, real=0.00 secs] 
2024-10-04T21:50:11.523+0300: 926.738: Total time for which application threads were stopped: 0.0015895 seconds, Stopping threads took: 0.0001727 seconds
2024-10-04T21:50:11.900+0300: 927.107: Application time: 0.3683823 seconds
2024-10-04T21:50:11.900+0300: 927.107: [GC (Allocation Failure) [PSYoungGen: 263467K->5440K(265728K)] 324941K->66921K(812032K), 0.0012780 secs] [Times: user=0.00 sys=0.00, real=0.00 secs] 
2024-10-04T21:50:11.900+0300: 927.108: Total time for which application threads were stopped: 0.0015786 seconds, Stopping threads took: 0.0001358 seconds
2024-10-04T21:50:12.261+0300: 927.476: Application time: 0.3677654 seconds
2024-10-04T21:50:12.261+0300: 927.477: [GC (Allocation Failure) [PSYoungGen: 263097K->4384K(266240K)] 324579K->65881K(812544K), 0.0012147 secs] [Times: user=0.00 sys=0.00, real=0.02 secs] 
2024-10-04T21:50:12.276+0300: 927.478: Total time for which application threads were stopped: 0.0017373 seconds, Stopping threads took: 0.0003531 seconds
2024-10-04T21:50:12.637+0300: 927.843: Application time: 0.3652329 seconds
2024-10-04T21:50:12.637+0300: 927.843: [GC (Allocation Failure) [PSYoungGen: 263258K->5440K(265728K)] 324756K->66945K(812032K), 0.0012235 secs] [Times: user=0.00 sys=0.00, real=0.00 secs] 
2024-10-04T21:50:12.637+0300: 927.845: Total time for which application threads were stopped: 0.0015523 seconds, Stopping threads took: 0.0001836 seconds
2024-10-04T21:50:12.998+0300: 928.211: Application time: 0.3659882 seconds
2024-10-04T21:50:12.998+0300: 928.211: [GC (Allocation Failure) [PSYoungGen: 264059K->4448K(266240K)] 325564K->65961K(812544K), 0.0011564 secs] [Times: user=0.00 sys=0.00, real=0.00 secs] 
2024-10-04T21:50:12.998+0300: 928.212: Total time for which application threads were stopped: 0.0015025 seconds, Stopping threads took: 0.0001759 seconds
2024-10-04T21:50:13.375+0300: 928.584: Application time: 0.3714414 seconds
2024-10-04T21:50:13.375+0300: 928.584: [GC (Allocation Failure) [PSYoungGen: 262500K->4448K(265728K)] 324014K->65969K(812032K), 0.0010921 secs] [Times: user=0.00 sys=0.00, real=0.00 secs] 
2024-10-04T21:50:13.375+0300: 928.585: Total time for which application threads were stopped: 0.0014737 seconds, Stopping threads took: 0.0002540 seconds
2024-10-04T21:50:13.751+0300: 928.954: Application time: 0.3693978 seconds
2024-10-04T21:50:13.751+0300: 928.955: [GC (Allocation Failure) [PSYoungGen: 263520K->1360K(265216K)] 325041K->62929K(811520K), 0.0007707 secs] [Times: user=0.00 sys=0.00, real=0.00 secs] 
2024-10-04T21:50:13.751+0300: 928.956: Total time for which application threads were stopped: 0.0010825 seconds, Stopping threads took: 0.0001814 seconds
2024-10-04T21:50:14.112+0300: 929.320: Application time: 0.3645324 seconds
2024-10-04T21:50:14.112+0300: 929.320: [GC (Allocation Failure) [PSYoungGen: 259377K->4448K(265728K)] 320947K->66025K(812032K), 0.0010414 secs] [Times: user=0.00 sys=0.00, real=0.00 secs] 
2024-10-04T21:50:14.112+0300: 929.321: Total time for which application threads were stopped: 0.0013619 seconds, Stopping threads took: 0.0001912 seconds
2024-10-04T21:50:14.489+0300: 929.693: Application time: 0.3715592 seconds
2024-10-04T21:50:14.492+0300: 929.693: [GC (Allocation Failure) [PSYoungGen: 262373K->4480K(266240K)] 323951K->66065K(812544K), 0.0010769 secs] [Times: user=0.00 sys=0.00, real=0.00 secs] 
2024-10-04T21:50:14.492+0300: 929.694: Total time for which application threads were stopped: 0.0013993 seconds, Stopping threads took: 0.0001834 seconds
2024-10-04T21:50:14.849+0300: 930.058: Application time: 0.3635415 seconds
2024-10-04T21:50:14.849+0300: 930.058: [GC (Allocation Failure) [PSYoungGen: 263077K->5408K(266240K)] 324663K->67041K(812544K), 0.0011982 secs] [Times: user=0.00 sys=0.00, real=0.00 secs] 
2024-10-04T21:50:14.849+0300: 930.059: Total time for which application threads were stopped: 0.0015083 seconds, Stopping threads took: 0.0001810 seconds
2024-10-04T21:50:15.226+0300: 930.429: Application time: 0.3693660 seconds
2024-10-04T21:50:15.226+0300: 930.429: [GC (Allocation Failure) [PSYoungGen: 264352K->5344K(265216K)] 325986K->67049K(811520K), 0.0012533 secs] [Times: user=0.00 sys=0.00, real=0.00 secs] 
2024-10-04T21:50:15.226+0300: 930.430: Total time for which application threads were stopped: 0.0015682 seconds, Stopping threads took: 0.0001651 seconds
2024-10-04T21:50:15.595+0300: 930.799: Application time: 0.3684026 seconds
2024-10-04T21:50:15.595+0300: 930.799: [GC (Allocation Failure) [PSYoungGen: 263904K->4480K(265728K)] 325609K->66193K(812032K), 0.0010522 secs] [Times: user=0.00 sys=0.00, real=0.00 secs] 
2024-10-04T21:50:15.595+0300: 930.800: Total time for which application threads were stopped: 0.0013817 seconds, Stopping threads took: 0.0001957 seconds
2024-10-04T21:50:15.948+0300: 931.164: Application time: 0.3635166 seconds
2024-10-04T21:50:15.948+0300: 931.164: [GC (Allocation Failure) [PSYoungGen: 262201K->3392K(266240K)] 323915K->65145K(812544K), 0.0010398 secs] [Times: user=0.02 sys=0.00, real=0.02 secs] 
2024-10-04T21:50:15.963+0300: 931.165: Total time for which application threads were stopped: 0.0013285 seconds, Stopping threads took: 0.0001509 seconds
2024-10-04T21:50:16.325+0300: 931.537: Application time: 0.3716899 seconds
2024-10-04T21:50:16.325+0300: 931.537: [GC (Allocation Failure) [PSYoungGen: 262512K->3392K(266240K)] 324265K->65161K(812544K), 0.0010584 secs] [Times: user=0.00 sys=0.00, real=0.00 secs] 
2024-10-04T21:50:16.325+0300: 931.538: Total time for which application threads were stopped: 0.0014431 seconds, Stopping threads took: 0.0001864 seconds
2024-10-04T21:50:16.701+0300: 931.906: Application time: 0.3678924 seconds
2024-10-04T21:50:16.701+0300: 931.906: [GC (Allocation Failure) [PSYoungGen: 262976K->4416K(266240K)] 324745K->66225K(812544K), 0.0010366 secs] [Times: user=0.00 sys=0.00, real=0.00 secs] 
2024-10-04T21:50:16.701+0300: 931.907: Total time for which application threads were stopped: 0.0013772 seconds, Stopping threads took: 0.0002074 seconds
2024-10-04T21:50:17.061+0300: 932.276: Application time: 0.3686959 seconds
2024-10-04T21:50:17.061+0300: 932.276: [GC (Allocation Failure) [PSYoungGen: 264000K->3376K(266240K)] 325809K->65193K(812544K), 0.0009963 secs] [Times: user=0.00 sys=0.00, real=0.00 secs] 
2024-10-04T21:50:17.061+0300: 932.277: Total time for which application threads were stopped: 0.0012858 seconds, Stopping threads took: 0.0001399 seconds
2024-10-04T21:50:17.438+0300: 932.649: Application time: 0.3718015 seconds
2024-10-04T21:50:17.438+0300: 932.650: [GC (Allocation Failure) [PSYoungGen: 262342K->3424K(266240K)] 324159K->65249K(812544K), 0.0009643 secs] [Times: user=0.00 sys=0.00, real=0.00 secs] 
2024-10-04T21:50:17.438+0300: 932.651: Total time for which application threads were stopped: 0.0012788 seconds, Stopping threads took: 0.0001907 seconds
2024-10-04T21:50:17.815+0300: 933.016: Application time: 0.3658283 seconds
2024-10-04T21:50:17.815+0300: 933.017: [GC (Allocation Failure) [PSYoungGen: 262417K->4448K(266240K)] 324243K->66281K(812544K), 0.0010107 secs] [Times: user=0.00 sys=0.00, real=0.00 secs] 
2024-10-04T21:50:17.815+0300: 933.018: Total time for which application threads were stopped: 0.0012760 seconds, Stopping threads took: 0.0001412 seconds
2024-10-04T21:50:18.176+0300: 933.388: Application time: 0.3703186 seconds
2024-10-04T21:50:18.176+0300: 933.388: [GC (Allocation Failure) [PSYoungGen: 263255K->5472K(265728K)] 325088K->67313K(812032K), 0.0015482 secs] [Times: user=0.00 sys=0.00, real=0.00 secs] 
2024-10-04T21:50:18.176+0300: 933.390: Total time for which application threads were stopped: 0.0020304 seconds, Stopping threads took: 0.0002924 seconds
2024-10-04T21:50:18.552+0300: 933.757: Application time: 0.3674724 seconds
2024-10-04T21:50:18.552+0300: 933.758: [GC (Allocation Failure) [PSYoungGen: 264430K->2416K(266240K)] 326271K->64265K(812544K), 0.0008470 secs] [Times: user=0.00 sys=0.00, real=0.00 secs] 
2024-10-04T21:50:18.552+0300: 933.759: Total time for which application threads were stopped: 0.0011581 seconds, Stopping threads took: 0.0001660 seconds
2024-10-04T21:50:18.914+0300: 934.126: Application time: 0.3669383 seconds
2024-10-04T21:50:18.914+0300: 934.126: [GC (Allocation Failure) [PSYoungGen: 261407K->5456K(265216K)] 323257K->67321K(811520K), 0.0011715 secs] [Times: user=0.00 sys=0.00, real=0.00 secs] 
2024-10-04T21:50:18.914+0300: 934.127: Total time for which application threads were stopped: 0.0014278 seconds, Stopping threads took: 0.0001371 seconds
2024-10-04T21:50:19.290+0300: 934.497: Application time: 0.3695660 seconds
2024-10-04T21:50:19.290+0300: 934.497: [GC (Allocation Failure) [PSYoungGen: 263082K->5424K(265728K)] 324947K->67297K(812032K), 0.0012772 secs] [Times: user=0.00 sys=0.00, real=0.00 secs] 
2024-10-04T21:50:19.290+0300: 934.498: Total time for which application threads were stopped: 0.0015493 seconds, Stopping threads took: 0.0001412 seconds
2024-10-04T21:50:19.651+0300: 934.866: Application time: 0.3678479 seconds
2024-10-04T21:50:19.651+0300: 934.866: [GC (Allocation Failure) [PSYoungGen: 263984K->2304K(265728K)] 325857K->64225K(812032K), 0.0009196 secs] [Times: user=0.00 sys=0.00, real=0.00 secs] 
2024-10-04T21:50:19.651+0300: 934.867: Total time for which application threads were stopped: 0.0012423 seconds, Stopping threads took: 0.0002031 seconds
2024-10-04T21:50:20.028+0300: 935.232: Application time: 0.3645700 seconds
2024-10-04T21:50:20.028+0300: 935.232: [GC (Allocation Failure) [PSYoungGen: 260152K->4464K(265728K)] 322073K->66393K(812032K), 0.0009866 secs] [Times: user=0.00 sys=0.00, real=0.00 secs] 
2024-10-04T21:50:20.028+0300: 935.233: Total time for which application threads were stopped: 0.0012382 seconds, Stopping threads took: 0.0001259 seconds
2024-10-04T21:50:20.389+0300: 935.600: Application time: 0.3670768 seconds
2024-10-04T21:50:20.389+0300: 935.600: [GC (Allocation Failure) [PSYoungGen: 262278K->5408K(265728K)] 324207K->67353K(812032K), 0.0012053 secs] [Times: user=0.00 sys=0.00, real=0.00 secs] 
2024-10-04T21:50:20.389+0300: 935.602: Total time for which application threads were stopped: 0.0015632 seconds, Stopping threads took: 0.0002373 seconds
2024-10-04T21:50:20.766+0300: 935.968: Application time: 0.3667567 seconds
2024-10-04T21:50:20.766+0300: 935.969: [GC (Allocation Failure) [PSYoungGen: 263058K->4416K(265728K)] 325004K->66369K(812032K), 0.0011474 secs] [Times: user=0.00 sys=0.00, real=0.00 secs] 
2024-10-04T21:50:20.766+0300: 935.970: Total time for which application threads were stopped: 0.0014581 seconds, Stopping threads took: 0.0001768 seconds
2024-10-04T21:50:21.127+0300: 936.337: Application time: 0.3675456 seconds
2024-10-04T21:50:21.127+0300: 936.338: [GC (Allocation Failure) [PSYoungGen: 262409K->4384K(266240K)] 324363K->66450K(812544K), 0.0010098 secs] [Times: user=0.00 sys=0.00, real=0.00 secs] 
2024-10-04T21:50:21.127+0300: 936.339: Total time for which application threads were stopped: 0.0012622 seconds, Stopping threads took: 0.0001277 seconds
2024-10-04T21:50:21.507+0300: 936.712: Application time: 0.3732589 seconds
2024-10-04T21:50:21.507+0300: 936.712: [GC (Allocation Failure) [PSYoungGen: 263111K->2384K(265728K)] 325177K->64458K(812032K), 0.0008954 secs] [Times: user=0.00 sys=0.00, real=0.00 secs] 
2024-10-04T21:50:21.507+0300: 936.713: Total time for which application threads were stopped: 0.0011938 seconds, Stopping threads took: 0.0001611 seconds
2024-10-04T21:50:21.864+0300: 937.073: Application time: 0.3595289 seconds
2024-10-04T21:50:21.864+0300: 937.073: [GC (Allocation Failure) [PSYoungGen: 261136K->4448K(266240K)] 323210K->66530K(812544K), 0.0010955 secs] [Times: user=0.00 sys=0.00, real=0.00 secs] 
2024-10-04T21:50:21.864+0300: 937.074: Total time for which application threads were stopped: 0.0014090 seconds, Stopping threads took: 0.0001882 seconds
2024-10-04T21:50:22.241+0300: 937.452: Application time: 0.3775526 seconds
2024-10-04T21:50:22.241+0300: 937.452: [GC (Allocation Failure) [PSYoungGen: 263520K->5408K(265728K)] 325602K->67530K(812032K), 0.0011968 secs] [Times: user=0.00 sys=0.00, real=0.00 secs] 
2024-10-04T21:50:22.241+0300: 937.453: Total time for which application threads were stopped: 0.0014439 seconds, Stopping threads took: 0.0000845 seconds
2024-10-04T21:50:22.609+0300: 937.817: Application time: 0.3638339 seconds
2024-10-04T21:50:22.609+0300: 937.817: [GC (Allocation Failure) [PSYoungGen: 263994K->5472K(265728K)] 326116K->67602K(812032K), 0.0013026 secs] [Times: user=0.00 sys=0.00, real=0.00 secs] 
2024-10-04T21:50:22.609+0300: 937.819: Total time for which application threads were stopped: 0.0016151 seconds, Stopping threads took: 0.0001644 seconds
2024-10-04T21:50:22.979+0300: 938.182: Application time: 0.3632401 seconds
2024-10-04T21:50:22.979+0300: 938.182: [GC (Allocation Failure) [PSYoungGen: 263486K->5440K(265728K)] 325616K->67610K(812032K), 0.0012055 secs] [Times: user=0.00 sys=0.00, real=0.00 secs] 
2024-10-04T21:50:22.979+0300: 938.183: Total time for which application threads were stopped: 0.0014927 seconds, Stopping threads took: 0.0001533 seconds
2024-10-04T21:50:23.355+0300: 938.558: Application time: 0.3743895 seconds
2024-10-04T21:50:23.355+0300: 938.558: [GC (Allocation Failure) [PSYoungGen: 263212K->4448K(265728K)] 325382K->66626K(812032K), 0.0012016 secs] [Times: user=0.00 sys=0.00, real=0.00 secs] 
2024-10-04T21:50:23.355+0300: 938.559: Total time for which application threads were stopped: 0.0014849 seconds, Stopping threads took: 0.0001112 seconds
2024-10-04T21:50:23.717+0300: 938.922: Application time: 0.3629737 seconds
2024-10-04T21:50:23.717+0300: 938.922: [GC (Allocation Failure) [PSYoungGen: 262945K->5472K(265728K)] 325123K->67658K(812032K), 0.0012527 secs] [Times: user=0.00 sys=0.00, real=0.00 secs] 
2024-10-04T21:50:23.717+0300: 938.924: Total time for which application threads were stopped: 0.0016109 seconds, Stopping threads took: 0.0002105 seconds
2024-10-04T21:50:24.077+0300: 939.291: Application time: 0.3672009 seconds
2024-10-04T21:50:24.077+0300: 939.291: [GC (Allocation Failure) [PSYoungGen: 263685K->5472K(265728K)] 325871K->67674K(812032K), 0.0012135 secs] [Times: user=0.00 sys=0.00, real=0.00 secs] 
2024-10-04T21:50:24.077+0300: 939.292: Total time for which application threads were stopped: 0.0014992 seconds, Stopping threads took: 0.0001520 seconds
2024-10-04T21:50:24.454+0300: 939.667: Application time: 0.3741879 seconds
2024-10-04T21:50:24.454+0300: 939.667: [GC (Allocation Failure) [PSYoungGen: 263978K->4448K(265728K)] 326180K->66658K(812032K), 0.0010871 secs] [Times: user=0.00 sys=0.00, real=0.00 secs] 
2024-10-04T21:50:24.454+0300: 939.668: Total time for which application threads were stopped: 0.0014067 seconds, Stopping threads took: 0.0001799 seconds
2024-10-04T21:50:24.815+0300: 940.027: Application time: 0.3590433 seconds
2024-10-04T21:50:24.815+0300: 940.027: [GC (Allocation Failure) [PSYoungGen: 262298K->5472K(265728K)] 324508K->67698K(812032K), 0.0012422 secs] [Times: user=0.00 sys=0.00, real=0.00 secs] 
2024-10-04T21:50:24.815+0300: 940.029: Total time for which application threads were stopped: 0.0015632 seconds, Stopping threads took: 0.0001724 seconds
2024-10-04T21:50:25.191+0300: 940.402: Application time: 0.3729791 seconds
2024-10-04T21:50:25.191+0300: 940.402: [GC (Allocation Failure) [PSYoungGen: 263292K->3424K(265728K)] 325518K->65698K(812032K), 0.0010290 secs] [Times: user=0.00 sys=0.00, real=0.00 secs] 
2024-10-04T21:50:25.191+0300: 940.403: Total time for which application threads were stopped: 0.0014161 seconds, Stopping threads took: 0.0002143 seconds
2024-10-04T21:50:25.552+0300: 940.768: Application time: 0.3652788 seconds
2024-10-04T21:50:25.552+0300: 940.769: [GC (Allocation Failure) [PSYoungGen: 260960K->4416K(265728K)] 323234K->66698K(812032K), 0.0011368 secs] [Times: user=0.00 sys=0.00, real=0.02 secs] 
2024-10-04T21:50:25.568+0300: 940.770: Total time for which application threads were stopped: 0.0014245 seconds, Stopping threads took: 0.0001397 seconds
2024-10-04T21:50:25.929+0300: 941.131: Application time: 0.3614441 seconds
2024-10-04T21:50:25.929+0300: 941.131: [GC (Allocation Failure) [PSYoungGen: 262612K->5440K(265728K)] 324894K->67738K(812032K), 0.0012596 secs] [Times: user=0.00 sys=0.00, real=0.00 secs] 
2024-10-04T21:50:25.929+0300: 941.133: Total time for which application threads were stopped: 0.0015484 seconds, Stopping threads took: 0.0001653 seconds
2024-10-04T21:50:26.305+0300: 941.511: Application time: 0.3780201 seconds
2024-10-04T21:50:26.305+0300: 941.511: [GC (Allocation Failure) [PSYoungGen: 264000K->4448K(265728K)] 326298K->66754K(812032K), 0.0010326 secs] [Times: user=0.00 sys=0.00, real=0.00 secs] 
2024-10-04T21:50:26.305+0300: 941.512: Total time for which application threads were stopped: 0.0013148 seconds, Stopping threads took: 0.0001495 seconds
2024-10-04T21:50:26.666+0300: 941.873: Application time: 0.3611743 seconds
2024-10-04T21:50:26.666+0300: 941.874: [GC (Allocation Failure) [PSYoungGen: 262185K->3408K(265728K)] 324491K->65722K(812032K), 0.0009865 secs] [Times: user=0.00 sys=0.00, real=0.00 secs] 
2024-10-04T21:50:26.666+0300: 941.875: Total time for which application threads were stopped: 0.0012540 seconds, Stopping threads took: 0.0001400 seconds
2024-10-04T21:50:27.027+0300: 942.240: Application time: 0.3650672 seconds
2024-10-04T21:50:27.027+0300: 942.240: [GC (Allocation Failure) [PSYoungGen: 261540K->4352K(266240K)] 323854K->66770K(812544K), 0.0010138 secs] [Times: user=0.00 sys=0.00, real=0.00 secs] 
2024-10-04T21:50:27.027+0300: 942.241: Total time for which application threads were stopped: 0.0012678 seconds, Stopping threads took: 0.0001258 seconds
2024-10-04T21:50:27.403+0300: 942.617: Application time: 0.3762840 seconds
2024-10-04T21:50:27.403+0300: 942.617: [GC (Allocation Failure) [PSYoungGen: 262928K->4448K(265728K)] 325346K->66874K(812032K), 0.0011018 secs] [Times: user=0.00 sys=0.00, real=0.00 secs] 
2024-10-04T21:50:27.403+0300: 942.619: Total time for which application threads were stopped: 0.0013796 seconds, Stopping threads took: 0.0001322 seconds
2024-10-04T21:50:27.764+0300: 942.979: Application time: 0.3609401 seconds
2024-10-04T21:50:27.764+0300: 942.980: [GC (Allocation Failure) [PSYoungGen: 263427K->5408K(266240K)] 325854K->67850K(812544K), 0.0015279 secs] [Times: user=0.02 sys=0.00, real=0.02 secs] 
2024-10-04T21:50:27.780+0300: 942.981: Total time for which application threads were stopped: 0.0019126 seconds, Stopping threads took: 0.0002112 seconds
2024-10-04T21:50:28.141+0300: 943.354: Application time: 0.3724356 seconds
2024-10-04T21:50:28.141+0300: 943.354: [GC (Allocation Failure) [PSYoungGen: 264408K->3424K(266240K)] 326850K->65874K(812544K), 0.0010766 secs] [Times: user=0.00 sys=0.00, real=0.00 secs] 
2024-10-04T21:50:28.141+0300: 943.355: Total time for which application threads were stopped: 0.0014122 seconds, Stopping threads took: 0.0001619 seconds
2024-10-04T21:50:28.517+0300: 943.723: Application time: 0.3672507 seconds
2024-10-04T21:50:28.517+0300: 943.723: [GC (Allocation Failure) [PSYoungGen: 262054K->3376K(266240K)] 324505K->65866K(812544K), 0.0010270 secs] [Times: user=0.00 sys=0.00, real=0.01 secs] 
2024-10-04T21:50:28.522+0300: 943.724: Total time for which application threads were stopped: 0.0013337 seconds, Stopping threads took: 0.0001726 seconds
2024-10-04T21:50:28.878+0300: 944.090: Application time: 0.3663590 seconds
2024-10-04T21:50:28.878+0300: 944.090: [GC (Allocation Failure) [PSYoungGen: 262639K->5440K(266240K)] 325130K->67978K(812544K), 0.0012025 secs] [Times: user=0.00 sys=0.00, real=0.00 secs] 
2024-10-04T21:50:28.878+0300: 944.092: Total time for which application threads were stopped: 0.0015323 seconds, Stopping threads took: 0.0001861 seconds
2024-10-04T21:50:29.255+0300: 944.466: Application time: 0.3742200 seconds
2024-10-04T21:50:29.255+0300: 944.466: [GC (Allocation Failure) [PSYoungGen: 264912K->3440K(266240K)] 327450K->65986K(812544K), 0.0010021 secs] [Times: user=0.00 sys=0.00, real=0.00 secs] 
2024-10-04T21:50:29.255+0300: 944.467: Total time for which application threads were stopped: 0.0013215 seconds, Stopping threads took: 0.0001904 seconds
2024-10-04T21:50:29.632+0300: 944.833: Application time: 0.3661230 seconds
2024-10-04T21:50:29.632+0300: 944.834: [GC (Allocation Failure) [PSYoungGen: 262625K->5440K(265216K)] 325171K->68002K(811520K), 0.0012694 secs] [Times: user=0.00 sys=0.00, real=0.00 secs] 
2024-10-04T21:50:29.632+0300: 944.835: Total time for which application threads were stopped: 0.0015576 seconds, Stopping threads took: 0.0001545 seconds
2024-10-04T21:50:29.992+0300: 945.202: Application time: 0.3665213 seconds
2024-10-04T21:50:29.992+0300: 945.202: [GC (Allocation Failure) [PSYoungGen: 264386K->3424K(265728K)] 326948K->65994K(812032K), 0.0008442 secs] [Times: user=0.00 sys=0.00, real=0.00 secs] 
2024-10-04T21:50:29.992+0300: 945.203: Total time for which application threads were stopped: 0.0011389 seconds, Stopping threads took: 0.0001662 seconds
2024-10-04T21:50:30.369+0300: 945.570: Application time: 0.3674980 seconds
2024-10-04T21:50:30.369+0300: 945.570: [GC (Allocation Failure) [PSYoungGen: 261099K->5440K(265728K)] 323669K->68018K(812032K), 0.0012621 secs] [Times: user=0.00 sys=0.00, real=0.00 secs] 
2024-10-04T21:50:30.369+0300: 945.572: Total time for which application threads were stopped: 0.0016366 seconds, Stopping threads took: 0.0002187 seconds
2024-10-04T21:50:30.730+0300: 945.941: Application time: 0.3691081 seconds
2024-10-04T21:50:30.730+0300: 945.941: [GC (Allocation Failure) [PSYoungGen: 264000K->3424K(265728K)] 326578K->66010K(812032K), 0.0009511 secs] [Times: user=0.00 sys=0.00, real=0.00 secs] 
2024-10-04T21:50:30.730+0300: 945.942: Total time for which application threads were stopped: 0.0012574 seconds, Stopping threads took: 0.0001876 seconds
2024-10-04T21:50:31.091+0300: 946.305: Application time: 0.3623852 seconds
2024-10-04T21:50:31.091+0300: 946.305: [GC (Allocation Failure) [PSYoungGen: 261102K->5440K(265728K)] 323688K->68042K(812032K), 0.0011082 secs] [Times: user=0.00 sys=0.00, real=0.00 secs] 
2024-10-04T21:50:31.091+0300: 946.306: Total time for which application threads were stopped: 0.0013930 seconds, Stopping threads took: 0.0001400 seconds
2024-10-04T21:50:31.468+0300: 946.676: Application time: 0.3702959 seconds
2024-10-04T21:50:31.468+0300: 946.677: [GC (Allocation Failure) [PSYoungGen: 263425K->5424K(265728K)] 326027K->68074K(812032K), 0.0011837 secs] [Times: user=0.00 sys=0.00, real=0.00 secs] 
2024-10-04T21:50:31.468+0300: 946.678: Total time for which application threads were stopped: 0.0015176 seconds, Stopping threads took: 0.0001985 seconds
2024-10-04T21:50:31.829+0300: 947.044: Application time: 0.3662593 seconds
2024-10-04T21:50:31.829+0300: 947.044: [GC (Allocation Failure) [PSYoungGen: 263112K->5472K(265728K)] 325763K->68130K(812032K), 0.0013047 secs] [Times: user=0.02 sys=0.00, real=0.02 secs] 
2024-10-04T21:50:31.844+0300: 947.046: Total time for which application threads were stopped: 0.0015980 seconds, Stopping threads took: 0.0001643 seconds
2024-10-04T21:50:32.205+0300: 947.417: Application time: 0.3712066 seconds
2024-10-04T21:50:32.205+0300: 947.417: [GC (Allocation Failure) [PSYoungGen: 263179K->4464K(265728K)] 325837K->67130K(812032K), 0.0009852 secs] [Times: user=0.00 sys=0.00, real=0.00 secs] 
2024-10-04T21:50:32.205+0300: 947.418: Total time for which application threads were stopped: 0.0012560 seconds, Stopping threads took: 0.0001347 seconds
2024-10-04T21:50:32.566+0300: 947.782: Application time: 0.3636650 seconds
2024-10-04T21:50:32.581+0300: 947.782: [GC (Allocation Failure) [PSYoungGen: 262643K->4448K(265728K)] 325310K->67122K(812032K), 0.0011937 secs] [Times: user=0.00 sys=0.00, real=0.00 secs] 
2024-10-04T21:50:32.581+0300: 947.783: Total time for which application threads were stopped: 0.0015591 seconds, Stopping threads took: 0.0002276 seconds
2024-10-04T21:50:32.942+0300: 948.147: Application time: 0.3639635 seconds
2024-10-04T21:50:32.942+0300: 948.147: [GC (Allocation Failure) [PSYoungGen: 262078K->5344K(265728K)] 324752K->68118K(812032K), 0.0011762 secs] [Times: user=0.00 sys=0.00, real=0.00 secs] 
2024-10-04T21:50:32.942+0300: 948.149: Total time for which application threads were stopped: 0.0014456 seconds, Stopping threads took: 0.0001361 seconds
2024-10-04T21:50:33.319+0300: 948.521: Application time: 0.3721068 seconds
2024-10-04T21:50:33.319+0300: 948.521: [GC (Allocation Failure) [PSYoungGen: 263289K->4416K(265728K)] 326064K->67198K(812032K), 0.0011249 secs] [Times: user=0.00 sys=0.00, real=0.00 secs] 
2024-10-04T21:50:33.319+0300: 948.522: Total time for which application threads were stopped: 0.0014735 seconds, Stopping threads took: 0.0001975 seconds
2024-10-04T21:50:33.680+0300: 948.888: Application time: 0.3660702 seconds
2024-10-04T21:50:33.680+0300: 948.889: [GC (Allocation Failure) [PSYoungGen: 262128K->2368K(265216K)] 324910K->65174K(811520K), 0.0008863 secs] [Times: user=0.00 sys=0.00, real=0.00 secs] 
2024-10-04T21:50:33.680+0300: 948.890: Total time for which application threads were stopped: 0.0011588 seconds, Stopping threads took: 0.0001493 seconds
2024-10-04T21:50:34.041+0300: 949.255: Application time: 0.3657961 seconds
2024-10-04T21:50:34.041+0300: 949.256: [GC (Allocation Failure) [PSYoungGen: 260928K->3440K(265728K)] 323734K->66254K(812032K), 0.0008711 secs] [Times: user=0.00 sys=0.00, real=0.00 secs] 
2024-10-04T21:50:34.041+0300: 949.257: Total time for which application threads were stopped: 0.0011458 seconds, Stopping threads took: 0.0001520 seconds
2024-10-04T21:50:34.418+0300: 949.627: Application time: 0.3700230 seconds
2024-10-04T21:50:34.418+0300: 949.627: [GC (Allocation Failure) [PSYoungGen: 261252K->4480K(266240K)] 324066K->67302K(812544K), 0.0010457 secs] [Times: user=0.00 sys=0.00, real=0.00 secs] 
2024-10-04T21:50:34.418+0300: 949.628: Total time for which application threads were stopped: 0.0013351 seconds, Stopping threads took: 0.0001622 seconds
2024-10-04T21:50:34.779+0300: 949.994: Application time: 0.3657867 seconds
2024-10-04T21:50:34.779+0300: 949.994: [GC (Allocation Failure) [PSYoungGen: 263426K->4400K(265728K)] 326248K->67298K(812032K), 0.0010748 secs] [Times: user=0.00 sys=0.00, real=0.00 secs] 
2024-10-04T21:50:34.794+0300: 949.995: Total time for which application threads were stopped: 0.0013928 seconds, Stopping threads took: 0.0001787 seconds
2024-10-04T21:50:35.156+0300: 950.364: Application time: 0.3687518 seconds
2024-10-04T21:50:35.156+0300: 950.364: [GC (Allocation Failure) [PSYoungGen: 263338K->3360K(266240K)] 326236K->66266K(812544K), 0.0010466 secs] [Times: user=0.00 sys=0.00, real=0.00 secs] 
2024-10-04T21:50:35.156+0300: 950.365: Total time for which application threads were stopped: 0.0014344 seconds, Stopping threads took: 0.0002180 seconds
2024-10-04T21:50:35.532+0300: 950.732: Application time: 0.3672373 seconds
2024-10-04T21:50:35.532+0300: 950.733: [GC (Allocation Failure) [PSYoungGen: 262151K->4448K(266240K)] 325057K->67362K(812544K), 0.0011071 secs] [Times: user=0.00 sys=0.00, real=0.00 secs] 
2024-10-04T21:50:35.532+0300: 950.734: Total time for which application threads were stopped: 0.0014856 seconds, Stopping threads took: 0.0002214 seconds
2024-10-04T21:50:35.898+0300: 951.099: Application time: 0.3652064 seconds
2024-10-04T21:50:35.898+0300: 951.099: [GC (Allocation Failure) [PSYoungGen: 263438K->5440K(266240K)] 326353K->68362K(812544K), 0.0013011 secs] [Times: user=0.00 sys=0.00, real=0.00 secs] 
2024-10-04T21:50:35.900+0300: 951.101: Total time for which application threads were stopped: 0.0016065 seconds, Stopping threads took: 0.0001640 seconds
2024-10-04T21:50:36.269+0300: 951.476: Application time: 0.3750522 seconds
2024-10-04T21:50:36.269+0300: 951.476: [GC (Allocation Failure) [PSYoungGen: 264209K->3424K(266240K)] 327131K->66354K(812544K), 0.0009650 secs] [Times: user=0.00 sys=0.00, real=0.00 secs] 
2024-10-04T21:50:36.269+0300: 951.477: Total time for which application threads were stopped: 0.0013004 seconds, Stopping threads took: 0.0001931 seconds
2024-10-04T21:50:36.640+0300: 951.845: Application time: 0.3675004 seconds
2024-10-04T21:50:36.640+0300: 951.845: [GC (Allocation Failure) [PSYoungGen: 263008K->3392K(266240K)] 325938K->66330K(812544K), 0.0010212 secs] [Times: user=0.00 sys=0.00, real=0.00 secs] 
2024-10-04T21:50:36.640+0300: 951.846: Total time for which application threads were stopped: 0.0013480 seconds, Stopping threads took: 0.0001698 seconds
2024-10-04T21:50:37.007+0300: 952.211: Application time: 0.3646527 seconds
2024-10-04T21:50:37.007+0300: 952.211: [GC (Allocation Failure) [PSYoungGen: 262311K->4432K(266240K)] 325249K->67378K(812544K), 0.0012346 secs] [Times: user=0.00 sys=0.00, real=0.00 secs] 
2024-10-04T21:50:37.007+0300: 952.212: Total time for which application threads were stopped: 0.0015180 seconds, Stopping threads took: 0.0001374 seconds
2024-10-04T21:50:37.383+0300: 952.585: Application time: 0.3727661 seconds
2024-10-04T21:50:37.383+0300: 952.585: [GC (Allocation Failure) [PSYoungGen: 263188K->5456K(266240K)] 326135K->68418K(812544K), 0.0011541 secs] [Times: user=0.00 sys=0.00, real=0.00 secs] 
2024-10-04T21:50:37.383+0300: 952.586: Total time for which application threads were stopped: 0.0014590 seconds, Stopping threads took: 0.0001641 seconds
2024-10-04T21:50:37.745+0300: 952.955: Application time: 0.3681265 seconds
2024-10-04T21:50:37.745+0300: 952.955: [GC (Allocation Failure) [PSYoungGen: 264409K->5376K(266240K)] 327372K->68394K(812544K), 0.0012505 secs] [Times: user=0.00 sys=0.00, real=0.00 secs] 
2024-10-04T21:50:37.745+0300: 952.956: Total time for which application threads were stopped: 0.0015240 seconds, Stopping threads took: 0.0001397 seconds
2024-10-04T21:50:38.120+0300: 953.335: Application time: 0.3793834 seconds
2024-10-04T21:50:38.120+0300: 953.336: [GC (Allocation Failure) [PSYoungGen: 264285K->4336K(266240K)] 327304K->67386K(812544K), 0.0012825 secs] [Times: user=0.00 sys=0.00, real=0.02 secs] 
2024-10-04T21:50:38.136+0300: 953.337: Total time for which application threads were stopped: 0.0015944 seconds, Stopping threads took: 0.0001275 seconds
2024-10-04T21:50:38.513+0300: 953.714: Application time: 0.3771980 seconds
2024-10-04T21:50:38.513+0300: 953.714: [GC (Allocation Failure) [PSYoungGen: 263920K->3424K(266240K)] 326970K->66522K(812544K), 0.0009927 secs] [Times: user=0.00 sys=0.00, real=0.00 secs] 
2024-10-04T21:50:38.513+0300: 953.716: Total time for which application threads were stopped: 0.0012816 seconds, Stopping threads took: 0.0001406 seconds
2024-10-04T21:50:38.889+0300: 954.092: Application time: 0.3761493 seconds
2024-10-04T21:50:38.889+0300: 954.092: [GC (Allocation Failure) [PSYoungGen: 262560K->4416K(266240K)] 325658K->67554K(812544K), 0.0011569 secs] [Times: user=0.00 sys=0.00, real=0.00 secs] 
2024-10-04T21:50:38.889+0300: 954.093: Total time for which application threads were stopped: 0.0014568 seconds, Stopping threads took: 0.0001570 seconds
2024-10-04T21:50:39.267+0300: 954.468: Application time: 0.3743720 seconds
2024-10-04T21:50:39.267+0300: 954.468: [GC (Allocation Failure) [PSYoungGen: 263947K->5440K(266240K)] 327085K->68594K(812544K), 0.0013965 secs] [Times: user=0.00 sys=0.00, real=0.00 secs] 
2024-10-04T21:50:39.267+0300: 954.469: Total time for which application threads were stopped: 0.0017310 seconds, Stopping threads took: 0.0001901 seconds
2024-10-04T21:50:39.627+0300: 954.839: Application time: 0.3695062 seconds
2024-10-04T21:50:39.627+0300: 954.839: [GC (Allocation Failure) [PSYoungGen: 264186K->5440K(266240K)] 327341K->68642K(812544K), 0.0012949 secs] [Times: user=0.00 sys=0.00, real=0.00 secs] 
2024-10-04T21:50:39.627+0300: 954.840: Total time for which application threads were stopped: 0.0015838 seconds, Stopping threads took: 0.0001371 seconds
2024-10-04T21:50:40.003+0300: 955.211: Application time: 0.3708687 seconds
2024-10-04T21:50:40.003+0300: 955.211: [GC (Allocation Failure) [PSYoungGen: 264447K->4384K(266240K)] 327649K->67594K(812544K), 0.0012233 secs] [Times: user=0.00 sys=0.00, real=0.00 secs] 
2024-10-04T21:50:40.003+0300: 955.213: Total time for which application threads were stopped: 0.0015699 seconds, Stopping threads took: 0.0001601 seconds
2024-10-04T21:50:40.380+0300: 955.587: Application time: 0.3741516 seconds
2024-10-04T21:50:40.380+0300: 955.587: [GC (Allocation Failure) [PSYoungGen: 263351K->4448K(266240K)] 326562K->67666K(812544K), 0.0011569 secs] [Times: user=0.00 sys=0.00, real=0.00 secs] 
2024-10-04T21:50:40.380+0300: 955.588: Total time for which application threads were stopped: 0.0014816 seconds, Stopping threads took: 0.0001907 seconds
2024-10-04T21:50:40.748+0300: 955.953: Application time: 0.3642124 seconds
2024-10-04T21:50:40.748+0300: 955.953: [GC (Allocation Failure) [PSYoungGen: 263285K->5440K(266240K)] 326504K->68666K(812544K), 0.0013190 secs] [Times: user=0.00 sys=0.00, real=0.00 secs] 
2024-10-04T21:50:40.748+0300: 955.954: Total time for which application threads were stopped: 0.0016720 seconds, Stopping threads took: 0.0001991 seconds
2024-10-04T21:50:41.118+0300: 956.327: Application time: 0.3727410 seconds
2024-10-04T21:50:41.118+0300: 956.327: [GC (Allocation Failure) [PSYoungGen: 264547K->4448K(266240K)] 327773K->67714K(812544K), 0.0010820 secs] [Times: user=0.00 sys=0.00, real=0.00 secs] 
2024-10-04T21:50:41.118+0300: 956.328: Total time for which application threads were stopped: 0.0013903 seconds, Stopping threads took: 0.0001613 seconds
2024-10-04T21:50:41.495+0300: 956.701: Application time: 0.3727190 seconds
2024-10-04T21:50:41.495+0300: 956.701: [GC (Allocation Failure) [PSYoungGen: 263060K->4416K(266240K)] 326327K->67722K(812544K), 0.0011284 secs] [Times: user=0.00 sys=0.00, real=0.00 secs] 
2024-10-04T21:50:41.495+0300: 956.703: Total time for which application threads were stopped: 0.0014530 seconds, Stopping threads took: 0.0001756 seconds
2024-10-04T21:50:41.856+0300: 957.068: Application time: 0.3649866 seconds
2024-10-04T21:50:41.856+0300: 957.068: [GC (Allocation Failure) [PSYoungGen: 263379K->5472K(265728K)] 326685K->68786K(812032K), 0.0012293 secs] [Times: user=0.00 sys=0.00, real=0.00 secs] 
2024-10-04T21:50:41.856+0300: 957.069: Total time for which application threads were stopped: 0.0015691 seconds, Stopping threads took: 0.0001646 seconds
2024-10-04T21:50:42.232+0300: 957.445: Application time: 0.3759689 seconds
2024-10-04T21:50:42.232+0300: 957.445: [GC (Allocation Failure) [PSYoungGen: 264565K->4432K(266240K)] 327880K->67762K(812544K), 0.0012275 secs] [Times: user=0.00 sys=0.00, real=0.00 secs] 
2024-10-04T21:50:42.232+0300: 957.447: Total time for which application threads were stopped: 0.0015733 seconds, Stopping threads took: 0.0001504 seconds
2024-10-04T21:50:42.609+0300: 957.816: Application time: 0.3687900 seconds
2024-10-04T21:50:42.609+0300: 957.816: [GC (Allocation Failure) [PSYoungGen: 263910K->5456K(266240K)] 327240K->68810K(812544K), 0.0012881 secs] [Times: user=0.00 sys=0.00, real=0.00 secs] 
2024-10-04T21:50:42.609+0300: 957.817: Total time for which application threads were stopped: 0.0016231 seconds, Stopping threads took: 0.0001798 seconds
2024-10-04T21:50:42.986+0300: 958.189: Application time: 0.3714826 seconds
2024-10-04T21:50:42.986+0300: 958.189: [GC (Allocation Failure) [PSYoungGen: 264659K->4448K(266240K)] 328014K->67810K(812544K), 0.0011852 secs] [Times: user=0.00 sys=0.00, real=0.00 secs] 
2024-10-04T21:50:42.986+0300: 958.190: Total time for which application threads were stopped: 0.0014475 seconds, Stopping threads took: 0.0001138 seconds
2024-10-04T21:50:43.363+0300: 958.566: Application time: 0.3756906 seconds
2024-10-04T21:50:43.363+0300: 958.566: [GC (Allocation Failure) [PSYoungGen: 263363K->4448K(266752K)] 326726K->67818K(813056K), 0.0012666 secs] [Times: user=0.00 sys=0.00, real=0.00 secs] 
2024-10-04T21:50:43.363+0300: 958.567: Total time for which application threads were stopped: 0.0015616 seconds, Stopping threads took: 0.0001327 seconds
2024-10-04T21:50:43.739+0300: 958.942: Application time: 0.3743043 seconds
2024-10-04T21:50:43.739+0300: 958.942: [GC (Allocation Failure) [PSYoungGen: 264152K->5424K(266240K)] 327522K->68802K(812544K), 0.0013206 secs] [Times: user=0.00 sys=0.00, real=0.00 secs] 
2024-10-04T21:50:43.739+0300: 958.943: Total time for which application threads were stopped: 0.0016163 seconds, Stopping threads took: 0.0001386 seconds
2024-10-04T21:50:44.101+0300: 959.310: Application time: 0.3670109 seconds
2024-10-04T21:50:44.101+0300: 959.311: [GC (Allocation Failure) [PSYoungGen: 264599K->4416K(266240K)] 327978K->67870K(812544K), 0.0011622 secs] [Times: user=0.00 sys=0.00, real=0.00 secs] 
2024-10-04T21:50:44.101+0300: 959.312: Total time for which application threads were stopped: 0.0014901 seconds, Stopping threads took: 0.0001581 seconds
2024-10-04T21:50:44.478+0300: 959.691: Application time: 0.3788573 seconds
2024-10-04T21:50:44.478+0300: 959.691: [GC (Allocation Failure) [PSYoungGen: 264000K->4432K(266240K)] 327454K->67894K(812544K), 0.0011268 secs] [Times: user=0.00 sys=0.00, real=0.00 secs] 
2024-10-04T21:50:44.478+0300: 959.692: Total time for which application threads were stopped: 0.0014678 seconds, Stopping threads took: 0.0001810 seconds
2024-10-04T21:50:44.856+0300: 960.058: Application time: 0.3655727 seconds
2024-10-04T21:50:44.856+0300: 960.058: [GC (Allocation Failure) [PSYoungGen: 263573K->4448K(266752K)] 327036K->67950K(813056K), 0.0011236 secs] [Times: user=0.00 sys=0.00, real=0.00 secs] 
2024-10-04T21:50:44.856+0300: 960.059: Total time for which application threads were stopped: 0.0013985 seconds, Stopping threads took: 0.0001048 seconds
2024-10-04T21:50:45.231+0300: 960.435: Application time: 0.3762498 seconds
2024-10-04T21:50:45.231+0300: 960.436: [GC (Allocation Failure) [PSYoungGen: 264436K->4288K(266752K)] 327939K->67798K(813056K), 0.0010411 secs] [Times: user=0.00 sys=0.00, real=0.00 secs] 
2024-10-04T21:50:45.231+0300: 960.437: Total time for which application threads were stopped: 0.0013243 seconds, Stopping threads took: 0.0001522 seconds
2024-10-04T21:50:45.592+0300: 960.803: Application time: 0.3660746 seconds
2024-10-04T21:50:45.592+0300: 960.803: [GC (Allocation Failure) [PSYoungGen: 264272K->5440K(266752K)] 327783K->68966K(813056K), 0.0014059 secs] [Times: user=0.00 sys=0.00, real=0.00 secs] 
2024-10-04T21:50:45.592+0300: 960.804: Total time for which application threads were stopped: 0.0017437 seconds, Stopping threads took: 0.0001889 seconds
2024-10-04T21:50:45.969+0300: 961.173: Application time: 0.3684588 seconds
2024-10-04T21:50:45.969+0300: 961.173: [GC (Allocation Failure) [PSYoungGen: 265519K->5424K(266240K)] 329046K->68990K(812544K), 0.0011654 secs] [Times: user=0.00 sys=0.00, real=0.00 secs] 
2024-10-04T21:50:45.969+0300: 961.174: Total time for which application threads were stopped: 0.0014007 seconds, Stopping threads took: 0.0001126 seconds
2024-10-04T21:50:46.346+0300: 961.547: Application time: 0.3729515 seconds
2024-10-04T21:50:46.346+0300: 961.548: [GC (Allocation Failure) [PSYoungGen: 265320K->4448K(266752K)] 328887K->68022K(813056K), 0.0012937 secs] [Times: user=0.00 sys=0.00, real=0.00 secs] 
2024-10-04T21:50:46.346+0300: 961.549: Total time for which application threads were stopped: 0.0016713 seconds, Stopping threads took: 0.0002092 seconds
2024-10-04T21:50:46.717+0300: 961.918: Application time: 0.3689412 seconds
2024-10-04T21:50:46.717+0300: 961.918: [GC (Allocation Failure) [PSYoungGen: 264496K->5424K(266240K)] 328071K->69014K(812544K), 0.0011570 secs] [Times: user=0.00 sys=0.00, real=0.00 secs] 
2024-10-04T21:50:46.718+0300: 961.919: Total time for which application threads were stopped: 0.0014392 seconds, Stopping threads took: 0.0001416 seconds
2024-10-04T21:50:47.084+0300: 962.286: Application time: 0.3664156 seconds
2024-10-04T21:50:47.084+0300: 962.286: [GC (Allocation Failure) [PSYoungGen: 265163K->2368K(266240K)] 328754K->65998K(812544K), 0.0009205 secs] [Times: user=0.00 sys=0.00, real=0.00 secs] 
2024-10-04T21:50:47.084+0300: 962.287: Total time for which application threads were stopped: 0.0012369 seconds, Stopping threads took: 0.0001728 seconds
2024-10-04T21:50:47.445+0300: 962.658: Application time: 0.3705294 seconds
2024-10-04T21:50:47.445+0300: 962.658: [GC (Allocation Failure) [PSYoungGen: 261359K->5472K(266240K)] 324989K->69110K(812544K), 0.0013119 secs] [Times: user=0.00 sys=0.00, real=0.00 secs] 
2024-10-04T21:50:47.445+0300: 962.659: Total time for which application threads were stopped: 0.0017168 seconds, Stopping threads took: 0.0002317 seconds
2024-10-04T21:50:47.821+0300: 963.028: Application time: 0.3683504 seconds
2024-10-04T21:50:47.821+0300: 963.028: [GC (Allocation Failure) [PSYoungGen: 264446K->4448K(266240K)] 328085K->68094K(812544K), 0.0010241 secs] [Times: user=0.00 sys=0.00, real=0.00 secs] 
2024-10-04T21:50:47.821+0300: 963.029: Total time for which application threads were stopped: 0.0013133 seconds, Stopping threads took: 0.0001568 seconds
2024-10-04T21:50:48.182+0300: 963.397: Application time: 0.3683758 seconds
2024-10-04T21:50:48.182+0300: 963.398: [GC (Allocation Failure) [PSYoungGen: 263249K->4416K(266240K)] 326895K->68070K(812544K), 0.0012449 secs] [Times: user=0.00 sys=0.00, real=0.02 secs] 
2024-10-04T21:50:48.198+0300: 963.399: Total time for which application threads were stopped: 0.0018597 seconds, Stopping threads took: 0.0004411 seconds
2024-10-04T21:50:48.559+0300: 963.765: Application time: 0.3655242 seconds
2024-10-04T21:50:48.564+0300: 963.765: [GC (Allocation Failure) [PSYoungGen: 263525K->4432K(266240K)] 327180K->68126K(812544K), 0.0011423 secs] [Times: user=0.00 sys=0.00, real=0.00 secs] 
2024-10-04T21:50:48.564+0300: 963.766: Total time for which application threads were stopped: 0.0014816 seconds, Stopping threads took: 0.0001589 seconds
2024-10-04T21:50:48.920+0300: 964.135: Application time: 0.3684016 seconds
2024-10-04T21:50:48.920+0300: 964.135: [GC (Allocation Failure) [PSYoungGen: 263005K->4480K(266240K)] 326700K->68182K(812544K), 0.0010426 secs] [Times: user=0.00 sys=0.00, real=0.00 secs] 
2024-10-04T21:50:48.920+0300: 964.136: Total time for which application threads were stopped: 0.0013566 seconds, Stopping threads took: 0.0001690 seconds
2024-10-04T21:50:49.296+0300: 964.505: Application time: 0.3692271 seconds
2024-10-04T21:50:49.296+0300: 964.505: [GC (Allocation Failure) [PSYoungGen: 263504K->5456K(265728K)] 327207K->69175K(812032K), 0.0012737 secs] [Times: user=0.00 sys=0.00, real=0.00 secs] 
2024-10-04T21:50:49.296+0300: 964.507: Total time for which application threads were stopped: 0.0016766 seconds, Stopping threads took: 0.0001759 seconds
2024-10-04T21:50:49.673+0300: 964.876: Application time: 0.3689175 seconds
2024-10-04T21:50:49.673+0300: 964.876: [GC (Allocation Failure) [PSYoungGen: 265040K->3472K(266240K)] 328759K->67198K(812544K), 0.0009321 secs] [Times: user=0.00 sys=0.00, real=0.00 secs] 
2024-10-04T21:50:49.673+0300: 964.877: Total time for which application threads were stopped: 0.0012010 seconds, Stopping threads took: 0.0001442 seconds
2024-10-04T21:50:50.033+0300: 965.243: Application time: 0.3656596 seconds
2024-10-04T21:50:50.033+0300: 965.243: [GC (Allocation Failure) [PSYoungGen: 262204K->4448K(266752K)] 325930K->68182K(813056K), 0.0010776 secs] [Times: user=0.00 sys=0.00, real=0.00 secs] 
2024-10-04T21:50:50.033+0300: 965.244: Total time for which application threads were stopped: 0.0013708 seconds, Stopping threads took: 0.0001619 seconds
2024-10-04T21:50:50.410+0300: 965.615: Application time: 0.3712011 seconds
2024-10-04T21:50:50.410+0300: 965.615: [GC (Allocation Failure) [PSYoungGen: 263554K->4384K(266240K)] 327289K->68195K(812544K), 0.0010664 secs] [Times: user=0.00 sys=0.00, real=0.00 secs] 
2024-10-04T21:50:50.410+0300: 965.617: Total time for which application threads were stopped: 0.0013625 seconds, Stopping threads took: 0.0001717 seconds
2024-10-04T21:50:50.771+0300: 965.984: Application time: 0.3672316 seconds
2024-10-04T21:50:50.771+0300: 965.984: [GC (Allocation Failure) [PSYoungGen: 263904K->3408K(266752K)] 327715K->67227K(813056K), 0.0008467 secs] [Times: user=0.00 sys=0.00, real=0.00 secs] 
2024-10-04T21:50:50.771+0300: 965.985: Total time for which application threads were stopped: 0.0010975 seconds, Stopping threads took: 0.0001240 seconds
2024-10-04T21:50:51.147+0300: 966.352: Application time: 0.3675140 seconds
2024-10-04T21:50:51.147+0300: 966.353: [GC (Allocation Failure) [PSYoungGen: 263699K->5440K(266240K)] 327517K->69307K(812544K), 0.0014966 secs] [Times: user=0.00 sys=0.00, real=0.00 secs] 
2024-10-04T21:50:51.147+0300: 966.354: Total time for which application threads were stopped: 0.0018311 seconds, Stopping threads took: 0.0001484 seconds
2024-10-04T21:50:51.524+0300: 966.728: Application time: 0.3737914 seconds
2024-10-04T21:50:51.524+0300: 966.728: [GC (Allocation Failure) [PSYoungGen: 265519K->3456K(266240K)] 329386K->67331K(812544K), 0.0010057 secs] [Times: user=0.00 sys=0.00, real=0.00 secs] 
2024-10-04T21:50:51.524+0300: 966.729: Total time for which application threads were stopped: 0.0013378 seconds, Stopping threads took: 0.0001981 seconds
2024-10-04T21:50:51.886+0300: 967.093: Application time: 0.3632163 seconds
2024-10-04T21:50:51.886+0300: 967.093: [GC (Allocation Failure) [PSYoungGen: 262050K->4448K(266240K)] 325925K->68331K(812544K), 0.0010772 secs] [Times: user=0.00 sys=0.00, real=0.00 secs] 
2024-10-04T21:50:51.886+0300: 967.094: Total time for which application threads were stopped: 0.0013751 seconds, Stopping threads took: 0.0001715 seconds
2024-10-04T21:50:52.262+0300: 967.468: Application time: 0.3736451 seconds
2024-10-04T21:50:52.262+0300: 967.468: [GC (Allocation Failure) [PSYoungGen: 263518K->4480K(266752K)] 327401K->68371K(813056K), 0.0010836 secs] [Times: user=0.00 sys=0.00, real=0.00 secs] 
2024-10-04T21:50:52.262+0300: 967.469: Total time for which application threads were stopped: 0.0014621 seconds, Stopping threads took: 0.0002128 seconds
2024-10-04T21:50:52.623+0300: 967.837: Application time: 0.3675343 seconds
2024-10-04T21:50:52.623+0300: 967.837: [GC (Allocation Failure) [PSYoungGen: 265088K->4352K(266752K)] 328979K->68291K(813056K), 0.0011904 secs] [Times: user=0.00 sys=0.00, real=0.00 secs] 
2024-10-04T21:50:52.623+0300: 967.838: Total time for which application threads were stopped: 0.0014851 seconds, Stopping threads took: 0.0001548 seconds
2024-10-04T21:50:53.000+0300: 968.205: Application time: 0.3671389 seconds
2024-10-04T21:50:53.000+0300: 968.205: [GC (Allocation Failure) [PSYoungGen: 264476K->4448K(266752K)] 328415K->68395K(813056K), 0.0010705 secs] [Times: user=0.00 sys=0.00, real=0.00 secs] 
2024-10-04T21:50:53.000+0300: 968.207: Total time for which application threads were stopped: 0.0013606 seconds, Stopping threads took: 0.0001575 seconds
2024-10-04T21:50:53.377+0300: 968.583: Application time: 0.3759592 seconds
2024-10-04T21:50:53.377+0300: 968.583: [GC (Allocation Failure) [PSYoungGen: 265056K->4464K(266752K)] 329003K->68419K(813056K), 0.0010644 secs] [Times: user=0.00 sys=0.00, real=0.00 secs] 
2024-10-04T21:50:53.377+0300: 968.584: Total time for which application threads were stopped: 0.0013124 seconds, Stopping threads took: 0.0001156 seconds
2024-10-04T21:50:53.737+0300: 968.949: Application time: 0.3649947 seconds
2024-10-04T21:50:53.737+0300: 968.949: [GC (Allocation Failure) [PSYoungGen: 264522K->5376K(266240K)] 328477K->69363K(812544K), 0.0014606 secs] [Times: user=0.00 sys=0.00, real=0.00 secs] 
2024-10-04T21:50:53.737+0300: 968.951: Total time for which application threads were stopped: 0.0017512 seconds, Stopping threads took: 0.0001540 seconds
2024-10-04T21:50:54.114+0300: 969.324: Application time: 0.3732083 seconds
2024-10-04T21:50:54.114+0300: 969.324: [GC (Allocation Failure) [PSYoungGen: 265984K->4480K(266752K)] 329971K->68475K(813056K), 0.0010698 secs] [Times: user=0.00 sys=0.00, real=0.00 secs] 
2024-10-04T21:50:54.114+0300: 969.325: Total time for which application threads were stopped: 0.0014199 seconds, Stopping threads took: 0.0002115 seconds
2024-10-04T21:50:54.490+0300: 969.698: Application time: 0.3729431 seconds
2024-10-04T21:50:54.490+0300: 969.698: [GC (Allocation Failure) [PSYoungGen: 264579K->5440K(266752K)] 328574K->69451K(813056K), 0.0012815 secs] [Times: user=0.00 sys=0.00, real=0.00 secs] 
2024-10-04T21:50:54.490+0300: 969.700: Total time for which application threads were stopped: 0.0016076 seconds, Stopping threads took: 0.0001822 seconds
2024-10-04T21:50:54.867+0300: 970.071: Application time: 0.3715203 seconds
2024-10-04T21:50:54.867+0300: 970.072: [GC (Allocation Failure) [PSYoungGen: 266048K->4464K(266752K)] 330059K->68483K(813056K), 0.0010817 secs] [Times: user=0.00 sys=0.00, real=0.00 secs] 
2024-10-04T21:50:54.867+0300: 970.073: Total time for which application threads were stopped: 0.0013350 seconds, Stopping threads took: 0.0001303 seconds
2024-10-04T21:50:55.243+0300: 970.446: Application time: 0.3730730 seconds
2024-10-04T21:50:55.243+0300: 970.446: [GC (Allocation Failure) [PSYoungGen: 264636K->4384K(266752K)] 328655K->68443K(813056K), 0.0010080 secs] [Times: user=0.00 sys=0.00, real=0.00 secs] 
2024-10-04T21:50:55.243+0300: 970.447: Total time for which application threads were stopped: 0.0013152 seconds, Stopping threads took: 0.0001814 seconds
2024-10-04T21:50:55.604+0300: 970.814: Application time: 0.3670902 seconds
2024-10-04T21:50:55.604+0300: 970.814: [GC (Allocation Failure) [PSYoungGen: 264365K->4448K(266752K)] 328424K->68515K(813056K), 0.0011962 secs] [Times: user=0.00 sys=0.00, real=0.00 secs] 
2024-10-04T21:50:55.604+0300: 970.816: Total time for which application threads were stopped: 0.0014971 seconds, Stopping threads took: 0.0001663 seconds
2024-10-04T21:50:55.981+0300: 971.183: Application time: 0.3668518 seconds
2024-10-04T21:50:55.981+0300: 971.183: [GC (Allocation Failure) [PSYoungGen: 264337K->5424K(266240K)] 328404K->69499K(812544K), 0.0011296 secs] [Times: user=0.00 sys=0.00, real=0.00 secs] 
2024-10-04T21:50:55.981+0300: 971.184: Total time for which application threads were stopped: 0.0014010 seconds, Stopping threads took: 0.0001513 seconds
2024-10-04T21:50:56.358+0300: 971.559: Application time: 0.3749880 seconds
2024-10-04T21:50:56.358+0300: 971.559: [GC (Allocation Failure) [PSYoungGen: 265343K->3392K(266752K)] 329418K->67483K(813056K), 0.0010325 secs] [Times: user=0.00 sys=0.00, real=0.00 secs] 
2024-10-04T21:50:56.358+0300: 971.560: Total time for which application threads were stopped: 0.0013439 seconds, Stopping threads took: 0.0001387 seconds
2024-10-04T21:50:56.719+0300: 971.924: Application time: 0.3640226 seconds
2024-10-04T21:50:56.719+0300: 971.925: [GC (Allocation Failure) [PSYoungGen: 263638K->5376K(266752K)] 327729K->69547K(813056K), 0.0012291 secs] [Times: user=0.00 sys=0.00, real=0.00 secs] 
2024-10-04T21:50:56.719+0300: 971.926: Total time for which application threads were stopped: 0.0015500 seconds, Stopping threads took: 0.0001824 seconds
2024-10-04T21:50:57.082+0300: 972.294: Application time: 0.3682470 seconds
2024-10-04T21:50:57.082+0300: 972.294: [GC (Allocation Failure) [PSYoungGen: 265225K->5456K(266240K)] 329396K->69635K(812544K), 0.0011818 secs] [Times: user=0.00 sys=0.00, real=0.00 secs] 
2024-10-04T21:50:57.082+0300: 972.296: Total time for which application threads were stopped: 0.0015078 seconds, Stopping threads took: 0.0001926 seconds
2024-10-04T21:50:57.456+0300: 972.667: Application time: 0.3713518 seconds
2024-10-04T21:50:57.456+0300: 972.667: [GC (Allocation Failure) [PSYoungGen: 265434K->5408K(266240K)] 329613K->69627K(812544K), 0.0014736 secs] [Times: user=0.00 sys=0.00, real=0.00 secs] 
2024-10-04T21:50:57.456+0300: 972.669: Total time for which application threads were stopped: 0.0019642 seconds, Stopping threads took: 0.0002910 seconds
2024-10-04T21:50:57.833+0300: 973.039: Application time: 0.3703796 seconds
2024-10-04T21:50:57.833+0300: 973.040: [GC (Allocation Failure) [PSYoungGen: 264413K->4432K(266240K)] 328632K->68659K(812544K), 0.0010942 secs] [Times: user=0.00 sys=0.00, real=0.00 secs] 
2024-10-04T21:50:57.833+0300: 973.041: Total time for which application threads were stopped: 0.0013653 seconds, Stopping threads took: 0.0001378 seconds
2024-10-04T21:50:58.209+0300: 973.410: Application time: 0.3694919 seconds
2024-10-04T21:50:58.209+0300: 973.410: [GC (Allocation Failure) [PSYoungGen: 263201K->5440K(266240K)] 327429K->69675K(812544K), 0.0013910 secs] [Times: user=0.00 sys=0.00, real=0.00 secs] 
2024-10-04T21:50:58.209+0300: 973.412: Total time for which application threads were stopped: 0.0017594 seconds, Stopping threads took: 0.0001785 seconds
2024-10-04T21:50:58.570+0300: 973.779: Application time: 0.3672153 seconds
2024-10-04T21:50:58.570+0300: 973.779: [GC (Allocation Failure) [PSYoungGen: 264422K->4464K(266240K)] 328658K->68707K(812544K), 0.0011210 secs] [Times: user=0.00 sys=0.00, real=0.00 secs] 
2024-10-04T21:50:58.570+0300: 973.781: Total time for which application threads were stopped: 0.0014331 seconds, Stopping threads took: 0.0001771 seconds
2024-10-04T21:50:58.932+0300: 974.146: Application time: 0.3652061 seconds
2024-10-04T21:50:58.932+0300: 974.146: [GC (Allocation Failure) [PSYoungGen: 263219K->5376K(266240K)] 327462K->69659K(812544K), 0.0012472 secs] [Times: user=0.00 sys=0.00, real=0.00 secs] 
2024-10-04T21:50:58.932+0300: 974.147: Total time for which application threads were stopped: 0.0015653 seconds, Stopping threads took: 0.0001683 seconds
2024-10-04T21:50:59.309+0300: 974.520: Application time: 0.3723932 seconds
2024-10-04T21:50:59.309+0300: 974.520: [GC (Allocation Failure) [PSYoungGen: 264324K->4448K(266240K)] 328608K->68739K(812544K), 0.0010181 secs] [Times: user=0.00 sys=0.00, real=0.00 secs] 
2024-10-04T21:50:59.309+0300: 974.521: Total time for which application threads were stopped: 0.0013459 seconds, Stopping threads took: 0.0001988 seconds
2024-10-04T21:50:59.685+0300: 974.887: Application time: 0.3662418 seconds
2024-10-04T21:50:59.685+0300: 974.888: [GC (Allocation Failure) [PSYoungGen: 263214K->2416K(266240K)] 327505K->66715K(812544K), 0.0008985 secs] [Times: user=0.00 sys=0.00, real=0.00 secs] 
2024-10-04T21:50:59.687+0300: 974.889: Total time for which application threads were stopped: 0.0011715 seconds, Stopping threads took: 0.0001475 seconds
2024-10-04T21:51:00.046+0300: 975.257: Application time: 0.3686929 seconds
2024-10-04T21:51:00.046+0300: 975.258: [GC (Allocation Failure) [PSYoungGen: 261387K->4432K(266240K)] 325687K->68739K(812544K), 0.0012366 secs] [Times: user=0.00 sys=0.00, real=0.00 secs] 
2024-10-04T21:51:00.046+0300: 975.259: Total time for which application threads were stopped: 0.0017529 seconds, Stopping threads took: 0.0003756 seconds
2024-10-04T21:51:00.438+0300: 975.639: Application time: 0.3804955 seconds
2024-10-04T21:51:00.438+0300: 975.640: [GC (Allocation Failure) [PSYoungGen: 264016K->3376K(266240K)] 328323K->67731K(812544K), 0.0009324 secs] [Times: user=0.00 sys=0.00, real=0.00 secs] 
2024-10-04T21:51:00.438+0300: 975.641: Total time for which application threads were stopped: 0.0012075 seconds, Stopping threads took: 0.0001409 seconds
2024-10-04T21:51:00.800+0300: 976.004: Application time: 0.3635549 seconds
2024-10-04T21:51:00.800+0300: 976.004: [GC (Allocation Failure) [PSYoungGen: 262199K->4368K(266240K)] 326555K->68731K(812544K), 0.0012272 secs] [Times: user=0.00 sys=0.00, real=0.00 secs] 
2024-10-04T21:51:00.800+0300: 976.006: Total time for which application threads were stopped: 0.0015451 seconds, Stopping threads took: 0.0001766 seconds
2024-10-04T21:51:01.161+0300: 976.372: Application time: 0.3662284 seconds
2024-10-04T21:51:01.161+0300: 976.372: [GC (Allocation Failure) [PSYoungGen: 263434K->5360K(266240K)] 327797K->69771K(812544K), 0.0013019 secs] [Times: user=0.00 sys=0.00, real=0.00 secs] 
2024-10-04T21:51:01.161+0300: 976.374: Total time for which application threads were stopped: 0.0015933 seconds, Stopping threads took: 0.0001335 seconds
2024-10-04T21:51:01.538+0300: 976.745: Application time: 0.3709581 seconds
2024-10-04T21:51:01.538+0300: 976.745: [GC (Allocation Failure) [PSYoungGen: 263990K->4448K(266240K)] 328401K->68867K(812544K), 0.0011240 secs] [Times: user=0.00 sys=0.00, real=0.00 secs] 
2024-10-04T21:51:01.538+0300: 976.746: Total time for which application threads were stopped: 0.0014170 seconds, Stopping threads took: 0.0001558 seconds
2024-10-04T21:51:01.900+0300: 977.109: Application time: 0.3625966 seconds
2024-10-04T21:51:01.900+0300: 977.109: [GC (Allocation Failure) [PSYoungGen: 263206K->5472K(266240K)] 327625K->69899K(812544K), 0.0012458 secs] [Times: user=0.00 sys=0.00, real=0.00 secs] 
2024-10-04T21:51:01.900+0300: 977.110: Total time for which application threads were stopped: 0.0015383 seconds, Stopping threads took: 0.0001437 seconds
2024-10-04T21:51:02.276+0300: 977.484: Application time: 0.3734752 seconds
2024-10-04T21:51:02.276+0300: 977.484: [GC (Allocation Failure) [PSYoungGen: 264536K->5408K(266240K)] 328963K->69851K(812544K), 0.0013431 secs] [Times: user=0.00 sys=0.00, real=0.00 secs] 
2024-10-04T21:51:02.276+0300: 977.485: Total time for which application threads were stopped: 0.0017763 seconds, Stopping threads took: 0.0002395 seconds
2024-10-04T21:51:02.637+0300: 977.851: Application time: 0.3653645 seconds
2024-10-04T21:51:02.637+0300: 977.851: [GC (Allocation Failure) [PSYoungGen: 264836K->5456K(266240K)] 329279K->69915K(812544K), 0.0013232 secs] [Times: user=0.00 sys=0.00, real=0.00 secs] 
2024-10-04T21:51:02.637+0300: 977.852: Total time for which application threads were stopped: 0.0016527 seconds, Stopping threads took: 0.0001851 seconds
2024-10-04T21:51:03.013+0300: 978.218: Application time: 0.3657830 seconds
2024-10-04T21:51:03.013+0300: 978.218: [GC (Allocation Failure) [PSYoungGen: 264734K->5408K(266240K)] 329193K->69943K(812544K), 0.0011767 secs] [Times: user=0.00 sys=0.00, real=0.00 secs] 
2024-10-04T21:51:03.013+0300: 978.220: Total time for which application threads were stopped: 0.0014690 seconds, Stopping threads took: 0.0001494 seconds
2024-10-04T21:51:03.390+0300: 978.594: Application time: 0.3740015 seconds
2024-10-04T21:51:03.390+0300: 978.594: [GC (Allocation Failure) [PSYoungGen: 264195K->5440K(265216K)] 328730K->69983K(811520K), 0.0012874 secs] [Times: user=0.00 sys=0.00, real=0.00 secs] 
2024-10-04T21:51:03.395+0300: 978.595: Total time for which application threads were stopped: 0.0016488 seconds, Stopping threads took: 0.0001959 seconds
2024-10-04T21:51:03.672+0300: 978.873: Application time: 0.2780079 seconds
2024-10-04T21:51:03.672+0300: 978.874: Total time for which application threads were stopped: 0.0003724 seconds, Stopping threads took: 0.0002139 seconds
2024-10-04T21:51:03.767+0300: 978.979: Application time: 0.1051519 seconds
2024-10-04T21:51:03.767+0300: 978.979: [GC (Allocation Failure) [PSYoungGen: 263081K->3296K(265728K)] 327624K->67855K(812032K), 0.0010511 secs] [Times: user=0.00 sys=0.00, real=0.00 secs] 
2024-10-04T21:51:03.767+0300: 978.980: Total time for which application threads were stopped: 0.0014146 seconds, Stopping threads took: 0.0001741 seconds
2024-10-04T21:51:03.971+0300: 979.187: Application time: 0.2064757 seconds
2024-10-04T21:51:03.986+0300: 979.187: Total time for which application threads were stopped: 0.0003450 seconds, Stopping threads took: 0.0003175 seconds
2024-10-04T21:51:04.269+0300: 979.470: Application time: 0.2830186 seconds
2024-10-04T21:51:04.269+0300: 979.470: [GC (Allocation Failure) [PSYoungGen: 261320K->3408K(265728K)] 325880K->67975K(812032K), 0.0009082 secs] [Times: user=0.00 sys=0.00, real=0.00 secs] 
2024-10-04T21:51:04.269+0300: 979.471: Total time for which application threads were stopped: 0.0012013 seconds, Stopping threads took: 0.0001689 seconds
2024-10-04T21:51:04.615+0300: 979.829: Application time: 0.3579668 seconds
2024-10-04T21:51:04.615+0300: 979.830: [GC (Allocation Failure) [PSYoungGen: 261897K->5472K(265728K)] 326464K->70087K(812032K), 0.0013366 secs] [Times: user=0.00 sys=0.00, real=0.02 secs] 
2024-10-04T21:51:04.630+0300: 979.831: Total time for which application threads were stopped: 0.0017444 seconds, Stopping threads took: 0.0002095 seconds
2024-10-04T21:51:04.991+0300: 980.197: Application time: 0.3662029 seconds
2024-10-04T21:51:04.991+0300: 980.197: [GC (Allocation Failure) [PSYoungGen: 263176K->5472K(265728K)] 327791K->70095K(812032K), 0.0011996 secs] [Times: user=0.00 sys=0.00, real=0.01 secs] 
2024-10-04T21:51:04.997+0300: 980.199: Total time for which application threads were stopped: 0.0014668 seconds, Stopping threads took: 0.0001444 seconds
2024-10-04T21:51:05.353+0300: 980.566: Application time: 0.3676400 seconds
2024-10-04T21:51:05.353+0300: 980.567: [GC (Allocation Failure) [PSYoungGen: 263789K->4480K(265728K)] 328412K->69111K(812032K), 0.0011272 secs] [Times: user=0.00 sys=0.00, real=0.00 secs] 
2024-10-04T21:51:05.353+0300: 980.568: Total time for which application threads were stopped: 0.0014282 seconds, Stopping threads took: 0.0001689 seconds
2024-10-04T21:51:05.730+0300: 980.934: Application time: 0.3661615 seconds
2024-10-04T21:51:05.730+0300: 980.934: [GC (Allocation Failure) [PSYoungGen: 262398K->5472K(265728K)] 327029K->70119K(812032K), 0.0012181 secs] [Times: user=0.00 sys=0.00, real=0.00 secs] 
2024-10-04T21:51:05.730+0300: 980.936: Total time for which application threads were stopped: 0.0016803 seconds, Stopping threads took: 0.0002341 seconds
2024-10-04T21:51:06.100+0300: 981.303: Application time: 0.3674497 seconds
2024-10-04T21:51:06.100+0300: 981.303: [GC (Allocation Failure) [PSYoungGen: 263127K->4448K(265728K)] 327775K->69103K(812032K), 0.0011673 secs] [Times: user=0.00 sys=0.00, real=0.00 secs] 
2024-10-04T21:51:06.100+0300: 981.305: Total time for which application threads were stopped: 0.0014890 seconds, Stopping threads took: 0.0001901 seconds
2024-10-04T21:51:06.467+0300: 981.673: Application time: 0.3687384 seconds
2024-10-04T21:51:06.467+0300: 981.674: [GC (Allocation Failure) [PSYoungGen: 262264K->5472K(265728K)] 326919K->70135K(812032K), 0.0013025 secs] [Times: user=0.00 sys=0.00, real=0.00 secs] 
2024-10-04T21:51:06.467+0300: 981.675: Total time for which application threads were stopped: 0.0016440 seconds, Stopping threads took: 0.0001832 seconds
2024-10-04T21:51:06.828+0300: 982.043: Application time: 0.3679796 seconds
2024-10-04T21:51:06.828+0300: 982.043: [GC (Allocation Failure) [PSYoungGen: 264032K->3424K(265728K)] 328695K->68103K(812032K), 0.0009404 secs] [Times: user=0.00 sys=0.02, real=0.02 secs] 
2024-10-04T21:51:06.844+0300: 982.044: Total time for which application threads were stopped: 0.0012744 seconds, Stopping threads took: 0.0001774 seconds
2024-10-04T21:51:07.205+0300: 982.415: Application time: 0.3708388 seconds
2024-10-04T21:51:07.205+0300: 982.415: [GC (Allocation Failure) [PSYoungGen: 261033K->5424K(265728K)] 325712K->70111K(812032K), 0.0014493 secs] [Times: user=0.00 sys=0.00, real=0.00 secs] 
2024-10-04T21:51:07.205+0300: 982.417: Total time for which application threads were stopped: 0.0018014 seconds, Stopping threads took: 0.0001988 seconds
2024-10-04T21:51:07.566+0300: 982.781: Application time: 0.3637994 seconds
2024-10-04T21:51:07.566+0300: 982.781: [GC (Allocation Failure) [PSYoungGen: 263255K->5440K(265728K)] 327942K->70135K(812032K), 0.0012730 secs] [Times: user=0.00 sys=0.00, real=0.00 secs] 
2024-10-04T21:51:07.566+0300: 982.782: Total time for which application threads were stopped: 0.0015586 seconds, Stopping threads took: 0.0000948 seconds
2024-10-04T21:51:07.943+0300: 983.149: Application time: 0.3665922 seconds
2024-10-04T21:51:07.943+0300: 983.149: [GC (Allocation Failure) [PSYoungGen: 263452K->4448K(265728K)] 328147K->69151K(812032K), 0.0010470 secs] [Times: user=0.00 sys=0.00, real=0.00 secs] 
2024-10-04T21:51:07.943+0300: 983.150: Total time for which application threads were stopped: 0.0012960 seconds, Stopping threads took: 0.0001216 seconds
2024-10-04T21:51:08.320+0300: 983.523: Application time: 0.3725620 seconds
2024-10-04T21:51:08.320+0300: 983.523: [GC (Allocation Failure) [PSYoungGen: 262919K->4352K(265728K)] 327622K->69103K(812032K), 0.0013106 secs] [Times: user=0.00 sys=0.00, real=0.00 secs] 
2024-10-04T21:51:08.320+0300: 983.524: Total time for which application threads were stopped: 0.0016265 seconds, Stopping threads took: 0.0001691 seconds
2024-10-04T21:51:08.681+0300: 983.888: Application time: 0.3632285 seconds
2024-10-04T21:51:08.681+0300: 983.888: [GC (Allocation Failure) [PSYoungGen: 262181K->5344K(265728K)] 326933K->70235K(812032K), 0.0012514 secs] [Times: user=0.00 sys=0.00, real=0.00 secs] 
2024-10-04T21:51:08.681+0300: 983.889: Total time for which application threads were stopped: 0.0015699 seconds, Stopping threads took: 0.0001764 seconds
2024-10-04T21:51:09.042+0300: 984.252: Application time: 0.3628219 seconds
2024-10-04T21:51:09.042+0300: 984.252: [GC (Allocation Failure) [PSYoungGen: 263308K->5392K(265728K)] 328199K->70331K(812032K), 0.0012014 secs] [Times: user=0.00 sys=0.00, real=0.00 secs] 
2024-10-04T21:51:09.042+0300: 984.253: Total time for which application threads were stopped: 0.0015098 seconds, Stopping threads took: 0.0001778 seconds
2024-10-04T21:51:09.422+0300: 984.627: Application time: 0.3740259 seconds
2024-10-04T21:51:09.422+0300: 984.628: [GC (Allocation Failure) [PSYoungGen: 263952K->3440K(265728K)] 328891K->68387K(812032K), 0.0009951 secs] [Times: user=0.00 sys=0.00, real=0.00 secs] 
2024-10-04T21:51:09.422+0300: 984.629: Total time for which application threads were stopped: 0.0012963 seconds, Stopping threads took: 0.0001361 seconds
2024-10-04T21:51:09.794+0300: 984.995: Application time: 0.3667025 seconds
2024-10-04T21:51:09.794+0300: 984.996: [GC (Allocation Failure) [PSYoungGen: 261315K->4400K(265728K)] 326263K->69371K(812032K), 0.0011376 secs] [Times: user=0.00 sys=0.00, real=0.00 secs] 
2024-10-04T21:51:09.794+0300: 984.997: Total time for which application threads were stopped: 0.0014771 seconds, Stopping threads took: 0.0001976 seconds
2024-10-04T21:51:10.155+0300: 985.360: Application time: 0.3631218 seconds
2024-10-04T21:51:10.155+0300: 985.360: [GC (Allocation Failure) [PSYoungGen: 262255K->4384K(266240K)] 327226K->69363K(812544K), 0.0014724 secs] [Times: user=0.00 sys=0.00, real=0.00 secs] 
2024-10-04T21:51:10.155+0300: 985.362: Total time for which application threads were stopped: 0.0018088 seconds, Stopping threads took: 0.0001680 seconds
2024-10-04T21:51:10.532+0300: 985.737: Application time: 0.3755017 seconds
2024-10-04T21:51:10.532+0300: 985.738: [GC (Allocation Failure) [PSYoungGen: 263314K->3424K(266240K)] 328294K->68411K(812544K), 0.0010055 secs] [Times: user=0.00 sys=0.00, real=0.00 secs] 
2024-10-04T21:51:10.532+0300: 985.739: Total time for which application threads were stopped: 0.0013781 seconds, Stopping threads took: 0.0002292 seconds
2024-10-04T21:51:10.893+0300: 986.099: Application time: 0.3601932 seconds
2024-10-04T21:51:10.893+0300: 986.099: [GC (Allocation Failure) [PSYoungGen: 262078K->4448K(266240K)] 327065K->69443K(812544K), 0.0010808 secs] [Times: user=0.00 sys=0.00, real=0.00 secs] 
2024-10-04T21:51:10.893+0300: 986.100: Total time for which application threads were stopped: 0.0014048 seconds, Stopping threads took: 0.0001829 seconds
2024-10-04T21:51:11.270+0300: 986.474: Application time: 0.3732907 seconds
2024-10-04T21:51:11.270+0300: 986.474: [GC (Allocation Failure) [PSYoungGen: 263764K->4448K(266240K)] 328759K->69451K(812544K), 0.0010274 secs] [Times: user=0.00 sys=0.00, real=0.00 secs] 
2024-10-04T21:51:11.270+0300: 986.475: Total time for which application threads were stopped: 0.0013300 seconds, Stopping threads took: 0.0001590 seconds
2024-10-04T21:51:11.630+0300: 986.844: Application time: 0.3686103 seconds
2024-10-04T21:51:11.630+0300: 986.844: [GC (Allocation Failure) [PSYoungGen: 263889K->3408K(266240K)] 328893K->68427K(812544K), 0.0009731 secs] [Times: user=0.00 sys=0.00, real=0.00 secs] 
2024-10-04T21:51:11.630+0300: 986.845: Total time for which application threads were stopped: 0.0013057 seconds, Stopping threads took: 0.0001968 seconds
2024-10-04T21:51:12.007+0300: 987.211: Application time: 0.3657500 seconds
2024-10-04T21:51:12.007+0300: 987.211: [GC (Allocation Failure) [PSYoungGen: 262579K->5440K(266240K)] 327598K->70467K(812544K), 0.0010326 secs] [Times: user=0.00 sys=0.00, real=0.00 secs] 
2024-10-04T21:51:12.007+0300: 987.212: Total time for which application threads were stopped: 0.0013288 seconds, Stopping threads took: 0.0001588 seconds
2024-10-04T21:51:12.383+0300: 987.588: Application time: 0.3757037 seconds
2024-10-04T21:51:12.383+0300: 987.588: [GC (Allocation Failure) [PSYoungGen: 265024K->3392K(266240K)] 330051K->68427K(812544K), 0.0009522 secs] [Times: user=0.00 sys=0.00, real=0.00 secs] 
2024-10-04T21:51:12.383+0300: 987.589: Total time for which application threads were stopped: 0.0011784 seconds, Stopping threads took: 0.0000835 seconds
2024-10-04T21:51:12.744+0300: 987.950: Application time: 0.3609751 seconds
2024-10-04T21:51:12.744+0300: 987.950: [GC (Allocation Failure) [PSYoungGen: 262374K->5408K(266240K)] 327409K->70451K(812544K), 0.0014324 secs] [Times: user=0.00 sys=0.00, real=0.00 secs] 
2024-10-04T21:51:12.744+0300: 987.952: Total time for which application threads were stopped: 0.0017332 seconds, Stopping threads took: 0.0001482 seconds
2024-10-04T21:51:13.122+0300: 988.324: Application time: 0.3727315 seconds
2024-10-04T21:51:13.122+0300: 988.325: [GC (Allocation Failure) [PSYoungGen: 264992K->3472K(266240K)] 330035K->68523K(812544K), 0.0009760 secs] [Times: user=0.00 sys=0.00, real=0.00 secs] 
2024-10-04T21:51:13.122+0300: 988.326: Total time for which application threads were stopped: 0.0012432 seconds, Stopping threads took: 0.0001514 seconds
2024-10-04T21:51:13.482+0300: 988.696: Application time: 0.3700663 seconds
2024-10-04T21:51:13.482+0300: 988.696: [GC (Allocation Failure) [PSYoungGen: 262142K->3392K(266240K)] 327194K->68459K(812544K), 0.0009408 secs] [Times: user=0.00 sys=0.00, real=0.00 secs] 
2024-10-04T21:51:13.482+0300: 988.697: Total time for which application threads were stopped: 0.0012966 seconds, Stopping threads took: 0.0002262 seconds
2024-10-04T21:51:13.859+0300: 989.063: Application time: 0.3656667 seconds
2024-10-04T21:51:13.859+0300: 989.063: [GC (Allocation Failure) [PSYoungGen: 262976K->3456K(266240K)] 328043K->68531K(812544K), 0.0009887 secs] [Times: user=0.00 sys=0.00, real=0.00 secs] 
2024-10-04T21:51:13.859+0300: 989.064: Total time for which application threads were stopped: 0.0012713 seconds, Stopping threads took: 0.0001666 seconds
2024-10-04T21:51:14.220+0300: 989.435: Application time: 0.3713614 seconds
2024-10-04T21:51:14.220+0300: 989.436: [GC (Allocation Failure) [PSYoungGen: 262215K->5408K(266240K)] 327291K->70539K(812544K), 0.0013140 secs] [Times: user=0.00 sys=0.00, real=0.02 secs] 
2024-10-04T21:51:14.236+0300: 989.437: Total time for which application threads were stopped: 0.0016981 seconds, Stopping threads took: 0.0002038 seconds
2024-10-04T21:51:14.597+0300: 989.804: Application time: 0.3667381 seconds
2024-10-04T21:51:14.597+0300: 989.804: [GC (Allocation Failure) [PSYoungGen: 264378K->5360K(265216K)] 329510K->70579K(811520K), 0.0013241 secs] [Times: user=0.00 sys=0.00, real=0.00 secs] 
2024-10-04T21:51:14.597+0300: 989.805: Total time for which application threads were stopped: 0.0016066 seconds, Stopping threads took: 0.0001486 seconds
2024-10-04T21:51:14.958+0300: 990.169: Application time: 0.3640888 seconds
2024-10-04T21:51:14.958+0300: 990.170: [GC (Allocation Failure) [PSYoungGen: 263174K->5408K(265728K)] 328394K->70675K(812032K), 0.0012126 secs] [Times: user=0.00 sys=0.00, real=0.00 secs] 
2024-10-04T21:51:14.958+0300: 990.171: Total time for which application threads were stopped: 0.0015534 seconds, Stopping threads took: 0.0002007 seconds
2024-10-04T21:51:15.334+0300: 990.543: Application time: 0.3717859 seconds
2024-10-04T21:51:15.334+0300: 990.543: [GC (Allocation Failure) [PSYoungGen: 263272K->4384K(265728K)] 328540K->69719K(812032K), 0.0010110 secs] [Times: user=0.00 sys=0.00, real=0.00 secs] 
2024-10-04T21:51:15.334+0300: 990.544: Total time for which application threads were stopped: 0.0012997 seconds, Stopping threads took: 0.0001675 seconds
2024-10-04T21:51:15.695+0300: 990.909: Application time: 0.3644785 seconds
2024-10-04T21:51:15.695+0300: 990.909: [GC (Allocation Failure) [PSYoungGen: 262939K->5456K(265728K)] 328274K->70807K(812032K), 0.0014534 secs] [Times: user=0.00 sys=0.00, real=0.00 secs] 
2024-10-04T21:51:15.695+0300: 990.910: Total time for which application threads were stopped: 0.0017798 seconds, Stopping threads took: 0.0001765 seconds
2024-10-04T21:51:16.057+0300: 991.273: Application time: 0.3622098 seconds
2024-10-04T21:51:16.057+0300: 991.273: [GC (Allocation Failure) [PSYoungGen: 263327K->5472K(265728K)] 328678K->70847K(812032K), 0.0014796 secs] [Times: user=0.02 sys=0.00, real=0.02 secs] 
2024-10-04T21:51:16.073+0300: 991.274: Total time for which application threads were stopped: 0.0017959 seconds, Stopping threads took: 0.0001754 seconds
2024-10-04T21:51:16.449+0300: 991.650: Application time: 0.3755488 seconds
2024-10-04T21:51:16.449+0300: 991.650: [GC (Allocation Failure) [PSYoungGen: 264032K->4448K(265728K)] 329407K->69839K(812032K), 0.0011196 secs] [Times: user=0.00 sys=0.00, real=0.00 secs] 
2024-10-04T21:51:16.449+0300: 991.651: Total time for which application threads were stopped: 0.0015501 seconds, Stopping threads took: 0.0002795 seconds
2024-10-04T21:51:16.809+0300: 992.014: Application time: 0.3628866 seconds
2024-10-04T21:51:16.809+0300: 992.015: [GC (Allocation Failure) [PSYoungGen: 262165K->5456K(265728K)] 327556K->70871K(812032K), 0.0011338 secs] [Times: user=0.00 sys=0.00, real=0.00 secs] 
2024-10-04T21:51:16.809+0300: 992.016: Total time for which application threads were stopped: 0.0013871 seconds, Stopping threads took: 0.0001230 seconds
2024-10-04T21:51:17.171+0300: 992.386: Application time: 0.3702882 seconds
2024-10-04T21:51:17.171+0300: 992.386: [GC (Allocation Failure) [PSYoungGen: 264016K->4368K(265728K)] 329431K->69799K(812032K), 0.0012401 secs] [Times: user=0.00 sys=0.02, real=0.02 secs] 
2024-10-04T21:51:17.187+0300: 992.388: Total time for which application threads were stopped: 0.0015453 seconds, Stopping threads took: 0.0001301 seconds
2024-10-04T21:51:17.548+0300: 992.752: Application time: 0.3648021 seconds
2024-10-04T21:51:17.548+0300: 992.753: [GC (Allocation Failure) [PSYoungGen: 262223K->4448K(266240K)] 327655K->69887K(812544K), 0.0010520 secs] [Times: user=0.00 sys=0.00, real=0.00 secs] 
2024-10-04T21:51:17.548+0300: 992.754: Total time for which application threads were stopped: 0.0013283 seconds, Stopping threads took: 0.0001510 seconds
2024-10-04T21:51:17.909+0300: 993.121: Application time: 0.3672109 seconds
2024-10-04T21:51:17.909+0300: 993.121: [GC (Allocation Failure) [PSYoungGen: 263520K->3424K(265728K)] 328959K->68871K(812032K), 0.0009773 secs] [Times: user=0.00 sys=0.00, real=0.00 secs] 
2024-10-04T21:51:17.909+0300: 993.122: Total time for which application threads were stopped: 0.0012442 seconds, Stopping threads took: 0.0001401 seconds
2024-10-04T21:51:18.285+0300: 993.493: Application time: 0.3710448 seconds
2024-10-04T21:51:18.285+0300: 993.493: [GC (Allocation Failure) [PSYoungGen: 262403K->4480K(266240K)] 327851K->69935K(812544K), 0.0010951 secs] [Times: user=0.00 sys=0.00, real=0.00 secs] 
2024-10-04T21:51:18.285+0300: 993.495: Total time for which application threads were stopped: 0.0014070 seconds, Stopping threads took: 0.0001813 seconds
2024-10-04T21:51:18.663+0300: 993.864: Application time: 0.3693616 seconds
2024-10-04T21:51:18.663+0300: 993.864: [GC (Allocation Failure) [PSYoungGen: 264064K->4384K(266240K)] 329519K->69847K(812544K), 0.0011499 secs] [Times: user=0.00 sys=0.00, real=0.00 secs] 
2024-10-04T21:51:18.663+0300: 993.865: Total time for which application threads were stopped: 0.0014137 seconds, Stopping threads took: 0.0001154 seconds
2024-10-04T21:51:19.026+0300: 994.232: Application time: 0.3663117 seconds
2024-10-04T21:51:19.026+0300: 994.232: [GC (Allocation Failure) [PSYoungGen: 263217K->3424K(266240K)] 328681K->68895K(812544K), 0.0008077 secs] [Times: user=0.00 sys=0.00, real=0.00 secs] 
2024-10-04T21:51:19.026+0300: 994.233: Total time for which application threads were stopped: 0.0010661 seconds, Stopping threads took: 0.0001193 seconds
2024-10-04T21:51:19.399+0300: 994.603: Application time: 0.3701656 seconds
2024-10-04T21:51:19.399+0300: 994.603: [GC (Allocation Failure) [PSYoungGen: 263008K->4448K(266240K)] 328479K->69927K(812544K), 0.0009662 secs] [Times: user=0.00 sys=0.00, real=0.00 secs] 
2024-10-04T21:51:19.399+0300: 994.604: Total time for which application threads were stopped: 0.0012275 seconds, Stopping threads took: 0.0001404 seconds
2024-10-04T21:51:19.760+0300: 994.973: Application time: 0.3692262 seconds
2024-10-04T21:51:19.760+0300: 994.974: [GC (Allocation Failure) [PSYoungGen: 263571K->4448K(266752K)] 329051K->69967K(813056K), 0.0010794 secs] [Times: user=0.00 sys=0.00, real=0.00 secs] 
2024-10-04T21:51:19.760+0300: 994.975: Total time for which application threads were stopped: 0.0013746 seconds, Stopping threads took: 0.0001469 seconds
2024-10-04T21:51:20.137+0300: 995.340: Application time: 0.3650306 seconds
2024-10-04T21:51:20.137+0300: 995.340: [GC (Allocation Failure) [PSYoungGen: 264200K->5472K(266240K)] 329720K->70999K(812544K), 0.0013295 secs] [Times: user=0.00 sys=0.00, real=0.00 secs] 
2024-10-04T21:51:20.137+0300: 995.341: Total time for which application threads were stopped: 0.0016172 seconds, Stopping threads took: 0.0001319 seconds
2024-10-04T21:51:20.513+0300: 995.717: Application time: 0.3752822 seconds
2024-10-04T21:51:20.513+0300: 995.717: [GC (Allocation Failure) [PSYoungGen: 265738K->2352K(266240K)] 331266K->67935K(812544K), 0.0008205 secs] [Times: user=0.00 sys=0.00, real=0.00 secs] 
2024-10-04T21:51:20.513+0300: 995.718: Total time for which application threads were stopped: 0.0011498 seconds, Stopping threads took: 0.0001905 seconds
2024-10-04T21:51:20.882+0300: 996.083: Application time: 0.3653345 seconds
2024-10-04T21:51:20.882+0300: 996.083: [GC (Allocation Failure) [PSYoungGen: 261936K->5360K(266240K)] 327519K->71024K(812544K), 0.0012071 secs] [Times: user=0.00 sys=0.00, real=0.00 secs] 
2024-10-04T21:51:20.884+0300: 996.085: Total time for which application threads were stopped: 0.0015148 seconds, Stopping threads took: 0.0001478 seconds
2024-10-04T21:51:21.252+0300: 996.456: Application time: 0.3714202 seconds
2024-10-04T21:51:21.252+0300: 996.456: [GC (Allocation Failure) [PSYoungGen: 264301K->4352K(266240K)] 329965K->70032K(812544K), 0.0012173 secs] [Times: user=0.00 sys=0.00, real=0.00 secs] 
2024-10-04T21:51:21.252+0300: 996.458: Total time for which application threads were stopped: 0.0015485 seconds, Stopping threads took: 0.0001566 seconds
2024-10-04T21:51:21.613+0300: 996.825: Application time: 0.3674661 seconds
2024-10-04T21:51:21.613+0300: 996.825: [GC (Allocation Failure) [PSYoungGen: 263085K->4480K(266240K)] 328765K->70168K(812544K), 0.0010574 secs] [Times: user=0.00 sys=0.00, real=0.00 secs] 
2024-10-04T21:51:21.613+0300: 996.827: Total time for which application threads were stopped: 0.0013640 seconds, Stopping threads took: 0.0001716 seconds
2024-10-04T21:51:21.974+0300: 997.188: Application time: 0.3618853 seconds
2024-10-04T21:51:21.974+0300: 997.189: [GC (Allocation Failure) [PSYoungGen: 263426K->4448K(266752K)] 329114K->70176K(813056K), 0.0012139 secs] [Times: user=0.02 sys=0.00, real=0.02 secs] 
2024-10-04T21:51:21.989+0300: 997.190: Total time for which application threads were stopped: 0.0015727 seconds, Stopping threads took: 0.0001752 seconds
2024-10-04T21:51:22.350+0300: 997.565: Application time: 0.3752799 seconds
2024-10-04T21:51:22.350+0300: 997.566: [GC (Allocation Failure) [PSYoungGen: 264509K->4384K(266240K)] 330237K->70152K(812544K), 0.0012512 secs] [Times: user=0.02 sys=0.00, real=0.02 secs] 
2024-10-04T21:51:22.366+0300: 997.567: Total time for which application threads were stopped: 0.0016968 seconds, Stopping threads took: 0.0002613 seconds
2024-10-04T21:51:22.734+0300: 997.935: Application time: 0.3676593 seconds
2024-10-04T21:51:22.734+0300: 997.935: [GC (Allocation Failure) [PSYoungGen: 264282K->3440K(266752K)] 330050K->69216K(813056K), 0.0009836 secs] [Times: user=0.00 sys=0.00, real=0.00 secs] 
2024-10-04T21:51:22.734+0300: 997.936: Total time for which application threads were stopped: 0.0013058 seconds, Stopping threads took: 0.0001885 seconds
2024-10-04T21:51:23.088+0300: 998.302: Application time: 0.3664871 seconds
2024-10-04T21:51:23.088+0300: 998.303: [GC (Allocation Failure) [PSYoungGen: 264048K->4416K(266752K)] 329824K->70200K(813056K), 0.0011800 secs] [Times: user=0.00 sys=0.00, real=0.00 secs] 
2024-10-04T21:51:23.088+0300: 998.304: Total time for which application threads were stopped: 0.0015985 seconds, Stopping threads took: 0.0002747 seconds
2024-10-04T21:51:23.464+0300: 998.680: Application time: 0.3762417 seconds
2024-10-04T21:51:23.480+0300: 998.681: [GC (Allocation Failure) [PSYoungGen: 265024K->3424K(266752K)] 330808K->69216K(813056K), 0.0009695 secs] [Times: user=0.00 sys=0.00, real=0.00 secs] 
2024-10-04T21:51:23.480+0300: 998.682: Total time for which application threads were stopped: 0.0013120 seconds, Stopping threads took: 0.0001517 seconds
2024-10-04T21:51:23.841+0300: 999.046: Application time: 0.3645446 seconds
2024-10-04T21:51:23.841+0300: 999.046: [GC (Allocation Failure) [PSYoungGen: 263292K->5472K(266752K)] 329084K->71272K(813056K), 0.0012553 secs] [Times: user=0.00 sys=0.00, real=0.00 secs] 
2024-10-04T21:51:23.841+0300: 999.048: Total time for which application threads were stopped: 0.0015165 seconds, Stopping threads took: 0.0001319 seconds
2024-10-04T21:51:24.218+0300: 999.421: Application time: 0.3733104 seconds
2024-10-04T21:51:24.218+0300: 999.421: [GC (Allocation Failure) [PSYoungGen: 265897K->4320K(266752K)] 331697K->70128K(813056K), 0.0012440 secs] [Times: user=0.00 sys=0.00, real=0.00 secs] 
2024-10-04T21:51:24.218+0300: 999.423: Total time for which application threads were stopped: 0.0015670 seconds, Stopping threads took: 0.0001777 seconds
2024-10-04T21:51:24.579+0300: 999.790: Application time: 0.3675019 seconds
2024-10-04T21:51:24.579+0300: 999.790: [GC (Allocation Failure) [PSYoungGen: 264106K->2368K(266752K)] 329914K->68192K(813056K), 0.0008589 secs] [Times: user=0.00 sys=0.00, real=0.00 secs] 
2024-10-04T21:51:24.579+0300: 999.791: Total time for which application threads were stopped: 0.0011690 seconds, Stopping threads took: 0.0001939 seconds
2024-10-04T21:51:24.940+0300: 1000.155: Application time: 0.3638446 seconds
2024-10-04T21:51:24.940+0300: 1000.155: [GC (Allocation Failure) [PSYoungGen: 262441K->5472K(265728K)] 328265K->71304K(812032K), 0.0013511 secs] [Times: user=0.02 sys=0.00, real=0.01 secs] 
2024-10-04T21:51:24.955+0300: 1000.157: Total time for which application threads were stopped: 0.0016599 seconds, Stopping threads took: 0.0001714 seconds
2024-10-04T21:51:25.331+0300: 1000.534: Application time: 0.3767811 seconds
2024-10-04T21:51:25.331+0300: 1000.534: [GC (Allocation Failure) [PSYoungGen: 265056K->3456K(266240K)] 330888K->69296K(812544K), 0.0010158 secs] [Times: user=0.00 sys=0.00, real=0.00 secs] 
2024-10-04T21:51:25.331+0300: 1000.535: Total time for which application threads were stopped: 0.0014060 seconds, Stopping threads took: 0.0002427 seconds
2024-10-04T21:51:25.693+0300: 1000.897: Application time: 0.3622466 seconds
2024-10-04T21:51:25.693+0300: 1000.897: [GC (Allocation Failure) [PSYoungGen: 262226K->4448K(266240K)] 328066K->70296K(812544K), 0.0010674 secs] [Times: user=0.00 sys=0.00, real=0.00 secs] 
2024-10-04T21:51:25.693+0300: 1000.899: Total time for which application threads were stopped: 0.0013649 seconds, Stopping threads took: 0.0001607 seconds
2024-10-04T21:51:26.054+0300: 1001.263: Application time: 0.3649460 seconds
2024-10-04T21:51:26.054+0300: 1001.264: [GC (Allocation Failure) [PSYoungGen: 263324K->5408K(266240K)] 329172K->71296K(812544K), 0.0012807 secs] [Times: user=0.00 sys=0.00, real=0.00 secs] 
2024-10-04T21:51:26.054+0300: 1001.265: Total time for which application threads were stopped: 0.0015662 seconds, Stopping threads took: 0.0001610 seconds
2024-10-04T21:51:26.429+0300: 1001.638: Application time: 0.3732040 seconds
2024-10-04T21:51:26.429+0300: 1001.639: [GC (Allocation Failure) [PSYoungGen: 264957K->5408K(266240K)] 330845K->71344K(812544K), 0.0012379 secs] [Times: user=0.00 sys=0.00, real=0.00 secs] 
2024-10-04T21:51:26.429+0300: 1001.640: Total time for which application threads were stopped: 0.0015547 seconds, Stopping threads took: 0.0001855 seconds
2024-10-04T21:51:26.806+0300: 1002.007: Application time: 0.3674781 seconds
2024-10-04T21:51:26.806+0300: 1002.008: [GC (Allocation Failure) [PSYoungGen: 264518K->5408K(265216K)] 330454K->71392K(811520K), 0.0012706 secs] [Times: user=0.00 sys=0.00, real=0.00 secs] 
2024-10-04T21:51:26.806+0300: 1002.009: Total time for which application threads were stopped: 0.0015822 seconds, Stopping threads took: 0.0001489 seconds
2024-10-04T21:51:27.167+0300: 1002.379: Application time: 0.3698842 seconds
2024-10-04T21:51:27.167+0300: 1002.379: [GC (Allocation Failure) [PSYoungGen: 264176K->4384K(266240K)] 330160K->70384K(812544K), 0.0012519 secs] [Times: user=0.00 sys=0.00, real=0.00 secs] 
2024-10-04T21:51:27.167+0300: 1002.380: Total time for which application threads were stopped: 0.0015274 seconds, Stopping threads took: 0.0001284 seconds
2024-10-04T21:51:27.544+0300: 1002.748: Application time: 0.3681693 seconds
2024-10-04T21:51:27.544+0300: 1002.749: [GC (Allocation Failure) [PSYoungGen: 263094K->5424K(265728K)] 329094K->71472K(812032K), 0.0012330 secs] [Times: user=0.00 sys=0.00, real=0.00 secs] 
2024-10-04T21:51:27.544+0300: 1002.750: Total time for which application threads were stopped: 0.0015566 seconds, Stopping threads took: 0.0001721 seconds
2024-10-04T21:51:27.905+0300: 1003.116: Application time: 0.3658823 seconds
2024-10-04T21:51:27.905+0300: 1003.116: [GC (Allocation Failure) [PSYoungGen: 264398K->5440K(265728K)] 330446K->71496K(812032K), 0.0013209 secs] [Times: user=0.00 sys=0.00, real=0.00 secs] 
2024-10-04T21:51:27.905+0300: 1003.118: Total time for which application threads were stopped: 0.0016822 seconds, Stopping threads took: 0.0002324 seconds
2024-10-04T21:51:28.281+0300: 1003.491: Application time: 0.3729379 seconds
2024-10-04T21:51:28.281+0300: 1003.491: [GC (Allocation Failure) [PSYoungGen: 264000K->3424K(265728K)] 330056K->69496K(812032K), 0.0009999 secs] [Times: user=0.00 sys=0.00, real=0.00 secs] 
2024-10-04T21:51:28.281+0300: 1003.492: Total time for which application threads were stopped: 0.0014029 seconds, Stopping threads took: 0.0002465 seconds
2024-10-04T21:51:28.646+0300: 1003.858: Application time: 0.3656171 seconds
2024-10-04T21:51:28.646+0300: 1003.858: [GC (Allocation Failure) [PSYoungGen: 261984K->4448K(266240K)] 328056K->70560K(812544K), 0.0011039 secs] [Times: user=0.00 sys=0.00, real=0.00 secs] 
2024-10-04T21:51:28.646+0300: 1003.859: Total time for which application threads were stopped: 0.0014195 seconds, Stopping threads took: 0.0001840 seconds
2024-10-04T21:51:29.019+0300: 1004.225: Application time: 0.3662231 seconds
2024-10-04T21:51:29.019+0300: 1004.225: [GC (Allocation Failure) [PSYoungGen: 262512K->4432K(265728K)] 328624K->70584K(812032K), 0.0010694 secs] [Times: user=0.00 sys=0.00, real=0.00 secs] 
2024-10-04T21:51:29.019+0300: 1004.227: Total time for which application threads were stopped: 0.0013592 seconds, Stopping threads took: 0.0001351 seconds
2024-10-04T21:51:29.396+0300: 1004.597: Application time: 0.3703969 seconds
2024-10-04T21:51:29.396+0300: 1004.597: [GC (Allocation Failure) [PSYoungGen: 263160K->4384K(266240K)] 329312K->70552K(812544K), 0.0011428 secs] [Times: user=0.00 sys=0.00, real=0.00 secs] 
2024-10-04T21:51:29.396+0300: 1004.599: Total time for which application threads were stopped: 0.0015334 seconds, Stopping threads took: 0.0001861 seconds
2024-10-04T21:51:29.757+0300: 1004.965: Application time: 0.3669024 seconds
2024-10-04T21:51:29.757+0300: 1004.966: [GC (Allocation Failure) [PSYoungGen: 263234K->4416K(266240K)] 329402K->70600K(812544K), 0.0010591 secs] [Times: user=0.00 sys=0.00, real=0.00 secs] 
2024-10-04T21:51:29.757+0300: 1004.967: Total time for which application threads were stopped: 0.0013904 seconds, Stopping threads took: 0.0002054 seconds
2024-10-04T21:51:30.118+0300: 1005.329: Application time: 0.3623083 seconds
2024-10-04T21:51:30.118+0300: 1005.329: [GC (Allocation Failure) [PSYoungGen: 263236K->4448K(266752K)] 329420K->70640K(813056K), 0.0010604 secs] [Times: user=0.00 sys=0.00, real=0.00 secs] 
2024-10-04T21:51:30.118+0300: 1005.331: Total time for which application threads were stopped: 0.0013932 seconds, Stopping threads took: 0.0001992 seconds
2024-10-04T21:51:30.494+0300: 1005.709: Application time: 0.3782244 seconds
2024-10-04T21:51:30.494+0300: 1005.709: [GC (Allocation Failure) [PSYoungGen: 265056K->1280K(262144K)] 331248K->67488K(808448K), 0.0008158 secs] [Times: user=0.00 sys=0.00, real=0.00 secs] 
2024-10-04T21:51:30.494+0300: 1005.710: Total time for which application threads were stopped: 0.0010750 seconds, Stopping threads took: 0.0001453 seconds
2024-10-04T21:51:30.871+0300: 1006.074: Application time: 0.3645962 seconds
2024-10-04T21:51:30.871+0300: 1006.075: [GC (Allocation Failure) [PSYoungGen: 261035K->4480K(266240K)] 327243K->70696K(812544K), 0.0009985 secs] [Times: user=0.00 sys=0.00, real=0.00 secs] 
2024-10-04T21:51:30.871+0300: 1006.076: Total time for which application threads were stopped: 0.0012459 seconds, Stopping threads took: 0.0001174 seconds
2024-10-04T21:51:31.231+0300: 1006.445: Application time: 0.3694340 seconds
2024-10-04T21:51:31.231+0300: 1006.446: [GC (Allocation Failure) [PSYoungGen: 263770K->5440K(266240K)] 329986K->71672K(812544K), 0.0012247 secs] [Times: user=0.00 sys=0.00, real=0.00 secs] 
2024-10-04T21:51:31.231+0300: 1006.447: Total time for which application threads were stopped: 0.0017164 seconds, Stopping threads took: 0.0003335 seconds
2024-10-04T21:51:31.609+0300: 1006.816: Application time: 0.3691577 seconds
2024-10-04T21:51:31.609+0300: 1006.816: [GC (Allocation Failure) [PSYoungGen: 264853K->2416K(266240K)] 331085K->68656K(812544K), 0.0009275 secs] [Times: user=0.00 sys=0.00, real=0.00 secs] 
2024-10-04T21:51:31.609+0300: 1006.817: Total time for which application threads were stopped: 0.0011986 seconds, Stopping threads took: 0.0001432 seconds
2024-10-04T21:51:31.969+0300: 1007.179: Application time: 0.3613775 seconds
2024-10-04T21:51:31.969+0300: 1007.179: [GC (Allocation Failure) [PSYoungGen: 261582K->5456K(265216K)] 327822K->71704K(811520K), 0.0013639 secs] [Times: user=0.00 sys=0.00, real=0.00 secs] 
2024-10-04T21:51:31.969+0300: 1007.180: Total time for which application threads were stopped: 0.0017372 seconds, Stopping threads took: 0.0002293 seconds
2024-10-04T21:51:32.354+0300: 1007.560: Application time: 0.3796549 seconds
2024-10-04T21:51:32.354+0300: 1007.560: [GC (Allocation Failure) [PSYoungGen: 265040K->2400K(265728K)] 331288K->68664K(812032K), 0.0008792 secs] [Times: user=0.00 sys=0.00, real=0.00 secs] 
2024-10-04T21:51:32.354+0300: 1007.561: Total time for which application threads were stopped: 0.0012357 seconds, Stopping threads took: 0.0001934 seconds
2024-10-04T21:51:32.706+0300: 1007.922: Application time: 0.3603233 seconds
2024-10-04T21:51:32.706+0300: 1007.922: [GC (Allocation Failure) [PSYoungGen: 260084K->4368K(265728K)] 326348K->70672K(812032K), 0.0012557 secs] [Times: user=0.00 sys=0.00, real=0.02 secs] 
2024-10-04T21:51:32.722+0300: 1007.923: Total time for which application threads were stopped: 0.0016128 seconds, Stopping threads took: 0.0001849 seconds
2024-10-04T21:51:33.083+0300: 1008.286: Application time: 0.3629429 seconds
2024-10-04T21:51:33.083+0300: 1008.286: [GC (Allocation Failure) [PSYoungGen: 262528K->5312K(265728K)] 328832K->71724K(812032K), 0.0012053 secs] [Times: user=0.00 sys=0.00, real=0.00 secs] 
2024-10-04T21:51:33.083+0300: 1008.288: Total time for which application threads were stopped: 0.0014658 seconds, Stopping threads took: 0.0001423 seconds
2024-10-04T21:51:33.460+0300: 1008.662: Application time: 0.3747848 seconds
2024-10-04T21:51:33.460+0300: 1008.663: [GC (Allocation Failure) [PSYoungGen: 262881K->4464K(265728K)] 329293K->70884K(812032K), 0.0010938 secs] [Times: user=0.00 sys=0.00, real=0.00 secs] 
2024-10-04T21:51:33.460+0300: 1008.664: Total time for which application threads were stopped: 0.0014000 seconds, Stopping threads took: 0.0001641 seconds
2024-10-04T21:51:33.820+0300: 1009.027: Application time: 0.3634643 seconds
2024-10-04T21:51:33.820+0300: 1009.027: [GC (Allocation Failure) [PSYoungGen: 262507K->5424K(265728K)] 328927K->71860K(812032K), 0.0012237 secs] [Times: user=0.00 sys=0.00, real=0.00 secs] 
2024-10-04T21:51:33.820+0300: 1009.029: Total time for which application threads were stopped: 0.0015778 seconds, Stopping threads took: 0.0001778 seconds
2024-10-04T21:51:34.197+0300: 1009.401: Application time: 0.3721104 seconds
2024-10-04T21:51:34.197+0300: 1009.401: [GC (Allocation Failure) [PSYoungGen: 263210K->4464K(265728K)] 329646K->70908K(812032K), 0.0010790 secs] [Times: user=0.00 sys=0.00, real=0.00 secs] 
2024-10-04T21:51:34.197+0300: 1009.402: Total time for which application threads were stopped: 0.0013833 seconds, Stopping threads took: 0.0001422 seconds
2024-10-04T21:51:34.559+0300: 1009.765: Application time: 0.3626453 seconds
2024-10-04T21:51:34.559+0300: 1009.765: [GC (Allocation Failure) [PSYoungGen: 262028K->4416K(266240K)] 328472K->70876K(812544K), 0.0012024 secs] [Times: user=0.00 sys=0.00, real=0.00 secs] 
2024-10-04T21:51:34.559+0300: 1009.766: Total time for which application threads were stopped: 0.0014890 seconds, Stopping threads took: 0.0001445 seconds
2024-10-04T21:51:34.918+0300: 1010.134: Application time: 0.3671639 seconds
2024-10-04T21:51:34.918+0300: 1010.134: [GC (Allocation Failure) [PSYoungGen: 263488K->4352K(265728K)] 329948K->70888K(812032K), 0.0012351 secs] [Times: user=0.02 sys=0.00, real=0.02 secs] 
2024-10-04T21:51:34.934+0300: 1010.135: Total time for which application threads were stopped: 0.0015182 seconds, Stopping threads took: 0.0001452 seconds
2024-10-04T21:51:35.311+0300: 1010.512: Application time: 0.3772970 seconds
2024-10-04T21:51:35.311+0300: 1010.513: [GC (Allocation Failure) [PSYoungGen: 263424K->2432K(266240K)] 329960K->68984K(812544K), 0.0007686 secs] [Times: user=0.00 sys=0.00, real=0.00 secs] 
2024-10-04T21:51:35.311+0300: 1010.513: Total time for which application threads were stopped: 0.0010363 seconds, Stopping threads took: 0.0001574 seconds
2024-10-04T21:51:35.671+0300: 1010.877: Application time: 0.3631746 seconds
2024-10-04T21:51:35.671+0300: 1010.877: [GC (Allocation Failure) [PSYoungGen: 262016K->5408K(266240K)] 328568K->71968K(812544K), 0.0012462 secs] [Times: user=0.00 sys=0.00, real=0.00 secs] 
2024-10-04T21:51:35.671+0300: 1010.878: Total time for which application threads were stopped: 0.0015834 seconds, Stopping threads took: 0.0002023 seconds
2024-10-04T21:51:36.032+0300: 1011.245: Application time: 0.3664390 seconds
2024-10-04T21:51:36.032+0300: 1011.245: [GC (Allocation Failure) [PSYoungGen: 264522K->5456K(265216K)] 331083K->72024K(811520K), 0.0011929 secs] [Times: user=0.00 sys=0.00, real=0.00 secs] 
2024-10-04T21:51:36.032+0300: 1011.246: Total time for which application threads were stopped: 0.0014580 seconds, Stopping threads took: 0.0001363 seconds
2024-10-04T21:51:36.408+0300: 1011.619: Application time: 0.3733435 seconds
2024-10-04T21:51:36.408+0300: 1011.620: [GC (Allocation Failure) [PSYoungGen: 264016K->3424K(265728K)] 330584K->70000K(812032K), 0.0008559 secs] [Times: user=0.00 sys=0.00, real=0.00 secs] 
2024-10-04T21:51:36.408+0300: 1011.621: Total time for which application threads were stopped: 0.0011309 seconds, Stopping threads took: 0.0001545 seconds
2024-10-04T21:51:36.770+0300: 1011.981: Application time: 0.3608190 seconds
2024-10-04T21:51:36.770+0300: 1011.982: [GC (Allocation Failure) [PSYoungGen: 261452K->5424K(265728K)] 328028K->72008K(812032K), 0.0013552 secs] [Times: user=0.00 sys=0.00, real=0.00 secs] 
2024-10-04T21:51:36.770+0300: 1011.983: Total time for which application threads were stopped: 0.0016984 seconds, Stopping threads took: 0.0002023 seconds
2024-10-04T21:51:37.146+0300: 1012.354: Application time: 0.3710703 seconds
2024-10-04T21:51:37.146+0300: 1012.354: [GC (Allocation Failure) [PSYoungGen: 263984K->4432K(265728K)] 330568K->71024K(812032K), 0.0011871 secs] [Times: user=0.00 sys=0.00, real=0.00 secs] 
2024-10-04T21:51:37.146+0300: 1012.356: Total time for which application threads were stopped: 0.0014742 seconds, Stopping threads took: 0.0001226 seconds
2024-10-04T21:51:37.508+0300: 1012.722: Application time: 0.3662208 seconds
2024-10-04T21:51:37.508+0300: 1012.722: [GC (Allocation Failure) [PSYoungGen: 261984K->4448K(266240K)] 328576K->71048K(812544K), 0.0011242 secs] [Times: user=0.00 sys=0.00, real=0.00 secs] 
2024-10-04T21:51:37.508+0300: 1012.723: Total time for which application threads were stopped: 0.0014181 seconds, Stopping threads took: 0.0001630 seconds
2024-10-04T21:51:37.883+0300: 1013.086: Application time: 0.3622098 seconds
2024-10-04T21:51:37.883+0300: 1013.086: [GC (Allocation Failure) [PSYoungGen: 262516K->5440K(265728K)] 329116K->72056K(812032K), 0.0012094 secs] [Times: user=0.00 sys=0.00, real=0.00 secs] 
2024-10-04T21:51:37.883+0300: 1013.087: Total time for which application threads were stopped: 0.0015052 seconds, Stopping threads took: 0.0001613 seconds
2024-10-04T21:51:38.260+0300: 1013.462: Application time: 0.3752840 seconds
2024-10-04T21:51:38.260+0300: 1013.463: [GC (Allocation Failure) [PSYoungGen: 264146K->4384K(266240K)] 330762K->71008K(812544K), 0.0010948 secs] [Times: user=0.00 sys=0.00, real=0.00 secs] 
2024-10-04T21:51:38.260+0300: 1013.464: Total time for which application threads were stopped: 0.0014616 seconds, Stopping threads took: 0.0002083 seconds
2024-10-04T21:51:38.622+0300: 1013.829: Application time: 0.3649640 seconds
2024-10-04T21:51:38.622+0300: 1013.829: [GC (Allocation Failure) [PSYoungGen: 263353K->5344K(266240K)] 329978K->72024K(812544K), 0.0013077 secs] [Times: user=0.00 sys=0.00, real=0.00 secs] 
2024-10-04T21:51:38.622+0300: 1013.830: Total time for which application threads were stopped: 0.0016097 seconds, Stopping threads took: 0.0001754 seconds
2024-10-04T21:51:38.983+0300: 1014.197: Application time: 0.3668792 seconds
2024-10-04T21:51:38.983+0300: 1014.197: [GC (Allocation Failure) [PSYoungGen: 264291K->4320K(266240K)] 330972K->71112K(812544K), 0.0011656 secs] [Times: user=0.00 sys=0.00, real=0.00 secs] 
2024-10-04T21:51:38.983+0300: 1014.199: Total time for which application threads were stopped: 0.0014680 seconds, Stopping threads took: 0.0001687 seconds
2024-10-04T21:51:39.359+0300: 1014.570: Application time: 0.3713550 seconds
2024-10-04T21:51:39.370+0300: 1014.570: [GC (Allocation Failure) [PSYoungGen: 263048K->4448K(266240K)] 329840K->71248K(812544K), 0.0010796 secs] [Times: user=0.00 sys=0.00, real=0.00 secs] 
2024-10-04T21:51:39.370+0300: 1014.572: Total time for which application threads were stopped: 0.0015492 seconds, Stopping threads took: 0.0002721 seconds
2024-10-04T21:51:39.736+0300: 1014.940: Application time: 0.3687324 seconds
2024-10-04T21:51:39.736+0300: 1014.941: [GC (Allocation Failure) [PSYoungGen: 264032K->4448K(266752K)] 330832K->71256K(813056K), 0.0010963 secs] [Times: user=0.00 sys=0.00, real=0.00 secs] 
2024-10-04T21:51:39.736+0300: 1014.942: Total time for which application threads were stopped: 0.0014296 seconds, Stopping threads took: 0.0001575 seconds
2024-10-04T21:51:40.097+0300: 1015.310: Application time: 0.3682216 seconds
2024-10-04T21:51:40.097+0300: 1015.310: [GC (Allocation Failure) [PSYoungGen: 264472K->4448K(266240K)] 331281K->71264K(812544K), 0.0010694 secs] [Times: user=0.00 sys=0.00, real=0.00 secs] 
2024-10-04T21:51:40.097+0300: 1015.311: Total time for which application threads were stopped: 0.0013640 seconds, Stopping threads took: 0.0001523 seconds
2024-10-04T21:51:40.474+0300: 1015.683: Application time: 0.3713213 seconds
2024-10-04T21:51:40.474+0300: 1015.683: [GC (Allocation Failure) [PSYoungGen: 264332K->5408K(266752K)] 331149K->72232K(813056K), 0.0013590 secs] [Times: user=0.00 sys=0.00, real=0.00 secs] 
2024-10-04T21:51:40.474+0300: 1015.684: Total time for which application threads were stopped: 0.0017935 seconds, Stopping threads took: 0.0002193 seconds
2024-10-04T21:51:40.850+0300: 1016.052: Application time: 0.3678989 seconds
2024-10-04T21:51:40.850+0300: 1016.053: [GC (Allocation Failure) [PSYoungGen: 265543K->4448K(266752K)] 332367K->71280K(813056K), 0.0010492 secs] [Times: user=0.00 sys=0.00, real=0.00 secs] 
2024-10-04T21:51:40.850+0300: 1016.054: Total time for which application threads were stopped: 0.0013628 seconds, Stopping threads took: 0.0001889 seconds
2024-10-04T21:51:41.227+0300: 1016.431: Application time: 0.3771275 seconds
2024-10-04T21:51:41.227+0300: 1016.431: [GC (Allocation Failure) [PSYoungGen: 264508K->3360K(266752K)] 331340K->70240K(813056K), 0.0010672 secs] [Times: user=0.00 sys=0.00, real=0.00 secs] 
2024-10-04T21:51:41.227+0300: 1016.432: Total time for which application threads were stopped: 0.0013709 seconds, Stopping threads took: 0.0001525 seconds
2024-10-04T21:51:41.588+0300: 1016.796: Application time: 0.3634038 seconds
2024-10-04T21:51:41.588+0300: 1016.796: [GC (Allocation Failure) [PSYoungGen: 263285K->5408K(266240K)] 330165K->72328K(812544K), 0.0013001 secs] [Times: user=0.00 sys=0.00, real=0.00 secs] 
2024-10-04T21:51:41.588+0300: 1016.797: Total time for which application threads were stopped: 0.0016702 seconds, Stopping threads took: 0.0002159 seconds
2024-10-04T21:51:41.964+0300: 1017.167: Application time: 0.3695808 seconds
2024-10-04T21:51:41.964+0300: 1017.167: [GC (Allocation Failure) [PSYoungGen: 265462K->4464K(266752K)] 332383K->71392K(813056K), 0.0010156 secs] [Times: user=0.00 sys=0.00, real=0.00 secs] 
2024-10-04T21:51:41.964+0300: 1017.168: Total time for which application threads were stopped: 0.0012865 seconds, Stopping threads took: 0.0001513 seconds
2024-10-04T21:51:42.325+0300: 1017.541: Application time: 0.3726797 seconds
2024-10-04T21:51:42.341+0300: 1017.541: [GC (Allocation Failure) [PSYoungGen: 264560K->4352K(266240K)] 331488K->71296K(812544K), 0.0011119 secs] [Times: user=0.00 sys=0.00, real=0.00 secs] 
2024-10-04T21:51:42.341+0300: 1017.542: Total time for which application threads were stopped: 0.0015791 seconds, Stopping threads took: 0.0002191 seconds
2024-10-04T21:51:42.702+0300: 1017.909: Application time: 0.3662418 seconds
2024-10-04T21:51:42.702+0300: 1017.909: [GC (Allocation Failure) [PSYoungGen: 263523K->3392K(266752K)] 330468K->70344K(813056K), 0.0010208 secs] [Times: user=0.00 sys=0.00, real=0.00 secs] 
2024-10-04T21:51:42.702+0300: 1017.910: Total time for which application threads were stopped: 0.0013540 seconds, Stopping threads took: 0.0002035 seconds
2024-10-04T21:51:43.063+0300: 1018.277: Application time: 0.3669660 seconds
2024-10-04T21:51:43.063+0300: 1018.277: [GC (Allocation Failure) [PSYoungGen: 263127K->3392K(266752K)] 330079K->70352K(813056K), 0.0009504 secs] [Times: user=0.00 sys=0.00, real=0.02 secs] 
2024-10-04T21:51:43.078+0300: 1018.278: Total time for which application threads were stopped: 0.0013022 seconds, Stopping threads took: 0.0001853 seconds
2024-10-04T21:51:43.439+0300: 1018.651: Application time: 0.3729528 seconds
2024-10-04T21:51:43.439+0300: 1018.652: [GC (Allocation Failure) [PSYoungGen: 263601K->4448K(266752K)] 330561K->71416K(813056K), 0.0011861 secs] [Times: user=0.00 sys=0.00, real=0.00 secs] 
2024-10-04T21:51:43.439+0300: 1018.653: Total time for which application threads were stopped: 0.0015939 seconds, Stopping threads took: 0.0002090 seconds
2024-10-04T21:51:43.816+0300: 1019.019: Application time: 0.3657433 seconds
2024-10-04T21:51:43.816+0300: 1019.019: [GC (Allocation Failure) [PSYoungGen: 264229K->4448K(266752K)] 331197K->71424K(813056K), 0.0010434 secs] [Times: user=0.00 sys=0.00, real=0.00 secs] 
2024-10-04T21:51:43.816+0300: 1019.020: Total time for which application threads were stopped: 0.0013619 seconds, Stopping threads took: 0.0001802 seconds
2024-10-04T21:51:44.180+0300: 1019.390: Application time: 0.3699487 seconds
2024-10-04T21:51:44.180+0300: 1019.390: [GC (Allocation Failure) [PSYoungGen: 264544K->5472K(266752K)] 331521K->72456K(813056K), 0.0012518 secs] [Times: user=0.00 sys=0.00, real=0.00 secs] 
2024-10-04T21:51:44.180+0300: 1019.391: Total time for which application threads were stopped: 0.0015326 seconds, Stopping threads took: 0.0001224 seconds
2024-10-04T21:51:44.569+0300: 1019.775: Application time: 0.3830538 seconds
2024-10-04T21:51:44.569+0300: 1019.775: [GC (Allocation Failure) [PSYoungGen: 265315K->4448K(266752K)] 332299K->71440K(813056K), 0.0010322 secs] [Times: user=0.00 sys=0.00, real=0.00 secs] 
2024-10-04T21:51:44.569+0300: 1019.776: Total time for which application threads were stopped: 0.0013551 seconds, Stopping threads took: 0.0001428 seconds
2024-10-04T21:51:44.930+0300: 1020.143: Application time: 0.3670330 seconds
2024-10-04T21:51:44.930+0300: 1020.143: [GC (Allocation Failure) [PSYoungGen: 264320K->5440K(266752K)] 331313K->72480K(813056K), 0.0013017 secs] [Times: user=0.01 sys=0.00, real=0.00 secs] 
2024-10-04T21:51:44.930+0300: 1020.145: Total time for which application threads were stopped: 0.0016015 seconds, Stopping threads took: 0.0001331 seconds
2024-10-04T21:51:45.322+0300: 1020.529: Application time: 0.3845818 seconds
2024-10-04T21:51:45.322+0300: 1020.529: [GC (Allocation Failure) [PSYoungGen: 265502K->5344K(266240K)] 332542K->72464K(812544K), 0.0013336 secs] [Times: user=0.00 sys=0.00, real=0.00 secs] 
2024-10-04T21:51:45.322+0300: 1020.531: Total time for which application threads were stopped: 0.0016373 seconds, Stopping threads took: 0.0001556 seconds
2024-10-04T21:51:45.699+0300: 1020.904: Application time: 0.3733173 seconds
2024-10-04T21:51:45.699+0300: 1020.904: [GC (Allocation Failure) [PSYoungGen: 264996K->3456K(266240K)] 332116K->70584K(812544K), 0.0009872 secs] [Times: user=0.00 sys=0.00, real=0.00 secs] 
2024-10-04T21:51:45.699+0300: 1020.905: Total time for which application threads were stopped: 0.0012633 seconds, Stopping threads took: 0.0001304 seconds
2024-10-04T21:51:46.059+0300: 1021.271: Application time: 0.3661415 seconds
2024-10-04T21:51:46.059+0300: 1021.272: [GC (Allocation Failure) [PSYoungGen: 262770K->5424K(266240K)] 329899K->72600K(812544K), 0.0012644 secs] [Times: user=0.00 sys=0.00, real=0.00 secs] 
2024-10-04T21:51:46.059+0300: 1021.273: Total time for which application threads were stopped: 0.0015996 seconds, Stopping threads took: 0.0001619 seconds
2024-10-04T21:51:46.437+0300: 1021.649: Application time: 0.3761865 seconds
2024-10-04T21:51:46.437+0300: 1021.650: [GC (Allocation Failure) [PSYoungGen: 264185K->4480K(266240K)] 331362K->71664K(812544K), 0.0011628 secs] [Times: user=0.00 sys=0.00, real=0.00 secs] 
2024-10-04T21:51:46.437+0300: 1021.651: Total time for which application threads were stopped: 0.0015004 seconds, Stopping threads took: 0.0002024 seconds
2024-10-04T21:51:46.813+0300: 1022.024: Application time: 0.3734432 seconds
2024-10-04T21:51:46.813+0300: 1022.025: [GC (Allocation Failure) [PSYoungGen: 263463K->5440K(266240K)] 330648K->72640K(812544K), 0.0013226 secs] [Times: user=0.00 sys=0.00, real=0.00 secs] 
2024-10-04T21:51:46.813+0300: 1022.026: Total time for which application threads were stopped: 0.0017919 seconds, Stopping threads took: 0.0002900 seconds
2024-10-04T21:51:47.190+0300: 1022.405: Application time: 0.3785692 seconds
2024-10-04T21:51:47.190+0300: 1022.405: [GC (Allocation Failure) [PSYoungGen: 264254K->4448K(266240K)] 331455K->71656K(812544K), 0.0010542 secs] [Times: user=0.00 sys=0.00, real=0.00 secs] 
2024-10-04T21:51:47.190+0300: 1022.406: Total time for which application threads were stopped: 0.0014305 seconds, Stopping threads took: 0.0002324 seconds
2024-10-04T21:51:47.566+0300: 1022.773: Application time: 0.3668584 seconds
2024-10-04T21:51:47.566+0300: 1022.773: [GC (Allocation Failure) [PSYoungGen: 263441K->5392K(266240K)] 330650K->72648K(812544K), 0.0013803 secs] [Times: user=0.00 sys=0.00, real=0.00 secs] 
2024-10-04T21:51:47.566+0300: 1022.775: Total time for which application threads were stopped: 0.0017255 seconds, Stopping threads took: 0.0001636 seconds
2024-10-04T21:51:47.943+0300: 1023.146: Application time: 0.3709995 seconds
2024-10-04T21:51:47.943+0300: 1023.146: [GC (Allocation Failure) [PSYoungGen: 264524K->3376K(266240K)] 331781K->70672K(812544K), 0.0009770 secs] [Times: user=0.00 sys=0.00, real=0.00 secs] 
2024-10-04T21:51:47.943+0300: 1023.147: Total time for which application threads were stopped: 0.0013049 seconds, Stopping threads took: 0.0001863 seconds
2024-10-04T21:51:48.320+0300: 1023.526: Application time: 0.3789834 seconds
2024-10-04T21:51:48.320+0300: 1023.526: [GC (Allocation Failure) [PSYoungGen: 262960K->3408K(266240K)] 330256K->70720K(812544K), 0.0009656 secs] [Times: user=0.00 sys=0.00, real=0.00 secs] 
2024-10-04T21:51:48.320+0300: 1023.527: Total time for which application threads were stopped: 0.0012753 seconds, Stopping threads took: 0.0001427 seconds
2024-10-04T21:51:48.681+0300: 1023.889: Application time: 0.3623113 seconds
2024-10-04T21:51:48.681+0300: 1023.890: [GC (Allocation Failure) [PSYoungGen: 262598K->5440K(266240K)] 329910K->72768K(812544K), 0.0012813 secs] [Times: user=0.00 sys=0.00, real=0.01 secs] 
2024-10-04T21:51:48.689+0300: 1023.891: Total time for which application threads were stopped: 0.0016418 seconds, Stopping threads took: 0.0002010 seconds
2024-10-04T21:51:49.057+0300: 1024.261: Application time: 0.3702722 seconds
2024-10-04T21:51:49.057+0300: 1024.262: [GC (Allocation Failure) [PSYoungGen: 264014K->4464K(266240K)] 331343K->71800K(812544K), 0.0012843 secs] [Times: user=0.00 sys=0.00, real=0.00 secs] 
2024-10-04T21:51:49.057+0300: 1024.263: Total time for which application threads were stopped: 0.0016013 seconds, Stopping threads took: 0.0001691 seconds
2024-10-04T21:51:49.434+0300: 1024.637: Application time: 0.3742236 seconds
2024-10-04T21:51:49.434+0300: 1024.637: [GC (Allocation Failure) [PSYoungGen: 263762K->4400K(266240K)] 331099K->71744K(812544K), 0.0010914 secs] [Times: user=0.00 sys=0.00, real=0.00 secs] 
2024-10-04T21:51:49.434+0300: 1024.639: Total time for which application threads were stopped: 0.0013686 seconds, Stopping threads took: 0.0001333 seconds
2024-10-04T21:51:49.795+0300: 1025.004: Application time: 0.3651104 seconds
2024-10-04T21:51:49.795+0300: 1025.004: [GC (Allocation Failure) [PSYoungGen: 263732K->4464K(266240K)] 331076K->71816K(812544K), 0.0011304 secs] [Times: user=0.00 sys=0.00, real=0.00 secs] 
2024-10-04T21:51:49.795+0300: 1025.005: Total time for which application threads were stopped: 0.0014532 seconds, Stopping threads took: 0.0001878 seconds
2024-10-04T21:51:50.171+0300: 1025.377: Application time: 0.3718038 seconds
2024-10-04T21:51:50.171+0300: 1025.377: [GC (Allocation Failure) [PSYoungGen: 263815K->5392K(265728K)] 331168K->72760K(812032K), 0.0013076 secs] [Times: user=0.00 sys=0.00, real=0.00 secs] 
2024-10-04T21:51:50.171+0300: 1025.379: Total time for which application threads were stopped: 0.0016454 seconds, Stopping threads took: 0.0001795 seconds
2024-10-04T21:51:50.532+0300: 1025.748: Application time: 0.3692658 seconds
2024-10-04T21:51:50.532+0300: 1025.748: [GC (Allocation Failure) [PSYoungGen: 264976K->3424K(266240K)] 332344K->70800K(812544K), 0.0010894 secs] [Times: user=0.00 sys=0.00, real=0.02 secs] 
2024-10-04T21:51:50.548+0300: 1025.749: Total time for which application threads were stopped: 0.0014084 seconds, Stopping threads took: 0.0001487 seconds
2024-10-04T21:51:50.909+0300: 1026.114: Application time: 0.3644882 seconds
2024-10-04T21:51:50.909+0300: 1026.114: [GC (Allocation Failure) [PSYoungGen: 262450K->4448K(266240K)] 329827K->71832K(812544K), 0.0010110 secs] [Times: user=0.00 sys=0.00, real=0.00 secs] 
2024-10-04T21:51:50.909+0300: 1026.115: Total time for which application threads were stopped: 0.0012989 seconds, Stopping threads took: 0.0001547 seconds
2024-10-04T21:51:51.285+0300: 1026.486: Application time: 0.3713441 seconds
2024-10-04T21:51:51.285+0300: 1026.487: [GC (Allocation Failure) [PSYoungGen: 263565K->5376K(266240K)] 330949K->72840K(812544K), 0.0012414 secs] [Times: user=0.00 sys=0.00, real=0.00 secs] 
2024-10-04T21:51:51.285+0300: 1026.488: Total time for which application threads were stopped: 0.0016358 seconds, Stopping threads took: 0.0002173 seconds
2024-10-04T21:51:51.646+0300: 1026.856: Application time: 0.3679458 seconds
2024-10-04T21:51:51.646+0300: 1026.856: [GC (Allocation Failure) [PSYoungGen: 264960K->3408K(266240K)] 332424K->70880K(812544K), 0.0011071 secs] [Times: user=0.00 sys=0.00, real=0.00 secs] 
2024-10-04T21:51:51.646+0300: 1026.857: Total time for which application threads were stopped: 0.0014334 seconds, Stopping threads took: 0.0001813 seconds
2024-10-04T21:51:52.007+0300: 1027.220: Application time: 0.3629993 seconds
2024-10-04T21:51:52.007+0300: 1027.221: [GC (Allocation Failure) [PSYoungGen: 262335K->5424K(266240K)] 329808K->72952K(812544K), 0.0012723 secs] [Times: user=0.00 sys=0.00, real=0.00 secs] 
2024-10-04T21:51:52.007+0300: 1027.222: Total time for which application threads were stopped: 0.0016267 seconds, Stopping threads took: 0.0002001 seconds
2024-10-04T21:51:52.383+0300: 1027.596: Application time: 0.3736705 seconds
2024-10-04T21:51:52.383+0300: 1027.596: [GC (Allocation Failure) [PSYoungGen: 264435K->5408K(266240K)] 331964K->72977K(812544K), 0.0012632 secs] [Times: user=0.00 sys=0.00, real=0.00 secs] 
2024-10-04T21:51:52.383+0300: 1027.597: Total time for which application threads were stopped: 0.0015963 seconds, Stopping threads took: 0.0001957 seconds
2024-10-04T21:51:52.760+0300: 1027.962: Application time: 0.3648301 seconds
2024-10-04T21:51:52.760+0300: 1027.962: [GC (Allocation Failure) [PSYoungGen: 264072K->3472K(266240K)] 331641K->71048K(812544K), 0.0010094 secs] [Times: user=0.00 sys=0.00, real=0.00 secs] 
2024-10-04T21:51:52.760+0300: 1027.964: Total time for which application threads were stopped: 0.0012971 seconds, Stopping threads took: 0.0001628 seconds
2024-10-04T21:51:53.121+0300: 1028.331: Application time: 0.3671733 seconds
2024-10-04T21:51:53.121+0300: 1028.331: [GC (Allocation Failure) [PSYoungGen: 262410K->3424K(266240K)] 329986K->71017K(812544K), 0.0008946 secs] [Times: user=0.00 sys=0.00, real=0.00 secs] 
2024-10-04T21:51:53.121+0300: 1028.332: Total time for which application threads were stopped: 0.0011562 seconds, Stopping threads took: 0.0001381 seconds
2024-10-04T21:51:53.499+0300: 1028.702: Application time: 0.3705149 seconds
2024-10-04T21:51:53.499+0300: 1028.703: [GC (Allocation Failure) [PSYoungGen: 262181K->5472K(265216K)] 329774K->73073K(811520K), 0.0013570 secs] [Times: user=0.00 sys=0.00, real=0.00 secs] 
2024-10-04T21:51:53.499+0300: 1028.704: Total time for which application threads were stopped: 0.0016446 seconds, Stopping threads took: 0.0001167 seconds
2024-10-04T21:51:53.859+0300: 1029.067: Application time: 0.3633419 seconds
2024-10-04T21:51:53.859+0300: 1029.068: [GC (Allocation Failure) [PSYoungGen: 264389K->5408K(265728K)] 331990K->73049K(812032K), 0.0012601 secs] [Times: user=0.00 sys=0.00, real=0.00 secs] 
2024-10-04T21:51:53.859+0300: 1029.069: Total time for which application threads were stopped: 0.0015852 seconds, Stopping threads took: 0.0001797 seconds
2024-10-04T21:51:54.236+0300: 1029.439: Application time: 0.3704277 seconds
2024-10-04T21:51:54.236+0300: 1029.440: [GC (Allocation Failure) [PSYoungGen: 263040K->5408K(265728K)] 330681K->73105K(812032K), 0.0013040 secs] [Times: user=0.00 sys=0.00, real=0.00 secs] 
2024-10-04T21:51:54.236+0300: 1029.441: Total time for which application threads were stopped: 0.0016898 seconds, Stopping threads took: 0.0001934 seconds
2024-10-04T21:51:54.601+0300: 1029.806: Application time: 0.3649190 seconds
2024-10-04T21:51:54.601+0300: 1029.806: [GC (Allocation Failure) [PSYoungGen: 263398K->4448K(265728K)] 331095K->72153K(812032K), 0.0011452 secs] [Times: user=0.00 sys=0.00, real=0.00 secs] 
2024-10-04T21:51:54.601+0300: 1029.807: Total time for which application threads were stopped: 0.0014563 seconds, Stopping threads took: 0.0001826 seconds
2024-10-04T21:51:54.958+0300: 1030.173: Application time: 0.3658249 seconds
2024-10-04T21:51:54.958+0300: 1030.173: [GC (Allocation Failure) [PSYoungGen: 262958K->3424K(265728K)] 330663K->71145K(812032K), 0.0011144 secs] [Times: user=0.01 sys=0.00, real=0.02 secs] 
2024-10-04T21:51:54.974+0300: 1030.175: Total time for which application threads were stopped: 0.0014123 seconds, Stopping threads took: 0.0001594 seconds
2024-10-04T21:51:55.335+0300: 1030.545: Application time: 0.3700296 seconds
2024-10-04T21:51:55.335+0300: 1030.545: [GC (Allocation Failure) [PSYoungGen: 261277K->5408K(265728K)] 328998K->73145K(812032K), 0.0013354 secs] [Times: user=0.00 sys=0.00, real=0.00 secs] 
2024-10-04T21:51:55.335+0300: 1030.547: Total time for which application threads were stopped: 0.0017852 seconds, Stopping threads took: 0.0002804 seconds
2024-10-04T21:51:55.704+0300: 1030.912: Application time: 0.3652178 seconds
2024-10-04T21:51:55.704+0300: 1030.912: [GC (Allocation Failure) [PSYoungGen: 263380K->5472K(265728K)] 331117K->73217K(812032K), 0.0014277 secs] [Times: user=0.02 sys=0.00, real=0.01 secs] 
2024-10-04T21:51:55.712+0300: 1030.913: Total time for which application threads were stopped: 0.0017567 seconds, Stopping threads took: 0.0001836 seconds
2024-10-04T21:51:56.072+0300: 1031.281: Application time: 0.3672440 seconds
2024-10-04T21:51:56.072+0300: 1031.281: [GC (Allocation Failure) [PSYoungGen: 263809K->4448K(265728K)] 331554K->72201K(812032K), 0.0010819 secs] [Times: user=0.00 sys=0.00, real=0.00 secs] 
2024-10-04T21:51:56.072+0300: 1031.282: Total time for which application threads were stopped: 0.0013655 seconds, Stopping threads took: 0.0001531 seconds
2024-10-04T21:51:56.450+0300: 1031.651: Application time: 0.3690997 seconds
2024-10-04T21:51:56.450+0300: 1031.651: [GC (Allocation Failure) [PSYoungGen: 262698K->5424K(265728K)] 330451K->73185K(812032K), 0.0012647 secs] [Times: user=0.00 sys=0.00, real=0.00 secs] 
2024-10-04T21:51:56.450+0300: 1031.653: Total time for which application threads were stopped: 0.0016423 seconds, Stopping threads took: 0.0002110 seconds
2024-10-04T21:51:56.811+0300: 1032.020: Application time: 0.3674060 seconds
2024-10-04T21:51:56.811+0300: 1032.020: [GC (Allocation Failure) [PSYoungGen: 263032K->3328K(265728K)] 330793K->71137K(812032K), 0.0009746 secs] [Times: user=0.00 sys=0.00, real=0.00 secs] 
2024-10-04T21:51:56.811+0300: 1032.022: Total time for which application threads were stopped: 0.0012542 seconds, Stopping threads took: 0.0001600 seconds
2024-10-04T21:51:57.186+0300: 1032.390: Application time: 0.3684273 seconds
2024-10-04T21:51:57.186+0300: 1032.390: [GC (Allocation Failure) [PSYoungGen: 261158K->4384K(265728K)] 328967K->72249K(812032K), 0.0011140 secs] [Times: user=0.00 sys=0.00, real=0.00 secs] 
2024-10-04T21:51:57.186+0300: 1032.391: Total time for which application threads were stopped: 0.0014811 seconds, Stopping threads took: 0.0002087 seconds
2024-10-04T21:51:57.547+0300: 1032.757: Application time: 0.3651722 seconds
2024-10-04T21:51:57.547+0300: 1032.757: [GC (Allocation Failure) [PSYoungGen: 262374K->4416K(266240K)] 330239K->72297K(812544K), 0.0011239 secs] [Times: user=0.00 sys=0.00, real=0.00 secs] 
2024-10-04T21:51:57.547+0300: 1032.758: Total time for which application threads were stopped: 0.0014516 seconds, Stopping threads took: 0.0001658 seconds
2024-10-04T21:51:57.908+0300: 1033.122: Application time: 0.3635303 seconds
2024-10-04T21:51:57.908+0300: 1033.122: [GC (Allocation Failure) [PSYoungGen: 263018K->5440K(265728K)] 330899K->73337K(812032K), 0.0011676 secs] [Times: user=0.00 sys=0.00, real=0.00 secs] 
2024-10-04T21:51:57.908+0300: 1033.123: Total time for which application threads were stopped: 0.0015097 seconds, Stopping threads took: 0.0002171 seconds
2024-10-04T21:51:58.285+0300: 1033.496: Application time: 0.3729763 seconds
2024-10-04T21:51:58.285+0300: 1033.496: [GC (Allocation Failure) [PSYoungGen: 264403K->5440K(265216K)] 332300K->73385K(811520K), 0.0013363 secs] [Times: user=0.00 sys=0.00, real=0.00 secs] 
2024-10-04T21:51:58.285+0300: 1033.498: Total time for which application threads were stopped: 0.0016856 seconds, Stopping threads took: 0.0001457 seconds
2024-10-04T21:51:58.661+0300: 1033.862: Application time: 0.3646041 seconds
2024-10-04T21:51:58.661+0300: 1033.863: [GC (Allocation Failure) [PSYoungGen: 263253K->3392K(265728K)] 331198K->71385K(812032K), 0.0009345 secs] [Times: user=0.00 sys=0.00, real=0.00 secs] 
2024-10-04T21:51:58.661+0300: 1033.864: Total time for which application threads were stopped: 0.0012425 seconds, Stopping threads took: 0.0001788 seconds
2024-10-04T21:51:59.022+0300: 1034.228: Application time: 0.3644662 seconds
2024-10-04T21:51:59.022+0300: 1034.228: [GC (Allocation Failure) [PSYoungGen: 261202K->5440K(265728K)] 329195K->73449K(812032K), 0.0010525 secs] [Times: user=0.00 sys=0.00, real=0.00 secs] 
2024-10-04T21:51:59.022+0300: 1034.229: Total time for which application threads were stopped: 0.0013041 seconds, Stopping threads took: 0.0001138 seconds
2024-10-04T21:51:59.383+0300: 1034.599: Application time: 0.3695990 seconds
2024-10-04T21:51:59.383+0300: 1034.599: [GC (Allocation Failure) [PSYoungGen: 263084K->4464K(265728K)] 331094K->72481K(812032K), 0.0012729 secs] [Times: user=0.02 sys=0.00, real=0.02 secs] 
2024-10-04T21:51:59.399+0300: 1034.601: Total time for which application threads were stopped: 0.0016020 seconds, Stopping threads took: 0.0001871 seconds
2024-10-04T21:51:59.760+0300: 1034.969: Application time: 0.3681820 seconds
2024-10-04T21:51:59.760+0300: 1034.969: [GC (Allocation Failure) [PSYoungGen: 263024K->3408K(265728K)] 331041K->71433K(812032K), 0.0009784 secs] [Times: user=0.00 sys=0.00, real=0.00 secs] 
2024-10-04T21:51:59.760+0300: 1034.970: Total time for which application threads were stopped: 0.0012643 seconds, Stopping threads took: 0.0001614 seconds
2024-10-04T21:52:00.137+0300: 1035.340: Application time: 0.3703670 seconds
2024-10-04T21:52:00.137+0300: 1035.341: [GC (Allocation Failure) [PSYoungGen: 261215K->5312K(265728K)] 329240K->73409K(812032K), 0.0014488 secs] [Times: user=0.00 sys=0.00, real=0.00 secs] 
2024-10-04T21:52:00.137+0300: 1035.342: Total time for which application threads were stopped: 0.0017359 seconds, Stopping threads took: 0.0001342 seconds
2024-10-04T21:52:00.498+0300: 1035.713: Application time: 0.3713071 seconds
2024-10-04T21:52:00.498+0300: 1035.714: [GC (Allocation Failure) [PSYoungGen: 263162K->5472K(265728K)] 331259K->73577K(812032K), 0.0013491 secs] [Times: user=0.01 sys=0.00, real=0.02 secs] 
2024-10-04T21:52:00.514+0300: 1035.715: Total time for which application threads were stopped: 0.0016566 seconds, Stopping threads took: 0.0001531 seconds
2024-10-04T21:52:00.874+0300: 1036.079: Application time: 0.3635303 seconds
2024-10-04T21:52:00.874+0300: 1036.079: [GC (Allocation Failure) [PSYoungGen: 263143K->4448K(265728K)] 331248K->72561K(812032K), 0.0011103 secs] [Times: user=0.00 sys=0.00, real=0.00 secs] 
2024-10-04T21:52:00.874+0300: 1036.080: Total time for which application threads were stopped: 0.0013818 seconds, Stopping threads took: 0.0001284 seconds
2024-10-04T21:52:01.236+0300: 1036.452: Application time: 0.3716011 seconds
2024-10-04T21:52:01.251+0300: 1036.452: [GC (Allocation Failure) [PSYoungGen: 263008K->4416K(266240K)] 331121K->72537K(812544K), 0.0011350 secs] [Times: user=0.00 sys=0.00, real=0.00 secs] 
2024-10-04T21:52:01.251+0300: 1036.453: Total time for which application threads were stopped: 0.0015635 seconds, Stopping threads took: 0.0002308 seconds
2024-10-04T21:52:01.616+0300: 1036.822: Application time: 0.3689361 seconds
2024-10-04T21:52:01.616+0300: 1036.822: [GC (Allocation Failure) [PSYoungGen: 263488K->2384K(265728K)] 331609K->70521K(812032K), 0.0008237 secs] [Times: user=0.00 sys=0.00, real=0.00 secs] 
2024-10-04T21:52:01.616+0300: 1036.823: Total time for which application threads were stopped: 0.0012134 seconds, Stopping threads took: 0.0002580 seconds
2024-10-04T21:52:01.973+0300: 1037.186: Application time: 0.3625437 seconds
2024-10-04T21:52:01.973+0300: 1037.186: [GC (Allocation Failure) [PSYoungGen: 261328K->4480K(266240K)] 329465K->72625K(812544K), 0.0033935 secs] [Times: user=0.00 sys=0.00, real=0.02 secs] 
2024-10-04T21:52:01.989+0300: 1037.190: Total time for which application threads were stopped: 0.0037854 seconds, Stopping threads took: 0.0002108 seconds
2024-10-04T21:52:02.351+0300: 1037.562: Application time: 0.3727312 seconds
2024-10-04T21:52:02.351+0300: 1037.563: [GC (Allocation Failure) [PSYoungGen: 263532K->4448K(265728K)] 331678K->72601K(812032K), 0.0011289 secs] [Times: user=0.00 sys=0.00, real=0.00 secs] 
2024-10-04T21:52:02.351+0300: 1037.564: Total time for which application threads were stopped: 0.0015528 seconds, Stopping threads took: 0.0002100 seconds
2024-10-04T21:52:02.727+0300: 1037.929: Application time: 0.3653231 seconds
2024-10-04T21:52:02.727+0300: 1037.930: [GC (Allocation Failure) [PSYoungGen: 263027K->4400K(266752K)] 331180K->72561K(813056K), 0.0011838 secs] [Times: user=0.00 sys=0.00, real=0.00 secs] 
2024-10-04T21:52:02.727+0300: 1037.931: Total time for which application threads were stopped: 0.0014970 seconds, Stopping threads took: 0.0001873 seconds
2024-10-04T21:52:03.089+0300: 1038.298: Application time: 0.3671001 seconds
2024-10-04T21:52:03.089+0300: 1038.298: [GC (Allocation Failure) [PSYoungGen: 264448K->4352K(266240K)] 332610K->72589K(812544K), 0.0010740 secs] [Times: user=0.00 sys=0.00, real=0.00 secs] 
2024-10-04T21:52:03.089+0300: 1038.299: Total time for which application threads were stopped: 0.0013600 seconds, Stopping threads took: 0.0001592 seconds
2024-10-04T21:52:03.465+0300: 1038.673: Application time: 0.3740538 seconds
2024-10-04T21:52:03.465+0300: 1038.674: [GC (Allocation Failure) [PSYoungGen: 264301K->3408K(266752K)] 332538K->71661K(813056K), 0.0010163 secs] [Times: user=0.00 sys=0.00, real=0.00 secs] 
2024-10-04T21:52:03.465+0300: 1038.675: Total time for which application threads were stopped: 0.0013129 seconds, Stopping threads took: 0.0001771 seconds
2024-10-04T21:52:03.826+0300: 1039.042: Application time: 0.3675056 seconds
2024-10-04T21:52:03.826+0300: 1039.042: [GC (Allocation Failure) [PSYoungGen: 264016K->4416K(266752K)] 332269K->72677K(813056K), 0.0011729 secs] [Times: user=0.00 sys=0.00, real=0.02 secs] 
2024-10-04T21:52:03.842+0300: 1039.044: Total time for which application threads were stopped: 0.0014812 seconds, Stopping threads took: 0.0001694 seconds
2024-10-04T21:52:04.218+0300: 1039.420: Application time: 0.3761797 seconds
2024-10-04T21:52:04.218+0300: 1039.420: [GC (Allocation Failure) [PSYoungGen: 265024K->4400K(266752K)] 333285K->72701K(813056K), 0.0013048 secs] [Times: user=0.00 sys=0.00, real=0.00 secs] 
2024-10-04T21:52:04.218+0300: 1039.422: Total time for which application threads were stopped: 0.0017191 seconds, Stopping threads took: 0.0002547 seconds
2024-10-04T21:52:04.580+0300: 1039.789: Application time: 0.3675821 seconds
2024-10-04T21:52:04.580+0300: 1039.789: [GC (Allocation Failure) [PSYoungGen: 264489K->3392K(266752K)] 332790K->71741K(813056K), 0.0009612 secs] [Times: user=0.00 sys=0.00, real=0.00 secs] 
2024-10-04T21:52:04.580+0300: 1039.790: Total time for which application threads were stopped: 0.0012602 seconds, Stopping threads took: 0.0001445 seconds
2024-10-04T21:52:04.957+0300: 1040.159: Application time: 0.3688829 seconds
2024-10-04T21:52:04.957+0300: 1040.159: [GC (Allocation Failure) [PSYoungGen: 264000K->4448K(266752K)] 332349K->72805K(813056K), 0.0010783 secs] [Times: user=0.00 sys=0.00, real=0.00 secs] 
2024-10-04T21:52:04.957+0300: 1040.161: Total time for which application threads were stopped: 0.0013707 seconds, Stopping threads took: 0.0001548 seconds
2024-10-04T21:52:05.324+0300: 1040.533: Application time: 0.3725859 seconds
2024-10-04T21:52:05.324+0300: 1040.533: [GC (Allocation Failure) [PSYoungGen: 264586K->4480K(266752K)] 332944K->72845K(813056K), 0.0011814 secs] [Times: user=0.00 sys=0.00, real=0.01 secs] 
2024-10-04T21:52:05.334+0300: 1040.535: Total time for which application threads were stopped: 0.0015157 seconds, Stopping threads took: 0.0001881 seconds
2024-10-04T21:52:05.694+0300: 1040.900: Application time: 0.3657358 seconds
2024-10-04T21:52:05.694+0300: 1040.901: [GC (Allocation Failure) [PSYoungGen: 264451K->5472K(266240K)] 332816K->73845K(812544K), 0.0012867 secs] [Times: user=0.00 sys=0.00, real=0.00 secs] 
2024-10-04T21:52:05.694+0300: 1040.902: Total time for which application threads were stopped: 0.0015654 seconds, Stopping threads took: 0.0001484 seconds
2024-10-04T21:52:06.072+0300: 1041.274: Application time: 0.3714590 seconds
2024-10-04T21:52:06.072+0300: 1041.274: [GC (Allocation Failure) [PSYoungGen: 266080K->4480K(266752K)] 334453K->72861K(813056K), 0.0010980 secs] [Times: user=0.00 sys=0.00, real=0.00 secs] 
2024-10-04T21:52:06.072+0300: 1041.275: Total time for which application threads were stopped: 0.0014909 seconds, Stopping threads took: 0.0002483 seconds
2024-10-04T21:52:06.433+0300: 1041.648: Application time: 0.3730265 seconds
2024-10-04T21:52:06.433+0300: 1041.648: [GC (Allocation Failure) [PSYoungGen: 264387K->5424K(266752K)] 332768K->73821K(813056K), 0.0014031 secs] [Times: user=0.00 sys=0.00, real=0.02 secs] 
2024-10-04T21:52:06.449+0300: 1041.650: Total time for which application threads were stopped: 0.0017029 seconds, Stopping threads took: 0.0001458 seconds
2024-10-04T21:52:06.809+0300: 1042.017: Application time: 0.3671073 seconds
2024-10-04T21:52:06.809+0300: 1042.017: [GC (Allocation Failure) [PSYoungGen: 265643K->5392K(266240K)] 334040K->73869K(812544K), 0.0012387 secs] [Times: user=0.00 sys=0.00, real=0.00 secs] 
2024-10-04T21:52:06.809+0300: 1042.018: Total time for which application threads were stopped: 0.0015691 seconds, Stopping threads took: 0.0001709 seconds
2024-10-04T21:52:07.186+0300: 1042.390: Application time: 0.3712485 seconds
2024-10-04T21:52:07.186+0300: 1042.390: [GC (Allocation Failure) [PSYoungGen: 265104K->5440K(266240K)] 333581K->73925K(812544K), 0.0013034 secs] [Times: user=0.00 sys=0.00, real=0.00 secs] 
2024-10-04T21:52:07.186+0300: 1042.391: Total time for which application threads were stopped: 0.0016262 seconds, Stopping threads took: 0.0001578 seconds
2024-10-04T21:52:07.547+0300: 1042.756: Application time: 0.3651638 seconds
2024-10-04T21:52:07.547+0300: 1042.757: [GC (Allocation Failure) [PSYoungGen: 264392K->5424K(266240K)] 332878K->73925K(812544K), 0.0012988 secs] [Times: user=0.00 sys=0.00, real=0.00 secs] 
2024-10-04T21:52:07.547+0300: 1042.758: Total time for which application threads were stopped: 0.0016389 seconds, Stopping threads took: 0.0001971 seconds
2024-10-04T21:52:07.923+0300: 1043.127: Application time: 0.3691651 seconds
2024-10-04T21:52:07.923+0300: 1043.128: [GC (Allocation Failure) [PSYoungGen: 265008K->3456K(266240K)] 333509K->71965K(812544K), 0.0009121 secs] [Times: user=0.00 sys=0.00, real=0.00 secs] 
2024-10-04T21:52:07.923+0300: 1043.128: Total time for which application threads were stopped: 0.0012052 seconds, Stopping threads took: 0.0001686 seconds
2024-10-04T21:52:08.285+0300: 1043.499: Application time: 0.3706993 seconds
2024-10-04T21:52:08.285+0300: 1043.499: [GC (Allocation Failure) [PSYoungGen: 262596K->5472K(266240K)] 331106K->73989K(812544K), 0.0012687 secs] [Times: user=0.00 sys=0.00, real=0.00 secs] 
2024-10-04T21:52:08.285+0300: 1043.501: Total time for which application threads were stopped: 0.0015617 seconds, Stopping threads took: 0.0001527 seconds
2024-10-04T21:52:08.661+0300: 1043.867: Application time: 0.3658422 seconds
2024-10-04T21:52:08.661+0300: 1043.867: [GC (Allocation Failure) [PSYoungGen: 264438K->5456K(265216K)] 332955K->73981K(811520K), 0.0012693 secs] [Times: user=0.00 sys=0.00, real=0.00 secs] 
2024-10-04T21:52:08.661+0300: 1043.868: Total time for which application threads were stopped: 0.0016642 seconds, Stopping threads took: 0.0002193 seconds
2024-10-04T21:52:09.031+0300: 1044.234: Application time: 0.3656773 seconds
2024-10-04T21:52:09.031+0300: 1044.234: [GC (Allocation Failure) [PSYoungGen: 263097K->4448K(265728K)] 331622K->72981K(812032K), 0.0010216 secs] [Times: user=0.00 sys=0.00, real=0.00 secs] 
2024-10-04T21:52:09.031+0300: 1044.235: Total time for which application threads were stopped: 0.0012674 seconds, Stopping threads took: 0.0001052 seconds
2024-10-04T21:52:09.399+0300: 1044.603: Application time: 0.3681468 seconds
2024-10-04T21:52:09.399+0300: 1044.604: [GC (Allocation Failure) [PSYoungGen: 262295K->5376K(266240K)] 330828K->73993K(812544K), 0.0012373 secs] [Times: user=0.00 sys=0.00, real=0.00 secs] 
2024-10-04T21:52:09.399+0300: 1044.605: Total time for which application threads were stopped: 0.0015584 seconds, Stopping threads took: 0.0001858 seconds
2024-10-04T21:52:09.760+0300: 1044.971: Application time: 0.3657781 seconds
2024-10-04T21:52:09.760+0300: 1044.971: [GC (Allocation Failure) [PSYoungGen: 264389K->5440K(265216K)] 333007K->74065K(811520K), 0.0013511 secs] [Times: user=0.00 sys=0.00, real=0.00 secs] 
2024-10-04T21:52:09.760+0300: 1044.972: Total time for which application threads were stopped: 0.0017028 seconds, Stopping threads took: 0.0002042 seconds
2024-10-04T21:52:10.137+0300: 1045.341: Application time: 0.3682008 seconds
2024-10-04T21:52:10.137+0300: 1045.341: [GC (Allocation Failure) [PSYoungGen: 264252K->3360K(265728K)] 332877K->72033K(812032K), 0.0010026 secs] [Times: user=0.00 sys=0.00, real=0.00 secs] 
2024-10-04T21:52:10.137+0300: 1045.342: Total time for which application threads were stopped: 0.0012950 seconds, Stopping threads took: 0.0001426 seconds
2024-10-04T21:52:10.498+0300: 1045.708: Application time: 0.3664252 seconds
2024-10-04T21:52:10.498+0300: 1045.709: [GC (Allocation Failure) [PSYoungGen: 261240K->4384K(265728K)] 329913K->73105K(812032K), 0.0012505 secs] [Times: user=0.00 sys=0.00, real=0.00 secs] 
2024-10-04T21:52:10.498+0300: 1045.710: Total time for which application threads were stopped: 0.0016261 seconds, Stopping threads took: 0.0002191 seconds
2024-10-04T21:52:10.875+0300: 1046.076: Application time: 0.3659503 seconds
2024-10-04T21:52:10.875+0300: 1046.076: [GC (Allocation Failure) [PSYoungGen: 262371K->4448K(266240K)] 331093K->73177K(812544K), 0.0010039 secs] [Times: user=0.00 sys=0.00, real=0.00 secs] 
2024-10-04T21:52:10.875+0300: 1046.077: Total time for which application threads were stopped: 0.0013143 seconds, Stopping threads took: 0.0001736 seconds
2024-10-04T21:52:11.236+0300: 1046.450: Application time: 0.3732494 seconds
2024-10-04T21:52:11.236+0300: 1046.451: [GC (Allocation Failure) [PSYoungGen: 264032K->5472K(266240K)] 332761K->74217K(812544K), 0.0012451 secs] [Times: user=0.00 sys=0.00, real=0.00 secs] 
2024-10-04T21:52:11.236+0300: 1046.452: Total time for which application threads were stopped: 0.0015612 seconds, Stopping threads took: 0.0001760 seconds
2024-10-04T21:52:11.612+0300: 1046.819: Application time: 0.3671976 seconds
2024-10-04T21:52:11.612+0300: 1046.819: [GC (Allocation Failure) [PSYoungGen: 265056K->3424K(266240K)] 333801K->72185K(812544K), 0.0010899 secs] [Times: user=0.00 sys=0.00, real=0.00 secs] 
2024-10-04T21:52:11.612+0300: 1046.821: Total time for which application threads were stopped: 0.0013315 seconds, Stopping threads took: 0.0001206 seconds
2024-10-04T21:52:11.974+0300: 1047.187: Application time: 0.3663897 seconds
2024-10-04T21:52:11.974+0300: 1047.187: [GC (Allocation Failure) [PSYoungGen: 262533K->3408K(266240K)] 331295K->72177K(812544K), 0.0009405 secs] [Times: user=0.00 sys=0.00, real=0.00 secs] 
2024-10-04T21:52:11.974+0300: 1047.188: Total time for which application threads were stopped: 0.0012519 seconds, Stopping threads took: 0.0001743 seconds
2024-10-04T21:52:12.351+0300: 1047.562: Application time: 0.3736013 seconds
2024-10-04T21:52:12.351+0300: 1047.562: [GC (Allocation Failure) [PSYoungGen: 262992K->3440K(266240K)] 331761K->72217K(812544K), 0.0009276 secs] [Times: user=0.00 sys=0.00, real=0.00 secs] 
2024-10-04T21:52:12.351+0300: 1047.563: Total time for which application threads were stopped: 0.0012772 seconds, Stopping threads took: 0.0001970 seconds
2024-10-04T21:52:12.711+0300: 1047.924: Application time: 0.3610866 seconds
2024-10-04T21:52:12.711+0300: 1047.924: [GC (Allocation Failure) [PSYoungGen: 262598K->5408K(265216K)] 331376K->74193K(811520K), 0.0013637 secs] [Times: user=0.00 sys=0.00, real=0.00 secs] 
2024-10-04T21:52:12.711+0300: 1047.926: Total time for which application threads were stopped: 0.0017276 seconds, Stopping threads took: 0.0002161 seconds
2024-10-04T21:52:13.088+0300: 1048.297: Application time: 0.3712489 seconds
2024-10-04T21:52:13.088+0300: 1048.297: [GC (Allocation Failure) [PSYoungGen: 264992K->4448K(266240K)] 333777K->73273K(812544K), 0.0010134 secs] [Times: user=0.00 sys=0.00, real=0.00 secs] 
2024-10-04T21:52:13.088+0300: 1048.298: Total time for which application threads were stopped: 0.0013089 seconds, Stopping threads took: 0.0001665 seconds
2024-10-04T21:52:13.464+0300: 1048.667: Application time: 0.3682955 seconds
2024-10-04T21:52:13.464+0300: 1048.667: [GC (Allocation Failure) [PSYoungGen: 263231K->5424K(265728K)] 332056K->74257K(812032K), 0.0012146 secs] [Times: user=0.00 sys=0.00, real=0.00 secs] 
2024-10-04T21:52:13.464+0300: 1048.668: Total time for which application threads were stopped: 0.0015528 seconds, Stopping threads took: 0.0001994 seconds
2024-10-04T21:52:13.825+0300: 1049.035: Application time: 0.3667279 seconds
2024-10-04T21:52:13.825+0300: 1049.035: [GC (Allocation Failure) [PSYoungGen: 264467K->4416K(266240K)] 333301K->73289K(812544K), 0.0010881 secs] [Times: user=0.00 sys=0.00, real=0.00 secs] 
2024-10-04T21:52:13.825+0300: 1049.036: Total time for which application threads were stopped: 0.0014071 seconds, Stopping threads took: 0.0001967 seconds
2024-10-04T21:52:14.201+0300: 1049.408: Application time: 0.3718076 seconds
2024-10-04T21:52:14.201+0300: 1049.409: [GC (Allocation Failure) [PSYoungGen: 263001K->4432K(265728K)] 331875K->73313K(812032K), 0.0009979 secs] [Times: user=0.00 sys=0.00, real=0.00 secs] 
2024-10-04T21:52:14.201+0300: 1049.410: Total time for which application threads were stopped: 0.0013070 seconds, Stopping threads took: 0.0001725 seconds
2024-10-04T21:52:14.562+0300: 1049.774: Application time: 0.3648444 seconds
2024-10-04T21:52:14.562+0300: 1049.775: [GC (Allocation Failure) [PSYoungGen: 263339K->5440K(266240K)] 332220K->74345K(812544K), 0.0013210 secs] [Times: user=0.00 sys=0.00, real=0.00 secs] 
2024-10-04T21:52:14.562+0300: 1049.776: Total time for which application threads were stopped: 0.0016861 seconds, Stopping threads took: 0.0002272 seconds
2024-10-04T21:52:14.923+0300: 1050.139: Application time: 0.3627457 seconds
2024-10-04T21:52:14.923+0300: 1050.139: [GC (Allocation Failure) [PSYoungGen: 264244K->4384K(266240K)] 333150K->73337K(812544K), 0.0011916 secs] [Times: user=0.02 sys=0.00, real=0.02 secs] 
2024-10-04T21:52:14.939+0300: 1050.140: Total time for which application threads were stopped: 0.0015189 seconds, Stopping threads took: 0.0001869 seconds
2024-10-04T21:52:15.315+0300: 1050.518: Application time: 0.3778030 seconds
2024-10-04T21:52:15.315+0300: 1050.518: [GC (Allocation Failure) [PSYoungGen: 263968K->4480K(266240K)] 332921K->73441K(812544K), 0.0010323 secs] [Times: user=0.00 sys=0.00, real=0.00 secs] 
2024-10-04T21:52:15.318+0300: 1050.520: Total time for which application threads were stopped: 0.0012849 seconds, Stopping threads took: 0.0001312 seconds
2024-10-04T21:52:15.676+0300: 1050.884: Application time: 0.3645008 seconds
2024-10-04T21:52:15.676+0300: 1050.884: [GC (Allocation Failure) [PSYoungGen: 264064K->4416K(266240K)] 333025K->73417K(812544K), 0.0010308 secs] [Times: user=0.00 sys=0.00, real=0.00 secs] 
2024-10-04T21:52:15.676+0300: 1050.885: Total time for which application threads were stopped: 0.0012971 seconds, Stopping threads took: 0.0001318 seconds
2024-10-04T21:52:16.046+0300: 1051.252: Application time: 0.3663913 seconds
2024-10-04T21:52:16.046+0300: 1051.252: [GC (Allocation Failure) [PSYoungGen: 263539K->4352K(266752K)] 332540K->73401K(813056K), 0.0011044 secs] [Times: user=0.00 sys=0.00, real=0.00 secs] 
2024-10-04T21:52:16.046+0300: 1051.253: Total time for which application threads were stopped: 0.0013808 seconds, Stopping threads took: 0.0001472 seconds
2024-10-04T21:52:16.414+0300: 1051.626: Application time: 0.3726595 seconds
2024-10-04T21:52:16.414+0300: 1051.626: [GC (Allocation Failure) [PSYoungGen: 263985K->3440K(266752K)] 333035K->72497K(813056K), 0.0009727 secs] [Times: user=0.00 sys=0.00, real=0.00 secs] 
2024-10-04T21:52:16.414+0300: 1051.627: Total time for which application threads were stopped: 0.0012871 seconds, Stopping threads took: 0.0001921 seconds
2024-10-04T21:52:16.775+0300: 1051.991: Application time: 0.3637051 seconds
2024-10-04T21:52:16.775+0300: 1051.991: [GC (Allocation Failure) [PSYoungGen: 263922K->5408K(265728K)] 332979K->74513K(812032K), 0.0014212 secs] [Times: user=0.01 sys=0.00, real=0.02 secs] 
2024-10-04T21:52:16.791+0300: 1051.993: Total time for which application threads were stopped: 0.0017683 seconds, Stopping threads took: 0.0001983 seconds
2024-10-04T21:52:17.152+0300: 1052.368: Application time: 0.3753680 seconds
2024-10-04T21:52:17.152+0300: 1052.368: [GC (Allocation Failure) [PSYoungGen: 264037K->3424K(266240K)] 333143K->72537K(812544K), 0.0009639 secs] [Times: user=0.02 sys=0.00, real=0.02 secs] 
2024-10-04T21:52:17.168+0300: 1052.369: Total time for which application threads were stopped: 0.0012478 seconds, Stopping threads took: 0.0001378 seconds
2024-10-04T21:52:17.529+0300: 1052.732: Application time: 0.3633445 seconds
2024-10-04T21:52:17.529+0300: 1052.733: [GC (Allocation Failure) [PSYoungGen: 262437K->5424K(266240K)] 331551K->74545K(812544K), 0.0013025 secs] [Times: user=0.00 sys=0.00, real=0.00 secs] 
2024-10-04T21:52:17.529+0300: 1052.734: Total time for which application threads were stopped: 0.0015962 seconds, Stopping threads took: 0.0001610 seconds
2024-10-04T21:52:17.890+0300: 1053.101: Application time: 0.3670224 seconds
2024-10-04T21:52:17.890+0300: 1053.101: [GC (Allocation Failure) [PSYoungGen: 264542K->4448K(266240K)] 333663K->73577K(812544K), 0.0009966 secs] [Times: user=0.00 sys=0.00, real=0.00 secs] 
2024-10-04T21:52:17.890+0300: 1053.102: Total time for which application threads were stopped: 0.0012321 seconds, Stopping threads took: 0.0001048 seconds
2024-10-04T21:52:18.266+0300: 1053.472: Application time: 0.3699397 seconds
2024-10-04T21:52:18.266+0300: 1053.472: [GC (Allocation Failure) [PSYoungGen: 263047K->3440K(266240K)] 332177K->72585K(812544K), 0.0009414 secs] [Times: user=0.00 sys=0.00, real=0.00 secs] 
2024-10-04T21:52:18.266+0300: 1053.474: Total time for which application threads were stopped: 0.0012281 seconds, Stopping threads took: 0.0001553 seconds
2024-10-04T21:52:18.627+0300: 1053.839: Application time: 0.3653972 seconds
2024-10-04T21:52:18.627+0300: 1053.839: [GC (Allocation Failure) [PSYoungGen: 262554K->4448K(266240K)] 331700K->73601K(812544K), 0.0011231 secs] [Times: user=0.00 sys=0.00, real=0.00 secs] 
2024-10-04T21:52:18.627+0300: 1053.840: Total time for which application threads were stopped: 0.0014389 seconds, Stopping threads took: 0.0001799 seconds
2024-10-04T21:52:19.003+0300: 1054.209: Application time: 0.3684603 seconds
2024-10-04T21:52:19.003+0300: 1054.209: [GC (Allocation Failure) [PSYoungGen: 264032K->4416K(266752K)] 333185K->73593K(813056K), 0.0011273 secs] [Times: user=0.00 sys=0.00, real=0.00 secs] 
2024-10-04T21:52:19.003+0300: 1054.210: Total time for which application threads were stopped: 0.0014644 seconds, Stopping threads took: 0.0001975 seconds
2024-10-04T21:52:19.364+0300: 1054.580: Application time: 0.3699353 seconds
2024-10-04T21:52:19.364+0300: 1054.580: [GC (Allocation Failure) [PSYoungGen: 264504K->4352K(266752K)] 333682K->73537K(813056K), 0.0012392 secs] [Times: user=0.02 sys=0.00, real=0.02 secs] 
2024-10-04T21:52:19.380+0300: 1054.582: Total time for which application threads were stopped: 0.0015752 seconds, Stopping threads took: 0.0001915 seconds
2024-10-04T21:52:19.741+0300: 1054.952: Application time: 0.3697202 seconds
2024-10-04T21:52:19.741+0300: 1054.952: [GC (Allocation Failure) [PSYoungGen: 264403K->4448K(266752K)] 333588K->73641K(813056K), 0.0011022 secs] [Times: user=0.00 sys=0.00, real=0.00 secs] 
2024-10-04T21:52:19.741+0300: 1054.953: Total time for which application threads were stopped: 0.0013929 seconds, Stopping threads took: 0.0001590 seconds
2024-10-04T21:52:20.102+0300: 1055.317: Application time: 0.3642314 seconds
2024-10-04T21:52:20.102+0300: 1055.317: [GC (Allocation Failure) [PSYoungGen: 264169K->5408K(266752K)] 333363K->74649K(813056K), 0.0012681 secs] [Times: user=0.00 sys=0.00, real=0.02 secs] 
2024-10-04T21:52:20.118+0300: 1055.319: Total time for which application threads were stopped: 0.0016144 seconds, Stopping threads took: 0.0001707 seconds
2024-10-04T21:52:20.479+0300: 1055.694: Application time: 0.3750360 seconds
2024-10-04T21:52:20.479+0300: 1055.694: [GC (Allocation Failure) [PSYoungGen: 265688K->4416K(266752K)] 334930K->73697K(813056K), 0.0011098 secs] [Times: user=0.00 sys=0.00, real=0.00 secs] 
2024-10-04T21:52:20.495+0300: 1055.695: Total time for which application threads were stopped: 0.0014561 seconds, Stopping threads took: 0.0001949 seconds
2024-10-04T21:52:20.856+0300: 1056.062: Application time: 0.3668742 seconds
2024-10-04T21:52:20.856+0300: 1056.062: [GC (Allocation Failure) [PSYoungGen: 264159K->4448K(266752K)] 333440K->73737K(813056K), 0.0010694 secs] [Times: user=0.00 sys=0.00, real=0.00 secs] 
2024-10-04T21:52:20.856+0300: 1056.064: Total time for which application threads were stopped: 0.0013544 seconds, Stopping threads took: 0.0001636 seconds
2024-10-04T21:52:21.232+0300: 1056.439: Application time: 0.3756663 seconds
2024-10-04T21:52:21.232+0300: 1056.439: [GC (Allocation Failure) [PSYoungGen: 264688K->3424K(266752K)] 333978K->72753K(813056K), 0.0011849 secs] [Times: user=0.00 sys=0.00, real=0.00 secs] 
2024-10-04T21:52:21.232+0300: 1056.441: Total time for which application threads were stopped: 0.0015067 seconds, Stopping threads took: 0.0001464 seconds
2024-10-04T21:52:21.592+0300: 1056.803: Application time: 0.3622870 seconds
2024-10-04T21:52:21.592+0300: 1056.803: [GC (Allocation Failure) [PSYoungGen: 263310K->5440K(266752K)] 332640K->74777K(813056K), 0.0013646 secs] [Times: user=0.00 sys=0.00, real=0.00 secs] 
2024-10-04T21:52:21.592+0300: 1056.805: Total time for which application threads were stopped: 0.0017235 seconds, Stopping threads took: 0.0002216 seconds
2024-10-04T21:52:21.969+0300: 1057.171: Application time: 0.3663299 seconds
2024-10-04T21:52:21.969+0300: 1057.171: [GC (Allocation Failure) [PSYoungGen: 265525K->5408K(265728K)] 334862K->74793K(812032K), 0.0011550 secs] [Times: user=0.00 sys=0.00, real=0.00 secs] 
2024-10-04T21:52:21.969+0300: 1057.172: Total time for which application threads were stopped: 0.0014414 seconds, Stopping threads took: 0.0001642 seconds
2024-10-04T21:52:22.330+0300: 1057.545: Application time: 0.3729996 seconds
2024-10-04T21:52:22.330+0300: 1057.546: [GC (Allocation Failure) [PSYoungGen: 264219K->5408K(266240K)] 333605K->74825K(812544K), 0.0013911 secs] [Times: user=0.02 sys=0.00, real=0.02 secs] 
2024-10-04T21:52:22.345+0300: 1057.547: Total time for which application threads were stopped: 0.0017219 seconds, Stopping threads took: 0.0001919 seconds
2024-10-04T21:52:22.707+0300: 1057.913: Application time: 0.3657654 seconds
2024-10-04T21:52:22.707+0300: 1057.913: [GC (Allocation Failure) [PSYoungGen: 264382K->4416K(266240K)] 333799K->73865K(812544K), 0.0011193 secs] [Times: user=0.00 sys=0.00, real=0.00 secs] 
2024-10-04T21:52:22.707+0300: 1057.914: Total time for which application threads were stopped: 0.0014450 seconds, Stopping threads took: 0.0001749 seconds
2024-10-04T21:52:23.068+0300: 1058.281: Application time: 0.3669616 seconds
2024-10-04T21:52:23.068+0300: 1058.282: [GC (Allocation Failure) [PSYoungGen: 263042K->2384K(266240K)] 332491K->71849K(812544K), 0.0008787 secs] [Times: user=0.00 sys=0.00, real=0.00 secs] 
2024-10-04T21:52:23.068+0300: 1058.283: Total time for which application threads were stopped: 0.0011970 seconds, Stopping threads took: 0.0002057 seconds
2024-10-04T21:52:23.444+0300: 1058.654: Application time: 0.3711349 seconds
2024-10-04T21:52:23.444+0300: 1058.654: [GC (Allocation Failure) [PSYoungGen: 261968K->3424K(266240K)] 331433K->72897K(812544K), 0.0010187 secs] [Times: user=0.00 sys=0.00, real=0.00 secs] 
2024-10-04T21:52:23.444+0300: 1058.655: Total time for which application threads were stopped: 0.0013375 seconds, Stopping threads took: 0.0002132 seconds
2024-10-04T21:52:23.805+0300: 1059.020: Application time: 0.3646288 seconds
2024-10-04T21:52:23.805+0300: 1059.020: [GC (Allocation Failure) [PSYoungGen: 262382K->5456K(266240K)] 331856K->74946K(812544K), 0.0033051 secs] [Times: user=0.00 sys=0.00, real=0.01 secs] 
2024-10-04T21:52:23.820+0300: 1059.023: Total time for which application threads were stopped: 0.0036503 seconds, Stopping threads took: 0.0002066 seconds
2024-10-04T21:52:24.182+0300: 1059.397: Application time: 0.3735409 seconds
2024-10-04T21:52:24.182+0300: 1059.397: [GC (Allocation Failure) [PSYoungGen: 265040K->4432K(266240K)] 334530K->73937K(812544K), 0.0015401 secs] [Times: user=0.00 sys=0.00, real=0.02 secs] 
2024-10-04T21:52:24.197+0300: 1059.399: Total time for which application threads were stopped: 0.0019260 seconds, Stopping threads took: 0.0001956 seconds
2024-10-04T21:52:24.557+0300: 1059.763: Application time: 0.3644913 seconds
2024-10-04T21:52:24.557+0300: 1059.764: [GC (Allocation Failure) [PSYoungGen: 263418K->4368K(266240K)] 332924K->73889K(812544K), 0.0011681 secs] [Times: user=0.00 sys=0.00, real=0.01 secs] 
2024-10-04T21:52:24.564+0300: 1059.765: Total time for which application threads were stopped: 0.0014594 seconds, Stopping threads took: 0.0001274 seconds
2024-10-04T21:52:24.919+0300: 1060.131: Application time: 0.3660089 seconds
2024-10-04T21:52:24.919+0300: 1060.131: [GC (Allocation Failure) [PSYoungGen: 263319K->4448K(266752K)] 332841K->73977K(813056K), 0.0010573 secs] [Times: user=0.00 sys=0.00, real=0.00 secs] 
2024-10-04T21:52:24.919+0300: 1060.132: Total time for which application threads were stopped: 0.0013227 seconds, Stopping threads took: 0.0001500 seconds
2024-10-04T21:52:25.296+0300: 1060.506: Application time: 0.3734664 seconds
2024-10-04T21:52:25.296+0300: 1060.506: [GC (Allocation Failure) [PSYoungGen: 264325K->5472K(266240K)] 333855K->75017K(812544K), 0.0012682 secs] [Times: user=0.00 sys=0.00, real=0.00 secs] 
2024-10-04T21:52:25.296+0300: 1060.507: Total time for which application threads were stopped: 0.0015941 seconds, Stopping threads took: 0.0001830 seconds
2024-10-04T21:52:25.666+0300: 1060.873: Application time: 0.3658629 seconds
2024-10-04T21:52:25.673+0300: 1060.873: [GC (Allocation Failure) [PSYoungGen: 264615K->4416K(266752K)] 334161K->73977K(813056K), 0.0013815 secs] [Times: user=0.00 sys=0.00, real=0.00 secs] 
2024-10-04T21:52:25.673+0300: 1060.875: Total time for which application threads were stopped: 0.0017626 seconds, Stopping threads took: 0.0001832 seconds
2024-10-04T21:52:26.033+0300: 1061.241: Application time: 0.3661938 seconds
2024-10-04T21:52:26.033+0300: 1061.241: [GC (Allocation Failure) [PSYoungGen: 263935K->3424K(266240K)] 333497K->73001K(812544K), 0.0009247 secs] [Times: user=0.00 sys=0.00, real=0.00 secs] 
2024-10-04T21:52:26.033+0300: 1061.242: Total time for which application threads were stopped: 0.0011933 seconds, Stopping threads took: 0.0001508 seconds
2024-10-04T21:52:26.409+0300: 1061.617: Application time: 0.3744239 seconds
2024-10-04T21:52:26.409+0300: 1061.617: [GC (Allocation Failure) [PSYoungGen: 263520K->3424K(266752K)] 333097K->73009K(813056K), 0.0009653 secs] [Times: user=0.00 sys=0.00, real=0.00 secs] 
2024-10-04T21:52:26.409+0300: 1061.618: Total time for which application threads were stopped: 0.0012930 seconds, Stopping threads took: 0.0001588 seconds
2024-10-04T21:52:26.771+0300: 1061.985: Application time: 0.3671142 seconds
2024-10-04T21:52:26.771+0300: 1061.985: [GC (Allocation Failure) [PSYoungGen: 263313K->3376K(266752K)] 332898K->73009K(813056K), 0.0011162 secs] [Times: user=0.00 sys=0.00, real=0.00 secs] 
2024-10-04T21:52:26.771+0300: 1061.986: Total time for which application threads were stopped: 0.0014250 seconds, Stopping threads took: 0.0001604 seconds
2024-10-04T21:52:27.147+0300: 1062.353: Application time: 0.3662888 seconds
2024-10-04T21:52:27.147+0300: 1062.353: [GC (Allocation Failure) [PSYoungGen: 263984K->4336K(266752K)] 333617K->74010K(813056K), 0.0011823 secs] [Times: user=0.00 sys=0.00, real=0.00 secs] 
2024-10-04T21:52:27.147+0300: 1062.354: Total time for which application threads were stopped: 0.0015437 seconds, Stopping threads took: 0.0001814 seconds
2024-10-04T21:52:27.524+0300: 1062.729: Application time: 0.3742610 seconds
2024-10-04T21:52:27.524+0300: 1062.729: [GC (Allocation Failure) [PSYoungGen: 264185K->2336K(266752K)] 333859K->72050K(813056K), 0.0008933 secs] [Times: user=0.00 sys=0.00, real=0.00 secs] 
2024-10-04T21:52:27.524+0300: 1062.730: Total time for which application threads were stopped: 0.0011769 seconds, Stopping threads took: 0.0001476 seconds
2024-10-04T21:52:27.885+0300: 1063.093: Application time: 0.3636844 seconds
2024-10-04T21:52:27.885+0300: 1063.094: [GC (Allocation Failure) [PSYoungGen: 262669K->4448K(266752K)] 332382K->74170K(813056K), 0.0010620 secs] [Times: user=0.00 sys=0.00, real=0.00 secs] 
2024-10-04T21:52:27.885+0300: 1063.095: Total time for which application threads were stopped: 0.0013033 seconds, Stopping threads took: 0.0001213 seconds
2024-10-04T21:52:28.262+0300: 1063.469: Application time: 0.3741213 seconds
2024-10-04T21:52:28.262+0300: 1063.469: [GC (Allocation Failure) [PSYoungGen: 264346K->4416K(266752K)] 334068K->74178K(813056K), 0.0010501 secs] [Times: user=0.00 sys=0.00, real=0.00 secs] 
2024-10-04T21:52:28.262+0300: 1063.470: Total time for which application threads were stopped: 0.0013785 seconds, Stopping threads took: 0.0001915 seconds
2024-10-04T21:52:28.623+0300: 1063.835: Application time: 0.3649197 seconds
2024-10-04T21:52:28.623+0300: 1063.835: [GC (Allocation Failure) [PSYoungGen: 264344K->5424K(265728K)] 334106K->75194K(812032K), 0.0012509 secs] [Times: user=0.00 sys=0.00, real=0.00 secs] 
2024-10-04T21:52:28.623+0300: 1063.837: Total time for which application threads were stopped: 0.0015639 seconds, Stopping threads took: 0.0001520 seconds
2024-10-04T21:52:29.000+0300: 1064.202: Application time: 0.3657666 seconds
2024-10-04T21:52:29.000+0300: 1064.203: [GC (Allocation Failure) [PSYoungGen: 264411K->4384K(266240K)] 334181K->74230K(812544K), 0.0010193 secs] [Times: user=0.00 sys=0.00, real=0.00 secs] 
2024-10-04T21:52:29.000+0300: 1064.204: Total time for which application threads were stopped: 0.0012862 seconds, Stopping threads took: 0.0001436 seconds
2024-10-04T21:52:29.376+0300: 1064.577: Application time: 0.3734247 seconds
2024-10-04T21:52:29.376+0300: 1064.577: [GC (Allocation Failure) [PSYoungGen: 263171K->5456K(265728K)] 333017K->75318K(812032K), 0.0012079 secs] [Times: user=0.00 sys=0.00, real=0.00 secs] 
2024-10-04T21:52:29.376+0300: 1064.579: Total time for which application threads were stopped: 0.0014810 seconds, Stopping threads took: 0.0001490 seconds
2024-10-04T21:52:29.737+0300: 1064.943: Application time: 0.3647653 seconds
2024-10-04T21:52:29.737+0300: 1064.944: [GC (Allocation Failure) [PSYoungGen: 264274K->3424K(266240K)] 334136K->73294K(812544K), 0.0009110 secs] [Times: user=0.00 sys=0.00, real=0.00 secs] 
2024-10-04T21:52:29.737+0300: 1064.945: Total time for which application threads were stopped: 0.0012365 seconds, Stopping threads took: 0.0001765 seconds
2024-10-04T21:52:30.098+0300: 1065.311: Application time: 0.3664769 seconds
2024-10-04T21:52:30.098+0300: 1065.311: [GC (Allocation Failure) [PSYoungGen: 262373K->2368K(266240K)] 332243K->72262K(812544K), 0.0007603 secs] [Times: user=0.00 sys=0.00, real=0.00 secs] 
2024-10-04T21:52:30.098+0300: 1065.312: Total time for which application threads were stopped: 0.0010360 seconds, Stopping threads took: 0.0001567 seconds
2024-10-04T21:52:30.476+0300: 1065.682: Application time: 0.3699916 seconds
2024-10-04T21:52:30.476+0300: 1065.683: [GC (Allocation Failure) [PSYoungGen: 261114K->3392K(266240K)] 331008K->73294K(812544K), 0.0009875 secs] [Times: user=0.00 sys=0.00, real=0.00 secs] 
2024-10-04T21:52:30.476+0300: 1065.684: Total time for which application threads were stopped: 0.0013524 seconds, Stopping threads took: 0.0002063 seconds
2024-10-04T21:52:30.836+0300: 1066.050: Application time: 0.3664748 seconds
2024-10-04T21:52:30.836+0300: 1066.050: [GC (Allocation Failure) [PSYoungGen: 262478K->3424K(266240K)] 332380K->73342K(812544K), 0.0010787 secs] [Times: user=0.00 sys=0.00, real=0.00 secs] 
2024-10-04T21:52:30.836+0300: 1066.051: Total time for which application threads were stopped: 0.0014058 seconds, Stopping threads took: 0.0001797 seconds
2024-10-04T21:52:31.213+0300: 1066.426: Application time: 0.3742116 seconds
2024-10-04T21:52:31.213+0300: 1066.426: [GC (Allocation Failure) [PSYoungGen: 263008K->4464K(266240K)] 332926K->74390K(812544K), 0.0012283 secs] [Times: user=0.00 sys=0.00, real=0.00 secs] 
2024-10-04T21:52:31.213+0300: 1066.427: Total time for which application threads were stopped: 0.0015583 seconds, Stopping threads took: 0.0001711 seconds
2024-10-04T21:52:31.590+0300: 1066.791: Application time: 0.3636293 seconds
2024-10-04T21:52:31.590+0300: 1066.791: [GC (Allocation Failure) [PSYoungGen: 263469K->5392K(266240K)] 333395K->75326K(812544K), 0.0012718 secs] [Times: user=0.00 sys=0.00, real=0.00 secs] 
2024-10-04T21:52:31.590+0300: 1066.792: Total time for which application threads were stopped: 0.0015731 seconds, Stopping threads took: 0.0001601 seconds
2024-10-04T21:52:31.951+0300: 1067.160: Application time: 0.3678903 seconds
2024-10-04T21:52:31.951+0300: 1067.161: [GC (Allocation Failure) [PSYoungGen: 264289K->3424K(266240K)] 334223K->73374K(812544K), 0.0009295 secs] [Times: user=0.00 sys=0.00, real=0.00 secs] 
2024-10-04T21:52:31.951+0300: 1067.162: Total time for which application threads were stopped: 0.0012226 seconds, Stopping threads took: 0.0001672 seconds
2024-10-04T21:52:32.327+0300: 1067.531: Application time: 0.3690974 seconds
2024-10-04T21:52:32.327+0300: 1067.531: [GC (Allocation Failure) [PSYoungGen: 262208K->5392K(266240K)] 332158K->75350K(812544K), 0.0014126 secs] [Times: user=0.00 sys=0.00, real=0.00 secs] 
2024-10-04T21:52:32.327+0300: 1067.532: Total time for which application threads were stopped: 0.0016776 seconds, Stopping threads took: 0.0001239 seconds
2024-10-04T21:52:32.688+0300: 1067.900: Application time: 0.3680437 seconds
2024-10-04T21:52:32.688+0300: 1067.901: [GC (Allocation Failure) [PSYoungGen: 264318K->4448K(266240K)] 334277K->74414K(812544K), 0.0010590 secs] [Times: user=0.00 sys=0.00, real=0.00 secs] 
2024-10-04T21:52:32.688+0300: 1067.902: Total time for which application threads were stopped: 0.0013570 seconds, Stopping threads took: 0.0001725 seconds
2024-10-04T21:52:33.065+0300: 1068.267: Application time: 0.3656218 seconds
2024-10-04T21:52:33.065+0300: 1068.268: [GC (Allocation Failure) [PSYoungGen: 263212K->4416K(266240K)] 333178K->74422K(812544K), 0.0011093 secs] [Times: user=0.00 sys=0.00, real=0.00 secs] 
2024-10-04T21:52:33.065+0300: 1068.269: Total time for which application threads were stopped: 0.0013889 seconds, Stopping threads took: 0.0001348 seconds
2024-10-04T21:52:33.426+0300: 1068.640: Application time: 0.3710151 seconds
2024-10-04T21:52:33.426+0300: 1068.640: [GC (Allocation Failure) [PSYoungGen: 263348K->4432K(266240K)] 333355K->74478K(812544K), 0.0011132 secs] [Times: user=0.00 sys=0.00, real=0.00 secs] 
2024-10-04T21:52:33.426+0300: 1068.641: Total time for which application threads were stopped: 0.0014154 seconds, Stopping threads took: 0.0001761 seconds
2024-10-04T21:52:33.802+0300: 1069.007: Application time: 0.3658831 seconds
2024-10-04T21:52:33.802+0300: 1069.007: [GC (Allocation Failure) [PSYoungGen: 264016K->3440K(266752K)] 334062K->73494K(813056K), 0.0009313 secs] [Times: user=0.00 sys=0.00, real=0.00 secs] 
2024-10-04T21:52:33.802+0300: 1069.008: Total time for which application threads were stopped: 0.0012200 seconds, Stopping threads took: 0.0001709 seconds
2024-10-04T21:52:34.163+0300: 1069.378: Application time: 0.3698061 seconds
2024-10-04T21:52:34.163+0300: 1069.378: [GC (Allocation Failure) [PSYoungGen: 263456K->5408K(266240K)] 333510K->75502K(812544K), 0.0014242 secs] [Times: user=0.00 sys=0.00, real=0.02 secs] 
2024-10-04T21:52:34.179+0300: 1069.380: Total time for which application threads were stopped: 0.0018023 seconds, Stopping threads took: 0.0002098 seconds
2024-10-04T21:52:34.540+0300: 1069.751: Application time: 0.3709330 seconds
2024-10-04T21:52:34.540+0300: 1069.751: [GC (Allocation Failure) [PSYoungGen: 265246K->3376K(266240K)] 335340K->73510K(812544K), 0.0008880 secs] [Times: user=0.00 sys=0.00, real=0.00 secs] 
2024-10-04T21:52:34.540+0300: 1069.752: Total time for which application threads were stopped: 0.0011890 seconds, Stopping threads took: 0.0001703 seconds
2024-10-04T21:52:34.901+0300: 1070.117: Application time: 0.3645825 seconds
2024-10-04T21:52:34.901+0300: 1070.117: [GC (Allocation Failure) [PSYoungGen: 262960K->4416K(266240K)] 333094K->74590K(812544K), 0.0012175 secs] [Times: user=0.02 sys=0.00, real=0.02 secs] 
2024-10-04T21:52:34.917+0300: 1070.118: Total time for which application threads were stopped: 0.0014954 seconds, Stopping threads took: 0.0001415 seconds
2024-10-04T21:52:35.287+0300: 1070.493: Application time: 0.3744299 seconds
2024-10-04T21:52:35.287+0300: 1070.493: [GC (Allocation Failure) [PSYoungGen: 263444K->4416K(266752K)] 333619K->74630K(813056K), 0.0011268 secs] [Times: user=0.00 sys=0.00, real=0.00 secs] 
2024-10-04T21:52:35.287+0300: 1070.494: Total time for which application threads were stopped: 0.0014129 seconds, Stopping threads took: 0.0001639 seconds
2024-10-04T21:52:35.654+0300: 1070.860: Application time: 0.3663604 seconds
2024-10-04T21:52:35.654+0300: 1070.861: [GC (Allocation Failure) [PSYoungGen: 263552K->4384K(266240K)] 333766K->74622K(812544K), 0.0012318 secs] [Times: user=0.00 sys=0.00, real=0.00 secs] 
2024-10-04T21:52:35.654+0300: 1070.862: Total time for which application threads were stopped: 0.0015825 seconds, Stopping threads took: 0.0001875 seconds
2024-10-04T21:52:36.015+0300: 1071.225: Application time: 0.3629544 seconds
2024-10-04T21:52:36.015+0300: 1071.225: [GC (Allocation Failure) [PSYoungGen: 264117K->5408K(265728K)] 334355K->75662K(812032K), 0.0014405 secs] [Times: user=0.00 sys=0.00, real=0.00 secs] 
2024-10-04T21:52:36.015+0300: 1071.227: Total time for which application threads were stopped: 0.0017638 seconds, Stopping threads took: 0.0001864 seconds
2024-10-04T21:52:36.392+0300: 1071.600: Application time: 0.3733460 seconds
2024-10-04T21:52:36.392+0300: 1071.600: [GC (Allocation Failure) [PSYoungGen: 264607K->5472K(266240K)] 334861K->75734K(812544K), 0.0011897 secs] [Times: user=0.00 sys=0.00, real=0.00 secs] 
2024-10-04T21:52:36.392+0300: 1071.601: Total time for which application threads were stopped: 0.0014874 seconds, Stopping threads took: 0.0001721 seconds
2024-10-04T21:52:36.769+0300: 1071.971: Application time: 0.3699940 seconds
2024-10-04T21:52:36.769+0300: 1071.972: [GC (Allocation Failure) [PSYoungGen: 265056K->3424K(266240K)] 335318K->73694K(812544K), 0.0010307 secs] [Times: user=0.00 sys=0.00, real=0.00 secs] 
2024-10-04T21:52:36.769+0300: 1071.973: Total time for which application threads were stopped: 0.0013159 seconds, Stopping threads took: 0.0001686 seconds
2024-10-04T21:52:37.130+0300: 1072.334: Application time: 0.3607392 seconds
2024-10-04T21:52:37.130+0300: 1072.334: [GC (Allocation Failure) [PSYoungGen: 262392K->5440K(266240K)] 332663K->75726K(812544K), 0.0011832 secs] [Times: user=0.00 sys=0.00, real=0.00 secs] 
2024-10-04T21:52:37.130+0300: 1072.335: Total time for which application threads were stopped: 0.0014617 seconds, Stopping threads took: 0.0001445 seconds
2024-10-04T21:52:37.506+0300: 1072.709: Application time: 0.3740566 seconds
2024-10-04T21:52:37.506+0300: 1072.709: [GC (Allocation Failure) [PSYoungGen: 264365K->5440K(265216K)] 334651K->75742K(811520K), 0.0011785 secs] [Times: user=0.00 sys=0.00, real=0.00 secs] 
2024-10-04T21:52:37.506+0300: 1072.711: Total time for which application threads were stopped: 0.0014618 seconds, Stopping threads took: 0.0001232 seconds
2024-10-04T21:52:37.866+0300: 1073.077: Application time: 0.3667166 seconds
2024-10-04T21:52:37.866+0300: 1073.078: [GC (Allocation Failure) [PSYoungGen: 263238K->2384K(265728K)] 333540K->72694K(812032K), 0.0008352 secs] [Times: user=0.00 sys=0.00, real=0.00 secs] 
2024-10-04T21:52:37.866+0300: 1073.078: Total time for which application threads were stopped: 0.0011699 seconds, Stopping threads took: 0.0002085 seconds
2024-10-04T21:52:38.243+0300: 1073.447: Application time: 0.3684828 seconds
2024-10-04T21:52:38.243+0300: 1073.447: [GC (Allocation Failure) [PSYoungGen: 259987K->4448K(265728K)] 330297K->74766K(812032K), 0.0010855 secs] [Times: user=0.00 sys=0.00, real=0.00 secs] 
2024-10-04T21:52:38.243+0300: 1073.448: Total time for which application threads were stopped: 0.0013438 seconds, Stopping threads took: 0.0001281 seconds
2024-10-04T21:52:38.604+0300: 1073.811: Application time: 0.3627980 seconds
2024-10-04T21:52:38.604+0300: 1073.811: [GC (Allocation Failure) [PSYoungGen: 262291K->5408K(265728K)] 332609K->75734K(812032K), 0.0012275 secs] [Times: user=0.00 sys=0.00, real=0.00 secs] 
2024-10-04T21:52:38.604+0300: 1073.813: Total time for which application threads were stopped: 0.0015006 seconds, Stopping threads took: 0.0001383 seconds
2024-10-04T21:52:38.965+0300: 1074.178: Application time: 0.3659303 seconds
2024-10-04T21:52:38.965+0300: 1074.179: [GC (Allocation Failure) [PSYoungGen: 263270K->5408K(265728K)] 333596K->75782K(812032K), 0.0011944 secs] [Times: user=0.00 sys=0.00, real=0.00 secs] 
2024-10-04T21:52:38.965+0300: 1074.180: Total time for which application threads were stopped: 0.0014582 seconds, Stopping threads took: 0.0001349 seconds
2024-10-04T21:52:39.341+0300: 1074.553: Application time: 0.3730816 seconds
2024-10-04T21:52:39.341+0300: 1074.553: [GC (Allocation Failure) [PSYoungGen: 263918K->3392K(265728K)] 334292K->73774K(812032K), 0.0010993 secs] [Times: user=0.00 sys=0.00, real=0.00 secs] 
2024-10-04T21:52:39.341+0300: 1074.554: Total time for which application threads were stopped: 0.0014624 seconds, Stopping threads took: 0.0001867 seconds
2024-10-04T21:52:39.719+0300: 1074.932: Application time: 0.3772449 seconds
2024-10-04T21:52:39.719+0300: 1074.933: [GC (Allocation Failure) [PSYoungGen: 261952K->4384K(265728K)] 332334K->74798K(812032K), 0.0021684 secs] [Times: user=0.01 sys=0.00, real=0.00 secs] 
2024-10-04T21:52:39.719+0300: 1074.935: Total time for which application threads were stopped: 0.0030668 seconds, Stopping threads took: 0.0007458 seconds
2024-10-04T21:52:40.096+0300: 1075.309: Application time: 0.3745974 seconds
2024-10-04T21:52:40.096+0300: 1075.310: [GC (Allocation Failure) [PSYoungGen: 262944K->4464K(265728K)] 333358K->74886K(812032K), 0.0012334 secs] [Times: user=0.00 sys=0.00, real=0.00 secs] 
2024-10-04T21:52:40.096+0300: 1075.311: Total time for which application threads were stopped: 0.0015664 seconds, Stopping threads took: 0.0001582 seconds
2024-10-04T21:52:40.471+0300: 1075.687: Application time: 0.3760767 seconds
2024-10-04T21:52:40.486+0300: 1075.688: [GC (Allocation Failure) [PSYoungGen: 262291K->5424K(266240K)] 332713K->75862K(812544K), 0.0012693 secs] [Times: user=0.02 sys=0.00, real=0.00 secs] 
2024-10-04T21:52:40.486+0300: 1075.689: Total time for which application threads were stopped: 0.0018678 seconds, Stopping threads took: 0.0004243 seconds
2024-10-04T21:52:40.848+0300: 1076.059: Application time: 0.3705444 seconds
2024-10-04T21:52:40.848+0300: 1076.060: [GC (Allocation Failure) [PSYoungGen: 264409K->5344K(265216K)] 334848K->75874K(811520K), 0.0014940 secs] [Times: user=0.00 sys=0.00, real=0.00 secs] 
2024-10-04T21:52:40.848+0300: 1076.061: Total time for which application threads were stopped: 0.0018428 seconds, Stopping threads took: 0.0002019 seconds
2024-10-04T21:52:41.240+0300: 1076.447: Application time: 0.3855244 seconds
2024-10-04T21:52:41.240+0300: 1076.447: [GC (Allocation Failure) [PSYoungGen: 264374K->5376K(265728K)] 334904K->75954K(812032K), 0.0015145 secs] [Times: user=0.00 sys=0.00, real=0.00 secs] 
2024-10-04T21:52:41.240+0300: 1076.449: Total time for which application threads were stopped: 0.0017973 seconds, Stopping threads took: 0.0001123 seconds
2024-10-04T21:52:41.617+0300: 1076.821: Application time: 0.3728575 seconds
2024-10-04T21:52:41.617+0300: 1076.822: [GC (Allocation Failure) [PSYoungGen: 263936K->4416K(265728K)] 334514K->75010K(812032K), 0.0013712 secs] [Times: user=0.00 sys=0.00, real=0.00 secs] 
2024-10-04T21:52:41.617+0300: 1076.824: Total time for which application threads were stopped: 0.0027039 seconds, Stopping threads took: 0.0001281 seconds
2024-10-04T21:52:41.993+0300: 1077.196: Application time: 0.3713276 seconds
2024-10-04T21:52:41.993+0300: 1077.196: [GC (Allocation Failure) [PSYoungGen: 262268K->4448K(266240K)] 332862K->75058K(812544K), 0.0011115 secs] [Times: user=0.00 sys=0.00, real=0.00 secs] 
2024-10-04T21:52:41.993+0300: 1077.197: Total time for which application threads were stopped: 0.0014215 seconds, Stopping threads took: 0.0001545 seconds
2024-10-04T21:52:42.355+0300: 1077.570: Application time: 0.3725875 seconds
2024-10-04T21:52:42.355+0300: 1077.570: [GC (Allocation Failure) [PSYoungGen: 263442K->4480K(266240K)] 334052K->75098K(812544K), 0.0013138 secs] [Times: user=0.01 sys=0.00, real=0.01 secs] 
2024-10-04T21:52:42.370+0300: 1077.571: Total time for which application threads were stopped: 0.0016888 seconds, Stopping threads took: 0.0002138 seconds
2024-10-04T21:52:42.732+0300: 1077.939: Application time: 0.3674141 seconds
2024-10-04T21:52:42.732+0300: 1077.939: [GC (Allocation Failure) [PSYoungGen: 263473K->4448K(266240K)] 334092K->75074K(812544K), 0.0012158 secs] [Times: user=0.00 sys=0.00, real=0.00 secs] 
2024-10-04T21:52:42.732+0300: 1077.940: Total time for which application threads were stopped: 0.0015451 seconds, Stopping threads took: 0.0001677 seconds
2024-10-04T21:52:43.102+0300: 1078.309: Application time: 0.3687488 seconds
2024-10-04T21:52:43.102+0300: 1078.309: [GC (Allocation Failure) [PSYoungGen: 263275K->4448K(266240K)] 333901K->75082K(812544K), 0.0013699 secs] [Times: user=0.00 sys=0.00, real=0.01 secs] 
2024-10-04T21:52:43.109+0300: 1078.311: Total time for which application threads were stopped: 0.0017281 seconds, Stopping threads took: 0.0001718 seconds
2024-10-04T21:52:43.485+0300: 1078.693: Application time: 0.3825939 seconds
2024-10-04T21:52:43.485+0300: 1078.694: [GC (Allocation Failure) [PSYoungGen: 263250K->3424K(266752K)] 333884K->74066K(813056K), 0.0012137 secs] [Times: user=0.00 sys=0.00, real=0.00 secs] 
2024-10-04T21:52:43.485+0300: 1078.695: Total time for which application threads were stopped: 0.0015706 seconds, Stopping threads took: 0.0001764 seconds
2024-10-04T21:52:43.862+0300: 1079.076: Application time: 0.3809602 seconds
2024-10-04T21:52:43.862+0300: 1079.076: [GC (Allocation Failure) [PSYoungGen: 264032K->4432K(266752K)] 334674K->75090K(813056K), 0.0012939 secs] [Times: user=0.00 sys=0.00, real=0.00 secs] 
2024-10-04T21:52:43.862+0300: 1079.077: Total time for which application threads were stopped: 0.0016242 seconds, Stopping threads took: 0.0001634 seconds
2024-10-04T21:52:44.254+0300: 1079.461: Application time: 0.3834839 seconds
2024-10-04T21:52:44.254+0300: 1079.461: [GC (Allocation Failure) [PSYoungGen: 264639K->4400K(266752K)] 335297K->75066K(813056K), 0.0011918 secs] [Times: user=0.00 sys=0.00, real=0.00 secs] 
2024-10-04T21:52:44.254+0300: 1079.462: Total time for which application threads were stopped: 0.0014958 seconds, Stopping threads took: 0.0001516 seconds
2024-10-04T21:52:44.631+0300: 1079.835: Application time: 0.3727845 seconds
2024-10-04T21:52:44.631+0300: 1079.835: [GC (Allocation Failure) [PSYoungGen: 264095K->4496K(266752K)] 334762K->75170K(813056K), 0.0010976 secs] [Times: user=0.00 sys=0.00, real=0.00 secs] 
2024-10-04T21:52:44.631+0300: 1079.837: Total time for which application threads were stopped: 0.0013980 seconds, Stopping threads took: 0.0001631 seconds
2024-10-04T21:52:45.008+0300: 1080.214: Application time: 0.3776987 seconds
2024-10-04T21:52:45.008+0300: 1080.215: [GC (Allocation Failure) [PSYoungGen: 264762K->5408K(266752K)] 335436K->76122K(813056K), 0.0015151 secs] [Times: user=0.03 sys=0.00, real=0.00 secs] 
2024-10-04T21:52:45.008+0300: 1080.216: Total time for which application threads were stopped: 0.0018579 seconds, Stopping threads took: 0.0001734 seconds
2024-10-04T21:52:45.384+0300: 1080.599: Application time: 0.3829902 seconds
2024-10-04T21:52:45.384+0300: 1080.599: [GC (Allocation Failure) [PSYoungGen: 266016K->4416K(266752K)] 336730K->75138K(813056K), 0.0013090 secs] [Times: user=0.00 sys=0.00, real=0.02 secs] 
2024-10-04T21:52:45.400+0300: 1080.601: Total time for which application threads were stopped: 0.0015902 seconds, Stopping threads took: 0.0001226 seconds
2024-10-04T21:52:45.761+0300: 1080.970: Application time: 0.3690092 seconds
2024-10-04T21:52:45.761+0300: 1080.970: [GC (Allocation Failure) [PSYoungGen: 264681K->5408K(266752K)] 335403K->76138K(813056K), 0.0013640 secs] [Times: user=0.00 sys=0.00, real=0.00 secs] 
2024-10-04T21:52:45.761+0300: 1080.971: Total time for which application threads were stopped: 0.0016941 seconds, Stopping threads took: 0.0001648 seconds
2024-10-04T21:52:46.137+0300: 1081.337: Application time: 0.3659425 seconds
2024-10-04T21:52:46.137+0300: 1081.338: [GC (Allocation Failure) [PSYoungGen: 265082K->3360K(266752K)] 335812K->74098K(813056K), 0.0011938 secs] [Times: user=0.00 sys=0.00, real=0.00 secs] 
2024-10-04T21:52:46.137+0300: 1081.339: Total time for which application threads were stopped: 0.0016456 seconds, Stopping threads took: 0.0002365 seconds
2024-10-04T21:52:46.509+0300: 1081.712: Application time: 0.3733377 seconds
2024-10-04T21:52:46.509+0300: 1081.713: [GC (Allocation Failure) [PSYoungGen: 263968K->4416K(266752K)] 334706K->75194K(813056K), 0.0012749 secs] [Times: user=0.00 sys=0.00, real=0.00 secs] 
2024-10-04T21:52:46.509+0300: 1081.714: Total time for which application threads were stopped: 0.0015655 seconds, Stopping threads took: 0.0001098 seconds
2024-10-04T21:52:46.875+0300: 1082.084: Application time: 0.3702755 seconds
2024-10-04T21:52:46.875+0300: 1082.084: [GC (Allocation Failure) [PSYoungGen: 264398K->4464K(266752K)] 335177K->75250K(813056K), 0.0010599 secs] [Times: user=0.00 sys=0.00, real=0.00 secs] 
2024-10-04T21:52:46.875+0300: 1082.086: Total time for which application threads were stopped: 0.0013901 seconds, Stopping threads took: 0.0001814 seconds
2024-10-04T21:52:47.258+0300: 1082.460: Application time: 0.3739562 seconds
2024-10-04T21:52:47.258+0300: 1082.460: [GC (Allocation Failure) [PSYoungGen: 264357K->5376K(266752K)] 335144K->76242K(813056K), 0.0012626 secs] [Times: user=0.00 sys=0.00, real=0.00 secs] 
2024-10-04T21:52:47.260+0300: 1082.461: Total time for which application threads were stopped: 0.0016714 seconds, Stopping threads took: 0.0002411 seconds
2024-10-04T21:52:47.627+0300: 1082.831: Application time: 0.3694933 seconds
2024-10-04T21:52:47.627+0300: 1082.831: [GC (Allocation Failure) [PSYoungGen: 265505K->4416K(266752K)] 336372K->75358K(813056K), 0.0011165 secs] [Times: user=0.00 sys=0.00, real=0.00 secs] 
2024-10-04T21:52:47.627+0300: 1082.832: Total time for which application threads were stopped: 0.0014904 seconds, Stopping threads took: 0.0002037 seconds
2024-10-04T21:52:47.989+0300: 1083.200: Application time: 0.3681484 seconds
2024-10-04T21:52:47.989+0300: 1083.201: [GC (Allocation Failure) [PSYoungGen: 264529K->4384K(266752K)] 335472K->75342K(813056K), 0.0011399 secs] [Times: user=0.00 sys=0.00, real=0.00 secs] 
2024-10-04T21:52:47.989+0300: 1083.202: Total time for which application threads were stopped: 0.0014764 seconds, Stopping threads took: 0.0001964 seconds
2024-10-04T21:52:48.365+0300: 1083.576: Application time: 0.3737426 seconds
2024-10-04T21:52:48.365+0300: 1083.576: [GC (Allocation Failure) [PSYoungGen: 264231K->4432K(266752K)] 335189K->75398K(813056K), 0.0010588 secs] [Times: user=0.00 sys=0.00, real=0.00 secs] 
2024-10-04T21:52:48.365+0300: 1083.577: Total time for which application threads were stopped: 0.0013337 seconds, Stopping threads took: 0.0001436 seconds
2024-10-04T21:52:48.742+0300: 1083.945: Application time: 0.3682349 seconds
2024-10-04T21:52:48.742+0300: 1083.945: [GC (Allocation Failure) [PSYoungGen: 264707K->4480K(267264K)] 335674K->75454K(813568K), 0.0011148 secs] [Times: user=0.00 sys=0.00, real=0.00 secs] 
2024-10-04T21:52:48.742+0300: 1083.947: Total time for which application threads were stopped: 0.0013764 seconds, Stopping threads took: 0.0001252 seconds
2024-10-04T21:52:49.119+0300: 1084.327: Application time: 0.3805564 seconds
2024-10-04T21:52:49.119+0300: 1084.327: [GC (Allocation Failure) [PSYoungGen: 264611K->3440K(266752K)] 335585K->74438K(813056K), 0.0011259 secs] [Times: user=0.00 sys=0.00, real=0.00 secs] 
2024-10-04T21:52:49.119+0300: 1084.329: Total time for which application threads were stopped: 0.0014150 seconds, Stopping threads took: 0.0001347 seconds
2024-10-04T21:52:49.495+0300: 1084.705: Application time: 0.3765230 seconds
2024-10-04T21:52:49.495+0300: 1084.705: [GC (Allocation Failure) [PSYoungGen: 264241K->5424K(266752K)] 335239K->76430K(813056K), 0.0013361 secs] [Times: user=0.02 sys=0.00, real=0.00 secs] 
2024-10-04T21:52:49.495+0300: 1084.707: Total time for which application threads were stopped: 0.0016009 seconds, Stopping threads took: 0.0001135 seconds
2024-10-04T21:52:49.872+0300: 1085.084: Application time: 0.3771899 seconds
2024-10-04T21:52:49.872+0300: 1085.084: [GC (Allocation Failure) [PSYoungGen: 265465K->4448K(266752K)] 336472K->75462K(813056K), 0.0011932 secs] [Times: user=0.00 sys=0.00, real=0.00 secs] 
2024-10-04T21:52:49.872+0300: 1085.085: Total time for which application threads were stopped: 0.0015112 seconds, Stopping threads took: 0.0001514 seconds
2024-10-04T21:52:50.264+0300: 1085.466: Application time: 0.3810390 seconds
2024-10-04T21:52:50.264+0300: 1085.467: [GC (Allocation Failure) [PSYoungGen: 265056K->5408K(266752K)] 336070K->76438K(813056K), 0.0014397 secs] [Times: user=0.00 sys=0.00, real=0.00 secs] 
2024-10-04T21:52:50.264+0300: 1085.468: Total time for which application threads were stopped: 0.0017381 seconds, Stopping threads took: 0.0001231 seconds
2024-10-04T21:52:50.626+0300: 1085.832: Application time: 0.3642753 seconds
2024-10-04T21:52:50.626+0300: 1085.833: [GC (Allocation Failure) [PSYoungGen: 265445K->5408K(266752K)] 336475K->76446K(813056K), 0.0014126 secs] [Times: user=0.00 sys=0.00, real=0.00 secs] 
2024-10-04T21:52:50.626+0300: 1085.834: Total time for which application threads were stopped: 0.0017845 seconds, Stopping threads took: 0.0001849 seconds
2024-10-04T21:52:51.003+0300: 1086.208: Application time: 0.3738264 seconds
2024-10-04T21:52:51.003+0300: 1086.208: [GC (Allocation Failure) [PSYoungGen: 265317K->3328K(265728K)] 336356K->74374K(812032K), 0.0010906 secs] [Times: user=0.00 sys=0.00, real=0.00 secs] 
2024-10-04T21:52:51.003+0300: 1086.210: Total time for which application threads were stopped: 0.0014264 seconds, Stopping threads took: 0.0001593 seconds
2024-10-04T21:52:51.363+0300: 1086.579: Application time: 0.3692839 seconds
2024-10-04T21:52:51.363+0300: 1086.579: [GC (Allocation Failure) [PSYoungGen: 262087K->5456K(266240K)] 333134K->76510K(812544K), 0.0015398 secs] [Times: user=0.02 sys=0.00, real=0.02 secs] 
2024-10-04T21:52:51.379+0300: 1086.581: Total time for which application threads were stopped: 0.0019404 seconds, Stopping threads took: 0.0002349 seconds
2024-10-04T21:52:51.740+0300: 1086.951: Application time: 0.3704635 seconds
2024-10-04T21:52:51.740+0300: 1086.951: [GC (Allocation Failure) [PSYoungGen: 265040K->4416K(266240K)] 336094K->75510K(812544K), 0.0011730 secs] [Times: user=0.00 sys=0.00, real=0.00 secs] 
2024-10-04T21:52:51.740+0300: 1086.953: Total time for which application threads were stopped: 0.0014876 seconds, Stopping threads took: 0.0001450 seconds
2024-10-04T21:52:52.117+0300: 1087.319: Application time: 0.3665813 seconds
2024-10-04T21:52:52.117+0300: 1087.320: [GC (Allocation Failure) [PSYoungGen: 263254K->3424K(266240K)] 334349K->74526K(812544K), 0.0009928 secs] [Times: user=0.00 sys=0.00, real=0.00 secs] 
2024-10-04T21:52:52.117+0300: 1087.321: Total time for which application threads were stopped: 0.0013239 seconds, Stopping threads took: 0.0001636 seconds
2024-10-04T21:52:52.478+0300: 1087.692: Application time: 0.3715676 seconds
2024-10-04T21:52:52.478+0300: 1087.692: [GC (Allocation Failure) [PSYoungGen: 262324K->5440K(266240K)] 333427K->76566K(812544K), 0.0013700 secs] [Times: user=0.00 sys=0.00, real=0.00 secs] 
2024-10-04T21:52:52.478+0300: 1087.694: Total time for which application threads were stopped: 0.0017781 seconds, Stopping threads took: 0.0002290 seconds
2024-10-04T21:52:52.855+0300: 1088.061: Application time: 0.3672030 seconds
2024-10-04T21:52:52.855+0300: 1088.061: [GC (Allocation Failure) [PSYoungGen: 264239K->4448K(266240K)] 335366K->75582K(812544K), 0.0012445 secs] [Times: user=0.00 sys=0.00, real=0.00 secs] 
2024-10-04T21:52:52.855+0300: 1088.063: Total time for which application threads were stopped: 0.0015700 seconds, Stopping threads took: 0.0001512 seconds
2024-10-04T21:52:53.231+0300: 1088.438: Application time: 0.3748624 seconds
2024-10-04T21:52:53.231+0300: 1088.438: [GC (Allocation Failure) [PSYoungGen: 263405K->4416K(266240K)] 334540K->75590K(812544K), 0.0011317 secs] [Times: user=0.00 sys=0.00, real=0.00 secs] 
2024-10-04T21:52:53.231+0300: 1088.439: Total time for which application threads were stopped: 0.0014518 seconds, Stopping threads took: 0.0001411 seconds
2024-10-04T21:52:53.592+0300: 1088.805: Application time: 0.3660724 seconds
2024-10-04T21:52:53.592+0300: 1088.805: [GC (Allocation Failure) [PSYoungGen: 263314K->4400K(266240K)] 334489K->75650K(812544K), 0.0012703 secs] [Times: user=0.00 sys=0.00, real=0.00 secs] 
2024-10-04T21:52:53.592+0300: 1088.807: Total time for which application threads were stopped: 0.0016380 seconds, Stopping threads took: 0.0001898 seconds
2024-10-04T21:52:53.969+0300: 1089.173: Application time: 0.3662954 seconds
2024-10-04T21:52:53.969+0300: 1089.173: [GC (Allocation Failure) [PSYoungGen: 263230K->4368K(266752K)] 334481K->75658K(813056K), 0.0034088 secs] [Times: user=0.00 sys=0.00, real=0.00 secs] 
2024-10-04T21:52:53.969+0300: 1089.177: Total time for which application threads were stopped: 0.0037480 seconds, Stopping threads took: 0.0001592 seconds
2024-10-04T21:52:54.346+0300: 1089.559: Application time: 0.3823910 seconds
2024-10-04T21:52:54.346+0300: 1089.559: [GC (Allocation Failure) [PSYoungGen: 264662K->4416K(266752K)] 335953K->75746K(813056K), 0.0011922 secs] [Times: user=0.01 sys=0.00, real=0.00 secs] 
2024-10-04T21:52:54.346+0300: 1089.561: Total time for which application threads were stopped: 0.0015145 seconds, Stopping threads took: 0.0001510 seconds
2024-10-04T21:52:54.726+0300: 1089.929: Application time: 0.3687166 seconds
2024-10-04T21:52:54.726+0300: 1089.930: [GC (Allocation Failure) [PSYoungGen: 264045K->4400K(266752K)] 335376K->75738K(813056K), 0.0012149 secs] [Times: user=0.03 sys=0.00, real=0.00 secs] 
2024-10-04T21:52:54.726+0300: 1089.931: Total time for which application threads were stopped: 0.0015730 seconds, Stopping threads took: 0.0001901 seconds
2024-10-04T21:52:55.100+0300: 1090.304: Application time: 0.3725137 seconds
2024-10-04T21:52:55.100+0300: 1090.304: [GC (Allocation Failure) [PSYoungGen: 264923K->3392K(266752K)] 336262K->74738K(813056K), 0.0009919 secs] [Times: user=0.00 sys=0.00, real=0.00 secs] 
2024-10-04T21:52:55.100+0300: 1090.305: Total time for which application threads were stopped: 0.0013035 seconds, Stopping threads took: 0.0001207 seconds
2024-10-04T21:52:55.477+0300: 1090.681: Application time: 0.3764342 seconds
2024-10-04T21:52:55.477+0300: 1090.681: [GC (Allocation Failure) [PSYoungGen: 263127K->5408K(266752K)] 334474K->76771K(813056K), 0.0012649 secs] [Times: user=0.00 sys=0.00, real=0.00 secs] 
2024-10-04T21:52:55.477+0300: 1090.683: Total time for which application threads were stopped: 0.0015120 seconds, Stopping threads took: 0.0000867 seconds
2024-10-04T21:52:55.838+0300: 1091.050: Application time: 0.3671057 seconds
2024-10-04T21:52:55.838+0300: 1091.050: [GC (Allocation Failure) [PSYoungGen: 265526K->4480K(266752K)] 336889K->75850K(813056K), 0.0012886 secs] [Times: user=0.00 sys=0.00, real=0.00 secs] 
2024-10-04T21:52:55.838+0300: 1091.052: Total time for which application threads were stopped: 0.0016617 seconds, Stopping threads took: 0.0002030 seconds
2024-10-04T21:52:56.214+0300: 1091.428: Application time: 0.3762878 seconds
2024-10-04T21:52:56.214+0300: 1091.428: [GC (Allocation Failure) [PSYoungGen: 264216K->4464K(266752K)] 335587K->75842K(813056K), 0.0013716 secs] [Times: user=0.00 sys=0.00, real=0.02 secs] 
2024-10-04T21:52:56.229+0300: 1091.430: Total time for which application threads were stopped: 0.0017474 seconds, Stopping threads took: 0.0001426 seconds
2024-10-04T21:52:56.591+0300: 1091.800: Application time: 0.3704292 seconds
2024-10-04T21:52:56.591+0300: 1091.800: [GC (Allocation Failure) [PSYoungGen: 264482K->3408K(266752K)] 335860K->74794K(813056K), 0.0013040 secs] [Times: user=0.01 sys=0.00, real=0.00 secs] 
2024-10-04T21:52:56.591+0300: 1091.802: Total time for which application threads were stopped: 0.0016257 seconds, Stopping threads took: 0.0001646 seconds
2024-10-04T21:52:56.968+0300: 1092.170: Application time: 0.3679541 seconds
2024-10-04T21:52:56.968+0300: 1092.170: [GC (Allocation Failure) [PSYoungGen: 263501K->4448K(266752K)] 334888K->75842K(813056K), 0.0011649 secs] [Times: user=0.00 sys=0.00, real=0.00 secs] 
2024-10-04T21:52:56.968+0300: 1092.171: Total time for which application threads were stopped: 0.0014871 seconds, Stopping threads took: 0.0001585 seconds
2024-10-04T21:52:57.350+0300: 1092.551: Application time: 0.3795685 seconds
2024-10-04T21:52:57.350+0300: 1092.551: [GC (Allocation Failure) [PSYoungGen: 265056K->4448K(266752K)] 336450K->75850K(813056K), 0.0013508 secs] [Times: user=0.02 sys=0.00, real=0.00 secs] 
2024-10-04T21:52:57.351+0300: 1092.552: Total time for which application threads were stopped: 0.0016446 seconds, Stopping threads took: 0.0000917 seconds
2024-10-04T21:52:57.721+0300: 1092.921: Application time: 0.3691347 seconds
2024-10-04T21:52:57.721+0300: 1092.922: [GC (Allocation Failure) [PSYoungGen: 265056K->3360K(267264K)] 336458K->74770K(813568K), 0.0010535 secs] [Times: user=0.00 sys=0.00, real=0.00 secs] 
2024-10-04T21:52:57.721+0300: 1092.923: Total time for which application threads were stopped: 0.0013499 seconds, Stopping threads took: 0.0001466 seconds
2024-10-04T21:52:58.082+0300: 1093.294: Application time: 0.3710491 seconds
2024-10-04T21:52:58.082+0300: 1093.294: [GC (Allocation Failure) [PSYoungGen: 264992K->4480K(267264K)] 336402K->75898K(813568K), 0.0011014 secs] [Times: user=0.00 sys=0.00, real=0.00 secs] 
2024-10-04T21:52:58.082+0300: 1093.295: Total time for which application threads were stopped: 0.0014388 seconds, Stopping threads took: 0.0001876 seconds
2024-10-04T21:52:58.458+0300: 1093.670: Application time: 0.3742315 seconds
2024-10-04T21:52:58.458+0300: 1093.670: [GC (Allocation Failure) [PSYoungGen: 265543K->4448K(267264K)] 336962K->75898K(813568K), 0.0012637 secs] [Times: user=0.00 sys=0.00, real=0.00 secs] 
2024-10-04T21:52:58.458+0300: 1093.671: Total time for which application threads were stopped: 0.0016428 seconds, Stopping threads took: 0.0002037 seconds
2024-10-04T21:52:58.835+0300: 1094.041: Application time: 0.3700014 seconds
2024-10-04T21:52:58.835+0300: 1094.041: [GC (Allocation Failure) [PSYoungGen: 265738K->4448K(267264K)] 337189K->75907K(813568K), 0.0010777 secs] [Times: user=0.00 sys=0.00, real=0.00 secs] 
2024-10-04T21:52:58.835+0300: 1094.043: Total time for which application threads were stopped: 0.0014374 seconds, Stopping threads took: 0.0002044 seconds
2024-10-04T21:52:59.211+0300: 1094.426: Application time: 0.3833983 seconds
2024-10-04T21:52:59.211+0300: 1094.426: [GC (Allocation Failure) [PSYoungGen: 265487K->4368K(267264K)] 336946K->75842K(813568K), 0.0011890 secs] [Times: user=0.00 sys=0.00, real=0.02 secs] 
2024-10-04T21:52:59.227+0300: 1094.428: Total time for which application threads were stopped: 0.0016766 seconds, Stopping threads took: 0.0003207 seconds
2024-10-04T21:52:59.588+0300: 1094.805: Application time: 0.3768316 seconds
2024-10-04T21:52:59.604+0300: 1094.805: [GC (Allocation Failure) [PSYoungGen: 265602K->3424K(267264K)] 337077K->74914K(813568K), 0.0012697 secs] [Times: user=0.03 sys=0.00, real=0.00 secs] 
2024-10-04T21:52:59.604+0300: 1094.806: Total time for which application threads were stopped: 0.0017393 seconds, Stopping threads took: 0.0002853 seconds
2024-10-04T21:52:59.981+0300: 1095.192: Application time: 0.3857397 seconds
2024-10-04T21:52:59.981+0300: 1095.192: [GC (Allocation Failure) [PSYoungGen: 265056K->3392K(267264K)] 336546K->74930K(813568K), 0.0012302 secs] [Times: user=0.00 sys=0.00, real=0.00 secs] 
2024-10-04T21:52:59.981+0300: 1095.194: Total time for which application threads were stopped: 0.0015414 seconds, Stopping threads took: 0.0001352 seconds
2024-10-04T21:53:00.373+0300: 1095.582: Application time: 0.3881841 seconds
2024-10-04T21:53:00.373+0300: 1095.582: [GC (Allocation Failure) [PSYoungGen: 264394K->4448K(267264K)] 335933K->76027K(813568K), 0.0011294 secs] [Times: user=0.00 sys=0.00, real=0.00 secs] 
2024-10-04T21:53:00.373+0300: 1095.583: Total time for which application threads were stopped: 0.0015228 seconds, Stopping threads took: 0.0002207 seconds
2024-10-04T21:53:00.750+0300: 1095.955: Application time: 0.3715073 seconds
2024-10-04T21:53:00.750+0300: 1095.955: [GC (Allocation Failure) [PSYoungGen: 266080K->4448K(267264K)] 337659K->76067K(813568K), 0.0012075 secs] [Times: user=0.00 sys=0.00, real=0.00 secs] 
2024-10-04T21:53:00.750+0300: 1095.956: Total time for which application threads were stopped: 0.0014919 seconds, Stopping threads took: 0.0001317 seconds
2024-10-04T21:53:01.126+0300: 1096.327: Application time: 0.3710398 seconds
2024-10-04T21:53:01.126+0300: 1096.328: [GC (Allocation Failure) [PSYoungGen: 266080K->3328K(267264K)] 337699K->75023K(813568K), 0.0012113 secs] [Times: user=0.00 sys=0.00, real=0.00 secs] 
2024-10-04T21:53:01.126+0300: 1096.329: Total time for which application threads were stopped: 0.0015503 seconds, Stopping threads took: 0.0001702 seconds
2024-10-04T21:53:01.503+0300: 1096.704: Application time: 0.3750169 seconds
2024-10-04T21:53:01.503+0300: 1096.704: [GC (Allocation Failure) [PSYoungGen: 264633K->5440K(266240K)] 336328K->77151K(812544K), 0.0013488 secs] [Times: user=0.00 sys=0.00, real=0.00 secs] 
2024-10-04T21:53:01.503+0300: 1096.706: Total time for which application threads were stopped: 0.0016231 seconds, Stopping threads took: 0.0000965 seconds
2024-10-04T21:53:01.880+0300: 1097.081: Application time: 0.3755731 seconds
2024-10-04T21:53:01.880+0300: 1097.081: [GC (Allocation Failure) [PSYoungGen: 266048K->4400K(266752K)] 337759K->76143K(813056K), 0.0012143 secs] [Times: user=0.00 sys=0.00, real=0.00 secs] 
2024-10-04T21:53:01.880+0300: 1097.083: Total time for which application threads were stopped: 0.0015270 seconds, Stopping threads took: 0.0001666 seconds
2024-10-04T21:53:02.241+0300: 1097.457: Application time: 0.3741878 seconds
2024-10-04T21:53:02.256+0300: 1097.457: [GC (Allocation Failure) [PSYoungGen: 265008K->5408K(266752K)] 336751K->77167K(813056K), 0.0013982 secs] [Times: user=0.00 sys=0.00, real=0.00 secs] 
2024-10-04T21:53:02.256+0300: 1097.459: Total time for which application threads were stopped: 0.0018392 seconds, Stopping threads took: 0.0002899 seconds
2024-10-04T21:53:02.617+0300: 1097.826: Application time: 0.3671810 seconds
2024-10-04T21:53:02.617+0300: 1097.826: [GC (Allocation Failure) [PSYoungGen: 265148K->5408K(266240K)] 336907K->77199K(812544K), 0.0014513 secs] [Times: user=0.00 sys=0.00, real=0.00 secs] 
2024-10-04T21:53:02.617+0300: 1097.828: Total time for which application threads were stopped: 0.0017919 seconds, Stopping threads took: 0.0002037 seconds
2024-10-04T21:53:02.994+0300: 1098.196: Application time: 0.3680279 seconds
2024-10-04T21:53:02.994+0300: 1098.196: [GC (Allocation Failure) [PSYoungGen: 265695K->5408K(266240K)] 337487K->77215K(812544K), 0.0012868 secs] [Times: user=0.00 sys=0.00, real=0.00 secs] 
2024-10-04T21:53:02.994+0300: 1098.197: Total time for which application threads were stopped: 0.0015821 seconds, Stopping threads took: 0.0001654 seconds
2024-10-04T21:53:03.356+0300: 1098.571: Application time: 0.3739518 seconds
2024-10-04T21:53:03.356+0300: 1098.571: [GC (Allocation Failure) [PSYoungGen: 264173K->4448K(266240K)] 335980K->76263K(812544K), 0.0011807 secs] [Times: user=0.02 sys=0.00, real=0.02 secs] 
2024-10-04T21:53:03.371+0300: 1098.573: Total time for which application threads were stopped: 0.0015236 seconds, Stopping threads took: 0.0002044 seconds
2024-10-04T21:53:03.732+0300: 1098.936: Application time: 0.3635944 seconds
2024-10-04T21:53:03.732+0300: 1098.937: [GC (Allocation Failure) [PSYoungGen: 263276K->5424K(266240K)] 335091K->77255K(812544K), 0.0013222 secs] [Times: user=0.00 sys=0.00, real=0.00 secs] 
2024-10-04T21:53:03.732+0300: 1098.938: Total time for which application threads were stopped: 0.0016082 seconds, Stopping threads took: 0.0001613 seconds
2024-10-04T21:53:04.094+0300: 1099.305: Application time: 0.3665696 seconds
2024-10-04T21:53:04.094+0300: 1099.305: [GC (Allocation Failure) [PSYoungGen: 264358K->5440K(266240K)] 336189K->77279K(812544K), 0.0013870 secs] [Times: user=0.00 sys=0.00, real=0.00 secs] 
2024-10-04T21:53:04.094+0300: 1099.306: Total time for which application threads were stopped: 0.0017658 seconds, Stopping threads took: 0.0002334 seconds
2024-10-04T21:53:04.470+0300: 1099.681: Application time: 0.3751167 seconds
2024-10-04T21:53:04.470+0300: 1099.682: [GC (Allocation Failure) [PSYoungGen: 264217K->4448K(266240K)] 336056K->76295K(812544K), 0.0012353 secs] [Times: user=0.00 sys=0.00, real=0.00 secs] 
2024-10-04T21:53:04.470+0300: 1099.683: Total time for which application threads were stopped: 0.0015693 seconds, Stopping threads took: 0.0001804 seconds
2024-10-04T21:53:04.845+0300: 1100.046: Application time: 0.3631766 seconds
2024-10-04T21:53:04.845+0300: 1100.046: [GC (Allocation Failure) [PSYoungGen: 263405K->5472K(266240K)] 335252K->77327K(812544K), 0.0014373 secs] [Times: user=0.00 sys=0.00, real=0.00 secs] 
2024-10-04T21:53:04.847+0300: 1100.048: Total time for which application threads were stopped: 0.0017465 seconds, Stopping threads took: 0.0001603 seconds
2024-10-04T21:53:05.207+0300: 1100.423: Application time: 0.3747303 seconds
2024-10-04T21:53:05.207+0300: 1100.423: [GC (Allocation Failure) [PSYoungGen: 264360K->4448K(266240K)] 336215K->76319K(812544K), 0.0012073 secs] [Times: user=0.02 sys=0.00, real=0.02 secs] 
2024-10-04T21:53:05.223+0300: 1100.424: Total time for which application threads were stopped: 0.0015513 seconds, Stopping threads took: 0.0001759 seconds
2024-10-04T21:53:05.584+0300: 1100.789: Application time: 0.3645774 seconds
2024-10-04T21:53:05.584+0300: 1100.789: [GC (Allocation Failure) [PSYoungGen: 263377K->5408K(266240K)] 335248K->77327K(812544K), 0.0012463 secs] [Times: user=0.00 sys=0.00, real=0.00 secs] 
2024-10-04T21:53:05.589+0300: 1100.790: Total time for which application threads were stopped: 0.0015351 seconds, Stopping threads took: 0.0001495 seconds
2024-10-04T21:53:05.947+0300: 1101.155: Application time: 0.3643875 seconds
2024-10-04T21:53:05.947+0300: 1101.155: [GC (Allocation Failure) [PSYoungGen: 264194K->4448K(266240K)] 336113K->76375K(812544K), 0.0011466 secs] [Times: user=0.00 sys=0.00, real=0.00 secs] 
2024-10-04T21:53:05.947+0300: 1101.156: Total time for which application threads were stopped: 0.0014044 seconds, Stopping threads took: 0.0000906 seconds
2024-10-04T21:53:06.321+0300: 1101.529: Application time: 0.3728503 seconds
2024-10-04T21:53:06.321+0300: 1101.529: [GC (Allocation Failure) [PSYoungGen: 263155K->3360K(266240K)] 335082K->75335K(812544K), 0.0011106 secs] [Times: user=0.00 sys=0.00, real=0.00 secs] 
2024-10-04T21:53:06.321+0300: 1101.530: Total time for which application threads were stopped: 0.0014089 seconds, Stopping threads took: 0.0001507 seconds
2024-10-04T21:53:06.683+0300: 1101.897: Application time: 0.3665041 seconds
2024-10-04T21:53:06.683+0300: 1101.897: [GC (Allocation Failure) [PSYoungGen: 262348K->5408K(266240K)] 334323K->77423K(812544K), 0.0012925 secs] [Times: user=0.00 sys=0.00, real=0.00 secs] 
2024-10-04T21:53:06.683+0300: 1101.898: Total time for which application threads were stopped: 0.0015950 seconds, Stopping threads took: 0.0001677 seconds
2024-10-04T21:53:07.059+0300: 1102.265: Application time: 0.3666404 seconds
2024-10-04T21:53:07.059+0300: 1102.265: [GC (Allocation Failure) [PSYoungGen: 264992K->4448K(266240K)] 337007K->76471K(812544K), 0.0010541 secs] [Times: user=0.00 sys=0.00, real=0.00 secs] 
2024-10-04T21:53:07.059+0300: 1102.266: Total time for which application threads were stopped: 0.0013262 seconds, Stopping threads took: 0.0001538 seconds
2024-10-04T21:53:07.436+0300: 1102.643: Application time: 0.3761238 seconds
2024-10-04T21:53:07.436+0300: 1102.643: [GC (Allocation Failure) [PSYoungGen: 263461K->3328K(266240K)] 335484K->75463K(812544K), 0.0009421 secs] [Times: user=0.00 sys=0.00, real=0.00 secs] 
2024-10-04T21:53:07.436+0300: 1102.644: Total time for which application threads were stopped: 0.0012237 seconds, Stopping threads took: 0.0001543 seconds
2024-10-04T21:53:07.797+0300: 1103.011: Application time: 0.3676884 seconds
2024-10-04T21:53:07.797+0300: 1103.012: [GC (Allocation Failure) [PSYoungGen: 262312K->3440K(266240K)] 334447K->75591K(812544K), 0.0010100 secs] [Times: user=0.00 sys=0.00, real=0.00 secs] 
2024-10-04T21:53:07.812+0300: 1103.013: Total time for which application threads were stopped: 0.0014135 seconds, Stopping threads took: 0.0001691 seconds
2024-10-04T21:53:08.173+0300: 1103.380: Application time: 0.3666183 seconds
2024-10-04T21:53:08.173+0300: 1103.380: [GC (Allocation Failure) [PSYoungGen: 262402K->5424K(266240K)] 334553K->77607K(812544K), 0.0013271 secs] [Times: user=0.00 sys=0.00, real=0.00 secs] 
2024-10-04T21:53:08.173+0300: 1103.381: Total time for which application threads were stopped: 0.0016665 seconds, Stopping threads took: 0.0001655 seconds
2024-10-04T21:53:08.550+0300: 1103.751: Application time: 0.3698041 seconds
2024-10-04T21:53:08.550+0300: 1103.751: [GC (Allocation Failure) [PSYoungGen: 264295K->5440K(265216K)] 336479K->77639K(811520K), 0.0013872 secs] [Times: user=0.00 sys=0.00, real=0.00 secs] 
2024-10-04T21:53:08.550+0300: 1103.753: Total time for which application threads were stopped: 0.0017234 seconds, Stopping threads took: 0.0001894 seconds
2024-10-04T21:53:08.911+0300: 1104.116: Application time: 0.3629355 seconds
2024-10-04T21:53:08.911+0300: 1104.116: [GC (Allocation Failure) [PSYoungGen: 264254K->4512K(266240K)] 336454K->76719K(812544K), 0.0010866 secs] [Times: user=0.00 sys=0.00, real=0.00 secs] 
2024-10-04T21:53:08.911+0300: 1104.117: Total time for which application threads were stopped: 0.0013579 seconds, Stopping threads took: 0.0001317 seconds
2024-10-04T21:53:09.288+0300: 1104.491: Application time: 0.3739577 seconds
2024-10-04T21:53:09.288+0300: 1104.491: [GC (Allocation Failure) [PSYoungGen: 263584K->4416K(265728K)] 335791K->76631K(812032K), 0.0011264 secs] [Times: user=0.00 sys=0.00, real=0.00 secs] 
2024-10-04T21:53:09.288+0300: 1104.492: Total time for which application threads were stopped: 0.0014895 seconds, Stopping threads took: 0.0002065 seconds
2024-10-04T21:53:09.655+0300: 1104.857: Application time: 0.3643118 seconds
2024-10-04T21:53:09.655+0300: 1104.857: [GC (Allocation Failure) [PSYoungGen: 262802K->3440K(266240K)] 335017K->75671K(812544K), 0.0010533 secs] [Times: user=0.00 sys=0.00, real=0.00 secs] 
2024-10-04T21:53:09.655+0300: 1104.858: Total time for which application threads were stopped: 0.0014134 seconds, Stopping threads took: 0.0001777 seconds
2024-10-04T21:53:10.010+0300: 1105.221: Application time: 0.3627745 seconds
2024-10-04T21:53:10.010+0300: 1105.221: [GC (Allocation Failure) [PSYoungGen: 262756K->5440K(266240K)] 334988K->77687K(812544K), 0.0011830 secs] [Times: user=0.00 sys=0.00, real=0.00 secs] 
2024-10-04T21:53:10.010+0300: 1105.222: Total time for which application threads were stopped: 0.0014895 seconds, Stopping threads took: 0.0001625 seconds
2024-10-04T21:53:10.387+0300: 1105.596: Application time: 0.3731643 seconds
2024-10-04T21:53:10.387+0300: 1105.596: [GC (Allocation Failure) [PSYoungGen: 264207K->5440K(265216K)] 336455K->77703K(811520K), 0.0037642 secs] [Times: user=0.00 sys=0.00, real=0.00 secs] 
2024-10-04T21:53:10.387+0300: 1105.600: Total time for which application threads were stopped: 0.0041109 seconds, Stopping threads took: 0.0002060 seconds
2024-10-04T21:53:10.757+0300: 1105.961: Application time: 0.3614271 seconds
2024-10-04T21:53:10.757+0300: 1105.961: [GC (Allocation Failure) [PSYoungGen: 263120K->5424K(265728K)] 335384K->77703K(812032K), 0.0012360 secs] [Times: user=0.00 sys=0.00, real=0.00 secs] 
2024-10-04T21:53:10.757+0300: 1105.963: Total time for which application threads were stopped: 0.0016158 seconds, Stopping threads took: 0.0002143 seconds
2024-10-04T21:53:11.124+0300: 1106.331: Application time: 0.3686281 seconds
2024-10-04T21:53:11.124+0300: 1106.332: [GC (Allocation Failure) [PSYoungGen: 263553K->4448K(266240K)] 335833K->76735K(812544K), 0.0010702 secs] [Times: user=0.00 sys=0.00, real=0.00 secs] 
2024-10-04T21:53:11.124+0300: 1106.333: Total time for which application threads were stopped: 0.0013446 seconds, Stopping threads took: 0.0001493 seconds
2024-10-04T21:53:11.501+0300: 1106.706: Application time: 0.3736981 seconds
2024-10-04T21:53:11.501+0300: 1106.707: [GC (Allocation Failure) [PSYoungGen: 263520K->3472K(265728K)] 335807K->75767K(812032K), 0.0011167 secs] [Times: user=0.00 sys=0.00, real=0.00 secs] 
2024-10-04T21:53:11.501+0300: 1106.708: Total time for which application threads were stopped: 0.0014510 seconds, Stopping threads took: 0.0001924 seconds
2024-10-04T21:53:11.862+0300: 1107.070: Application time: 0.3620690 seconds
2024-10-04T21:53:11.862+0300: 1107.070: [GC (Allocation Failure) [PSYoungGen: 261799K->5376K(265216K)] 334095K->77719K(811520K), 0.0012562 secs] [Times: user=0.00 sys=0.00, real=0.00 secs] 
2024-10-04T21:53:11.862+0300: 1107.072: Total time for which application threads were stopped: 0.0016181 seconds, Stopping threads took: 0.0001831 seconds
2024-10-04T21:53:12.239+0300: 1107.446: Application time: 0.3740177 seconds
2024-10-04T21:53:12.239+0300: 1107.446: [GC (Allocation Failure) [PSYoungGen: 263196K->3376K(265728K)] 335540K->75767K(812032K), 0.0010510 secs] [Times: user=0.00 sys=0.00, real=0.00 secs] 
2024-10-04T21:53:12.239+0300: 1107.447: Total time for which application threads were stopped: 0.0013298 seconds, Stopping threads took: 0.0001625 seconds
2024-10-04T21:53:12.600+0300: 1107.813: Application time: 0.3655584 seconds
2024-10-04T21:53:12.600+0300: 1107.813: [GC (Allocation Failure) [PSYoungGen: 261936K->4448K(266240K)] 334327K->76871K(812544K), 0.0011679 secs] [Times: user=0.00 sys=0.00, real=0.00 secs] 
2024-10-04T21:53:12.600+0300: 1107.814: Total time for which application threads were stopped: 0.0015022 seconds, Stopping threads took: 0.0001819 seconds
2024-10-04T21:53:12.977+0300: 1108.180: Application time: 0.3662948 seconds
2024-10-04T21:53:12.977+0300: 1108.181: [GC (Allocation Failure) [PSYoungGen: 263520K->5408K(265728K)] 335943K->77847K(812032K), 0.0012513 secs] [Times: user=0.00 sys=0.00, real=0.00 secs] 
2024-10-04T21:53:12.977+0300: 1108.182: Total time for which application threads were stopped: 0.0015501 seconds, Stopping threads took: 0.0001247 seconds
2024-10-04T21:53:13.354+0300: 1108.555: Application time: 0.3727746 seconds
2024-10-04T21:53:13.354+0300: 1108.555: [GC (Allocation Failure) [PSYoungGen: 264361K->5376K(265216K)] 336800K->77863K(811520K), 0.0012426 secs] [Times: user=0.00 sys=0.00, real=0.00 secs] 
2024-10-04T21:53:13.354+0300: 1108.556: Total time for which application threads were stopped: 0.0016819 seconds, Stopping threads took: 0.0002759 seconds
2024-10-04T21:53:13.715+0300: 1108.922: Application time: 0.3659885 seconds
2024-10-04T21:53:13.715+0300: 1108.923: [GC (Allocation Failure) [PSYoungGen: 263049K->2352K(265728K)] 335536K->74871K(812032K), 0.0008527 secs] [Times: user=0.00 sys=0.00, real=0.00 secs] 
2024-10-04T21:53:13.715+0300: 1108.923: Total time for which application threads were stopped: 0.0011448 seconds, Stopping threads took: 0.0001537 seconds
2024-10-04T21:53:14.076+0300: 1109.288: Application time: 0.3647042 seconds
2024-10-04T21:53:14.076+0300: 1109.288: [GC (Allocation Failure) [PSYoungGen: 260912K->4416K(265728K)] 333431K->76975K(812032K), 0.0011605 secs] [Times: user=0.00 sys=0.00, real=0.00 secs] 
2024-10-04T21:53:14.076+0300: 1109.290: Total time for which application threads were stopped: 0.0014837 seconds, Stopping threads took: 0.0001591 seconds
2024-10-04T21:53:14.453+0300: 1109.660: Application time: 0.3706975 seconds
2024-10-04T21:53:14.453+0300: 1109.661: [GC (Allocation Failure) [PSYoungGen: 262118K->3408K(265728K)] 334678K->75983K(812032K), 0.0008858 secs] [Times: user=0.00 sys=0.00, real=0.00 secs] 
2024-10-04T21:53:14.453+0300: 1109.662: Total time for which application threads were stopped: 0.0011463 seconds, Stopping threads took: 0.0001317 seconds
2024-10-04T21:53:14.814+0300: 1110.024: Application time: 0.3627149 seconds
2024-10-04T21:53:14.814+0300: 1110.024: [GC (Allocation Failure) [PSYoungGen: 261426K->4480K(266240K)] 334002K->77063K(812544K), 0.0011566 secs] [Times: user=0.00 sys=0.00, real=0.00 secs] 
2024-10-04T21:53:14.814+0300: 1110.026: Total time for which application threads were stopped: 0.0014704 seconds, Stopping threads took: 0.0001701 seconds
2024-10-04T21:53:15.191+0300: 1110.397: Application time: 0.3710075 seconds
2024-10-04T21:53:15.191+0300: 1110.397: [GC (Allocation Failure) [PSYoungGen: 263306K->4416K(266240K)] 335890K->77007K(812544K), 0.0014197 secs] [Times: user=0.00 sys=0.00, real=0.00 secs] 
2024-10-04T21:53:15.191+0300: 1110.399: Total time for which application threads were stopped: 0.0018107 seconds, Stopping threads took: 0.0002442 seconds
2024-10-04T21:53:15.552+0300: 1110.764: Application time: 0.3656887 seconds
2024-10-04T21:53:15.552+0300: 1110.765: [GC (Allocation Failure) [PSYoungGen: 263396K->5440K(266240K)] 335988K->78047K(812544K), 0.0012812 secs] [Times: user=0.00 sys=0.00, real=0.00 secs] 
2024-10-04T21:53:15.552+0300: 1110.766: Total time for which application threads were stopped: 0.0016613 seconds, Stopping threads took: 0.0002437 seconds
2024-10-04T21:53:15.928+0300: 1111.134: Application time: 0.3679721 seconds
2024-10-04T21:53:15.928+0300: 1111.134: [GC (Allocation Failure) [PSYoungGen: 264568K->5456K(266240K)] 337176K->78071K(812544K), 0.0011815 secs] [Times: user=0.00 sys=0.00, real=0.00 secs] 
2024-10-04T21:53:15.928+0300: 1111.135: Total time for which application threads were stopped: 0.0014375 seconds, Stopping threads took: 0.0001341 seconds
2024-10-04T21:53:16.289+0300: 1111.504: Application time: 0.3685663 seconds
2024-10-04T21:53:16.289+0300: 1111.504: [GC (Allocation Failure) [PSYoungGen: 264093K->4480K(266240K)] 336709K->77103K(812544K), 0.0010515 secs] [Times: user=0.00 sys=0.00, real=0.00 secs] 
2024-10-04T21:53:16.289+0300: 1111.505: Total time for which application threads were stopped: 0.0013875 seconds, Stopping threads took: 0.0002112 seconds
2024-10-04T21:53:16.669+0300: 1111.873: Application time: 0.3672834 seconds
2024-10-04T21:53:16.669+0300: 1111.873: [GC (Allocation Failure) [PSYoungGen: 264064K->5440K(266240K)] 336687K->78071K(812544K), 0.0012549 secs] [Times: user=0.00 sys=0.00, real=0.00 secs] 
2024-10-04T21:53:16.669+0300: 1111.874: Total time for which application threads were stopped: 0.0015790 seconds, Stopping threads took: 0.0001593 seconds
2024-10-04T21:53:17.025+0300: 1112.241: Application time: 0.3672413 seconds
2024-10-04T21:53:17.041+0300: 1112.242: [GC (Allocation Failure) [PSYoungGen: 265024K->4480K(266240K)] 337655K->77119K(812544K), 0.0011741 secs] [Times: user=0.00 sys=0.00, real=0.00 secs] 
2024-10-04T21:53:17.041+0300: 1112.243: Total time for which application threads were stopped: 0.0015277 seconds, Stopping threads took: 0.0001960 seconds
2024-10-04T21:53:17.402+0300: 1112.614: Application time: 0.3710752 seconds
2024-10-04T21:53:17.402+0300: 1112.614: [GC (Allocation Failure) [PSYoungGen: 263237K->4464K(266240K)] 335877K->77111K(812544K), 0.0011120 secs] [Times: user=0.00 sys=0.00, real=0.00 secs] 
2024-10-04T21:53:17.402+0300: 1112.615: Total time for which application threads were stopped: 0.0014214 seconds, Stopping threads took: 0.0001663 seconds
2024-10-04T21:53:17.779+0300: 1112.986: Application time: 0.3706131 seconds
2024-10-04T21:53:17.779+0300: 1112.986: [GC (Allocation Failure) [PSYoungGen: 264048K->3456K(266240K)] 336695K->76143K(812544K), 0.0010517 secs] [Times: user=0.00 sys=0.00, real=0.00 secs] 
2024-10-04T21:53:17.779+0300: 1112.987: Total time for which application threads were stopped: 0.0014130 seconds, Stopping threads took: 0.0002353 seconds
2024-10-04T21:53:18.140+0300: 1113.350: Application time: 0.3629068 seconds
2024-10-04T21:53:18.140+0300: 1113.351: [GC (Allocation Failure) [PSYoungGen: 262448K->5344K(266240K)] 335136K->78079K(812544K), 0.0014967 secs] [Times: user=0.00 sys=0.00, real=0.00 secs] 
2024-10-04T21:53:18.140+0300: 1113.352: Total time for which application threads were stopped: 0.0018462 seconds, Stopping threads took: 0.0001534 seconds
2024-10-04T21:53:18.516+0300: 1113.723: Application time: 0.3709410 seconds
2024-10-04T21:53:18.516+0300: 1113.723: [GC (Allocation Failure) [PSYoungGen: 264330K->3392K(266240K)] 337065K->76135K(812544K), 0.0009403 secs] [Times: user=0.00 sys=0.00, real=0.00 secs] 
2024-10-04T21:53:18.516+0300: 1113.724: Total time for which application threads were stopped: 0.0013196 seconds, Stopping threads took: 0.0001496 seconds
2024-10-04T21:53:18.877+0300: 1114.090: Application time: 0.3654229 seconds
2024-10-04T21:53:18.877+0300: 1114.090: [GC (Allocation Failure) [PSYoungGen: 262001K->3360K(266240K)] 334745K->76151K(812544K), 0.0009581 secs] [Times: user=0.00 sys=0.00, real=0.00 secs] 
2024-10-04T21:53:18.877+0300: 1114.091: Total time for which application threads were stopped: 0.0012474 seconds, Stopping threads took: 0.0001497 seconds
2024-10-04T21:53:19.254+0300: 1114.462: Application time: 0.3708355 seconds
2024-10-04T21:53:19.254+0300: 1114.462: [GC (Allocation Failure) [PSYoungGen: 262458K->5424K(266240K)] 335250K->78255K(812544K), 0.0012044 secs] [Times: user=0.00 sys=0.00, real=0.00 secs] 
2024-10-04T21:53:19.254+0300: 1114.464: Total time for which application threads were stopped: 0.0015498 seconds, Stopping threads took: 0.0001781 seconds
2024-10-04T21:53:19.631+0300: 1114.833: Application time: 0.3696191 seconds
2024-10-04T21:53:19.631+0300: 1114.833: [GC (Allocation Failure) [PSYoungGen: 265008K->5440K(265216K)] 337839K->78279K(811520K), 0.0012550 secs] [Times: user=0.00 sys=0.00, real=0.00 secs] 
2024-10-04T21:53:19.631+0300: 1114.835: Total time for which application threads were stopped: 0.0015638 seconds, Stopping threads took: 0.0001713 seconds
2024-10-04T21:53:19.992+0300: 1115.200: Application time: 0.3656226 seconds
2024-10-04T21:53:19.992+0300: 1115.201: [GC (Allocation Failure) [PSYoungGen: 264633K->5408K(265728K)] 337472K->78303K(812032K), 0.0012386 secs] [Times: user=0.00 sys=0.00, real=0.00 secs] 
2024-10-04T21:53:19.992+0300: 1115.202: Total time for which application threads were stopped: 0.0015380 seconds, Stopping threads took: 0.0001616 seconds
2024-10-04T21:53:20.369+0300: 1115.571: Application time: 0.3690834 seconds
2024-10-04T21:53:20.369+0300: 1115.571: [GC (Allocation Failure) [PSYoungGen: 263091K->3392K(265728K)] 335987K->76327K(812032K), 0.0009300 secs] [Times: user=0.00 sys=0.00, real=0.00 secs] 
2024-10-04T21:53:20.369+0300: 1115.572: Total time for which application threads were stopped: 0.0012112 seconds, Stopping threads took: 0.0001582 seconds
2024-10-04T21:53:20.730+0300: 1115.937: Application time: 0.3644632 seconds
2024-10-04T21:53:20.730+0300: 1115.937: [GC (Allocation Failure) [PSYoungGen: 261925K->4384K(266240K)] 334860K->77343K(812544K), 0.0011526 secs] [Times: user=0.00 sys=0.00, real=0.00 secs] 
2024-10-04T21:53:20.730+0300: 1115.938: Total time for which application threads were stopped: 0.0014888 seconds, Stopping threads took: 0.0001613 seconds
2024-10-04T21:53:21.090+0300: 1116.303: Application time: 0.3645396 seconds
2024-10-04T21:53:21.090+0300: 1116.303: [GC (Allocation Failure) [PSYoungGen: 263440K->5440K(265728K)] 336399K->78415K(812032K), 0.0012303 secs] [Times: user=0.00 sys=0.00, real=0.00 secs] 
2024-10-04T21:53:21.090+0300: 1116.304: Total time for which application threads were stopped: 0.0015480 seconds, Stopping threads took: 0.0001763 seconds
2024-10-04T21:53:21.467+0300: 1116.678: Application time: 0.3740110 seconds
2024-10-04T21:53:21.467+0300: 1116.678: [GC (Allocation Failure) [PSYoungGen: 263988K->3456K(265728K)] 336963K->76447K(812032K), 0.0010457 secs] [Times: user=0.02 sys=0.00, real=0.01 secs] 
2024-10-04T21:53:21.478+0300: 1116.680: Total time for which application threads were stopped: 0.0013624 seconds, Stopping threads took: 0.0001860 seconds
2024-10-04T21:53:21.828+0300: 1117.043: Application time: 0.3637821 seconds
2024-10-04T21:53:21.828+0300: 1117.044: [GC (Allocation Failure) [PSYoungGen: 261245K->4480K(265728K)] 334236K->77479K(812032K), 0.0011798 secs] [Times: user=0.02 sys=0.00, real=0.01 secs] 
2024-10-04T21:53:21.843+0300: 1117.045: Total time for which application threads were stopped: 0.0014649 seconds, Stopping threads took: 0.0001517 seconds
2024-10-04T21:53:22.204+0300: 1117.414: Application time: 0.3692372 seconds
2024-10-04T21:53:22.204+0300: 1117.414: [GC (Allocation Failure) [PSYoungGen: 263040K->4352K(266240K)] 336039K->77383K(812544K), 0.0012003 secs] [Times: user=0.00 sys=0.00, real=0.00 secs] 
2024-10-04T21:53:22.204+0300: 1117.416: Total time for which application threads were stopped: 0.0015369 seconds, Stopping threads took: 0.0001793 seconds
2024-10-04T21:53:22.580+0300: 1117.789: Application time: 0.3732341 seconds
2024-10-04T21:53:22.580+0300: 1117.789: [GC (Allocation Failure) [PSYoungGen: 263155K->4448K(266240K)] 336187K->77487K(812544K), 0.0011800 secs] [Times: user=0.00 sys=0.00, real=0.00 secs] 
2024-10-04T21:53:22.580+0300: 1117.790: Total time for which application threads were stopped: 0.0014856 seconds, Stopping threads took: 0.0001545 seconds
2024-10-04T21:53:22.957+0300: 1118.161: Application time: 0.3703939 seconds
2024-10-04T21:53:22.957+0300: 1118.161: [GC (Allocation Failure) [PSYoungGen: 264032K->4448K(266752K)] 337071K->77495K(813056K), 0.0011449 secs] [Times: user=0.00 sys=0.00, real=0.00 secs] 
2024-10-04T21:53:22.957+0300: 1118.162: Total time for which application threads were stopped: 0.0014984 seconds, Stopping threads took: 0.0001658 seconds
2024-10-04T21:53:23.334+0300: 1118.536: Application time: 0.3739991 seconds
2024-10-04T21:53:23.334+0300: 1118.537: [GC (Allocation Failure) [PSYoungGen: 264489K->4352K(266240K)] 337536K->77407K(812544K), 0.0011999 secs] [Times: user=0.00 sys=0.00, real=0.00 secs] 
2024-10-04T21:53:23.334+0300: 1118.538: Total time for which application threads were stopped: 0.0015525 seconds, Stopping threads took: 0.0001851 seconds
2024-10-04T21:53:23.695+0300: 1118.902: Application time: 0.3644597 seconds
2024-10-04T21:53:23.695+0300: 1118.903: [GC (Allocation Failure) [PSYoungGen: 264175K->4480K(266752K)] 337231K->77543K(813056K), 0.0010756 secs] [Times: user=0.00 sys=0.00, real=0.00 secs] 
2024-10-04T21:53:23.695+0300: 1118.904: Total time for which application threads were stopped: 0.0014071 seconds, Stopping threads took: 0.0001806 seconds
2024-10-04T21:53:24.071+0300: 1119.275: Application time: 0.3714408 seconds
2024-10-04T21:53:24.071+0300: 1119.275: [GC (Allocation Failure) [PSYoungGen: 264603K->4448K(266752K)] 337666K->77519K(813056K), 0.0011406 secs] [Times: user=0.00 sys=0.00, real=0.00 secs] 
2024-10-04T21:53:24.071+0300: 1119.277: Total time for which application threads were stopped: 0.0014723 seconds, Stopping threads took: 0.0001892 seconds
2024-10-04T21:53:24.448+0300: 1119.649: Application time: 0.3728219 seconds
2024-10-04T21:53:24.448+0300: 1119.650: [GC (Allocation Failure) [PSYoungGen: 265056K->4288K(267264K)] 338127K->77447K(813568K), 0.0011451 secs] [Times: user=0.00 sys=0.00, real=0.00 secs] 
2024-10-04T21:53:24.448+0300: 1119.651: Total time for which application threads were stopped: 0.0015376 seconds, Stopping threads took: 0.0002157 seconds
2024-10-04T21:53:24.809+0300: 1120.021: Application time: 0.3700222 seconds
2024-10-04T21:53:24.809+0300: 1120.021: [GC (Allocation Failure) [PSYoungGen: 265920K->4448K(267264K)] 339079K->77615K(813568K), 0.0011355 secs] [Times: user=0.00 sys=0.00, real=0.00 secs] 
2024-10-04T21:53:24.809+0300: 1120.022: Total time for which application threads were stopped: 0.0014272 seconds, Stopping threads took: 0.0001425 seconds
2024-10-04T21:53:25.186+0300: 1120.398: Application time: 0.3758928 seconds
2024-10-04T21:53:25.186+0300: 1120.399: [GC (Allocation Failure) [PSYoungGen: 266080K->3264K(267264K)] 339247K->76511K(813568K), 0.0012807 secs] [Times: user=0.00 sys=0.00, real=0.00 secs] 
2024-10-04T21:53:25.186+0300: 1120.400: Total time for which application threads were stopped: 0.0016849 seconds, Stopping threads took: 0.0001972 seconds
2024-10-04T21:53:25.562+0300: 1120.768: Application time: 0.3683409 seconds
2024-10-04T21:53:25.562+0300: 1120.769: [GC (Allocation Failure) [PSYoungGen: 264530K->5472K(267264K)] 337777K->78727K(813568K), 0.0013602 secs] [Times: user=0.00 sys=0.00, real=0.00 secs] 
2024-10-04T21:53:25.562+0300: 1120.770: Total time for which application threads were stopped: 0.0016516 seconds, Stopping threads took: 0.0001621 seconds
2024-10-04T21:53:25.938+0300: 1121.141: Application time: 0.3706733 seconds
2024-10-04T21:53:25.938+0300: 1121.141: [GC (Allocation Failure) [PSYoungGen: 267104K->4448K(266240K)] 340359K->77711K(812544K), 0.0011146 secs] [Times: user=0.00 sys=0.00, real=0.00 secs] 
2024-10-04T21:53:25.938+0300: 1121.142: Total time for which application threads were stopped: 0.0013924 seconds, Stopping threads took: 0.0001601 seconds
2024-10-04T21:53:26.300+0300: 1121.514: Application time: 0.3717492 seconds
2024-10-04T21:53:26.300+0300: 1121.514: [GC (Allocation Failure) [PSYoungGen: 264755K->5408K(266752K)] 338019K->78711K(813056K), 0.0012553 secs] [Times: user=0.00 sys=0.00, real=0.00 secs] 
2024-10-04T21:53:26.300+0300: 1121.515: Total time for which application threads were stopped: 0.0015670 seconds, Stopping threads took: 0.0001734 seconds
2024-10-04T21:53:26.676+0300: 1121.888: Application time: 0.3724826 seconds
2024-10-04T21:53:26.676+0300: 1121.888: [GC (Allocation Failure) [PSYoungGen: 266016K->4448K(266752K)] 339319K->77791K(813056K), 0.0010862 secs] [Times: user=0.00 sys=0.00, real=0.00 secs] 
2024-10-04T21:53:26.676+0300: 1121.889: Total time for which application threads were stopped: 0.0014712 seconds, Stopping threads took: 0.0002573 seconds
2024-10-04T21:53:27.052+0300: 1122.256: Application time: 0.3664830 seconds
2024-10-04T21:53:27.052+0300: 1122.256: [GC (Allocation Failure) [PSYoungGen: 264420K->5456K(266752K)] 337764K->78815K(813056K), 0.0012077 secs] [Times: user=0.00 sys=0.00, real=0.00 secs] 
2024-10-04T21:53:27.052+0300: 1122.257: Total time for which application threads were stopped: 0.0014865 seconds, Stopping threads took: 0.0001423 seconds
2024-10-04T21:53:27.429+0300: 1122.631: Application time: 0.3733601 seconds
2024-10-04T21:53:27.429+0300: 1122.631: [GC (Allocation Failure) [PSYoungGen: 265317K->4448K(266752K)] 338677K->77815K(813056K), 0.0010274 secs] [Times: user=0.00 sys=0.00, real=0.00 secs] 
2024-10-04T21:53:27.429+0300: 1122.632: Total time for which application threads were stopped: 0.0013209 seconds, Stopping threads took: 0.0001687 seconds
2024-10-04T21:53:27.791+0300: 1122.999: Application time: 0.3674051 seconds
2024-10-04T21:53:27.791+0300: 1123.000: [GC (Allocation Failure) [PSYoungGen: 264558K->4480K(266752K)] 337926K->77855K(813056K), 0.0012351 secs] [Times: user=0.00 sys=0.00, real=0.00 secs] 
2024-10-04T21:53:27.791+0300: 1123.001: Total time for which application threads were stopped: 0.0015789 seconds, Stopping threads took: 0.0001981 seconds
2024-10-04T21:53:28.167+0300: 1123.371: Application time: 0.3697476 seconds
2024-10-04T21:53:28.167+0300: 1123.371: [GC (Allocation Failure) [PSYoungGen: 264389K->5408K(266752K)] 337764K->78799K(813056K), 0.0014413 secs] [Times: user=0.00 sys=0.00, real=0.00 secs] 
2024-10-04T21:53:28.167+0300: 1123.373: Total time for which application threads were stopped: 0.0019372 seconds, Stopping threads took: 0.0003415 seconds
2024-10-04T21:53:28.559+0300: 1123.767: Application time: 0.3941899 seconds
2024-10-04T21:53:28.559+0300: 1123.767: [GC (Allocation Failure) [PSYoungGen: 265335K->2368K(263168K)] 338726K->75775K(809472K), 0.0010746 secs] [Times: user=0.00 sys=0.00, real=0.00 secs] 
2024-10-04T21:53:28.559+0300: 1123.768: Total time for which application threads were stopped: 0.0015539 seconds, Stopping threads took: 0.0003074 seconds
2024-10-04T21:53:28.936+0300: 1124.141: Application time: 0.3728132 seconds
2024-10-04T21:53:28.936+0300: 1124.142: [GC (Allocation Failure) [PSYoungGen: 262392K->5440K(266240K)] 335800K->78863K(812544K), 0.0013511 secs] [Times: user=0.00 sys=0.00, real=0.00 secs] 
2024-10-04T21:53:28.936+0300: 1124.143: Total time for which application threads were stopped: 0.0016932 seconds, Stopping threads took: 0.0002010 seconds
2024-10-04T21:53:29.313+0300: 1124.518: Application time: 0.3746103 seconds
2024-10-04T21:53:29.313+0300: 1124.518: [GC (Allocation Failure) [PSYoungGen: 264170K->4480K(266240K)] 337594K->77911K(812544K), 0.0010444 secs] [Times: user=0.00 sys=0.00, real=0.00 secs] 
2024-10-04T21:53:29.313+0300: 1124.519: Total time for which application threads were stopped: 0.0013912 seconds, Stopping threads took: 0.0001301 seconds
2024-10-04T21:53:29.674+0300: 1124.884: Application time: 0.3652645 seconds
2024-10-04T21:53:29.674+0300: 1124.884: [GC (Allocation Failure) [PSYoungGen: 263442K->4416K(266752K)] 336873K->77855K(813056K), 0.0012297 secs] [Times: user=0.00 sys=0.00, real=0.00 secs] 
2024-10-04T21:53:29.674+0300: 1124.886: Total time for which application threads were stopped: 0.0015673 seconds, Stopping threads took: 0.0001979 seconds
2024-10-04T21:53:30.050+0300: 1125.254: Application time: 0.3686455 seconds
2024-10-04T21:53:30.050+0300: 1125.255: [GC (Allocation Failure) [PSYoungGen: 264255K->4448K(266240K)] 337695K->77895K(812544K), 0.0011094 secs] [Times: user=0.00 sys=0.00, real=0.00 secs] 
2024-10-04T21:53:30.050+0300: 1125.256: Total time for which application threads were stopped: 0.0014349 seconds, Stopping threads took: 0.0001977 seconds
2024-10-04T21:53:30.427+0300: 1125.630: Application time: 0.3742588 seconds
2024-10-04T21:53:30.427+0300: 1125.630: [GC (Allocation Failure) [PSYoungGen: 264451K->3424K(266752K)] 337899K->76879K(813056K), 0.0009043 secs] [Times: user=0.00 sys=0.00, real=0.00 secs] 
2024-10-04T21:53:30.427+0300: 1125.631: Total time for which application threads were stopped: 0.0012068 seconds, Stopping threads took: 0.0001756 seconds
2024-10-04T21:53:30.788+0300: 1125.997: Application time: 0.3653154 seconds
2024-10-04T21:53:30.788+0300: 1125.997: [GC (Allocation Failure) [PSYoungGen: 263345K->5376K(266240K)] 336801K->78908K(812544K), 0.0013344 secs] [Times: user=0.00 sys=0.00, real=0.00 secs] 
2024-10-04T21:53:30.788+0300: 1125.998: Total time for which application threads were stopped: 0.0016369 seconds, Stopping threads took: 0.0001760 seconds
2024-10-04T21:53:31.164+0300: 1126.373: Application time: 0.3748625 seconds
2024-10-04T21:53:31.164+0300: 1126.373: [GC (Allocation Failure) [PSYoungGen: 265657K->5440K(266240K)] 339189K->78988K(812544K), 0.0013667 secs] [Times: user=0.00 sys=0.00, real=0.00 secs] 
2024-10-04T21:53:31.164+0300: 1126.375: Total time for which application threads were stopped: 0.0016143 seconds, Stopping threads took: 0.0001073 seconds
2024-10-04T21:53:31.526+0300: 1126.740: Application time: 0.3649734 seconds
2024-10-04T21:53:31.526+0300: 1126.740: [GC (Allocation Failure) [PSYoungGen: 264024K->4448K(266240K)] 337572K->78004K(812544K), 0.0011550 secs] [Times: user=0.00 sys=0.00, real=0.00 secs] 
2024-10-04T21:53:31.526+0300: 1126.741: Total time for which application threads were stopped: 0.0014712 seconds, Stopping threads took: 0.0001864 seconds
2024-10-04T21:53:31.903+0300: 1127.104: Application time: 0.3626135 seconds
2024-10-04T21:53:31.903+0300: 1127.104: [GC (Allocation Failure) [PSYoungGen: 263472K->5408K(266240K)] 337028K->79040K(812544K), 0.0012866 secs] [Times: user=0.00 sys=0.00, real=0.00 secs] 
2024-10-04T21:53:31.903+0300: 1127.105: Total time for which application threads were stopped: 0.0016049 seconds, Stopping threads took: 0.0001870 seconds
2024-10-04T21:53:32.279+0300: 1127.486: Application time: 0.3801320 seconds
2024-10-04T21:53:32.279+0300: 1127.486: [GC (Allocation Failure) [PSYoungGen: 264992K->3392K(266240K)] 338624K->77032K(812544K), 0.0009309 secs] [Times: user=0.00 sys=0.00, real=0.00 secs] 
2024-10-04T21:53:32.279+0300: 1127.487: Total time for which application threads were stopped: 0.0012119 seconds, Stopping threads took: 0.0001459 seconds
2024-10-04T21:53:32.640+0300: 1127.849: Application time: 0.3618294 seconds
2024-10-04T21:53:32.640+0300: 1127.849: [GC (Allocation Failure) [PSYoungGen: 261986K->4432K(266240K)] 335626K->78080K(812544K), 0.0011421 secs] [Times: user=0.00 sys=0.00, real=0.00 secs] 
2024-10-04T21:53:32.640+0300: 1127.850: Total time for which application threads were stopped: 0.0014773 seconds, Stopping threads took: 0.0001729 seconds
2024-10-04T21:53:33.017+0300: 1128.222: Application time: 0.3716834 seconds
2024-10-04T21:53:33.017+0300: 1128.222: [GC (Allocation Failure) [PSYoungGen: 264016K->2400K(266240K)] 337664K->76056K(812544K), 0.0007697 secs] [Times: user=0.00 sys=0.00, real=0.00 secs] 
2024-10-04T21:53:33.017+0300: 1128.223: Total time for which application threads were stopped: 0.0010022 seconds, Stopping threads took: 0.0001184 seconds
2024-10-04T21:53:33.391+0300: 1128.593: Application time: 0.3698112 seconds
2024-10-04T21:53:33.392+0300: 1128.593: [GC (Allocation Failure) [PSYoungGen: 261352K->4448K(266240K)] 335008K->78144K(812544K), 0.0011433 secs] [Times: user=0.00 sys=0.00, real=0.00 secs] 
2024-10-04T21:53:33.393+0300: 1128.594: Total time for which application threads were stopped: 0.0014846 seconds, Stopping threads took: 0.0002012 seconds
2024-10-04T21:53:33.754+0300: 1128.960: Application time: 0.3656943 seconds
2024-10-04T21:53:33.754+0300: 1128.960: [GC (Allocation Failure) [PSYoungGen: 263438K->4384K(266240K)] 337134K->78096K(812544K), 0.0012493 secs] [Times: user=0.00 sys=0.00, real=0.00 secs] 
2024-10-04T21:53:33.754+0300: 1128.961: Total time for which application threads were stopped: 0.0015680 seconds, Stopping threads took: 0.0001877 seconds
2024-10-04T21:53:34.115+0300: 1129.329: Application time: 0.3676840 seconds
2024-10-04T21:53:34.115+0300: 1129.329: [GC (Allocation Failure) [PSYoungGen: 263241K->4448K(266752K)] 336953K->78168K(813056K), 0.0011593 secs] [Times: user=0.00 sys=0.00, real=0.00 secs] 
2024-10-04T21:53:34.115+0300: 1129.330: Total time for which application threads were stopped: 0.0014095 seconds, Stopping threads took: 0.0001365 seconds
2024-10-04T21:53:34.491+0300: 1129.705: Application time: 0.3750119 seconds
2024-10-04T21:53:34.505+0300: 1129.706: [GC (Allocation Failure) [PSYoungGen: 265056K->3392K(266752K)] 338776K->77128K(813056K), 0.0010028 secs] [Times: user=0.00 sys=0.00, real=0.00 secs] 
2024-10-04T21:53:34.505+0300: 1129.707: Total time for which application threads were stopped: 0.0013368 seconds, Stopping threads took: 0.0002048 seconds
2024-10-04T21:53:34.868+0300: 1130.070: Application time: 0.3630310 seconds
2024-10-04T21:53:34.868+0300: 1130.070: [GC (Allocation Failure) [PSYoungGen: 263357K->4464K(266752K)] 337093K->78208K(813056K), 0.0010286 secs] [Times: user=0.00 sys=0.00, real=0.00 secs] 
2024-10-04T21:53:34.868+0300: 1130.071: Total time for which application threads were stopped: 0.0013039 seconds, Stopping threads took: 0.0001571 seconds
2024-10-04T21:53:35.245+0300: 1130.448: Application time: 0.3765284 seconds
2024-10-04T21:53:35.245+0300: 1130.448: [GC (Allocation Failure) [PSYoungGen: 264382K->2416K(266752K)] 338126K->76184K(813056K), 0.0008654 secs] [Times: user=0.00 sys=0.00, real=0.00 secs] 
2024-10-04T21:53:35.245+0300: 1130.449: Total time for which application threads were stopped: 0.0012301 seconds, Stopping threads took: 0.0002184 seconds
2024-10-04T21:53:35.614+0300: 1130.814: Application time: 0.3653231 seconds
2024-10-04T21:53:35.614+0300: 1130.814: [GC (Allocation Failure) [PSYoungGen: 262673K->5472K(265728K)] 336441K->79256K(812032K), 0.0013472 secs] [Times: user=0.00 sys=0.00, real=0.00 secs] 
2024-10-04T21:53:35.615+0300: 1130.816: Total time for which application threads were stopped: 0.0016330 seconds, Stopping threads took: 0.0001389 seconds
2024-10-04T21:53:35.967+0300: 1131.180: Application time: 0.3639142 seconds
2024-10-04T21:53:35.967+0300: 1131.180: [GC (Allocation Failure) [PSYoungGen: 264145K->5408K(266240K)] 337929K->79208K(812544K), 0.0013070 secs] [Times: user=0.00 sys=0.00, real=0.00 secs] 
2024-10-04T21:53:35.967+0300: 1131.181: Total time for which application threads were stopped: 0.0016271 seconds, Stopping threads took: 0.0001802 seconds
2024-10-04T21:53:36.344+0300: 1131.556: Application time: 0.3743891 seconds
2024-10-04T21:53:36.344+0300: 1131.556: [GC (Allocation Failure) [PSYoungGen: 264992K->4480K(266240K)] 338792K->78288K(812544K), 0.0010599 secs] [Times: user=0.00 sys=0.00, real=0.00 secs] 
2024-10-04T21:53:36.344+0300: 1131.557: Total time for which application threads were stopped: 0.0014566 seconds, Stopping threads took: 0.0002180 seconds
2024-10-04T21:53:36.721+0300: 1131.924: Application time: 0.3666771 seconds
2024-10-04T21:53:36.721+0300: 1131.924: [GC (Allocation Failure) [PSYoungGen: 263455K->4448K(266240K)] 337263K->78264K(812544K), 0.0011673 secs] [Times: user=0.00 sys=0.00, real=0.00 secs] 
2024-10-04T21:53:36.721+0300: 1131.925: Total time for which application threads were stopped: 0.0015182 seconds, Stopping threads took: 0.0002048 seconds
2024-10-04T21:53:37.081+0300: 1132.292: Application time: 0.3663647 seconds
2024-10-04T21:53:37.081+0300: 1132.292: [GC (Allocation Failure) [PSYoungGen: 263379K->4416K(266752K)] 337195K->78272K(813056K), 0.0011337 secs] [Times: user=0.00 sys=0.00, real=0.00 secs] 
2024-10-04T21:53:37.081+0300: 1132.293: Total time for which application threads were stopped: 0.0014361 seconds, Stopping threads took: 0.0001834 seconds
2024-10-04T21:53:37.458+0300: 1132.666: Application time: 0.3730305 seconds
2024-10-04T21:53:37.458+0300: 1132.667: [GC (Allocation Failure) [PSYoungGen: 264403K->4448K(266240K)] 338259K->78344K(812544K), 0.0011257 secs] [Times: user=0.00 sys=0.00, real=0.00 secs] 
2024-10-04T21:53:37.458+0300: 1132.668: Total time for which application threads were stopped: 0.0014363 seconds, Stopping threads took: 0.0001974 seconds
2024-10-04T21:53:37.819+0300: 1133.034: Application time: 0.3664350 seconds
2024-10-04T21:53:37.819+0300: 1133.035: [GC (Allocation Failure) [PSYoungGen: 264328K->5440K(265728K)] 338224K->79384K(812032K), 0.0014007 secs] [Times: user=0.02 sys=0.00, real=0.02 secs] 
2024-10-04T21:53:37.834+0300: 1133.038: Total time for which application threads were stopped: 0.0036810 seconds, Stopping threads took: 0.0002538 seconds
2024-10-04T21:53:38.213+0300: 1133.413: Application time: 0.3756191 seconds
2024-10-04T21:53:38.213+0300: 1133.414: [GC (Allocation Failure) [PSYoungGen: 265024K->3376K(266240K)] 338968K->77368K(812544K), 0.0010146 secs] [Times: user=0.00 sys=0.00, real=0.00 secs] 
2024-10-04T21:53:38.213+0300: 1133.415: Total time for which application threads were stopped: 0.0013193 seconds, Stopping threads took: 0.0001384 seconds
2024-10-04T21:53:38.572+0300: 1133.781: Application time: 0.3666600 seconds
2024-10-04T21:53:38.572+0300: 1133.782: [GC (Allocation Failure) [PSYoungGen: 262524K->5456K(266240K)] 336516K->79456K(812544K), 0.0013641 secs] [Times: user=0.00 sys=0.00, real=0.00 secs] 
2024-10-04T21:53:38.572+0300: 1133.783: Total time for which application threads were stopped: 0.0016391 seconds, Stopping threads took: 0.0000906 seconds
2024-10-04T21:53:38.933+0300: 1134.149: Application time: 0.3661138 seconds
2024-10-04T21:53:38.949+0300: 1134.150: [GC (Allocation Failure) [PSYoungGen: 264052K->3440K(266240K)] 338052K->77456K(812544K), 0.0009378 secs] [Times: user=0.00 sys=0.00, real=0.00 secs] 
2024-10-04T21:53:38.949+0300: 1134.151: Total time for which application threads were stopped: 0.0013363 seconds, Stopping threads took: 0.0002516 seconds
2024-10-04T21:53:39.315+0300: 1134.522: Application time: 0.3717275 seconds
2024-10-04T21:53:39.315+0300: 1134.523: [GC (Allocation Failure) [PSYoungGen: 262441K->5424K(266240K)] 336458K->79448K(812544K), 0.0012296 secs] [Times: user=0.00 sys=0.00, real=0.00 secs] 
2024-10-04T21:53:39.315+0300: 1134.524: Total time for which application threads were stopped: 0.0015427 seconds, Stopping threads took: 0.0001829 seconds
2024-10-04T21:53:39.687+0300: 1134.892: Application time: 0.3678501 seconds
2024-10-04T21:53:39.687+0300: 1134.892: [GC (Allocation Failure) [PSYoungGen: 265008K->5440K(265216K)] 339032K->79480K(811520K), 0.0011798 secs] [Times: user=0.00 sys=0.00, real=0.00 secs] 
2024-10-04T21:53:39.687+0300: 1134.893: Total time for which application threads were stopped: 0.0015179 seconds, Stopping threads took: 0.0001840 seconds
2024-10-04T21:53:40.047+0300: 1135.262: Application time: 0.3688514 seconds
2024-10-04T21:53:40.047+0300: 1135.262: [GC (Allocation Failure) [PSYoungGen: 264223K->3408K(265728K)] 338263K->77496K(812032K), 0.0010114 secs] [Times: user=0.00 sys=0.00, real=0.00 secs] 
2024-10-04T21:53:40.047+0300: 1135.263: Total time for which application threads were stopped: 0.0013039 seconds, Stopping threads took: 0.0001156 seconds
2024-10-04T21:53:40.424+0300: 1135.635: Application time: 0.3717089 seconds
2024-10-04T21:53:40.424+0300: 1135.635: [GC (Allocation Failure) [PSYoungGen: 261265K->3408K(265728K)] 335353K->77504K(812032K), 0.0010726 secs] [Times: user=0.00 sys=0.00, real=0.00 secs] 
2024-10-04T21:53:40.424+0300: 1135.637: Total time for which application threads were stopped: 0.0014195 seconds, Stopping threads took: 0.0001612 seconds
2024-10-04T21:53:40.800+0300: 1136.001: Application time: 0.3647779 seconds
2024-10-04T21:53:40.800+0300: 1136.002: [GC (Allocation Failure) [PSYoungGen: 261190K->4416K(266240K)] 335286K->78552K(812544K), 0.0011416 secs] [Times: user=0.00 sys=0.00, real=0.00 secs] 
2024-10-04T21:53:40.800+0300: 1136.003: Total time for which application threads were stopped: 0.0014250 seconds, Stopping threads took: 0.0001561 seconds
2024-10-04T21:53:41.162+0300: 1136.372: Application time: 0.3689745 seconds
2024-10-04T21:53:41.162+0300: 1136.372: [GC (Allocation Failure) [PSYoungGen: 263194K->5440K(265728K)] 337330K->79584K(812032K), 0.0013067 secs] [Times: user=0.00 sys=0.00, real=0.00 secs] 
2024-10-04T21:53:41.162+0300: 1136.373: Total time for which application threads were stopped: 0.0016089 seconds, Stopping threads took: 0.0001468 seconds
2024-10-04T21:53:41.538+0300: 1136.739: Application time: 0.3660617 seconds
2024-10-04T21:53:41.538+0300: 1136.740: [GC (Allocation Failure) [PSYoungGen: 264196K->5456K(265216K)] 338340K->79624K(811520K), 0.0011863 secs] [Times: user=0.00 sys=0.00, real=0.00 secs] 
2024-10-04T21:53:41.538+0300: 1136.741: Total time for which application threads were stopped: 0.0014614 seconds, Stopping threads took: 0.0000919 seconds
2024-10-04T21:53:41.899+0300: 1137.107: Application time: 0.3663113 seconds
2024-10-04T21:53:41.899+0300: 1137.107: [GC (Allocation Failure) [PSYoungGen: 264016K->3456K(265728K)] 338184K->77640K(812032K), 0.0009963 secs] [Times: user=0.00 sys=0.00, real=0.00 secs] 
2024-10-04T21:53:41.899+0300: 1137.108: Total time for which application threads were stopped: 0.0013213 seconds, Stopping threads took: 0.0001983 seconds
2024-10-04T21:53:42.276+0300: 1137.479: Application time: 0.3705734 seconds
2024-10-04T21:53:42.276+0300: 1137.479: [GC (Allocation Failure) [PSYoungGen: 261497K->5424K(265728K)] 335681K->79616K(812032K), 0.0012660 secs] [Times: user=0.00 sys=0.00, real=0.00 secs] 
2024-10-04T21:53:42.276+0300: 1137.481: Total time for which application threads were stopped: 0.0016388 seconds, Stopping threads took: 0.0002115 seconds
2024-10-04T21:53:42.637+0300: 1137.846: Application time: 0.3654880 seconds
2024-10-04T21:53:42.637+0300: 1137.846: [GC (Allocation Failure) [PSYoungGen: 263233K->5440K(265728K)] 337425K->79648K(812032K), 0.0013613 secs] [Times: user=0.00 sys=0.00, real=0.00 secs] 
2024-10-04T21:53:42.637+0300: 1137.848: Total time for which application threads were stopped: 0.0016897 seconds, Stopping threads took: 0.0001875 seconds
2024-10-04T21:53:42.998+0300: 1138.210: Application time: 0.3622152 seconds
2024-10-04T21:53:42.998+0300: 1138.210: [GC (Allocation Failure) [PSYoungGen: 263043K->5472K(265728K)] 337252K->79688K(812032K), 0.0012884 secs] [Times: user=0.00 sys=0.00, real=0.00 secs] 
2024-10-04T21:53:42.998+0300: 1138.212: Total time for which application threads were stopped: 0.0016200 seconds, Stopping threads took: 0.0001885 seconds
2024-10-04T21:53:43.375+0300: 1138.585: Application time: 0.3734598 seconds
2024-10-04T21:53:43.375+0300: 1138.586: [GC (Allocation Failure) [PSYoungGen: 263282K->5360K(265728K)] 337498K->79684K(812032K), 0.0012200 secs] [Times: user=0.00 sys=0.00, real=0.00 secs] 
2024-10-04T21:53:43.375+0300: 1138.587: Total time for which application threads were stopped: 0.0016156 seconds, Stopping threads took: 0.0002624 seconds
2024-10-04T21:53:43.736+0300: 1138.950: Application time: 0.3635337 seconds
2024-10-04T21:53:43.736+0300: 1138.951: [GC (Allocation Failure) [PSYoungGen: 263218K->4448K(265728K)] 337542K->78780K(812032K), 0.0011135 secs] [Times: user=0.00 sys=0.00, real=0.00 secs] 
2024-10-04T21:53:43.736+0300: 1138.952: Total time for which application threads were stopped: 0.0014436 seconds, Stopping threads took: 0.0001901 seconds
2024-10-04T21:53:44.112+0300: 1139.318: Application time: 0.3665979 seconds
2024-10-04T21:53:44.112+0300: 1139.319: [GC (Allocation Failure) [PSYoungGen: 262256K->2336K(265728K)] 336589K->76724K(812032K), 0.0008452 secs] [Times: user=0.00 sys=0.00, real=0.00 secs] 
2024-10-04T21:53:44.112+0300: 1139.320: Total time for which application threads were stopped: 0.0011266 seconds, Stopping threads took: 0.0001656 seconds
2024-10-04T21:53:44.473+0300: 1139.687: Application time: 0.3678513 seconds
2024-10-04T21:53:44.473+0300: 1139.688: [GC (Allocation Failure) [PSYoungGen: 260852K->5424K(265728K)] 335241K->79820K(812032K), 0.0013348 secs] [Times: user=0.00 sys=0.00, real=0.00 secs] 
2024-10-04T21:53:44.473+0300: 1139.689: Total time for which application threads were stopped: 0.0017025 seconds, Stopping threads took: 0.0002184 seconds
2024-10-04T21:53:44.850+0300: 1140.060: Application time: 0.3710265 seconds
2024-10-04T21:53:44.850+0300: 1140.060: [GC (Allocation Failure) [PSYoungGen: 263984K->3440K(265728K)] 338380K->77852K(812032K), 0.0009723 secs] [Times: user=0.00 sys=0.00, real=0.00 secs] 
2024-10-04T21:53:44.850+0300: 1140.061: Total time for which application threads were stopped: 0.0012409 seconds, Stopping threads took: 0.0001351 seconds
2024-10-04T21:53:45.210+0300: 1140.427: Application time: 0.3651757 seconds
2024-10-04T21:53:45.226+0300: 1140.427: [GC (Allocation Failure) [PSYoungGen: 261965K->5424K(264704K)] 336377K->79844K(811008K), 0.0013526 secs] [Times: user=0.00 sys=0.00, real=0.00 secs] 
2024-10-04T21:53:45.227+0300: 1140.428: Total time for which application threads were stopped: 0.0018372 seconds, Stopping threads took: 0.0003102 seconds
2024-10-04T21:53:45.588+0300: 1140.793: Application time: 0.3641586 seconds
2024-10-04T21:53:45.588+0300: 1140.793: [GC (Allocation Failure) [PSYoungGen: 262453K->5440K(265216K)] 336873K->79876K(811520K), 0.0013523 secs] [Times: user=0.00 sys=0.00, real=0.00 secs] 
2024-10-04T21:53:45.588+0300: 1140.794: Total time for which application threads were stopped: 0.0016369 seconds, Stopping threads took: 0.0001356 seconds
2024-10-04T21:53:45.949+0300: 1141.159: Application time: 0.3644851 seconds
2024-10-04T21:53:45.949+0300: 1141.159: [GC (Allocation Failure) [PSYoungGen: 262976K->4448K(265728K)] 337412K->78892K(812032K), 0.0010759 secs] [Times: user=0.00 sys=0.00, real=0.00 secs] 
2024-10-04T21:53:45.949+0300: 1141.160: Total time for which application threads were stopped: 0.0013374 seconds, Stopping threads took: 0.0001383 seconds
2024-10-04T21:53:46.329+0300: 1141.531: Application time: 0.3707171 seconds
2024-10-04T21:53:46.329+0300: 1141.531: [GC (Allocation Failure) [PSYoungGen: 262231K->5392K(265216K)] 336675K->79884K(811520K), 0.0011731 secs] [Times: user=0.00 sys=0.00, real=0.00 secs] 
2024-10-04T21:53:46.329+0300: 1141.532: Total time for which application threads were stopped: 0.0014492 seconds, Stopping threads took: 0.0001459 seconds
2024-10-04T21:53:46.702+0300: 1141.903: Application time: 0.3710793 seconds
2024-10-04T21:53:46.702+0300: 1141.903: [GC (Allocation Failure) [PSYoungGen: 263440K->2416K(264704K)] 337932K->76916K(811008K), 0.0008695 secs] [Times: user=0.00 sys=0.00, real=0.00 secs] 
2024-10-04T21:53:46.702+0300: 1141.904: Total time for which application threads were stopped: 0.0011567 seconds, Stopping threads took: 0.0001465 seconds
2024-10-04T21:53:47.047+0300: 1142.262: Application time: 0.3579065 seconds
2024-10-04T21:53:47.047+0300: 1142.263: [GC (Allocation Failure) [PSYoungGen: 258942K->4448K(265216K)] 333443K->78988K(811520K), 0.0010275 secs] [Times: user=0.00 sys=0.00, real=0.02 secs] 
2024-10-04T21:53:47.063+0300: 1142.264: Total time for which application threads were stopped: 0.0014390 seconds, Stopping threads took: 0.0002481 seconds
2024-10-04T21:53:47.424+0300: 1142.631: Application time: 0.3676889 seconds
2024-10-04T21:53:47.424+0300: 1142.632: [GC (Allocation Failure) [PSYoungGen: 261361K->5424K(265728K)] 335902K->79972K(812032K), 0.0013760 secs] [Times: user=0.02 sys=0.00, real=0.01 secs] 
2024-10-04T21:53:47.432+0300: 1142.633: Total time for which application threads were stopped: 0.0018343 seconds, Stopping threads took: 0.0003010 seconds
2024-10-04T21:53:47.800+0300: 1143.005: Application time: 0.3713196 seconds
2024-10-04T21:53:47.800+0300: 1143.005: [GC (Allocation Failure) [PSYoungGen: 263233K->4448K(265728K)] 337782K->79004K(812032K), 0.0010694 secs] [Times: user=0.00 sys=0.00, real=0.00 secs] 
2024-10-04T21:53:47.800+0300: 1143.006: Total time for which application threads were stopped: 0.0013971 seconds, Stopping threads took: 0.0001708 seconds
2024-10-04T21:53:48.162+0300: 1143.370: Application time: 0.3641339 seconds
2024-10-04T21:53:48.162+0300: 1143.370: [GC (Allocation Failure) [PSYoungGen: 262124K->5440K(265728K)] 336680K->80020K(812032K), 0.0014524 secs] [Times: user=0.00 sys=0.00, real=0.00 secs] 
2024-10-04T21:53:48.162+0300: 1143.372: Total time for which application threads were stopped: 0.0018403 seconds, Stopping threads took: 0.0002267 seconds
2024-10-04T21:53:48.538+0300: 1143.740: Application time: 0.3677301 seconds
2024-10-04T21:53:48.538+0300: 1143.740: [GC (Allocation Failure) [PSYoungGen: 264000K->4464K(265728K)] 338580K->79052K(812032K), 0.0010735 secs] [Times: user=0.00 sys=0.00, real=0.00 secs] 
2024-10-04T21:53:48.538+0300: 1143.741: Total time for which application threads were stopped: 0.0013876 seconds, Stopping threads took: 0.0001808 seconds
2024-10-04T21:53:48.899+0300: 1144.106: Application time: 0.3651091 seconds
2024-10-04T21:53:48.899+0300: 1144.106: [GC (Allocation Failure) [PSYoungGen: 262305K->3408K(265728K)] 336894K->78036K(812032K), 0.0009361 secs] [Times: user=0.00 sys=0.00, real=0.00 secs] 
2024-10-04T21:53:48.899+0300: 1144.107: Total time for which application threads were stopped: 0.0012501 seconds, Stopping threads took: 0.0001821 seconds
2024-10-04T21:53:49.276+0300: 1144.481: Application time: 0.3737684 seconds
2024-10-04T21:53:49.276+0300: 1144.481: [GC (Allocation Failure) [PSYoungGen: 261968K->4384K(265728K)] 336596K->79088K(812032K), 0.0010014 secs] [Times: user=0.00 sys=0.00, real=0.00 secs] 
2024-10-04T21:53:49.276+0300: 1144.482: Total time for which application threads were stopped: 0.0012611 seconds, Stopping threads took: 0.0001521 seconds
2024-10-04T21:53:49.637+0300: 1144.847: Application time: 0.3646168 seconds
2024-10-04T21:53:49.637+0300: 1144.847: [GC (Allocation Failure) [PSYoungGen: 262329K->3424K(266240K)] 337033K->78176K(812544K), 0.0010584 secs] [Times: user=0.00 sys=0.00, real=0.00 secs] 
2024-10-04T21:53:49.637+0300: 1144.848: Total time for which application threads were stopped: 0.0013621 seconds, Stopping threads took: 0.0001656 seconds
2024-10-04T21:53:49.998+0300: 1145.209: Application time: 0.3607394 seconds
2024-10-04T21:53:49.998+0300: 1145.209: [GC (Allocation Failure) [PSYoungGen: 262315K->4448K(266240K)] 337068K->79208K(812544K), 0.0010609 secs] [Times: user=0.00 sys=0.00, real=0.00 secs] 
2024-10-04T21:53:49.998+0300: 1145.211: Total time for which application threads were stopped: 0.0013561 seconds, Stopping threads took: 0.0001615 seconds
2024-10-04T21:53:50.375+0300: 1145.589: Application time: 0.3787156 seconds
2024-10-04T21:53:50.375+0300: 1145.590: [GC (Allocation Failure) [PSYoungGen: 263325K->1344K(266240K)] 338086K->76128K(812544K), 0.0007700 secs] [Times: user=0.00 sys=0.00, real=0.00 secs] 
2024-10-04T21:53:50.375+0300: 1145.590: Total time for which application threads were stopped: 0.0010455 seconds, Stopping threads took: 0.0001520 seconds
2024-10-04T21:53:50.739+0300: 1145.950: Application time: 0.3596947 seconds
2024-10-04T21:53:50.739+0300: 1145.950: [GC (Allocation Failure) [PSYoungGen: 260187K->5440K(265216K)] 334972K->80248K(811520K), 0.0013225 secs] [Times: user=0.00 sys=0.00, real=0.00 secs] 
2024-10-04T21:53:50.739+0300: 1145.952: Total time for which application threads were stopped: 0.0016500 seconds, Stopping threads took: 0.0001498 seconds
2024-10-04T21:53:51.112+0300: 1146.318: Application time: 0.3668148 seconds
2024-10-04T21:53:51.112+0300: 1146.319: [GC (Allocation Failure) [PSYoungGen: 264690K->5440K(265728K)] 339499K->80256K(812032K), 0.0012327 secs] [Times: user=0.00 sys=0.00, real=0.00 secs] 
2024-10-04T21:53:51.112+0300: 1146.320: Total time for which application threads were stopped: 0.0015375 seconds, Stopping threads took: 0.0001825 seconds
2024-10-04T21:53:51.489+0300: 1146.692: Application time: 0.3714804 seconds
2024-10-04T21:53:51.489+0300: 1146.692: [GC (Allocation Failure) [PSYoungGen: 263769K->4432K(265728K)] 338586K->79264K(812032K), 0.0010922 secs] [Times: user=0.00 sys=0.00, real=0.00 secs] 
2024-10-04T21:53:51.489+0300: 1146.693: Total time for which application threads were stopped: 0.0014031 seconds, Stopping threads took: 0.0001819 seconds
2024-10-04T21:53:51.850+0300: 1147.057: Application time: 0.3642417 seconds
2024-10-04T21:53:51.850+0300: 1147.057: [GC (Allocation Failure) [PSYoungGen: 262308K->4448K(266240K)] 337141K->79288K(812544K), 0.0011413 secs] [Times: user=0.00 sys=0.00, real=0.00 secs] 
2024-10-04T21:53:51.850+0300: 1147.059: Total time for which application threads were stopped: 0.0014213 seconds, Stopping threads took: 0.0001513 seconds
2024-10-04T21:53:52.227+0300: 1147.433: Application time: 0.3739184 seconds
2024-10-04T21:53:52.227+0300: 1147.433: [GC (Allocation Failure) [PSYoungGen: 263520K->4384K(265728K)] 338360K->79264K(812032K), 0.0011662 secs] [Times: user=0.00 sys=0.00, real=0.00 secs] 
2024-10-04T21:53:52.227+0300: 1147.434: Total time for which application threads were stopped: 0.0014907 seconds, Stopping threads took: 0.0001274 seconds
2024-10-04T21:53:52.588+0300: 1147.796: Application time: 0.3617077 seconds
2024-10-04T21:53:52.588+0300: 1147.796: [GC (Allocation Failure) [PSYoungGen: 263152K->5408K(266240K)] 338033K->80320K(812544K), 0.0013620 secs] [Times: user=0.00 sys=0.00, real=0.00 secs] 
2024-10-04T21:53:52.588+0300: 1147.797: Total time for which application threads were stopped: 0.0016995 seconds, Stopping threads took: 0.0001906 seconds
2024-10-04T21:53:52.964+0300: 1148.168: Application time: 0.3701052 seconds
2024-10-04T21:53:52.964+0300: 1148.168: [GC (Allocation Failure) [PSYoungGen: 264992K->4464K(266240K)] 339904K->79384K(812544K), 0.0010093 secs] [Times: user=0.00 sys=0.00, real=0.00 secs] 
2024-10-04T21:53:52.964+0300: 1148.169: Total time for which application threads were stopped: 0.0013041 seconds, Stopping threads took: 0.0001726 seconds
2024-10-04T21:53:53.344+0300: 1148.545: Application time: 0.3761798 seconds
2024-10-04T21:53:53.344+0300: 1148.545: [GC (Allocation Failure) [PSYoungGen: 264048K->3408K(266240K)] 338968K->78376K(812544K), 0.0009327 secs] [Times: user=0.00 sys=0.00, real=0.00 secs] 
2024-10-04T21:53:53.344+0300: 1148.546: Total time for which application threads were stopped: 0.0012102 seconds, Stopping threads took: 0.0001381 seconds
2024-10-04T21:53:53.701+0300: 1148.911: Application time: 0.3644609 seconds
2024-10-04T21:53:53.701+0300: 1148.911: [GC (Allocation Failure) [PSYoungGen: 262568K->4448K(266240K)] 337537K->79424K(812544K), 0.0010800 secs] [Times: user=0.00 sys=0.00, real=0.00 secs] 
2024-10-04T21:53:53.701+0300: 1148.912: Total time for which application threads were stopped: 0.0014120 seconds, Stopping threads took: 0.0001947 seconds
2024-10-04T21:53:54.063+0300: 1149.279: Application time: 0.3665737 seconds
2024-10-04T21:53:54.063+0300: 1149.279: [GC (Allocation Failure) [PSYoungGen: 263237K->5440K(266240K)] 338214K->80432K(812544K), 0.0013870 secs] [Times: user=0.02 sys=0.00, real=0.02 secs] 
2024-10-04T21:53:54.079+0300: 1149.280: Total time for which application threads were stopped: 0.0017245 seconds, Stopping threads took: 0.0001978 seconds
2024-10-04T21:53:54.447+0300: 1149.651: Application time: 0.3701850 seconds
2024-10-04T21:53:54.447+0300: 1149.651: [GC (Allocation Failure) [PSYoungGen: 264438K->5456K(266240K)] 339431K->80456K(812544K), 0.0013000 secs] [Times: user=0.00 sys=0.00, real=0.00 secs] 
2024-10-04T21:53:54.447+0300: 1149.652: Total time for which application threads were stopped: 0.0016471 seconds, Stopping threads took: 0.0002054 seconds
2024-10-04T21:53:54.817+0300: 1150.024: Application time: 0.3720813 seconds
2024-10-04T21:53:54.817+0300: 1150.025: [GC (Allocation Failure) [PSYoungGen: 264382K->3408K(266240K)] 339383K->78416K(812544K), 0.0009682 secs] [Times: user=0.00 sys=0.00, real=0.00 secs] 
2024-10-04T21:53:54.817+0300: 1150.026: Total time for which application threads were stopped: 0.0012417 seconds, Stopping threads took: 0.0001457 seconds
2024-10-04T21:53:55.178+0300: 1150.392: Application time: 0.3668472 seconds
2024-10-04T21:53:55.178+0300: 1150.393: [GC (Allocation Failure) [PSYoungGen: 262038K->4368K(266240K)] 337047K->79444K(812544K), 0.0011793 secs] [Times: user=0.00 sys=0.00, real=0.00 secs] 
2024-10-04T21:53:55.178+0300: 1150.394: Total time for which application threads were stopped: 0.0015285 seconds, Stopping threads took: 0.0001700 seconds
2024-10-04T21:53:55.555+0300: 1150.761: Application time: 0.3667555 seconds
2024-10-04T21:53:55.555+0300: 1150.761: [GC (Allocation Failure) [PSYoungGen: 263488K->4336K(266240K)] 338565K->79500K(812544K), 0.0010928 secs] [Times: user=0.00 sys=0.00, real=0.00 secs] 
2024-10-04T21:53:55.555+0300: 1150.762: Total time for which application threads were stopped: 0.0013832 seconds, Stopping threads took: 0.0001439 seconds
2024-10-04T21:53:55.915+0300: 1151.127: Application time: 0.3645098 seconds
2024-10-04T21:53:55.915+0300: 1151.127: [GC (Allocation Failure) [PSYoungGen: 263129K->4448K(266240K)] 338293K->79620K(812544K), 0.0010677 secs] [Times: user=0.00 sys=0.00, real=0.00 secs] 
2024-10-04T21:53:55.915+0300: 1151.128: Total time for which application threads were stopped: 0.0013814 seconds, Stopping threads took: 0.0001844 seconds
2024-10-04T21:53:56.292+0300: 1151.502: Application time: 0.3743352 seconds
2024-10-04T21:53:56.292+0300: 1151.503: [GC (Allocation Failure) [PSYoungGen: 264032K->4448K(266752K)] 339204K->79628K(813056K), 0.0010794 secs] [Times: user=0.00 sys=0.00, real=0.00 secs] 
2024-10-04T21:53:56.292+0300: 1151.504: Total time for which application threads were stopped: 0.0013299 seconds, Stopping threads took: 0.0001367 seconds
2024-10-04T21:53:56.669+0300: 1151.870: Application time: 0.3665410 seconds
2024-10-04T21:53:56.669+0300: 1151.870: [GC (Allocation Failure) [PSYoungGen: 265056K->4448K(266752K)] 340236K->79636K(813056K), 0.0011791 secs] [Times: user=0.00 sys=0.00, real=0.00 secs] 
2024-10-04T21:53:56.669+0300: 1151.872: Total time for which application threads were stopped: 0.0015063 seconds, Stopping threads took: 0.0001550 seconds
2024-10-04T21:53:57.052+0300: 1152.256: Application time: 0.3844430 seconds
2024-10-04T21:53:57.052+0300: 1152.256: [GC (Allocation Failure) [PSYoungGen: 265056K->3424K(266752K)] 340244K->78620K(813056K), 0.0010002 secs] [Times: user=0.00 sys=0.00, real=0.00 secs] 
2024-10-04T21:53:57.052+0300: 1152.257: Total time for which application threads were stopped: 0.0012794 seconds, Stopping threads took: 0.0001318 seconds
2024-10-04T21:53:57.421+0300: 1152.631: Application time: 0.3736643 seconds
2024-10-04T21:53:57.421+0300: 1152.631: [GC (Allocation Failure) [PSYoungGen: 264032K->4448K(266752K)] 339228K->79652K(813056K), 0.0012052 secs] [Times: user=0.00 sys=0.00, real=0.00 secs] 
2024-10-04T21:53:57.421+0300: 1152.633: Total time for which application threads were stopped: 0.0015633 seconds, Stopping threads took: 0.0002092 seconds
2024-10-04T21:53:57.798+0300: 1153.009: Application time: 0.3763330 seconds
2024-10-04T21:53:57.798+0300: 1153.009: [GC (Allocation Failure) [PSYoungGen: 264557K->5440K(266752K)] 339762K->80660K(813056K), 0.0013190 secs] [Times: user=0.00 sys=0.00, real=0.00 secs] 
2024-10-04T21:53:57.798+0300: 1153.011: Total time for which application threads were stopped: 0.0016420 seconds, Stopping threads took: 0.0001677 seconds
2024-10-04T21:53:58.190+0300: 1153.395: Application time: 0.3842859 seconds
2024-10-04T21:53:58.190+0300: 1153.395: [GC (Allocation Failure) [PSYoungGen: 266048K->2352K(263168K)] 341268K->77588K(809472K), 0.0015565 secs] [Times: user=0.00 sys=0.00, real=0.00 secs] 
2024-10-04T21:53:58.190+0300: 1153.397: Total time for which application threads were stopped: 0.0020144 seconds, Stopping threads took: 0.0003077 seconds
2024-10-04T21:53:58.555+0300: 1153.766: Application time: 0.3685948 seconds
2024-10-04T21:53:58.555+0300: 1153.766: [GC (Allocation Failure) [PSYoungGen: 262460K->5456K(266240K)] 337697K->80708K(812544K), 0.0013480 secs] [Times: user=0.06 sys=0.00, real=0.00 secs] 
2024-10-04T21:53:58.555+0300: 1153.767: Total time for which application threads were stopped: 0.0016677 seconds, Stopping threads took: 0.0001653 seconds
2024-10-04T21:53:58.927+0300: 1154.136: Application time: 0.3688974 seconds
2024-10-04T21:53:58.927+0300: 1154.136: [GC (Allocation Failure) [PSYoungGen: 264404K->5440K(266240K)] 339657K->80732K(812544K), 0.0012721 secs] [Times: user=0.00 sys=0.00, real=0.00 secs] 
2024-10-04T21:53:58.927+0300: 1154.138: Total time for which application threads were stopped: 0.0015574 seconds, Stopping threads took: 0.0001530 seconds
2024-10-04T21:53:59.304+0300: 1154.509: Application time: 0.3716591 seconds
2024-10-04T21:53:59.304+0300: 1154.510: [GC (Allocation Failure) [PSYoungGen: 264101K->4320K(266240K)] 339394K->79644K(812544K), 0.0011976 secs] [Times: user=0.00 sys=0.00, real=0.00 secs] 
2024-10-04T21:53:59.304+0300: 1154.511: Total time for which application threads were stopped: 0.0015163 seconds, Stopping threads took: 0.0001650 seconds
2024-10-04T21:53:59.665+0300: 1154.878: Application time: 0.3669590 seconds
2024-10-04T21:53:59.665+0300: 1154.878: [GC (Allocation Failure) [PSYoungGen: 263274K->4464K(266240K)] 338599K->79796K(812544K), 0.0012440 secs] [Times: user=0.00 sys=0.00, real=0.00 secs] 
2024-10-04T21:53:59.665+0300: 1154.880: Total time for which application threads were stopped: 0.0017121 seconds, Stopping threads took: 0.0002705 seconds
2024-10-04T21:54:00.042+0300: 1155.249: Application time: 0.3697853 seconds
2024-10-04T21:54:00.042+0300: 1155.250: [GC (Allocation Failure) [PSYoungGen: 263382K->5440K(266240K)] 338714K->80788K(812544K), 0.0013649 secs] [Times: user=0.00 sys=0.00, real=0.00 secs] 
2024-10-04T21:54:00.042+0300: 1155.251: Total time for which application threads were stopped: 0.0019077 seconds, Stopping threads took: 0.0003713 seconds
2024-10-04T21:54:00.434+0300: 1155.636: Application time: 0.3845889 seconds
2024-10-04T21:54:00.434+0300: 1155.636: [GC (Allocation Failure) [PSYoungGen: 264384K->5408K(266240K)] 339733K->80796K(812544K), 0.0011830 secs] [Times: user=0.00 sys=0.00, real=0.00 secs] 
2024-10-04T21:54:00.434+0300: 1155.637: Total time for which application threads were stopped: 0.0014763 seconds, Stopping threads took: 0.0001532 seconds
2024-10-04T21:54:00.795+0300: 1156.006: Application time: 0.3690469 seconds
2024-10-04T21:54:00.795+0300: 1156.007: [GC (Allocation Failure) [PSYoungGen: 264294K->5440K(266240K)] 339683K->80836K(812544K), 0.0012151 secs] [Times: user=0.00 sys=0.00, real=0.00 secs] 
2024-10-04T21:54:00.795+0300: 1156.008: Total time for which application threads were stopped: 0.0015139 seconds, Stopping threads took: 0.0001406 seconds
2024-10-04T21:54:01.172+0300: 1156.384: Application time: 0.3757505 seconds
2024-10-04T21:54:01.172+0300: 1156.384: [GC (Allocation Failure) [PSYoungGen: 264534K->5424K(265216K)] 339931K->80829K(811520K), 0.0013469 secs] [Times: user=0.00 sys=0.00, real=0.00 secs] 
2024-10-04T21:54:01.172+0300: 1156.385: Total time for which application threads were stopped: 0.0017133 seconds, Stopping threads took: 0.0002037 seconds
2024-10-04T21:54:01.548+0300: 1156.755: Application time: 0.3699040 seconds
2024-10-04T21:54:01.548+0300: 1156.755: [GC (Allocation Failure) [PSYoungGen: 265008K->4448K(266240K)] 340413K->79860K(812544K), 0.0011256 secs] [Times: user=0.00 sys=0.00, real=0.00 secs] 
2024-10-04T21:54:01.548+0300: 1156.757: Total time for which application threads were stopped: 0.0013922 seconds, Stopping threads took: 0.0001057 seconds
2024-10-04T21:54:01.909+0300: 1157.122: Application time: 0.3652446 seconds
2024-10-04T21:54:01.909+0300: 1157.122: [GC (Allocation Failure) [PSYoungGen: 262541K->5408K(265728K)] 337953K->80868K(812032K), 0.0012964 secs] [Times: user=0.00 sys=0.00, real=0.00 secs] 
2024-10-04T21:54:01.909+0300: 1157.124: Total time for which application threads were stopped: 0.0016367 seconds, Stopping threads took: 0.0001664 seconds
2024-10-04T21:54:02.302+0300: 1157.506: Application time: 0.3820002 seconds
2024-10-04T21:54:02.302+0300: 1157.506: [GC (Allocation Failure) [PSYoungGen: 264480K->3424K(265216K)] 339940K->78892K(811520K), 0.0009611 secs] [Times: user=0.00 sys=0.00, real=0.00 secs] 
2024-10-04T21:54:02.302+0300: 1157.507: Total time for which application threads were stopped: 0.0012296 seconds, Stopping threads took: 0.0001256 seconds
2024-10-04T21:54:02.663+0300: 1157.871: Application time: 0.3645921 seconds
2024-10-04T21:54:02.663+0300: 1157.872: [GC (Allocation Failure) [PSYoungGen: 261278K->5408K(265728K)] 336746K->80949K(812032K), 0.0012013 secs] [Times: user=0.00 sys=0.00, real=0.00 secs] 
2024-10-04T21:54:02.663+0300: 1157.873: Total time for which application threads were stopped: 0.0015818 seconds, Stopping threads took: 0.0002069 seconds
2024-10-04T21:54:03.040+0300: 1158.242: Application time: 0.3691797 seconds
2024-10-04T21:54:03.040+0300: 1158.242: [GC (Allocation Failure) [PSYoungGen: 263244K->4416K(266240K)] 338785K->79965K(812544K), 0.0012175 secs] [Times: user=0.00 sys=0.00, real=0.00 secs] 
2024-10-04T21:54:03.040+0300: 1158.244: Total time for which application threads were stopped: 0.0015138 seconds, Stopping threads took: 0.0001574 seconds
2024-10-04T21:54:03.401+0300: 1158.616: Application time: 0.3720353 seconds
2024-10-04T21:54:03.401+0300: 1158.616: [GC (Allocation Failure) [PSYoungGen: 263213K->5392K(265728K)] 338762K->80965K(812032K), 0.0013595 secs] [Times: user=0.00 sys=0.00, real=0.02 secs] 
2024-10-04T21:54:03.417+0300: 1158.617: Total time for which application threads were stopped: 0.0016608 seconds, Stopping threads took: 0.0001435 seconds
2024-10-04T21:54:03.778+0300: 1158.983: Application time: 0.3651686 seconds
2024-10-04T21:54:03.778+0300: 1158.983: [GC (Allocation Failure) [PSYoungGen: 264443K->4448K(266240K)] 340016K->80029K(812544K), 0.0010567 secs] [Times: user=0.00 sys=0.00, real=0.00 secs] 
2024-10-04T21:54:03.778+0300: 1158.984: Total time for which application threads were stopped: 0.0013295 seconds, Stopping threads took: 0.0001376 seconds
2024-10-04T21:54:04.138+0300: 1159.351: Application time: 0.3674992 seconds
2024-10-04T21:54:04.138+0300: 1159.352: [GC (Allocation Failure) [PSYoungGen: 263004K->5392K(265728K)] 338585K->80989K(812032K), 0.0016158 secs] [Times: user=0.00 sys=0.00, real=0.00 secs] 
2024-10-04T21:54:04.138+0300: 1159.353: Total time for which application threads were stopped: 0.0019441 seconds, Stopping threads took: 0.0001428 seconds
2024-10-04T21:54:04.515+0300: 1159.724: Application time: 0.3705646 seconds
2024-10-04T21:54:04.515+0300: 1159.724: [GC (Allocation Failure) [PSYoungGen: 264453K->5424K(266240K)] 340050K->81029K(812544K), 0.0014911 secs] [Times: user=0.00 sys=0.00, real=0.00 secs] 
2024-10-04T21:54:04.515+0300: 1159.726: Total time for which application threads were stopped: 0.0017923 seconds, Stopping threads took: 0.0001406 seconds
2024-10-04T21:54:04.891+0300: 1160.092: Application time: 0.3665635 seconds
2024-10-04T21:54:04.891+0300: 1160.092: [GC (Allocation Failure) [PSYoungGen: 264138K->3424K(263168K)] 339743K->79037K(809472K), 0.0008666 secs] [Times: user=0.00 sys=0.00, real=0.00 secs] 
2024-10-04T21:54:04.891+0300: 1160.093: Total time for which application threads were stopped: 0.0011171 seconds, Stopping threads took: 0.0001326 seconds
2024-10-04T21:54:05.252+0300: 1160.465: Application time: 0.3717839 seconds
2024-10-04T21:54:05.252+0300: 1160.465: [GC (Allocation Failure) [PSYoungGen: 262230K->4416K(266240K)] 337843K->80069K(812544K), 0.0012709 secs] [Times: user=0.00 sys=0.00, real=0.00 secs] 
2024-10-04T21:54:05.252+0300: 1160.467: Total time for which application threads were stopped: 0.0016746 seconds, Stopping threads took: 0.0002061 seconds
2024-10-04T21:54:05.629+0300: 1160.834: Application time: 0.3674831 seconds
2024-10-04T21:54:05.629+0300: 1160.835: [GC (Allocation Failure) [PSYoungGen: 263488K->4480K(265728K)] 339141K->80141K(812032K), 0.0011081 secs] [Times: user=0.00 sys=0.00, real=0.00 secs] 
2024-10-04T21:54:05.629+0300: 1160.836: Total time for which application threads were stopped: 0.0013970 seconds, Stopping threads took: 0.0001647 seconds
2024-10-04T21:54:05.989+0300: 1161.201: Application time: 0.3652920 seconds
2024-10-04T21:54:05.989+0300: 1161.201: [GC (Allocation Failure) [PSYoungGen: 263380K->4416K(266240K)] 339041K->80109K(812544K), 0.0009739 secs] [Times: user=0.00 sys=0.00, real=0.00 secs] 
2024-10-04T21:54:05.989+0300: 1161.202: Total time for which application threads were stopped: 0.0012149 seconds, Stopping threads took: 0.0001295 seconds
2024-10-04T21:54:06.371+0300: 1161.572: Application time: 0.3702975 seconds
2024-10-04T21:54:06.371+0300: 1161.573: [GC (Allocation Failure) [PSYoungGen: 263154K->4448K(266240K)] 338847K->80181K(812544K), 0.0010523 secs] [Times: user=0.00 sys=0.00, real=0.00 secs] 
2024-10-04T21:54:06.371+0300: 1161.574: Total time for which application threads were stopped: 0.0013771 seconds, Stopping threads took: 0.0002115 seconds
2024-10-04T21:54:06.726+0300: 1161.938: Application time: 0.3645195 seconds
2024-10-04T21:54:06.726+0300: 1161.939: [GC (Allocation Failure) [PSYoungGen: 263352K->5472K(266240K)] 339085K->81213K(812544K), 0.0013195 secs] [Times: user=0.00 sys=0.00, real=0.00 secs] 
2024-10-04T21:54:06.726+0300: 1161.940: Total time for which application threads were stopped: 0.0016593 seconds, Stopping threads took: 0.0001667 seconds
2024-10-04T21:54:07.104+0300: 1162.308: Application time: 0.3680067 seconds
2024-10-04T21:54:07.104+0300: 1162.308: [GC (Allocation Failure) [PSYoungGen: 264277K->3392K(266240K)] 340018K->79149K(812544K), 0.0009381 secs] [Times: user=0.00 sys=0.00, real=0.00 secs] 
2024-10-04T21:54:07.104+0300: 1162.309: Total time for which application threads were stopped: 0.0011632 seconds, Stopping threads took: 0.0001099 seconds
2024-10-04T21:54:07.480+0300: 1162.681: Application time: 0.3716449 seconds
2024-10-04T21:54:07.480+0300: 1162.681: [GC (Allocation Failure) [PSYoungGen: 262195K->3392K(266240K)] 337952K->79189K(812544K), 0.0009021 secs] [Times: user=0.00 sys=0.00, real=0.00 secs] 
2024-10-04T21:54:07.480+0300: 1162.682: Total time for which application threads were stopped: 0.0012470 seconds, Stopping threads took: 0.0002260 seconds
2024-10-04T21:54:07.841+0300: 1163.050: Application time: 0.3681954 seconds
2024-10-04T21:54:07.841+0300: 1163.051: [GC (Allocation Failure) [PSYoungGen: 262559K->2400K(266240K)] 338356K->78213K(812544K), 0.0009027 secs] [Times: user=0.00 sys=0.00, real=0.00 secs] 
2024-10-04T21:54:07.841+0300: 1163.052: Total time for which application threads were stopped: 0.0012019 seconds, Stopping threads took: 0.0001717 seconds
2024-10-04T21:54:08.218+0300: 1163.425: Application time: 0.3737208 seconds
2024-10-04T21:54:08.218+0300: 1163.425: [GC (Allocation Failure) [PSYoungGen: 261984K->4480K(266240K)] 337797K->80301K(812544K), 0.0011150 secs] [Times: user=0.00 sys=0.00, real=0.00 secs] 
2024-10-04T21:54:08.218+0300: 1163.427: Total time for which application threads were stopped: 0.0014049 seconds, Stopping threads took: 0.0001238 seconds
2024-10-04T21:54:08.579+0300: 1163.792: Application time: 0.3657168 seconds
2024-10-04T21:54:08.579+0300: 1163.793: [GC (Allocation Failure) [PSYoungGen: 263655K->4448K(266240K)] 339476K->80285K(812544K), 0.0013185 secs] [Times: user=0.00 sys=0.00, real=0.00 secs] 
2024-10-04T21:54:08.579+0300: 1163.794: Total time for which application threads were stopped: 0.0017048 seconds, Stopping threads took: 0.0002300 seconds
2024-10-04T21:54:08.956+0300: 1164.160: Application time: 0.3655089 seconds
2024-10-04T21:54:08.956+0300: 1164.160: [GC (Allocation Failure) [PSYoungGen: 263408K->4384K(266752K)] 339245K->80297K(813056K), 0.0010507 secs] [Times: user=0.00 sys=0.00, real=0.00 secs] 
2024-10-04T21:54:08.956+0300: 1164.161: Total time for which application threads were stopped: 0.0013358 seconds, Stopping threads took: 0.0001531 seconds
2024-10-04T21:54:09.332+0300: 1164.535: Application time: 0.3742958 seconds
2024-10-04T21:54:09.332+0300: 1164.535: [GC (Allocation Failure) [PSYoungGen: 264480K->5440K(266240K)] 340393K->81369K(812544K), 0.0011160 secs] [Times: user=0.00 sys=0.00, real=0.00 secs] 
2024-10-04T21:54:09.332+0300: 1164.537: Total time for which application threads were stopped: 0.0013925 seconds, Stopping threads took: 0.0001546 seconds
2024-10-04T21:54:09.693+0300: 1164.903: Application time: 0.3658749 seconds
2024-10-04T21:54:09.693+0300: 1164.903: [GC (Allocation Failure) [PSYoungGen: 265185K->5456K(266240K)] 341114K->81401K(812544K), 0.0013341 secs] [Times: user=0.00 sys=0.00, real=0.00 secs] 
2024-10-04T21:54:09.693+0300: 1164.904: Total time for which application threads were stopped: 0.0017240 seconds, Stopping threads took: 0.0002359 seconds
2024-10-04T21:54:10.070+0300: 1165.274: Application time: 0.3697720 seconds
2024-10-04T21:54:10.070+0300: 1165.274: [GC (Allocation Failure) [PSYoungGen: 264575K->3408K(266240K)] 340520K->79361K(812544K), 0.0009412 secs] [Times: user=0.00 sys=0.00, real=0.00 secs] 
2024-10-04T21:54:10.070+0300: 1165.275: Total time for which application threads were stopped: 0.0012311 seconds, Stopping threads took: 0.0001439 seconds
2024-10-04T21:54:10.431+0300: 1165.645: Application time: 0.3692950 seconds
2024-10-04T21:54:10.431+0300: 1165.645: [GC (Allocation Failure) [PSYoungGen: 262174K->5440K(265216K)] 338127K->81409K(811520K), 0.0012529 secs] [Times: user=0.00 sys=0.00, real=0.00 secs] 
2024-10-04T21:54:10.431+0300: 1165.646: Total time for which application threads were stopped: 0.0015753 seconds, Stopping threads took: 0.0001913 seconds
2024-10-04T21:54:10.808+0300: 1166.011: Application time: 0.3653728 seconds
2024-10-04T21:54:10.808+0300: 1166.012: [GC (Allocation Failure) [PSYoungGen: 263273K->4352K(265728K)] 339242K->80329K(812032K), 0.0011546 secs] [Times: user=0.00 sys=0.00, real=0.00 secs] 
2024-10-04T21:54:10.808+0300: 1166.013: Total time for which application threads were stopped: 0.0014201 seconds, Stopping threads took: 0.0001232 seconds
2024-10-04T21:54:11.181+0300: 1166.382: Application time: 0.3689044 seconds
2024-10-04T21:54:11.181+0300: 1166.382: [GC (Allocation Failure) [PSYoungGen: 262154K->4448K(266240K)] 338131K->80433K(812544K), 0.0011479 secs] [Times: user=0.00 sys=0.00, real=0.00 secs] 
2024-10-04T21:54:11.181+0300: 1166.383: Total time for which application threads were stopped: 0.0015497 seconds, Stopping threads took: 0.0002052 seconds
2024-10-04T21:54:11.545+0300: 1166.750: Application time: 0.3661321 seconds
2024-10-04T21:54:11.545+0300: 1166.750: [GC (Allocation Failure) [PSYoungGen: 263011K->4448K(266240K)] 338996K->80441K(812544K), 0.0011854 secs] [Times: user=0.00 sys=0.00, real=0.00 secs] 
2024-10-04T21:54:11.545+0300: 1166.751: Total time for which application threads were stopped: 0.0014962 seconds, Stopping threads took: 0.0001675 seconds
2024-10-04T21:54:11.906+0300: 1167.114: Application time: 0.3630321 seconds
2024-10-04T21:54:11.906+0300: 1167.114: [GC (Allocation Failure) [PSYoungGen: 263604K->5360K(265728K)] 339597K->81425K(812032K), 0.0013643 secs] [Times: user=0.00 sys=0.00, real=0.00 secs] 
2024-10-04T21:54:11.906+0300: 1167.116: Total time for which application threads were stopped: 0.0017097 seconds, Stopping threads took: 0.0001707 seconds
2024-10-04T21:54:12.283+0300: 1167.494: Application time: 0.3778857 seconds
2024-10-04T21:54:12.283+0300: 1167.494: [GC (Allocation Failure) [PSYoungGen: 264944K->3424K(266240K)] 341009K->79529K(812544K), 0.0010000 secs] [Times: user=0.00 sys=0.00, real=0.00 secs] 
2024-10-04T21:54:12.283+0300: 1167.495: Total time for which application threads were stopped: 0.0013085 seconds, Stopping threads took: 0.0001826 seconds
2024-10-04T21:54:12.644+0300: 1167.859: Application time: 0.3636552 seconds
2024-10-04T21:54:12.644+0300: 1167.859: [GC (Allocation Failure) [PSYoungGen: 262261K->4448K(266752K)] 338367K->80561K(813056K), 0.0011451 secs] [Times: user=0.00 sys=0.00, real=0.00 secs] 
2024-10-04T21:54:12.644+0300: 1167.860: Total time for which application threads were stopped: 0.0014737 seconds, Stopping threads took: 0.0001673 seconds
2024-10-04T21:54:13.021+0300: 1168.227: Application time: 0.3670432 seconds
2024-10-04T21:54:13.021+0300: 1168.227: [GC (Allocation Failure) [PSYoungGen: 263626K->5456K(266240K)] 339739K->81585K(812544K), 0.0012975 secs] [Times: user=0.00 sys=0.00, real=0.00 secs] 
2024-10-04T21:54:13.021+0300: 1168.229: Total time for which application threads were stopped: 0.0015817 seconds, Stopping threads took: 0.0001370 seconds
2024-10-04T21:54:13.397+0300: 1168.604: Application time: 0.3750827 seconds
2024-10-04T21:54:13.397+0300: 1168.604: [GC (Allocation Failure) [PSYoungGen: 265123K->4448K(266240K)] 341252K->80585K(812544K), 0.0011537 secs] [Times: user=0.00 sys=0.00, real=0.00 secs] 
2024-10-04T21:54:13.397+0300: 1168.605: Total time for which application threads were stopped: 0.0014975 seconds, Stopping threads took: 0.0001925 seconds
2024-10-04T21:54:13.758+0300: 1168.969: Application time: 0.3632831 seconds
2024-10-04T21:54:13.758+0300: 1168.969: [GC (Allocation Failure) [PSYoungGen: 263626K->5440K(266240K)] 339764K->81617K(812544K), 0.0013355 secs] [Times: user=0.00 sys=0.00, real=0.00 secs] 
2024-10-04T21:54:13.758+0300: 1168.970: Total time for which application threads were stopped: 0.0016612 seconds, Stopping threads took: 0.0001952 seconds
2024-10-04T21:54:14.135+0300: 1169.335: Application time: 0.3650912 seconds
2024-10-04T21:54:14.135+0300: 1169.336: [GC (Allocation Failure) [PSYoungGen: 264053K->5440K(266240K)] 340230K->81625K(812544K), 0.0014064 secs] [Times: user=0.00 sys=0.00, real=0.00 secs] 
2024-10-04T21:54:14.135+0300: 1169.337: Total time for which application threads were stopped: 0.0018258 seconds, Stopping threads took: 0.0002535 seconds
2024-10-04T21:54:14.511+0300: 1169.713: Application time: 0.3754992 seconds
2024-10-04T21:54:14.511+0300: 1169.713: [GC (Allocation Failure) [PSYoungGen: 264598K->4464K(266240K)] 340784K->80657K(812544K), 0.0011539 secs] [Times: user=0.00 sys=0.00, real=0.00 secs] 
2024-10-04T21:54:14.511+0300: 1169.714: Total time for which application threads were stopped: 0.0015118 seconds, Stopping threads took: 0.0002090 seconds
2024-10-04T21:54:14.872+0300: 1170.082: Application time: 0.3677612 seconds
2024-10-04T21:54:14.872+0300: 1170.082: [GC (Allocation Failure) [PSYoungGen: 263204K->3392K(266240K)] 339397K->79593K(812544K), 0.0009564 secs] [Times: user=0.00 sys=0.00, real=0.00 secs] 
2024-10-04T21:54:14.872+0300: 1170.083: Total time for which application threads were stopped: 0.0012162 seconds, Stopping threads took: 0.0001454 seconds
2024-10-04T21:54:15.249+0300: 1170.453: Application time: 0.3698485 seconds
2024-10-04T21:54:15.249+0300: 1170.453: [GC (Allocation Failure) [PSYoungGen: 262316K->5360K(266240K)] 338517K->81633K(812544K), 0.0012766 secs] [Times: user=0.00 sys=0.00, real=0.00 secs] 
2024-10-04T21:54:15.249+0300: 1170.455: Total time for which application threads were stopped: 0.0016252 seconds, Stopping threads took: 0.0001782 seconds
2024-10-04T21:54:15.625+0300: 1170.827: Application time: 0.3723819 seconds
2024-10-04T21:54:15.625+0300: 1170.827: [GC (Allocation Failure) [PSYoungGen: 264944K->3440K(266240K)] 341217K->79721K(812544K), 0.0009660 secs] [Times: user=0.00 sys=0.00, real=0.00 secs] 
2024-10-04T21:54:15.625+0300: 1170.828: Total time for which application threads were stopped: 0.0012532 seconds, Stopping threads took: 0.0001355 seconds
2024-10-04T21:54:15.986+0300: 1171.190: Application time: 0.3617375 seconds
2024-10-04T21:54:15.986+0300: 1171.190: [GC (Allocation Failure) [PSYoungGen: 262592K->5472K(265216K)] 338873K->81769K(811520K), 0.0011702 secs] [Times: user=0.00 sys=0.00, real=0.00 secs] 
2024-10-04T21:54:15.991+0300: 1171.191: Total time for which application threads were stopped: 0.0014457 seconds, Stopping threads took: 0.0001493 seconds
2024-10-04T21:54:16.363+0300: 1171.569: Application time: 0.3776246 seconds
2024-10-04T21:54:16.363+0300: 1171.569: [GC (Allocation Failure) [PSYoungGen: 264407K->2400K(265728K)] 340704K->78705K(812032K), 0.0008937 secs] [Times: user=0.00 sys=0.00, real=0.00 secs] 
2024-10-04T21:54:16.363+0300: 1171.570: Total time for which application threads were stopped: 0.0011754 seconds, Stopping threads took: 0.0001438 seconds
2024-10-04T21:54:16.723+0300: 1171.933: Application time: 0.3627069 seconds
2024-10-04T21:54:16.723+0300: 1171.933: [GC (Allocation Failure) [PSYoungGen: 260960K->3424K(265728K)] 337265K->79737K(812032K), 0.0009961 secs] [Times: user=0.00 sys=0.00, real=0.00 secs] 
2024-10-04T21:54:16.723+0300: 1171.934: Total time for which application threads were stopped: 0.0013312 seconds, Stopping threads took: 0.0001975 seconds
2024-10-04T21:54:17.093+0300: 1172.298: Application time: 0.3640283 seconds
2024-10-04T21:54:17.093+0300: 1172.299: [GC (Allocation Failure) [PSYoungGen: 261984K->4464K(266240K)] 338297K->80785K(812544K), 0.0010458 secs] [Times: user=0.00 sys=0.00, real=0.00 secs] 
2024-10-04T21:54:17.093+0300: 1172.300: Total time for which application threads were stopped: 0.0013395 seconds, Stopping threads took: 0.0001617 seconds
2024-10-04T21:54:17.461+0300: 1172.671: Application time: 0.3717005 seconds
2024-10-04T21:54:17.461+0300: 1172.672: [GC (Allocation Failure) [PSYoungGen: 263194K->4480K(265728K)] 339515K->80809K(812032K), 0.0011376 secs] [Times: user=0.00 sys=0.00, real=0.00 secs] 
2024-10-04T21:54:17.461+0300: 1172.673: Total time for which application threads were stopped: 0.0014666 seconds, Stopping threads took: 0.0001677 seconds
2024-10-04T21:54:17.836+0300: 1173.037: Application time: 0.3641586 seconds
2024-10-04T21:54:17.837+0300: 1173.037: [GC (Allocation Failure) [PSYoungGen: 263183K->5440K(266240K)] 339513K->81777K(812544K), 0.0012797 secs] [Times: user=0.00 sys=0.00, real=0.00 secs] 
2024-10-04T21:54:17.838+0300: 1173.039: Total time for which application threads were stopped: 0.0016175 seconds, Stopping threads took: 0.0001698 seconds
2024-10-04T21:54:18.214+0300: 1173.416: Application time: 0.3775356 seconds
2024-10-04T21:54:18.214+0300: 1173.416: [GC (Allocation Failure) [PSYoungGen: 265024K->4384K(266240K)] 341361K->80797K(812544K), 0.0010853 secs] [Times: user=0.02 sys=0.00, real=0.00 secs] 
2024-10-04T21:54:18.214+0300: 1173.418: Total time for which application threads were stopped: 0.0013506 seconds, Stopping threads took: 0.0001075 seconds
2024-10-04T21:54:18.575+0300: 1173.781: Application time: 0.3634740 seconds
2024-10-04T21:54:18.575+0300: 1173.781: [GC (Allocation Failure) [PSYoungGen: 263159K->4352K(266240K)] 339572K->80813K(812544K), 0.0011996 secs] [Times: user=0.00 sys=0.00, real=0.00 secs] 
2024-10-04T21:54:18.575+0300: 1173.783: Total time for which application threads were stopped: 0.0015569 seconds, Stopping threads took: 0.0002026 seconds
2024-10-04T21:54:18.937+0300: 1174.148: Application time: 0.3658531 seconds
2024-10-04T21:54:18.937+0300: 1174.149: [GC (Allocation Failure) [PSYoungGen: 263936K->4448K(266240K)] 340397K->80917K(812544K), 0.0010727 secs] [Times: user=0.00 sys=0.00, real=0.00 secs] 
2024-10-04T21:54:18.937+0300: 1174.150: Total time for which application threads were stopped: 0.0013569 seconds, Stopping threads took: 0.0001556 seconds
2024-10-04T21:54:19.313+0300: 1174.526: Application time: 0.3761657 seconds
2024-10-04T21:54:19.313+0300: 1174.526: [GC (Allocation Failure) [PSYoungGen: 264032K->3424K(266752K)] 340501K->79901K(813056K), 0.0010234 secs] [Times: user=0.00 sys=0.00, real=0.00 secs] 
2024-10-04T21:54:19.313+0300: 1174.527: Total time for which application threads were stopped: 0.0013247 seconds, Stopping threads took: 0.0001770 seconds
2024-10-04T21:54:19.690+0300: 1174.891: Application time: 0.3641965 seconds
2024-10-04T21:54:19.690+0300: 1174.892: [GC (Allocation Failure) [PSYoungGen: 263516K->4480K(266752K)] 339994K->80965K(813056K), 0.0011211 secs] [Times: user=0.00 sys=0.00, real=0.00 secs] 
2024-10-04T21:54:19.690+0300: 1174.893: Total time for which application threads were stopped: 0.0015425 seconds, Stopping threads took: 0.0002860 seconds
2024-10-04T21:54:20.051+0300: 1175.263: Application time: 0.3700204 seconds
2024-10-04T21:54:20.051+0300: 1175.263: [GC (Allocation Failure) [PSYoungGen: 265088K->4416K(266752K)] 341573K->80941K(813056K), 0.0011315 secs] [Times: user=0.00 sys=0.00, real=0.00 secs] 
2024-10-04T21:54:20.051+0300: 1175.264: Total time for which application threads were stopped: 0.0014364 seconds, Stopping threads took: 0.0001707 seconds
2024-10-04T21:54:20.428+0300: 1175.639: Application time: 0.3744095 seconds
2024-10-04T21:54:20.428+0300: 1175.639: [GC (Allocation Failure) [PSYoungGen: 264395K->4480K(266752K)] 340920K->81013K(813056K), 0.0010907 secs] [Times: user=0.00 sys=0.00, real=0.00 secs] 
2024-10-04T21:54:20.428+0300: 1175.640: Total time for which application threads were stopped: 0.0014017 seconds, Stopping threads took: 0.0001765 seconds
2024-10-04T21:54:20.801+0300: 1176.004: Application time: 0.3639701 seconds
2024-10-04T21:54:20.801+0300: 1176.005: [GC (Allocation Failure) [PSYoungGen: 264584K->5440K(266752K)] 341117K->81981K(813056K), 0.0013835 secs] [Times: user=0.00 sys=0.00, real=0.00 secs] 
2024-10-04T21:54:20.805+0300: 1176.006: Total time for which application threads were stopped: 0.0017531 seconds, Stopping threads took: 0.0002078 seconds
2024-10-04T21:54:21.166+0300: 1176.380: Application time: 0.3738655 seconds
2024-10-04T21:54:21.166+0300: 1176.380: [GC (Allocation Failure) [PSYoungGen: 265445K->5376K(266240K)] 341986K->81981K(812544K), 0.0012436 secs] [Times: user=0.00 sys=0.00, real=0.00 secs] 
2024-10-04T21:54:21.166+0300: 1176.381: Total time for which application threads were stopped: 0.0015384 seconds, Stopping threads took: 0.0000909 seconds
2024-10-04T21:54:21.542+0300: 1176.748: Application time: 0.3668466 seconds
2024-10-04T21:54:21.542+0300: 1176.749: [GC (Allocation Failure) [PSYoungGen: 265166K->4416K(266752K)] 341771K->81037K(813056K), 0.0011622 secs] [Times: user=0.00 sys=0.00, real=0.00 secs] 
2024-10-04T21:54:21.542+0300: 1176.750: Total time for which application threads were stopped: 0.0014885 seconds, Stopping threads took: 0.0001956 seconds
2024-10-04T21:54:21.920+0300: 1177.120: Application time: 0.3703921 seconds
2024-10-04T21:54:21.920+0300: 1177.120: [GC (Allocation Failure) [PSYoungGen: 264438K->4480K(266240K)] 341059K->81109K(812544K), 0.0010378 secs] [Times: user=0.00 sys=0.00, real=0.00 secs] 
2024-10-04T21:54:21.920+0300: 1177.122: Total time for which application threads were stopped: 0.0013943 seconds, Stopping threads took: 0.0002210 seconds
2024-10-04T21:54:22.280+0300: 1177.493: Application time: 0.3714182 seconds
2024-10-04T21:54:22.280+0300: 1177.493: [GC (Allocation Failure) [PSYoungGen: 264380K->5408K(266752K)] 341010K->82053K(813056K), 0.0014966 secs] [Times: user=0.00 sys=0.00, real=0.00 secs] 
2024-10-04T21:54:22.280+0300: 1177.495: Total time for which application threads were stopped: 0.0018356 seconds, Stopping threads took: 0.0001414 seconds
2024-10-04T21:54:22.657+0300: 1177.864: Application time: 0.3691596 seconds
2024-10-04T21:54:22.657+0300: 1177.864: [GC (Allocation Failure) [PSYoungGen: 265532K->4416K(266752K)] 342177K->81085K(813056K), 0.0012072 secs] [Times: user=0.00 sys=0.00, real=0.00 secs] 
2024-10-04T21:54:22.657+0300: 1177.865: Total time for which application threads were stopped: 0.0015068 seconds, Stopping threads took: 0.0001732 seconds
2024-10-04T21:54:23.018+0300: 1178.234: Application time: 0.3684316 seconds
2024-10-04T21:54:23.018+0300: 1178.234: [GC (Allocation Failure) [PSYoungGen: 265024K->4464K(266752K)] 341693K->81141K(813056K), 0.0011294 secs] [Times: user=0.02 sys=0.00, real=0.02 secs] 
2024-10-04T21:54:23.034+0300: 1178.235: Total time for which application threads were stopped: 0.0013916 seconds, Stopping threads took: 0.0001178 seconds
2024-10-04T21:54:23.406+0300: 1178.611: Application time: 0.3757428 seconds
2024-10-04T21:54:23.411+0300: 1178.611: [GC (Allocation Failure) [PSYoungGen: 265072K->4480K(266752K)] 341749K->81165K(813056K), 0.0011921 secs] [Times: user=0.00 sys=0.00, real=0.00 secs] 
2024-10-04T21:54:23.411+0300: 1178.613: Total time for which application threads were stopped: 0.0015211 seconds, Stopping threads took: 0.0001412 seconds
2024-10-04T21:54:23.772+0300: 1178.979: Application time: 0.3663474 seconds
2024-10-04T21:54:23.772+0300: 1178.979: [GC (Allocation Failure) [PSYoungGen: 265088K->4496K(266752K)] 341773K->81189K(813056K), 0.0010824 secs] [Times: user=0.00 sys=0.00, real=0.00 secs] 
2024-10-04T21:54:23.772+0300: 1178.980: Total time for which application threads were stopped: 0.0013764 seconds, Stopping threads took: 0.0001370 seconds
2024-10-04T21:54:24.148+0300: 1179.351: Application time: 0.3711766 seconds
2024-10-04T21:54:24.148+0300: 1179.352: [GC (Allocation Failure) [PSYoungGen: 265104K->4384K(266752K)] 341797K->81101K(813056K), 0.0013331 secs] [Times: user=0.00 sys=0.00, real=0.00 secs] 
2024-10-04T21:54:24.148+0300: 1179.353: Total time for which application threads were stopped: 0.0016622 seconds, Stopping threads took: 0.0001507 seconds
2024-10-04T21:54:24.509+0300: 1179.724: Application time: 0.3710108 seconds
2024-10-04T21:54:24.509+0300: 1179.724: [GC (Allocation Failure) [PSYoungGen: 264285K->5440K(266240K)] 341003K->82189K(812544K), 0.0014694 secs] [Times: user=0.00 sys=0.00, real=0.02 secs] 
2024-10-04T21:54:24.525+0300: 1179.726: Total time for which application threads were stopped: 0.0018067 seconds, Stopping threads took: 0.0001797 seconds
2024-10-04T21:54:24.886+0300: 1180.095: Application time: 0.3685733 seconds
2024-10-04T21:54:24.886+0300: 1180.095: [GC (Allocation Failure) [PSYoungGen: 266048K->3408K(266752K)] 342797K->80205K(813056K), 0.0009235 secs] [Times: user=0.00 sys=0.00, real=0.00 secs] 
2024-10-04T21:54:24.886+0300: 1180.096: Total time for which application threads were stopped: 0.0012063 seconds, Stopping threads took: 0.0001651 seconds
2024-10-04T21:54:25.262+0300: 1180.468: Application time: 0.3722237 seconds
2024-10-04T21:54:25.262+0300: 1180.468: [GC (Allocation Failure) [PSYoungGen: 263519K->5408K(266752K)] 340316K->82289K(813056K), 0.0013089 secs] [Times: user=0.00 sys=0.00, real=0.00 secs] 
2024-10-04T21:54:25.262+0300: 1180.470: Total time for which application threads were stopped: 0.0016068 seconds, Stopping threads took: 0.0001715 seconds
2024-10-04T21:54:25.623+0300: 1180.839: Application time: 0.3690359 seconds
2024-10-04T21:54:25.623+0300: 1180.839: [GC (Allocation Failure) [PSYoungGen: 265358K->3440K(266752K)] 342240K->80329K(813056K), 0.0011459 secs] [Times: user=0.00 sys=0.00, real=0.02 secs] 
2024-10-04T21:54:25.639+0300: 1180.840: Total time for which application threads were stopped: 0.0014703 seconds, Stopping threads took: 0.0001635 seconds
2024-10-04T21:54:26.000+0300: 1181.210: Application time: 0.3700203 seconds
2024-10-04T21:54:26.000+0300: 1181.210: [GC (Allocation Failure) [PSYoungGen: 263666K->3408K(265728K)] 340556K->80313K(812032K), 0.0010370 secs] [Times: user=0.00 sys=0.00, real=0.00 secs] 
2024-10-04T21:54:26.000+0300: 1181.211: Total time for which application threads were stopped: 0.0013133 seconds, Stopping threads took: 0.0001492 seconds
2024-10-04T21:54:26.376+0300: 1181.583: Application time: 0.3710679 seconds
2024-10-04T21:54:26.376+0300: 1181.583: [GC (Allocation Failure) [PSYoungGen: 262801K->4480K(266240K)] 339707K->81393K(812544K), 0.0009924 secs] [Times: user=0.00 sys=0.00, real=0.00 secs] 
2024-10-04T21:54:26.376+0300: 1181.584: Total time for which application threads were stopped: 0.0012795 seconds, Stopping threads took: 0.0001406 seconds
2024-10-04T21:54:26.738+0300: 1181.948: Application time: 0.3640491 seconds
2024-10-04T21:54:26.738+0300: 1181.948: [GC (Allocation Failure) [PSYoungGen: 263605K->4448K(266752K)] 340519K->81401K(813056K), 0.0012889 secs] [Times: user=0.00 sys=0.00, real=0.00 secs] 
2024-10-04T21:54:26.738+0300: 1181.949: Total time for which application threads were stopped: 0.0016179 seconds, Stopping threads took: 0.0001724 seconds
2024-10-04T21:54:27.114+0300: 1182.319: Application time: 0.3690675 seconds
2024-10-04T21:54:27.114+0300: 1182.319: [GC (Allocation Failure) [PSYoungGen: 264358K->4464K(266752K)] 341312K->81425K(813056K), 0.0011172 secs] [Times: user=0.00 sys=0.00, real=0.00 secs] 
2024-10-04T21:54:27.114+0300: 1182.320: Total time for which application threads were stopped: 0.0013998 seconds, Stopping threads took: 0.0001595 seconds
2024-10-04T21:54:27.475+0300: 1182.691: Application time: 0.3707654 seconds
2024-10-04T21:54:27.490+0300: 1182.691: [GC (Allocation Failure) [PSYoungGen: 264593K->5360K(266752K)] 341555K->82393K(813056K), 0.0013052 secs] [Times: user=0.00 sys=0.00, real=0.00 secs] 
2024-10-04T21:54:27.490+0300: 1182.693: Total time for which application threads were stopped: 0.0018446 seconds, Stopping threads took: 0.0003532 seconds
2024-10-04T21:54:27.851+0300: 1183.066: Application time: 0.3737590 seconds
2024-10-04T21:54:27.851+0300: 1183.067: [GC (Allocation Failure) [PSYoungGen: 265968K->3440K(266752K)] 343001K->80481K(813056K), 0.0010708 secs] [Times: user=0.00 sys=0.00, real=0.02 secs] 
2024-10-04T21:54:27.867+0300: 1183.068: Total time for which application threads were stopped: 0.0014860 seconds, Stopping threads took: 0.0002675 seconds
2024-10-04T21:54:28.228+0300: 1183.437: Application time: 0.3687785 seconds
2024-10-04T21:54:28.228+0300: 1183.437: [GC (Allocation Failure) [PSYoungGen: 263533K->5440K(265728K)] 340574K->82505K(812032K), 0.0014873 secs] [Times: user=0.00 sys=0.00, real=0.00 secs] 
2024-10-04T21:54:28.228+0300: 1183.438: Total time for which application threads were stopped: 0.0018813 seconds, Stopping threads took: 0.0001995 seconds
2024-10-04T21:54:28.604+0300: 1183.809: Application time: 0.3709696 seconds
2024-10-04T21:54:28.604+0300: 1183.810: [GC (Allocation Failure) [PSYoungGen: 265024K->4432K(266240K)] 342089K->81505K(812544K), 0.0011631 secs] [Times: user=0.00 sys=0.00, real=0.00 secs] 
2024-10-04T21:54:28.604+0300: 1183.811: Total time for which application threads were stopped: 0.0014872 seconds, Stopping threads took: 0.0001843 seconds
2024-10-04T21:54:28.965+0300: 1184.174: Application time: 0.3626909 seconds
2024-10-04T21:54:28.965+0300: 1184.174: [GC (Allocation Failure) [PSYoungGen: 263280K->4448K(266752K)] 340353K->81529K(813056K), 0.0011734 secs] [Times: user=0.00 sys=0.00, real=0.00 secs] 
2024-10-04T21:54:28.965+0300: 1184.175: Total time for which application threads were stopped: 0.0014857 seconds, Stopping threads took: 0.0001492 seconds
2024-10-04T21:54:29.341+0300: 1184.549: Application time: 0.3740316 seconds
2024-10-04T21:54:29.341+0300: 1184.549: [GC (Allocation Failure) [PSYoungGen: 264737K->5408K(266752K)] 341819K->82497K(813056K), 0.0013261 secs] [Times: user=0.00 sys=0.00, real=0.00 secs] 
2024-10-04T21:54:29.341+0300: 1184.551: Total time for which application threads were stopped: 0.0017297 seconds, Stopping threads took: 0.0001981 seconds
2024-10-04T21:54:29.718+0300: 1184.919: Application time: 0.3678054 seconds
2024-10-04T21:54:29.718+0300: 1184.919: [GC (Allocation Failure) [PSYoungGen: 266016K->5408K(265728K)] 343105K->82521K(812032K), 0.0012402 secs] [Times: user=0.00 sys=0.00, real=0.00 secs] 
2024-10-04T21:54:29.718+0300: 1184.920: Total time for which application threads were stopped: 0.0015704 seconds, Stopping threads took: 0.0001653 seconds
2024-10-04T21:54:30.079+0300: 1185.288: Application time: 0.3673649 seconds
2024-10-04T21:54:30.079+0300: 1185.288: [GC (Allocation Failure) [PSYoungGen: 264530K->5456K(266240K)] 341644K->82577K(812544K), 0.0011576 secs] [Times: user=0.00 sys=0.00, real=0.00 secs] 
2024-10-04T21:54:30.079+0300: 1185.289: Total time for which application threads were stopped: 0.0014692 seconds, Stopping threads took: 0.0001683 seconds
2024-10-04T21:54:30.455+0300: 1185.661: Application time: 0.3720639 seconds
2024-10-04T21:54:30.455+0300: 1185.661: [GC (Allocation Failure) [PSYoungGen: 265031K->5440K(266240K)] 342153K->82585K(812544K), 0.0012911 secs] [Times: user=0.00 sys=0.00, real=0.00 secs] 
2024-10-04T21:54:30.455+0300: 1185.663: Total time for which application threads were stopped: 0.0016078 seconds, Stopping threads took: 0.0001288 seconds
2024-10-04T21:54:30.822+0300: 1186.028: Application time: 0.3651100 seconds
2024-10-04T21:54:30.822+0300: 1186.028: [GC (Allocation Failure) [PSYoungGen: 264572K->5408K(266240K)] 341717K->82569K(812544K), 0.0012616 secs] [Times: user=0.00 sys=0.00, real=0.00 secs] 
2024-10-04T21:54:30.822+0300: 1186.029: Total time for which application threads were stopped: 0.0015829 seconds, Stopping threads took: 0.0001865 seconds
2024-10-04T21:54:31.193+0300: 1186.405: Application time: 0.3754242 seconds
2024-10-04T21:54:31.193+0300: 1186.405: [GC (Allocation Failure) [PSYoungGen: 264989K->5408K(266240K)] 342151K->82577K(812544K), 0.0014286 secs] [Times: user=0.00 sys=0.00, real=0.00 secs] 
2024-10-04T21:54:31.193+0300: 1186.407: Total time for which application threads were stopped: 0.0016806 seconds, Stopping threads took: 0.0000845 seconds
2024-10-04T21:54:31.554+0300: 1186.770: Application time: 0.3638441 seconds
2024-10-04T21:54:31.554+0300: 1186.771: [GC (Allocation Failure) [PSYoungGen: 264401K->5408K(266240K)] 341571K->82617K(812544K), 0.0013792 secs] [Times: user=0.00 sys=0.00, real=0.02 secs] 
2024-10-04T21:54:31.570+0300: 1186.772: Total time for which application threads were stopped: 0.0017016 seconds, Stopping threads took: 0.0001654 seconds
2024-10-04T21:54:31.932+0300: 1187.144: Application time: 0.3717800 seconds
2024-10-04T21:54:31.932+0300: 1187.144: [GC (Allocation Failure) [PSYoungGen: 264992K->3344K(265216K)] 342201K->80633K(811520K), 0.0009088 secs] [Times: user=0.00 sys=0.00, real=0.00 secs] 
2024-10-04T21:54:31.932+0300: 1187.145: Total time for which application threads were stopped: 0.0011663 seconds, Stopping threads took: 0.0001423 seconds
2024-10-04T21:54:32.308+0300: 1187.512: Application time: 0.3671853 seconds
2024-10-04T21:54:32.308+0300: 1187.513: [GC (Allocation Failure) [PSYoungGen: 261058K->4464K(265728K)] 338348K->81761K(812032K), 0.0011405 secs] [Times: user=0.00 sys=0.00, real=0.00 secs] 
2024-10-04T21:54:32.308+0300: 1187.514: Total time for which application threads were stopped: 0.0015377 seconds, Stopping threads took: 0.0001935 seconds
2024-10-04T21:54:32.669+0300: 1187.879: Application time: 0.3655285 seconds
2024-10-04T21:54:32.669+0300: 1187.880: [GC (Allocation Failure) [PSYoungGen: 262462K->5440K(266240K)] 339760K->82786K(812544K), 0.0013291 secs] [Times: user=0.00 sys=0.00, real=0.00 secs] 
2024-10-04T21:54:32.669+0300: 1187.881: Total time for which application threads were stopped: 0.0016289 seconds, Stopping threads took: 0.0001673 seconds
2024-10-04T21:54:33.046+0300: 1188.252: Application time: 0.3712986 seconds
2024-10-04T21:54:33.046+0300: 1188.252: [GC (Allocation Failure) [PSYoungGen: 264108K->2368K(262144K)] 341454K->79721K(808448K), 0.0008485 secs] [Times: user=0.00 sys=0.00, real=0.00 secs] 
2024-10-04T21:54:33.046+0300: 1188.253: Total time for which application threads were stopped: 0.0011037 seconds, Stopping threads took: 0.0001421 seconds
2024-10-04T21:54:33.422+0300: 1188.623: Application time: 0.3694016 seconds
2024-10-04T21:54:33.422+0300: 1188.623: [GC (Allocation Failure) [PSYoungGen: 261404K->4448K(265728K)] 338758K->81809K(812032K), 0.0010281 secs] [Times: user=0.00 sys=0.00, real=0.00 secs] 
2024-10-04T21:54:33.422+0300: 1188.624: Total time for which application threads were stopped: 0.0013271 seconds, Stopping threads took: 0.0001611 seconds
2024-10-04T21:54:33.783+0300: 1188.992: Application time: 0.3679528 seconds
2024-10-04T21:54:33.783+0300: 1188.992: [GC (Allocation Failure) [PSYoungGen: 262397K->4320K(265728K)] 339759K->81762K(812032K), 0.0011798 secs] [Times: user=0.00 sys=0.00, real=0.00 secs] 
2024-10-04T21:54:33.783+0300: 1188.994: Total time for which application threads were stopped: 0.0014931 seconds, Stopping threads took: 0.0001643 seconds
2024-10-04T21:54:34.144+0300: 1189.358: Application time: 0.3642312 seconds
2024-10-04T21:54:34.144+0300: 1189.358: [GC (Allocation Failure) [PSYoungGen: 262848K->4368K(266240K)] 340290K->81818K(812544K), 0.0013520 secs] [Times: user=0.00 sys=0.00, real=0.00 secs] 
2024-10-04T21:54:34.144+0300: 1189.360: Total time for which application threads were stopped: 0.0017038 seconds, Stopping threads took: 0.0001500 seconds
2024-10-04T21:54:34.521+0300: 1189.728: Application time: 0.3683313 seconds
2024-10-04T21:54:34.521+0300: 1189.728: [GC (Allocation Failure) [PSYoungGen: 263357K->5440K(266240K)] 340807K->82906K(812544K), 0.0013502 secs] [Times: user=0.00 sys=0.00, real=0.00 secs] 
2024-10-04T21:54:34.521+0300: 1189.729: Total time for which application threads were stopped: 0.0016290 seconds, Stopping threads took: 0.0001361 seconds
2024-10-04T21:54:34.882+0300: 1190.098: Application time: 0.3682988 seconds
2024-10-04T21:54:34.882+0300: 1190.098: [GC (Allocation Failure) [PSYoungGen: 264400K->5408K(266240K)] 341866K->82882K(812544K), 0.0014531 secs] [Times: user=0.02 sys=0.00, real=0.02 secs] 
2024-10-04T21:54:34.898+0300: 1190.100: Total time for which application threads were stopped: 0.0017833 seconds, Stopping threads took: 0.0001836 seconds
2024-10-04T21:54:35.259+0300: 1190.471: Application time: 0.3709867 seconds
2024-10-04T21:54:35.259+0300: 1190.471: [GC (Allocation Failure) [PSYoungGen: 264992K->4352K(266240K)] 342466K->81842K(812544K), 0.0012079 secs] [Times: user=0.00 sys=0.00, real=0.00 secs] 
2024-10-04T21:54:35.259+0300: 1190.472: Total time for which application threads were stopped: 0.0016602 seconds, Stopping threads took: 0.0002522 seconds
2024-10-04T21:54:35.636+0300: 1190.837: Application time: 0.3645016 seconds
2024-10-04T21:54:35.636+0300: 1190.837: [GC (Allocation Failure) [PSYoungGen: 263279K->5440K(266240K)] 340769K->82954K(812544K), 0.0014452 secs] [Times: user=0.00 sys=0.00, real=0.00 secs] 
2024-10-04T21:54:35.636+0300: 1190.838: Total time for which application threads were stopped: 0.0017220 seconds, Stopping threads took: 0.0001296 seconds
2024-10-04T21:54:35.996+0300: 1191.207: Application time: 0.3690100 seconds
2024-10-04T21:54:35.996+0300: 1191.208: [GC (Allocation Failure) [PSYoungGen: 264202K->4448K(266240K)] 341716K->81970K(812544K), 0.0010880 secs] [Times: user=0.00 sys=0.00, real=0.00 secs] 
2024-10-04T21:54:35.996+0300: 1191.209: Total time for which application threads were stopped: 0.0013262 seconds, Stopping threads took: 0.0001169 seconds
2024-10-04T21:54:36.373+0300: 1191.586: Application time: 0.3768483 seconds
2024-10-04T21:54:36.373+0300: 1191.586: [GC (Allocation Failure) [PSYoungGen: 264032K->5472K(266240K)] 341554K->83002K(812544K), 0.0013353 secs] [Times: user=0.00 sys=0.00, real=0.00 secs] 
2024-10-04T21:54:36.373+0300: 1191.587: Total time for which application threads were stopped: 0.0016319 seconds, Stopping threads took: 0.0001386 seconds
2024-10-04T21:54:36.734+0300: 1191.950: Application time: 0.3622772 seconds
2024-10-04T21:54:36.734+0300: 1191.950: [GC (Allocation Failure) [PSYoungGen: 264344K->5440K(266240K)] 341874K->82978K(812544K), 0.0014796 secs] [Times: user=0.00 sys=0.00, real=0.02 secs] 
2024-10-04T21:54:36.750+0300: 1191.951: Total time for which application threads were stopped: 0.0018257 seconds, Stopping threads took: 0.0001789 seconds
2024-10-04T21:54:37.111+0300: 1192.321: Application time: 0.3697059 seconds
2024-10-04T21:54:37.111+0300: 1192.321: [GC (Allocation Failure) [PSYoungGen: 264371K->4448K(266240K)] 341909K->81994K(812544K), 0.0010806 secs] [Times: user=0.00 sys=0.00, real=0.00 secs] 
2024-10-04T21:54:37.111+0300: 1192.322: Total time for which application threads were stopped: 0.0014147 seconds, Stopping threads took: 0.0001972 seconds
2024-10-04T21:54:37.487+0300: 1192.692: Application time: 0.3691069 seconds
2024-10-04T21:54:37.487+0300: 1192.692: [GC (Allocation Failure) [PSYoungGen: 263066K->4448K(266240K)] 340612K->82002K(812544K), 0.0010750 secs] [Times: user=0.00 sys=0.00, real=0.00 secs] 
2024-10-04T21:54:37.487+0300: 1192.693: Total time for which application threads were stopped: 0.0013305 seconds, Stopping threads took: 0.0001415 seconds
2024-10-04T21:54:37.848+0300: 1193.063: Application time: 0.3701505 seconds
2024-10-04T21:54:37.848+0300: 1193.063: [GC (Allocation Failure) [PSYoungGen: 264032K->5408K(266240K)] 341586K->83002K(812544K), 0.0014564 secs] [Times: user=0.02 sys=0.00, real=0.02 secs] 
2024-10-04T21:54:37.864+0300: 1193.065: Total time for which application threads were stopped: 0.0017099 seconds, Stopping threads took: 0.0000699 seconds
2024-10-04T21:54:38.225+0300: 1193.438: Application time: 0.3733990 seconds
2024-10-04T21:54:38.225+0300: 1193.438: [GC (Allocation Failure) [PSYoungGen: 264992K->4448K(266240K)] 342586K->82082K(812544K), 0.0012096 secs] [Times: user=0.02 sys=0.00, real=0.01 secs] 
2024-10-04T21:54:38.238+0300: 1193.440: Total time for which application threads were stopped: 0.0015882 seconds, Stopping threads took: 0.0001733 seconds
2024-10-04T21:54:38.601+0300: 1193.802: Application time: 0.3622874 seconds
2024-10-04T21:54:38.601+0300: 1193.802: [GC (Allocation Failure) [PSYoungGen: 263635K->5408K(266240K)] 341269K->83118K(812544K), 0.0012625 secs] [Times: user=0.00 sys=0.00, real=0.00 secs] 
2024-10-04T21:54:38.601+0300: 1193.804: Total time for which application threads were stopped: 0.0015480 seconds, Stopping threads took: 0.0001192 seconds
2024-10-04T21:54:38.962+0300: 1194.171: Application time: 0.3678626 seconds
2024-10-04T21:54:38.962+0300: 1194.172: [GC (Allocation Failure) [PSYoungGen: 264164K->4448K(266240K)] 341874K->82166K(812544K), 0.0010831 secs] [Times: user=0.00 sys=0.00, real=0.00 secs] 
2024-10-04T21:54:38.962+0300: 1194.173: Total time for which application threads were stopped: 0.0013587 seconds, Stopping threads took: 0.0001622 seconds
2024-10-04T21:54:39.341+0300: 1194.547: Application time: 0.3743300 seconds
2024-10-04T21:54:39.341+0300: 1194.547: [GC (Allocation Failure) [PSYoungGen: 263275K->1376K(265216K)] 340993K->79110K(811520K), 0.0008420 secs] [Times: user=0.00 sys=0.00, real=0.00 secs] 
2024-10-04T21:54:39.341+0300: 1194.548: Total time for which application threads were stopped: 0.0011552 seconds, Stopping threads took: 0.0001672 seconds
2024-10-04T21:54:39.700+0300: 1194.911: Application time: 0.3624335 seconds
2024-10-04T21:54:39.700+0300: 1194.911: [GC (Allocation Failure) [PSYoungGen: 259323K->4416K(265728K)] 337057K->82190K(812032K), 0.0011543 secs] [Times: user=0.00 sys=0.00, real=0.00 secs] 
2024-10-04T21:54:39.700+0300: 1194.912: Total time for which application threads were stopped: 0.0015514 seconds, Stopping threads took: 0.0002253 seconds
2024-10-04T21:54:40.077+0300: 1195.280: Application time: 0.3672693 seconds
2024-10-04T21:54:40.077+0300: 1195.280: [GC (Allocation Failure) [PSYoungGen: 262208K->4448K(266240K)] 339982K->82262K(812544K), 0.0011652 secs] [Times: user=0.00 sys=0.00, real=0.00 secs] 
2024-10-04T21:54:40.077+0300: 1195.281: Total time for which application threads were stopped: 0.0014576 seconds, Stopping threads took: 0.0001323 seconds
2024-10-04T21:54:40.442+0300: 1195.650: Application time: 0.3691431 seconds
2024-10-04T21:54:40.442+0300: 1195.650: [GC (Allocation Failure) [PSYoungGen: 263307K->5472K(266240K)] 341121K->83294K(812544K), 0.0013271 secs] [Times: user=0.00 sys=0.00, real=0.00 secs] 
2024-10-04T21:54:40.442+0300: 1195.652: Total time for which application threads were stopped: 0.0016434 seconds, Stopping threads took: 0.0001610 seconds
2024-10-04T21:54:40.815+0300: 1196.023: Application time: 0.3715855 seconds
2024-10-04T21:54:40.815+0300: 1196.024: [GC (Allocation Failure) [PSYoungGen: 265056K->3392K(266240K)] 342878K->81222K(812544K), 0.0009623 secs] [Times: user=0.00 sys=0.00, real=0.00 secs] 
2024-10-04T21:54:40.815+0300: 1196.025: Total time for which application threads were stopped: 0.0012543 seconds, Stopping threads took: 0.0001589 seconds
2024-10-04T21:54:41.192+0300: 1196.394: Application time: 0.3696713 seconds
2024-10-04T21:54:41.192+0300: 1196.395: [GC (Allocation Failure) [PSYoungGen: 262378K->5440K(265216K)] 340208K->83286K(811520K), 0.0015335 secs] [Times: user=0.00 sys=0.00, real=0.00 secs] 
2024-10-04T21:54:41.192+0300: 1196.396: Total time for which application threads were stopped: 0.0018829 seconds, Stopping threads took: 0.0001677 seconds
2024-10-04T21:54:41.553+0300: 1196.765: Application time: 0.3691056 seconds
2024-10-04T21:54:41.553+0300: 1196.766: [GC (Allocation Failure) [PSYoungGen: 265024K->3440K(265728K)] 342870K->81294K(812032K), 0.0010166 secs] [Times: user=0.00 sys=0.00, real=0.00 secs] 
2024-10-04T21:54:41.553+0300: 1196.767: Total time for which application threads were stopped: 0.0013140 seconds, Stopping threads took: 0.0001558 seconds
2024-10-04T21:54:41.914+0300: 1197.129: Application time: 0.3620525 seconds
2024-10-04T21:54:41.914+0300: 1197.129: [GC (Allocation Failure) [PSYoungGen: 261320K->4448K(265728K)] 339174K->82310K(812032K), 0.0010395 secs] [Times: user=0.00 sys=0.00, real=0.00 secs] 
2024-10-04T21:54:41.914+0300: 1197.130: Total time for which application threads were stopped: 0.0013592 seconds, Stopping threads took: 0.0002039 seconds
2024-10-04T21:54:42.291+0300: 1197.504: Application time: 0.3740197 seconds
2024-10-04T21:54:42.291+0300: 1197.504: [GC (Allocation Failure) [PSYoungGen: 262461K->3424K(266240K)] 340323K->81294K(812544K), 0.0010539 secs] [Times: user=0.00 sys=0.00, real=0.00 secs] 
2024-10-04T21:54:42.291+0300: 1197.506: Total time for which application threads were stopped: 0.0013809 seconds, Stopping threads took: 0.0001599 seconds
2024-10-04T21:54:42.652+0300: 1197.867: Application time: 0.3618604 seconds
2024-10-04T21:54:42.652+0300: 1197.868: [GC (Allocation Failure) [PSYoungGen: 262083K->5424K(266240K)] 339953K->83302K(812544K), 0.0014651 secs] [Times: user=0.02 sys=0.00, real=0.02 secs] 
2024-10-04T21:54:42.667+0300: 1197.869: Total time for which application threads were stopped: 0.0018187 seconds, Stopping threads took: 0.0002040 seconds
2024-10-04T21:54:43.028+0300: 1198.236: Application time: 0.3663980 seconds
2024-10-04T21:54:43.028+0300: 1198.236: [GC (Allocation Failure) [PSYoungGen: 264600K->5440K(265216K)] 342479K->83334K(811520K), 0.0010973 secs] [Times: user=0.00 sys=0.00, real=0.00 secs] 
2024-10-04T21:54:43.028+0300: 1198.237: Total time for which application threads were stopped: 0.0013765 seconds, Stopping threads took: 0.0001534 seconds
2024-10-04T21:54:43.405+0300: 1198.614: Application time: 0.3768501 seconds
2024-10-04T21:54:43.405+0300: 1198.614: [GC (Allocation Failure) [PSYoungGen: 264000K->2400K(265728K)] 341894K->80302K(812032K), 0.0008470 secs] [Times: user=0.00 sys=0.00, real=0.00 secs] 
2024-10-04T21:54:43.405+0300: 1198.615: Total time for which application threads were stopped: 0.0011911 seconds, Stopping threads took: 0.0002293 seconds
2024-10-04T21:54:43.766+0300: 1198.975: Application time: 0.3596671 seconds
2024-10-04T21:54:43.766+0300: 1198.975: [GC (Allocation Failure) [PSYoungGen: 260064K->5408K(265728K)] 337966K->83358K(812032K), 0.0012709 secs] [Times: user=0.00 sys=0.00, real=0.00 secs] 
2024-10-04T21:54:43.766+0300: 1198.976: Total time for which application threads were stopped: 0.0016214 seconds, Stopping threads took: 0.0002163 seconds
2024-10-04T21:54:44.142+0300: 1199.345: Application time: 0.3691231 seconds
2024-10-04T21:54:44.142+0300: 1199.346: [GC (Allocation Failure) [PSYoungGen: 263968K->4352K(265728K)] 341918K->82318K(812032K), 0.0012159 secs] [Times: user=0.00 sys=0.00, real=0.00 secs] 
2024-10-04T21:54:44.142+0300: 1199.347: Total time for which application threads were stopped: 0.0015210 seconds, Stopping threads took: 0.0001555 seconds
2024-10-04T21:54:44.503+0300: 1199.717: Application time: 0.3697233 seconds
2024-10-04T21:54:44.503+0300: 1199.717: [GC (Allocation Failure) [PSYoungGen: 262875K->4480K(266240K)] 340841K->82454K(812544K), 0.0011581 secs] [Times: user=0.00 sys=0.00, real=0.00 secs] 
2024-10-04T21:54:44.503+0300: 1199.718: Total time for which application threads were stopped: 0.0014364 seconds, Stopping threads took: 0.0001320 seconds
2024-10-04T21:54:44.880+0300: 1200.082: Application time: 0.3638682 seconds
2024-10-04T21:54:44.880+0300: 1200.082: [GC (Allocation Failure) [PSYoungGen: 262542K->5344K(265728K)] 340516K->83434K(812032K), 0.0012774 secs] [Times: user=0.00 sys=0.00, real=0.00 secs] 
2024-10-04T21:54:44.880+0300: 1200.084: Total time for which application threads were stopped: 0.0015569 seconds, Stopping threads took: 0.0001560 seconds
2024-10-04T21:54:45.252+0300: 1200.456: Application time: 0.3728919 seconds
2024-10-04T21:54:45.252+0300: 1200.457: [GC (Allocation Failure) [PSYoungGen: 264105K->4464K(266240K)] 342195K->82562K(812544K), 0.0011569 secs] [Times: user=0.02 sys=0.00, real=0.00 secs] 
2024-10-04T21:54:45.257+0300: 1200.458: Total time for which application threads were stopped: 0.0014986 seconds, Stopping threads took: 0.0002121 seconds
2024-10-04T21:54:45.618+0300: 1200.824: Application time: 0.3661324 seconds
2024-10-04T21:54:45.618+0300: 1200.824: [GC (Allocation Failure) [PSYoungGen: 263233K->3408K(265728K)] 341331K->81546K(812032K), 0.0010589 secs] [Times: user=0.00 sys=0.00, real=0.00 secs] 
2024-10-04T21:54:45.618+0300: 1200.825: Total time for which application threads were stopped: 0.0013564 seconds, Stopping threads took: 0.0001504 seconds
2024-10-04T21:54:45.979+0300: 1201.191: Application time: 0.3650731 seconds
2024-10-04T21:54:45.979+0300: 1201.191: [GC (Allocation Failure) [PSYoungGen: 262221K->5408K(266240K)] 340360K->83594K(812544K), 0.0012609 secs] [Times: user=0.00 sys=0.00, real=0.00 secs] 
2024-10-04T21:54:45.979+0300: 1201.192: Total time for which application threads were stopped: 0.0015667 seconds, Stopping threads took: 0.0001780 seconds
2024-10-04T21:54:46.356+0300: 1201.567: Application time: 0.3745868 seconds
2024-10-04T21:54:46.356+0300: 1201.567: [GC (Allocation Failure) [PSYoungGen: 264228K->4464K(266240K)] 342415K->82658K(812544K), 0.0010932 secs] [Times: user=0.00 sys=0.00, real=0.00 secs] 
2024-10-04T21:54:46.356+0300: 1201.568: Total time for which application threads were stopped: 0.0013453 seconds, Stopping threads took: 0.0001358 seconds
2024-10-04T21:54:46.733+0300: 1201.936: Application time: 0.3675600 seconds
2024-10-04T21:54:46.733+0300: 1201.936: [GC (Allocation Failure) [PSYoungGen: 264048K->4448K(266240K)] 342242K->82650K(812544K), 0.0010131 secs] [Times: user=0.00 sys=0.00, real=0.00 secs] 
2024-10-04T21:54:46.733+0300: 1201.937: Total time for which application threads were stopped: 0.0013158 seconds, Stopping threads took: 0.0001678 seconds
2024-10-04T21:54:47.094+0300: 1202.302: Application time: 0.3648516 seconds
2024-10-04T21:54:47.094+0300: 1202.302: [GC (Allocation Failure) [PSYoungGen: 263312K->5440K(266240K)] 341515K->83650K(812544K), 0.0012164 secs] [Times: user=0.00 sys=0.00, real=0.00 secs] 
2024-10-04T21:54:47.094+0300: 1202.303: Total time for which application threads were stopped: 0.0015080 seconds, Stopping threads took: 0.0001553 seconds
2024-10-04T21:54:47.470+0300: 1202.673: Application time: 0.3696776 seconds
2024-10-04T21:54:47.470+0300: 1202.673: [GC (Allocation Failure) [PSYoungGen: 264403K->5424K(266240K)] 342614K->83658K(812544K), 0.0012065 secs] [Times: user=0.00 sys=0.00, real=0.00 secs] 
2024-10-04T21:54:47.470+0300: 1202.674: Total time for which application threads were stopped: 0.0015336 seconds, Stopping threads took: 0.0001948 seconds
2024-10-04T21:54:47.831+0300: 1203.040: Application time: 0.3657944 seconds
2024-10-04T21:54:47.831+0300: 1203.041: [GC (Allocation Failure) [PSYoungGen: 264198K->5440K(266240K)] 342432K->83682K(812544K), 0.0012143 secs] [Times: user=0.00 sys=0.00, real=0.00 secs] 
2024-10-04T21:54:47.831+0300: 1203.042: Total time for which application threads were stopped: 0.0015328 seconds, Stopping threads took: 0.0001855 seconds
2024-10-04T21:54:48.208+0300: 1203.424: Application time: 0.3817880 seconds
2024-10-04T21:54:48.208+0300: 1203.424: [GC (Allocation Failure) [PSYoungGen: 264256K->4416K(266240K)] 342499K->82682K(812544K), 0.0013836 secs] [Times: user=0.00 sys=0.00, real=0.02 secs] 
2024-10-04T21:54:48.223+0300: 1203.425: Total time for which application threads were stopped: 0.0017664 seconds, Stopping threads took: 0.0002352 seconds
2024-10-04T21:54:48.585+0300: 1203.792: Application time: 0.3669656 seconds
2024-10-04T21:54:48.585+0300: 1203.793: [GC (Allocation Failure) [PSYoungGen: 263703K->5424K(266240K)] 341970K->83698K(812544K), 0.0012729 secs] [Times: user=0.00 sys=0.00, real=0.00 secs] 
2024-10-04T21:54:48.585+0300: 1203.794: Total time for which application threads were stopped: 0.0015841 seconds, Stopping threads took: 0.0001820 seconds
2024-10-04T21:54:48.946+0300: 1204.159: Application time: 0.3650148 seconds
2024-10-04T21:54:48.946+0300: 1204.159: [GC (Allocation Failure) [PSYoungGen: 264851K->5408K(266240K)] 343125K->83706K(812544K), 0.0012328 secs] [Times: user=0.00 sys=0.00, real=0.00 secs] 
2024-10-04T21:54:48.946+0300: 1204.160: Total time for which application threads were stopped: 0.0014960 seconds, Stopping threads took: 0.0001376 seconds
2024-10-04T21:54:49.323+0300: 1204.534: Application time: 0.3731319 seconds
2024-10-04T21:54:49.323+0300: 1204.534: [GC (Allocation Failure) [PSYoungGen: 264555K->5472K(265216K)] 342853K->83778K(811520K), 0.0012206 secs] [Times: user=0.00 sys=0.00, real=0.00 secs] 
2024-10-04T21:54:49.323+0300: 1204.535: Total time for which application threads were stopped: 0.0015447 seconds, Stopping threads took: 0.0001994 seconds
2024-10-04T21:54:49.700+0300: 1204.903: Application time: 0.3673794 seconds
2024-10-04T21:54:49.700+0300: 1204.903: [GC (Allocation Failure) [PSYoungGen: 264221K->4448K(266240K)] 342527K->82802K(812544K), 0.0011962 secs] [Times: user=0.00 sys=0.00, real=0.00 secs] 
2024-10-04T21:54:49.700+0300: 1204.904: Total time for which application threads were stopped: 0.0014785 seconds, Stopping threads took: 0.0001542 seconds
2024-10-04T21:54:50.062+0300: 1205.268: Application time: 0.3643313 seconds
2024-10-04T21:54:50.062+0300: 1205.269: [GC (Allocation Failure) [PSYoungGen: 263239K->5408K(265728K)] 341594K->83770K(812032K), 0.0012176 secs] [Times: user=0.00 sys=0.00, real=0.00 secs] 
2024-10-04T21:54:50.062+0300: 1205.270: Total time for which application threads were stopped: 0.0015153 seconds, Stopping threads took: 0.0001643 seconds
2024-10-04T21:54:50.437+0300: 1205.645: Application time: 0.3756389 seconds
2024-10-04T21:54:50.437+0300: 1205.646: [GC (Allocation Failure) [PSYoungGen: 264438K->4416K(266240K)] 342801K->82818K(812544K), 0.0010960 secs] [Times: user=0.00 sys=0.00, real=0.00 secs] 
2024-10-04T21:54:50.437+0300: 1205.647: Total time for which application threads were stopped: 0.0014027 seconds, Stopping threads took: 0.0001672 seconds
2024-10-04T21:54:50.798+0300: 1206.012: Application time: 0.3648330 seconds
2024-10-04T21:54:50.798+0300: 1206.012: [GC (Allocation Failure) [PSYoungGen: 263210K->3456K(266240K)] 341612K->81866K(812544K), 0.0009719 secs] [Times: user=0.00 sys=0.00, real=0.00 secs] 
2024-10-04T21:54:50.798+0300: 1206.013: Total time for which application threads were stopped: 0.0012620 seconds, Stopping threads took: 0.0001688 seconds
2024-10-04T21:54:51.175+0300: 1206.380: Application time: 0.3671747 seconds
2024-10-04T21:54:51.175+0300: 1206.380: [GC (Allocation Failure) [PSYoungGen: 262428K->5344K(266240K)] 340839K->83834K(812544K), 0.0014817 secs] [Times: user=0.00 sys=0.00, real=0.00 secs] 
2024-10-04T21:54:51.175+0300: 1206.382: Total time for which application threads were stopped: 0.0017770 seconds, Stopping threads took: 0.0001181 seconds
2024-10-04T21:54:51.536+0300: 1206.751: Application time: 0.3685803 seconds
2024-10-04T21:54:51.536+0300: 1206.751: [GC (Allocation Failure) [PSYoungGen: 264228K->5392K(265216K)] 342719K->83922K(811520K), 0.0012784 secs] [Times: user=0.00 sys=0.00, real=0.00 secs] 
2024-10-04T21:54:51.536+0300: 1206.752: Total time for which application threads were stopped: 0.0016219 seconds, Stopping threads took: 0.0001694 seconds
2024-10-04T21:54:51.913+0300: 1207.116: Application time: 0.3642943 seconds
2024-10-04T21:54:51.913+0300: 1207.117: [GC (Allocation Failure) [PSYoungGen: 264382K->5440K(265728K)] 342913K->83986K(812032K), 0.0011710 secs] [Times: user=0.00 sys=0.00, real=0.00 secs] 
2024-10-04T21:54:51.913+0300: 1207.118: Total time for which application threads were stopped: 0.0014520 seconds, Stopping threads took: 0.0001556 seconds
2024-10-04T21:54:52.274+0300: 1207.489: Application time: 0.3713680 seconds
2024-10-04T21:54:52.274+0300: 1207.490: [GC (Allocation Failure) [PSYoungGen: 263315K->5408K(265728K)] 341862K->84002K(812032K), 0.0012350 secs] [Times: user=0.00 sys=0.00, real=0.02 secs] 
2024-10-04T21:54:52.290+0300: 1207.491: Total time for which application threads were stopped: 0.0015720 seconds, Stopping threads took: 0.0001870 seconds
2024-10-04T21:54:52.651+0300: 1207.858: Application time: 0.3667073 seconds
2024-10-04T21:54:52.651+0300: 1207.858: [GC (Allocation Failure) [PSYoungGen: 263134K->4352K(266240K)] 341728K->82954K(812544K), 0.0011321 secs] [Times: user=0.00 sys=0.00, real=0.00 secs] 
2024-10-04T21:54:52.651+0300: 1207.859: Total time for which application threads were stopped: 0.0014541 seconds, Stopping threads took: 0.0001785 seconds
2024-10-04T21:54:53.012+0300: 1208.223: Application time: 0.3642609 seconds
2024-10-04T21:54:53.012+0300: 1208.224: [GC (Allocation Failure) [PSYoungGen: 263260K->4384K(265728K)] 341863K->82994K(812032K), 0.0011961 secs] [Times: user=0.00 sys=0.00, real=0.00 secs] 
2024-10-04T21:54:53.012+0300: 1208.225: Total time for which application threads were stopped: 0.0015209 seconds, Stopping threads took: 0.0001693 seconds
2024-10-04T21:54:53.388+0300: 1208.596: Application time: 0.3712014 seconds
2024-10-04T21:54:53.388+0300: 1208.596: [GC (Allocation Failure) [PSYoungGen: 262434K->5440K(266240K)] 341044K->84074K(812544K), 0.0012238 secs] [Times: user=0.00 sys=0.00, real=0.00 secs] 
2024-10-04T21:54:53.388+0300: 1208.598: Total time for which application threads were stopped: 0.0015251 seconds, Stopping threads took: 0.0001619 seconds
2024-10-04T21:54:53.749+0300: 1208.964: Application time: 0.3667477 seconds
2024-10-04T21:54:53.749+0300: 1208.965: [GC (Allocation Failure) [PSYoungGen: 264132K->5504K(265216K)] 342767K->84146K(811520K), 0.0014289 secs] [Times: user=0.02 sys=0.00, real=0.02 secs] 
2024-10-04T21:54:53.765+0300: 1208.966: Total time for which application threads were stopped: 0.0017590 seconds, Stopping threads took: 0.0001878 seconds
2024-10-04T21:54:54.126+0300: 1209.331: Application time: 0.3649695 seconds
2024-10-04T21:54:54.126+0300: 1209.331: [GC (Allocation Failure) [PSYoungGen: 264472K->4480K(266240K)] 343115K->83130K(812544K), 0.0011677 secs] [Times: user=0.00 sys=0.00, real=0.00 secs] 
2024-10-04T21:54:54.126+0300: 1209.332: Total time for which application threads were stopped: 0.0014712 seconds, Stopping threads took: 0.0001835 seconds
2024-10-04T21:54:54.503+0300: 1209.707: Application time: 0.3741285 seconds
2024-10-04T21:54:54.503+0300: 1209.707: [GC (Allocation Failure) [PSYoungGen: 263552K->4448K(265728K)] 342202K->83106K(812032K), 0.0010461 secs] [Times: user=0.00 sys=0.00, real=0.00 secs] 
2024-10-04T21:54:54.503+0300: 1209.708: Total time for which application threads were stopped: 0.0013563 seconds, Stopping threads took: 0.0001593 seconds
2024-10-04T21:54:54.863+0300: 1210.071: Application time: 0.3635106 seconds
2024-10-04T21:54:54.863+0300: 1210.072: [GC (Allocation Failure) [PSYoungGen: 263145K->5424K(266240K)] 341804K->84090K(812544K), 0.0013293 secs] [Times: user=0.00 sys=0.00, real=0.01 secs] 
2024-10-04T21:54:54.872+0300: 1210.073: Total time for which application threads were stopped: 0.0016590 seconds, Stopping threads took: 0.0001920 seconds
2024-10-04T21:54:55.240+0300: 1210.446: Application time: 0.3729011 seconds
2024-10-04T21:54:55.240+0300: 1210.446: [GC (Allocation Failure) [PSYoungGen: 264380K->5472K(266240K)] 343046K->84154K(812544K), 0.0013153 secs] [Times: user=0.00 sys=0.00, real=0.00 secs] 
2024-10-04T21:54:55.240+0300: 1210.448: Total time for which application threads were stopped: 0.0016274 seconds, Stopping threads took: 0.0001441 seconds
2024-10-04T21:54:55.601+0300: 1210.811: Application time: 0.3633068 seconds
2024-10-04T21:54:55.601+0300: 1210.811: [GC (Allocation Failure) [PSYoungGen: 264208K->5408K(266240K)] 342890K->84154K(812544K), 0.0013990 secs] [Times: user=0.00 sys=0.00, real=0.00 secs] 
2024-10-04T21:54:55.601+0300: 1210.813: Total time for which application threads were stopped: 0.0017421 seconds, Stopping threads took: 0.0002005 seconds
2024-10-04T21:54:55.978+0300: 1211.182: Application time: 0.3696299 seconds
2024-10-04T21:54:55.978+0300: 1211.183: [GC (Allocation Failure) [PSYoungGen: 264422K->3392K(263168K)] 343168K->82146K(809472K), 0.0010057 secs] [Times: user=0.00 sys=0.00, real=0.00 secs] 
2024-10-04T21:54:55.978+0300: 1211.184: Total time for which application threads were stopped: 0.0012865 seconds, Stopping threads took: 0.0001516 seconds
2024-10-04T21:54:56.354+0300: 1211.560: Application time: 0.3758520 seconds
2024-10-04T21:54:56.354+0300: 1211.560: [GC (Allocation Failure) [PSYoungGen: 262976K->3440K(265728K)] 341730K->82210K(812032K), 0.0009260 secs] [Times: user=0.00 sys=0.00, real=0.00 secs] 
2024-10-04T21:54:56.354+0300: 1211.561: Total time for which application threads were stopped: 0.0012026 seconds, Stopping threads took: 0.0001564 seconds
2024-10-04T21:54:56.715+0300: 1211.920: Application time: 0.3589038 seconds
2024-10-04T21:54:56.715+0300: 1211.920: [GC (Allocation Failure) [PSYoungGen: 261148K->5408K(265728K)] 339918K->84218K(812032K), 0.0012472 secs] [Times: user=0.00 sys=0.00, real=0.00 secs] 
2024-10-04T21:54:56.715+0300: 1211.921: Total time for which application threads were stopped: 0.0015451 seconds, Stopping threads took: 0.0001505 seconds
2024-10-04T21:54:57.077+0300: 1212.286: Application time: 0.3650710 seconds
2024-10-04T21:54:57.077+0300: 1212.287: [GC (Allocation Failure) [PSYoungGen: 263245K->5408K(265728K)] 342056K->84258K(812032K), 0.0012817 secs] [Times: user=0.00 sys=0.00, real=0.00 secs] 
2024-10-04T21:54:57.077+0300: 1212.288: Total time for which application threads were stopped: 0.0016148 seconds, Stopping threads took: 0.0001876 seconds
2024-10-04T21:54:57.454+0300: 1212.664: Application time: 0.3763185 seconds
2024-10-04T21:54:57.454+0300: 1212.664: [GC (Allocation Failure) [PSYoungGen: 263925K->3360K(265728K)] 342776K->82258K(812032K), 0.0010040 secs] [Times: user=0.00 sys=0.00, real=0.00 secs] 
2024-10-04T21:54:57.454+0300: 1212.665: Total time for which application threads were stopped: 0.0012592 seconds, Stopping threads took: 0.0001261 seconds
2024-10-04T21:54:57.815+0300: 1213.028: Application time: 0.3627276 seconds
2024-10-04T21:54:57.815+0300: 1213.028: [GC (Allocation Failure) [PSYoungGen: 261562K->4448K(265728K)] 340460K->83354K(812032K), 0.0011629 secs] [Times: user=0.00 sys=0.00, real=0.00 secs] 
2024-10-04T21:54:57.815+0300: 1213.030: Total time for which application threads were stopped: 0.0015044 seconds, Stopping threads took: 0.0002006 seconds
2024-10-04T21:54:58.191+0300: 1213.405: Application time: 0.3748688 seconds
2024-10-04T21:54:58.191+0300: 1213.405: [GC (Allocation Failure) [PSYoungGen: 263008K->4384K(265728K)] 341914K->83330K(812032K), 0.0012359 secs] [Times: user=0.00 sys=0.00, real=0.00 secs] 
2024-10-04T21:54:58.191+0300: 1213.406: Total time for which application threads were stopped: 0.0015840 seconds, Stopping threads took: 0.0001648 seconds
2024-10-04T21:54:58.568+0300: 1213.771: Application time: 0.3649950 seconds
2024-10-04T21:54:58.568+0300: 1213.771: [GC (Allocation Failure) [PSYoungGen: 262123K->5440K(265216K)] 341069K->84442K(811520K), 0.0012725 secs] [Times: user=0.00 sys=0.00, real=0.00 secs] 
2024-10-04T21:54:58.568+0300: 1213.773: Total time for which application threads were stopped: 0.0015481 seconds, Stopping threads took: 0.0001474 seconds
2024-10-04T21:54:58.929+0300: 1214.137: Application time: 0.3645222 seconds
2024-10-04T21:54:58.929+0300: 1214.137: [GC (Allocation Failure) [PSYoungGen: 263462K->5472K(265728K)] 342464K->84490K(812032K), 0.0012480 secs] [Times: user=0.00 sys=0.00, real=0.00 secs] 
2024-10-04T21:54:58.929+0300: 1214.139: Total time for which application threads were stopped: 0.0015201 seconds, Stopping threads took: 0.0001349 seconds
2024-10-04T21:54:59.306+0300: 1214.512: Application time: 0.3734791 seconds
2024-10-04T21:54:59.306+0300: 1214.512: [GC (Allocation Failure) [PSYoungGen: 263383K->4448K(266240K)] 342402K->83474K(812544K), 0.0011229 secs] [Times: user=0.00 sys=0.00, real=0.00 secs] 
2024-10-04T21:54:59.306+0300: 1214.514: Total time for which application threads were stopped: 0.0014509 seconds, Stopping threads took: 0.0001899 seconds
2024-10-04T21:54:59.666+0300: 1214.878: Application time: 0.3647401 seconds
2024-10-04T21:54:59.666+0300: 1214.879: [GC (Allocation Failure) [PSYoungGen: 263233K->4384K(265728K)] 342259K->83426K(812032K), 0.0011151 secs] [Times: user=0.00 sys=0.00, real=0.00 secs] 
2024-10-04T21:54:59.666+0300: 1214.880: Total time for which application threads were stopped: 0.0013910 seconds, Stopping threads took: 0.0001515 seconds
2024-10-04T21:55:00.043+0300: 1215.246: Application time: 0.3665089 seconds
2024-10-04T21:55:00.043+0300: 1215.247: [GC (Allocation Failure) [PSYoungGen: 263456K->4416K(266240K)] 342498K->83474K(812544K), 0.0013496 secs] [Times: user=0.00 sys=0.00, real=0.00 secs] 
2024-10-04T21:55:00.043+0300: 1215.248: Total time for which application threads were stopped: 0.0019118 seconds, Stopping threads took: 0.0003933 seconds
2024-10-04T21:55:00.420+0300: 1215.628: Application time: 0.3802335 seconds
2024-10-04T21:55:00.420+0300: 1215.629: [GC (Allocation Failure) [PSYoungGen: 263233K->4448K(266240K)] 342292K->83514K(812544K), 0.0011504 secs] [Times: user=0.00 sys=0.00, real=0.00 secs] 
2024-10-04T21:55:00.420+0300: 1215.630: Total time for which application threads were stopped: 0.0014322 seconds, Stopping threads took: 0.0001666 seconds
2024-10-04T21:55:00.785+0300: 1215.996: Application time: 0.3663046 seconds
2024-10-04T21:55:00.785+0300: 1215.996: [GC (Allocation Failure) [PSYoungGen: 264032K->3424K(266240K)] 343098K->82498K(812544K), 0.0009687 secs] [Times: user=0.00 sys=0.00, real=0.01 secs] 
2024-10-04T21:55:00.797+0300: 1215.997: Total time for which application threads were stopped: 0.0012927 seconds, Stopping threads took: 0.0001579 seconds
2024-10-04T21:55:01.158+0300: 1216.363: Application time: 0.3656463 seconds
2024-10-04T21:55:01.158+0300: 1216.363: [GC (Allocation Failure) [PSYoungGen: 262214K->4352K(266240K)] 341288K->83434K(812544K), 0.0013178 secs] [Times: user=0.00 sys=0.00, real=0.00 secs] 
2024-10-04T21:55:01.158+0300: 1216.365: Total time for which application threads were stopped: 0.0016144 seconds, Stopping threads took: 0.0001436 seconds
2024-10-04T21:55:01.534+0300: 1216.736: Application time: 0.3708624 seconds
2024-10-04T21:55:01.534+0300: 1216.736: [GC (Allocation Failure) [PSYoungGen: 263298K->5344K(266240K)] 342381K->84466K(812544K), 0.0013838 secs] [Times: user=0.00 sys=0.00, real=0.00 secs] 
2024-10-04T21:55:01.534+0300: 1216.737: Total time for which application threads were stopped: 0.0016577 seconds, Stopping threads took: 0.0001333 seconds
2024-10-04T21:55:01.895+0300: 1217.104: Application time: 0.3666189 seconds
2024-10-04T21:55:01.895+0300: 1217.104: [GC (Allocation Failure) [PSYoungGen: 264119K->4448K(266240K)] 343242K->83578K(812544K), 0.0010554 secs] [Times: user=0.00 sys=0.00, real=0.00 secs] 
2024-10-04T21:55:01.895+0300: 1217.105: Total time for which application threads were stopped: 0.0013401 seconds, Stopping threads took: 0.0001417 seconds
2024-10-04T21:55:02.271+0300: 1217.477: Application time: 0.3716067 seconds
2024-10-04T21:55:02.271+0300: 1217.477: [GC (Allocation Failure) [PSYoungGen: 263372K->5392K(266240K)] 342503K->84578K(812544K), 0.0014169 secs] [Times: user=0.00 sys=0.00, real=0.00 secs] 
2024-10-04T21:55:02.271+0300: 1217.479: Total time for which application threads were stopped: 0.0018200 seconds, Stopping threads took: 0.0001857 seconds
2024-10-04T21:55:02.632+0300: 1217.848: Application time: 0.3697531 seconds
2024-10-04T21:55:02.632+0300: 1217.849: [GC (Allocation Failure) [PSYoungGen: 264976K->3456K(266240K)] 344162K->82658K(812544K), 0.0010843 secs] [Times: user=0.00 sys=0.00, real=0.02 secs] 
2024-10-04T21:55:02.648+0300: 1217.850: Total time for which application threads were stopped: 0.0013830 seconds, Stopping threads took: 0.0001678 seconds
2024-10-04T21:55:03.010+0300: 1218.214: Application time: 0.3639815 seconds
2024-10-04T21:55:03.010+0300: 1218.214: [GC (Allocation Failure) [PSYoungGen: 262261K->4384K(266240K)] 341463K->83594K(812544K), 0.0011714 secs] [Times: user=0.00 sys=0.00, real=0.00 secs] 
2024-10-04T21:55:03.010+0300: 1218.215: Total time for which application threads were stopped: 0.0014791 seconds, Stopping threads took: 0.0001756 seconds
2024-10-04T21:55:03.402+0300: 1218.604: Application time: 0.3890322 seconds
2024-10-04T21:55:03.402+0300: 1218.605: [GC (Allocation Failure) [PSYoungGen: 263214K->3392K(266240K)] 342424K->82674K(812544K), 0.0009617 secs] [Times: user=0.00 sys=0.00, real=0.00 secs] 
2024-10-04T21:55:03.402+0300: 1218.606: Total time for which application threads were stopped: 0.0012459 seconds, Stopping threads took: 0.0001378 seconds
2024-10-04T21:55:03.763+0300: 1218.968: Application time: 0.3626617 seconds
2024-10-04T21:55:03.763+0300: 1218.968: [GC (Allocation Failure) [PSYoungGen: 262334K->5424K(266240K)] 341616K->84730K(812544K), 0.0013027 secs] [Times: user=0.00 sys=0.00, real=0.00 secs] 
2024-10-04T21:55:03.763+0300: 1218.970: Total time for which application threads were stopped: 0.0016194 seconds, Stopping threads took: 0.0001504 seconds
2024-10-04T21:55:04.140+0300: 1219.353: Application time: 0.3835355 seconds
2024-10-04T21:55:04.140+0300: 1219.354: [GC (Allocation Failure) [PSYoungGen: 264519K->4448K(266240K)] 343826K->83762K(812544K), 0.0018951 secs] [Times: user=0.00 sys=0.00, real=0.00 secs] 
2024-10-04T21:55:04.140+0300: 1219.356: Total time for which application threads were stopped: 0.0022127 seconds, Stopping threads took: 0.0001640 seconds
2024-10-04T21:55:04.532+0300: 1219.740: Application time: 0.3845302 seconds
2024-10-04T21:55:04.532+0300: 1219.740: Total time for which application threads were stopped: 0.0002129 seconds, Stopping threads took: 0.0001595 seconds
2024-10-04T21:55:04.594+0300: 1219.797: Application time: 0.0565225 seconds
2024-10-04T21:55:04.594+0300: 1219.797: [GC (Allocation Failure) [PSYoungGen: 264032K->1216K(266240K)] 343346K->80562K(812544K), 0.0009429 secs] [Times: user=0.00 sys=0.00, real=0.00 secs] 
2024-10-04T21:55:04.594+0300: 1219.798: Total time for which application threads were stopped: 0.0011872 seconds, Stopping threads took: 0.0001097 seconds
2024-10-04T21:55:04.720+0300: 1219.923: Application time: 0.1249841 seconds
2024-10-04T21:55:04.720+0300: 1219.923: Total time for which application threads were stopped: 0.0000884 seconds, Stopping threads took: 0.0000305 seconds
2024-10-04T21:55:04.720+0300: 1219.923: Application time: 0.0003148 seconds
2024-10-04T21:55:04.720+0300: 1219.924: Total time for which application threads were stopped: 0.0000801 seconds, Stopping threads took: 0.0000315 seconds
2024-10-04T21:55:04.720+0300: 1219.931: Application time: 0.0079337 seconds
2024-10-04T21:55:04.720+0300: 1219.932: Total time for which application threads were stopped: 0.0002031 seconds, Stopping threads took: 0.0000183 seconds
2024-10-04T21:55:04.877+0300: 1220.079: Application time: 0.1468488 seconds
2024-10-04T21:55:04.877+0300: 1220.079: Total time for which application threads were stopped: 0.0000797 seconds, Stopping threads took: 0.0000285 seconds
2024-10-04T21:55:04.877+0300: 1220.079: Application time: 0.0003149 seconds
2024-10-04T21:55:04.877+0300: 1220.079: Total time for which application threads were stopped: 0.0001776 seconds, Stopping threads took: 0.0000134 seconds
2024-10-04T21:55:04.924+0300: 1220.128: Application time: 0.0485873 seconds
2024-10-04T21:55:04.924+0300: 1220.128: Total time for which application threads were stopped: 0.0002981 seconds, Stopping threads took: 0.0000269 seconds
2024-10-04T21:55:04.940+0300: 1220.152: Application time: 0.0239678 seconds
2024-10-04T21:55:04.940+0300: 1220.152: Total time for which application threads were stopped: 0.0001393 seconds, Stopping threads took: 0.0000527 seconds
2024-10-04T21:55:04.971+0300: 1220.175: Application time: 0.0231842 seconds
2024-10-04T21:55:04.971+0300: 1220.175: Total time for which application threads were stopped: 0.0000741 seconds, Stopping threads took: 0.0000450 seconds
2024-10-04T21:55:05.081+0300: 1220.283: Application time: 0.1071806 seconds
2024-10-04T21:55:05.081+0300: 1220.283: Total time for which application threads were stopped: 0.0002517 seconds, Stopping threads took: 0.0000211 seconds
2024-10-04T21:55:05.081+0300: 1220.286: Application time: 0.0031629 seconds
2024-10-04T21:55:05.081+0300: 1220.286: Total time for which application threads were stopped: 0.0001731 seconds, Stopping threads took: 0.0000300 seconds
2024-10-04T21:55:05.081+0300: 1220.288: Application time: 0.0017382 seconds
2024-10-04T21:55:05.081+0300: 1220.288: Total time for which application threads were stopped: 0.0001340 seconds, Stopping threads took: 0.0000187 seconds
2024-10-04T21:55:05.112+0300: 1220.318: Application time: 0.0295420 seconds
2024-10-04T21:55:05.112+0300: 1220.318: Total time for which application threads were stopped: 0.0001420 seconds, Stopping threads took: 0.0000793 seconds
2024-10-04T21:55:05.112+0300: 1220.320: Application time: 0.0018614 seconds
2024-10-04T21:55:05.112+0300: 1220.320: Total time for which application threads were stopped: 0.0000733 seconds, Stopping threads took: 0.0000429 seconds
2024-10-04T21:55:06.070+0300: 1221.271: Application time: 0.9509264 seconds
2024-10-04T21:55:06.070+0300: 1221.271: Total time for which application threads were stopped: 0.0002721 seconds, Stopping threads took: 0.0001016 seconds
2024-10-04T21:55:06.070+0300: 1221.271: Application time: 0.0004141 seconds
2024-10-04T21:55:06.070+0300: 1221.271: Total time for which application threads were stopped: 0.0001327 seconds, Stopping threads took: 0.0000691 seconds
2024-10-04T21:55:06.070+0300: 1221.272: Application time: 0.0003475 seconds
2024-10-04T21:55:06.070+0300: 1221.272: Total time for which application threads were stopped: 0.0002570 seconds, Stopping threads took: 0.0002004 seconds
2024-10-04T21:55:07.662+0300: 1222.866: Application time: 1.5943740 seconds
2024-10-04T21:55:07.662+0300: 1222.867: [GC (Allocation Failure) [PSYoungGen: 260800K->6624K(259072K)] 340146K->105960K(805376K), 0.0115983 secs] [Times: user=0.02 sys=0.00, real=0.01 secs] 
2024-10-04T21:55:07.671+0300: 1222.878: Total time for which application threads were stopped: 0.0118952 seconds, Stopping threads took: 0.0000445 seconds
2024-10-04T21:55:07.671+0300: 1222.879: Application time: 0.0002072 seconds
2024-10-04T21:55:07.671+0300: 1222.879: Total time for which application threads were stopped: 0.0001220 seconds, Stopping threads took: 0.0000689 seconds
2024-10-04T21:55:07.671+0300: 1222.879: Application time: 0.0002980 seconds
2024-10-04T21:55:07.671+0300: 1222.879: Total time for which application threads were stopped: 0.0000963 seconds, Stopping threads took: 0.0000502 seconds
2024-10-04T21:55:07.671+0300: 1222.879: Application time: 0.0000961 seconds
2024-10-04T21:55:07.671+0300: 1222.879: Total time for which application threads were stopped: 0.0000726 seconds, Stopping threads took: 0.0000463 seconds
2024-10-04T21:55:07.671+0300: 1222.879: Application time: 0.0000335 seconds
2024-10-04T21:55:07.671+0300: 1222.879: Total time for which application threads were stopped: 0.0000535 seconds, Stopping threads took: 0.0000323 seconds
2024-10-04T21:55:07.671+0300: 1222.879: Application time: 0.0000919 seconds
2024-10-04T21:55:07.671+0300: 1222.879: Total time for which application threads were stopped: 0.0000731 seconds, Stopping threads took: 0.0000462 seconds
2024-10-04T21:55:07.671+0300: 1222.880: Application time: 0.0000995 seconds
2024-10-04T21:55:07.671+0300: 1222.880: Total time for which application threads were stopped: 0.0000755 seconds, Stopping threads took: 0.0000496 seconds
2024-10-04T21:55:07.671+0300: 1222.880: Application time: 0.0000823 seconds
2024-10-04T21:55:07.671+0300: 1222.880: Total time for which application threads were stopped: 0.0000646 seconds, Stopping threads took: 0.0000357 seconds
2024-10-04T21:55:07.671+0300: 1222.880: Application time: 0.0001449 seconds
2024-10-04T21:55:07.671+0300: 1222.880: Total time for which application threads were stopped: 0.0000804 seconds, Stopping threads took: 0.0000491 seconds
2024-10-04T21:55:07.671+0300: 1222.880: Application time: 0.0000944 seconds
2024-10-04T21:55:07.671+0300: 1222.880: Total time for which application threads were stopped: 0.0000494 seconds, Stopping threads took: 0.0000188 seconds
2024-10-04T21:55:07.671+0300: 1222.880: Application time: 0.0001322 seconds
2024-10-04T21:55:07.671+0300: 1222.880: Total time for which application threads were stopped: 0.0000695 seconds, Stopping threads took: 0.0000432 seconds
2024-10-04T21:55:07.750+0300: 1222.952: Application time: 0.0714001 seconds
2024-10-04T21:55:07.750+0300: 1222.952: [GC (Allocation Failure) [PSYoungGen: 259040K->128K(248832K)] 358376K->110384K(795136K), 0.0049852 secs] [Times: user=0.00 sys=0.00, real=0.00 secs] 
2024-10-04T21:55:07.750+0300: 1222.957: Total time for which application threads were stopped: 0.0051908 seconds, Stopping threads took: 0.0000520 seconds
2024-10-04T21:55:07.813+0300: 1223.021: Application time: 0.0635529 seconds
2024-10-04T21:55:07.813+0300: 1223.021: [GC (Allocation Failure) [PSYoungGen: 242304K->128K(257536K)] 352560K->110424K(803840K), 0.0012650 secs] [Times: user=0.02 sys=0.00, real=0.00 secs] 
2024-10-04T21:55:07.813+0300: 1223.022: Total time for which application threads were stopped: 0.0014684 seconds, Stopping threads took: 0.0000503 seconds
2024-10-04T21:55:07.875+0300: 1223.090: Application time: 0.0679664 seconds
2024-10-04T21:55:07.875+0300: 1223.090: [GC (Allocation Failure) [PSYoungGen: 242304K->96K(257536K)] 352600K->110408K(803840K), 0.0013579 secs] [Times: user=0.00 sys=0.00, real=0.02 secs] 
2024-10-04T21:55:07.891+0300: 1223.092: Total time for which application threads were stopped: 0.0015738 seconds, Stopping threads took: 0.0000476 seconds
2024-10-04T21:55:07.955+0300: 1223.157: Application time: 0.0649708 seconds
2024-10-04T21:55:07.955+0300: 1223.157: [GC (Allocation Failure) [PSYoungGen: 242272K->32K(257536K)] 352584K->110368K(803840K), 0.0010482 secs] [Times: user=0.00 sys=0.00, real=0.00 secs] 
2024-10-04T21:55:07.955+0300: 1223.158: Total time for which application threads were stopped: 0.0012666 seconds, Stopping threads took: 0.0000348 seconds
2024-10-04T21:55:08.032+0300: 1223.247: Application time: 0.0893675 seconds
2024-10-04T21:55:08.032+0300: 1223.247: Total time for which application threads were stopped: 0.0001408 seconds, Stopping threads took: 0.0000434 seconds
2024-10-04T21:55:08.048+0300: 1223.250: Application time: 0.0023874 seconds
2024-10-04T21:55:08.048+0300: 1223.250: Total time for which application threads were stopped: 0.0000639 seconds, Stopping threads took: 0.0000370 seconds
2024-10-04T21:55:08.048+0300: 1223.250: Application time: 0.0003625 seconds
2024-10-04T21:55:08.048+0300: 1223.250: Total time for which application threads were stopped: 0.0001167 seconds, Stopping threads took: 0.0000951 seconds
2024-10-04T21:55:08.048+0300: 1223.260: Application time: 0.0095134 seconds
2024-10-04T21:55:08.048+0300: 1223.260: Total time for which application threads were stopped: 0.0000922 seconds, Stopping threads took: 0.0000419 seconds
Heap
 PSYoungGen      total 257536K, used 166934K [0x00000000ef580000, 0x0000000100000000, 0x0000000100000000)
  eden space 242176K, 68% used [0x00000000ef580000,0x00000000f987d968,0x00000000fe200000)
  from space 15360K, 0% used [0x00000000fe200000,0x00000000fe208000,0x00000000ff100000)
  to   space 14848K, 0% used [0x00000000ff180000,0x00000000ff180000,0x0000000100000000)
 ParOldGen       total 546304K, used 110336K [0x00000000ce000000, 0x00000000ef580000, 0x00000000ef580000)
  object space 546304K, 20% used [0x00000000ce000000,0x00000000d4bc0278,0x00000000ef580000)
 Metaspace       used 16319K, capacity 16492K, committed 16640K, reserved 1064960K
  class space    used 1675K, capacity 1762K, committed 1792K, reserved 1048576K
2024-10-04T21:55:08.158+0300: 1223.359: Application time: 0.0988384 seconds
