[0.013s][info][gc] Using Concurrent Mark Sweep
[0.013s][info][gc,heap,coops] Heap address: 0x00000000c0000000, size: 1024 MB, Compressed Oops mode: 32-bit
[1.391s][info][gc,start     ] GC(0) Pause Young (Allocation Failure)
[1.391s][info][gc,task      ] GC(0) Using 6 workers of 6 for evacuation
[1.418s][info][gc,heap      ] GC(0) ParNew: 279616K->27555K(314560K)
[1.418s][info][gc,heap      ] GC(0) CMS: 0K->0K(699072K)
[1.418s][info][gc,metaspace ] GC(0) Metaspace: 17324K(17792K)->17324K(17792K) NonClass: 15351K(15616K)->15351K(15616K) Class: 1973K(2176K)->1973K(2176K)
[1.418s][info][gc           ] GC(0) Pause Young (Allocation Failure) 273M->26M(989M) 26.912ms
[1.418s][info][gc,cpu       ] GC(0) User=0.08s Sys=0.02s Real=0.03s
[1.768s][info][gc,start     ] GC(1) Pause Full (System.gc())
[1.768s][info][gc,phases,start] GC(1) Phase 1: Mark live objects
[1.799s][info][gc,phases      ] GC(1) Phase 1: Mark live objects 31.334ms
[1.799s][info][gc,phases,start] GC(1) Phase 2: Compute new object addresses
[1.839s][info][gc,phases      ] GC(1) Phase 2: Compute new object addresses 40.025ms
[1.839s][info][gc,phases,start] GC(1) Phase 3: Adjust pointers
[1.869s][info][gc,phases      ] GC(1) Phase 3: Adjust pointers 29.808ms
[1.869s][info][gc,phases,start] GC(1) Phase 4: Move objects
[1.895s][info][gc,phases      ] GC(1) Phase 4: Move objects 26.367ms
[1.899s][info][gc,heap        ] GC(1) ParNew: 238597K->0K(314560K)
[1.899s][info][gc,heap        ] GC(1) CMS: 0K->34187K(699072K)
[1.899s][info][gc,metaspace   ] GC(1) Metaspace: 17342K(17792K)->17342K(17792K) NonClass: 15368K(15616K)->15368K(15616K) Class: 1974K(2176K)->1974K(2176K)
[1.899s][info][gc             ] GC(1) Pause Full (System.gc()) 233M->33M(989M) 131.383ms
[1.899s][info][gc,cpu         ] GC(1) User=0.12s Sys=0.00s Real=0.13s
[2.525s][info][gc,start       ] GC(2) Pause Full (System.gc())
[2.526s][info][gc,phases,start] GC(2) Phase 1: Mark live objects
[2.557s][info][gc,phases      ] GC(2) Phase 1: Mark live objects 31.070ms
[2.557s][info][gc,phases,start] GC(2) Phase 2: Compute new object addresses
[2.596s][info][gc,phases      ] GC(2) Phase 2: Compute new object addresses 38.666ms
[2.596s][info][gc,phases,start] GC(2) Phase 3: Adjust pointers
[2.618s][info][gc,phases      ] GC(2) Phase 3: Adjust pointers 22.266ms
[2.618s][info][gc,phases,start] GC(2) Phase 4: Move objects
[2.626s][info][gc,phases      ] GC(2) Phase 4: Move objects 8.195ms
[2.627s][info][gc,heap        ] GC(2) ParNew: 174732K->0K(314560K)
[2.627s][info][gc,heap        ] GC(2) CMS: 34187K->34961K(699072K)
[2.627s][info][gc,metaspace   ] GC(2) Metaspace: 20221K(20992K)->20221K(20992K) NonClass: 17784K(18176K)->17784K(18176K) Class: 2437K(2816K)->2437K(2816K)
[2.627s][info][gc             ] GC(2) Pause Full (System.gc()) 204M->34M(989M) 102.021ms
[2.627s][info][gc,cpu         ] GC(2) User=0.11s Sys=0.00s Real=0.11s
[2.774s][info][gc,start       ] GC(3) Pause Full (System.gc())
[2.774s][info][gc,phases,start] GC(3) Phase 1: Mark live objects
[2.804s][info][gc,phases      ] GC(3) Phase 1: Mark live objects 29.682ms
[2.804s][info][gc,phases,start] GC(3) Phase 2: Compute new object addresses
[2.843s][info][gc,phases      ] GC(3) Phase 2: Compute new object addresses 38.922ms
[2.843s][info][gc,phases,start] GC(3) Phase 3: Adjust pointers
[2.864s][info][gc,phases      ] GC(3) Phase 3: Adjust pointers 21.365ms
[2.864s][info][gc,phases,start] GC(3) Phase 4: Move objects
[2.864s][info][gc,phases      ] GC(3) Phase 4: Move objects 0.220ms
[2.865s][info][gc,heap        ] GC(3) ParNew: 153923K->0K(314560K)
[2.865s][info][gc,heap        ] GC(3) CMS: 34961K->34954K(699072K)
[2.865s][info][gc,metaspace   ] GC(3) Metaspace: 20148K(20992K)->20148K(20992K) NonClass: 17749K(18176K)->17749K(18176K) Class: 2399K(2816K)->2399K(2816K)
[2.865s][info][gc             ] GC(3) Pause Full (System.gc()) 184M->34M(989M) 91.581ms
[2.865s][info][gc,cpu         ] GC(3) User=0.05s Sys=0.02s Real=0.09s
[2.990s][info][gc,start       ] GC(4) Pause Full (System.gc())
[2.990s][info][gc,phases,start] GC(4) Phase 1: Mark live objects
[3.018s][info][gc,phases      ] GC(4) Phase 1: Mark live objects 27.940ms
[3.018s][info][gc,phases,start] GC(4) Phase 2: Compute new object addresses
[3.056s][info][gc,phases      ] GC(4) Phase 2: Compute new object addresses 37.155ms
[3.056s][info][gc,phases,start] GC(4) Phase 3: Adjust pointers
[3.077s][info][gc,phases      ] GC(4) Phase 3: Adjust pointers 20.931ms
[3.077s][info][gc,phases,start] GC(4) Phase 4: Move objects
[3.077s][info][gc,phases      ] GC(4) Phase 4: Move objects 0.092ms
[3.077s][info][gc,heap        ] GC(4) ParNew: 153973K->0K(314560K)
[3.077s][info][gc,heap        ] GC(4) CMS: 34954K->34955K(699072K)
[3.077s][info][gc,metaspace   ] GC(4) Metaspace: 20161K(20992K)->20161K(20992K) NonClass: 17762K(18176K)->17762K(18176K) Class: 2399K(2816K)->2399K(2816K)
[3.077s][info][gc             ] GC(4) Pause Full (System.gc()) 184M->34M(989M) 87.107ms
[3.077s][info][gc,cpu         ] GC(4) User=0.08s Sys=0.00s Real=0.09s
[3.181s][info][gc,start       ] GC(5) Pause Full (System.gc())
[3.181s][info][gc,phases,start] GC(5) Phase 1: Mark live objects
[3.211s][info][gc,phases      ] GC(5) Phase 1: Mark live objects 30.461ms
[3.211s][info][gc,phases,start] GC(5) Phase 2: Compute new object addresses
[3.251s][info][gc,phases      ] GC(5) Phase 2: Compute new object addresses 40.104ms
[3.251s][info][gc,phases,start] GC(5) Phase 3: Adjust pointers
[3.272s][info][gc,phases      ] GC(5) Phase 3: Adjust pointers 20.909ms
[3.272s][info][gc,phases,start] GC(5) Phase 4: Move objects
[3.273s][info][gc,phases      ] GC(5) Phase 4: Move objects 0.086ms
[3.273s][info][gc,heap        ] GC(5) ParNew: 148923K->0K(314560K)
[3.273s][info][gc,heap        ] GC(5) CMS: 34955K->34955K(699072K)
[3.273s][info][gc,metaspace   ] GC(5) Metaspace: 20179K(20992K)->20179K(20992K) NonClass: 17780K(18176K)->17780K(18176K) Class: 2399K(2816K)->2399K(2816K)
[3.273s][info][gc             ] GC(5) Pause Full (System.gc()) 179M->34M(989M) 92.521ms
[3.273s][info][gc,cpu         ] GC(5) User=0.12s Sys=0.00s Real=0.09s
[3.405s][info][gc,start       ] GC(6) Pause Full (System.gc())
[3.405s][info][gc,phases,start] GC(6) Phase 1: Mark live objects
[3.432s][info][gc,phases      ] GC(6) Phase 1: Mark live objects 27.474ms
[3.432s][info][gc,phases,start] GC(6) Phase 2: Compute new object addresses
[3.470s][info][gc,phases      ] GC(6) Phase 2: Compute new object addresses 37.280ms
[3.470s][info][gc,phases,start] GC(6) Phase 3: Adjust pointers
[3.491s][info][gc,phases      ] GC(6) Phase 3: Adjust pointers 21.079ms
[3.491s][info][gc,phases,start] GC(6) Phase 4: Move objects
[3.491s][info][gc,phases      ] GC(6) Phase 4: Move objects 0.085ms
[3.491s][info][gc,heap        ] GC(6) ParNew: 151209K->0K(314560K)
[3.491s][info][gc,heap        ] GC(6) CMS: 34955K->34955K(699072K)
[3.491s][info][gc,metaspace   ] GC(6) Metaspace: 20209K(20992K)->20209K(20992K) NonClass: 17810K(18176K)->17810K(18176K) Class: 2399K(2816K)->2399K(2816K)
[3.492s][info][gc             ] GC(6) Pause Full (System.gc()) 181M->34M(989M) 86.834ms
[3.492s][info][gc,cpu         ] GC(6) User=0.08s Sys=0.00s Real=0.10s
[3.583s][info][gc,start       ] GC(7) Pause Full (System.gc())
[3.584s][info][gc,phases,start] GC(7) Phase 1: Mark live objects
[3.612s][info][gc,phases      ] GC(7) Phase 1: Mark live objects 27.894ms
[3.612s][info][gc,phases,start] GC(7) Phase 2: Compute new object addresses
[3.649s][info][gc,phases      ] GC(7) Phase 2: Compute new object addresses 37.226ms
[3.649s][info][gc,phases,start] GC(7) Phase 3: Adjust pointers
[3.671s][info][gc,phases      ] GC(7) Phase 3: Adjust pointers 21.158ms
[3.671s][info][gc,phases,start] GC(7) Phase 4: Move objects
[3.671s][info][gc,phases      ] GC(7) Phase 4: Move objects 0.086ms
[3.671s][info][gc,heap        ] GC(7) ParNew: 150337K->0K(314560K)
[3.671s][info][gc,heap        ] GC(7) CMS: 34955K->34955K(699072K)
[3.671s][info][gc,metaspace   ] GC(7) Metaspace: 20225K(20992K)->20225K(20992K) NonClass: 17826K(18176K)->17826K(18176K) Class: 2399K(2816K)->2399K(2816K)
[3.671s][info][gc             ] GC(7) Pause Full (System.gc()) 180M->34M(989M) 88.286ms
[3.671s][info][gc,cpu         ] GC(7) User=0.06s Sys=0.00s Real=0.08s
[3.765s][info][gc,start       ] GC(8) Pause Full (System.gc())
[3.766s][info][gc,phases,start] GC(8) Phase 1: Mark live objects
[3.794s][info][gc,phases      ] GC(8) Phase 1: Mark live objects 27.775ms
[3.794s][info][gc,phases,start] GC(8) Phase 2: Compute new object addresses
[3.831s][info][gc,phases      ] GC(8) Phase 2: Compute new object addresses 37.479ms
[3.831s][info][gc,phases,start] GC(8) Phase 3: Adjust pointers
[3.852s][info][gc,phases      ] GC(8) Phase 3: Adjust pointers 21.174ms
[3.852s][info][gc,phases,start] GC(8) Phase 4: Move objects
[3.852s][info][gc,phases      ] GC(8) Phase 4: Move objects 0.085ms
[3.853s][info][gc,heap        ] GC(8) ParNew: 150377K->0K(314560K)
[3.853s][info][gc,heap        ] GC(8) CMS: 34955K->34955K(699072K)
[3.853s][info][gc,metaspace   ] GC(8) Metaspace: 20267K(21248K)->20267K(21248K) NonClass: 17868K(18432K)->17868K(18432K) Class: 2399K(2816K)->2399K(2816K)
[3.853s][info][gc             ] GC(8) Pause Full (System.gc()) 180M->34M(989M) 88.435ms
[3.853s][info][gc,cpu         ] GC(8) User=0.09s Sys=0.00s Real=0.09s
[3.942s][info][gc,start       ] GC(9) Pause Full (System.gc())
[3.942s][info][gc,phases,start] GC(9) Phase 1: Mark live objects
[3.970s][info][gc,phases      ] GC(9) Phase 1: Mark live objects 27.897ms
[3.970s][info][gc,phases,start] GC(9) Phase 2: Compute new object addresses
[4.007s][info][gc,phases      ] GC(9) Phase 2: Compute new object addresses 37.766ms
[4.008s][info][gc,phases,start] GC(9) Phase 3: Adjust pointers
[4.029s][info][gc,phases      ] GC(9) Phase 3: Adjust pointers 21.092ms
[4.029s][info][gc,phases,start] GC(9) Phase 4: Move objects
[4.029s][info][gc,phases      ] GC(9) Phase 4: Move objects 0.085ms
[4.029s][info][gc,heap        ] GC(9) ParNew: 149646K->0K(314560K)
[4.029s][info][gc,heap        ] GC(9) CMS: 34955K->34955K(699072K)
[4.029s][info][gc,metaspace   ] GC(9) Metaspace: 20272K(21248K)->20272K(21248K) NonClass: 17873K(18432K)->17873K(18432K) Class: 2399K(2816K)->2399K(2816K)
[4.029s][info][gc             ] GC(9) Pause Full (System.gc()) 180M->34M(989M) 87.801ms
[4.029s][info][gc,cpu         ] GC(9) User=0.08s Sys=0.00s Real=0.08s
[4.117s][info][gc,start       ] GC(10) Pause Full (System.gc())
[4.118s][info][gc,phases,start] GC(10) Phase 1: Mark live objects
[4.145s][info][gc,phases      ] GC(10) Phase 1: Mark live objects 26.992ms
[4.145s][info][gc,phases,start] GC(10) Phase 2: Compute new object addresses
[4.182s][info][gc,phases      ] GC(10) Phase 2: Compute new object addresses 37.755ms
[4.182s][info][gc,phases,start] GC(10) Phase 3: Adjust pointers
[4.204s][info][gc,phases      ] GC(10) Phase 3: Adjust pointers 21.221ms
[4.204s][info][gc,phases,start] GC(10) Phase 4: Move objects
[4.204s][info][gc,phases      ] GC(10) Phase 4: Move objects 0.086ms
[4.204s][info][gc,heap        ] GC(10) ParNew: 149076K->0K(314560K)
[4.204s][info][gc,heap        ] GC(10) CMS: 34955K->34955K(699072K)
[4.204s][info][gc,metaspace   ] GC(10) Metaspace: 20290K(21248K)->20290K(21248K) NonClass: 17891K(18432K)->17891K(18432K) Class: 2399K(2816K)->2399K(2816K)
[4.204s][info][gc             ] GC(10) Pause Full (System.gc()) 179M->34M(989M) 86.980ms
[4.204s][info][gc,cpu         ] GC(10) User=0.08s Sys=0.00s Real=0.08s
[4.295s][info][gc,start       ] GC(11) Pause Full (System.gc())
[4.295s][info][gc,phases,start] GC(11) Phase 1: Mark live objects
[4.324s][info][gc,phases      ] GC(11) Phase 1: Mark live objects 28.599ms
[4.324s][info][gc,phases,start] GC(11) Phase 2: Compute new object addresses
[4.361s][info][gc,phases      ] GC(11) Phase 2: Compute new object addresses 37.358ms
[4.361s][info][gc,phases,start] GC(11) Phase 3: Adjust pointers
[4.383s][info][gc,phases      ] GC(11) Phase 3: Adjust pointers 21.396ms
[4.383s][info][gc,phases,start] GC(11) Phase 4: Move objects
[4.383s][info][gc,phases      ] GC(11) Phase 4: Move objects 0.087ms
[4.384s][info][gc,heap        ] GC(11) ParNew: 148882K->0K(314560K)
[4.384s][info][gc,heap        ] GC(11) CMS: 34955K->34955K(699072K)
[4.384s][info][gc,metaspace   ] GC(11) Metaspace: 20303K(21248K)->20303K(21248K) NonClass: 17904K(18432K)->17904K(18432K) Class: 2399K(2816K)->2399K(2816K)
[4.384s][info][gc             ] GC(11) Pause Full (System.gc()) 179M->34M(989M) 88.408ms
[4.384s][info][gc,cpu         ] GC(11) User=0.08s Sys=0.00s Real=0.09s
[4.473s][info][gc,start       ] GC(12) Pause Full (System.gc())
[4.474s][info][gc,phases,start] GC(12) Phase 1: Mark live objects
[4.501s][info][gc,phases      ] GC(12) Phase 1: Mark live objects 27.301ms
[4.501s][info][gc,phases,start] GC(12) Phase 2: Compute new object addresses
[4.539s][info][gc,phases      ] GC(12) Phase 2: Compute new object addresses 37.861ms
[4.539s][info][gc,phases,start] GC(12) Phase 3: Adjust pointers
[4.560s][info][gc,phases      ] GC(12) Phase 3: Adjust pointers 21.297ms
[4.560s][info][gc,phases,start] GC(12) Phase 4: Move objects
[4.560s][info][gc,phases      ] GC(12) Phase 4: Move objects 0.085ms
[4.561s][info][gc,heap        ] GC(12) ParNew: 150278K->0K(314560K)
[4.561s][info][gc,heap        ] GC(12) CMS: 34955K->34955K(699072K)
[4.561s][info][gc,metaspace   ] GC(12) Metaspace: 20324K(21248K)->20324K(21248K) NonClass: 17925K(18432K)->17925K(18432K) Class: 2399K(2816K)->2399K(2816K)
[4.561s][info][gc             ] GC(12) Pause Full (System.gc()) 180M->34M(989M) 87.456ms
[4.561s][info][gc,cpu         ] GC(12) User=0.09s Sys=0.00s Real=0.10s
[4.649s][info][gc,start       ] GC(13) Pause Full (System.gc())
[4.650s][info][gc,phases,start] GC(13) Phase 1: Mark live objects
[4.677s][info][gc,phases      ] GC(13) Phase 1: Mark live objects 26.888ms
[4.677s][info][gc,phases,start] GC(13) Phase 2: Compute new object addresses
[4.715s][info][gc,phases      ] GC(13) Phase 2: Compute new object addresses 38.115ms
[4.715s][info][gc,phases,start] GC(13) Phase 3: Adjust pointers
[4.736s][info][gc,phases      ] GC(13) Phase 3: Adjust pointers 21.288ms
[4.736s][info][gc,phases,start] GC(13) Phase 4: Move objects
[4.736s][info][gc,phases      ] GC(13) Phase 4: Move objects 0.085ms
[4.737s][info][gc,heap        ] GC(13) ParNew: 149377K->0K(314560K)
[4.737s][info][gc,heap        ] GC(13) CMS: 34955K->34955K(699072K)
[4.737s][info][gc,metaspace   ] GC(13) Metaspace: 20324K(21248K)->20324K(21248K) NonClass: 17925K(18432K)->17925K(18432K) Class: 2399K(2816K)->2399K(2816K)
[4.737s][info][gc             ] GC(13) Pause Full (System.gc()) 180M->34M(989M) 87.315ms
[4.737s][info][gc,cpu         ] GC(13) User=0.08s Sys=0.00s Real=0.08s
[4.828s][info][gc,start       ] GC(14) Pause Full (System.gc())
[4.829s][info][gc,phases,start] GC(14) Phase 1: Mark live objects
[4.856s][info][gc,phases      ] GC(14) Phase 1: Mark live objects 27.799ms
[4.857s][info][gc,phases,start] GC(14) Phase 2: Compute new object addresses
[4.894s][info][gc,phases      ] GC(14) Phase 2: Compute new object addresses 37.178ms
[4.894s][info][gc,phases,start] GC(14) Phase 3: Adjust pointers
[4.915s][info][gc,phases      ] GC(14) Phase 3: Adjust pointers 21.431ms
[4.915s][info][gc,phases,start] GC(14) Phase 4: Move objects
[4.915s][info][gc,phases      ] GC(14) Phase 4: Move objects 0.086ms
[4.916s][info][gc,heap        ] GC(14) ParNew: 149555K->0K(314560K)
[4.916s][info][gc,heap        ] GC(14) CMS: 34955K->34955K(699072K)
[4.916s][info][gc,metaspace   ] GC(14) Metaspace: 20328K(21248K)->20328K(21248K) NonClass: 17929K(18432K)->17929K(18432K) Class: 2399K(2816K)->2399K(2816K)
[4.916s][info][gc             ] GC(14) Pause Full (System.gc()) 180M->34M(989M) 87.481ms
[4.916s][info][gc,cpu         ] GC(14) User=0.09s Sys=0.00s Real=0.09s
[5.004s][info][gc,start       ] GC(15) Pause Full (System.gc())
[5.005s][info][gc,phases,start] GC(15) Phase 1: Mark live objects
[5.033s][info][gc,phases      ] GC(15) Phase 1: Mark live objects 28.559ms
[5.033s][info][gc,phases,start] GC(15) Phase 2: Compute new object addresses
[5.070s][info][gc,phases      ] GC(15) Phase 2: Compute new object addresses 37.160ms
[5.070s][info][gc,phases,start] GC(15) Phase 3: Adjust pointers
[5.092s][info][gc,phases      ] GC(15) Phase 3: Adjust pointers 21.669ms
[5.092s][info][gc,phases,start] GC(15) Phase 4: Move objects
[5.092s][info][gc,phases      ] GC(15) Phase 4: Move objects 0.086ms
[5.093s][info][gc,heap        ] GC(15) ParNew: 148800K->0K(314560K)
[5.093s][info][gc,heap        ] GC(15) CMS: 34955K->34955K(699072K)
[5.093s][info][gc,metaspace   ] GC(15) Metaspace: 20336K(21248K)->20336K(21248K) NonClass: 17937K(18432K)->17937K(18432K) Class: 2399K(2816K)->2399K(2816K)
[5.093s][info][gc             ] GC(15) Pause Full (System.gc()) 179M->34M(989M) 88.524ms
[5.093s][info][gc,cpu         ] GC(15) User=0.09s Sys=0.00s Real=0.09s
[5.184s][info][gc,start       ] GC(16) Pause Full (System.gc())
[5.184s][info][gc,phases,start] GC(16) Phase 1: Mark live objects
[5.214s][info][gc,phases      ] GC(16) Phase 1: Mark live objects 30.071ms
[5.214s][info][gc,phases,start] GC(16) Phase 2: Compute new object addresses
[5.251s][info][gc,phases      ] GC(16) Phase 2: Compute new object addresses 37.380ms
[5.251s][info][gc,phases,start] GC(16) Phase 3: Adjust pointers
[5.273s][info][gc,phases      ] GC(16) Phase 3: Adjust pointers 21.283ms
[5.273s][info][gc,phases,start] GC(16) Phase 4: Move objects
[5.273s][info][gc,phases      ] GC(16) Phase 4: Move objects 0.086ms
[5.273s][info][gc,heap        ] GC(16) ParNew: 149621K->0K(314560K)
[5.273s][info][gc,heap        ] GC(16) CMS: 34955K->34955K(699072K)
[5.273s][info][gc,metaspace   ] GC(16) Metaspace: 20343K(21248K)->20343K(21248K) NonClass: 17944K(18432K)->17944K(18432K) Class: 2399K(2816K)->2399K(2816K)
[5.274s][info][gc             ] GC(16) Pause Full (System.gc()) 180M->34M(989M) 89.786ms
[5.274s][info][gc,cpu         ] GC(16) User=0.08s Sys=0.00s Real=0.08s
[5.363s][info][gc,start       ] GC(17) Pause Full (System.gc())
[5.363s][info][gc,phases,start] GC(17) Phase 1: Mark live objects
[5.391s][info][gc,phases      ] GC(17) Phase 1: Mark live objects 27.946ms
[5.391s][info][gc,phases,start] GC(17) Phase 2: Compute new object addresses
[5.428s][info][gc,phases      ] GC(17) Phase 2: Compute new object addresses 37.141ms
[5.428s][info][gc,phases,start] GC(17) Phase 3: Adjust pointers
[5.450s][info][gc,phases      ] GC(17) Phase 3: Adjust pointers 21.528ms
[5.450s][info][gc,phases,start] GC(17) Phase 4: Move objects
[5.450s][info][gc,phases      ] GC(17) Phase 4: Move objects 0.085ms
[5.450s][info][gc,heap        ] GC(17) ParNew: 149687K->0K(314560K)
[5.450s][info][gc,heap        ] GC(17) CMS: 34955K->34955K(699072K)
[5.450s][info][gc,metaspace   ] GC(17) Metaspace: 20343K(21248K)->20343K(21248K) NonClass: 17944K(18432K)->17944K(18432K) Class: 2399K(2816K)->2399K(2816K)
[5.450s][info][gc             ] GC(17) Pause Full (System.gc()) 180M->34M(989M) 87.625ms
[5.450s][info][gc,cpu         ] GC(17) User=0.09s Sys=0.00s Real=0.09s
[5.537s][info][gc,start       ] GC(18) Pause Full (System.gc())
[5.537s][info][gc,phases,start] GC(18) Phase 1: Mark live objects
[5.565s][info][gc,phases      ] GC(18) Phase 1: Mark live objects 27.581ms
[5.565s][info][gc,phases,start] GC(18) Phase 2: Compute new object addresses
[5.603s][info][gc,phases      ] GC(18) Phase 2: Compute new object addresses 38.281ms
[5.603s][info][gc,phases,start] GC(18) Phase 3: Adjust pointers
[5.624s][info][gc,phases      ] GC(18) Phase 3: Adjust pointers 21.239ms
[5.624s][info][gc,phases,start] GC(18) Phase 4: Move objects
[5.624s][info][gc,phases      ] GC(18) Phase 4: Move objects 0.087ms
[5.625s][info][gc,heap        ] GC(18) ParNew: 149044K->0K(314560K)
[5.625s][info][gc,heap        ] GC(18) CMS: 34955K->34955K(699072K)
[5.625s][info][gc,metaspace   ] GC(18) Metaspace: 20343K(21248K)->20343K(21248K) NonClass: 17944K(18432K)->17944K(18432K) Class: 2399K(2816K)->2399K(2816K)
[5.625s][info][gc             ] GC(18) Pause Full (System.gc()) 179M->34M(989M) 88.101ms
[5.625s][info][gc,cpu         ] GC(18) User=0.08s Sys=0.00s Real=0.10s
[5.713s][info][gc,start       ] GC(19) Pause Full (System.gc())
[5.713s][info][gc,phases,start] GC(19) Phase 1: Mark live objects
[5.741s][info][gc,phases      ] GC(19) Phase 1: Mark live objects 27.363ms
[5.741s][info][gc,phases,start] GC(19) Phase 2: Compute new object addresses
[5.778s][info][gc,phases      ] GC(19) Phase 2: Compute new object addresses 37.079ms
[5.778s][info][gc,phases,start] GC(19) Phase 3: Adjust pointers
[5.800s][info][gc,phases      ] GC(19) Phase 3: Adjust pointers 21.839ms
[5.800s][info][gc,phases,start] GC(19) Phase 4: Move objects
[5.800s][info][gc,phases      ] GC(19) Phase 4: Move objects 0.087ms
[5.800s][info][gc,heap        ] GC(19) ParNew: 147680K->0K(314560K)
[5.800s][info][gc,heap        ] GC(19) CMS: 34955K->34955K(699072K)
[5.800s][info][gc,metaspace   ] GC(19) Metaspace: 20343K(21248K)->20343K(21248K) NonClass: 17944K(18432K)->17944K(18432K) Class: 2399K(2816K)->2399K(2816K)
[5.801s][info][gc             ] GC(19) Pause Full (System.gc()) 178M->34M(989M) 87.388ms
[5.801s][info][gc,cpu         ] GC(19) User=0.09s Sys=0.00s Real=0.09s
[5.889s][info][gc,start       ] GC(20) Pause Full (System.gc())
[5.889s][info][gc,phases,start] GC(20) Phase 1: Mark live objects
[5.917s][info][gc,phases      ] GC(20) Phase 1: Mark live objects 28.463ms
[5.918s][info][gc,phases,start] GC(20) Phase 2: Compute new object addresses
[5.955s][info][gc,phases      ] GC(20) Phase 2: Compute new object addresses 37.185ms
[5.955s][info][gc,phases,start] GC(20) Phase 3: Adjust pointers
[5.976s][info][gc,phases      ] GC(20) Phase 3: Adjust pointers 21.312ms
[5.976s][info][gc,phases,start] GC(20) Phase 4: Move objects
[5.976s][info][gc,phases      ] GC(20) Phase 4: Move objects 0.086ms
[5.977s][info][gc,heap        ] GC(20) ParNew: 148578K->0K(314560K)
[5.977s][info][gc,heap        ] GC(20) CMS: 34955K->34955K(699072K)
[5.977s][info][gc,metaspace   ] GC(20) Metaspace: 20343K(21248K)->20343K(21248K) NonClass: 17944K(18432K)->17944K(18432K) Class: 2399K(2816K)->2399K(2816K)
[5.977s][info][gc             ] GC(20) Pause Full (System.gc()) 179M->34M(989M) 88.032ms
[5.977s][info][gc,cpu         ] GC(20) User=0.09s Sys=0.00s Real=0.08s
[6.066s][info][gc,start       ] GC(21) Pause Full (System.gc())
[6.066s][info][gc,phases,start] GC(21) Phase 1: Mark live objects
[6.093s][info][gc,phases      ] GC(21) Phase 1: Mark live objects 26.764ms
[6.093s][info][gc,phases,start] GC(21) Phase 2: Compute new object addresses
[6.130s][info][gc,phases      ] GC(21) Phase 2: Compute new object addresses 37.415ms
[6.130s][info][gc,phases,start] GC(21) Phase 3: Adjust pointers
[6.152s][info][gc,phases      ] GC(21) Phase 3: Adjust pointers 21.195ms
[6.152s][info][gc,phases,start] GC(21) Phase 4: Move objects
[6.152s][info][gc,phases      ] GC(21) Phase 4: Move objects 0.086ms
[6.152s][info][gc,heap        ] GC(21) ParNew: 149942K->0K(314560K)
[6.152s][info][gc,heap        ] GC(21) CMS: 34955K->34955K(699072K)
[6.152s][info][gc,metaspace   ] GC(21) Metaspace: 20343K(21248K)->20343K(21248K) NonClass: 17944K(18432K)->17944K(18432K) Class: 2399K(2816K)->2399K(2816K)
[6.152s][info][gc             ] GC(21) Pause Full (System.gc()) 180M->34M(989M) 86.381ms
[6.152s][info][gc,cpu         ] GC(21) User=0.08s Sys=0.00s Real=0.08s
[6.240s][info][gc,start       ] GC(22) Pause Full (System.gc())
[6.240s][info][gc,phases,start] GC(22) Phase 1: Mark live objects
[6.269s][info][gc,phases      ] GC(22) Phase 1: Mark live objects 28.100ms
[6.269s][info][gc,phases,start] GC(22) Phase 2: Compute new object addresses
[6.306s][info][gc,phases      ] GC(22) Phase 2: Compute new object addresses 37.725ms
[6.306s][info][gc,phases,start] GC(22) Phase 3: Adjust pointers
[6.328s][info][gc,phases      ] GC(22) Phase 3: Adjust pointers 21.280ms
[6.328s][info][gc,phases,start] GC(22) Phase 4: Move objects
[6.328s][info][gc,phases      ] GC(22) Phase 4: Move objects 0.084ms
[6.328s][info][gc,heap        ] GC(22) ParNew: 149890K->0K(314560K)
[6.328s][info][gc,heap        ] GC(22) CMS: 34955K->34955K(699072K)
[6.328s][info][gc,metaspace   ] GC(22) Metaspace: 20344K(21248K)->20344K(21248K) NonClass: 17945K(18432K)->17945K(18432K) Class: 2399K(2816K)->2399K(2816K)
[6.328s][info][gc             ] GC(22) Pause Full (System.gc()) 180M->34M(989M) 88.202ms
[6.329s][info][gc,cpu         ] GC(22) User=0.08s Sys=0.00s Real=0.08s
[6.415s][info][gc,start       ] GC(23) Pause Full (System.gc())
[6.415s][info][gc,phases,start] GC(23) Phase 1: Mark live objects
[6.441s][info][gc,phases      ] GC(23) Phase 1: Mark live objects 26.529ms
[6.441s][info][gc,phases,start] GC(23) Phase 2: Compute new object addresses
[6.479s][info][gc,phases      ] GC(23) Phase 2: Compute new object addresses 37.213ms
[6.479s][info][gc,phases,start] GC(23) Phase 3: Adjust pointers
[6.500s][info][gc,phases      ] GC(23) Phase 3: Adjust pointers 21.221ms
[6.500s][info][gc,phases,start] GC(23) Phase 4: Move objects
[6.500s][info][gc,phases      ] GC(23) Phase 4: Move objects 0.085ms
[6.500s][info][gc,heap        ] GC(23) ParNew: 148408K->0K(314560K)
[6.500s][info][gc,heap        ] GC(23) CMS: 34955K->34955K(699072K)
[6.500s][info][gc,metaspace   ] GC(23) Metaspace: 20344K(21248K)->20344K(21248K) NonClass: 17945K(18432K)->17945K(18432K) Class: 2399K(2816K)->2399K(2816K)
[6.501s][info][gc             ] GC(23) Pause Full (System.gc()) 179M->34M(989M) 85.960ms
[6.501s][info][gc,cpu         ] GC(23) User=0.08s Sys=0.00s Real=0.08s
[6.590s][info][gc,start       ] GC(24) Pause Full (System.gc())
[6.590s][info][gc,phases,start] GC(24) Phase 1: Mark live objects
[6.618s][info][gc,phases      ] GC(24) Phase 1: Mark live objects 28.053ms
[6.618s][info][gc,phases,start] GC(24) Phase 2: Compute new object addresses
[6.657s][info][gc,phases      ] GC(24) Phase 2: Compute new object addresses 38.760ms
[6.657s][info][gc,phases,start] GC(24) Phase 3: Adjust pointers
[6.678s][info][gc,phases      ] GC(24) Phase 3: Adjust pointers 21.402ms
[6.678s][info][gc,phases,start] GC(24) Phase 4: Move objects
[6.678s][info][gc,phases      ] GC(24) Phase 4: Move objects 0.085ms
[6.679s][info][gc,heap        ] GC(24) ParNew: 150506K->0K(314560K)
[6.679s][info][gc,heap        ] GC(24) CMS: 34955K->34955K(699072K)
[6.679s][info][gc,metaspace   ] GC(24) Metaspace: 20352K(21248K)->20352K(21248K) NonClass: 17953K(18432K)->17953K(18432K) Class: 2399K(2816K)->2399K(2816K)
[6.679s][info][gc             ] GC(24) Pause Full (System.gc()) 181M->34M(989M) 89.215ms
[6.679s][info][gc,cpu         ] GC(24) User=0.08s Sys=0.00s Real=0.09s
[6.767s][info][gc,start       ] GC(25) Pause Full (System.gc())
[6.768s][info][gc,phases,start] GC(25) Phase 1: Mark live objects
[6.795s][info][gc,phases      ] GC(25) Phase 1: Mark live objects 27.564ms
[6.795s][info][gc,phases,start] GC(25) Phase 2: Compute new object addresses
[6.832s][info][gc,phases      ] GC(25) Phase 2: Compute new object addresses 37.215ms
[6.833s][info][gc,phases,start] GC(25) Phase 3: Adjust pointers
[6.854s][info][gc,phases      ] GC(25) Phase 3: Adjust pointers 21.215ms
[6.854s][info][gc,phases,start] GC(25) Phase 4: Move objects
[6.854s][info][gc,phases      ] GC(25) Phase 4: Move objects 0.086ms
[6.854s][info][gc,heap        ] GC(25) ParNew: 149330K->0K(314560K)
[6.854s][info][gc,heap        ] GC(25) CMS: 34955K->34955K(699072K)
[6.854s][info][gc,metaspace   ] GC(25) Metaspace: 20353K(21248K)->20353K(21248K) NonClass: 17954K(18432K)->17954K(18432K) Class: 2399K(2816K)->2399K(2816K)
[6.854s][info][gc             ] GC(25) Pause Full (System.gc()) 179M->34M(989M) 87.008ms
[6.854s][info][gc,cpu         ] GC(25) User=0.09s Sys=0.00s Real=0.10s
[6.944s][info][gc,start       ] GC(26) Pause Full (System.gc())
[6.944s][info][gc,phases,start] GC(26) Phase 1: Mark live objects
[6.971s][info][gc,phases      ] GC(26) Phase 1: Mark live objects 27.373ms
[6.971s][info][gc,phases,start] GC(26) Phase 2: Compute new object addresses
[7.009s][info][gc,phases      ] GC(26) Phase 2: Compute new object addresses 37.773ms
[7.009s][info][gc,phases,start] GC(26) Phase 3: Adjust pointers
[7.030s][info][gc,phases      ] GC(26) Phase 3: Adjust pointers 21.188ms
[7.030s][info][gc,phases,start] GC(26) Phase 4: Move objects
[7.030s][info][gc,phases      ] GC(26) Phase 4: Move objects 0.150ms
[7.031s][info][gc,heap        ] GC(26) ParNew: 149582K->0K(314560K)
[7.031s][info][gc,heap        ] GC(26) CMS: 34955K->34955K(699072K)
[7.031s][info][gc,metaspace   ] GC(26) Metaspace: 20353K(21248K)->20353K(21248K) NonClass: 17954K(18432K)->17954K(18432K) Class: 2399K(2816K)->2399K(2816K)
[7.031s][info][gc             ] GC(26) Pause Full (System.gc()) 180M->34M(989M) 87.419ms
[7.031s][info][gc,cpu         ] GC(26) User=0.08s Sys=0.00s Real=0.08s
[7.117s][info][gc,start       ] GC(27) Pause Full (System.gc())
[7.117s][info][gc,phases,start] GC(27) Phase 1: Mark live objects
[7.144s][info][gc,phases      ] GC(27) Phase 1: Mark live objects 27.068ms
[7.144s][info][gc,phases,start] GC(27) Phase 2: Compute new object addresses
[7.182s][info][gc,phases      ] GC(27) Phase 2: Compute new object addresses 37.770ms
[7.182s][info][gc,phases,start] GC(27) Phase 3: Adjust pointers
[7.204s][info][gc,phases      ] GC(27) Phase 3: Adjust pointers 21.289ms
[7.204s][info][gc,phases,start] GC(27) Phase 4: Move objects
[7.204s][info][gc,phases      ] GC(27) Phase 4: Move objects 0.086ms
[7.204s][info][gc,heap        ] GC(27) ParNew: 149849K->0K(314560K)
[7.204s][info][gc,heap        ] GC(27) CMS: 34955K->34955K(699072K)
[7.204s][info][gc,metaspace   ] GC(27) Metaspace: 20354K(21248K)->20354K(21248K) NonClass: 17955K(18432K)->17955K(18432K) Class: 2399K(2816K)->2399K(2816K)
[7.204s][info][gc             ] GC(27) Pause Full (System.gc()) 180M->34M(989M) 87.141ms
[7.204s][info][gc,cpu         ] GC(27) User=0.08s Sys=0.00s Real=0.08s
[7.294s][info][gc,start       ] GC(28) Pause Full (System.gc())
[7.295s][info][gc,phases,start] GC(28) Phase 1: Mark live objects
[7.322s][info][gc,phases      ] GC(28) Phase 1: Mark live objects 27.300ms
[7.322s][info][gc,phases,start] GC(28) Phase 2: Compute new object addresses
[7.360s][info][gc,phases      ] GC(28) Phase 2: Compute new object addresses 37.879ms
[7.360s][info][gc,phases,start] GC(28) Phase 3: Adjust pointers
[7.381s][info][gc,phases      ] GC(28) Phase 3: Adjust pointers 21.230ms
[7.381s][info][gc,phases,start] GC(28) Phase 4: Move objects
[7.381s][info][gc,phases      ] GC(28) Phase 4: Move objects 0.086ms
[7.382s][info][gc,heap        ] GC(28) ParNew: 149044K->0K(314560K)
[7.382s][info][gc,heap        ] GC(28) CMS: 34955K->34955K(699072K)
[7.382s][info][gc,metaspace   ] GC(28) Metaspace: 20357K(21248K)->20357K(21248K) NonClass: 17958K(18432K)->17958K(18432K) Class: 2399K(2816K)->2399K(2816K)
[7.382s][info][gc             ] GC(28) Pause Full (System.gc()) 179M->34M(989M) 87.457ms
[7.382s][info][gc,cpu         ] GC(28) User=0.08s Sys=0.00s Real=0.10s
[7.471s][info][gc,start       ] GC(29) Pause Full (System.gc())
[7.471s][info][gc,phases,start] GC(29) Phase 1: Mark live objects
[7.500s][info][gc,phases      ] GC(29) Phase 1: Mark live objects 29.035ms
[7.500s][info][gc,phases,start] GC(29) Phase 2: Compute new object addresses
[7.537s][info][gc,phases      ] GC(29) Phase 2: Compute new object addresses 37.395ms
[7.537s][info][gc,phases,start] GC(29) Phase 3: Adjust pointers
[7.559s][info][gc,phases      ] GC(29) Phase 3: Adjust pointers 21.399ms
[7.559s][info][gc,phases,start] GC(29) Phase 4: Move objects
[7.559s][info][gc,phases      ] GC(29) Phase 4: Move objects 0.086ms
[7.559s][info][gc,heap        ] GC(29) ParNew: 149210K->0K(314560K)
[7.559s][info][gc,heap        ] GC(29) CMS: 34955K->34955K(699072K)
[7.559s][info][gc,metaspace   ] GC(29) Metaspace: 20357K(21248K)->20357K(21248K) NonClass: 17958K(18432K)->17958K(18432K) Class: 2399K(2816K)->2399K(2816K)
[7.559s][info][gc             ] GC(29) Pause Full (System.gc()) 179M->34M(989M) 88.899ms
[7.559s][info][gc,cpu         ] GC(29) User=0.09s Sys=0.00s Real=0.09s
[7.646s][info][gc,start       ] GC(30) Pause Full (System.gc())
[7.646s][info][gc,phases,start] GC(30) Phase 1: Mark live objects
[7.674s][info][gc,phases      ] GC(30) Phase 1: Mark live objects 27.954ms
[7.674s][info][gc,phases,start] GC(30) Phase 2: Compute new object addresses
[7.712s][info][gc,phases      ] GC(30) Phase 2: Compute new object addresses 37.496ms
[7.712s][info][gc,phases,start] GC(30) Phase 3: Adjust pointers
[7.733s][info][gc,phases      ] GC(30) Phase 3: Adjust pointers 21.411ms
[7.733s][info][gc,phases,start] GC(30) Phase 4: Move objects
[7.733s][info][gc,phases      ] GC(30) Phase 4: Move objects 0.087ms
[7.734s][info][gc,heap        ] GC(30) ParNew: 150340K->0K(314560K)
[7.734s][info][gc,heap        ] GC(30) CMS: 34955K->34955K(699072K)
[7.734s][info][gc,metaspace   ] GC(30) Metaspace: 20359K(21248K)->20359K(21248K) NonClass: 17960K(18432K)->17960K(18432K) Class: 2399K(2816K)->2399K(2816K)
[7.734s][info][gc             ] GC(30) Pause Full (System.gc()) 180M->34M(989M) 88.020ms
[7.734s][info][gc,cpu         ] GC(30) User=0.08s Sys=0.00s Real=0.10s
[7.821s][info][gc,start       ] GC(31) Pause Full (System.gc())
[7.821s][info][gc,phases,start] GC(31) Phase 1: Mark live objects
[7.849s][info][gc,phases      ] GC(31) Phase 1: Mark live objects 27.988ms
[7.849s][info][gc,phases,start] GC(31) Phase 2: Compute new object addresses
[7.887s][info][gc,phases      ] GC(31) Phase 2: Compute new object addresses 37.710ms
[7.887s][info][gc,phases,start] GC(31) Phase 3: Adjust pointers
[7.908s][info][gc,phases      ] GC(31) Phase 3: Adjust pointers 21.341ms
[7.908s][info][gc,phases,start] GC(31) Phase 4: Move objects
[7.908s][info][gc,phases      ] GC(31) Phase 4: Move objects 0.086ms
[7.909s][info][gc,heap        ] GC(31) ParNew: 149801K->0K(314560K)
[7.909s][info][gc,heap        ] GC(31) CMS: 34955K->34955K(699072K)
[7.909s][info][gc,metaspace   ] GC(31) Metaspace: 20365K(21248K)->20365K(21248K) NonClass: 17966K(18432K)->17966K(18432K) Class: 2399K(2816K)->2399K(2816K)
[7.909s][info][gc             ] GC(31) Pause Full (System.gc()) 180M->34M(989M) 88.122ms
[7.909s][info][gc,cpu         ] GC(31) User=0.09s Sys=0.00s Real=0.09s
[7.997s][info][gc,start       ] GC(32) Pause Full (System.gc())
[7.997s][info][gc,phases,start] GC(32) Phase 1: Mark live objects
[8.025s][info][gc,phases      ] GC(32) Phase 1: Mark live objects 27.273ms
[8.025s][info][gc,phases,start] GC(32) Phase 2: Compute new object addresses
[8.063s][info][gc,phases      ] GC(32) Phase 2: Compute new object addresses 38.611ms
[8.063s][info][gc,phases,start] GC(32) Phase 3: Adjust pointers
[8.085s][info][gc,phases      ] GC(32) Phase 3: Adjust pointers 21.308ms
[8.085s][info][gc,phases,start] GC(32) Phase 4: Move objects
[8.085s][info][gc,phases      ] GC(32) Phase 4: Move objects 0.085ms
[8.085s][info][gc,heap        ] GC(32) ParNew: 149147K->0K(314560K)
[8.085s][info][gc,heap        ] GC(32) CMS: 34955K->34955K(699072K)
[8.085s][info][gc,metaspace   ] GC(32) Metaspace: 20368K(21248K)->20368K(21248K) NonClass: 17969K(18432K)->17969K(18432K) Class: 2399K(2816K)->2399K(2816K)
[8.085s][info][gc             ] GC(32) Pause Full (System.gc()) 179M->34M(989M) 88.290ms
[8.086s][info][gc,cpu         ] GC(32) User=0.08s Sys=0.00s Real=0.08s
[8.174s][info][gc,start       ] GC(33) Pause Full (System.gc())
[8.174s][info][gc,phases,start] GC(33) Phase 1: Mark live objects
[8.203s][info][gc,phases      ] GC(33) Phase 1: Mark live objects 28.590ms
[8.203s][info][gc,phases,start] GC(33) Phase 2: Compute new object addresses
[8.241s][info][gc,phases      ] GC(33) Phase 2: Compute new object addresses 38.453ms
[8.242s][info][gc,phases,start] GC(33) Phase 3: Adjust pointers
[8.263s][info][gc,phases      ] GC(33) Phase 3: Adjust pointers 21.416ms
[8.263s][info][gc,phases,start] GC(33) Phase 4: Move objects
[8.263s][info][gc,phases      ] GC(33) Phase 4: Move objects 0.088ms
[8.264s][info][gc,heap        ] GC(33) ParNew: 149733K->0K(314560K)
[8.264s][info][gc,heap        ] GC(33) CMS: 34955K->34955K(699072K)
[8.264s][info][gc,metaspace   ] GC(33) Metaspace: 20368K(21248K)->20368K(21248K) NonClass: 17969K(18432K)->17969K(18432K) Class: 2399K(2816K)->2399K(2816K)
[8.264s][info][gc             ] GC(33) Pause Full (System.gc()) 180M->34M(989M) 89.533ms
[8.264s][info][gc,cpu         ] GC(33) User=0.09s Sys=0.00s Real=0.09s
[8.353s][info][gc,start       ] GC(34) Pause Full (System.gc())
[8.353s][info][gc,phases,start] GC(34) Phase 1: Mark live objects
[8.381s][info][gc,phases      ] GC(34) Phase 1: Mark live objects 27.937ms
[8.381s][info][gc,phases,start] GC(34) Phase 2: Compute new object addresses
[8.420s][info][gc,phases      ] GC(34) Phase 2: Compute new object addresses 38.906ms
[8.420s][info][gc,phases,start] GC(34) Phase 3: Adjust pointers
[8.441s][info][gc,phases      ] GC(34) Phase 3: Adjust pointers 21.325ms
[8.441s][info][gc,phases,start] GC(34) Phase 4: Move objects
[8.441s][info][gc,phases      ] GC(34) Phase 4: Move objects 0.085ms
[8.442s][info][gc,heap        ] GC(34) ParNew: 149207K->0K(314560K)
[8.442s][info][gc,heap        ] GC(34) CMS: 34955K->34955K(699072K)
[8.442s][info][gc,metaspace   ] GC(34) Metaspace: 20368K(21248K)->20368K(21248K) NonClass: 17969K(18432K)->17969K(18432K) Class: 2399K(2816K)->2399K(2816K)
[8.442s][info][gc             ] GC(34) Pause Full (System.gc()) 179M->34M(989M) 89.239ms
[8.442s][info][gc,cpu         ] GC(34) User=0.08s Sys=0.00s Real=0.10s
[8.531s][info][gc,start       ] GC(35) Pause Full (System.gc())
[8.531s][info][gc,phases,start] GC(35) Phase 1: Mark live objects
[8.558s][info][gc,phases      ] GC(35) Phase 1: Mark live objects 27.170ms
[8.558s][info][gc,phases,start] GC(35) Phase 2: Compute new object addresses
[8.596s][info][gc,phases      ] GC(35) Phase 2: Compute new object addresses 38.138ms
[8.596s][info][gc,phases,start] GC(35) Phase 3: Adjust pointers
[8.618s][info][gc,phases      ] GC(35) Phase 3: Adjust pointers 21.200ms
[8.618s][info][gc,phases,start] GC(35) Phase 4: Move objects
[8.618s][info][gc,phases      ] GC(35) Phase 4: Move objects 0.086ms
[8.618s][info][gc,heap        ] GC(35) ParNew: 150015K->0K(314560K)
[8.618s][info][gc,heap        ] GC(35) CMS: 34955K->34955K(699072K)
[8.618s][info][gc,metaspace   ] GC(35) Metaspace: 20368K(21248K)->20368K(21248K) NonClass: 17969K(18432K)->17969K(18432K) Class: 2399K(2816K)->2399K(2816K)
[8.618s][info][gc             ] GC(35) Pause Full (System.gc()) 180M->34M(989M) 87.581ms
[8.618s][info][gc,cpu         ] GC(35) User=0.08s Sys=0.00s Real=0.08s
[8.708s][info][gc,start       ] GC(36) Pause Full (System.gc())
[8.708s][info][gc,phases,start] GC(36) Phase 1: Mark live objects
[8.736s][info][gc,phases      ] GC(36) Phase 1: Mark live objects 27.815ms
[8.736s][info][gc,phases,start] GC(36) Phase 2: Compute new object addresses
[8.774s][info][gc,phases      ] GC(36) Phase 2: Compute new object addresses 38.067ms
[8.774s][info][gc,phases,start] GC(36) Phase 3: Adjust pointers
[8.795s][info][gc,phases      ] GC(36) Phase 3: Adjust pointers 21.346ms
[8.795s][info][gc,phases,start] GC(36) Phase 4: Move objects
[8.795s][info][gc,phases      ] GC(36) Phase 4: Move objects 0.085ms
[8.796s][info][gc,heap        ] GC(36) ParNew: 149735K->0K(314560K)
[8.796s][info][gc,heap        ] GC(36) CMS: 34955K->34955K(699072K)
[8.796s][info][gc,metaspace   ] GC(36) Metaspace: 20368K(21248K)->20368K(21248K) NonClass: 17969K(18432K)->17969K(18432K) Class: 2399K(2816K)->2399K(2816K)
[8.796s][info][gc             ] GC(36) Pause Full (System.gc()) 180M->34M(989M) 88.340ms
[8.796s][info][gc,cpu         ] GC(36) User=0.08s Sys=0.00s Real=0.09s
[8.883s][info][gc,start       ] GC(37) Pause Full (System.gc())
[8.883s][info][gc,phases,start] GC(37) Phase 1: Mark live objects
[8.910s][info][gc,phases      ] GC(37) Phase 1: Mark live objects 27.332ms
[8.910s][info][gc,phases,start] GC(37) Phase 2: Compute new object addresses
[8.947s][info][gc,phases      ] GC(37) Phase 2: Compute new object addresses 37.155ms
[8.947s][info][gc,phases,start] GC(37) Phase 3: Adjust pointers
[8.969s][info][gc,phases      ] GC(37) Phase 3: Adjust pointers 21.382ms
[8.969s][info][gc,phases,start] GC(37) Phase 4: Move objects
[8.969s][info][gc,phases      ] GC(37) Phase 4: Move objects 0.086ms
[8.969s][info][gc,heap        ] GC(37) ParNew: 149626K->0K(314560K)
[8.969s][info][gc,heap        ] GC(37) CMS: 34955K->34955K(699072K)
[8.969s][info][gc,metaspace   ] GC(37) Metaspace: 20369K(21248K)->20369K(21248K) NonClass: 17970K(18432K)->17970K(18432K) Class: 2399K(2816K)->2399K(2816K)
[8.970s][info][gc             ] GC(37) Pause Full (System.gc()) 180M->34M(989M) 86.981ms
[8.970s][info][gc,cpu         ] GC(37) User=0.09s Sys=0.00s Real=0.09s
[9.059s][info][gc,start       ] GC(38) Pause Full (System.gc())
[9.059s][info][gc,phases,start] GC(38) Phase 1: Mark live objects
[9.086s][info][gc,phases      ] GC(38) Phase 1: Mark live objects 27.607ms
[9.087s][info][gc,phases,start] GC(38) Phase 2: Compute new object addresses
[9.124s][info][gc,phases      ] GC(38) Phase 2: Compute new object addresses 37.426ms
[9.124s][info][gc,phases,start] GC(38) Phase 3: Adjust pointers
[9.145s][info][gc,phases      ] GC(38) Phase 3: Adjust pointers 21.452ms
[9.145s][info][gc,phases,start] GC(38) Phase 4: Move objects
[9.146s][info][gc,phases      ] GC(38) Phase 4: Move objects 0.084ms
[9.146s][info][gc,heap        ] GC(38) ParNew: 149282K->0K(314560K)
[9.146s][info][gc,heap        ] GC(38) CMS: 34955K->34955K(699072K)
[9.146s][info][gc,metaspace   ] GC(38) Metaspace: 20369K(21248K)->20369K(21248K) NonClass: 17970K(18432K)->17970K(18432K) Class: 2399K(2816K)->2399K(2816K)
[9.146s][info][gc             ] GC(38) Pause Full (System.gc()) 179M->34M(989M) 87.579ms
[9.146s][info][gc,cpu         ] GC(38) User=0.08s Sys=0.00s Real=0.08s
[9.235s][info][gc,start       ] GC(39) Pause Full (System.gc())
[9.235s][info][gc,phases,start] GC(39) Phase 1: Mark live objects
[9.263s][info][gc,phases      ] GC(39) Phase 1: Mark live objects 27.476ms
[9.263s][info][gc,phases,start] GC(39) Phase 2: Compute new object addresses
[9.300s][info][gc,phases      ] GC(39) Phase 2: Compute new object addresses 37.502ms
[9.300s][info][gc,phases,start] GC(39) Phase 3: Adjust pointers
[9.321s][info][gc,phases      ] GC(39) Phase 3: Adjust pointers 21.242ms
[9.321s][info][gc,phases,start] GC(39) Phase 4: Move objects
[9.322s][info][gc,phases      ] GC(39) Phase 4: Move objects 0.085ms
[9.322s][info][gc,heap        ] GC(39) ParNew: 149480K->0K(314560K)
[9.322s][info][gc,heap        ] GC(39) CMS: 34955K->34955K(699072K)
[9.322s][info][gc,metaspace   ] GC(39) Metaspace: 20369K(21248K)->20369K(21248K) NonClass: 17970K(18432K)->17970K(18432K) Class: 2399K(2816K)->2399K(2816K)
[9.322s][info][gc             ] GC(39) Pause Full (System.gc()) 180M->34M(989M) 87.277ms
[9.322s][info][gc,cpu         ] GC(39) User=0.09s Sys=0.00s Real=0.09s
[9.411s][info][gc,start       ] GC(40) Pause Full (System.gc())
[9.411s][info][gc,phases,start] GC(40) Phase 1: Mark live objects
[9.438s][info][gc,phases      ] GC(40) Phase 1: Mark live objects 26.585ms
[9.438s][info][gc,phases,start] GC(40) Phase 2: Compute new object addresses
[9.476s][info][gc,phases      ] GC(40) Phase 2: Compute new object addresses 38.051ms
[9.476s][info][gc,phases,start] GC(40) Phase 3: Adjust pointers
[9.497s][info][gc,phases      ] GC(40) Phase 3: Adjust pointers 21.367ms
[9.497s][info][gc,phases,start] GC(40) Phase 4: Move objects
[9.497s][info][gc,phases      ] GC(40) Phase 4: Move objects 0.085ms
[9.498s][info][gc,heap        ] GC(40) ParNew: 149847K->0K(314560K)
[9.498s][info][gc,heap        ] GC(40) CMS: 34955K->34955K(699072K)
[9.498s][info][gc,metaspace   ] GC(40) Metaspace: 20369K(21248K)->20369K(21248K) NonClass: 17970K(18432K)->17970K(18432K) Class: 2399K(2816K)->2399K(2816K)
[9.498s][info][gc             ] GC(40) Pause Full (System.gc()) 180M->34M(989M) 87.069ms
[9.498s][info][gc,cpu         ] GC(40) User=0.08s Sys=0.00s Real=0.08s
[9.586s][info][gc,start       ] GC(41) Pause Full (System.gc())
[9.587s][info][gc,phases,start] GC(41) Phase 1: Mark live objects
[9.615s][info][gc,phases      ] GC(41) Phase 1: Mark live objects 28.191ms
[9.615s][info][gc,phases,start] GC(41) Phase 2: Compute new object addresses
[9.653s][info][gc,phases      ] GC(41) Phase 2: Compute new object addresses 37.636ms
[9.653s][info][gc,phases,start] GC(41) Phase 3: Adjust pointers
[9.674s][info][gc,phases      ] GC(41) Phase 3: Adjust pointers 21.262ms
[9.674s][info][gc,phases,start] GC(41) Phase 4: Move objects
[9.674s][info][gc,phases      ] GC(41) Phase 4: Move objects 0.092ms
[9.675s][info][gc,heap        ] GC(41) ParNew: 149859K->0K(314560K)
[9.675s][info][gc,heap        ] GC(41) CMS: 34955K->34959K(699072K)
[9.675s][info][gc,metaspace   ] GC(41) Metaspace: 20369K(21248K)->20369K(21248K) NonClass: 17970K(18432K)->17970K(18432K) Class: 2399K(2816K)->2399K(2816K)
[9.675s][info][gc             ] GC(41) Pause Full (System.gc()) 180M->34M(989M) 88.160ms
[9.675s][info][gc,cpu         ] GC(41) User=0.08s Sys=0.00s Real=0.08s
[9.762s][info][gc,start       ] GC(42) Pause Full (System.gc())
[9.762s][info][gc,phases,start] GC(42) Phase 1: Mark live objects
[9.790s][info][gc,phases      ] GC(42) Phase 1: Mark live objects 27.294ms
[9.790s][info][gc,phases,start] GC(42) Phase 2: Compute new object addresses
[9.828s][info][gc,phases      ] GC(42) Phase 2: Compute new object addresses 38.021ms
[9.828s][info][gc,phases,start] GC(42) Phase 3: Adjust pointers
[9.849s][info][gc,phases      ] GC(42) Phase 3: Adjust pointers 21.372ms
[9.849s][info][gc,phases,start] GC(42) Phase 4: Move objects
[9.849s][info][gc,phases      ] GC(42) Phase 4: Move objects 0.088ms
[9.850s][info][gc,heap        ] GC(42) ParNew: 147798K->0K(314560K)
[9.850s][info][gc,heap        ] GC(42) CMS: 34959K->34959K(699072K)
[9.850s][info][gc,metaspace   ] GC(42) Metaspace: 20369K(21248K)->20369K(21248K) NonClass: 17970K(18432K)->17970K(18432K) Class: 2399K(2816K)->2399K(2816K)
[9.850s][info][gc             ] GC(42) Pause Full (System.gc()) 178M->34M(989M) 87.694ms
[9.850s][info][gc,cpu         ] GC(42) User=0.08s Sys=0.00s Real=0.09s
[9.936s][info][gc,start       ] GC(43) Pause Full (System.gc())
[9.937s][info][gc,phases,start] GC(43) Phase 1: Mark live objects
[9.965s][info][gc,phases      ] GC(43) Phase 1: Mark live objects 27.898ms
[9.965s][info][gc,phases,start] GC(43) Phase 2: Compute new object addresses
[10.002s][info][gc,phases      ] GC(43) Phase 2: Compute new object addresses 37.208ms
[10.002s][info][gc,phases,start] GC(43) Phase 3: Adjust pointers
[10.023s][info][gc,phases      ] GC(43) Phase 3: Adjust pointers 21.330ms
[10.023s][info][gc,phases,start] GC(43) Phase 4: Move objects
[10.023s][info][gc,phases      ] GC(43) Phase 4: Move objects 0.087ms
[10.024s][info][gc,heap        ] GC(43) ParNew: 149743K->0K(314560K)
[10.024s][info][gc,heap        ] GC(43) CMS: 34959K->34959K(699072K)
[10.024s][info][gc,metaspace   ] GC(43) Metaspace: 20369K(21248K)->20369K(21248K) NonClass: 17970K(18432K)->17970K(18432K) Class: 2399K(2816K)->2399K(2816K)
[10.024s][info][gc             ] GC(43) Pause Full (System.gc()) 180M->34M(989M) 87.522ms
[10.024s][info][gc,cpu         ] GC(43) User=0.09s Sys=0.00s Real=0.09s
[10.112s][info][gc,start       ] GC(44) Pause Full (System.gc())
[10.112s][info][gc,phases,start] GC(44) Phase 1: Mark live objects
[10.140s][info][gc,phases      ] GC(44) Phase 1: Mark live objects 28.215ms
[10.140s][info][gc,phases,start] GC(44) Phase 2: Compute new object addresses
[10.178s][info][gc,phases      ] GC(44) Phase 2: Compute new object addresses 37.603ms
[10.178s][info][gc,phases,start] GC(44) Phase 3: Adjust pointers
[10.200s][info][gc,phases      ] GC(44) Phase 3: Adjust pointers 22.119ms
[10.200s][info][gc,phases,start] GC(44) Phase 4: Move objects
[10.200s][info][gc,phases      ] GC(44) Phase 4: Move objects 0.086ms
[10.200s][info][gc,heap        ] GC(44) ParNew: 150052K->0K(314560K)
[10.200s][info][gc,heap        ] GC(44) CMS: 34959K->34959K(699072K)
[10.201s][info][gc,metaspace   ] GC(44) Metaspace: 20369K(21248K)->20369K(21248K) NonClass: 17970K(18432K)->17970K(18432K) Class: 2399K(2816K)->2399K(2816K)
[10.201s][info][gc             ] GC(44) Pause Full (System.gc()) 180M->34M(989M) 89.018ms
[10.201s][info][gc,cpu         ] GC(44) User=0.09s Sys=0.00s Real=0.09s
[10.290s][info][gc,start       ] GC(45) Pause Full (System.gc())
[10.290s][info][gc,phases,start] GC(45) Phase 1: Mark live objects
[10.318s][info][gc,phases      ] GC(45) Phase 1: Mark live objects 27.942ms
[10.318s][info][gc,phases,start] GC(45) Phase 2: Compute new object addresses
[10.356s][info][gc,phases      ] GC(45) Phase 2: Compute new object addresses 37.228ms
[10.356s][info][gc,phases,start] GC(45) Phase 3: Adjust pointers
[10.377s][info][gc,phases      ] GC(45) Phase 3: Adjust pointers 21.336ms
[10.377s][info][gc,phases,start] GC(45) Phase 4: Move objects
[10.377s][info][gc,phases      ] GC(45) Phase 4: Move objects 0.086ms
[10.378s][info][gc,heap        ] GC(45) ParNew: 150329K->0K(314560K)
[10.378s][info][gc,heap        ] GC(45) CMS: 34959K->34959K(699072K)
[10.378s][info][gc,metaspace   ] GC(45) Metaspace: 20369K(21248K)->20369K(21248K) NonClass: 17970K(18432K)->17970K(18432K) Class: 2399K(2816K)->2399K(2816K)
[10.378s][info][gc             ] GC(45) Pause Full (System.gc()) 180M->34M(989M) 87.667ms
[10.378s][info][gc,cpu         ] GC(45) User=0.08s Sys=0.00s Real=0.08s
[10.467s][info][gc,start       ] GC(46) Pause Full (System.gc())
[10.467s][info][gc,phases,start] GC(46) Phase 1: Mark live objects
[10.495s][info][gc,phases      ] GC(46) Phase 1: Mark live objects 28.215ms
[10.495s][info][gc,phases,start] GC(46) Phase 2: Compute new object addresses
[10.534s][info][gc,phases      ] GC(46) Phase 2: Compute new object addresses 38.631ms
[10.534s][info][gc,phases,start] GC(46) Phase 3: Adjust pointers
[10.555s][info][gc,phases      ] GC(46) Phase 3: Adjust pointers 21.357ms
[10.555s][info][gc,phases,start] GC(46) Phase 4: Move objects
[10.555s][info][gc,phases      ] GC(46) Phase 4: Move objects 0.086ms
[10.556s][info][gc,heap        ] GC(46) ParNew: 148840K->0K(314560K)
[10.556s][info][gc,heap        ] GC(46) CMS: 34959K->34959K(699072K)
[10.556s][info][gc,metaspace   ] GC(46) Metaspace: 20369K(21248K)->20369K(21248K) NonClass: 17970K(18432K)->17970K(18432K) Class: 2399K(2816K)->2399K(2816K)
[10.556s][info][gc             ] GC(46) Pause Full (System.gc()) 179M->34M(989M) 89.296ms
[10.556s][info][gc,cpu         ] GC(46) User=0.08s Sys=0.00s Real=0.09s
[10.644s][info][gc,start       ] GC(47) Pause Full (System.gc())
[10.644s][info][gc,phases,start] GC(47) Phase 1: Mark live objects
[10.672s][info][gc,phases      ] GC(47) Phase 1: Mark live objects 28.158ms
[10.672s][info][gc,phases,start] GC(47) Phase 2: Compute new object addresses
[10.710s][info][gc,phases      ] GC(47) Phase 2: Compute new object addresses 37.705ms
[10.710s][info][gc,phases,start] GC(47) Phase 3: Adjust pointers
[10.731s][info][gc,phases      ] GC(47) Phase 3: Adjust pointers 21.392ms
[10.731s][info][gc,phases,start] GC(47) Phase 4: Move objects
[10.731s][info][gc,phases      ] GC(47) Phase 4: Move objects 0.085ms
[10.732s][info][gc,heap        ] GC(47) ParNew: 149237K->0K(314560K)
[10.732s][info][gc,heap        ] GC(47) CMS: 34959K->34959K(699072K)
[10.732s][info][gc,metaspace   ] GC(47) Metaspace: 20369K(21248K)->20369K(21248K) NonClass: 17970K(18432K)->17970K(18432K) Class: 2399K(2816K)->2399K(2816K)
[10.732s][info][gc             ] GC(47) Pause Full (System.gc()) 179M->34M(989M) 88.270ms
[10.732s][info][gc,cpu         ] GC(47) User=0.09s Sys=0.00s Real=0.09s
[10.818s][info][gc,start       ] GC(48) Pause Full (System.gc())
[10.819s][info][gc,phases,start] GC(48) Phase 1: Mark live objects
[10.846s][info][gc,phases      ] GC(48) Phase 1: Mark live objects 27.683ms
[10.846s][info][gc,phases,start] GC(48) Phase 2: Compute new object addresses
[10.884s][info][gc,phases      ] GC(48) Phase 2: Compute new object addresses 37.524ms
[10.884s][info][gc,phases,start] GC(48) Phase 3: Adjust pointers
[10.905s][info][gc,phases      ] GC(48) Phase 3: Adjust pointers 21.411ms
[10.905s][info][gc,phases,start] GC(48) Phase 4: Move objects
[10.905s][info][gc,phases      ] GC(48) Phase 4: Move objects 0.085ms
[10.906s][info][gc,heap        ] GC(48) ParNew: 149969K->0K(314560K)
[10.906s][info][gc,heap        ] GC(48) CMS: 34959K->34959K(699072K)
[10.906s][info][gc,metaspace   ] GC(48) Metaspace: 20369K(21248K)->20369K(21248K) NonClass: 17970K(18432K)->17970K(18432K) Class: 2399K(2816K)->2399K(2816K)
[10.906s][info][gc             ] GC(48) Pause Full (System.gc()) 180M->34M(989M) 87.703ms
[10.906s][info][gc,cpu         ] GC(48) User=0.09s Sys=0.00s Real=0.09s
[10.993s][info][gc,start       ] GC(49) Pause Full (System.gc())
[10.994s][info][gc,phases,start] GC(49) Phase 1: Mark live objects
[11.021s][info][gc,phases      ] GC(49) Phase 1: Mark live objects 27.338ms
[11.021s][info][gc,phases,start] GC(49) Phase 2: Compute new object addresses
[11.058s][info][gc,phases      ] GC(49) Phase 2: Compute new object addresses 37.143ms
[11.058s][info][gc,phases,start] GC(49) Phase 3: Adjust pointers
[11.079s][info][gc,phases      ] GC(49) Phase 3: Adjust pointers 21.276ms
[11.080s][info][gc,phases,start] GC(49) Phase 4: Move objects
[11.080s][info][gc,phases      ] GC(49) Phase 4: Move objects 0.085ms
[11.080s][info][gc,heap        ] GC(49) ParNew: 149671K->0K(314560K)
[11.080s][info][gc,heap        ] GC(49) CMS: 34959K->34959K(699072K)
[11.080s][info][gc,metaspace   ] GC(49) Metaspace: 20369K(21248K)->20369K(21248K) NonClass: 17970K(18432K)->17970K(18432K) Class: 2399K(2816K)->2399K(2816K)
[11.080s][info][gc             ] GC(49) Pause Full (System.gc()) 180M->34M(989M) 86.831ms
[11.080s][info][gc,cpu         ] GC(49) User=0.09s Sys=0.00s Real=0.09s
[11.167s][info][gc,start       ] GC(50) Pause Full (System.gc())
[11.167s][info][gc,phases,start] GC(50) Phase 1: Mark live objects
[11.195s][info][gc,phases      ] GC(50) Phase 1: Mark live objects 27.917ms
[11.195s][info][gc,phases,start] GC(50) Phase 2: Compute new object addresses
[11.234s][info][gc,phases      ] GC(50) Phase 2: Compute new object addresses 38.898ms
[11.234s][info][gc,phases,start] GC(50) Phase 3: Adjust pointers
[11.256s][info][gc,phases      ] GC(50) Phase 3: Adjust pointers 21.605ms
[11.256s][info][gc,phases,start] GC(50) Phase 4: Move objects
[11.256s][info][gc,phases      ] GC(50) Phase 4: Move objects 0.086ms
[11.256s][info][gc,heap        ] GC(50) ParNew: 149971K->0K(314560K)
[11.256s][info][gc,heap        ] GC(50) CMS: 34959K->34959K(699072K)
[11.256s][info][gc,metaspace   ] GC(50) Metaspace: 20369K(21248K)->20369K(21248K) NonClass: 17970K(18432K)->17970K(18432K) Class: 2399K(2816K)->2399K(2816K)
[11.256s][info][gc             ] GC(50) Pause Full (System.gc()) 180M->34M(989M) 89.576ms
[11.256s][info][gc,cpu         ] GC(50) User=0.08s Sys=0.02s Real=0.09s
[11.345s][info][gc,start       ] GC(51) Pause Full (System.gc())
[11.345s][info][gc,phases,start] GC(51) Phase 1: Mark live objects
[11.372s][info][gc,phases      ] GC(51) Phase 1: Mark live objects 27.234ms
[11.372s][info][gc,phases,start] GC(51) Phase 2: Compute new object addresses
[11.410s][info][gc,phases      ] GC(51) Phase 2: Compute new object addresses 37.945ms
[11.410s][info][gc,phases,start] GC(51) Phase 3: Adjust pointers
[11.432s][info][gc,phases      ] GC(51) Phase 3: Adjust pointers 21.748ms
[11.432s][info][gc,phases,start] GC(51) Phase 4: Move objects
[11.432s][info][gc,phases      ] GC(51) Phase 4: Move objects 0.085ms
[11.433s][info][gc,heap        ] GC(51) ParNew: 149454K->0K(314560K)
[11.433s][info][gc,heap        ] GC(51) CMS: 34959K->34959K(699072K)
[11.433s][info][gc,metaspace   ] GC(51) Metaspace: 20384K(21248K)->20384K(21248K) NonClass: 17985K(18432K)->17985K(18432K) Class: 2399K(2816K)->2399K(2816K)
[11.433s][info][gc             ] GC(51) Pause Full (System.gc()) 180M->34M(989M) 88.090ms
[11.433s][info][gc,cpu         ] GC(51) User=0.08s Sys=0.00s Real=0.08s
[11.520s][info][gc,start       ] GC(52) Pause Full (System.gc())
[11.521s][info][gc,phases,start] GC(52) Phase 1: Mark live objects
[11.548s][info][gc,phases      ] GC(52) Phase 1: Mark live objects 27.922ms
[11.548s][info][gc,phases,start] GC(52) Phase 2: Compute new object addresses
[11.587s][info][gc,phases      ] GC(52) Phase 2: Compute new object addresses 38.659ms
[11.587s][info][gc,phases,start] GC(52) Phase 3: Adjust pointers
[11.609s][info][gc,phases      ] GC(52) Phase 3: Adjust pointers 21.499ms
[11.609s][info][gc,phases,start] GC(52) Phase 4: Move objects
[11.609s][info][gc,phases      ] GC(52) Phase 4: Move objects 0.092ms
[11.609s][info][gc,heap        ] GC(52) ParNew: 150420K->0K(314560K)
[11.609s][info][gc,heap        ] GC(52) CMS: 34959K->34959K(699072K)
[11.609s][info][gc,metaspace   ] GC(52) Metaspace: 20384K(21248K)->20384K(21248K) NonClass: 17985K(18432K)->17985K(18432K) Class: 2399K(2816K)->2399K(2816K)
[11.609s][info][gc             ] GC(52) Pause Full (System.gc()) 181M->34M(989M) 89.091ms
[11.609s][info][gc,cpu         ] GC(52) User=0.08s Sys=0.00s Real=0.09s
[11.699s][info][gc,start       ] GC(53) Pause Full (System.gc())
[11.699s][info][gc,phases,start] GC(53) Phase 1: Mark live objects
[11.727s][info][gc,phases      ] GC(53) Phase 1: Mark live objects 28.084ms
[11.727s][info][gc,phases,start] GC(53) Phase 2: Compute new object addresses
[11.765s][info][gc,phases      ] GC(53) Phase 2: Compute new object addresses 37.747ms
[11.765s][info][gc,phases,start] GC(53) Phase 3: Adjust pointers
[11.786s][info][gc,phases      ] GC(53) Phase 3: Adjust pointers 21.327ms
[11.786s][info][gc,phases,start] GC(53) Phase 4: Move objects
[11.786s][info][gc,phases      ] GC(53) Phase 4: Move objects 0.085ms
[11.787s][info][gc,heap        ] GC(53) ParNew: 149483K->0K(314560K)
[11.787s][info][gc,heap        ] GC(53) CMS: 34959K->34959K(699072K)
[11.787s][info][gc,metaspace   ] GC(53) Metaspace: 20384K(21248K)->20384K(21248K) NonClass: 17985K(18432K)->17985K(18432K) Class: 2399K(2816K)->2399K(2816K)
[11.787s][info][gc             ] GC(53) Pause Full (System.gc()) 180M->34M(989M) 88.290ms
[11.787s][info][gc,cpu         ] GC(53) User=0.09s Sys=0.00s Real=0.08s
[11.875s][info][gc,start       ] GC(54) Pause Full (System.gc())
[11.875s][info][gc,phases,start] GC(54) Phase 1: Mark live objects
[11.903s][info][gc,phases      ] GC(54) Phase 1: Mark live objects 28.034ms
[11.904s][info][gc,phases,start] GC(54) Phase 2: Compute new object addresses
[11.941s][info][gc,phases      ] GC(54) Phase 2: Compute new object addresses 37.421ms
[11.941s][info][gc,phases,start] GC(54) Phase 3: Adjust pointers
[11.962s][info][gc,phases      ] GC(54) Phase 3: Adjust pointers 21.297ms
[11.962s][info][gc,phases,start] GC(54) Phase 4: Move objects
[11.962s][info][gc,phases      ] GC(54) Phase 4: Move objects 0.086ms
[11.963s][info][gc,heap        ] GC(54) ParNew: 148837K->0K(314560K)
[11.963s][info][gc,heap        ] GC(54) CMS: 34959K->34959K(699072K)
[11.963s][info][gc,metaspace   ] GC(54) Metaspace: 20384K(21248K)->20384K(21248K) NonClass: 17985K(18432K)->17985K(18432K) Class: 2399K(2816K)->2399K(2816K)
[11.963s][info][gc             ] GC(54) Pause Full (System.gc()) 179M->34M(989M) 87.895ms
[11.963s][info][gc,cpu         ] GC(54) User=0.06s Sys=0.00s Real=0.08s
[12.049s][info][gc,start       ] GC(55) Pause Full (System.gc())
[12.050s][info][gc,phases,start] GC(55) Phase 1: Mark live objects
[12.077s][info][gc,phases      ] GC(55) Phase 1: Mark live objects 27.423ms
[12.077s][info][gc,phases,start] GC(55) Phase 2: Compute new object addresses
[12.115s][info][gc,phases      ] GC(55) Phase 2: Compute new object addresses 37.528ms
[12.115s][info][gc,phases,start] GC(55) Phase 3: Adjust pointers
[12.136s][info][gc,phases      ] GC(55) Phase 3: Adjust pointers 21.367ms
[12.136s][info][gc,phases,start] GC(55) Phase 4: Move objects
[12.136s][info][gc,phases      ] GC(55) Phase 4: Move objects 0.085ms
[12.137s][info][gc,heap        ] GC(55) ParNew: 149389K->0K(314560K)
[12.137s][info][gc,heap        ] GC(55) CMS: 34959K->34959K(699072K)
[12.137s][info][gc,metaspace   ] GC(55) Metaspace: 20384K(21248K)->20384K(21248K) NonClass: 17985K(18432K)->17985K(18432K) Class: 2399K(2816K)->2399K(2816K)
[12.137s][info][gc             ] GC(55) Pause Full (System.gc()) 180M->34M(989M) 87.412ms
[12.137s][info][gc,cpu         ] GC(55) User=0.08s Sys=0.00s Real=0.08s
[12.225s][info][gc,start       ] GC(56) Pause Full (System.gc())
[12.225s][info][gc,phases,start] GC(56) Phase 1: Mark live objects
[12.252s][info][gc,phases      ] GC(56) Phase 1: Mark live objects 26.869ms
[12.252s][info][gc,phases,start] GC(56) Phase 2: Compute new object addresses
[12.289s][info][gc,phases      ] GC(56) Phase 2: Compute new object addresses 37.226ms
[12.289s][info][gc,phases,start] GC(56) Phase 3: Adjust pointers
[12.310s][info][gc,phases      ] GC(56) Phase 3: Adjust pointers 21.251ms
[12.310s][info][gc,phases,start] GC(56) Phase 4: Move objects
[12.310s][info][gc,phases      ] GC(56) Phase 4: Move objects 0.085ms
[12.311s][info][gc,heap        ] GC(56) ParNew: 150521K->0K(314560K)
[12.311s][info][gc,heap        ] GC(56) CMS: 34959K->34959K(699072K)
[12.311s][info][gc,metaspace   ] GC(56) Metaspace: 20385K(21248K)->20385K(21248K) NonClass: 17986K(18432K)->17986K(18432K) Class: 2399K(2816K)->2399K(2816K)
[12.311s][info][gc             ] GC(56) Pause Full (System.gc()) 181M->34M(989M) 86.371ms
[12.311s][info][gc,cpu         ] GC(56) User=0.08s Sys=0.00s Real=0.08s
[12.399s][info][gc,start       ] GC(57) Pause Full (System.gc())
[12.399s][info][gc,phases,start] GC(57) Phase 1: Mark live objects
[12.427s][info][gc,phases      ] GC(57) Phase 1: Mark live objects 27.542ms
[12.427s][info][gc,phases,start] GC(57) Phase 2: Compute new object addresses
[12.465s][info][gc,phases      ] GC(57) Phase 2: Compute new object addresses 37.865ms
[12.465s][info][gc,phases,start] GC(57) Phase 3: Adjust pointers
[12.486s][info][gc,phases      ] GC(57) Phase 3: Adjust pointers 21.281ms
[12.486s][info][gc,phases,start] GC(57) Phase 4: Move objects
[12.486s][info][gc,phases      ] GC(57) Phase 4: Move objects 0.086ms
[12.487s][info][gc,heap        ] GC(57) ParNew: 149154K->0K(314560K)
[12.487s][info][gc,heap        ] GC(57) CMS: 34959K->34959K(699072K)
[12.487s][info][gc,metaspace   ] GC(57) Metaspace: 20385K(21248K)->20385K(21248K) NonClass: 17986K(18432K)->17986K(18432K) Class: 2399K(2816K)->2399K(2816K)
[12.487s][info][gc             ] GC(57) Pause Full (System.gc()) 179M->34M(989M) 87.824ms
[12.487s][info][gc,cpu         ] GC(57) User=0.09s Sys=0.00s Real=0.09s
[12.576s][info][gc,start       ] GC(58) Pause Full (System.gc())
[12.576s][info][gc,phases,start] GC(58) Phase 1: Mark live objects
[12.604s][info][gc,phases      ] GC(58) Phase 1: Mark live objects 27.729ms
[12.604s][info][gc,phases,start] GC(58) Phase 2: Compute new object addresses
[12.643s][info][gc,phases      ] GC(58) Phase 2: Compute new object addresses 38.741ms
[12.643s][info][gc,phases,start] GC(58) Phase 3: Adjust pointers
[12.664s][info][gc,phases      ] GC(58) Phase 3: Adjust pointers 21.423ms
[12.664s][info][gc,phases,start] GC(58) Phase 4: Move objects
[12.664s][info][gc,phases      ] GC(58) Phase 4: Move objects 0.086ms
[12.665s][info][gc,heap        ] GC(58) ParNew: 148597K->0K(314560K)
[12.665s][info][gc,heap        ] GC(58) CMS: 34959K->34959K(699072K)
[12.665s][info][gc,metaspace   ] GC(58) Metaspace: 20385K(21248K)->20385K(21248K) NonClass: 17986K(18432K)->17986K(18432K) Class: 2399K(2816K)->2399K(2816K)
[12.665s][info][gc             ] GC(58) Pause Full (System.gc()) 179M->34M(989M) 88.968ms
[12.665s][info][gc,cpu         ] GC(58) User=0.08s Sys=0.00s Real=0.09s
[12.754s][info][gc,start       ] GC(59) Pause Full (System.gc())
[12.754s][info][gc,phases,start] GC(59) Phase 1: Mark live objects
[12.782s][info][gc,phases      ] GC(59) Phase 1: Mark live objects 27.976ms
[12.782s][info][gc,phases,start] GC(59) Phase 2: Compute new object addresses
[12.819s][info][gc,phases      ] GC(59) Phase 2: Compute new object addresses 37.404ms
[12.819s][info][gc,phases,start] GC(59) Phase 3: Adjust pointers
[12.841s][info][gc,phases      ] GC(59) Phase 3: Adjust pointers 21.235ms
[12.841s][info][gc,phases,start] GC(59) Phase 4: Move objects
[12.841s][info][gc,phases      ] GC(59) Phase 4: Move objects 0.086ms
[12.841s][info][gc,heap        ] GC(59) ParNew: 150160K->0K(314560K)
[12.841s][info][gc,heap        ] GC(59) CMS: 34959K->34959K(699072K)
[12.841s][info][gc,metaspace   ] GC(59) Metaspace: 20385K(21248K)->20385K(21248K) NonClass: 17986K(18432K)->17986K(18432K) Class: 2399K(2816K)->2399K(2816K)
[12.841s][info][gc             ] GC(59) Pause Full (System.gc()) 180M->34M(989M) 87.777ms
[12.841s][info][gc,cpu         ] GC(59) User=0.09s Sys=0.00s Real=0.10s
[12.929s][info][gc,start       ] GC(60) Pause Full (System.gc())
[12.929s][info][gc,phases,start] GC(60) Phase 1: Mark live objects
[12.956s][info][gc,phases      ] GC(60) Phase 1: Mark live objects 27.016ms
[12.956s][info][gc,phases,start] GC(60) Phase 2: Compute new object addresses
[12.995s][info][gc,phases      ] GC(60) Phase 2: Compute new object addresses 38.796ms
[12.995s][info][gc,phases,start] GC(60) Phase 3: Adjust pointers
[13.016s][info][gc,phases      ] GC(60) Phase 3: Adjust pointers 21.352ms
[13.016s][info][gc,phases,start] GC(60) Phase 4: Move objects
[13.017s][info][gc,phases      ] GC(60) Phase 4: Move objects 0.085ms
[13.017s][info][gc,heap        ] GC(60) ParNew: 149693K->0K(314560K)
[13.017s][info][gc,heap        ] GC(60) CMS: 34959K->34959K(699072K)
[13.017s][info][gc,metaspace   ] GC(60) Metaspace: 20385K(21248K)->20385K(21248K) NonClass: 17986K(18432K)->17986K(18432K) Class: 2399K(2816K)->2399K(2816K)
[13.017s][info][gc             ] GC(60) Pause Full (System.gc()) 180M->34M(989M) 88.226ms
[13.017s][info][gc,cpu         ] GC(60) User=0.08s Sys=0.00s Real=0.08s
[13.105s][info][gc,start       ] GC(61) Pause Full (System.gc())
[13.106s][info][gc,phases,start] GC(61) Phase 1: Mark live objects
[13.134s][info][gc,phases      ] GC(61) Phase 1: Mark live objects 28.478ms
[13.134s][info][gc,phases,start] GC(61) Phase 2: Compute new object addresses
[13.171s][info][gc,phases      ] GC(61) Phase 2: Compute new object addresses 37.147ms
[13.171s][info][gc,phases,start] GC(61) Phase 3: Adjust pointers
[13.193s][info][gc,phases      ] GC(61) Phase 3: Adjust pointers 21.282ms
[13.193s][info][gc,phases,start] GC(61) Phase 4: Move objects
[13.193s][info][gc,phases      ] GC(61) Phase 4: Move objects 0.085ms
[13.193s][info][gc,heap        ] GC(61) ParNew: 149212K->0K(314560K)
[13.193s][info][gc,heap        ] GC(61) CMS: 34959K->34959K(699072K)
[13.193s][info][gc,metaspace   ] GC(61) Metaspace: 20385K(21248K)->20385K(21248K) NonClass: 17986K(18432K)->17986K(18432K) Class: 2399K(2816K)->2399K(2816K)
[13.193s][info][gc             ] GC(61) Pause Full (System.gc()) 179M->34M(989M) 87.925ms
[13.193s][info][gc,cpu         ] GC(61) User=0.08s Sys=0.00s Real=0.08s
[13.286s][info][gc,start       ] GC(62) Pause Full (System.gc())
[13.286s][info][gc,phases,start] GC(62) Phase 1: Mark live objects
[13.314s][info][gc,phases      ] GC(62) Phase 1: Mark live objects 28.118ms
[13.314s][info][gc,phases,start] GC(62) Phase 2: Compute new object addresses
[13.351s][info][gc,phases      ] GC(62) Phase 2: Compute new object addresses 37.322ms
[13.351s][info][gc,phases,start] GC(62) Phase 3: Adjust pointers
[13.373s][info][gc,phases      ] GC(62) Phase 3: Adjust pointers 21.188ms
[13.373s][info][gc,phases,start] GC(62) Phase 4: Move objects
[13.373s][info][gc,phases      ] GC(62) Phase 4: Move objects 0.085ms
[13.373s][info][gc,heap        ] GC(62) ParNew: 150093K->0K(314560K)
[13.373s][info][gc,heap        ] GC(62) CMS: 34959K->34959K(699072K)
[13.373s][info][gc,metaspace   ] GC(62) Metaspace: 20385K(21248K)->20385K(21248K) NonClass: 17986K(18432K)->17986K(18432K) Class: 2399K(2816K)->2399K(2816K)
[13.373s][info][gc             ] GC(62) Pause Full (System.gc()) 180M->34M(989M) 87.714ms
[13.373s][info][gc,cpu         ] GC(62) User=0.09s Sys=0.00s Real=0.10s
[13.462s][info][gc,start       ] GC(63) Pause Full (System.gc())
[13.462s][info][gc,phases,start] GC(63) Phase 1: Mark live objects
[13.489s][info][gc,phases      ] GC(63) Phase 1: Mark live objects 27.290ms
[13.489s][info][gc,phases,start] GC(63) Phase 2: Compute new object addresses
[13.527s][info][gc,phases      ] GC(63) Phase 2: Compute new object addresses 38.180ms
[13.527s][info][gc,phases,start] GC(63) Phase 3: Adjust pointers
[13.549s][info][gc,phases      ] GC(63) Phase 3: Adjust pointers 21.348ms
[13.549s][info][gc,phases,start] GC(63) Phase 4: Move objects
[13.549s][info][gc,phases      ] GC(63) Phase 4: Move objects 0.088ms
[13.549s][info][gc,heap        ] GC(63) ParNew: 149869K->0K(314560K)
[13.549s][info][gc,heap        ] GC(63) CMS: 34959K->34959K(699072K)
[13.549s][info][gc,metaspace   ] GC(63) Metaspace: 20385K(21248K)->20385K(21248K) NonClass: 17986K(18432K)->17986K(18432K) Class: 2399K(2816K)->2399K(2816K)
[13.549s][info][gc             ] GC(63) Pause Full (System.gc()) 180M->34M(989M) 87.857ms
[13.549s][info][gc,cpu         ] GC(63) User=0.08s Sys=0.00s Real=0.08s
[13.639s][info][gc,start       ] GC(64) Pause Full (System.gc())
[13.639s][info][gc,phases,start] GC(64) Phase 1: Mark live objects
[13.667s][info][gc,phases      ] GC(64) Phase 1: Mark live objects 28.172ms
[13.667s][info][gc,phases,start] GC(64) Phase 2: Compute new object addresses
[13.704s][info][gc,phases      ] GC(64) Phase 2: Compute new object addresses 37.419ms
[13.704s][info][gc,phases,start] GC(64) Phase 3: Adjust pointers
[13.726s][info][gc,phases      ] GC(64) Phase 3: Adjust pointers 21.598ms
[13.726s][info][gc,phases,start] GC(64) Phase 4: Move objects
[13.726s][info][gc,phases      ] GC(64) Phase 4: Move objects 0.086ms
[13.727s][info][gc,heap        ] GC(64) ParNew: 149653K->0K(314560K)
[13.727s][info][gc,heap        ] GC(64) CMS: 34959K->34960K(699072K)
[13.727s][info][gc,metaspace   ] GC(64) Metaspace: 20385K(21248K)->20385K(21248K) NonClass: 17986K(18432K)->17986K(18432K) Class: 2399K(2816K)->2399K(2816K)
[13.727s][info][gc             ] GC(64) Pause Full (System.gc()) 180M->34M(989M) 88.230ms
[13.727s][info][gc,cpu         ] GC(64) User=0.08s Sys=0.00s Real=0.08s
[13.815s][info][gc,start       ] GC(65) Pause Full (System.gc())
[13.815s][info][gc,phases,start] GC(65) Phase 1: Mark live objects
[13.844s][info][gc,phases      ] GC(65) Phase 1: Mark live objects 28.797ms
[13.844s][info][gc,phases,start] GC(65) Phase 2: Compute new object addresses
[13.881s][info][gc,phases      ] GC(65) Phase 2: Compute new object addresses 37.187ms
[13.881s][info][gc,phases,start] GC(65) Phase 3: Adjust pointers
[13.903s][info][gc,phases      ] GC(65) Phase 3: Adjust pointers 21.499ms
[13.903s][info][gc,phases,start] GC(65) Phase 4: Move objects
[13.903s][info][gc,phases      ] GC(65) Phase 4: Move objects 0.087ms
[13.903s][info][gc,heap        ] GC(65) ParNew: 148997K->0K(314560K)
[13.903s][info][gc,heap        ] GC(65) CMS: 34960K->34960K(699072K)
[13.903s][info][gc,metaspace   ] GC(65) Metaspace: 20394K(21248K)->20394K(21248K) NonClass: 17995K(18432K)->17995K(18432K) Class: 2399K(2816K)->2399K(2816K)
[13.903s][info][gc             ] GC(65) Pause Full (System.gc()) 179M->34M(989M) 88.622ms
[13.903s][info][gc,cpu         ] GC(65) User=0.08s Sys=0.00s Real=0.10s
[13.990s][info][gc,start       ] GC(66) Pause Full (System.gc())
[13.990s][info][gc,phases,start] GC(66) Phase 1: Mark live objects
[14.017s][info][gc,phases      ] GC(66) Phase 1: Mark live objects 27.494ms
[14.017s][info][gc,phases,start] GC(66) Phase 2: Compute new object addresses
[14.055s][info][gc,phases      ] GC(66) Phase 2: Compute new object addresses 37.317ms
[14.055s][info][gc,phases,start] GC(66) Phase 3: Adjust pointers
[14.076s][info][gc,phases      ] GC(66) Phase 3: Adjust pointers 21.421ms
[14.076s][info][gc,phases,start] GC(66) Phase 4: Move objects
[14.076s][info][gc,phases      ] GC(66) Phase 4: Move objects 0.085ms
[14.077s][info][gc,heap        ] GC(66) ParNew: 149727K->0K(314560K)
[14.077s][info][gc,heap        ] GC(66) CMS: 34960K->34960K(699072K)
[14.077s][info][gc,metaspace   ] GC(66) Metaspace: 20394K(21248K)->20394K(21248K) NonClass: 17995K(18432K)->17995K(18432K) Class: 2399K(2816K)->2399K(2816K)
[14.077s][info][gc             ] GC(66) Pause Full (System.gc()) 180M->34M(989M) 87.298ms
[14.077s][info][gc,cpu         ] GC(66) User=0.08s Sys=0.00s Real=0.09s
[14.163s][info][gc,start       ] GC(67) Pause Full (System.gc())
[14.164s][info][gc,phases,start] GC(67) Phase 1: Mark live objects
[14.192s][info][gc,phases      ] GC(67) Phase 1: Mark live objects 28.084ms
[14.192s][info][gc,phases,start] GC(67) Phase 2: Compute new object addresses
[14.230s][info][gc,phases      ] GC(67) Phase 2: Compute new object addresses 37.879ms
[14.230s][info][gc,phases,start] GC(67) Phase 3: Adjust pointers
[14.251s][info][gc,phases      ] GC(67) Phase 3: Adjust pointers 21.524ms
[14.251s][info][gc,phases,start] GC(67) Phase 4: Move objects
[14.251s][info][gc,phases      ] GC(67) Phase 4: Move objects 0.085ms
[14.252s][info][gc,heap        ] GC(67) ParNew: 150200K->0K(314560K)
[14.252s][info][gc,heap        ] GC(67) CMS: 34960K->34960K(699072K)
[14.252s][info][gc,metaspace   ] GC(67) Metaspace: 20394K(21248K)->20394K(21248K) NonClass: 17995K(18432K)->17995K(18432K) Class: 2399K(2816K)->2399K(2816K)
[14.252s][info][gc             ] GC(67) Pause Full (System.gc()) 180M->34M(989M) 88.603ms
[14.252s][info][gc,cpu         ] GC(67) User=0.08s Sys=0.00s Real=0.09s
[14.341s][info][gc,start       ] GC(68) Pause Full (System.gc())
[14.341s][info][gc,phases,start] GC(68) Phase 1: Mark live objects
[14.368s][info][gc,phases      ] GC(68) Phase 1: Mark live objects 27.309ms
[14.368s][info][gc,phases,start] GC(68) Phase 2: Compute new object addresses
[14.406s][info][gc,phases      ] GC(68) Phase 2: Compute new object addresses 37.245ms
[14.406s][info][gc,phases,start] GC(68) Phase 3: Adjust pointers
[14.427s][info][gc,phases      ] GC(68) Phase 3: Adjust pointers 21.546ms
[14.427s][info][gc,phases,start] GC(68) Phase 4: Move objects
[14.427s][info][gc,phases      ] GC(68) Phase 4: Move objects 0.085ms
[14.428s][info][gc,heap        ] GC(68) ParNew: 148610K->0K(314560K)
[14.428s][info][gc,heap        ] GC(68) CMS: 34960K->34960K(699072K)
[14.428s][info][gc,metaspace   ] GC(68) Metaspace: 20395K(21248K)->20395K(21248K) NonClass: 17996K(18432K)->17996K(18432K) Class: 2399K(2816K)->2399K(2816K)
[14.428s][info][gc             ] GC(68) Pause Full (System.gc()) 179M->34M(989M) 87.100ms
[14.428s][info][gc,cpu         ] GC(68) User=0.08s Sys=0.00s Real=0.08s
[14.514s][info][gc,start       ] GC(69) Pause Full (System.gc())
[14.515s][info][gc,phases,start] GC(69) Phase 1: Mark live objects
[14.543s][info][gc,phases      ] GC(69) Phase 1: Mark live objects 28.502ms
[14.543s][info][gc,phases,start] GC(69) Phase 2: Compute new object addresses
[14.580s][info][gc,phases      ] GC(69) Phase 2: Compute new object addresses 37.150ms
[14.580s][info][gc,phases,start] GC(69) Phase 3: Adjust pointers
[14.602s][info][gc,phases      ] GC(69) Phase 3: Adjust pointers 21.376ms
[14.602s][info][gc,phases,start] GC(69) Phase 4: Move objects
[14.602s][info][gc,phases      ] GC(69) Phase 4: Move objects 0.085ms
[14.602s][info][gc,heap        ] GC(69) ParNew: 148874K->0K(314560K)
[14.602s][info][gc,heap        ] GC(69) CMS: 34960K->34960K(699072K)
[14.602s][info][gc,metaspace   ] GC(69) Metaspace: 20396K(21248K)->20396K(21248K) NonClass: 17997K(18432K)->17997K(18432K) Class: 2399K(2816K)->2399K(2816K)
[14.602s][info][gc             ] GC(69) Pause Full (System.gc()) 179M->34M(989M) 88.099ms
[14.603s][info][gc,cpu         ] GC(69) User=0.08s Sys=0.00s Real=0.08s
[14.690s][info][gc,start       ] GC(70) Pause Full (System.gc())
[14.690s][info][gc,phases,start] GC(70) Phase 1: Mark live objects
[14.717s][info][gc,phases      ] GC(70) Phase 1: Mark live objects 27.252ms
[14.718s][info][gc,phases,start] GC(70) Phase 2: Compute new object addresses
[14.755s][info][gc,phases      ] GC(70) Phase 2: Compute new object addresses 37.892ms
[14.755s][info][gc,phases,start] GC(70) Phase 3: Adjust pointers
[14.777s][info][gc,phases      ] GC(70) Phase 3: Adjust pointers 21.383ms
[14.777s][info][gc,phases,start] GC(70) Phase 4: Move objects
[14.777s][info][gc,phases      ] GC(70) Phase 4: Move objects 0.085ms
[14.777s][info][gc,heap        ] GC(70) ParNew: 149294K->0K(314560K)
[14.778s][info][gc,heap        ] GC(70) CMS: 34960K->34960K(699072K)
[14.778s][info][gc,metaspace   ] GC(70) Metaspace: 20396K(21248K)->20396K(21248K) NonClass: 17997K(18432K)->17997K(18432K) Class: 2399K(2816K)->2399K(2816K)
[14.778s][info][gc             ] GC(70) Pause Full (System.gc()) 179M->34M(989M) 87.605ms
[14.778s][info][gc,cpu         ] GC(70) User=0.08s Sys=0.00s Real=0.08s
[14.867s][info][gc,start       ] GC(71) Pause Full (System.gc())
[14.867s][info][gc,phases,start] GC(71) Phase 1: Mark live objects
[14.895s][info][gc,phases      ] GC(71) Phase 1: Mark live objects 27.936ms
[14.895s][info][gc,phases,start] GC(71) Phase 2: Compute new object addresses
[14.933s][info][gc,phases      ] GC(71) Phase 2: Compute new object addresses 37.965ms
[14.933s][info][gc,phases,start] GC(71) Phase 3: Adjust pointers
[14.954s][info][gc,phases      ] GC(71) Phase 3: Adjust pointers 21.371ms
[14.954s][info][gc,phases,start] GC(71) Phase 4: Move objects
[14.954s][info][gc,phases      ] GC(71) Phase 4: Move objects 0.088ms
[14.955s][info][gc,heap        ] GC(71) ParNew: 149891K->0K(314560K)
[14.955s][info][gc,heap        ] GC(71) CMS: 34960K->34960K(699072K)
[14.955s][info][gc,metaspace   ] GC(71) Metaspace: 20396K(21248K)->20396K(21248K) NonClass: 17997K(18432K)->17997K(18432K) Class: 2399K(2816K)->2399K(2816K)
[14.955s][info][gc             ] GC(71) Pause Full (System.gc()) 180M->34M(989M) 88.277ms
[14.955s][info][gc,cpu         ] GC(71) User=0.08s Sys=0.00s Real=0.09s
[15.043s][info][gc,start       ] GC(72) Pause Full (System.gc())
[15.043s][info][gc,phases,start] GC(72) Phase 1: Mark live objects
[15.071s][info][gc,phases      ] GC(72) Phase 1: Mark live objects 27.463ms
[15.071s][info][gc,phases,start] GC(72) Phase 2: Compute new object addresses
[15.109s][info][gc,phases      ] GC(72) Phase 2: Compute new object addresses 38.559ms
[15.109s][info][gc,phases,start] GC(72) Phase 3: Adjust pointers
[15.131s][info][gc,phases      ] GC(72) Phase 3: Adjust pointers 21.385ms
[15.131s][info][gc,phases,start] GC(72) Phase 4: Move objects
[15.131s][info][gc,phases      ] GC(72) Phase 4: Move objects 0.085ms
[15.131s][info][gc,heap        ] GC(72) ParNew: 149095K->0K(314560K)
[15.131s][info][gc,heap        ] GC(72) CMS: 34960K->34960K(699072K)
[15.132s][info][gc,metaspace   ] GC(72) Metaspace: 20396K(21248K)->20396K(21248K) NonClass: 17997K(18432K)->17997K(18432K) Class: 2399K(2816K)->2399K(2816K)
[15.132s][info][gc             ] GC(72) Pause Full (System.gc()) 179M->34M(989M) 88.466ms
[15.132s][info][gc,cpu         ] GC(72) User=0.08s Sys=0.00s Real=0.09s
[15.220s][info][gc,start       ] GC(73) Pause Full (System.gc())
[15.220s][info][gc,phases,start] GC(73) Phase 1: Mark live objects
[15.249s][info][gc,phases      ] GC(73) Phase 1: Mark live objects 28.197ms
[15.249s][info][gc,phases,start] GC(73) Phase 2: Compute new object addresses
[15.286s][info][gc,phases      ] GC(73) Phase 2: Compute new object addresses 37.189ms
[15.286s][info][gc,phases,start] GC(73) Phase 3: Adjust pointers
[15.307s][info][gc,phases      ] GC(73) Phase 3: Adjust pointers 21.433ms
[15.307s][info][gc,phases,start] GC(73) Phase 4: Move objects
[15.308s][info][gc,phases      ] GC(73) Phase 4: Move objects 0.086ms
[15.308s][info][gc,heap        ] GC(73) ParNew: 148503K->0K(314560K)
[15.308s][info][gc,heap        ] GC(73) CMS: 34960K->34960K(699072K)
[15.308s][info][gc,metaspace   ] GC(73) Metaspace: 20396K(21248K)->20396K(21248K) NonClass: 17997K(18432K)->17997K(18432K) Class: 2399K(2816K)->2399K(2816K)
[15.308s][info][gc             ] GC(73) Pause Full (System.gc()) 179M->34M(989M) 87.833ms
[15.308s][info][gc,cpu         ] GC(73) User=0.08s Sys=0.00s Real=0.09s
[15.397s][info][gc,start       ] GC(74) Pause Full (System.gc())
[15.397s][info][gc,phases,start] GC(74) Phase 1: Mark live objects
[15.425s][info][gc,phases      ] GC(74) Phase 1: Mark live objects 27.987ms
[15.425s][info][gc,phases,start] GC(74) Phase 2: Compute new object addresses
[15.462s][info][gc,phases      ] GC(74) Phase 2: Compute new object addresses 37.125ms
[15.462s][info][gc,phases,start] GC(74) Phase 3: Adjust pointers
[15.483s][info][gc,phases      ] GC(74) Phase 3: Adjust pointers 21.304ms
[15.483s][info][gc,phases,start] GC(74) Phase 4: Move objects
[15.484s][info][gc,phases      ] GC(74) Phase 4: Move objects 0.090ms
[15.484s][info][gc,heap        ] GC(74) ParNew: 149665K->0K(314560K)
[15.484s][info][gc,heap        ] GC(74) CMS: 34960K->34960K(699072K)
[15.484s][info][gc,metaspace   ] GC(74) Metaspace: 20396K(21248K)->20396K(21248K) NonClass: 17997K(18432K)->17997K(18432K) Class: 2399K(2816K)->2399K(2816K)
[15.484s][info][gc             ] GC(74) Pause Full (System.gc()) 180M->34M(989M) 87.514ms
[15.484s][info][gc,cpu         ] GC(74) User=0.08s Sys=0.00s Real=0.08s
[15.572s][info][gc,start       ] GC(75) Pause Full (System.gc())
[15.572s][info][gc,phases,start] GC(75) Phase 1: Mark live objects
[15.600s][info][gc,phases      ] GC(75) Phase 1: Mark live objects 28.602ms
[15.600s][info][gc,phases,start] GC(75) Phase 2: Compute new object addresses
[15.638s][info][gc,phases      ] GC(75) Phase 2: Compute new object addresses 37.275ms
[15.638s][info][gc,phases,start] GC(75) Phase 3: Adjust pointers
[15.659s][info][gc,phases      ] GC(75) Phase 3: Adjust pointers 21.402ms
[15.659s][info][gc,phases,start] GC(75) Phase 4: Move objects
[15.659s][info][gc,phases      ] GC(75) Phase 4: Move objects 0.088ms
[15.660s][info][gc,heap        ] GC(75) ParNew: 149135K->0K(314560K)
[15.660s][info][gc,heap        ] GC(75) CMS: 34960K->34960K(699072K)
[15.660s][info][gc,metaspace   ] GC(75) Metaspace: 20396K(21248K)->20396K(21248K) NonClass: 17997K(18432K)->17997K(18432K) Class: 2399K(2816K)->2399K(2816K)
[15.660s][info][gc             ] GC(75) Pause Full (System.gc()) 179M->34M(989M) 88.376ms
[15.660s][info][gc,cpu         ] GC(75) User=0.09s Sys=0.00s Real=0.09s
[15.747s][info][gc,start       ] GC(76) Pause Full (System.gc())
[15.748s][info][gc,phases,start] GC(76) Phase 1: Mark live objects
[15.776s][info][gc,phases      ] GC(76) Phase 1: Mark live objects 28.091ms
[15.776s][info][gc,phases,start] GC(76) Phase 2: Compute new object addresses
[15.814s][info][gc,phases      ] GC(76) Phase 2: Compute new object addresses 37.870ms
[15.814s][info][gc,phases,start] GC(76) Phase 3: Adjust pointers
[15.835s][info][gc,phases      ] GC(76) Phase 3: Adjust pointers 21.416ms
[15.835s][info][gc,phases,start] GC(76) Phase 4: Move objects
[15.835s][info][gc,phases      ] GC(76) Phase 4: Move objects 0.085ms
[15.836s][info][gc,heap        ] GC(76) ParNew: 149100K->0K(314560K)
[15.836s][info][gc,heap        ] GC(76) CMS: 34960K->34960K(699072K)
[15.836s][info][gc,metaspace   ] GC(76) Metaspace: 20396K(21248K)->20396K(21248K) NonClass: 17997K(18432K)->17997K(18432K) Class: 2399K(2816K)->2399K(2816K)
[15.836s][info][gc             ] GC(76) Pause Full (System.gc()) 179M->34M(989M) 88.387ms
[15.836s][info][gc,cpu         ] GC(76) User=0.08s Sys=0.00s Real=0.09s
[15.924s][info][gc,start       ] GC(77) Pause Full (System.gc())
[15.924s][info][gc,phases,start] GC(77) Phase 1: Mark live objects
[15.951s][info][gc,phases      ] GC(77) Phase 1: Mark live objects 27.288ms
[15.951s][info][gc,phases,start] GC(77) Phase 2: Compute new object addresses
[15.988s][info][gc,phases      ] GC(77) Phase 2: Compute new object addresses 37.179ms
[15.988s][info][gc,phases,start] GC(77) Phase 3: Adjust pointers
[16.010s][info][gc,phases      ] GC(77) Phase 3: Adjust pointers 21.433ms
[16.010s][info][gc,phases,start] GC(77) Phase 4: Move objects
[16.010s][info][gc,phases      ] GC(77) Phase 4: Move objects 0.086ms
[16.011s][info][gc,heap        ] GC(77) ParNew: 149405K->0K(314560K)
[16.011s][info][gc,heap        ] GC(77) CMS: 34960K->34960K(699072K)
[16.011s][info][gc,metaspace   ] GC(77) Metaspace: 20396K(21248K)->20396K(21248K) NonClass: 17997K(18432K)->17997K(18432K) Class: 2399K(2816K)->2399K(2816K)
[16.011s][info][gc             ] GC(77) Pause Full (System.gc()) 180M->34M(989M) 86.897ms
[16.011s][info][gc,cpu         ] GC(77) User=0.09s Sys=0.00s Real=0.10s
[16.099s][info][gc,start       ] GC(78) Pause Full (System.gc())
[16.099s][info][gc,phases,start] GC(78) Phase 1: Mark live objects
[16.127s][info][gc,phases      ] GC(78) Phase 1: Mark live objects 27.796ms
[16.127s][info][gc,phases,start] GC(78) Phase 2: Compute new object addresses
[16.164s][info][gc,phases      ] GC(78) Phase 2: Compute new object addresses 37.405ms
[16.164s][info][gc,phases,start] GC(78) Phase 3: Adjust pointers
[16.185s][info][gc,phases      ] GC(78) Phase 3: Adjust pointers 21.419ms
[16.186s][info][gc,phases,start] GC(78) Phase 4: Move objects
[16.186s][info][gc,phases      ] GC(78) Phase 4: Move objects 0.086ms
[16.186s][info][gc,heap        ] GC(78) ParNew: 150662K->0K(314560K)
[16.186s][info][gc,heap        ] GC(78) CMS: 34960K->34960K(699072K)
[16.186s][info][gc,metaspace   ] GC(78) Metaspace: 20396K(21248K)->20396K(21248K) NonClass: 17997K(18432K)->17997K(18432K) Class: 2399K(2816K)->2399K(2816K)
[16.186s][info][gc             ] GC(78) Pause Full (System.gc()) 181M->34M(989M) 87.628ms
[16.186s][info][gc,cpu         ] GC(78) User=0.06s Sys=0.00s Real=0.08s
[16.280s][info][gc,start       ] GC(79) Pause Full (System.gc())
[16.281s][info][gc,phases,start] GC(79) Phase 1: Mark live objects
[16.311s][info][gc,phases      ] GC(79) Phase 1: Mark live objects 30.464ms
[16.311s][info][gc,phases,start] GC(79) Phase 2: Compute new object addresses
[16.351s][info][gc,phases      ] GC(79) Phase 2: Compute new object addresses 39.458ms
[16.351s][info][gc,phases,start] GC(79) Phase 3: Adjust pointers
[16.373s][info][gc,phases      ] GC(79) Phase 3: Adjust pointers 22.498ms
[16.373s][info][gc,phases,start] GC(79) Phase 4: Move objects
[16.373s][info][gc,phases      ] GC(79) Phase 4: Move objects 0.086ms
[16.374s][info][gc,heap        ] GC(79) ParNew: 149512K->0K(314560K)
[16.374s][info][gc,heap        ] GC(79) CMS: 34960K->34960K(699072K)
[16.374s][info][gc,metaspace   ] GC(79) Metaspace: 20396K(21248K)->20396K(21248K) NonClass: 17997K(18432K)->17997K(18432K) Class: 2399K(2816K)->2399K(2816K)
[16.374s][info][gc             ] GC(79) Pause Full (System.gc()) 180M->34M(989M) 94.000ms
[16.374s][info][gc,cpu         ] GC(79) User=0.17s Sys=0.00s Real=0.10s
[16.462s][info][gc,start       ] GC(80) Pause Full (System.gc())
[16.462s][info][gc,phases,start] GC(80) Phase 1: Mark live objects
[16.489s][info][gc,phases      ] GC(80) Phase 1: Mark live objects 27.304ms
[16.489s][info][gc,phases,start] GC(80) Phase 2: Compute new object addresses
[16.527s][info][gc,phases      ] GC(80) Phase 2: Compute new object addresses 37.254ms
[16.527s][info][gc,phases,start] GC(80) Phase 3: Adjust pointers
[16.548s][info][gc,phases      ] GC(80) Phase 3: Adjust pointers 21.266ms
[16.548s][info][gc,phases,start] GC(80) Phase 4: Move objects
[16.548s][info][gc,phases      ] GC(80) Phase 4: Move objects 0.086ms
[16.549s][info][gc,heap        ] GC(80) ParNew: 149547K->0K(314560K)
[16.549s][info][gc,heap        ] GC(80) CMS: 34960K->34960K(699072K)
[16.549s][info][gc,metaspace   ] GC(80) Metaspace: 20396K(21248K)->20396K(21248K) NonClass: 17997K(18432K)->17997K(18432K) Class: 2399K(2816K)->2399K(2816K)
[16.549s][info][gc             ] GC(80) Pause Full (System.gc()) 180M->34M(989M) 86.829ms
[16.549s][info][gc,cpu         ] GC(80) User=0.08s Sys=0.00s Real=0.08s
[16.635s][info][gc,start       ] GC(81) Pause Full (System.gc())
[16.635s][info][gc,phases,start] GC(81) Phase 1: Mark live objects
[16.663s][info][gc,phases      ] GC(81) Phase 1: Mark live objects 28.269ms
[16.664s][info][gc,phases,start] GC(81) Phase 2: Compute new object addresses
[16.701s][info][gc,phases      ] GC(81) Phase 2: Compute new object addresses 37.296ms
[16.701s][info][gc,phases,start] GC(81) Phase 3: Adjust pointers
[16.722s][info][gc,phases      ] GC(81) Phase 3: Adjust pointers 21.417ms
[16.722s][info][gc,phases,start] GC(81) Phase 4: Move objects
[16.722s][info][gc,phases      ] GC(81) Phase 4: Move objects 0.086ms
[16.723s][info][gc,heap        ] GC(81) ParNew: 150261K->0K(314560K)
[16.723s][info][gc,heap        ] GC(81) CMS: 34960K->34960K(699072K)
[16.723s][info][gc,metaspace   ] GC(81) Metaspace: 20396K(21248K)->20396K(21248K) NonClass: 17997K(18432K)->17997K(18432K) Class: 2399K(2816K)->2399K(2816K)
[16.723s][info][gc             ] GC(81) Pause Full (System.gc()) 180M->34M(989M) 88.064ms
[16.723s][info][gc,cpu         ] GC(81) User=0.08s Sys=0.00s Real=0.08s
[16.810s][info][gc,start       ] GC(82) Pause Full (System.gc())
[16.810s][info][gc,phases,start] GC(82) Phase 1: Mark live objects
[16.838s][info][gc,phases      ] GC(82) Phase 1: Mark live objects 27.856ms
[16.838s][info][gc,phases,start] GC(82) Phase 2: Compute new object addresses
[16.875s][info][gc,phases      ] GC(82) Phase 2: Compute new object addresses 37.209ms
[16.876s][info][gc,phases,start] GC(82) Phase 3: Adjust pointers
[16.897s][info][gc,phases      ] GC(82) Phase 3: Adjust pointers 21.364ms
[16.897s][info][gc,phases,start] GC(82) Phase 4: Move objects
[16.897s][info][gc,phases      ] GC(82) Phase 4: Move objects 0.086ms
[16.898s][info][gc,heap        ] GC(82) ParNew: 148743K->0K(314560K)
[16.898s][info][gc,heap        ] GC(82) CMS: 34960K->34960K(699072K)
[16.898s][info][gc,metaspace   ] GC(82) Metaspace: 20396K(21248K)->20396K(21248K) NonClass: 17997K(18432K)->17997K(18432K) Class: 2399K(2816K)->2399K(2816K)
[16.898s][info][gc             ] GC(82) Pause Full (System.gc()) 179M->34M(989M) 87.576ms
[16.898s][info][gc,cpu         ] GC(82) User=0.06s Sys=0.00s Real=0.08s
[16.985s][info][gc,start       ] GC(83) Pause Full (System.gc())
[16.985s][info][gc,phases,start] GC(83) Phase 1: Mark live objects
[17.013s][info][gc,phases      ] GC(83) Phase 1: Mark live objects 27.826ms
[17.013s][info][gc,phases,start] GC(83) Phase 2: Compute new object addresses
[17.051s][info][gc,phases      ] GC(83) Phase 2: Compute new object addresses 38.189ms
[17.051s][info][gc,phases,start] GC(83) Phase 3: Adjust pointers
[17.072s][info][gc,phases      ] GC(83) Phase 3: Adjust pointers 21.368ms
[17.072s][info][gc,phases,start] GC(83) Phase 4: Move objects
[17.073s][info][gc,phases      ] GC(83) Phase 4: Move objects 0.086ms
[17.073s][info][gc,heap        ] GC(83) ParNew: 150036K->0K(314560K)
[17.073s][info][gc,heap        ] GC(83) CMS: 34960K->34960K(699072K)
[17.073s][info][gc,metaspace   ] GC(83) Metaspace: 20396K(21248K)->20396K(21248K) NonClass: 17997K(18432K)->17997K(18432K) Class: 2399K(2816K)->2399K(2816K)
[17.073s][info][gc             ] GC(83) Pause Full (System.gc()) 180M->34M(989M) 88.378ms
[17.073s][info][gc,cpu         ] GC(83) User=0.09s Sys=0.00s Real=0.09s
[17.160s][info][gc,start       ] GC(84) Pause Full (System.gc())
[17.161s][info][gc,phases,start] GC(84) Phase 1: Mark live objects
[17.189s][info][gc,phases      ] GC(84) Phase 1: Mark live objects 28.466ms
[17.189s][info][gc,phases,start] GC(84) Phase 2: Compute new object addresses
[17.227s][info][gc,phases      ] GC(84) Phase 2: Compute new object addresses 38.146ms
[17.227s][info][gc,phases,start] GC(84) Phase 3: Adjust pointers
[17.249s][info][gc,phases      ] GC(84) Phase 3: Adjust pointers 21.510ms
[17.249s][info][gc,phases,start] GC(84) Phase 4: Move objects
[17.249s][info][gc,phases      ] GC(84) Phase 4: Move objects 0.086ms
[17.249s][info][gc,heap        ] GC(84) ParNew: 149736K->0K(314560K)
[17.249s][info][gc,heap        ] GC(84) CMS: 34960K->34960K(699072K)
[17.250s][info][gc,metaspace   ] GC(84) Metaspace: 20396K(21248K)->20396K(21248K) NonClass: 17997K(18432K)->17997K(18432K) Class: 2399K(2816K)->2399K(2816K)
[17.250s][info][gc             ] GC(84) Pause Full (System.gc()) 180M->34M(989M) 89.260ms
[17.250s][info][gc,cpu         ] GC(84) User=0.08s Sys=0.00s Real=0.09s
[17.336s][info][gc,start       ] GC(85) Pause Full (System.gc())
[17.336s][info][gc,phases,start] GC(85) Phase 1: Mark live objects
[17.364s][info][gc,phases      ] GC(85) Phase 1: Mark live objects 27.928ms
[17.364s][info][gc,phases,start] GC(85) Phase 2: Compute new object addresses
[17.401s][info][gc,phases      ] GC(85) Phase 2: Compute new object addresses 37.088ms
[17.401s][info][gc,phases,start] GC(85) Phase 3: Adjust pointers
[17.423s][info][gc,phases      ] GC(85) Phase 3: Adjust pointers 21.945ms
[17.423s][info][gc,phases,start] GC(85) Phase 4: Move objects
[17.423s][info][gc,phases      ] GC(85) Phase 4: Move objects 0.098ms
[17.424s][info][gc,heap        ] GC(85) ParNew: 148649K->0K(314560K)
[17.424s][info][gc,heap        ] GC(85) CMS: 34960K->34960K(699072K)
[17.424s][info][gc,metaspace   ] GC(85) Metaspace: 20396K(21248K)->20396K(21248K) NonClass: 17997K(18432K)->17997K(18432K) Class: 2399K(2816K)->2399K(2816K)
[17.424s][info][gc             ] GC(85) Pause Full (System.gc()) 179M->34M(989M) 88.053ms
[17.424s][info][gc,cpu         ] GC(85) User=0.09s Sys=0.00s Real=0.09s
[17.512s][info][gc,start       ] GC(86) Pause Full (System.gc())
[17.512s][info][gc,phases,start] GC(86) Phase 1: Mark live objects
[17.540s][info][gc,phases      ] GC(86) Phase 1: Mark live objects 27.593ms
[17.540s][info][gc,phases,start] GC(86) Phase 2: Compute new object addresses
[17.577s][info][gc,phases      ] GC(86) Phase 2: Compute new object addresses 37.173ms
[17.577s][info][gc,phases,start] GC(86) Phase 3: Adjust pointers
[17.599s][info][gc,phases      ] GC(86) Phase 3: Adjust pointers 21.666ms
[17.599s][info][gc,phases,start] GC(86) Phase 4: Move objects
[17.599s][info][gc,phases      ] GC(86) Phase 4: Move objects 0.088ms
[17.599s][info][gc,heap        ] GC(86) ParNew: 149602K->0K(314560K)
[17.599s][info][gc,heap        ] GC(86) CMS: 34960K->34960K(699072K)
[17.599s][info][gc,metaspace   ] GC(86) Metaspace: 20396K(21248K)->20396K(21248K) NonClass: 17997K(18432K)->17997K(18432K) Class: 2399K(2816K)->2399K(2816K)
[17.599s][info][gc             ] GC(86) Pause Full (System.gc()) 180M->34M(989M) 87.523ms
[17.599s][info][gc,cpu         ] GC(86) User=0.08s Sys=0.00s Real=0.08s
[17.686s][info][gc,start       ] GC(87) Pause Full (System.gc())
[17.686s][info][gc,phases,start] GC(87) Phase 1: Mark live objects
[17.714s][info][gc,phases      ] GC(87) Phase 1: Mark live objects 27.560ms
[17.714s][info][gc,phases,start] GC(87) Phase 2: Compute new object addresses
[17.751s][info][gc,phases      ] GC(87) Phase 2: Compute new object addresses 37.244ms
[17.751s][info][gc,phases,start] GC(87) Phase 3: Adjust pointers
[17.772s][info][gc,phases      ] GC(87) Phase 3: Adjust pointers 21.364ms
[17.772s][info][gc,phases,start] GC(87) Phase 4: Move objects
[17.772s][info][gc,phases      ] GC(87) Phase 4: Move objects 0.086ms
[17.773s][info][gc,heap        ] GC(87) ParNew: 149658K->0K(314560K)
[17.773s][info][gc,heap        ] GC(87) CMS: 34960K->34960K(699072K)
[17.773s][info][gc,metaspace   ] GC(87) Metaspace: 20397K(21248K)->20397K(21248K) NonClass: 17997K(18432K)->17997K(18432K) Class: 2399K(2816K)->2399K(2816K)
[17.773s][info][gc             ] GC(87) Pause Full (System.gc()) 180M->34M(989M) 87.247ms
[17.773s][info][gc,cpu         ] GC(87) User=0.08s Sys=0.00s Real=0.08s
[17.860s][info][gc,start       ] GC(88) Pause Full (System.gc())
[17.860s][info][gc,phases,start] GC(88) Phase 1: Mark live objects
[17.887s][info][gc,phases      ] GC(88) Phase 1: Mark live objects 27.072ms
[17.887s][info][gc,phases,start] GC(88) Phase 2: Compute new object addresses
[17.926s][info][gc,phases      ] GC(88) Phase 2: Compute new object addresses 38.693ms
[17.926s][info][gc,phases,start] GC(88) Phase 3: Adjust pointers
[17.947s][info][gc,phases      ] GC(88) Phase 3: Adjust pointers 21.379ms
[17.947s][info][gc,phases,start] GC(88) Phase 4: Move objects
[17.947s][info][gc,phases      ] GC(88) Phase 4: Move objects 0.086ms
[17.948s][info][gc,heap        ] GC(88) ParNew: 149187K->0K(314560K)
[17.948s][info][gc,heap        ] GC(88) CMS: 34960K->34960K(699072K)
[17.948s][info][gc,metaspace   ] GC(88) Metaspace: 20397K(21248K)->20397K(21248K) NonClass: 17997K(18432K)->17997K(18432K) Class: 2399K(2816K)->2399K(2816K)
[17.948s][info][gc             ] GC(88) Pause Full (System.gc()) 179M->34M(989M) 88.211ms
[17.948s][info][gc,cpu         ] GC(88) User=0.08s Sys=0.00s Real=0.08s
[18.037s][info][gc,start       ] GC(89) Pause Full (System.gc())
[18.037s][info][gc,phases,start] GC(89) Phase 1: Mark live objects
[18.065s][info][gc,phases      ] GC(89) Phase 1: Mark live objects 27.686ms
[18.065s][info][gc,phases,start] GC(89) Phase 2: Compute new object addresses
[18.102s][info][gc,phases      ] GC(89) Phase 2: Compute new object addresses 37.390ms
[18.102s][info][gc,phases,start] GC(89) Phase 3: Adjust pointers
[18.123s][info][gc,phases      ] GC(89) Phase 3: Adjust pointers 21.312ms
[18.123s][info][gc,phases,start] GC(89) Phase 4: Move objects
[18.124s][info][gc,phases      ] GC(89) Phase 4: Move objects 0.085ms
[18.124s][info][gc,heap        ] GC(89) ParNew: 149241K->0K(314560K)
[18.124s][info][gc,heap        ] GC(89) CMS: 34960K->34960K(699072K)
[18.124s][info][gc,metaspace   ] GC(89) Metaspace: 20397K(21248K)->20397K(21248K) NonClass: 17997K(18432K)->17997K(18432K) Class: 2399K(2816K)->2399K(2816K)
[18.124s][info][gc             ] GC(89) Pause Full (System.gc()) 179M->34M(989M) 87.462ms
[18.124s][info][gc,cpu         ] GC(89) User=0.09s Sys=0.00s Real=0.10s
[18.210s][info][gc,start       ] GC(90) Pause Full (System.gc())
[18.210s][info][gc,phases,start] GC(90) Phase 1: Mark live objects
[18.240s][info][gc,phases      ] GC(90) Phase 1: Mark live objects 29.553ms
[18.240s][info][gc,phases,start] GC(90) Phase 2: Compute new object addresses
[18.277s][info][gc,phases      ] GC(90) Phase 2: Compute new object addresses 37.573ms
[18.277s][info][gc,phases,start] GC(90) Phase 3: Adjust pointers
[18.299s][info][gc,phases      ] GC(90) Phase 3: Adjust pointers 21.632ms
[18.299s][info][gc,phases,start] GC(90) Phase 4: Move objects
[18.299s][info][gc,phases      ] GC(90) Phase 4: Move objects 0.091ms
[18.300s][info][gc,heap        ] GC(90) ParNew: 149565K->0K(314560K)
[18.300s][info][gc,heap        ] GC(90) CMS: 34960K->34960K(699072K)
[18.300s][info][gc,metaspace   ] GC(90) Metaspace: 20397K(21248K)->20397K(21248K) NonClass: 17997K(18432K)->17997K(18432K) Class: 2399K(2816K)->2399K(2816K)
[18.300s][info][gc             ] GC(90) Pause Full (System.gc()) 180M->34M(989M) 89.816ms
[18.300s][info][gc,cpu         ] GC(90) User=0.08s Sys=0.00s Real=0.09s
[18.388s][info][gc,start       ] GC(91) Pause Full (System.gc())
[18.388s][info][gc,phases,start] GC(91) Phase 1: Mark live objects
[18.415s][info][gc,phases      ] GC(91) Phase 1: Mark live objects 27.247ms
[18.415s][info][gc,phases,start] GC(91) Phase 2: Compute new object addresses
[18.452s][info][gc,phases      ] GC(91) Phase 2: Compute new object addresses 37.168ms
[18.452s][info][gc,phases,start] GC(91) Phase 3: Adjust pointers
[18.474s][info][gc,phases      ] GC(91) Phase 3: Adjust pointers 21.464ms
[18.474s][info][gc,phases,start] GC(91) Phase 4: Move objects
[18.474s][info][gc,phases      ] GC(91) Phase 4: Move objects 0.086ms
[18.474s][info][gc,heap        ] GC(91) ParNew: 150037K->0K(314560K)
[18.474s][info][gc,heap        ] GC(91) CMS: 34960K->34960K(699072K)
[18.474s][info][gc,metaspace   ] GC(91) Metaspace: 20397K(21248K)->20397K(21248K) NonClass: 17997K(18432K)->17997K(18432K) Class: 2399K(2816K)->2399K(2816K)
[18.474s][info][gc             ] GC(91) Pause Full (System.gc()) 180M->34M(989M) 86.898ms
[18.475s][info][gc,cpu         ] GC(91) User=0.09s Sys=0.00s Real=0.09s
[18.563s][info][gc,start       ] GC(92) Pause Full (System.gc())
[18.563s][info][gc,phases,start] GC(92) Phase 1: Mark live objects
[18.591s][info][gc,phases      ] GC(92) Phase 1: Mark live objects 28.099ms
[18.591s][info][gc,phases,start] GC(92) Phase 2: Compute new object addresses
[18.630s][info][gc,phases      ] GC(92) Phase 2: Compute new object addresses 38.755ms
[18.630s][info][gc,phases,start] GC(92) Phase 3: Adjust pointers
[18.652s][info][gc,phases      ] GC(92) Phase 3: Adjust pointers 21.384ms
[18.652s][info][gc,phases,start] GC(92) Phase 4: Move objects
[18.652s][info][gc,phases      ] GC(92) Phase 4: Move objects 0.085ms
[18.652s][info][gc,heap        ] GC(92) ParNew: 148929K->0K(314560K)
[18.652s][info][gc,heap        ] GC(92) CMS: 34960K->34960K(699072K)
[18.652s][info][gc,metaspace   ] GC(92) Metaspace: 20397K(21248K)->20397K(21248K) NonClass: 17997K(18432K)->17997K(18432K) Class: 2399K(2816K)->2399K(2816K)
[18.652s][info][gc             ] GC(92) Pause Full (System.gc()) 179M->34M(989M) 89.353ms
[18.652s][info][gc,cpu         ] GC(92) User=0.08s Sys=0.00s Real=0.09s
[18.742s][info][gc,start       ] GC(93) Pause Full (System.gc())
[18.742s][info][gc,phases,start] GC(93) Phase 1: Mark live objects
[18.773s][info][gc,phases      ] GC(93) Phase 1: Mark live objects 30.911ms
[18.773s][info][gc,phases,start] GC(93) Phase 2: Compute new object addresses
[18.814s][info][gc,phases      ] GC(93) Phase 2: Compute new object addresses 40.933ms
[18.814s][info][gc,phases,start] GC(93) Phase 3: Adjust pointers
[18.836s][info][gc,phases      ] GC(93) Phase 3: Adjust pointers 21.748ms
[18.836s][info][gc,phases,start] GC(93) Phase 4: Move objects
[18.836s][info][gc,phases      ] GC(93) Phase 4: Move objects 0.086ms
[18.837s][info][gc,heap        ] GC(93) ParNew: 149983K->0K(314560K)
[18.837s][info][gc,heap        ] GC(93) CMS: 34960K->34960K(699072K)
[18.837s][info][gc,metaspace   ] GC(93) Metaspace: 20397K(21248K)->20397K(21248K) NonClass: 17997K(18432K)->17997K(18432K) Class: 2399K(2816K)->2399K(2816K)
[18.837s][info][gc             ] GC(93) Pause Full (System.gc()) 180M->34M(989M) 94.648ms
[18.837s][info][gc,cpu         ] GC(93) User=0.14s Sys=0.00s Real=0.09s
[18.926s][info][gc,start       ] GC(94) Pause Full (System.gc())
[18.926s][info][gc,phases,start] GC(94) Phase 1: Mark live objects
[18.953s][info][gc,phases      ] GC(94) Phase 1: Mark live objects 27.356ms
[18.953s][info][gc,phases,start] GC(94) Phase 2: Compute new object addresses
[18.992s][info][gc,phases      ] GC(94) Phase 2: Compute new object addresses 38.772ms
[18.992s][info][gc,phases,start] GC(94) Phase 3: Adjust pointers
[19.014s][info][gc,phases      ] GC(94) Phase 3: Adjust pointers 21.451ms
[19.014s][info][gc,phases,start] GC(94) Phase 4: Move objects
[19.014s][info][gc,phases      ] GC(94) Phase 4: Move objects 0.086ms
[19.014s][info][gc,heap        ] GC(94) ParNew: 149069K->0K(314560K)
[19.014s][info][gc,heap        ] GC(94) CMS: 34960K->34960K(699072K)
[19.014s][info][gc,metaspace   ] GC(94) Metaspace: 20397K(21248K)->20397K(21248K) NonClass: 17998K(18432K)->17998K(18432K) Class: 2399K(2816K)->2399K(2816K)
[19.014s][info][gc             ] GC(94) Pause Full (System.gc()) 179M->34M(989M) 88.655ms
[19.014s][info][gc,cpu         ] GC(94) User=0.08s Sys=0.00s Real=0.09s
[19.103s][info][gc,start       ] GC(95) Pause Full (System.gc())
[19.103s][info][gc,phases,start] GC(95) Phase 1: Mark live objects
[19.130s][info][gc,phases      ] GC(95) Phase 1: Mark live objects 27.172ms
[19.130s][info][gc,phases,start] GC(95) Phase 2: Compute new object addresses
[19.168s][info][gc,phases      ] GC(95) Phase 2: Compute new object addresses 38.051ms
[19.169s][info][gc,phases,start] GC(95) Phase 3: Adjust pointers
[19.190s][info][gc,phases      ] GC(95) Phase 3: Adjust pointers 21.394ms
[19.190s][info][gc,phases,start] GC(95) Phase 4: Move objects
[19.190s][info][gc,phases      ] GC(95) Phase 4: Move objects 0.086ms
[19.191s][info][gc,heap        ] GC(95) ParNew: 150615K->0K(314560K)
[19.191s][info][gc,heap        ] GC(95) CMS: 34960K->34960K(699072K)
[19.191s][info][gc,metaspace   ] GC(95) Metaspace: 20397K(21248K)->20397K(21248K) NonClass: 17998K(18432K)->17998K(18432K) Class: 2399K(2816K)->2399K(2816K)
[19.191s][info][gc             ] GC(95) Pause Full (System.gc()) 181M->34M(989M) 87.614ms
[19.191s][info][gc,cpu         ] GC(95) User=0.08s Sys=0.00s Real=0.08s
[19.280s][info][gc,start       ] GC(96) Pause Full (System.gc())
[19.280s][info][gc,phases,start] GC(96) Phase 1: Mark live objects
[19.307s][info][gc,phases      ] GC(96) Phase 1: Mark live objects 27.655ms
[19.307s][info][gc,phases,start] GC(96) Phase 2: Compute new object addresses
[19.345s][info][gc,phases      ] GC(96) Phase 2: Compute new object addresses 37.641ms
[19.345s][info][gc,phases,start] GC(96) Phase 3: Adjust pointers
[19.366s][info][gc,phases      ] GC(96) Phase 3: Adjust pointers 21.400ms
[19.366s][info][gc,phases,start] GC(96) Phase 4: Move objects
[19.367s][info][gc,phases      ] GC(96) Phase 4: Move objects 0.092ms
[19.367s][info][gc,heap        ] GC(96) ParNew: 149651K->0K(314560K)
[19.367s][info][gc,heap        ] GC(96) CMS: 34960K->34960K(699072K)
[19.367s][info][gc,metaspace   ] GC(96) Metaspace: 20397K(21248K)->20397K(21248K) NonClass: 17998K(18432K)->17998K(18432K) Class: 2399K(2816K)->2399K(2816K)
[19.367s][info][gc             ] GC(96) Pause Full (System.gc()) 180M->34M(989M) 87.710ms
[19.367s][info][gc,cpu         ] GC(96) User=0.08s Sys=0.00s Real=0.09s
[19.457s][info][gc,start       ] GC(97) Pause Full (System.gc())
[19.457s][info][gc,phases,start] GC(97) Phase 1: Mark live objects
[19.484s][info][gc,phases      ] GC(97) Phase 1: Mark live objects 26.965ms
[19.484s][info][gc,phases,start] GC(97) Phase 2: Compute new object addresses
[19.521s][info][gc,phases      ] GC(97) Phase 2: Compute new object addresses 37.569ms
[19.521s][info][gc,phases,start] GC(97) Phase 3: Adjust pointers
[19.543s][info][gc,phases      ] GC(97) Phase 3: Adjust pointers 21.410ms
[19.543s][info][gc,phases,start] GC(97) Phase 4: Move objects
[19.543s][info][gc,phases      ] GC(97) Phase 4: Move objects 0.085ms
[19.544s][info][gc,heap        ] GC(97) ParNew: 150128K->0K(314560K)
[19.544s][info][gc,heap        ] GC(97) CMS: 34960K->34960K(699072K)
[19.544s][info][gc,metaspace   ] GC(97) Metaspace: 20404K(21248K)->20404K(21248K) NonClass: 18005K(18432K)->18005K(18432K) Class: 2399K(2816K)->2399K(2816K)
[19.544s][info][gc             ] GC(97) Pause Full (System.gc()) 180M->34M(989M) 87.022ms
[19.544s][info][gc,cpu         ] GC(97) User=0.09s Sys=0.00s Real=0.09s
[19.630s][info][gc,start       ] GC(98) Pause Full (System.gc())
[19.630s][info][gc,phases,start] GC(98) Phase 1: Mark live objects
[19.659s][info][gc,phases      ] GC(98) Phase 1: Mark live objects 28.720ms
[19.659s][info][gc,phases,start] GC(98) Phase 2: Compute new object addresses
[19.697s][info][gc,phases      ] GC(98) Phase 2: Compute new object addresses 37.471ms
[19.697s][info][gc,phases,start] GC(98) Phase 3: Adjust pointers
[19.718s][info][gc,phases      ] GC(98) Phase 3: Adjust pointers 21.395ms
[19.718s][info][gc,phases,start] GC(98) Phase 4: Move objects
[19.718s][info][gc,phases      ] GC(98) Phase 4: Move objects 0.085ms
[19.719s][info][gc,heap        ] GC(98) ParNew: 149336K->0K(314560K)
[19.719s][info][gc,heap        ] GC(98) CMS: 34960K->34960K(699072K)
[19.719s][info][gc,metaspace   ] GC(98) Metaspace: 20411K(21248K)->20411K(21248K) NonClass: 18012K(18432K)->18012K(18432K) Class: 2399K(2816K)->2399K(2816K)
[19.719s][info][gc             ] GC(98) Pause Full (System.gc()) 179M->34M(989M) 88.660ms
[19.719s][info][gc,cpu         ] GC(98) User=0.11s Sys=0.00s Real=0.10s
[19.806s][info][gc,start       ] GC(99) Pause Full (System.gc())
[19.806s][info][gc,phases,start] GC(99) Phase 1: Mark live objects
[19.834s][info][gc,phases      ] GC(99) Phase 1: Mark live objects 27.697ms
[19.834s][info][gc,phases,start] GC(99) Phase 2: Compute new object addresses
[19.872s][info][gc,phases      ] GC(99) Phase 2: Compute new object addresses 37.577ms
[19.872s][info][gc,phases,start] GC(99) Phase 3: Adjust pointers
[19.893s][info][gc,phases      ] GC(99) Phase 3: Adjust pointers 21.268ms
[19.893s][info][gc,phases,start] GC(99) Phase 4: Move objects
[19.893s][info][gc,phases      ] GC(99) Phase 4: Move objects 0.085ms
[19.894s][info][gc,heap        ] GC(99) ParNew: 150115K->0K(314560K)
[19.894s][info][gc,heap        ] GC(99) CMS: 34960K->34960K(699072K)
[19.894s][info][gc,metaspace   ] GC(99) Metaspace: 20411K(21248K)->20411K(21248K) NonClass: 18012K(18432K)->18012K(18432K) Class: 2399K(2816K)->2399K(2816K)
[19.894s][info][gc             ] GC(99) Pause Full (System.gc()) 180M->34M(989M) 87.621ms
[19.894s][info][gc,cpu         ] GC(99) User=0.08s Sys=0.00s Real=0.08s
[19.983s][info][gc,start       ] GC(100) Pause Full (System.gc())
[19.983s][info][gc,phases,start] GC(100) Phase 1: Mark live objects
[20.011s][info][gc,phases      ] GC(100) Phase 1: Mark live objects 27.503ms
[20.011s][info][gc,phases,start] GC(100) Phase 2: Compute new object addresses
[20.049s][info][gc,phases      ] GC(100) Phase 2: Compute new object addresses 38.055ms
[20.049s][info][gc,phases,start] GC(100) Phase 3: Adjust pointers
[20.070s][info][gc,phases      ] GC(100) Phase 3: Adjust pointers 21.360ms
[20.070s][info][gc,phases,start] GC(100) Phase 4: Move objects
[20.070s][info][gc,phases      ] GC(100) Phase 4: Move objects 0.092ms
[20.071s][info][gc,heap        ] GC(100) ParNew: 149583K->0K(314560K)
[20.071s][info][gc,heap        ] GC(100) CMS: 34960K->34960K(699072K)
[20.071s][info][gc,metaspace   ] GC(100) Metaspace: 20411K(21248K)->20411K(21248K) NonClass: 18012K(18432K)->18012K(18432K) Class: 2399K(2816K)->2399K(2816K)
[20.071s][info][gc             ] GC(100) Pause Full (System.gc()) 180M->34M(989M) 88.054ms
[20.071s][info][gc,cpu         ] GC(100) User=0.08s Sys=0.00s Real=0.09s
[20.161s][info][gc,heap,exit   ] Heap
[20.161s][info][gc,heap,exit   ]  par new generation   total 314560K, used 152902K [0x00000000c0000000, 0x00000000d5550000, 0x00000000d5550000)
[20.162s][info][gc,heap,exit   ]   eden space 279616K,  54% used [0x00000000c0000000, 0x00000000c9551888, 0x00000000d1110000)
[20.162s][info][gc,heap,exit   ]   from space 34944K,   0% used [0x00000000d3330000, 0x00000000d3330000, 0x00000000d5550000)
[20.162s][info][gc,heap,exit   ]   to   space 34944K,   0% used [0x00000000d1110000, 0x00000000d1110000, 0x00000000d3330000)
[20.162s][info][gc,heap,exit   ]  concurrent mark-sweep generation total 699072K, used 34960K [0x00000000d5550000, 0x0000000100000000, 0x0000000100000000)
[20.162s][info][gc,heap,exit   ]  Metaspace       used 20487K, capacity 21026K, committed 21504K, reserved 1069056K
[20.162s][info][gc,heap,exit   ]   class space    used 2409K, capacity 2650K, committed 2816K, reserved 1048576K
