OpenJDK 64-Bit Server VM (25.422-b05) for windows-amd64 JRE (1.8.0_422-422-b05), built on Jul 18 2024 05:34:18 by "Administrator" with MS VC++ 16.10 / 16.11 (VS2019)
Memory: 4k page, physical 15965620k(11797216k free), swap 17866164k(11766316k free)
CommandLine flags: -XX:InitialHeapSize=734003200 -XX:MaxHeapSize=734003200 -XX:MaxNewSize=244670464 -XX:MaxTenuringThreshold=6 -XX:NewSize=244670464 -XX:OldPLABSize=16 -XX:OldSize=489332736 -XX:+PrintGC -XX:+PrintGCApplicationConcurrentTime -XX:+PrintGCApplicationStoppedTime -XX:+PrintGCDateStamps -XX:+PrintGCDetails -XX:+PrintGCTimeStamps -XX:+UnlockExperimentalVMOptions -XX:+UseCompressedClassPointers -XX:+UseCompressedOops -XX:+UseConcMarkSweepGC -XX:-UseLargePagesIndividualAllocation -XX:+UseParNewGC 
2024-10-07T22:26:26.651+0300: 0.064: Application time: 0.0190391 seconds
2024-10-07T22:26:26.651+0300: 0.064: Total time for which application threads were stopped: 0.0001092 seconds, Stopping threads took: 0.0000386 seconds
2024-10-07T22:26:26.656+0300: 0.072: Application time: 0.0082425 seconds
2024-10-07T22:26:26.656+0300: 0.072: Total time for which application threads were stopped: 0.0000707 seconds, Stopping threads took: 0.0000231 seconds
2024-10-07T22:26:26.828+0300: 0.241: Application time: 0.1692581 seconds
2024-10-07T22:26:26.828+0300: 0.241: [Full GC (System.gc()) 2024-10-07T22:26:26.828+0300: 0.242: [CMS: 0K->3742K(477888K), 0.0126202 secs] 22943K->3742K(692928K), [Metaspace: 7069K->7069K(1056768K)], 0.0128896 secs] [Times: user=0.00 sys=0.00, real=0.02 secs] 
2024-10-07T22:26:26.844+0300: 0.254: Total time for which application threads were stopped: 0.0130538 seconds, Stopping threads took: 0.0000285 seconds
2024-10-07T22:26:26.844+0300: 0.255: Application time: 0.0001636 seconds
2024-10-07T22:26:26.844+0300: 0.255: [Full GC (System.gc()) 2024-10-07T22:26:26.844+0300: 0.255: [CMS: 3742K->3742K(477888K), 0.0072503 secs] 3742K->3742K(692928K), [Metaspace: 7069K->7069K(1056768K)], 0.0074356 secs] [Times: user=0.02 sys=0.00, real=0.00 secs] 
2024-10-07T22:26:26.844+0300: 0.262: Total time for which application threads were stopped: 0.0075943 seconds, Stopping threads took: 0.0000693 seconds
2024-10-07T22:26:26.875+0300: 0.298: Application time: 0.0359795 seconds
2024-10-07T22:26:26.875+0300: 0.299: [GC (Allocation Failure) 2024-10-07T22:26:26.875+0300: 0.299: [ParNew: 191168K->23871K(215040K), 0.0546364 secs] 194910K->180926K(692928K), 0.0547209 secs] [Times: user=0.02 sys=0.03, real=0.06 secs] 
2024-10-07T22:26:26.938+0300: 0.354: Total time for which application threads were stopped: 0.0556421 seconds, Stopping threads took: 0.0008094 seconds
2024-10-07T22:26:27.016+0300: 0.429: Application time: 0.0749044 seconds
2024-10-07T22:26:27.016+0300: 0.429: [GC (Allocation Failure) 2024-10-07T22:26:27.016+0300: 0.429: [ParNew: 215039K->23861K(215040K), 0.0640438 secs] 372094K->370584K(692928K), 0.0641714 secs] [Times: user=0.00 sys=0.00, real=0.06 secs] 
2024-10-07T22:26:27.079+0300: 0.493: Total time for which application threads were stopped: 0.0646805 seconds, Stopping threads took: 0.0003762 seconds
2024-10-07T22:26:27.079+0300: 0.493: Application time: 0.0001182 seconds
2024-10-07T22:26:27.079+0300: 0.495: [GC (CMS Initial Mark) [1 CMS-initial-mark: 346723K(477888K)] 391113K(692928K), 0.0007611 secs] [Times: user=0.00 sys=0.00, real=0.00 secs] 
2024-10-07T22:26:27.079+0300: 0.496: Total time for which application threads were stopped: 0.0023653 seconds, Stopping threads took: 0.0015538 seconds
2024-10-07T22:26:27.079+0300: 0.496: [CMS-concurrent-mark-start]
2024-10-07T22:26:27.079+0300: 0.500: [CMS-concurrent-mark: 0.004/0.004 secs] [Times: user=0.00 sys=0.00, real=0.00 secs] 
2024-10-07T22:26:27.079+0300: 0.500: [CMS-concurrent-preclean-start]
2024-10-07T22:26:27.079+0300: 0.500: [CMS-concurrent-preclean: 0.001/0.001 secs] [Times: user=0.00 sys=0.00, real=0.00 secs] 
2024-10-07T22:26:27.079+0300: 0.500: [CMS-concurrent-abortable-preclean-start]
2024-10-07T22:26:28.084+0300: 1.494: Application time: 0.9982519 seconds
2024-10-07T22:26:28.084+0300: 1.495: Total time for which application threads were stopped: 0.0004525 seconds, Stopping threads took: 0.0003734 seconds
2024-10-07T22:26:30.678+0300: 4.087: Application time: 2.5929069 seconds
2024-10-07T22:26:30.678+0300: 4.088: Total time for which application threads were stopped: 0.0005421 seconds, Stopping threads took: 0.0003831 seconds
 CMS: abort preclean due to time 2024-10-07T22:26:32.112+0300: 5.521: [CMS-concurrent-abortable-preclean: 0.116/5.021 secs] [Times: user=28.91 sys=0.08, real=5.03 secs] 
2024-10-07T22:26:32.112+0300: 5.522: Application time: 1.4338904 seconds
2024-10-07T22:26:32.113+0300: 5.522: [GC (CMS Final Remark) [YG occupancy: 52992 K (215040 K)]2024-10-07T22:26:32.113+0300: 5.522: [Rescan (parallel) , 0.0006736 secs]2024-10-07T22:26:32.113+0300: 5.523: [weak refs processing, 0.0000138 secs]2024-10-07T22:26:32.113+0300: 5.523: [class unloading, 0.0009776 secs]2024-10-07T22:26:32.114+0300: 5.524: [scrub symbol table, 0.0005612 secs]2024-10-07T22:26:32.114+0300: 5.525: [scrub string table, 0.0001510 secs][1 CMS-remark: 346723K(477888K)] 399715K(692928K), 0.0024666 secs] [Times: user=0.00 sys=0.00, real=0.00 secs] 
2024-10-07T22:26:32.114+0300: 5.525: Total time for which application threads were stopped: 0.0028817 seconds, Stopping threads took: 0.0003484 seconds
2024-10-07T22:26:32.114+0300: 5.525: [CMS-concurrent-sweep-start]
2024-10-07T22:26:32.114+0300: 5.534: [CMS-concurrent-sweep: 0.009/0.009 secs] [Times: user=0.01 sys=0.00, real=0.00 secs] 
2024-10-07T22:26:32.114+0300: 5.534: [CMS-concurrent-reset-start]
2024-10-07T22:26:32.125+0300: 5.538: [CMS-concurrent-reset: 0.004/0.004 secs] [Times: user=0.02 sys=0.00, real=0.01 secs] 
2024-10-07T22:26:34.137+0300: 7.546: Application time: 2.0216800 seconds
2024-10-07T22:26:34.137+0300: 7.547: [GC (CMS Initial Mark) [1 CMS-initial-mark: 345744K(477888K)] 398737K(692928K), 0.0007661 secs] [Times: user=0.00 sys=0.00, real=0.00 secs] 
2024-10-07T22:26:34.137+0300: 7.548: Total time for which application threads were stopped: 0.0011794 seconds, Stopping threads took: 0.0003374 seconds
2024-10-07T22:26:34.137+0300: 7.548: [CMS-concurrent-mark-start]
2024-10-07T22:26:34.140+0300: 7.555: [CMS-concurrent-mark: 0.007/0.007 secs] [Times: user=0.00 sys=0.00, real=0.00 secs] 
2024-10-07T22:26:34.140+0300: 7.555: [CMS-concurrent-preclean-start]
2024-10-07T22:26:34.140+0300: 7.556: [CMS-concurrent-preclean: 0.001/0.001 secs] [Times: user=0.00 sys=0.00, real=0.00 secs] 
2024-10-07T22:26:34.140+0300: 7.556: [CMS-concurrent-abortable-preclean-start]
 CMS: abort preclean due to time 2024-10-07T22:26:39.198+0300: 12.610: [CMS-concurrent-abortable-preclean: 0.114/5.054 secs] [Times: user=29.58 sys=0.19, real=5.06 secs] 
2024-10-07T22:26:39.198+0300: 12.610: Application time: 5.0624688 seconds
2024-10-07T22:26:39.198+0300: 12.611: [GC (CMS Final Remark) [YG occupancy: 52992 K (215040 K)]2024-10-07T22:26:39.198+0300: 12.611: [Rescan (parallel) , 0.0006968 secs]2024-10-07T22:26:39.198+0300: 12.611: [weak refs processing, 0.0000156 secs]2024-10-07T22:26:39.198+0300: 12.611: [class unloading, 0.0009343 secs]2024-10-07T22:26:39.198+0300: 12.612: [scrub symbol table, 0.0005572 secs]2024-10-07T22:26:39.198+0300: 12.613: [scrub string table, 0.0001508 secs][1 CMS-remark: 345744K(477888K)] 398737K(692928K), 0.0024404 secs] [Times: user=0.00 sys=0.00, real=0.00 secs] 
2024-10-07T22:26:39.198+0300: 12.613: Total time for which application threads were stopped: 0.0028502 seconds, Stopping threads took: 0.0003412 seconds
2024-10-07T22:26:39.198+0300: 12.613: [CMS-concurrent-sweep-start]
2024-10-07T22:26:39.198+0300: 12.621: [CMS-concurrent-sweep: 0.008/0.008 secs] [Times: user=0.00 sys=0.00, real=0.00 secs] 
2024-10-07T22:26:39.198+0300: 12.621: [CMS-concurrent-reset-start]
2024-10-07T22:26:39.213+0300: 12.624: [CMS-concurrent-reset: 0.003/0.003 secs] [Times: user=0.01 sys=0.00, real=0.02 secs] 
2024-10-07T22:26:41.226+0300: 14.636: Application time: 2.0231120 seconds
2024-10-07T22:26:41.226+0300: 14.637: [GC (CMS Initial Mark) [1 CMS-initial-mark: 345744K(477888K)] 398737K(692928K), 0.0008560 secs] [Times: user=0.00 sys=0.00, real=0.00 secs] 
2024-10-07T22:26:41.226+0300: 14.637: Total time for which application threads were stopped: 0.0013598 seconds, Stopping threads took: 0.0003241 seconds
2024-10-07T22:26:41.226+0300: 14.637: [CMS-concurrent-mark-start]
2024-10-07T22:26:41.226+0300: 14.644: [CMS-concurrent-mark: 0.007/0.007 secs] [Times: user=0.01 sys=0.00, real=0.00 secs] 
2024-10-07T22:26:41.226+0300: 14.644: [CMS-concurrent-preclean-start]
2024-10-07T22:26:41.226+0300: 14.645: [CMS-concurrent-preclean: 0.001/0.001 secs] [Times: user=0.00 sys=0.00, real=0.00 secs] 
2024-10-07T22:26:41.226+0300: 14.645: [CMS-concurrent-abortable-preclean-start]
 CMS: abort preclean due to time 2024-10-07T22:26:46.286+0300: 19.698: [CMS-concurrent-abortable-preclean: 0.116/5.053 secs] [Times: user=29.52 sys=0.05, real=5.06 secs] 
2024-10-07T22:26:46.286+0300: 19.699: Application time: 5.0614194 seconds
2024-10-07T22:26:46.286+0300: 19.699: [GC (CMS Final Remark) [YG occupancy: 52992 K (215040 K)]2024-10-07T22:26:46.286+0300: 19.699: [Rescan (parallel) , 0.0007123 secs]2024-10-07T22:26:46.286+0300: 19.700: [weak refs processing, 0.0000139 secs]2024-10-07T22:26:46.286+0300: 19.700: [class unloading, 0.0008570 secs]2024-10-07T22:26:46.286+0300: 19.701: [scrub symbol table, 0.0005552 secs]2024-10-07T22:26:46.286+0300: 19.701: [scrub string table, 0.0001491 secs][1 CMS-remark: 345744K(477888K)] 398737K(692928K), 0.0023658 secs] [Times: user=0.02 sys=0.00, real=0.00 secs] 
2024-10-07T22:26:46.286+0300: 19.702: Total time for which application threads were stopped: 0.0027575 seconds, Stopping threads took: 0.0003171 seconds
2024-10-07T22:26:46.286+0300: 19.702: [CMS-concurrent-sweep-start]
2024-10-07T22:26:46.286+0300: 19.710: [CMS-concurrent-sweep: 0.008/0.008 secs] [Times: user=0.00 sys=0.00, real=0.00 secs] 
2024-10-07T22:26:46.286+0300: 19.710: [CMS-concurrent-reset-start]
2024-10-07T22:26:46.302+0300: 19.715: [CMS-concurrent-reset: 0.004/0.004 secs] [Times: user=0.02 sys=0.00, real=0.02 secs] 
2024-10-07T22:26:48.314+0300: 21.724: Application time: 2.0222502 seconds
2024-10-07T22:26:48.314+0300: 21.724: [GC (CMS Initial Mark) [1 CMS-initial-mark: 345744K(477888K)] 398737K(692928K), 0.0008011 secs] [Times: user=0.00 sys=0.00, real=0.00 secs] 
2024-10-07T22:26:48.314+0300: 21.725: Total time for which application threads were stopped: 0.0012231 seconds, Stopping threads took: 0.0003461 seconds
2024-10-07T22:26:48.314+0300: 21.725: [CMS-concurrent-mark-start]
2024-10-07T22:26:48.314+0300: 21.732: [CMS-concurrent-mark: 0.007/0.007 secs] [Times: user=0.01 sys=0.00, real=0.00 secs] 
2024-10-07T22:26:48.314+0300: 21.732: [CMS-concurrent-preclean-start]
2024-10-07T22:26:48.314+0300: 21.733: [CMS-concurrent-preclean: 0.001/0.001 secs] [Times: user=0.00 sys=0.00, real=0.00 secs] 
2024-10-07T22:26:48.314+0300: 21.733: [CMS-concurrent-abortable-preclean-start]
 CMS: abort preclean due to time 2024-10-07T22:26:53.374+0300: 26.787: [CMS-concurrent-abortable-preclean: 0.115/5.053 secs] [Times: user=29.19 sys=0.03, real=5.06 secs] 
2024-10-07T22:26:53.374+0300: 26.787: Application time: 5.0618944 seconds
2024-10-07T22:26:53.374+0300: 26.787: [GC (CMS Final Remark) [YG occupancy: 52992 K (215040 K)]2024-10-07T22:26:53.374+0300: 26.787: [Rescan (parallel) , 0.0008034 secs]2024-10-07T22:26:53.374+0300: 26.788: [weak refs processing, 0.0000192 secs]2024-10-07T22:26:53.374+0300: 26.788: [class unloading, 0.0008518 secs]2024-10-07T22:26:53.374+0300: 26.789: [scrub symbol table, 0.0005709 secs]2024-10-07T22:26:53.374+0300: 26.790: [scrub string table, 0.0001527 secs][1 CMS-remark: 345744K(477888K)] 398737K(692928K), 0.0025268 secs] [Times: user=0.00 sys=0.00, real=0.00 secs] 
2024-10-07T22:26:53.374+0300: 26.790: Total time for which application threads were stopped: 0.0029211 seconds, Stopping threads took: 0.0003088 seconds
2024-10-07T22:26:53.374+0300: 26.790: [CMS-concurrent-sweep-start]
2024-10-07T22:26:53.374+0300: 26.798: [CMS-concurrent-sweep: 0.008/0.008 secs] [Times: user=0.03 sys=0.00, real=0.00 secs] 
2024-10-07T22:26:53.374+0300: 26.799: [CMS-concurrent-reset-start]
2024-10-07T22:26:53.390+0300: 26.803: [CMS-concurrent-reset: 0.004/0.004 secs] [Times: user=0.02 sys=0.00, real=0.02 secs] 
2024-10-07T22:26:55.401+0300: 28.811: Application time: 2.0207454 seconds
2024-10-07T22:26:55.401+0300: 28.811: [GC (CMS Initial Mark) [1 CMS-initial-mark: 345744K(477888K)] 398737K(692928K), 0.0009094 secs] [Times: user=0.00 sys=0.00, real=0.00 secs] 
2024-10-07T22:26:55.401+0300: 28.812: Total time for which application threads were stopped: 0.0012686 seconds, Stopping threads took: 0.0002541 seconds
2024-10-07T22:26:55.401+0300: 28.812: [CMS-concurrent-mark-start]
2024-10-07T22:26:55.401+0300: 28.819: [CMS-concurrent-mark: 0.007/0.007 secs] [Times: user=0.00 sys=0.00, real=0.00 secs] 
2024-10-07T22:26:55.401+0300: 28.819: [CMS-concurrent-preclean-start]
2024-10-07T22:26:55.401+0300: 28.820: [CMS-concurrent-preclean: 0.001/0.001 secs] [Times: user=0.00 sys=0.00, real=0.00 secs] 
2024-10-07T22:26:55.401+0300: 28.820: [CMS-concurrent-abortable-preclean-start]
2024-10-07T22:26:57.255+0300: 30.673: Application time: 1.8612985 seconds
2024-10-07T22:26:57.271+0300: 30.680: [CMS-concurrent-abortable-preclean: 0.042/1.860 secs] [Times: user=10.94 sys=0.00, real=1.87 secs] 
2024-10-07T22:27:00.317+0300: 33.727: [GC (Allocation Failure) 2024-10-07T22:27:00.317+0300: 33.727: [ParNew: 215029K->215029K(215040K), 0.0000338 secs]2024-10-07T22:27:00.317+0300: 33.728: [CMS (concurrent mode failure): 345744K->355263K(477888K), 0.0733840 secs] 560774K->355263K(692928K), [Metaspace: 7108K->7108K(1056768K)], 0.0735825 secs] [Times: user=0.06 sys=0.00, real=0.06 secs] 
2024-10-07T22:27:00.380+0300: 33.801: Total time for which application threads were stopped: 3.1277205 seconds, Stopping threads took: 3.0539240 seconds
2024-10-07T22:27:02.393+0300: 35.802: Application time: 2.0012778 seconds
2024-10-07T22:27:11.984+0300: 45.394: [GC (CMS Initial Mark) [1 CMS-initial-mark: 355263K(477888K)] 530193K(692928K), 0.0009357 secs] [Times: user=0.00 sys=0.00, real=0.00 secs] 
2024-10-07T22:27:11.984+0300: 45.395: Total time for which application threads were stopped: 9.5925954 seconds, Stopping threads took: 9.5915483 seconds
2024-10-07T22:27:11.984+0300: 45.395: [CMS-concurrent-mark-start]
2024-10-07T22:27:11.984+0300: 45.401: [CMS-concurrent-mark: 0.006/0.006 secs] [Times: user=0.00 sys=0.00, real=0.00 secs] 
2024-10-07T22:27:11.984+0300: 45.401: [CMS-concurrent-preclean-start]
2024-10-07T22:27:11.984+0300: 45.402: [CMS-concurrent-preclean: 0.001/0.001 secs] [Times: user=0.00 sys=0.00, real=0.00 secs] 
2024-10-07T22:27:11.984+0300: 45.402: [CMS-concurrent-abortable-preclean-start]
 CMS: abort preclean due to time 2024-10-07T22:27:17.047+0300: 50.457: [CMS-concurrent-abortable-preclean: 0.058/5.055 secs] [Times: user=17.75 sys=0.22, real=5.06 secs] 
2024-10-07T22:27:17.047+0300: 50.458: Application time: 5.0628505 seconds
2024-10-07T22:27:21.053+0300: 54.463: [GC (CMS Final Remark) [YG occupancy: 175970 K (215040 K)]2024-10-07T22:27:21.053+0300: 54.463: [Rescan (parallel) , 0.0010620 secs]2024-10-07T22:27:21.054+0300: 54.464: [weak refs processing, 0.0000146 secs]2024-10-07T22:27:21.054+0300: 54.464: [class unloading, 0.0007237 secs]2024-10-07T22:27:21.054+0300: 54.465: [scrub symbol table, 0.0005415 secs]2024-10-07T22:27:21.056+0300: 54.465: [scrub string table, 0.0001414 secs][1 CMS-remark: 355263K(477888K)] 531234K(692928K), 0.0026278 secs] [Times: user=0.00 sys=0.00, real=0.00 secs] 
2024-10-07T22:27:21.056+0300: 54.466: Total time for which application threads were stopped: 4.0078768 seconds, Stopping threads took: 4.0051579 seconds
2024-10-07T22:27:21.056+0300: 54.466: [CMS-concurrent-sweep-start]
2024-10-07T22:27:21.059+0300: 54.470: [CMS-concurrent-sweep: 0.005/0.005 secs] [Times: user=0.00 sys=0.00, real=0.00 secs] 
2024-10-07T22:27:21.059+0300: 54.471: [CMS-concurrent-reset-start]
2024-10-07T22:27:21.059+0300: 54.472: [CMS-concurrent-reset: 0.001/0.001 secs] [Times: user=0.00 sys=0.00, real=0.00 secs] 
2024-10-07T22:27:21.069+0300: 54.484: Application time: 0.0183460 seconds
2024-10-07T22:27:21.069+0300: 54.484: Total time for which application threads were stopped: 0.0004989 seconds, Stopping threads took: 0.0004495 seconds
2024-10-07T22:27:21.069+0300: 54.486: Application time: 0.0011728 seconds
2024-10-07T22:27:21.069+0300: 54.486: [GC (Allocation Failure) 2024-10-07T22:27:21.069+0300: 54.486: [ParNew: 191167K->20739K(215040K), 0.0043987 secs] 349471K->179043K(692928K), 0.0045015 secs] [Times: user=0.00 sys=0.00, real=0.00 secs] 
2024-10-07T22:27:21.069+0300: 54.490: Total time for which application threads were stopped: 0.0047320 seconds, Stopping threads took: 0.0001220 seconds
2024-10-07T22:27:21.116+0300: 54.531: Application time: 0.0410170 seconds
2024-10-07T22:27:21.116+0300: 54.532: [GC (Allocation Failure) 2024-10-07T22:27:21.116+0300: 54.532: [ParNew: 211893K->23869K(215040K), 0.0343996 secs] 370197K->367628K(692928K), 0.0345343 secs] [Times: user=0.00 sys=0.00, real=0.03 secs] 
2024-10-07T22:27:21.148+0300: 54.566: Total time for which application threads were stopped: 0.0350884 seconds, Stopping threads took: 0.0003794 seconds
2024-10-07T22:27:21.148+0300: 54.567: Application time: 0.0000753 seconds
2024-10-07T22:27:21.148+0300: 54.570: [GC (CMS Initial Mark) [1 CMS-initial-mark: 343759K(477888K)] 397425K(692928K), 0.0005382 secs] [Times: user=0.00 sys=0.00, real=0.00 secs] 
2024-10-07T22:27:21.148+0300: 54.570: Total time for which application threads were stopped: 0.0038695 seconds, Stopping threads took: 0.0032451 seconds
2024-10-07T22:27:21.148+0300: 54.570: [CMS-concurrent-mark-start]
2024-10-07T22:27:21.163+0300: 54.577: [CMS-concurrent-mark: 0.006/0.006 secs] [Times: user=0.02 sys=0.00, real=0.02 secs] 
2024-10-07T22:27:21.163+0300: 54.577: [CMS-concurrent-preclean-start]
2024-10-07T22:27:21.163+0300: 54.578: [CMS-concurrent-preclean: 0.001/0.001 secs] [Times: user=0.00 sys=0.00, real=0.00 secs] 
2024-10-07T22:27:21.163+0300: 54.578: [CMS-concurrent-abortable-preclean-start]
2024-10-07T22:27:21.179+0300: 54.596: Application time: 0.0254876 seconds
2024-10-07T22:27:21.194+0300: 54.604: [GC (Allocation Failure) 2024-10-07T22:27:21.194+0300: 54.604: [ParNew: 215024K->215024K(215040K), 0.0000309 secs]2024-10-07T22:27:21.194+0300: 54.604: [CMS2024-10-07T22:27:21.194+0300: 54.604: [CMS-concurrent-abortable-preclean: 0.002/0.026 secs] [Times: user=0.02 sys=0.00, real=0.03 secs] 
 (concurrent mode failure): 343759K->393125K(477888K), 0.0799022 secs] 558783K->393125K(692928K), [Metaspace: 7130K->7130K(1056768K)], 0.0800715 secs] [Times: user=0.06 sys=0.02, real=0.08 secs] 
2024-10-07T22:27:21.273+0300: 54.684: Total time for which application threads were stopped: 0.0882734 seconds, Stopping threads took: 0.0080437 seconds
2024-10-07T22:27:23.285+0300: 56.695: Application time: 2.0103517 seconds
2024-10-07T22:27:36.253+0300: 69.663: [GC (CMS Initial Mark) [1 CMS-initial-mark: 393125K(477888K)] 398135K(692928K), 0.0006376 secs] [Times: user=0.00 sys=0.00, real=0.00 secs] 
2024-10-07T22:27:36.253+0300: 69.663: Total time for which application threads were stopped: 12.9687665 seconds, Stopping threads took: 12.9680147 seconds
2024-10-07T22:27:36.253+0300: 69.663: [CMS-concurrent-mark-start]
2024-10-07T22:27:36.253+0300: 69.674: [CMS-concurrent-mark: 0.010/0.010 secs] [Times: user=0.00 sys=0.00, real=0.00 secs] 
2024-10-07T22:27:36.253+0300: 69.674: [CMS-concurrent-preclean-start]
2024-10-07T22:27:36.253+0300: 69.676: [CMS-concurrent-preclean: 0.002/0.002 secs] [Times: user=0.00 sys=0.00, real=0.00 secs] 
2024-10-07T22:27:36.253+0300: 69.676: [CMS-concurrent-abortable-preclean-start]
 CMS: abort preclean due to time 2024-10-07T22:27:41.311+0300: 74.722: [CMS-concurrent-abortable-preclean: 0.062/5.046 secs] [Times: user=29.58 sys=0.02, real=5.06 secs] 
2024-10-07T22:27:41.311+0300: 74.723: Application time: 5.0592035 seconds
2024-10-07T22:27:51.325+0300: 84.735: [GC (CMS Final Remark) [YG occupancy: 5009 K (215040 K)]2024-10-07T22:27:51.325+0300: 84.735: [Rescan (parallel) , 0.0008331 secs]2024-10-07T22:27:51.325+0300: 84.736: [weak refs processing, 0.0000361 secs]2024-10-07T22:27:51.325+0300: 84.736: [class unloading, 0.0011136 secs]2024-10-07T22:27:51.325+0300: 84.737: [scrub symbol table, 0.0005026 secs]2024-10-07T22:27:51.325+0300: 84.738: [scrub string table, 0.0001403 secs][1 CMS-remark: 393125K(477888K)] 398135K(692928K), 0.0027961 secs] [Times: user=0.00 sys=0.00, real=0.00 secs] 
2024-10-07T22:27:51.325+0300: 84.738: Total time for which application threads were stopped: 10.0152076 seconds, Stopping threads took: 10.0123164 seconds
2024-10-07T22:27:51.325+0300: 84.738: [CMS-concurrent-sweep-start]
2024-10-07T22:27:51.325+0300: 84.743: [CMS-concurrent-sweep: 0.005/0.005 secs] [Times: user=0.00 sys=0.00, real=0.00 secs] 
2024-10-07T22:27:51.325+0300: 84.743: [CMS-concurrent-reset-start]
2024-10-07T22:27:51.325+0300: 84.745: [CMS-concurrent-reset: 0.001/0.001 secs] [Times: user=0.00 sys=0.00, real=0.00 secs] 
2024-10-07T22:27:51.372+0300: 84.793: Application time: 0.0556013 seconds
2024-10-07T22:27:51.388+0300: 84.797: [GC (Allocation Failure) 2024-10-07T22:27:51.388+0300: 84.798: [ParNew: 191168K->191168K(215040K), 0.0000294 secs]2024-10-07T22:27:51.388+0300: 84.798: [CMS: 393125K->184507K(477888K), 0.0411989 secs] 584293K->184507K(692928K), [Metaspace: 7134K->7134K(1056768K)], 0.0413671 secs] [Times: user=0.03 sys=0.00, real=0.03 secs] 
2024-10-07T22:27:51.419+0300: 84.839: Total time for which application threads were stopped: 0.0455324 seconds, Stopping threads took: 0.0040009 seconds
2024-10-07T22:27:51.451+0300: 84.875: Application time: 0.0358556 seconds
2024-10-07T22:27:51.482+0300: 84.892: [GC (Allocation Failure) 2024-10-07T22:27:51.482+0300: 84.892: [ParNew: 191154K->23861K(215040K), 0.0304551 secs] 375662K->373919K(692928K), 0.0305927 secs] [Times: user=0.01 sys=0.00, real=0.02 secs] 
2024-10-07T22:27:51.505+0300: 84.922: Total time for which application threads were stopped: 0.0476147 seconds, Stopping threads took: 0.0168524 seconds
2024-10-07T22:27:51.505+0300: 84.922: Application time: 0.0000599 seconds
2024-10-07T22:28:00.644+0300: 94.054: [GC (CMS Initial Mark) [1 CMS-initial-mark: 350057K(477888K)] 397359K(692928K), 0.0007877 secs] [Times: user=0.00 sys=0.00, real=0.00 secs] 
2024-10-07T22:28:00.644+0300: 94.054: Total time for which application threads were stopped: 9.1318997 seconds, Stopping threads took: 9.1309996 seconds
2024-10-07T22:28:00.644+0300: 94.054: [CMS-concurrent-mark-start]
2024-10-07T22:28:00.644+0300: 94.063: [CMS-concurrent-mark: 0.009/0.009 secs] [Times: user=0.00 sys=0.00, real=0.00 secs] 
2024-10-07T22:28:00.644+0300: 94.063: [CMS-concurrent-preclean-start]
2024-10-07T22:28:00.644+0300: 94.064: [CMS-concurrent-preclean: 0.001/0.001 secs] [Times: user=0.00 sys=0.00, real=0.00 secs] 
2024-10-07T22:28:00.644+0300: 94.064: [CMS-concurrent-abortable-preclean-start]
 CMS: abort preclean due to time 2024-10-07T22:28:05.704+0300: 99.116: [CMS-concurrent-abortable-preclean: 0.113/5.052 secs] [Times: user=29.36 sys=0.03, real=5.06 secs] 
2024-10-07T22:28:05.704+0300: 99.117: Application time: 5.0623188 seconds
2024-10-07T22:28:15.620+0300: 109.029: [GC (CMS Final Remark) [YG occupancy: 47301 K (215040 K)]2024-10-07T22:28:15.620+0300: 109.029: [Rescan (parallel) , 0.0009092 secs]2024-10-07T22:28:15.620+0300: 109.030: [weak refs processing, 0.0000262 secs]2024-10-07T22:28:15.620+0300: 109.030: [class unloading, 0.0014793 secs]2024-10-07T22:28:15.620+0300: 109.032: [scrub symbol table, 0.0008429 secs]2024-10-07T22:28:15.620+0300: 109.033: [scrub string table, 0.0002990 secs][1 CMS-remark: 350057K(477888K)] 397359K(692928K), 0.0037115 secs] [Times: user=0.00 sys=0.00, real=0.00 secs] 
2024-10-07T22:28:15.620+0300: 109.033: Total time for which application threads were stopped: 9.9164284 seconds, Stopping threads took: 9.9126072 seconds
2024-10-07T22:28:15.620+0300: 109.033: [CMS-concurrent-sweep-start]
2024-10-07T22:28:15.620+0300: 109.041: [CMS-concurrent-sweep: 0.008/0.008 secs] [Times: user=0.00 sys=0.00, real=0.00 secs] 
2024-10-07T22:28:15.620+0300: 109.041: [CMS-concurrent-reset-start]
2024-10-07T22:28:15.620+0300: 109.043: [CMS-concurrent-reset: 0.002/0.002 secs] [Times: user=0.00 sys=0.00, real=0.00 secs] 
2024-10-07T22:28:15.698+0300: 109.113: Application time: 0.0800103 seconds
2024-10-07T22:28:20.442+0300: 113.851: [GC (Allocation Failure) 2024-10-07T22:28:20.442+0300: 113.852: [ParNew: 215029K->215029K(215040K), 0.0000302 secs]2024-10-07T22:28:20.442+0300: 113.852: [CMS: 350057K->299940K(477888K), 0.0607440 secs] 565087K->299940K(692928K), [Metaspace: 7135K->7135K(1056768K)], 0.0609083 secs] [Times: user=0.06 sys=0.00, real=0.06 secs] 
2024-10-07T22:28:20.501+0300: 113.912: Total time for which application threads were stopped: 4.7993262 seconds, Stopping threads took: 4.7382465 seconds
2024-10-07T22:28:20.501+0300: 113.913: Application time: 0.0003266 seconds
2024-10-07T22:28:20.505+0300: 113.922: [GC (CMS Initial Mark) [1 CMS-initial-mark: 299940K(477888K)] 399731K(692928K), 0.0006151 secs] [Times: user=0.00 sys=0.00, real=0.00 secs] 
2024-10-07T22:28:20.505+0300: 113.923: Total time for which application threads were stopped: 0.0098882 seconds, Stopping threads took: 0.0091755 seconds
2024-10-07T22:28:20.505+0300: 113.923: [CMS-concurrent-mark-start]
2024-10-07T22:28:20.536+0300: 113.946: [CMS-concurrent-mark: 0.023/0.023 secs] [Times: user=0.11 sys=0.00, real=0.03 secs] 
2024-10-07T22:28:20.536+0300: 113.946: [CMS-concurrent-preclean-start]
2024-10-07T22:28:20.536+0300: 113.947: [CMS-concurrent-preclean: 0.001/0.001 secs] [Times: user=0.00 sys=0.00, real=0.00 secs] 
2024-10-07T22:28:20.536+0300: 113.947: [CMS-concurrent-abortable-preclean-start]
2024-10-07T22:28:20.601+0300: 114.023: Application time: 0.0999453 seconds
2024-10-07T22:28:20.647+0300: 114.057: [CMS-concurrent-abortable-preclean: 0.001/0.109 secs] [Times: user=0.56 sys=0.00, real=0.11 secs] 
2024-10-07T22:28:29.416+0300: 122.826: [GC (Allocation Failure) 2024-10-07T22:28:29.416+0300: 122.826: [ParNew: 191168K->191168K(215040K), 0.0000345 secs]2024-10-07T22:28:29.416+0300: 122.826: [CMS (concurrent mode failure): 299940K->357124K(477888K), 0.0687489 secs] 491108K->357124K(692928K), [Metaspace: 7137K->7137K(1056768K)], 0.0689594 secs] [Times: user=0.06 sys=0.00, real=0.06 secs] 
2024-10-07T22:28:29.479+0300: 122.895: Total time for which application threads were stopped: 8.8723970 seconds, Stopping threads took: 8.8032679 seconds
2024-10-07T22:28:31.489+0300: 124.898: Application time: 2.0034248 seconds
2024-10-07T22:28:44.440+0300: 137.850: [GC (CMS Initial Mark) [1 CMS-initial-mark: 357124K(477888K)] 397236K(692928K), 0.0008479 secs] [Times: user=0.00 sys=0.00, real=0.00 secs] 
2024-10-07T22:28:44.440+0300: 137.851: Total time for which application threads were stopped: 12.9526633 seconds, Stopping threads took: 12.9516956 seconds
2024-10-07T22:28:44.440+0300: 137.851: [CMS-concurrent-mark-start]
2024-10-07T22:28:44.440+0300: 137.858: [CMS-concurrent-mark: 0.006/0.006 secs] [Times: user=0.00 sys=0.00, real=0.00 secs] 
2024-10-07T22:28:44.440+0300: 137.858: [CMS-concurrent-preclean-start]
2024-10-07T22:28:44.440+0300: 137.859: [CMS-concurrent-preclean: 0.002/0.002 secs] [Times: user=0.00 sys=0.00, real=0.00 secs] 
2024-10-07T22:28:44.440+0300: 137.859: [CMS-concurrent-abortable-preclean-start]
2024-10-07T22:28:44.519+0300: 137.929: Application time: 0.0776893 seconds
2024-10-07T22:28:44.550+0300: 137.960: [CMS-concurrent-abortable-preclean: 0.001/0.101 secs] [Times: user=0.38 sys=0.00, real=0.11 secs] 
2024-10-07T22:28:49.267+0300: 142.677: [GC (Allocation Failure) 2024-10-07T22:28:49.267+0300: 142.677: [ParNew: 191158K->191158K(215040K), 0.0000340 secs] 548283K->548283K(692928K), 0.0001407 secs] [Times: user=0.00 sys=0.00, real=0.00 secs] 
2024-10-07T22:28:49.267+0300: 142.678: [Full GC (Allocation Failure) 2024-10-07T22:28:49.267+0300: 142.678: [CMS (concurrent mode failure): 357124K->282145K(477888K), 0.0558396 secs] 548283K->282145K(692928K), [Metaspace: 7138K->7138K(1056768K)], 0.0559473 secs] [Times: user=0.05 sys=0.00, real=0.05 secs] 
2024-10-07T22:28:49.315+0300: 142.734: Total time for which application threads were stopped: 4.8047126 seconds, Stopping threads took: 4.7484049 seconds
2024-10-07T22:28:49.409+0300: 142.823: Application time: 0.0891517 seconds
2024-10-07T22:28:58.255+0300: 151.665: [GC (Allocation Failure) 2024-10-07T22:28:58.255+0300: 151.665: [ParNew: 191168K->23871K(215040K), 0.0403411 secs] 473313K->470994K(692928K), 0.0404803 secs] [Times: user=0.01 sys=0.01, real=0.03 secs] 
2024-10-07T22:28:58.286+0300: 151.705: Total time for which application threads were stopped: 8.8826687 seconds, Stopping threads took: 8.8420211 seconds
2024-10-07T22:28:58.286+0300: 151.705: Application time: 0.0000894 seconds
2024-10-07T22:28:58.318+0300: 151.727: [GC (CMS Initial Mark) [1 CMS-initial-mark: 447123K(477888K)] 502494K(692928K), 0.0009391 secs] [Times: user=0.00 sys=0.00, real=0.00 secs] 
2024-10-07T22:28:58.318+0300: 151.728: Total time for which application threads were stopped: 0.0228041 seconds, Stopping threads took: 0.0217556 seconds
2024-10-07T22:28:58.318+0300: 151.728: [CMS-concurrent-mark-start]
2024-10-07T22:28:58.322+0300: 151.735: [CMS-concurrent-mark: 0.007/0.007 secs] [Times: user=0.00 sys=0.00, real=0.00 secs] 
2024-10-07T22:28:58.322+0300: 151.736: [CMS-concurrent-preclean-start]
2024-10-07T22:28:58.322+0300: 151.737: [CMS-concurrent-preclean: 0.001/0.001 secs] [Times: user=0.00 sys=0.00, real=0.00 secs] 
2024-10-07T22:28:58.322+0300: 151.737: [CMS-concurrent-abortable-preclean-start]
2024-10-07T22:28:58.322+0300: 151.737: [CMS-concurrent-abortable-preclean: 0.000/0.000 secs] [Times: user=0.00 sys=0.00, real=0.00 secs] 
2024-10-07T22:28:58.349+0300: 151.759: Application time: 0.0310869 seconds
2024-10-07T22:29:07.309+0300: 160.719: [GC (CMS Final Remark) [YG occupancy: 80726 K (215040 K)]2024-10-07T22:29:07.309+0300: 160.719: [Rescan (parallel) , 0.0009208 secs]2024-10-07T22:29:07.309+0300: 160.720: [weak refs processing, 0.0000216 secs]2024-10-07T22:29:07.309+0300: 160.720: [class unloading, 0.0009112 secs]2024-10-07T22:29:07.309+0300: 160.721: [scrub symbol table, 0.0005002 secs]2024-10-07T22:29:07.309+0300: 160.721: [scrub string table, 0.0001401 secs][1 CMS-remark: 447123K(477888K)] 527849K(692928K), 0.0026352 secs] [Times: user=0.00 sys=0.00, real=0.00 secs] 
2024-10-07T22:29:07.309+0300: 160.721: Total time for which application threads were stopped: 8.9620197 seconds, Stopping threads took: 8.9592969 seconds
2024-10-07T22:29:07.309+0300: 160.721: [CMS-concurrent-sweep-start]
2024-10-07T22:29:07.309+0300: 160.732: [CMS-concurrent-sweep: 0.010/0.010 secs] [Times: user=0.00 sys=0.00, real=0.00 secs] 
2024-10-07T22:29:07.309+0300: 160.732: [CMS-concurrent-reset-start]
2024-10-07T22:29:07.325+0300: 160.735: [CMS-concurrent-reset: 0.003/0.003 secs] [Times: user=0.02 sys=0.00, real=0.02 secs] 
2024-10-07T22:29:07.403+0300: 160.816: Application time: 0.0946936 seconds
2024-10-07T22:29:13.951+0300: 167.361: [GC (Allocation Failure) 2024-10-07T22:29:13.951+0300: 167.361: [ParNew: 215031K->215031K(215040K), 0.0000347 secs]2024-10-07T22:29:13.951+0300: 167.361: [CMS: 315817K->331226K(477888K), 0.0647891 secs] 530849K->331226K(692928K), [Metaspace: 7132K->7132K(1056768K)], 0.0649865 secs] [Times: user=0.06 sys=0.00, real=0.06 secs] 
2024-10-07T22:29:14.015+0300: 167.426: Total time for which application threads were stopped: 6.6101251 seconds, Stopping threads took: 6.5449677 seconds
2024-10-07T22:29:14.015+0300: 167.426: Application time: 0.0002102 seconds
2024-10-07T22:29:14.030+0300: 167.440: [GC (CMS Initial Mark) [1 CMS-initial-mark: 331226K(477888K)] 379612K(692928K), 0.0007174 secs] [Times: user=0.00 sys=0.00, real=0.00 secs] 
2024-10-07T22:29:14.030+0300: 167.441: Total time for which application threads were stopped: 0.0144438 seconds, Stopping threads took: 0.0135826 seconds
2024-10-07T22:29:14.030+0300: 167.441: [CMS-concurrent-mark-start]
2024-10-07T22:29:14.030+0300: 167.450: [CMS-concurrent-mark: 0.009/0.009 secs] [Times: user=0.00 sys=0.00, real=0.00 secs] 
2024-10-07T22:29:14.030+0300: 167.450: [CMS-concurrent-preclean-start]
2024-10-07T22:29:14.030+0300: 167.451: [CMS-concurrent-preclean: 0.001/0.001 secs] [Times: user=0.00 sys=0.00, real=0.00 secs] 
2024-10-07T22:29:14.030+0300: 167.451: [CMS-concurrent-abortable-preclean-start]
2024-10-07T22:29:14.140+0300: 167.550: [CMS-concurrent-abortable-preclean: 0.001/0.099 secs] [Times: user=0.53 sys=0.00, real=0.11 secs] 
2024-10-07T22:29:14.140+0300: 167.550: Application time: 0.1093474 seconds
2024-10-07T22:29:23.032+0300: 176.442: [GC (CMS Final Remark) [YG occupancy: 191168 K (215040 K)]2024-10-07T22:29:23.032+0300: 176.442: [Rescan (parallel) , 0.0012602 secs]2024-10-07T22:29:23.032+0300: 176.443: [weak refs processing, 0.0000247 secs]2024-10-07T22:29:23.032+0300: 176.443: [class unloading, 0.0008904 secs]2024-10-07T22:29:23.032+0300: 176.444: [scrub symbol table, 0.0005006 secs]2024-10-07T22:29:23.032+0300: 176.445: [scrub string table, 0.0001409 secs][1 CMS-remark: 331226K(477888K)] 522394K(692928K), 0.0029680 secs] [Times: user=0.00 sys=0.00, real=0.00 secs] 
2024-10-07T22:29:23.032+0300: 176.445: Total time for which application threads were stopped: 8.8946940 seconds, Stopping threads took: 8.8915969 seconds
2024-10-07T22:29:23.032+0300: 176.445: [CMS-concurrent-sweep-start]
2024-10-07T22:29:23.032+0300: 176.445: Application time: 0.0001183 seconds
2024-10-07T22:29:23.032+0300: 176.445: [GC (Allocation Failure) 2024-10-07T22:29:23.032+0300: 176.445: [ParNew: 191168K->191168K(215040K), 0.0000118 secs]2024-10-07T22:29:23.032+0300: 176.445: [CMS2024-10-07T22:29:23.032+0300: 176.448: [CMS-concurrent-sweep: 0.003/0.003 secs] [Times: user=0.00 sys=0.00, real=0.00 secs] 
 (concurrent mode failure): 331226K->388754K(477888K), 0.0765277 secs] 522394K->388754K(692928K), [Metaspace: 7132K->7132K(1056768K)], 0.0766449 secs] [Times: user=0.08 sys=0.00, real=0.08 secs] 
2024-10-07T22:29:23.110+0300: 176.522: Total time for which application threads were stopped: 0.0767480 seconds, Stopping threads took: 0.0000112 seconds
2024-10-07T22:29:25.122+0300: 178.532: Application time: 2.0100889 seconds
2024-10-07T22:29:38.022+0300: 191.432: [GC (CMS Initial Mark) [1 CMS-initial-mark: 388754K(477888K)] 462824K(692928K), 0.0006168 secs] [Times: user=0.00 sys=0.00, real=0.00 secs] 
2024-10-07T22:29:38.022+0300: 191.433: Total time for which application threads were stopped: 12.9006492 seconds, Stopping threads took: 12.8999504 seconds
2024-10-07T22:29:38.022+0300: 191.433: [CMS-concurrent-mark-start]
2024-10-07T22:29:38.022+0300: 191.439: [CMS-concurrent-mark: 0.006/0.006 secs] [Times: user=0.00 sys=0.00, real=0.00 secs] 
2024-10-07T22:29:38.022+0300: 191.439: [CMS-concurrent-preclean-start]
2024-10-07T22:29:38.022+0300: 191.441: [CMS-concurrent-preclean: 0.002/0.002 secs] [Times: user=0.00 sys=0.00, real=0.00 secs] 
2024-10-07T22:29:38.022+0300: 191.441: [CMS-concurrent-abortable-preclean-start]
2024-10-07T22:29:38.101+0300: 191.518: Application time: 0.0854338 seconds
2024-10-07T22:29:38.132+0300: 191.542: [CMS-concurrent-abortable-preclean: 0.001/0.101 secs] [Times: user=0.44 sys=0.00, real=0.11 secs] 
2024-10-07T22:29:44.746+0300: 198.156: [GC (Allocation Failure) 2024-10-07T22:29:44.746+0300: 198.156: [ParNew: 191168K->191168K(215040K), 0.0000239 secs]2024-10-07T22:29:44.746+0300: 198.156: [CMS (concurrent mode failure): 388754K->313657K(477888K), 0.0599690 secs] 579922K->313657K(692928K), [Metaspace: 7132K->7132K(1056768K)], 0.0601144 secs] [Times: user=0.05 sys=0.00, real=0.05 secs] 
2024-10-07T22:29:44.794+0300: 198.216: Total time for which application threads were stopped: 6.6983061 seconds, Stopping threads took: 6.6380610 seconds
2024-10-07T22:29:44.888+0300: 198.298: Application time: 0.0816704 seconds
2024-10-07T22:29:51.357+0300: 204.767: [GC (Allocation Failure) 2024-10-07T22:29:51.357+0300: 204.767: [ParNew: 191164K->191164K(215040K), 0.0000355 secs]2024-10-07T22:29:51.357+0300: 204.767: [CMS: 313657K->304977K(477888K), 0.0588481 secs] 504822K->304977K(692928K), [Metaspace: 7135K->7135K(1056768K)], 0.0590438 secs] [Times: user=0.05 sys=0.00, real=0.05 secs] 
2024-10-07T22:29:51.405+0300: 204.826: Total time for which application threads were stopped: 6.5284912 seconds, Stopping threads took: 6.4692660 seconds
2024-10-07T22:29:51.405+0300: 204.827: Application time: 0.0004014 seconds
2024-10-07T22:29:51.452+0300: 204.862: [GC (CMS Initial Mark) [1 CMS-initial-mark: 304977K(477888K)] 397283K(692928K), 0.0006309 secs] [Times: user=0.00 sys=0.00, real=0.00 secs] 
2024-10-07T22:29:51.452+0300: 204.863: Total time for which application threads were stopped: 0.0357615 seconds, Stopping threads took: 0.0349929 seconds
2024-10-07T22:29:51.452+0300: 204.863: [CMS-concurrent-mark-start]
2024-10-07T22:29:51.452+0300: 204.870: [CMS-concurrent-mark: 0.008/0.008 secs] [Times: user=0.00 sys=0.00, real=0.00 secs] 
2024-10-07T22:29:51.452+0300: 204.871: [CMS-concurrent-preclean-start]
2024-10-07T22:29:51.452+0300: 204.872: [CMS-concurrent-preclean: 0.001/0.001 secs] [Times: user=0.00 sys=0.00, real=0.00 secs] 
2024-10-07T22:29:51.452+0300: 204.872: [CMS-concurrent-abortable-preclean-start]
 CMS: abort preclean due to time 2024-10-07T22:29:56.514+0300: 209.924: [CMS-concurrent-abortable-preclean: 0.057/5.052 secs] [Times: user=29.42 sys=0.12, real=5.06 secs] 
2024-10-07T22:29:56.514+0300: 209.925: Application time: 5.0619953 seconds
2024-10-07T22:30:06.332+0300: 219.742: [GC (CMS Final Remark) [YG occupancy: 92306 K (215040 K)]2024-10-07T22:30:06.332+0300: 219.742: [Rescan (parallel) , 0.0008415 secs]2024-10-07T22:30:06.332+0300: 219.743: [weak refs processing, 0.0000249 secs]2024-10-07T22:30:06.332+0300: 219.743: [class unloading, 0.0013920 secs]2024-10-07T22:30:06.332+0300: 219.745: [scrub symbol table, 0.0008763 secs]2024-10-07T22:30:06.332+0300: 219.745: [scrub string table, 0.0003290 secs][1 CMS-remark: 304977K(477888K)] 397283K(692928K), 0.0036176 secs] [Times: user=0.00 sys=0.00, real=0.00 secs] 
2024-10-07T22:30:06.332+0300: 219.746: Total time for which application threads were stopped: 9.8211986 seconds, Stopping threads took: 9.8174749 seconds
2024-10-07T22:30:06.332+0300: 219.746: [CMS-concurrent-sweep-start]
2024-10-07T22:30:06.332+0300: 219.753: [CMS-concurrent-sweep: 0.007/0.007 secs] [Times: user=0.00 sys=0.00, real=0.00 secs] 
2024-10-07T22:30:06.332+0300: 219.753: [CMS-concurrent-reset-start]
2024-10-07T22:30:06.332+0300: 219.756: [CMS-concurrent-reset: 0.003/0.003 secs] [Times: user=0.00 sys=0.00, real=0.00 secs] 
2024-10-07T22:30:06.396+0300: 219.820: Application time: 0.0746090 seconds
2024-10-07T22:30:13.069+0300: 226.479: [GC (Allocation Failure) 2024-10-07T22:30:13.069+0300: 226.479: [ParNew: 191168K->191168K(215040K), 0.0000298 secs]2024-10-07T22:30:13.069+0300: 226.479: [CMS: 304977K->295776K(477888K), 0.0569353 secs] 496145K->295776K(692928K), [Metaspace: 7138K->7138K(1056768K)], 0.0571231 secs] [Times: user=0.05 sys=0.00, real=0.05 secs] 
2024-10-07T22:30:13.116+0300: 226.536: Total time for which application threads were stopped: 6.7155444 seconds, Stopping threads took: 6.6582375 seconds
2024-10-07T22:30:13.116+0300: 226.536: Application time: 0.0004882 seconds
2024-10-07T22:30:13.132+0300: 226.542: [GC (CMS Initial Mark) [1 CMS-initial-mark: 295776K(477888K)] 364750K(692928K), 0.0005469 secs] [Times: user=0.00 sys=0.00, real=0.00 secs] 
2024-10-07T22:30:13.132+0300: 226.543: Total time for which application threads were stopped: 0.0064636 seconds, Stopping threads took: 0.0058232 seconds
2024-10-07T22:30:13.132+0300: 226.543: [CMS-concurrent-mark-start]
2024-10-07T22:30:13.132+0300: 226.550: [CMS-concurrent-mark: 0.007/0.007 secs] [Times: user=0.00 sys=0.00, real=0.00 secs] 
2024-10-07T22:30:13.132+0300: 226.550: [CMS-concurrent-preclean-start]
2024-10-07T22:30:13.132+0300: 226.551: [CMS-concurrent-preclean: 0.001/0.001 secs] [Times: user=0.00 sys=0.00, real=0.00 secs] 
2024-10-07T22:30:13.132+0300: 226.551: [CMS-concurrent-abortable-preclean-start]
2024-10-07T22:30:13.195+0300: 226.608: Application time: 0.0650463 seconds
2024-10-07T22:30:13.242+0300: 226.651: [CMS-concurrent-abortable-preclean: 0.001/0.101 secs] [Times: user=0.47 sys=0.00, real=0.11 secs] 
2024-10-07T22:30:19.789+0300: 233.199: [GC (Allocation Failure) 2024-10-07T22:30:19.789+0300: 233.199: [ParNew: 191168K->191168K(215040K), 0.0000340 secs]2024-10-07T22:30:19.789+0300: 233.199: [CMS (concurrent mode failure): 295776K->286992K(477888K), 0.0566082 secs] 486944K->286992K(692928K), [Metaspace: 7138K->7138K(1056768K)], 0.0568081 secs] [Times: user=0.05 sys=0.00, real=0.05 secs] 
2024-10-07T22:30:19.836+0300: 233.255: Total time for which application threads were stopped: 6.6474238 seconds, Stopping threads took: 6.5904498 seconds
2024-10-07T22:30:21.846+0300: 235.256: Application time: 2.0007586 seconds
2024-10-07T22:30:34.716+0300: 248.126: [GC (CMS Initial Mark) [1 CMS-initial-mark: 286992K(477888K)] 396901K(692928K), 0.0006630 secs] [Times: user=0.00 sys=0.00, real=0.00 secs] 
2024-10-07T22:30:34.716+0300: 248.126: Total time for which application threads were stopped: 12.8700676 seconds, Stopping threads took: 12.8692921 seconds
2024-10-07T22:30:34.716+0300: 248.126: [CMS-concurrent-mark-start]
2024-10-07T22:30:34.716+0300: 248.131: [CMS-concurrent-mark: 0.005/0.005 secs] [Times: user=0.00 sys=0.00, real=0.00 secs] 
2024-10-07T22:30:34.716+0300: 248.132: [CMS-concurrent-preclean-start]
2024-10-07T22:30:34.716+0300: 248.133: [CMS-concurrent-preclean: 0.001/0.001 secs] [Times: user=0.00 sys=0.00, real=0.00 secs] 
2024-10-07T22:30:34.716+0300: 248.133: [CMS-concurrent-abortable-preclean-start]
2024-10-07T22:30:34.763+0300: 248.181: Application time: 0.0544876 seconds
2024-10-07T22:30:34.826+0300: 248.235: [CMS-concurrent-abortable-preclean: 0.001/0.102 secs] [Times: user=0.31 sys=0.00, real=0.11 secs] 
2024-10-07T22:30:41.435+0300: 254.845: [GC (Allocation Failure) 2024-10-07T22:30:41.435+0300: 254.845: [ParNew: 191168K->191168K(215040K), 0.0000344 secs]2024-10-07T22:30:41.435+0300: 254.845: [CMS (concurrent mode failure): 286992K->278904K(477888K), 0.0540934 secs] 478160K->278904K(692928K), [Metaspace: 7138K->7138K(1056768K)], 0.0542955 secs] [Times: user=0.05 sys=0.00, real=0.05 secs] 
2024-10-07T22:30:41.482+0300: 254.900: Total time for which application threads were stopped: 6.7188868 seconds, Stopping threads took: 6.6644245 seconds
2024-10-07T22:30:41.529+0300: 254.949: Application time: 0.0496182 seconds
2024-10-07T22:30:41.561+0300: 254.970: [GC (Allocation Failure) 2024-10-07T22:30:41.561+0300: 254.970: [ParNew: 191168K->23871K(215040K), 0.0307427 secs] 470072K->467729K(692928K), 0.0308903 secs] [Times: user=0.00 sys=0.00, real=0.03 secs] 
2024-10-07T22:30:41.592+0300: 255.001: Total time for which application threads were stopped: 0.0520181 seconds, Stopping threads took: 0.0209229 seconds
2024-10-07T22:30:41.592+0300: 255.001: Application time: 0.0000857 seconds
2024-10-07T22:30:48.378+0300: 261.788: [GC (CMS Initial Mark) [1 CMS-initial-mark: 443857K(477888K)] 527515K(692928K), 0.0008762 secs] [Times: user=0.00 sys=0.00, real=0.00 secs] 
2024-10-07T22:30:48.378+0300: 261.789: Total time for which application threads were stopped: 6.7878565 seconds, Stopping threads took: 6.7868546 seconds
2024-10-07T22:30:48.378+0300: 261.789: [CMS-concurrent-mark-start]
2024-10-07T22:30:48.380+0300: 261.796: [CMS-concurrent-mark: 0.007/0.007 secs] [Times: user=0.00 sys=0.00, real=0.00 secs] 
2024-10-07T22:30:48.380+0300: 261.796: [CMS-concurrent-preclean-start]
2024-10-07T22:30:48.380+0300: 261.797: [CMS-concurrent-preclean: 0.001/0.001 secs] [Times: user=0.00 sys=0.00, real=0.00 secs] 
2024-10-07T22:30:48.380+0300: 261.797: [CMS-concurrent-abortable-preclean-start]
2024-10-07T22:30:48.380+0300: 261.797: [CMS-concurrent-abortable-preclean: 0.000/0.000 secs] [Times: user=0.00 sys=0.00, real=0.00 secs] 
2024-10-07T22:30:48.412+0300: 261.822: Application time: 0.0326575 seconds
2024-10-07T22:30:55.085+0300: 268.495: [GC (CMS Final Remark) [YG occupancy: 150075 K (215040 K)]2024-10-07T22:30:55.085+0300: 268.495: [Rescan (parallel) , 0.0011947 secs]2024-10-07T22:30:55.085+0300: 268.496: [weak refs processing, 0.0000223 secs]2024-10-07T22:30:55.085+0300: 268.496: [class unloading, 0.0008681 secs]2024-10-07T22:30:55.085+0300: 268.497: [scrub symbol table, 0.0004773 secs]2024-10-07T22:30:55.085+0300: 268.498: [scrub string table, 0.0001360 secs][1 CMS-remark: 443857K(477888K)] 593932K(692928K), 0.0028634 secs] [Times: user=0.00 sys=0.00, real=0.00 secs] 
2024-10-07T22:30:55.085+0300: 268.498: Total time for which application threads were stopped: 6.6758898 seconds, Stopping threads took: 6.6729308 seconds
2024-10-07T22:30:55.085+0300: 268.498: [CMS-concurrent-sweep-start]
2024-10-07T22:30:55.085+0300: 268.508: [CMS-concurrent-sweep: 0.010/0.010 secs] [Times: user=0.00 sys=0.00, real=0.00 secs] 
2024-10-07T22:30:55.085+0300: 268.509: [CMS-concurrent-reset-start]
2024-10-07T22:30:55.101+0300: 268.512: [CMS-concurrent-reset: 0.003/0.003 secs] [Times: user=0.02 sys=0.00, real=0.02 secs] 
2024-10-07T22:30:55.163+0300: 268.579: Application time: 0.0811944 seconds
2024-10-07T22:31:04.089+0300: 277.499: [GC (Allocation Failure) 2024-10-07T22:31:04.089+0300: 277.499: [ParNew: 215039K->23867K(215040K), 0.0392548 secs] 461939K->454788K(692928K), 0.0393847 secs] [Times: user=0.02 sys=0.00, real=0.04 secs] 
2024-10-07T22:31:04.129+0300: 277.539: Total time for which application threads were stopped: 8.9597297 seconds, Stopping threads took: 8.9201918 seconds
2024-10-07T22:31:04.129+0300: 277.539: Application time: 0.0000793 seconds
2024-10-07T22:31:04.152+0300: 277.562: [GC (CMS Initial Mark) [1 CMS-initial-mark: 430921K(477888K)] 489887K(692928K), 0.0008750 secs] [Times: user=0.00 sys=0.00, real=0.00 secs] 
2024-10-07T22:31:04.152+0300: 277.563: Total time for which application threads were stopped: 0.0240914 seconds, Stopping threads took: 0.0230849 seconds
2024-10-07T22:31:04.152+0300: 277.563: [CMS-concurrent-mark-start]
2024-10-07T22:31:04.152+0300: 277.569: [CMS-concurrent-mark: 0.006/0.006 secs] [Times: user=0.00 sys=0.00, real=0.00 secs] 
2024-10-07T22:31:04.152+0300: 277.569: [CMS-concurrent-preclean-start]
2024-10-07T22:31:04.152+0300: 277.570: [CMS-concurrent-preclean: 0.001/0.001 secs] [Times: user=0.00 sys=0.00, real=0.00 secs] 
2024-10-07T22:31:04.152+0300: 277.570: [CMS-concurrent-abortable-preclean-start]
2024-10-07T22:31:04.152+0300: 277.570: [CMS-concurrent-abortable-preclean: 0.000/0.000 secs] [Times: user=0.00 sys=0.00, real=0.00 secs] 
2024-10-07T22:31:04.184+0300: 277.594: Application time: 0.0315353 seconds
2024-10-07T22:31:10.892+0300: 284.302: [GC (CMS Final Remark) [YG occupancy: 93252 K (215040 K)]2024-10-07T22:31:10.892+0300: 284.302: [Rescan (parallel) , 0.0009574 secs]2024-10-07T22:31:10.892+0300: 284.303: [weak refs processing, 0.0000227 secs]2024-10-07T22:31:10.892+0300: 284.303: [class unloading, 0.0012678 secs]2024-10-07T22:31:10.892+0300: 284.304: [scrub symbol table, 0.0008258 secs]2024-10-07T22:31:10.892+0300: 284.305: [scrub string table, 0.0003022 secs][1 CMS-remark: 430921K(477888K)] 524174K(692928K), 0.0035468 secs] [Times: user=0.00 sys=0.00, real=0.00 secs] 
2024-10-07T22:31:10.892+0300: 284.305: Total time for which application threads were stopped: 6.7109804 seconds, Stopping threads took: 6.7073259 seconds
2024-10-07T22:31:10.892+0300: 284.306: [CMS-concurrent-sweep-start]
2024-10-07T22:31:10.892+0300: 284.316: [CMS-concurrent-sweep: 0.011/0.011 secs] [Times: user=0.00 sys=0.00, real=0.00 secs] 
2024-10-07T22:31:10.892+0300: 284.316: [CMS-concurrent-reset-start]
2024-10-07T22:31:10.908+0300: 284.319: [CMS-concurrent-reset: 0.003/0.003 secs] [Times: user=0.02 sys=0.00, real=0.02 secs] 
2024-10-07T22:31:10.948+0300: 284.359: Application time: 0.0535839 seconds
2024-10-07T22:31:15.559+0300: 288.969: [GC (Allocation Failure) 2024-10-07T22:31:15.559+0300: 288.969: [ParNew: 215035K->215035K(215040K), 0.0000305 secs]2024-10-07T22:31:15.559+0300: 288.969: [CMS: 304660K->319664K(477888K), 0.0624314 secs] 519696K->319664K(692928K), [Metaspace: 7139K->7139K(1056768K)], 0.0625978 secs] [Times: user=0.06 sys=0.00, real=0.06 secs] 
2024-10-07T22:31:15.622+0300: 289.031: Total time for which application threads were stopped: 4.6723771 seconds, Stopping threads took: 4.6096283 seconds
2024-10-07T22:31:15.622+0300: 289.032: Application time: 0.0001266 seconds
2024-10-07T22:31:15.638+0300: 289.048: [GC (CMS Initial Mark) [1 CMS-initial-mark: 319664K(477888K)] 338200K(692928K), 0.0008236 secs] [Times: user=0.00 sys=0.00, real=0.00 secs] 
2024-10-07T22:31:15.638+0300: 289.049: Total time for which application threads were stopped: 0.0169817 seconds, Stopping threads took: 0.0160124 seconds
2024-10-07T22:31:15.638+0300: 289.049: [CMS-concurrent-mark-start]
2024-10-07T22:31:15.638+0300: 289.055: [CMS-concurrent-mark: 0.007/0.007 secs] [Times: user=0.00 sys=0.00, real=0.00 secs] 
2024-10-07T22:31:15.638+0300: 289.055: [CMS-concurrent-preclean-start]
2024-10-07T22:31:15.638+0300: 289.056: [CMS-concurrent-preclean: 0.001/0.001 secs] [Times: user=0.00 sys=0.00, real=0.00 secs] 
2024-10-07T22:31:15.638+0300: 289.056: [CMS-concurrent-abortable-preclean-start]
2024-10-07T22:31:15.732+0300: 289.143: Application time: 0.0945407 seconds
2024-10-07T22:31:15.748+0300: 289.158: [CMS-concurrent-abortable-preclean: 0.001/0.101 secs] [Times: user=0.50 sys=0.00, real=0.11 secs] 
2024-10-07T22:31:27.254+0300: 300.664: [GC (Allocation Failure) 2024-10-07T22:31:27.254+0300: 300.664: [ParNew: 191168K->191168K(215040K), 0.0000338 secs]2024-10-07T22:31:27.254+0300: 300.664: [CMS (concurrent mode failure): 319664K->378594K(477888K), 0.0712657 secs] 510832K->378594K(692928K), [Metaspace: 7139K->7139K(1056768K)], 0.0714570 secs] [Times: user=0.06 sys=0.00, real=0.06 secs] 
2024-10-07T22:31:27.317+0300: 300.735: Total time for which application threads were stopped: 11.5921728 seconds, Stopping threads took: 11.5205483 seconds
2024-10-07T22:31:29.329+0300: 302.739: Application time: 2.0037915 seconds
2024-10-07T22:31:42.255+0300: 315.664: [GC (CMS Initial Mark) [1 CMS-initial-mark: 378594K(477888K)] 462281K(692928K), 0.0007288 secs] [Times: user=0.00 sys=0.00, real=0.00 secs] 
2024-10-07T22:31:42.256+0300: 315.665: Total time for which application threads were stopped: 12.9262829 seconds, Stopping threads took: 12.9253787 seconds
2024-10-07T22:31:42.256+0300: 315.665: [CMS-concurrent-mark-start]
2024-10-07T22:31:42.256+0300: 315.673: [CMS-concurrent-mark: 0.007/0.007 secs] [Times: user=0.00 sys=0.00, real=0.00 secs] 
2024-10-07T22:31:42.256+0300: 315.673: [CMS-concurrent-preclean-start]
2024-10-07T22:31:42.256+0300: 315.674: [CMS-concurrent-preclean: 0.002/0.002 secs] [Times: user=0.00 sys=0.00, real=0.00 secs] 
2024-10-07T22:31:42.256+0300: 315.674: [CMS-concurrent-abortable-preclean-start]
2024-10-07T22:31:42.302+0300: 315.722: Application time: 0.0564345 seconds
2024-10-07T22:31:42.365+0300: 315.775: [CMS-concurrent-abortable-preclean: 0.001/0.100 secs] [Times: user=0.42 sys=0.00, real=0.11 secs] 
2024-10-07T22:31:47.000+0300: 320.410: [GC (Allocation Failure) 2024-10-07T22:31:47.000+0300: 320.410: [ParNew: 191168K->191168K(215040K), 0.0000146 secs]2024-10-07T22:31:47.000+0300: 320.410: [CMS (concurrent mode failure): 378594K->238065K(477888K), 0.0477439 secs] 569762K->238065K(692928K), [Metaspace: 7145K->7145K(1056768K)], 0.0478711 secs] [Times: user=0.05 sys=0.00, real=0.05 secs] 
2024-10-07T22:31:47.047+0300: 320.458: Total time for which application threads were stopped: 4.7365069 seconds, Stopping threads took: 4.6885180 seconds
2024-10-07T22:32:05.009+0300: 338.433: Application time: 17.9744327 seconds
2024-10-07T22:32:05.009+0300: 338.433: Total time for which application threads were stopped: 0.0006120 seconds, Stopping threads took: 0.0005586 seconds
2024-10-07T22:32:05.024+0300: 338.436: Application time: 0.0026636 seconds
2024-10-07T22:32:05.024+0300: 338.436: [GC (Allocation Failure) 2024-10-07T22:32:05.024+0300: 338.436: [ParNew: 191156K->23870K(215040K), 0.0103565 secs] 429221K->293192K(692928K), 0.0105524 secs] [Times: user=0.02 sys=0.00, real=0.00 secs] 
2024-10-07T22:32:05.027+0300: 338.447: Total time for which application threads were stopped: 0.0108669 seconds, Stopping threads took: 0.0000986 seconds
2024-10-07T22:32:05.072+0300: 338.492: Application time: 0.0453336 seconds
2024-10-07T22:32:05.072+0300: 338.492: [GC (Allocation Failure) 2024-10-07T22:32:05.072+0300: 338.492: [ParNew: 215038K->23863K(215040K), 0.0341633 secs] 484360K->483596K(692928K), 0.0342619 secs] [Times: user=0.03 sys=0.00, real=0.03 secs] 
2024-10-07T22:32:05.103+0300: 338.527: Total time for which application threads were stopped: 0.0345404 seconds, Stopping threads took: 0.0001652 seconds
2024-10-07T22:32:05.103+0300: 338.527: Application time: 0.0001555 seconds
2024-10-07T22:32:05.135+0300: 338.546: [GC (CMS Initial Mark) [1 CMS-initial-mark: 459732K(477888K)] 659900K(692928K), 0.0006636 secs] [Times: user=0.00 sys=0.00, real=0.00 secs] 
2024-10-07T22:32:05.135+0300: 338.547: Total time for which application threads were stopped: 0.0197465 seconds, Stopping threads took: 0.0190170 seconds
2024-10-07T22:32:05.135+0300: 338.547: [CMS-concurrent-mark-start]
2024-10-07T22:32:05.135+0300: 338.552: [CMS-concurrent-mark: 0.005/0.005 secs] [Times: user=0.00 sys=0.00, real=0.00 secs] 
2024-10-07T22:32:05.135+0300: 338.552: [CMS-concurrent-preclean-start]
2024-10-07T22:32:05.135+0300: 338.553: [CMS-concurrent-preclean: 0.001/0.001 secs] [Times: user=0.00 sys=0.00, real=0.00 secs] 
2024-10-07T22:32:05.135+0300: 338.553: [CMS-concurrent-abortable-preclean-start]
2024-10-07T22:32:05.135+0300: 338.553: [CMS-concurrent-abortable-preclean: 0.000/0.000 secs] [Times: user=0.00 sys=0.00, real=0.00 secs] 
2024-10-07T22:32:05.166+0300: 338.576: Application time: 0.0290887 seconds
2024-10-07T22:32:14.106+0300: 347.515: [GC (CMS Final Remark) [YG occupancy: 200639 K (215040 K)]2024-10-07T22:32:14.106+0300: 347.515: [Rescan (parallel) , 0.0008395 secs]2024-10-07T22:32:14.106+0300: 347.516: [weak refs processing, 0.0000258 secs]2024-10-07T22:32:14.106+0300: 347.516: [class unloading, 0.0008258 secs]2024-10-07T22:32:14.106+0300: 347.517: [scrub symbol table, 0.0005094 secs]2024-10-07T22:32:14.106+0300: 347.518: [scrub string table, 0.0001376 secs][1 CMS-remark: 459732K(477888K)] 660372K(692928K), 0.0024728 secs] [Times: user=0.00 sys=0.00, real=0.00 secs] 
2024-10-07T22:32:14.106+0300: 347.518: Total time for which application threads were stopped: 8.9420186 seconds, Stopping threads took: 8.9394625 seconds
2024-10-07T22:32:14.106+0300: 347.518: [CMS-concurrent-sweep-start]
2024-10-07T22:32:14.106+0300: 347.530: [CMS-concurrent-sweep: 0.012/0.012 secs] [Times: user=0.00 sys=0.00, real=0.00 secs] 
2024-10-07T22:32:14.106+0300: 347.530: [CMS-concurrent-reset-start]
2024-10-07T22:32:14.121+0300: 347.533: [CMS-concurrent-reset: 0.003/0.003 secs] [Times: user=0.02 sys=0.00, real=0.02 secs] 
2024-10-07T22:32:16.135+0300: 349.544: Application time: 2.0265660 seconds
2024-10-07T22:32:29.087+0300: 362.496: [GC (CMS Initial Mark) [1 CMS-initial-mark: 197073K(477888K)] 397712K(692928K), 0.0011876 secs] [Times: user=0.00 sys=0.00, real=0.00 secs] 
2024-10-07T22:32:29.087+0300: 362.498: Total time for which application threads were stopped: 12.9532513 seconds, Stopping threads took: 12.9519506 seconds
2024-10-07T22:32:29.087+0300: 362.498: [CMS-concurrent-mark-start]
2024-10-07T22:32:29.087+0300: 362.503: [CMS-concurrent-mark: 0.005/0.005 secs] [Times: user=0.00 sys=0.00, real=0.00 secs] 
2024-10-07T22:32:29.087+0300: 362.503: [CMS-concurrent-preclean-start]
2024-10-07T22:32:29.087+0300: 362.504: [CMS-concurrent-preclean: 0.001/0.001 secs] [Times: user=0.00 sys=0.00, real=0.00 secs] 
2024-10-07T22:32:29.087+0300: 362.504: [CMS-concurrent-abortable-preclean-start]
2024-10-07T22:32:29.118+0300: 362.536: Application time: 0.0383483 seconds
2024-10-07T22:32:33.837+0300: 367.247: [GC (Allocation Failure) 2024-10-07T22:32:33.837+0300: 367.247: [ParNew: 215031K->23867K(215040K), 0.0263881 secs] 412104K->349674K(692928K), 0.0264992 secs] [Times: user=0.00 sys=0.00, real=0.02 secs] 
2024-10-07T22:32:33.853+0300: 367.274: Total time for which application threads were stopped: 4.7375645 seconds, Stopping threads took: 4.7109265 seconds
2024-10-07T22:32:33.900+0300: 367.312: Application time: 0.0384725 seconds
2024-10-07T22:32:33.915+0300: 367.325: [GC (Allocation Failure) 2024-10-07T22:32:33.915+0300: 367.325: [ParNew: 215035K->215035K(215040K), 0.0000402 secs]2024-10-07T22:32:33.915+0300: 367.325: [CMS2024-10-07T22:32:33.915+0300: 367.325: [CMS-concurrent-abortable-preclean: 0.011/4.821 secs] [Times: user=9.11 sys=0.00, real=4.83 secs] 
 (concurrent mode failure): 325807K->334905K(477888K), 0.0666932 secs] 540842K->334905K(692928K), [Metaspace: 7229K->7229K(1056768K)], 0.0668904 secs] [Times: user=0.06 sys=0.00, real=0.06 secs] 
2024-10-07T22:32:33.978+0300: 367.392: Total time for which application threads were stopped: 0.0798579 seconds, Stopping threads took: 0.0128107 seconds
2024-10-07T22:32:34.027+0300: 367.450: Application time: 0.0580469 seconds
2024-10-07T22:32:42.981+0300: 376.391: [GC (Allocation Failure) 2024-10-07T22:32:42.981+0300: 376.391: [ParNew: 191164K->191164K(215040K), 0.0000297 secs]2024-10-07T22:32:42.981+0300: 376.391: [CMS: 334905K->392761K(477888K), 0.0744971 secs] 526069K->392761K(692928K), [Metaspace: 7230K->7230K(1056768K)], 0.0746637 secs] [Times: user=0.06 sys=0.00, real=0.08 secs] 
2024-10-07T22:32:43.056+0300: 376.465: Total time for which application threads were stopped: 9.0155704 seconds, Stopping threads took: 8.9407565 seconds
2024-10-07T22:32:43.056+0300: 376.466: Application time: 0.0002192 seconds
2024-10-07T22:32:46.124+0300: 379.535: [GC (CMS Initial Mark) [1 CMS-initial-mark: 392761K(477888K)] 395645K(692928K), 0.0005867 secs] [Times: user=0.00 sys=0.00, real=0.00 secs] 
2024-10-07T22:32:46.124+0300: 379.535: Total time for which application threads were stopped: 3.0694397 seconds, Stopping threads took: 3.0687297 seconds
2024-10-07T22:32:46.124+0300: 379.535: [CMS-concurrent-mark-start]
2024-10-07T22:32:46.124+0300: 379.544: [CMS-concurrent-mark: 0.009/0.009 secs] [Times: user=0.00 sys=0.00, real=0.00 secs] 
2024-10-07T22:32:46.124+0300: 379.544: [CMS-concurrent-preclean-start]
2024-10-07T22:32:46.124+0300: 379.545: [CMS-concurrent-preclean: 0.001/0.001 secs] [Times: user=0.00 sys=0.00, real=0.00 secs] 
2024-10-07T22:32:46.124+0300: 379.545: [CMS-concurrent-abortable-preclean-start]
 CMS: abort preclean due to time 2024-10-07T22:32:51.189+0300: 384.600: [CMS-concurrent-abortable-preclean: 0.062/5.055 secs] [Times: user=29.36 sys=0.05, real=5.06 secs] 
2024-10-07T22:32:51.189+0300: 384.601: Application time: 5.0654330 seconds
2024-10-07T22:33:01.152+0300: 394.562: [GC (CMS Final Remark) [YG occupancy: 2883 K (215040 K)]2024-10-07T22:33:01.152+0300: 394.562: [Rescan (parallel) , 0.0008440 secs]2024-10-07T22:33:01.152+0300: 394.563: [weak refs processing, 0.0000279 secs]2024-10-07T22:33:01.152+0300: 394.563: [class unloading, 0.0012048 secs]2024-10-07T22:33:01.152+0300: 394.565: [scrub symbol table, 0.0007823 secs]2024-10-07T22:33:01.152+0300: 394.565: [scrub string table, 0.0002929 secs][1 CMS-remark: 392761K(477888K)] 395645K(692928K), 0.0033277 secs] [Times: user=0.00 sys=0.00, real=0.00 secs] 
2024-10-07T22:33:01.152+0300: 394.566: Total time for which application threads were stopped: 9.9650775 seconds, Stopping threads took: 9.9616351 seconds
2024-10-07T22:33:01.152+0300: 394.566: [CMS-concurrent-sweep-start]
2024-10-07T22:33:01.152+0300: 394.573: [CMS-concurrent-sweep: 0.007/0.007 secs] [Times: user=0.00 sys=0.00, real=0.00 secs] 
2024-10-07T22:33:01.152+0300: 394.573: [CMS-concurrent-reset-start]
2024-10-07T22:33:01.152+0300: 394.575: [CMS-concurrent-reset: 0.002/0.002 secs] [Times: user=0.00 sys=0.00, real=0.00 secs] 
2024-10-07T22:33:01.219+0300: 394.635: Application time: 0.0696055 seconds
2024-10-07T22:33:04.386+0300: 397.796: [GC (Allocation Failure) 2024-10-07T22:33:04.386+0300: 397.796: [ParNew: 191167K->191167K(215040K), 0.0000300 secs]2024-10-07T22:33:04.386+0300: 397.796: [CMS: 392761K->253442K(477888K), 0.0508874 secs] 583929K->253442K(692928K), [Metaspace: 7231K->7231K(1056768K)], 0.0510550 secs] [Times: user=0.05 sys=0.00, real=0.05 secs] 
2024-10-07T22:33:04.433+0300: 397.847: Total time for which application threads were stopped: 3.2116818 seconds, Stopping threads took: 3.1604802 seconds
2024-10-07T22:33:04.528+0300: 397.945: Application time: 0.0982453 seconds
2024-10-07T22:33:16.051+0300: 409.461: [GC (Allocation Failure) 2024-10-07T22:33:16.051+0300: 409.461: [ParNew: 191168K->23861K(215040K), 0.0325338 secs] 444610K->441844K(692928K), 0.0326670 secs] [Times: user=0.03 sys=0.00, real=0.03 secs] 
2024-10-07T22:33:16.083+0300: 409.493: Total time for which application threads were stopped: 11.5482196 seconds, Stopping threads took: 11.5154028 seconds
2024-10-07T22:33:16.083+0300: 409.493: Application time: 0.0000621 seconds
2024-10-07T22:33:16.098+0300: 409.508: [GC (CMS Initial Mark) [1 CMS-initial-mark: 417982K(477888K)] 462073K(692928K), 0.0006777 secs] [Times: user=0.00 sys=0.00, real=0.00 secs] 
2024-10-07T22:33:16.098+0300: 409.509: Total time for which application threads were stopped: 0.0155870 seconds, Stopping threads took: 0.0147843 seconds
2024-10-07T22:33:16.098+0300: 409.509: [CMS-concurrent-mark-start]
2024-10-07T22:33:16.098+0300: 409.516: [CMS-concurrent-mark: 0.007/0.007 secs] [Times: user=0.00 sys=0.00, real=0.00 secs] 
2024-10-07T22:33:16.098+0300: 409.516: [CMS-concurrent-preclean-start]
2024-10-07T22:33:16.098+0300: 409.517: [CMS-concurrent-preclean: 0.001/0.001 secs] [Times: user=0.00 sys=0.00, real=0.00 secs] 
2024-10-07T22:33:16.098+0300: 409.517: [CMS-concurrent-abortable-preclean-start]
 CMS: abort preclean due to time 2024-10-07T22:33:21.161+0300: 414.573: [CMS-concurrent-abortable-preclean: 0.105/5.055 secs] [Times: user=29.41 sys=0.06, real=5.06 secs] 
2024-10-07T22:33:21.161+0300: 414.573: Application time: 5.0642634 seconds
2024-10-07T22:33:31.113+0300: 424.523: [GC (CMS Final Remark) [YG occupancy: 44090 K (215040 K)]2024-10-07T22:33:31.113+0300: 424.523: [Rescan (parallel) , 0.0006656 secs]2024-10-07T22:33:31.113+0300: 424.523: [weak refs processing, 0.0000250 secs]2024-10-07T22:33:31.113+0300: 424.523: [class unloading, 0.0009014 secs]2024-10-07T22:33:31.113+0300: 424.524: [scrub symbol table, 0.0005071 secs]2024-10-07T22:33:31.113+0300: 424.525: [scrub string table, 0.0001406 secs][1 CMS-remark: 417982K(477888K)] 462073K(692928K), 0.0023774 secs] [Times: user=0.00 sys=0.00, real=0.00 secs] 
2024-10-07T22:33:31.113+0300: 424.525: Total time for which application threads were stopped: 9.9516196 seconds, Stopping threads took: 9.9491253 seconds
2024-10-07T22:33:31.113+0300: 424.525: [CMS-concurrent-sweep-start]
2024-10-07T22:33:31.119+0300: 424.533: [CMS-concurrent-sweep: 0.008/0.008 secs] [Times: user=0.02 sys=0.00, real=0.01 secs] 
2024-10-07T22:33:31.119+0300: 424.534: [CMS-concurrent-reset-start]
2024-10-07T22:33:31.119+0300: 424.536: [CMS-concurrent-reset: 0.002/0.002 secs] [Times: user=0.00 sys=0.00, real=0.00 secs] 
2024-10-07T22:33:31.176+0300: 424.593: Application time: 0.0678560 seconds
2024-10-07T22:33:34.382+0300: 427.791: [GC (Allocation Failure) 2024-10-07T22:33:34.382+0300: 427.791: [ParNew: 215029K->215029K(215040K), 0.0000151 secs]2024-10-07T22:33:34.382+0300: 427.791: [CMS: 352330K->236578K(477888K), 0.0527443 secs] 567359K->236578K(692928K), [Metaspace: 7233K->7233K(1056768K)], 0.0528767 secs] [Times: user=0.05 sys=0.00, real=0.05 secs] 
2024-10-07T22:33:34.429+0300: 427.844: Total time for which application threads were stopped: 3.2513764 seconds, Stopping threads took: 3.1983852 seconds
2024-10-07T22:33:34.429+0300: 427.845: Application time: 0.0004433 seconds
2024-10-07T22:33:34.445+0300: 427.854: [GC (CMS Initial Mark) [1 CMS-initial-mark: 236578K(477888K)] 305667K(692928K), 0.0007741 secs] [Times: user=0.00 sys=0.00, real=0.00 secs] 
2024-10-07T22:33:34.445+0300: 427.855: Total time for which application threads were stopped: 0.0103761 seconds, Stopping threads took: 0.0095083 seconds
2024-10-07T22:33:34.445+0300: 427.855: [CMS-concurrent-mark-start]
2024-10-07T22:33:34.445+0300: 427.860: [CMS-concurrent-mark: 0.005/0.005 secs] [Times: user=0.00 sys=0.00, real=0.00 secs] 
2024-10-07T22:33:34.445+0300: 427.860: [CMS-concurrent-preclean-start]
2024-10-07T22:33:34.445+0300: 427.861: [CMS-concurrent-preclean: 0.001/0.001 secs] [Times: user=0.00 sys=0.00, real=0.00 secs] 
2024-10-07T22:33:34.445+0300: 427.862: [CMS-concurrent-abortable-preclean-start]
2024-10-07T22:33:34.492+0300: 427.903: Application time: 0.0478248 seconds
2024-10-07T22:33:43.448+0300: 436.858: [GC (Allocation Failure) 2024-10-07T22:33:43.448+0300: 436.858: [ParNew: 191168K->23869K(215040K), 0.0349378 secs] 427746K->424315K(692928K), 0.0350532 secs] [Times: user=0.00 sys=0.02, real=0.03 secs] 
2024-10-07T22:33:43.479+0300: 436.893: Total time for which application threads were stopped: 8.9898283 seconds, Stopping threads took: 8.9546282 seconds
 CMS: abort preclean due to time 2024-10-07T22:33:43.479+0300: 436.901: [CMS-concurrent-abortable-preclean: 0.009/9.040 secs] [Times: user=31.61 sys=0.39, real=9.03 secs] 
2024-10-07T22:33:43.526+0300: 436.937: Application time: 0.0438947 seconds
2024-10-07T22:33:55.174+0300: 448.584: [GC (CMS Final Remark) [YG occupancy: 61639 K (215040 K)]2024-10-07T22:33:55.174+0300: 448.584: [Rescan (parallel) , 0.0008642 secs]2024-10-07T22:33:55.174+0300: 448.585: [weak refs processing, 0.0000256 secs]2024-10-07T22:33:55.174+0300: 448.585: [class unloading, 0.0012570 secs]2024-10-07T22:33:55.174+0300: 448.586: [scrub symbol table, 0.0004793 secs]2024-10-07T22:33:55.174+0300: 448.586: [scrub string table, 0.0001407 secs][1 CMS-remark: 400446K(477888K)] 462085K(692928K), 0.0029069 secs] [Times: user=0.00 sys=0.00, real=0.00 secs] 
2024-10-07T22:33:55.174+0300: 448.587: Total time for which application threads were stopped: 11.6500289 seconds, Stopping threads took: 11.6470304 seconds
2024-10-07T22:33:55.174+0300: 448.587: [CMS-concurrent-sweep-start]
2024-10-07T22:33:55.174+0300: 448.595: [CMS-concurrent-sweep: 0.008/0.008 secs] [Times: user=0.00 sys=0.00, real=0.00 secs] 
2024-10-07T22:33:55.174+0300: 448.595: [CMS-concurrent-reset-start]
2024-10-07T22:33:55.189+0300: 448.599: [CMS-concurrent-reset: 0.004/0.004 secs] [Times: user=0.01 sys=0.00, real=0.01 secs] 
2024-10-07T22:33:55.252+0300: 448.664: Application time: 0.0776384 seconds
2024-10-07T22:33:59.935+0300: 453.345: [GC (Allocation Failure) 2024-10-07T22:33:59.935+0300: 453.346: [ParNew: 215037K->215037K(215040K), 0.0000340 secs]2024-10-07T22:33:59.935+0300: 453.346: [CMS: 400446K->285009K(477888K), 0.0599199 secs] 615483K->285009K(692928K), [Metaspace: 7233K->7233K(1056768K)], 0.0601141 secs] [Times: user=0.05 sys=0.00, real=0.05 secs] 
2024-10-07T22:33:59.983+0300: 453.406: Total time for which application threads were stopped: 4.7413460 seconds, Stopping threads took: 4.6810562 seconds
2024-10-07T22:33:59.983+0300: 453.406: Application time: 0.0005677 seconds
2024-10-07T22:34:00.014+0300: 453.424: [GC (CMS Initial Mark) [1 CMS-initial-mark: 285009K(477888K)] 339998K(692928K), 0.0008610 secs] [Times: user=0.00 sys=0.00, real=0.00 secs] 
2024-10-07T22:34:00.014+0300: 453.425: Total time for which application threads were stopped: 0.0188637 seconds, Stopping threads took: 0.0178761 seconds
2024-10-07T22:34:00.014+0300: 453.425: [CMS-concurrent-mark-start]
2024-10-07T22:34:00.014+0300: 453.431: [CMS-concurrent-mark: 0.006/0.006 secs] [Times: user=0.00 sys=0.00, real=0.00 secs] 
2024-10-07T22:34:00.014+0300: 453.431: [CMS-concurrent-preclean-start]
2024-10-07T22:34:00.014+0300: 453.432: [CMS-concurrent-preclean: 0.001/0.001 secs] [Times: user=0.00 sys=0.00, real=0.00 secs] 
2024-10-07T22:34:00.014+0300: 453.432: [CMS-concurrent-abortable-preclean-start]
 CMS: abort preclean due to time 2024-10-07T22:34:05.073+0300: 458.484: [CMS-concurrent-abortable-preclean: 0.054/5.051 secs] [Times: user=29.26 sys=0.16, real=5.06 secs] 
2024-10-07T22:34:05.073+0300: 458.484: Application time: 5.0589293 seconds
2024-10-07T22:34:14.810+0300: 468.219: [GC (CMS Final Remark) [YG occupancy: 178080 K (215040 K)]2024-10-07T22:34:14.810+0300: 468.219: [Rescan (parallel) , 0.0005742 secs]2024-10-07T22:34:14.810+0300: 468.220: [weak refs processing, 0.0000156 secs]2024-10-07T22:34:14.810+0300: 468.220: [class unloading, 0.0008076 secs]2024-10-07T22:34:14.810+0300: 468.221: [scrub symbol table, 0.0005650 secs]2024-10-07T22:34:14.810+0300: 468.221: [scrub string table, 0.0001528 secs][1 CMS-remark: 285009K(477888K)] 463090K(692928K), 0.0022322 secs] [Times: user=0.00 sys=0.00, real=0.00 secs] 
2024-10-07T22:34:14.810+0300: 468.222: Total time for which application threads were stopped: 9.7376649 seconds, Stopping threads took: 9.7353667 seconds
2024-10-07T22:34:14.810+0300: 468.222: [CMS-concurrent-sweep-start]
2024-10-07T22:34:14.810+0300: 468.229: [CMS-concurrent-sweep: 0.007/0.007 secs] [Times: user=0.00 sys=0.00, real=0.00 secs] 
2024-10-07T22:34:14.810+0300: 468.229: [CMS-concurrent-reset-start]
2024-10-07T22:34:14.810+0300: 468.232: [CMS-concurrent-reset: 0.003/0.003 secs] [Times: user=0.00 sys=0.00, real=0.00 secs] 
2024-10-07T22:34:14.873+0300: 468.294: Application time: 0.0726121 seconds
2024-10-07T22:34:26.554+0300: 479.964: [GC (Allocation Failure) 2024-10-07T22:34:26.554+0300: 479.964: [ParNew: 191168K->23871K(215040K), 0.0329813 secs] 476177K->474143K(692928K), 0.0330678 secs] [Times: user=0.03 sys=0.00, real=0.03 secs] 
2024-10-07T22:34:26.585+0300: 479.997: Total time for which application threads were stopped: 11.7026398 seconds, Stopping threads took: 11.6694701 seconds
2024-10-07T22:34:26.585+0300: 479.997: Application time: 0.0000633 seconds
2024-10-07T22:34:26.601+0300: 480.011: [GC (CMS Initial Mark) [1 CMS-initial-mark: 450271K(477888K)] 497228K(692928K), 0.0006054 secs] [Times: user=0.00 sys=0.00, real=0.00 secs] 
2024-10-07T22:34:26.601+0300: 480.012: Total time for which application threads were stopped: 0.0147992 seconds, Stopping threads took: 0.0141064 seconds
2024-10-07T22:34:26.601+0300: 480.012: [CMS-concurrent-mark-start]
2024-10-07T22:34:26.601+0300: 480.016: [CMS-concurrent-mark: 0.004/0.004 secs] [Times: user=0.00 sys=0.00, real=0.00 secs] 
2024-10-07T22:34:26.601+0300: 480.016: [CMS-concurrent-preclean-start]
2024-10-07T22:34:26.601+0300: 480.017: [CMS-concurrent-preclean: 0.001/0.001 secs] [Times: user=0.00 sys=0.00, real=0.00 secs] 
2024-10-07T22:34:26.601+0300: 480.017: [CMS-concurrent-abortable-preclean-start]
2024-10-07T22:34:26.601+0300: 480.017: [CMS-concurrent-abortable-preclean: 0.000/0.000 secs] [Times: user=0.00 sys=0.00, real=0.00 secs] 
2024-10-07T22:34:26.633+0300: 480.043: Application time: 0.0314673 seconds
2024-10-07T22:34:26.648+0300: 480.058: [GC (CMS Final Remark) [YG occupancy: 215039 K (215040 K)]2024-10-07T22:34:26.648+0300: 480.058: [Rescan (parallel) , 0.0010956 secs]2024-10-07T22:34:26.648+0300: 480.059: [weak refs processing, 0.0000223 secs]2024-10-07T22:34:26.648+0300: 480.059: [class unloading, 0.0008362 secs]2024-10-07T22:34:26.648+0300: 480.060: [scrub symbol table, 0.0005077 secs]2024-10-07T22:34:26.648+0300: 480.061: [scrub string table, 0.0001379 secs][1 CMS-remark: 450271K(477888K)] 665311K(692928K), 0.0027651 secs] [Times: user=0.00 sys=0.00, real=0.00 secs] 
2024-10-07T22:34:26.648+0300: 480.061: Total time for which application threads were stopped: 0.0176139 seconds, Stopping threads took: 0.0147438 seconds
2024-10-07T22:34:26.648+0300: 480.061: Application time: 0.0000487 seconds
2024-10-07T22:34:26.648+0300: 480.061: [CMS-concurrent-sweep-start]
2024-10-07T22:34:26.680+0300: 480.089: [GC (Allocation Failure) 2024-10-07T22:34:26.680+0300: 480.089: [ParNew: 215039K->215039K(215040K), 0.0000344 secs]2024-10-07T22:34:26.680+0300: 480.089: [CMS2024-10-07T22:34:26.680+0300: 480.095: [CMS-concurrent-sweep: 0.034/0.034 secs] [Times: user=0.00 sys=0.00, real=0.03 secs] 
 (concurrent mode failure): 450271K->203362K(477888K), 0.0484478 secs] 665311K->203362K(692928K), [Metaspace: 7236K->7236K(1056768K)], 0.0486505 secs] [Times: user=0.05 sys=0.00, real=0.05 secs] 
2024-10-07T22:34:26.727+0300: 480.138: Total time for which application threads were stopped: 0.0769724 seconds, Stopping threads took: 0.0281736 seconds
2024-10-07T22:34:26.758+0300: 480.182: Application time: 0.0441190 seconds
2024-10-07T22:34:29.852+0300: 483.263: [GC (Allocation Failure) 2024-10-07T22:34:29.852+0300: 483.263: [ParNew: 191168K->23867K(215040K), 0.0305595 secs] 394530K->392363K(692928K), 0.0307960 secs] [Times: user=0.03 sys=0.00, real=0.03 secs] 
2024-10-07T22:34:29.884+0300: 483.293: Total time for which application threads were stopped: 3.1113385 seconds, Stopping threads took: 3.0803769 seconds
2024-10-07T22:34:29.884+0300: 483.294: Application time: 0.0001543 seconds
2024-10-07T22:34:36.640+0300: 490.050: [GC (CMS Initial Mark) [1 CMS-initial-mark: 368495K(477888K)] 395704K(692928K), 0.0010786 secs] [Times: user=0.00 sys=0.00, real=0.00 secs] 
2024-10-07T22:34:36.640+0300: 490.051: Total time for which application threads were stopped: 6.7572142 seconds, Stopping threads took: 6.7560153 seconds
2024-10-07T22:34:36.640+0300: 490.051: [CMS-concurrent-mark-start]
2024-10-07T22:34:36.640+0300: 490.058: [CMS-concurrent-mark: 0.007/0.007 secs] [Times: user=0.00 sys=0.00, real=0.00 secs] 
2024-10-07T22:34:36.640+0300: 490.058: [CMS-concurrent-preclean-start]
2024-10-07T22:34:36.640+0300: 490.059: [CMS-concurrent-preclean: 0.001/0.001 secs] [Times: user=0.00 sys=0.00, real=0.00 secs] 
2024-10-07T22:34:36.640+0300: 490.059: [CMS-concurrent-abortable-preclean-start]
 CMS: abort preclean due to time 2024-10-07T22:34:41.700+0300: 495.112: [CMS-concurrent-abortable-preclean: 0.117/5.053 secs] [Times: user=29.09 sys=0.20, real=5.06 secs] 
2024-10-07T22:34:41.700+0300: 495.113: Application time: 5.0618694 seconds
2024-10-07T22:34:51.680+0300: 505.090: [GC (CMS Final Remark) [YG occupancy: 27209 K (215040 K)]2024-10-07T22:34:51.680+0300: 505.090: [Rescan (parallel) , 0.0008623 secs]2024-10-07T22:34:51.680+0300: 505.091: [weak refs processing, 0.0000140 secs]2024-10-07T22:34:51.680+0300: 505.091: [class unloading, 0.0007740 secs]2024-10-07T22:34:51.680+0300: 505.091: [scrub symbol table, 0.0005112 secs]2024-10-07T22:34:51.680+0300: 505.092: [scrub string table, 0.0001428 secs][1 CMS-remark: 368495K(477888K)] 395704K(692928K), 0.0024496 secs] [Times: user=0.00 sys=0.00, real=0.00 secs] 
2024-10-07T22:34:51.680+0300: 505.092: Total time for which application threads were stopped: 9.9794536 seconds, Stopping threads took: 9.9769116 seconds
2024-10-07T22:34:51.680+0300: 505.092: [CMS-concurrent-sweep-start]
2024-10-07T22:34:51.684+0300: 505.099: [CMS-concurrent-sweep: 0.007/0.007 secs] [Times: user=0.01 sys=0.00, real=0.00 secs] 
2024-10-07T22:34:51.684+0300: 505.100: [CMS-concurrent-reset-start]
2024-10-07T22:34:51.684+0300: 505.102: [CMS-concurrent-reset: 0.002/0.002 secs] [Times: user=0.00 sys=0.00, real=0.00 secs] 
2024-10-07T22:34:51.759+0300: 505.175: Application time: 0.0827899 seconds
2024-10-07T22:34:56.604+0300: 510.013: [GC (Allocation Failure) 2024-10-07T22:34:56.604+0300: 510.013: [ParNew: 215035K->215035K(215040K), 0.0000346 secs]2024-10-07T22:34:56.604+0300: 510.013: [CMS: 368495K->318819K(477888K), 0.0635567 secs] 583531K->318819K(692928K), [Metaspace: 7236K->7236K(1056768K)], 0.0637482 secs] [Times: user=0.06 sys=0.00, real=0.06 secs] 
2024-10-07T22:34:56.666+0300: 510.077: Total time for which application threads were stopped: 4.9022206 seconds, Stopping threads took: 4.8383157 seconds
2024-10-07T22:34:56.666+0300: 510.077: Application time: 0.0001179 seconds
2024-10-07T22:34:56.666+0300: 510.078: [GC (CMS Initial Mark) [1 CMS-initial-mark: 318819K(477888K)] 330354K(692928K), 0.0004686 secs] [Times: user=0.00 sys=0.00, real=0.00 secs] 
2024-10-07T22:34:56.666+0300: 510.079: Total time for which application threads were stopped: 0.0017539 seconds, Stopping threads took: 0.0012258 seconds
2024-10-07T22:34:56.666+0300: 510.079: [CMS-concurrent-mark-start]
2024-10-07T22:34:56.666+0300: 510.085: [CMS-concurrent-mark: 0.006/0.006 secs] [Times: user=0.00 sys=0.00, real=0.00 secs] 
2024-10-07T22:34:56.666+0300: 510.085: [CMS-concurrent-preclean-start]
2024-10-07T22:34:56.666+0300: 510.086: [CMS-concurrent-preclean: 0.001/0.001 secs] [Times: user=0.00 sys=0.00, real=0.00 secs] 
2024-10-07T22:34:56.666+0300: 510.086: [CMS-concurrent-abortable-preclean-start]
2024-10-07T22:34:56.761+0300: 510.176: Application time: 0.0972239 seconds
2024-10-07T22:34:56.776+0300: 510.186: [CMS-concurrent-abortable-preclean: 0.001/0.099 secs] [Times: user=0.55 sys=0.00, real=0.11 secs] 
2024-10-07T22:35:05.638+0300: 519.048: [GC (Allocation Failure) 2024-10-07T22:35:05.638+0300: 519.048: [ParNew: 191168K->191168K(215040K), 0.0000300 secs]2024-10-07T22:35:05.638+0300: 519.048: [CMS (concurrent mode failure): 318819K->376468K(477888K), 0.0699058 secs] 509987K->376468K(692928K), [Metaspace: 7236K->7236K(1056768K)], 0.0700955 secs] [Times: user=0.06 sys=0.00, real=0.06 secs] 
2024-10-07T22:35:05.701+0300: 519.118: Total time for which application threads were stopped: 8.9422686 seconds, Stopping threads took: 8.8720065 seconds
2024-10-07T22:35:07.713+0300: 521.123: Application time: 2.0042276 seconds
2024-10-07T22:35:20.704+0300: 534.114: [GC (CMS Initial Mark) [1 CMS-initial-mark: 376468K(477888K)] 396570K(692928K), 0.0007301 secs] [Times: user=0.00 sys=0.00, real=0.00 secs] 
2024-10-07T22:35:20.704+0300: 534.115: Total time for which application threads were stopped: 12.9922751 seconds, Stopping threads took: 12.9914026 seconds
2024-10-07T22:35:20.704+0300: 534.115: [CMS-concurrent-mark-start]
2024-10-07T22:35:20.704+0300: 534.121: [CMS-concurrent-mark: 0.006/0.006 secs] [Times: user=0.00 sys=0.00, real=0.00 secs] 
2024-10-07T22:35:20.704+0300: 534.122: [CMS-concurrent-preclean-start]
2024-10-07T22:35:20.704+0300: 534.123: [CMS-concurrent-preclean: 0.002/0.002 secs] [Times: user=0.00 sys=0.00, real=0.00 secs] 
2024-10-07T22:35:20.704+0300: 534.123: [CMS-concurrent-abortable-preclean-start]
2024-10-07T22:35:20.786+0300: 534.197: Application time: 0.0824540 seconds
2024-10-07T22:35:20.814+0300: 534.224: [CMS-concurrent-abortable-preclean: 0.001/0.101 secs] [Times: user=0.48 sys=0.00, real=0.11 secs] 
2024-10-07T22:35:25.500+0300: 538.910: [GC (Allocation Failure) 2024-10-07T22:35:25.500+0300: 538.910: [ParNew: 191168K->191168K(215040K), 0.0000154 secs]2024-10-07T22:35:25.500+0300: 538.910: [CMS (concurrent mode failure): 376468K->302355K(477888K), 0.0582800 secs] 567636K->302355K(692928K), [Metaspace: 7240K->7240K(1056768K)], 0.0584245 secs] [Times: user=0.05 sys=0.00, real=0.05 secs] 
2024-10-07T22:35:25.547+0300: 538.968: Total time for which application threads were stopped: 4.7706008 seconds, Stopping threads took: 4.7120620 seconds
2024-10-07T22:35:25.642+0300: 539.062: Application time: 0.0944175 seconds
2024-10-07T22:35:34.538+0300: 547.947: [GC (Allocation Failure) 2024-10-07T22:35:34.538+0300: 547.947: [ParNew: 191168K->191168K(215040K), 0.0000342 secs]2024-10-07T22:35:34.538+0300: 547.947: [CMS: 302355K->359027K(477888K), 0.0681237 secs] 493523K->359027K(692928K), [Metaspace: 7240K->7240K(1056768K)], 0.0683150 secs] [Times: user=0.06 sys=0.00, real=0.06 secs] 
2024-10-07T22:35:34.601+0300: 548.016: Total time for which application threads were stopped: 8.9532361 seconds, Stopping threads took: 8.8847531 seconds
2024-10-07T22:35:34.601+0300: 548.016: Application time: 0.0003207 seconds
2024-10-07T22:35:34.632+0300: 548.042: [GC (CMS Initial Mark) [1 CMS-initial-mark: 359027K(477888K)] 378052K(692928K), 0.0008299 secs] [Times: user=0.00 sys=0.00, real=0.00 secs] 
2024-10-07T22:35:34.632+0300: 548.043: Total time for which application threads were stopped: 0.0270182 seconds, Stopping threads took: 0.0260536 seconds
2024-10-07T22:35:34.632+0300: 548.043: [CMS-concurrent-mark-start]
2024-10-07T22:35:34.632+0300: 548.051: [CMS-concurrent-mark: 0.008/0.008 secs] [Times: user=0.00 sys=0.00, real=0.00 secs] 
2024-10-07T22:35:34.632+0300: 548.051: [CMS-concurrent-preclean-start]
2024-10-07T22:35:34.632+0300: 548.052: [CMS-concurrent-preclean: 0.001/0.001 secs] [Times: user=0.00 sys=0.00, real=0.00 secs] 
2024-10-07T22:35:34.632+0300: 548.052: [CMS-concurrent-abortable-preclean-start]
 CMS: abort preclean due to time 2024-10-07T22:35:39.690+0300: 553.101: [CMS-concurrent-abortable-preclean: 0.060/5.049 secs] [Times: user=29.20 sys=0.03, real=5.06 secs] 
2024-10-07T22:35:39.690+0300: 553.101: Application time: 5.0583247 seconds
2024-10-07T22:35:49.578+0300: 562.988: [GC (CMS Final Remark) [YG occupancy: 37576 K (215040 K)]2024-10-07T22:35:49.578+0300: 562.988: [Rescan (parallel) , 0.0007659 secs]2024-10-07T22:35:49.579+0300: 562.988: [weak refs processing, 0.0000242 secs]2024-10-07T22:35:49.579+0300: 562.988: [class unloading, 0.0010408 secs]2024-10-07T22:35:49.580+0300: 562.989: [scrub symbol table, 0.0005031 secs]2024-10-07T22:35:49.580+0300: 562.990: [scrub string table, 0.0001369 secs][1 CMS-remark: 359027K(477888K)] 396604K(692928K), 0.0026302 secs] [Times: user=0.00 sys=0.00, real=0.00 secs] 
2024-10-07T22:35:49.580+0300: 562.990: Total time for which application threads were stopped: 9.8887813 seconds, Stopping threads took: 9.8860663 seconds
2024-10-07T22:35:49.580+0300: 562.990: [CMS-concurrent-sweep-start]
2024-10-07T22:35:49.583+0300: 562.997: [CMS-concurrent-sweep: 0.007/0.007 secs] [Times: user=0.00 sys=0.00, real=0.00 secs] 
2024-10-07T22:35:49.583+0300: 562.997: [CMS-concurrent-reset-start]
2024-10-07T22:35:49.583+0300: 562.999: [CMS-concurrent-reset: 0.002/0.002 secs] [Times: user=0.00 sys=0.00, real=0.00 secs] 
2024-10-07T22:35:49.641+0300: 563.064: Application time: 0.0740275 seconds
2024-10-07T22:35:54.468+0300: 567.878: [GC (Allocation Failure) 2024-10-07T22:35:54.468+0300: 567.878: [ParNew: 191168K->191168K(215040K), 0.0000305 secs]2024-10-07T22:35:54.468+0300: 567.878: [CMS: 359027K->285211K(477888K), 0.0558447 secs] 550195K->285211K(692928K), [Metaspace: 7240K->7240K(1056768K)], 0.0560175 secs] [Times: user=0.05 sys=0.00, real=0.05 secs] 
2024-10-07T22:35:54.515+0300: 567.934: Total time for which application threads were stopped: 4.8695286 seconds, Stopping threads took: 4.8133640 seconds
2024-10-07T22:35:54.609+0300: 568.021: Application time: 0.0870113 seconds
2024-10-07T22:36:03.486+0300: 576.896: [GC (Allocation Failure) 2024-10-07T22:36:03.486+0300: 576.896: [ParNew: 191168K->23865K(215040K), 0.0317950 secs] 476379K->474042K(692928K), 0.0319205 secs] [Times: user=0.02 sys=0.00, real=0.03 secs] 
2024-10-07T22:36:03.517+0300: 576.928: Total time for which application threads were stopped: 8.9068645 seconds, Stopping threads took: 8.8747916 seconds
2024-10-07T22:36:03.517+0300: 576.928: Application time: 0.0000909 seconds
2024-10-07T22:36:03.549+0300: 576.959: [GC (CMS Initial Mark) [1 CMS-initial-mark: 450176K(477888K)] 527871K(692928K), 0.0008797 secs] [Times: user=0.00 sys=0.00, real=0.00 secs] 
2024-10-07T22:36:03.549+0300: 576.960: Total time for which application threads were stopped: 0.0319696 seconds, Stopping threads took: 0.0309694 seconds
2024-10-07T22:36:03.549+0300: 576.960: [CMS-concurrent-mark-start]
2024-10-07T22:36:03.549+0300: 576.967: [CMS-concurrent-mark: 0.007/0.007 secs] [Times: user=0.00 sys=0.00, real=0.00 secs] 
2024-10-07T22:36:03.549+0300: 576.967: [CMS-concurrent-preclean-start]
2024-10-07T22:36:03.549+0300: 576.968: [CMS-concurrent-preclean: 0.001/0.001 secs] [Times: user=0.00 sys=0.00, real=0.00 secs] 
2024-10-07T22:36:03.549+0300: 576.968: [CMS-concurrent-abortable-preclean-start]
2024-10-07T22:36:03.549+0300: 576.968: [CMS-concurrent-abortable-preclean: 0.000/0.000 secs] [Times: user=0.00 sys=0.00, real=0.00 secs] 
2024-10-07T22:36:03.564+0300: 576.976: Application time: 0.0159584 seconds
2024-10-07T22:36:12.585+0300: 585.995: [GC (CMS Final Remark) [YG occupancy: 77694 K (215040 K)]2024-10-07T22:36:12.585+0300: 585.995: [Rescan (parallel) , 0.0008871 secs]2024-10-07T22:36:12.585+0300: 585.996: [weak refs processing, 0.0000331 secs]2024-10-07T22:36:12.585+0300: 585.996: [class unloading, 0.0009420 secs]2024-10-07T22:36:12.585+0300: 585.997: [scrub symbol table, 0.0005050 secs]2024-10-07T22:36:12.585+0300: 585.997: [scrub string table, 0.0001383 secs][1 CMS-remark: 450176K(477888K)] 527871K(692928K), 0.0026794 secs] [Times: user=0.00 sys=0.00, real=0.00 secs] 
2024-10-07T22:36:12.585+0300: 585.997: Total time for which application threads were stopped: 9.0216760 seconds, Stopping threads took: 9.0188972 seconds
2024-10-07T22:36:12.585+0300: 585.997: [CMS-concurrent-sweep-start]
2024-10-07T22:36:12.585+0300: 586.006: [CMS-concurrent-sweep: 0.009/0.009 secs] [Times: user=0.00 sys=0.00, real=0.00 secs] 
2024-10-07T22:36:12.585+0300: 586.007: [CMS-concurrent-reset-start]
2024-10-07T22:36:12.585+0300: 586.009: [CMS-concurrent-reset: 0.003/0.003 secs] [Times: user=0.00 sys=0.00, real=0.00 secs] 
2024-10-07T22:36:12.652+0300: 586.070: Application time: 0.0729295 seconds
2024-10-07T22:36:17.220+0300: 590.630: [GC (Allocation Failure) 2024-10-07T22:36:17.220+0300: 590.631: [ParNew: 215033K->215033K(215040K), 0.0000360 secs]2024-10-07T22:36:17.220+0300: 590.631: [CMS: 318871K->268252K(477888K), 0.0539586 secs] 533905K->268252K(692928K), [Metaspace: 7251K->7251K(1056768K)], 0.0541589 secs] [Times: user=0.05 sys=0.00, real=0.05 secs] 
2024-10-07T22:36:17.268+0300: 590.685: Total time for which application threads were stopped: 4.6143954 seconds, Stopping threads took: 4.5600177 seconds
2024-10-07T22:36:17.268+0300: 590.685: Application time: 0.0004108 seconds
2024-10-07T22:36:17.299+0300: 590.709: [GC (CMS Initial Mark) [1 CMS-initial-mark: 268252K(477888K)] 303174K(692928K), 0.0006534 secs] [Times: user=0.00 sys=0.00, real=0.00 secs] 
2024-10-07T22:36:17.299+0300: 590.710: Total time for which application threads were stopped: 0.0245229 seconds, Stopping threads took: 0.0237581 seconds
2024-10-07T22:36:17.299+0300: 590.710: [CMS-concurrent-mark-start]
2024-10-07T22:36:17.315+0300: 590.724: [CMS-concurrent-mark: 0.015/0.015 secs] [Times: user=0.01 sys=0.00, real=0.02 secs] 
2024-10-07T22:36:17.315+0300: 590.724: [CMS-concurrent-preclean-start]
2024-10-07T22:36:17.315+0300: 590.726: [CMS-concurrent-preclean: 0.001/0.001 secs] [Times: user=0.08 sys=0.00, real=0.00 secs] 
2024-10-07T22:36:17.315+0300: 590.726: [CMS-concurrent-abortable-preclean-start]
 CMS: abort preclean due to time 2024-10-07T22:36:22.377+0300: 595.788: [CMS-concurrent-abortable-preclean: 0.055/5.062 secs] [Times: user=29.36 sys=0.05, real=5.06 secs] 
2024-10-07T22:36:22.377+0300: 595.788: Application time: 5.0784408 seconds
2024-10-07T22:36:32.140+0300: 605.549: [GC (CMS Final Remark) [YG occupancy: 128702 K (215040 K)]2024-10-07T22:36:32.140+0300: 605.549: [Rescan (parallel) , 0.0005645 secs]2024-10-07T22:36:32.140+0300: 605.550: [weak refs processing, 0.0000122 secs]2024-10-07T22:36:32.140+0300: 605.550: [class unloading, 0.0007541 secs]2024-10-07T22:36:32.140+0300: 605.551: [scrub symbol table, 0.0005238 secs]2024-10-07T22:36:32.140+0300: 605.551: [scrub string table, 0.0001421 secs][1 CMS-remark: 268252K(477888K)] 396954K(692928K), 0.0020898 secs] [Times: user=0.00 sys=0.00, real=0.00 secs] 
2024-10-07T22:36:32.140+0300: 605.551: Total time for which application threads were stopped: 9.7632438 seconds, Stopping threads took: 9.7610907 seconds
2024-10-07T22:36:32.140+0300: 605.551: [CMS-concurrent-sweep-start]
2024-10-07T22:36:32.140+0300: 605.557: [CMS-concurrent-sweep: 0.006/0.006 secs] [Times: user=0.00 sys=0.00, real=0.00 secs] 
2024-10-07T22:36:32.140+0300: 605.557: [CMS-concurrent-reset-start]
2024-10-07T22:36:32.140+0300: 605.560: [CMS-concurrent-reset: 0.003/0.003 secs] [Times: user=0.00 sys=0.00, real=0.00 secs] 
2024-10-07T22:36:32.234+0300: 605.646: Application time: 0.0952019 seconds
2024-10-07T22:36:41.207+0300: 614.617: [GC (Allocation Failure) 2024-10-07T22:36:41.207+0300: 614.617: [ParNew: 191168K->23869K(215040K), 0.0319528 secs] 459420K->456518K(692928K), 0.0320834 secs] [Times: user=0.01 sys=0.00, real=0.03 secs] 
2024-10-07T22:36:41.238+0300: 614.649: Total time for which application threads were stopped: 9.0022156 seconds, Stopping threads took: 8.9699654 seconds
2024-10-07T22:36:41.238+0300: 614.649: Application time: 0.0000777 seconds
2024-10-07T22:36:41.254+0300: 614.664: [GC (CMS Initial Mark) [1 CMS-initial-mark: 432648K(477888K)] 463637K(692928K), 0.0009281 secs] [Times: user=0.00 sys=0.00, real=0.00 secs] 
2024-10-07T22:36:41.254+0300: 614.665: Total time for which application threads were stopped: 0.0159847 seconds, Stopping threads took: 0.0149675 seconds
2024-10-07T22:36:41.254+0300: 614.665: [CMS-concurrent-mark-start]
2024-10-07T22:36:41.254+0300: 614.670: [CMS-concurrent-mark: 0.005/0.005 secs] [Times: user=0.00 sys=0.00, real=0.00 secs] 
2024-10-07T22:36:41.254+0300: 614.671: [CMS-concurrent-preclean-start]
2024-10-07T22:36:41.254+0300: 614.671: [CMS-concurrent-preclean: 0.001/0.001 secs] [Times: user=0.00 sys=0.00, real=0.00 secs] 
2024-10-07T22:36:41.254+0300: 614.671: [CMS-concurrent-abortable-preclean-start]
2024-10-07T22:36:42.260+0300: 615.670: Application time: 1.0047296 seconds
2024-10-07T22:36:44.429+0300: 617.838: Total time for which application threads were stopped: 2.1688911 seconds, Stopping threads took: 2.1687942 seconds
 CMS: abort preclean due to time 2024-10-07T22:36:46.298+0300: 619.709: [CMS-concurrent-abortable-preclean: 0.047/5.038 secs] [Times: user=4.83 sys=0.00, real=5.04 secs] 
2024-10-07T22:36:46.298+0300: 619.710: Application time: 1.8712151 seconds
2024-10-07T22:36:47.680+0300: 621.090: [GC (CMS Final Remark) [YG occupancy: 31636 K (215040 K)]2024-10-07T22:36:47.680+0300: 621.090: [Rescan (parallel) , 0.0009963 secs]2024-10-07T22:36:47.680+0300: 621.091: [weak refs processing, 0.0000244 secs]2024-10-07T22:36:47.680+0300: 621.091: [class unloading, 0.0010306 secs]2024-10-07T22:36:47.680+0300: 621.092: [scrub symbol table, 0.0004896 secs]2024-10-07T22:36:47.680+0300: 621.093: [scrub string table, 0.0001405 secs][1 CMS-remark: 432648K(477888K)] 464285K(692928K), 0.0028344 secs] [Times: user=0.00 sys=0.00, real=0.00 secs] 
2024-10-07T22:36:47.680+0300: 621.093: Total time for which application threads were stopped: 1.3832703 seconds, Stopping threads took: 1.3803570 seconds
2024-10-07T22:36:47.680+0300: 621.093: [CMS-concurrent-sweep-start]
2024-10-07T22:36:47.680+0300: 621.097: [CMS-concurrent-sweep: 0.004/0.004 secs] [Times: user=0.00 sys=0.00, real=0.00 secs] 
2024-10-07T22:36:47.680+0300: 621.097: [CMS-concurrent-reset-start]
2024-10-07T22:36:47.680+0300: 621.098: [CMS-concurrent-reset: 0.001/0.001 secs] [Times: user=0.00 sys=0.00, real=0.00 secs] 
2024-10-07T22:36:47.696+0300: 621.108: Application time: 0.0151127 seconds
2024-10-07T22:36:47.696+0300: 621.108: Total time for which application threads were stopped: 0.0002950 seconds, Stopping threads took: 0.0002725 seconds
2024-10-07T22:36:47.712+0300: 621.130: Application time: 0.0213231 seconds
2024-10-07T22:36:47.743+0300: 621.152: [GC (Allocation Failure) 2024-10-07T22:36:47.743+0300: 621.153: [ParNew: 215037K->215037K(215040K), 0.0000239 secs]2024-10-07T22:36:47.743+0300: 621.153: [CMS: 301343K->182679K(477888K), 0.0400253 secs] 516380K->182679K(692928K), [Metaspace: 7258K->7258K(1056768K)], 0.0401763 secs] [Times: user=0.03 sys=0.00, real=0.03 secs] 
2024-10-07T22:36:47.774+0300: 621.193: Total time for which application threads were stopped: 0.0630567 seconds, Stopping threads took: 0.0227385 seconds
2024-10-07T22:36:47.774+0300: 621.193: Application time: 0.0001241 seconds
2024-10-07T22:36:47.790+0300: 621.200: [GC (CMS Initial Mark) [1 CMS-initial-mark: 182679K(477888K)] 259843K(692928K), 0.0006074 secs] [Times: user=0.00 sys=0.00, real=0.00 secs] 
2024-10-07T22:36:47.790+0300: 621.201: Total time for which application threads were stopped: 0.0080136 seconds, Stopping threads took: 0.0072887 seconds
2024-10-07T22:36:47.790+0300: 621.201: [CMS-concurrent-mark-start]
2024-10-07T22:36:47.790+0300: 621.205: [CMS-concurrent-mark: 0.004/0.004 secs] [Times: user=0.00 sys=0.00, real=0.00 secs] 
2024-10-07T22:36:47.790+0300: 621.206: [CMS-concurrent-preclean-start]
2024-10-07T22:36:47.790+0300: 621.207: [CMS-concurrent-preclean: 0.001/0.001 secs] [Times: user=0.00 sys=0.00, real=0.00 secs] 
2024-10-07T22:36:47.790+0300: 621.207: [CMS-concurrent-abortable-preclean-start]
2024-10-07T22:36:47.821+0300: 621.237: Application time: 0.0363440 seconds
2024-10-07T22:36:52.325+0300: 625.735: [GC (Allocation Failure) 2024-10-07T22:36:52.325+0300: 625.735: [ParNew: 191168K->23859K(215040K), 0.0311504 secs] 373847K->372312K(692928K), 0.0313381 secs] [Times: user=0.00 sys=0.00, real=0.03 secs] 
2024-10-07T22:36:52.356+0300: 625.766: Total time for which application threads were stopped: 4.5290631 seconds, Stopping threads took: 4.4975672 seconds
 CMS: abort preclean due to time 2024-10-07T22:36:52.796+0300: 626.208: [CMS-concurrent-abortable-preclean: 0.022/5.002 secs] [Times: user=11.23 sys=0.03, real=5.01 secs] 
2024-10-07T22:36:52.796+0300: 626.209: Application time: 0.4425854 seconds
2024-10-07T22:37:07.426+0300: 640.836: [GC (CMS Final Remark) [YG occupancy: 48291 K (215040 K)]2024-10-07T22:37:07.426+0300: 640.836: [Rescan (parallel) , 0.0007587 secs]2024-10-07T22:37:07.426+0300: 640.837: [weak refs processing, 0.0000279 secs]2024-10-07T22:37:07.426+0300: 640.837: [class unloading, 0.0011365 secs]2024-10-07T22:37:07.426+0300: 640.838: [scrub symbol table, 0.0005104 secs]2024-10-07T22:37:07.426+0300: 640.838: [scrub string table, 0.0001382 secs][1 CMS-remark: 348453K(477888K)] 396744K(692928K), 0.0027095 secs] [Times: user=0.00 sys=0.00, real=0.00 secs] 
2024-10-07T22:37:07.426+0300: 640.839: Total time for which application threads were stopped: 14.6296928 seconds, Stopping threads took: 14.6268991 seconds
2024-10-07T22:37:07.426+0300: 640.839: [CMS-concurrent-sweep-start]
2024-10-07T22:37:07.430+0300: 640.846: [CMS-concurrent-sweep: 0.007/0.007 secs] [Times: user=0.00 sys=0.00, real=0.00 secs] 
2024-10-07T22:37:07.430+0300: 640.846: [CMS-concurrent-reset-start]
2024-10-07T22:37:07.430+0300: 640.849: [CMS-concurrent-reset: 0.003/0.003 secs] [Times: user=0.00 sys=0.00, real=0.00 secs] 
2024-10-07T22:37:09.452+0300: 642.862: Application time: 2.0237047 seconds
2024-10-07T22:37:22.353+0300: 655.763: [GC (CMS Initial Mark) [1 CMS-initial-mark: 348453K(477888K)] 529504K(692928K), 0.0009891 secs] [Times: user=0.00 sys=0.00, real=0.00 secs] 
2024-10-07T22:37:22.353+0300: 655.764: Total time for which application threads were stopped: 12.9013251 seconds, Stopping threads took: 12.9002196 seconds
2024-10-07T22:37:22.353+0300: 655.764: [CMS-concurrent-mark-start]
2024-10-07T22:37:22.353+0300: 655.770: [CMS-concurrent-mark: 0.006/0.006 secs] [Times: user=0.00 sys=0.00, real=0.00 secs] 
2024-10-07T22:37:22.353+0300: 655.770: [CMS-concurrent-preclean-start]
2024-10-07T22:37:22.353+0300: 655.771: [CMS-concurrent-preclean: 0.001/0.001 secs] [Times: user=0.00 sys=0.00, real=0.00 secs] 
2024-10-07T22:37:22.353+0300: 655.771: [CMS-concurrent-abortable-preclean-start]
2024-10-07T22:37:22.353+0300: 655.771: [CMS-concurrent-abortable-preclean: 0.000/0.000 secs] [Times: user=0.00 sys=0.00, real=0.00 secs] 
2024-10-07T22:37:22.385+0300: 655.795: Application time: 0.0311251 seconds
2024-10-07T22:37:27.106+0300: 660.515: [GC (CMS Final Remark) [YG occupancy: 182319 K (215040 K)]2024-10-07T22:37:27.106+0300: 660.516: [Rescan (parallel) , 0.0013535 secs]2024-10-07T22:37:27.106+0300: 660.517: [weak refs processing, 0.0000178 secs]2024-10-07T22:37:27.106+0300: 660.517: [class unloading, 0.0011342 secs]2024-10-07T22:37:27.106+0300: 660.518: [scrub symbol table, 0.0007068 secs]2024-10-07T22:37:27.106+0300: 660.519: [scrub string table, 0.0001405 secs][1 CMS-remark: 348453K(477888K)] 530773K(692928K), 0.0035085 secs] [Times: user=0.00 sys=0.00, real=0.00 secs] 
2024-10-07T22:37:27.106+0300: 660.519: Total time for which application threads were stopped: 4.7242301 seconds, Stopping threads took: 4.7206261 seconds
2024-10-07T22:37:27.106+0300: 660.519: [CMS-concurrent-sweep-start]
2024-10-07T22:37:27.106+0300: 660.523: Application time: 0.0041568 seconds
2024-10-07T22:37:27.121+0300: 660.531: [GC (Allocation Failure) 2024-10-07T22:37:27.121+0300: 660.531: [ParNew: 215014K->215014K(215040K), 0.0000337 secs]2024-10-07T22:37:27.121+0300: 660.531: [CMS2024-10-07T22:37:27.121+0300: 660.533: [CMS-concurrent-sweep: 0.006/0.014 secs] [Times: user=0.00 sys=0.00, real=0.02 secs] 
 (concurrent mode failure): 296057K->166679K(477888K), 0.0390806 secs] 511072K->166679K(692928K), [Metaspace: 7259K->7259K(1056768K)], 0.0393392 secs] [Times: user=0.03 sys=0.00, real=0.03 secs] 
2024-10-07T22:37:27.152+0300: 660.571: Total time for which application threads were stopped: 0.0474495 seconds, Stopping threads took: 0.0078568 seconds
2024-10-07T22:37:27.197+0300: 660.609: Application time: 0.0380949 seconds
2024-10-07T22:37:27.197+0300: 660.609: [GC (Allocation Failure) 2024-10-07T22:37:27.197+0300: 660.609: [ParNew: 191168K->23871K(215040K), 0.0304632 secs] 357847K->356368K(692928K), 0.0305579 secs] [Times: user=0.00 sys=0.02, real=0.02 secs] 
2024-10-07T22:37:27.215+0300: 660.640: Total time for which application threads were stopped: 0.0310396 seconds, Stopping threads took: 0.0003695 seconds
2024-10-07T22:37:27.215+0300: 660.640: Application time: 0.0000896 seconds
2024-10-07T22:37:27.231+0300: 660.646: [GC (CMS Initial Mark) [1 CMS-initial-mark: 332497K(477888K)] 417619K(692928K), 0.0007834 secs] [Times: user=0.00 sys=0.00, real=0.00 secs] 
2024-10-07T22:37:27.231+0300: 660.646: Total time for which application threads were stopped: 0.0065185 seconds, Stopping threads took: 0.0056268 seconds
2024-10-07T22:37:27.231+0300: 660.646: [CMS-concurrent-mark-start]
2024-10-07T22:37:27.231+0300: 660.652: [CMS-concurrent-mark: 0.005/0.005 secs] [Times: user=0.00 sys=0.00, real=0.00 secs] 
2024-10-07T22:37:27.231+0300: 660.652: [CMS-concurrent-preclean-start]
2024-10-07T22:37:27.231+0300: 660.653: [CMS-concurrent-preclean: 0.001/0.001 secs] [Times: user=0.00 sys=0.00, real=0.00 secs] 
2024-10-07T22:37:27.231+0300: 660.653: [CMS-concurrent-abortable-preclean-start]
2024-10-07T22:37:27.341+0300: 660.751: [CMS-concurrent-abortable-preclean: 0.002/0.098 secs] [Times: user=0.58 sys=0.00, real=0.11 secs] 
2024-10-07T22:37:27.341+0300: 660.751: Application time: 0.1048343 seconds
2024-10-07T22:37:42.123+0300: 675.532: [GC (CMS Final Remark) [YG occupancy: 197105 K (215040 K)]2024-10-07T22:37:42.123+0300: 675.532: [Rescan (parallel) , 0.0008055 secs]2024-10-07T22:37:42.123+0300: 675.533: [weak refs processing, 0.0000263 secs]2024-10-07T22:37:42.123+0300: 675.533: [class unloading, 0.0009498 secs]2024-10-07T22:37:42.123+0300: 675.534: [scrub symbol table, 0.0005085 secs]2024-10-07T22:37:42.123+0300: 675.534: [scrub string table, 0.0001411 secs][1 CMS-remark: 332497K(477888K)] 529602K(692928K), 0.0025408 secs] [Times: user=0.00 sys=0.00, real=0.00 secs] 
2024-10-07T22:37:42.123+0300: 675.535: Total time for which application threads were stopped: 14.7835069 seconds, Stopping threads took: 14.7809053 seconds
2024-10-07T22:37:42.123+0300: 675.535: [CMS-concurrent-sweep-start]
2024-10-07T22:37:42.123+0300: 675.543: [CMS-concurrent-sweep: 0.008/0.008 secs] [Times: user=0.00 sys=0.00, real=0.00 secs] 
2024-10-07T22:37:42.123+0300: 675.543: [CMS-concurrent-reset-start]
2024-10-07T22:37:42.123+0300: 675.546: [CMS-concurrent-reset: 0.003/0.003 secs] [Times: user=0.00 sys=0.00, real=0.00 secs] 
2024-10-07T22:37:44.148+0300: 677.558: Application time: 2.0235765 seconds
2024-10-07T22:37:57.191+0300: 690.600: [GC (CMS Initial Mark) [1 CMS-initial-mark: 201124K(477888K)] 398229K(692928K), 0.0010551 secs] [Times: user=0.00 sys=0.00, real=0.00 secs] 
2024-10-07T22:37:57.191+0300: 690.602: Total time for which application threads were stopped: 13.0432849 seconds, Stopping threads took: 13.0421050 seconds
2024-10-07T22:37:57.191+0300: 690.602: [CMS-concurrent-mark-start]
2024-10-07T22:37:57.191+0300: 690.605: [CMS-concurrent-mark: 0.003/0.003 secs] [Times: user=0.00 sys=0.00, real=0.00 secs] 
2024-10-07T22:37:57.191+0300: 690.605: [CMS-concurrent-preclean-start]
2024-10-07T22:37:57.191+0300: 690.606: [CMS-concurrent-preclean: 0.001/0.001 secs] [Times: user=0.00 sys=0.00, real=0.00 secs] 
2024-10-07T22:37:57.191+0300: 690.606: [CMS-concurrent-abortable-preclean-start]
2024-10-07T22:37:57.207+0300: 690.624: Application time: 0.0222818 seconds
2024-10-07T22:37:57.222+0300: 690.632: [GC (Allocation Failure) 2024-10-07T22:37:57.222+0300: 690.632: [ParNew: 215039K->23867K(215040K), 0.0197112 secs] 416163K->314671K(692928K), 0.0198292 secs] [Times: user=0.00 sys=0.00, real=0.02 secs] 
2024-10-07T22:37:57.238+0300: 690.652: Total time for which application threads were stopped: 0.0283605 seconds, Stopping threads took: 0.0083073 seconds
2024-10-07T22:37:57.269+0300: 690.692: Application time: 0.0400468 seconds
2024-10-07T22:37:57.301+0300: 690.710: [GC (Allocation Failure) 2024-10-07T22:37:57.301+0300: 690.710: [ParNew: 215035K->215035K(215040K), 0.0000329 secs]2024-10-07T22:37:57.301+0300: 690.710: [CMS2024-10-07T22:37:57.301+0300: 690.711: [CMS-concurrent-abortable-preclean: 0.009/0.105 secs] [Times: user=0.11 sys=0.00, real=0.11 secs] 
 (concurrent mode failure): 290804K->207344K(477888K), 0.0437794 secs] 505839K->207344K(692928K), [Metaspace: 7259K->7259K(1056768K)], 0.0439803 secs] [Times: user=0.03 sys=0.00, real=0.03 secs] 
2024-10-07T22:37:57.332+0300: 690.754: Total time for which application threads were stopped: 0.0620600 seconds, Stopping threads took: 0.0179060 seconds
2024-10-07T22:37:59.344+0300: 692.754: Application time: 1.9994507 seconds
2024-10-07T22:38:12.090+0300: 705.500: [GC (CMS Initial Mark) [1 CMS-initial-mark: 207344K(477888K)] 398370K(692928K), 0.0007045 secs] [Times: user=0.00 sys=0.00, real=0.00 secs] 
2024-10-07T22:38:12.090+0300: 705.501: Total time for which application threads were stopped: 12.7467639 seconds, Stopping threads took: 12.7459703 seconds
2024-10-07T22:38:12.090+0300: 705.501: [CMS-concurrent-mark-start]
2024-10-07T22:38:12.090+0300: 705.506: [CMS-concurrent-mark: 0.005/0.005 secs] [Times: user=0.00 sys=0.00, real=0.00 secs] 
2024-10-07T22:38:12.090+0300: 705.506: [CMS-concurrent-preclean-start]
2024-10-07T22:38:12.090+0300: 705.507: [CMS-concurrent-preclean: 0.001/0.001 secs] [Times: user=0.00 sys=0.00, real=0.00 secs] 
2024-10-07T22:38:12.090+0300: 705.507: [CMS-concurrent-abortable-preclean-start]
 CMS: abort preclean due to time 2024-10-07T22:38:17.151+0300: 710.562: [CMS-concurrent-abortable-preclean: 0.048/5.055 secs] [Times: user=29.55 sys=0.00, real=5.06 secs] 
2024-10-07T22:38:17.151+0300: 710.562: Application time: 5.0617902 seconds
2024-10-07T22:38:27.131+0300: 720.541: [GC (CMS Final Remark) [YG occupancy: 191026 K (215040 K)]2024-10-07T22:38:27.131+0300: 720.541: [Rescan (parallel) , 0.0012959 secs]2024-10-07T22:38:27.131+0300: 720.542: [weak refs processing, 0.0000263 secs]2024-10-07T22:38:27.131+0300: 720.542: [class unloading, 0.0011040 secs]2024-10-07T22:38:27.131+0300: 720.543: [scrub symbol table, 0.0005077 secs]2024-10-07T22:38:27.131+0300: 720.544: [scrub string table, 0.0001381 secs][1 CMS-remark: 207344K(477888K)] 398370K(692928K), 0.0032343 secs] [Times: user=0.00 sys=0.00, real=0.00 secs] 
2024-10-07T22:38:27.131+0300: 720.544: Total time for which application threads were stopped: 9.9818514 seconds, Stopping threads took: 9.9785193 seconds
2024-10-07T22:38:27.131+0300: 720.544: [CMS-concurrent-sweep-start]
2024-10-07T22:38:27.131+0300: 720.547: [CMS-concurrent-sweep: 0.003/0.003 secs] [Times: user=0.00 sys=0.00, real=0.00 secs] 
2024-10-07T22:38:27.131+0300: 720.547: [CMS-concurrent-reset-start]
2024-10-07T22:38:27.131+0300: 720.549: [CMS-concurrent-reset: 0.001/0.001 secs] [Times: user=0.00 sys=0.00, real=0.00 secs] 
2024-10-07T22:38:27.147+0300: 720.558: Application time: 0.0139799 seconds
2024-10-07T22:38:27.162+0300: 720.572: [GC (Allocation Failure) 2024-10-07T22:38:27.162+0300: 720.572: [ParNew: 191168K->23857K(215040K), 0.0314527 secs] 398512K->395870K(692928K), 0.0315669 secs] [Times: user=0.01 sys=0.01, real=0.03 secs] 
2024-10-07T22:38:27.194+0300: 720.604: Total time for which application threads were stopped: 0.0456425 seconds, Stopping threads took: 0.0139227 seconds
2024-10-07T22:38:27.194+0300: 720.604: Application time: 0.0000790 seconds
2024-10-07T22:38:27.210+0300: 720.619: [GC (CMS Initial Mark) [1 CMS-initial-mark: 372013K(477888K)] 397066K(692928K), 0.0007193 secs] [Times: user=0.00 sys=0.00, real=0.00 secs] 
2024-10-07T22:38:27.210+0300: 720.620: Total time for which application threads were stopped: 0.0162134 seconds, Stopping threads took: 0.0153992 seconds
2024-10-07T22:38:27.210+0300: 720.620: [CMS-concurrent-mark-start]
2024-10-07T22:38:27.210+0300: 720.627: [CMS-concurrent-mark: 0.007/0.007 secs] [Times: user=0.00 sys=0.00, real=0.00 secs] 
2024-10-07T22:38:27.210+0300: 720.627: [CMS-concurrent-preclean-start]
2024-10-07T22:38:27.210+0300: 720.628: [CMS-concurrent-preclean: 0.001/0.001 secs] [Times: user=0.00 sys=0.00, real=0.00 secs] 
2024-10-07T22:38:27.210+0300: 720.628: [CMS-concurrent-abortable-preclean-start]
2024-10-07T22:38:27.225+0300: 720.649: Application time: 0.0291243 seconds
2024-10-07T22:38:27.257+0300: 720.666: [GC (Allocation Failure) 2024-10-07T22:38:27.257+0300: 720.666: [ParNew: 215018K->215018K(215040K), 0.0000325 secs]2024-10-07T22:38:27.257+0300: 720.666: [CMS2024-10-07T22:38:27.257+0300: 720.667: [CMS-concurrent-abortable-preclean: 0.002/0.039 secs] [Times: user=0.05 sys=0.00, real=0.05 secs] 
 (concurrent mode failure): 372013K->190472K(477888K), 0.0411581 secs] 587032K->190472K(692928K), [Metaspace: 7259K->7259K(1056768K)], 0.0413211 secs] [Times: user=0.03 sys=0.00, real=0.03 secs] 
2024-10-07T22:38:27.288+0300: 720.708: Total time for which application threads were stopped: 0.0584039 seconds, Stopping threads took: 0.0169234 seconds
2024-10-07T22:38:27.335+0300: 720.747: Application time: 0.0389084 seconds
2024-10-07T22:38:27.351+0300: 720.761: [GC (Allocation Failure) 2024-10-07T22:38:27.351+0300: 720.761: [ParNew: 191152K->23867K(215040K), 0.0311024 secs] 381624K->379825K(692928K), 0.0312277 secs] [Times: user=0.02 sys=0.00, real=0.03 secs] 
2024-10-07T22:38:27.382+0300: 720.792: Total time for which application threads were stopped: 0.0455212 seconds, Stopping threads took: 0.0141427 seconds
2024-10-07T22:38:27.382+0300: 720.792: Application time: 0.0000781 seconds
2024-10-07T22:38:34.058+0300: 727.467: [GC (CMS Initial Mark) [1 CMS-initial-mark: 355958K(477888K)] 383604K(692928K), 0.0010716 secs] [Times: user=0.00 sys=0.00, real=0.00 secs] 
2024-10-07T22:38:34.058+0300: 727.468: Total time for which application threads were stopped: 6.6762933 seconds, Stopping threads took: 6.6750898 seconds
2024-10-07T22:38:34.058+0300: 727.468: [CMS-concurrent-mark-start]
2024-10-07T22:38:34.058+0300: 727.477: [CMS-concurrent-mark: 0.008/0.008 secs] [Times: user=0.00 sys=0.00, real=0.00 secs] 
2024-10-07T22:38:34.058+0300: 727.477: [CMS-concurrent-preclean-start]
2024-10-07T22:38:34.058+0300: 727.478: [CMS-concurrent-preclean: 0.001/0.001 secs] [Times: user=0.00 sys=0.00, real=0.00 secs] 
2024-10-07T22:38:34.058+0300: 727.478: [CMS-concurrent-abortable-preclean-start]
 CMS: abort preclean due to time 2024-10-07T22:38:39.121+0300: 732.533: [CMS-concurrent-abortable-preclean: 0.112/5.055 secs] [Times: user=29.59 sys=0.08, real=5.06 secs] 
2024-10-07T22:38:39.121+0300: 732.533: Application time: 5.0647207 seconds
2024-10-07T22:38:49.149+0300: 742.558: [GC (CMS Final Remark) [YG occupancy: 40518 K (215040 K)]2024-10-07T22:38:49.149+0300: 742.558: [Rescan (parallel) , 0.0004633 secs]2024-10-07T22:38:49.149+0300: 742.559: [weak refs processing, 0.0000124 secs]2024-10-07T22:38:49.149+0300: 742.559: [class unloading, 0.0008782 secs]2024-10-07T22:38:49.149+0300: 742.560: [scrub symbol table, 0.0007183 secs]2024-10-07T22:38:49.149+0300: 742.560: [scrub string table, 0.0001393 secs][1 CMS-remark: 355958K(477888K)] 396476K(692928K), 0.0023043 secs] [Times: user=0.00 sys=0.00, real=0.00 secs] 
2024-10-07T22:38:49.149+0300: 742.561: Total time for which application threads were stopped: 10.0274785 seconds, Stopping threads took: 10.0251116 seconds
2024-10-07T22:38:49.149+0300: 742.561: [CMS-concurrent-sweep-start]
2024-10-07T22:38:49.149+0300: 742.568: [CMS-concurrent-sweep: 0.008/0.008 secs] [Times: user=0.00 sys=0.00, real=0.00 secs] 
2024-10-07T22:38:49.149+0300: 742.568: [CMS-concurrent-reset-start]
2024-10-07T22:38:49.149+0300: 742.571: [CMS-concurrent-reset: 0.003/0.003 secs] [Times: user=0.00 sys=0.00, real=0.00 secs] 
2024-10-07T22:38:49.243+0300: 742.661: Application time: 0.1007807 seconds
2024-10-07T22:38:55.930+0300: 749.340: [GC (Allocation Failure) 2024-10-07T22:38:55.930+0300: 749.340: [ParNew: 215035K->215035K(215040K), 0.0000422 secs]2024-10-07T22:38:55.930+0300: 749.340: [CMS: 355958K->371136K(477888K), 0.0709716 secs] 570993K->371136K(692928K), [Metaspace: 7259K->7259K(1056768K)], 0.0713011 secs] [Times: user=0.08 sys=0.00, real=0.07 secs] 
2024-10-07T22:38:56.000+0300: 749.411: Total time for which application threads were stopped: 6.7500198 seconds, Stopping threads took: 6.6785503 seconds
2024-10-07T22:38:56.000+0300: 749.412: Application time: 0.0003536 seconds
2024-10-07T22:38:59.040+0300: 752.450: [GC (CMS Initial Mark) [1 CMS-initial-mark: 371136K(477888K)] 372990K(692928K), 0.0006179 secs] [Times: user=0.00 sys=0.00, real=0.00 secs] 
2024-10-07T22:38:59.040+0300: 752.451: Total time for which application threads were stopped: 3.0388210 seconds, Stopping threads took: 3.0380467 seconds
2024-10-07T22:38:59.040+0300: 752.451: [CMS-concurrent-mark-start]
2024-10-07T22:38:59.056+0300: 752.465: [CMS-concurrent-mark: 0.015/0.015 secs] [Times: user=0.03 sys=0.00, real=0.02 secs] 
2024-10-07T22:38:59.056+0300: 752.465: [CMS-concurrent-preclean-start]
2024-10-07T22:38:59.056+0300: 752.467: [CMS-concurrent-preclean: 0.001/0.001 secs] [Times: user=0.02 sys=0.00, real=0.00 secs] 
2024-10-07T22:38:59.056+0300: 752.467: [CMS-concurrent-abortable-preclean-start]
2024-10-07T22:38:59.134+0300: 752.545: Application time: 0.0943340 seconds
2024-10-07T22:38:59.166+0300: 752.575: [CMS-concurrent-abortable-preclean: 0.001/0.109 secs] [Times: user=0.53 sys=0.00, real=0.11 secs] 
2024-10-07T22:39:05.639+0300: 759.049: [GC (Allocation Failure) 2024-10-07T22:39:05.639+0300: 759.049: [ParNew: 191160K->191160K(215040K), 0.0000232 secs]2024-10-07T22:39:05.639+0300: 759.049: [CMS (concurrent mode failure): 371136K->362632K(477888K), 0.0677979 secs] 562297K->362632K(692928K), [Metaspace: 7260K->7260K(1056768K)], 0.0679574 secs] [Times: user=0.06 sys=0.00, real=0.06 secs] 
2024-10-07T22:39:05.701+0300: 759.117: Total time for which application threads were stopped: 6.5716737 seconds, Stopping threads took: 6.5035641 seconds
2024-10-07T22:39:07.714+0300: 761.123: Application time: 2.0067999 seconds
2024-10-07T22:39:20.631+0300: 774.041: [GC (CMS Initial Mark) [1 CMS-initial-mark: 362632K(477888K)] 463153K(692928K), 0.0008140 secs] [Times: user=0.00 sys=0.00, real=0.00 secs] 
2024-10-07T22:39:20.631+0300: 774.042: Total time for which application threads were stopped: 12.9181329 seconds, Stopping threads took: 12.9171890 seconds
2024-10-07T22:39:20.631+0300: 774.042: [CMS-concurrent-mark-start]
2024-10-07T22:39:20.631+0300: 774.049: [CMS-concurrent-mark: 0.007/0.007 secs] [Times: user=0.00 sys=0.00, real=0.00 secs] 
2024-10-07T22:39:20.631+0300: 774.049: [CMS-concurrent-preclean-start]
2024-10-07T22:39:20.631+0300: 774.050: [CMS-concurrent-preclean: 0.001/0.001 secs] [Times: user=0.00 sys=0.00, real=0.00 secs] 
2024-10-07T22:39:20.631+0300: 774.050: [CMS-concurrent-abortable-preclean-start]
2024-10-07T22:39:20.725+0300: 774.140: Application time: 0.0984679 seconds
2024-10-07T22:39:20.741+0300: 774.150: [CMS-concurrent-abortable-preclean: 0.001/0.100 secs] [Times: user=0.52 sys=0.00, real=0.11 secs] 
2024-10-07T22:39:29.715+0300: 783.125: [GC (Allocation Failure) 2024-10-07T22:39:29.715+0300: 783.125: [ParNew: 191168K->191168K(215040K), 0.0000336 secs]2024-10-07T22:39:29.715+0300: 783.125: [CMS (concurrent mode failure): 362632K->354176K(477888K), 0.0692896 secs] 553800K->354176K(692928K), [Metaspace: 7260K->7260K(1056768K)], 0.0694876 secs] [Times: user=0.06 sys=0.00, real=0.06 secs] 
2024-10-07T22:39:29.778+0300: 783.195: Total time for which application threads were stopped: 9.0547343 seconds, Stopping threads took: 8.9850776 seconds
2024-10-07T22:39:29.857+0300: 783.281: Application time: 0.0859638 seconds
2024-10-07T22:39:34.448+0300: 787.858: [GC (Allocation Failure) 2024-10-07T22:39:34.448+0300: 787.858: [ParNew: 191168K->191168K(215040K), 0.0000233 secs]2024-10-07T22:39:34.448+0300: 787.858: [CMS: 354176K->279640K(477888K), 0.0539513 secs] 545344K->279640K(692928K), [Metaspace: 7260K->7260K(1056768K)], 0.0541771 secs] [Times: user=0.05 sys=0.00, real=0.05 secs] 
2024-10-07T22:39:34.495+0300: 787.912: Total time for which application threads were stopped: 4.6313489 seconds, Stopping threads took: 4.5770393 seconds
2024-10-07T22:39:34.495+0300: 787.913: Application time: 0.0003792 seconds
2024-10-07T22:39:34.527+0300: 787.937: [GC (CMS Initial Mark) [1 CMS-initial-mark: 279640K(477888K)] 367891K(692928K), 0.0006053 secs] [Times: user=0.00 sys=0.00, real=0.00 secs] 
2024-10-07T22:39:34.527+0300: 787.937: Total time for which application threads were stopped: 0.0248090 seconds, Stopping threads took: 0.0241053 seconds
2024-10-07T22:39:34.527+0300: 787.937: [CMS-concurrent-mark-start]
2024-10-07T22:39:34.527+0300: 787.944: [CMS-concurrent-mark: 0.006/0.006 secs] [Times: user=0.00 sys=0.00, real=0.00 secs] 
2024-10-07T22:39:34.527+0300: 787.944: [CMS-concurrent-preclean-start]
2024-10-07T22:39:34.527+0300: 787.945: [CMS-concurrent-preclean: 0.001/0.001 secs] [Times: user=0.00 sys=0.00, real=0.00 secs] 
2024-10-07T22:39:34.527+0300: 787.945: [CMS-concurrent-abortable-preclean-start]
 CMS: abort preclean due to time 2024-10-07T22:39:39.588+0300: 792.998: [CMS-concurrent-abortable-preclean: 0.056/5.053 secs] [Times: user=29.41 sys=0.05, real=5.06 secs] 
2024-10-07T22:39:39.588+0300: 792.999: Application time: 5.0613829 seconds
2024-10-07T22:39:49.330+0300: 802.740: [GC (CMS Final Remark) [YG occupancy: 117682 K (215040 K)]2024-10-07T22:39:49.330+0300: 802.740: [Rescan (parallel) , 0.0008833 secs]2024-10-07T22:39:49.330+0300: 802.741: [weak refs processing, 0.0000214 secs]2024-10-07T22:39:49.330+0300: 802.741: [class unloading, 0.0008929 secs]2024-10-07T22:39:49.330+0300: 802.742: [scrub symbol table, 0.0005107 secs]2024-10-07T22:39:49.330+0300: 802.742: [scrub string table, 0.0001379 secs][1 CMS-remark: 279640K(477888K)] 397322K(692928K), 0.0025946 secs] [Times: user=0.00 sys=0.00, real=0.00 secs] 
2024-10-07T22:39:49.330+0300: 802.742: Total time for which application threads were stopped: 9.7437659 seconds, Stopping threads took: 9.7410774 seconds
2024-10-07T22:39:49.330+0300: 802.743: [CMS-concurrent-sweep-start]
2024-10-07T22:39:49.330+0300: 802.749: [CMS-concurrent-sweep: 0.006/0.006 secs] [Times: user=0.00 sys=0.00, real=0.00 secs] 
2024-10-07T22:39:49.330+0300: 802.749: [CMS-concurrent-reset-start]
2024-10-07T22:39:49.330+0300: 802.752: [CMS-concurrent-reset: 0.003/0.003 secs] [Times: user=0.00 sys=0.00, real=0.00 secs] 
2024-10-07T22:39:49.424+0300: 802.842: Application time: 0.0995827 seconds
2024-10-07T22:39:58.428+0300: 811.838: [GC (Allocation Failure) 2024-10-07T22:39:58.428+0300: 811.838: [ParNew: 191156K->23871K(215040K), 0.0331346 secs] 470796K->468356K(692928K), 0.0332681 secs] [Times: user=0.03 sys=0.00, real=0.03 secs] 
2024-10-07T22:39:58.460+0300: 811.872: Total time for which application threads were stopped: 9.0295370 seconds, Stopping threads took: 8.9961050 seconds
2024-10-07T22:39:58.460+0300: 811.872: Application time: 0.0000609 seconds
2024-10-07T22:39:58.460+0300: 811.877: [GC (CMS Initial Mark) [1 CMS-initial-mark: 444485K(477888K)] 528530K(692928K), 0.0007353 secs] [Times: user=0.00 sys=0.00, real=0.00 secs] 
2024-10-07T22:39:58.460+0300: 811.878: Total time for which application threads were stopped: 0.0063981 seconds, Stopping threads took: 0.0055507 seconds
2024-10-07T22:39:58.460+0300: 811.878: [CMS-concurrent-mark-start]
2024-10-07T22:39:58.460+0300: 811.884: [CMS-concurrent-mark: 0.006/0.006 secs] [Times: user=0.00 sys=0.00, real=0.00 secs] 
2024-10-07T22:39:58.460+0300: 811.884: [CMS-concurrent-preclean-start]
2024-10-07T22:39:58.475+0300: 811.885: [CMS-concurrent-preclean: 0.001/0.001 secs] [Times: user=0.02 sys=0.00, real=0.01 secs] 
2024-10-07T22:39:58.475+0300: 811.885: [CMS-concurrent-abortable-preclean-start]
2024-10-07T22:39:58.475+0300: 811.885: [CMS-concurrent-abortable-preclean: 0.000/0.000 secs] [Times: user=0.00 sys=0.00, real=0.00 secs] 
2024-10-07T22:39:58.491+0300: 811.910: Application time: 0.0315433 seconds
2024-10-07T22:40:03.033+0300: 816.443: [GC (CMS Final Remark) [YG occupancy: 151344 K (215040 K)]2024-10-07T22:40:03.033+0300: 816.443: [Rescan (parallel) , 0.0010029 secs]2024-10-07T22:40:03.033+0300: 816.444: [weak refs processing, 0.0000295 secs]2024-10-07T22:40:03.033+0300: 816.444: [class unloading, 0.0014520 secs]2024-10-07T22:40:03.033+0300: 816.446: [scrub symbol table, 0.0005873 secs]2024-10-07T22:40:03.033+0300: 816.446: [scrub string table, 0.0001384 secs][1 CMS-remark: 444485K(477888K)] 595829K(692928K), 0.0034213 secs] [Times: user=0.00 sys=0.00, real=0.00 secs] 
2024-10-07T22:40:03.033+0300: 816.447: Total time for which application threads were stopped: 4.5369947 seconds, Stopping threads took: 4.5334694 seconds
2024-10-07T22:40:03.033+0300: 816.447: [CMS-concurrent-sweep-start]
2024-10-07T22:40:03.033+0300: 816.457: [CMS-concurrent-sweep: 0.010/0.010 secs] [Times: user=0.00 sys=0.00, real=0.00 secs] 
2024-10-07T22:40:03.033+0300: 816.458: [CMS-concurrent-reset-start]
2024-10-07T22:40:03.049+0300: 816.462: [CMS-concurrent-reset: 0.004/0.004 secs] [Times: user=0.02 sys=0.00, real=0.02 secs] 
2024-10-07T22:40:03.049+0300: 816.462: Application time: 0.0156122 seconds
2024-10-07T22:40:03.065+0300: 816.475: [GC (Allocation Failure) 2024-10-07T22:40:03.065+0300: 816.475: [ParNew: 215039K->215039K(215040K), 0.0000302 secs]2024-10-07T22:40:03.065+0300: 816.475: [CMS: 313180K->263256K(477888K), 0.0527892 secs] 528219K->263256K(692928K), [Metaspace: 7260K->7260K(1056768K)], 0.0529562 secs] [Times: user=0.05 sys=0.00, real=0.05 secs] 
2024-10-07T22:40:03.111+0300: 816.528: Total time for which application threads were stopped: 0.0655015 seconds, Stopping threads took: 0.0123873 seconds
2024-10-07T22:40:05.060+0300: 818.470: Application time: 1.9425293 seconds
2024-10-07T22:40:17.959+0300: 831.369: [GC (CMS Initial Mark) [1 CMS-initial-mark: 263256K(477888K)] 397301K(692928K), 0.0008321 secs] [Times: user=0.00 sys=0.00, real=0.00 secs] 
2024-10-07T22:40:17.959+0300: 831.370: Total time for which application threads were stopped: 12.8999384 seconds, Stopping threads took: 12.8989740 seconds
2024-10-07T22:40:17.959+0300: 831.370: [CMS-concurrent-mark-start]
2024-10-07T22:40:17.959+0300: 831.376: [CMS-concurrent-mark: 0.006/0.006 secs] [Times: user=0.00 sys=0.00, real=0.00 secs] 
2024-10-07T22:40:17.959+0300: 831.376: [CMS-concurrent-preclean-start]
2024-10-07T22:40:17.959+0300: 831.377: [CMS-concurrent-preclean: 0.001/0.001 secs] [Times: user=0.00 sys=0.00, real=0.00 secs] 
2024-10-07T22:40:17.959+0300: 831.377: [CMS-concurrent-abortable-preclean-start]
2024-10-07T22:40:18.023+0300: 831.433: Application time: 0.0625537 seconds
2024-10-07T22:40:27.042+0300: 840.452: [GC (Allocation Failure) 2024-10-07T22:40:27.042+0300: 840.452: [ParNew: 191168K->23867K(215040K), 0.0316894 secs] 454424K->452225K(692928K), 0.0318140 secs] [Times: user=0.03 sys=0.00, real=0.03 secs] 
2024-10-07T22:40:27.073+0300: 840.484: Total time for which application threads were stopped: 9.0510002 seconds, Stopping threads took: 9.0190306 seconds
 CMS: abort preclean due to time 2024-10-07T22:40:27.073+0300: 840.492: [CMS-concurrent-abortable-preclean: 0.008/9.114 secs] [Times: user=30.89 sys=0.47, real=9.11 secs] 
2024-10-07T22:40:27.073+0300: 840.492: Application time: 0.0081025 seconds
2024-10-07T22:40:27.105+0300: 840.515: [GC (CMS Final Remark) [YG occupancy: 35990 K (215040 K)]2024-10-07T22:40:27.105+0300: 840.515: [Rescan (parallel) , 0.0011080 secs]2024-10-07T22:40:27.105+0300: 840.516: [weak refs processing, 0.0000176 secs]2024-10-07T22:40:27.105+0300: 840.516: [class unloading, 0.0011160 secs]2024-10-07T22:40:27.105+0300: 840.518: [scrub symbol table, 0.0005417 secs]2024-10-07T22:40:27.105+0300: 840.518: [scrub string table, 0.0001388 secs][1 CMS-remark: 428358K(477888K)] 464348K(692928K), 0.0030757 secs] [Times: user=0.00 sys=0.00, real=0.00 secs] 
2024-10-07T22:40:27.105+0300: 840.518: Total time for which application threads were stopped: 0.0263550 seconds, Stopping threads took: 0.0231746 seconds
2024-10-07T22:40:27.105+0300: 840.519: [CMS-concurrent-sweep-start]
2024-10-07T22:40:27.105+0300: 840.529: [CMS-concurrent-sweep: 0.010/0.010 secs] [Times: user=0.00 sys=0.00, real=0.00 secs] 
2024-10-07T22:40:27.105+0300: 840.529: [CMS-concurrent-reset-start]
2024-10-07T22:40:27.121+0300: 840.531: [CMS-concurrent-reset: 0.002/0.002 secs] [Times: user=0.02 sys=0.00, real=0.02 secs] 
2024-10-07T22:40:27.152+0300: 840.565: Application time: 0.0471122 seconds
2024-10-07T22:40:31.649+0300: 845.059: [GC (Allocation Failure) 2024-10-07T22:40:31.649+0300: 845.059: [ParNew: 215035K->215035K(215040K), 0.0000340 secs]2024-10-07T22:40:31.649+0300: 845.059: [CMS: 428358K->246696K(477888K), 0.0521489 secs] 643393K->246696K(692928K), [Metaspace: 7261K->7261K(1056768K)], 0.0523410 secs] [Times: user=0.05 sys=0.00, real=0.05 secs] 
2024-10-07T22:40:31.696+0300: 845.112: Total time for which application threads were stopped: 4.5462457 seconds, Stopping threads took: 4.4937402 seconds
2024-10-07T22:40:31.696+0300: 845.112: Application time: 0.0003609 seconds
2024-10-07T22:40:31.728+0300: 845.138: [GC (CMS Initial Mark) [1 CMS-initial-mark: 246696K(477888K)] 363955K(692928K), 0.0009272 secs] [Times: user=0.00 sys=0.00, real=0.00 secs] 
2024-10-07T22:40:31.728+0300: 845.139: Total time for which application threads were stopped: 0.0269240 seconds, Stopping threads took: 0.0258766 seconds
2024-10-07T22:40:31.728+0300: 845.139: [CMS-concurrent-mark-start]
2024-10-07T22:40:31.744+0300: 845.154: [CMS-concurrent-mark: 0.015/0.015 secs] [Times: user=0.01 sys=0.00, real=0.02 secs] 
2024-10-07T22:40:31.744+0300: 845.154: [CMS-concurrent-preclean-start]
2024-10-07T22:40:31.744+0300: 845.155: [CMS-concurrent-preclean: 0.001/0.001 secs] [Times: user=0.08 sys=0.00, real=0.00 secs] 
2024-10-07T22:40:31.744+0300: 845.155: [CMS-concurrent-abortable-preclean-start]
 CMS: abort preclean due to time 2024-10-07T22:40:36.806+0300: 850.216: [CMS-concurrent-abortable-preclean: 0.053/5.062 secs] [Times: user=29.59 sys=0.14, real=5.06 secs] 
2024-10-07T22:40:36.806+0300: 850.217: Application time: 5.0778436 seconds
2024-10-07T22:40:46.533+0300: 859.943: [GC (CMS Final Remark) [YG occupancy: 150429 K (215040 K)]2024-10-07T22:40:46.533+0300: 859.943: [Rescan (parallel) , 0.0009789 secs]2024-10-07T22:40:46.533+0300: 859.944: [weak refs processing, 0.0000306 secs]2024-10-07T22:40:46.533+0300: 859.944: [class unloading, 0.0009232 secs]2024-10-07T22:40:46.533+0300: 859.945: [scrub symbol table, 0.0004908 secs]2024-10-07T22:40:46.533+0300: 859.945: [scrub string table, 0.0001382 secs][1 CMS-remark: 246696K(477888K)] 397125K(692928K), 0.0027297 secs] [Times: user=0.00 sys=0.00, real=0.00 secs] 
2024-10-07T22:40:46.533+0300: 859.946: Total time for which application threads were stopped: 9.7288245 seconds, Stopping threads took: 9.7259948 seconds
2024-10-07T22:40:46.533+0300: 859.946: [CMS-concurrent-sweep-start]
2024-10-07T22:40:46.533+0300: 859.951: [CMS-concurrent-sweep: 0.006/0.006 secs] [Times: user=0.00 sys=0.00, real=0.00 secs] 
2024-10-07T22:40:46.533+0300: 859.952: [CMS-concurrent-reset-start]
2024-10-07T22:40:46.533+0300: 859.954: [CMS-concurrent-reset: 0.003/0.003 secs] [Times: user=0.00 sys=0.00, real=0.00 secs] 
2024-10-07T22:40:46.580+0300: 860.003: Application time: 0.0576427 seconds
2024-10-07T22:40:55.632+0300: 869.041: [GC (Allocation Failure) 2024-10-07T22:40:55.632+0300: 869.041: [ParNew: 191153K->23865K(215040K), 0.0328185 secs] 437850K->435871K(692928K), 0.0329511 secs] [Times: user=0.03 sys=0.00, real=0.03 secs] 
2024-10-07T22:40:55.662+0300: 869.074: Total time for which application threads were stopped: 9.0710452 seconds, Stopping threads took: 9.0379279 seconds
2024-10-07T22:40:55.662+0300: 869.074: Application time: 0.0000590 seconds
2024-10-07T22:40:55.678+0300: 869.088: [GC (CMS Initial Mark) [1 CMS-initial-mark: 412006K(477888K)] 496416K(692928K), 0.0008114 secs] [Times: user=0.00 sys=0.00, real=0.00 secs] 
2024-10-07T22:40:55.678+0300: 869.089: Total time for which application threads were stopped: 0.0143513 seconds, Stopping threads took: 0.0134139 seconds
2024-10-07T22:40:55.678+0300: 869.089: [CMS-concurrent-mark-start]
2024-10-07T22:40:55.678+0300: 869.095: [CMS-concurrent-mark: 0.006/0.006 secs] [Times: user=0.00 sys=0.00, real=0.00 secs] 
2024-10-07T22:40:55.678+0300: 869.095: [CMS-concurrent-preclean-start]
2024-10-07T22:40:55.678+0300: 869.096: [CMS-concurrent-preclean: 0.001/0.001 secs] [Times: user=0.00 sys=0.00, real=0.00 secs] 
2024-10-07T22:40:55.678+0300: 869.096: [CMS-concurrent-abortable-preclean-start]
2024-10-07T22:40:55.678+0300: 869.096: [CMS-concurrent-abortable-preclean: 0.000/0.000 secs] [Times: user=0.00 sys=0.00, real=0.00 secs] 
2024-10-07T22:40:55.710+0300: 869.120: Application time: 0.0313766 seconds
2024-10-07T22:40:58.775+0300: 872.185: [GC (CMS Final Remark) [YG occupancy: 215033 K (215040 K)]2024-10-07T22:40:58.775+0300: 872.185: [Rescan (parallel) , 0.0012416 secs]2024-10-07T22:40:58.775+0300: 872.186: [weak refs processing, 0.0000149 secs]2024-10-07T22:40:58.775+0300: 872.186: [class unloading, 0.0008199 secs]2024-10-07T22:40:58.775+0300: 872.187: [scrub symbol table, 0.0005063 secs]2024-10-07T22:40:58.775+0300: 872.187: [scrub string table, 0.0001379 secs][1 CMS-remark: 412006K(477888K)] 627039K(692928K), 0.0028728 secs] [Times: user=0.00 sys=0.00, real=0.00 secs] 
2024-10-07T22:40:58.775+0300: 872.188: Total time for which application threads were stopped: 3.0675211 seconds, Stopping threads took: 3.0645514 seconds
2024-10-07T22:40:58.775+0300: 872.188: [CMS-concurrent-sweep-start]
2024-10-07T22:40:58.775+0300: 872.188: Application time: 0.0001642 seconds
2024-10-07T22:41:01.822+0300: 875.232: [GC (Allocation Failure) 2024-10-07T22:41:01.822+0300: 875.232: [ParNew: 215033K->215033K(215040K), 0.0000296 secs]2024-10-07T22:41:01.822+0300: 875.232: [CMS2024-10-07T22:41:01.822+0300: 875.236: [CMS-concurrent-sweep: 0.004/3.048 secs] [Times: user=2.98 sys=0.00, real=3.05 secs] 
 (concurrent mode failure): 412006K->230985K(477888K), 0.0540361 secs] 627039K->230985K(692928K), [Metaspace: 7261K->7261K(1056768K)], 0.0542973 secs] [Times: user=0.05 sys=0.00, real=0.05 secs] 
2024-10-07T22:41:01.869+0300: 875.286: Total time for which application threads were stopped: 3.0983013 seconds, Stopping threads took: 3.0438351 seconds
2024-10-07T22:41:03.879+0300: 877.289: Application time: 2.0030332 seconds
2024-10-07T22:41:16.658+0300: 890.068: [GC (CMS Initial Mark) [1 CMS-initial-mark: 230985K(477888K)] 398000K(692928K), 0.0009746 secs] [Times: user=0.00 sys=0.00, real=0.00 secs] 
2024-10-07T22:41:16.658+0300: 890.069: Total time for which application threads were stopped: 12.7798387 seconds, Stopping threads took: 12.7787367 seconds
2024-10-07T22:41:16.658+0300: 890.069: [CMS-concurrent-mark-start]
2024-10-07T22:41:16.667+0300: 890.076: [CMS-concurrent-mark: 0.007/0.007 secs] [Times: user=0.02 sys=0.00, real=0.01 secs] 
2024-10-07T22:41:16.667+0300: 890.076: [CMS-concurrent-preclean-start]
2024-10-07T22:41:16.667+0300: 890.078: [CMS-concurrent-preclean: 0.001/0.001 secs] [Times: user=0.00 sys=0.00, real=0.00 secs] 
2024-10-07T22:41:16.667+0300: 890.078: [CMS-concurrent-abortable-preclean-start]
2024-10-07T22:41:16.706+0300: 890.127: Application time: 0.0581821 seconds
2024-10-07T22:41:25.786+0300: 899.196: [GC (Allocation Failure) 2024-10-07T22:41:25.786+0300: 899.196: [ParNew: 191159K->23871K(215040K), 0.0306963 secs] 422145K->418797K(692928K), 0.0308225 secs] [Times: user=0.00 sys=0.00, real=0.02 secs] 
2024-10-07T22:41:25.802+0300: 899.227: Total time for which application threads were stopped: 9.0997682 seconds, Stopping threads took: 9.0687816 seconds
 CMS: abort preclean due to time 2024-10-07T22:41:25.818+0300: 899.235: [CMS-concurrent-abortable-preclean: 0.008/9.157 secs] [Times: user=30.56 sys=0.39, real=9.15 secs] 
2024-10-07T22:41:25.818+0300: 899.235: Application time: 0.0082297 seconds
2024-10-07T22:41:25.849+0300: 899.259: [GC (CMS Final Remark) [YG occupancy: 36990 K (215040 K)]2024-10-07T22:41:25.849+0300: 899.259: [Rescan (parallel) , 0.0005986 secs]2024-10-07T22:41:25.849+0300: 899.260: [weak refs processing, 0.0000173 secs]2024-10-07T22:41:25.849+0300: 899.260: [class unloading, 0.0008031 secs]2024-10-07T22:41:25.849+0300: 899.260: [scrub symbol table, 0.0005224 secs]2024-10-07T22:41:25.849+0300: 899.261: [scrub string table, 0.0001450 secs][1 CMS-remark: 394926K(477888K)] 431916K(692928K), 0.0022277 secs] [Times: user=0.00 sys=0.00, real=0.00 secs] 
2024-10-07T22:41:25.849+0300: 899.261: Total time for which application threads were stopped: 0.0259163 seconds, Stopping threads took: 0.0236125 seconds
2024-10-07T22:41:25.849+0300: 899.261: [CMS-concurrent-sweep-start]
2024-10-07T22:41:25.849+0300: 899.269: [CMS-concurrent-sweep: 0.008/0.008 secs] [Times: user=0.00 sys=0.00, real=0.00 secs] 
2024-10-07T22:41:25.849+0300: 899.269: [CMS-concurrent-reset-start]
2024-10-07T22:41:25.849+0300: 899.271: [CMS-concurrent-reset: 0.002/0.002 secs] [Times: user=0.00 sys=0.00, real=0.00 secs] 
2024-10-07T22:41:27.874+0300: 901.284: Application time: 2.0229309 seconds
2024-10-07T22:41:28.895+0300: 902.304: [GC (CMS Initial Mark) [1 CMS-initial-mark: 394921K(477888K)] 464339K(692928K), 0.0012611 secs] [Times: user=0.00 sys=0.00, real=0.00 secs] 
2024-10-07T22:41:28.895+0300: 902.306: Total time for which application threads were stopped: 1.0216225 seconds, Stopping threads took: 1.0202444 seconds
2024-10-07T22:41:28.895+0300: 902.306: [CMS-concurrent-mark-start]
2024-10-07T22:41:28.895+0300: 902.309: [CMS-concurrent-mark: 0.003/0.003 secs] [Times: user=0.00 sys=0.00, real=0.00 secs] 
2024-10-07T22:41:28.895+0300: 902.309: [CMS-concurrent-preclean-start]
2024-10-07T22:41:28.895+0300: 902.310: [CMS-concurrent-preclean: 0.001/0.001 secs] [Times: user=0.00 sys=0.00, real=0.00 secs] 
2024-10-07T22:41:28.895+0300: 902.310: [CMS-concurrent-abortable-preclean-start]
2024-10-07T22:41:32.069+0300: 905.485: Application time: 3.1793235 seconds
2024-10-07T22:41:32.069+0300: 905.485: Total time for which application threads were stopped: 0.0003894 seconds, Stopping threads took: 0.0003697 seconds
2024-10-07T22:41:32.084+0300: 905.501: Application time: 0.0159443 seconds
2024-10-07T22:41:32.084+0300: 905.502: [GC (Allocation Failure) 2024-10-07T22:41:32.084+0300: 905.502: [ParNew: 215039K->215039K(215040K), 0.0000202 secs]2024-10-07T22:41:32.084+0300: 905.502: [CMS2024-10-07T22:41:32.084+0300: 905.502: [CMS-concurrent-abortable-preclean: 0.056/3.192 secs] [Times: user=3.11 sys=0.00, real=3.19 secs] 
 (concurrent mode failure): 394921K->145335K(477888K), 0.0341271 secs] 609961K->145335K(692928K), [Metaspace: 7262K->7262K(1056768K)], 0.0342639 secs] [Times: user=0.03 sys=0.00, real=0.03 secs] 
2024-10-07T22:41:32.116+0300: 905.536: Total time for which application threads were stopped: 0.0347861 seconds, Stopping threads took: 0.0003741 seconds
2024-10-07T22:41:32.163+0300: 905.580: Application time: 0.0441299 seconds
2024-10-07T22:41:32.163+0300: 905.580: [GC (Allocation Failure) 2024-10-07T22:41:32.163+0300: 905.581: [ParNew: 191168K->23863K(215040K), 0.0303299 secs] 336503K->335389K(692928K), 0.0304361 secs] [Times: user=0.02 sys=0.00, real=0.03 secs] 
2024-10-07T22:41:32.194+0300: 905.611: Total time for which application threads were stopped: 0.0307327 seconds, Stopping threads took: 0.0001845 seconds
2024-10-07T22:41:32.194+0300: 905.611: Application time: 0.0001545 seconds
2024-10-07T22:41:32.194+0300: 905.617: [GC (CMS Initial Mark) [1 CMS-initial-mark: 311525K(477888K)] 397151K(692928K), 0.0008931 secs] [Times: user=0.00 sys=0.00, real=0.00 secs] 
2024-10-07T22:41:32.194+0300: 905.618: Total time for which application threads were stopped: 0.0067030 seconds, Stopping threads took: 0.0057399 seconds
2024-10-07T22:41:32.194+0300: 905.618: [CMS-concurrent-mark-start]
2024-10-07T22:41:32.212+0300: 905.624: [CMS-concurrent-mark: 0.006/0.006 secs] [Times: user=0.02 sys=0.00, real=0.02 secs] 
2024-10-07T22:41:32.212+0300: 905.624: [CMS-concurrent-preclean-start]
2024-10-07T22:41:32.212+0300: 905.625: [CMS-concurrent-preclean: 0.001/0.001 secs] [Times: user=0.00 sys=0.00, real=0.00 secs] 
2024-10-07T22:41:32.212+0300: 905.625: [CMS-concurrent-abortable-preclean-start]
 CMS: abort preclean due to time 2024-10-07T22:41:37.272+0300: 910.684: [CMS-concurrent-abortable-preclean: 0.112/5.058 secs] [Times: user=29.56 sys=0.02, real=5.06 secs] 
2024-10-07T22:41:37.272+0300: 910.684: Application time: 5.0661222 seconds
2024-10-07T22:41:47.175+0300: 920.584: [GC (CMS Final Remark) [YG occupancy: 85626 K (215040 K)]2024-10-07T22:41:47.175+0300: 920.584: [Rescan (parallel) , 0.0012955 secs]2024-10-07T22:41:47.175+0300: 920.586: [weak refs processing, 0.0000173 secs]2024-10-07T22:41:47.175+0300: 920.586: [class unloading, 0.0008577 secs]2024-10-07T22:41:47.175+0300: 920.587: [scrub symbol table, 0.0004935 secs]2024-10-07T22:41:47.175+0300: 920.587: [scrub string table, 0.0001358 secs][1 CMS-remark: 311525K(477888K)] 397151K(692928K), 0.0029460 secs] [Times: user=0.00 sys=0.00, real=0.00 secs] 
2024-10-07T22:41:47.175+0300: 920.587: Total time for which application threads were stopped: 9.9033367 seconds, Stopping threads took: 9.9002910 seconds
2024-10-07T22:41:47.175+0300: 920.587: [CMS-concurrent-sweep-start]
2024-10-07T22:41:47.175+0300: 920.595: [CMS-concurrent-sweep: 0.007/0.007 secs] [Times: user=0.00 sys=0.00, real=0.00 secs] 
2024-10-07T22:41:47.175+0300: 920.595: [CMS-concurrent-reset-start]
2024-10-07T22:41:47.175+0300: 920.598: [CMS-concurrent-reset: 0.003/0.003 secs] [Times: user=0.00 sys=0.00, real=0.00 secs] 
2024-10-07T22:41:49.202+0300: 922.612: Application time: 2.0247771 seconds
2024-10-07T22:42:02.259+0300: 935.669: [GC (CMS Initial Mark) [1 CMS-initial-mark: 311525K(477888K)] 397151K(692928K), 0.0007962 secs] [Times: user=0.00 sys=0.00, real=0.00 secs] 
2024-10-07T22:42:02.259+0300: 935.670: Total time for which application threads were stopped: 13.0576306 seconds, Stopping threads took: 13.0567589 seconds
2024-10-07T22:42:02.259+0300: 935.670: [CMS-concurrent-mark-start]
2024-10-07T22:42:02.259+0300: 935.674: [CMS-concurrent-mark: 0.004/0.004 secs] [Times: user=0.00 sys=0.00, real=0.00 secs] 
2024-10-07T22:42:02.259+0300: 935.674: [CMS-concurrent-preclean-start]
2024-10-07T22:42:02.259+0300: 935.674: [CMS-concurrent-preclean: 0.001/0.001 secs] [Times: user=0.00 sys=0.00, real=0.00 secs] 
2024-10-07T22:42:02.259+0300: 935.674: [CMS-concurrent-abortable-preclean-start]
2024-10-07T22:42:02.291+0300: 935.706: Application time: 0.0363055 seconds
2024-10-07T22:42:02.322+0300: 935.731: [GC (Allocation Failure) 2024-10-07T22:42:02.322+0300: 935.731: [ParNew: 215031K->215031K(215040K), 0.0000144 secs]2024-10-07T22:42:02.322+0300: 935.731: [CMS2024-10-07T22:42:02.322+0300: 935.731: [CMS-concurrent-abortable-preclean: 0.002/0.057 secs] [Times: user=0.08 sys=0.00, real=0.06 secs] 
 (concurrent mode failure): 311525K->129002K(477888K), 0.0322646 secs] 526557K->129002K(692928K), [Metaspace: 7265K->7265K(1056768K)], 0.0323773 secs] [Times: user=0.02 sys=0.00, real=0.03 secs] 
2024-10-07T22:42:02.353+0300: 935.764: Total time for which application threads were stopped: 0.0577847 seconds, Stopping threads took: 0.0252713 seconds
2024-10-07T22:42:02.384+0300: 935.801: Application time: 0.0372508 seconds
2024-10-07T22:42:02.400+0300: 935.809: [GC (Allocation Failure) 2024-10-07T22:42:02.400+0300: 935.810: [ParNew: 191168K->23859K(215040K), 0.0301236 secs] 320170K->318556K(692928K), 0.0302157 secs] [Times: user=0.03 sys=0.00, real=0.02 secs] 
2024-10-07T22:42:02.422+0300: 935.840: Total time for which application threads were stopped: 0.0386787 seconds, Stopping threads took: 0.0083533 seconds
2024-10-07T22:42:02.422+0300: 935.840: Application time: 0.0000736 seconds
2024-10-07T22:42:09.169+0300: 942.579: [GC (CMS Initial Mark) [1 CMS-initial-mark: 294696K(477888K)] 397317K(692928K), 0.0005641 secs] [Times: user=0.00 sys=0.00, real=0.00 secs] 
2024-10-07T22:42:09.169+0300: 942.580: Total time for which application threads were stopped: 6.7398856 seconds, Stopping threads took: 6.7392195 seconds
2024-10-07T22:42:09.169+0300: 942.580: [CMS-concurrent-mark-start]
2024-10-07T22:42:09.169+0300: 942.586: [CMS-concurrent-mark: 0.006/0.006 secs] [Times: user=0.00 sys=0.00, real=0.00 secs] 
2024-10-07T22:42:09.169+0300: 942.586: [CMS-concurrent-preclean-start]
2024-10-07T22:42:09.169+0300: 942.587: [CMS-concurrent-preclean: 0.001/0.001 secs] [Times: user=0.00 sys=0.00, real=0.00 secs] 
2024-10-07T22:42:09.169+0300: 942.587: [CMS-concurrent-abortable-preclean-start]
 CMS: abort preclean due to time 2024-10-07T22:42:14.230+0300: 947.642: [CMS-concurrent-abortable-preclean: 0.104/5.055 secs] [Times: user=29.33 sys=0.03, real=5.06 secs] 
2024-10-07T22:42:14.230+0300: 947.642: Application time: 5.0623779 seconds
2024-10-07T22:42:24.071+0300: 957.481: [GC (CMS Final Remark) [YG occupancy: 102620 K (215040 K)]2024-10-07T22:42:24.071+0300: 957.481: [Rescan (parallel) , 0.0007726 secs]2024-10-07T22:42:24.071+0300: 957.482: [weak refs processing, 0.0000250 secs]2024-10-07T22:42:24.071+0300: 957.482: [class unloading, 0.0008505 secs]2024-10-07T22:42:24.071+0300: 957.483: [scrub symbol table, 0.0005050 secs]2024-10-07T22:42:24.071+0300: 957.483: [scrub string table, 0.0001400 secs][1 CMS-remark: 294696K(477888K)] 397317K(692928K), 0.0024489 secs] [Times: user=0.00 sys=0.00, real=0.00 secs] 
2024-10-07T22:42:24.071+0300: 957.484: Total time for which application threads were stopped: 9.8414549 seconds, Stopping threads took: 9.8388972 seconds
2024-10-07T22:42:24.071+0300: 957.484: [CMS-concurrent-sweep-start]
2024-10-07T22:42:24.071+0300: 957.490: [CMS-concurrent-sweep: 0.006/0.006 secs] [Times: user=0.00 sys=0.00, real=0.00 secs] 
2024-10-07T22:42:24.071+0300: 957.490: [CMS-concurrent-reset-start]
2024-10-07T22:42:24.071+0300: 957.493: [CMS-concurrent-reset: 0.003/0.003 secs] [Times: user=0.00 sys=0.00, real=0.00 secs] 
2024-10-07T22:42:24.150+0300: 957.564: Application time: 0.0807692 seconds
2024-10-07T22:42:30.807+0300: 964.217: [GC (Allocation Failure) 2024-10-07T22:42:30.807+0300: 964.217: [ParNew: 215027K->215027K(215040K), 0.0000344 secs]2024-10-07T22:42:30.807+0300: 964.217: [CMS: 294696K->309291K(477888K), 0.0626575 secs] 509724K->309291K(692928K), [Metaspace: 7265K->7265K(1056768K)], 0.0628639 secs] [Times: user=0.05 sys=0.00, real=0.06 secs] 
2024-10-07T22:42:30.870+0300: 964.280: Total time for which application threads were stopped: 6.7154640 seconds, Stopping threads took: 6.6524112 seconds
2024-10-07T22:42:30.870+0300: 964.280: Application time: 0.0002484 seconds
2024-10-07T22:42:30.886+0300: 964.296: [GC (CMS Initial Mark) [1 CMS-initial-mark: 309291K(477888K)] 398163K(692928K), 0.0007321 secs] [Times: user=0.00 sys=0.00, real=0.00 secs] 
2024-10-07T22:42:30.886+0300: 964.296: Total time for which application threads were stopped: 0.0164251 seconds, Stopping threads took: 0.0155837 seconds
2024-10-07T22:42:30.886+0300: 964.297: [CMS-concurrent-mark-start]
2024-10-07T22:42:30.886+0300: 964.303: [CMS-concurrent-mark: 0.007/0.007 secs] [Times: user=0.00 sys=0.00, real=0.00 secs] 
2024-10-07T22:42:30.886+0300: 964.304: [CMS-concurrent-preclean-start]
2024-10-07T22:42:30.886+0300: 964.305: [CMS-concurrent-preclean: 0.001/0.001 secs] [Times: user=0.00 sys=0.00, real=0.00 secs] 
2024-10-07T22:42:30.886+0300: 964.305: [CMS-concurrent-abortable-preclean-start]
2024-10-07T22:42:30.949+0300: 964.373: Application time: 0.0760716 seconds
2024-10-07T22:42:30.996+0300: 964.405: [CMS-concurrent-abortable-preclean: 0.001/0.101 secs] [Times: user=0.42 sys=0.02, real=0.11 secs] 
2024-10-07T22:42:37.466+0300: 970.876: [GC (Allocation Failure) 2024-10-07T22:42:37.466+0300: 970.876: [ParNew: 191168K->191168K(215040K), 0.0000342 secs]2024-10-07T22:42:37.466+0300: 970.876: [CMS (concurrent mode failure): 309291K->301595K(477888K), 0.0590356 secs] 500459K->301595K(692928K), [Metaspace: 7265K->7265K(1056768K)], 0.0592282 secs] [Times: user=0.05 sys=0.00, real=0.05 secs] 
2024-10-07T22:42:37.513+0300: 970.936: Total time for which application threads were stopped: 6.5629810 seconds, Stopping threads took: 6.5035844 seconds
2024-10-07T22:42:39.526+0300: 972.935: Application time: 1.9996891 seconds
2024-10-07T22:42:52.412+0300: 985.822: [GC (CMS Initial Mark) [1 CMS-initial-mark: 301595K(477888K)] 396844K(692928K), 0.0006693 secs] [Times: user=0.00 sys=0.00, real=0.00 secs] 
2024-10-07T22:42:52.412+0300: 985.823: Total time for which application threads were stopped: 12.8874746 seconds, Stopping threads took: 12.8867013 seconds
2024-10-07T22:42:52.412+0300: 985.823: [CMS-concurrent-mark-start]
2024-10-07T22:42:52.412+0300: 985.830: [CMS-concurrent-mark: 0.007/0.007 secs] [Times: user=0.00 sys=0.00, real=0.00 secs] 
2024-10-07T22:42:52.412+0300: 985.830: [CMS-concurrent-preclean-start]
2024-10-07T22:42:52.412+0300: 985.831: [CMS-concurrent-preclean: 0.001/0.001 secs] [Times: user=0.00 sys=0.00, real=0.00 secs] 
2024-10-07T22:42:52.412+0300: 985.831: [CMS-concurrent-abortable-preclean-start]
2024-10-07T22:42:52.475+0300: 985.889: Application time: 0.0661888 seconds
2024-10-07T22:42:52.522+0300: 985.931: [CMS-concurrent-abortable-preclean: 0.001/0.100 secs] [Times: user=0.48 sys=0.00, real=0.11 secs] 
2024-10-07T22:42:59.166+0300: 992.576: [GC (Allocation Failure) 2024-10-07T22:42:59.166+0300: 992.576: [ParNew: 191164K->191164K(215040K), 0.0000344 secs]2024-10-07T22:42:59.166+0300: 992.576: [CMS (concurrent mode failure): 301595K->292491K(477888K), 0.0567442 secs] 492760K->292491K(692928K), [Metaspace: 7265K->7265K(1056768K)], 0.0569451 secs] [Times: user=0.05 sys=0.00, real=0.05 secs] 
2024-10-07T22:42:59.213+0300: 992.633: Total time for which application threads were stopped: 6.7439128 seconds, Stopping threads took: 6.6867967 seconds
2024-10-07T22:42:59.276+0300: 992.687: Application time: 0.0541290 seconds
2024-10-07T22:43:03.805+0300: 997.215: [GC (Allocation Failure) 2024-10-07T22:43:03.805+0300: 997.215: [ParNew: 191168K->23867K(215040K), 0.0312646 secs] 483659K->481363K(692928K), 0.0313824 secs] [Times: user=0.01 sys=0.02, real=0.03 secs] 
2024-10-07T22:43:03.837+0300: 997.247: Total time for which application threads were stopped: 4.5597852 seconds, Stopping threads took: 4.5282406 seconds
2024-10-07T22:43:03.837+0300: 997.247: Application time: 0.0000762 seconds
2024-10-07T22:43:07.009+0300: 1000.419: [GC (CMS Initial Mark) [1 CMS-initial-mark: 457496K(477888K)] 494474K(692928K), 0.0008861 secs] [Times: user=0.00 sys=0.00, real=0.00 secs] 
2024-10-07T22:43:07.009+0300: 1000.420: Total time for which application threads were stopped: 3.1734002 seconds, Stopping threads took: 3.1724362 seconds
2024-10-07T22:43:07.009+0300: 1000.420: [CMS-concurrent-mark-start]
2024-10-07T22:43:07.009+0300: 1000.426: [CMS-concurrent-mark: 0.006/0.006 secs] [Times: user=0.00 sys=0.00, real=0.00 secs] 
2024-10-07T22:43:07.009+0300: 1000.426: [CMS-concurrent-preclean-start]
2024-10-07T22:43:07.009+0300: 1000.427: [CMS-concurrent-preclean: 0.001/0.001 secs] [Times: user=0.00 sys=0.00, real=0.00 secs] 
2024-10-07T22:43:07.009+0300: 1000.427: [CMS-concurrent-abortable-preclean-start]
2024-10-07T22:43:07.009+0300: 1000.427: [CMS-concurrent-abortable-preclean: 0.000/0.000 secs] [Times: user=0.00 sys=0.00, real=0.00 secs] 
2024-10-07T22:43:07.009+0300: 1000.433: Application time: 0.0125203 seconds
2024-10-07T22:43:11.693+0300: 1005.103: [GC (CMS Final Remark) [YG occupancy: 36978 K (215040 K)]2024-10-07T22:43:11.693+0300: 1005.103: [Rescan (parallel) , 0.0006609 secs]2024-10-07T22:43:11.693+0300: 1005.104: [weak refs processing, 0.0000285 secs]2024-10-07T22:43:11.693+0300: 1005.104: [class unloading, 0.0010915 secs]2024-10-07T22:43:11.693+0300: 1005.105: [scrub symbol table, 0.0005116 secs]2024-10-07T22:43:11.693+0300: 1005.106: [scrub string table, 0.0001392 secs][1 CMS-remark: 457496K(477888K)] 494474K(692928K), 0.0025837 secs] [Times: user=0.00 sys=0.00, real=0.00 secs] 
2024-10-07T22:43:11.693+0300: 1005.106: Total time for which application threads were stopped: 4.6732386 seconds, Stopping threads took: 4.6705579 seconds
2024-10-07T22:43:11.693+0300: 1005.106: [CMS-concurrent-sweep-start]
2024-10-07T22:43:11.693+0300: 1005.117: [CMS-concurrent-sweep: 0.011/0.011 secs] [Times: user=0.00 sys=0.00, real=0.00 secs] 
2024-10-07T22:43:11.693+0300: 1005.117: [CMS-concurrent-reset-start]
2024-10-07T22:43:11.709+0300: 1005.121: [CMS-concurrent-reset: 0.004/0.004 secs] [Times: user=0.02 sys=0.00, real=0.02 secs] 
2024-10-07T22:43:11.773+0300: 1005.197: Application time: 0.0906894 seconds
2024-10-07T22:43:20.622+0300: 1014.032: [GC (Allocation Failure) 2024-10-07T22:43:20.622+0300: 1014.032: [ParNew: 215023K->23871K(215040K), 0.0356617 secs] 475561K->468459K(692928K), 0.0357918 secs] [Times: user=0.03 sys=0.00, real=0.04 secs] 
2024-10-07T22:43:20.658+0300: 1014.067: Total time for which application threads were stopped: 8.8707666 seconds, Stopping threads took: 8.8348165 seconds
2024-10-07T22:43:20.658+0300: 1014.068: Application time: 0.0000661 seconds
2024-10-07T22:43:20.685+0300: 1014.095: [GC (CMS Initial Mark) [1 CMS-initial-mark: 444587K(477888K)] 522642K(692928K), 0.0009409 secs] [Times: user=0.00 sys=0.00, real=0.00 secs] 
2024-10-07T22:43:20.685+0300: 1014.096: Total time for which application threads were stopped: 0.0280013 seconds, Stopping threads took: 0.0269295 seconds
2024-10-07T22:43:20.685+0300: 1014.096: [CMS-concurrent-mark-start]
2024-10-07T22:43:20.685+0300: 1014.103: [CMS-concurrent-mark: 0.007/0.007 secs] [Times: user=0.00 sys=0.00, real=0.00 secs] 
2024-10-07T22:43:20.685+0300: 1014.103: [CMS-concurrent-preclean-start]
2024-10-07T22:43:20.685+0300: 1014.104: [CMS-concurrent-preclean: 0.001/0.001 secs] [Times: user=0.00 sys=0.00, real=0.00 secs] 
2024-10-07T22:43:20.685+0300: 1014.104: [CMS-concurrent-abortable-preclean-start]
2024-10-07T22:43:20.685+0300: 1014.104: [CMS-concurrent-abortable-preclean: 0.000/0.000 secs] [Times: user=0.00 sys=0.00, real=0.00 secs] 
2024-10-07T22:43:20.716+0300: 1014.126: Application time: 0.0307706 seconds
2024-10-07T22:43:32.320+0300: 1025.730: [GC (CMS Final Remark) [YG occupancy: 78741 K (215040 K)]2024-10-07T22:43:32.320+0300: 1025.730: [Rescan (parallel) , 0.0011003 secs]2024-10-07T22:43:32.320+0300: 1025.731: [weak refs processing, 0.0000295 secs]2024-10-07T22:43:32.320+0300: 1025.731: [class unloading, 0.0012771 secs]2024-10-07T22:43:32.320+0300: 1025.732: [scrub symbol table, 0.0006981 secs]2024-10-07T22:43:32.320+0300: 1025.733: [scrub string table, 0.0001546 secs][1 CMS-remark: 444587K(477888K)] 523329K(692928K), 0.0034176 secs] [Times: user=0.00 sys=0.00, real=0.00 secs] 
2024-10-07T22:43:32.320+0300: 1025.733: Total time for which application threads were stopped: 11.6068844 seconds, Stopping threads took: 11.6033920 seconds
2024-10-07T22:43:32.320+0300: 1025.733: [CMS-concurrent-sweep-start]
2024-10-07T22:43:32.320+0300: 1025.743: [CMS-concurrent-sweep: 0.010/0.010 secs] [Times: user=0.00 sys=0.00, real=0.00 secs] 
2024-10-07T22:43:32.320+0300: 1025.743: [CMS-concurrent-reset-start]
2024-10-07T22:43:32.336+0300: 1025.746: [CMS-concurrent-reset: 0.003/0.003 secs] [Times: user=0.02 sys=0.00, real=0.02 secs] 
2024-10-07T22:43:32.383+0300: 1025.793: Application time: 0.0599590 seconds
2024-10-07T22:43:37.096+0300: 1030.506: [GC (Allocation Failure) 2024-10-07T22:43:37.096+0300: 1030.506: [ParNew: 215031K->215031K(215040K), 0.0000345 secs]2024-10-07T22:43:37.096+0300: 1030.506: [CMS: 318423K->268404K(477888K), 0.0549339 secs] 533455K->268404K(692928K), [Metaspace: 7266K->7266K(1056768K)], 0.0551269 secs] [Times: user=0.05 sys=0.00, real=0.05 secs] 
2024-10-07T22:43:37.144+0300: 1030.561: Total time for which application threads were stopped: 4.7682772 seconds, Stopping threads took: 4.7129809 seconds
2024-10-07T22:43:37.144+0300: 1030.562: Application time: 0.0003541 seconds
2024-10-07T22:43:40.252+0300: 1033.662: [GC (CMS Initial Mark) [1 CMS-initial-mark: 268404K(477888K)] 364294K(692928K), 0.0008066 secs] [Times: user=0.00 sys=0.00, real=0.00 secs] 
2024-10-07T22:43:40.252+0300: 1033.662: Total time for which application threads were stopped: 3.1006374 seconds, Stopping threads took: 3.0996938 seconds
2024-10-07T22:43:40.252+0300: 1033.662: [CMS-concurrent-mark-start]
2024-10-07T22:43:40.252+0300: 1033.668: [CMS-concurrent-mark: 0.005/0.005 secs] [Times: user=0.00 sys=0.00, real=0.00 secs] 
2024-10-07T22:43:40.252+0300: 1033.668: [CMS-concurrent-preclean-start]
2024-10-07T22:43:40.252+0300: 1033.669: [CMS-concurrent-preclean: 0.001/0.001 secs] [Times: user=0.00 sys=0.00, real=0.00 secs] 
2024-10-07T22:43:40.252+0300: 1033.669: [CMS-concurrent-abortable-preclean-start]
2024-10-07T22:43:40.314+0300: 1033.726: Application time: 0.0633028 seconds
2024-10-07T22:43:49.176+0300: 1042.586: [GC (Allocation Failure) 2024-10-07T22:43:49.176+0300: 1042.586: [ParNew: 191168K->23865K(215040K), 0.0320829 secs] 459572K->457915K(692928K), 0.0322153 secs] [Times: user=0.02 sys=0.00, real=0.03 secs] 
2024-10-07T22:43:49.207+0300: 1042.618: Total time for which application threads were stopped: 8.8923408 seconds, Stopping threads took: 8.8599663 seconds
 CMS: abort preclean due to time 2024-10-07T22:43:49.207+0300: 1042.629: [CMS-concurrent-abortable-preclean: 0.011/8.960 secs] [Times: user=30.09 sys=0.44, real=8.95 secs] 
2024-10-07T22:43:49.239+0300: 1042.664: Application time: 0.0456029 seconds
2024-10-07T22:43:58.226+0300: 1051.636: [GC (CMS Final Remark) [YG occupancy: 94225 K (215040 K)]2024-10-07T22:43:58.226+0300: 1051.636: [Rescan (parallel) , 0.0010915 secs]2024-10-07T22:43:58.226+0300: 1051.637: [weak refs processing, 0.0000183 secs]2024-10-07T22:43:58.226+0300: 1051.637: [class unloading, 0.0010213 secs]2024-10-07T22:43:58.226+0300: 1051.638: [scrub symbol table, 0.0005104 secs]2024-10-07T22:43:58.226+0300: 1051.639: [scrub string table, 0.0001394 secs][1 CMS-remark: 434050K(477888K)] 528275K(692928K), 0.0029369 secs] [Times: user=0.00 sys=0.00, real=0.00 secs] 
2024-10-07T22:43:58.226+0300: 1051.639: Total time for which application threads were stopped: 8.9753160 seconds, Stopping threads took: 8.9722763 seconds
2024-10-07T22:43:58.226+0300: 1051.639: [CMS-concurrent-sweep-start]
2024-10-07T22:43:58.226+0300: 1051.650: [CMS-concurrent-sweep: 0.010/0.010 secs] [Times: user=0.00 sys=0.00, real=0.00 secs] 
2024-10-07T22:43:58.226+0300: 1051.650: [CMS-concurrent-reset-start]
2024-10-07T22:43:58.242+0300: 1051.653: [CMS-concurrent-reset: 0.003/0.003 secs] [Times: user=0.01 sys=0.00, real=0.02 secs] 
2024-10-07T22:43:58.273+0300: 1051.694: Application time: 0.0550213 seconds
2024-10-07T22:44:02.969+0300: 1056.379: [GC (Allocation Failure) 2024-10-07T22:44:02.969+0300: 1056.379: [ParNew: 215033K->215033K(215040K), 0.0000236 secs]2024-10-07T22:44:02.969+0300: 1056.379: [CMS: 434050K->317378K(477888K), 0.0632350 secs] 649083K->317378K(692928K), [Metaspace: 7266K->7266K(1056768K)], 0.0633763 secs] [Times: user=0.06 sys=0.00, real=0.06 secs] 
2024-10-07T22:44:03.032+0300: 1056.442: Total time for which application threads were stopped: 4.7482227 seconds, Stopping threads took: 4.6847128 seconds
2024-10-07T22:44:03.032+0300: 1056.442: Application time: 0.0001552 seconds
2024-10-07T22:44:06.063+0300: 1059.473: [GC (CMS Initial Mark) [1 CMS-initial-mark: 317378K(477888K)] 324766K(692928K), 0.0006145 secs] [Times: user=0.00 sys=0.00, real=0.00 secs] 
2024-10-07T22:44:06.063+0300: 1059.473: Total time for which application threads were stopped: 3.0309261 seconds, Stopping threads took: 3.0301547 seconds
2024-10-07T22:44:06.063+0300: 1059.473: [CMS-concurrent-mark-start]
2024-10-07T22:44:06.063+0300: 1059.480: [CMS-concurrent-mark: 0.006/0.006 secs] [Times: user=0.00 sys=0.00, real=0.00 secs] 
2024-10-07T22:44:06.063+0300: 1059.480: [CMS-concurrent-preclean-start]
2024-10-07T22:44:06.063+0300: 1059.481: [CMS-concurrent-preclean: 0.001/0.001 secs] [Times: user=0.00 sys=0.00, real=0.00 secs] 
2024-10-07T22:44:06.063+0300: 1059.481: [CMS-concurrent-abortable-preclean-start]
2024-10-07T22:44:06.141+0300: 1059.565: Application time: 0.0915446 seconds
2024-10-07T22:44:06.172+0300: 1059.582: [CMS-concurrent-abortable-preclean: 0.001/0.101 secs] [Times: user=0.50 sys=0.01, real=0.11 secs] 
2024-10-07T22:44:15.082+0300: 1068.492: [GC (Allocation Failure) 2024-10-07T22:44:15.082+0300: 1068.492: [ParNew: 191168K->191168K(215040K), 0.0000346 secs]2024-10-07T22:44:15.082+0300: 1068.492: [CMS (concurrent mode failure): 317378K->375026K(477888K), 0.0707857 secs] 508546K->375026K(692928K), [Metaspace: 7266K->7266K(1056768K)], 0.0710067 secs] [Times: user=0.06 sys=0.00, real=0.06 secs] 
2024-10-07T22:44:15.145+0300: 1068.563: Total time for which application threads were stopped: 8.9978175 seconds, Stopping threads took: 8.9266345 seconds
2024-10-07T22:44:17.156+0300: 1070.566: Application time: 2.0033145 seconds
2024-10-07T22:44:29.983+0300: 1083.392: [GC (CMS Initial Mark) [1 CMS-initial-mark: 375026K(477888K)] 531078K(692928K), 0.0010205 secs] [Times: user=0.00 sys=0.00, real=0.00 secs] 
2024-10-07T22:44:29.983+0300: 1083.393: Total time for which application threads were stopped: 12.8273931 seconds, Stopping threads took: 12.8262176 seconds
2024-10-07T22:44:29.983+0300: 1083.394: [CMS-concurrent-mark-start]
2024-10-07T22:44:29.983+0300: 1083.401: [CMS-concurrent-mark: 0.007/0.007 secs] [Times: user=0.00 sys=0.00, real=0.00 secs] 
2024-10-07T22:44:29.983+0300: 1083.401: [CMS-concurrent-preclean-start]
2024-10-07T22:44:29.993+0300: 1083.403: [CMS-concurrent-preclean: 0.002/0.002 secs] [Times: user=0.00 sys=0.00, real=0.01 secs] 
2024-10-07T22:44:29.993+0300: 1083.403: [CMS-concurrent-abortable-preclean-start]
2024-10-07T22:44:29.993+0300: 1083.403: [CMS-concurrent-abortable-preclean: 0.000/0.000 secs] [Times: user=0.00 sys=0.00, real=0.00 secs] 
2024-10-07T22:44:30.014+0300: 1083.429: Application time: 0.0352777 seconds
2024-10-07T22:44:38.985+0300: 1092.395: [GC (CMS Final Remark) [YG occupancy: 157424 K (215040 K)]2024-10-07T22:44:38.985+0300: 1092.395: [Rescan (parallel) , 0.0010393 secs]2024-10-07T22:44:38.985+0300: 1092.396: [weak refs processing, 0.0000262 secs]2024-10-07T22:44:38.985+0300: 1092.396: [class unloading, 0.0009712 secs]2024-10-07T22:44:38.985+0300: 1092.397: [scrub symbol table, 0.0005069 secs]2024-10-07T22:44:38.985+0300: 1092.398: [scrub string table, 0.0001413 secs][1 CMS-remark: 375026K(477888K)] 532451K(692928K), 0.0028441 secs] [Times: user=0.00 sys=0.00, real=0.00 secs] 
2024-10-07T22:44:38.985+0300: 1092.398: Total time for which application threads were stopped: 8.9692411 seconds, Stopping threads took: 8.9662994 seconds
2024-10-07T22:44:38.985+0300: 1092.398: [CMS-concurrent-sweep-start]
2024-10-07T22:44:38.985+0300: 1092.404: [CMS-concurrent-sweep: 0.006/0.006 secs] [Times: user=0.00 sys=0.00, real=0.00 secs] 
2024-10-07T22:44:38.985+0300: 1092.404: [CMS-concurrent-reset-start]
2024-10-07T22:44:38.985+0300: 1092.406: [CMS-concurrent-reset: 0.002/0.002 secs] [Times: user=0.00 sys=0.00, real=0.00 secs] 
2024-10-07T22:44:38.985+0300: 1092.410: Application time: 0.0123188 seconds
2024-10-07T22:44:39.017+0300: 1092.426: [GC (Allocation Failure) 2024-10-07T22:44:39.017+0300: 1092.426: [ParNew: 191168K->23865K(215040K), 0.0318460 secs] 434921K->429709K(692928K), 0.0319354 secs] [Times: user=0.03 sys=0.00, real=0.03 secs] 
2024-10-07T22:44:39.048+0300: 1092.458: Total time for which application threads were stopped: 0.0479515 seconds, Stopping threads took: 0.0158973 seconds
2024-10-07T22:44:39.048+0300: 1092.458: Application time: 0.0001131 seconds
2024-10-07T22:44:39.064+0300: 1092.474: [GC (CMS Initial Mark) [1 CMS-initial-mark: 405844K(477888K)] 454557K(692928K), 0.0008355 secs] [Times: user=0.00 sys=0.00, real=0.00 secs] 
2024-10-07T22:44:39.064+0300: 1092.474: Total time for which application threads were stopped: 0.0160909 seconds, Stopping threads took: 0.0151486 seconds
2024-10-07T22:44:39.064+0300: 1092.475: [CMS-concurrent-mark-start]
2024-10-07T22:44:39.064+0300: 1092.479: [CMS-concurrent-mark: 0.005/0.005 secs] [Times: user=0.00 sys=0.00, real=0.00 secs] 
2024-10-07T22:44:39.064+0300: 1092.479: [CMS-concurrent-preclean-start]
2024-10-07T22:44:39.064+0300: 1092.480: [CMS-concurrent-preclean: 0.001/0.001 secs] [Times: user=0.00 sys=0.00, real=0.00 secs] 
2024-10-07T22:44:39.064+0300: 1092.480: [CMS-concurrent-abortable-preclean-start]
2024-10-07T22:44:39.095+0300: 1092.508: Application time: 0.0335643 seconds
2024-10-07T22:44:39.127+0300: 1092.536: [GC (Allocation Failure) 2024-10-07T22:44:39.127+0300: 1092.537: [ParNew: 215019K->215019K(215040K), 0.0000403 secs]2024-10-07T22:44:39.127+0300: 1092.537: [CMS2024-10-07T22:44:39.127+0300: 1092.537: [CMS-concurrent-abortable-preclean: 0.002/0.056 secs] [Times: user=0.12 sys=0.00, real=0.06 secs] 
 (concurrent mode failure): 405844K->225385K(477888K), 0.0486261 secs] 620863K->225385K(692928K), [Metaspace: 7266K->7266K(1056768K)], 0.0488450 secs] [Times: user=0.05 sys=0.00, real=0.05 secs] 
2024-10-07T22:44:39.174+0300: 1092.585: Total time for which application threads were stopped: 0.0773377 seconds, Stopping threads took: 0.0283248 seconds
2024-10-07T22:44:41.184+0300: 1094.594: Application time: 2.0086236 seconds
2024-10-07T22:44:53.960+0300: 1107.369: [GC (CMS Initial Mark) [1 CMS-initial-mark: 225385K(477888K)] 397527K(692928K), 0.0008591 secs] [Times: user=0.00 sys=0.00, real=0.00 secs] 
2024-10-07T22:44:53.960+0300: 1107.370: Total time for which application threads were stopped: 12.7763634 seconds, Stopping threads took: 12.7753846 seconds
2024-10-07T22:44:53.960+0300: 1107.370: [CMS-concurrent-mark-start]
2024-10-07T22:44:53.960+0300: 1107.376: [CMS-concurrent-mark: 0.005/0.005 secs] [Times: user=0.00 sys=0.00, real=0.00 secs] 
2024-10-07T22:44:53.960+0300: 1107.376: [CMS-concurrent-preclean-start]
2024-10-07T22:44:53.960+0300: 1107.377: [CMS-concurrent-preclean: 0.001/0.001 secs] [Times: user=0.00 sys=0.00, real=0.00 secs] 
2024-10-07T22:44:53.960+0300: 1107.377: [CMS-concurrent-abortable-preclean-start]
 CMS: abort preclean due to time 2024-10-07T22:44:59.021+0300: 1112.432: [CMS-concurrent-abortable-preclean: 0.052/5.055 secs] [Times: user=29.47 sys=0.09, real=5.06 secs] 
2024-10-07T22:44:59.021+0300: 1112.432: Application time: 5.0620198 seconds
2024-10-07T22:45:09.012+0300: 1122.421: [GC (CMS Final Remark) [YG occupancy: 172142 K (215040 K)]2024-10-07T22:45:09.012+0300: 1122.421: [Rescan (parallel) , 0.0007972 secs]2024-10-07T22:45:09.012+0300: 1122.422: [weak refs processing, 0.0000245 secs]2024-10-07T22:45:09.012+0300: 1122.422: [class unloading, 0.0011058 secs]2024-10-07T22:45:09.012+0300: 1122.423: [scrub symbol table, 0.0005634 secs]2024-10-07T22:45:09.012+0300: 1122.424: [scrub string table, 0.0001394 secs][1 CMS-remark: 225385K(477888K)] 397527K(692928K), 0.0027648 secs] [Times: user=0.00 sys=0.00, real=0.00 secs] 
2024-10-07T22:45:09.012+0300: 1122.424: Total time for which application threads were stopped: 9.9917504 seconds, Stopping threads took: 9.9889086 seconds
2024-10-07T22:45:09.012+0300: 1122.424: [CMS-concurrent-sweep-start]
2024-10-07T22:45:09.012+0300: 1122.427: [CMS-concurrent-sweep: 0.003/0.003 secs] [Times: user=0.00 sys=0.00, real=0.00 secs] 
2024-10-07T22:45:09.012+0300: 1122.427: [CMS-concurrent-reset-start]
2024-10-07T22:45:09.012+0300: 1122.429: [CMS-concurrent-reset: 0.001/0.001 secs] [Times: user=0.00 sys=0.00, real=0.00 secs] 
2024-10-07T22:45:09.028+0300: 1122.445: Application time: 0.0211153 seconds
2024-10-07T22:45:09.043+0300: 1122.453: [GC (Allocation Failure) 2024-10-07T22:45:09.043+0300: 1122.453: [ParNew: 191168K->23865K(215040K), 0.0163067 secs] 416553K->316512K(692928K), 0.0163834 secs] [Times: user=0.02 sys=0.00, real=0.02 secs] 
2024-10-07T22:45:09.059+0300: 1122.469: Total time for which application threads were stopped: 0.0241521 seconds, Stopping threads took: 0.0076731 seconds
2024-10-07T22:45:09.059+0300: 1122.469: Application time: 0.0000579 seconds
2024-10-07T22:45:09.059+0300: 1122.473: [GC (CMS Initial Mark) [1 CMS-initial-mark: 292647K(477888K)] 346543K(692928K), 0.0005099 secs] [Times: user=0.00 sys=0.00, real=0.00 secs] 
2024-10-07T22:45:09.059+0300: 1122.474: Total time for which application threads were stopped: 0.0040254 seconds, Stopping threads took: 0.0034089 seconds
2024-10-07T22:45:09.059+0300: 1122.474: [CMS-concurrent-mark-start]
2024-10-07T22:45:09.059+0300: 1122.477: [CMS-concurrent-mark: 0.003/0.003 secs] [Times: user=0.00 sys=0.00, real=0.00 secs] 
2024-10-07T22:45:09.059+0300: 1122.477: [CMS-concurrent-preclean-start]
2024-10-07T22:45:09.059+0300: 1122.478: [CMS-concurrent-preclean: 0.001/0.001 secs] [Times: user=0.00 sys=0.00, real=0.00 secs] 
2024-10-07T22:45:09.059+0300: 1122.478: [CMS-concurrent-abortable-preclean-start]
2024-10-07T22:45:09.090+0300: 1122.500: Application time: 0.0268744 seconds
2024-10-07T22:45:09.122+0300: 1122.531: [GC (Allocation Failure) 2024-10-07T22:45:09.122+0300: 1122.531: [ParNew: 215033K->23869K(215040K), 0.0365316 secs] 507680K->501183K(692928K), 0.0366153 secs] [Times: user=0.02 sys=0.00, real=0.03 secs] 
2024-10-07T22:45:09.153+0300: 1122.568: Total time for which application threads were stopped: 0.0674849 seconds, Stopping threads took: 0.0307675 seconds
2024-10-07T22:45:09.153+0300: 1122.568: [CMS-concurrent-abortable-preclean: 0.002/0.090 secs] [Times: user=0.05 sys=0.00, real=0.09 secs] 
2024-10-07T22:45:09.153+0300: 1122.570: Application time: 0.0023845 seconds
2024-10-07T22:45:09.169+0300: 1122.588: [GC (CMS Final Remark) [YG occupancy: 212667 K (215040 K)]2024-10-07T22:45:09.169+0300: 1122.588: [Rescan (parallel) , 0.0013203 secs]2024-10-07T22:45:09.169+0300: 1122.589: [weak refs processing, 0.0000143 secs]2024-10-07T22:45:09.169+0300: 1122.589: [class unloading, 0.0007788 secs]2024-10-07T22:45:09.169+0300: 1122.590: [scrub symbol table, 0.0005177 secs]2024-10-07T22:45:09.169+0300: 1122.591: [scrub string table, 0.0001382 secs][1 CMS-remark: 477314K(477888K)] 689981K(692928K), 0.0028914 secs] [Times: user=0.00 sys=0.00, real=0.00 secs] 
2024-10-07T22:45:09.169+0300: 1122.591: Total time for which application threads were stopped: 0.0203964 seconds, Stopping threads took: 0.0174408 seconds
2024-10-07T22:45:09.169+0300: 1122.591: [CMS-concurrent-sweep-start]
2024-10-07T22:45:09.185+0300: 1122.603: [CMS-concurrent-sweep: 0.012/0.012 secs] [Times: user=0.02 sys=0.00, real=0.02 secs] 
2024-10-07T22:45:09.185+0300: 1122.603: [CMS-concurrent-reset-start]
2024-10-07T22:45:09.185+0300: 1122.606: [CMS-concurrent-reset: 0.003/0.003 secs] [Times: user=0.00 sys=0.00, real=0.00 secs] 
2024-10-07T22:45:11.210+0300: 1124.620: Application time: 2.0293622 seconds
2024-10-07T22:45:23.972+0300: 1137.381: [GC (CMS Initial Mark) [1 CMS-initial-mark: 232961K(477888K)] 445628K(692928K), 0.0009659 secs] [Times: user=0.00 sys=0.00, real=0.00 secs] 
2024-10-07T22:45:23.972+0300: 1137.382: Total time for which application threads were stopped: 12.7624050 seconds, Stopping threads took: 12.7613079 seconds
2024-10-07T22:45:23.972+0300: 1137.383: [CMS-concurrent-mark-start]
2024-10-07T22:45:23.972+0300: 1137.387: [CMS-concurrent-mark: 0.005/0.005 secs] [Times: user=0.00 sys=0.00, real=0.00 secs] 
2024-10-07T22:45:23.972+0300: 1137.387: [CMS-concurrent-preclean-start]
2024-10-07T22:45:23.972+0300: 1137.388: [CMS-concurrent-preclean: 0.001/0.001 secs] [Times: user=0.02 sys=0.00, real=0.00 secs] 
2024-10-07T22:45:23.972+0300: 1137.388: [CMS-concurrent-abortable-preclean-start]
 CMS: abort preclean due to time 2024-10-07T22:45:29.035+0300: 1142.447: [CMS-concurrent-abortable-preclean: 0.096/5.059 secs] [Times: user=29.39 sys=0.12, real=5.06 secs] 
2024-10-07T22:45:29.035+0300: 1142.447: Application time: 5.0648953 seconds
2024-10-07T22:45:39.015+0300: 1152.425: [GC (CMS Final Remark) [YG occupancy: 212667 K (215040 K)]2024-10-07T22:45:39.015+0300: 1152.425: [Rescan (parallel) , 0.0014994 secs]2024-10-07T22:45:39.015+0300: 1152.426: [weak refs processing, 0.0000169 secs]2024-10-07T22:45:39.015+0300: 1152.426: [class unloading, 0.0013439 secs]2024-10-07T22:45:39.015+0300: 1152.428: [scrub symbol table, 0.0009168 secs]2024-10-07T22:45:39.015+0300: 1152.429: [scrub string table, 0.0003214 secs][1 CMS-remark: 232961K(477888K)] 445628K(692928K), 0.0042565 secs] [Times: user=0.00 sys=0.00, real=0.00 secs] 
2024-10-07T22:45:39.015+0300: 1152.429: Total time for which application threads were stopped: 9.9817870 seconds, Stopping threads took: 9.9774205 seconds
2024-10-07T22:45:39.015+0300: 1152.429: [CMS-concurrent-sweep-start]
2024-10-07T22:45:39.015+0300: 1152.434: [CMS-concurrent-sweep: 0.004/0.004 secs] [Times: user=0.00 sys=0.00, real=0.00 secs] 
2024-10-07T22:45:39.015+0300: 1152.434: [CMS-concurrent-reset-start]
2024-10-07T22:45:39.015+0300: 1152.435: [CMS-concurrent-reset: 0.001/0.001 secs] [Times: user=0.00 sys=0.00, real=0.00 secs] 
2024-10-07T22:45:39.037+0300: 1152.450: Application time: 0.0209489 seconds
2024-10-07T22:45:39.047+0300: 1152.457: [GC (Allocation Failure) 2024-10-07T22:45:39.047+0300: 1152.457: [ParNew: 215037K->23865K(215040K), 0.0138754 secs] 400615K->265238K(692928K), 0.0139721 secs] [Times: user=0.00 sys=0.00, real=0.00 secs] 
2024-10-07T22:45:39.047+0300: 1152.471: Total time for which application threads were stopped: 0.0206469 seconds, Stopping threads took: 0.0065537 seconds
2024-10-07T22:45:39.047+0300: 1152.471: Application time: 0.0000652 seconds
2024-10-07T22:45:39.063+0300: 1152.474: [GC (CMS Initial Mark) [1 CMS-initial-mark: 241373K(477888K)] 299133K(692928K), 0.0005917 secs] [Times: user=0.00 sys=0.00, real=0.00 secs] 
2024-10-07T22:45:39.063+0300: 1152.475: Total time for which application threads were stopped: 0.0042978 seconds, Stopping threads took: 0.0036255 seconds
2024-10-07T22:45:39.063+0300: 1152.475: [CMS-concurrent-mark-start]
2024-10-07T22:45:39.063+0300: 1152.478: [CMS-concurrent-mark: 0.003/0.003 secs] [Times: user=0.00 sys=0.00, real=0.00 secs] 
2024-10-07T22:45:39.063+0300: 1152.478: [CMS-concurrent-preclean-start]
2024-10-07T22:45:39.063+0300: 1152.479: [CMS-concurrent-preclean: 0.001/0.001 secs] [Times: user=0.00 sys=0.00, real=0.00 secs] 
2024-10-07T22:45:39.063+0300: 1152.479: [CMS-concurrent-abortable-preclean-start]
2024-10-07T22:45:39.094+0300: 1152.506: Application time: 0.0311595 seconds
2024-10-07T22:45:39.109+0300: 1152.519: [GC (Allocation Failure) 2024-10-07T22:45:39.109+0300: 1152.519: [ParNew: 215033K->23861K(215040K), 0.0336490 secs] 456406K->440223K(692928K), 0.0337831 secs] [Times: user=0.02 sys=0.00, real=0.03 secs] 
2024-10-07T22:45:39.141+0300: 1152.553: Total time for which application threads were stopped: 0.0466414 seconds, Stopping threads took: 0.0126982 seconds
2024-10-07T22:45:39.141+0300: 1152.563: [CMS-concurrent-abortable-preclean: 0.011/0.084 secs] [Times: user=0.08 sys=0.00, real=0.08 secs] 
2024-10-07T22:45:39.141+0300: 1152.564: Application time: 0.0108426 seconds
2024-10-07T22:45:39.172+0300: 1152.582: [GC (CMS Final Remark) [YG occupancy: 163391 K (215040 K)]2024-10-07T22:45:39.172+0300: 1152.582: [Rescan (parallel) , 0.0010299 secs]2024-10-07T22:45:39.172+0300: 1152.583: [weak refs processing, 0.0000213 secs]2024-10-07T22:45:39.172+0300: 1152.583: [class unloading, 0.0009612 secs]2024-10-07T22:45:39.172+0300: 1152.584: [scrub symbol table, 0.0005065 secs]2024-10-07T22:45:39.172+0300: 1152.585: [scrub string table, 0.0001371 secs][1 CMS-remark: 416362K(477888K)] 579753K(692928K), 0.0027943 secs] [Times: user=0.00 sys=0.00, real=0.00 secs] 
2024-10-07T22:45:39.172+0300: 1152.585: Total time for which application threads were stopped: 0.0210931 seconds, Stopping threads took: 0.0182004 seconds
2024-10-07T22:45:39.172+0300: 1152.585: [CMS-concurrent-sweep-start]
2024-10-07T22:45:39.172+0300: 1152.597: [CMS-concurrent-sweep: 0.012/0.012 secs] [Times: user=0.00 sys=0.00, real=0.00 secs] 
2024-10-07T22:45:39.172+0300: 1152.597: [CMS-concurrent-reset-start]
2024-10-07T22:45:39.188+0300: 1152.600: [CMS-concurrent-reset: 0.003/0.003 secs] [Times: user=0.01 sys=0.00, real=0.02 secs] 
2024-10-07T22:45:41.200+0300: 1154.610: Application time: 2.0248730 seconds
2024-10-07T22:45:50.791+0300: 1164.200: [GC (CMS Initial Mark) [1 CMS-initial-mark: 196137K(477888K)] 359528K(692928K), 0.0007084 secs] [Times: user=0.00 sys=0.00, real=0.00 secs] 
2024-10-07T22:45:50.791+0300: 1164.201: Total time for which application threads were stopped: 9.5914666 seconds, Stopping threads took: 9.5906423 seconds
2024-10-07T22:45:50.791+0300: 1164.201: [CMS-concurrent-mark-start]
2024-10-07T22:45:50.791+0300: 1164.207: [CMS-concurrent-mark: 0.005/0.005 secs] [Times: user=0.00 sys=0.00, real=0.00 secs] 
2024-10-07T22:45:50.791+0300: 1164.207: [CMS-concurrent-preclean-start]
2024-10-07T22:45:50.791+0300: 1164.208: [CMS-concurrent-preclean: 0.001/0.001 secs] [Times: user=0.00 sys=0.00, real=0.00 secs] 
2024-10-07T22:45:50.791+0300: 1164.208: [CMS-concurrent-abortable-preclean-start]
 CMS: abort preclean due to time 2024-10-07T22:45:55.853+0300: 1169.265: [CMS-concurrent-abortable-preclean: 0.092/5.057 secs] [Times: user=22.97 sys=0.11, real=5.06 secs] 
2024-10-07T22:45:55.853+0300: 1169.265: Application time: 5.0638898 seconds
2024-10-07T22:46:02.425+0300: 1175.835: [GC (CMS Final Remark) [YG occupancy: 163391 K (215040 K)]2024-10-07T22:46:02.425+0300: 1175.835: [Rescan (parallel) , 0.0009938 secs]2024-10-07T22:46:02.425+0300: 1175.836: [weak refs processing, 0.0000249 secs]2024-10-07T22:46:02.425+0300: 1175.836: [class unloading, 0.0007874 secs]2024-10-07T22:46:02.425+0300: 1175.836: [scrub symbol table, 0.0005109 secs]2024-10-07T22:46:02.425+0300: 1175.837: [scrub string table, 0.0001395 secs][1 CMS-remark: 196137K(477888K)] 359528K(692928K), 0.0026214 secs] [Times: user=0.00 sys=0.00, real=0.00 secs] 
2024-10-07T22:46:02.425+0300: 1175.837: Total time for which application threads were stopped: 6.5720863 seconds, Stopping threads took: 6.5693710 seconds
2024-10-07T22:46:02.425+0300: 1175.837: [CMS-concurrent-sweep-start]
2024-10-07T22:46:02.425+0300: 1175.842: [CMS-concurrent-sweep: 0.004/0.004 secs] [Times: user=0.00 sys=0.00, real=0.00 secs] 
2024-10-07T22:46:02.425+0300: 1175.842: [CMS-concurrent-reset-start]
2024-10-07T22:46:02.425+0300: 1175.843: [CMS-concurrent-reset: 0.002/0.002 secs] [Times: user=0.00 sys=0.00, real=0.00 secs] 
2024-10-07T22:46:02.440+0300: 1175.858: Application time: 0.0211784 seconds
2024-10-07T22:46:02.440+0300: 1175.859: Total time for which application threads were stopped: 0.0003273 seconds, Stopping threads took: 0.0003079 seconds
2024-10-07T22:46:02.440+0300: 1175.864: Application time: 0.0053892 seconds
2024-10-07T22:46:02.440+0300: 1175.864: [GC (Allocation Failure) 2024-10-07T22:46:02.440+0300: 1175.864: [ParNew: 215029K->23870K(215040K), 0.0114305 secs] 383626K->229256K(692928K), 0.0115270 secs] [Times: user=0.02 sys=0.00, real=0.02 secs] 
2024-10-07T22:46:02.456+0300: 1175.876: Total time for which application threads were stopped: 0.0117920 seconds, Stopping threads took: 0.0001377 seconds
2024-10-07T22:46:02.456+0300: 1175.876: Application time: 0.0000478 seconds
2024-10-07T22:46:02.456+0300: 1175.879: [GC (CMS Initial Mark) [1 CMS-initial-mark: 205386K(477888K)] 251864K(692928K), 0.0004891 secs] [Times: user=0.00 sys=0.00, real=0.00 secs] 
2024-10-07T22:46:02.456+0300: 1175.879: Total time for which application threads were stopped: 0.0031710 seconds, Stopping threads took: 0.0025962 seconds
2024-10-07T22:46:02.456+0300: 1175.879: [CMS-concurrent-mark-start]
2024-10-07T22:46:02.472+0300: 1175.883: [CMS-concurrent-mark: 0.003/0.003 secs] [Times: user=0.02 sys=0.00, real=0.02 secs] 
2024-10-07T22:46:02.472+0300: 1175.883: [CMS-concurrent-preclean-start]
2024-10-07T22:46:02.472+0300: 1175.884: [CMS-concurrent-preclean: 0.001/0.001 secs] [Times: user=0.00 sys=0.00, real=0.00 secs] 
2024-10-07T22:46:02.472+0300: 1175.884: [CMS-concurrent-abortable-preclean-start]
2024-10-07T22:46:02.503+0300: 1175.918: Application time: 0.0393660 seconds
2024-10-07T22:46:02.519+0300: 1175.929: [GC (Allocation Failure) 2024-10-07T22:46:02.519+0300: 1175.929: [ParNew: 215022K->23863K(215040K), 0.0355923 secs] 420409K->419055K(692928K), 0.0357286 secs] [Times: user=0.03 sys=0.00, real=0.03 secs] 
2024-10-07T22:46:02.550+0300: 1175.964: Total time for which application threads were stopped: 0.0458053 seconds, Stopping threads took: 0.0099215 seconds
2024-10-07T22:46:02.566+0300: 1175.977: [CMS-concurrent-abortable-preclean: 0.013/0.093 secs] [Times: user=0.20 sys=0.00, real=0.09 secs] 
2024-10-07T22:46:02.597+0300: 1176.007: Application time: 0.0427236 seconds
2024-10-07T22:46:05.659+0300: 1179.070: [GC (CMS Final Remark) [YG occupancy: 179913 K (215040 K)]2024-10-07T22:46:05.659+0300: 1179.070: [Rescan (parallel) , 0.0009322 secs]2024-10-07T22:46:05.659+0300: 1179.071: [weak refs processing, 0.0000257 secs]2024-10-07T22:46:05.659+0300: 1179.071: [class unloading, 0.0008970 secs]2024-10-07T22:46:05.659+0300: 1179.071: [scrub symbol table, 0.0005072 secs]2024-10-07T22:46:05.659+0300: 1179.072: [scrub string table, 0.0001385 secs][1 CMS-remark: 395192K(477888K)] 575105K(692928K), 0.0026439 secs] [Times: user=0.00 sys=0.00, real=0.00 secs] 
2024-10-07T22:46:05.659+0300: 1179.072: Total time for which application threads were stopped: 3.0651490 seconds, Stopping threads took: 3.0623983 seconds
2024-10-07T22:46:05.659+0300: 1179.072: [CMS-concurrent-sweep-start]
2024-10-07T22:46:05.659+0300: 1179.083: [CMS-concurrent-sweep: 0.010/0.010 secs] [Times: user=0.00 sys=0.00, real=0.00 secs] 
2024-10-07T22:46:05.659+0300: 1179.083: [CMS-concurrent-reset-start]
2024-10-07T22:46:05.675+0300: 1179.087: [CMS-concurrent-reset: 0.004/0.004 secs] [Times: user=0.02 sys=0.00, real=0.02 secs] 
2024-10-07T22:46:07.687+0300: 1181.097: Application time: 2.0246709 seconds
2024-10-07T22:46:20.668+0300: 1194.078: [GC (CMS Initial Mark) [1 CMS-initial-mark: 216769K(477888K)] 396683K(692928K), 0.0011991 secs] [Times: user=0.00 sys=0.00, real=0.00 secs] 
2024-10-07T22:46:20.668+0300: 1194.079: Total time for which application threads were stopped: 12.9825944 seconds, Stopping threads took: 12.9812608 seconds
2024-10-07T22:46:20.668+0300: 1194.080: [CMS-concurrent-mark-start]
2024-10-07T22:46:20.668+0300: 1194.085: [CMS-concurrent-mark: 0.005/0.005 secs] [Times: user=0.00 sys=0.00, real=0.00 secs] 
2024-10-07T22:46:20.668+0300: 1194.085: [CMS-concurrent-preclean-start]
2024-10-07T22:46:20.668+0300: 1194.086: [CMS-concurrent-preclean: 0.001/0.001 secs] [Times: user=0.00 sys=0.00, real=0.00 secs] 
2024-10-07T22:46:20.668+0300: 1194.086: [CMS-concurrent-abortable-preclean-start]
2024-10-07T22:46:20.763+0300: 1194.179: Application time: 0.0995878 seconds
2024-10-07T22:46:32.381+0300: 1205.791: [GC (Allocation Failure) 2024-10-07T22:46:32.381+0300: 1205.791: [ParNew: 215017K->23861K(215040K), 0.0310776 secs] 431787K->397704K(692928K), 0.0312093 secs] [Times: user=0.02 sys=0.00, real=0.03 secs] 
2024-10-07T22:46:32.412+0300: 1205.822: Total time for which application threads were stopped: 11.6429086 seconds, Stopping threads took: 11.6115432 seconds
 CMS: abort preclean due to time 2024-10-07T22:46:32.417+0300: 1205.831: [CMS-concurrent-abortable-preclean: 0.010/11.745 secs] [Times: user=53.47 sys=0.41, real=11.75 secs] 
2024-10-07T22:46:32.417+0300: 1205.832: Application time: 0.0097476 seconds
2024-10-07T22:46:32.444+0300: 1205.854: [GC (CMS Final Remark) [YG occupancy: 57411 K (215040 K)]2024-10-07T22:46:32.444+0300: 1205.854: [Rescan (parallel) , 0.0009374 secs]2024-10-07T22:46:32.444+0300: 1205.855: [weak refs processing, 0.0000165 secs]2024-10-07T22:46:32.444+0300: 1205.855: [class unloading, 0.0013547 secs]2024-10-07T22:46:32.444+0300: 1205.856: [scrub symbol table, 0.0008904 secs]2024-10-07T22:46:32.444+0300: 1205.857: [scrub string table, 0.0002610 secs][1 CMS-remark: 373843K(477888K)] 431254K(692928K), 0.0035993 secs] [Times: user=0.00 sys=0.00, real=0.00 secs] 
2024-10-07T22:46:32.444+0300: 1205.858: Total time for which application threads were stopped: 0.0258385 seconds, Stopping threads took: 0.0221349 seconds
2024-10-07T22:46:32.444+0300: 1205.858: [CMS-concurrent-sweep-start]
2024-10-07T22:46:32.444+0300: 1205.865: [CMS-concurrent-sweep: 0.008/0.008 secs] [Times: user=0.00 sys=0.00, real=0.00 secs] 
2024-10-07T22:46:32.444+0300: 1205.866: [CMS-concurrent-reset-start]
2024-10-07T22:46:32.444+0300: 1205.868: [CMS-concurrent-reset: 0.002/0.002 secs] [Times: user=0.00 sys=0.00, real=0.00 secs] 
2024-10-07T22:46:32.491+0300: 1205.911: Application time: 0.0531557 seconds
2024-10-07T22:46:35.522+0300: 1208.932: [GC (Allocation Failure) 2024-10-07T22:46:35.522+0300: 1208.933: [ParNew: 215025K->215025K(215040K), 0.0000342 secs]2024-10-07T22:46:35.522+0300: 1208.933: [CMS: 373842K->225181K(477888K), 0.0470223 secs] 588868K->225181K(692928K), [Metaspace: 7287K->7287K(1056768K)], 0.0472145 secs] [Times: user=0.05 sys=0.00, real=0.05 secs] 
2024-10-07T22:46:35.570+0300: 1208.980: Total time for which application threads were stopped: 3.0689639 seconds, Stopping threads took: 3.0215472 seconds
2024-10-07T22:46:35.570+0300: 1208.980: Application time: 0.0002320 seconds
2024-10-07T22:46:35.570+0300: 1208.993: [GC (CMS Initial Mark) [1 CMS-initial-mark: 225181K(477888K)] 364885K(692928K), 0.0008110 secs] [Times: user=0.00 sys=0.00, real=0.00 secs] 
2024-10-07T22:46:35.570+0300: 1208.993: Total time for which application threads were stopped: 0.0135282 seconds, Stopping threads took: 0.0125838 seconds
2024-10-07T22:46:35.570+0300: 1208.993: [CMS-concurrent-mark-start]
2024-10-07T22:46:35.585+0300: 1209.000: [CMS-concurrent-mark: 0.006/0.006 secs] [Times: user=0.02 sys=0.00, real=0.02 secs] 
2024-10-07T22:46:35.585+0300: 1209.000: [CMS-concurrent-preclean-start]
2024-10-07T22:46:35.585+0300: 1209.001: [CMS-concurrent-preclean: 0.001/0.001 secs] [Times: user=0.00 sys=0.00, real=0.00 secs] 
2024-10-07T22:46:35.585+0300: 1209.001: [CMS-concurrent-abortable-preclean-start]
 CMS: abort preclean due to time 2024-10-07T22:46:40.649+0300: 1214.060: [CMS-concurrent-abortable-preclean: 0.050/5.059 secs] [Times: user=29.89 sys=0.05, real=5.06 secs] 
2024-10-07T22:46:40.649+0300: 1214.060: Application time: 5.0667928 seconds
2024-10-07T22:46:50.349+0300: 1223.759: [GC (CMS Final Remark) [YG occupancy: 172466 K (215040 K)]2024-10-07T22:46:50.349+0300: 1223.759: [Rescan (parallel) , 0.0010081 secs]2024-10-07T22:46:50.349+0300: 1223.760: [weak refs processing, 0.0000244 secs]2024-10-07T22:46:50.349+0300: 1223.760: [class unloading, 0.0008834 secs]2024-10-07T22:46:50.349+0300: 1223.761: [scrub symbol table, 0.0005076 secs]2024-10-07T22:46:50.349+0300: 1223.762: [scrub string table, 0.0001399 secs][1 CMS-remark: 225181K(477888K)] 397647K(692928K), 0.0027147 secs] [Times: user=0.00 sys=0.00, real=0.00 secs] 
2024-10-07T22:46:50.349+0300: 1223.762: Total time for which application threads were stopped: 9.7016642 seconds, Stopping threads took: 9.6988413 seconds
2024-10-07T22:46:50.349+0300: 1223.762: [CMS-concurrent-sweep-start]
2024-10-07T22:46:50.349+0300: 1223.768: [CMS-concurrent-sweep: 0.006/0.006 secs] [Times: user=0.00 sys=0.00, real=0.00 secs] 
2024-10-07T22:46:50.349+0300: 1223.768: [CMS-concurrent-reset-start]
2024-10-07T22:46:50.349+0300: 1223.771: [CMS-concurrent-reset: 0.003/0.003 secs] [Times: user=0.00 sys=0.00, real=0.00 secs] 
2024-10-07T22:46:50.413+0300: 1223.829: Application time: 0.0674357 seconds
2024-10-07T22:47:02.058+0300: 1235.468: [GC (Allocation Failure) 2024-10-07T22:47:02.058+0300: 1235.468: [ParNew: 191168K->23871K(215040K), 0.0320714 secs] 416349K->414078K(692928K), 0.0322007 secs] [Times: user=0.00 sys=0.00, real=0.03 secs] 
2024-10-07T22:47:02.089+0300: 1235.500: Total time for which application threads were stopped: 11.6704778 seconds, Stopping threads took: 11.6381111 seconds
2024-10-07T22:47:02.089+0300: 1235.500: Application time: 0.0000718 seconds
2024-10-07T22:47:02.105+0300: 1235.514: [GC (CMS Initial Mark) [1 CMS-initial-mark: 390206K(477888K)] 431460K(692928K), 0.0009706 secs] [Times: user=0.00 sys=0.00, real=0.00 secs] 
2024-10-07T22:47:02.105+0300: 1235.515: Total time for which application threads were stopped: 0.0155718 seconds, Stopping threads took: 0.0144805 seconds
2024-10-07T22:47:02.105+0300: 1235.516: [CMS-concurrent-mark-start]
2024-10-07T22:47:02.105+0300: 1235.520: [CMS-concurrent-mark: 0.005/0.005 secs] [Times: user=0.00 sys=0.00, real=0.00 secs] 
2024-10-07T22:47:02.105+0300: 1235.520: [CMS-concurrent-preclean-start]
2024-10-07T22:47:02.105+0300: 1235.521: [CMS-concurrent-preclean: 0.001/0.001 secs] [Times: user=0.00 sys=0.00, real=0.00 secs] 
2024-10-07T22:47:02.105+0300: 1235.521: [CMS-concurrent-abortable-preclean-start]
2024-10-07T22:47:02.137+0300: 1235.561: Application time: 0.0459367 seconds
2024-10-07T22:47:02.168+0300: 1235.578: [GC (Allocation Failure) 2024-10-07T22:47:02.168+0300: 1235.578: [ParNew: 215038K->215038K(215040K), 0.0000424 secs]2024-10-07T22:47:02.168+0300: 1235.578: [CMS2024-10-07T22:47:02.168+0300: 1235.578: [CMS-concurrent-abortable-preclean: 0.002/0.057 secs] [Times: user=0.20 sys=0.00, real=0.06 secs] 
 (concurrent mode failure): 390206K->208693K(477888K), 0.0441130 secs] 605244K->208693K(692928K), [Metaspace: 7298K->7298K(1056768K)], 0.0443365 secs] [Times: user=0.03 sys=0.00, real=0.03 secs] 
2024-10-07T22:47:02.200+0300: 1235.622: Total time for which application threads were stopped: 0.0609734 seconds, Stopping threads took: 0.0164383 seconds
2024-10-07T22:47:04.225+0300: 1237.635: Application time: 2.0128156 seconds
2024-10-07T22:47:16.970+0300: 1250.380: [GC (CMS Initial Mark) [1 CMS-initial-mark: 208693K(477888K)] 398373K(692928K), 0.0007209 secs] [Times: user=0.00 sys=0.00, real=0.00 secs] 
2024-10-07T22:47:16.970+0300: 1250.381: Total time for which application threads were stopped: 12.7453787 seconds, Stopping threads took: 12.7445507 seconds
2024-10-07T22:47:16.971+0300: 1250.381: [CMS-concurrent-mark-start]
2024-10-07T22:47:16.971+0300: 1250.386: [CMS-concurrent-mark: 0.005/0.005 secs] [Times: user=0.00 sys=0.00, real=0.00 secs] 
2024-10-07T22:47:16.971+0300: 1250.386: [CMS-concurrent-preclean-start]
2024-10-07T22:47:16.971+0300: 1250.387: [CMS-concurrent-preclean: 0.001/0.001 secs] [Times: user=0.00 sys=0.00, real=0.00 secs] 
2024-10-07T22:47:16.971+0300: 1250.387: [CMS-concurrent-abortable-preclean-start]
 CMS: abort preclean due to time 2024-10-07T22:47:22.031+0300: 1255.442: [CMS-concurrent-abortable-preclean: 0.051/5.055 secs] [Times: user=29.22 sys=0.08, real=5.06 secs] 
2024-10-07T22:47:22.031+0300: 1255.442: Application time: 5.0613845 seconds
2024-10-07T22:47:31.976+0300: 1265.386: [GC (CMS Final Remark) [YG occupancy: 189679 K (215040 K)]2024-10-07T22:47:31.976+0300: 1265.386: [Rescan (parallel) , 0.0011052 secs]2024-10-07T22:47:31.976+0300: 1265.387: [weak refs processing, 0.0000183 secs]2024-10-07T22:47:31.976+0300: 1265.387: [class unloading, 0.0008615 secs]2024-10-07T22:47:31.976+0300: 1265.388: [scrub symbol table, 0.0005054 secs]2024-10-07T22:47:31.976+0300: 1265.389: [scrub string table, 0.0001367 secs][1 CMS-remark: 208693K(477888K)] 398373K(692928K), 0.0027621 secs] [Times: user=0.00 sys=0.00, real=0.00 secs] 
2024-10-07T22:47:31.976+0300: 1265.389: Total time for which application threads were stopped: 9.9469002 seconds, Stopping threads took: 9.9440480 seconds
2024-10-07T22:47:31.976+0300: 1265.389: [CMS-concurrent-sweep-start]
2024-10-07T22:47:31.976+0300: 1265.392: [CMS-concurrent-sweep: 0.003/0.003 secs] [Times: user=0.00 sys=0.00, real=0.00 secs] 
2024-10-07T22:47:31.976+0300: 1265.392: [CMS-concurrent-reset-start]
2024-10-07T22:47:31.976+0300: 1265.394: [CMS-concurrent-reset: 0.001/0.001 secs] [Times: user=0.00 sys=0.00, real=0.00 secs] 
2024-10-07T22:47:31.992+0300: 1265.409: Application time: 0.0198561 seconds
2024-10-07T22:47:32.008+0300: 1265.417: [GC (Allocation Failure) 2024-10-07T22:47:32.008+0300: 1265.417: [ParNew: 191168K->23857K(215040K), 0.0160998 secs] 399861K->298291K(692928K), 0.0162236 secs] [Times: user=0.01 sys=0.00, real=0.02 secs] 
2024-10-07T22:47:32.024+0300: 1265.434: Total time for which application threads were stopped: 0.0248719 seconds, Stopping threads took: 0.0084758 seconds
2024-10-07T22:47:32.024+0300: 1265.434: Application time: 0.0000690 seconds
2024-10-07T22:47:32.024+0300: 1265.438: [GC (CMS Initial Mark) [1 CMS-initial-mark: 274434K(477888K)] 332970K(692928K), 0.0005112 secs] [Times: user=0.00 sys=0.00, real=0.00 secs] 
2024-10-07T22:47:32.024+0300: 1265.438: Total time for which application threads were stopped: 0.0044807 seconds, Stopping threads took: 0.0038570 seconds
2024-10-07T22:47:32.024+0300: 1265.438: [CMS-concurrent-mark-start]
2024-10-07T22:47:32.024+0300: 1265.441: [CMS-concurrent-mark: 0.003/0.003 secs] [Times: user=0.00 sys=0.00, real=0.00 secs] 
2024-10-07T22:47:32.024+0300: 1265.441: [CMS-concurrent-preclean-start]
2024-10-07T22:47:32.024+0300: 1265.442: [CMS-concurrent-preclean: 0.001/0.001 secs] [Times: user=0.00 sys=0.00, real=0.00 secs] 
2024-10-07T22:47:32.024+0300: 1265.443: [CMS-concurrent-abortable-preclean-start]
2024-10-07T22:47:32.039+0300: 1265.462: Application time: 0.0240922 seconds
2024-10-07T22:47:32.071+0300: 1265.480: [GC (Allocation Failure) 2024-10-07T22:47:32.071+0300: 1265.480: [ParNew: 215024K->23871K(215040K), 0.0344179 secs] 489458K->481978K(692928K), 0.0345666 secs] [Times: user=0.03 sys=0.00, real=0.03 secs] 
2024-10-07T22:47:32.102+0300: 1265.515: Total time for which application threads were stopped: 0.0526354 seconds, Stopping threads took: 0.0178986 seconds
2024-10-07T22:47:32.102+0300: 1265.515: [CMS-concurrent-abortable-preclean: 0.002/0.072 secs] [Times: user=0.09 sys=0.00, real=0.08 secs] 
2024-10-07T22:47:32.102+0300: 1265.515: Application time: 0.0002309 seconds
2024-10-07T22:47:32.117+0300: 1265.527: [GC (CMS Final Remark) [YG occupancy: 158028 K (215040 K)]2024-10-07T22:47:32.117+0300: 1265.527: [Rescan (parallel) , 0.0012537 secs]2024-10-07T22:47:32.117+0300: 1265.529: [weak refs processing, 0.0000129 secs]2024-10-07T22:47:32.117+0300: 1265.529: [class unloading, 0.0008684 secs]2024-10-07T22:47:32.117+0300: 1265.530: [scrub symbol table, 0.0005036 secs]2024-10-07T22:47:32.117+0300: 1265.530: [scrub string table, 0.0001390 secs][1 CMS-remark: 458106K(477888K)] 616134K(692928K), 0.0028893 secs] [Times: user=0.00 sys=0.00, real=0.00 secs] 
2024-10-07T22:47:32.117+0300: 1265.530: Total time for which application threads were stopped: 0.0151586 seconds, Stopping threads took: 0.0121649 seconds
2024-10-07T22:47:32.117+0300: 1265.530: [CMS-concurrent-sweep-start]
2024-10-07T22:47:32.123+0300: 1265.543: [CMS-concurrent-sweep: 0.012/0.012 secs] [Times: user=0.02 sys=0.00, real=0.01 secs] 
2024-10-07T22:47:32.123+0300: 1265.543: [CMS-concurrent-reset-start]
2024-10-07T22:47:32.134+0300: 1265.546: [CMS-concurrent-reset: 0.003/0.003 secs] [Times: user=0.00 sys=0.00, real=0.01 secs] 
2024-10-07T22:47:32.165+0300: 1265.580: Application time: 0.0497366 seconds
2024-10-07T22:47:40.967+0300: 1274.377: [GC (Allocation Failure) 2024-10-07T22:47:40.967+0300: 1274.377: [ParNew: 215039K->23869K(215040K), 0.0356480 secs] 427888K->424644K(692928K), 0.0357553 secs] [Times: user=0.03 sys=0.00, real=0.03 secs] 
2024-10-07T22:47:40.998+0300: 1274.413: Total time for which application threads were stopped: 8.8325560 seconds, Stopping threads took: 8.7966582 seconds
2024-10-07T22:47:40.998+0300: 1274.413: Application time: 0.0000574 seconds
2024-10-07T22:47:44.205+0300: 1277.615: [GC (CMS Initial Mark) [1 CMS-initial-mark: 400775K(477888K)] 440689K(692928K), 0.0006278 secs] [Times: user=0.00 sys=0.00, real=0.00 secs] 
2024-10-07T22:47:44.205+0300: 1277.615: Total time for which application threads were stopped: 3.2027115 seconds, Stopping threads took: 3.2019756 seconds
2024-10-07T22:47:44.205+0300: 1277.615: [CMS-concurrent-mark-start]
2024-10-07T22:47:44.205+0300: 1277.623: [CMS-concurrent-mark: 0.007/0.007 secs] [Times: user=0.00 sys=0.00, real=0.00 secs] 
2024-10-07T22:47:44.205+0300: 1277.623: [CMS-concurrent-preclean-start]
2024-10-07T22:47:44.205+0300: 1277.624: [CMS-concurrent-preclean: 0.001/0.001 secs] [Times: user=0.00 sys=0.00, real=0.00 secs] 
2024-10-07T22:47:44.205+0300: 1277.624: [CMS-concurrent-abortable-preclean-start]
 CMS: abort preclean due to time 2024-10-07T22:47:49.266+0300: 1282.678: [CMS-concurrent-abortable-preclean: 0.108/5.053 secs] [Times: user=29.41 sys=0.05, real=5.06 secs] 
2024-10-07T22:47:49.266+0300: 1282.678: Application time: 5.0626815 seconds
2024-10-07T22:47:59.249+0300: 1292.658: [GC (CMS Final Remark) [YG occupancy: 39914 K (215040 K)]2024-10-07T22:47:59.249+0300: 1292.658: [Rescan (parallel) , 0.0009692 secs]2024-10-07T22:47:59.249+0300: 1292.659: [weak refs processing, 0.0000296 secs]2024-10-07T22:47:59.249+0300: 1292.660: [class unloading, 0.0012485 secs]2024-10-07T22:47:59.249+0300: 1292.661: [scrub symbol table, 0.0004769 secs]2024-10-07T22:47:59.249+0300: 1292.661: [scrub string table, 0.0001416 secs][1 CMS-remark: 400775K(477888K)] 440689K(692928K), 0.0030180 secs] [Times: user=0.00 sys=0.00, real=0.00 secs] 
2024-10-07T22:47:59.249+0300: 1292.661: Total time for which application threads were stopped: 9.9833436 seconds, Stopping threads took: 9.9802223 seconds
2024-10-07T22:47:59.249+0300: 1292.662: [CMS-concurrent-sweep-start]
2024-10-07T22:47:59.249+0300: 1292.670: [CMS-concurrent-sweep: 0.009/0.009 secs] [Times: user=0.00 sys=0.00, real=0.00 secs] 
2024-10-07T22:47:59.249+0300: 1292.670: [CMS-concurrent-reset-start]
2024-10-07T22:47:59.249+0300: 1292.672: [CMS-concurrent-reset: 0.002/0.002 secs] [Times: user=0.00 sys=0.00, real=0.00 secs] 
2024-10-07T22:47:59.312+0300: 1292.731: Application time: 0.0698683 seconds
2024-10-07T22:48:02.516+0300: 1295.926: [GC (Allocation Failure) 2024-10-07T22:48:02.516+0300: 1295.926: [ParNew: 215037K->215037K(215040K), 0.0000294 secs]2024-10-07T22:48:02.516+0300: 1295.926: [CMS: 355986K->240149K(477888K), 0.0492245 secs] 571023K->240149K(692928K), [Metaspace: 7302K->7302K(1056768K)], 0.0493872 secs] [Times: user=0.05 sys=0.00, real=0.05 secs] 
2024-10-07T22:48:02.563+0300: 1295.975: Total time for which application threads were stopped: 3.2436675 seconds, Stopping threads took: 3.1941134 seconds
2024-10-07T22:48:02.563+0300: 1295.975: Application time: 0.0003366 seconds
2024-10-07T22:48:02.579+0300: 1295.989: [GC (CMS Initial Mark) [1 CMS-initial-mark: 240149K(477888K)] 332496K(692928K), 0.0008739 secs] [Times: user=0.00 sys=0.00, real=0.00 secs] 
2024-10-07T22:48:02.579+0300: 1295.989: Total time for which application threads were stopped: 0.0141071 seconds, Stopping threads took: 0.0131123 seconds
2024-10-07T22:48:02.579+0300: 1295.990: [CMS-concurrent-mark-start]
2024-10-07T22:48:02.579+0300: 1295.996: [CMS-concurrent-mark: 0.006/0.006 secs] [Times: user=0.00 sys=0.00, real=0.00 secs] 
2024-10-07T22:48:02.579+0300: 1295.996: [CMS-concurrent-preclean-start]
2024-10-07T22:48:02.579+0300: 1295.997: [CMS-concurrent-preclean: 0.001/0.001 secs] [Times: user=0.00 sys=0.00, real=0.00 secs] 
2024-10-07T22:48:02.579+0300: 1295.997: [CMS-concurrent-abortable-preclean-start]
2024-10-07T22:48:02.626+0300: 1296.044: Application time: 0.0546471 seconds
2024-10-07T22:48:11.408+0300: 1304.818: [GC (Allocation Failure) 2024-10-07T22:48:11.408+0300: 1304.819: [ParNew: 191164K->23871K(215040K), 0.0312695 secs] 431313K->427724K(692928K), 0.0314087 secs] [Times: user=0.02 sys=0.00, real=0.03 secs] 
2024-10-07T22:48:11.439+0300: 1304.850: Total time for which application threads were stopped: 8.8057827 seconds, Stopping threads took: 8.7742031 seconds
 CMS: abort preclean due to time 2024-10-07T22:48:11.448+0300: 1304.859: [CMS-concurrent-abortable-preclean: 0.009/8.862 secs] [Times: user=29.39 sys=0.47, real=8.87 secs] 
2024-10-07T22:48:11.448+0300: 1304.859: Application time: 0.0095225 seconds
2024-10-07T22:48:14.615+0300: 1308.025: [GC (CMS Final Remark) [YG occupancy: 24653 K (215040 K)]2024-10-07T22:48:14.615+0300: 1308.025: [Rescan (parallel) , 0.0008243 secs]2024-10-07T22:48:14.615+0300: 1308.025: [weak refs processing, 0.0000221 secs]2024-10-07T22:48:14.615+0300: 1308.025: [class unloading, 0.0010143 secs]2024-10-07T22:48:14.615+0300: 1308.027: [scrub symbol table, 0.0005081 secs]2024-10-07T22:48:14.615+0300: 1308.027: [scrub string table, 0.0001390 secs][1 CMS-remark: 403853K(477888K)] 428507K(692928K), 0.0026323 secs] [Times: user=0.00 sys=0.00, real=0.00 secs] 
2024-10-07T22:48:14.615+0300: 1308.027: Total time for which application threads were stopped: 3.1678067 seconds, Stopping threads took: 3.1650963 seconds
2024-10-07T22:48:14.615+0300: 1308.027: [CMS-concurrent-sweep-start]
2024-10-07T22:48:14.615+0300: 1308.037: [CMS-concurrent-sweep: 0.010/0.010 secs] [Times: user=0.00 sys=0.00, real=0.00 secs] 
2024-10-07T22:48:14.615+0300: 1308.037: [CMS-concurrent-reset-start]
2024-10-07T22:48:14.630+0300: 1308.042: [CMS-concurrent-reset: 0.005/0.005 secs] [Times: user=0.02 sys=0.00, real=0.02 secs] 
2024-10-07T22:48:16.640+0300: 1310.050: Application time: 2.0225140 seconds
2024-10-07T22:48:29.578+0300: 1322.988: [GC (CMS Initial Mark) [1 CMS-initial-mark: 403853K(477888K)] 461717K(692928K), 0.0007978 secs] [Times: user=0.00 sys=0.00, real=0.00 secs] 
2024-10-07T22:48:29.578+0300: 1322.989: Total time for which application threads were stopped: 12.9389194 seconds, Stopping threads took: 12.9379984 seconds
2024-10-07T22:48:29.578+0300: 1322.989: [CMS-concurrent-mark-start]
2024-10-07T22:48:29.578+0300: 1322.995: [CMS-concurrent-mark: 0.007/0.007 secs] [Times: user=0.00 sys=0.00, real=0.00 secs] 
2024-10-07T22:48:29.578+0300: 1322.996: [CMS-concurrent-preclean-start]
2024-10-07T22:48:29.578+0300: 1322.997: [CMS-concurrent-preclean: 0.001/0.001 secs] [Times: user=0.00 sys=0.00, real=0.00 secs] 
2024-10-07T22:48:29.578+0300: 1322.997: [CMS-concurrent-abortable-preclean-start]
2024-10-07T22:48:29.625+0300: 1323.044: Application time: 0.0553038 seconds
2024-10-07T22:48:29.688+0300: 1323.097: [CMS-concurrent-abortable-preclean: 0.002/0.101 secs] [Times: user=0.30 sys=0.00, real=0.11 secs] 
2024-10-07T22:48:32.815+0300: 1326.225: [GC (Allocation Failure) 2024-10-07T22:48:32.815+0300: 1326.225: [ParNew: 215039K->215039K(215040K), 0.0000453 secs]2024-10-07T22:48:32.815+0300: 1326.225: [CMS (concurrent mode failure): 403853K->222252K(477888K), 0.0485734 secs] 618892K->222252K(692928K), [Metaspace: 7302K->7302K(1056768K)], 0.0488308 secs] [Times: user=0.05 sys=0.00, real=0.05 secs] 
2024-10-07T22:48:32.862+0300: 1326.274: Total time for which application threads were stopped: 3.2299372 seconds, Stopping threads took: 3.1808722 seconds
2024-10-07T22:48:32.925+0300: 1326.350: Application time: 0.0761246 seconds
2024-10-07T22:48:44.466+0300: 1337.876: [GC (Allocation Failure) 2024-10-07T22:48:44.466+0300: 1337.876: [ParNew: 191159K->23857K(215040K), 0.0367060 secs] 413411K->411627K(692928K), 0.0368389 secs] [Times: user=0.01 sys=0.00, real=0.03 secs] 
2024-10-07T22:48:44.497+0300: 1337.913: Total time for which application threads were stopped: 11.5624937 seconds, Stopping threads took: 11.5254785 seconds
2024-10-07T22:48:44.497+0300: 1337.913: Application time: 0.0000693 seconds
2024-10-07T22:48:44.528+0300: 1337.938: [GC (CMS Initial Mark) [1 CMS-initial-mark: 387769K(477888K)] 428882K(692928K), 0.0020206 secs] [Times: user=0.00 sys=0.00, real=0.00 secs] 
2024-10-07T22:48:44.528+0300: 1337.940: Total time for which application threads were stopped: 0.0274318 seconds, Stopping threads took: 0.0253013 seconds
2024-10-07T22:48:44.528+0300: 1337.940: [CMS-concurrent-mark-start]
2024-10-07T22:48:44.528+0300: 1337.948: [CMS-concurrent-mark: 0.008/0.008 secs] [Times: user=0.00 sys=0.00, real=0.00 secs] 
2024-10-07T22:48:44.528+0300: 1337.948: [CMS-concurrent-preclean-start]
2024-10-07T22:48:44.528+0300: 1337.949: [CMS-concurrent-preclean: 0.001/0.001 secs] [Times: user=0.00 sys=0.00, real=0.00 secs] 
2024-10-07T22:48:44.528+0300: 1337.949: [CMS-concurrent-abortable-preclean-start]
 CMS: abort preclean due to time 2024-10-07T22:48:49.589+0300: 1343.001: [CMS-concurrent-abortable-preclean: 0.108/5.052 secs] [Times: user=29.48 sys=0.05, real=5.06 secs] 
2024-10-07T22:48:49.589+0300: 1343.001: Application time: 5.0612569 seconds
2024-10-07T22:48:59.519+0300: 1352.929: [GC (CMS Final Remark) [YG occupancy: 74115 K (215040 K)]2024-10-07T22:48:59.519+0300: 1352.929: [Rescan (parallel) , 0.0009259 secs]2024-10-07T22:48:59.519+0300: 1352.930: [weak refs processing, 0.0000212 secs]2024-10-07T22:48:59.519+0300: 1352.930: [class unloading, 0.0010864 secs]2024-10-07T22:48:59.519+0300: 1352.931: [scrub symbol table, 0.0004955 secs]2024-10-07T22:48:59.519+0300: 1352.932: [scrub string table, 0.0001425 secs][1 CMS-remark: 387769K(477888K)] 461885K(692928K), 0.0028121 secs] [Times: user=0.00 sys=0.00, real=0.00 secs] 
2024-10-07T22:48:59.519+0300: 1352.932: Total time for which application threads were stopped: 9.9307515 seconds, Stopping threads took: 9.9278397 seconds
2024-10-07T22:48:59.519+0300: 1352.932: [CMS-concurrent-sweep-start]
2024-10-07T22:48:59.519+0300: 1352.940: [CMS-concurrent-sweep: 0.007/0.007 secs] [Times: user=0.00 sys=0.00, real=0.00 secs] 
2024-10-07T22:48:59.519+0300: 1352.940: [CMS-concurrent-reset-start]
2024-10-07T22:48:59.519+0300: 1352.942: [CMS-concurrent-reset: 0.002/0.002 secs] [Times: user=0.00 sys=0.00, real=0.00 secs] 
2024-10-07T22:48:59.566+0300: 1352.989: Application time: 0.0566598 seconds
2024-10-07T22:49:02.724+0300: 1356.134: [GC (Allocation Failure) 2024-10-07T22:49:02.724+0300: 1356.134: [ParNew: 215025K->215025K(215040K), 0.0000333 secs]2024-10-07T22:49:02.724+0300: 1356.135: [CMS: 322117K->205628K(477888K), 0.0476770 secs] 537142K->205628K(692928K), [Metaspace: 7302K->7302K(1056768K)], 0.0478561 secs] [Times: user=0.05 sys=0.00, real=0.05 secs] 
2024-10-07T22:49:02.771+0300: 1356.182: Total time for which application threads were stopped: 3.1935954 seconds, Stopping threads took: 3.1455736 seconds
2024-10-07T22:49:02.771+0300: 1356.182: Application time: 0.0001290 seconds
2024-10-07T22:49:02.771+0300: 1356.188: [GC (CMS Initial Mark) [1 CMS-initial-mark: 205628K(477888K)] 265260K(692928K), 0.0006673 secs] [Times: user=0.00 sys=0.00, real=0.00 secs] 
2024-10-07T22:49:02.771+0300: 1356.188: Total time for which application threads were stopped: 0.0060025 seconds, Stopping threads took: 0.0052391 seconds
2024-10-07T22:49:02.771+0300: 1356.189: [CMS-concurrent-mark-start]
2024-10-07T22:49:02.771+0300: 1356.194: [CMS-concurrent-mark: 0.005/0.005 secs] [Times: user=0.00 sys=0.00, real=0.00 secs] 
2024-10-07T22:49:02.771+0300: 1356.194: [CMS-concurrent-preclean-start]
2024-10-07T22:49:02.771+0300: 1356.195: [CMS-concurrent-preclean: 0.001/0.001 secs] [Times: user=0.00 sys=0.00, real=0.00 secs] 
2024-10-07T22:49:02.771+0300: 1356.195: [CMS-concurrent-abortable-preclean-start]
2024-10-07T22:49:02.803+0300: 1356.226: Application time: 0.0374448 seconds
2024-10-07T22:49:07.331+0300: 1360.741: [GC (Allocation Failure) 2024-10-07T22:49:07.331+0300: 1360.741: [ParNew: 191168K->23861K(215040K), 0.0328661 secs] 396796K->394430K(692928K), 0.0329977 secs] [Times: user=0.02 sys=0.00, real=0.03 secs] 
2024-10-07T22:49:07.363+0300: 1360.774: Total time for which application threads were stopped: 4.5482515 seconds, Stopping threads took: 4.5150891 seconds
 CMS: abort preclean due to time 2024-10-07T22:49:07.803+0300: 1361.215: [CMS-concurrent-abortable-preclean: 0.020/5.020 secs] [Times: user=11.39 sys=0.03, real=5.03 secs] 
2024-10-07T22:49:07.803+0300: 1361.215: Application time: 0.4412062 seconds
2024-10-07T22:49:22.327+0300: 1375.737: [GC (CMS Final Remark) [YG occupancy: 91089 K (215040 K)]2024-10-07T22:49:22.327+0300: 1375.737: [Rescan (parallel) , 0.0007095 secs]2024-10-07T22:49:22.327+0300: 1375.738: [weak refs processing, 0.0000213 secs]2024-10-07T22:49:22.327+0300: 1375.738: [class unloading, 0.0009815 secs]2024-10-07T22:49:22.327+0300: 1375.739: [scrub symbol table, 0.0005104 secs]2024-10-07T22:49:22.327+0300: 1375.739: [scrub string table, 0.0001386 secs][1 CMS-remark: 370569K(477888K)] 461659K(692928K), 0.0025107 secs] [Times: user=0.00 sys=0.00, real=0.00 secs] 
2024-10-07T22:49:22.327+0300: 1375.740: Total time for which application threads were stopped: 14.5241605 seconds, Stopping threads took: 14.5215491 seconds
2024-10-07T22:49:22.327+0300: 1375.740: [CMS-concurrent-sweep-start]
2024-10-07T22:49:22.327+0300: 1375.747: [CMS-concurrent-sweep: 0.008/0.008 secs] [Times: user=0.00 sys=0.00, real=0.00 secs] 
2024-10-07T22:49:22.327+0300: 1375.748: [CMS-concurrent-reset-start]
2024-10-07T22:49:22.327+0300: 1375.750: [CMS-concurrent-reset: 0.003/0.003 secs] [Times: user=0.00 sys=0.00, real=0.00 secs] 
2024-10-07T22:49:22.422+0300: 1375.839: Application time: 0.0997633 seconds
2024-10-07T22:49:31.412+0300: 1384.821: [GC (Allocation Failure) 2024-10-07T22:49:31.412+0300: 1384.822: [ParNew: 215015K->215015K(215040K), 0.0000352 secs]2024-10-07T22:49:31.412+0300: 1384.822: [CMS: 370569K->387277K(477888K), 0.0736920 secs] 585585K->387277K(692928K), [Metaspace: 7303K->7303K(1056768K)], 0.0738931 secs] [Times: user=0.06 sys=0.00, real=0.06 secs] 
2024-10-07T22:49:31.475+0300: 1384.895: Total time for which application threads were stopped: 9.0560921 seconds, Stopping threads took: 8.9820109 seconds
2024-10-07T22:49:31.475+0300: 1384.896: Application time: 0.0003476 seconds
2024-10-07T22:49:31.506+0300: 1384.916: [GC (CMS Initial Mark) [1 CMS-initial-mark: 387277K(477888K)] 394244K(692928K), 0.0005919 secs] [Times: user=0.00 sys=0.00, real=0.00 secs] 
2024-10-07T22:49:31.506+0300: 1384.916: Total time for which application threads were stopped: 0.0207386 seconds, Stopping threads took: 0.0200273 seconds
2024-10-07T22:49:31.506+0300: 1384.917: [CMS-concurrent-mark-start]
2024-10-07T22:49:31.506+0300: 1384.924: [CMS-concurrent-mark: 0.007/0.007 secs] [Times: user=0.00 sys=0.00, real=0.00 secs] 
2024-10-07T22:49:31.506+0300: 1384.924: [CMS-concurrent-preclean-start]
2024-10-07T22:49:31.506+0300: 1384.925: [CMS-concurrent-preclean: 0.001/0.001 secs] [Times: user=0.00 sys=0.00, real=0.00 secs] 
2024-10-07T22:49:31.506+0300: 1384.925: [CMS-concurrent-abortable-preclean-start]
2024-10-07T22:49:31.585+0300: 1384.995: Application time: 0.0780578 seconds
2024-10-07T22:49:31.616+0300: 1385.025: [CMS-concurrent-abortable-preclean: 0.001/0.101 secs] [Times: user=0.41 sys=0.00, real=0.11 secs] 
2024-10-07T22:49:36.192+0300: 1389.602: [GC (Allocation Failure) 2024-10-07T22:49:36.192+0300: 1389.602: [ParNew: 191160K->191160K(215040K), 0.0000346 secs]2024-10-07T22:49:36.192+0300: 1389.602: [CMS (concurrent mode failure): 387277K->312789K(477888K), 0.0615944 secs] 578438K->312789K(692928K), [Metaspace: 7303K->7303K(1056768K)], 0.0617914 secs] [Times: user=0.05 sys=0.00, real=0.05 secs] 
2024-10-07T22:49:36.239+0300: 1389.663: Total time for which application threads were stopped: 4.6689299 seconds, Stopping threads took: 4.6069731 seconds
2024-10-07T22:49:38.266+0300: 1391.676: Application time: 2.0127428 seconds
2024-10-07T22:49:51.123+0300: 1404.533: [GC (CMS Initial Mark) [1 CMS-initial-mark: 312789K(477888K)] 397105K(692928K), 0.0004803 secs] [Times: user=0.00 sys=0.00, real=0.00 secs] 
2024-10-07T22:49:51.123+0300: 1404.533: Total time for which application threads were stopped: 12.8572574 seconds, Stopping threads took: 12.8566639 seconds
2024-10-07T22:49:51.123+0300: 1404.534: [CMS-concurrent-mark-start]
2024-10-07T22:49:51.123+0300: 1404.541: [CMS-concurrent-mark: 0.007/0.007 secs] [Times: user=0.00 sys=0.00, real=0.00 secs] 
2024-10-07T22:49:51.123+0300: 1404.541: [CMS-concurrent-preclean-start]
2024-10-07T22:49:51.123+0300: 1404.542: [CMS-concurrent-preclean: 0.002/0.002 secs] [Times: user=0.00 sys=0.00, real=0.00 secs] 
2024-10-07T22:49:51.123+0300: 1404.543: [CMS-concurrent-abortable-preclean-start]
2024-10-07T22:49:51.217+0300: 1404.633: Application time: 0.0993914 seconds
2024-10-07T22:49:51.233+0300: 1404.643: [CMS-concurrent-abortable-preclean: 0.001/0.100 secs] [Times: user=0.58 sys=0.00, real=0.11 secs] 
2024-10-07T22:50:00.189+0300: 1413.599: [GC (Allocation Failure) 2024-10-07T22:50:00.189+0300: 1413.599: [ParNew: 191168K->191168K(215040K), 0.0000350 secs]2024-10-07T22:50:00.189+0300: 1413.599: [CMS (concurrent mode failure): 312789K->370213K(477888K), 0.0701868 secs] 503957K->370213K(692928K), [Metaspace: 7303K->7303K(1056768K)], 0.0703816 secs] [Times: user=0.06 sys=0.00, real=0.06 secs] 
2024-10-07T22:50:00.252+0300: 1413.670: Total time for which application threads were stopped: 9.0367881 seconds, Stopping threads took: 8.9662226 seconds
2024-10-07T22:50:00.331+0300: 1413.753: Application time: 0.0838007 seconds
2024-10-07T22:50:04.812+0300: 1418.222: [GC (Allocation Failure) 2024-10-07T22:50:04.812+0300: 1418.222: [ParNew: 191168K->191168K(215040K), 0.0000298 secs]2024-10-07T22:50:04.812+0300: 1418.222: [CMS: 370213K->296838K(477888K), 0.0574225 secs] 561381K->296838K(692928K), [Metaspace: 7303K->7303K(1056768K)], 0.0575875 secs] [Times: user=0.05 sys=0.00, real=0.05 secs] 
2024-10-07T22:50:04.859+0300: 1418.280: Total time for which application threads were stopped: 4.5260594 seconds, Stopping threads took: 4.4683051 seconds
2024-10-07T22:50:04.859+0300: 1418.280: Application time: 0.0006125 seconds
2024-10-07T22:50:04.891+0300: 1418.301: [GC (CMS Initial Mark) [1 CMS-initial-mark: 296838K(477888K)] 350532K(692928K), 0.0009084 secs] [Times: user=0.00 sys=0.00, real=0.00 secs] 
2024-10-07T22:50:04.891+0300: 1418.301: Total time for which application threads were stopped: 0.0212951 seconds, Stopping threads took: 0.0202549 seconds
2024-10-07T22:50:04.891+0300: 1418.302: [CMS-concurrent-mark-start]
2024-10-07T22:50:04.891+0300: 1418.308: [CMS-concurrent-mark: 0.007/0.007 secs] [Times: user=0.00 sys=0.00, real=0.00 secs] 
2024-10-07T22:50:04.891+0300: 1418.308: [CMS-concurrent-preclean-start]
2024-10-07T22:50:04.891+0300: 1418.309: [CMS-concurrent-preclean: 0.001/0.001 secs] [Times: user=0.00 sys=0.00, real=0.00 secs] 
2024-10-07T22:50:04.891+0300: 1418.309: [CMS-concurrent-abortable-preclean-start]
 CMS: abort preclean due to time 2024-10-07T22:50:09.953+0300: 1423.364: [CMS-concurrent-abortable-preclean: 0.059/5.054 secs] [Times: user=29.27 sys=0.05, real=5.06 secs] 
2024-10-07T22:50:09.953+0300: 1423.364: Application time: 5.0626933 seconds
2024-10-07T22:50:19.713+0300: 1433.123: [GC (CMS Final Remark) [YG occupancy: 100702 K (215040 K)]2024-10-07T22:50:19.713+0300: 1433.123: [Rescan (parallel) , 0.0009550 secs]2024-10-07T22:50:19.713+0300: 1433.124: [weak refs processing, 0.0000263 secs]2024-10-07T22:50:19.713+0300: 1433.124: [class unloading, 0.0010632 secs]2024-10-07T22:50:19.713+0300: 1433.125: [scrub symbol table, 0.0005033 secs]2024-10-07T22:50:19.713+0300: 1433.125: [scrub string table, 0.0001420 secs][1 CMS-remark: 296838K(477888K)] 397541K(692928K), 0.0028514 secs] [Times: user=0.00 sys=0.00, real=0.00 secs] 
2024-10-07T22:50:19.713+0300: 1433.126: Total time for which application threads were stopped: 9.7614678 seconds, Stopping threads took: 9.7585114 seconds
2024-10-07T22:50:19.713+0300: 1433.126: [CMS-concurrent-sweep-start]
2024-10-07T22:50:19.713+0300: 1433.133: [CMS-concurrent-sweep: 0.007/0.007 secs] [Times: user=0.00 sys=0.00, real=0.00 secs] 
2024-10-07T22:50:19.713+0300: 1433.133: [CMS-concurrent-reset-start]
2024-10-07T22:50:19.713+0300: 1433.136: [CMS-concurrent-reset: 0.003/0.003 secs] [Times: user=0.00 sys=0.00, real=0.00 secs] 
2024-10-07T22:50:19.807+0300: 1433.222: Application time: 0.0962798 seconds
2024-10-07T22:50:28.701+0300: 1442.111: [GC (Allocation Failure) 2024-10-07T22:50:28.701+0300: 1442.111: [ParNew: 191168K->23871K(215040K), 0.0340390 secs] 488006K->485322K(692928K), 0.0341656 secs] [Times: user=0.01 sys=0.00, real=0.03 secs] 
2024-10-07T22:50:28.732+0300: 1442.145: Total time for which application threads were stopped: 8.9229669 seconds, Stopping threads took: 8.8886335 seconds
2024-10-07T22:50:28.732+0300: 1442.145: Application time: 0.0000880 seconds
2024-10-07T22:50:28.748+0300: 1442.158: [GC (CMS Initial Mark) [1 CMS-initial-mark: 461451K(477888K)] 498190K(692928K), 0.0007315 secs] [Times: user=0.00 sys=0.00, real=0.00 secs] 
2024-10-07T22:50:28.748+0300: 1442.158: Total time for which application threads were stopped: 0.0135069 seconds, Stopping threads took: 0.0126557 seconds
2024-10-07T22:50:28.748+0300: 1442.159: [CMS-concurrent-mark-start]
2024-10-07T22:50:28.748+0300: 1442.165: [CMS-concurrent-mark: 0.007/0.007 secs] [Times: user=0.00 sys=0.00, real=0.00 secs] 
2024-10-07T22:50:28.748+0300: 1442.165: [CMS-concurrent-preclean-start]
2024-10-07T22:50:28.748+0300: 1442.166: [CMS-concurrent-preclean: 0.001/0.001 secs] [Times: user=0.00 sys=0.00, real=0.00 secs] 
2024-10-07T22:50:28.748+0300: 1442.166: [CMS-concurrent-abortable-preclean-start]
2024-10-07T22:50:28.748+0300: 1442.166: [CMS-concurrent-abortable-preclean: 0.000/0.000 secs] [Times: user=0.00 sys=0.00, real=0.00 secs] 
2024-10-07T22:50:28.764+0300: 1442.187: Application time: 0.0280841 seconds
2024-10-07T22:50:33.492+0300: 1446.902: [GC (CMS Final Remark) [YG occupancy: 167212 K (215040 K)]2024-10-07T22:50:33.492+0300: 1446.902: [Rescan (parallel) , 0.0011307 secs]2024-10-07T22:50:33.492+0300: 1446.903: [weak refs processing, 0.0000247 secs]2024-10-07T22:50:33.492+0300: 1446.903: [class unloading, 0.0010012 secs]2024-10-07T22:50:33.492+0300: 1446.904: [scrub symbol table, 0.0005096 secs]2024-10-07T22:50:33.492+0300: 1446.905: [scrub string table, 0.0001408 secs][1 CMS-remark: 461451K(477888K)] 628663K(692928K), 0.0029585 secs] [Times: user=0.00 sys=0.00, real=0.00 secs] 
2024-10-07T22:50:33.492+0300: 1446.905: Total time for which application threads were stopped: 4.7183462 seconds, Stopping threads took: 4.7152981 seconds
2024-10-07T22:50:33.492+0300: 1446.905: [CMS-concurrent-sweep-start]
2024-10-07T22:50:33.492+0300: 1446.916: [CMS-concurrent-sweep: 0.011/0.011 secs] [Times: user=0.00 sys=0.00, real=0.00 secs] 
2024-10-07T22:50:33.492+0300: 1446.916: [CMS-concurrent-reset-start]
2024-10-07T22:50:33.508+0300: 1446.919: [CMS-concurrent-reset: 0.003/0.003 secs] [Times: user=0.09 sys=0.00, real=0.02 secs] 
2024-10-07T22:50:33.508+0300: 1446.931: Application time: 0.0265068 seconds
2024-10-07T22:50:36.760+0300: 1450.170: [GC (Allocation Failure) 2024-10-07T22:50:36.760+0300: 1450.170: [ParNew: 215039K->215039K(215040K), 0.0000340 secs]2024-10-07T22:50:36.760+0300: 1450.170: [CMS: 330146K->279703K(477888K), 0.0562595 secs] 545185K->279703K(692928K), [Metaspace: 7303K->7303K(1056768K)], 0.0564481 secs] [Times: user=0.05 sys=0.00, real=0.05 secs] 
2024-10-07T22:50:36.807+0300: 1450.226: Total time for which application threads were stopped: 3.2947033 seconds, Stopping threads took: 3.2380848 seconds
2024-10-07T22:50:36.807+0300: 1450.227: Application time: 0.0003638 seconds
2024-10-07T22:50:39.979+0300: 1453.389: [GC (CMS Initial Mark) [1 CMS-initial-mark: 279703K(477888K)] 299470K(692928K), 0.0006231 secs] [Times: user=0.00 sys=0.00, real=0.00 secs] 
2024-10-07T22:50:39.979+0300: 1453.390: Total time for which application threads were stopped: 3.1629888 seconds, Stopping threads took: 3.1622200 seconds
2024-10-07T22:50:39.979+0300: 1453.390: [CMS-concurrent-mark-start]
2024-10-07T22:50:39.979+0300: 1453.396: [CMS-concurrent-mark: 0.006/0.006 secs] [Times: user=0.00 sys=0.00, real=0.00 secs] 
2024-10-07T22:50:39.979+0300: 1453.396: [CMS-concurrent-preclean-start]
2024-10-07T22:50:39.979+0300: 1453.397: [CMS-concurrent-preclean: 0.001/0.001 secs] [Times: user=0.00 sys=0.00, real=0.00 secs] 
2024-10-07T22:50:39.979+0300: 1453.397: [CMS-concurrent-abortable-preclean-start]
 CMS: abort preclean due to time 2024-10-07T22:50:45.036+0300: 1458.447: [CMS-concurrent-abortable-preclean: 0.060/5.050 secs] [Times: user=14.03 sys=0.06, real=5.06 secs] 
2024-10-07T22:50:45.036+0300: 1458.447: Application time: 5.0579396 seconds
2024-10-07T22:50:46.543+0300: 1459.953: [GC (CMS Final Remark) [YG occupancy: 52156 K (215040 K)]2024-10-07T22:50:46.543+0300: 1459.953: [Rescan (parallel) , 0.0006989 secs]2024-10-07T22:50:46.543+0300: 1459.954: [weak refs processing, 0.0000275 secs]2024-10-07T22:50:46.543+0300: 1459.954: [class unloading, 0.0012324 secs]2024-10-07T22:50:46.543+0300: 1459.955: [scrub symbol table, 0.0005054 secs]2024-10-07T22:50:46.543+0300: 1459.956: [scrub string table, 0.0001397 secs][1 CMS-remark: 279703K(477888K)] 331860K(692928K), 0.0027531 secs] [Times: user=0.00 sys=0.00, real=0.00 secs] 
2024-10-07T22:50:46.543+0300: 1459.956: Total time for which application threads were stopped: 1.5083908 seconds, Stopping threads took: 1.5055560 seconds
2024-10-07T22:50:46.543+0300: 1459.956: [CMS-concurrent-sweep-start]
2024-10-07T22:50:46.543+0300: 1459.962: [CMS-concurrent-sweep: 0.006/0.006 secs] [Times: user=0.00 sys=0.00, real=0.00 secs] 
2024-10-07T22:50:46.543+0300: 1459.963: [CMS-concurrent-reset-start]
2024-10-07T22:50:46.543+0300: 1459.965: [CMS-concurrent-reset: 0.003/0.003 secs] [Times: user=0.00 sys=0.00, real=0.00 secs] 
2024-10-07T22:50:48.568+0300: 1461.978: Application time: 2.0223519 seconds
2024-10-07T22:50:53.283+0300: 1466.692: [GC (CMS Initial Mark) [1 CMS-initial-mark: 279703K(477888K)] 331860K(692928K), 0.0006942 secs] [Times: user=0.00 sys=0.00, real=0.00 secs] 
2024-10-07T22:50:53.283+0300: 1466.693: Total time for which application threads were stopped: 4.7147429 seconds, Stopping threads took: 4.7139190 seconds
2024-10-07T22:50:53.283+0300: 1466.693: [CMS-concurrent-mark-start]
2024-10-07T22:50:53.285+0300: 1466.697: [CMS-concurrent-mark: 0.004/0.004 secs] [Times: user=0.00 sys=0.00, real=0.00 secs] 
2024-10-07T22:50:53.285+0300: 1466.697: [CMS-concurrent-preclean-start]
2024-10-07T22:50:53.285+0300: 1466.698: [CMS-concurrent-preclean: 0.001/0.001 secs] [Times: user=0.00 sys=0.00, real=0.00 secs] 
2024-10-07T22:50:53.285+0300: 1466.698: [CMS-concurrent-abortable-preclean-start]
2024-10-07T22:50:53.314+0300: 1466.730: Application time: 0.0371542 seconds
2024-10-07T22:50:53.314+0300: 1466.730: Total time for which application threads were stopped: 0.0001536 seconds, Stopping threads took: 0.0000318 seconds
2024-10-07T22:50:53.408+0300: 1466.826: Application time: 0.0953651 seconds
2024-10-07T22:50:53.408+0300: 1466.826: Total time for which application threads were stopped: 0.0002330 seconds, Stopping threads took: 0.0000369 seconds
2024-10-07T22:50:53.455+0300: 1466.867: Application time: 0.0411626 seconds
2024-10-07T22:50:53.455+0300: 1466.867: Total time for which application threads were stopped: 0.0000680 seconds, Stopping threads took: 0.0000326 seconds
2024-10-07T22:50:53.565+0300: 1466.975: Application time: 0.1074154 seconds
2024-10-07T22:50:53.565+0300: 1466.975: Total time for which application threads were stopped: 0.0002356 seconds, Stopping threads took: 0.0000255 seconds
2024-10-07T22:50:53.565+0300: 1466.981: Application time: 0.0062168 seconds
2024-10-07T22:50:53.565+0300: 1466.981: Total time for which application threads were stopped: 0.0001851 seconds, Stopping threads took: 0.0000275 seconds
2024-10-07T22:50:53.565+0300: 1466.983: Application time: 0.0017497 seconds
2024-10-07T22:50:53.565+0300: 1466.983: Total time for which application threads were stopped: 0.0002040 seconds, Stopping threads took: 0.0000236 seconds
2024-10-07T22:50:53.848+0300: 1467.270: Application time: 0.2866125 seconds
2024-10-07T22:50:53.848+0300: 1467.270: Total time for which application threads were stopped: 0.0000812 seconds, Stopping threads took: 0.0000305 seconds
2024-10-07T22:50:54.555+0300: 1467.965: Application time: 0.6953674 seconds
2024-10-07T22:50:54.555+0300: 1467.966: Total time for which application threads were stopped: 0.0003483 seconds, Stopping threads took: 0.0000619 seconds
2024-10-07T22:50:54.555+0300: 1467.966: Application time: 0.0007285 seconds
2024-10-07T22:50:54.555+0300: 1467.966: Total time for which application threads were stopped: 0.0000191 seconds, Stopping threads took: 0.0000091 seconds
2024-10-07T22:50:54.555+0300: 1467.967: Application time: 0.0004470 seconds
2024-10-07T22:50:54.555+0300: 1467.967: Total time for which application threads were stopped: 0.0000159 seconds, Stopping threads took: 0.0000084 seconds
2024-10-07T22:50:54.555+0300: 1467.967: Application time: 0.0004693 seconds
2024-10-07T22:50:54.555+0300: 1467.967: Total time for which application threads were stopped: 0.0000187 seconds, Stopping threads took: 0.0000066 seconds
2024-10-07T22:50:54.555+0300: 1467.968: Application time: 0.0006228 seconds
2024-10-07T22:50:54.555+0300: 1467.968: Total time for which application threads were stopped: 0.0000856 seconds, Stopping threads took: 0.0000756 seconds
2024-10-07T22:50:54.555+0300: 1467.977: Application time: 0.0094779 seconds
2024-10-07T22:50:54.555+0300: 1467.978: Total time for which application threads were stopped: 0.0000656 seconds, Stopping threads took: 0.0000333 seconds
Heap
 par new generation   total 215040K, used 121636K [0x00000000d4400000, 0x00000000e2d50000, 0x00000000e2d50000)
  eden space 191168K,  63% used [0x00000000d4400000, 0x00000000dbac91a0, 0x00000000dfeb0000)
  from space 23872K,   0% used [0x00000000e1600000, 0x00000000e1600000, 0x00000000e2d50000)
  to   space 23872K,   0% used [0x00000000dfeb0000, 0x00000000dfeb0000, 0x00000000e1600000)
 concurrent mark-sweep generation total 477888K, used 279703K [0x00000000e2d50000, 0x0000000100000000, 0x0000000100000000)
 Metaspace       used 15766K, capacity 15926K, committed 16128K, reserved 1062912K
  class space    used 1642K, capacity 1711K, committed 1792K, reserved 1048576K
2024-10-07T22:50:54.666+0300: 1468.076: Application time: 0.0984074 seconds
