OpenJDK 64-Bit Server VM (25.422-b05) for windows-amd64 JRE (1.8.0_422-422-b05), built on Jul 18 2024 05:34:18 by "Administrator" with MS VC++ 16.10 / 16.11 (VS2019)
Memory: 4k page, physical 15965620k(11594584k free), swap 17866164k(11780512k free)
CommandLine flags: -XX:InitialHeapSize=8589934592 -XX:MaxHeapSize=8589934592 -XX:MaxNewSize=523452416 -XX:MaxTenuringThreshold=6 -XX:NewSize=523452416 -XX:OldPLABSize=16 -XX:OldSize=1046904832 -XX:+PrintGC -XX:+PrintGCApplicationConcurrentTime -XX:+PrintGCApplicationStoppedTime -XX:+PrintGCDateStamps -XX:+PrintGCDetails -XX:+PrintGCTimeStamps -XX:+UnlockExperimentalVMOptions -XX:+UseCompressedClassPointers -XX:+UseCompressedOops -XX:+UseConcMarkSweepGC -XX:-UseLargePagesIndividualAllocation -XX:+UseParNewGC 
2024-10-08T00:51:36.732+0300: 0.080: Application time: 0.0181095 seconds
2024-10-08T00:51:36.732+0300: 0.080: Total time for which application threads were stopped: 0.0000773 seconds, Stopping threads took: 0.0000296 seconds
2024-10-08T00:51:36.745+0300: 0.089: Application time: 0.0087810 seconds
2024-10-08T00:51:36.745+0300: 0.089: Total time for which application threads were stopped: 0.0000809 seconds, Stopping threads took: 0.0000264 seconds
2024-10-08T00:51:36.918+0300: 0.261: Application time: 0.1717308 seconds
2024-10-08T00:51:36.918+0300: 0.261: [Full GC (System.gc()) 2024-10-08T00:51:36.918+0300: 0.261: [CMS: 0K->3742K(7877440K), 0.0433600 secs] 32721K->3742K(8337536K), [Metaspace: 7077K->7077K(1056768K)], 0.0442065 secs] [Times: user=0.00 sys=0.03, real=0.03 secs] 
2024-10-08T00:51:36.949+0300: 0.305: Total time for which application threads were stopped: 0.0443774 seconds, Stopping threads took: 0.0000291 seconds
2024-10-08T00:51:36.949+0300: 0.306: Application time: 0.0001635 seconds
2024-10-08T00:51:36.949+0300: 0.306: [Full GC (System.gc()) 2024-10-08T00:51:36.949+0300: 0.306: [CMS: 3742K->3742K(7877440K), 0.0133216 secs] 3742K->3742K(8337536K), [Metaspace: 7077K->7077K(1056768K)], 0.0139491 secs] [Times: user=0.02 sys=0.00, real=0.02 secs] 
2024-10-08T00:51:36.965+0300: 0.320: Total time for which application threads were stopped: 0.0141059 seconds, Stopping threads took: 0.0000972 seconds
2024-10-08T00:51:37.091+0300: 0.441: Application time: 0.1214757 seconds
2024-10-08T00:51:37.091+0300: 0.442: [GC (Allocation Failure) 2024-10-08T00:51:37.091+0300: 0.442: [ParNew: 409024K->51072K(460096K), 0.1522951 secs] 412766K->384751K(8337536K), 0.1523888 secs] [Times: user=0.03 sys=0.06, real=0.16 secs] 
2024-10-08T00:51:37.248+0300: 0.594: Total time for which application threads were stopped: 0.1532288 seconds, Stopping threads took: 0.0007196 seconds
2024-10-08T00:51:40.754+0300: 4.096: Application time: 3.5021328 seconds
2024-10-08T00:51:40.754+0300: 4.097: Total time for which application threads were stopped: 0.0004227 seconds, Stopping threads took: 0.0003297 seconds
2024-10-08T00:52:30.892+0300: 54.239: Application time: 50.1419295 seconds
2024-10-08T00:52:30.892+0300: 54.239: Total time for which application threads were stopped: 0.0002163 seconds, Stopping threads took: 0.0001879 seconds
2024-10-08T00:52:30.892+0300: 54.244: Application time: 0.0049532 seconds
2024-10-08T00:52:30.892+0300: 54.245: [GC (Allocation Failure) 2024-10-08T00:52:30.892+0300: 54.245: [ParNew: 460096K->49663K(460096K), 0.0259287 secs] 793775K->383352K(8337536K), 0.0260126 secs] [Times: user=0.03 sys=0.06, real=0.03 secs] 
2024-10-08T00:52:30.924+0300: 54.271: Total time for which application threads were stopped: 0.0267110 seconds, Stopping threads took: 0.0005872 seconds
2024-10-08T00:53:00.695+0300: 84.044: Application time: 29.7731121 seconds
2024-10-08T00:53:00.742+0300: 84.085: [GC (Allocation Failure) 2024-10-08T00:53:00.742+0300: 84.085: [ParNew: 458687K->51066K(460096K), 0.1262068 secs] 792376K->721628K(8337536K), 0.1263399 secs] [Times: user=0.05 sys=0.00, real=0.13 secs] 
2024-10-08T00:53:00.868+0300: 84.211: Total time for which application threads were stopped: 0.1672352 seconds, Stopping threads took: 0.0407428 seconds
2024-10-08T00:53:30.557+0300: 113.912: Application time: 29.7013468 seconds
2024-10-08T00:53:33.634+0300: 116.976: [GC (Allocation Failure) 2024-10-08T00:53:33.634+0300: 116.977: [ParNew: 460090K->51066K(460096K), 0.0941278 secs] 1130652K->951288K(8337536K), 0.0943759 secs] [Times: user=0.06 sys=0.00, real=0.09 secs] 
2024-10-08T00:53:33.728+0300: 117.071: Total time for which application threads were stopped: 3.1584238 seconds, Stopping threads took: 3.0638832 seconds
2024-10-08T00:54:03.392+0300: 146.747: Application time: 29.6759908 seconds
2024-10-08T00:54:03.487+0300: 146.829: [GC (Allocation Failure) 2024-10-08T00:54:03.487+0300: 146.829: [ParNew: 460090K->51070K(460096K), 0.1090159 secs] 1360312K->1237325K(8337536K), 0.1091289 secs] [Times: user=0.05 sys=0.01, real=0.09 secs] 
2024-10-08T00:54:03.581+0300: 146.938: Total time for which application threads were stopped: 0.1911852 seconds, Stopping threads took: 0.0819365 seconds
2024-10-08T00:54:33.322+0300: 176.669: Application time: 29.7312182 seconds
2024-10-08T00:54:33.384+0300: 176.726: [GC (Allocation Failure) 2024-10-08T00:54:33.384+0300: 176.726: [ParNew: 460094K->51070K(460096K), 0.1098571 secs] 1646349K->1531317K(8337536K), 0.1100004 secs] [Times: user=0.03 sys=0.06, real=0.11 secs] 
2024-10-08T00:54:33.494+0300: 176.836: Total time for which application threads were stopped: 0.1670107 seconds, Stopping threads took: 0.0568596 seconds
2024-10-08T00:55:03.260+0300: 206.603: Application time: 29.7671640 seconds
2024-10-08T00:55:03.322+0300: 206.665: [GC (Allocation Failure) 2024-10-08T00:55:03.322+0300: 206.665: [ParNew: 460094K->51068K(460096K), 0.1114643 secs] 1940341K->1827036K(8337536K), 0.1115976 secs] [Times: user=0.08 sys=0.03, real=0.11 secs] 
2024-10-08T00:55:03.432+0300: 206.776: Total time for which application threads were stopped: 0.1730039 seconds, Stopping threads took: 0.0612423 seconds
2024-10-08T00:55:19.528+0300: 222.870: Application time: 16.0938204 seconds
2024-10-08T00:55:33.244+0300: 236.586: Total time for which application threads were stopped: 13.7154599 seconds, Stopping threads took: 13.7154095 seconds
2024-10-08T00:55:33.275+0300: 236.618: Application time: 0.0322505 seconds
2024-10-08T00:55:36.430+0300: 239.773: [GC (Allocation Failure) 2024-10-08T00:55:36.430+0300: 239.773: [ParNew: 460092K->51070K(460096K), 0.0546599 secs] 2236060K->1939877K(8337536K), 0.0547952 secs] [Times: user=0.09 sys=0.01, real=0.05 secs] 
2024-10-08T00:55:36.479+0300: 239.828: Total time for which application threads were stopped: 3.2097496 seconds, Stopping threads took: 3.1547823 seconds
2024-10-08T00:56:06.186+0300: 269.539: Application time: 29.7109936 seconds
2024-10-08T00:56:06.292+0300: 269.634: [GC (Allocation Failure) 2024-10-08T00:56:06.292+0300: 269.634: [ParNew: 460094K->51068K(460096K), 0.0956766 secs] 2348901K->2189557K(8337536K), 0.0958091 secs] [Times: user=0.06 sys=0.03, real=0.10 secs] 
2024-10-08T00:56:06.387+0300: 269.730: Total time for which application threads were stopped: 0.1910844 seconds, Stopping threads took: 0.0951239 seconds
2024-10-08T00:56:07.390+0300: 270.733: Application time: 1.0028737 seconds
2024-10-08T00:56:21.194+0300: 284.536: Total time for which application threads were stopped: 13.8033850 seconds, Stopping threads took: 13.8032790 seconds
2024-10-08T00:56:36.218+0300: 299.570: Application time: 15.0335659 seconds
2024-10-08T00:56:36.249+0300: 299.592: [GC (Allocation Failure) 2024-10-08T00:56:36.249+0300: 299.592: [ParNew: 460092K->51070K(460096K), 0.1223357 secs] 2598581K->2498757K(8337536K), 0.1224170 secs] [Times: user=0.02 sys=0.03, real=0.11 secs] 
2024-10-08T00:56:36.359+0300: 299.714: Total time for which application threads were stopped: 0.1444397 seconds, Stopping threads took: 0.0219222 seconds
2024-10-08T00:56:36.416+0300: 299.759: Application time: 0.0447626 seconds
2024-10-08T00:56:39.531+0300: 302.874: Total time for which application threads were stopped: 3.1147926 seconds, Stopping threads took: 3.1146796 seconds
2024-10-08T00:56:51.633+0300: 314.988: Application time: 12.1141340 seconds
2024-10-08T00:57:00.149+0300: 323.492: Total time for which application threads were stopped: 8.5039391 seconds, Stopping threads took: 8.5038744 seconds
2024-10-08T00:57:00.149+0300: 323.507: Application time: 0.0150557 seconds
2024-10-08T00:57:00.165+0300: 323.507: Total time for which application threads were stopped: 0.0004297 seconds, Stopping threads took: 0.0003910 seconds
2024-10-08T00:57:00.165+0300: 323.511: Application time: 0.0042283 seconds
2024-10-08T00:57:00.165+0300: 323.512: Total time for which application threads were stopped: 0.0004175 seconds, Stopping threads took: 0.0003292 seconds
2024-10-08T00:57:00.181+0300: 323.525: Application time: 0.0130502 seconds
2024-10-08T00:57:00.181+0300: 323.526: [GC (Allocation Failure) 2024-10-08T00:57:00.181+0300: 323.526: [ParNew: 460094K->51070K(460096K), 0.0401810 secs] 2907781K->2576338K(8337536K), 0.0402723 secs] [Times: user=0.03 sys=0.00, real=0.03 secs] 
2024-10-08T00:57:00.212+0300: 323.566: Total time for which application threads were stopped: 0.0409892 seconds, Stopping threads took: 0.0006059 seconds
2024-10-08T00:57:30.059+0300: 353.403: Application time: 29.8370338 seconds
2024-10-08T00:57:33.091+0300: 356.433: [GC (Allocation Failure) 2024-10-08T00:57:33.091+0300: 356.433: [ParNew: 460094K->51066K(460096K), 0.0920093 secs] 2985362K->2815128K(8337536K), 0.0921396 secs] [Times: user=0.02 sys=0.00, real=0.08 secs] 
2024-10-08T00:57:33.169+0300: 356.525: Total time for which application threads were stopped: 3.1224387 seconds, Stopping threads took: 3.0301353 seconds
2024-10-08T00:58:02.870+0300: 386.226: Application time: 29.7005139 seconds
2024-10-08T00:58:05.968+0300: 389.311: [GC (Allocation Failure) 2024-10-08T00:58:05.968+0300: 389.311: [ParNew: 460090K->51070K(460096K), 0.0934909 secs] 3224152K->3062102K(8337536K), 0.0936352 secs] [Times: user=0.05 sys=0.03, real=0.09 secs] 
2024-10-08T00:58:06.062+0300: 389.405: Total time for which application threads were stopped: 3.1786973 seconds, Stopping threads took: 3.0848978 seconds
2024-10-08T00:58:35.848+0300: 419.202: Application time: 29.7976215 seconds
2024-10-08T00:58:38.958+0300: 422.301: [GC (Allocation Failure) 2024-10-08T00:58:38.958+0300: 422.301: [ParNew: 460094K->51070K(460096K), 0.1088092 secs] 3471126K->3349477K(8337536K), 0.1089464 secs] [Times: user=0.11 sys=0.02, real=0.09 secs] 
2024-10-08T00:58:39.052+0300: 422.410: Total time for which application threads were stopped: 3.2076319 seconds, Stopping threads took: 3.0985289 seconds
2024-10-08T00:59:08.694+0300: 452.038: Application time: 29.6276602 seconds
2024-10-08T00:59:08.851+0300: 452.193: [GC (Allocation Failure) 2024-10-08T00:59:08.851+0300: 452.194: [ParNew: 460094K->51070K(460096K), 0.1082226 secs] 3758501K->3644814K(8337536K), 0.1083549 secs] [Times: user=0.03 sys=0.03, real=0.09 secs] 
2024-10-08T00:59:08.945+0300: 452.302: Total time for which application threads were stopped: 0.2642195 seconds, Stopping threads took: 0.1557065 seconds
2024-10-08T00:59:38.592+0300: 481.949: Application time: 29.6472472 seconds
2024-10-08T00:59:38.765+0300: 482.107: [GC (Allocation Failure) 2024-10-08T00:59:38.765+0300: 482.107: [ParNew: 460094K->51070K(460096K), 0.1141883 secs] 4053838K->3957856K(8337536K), 0.1143005 secs] [Times: user=0.05 sys=0.00, real=0.11 secs] 
2024-10-08T00:59:38.874+0300: 482.221: Total time for which application threads were stopped: 0.2722835 seconds, Stopping threads took: 0.1578420 seconds
2024-10-08T00:59:39.880+0300: 483.222: Application time: 1.0009592 seconds
2024-10-08T00:59:53.756+0300: 497.099: Total time for which application threads were stopped: 13.8766585 seconds, Stopping threads took: 13.8766109 seconds
2024-10-08T01:00:08.843+0300: 512.193: Application time: 15.0941076 seconds
2024-10-08T01:00:11.891+0300: 515.234: [GC (Allocation Failure) 2024-10-08T01:00:11.891+0300: 515.234: [ParNew: 460094K->51070K(460096K), 0.2662283 secs] 4366880K->4252368K(8337536K), 0.2663664 secs] [Times: user=0.11 sys=0.05, real=0.27 secs] 
2024-10-08T01:00:12.158+0300: 515.500: Total time for which application threads were stopped: 3.3072940 seconds, Stopping threads took: 3.0407646 seconds
2024-10-08T01:00:12.158+0300: 515.500: Application time: 0.0000756 seconds
2024-10-08T01:00:12.174+0300: 515.516: [GC (CMS Initial Mark) [1 CMS-initial-mark: 4201298K(7877440K)] 4277938K(8337536K), 0.0012144 secs] [Times: user=0.00 sys=0.00, real=0.00 secs] 
2024-10-08T01:00:12.174+0300: 515.517: Total time for which application threads were stopped: 0.0169276 seconds, Stopping threads took: 0.0155824 seconds
2024-10-08T01:00:12.174+0300: 515.517: [CMS-concurrent-mark-start]
2024-10-08T01:00:12.189+0300: 515.535: [CMS-concurrent-mark: 0.017/0.017 secs] [Times: user=0.02 sys=0.00, real=0.01 secs] 
2024-10-08T01:00:12.189+0300: 515.535: [CMS-concurrent-preclean-start]
2024-10-08T01:00:12.189+0300: 515.543: [CMS-concurrent-preclean: 0.008/0.008 secs] [Times: user=0.00 sys=0.00, real=0.00 secs] 
2024-10-08T01:00:12.189+0300: 515.543: [CMS-concurrent-abortable-preclean-start]
 CMS: abort preclean due to time 2024-10-08T01:00:17.221+0300: 520.576: [CMS-concurrent-abortable-preclean: 0.602/5.032 secs] [Times: user=29.28 sys=0.11, real=5.03 secs] 
2024-10-08T01:00:17.221+0300: 520.576: Application time: 5.0589545 seconds
2024-10-08T01:00:26.869+0300: 530.211: [GC (CMS Final Remark) [YG occupancy: 407647 K (460096 K)]2024-10-08T01:00:26.869+0300: 530.211: [Rescan (parallel) , 0.0037277 secs]2024-10-08T01:00:26.869+0300: 530.215: [weak refs processing, 0.0000151 secs]2024-10-08T01:00:26.869+0300: 530.215: [class unloading, 0.0008082 secs]2024-10-08T01:00:26.869+0300: 530.216: [scrub symbol table, 0.0005101 secs]2024-10-08T01:00:26.869+0300: 530.217: [scrub string table, 0.0001453 secs][1 CMS-remark: 4201298K(7877440K)] 4608946K(8337536K), 0.0053692 secs] [Times: user=0.00 sys=0.00, real=0.00 secs] 
2024-10-08T01:00:26.869+0300: 530.217: Total time for which application threads were stopped: 9.6404339 seconds, Stopping threads took: 9.6349654 seconds
2024-10-08T01:00:26.869+0300: 530.217: [CMS-concurrent-sweep-start]
2024-10-08T01:00:26.963+0300: 530.312: [CMS-concurrent-sweep: 0.095/0.095 secs] [Times: user=0.52 sys=0.00, real=0.09 secs] 
2024-10-08T01:00:26.963+0300: 530.312: [CMS-concurrent-reset-start]
2024-10-08T01:00:27.042+0300: 530.385: [CMS-concurrent-reset: 0.073/0.073 secs] [Times: user=0.42 sys=0.00, real=0.08 secs] 
2024-10-08T01:00:41.847+0300: 545.201: Application time: 14.9846385 seconds
2024-10-08T01:00:41.892+0300: 545.235: [GC (Allocation Failure) 2024-10-08T01:00:41.892+0300: 545.235: [ParNew: 460094K->51070K(460096K), 0.0650180 secs] 725544K->613659K(8337536K), 0.0651460 secs] [Times: user=0.02 sys=0.00, real=0.06 secs] 
2024-10-08T01:00:41.955+0300: 545.300: Total time for which application threads were stopped: 0.0982472 seconds, Stopping threads took: 0.0329485 seconds
2024-10-08T01:01:11.630+0300: 574.984: Application time: 29.6846782 seconds
2024-10-08T01:01:11.772+0300: 575.114: [GC (Allocation Failure) 2024-10-08T01:01:11.772+0300: 575.114: [ParNew: 460094K->51070K(460096K), 0.0672935 secs] 1022683K->906474K(8337536K), 0.0673848 secs] [Times: user=0.05 sys=0.00, real=0.06 secs] 
2024-10-08T01:01:11.834+0300: 575.181: Total time for which application threads were stopped: 0.1969491 seconds, Stopping threads took: 0.1294646 seconds
2024-10-08T01:01:11.866+0300: 575.219: Application time: 0.0373811 seconds
2024-10-08T01:01:15.037+0300: 578.380: Total time for which application threads were stopped: 3.1610232 seconds, Stopping threads took: 3.1609405 seconds
2024-10-08T01:01:27.163+0300: 590.513: Application time: 12.1329599 seconds
2024-10-08T01:01:35.944+0300: 599.286: Total time for which application threads were stopped: 8.7736947 seconds, Stopping threads took: 8.7736094 seconds
2024-10-08T01:01:35.944+0300: 599.302: Application time: 0.0151558 seconds
2024-10-08T01:01:35.960+0300: 599.302: Total time for which application threads were stopped: 0.0002419 seconds, Stopping threads took: 0.0001877 seconds
2024-10-08T01:01:35.960+0300: 599.302: Application time: 0.0001211 seconds
2024-10-08T01:01:35.960+0300: 599.302: Total time for which application threads were stopped: 0.0001255 seconds, Stopping threads took: 0.0000979 seconds
2024-10-08T01:01:35.960+0300: 599.304: Application time: 0.0022173 seconds
2024-10-08T01:01:35.960+0300: 599.305: Total time for which application threads were stopped: 0.0003313 seconds, Stopping threads took: 0.0002998 seconds
2024-10-08T01:01:35.975+0300: 599.319: Application time: 0.0146791 seconds
2024-10-08T01:01:35.975+0300: 599.320: [GC (Allocation Failure) 2024-10-08T01:01:35.975+0300: 599.320: [ParNew: 460094K->51066K(460096K), 0.0302769 secs] 1315498K->997440K(8337536K), 0.0304705 secs] [Times: user=0.03 sys=0.00, real=0.03 secs] 
2024-10-08T01:01:36.006+0300: 599.350: Total time for which application threads were stopped: 0.0311550 seconds, Stopping threads took: 0.0005689 seconds
2024-10-08T01:02:05.837+0300: 629.192: Application time: 29.8414641 seconds
2024-10-08T01:02:10.393+0300: 633.736: [GC (Allocation Failure) 2024-10-08T01:02:10.393+0300: 633.736: [ParNew: 460090K->51066K(460096K), 0.0598164 secs] 1406464K->1262453K(8337536K), 0.0599301 secs] [Times: user=0.03 sys=0.00, real=0.06 secs] 
2024-10-08T01:02:10.449+0300: 633.796: Total time for which application threads were stopped: 4.6038845 seconds, Stopping threads took: 4.5437961 seconds
2024-10-08T01:02:11.462+0300: 634.804: Application time: 1.0082441 seconds
2024-10-08T01:02:25.385+0300: 648.727: Total time for which application threads were stopped: 13.9233786 seconds, Stopping threads took: 13.9233063 seconds
2024-10-08T01:02:26.391+0300: 649.733: Application time: 1.0055733 seconds
2024-10-08T01:02:40.332+0300: 663.675: Total time for which application threads were stopped: 13.9415054 seconds, Stopping threads took: 13.9414017 seconds
2024-10-08T01:02:40.364+0300: 663.711: Application time: 0.0369225 seconds
2024-10-08T01:02:44.964+0300: 668.307: [GC (Allocation Failure) 2024-10-08T01:02:44.964+0300: 668.307: [ParNew: 460090K->51060K(460096K), 0.0334516 secs] 1671477K->1364371K(8337536K), 0.0335928 secs] [Times: user=0.00 sys=0.02, real=0.03 secs] 
2024-10-08T01:02:44.996+0300: 668.341: Total time for which application threads were stopped: 4.6292825 seconds, Stopping threads took: 4.5955222 seconds
2024-10-08T01:03:14.686+0300: 698.031: Application time: 29.6898968 seconds
2024-10-08T01:03:14.796+0300: 698.138: [GC (Allocation Failure) 2024-10-08T01:03:14.796+0300: 698.138: [ParNew: 460084K->51066K(460096K), 0.0684209 secs] 1773395K->1673558K(8337536K), 0.0685543 secs] [Times: user=0.05 sys=0.02, real=0.06 secs] 
2024-10-08T01:03:14.858+0300: 698.207: Total time for which application threads were stopped: 0.1759995 seconds, Stopping threads took: 0.1072878 seconds
2024-10-08T01:03:44.599+0300: 727.944: Application time: 29.7376617 seconds
2024-10-08T01:03:44.662+0300: 728.004: [GC (Allocation Failure) 2024-10-08T01:03:44.662+0300: 728.004: [ParNew: 460090K->51070K(460096K), 0.0620123 secs] 2082582K->1925192K(8337536K), 0.0620864 secs] [Times: user=0.05 sys=0.00, real=0.05 secs] 
2024-10-08T01:03:44.709+0300: 728.066: Total time for which application threads were stopped: 0.1218954 seconds, Stopping threads took: 0.0597136 seconds
2024-10-08T01:04:14.402+0300: 757.748: Application time: 29.6816968 seconds
2024-10-08T01:04:14.480+0300: 757.822: [GC (Allocation Failure) 2024-10-08T01:04:14.480+0300: 757.822: [ParNew: 460094K->51070K(460096K), 0.0593934 secs] 2334216K->2185615K(8337536K), 0.0595333 secs] [Times: user=0.05 sys=0.00, real=0.05 secs] 
2024-10-08T01:04:14.527+0300: 757.882: Total time for which application threads were stopped: 0.1339178 seconds, Stopping threads took: 0.0742230 seconds
2024-10-08T01:04:44.171+0300: 787.521: Application time: 29.6392372 seconds
2024-10-08T01:04:44.274+0300: 787.616: [GC (Allocation Failure) 2024-10-08T01:04:44.274+0300: 787.616: [ParNew: 460094K->51066K(460096K), 0.0624373 secs] 2594639K->2438023K(8337536K), 0.0625070 secs] [Times: user=0.02 sys=0.00, real=0.05 secs] 
2024-10-08T01:04:44.321+0300: 787.679: Total time for which application threads were stopped: 0.1577380 seconds, Stopping threads took: 0.0951353 seconds
2024-10-08T01:05:14.089+0300: 817.434: Application time: 29.7555952 seconds
2024-10-08T01:05:14.136+0300: 817.479: [GC (Allocation Failure) 2024-10-08T01:05:14.136+0300: 817.479: [ParNew: 460090K->51070K(460096K), 0.0577059 secs] 2847047K->2683964K(8337536K), 0.0578425 secs] [Times: user=0.03 sys=0.00, real=0.05 secs] 
2024-10-08T01:05:14.183+0300: 817.537: Total time for which application threads were stopped: 0.1022041 seconds, Stopping threads took: 0.0442083 seconds
2024-10-08T01:05:43.919+0300: 847.263: Application time: 29.7266598 seconds
2024-10-08T01:05:46.999+0300: 850.342: [GC (Allocation Failure) 2024-10-08T01:05:46.999+0300: 850.342: [ParNew: 460094K->51060K(460096K), 0.0588446 secs] 3092988K->2935241K(8337536K), 0.0589824 secs] [Times: user=0.06 sys=0.00, real=0.05 secs] 
2024-10-08T01:05:47.046+0300: 850.401: Total time for which application threads were stopped: 3.1372968 seconds, Stopping threads took: 3.0781553 seconds
2024-10-08T01:05:47.093+0300: 850.437: Application time: 0.0369269 seconds
2024-10-08T01:05:50.282+0300: 853.624: Total time for which application threads were stopped: 3.1867728 seconds, Stopping threads took: 3.1866735 seconds
2024-10-08T01:06:08.102+0300: 871.453: Application time: 17.8291718 seconds
2024-10-08T01:06:08.197+0300: 871.539: Total time for which application threads were stopped: 0.0856284 seconds, Stopping threads took: 0.0855274 seconds
2024-10-08T01:06:08.197+0300: 871.553: Application time: 0.0139557 seconds
2024-10-08T01:06:08.197+0300: 871.554: Total time for which application threads were stopped: 0.0007151 seconds, Stopping threads took: 0.0006818 seconds
2024-10-08T01:06:08.197+0300: 871.554: Application time: 0.0002027 seconds
2024-10-08T01:06:08.197+0300: 871.554: Total time for which application threads were stopped: 0.0000320 seconds, Stopping threads took: 0.0000211 seconds
2024-10-08T01:06:08.212+0300: 871.556: Application time: 0.0018825 seconds
2024-10-08T01:06:08.212+0300: 871.556: Total time for which application threads were stopped: 0.0002647 seconds, Stopping threads took: 0.0002435 seconds
2024-10-08T01:06:08.228+0300: 871.572: Application time: 0.0158666 seconds
2024-10-08T01:06:08.228+0300: 871.573: [GC (Allocation Failure) 2024-10-08T01:06:08.228+0300: 871.573: [ParNew: 460084K->51071K(460096K), 0.0337796 secs] 3344265K->3041749K(8337536K), 0.0338677 secs] [Times: user=0.06 sys=0.00, real=0.03 secs] 
2024-10-08T01:06:08.259+0300: 871.607: Total time for which application threads were stopped: 0.0346095 seconds, Stopping threads took: 0.0006263 seconds
2024-10-08T01:06:38.093+0300: 901.445: Application time: 29.8379819 seconds
2024-10-08T01:06:41.312+0300: 904.654: [GC (Allocation Failure) 2024-10-08T01:06:41.312+0300: 904.654: [ParNew: 460095K->51070K(460096K), 0.0521307 secs] 3450773K->3247867K(8337536K), 0.0522438 secs] [Times: user=0.11 sys=0.00, real=0.05 secs] 
2024-10-08T01:06:41.359+0300: 904.707: Total time for which application threads were stopped: 3.2619989 seconds, Stopping threads took: 3.2096177 seconds
2024-10-08T01:07:10.393+0300: 933.745: Application time: 29.0381177 seconds
2024-10-08T01:07:14.243+0300: 937.586: [GC (Allocation Failure) 2024-10-08T01:07:14.243+0300: 937.586: [ParNew: 460094K->51070K(460096K), 0.1083746 secs] 3656891K->3565763K(8337536K), 0.1084958 secs] [Times: user=0.00 sys=0.05, real=0.09 secs] 
2024-10-08T01:07:14.337+0300: 937.694: Total time for which application threads were stopped: 3.9494388 seconds, Stopping threads took: 3.8407879 seconds
2024-10-08T01:07:30.434+0300: 953.776: Application time: 16.0820446 seconds
2024-10-08T01:07:44.215+0300: 967.557: Total time for which application threads were stopped: 13.7809097 seconds, Stopping threads took: 13.7808116 seconds
2024-10-08T01:07:44.247+0300: 967.598: Application time: 0.0406099 seconds
2024-10-08T01:07:48.867+0300: 972.209: [GC (Allocation Failure) 2024-10-08T01:07:48.867+0300: 972.209: [ParNew: 460094K->51070K(460096K), 0.0551362 secs] 3974787K->3690902K(8337536K), 0.0552725 secs] [Times: user=0.00 sys=0.00, real=0.05 secs] 
2024-10-08T01:07:48.914+0300: 972.265: Total time for which application threads were stopped: 4.6668959 seconds, Stopping threads took: 4.6114582 seconds
2024-10-08T01:08:18.578+0300: 1001.929: Application time: 29.6645518 seconds
2024-10-08T01:08:18.672+0300: 1002.014: [GC (Allocation Failure) 2024-10-08T01:08:18.672+0300: 1002.015: [ParNew: 460094K->51058K(460096K), 0.1115441 secs] 4099926K->4009885K(8337536K), 0.1116744 secs] [Times: user=0.03 sys=0.08, real=0.11 secs] 
2024-10-08T01:08:18.782+0300: 1002.126: Total time for which application threads were stopped: 0.1968990 seconds, Stopping threads took: 0.0850708 seconds
2024-10-08T01:08:48.556+0300: 1031.904: Application time: 29.7779852 seconds
2024-10-08T01:08:48.587+0300: 1031.929: [GC (Allocation Failure) 2024-10-08T01:08:48.587+0300: 1031.929: [ParNew: 460082K->51070K(460096K), 0.0807682 secs] 4418909K->4237576K(8337536K), 0.0808956 secs] [Times: user=0.01 sys=0.02, real=0.08 secs] 
2024-10-08T01:08:48.665+0300: 1032.010: Total time for which application threads were stopped: 0.1059029 seconds, Stopping threads took: 0.0248571 seconds
2024-10-08T01:09:18.412+0300: 1061.758: Application time: 29.7480633 seconds
2024-10-08T01:09:18.506+0300: 1061.849: [GC (Allocation Failure) 2024-10-08T01:09:18.506+0300: 1061.849: [ParNew: 460094K->51070K(460096K), 0.1024435 secs] 4646600K->4486476K(8337536K), 0.1025391 secs] [Times: user=0.00 sys=0.03, real=0.10 secs] 
2024-10-08T01:09:18.601+0300: 1061.951: Total time for which application threads were stopped: 0.1932518 seconds, Stopping threads took: 0.0905940 seconds
2024-10-08T01:09:48.404+0300: 1091.755: Application time: 29.8038864 seconds
2024-10-08T01:09:51.402+0300: 1094.745: [GC (Allocation Failure) 2024-10-08T01:09:51.402+0300: 1094.745: [ParNew: 460094K->51070K(460096K), 0.1084336 secs] 4895500K->4779651K(8337536K), 0.1085646 secs] [Times: user=0.00 sys=0.05, real=0.10 secs] 
2024-10-08T01:09:51.497+0300: 1094.853: Total time for which application threads were stopped: 3.0981811 seconds, Stopping threads took: 2.9894645 seconds
2024-10-08T01:09:52.503+0300: 1095.845: Application time: 0.9913891 seconds
2024-10-08T01:10:06.344+0300: 1109.687: Total time for which application threads were stopped: 13.8417700 seconds, Stopping threads took: 13.8417209 seconds
2024-10-08T01:10:21.307+0300: 1124.660: Application time: 14.9732161 seconds
2024-10-08T01:10:24.463+0300: 1127.806: [GC (Allocation Failure) 2024-10-08T01:10:24.463+0300: 1127.806: [ParNew: 460094K->51070K(460096K), 0.2582406 secs] 5188675K->5078302K(8337536K), 0.2583268 secs] [Times: user=0.03 sys=0.06, real=0.25 secs] 
2024-10-08T01:10:24.715+0300: 1128.064: Total time for which application threads were stopped: 3.4045652 seconds, Stopping threads took: 3.1461447 seconds
2024-10-08T01:10:24.746+0300: 1128.091: Application time: 0.0262140 seconds
2024-10-08T01:10:24.746+0300: 1128.100: Total time for which application threads were stopped: 0.0095726 seconds, Stopping threads took: 0.0094591 seconds
2024-10-08T01:10:42.693+0300: 1146.038: Application time: 17.9376948 seconds
2024-10-08T01:10:42.693+0300: 1146.038: Total time for which application threads were stopped: 0.0002914 seconds, Stopping threads took: 0.0002605 seconds
2024-10-08T01:10:42.709+0300: 1146.055: Application time: 0.0165039 seconds
2024-10-08T01:10:42.709+0300: 1146.055: [GC (Allocation Failure) 2024-10-08T01:10:42.709+0300: 1146.056: [ParNew: 460094K->51071K(460096K), 0.1267345 secs] 5487326K->5185525K(8337536K), 0.1268702 secs] [Times: user=0.01 sys=0.03, real=0.12 secs] 
2024-10-08T01:10:42.834+0300: 1146.182: Total time for which application threads were stopped: 0.1276994 seconds, Stopping threads took: 0.0006565 seconds
2024-10-08T01:11:12.756+0300: 1176.102: Application time: 29.9197654 seconds
2024-10-08T01:11:17.192+0300: 1180.535: [GC (Allocation Failure) 2024-10-08T01:11:17.192+0300: 1180.535: [ParNew: 460095K->51068K(460096K), 0.2314583 secs] 5594549K->5401314K(8337536K), 0.2315883 secs] [Times: user=0.00 sys=0.12, real=0.22 secs] 
2024-10-08T01:11:17.411+0300: 1180.766: Total time for which application threads were stopped: 4.6641627 seconds, Stopping threads took: 4.4323904 seconds
2024-10-08T01:11:47.107+0300: 1210.454: Application time: 29.6880102 seconds
2024-10-08T01:11:47.217+0300: 1210.559: [GC (Allocation Failure) 2024-10-08T01:11:47.217+0300: 1210.559: [ParNew: 460092K->51070K(460096K), 0.3375441 secs] 5810338K->5700498K(8337536K), 0.3376195 secs] [Times: user=0.03 sys=0.14, real=0.33 secs] 
2024-10-08T01:11:47.547+0300: 1210.897: Total time for which application threads were stopped: 0.4427743 seconds, Stopping threads took: 0.1050329 seconds
2024-10-08T01:12:17.255+0300: 1240.608: Application time: 29.7105567 seconds
2024-10-08T01:12:20.428+0300: 1243.770: [GC (Allocation Failure) 2024-10-08T01:12:20.428+0300: 1243.771: [ParNew: 460094K->51068K(460096K), 0.2980205 secs] 6109522K->5966525K(8337536K), 0.2981247 secs] [Times: user=0.03 sys=0.08, real=0.30 secs] 
2024-10-08T01:12:20.726+0300: 1244.069: Total time for which application threads were stopped: 3.4609554 seconds, Stopping threads took: 3.1627120 seconds
2024-10-08T01:12:50.494+0300: 1273.842: Application time: 29.7735650 seconds
2024-10-08T01:12:53.642+0300: 1276.986: [GC (Allocation Failure) 2024-10-08T01:12:53.642+0300: 1276.986: [ParNew: 460077K->51070K(460096K), 0.3168774 secs] 6375534K->6240571K(8337536K), 0.3170078 secs] [Times: user=0.03 sys=0.14, real=0.31 secs] 
2024-10-08T01:12:53.956+0300: 1277.303: Total time for which application threads were stopped: 3.4604611 seconds, Stopping threads took: 3.1432879 seconds
2024-10-08T01:12:54.961+0300: 1278.304: Application time: 1.0009264 seconds
2024-10-08T01:13:08.727+0300: 1292.069: Total time for which application threads were stopped: 13.7655844 seconds, Stopping threads took: 13.7655292 seconds
2024-10-08T01:13:23.737+0300: 1307.094: Application time: 15.0245033 seconds
2024-10-08T01:13:23.784+0300: 1307.126: [GC (Allocation Failure) 2024-10-08T01:13:23.784+0300: 1307.126: [ParNew: 460094K->51062K(460096K), 0.3655596 secs] 6649595K->6484547K(8337536K), 0.3657038 secs] [Times: user=0.03 sys=0.19, real=0.36 secs] 
2024-10-08T01:13:24.145+0300: 1307.492: Total time for which application threads were stopped: 0.3982224 seconds, Stopping threads took: 0.0323494 seconds
2024-10-08T01:13:53.764+0300: 1337.112: Application time: 29.6198406 seconds
2024-10-08T01:13:53.874+0300: 1337.217: [GC (Allocation Failure) 2024-10-08T01:13:53.874+0300: 1337.217: [ParNew: 460086K->51070K(460096K), 0.4310777 secs] 6893571K->6729635K(8337536K), 0.4311607 secs] [Times: user=0.03 sys=0.20, real=0.42 secs] 
2024-10-08T01:13:54.298+0300: 1337.648: Total time for which application threads were stopped: 0.5359358 seconds, Stopping threads took: 0.1046693 seconds
2024-10-08T01:14:24.059+0300: 1367.409: Application time: 29.7615519 seconds
2024-10-08T01:14:27.027+0300: 1370.370: [GC (Allocation Failure) 2024-10-08T01:14:27.027+0300: 1370.370: [ParNew: 460093K->51070K(460096K), 0.4542465 secs] 7138659K->6976633K(8337536K), 0.4543778 secs] [Times: user=0.01 sys=0.20, real=0.46 secs] 
2024-10-08T01:14:27.482+0300: 1370.824: Total time for which application threads were stopped: 3.4152000 seconds, Stopping threads took: 2.9606549 seconds
2024-10-08T01:14:57.137+0300: 1400.486: Application time: 29.6618646 seconds
2024-10-08T01:14:57.278+0300: 1400.620: [GC (Allocation Failure) 2024-10-08T01:14:57.278+0300: 1400.620: [ParNew: 460094K->51070K(460096K), 0.6702462 secs] 7385657K->7273388K(8337536K), 0.6703480 secs] [Times: user=0.05 sys=0.36, real=0.66 secs] 
2024-10-08T01:14:57.937+0300: 1401.291: Total time for which application threads were stopped: 0.8042525 seconds, Stopping threads took: 0.1337798 seconds
2024-10-08T01:14:57.937+0300: 1401.291: Application time: 0.0000621 seconds
2024-10-08T01:14:57.968+0300: 1401.311: [GC (CMS Initial Mark) [1 CMS-initial-mark: 7222318K(7877440K)] 7310398K(8337536K), 0.0057846 secs] [Times: user=0.00 sys=0.00, real=0.00 secs] 
2024-10-08T01:14:57.968+0300: 1401.317: Total time for which application threads were stopped: 0.0260428 seconds, Stopping threads took: 0.0200700 seconds
2024-10-08T01:14:57.968+0300: 1401.317: [CMS-concurrent-mark-start]
2024-10-08T01:14:58.173+0300: 1401.518: [CMS-concurrent-mark: 0.201/0.201 secs] [Times: user=0.83 sys=0.31, real=0.21 secs] 
2024-10-08T01:14:58.173+0300: 1401.518: [CMS-concurrent-preclean-start]
2024-10-08T01:14:58.173+0300: 1401.530: [CMS-concurrent-preclean: 0.012/0.012 secs] [Times: user=0.06 sys=0.00, real=0.00 secs] 
2024-10-08T01:14:58.173+0300: 1401.530: [CMS-concurrent-abortable-preclean-start]
 CMS: abort preclean due to time 2024-10-08T01:15:03.264+0300: 1406.617: [CMS-concurrent-abortable-preclean: 0.503/5.087 secs] [Times: user=29.62 sys=0.11, real=5.09 secs] 
2024-10-08T01:15:03.264+0300: 1406.618: Application time: 5.3010834 seconds
2024-10-08T01:15:12.729+0300: 1416.071: [GC (CMS Final Remark) [YG occupancy: 350828 K (460096 K)]2024-10-08T01:15:12.729+0300: 1416.071: [Rescan (parallel) , 0.0034191 secs]2024-10-08T01:15:12.729+0300: 1416.075: [weak refs processing, 0.0000224 secs]2024-10-08T01:15:12.729+0300: 1416.075: [class unloading, 0.0010273 secs]2024-10-08T01:15:12.729+0300: 1416.076: [scrub symbol table, 0.0005097 secs]2024-10-08T01:15:12.729+0300: 1416.076: [scrub string table, 0.0001387 secs][1 CMS-remark: 7222318K(7877440K)] 7573147K(8337536K), 0.0052934 secs] [Times: user=0.00 sys=0.00, real=0.00 secs] 
2024-10-08T01:15:12.729+0300: 1416.077: Total time for which application threads were stopped: 9.4588943 seconds, Stopping threads took: 9.4534877 seconds
2024-10-08T01:15:12.729+0300: 1416.077: [CMS-concurrent-sweep-start]
2024-10-08T01:15:12.901+0300: 1416.246: [CMS-concurrent-sweep: 0.169/0.169 secs] [Times: user=0.89 sys=0.00, real=0.17 secs] 
2024-10-08T01:15:12.901+0300: 1416.246: [CMS-concurrent-reset-start]
2024-10-08T01:15:12.986+0300: 1416.335: [CMS-concurrent-reset: 0.089/0.089 secs] [Times: user=0.52 sys=0.03, real=0.09 secs] 
2024-10-08T01:15:24.331+0300: 1427.684: Application time: 11.6072378 seconds
2024-10-08T01:15:24.473+0300: 1427.815: Total time for which application threads were stopped: 0.1314323 seconds, Stopping threads took: 0.1313197 seconds
2024-10-08T01:15:24.489+0300: 1427.832: Application time: 0.0164515 seconds
2024-10-08T01:15:24.504+0300: 1427.847: Total time for which application threads were stopped: 0.0148625 seconds, Stopping threads took: 0.0147831 seconds
2024-10-08T01:15:24.504+0300: 1427.847: Application time: 0.0001465 seconds
2024-10-08T01:15:24.504+0300: 1427.847: Total time for which application threads were stopped: 0.0001598 seconds, Stopping threads took: 0.0000860 seconds
2024-10-08T01:15:24.525+0300: 1427.872: Application time: 0.0246436 seconds
2024-10-08T01:15:24.525+0300: 1427.872: Total time for which application threads were stopped: 0.0001586 seconds, Stopping threads took: 0.0000279 seconds
2024-10-08T01:15:24.629+0300: 1427.979: Application time: 0.1075269 seconds
2024-10-08T01:15:24.629+0300: 1427.980: Total time for which application threads were stopped: 0.0001889 seconds, Stopping threads took: 0.0000239 seconds
2024-10-08T01:15:24.676+0300: 1428.031: Application time: 0.0510826 seconds
2024-10-08T01:15:24.676+0300: 1428.031: Total time for which application threads were stopped: 0.0000612 seconds, Stopping threads took: 0.0000189 seconds
2024-10-08T01:15:24.802+0300: 1428.156: Application time: 0.1252532 seconds
2024-10-08T01:15:24.802+0300: 1428.156: Total time for which application threads were stopped: 0.0001862 seconds, Stopping threads took: 0.0000181 seconds
2024-10-08T01:15:24.820+0300: 1428.163: Application time: 0.0067579 seconds
2024-10-08T01:15:24.821+0300: 1428.163: Total time for which application threads were stopped: 0.0001880 seconds, Stopping threads took: 0.0000178 seconds
2024-10-08T01:15:24.822+0300: 1428.165: Application time: 0.0019895 seconds
2024-10-08T01:15:24.823+0300: 1428.165: Total time for which application threads were stopped: 0.0001722 seconds, Stopping threads took: 0.0000140 seconds
2024-10-08T01:15:25.100+0300: 1428.456: Application time: 0.2905313 seconds
2024-10-08T01:15:25.100+0300: 1428.456: Total time for which application threads were stopped: 0.0000591 seconds, Stopping threads took: 0.0000277 seconds
2024-10-08T01:15:25.256+0300: 1428.609: Application time: 0.1529596 seconds
2024-10-08T01:15:25.256+0300: 1428.609: Total time for which application threads were stopped: 0.0001722 seconds, Stopping threads took: 0.0000852 seconds
2024-10-08T01:15:25.805+0300: 1429.148: Application time: 0.5388329 seconds
2024-10-08T01:15:25.805+0300: 1429.148: Total time for which application threads were stopped: 0.0001889 seconds, Stopping threads took: 0.0000644 seconds
2024-10-08T01:15:25.805+0300: 1429.148: Application time: 0.0004167 seconds
2024-10-08T01:15:25.805+0300: 1429.148: Total time for which application threads were stopped: 0.0000484 seconds, Stopping threads took: 0.0000278 seconds
2024-10-08T01:15:25.805+0300: 1429.149: Application time: 0.0002439 seconds
2024-10-08T01:15:25.805+0300: 1429.149: Total time for which application threads were stopped: 0.0000201 seconds, Stopping threads took: 0.0000130 seconds
2024-10-08T01:15:25.805+0300: 1429.149: Application time: 0.0001771 seconds
2024-10-08T01:15:25.805+0300: 1429.149: Total time for which application threads were stopped: 0.0000313 seconds, Stopping threads took: 0.0000167 seconds
2024-10-08T01:15:25.805+0300: 1429.150: Application time: 0.0009271 seconds
2024-10-08T01:15:25.805+0300: 1429.150: Total time for which application threads were stopped: 0.0002530 seconds, Stopping threads took: 0.0002423 seconds
2024-10-08T01:15:25.805+0300: 1429.159: Application time: 0.0086044 seconds
2024-10-08T01:15:25.805+0300: 1429.159: Total time for which application threads were stopped: 0.0000359 seconds, Stopping threads took: 0.0000173 seconds
Heap
 par new generation   total 460096K, used 424401K [0x00000005c0000000, 0x00000005df330000, 0x00000005df330000)
  eden space 409024K,  91% used [0x00000005c0000000, 0x00000005d6c94c30, 0x00000005d8f70000)
  from space 51072K,  99% used [0x00000005d8f70000, 0x00000005dc14f850, 0x00000005dc150000)
  to   space 51072K,   0% used [0x00000005dc150000, 0x00000005dc150000, 0x00000005df330000)
 concurrent mark-sweep generation total 7877440K, used 314986K [0x00000005df330000, 0x00000007c0000000, 0x00000007c0000000)
 Metaspace       used 15765K, capacity 15940K, committed 16128K, reserved 1062912K
  class space    used 1647K, capacity 1718K, committed 1792K, reserved 1048576K
2024-10-08T01:15:25.915+0300: 1429.258: Application time: 0.0994335 seconds
