[0.020s][info][gc] Using Parallel
[0.020s][info][gc,heap,coops] Heap address: 0x0000000700000000, size: 4096 MB, Compressed Oops mode: Zero based, Oop shift amount: 3
[1.290s][info][gc,start     ] GC(0) Pause Young (System.gc())
[1.343s][info][gc,heap      ] GC(0) PSYoungGen: 272636K->84039K(1223168K)
[1.343s][info][gc,heap      ] GC(0) ParOldGen: 0K->16K(2796544K)
[1.343s][info][gc,metaspace ] GC(0) Metaspace: 17338K(18048K)->17338K(18048K) NonClass: 15353K(15872K)->15353K(15872K) Class: 1985K(2176K)->1985K(2176K)
[1.354s][info][gc           ] GC(0) Pause Young (System.gc()) 266M->82M(3925M) 63.662ms
[1.354s][info][gc,cpu       ] GC(0) User=0.23s Sys=0.00s Real=0.06s
[1.354s][info][gc,start     ] GC(1) Pause Full (System.gc())
[1.354s][info][gc,phases,start] GC(1) Marking Phase
[1.417s][info][gc,phases      ] GC(1) Marking Phase 63.239ms
[1.417s][info][gc,phases,start] GC(1) Summary Phase
[1.417s][info][gc,phases      ] GC(1) Summary Phase 0.032ms
[1.417s][info][gc,phases,start] GC(1) Adjust Roots
[1.421s][info][gc,phases      ] GC(1) Adjust Roots 3.627ms
[1.421s][info][gc,phases,start] GC(1) Compaction Phase
[1.506s][info][gc,phases      ] GC(1) Compaction Phase 84.658ms
[1.506s][info][gc,phases,start] GC(1) Post Compact
[1.507s][info][gc,phases      ] GC(1) Post Compact 1.073ms
[1.507s][info][gc,heap        ] GC(1) PSYoungGen: 84039K->0K(1223168K)
[1.507s][info][gc,heap        ] GC(1) ParOldGen: 16K->83878K(2796544K)
[1.507s][info][gc,metaspace   ] GC(1) Metaspace: 17338K(18048K)->17338K(18048K) NonClass: 15353K(15872K)->15353K(15872K) Class: 1985K(2176K)->1985K(2176K)
[1.507s][info][gc             ] GC(1) Pause Full (System.gc()) 82M->81M(3925M) 152.957ms
[1.507s][info][gc,cpu         ] GC(1) User=0.20s Sys=0.00s Real=0.15s
[2.403s][info][gc,start       ] GC(2) Pause Young (Allocation Failure)
[2.405s][info][gc,heap        ] GC(2) PSYoungGen: 1048576K->2953K(1223168K)
[2.405s][info][gc,heap        ] GC(2) ParOldGen: 83878K->83886K(2796544K)
[2.405s][info][gc,metaspace   ] GC(2) Metaspace: 20461K(21120K)->20461K(21120K) NonClass: 18047K(18432K)->18047K(18432K) Class: 2413K(2688K)->2413K(2688K)
[2.405s][info][gc             ] GC(2) Pause Young (Allocation Failure) 1105M->84M(3925M) 2.450ms
[2.405s][info][gc,cpu         ] GC(2) User=0.00s Sys=0.00s Real=0.00s
[2.810s][info][gc,start       ] GC(3) Pause Young (Allocation Failure)
[2.812s][info][gc,heap        ] GC(3) PSYoungGen: 1051529K->2175K(1223168K)
[2.812s][info][gc,heap        ] GC(3) ParOldGen: 83886K->83894K(2796544K)
[2.812s][info][gc,metaspace   ] GC(3) Metaspace: 20464K(21120K)->20464K(21120K) NonClass: 18050K(18432K)->18050K(18432K) Class: 2413K(2688K)->2413K(2688K)
[2.812s][info][gc             ] GC(3) Pause Young (Allocation Failure) 1108M->84M(3925M) 1.355ms
[2.812s][info][gc,cpu         ] GC(3) User=0.00s Sys=0.00s Real=0.00s
[3.204s][info][gc,start       ] GC(4) Pause Young (Allocation Failure)
[3.206s][info][gc,heap        ] GC(4) PSYoungGen: 1050751K->3130K(1223168K)
[3.206s][info][gc,heap        ] GC(4) ParOldGen: 83894K->83902K(2796544K)
[3.206s][info][gc,metaspace   ] GC(4) Metaspace: 20477K(21376K)->20477K(21376K) NonClass: 18063K(18688K)->18063K(18688K) Class: 2413K(2688K)->2413K(2688K)
[3.206s][info][gc             ] GC(4) Pause Young (Allocation Failure) 1108M->84M(3925M) 1.884ms
[3.206s][info][gc,cpu         ] GC(4) User=0.00s Sys=0.00s Real=0.00s
[3.575s][info][gc,start       ] GC(5) Pause Young (Allocation Failure)
[3.576s][info][gc,heap        ] GC(5) PSYoungGen: 1051706K->2012K(1223168K)
[3.576s][info][gc,heap        ] GC(5) ParOldGen: 83902K->83910K(2796544K)
[3.576s][info][gc,metaspace   ] GC(5) Metaspace: 20478K(21376K)->20478K(21376K) NonClass: 18064K(18688K)->18064K(18688K) Class: 2413K(2688K)->2413K(2688K)
[3.576s][info][gc             ] GC(5) Pause Young (Allocation Failure) 1108M->83M(3925M) 1.077ms
[3.576s][info][gc,cpu         ] GC(5) User=0.00s Sys=0.00s Real=0.00s
[3.933s][info][gc,start       ] GC(6) Pause Young (Allocation Failure)
[3.934s][info][gc,heap        ] GC(6) PSYoungGen: 1050588K->3580K(1321984K)
[3.934s][info][gc,heap        ] GC(6) ParOldGen: 83910K->83918K(2796544K)
[3.934s][info][gc,metaspace   ] GC(6) Metaspace: 20479K(21376K)->20479K(21376K) NonClass: 18065K(18688K)->18065K(18688K) Class: 2413K(2688K)->2413K(2688K)
[3.934s][info][gc             ] GC(6) Pause Young (Allocation Failure) 1107M->85M(4022M) 1.577ms
[3.934s][info][gc,cpu         ] GC(6) User=0.00s Sys=0.00s Real=0.00s
[4.344s][info][gc,start       ] GC(7) Pause Young (Allocation Failure)
[4.346s][info][gc,heap        ] GC(7) PSYoungGen: 1150972K->3366K(1223168K)
[4.346s][info][gc,heap        ] GC(7) ParOldGen: 83918K->83926K(2796544K)
[4.346s][info][gc,metaspace   ] GC(7) Metaspace: 20481K(21376K)->20481K(21376K) NonClass: 18067K(18688K)->18067K(18688K) Class: 2413K(2688K)->2413K(2688K)
[4.346s][info][gc             ] GC(7) Pause Young (Allocation Failure) 1205M->85M(3925M) 1.843ms
[4.346s][info][gc,cpu         ] GC(7) User=0.00s Sys=0.00s Real=0.00s
[4.749s][info][gc,start       ] GC(8) Pause Young (Allocation Failure)
[4.751s][info][gc,heap        ] GC(8) PSYoungGen: 1150758K->1105K(1331200K)
[4.751s][info][gc,heap        ] GC(8) ParOldGen: 83926K->85433K(2796544K)
[4.751s][info][gc,metaspace   ] GC(8) Metaspace: 20481K(21376K)->20481K(21376K) NonClass: 18067K(18688K)->18067K(18688K) Class: 2413K(2688K)->2413K(2688K)
[4.751s][info][gc             ] GC(8) Pause Young (Allocation Failure) 1205M->84M(4031M) 1.623ms
[4.751s][info][gc,cpu         ] GC(8) User=0.00s Sys=0.00s Real=0.00s
[5.210s][info][gc,start       ] GC(9) Pause Young (Allocation Failure)
[5.213s][info][gc,heap        ] GC(9) PSYoungGen: 1261649K->1156K(1327104K)
[5.213s][info][gc,heap        ] GC(9) ParOldGen: 85433K->85473K(2796544K)
[5.213s][info][gc,metaspace   ] GC(9) Metaspace: 20481K(21376K)->20481K(21376K) NonClass: 18067K(18688K)->18067K(18688K) Class: 2413K(2688K)->2413K(2688K)
[5.213s][info][gc             ] GC(9) Pause Young (Allocation Failure) 1315M->84M(4027M) 3.121ms
[5.213s][info][gc,cpu         ] GC(9) User=0.00s Sys=0.00s Real=0.00s
[5.708s][info][gc,start       ] GC(10) Pause Young (Allocation Failure)
[5.709s][info][gc,heap        ] GC(10) PSYoungGen: 1261700K->1684K(1338368K)
[5.709s][info][gc,heap        ] GC(10) ParOldGen: 85473K->85481K(2796544K)
[5.709s][info][gc,metaspace   ] GC(10) Metaspace: 20481K(21376K)->20481K(21376K) NonClass: 18067K(18688K)->18067K(18688K) Class: 2413K(2688K)->2413K(2688K)
[5.709s][info][gc             ] GC(10) Pause Young (Allocation Failure) 1315M->85M(4038M) 1.032ms
[5.709s][info][gc,cpu         ] GC(10) User=0.02s Sys=0.00s Real=0.00s
[5.769s][info][gc,start       ] GC(11) Pause Young (System.gc())
[5.769s][info][gc,heap        ] GC(11) PSYoungGen: 147954K->160K(1334784K)
[5.769s][info][gc,heap        ] GC(11) ParOldGen: 85481K->85497K(2796544K)
[5.769s][info][gc,metaspace   ] GC(11) Metaspace: 20511K(21376K)->20511K(21376K) NonClass: 18094K(18688K)->18094K(18688K) Class: 2417K(2688K)->2417K(2688K)
[5.769s][info][gc             ] GC(11) Pause Young (System.gc()) 227M->83M(4034M) 0.619ms
[5.769s][info][gc,cpu         ] GC(11) User=0.00s Sys=0.00s Real=0.00s
[5.769s][info][gc,start       ] GC(12) Pause Full (System.gc())
[5.769s][info][gc,phases,start] GC(12) Marking Phase
[5.834s][info][gc,phases      ] GC(12) Marking Phase 64.284ms
[5.834s][info][gc,phases,start] GC(12) Summary Phase
[5.834s][info][gc,phases      ] GC(12) Summary Phase 0.013ms
[5.834s][info][gc,phases,start] GC(12) Adjust Roots
[5.837s][info][gc,phases      ] GC(12) Adjust Roots 3.028ms
[5.837s][info][gc,phases,start] GC(12) Compaction Phase
[5.919s][info][gc,phases      ] GC(12) Compaction Phase 82.046ms
[5.919s][info][gc,phases,start] GC(12) Post Compact
[5.920s][info][gc,phases      ] GC(12) Post Compact 0.996ms
[5.920s][info][gc,heap        ] GC(12) PSYoungGen: 160K->0K(1334784K)
[5.920s][info][gc,heap        ] GC(12) ParOldGen: 85497K->85352K(2796544K)
[5.920s][info][gc,metaspace   ] GC(12) Metaspace: 20511K(21376K)->20484K(21376K) NonClass: 18094K(18688K)->18076K(18688K) Class: 2417K(2688K)->2407K(2688K)
[5.920s][info][gc             ] GC(12) Pause Full (System.gc()) 83M->83M(4034M) 150.746ms
[5.920s][info][gc,cpu         ] GC(12) User=0.28s Sys=0.00s Real=0.15s
[6.413s][info][gc,start       ] GC(13) Pause Young (Allocation Failure)
[6.414s][info][gc,heap        ] GC(13) PSYoungGen: 1275392K->1081K(1344512K)
[6.414s][info][gc,heap        ] GC(13) ParOldGen: 85352K->85352K(2796544K)
[6.414s][info][gc,metaspace   ] GC(13) Metaspace: 20484K(21376K)->20484K(21376K) NonClass: 18076K(18688K)->18076K(18688K) Class: 2407K(2688K)->2407K(2688K)
[6.414s][info][gc             ] GC(13) Pause Young (Allocation Failure) 1328M->84M(4044M) 1.440ms
[6.414s][info][gc,cpu         ] GC(13) User=0.00s Sys=0.00s Real=0.00s
[6.899s][info][gc,start       ] GC(14) Pause Young (Allocation Failure)
[6.901s][info][gc,heap        ] GC(14) PSYoungGen: 1289273K->2113K(1341440K)
[6.901s][info][gc,heap        ] GC(14) ParOldGen: 85352K->85368K(2796544K)
[6.901s][info][gc,metaspace   ] GC(14) Metaspace: 20485K(21376K)->20485K(21376K) NonClass: 18078K(18688K)->18078K(18688K) Class: 2407K(2688K)->2407K(2688K)
[6.901s][info][gc             ] GC(14) Pause Young (Allocation Failure) 1342M->85M(4041M) 2.105ms
[6.901s][info][gc,cpu         ] GC(14) User=0.00s Sys=0.00s Real=0.00s
[7.387s][info][gc,start       ] GC(15) Pause Young (Allocation Failure)
[7.399s][info][gc,heap        ] GC(15) PSYoungGen: 1290214K->2561K(1351168K)
[7.399s][info][gc,heap        ] GC(15) ParOldGen: 85368K->85392K(2796544K)
[7.399s][info][gc,metaspace   ] GC(15) Metaspace: 20486K(21376K)->20486K(21376K) NonClass: 18079K(18688K)->18079K(18688K) Class: 2407K(2688K)->2407K(2688K)
[7.399s][info][gc             ] GC(15) Pause Young (Allocation Failure) 1343M->85M(4050M) 12.198ms
[7.399s][info][gc,cpu         ] GC(15) User=0.00s Sys=0.00s Real=0.01s
[7.857s][info][gc,start       ] GC(16) Pause Young (Allocation Failure)
[7.858s][info][gc,heap        ] GC(16) PSYoungGen: 1303553K->2154K(1347584K)
[7.858s][info][gc,heap        ] GC(16) ParOldGen: 85392K->85392K(2796544K)
[7.858s][info][gc,metaspace   ] GC(16) Metaspace: 20486K(21376K)->20486K(21376K) NonClass: 18079K(18688K)->18079K(18688K) Class: 2407K(2688K)->2407K(2688K)
[7.858s][info][gc             ] GC(16) Pause Young (Allocation Failure) 1356M->85M(4047M) 1.331ms
[7.858s][info][gc,cpu         ] GC(16) User=0.00s Sys=0.00s Real=0.00s
[8.326s][info][gc,start       ] GC(17) Pause Young (Allocation Failure)
[8.328s][info][gc,heap        ] GC(17) PSYoungGen: 1303146K->2210K(1356800K)
[8.328s][info][gc,heap        ] GC(17) ParOldGen: 85392K->85416K(2796544K)
[8.328s][info][gc,metaspace   ] GC(17) Metaspace: 20486K(21376K)->20486K(21376K) NonClass: 18079K(18688K)->18079K(18688K) Class: 2407K(2688K)->2407K(2688K)
[8.328s][info][gc             ] GC(17) Pause Young (Allocation Failure) 1355M->85M(4056M) 1.193ms
[8.328s][info][gc,cpu         ] GC(17) User=0.00s Sys=0.00s Real=0.00s
[8.789s][info][gc,start       ] GC(18) Pause Young (Allocation Failure)
[8.791s][info][gc,heap        ] GC(18) PSYoungGen: 1315490K->2534K(1354240K)
[8.791s][info][gc,heap        ] GC(18) ParOldGen: 85416K->85416K(2796544K)
[8.791s][info][gc,metaspace   ] GC(18) Metaspace: 20486K(21376K)->20486K(21376K) NonClass: 18079K(18688K)->18079K(18688K) Class: 2407K(2688K)->2407K(2688K)
[8.791s][info][gc             ] GC(18) Pause Young (Allocation Failure) 1368M->85M(4053M) 1.442ms
[8.791s][info][gc,cpu         ] GC(18) User=0.00s Sys=0.00s Real=0.00s
[9.259s][info][gc,start       ] GC(19) Pause Young (Allocation Failure)
[9.260s][info][gc,heap        ] GC(19) PSYoungGen: 1315814K->2616K(1361920K)
[9.260s][info][gc,heap        ] GC(19) ParOldGen: 85416K->85440K(2796544K)
[9.260s][info][gc,metaspace   ] GC(19) Metaspace: 20486K(21376K)->20486K(21376K) NonClass: 18079K(18688K)->18079K(18688K) Class: 2407K(2688K)->2407K(2688K)
[9.260s][info][gc             ] GC(19) Pause Young (Allocation Failure) 1368M->85M(4061M) 1.446ms
[9.260s][info][gc,cpu         ] GC(19) User=0.00s Sys=0.00s Real=0.00s
[9.610s][info][gc,start       ] GC(20) Pause Young (System.gc())
[9.610s][info][gc,heap        ] GC(20) PSYoungGen: 971321K->128K(1359360K)
[9.610s][info][gc,heap        ] GC(20) ParOldGen: 85440K->85496K(2796544K)
[9.610s][info][gc,metaspace   ] GC(20) Metaspace: 20487K(21376K)->20487K(21376K) NonClass: 18079K(18688K)->18079K(18688K) Class: 2407K(2688K)->2407K(2688K)
[9.610s][info][gc             ] GC(20) Pause Young (System.gc()) 1031M->83M(4058M) 0.546ms
[9.610s][info][gc,cpu         ] GC(20) User=0.00s Sys=0.00s Real=0.00s
[9.610s][info][gc,start       ] GC(21) Pause Full (System.gc())
[9.610s][info][gc,phases,start] GC(21) Marking Phase
[9.670s][info][gc,phases      ] GC(21) Marking Phase 59.741ms
[9.670s][info][gc,phases,start] GC(21) Summary Phase
[9.670s][info][gc,phases      ] GC(21) Summary Phase 0.011ms
[9.670s][info][gc,phases,start] GC(21) Adjust Roots
[9.671s][info][gc,phases      ] GC(21) Adjust Roots 1.284ms
[9.671s][info][gc,phases,start] GC(21) Compaction Phase
[9.688s][info][gc,phases      ] GC(21) Compaction Phase 16.494ms
[9.688s][info][gc,phases,start] GC(21) Post Compact
[9.689s][info][gc,phases      ] GC(21) Post Compact 0.971ms
[9.689s][info][gc,heap        ] GC(21) PSYoungGen: 128K->0K(1359360K)
[9.689s][info][gc,heap        ] GC(21) ParOldGen: 85496K->85385K(2796544K)
[9.689s][info][gc,metaspace   ] GC(21) Metaspace: 20487K(21376K)->20487K(21376K) NonClass: 18079K(18688K)->18079K(18688K) Class: 2407K(2688K)->2407K(2688K)
[9.689s][info][gc             ] GC(21) Pause Full (System.gc()) 83M->83M(4058M) 78.783ms
[9.689s][info][gc,cpu         ] GC(21) User=0.30s Sys=0.00s Real=0.08s
[10.163s][info][gc,start       ] GC(22) Pause Young (Allocation Failure)
[10.164s][info][gc,heap        ] GC(22) PSYoungGen: 1323520K->1088K(1366016K)
[10.164s][info][gc,heap        ] GC(22) ParOldGen: 85385K->85385K(2796544K)
[10.164s][info][gc,metaspace   ] GC(22) Metaspace: 20487K(21376K)->20487K(21376K) NonClass: 18080K(18688K)->18080K(18688K) Class: 2407K(2688K)->2407K(2688K)
[10.164s][info][gc             ] GC(22) Pause Young (Allocation Failure) 1375M->84M(4065M) 1.188ms
[10.164s][info][gc,cpu         ] GC(22) User=0.00s Sys=0.00s Real=0.00s
[10.637s][info][gc,start       ] GC(23) Pause Young (Allocation Failure)
[10.638s][info][gc,heap        ] GC(23) PSYoungGen: 1333312K->2554K(1363968K)
[10.638s][info][gc,heap        ] GC(23) ParOldGen: 85385K->85401K(2796544K)
[10.638s][info][gc,metaspace   ] GC(23) Metaspace: 20487K(21376K)->20487K(21376K) NonClass: 18080K(18688K)->18080K(18688K) Class: 2407K(2688K)->2407K(2688K)
[10.638s][info][gc             ] GC(23) Pause Young (Allocation Failure) 1385M->85M(4063M) 1.281ms
[10.639s][info][gc,cpu         ] GC(23) User=0.00s Sys=0.00s Real=0.00s
[11.105s][info][gc,start       ] GC(24) Pause Young (Allocation Failure)
[11.106s][info][gc,heap        ] GC(24) PSYoungGen: 1334778K->1545K(1370624K)
[11.106s][info][gc,heap        ] GC(24) ParOldGen: 85401K->85425K(2796544K)
[11.106s][info][gc,metaspace   ] GC(24) Metaspace: 20487K(21376K)->20487K(21376K) NonClass: 18080K(18688K)->18080K(18688K) Class: 2407K(2688K)->2407K(2688K)
[11.106s][info][gc             ] GC(24) Pause Young (Allocation Failure) 1386M->84M(4069M) 0.944ms
[11.106s][info][gc,cpu         ] GC(24) User=0.00s Sys=0.00s Real=0.00s
[11.590s][info][gc,start       ] GC(25) Pause Young (Allocation Failure)
[11.591s][info][gc,heap        ] GC(25) PSYoungGen: 1342985K->690K(1368576K)
[11.591s][info][gc,heap        ] GC(25) ParOldGen: 85425K->85425K(2796544K)
[11.591s][info][gc,metaspace   ] GC(25) Metaspace: 20487K(21376K)->20487K(21376K) NonClass: 18080K(18688K)->18080K(18688K) Class: 2407K(2688K)->2407K(2688K)
[11.591s][info][gc             ] GC(25) Pause Young (Allocation Failure) 1394M->84M(4067M) 1.403ms
[11.591s][info][gc,cpu         ] GC(25) User=0.00s Sys=0.00s Real=0.00s
[12.059s][info][gc,start       ] GC(26) Pause Young (Allocation Failure)
[12.059s][info][gc,heap        ] GC(26) PSYoungGen: 1342130K->128K(1373696K)
[12.060s][info][gc,heap        ] GC(26) ParOldGen: 85425K->85449K(2796544K)
[12.060s][info][gc,metaspace   ] GC(26) Metaspace: 20487K(21376K)->20487K(21376K) NonClass: 18080K(18688K)->18080K(18688K) Class: 2407K(2688K)->2407K(2688K)
[12.060s][info][gc             ] GC(26) Pause Young (Allocation Failure) 1394M->83M(4072M) 0.918ms
[12.060s][info][gc,cpu         ] GC(26) User=0.00s Sys=0.00s Real=0.00s
[12.532s][info][gc,start       ] GC(27) Pause Young (Allocation Failure)
[12.533s][info][gc,heap        ] GC(27) PSYoungGen: 1348224K->2365K(1372160K)
[12.533s][info][gc,heap        ] GC(27) ParOldGen: 85449K->85449K(2796544K)
[12.533s][info][gc,metaspace   ] GC(27) Metaspace: 20487K(21376K)->20487K(21376K) NonClass: 18080K(18688K)->18080K(18688K) Class: 2407K(2688K)->2407K(2688K)
[12.533s][info][gc             ] GC(27) Pause Young (Allocation Failure) 1400M->85M(4071M) 1.261ms
[12.533s][info][gc,cpu         ] GC(27) User=0.00s Sys=0.00s Real=0.00s
[13.007s][info][gc,start       ] GC(28) Pause Young (Allocation Failure)
[13.009s][info][gc,heap        ] GC(28) PSYoungGen: 1350461K->2126K(1377280K)
[13.009s][info][gc,heap        ] GC(28) ParOldGen: 85449K->85465K(2796544K)
[13.009s][info][gc,metaspace   ] GC(28) Metaspace: 20490K(21376K)->20490K(21376K) NonClass: 18082K(18688K)->18082K(18688K) Class: 2407K(2688K)->2407K(2688K)
[13.009s][info][gc             ] GC(28) Pause Young (Allocation Failure) 1402M->85M(4076M) 2.012ms
[13.009s][info][gc,cpu         ] GC(28) User=0.00s Sys=0.00s Real=0.00s
[13.255s][info][gc,start       ] GC(29) Pause Young (System.gc())
[13.256s][info][gc,heap        ] GC(29) PSYoungGen: 677726K->96K(1375232K)
[13.256s][info][gc,heap        ] GC(29) ParOldGen: 85465K->85465K(2796544K)
[13.256s][info][gc,metaspace   ] GC(29) Metaspace: 20491K(21376K)->20491K(21376K) NonClass: 18083K(18688K)->18083K(18688K) Class: 2407K(2688K)->2407K(2688K)
[13.256s][info][gc             ] GC(29) Pause Young (System.gc()) 745M->83M(4074M) 0.599ms
[13.256s][info][gc,cpu         ] GC(29) User=0.00s Sys=0.00s Real=0.00s
[13.256s][info][gc,start       ] GC(30) Pause Full (System.gc())
[13.256s][info][gc,phases,start] GC(30) Marking Phase
[13.311s][info][gc,phases      ] GC(30) Marking Phase 55.372ms
[13.311s][info][gc,phases,start] GC(30) Summary Phase
[13.311s][info][gc,phases      ] GC(30) Summary Phase 0.013ms
[13.311s][info][gc,phases,start] GC(30) Adjust Roots
[13.312s][info][gc,phases      ] GC(30) Adjust Roots 1.275ms
[13.312s][info][gc,phases,start] GC(30) Compaction Phase
[13.329s][info][gc,phases      ] GC(30) Compaction Phase 16.712ms
[13.329s][info][gc,phases,start] GC(30) Post Compact
[13.330s][info][gc,phases      ] GC(30) Post Compact 0.912ms
[13.330s][info][gc,heap        ] GC(30) PSYoungGen: 96K->0K(1375232K)
[13.330s][info][gc,heap        ] GC(30) ParOldGen: 85465K->85385K(2796544K)
[13.330s][info][gc,metaspace   ] GC(30) Metaspace: 20491K(21376K)->20491K(21376K) NonClass: 18083K(18688K)->18083K(18688K) Class: 2407K(2688K)->2407K(2688K)
[13.330s][info][gc             ] GC(30) Pause Full (System.gc()) 83M->83M(4074M) 74.592ms
[13.330s][info][gc,cpu         ] GC(30) User=0.39s Sys=0.00s Real=0.07s
[13.820s][info][gc,start       ] GC(31) Pause Young (Allocation Failure)
[13.821s][info][gc,heap        ] GC(31) PSYoungGen: 1354752K->192K(1379328K)
[13.821s][info][gc,heap        ] GC(31) ParOldGen: 85385K->85385K(2796544K)
[13.821s][info][gc,metaspace   ] GC(31) Metaspace: 20492K(21376K)->20492K(21376K) NonClass: 18084K(18688K)->18084K(18688K) Class: 2407K(2688K)->2407K(2688K)
[13.821s][info][gc             ] GC(31) Pause Young (Allocation Failure) 1406M->83M(4078M) 0.479ms
[13.821s][info][gc,cpu         ] GC(31) User=0.00s Sys=0.00s Real=0.00s
[14.307s][info][gc,start       ] GC(32) Pause Young (Allocation Failure)
[14.308s][info][gc,heap        ] GC(32) PSYoungGen: 1360064K->633K(1378304K)
[14.308s][info][gc,heap        ] GC(32) ParOldGen: 85385K->85401K(2796544K)
[14.308s][info][gc,metaspace   ] GC(32) Metaspace: 20492K(21376K)->20492K(21376K) NonClass: 18084K(18688K)->18084K(18688K) Class: 2407K(2688K)->2407K(2688K)
[14.308s][info][gc             ] GC(32) Pause Young (Allocation Failure) 1411M->84M(4077M) 0.999ms
[14.308s][info][gc,cpu         ] GC(32) User=0.00s Sys=0.00s Real=0.00s
[14.785s][info][gc,start       ] GC(33) Pause Young (Allocation Failure)
[14.785s][info][gc,heap        ] GC(33) PSYoungGen: 1360505K->889K(1381888K)
[14.785s][info][gc,heap        ] GC(33) ParOldGen: 85401K->85425K(2796544K)
[14.785s][info][gc,metaspace   ] GC(33) Metaspace: 20492K(21376K)->20492K(21376K) NonClass: 18084K(18688K)->18084K(18688K) Class: 2407K(2688K)->2407K(2688K)
[14.785s][info][gc             ] GC(33) Pause Young (Allocation Failure) 1412M->84M(4080M) 0.815ms
[14.785s][info][gc,cpu         ] GC(33) User=0.00s Sys=0.00s Real=0.00s
[15.297s][info][gc,start       ] GC(34) Pause Young (Allocation Failure)
[15.298s][info][gc,heap        ] GC(34) PSYoungGen: 1365369K->1317K(1380352K)
[15.298s][info][gc,heap        ] GC(34) ParOldGen: 85425K->85425K(2796544K)
[15.298s][info][gc,metaspace   ] GC(34) Metaspace: 20492K(21376K)->20492K(21376K) NonClass: 18084K(18688K)->18084K(18688K) Class: 2407K(2688K)->2407K(2688K)
[15.298s][info][gc             ] GC(34) Pause Young (Allocation Failure) 1416M->84M(4079M) 1.282ms
[15.298s][info][gc,cpu         ] GC(34) User=0.00s Sys=0.00s Real=0.00s
[15.813s][info][gc,start       ] GC(35) Pause Young (Allocation Failure)
[15.814s][info][gc,heap        ] GC(35) PSYoungGen: 1365797K->2038K(1383936K)
[15.814s][info][gc,heap        ] GC(35) ParOldGen: 85425K->85449K(2796544K)
[15.814s][info][gc,metaspace   ] GC(35) Metaspace: 20492K(21376K)->20492K(21376K) NonClass: 18084K(18688K)->18084K(18688K) Class: 2407K(2688K)->2407K(2688K)
[15.815s][info][gc             ] GC(35) Pause Young (Allocation Failure) 1417M->85M(4082M) 1.290ms
[15.815s][info][gc,cpu         ] GC(35) User=0.00s Sys=0.00s Real=0.00s
[16.322s][info][gc,start       ] GC(36) Pause Young (Allocation Failure)
[16.323s][info][gc,heap        ] GC(36) PSYoungGen: 1371126K->2259K(1382912K)
[16.323s][info][gc,heap        ] GC(36) ParOldGen: 85449K->85449K(2796544K)
[16.323s][info][gc,metaspace   ] GC(36) Metaspace: 20492K(21376K)->20492K(21376K) NonClass: 18084K(18688K)->18084K(18688K) Class: 2407K(2688K)->2407K(2688K)
[16.323s][info][gc             ] GC(36) Pause Young (Allocation Failure) 1422M->85M(4081M) 1.290ms
[16.323s][info][gc,cpu         ] GC(36) User=0.00s Sys=0.00s Real=0.00s
[16.831s][info][gc,start       ] GC(37) Pause Young (Allocation Failure)
[16.832s][info][gc,heap        ] GC(37) PSYoungGen: 1371347K->825K(1385984K)
[16.832s][info][gc,heap        ] GC(37) ParOldGen: 85449K->85473K(2796544K)
[16.832s][info][gc,metaspace   ] GC(37) Metaspace: 20492K(21376K)->20492K(21376K) NonClass: 18084K(18688K)->18084K(18688K) Class: 2407K(2688K)->2407K(2688K)
[16.832s][info][gc             ] GC(37) Pause Young (Allocation Failure) 1422M->84M(4084M) 0.834ms
[16.832s][info][gc,cpu         ] GC(37) User=0.00s Sys=0.00s Real=0.00s
[17.017s][info][gc,start       ] GC(38) Pause Young (System.gc())
[17.018s][info][gc,heap        ] GC(38) PSYoungGen: 505624K->64K(1385472K)
[17.018s][info][gc,heap        ] GC(38) ParOldGen: 85473K->85529K(2796544K)
[17.018s][info][gc,metaspace   ] GC(38) Metaspace: 20492K(21376K)->20492K(21376K) NonClass: 18084K(18688K)->18084K(18688K) Class: 2407K(2688K)->2407K(2688K)
[17.018s][info][gc             ] GC(38) Pause Young (System.gc()) 577M->83M(4084M) 0.556ms
[17.018s][info][gc,cpu         ] GC(38) User=0.00s Sys=0.00s Real=0.00s
[17.018s][info][gc,start       ] GC(39) Pause Full (System.gc())
[17.018s][info][gc,phases,start] GC(39) Marking Phase
[17.092s][info][gc,phases      ] GC(39) Marking Phase 74.182ms
[17.092s][info][gc,phases,start] GC(39) Summary Phase
[17.092s][info][gc,phases      ] GC(39) Summary Phase 0.013ms
[17.092s][info][gc,phases,start] GC(39) Adjust Roots
[17.094s][info][gc,phases      ] GC(39) Adjust Roots 1.403ms
[17.094s][info][gc,phases,start] GC(39) Compaction Phase
[17.110s][info][gc,phases      ] GC(39) Compaction Phase 16.310ms
[17.110s][info][gc,phases,start] GC(39) Post Compact
[17.111s][info][gc,phases      ] GC(39) Post Compact 0.907ms
[17.111s][info][gc,heap        ] GC(39) PSYoungGen: 64K->0K(1385472K)
[17.111s][info][gc,heap        ] GC(39) ParOldGen: 85529K->85418K(2796544K)
[17.111s][info][gc,metaspace   ] GC(39) Metaspace: 20492K(21376K)->20492K(21376K) NonClass: 18084K(18688K)->18084K(18688K) Class: 2407K(2688K)->2407K(2688K)
[17.111s][info][gc             ] GC(39) Pause Full (System.gc()) 83M->83M(4084M) 93.127ms
[17.111s][info][gc,cpu         ] GC(39) User=0.39s Sys=0.00s Real=0.09s
[17.624s][info][gc,start       ] GC(40) Pause Young (Allocation Failure)
[17.625s][info][gc,heap        ] GC(40) PSYoungGen: 1373696K->1201K(1387520K)
[17.625s][info][gc,heap        ] GC(40) ParOldGen: 85418K->85418K(2796544K)
[17.625s][info][gc,metaspace   ] GC(40) Metaspace: 20492K(21376K)->20492K(21376K) NonClass: 18084K(18688K)->18084K(18688K) Class: 2407K(2688K)->2407K(2688K)
[17.625s][info][gc             ] GC(40) Pause Young (Allocation Failure) 1424M->84M(4086M) 1.096ms
[17.625s][info][gc,cpu         ] GC(40) User=0.00s Sys=0.00s Real=0.00s
[18.148s][info][gc,start       ] GC(41) Pause Young (Allocation Failure)
[18.149s][info][gc,heap        ] GC(41) PSYoungGen: 1377457K->2753K(1386496K)
[18.149s][info][gc,heap        ] GC(41) ParOldGen: 85418K->85426K(2796544K)
[18.149s][info][gc,metaspace   ] GC(41) Metaspace: 20492K(21376K)->20492K(21376K) NonClass: 18084K(18688K)->18084K(18688K) Class: 2407K(2688K)->2407K(2688K)
[18.149s][info][gc             ] GC(41) Pause Young (Allocation Failure) 1428M->86M(4085M) 1.583ms
[18.149s][info][gc,cpu         ] GC(41) User=0.00s Sys=0.00s Real=0.00s
[18.649s][info][gc,start       ] GC(42) Pause Young (Allocation Failure)
[18.650s][info][gc,heap        ] GC(42) PSYoungGen: 1379009K->857K(1388544K)
[18.650s][info][gc,heap        ] GC(42) ParOldGen: 85426K->85442K(2796544K)
[18.650s][info][gc,metaspace   ] GC(42) Metaspace: 20492K(21376K)->20492K(21376K) NonClass: 18084K(18688K)->18084K(18688K) Class: 2407K(2688K)->2407K(2688K)
[18.650s][info][gc             ] GC(42) Pause Young (Allocation Failure) 1430M->84M(4087M) 0.753ms
[18.650s][info][gc,cpu         ] GC(42) User=0.00s Sys=0.00s Real=0.00s
[19.129s][info][gc,start       ] GC(43) Pause Young (Allocation Failure)
[19.130s][info][gc,heap        ] GC(43) PSYoungGen: 1379673K->1876K(1388032K)
[19.130s][info][gc,heap        ] GC(43) ParOldGen: 85442K->85442K(2796544K)
[19.130s][info][gc,metaspace   ] GC(43) Metaspace: 20492K(21376K)->20492K(21376K) NonClass: 18084K(18688K)->18084K(18688K) Class: 2407K(2688K)->2407K(2688K)
[19.130s][info][gc             ] GC(43) Pause Young (Allocation Failure) 1430M->85M(4086M) 1.426ms
[19.130s][info][gc,cpu         ] GC(43) User=0.00s Sys=0.00s Real=0.00s
[19.627s][info][gc,start       ] GC(44) Pause Young (Allocation Failure)
[19.627s][info][gc,heap        ] GC(44) PSYoungGen: 1380692K->192K(1389568K)
[19.627s][info][gc,heap        ] GC(44) ParOldGen: 85442K->85458K(2796544K)
[19.627s][info][gc,metaspace   ] GC(44) Metaspace: 20492K(21376K)->20492K(21376K) NonClass: 18084K(18688K)->18084K(18688K) Class: 2407K(2688K)->2407K(2688K)
[19.627s][info][gc             ] GC(44) Pause Young (Allocation Failure) 1431M->83M(4088M) 0.579ms
[19.627s][info][gc,cpu         ] GC(44) User=0.00s Sys=0.00s Real=0.00s
[20.117s][info][gc,start       ] GC(45) Pause Young (Allocation Failure)
[20.117s][info][gc,heap        ] GC(45) PSYoungGen: 1381056K->1682K(1389056K)
[20.117s][info][gc,heap        ] GC(45) ParOldGen: 85458K->85458K(2796544K)
[20.117s][info][gc,metaspace   ] GC(45) Metaspace: 20492K(21376K)->20492K(21376K) NonClass: 18084K(18688K)->18084K(18688K) Class: 2407K(2688K)->2407K(2688K)
[20.117s][info][gc             ] GC(45) Pause Young (Allocation Failure) 1432M->85M(4087M) 0.906ms
[20.118s][info][gc,cpu         ] GC(45) User=0.00s Sys=0.00s Real=0.00s
[20.612s][info][gc,start       ] GC(46) Pause Young (Allocation Failure)
[20.613s][info][gc,heap        ] GC(46) PSYoungGen: 1382546K->128K(1390592K)
[20.613s][info][gc,heap        ] GC(46) ParOldGen: 85458K->85482K(2796544K)
[20.613s][info][gc,metaspace   ] GC(46) Metaspace: 20492K(21376K)->20492K(21376K) NonClass: 18084K(18688K)->18084K(18688K) Class: 2407K(2688K)->2407K(2688K)
[20.613s][info][gc             ] GC(46) Pause Young (Allocation Failure) 1433M->83M(4089M) 0.696ms
[20.613s][info][gc,cpu         ] GC(46) User=0.00s Sys=0.00s Real=0.00s
[20.756s][info][gc,start       ] GC(47) Pause Young (System.gc())
[20.756s][info][gc,heap        ] GC(47) PSYoungGen: 413579K->64K(1390080K)
[20.756s][info][gc,heap        ] GC(47) ParOldGen: 85482K->85482K(2796544K)
[20.756s][info][gc,metaspace   ] GC(47) Metaspace: 20493K(21376K)->20493K(21376K) NonClass: 18085K(18688K)->18085K(18688K) Class: 2407K(2688K)->2407K(2688K)
[20.756s][info][gc             ] GC(47) Pause Young (System.gc()) 487M->83M(4088M) 0.467ms
[20.756s][info][gc,cpu         ] GC(47) User=0.00s Sys=0.00s Real=0.00s
[20.757s][info][gc,start       ] GC(48) Pause Full (System.gc())
[20.757s][info][gc,phases,start] GC(48) Marking Phase
[20.827s][info][gc,phases      ] GC(48) Marking Phase 70.466ms
[20.827s][info][gc,phases,start] GC(48) Summary Phase
[20.827s][info][gc,phases      ] GC(48) Summary Phase 0.010ms
[20.827s][info][gc,phases,start] GC(48) Adjust Roots
[20.828s][info][gc,phases      ] GC(48) Adjust Roots 1.244ms
[20.828s][info][gc,phases,start] GC(48) Compaction Phase
[20.844s][info][gc,phases      ] GC(48) Compaction Phase 16.046ms
[20.844s][info][gc,phases,start] GC(48) Post Compact
[20.845s][info][gc,phases      ] GC(48) Post Compact 0.909ms
[20.845s][info][gc,heap        ] GC(48) PSYoungGen: 64K->0K(1390080K)
[20.845s][info][gc,heap        ] GC(48) ParOldGen: 85482K->85418K(2796544K)
[20.845s][info][gc,metaspace   ] GC(48) Metaspace: 20493K(21376K)->20493K(21376K) NonClass: 18085K(18688K)->18085K(18688K) Class: 2407K(2688K)->2407K(2688K)
[20.846s][info][gc             ] GC(48) Pause Full (System.gc()) 83M->83M(4088M) 88.983ms
[20.846s][info][gc,cpu         ] GC(48) User=0.28s Sys=0.00s Real=0.09s
[21.343s][info][gc,start       ] GC(49) Pause Young (Allocation Failure)
[21.344s][info][gc,heap        ] GC(49) PSYoungGen: 1382912K->1609K(1391104K)
[21.344s][info][gc,heap        ] GC(49) ParOldGen: 85418K->85418K(2796544K)
[21.344s][info][gc,metaspace   ] GC(49) Metaspace: 20494K(21376K)->20494K(21376K) NonClass: 18086K(18688K)->18086K(18688K) Class: 2407K(2688K)->2407K(2688K)
[21.344s][info][gc             ] GC(49) Pause Young (Allocation Failure) 1433M->84M(4089M) 1.165ms
[21.344s][info][gc,cpu         ] GC(49) User=0.00s Sys=0.00s Real=0.00s
[21.833s][info][gc,start       ] GC(50) Pause Young (Allocation Failure)
[21.833s][info][gc,heap        ] GC(50) PSYoungGen: 1385545K->320K(1390592K)
[21.834s][info][gc,heap        ] GC(50) ParOldGen: 85418K->85426K(2796544K)
[21.834s][info][gc,metaspace   ] GC(50) Metaspace: 20494K(21376K)->20494K(21376K) NonClass: 18086K(18688K)->18086K(18688K) Class: 2407K(2688K)->2407K(2688K)
[21.834s][info][gc             ] GC(50) Pause Young (Allocation Failure) 1436M->83M(4089M) 0.558ms
[21.834s][info][gc,cpu         ] GC(50) User=0.00s Sys=0.00s Real=0.00s
[22.331s][info][gc,start       ] GC(51) Pause Young (Allocation Failure)
[22.333s][info][gc,heap        ] GC(51) PSYoungGen: 1384256K->1883K(1391616K)
[22.333s][info][gc,heap        ] GC(51) ParOldGen: 85426K->85450K(2796544K)
[22.333s][info][gc,metaspace   ] GC(51) Metaspace: 20494K(21376K)->20494K(21376K) NonClass: 18086K(18688K)->18086K(18688K) Class: 2407K(2688K)->2407K(2688K)
[22.333s][info][gc             ] GC(51) Pause Young (Allocation Failure) 1435M->85M(4090M) 1.200ms
[22.333s][info][gc,cpu         ] GC(51) User=0.00s Sys=0.00s Real=0.00s
[22.813s][info][gc,start       ] GC(52) Pause Young (Allocation Failure)
[22.813s][info][gc,heap        ] GC(52) PSYoungGen: 1387355K->930K(1391616K)
[22.813s][info][gc,heap        ] GC(52) ParOldGen: 85450K->85458K(2796544K)
[22.813s][info][gc,metaspace   ] GC(52) Metaspace: 20494K(21376K)->20494K(21376K) NonClass: 18086K(18688K)->18086K(18688K) Class: 2407K(2688K)->2407K(2688K)
[22.813s][info][gc             ] GC(52) Pause Young (Allocation Failure) 1438M->84M(4090M) 0.627ms
[22.813s][info][gc,cpu         ] GC(52) User=0.00s Sys=0.00s Real=0.00s
[23.303s][info][gc,start       ] GC(53) Pause Young (Allocation Failure)
[23.304s][info][gc,heap        ] GC(53) PSYoungGen: 1386402K->2914K(1392128K)
[23.304s][info][gc,heap        ] GC(53) ParOldGen: 85458K->85482K(2796544K)
[23.304s][info][gc,metaspace   ] GC(53) Metaspace: 20494K(21376K)->20494K(21376K) NonClass: 18086K(18688K)->18086K(18688K) Class: 2407K(2688K)->2407K(2688K)
[23.304s][info][gc             ] GC(53) Pause Young (Allocation Failure) 1437M->86M(4090M) 1.453ms
[23.304s][info][gc,cpu         ] GC(53) User=0.00s Sys=0.00s Real=0.00s
[23.796s][info][gc,start       ] GC(54) Pause Young (Allocation Failure)
[23.796s][info][gc,heap        ] GC(54) PSYoungGen: 1389410K->1770K(1392128K)
[23.796s][info][gc,heap        ] GC(54) ParOldGen: 85482K->85482K(2796544K)
[23.796s][info][gc,metaspace   ] GC(54) Metaspace: 20494K(21376K)->20494K(21376K) NonClass: 18086K(18688K)->18086K(18688K) Class: 2407K(2688K)->2407K(2688K)
[23.796s][info][gc             ] GC(54) Pause Young (Allocation Failure) 1440M->85M(4090M) 0.785ms
[23.796s][info][gc,cpu         ] GC(54) User=0.00s Sys=0.00s Real=0.00s
[24.294s][info][gc,start       ] GC(55) Pause Young (Allocation Failure)
[24.295s][info][gc,heap        ] GC(55) PSYoungGen: 1388266K->320K(1392640K)
[24.295s][info][gc,heap        ] GC(55) ParOldGen: 85482K->85498K(2796544K)
[24.295s][info][gc,metaspace   ] GC(55) Metaspace: 20494K(21376K)->20494K(21376K) NonClass: 18086K(18688K)->18086K(18688K) Class: 2407K(2688K)->2407K(2688K)
[24.295s][info][gc             ] GC(55) Pause Young (Allocation Failure) 1439M->83M(4091M) 0.598ms
[24.295s][info][gc,cpu         ] GC(55) User=0.00s Sys=0.00s Real=0.00s
[24.419s][info][gc,start       ] GC(56) Pause Young (System.gc())
[24.419s][info][gc,heap        ] GC(56) PSYoungGen: 361653K->96K(1392128K)
[24.419s][info][gc,heap        ] GC(56) ParOldGen: 85498K->85498K(2796544K)
[24.419s][info][gc,metaspace   ] GC(56) Metaspace: 20498K(21376K)->20498K(21376K) NonClass: 18091K(18688K)->18091K(18688K) Class: 2407K(2688K)->2407K(2688K)
[24.419s][info][gc             ] GC(56) Pause Young (System.gc()) 436M->83M(4090M) 0.446ms
[24.419s][info][gc,cpu         ] GC(56) User=0.00s Sys=0.00s Real=0.00s
[24.419s][info][gc,start       ] GC(57) Pause Full (System.gc())
[24.419s][info][gc,phases,start] GC(57) Marking Phase
[24.485s][info][gc,phases      ] GC(57) Marking Phase 65.499ms
[24.485s][info][gc,phases,start] GC(57) Summary Phase
[24.485s][info][gc,phases      ] GC(57) Summary Phase 0.012ms
[24.485s][info][gc,phases,start] GC(57) Adjust Roots
[24.486s][info][gc,phases      ] GC(57) Adjust Roots 1.352ms
[24.486s][info][gc,phases,start] GC(57) Compaction Phase
[24.502s][info][gc,phases      ] GC(57) Compaction Phase 15.926ms
[24.502s][info][gc,phases,start] GC(57) Post Compact
[24.503s][info][gc,phases      ] GC(57) Post Compact 0.850ms
[24.503s][info][gc,heap        ] GC(57) PSYoungGen: 96K->0K(1392128K)
[24.503s][info][gc,heap        ] GC(57) ParOldGen: 85498K->85418K(2796544K)
[24.503s][info][gc,metaspace   ] GC(57) Metaspace: 20498K(21376K)->20498K(21376K) NonClass: 18091K(18688K)->18091K(18688K) Class: 2407K(2688K)->2407K(2688K)
[24.503s][info][gc             ] GC(57) Pause Full (System.gc()) 83M->83M(4090M) 83.941ms
[24.503s][info][gc,cpu         ] GC(57) User=0.31s Sys=0.00s Real=0.08s
[25.003s][info][gc,start       ] GC(58) Pause Young (Allocation Failure)
[25.004s][info][gc,heap        ] GC(58) PSYoungGen: 1387008K->2416K(1392640K)
[25.004s][info][gc,heap        ] GC(58) ParOldGen: 85418K->85418K(2796544K)
[25.004s][info][gc,metaspace   ] GC(58) Metaspace: 20499K(21376K)->20499K(21376K) NonClass: 18091K(18688K)->18091K(18688K) Class: 2407K(2688K)->2407K(2688K)
[25.004s][info][gc             ] GC(58) Pause Young (Allocation Failure) 1437M->85M(4091M) 0.824ms
[25.004s][info][gc,cpu         ] GC(58) User=0.00s Sys=0.00s Real=0.00s
[25.502s][info][gc,start       ] GC(59) Pause Young (Allocation Failure)
[25.503s][info][gc,heap        ] GC(59) PSYoungGen: 1389936K->1054K(1392640K)
[25.503s][info][gc,heap        ] GC(59) ParOldGen: 85418K->85434K(2796544K)
[25.503s][info][gc,metaspace   ] GC(59) Metaspace: 20499K(21376K)->20499K(21376K) NonClass: 18091K(18688K)->18091K(18688K) Class: 2407K(2688K)->2407K(2688K)
[25.503s][info][gc             ] GC(59) Pause Young (Allocation Failure) 1440M->84M(4091M) 0.714ms
[25.503s][info][gc,cpu         ] GC(59) User=0.00s Sys=0.00s Real=0.00s
[26.011s][info][gc,start       ] GC(60) Pause Young (Allocation Failure)
[26.012s][info][gc,heap        ] GC(60) PSYoungGen: 1388574K->192K(1393152K)
[26.012s][info][gc,heap        ] GC(60) ParOldGen: 85434K->85450K(2796544K)
[26.012s][info][gc,metaspace   ] GC(60) Metaspace: 20499K(21376K)->20499K(21376K) NonClass: 18091K(18688K)->18091K(18688K) Class: 2407K(2688K)->2407K(2688K)
[26.012s][info][gc             ] GC(60) Pause Young (Allocation Failure) 1439M->83M(4091M) 0.491ms
[26.012s][info][gc,cpu         ] GC(60) User=0.00s Sys=0.00s Real=0.00s
[26.501s][info][gc,start       ] GC(61) Pause Young (Allocation Failure)
[26.502s][info][gc,heap        ] GC(61) PSYoungGen: 1388224K->2155K(1392640K)
[26.502s][info][gc,heap        ] GC(61) ParOldGen: 85450K->85450K(2796544K)
[26.502s][info][gc,metaspace   ] GC(61) Metaspace: 20499K(21376K)->20499K(21376K) NonClass: 18091K(18688K)->18091K(18688K) Class: 2407K(2688K)->2407K(2688K)
[26.503s][info][gc             ] GC(61) Pause Young (Allocation Failure) 1439M->85M(4091M) 1.073ms
[26.503s][info][gc,cpu         ] GC(61) User=0.00s Sys=0.00s Real=0.00s
[27.000s][info][gc,start       ] GC(62) Pause Young (Allocation Failure)
[27.001s][info][gc,heap        ] GC(62) PSYoungGen: 1390187K->1176K(1393152K)
[27.001s][info][gc,heap        ] GC(62) ParOldGen: 85450K->85474K(2796544K)
[27.001s][info][gc,metaspace   ] GC(62) Metaspace: 20499K(21376K)->20499K(21376K) NonClass: 18091K(18688K)->18091K(18688K) Class: 2407K(2688K)->2407K(2688K)
[27.001s][info][gc             ] GC(62) Pause Young (Allocation Failure) 1441M->84M(4091M) 0.962ms
[27.001s][info][gc,cpu         ] GC(62) User=0.00s Sys=0.00s Real=0.00s
[27.496s][info][gc,start       ] GC(63) Pause Young (Allocation Failure)
[27.497s][info][gc,heap        ] GC(63) PSYoungGen: 1389720K->96K(1393152K)
[27.497s][info][gc,heap        ] GC(63) ParOldGen: 85474K->85474K(2796544K)
[27.497s][info][gc,metaspace   ] GC(63) Metaspace: 20499K(21376K)->20499K(21376K) NonClass: 18091K(18688K)->18091K(18688K) Class: 2407K(2688K)->2407K(2688K)
[27.497s][info][gc             ] GC(63) Pause Young (Allocation Failure) 1440M->83M(4091M) 0.599ms
[27.497s][info][gc,cpu         ] GC(63) User=0.00s Sys=0.00s Real=0.00s
[27.977s][info][gc,start       ] GC(64) Pause Young (Allocation Failure)
[27.978s][info][gc,heap        ] GC(64) PSYoungGen: 1388640K->2165K(1393152K)
[27.978s][info][gc,heap        ] GC(64) ParOldGen: 85474K->85498K(2796544K)
[27.978s][info][gc,metaspace   ] GC(64) Metaspace: 20499K(21376K)->20499K(21376K) NonClass: 18091K(18688K)->18091K(18688K) Class: 2407K(2688K)->2407K(2688K)
[27.978s][info][gc             ] GC(64) Pause Young (Allocation Failure) 1439M->85M(4091M) 0.933ms
[27.978s][info][gc,cpu         ] GC(64) User=0.00s Sys=0.00s Real=0.00s
[28.100s][info][gc,start       ] GC(65) Pause Young (System.gc())
[28.100s][info][gc,heap        ] GC(65) PSYoungGen: 333071K->96K(1393152K)
[28.100s][info][gc,heap        ] GC(65) ParOldGen: 85498K->85498K(2796544K)
[28.100s][info][gc,metaspace   ] GC(65) Metaspace: 20500K(21376K)->20500K(21376K) NonClass: 18092K(18688K)->18092K(18688K) Class: 2407K(2688K)->2407K(2688K)
[28.100s][info][gc             ] GC(65) Pause Young (System.gc()) 408M->83M(4091M) 0.459ms
[28.100s][info][gc,cpu         ] GC(65) User=0.00s Sys=0.00s Real=0.00s
[28.100s][info][gc,start       ] GC(66) Pause Full (System.gc())
[28.100s][info][gc,phases,start] GC(66) Marking Phase
[28.172s][info][gc,phases      ] GC(66) Marking Phase 72.072ms
[28.173s][info][gc,phases,start] GC(66) Summary Phase
[28.173s][info][gc,phases      ] GC(66) Summary Phase 0.015ms
[28.173s][info][gc,phases,start] GC(66) Adjust Roots
[28.174s][info][gc,phases      ] GC(66) Adjust Roots 1.342ms
[28.174s][info][gc,phases,start] GC(66) Compaction Phase
[28.192s][info][gc,phases      ] GC(66) Compaction Phase 17.866ms
[28.192s][info][gc,phases,start] GC(66) Post Compact
[28.193s][info][gc,phases      ] GC(66) Post Compact 0.908ms
[28.193s][info][gc,heap        ] GC(66) PSYoungGen: 96K->0K(1393152K)
[28.193s][info][gc,heap        ] GC(66) ParOldGen: 85498K->85418K(2796544K)
[28.193s][info][gc,metaspace   ] GC(66) Metaspace: 20500K(21376K)->20500K(21376K) NonClass: 18092K(18688K)->18092K(18688K) Class: 2407K(2688K)->2407K(2688K)
[28.193s][info][gc             ] GC(66) Pause Full (System.gc()) 83M->83M(4091M) 92.500ms
[28.193s][info][gc,cpu         ] GC(66) User=0.38s Sys=0.00s Real=0.09s
[28.690s][info][gc,start       ] GC(67) Pause Young (Allocation Failure)
[28.691s][info][gc,heap        ] GC(67) PSYoungGen: 1388544K->1955K(1393152K)
[28.691s][info][gc,heap        ] GC(67) ParOldGen: 85418K->85418K(2796544K)
[28.691s][info][gc,metaspace   ] GC(67) Metaspace: 20501K(21376K)->20501K(21376K) NonClass: 18093K(18688K)->18093K(18688K) Class: 2407K(2688K)->2407K(2688K)
[28.691s][info][gc             ] GC(67) Pause Young (Allocation Failure) 1439M->85M(4091M) 0.830ms
[28.691s][info][gc,cpu         ] GC(67) User=0.00s Sys=0.00s Real=0.00s
[29.184s][info][gc,start       ] GC(68) Pause Young (Allocation Failure)
[29.185s][info][gc,heap        ] GC(68) PSYoungGen: 1390499K->1056K(1393152K)
[29.185s][info][gc,heap        ] GC(68) ParOldGen: 85418K->85434K(2796544K)
[29.185s][info][gc,metaspace   ] GC(68) Metaspace: 20501K(21376K)->20501K(21376K) NonClass: 18093K(18688K)->18093K(18688K) Class: 2407K(2688K)->2407K(2688K)
[29.185s][info][gc             ] GC(68) Pause Young (Allocation Failure) 1441M->84M(4091M) 0.714ms
[29.185s][info][gc,cpu         ] GC(68) User=0.00s Sys=0.00s Real=0.00s
[29.690s][info][gc,start       ] GC(69) Pause Young (Allocation Failure)
[29.691s][info][gc,heap        ] GC(69) PSYoungGen: 1389461K->3900K(1392640K)
[29.692s][info][gc,heap        ] GC(69) ParOldGen: 85434K->85450K(2796544K)
[29.692s][info][gc,metaspace   ] GC(69) Metaspace: 20501K(21376K)->20501K(21376K) NonClass: 18093K(18688K)->18093K(18688K) Class: 2407K(2688K)->2407K(2688K)
[29.692s][info][gc             ] GC(69) Pause Young (Allocation Failure) 1440M->87M(4091M) 1.680ms
[29.692s][info][gc,cpu         ] GC(69) User=0.00s Sys=0.00s Real=0.00s
[30.200s][info][gc,start       ] GC(70) Pause Young (Allocation Failure)
[30.200s][info][gc,heap        ] GC(70) PSYoungGen: 1392444K->1858K(1393152K)
[30.200s][info][gc,heap        ] GC(70) ParOldGen: 85450K->85450K(2796544K)
[30.200s][info][gc,metaspace   ] GC(70) Metaspace: 20501K(21376K)->20501K(21376K) NonClass: 18093K(18688K)->18093K(18688K) Class: 2407K(2688K)->2407K(2688K)
[30.200s][info][gc             ] GC(70) Pause Young (Allocation Failure) 1443M->85M(4091M) 0.805ms
[30.200s][info][gc,cpu         ] GC(70) User=0.00s Sys=0.00s Real=0.00s
[30.695s][info][gc,start       ] GC(71) Pause Young (Allocation Failure)
[30.695s][info][gc,heap        ] GC(71) PSYoungGen: 1390402K->786K(1393152K)
[30.696s][info][gc,heap        ] GC(71) ParOldGen: 85450K->85466K(2796544K)
[30.696s][info][gc,metaspace   ] GC(71) Metaspace: 20501K(21376K)->20501K(21376K) NonClass: 18093K(18688K)->18093K(18688K) Class: 2407K(2688K)->2407K(2688K)
[30.696s][info][gc             ] GC(71) Pause Young (Allocation Failure) 1441M->84M(4091M) 0.852ms
[30.696s][info][gc,cpu         ] GC(71) User=0.00s Sys=0.00s Real=0.00s
[31.176s][info][gc,start       ] GC(72) Pause Young (Allocation Failure)
[31.178s][info][gc,heap        ] GC(72) PSYoungGen: 1389330K->2635K(1393152K)
[31.178s][info][gc,heap        ] GC(72) ParOldGen: 85466K->85466K(2796544K)
[31.178s][info][gc,metaspace   ] GC(72) Metaspace: 20501K(21376K)->20501K(21376K) NonClass: 18093K(18688K)->18093K(18688K) Class: 2407K(2688K)->2407K(2688K)
[31.178s][info][gc             ] GC(72) Pause Young (Allocation Failure) 1440M->86M(4091M) 1.254ms
[31.178s][info][gc,cpu         ] GC(72) User=0.00s Sys=0.00s Real=0.00s
[31.671s][info][gc,start       ] GC(73) Pause Young (Allocation Failure)
[31.672s][info][gc,heap        ] GC(73) PSYoungGen: 1391179K->2104K(1393152K)
[31.672s][info][gc,heap        ] GC(73) ParOldGen: 85466K->85490K(2796544K)
[31.672s][info][gc,metaspace   ] GC(73) Metaspace: 20501K(21376K)->20501K(21376K) NonClass: 18093K(18688K)->18093K(18688K) Class: 2407K(2688K)->2407K(2688K)
[31.672s][info][gc             ] GC(73) Pause Young (Allocation Failure) 1442M->85M(4091M) 0.861ms
[31.672s][info][gc,cpu         ] GC(73) User=0.00s Sys=0.00s Real=0.00s
[31.786s][info][gc,start       ] GC(74) Pause Young (System.gc())
[31.787s][info][gc,heap        ] GC(74) PSYoungGen: 327204K->128K(1393152K)
[31.787s][info][gc,heap        ] GC(74) ParOldGen: 85490K->85490K(2796544K)
[31.787s][info][gc,metaspace   ] GC(74) Metaspace: 20502K(21376K)->20502K(21376K) NonClass: 18094K(18688K)->18094K(18688K) Class: 2407K(2688K)->2407K(2688K)
[31.787s][info][gc             ] GC(74) Pause Young (System.gc()) 403M->83M(4091M) 0.577ms
[31.787s][info][gc,cpu         ] GC(74) User=0.00s Sys=0.00s Real=0.00s
[31.787s][info][gc,start       ] GC(75) Pause Full (System.gc())
[31.787s][info][gc,phases,start] GC(75) Marking Phase
[31.850s][info][gc,phases      ] GC(75) Marking Phase 62.649ms
[31.850s][info][gc,phases,start] GC(75) Summary Phase
[31.850s][info][gc,phases      ] GC(75) Summary Phase 0.011ms
[31.850s][info][gc,phases,start] GC(75) Adjust Roots
[31.851s][info][gc,phases      ] GC(75) Adjust Roots 1.409ms
[31.851s][info][gc,phases,start] GC(75) Compaction Phase
[31.869s][info][gc,phases      ] GC(75) Compaction Phase 17.742ms
[31.869s][info][gc,phases,start] GC(75) Post Compact
[31.870s][info][gc,phases      ] GC(75) Post Compact 1.017ms
[31.870s][info][gc,heap        ] GC(75) PSYoungGen: 128K->0K(1393152K)
[31.870s][info][gc,heap        ] GC(75) ParOldGen: 85490K->85418K(2796544K)
[31.870s][info][gc,metaspace   ] GC(75) Metaspace: 20502K(21376K)->20502K(21376K) NonClass: 18094K(18688K)->18094K(18688K) Class: 2407K(2688K)->2407K(2688K)
[31.870s][info][gc             ] GC(75) Pause Full (System.gc()) 83M->83M(4091M) 83.149ms
[31.870s][info][gc,cpu         ] GC(75) User=0.30s Sys=0.00s Real=0.08s
[32.378s][info][gc,start       ] GC(76) Pause Young (Allocation Failure)
[32.379s][info][gc,heap        ] GC(76) PSYoungGen: 1388544K->1718K(1393152K)
[32.379s][info][gc,heap        ] GC(76) ParOldGen: 85418K->85426K(2796544K)
[32.379s][info][gc,metaspace   ] GC(76) Metaspace: 20502K(21376K)->20502K(21376K) NonClass: 18095K(18688K)->18095K(18688K) Class: 2407K(2688K)->2407K(2688K)
[32.379s][info][gc             ] GC(76) Pause Young (Allocation Failure) 1439M->85M(4091M) 1.118ms
[32.379s][info][gc,cpu         ] GC(76) User=0.00s Sys=0.00s Real=0.00s
[32.871s][info][gc,start       ] GC(77) Pause Young (Allocation Failure)
[32.872s][info][gc,heap        ] GC(77) PSYoungGen: 1390262K->537K(1393152K)
[32.872s][info][gc,heap        ] GC(77) ParOldGen: 85426K->85442K(2796544K)
[32.872s][info][gc,metaspace   ] GC(77) Metaspace: 20502K(21376K)->20502K(21376K) NonClass: 18095K(18688K)->18095K(18688K) Class: 2407K(2688K)->2407K(2688K)
[32.872s][info][gc             ] GC(77) Pause Young (Allocation Failure) 1441M->83M(4091M) 0.581ms
[32.872s][info][gc,cpu         ] GC(77) User=0.00s Sys=0.00s Real=0.00s
[33.401s][info][gc,start       ] GC(78) Pause Young (Allocation Failure)
[33.403s][info][gc,heap        ] GC(78) PSYoungGen: 1389081K->2633K(1392640K)
[33.403s][info][gc,heap        ] GC(78) ParOldGen: 85442K->85458K(2796544K)
[33.403s][info][gc,metaspace   ] GC(78) Metaspace: 20502K(21376K)->20502K(21376K) NonClass: 18095K(18688K)->18095K(18688K) Class: 2407K(2688K)->2407K(2688K)
[33.403s][info][gc             ] GC(78) Pause Young (Allocation Failure) 1439M->86M(4091M) 1.503ms
[33.403s][info][gc,cpu         ] GC(78) User=0.00s Sys=0.00s Real=0.00s
[33.912s][info][gc,start       ] GC(79) Pause Young (Allocation Failure)
[33.913s][info][gc,heap        ] GC(79) PSYoungGen: 1391177K->1942K(1393152K)
[33.913s][info][gc,heap        ] GC(79) ParOldGen: 85458K->85458K(2796544K)
[33.913s][info][gc,metaspace   ] GC(79) Metaspace: 20502K(21376K)->20502K(21376K) NonClass: 18095K(18688K)->18095K(18688K) Class: 2407K(2688K)->2407K(2688K)
[33.913s][info][gc             ] GC(79) Pause Young (Allocation Failure) 1442M->85M(4091M) 1.008ms
[33.913s][info][gc,cpu         ] GC(79) User=0.00s Sys=0.00s Real=0.00s
[34.447s][info][gc,start       ] GC(80) Pause Young (Allocation Failure)
[34.448s][info][gc,heap        ] GC(80) PSYoungGen: 1390486K->772K(1393664K)
[34.448s][info][gc,heap        ] GC(80) ParOldGen: 85458K->85482K(2796544K)
[34.448s][info][gc,metaspace   ] GC(80) Metaspace: 20502K(21376K)->20502K(21376K) NonClass: 18095K(18688K)->18095K(18688K) Class: 2407K(2688K)->2407K(2688K)
[34.448s][info][gc             ] GC(80) Pause Young (Allocation Failure) 1441M->84M(4092M) 0.958ms
[34.448s][info][gc,cpu         ] GC(80) User=0.00s Sys=0.00s Real=0.00s
[34.948s][info][gc,start       ] GC(81) Pause Young (Allocation Failure)
[34.950s][info][gc,heap        ] GC(81) PSYoungGen: 1389828K->2926K(1393152K)
[34.950s][info][gc,heap        ] GC(81) ParOldGen: 85482K->85482K(2796544K)
[34.950s][info][gc,metaspace   ] GC(81) Metaspace: 20502K(21376K)->20502K(21376K) NonClass: 18095K(18688K)->18095K(18688K) Class: 2407K(2688K)->2407K(2688K)
[34.950s][info][gc             ] GC(81) Pause Young (Allocation Failure) 1440M->86M(4091M) 1.535ms
[34.950s][info][gc,cpu         ] GC(81) User=0.00s Sys=0.00s Real=0.00s
[35.462s][info][gc,start       ] GC(82) Pause Young (Allocation Failure)
[35.463s][info][gc,heap        ] GC(82) PSYoungGen: 1391982K->1979K(1393152K)
[35.463s][info][gc,heap        ] GC(82) ParOldGen: 85482K->85506K(2796544K)
[35.463s][info][gc,metaspace   ] GC(82) Metaspace: 20502K(21376K)->20502K(21376K) NonClass: 18095K(18688K)->18095K(18688K) Class: 2407K(2688K)->2407K(2688K)
[35.463s][info][gc             ] GC(82) Pause Young (Allocation Failure) 1442M->85M(4091M) 0.850ms
[35.463s][info][gc,cpu         ] GC(82) User=0.00s Sys=0.00s Real=0.00s
[35.588s][info][gc,start       ] GC(83) Pause Young (System.gc())
[35.589s][info][gc,heap        ] GC(83) PSYoungGen: 335939K->128K(1393152K)
[35.589s][info][gc,heap        ] GC(83) ParOldGen: 85506K->85506K(2796544K)
[35.589s][info][gc,metaspace   ] GC(83) Metaspace: 20503K(21376K)->20503K(21376K) NonClass: 18095K(18688K)->18095K(18688K) Class: 2407K(2688K)->2407K(2688K)
[35.589s][info][gc             ] GC(83) Pause Young (System.gc()) 411M->83M(4091M) 0.448ms
[35.589s][info][gc,cpu         ] GC(83) User=0.00s Sys=0.00s Real=0.00s
[35.589s][info][gc,start       ] GC(84) Pause Full (System.gc())
[35.589s][info][gc,phases,start] GC(84) Marking Phase
[35.651s][info][gc,phases      ] GC(84) Marking Phase 62.013ms
[35.651s][info][gc,phases,start] GC(84) Summary Phase
[35.651s][info][gc,phases      ] GC(84) Summary Phase 0.012ms
[35.651s][info][gc,phases,start] GC(84) Adjust Roots
[35.652s][info][gc,phases      ] GC(84) Adjust Roots 1.359ms
[35.652s][info][gc,phases,start] GC(84) Compaction Phase
[35.671s][info][gc,phases      ] GC(84) Compaction Phase 18.273ms
[35.671s][info][gc,phases,start] GC(84) Post Compact
[35.671s][info][gc,phases      ] GC(84) Post Compact 0.853ms
[35.672s][info][gc,heap        ] GC(84) PSYoungGen: 128K->0K(1393152K)
[35.672s][info][gc,heap        ] GC(84) ParOldGen: 85506K->85418K(2796544K)
[35.672s][info][gc,metaspace   ] GC(84) Metaspace: 20503K(21376K)->20503K(21376K) NonClass: 18095K(18688K)->18095K(18688K) Class: 2407K(2688K)->2407K(2688K)
[35.672s][info][gc             ] GC(84) Pause Full (System.gc()) 83M->83M(4091M) 82.804ms
[35.672s][info][gc,cpu         ] GC(84) User=0.31s Sys=0.00s Real=0.08s
[36.165s][info][gc,start       ] GC(85) Pause Young (Allocation Failure)
[36.165s][info][gc,heap        ] GC(85) PSYoungGen: 1388544K->2326K(1393152K)
[36.165s][info][gc,heap        ] GC(85) ParOldGen: 85418K->85418K(2796544K)
[36.165s][info][gc,metaspace   ] GC(85) Metaspace: 20503K(21376K)->20503K(21376K) NonClass: 18095K(18688K)->18095K(18688K) Class: 2407K(2688K)->2407K(2688K)
[36.166s][info][gc             ] GC(85) Pause Young (Allocation Failure) 1439M->85M(4091M) 0.888ms
[36.166s][info][gc,cpu         ] GC(85) User=0.00s Sys=0.00s Real=0.00s
[36.678s][info][gc,start       ] GC(86) Pause Young (Allocation Failure)
[36.678s][info][gc,heap        ] GC(86) PSYoungGen: 1390870K->1504K(1393152K)
[36.678s][info][gc,heap        ] GC(86) ParOldGen: 85418K->85434K(2796544K)
[36.678s][info][gc,metaspace   ] GC(86) Metaspace: 20503K(21376K)->20503K(21376K) NonClass: 18095K(18688K)->18095K(18688K) Class: 2407K(2688K)->2407K(2688K)
[36.678s][info][gc             ] GC(86) Pause Young (Allocation Failure) 1441M->84M(4091M) 0.733ms
[36.678s][info][gc,cpu         ] GC(86) User=0.00s Sys=0.00s Real=0.00s
[37.190s][info][gc,start       ] GC(87) Pause Young (Allocation Failure)
[37.190s][info][gc,heap        ] GC(87) PSYoungGen: 1390048K->384K(1393664K)
[37.190s][info][gc,heap        ] GC(87) ParOldGen: 85434K->85458K(2796544K)
[37.190s][info][gc,metaspace   ] GC(87) Metaspace: 20503K(21376K)->20503K(21376K) NonClass: 18095K(18688K)->18095K(18688K) Class: 2407K(2688K)->2407K(2688K)
[37.190s][info][gc             ] GC(87) Pause Young (Allocation Failure) 1440M->83M(4092M) 0.896ms
[37.191s][info][gc,cpu         ] GC(87) User=0.00s Sys=0.00s Real=0.00s
[37.682s][info][gc,start       ] GC(88) Pause Young (Allocation Failure)
[37.683s][info][gc,heap        ] GC(88) PSYoungGen: 1389952K->2237K(1393664K)
[37.683s][info][gc,heap        ] GC(88) ParOldGen: 85458K->85458K(2796544K)
[37.683s][info][gc,metaspace   ] GC(88) Metaspace: 20503K(21376K)->20503K(21376K) NonClass: 18095K(18688K)->18095K(18688K) Class: 2407K(2688K)->2407K(2688K)
[37.683s][info][gc             ] GC(88) Pause Young (Allocation Failure) 1440M->85M(4092M) 0.825ms
[37.683s][info][gc,cpu         ] GC(88) User=0.00s Sys=0.00s Real=0.00s
[38.162s][info][gc,start       ] GC(89) Pause Young (Allocation Failure)
[38.162s][info][gc,heap        ] GC(89) PSYoungGen: 1391805K->1436K(1393664K)
[38.162s][info][gc,heap        ] GC(89) ParOldGen: 85458K->85474K(2796544K)
[38.162s][info][gc,metaspace   ] GC(89) Metaspace: 20503K(21376K)->20503K(21376K) NonClass: 18095K(18688K)->18095K(18688K) Class: 2407K(2688K)->2407K(2688K)
[38.162s][info][gc             ] GC(89) Pause Young (Allocation Failure) 1442M->84M(4092M) 0.848ms
[38.162s][info][gc,cpu         ] GC(89) User=0.02s Sys=0.00s Real=0.00s
[38.649s][info][gc,start       ] GC(90) Pause Young (Allocation Failure)
[38.649s][info][gc,heap        ] GC(90) PSYoungGen: 1391004K->288K(1393664K)
[38.649s][info][gc,heap        ] GC(90) ParOldGen: 85474K->85474K(2796544K)
[38.649s][info][gc,metaspace   ] GC(90) Metaspace: 20503K(21376K)->20503K(21376K) NonClass: 18095K(18688K)->18095K(18688K) Class: 2407K(2688K)->2407K(2688K)
[38.649s][info][gc             ] GC(90) Pause Young (Allocation Failure) 1441M->83M(4092M) 0.682ms
[38.649s][info][gc,cpu         ] GC(90) User=0.00s Sys=0.00s Real=0.00s
[39.142s][info][gc,start       ] GC(91) Pause Young (Allocation Failure)
[39.143s][info][gc,heap        ] GC(91) PSYoungGen: 1389856K->2101K(1393664K)
[39.143s][info][gc,heap        ] GC(91) ParOldGen: 85474K->85498K(2796544K)
[39.143s][info][gc,metaspace   ] GC(91) Metaspace: 20503K(21376K)->20503K(21376K) NonClass: 18095K(18688K)->18095K(18688K) Class: 2407K(2688K)->2407K(2688K)
[39.143s][info][gc             ] GC(91) Pause Young (Allocation Failure) 1440M->85M(4092M) 1.013ms
[39.143s][info][gc,cpu         ] GC(91) User=0.00s Sys=0.00s Real=0.00s
[39.265s][info][gc,start       ] GC(92) Pause Young (System.gc())
[39.266s][info][gc,heap        ] GC(92) PSYoungGen: 325305K->128K(1393664K)
[39.266s][info][gc,heap        ] GC(92) ParOldGen: 85498K->85498K(2796544K)
[39.266s][info][gc,metaspace   ] GC(92) Metaspace: 20503K(21376K)->20503K(21376K) NonClass: 18095K(18688K)->18095K(18688K) Class: 2407K(2688K)->2407K(2688K)
[39.266s][info][gc             ] GC(92) Pause Young (System.gc()) 401M->83M(4092M) 0.498ms
[39.266s][info][gc,cpu         ] GC(92) User=0.00s Sys=0.00s Real=0.00s
[39.266s][info][gc,start       ] GC(93) Pause Full (System.gc())
[39.266s][info][gc,phases,start] GC(93) Marking Phase
[39.336s][info][gc,phases      ] GC(93) Marking Phase 69.589ms
[39.336s][info][gc,phases,start] GC(93) Summary Phase
[39.336s][info][gc,phases      ] GC(93) Summary Phase 0.011ms
[39.336s][info][gc,phases,start] GC(93) Adjust Roots
[39.337s][info][gc,phases      ] GC(93) Adjust Roots 1.800ms
[39.337s][info][gc,phases,start] GC(93) Compaction Phase
[39.355s][info][gc,phases      ] GC(93) Compaction Phase 18.000ms
[39.356s][info][gc,phases,start] GC(93) Post Compact
[39.357s][info][gc,phases      ] GC(93) Post Compact 1.344ms
[39.357s][info][gc,heap        ] GC(93) PSYoungGen: 128K->0K(1393664K)
[39.357s][info][gc,heap        ] GC(93) ParOldGen: 85498K->85418K(2796544K)
[39.357s][info][gc,metaspace   ] GC(93) Metaspace: 20503K(21376K)->20503K(21376K) NonClass: 18095K(18688K)->18095K(18688K) Class: 2407K(2688K)->2407K(2688K)
[39.357s][info][gc             ] GC(93) Pause Full (System.gc()) 83M->83M(4092M) 91.139ms
[39.357s][info][gc,cpu         ] GC(93) User=0.39s Sys=0.00s Real=0.09s
[39.839s][info][gc,start       ] GC(94) Pause Young (Allocation Failure)
[39.840s][info][gc,heap        ] GC(94) PSYoungGen: 1389568K->2285K(1393664K)
[39.840s][info][gc,heap        ] GC(94) ParOldGen: 85418K->85418K(2796544K)
[39.840s][info][gc,metaspace   ] GC(94) Metaspace: 20505K(21376K)->20505K(21376K) NonClass: 18097K(18688K)->18097K(18688K) Class: 2407K(2688K)->2407K(2688K)
[39.840s][info][gc             ] GC(94) Pause Young (Allocation Failure) 1440M->85M(4092M) 1.052ms
[39.840s][info][gc,cpu         ] GC(94) User=0.00s Sys=0.00s Real=0.00s
[40.333s][info][gc,start       ] GC(95) Pause Young (Allocation Failure)
[40.334s][info][gc,heap        ] GC(95) PSYoungGen: 1391853K->1612K(1393664K)
[40.334s][info][gc,heap        ] GC(95) ParOldGen: 85418K->85434K(2796544K)
[40.334s][info][gc,metaspace   ] GC(95) Metaspace: 20505K(21376K)->20505K(21376K) NonClass: 18097K(18688K)->18097K(18688K) Class: 2407K(2688K)->2407K(2688K)
[40.334s][info][gc             ] GC(95) Pause Young (Allocation Failure) 1442M->85M(4092M) 0.703ms
[40.334s][info][gc,cpu         ] GC(95) User=0.00s Sys=0.00s Real=0.00s
[40.829s][info][gc,start       ] GC(96) Pause Young (Allocation Failure)
[40.829s][info][gc,heap        ] GC(96) PSYoungGen: 1391180K->851K(1394176K)
[40.829s][info][gc,heap        ] GC(96) ParOldGen: 85434K->85458K(2796544K)
[40.829s][info][gc,metaspace   ] GC(96) Metaspace: 20505K(21376K)->20505K(21376K) NonClass: 18097K(18688K)->18097K(18688K) Class: 2407K(2688K)->2407K(2688K)
[40.830s][info][gc             ] GC(96) Pause Young (Allocation Failure) 1442M->84M(4092M) 0.614ms
[40.830s][info][gc,cpu         ] GC(96) User=0.00s Sys=0.00s Real=0.00s
[41.319s][info][gc,start       ] GC(97) Pause Young (Allocation Failure)
[41.320s][info][gc,heap        ] GC(97) PSYoungGen: 1390908K->2766K(1393664K)
[41.320s][info][gc,heap        ] GC(97) ParOldGen: 85458K->85458K(2796544K)
[41.320s][info][gc,metaspace   ] GC(97) Metaspace: 20505K(21376K)->20505K(21376K) NonClass: 18097K(18688K)->18097K(18688K) Class: 2407K(2688K)->2407K(2688K)
[41.320s][info][gc             ] GC(97) Pause Young (Allocation Failure) 1441M->86M(4092M) 1.208ms
[41.320s][info][gc,cpu         ] GC(97) User=0.00s Sys=0.00s Real=0.00s
[41.810s][info][gc,start       ] GC(98) Pause Young (Allocation Failure)
[41.811s][info][gc,heap        ] GC(98) PSYoungGen: 1392846K->2261K(1393664K)
[41.811s][info][gc,heap        ] GC(98) ParOldGen: 85458K->85490K(2796544K)
[41.811s][info][gc,metaspace   ] GC(98) Metaspace: 20505K(21376K)->20505K(21376K) NonClass: 18097K(18688K)->18097K(18688K) Class: 2407K(2688K)->2407K(2688K)
[41.811s][info][gc             ] GC(98) Pause Young (Allocation Failure) 1443M->85M(4092M) 1.136ms
[41.811s][info][gc,cpu         ] GC(98) User=0.00s Sys=0.00s Real=0.00s
[42.313s][info][gc,start       ] GC(99) Pause Young (Allocation Failure)
[42.313s][info][gc,heap        ] GC(99) PSYoungGen: 1391829K->1233K(1393664K)
[42.313s][info][gc,heap        ] GC(99) ParOldGen: 85490K->85490K(2796544K)
[42.313s][info][gc,metaspace   ] GC(99) Metaspace: 20505K(21376K)->20505K(21376K) NonClass: 18097K(18688K)->18097K(18688K) Class: 2407K(2688K)->2407K(2688K)
[42.313s][info][gc             ] GC(99) Pause Young (Allocation Failure) 1442M->84M(4092M) 0.796ms
[42.313s][info][gc,cpu         ] GC(99) User=0.00s Sys=0.00s Real=0.00s
[42.813s][info][gc,start       ] GC(100) Pause Young (Allocation Failure)
[42.813s][info][gc,heap        ] GC(100) PSYoungGen: 1390801K->160K(1393664K)
[42.813s][info][gc,heap        ] GC(100) ParOldGen: 85490K->85514K(2796544K)
[42.813s][info][gc,metaspace   ] GC(100) Metaspace: 20505K(21376K)->20505K(21376K) NonClass: 18097K(18688K)->18097K(18688K) Class: 2407K(2688K)->2407K(2688K)
[42.813s][info][gc             ] GC(100) Pause Young (Allocation Failure) 1441M->83M(4092M) 0.478ms
[42.813s][info][gc,cpu         ] GC(100) User=0.00s Sys=0.00s Real=0.00s
[42.922s][info][gc,start       ] GC(101) Pause Young (System.gc())
[42.922s][info][gc,heap        ] GC(101) PSYoungGen: 307660K->96K(1393664K)
[42.922s][info][gc,heap        ] GC(101) ParOldGen: 85514K->85514K(2796544K)
[42.922s][info][gc,metaspace   ] GC(101) Metaspace: 20505K(21376K)->20505K(21376K) NonClass: 18097K(18688K)->18097K(18688K) Class: 2407K(2688K)->2407K(2688K)
[42.922s][info][gc             ] GC(101) Pause Young (System.gc()) 383M->83M(4092M) 0.594ms
[42.922s][info][gc,cpu         ] GC(101) User=0.00s Sys=0.00s Real=0.00s
[42.922s][info][gc,start       ] GC(102) Pause Full (System.gc())
[42.922s][info][gc,phases,start] GC(102) Marking Phase
[42.976s][info][gc,phases      ] GC(102) Marking Phase 53.893ms
[42.976s][info][gc,phases,start] GC(102) Summary Phase
[42.976s][info][gc,phases      ] GC(102) Summary Phase 0.010ms
[42.976s][info][gc,phases,start] GC(102) Adjust Roots
[42.978s][info][gc,phases      ] GC(102) Adjust Roots 1.353ms
[42.978s][info][gc,phases,start] GC(102) Compaction Phase
[42.996s][info][gc,phases      ] GC(102) Compaction Phase 17.951ms
[42.996s][info][gc,phases,start] GC(102) Post Compact
[42.997s][info][gc,phases      ] GC(102) Post Compact 0.845ms
[42.997s][info][gc,heap        ] GC(102) PSYoungGen: 96K->0K(1393664K)
[42.997s][info][gc,heap        ] GC(102) ParOldGen: 85514K->85418K(2796544K)
[42.997s][info][gc,metaspace   ] GC(102) Metaspace: 20505K(21376K)->20505K(21376K) NonClass: 18097K(18688K)->18097K(18688K) Class: 2407K(2688K)->2407K(2688K)
[42.997s][info][gc             ] GC(102) Pause Full (System.gc()) 83M->83M(4092M) 74.340ms
[42.997s][info][gc,cpu         ] GC(102) User=0.23s Sys=0.00s Real=0.07s
[43.490s][info][gc,start       ] GC(103) Pause Young (Allocation Failure)
[43.491s][info][gc,heap        ] GC(103) PSYoungGen: 1389568K->1938K(1393664K)
[43.491s][info][gc,heap        ] GC(103) ParOldGen: 85418K->85418K(2796544K)
[43.491s][info][gc,metaspace   ] GC(103) Metaspace: 20506K(21376K)->20506K(21376K) NonClass: 18098K(18688K)->18098K(18688K) Class: 2407K(2688K)->2407K(2688K)
[43.491s][info][gc             ] GC(103) Pause Young (Allocation Failure) 1440M->85M(4092M) 0.886ms
[43.491s][info][gc,cpu         ] GC(103) User=0.00s Sys=0.00s Real=0.00s
[43.977s][info][gc,start       ] GC(104) Pause Young (Allocation Failure)
[43.977s][info][gc,heap        ] GC(104) PSYoungGen: 1391506K->963K(1393664K)
[43.977s][info][gc,heap        ] GC(104) ParOldGen: 85418K->85426K(2796544K)
[43.977s][info][gc,metaspace   ] GC(104) Metaspace: 20506K(21376K)->20506K(21376K) NonClass: 18098K(18688K)->18098K(18688K) Class: 2407K(2688K)->2407K(2688K)
[43.977s][info][gc             ] GC(104) Pause Young (Allocation Failure) 1442M->84M(4092M) 0.661ms
[43.977s][info][gc,cpu         ] GC(104) User=0.00s Sys=0.00s Real=0.00s
[44.472s][info][gc,start       ] GC(105) Pause Young (Allocation Failure)
[44.473s][info][gc,heap        ] GC(105) PSYoungGen: 1390531K->3220K(1393152K)
[44.474s][info][gc,heap        ] GC(105) ParOldGen: 85426K->85450K(2796544K)
[44.474s][info][gc,metaspace   ] GC(105) Metaspace: 20506K(21376K)->20506K(21376K) NonClass: 18098K(18688K)->18098K(18688K) Class: 2407K(2688K)->2407K(2688K)
[44.474s][info][gc             ] GC(105) Pause Young (Allocation Failure) 1441M->86M(4091M) 1.325ms
[44.474s][info][gc,cpu         ] GC(105) User=0.00s Sys=0.00s Real=0.00s
[44.982s][info][gc,start       ] GC(106) Pause Young (Allocation Failure)
[44.984s][info][gc,heap        ] GC(106) PSYoungGen: 1392788K->2290K(1393664K)
[44.984s][info][gc,heap        ] GC(106) ParOldGen: 85450K->85450K(2796544K)
[44.984s][info][gc,metaspace   ] GC(106) Metaspace: 20506K(21376K)->20506K(21376K) NonClass: 18098K(18688K)->18098K(18688K) Class: 2407K(2688K)->2407K(2688K)
[44.984s][info][gc             ] GC(106) Pause Young (Allocation Failure) 1443M->85M(4092M) 1.446ms
[44.984s][info][gc,cpu         ] GC(106) User=0.00s Sys=0.00s Real=0.00s
[45.478s][info][gc,start       ] GC(107) Pause Young (Allocation Failure)
[45.479s][info][gc,heap        ] GC(107) PSYoungGen: 1391858K->1182K(1393664K)
[45.479s][info][gc,heap        ] GC(107) ParOldGen: 85450K->85474K(2796544K)
[45.479s][info][gc,metaspace   ] GC(107) Metaspace: 20506K(21376K)->20506K(21376K) NonClass: 18098K(18688K)->18098K(18688K) Class: 2407K(2688K)->2407K(2688K)
[45.479s][info][gc             ] GC(107) Pause Young (Allocation Failure) 1442M->84M(4092M) 0.817ms
[45.479s][info][gc,cpu         ] GC(107) User=0.00s Sys=0.00s Real=0.00s
[45.961s][info][gc,start       ] GC(108) Pause Young (Allocation Failure)
[45.962s][info][gc,heap        ] GC(108) PSYoungGen: 1390411K->2733K(1392640K)
[45.962s][info][gc,heap        ] GC(108) ParOldGen: 85474K->85474K(2796544K)
[45.962s][info][gc,metaspace   ] GC(108) Metaspace: 20506K(21376K)->20506K(21376K) NonClass: 18098K(18688K)->18098K(18688K) Class: 2407K(2688K)->2407K(2688K)
[45.962s][info][gc             ] GC(108) Pause Young (Allocation Failure) 1441M->86M(4091M) 1.290ms
[45.962s][info][gc,cpu         ] GC(108) User=0.00s Sys=0.00s Real=0.00s
[46.469s][info][gc,start       ] GC(109) Pause Young (Allocation Failure)
[46.470s][info][gc,heap        ] GC(109) PSYoungGen: 1392301K->1825K(1393664K)
[46.470s][info][gc,heap        ] GC(109) ParOldGen: 85474K->85498K(2796544K)
[46.470s][info][gc,metaspace   ] GC(109) Metaspace: 20506K(21376K)->20506K(21376K) NonClass: 18098K(18688K)->18098K(18688K) Class: 2407K(2688K)->2407K(2688K)
[46.470s][info][gc             ] GC(109) Pause Young (Allocation Failure) 1443M->85M(4092M) 1.180ms
[46.470s][info][gc,cpu         ] GC(109) User=0.00s Sys=0.00s Real=0.00s
[46.586s][info][gc,start       ] GC(110) Pause Young (System.gc())
[46.587s][info][gc,heap        ] GC(110) PSYoungGen: 333611K->96K(1393152K)
[46.587s][info][gc,heap        ] GC(110) ParOldGen: 85498K->85498K(2796544K)
[46.587s][info][gc,metaspace   ] GC(110) Metaspace: 20506K(21376K)->20506K(21376K) NonClass: 18098K(18688K)->18098K(18688K) Class: 2407K(2688K)->2407K(2688K)
[46.587s][info][gc             ] GC(110) Pause Young (System.gc()) 409M->83M(4091M) 0.636ms
[46.587s][info][gc,cpu         ] GC(110) User=0.00s Sys=0.00s Real=0.00s
[46.587s][info][gc,start       ] GC(111) Pause Full (System.gc())
[46.587s][info][gc,phases,start] GC(111) Marking Phase
[46.645s][info][gc,phases      ] GC(111) Marking Phase 57.998ms
[46.645s][info][gc,phases,start] GC(111) Summary Phase
[46.645s][info][gc,phases      ] GC(111) Summary Phase 0.011ms
[46.645s][info][gc,phases,start] GC(111) Adjust Roots
[46.646s][info][gc,phases      ] GC(111) Adjust Roots 1.408ms
[46.646s][info][gc,phases,start] GC(111) Compaction Phase
[46.667s][info][gc,phases      ] GC(111) Compaction Phase 20.861ms
[46.667s][info][gc,phases,start] GC(111) Post Compact
[46.668s][info][gc,phases      ] GC(111) Post Compact 0.918ms
[46.668s][info][gc,heap        ] GC(111) PSYoungGen: 96K->0K(1393152K)
[46.668s][info][gc,heap        ] GC(111) ParOldGen: 85498K->85418K(2796544K)
[46.668s][info][gc,metaspace   ] GC(111) Metaspace: 20506K(21376K)->20506K(21376K) NonClass: 18098K(18688K)->18098K(18688K) Class: 2407K(2688K)->2407K(2688K)
[46.668s][info][gc             ] GC(111) Pause Full (System.gc()) 83M->83M(4091M) 81.576ms
[46.668s][info][gc,cpu         ] GC(111) User=0.25s Sys=0.00s Real=0.08s
[47.155s][info][gc,start       ] GC(112) Pause Young (Allocation Failure)
[47.156s][info][gc,heap        ] GC(112) PSYoungGen: 1389056K->2384K(1393664K)
[47.156s][info][gc,heap        ] GC(112) ParOldGen: 85418K->85418K(2796544K)
[47.156s][info][gc,metaspace   ] GC(112) Metaspace: 20506K(21376K)->20506K(21376K) NonClass: 18099K(18688K)->18099K(18688K) Class: 2407K(2688K)->2407K(2688K)
[47.156s][info][gc             ] GC(112) Pause Young (Allocation Failure) 1439M->85M(4092M) 1.013ms
[47.156s][info][gc,cpu         ] GC(112) User=0.00s Sys=0.00s Real=0.00s
[47.659s][info][gc,start       ] GC(113) Pause Young (Allocation Failure)
[47.660s][info][gc,heap        ] GC(113) PSYoungGen: 1391952K->1355K(1393664K)
[47.660s][info][gc,heap        ] GC(113) ParOldGen: 85418K->85434K(2796544K)
[47.660s][info][gc,metaspace   ] GC(113) Metaspace: 20506K(21376K)->20506K(21376K) NonClass: 18099K(18688K)->18099K(18688K) Class: 2407K(2688K)->2407K(2688K)
[47.660s][info][gc             ] GC(113) Pause Young (Allocation Failure) 1442M->84M(4092M) 0.864ms
[47.660s][info][gc,cpu         ] GC(113) User=0.00s Sys=0.00s Real=0.00s
[48.141s][info][gc,start       ] GC(114) Pause Young (Allocation Failure)
[48.143s][info][gc,heap        ] GC(114) PSYoungGen: 1390681K->3513K(1392640K)
[48.143s][info][gc,heap        ] GC(114) ParOldGen: 85434K->85450K(2796544K)
[48.143s][info][gc,metaspace   ] GC(114) Metaspace: 20506K(21376K)->20506K(21376K) NonClass: 18099K(18688K)->18099K(18688K) Class: 2407K(2688K)->2407K(2688K)
[48.143s][info][gc             ] GC(114) Pause Young (Allocation Failure) 1441M->86M(4091M) 2.295ms
[48.143s][info][gc,cpu         ] GC(114) User=0.00s Sys=0.00s Real=0.00s
[48.645s][info][gc,start       ] GC(115) Pause Young (Allocation Failure)
[48.646s][info][gc,heap        ] GC(115) PSYoungGen: 1392057K->2313K(1393152K)
[48.646s][info][gc,heap        ] GC(115) ParOldGen: 85450K->85450K(2796544K)
[48.646s][info][gc,metaspace   ] GC(115) Metaspace: 20506K(21376K)->20506K(21376K) NonClass: 18099K(18688K)->18099K(18688K) Class: 2407K(2688K)->2407K(2688K)
[48.646s][info][gc             ] GC(115) Pause Young (Allocation Failure) 1442M->85M(4091M) 1.259ms
[48.646s][info][gc,cpu         ] GC(115) User=0.00s Sys=0.00s Real=0.00s
[49.138s][info][gc,start       ] GC(116) Pause Young (Allocation Failure)
[49.139s][info][gc,heap        ] GC(116) PSYoungGen: 1390857K->1634K(1393664K)
[49.139s][info][gc,heap        ] GC(116) ParOldGen: 85450K->85466K(2796544K)
[49.139s][info][gc,metaspace   ] GC(116) Metaspace: 20506K(21376K)->20506K(21376K) NonClass: 18099K(18688K)->18099K(18688K) Class: 2407K(2688K)->2407K(2688K)
[49.139s][info][gc             ] GC(116) Pause Young (Allocation Failure) 1441M->85M(4092M) 0.675ms
[49.139s][info][gc,cpu         ] GC(116) User=0.00s Sys=0.00s Real=0.00s
[49.636s][info][gc,start       ] GC(117) Pause Young (Allocation Failure)
[49.637s][info][gc,heap        ] GC(117) PSYoungGen: 1390690K->352K(1393152K)
[49.637s][info][gc,heap        ] GC(117) ParOldGen: 85466K->85466K(2796544K)
[49.637s][info][gc,metaspace   ] GC(117) Metaspace: 20508K(21376K)->20508K(21376K) NonClass: 18100K(18688K)->18100K(18688K) Class: 2407K(2688K)->2407K(2688K)
[49.637s][info][gc             ] GC(117) Pause Young (Allocation Failure) 1441M->83M(4091M) 0.639ms
[49.637s][info][gc,cpu         ] GC(117) User=0.00s Sys=0.00s Real=0.00s
[50.128s][info][gc,start       ] GC(118) Pause Young (Allocation Failure)
[50.130s][info][gc,heap        ] GC(118) PSYoungGen: 1389408K->2349K(1393664K)
[50.130s][info][gc,heap        ] GC(118) ParOldGen: 85466K->85490K(2796544K)
[50.130s][info][gc,metaspace   ] GC(118) Metaspace: 20508K(21376K)->20508K(21376K) NonClass: 18100K(18688K)->18100K(18688K) Class: 2407K(2688K)->2407K(2688K)
[50.130s][info][gc             ] GC(118) Pause Young (Allocation Failure) 1440M->85M(4092M) 2.180ms
[50.130s][info][gc,cpu         ] GC(118) User=0.00s Sys=0.00s Real=0.00s
[50.248s][info][gc,start       ] GC(119) Pause Young (System.gc())
[50.248s][info][gc,heap        ] GC(119) PSYoungGen: 325156K->96K(1390080K)
[50.248s][info][gc,heap        ] GC(119) ParOldGen: 85490K->85490K(2796544K)
[50.248s][info][gc,metaspace   ] GC(119) Metaspace: 20510K(21376K)->20510K(21376K) NonClass: 18103K(18688K)->18103K(18688K) Class: 2407K(2688K)->2407K(2688K)
[50.248s][info][gc             ] GC(119) Pause Young (System.gc()) 401M->83M(4088M) 0.635ms
[50.248s][info][gc,cpu         ] GC(119) User=0.00s Sys=0.00s Real=0.00s
[50.248s][info][gc,start       ] GC(120) Pause Full (System.gc())
[50.248s][info][gc,phases,start] GC(120) Marking Phase
[50.316s][info][gc,phases      ] GC(120) Marking Phase 68.238ms
[50.317s][info][gc,phases,start] GC(120) Summary Phase
[50.317s][info][gc,phases      ] GC(120) Summary Phase 0.014ms
[50.317s][info][gc,phases,start] GC(120) Adjust Roots
[50.318s][info][gc,phases      ] GC(120) Adjust Roots 1.578ms
[50.318s][info][gc,phases,start] GC(120) Compaction Phase
[50.336s][info][gc,phases      ] GC(120) Compaction Phase 17.836ms
[50.336s][info][gc,phases,start] GC(120) Post Compact
[50.337s][info][gc,phases      ] GC(120) Post Compact 1.036ms
[50.337s][info][gc,heap        ] GC(120) PSYoungGen: 96K->0K(1390080K)
[50.337s][info][gc,heap        ] GC(120) ParOldGen: 85490K->85418K(2796544K)
[50.337s][info][gc,metaspace   ] GC(120) Metaspace: 20510K(21376K)->20510K(21376K) NonClass: 18103K(18688K)->18103K(18688K) Class: 2407K(2688K)->2407K(2688K)
[50.337s][info][gc             ] GC(120) Pause Full (System.gc()) 83M->83M(4088M) 89.015ms
[50.337s][info][gc,cpu         ] GC(120) User=0.31s Sys=0.00s Real=0.09s
[50.845s][info][gc,start       ] GC(121) Pause Young (Allocation Failure)
[50.846s][info][gc,heap        ] GC(121) PSYoungGen: 1389568K->2114K(1393664K)
[50.846s][info][gc,heap        ] GC(121) ParOldGen: 85418K->85426K(2796544K)
[50.846s][info][gc,metaspace   ] GC(121) Metaspace: 20528K(21376K)->20528K(21376K) NonClass: 18120K(18688K)->18120K(18688K) Class: 2407K(2688K)->2407K(2688K)
[50.846s][info][gc             ] GC(121) Pause Young (Allocation Failure) 1440M->85M(4092M) 1.633ms
[50.846s][info][gc,cpu         ] GC(121) User=0.00s Sys=0.00s Real=0.00s
[51.349s][info][gc,start       ] GC(122) Pause Young (Allocation Failure)
[51.350s][info][gc,heap        ] GC(122) PSYoungGen: 1391170K->1319K(1393152K)
[51.350s][info][gc,heap        ] GC(122) ParOldGen: 85426K->85442K(2796544K)
[51.350s][info][gc,metaspace   ] GC(122) Metaspace: 20528K(21376K)->20528K(21376K) NonClass: 18120K(18688K)->18120K(18688K) Class: 2407K(2688K)->2407K(2688K)
[51.350s][info][gc             ] GC(122) Pause Young (Allocation Failure) 1441M->84M(4091M) 0.654ms
[51.350s][info][gc,cpu         ] GC(122) User=0.00s Sys=0.00s Real=0.00s
[51.841s][info][gc,start       ] GC(123) Pause Young (Allocation Failure)
[51.841s][info][gc,heap        ] GC(123) PSYoungGen: 1390375K->352K(1393664K)
[51.841s][info][gc,heap        ] GC(123) ParOldGen: 85442K->85458K(2796544K)
[51.841s][info][gc,metaspace   ] GC(123) Metaspace: 20528K(21376K)->20528K(21376K) NonClass: 18120K(18688K)->18120K(18688K) Class: 2407K(2688K)->2407K(2688K)
[51.841s][info][gc             ] GC(123) Pause Young (Allocation Failure) 1441M->83M(4092M) 0.570ms
[51.841s][info][gc,cpu         ] GC(123) User=0.00s Sys=0.00s Real=0.00s
[52.340s][info][gc,start       ] GC(124) Pause Young (Allocation Failure)
[52.341s][info][gc,heap        ] GC(124) PSYoungGen: 1389920K->2711K(1393664K)
[52.341s][info][gc,heap        ] GC(124) ParOldGen: 85458K->85458K(2796544K)
[52.341s][info][gc,metaspace   ] GC(124) Metaspace: 20528K(21376K)->20528K(21376K) NonClass: 18121K(18688K)->18121K(18688K) Class: 2407K(2688K)->2407K(2688K)
[52.341s][info][gc             ] GC(124) Pause Young (Allocation Failure) 1440M->86M(4092M) 1.087ms
[52.341s][info][gc,cpu         ] GC(124) User=0.00s Sys=0.00s Real=0.00s
[52.830s][info][gc,start       ] GC(125) Pause Young (Allocation Failure)
[52.831s][info][gc,heap        ] GC(125) PSYoungGen: 1392279K->1473K(1393664K)
[52.831s][info][gc,heap        ] GC(125) ParOldGen: 85458K->85482K(2796544K)
[52.831s][info][gc,metaspace   ] GC(125) Metaspace: 20528K(21376K)->20528K(21376K) NonClass: 18121K(18688K)->18121K(18688K) Class: 2407K(2688K)->2407K(2688K)
[52.831s][info][gc             ] GC(125) Pause Young (Allocation Failure) 1443M->84M(4092M) 0.809ms
[52.831s][info][gc,cpu         ] GC(125) User=0.00s Sys=0.00s Real=0.00s
[53.332s][info][gc,start       ] GC(126) Pause Young (Allocation Failure)
[53.332s][info][gc,heap        ] GC(126) PSYoungGen: 1391041K->916K(1393664K)
[53.333s][info][gc,heap        ] GC(126) ParOldGen: 85482K->85482K(2796544K)
[53.333s][info][gc,metaspace   ] GC(126) Metaspace: 20528K(21376K)->20528K(21376K) NonClass: 18121K(18688K)->18121K(18688K) Class: 2407K(2688K)->2407K(2688K)
[53.333s][info][gc             ] GC(126) Pause Young (Allocation Failure) 1441M->84M(4092M) 1.000ms
[53.333s][info][gc,cpu         ] GC(126) User=0.00s Sys=0.00s Real=0.00s
[53.815s][info][gc,start       ] GC(127) Pause Young (Allocation Failure)
[53.817s][info][gc,heap        ] GC(127) PSYoungGen: 1390484K->3185K(1392640K)
[53.817s][info][gc,heap        ] GC(127) ParOldGen: 85482K->85490K(2796544K)
[53.817s][info][gc,metaspace   ] GC(127) Metaspace: 20528K(21376K)->20528K(21376K) NonClass: 18121K(18688K)->18121K(18688K) Class: 2407K(2688K)->2407K(2688K)
[53.817s][info][gc             ] GC(127) Pause Young (Allocation Failure) 1441M->86M(4091M) 1.455ms
[53.817s][info][gc,cpu         ] GC(127) User=0.00s Sys=0.00s Real=0.00s
[53.931s][info][gc,start       ] GC(128) Pause Young (System.gc())
[53.931s][info][gc,heap        ] GC(128) PSYoungGen: 323354K->96K(1393152K)
[53.931s][info][gc,heap        ] GC(128) ParOldGen: 85490K->85490K(2796544K)
[53.931s][info][gc,metaspace   ] GC(128) Metaspace: 20528K(21376K)->20528K(21376K) NonClass: 18121K(18688K)->18121K(18688K) Class: 2407K(2688K)->2407K(2688K)
[53.931s][info][gc             ] GC(128) Pause Young (System.gc()) 399M->83M(4091M) 0.427ms
[53.931s][info][gc,cpu         ] GC(128) User=0.00s Sys=0.00s Real=0.00s
[53.931s][info][gc,start       ] GC(129) Pause Full (System.gc())
[53.931s][info][gc,phases,start] GC(129) Marking Phase
[53.996s][info][gc,phases      ] GC(129) Marking Phase 65.102ms
[53.996s][info][gc,phases,start] GC(129) Summary Phase
[53.996s][info][gc,phases      ] GC(129) Summary Phase 0.011ms
[53.996s][info][gc,phases,start] GC(129) Adjust Roots
[53.997s][info][gc,phases      ] GC(129) Adjust Roots 1.301ms
[53.998s][info][gc,phases,start] GC(129) Compaction Phase
[54.014s][info][gc,phases      ] GC(129) Compaction Phase 16.121ms
[54.014s][info][gc,phases,start] GC(129) Post Compact
[54.015s][info][gc,phases      ] GC(129) Post Compact 1.132ms
[54.015s][info][gc,heap        ] GC(129) PSYoungGen: 96K->0K(1393152K)
[54.015s][info][gc,heap        ] GC(129) ParOldGen: 85490K->85418K(2796544K)
[54.015s][info][gc,metaspace   ] GC(129) Metaspace: 20528K(21376K)->20528K(21376K) NonClass: 18121K(18688K)->18121K(18688K) Class: 2407K(2688K)->2407K(2688K)
[54.015s][info][gc             ] GC(129) Pause Full (System.gc()) 83M->83M(4091M) 83.970ms
[54.015s][info][gc,cpu         ] GC(129) User=0.28s Sys=0.00s Real=0.08s
[54.506s][info][gc,start       ] GC(130) Pause Young (Allocation Failure)
[54.507s][info][gc,heap        ] GC(130) PSYoungGen: 1388544K->2325K(1393152K)
[54.507s][info][gc,heap        ] GC(130) ParOldGen: 85418K->85418K(2796544K)
[54.507s][info][gc,metaspace   ] GC(130) Metaspace: 20536K(21376K)->20536K(21376K) NonClass: 18129K(18688K)->18129K(18688K) Class: 2407K(2688K)->2407K(2688K)
[54.507s][info][gc             ] GC(130) Pause Young (Allocation Failure) 1439M->85M(4091M) 0.905ms
[54.507s][info][gc,cpu         ] GC(130) User=0.00s Sys=0.00s Real=0.00s
[54.997s][info][gc,start       ] GC(131) Pause Young (Allocation Failure)
[54.997s][info][gc,heap        ] GC(131) PSYoungGen: 1390869K->876K(1393152K)
[54.997s][info][gc,heap        ] GC(131) ParOldGen: 85418K->85442K(2796544K)
[54.997s][info][gc,metaspace   ] GC(131) Metaspace: 20536K(21376K)->20536K(21376K) NonClass: 18129K(18688K)->18129K(18688K) Class: 2407K(2688K)->2407K(2688K)
[54.997s][info][gc             ] GC(131) Pause Young (Allocation Failure) 1441M->84M(4091M) 0.787ms
[54.997s][info][gc,cpu         ] GC(131) User=0.00s Sys=0.00s Real=0.00s
[55.502s][info][gc,start       ] GC(132) Pause Young (Allocation Failure)
[55.504s][info][gc,heap        ] GC(132) PSYoungGen: 1389420K->2925K(1392640K)
[55.504s][info][gc,heap        ] GC(132) ParOldGen: 85442K->85466K(2796544K)
[55.504s][info][gc,metaspace   ] GC(132) Metaspace: 20536K(21376K)->20536K(21376K) NonClass: 18129K(18688K)->18129K(18688K) Class: 2407K(2688K)->2407K(2688K)
[55.504s][info][gc             ] GC(132) Pause Young (Allocation Failure) 1440M->86M(4091M) 1.470ms
[55.504s][info][gc,cpu         ] GC(132) User=0.00s Sys=0.00s Real=0.00s
[55.995s][info][gc,start       ] GC(133) Pause Young (Allocation Failure)
[55.996s][info][gc,heap        ] GC(133) PSYoungGen: 1391469K->2039K(1393152K)
[55.996s][info][gc,heap        ] GC(133) ParOldGen: 85466K->85466K(2796544K)
[55.996s][info][gc,metaspace   ] GC(133) Metaspace: 20536K(21376K)->20536K(21376K) NonClass: 18129K(18688K)->18129K(18688K) Class: 2407K(2688K)->2407K(2688K)
[55.996s][info][gc             ] GC(133) Pause Young (Allocation Failure) 1442M->85M(4091M) 0.833ms
[55.996s][info][gc,cpu         ] GC(133) User=0.00s Sys=0.00s Real=0.00s
[56.493s][info][gc,start       ] GC(134) Pause Young (Allocation Failure)
[56.504s][info][gc,heap        ] GC(134) PSYoungGen: 1390583K->722K(1393152K)
[56.504s][info][gc,heap        ] GC(134) ParOldGen: 85466K->85482K(2796544K)
[56.505s][info][gc,metaspace   ] GC(134) Metaspace: 20536K(21376K)->20536K(21376K) NonClass: 18129K(18688K)->18129K(18688K) Class: 2407K(2688K)->2407K(2688K)
[56.505s][info][gc             ] GC(134) Pause Young (Allocation Failure) 1441M->84M(4091M) 11.151ms
[56.505s][info][gc,cpu         ] GC(134) User=0.00s Sys=0.00s Real=0.01s
[56.999s][info][gc,start       ] GC(135) Pause Young (Allocation Failure)
[57.000s][info][gc,heap        ] GC(135) PSYoungGen: 1389266K->2128K(1393152K)
[57.000s][info][gc,heap        ] GC(135) ParOldGen: 85482K->85482K(2796544K)
[57.000s][info][gc,metaspace   ] GC(135) Metaspace: 20536K(21376K)->20536K(21376K) NonClass: 18129K(18688K)->18129K(18688K) Class: 2407K(2688K)->2407K(2688K)
[57.000s][info][gc             ] GC(135) Pause Young (Allocation Failure) 1440M->85M(4091M) 1.286ms
[57.000s][info][gc,cpu         ] GC(135) User=0.00s Sys=0.00s Real=0.00s
[57.511s][info][gc,start       ] GC(136) Pause Young (Allocation Failure)
[57.511s][info][gc,heap        ] GC(136) PSYoungGen: 1390672K->1674K(1393664K)
[57.511s][info][gc,heap        ] GC(136) ParOldGen: 85482K->85498K(2796544K)
[57.511s][info][gc,metaspace   ] GC(136) Metaspace: 20536K(21376K)->20536K(21376K) NonClass: 18129K(18688K)->18129K(18688K) Class: 2407K(2688K)->2407K(2688K)
[57.511s][info][gc             ] GC(136) Pause Young (Allocation Failure) 1441M->85M(4092M) 0.753ms
[57.511s][info][gc,cpu         ] GC(136) User=0.00s Sys=0.00s Real=0.00s
[57.631s][info][gc,start       ] GC(137) Pause Young (System.gc())
[57.632s][info][gc,heap        ] GC(137) PSYoungGen: 343759K->64K(1393664K)
[57.632s][info][gc,heap        ] GC(137) ParOldGen: 85498K->85554K(2796544K)
[57.632s][info][gc,metaspace   ] GC(137) Metaspace: 20537K(21376K)->20537K(21376K) NonClass: 18129K(18688K)->18129K(18688K) Class: 2407K(2688K)->2407K(2688K)
[57.632s][info][gc             ] GC(137) Pause Young (System.gc()) 419M->83M(4092M) 0.514ms
[57.632s][info][gc,cpu         ] GC(137) User=0.00s Sys=0.00s Real=0.00s
[57.632s][info][gc,start       ] GC(138) Pause Full (System.gc())
[57.632s][info][gc,phases,start] GC(138) Marking Phase
[57.709s][info][gc,phases      ] GC(138) Marking Phase 76.873ms
[57.709s][info][gc,phases,start] GC(138) Summary Phase
[57.709s][info][gc,phases      ] GC(138) Summary Phase 0.016ms
[57.709s][info][gc,phases,start] GC(138) Adjust Roots
[57.710s][info][gc,phases      ] GC(138) Adjust Roots 1.335ms
[57.710s][info][gc,phases,start] GC(138) Compaction Phase
[57.728s][info][gc,phases      ] GC(138) Compaction Phase 17.580ms
[57.728s][info][gc,phases,start] GC(138) Post Compact
[57.729s][info][gc,phases      ] GC(138) Post Compact 0.877ms
[57.729s][info][gc,heap        ] GC(138) PSYoungGen: 64K->0K(1393664K)
[57.729s][info][gc,heap        ] GC(138) ParOldGen: 85554K->85451K(2796544K)
[57.729s][info][gc,metaspace   ] GC(138) Metaspace: 20537K(21376K)->20537K(21376K) NonClass: 18129K(18688K)->18129K(18688K) Class: 2407K(2688K)->2407K(2688K)
[57.729s][info][gc             ] GC(138) Pause Full (System.gc()) 83M->83M(4092M) 97.019ms
[57.729s][info][gc,cpu         ] GC(138) User=0.25s Sys=0.00s Real=0.10s
[58.211s][info][gc,start       ] GC(139) Pause Young (Allocation Failure)
[58.212s][info][gc,heap        ] GC(139) PSYoungGen: 1389568K->2087K(1393664K)
[58.212s][info][gc,heap        ] GC(139) ParOldGen: 85451K->85451K(2796544K)
[58.212s][info][gc,metaspace   ] GC(139) Metaspace: 20537K(21376K)->20537K(21376K) NonClass: 18129K(18688K)->18129K(18688K) Class: 2407K(2688K)->2407K(2688K)
[58.212s][info][gc             ] GC(139) Pause Young (Allocation Failure) 1440M->85M(4092M) 1.120ms
[58.212s][info][gc,cpu         ] GC(139) User=0.00s Sys=0.00s Real=0.00s
[58.708s][info][gc,start       ] GC(140) Pause Young (Allocation Failure)
[58.709s][info][gc,heap        ] GC(140) PSYoungGen: 1391655K->1242K(1393664K)
[58.709s][info][gc,heap        ] GC(140) ParOldGen: 85451K->85467K(2796544K)
[58.709s][info][gc,metaspace   ] GC(140) Metaspace: 20537K(21376K)->20537K(21376K) NonClass: 18129K(18688K)->18129K(18688K) Class: 2407K(2688K)->2407K(2688K)
[58.709s][info][gc             ] GC(140) Pause Young (Allocation Failure) 1442M->84M(4092M) 0.639ms
[58.709s][info][gc,cpu         ] GC(140) User=0.00s Sys=0.00s Real=0.00s
[59.204s][info][gc,start       ] GC(141) Pause Young (Allocation Failure)
[59.205s][info][gc,heap        ] GC(141) PSYoungGen: 1390810K->480K(1393664K)
[59.205s][info][gc,heap        ] GC(141) ParOldGen: 85467K->85491K(2796544K)
[59.205s][info][gc,metaspace   ] GC(141) Metaspace: 20537K(21376K)->20537K(21376K) NonClass: 18129K(18688K)->18129K(18688K) Class: 2407K(2688K)->2407K(2688K)
[59.205s][info][gc             ] GC(141) Pause Young (Allocation Failure) 1441M->83M(4092M) 0.827ms
[59.205s][info][gc,cpu         ] GC(141) User=0.00s Sys=0.00s Real=0.00s
[59.692s][info][gc,start       ] GC(142) Pause Young (Allocation Failure)
[59.694s][info][gc,heap        ] GC(142) PSYoungGen: 1390029K->2217K(1393664K)
[59.694s][info][gc,heap        ] GC(142) ParOldGen: 85491K->85491K(2796544K)
[59.694s][info][gc,metaspace   ] GC(142) Metaspace: 20537K(21376K)->20537K(21376K) NonClass: 18129K(18688K)->18129K(18688K) Class: 2407K(2688K)->2407K(2688K)
[59.694s][info][gc             ] GC(142) Pause Young (Allocation Failure) 1440M->85M(4092M) 1.234ms
[59.694s][info][gc,cpu         ] GC(142) User=0.00s Sys=0.00s Real=0.00s
[60.181s][info][gc,start       ] GC(143) Pause Young (Allocation Failure)
[60.182s][info][gc,heap        ] GC(143) PSYoungGen: 1391785K->1216K(1394176K)
[60.182s][info][gc,heap        ] GC(143) ParOldGen: 85491K->85515K(2796544K)
[60.182s][info][gc,metaspace   ] GC(143) Metaspace: 20537K(21376K)->20537K(21376K) NonClass: 18129K(18688K)->18129K(18688K) Class: 2407K(2688K)->2407K(2688K)
[60.182s][info][gc             ] GC(143) Pause Young (Allocation Failure) 1442M->84M(4092M) 0.813ms
[60.182s][info][gc,cpu         ] GC(143) User=0.00s Sys=0.00s Real=0.00s
[60.684s][info][gc,start       ] GC(144) Pause Young (Allocation Failure)
[60.684s][info][gc,heap        ] GC(144) PSYoungGen: 1391296K->192K(1393664K)
[60.684s][info][gc,heap        ] GC(144) ParOldGen: 85515K->85515K(2796544K)
[60.684s][info][gc,metaspace   ] GC(144) Metaspace: 20537K(21376K)->20537K(21376K) NonClass: 18129K(18688K)->18129K(18688K) Class: 2407K(2688K)->2407K(2688K)
[60.684s][info][gc             ] GC(144) Pause Young (Allocation Failure) 1442M->83M(4092M) 0.566ms
[60.684s][info][gc,cpu         ] GC(144) User=0.00s Sys=0.00s Real=0.00s
[61.180s][info][gc,start       ] GC(145) Pause Young (Allocation Failure)
[61.181s][info][gc,heap        ] GC(145) PSYoungGen: 1390272K->2522K(1393152K)
[61.181s][info][gc,heap        ] GC(145) ParOldGen: 85515K->85531K(2796544K)
[61.181s][info][gc,metaspace   ] GC(145) Metaspace: 20537K(21376K)->20537K(21376K) NonClass: 18129K(18688K)->18129K(18688K) Class: 2407K(2688K)->2407K(2688K)
[61.181s][info][gc             ] GC(145) Pause Young (Allocation Failure) 1441M->85M(4091M) 1.127ms
[61.181s][info][gc,cpu         ] GC(145) User=0.00s Sys=0.00s Real=0.00s
[61.315s][info][gc,start       ] GC(146) Pause Young (System.gc())
[61.315s][info][gc,heap        ] GC(146) PSYoungGen: 331208K->96K(1393664K)
[61.315s][info][gc,heap        ] GC(146) ParOldGen: 85531K->85531K(2796544K)
[61.315s][info][gc,metaspace   ] GC(146) Metaspace: 20537K(21376K)->20537K(21376K) NonClass: 18129K(18688K)->18129K(18688K) Class: 2407K(2688K)->2407K(2688K)
[61.315s][info][gc             ] GC(146) Pause Young (System.gc()) 406M->83M(4092M) 0.447ms
[61.315s][info][gc,cpu         ] GC(146) User=0.00s Sys=0.00s Real=0.00s
[61.315s][info][gc,start       ] GC(147) Pause Full (System.gc())
[61.315s][info][gc,phases,start] GC(147) Marking Phase
[61.380s][info][gc,phases      ] GC(147) Marking Phase 65.204ms
[61.380s][info][gc,phases,start] GC(147) Summary Phase
[61.380s][info][gc,phases      ] GC(147) Summary Phase 0.012ms
[61.380s][info][gc,phases,start] GC(147) Adjust Roots
[61.382s][info][gc,phases      ] GC(147) Adjust Roots 1.324ms
[61.382s][info][gc,phases,start] GC(147) Compaction Phase
[61.402s][info][gc,phases      ] GC(147) Compaction Phase 19.848ms
[61.402s][info][gc,phases,start] GC(147) Post Compact
[61.403s][info][gc,phases      ] GC(147) Post Compact 1.148ms
[61.403s][info][gc,heap        ] GC(147) PSYoungGen: 96K->0K(1393664K)
[61.403s][info][gc,heap        ] GC(147) ParOldGen: 85531K->85451K(2796544K)
[61.403s][info][gc,metaspace   ] GC(147) Metaspace: 20537K(21376K)->20537K(21376K) NonClass: 18129K(18688K)->18129K(18688K) Class: 2407K(2688K)->2407K(2688K)
[61.403s][info][gc             ] GC(147) Pause Full (System.gc()) 83M->83M(4092M) 87.850ms
[61.403s][info][gc,cpu         ] GC(147) User=0.33s Sys=0.00s Real=0.09s
[61.908s][info][gc,start       ] GC(148) Pause Young (Allocation Failure)
[61.908s][info][gc,heap        ] GC(148) PSYoungGen: 1389568K->2351K(1393664K)
[61.908s][info][gc,heap        ] GC(148) ParOldGen: 85451K->85451K(2796544K)
[61.908s][info][gc,metaspace   ] GC(148) Metaspace: 20537K(21376K)->20537K(21376K) NonClass: 18129K(18688K)->18129K(18688K) Class: 2407K(2688K)->2407K(2688K)
[61.908s][info][gc             ] GC(148) Pause Young (Allocation Failure) 1440M->85M(4092M) 0.935ms
[61.908s][info][gc,cpu         ] GC(148) User=0.00s Sys=0.00s Real=0.00s
[62.414s][info][gc,start       ] GC(149) Pause Young (Allocation Failure)
[62.415s][info][gc,heap        ] GC(149) PSYoungGen: 1391919K->1393K(1393664K)
[62.415s][info][gc,heap        ] GC(149) ParOldGen: 85451K->85467K(2796544K)
[62.415s][info][gc,metaspace   ] GC(149) Metaspace: 20537K(21376K)->20537K(21376K) NonClass: 18129K(18688K)->18129K(18688K) Class: 2407K(2688K)->2407K(2688K)
[62.415s][info][gc             ] GC(149) Pause Young (Allocation Failure) 1442M->84M(4092M) 0.868ms
[62.415s][info][gc,cpu         ] GC(149) User=0.00s Sys=0.00s Real=0.00s
[62.905s][info][gc,start       ] GC(150) Pause Young (Allocation Failure)
[62.906s][info][gc,heap        ] GC(150) PSYoungGen: 1390961K->192K(1393664K)
[62.906s][info][gc,heap        ] GC(150) ParOldGen: 85467K->85491K(2796544K)
[62.906s][info][gc,metaspace   ] GC(150) Metaspace: 20537K(21376K)->20537K(21376K) NonClass: 18129K(18688K)->18129K(18688K) Class: 2407K(2688K)->2407K(2688K)
[62.906s][info][gc             ] GC(150) Pause Young (Allocation Failure) 1441M->83M(4092M) 0.518ms
[62.906s][info][gc,cpu         ] GC(150) User=0.00s Sys=0.00s Real=0.00s
[63.424s][info][gc,start       ] GC(151) Pause Young (Allocation Failure)
[63.425s][info][gc,heap        ] GC(151) PSYoungGen: 1389760K->2118K(1393664K)
[63.425s][info][gc,heap        ] GC(151) ParOldGen: 85491K->85491K(2796544K)
[63.425s][info][gc,metaspace   ] GC(151) Metaspace: 20537K(21376K)->20537K(21376K) NonClass: 18129K(18688K)->18129K(18688K) Class: 2407K(2688K)->2407K(2688K)
[63.425s][info][gc             ] GC(151) Pause Young (Allocation Failure) 1440M->85M(4092M) 0.897ms
[63.425s][info][gc,cpu         ] GC(151) User=0.00s Sys=0.00s Real=0.00s
[63.921s][info][gc,start       ] GC(152) Pause Young (Allocation Failure)
[63.921s][info][gc,heap        ] GC(152) PSYoungGen: 1391686K->1240K(1394176K)
[63.921s][info][gc,heap        ] GC(152) ParOldGen: 85491K->85515K(2796544K)
[63.921s][info][gc,metaspace   ] GC(152) Metaspace: 20537K(21376K)->20537K(21376K) NonClass: 18129K(18688K)->18129K(18688K) Class: 2407K(2688K)->2407K(2688K)
[63.921s][info][gc             ] GC(152) Pause Young (Allocation Failure) 1442M->84M(4092M) 0.736ms
[63.921s][info][gc,cpu         ] GC(152) User=0.00s Sys=0.00s Real=0.00s
[64.423s][info][gc,start       ] GC(153) Pause Young (Allocation Failure)
[64.424s][info][gc,heap        ] GC(153) PSYoungGen: 1391320K->160K(1393664K)
[64.424s][info][gc,heap        ] GC(153) ParOldGen: 85515K->85515K(2796544K)
[64.424s][info][gc,metaspace   ] GC(153) Metaspace: 20537K(21376K)->20537K(21376K) NonClass: 18129K(18688K)->18129K(18688K) Class: 2407K(2688K)->2407K(2688K)
[64.424s][info][gc             ] GC(153) Pause Young (Allocation Failure) 1442M->83M(4092M) 0.651ms
[64.424s][info][gc,cpu         ] GC(153) User=0.00s Sys=0.00s Real=0.00s
[64.902s][info][gc,start       ] GC(154) Pause Young (Allocation Failure)
[64.903s][info][gc,heap        ] GC(154) PSYoungGen: 1390240K->2055K(1394176K)
[64.903s][info][gc,heap        ] GC(154) ParOldGen: 85515K->85531K(2796544K)
[64.904s][info][gc,metaspace   ] GC(154) Metaspace: 20537K(21376K)->20537K(21376K) NonClass: 18129K(18688K)->18129K(18688K) Class: 2407K(2688K)->2407K(2688K)
[64.904s][info][gc             ] GC(154) Pause Young (Allocation Failure) 1441M->85M(4092M) 1.252ms
[64.904s][info][gc,cpu         ] GC(154) User=0.00s Sys=0.00s Real=0.00s
[65.020s][info][gc,start       ] GC(155) Pause Young (System.gc())
[65.020s][info][gc,heap        ] GC(155) PSYoungGen: 330058K->96K(1394176K)
[65.020s][info][gc,heap        ] GC(155) ParOldGen: 85531K->85531K(2796544K)
[65.020s][info][gc,metaspace   ] GC(155) Metaspace: 20537K(21376K)->20537K(21376K) NonClass: 18129K(18688K)->18129K(18688K) Class: 2407K(2688K)->2407K(2688K)
[65.020s][info][gc             ] GC(155) Pause Young (System.gc()) 405M->83M(4092M) 0.423ms
[65.020s][info][gc,cpu         ] GC(155) User=0.00s Sys=0.00s Real=0.00s
[65.020s][info][gc,start       ] GC(156) Pause Full (System.gc())
[65.020s][info][gc,phases,start] GC(156) Marking Phase
[65.084s][info][gc,phases      ] GC(156) Marking Phase 63.403ms
[65.084s][info][gc,phases,start] GC(156) Summary Phase
[65.084s][info][gc,phases      ] GC(156) Summary Phase 0.011ms
[65.084s][info][gc,phases,start] GC(156) Adjust Roots
[65.085s][info][gc,phases      ] GC(156) Adjust Roots 1.440ms
[65.085s][info][gc,phases,start] GC(156) Compaction Phase
[65.102s][info][gc,phases      ] GC(156) Compaction Phase 16.330ms
[65.102s][info][gc,phases,start] GC(156) Post Compact
[65.103s][info][gc,phases      ] GC(156) Post Compact 1.014ms
[65.103s][info][gc,heap        ] GC(156) PSYoungGen: 96K->0K(1394176K)
[65.103s][info][gc,heap        ] GC(156) ParOldGen: 85531K->85451K(2796544K)
[65.103s][info][gc,metaspace   ] GC(156) Metaspace: 20537K(21376K)->20537K(21376K) NonClass: 18129K(18688K)->18129K(18688K) Class: 2407K(2688K)->2407K(2688K)
[65.103s][info][gc             ] GC(156) Pause Full (System.gc()) 83M->83M(4092M) 82.535ms
[65.103s][info][gc,cpu         ] GC(156) User=0.31s Sys=0.00s Real=0.08s
[65.605s][info][gc,start       ] GC(157) Pause Young (Allocation Failure)
[65.606s][info][gc,heap        ] GC(157) PSYoungGen: 1390592K->2251K(1393152K)
[65.606s][info][gc,heap        ] GC(157) ParOldGen: 85451K->85451K(2796544K)
[65.606s][info][gc,metaspace   ] GC(157) Metaspace: 20541K(21376K)->20541K(21376K) NonClass: 18134K(18688K)->18134K(18688K) Class: 2407K(2688K)->2407K(2688K)
[65.606s][info][gc             ] GC(157) Pause Young (Allocation Failure) 1441M->85M(4091M) 1.056ms
[65.606s][info][gc,cpu         ] GC(157) User=0.00s Sys=0.00s Real=0.00s
[66.098s][info][gc,start       ] GC(158) Pause Young (Allocation Failure)
[66.098s][info][gc,heap        ] GC(158) PSYoungGen: 1391819K->1713K(1393664K)
[66.098s][info][gc,heap        ] GC(158) ParOldGen: 85451K->85467K(2796544K)
[66.098s][info][gc,metaspace   ] GC(158) Metaspace: 20541K(21376K)->20541K(21376K) NonClass: 18134K(18688K)->18134K(18688K) Class: 2407K(2688K)->2407K(2688K)
[66.098s][info][gc             ] GC(158) Pause Young (Allocation Failure) 1442M->85M(4092M) 0.751ms
[66.098s][info][gc,cpu         ] GC(158) User=0.00s Sys=0.00s Real=0.00s
[66.600s][info][gc,start       ] GC(159) Pause Young (Allocation Failure)
[66.601s][info][gc,heap        ] GC(159) PSYoungGen: 1391281K->889K(1394176K)
[66.601s][info][gc,heap        ] GC(159) ParOldGen: 85467K->85491K(2796544K)
[66.601s][info][gc,metaspace   ] GC(159) Metaspace: 20541K(21376K)->20541K(21376K) NonClass: 18134K(18688K)->18134K(18688K) Class: 2407K(2688K)->2407K(2688K)
[66.601s][info][gc             ] GC(159) Pause Young (Allocation Failure) 1442M->84M(4092M) 1.033ms
[66.601s][info][gc,cpu         ] GC(159) User=0.00s Sys=0.00s Real=0.00s
[67.094s][info][gc,start       ] GC(160) Pause Young (Allocation Failure)
[67.095s][info][gc,heap        ] GC(160) PSYoungGen: 1390969K->2544K(1393664K)
[67.095s][info][gc,heap        ] GC(160) ParOldGen: 85491K->85491K(2796544K)
[67.095s][info][gc,metaspace   ] GC(160) Metaspace: 20541K(21376K)->20541K(21376K) NonClass: 18134K(18688K)->18134K(18688K) Class: 2407K(2688K)->2407K(2688K)
[67.095s][info][gc             ] GC(160) Pause Young (Allocation Failure) 1441M->85M(4092M) 1.112ms
[67.095s][info][gc,cpu         ] GC(160) User=0.00s Sys=0.00s Real=0.00s
[67.604s][info][gc,start       ] GC(161) Pause Young (Allocation Failure)
[67.605s][info][gc,heap        ] GC(161) PSYoungGen: 1392624K->2001K(1393664K)
[67.605s][info][gc,heap        ] GC(161) ParOldGen: 85491K->85515K(2796544K)
[67.605s][info][gc,metaspace   ] GC(161) Metaspace: 20541K(21376K)->20541K(21376K) NonClass: 18134K(18688K)->18134K(18688K) Class: 2407K(2688K)->2407K(2688K)
[67.605s][info][gc             ] GC(161) Pause Young (Allocation Failure) 1443M->85M(4092M) 0.959ms
[67.605s][info][gc,cpu         ] GC(161) User=0.00s Sys=0.00s Real=0.00s
[68.099s][info][gc,start       ] GC(162) Pause Young (Allocation Failure)
[68.100s][info][gc,heap        ] GC(162) PSYoungGen: 1391569K->789K(1393664K)
[68.100s][info][gc,heap        ] GC(162) ParOldGen: 85515K->85515K(2796544K)
[68.100s][info][gc,metaspace   ] GC(162) Metaspace: 20541K(21376K)->20541K(21376K) NonClass: 18134K(18688K)->18134K(18688K) Class: 2407K(2688K)->2407K(2688K)
[68.100s][info][gc             ] GC(162) Pause Young (Allocation Failure) 1442M->84M(4092M) 1.085ms
[68.100s][info][gc,cpu         ] GC(162) User=0.02s Sys=0.00s Real=0.00s
[68.587s][info][gc,start       ] GC(163) Pause Young (Allocation Failure)
[68.589s][info][gc,heap        ] GC(163) PSYoungGen: 1390357K->2536K(1393664K)
[68.589s][info][gc,heap        ] GC(163) ParOldGen: 85515K->85539K(2796544K)
[68.589s][info][gc,metaspace   ] GC(163) Metaspace: 20541K(21376K)->20541K(21376K) NonClass: 18134K(18688K)->18134K(18688K) Class: 2407K(2688K)->2407K(2688K)
[68.589s][info][gc             ] GC(163) Pause Young (Allocation Failure) 1441M->86M(4092M) 1.362ms
[68.589s][info][gc,cpu         ] GC(163) User=0.00s Sys=0.00s Real=0.00s
[68.701s][info][gc,start       ] GC(164) Pause Young (System.gc())
[68.702s][info][gc,heap        ] GC(164) PSYoungGen: 314711K->64K(1393664K)
[68.702s][info][gc,heap        ] GC(164) ParOldGen: 85539K->85539K(2796544K)
[68.702s][info][gc,metaspace   ] GC(164) Metaspace: 20541K(21376K)->20541K(21376K) NonClass: 18134K(18688K)->18134K(18688K) Class: 2407K(2688K)->2407K(2688K)
[68.702s][info][gc             ] GC(164) Pause Young (System.gc()) 390M->83M(4092M) 0.668ms
[68.702s][info][gc,cpu         ] GC(164) User=0.00s Sys=0.00s Real=0.00s
[68.702s][info][gc,start       ] GC(165) Pause Full (System.gc())
[68.702s][info][gc,phases,start] GC(165) Marking Phase
[68.768s][info][gc,phases      ] GC(165) Marking Phase 65.845ms
[68.776s][info][gc,phases,start] GC(165) Summary Phase
[68.776s][info][gc,phases      ] GC(165) Summary Phase 0.032ms
[68.776s][info][gc,phases,start] GC(165) Adjust Roots
[68.778s][info][gc,phases      ] GC(165) Adjust Roots 1.793ms
[68.778s][info][gc,phases,start] GC(165) Compaction Phase
[68.795s][info][gc,phases      ] GC(165) Compaction Phase 17.103ms
[68.795s][info][gc,phases,start] GC(165) Post Compact
[68.796s][info][gc,phases      ] GC(165) Post Compact 0.828ms
[68.796s][info][gc,heap        ] GC(165) PSYoungGen: 64K->0K(1393664K)
[68.796s][info][gc,heap        ] GC(165) ParOldGen: 85539K->85451K(2796544K)
[68.796s][info][gc,metaspace   ] GC(165) Metaspace: 20541K(21376K)->20541K(21376K) NonClass: 18134K(18688K)->18134K(18688K) Class: 2407K(2688K)->2407K(2688K)
[68.796s][info][gc             ] GC(165) Pause Full (System.gc()) 83M->83M(4092M) 93.930ms
[68.796s][info][gc,cpu         ] GC(165) User=0.31s Sys=0.00s Real=0.09s
[69.302s][info][gc,start       ] GC(166) Pause Young (Allocation Failure)
[69.303s][info][gc,heap        ] GC(166) PSYoungGen: 1389568K->2124K(1393664K)
[69.303s][info][gc,heap        ] GC(166) ParOldGen: 85451K->85451K(2796544K)
[69.303s][info][gc,metaspace   ] GC(166) Metaspace: 20541K(21376K)->20541K(21376K) NonClass: 18134K(18688K)->18134K(18688K) Class: 2407K(2688K)->2407K(2688K)
[69.303s][info][gc             ] GC(166) Pause Young (Allocation Failure) 1440M->85M(4092M) 1.162ms
[69.303s][info][gc,cpu         ] GC(166) User=0.02s Sys=0.00s Real=0.00s
[69.806s][info][gc,start       ] GC(167) Pause Young (Allocation Failure)
[69.806s][info][gc,heap        ] GC(167) PSYoungGen: 1391692K->1152K(1393664K)
[69.806s][info][gc,heap        ] GC(167) ParOldGen: 85451K->85467K(2796544K)
[69.806s][info][gc,metaspace   ] GC(167) Metaspace: 20541K(21376K)->20541K(21376K) NonClass: 18134K(18688K)->18134K(18688K) Class: 2407K(2688K)->2407K(2688K)
[69.806s][info][gc             ] GC(167) Pause Young (Allocation Failure) 1442M->84M(4092M) 0.720ms
[69.806s][info][gc,cpu         ] GC(167) User=0.00s Sys=0.00s Real=0.00s
[70.311s][info][gc,start       ] GC(168) Pause Young (Allocation Failure)
[70.311s][info][gc,heap        ] GC(168) PSYoungGen: 1390720K->192K(1393664K)
[70.311s][info][gc,heap        ] GC(168) ParOldGen: 85467K->85491K(2796544K)
[70.311s][info][gc,metaspace   ] GC(168) Metaspace: 20541K(21376K)->20541K(21376K) NonClass: 18134K(18688K)->18134K(18688K) Class: 2407K(2688K)->2407K(2688K)
[70.311s][info][gc             ] GC(168) Pause Young (Allocation Failure) 1441M->83M(4092M) 0.487ms
[70.311s][info][gc,cpu         ] GC(168) User=0.00s Sys=0.00s Real=0.00s
[70.807s][info][gc,start       ] GC(169) Pause Young (Allocation Failure)
[70.807s][info][gc,heap        ] GC(169) PSYoungGen: 1389760K->2101K(1393664K)
[70.807s][info][gc,heap        ] GC(169) ParOldGen: 85491K->85491K(2796544K)
[70.807s][info][gc,metaspace   ] GC(169) Metaspace: 20541K(21376K)->20541K(21376K) NonClass: 18134K(18688K)->18134K(18688K) Class: 2407K(2688K)->2407K(2688K)
[70.807s][info][gc             ] GC(169) Pause Young (Allocation Failure) 1440M->85M(4092M) 0.831ms
[70.807s][info][gc,cpu         ] GC(169) User=0.00s Sys=0.00s Real=0.00s
[71.303s][info][gc,start       ] GC(170) Pause Young (Allocation Failure)
[71.304s][info][gc,heap        ] GC(170) PSYoungGen: 1391669K->932K(1394176K)
[71.304s][info][gc,heap        ] GC(170) ParOldGen: 85491K->85547K(2796544K)
[71.304s][info][gc,metaspace   ] GC(170) Metaspace: 20541K(21376K)->20541K(21376K) NonClass: 18134K(18688K)->18134K(18688K) Class: 2407K(2688K)->2407K(2688K)
[71.304s][info][gc             ] GC(170) Pause Young (Allocation Failure) 1442M->84M(4092M) 0.784ms
[71.304s][info][gc,cpu         ] GC(170) User=0.00s Sys=0.00s Real=0.00s
[71.805s][info][gc,start       ] GC(171) Pause Young (Allocation Failure)
[71.807s][info][gc,heap        ] GC(171) PSYoungGen: 1391012K->3509K(1393664K)
[71.807s][info][gc,heap        ] GC(171) ParOldGen: 85547K->85939K(2796544K)
[71.807s][info][gc,metaspace   ] GC(171) Metaspace: 20541K(21376K)->20541K(21376K) NonClass: 18134K(18688K)->18134K(18688K) Class: 2407K(2688K)->2407K(2688K)
[71.807s][info][gc             ] GC(171) Pause Young (Allocation Failure) 1441M->87M(4092M) 1.342ms
[71.807s][info][gc,cpu         ] GC(171) User=0.00s Sys=0.00s Real=0.00s
[72.308s][info][gc,start       ] GC(172) Pause Young (Allocation Failure)
[72.308s][info][gc,heap        ] GC(172) PSYoungGen: 1393589K->2006K(1393664K)
[72.308s][info][gc,heap        ] GC(172) ParOldGen: 85939K->85963K(2796544K)
[72.308s][info][gc,metaspace   ] GC(172) Metaspace: 20541K(21376K)->20541K(21376K) NonClass: 18134K(18688K)->18134K(18688K) Class: 2407K(2688K)->2407K(2688K)
[72.308s][info][gc             ] GC(172) Pause Young (Allocation Failure) 1444M->85M(4092M) 0.780ms
[72.308s][info][gc,cpu         ] GC(172) User=0.00s Sys=0.00s Real=0.00s
[72.427s][info][gc,start       ] GC(173) Pause Young (System.gc())
[72.427s][info][gc,heap        ] GC(173) PSYoungGen: 334505K->96K(1393664K)
[72.427s][info][gc,heap        ] GC(173) ParOldGen: 85963K->85963K(2796544K)
[72.427s][info][gc,metaspace   ] GC(173) Metaspace: 20541K(21376K)->20541K(21376K) NonClass: 18134K(18688K)->18134K(18688K) Class: 2407K(2688K)->2407K(2688K)
[72.427s][info][gc             ] GC(173) Pause Young (System.gc()) 410M->84M(4092M) 0.698ms
[72.427s][info][gc,cpu         ] GC(173) User=0.00s Sys=0.00s Real=0.00s
[72.427s][info][gc,start       ] GC(174) Pause Full (System.gc())
[72.427s][info][gc,phases,start] GC(174) Marking Phase
[72.500s][info][gc,phases      ] GC(174) Marking Phase 72.789ms
[72.500s][info][gc,phases,start] GC(174) Summary Phase
[72.500s][info][gc,phases      ] GC(174) Summary Phase 0.013ms
[72.500s][info][gc,phases,start] GC(174) Adjust Roots
[72.502s][info][gc,phases      ] GC(174) Adjust Roots 1.409ms
[72.502s][info][gc,phases,start] GC(174) Compaction Phase
[72.517s][info][gc,phases      ] GC(174) Compaction Phase 15.535ms
[72.517s][info][gc,phases,start] GC(174) Post Compact
[72.518s][info][gc,phases      ] GC(174) Post Compact 1.005ms
[72.518s][info][gc,heap        ] GC(174) PSYoungGen: 96K->0K(1393664K)
[72.518s][info][gc,heap        ] GC(174) ParOldGen: 85963K->85484K(2796544K)
[72.518s][info][gc,metaspace   ] GC(174) Metaspace: 20541K(21376K)->20541K(21376K) NonClass: 18134K(18688K)->18134K(18688K) Class: 2407K(2688K)->2407K(2688K)
[72.518s][info][gc             ] GC(174) Pause Full (System.gc()) 84M->83M(4092M) 91.064ms
[72.518s][info][gc,cpu         ] GC(174) User=0.16s Sys=0.00s Real=0.09s
[73.014s][info][gc,start       ] GC(175) Pause Young (Allocation Failure)
[73.015s][info][gc,heap        ] GC(175) PSYoungGen: 1389568K->2264K(1393664K)
[73.015s][info][gc,heap        ] GC(175) ParOldGen: 85484K->85484K(2796544K)
[73.015s][info][gc,metaspace   ] GC(175) Metaspace: 20542K(21376K)->20542K(21376K) NonClass: 18134K(18688K)->18134K(18688K) Class: 2407K(2688K)->2407K(2688K)
[73.015s][info][gc             ] GC(175) Pause Young (Allocation Failure) 1440M->85M(4092M) 1.123ms
[73.015s][info][gc,cpu         ] GC(175) User=0.00s Sys=0.00s Real=0.00s
[73.511s][info][gc,start       ] GC(176) Pause Young (Allocation Failure)
[73.512s][info][gc,heap        ] GC(176) PSYoungGen: 1391832K->1080K(1393664K)
[73.512s][info][gc,heap        ] GC(176) ParOldGen: 85484K->85500K(2796544K)
[73.512s][info][gc,metaspace   ] GC(176) Metaspace: 20542K(21376K)->20542K(21376K) NonClass: 18134K(18688K)->18134K(18688K) Class: 2407K(2688K)->2407K(2688K)
[73.512s][info][gc             ] GC(176) Pause Young (Allocation Failure) 1442M->84M(4092M) 0.853ms
[73.512s][info][gc,cpu         ] GC(176) User=0.00s Sys=0.00s Real=0.00s
[74.036s][info][gc,start       ] GC(177) Pause Young (Allocation Failure)
[74.038s][info][gc,heap        ] GC(177) PSYoungGen: 1390648K->3122K(1392640K)
[74.038s][info][gc,heap        ] GC(177) ParOldGen: 85500K->85516K(2796544K)
[74.038s][info][gc,metaspace   ] GC(177) Metaspace: 20542K(21376K)->20542K(21376K) NonClass: 18134K(18688K)->18134K(18688K) Class: 2407K(2688K)->2407K(2688K)
[74.038s][info][gc             ] GC(177) Pause Young (Allocation Failure) 1441M->86M(4091M) 2.249ms
[74.038s][info][gc,cpu         ] GC(177) User=0.02s Sys=0.00s Real=0.00s
[74.541s][info][gc,start       ] GC(178) Pause Young (Allocation Failure)
[74.542s][info][gc,heap        ] GC(178) PSYoungGen: 1391666K->2233K(1393152K)
[74.542s][info][gc,heap        ] GC(178) ParOldGen: 85516K->85516K(2796544K)
[74.542s][info][gc,metaspace   ] GC(178) Metaspace: 20542K(21376K)->20542K(21376K) NonClass: 18134K(18688K)->18134K(18688K) Class: 2407K(2688K)->2407K(2688K)
[74.542s][info][gc             ] GC(178) Pause Young (Allocation Failure) 1442M->85M(4091M) 1.052ms
[74.542s][info][gc,cpu         ] GC(178) User=0.00s Sys=0.00s Real=0.00s
[75.031s][info][gc,start       ] GC(179) Pause Young (Allocation Failure)
[75.032s][info][gc,heap        ] GC(179) PSYoungGen: 1390777K->1331K(1393664K)
[75.032s][info][gc,heap        ] GC(179) ParOldGen: 85516K->85540K(2796544K)
[75.032s][info][gc,metaspace   ] GC(179) Metaspace: 20542K(21376K)->20542K(21376K) NonClass: 18134K(18688K)->18134K(18688K) Class: 2407K(2688K)->2407K(2688K)
[75.032s][info][gc             ] GC(179) Pause Young (Allocation Failure) 1441M->84M(4092M) 0.738ms
[75.032s][info][gc,cpu         ] GC(179) User=0.00s Sys=0.00s Real=0.00s
[75.533s][info][gc,start       ] GC(180) Pause Young (Allocation Failure)
[75.534s][info][gc,heap        ] GC(180) PSYoungGen: 1390387K->448K(1393152K)
[75.534s][info][gc,heap        ] GC(180) ParOldGen: 85540K->85540K(2796544K)
[75.534s][info][gc,metaspace   ] GC(180) Metaspace: 20542K(21376K)->20542K(21376K) NonClass: 18134K(18688K)->18134K(18688K) Class: 2407K(2688K)->2407K(2688K)
[75.534s][info][gc             ] GC(180) Pause Young (Allocation Failure) 1441M->83M(4091M) 0.739ms
[75.534s][info][gc,cpu         ] GC(180) User=0.00s Sys=0.00s Real=0.00s
[76.033s][info][gc,start       ] GC(181) Pause Young (Allocation Failure)
[76.034s][info][gc,heap        ] GC(181) PSYoungGen: 1389504K->2155K(1393664K)
[76.034s][info][gc,heap        ] GC(181) ParOldGen: 85540K->85556K(2796544K)
[76.034s][info][gc,metaspace   ] GC(181) Metaspace: 20542K(21376K)->20542K(21376K) NonClass: 18134K(18688K)->18134K(18688K) Class: 2407K(2688K)->2407K(2688K)
[76.034s][info][gc             ] GC(181) Pause Young (Allocation Failure) 1440M->85M(4092M) 1.221ms
[76.034s][info][gc,cpu         ] GC(181) User=0.00s Sys=0.00s Real=0.00s
[76.148s][info][gc,start       ] GC(182) Pause Young (System.gc())
[76.148s][info][gc,heap        ] GC(182) PSYoungGen: 325116K->64K(1393664K)
[76.148s][info][gc,heap        ] GC(182) ParOldGen: 85556K->85556K(2796544K)
[76.148s][info][gc,metaspace   ] GC(182) Metaspace: 20542K(21376K)->20542K(21376K) NonClass: 18134K(18688K)->18134K(18688K) Class: 2407K(2688K)->2407K(2688K)
[76.148s][info][gc             ] GC(182) Pause Young (System.gc()) 401M->83M(4092M) 0.494ms
[76.148s][info][gc,cpu         ] GC(182) User=0.00s Sys=0.00s Real=0.00s
[76.148s][info][gc,start       ] GC(183) Pause Full (System.gc())
[76.148s][info][gc,phases,start] GC(183) Marking Phase
[76.216s][info][gc,phases      ] GC(183) Marking Phase 67.189ms
[76.216s][info][gc,phases,start] GC(183) Summary Phase
[76.216s][info][gc,phases      ] GC(183) Summary Phase 0.012ms
[76.216s][info][gc,phases,start] GC(183) Adjust Roots
[76.217s][info][gc,phases      ] GC(183) Adjust Roots 1.534ms
[76.217s][info][gc,phases,start] GC(183) Compaction Phase
[76.235s][info][gc,phases      ] GC(183) Compaction Phase 17.745ms
[76.235s][info][gc,phases,start] GC(183) Post Compact
[76.236s][info][gc,phases      ] GC(183) Post Compact 0.894ms
[76.236s][info][gc,heap        ] GC(183) PSYoungGen: 64K->0K(1393664K)
[76.236s][info][gc,heap        ] GC(183) ParOldGen: 85556K->85484K(2796544K)
[76.236s][info][gc,metaspace   ] GC(183) Metaspace: 20542K(21376K)->20542K(21376K) NonClass: 18134K(18688K)->18134K(18688K) Class: 2407K(2688K)->2407K(2688K)
[76.236s][info][gc             ] GC(183) Pause Full (System.gc()) 83M->83M(4092M) 87.665ms
[76.236s][info][gc,cpu         ] GC(183) User=0.31s Sys=0.00s Real=0.09s
[76.734s][info][gc,start       ] GC(184) Pause Young (Allocation Failure)
[76.735s][info][gc,heap        ] GC(184) PSYoungGen: 1389568K->2185K(1393664K)
[76.735s][info][gc,heap        ] GC(184) ParOldGen: 85484K->85484K(2796544K)
[76.735s][info][gc,metaspace   ] GC(184) Metaspace: 20542K(21376K)->20542K(21376K) NonClass: 18134K(18688K)->18134K(18688K) Class: 2407K(2688K)->2407K(2688K)
[76.735s][info][gc             ] GC(184) Pause Young (Allocation Failure) 1440M->85M(4092M) 1.125ms
[76.735s][info][gc,cpu         ] GC(184) User=0.00s Sys=0.00s Real=0.00s
[77.221s][info][gc,start       ] GC(185) Pause Young (Allocation Failure)
[77.222s][info][gc,heap        ] GC(185) PSYoungGen: 1391753K->1393K(1393664K)
[77.222s][info][gc,heap        ] GC(185) ParOldGen: 85484K->85500K(2796544K)
[77.222s][info][gc,metaspace   ] GC(185) Metaspace: 20542K(21376K)->20542K(21376K) NonClass: 18134K(18688K)->18134K(18688K) Class: 2407K(2688K)->2407K(2688K)
[77.222s][info][gc             ] GC(185) Pause Young (Allocation Failure) 1442M->84M(4092M) 1.103ms
[77.222s][info][gc,cpu         ] GC(185) User=0.00s Sys=0.00s Real=0.00s
[77.714s][info][gc,start       ] GC(186) Pause Young (Allocation Failure)
[77.715s][info][gc,heap        ] GC(186) PSYoungGen: 1390961K->192K(1393664K)
[77.715s][info][gc,heap        ] GC(186) ParOldGen: 85500K->85516K(2796544K)
[77.715s][info][gc,metaspace   ] GC(186) Metaspace: 20542K(21376K)->20542K(21376K) NonClass: 18134K(18688K)->18134K(18688K) Class: 2407K(2688K)->2407K(2688K)
[77.715s][info][gc             ] GC(186) Pause Young (Allocation Failure) 1441M->83M(4092M) 0.633ms
[77.715s][info][gc,cpu         ] GC(186) User=0.00s Sys=0.00s Real=0.00s
[78.214s][info][gc,start       ] GC(187) Pause Young (Allocation Failure)
[78.215s][info][gc,heap        ] GC(187) PSYoungGen: 1389760K->2157K(1393664K)
[78.215s][info][gc,heap        ] GC(187) ParOldGen: 85516K->85516K(2796544K)
[78.215s][info][gc,metaspace   ] GC(187) Metaspace: 20542K(21376K)->20542K(21376K) NonClass: 18134K(18688K)->18134K(18688K) Class: 2407K(2688K)->2407K(2688K)
[78.215s][info][gc             ] GC(187) Pause Young (Allocation Failure) 1440M->85M(4092M) 0.811ms
[78.215s][info][gc,cpu         ] GC(187) User=0.00s Sys=0.00s Real=0.00s
[78.709s][info][gc,start       ] GC(188) Pause Young (Allocation Failure)
[78.710s][info][gc,heap        ] GC(188) PSYoungGen: 1391725K->1364K(1393664K)
[78.710s][info][gc,heap        ] GC(188) ParOldGen: 85516K->85540K(2796544K)
[78.710s][info][gc,metaspace   ] GC(188) Metaspace: 20542K(21376K)->20542K(21376K) NonClass: 18134K(18688K)->18134K(18688K) Class: 2407K(2688K)->2407K(2688K)
[78.710s][info][gc             ] GC(188) Pause Young (Allocation Failure) 1442M->84M(4092M) 0.855ms
[78.710s][info][gc,cpu         ] GC(188) User=0.00s Sys=0.00s Real=0.00s
[79.196s][info][gc,start       ] GC(189) Pause Young (Allocation Failure)
[79.196s][info][gc,heap        ] GC(189) PSYoungGen: 1390932K->320K(1393664K)
[79.196s][info][gc,heap        ] GC(189) ParOldGen: 85540K->85540K(2796544K)
[79.196s][info][gc,metaspace   ] GC(189) Metaspace: 20542K(21376K)->20542K(21376K) NonClass: 18134K(18688K)->18134K(18688K) Class: 2407K(2688K)->2407K(2688K)
[79.196s][info][gc             ] GC(189) Pause Young (Allocation Failure) 1441M->83M(4092M) 0.664ms
[79.196s][info][gc,cpu         ] GC(189) User=0.00s Sys=0.00s Real=0.00s
[79.678s][info][gc,start       ] GC(190) Pause Young (Allocation Failure)
[79.678s][info][gc,heap        ] GC(190) PSYoungGen: 1389888K->2109K(1393664K)
[79.678s][info][gc,heap        ] GC(190) ParOldGen: 85540K->85556K(2796544K)
[79.678s][info][gc,metaspace   ] GC(190) Metaspace: 20542K(21376K)->20542K(21376K) NonClass: 18134K(18688K)->18134K(18688K) Class: 2407K(2688K)->2407K(2688K)
[79.678s][info][gc             ] GC(190) Pause Young (Allocation Failure) 1440M->85M(4092M) 0.748ms
[79.678s][info][gc,cpu         ] GC(190) User=0.00s Sys=0.00s Real=0.00s
[79.793s][info][gc,start       ] GC(191) Pause Young (System.gc())
[79.793s][info][gc,heap        ] GC(191) PSYoungGen: 335025K->96K(1393664K)
[79.793s][info][gc,heap        ] GC(191) ParOldGen: 85556K->85556K(2796544K)
[79.793s][info][gc,metaspace   ] GC(191) Metaspace: 20542K(21376K)->20542K(21376K) NonClass: 18134K(18688K)->18134K(18688K) Class: 2407K(2688K)->2407K(2688K)
[79.793s][info][gc             ] GC(191) Pause Young (System.gc()) 410M->83M(4092M) 0.510ms
[79.793s][info][gc,cpu         ] GC(191) User=0.00s Sys=0.00s Real=0.00s
[79.793s][info][gc,start       ] GC(192) Pause Full (System.gc())
[79.793s][info][gc,phases,start] GC(192) Marking Phase
[79.862s][info][gc,phases      ] GC(192) Marking Phase 68.579ms
[79.862s][info][gc,phases,start] GC(192) Summary Phase
[79.862s][info][gc,phases      ] GC(192) Summary Phase 0.013ms
[79.862s][info][gc,phases,start] GC(192) Adjust Roots
[79.864s][info][gc,phases      ] GC(192) Adjust Roots 1.470ms
[79.864s][info][gc,phases,start] GC(192) Compaction Phase
[79.881s][info][gc,phases      ] GC(192) Compaction Phase 17.763ms
[79.881s][info][gc,phases,start] GC(192) Post Compact
[79.883s][info][gc,phases      ] GC(192) Post Compact 1.042ms
[79.883s][info][gc,heap        ] GC(192) PSYoungGen: 96K->0K(1393664K)
[79.883s][info][gc,heap        ] GC(192) ParOldGen: 85556K->85484K(2796544K)
[79.883s][info][gc,metaspace   ] GC(192) Metaspace: 20542K(21376K)->20542K(21376K) NonClass: 18134K(18688K)->18134K(18688K) Class: 2407K(2688K)->2407K(2688K)
[79.883s][info][gc             ] GC(192) Pause Full (System.gc()) 83M->83M(4092M) 89.185ms
[79.883s][info][gc,cpu         ] GC(192) User=0.33s Sys=0.02s Real=0.09s
[80.367s][info][gc,start       ] GC(193) Pause Young (Allocation Failure)
[80.367s][info][gc,heap        ] GC(193) PSYoungGen: 1389568K->2389K(1393664K)
[80.367s][info][gc,heap        ] GC(193) ParOldGen: 85484K->85484K(2796544K)
[80.367s][info][gc,metaspace   ] GC(193) Metaspace: 20548K(21376K)->20548K(21376K) NonClass: 18140K(18688K)->18140K(18688K) Class: 2407K(2688K)->2407K(2688K)
[80.367s][info][gc             ] GC(193) Pause Young (Allocation Failure) 1440M->85M(4092M) 0.878ms
[80.367s][info][gc,cpu         ] GC(193) User=0.00s Sys=0.00s Real=0.00s
[80.867s][info][gc,start       ] GC(194) Pause Young (Allocation Failure)
[80.867s][info][gc,heap        ] GC(194) PSYoungGen: 1391957K->1101K(1393664K)
[80.867s][info][gc,heap        ] GC(194) ParOldGen: 85484K->85500K(2796544K)
[80.867s][info][gc,metaspace   ] GC(194) Metaspace: 20548K(21376K)->20548K(21376K) NonClass: 18140K(18688K)->18140K(18688K) Class: 2407K(2688K)->2407K(2688K)
[80.867s][info][gc             ] GC(194) Pause Young (Allocation Failure) 1442M->84M(4092M) 0.848ms
[80.867s][info][gc,cpu         ] GC(194) User=0.00s Sys=0.00s Real=0.00s
[81.365s][info][gc,start       ] GC(195) Pause Young (Allocation Failure)
[81.365s][info][gc,heap        ] GC(195) PSYoungGen: 1390669K->160K(1393664K)
[81.365s][info][gc,heap        ] GC(195) ParOldGen: 85500K->85516K(2796544K)
[81.365s][info][gc,metaspace   ] GC(195) Metaspace: 20548K(21376K)->20548K(21376K) NonClass: 18140K(18688K)->18140K(18688K) Class: 2407K(2688K)->2407K(2688K)
[81.366s][info][gc             ] GC(195) Pause Young (Allocation Failure) 1441M->83M(4092M) 0.563ms
[81.366s][info][gc,cpu         ] GC(195) User=0.00s Sys=0.00s Real=0.00s
[81.857s][info][gc,start       ] GC(196) Pause Young (Allocation Failure)
[81.858s][info][gc,heap        ] GC(196) PSYoungGen: 1389728K->2358K(1393664K)
[81.858s][info][gc,heap        ] GC(196) ParOldGen: 85516K->85516K(2796544K)
[81.858s][info][gc,metaspace   ] GC(196) Metaspace: 20548K(21376K)->20548K(21376K) NonClass: 18140K(18688K)->18140K(18688K) Class: 2407K(2688K)->2407K(2688K)
[81.858s][info][gc             ] GC(196) Pause Young (Allocation Failure) 1440M->85M(4092M) 1.404ms
[81.858s][info][gc,cpu         ] GC(196) User=0.00s Sys=0.00s Real=0.00s
[82.358s][info][gc,start       ] GC(197) Pause Young (Allocation Failure)
[82.358s][info][gc,heap        ] GC(197) PSYoungGen: 1391926K->1506K(1393664K)
[82.358s][info][gc,heap        ] GC(197) ParOldGen: 85516K->85532K(2796544K)
[82.358s][info][gc,metaspace   ] GC(197) Metaspace: 20548K(21376K)->20548K(21376K) NonClass: 18140K(18688K)->18140K(18688K) Class: 2407K(2688K)->2407K(2688K)
[82.358s][info][gc             ] GC(197) Pause Young (Allocation Failure) 1442M->84M(4092M) 0.929ms
[82.358s][info][gc,cpu         ] GC(197) User=0.00s Sys=0.00s Real=0.00s
[82.859s][info][gc,start       ] GC(198) Pause Young (Allocation Failure)
[82.860s][info][gc,heap        ] GC(198) PSYoungGen: 1391074K->665K(1393664K)
[82.860s][info][gc,heap        ] GC(198) ParOldGen: 85532K->85532K(2796544K)
[82.860s][info][gc,metaspace   ] GC(198) Metaspace: 20548K(21376K)->20548K(21376K) NonClass: 18140K(18688K)->18140K(18688K) Class: 2407K(2688K)->2407K(2688K)
[82.860s][info][gc             ] GC(198) Pause Young (Allocation Failure) 1441M->84M(4092M) 0.839ms
[82.860s][info][gc,cpu         ] GC(198) User=0.00s Sys=0.00s Real=0.00s
[83.359s][info][gc,start       ] GC(199) Pause Young (Allocation Failure)
[83.360s][info][gc,heap        ] GC(199) PSYoungGen: 1390135K->2609K(1393152K)
[83.360s][info][gc,heap        ] GC(199) ParOldGen: 85532K->85556K(2796544K)
[83.360s][info][gc,metaspace   ] GC(199) Metaspace: 20548K(21376K)->20548K(21376K) NonClass: 18140K(18688K)->18140K(18688K) Class: 2407K(2688K)->2407K(2688K)
[83.360s][info][gc             ] GC(199) Pause Young (Allocation Failure) 1441M->86M(4091M) 1.130ms
[83.360s][info][gc,cpu         ] GC(199) User=0.00s Sys=0.00s Real=0.00s
[83.471s][info][gc,start       ] GC(200) Pause Young (System.gc())
[83.471s][info][gc,heap        ] GC(200) PSYoungGen: 327468K->96K(1393664K)
[83.471s][info][gc,heap        ] GC(200) ParOldGen: 85556K->85556K(2796544K)
[83.471s][info][gc,metaspace   ] GC(200) Metaspace: 20548K(21376K)->20548K(21376K) NonClass: 18140K(18688K)->18140K(18688K) Class: 2407K(2688K)->2407K(2688K)
[83.471s][info][gc             ] GC(200) Pause Young (System.gc()) 403M->83M(4092M) 0.500ms
[83.471s][info][gc,cpu         ] GC(200) User=0.00s Sys=0.00s Real=0.00s
[83.471s][info][gc,start       ] GC(201) Pause Full (System.gc())
[83.471s][info][gc,phases,start] GC(201) Marking Phase
[83.528s][info][gc,phases      ] GC(201) Marking Phase 56.390ms
[83.528s][info][gc,phases,start] GC(201) Summary Phase
[83.528s][info][gc,phases      ] GC(201) Summary Phase 0.022ms
[83.528s][info][gc,phases,start] GC(201) Adjust Roots
[83.530s][info][gc,phases      ] GC(201) Adjust Roots 1.926ms
[83.530s][info][gc,phases,start] GC(201) Compaction Phase
[83.547s][info][gc,phases      ] GC(201) Compaction Phase 17.175ms
[83.547s][info][gc,phases,start] GC(201) Post Compact
[83.548s][info][gc,phases      ] GC(201) Post Compact 0.896ms
[83.548s][info][gc,heap        ] GC(201) PSYoungGen: 96K->0K(1393664K)
[83.548s][info][gc,heap        ] GC(201) ParOldGen: 85556K->85484K(2796544K)
[83.548s][info][gc,metaspace   ] GC(201) Metaspace: 20548K(21376K)->20548K(21376K) NonClass: 18140K(18688K)->18140K(18688K) Class: 2407K(2688K)->2407K(2688K)
[83.548s][info][gc             ] GC(201) Pause Full (System.gc()) 83M->83M(4092M) 76.772ms
[83.548s][info][gc,cpu         ] GC(201) User=0.31s Sys=0.00s Real=0.08s
[84.056s][info][gc,start       ] GC(202) Pause Young (Allocation Failure)
[84.058s][info][gc,heap        ] GC(202) PSYoungGen: 1389568K->2275K(1393664K)
[84.058s][info][gc,heap        ] GC(202) ParOldGen: 85484K->85484K(2796544K)
[84.058s][info][gc,metaspace   ] GC(202) Metaspace: 20548K(21376K)->20548K(21376K) NonClass: 18140K(18688K)->18140K(18688K) Class: 2407K(2688K)->2407K(2688K)
[84.058s][info][gc             ] GC(202) Pause Young (Allocation Failure) 1440M->85M(4092M) 1.422ms
[84.058s][info][gc,cpu         ] GC(202) User=0.00s Sys=0.00s Real=0.00s
[84.564s][info][gc,start       ] GC(203) Pause Young (Allocation Failure)
[84.565s][info][gc,heap        ] GC(203) PSYoungGen: 1391843K->1054K(1393664K)
[84.565s][info][gc,heap        ] GC(203) ParOldGen: 85484K->85540K(2796544K)
[84.565s][info][gc,metaspace   ] GC(203) Metaspace: 20548K(21376K)->20548K(21376K) NonClass: 18140K(18688K)->18140K(18688K) Class: 2407K(2688K)->2407K(2688K)
[84.565s][info][gc             ] GC(203) Pause Young (Allocation Failure) 1442M->84M(4092M) 0.949ms
[84.565s][info][gc,cpu         ] GC(203) User=0.00s Sys=0.00s Real=0.00s
[85.052s][info][gc,start       ] GC(204) Pause Young (Allocation Failure)
[85.053s][info][gc,heap        ] GC(204) PSYoungGen: 1390622K->128K(1393664K)
[85.053s][info][gc,heap        ] GC(204) ParOldGen: 85540K->85564K(2796544K)
[85.053s][info][gc,metaspace   ] GC(204) Metaspace: 20548K(21376K)->20548K(21376K) NonClass: 18140K(18688K)->18140K(18688K) Class: 2407K(2688K)->2407K(2688K)
[85.053s][info][gc             ] GC(204) Pause Young (Allocation Failure) 1441M->83M(4092M) 0.943ms
[85.053s][info][gc,cpu         ] GC(204) User=0.00s Sys=0.00s Real=0.00s
[85.543s][info][gc,start       ] GC(205) Pause Young (Allocation Failure)
[85.545s][info][gc,heap        ] GC(205) PSYoungGen: 1389696K->2568K(1393664K)
[85.545s][info][gc,heap        ] GC(205) ParOldGen: 85564K->85564K(2796544K)
[85.545s][info][gc,metaspace   ] GC(205) Metaspace: 20548K(21376K)->20548K(21376K) NonClass: 18140K(18688K)->18140K(18688K) Class: 2407K(2688K)->2407K(2688K)
[85.545s][info][gc             ] GC(205) Pause Young (Allocation Failure) 1440M->86M(4092M) 1.497ms
[85.545s][info][gc,cpu         ] GC(205) User=0.00s Sys=0.00s Real=0.00s
[86.039s][info][gc,start       ] GC(206) Pause Young (Allocation Failure)
[86.040s][info][gc,heap        ] GC(206) PSYoungGen: 1392136K->1447K(1393664K)
[86.040s][info][gc,heap        ] GC(206) ParOldGen: 85564K->85588K(2796544K)
[86.040s][info][gc,metaspace   ] GC(206) Metaspace: 20548K(21376K)->20548K(21376K) NonClass: 18140K(18688K)->18140K(18688K) Class: 2407K(2688K)->2407K(2688K)
[86.040s][info][gc             ] GC(206) Pause Young (Allocation Failure) 1443M->84M(4092M) 0.824ms
[86.040s][info][gc,cpu         ] GC(206) User=0.00s Sys=0.00s Real=0.00s
[86.548s][info][gc,start       ] GC(207) Pause Young (Allocation Failure)
[86.548s][info][gc,heap        ] GC(207) PSYoungGen: 1391015K->537K(1393664K)
[86.548s][info][gc,heap        ] GC(207) ParOldGen: 85588K->85588K(2796544K)
[86.548s][info][gc,metaspace   ] GC(207) Metaspace: 20548K(21376K)->20548K(21376K) NonClass: 18140K(18688K)->18140K(18688K) Class: 2407K(2688K)->2407K(2688K)
[86.549s][info][gc             ] GC(207) Pause Young (Allocation Failure) 1441M->84M(4092M) 0.766ms
[86.549s][info][gc,cpu         ] GC(207) User=0.00s Sys=0.00s Real=0.00s
[87.035s][info][gc,start       ] GC(208) Pause Young (Allocation Failure)
[87.036s][info][gc,heap        ] GC(208) PSYoungGen: 1390105K->2522K(1393664K)
[87.036s][info][gc,heap        ] GC(208) ParOldGen: 85588K->85604K(2796544K)
[87.036s][info][gc,metaspace   ] GC(208) Metaspace: 20548K(21376K)->20548K(21376K) NonClass: 18140K(18688K)->18140K(18688K) Class: 2407K(2688K)->2407K(2688K)
[87.036s][info][gc             ] GC(208) Pause Young (Allocation Failure) 1441M->86M(4092M) 1.071ms
[87.036s][info][gc,cpu         ] GC(208) User=0.00s Sys=0.00s Real=0.00s
[87.151s][info][gc,start       ] GC(209) Pause Young (System.gc())
[87.152s][info][gc,heap        ] GC(209) PSYoungGen: 324407K->64K(1393664K)
[87.152s][info][gc,heap        ] GC(209) ParOldGen: 85604K->85604K(2796544K)
[87.152s][info][gc,metaspace   ] GC(209) Metaspace: 20548K(21376K)->20548K(21376K) NonClass: 18140K(18688K)->18140K(18688K) Class: 2407K(2688K)->2407K(2688K)
[87.152s][info][gc             ] GC(209) Pause Young (System.gc()) 400M->83M(4092M) 0.569ms
[87.152s][info][gc,cpu         ] GC(209) User=0.00s Sys=0.00s Real=0.00s
[87.152s][info][gc,start       ] GC(210) Pause Full (System.gc())
[87.152s][info][gc,phases,start] GC(210) Marking Phase
[87.215s][info][gc,phases      ] GC(210) Marking Phase 63.587ms
[87.215s][info][gc,phases,start] GC(210) Summary Phase
[87.215s][info][gc,phases      ] GC(210) Summary Phase 0.011ms
[87.215s][info][gc,phases,start] GC(210) Adjust Roots
[87.217s][info][gc,phases      ] GC(210) Adjust Roots 1.985ms
[87.217s][info][gc,phases,start] GC(210) Compaction Phase
[87.234s][info][gc,phases      ] GC(210) Compaction Phase 16.551ms
[87.234s][info][gc,phases,start] GC(210) Post Compact
[87.235s][info][gc,phases      ] GC(210) Post Compact 0.949ms
[87.235s][info][gc,heap        ] GC(210) PSYoungGen: 64K->0K(1393664K)
[87.235s][info][gc,heap        ] GC(210) ParOldGen: 85604K->85517K(2796544K)
[87.235s][info][gc,metaspace   ] GC(210) Metaspace: 20548K(21376K)->20548K(21376K) NonClass: 18140K(18688K)->18140K(18688K) Class: 2407K(2688K)->2407K(2688K)
[87.235s][info][gc             ] GC(210) Pause Full (System.gc()) 83M->83M(4092M) 83.404ms
[87.235s][info][gc,cpu         ] GC(210) User=0.31s Sys=0.00s Real=0.08s
[87.733s][info][gc,start       ] GC(211) Pause Young (Allocation Failure)
[87.735s][info][gc,heap        ] GC(211) PSYoungGen: 1389568K->2077K(1393664K)
[87.735s][info][gc,heap        ] GC(211) ParOldGen: 85517K->85517K(2796544K)
[87.735s][info][gc,metaspace   ] GC(211) Metaspace: 20548K(21376K)->20548K(21376K) NonClass: 18140K(18688K)->18140K(18688K) Class: 2407K(2688K)->2407K(2688K)
[87.735s][info][gc             ] GC(211) Pause Young (Allocation Failure) 1440M->85M(4092M) 1.513ms
[87.735s][info][gc,cpu         ] GC(211) User=0.00s Sys=0.00s Real=0.00s
[88.227s][info][gc,start       ] GC(212) Pause Young (Allocation Failure)
[88.228s][info][gc,heap        ] GC(212) PSYoungGen: 1391645K->1248K(1393664K)
[88.228s][info][gc,heap        ] GC(212) ParOldGen: 85517K->85533K(2796544K)
[88.228s][info][gc,metaspace   ] GC(212) Metaspace: 20548K(21376K)->20548K(21376K) NonClass: 18140K(18688K)->18140K(18688K) Class: 2407K(2688K)->2407K(2688K)
[88.228s][info][gc             ] GC(212) Pause Young (Allocation Failure) 1442M->84M(4092M) 0.737ms
[88.228s][info][gc,cpu         ] GC(212) User=0.00s Sys=0.00s Real=0.00s
[88.730s][info][gc,start       ] GC(213) Pause Young (Allocation Failure)
[88.731s][info][gc,heap        ] GC(213) PSYoungGen: 1390816K->521K(1394176K)
[88.731s][info][gc,heap        ] GC(213) ParOldGen: 85533K->85557K(2796544K)
[88.731s][info][gc,metaspace   ] GC(213) Metaspace: 20548K(21376K)->20548K(21376K) NonClass: 18140K(18688K)->18140K(18688K) Class: 2407K(2688K)->2407K(2688K)
[88.731s][info][gc             ] GC(213) Pause Young (Allocation Failure) 1441M->84M(4092M) 0.845ms
[88.731s][info][gc,cpu         ] GC(213) User=0.00s Sys=0.00s Real=0.00s
[89.215s][info][gc,start       ] GC(214) Pause Young (Allocation Failure)
[89.216s][info][gc,heap        ] GC(214) PSYoungGen: 1390601K->2446K(1393664K)
[89.216s][info][gc,heap        ] GC(214) ParOldGen: 85557K->85557K(2796544K)
[89.216s][info][gc,metaspace   ] GC(214) Metaspace: 20548K(21376K)->20548K(21376K) NonClass: 18140K(18688K)->18140K(18688K) Class: 2407K(2688K)->2407K(2688K)
[89.216s][info][gc             ] GC(214) Pause Young (Allocation Failure) 1441M->85M(4092M) 0.888ms
[89.216s][info][gc,cpu         ] GC(214) User=0.00s Sys=0.00s Real=0.00s
[89.709s][info][gc,start       ] GC(215) Pause Young (Allocation Failure)
[89.710s][info][gc,heap        ] GC(215) PSYoungGen: 1392526K->1442K(1394176K)
[89.710s][info][gc,heap        ] GC(215) ParOldGen: 85557K->85581K(2796544K)
[89.710s][info][gc,metaspace   ] GC(215) Metaspace: 20548K(21376K)->20548K(21376K) NonClass: 18140K(18688K)->18140K(18688K) Class: 2407K(2688K)->2407K(2688K)
[89.710s][info][gc             ] GC(215) Pause Young (Allocation Failure) 1443M->84M(4092M) 0.706ms
[89.710s][info][gc,cpu         ] GC(215) User=0.00s Sys=0.00s Real=0.00s
[90.200s][info][gc,start       ] GC(216) Pause Young (Allocation Failure)
[90.201s][info][gc,heap        ] GC(216) PSYoungGen: 1391522K->2113K(1393664K)
[90.201s][info][gc,heap        ] GC(216) ParOldGen: 85581K->85581K(2796544K)
[90.201s][info][gc,metaspace   ] GC(216) Metaspace: 20548K(21376K)->20548K(21376K) NonClass: 18140K(18688K)->18140K(18688K) Class: 2407K(2688K)->2407K(2688K)
[90.201s][info][gc             ] GC(216) Pause Young (Allocation Failure) 1442M->85M(4092M) 1.684ms
[90.201s][info][gc,cpu         ] GC(216) User=0.00s Sys=0.00s Real=0.00s
[90.700s][info][gc,start       ] GC(217) Pause Young (Allocation Failure)
[90.701s][info][gc,heap        ] GC(217) PSYoungGen: 1392193K->2035K(1394176K)
[90.701s][info][gc,heap        ] GC(217) ParOldGen: 85581K->85597K(2796544K)
[90.701s][info][gc,metaspace   ] GC(217) Metaspace: 20548K(21376K)->20548K(21376K) NonClass: 18140K(18688K)->18140K(18688K) Class: 2407K(2688K)->2407K(2688K)
[90.701s][info][gc             ] GC(217) Pause Young (Allocation Failure) 1443M->85M(4092M) 1.019ms
[90.701s][info][gc,cpu         ] GC(217) User=0.00s Sys=0.00s Real=0.00s
[90.816s][info][gc,start       ] GC(218) Pause Young (System.gc())
[90.817s][info][gc,heap        ] GC(218) PSYoungGen: 331488K->64K(1391104K)
[90.817s][info][gc,heap        ] GC(218) ParOldGen: 85597K->85597K(2796544K)
[90.817s][info][gc,metaspace   ] GC(218) Metaspace: 20548K(21376K)->20548K(21376K) NonClass: 18140K(18688K)->18140K(18688K) Class: 2407K(2688K)->2407K(2688K)
[90.817s][info][gc             ] GC(218) Pause Young (System.gc()) 407M->83M(4089M) 0.417ms
[90.817s][info][gc,cpu         ] GC(218) User=0.00s Sys=0.00s Real=0.00s
[90.817s][info][gc,start       ] GC(219) Pause Full (System.gc())
[90.817s][info][gc,phases,start] GC(219) Marking Phase
[90.884s][info][gc,phases      ] GC(219) Marking Phase 67.255ms
[90.884s][info][gc,phases,start] GC(219) Summary Phase
[90.884s][info][gc,phases      ] GC(219) Summary Phase 0.013ms
[90.884s][info][gc,phases,start] GC(219) Adjust Roots
[90.885s][info][gc,phases      ] GC(219) Adjust Roots 1.364ms
[90.885s][info][gc,phases,start] GC(219) Compaction Phase
[90.904s][info][gc,phases      ] GC(219) Compaction Phase 18.086ms
[90.904s][info][gc,phases,start] GC(219) Post Compact
[90.905s][info][gc,phases      ] GC(219) Post Compact 0.961ms
[90.905s][info][gc,heap        ] GC(219) PSYoungGen: 64K->0K(1391104K)
[90.905s][info][gc,heap        ] GC(219) ParOldGen: 85597K->85517K(2796544K)
[90.905s][info][gc,metaspace   ] GC(219) Metaspace: 20548K(21376K)->20548K(21376K) NonClass: 18140K(18688K)->18140K(18688K) Class: 2407K(2688K)->2407K(2688K)
[90.905s][info][gc             ] GC(219) Pause Full (System.gc()) 83M->83M(4089M) 87.977ms
[90.905s][info][gc,cpu         ] GC(219) User=0.12s Sys=0.00s Real=0.09s
[91.406s][info][gc,start       ] GC(220) Pause Young (Allocation Failure)
[91.407s][info][gc,heap        ] GC(220) PSYoungGen: 1390592K->2822K(1393664K)
[91.407s][info][gc,heap        ] GC(220) ParOldGen: 85517K->85517K(2796544K)
[91.407s][info][gc,metaspace   ] GC(220) Metaspace: 20555K(21376K)->20555K(21376K) NonClass: 18147K(18688K)->18147K(18688K) Class: 2407K(2688K)->2407K(2688K)
[91.407s][info][gc             ] GC(220) Pause Young (Allocation Failure) 1441M->86M(4092M) 1.456ms
[91.407s][info][gc,cpu         ] GC(220) User=0.00s Sys=0.00s Real=0.00s
[91.931s][info][gc,start       ] GC(221) Pause Young (Allocation Failure)
[91.932s][info][gc,heap        ] GC(221) PSYoungGen: 1392390K->1314K(1393664K)
[91.932s][info][gc,heap        ] GC(221) ParOldGen: 85517K->85541K(2796544K)
[91.932s][info][gc,metaspace   ] GC(221) Metaspace: 20555K(21376K)->20555K(21376K) NonClass: 18147K(18688K)->18147K(18688K) Class: 2407K(2688K)->2407K(2688K)
[91.932s][info][gc             ] GC(221) Pause Young (Allocation Failure) 1443M->84M(4092M) 1.132ms
[91.932s][info][gc,cpu         ] GC(221) User=0.00s Sys=0.00s Real=0.00s
[92.443s][info][gc,start       ] GC(222) Pause Young (Allocation Failure)
[92.443s][info][gc,heap        ] GC(222) PSYoungGen: 1390882K->160K(1393664K)
[92.443s][info][gc,heap        ] GC(222) ParOldGen: 85541K->85581K(2796544K)
[92.443s][info][gc,metaspace   ] GC(222) Metaspace: 20555K(21376K)->20555K(21376K) NonClass: 18147K(18688K)->18147K(18688K) Class: 2407K(2688K)->2407K(2688K)
[92.443s][info][gc             ] GC(222) Pause Young (Allocation Failure) 1441M->83M(4092M) 0.490ms
[92.443s][info][gc,cpu         ] GC(222) User=0.00s Sys=0.00s Real=0.00s
[92.931s][info][gc,start       ] GC(223) Pause Young (Allocation Failure)
[92.932s][info][gc,heap        ] GC(223) PSYoungGen: 1389728K->2079K(1393664K)
[92.932s][info][gc,heap        ] GC(223) ParOldGen: 85581K->85581K(2796544K)
[92.932s][info][gc,metaspace   ] GC(223) Metaspace: 20555K(21376K)->20555K(21376K) NonClass: 18147K(18688K)->18147K(18688K) Class: 2407K(2688K)->2407K(2688K)
[92.932s][info][gc             ] GC(223) Pause Young (Allocation Failure) 1440M->85M(4092M) 1.081ms
[92.932s][info][gc,cpu         ] GC(223) User=0.00s Sys=0.00s Real=0.00s
[93.425s][info][gc,start       ] GC(224) Pause Young (Allocation Failure)
[93.425s][info][gc,heap        ] GC(224) PSYoungGen: 1391647K->1291K(1394176K)
[93.425s][info][gc,heap        ] GC(224) ParOldGen: 85581K->85605K(2796544K)
[93.425s][info][gc,metaspace   ] GC(224) Metaspace: 20555K(21376K)->20555K(21376K) NonClass: 18147K(18688K)->18147K(18688K) Class: 2407K(2688K)->2407K(2688K)
[93.425s][info][gc             ] GC(224) Pause Young (Allocation Failure) 1442M->84M(4092M) 0.652ms
[93.425s][info][gc,cpu         ] GC(224) User=0.00s Sys=0.00s Real=0.00s
[93.918s][info][gc,start       ] GC(225) Pause Young (Allocation Failure)
[93.918s][info][gc,heap        ] GC(225) PSYoungGen: 1391371K->224K(1393664K)
[93.918s][info][gc,heap        ] GC(225) ParOldGen: 85605K->85605K(2796544K)
[93.918s][info][gc,metaspace   ] GC(225) Metaspace: 20555K(21376K)->20555K(21376K) NonClass: 18147K(18688K)->18147K(18688K) Class: 2407K(2688K)->2407K(2688K)
[93.918s][info][gc             ] GC(225) Pause Young (Allocation Failure) 1442M->83M(4092M) 0.636ms
[93.918s][info][gc,cpu         ] GC(225) User=0.00s Sys=0.00s Real=0.00s
[94.414s][info][gc,start       ] GC(226) Pause Young (Allocation Failure)
[94.414s][info][gc,heap        ] GC(226) PSYoungGen: 1390304K->2173K(1393152K)
[94.414s][info][gc,heap        ] GC(226) ParOldGen: 85605K->85621K(2796544K)
[94.414s][info][gc,metaspace   ] GC(226) Metaspace: 20555K(21376K)->20555K(21376K) NonClass: 18147K(18688K)->18147K(18688K) Class: 2407K(2688K)->2407K(2688K)
[94.415s][info][gc             ] GC(226) Pause Young (Allocation Failure) 1441M->85M(4091M) 0.957ms
[94.415s][info][gc,cpu         ] GC(226) User=0.00s Sys=0.00s Real=0.00s
[94.543s][info][gc,start       ] GC(227) Pause Young (System.gc())
[94.543s][info][gc,heap        ] GC(227) PSYoungGen: 336535K->32K(1393664K)
[94.544s][info][gc,heap        ] GC(227) ParOldGen: 85621K->85621K(2796544K)
[94.544s][info][gc,metaspace   ] GC(227) Metaspace: 20569K(21376K)->20569K(21376K) NonClass: 18161K(18688K)->18161K(18688K) Class: 2407K(2688K)->2407K(2688K)
[94.544s][info][gc             ] GC(227) Pause Young (System.gc()) 412M->83M(4092M) 1.011ms
[94.544s][info][gc,cpu         ] GC(227) User=0.00s Sys=0.00s Real=0.00s
[94.544s][info][gc,start       ] GC(228) Pause Full (System.gc())
[94.544s][info][gc,phases,start] GC(228) Marking Phase
[94.600s][info][gc,phases      ] GC(228) Marking Phase 56.271ms
[94.600s][info][gc,phases,start] GC(228) Summary Phase
[94.600s][info][gc,phases      ] GC(228) Summary Phase 0.014ms
[94.600s][info][gc,phases,start] GC(228) Adjust Roots
[94.602s][info][gc,phases      ] GC(228) Adjust Roots 1.741ms
[94.602s][info][gc,phases,start] GC(228) Compaction Phase
[94.622s][info][gc,phases      ] GC(228) Compaction Phase 20.181ms
[94.622s][info][gc,phases,start] GC(228) Post Compact
[94.623s][info][gc,phases      ] GC(228) Post Compact 0.884ms
[94.623s][info][gc,heap        ] GC(228) PSYoungGen: 32K->0K(1393664K)
[94.623s][info][gc,heap        ] GC(228) ParOldGen: 85621K->85517K(2796544K)
[94.623s][info][gc,metaspace   ] GC(228) Metaspace: 20569K(21376K)->20569K(21376K) NonClass: 18161K(18688K)->18161K(18688K) Class: 2407K(2688K)->2407K(2688K)
[94.623s][info][gc             ] GC(228) Pause Full (System.gc()) 83M->83M(4092M) 79.511ms
[94.623s][info][gc,cpu         ] GC(228) User=0.23s Sys=0.00s Real=0.08s
[95.147s][info][gc,start       ] GC(229) Pause Young (Allocation Failure)
[95.148s][info][gc,heap        ] GC(229) PSYoungGen: 1389568K->2287K(1393664K)
[95.148s][info][gc,heap        ] GC(229) ParOldGen: 85517K->85517K(2796544K)
[95.148s][info][gc,metaspace   ] GC(229) Metaspace: 20573K(21376K)->20573K(21376K) NonClass: 18166K(18688K)->18166K(18688K) Class: 2407K(2688K)->2407K(2688K)
[95.148s][info][gc             ] GC(229) Pause Young (Allocation Failure) 1440M->85M(4092M) 0.964ms
[95.148s][info][gc,cpu         ] GC(229) User=0.00s Sys=0.00s Real=0.00s
[95.669s][info][gc,start       ] GC(230) Pause Young (Allocation Failure)
[95.670s][info][gc,heap        ] GC(230) PSYoungGen: 1391855K->1460K(1393664K)
[95.670s][info][gc,heap        ] GC(230) ParOldGen: 85517K->85541K(2796544K)
[95.670s][info][gc,metaspace   ] GC(230) Metaspace: 20573K(21376K)->20573K(21376K) NonClass: 18166K(18688K)->18166K(18688K) Class: 2407K(2688K)->2407K(2688K)
[95.670s][info][gc             ] GC(230) Pause Young (Allocation Failure) 1442M->84M(4092M) 0.818ms
[95.670s][info][gc,cpu         ] GC(230) User=0.00s Sys=0.00s Real=0.00s
[96.173s][info][gc,start       ] GC(231) Pause Young (Allocation Failure)
[96.174s][info][gc,heap        ] GC(231) PSYoungGen: 1391028K->416K(1394176K)
[96.174s][info][gc,heap        ] GC(231) ParOldGen: 85541K->85557K(2796544K)
[96.174s][info][gc,metaspace   ] GC(231) Metaspace: 20573K(21376K)->20573K(21376K) NonClass: 18166K(18688K)->18166K(18688K) Class: 2407K(2688K)->2407K(2688K)
[96.174s][info][gc             ] GC(231) Pause Young (Allocation Failure) 1441M->83M(4092M) 0.676ms
[96.174s][info][gc,cpu         ] GC(231) User=0.00s Sys=0.00s Real=0.00s
[96.689s][info][gc,start       ] GC(232) Pause Young (Allocation Failure)
[96.690s][info][gc,heap        ] GC(232) PSYoungGen: 1390402K->2489K(1393664K)
[96.690s][info][gc,heap        ] GC(232) ParOldGen: 85557K->85557K(2796544K)
[96.690s][info][gc,metaspace   ] GC(232) Metaspace: 20573K(21376K)->20573K(21376K) NonClass: 18166K(18688K)->18166K(18688K) Class: 2407K(2688K)->2407K(2688K)
[96.690s][info][gc             ] GC(232) Pause Young (Allocation Failure) 1441M->85M(4092M) 0.939ms
[96.690s][info][gc,cpu         ] GC(232) User=0.00s Sys=0.00s Real=0.00s
[97.187s][info][gc,start       ] GC(233) Pause Young (Allocation Failure)
[97.188s][info][gc,heap        ] GC(233) PSYoungGen: 1392569K->1470K(1394176K)
[97.188s][info][gc,heap        ] GC(233) ParOldGen: 85557K->85581K(2796544K)
[97.188s][info][gc,metaspace   ] GC(233) Metaspace: 20574K(21376K)->20574K(21376K) NonClass: 18166K(18688K)->18166K(18688K) Class: 2407K(2688K)->2407K(2688K)
[97.188s][info][gc             ] GC(233) Pause Young (Allocation Failure) 1443M->85M(4092M) 1.109ms
[97.188s][info][gc,cpu         ] GC(233) User=0.00s Sys=0.00s Real=0.00s
[97.693s][info][gc,start       ] GC(234) Pause Young (Allocation Failure)
[97.693s][info][gc,heap        ] GC(234) PSYoungGen: 1391550K->674K(1393664K)
[97.694s][info][gc,heap        ] GC(234) ParOldGen: 85581K->85581K(2796544K)
[97.694s][info][gc,metaspace   ] GC(234) Metaspace: 20574K(21376K)->20574K(21376K) NonClass: 18166K(18688K)->18166K(18688K) Class: 2407K(2688K)->2407K(2688K)
[97.694s][info][gc             ] GC(234) Pause Young (Allocation Failure) 1442M->84M(4092M) 0.967ms
[97.694s][info][gc,cpu         ] GC(234) User=0.00s Sys=0.00s Real=0.00s
[98.181s][info][gc,start       ] GC(235) Pause Young (Allocation Failure)
[98.182s][info][gc,heap        ] GC(235) PSYoungGen: 1390754K->2488K(1393152K)
[98.182s][info][gc,heap        ] GC(235) ParOldGen: 85581K->85597K(2796544K)
[98.182s][info][gc,metaspace   ] GC(235) Metaspace: 20574K(21376K)->20574K(21376K) NonClass: 18166K(18688K)->18166K(18688K) Class: 2407K(2688K)->2407K(2688K)
[98.182s][info][gc             ] GC(235) Pause Young (Allocation Failure) 1441M->86M(4091M) 1.131ms
[98.182s][info][gc,cpu         ] GC(235) User=0.00s Sys=0.00s Real=0.00s
[98.302s][info][gc,start       ] GC(236) Pause Young (System.gc())
[98.302s][info][gc,heap        ] GC(236) PSYoungGen: 321051K->96K(1393664K)
[98.302s][info][gc,heap        ] GC(236) ParOldGen: 85597K->85597K(2796544K)
[98.302s][info][gc,metaspace   ] GC(236) Metaspace: 20574K(21376K)->20574K(21376K) NonClass: 18166K(18688K)->18166K(18688K) Class: 2407K(2688K)->2407K(2688K)
[98.302s][info][gc             ] GC(236) Pause Young (System.gc()) 397M->83M(4092M) 0.480ms
[98.302s][info][gc,cpu         ] GC(236) User=0.00s Sys=0.00s Real=0.00s
[98.302s][info][gc,start       ] GC(237) Pause Full (System.gc())
[98.302s][info][gc,phases,start] GC(237) Marking Phase
[98.362s][info][gc,phases      ] GC(237) Marking Phase 59.922ms
[98.362s][info][gc,phases,start] GC(237) Summary Phase
[98.362s][info][gc,phases      ] GC(237) Summary Phase 0.012ms
[98.362s][info][gc,phases,start] GC(237) Adjust Roots
[98.363s][info][gc,phases      ] GC(237) Adjust Roots 1.372ms
[98.363s][info][gc,phases,start] GC(237) Compaction Phase
[98.381s][info][gc,phases      ] GC(237) Compaction Phase 17.734ms
[98.381s][info][gc,phases,start] GC(237) Post Compact
[98.382s][info][gc,phases      ] GC(237) Post Compact 1.020ms
[98.382s][info][gc,heap        ] GC(237) PSYoungGen: 96K->0K(1393664K)
[98.382s][info][gc,heap        ] GC(237) ParOldGen: 85597K->85518K(2796544K)
[98.382s][info][gc,metaspace   ] GC(237) Metaspace: 20574K(21376K)->20574K(21376K) NonClass: 18166K(18688K)->18166K(18688K) Class: 2407K(2688K)->2407K(2688K)
[98.382s][info][gc             ] GC(237) Pause Full (System.gc()) 83M->83M(4092M) 80.440ms
[98.383s][info][gc,cpu         ] GC(237) User=0.41s Sys=0.00s Real=0.08s
[98.878s][info][gc,start       ] GC(238) Pause Young (Allocation Failure)
[98.879s][info][gc,heap        ] GC(238) PSYoungGen: 1389568K->2073K(1393664K)
[98.879s][info][gc,heap        ] GC(238) ParOldGen: 85518K->85518K(2796544K)
[98.879s][info][gc,metaspace   ] GC(238) Metaspace: 20574K(21376K)->20574K(21376K) NonClass: 18166K(18688K)->18166K(18688K) Class: 2407K(2688K)->2407K(2688K)
[98.879s][info][gc             ] GC(238) Pause Young (Allocation Failure) 1440M->85M(4092M) 1.108ms
[98.879s][info][gc,cpu         ] GC(238) User=0.00s Sys=0.00s Real=0.00s
[99.386s][info][gc,start       ] GC(239) Pause Young (Allocation Failure)
[99.386s][info][gc,heap        ] GC(239) PSYoungGen: 1391641K->1515K(1393664K)
[99.387s][info][gc,heap        ] GC(239) ParOldGen: 85518K->85534K(2796544K)
[99.387s][info][gc,metaspace   ] GC(239) Metaspace: 20574K(21376K)->20574K(21376K) NonClass: 18166K(18688K)->18166K(18688K) Class: 2407K(2688K)->2407K(2688K)
[99.387s][info][gc             ] GC(239) Pause Young (Allocation Failure) 1442M->85M(4092M) 0.745ms
[99.387s][info][gc,cpu         ] GC(239) User=0.00s Sys=0.00s Real=0.00s
[99.874s][info][gc,start       ] GC(240) Pause Young (Allocation Failure)
[99.875s][info][gc,heap        ] GC(240) PSYoungGen: 1391083K->352K(1394176K)
[99.875s][info][gc,heap        ] GC(240) ParOldGen: 85534K->85558K(2796544K)
[99.875s][info][gc,metaspace   ] GC(240) Metaspace: 20574K(21376K)->20574K(21376K) NonClass: 18166K(18688K)->18166K(18688K) Class: 2407K(2688K)->2407K(2688K)
[99.875s][info][gc             ] GC(240) Pause Young (Allocation Failure) 1442M->83M(4092M) 0.806ms
[99.875s][info][gc,cpu         ] GC(240) User=0.00s Sys=0.00s Real=0.00s
[100.369s][info][gc,start       ] GC(241) Pause Young (Allocation Failure)
[100.370s][info][gc,heap        ] GC(241) PSYoungGen: 1390944K->2508K(1393152K)
[100.370s][info][gc,heap        ] GC(241) ParOldGen: 85558K->85558K(2796544K)
[100.370s][info][gc,metaspace   ] GC(241) Metaspace: 20574K(21376K)->20574K(21376K) NonClass: 18166K(18688K)->18166K(18688K) Class: 2407K(2688K)->2407K(2688K)
[100.370s][info][gc             ] GC(241) Pause Young (Allocation Failure) 1441M->86M(4091M) 1.058ms
[100.370s][info][gc,cpu         ] GC(241) User=0.00s Sys=0.00s Real=0.00s
[100.853s][info][gc,start       ] GC(242) Pause Young (Allocation Failure)
[100.854s][info][gc,heap        ] GC(242) PSYoungGen: 1393100K->1727K(1393664K)
[100.854s][info][gc,heap        ] GC(242) ParOldGen: 85558K->85574K(2796544K)
[100.854s][info][gc,metaspace   ] GC(242) Metaspace: 20574K(21376K)->20574K(21376K) NonClass: 18166K(18688K)->18166K(18688K) Class: 2407K(2688K)->2407K(2688K)
[100.854s][info][gc             ] GC(242) Pause Young (Allocation Failure) 1444M->85M(4092M) 1.213ms
[100.854s][info][gc,cpu         ] GC(242) User=0.00s Sys=0.00s Real=0.00s
[101.358s][info][gc,start       ] GC(243) Pause Young (Allocation Failure)
[101.359s][info][gc,heap        ] GC(243) PSYoungGen: 1391295K->633K(1393664K)
[101.359s][info][gc,heap        ] GC(243) ParOldGen: 85574K->85574K(2796544K)
[101.359s][info][gc,metaspace   ] GC(243) Metaspace: 20574K(21376K)->20574K(21376K) NonClass: 18166K(18688K)->18166K(18688K) Class: 2407K(2688K)->2407K(2688K)
[101.359s][info][gc             ] GC(243) Pause Young (Allocation Failure) 1442M->84M(4092M) 0.893ms
[101.359s][info][gc,cpu         ] GC(243) User=0.00s Sys=0.00s Real=0.00s
[101.835s][info][gc,start       ] GC(244) Pause Young (Allocation Failure)
[101.836s][info][gc,heap        ] GC(244) PSYoungGen: 1390201K->2512K(1393152K)
[101.836s][info][gc,heap        ] GC(244) ParOldGen: 85574K->85598K(2796544K)
[101.836s][info][gc,metaspace   ] GC(244) Metaspace: 20574K(21376K)->20574K(21376K) NonClass: 18166K(18688K)->18166K(18688K) Class: 2407K(2688K)->2407K(2688K)
[101.836s][info][gc             ] GC(244) Pause Young (Allocation Failure) 1441M->86M(4091M) 1.029ms
[101.836s][info][gc,cpu         ] GC(244) User=0.00s Sys=0.00s Real=0.00s
[101.948s][info][gc,start       ] GC(245) Pause Young (System.gc())
[101.948s][info][gc,heap        ] GC(245) PSYoungGen: 328140K->128K(1393664K)
[101.948s][info][gc,heap        ] GC(245) ParOldGen: 85598K->85598K(2796544K)
[101.948s][info][gc,metaspace   ] GC(245) Metaspace: 20574K(21376K)->20574K(21376K) NonClass: 18166K(18688K)->18166K(18688K) Class: 2407K(2688K)->2407K(2688K)
[101.948s][info][gc             ] GC(245) Pause Young (System.gc()) 404M->83M(4092M) 0.460ms
[101.948s][info][gc,cpu         ] GC(245) User=0.00s Sys=0.00s Real=0.00s
[101.948s][info][gc,start       ] GC(246) Pause Full (System.gc())
[101.948s][info][gc,phases,start] GC(246) Marking Phase
[102.015s][info][gc,phases      ] GC(246) Marking Phase 66.605ms
[102.015s][info][gc,phases,start] GC(246) Summary Phase
[102.015s][info][gc,phases      ] GC(246) Summary Phase 0.011ms
[102.015s][info][gc,phases,start] GC(246) Adjust Roots
[102.016s][info][gc,phases      ] GC(246) Adjust Roots 1.273ms
[102.016s][info][gc,phases,start] GC(246) Compaction Phase
[102.035s][info][gc,phases      ] GC(246) Compaction Phase 18.871ms
[102.035s][info][gc,phases,start] GC(246) Post Compact
[102.036s][info][gc,phases      ] GC(246) Post Compact 0.886ms
[102.036s][info][gc,heap        ] GC(246) PSYoungGen: 128K->0K(1393664K)
[102.036s][info][gc,heap        ] GC(246) ParOldGen: 85598K->85518K(2796544K)
[102.036s][info][gc,metaspace   ] GC(246) Metaspace: 20574K(21376K)->20574K(21376K) NonClass: 18166K(18688K)->18166K(18688K) Class: 2407K(2688K)->2407K(2688K)
[102.036s][info][gc             ] GC(246) Pause Full (System.gc()) 83M->83M(4092M) 87.926ms
[102.036s][info][gc,cpu         ] GC(246) User=0.31s Sys=0.00s Real=0.09s
[102.534s][info][gc,start       ] GC(247) Pause Young (Allocation Failure)
[102.535s][info][gc,heap        ] GC(247) PSYoungGen: 1389568K->2616K(1393664K)
[102.535s][info][gc,heap        ] GC(247) ParOldGen: 85518K->85518K(2796544K)
[102.535s][info][gc,metaspace   ] GC(247) Metaspace: 20574K(21376K)->20574K(21376K) NonClass: 18166K(18688K)->18166K(18688K) Class: 2407K(2688K)->2407K(2688K)
[102.535s][info][gc             ] GC(247) Pause Young (Allocation Failure) 1440M->86M(4092M) 0.984ms
[102.535s][info][gc,cpu         ] GC(247) User=0.00s Sys=0.00s Real=0.00s
[103.041s][info][gc,start       ] GC(248) Pause Young (Allocation Failure)
[103.042s][info][gc,heap        ] GC(248) PSYoungGen: 1392184K->1367K(1393664K)
[103.042s][info][gc,heap        ] GC(248) ParOldGen: 85518K->85542K(2796544K)
[103.042s][info][gc,metaspace   ] GC(248) Metaspace: 20574K(21376K)->20574K(21376K) NonClass: 18166K(18688K)->18166K(18688K) Class: 2407K(2688K)->2407K(2688K)
[103.042s][info][gc             ] GC(248) Pause Young (Allocation Failure) 1443M->84M(4092M) 0.886ms
[103.042s][info][gc,cpu         ] GC(248) User=0.00s Sys=0.00s Real=0.00s
[103.564s][info][gc,start       ] GC(249) Pause Young (Allocation Failure)
[103.564s][info][gc,heap        ] GC(249) PSYoungGen: 1390935K->448K(1393664K)
[103.564s][info][gc,heap        ] GC(249) ParOldGen: 85542K->85566K(2796544K)
[103.564s][info][gc,metaspace   ] GC(249) Metaspace: 20574K(21376K)->20574K(21376K) NonClass: 18166K(18688K)->18166K(18688K) Class: 2407K(2688K)->2407K(2688K)
[103.564s][info][gc             ] GC(249) Pause Young (Allocation Failure) 1441M->83M(4092M) 0.615ms
[103.564s][info][gc,cpu         ] GC(249) User=0.00s Sys=0.00s Real=0.00s
[104.068s][info][gc,start       ] GC(250) Pause Young (Allocation Failure)
[104.070s][info][gc,heap        ] GC(250) PSYoungGen: 1389924K->2555K(1393664K)
[104.070s][info][gc,heap        ] GC(250) ParOldGen: 85566K->85566K(2796544K)
[104.070s][info][gc,metaspace   ] GC(250) Metaspace: 20574K(21376K)->20574K(21376K) NonClass: 18166K(18688K)->18166K(18688K) Class: 2407K(2688K)->2407K(2688K)
[104.070s][info][gc             ] GC(250) Pause Young (Allocation Failure) 1440M->86M(4092M) 1.512ms
[104.070s][info][gc,cpu         ] GC(250) User=0.00s Sys=0.00s Real=0.00s
[104.579s][info][gc,start       ] GC(251) Pause Young (Allocation Failure)
[104.580s][info][gc,heap        ] GC(251) PSYoungGen: 1392123K->1539K(1393664K)
[104.580s][info][gc,heap        ] GC(251) ParOldGen: 85566K->85590K(2796544K)
[104.580s][info][gc,metaspace   ] GC(251) Metaspace: 20574K(21376K)->20574K(21376K) NonClass: 18166K(18688K)->18166K(18688K) Class: 2407K(2688K)->2407K(2688K)
[104.580s][info][gc             ] GC(251) Pause Young (Allocation Failure) 1443M->85M(4092M) 0.795ms
[104.580s][info][gc,cpu         ] GC(251) User=0.00s Sys=0.00s Real=0.00s
[105.075s][info][gc,start       ] GC(252) Pause Young (Allocation Failure)
[105.075s][info][gc,heap        ] GC(252) PSYoungGen: 1391107K->352K(1393664K)
[105.075s][info][gc,heap        ] GC(252) ParOldGen: 85590K->85590K(2796544K)
[105.075s][info][gc,metaspace   ] GC(252) Metaspace: 20574K(21376K)->20574K(21376K) NonClass: 18166K(18688K)->18166K(18688K) Class: 2407K(2688K)->2407K(2688K)
[105.075s][info][gc             ] GC(252) Pause Young (Allocation Failure) 1442M->83M(4092M) 0.667ms
[105.075s][info][gc,cpu         ] GC(252) User=0.00s Sys=0.00s Real=0.00s
[105.579s][info][gc,start       ] GC(253) Pause Young (Allocation Failure)
[105.580s][info][gc,heap        ] GC(253) PSYoungGen: 1389920K->2217K(1393664K)
[105.580s][info][gc,heap        ] GC(253) ParOldGen: 85590K->85606K(2796544K)
[105.580s][info][gc,metaspace   ] GC(253) Metaspace: 20574K(21376K)->20574K(21376K) NonClass: 18166K(18688K)->18166K(18688K) Class: 2407K(2688K)->2407K(2688K)
[105.580s][info][gc             ] GC(253) Pause Young (Allocation Failure) 1440M->85M(4092M) 0.888ms
[105.580s][info][gc,cpu         ] GC(253) User=0.00s Sys=0.00s Real=0.00s
[105.692s][info][gc,start       ] GC(254) Pause Young (System.gc())
[105.693s][info][gc,heap        ] GC(254) PSYoungGen: 324495K->96K(1393664K)
[105.693s][info][gc,heap        ] GC(254) ParOldGen: 85606K->85606K(2796544K)
[105.693s][info][gc,metaspace   ] GC(254) Metaspace: 20574K(21376K)->20574K(21376K) NonClass: 18166K(18688K)->18166K(18688K) Class: 2407K(2688K)->2407K(2688K)
[105.693s][info][gc             ] GC(254) Pause Young (System.gc()) 400M->83M(4092M) 0.426ms
[105.693s][info][gc,cpu         ] GC(254) User=0.00s Sys=0.00s Real=0.00s
[105.693s][info][gc,start       ] GC(255) Pause Full (System.gc())
[105.693s][info][gc,phases,start] GC(255) Marking Phase
[105.765s][info][gc,phases      ] GC(255) Marking Phase 72.216ms
[105.765s][info][gc,phases,start] GC(255) Summary Phase
[105.765s][info][gc,phases      ] GC(255) Summary Phase 0.017ms
[105.765s][info][gc,phases,start] GC(255) Adjust Roots
[105.766s][info][gc,phases      ] GC(255) Adjust Roots 1.312ms
[105.766s][info][gc,phases,start] GC(255) Compaction Phase
[105.784s][info][gc,phases      ] GC(255) Compaction Phase 17.838ms
[105.784s][info][gc,phases,start] GC(255) Post Compact
[105.785s][info][gc,phases      ] GC(255) Post Compact 1.040ms
[105.785s][info][gc,heap        ] GC(255) PSYoungGen: 96K->0K(1393664K)
[105.785s][info][gc,heap        ] GC(255) ParOldGen: 85606K->85518K(2796544K)
[105.785s][info][gc,metaspace   ] GC(255) Metaspace: 20574K(21376K)->20574K(21376K) NonClass: 18166K(18688K)->18166K(18688K) Class: 2407K(2688K)->2407K(2688K)
[105.786s][info][gc             ] GC(255) Pause Full (System.gc()) 83M->83M(4092M) 92.729ms
[105.786s][info][gc,cpu         ] GC(255) User=0.41s Sys=0.00s Real=0.09s
[106.290s][info][gc,start       ] GC(256) Pause Young (Allocation Failure)
[106.291s][info][gc,heap        ] GC(256) PSYoungGen: 1389568K->1870K(1393664K)
[106.291s][info][gc,heap        ] GC(256) ParOldGen: 85518K->85518K(2796544K)
[106.291s][info][gc,metaspace   ] GC(256) Metaspace: 20582K(21376K)->20582K(21376K) NonClass: 18174K(18688K)->18174K(18688K) Class: 2407K(2688K)->2407K(2688K)
[106.291s][info][gc             ] GC(256) Pause Young (Allocation Failure) 1440M->85M(4092M) 0.969ms
[106.291s][info][gc,cpu         ] GC(256) User=0.00s Sys=0.00s Real=0.00s
[106.806s][info][gc,start       ] GC(257) Pause Young (Allocation Failure)
[106.806s][info][gc,heap        ] GC(257) PSYoungGen: 1391438K->949K(1393664K)
[106.806s][info][gc,heap        ] GC(257) ParOldGen: 85518K->85534K(2796544K)
[106.806s][info][gc,metaspace   ] GC(257) Metaspace: 20582K(21376K)->20582K(21376K) NonClass: 18174K(18688K)->18174K(18688K) Class: 2407K(2688K)->2407K(2688K)
[106.806s][info][gc             ] GC(257) Pause Young (Allocation Failure) 1442M->84M(4092M) 0.853ms
[106.807s][info][gc,cpu         ] GC(257) User=0.00s Sys=0.00s Real=0.00s
[107.297s][info][gc,start       ] GC(258) Pause Young (Allocation Failure)
[107.298s][info][gc,heap        ] GC(258) PSYoungGen: 1390517K->2528K(1393152K)
[107.298s][info][gc,heap        ] GC(258) ParOldGen: 85534K->85550K(2796544K)
[107.298s][info][gc,metaspace   ] GC(258) Metaspace: 20582K(21376K)->20582K(21376K) NonClass: 18174K(18688K)->18174K(18688K) Class: 2407K(2688K)->2407K(2688K)
[107.298s][info][gc             ] GC(258) Pause Young (Allocation Failure) 1441M->86M(4091M) 1.061ms
[107.298s][info][gc,cpu         ] GC(258) User=0.00s Sys=0.00s Real=0.00s
[107.794s][info][gc,start       ] GC(259) Pause Young (Allocation Failure)
[107.795s][info][gc,heap        ] GC(259) PSYoungGen: 1392096K->1676K(1393664K)
[107.795s][info][gc,heap        ] GC(259) ParOldGen: 85550K->85550K(2796544K)
[107.795s][info][gc,metaspace   ] GC(259) Metaspace: 20582K(21376K)->20582K(21376K) NonClass: 18174K(18688K)->18174K(18688K) Class: 2407K(2688K)->2407K(2688K)
[107.795s][info][gc             ] GC(259) Pause Young (Allocation Failure) 1443M->85M(4092M) 0.826ms
[107.795s][info][gc,cpu         ] GC(259) User=0.00s Sys=0.00s Real=0.00s
[108.287s][info][gc,start       ] GC(260) Pause Young (Allocation Failure)
[108.288s][info][gc,heap        ] GC(260) PSYoungGen: 1391244K->853K(1394176K)
[108.288s][info][gc,heap        ] GC(260) ParOldGen: 85550K->85574K(2796544K)
[108.288s][info][gc,metaspace   ] GC(260) Metaspace: 20582K(21376K)->20582K(21376K) NonClass: 18174K(18688K)->18174K(18688K) Class: 2407K(2688K)->2407K(2688K)
[108.288s][info][gc             ] GC(260) Pause Young (Allocation Failure) 1442M->84M(4092M) 0.710ms
[108.288s][info][gc,cpu         ] GC(260) User=0.02s Sys=0.00s Real=0.00s
[108.772s][info][gc,start       ] GC(261) Pause Young (Allocation Failure)
[108.773s][info][gc,heap        ] GC(261) PSYoungGen: 1390933K->192K(1393664K)
[108.773s][info][gc,heap        ] GC(261) ParOldGen: 85574K->85574K(2796544K)
[108.773s][info][gc,metaspace   ] GC(261) Metaspace: 20582K(21376K)->20582K(21376K) NonClass: 18174K(18688K)->18174K(18688K) Class: 2407K(2688K)->2407K(2688K)
[108.773s][info][gc             ] GC(261) Pause Young (Allocation Failure) 1441M->83M(4092M) 0.566ms
[108.773s][info][gc,cpu         ] GC(261) User=0.00s Sys=0.00s Real=0.00s
[109.250s][info][gc,start       ] GC(262) Pause Young (Allocation Failure)
[109.252s][info][gc,heap        ] GC(262) PSYoungGen: 1390272K->2593K(1393152K)
[109.252s][info][gc,heap        ] GC(262) ParOldGen: 85574K->85590K(2796544K)
[109.252s][info][gc,metaspace   ] GC(262) Metaspace: 20582K(21376K)->20582K(21376K) NonClass: 18174K(18688K)->18174K(18688K) Class: 2407K(2688K)->2407K(2688K)
[109.252s][info][gc             ] GC(262) Pause Young (Allocation Failure) 1441M->86M(4091M) 1.649ms
[109.252s][info][gc,cpu         ] GC(262) User=0.00s Sys=0.00s Real=0.00s
[109.377s][info][gc,start       ] GC(263) Pause Young (System.gc())
[109.377s][info][gc,heap        ] GC(263) PSYoungGen: 327049K->96K(1393664K)
[109.378s][info][gc,heap        ] GC(263) ParOldGen: 85590K->85590K(2796544K)
[109.378s][info][gc,metaspace   ] GC(263) Metaspace: 20585K(21376K)->20585K(21376K) NonClass: 18177K(18688K)->18177K(18688K) Class: 2407K(2688K)->2407K(2688K)
[109.378s][info][gc             ] GC(263) Pause Young (System.gc()) 402M->83M(4092M) 0.482ms
[109.378s][info][gc,cpu         ] GC(263) User=0.00s Sys=0.00s Real=0.00s
[109.378s][info][gc,start       ] GC(264) Pause Full (System.gc())
[109.378s][info][gc,phases,start] GC(264) Marking Phase
[109.462s][info][gc,phases      ] GC(264) Marking Phase 84.883ms
[109.463s][info][gc,phases,start] GC(264) Summary Phase
[109.463s][info][gc,phases      ] GC(264) Summary Phase 0.013ms
[109.463s][info][gc,phases,start] GC(264) Adjust Roots
[109.464s][info][gc,phases      ] GC(264) Adjust Roots 1.408ms
[109.464s][info][gc,phases,start] GC(264) Compaction Phase
[109.480s][info][gc,phases      ] GC(264) Compaction Phase 16.333ms
[109.480s][info][gc,phases,start] GC(264) Post Compact
[109.482s][info][gc,phases      ] GC(264) Post Compact 1.255ms
[109.482s][info][gc,heap        ] GC(264) PSYoungGen: 96K->0K(1393664K)
[109.482s][info][gc,heap        ] GC(264) ParOldGen: 85590K->85518K(2796544K)
[109.482s][info][gc,metaspace   ] GC(264) Metaspace: 20585K(21376K)->20585K(21376K) NonClass: 18177K(18688K)->18177K(18688K) Class: 2407K(2688K)->2407K(2688K)
[109.482s][info][gc             ] GC(264) Pause Full (System.gc()) 83M->83M(4092M) 104.236ms
[109.482s][info][gc,cpu         ] GC(264) User=0.48s Sys=0.00s Real=0.10s
[109.964s][info][gc,start       ] GC(265) Pause Young (Allocation Failure)
[109.965s][info][gc,heap        ] GC(265) PSYoungGen: 1389568K->1991K(1393664K)
[109.965s][info][gc,heap        ] GC(265) ParOldGen: 85518K->85518K(2796544K)
[109.965s][info][gc,metaspace   ] GC(265) Metaspace: 20590K(21376K)->20590K(21376K) NonClass: 18182K(18688K)->18182K(18688K) Class: 2407K(2688K)->2407K(2688K)
[109.965s][info][gc             ] GC(265) Pause Young (Allocation Failure) 1440M->85M(4092M) 1.084ms
[109.965s][info][gc,cpu         ] GC(265) User=0.00s Sys=0.00s Real=0.00s
[110.458s][info][gc,start       ] GC(266) Pause Young (Allocation Failure)
[110.459s][info][gc,heap        ] GC(266) PSYoungGen: 1391559K->1017K(1393664K)
[110.459s][info][gc,heap        ] GC(266) ParOldGen: 85518K->85534K(2796544K)
[110.459s][info][gc,metaspace   ] GC(266) Metaspace: 20590K(21376K)->20590K(21376K) NonClass: 18182K(18688K)->18182K(18688K) Class: 2407K(2688K)->2407K(2688K)
[110.459s][info][gc             ] GC(266) Pause Young (Allocation Failure) 1442M->84M(4092M) 0.659ms
[110.459s][info][gc,cpu         ] GC(266) User=0.00s Sys=0.00s Real=0.00s
[110.944s][info][gc,start       ] GC(267) Pause Young (Allocation Failure)
[110.944s][info][gc,heap        ] GC(267) PSYoungGen: 1390585K->192K(1394176K)
[110.944s][info][gc,heap        ] GC(267) ParOldGen: 85534K->85550K(2796544K)
[110.944s][info][gc,metaspace   ] GC(267) Metaspace: 20590K(21376K)->20590K(21376K) NonClass: 18182K(18688K)->18182K(18688K) Class: 2407K(2688K)->2407K(2688K)
[110.944s][info][gc             ] GC(267) Pause Young (Allocation Failure) 1441M->83M(4092M) 0.497ms
[110.944s][info][gc,cpu         ] GC(267) User=0.00s Sys=0.00s Real=0.00s
[111.440s][info][gc,start       ] GC(268) Pause Young (Allocation Failure)
[111.441s][info][gc,heap        ] GC(268) PSYoungGen: 1390272K->1905K(1393664K)
[111.441s][info][gc,heap        ] GC(268) ParOldGen: 85550K->85550K(2796544K)
[111.441s][info][gc,metaspace   ] GC(268) Metaspace: 20590K(21376K)->20590K(21376K) NonClass: 18182K(18688K)->18182K(18688K) Class: 2407K(2688K)->2407K(2688K)
[111.441s][info][gc             ] GC(268) Pause Young (Allocation Failure) 1441M->85M(4092M) 0.961ms
[111.441s][info][gc,cpu         ] GC(268) User=0.00s Sys=0.00s Real=0.00s
[111.942s][info][gc,start       ] GC(269) Pause Young (Allocation Failure)
[111.942s][info][gc,heap        ] GC(269) PSYoungGen: 1391985K->943K(1394176K)
[111.942s][info][gc,heap        ] GC(269) ParOldGen: 85550K->85566K(2796544K)
[111.942s][info][gc,metaspace   ] GC(269) Metaspace: 20590K(21376K)->20590K(21376K) NonClass: 18182K(18688K)->18182K(18688K) Class: 2407K(2688K)->2407K(2688K)
[111.942s][info][gc             ] GC(269) Pause Young (Allocation Failure) 1442M->84M(4092M) 0.751ms
[111.943s][info][gc,cpu         ] GC(269) User=0.00s Sys=0.00s Real=0.00s
[112.431s][info][gc,start       ] GC(270) Pause Young (Allocation Failure)
[112.433s][info][gc,heap        ] GC(270) PSYoungGen: 1391535K->2698K(1393664K)
[112.433s][info][gc,heap        ] GC(270) ParOldGen: 85566K->85566K(2796544K)
[112.433s][info][gc,metaspace   ] GC(270) Metaspace: 20590K(21376K)->20590K(21376K) NonClass: 18182K(18688K)->18182K(18688K) Class: 2407K(2688K)->2407K(2688K)
[112.433s][info][gc             ] GC(270) Pause Young (Allocation Failure) 1442M->86M(4092M) 1.750ms
[112.433s][info][gc,cpu         ] GC(270) User=0.00s Sys=0.00s Real=0.00s
[112.923s][info][gc,start       ] GC(271) Pause Young (Allocation Failure)
[112.924s][info][gc,heap        ] GC(271) PSYoungGen: 1393290K->2209K(1393664K)
[112.924s][info][gc,heap        ] GC(271) ParOldGen: 85566K->85590K(2796544K)
[112.924s][info][gc,metaspace   ] GC(271) Metaspace: 20590K(21376K)->20590K(21376K) NonClass: 18182K(18688K)->18182K(18688K) Class: 2407K(2688K)->2407K(2688K)
[112.924s][info][gc             ] GC(271) Pause Young (Allocation Failure) 1444M->85M(4092M) 1.058ms
[112.924s][info][gc,cpu         ] GC(271) User=0.00s Sys=0.00s Real=0.00s
[113.037s][info][gc,start       ] GC(272) Pause Young (System.gc())
[113.037s][info][gc,heap        ] GC(272) PSYoungGen: 331494K->128K(1393664K)
[113.037s][info][gc,heap        ] GC(272) ParOldGen: 85590K->85590K(2796544K)
[113.037s][info][gc,metaspace   ] GC(272) Metaspace: 20590K(21376K)->20590K(21376K) NonClass: 18182K(18688K)->18182K(18688K) Class: 2407K(2688K)->2407K(2688K)
[113.037s][info][gc             ] GC(272) Pause Young (System.gc()) 407M->83M(4092M) 0.493ms
[113.037s][info][gc,cpu         ] GC(272) User=0.00s Sys=0.00s Real=0.00s
[113.037s][info][gc,start       ] GC(273) Pause Full (System.gc())
[113.037s][info][gc,phases,start] GC(273) Marking Phase
[113.095s][info][gc,phases      ] GC(273) Marking Phase 57.865ms
[113.095s][info][gc,phases,start] GC(273) Summary Phase
[113.095s][info][gc,phases      ] GC(273) Summary Phase 0.013ms
[113.095s][info][gc,phases,start] GC(273) Adjust Roots
[113.097s][info][gc,phases      ] GC(273) Adjust Roots 1.549ms
[113.097s][info][gc,phases,start] GC(273) Compaction Phase
[113.113s][info][gc,phases      ] GC(273) Compaction Phase 15.933ms
[113.113s][info][gc,phases,start] GC(273) Post Compact
[113.114s][info][gc,phases      ] GC(273) Post Compact 1.017ms
[113.114s][info][gc,heap        ] GC(273) PSYoungGen: 128K->0K(1393664K)
[113.114s][info][gc,heap        ] GC(273) ParOldGen: 85590K->85518K(2796544K)
[113.114s][info][gc,metaspace   ] GC(273) Metaspace: 20590K(21376K)->20590K(21376K) NonClass: 18182K(18688K)->18182K(18688K) Class: 2407K(2688K)->2407K(2688K)
[113.114s][info][gc             ] GC(273) Pause Full (System.gc()) 83M->83M(4092M) 76.717ms
[113.114s][info][gc,cpu         ] GC(273) User=0.06s Sys=0.00s Real=0.08s
[113.648s][info][gc,start       ] GC(274) Pause Young (Allocation Failure)
[113.649s][info][gc,heap        ] GC(274) PSYoungGen: 1389568K->2272K(1393664K)
[113.649s][info][gc,heap        ] GC(274) ParOldGen: 85518K->85518K(2796544K)
[113.649s][info][gc,metaspace   ] GC(274) Metaspace: 20590K(21376K)->20590K(21376K) NonClass: 18182K(18688K)->18182K(18688K) Class: 2407K(2688K)->2407K(2688K)
[113.649s][info][gc             ] GC(274) Pause Young (Allocation Failure) 1440M->85M(4092M) 0.976ms
[113.649s][info][gc,cpu         ] GC(274) User=0.00s Sys=0.00s Real=0.00s
[114.198s][info][gc,start       ] GC(275) Pause Young (Allocation Failure)
[114.199s][info][gc,heap        ] GC(275) PSYoungGen: 1391840K->1411K(1393664K)
[114.199s][info][gc,heap        ] GC(275) ParOldGen: 85518K->85534K(2796544K)
[114.199s][info][gc,metaspace   ] GC(275) Metaspace: 20590K(21376K)->20590K(21376K) NonClass: 18182K(18688K)->18182K(18688K) Class: 2407K(2688K)->2407K(2688K)
[114.199s][info][gc             ] GC(275) Pause Young (Allocation Failure) 1442M->84M(4092M) 1.050ms
[114.199s][info][gc,cpu         ] GC(275) User=0.00s Sys=0.00s Real=0.00s
[114.694s][info][gc,start       ] GC(276) Pause Young (Allocation Failure)
[114.695s][info][gc,heap        ] GC(276) PSYoungGen: 1390979K->224K(1393664K)
[114.695s][info][gc,heap        ] GC(276) ParOldGen: 85534K->85550K(2796544K)
[114.695s][info][gc,metaspace   ] GC(276) Metaspace: 20590K(21376K)->20590K(21376K) NonClass: 18182K(18688K)->18182K(18688K) Class: 2407K(2688K)->2407K(2688K)
[114.695s][info][gc             ] GC(276) Pause Young (Allocation Failure) 1441M->83M(4092M) 0.969ms
[114.695s][info][gc,cpu         ] GC(276) User=0.00s Sys=0.00s Real=0.00s
[115.214s][info][gc,start       ] GC(277) Pause Young (Allocation Failure)
[115.214s][info][gc,heap        ] GC(277) PSYoungGen: 1389792K->2174K(1393664K)
[115.214s][info][gc,heap        ] GC(277) ParOldGen: 85550K->85550K(2796544K)
[115.214s][info][gc,metaspace   ] GC(277) Metaspace: 20590K(21376K)->20590K(21376K) NonClass: 18182K(18688K)->18182K(18688K) Class: 2407K(2688K)->2407K(2688K)
[115.214s][info][gc             ] GC(277) Pause Young (Allocation Failure) 1440M->85M(4092M) 0.945ms
[115.215s][info][gc,cpu         ] GC(277) User=0.00s Sys=0.00s Real=0.00s
[115.736s][info][gc,start       ] GC(278) Pause Young (Allocation Failure)
[115.737s][info][gc,heap        ] GC(278) PSYoungGen: 1391742K->1175K(1394176K)
[115.737s][info][gc,heap        ] GC(278) ParOldGen: 85550K->85566K(2796544K)
[115.737s][info][gc,metaspace   ] GC(278) Metaspace: 20590K(21376K)->20590K(21376K) NonClass: 18182K(18688K)->18182K(18688K) Class: 2407K(2688K)->2407K(2688K)
[115.737s][info][gc             ] GC(278) Pause Young (Allocation Failure) 1442M->84M(4092M) 0.650ms
[115.737s][info][gc,cpu         ] GC(278) User=0.00s Sys=0.00s Real=0.00s
[116.228s][info][gc,start       ] GC(279) Pause Young (Allocation Failure)
[116.228s][info][gc,heap        ] GC(279) PSYoungGen: 1391255K->192K(1393664K)
[116.228s][info][gc,heap        ] GC(279) ParOldGen: 85566K->85566K(2796544K)
[116.228s][info][gc,metaspace   ] GC(279) Metaspace: 20590K(21376K)->20590K(21376K) NonClass: 18182K(18688K)->18182K(18688K) Class: 2407K(2688K)->2407K(2688K)
[116.228s][info][gc             ] GC(279) Pause Young (Allocation Failure) 1442M->83M(4092M) 0.491ms
[116.228s][info][gc,cpu         ] GC(279) User=0.00s Sys=0.00s Real=0.00s
[116.712s][info][gc,start       ] GC(280) Pause Young (Allocation Failure)
[116.714s][info][gc,heap        ] GC(280) PSYoungGen: 1390272K->2438K(1393152K)
[116.714s][info][gc,heap        ] GC(280) ParOldGen: 85566K->85582K(2796544K)
[116.714s][info][gc,metaspace   ] GC(280) Metaspace: 20590K(21376K)->20590K(21376K) NonClass: 18182K(18688K)->18182K(18688K) Class: 2407K(2688K)->2407K(2688K)
[116.714s][info][gc             ] GC(280) Pause Young (Allocation Failure) 1441M->85M(4091M) 1.679ms
[116.714s][info][gc,cpu         ] GC(280) User=0.00s Sys=0.00s Real=0.00s
[116.827s][info][gc,start       ] GC(281) Pause Young (System.gc())
[116.827s][info][gc,heap        ] GC(281) PSYoungGen: 325081K->64K(1393664K)
[116.827s][info][gc,heap        ] GC(281) ParOldGen: 85582K->85582K(2796544K)
[116.827s][info][gc,metaspace   ] GC(281) Metaspace: 20590K(21376K)->20590K(21376K) NonClass: 18182K(18688K)->18182K(18688K) Class: 2407K(2688K)->2407K(2688K)
[116.827s][info][gc             ] GC(281) Pause Young (System.gc()) 401M->83M(4092M) 0.572ms
[116.827s][info][gc,cpu         ] GC(281) User=0.00s Sys=0.00s Real=0.00s
[116.827s][info][gc,start       ] GC(282) Pause Full (System.gc())
[116.827s][info][gc,phases,start] GC(282) Marking Phase
[116.894s][info][gc,phases      ] GC(282) Marking Phase 66.567ms
[116.894s][info][gc,phases,start] GC(282) Summary Phase
[116.894s][info][gc,phases      ] GC(282) Summary Phase 0.013ms
[116.894s][info][gc,phases,start] GC(282) Adjust Roots
[116.896s][info][gc,phases      ] GC(282) Adjust Roots 1.513ms
[116.896s][info][gc,phases,start] GC(282) Compaction Phase
[116.911s][info][gc,phases      ] GC(282) Compaction Phase 15.133ms
[116.911s][info][gc,phases,start] GC(282) Post Compact
[116.912s][info][gc,phases      ] GC(282) Post Compact 0.845ms
[116.912s][info][gc,heap        ] GC(282) PSYoungGen: 64K->0K(1393664K)
[116.912s][info][gc,heap        ] GC(282) ParOldGen: 85582K->85518K(2796544K)
[116.912s][info][gc,metaspace   ] GC(282) Metaspace: 20590K(21376K)->20590K(21376K) NonClass: 18182K(18688K)->18182K(18688K) Class: 2407K(2688K)->2407K(2688K)
[116.912s][info][gc             ] GC(282) Pause Full (System.gc()) 83M->83M(4092M) 84.389ms
[116.912s][info][gc,cpu         ] GC(282) User=0.16s Sys=0.00s Real=0.09s
[117.435s][info][gc,start       ] GC(283) Pause Young (Allocation Failure)
[117.436s][info][gc,heap        ] GC(283) PSYoungGen: 1389568K->2223K(1393664K)
[117.436s][info][gc,heap        ] GC(283) ParOldGen: 85518K->85518K(2796544K)
[117.436s][info][gc,metaspace   ] GC(283) Metaspace: 20590K(21376K)->20590K(21376K) NonClass: 18182K(18688K)->18182K(18688K) Class: 2407K(2688K)->2407K(2688K)
[117.436s][info][gc             ] GC(283) Pause Young (Allocation Failure) 1440M->85M(4092M) 1.219ms
[117.436s][info][gc,cpu         ] GC(283) User=0.00s Sys=0.00s Real=0.00s
[117.980s][info][gc,start       ] GC(284) Pause Young (Allocation Failure)
[117.981s][info][gc,heap        ] GC(284) PSYoungGen: 1391791K->1559K(1393664K)
[117.982s][info][gc,heap        ] GC(284) ParOldGen: 85518K->85526K(2796544K)
[117.982s][info][gc,metaspace   ] GC(284) Metaspace: 20590K(21376K)->20590K(21376K) NonClass: 18182K(18688K)->18182K(18688K) Class: 2407K(2688K)->2407K(2688K)
[117.982s][info][gc             ] GC(284) Pause Young (Allocation Failure) 1442M->85M(4092M) 1.097ms
[117.982s][info][gc,cpu         ] GC(284) User=0.00s Sys=0.00s Real=0.00s
[118.526s][info][gc,start       ] GC(285) Pause Young (Allocation Failure)
[118.527s][info][gc,heap        ] GC(285) PSYoungGen: 1391127K->788K(1394176K)
[118.527s][info][gc,heap        ] GC(285) ParOldGen: 85526K->85550K(2796544K)
[118.527s][info][gc,metaspace   ] GC(285) Metaspace: 20590K(21376K)->20590K(21376K) NonClass: 18182K(18688K)->18182K(18688K) Class: 2407K(2688K)->2407K(2688K)
[118.527s][info][gc             ] GC(285) Pause Young (Allocation Failure) 1442M->84M(4092M) 0.697ms
[118.527s][info][gc,cpu         ] GC(285) User=0.00s Sys=0.00s Real=0.00s
[119.046s][info][gc,start       ] GC(286) Pause Young (Allocation Failure)
[119.047s][info][gc,heap        ] GC(286) PSYoungGen: 1390868K->2649K(1393664K)
[119.047s][info][gc,heap        ] GC(286) ParOldGen: 85550K->85550K(2796544K)
[119.047s][info][gc,metaspace   ] GC(286) Metaspace: 20590K(21376K)->20590K(21376K) NonClass: 18182K(18688K)->18182K(18688K) Class: 2407K(2688K)->2407K(2688K)
[119.047s][info][gc             ] GC(286) Pause Young (Allocation Failure) 1441M->86M(4092M) 1.498ms
[119.047s][info][gc,cpu         ] GC(286) User=0.00s Sys=0.00s Real=0.00s
[119.559s][info][gc,start       ] GC(287) Pause Young (Allocation Failure)
[119.560s][info][gc,heap        ] GC(287) PSYoungGen: 1392729K->2137K(1393664K)
[119.560s][info][gc,heap        ] GC(287) ParOldGen: 85550K->85566K(2796544K)
[119.560s][info][gc,metaspace   ] GC(287) Metaspace: 20590K(21376K)->20590K(21376K) NonClass: 18182K(18688K)->18182K(18688K) Class: 2407K(2688K)->2407K(2688K)
[119.560s][info][gc             ] GC(287) Pause Young (Allocation Failure) 1443M->85M(4092M) 1.148ms
[119.560s][info][gc,cpu         ] GC(287) User=0.00s Sys=0.00s Real=0.00s
[120.102s][info][gc,start       ] GC(288) Pause Young (Allocation Failure)
[120.103s][info][gc,heap        ] GC(288) PSYoungGen: 1391705K->1265K(1393664K)
[120.103s][info][gc,heap        ] GC(288) ParOldGen: 85566K->85566K(2796544K)
[120.103s][info][gc,metaspace   ] GC(288) Metaspace: 20590K(21376K)->20590K(21376K) NonClass: 18183K(18688K)->18183K(18688K) Class: 2407K(2688K)->2407K(2688K)
[120.103s][info][gc             ] GC(288) Pause Young (Allocation Failure) 1442M->84M(4092M) 0.794ms
[120.103s][info][gc,cpu         ] GC(288) User=0.00s Sys=0.00s Real=0.00s
[120.628s][info][gc,start       ] GC(289) Pause Young (Allocation Failure)
[120.630s][info][gc,heap        ] GC(289) PSYoungGen: 1390833K->2113K(1393664K)
[120.630s][info][gc,heap        ] GC(289) ParOldGen: 85566K->85582K(2796544K)
[120.630s][info][gc,metaspace   ] GC(289) Metaspace: 20590K(21376K)->20590K(21376K) NonClass: 18183K(18688K)->18183K(18688K) Class: 2407K(2688K)->2407K(2688K)
[120.630s][info][gc             ] GC(289) Pause Young (Allocation Failure) 1441M->85M(4092M) 1.760ms
[120.630s][info][gc,cpu         ] GC(289) User=0.00s Sys=0.00s Real=0.00s
[120.740s][info][gc,start       ] GC(290) Pause Young (System.gc())
[120.741s][info][gc,heap        ] GC(290) PSYoungGen: 315251K->64K(1393664K)
[120.741s][info][gc,heap        ] GC(290) ParOldGen: 85582K->85582K(2796544K)
[120.741s][info][gc,metaspace   ] GC(290) Metaspace: 20590K(21376K)->20590K(21376K) NonClass: 18183K(18688K)->18183K(18688K) Class: 2407K(2688K)->2407K(2688K)
[120.741s][info][gc             ] GC(290) Pause Young (System.gc()) 391M->83M(4092M) 0.527ms
[120.741s][info][gc,cpu         ] GC(290) User=0.00s Sys=0.00s Real=0.00s
[120.741s][info][gc,start       ] GC(291) Pause Full (System.gc())
[120.741s][info][gc,phases,start] GC(291) Marking Phase
[120.805s][info][gc,phases      ] GC(291) Marking Phase 63.845ms
[120.805s][info][gc,phases,start] GC(291) Summary Phase
[120.805s][info][gc,phases      ] GC(291) Summary Phase 0.014ms
[120.805s][info][gc,phases,start] GC(291) Adjust Roots
[120.807s][info][gc,phases      ] GC(291) Adjust Roots 1.647ms
[120.807s][info][gc,phases,start] GC(291) Compaction Phase
[120.823s][info][gc,phases      ] GC(291) Compaction Phase 16.289ms
[120.823s][info][gc,phases,start] GC(291) Post Compact
[120.824s][info][gc,phases      ] GC(291) Post Compact 1.124ms
[120.824s][info][gc,heap        ] GC(291) PSYoungGen: 64K->0K(1393664K)
[120.824s][info][gc,heap        ] GC(291) ParOldGen: 85582K->85518K(2796544K)
[120.824s][info][gc,metaspace   ] GC(291) Metaspace: 20590K(21376K)->20590K(21376K) NonClass: 18183K(18688K)->18183K(18688K) Class: 2407K(2688K)->2407K(2688K)
[120.824s][info][gc             ] GC(291) Pause Full (System.gc()) 83M->83M(4092M) 83.326ms
[120.824s][info][gc,cpu         ] GC(291) User=0.25s Sys=0.00s Real=0.08s
[121.357s][info][gc,start       ] GC(292) Pause Young (Allocation Failure)
[121.358s][info][gc,heap        ] GC(292) PSYoungGen: 1389568K->2040K(1393664K)
[121.358s][info][gc,heap        ] GC(292) ParOldGen: 85518K->85518K(2796544K)
[121.358s][info][gc,metaspace   ] GC(292) Metaspace: 20590K(21376K)->20590K(21376K) NonClass: 18183K(18688K)->18183K(18688K) Class: 2407K(2688K)->2407K(2688K)
[121.358s][info][gc             ] GC(292) Pause Young (Allocation Failure) 1440M->85M(4092M) 1.130ms
[121.358s][info][gc,cpu         ] GC(292) User=0.00s Sys=0.00s Real=0.00s
[121.870s][info][gc,start       ] GC(293) Pause Young (Allocation Failure)
[121.871s][info][gc,heap        ] GC(293) PSYoungGen: 1391608K->978K(1393664K)
[121.871s][info][gc,heap        ] GC(293) ParOldGen: 85518K->85526K(2796544K)
[121.871s][info][gc,metaspace   ] GC(293) Metaspace: 20590K(21376K)->20590K(21376K) NonClass: 18183K(18688K)->18183K(18688K) Class: 2407K(2688K)->2407K(2688K)
[121.871s][info][gc             ] GC(293) Pause Young (Allocation Failure) 1442M->84M(4092M) 0.995ms
[121.871s][info][gc,cpu         ] GC(293) User=0.00s Sys=0.00s Real=0.00s
[122.354s][info][gc,start       ] GC(294) Pause Young (Allocation Failure)
[122.356s][info][gc,heap        ] GC(294) PSYoungGen: 1390359K->3237K(1393152K)
[122.356s][info][gc,heap        ] GC(294) ParOldGen: 85526K->85550K(2796544K)
[122.356s][info][gc,metaspace   ] GC(294) Metaspace: 20590K(21376K)->20590K(21376K) NonClass: 18183K(18688K)->18183K(18688K) Class: 2407K(2688K)->2407K(2688K)
[122.356s][info][gc             ] GC(294) Pause Young (Allocation Failure) 1441M->86M(4091M) 1.782ms
[122.356s][info][gc,cpu         ] GC(294) User=0.00s Sys=0.00s Real=0.00s
[122.833s][info][gc,start       ] GC(295) Pause Young (Allocation Failure)
[122.834s][info][gc,heap        ] GC(295) PSYoungGen: 1392805K->2231K(1393664K)
[122.834s][info][gc,heap        ] GC(295) ParOldGen: 85550K->85550K(2796544K)
[122.834s][info][gc,metaspace   ] GC(295) Metaspace: 20590K(21376K)->20590K(21376K) NonClass: 18183K(18688K)->18183K(18688K) Class: 2407K(2688K)->2407K(2688K)
[122.834s][info][gc             ] GC(295) Pause Young (Allocation Failure) 1443M->85M(4092M) 0.781ms
[122.834s][info][gc,cpu         ] GC(295) User=0.00s Sys=0.00s Real=0.00s
[123.336s][info][gc,start       ] GC(296) Pause Young (Allocation Failure)
[123.336s][info][gc,heap        ] GC(296) PSYoungGen: 1391799K->1233K(1393664K)
[123.336s][info][gc,heap        ] GC(296) ParOldGen: 85550K->85566K(2796544K)
[123.336s][info][gc,metaspace   ] GC(296) Metaspace: 20590K(21376K)->20590K(21376K) NonClass: 18183K(18688K)->18183K(18688K) Class: 2407K(2688K)->2407K(2688K)
[123.336s][info][gc             ] GC(296) Pause Young (Allocation Failure) 1442M->84M(4092M) 0.790ms
[123.336s][info][gc,cpu         ] GC(296) User=0.00s Sys=0.00s Real=0.00s
[123.842s][info][gc,start       ] GC(297) Pause Young (Allocation Failure)
[123.843s][info][gc,heap        ] GC(297) PSYoungGen: 1390801K->320K(1393664K)
[123.843s][info][gc,heap        ] GC(297) ParOldGen: 85566K->85566K(2796544K)
[123.843s][info][gc,metaspace   ] GC(297) Metaspace: 20590K(21376K)->20590K(21376K) NonClass: 18183K(18688K)->18183K(18688K) Class: 2407K(2688K)->2407K(2688K)
[123.843s][info][gc             ] GC(297) Pause Young (Allocation Failure) 1441M->83M(4092M) 0.909ms
[123.843s][info][gc,cpu         ] GC(297) User=0.00s Sys=0.00s Real=0.00s
[124.350s][info][gc,start       ] GC(298) Pause Young (Allocation Failure)
[124.351s][info][gc,heap        ] GC(298) PSYoungGen: 1389888K->2437K(1393664K)
[124.351s][info][gc,heap        ] GC(298) ParOldGen: 85566K->85582K(2796544K)
[124.351s][info][gc,metaspace   ] GC(298) Metaspace: 20590K(21376K)->20590K(21376K) NonClass: 18183K(18688K)->18183K(18688K) Class: 2407K(2688K)->2407K(2688K)
[124.351s][info][gc             ] GC(298) Pause Young (Allocation Failure) 1440M->85M(4092M) 1.047ms
[124.351s][info][gc,cpu         ] GC(298) User=0.00s Sys=0.00s Real=0.00s
[124.471s][info][gc,start       ] GC(299) Pause Young (System.gc())
[124.472s][info][gc,heap        ] GC(299) PSYoungGen: 321120K->64K(1393664K)
[124.472s][info][gc,heap        ] GC(299) ParOldGen: 85582K->85582K(2796544K)
[124.472s][info][gc,metaspace   ] GC(299) Metaspace: 20590K(21376K)->20590K(21376K) NonClass: 18183K(18688K)->18183K(18688K) Class: 2407K(2688K)->2407K(2688K)
[124.472s][info][gc             ] GC(299) Pause Young (System.gc()) 397M->83M(4092M) 0.615ms
[124.472s][info][gc,cpu         ] GC(299) User=0.00s Sys=0.00s Real=0.00s
[124.472s][info][gc,start       ] GC(300) Pause Full (System.gc())
[124.472s][info][gc,phases,start] GC(300) Marking Phase
[124.535s][info][gc,phases      ] GC(300) Marking Phase 62.681ms
[124.535s][info][gc,phases,start] GC(300) Summary Phase
[124.535s][info][gc,phases      ] GC(300) Summary Phase 0.019ms
[124.535s][info][gc,phases,start] GC(300) Adjust Roots
[124.536s][info][gc,phases      ] GC(300) Adjust Roots 1.536ms
[124.536s][info][gc,phases,start] GC(300) Compaction Phase
[124.553s][info][gc,phases      ] GC(300) Compaction Phase 17.129ms
[124.554s][info][gc,phases,start] GC(300) Post Compact
[124.555s][info][gc,phases      ] GC(300) Post Compact 1.080ms
[124.555s][info][gc,heap        ] GC(300) PSYoungGen: 64K->0K(1393664K)
[124.555s][info][gc,heap        ] GC(300) ParOldGen: 85582K->85518K(2796544K)
[124.555s][info][gc,metaspace   ] GC(300) Metaspace: 20590K(21376K)->20590K(21376K) NonClass: 18183K(18688K)->18183K(18688K) Class: 2407K(2688K)->2407K(2688K)
[124.555s][info][gc             ] GC(300) Pause Full (System.gc()) 83M->83M(4092M) 82.794ms
[124.555s][info][gc,cpu         ] GC(300) User=0.41s Sys=0.00s Real=0.08s
[125.054s][info][gc,start       ] GC(301) Pause Young (Allocation Failure)
[125.055s][info][gc,heap        ] GC(301) PSYoungGen: 1389568K->1970K(1393664K)
[125.055s][info][gc,heap        ] GC(301) ParOldGen: 85518K->85518K(2796544K)
[125.055s][info][gc,metaspace   ] GC(301) Metaspace: 20590K(21376K)->20590K(21376K) NonClass: 18183K(18688K)->18183K(18688K) Class: 2407K(2688K)->2407K(2688K)
[125.055s][info][gc             ] GC(301) Pause Young (Allocation Failure) 1440M->85M(4092M) 1.105ms
[125.055s][info][gc,cpu         ] GC(301) User=0.00s Sys=0.00s Real=0.00s
[125.552s][info][gc,start       ] GC(302) Pause Young (Allocation Failure)
[125.553s][info][gc,heap        ] GC(302) PSYoungGen: 1391538K->1000K(1393664K)
[125.553s][info][gc,heap        ] GC(302) ParOldGen: 85518K->85542K(2796544K)
[125.553s][info][gc,metaspace   ] GC(302) Metaspace: 20590K(21376K)->20590K(21376K) NonClass: 18183K(18688K)->18183K(18688K) Class: 2407K(2688K)->2407K(2688K)
[125.553s][info][gc             ] GC(302) Pause Young (Allocation Failure) 1442M->84M(4092M) 0.825ms
[125.553s][info][gc,cpu         ] GC(302) User=0.00s Sys=0.00s Real=0.00s
[126.047s][info][gc,start       ] GC(303) Pause Young (Allocation Failure)
[126.048s][info][gc,heap        ] GC(303) PSYoungGen: 1390564K->2991K(1392640K)
[126.048s][info][gc,heap        ] GC(303) ParOldGen: 85542K->85558K(2796544K)
[126.048s][info][gc,metaspace   ] GC(303) Metaspace: 20590K(21376K)->20590K(21376K) NonClass: 18183K(18688K)->18183K(18688K) Class: 2407K(2688K)->2407K(2688K)
[126.048s][info][gc             ] GC(303) Pause Young (Allocation Failure) 1441M->86M(4091M) 1.156ms
[126.048s][info][gc,cpu         ] GC(303) User=0.00s Sys=0.00s Real=0.00s
[126.547s][info][gc,start       ] GC(304) Pause Young (Allocation Failure)
[126.548s][info][gc,heap        ] GC(304) PSYoungGen: 1391535K->2149K(1393152K)
[126.548s][info][gc,heap        ] GC(304) ParOldGen: 85558K->85558K(2796544K)
[126.548s][info][gc,metaspace   ] GC(304) Metaspace: 20590K(21376K)->20590K(21376K) NonClass: 18183K(18688K)->18183K(18688K) Class: 2407K(2688K)->2407K(2688K)
[126.548s][info][gc             ] GC(304) Pause Young (Allocation Failure) 1442M->85M(4091M) 0.962ms
[126.548s][info][gc,cpu         ] GC(304) User=0.00s Sys=0.00s Real=0.00s
[127.045s][info][gc,start       ] GC(305) Pause Young (Allocation Failure)
[127.046s][info][gc,heap        ] GC(305) PSYoungGen: 1390693K->1401K(1393664K)
[127.046s][info][gc,heap        ] GC(305) ParOldGen: 85558K->85582K(2796544K)
[127.046s][info][gc,metaspace   ] GC(305) Metaspace: 20590K(21376K)->20590K(21376K) NonClass: 18183K(18688K)->18183K(18688K) Class: 2407K(2688K)->2407K(2688K)
[127.046s][info][gc             ] GC(305) Pause Young (Allocation Failure) 1441M->84M(4092M) 0.706ms
[127.046s][info][gc,cpu         ] GC(305) User=0.00s Sys=0.00s Real=0.00s
[127.559s][info][gc,start       ] GC(306) Pause Young (Allocation Failure)
[127.559s][info][gc,heap        ] GC(306) PSYoungGen: 1390969K->352K(1393664K)
[127.559s][info][gc,heap        ] GC(306) ParOldGen: 85582K->85582K(2796544K)
[127.559s][info][gc,metaspace   ] GC(306) Metaspace: 20590K(21376K)->20590K(21376K) NonClass: 18183K(18688K)->18183K(18688K) Class: 2407K(2688K)->2407K(2688K)
[127.559s][info][gc             ] GC(306) Pause Young (Allocation Failure) 1441M->83M(4092M) 0.633ms
[127.559s][info][gc,cpu         ] GC(306) User=0.00s Sys=0.00s Real=0.00s
[128.070s][info][gc,start       ] GC(307) Pause Young (Allocation Failure)
[128.071s][info][gc,heap        ] GC(307) PSYoungGen: 1389920K->2265K(1393664K)
[128.071s][info][gc,heap        ] GC(307) ParOldGen: 85582K->85606K(2796544K)
[128.071s][info][gc,metaspace   ] GC(307) Metaspace: 20590K(21376K)->20590K(21376K) NonClass: 18183K(18688K)->18183K(18688K) Class: 2407K(2688K)->2407K(2688K)
[128.071s][info][gc             ] GC(307) Pause Young (Allocation Failure) 1440M->85M(4092M) 1.071ms
[128.071s][info][gc,cpu         ] GC(307) User=0.00s Sys=0.00s Real=0.00s
[128.188s][info][gc,start       ] GC(308) Pause Young (System.gc())
[128.189s][info][gc,heap        ] GC(308) PSYoungGen: 326294K->64K(1393664K)
[128.189s][info][gc,heap        ] GC(308) ParOldGen: 85606K->85606K(2796544K)
[128.189s][info][gc,metaspace   ] GC(308) Metaspace: 20590K(21376K)->20590K(21376K) NonClass: 18183K(18688K)->18183K(18688K) Class: 2407K(2688K)->2407K(2688K)
[128.189s][info][gc             ] GC(308) Pause Young (System.gc()) 402M->83M(4092M) 0.641ms
[128.189s][info][gc,cpu         ] GC(308) User=0.00s Sys=0.00s Real=0.00s
[128.189s][info][gc,start       ] GC(309) Pause Full (System.gc())
[128.189s][info][gc,phases,start] GC(309) Marking Phase
[128.250s][info][gc,phases      ] GC(309) Marking Phase 60.664ms
[128.250s][info][gc,phases,start] GC(309) Summary Phase
[128.250s][info][gc,phases      ] GC(309) Summary Phase 0.015ms
[128.250s][info][gc,phases,start] GC(309) Adjust Roots
[128.251s][info][gc,phases      ] GC(309) Adjust Roots 1.592ms
[128.251s][info][gc,phases,start] GC(309) Compaction Phase
[128.274s][info][gc,phases      ] GC(309) Compaction Phase 22.311ms
[128.274s][info][gc,phases,start] GC(309) Post Compact
[128.275s][info][gc,phases      ] GC(309) Post Compact 1.167ms
[128.275s][info][gc,heap        ] GC(309) PSYoungGen: 64K->0K(1393664K)
[128.275s][info][gc,heap        ] GC(309) ParOldGen: 85606K->85518K(2796544K)
[128.275s][info][gc,metaspace   ] GC(309) Metaspace: 20590K(21376K)->20590K(21376K) NonClass: 18183K(18688K)->18183K(18688K) Class: 2407K(2688K)->2407K(2688K)
[128.275s][info][gc             ] GC(309) Pause Full (System.gc()) 83M->83M(4092M) 86.086ms
[128.275s][info][gc,cpu         ] GC(309) User=0.31s Sys=0.00s Real=0.09s
[128.791s][info][gc,start       ] GC(310) Pause Young (Allocation Failure)
[128.792s][info][gc,heap        ] GC(310) PSYoungGen: 1389568K->1973K(1393664K)
[128.793s][info][gc,heap        ] GC(310) ParOldGen: 85518K->85518K(2796544K)
[128.793s][info][gc,metaspace   ] GC(310) Metaspace: 20592K(21376K)->20592K(21376K) NonClass: 18184K(18688K)->18184K(18688K) Class: 2407K(2688K)->2407K(2688K)
[128.793s][info][gc             ] GC(310) Pause Young (Allocation Failure) 1440M->85M(4092M) 1.175ms
[128.793s][info][gc,cpu         ] GC(310) User=0.00s Sys=0.00s Real=0.00s
[129.300s][info][gc,start       ] GC(311) Pause Young (Allocation Failure)
[129.301s][info][gc,heap        ] GC(311) PSYoungGen: 1391541K->795K(1393664K)
[129.301s][info][gc,heap        ] GC(311) ParOldGen: 85518K->85534K(2796544K)
[129.301s][info][gc,metaspace   ] GC(311) Metaspace: 20592K(21376K)->20592K(21376K) NonClass: 18184K(18688K)->18184K(18688K) Class: 2407K(2688K)->2407K(2688K)
[129.301s][info][gc             ] GC(311) Pause Young (Allocation Failure) 1442M->84M(4092M) 1.014ms
[129.301s][info][gc,cpu         ] GC(311) User=0.00s Sys=0.00s Real=0.00s
[129.797s][info][gc,start       ] GC(312) Pause Young (Allocation Failure)
[129.799s][info][gc,heap        ] GC(312) PSYoungGen: 1390363K->2812K(1393664K)
[129.799s][info][gc,heap        ] GC(312) ParOldGen: 85534K->85542K(2796544K)
[129.799s][info][gc,metaspace   ] GC(312) Metaspace: 20592K(21376K)->20592K(21376K) NonClass: 18184K(18688K)->18184K(18688K) Class: 2407K(2688K)->2407K(2688K)
[129.799s][info][gc             ] GC(312) Pause Young (Allocation Failure) 1441M->86M(4092M) 1.744ms
[129.799s][info][gc,cpu         ] GC(312) User=0.00s Sys=0.00s Real=0.00s
[130.308s][info][gc,start       ] GC(313) Pause Young (Allocation Failure)
[130.309s][info][gc,heap        ] GC(313) PSYoungGen: 1392380K->2075K(1393664K)
[130.309s][info][gc,heap        ] GC(313) ParOldGen: 85542K->85542K(2796544K)
[130.309s][info][gc,metaspace   ] GC(313) Metaspace: 20592K(21376K)->20592K(21376K) NonClass: 18184K(18688K)->18184K(18688K) Class: 2407K(2688K)->2407K(2688K)
[130.309s][info][gc             ] GC(313) Pause Young (Allocation Failure) 1443M->85M(4092M) 0.878ms
[130.309s][info][gc,cpu         ] GC(313) User=0.00s Sys=0.00s Real=0.00s
[130.807s][info][gc,start       ] GC(314) Pause Young (Allocation Failure)
[130.807s][info][gc,heap        ] GC(314) PSYoungGen: 1391643K->1135K(1393664K)
[130.807s][info][gc,heap        ] GC(314) ParOldGen: 85542K->85558K(2796544K)
[130.807s][info][gc,metaspace   ] GC(314) Metaspace: 20592K(21376K)->20592K(21376K) NonClass: 18184K(18688K)->18184K(18688K) Class: 2407K(2688K)->2407K(2688K)
[130.807s][info][gc             ] GC(314) Pause Young (Allocation Failure) 1442M->84M(4092M) 0.822ms
[130.807s][info][gc,cpu         ] GC(314) User=0.00s Sys=0.00s Real=0.00s
[131.300s][info][gc,start       ] GC(315) Pause Young (Allocation Failure)
[131.300s][info][gc,heap        ] GC(315) PSYoungGen: 1390703K->288K(1393664K)
[131.300s][info][gc,heap        ] GC(315) ParOldGen: 85558K->85558K(2796544K)
[131.300s][info][gc,metaspace   ] GC(315) Metaspace: 20592K(21376K)->20592K(21376K) NonClass: 18184K(18688K)->18184K(18688K) Class: 2407K(2688K)->2407K(2688K)
[131.300s][info][gc             ] GC(315) Pause Young (Allocation Failure) 1441M->83M(4092M) 0.705ms
[131.300s][info][gc,cpu         ] GC(315) User=0.00s Sys=0.00s Real=0.00s
[131.784s][info][gc,start       ] GC(316) Pause Young (Allocation Failure)
[131.785s][info][gc,heap        ] GC(316) PSYoungGen: 1389694K->2535K(1393664K)
[131.785s][info][gc,heap        ] GC(316) ParOldGen: 85558K->85582K(2796544K)
[131.785s][info][gc,metaspace   ] GC(316) Metaspace: 20592K(21376K)->20592K(21376K) NonClass: 18184K(18688K)->18184K(18688K) Class: 2407K(2688K)->2407K(2688K)
[131.785s][info][gc             ] GC(316) Pause Young (Allocation Failure) 1440M->86M(4092M) 1.012ms
[131.785s][info][gc,cpu         ] GC(316) User=0.00s Sys=0.00s Real=0.00s
[131.905s][info][gc,start       ] GC(317) Pause Young (System.gc())
[131.906s][info][gc,heap        ] GC(317) PSYoungGen: 328007K->128K(1393664K)
[131.906s][info][gc,heap        ] GC(317) ParOldGen: 85582K->85582K(2796544K)
[131.906s][info][gc,metaspace   ] GC(317) Metaspace: 20597K(21376K)->20597K(21376K) NonClass: 18189K(18688K)->18189K(18688K) Class: 2407K(2688K)->2407K(2688K)
[131.906s][info][gc             ] GC(317) Pause Young (System.gc()) 403M->83M(4092M) 0.605ms
[131.906s][info][gc,cpu         ] GC(317) User=0.00s Sys=0.00s Real=0.00s
[131.906s][info][gc,start       ] GC(318) Pause Full (System.gc())
[131.906s][info][gc,phases,start] GC(318) Marking Phase
[131.974s][info][gc,phases      ] GC(318) Marking Phase 68.114ms
[131.974s][info][gc,phases,start] GC(318) Summary Phase
[131.974s][info][gc,phases      ] GC(318) Summary Phase 0.014ms
[131.974s][info][gc,phases,start] GC(318) Adjust Roots
[131.976s][info][gc,phases      ] GC(318) Adjust Roots 1.524ms
[131.976s][info][gc,phases,start] GC(318) Compaction Phase
[131.993s][info][gc,phases      ] GC(318) Compaction Phase 17.205ms
[131.993s][info][gc,phases,start] GC(318) Post Compact
[131.994s][info][gc,phases      ] GC(318) Post Compact 0.857ms
[131.994s][info][gc,heap        ] GC(318) PSYoungGen: 128K->0K(1393664K)
[131.994s][info][gc,heap        ] GC(318) ParOldGen: 85582K->85518K(2796544K)
[131.994s][info][gc,metaspace   ] GC(318) Metaspace: 20597K(21376K)->20597K(21376K) NonClass: 18189K(18688K)->18189K(18688K) Class: 2407K(2688K)->2407K(2688K)
[131.994s][info][gc             ] GC(318) Pause Full (System.gc()) 83M->83M(4092M) 88.011ms
[131.994s][info][gc,cpu         ] GC(318) User=0.27s Sys=0.00s Real=0.09s
[132.498s][info][gc,start       ] GC(319) Pause Young (Allocation Failure)
[132.500s][info][gc,heap        ] GC(319) PSYoungGen: 1389568K->2201K(1393664K)
[132.500s][info][gc,heap        ] GC(319) ParOldGen: 85518K->85518K(2796544K)
[132.500s][info][gc,metaspace   ] GC(319) Metaspace: 20597K(21376K)->20597K(21376K) NonClass: 18190K(18688K)->18190K(18688K) Class: 2407K(2688K)->2407K(2688K)
[132.500s][info][gc             ] GC(319) Pause Young (Allocation Failure) 1440M->85M(4092M) 1.518ms
[132.500s][info][gc,cpu         ] GC(319) User=0.00s Sys=0.00s Real=0.00s
[132.995s][info][gc,start       ] GC(320) Pause Young (Allocation Failure)
[132.996s][info][gc,heap        ] GC(320) PSYoungGen: 1391769K->1265K(1393664K)
[132.996s][info][gc,heap        ] GC(320) ParOldGen: 85518K->85534K(2796544K)
[132.996s][info][gc,metaspace   ] GC(320) Metaspace: 20597K(21376K)->20597K(21376K) NonClass: 18190K(18688K)->18190K(18688K) Class: 2407K(2688K)->2407K(2688K)
[132.996s][info][gc             ] GC(320) Pause Young (Allocation Failure) 1442M->84M(4092M) 1.445ms
[132.996s][info][gc,cpu         ] GC(320) User=0.00s Sys=0.00s Real=0.00s
[133.509s][info][gc,start       ] GC(321) Pause Young (Allocation Failure)
[133.509s][info][gc,heap        ] GC(321) PSYoungGen: 1390833K->160K(1393664K)
[133.509s][info][gc,heap        ] GC(321) ParOldGen: 85534K->85550K(2796544K)
[133.509s][info][gc,metaspace   ] GC(321) Metaspace: 20597K(21376K)->20597K(21376K) NonClass: 18190K(18688K)->18190K(18688K) Class: 2407K(2688K)->2407K(2688K)
[133.509s][info][gc             ] GC(321) Pause Young (Allocation Failure) 1441M->83M(4092M) 0.543ms
[133.509s][info][gc,cpu         ] GC(321) User=0.00s Sys=0.00s Real=0.00s
[134.018s][info][gc,start       ] GC(322) Pause Young (Allocation Failure)
[134.019s][info][gc,heap        ] GC(322) PSYoungGen: 1389728K->2149K(1393664K)
[134.019s][info][gc,heap        ] GC(322) ParOldGen: 85550K->85550K(2796544K)
[134.019s][info][gc,metaspace   ] GC(322) Metaspace: 20597K(21376K)->20597K(21376K) NonClass: 18190K(18688K)->18190K(18688K) Class: 2407K(2688K)->2407K(2688K)
[134.019s][info][gc             ] GC(322) Pause Young (Allocation Failure) 1440M->85M(4092M) 0.897ms
[134.019s][info][gc,cpu         ] GC(322) User=0.00s Sys=0.00s Real=0.00s
[134.531s][info][gc,start       ] GC(323) Pause Young (Allocation Failure)
[134.532s][info][gc,heap        ] GC(323) PSYoungGen: 1391717K->1434K(1393664K)
[134.532s][info][gc,heap        ] GC(323) ParOldGen: 85550K->85574K(2796544K)
[134.532s][info][gc,metaspace   ] GC(323) Metaspace: 20597K(21376K)->20597K(21376K) NonClass: 18190K(18688K)->18190K(18688K) Class: 2407K(2688K)->2407K(2688K)
[134.532s][info][gc             ] GC(323) Pause Young (Allocation Failure) 1442M->84M(4092M) 0.975ms
[134.532s][info][gc,cpu         ] GC(323) User=0.00s Sys=0.00s Real=0.00s
[135.019s][info][gc,start       ] GC(324) Pause Young (Allocation Failure)
[135.019s][info][gc,heap        ] GC(324) PSYoungGen: 1391002K->384K(1393664K)
[135.019s][info][gc,heap        ] GC(324) ParOldGen: 85574K->85574K(2796544K)
[135.019s][info][gc,metaspace   ] GC(324) Metaspace: 20597K(21376K)->20597K(21376K) NonClass: 18190K(18688K)->18190K(18688K) Class: 2407K(2688K)->2407K(2688K)
[135.019s][info][gc             ] GC(324) Pause Young (Allocation Failure) 1441M->83M(4092M) 0.583ms
[135.019s][info][gc,cpu         ] GC(324) User=0.00s Sys=0.00s Real=0.00s
[135.513s][info][gc,start       ] GC(325) Pause Young (Allocation Failure)
[135.514s][info][gc,heap        ] GC(325) PSYoungGen: 1389952K->2561K(1393152K)
[135.514s][info][gc,heap        ] GC(325) ParOldGen: 85574K->85598K(2796544K)
[135.514s][info][gc,metaspace   ] GC(325) Metaspace: 20597K(21376K)->20597K(21376K) NonClass: 18190K(18688K)->18190K(18688K) Class: 2407K(2688K)->2407K(2688K)
[135.514s][info][gc             ] GC(325) Pause Young (Allocation Failure) 1440M->86M(4091M) 1.414ms
[135.514s][info][gc,cpu         ] GC(325) User=0.00s Sys=0.00s Real=0.00s
[135.630s][info][gc,start       ] GC(326) Pause Young (System.gc())
[135.631s][info][gc,heap        ] GC(326) PSYoungGen: 325881K->64K(1393664K)
[135.631s][info][gc,heap        ] GC(326) ParOldGen: 85598K->85654K(2796544K)
[135.631s][info][gc,metaspace   ] GC(326) Metaspace: 20597K(21376K)->20597K(21376K) NonClass: 18190K(18688K)->18190K(18688K) Class: 2407K(2688K)->2407K(2688K)
[135.631s][info][gc             ] GC(326) Pause Young (System.gc()) 401M->83M(4092M) 0.582ms
[135.631s][info][gc,cpu         ] GC(326) User=0.02s Sys=0.00s Real=0.00s
[135.631s][info][gc,start       ] GC(327) Pause Full (System.gc())
[135.631s][info][gc,phases,start] GC(327) Marking Phase
[135.688s][info][gc,phases      ] GC(327) Marking Phase 56.537ms
[135.688s][info][gc,phases,start] GC(327) Summary Phase
[135.688s][info][gc,phases      ] GC(327) Summary Phase 0.013ms
[135.688s][info][gc,phases,start] GC(327) Adjust Roots
[135.689s][info][gc,phases      ] GC(327) Adjust Roots 1.595ms
[135.689s][info][gc,phases,start] GC(327) Compaction Phase
[135.706s][info][gc,phases      ] GC(327) Compaction Phase 16.719ms
[135.706s][info][gc,phases,start] GC(327) Post Compact
[135.707s][info][gc,phases      ] GC(327) Post Compact 0.864ms
[135.707s][info][gc,heap        ] GC(327) PSYoungGen: 64K->0K(1393664K)
[135.707s][info][gc,heap        ] GC(327) ParOldGen: 85654K->85551K(2796544K)
[135.707s][info][gc,metaspace   ] GC(327) Metaspace: 20597K(21376K)->20597K(21376K) NonClass: 18190K(18688K)->18190K(18688K) Class: 2407K(2688K)->2407K(2688K)
[135.707s][info][gc             ] GC(327) Pause Full (System.gc()) 83M->83M(4092M) 76.025ms
[135.707s][info][gc,cpu         ] GC(327) User=0.28s Sys=0.00s Real=0.08s
[136.191s][info][gc,start       ] GC(328) Pause Young (Allocation Failure)
[136.192s][info][gc,heap        ] GC(328) PSYoungGen: 1389568K->2035K(1393664K)
[136.192s][info][gc,heap        ] GC(328) ParOldGen: 85551K->85551K(2796544K)
[136.192s][info][gc,metaspace   ] GC(328) Metaspace: 20599K(21376K)->20599K(21376K) NonClass: 18191K(18688K)->18191K(18688K) Class: 2407K(2688K)->2407K(2688K)
[136.192s][info][gc             ] GC(328) Pause Young (Allocation Failure) 1440M->85M(4092M) 1.189ms
[136.192s][info][gc,cpu         ] GC(328) User=0.00s Sys=0.00s Real=0.00s
[136.694s][info][gc,start       ] GC(329) Pause Young (Allocation Failure)
[136.694s][info][gc,heap        ] GC(329) PSYoungGen: 1391603K->1203K(1393664K)
[136.695s][info][gc,heap        ] GC(329) ParOldGen: 85551K->85567K(2796544K)
[136.695s][info][gc,metaspace   ] GC(329) Metaspace: 20599K(21376K)->20599K(21376K) NonClass: 18191K(18688K)->18191K(18688K) Class: 2407K(2688K)->2407K(2688K)
[136.695s][info][gc             ] GC(329) Pause Young (Allocation Failure) 1442M->84M(4092M) 1.026ms
[136.695s][info][gc,cpu         ] GC(329) User=0.00s Sys=0.00s Real=0.00s
[137.189s][info][gc,start       ] GC(330) Pause Young (Allocation Failure)
[137.189s][info][gc,heap        ] GC(330) PSYoungGen: 1390771K->448K(1394176K)
[137.189s][info][gc,heap        ] GC(330) ParOldGen: 85567K->85591K(2796544K)
[137.189s][info][gc,metaspace   ] GC(330) Metaspace: 20599K(21376K)->20599K(21376K) NonClass: 18191K(18688K)->18191K(18688K) Class: 2407K(2688K)->2407K(2688K)
[137.189s][info][gc             ] GC(330) Pause Young (Allocation Failure) 1441M->84M(4092M) 0.646ms
[137.189s][info][gc,cpu         ] GC(330) User=0.00s Sys=0.00s Real=0.00s
[137.686s][info][gc,start       ] GC(331) Pause Young (Allocation Failure)
[137.686s][info][gc,heap        ] GC(331) PSYoungGen: 1390528K->2245K(1393664K)
[137.687s][info][gc,heap        ] GC(331) ParOldGen: 85591K->85591K(2796544K)
[137.687s][info][gc,metaspace   ] GC(331) Metaspace: 20599K(21376K)->20599K(21376K) NonClass: 18191K(18688K)->18191K(18688K) Class: 2407K(2688K)->2407K(2688K)
[137.687s][info][gc             ] GC(331) Pause Young (Allocation Failure) 1441M->85M(4092M) 0.965ms
[137.687s][info][gc,cpu         ] GC(331) User=0.00s Sys=0.00s Real=0.00s
[138.171s][info][gc,start       ] GC(332) Pause Young (Allocation Failure)
[138.172s][info][gc,heap        ] GC(332) PSYoungGen: 1392325K->1577K(1394176K)
[138.172s][info][gc,heap        ] GC(332) ParOldGen: 85591K->85607K(2796544K)
[138.172s][info][gc,metaspace   ] GC(332) Metaspace: 20599K(21376K)->20599K(21376K) NonClass: 18191K(18688K)->18191K(18688K) Class: 2407K(2688K)->2407K(2688K)
[138.172s][info][gc             ] GC(332) Pause Young (Allocation Failure) 1443M->85M(4092M) 0.831ms
[138.172s][info][gc,cpu         ] GC(332) User=0.00s Sys=0.00s Real=0.00s
[138.676s][info][gc,start       ] GC(333) Pause Young (Allocation Failure)
[138.677s][info][gc,heap        ] GC(333) PSYoungGen: 1391657K->496K(1393664K)
[138.677s][info][gc,heap        ] GC(333) ParOldGen: 85607K->85607K(2796544K)
[138.677s][info][gc,metaspace   ] GC(333) Metaspace: 20599K(21376K)->20599K(21376K) NonClass: 18191K(18688K)->18191K(18688K) Class: 2407K(2688K)->2407K(2688K)
[138.677s][info][gc             ] GC(333) Pause Young (Allocation Failure) 1442M->84M(4092M) 0.680ms
[138.677s][info][gc,cpu         ] GC(333) User=0.00s Sys=0.00s Real=0.00s
[139.171s][info][gc,start       ] GC(334) Pause Young (Allocation Failure)
[139.172s][info][gc,heap        ] GC(334) PSYoungGen: 1390576K->2832K(1393152K)
[139.172s][info][gc,heap        ] GC(334) ParOldGen: 85607K->85631K(2796544K)
[139.172s][info][gc,metaspace   ] GC(334) Metaspace: 20599K(21376K)->20599K(21376K) NonClass: 18191K(18688K)->18191K(18688K) Class: 2407K(2688K)->2407K(2688K)
[139.172s][info][gc             ] GC(334) Pause Young (Allocation Failure) 1441M->86M(4091M) 0.987ms
[139.172s][info][gc,cpu         ] GC(334) User=0.00s Sys=0.00s Real=0.00s
[139.289s][info][gc,start       ] GC(335) Pause Young (System.gc())
[139.290s][info][gc,heap        ] GC(335) PSYoungGen: 327054K->128K(1393664K)
[139.290s][info][gc,heap        ] GC(335) ParOldGen: 85631K->85631K(2796544K)
[139.290s][info][gc,metaspace   ] GC(335) Metaspace: 20600K(21376K)->20600K(21376K) NonClass: 18192K(18688K)->18192K(18688K) Class: 2407K(2688K)->2407K(2688K)
[139.290s][info][gc             ] GC(335) Pause Young (System.gc()) 403M->83M(4092M) 0.631ms
[139.290s][info][gc,cpu         ] GC(335) User=0.00s Sys=0.00s Real=0.00s
[139.290s][info][gc,start       ] GC(336) Pause Full (System.gc())
[139.290s][info][gc,phases,start] GC(336) Marking Phase
[139.347s][info][gc,phases      ] GC(336) Marking Phase 57.370ms
[139.347s][info][gc,phases,start] GC(336) Summary Phase
[139.347s][info][gc,phases      ] GC(336) Summary Phase 0.014ms
[139.347s][info][gc,phases,start] GC(336) Adjust Roots
[139.349s][info][gc,phases      ] GC(336) Adjust Roots 1.577ms
[139.349s][info][gc,phases,start] GC(336) Compaction Phase
[139.366s][info][gc,phases      ] GC(336) Compaction Phase 16.910ms
[139.366s][info][gc,phases,start] GC(336) Post Compact
[139.367s][info][gc,phases      ] GC(336) Post Compact 0.927ms
[139.367s][info][gc,heap        ] GC(336) PSYoungGen: 128K->0K(1393664K)
[139.367s][info][gc,heap        ] GC(336) ParOldGen: 85631K->85551K(2796544K)
[139.367s][info][gc,metaspace   ] GC(336) Metaspace: 20600K(21376K)->20600K(21376K) NonClass: 18192K(18688K)->18192K(18688K) Class: 2407K(2688K)->2407K(2688K)
[139.367s][info][gc             ] GC(336) Pause Full (System.gc()) 83M->83M(4092M) 77.114ms
[139.367s][info][gc,cpu         ] GC(336) User=0.30s Sys=0.00s Real=0.08s
[139.859s][info][gc,start       ] GC(337) Pause Young (Allocation Failure)
[139.860s][info][gc,heap        ] GC(337) PSYoungGen: 1389568K->2156K(1393664K)
[139.860s][info][gc,heap        ] GC(337) ParOldGen: 85551K->85551K(2796544K)
[139.860s][info][gc,metaspace   ] GC(337) Metaspace: 20600K(21376K)->20600K(21376K) NonClass: 18192K(18688K)->18192K(18688K) Class: 2407K(2688K)->2407K(2688K)
[139.860s][info][gc             ] GC(337) Pause Young (Allocation Failure) 1440M->85M(4092M) 1.034ms
[139.860s][info][gc,cpu         ] GC(337) User=0.00s Sys=0.00s Real=0.00s
[140.357s][info][gc,start       ] GC(338) Pause Young (Allocation Failure)
[140.358s][info][gc,heap        ] GC(338) PSYoungGen: 1391724K->1459K(1393664K)
[140.358s][info][gc,heap        ] GC(338) ParOldGen: 85551K->85559K(2796544K)
[140.358s][info][gc,metaspace   ] GC(338) Metaspace: 20600K(21376K)->20600K(21376K) NonClass: 18192K(18688K)->18192K(18688K) Class: 2407K(2688K)->2407K(2688K)
[140.358s][info][gc             ] GC(338) Pause Young (Allocation Failure) 1442M->84M(4092M) 1.287ms
[140.358s][info][gc,cpu         ] GC(338) User=0.00s Sys=0.00s Real=0.00s
[140.853s][info][gc,start       ] GC(339) Pause Young (Allocation Failure)
[140.853s][info][gc,heap        ] GC(339) PSYoungGen: 1391027K->160K(1393664K)
[140.853s][info][gc,heap        ] GC(339) ParOldGen: 85559K->85591K(2796544K)
[140.853s][info][gc,metaspace   ] GC(339) Metaspace: 20600K(21376K)->20600K(21376K) NonClass: 18192K(18688K)->18192K(18688K) Class: 2407K(2688K)->2407K(2688K)
[140.853s][info][gc             ] GC(339) Pause Young (Allocation Failure) 1441M->83M(4092M) 0.545ms
[140.853s][info][gc,cpu         ] GC(339) User=0.00s Sys=0.00s Real=0.00s
[141.353s][info][gc,start       ] GC(340) Pause Young (Allocation Failure)
[141.354s][info][gc,heap        ] GC(340) PSYoungGen: 1389728K->2146K(1393664K)
[141.354s][info][gc,heap        ] GC(340) ParOldGen: 85591K->85591K(2796544K)
[141.354s][info][gc,metaspace   ] GC(340) Metaspace: 20600K(21376K)->20600K(21376K) NonClass: 18192K(18688K)->18192K(18688K) Class: 2407K(2688K)->2407K(2688K)
[141.354s][info][gc             ] GC(340) Pause Young (Allocation Failure) 1440M->85M(4092M) 0.953ms
[141.354s][info][gc,cpu         ] GC(340) User=0.00s Sys=0.00s Real=0.00s
[141.884s][info][gc,start       ] GC(341) Pause Young (Allocation Failure)
[141.885s][info][gc,heap        ] GC(341) PSYoungGen: 1391714K->1066K(1394176K)
[141.885s][info][gc,heap        ] GC(341) ParOldGen: 85591K->85607K(2796544K)
[141.885s][info][gc,metaspace   ] GC(341) Metaspace: 20600K(21376K)->20600K(21376K) NonClass: 18192K(18688K)->18192K(18688K) Class: 2407K(2688K)->2407K(2688K)
[141.885s][info][gc             ] GC(341) Pause Young (Allocation Failure) 1442M->84M(4092M) 0.805ms
[141.885s][info][gc,cpu         ] GC(341) User=0.00s Sys=0.00s Real=0.00s
[142.383s][info][gc,start       ] GC(342) Pause Young (Allocation Failure)
[142.384s][info][gc,heap        ] GC(342) PSYoungGen: 1391146K->448K(1393664K)
[142.384s][info][gc,heap        ] GC(342) ParOldGen: 85607K->85607K(2796544K)
[142.384s][info][gc,metaspace   ] GC(342) Metaspace: 20600K(21376K)->20600K(21376K) NonClass: 18192K(18688K)->18192K(18688K) Class: 2407K(2688K)->2407K(2688K)
[142.384s][info][gc             ] GC(342) Pause Young (Allocation Failure) 1442M->84M(4092M) 0.611ms
[142.384s][info][gc,cpu         ] GC(342) User=0.00s Sys=0.00s Real=0.00s
[142.866s][info][gc,start       ] GC(343) Pause Young (Allocation Failure)
[142.867s][info][gc,heap        ] GC(343) PSYoungGen: 1390528K->2380K(1393152K)
[142.867s][info][gc,heap        ] GC(343) ParOldGen: 85607K->85615K(2796544K)
[142.867s][info][gc,metaspace   ] GC(343) Metaspace: 20600K(21376K)->20600K(21376K) NonClass: 18192K(18688K)->18192K(18688K) Class: 2407K(2688K)->2407K(2688K)
[142.867s][info][gc             ] GC(343) Pause Young (Allocation Failure) 1441M->85M(4091M) 0.937ms
[142.867s][info][gc,cpu         ] GC(343) User=0.00s Sys=0.00s Real=0.00s
[142.980s][info][gc,start       ] GC(344) Pause Young (System.gc())
[142.980s][info][gc,heap        ] GC(344) PSYoungGen: 330675K->64K(1393664K)
[142.980s][info][gc,heap        ] GC(344) ParOldGen: 85615K->85615K(2796544K)
[142.980s][info][gc,metaspace   ] GC(344) Metaspace: 20600K(21376K)->20600K(21376K) NonClass: 18192K(18688K)->18192K(18688K) Class: 2407K(2688K)->2407K(2688K)
[142.980s][info][gc             ] GC(344) Pause Young (System.gc()) 406M->83M(4092M) 0.528ms
[142.980s][info][gc,cpu         ] GC(344) User=0.00s Sys=0.00s Real=0.00s
[142.980s][info][gc,start       ] GC(345) Pause Full (System.gc())
[142.980s][info][gc,phases,start] GC(345) Marking Phase
[143.042s][info][gc,phases      ] GC(345) Marking Phase 61.779ms
[143.042s][info][gc,phases,start] GC(345) Summary Phase
[143.042s][info][gc,phases      ] GC(345) Summary Phase 0.013ms
[143.042s][info][gc,phases,start] GC(345) Adjust Roots
[143.044s][info][gc,phases      ] GC(345) Adjust Roots 1.485ms
[143.044s][info][gc,phases,start] GC(345) Compaction Phase
[143.060s][info][gc,phases      ] GC(345) Compaction Phase 16.387ms
[143.060s][info][gc,phases,start] GC(345) Post Compact
[143.061s][info][gc,phases      ] GC(345) Post Compact 1.048ms
[143.061s][info][gc,heap        ] GC(345) PSYoungGen: 64K->0K(1393664K)
[143.061s][info][gc,heap        ] GC(345) ParOldGen: 85615K->85551K(2796544K)
[143.061s][info][gc,metaspace   ] GC(345) Metaspace: 20600K(21376K)->20600K(21376K) NonClass: 18192K(18688K)->18192K(18688K) Class: 2407K(2688K)->2407K(2688K)
[143.061s][info][gc             ] GC(345) Pause Full (System.gc()) 83M->83M(4092M) 81.070ms
[143.061s][info][gc,cpu         ] GC(345) User=0.28s Sys=0.00s Real=0.08s
[143.552s][info][gc,start       ] GC(346) Pause Young (Allocation Failure)
[143.553s][info][gc,heap        ] GC(346) PSYoungGen: 1389568K->2269K(1393664K)
[143.553s][info][gc,heap        ] GC(346) ParOldGen: 85551K->85551K(2796544K)
[143.553s][info][gc,metaspace   ] GC(346) Metaspace: 20602K(21376K)->20602K(21376K) NonClass: 18194K(18688K)->18194K(18688K) Class: 2407K(2688K)->2407K(2688K)
[143.553s][info][gc             ] GC(346) Pause Young (Allocation Failure) 1440M->85M(4092M) 0.939ms
[143.553s][info][gc,cpu         ] GC(346) User=0.00s Sys=0.00s Real=0.00s
[144.046s][info][gc,start       ] GC(347) Pause Young (Allocation Failure)
[144.046s][info][gc,heap        ] GC(347) PSYoungGen: 1391837K->1322K(1393664K)
[144.046s][info][gc,heap        ] GC(347) ParOldGen: 85551K->85567K(2796544K)
[144.046s][info][gc,metaspace   ] GC(347) Metaspace: 20602K(21376K)->20602K(21376K) NonClass: 18194K(18688K)->18194K(18688K) Class: 2407K(2688K)->2407K(2688K)
[144.046s][info][gc             ] GC(347) Pause Young (Allocation Failure) 1442M->84M(4092M) 0.799ms
[144.046s][info][gc,cpu         ] GC(347) User=0.00s Sys=0.00s Real=0.00s
[144.545s][info][gc,start       ] GC(348) Pause Young (Allocation Failure)
[144.545s][info][gc,heap        ] GC(348) PSYoungGen: 1390890K->160K(1394176K)
[144.545s][info][gc,heap        ] GC(348) ParOldGen: 85567K->85599K(2796544K)
[144.545s][info][gc,metaspace   ] GC(348) Metaspace: 20602K(21376K)->20602K(21376K) NonClass: 18194K(18688K)->18194K(18688K) Class: 2407K(2688K)->2407K(2688K)
[144.545s][info][gc             ] GC(348) Pause Young (Allocation Failure) 1441M->83M(4092M) 0.587ms
[144.545s][info][gc,cpu         ] GC(348) User=0.00s Sys=0.00s Real=0.00s
[145.033s][info][gc,start       ] GC(349) Pause Young (Allocation Failure)
[145.034s][info][gc,heap        ] GC(349) PSYoungGen: 1390752K->2429K(1393152K)
[145.035s][info][gc,heap        ] GC(349) ParOldGen: 85599K->85599K(2796544K)
[145.035s][info][gc,metaspace   ] GC(349) Metaspace: 20602K(21376K)->20602K(21376K) NonClass: 18194K(18688K)->18194K(18688K) Class: 2407K(2688K)->2407K(2688K)
[145.035s][info][gc             ] GC(349) Pause Young (Allocation Failure) 1441M->85M(4091M) 1.071ms
[145.035s][info][gc,cpu         ] GC(349) User=0.00s Sys=0.00s Real=0.00s
[145.539s][info][gc,start       ] GC(350) Pause Young (Allocation Failure)
[145.540s][info][gc,heap        ] GC(350) PSYoungGen: 1393021K->1915K(1393664K)
[145.540s][info][gc,heap        ] GC(350) ParOldGen: 85599K->85623K(2796544K)
[145.540s][info][gc,metaspace   ] GC(350) Metaspace: 20602K(21376K)->20602K(21376K) NonClass: 18194K(18688K)->18194K(18688K) Class: 2407K(2688K)->2407K(2688K)
[145.540s][info][gc             ] GC(350) Pause Young (Allocation Failure) 1443M->85M(4092M) 0.943ms
[145.540s][info][gc,cpu         ] GC(350) User=0.00s Sys=0.00s Real=0.00s
[146.029s][info][gc,start       ] GC(351) Pause Young (Allocation Failure)
[146.029s][info][gc,heap        ] GC(351) PSYoungGen: 1391483K->521K(1393664K)
[146.029s][info][gc,heap        ] GC(351) ParOldGen: 85623K->85623K(2796544K)
[146.029s][info][gc,metaspace   ] GC(351) Metaspace: 20602K(21376K)->20602K(21376K) NonClass: 18194K(18688K)->18194K(18688K) Class: 2407K(2688K)->2407K(2688K)
[146.030s][info][gc             ] GC(351) Pause Young (Allocation Failure) 1442M->84M(4092M) 0.813ms
[146.030s][info][gc,cpu         ] GC(351) User=0.00s Sys=0.00s Real=0.00s
[146.524s][info][gc,start       ] GC(352) Pause Young (Allocation Failure)
[146.525s][info][gc,heap        ] GC(352) PSYoungGen: 1390089K->2275K(1393664K)
[146.525s][info][gc,heap        ] GC(352) ParOldGen: 85623K->85639K(2796544K)
[146.525s][info][gc,metaspace   ] GC(352) Metaspace: 20602K(21376K)->20602K(21376K) NonClass: 18194K(18688K)->18194K(18688K) Class: 2407K(2688K)->2407K(2688K)
[146.525s][info][gc             ] GC(352) Pause Young (Allocation Failure) 1441M->85M(4092M) 1.009ms
[146.525s][info][gc,cpu         ] GC(352) User=0.00s Sys=0.00s Real=0.00s
[146.643s][info][gc,start       ] GC(353) Pause Young (System.gc())
[146.644s][info][gc,heap        ] GC(353) PSYoungGen: 325418K->96K(1393664K)
[146.644s][info][gc,heap        ] GC(353) ParOldGen: 85639K->85639K(2796544K)
[146.644s][info][gc,metaspace   ] GC(353) Metaspace: 20602K(21376K)->20602K(21376K) NonClass: 18194K(18688K)->18194K(18688K) Class: 2407K(2688K)->2407K(2688K)
[146.644s][info][gc             ] GC(353) Pause Young (System.gc()) 401M->83M(4092M) 0.575ms
[146.644s][info][gc,cpu         ] GC(353) User=0.00s Sys=0.00s Real=0.00s
[146.644s][info][gc,start       ] GC(354) Pause Full (System.gc())
[146.644s][info][gc,phases,start] GC(354) Marking Phase
[146.721s][info][gc,phases      ] GC(354) Marking Phase 76.931ms
[146.721s][info][gc,phases,start] GC(354) Summary Phase
[146.721s][info][gc,phases      ] GC(354) Summary Phase 0.013ms
[146.721s][info][gc,phases,start] GC(354) Adjust Roots
[146.722s][info][gc,phases      ] GC(354) Adjust Roots 1.480ms
[146.722s][info][gc,phases,start] GC(354) Compaction Phase
[146.739s][info][gc,phases      ] GC(354) Compaction Phase 17.046ms
[146.739s][info][gc,phases,start] GC(354) Post Compact
[146.740s][info][gc,phases      ] GC(354) Post Compact 0.959ms
[146.740s][info][gc,heap        ] GC(354) PSYoungGen: 96K->0K(1393664K)
[146.740s][info][gc,heap        ] GC(354) ParOldGen: 85639K->85551K(2796544K)
[146.740s][info][gc,metaspace   ] GC(354) Metaspace: 20602K(21376K)->20602K(21376K) NonClass: 18194K(18688K)->18194K(18688K) Class: 2407K(2688K)->2407K(2688K)
[146.741s][info][gc             ] GC(354) Pause Full (System.gc()) 83M->83M(4092M) 96.734ms
[146.741s][info][gc,cpu         ] GC(354) User=0.38s Sys=0.00s Real=0.10s
[147.234s][info][gc,start       ] GC(355) Pause Young (Allocation Failure)
[147.235s][info][gc,heap        ] GC(355) PSYoungGen: 1389568K->2171K(1393664K)
[147.235s][info][gc,heap        ] GC(355) ParOldGen: 85551K->85551K(2796544K)
[147.235s][info][gc,metaspace   ] GC(355) Metaspace: 20604K(21376K)->20604K(21376K) NonClass: 18197K(18688K)->18197K(18688K) Class: 2407K(2688K)->2407K(2688K)
[147.235s][info][gc             ] GC(355) Pause Young (Allocation Failure) 1440M->85M(4092M) 1.269ms
[147.235s][info][gc,cpu         ] GC(355) User=0.00s Sys=0.00s Real=0.00s
[147.729s][info][gc,start       ] GC(356) Pause Young (Allocation Failure)
[147.730s][info][gc,heap        ] GC(356) PSYoungGen: 1391739K->883K(1393664K)
[147.730s][info][gc,heap        ] GC(356) ParOldGen: 85551K->85567K(2796544K)
[147.730s][info][gc,metaspace   ] GC(356) Metaspace: 20604K(21376K)->20604K(21376K) NonClass: 18197K(18688K)->18197K(18688K) Class: 2407K(2688K)->2407K(2688K)
[147.730s][info][gc             ] GC(356) Pause Young (Allocation Failure) 1442M->84M(4092M) 0.630ms
[147.730s][info][gc,cpu         ] GC(356) User=0.00s Sys=0.00s Real=0.00s
[148.212s][info][gc,start       ] GC(357) Pause Young (Allocation Failure)
[148.213s][info][gc,heap        ] GC(357) PSYoungGen: 1390451K->3672K(1392640K)
[148.213s][info][gc,heap        ] GC(357) ParOldGen: 85567K->85583K(2796544K)
[148.213s][info][gc,metaspace   ] GC(357) Metaspace: 20604K(21376K)->20604K(21376K) NonClass: 18197K(18688K)->18197K(18688K) Class: 2407K(2688K)->2407K(2688K)
[148.213s][info][gc             ] GC(357) Pause Young (Allocation Failure) 1441M->87M(4091M) 1.493ms
[148.213s][info][gc,cpu         ] GC(357) User=0.00s Sys=0.00s Real=0.00s
[148.719s][info][gc,start       ] GC(358) Pause Young (Allocation Failure)
[148.720s][info][gc,heap        ] GC(358) PSYoungGen: 1392216K->1757K(1393152K)
[148.720s][info][gc,heap        ] GC(358) ParOldGen: 85583K->85583K(2796544K)
[148.720s][info][gc,metaspace   ] GC(358) Metaspace: 20604K(21376K)->20604K(21376K) NonClass: 18197K(18688K)->18197K(18688K) Class: 2407K(2688K)->2407K(2688K)
[148.720s][info][gc             ] GC(358) Pause Young (Allocation Failure) 1443M->85M(4091M) 1.202ms
[148.720s][info][gc,cpu         ] GC(358) User=0.00s Sys=0.00s Real=0.00s
[149.210s][info][gc,start       ] GC(359) Pause Young (Allocation Failure)
[149.221s][info][gc,heap        ] GC(359) PSYoungGen: 1390301K->1084K(1393664K)
[149.221s][info][gc,heap        ] GC(359) ParOldGen: 85583K->85599K(2796544K)
[149.221s][info][gc,metaspace   ] GC(359) Metaspace: 20604K(21376K)->20604K(21376K) NonClass: 18197K(18688K)->18197K(18688K) Class: 2407K(2688K)->2407K(2688K)
[149.221s][info][gc             ] GC(359) Pause Young (Allocation Failure) 1441M->84M(4092M) 10.848ms
[149.221s][info][gc,cpu         ] GC(359) User=0.00s Sys=0.00s Real=0.01s
[149.715s][info][gc,start       ] GC(360) Pause Young (Allocation Failure)
[149.716s][info][gc,heap        ] GC(360) PSYoungGen: 1390140K->192K(1393152K)
[149.716s][info][gc,heap        ] GC(360) ParOldGen: 85599K->85599K(2796544K)
[149.716s][info][gc,metaspace   ] GC(360) Metaspace: 20604K(21376K)->20604K(21376K) NonClass: 18197K(18688K)->18197K(18688K) Class: 2407K(2688K)->2407K(2688K)
[149.716s][info][gc             ] GC(360) Pause Young (Allocation Failure) 1441M->83M(4091M) 0.597ms
[149.716s][info][gc,cpu         ] GC(360) User=0.00s Sys=0.00s Real=0.00s
[150.210s][info][gc,start       ] GC(361) Pause Young (Allocation Failure)
[150.211s][info][gc,heap        ] GC(361) PSYoungGen: 1389248K->2014K(1393664K)
[150.211s][info][gc,heap        ] GC(361) ParOldGen: 85599K->85623K(2796544K)
[150.211s][info][gc,metaspace   ] GC(361) Metaspace: 20604K(21376K)->20604K(21376K) NonClass: 18197K(18688K)->18197K(18688K) Class: 2407K(2688K)->2407K(2688K)
[150.211s][info][gc             ] GC(361) Pause Young (Allocation Failure) 1440M->85M(4092M) 0.810ms
[150.211s][info][gc,cpu         ] GC(361) User=0.00s Sys=0.00s Real=0.00s
[150.337s][info][gc,start       ] GC(362) Pause Young (System.gc())
[150.338s][info][gc,heap        ] GC(362) PSYoungGen: 331060K->96K(1393664K)
[150.338s][info][gc,heap        ] GC(362) ParOldGen: 85623K->85623K(2796544K)
[150.338s][info][gc,metaspace   ] GC(362) Metaspace: 20604K(21376K)->20604K(21376K) NonClass: 18197K(18688K)->18197K(18688K) Class: 2407K(2688K)->2407K(2688K)
[150.338s][info][gc             ] GC(362) Pause Young (System.gc()) 406M->83M(4092M) 0.462ms
[150.338s][info][gc,cpu         ] GC(362) User=0.00s Sys=0.00s Real=0.00s
[150.338s][info][gc,start       ] GC(363) Pause Full (System.gc())
[150.338s][info][gc,phases,start] GC(363) Marking Phase
[150.405s][info][gc,phases      ] GC(363) Marking Phase 66.866ms
[150.405s][info][gc,phases,start] GC(363) Summary Phase
[150.405s][info][gc,phases      ] GC(363) Summary Phase 0.012ms
[150.405s][info][gc,phases,start] GC(363) Adjust Roots
[150.406s][info][gc,phases      ] GC(363) Adjust Roots 1.440ms
[150.406s][info][gc,phases,start] GC(363) Compaction Phase
[150.423s][info][gc,phases      ] GC(363) Compaction Phase 16.938ms
[150.423s][info][gc,phases,start] GC(363) Post Compact
[150.424s][info][gc,phases      ] GC(363) Post Compact 0.957ms
[150.424s][info][gc,heap        ] GC(363) PSYoungGen: 96K->0K(1393664K)
[150.424s][info][gc,heap        ] GC(363) ParOldGen: 85623K->85551K(2796544K)
[150.424s][info][gc,metaspace   ] GC(363) Metaspace: 20604K(21376K)->20604K(21376K) NonClass: 18197K(18688K)->18197K(18688K) Class: 2407K(2688K)->2407K(2688K)
[150.424s][info][gc             ] GC(363) Pause Full (System.gc()) 83M->83M(4092M) 86.522ms
[150.424s][info][gc,cpu         ] GC(363) User=0.23s Sys=0.00s Real=0.09s
[150.927s][info][gc,start       ] GC(364) Pause Young (Allocation Failure)
[150.927s][info][gc,heap        ] GC(364) PSYoungGen: 1389568K->2163K(1393664K)
[150.927s][info][gc,heap        ] GC(364) ParOldGen: 85551K->85551K(2796544K)
[150.927s][info][gc,metaspace   ] GC(364) Metaspace: 20604K(21376K)->20604K(21376K) NonClass: 18197K(18688K)->18197K(18688K) Class: 2407K(2688K)->2407K(2688K)
[150.927s][info][gc             ] GC(364) Pause Young (Allocation Failure) 1440M->85M(4092M) 0.974ms
[150.928s][info][gc,cpu         ] GC(364) User=0.02s Sys=0.00s Real=0.00s
[151.424s][info][gc,start       ] GC(365) Pause Young (Allocation Failure)
[151.425s][info][gc,heap        ] GC(365) PSYoungGen: 1391731K->1286K(1393664K)
[151.425s][info][gc,heap        ] GC(365) ParOldGen: 85551K->85567K(2796544K)
[151.425s][info][gc,metaspace   ] GC(365) Metaspace: 20604K(21376K)->20604K(21376K) NonClass: 18197K(18688K)->18197K(18688K) Class: 2407K(2688K)->2407K(2688K)
[151.425s][info][gc             ] GC(365) Pause Young (Allocation Failure) 1442M->84M(4092M) 1.002ms
[151.425s][info][gc,cpu         ] GC(365) User=0.00s Sys=0.00s Real=0.00s
[151.914s][info][gc,start       ] GC(366) Pause Young (Allocation Failure)
[151.915s][info][gc,heap        ] GC(366) PSYoungGen: 1390854K->96K(1393664K)
[151.915s][info][gc,heap        ] GC(366) ParOldGen: 85567K->85583K(2796544K)
[151.915s][info][gc,metaspace   ] GC(366) Metaspace: 20604K(21376K)->20604K(21376K) NonClass: 18197K(18688K)->18197K(18688K) Class: 2407K(2688K)->2407K(2688K)
[151.915s][info][gc             ] GC(366) Pause Young (Allocation Failure) 1441M->83M(4092M) 0.892ms
[151.915s][info][gc,cpu         ] GC(366) User=0.00s Sys=0.00s Real=0.00s
[152.409s][info][gc,start       ] GC(367) Pause Young (Allocation Failure)
[152.409s][info][gc,heap        ] GC(367) PSYoungGen: 1389664K->2205K(1393664K)
[152.409s][info][gc,heap        ] GC(367) ParOldGen: 85583K->85583K(2796544K)
[152.409s][info][gc,metaspace   ] GC(367) Metaspace: 20604K(21376K)->20604K(21376K) NonClass: 18197K(18688K)->18197K(18688K) Class: 2407K(2688K)->2407K(2688K)
[152.409s][info][gc             ] GC(367) Pause Young (Allocation Failure) 1440M->85M(4092M) 0.756ms
[152.409s][info][gc,cpu         ] GC(367) User=0.00s Sys=0.00s Real=0.00s
[152.902s][info][gc,start       ] GC(368) Pause Young (Allocation Failure)
[152.903s][info][gc,heap        ] GC(368) PSYoungGen: 1391773K->1086K(1393664K)
[152.903s][info][gc,heap        ] GC(368) ParOldGen: 85583K->85599K(2796544K)
[152.903s][info][gc,metaspace   ] GC(368) Metaspace: 20604K(21376K)->20604K(21376K) NonClass: 18197K(18688K)->18197K(18688K) Class: 2407K(2688K)->2407K(2688K)
[152.903s][info][gc             ] GC(368) Pause Young (Allocation Failure) 1442M->84M(4092M) 1.019ms
[152.903s][info][gc,cpu         ] GC(368) User=0.00s Sys=0.00s Real=0.00s
[153.444s][info][gc,start       ] GC(369) Pause Young (Allocation Failure)
[153.445s][info][gc,heap        ] GC(369) PSYoungGen: 1390654K->2707K(1393664K)
[153.445s][info][gc,heap        ] GC(369) ParOldGen: 85599K->85599K(2796544K)
[153.445s][info][gc,metaspace   ] GC(369) Metaspace: 20604K(21376K)->20604K(21376K) NonClass: 18197K(18688K)->18197K(18688K) Class: 2407K(2688K)->2407K(2688K)
[153.445s][info][gc             ] GC(369) Pause Young (Allocation Failure) 1441M->86M(4092M) 1.271ms
[153.445s][info][gc,cpu         ] GC(369) User=0.00s Sys=0.00s Real=0.00s
[153.949s][info][gc,start       ] GC(370) Pause Young (Allocation Failure)
[153.949s][info][gc,heap        ] GC(370) PSYoungGen: 1392275K->1846K(1393664K)
[153.949s][info][gc,heap        ] GC(370) ParOldGen: 85599K->85615K(2796544K)
[153.949s][info][gc,metaspace   ] GC(370) Metaspace: 20604K(21376K)->20604K(21376K) NonClass: 18197K(18688K)->18197K(18688K) Class: 2407K(2688K)->2407K(2688K)
[153.949s][info][gc             ] GC(370) Pause Young (Allocation Failure) 1443M->85M(4092M) 0.869ms
[153.949s][info][gc,cpu         ] GC(370) User=0.00s Sys=0.00s Real=0.00s
[154.070s][info][gc,start       ] GC(371) Pause Young (System.gc())
[154.070s][info][gc,heap        ] GC(371) PSYoungGen: 337540K->64K(1393664K)
[154.070s][info][gc,heap        ] GC(371) ParOldGen: 85615K->85615K(2796544K)
[154.070s][info][gc,metaspace   ] GC(371) Metaspace: 20604K(21376K)->20604K(21376K) NonClass: 18197K(18688K)->18197K(18688K) Class: 2407K(2688K)->2407K(2688K)
[154.070s][info][gc             ] GC(371) Pause Young (System.gc()) 413M->83M(4092M) 0.451ms
[154.070s][info][gc,cpu         ] GC(371) User=0.00s Sys=0.00s Real=0.00s
[154.070s][info][gc,start       ] GC(372) Pause Full (System.gc())
[154.070s][info][gc,phases,start] GC(372) Marking Phase
[154.137s][info][gc,phases      ] GC(372) Marking Phase 67.113ms
[154.137s][info][gc,phases,start] GC(372) Summary Phase
[154.137s][info][gc,phases      ] GC(372) Summary Phase 0.013ms
[154.137s][info][gc,phases,start] GC(372) Adjust Roots
[154.139s][info][gc,phases      ] GC(372) Adjust Roots 1.390ms
[154.139s][info][gc,phases,start] GC(372) Compaction Phase
[154.157s][info][gc,phases      ] GC(372) Compaction Phase 18.271ms
[154.157s][info][gc,phases,start] GC(372) Post Compact
[154.158s][info][gc,phases      ] GC(372) Post Compact 0.887ms
[154.158s][info][gc,heap        ] GC(372) PSYoungGen: 64K->0K(1393664K)
[154.158s][info][gc,heap        ] GC(372) ParOldGen: 85615K->85551K(2796544K)
[154.158s][info][gc,metaspace   ] GC(372) Metaspace: 20604K(21376K)->20604K(21376K) NonClass: 18197K(18688K)->18197K(18688K) Class: 2407K(2688K)->2407K(2688K)
[154.158s][info][gc             ] GC(372) Pause Full (System.gc()) 83M->83M(4092M) 87.972ms
[154.158s][info][gc,cpu         ] GC(372) User=0.30s Sys=0.00s Real=0.09s
[154.656s][info][gc,start       ] GC(373) Pause Young (Allocation Failure)
[154.668s][info][gc,heap        ] GC(373) PSYoungGen: 1389568K->2077K(1393664K)
[154.668s][info][gc,heap        ] GC(373) ParOldGen: 85551K->85551K(2796544K)
[154.668s][info][gc,metaspace   ] GC(373) Metaspace: 20609K(21376K)->20609K(21376K) NonClass: 18201K(18688K)->18201K(18688K) Class: 2407K(2688K)->2407K(2688K)
[154.668s][info][gc             ] GC(373) Pause Young (Allocation Failure) 1440M->85M(4092M) 11.643ms
[154.668s][info][gc,cpu         ] GC(373) User=0.00s Sys=0.00s Real=0.01s
[155.170s][info][gc,start       ] GC(374) Pause Young (Allocation Failure)
[155.171s][info][gc,heap        ] GC(374) PSYoungGen: 1391645K->851K(1393664K)
[155.171s][info][gc,heap        ] GC(374) ParOldGen: 85551K->85559K(2796544K)
[155.171s][info][gc,metaspace   ] GC(374) Metaspace: 20609K(21376K)->20609K(21376K) NonClass: 18201K(18688K)->18201K(18688K) Class: 2407K(2688K)->2407K(2688K)
[155.171s][info][gc             ] GC(374) Pause Young (Allocation Failure) 1442M->84M(4092M) 0.638ms
[155.171s][info][gc,cpu         ] GC(374) User=0.00s Sys=0.00s Real=0.00s
[155.665s][info][gc,start       ] GC(375) Pause Young (Allocation Failure)
[155.667s][info][gc,heap        ] GC(375) PSYoungGen: 1390399K->2632K(1393664K)
[155.667s][info][gc,heap        ] GC(375) ParOldGen: 85559K->85583K(2796544K)
[155.667s][info][gc,metaspace   ] GC(375) Metaspace: 20609K(21376K)->20609K(21376K) NonClass: 18201K(18688K)->18201K(18688K) Class: 2407K(2688K)->2407K(2688K)
[155.667s][info][gc             ] GC(375) Pause Young (Allocation Failure) 1441M->86M(4092M) 1.519ms
[155.667s][info][gc,cpu         ] GC(375) User=0.00s Sys=0.00s Real=0.00s
[156.184s][info][gc,start       ] GC(376) Pause Young (Allocation Failure)
[156.185s][info][gc,heap        ] GC(376) PSYoungGen: 1392200K->1958K(1393664K)
[156.185s][info][gc,heap        ] GC(376) ParOldGen: 85583K->85583K(2796544K)
[156.185s][info][gc,metaspace   ] GC(376) Metaspace: 20609K(21376K)->20609K(21376K) NonClass: 18201K(18688K)->18201K(18688K) Class: 2407K(2688K)->2407K(2688K)
[156.185s][info][gc             ] GC(376) Pause Young (Allocation Failure) 1443M->85M(4092M) 0.973ms
[156.185s][info][gc,cpu         ] GC(376) User=0.00s Sys=0.00s Real=0.00s
[156.708s][info][gc,start       ] GC(377) Pause Young (Allocation Failure)
[156.709s][info][gc,heap        ] GC(377) PSYoungGen: 1391526K->1188K(1393664K)
[156.709s][info][gc,heap        ] GC(377) ParOldGen: 85583K->85607K(2796544K)
[156.709s][info][gc,metaspace   ] GC(377) Metaspace: 20609K(21376K)->20609K(21376K) NonClass: 18201K(18688K)->18201K(18688K) Class: 2407K(2688K)->2407K(2688K)
[156.709s][info][gc             ] GC(377) Pause Young (Allocation Failure) 1442M->84M(4092M) 0.816ms
[156.709s][info][gc,cpu         ] GC(377) User=0.00s Sys=0.00s Real=0.00s
[157.221s][info][gc,start       ] GC(378) Pause Young (Allocation Failure)
[157.222s][info][gc,heap        ] GC(378) PSYoungGen: 1390583K->2635K(1393664K)
[157.223s][info][gc,heap        ] GC(378) ParOldGen: 85607K->85607K(2796544K)
[157.223s][info][gc,metaspace   ] GC(378) Metaspace: 20609K(21376K)->20609K(21376K) NonClass: 18201K(18688K)->18201K(18688K) Class: 2407K(2688K)->2407K(2688K)
[157.223s][info][gc             ] GC(378) Pause Young (Allocation Failure) 1441M->86M(4092M) 1.269ms
[157.223s][info][gc,cpu         ] GC(378) User=0.00s Sys=0.00s Real=0.00s
[157.740s][info][gc,start       ] GC(379) Pause Young (Allocation Failure)
[157.741s][info][gc,heap        ] GC(379) PSYoungGen: 1392203K->1689K(1393664K)
[157.741s][info][gc,heap        ] GC(379) ParOldGen: 85607K->85631K(2796544K)
[157.741s][info][gc,metaspace   ] GC(379) Metaspace: 20609K(21376K)->20609K(21376K) NonClass: 18201K(18688K)->18201K(18688K) Class: 2407K(2688K)->2407K(2688K)
[157.741s][info][gc             ] GC(379) Pause Young (Allocation Failure) 1443M->85M(4092M) 0.870ms
[157.741s][info][gc,cpu         ] GC(379) User=0.00s Sys=0.00s Real=0.00s
[157.855s][info][gc,start       ] GC(380) Pause Young (System.gc())
[157.856s][info][gc,heap        ] GC(380) PSYoungGen: 332333K->64K(1393664K)
[157.856s][info][gc,heap        ] GC(380) ParOldGen: 85631K->85631K(2796544K)
[157.856s][info][gc,metaspace   ] GC(380) Metaspace: 20609K(21376K)->20609K(21376K) NonClass: 18201K(18688K)->18201K(18688K) Class: 2407K(2688K)->2407K(2688K)
[157.856s][info][gc             ] GC(380) Pause Young (System.gc()) 408M->83M(4092M) 0.501ms
[157.856s][info][gc,cpu         ] GC(380) User=0.00s Sys=0.00s Real=0.00s
[157.856s][info][gc,start       ] GC(381) Pause Full (System.gc())
[157.856s][info][gc,phases,start] GC(381) Marking Phase
[157.922s][info][gc,phases      ] GC(381) Marking Phase 65.945ms
[157.922s][info][gc,phases,start] GC(381) Summary Phase
[157.922s][info][gc,phases      ] GC(381) Summary Phase 0.013ms
[157.922s][info][gc,phases,start] GC(381) Adjust Roots
[157.923s][info][gc,phases      ] GC(381) Adjust Roots 1.326ms
[157.923s][info][gc,phases,start] GC(381) Compaction Phase
[157.942s][info][gc,phases      ] GC(381) Compaction Phase 18.166ms
[157.942s][info][gc,phases,start] GC(381) Post Compact
[157.943s][info][gc,phases      ] GC(381) Post Compact 1.326ms
[157.943s][info][gc,heap        ] GC(381) PSYoungGen: 64K->0K(1393664K)
[157.943s][info][gc,heap        ] GC(381) ParOldGen: 85631K->85551K(2796544K)
[157.943s][info][gc,metaspace   ] GC(381) Metaspace: 20609K(21376K)->20609K(21376K) NonClass: 18201K(18688K)->18201K(18688K) Class: 2407K(2688K)->2407K(2688K)
[157.943s][info][gc             ] GC(381) Pause Full (System.gc()) 83M->83M(4092M) 87.130ms
[157.943s][info][gc,cpu         ] GC(381) User=0.30s Sys=0.00s Real=0.09s
[158.442s][info][gc,start       ] GC(382) Pause Young (Allocation Failure)
[158.444s][info][gc,heap        ] GC(382) PSYoungGen: 1389568K->2833K(1393664K)
[158.444s][info][gc,heap        ] GC(382) ParOldGen: 85551K->85551K(2796544K)
[158.444s][info][gc,metaspace   ] GC(382) Metaspace: 20612K(21376K)->20612K(21376K) NonClass: 18204K(18688K)->18204K(18688K) Class: 2407K(2688K)->2407K(2688K)
[158.444s][info][gc             ] GC(382) Pause Young (Allocation Failure) 1440M->86M(4092M) 1.518ms
[158.444s][info][gc,cpu         ] GC(382) User=0.02s Sys=0.00s Real=0.00s
[158.936s][info][gc,start       ] GC(383) Pause Young (Allocation Failure)
[158.937s][info][gc,heap        ] GC(383) PSYoungGen: 1392401K->1424K(1393664K)
[158.937s][info][gc,heap        ] GC(383) ParOldGen: 85551K->85567K(2796544K)
[158.937s][info][gc,metaspace   ] GC(383) Metaspace: 20612K(21376K)->20612K(21376K) NonClass: 18204K(18688K)->18204K(18688K) Class: 2407K(2688K)->2407K(2688K)
[158.937s][info][gc             ] GC(383) Pause Young (Allocation Failure) 1443M->84M(4092M) 0.864ms
[158.937s][info][gc,cpu         ] GC(383) User=0.00s Sys=0.00s Real=0.00s
[159.445s][info][gc,start       ] GC(384) Pause Young (Allocation Failure)
[159.445s][info][gc,heap        ] GC(384) PSYoungGen: 1390992K->256K(1393664K)
[159.446s][info][gc,heap        ] GC(384) ParOldGen: 85567K->85591K(2796544K)
[159.446s][info][gc,metaspace   ] GC(384) Metaspace: 20612K(21376K)->20612K(21376K) NonClass: 18204K(18688K)->18204K(18688K) Class: 2407K(2688K)->2407K(2688K)
[159.446s][info][gc             ] GC(384) Pause Young (Allocation Failure) 1441M->83M(4092M) 0.611ms
[159.446s][info][gc,cpu         ] GC(384) User=0.00s Sys=0.00s Real=0.00s
[159.944s][info][gc,start       ] GC(385) Pause Young (Allocation Failure)
[159.945s][info][gc,heap        ] GC(385) PSYoungGen: 1389824K->2139K(1393664K)
[159.945s][info][gc,heap        ] GC(385) ParOldGen: 85591K->85591K(2796544K)
[159.945s][info][gc,metaspace   ] GC(385) Metaspace: 20612K(21376K)->20612K(21376K) NonClass: 18204K(18688K)->18204K(18688K) Class: 2407K(2688K)->2407K(2688K)
[159.945s][info][gc             ] GC(385) Pause Young (Allocation Failure) 1440M->85M(4092M) 0.988ms
[159.945s][info][gc,cpu         ] GC(385) User=0.00s Sys=0.00s Real=0.00s
[160.446s][info][gc,start       ] GC(386) Pause Young (Allocation Failure)
[160.447s][info][gc,heap        ] GC(386) PSYoungGen: 1391707K->1340K(1393664K)
[160.447s][info][gc,heap        ] GC(386) ParOldGen: 85591K->85607K(2796544K)
[160.447s][info][gc,metaspace   ] GC(386) Metaspace: 20612K(21376K)->20612K(21376K) NonClass: 18204K(18688K)->18204K(18688K) Class: 2407K(2688K)->2407K(2688K)
[160.447s][info][gc             ] GC(386) Pause Young (Allocation Failure) 1442M->84M(4092M) 1.046ms
[160.447s][info][gc,cpu         ] GC(386) User=0.00s Sys=0.00s Real=0.00s
[160.936s][info][gc,start       ] GC(387) Pause Young (Allocation Failure)
[160.937s][info][gc,heap        ] GC(387) PSYoungGen: 1390908K->384K(1393664K)
[160.937s][info][gc,heap        ] GC(387) ParOldGen: 85607K->85607K(2796544K)
[160.937s][info][gc,metaspace   ] GC(387) Metaspace: 20612K(21376K)->20612K(21376K) NonClass: 18204K(18688K)->18204K(18688K) Class: 2407K(2688K)->2407K(2688K)
[160.937s][info][gc             ] GC(387) Pause Young (Allocation Failure) 1441M->83M(4092M) 0.621ms
[160.937s][info][gc,cpu         ] GC(387) User=0.00s Sys=0.00s Real=0.00s
[161.518s][info][gc,start       ] GC(388) Pause Young (Allocation Failure)
[161.519s][info][gc,heap        ] GC(388) PSYoungGen: 1389952K->2335K(1393664K)
[161.519s][info][gc,heap        ] GC(388) ParOldGen: 85607K->85631K(2796544K)
[161.519s][info][gc,metaspace   ] GC(388) Metaspace: 20612K(21376K)->20612K(21376K) NonClass: 18204K(18688K)->18204K(18688K) Class: 2407K(2688K)->2407K(2688K)
[161.519s][info][gc             ] GC(388) Pause Young (Allocation Failure) 1440M->85M(4092M) 0.967ms
[161.519s][info][gc,cpu         ] GC(388) User=0.00s Sys=0.00s Real=0.00s
[161.635s][info][gc,start       ] GC(389) Pause Young (System.gc())
[161.635s][info][gc,heap        ] GC(389) PSYoungGen: 327703K->64K(1393664K)
[161.635s][info][gc,heap        ] GC(389) ParOldGen: 85631K->85631K(2796544K)
[161.635s][info][gc,metaspace   ] GC(389) Metaspace: 20612K(21376K)->20612K(21376K) NonClass: 18204K(18688K)->18204K(18688K) Class: 2407K(2688K)->2407K(2688K)
[161.635s][info][gc             ] GC(389) Pause Young (System.gc()) 403M->83M(4092M) 0.403ms
[161.635s][info][gc,cpu         ] GC(389) User=0.00s Sys=0.00s Real=0.00s
[161.635s][info][gc,start       ] GC(390) Pause Full (System.gc())
[161.635s][info][gc,phases,start] GC(390) Marking Phase
[161.691s][info][gc,phases      ] GC(390) Marking Phase 55.776ms
[161.691s][info][gc,phases,start] GC(390) Summary Phase
[161.691s][info][gc,phases      ] GC(390) Summary Phase 0.013ms
[161.691s][info][gc,phases,start] GC(390) Adjust Roots
[161.692s][info][gc,phases      ] GC(390) Adjust Roots 1.431ms
[161.692s][info][gc,phases,start] GC(390) Compaction Phase
[161.710s][info][gc,phases      ] GC(390) Compaction Phase 17.244ms
[161.710s][info][gc,phases,start] GC(390) Post Compact
[161.711s][info][gc,phases      ] GC(390) Post Compact 0.884ms
[161.711s][info][gc,heap        ] GC(390) PSYoungGen: 64K->0K(1393664K)
[161.711s][info][gc,heap        ] GC(390) ParOldGen: 85631K->85551K(2796544K)
[161.711s][info][gc,metaspace   ] GC(390) Metaspace: 20612K(21376K)->20612K(21376K) NonClass: 18204K(18688K)->18204K(18688K) Class: 2407K(2688K)->2407K(2688K)
[161.711s][info][gc             ] GC(390) Pause Full (System.gc()) 83M->83M(4092M) 75.651ms
[161.711s][info][gc,cpu         ] GC(390) User=0.27s Sys=0.00s Real=0.08s
[162.203s][info][gc,start       ] GC(391) Pause Young (Allocation Failure)
[162.204s][info][gc,heap        ] GC(391) PSYoungGen: 1389568K->2180K(1393664K)
[162.204s][info][gc,heap        ] GC(391) ParOldGen: 85551K->85551K(2796544K)
[162.204s][info][gc,metaspace   ] GC(391) Metaspace: 20612K(21376K)->20612K(21376K) NonClass: 18204K(18688K)->18204K(18688K) Class: 2407K(2688K)->2407K(2688K)
[162.204s][info][gc             ] GC(391) Pause Young (Allocation Failure) 1440M->85M(4092M) 0.924ms
[162.204s][info][gc,cpu         ] GC(391) User=0.00s Sys=0.00s Real=0.00s
[162.710s][info][gc,start       ] GC(392) Pause Young (Allocation Failure)
[162.711s][info][gc,heap        ] GC(392) PSYoungGen: 1391748K->1385K(1393664K)
[162.711s][info][gc,heap        ] GC(392) ParOldGen: 85551K->85567K(2796544K)
[162.711s][info][gc,metaspace   ] GC(392) Metaspace: 20612K(21376K)->20612K(21376K) NonClass: 18204K(18688K)->18204K(18688K) Class: 2407K(2688K)->2407K(2688K)
[162.711s][info][gc             ] GC(392) Pause Young (Allocation Failure) 1442M->84M(4092M) 0.777ms
[162.711s][info][gc,cpu         ] GC(392) User=0.00s Sys=0.00s Real=0.00s
[163.206s][info][gc,start       ] GC(393) Pause Young (Allocation Failure)
[163.206s][info][gc,heap        ] GC(393) PSYoungGen: 1390953K->128K(1393664K)
[163.206s][info][gc,heap        ] GC(393) ParOldGen: 85567K->85599K(2796544K)
[163.206s][info][gc,metaspace   ] GC(393) Metaspace: 20612K(21376K)->20612K(21376K) NonClass: 18204K(18688K)->18204K(18688K) Class: 2407K(2688K)->2407K(2688K)
[163.206s][info][gc             ] GC(393) Pause Young (Allocation Failure) 1441M->83M(4092M) 0.591ms
[163.206s][info][gc,cpu         ] GC(393) User=0.00s Sys=0.00s Real=0.00s
[163.698s][info][gc,start       ] GC(394) Pause Young (Allocation Failure)
[163.699s][info][gc,heap        ] GC(394) PSYoungGen: 1389696K->2163K(1393664K)
[163.699s][info][gc,heap        ] GC(394) ParOldGen: 85599K->85599K(2796544K)
[163.699s][info][gc,metaspace   ] GC(394) Metaspace: 20612K(21376K)->20612K(21376K) NonClass: 18204K(18688K)->18204K(18688K) Class: 2407K(2688K)->2407K(2688K)
[163.699s][info][gc             ] GC(394) Pause Young (Allocation Failure) 1440M->85M(4092M) 0.900ms
[163.699s][info][gc,cpu         ] GC(394) User=0.00s Sys=0.00s Real=0.00s
[164.185s][info][gc,start       ] GC(395) Pause Young (Allocation Failure)
[164.185s][info][gc,heap        ] GC(395) PSYoungGen: 1391731K->1194K(1394176K)
[164.185s][info][gc,heap        ] GC(395) ParOldGen: 85599K->85623K(2796544K)
[164.185s][info][gc,metaspace   ] GC(395) Metaspace: 20612K(21376K)->20612K(21376K) NonClass: 18204K(18688K)->18204K(18688K) Class: 2407K(2688K)->2407K(2688K)
[164.185s][info][gc             ] GC(395) Pause Young (Allocation Failure) 1442M->84M(4092M) 0.777ms
[164.185s][info][gc,cpu         ] GC(395) User=0.00s Sys=0.00s Real=0.00s
[164.678s][info][gc,start       ] GC(396) Pause Young (Allocation Failure)
[164.679s][info][gc,heap        ] GC(396) PSYoungGen: 1391265K->2560K(1393664K)
[164.679s][info][gc,heap        ] GC(396) ParOldGen: 85623K->85623K(2796544K)
[164.679s][info][gc,metaspace   ] GC(396) Metaspace: 20612K(21376K)->20612K(21376K) NonClass: 18204K(18688K)->18204K(18688K) Class: 2407K(2688K)->2407K(2688K)
[164.679s][info][gc             ] GC(396) Pause Young (Allocation Failure) 1442M->86M(4092M) 1.397ms
[164.679s][info][gc,cpu         ] GC(396) User=0.02s Sys=0.00s Real=0.00s
[165.176s][info][gc,start       ] GC(397) Pause Young (Allocation Failure)
[165.177s][info][gc,heap        ] GC(397) PSYoungGen: 1392640K->2123K(1393664K)
[165.177s][info][gc,heap        ] GC(397) ParOldGen: 85623K->85639K(2796544K)
[165.177s][info][gc,metaspace   ] GC(397) Metaspace: 20612K(21376K)->20612K(21376K) NonClass: 18204K(18688K)->18204K(18688K) Class: 2407K(2688K)->2407K(2688K)
[165.177s][info][gc             ] GC(397) Pause Young (Allocation Failure) 1443M->85M(4092M) 0.793ms
[165.177s][info][gc,cpu         ] GC(397) User=0.00s Sys=0.00s Real=0.00s
[165.297s][info][gc,start       ] GC(398) Pause Young (System.gc())
[165.297s][info][gc,heap        ] GC(398) PSYoungGen: 331284K->96K(1393664K)
[165.297s][info][gc,heap        ] GC(398) ParOldGen: 85639K->85639K(2796544K)
[165.297s][info][gc,metaspace   ] GC(398) Metaspace: 20612K(21376K)->20612K(21376K) NonClass: 18204K(18688K)->18204K(18688K) Class: 2407K(2688K)->2407K(2688K)
[165.297s][info][gc             ] GC(398) Pause Young (System.gc()) 407M->83M(4092M) 0.507ms
[165.297s][info][gc,cpu         ] GC(398) User=0.00s Sys=0.00s Real=0.00s
[165.297s][info][gc,start       ] GC(399) Pause Full (System.gc())
[165.297s][info][gc,phases,start] GC(399) Marking Phase
[165.367s][info][gc,phases      ] GC(399) Marking Phase 69.143ms
[165.367s][info][gc,phases,start] GC(399) Summary Phase
[165.367s][info][gc,phases      ] GC(399) Summary Phase 0.012ms
[165.367s][info][gc,phases,start] GC(399) Adjust Roots
[165.368s][info][gc,phases      ] GC(399) Adjust Roots 1.385ms
[165.368s][info][gc,phases,start] GC(399) Compaction Phase
[165.389s][info][gc,phases      ] GC(399) Compaction Phase 20.463ms
[165.389s][info][gc,phases,start] GC(399) Post Compact
[165.390s][info][gc,phases      ] GC(399) Post Compact 0.991ms
[165.390s][info][gc,heap        ] GC(399) PSYoungGen: 96K->0K(1393664K)
[165.390s][info][gc,heap        ] GC(399) ParOldGen: 85639K->85551K(2796544K)
[165.390s][info][gc,metaspace   ] GC(399) Metaspace: 20612K(21376K)->20612K(21376K) NonClass: 18204K(18688K)->18204K(18688K) Class: 2407K(2688K)->2407K(2688K)
[165.390s][info][gc             ] GC(399) Pause Full (System.gc()) 83M->83M(4092M) 92.301ms
[165.390s][info][gc,cpu         ] GC(399) User=0.34s Sys=0.00s Real=0.09s
[165.884s][info][gc,start       ] GC(400) Pause Young (Allocation Failure)
[165.884s][info][gc,heap        ] GC(400) PSYoungGen: 1389568K->2315K(1393664K)
[165.885s][info][gc,heap        ] GC(400) ParOldGen: 85551K->85551K(2796544K)
[165.885s][info][gc,metaspace   ] GC(400) Metaspace: 20612K(21376K)->20612K(21376K) NonClass: 18204K(18688K)->18204K(18688K) Class: 2407K(2688K)->2407K(2688K)
[165.885s][info][gc             ] GC(400) Pause Young (Allocation Failure) 1440M->85M(4092M) 0.910ms
[165.885s][info][gc,cpu         ] GC(400) User=0.00s Sys=0.00s Real=0.00s
[166.391s][info][gc,start       ] GC(401) Pause Young (Allocation Failure)
[166.392s][info][gc,heap        ] GC(401) PSYoungGen: 1391883K->1442K(1393664K)
[166.392s][info][gc,heap        ] GC(401) ParOldGen: 85551K->85575K(2796544K)
[166.392s][info][gc,metaspace   ] GC(401) Metaspace: 20612K(21376K)->20612K(21376K) NonClass: 18204K(18688K)->18204K(18688K) Class: 2407K(2688K)->2407K(2688K)
[166.392s][info][gc             ] GC(401) Pause Young (Allocation Failure) 1442M->84M(4092M) 0.760ms
[166.392s][info][gc,cpu         ] GC(401) User=0.00s Sys=0.00s Real=0.00s
[166.880s][info][gc,start       ] GC(402) Pause Young (Allocation Failure)
[166.881s][info][gc,heap        ] GC(402) PSYoungGen: 1391010K->192K(1393664K)
[166.881s][info][gc,heap        ] GC(402) ParOldGen: 85575K->85591K(2796544K)
[166.881s][info][gc,metaspace   ] GC(402) Metaspace: 20612K(21376K)->20612K(21376K) NonClass: 18204K(18688K)->18204K(18688K) Class: 2407K(2688K)->2407K(2688K)
[166.881s][info][gc             ] GC(402) Pause Young (Allocation Failure) 1441M->83M(4092M) 0.467ms
[166.881s][info][gc,cpu         ] GC(402) User=0.00s Sys=0.00s Real=0.00s
[167.392s][info][gc,start       ] GC(403) Pause Young (Allocation Failure)
[167.393s][info][gc,heap        ] GC(403) PSYoungGen: 1389760K->2444K(1393664K)
[167.393s][info][gc,heap        ] GC(403) ParOldGen: 85591K->85591K(2796544K)
[167.393s][info][gc,metaspace   ] GC(403) Metaspace: 20612K(21376K)->20612K(21376K) NonClass: 18204K(18688K)->18204K(18688K) Class: 2407K(2688K)->2407K(2688K)
[167.393s][info][gc             ] GC(403) Pause Young (Allocation Failure) 1440M->85M(4092M) 1.035ms
[167.393s][info][gc,cpu         ] GC(403) User=0.00s Sys=0.00s Real=0.00s
[167.889s][info][gc,start       ] GC(404) Pause Young (Allocation Failure)
[167.890s][info][gc,heap        ] GC(404) PSYoungGen: 1392012K->1725K(1393664K)
[167.891s][info][gc,heap        ] GC(404) ParOldGen: 85591K->85615K(2796544K)
[167.891s][info][gc,metaspace   ] GC(404) Metaspace: 20612K(21376K)->20612K(21376K) NonClass: 18204K(18688K)->18204K(18688K) Class: 2407K(2688K)->2407K(2688K)
[167.891s][info][gc             ] GC(404) Pause Young (Allocation Failure) 1442M->85M(4092M) 1.237ms
[167.891s][info][gc,cpu         ] GC(404) User=0.00s Sys=0.00s Real=0.00s
[168.396s][info][gc,start       ] GC(405) Pause Young (Allocation Failure)
[168.396s][info][gc,heap        ] GC(405) PSYoungGen: 1391293K->688K(1393664K)
[168.396s][info][gc,heap        ] GC(405) ParOldGen: 85615K->85615K(2796544K)
[168.396s][info][gc,metaspace   ] GC(405) Metaspace: 20612K(21376K)->20612K(21376K) NonClass: 18204K(18688K)->18204K(18688K) Class: 2407K(2688K)->2407K(2688K)
[168.396s][info][gc             ] GC(405) Pause Young (Allocation Failure) 1442M->84M(4092M) 0.645ms
[168.396s][info][gc,cpu         ] GC(405) User=0.00s Sys=0.00s Real=0.00s
[168.882s][info][gc,start       ] GC(406) Pause Young (Allocation Failure)
[168.884s][info][gc,heap        ] GC(406) PSYoungGen: 1390150K->2732K(1393664K)
[168.884s][info][gc,heap        ] GC(406) ParOldGen: 85615K->85631K(2796544K)
[168.884s][info][gc,metaspace   ] GC(406) Metaspace: 20612K(21376K)->20612K(21376K) NonClass: 18204K(18688K)->18204K(18688K) Class: 2407K(2688K)->2407K(2688K)
[168.884s][info][gc             ] GC(406) Pause Young (Allocation Failure) 1441M->86M(4092M) 1.899ms
[168.884s][info][gc,cpu         ] GC(406) User=0.00s Sys=0.00s Real=0.00s
[168.998s][info][gc,start       ] GC(407) Pause Young (System.gc())
[168.999s][info][gc,heap        ] GC(407) PSYoungGen: 316693K->96K(1393664K)
[168.999s][info][gc,heap        ] GC(407) ParOldGen: 85631K->85631K(2796544K)
[168.999s][info][gc,metaspace   ] GC(407) Metaspace: 20612K(21376K)->20612K(21376K) NonClass: 18204K(18688K)->18204K(18688K) Class: 2407K(2688K)->2407K(2688K)
[168.999s][info][gc             ] GC(407) Pause Young (System.gc()) 392M->83M(4092M) 0.447ms
[168.999s][info][gc,cpu         ] GC(407) User=0.00s Sys=0.00s Real=0.00s
[168.999s][info][gc,start       ] GC(408) Pause Full (System.gc())
[168.999s][info][gc,phases,start] GC(408) Marking Phase
[169.065s][info][gc,phases      ] GC(408) Marking Phase 66.047ms
[169.065s][info][gc,phases,start] GC(408) Summary Phase
[169.065s][info][gc,phases      ] GC(408) Summary Phase 0.012ms
[169.065s][info][gc,phases,start] GC(408) Adjust Roots
[169.067s][info][gc,phases      ] GC(408) Adjust Roots 1.680ms
[169.067s][info][gc,phases,start] GC(408) Compaction Phase
[169.085s][info][gc,phases      ] GC(408) Compaction Phase 18.063ms
[169.085s][info][gc,phases,start] GC(408) Post Compact
[169.086s][info][gc,phases      ] GC(408) Post Compact 1.073ms
[169.086s][info][gc,heap        ] GC(408) PSYoungGen: 96K->0K(1393664K)
[169.086s][info][gc,heap        ] GC(408) ParOldGen: 85631K->85551K(2796544K)
[169.086s][info][gc,metaspace   ] GC(408) Metaspace: 20612K(21376K)->20612K(21376K) NonClass: 18204K(18688K)->18204K(18688K) Class: 2407K(2688K)->2407K(2688K)
[169.086s][info][gc             ] GC(408) Pause Full (System.gc()) 83M->83M(4092M) 87.266ms
[169.086s][info][gc,cpu         ] GC(408) User=0.33s Sys=0.00s Real=0.09s
[169.597s][info][gc,start       ] GC(409) Pause Young (Allocation Failure)
[169.597s][info][gc,heap        ] GC(409) PSYoungGen: 1389568K->1871K(1393664K)
[169.597s][info][gc,heap        ] GC(409) ParOldGen: 85551K->85551K(2796544K)
[169.598s][info][gc,metaspace   ] GC(409) Metaspace: 20612K(21376K)->20612K(21376K) NonClass: 18204K(18688K)->18204K(18688K) Class: 2407K(2688K)->2407K(2688K)
[169.598s][info][gc             ] GC(409) Pause Young (Allocation Failure) 1440M->85M(4092M) 0.830ms
[169.598s][info][gc,cpu         ] GC(409) User=0.00s Sys=0.00s Real=0.00s
[170.094s][info][gc,start       ] GC(410) Pause Young (Allocation Failure)
[170.094s][info][gc,heap        ] GC(410) PSYoungGen: 1391439K->1248K(1393664K)
[170.094s][info][gc,heap        ] GC(410) ParOldGen: 85551K->85575K(2796544K)
[170.094s][info][gc,metaspace   ] GC(410) Metaspace: 20612K(21376K)->20612K(21376K) NonClass: 18204K(18688K)->18204K(18688K) Class: 2407K(2688K)->2407K(2688K)
[170.094s][info][gc             ] GC(410) Pause Young (Allocation Failure) 1442M->84M(4092M) 0.634ms
[170.094s][info][gc,cpu         ] GC(410) User=0.00s Sys=0.00s Real=0.00s
[170.594s][info][gc,start       ] GC(411) Pause Young (Allocation Failure)
[170.594s][info][gc,heap        ] GC(411) PSYoungGen: 1390816K->192K(1393664K)
[170.594s][info][gc,heap        ] GC(411) ParOldGen: 85575K->85591K(2796544K)
[170.594s][info][gc,metaspace   ] GC(411) Metaspace: 20612K(21376K)->20612K(21376K) NonClass: 18204K(18688K)->18204K(18688K) Class: 2407K(2688K)->2407K(2688K)
[170.594s][info][gc             ] GC(411) Pause Young (Allocation Failure) 1441M->83M(4092M) 0.634ms
[170.594s][info][gc,cpu         ] GC(411) User=0.00s Sys=0.00s Real=0.00s
[171.082s][info][gc,start       ] GC(412) Pause Young (Allocation Failure)
[171.083s][info][gc,heap        ] GC(412) PSYoungGen: 1389760K->2150K(1393664K)
[171.083s][info][gc,heap        ] GC(412) ParOldGen: 85591K->85591K(2796544K)
[171.083s][info][gc,metaspace   ] GC(412) Metaspace: 20612K(21376K)->20612K(21376K) NonClass: 18204K(18688K)->18204K(18688K) Class: 2407K(2688K)->2407K(2688K)
[171.083s][info][gc             ] GC(412) Pause Young (Allocation Failure) 1440M->85M(4092M) 1.523ms
[171.083s][info][gc,cpu         ] GC(412) User=0.00s Sys=0.00s Real=0.00s
[171.598s][info][gc,start       ] GC(413) Pause Young (Allocation Failure)
[171.599s][info][gc,heap        ] GC(413) PSYoungGen: 1391718K->1252K(1394176K)
[171.599s][info][gc,heap        ] GC(413) ParOldGen: 85591K->85615K(2796544K)
[171.599s][info][gc,metaspace   ] GC(413) Metaspace: 20612K(21376K)->20612K(21376K) NonClass: 18204K(18688K)->18204K(18688K) Class: 2407K(2688K)->2407K(2688K)
[171.599s][info][gc             ] GC(413) Pause Young (Allocation Failure) 1442M->84M(4092M) 1.100ms
[171.599s][info][gc,cpu         ] GC(413) User=0.00s Sys=0.00s Real=0.00s
[172.094s][info][gc,start       ] GC(414) Pause Young (Allocation Failure)
[172.094s][info][gc,heap        ] GC(414) PSYoungGen: 1391332K->192K(1393664K)
[172.094s][info][gc,heap        ] GC(414) ParOldGen: 85615K->85615K(2796544K)
[172.094s][info][gc,metaspace   ] GC(414) Metaspace: 20612K(21376K)->20612K(21376K) NonClass: 18204K(18688K)->18204K(18688K) Class: 2407K(2688K)->2407K(2688K)
[172.094s][info][gc             ] GC(414) Pause Young (Allocation Failure) 1442M->83M(4092M) 0.562ms
[172.095s][info][gc,cpu         ] GC(414) User=0.00s Sys=0.00s Real=0.00s
[172.608s][info][gc,start       ] GC(415) Pause Young (Allocation Failure)
[172.609s][info][gc,heap        ] GC(415) PSYoungGen: 1390272K->2302K(1393152K)
[172.609s][info][gc,heap        ] GC(415) ParOldGen: 85615K->85639K(2796544K)
[172.609s][info][gc,metaspace   ] GC(415) Metaspace: 20612K(21376K)->20612K(21376K) NonClass: 18204K(18688K)->18204K(18688K) Class: 2407K(2688K)->2407K(2688K)
[172.609s][info][gc             ] GC(415) Pause Young (Allocation Failure) 1441M->85M(4091M) 1.135ms
[172.609s][info][gc,cpu         ] GC(415) User=0.00s Sys=0.00s Real=0.00s
[172.722s][info][gc,start       ] GC(416) Pause Young (System.gc())
[172.722s][info][gc,heap        ] GC(416) PSYoungGen: 324491K->64K(1393664K)
[172.722s][info][gc,heap        ] GC(416) ParOldGen: 85639K->85639K(2796544K)
[172.723s][info][gc,metaspace   ] GC(416) Metaspace: 20612K(21376K)->20612K(21376K) NonClass: 18204K(18688K)->18204K(18688K) Class: 2407K(2688K)->2407K(2688K)
[172.723s][info][gc             ] GC(416) Pause Young (System.gc()) 400M->83M(4092M) 0.476ms
[172.723s][info][gc,cpu         ] GC(416) User=0.00s Sys=0.00s Real=0.00s
[172.723s][info][gc,start       ] GC(417) Pause Full (System.gc())
[172.723s][info][gc,phases,start] GC(417) Marking Phase
[172.777s][info][gc,phases      ] GC(417) Marking Phase 54.839ms
[172.777s][info][gc,phases,start] GC(417) Summary Phase
[172.777s][info][gc,phases      ] GC(417) Summary Phase 0.011ms
[172.777s][info][gc,phases,start] GC(417) Adjust Roots
[172.779s][info][gc,phases      ] GC(417) Adjust Roots 1.286ms
[172.779s][info][gc,phases,start] GC(417) Compaction Phase
[172.796s][info][gc,phases      ] GC(417) Compaction Phase 17.418ms
[172.796s][info][gc,phases,start] GC(417) Post Compact
[172.797s][info][gc,phases      ] GC(417) Post Compact 1.095ms
[172.797s][info][gc,heap        ] GC(417) PSYoungGen: 64K->0K(1393664K)
[172.797s][info][gc,heap        ] GC(417) ParOldGen: 85639K->85551K(2796544K)
[172.798s][info][gc,metaspace   ] GC(417) Metaspace: 20612K(21376K)->20612K(21376K) NonClass: 18204K(18688K)->18204K(18688K) Class: 2407K(2688K)->2407K(2688K)
[172.798s][info][gc             ] GC(417) Pause Full (System.gc()) 83M->83M(4092M) 74.960ms
[172.798s][info][gc,cpu         ] GC(417) User=0.38s Sys=0.00s Real=0.08s
[173.280s][info][gc,start       ] GC(418) Pause Young (Allocation Failure)
[173.281s][info][gc,heap        ] GC(418) PSYoungGen: 1389568K->2112K(1393664K)
[173.281s][info][gc,heap        ] GC(418) ParOldGen: 85551K->85551K(2796544K)
[173.281s][info][gc,metaspace   ] GC(418) Metaspace: 20612K(21376K)->20612K(21376K) NonClass: 18204K(18688K)->18204K(18688K) Class: 2407K(2688K)->2407K(2688K)
[173.281s][info][gc             ] GC(418) Pause Young (Allocation Failure) 1440M->85M(4092M) 1.126ms
[173.281s][info][gc,cpu         ] GC(418) User=0.00s Sys=0.00s Real=0.00s
[173.794s][info][gc,start       ] GC(419) Pause Young (Allocation Failure)
[173.795s][info][gc,heap        ] GC(419) PSYoungGen: 1391680K->1212K(1393664K)
[173.795s][info][gc,heap        ] GC(419) ParOldGen: 85551K->85567K(2796544K)
[173.795s][info][gc,metaspace   ] GC(419) Metaspace: 20612K(21376K)->20612K(21376K) NonClass: 18204K(18688K)->18204K(18688K) Class: 2407K(2688K)->2407K(2688K)
[173.795s][info][gc             ] GC(419) Pause Young (Allocation Failure) 1442M->84M(4092M) 0.668ms
[173.795s][info][gc,cpu         ] GC(419) User=0.00s Sys=0.00s Real=0.00s
[174.285s][info][gc,start       ] GC(420) Pause Young (Allocation Failure)
[174.287s][info][gc,heap        ] GC(420) PSYoungGen: 1390697K->2829K(1393152K)
[174.287s][info][gc,heap        ] GC(420) ParOldGen: 85567K->85583K(2796544K)
[174.287s][info][gc,metaspace   ] GC(420) Metaspace: 20612K(21376K)->20612K(21376K) NonClass: 18204K(18688K)->18204K(18688K) Class: 2407K(2688K)->2407K(2688K)
[174.287s][info][gc             ] GC(420) Pause Young (Allocation Failure) 1441M->86M(4091M) 2.089ms
[174.287s][info][gc,cpu         ] GC(420) User=0.00s Sys=0.00s Real=0.00s
[174.803s][info][gc,start       ] GC(421) Pause Young (Allocation Failure)
[174.804s][info][gc,heap        ] GC(421) PSYoungGen: 1392397K->2397K(1393664K)
[174.804s][info][gc,heap        ] GC(421) ParOldGen: 85583K->85583K(2796544K)
[174.804s][info][gc,metaspace   ] GC(421) Metaspace: 20612K(21376K)->20612K(21376K) NonClass: 18204K(18688K)->18204K(18688K) Class: 2407K(2688K)->2407K(2688K)
[174.804s][info][gc             ] GC(421) Pause Young (Allocation Failure) 1443M->85M(4092M) 1.101ms
[174.804s][info][gc,cpu         ] GC(421) User=0.00s Sys=0.00s Real=0.00s
[175.303s][info][gc,start       ] GC(422) Pause Young (Allocation Failure)
[175.303s][info][gc,heap        ] GC(422) PSYoungGen: 1391965K->1714K(1393664K)
[175.303s][info][gc,heap        ] GC(422) ParOldGen: 85583K->85599K(2796544K)
[175.303s][info][gc,metaspace   ] GC(422) Metaspace: 20612K(21376K)->20612K(21376K) NonClass: 18204K(18688K)->18204K(18688K) Class: 2407K(2688K)->2407K(2688K)
[175.303s][info][gc             ] GC(422) Pause Young (Allocation Failure) 1442M->85M(4092M) 0.773ms
[175.303s][info][gc,cpu         ] GC(422) User=0.00s Sys=0.00s Real=0.00s
[175.814s][info][gc,start       ] GC(423) Pause Young (Allocation Failure)
[175.814s][info][gc,heap        ] GC(423) PSYoungGen: 1391282K->464K(1393664K)
[175.814s][info][gc,heap        ] GC(423) ParOldGen: 85599K->85599K(2796544K)
[175.814s][info][gc,metaspace   ] GC(423) Metaspace: 20612K(21376K)->20612K(21376K) NonClass: 18204K(18688K)->18204K(18688K) Class: 2407K(2688K)->2407K(2688K)
[175.815s][info][gc             ] GC(423) Pause Young (Allocation Failure) 1442M->84M(4092M) 0.673ms
[175.815s][info][gc,cpu         ] GC(423) User=0.00s Sys=0.00s Real=0.00s
[176.333s][info][gc,start       ] GC(424) Pause Young (Allocation Failure)
[176.337s][info][gc,heap        ] GC(424) PSYoungGen: 1390032K->2145K(1393664K)
[176.337s][info][gc,heap        ] GC(424) ParOldGen: 85599K->85607K(2796544K)
[176.338s][info][gc,metaspace   ] GC(424) Metaspace: 20612K(21376K)->20612K(21376K) NonClass: 18204K(18688K)->18204K(18688K) Class: 2407K(2688K)->2407K(2688K)
[176.338s][info][gc             ] GC(424) Pause Young (Allocation Failure) 1441M->85M(4092M) 4.810ms
[176.338s][info][gc,cpu         ] GC(424) User=0.00s Sys=0.00s Real=0.01s
[176.491s][info][gc,start       ] GC(425) Pause Young (System.gc())
[176.492s][info][gc,heap        ] GC(425) PSYoungGen: 323534K->64K(1393664K)
[176.492s][info][gc,heap        ] GC(425) ParOldGen: 85607K->85607K(2796544K)
[176.492s][info][gc,metaspace   ] GC(425) Metaspace: 20612K(21376K)->20612K(21376K) NonClass: 18204K(18688K)->18204K(18688K) Class: 2407K(2688K)->2407K(2688K)
[176.492s][info][gc             ] GC(425) Pause Young (System.gc()) 399M->83M(4092M) 0.874ms
[176.492s][info][gc,cpu         ] GC(425) User=0.00s Sys=0.00s Real=0.00s
[176.492s][info][gc,start       ] GC(426) Pause Full (System.gc())
[176.492s][info][gc,phases,start] GC(426) Marking Phase
[176.562s][info][gc,phases      ] GC(426) Marking Phase 70.362ms
[176.562s][info][gc,phases,start] GC(426) Summary Phase
[176.562s][info][gc,phases      ] GC(426) Summary Phase 0.014ms
[176.562s][info][gc,phases,start] GC(426) Adjust Roots
[176.564s][info][gc,phases      ] GC(426) Adjust Roots 1.658ms
[176.564s][info][gc,phases,start] GC(426) Compaction Phase
[176.581s][info][gc,phases      ] GC(426) Compaction Phase 17.335ms
[176.581s][info][gc,phases,start] GC(426) Post Compact
[176.582s][info][gc,phases      ] GC(426) Post Compact 0.988ms
[176.582s][info][gc,heap        ] GC(426) PSYoungGen: 64K->0K(1393664K)
[176.582s][info][gc,heap        ] GC(426) ParOldGen: 85607K->85551K(2796544K)
[176.582s][info][gc,metaspace   ] GC(426) Metaspace: 20612K(21376K)->20612K(21376K) NonClass: 18204K(18688K)->18204K(18688K) Class: 2407K(2688K)->2407K(2688K)
[176.582s][info][gc             ] GC(426) Pause Full (System.gc()) 83M->83M(4092M) 90.700ms
[176.582s][info][gc,cpu         ] GC(426) User=0.39s Sys=0.00s Real=0.09s
[177.089s][info][gc,start       ] GC(427) Pause Young (Allocation Failure)
[177.090s][info][gc,heap        ] GC(427) PSYoungGen: 1389568K->2343K(1393664K)
[177.090s][info][gc,heap        ] GC(427) ParOldGen: 85551K->85551K(2796544K)
[177.090s][info][gc,metaspace   ] GC(427) Metaspace: 20612K(21376K)->20612K(21376K) NonClass: 18204K(18688K)->18204K(18688K) Class: 2407K(2688K)->2407K(2688K)
[177.090s][info][gc             ] GC(427) Pause Young (Allocation Failure) 1440M->85M(4092M) 1.000ms
[177.090s][info][gc,cpu         ] GC(427) User=0.00s Sys=0.00s Real=0.00s
[177.602s][info][gc,start       ] GC(428) Pause Young (Allocation Failure)
[177.603s][info][gc,heap        ] GC(428) PSYoungGen: 1391911K->1389K(1393664K)
[177.603s][info][gc,heap        ] GC(428) ParOldGen: 85551K->85567K(2796544K)
[177.603s][info][gc,metaspace   ] GC(428) Metaspace: 20612K(21376K)->20612K(21376K) NonClass: 18204K(18688K)->18204K(18688K) Class: 2407K(2688K)->2407K(2688K)
[177.603s][info][gc             ] GC(428) Pause Young (Allocation Failure) 1442M->84M(4092M) 0.691ms
[177.603s][info][gc,cpu         ] GC(428) User=0.00s Sys=0.00s Real=0.00s
[178.110s][info][gc,start       ] GC(429) Pause Young (Allocation Failure)
[178.111s][info][gc,heap        ] GC(429) PSYoungGen: 1390957K->64K(1393664K)
[178.111s][info][gc,heap        ] GC(429) ParOldGen: 85567K->85575K(2796544K)
[178.111s][info][gc,metaspace   ] GC(429) Metaspace: 20612K(21376K)->20612K(21376K) NonClass: 18204K(18688K)->18204K(18688K) Class: 2407K(2688K)->2407K(2688K)
[178.111s][info][gc             ] GC(429) Pause Young (Allocation Failure) 1441M->83M(4092M) 0.965ms
[178.111s][info][gc,cpu         ] GC(429) User=0.00s Sys=0.00s Real=0.00s
[178.620s][info][gc,start       ] GC(430) Pause Young (Allocation Failure)
[178.621s][info][gc,heap        ] GC(430) PSYoungGen: 1389632K->2184K(1393664K)
[178.622s][info][gc,heap        ] GC(430) ParOldGen: 85575K->85575K(2796544K)
[178.622s][info][gc,metaspace   ] GC(430) Metaspace: 20612K(21376K)->20612K(21376K) NonClass: 18204K(18688K)->18204K(18688K) Class: 2407K(2688K)->2407K(2688K)
[178.622s][info][gc             ] GC(430) Pause Young (Allocation Failure) 1440M->85M(4092M) 1.064ms
[178.622s][info][gc,cpu         ] GC(430) User=0.00s Sys=0.00s Real=0.00s
[179.122s][info][gc,start       ] GC(431) Pause Young (Allocation Failure)
[179.122s][info][gc,heap        ] GC(431) PSYoungGen: 1391752K->1327K(1394176K)
[179.122s][info][gc,heap        ] GC(431) ParOldGen: 85575K->85599K(2796544K)
[179.122s][info][gc,metaspace   ] GC(431) Metaspace: 20612K(21376K)->20612K(21376K) NonClass: 18204K(18688K)->18204K(18688K) Class: 2407K(2688K)->2407K(2688K)
[179.122s][info][gc             ] GC(431) Pause Young (Allocation Failure) 1442M->84M(4092M) 0.820ms
[179.122s][info][gc,cpu         ] GC(431) User=0.00s Sys=0.00s Real=0.00s
[179.636s][info][gc,start       ] GC(432) Pause Young (Allocation Failure)
[179.636s][info][gc,heap        ] GC(432) PSYoungGen: 1391407K->192K(1393664K)
[179.636s][info][gc,heap        ] GC(432) ParOldGen: 85599K->85599K(2796544K)
[179.636s][info][gc,metaspace   ] GC(432) Metaspace: 20612K(21376K)->20612K(21376K) NonClass: 18204K(18688K)->18204K(18688K) Class: 2407K(2688K)->2407K(2688K)
[179.636s][info][gc             ] GC(432) Pause Young (Allocation Failure) 1442M->83M(4092M) 0.497ms
[179.636s][info][gc,cpu         ] GC(432) User=0.00s Sys=0.00s Real=0.00s
[180.146s][info][gc,start       ] GC(433) Pause Young (Allocation Failure)
[180.147s][info][gc,heap        ] GC(433) PSYoungGen: 1390272K->2217K(1393152K)
[180.147s][info][gc,heap        ] GC(433) ParOldGen: 85599K->85623K(2796544K)
[180.147s][info][gc,metaspace   ] GC(433) Metaspace: 20612K(21376K)->20612K(21376K) NonClass: 18204K(18688K)->18204K(18688K) Class: 2407K(2688K)->2407K(2688K)
[180.147s][info][gc             ] GC(433) Pause Young (Allocation Failure) 1441M->85M(4091M) 1.132ms
[180.147s][info][gc,cpu         ] GC(433) User=0.02s Sys=0.00s Real=0.00s
[180.266s][info][gc,start       ] GC(434) Pause Young (System.gc())
[180.267s][info][gc,heap        ] GC(434) PSYoungGen: 329804K->32K(1393664K)
[180.267s][info][gc,heap        ] GC(434) ParOldGen: 85623K->85623K(2796544K)
[180.267s][info][gc,metaspace   ] GC(434) Metaspace: 20612K(21376K)->20612K(21376K) NonClass: 18204K(18688K)->18204K(18688K) Class: 2407K(2688K)->2407K(2688K)
[180.267s][info][gc             ] GC(434) Pause Young (System.gc()) 405M->83M(4092M) 0.669ms
[180.267s][info][gc,cpu         ] GC(434) User=0.00s Sys=0.00s Real=0.00s
[180.267s][info][gc,start       ] GC(435) Pause Full (System.gc())
[180.267s][info][gc,phases,start] GC(435) Marking Phase
[180.341s][info][gc,phases      ] GC(435) Marking Phase 74.263ms
[180.341s][info][gc,phases,start] GC(435) Summary Phase
[180.341s][info][gc,phases      ] GC(435) Summary Phase 0.013ms
[180.341s][info][gc,phases,start] GC(435) Adjust Roots
[180.343s][info][gc,phases      ] GC(435) Adjust Roots 1.607ms
[180.343s][info][gc,phases,start] GC(435) Compaction Phase
[180.361s][info][gc,phases      ] GC(435) Compaction Phase 18.770ms
[180.362s][info][gc,phases,start] GC(435) Post Compact
[180.363s][info][gc,phases      ] GC(435) Post Compact 1.036ms
[180.363s][info][gc,heap        ] GC(435) PSYoungGen: 32K->0K(1393664K)
[180.363s][info][gc,heap        ] GC(435) ParOldGen: 85623K->85551K(2796544K)
[180.363s][info][gc,metaspace   ] GC(435) Metaspace: 20612K(21376K)->20612K(21376K) NonClass: 18204K(18688K)->18204K(18688K) Class: 2407K(2688K)->2407K(2688K)
[180.363s][info][gc             ] GC(435) Pause Full (System.gc()) 83M->83M(4092M) 96.048ms
[180.363s][info][gc,cpu         ] GC(435) User=0.39s Sys=0.00s Real=0.10s
[180.856s][info][gc,start       ] GC(436) Pause Young (Allocation Failure)
[180.857s][info][gc,heap        ] GC(436) PSYoungGen: 1389568K->2159K(1393664K)
[180.857s][info][gc,heap        ] GC(436) ParOldGen: 85551K->85551K(2796544K)
[180.857s][info][gc,metaspace   ] GC(436) Metaspace: 20627K(21376K)->20627K(21376K) NonClass: 18220K(18688K)->18220K(18688K) Class: 2407K(2688K)->2407K(2688K)
[180.857s][info][gc             ] GC(436) Pause Young (Allocation Failure) 1440M->85M(4092M) 0.943ms
[180.857s][info][gc,cpu         ] GC(436) User=0.00s Sys=0.00s Real=0.00s
[181.367s][info][gc,start       ] GC(437) Pause Young (Allocation Failure)
[181.368s][info][gc,heap        ] GC(437) PSYoungGen: 1391727K->1167K(1393664K)
[181.368s][info][gc,heap        ] GC(437) ParOldGen: 85551K->85567K(2796544K)
[181.368s][info][gc,metaspace   ] GC(437) Metaspace: 20628K(21376K)->20628K(21376K) NonClass: 18221K(18688K)->18221K(18688K) Class: 2407K(2688K)->2407K(2688K)
[181.368s][info][gc             ] GC(437) Pause Young (Allocation Failure) 1442M->84M(4092M) 1.174ms
[181.368s][info][gc,cpu         ] GC(437) User=0.00s Sys=0.00s Real=0.00s
[181.896s][info][gc,start       ] GC(438) Pause Young (Allocation Failure)
[181.897s][info][gc,heap        ] GC(438) PSYoungGen: 1390735K->481K(1394176K)
[181.897s][info][gc,heap        ] GC(438) ParOldGen: 85567K->85591K(2796544K)
[181.897s][info][gc,metaspace   ] GC(438) Metaspace: 20628K(21376K)->20628K(21376K) NonClass: 18221K(18688K)->18221K(18688K) Class: 2407K(2688K)->2407K(2688K)
[181.897s][info][gc             ] GC(438) Pause Young (Allocation Failure) 1441M->84M(4092M) 0.741ms
[181.897s][info][gc,cpu         ] GC(438) User=0.00s Sys=0.00s Real=0.00s
[182.403s][info][gc,start       ] GC(439) Pause Young (Allocation Failure)
[182.404s][info][gc,heap        ] GC(439) PSYoungGen: 1391073K->2729K(1393664K)
[182.404s][info][gc,heap        ] GC(439) ParOldGen: 85591K->85591K(2796544K)
[182.404s][info][gc,metaspace   ] GC(439) Metaspace: 20628K(21376K)->20628K(21376K) NonClass: 18221K(18688K)->18221K(18688K) Class: 2407K(2688K)->2407K(2688K)
[182.404s][info][gc             ] GC(439) Pause Young (Allocation Failure) 1442M->86M(4092M) 1.376ms
[182.404s][info][gc,cpu         ] GC(439) User=0.00s Sys=0.00s Real=0.00s
[182.900s][info][gc,start       ] GC(440) Pause Young (Allocation Failure)
[182.901s][info][gc,heap        ] GC(440) PSYoungGen: 1393321K->1849K(1393664K)
[182.901s][info][gc,heap        ] GC(440) ParOldGen: 85591K->85615K(2796544K)
[182.901s][info][gc,metaspace   ] GC(440) Metaspace: 20628K(21376K)->20628K(21376K) NonClass: 18221K(18688K)->18221K(18688K) Class: 2407K(2688K)->2407K(2688K)
[182.901s][info][gc             ] GC(440) Pause Young (Allocation Failure) 1444M->85M(4092M) 0.789ms
[182.901s][info][gc,cpu         ] GC(440) User=0.00s Sys=0.00s Real=0.00s
[183.399s][info][gc,start       ] GC(441) Pause Young (Allocation Failure)
[183.399s][info][gc,heap        ] GC(441) PSYoungGen: 1391417K->949K(1393664K)
[183.399s][info][gc,heap        ] GC(441) ParOldGen: 85615K->85615K(2796544K)
[183.399s][info][gc,metaspace   ] GC(441) Metaspace: 20628K(21376K)->20628K(21376K) NonClass: 18221K(18688K)->18221K(18688K) Class: 2407K(2688K)->2407K(2688K)
[183.399s][info][gc             ] GC(441) Pause Young (Allocation Failure) 1442M->84M(4092M) 0.762ms
[183.399s][info][gc,cpu         ] GC(441) User=0.00s Sys=0.00s Real=0.00s
[183.889s][info][gc,start       ] GC(442) Pause Young (Allocation Failure)
[183.890s][info][gc,heap        ] GC(442) PSYoungGen: 1390517K->2378K(1393152K)
[183.890s][info][gc,heap        ] GC(442) ParOldGen: 85615K->85631K(2796544K)
[183.890s][info][gc,metaspace   ] GC(442) Metaspace: 20628K(21376K)->20628K(21376K) NonClass: 18221K(18688K)->18221K(18688K) Class: 2407K(2688K)->2407K(2688K)
[183.890s][info][gc             ] GC(442) Pause Young (Allocation Failure) 1441M->85M(4091M) 1.235ms
[183.890s][info][gc,cpu         ] GC(442) User=0.00s Sys=0.00s Real=0.00s
[184.007s][info][gc,start       ] GC(443) Pause Young (System.gc())
[184.008s][info][gc,heap        ] GC(443) PSYoungGen: 321813K->64K(1393664K)
[184.008s][info][gc,heap        ] GC(443) ParOldGen: 85631K->85631K(2796544K)
[184.008s][info][gc,metaspace   ] GC(443) Metaspace: 20628K(21376K)->20628K(21376K) NonClass: 18221K(18688K)->18221K(18688K) Class: 2407K(2688K)->2407K(2688K)
[184.008s][info][gc             ] GC(443) Pause Young (System.gc()) 397M->83M(4092M) 0.443ms
[184.008s][info][gc,cpu         ] GC(443) User=0.00s Sys=0.00s Real=0.00s
[184.008s][info][gc,start       ] GC(444) Pause Full (System.gc())
[184.008s][info][gc,phases,start] GC(444) Marking Phase
[184.078s][info][gc,phases      ] GC(444) Marking Phase 70.368ms
[184.078s][info][gc,phases,start] GC(444) Summary Phase
[184.078s][info][gc,phases      ] GC(444) Summary Phase 0.012ms
[184.078s][info][gc,phases,start] GC(444) Adjust Roots
[184.080s][info][gc,phases      ] GC(444) Adjust Roots 1.473ms
[184.080s][info][gc,phases,start] GC(444) Compaction Phase
[184.099s][info][gc,phases      ] GC(444) Compaction Phase 19.038ms
[184.099s][info][gc,phases,start] GC(444) Post Compact
[184.100s][info][gc,phases      ] GC(444) Post Compact 1.036ms
[184.100s][info][gc,heap        ] GC(444) PSYoungGen: 64K->0K(1393664K)
[184.100s][info][gc,heap        ] GC(444) ParOldGen: 85631K->85551K(2796544K)
[184.100s][info][gc,metaspace   ] GC(444) Metaspace: 20628K(21376K)->20628K(21376K) NonClass: 18221K(18688K)->18221K(18688K) Class: 2407K(2688K)->2407K(2688K)
[184.100s][info][gc             ] GC(444) Pause Full (System.gc()) 83M->83M(4092M) 92.238ms
[184.100s][info][gc,cpu         ] GC(444) User=0.33s Sys=0.00s Real=0.09s
[184.598s][info][gc,start       ] GC(445) Pause Young (Allocation Failure)
[184.599s][info][gc,heap        ] GC(445) PSYoungGen: 1389568K->2442K(1393664K)
[184.599s][info][gc,heap        ] GC(445) ParOldGen: 85551K->85551K(2796544K)
[184.599s][info][gc,metaspace   ] GC(445) Metaspace: 20628K(21376K)->20628K(21376K) NonClass: 18221K(18688K)->18221K(18688K) Class: 2407K(2688K)->2407K(2688K)
[184.599s][info][gc             ] GC(445) Pause Young (Allocation Failure) 1440M->85M(4092M) 1.128ms
[184.599s][info][gc,cpu         ] GC(445) User=0.00s Sys=0.00s Real=0.00s
[185.079s][info][gc,start       ] GC(446) Pause Young (Allocation Failure)
[185.080s][info][gc,heap        ] GC(446) PSYoungGen: 1392010K->1542K(1393664K)
[185.080s][info][gc,heap        ] GC(446) ParOldGen: 85551K->85575K(2796544K)
[185.080s][info][gc,metaspace   ] GC(446) Metaspace: 20628K(21376K)->20628K(21376K) NonClass: 18221K(18688K)->18221K(18688K) Class: 2407K(2688K)->2407K(2688K)
[185.080s][info][gc             ] GC(446) Pause Young (Allocation Failure) 1442M->85M(4092M) 0.751ms
[185.080s][info][gc,cpu         ] GC(446) User=0.00s Sys=0.00s Real=0.00s
[185.566s][info][gc,start       ] GC(447) Pause Young (Allocation Failure)
[185.567s][info][gc,heap        ] GC(447) PSYoungGen: 1391110K->384K(1393664K)
[185.567s][info][gc,heap        ] GC(447) ParOldGen: 85575K->85599K(2796544K)
[185.567s][info][gc,metaspace   ] GC(447) Metaspace: 20628K(21376K)->20628K(21376K) NonClass: 18221K(18688K)->18221K(18688K) Class: 2407K(2688K)->2407K(2688K)
[185.567s][info][gc             ] GC(447) Pause Young (Allocation Failure) 1442M->83M(4092M) 0.665ms
[185.567s][info][gc,cpu         ] GC(447) User=0.00s Sys=0.00s Real=0.00s
[186.063s][info][gc,start       ] GC(448) Pause Young (Allocation Failure)
[186.064s][info][gc,heap        ] GC(448) PSYoungGen: 1389952K->2201K(1393664K)
[186.064s][info][gc,heap        ] GC(448) ParOldGen: 85599K->85599K(2796544K)
[186.064s][info][gc,metaspace   ] GC(448) Metaspace: 20628K(21376K)->20628K(21376K) NonClass: 18221K(18688K)->18221K(18688K) Class: 2407K(2688K)->2407K(2688K)
[186.064s][info][gc             ] GC(448) Pause Young (Allocation Failure) 1440M->85M(4092M) 0.736ms
[186.064s][info][gc,cpu         ] GC(448) User=0.00s Sys=0.00s Real=0.00s
[186.569s][info][gc,start       ] GC(449) Pause Young (Allocation Failure)
[186.570s][info][gc,heap        ] GC(449) PSYoungGen: 1391769K->878K(1393664K)
[186.570s][info][gc,heap        ] GC(449) ParOldGen: 85599K->85623K(2796544K)
[186.570s][info][gc,metaspace   ] GC(449) Metaspace: 20628K(21376K)->20628K(21376K) NonClass: 18221K(18688K)->18221K(18688K) Class: 2407K(2688K)->2407K(2688K)
[186.570s][info][gc             ] GC(449) Pause Young (Allocation Failure) 1442M->84M(4092M) 1.470ms
[186.570s][info][gc,cpu         ] GC(449) User=0.00s Sys=0.02s Real=0.00s
[187.056s][info][gc,start       ] GC(450) Pause Young (Allocation Failure)
[187.057s][info][gc,heap        ] GC(450) PSYoungGen: 1390446K->3095K(1393664K)
[187.057s][info][gc,heap        ] GC(450) ParOldGen: 85623K->85623K(2796544K)
[187.057s][info][gc,metaspace   ] GC(450) Metaspace: 20628K(21376K)->20628K(21376K) NonClass: 18221K(18688K)->18221K(18688K) Class: 2407K(2688K)->2407K(2688K)
[187.057s][info][gc             ] GC(450) Pause Young (Allocation Failure) 1441M->86M(4092M) 1.071ms
[187.057s][info][gc,cpu         ] GC(450) User=0.00s Sys=0.00s Real=0.00s
[187.550s][info][gc,start       ] GC(451) Pause Young (Allocation Failure)
[187.551s][info][gc,heap        ] GC(451) PSYoungGen: 1392663K->1661K(1393664K)
[187.551s][info][gc,heap        ] GC(451) ParOldGen: 85623K->85639K(2796544K)
[187.551s][info][gc,metaspace   ] GC(451) Metaspace: 20628K(21376K)->20628K(21376K) NonClass: 18221K(18688K)->18221K(18688K) Class: 2407K(2688K)->2407K(2688K)
[187.551s][info][gc             ] GC(451) Pause Young (Allocation Failure) 1443M->85M(4092M) 0.758ms
[187.551s][info][gc,cpu         ] GC(451) User=0.00s Sys=0.00s Real=0.00s
[187.666s][info][gc,start       ] GC(452) Pause Young (System.gc())
[187.667s][info][gc,heap        ] GC(452) PSYoungGen: 330257K->128K(1393664K)
[187.667s][info][gc,heap        ] GC(452) ParOldGen: 85639K->85639K(2796544K)
[187.667s][info][gc,metaspace   ] GC(452) Metaspace: 20628K(21376K)->20628K(21376K) NonClass: 18221K(18688K)->18221K(18688K) Class: 2407K(2688K)->2407K(2688K)
[187.667s][info][gc             ] GC(452) Pause Young (System.gc()) 406M->83M(4092M) 0.437ms
[187.667s][info][gc,cpu         ] GC(452) User=0.00s Sys=0.00s Real=0.00s
[187.667s][info][gc,start       ] GC(453) Pause Full (System.gc())
[187.667s][info][gc,phases,start] GC(453) Marking Phase
[187.725s][info][gc,phases      ] GC(453) Marking Phase 58.513ms
[187.725s][info][gc,phases,start] GC(453) Summary Phase
[187.725s][info][gc,phases      ] GC(453) Summary Phase 0.017ms
[187.725s][info][gc,phases,start] GC(453) Adjust Roots
[187.727s][info][gc,phases      ] GC(453) Adjust Roots 1.591ms
[187.727s][info][gc,phases,start] GC(453) Compaction Phase
[187.747s][info][gc,phases      ] GC(453) Compaction Phase 19.959ms
[187.747s][info][gc,phases,start] GC(453) Post Compact
[187.748s][info][gc,phases      ] GC(453) Post Compact 0.983ms
[187.748s][info][gc,heap        ] GC(453) PSYoungGen: 128K->0K(1393664K)
[187.748s][info][gc,heap        ] GC(453) ParOldGen: 85639K->85551K(2796544K)
[187.748s][info][gc,metaspace   ] GC(453) Metaspace: 20628K(21376K)->20628K(21376K) NonClass: 18221K(18688K)->18221K(18688K) Class: 2407K(2688K)->2407K(2688K)
[187.748s][info][gc             ] GC(453) Pause Full (System.gc()) 83M->83M(4092M) 81.365ms
[187.748s][info][gc,cpu         ] GC(453) User=0.30s Sys=0.00s Real=0.08s
[188.249s][info][gc,start       ] GC(454) Pause Young (Allocation Failure)
[188.250s][info][gc,heap        ] GC(454) PSYoungGen: 1389568K->2390K(1393664K)
[188.250s][info][gc,heap        ] GC(454) ParOldGen: 85551K->85551K(2796544K)
[188.250s][info][gc,metaspace   ] GC(454) Metaspace: 20631K(21376K)->20631K(21376K) NonClass: 18223K(18688K)->18223K(18688K) Class: 2407K(2688K)->2407K(2688K)
[188.250s][info][gc             ] GC(454) Pause Young (Allocation Failure) 1440M->85M(4092M) 0.975ms
[188.250s][info][gc,cpu         ] GC(454) User=0.00s Sys=0.00s Real=0.00s
[188.759s][info][gc,start       ] GC(455) Pause Young (Allocation Failure)
[188.760s][info][gc,heap        ] GC(455) PSYoungGen: 1391958K->1472K(1393664K)
[188.760s][info][gc,heap        ] GC(455) ParOldGen: 85551K->85575K(2796544K)
[188.760s][info][gc,metaspace   ] GC(455) Metaspace: 20631K(21376K)->20631K(21376K) NonClass: 18223K(18688K)->18223K(18688K) Class: 2407K(2688K)->2407K(2688K)
[188.760s][info][gc             ] GC(455) Pause Young (Allocation Failure) 1442M->85M(4092M) 0.775ms
[188.760s][info][gc,cpu         ] GC(455) User=0.00s Sys=0.00s Real=0.00s
[189.245s][info][gc,start       ] GC(456) Pause Young (Allocation Failure)
[189.246s][info][gc,heap        ] GC(456) PSYoungGen: 1391040K->688K(1393664K)
[189.246s][info][gc,heap        ] GC(456) ParOldGen: 85575K->85599K(2796544K)
[189.246s][info][gc,metaspace   ] GC(456) Metaspace: 20631K(21376K)->20631K(21376K) NonClass: 18223K(18688K)->18223K(18688K) Class: 2407K(2688K)->2407K(2688K)
[189.246s][info][gc             ] GC(456) Pause Young (Allocation Failure) 1442M->84M(4092M) 0.724ms
[189.246s][info][gc,cpu         ] GC(456) User=0.00s Sys=0.00s Real=0.00s
[189.746s][info][gc,start       ] GC(457) Pause Young (Allocation Failure)
[189.748s][info][gc,heap        ] GC(457) PSYoungGen: 1390232K->2779K(1393664K)
[189.748s][info][gc,heap        ] GC(457) ParOldGen: 85599K->85599K(2796544K)
[189.748s][info][gc,metaspace   ] GC(457) Metaspace: 20632K(21376K)->20632K(21376K) NonClass: 18224K(18688K)->18224K(18688K) Class: 2407K(2688K)->2407K(2688K)
[189.748s][info][gc             ] GC(457) Pause Young (Allocation Failure) 1441M->86M(4092M) 1.193ms
[189.748s][info][gc,cpu         ] GC(457) User=0.00s Sys=0.00s Real=0.00s
[190.247s][info][gc,start       ] GC(458) Pause Young (Allocation Failure)
[190.248s][info][gc,heap        ] GC(458) PSYoungGen: 1392347K->1672K(1393664K)
[190.248s][info][gc,heap        ] GC(458) ParOldGen: 85599K->85623K(2796544K)
[190.248s][info][gc,metaspace   ] GC(458) Metaspace: 20632K(21376K)->20632K(21376K) NonClass: 18224K(18688K)->18224K(18688K) Class: 2407K(2688K)->2407K(2688K)
[190.248s][info][gc             ] GC(458) Pause Young (Allocation Failure) 1443M->85M(4092M) 0.786ms
[190.248s][info][gc,cpu         ] GC(458) User=0.00s Sys=0.00s Real=0.00s
[190.744s][info][gc,start       ] GC(459) Pause Young (Allocation Failure)
[190.745s][info][gc,heap        ] GC(459) PSYoungGen: 1391240K->786K(1393664K)
[190.745s][info][gc,heap        ] GC(459) ParOldGen: 85623K->85623K(2796544K)
[190.745s][info][gc,metaspace   ] GC(459) Metaspace: 20632K(21376K)->20632K(21376K) NonClass: 18224K(18688K)->18224K(18688K) Class: 2407K(2688K)->2407K(2688K)
[190.745s][info][gc             ] GC(459) Pause Young (Allocation Failure) 1442M->84M(4092M) 0.990ms
[190.745s][info][gc,cpu         ] GC(459) User=0.00s Sys=0.00s Real=0.00s
[191.236s][info][gc,start       ] GC(460) Pause Young (Allocation Failure)
[191.237s][info][gc,heap        ] GC(460) PSYoungGen: 1390354K->2803K(1393664K)
[191.237s][info][gc,heap        ] GC(460) ParOldGen: 85623K->85647K(2796544K)
[191.237s][info][gc,metaspace   ] GC(460) Metaspace: 20632K(21376K)->20632K(21376K) NonClass: 18224K(18688K)->18224K(18688K) Class: 2407K(2688K)->2407K(2688K)
[191.237s][info][gc             ] GC(460) Pause Young (Allocation Failure) 1441M->86M(4092M) 1.173ms
[191.237s][info][gc,cpu         ] GC(460) User=0.00s Sys=0.00s Real=0.00s
[191.359s][info][gc,start       ] GC(461) Pause Young (System.gc())
[191.359s][info][gc,heap        ] GC(461) PSYoungGen: 326131K->64K(1393664K)
[191.359s][info][gc,heap        ] GC(461) ParOldGen: 85647K->85647K(2796544K)
[191.359s][info][gc,metaspace   ] GC(461) Metaspace: 20632K(21376K)->20632K(21376K) NonClass: 18224K(18688K)->18224K(18688K) Class: 2407K(2688K)->2407K(2688K)
[191.359s][info][gc             ] GC(461) Pause Young (System.gc()) 402M->83M(4092M) 0.592ms
[191.359s][info][gc,cpu         ] GC(461) User=0.00s Sys=0.00s Real=0.00s
[191.359s][info][gc,start       ] GC(462) Pause Full (System.gc())
[191.359s][info][gc,phases,start] GC(462) Marking Phase
[191.437s][info][gc,phases      ] GC(462) Marking Phase 77.793ms
[191.437s][info][gc,phases,start] GC(462) Summary Phase
[191.437s][info][gc,phases      ] GC(462) Summary Phase 0.012ms
[191.437s][info][gc,phases,start] GC(462) Adjust Roots
[191.439s][info][gc,phases      ] GC(462) Adjust Roots 1.427ms
[191.439s][info][gc,phases,start] GC(462) Compaction Phase
[191.457s][info][gc,phases      ] GC(462) Compaction Phase 18.499ms
[191.457s][info][gc,phases,start] GC(462) Post Compact
[191.458s][info][gc,phases      ] GC(462) Post Compact 1.084ms
[191.458s][info][gc,heap        ] GC(462) PSYoungGen: 64K->0K(1393664K)
[191.458s][info][gc,heap        ] GC(462) ParOldGen: 85647K->85551K(2796544K)
[191.458s][info][gc,metaspace   ] GC(462) Metaspace: 20632K(21376K)->20632K(21376K) NonClass: 18224K(18688K)->18224K(18688K) Class: 2407K(2688K)->2407K(2688K)
[191.458s][info][gc             ] GC(462) Pause Full (System.gc()) 83M->83M(4092M) 99.139ms
[191.458s][info][gc,cpu         ] GC(462) User=0.23s Sys=0.00s Real=0.10s
[191.952s][info][gc,start       ] GC(463) Pause Young (Allocation Failure)
[191.953s][info][gc,heap        ] GC(463) PSYoungGen: 1389568K->2001K(1393664K)
[191.954s][info][gc,heap        ] GC(463) ParOldGen: 85551K->85551K(2796544K)
[191.954s][info][gc,metaspace   ] GC(463) Metaspace: 20635K(21376K)->20635K(21376K) NonClass: 18227K(18688K)->18227K(18688K) Class: 2407K(2688K)->2407K(2688K)
[191.954s][info][gc             ] GC(463) Pause Young (Allocation Failure) 1440M->85M(4092M) 1.464ms
[191.954s][info][gc,cpu         ] GC(463) User=0.00s Sys=0.00s Real=0.00s
[192.470s][info][gc,start       ] GC(464) Pause Young (Allocation Failure)
[192.471s][info][gc,heap        ] GC(464) PSYoungGen: 1391569K->1158K(1393664K)
[192.471s][info][gc,heap        ] GC(464) ParOldGen: 85551K->85607K(2796544K)
[192.471s][info][gc,metaspace   ] GC(464) Metaspace: 20635K(21376K)->20635K(21376K) NonClass: 18227K(18688K)->18227K(18688K) Class: 2407K(2688K)->2407K(2688K)
[192.471s][info][gc             ] GC(464) Pause Young (Allocation Failure) 1442M->84M(4092M) 0.764ms
[192.471s][info][gc,cpu         ] GC(464) User=0.00s Sys=0.00s Real=0.00s
[192.970s][info][gc,start       ] GC(465) Pause Young (Allocation Failure)
[192.971s][info][gc,heap        ] GC(465) PSYoungGen: 1390726K->352K(1393664K)
[192.971s][info][gc,heap        ] GC(465) ParOldGen: 85607K->85631K(2796544K)
[192.971s][info][gc,metaspace   ] GC(465) Metaspace: 20635K(21376K)->20635K(21376K) NonClass: 18227K(18688K)->18227K(18688K) Class: 2407K(2688K)->2407K(2688K)
[192.971s][info][gc             ] GC(465) Pause Young (Allocation Failure) 1441M->83M(4092M) 0.666ms
[192.971s][info][gc,cpu         ] GC(465) User=0.00s Sys=0.00s Real=0.00s
[193.460s][info][gc,start       ] GC(466) Pause Young (Allocation Failure)
[193.460s][info][gc,heap        ] GC(466) PSYoungGen: 1389920K->2286K(1393664K)
[193.460s][info][gc,heap        ] GC(466) ParOldGen: 85631K->85631K(2796544K)
[193.460s][info][gc,metaspace   ] GC(466) Metaspace: 20635K(21376K)->20635K(21376K) NonClass: 18227K(18688K)->18227K(18688K) Class: 2407K(2688K)->2407K(2688K)
[193.460s][info][gc             ] GC(466) Pause Young (Allocation Failure) 1440M->85M(4092M) 0.901ms
[193.460s][info][gc,cpu         ] GC(466) User=0.00s Sys=0.00s Real=0.00s
[193.958s][info][gc,start       ] GC(467) Pause Young (Allocation Failure)
[193.959s][info][gc,heap        ] GC(467) PSYoungGen: 1391854K->1353K(1394176K)
[193.959s][info][gc,heap        ] GC(467) ParOldGen: 85631K->85647K(2796544K)
[193.959s][info][gc,metaspace   ] GC(467) Metaspace: 20635K(21376K)->20635K(21376K) NonClass: 18227K(18688K)->18227K(18688K) Class: 2407K(2688K)->2407K(2688K)
[193.959s][info][gc             ] GC(467) Pause Young (Allocation Failure) 1442M->84M(4092M) 0.824ms
[193.959s][info][gc,cpu         ] GC(467) User=0.00s Sys=0.00s Real=0.00s
[194.463s][info][gc,start       ] GC(468) Pause Young (Allocation Failure)
[194.464s][info][gc,heap        ] GC(468) PSYoungGen: 1391433K->192K(1393664K)
[194.464s][info][gc,heap        ] GC(468) ParOldGen: 85647K->85647K(2796544K)
[194.464s][info][gc,metaspace   ] GC(468) Metaspace: 20635K(21376K)->20635K(21376K) NonClass: 18227K(18688K)->18227K(18688K) Class: 2407K(2688K)->2407K(2688K)
[194.464s][info][gc             ] GC(468) Pause Young (Allocation Failure) 1442M->83M(4092M) 0.900ms
[194.464s][info][gc,cpu         ] GC(468) User=0.00s Sys=0.00s Real=0.00s
[194.947s][info][gc,start       ] GC(469) Pause Young (Allocation Failure)
[194.948s][info][gc,heap        ] GC(469) PSYoungGen: 1390272K->2055K(1393152K)
[194.948s][info][gc,heap        ] GC(469) ParOldGen: 85647K->85663K(2796544K)
[194.948s][info][gc,metaspace   ] GC(469) Metaspace: 20635K(21376K)->20635K(21376K) NonClass: 18227K(18688K)->18227K(18688K) Class: 2407K(2688K)->2407K(2688K)
[194.948s][info][gc             ] GC(469) Pause Young (Allocation Failure) 1441M->85M(4091M) 1.121ms
[194.948s][info][gc,cpu         ] GC(469) User=0.00s Sys=0.00s Real=0.00s
[195.064s][info][gc,start       ] GC(470) Pause Young (System.gc())
[195.064s][info][gc,heap        ] GC(470) PSYoungGen: 327751K->64K(1393664K)
[195.064s][info][gc,heap        ] GC(470) ParOldGen: 85663K->85663K(2796544K)
[195.064s][info][gc,metaspace   ] GC(470) Metaspace: 20635K(21376K)->20635K(21376K) NonClass: 18227K(18688K)->18227K(18688K) Class: 2407K(2688K)->2407K(2688K)
[195.064s][info][gc             ] GC(470) Pause Young (System.gc()) 403M->83M(4092M) 0.578ms
[195.064s][info][gc,cpu         ] GC(470) User=0.00s Sys=0.00s Real=0.00s
[195.064s][info][gc,start       ] GC(471) Pause Full (System.gc())
[195.064s][info][gc,phases,start] GC(471) Marking Phase
[195.128s][info][gc,phases      ] GC(471) Marking Phase 63.962ms
[195.128s][info][gc,phases,start] GC(471) Summary Phase
[195.128s][info][gc,phases      ] GC(471) Summary Phase 0.012ms
[195.128s][info][gc,phases,start] GC(471) Adjust Roots
[195.130s][info][gc,phases      ] GC(471) Adjust Roots 1.376ms
[195.130s][info][gc,phases,start] GC(471) Compaction Phase
[195.148s][info][gc,phases      ] GC(471) Compaction Phase 17.956ms
[195.148s][info][gc,phases,start] GC(471) Post Compact
[195.149s][info][gc,phases      ] GC(471) Post Compact 0.903ms
[195.149s][info][gc,heap        ] GC(471) PSYoungGen: 64K->0K(1393664K)
[195.149s][info][gc,heap        ] GC(471) ParOldGen: 85663K->85584K(2796544K)
[195.149s][info][gc,metaspace   ] GC(471) Metaspace: 20635K(21376K)->20635K(21376K) NonClass: 18227K(18688K)->18227K(18688K) Class: 2407K(2688K)->2407K(2688K)
[195.149s][info][gc             ] GC(471) Pause Full (System.gc()) 83M->83M(4092M) 84.507ms
[195.149s][info][gc,cpu         ] GC(471) User=0.22s Sys=0.00s Real=0.08s
[195.641s][info][gc,start       ] GC(472) Pause Young (Allocation Failure)
[195.641s][info][gc,heap        ] GC(472) PSYoungGen: 1389568K->2108K(1393664K)
[195.642s][info][gc,heap        ] GC(472) ParOldGen: 85584K->85584K(2796544K)
[195.642s][info][gc,metaspace   ] GC(472) Metaspace: 20636K(21376K)->20636K(21376K) NonClass: 18228K(18688K)->18228K(18688K) Class: 2407K(2688K)->2407K(2688K)
[195.642s][info][gc             ] GC(472) Pause Young (Allocation Failure) 1440M->85M(4092M) 0.892ms
[195.642s][info][gc,cpu         ] GC(472) User=0.00s Sys=0.00s Real=0.00s
[196.139s][info][gc,start       ] GC(473) Pause Young (Allocation Failure)
[196.140s][info][gc,heap        ] GC(473) PSYoungGen: 1391670K->1040K(1393664K)
[196.140s][info][gc,heap        ] GC(473) ParOldGen: 85584K->85592K(2796544K)
[196.140s][info][gc,metaspace   ] GC(473) Metaspace: 20636K(21376K)->20636K(21376K) NonClass: 18228K(18688K)->18228K(18688K) Class: 2407K(2688K)->2407K(2688K)
[196.140s][info][gc             ] GC(473) Pause Young (Allocation Failure) 1442M->84M(4092M) 0.864ms
[196.140s][info][gc,cpu         ] GC(473) User=0.00s Sys=0.00s Real=0.00s
[196.642s][info][gc,start       ] GC(474) Pause Young (Allocation Failure)
[196.643s][info][gc,heap        ] GC(474) PSYoungGen: 1390466K->3281K(1393152K)
[196.643s][info][gc,heap        ] GC(474) ParOldGen: 85592K->85608K(2796544K)
[196.643s][info][gc,metaspace   ] GC(474) Metaspace: 20636K(21376K)->20636K(21376K) NonClass: 18228K(18688K)->18228K(18688K) Class: 2407K(2688K)->2407K(2688K)
[196.643s][info][gc             ] GC(474) Pause Young (Allocation Failure) 1441M->86M(4091M) 1.167ms
[196.643s][info][gc,cpu         ] GC(474) User=0.00s Sys=0.00s Real=0.00s
[197.141s][info][gc,start       ] GC(475) Pause Young (Allocation Failure)
[197.142s][info][gc,heap        ] GC(475) PSYoungGen: 1392849K->2000K(1393664K)
[197.142s][info][gc,heap        ] GC(475) ParOldGen: 85608K->85608K(2796544K)
[197.142s][info][gc,metaspace   ] GC(475) Metaspace: 20636K(21376K)->20636K(21376K) NonClass: 18228K(18688K)->18228K(18688K) Class: 2407K(2688K)->2407K(2688K)
[197.142s][info][gc             ] GC(475) Pause Young (Allocation Failure) 1443M->85M(4092M) 1.086ms
[197.142s][info][gc,cpu         ] GC(475) User=0.00s Sys=0.00s Real=0.00s
[197.644s][info][gc,start       ] GC(476) Pause Young (Allocation Failure)
[197.644s][info][gc,heap        ] GC(476) PSYoungGen: 1391568K->681K(1393664K)
[197.644s][info][gc,heap        ] GC(476) ParOldGen: 85608K->85632K(2796544K)
[197.645s][info][gc,metaspace   ] GC(476) Metaspace: 20636K(21376K)->20636K(21376K) NonClass: 18228K(18688K)->18228K(18688K) Class: 2407K(2688K)->2407K(2688K)
[197.645s][info][gc             ] GC(476) Pause Young (Allocation Failure) 1442M->84M(4092M) 0.920ms
[197.645s][info][gc,cpu         ] GC(476) User=0.00s Sys=0.00s Real=0.00s
[198.145s][info][gc,start       ] GC(477) Pause Young (Allocation Failure)
[198.146s][info][gc,heap        ] GC(477) PSYoungGen: 1390249K->2844K(1392640K)
[198.146s][info][gc,heap        ] GC(477) ParOldGen: 85632K->85632K(2796544K)
[198.146s][info][gc,metaspace   ] GC(477) Metaspace: 20636K(21376K)->20636K(21376K) NonClass: 18228K(18688K)->18228K(18688K) Class: 2407K(2688K)->2407K(2688K)
[198.146s][info][gc             ] GC(477) Pause Young (Allocation Failure) 1441M->86M(4091M) 1.147ms
[198.146s][info][gc,cpu         ] GC(477) User=0.00s Sys=0.00s Real=0.00s
[198.718s][info][gc,start       ] GC(478) Pause Young (Allocation Failure)
[198.719s][info][gc,heap        ] GC(478) PSYoungGen: 1392412K->1789K(1393664K)
[198.719s][info][gc,heap        ] GC(478) ParOldGen: 85632K->85656K(2796544K)
[198.719s][info][gc,metaspace   ] GC(478) Metaspace: 20636K(21376K)->20636K(21376K) NonClass: 18228K(18688K)->18228K(18688K) Class: 2407K(2688K)->2407K(2688K)
[198.719s][info][gc             ] GC(478) Pause Young (Allocation Failure) 1443M->85M(4092M) 0.919ms
[198.719s][info][gc,cpu         ] GC(478) User=0.00s Sys=0.00s Real=0.00s
[198.837s][info][gc,start       ] GC(479) Pause Young (System.gc())
[198.838s][info][gc,heap        ] GC(479) PSYoungGen: 335798K->128K(1393152K)
[198.838s][info][gc,heap        ] GC(479) ParOldGen: 85656K->85656K(2796544K)
[198.838s][info][gc,metaspace   ] GC(479) Metaspace: 20636K(21376K)->20636K(21376K) NonClass: 18228K(18688K)->18228K(18688K) Class: 2407K(2688K)->2407K(2688K)
[198.838s][info][gc             ] GC(479) Pause Young (System.gc()) 411M->83M(4091M) 0.580ms
[198.838s][info][gc,cpu         ] GC(479) User=0.00s Sys=0.00s Real=0.00s
[198.838s][info][gc,start       ] GC(480) Pause Full (System.gc())
[198.838s][info][gc,phases,start] GC(480) Marking Phase
[198.906s][info][gc,phases      ] GC(480) Marking Phase 68.080ms
[198.906s][info][gc,phases,start] GC(480) Summary Phase
[198.906s][info][gc,phases      ] GC(480) Summary Phase 0.012ms
[198.906s][info][gc,phases,start] GC(480) Adjust Roots
[198.907s][info][gc,phases      ] GC(480) Adjust Roots 1.355ms
[198.907s][info][gc,phases,start] GC(480) Compaction Phase
[198.926s][info][gc,phases      ] GC(480) Compaction Phase 18.917ms
[198.926s][info][gc,phases,start] GC(480) Post Compact
[198.928s][info][gc,phases      ] GC(480) Post Compact 1.081ms
[198.928s][info][gc,heap        ] GC(480) PSYoungGen: 128K->0K(1393152K)
[198.928s][info][gc,heap        ] GC(480) ParOldGen: 85656K->85584K(2796544K)
[198.928s][info][gc,metaspace   ] GC(480) Metaspace: 20636K(21376K)->20636K(21376K) NonClass: 18228K(18688K)->18228K(18688K) Class: 2407K(2688K)->2407K(2688K)
[198.928s][info][gc             ] GC(480) Pause Full (System.gc()) 83M->83M(4091M) 89.766ms
[198.928s][info][gc,cpu         ] GC(480) User=0.31s Sys=0.00s Real=0.09s
[199.430s][info][gc,start       ] GC(481) Pause Young (Allocation Failure)
[199.431s][info][gc,heap        ] GC(481) PSYoungGen: 1389056K->2122K(1393664K)
[199.431s][info][gc,heap        ] GC(481) ParOldGen: 85584K->85584K(2796544K)
[199.431s][info][gc,metaspace   ] GC(481) Metaspace: 20636K(21376K)->20636K(21376K) NonClass: 18228K(18688K)->18228K(18688K) Class: 2407K(2688K)->2407K(2688K)
[199.431s][info][gc             ] GC(481) Pause Young (Allocation Failure) 1440M->85M(4092M) 0.964ms
[199.431s][info][gc,cpu         ] GC(481) User=0.00s Sys=0.00s Real=0.00s
[199.928s][info][gc,start       ] GC(482) Pause Young (Allocation Failure)
[199.929s][info][gc,heap        ] GC(482) PSYoungGen: 1391690K->1258K(1393664K)
[199.929s][info][gc,heap        ] GC(482) ParOldGen: 85584K->85600K(2796544K)
[199.929s][info][gc,metaspace   ] GC(482) Metaspace: 20636K(21376K)->20636K(21376K) NonClass: 18228K(18688K)->18228K(18688K) Class: 2407K(2688K)->2407K(2688K)
[199.929s][info][gc             ] GC(482) Pause Young (Allocation Failure) 1442M->84M(4092M) 0.978ms
[199.929s][info][gc,cpu         ] GC(482) User=0.00s Sys=0.00s Real=0.00s
[200.426s][info][gc,start       ] GC(483) Pause Young (Allocation Failure)
[200.427s][info][gc,heap        ] GC(483) PSYoungGen: 1390826K->192K(1393664K)
[200.427s][info][gc,heap        ] GC(483) ParOldGen: 85600K->85632K(2796544K)
[200.427s][info][gc,metaspace   ] GC(483) Metaspace: 20636K(21376K)->20636K(21376K) NonClass: 18228K(18688K)->18228K(18688K) Class: 2407K(2688K)->2407K(2688K)
[200.427s][info][gc             ] GC(483) Pause Young (Allocation Failure) 1441M->83M(4092M) 0.871ms
[200.427s][info][gc,cpu         ] GC(483) User=0.00s Sys=0.00s Real=0.00s
[200.924s][info][gc,start       ] GC(484) Pause Young (Allocation Failure)
[200.925s][info][gc,heap        ] GC(484) PSYoungGen: 1389760K->2187K(1393664K)
[200.925s][info][gc,heap        ] GC(484) ParOldGen: 85632K->85632K(2796544K)
[200.925s][info][gc,metaspace   ] GC(484) Metaspace: 20636K(21376K)->20636K(21376K) NonClass: 18228K(18688K)->18228K(18688K) Class: 2407K(2688K)->2407K(2688K)
[200.925s][info][gc             ] GC(484) Pause Young (Allocation Failure) 1440M->85M(4092M) 1.342ms
[200.925s][info][gc,cpu         ] GC(484) User=0.00s Sys=0.00s Real=0.00s
[201.422s][info][gc,start       ] GC(485) Pause Young (Allocation Failure)
[201.423s][info][gc,heap        ] GC(485) PSYoungGen: 1391755K->1555K(1393664K)
[201.423s][info][gc,heap        ] GC(485) ParOldGen: 85632K->85656K(2796544K)
[201.423s][info][gc,metaspace   ] GC(485) Metaspace: 20636K(21376K)->20636K(21376K) NonClass: 18228K(18688K)->18228K(18688K) Class: 2407K(2688K)->2407K(2688K)
[201.423s][info][gc             ] GC(485) Pause Young (Allocation Failure) 1442M->85M(4092M) 1.052ms
[201.423s][info][gc,cpu         ] GC(485) User=0.00s Sys=0.00s Real=0.00s
[201.948s][info][gc,start       ] GC(486) Pause Young (Allocation Failure)
[201.949s][info][gc,heap        ] GC(486) PSYoungGen: 1391123K->521K(1393664K)
[201.949s][info][gc,heap        ] GC(486) ParOldGen: 85656K->85656K(2796544K)
[201.949s][info][gc,metaspace   ] GC(486) Metaspace: 20636K(21376K)->20636K(21376K) NonClass: 18228K(18688K)->18228K(18688K) Class: 2407K(2688K)->2407K(2688K)
[201.949s][info][gc             ] GC(486) Pause Young (Allocation Failure) 1442M->84M(4092M) 0.833ms
[201.949s][info][gc,cpu         ] GC(486) User=0.00s Sys=0.00s Real=0.00s
[202.448s][info][gc,start       ] GC(487) Pause Young (Allocation Failure)
[202.449s][info][gc,heap        ] GC(487) PSYoungGen: 1390089K->2144K(1393152K)
[202.449s][info][gc,heap        ] GC(487) ParOldGen: 85656K->85672K(2796544K)
[202.449s][info][gc,metaspace   ] GC(487) Metaspace: 20636K(21376K)->20636K(21376K) NonClass: 18228K(18688K)->18228K(18688K) Class: 2407K(2688K)->2407K(2688K)
[202.449s][info][gc             ] GC(487) Pause Young (Allocation Failure) 1441M->85M(4091M) 1.202ms
[202.450s][info][gc,cpu         ] GC(487) User=0.00s Sys=0.00s Real=0.00s
[202.565s][info][gc,start       ] GC(488) Pause Young (System.gc())
[202.565s][info][gc,heap        ] GC(488) PSYoungGen: 321753K->32K(1393664K)
[202.565s][info][gc,heap        ] GC(488) ParOldGen: 85672K->85672K(2796544K)
[202.565s][info][gc,metaspace   ] GC(488) Metaspace: 20636K(21376K)->20636K(21376K) NonClass: 18228K(18688K)->18228K(18688K) Class: 2407K(2688K)->2407K(2688K)
[202.566s][info][gc             ] GC(488) Pause Young (System.gc()) 397M->83M(4092M) 0.526ms
[202.566s][info][gc,cpu         ] GC(488) User=0.00s Sys=0.00s Real=0.00s
[202.566s][info][gc,start       ] GC(489) Pause Full (System.gc())
[202.566s][info][gc,phases,start] GC(489) Marking Phase
[202.644s][info][gc,phases      ] GC(489) Marking Phase 78.493ms
[202.644s][info][gc,phases,start] GC(489) Summary Phase
[202.644s][info][gc,phases      ] GC(489) Summary Phase 0.013ms
[202.644s][info][gc,phases,start] GC(489) Adjust Roots
[202.646s][info][gc,phases      ] GC(489) Adjust Roots 1.512ms
[202.646s][info][gc,phases,start] GC(489) Compaction Phase
[202.664s][info][gc,phases      ] GC(489) Compaction Phase 17.883ms
[202.664s][info][gc,phases,start] GC(489) Post Compact
[202.665s][info][gc,phases      ] GC(489) Post Compact 1.099ms
[202.665s][info][gc,heap        ] GC(489) PSYoungGen: 32K->0K(1393664K)
[202.665s][info][gc,heap        ] GC(489) ParOldGen: 85672K->85584K(2796544K)
[202.665s][info][gc,metaspace   ] GC(489) Metaspace: 20636K(21376K)->20636K(21376K) NonClass: 18228K(18688K)->18228K(18688K) Class: 2407K(2688K)->2407K(2688K)
[202.665s][info][gc             ] GC(489) Pause Full (System.gc()) 83M->83M(4092M) 99.396ms
[202.665s][info][gc,cpu         ] GC(489) User=0.42s Sys=0.00s Real=0.10s
[203.149s][info][gc,start       ] GC(490) Pause Young (Allocation Failure)
[203.151s][info][gc,heap        ] GC(490) PSYoungGen: 1389568K->1993K(1393664K)
[203.151s][info][gc,heap        ] GC(490) ParOldGen: 85584K->85584K(2796544K)
[203.151s][info][gc,metaspace   ] GC(490) Metaspace: 20636K(21376K)->20636K(21376K) NonClass: 18228K(18688K)->18228K(18688K) Class: 2407K(2688K)->2407K(2688K)
[203.151s][info][gc             ] GC(490) Pause Young (Allocation Failure) 1440M->85M(4092M) 1.639ms
[203.151s][info][gc,cpu         ] GC(490) User=0.00s Sys=0.00s Real=0.00s
[203.642s][info][gc,start       ] GC(491) Pause Young (Allocation Failure)
[203.643s][info][gc,heap        ] GC(491) PSYoungGen: 1391561K->763K(1393664K)
[203.643s][info][gc,heap        ] GC(491) ParOldGen: 85584K->85600K(2796544K)
[203.643s][info][gc,metaspace   ] GC(491) Metaspace: 20636K(21376K)->20636K(21376K) NonClass: 18228K(18688K)->18228K(18688K) Class: 2407K(2688K)->2407K(2688K)
[203.643s][info][gc             ] GC(491) Pause Young (Allocation Failure) 1442M->84M(4092M) 0.609ms
[203.643s][info][gc,cpu         ] GC(491) User=0.00s Sys=0.00s Real=0.00s
[204.141s][info][gc,start       ] GC(492) Pause Young (Allocation Failure)
[204.143s][info][gc,heap        ] GC(492) PSYoungGen: 1390309K->2893K(1393152K)
[204.143s][info][gc,heap        ] GC(492) ParOldGen: 85600K->85632K(2796544K)
[204.143s][info][gc,metaspace   ] GC(492) Metaspace: 20636K(21376K)->20636K(21376K) NonClass: 18228K(18688K)->18228K(18688K) Class: 2407K(2688K)->2407K(2688K)
[204.143s][info][gc             ] GC(492) Pause Young (Allocation Failure) 1441M->86M(4091M) 1.790ms
[204.143s][info][gc,cpu         ] GC(492) User=0.00s Sys=0.00s Real=0.00s
[204.643s][info][gc,start       ] GC(493) Pause Young (Allocation Failure)
[204.644s][info][gc,heap        ] GC(493) PSYoungGen: 1392461K->1618K(1393664K)
[204.644s][info][gc,heap        ] GC(493) ParOldGen: 85632K->85632K(2796544K)
[204.644s][info][gc,metaspace   ] GC(493) Metaspace: 20636K(21376K)->20636K(21376K) NonClass: 18228K(18688K)->18228K(18688K) Class: 2407K(2688K)->2407K(2688K)
[204.644s][info][gc             ] GC(493) Pause Young (Allocation Failure) 1443M->85M(4092M) 0.893ms
[204.644s][info][gc,cpu         ] GC(493) User=0.00s Sys=0.00s Real=0.00s
[205.139s][info][gc,start       ] GC(494) Pause Young (Allocation Failure)
[205.140s][info][gc,heap        ] GC(494) PSYoungGen: 1391186K->923K(1393664K)
[205.140s][info][gc,heap        ] GC(494) ParOldGen: 85632K->85656K(2796544K)
[205.140s][info][gc,metaspace   ] GC(494) Metaspace: 20636K(21376K)->20636K(21376K) NonClass: 18228K(18688K)->18228K(18688K) Class: 2407K(2688K)->2407K(2688K)
[205.140s][info][gc             ] GC(494) Pause Young (Allocation Failure) 1442M->84M(4092M) 0.609ms
[205.140s][info][gc,cpu         ] GC(494) User=0.00s Sys=0.00s Real=0.00s
[205.623s][info][gc,start       ] GC(495) Pause Young (Allocation Failure)
[205.624s][info][gc,heap        ] GC(495) PSYoungGen: 1390354K->2991K(1393664K)
[205.624s][info][gc,heap        ] GC(495) ParOldGen: 85656K->85656K(2796544K)
[205.624s][info][gc,metaspace   ] GC(495) Metaspace: 20637K(21376K)->20637K(21376K) NonClass: 18229K(18688K)->18229K(18688K) Class: 2407K(2688K)->2407K(2688K)
[205.624s][info][gc             ] GC(495) Pause Young (Allocation Failure) 1441M->86M(4092M) 1.101ms
[205.624s][info][gc,cpu         ] GC(495) User=0.00s Sys=0.00s Real=0.00s
[206.104s][info][gc,start       ] GC(496) Pause Young (Allocation Failure)
[206.105s][info][gc,heap        ] GC(496) PSYoungGen: 1392559K->2119K(1393664K)
[206.105s][info][gc,heap        ] GC(496) ParOldGen: 85656K->85672K(2796544K)
[206.105s][info][gc,metaspace   ] GC(496) Metaspace: 20637K(21376K)->20637K(21376K) NonClass: 18229K(18688K)->18229K(18688K) Class: 2407K(2688K)->2407K(2688K)
[206.105s][info][gc             ] GC(496) Pause Young (Allocation Failure) 1443M->85M(4092M) 1.572ms
[206.105s][info][gc,cpu         ] GC(496) User=0.00s Sys=0.00s Real=0.00s
[206.216s][info][gc,start       ] GC(497) Pause Young (System.gc())
[206.217s][info][gc,heap        ] GC(497) PSYoungGen: 327240K->96K(1393664K)
[206.217s][info][gc,heap        ] GC(497) ParOldGen: 85672K->85672K(2796544K)
[206.217s][info][gc,metaspace   ] GC(497) Metaspace: 20637K(21376K)->20637K(21376K) NonClass: 18229K(18688K)->18229K(18688K) Class: 2407K(2688K)->2407K(2688K)
[206.217s][info][gc             ] GC(497) Pause Young (System.gc()) 403M->83M(4092M) 0.577ms
[206.217s][info][gc,cpu         ] GC(497) User=0.00s Sys=0.00s Real=0.00s
[206.217s][info][gc,start       ] GC(498) Pause Full (System.gc())
[206.217s][info][gc,phases,start] GC(498) Marking Phase
[206.271s][info][gc,phases      ] GC(498) Marking Phase 54.402ms
[206.271s][info][gc,phases,start] GC(498) Summary Phase
[206.271s][info][gc,phases      ] GC(498) Summary Phase 0.013ms
[206.271s][info][gc,phases,start] GC(498) Adjust Roots
[206.273s][info][gc,phases      ] GC(498) Adjust Roots 1.608ms
[206.273s][info][gc,phases,start] GC(498) Compaction Phase
[206.290s][info][gc,phases      ] GC(498) Compaction Phase 16.665ms
[206.290s][info][gc,phases,start] GC(498) Post Compact
[206.291s][info][gc,phases      ] GC(498) Post Compact 0.825ms
[206.291s][info][gc,heap        ] GC(498) PSYoungGen: 96K->0K(1393664K)
[206.291s][info][gc,heap        ] GC(498) ParOldGen: 85672K->85584K(2796544K)
[206.291s][info][gc,metaspace   ] GC(498) Metaspace: 20637K(21376K)->20637K(21376K) NonClass: 18229K(18688K)->18229K(18688K) Class: 2407K(2688K)->2407K(2688K)
[206.291s][info][gc             ] GC(498) Pause Full (System.gc()) 83M->83M(4092M) 73.853ms
[206.291s][info][gc,cpu         ] GC(498) User=0.28s Sys=0.00s Real=0.07s
[206.787s][info][gc,start       ] GC(499) Pause Young (Allocation Failure)
[206.788s][info][gc,heap        ] GC(499) PSYoungGen: 1389568K->2167K(1393664K)
[206.788s][info][gc,heap        ] GC(499) ParOldGen: 85584K->85584K(2796544K)
[206.788s][info][gc,metaspace   ] GC(499) Metaspace: 20638K(21376K)->20638K(21376K) NonClass: 18230K(18688K)->18230K(18688K) Class: 2407K(2688K)->2407K(2688K)
[206.788s][info][gc             ] GC(499) Pause Young (Allocation Failure) 1440M->85M(4092M) 1.022ms
[206.788s][info][gc,cpu         ] GC(499) User=0.00s Sys=0.00s Real=0.00s
[207.311s][info][gc,start       ] GC(500) Pause Young (Allocation Failure)
[207.312s][info][gc,heap        ] GC(500) PSYoungGen: 1391735K->1111K(1393664K)
[207.312s][info][gc,heap        ] GC(500) ParOldGen: 85584K->85600K(2796544K)
[207.312s][info][gc,metaspace   ] GC(500) Metaspace: 20638K(21376K)->20638K(21376K) NonClass: 18230K(18688K)->18230K(18688K) Class: 2407K(2688K)->2407K(2688K)
[207.312s][info][gc             ] GC(500) Pause Young (Allocation Failure) 1442M->84M(4092M) 0.767ms
[207.312s][info][gc,cpu         ] GC(500) User=0.00s Sys=0.00s Real=0.00s
[207.836s][info][gc,start       ] GC(501) Pause Young (Allocation Failure)
[207.840s][info][gc,heap        ] GC(501) PSYoungGen: 1390563K->3415K(1392640K)
[207.840s][info][gc,heap        ] GC(501) ParOldGen: 85600K->85624K(2796544K)
[207.840s][info][gc,metaspace   ] GC(501) Metaspace: 20638K(21376K)->20638K(21376K) NonClass: 18230K(18688K)->18230K(18688K) Class: 2407K(2688K)->2407K(2688K)
[207.840s][info][gc             ] GC(501) Pause Young (Allocation Failure) 1441M->86M(4091M) 3.859ms
[207.840s][info][gc,cpu         ] GC(501) User=0.00s Sys=0.00s Real=0.00s
[208.348s][info][gc,start       ] GC(502) Pause Young (Allocation Failure)
[208.349s][info][gc,heap        ] GC(502) PSYoungGen: 1391959K->1689K(1393152K)
[208.349s][info][gc,heap        ] GC(502) ParOldGen: 85624K->85624K(2796544K)
[208.349s][info][gc,metaspace   ] GC(502) Metaspace: 20638K(21376K)->20638K(21376K) NonClass: 18230K(18688K)->18230K(18688K) Class: 2407K(2688K)->2407K(2688K)
[208.349s][info][gc             ] GC(502) Pause Young (Allocation Failure) 1442M->85M(4091M) 1.060ms
[208.349s][info][gc,cpu         ] GC(502) User=0.00s Sys=0.00s Real=0.00s
[208.863s][info][gc,start       ] GC(503) Pause Young (Allocation Failure)
[208.863s][info][gc,heap        ] GC(503) PSYoungGen: 1390233K->880K(1393664K)
[208.863s][info][gc,heap        ] GC(503) ParOldGen: 85624K->85648K(2796544K)
[208.863s][info][gc,metaspace   ] GC(503) Metaspace: 20638K(21376K)->20638K(21376K) NonClass: 18230K(18688K)->18230K(18688K) Class: 2407K(2688K)->2407K(2688K)
[208.863s][info][gc             ] GC(503) Pause Young (Allocation Failure) 1441M->84M(4092M) 0.728ms
[208.863s][info][gc,cpu         ] GC(503) User=0.00s Sys=0.00s Real=0.00s
[209.348s][info][gc,start       ] GC(504) Pause Young (Allocation Failure)
[209.349s][info][gc,heap        ] GC(504) PSYoungGen: 1390448K->2470K(1393664K)
[209.349s][info][gc,heap        ] GC(504) ParOldGen: 85648K->85648K(2796544K)
[209.349s][info][gc,metaspace   ] GC(504) Metaspace: 20638K(21376K)->20638K(21376K) NonClass: 18230K(18688K)->18230K(18688K) Class: 2407K(2688K)->2407K(2688K)
[209.349s][info][gc             ] GC(504) Pause Young (Allocation Failure) 1441M->86M(4092M) 1.336ms
[209.349s][info][gc,cpu         ] GC(504) User=0.00s Sys=0.00s Real=0.00s
[209.842s][info][gc,start       ] GC(505) Pause Young (Allocation Failure)
[209.843s][info][gc,heap        ] GC(505) PSYoungGen: 1392038K->1633K(1393664K)
[209.843s][info][gc,heap        ] GC(505) ParOldGen: 85648K->85696K(2796544K)
[209.843s][info][gc,metaspace   ] GC(505) Metaspace: 20638K(21376K)->20638K(21376K) NonClass: 18230K(18688K)->18230K(18688K) Class: 2407K(2688K)->2407K(2688K)
[209.843s][info][gc             ] GC(505) Pause Young (Allocation Failure) 1443M->85M(4092M) 0.910ms
[209.843s][info][gc,cpu         ] GC(505) User=0.00s Sys=0.00s Real=0.00s
[209.960s][info][gc,start       ] GC(506) Pause Young (System.gc())
[209.960s][info][gc,heap        ] GC(506) PSYoungGen: 341120K->64K(1393664K)
[209.960s][info][gc,heap        ] GC(506) ParOldGen: 85696K->85696K(2796544K)
[209.960s][info][gc,metaspace   ] GC(506) Metaspace: 20638K(21376K)->20638K(21376K) NonClass: 18230K(18688K)->18230K(18688K) Class: 2407K(2688K)->2407K(2688K)
[209.960s][info][gc             ] GC(506) Pause Young (System.gc()) 416M->83M(4092M) 0.482ms
[209.960s][info][gc,cpu         ] GC(506) User=0.00s Sys=0.00s Real=0.00s
[209.960s][info][gc,start       ] GC(507) Pause Full (System.gc())
[209.960s][info][gc,phases,start] GC(507) Marking Phase
[210.037s][info][gc,phases      ] GC(507) Marking Phase 77.092ms
[210.037s][info][gc,phases,start] GC(507) Summary Phase
[210.037s][info][gc,phases      ] GC(507) Summary Phase 0.012ms
[210.037s][info][gc,phases,start] GC(507) Adjust Roots
[210.039s][info][gc,phases      ] GC(507) Adjust Roots 1.399ms
[210.039s][info][gc,phases,start] GC(507) Compaction Phase
[210.056s][info][gc,phases      ] GC(507) Compaction Phase 16.882ms
[210.056s][info][gc,phases,start] GC(507) Post Compact
[210.057s][info][gc,phases      ] GC(507) Post Compact 0.930ms
[210.057s][info][gc,heap        ] GC(507) PSYoungGen: 64K->0K(1393664K)
[210.057s][info][gc,heap        ] GC(507) ParOldGen: 85696K->85584K(2796544K)
[210.057s][info][gc,metaspace   ] GC(507) Metaspace: 20638K(21376K)->20638K(21376K) NonClass: 18230K(18688K)->18230K(18688K) Class: 2407K(2688K)->2407K(2688K)
[210.057s][info][gc             ] GC(507) Pause Full (System.gc()) 83M->83M(4092M) 96.609ms
[210.057s][info][gc,cpu         ] GC(507) User=0.34s Sys=0.00s Real=0.10s
[210.570s][info][gc,start       ] GC(508) Pause Young (Allocation Failure)
[210.571s][info][gc,heap        ] GC(508) PSYoungGen: 1389568K->2003K(1393664K)
[210.571s][info][gc,heap        ] GC(508) ParOldGen: 85584K->85592K(2796544K)
[210.571s][info][gc,metaspace   ] GC(508) Metaspace: 20648K(21376K)->20648K(21376K) NonClass: 18240K(18688K)->18240K(18688K) Class: 2407K(2688K)->2407K(2688K)
[210.571s][info][gc             ] GC(508) Pause Young (Allocation Failure) 1440M->85M(4092M) 1.012ms
[210.571s][info][gc,cpu         ] GC(508) User=0.00s Sys=0.00s Real=0.00s
[211.126s][info][gc,start       ] GC(509) Pause Young (Allocation Failure)
[211.126s][info][gc,heap        ] GC(509) PSYoungGen: 1391571K->899K(1393664K)
[211.126s][info][gc,heap        ] GC(509) ParOldGen: 85592K->85608K(2796544K)
[211.126s][info][gc,metaspace   ] GC(509) Metaspace: 20648K(21376K)->20648K(21376K) NonClass: 18240K(18688K)->18240K(18688K) Class: 2407K(2688K)->2407K(2688K)
[211.126s][info][gc             ] GC(509) Pause Young (Allocation Failure) 1442M->84M(4092M) 0.745ms
[211.126s][info][gc,cpu         ] GC(509) User=0.00s Sys=0.00s Real=0.00s
[211.629s][info][gc,start       ] GC(510) Pause Young (Allocation Failure)
[211.630s][info][gc,heap        ] GC(510) PSYoungGen: 1390467K->3124K(1393664K)
[211.630s][info][gc,heap        ] GC(510) ParOldGen: 85608K->85632K(2796544K)
[211.630s][info][gc,metaspace   ] GC(510) Metaspace: 20648K(21376K)->20648K(21376K) NonClass: 18240K(18688K)->18240K(18688K) Class: 2407K(2688K)->2407K(2688K)
[211.630s][info][gc             ] GC(510) Pause Young (Allocation Failure) 1441M->86M(4092M) 1.321ms
[211.630s][info][gc,cpu         ] GC(510) User=0.00s Sys=0.00s Real=0.00s
[212.133s][info][gc,start       ] GC(511) Pause Young (Allocation Failure)
[212.134s][info][gc,heap        ] GC(511) PSYoungGen: 1392692K->2435K(1392128K)
[212.134s][info][gc,heap        ] GC(511) ParOldGen: 85632K->85632K(2796544K)
[212.134s][info][gc,metaspace   ] GC(511) Metaspace: 20648K(21376K)->20648K(21376K) NonClass: 18240K(18688K)->18240K(18688K) Class: 2407K(2688K)->2407K(2688K)
[212.134s][info][gc             ] GC(511) Pause Young (Allocation Failure) 1443M->86M(4090M) 1.127ms
[212.134s][info][gc,cpu         ] GC(511) User=0.00s Sys=0.00s Real=0.00s
[212.636s][info][gc,start       ] GC(512) Pause Young (Allocation Failure)
[212.637s][info][gc,heap        ] GC(512) PSYoungGen: 1392003K->1552K(1393664K)
[212.637s][info][gc,heap        ] GC(512) ParOldGen: 85632K->85656K(2796544K)
[212.637s][info][gc,metaspace   ] GC(512) Metaspace: 20648K(21376K)->20648K(21376K) NonClass: 18240K(18688K)->18240K(18688K) Class: 2407K(2688K)->2407K(2688K)
[212.637s][info][gc             ] GC(512) Pause Young (Allocation Failure) 1443M->85M(4092M) 0.826ms
[212.637s][info][gc,cpu         ] GC(512) User=0.00s Sys=0.00s Real=0.00s
[213.142s][info][gc,start       ] GC(513) Pause Young (Allocation Failure)
[213.142s][info][gc,heap        ] GC(513) PSYoungGen: 1390608K->690K(1393152K)
[213.142s][info][gc,heap        ] GC(513) ParOldGen: 85656K->85656K(2796544K)
[213.142s][info][gc,metaspace   ] GC(513) Metaspace: 20648K(21376K)->20648K(21376K) NonClass: 18240K(18688K)->18240K(18688K) Class: 2407K(2688K)->2407K(2688K)
[213.143s][info][gc             ] GC(513) Pause Young (Allocation Failure) 1441M->84M(4091M) 0.671ms
[213.143s][info][gc,cpu         ] GC(513) User=0.00s Sys=0.00s Real=0.00s
[213.644s][info][gc,start       ] GC(514) Pause Young (Allocation Failure)
[213.645s][info][gc,heap        ] GC(514) PSYoungGen: 1389746K->2262K(1393664K)
[213.645s][info][gc,heap        ] GC(514) ParOldGen: 85656K->85664K(2796544K)
[213.645s][info][gc,metaspace   ] GC(514) Metaspace: 20648K(21376K)->20648K(21376K) NonClass: 18240K(18688K)->18240K(18688K) Class: 2407K(2688K)->2407K(2688K)
[213.645s][info][gc             ] GC(514) Pause Young (Allocation Failure) 1440M->85M(4092M) 0.986ms
[213.645s][info][gc,cpu         ] GC(514) User=0.00s Sys=0.00s Real=0.00s
[213.768s][info][gc,start       ] GC(515) Pause Young (System.gc())
[213.769s][info][gc,heap        ] GC(515) PSYoungGen: 331783K->32K(1393664K)
[213.769s][info][gc,heap        ] GC(515) ParOldGen: 85664K->85664K(2796544K)
[213.769s][info][gc,metaspace   ] GC(515) Metaspace: 20648K(21376K)->20648K(21376K) NonClass: 18240K(18688K)->18240K(18688K) Class: 2407K(2688K)->2407K(2688K)
[213.769s][info][gc             ] GC(515) Pause Young (System.gc()) 407M->83M(4092M) 0.670ms
[213.769s][info][gc,cpu         ] GC(515) User=0.00s Sys=0.00s Real=0.00s
[213.769s][info][gc,start       ] GC(516) Pause Full (System.gc())
[213.769s][info][gc,phases,start] GC(516) Marking Phase
[213.838s][info][gc,phases      ] GC(516) Marking Phase 68.758ms
[213.838s][info][gc,phases,start] GC(516) Summary Phase
[213.838s][info][gc,phases      ] GC(516) Summary Phase 0.012ms
[213.838s][info][gc,phases,start] GC(516) Adjust Roots
[213.839s][info][gc,phases      ] GC(516) Adjust Roots 1.421ms
[213.839s][info][gc,phases,start] GC(516) Compaction Phase
[213.857s][info][gc,phases      ] GC(516) Compaction Phase 17.599ms
[213.857s][info][gc,phases,start] GC(516) Post Compact
[213.858s][info][gc,phases      ] GC(516) Post Compact 1.002ms
[213.858s][info][gc,heap        ] GC(516) PSYoungGen: 32K->0K(1393664K)
[213.858s][info][gc,heap        ] GC(516) ParOldGen: 85664K->85584K(2796544K)
[213.858s][info][gc,metaspace   ] GC(516) Metaspace: 20648K(21376K)->20648K(21376K) NonClass: 18240K(18688K)->18240K(18688K) Class: 2407K(2688K)->2407K(2688K)
[213.858s][info][gc             ] GC(516) Pause Full (System.gc()) 83M->83M(4092M) 89.114ms
[213.858s][info][gc,cpu         ] GC(516) User=0.47s Sys=0.00s Real=0.09s
[214.357s][info][gc,start       ] GC(517) Pause Young (Allocation Failure)
[214.358s][info][gc,heap        ] GC(517) PSYoungGen: 1389568K->2097K(1393664K)
[214.358s][info][gc,heap        ] GC(517) ParOldGen: 85584K->85584K(2796544K)
[214.358s][info][gc,metaspace   ] GC(517) Metaspace: 20648K(21376K)->20648K(21376K) NonClass: 18240K(18688K)->18240K(18688K) Class: 2407K(2688K)->2407K(2688K)
[214.358s][info][gc             ] GC(517) Pause Young (Allocation Failure) 1440M->85M(4092M) 1.079ms
[214.358s][info][gc,cpu         ] GC(517) User=0.00s Sys=0.00s Real=0.00s
[214.860s][info][gc,start       ] GC(518) Pause Young (Allocation Failure)
[214.861s][info][gc,heap        ] GC(518) PSYoungGen: 1391665K->1184K(1393664K)
[214.861s][info][gc,heap        ] GC(518) ParOldGen: 85584K->85600K(2796544K)
[214.861s][info][gc,metaspace   ] GC(518) Metaspace: 20648K(21376K)->20648K(21376K) NonClass: 18240K(18688K)->18240K(18688K) Class: 2407K(2688K)->2407K(2688K)
[214.861s][info][gc             ] GC(518) Pause Young (Allocation Failure) 1442M->84M(4092M) 0.754ms
[214.861s][info][gc,cpu         ] GC(518) User=0.00s Sys=0.00s Real=0.00s
[215.361s][info][gc,start       ] GC(519) Pause Young (Allocation Failure)
[215.362s][info][gc,heap        ] GC(519) PSYoungGen: 1390752K->320K(1393664K)
[215.362s][info][gc,heap        ] GC(519) ParOldGen: 85600K->85608K(2796544K)
[215.362s][info][gc,metaspace   ] GC(519) Metaspace: 20648K(21376K)->20648K(21376K) NonClass: 18240K(18688K)->18240K(18688K) Class: 2407K(2688K)->2407K(2688K)
[215.362s][info][gc             ] GC(519) Pause Young (Allocation Failure) 1441M->83M(4092M) 0.857ms
[215.362s][info][gc,cpu         ] GC(519) User=0.00s Sys=0.00s Real=0.00s
[215.850s][info][gc,start       ] GC(520) Pause Young (Allocation Failure)
[215.850s][info][gc,heap        ] GC(520) PSYoungGen: 1389888K->2133K(1393664K)
[215.851s][info][gc,heap        ] GC(520) ParOldGen: 85608K->85608K(2796544K)
[215.851s][info][gc,metaspace   ] GC(520) Metaspace: 20649K(21376K)->20649K(21376K) NonClass: 18241K(18688K)->18241K(18688K) Class: 2407K(2688K)->2407K(2688K)
[215.851s][info][gc             ] GC(520) Pause Young (Allocation Failure) 1440M->85M(4092M) 0.855ms
[215.851s][info][gc,cpu         ] GC(520) User=0.00s Sys=0.00s Real=0.00s
[216.339s][info][gc,start       ] GC(521) Pause Young (Allocation Failure)
[216.340s][info][gc,heap        ] GC(521) PSYoungGen: 1391701K->1329K(1394176K)
[216.340s][info][gc,heap        ] GC(521) ParOldGen: 85608K->85624K(2796544K)
[216.340s][info][gc,metaspace   ] GC(521) Metaspace: 20649K(21376K)->20649K(21376K) NonClass: 18241K(18688K)->18241K(18688K) Class: 2407K(2688K)->2407K(2688K)
[216.340s][info][gc             ] GC(521) Pause Young (Allocation Failure) 1442M->84M(4092M) 1.012ms
[216.340s][info][gc,cpu         ] GC(521) User=0.00s Sys=0.00s Real=0.00s
[216.836s][info][gc,start       ] GC(522) Pause Young (Allocation Failure)
[216.837s][info][gc,heap        ] GC(522) PSYoungGen: 1391409K->320K(1393664K)
[216.837s][info][gc,heap        ] GC(522) ParOldGen: 85624K->85624K(2796544K)
[216.837s][info][gc,metaspace   ] GC(522) Metaspace: 20649K(21376K)->20649K(21376K) NonClass: 18241K(18688K)->18241K(18688K) Class: 2407K(2688K)->2407K(2688K)
[216.837s][info][gc             ] GC(522) Pause Young (Allocation Failure) 1442M->83M(4092M) 0.648ms
[216.837s][info][gc,cpu         ] GC(522) User=0.00s Sys=0.00s Real=0.00s
[217.328s][info][gc,start       ] GC(523) Pause Young (Allocation Failure)
[217.330s][info][gc,heap        ] GC(523) PSYoungGen: 1390400K->2626K(1393152K)
[217.330s][info][gc,heap        ] GC(523) ParOldGen: 85624K->85640K(2796544K)
[217.330s][info][gc,metaspace   ] GC(523) Metaspace: 20649K(21376K)->20649K(21376K) NonClass: 18241K(18688K)->18241K(18688K) Class: 2407K(2688K)->2407K(2688K)
[217.330s][info][gc             ] GC(523) Pause Young (Allocation Failure) 1441M->86M(4091M) 1.630ms
[217.330s][info][gc,cpu         ] GC(523) User=0.00s Sys=0.00s Real=0.00s
[217.452s][info][gc,start       ] GC(524) Pause Young (System.gc())
[217.453s][info][gc,heap        ] GC(524) PSYoungGen: 324789K->96K(1393664K)
[217.453s][info][gc,heap        ] GC(524) ParOldGen: 85640K->85640K(2796544K)
[217.453s][info][gc,metaspace   ] GC(524) Metaspace: 20649K(21376K)->20649K(21376K) NonClass: 18241K(18688K)->18241K(18688K) Class: 2407K(2688K)->2407K(2688K)
[217.453s][info][gc             ] GC(524) Pause Young (System.gc()) 400M->83M(4092M) 0.547ms
[217.453s][info][gc,cpu         ] GC(524) User=0.00s Sys=0.00s Real=0.00s
[217.453s][info][gc,start       ] GC(525) Pause Full (System.gc())
[217.453s][info][gc,phases,start] GC(525) Marking Phase
[217.530s][info][gc,phases      ] GC(525) Marking Phase 77.389ms
[217.530s][info][gc,phases,start] GC(525) Summary Phase
[217.530s][info][gc,phases      ] GC(525) Summary Phase 0.013ms
[217.530s][info][gc,phases,start] GC(525) Adjust Roots
[217.532s][info][gc,phases      ] GC(525) Adjust Roots 1.639ms
[217.532s][info][gc,phases,start] GC(525) Compaction Phase
[217.550s][info][gc,phases      ] GC(525) Compaction Phase 18.010ms
[217.550s][info][gc,phases,start] GC(525) Post Compact
[217.551s][info][gc,phases      ] GC(525) Post Compact 0.980ms
[217.551s][info][gc,heap        ] GC(525) PSYoungGen: 96K->0K(1393664K)
[217.551s][info][gc,heap        ] GC(525) ParOldGen: 85640K->85584K(2796544K)
[217.551s][info][gc,metaspace   ] GC(525) Metaspace: 20649K(21376K)->20649K(21376K) NonClass: 18241K(18688K)->18241K(18688K) Class: 2407K(2688K)->2407K(2688K)
[217.551s][info][gc             ] GC(525) Pause Full (System.gc()) 83M->83M(4092M) 98.443ms
[217.551s][info][gc,cpu         ] GC(525) User=0.34s Sys=0.00s Real=0.10s
[218.079s][info][gc,start       ] GC(526) Pause Young (Allocation Failure)
[218.080s][info][gc,heap        ] GC(526) PSYoungGen: 1389568K->2130K(1393664K)
[218.080s][info][gc,heap        ] GC(526) ParOldGen: 85584K->85584K(2796544K)
[218.080s][info][gc,metaspace   ] GC(526) Metaspace: 20649K(21376K)->20649K(21376K) NonClass: 18241K(18688K)->18241K(18688K) Class: 2407K(2688K)->2407K(2688K)
[218.080s][info][gc             ] GC(526) Pause Young (Allocation Failure) 1440M->85M(4092M) 0.928ms
[218.080s][info][gc,cpu         ] GC(526) User=0.00s Sys=0.00s Real=0.00s
[218.593s][info][gc,start       ] GC(527) Pause Young (Allocation Failure)
[218.595s][info][gc,heap        ] GC(527) PSYoungGen: 1391698K->748K(1393664K)
[218.595s][info][gc,heap        ] GC(527) ParOldGen: 85584K->85600K(2796544K)
[218.595s][info][gc,metaspace   ] GC(527) Metaspace: 20649K(21376K)->20649K(21376K) NonClass: 18241K(18688K)->18241K(18688K) Class: 2407K(2688K)->2407K(2688K)
[218.595s][info][gc             ] GC(527) Pause Young (Allocation Failure) 1442M->84M(4092M) 1.585ms
[218.595s][info][gc,cpu         ] GC(527) User=0.00s Sys=0.00s Real=0.00s
[219.102s][info][gc,start       ] GC(528) Pause Young (Allocation Failure)
[219.103s][info][gc,heap        ] GC(528) PSYoungGen: 1389977K->2924K(1393664K)
[219.103s][info][gc,heap        ] GC(528) ParOldGen: 85600K->85616K(2796544K)
[219.103s][info][gc,metaspace   ] GC(528) Metaspace: 20649K(21376K)->20649K(21376K) NonClass: 18241K(18688K)->18241K(18688K) Class: 2407K(2688K)->2407K(2688K)
[219.103s][info][gc             ] GC(528) Pause Young (Allocation Failure) 1440M->86M(4092M) 1.238ms
[219.103s][info][gc,cpu         ] GC(528) User=0.00s Sys=0.00s Real=0.00s
[219.608s][info][gc,start       ] GC(529) Pause Young (Allocation Failure)
[219.609s][info][gc,heap        ] GC(529) PSYoungGen: 1392492K->2021K(1393664K)
[219.609s][info][gc,heap        ] GC(529) ParOldGen: 85616K->85616K(2796544K)
[219.609s][info][gc,metaspace   ] GC(529) Metaspace: 20649K(21376K)->20649K(21376K) NonClass: 18241K(18688K)->18241K(18688K) Class: 2407K(2688K)->2407K(2688K)
[219.609s][info][gc             ] GC(529) Pause Young (Allocation Failure) 1443M->85M(4092M) 0.856ms
[219.609s][info][gc,cpu         ] GC(529) User=0.00s Sys=0.00s Real=0.00s
[220.104s][info][gc,start       ] GC(530) Pause Young (Allocation Failure)
[220.105s][info][gc,heap        ] GC(530) PSYoungGen: 1391589K->825K(1393664K)
[220.105s][info][gc,heap        ] GC(530) ParOldGen: 85616K->85640K(2796544K)
[220.105s][info][gc,metaspace   ] GC(530) Metaspace: 20649K(21376K)->20649K(21376K) NonClass: 18241K(18688K)->18241K(18688K) Class: 2407K(2688K)->2407K(2688K)
[220.105s][info][gc             ] GC(530) Pause Young (Allocation Failure) 1442M->84M(4092M) 0.783ms
[220.105s][info][gc,cpu         ] GC(530) User=0.00s Sys=0.00s Real=0.00s
[220.597s][info][gc,start       ] GC(531) Pause Young (Allocation Failure)
[220.598s][info][gc,heap        ] GC(531) PSYoungGen: 1390393K->2480K(1393664K)
[220.598s][info][gc,heap        ] GC(531) ParOldGen: 85640K->85640K(2796544K)
[220.598s][info][gc,metaspace   ] GC(531) Metaspace: 20649K(21376K)->20649K(21376K) NonClass: 18241K(18688K)->18241K(18688K) Class: 2407K(2688K)->2407K(2688K)
[220.598s][info][gc             ] GC(531) Pause Young (Allocation Failure) 1441M->86M(4092M) 1.236ms
[220.598s][info][gc,cpu         ] GC(531) User=0.00s Sys=0.00s Real=0.00s
[221.099s][info][gc,start       ] GC(532) Pause Young (Allocation Failure)
[221.099s][info][gc,heap        ] GC(532) PSYoungGen: 1392048K->1441K(1393664K)
[221.099s][info][gc,heap        ] GC(532) ParOldGen: 85640K->85664K(2796544K)
[221.099s][info][gc,metaspace   ] GC(532) Metaspace: 20649K(21376K)->20649K(21376K) NonClass: 18241K(18688K)->18241K(18688K) Class: 2407K(2688K)->2407K(2688K)
[221.099s][info][gc             ] GC(532) Pause Young (Allocation Failure) 1443M->85M(4092M) 0.862ms
[221.100s][info][gc,cpu         ] GC(532) User=0.00s Sys=0.00s Real=0.00s
[221.216s][info][gc,start       ] GC(533) Pause Young (System.gc())
[221.217s][info][gc,heap        ] GC(533) PSYoungGen: 340713K->32K(1393664K)
[221.217s][info][gc,heap        ] GC(533) ParOldGen: 85664K->85664K(2796544K)
[221.217s][info][gc,metaspace   ] GC(533) Metaspace: 20649K(21376K)->20649K(21376K) NonClass: 18241K(18688K)->18241K(18688K) Class: 2407K(2688K)->2407K(2688K)
[221.217s][info][gc             ] GC(533) Pause Young (System.gc()) 416M->83M(4092M) 0.509ms
[221.217s][info][gc,cpu         ] GC(533) User=0.00s Sys=0.00s Real=0.00s
[221.217s][info][gc,start       ] GC(534) Pause Full (System.gc())
[221.217s][info][gc,phases,start] GC(534) Marking Phase
[221.295s][info][gc,phases      ] GC(534) Marking Phase 78.398ms
[221.295s][info][gc,phases,start] GC(534) Summary Phase
[221.295s][info][gc,phases      ] GC(534) Summary Phase 0.012ms
[221.295s][info][gc,phases,start] GC(534) Adjust Roots
[221.297s][info][gc,phases      ] GC(534) Adjust Roots 1.459ms
[221.297s][info][gc,phases,start] GC(534) Compaction Phase
[221.317s][info][gc,phases      ] GC(534) Compaction Phase 20.271ms
[221.317s][info][gc,phases,start] GC(534) Post Compact
[221.318s][info][gc,phases      ] GC(534) Post Compact 1.009ms
[221.318s][info][gc,heap        ] GC(534) PSYoungGen: 32K->0K(1393664K)
[221.318s][info][gc,heap        ] GC(534) ParOldGen: 85664K->85584K(2796544K)
[221.318s][info][gc,metaspace   ] GC(534) Metaspace: 20649K(21376K)->20649K(21376K) NonClass: 18241K(18688K)->18241K(18688K) Class: 2407K(2688K)->2407K(2688K)
[221.318s][info][gc             ] GC(534) Pause Full (System.gc()) 83M->83M(4092M) 101.475ms
[221.319s][info][gc,cpu         ] GC(534) User=0.39s Sys=0.00s Real=0.10s
[221.826s][info][gc,start       ] GC(535) Pause Young (Allocation Failure)
[221.827s][info][gc,heap        ] GC(535) PSYoungGen: 1389568K->2307K(1393664K)
[221.827s][info][gc,heap        ] GC(535) ParOldGen: 85584K->85584K(2796544K)
[221.827s][info][gc,metaspace   ] GC(535) Metaspace: 20649K(21376K)->20649K(21376K) NonClass: 18241K(18688K)->18241K(18688K) Class: 2407K(2688K)->2407K(2688K)
[221.827s][info][gc             ] GC(535) Pause Young (Allocation Failure) 1440M->85M(4092M) 1.310ms
[221.827s][info][gc,cpu         ] GC(535) User=0.00s Sys=0.00s Real=0.00s
[222.311s][info][gc,start       ] GC(536) Pause Young (Allocation Failure)
[222.312s][info][gc,heap        ] GC(536) PSYoungGen: 1391875K->1024K(1393664K)
[222.312s][info][gc,heap        ] GC(536) ParOldGen: 85584K->85600K(2796544K)
[222.312s][info][gc,metaspace   ] GC(536) Metaspace: 20649K(21376K)->20649K(21376K) NonClass: 18241K(18688K)->18241K(18688K) Class: 2407K(2688K)->2407K(2688K)
[222.312s][info][gc             ] GC(536) Pause Young (Allocation Failure) 1442M->84M(4092M) 1.056ms
[222.312s][info][gc,cpu         ] GC(536) User=0.00s Sys=0.00s Real=0.00s
[222.809s][info][gc,start       ] GC(537) Pause Young (Allocation Failure)
[222.810s][info][gc,heap        ] GC(537) PSYoungGen: 1390109K->3868K(1392640K)
[222.810s][info][gc,heap        ] GC(537) ParOldGen: 85600K->85616K(2796544K)
[222.810s][info][gc,metaspace   ] GC(537) Metaspace: 20649K(21376K)->20649K(21376K) NonClass: 18241K(18688K)->18241K(18688K) Class: 2407K(2688K)->2407K(2688K)
[222.810s][info][gc             ] GC(537) Pause Young (Allocation Failure) 1441M->87M(4091M) 1.334ms
[222.810s][info][gc,cpu         ] GC(537) User=0.00s Sys=0.00s Real=0.00s
[223.306s][info][gc,start       ] GC(538) Pause Young (Allocation Failure)
[223.307s][info][gc,heap        ] GC(538) PSYoungGen: 1392412K->1819K(1393152K)
[223.308s][info][gc,heap        ] GC(538) ParOldGen: 85616K->85616K(2796544K)
[223.308s][info][gc,metaspace   ] GC(538) Metaspace: 20649K(21376K)->20649K(21376K) NonClass: 18241K(18688K)->18241K(18688K) Class: 2407K(2688K)->2407K(2688K)
[223.308s][info][gc             ] GC(538) Pause Young (Allocation Failure) 1443M->85M(4091M) 1.458ms
[223.308s][info][gc,cpu         ] GC(538) User=0.00s Sys=0.00s Real=0.00s
[223.806s][info][gc,start       ] GC(539) Pause Young (Allocation Failure)
[223.806s][info][gc,heap        ] GC(539) PSYoungGen: 1390363K->569K(1393152K)
[223.807s][info][gc,heap        ] GC(539) ParOldGen: 85616K->85640K(2796544K)
[223.807s][info][gc,metaspace   ] GC(539) Metaspace: 20649K(21376K)->20649K(21376K) NonClass: 18241K(18688K)->18241K(18688K) Class: 2407K(2688K)->2407K(2688K)
[223.807s][info][gc             ] GC(539) Pause Young (Allocation Failure) 1441M->84M(4091M) 0.901ms
[223.807s][info][gc,cpu         ] GC(539) User=0.00s Sys=0.00s Real=0.00s
[224.300s][info][gc,start       ] GC(540) Pause Young (Allocation Failure)
[224.301s][info][gc,heap        ] GC(540) PSYoungGen: 1389113K->2610K(1393152K)
[224.301s][info][gc,heap        ] GC(540) ParOldGen: 85640K->85640K(2796544K)
[224.301s][info][gc,metaspace   ] GC(540) Metaspace: 20649K(21376K)->20649K(21376K) NonClass: 18241K(18688K)->18241K(18688K) Class: 2407K(2688K)->2407K(2688K)
[224.301s][info][gc             ] GC(540) Pause Young (Allocation Failure) 1440M->86M(4091M) 1.028ms
[224.301s][info][gc,cpu         ] GC(540) User=0.00s Sys=0.00s Real=0.00s
[224.815s][info][gc,start       ] GC(541) Pause Young (Allocation Failure)
[224.816s][info][gc,heap        ] GC(541) PSYoungGen: 1391154K->1807K(1393664K)
[224.816s][info][gc,heap        ] GC(541) ParOldGen: 85640K->85656K(2796544K)
[224.816s][info][gc,metaspace   ] GC(541) Metaspace: 20649K(21376K)->20649K(21376K) NonClass: 18241K(18688K)->18241K(18688K) Class: 2407K(2688K)->2407K(2688K)
[224.816s][info][gc             ] GC(541) Pause Young (Allocation Failure) 1442M->85M(4092M) 1.043ms
[224.816s][info][gc,cpu         ] GC(541) User=0.00s Sys=0.00s Real=0.00s
[224.935s][info][gc,start       ] GC(542) Pause Young (System.gc())
[224.936s][info][gc,heap        ] GC(542) PSYoungGen: 336965K->64K(1393152K)
[224.936s][info][gc,heap        ] GC(542) ParOldGen: 85656K->85656K(2796544K)
[224.936s][info][gc,metaspace   ] GC(542) Metaspace: 20649K(21376K)->20649K(21376K) NonClass: 18241K(18688K)->18241K(18688K) Class: 2407K(2688K)->2407K(2688K)
[224.936s][info][gc             ] GC(542) Pause Young (System.gc()) 412M->83M(4091M) 0.511ms
[224.936s][info][gc,cpu         ] GC(542) User=0.00s Sys=0.00s Real=0.00s
[224.936s][info][gc,start       ] GC(543) Pause Full (System.gc())
[224.936s][info][gc,phases,start] GC(543) Marking Phase
[224.992s][info][gc,phases      ] GC(543) Marking Phase 56.447ms
[224.992s][info][gc,phases,start] GC(543) Summary Phase
[224.992s][info][gc,phases      ] GC(543) Summary Phase 0.010ms
[224.993s][info][gc,phases,start] GC(543) Adjust Roots
[224.994s][info][gc,phases      ] GC(543) Adjust Roots 1.349ms
[224.994s][info][gc,phases,start] GC(543) Compaction Phase
[225.011s][info][gc,phases      ] GC(543) Compaction Phase 17.484ms
[225.011s][info][gc,phases,start] GC(543) Post Compact
[225.012s][info][gc,phases      ] GC(543) Post Compact 0.984ms
[225.012s][info][gc,heap        ] GC(543) PSYoungGen: 64K->0K(1393152K)
[225.012s][info][gc,heap        ] GC(543) ParOldGen: 85656K->85584K(2796544K)
[225.013s][info][gc,metaspace   ] GC(543) Metaspace: 20649K(21376K)->20649K(21376K) NonClass: 18241K(18688K)->18241K(18688K) Class: 2407K(2688K)->2407K(2688K)
[225.013s][info][gc             ] GC(543) Pause Full (System.gc()) 83M->83M(4091M) 76.571ms
[225.013s][info][gc,cpu         ] GC(543) User=0.30s Sys=0.00s Real=0.08s
[225.520s][info][gc,start       ] GC(544) Pause Young (Allocation Failure)
[225.520s][info][gc,heap        ] GC(544) PSYoungGen: 1389056K->2106K(1393664K)
[225.520s][info][gc,heap        ] GC(544) ParOldGen: 85584K->85584K(2796544K)
[225.520s][info][gc,metaspace   ] GC(544) Metaspace: 20649K(21376K)->20649K(21376K) NonClass: 18241K(18688K)->18241K(18688K) Class: 2407K(2688K)->2407K(2688K)
[225.520s][info][gc             ] GC(544) Pause Young (Allocation Failure) 1440M->85M(4092M) 0.902ms
[225.521s][info][gc,cpu         ] GC(544) User=0.00s Sys=0.00s Real=0.00s
[226.019s][info][gc,start       ] GC(545) Pause Young (Allocation Failure)
[226.019s][info][gc,heap        ] GC(545) PSYoungGen: 1391674K->1376K(1393664K)
[226.019s][info][gc,heap        ] GC(545) ParOldGen: 85584K->85600K(2796544K)
[226.019s][info][gc,metaspace   ] GC(545) Metaspace: 20649K(21376K)->20649K(21376K) NonClass: 18241K(18688K)->18241K(18688K) Class: 2407K(2688K)->2407K(2688K)
[226.019s][info][gc             ] GC(545) Pause Young (Allocation Failure) 1442M->84M(4092M) 0.718ms
[226.019s][info][gc,cpu         ] GC(545) User=0.00s Sys=0.00s Real=0.00s
[226.505s][info][gc,start       ] GC(546) Pause Young (Allocation Failure)
[226.505s][info][gc,heap        ] GC(546) PSYoungGen: 1390944K->96K(1393664K)
[226.506s][info][gc,heap        ] GC(546) ParOldGen: 85600K->85616K(2796544K)
[226.506s][info][gc,metaspace   ] GC(546) Metaspace: 20649K(21376K)->20649K(21376K) NonClass: 18241K(18688K)->18241K(18688K) Class: 2407K(2688K)->2407K(2688K)
[226.506s][info][gc             ] GC(546) Pause Young (Allocation Failure) 1441M->83M(4092M) 0.778ms
[226.506s][info][gc,cpu         ] GC(546) User=0.00s Sys=0.00s Real=0.00s
[226.974s][info][gc,start       ] GC(547) Pause Young (Allocation Failure)
[226.975s][info][gc,heap        ] GC(547) PSYoungGen: 1389664K->2054K(1393664K)
[226.975s][info][gc,heap        ] GC(547) ParOldGen: 85616K->85616K(2796544K)
[226.975s][info][gc,metaspace   ] GC(547) Metaspace: 20649K(21376K)->20649K(21376K) NonClass: 18241K(18688K)->18241K(18688K) Class: 2407K(2688K)->2407K(2688K)
[226.975s][info][gc             ] GC(547) Pause Young (Allocation Failure) 1440M->85M(4092M) 0.795ms
[226.975s][info][gc,cpu         ] GC(547) User=0.00s Sys=0.00s Real=0.00s
[227.464s][info][gc,start       ] GC(548) Pause Young (Allocation Failure)
[227.465s][info][gc,heap        ] GC(548) PSYoungGen: 1391622K->1098K(1393664K)
[227.465s][info][gc,heap        ] GC(548) ParOldGen: 85616K->85632K(2796544K)
[227.465s][info][gc,metaspace   ] GC(548) Metaspace: 20649K(21376K)->20649K(21376K) NonClass: 18241K(18688K)->18241K(18688K) Class: 2407K(2688K)->2407K(2688K)
[227.465s][info][gc             ] GC(548) Pause Young (Allocation Failure) 1442M->84M(4092M) 0.684ms
[227.465s][info][gc,cpu         ] GC(548) User=0.00s Sys=0.00s Real=0.00s
[227.963s][info][gc,start       ] GC(549) Pause Young (Allocation Failure)
[227.965s][info][gc,heap        ] GC(549) PSYoungGen: 1390666K->2081K(1393664K)
[227.965s][info][gc,heap        ] GC(549) ParOldGen: 85632K->85632K(2796544K)
[227.965s][info][gc,metaspace   ] GC(549) Metaspace: 20649K(21376K)->20649K(21376K) NonClass: 18241K(18688K)->18241K(18688K) Class: 2407K(2688K)->2407K(2688K)
[227.965s][info][gc             ] GC(549) Pause Young (Allocation Failure) 1441M->85M(4092M) 1.385ms
[227.965s][info][gc,cpu         ] GC(549) User=0.00s Sys=0.00s Real=0.00s
[228.464s][info][gc,start       ] GC(550) Pause Young (Allocation Failure)
[228.465s][info][gc,heap        ] GC(550) PSYoungGen: 1391649K->2231K(1393664K)
[228.465s][info][gc,heap        ] GC(550) ParOldGen: 85632K->85648K(2796544K)
[228.465s][info][gc,metaspace   ] GC(550) Metaspace: 20649K(21376K)->20649K(21376K) NonClass: 18241K(18688K)->18241K(18688K) Class: 2407K(2688K)->2407K(2688K)
[228.465s][info][gc             ] GC(550) Pause Young (Allocation Failure) 1442M->85M(4092M) 0.788ms
[228.465s][info][gc,cpu         ] GC(550) User=0.00s Sys=0.00s Real=0.00s
[228.581s][info][gc,start       ] GC(551) Pause Young (System.gc())
[228.581s][info][gc,heap        ] GC(551) PSYoungGen: 325697K->64K(1393664K)
[228.581s][info][gc,heap        ] GC(551) ParOldGen: 85648K->85648K(2796544K)
[228.581s][info][gc,metaspace   ] GC(551) Metaspace: 20649K(21376K)->20649K(21376K) NonClass: 18241K(18688K)->18241K(18688K) Class: 2407K(2688K)->2407K(2688K)
[228.581s][info][gc             ] GC(551) Pause Young (System.gc()) 401M->83M(4092M) 0.608ms
[228.581s][info][gc,cpu         ] GC(551) User=0.00s Sys=0.00s Real=0.00s
[228.581s][info][gc,start       ] GC(552) Pause Full (System.gc())
[228.581s][info][gc,phases,start] GC(552) Marking Phase
[228.640s][info][gc,phases      ] GC(552) Marking Phase 58.531ms
[228.640s][info][gc,phases,start] GC(552) Summary Phase
[228.640s][info][gc,phases      ] GC(552) Summary Phase 0.015ms
[228.640s][info][gc,phases,start] GC(552) Adjust Roots
[228.642s][info][gc,phases      ] GC(552) Adjust Roots 1.484ms
[228.642s][info][gc,phases,start] GC(552) Compaction Phase
[228.661s][info][gc,phases      ] GC(552) Compaction Phase 19.090ms
[228.661s][info][gc,phases,start] GC(552) Post Compact
[228.662s][info][gc,phases      ] GC(552) Post Compact 1.117ms
[228.662s][info][gc,heap        ] GC(552) PSYoungGen: 64K->0K(1393664K)
[228.662s][info][gc,heap        ] GC(552) ParOldGen: 85648K->85584K(2796544K)
[228.662s][info][gc,metaspace   ] GC(552) Metaspace: 20649K(21376K)->20649K(21376K) NonClass: 18241K(18688K)->18241K(18688K) Class: 2407K(2688K)->2407K(2688K)
[228.662s][info][gc             ] GC(552) Pause Full (System.gc()) 83M->83M(4092M) 80.557ms
[228.662s][info][gc,cpu         ] GC(552) User=0.20s Sys=0.00s Real=0.08s
[229.157s][info][gc,start       ] GC(553) Pause Young (Allocation Failure)
[229.158s][info][gc,heap        ] GC(553) PSYoungGen: 1389568K->2349K(1393664K)
[229.158s][info][gc,heap        ] GC(553) ParOldGen: 85584K->85584K(2796544K)
[229.158s][info][gc,metaspace   ] GC(553) Metaspace: 20649K(21376K)->20649K(21376K) NonClass: 18241K(18688K)->18241K(18688K) Class: 2407K(2688K)->2407K(2688K)
[229.158s][info][gc             ] GC(553) Pause Young (Allocation Failure) 1440M->85M(4092M) 1.081ms
[229.158s][info][gc,cpu         ] GC(553) User=0.00s Sys=0.00s Real=0.00s
[229.671s][info][gc,start       ] GC(554) Pause Young (Allocation Failure)
[229.672s][info][gc,heap        ] GC(554) PSYoungGen: 1391917K->1201K(1393664K)
[229.672s][info][gc,heap        ] GC(554) ParOldGen: 85584K->85600K(2796544K)
[229.672s][info][gc,metaspace   ] GC(554) Metaspace: 20649K(21376K)->20649K(21376K) NonClass: 18241K(18688K)->18241K(18688K) Class: 2407K(2688K)->2407K(2688K)
[229.672s][info][gc             ] GC(554) Pause Young (Allocation Failure) 1442M->84M(4092M) 1.224ms
[229.672s][info][gc,cpu         ] GC(554) User=0.00s Sys=0.00s Real=0.00s
[230.166s][info][gc,start       ] GC(555) Pause Young (Allocation Failure)
[230.166s][info][gc,heap        ] GC(555) PSYoungGen: 1390769K->352K(1393664K)
[230.167s][info][gc,heap        ] GC(555) ParOldGen: 85600K->85624K(2796544K)
[230.167s][info][gc,metaspace   ] GC(555) Metaspace: 20649K(21376K)->20649K(21376K) NonClass: 18241K(18688K)->18241K(18688K) Class: 2407K(2688K)->2407K(2688K)
[230.167s][info][gc             ] GC(555) Pause Young (Allocation Failure) 1441M->83M(4092M) 0.510ms
[230.167s][info][gc,cpu         ] GC(555) User=0.00s Sys=0.00s Real=0.00s
[230.661s][info][gc,start       ] GC(556) Pause Young (Allocation Failure)
[230.662s][info][gc,heap        ] GC(556) PSYoungGen: 1389920K->2346K(1393664K)
[230.662s][info][gc,heap        ] GC(556) ParOldGen: 85624K->85624K(2796544K)
[230.662s][info][gc,metaspace   ] GC(556) Metaspace: 20649K(21376K)->20649K(21376K) NonClass: 18241K(18688K)->18241K(18688K) Class: 2407K(2688K)->2407K(2688K)
[230.662s][info][gc             ] GC(556) Pause Young (Allocation Failure) 1440M->85M(4092M) 0.803ms
[230.662s][info][gc,cpu         ] GC(556) User=0.02s Sys=0.00s Real=0.00s
[231.150s][info][gc,start       ] GC(557) Pause Young (Allocation Failure)
[231.151s][info][gc,heap        ] GC(557) PSYoungGen: 1391914K->1368K(1393664K)
[231.151s][info][gc,heap        ] GC(557) ParOldGen: 85624K->85640K(2796544K)
[231.151s][info][gc,metaspace   ] GC(557) Metaspace: 20649K(21376K)->20649K(21376K) NonClass: 18241K(18688K)->18241K(18688K) Class: 2407K(2688K)->2407K(2688K)
[231.151s][info][gc             ] GC(557) Pause Young (Allocation Failure) 1442M->84M(4092M) 1.277ms
[231.151s][info][gc,cpu         ] GC(557) User=0.00s Sys=0.00s Real=0.00s
[231.654s][info][gc,start       ] GC(558) Pause Young (Allocation Failure)
[231.655s][info][gc,heap        ] GC(558) PSYoungGen: 1390936K->192K(1393664K)
[231.655s][info][gc,heap        ] GC(558) ParOldGen: 85640K->85640K(2796544K)
[231.655s][info][gc,metaspace   ] GC(558) Metaspace: 20649K(21376K)->20649K(21376K) NonClass: 18241K(18688K)->18241K(18688K) Class: 2407K(2688K)->2407K(2688K)
[231.655s][info][gc             ] GC(558) Pause Young (Allocation Failure) 1441M->83M(4092M) 0.583ms
[231.655s][info][gc,cpu         ] GC(558) User=0.00s Sys=0.00s Real=0.00s
[232.146s][info][gc,start       ] GC(559) Pause Young (Allocation Failure)
[232.147s][info][gc,heap        ] GC(559) PSYoungGen: 1389760K->2215K(1393664K)
[232.147s][info][gc,heap        ] GC(559) ParOldGen: 85640K->85664K(2796544K)
[232.147s][info][gc,metaspace   ] GC(559) Metaspace: 20649K(21376K)->20649K(21376K) NonClass: 18241K(18688K)->18241K(18688K) Class: 2407K(2688K)->2407K(2688K)
[232.147s][info][gc             ] GC(559) Pause Young (Allocation Failure) 1440M->85M(4092M) 0.800ms
[232.147s][info][gc,cpu         ] GC(559) User=0.02s Sys=0.00s Real=0.00s
[232.260s][info][gc,start       ] GC(560) Pause Young (System.gc())
[232.261s][info][gc,heap        ] GC(560) PSYoungGen: 330667K->64K(1393664K)
[232.261s][info][gc,heap        ] GC(560) ParOldGen: 85664K->85664K(2796544K)
[232.261s][info][gc,metaspace   ] GC(560) Metaspace: 20649K(21376K)->20649K(21376K) NonClass: 18241K(18688K)->18241K(18688K) Class: 2407K(2688K)->2407K(2688K)
[232.261s][info][gc             ] GC(560) Pause Young (System.gc()) 406M->83M(4092M) 0.493ms
[232.261s][info][gc,cpu         ] GC(560) User=0.00s Sys=0.00s Real=0.00s
[232.261s][info][gc,start       ] GC(561) Pause Full (System.gc())
[232.261s][info][gc,phases,start] GC(561) Marking Phase
[232.326s][info][gc,phases      ] GC(561) Marking Phase 65.214ms
[232.326s][info][gc,phases,start] GC(561) Summary Phase
[232.326s][info][gc,phases      ] GC(561) Summary Phase 0.013ms
[232.326s][info][gc,phases,start] GC(561) Adjust Roots
[232.328s][info][gc,phases      ] GC(561) Adjust Roots 1.496ms
[232.328s][info][gc,phases,start] GC(561) Compaction Phase
[232.345s][info][gc,phases      ] GC(561) Compaction Phase 17.395ms
[232.345s][info][gc,phases,start] GC(561) Post Compact
[232.346s][info][gc,phases      ] GC(561) Post Compact 0.896ms
[232.346s][info][gc,heap        ] GC(561) PSYoungGen: 64K->0K(1393664K)
[232.346s][info][gc,heap        ] GC(561) ParOldGen: 85664K->85584K(2796544K)
[232.346s][info][gc,metaspace   ] GC(561) Metaspace: 20649K(21376K)->20649K(21376K) NonClass: 18241K(18688K)->18241K(18688K) Class: 2407K(2688K)->2407K(2688K)
[232.346s][info][gc             ] GC(561) Pause Full (System.gc()) 83M->83M(4092M) 85.317ms
[232.346s][info][gc,cpu         ] GC(561) User=0.31s Sys=0.00s Real=0.09s
[232.853s][info][gc,start       ] GC(562) Pause Young (Allocation Failure)
[232.854s][info][gc,heap        ] GC(562) PSYoungGen: 1389568K->2242K(1393664K)
[232.854s][info][gc,heap        ] GC(562) ParOldGen: 85584K->85584K(2796544K)
[232.854s][info][gc,metaspace   ] GC(562) Metaspace: 20649K(21376K)->20649K(21376K) NonClass: 18241K(18688K)->18241K(18688K) Class: 2407K(2688K)->2407K(2688K)
[232.854s][info][gc             ] GC(562) Pause Young (Allocation Failure) 1440M->85M(4092M) 0.819ms
[232.854s][info][gc,cpu         ] GC(562) User=0.00s Sys=0.00s Real=0.00s
[233.356s][info][gc,start       ] GC(563) Pause Young (Allocation Failure)
[233.357s][info][gc,heap        ] GC(563) PSYoungGen: 1391810K->1427K(1393664K)
[233.357s][info][gc,heap        ] GC(563) ParOldGen: 85584K->85600K(2796544K)
[233.357s][info][gc,metaspace   ] GC(563) Metaspace: 20649K(21376K)->20649K(21376K) NonClass: 18241K(18688K)->18241K(18688K) Class: 2407K(2688K)->2407K(2688K)
[233.357s][info][gc             ] GC(563) Pause Young (Allocation Failure) 1442M->84M(4092M) 1.159ms
[233.357s][info][gc,cpu         ] GC(563) User=0.00s Sys=0.00s Real=0.00s
[233.917s][info][gc,start       ] GC(564) Pause Young (Allocation Failure)
[233.918s][info][gc,heap        ] GC(564) PSYoungGen: 1390995K->432K(1394176K)
[233.918s][info][gc,heap        ] GC(564) ParOldGen: 85600K->85624K(2796544K)
[233.918s][info][gc,metaspace   ] GC(564) Metaspace: 20649K(21376K)->20649K(21376K) NonClass: 18241K(18688K)->18241K(18688K) Class: 2407K(2688K)->2407K(2688K)
[233.918s][info][gc             ] GC(564) Pause Young (Allocation Failure) 1441M->84M(4092M) 1.026ms
[233.918s][info][gc,cpu         ] GC(564) User=0.00s Sys=0.00s Real=0.00s
[234.436s][info][gc,start       ] GC(565) Pause Young (Allocation Failure)
[234.437s][info][gc,heap        ] GC(565) PSYoungGen: 1391024K->2780K(1393664K)
[234.437s][info][gc,heap        ] GC(565) ParOldGen: 85624K->85624K(2796544K)
[234.437s][info][gc,metaspace   ] GC(565) Metaspace: 20649K(21376K)->20649K(21376K) NonClass: 18241K(18688K)->18241K(18688K) Class: 2407K(2688K)->2407K(2688K)
[234.437s][info][gc             ] GC(565) Pause Young (Allocation Failure) 1442M->86M(4092M) 1.136ms
[234.437s][info][gc,cpu         ] GC(565) User=0.00s Sys=0.00s Real=0.00s
[234.929s][info][gc,start       ] GC(566) Pause Young (Allocation Failure)
[234.930s][info][gc,heap        ] GC(566) PSYoungGen: 1393372K->1661K(1393664K)
[234.930s][info][gc,heap        ] GC(566) ParOldGen: 85624K->85648K(2796544K)
[234.930s][info][gc,metaspace   ] GC(566) Metaspace: 20649K(21376K)->20649K(21376K) NonClass: 18241K(18688K)->18241K(18688K) Class: 2407K(2688K)->2407K(2688K)
[234.930s][info][gc             ] GC(566) Pause Young (Allocation Failure) 1444M->85M(4092M) 0.831ms
[234.930s][info][gc,cpu         ] GC(566) User=0.00s Sys=0.00s Real=0.00s
[235.428s][info][gc,start       ] GC(567) Pause Young (Allocation Failure)
[235.428s][info][gc,heap        ] GC(567) PSYoungGen: 1391229K->192K(1393664K)
[235.428s][info][gc,heap        ] GC(567) ParOldGen: 85648K->85648K(2796544K)
[235.428s][info][gc,metaspace   ] GC(567) Metaspace: 20649K(21376K)->20649K(21376K) NonClass: 18241K(18688K)->18241K(18688K) Class: 2407K(2688K)->2407K(2688K)
[235.428s][info][gc             ] GC(567) Pause Young (Allocation Failure) 1442M->83M(4092M) 0.571ms
[235.428s][info][gc,cpu         ] GC(567) User=0.00s Sys=0.00s Real=0.00s
[235.927s][info][gc,start       ] GC(568) Pause Young (Allocation Failure)
[235.928s][info][gc,heap        ] GC(568) PSYoungGen: 1389760K->2535K(1393664K)
[235.928s][info][gc,heap        ] GC(568) ParOldGen: 85648K->85672K(2796544K)
[235.928s][info][gc,metaspace   ] GC(568) Metaspace: 20649K(21376K)->20649K(21376K) NonClass: 18241K(18688K)->18241K(18688K) Class: 2407K(2688K)->2407K(2688K)
[235.928s][info][gc             ] GC(568) Pause Young (Allocation Failure) 1440M->86M(4092M) 1.145ms
[235.928s][info][gc,cpu         ] GC(568) User=0.00s Sys=0.00s Real=0.00s
[236.042s][info][gc,start       ] GC(569) Pause Young (System.gc())
[236.042s][info][gc,heap        ] GC(569) PSYoungGen: 321919K->96K(1393664K)
[236.042s][info][gc,heap        ] GC(569) ParOldGen: 85672K->85672K(2796544K)
[236.042s][info][gc,metaspace   ] GC(569) Metaspace: 20649K(21376K)->20649K(21376K) NonClass: 18241K(18688K)->18241K(18688K) Class: 2407K(2688K)->2407K(2688K)
[236.042s][info][gc             ] GC(569) Pause Young (System.gc()) 398M->83M(4092M) 0.417ms
[236.042s][info][gc,cpu         ] GC(569) User=0.00s Sys=0.00s Real=0.00s
[236.042s][info][gc,start       ] GC(570) Pause Full (System.gc())
[236.042s][info][gc,phases,start] GC(570) Marking Phase
[236.098s][info][gc,phases      ] GC(570) Marking Phase 55.636ms
[236.098s][info][gc,phases,start] GC(570) Summary Phase
[236.098s][info][gc,phases      ] GC(570) Summary Phase 0.013ms
[236.098s][info][gc,phases,start] GC(570) Adjust Roots
[236.100s][info][gc,phases      ] GC(570) Adjust Roots 1.651ms
[236.100s][info][gc,phases,start] GC(570) Compaction Phase
[236.117s][info][gc,phases      ] GC(570) Compaction Phase 17.411ms
[236.117s][info][gc,phases,start] GC(570) Post Compact
[236.118s][info][gc,phases      ] GC(570) Post Compact 0.918ms
[236.118s][info][gc,heap        ] GC(570) PSYoungGen: 96K->0K(1393664K)
[236.118s][info][gc,heap        ] GC(570) ParOldGen: 85672K->85584K(2796544K)
[236.118s][info][gc,metaspace   ] GC(570) Metaspace: 20649K(21376K)->20649K(21376K) NonClass: 18241K(18688K)->18241K(18688K) Class: 2407K(2688K)->2407K(2688K)
[236.118s][info][gc             ] GC(570) Pause Full (System.gc()) 83M->83M(4092M) 75.964ms
[236.118s][info][gc,cpu         ] GC(570) User=0.30s Sys=0.00s Real=0.08s
[236.613s][info][gc,start       ] GC(571) Pause Young (Allocation Failure)
[236.615s][info][gc,heap        ] GC(571) PSYoungGen: 1389568K->2246K(1393664K)
[236.615s][info][gc,heap        ] GC(571) ParOldGen: 85584K->85584K(2796544K)
[236.615s][info][gc,metaspace   ] GC(571) Metaspace: 20649K(21376K)->20649K(21376K) NonClass: 18241K(18688K)->18241K(18688K) Class: 2407K(2688K)->2407K(2688K)
[236.615s][info][gc             ] GC(571) Pause Young (Allocation Failure) 1440M->85M(4092M) 1.406ms
[236.615s][info][gc,cpu         ] GC(571) User=0.00s Sys=0.00s Real=0.00s
[237.113s][info][gc,start       ] GC(572) Pause Young (Allocation Failure)
[237.114s][info][gc,heap        ] GC(572) PSYoungGen: 1391814K->1062K(1393664K)
[237.114s][info][gc,heap        ] GC(572) ParOldGen: 85584K->85600K(2796544K)
[237.114s][info][gc,metaspace   ] GC(572) Metaspace: 20651K(21376K)->20651K(21376K) NonClass: 18243K(18688K)->18243K(18688K) Class: 2407K(2688K)->2407K(2688K)
[237.114s][info][gc             ] GC(572) Pause Young (Allocation Failure) 1442M->84M(4092M) 1.003ms
[237.114s][info][gc,cpu         ] GC(572) User=0.00s Sys=0.00s Real=0.00s
[237.608s][info][gc,start       ] GC(573) Pause Young (Allocation Failure)
[237.609s][info][gc,heap        ] GC(573) PSYoungGen: 1390630K->3607K(1392640K)
[237.609s][info][gc,heap        ] GC(573) ParOldGen: 85600K->85616K(2796544K)
[237.609s][info][gc,metaspace   ] GC(573) Metaspace: 20651K(21376K)->20651K(21376K) NonClass: 18243K(18688K)->18243K(18688K) Class: 2407K(2688K)->2407K(2688K)
[237.609s][info][gc             ] GC(573) Pause Young (Allocation Failure) 1441M->87M(4091M) 1.306ms
[237.609s][info][gc,cpu         ] GC(573) User=0.00s Sys=0.00s Real=0.00s
[238.104s][info][gc,start       ] GC(574) Pause Young (Allocation Failure)
[238.105s][info][gc,heap        ] GC(574) PSYoungGen: 1392151K->2094K(1393152K)
[238.105s][info][gc,heap        ] GC(574) ParOldGen: 85616K->85616K(2796544K)
[238.105s][info][gc,metaspace   ] GC(574) Metaspace: 20651K(21376K)->20651K(21376K) NonClass: 18243K(18688K)->18243K(18688K) Class: 2407K(2688K)->2407K(2688K)
[238.105s][info][gc             ] GC(574) Pause Young (Allocation Failure) 1443M->85M(4091M) 0.900ms
[238.105s][info][gc,cpu         ] GC(574) User=0.00s Sys=0.00s Real=0.00s
[238.608s][info][gc,start       ] GC(575) Pause Young (Allocation Failure)
[238.609s][info][gc,heap        ] GC(575) PSYoungGen: 1390638K->1169K(1393664K)
[238.609s][info][gc,heap        ] GC(575) ParOldGen: 85616K->85640K(2796544K)
[238.609s][info][gc,metaspace   ] GC(575) Metaspace: 20651K(21376K)->20651K(21376K) NonClass: 18243K(18688K)->18243K(18688K) Class: 2407K(2688K)->2407K(2688K)
[238.609s][info][gc             ] GC(575) Pause Young (Allocation Failure) 1441M->84M(4092M) 0.773ms
[238.609s][info][gc,cpu         ] GC(575) User=0.00s Sys=0.00s Real=0.00s
[239.096s][info][gc,start       ] GC(576) Pause Young (Allocation Failure)
[239.098s][info][gc,heap        ] GC(576) PSYoungGen: 1390225K->2603K(1393152K)
[239.098s][info][gc,heap        ] GC(576) ParOldGen: 85640K->85640K(2796544K)
[239.098s][info][gc,metaspace   ] GC(576) Metaspace: 20651K(21376K)->20651K(21376K) NonClass: 18244K(18688K)->18244K(18688K) Class: 2407K(2688K)->2407K(2688K)
[239.098s][info][gc             ] GC(576) Pause Young (Allocation Failure) 1441M->86M(4091M) 1.668ms
[239.098s][info][gc,cpu         ] GC(576) User=0.00s Sys=0.00s Real=0.00s
[239.599s][info][gc,start       ] GC(577) Pause Young (Allocation Failure)
[239.601s][info][gc,heap        ] GC(577) PSYoungGen: 1391659K->2205K(1393152K)
[239.601s][info][gc,heap        ] GC(577) ParOldGen: 85640K->85664K(2796544K)
[239.601s][info][gc,metaspace   ] GC(577) Metaspace: 20651K(21376K)->20651K(21376K) NonClass: 18244K(18688K)->18244K(18688K) Class: 2407K(2688K)->2407K(2688K)
[239.601s][info][gc             ] GC(577) Pause Young (Allocation Failure) 1442M->85M(4091M) 1.166ms
[239.601s][info][gc,cpu         ] GC(577) User=0.00s Sys=0.00s Real=0.00s
[239.716s][info][gc,start       ] GC(578) Pause Young (System.gc())
[239.717s][info][gc,heap        ] GC(578) PSYoungGen: 333248K->64K(1393152K)
[239.717s][info][gc,heap        ] GC(578) ParOldGen: 85664K->85664K(2796544K)
[239.717s][info][gc,metaspace   ] GC(578) Metaspace: 20659K(21376K)->20659K(21376K) NonClass: 18251K(18688K)->18251K(18688K) Class: 2407K(2688K)->2407K(2688K)
[239.717s][info][gc             ] GC(578) Pause Young (System.gc()) 409M->83M(4091M) 0.649ms
[239.717s][info][gc,cpu         ] GC(578) User=0.00s Sys=0.00s Real=0.00s
[239.717s][info][gc,start       ] GC(579) Pause Full (System.gc())
[239.717s][info][gc,phases,start] GC(579) Marking Phase
[239.780s][info][gc,phases      ] GC(579) Marking Phase 63.806ms
[239.781s][info][gc,phases,start] GC(579) Summary Phase
[239.781s][info][gc,phases      ] GC(579) Summary Phase 0.012ms
[239.781s][info][gc,phases,start] GC(579) Adjust Roots
[239.782s][info][gc,phases      ] GC(579) Adjust Roots 1.420ms
[239.782s][info][gc,phases,start] GC(579) Compaction Phase
[239.799s][info][gc,phases      ] GC(579) Compaction Phase 17.409ms
[239.799s][info][gc,phases,start] GC(579) Post Compact
[239.800s][info][gc,phases      ] GC(579) Post Compact 0.937ms
[239.801s][info][gc,heap        ] GC(579) PSYoungGen: 64K->0K(1393152K)
[239.801s][info][gc,heap        ] GC(579) ParOldGen: 85664K->85584K(2796544K)
[239.801s][info][gc,metaspace   ] GC(579) Metaspace: 20659K(21376K)->20659K(21376K) NonClass: 18251K(18688K)->18251K(18688K) Class: 2407K(2688K)->2407K(2688K)
[239.801s][info][gc             ] GC(579) Pause Full (System.gc()) 83M->83M(4091M) 83.908ms
[239.801s][info][gc,cpu         ] GC(579) User=0.22s Sys=0.00s Real=0.08s
[240.297s][info][gc,start       ] GC(580) Pause Young (Allocation Failure)
[240.298s][info][gc,heap        ] GC(580) PSYoungGen: 1388544K->2155K(1393152K)
[240.298s][info][gc,heap        ] GC(580) ParOldGen: 85584K->85584K(2796544K)
[240.298s][info][gc,metaspace   ] GC(580) Metaspace: 20662K(21376K)->20662K(21376K) NonClass: 18254K(18688K)->18254K(18688K) Class: 2407K(2688K)->2407K(2688K)
[240.298s][info][gc             ] GC(580) Pause Young (Allocation Failure) 1439M->85M(4091M) 0.922ms
[240.298s][info][gc,cpu         ] GC(580) User=0.00s Sys=0.00s Real=0.00s
[240.795s][info][gc,start       ] GC(581) Pause Young (Allocation Failure)
[240.796s][info][gc,heap        ] GC(581) PSYoungGen: 1390699K->1152K(1393152K)
[240.796s][info][gc,heap        ] GC(581) ParOldGen: 85584K->85608K(2796544K)
[240.796s][info][gc,metaspace   ] GC(581) Metaspace: 20662K(21376K)->20662K(21376K) NonClass: 18254K(18688K)->18254K(18688K) Class: 2407K(2688K)->2407K(2688K)
[240.796s][info][gc             ] GC(581) Pause Young (Allocation Failure) 1441M->84M(4091M) 0.876ms
[240.796s][info][gc,cpu         ] GC(581) User=0.00s Sys=0.00s Real=0.00s
[241.286s][info][gc,start       ] GC(582) Pause Young (Allocation Failure)
[241.287s][info][gc,heap        ] GC(582) PSYoungGen: 1389696K->320K(1393664K)
[241.287s][info][gc,heap        ] GC(582) ParOldGen: 85608K->85632K(2796544K)
[241.287s][info][gc,metaspace   ] GC(582) Metaspace: 20662K(21376K)->20662K(21376K) NonClass: 18254K(18688K)->18254K(18688K) Class: 2407K(2688K)->2407K(2688K)
[241.287s][info][gc             ] GC(582) Pause Young (Allocation Failure) 1440M->83M(4092M) 0.708ms
[241.287s][info][gc,cpu         ] GC(582) User=0.00s Sys=0.00s Real=0.00s
[241.805s][info][gc,start       ] GC(583) Pause Young (Allocation Failure)
[241.806s][info][gc,heap        ] GC(583) PSYoungGen: 1389888K->2324K(1393664K)
[241.806s][info][gc,heap        ] GC(583) ParOldGen: 85632K->85632K(2796544K)
[241.806s][info][gc,metaspace   ] GC(583) Metaspace: 20662K(21376K)->20662K(21376K) NonClass: 18254K(18688K)->18254K(18688K) Class: 2407K(2688K)->2407K(2688K)
[241.806s][info][gc             ] GC(583) Pause Young (Allocation Failure) 1440M->85M(4092M) 0.957ms
[241.806s][info][gc,cpu         ] GC(583) User=0.00s Sys=0.00s Real=0.00s
[242.319s][info][gc,start       ] GC(584) Pause Young (Allocation Failure)
[242.320s][info][gc,heap        ] GC(584) PSYoungGen: 1391892K->1603K(1393664K)
[242.320s][info][gc,heap        ] GC(584) ParOldGen: 85632K->85656K(2796544K)
[242.320s][info][gc,metaspace   ] GC(584) Metaspace: 20662K(21376K)->20662K(21376K) NonClass: 18254K(18688K)->18254K(18688K) Class: 2407K(2688K)->2407K(2688K)
[242.320s][info][gc             ] GC(584) Pause Young (Allocation Failure) 1442M->85M(4092M) 0.709ms
[242.320s][info][gc,cpu         ] GC(584) User=0.00s Sys=0.00s Real=0.00s
[242.830s][info][gc,start       ] GC(585) Pause Young (Allocation Failure)
[242.831s][info][gc,heap        ] GC(585) PSYoungGen: 1391171K->448K(1393664K)
[242.831s][info][gc,heap        ] GC(585) ParOldGen: 85656K->85656K(2796544K)
[242.831s][info][gc,metaspace   ] GC(585) Metaspace: 20662K(21376K)->20662K(21376K) NonClass: 18254K(18688K)->18254K(18688K) Class: 2407K(2688K)->2407K(2688K)
[242.831s][info][gc             ] GC(585) Pause Young (Allocation Failure) 1442M->84M(4092M) 0.653ms
[242.831s][info][gc,cpu         ] GC(585) User=0.00s Sys=0.00s Real=0.00s
[243.334s][info][gc,start       ] GC(586) Pause Young (Allocation Failure)
[243.335s][info][gc,heap        ] GC(586) PSYoungGen: 1390016K->2276K(1393664K)
[243.335s][info][gc,heap        ] GC(586) ParOldGen: 85656K->85680K(2796544K)
[243.335s][info][gc,metaspace   ] GC(586) Metaspace: 20662K(21376K)->20662K(21376K) NonClass: 18254K(18688K)->18254K(18688K) Class: 2407K(2688K)->2407K(2688K)
[243.335s][info][gc             ] GC(586) Pause Young (Allocation Failure) 1441M->85M(4092M) 1.563ms
[243.335s][info][gc,cpu         ] GC(586) User=0.00s Sys=0.00s Real=0.00s
[243.455s][info][gc,start       ] GC(587) Pause Young (System.gc())
[243.456s][info][gc,heap        ] GC(587) PSYoungGen: 323460K->96K(1393664K)
[243.456s][info][gc,heap        ] GC(587) ParOldGen: 85680K->85680K(2796544K)
[243.456s][info][gc,metaspace   ] GC(587) Metaspace: 20662K(21376K)->20662K(21376K) NonClass: 18254K(18688K)->18254K(18688K) Class: 2407K(2688K)->2407K(2688K)
[243.456s][info][gc             ] GC(587) Pause Young (System.gc()) 399M->83M(4092M) 0.430ms
[243.456s][info][gc,cpu         ] GC(587) User=0.00s Sys=0.00s Real=0.00s
[243.456s][info][gc,start       ] GC(588) Pause Full (System.gc())
[243.456s][info][gc,phases,start] GC(588) Marking Phase
[243.517s][info][gc,phases      ] GC(588) Marking Phase 60.832ms
[243.517s][info][gc,phases,start] GC(588) Summary Phase
[243.517s][info][gc,phases      ] GC(588) Summary Phase 0.018ms
[243.517s][info][gc,phases,start] GC(588) Adjust Roots
[243.519s][info][gc,phases      ] GC(588) Adjust Roots 1.602ms
[243.519s][info][gc,phases,start] GC(588) Compaction Phase
[243.536s][info][gc,phases      ] GC(588) Compaction Phase 17.810ms
[243.536s][info][gc,phases,start] GC(588) Post Compact
[243.537s][info][gc,phases      ] GC(588) Post Compact 0.892ms
[243.537s][info][gc,heap        ] GC(588) PSYoungGen: 96K->0K(1393664K)
[243.537s][info][gc,heap        ] GC(588) ParOldGen: 85680K->85584K(2796544K)
[243.537s][info][gc,metaspace   ] GC(588) Metaspace: 20662K(21376K)->20662K(21376K) NonClass: 18254K(18688K)->18254K(18688K) Class: 2407K(2688K)->2407K(2688K)
[243.537s][info][gc             ] GC(588) Pause Full (System.gc()) 83M->83M(4092M) 81.479ms
[243.537s][info][gc,cpu         ] GC(588) User=0.36s Sys=0.00s Real=0.08s
[244.050s][info][gc,start       ] GC(589) Pause Young (Allocation Failure)
[244.051s][info][gc,heap        ] GC(589) PSYoungGen: 1389568K->2496K(1393664K)
[244.051s][info][gc,heap        ] GC(589) ParOldGen: 85584K->85584K(2796544K)
[244.051s][info][gc,metaspace   ] GC(589) Metaspace: 20662K(21376K)->20662K(21376K) NonClass: 18254K(18688K)->18254K(18688K) Class: 2407K(2688K)->2407K(2688K)
[244.051s][info][gc             ] GC(589) Pause Young (Allocation Failure) 1440M->86M(4092M) 1.058ms
[244.051s][info][gc,cpu         ] GC(589) User=0.00s Sys=0.00s Real=0.00s
[244.575s][info][gc,start       ] GC(590) Pause Young (Allocation Failure)
[244.577s][info][gc,heap        ] GC(590) PSYoungGen: 1392064K->1342K(1393664K)
[244.577s][info][gc,heap        ] GC(590) ParOldGen: 85584K->85600K(2796544K)
[244.577s][info][gc,metaspace   ] GC(590) Metaspace: 20662K(21376K)->20662K(21376K) NonClass: 18254K(18688K)->18254K(18688K) Class: 2407K(2688K)->2407K(2688K)
[244.577s][info][gc             ] GC(590) Pause Young (Allocation Failure) 1443M->84M(4092M) 1.492ms
[244.577s][info][gc,cpu         ] GC(590) User=0.00s Sys=0.00s Real=0.00s
[245.081s][info][gc,start       ] GC(591) Pause Young (Allocation Failure)
[245.081s][info][gc,heap        ] GC(591) PSYoungGen: 1390910K->192K(1393664K)
[245.081s][info][gc,heap        ] GC(591) ParOldGen: 85600K->85624K(2796544K)
[245.081s][info][gc,metaspace   ] GC(591) Metaspace: 20662K(21376K)->20662K(21376K) NonClass: 18254K(18688K)->18254K(18688K) Class: 2407K(2688K)->2407K(2688K)
[245.081s][info][gc             ] GC(591) Pause Young (Allocation Failure) 1441M->83M(4092M) 0.562ms
[245.081s][info][gc,cpu         ] GC(591) User=0.00s Sys=0.00s Real=0.00s
[245.585s][info][gc,start       ] GC(592) Pause Young (Allocation Failure)
[245.586s][info][gc,heap        ] GC(592) PSYoungGen: 1389760K->2269K(1393664K)
[245.586s][info][gc,heap        ] GC(592) ParOldGen: 85624K->85624K(2796544K)
[245.586s][info][gc,metaspace   ] GC(592) Metaspace: 20662K(21376K)->20662K(21376K) NonClass: 18254K(18688K)->18254K(18688K) Class: 2407K(2688K)->2407K(2688K)
[245.586s][info][gc             ] GC(592) Pause Young (Allocation Failure) 1440M->85M(4092M) 0.919ms
[245.586s][info][gc,cpu         ] GC(592) User=0.00s Sys=0.00s Real=0.00s
[246.081s][info][gc,start       ] GC(593) Pause Young (Allocation Failure)
[246.082s][info][gc,heap        ] GC(593) PSYoungGen: 1391837K->1122K(1393664K)
[246.082s][info][gc,heap        ] GC(593) ParOldGen: 85624K->85640K(2796544K)
[246.082s][info][gc,metaspace   ] GC(593) Metaspace: 20662K(21376K)->20662K(21376K) NonClass: 18254K(18688K)->18254K(18688K) Class: 2407K(2688K)->2407K(2688K)
[246.082s][info][gc             ] GC(593) Pause Young (Allocation Failure) 1442M->84M(4092M) 0.991ms
[246.082s][info][gc,cpu         ] GC(593) User=0.00s Sys=0.00s Real=0.00s
[246.576s][info][gc,start       ] GC(594) Pause Young (Allocation Failure)
[246.576s][info][gc,heap        ] GC(594) PSYoungGen: 1390690K->192K(1393664K)
[246.576s][info][gc,heap        ] GC(594) ParOldGen: 85640K->85640K(2796544K)
[246.576s][info][gc,metaspace   ] GC(594) Metaspace: 20662K(21376K)->20662K(21376K) NonClass: 18254K(18688K)->18254K(18688K) Class: 2407K(2688K)->2407K(2688K)
[246.576s][info][gc             ] GC(594) Pause Young (Allocation Failure) 1441M->83M(4092M) 0.558ms
[246.576s][info][gc,cpu         ] GC(594) User=0.00s Sys=0.00s Real=0.00s
[247.052s][info][gc,start       ] GC(595) Pause Young (Allocation Failure)
[247.053s][info][gc,heap        ] GC(595) PSYoungGen: 1389760K->1923K(1393664K)
[247.053s][info][gc,heap        ] GC(595) ParOldGen: 85640K->85664K(2796544K)
[247.053s][info][gc,metaspace   ] GC(595) Metaspace: 20662K(21376K)->20662K(21376K) NonClass: 18254K(18688K)->18254K(18688K) Class: 2407K(2688K)->2407K(2688K)
[247.053s][info][gc             ] GC(595) Pause Young (Allocation Failure) 1440M->85M(4092M) 0.795ms
[247.053s][info][gc,cpu         ] GC(595) User=0.00s Sys=0.00s Real=0.00s
[247.166s][info][gc,start       ] GC(596) Pause Young (System.gc())
[247.166s][info][gc,heap        ] GC(596) PSYoungGen: 331550K->64K(1393664K)
[247.166s][info][gc,heap        ] GC(596) ParOldGen: 85664K->85664K(2796544K)
[247.166s][info][gc,metaspace   ] GC(596) Metaspace: 20662K(21376K)->20662K(21376K) NonClass: 18254K(18688K)->18254K(18688K) Class: 2407K(2688K)->2407K(2688K)
[247.166s][info][gc             ] GC(596) Pause Young (System.gc()) 407M->83M(4092M) 0.508ms
[247.166s][info][gc,cpu         ] GC(596) User=0.00s Sys=0.00s Real=0.00s
[247.166s][info][gc,start       ] GC(597) Pause Full (System.gc())
[247.166s][info][gc,phases,start] GC(597) Marking Phase
[247.241s][info][gc,phases      ] GC(597) Marking Phase 75.130ms
[247.241s][info][gc,phases,start] GC(597) Summary Phase
[247.241s][info][gc,phases      ] GC(597) Summary Phase 0.013ms
[247.241s][info][gc,phases,start] GC(597) Adjust Roots
[247.243s][info][gc,phases      ] GC(597) Adjust Roots 1.628ms
[247.243s][info][gc,phases,start] GC(597) Compaction Phase
[247.260s][info][gc,phases      ] GC(597) Compaction Phase 17.297ms
[247.260s][info][gc,phases,start] GC(597) Post Compact
[247.261s][info][gc,phases      ] GC(597) Post Compact 0.931ms
[247.261s][info][gc,heap        ] GC(597) PSYoungGen: 64K->0K(1393664K)
[247.262s][info][gc,heap        ] GC(597) ParOldGen: 85664K->85584K(2796544K)
[247.262s][info][gc,metaspace   ] GC(597) Metaspace: 20662K(21376K)->20662K(21376K) NonClass: 18254K(18688K)->18254K(18688K) Class: 2407K(2688K)->2407K(2688K)
[247.262s][info][gc             ] GC(597) Pause Full (System.gc()) 83M->83M(4092M) 95.309ms
[247.262s][info][gc,cpu         ] GC(597) User=0.39s Sys=0.00s Real=0.10s
[247.757s][info][gc,start       ] GC(598) Pause Young (Allocation Failure)
[247.758s][info][gc,heap        ] GC(598) PSYoungGen: 1389568K->2404K(1393664K)
[247.758s][info][gc,heap        ] GC(598) ParOldGen: 85584K->85584K(2796544K)
[247.758s][info][gc,metaspace   ] GC(598) Metaspace: 20662K(21376K)->20662K(21376K) NonClass: 18254K(18688K)->18254K(18688K) Class: 2407K(2688K)->2407K(2688K)
[247.758s][info][gc             ] GC(598) Pause Young (Allocation Failure) 1440M->85M(4092M) 1.058ms
[247.758s][info][gc,cpu         ] GC(598) User=0.00s Sys=0.00s Real=0.00s
[248.257s][info][gc,start       ] GC(599) Pause Young (Allocation Failure)
[248.258s][info][gc,heap        ] GC(599) PSYoungGen: 1391972K->1246K(1393664K)
[248.258s][info][gc,heap        ] GC(599) ParOldGen: 85584K->85600K(2796544K)
[248.258s][info][gc,metaspace   ] GC(599) Metaspace: 20662K(21376K)->20662K(21376K) NonClass: 18254K(18688K)->18254K(18688K) Class: 2407K(2688K)->2407K(2688K)
[248.258s][info][gc             ] GC(599) Pause Young (Allocation Failure) 1442M->84M(4092M) 0.788ms
[248.258s][info][gc,cpu         ] GC(599) User=0.00s Sys=0.00s Real=0.00s
[248.744s][info][gc,start       ] GC(600) Pause Young (Allocation Failure)
[248.746s][info][gc,heap        ] GC(600) PSYoungGen: 1390814K->2733K(1393664K)
[248.746s][info][gc,heap        ] GC(600) ParOldGen: 85600K->85624K(2796544K)
[248.746s][info][gc,metaspace   ] GC(600) Metaspace: 20662K(21376K)->20662K(21376K) NonClass: 18254K(18688K)->18254K(18688K) Class: 2407K(2688K)->2407K(2688K)
[248.746s][info][gc             ] GC(600) Pause Young (Allocation Failure) 1441M->86M(4092M) 1.651ms
[248.746s][info][gc,cpu         ] GC(600) User=0.00s Sys=0.00s Real=0.00s
[249.243s][info][gc,start       ] GC(601) Pause Young (Allocation Failure)
[249.244s][info][gc,heap        ] GC(601) PSYoungGen: 1392301K->1946K(1393664K)
[249.244s][info][gc,heap        ] GC(601) ParOldGen: 85624K->85624K(2796544K)
[249.244s][info][gc,metaspace   ] GC(601) Metaspace: 20662K(21376K)->20662K(21376K) NonClass: 18254K(18688K)->18254K(18688K) Class: 2407K(2688K)->2407K(2688K)
[249.244s][info][gc             ] GC(601) Pause Young (Allocation Failure) 1443M->85M(4092M) 0.966ms
[249.244s][info][gc,cpu         ] GC(601) User=0.00s Sys=0.00s Real=0.00s
[249.734s][info][gc,start       ] GC(602) Pause Young (Allocation Failure)
[249.735s][info][gc,heap        ] GC(602) PSYoungGen: 1391514K->912K(1393664K)
[249.735s][info][gc,heap        ] GC(602) ParOldGen: 85624K->85648K(2796544K)
[249.735s][info][gc,metaspace   ] GC(602) Metaspace: 20662K(21376K)->20662K(21376K) NonClass: 18254K(18688K)->18254K(18688K) Class: 2407K(2688K)->2407K(2688K)
[249.735s][info][gc             ] GC(602) Pause Young (Allocation Failure) 1442M->84M(4092M) 0.615ms
[249.735s][info][gc,cpu         ] GC(602) User=0.00s Sys=0.00s Real=0.00s
[250.233s][info][gc,start       ] GC(603) Pause Young (Allocation Failure)
[250.234s][info][gc,heap        ] GC(603) PSYoungGen: 1390480K->2795K(1393664K)
[250.234s][info][gc,heap        ] GC(603) ParOldGen: 85648K->85648K(2796544K)
[250.234s][info][gc,metaspace   ] GC(603) Metaspace: 20662K(21376K)->20662K(21376K) NonClass: 18254K(18688K)->18254K(18688K) Class: 2407K(2688K)->2407K(2688K)
[250.234s][info][gc             ] GC(603) Pause Young (Allocation Failure) 1441M->86M(4092M) 1.433ms
[250.234s][info][gc,cpu         ] GC(603) User=0.00s Sys=0.00s Real=0.00s
[250.728s][info][gc,start       ] GC(604) Pause Young (Allocation Failure)
[250.729s][info][gc,heap        ] GC(604) PSYoungGen: 1392363K->1742K(1393664K)
[250.729s][info][gc,heap        ] GC(604) ParOldGen: 85648K->85664K(2796544K)
[250.729s][info][gc,metaspace   ] GC(604) Metaspace: 20662K(21376K)->20662K(21376K) NonClass: 18254K(18688K)->18254K(18688K) Class: 2407K(2688K)->2407K(2688K)
[250.729s][info][gc             ] GC(604) Pause Young (Allocation Failure) 1443M->85M(4092M) 0.803ms
[250.729s][info][gc,cpu         ] GC(604) User=0.00s Sys=0.00s Real=0.00s
[250.843s][info][gc,start       ] GC(605) Pause Young (System.gc())
[250.843s][info][gc,heap        ] GC(605) PSYoungGen: 334209K->64K(1393664K)
[250.843s][info][gc,heap        ] GC(605) ParOldGen: 85664K->85664K(2796544K)
[250.843s][info][gc,metaspace   ] GC(605) Metaspace: 20662K(21376K)->20662K(21376K) NonClass: 18254K(18688K)->18254K(18688K) Class: 2407K(2688K)->2407K(2688K)
[250.843s][info][gc             ] GC(605) Pause Young (System.gc()) 410M->83M(4092M) 0.550ms
[250.843s][info][gc,cpu         ] GC(605) User=0.00s Sys=0.00s Real=0.00s
[250.843s][info][gc,start       ] GC(606) Pause Full (System.gc())
[250.843s][info][gc,phases,start] GC(606) Marking Phase
[250.910s][info][gc,phases      ] GC(606) Marking Phase 67.175ms
[250.910s][info][gc,phases,start] GC(606) Summary Phase
[250.911s][info][gc,phases      ] GC(606) Summary Phase 0.013ms
[250.911s][info][gc,phases,start] GC(606) Adjust Roots
[250.912s][info][gc,phases      ] GC(606) Adjust Roots 1.460ms
[250.912s][info][gc,phases,start] GC(606) Compaction Phase
[250.929s][info][gc,phases      ] GC(606) Compaction Phase 16.733ms
[250.929s][info][gc,phases,start] GC(606) Post Compact
[250.930s][info][gc,phases      ] GC(606) Post Compact 0.848ms
[250.930s][info][gc,heap        ] GC(606) PSYoungGen: 64K->0K(1393664K)
[250.930s][info][gc,heap        ] GC(606) ParOldGen: 85664K->85584K(2796544K)
[250.930s][info][gc,metaspace   ] GC(606) Metaspace: 20662K(21376K)->20662K(21376K) NonClass: 18254K(18688K)->18254K(18688K) Class: 2407K(2688K)->2407K(2688K)
[250.930s][info][gc             ] GC(606) Pause Full (System.gc()) 83M->83M(4092M) 86.536ms
[250.930s][info][gc,cpu         ] GC(606) User=0.22s Sys=0.00s Real=0.09s
[251.417s][info][gc,start       ] GC(607) Pause Young (Allocation Failure)
[251.420s][info][gc,heap        ] GC(607) PSYoungGen: 1389568K->1901K(1393664K)
[251.420s][info][gc,heap        ] GC(607) ParOldGen: 85584K->85584K(2796544K)
[251.420s][info][gc,metaspace   ] GC(607) Metaspace: 20662K(21376K)->20662K(21376K) NonClass: 18254K(18688K)->18254K(18688K) Class: 2407K(2688K)->2407K(2688K)
[251.420s][info][gc             ] GC(607) Pause Young (Allocation Failure) 1440M->85M(4092M) 3.137ms
[251.420s][info][gc,cpu         ] GC(607) User=0.00s Sys=0.00s Real=0.00s
[251.912s][info][gc,start       ] GC(608) Pause Young (Allocation Failure)
[251.912s][info][gc,heap        ] GC(608) PSYoungGen: 1391469K->928K(1393664K)
[251.912s][info][gc,heap        ] GC(608) ParOldGen: 85584K->85600K(2796544K)
[251.912s][info][gc,metaspace   ] GC(608) Metaspace: 20662K(21376K)->20662K(21376K) NonClass: 18254K(18688K)->18254K(18688K) Class: 2407K(2688K)->2407K(2688K)
[251.912s][info][gc             ] GC(608) Pause Young (Allocation Failure) 1442M->84M(4092M) 0.845ms
[251.912s][info][gc,cpu         ] GC(608) User=0.02s Sys=0.00s Real=0.00s
[252.404s][info][gc,start       ] GC(609) Pause Young (Allocation Failure)
[252.404s][info][gc,heap        ] GC(609) PSYoungGen: 1390496K->224K(1393664K)
[252.404s][info][gc,heap        ] GC(609) ParOldGen: 85600K->85632K(2796544K)
[252.404s][info][gc,metaspace   ] GC(609) Metaspace: 20662K(21376K)->20662K(21376K) NonClass: 18254K(18688K)->18254K(18688K) Class: 2407K(2688K)->2407K(2688K)
[252.404s][info][gc             ] GC(609) Pause Young (Allocation Failure) 1441M->83M(4092M) 0.619ms
[252.404s][info][gc,cpu         ] GC(609) User=0.00s Sys=0.00s Real=0.00s
[252.903s][info][gc,start       ] GC(610) Pause Young (Allocation Failure)
[252.904s][info][gc,heap        ] GC(610) PSYoungGen: 1389792K->1940K(1393664K)
[252.904s][info][gc,heap        ] GC(610) ParOldGen: 85632K->85632K(2796544K)
[252.904s][info][gc,metaspace   ] GC(610) Metaspace: 20662K(21376K)->20662K(21376K) NonClass: 18254K(18688K)->18254K(18688K) Class: 2407K(2688K)->2407K(2688K)
[252.904s][info][gc             ] GC(610) Pause Young (Allocation Failure) 1440M->85M(4092M) 0.749ms
[252.904s][info][gc,cpu         ] GC(610) User=0.00s Sys=0.00s Real=0.00s
[253.393s][info][gc,start       ] GC(611) Pause Young (Allocation Failure)
[253.393s][info][gc,heap        ] GC(611) PSYoungGen: 1391508K->1047K(1394176K)
[253.393s][info][gc,heap        ] GC(611) ParOldGen: 85632K->85648K(2796544K)
[253.393s][info][gc,metaspace   ] GC(611) Metaspace: 20662K(21376K)->20662K(21376K) NonClass: 18254K(18688K)->18254K(18688K) Class: 2407K(2688K)->2407K(2688K)
[253.393s][info][gc             ] GC(611) Pause Young (Allocation Failure) 1442M->84M(4092M) 0.729ms
[253.393s][info][gc,cpu         ] GC(611) User=0.00s Sys=0.00s Real=0.00s
[253.888s][info][gc,start       ] GC(612) Pause Young (Allocation Failure)
[253.888s][info][gc,heap        ] GC(612) PSYoungGen: 1391127K->256K(1393664K)
[253.888s][info][gc,heap        ] GC(612) ParOldGen: 85648K->85648K(2796544K)
[253.888s][info][gc,metaspace   ] GC(612) Metaspace: 20662K(21376K)->20662K(21376K) NonClass: 18254K(18688K)->18254K(18688K) Class: 2407K(2688K)->2407K(2688K)
[253.888s][info][gc             ] GC(612) Pause Young (Allocation Failure) 1442M->83M(4092M) 0.744ms
[253.888s][info][gc,cpu         ] GC(612) User=0.00s Sys=0.00s Real=0.00s
[254.392s][info][gc,start       ] GC(613) Pause Young (Allocation Failure)
[254.393s][info][gc,heap        ] GC(613) PSYoungGen: 1390336K->2334K(1393152K)
[254.393s][info][gc,heap        ] GC(613) ParOldGen: 85648K->85672K(2796544K)
[254.393s][info][gc,metaspace   ] GC(613) Metaspace: 20662K(21376K)->20662K(21376K) NonClass: 18254K(18688K)->18254K(18688K) Class: 2407K(2688K)->2407K(2688K)
[254.393s][info][gc             ] GC(613) Pause Young (Allocation Failure) 1441M->85M(4091M) 1.086ms
[254.393s][info][gc,cpu         ] GC(613) User=0.00s Sys=0.00s Real=0.00s
[254.513s][info][gc,start       ] GC(614) Pause Young (System.gc())
[254.513s][info][gc,heap        ] GC(614) PSYoungGen: 322917K->96K(1393664K)
[254.513s][info][gc,heap        ] GC(614) ParOldGen: 85672K->85672K(2796544K)
[254.513s][info][gc,metaspace   ] GC(614) Metaspace: 20662K(21376K)->20662K(21376K) NonClass: 18254K(18688K)->18254K(18688K) Class: 2407K(2688K)->2407K(2688K)
[254.513s][info][gc             ] GC(614) Pause Young (System.gc()) 399M->83M(4092M) 0.434ms
[254.513s][info][gc,cpu         ] GC(614) User=0.00s Sys=0.00s Real=0.00s
[254.513s][info][gc,start       ] GC(615) Pause Full (System.gc())
[254.513s][info][gc,phases,start] GC(615) Marking Phase
[254.587s][info][gc,phases      ] GC(615) Marking Phase 73.878ms
[254.587s][info][gc,phases,start] GC(615) Summary Phase
[254.587s][info][gc,phases      ] GC(615) Summary Phase 0.012ms
[254.587s][info][gc,phases,start] GC(615) Adjust Roots
[254.589s][info][gc,phases      ] GC(615) Adjust Roots 1.543ms
[254.589s][info][gc,phases,start] GC(615) Compaction Phase
[254.606s][info][gc,phases      ] GC(615) Compaction Phase 16.655ms
[254.606s][info][gc,phases,start] GC(615) Post Compact
[254.607s][info][gc,phases      ] GC(615) Post Compact 1.012ms
[254.607s][info][gc,heap        ] GC(615) PSYoungGen: 96K->0K(1393664K)
[254.607s][info][gc,heap        ] GC(615) ParOldGen: 85672K->85584K(2796544K)
[254.607s][info][gc,metaspace   ] GC(615) Metaspace: 20662K(21376K)->20662K(21376K) NonClass: 18254K(18688K)->18254K(18688K) Class: 2407K(2688K)->2407K(2688K)
[254.607s][info][gc             ] GC(615) Pause Full (System.gc()) 83M->83M(4092M) 93.425ms
[254.607s][info][gc,cpu         ] GC(615) User=0.41s Sys=0.00s Real=0.09s
[255.091s][info][gc,start       ] GC(616) Pause Young (Allocation Failure)
[255.092s][info][gc,heap        ] GC(616) PSYoungGen: 1389568K->2195K(1393664K)
[255.092s][info][gc,heap        ] GC(616) ParOldGen: 85584K->85584K(2796544K)
[255.092s][info][gc,metaspace   ] GC(616) Metaspace: 20662K(21376K)->20662K(21376K) NonClass: 18254K(18688K)->18254K(18688K) Class: 2407K(2688K)->2407K(2688K)
[255.092s][info][gc             ] GC(616) Pause Young (Allocation Failure) 1440M->85M(4092M) 1.219ms
[255.092s][info][gc,cpu         ] GC(616) User=0.00s Sys=0.00s Real=0.00s
[255.656s][info][gc,start       ] GC(617) Pause Young (Allocation Failure)
[255.657s][info][gc,heap        ] GC(617) PSYoungGen: 1391763K->1267K(1393664K)
[255.657s][info][gc,heap        ] GC(617) ParOldGen: 85584K->85600K(2796544K)
[255.657s][info][gc,metaspace   ] GC(617) Metaspace: 20662K(21376K)->20662K(21376K) NonClass: 18254K(18688K)->18254K(18688K) Class: 2407K(2688K)->2407K(2688K)
[255.657s][info][gc             ] GC(617) Pause Young (Allocation Failure) 1442M->84M(4092M) 0.704ms
[255.657s][info][gc,cpu         ] GC(617) User=0.00s Sys=0.00s Real=0.00s
[256.153s][info][gc,start       ] GC(618) Pause Young (Allocation Failure)
[256.153s][info][gc,heap        ] GC(618) PSYoungGen: 1390835K->384K(1394176K)
[256.153s][info][gc,heap        ] GC(618) ParOldGen: 85600K->85624K(2796544K)
[256.153s][info][gc,metaspace   ] GC(618) Metaspace: 20662K(21376K)->20662K(21376K) NonClass: 18254K(18688K)->18254K(18688K) Class: 2407K(2688K)->2407K(2688K)
[256.153s][info][gc             ] GC(618) Pause Young (Allocation Failure) 1441M->83M(4092M) 0.699ms
[256.153s][info][gc,cpu         ] GC(618) User=0.00s Sys=0.00s Real=0.00s
[256.648s][info][gc,start       ] GC(619) Pause Young (Allocation Failure)
[256.649s][info][gc,heap        ] GC(619) PSYoungGen: 1390976K->2346K(1393152K)
[256.649s][info][gc,heap        ] GC(619) ParOldGen: 85624K->85624K(2796544K)
[256.649s][info][gc,metaspace   ] GC(619) Metaspace: 20662K(21376K)->20662K(21376K) NonClass: 18254K(18688K)->18254K(18688K) Class: 2407K(2688K)->2407K(2688K)
[256.649s][info][gc             ] GC(619) Pause Young (Allocation Failure) 1441M->85M(4091M) 1.131ms
[256.649s][info][gc,cpu         ] GC(619) User=0.00s Sys=0.00s Real=0.00s
[257.143s][info][gc,start       ] GC(620) Pause Young (Allocation Failure)
[257.144s][info][gc,heap        ] GC(620) PSYoungGen: 1392938K->1694K(1394176K)
[257.144s][info][gc,heap        ] GC(620) ParOldGen: 85624K->85648K(2796544K)
[257.144s][info][gc,metaspace   ] GC(620) Metaspace: 20662K(21376K)->20662K(21376K) NonClass: 18254K(18688K)->18254K(18688K) Class: 2407K(2688K)->2407K(2688K)
[257.144s][info][gc             ] GC(620) Pause Young (Allocation Failure) 1443M->85M(4092M) 1.050ms
[257.144s][info][gc,cpu         ] GC(620) User=0.00s Sys=0.00s Real=0.00s
[257.645s][info][gc,start       ] GC(621) Pause Young (Allocation Failure)
[257.646s][info][gc,heap        ] GC(621) PSYoungGen: 1391774K->505K(1393664K)
[257.646s][info][gc,heap        ] GC(621) ParOldGen: 85648K->85648K(2796544K)
[257.646s][info][gc,metaspace   ] GC(621) Metaspace: 20662K(21376K)->20662K(21376K) NonClass: 18254K(18688K)->18254K(18688K) Class: 2407K(2688K)->2407K(2688K)
[257.646s][info][gc             ] GC(621) Pause Young (Allocation Failure) 1442M->84M(4092M) 1.005ms
[257.646s][info][gc,cpu         ] GC(621) User=0.00s Sys=0.00s Real=0.00s
[258.131s][info][gc,start       ] GC(622) Pause Young (Allocation Failure)
[258.132s][info][gc,heap        ] GC(622) PSYoungGen: 1390585K->2390K(1393152K)
[258.132s][info][gc,heap        ] GC(622) ParOldGen: 85648K->85672K(2796544K)
[258.132s][info][gc,metaspace   ] GC(622) Metaspace: 20662K(21376K)->20662K(21376K) NonClass: 18254K(18688K)->18254K(18688K) Class: 2407K(2688K)->2407K(2688K)
[258.132s][info][gc             ] GC(622) Pause Young (Allocation Failure) 1441M->85M(4091M) 1.127ms
[258.132s][info][gc,cpu         ] GC(622) User=0.00s Sys=0.00s Real=0.00s
[258.246s][info][gc,start       ] GC(623) Pause Young (System.gc())
[258.247s][info][gc,heap        ] GC(623) PSYoungGen: 322301K->64K(1393664K)
[258.247s][info][gc,heap        ] GC(623) ParOldGen: 85672K->85672K(2796544K)
[258.247s][info][gc,metaspace   ] GC(623) Metaspace: 20662K(21376K)->20662K(21376K) NonClass: 18254K(18688K)->18254K(18688K) Class: 2407K(2688K)->2407K(2688K)
[258.247s][info][gc             ] GC(623) Pause Young (System.gc()) 398M->83M(4092M) 0.580ms
[258.247s][info][gc,cpu         ] GC(623) User=0.00s Sys=0.00s Real=0.00s
[258.247s][info][gc,start       ] GC(624) Pause Full (System.gc())
[258.247s][info][gc,phases,start] GC(624) Marking Phase
[258.303s][info][gc,phases      ] GC(624) Marking Phase 56.057ms
[258.303s][info][gc,phases,start] GC(624) Summary Phase
[258.303s][info][gc,phases      ] GC(624) Summary Phase 0.013ms
[258.303s][info][gc,phases,start] GC(624) Adjust Roots
[258.305s][info][gc,phases      ] GC(624) Adjust Roots 1.496ms
[258.305s][info][gc,phases,start] GC(624) Compaction Phase
[258.322s][info][gc,phases      ] GC(624) Compaction Phase 17.761ms
[258.322s][info][gc,phases,start] GC(624) Post Compact
[258.323s][info][gc,phases      ] GC(624) Post Compact 1.040ms
[258.324s][info][gc,heap        ] GC(624) PSYoungGen: 64K->0K(1393664K)
[258.324s][info][gc,heap        ] GC(624) ParOldGen: 85672K->85584K(2796544K)
[258.324s][info][gc,metaspace   ] GC(624) Metaspace: 20662K(21376K)->20662K(21376K) NonClass: 18254K(18688K)->18254K(18688K) Class: 2407K(2688K)->2407K(2688K)
[258.324s][info][gc             ] GC(624) Pause Full (System.gc()) 83M->83M(4092M) 76.697ms
[258.324s][info][gc,cpu         ] GC(624) User=0.11s Sys=0.00s Real=0.08s
[258.847s][info][gc,start       ] GC(625) Pause Young (Allocation Failure)
[258.848s][info][gc,heap        ] GC(625) PSYoungGen: 1389568K->2120K(1393664K)
[258.848s][info][gc,heap        ] GC(625) ParOldGen: 85584K->85584K(2796544K)
[258.848s][info][gc,metaspace   ] GC(625) Metaspace: 20662K(21376K)->20662K(21376K) NonClass: 18254K(18688K)->18254K(18688K) Class: 2407K(2688K)->2407K(2688K)
[258.848s][info][gc             ] GC(625) Pause Young (Allocation Failure) 1440M->85M(4092M) 1.238ms
[258.848s][info][gc,cpu         ] GC(625) User=0.00s Sys=0.00s Real=0.00s
[259.341s][info][gc,start       ] GC(626) Pause Young (Allocation Failure)
[259.342s][info][gc,heap        ] GC(626) PSYoungGen: 1391688K->1481K(1393664K)
[259.342s][info][gc,heap        ] GC(626) ParOldGen: 85584K->85600K(2796544K)
[259.342s][info][gc,metaspace   ] GC(626) Metaspace: 20662K(21376K)->20662K(21376K) NonClass: 18254K(18688K)->18254K(18688K) Class: 2407K(2688K)->2407K(2688K)
[259.342s][info][gc             ] GC(626) Pause Young (Allocation Failure) 1442M->85M(4092M) 0.761ms
[259.342s][info][gc,cpu         ] GC(626) User=0.00s Sys=0.00s Real=0.00s
[259.842s][info][gc,start       ] GC(627) Pause Young (Allocation Failure)
[259.842s][info][gc,heap        ] GC(627) PSYoungGen: 1391049K->352K(1394176K)
[259.842s][info][gc,heap        ] GC(627) ParOldGen: 85600K->85624K(2796544K)
[259.842s][info][gc,metaspace   ] GC(627) Metaspace: 20662K(21376K)->20662K(21376K) NonClass: 18254K(18688K)->18254K(18688K) Class: 2407K(2688K)->2407K(2688K)
[259.842s][info][gc             ] GC(627) Pause Young (Allocation Failure) 1442M->83M(4092M) 0.568ms
[259.842s][info][gc,cpu         ] GC(627) User=0.00s Sys=0.00s Real=0.00s
[260.330s][info][gc,start       ] GC(628) Pause Young (Allocation Failure)
[260.331s][info][gc,heap        ] GC(628) PSYoungGen: 1390944K->2251K(1393152K)
[260.331s][info][gc,heap        ] GC(628) ParOldGen: 85624K->85624K(2796544K)
[260.331s][info][gc,metaspace   ] GC(628) Metaspace: 20662K(21376K)->20662K(21376K) NonClass: 18254K(18688K)->18254K(18688K) Class: 2407K(2688K)->2407K(2688K)
[260.331s][info][gc             ] GC(628) Pause Young (Allocation Failure) 1441M->85M(4091M) 1.137ms
[260.331s][info][gc,cpu         ] GC(628) User=0.00s Sys=0.00s Real=0.00s
[260.838s][info][gc,start       ] GC(629) Pause Young (Allocation Failure)
[260.839s][info][gc,heap        ] GC(629) PSYoungGen: 1392843K->1320K(1394176K)
[260.839s][info][gc,heap        ] GC(629) ParOldGen: 85624K->85648K(2796544K)
[260.839s][info][gc,metaspace   ] GC(629) Metaspace: 20662K(21376K)->20662K(21376K) NonClass: 18254K(18688K)->18254K(18688K) Class: 2407K(2688K)->2407K(2688K)
[260.839s][info][gc             ] GC(629) Pause Young (Allocation Failure) 1443M->84M(4092M) 0.725ms
[260.839s][info][gc,cpu         ] GC(629) User=0.00s Sys=0.00s Real=0.00s
[261.327s][info][gc,start       ] GC(630) Pause Young (Allocation Failure)
[261.328s][info][gc,heap        ] GC(630) PSYoungGen: 1391400K->3088K(1393664K)
[261.328s][info][gc,heap        ] GC(630) ParOldGen: 85648K->85648K(2796544K)
[261.328s][info][gc,metaspace   ] GC(630) Metaspace: 20662K(21376K)->20662K(21376K) NonClass: 18254K(18688K)->18254K(18688K) Class: 2407K(2688K)->2407K(2688K)
[261.328s][info][gc             ] GC(630) Pause Young (Allocation Failure) 1442M->86M(4092M) 1.636ms
[261.328s][info][gc,cpu         ] GC(630) User=0.00s Sys=0.00s Real=0.00s
[261.829s][info][gc,start       ] GC(631) Pause Young (Allocation Failure)
[261.830s][info][gc,heap        ] GC(631) PSYoungGen: 1393168K->2277K(1393664K)
[261.830s][info][gc,heap        ] GC(631) ParOldGen: 85648K->85672K(2796544K)
[261.830s][info][gc,metaspace   ] GC(631) Metaspace: 20662K(21376K)->20662K(21376K) NonClass: 18254K(18688K)->18254K(18688K) Class: 2407K(2688K)->2407K(2688K)
[261.830s][info][gc             ] GC(631) Pause Young (Allocation Failure) 1444M->85M(4092M) 1.188ms
[261.830s][info][gc,cpu         ] GC(631) User=0.00s Sys=0.00s Real=0.00s
[261.943s][info][gc,start       ] GC(632) Pause Young (System.gc())
[261.944s][info][gc,heap        ] GC(632) PSYoungGen: 325502K->64K(1393664K)
[261.944s][info][gc,heap        ] GC(632) ParOldGen: 85672K->85672K(2796544K)
[261.944s][info][gc,metaspace   ] GC(632) Metaspace: 20662K(21376K)->20662K(21376K) NonClass: 18254K(18688K)->18254K(18688K) Class: 2407K(2688K)->2407K(2688K)
[261.944s][info][gc             ] GC(632) Pause Young (System.gc()) 401M->83M(4092M) 0.657ms
[261.944s][info][gc,cpu         ] GC(632) User=0.00s Sys=0.00s Real=0.00s
[261.944s][info][gc,start       ] GC(633) Pause Full (System.gc())
[261.944s][info][gc,phases,start] GC(633) Marking Phase
[262.005s][info][gc,phases      ] GC(633) Marking Phase 60.578ms
[262.005s][info][gc,phases,start] GC(633) Summary Phase
[262.005s][info][gc,phases      ] GC(633) Summary Phase 0.012ms
[262.005s][info][gc,phases,start] GC(633) Adjust Roots
[262.007s][info][gc,phases      ] GC(633) Adjust Roots 1.927ms
[262.007s][info][gc,phases,start] GC(633) Compaction Phase
[262.024s][info][gc,phases      ] GC(633) Compaction Phase 17.059ms
[262.024s][info][gc,phases,start] GC(633) Post Compact
[262.025s][info][gc,phases      ] GC(633) Post Compact 1.044ms
[262.025s][info][gc,heap        ] GC(633) PSYoungGen: 64K->0K(1393664K)
[262.025s][info][gc,heap        ] GC(633) ParOldGen: 85672K->85584K(2796544K)
[262.025s][info][gc,metaspace   ] GC(633) Metaspace: 20662K(21376K)->20662K(21376K) NonClass: 18254K(18688K)->18254K(18688K) Class: 2407K(2688K)->2407K(2688K)
[262.025s][info][gc             ] GC(633) Pause Full (System.gc()) 83M->83M(4092M) 80.917ms
[262.025s][info][gc,cpu         ] GC(633) User=0.25s Sys=0.00s Real=0.08s
[262.526s][info][gc,start       ] GC(634) Pause Young (Allocation Failure)
[262.527s][info][gc,heap        ] GC(634) PSYoungGen: 1389568K->1960K(1393664K)
[262.527s][info][gc,heap        ] GC(634) ParOldGen: 85584K->85584K(2796544K)
[262.527s][info][gc,metaspace   ] GC(634) Metaspace: 20662K(21376K)->20662K(21376K) NonClass: 18254K(18688K)->18254K(18688K) Class: 2407K(2688K)->2407K(2688K)
[262.527s][info][gc             ] GC(634) Pause Young (Allocation Failure) 1440M->85M(4092M) 0.838ms
[262.527s][info][gc,cpu         ] GC(634) User=0.00s Sys=0.00s Real=0.00s
[263.030s][info][gc,start       ] GC(635) Pause Young (Allocation Failure)
[263.031s][info][gc,heap        ] GC(635) PSYoungGen: 1391528K->1406K(1393664K)
[263.031s][info][gc,heap        ] GC(635) ParOldGen: 85584K->85600K(2796544K)
[263.031s][info][gc,metaspace   ] GC(635) Metaspace: 20662K(21376K)->20662K(21376K) NonClass: 18254K(18688K)->18254K(18688K) Class: 2407K(2688K)->2407K(2688K)
[263.031s][info][gc             ] GC(635) Pause Young (Allocation Failure) 1442M->84M(4092M) 0.942ms
[263.031s][info][gc,cpu         ] GC(635) User=0.00s Sys=0.00s Real=0.00s
[263.529s][info][gc,start       ] GC(636) Pause Young (Allocation Failure)
[263.529s][info][gc,heap        ] GC(636) PSYoungGen: 1390974K->160K(1393664K)
[263.529s][info][gc,heap        ] GC(636) ParOldGen: 85600K->85624K(2796544K)
[263.529s][info][gc,metaspace   ] GC(636) Metaspace: 20662K(21376K)->20662K(21376K) NonClass: 18254K(18688K)->18254K(18688K) Class: 2407K(2688K)->2407K(2688K)
[263.529s][info][gc             ] GC(636) Pause Young (Allocation Failure) 1441M->83M(4092M) 0.615ms
[263.529s][info][gc,cpu         ] GC(636) User=0.00s Sys=0.00s Real=0.00s
[264.015s][info][gc,start       ] GC(637) Pause Young (Allocation Failure)
[264.016s][info][gc,heap        ] GC(637) PSYoungGen: 1389728K->2026K(1393664K)
[264.016s][info][gc,heap        ] GC(637) ParOldGen: 85624K->85632K(2796544K)
[264.016s][info][gc,metaspace   ] GC(637) Metaspace: 20662K(21376K)->20662K(21376K) NonClass: 18254K(18688K)->18254K(18688K) Class: 2407K(2688K)->2407K(2688K)
[264.016s][info][gc             ] GC(637) Pause Young (Allocation Failure) 1440M->85M(4092M) 0.970ms
[264.016s][info][gc,cpu         ] GC(637) User=0.00s Sys=0.00s Real=0.00s
[264.518s][info][gc,start       ] GC(638) Pause Young (Allocation Failure)
[264.519s][info][gc,heap        ] GC(638) PSYoungGen: 1391594K->876K(1394176K)
[264.519s][info][gc,heap        ] GC(638) ParOldGen: 85632K->85656K(2796544K)
[264.519s][info][gc,metaspace   ] GC(638) Metaspace: 20662K(21376K)->20662K(21376K) NonClass: 18254K(18688K)->18254K(18688K) Class: 2407K(2688K)->2407K(2688K)
[264.519s][info][gc             ] GC(638) Pause Young (Allocation Failure) 1442M->84M(4092M) 0.654ms
[264.519s][info][gc,cpu         ] GC(638) User=0.00s Sys=0.00s Real=0.00s
[265.014s][info][gc,start       ] GC(639) Pause Young (Allocation Failure)
[265.015s][info][gc,heap        ] GC(639) PSYoungGen: 1390956K->2635K(1393664K)
[265.016s][info][gc,heap        ] GC(639) ParOldGen: 85656K->85656K(2796544K)
[265.016s][info][gc,metaspace   ] GC(639) Metaspace: 20662K(21376K)->20662K(21376K) NonClass: 18254K(18688K)->18254K(18688K) Class: 2407K(2688K)->2407K(2688K)
[265.016s][info][gc             ] GC(639) Pause Young (Allocation Failure) 1442M->86M(4092M) 1.366ms
[265.016s][info][gc,cpu         ] GC(639) User=0.00s Sys=0.00s Real=0.00s
[265.525s][info][gc,start       ] GC(640) Pause Young (Allocation Failure)
[265.526s][info][gc,heap        ] GC(640) PSYoungGen: 1392715K->2079K(1393664K)
[265.526s][info][gc,heap        ] GC(640) ParOldGen: 85656K->85672K(2796544K)
[265.526s][info][gc,metaspace   ] GC(640) Metaspace: 20662K(21376K)->20662K(21376K) NonClass: 18254K(18688K)->18254K(18688K) Class: 2407K(2688K)->2407K(2688K)
[265.526s][info][gc             ] GC(640) Pause Young (Allocation Failure) 1443M->85M(4092M) 1.474ms
[265.526s][info][gc,cpu         ] GC(640) User=0.00s Sys=0.00s Real=0.00s
[265.643s][info][gc,start       ] GC(641) Pause Young (System.gc())
[265.643s][info][gc,heap        ] GC(641) PSYoungGen: 329360K->96K(1393664K)
[265.643s][info][gc,heap        ] GC(641) ParOldGen: 85672K->85672K(2796544K)
[265.643s][info][gc,metaspace   ] GC(641) Metaspace: 20662K(21376K)->20662K(21376K) NonClass: 18254K(18688K)->18254K(18688K) Class: 2407K(2688K)->2407K(2688K)
[265.644s][info][gc             ] GC(641) Pause Young (System.gc()) 405M->83M(4092M) 0.464ms
[265.644s][info][gc,cpu         ] GC(641) User=0.00s Sys=0.00s Real=0.00s
[265.644s][info][gc,start       ] GC(642) Pause Full (System.gc())
[265.644s][info][gc,phases,start] GC(642) Marking Phase
[265.697s][info][gc,phases      ] GC(642) Marking Phase 53.642ms
[265.697s][info][gc,phases,start] GC(642) Summary Phase
[265.697s][info][gc,phases      ] GC(642) Summary Phase 0.012ms
[265.697s][info][gc,phases,start] GC(642) Adjust Roots
[265.699s][info][gc,phases      ] GC(642) Adjust Roots 1.537ms
[265.699s][info][gc,phases,start] GC(642) Compaction Phase
[265.715s][info][gc,phases      ] GC(642) Compaction Phase 16.574ms
[265.716s][info][gc,phases,start] GC(642) Post Compact
[265.716s][info][gc,phases      ] GC(642) Post Compact 0.892ms
[265.716s][info][gc,heap        ] GC(642) PSYoungGen: 96K->0K(1393664K)
[265.717s][info][gc,heap        ] GC(642) ParOldGen: 85672K->85584K(2796544K)
[265.717s][info][gc,metaspace   ] GC(642) Metaspace: 20662K(21376K)->20662K(21376K) NonClass: 18254K(18688K)->18254K(18688K) Class: 2407K(2688K)->2407K(2688K)
[265.717s][info][gc             ] GC(642) Pause Full (System.gc()) 83M->83M(4092M) 72.979ms
[265.717s][info][gc,cpu         ] GC(642) User=0.38s Sys=0.00s Real=0.07s
[266.201s][info][gc,start       ] GC(643) Pause Young (Allocation Failure)
[266.202s][info][gc,heap        ] GC(643) PSYoungGen: 1389568K->2195K(1393664K)
[266.202s][info][gc,heap        ] GC(643) ParOldGen: 85584K->85584K(2796544K)
[266.202s][info][gc,metaspace   ] GC(643) Metaspace: 20662K(21376K)->20662K(21376K) NonClass: 18254K(18688K)->18254K(18688K) Class: 2407K(2688K)->2407K(2688K)
[266.202s][info][gc             ] GC(643) Pause Young (Allocation Failure) 1440M->85M(4092M) 0.804ms
[266.202s][info][gc,cpu         ] GC(643) User=0.00s Sys=0.00s Real=0.00s
[266.731s][info][gc,start       ] GC(644) Pause Young (Allocation Failure)
[266.732s][info][gc,heap        ] GC(644) PSYoungGen: 1391763K->1472K(1393664K)
[266.732s][info][gc,heap        ] GC(644) ParOldGen: 85584K->85600K(2796544K)
[266.732s][info][gc,metaspace   ] GC(644) Metaspace: 20662K(21376K)->20662K(21376K) NonClass: 18254K(18688K)->18254K(18688K) Class: 2407K(2688K)->2407K(2688K)
[266.732s][info][gc             ] GC(644) Pause Young (Allocation Failure) 1442M->85M(4092M) 0.862ms
[266.732s][info][gc,cpu         ] GC(644) User=0.00s Sys=0.00s Real=0.00s
[267.223s][info][gc,start       ] GC(645) Pause Young (Allocation Failure)
[267.223s][info][gc,heap        ] GC(645) PSYoungGen: 1391040K->457K(1393664K)
[267.224s][info][gc,heap        ] GC(645) ParOldGen: 85600K->85624K(2796544K)
[267.224s][info][gc,metaspace   ] GC(645) Metaspace: 20662K(21376K)->20662K(21376K) NonClass: 18254K(18688K)->18254K(18688K) Class: 2407K(2688K)->2407K(2688K)
[267.224s][info][gc             ] GC(645) Pause Young (Allocation Failure) 1442M->84M(4092M) 0.731ms
[267.224s][info][gc,cpu         ] GC(645) User=0.00s Sys=0.00s Real=0.00s
[267.721s][info][gc,start       ] GC(646) Pause Young (Allocation Failure)
[267.723s][info][gc,heap        ] GC(646) PSYoungGen: 1390025K->2435K(1393664K)
[267.723s][info][gc,heap        ] GC(646) ParOldGen: 85624K->85624K(2796544K)
[267.723s][info][gc,metaspace   ] GC(646) Metaspace: 20662K(21376K)->20662K(21376K) NonClass: 18254K(18688K)->18254K(18688K) Class: 2407K(2688K)->2407K(2688K)
[267.723s][info][gc             ] GC(646) Pause Young (Allocation Failure) 1441M->85M(4092M) 1.903ms
[267.723s][info][gc,cpu         ] GC(646) User=0.00s Sys=0.00s Real=0.00s
[268.217s][info][gc,start       ] GC(647) Pause Young (Allocation Failure)
[268.218s][info][gc,heap        ] GC(647) PSYoungGen: 1392003K->1767K(1393664K)
[268.218s][info][gc,heap        ] GC(647) ParOldGen: 85624K->85640K(2796544K)
[268.218s][info][gc,metaspace   ] GC(647) Metaspace: 20662K(21376K)->20662K(21376K) NonClass: 18254K(18688K)->18254K(18688K) Class: 2407K(2688K)->2407K(2688K)
[268.218s][info][gc             ] GC(647) Pause Young (Allocation Failure) 1442M->85M(4092M) 0.853ms
[268.218s][info][gc,cpu         ] GC(647) User=0.00s Sys=0.00s Real=0.00s
[268.701s][info][gc,start       ] GC(648) Pause Young (Allocation Failure)
[268.702s][info][gc,heap        ] GC(648) PSYoungGen: 1391335K->856K(1393664K)
[268.702s][info][gc,heap        ] GC(648) ParOldGen: 85640K->85640K(2796544K)
[268.702s][info][gc,metaspace   ] GC(648) Metaspace: 20662K(21376K)->20662K(21376K) NonClass: 18254K(18688K)->18254K(18688K) Class: 2407K(2688K)->2407K(2688K)
[268.702s][info][gc             ] GC(648) Pause Young (Allocation Failure) 1442M->84M(4092M) 0.717ms
[268.702s][info][gc,cpu         ] GC(648) User=0.00s Sys=0.00s Real=0.00s
[269.178s][info][gc,start       ] GC(649) Pause Young (Allocation Failure)
[269.179s][info][gc,heap        ] GC(649) PSYoungGen: 1390424K->3388K(1393152K)
[269.179s][info][gc,heap        ] GC(649) ParOldGen: 85640K->85664K(2796544K)
[269.179s][info][gc,metaspace   ] GC(649) Metaspace: 20662K(21376K)->20662K(21376K) NonClass: 18254K(18688K)->18254K(18688K) Class: 2407K(2688K)->2407K(2688K)
[269.179s][info][gc             ] GC(649) Pause Young (Allocation Failure) 1441M->86M(4091M) 1.376ms
[269.179s][info][gc,cpu         ] GC(649) User=0.00s Sys=0.00s Real=0.00s
[269.292s][info][gc,start       ] GC(650) Pause Young (System.gc())
[269.292s][info][gc,heap        ] GC(650) PSYoungGen: 320668K->96K(1393664K)
[269.292s][info][gc,heap        ] GC(650) ParOldGen: 85664K->85664K(2796544K)
[269.292s][info][gc,metaspace   ] GC(650) Metaspace: 20662K(21376K)->20662K(21376K) NonClass: 18254K(18688K)->18254K(18688K) Class: 2407K(2688K)->2407K(2688K)
[269.292s][info][gc             ] GC(650) Pause Young (System.gc()) 396M->83M(4092M) 0.577ms
[269.292s][info][gc,cpu         ] GC(650) User=0.00s Sys=0.00s Real=0.00s
[269.293s][info][gc,start       ] GC(651) Pause Full (System.gc())
[269.293s][info][gc,phases,start] GC(651) Marking Phase
[269.347s][info][gc,phases      ] GC(651) Marking Phase 54.260ms
[269.347s][info][gc,phases,start] GC(651) Summary Phase
[269.347s][info][gc,phases      ] GC(651) Summary Phase 0.012ms
[269.347s][info][gc,phases,start] GC(651) Adjust Roots
[269.348s][info][gc,phases      ] GC(651) Adjust Roots 1.543ms
[269.348s][info][gc,phases,start] GC(651) Compaction Phase
[269.367s][info][gc,phases      ] GC(651) Compaction Phase 18.638ms
[269.367s][info][gc,phases,start] GC(651) Post Compact
[269.368s][info][gc,phases      ] GC(651) Post Compact 0.960ms
[269.368s][info][gc,heap        ] GC(651) PSYoungGen: 96K->0K(1393664K)
[269.368s][info][gc,heap        ] GC(651) ParOldGen: 85664K->85584K(2796544K)
[269.368s][info][gc,metaspace   ] GC(651) Metaspace: 20662K(21376K)->20662K(21376K) NonClass: 18254K(18688K)->18254K(18688K) Class: 2407K(2688K)->2407K(2688K)
[269.368s][info][gc             ] GC(651) Pause Full (System.gc()) 83M->83M(4092M) 75.715ms
[269.368s][info][gc,cpu         ] GC(651) User=0.19s Sys=0.00s Real=0.08s
[269.862s][info][gc,start       ] GC(652) Pause Young (Allocation Failure)
[269.863s][info][gc,heap        ] GC(652) PSYoungGen: 1389568K->2175K(1393664K)
[269.863s][info][gc,heap        ] GC(652) ParOldGen: 85584K->85584K(2796544K)
[269.863s][info][gc,metaspace   ] GC(652) Metaspace: 20662K(21376K)->20662K(21376K) NonClass: 18254K(18688K)->18254K(18688K) Class: 2407K(2688K)->2407K(2688K)
[269.863s][info][gc             ] GC(652) Pause Young (Allocation Failure) 1440M->85M(4092M) 1.023ms
[269.863s][info][gc,cpu         ] GC(652) User=0.00s Sys=0.00s Real=0.00s
[270.349s][info][gc,start       ] GC(653) Pause Young (Allocation Failure)
[270.349s][info][gc,heap        ] GC(653) PSYoungGen: 1391743K->1135K(1393664K)
[270.349s][info][gc,heap        ] GC(653) ParOldGen: 85584K->85600K(2796544K)
[270.350s][info][gc,metaspace   ] GC(653) Metaspace: 20662K(21376K)->20662K(21376K) NonClass: 18254K(18688K)->18254K(18688K) Class: 2407K(2688K)->2407K(2688K)
[270.350s][info][gc             ] GC(653) Pause Young (Allocation Failure) 1442M->84M(4092M) 0.664ms
[270.350s][info][gc,cpu         ] GC(653) User=0.00s Sys=0.00s Real=0.00s
[270.858s][info][gc,start       ] GC(654) Pause Young (Allocation Failure)
[270.858s][info][gc,heap        ] GC(654) PSYoungGen: 1390703K->160K(1393664K)
[270.858s][info][gc,heap        ] GC(654) ParOldGen: 85600K->85624K(2796544K)
[270.858s][info][gc,metaspace   ] GC(654) Metaspace: 20662K(21376K)->20662K(21376K) NonClass: 18254K(18688K)->18254K(18688K) Class: 2407K(2688K)->2407K(2688K)
[270.858s][info][gc             ] GC(654) Pause Young (Allocation Failure) 1441M->83M(4092M) 0.564ms
[270.858s][info][gc,cpu         ] GC(654) User=0.00s Sys=0.00s Real=0.00s
[271.349s][info][gc,start       ] GC(655) Pause Young (Allocation Failure)
[271.350s][info][gc,heap        ] GC(655) PSYoungGen: 1389728K->2144K(1393664K)
[271.350s][info][gc,heap        ] GC(655) ParOldGen: 85624K->85624K(2796544K)
[271.350s][info][gc,metaspace   ] GC(655) Metaspace: 20662K(21376K)->20662K(21376K) NonClass: 18254K(18688K)->18254K(18688K) Class: 2407K(2688K)->2407K(2688K)
[271.350s][info][gc             ] GC(655) Pause Young (Allocation Failure) 1440M->85M(4092M) 0.779ms
[271.350s][info][gc,cpu         ] GC(655) User=0.02s Sys=0.00s Real=0.00s
[271.845s][info][gc,start       ] GC(656) Pause Young (Allocation Failure)
[271.846s][info][gc,heap        ] GC(656) PSYoungGen: 1391712K->1240K(1393664K)
[271.846s][info][gc,heap        ] GC(656) ParOldGen: 85624K->85648K(2796544K)
[271.846s][info][gc,metaspace   ] GC(656) Metaspace: 20662K(21376K)->20662K(21376K) NonClass: 18254K(18688K)->18254K(18688K) Class: 2407K(2688K)->2407K(2688K)
[271.846s][info][gc             ] GC(656) Pause Young (Allocation Failure) 1442M->84M(4092M) 0.840ms
[271.846s][info][gc,cpu         ] GC(656) User=0.00s Sys=0.00s Real=0.00s
[272.340s][info][gc,start       ] GC(657) Pause Young (Allocation Failure)
[272.340s][info][gc,heap        ] GC(657) PSYoungGen: 1390808K->544K(1393664K)
[272.340s][info][gc,heap        ] GC(657) ParOldGen: 85648K->85648K(2796544K)
[272.341s][info][gc,metaspace   ] GC(657) Metaspace: 20662K(21376K)->20662K(21376K) NonClass: 18254K(18688K)->18254K(18688K) Class: 2407K(2688K)->2407K(2688K)
[272.341s][info][gc             ] GC(657) Pause Young (Allocation Failure) 1441M->84M(4092M) 0.612ms
[272.341s][info][gc,cpu         ] GC(657) User=0.00s Sys=0.00s Real=0.00s
[272.832s][info][gc,start       ] GC(658) Pause Young (Allocation Failure)
[272.833s][info][gc,heap        ] GC(658) PSYoungGen: 1390112K->2468K(1393664K)
[272.833s][info][gc,heap        ] GC(658) ParOldGen: 85648K->85680K(2796544K)
[272.834s][info][gc,metaspace   ] GC(658) Metaspace: 20662K(21376K)->20662K(21376K) NonClass: 18254K(18688K)->18254K(18688K) Class: 2407K(2688K)->2407K(2688K)
[272.834s][info][gc             ] GC(658) Pause Young (Allocation Failure) 1441M->86M(4092M) 1.214ms
[272.834s][info][gc,cpu         ] GC(658) User=0.00s Sys=0.00s Real=0.00s
[272.948s][info][gc,start       ] GC(659) Pause Young (System.gc())
[272.948s][info][gc,heap        ] GC(659) PSYoungGen: 334599K->64K(1393664K)
[272.948s][info][gc,heap        ] GC(659) ParOldGen: 85680K->85680K(2796544K)
[272.948s][info][gc,metaspace   ] GC(659) Metaspace: 20662K(21376K)->20662K(21376K) NonClass: 18254K(18688K)->18254K(18688K) Class: 2407K(2688K)->2407K(2688K)
[272.948s][info][gc             ] GC(659) Pause Young (System.gc()) 410M->83M(4092M) 0.468ms
[272.948s][info][gc,cpu         ] GC(659) User=0.00s Sys=0.00s Real=0.00s
[272.948s][info][gc,start       ] GC(660) Pause Full (System.gc())
[272.948s][info][gc,phases,start] GC(660) Marking Phase
[273.019s][info][gc,phases      ] GC(660) Marking Phase 70.791ms
[273.019s][info][gc,phases,start] GC(660) Summary Phase
[273.019s][info][gc,phases      ] GC(660) Summary Phase 0.015ms
[273.019s][info][gc,phases,start] GC(660) Adjust Roots
[273.021s][info][gc,phases      ] GC(660) Adjust Roots 1.654ms
[273.021s][info][gc,phases,start] GC(660) Compaction Phase
[273.038s][info][gc,phases      ] GC(660) Compaction Phase 16.775ms
[273.038s][info][gc,phases,start] GC(660) Post Compact
[273.039s][info][gc,phases      ] GC(660) Post Compact 1.048ms
[273.039s][info][gc,heap        ] GC(660) PSYoungGen: 64K->0K(1393664K)
[273.039s][info][gc,heap        ] GC(660) ParOldGen: 85680K->85584K(2796544K)
[273.039s][info][gc,metaspace   ] GC(660) Metaspace: 20662K(21376K)->20662K(21376K) NonClass: 18254K(18688K)->18254K(18688K) Class: 2407K(2688K)->2407K(2688K)
[273.039s][info][gc             ] GC(660) Pause Full (System.gc()) 83M->83M(4092M) 90.610ms
[273.039s][info][gc,cpu         ] GC(660) User=0.38s Sys=0.00s Real=0.09s
[273.549s][info][gc,start       ] GC(661) Pause Young (Allocation Failure)
[273.551s][info][gc,heap        ] GC(661) PSYoungGen: 1389568K->2329K(1393664K)
[273.551s][info][gc,heap        ] GC(661) ParOldGen: 85584K->85584K(2796544K)
[273.551s][info][gc,metaspace   ] GC(661) Metaspace: 20662K(21376K)->20662K(21376K) NonClass: 18254K(18688K)->18254K(18688K) Class: 2407K(2688K)->2407K(2688K)
[273.551s][info][gc             ] GC(661) Pause Young (Allocation Failure) 1440M->85M(4092M) 1.464ms
[273.551s][info][gc,cpu         ] GC(661) User=0.00s Sys=0.00s Real=0.00s
[274.068s][info][gc,start       ] GC(662) Pause Young (Allocation Failure)
[274.069s][info][gc,heap        ] GC(662) PSYoungGen: 1391897K->1568K(1393664K)
[274.070s][info][gc,heap        ] GC(662) ParOldGen: 85584K->85600K(2796544K)
[274.070s][info][gc,metaspace   ] GC(662) Metaspace: 20662K(21376K)->20662K(21376K) NonClass: 18254K(18688K)->18254K(18688K) Class: 2407K(2688K)->2407K(2688K)
[274.070s][info][gc             ] GC(662) Pause Young (Allocation Failure) 1442M->85M(4092M) 1.276ms
[274.070s][info][gc,cpu         ] GC(662) User=0.00s Sys=0.00s Real=0.00s
[274.577s][info][gc,start       ] GC(663) Pause Young (Allocation Failure)
[274.578s][info][gc,heap        ] GC(663) PSYoungGen: 1391136K->537K(1393664K)
[274.578s][info][gc,heap        ] GC(663) ParOldGen: 85600K->85624K(2796544K)
[274.578s][info][gc,metaspace   ] GC(663) Metaspace: 20662K(21376K)->20662K(21376K) NonClass: 18254K(18688K)->18254K(18688K) Class: 2407K(2688K)->2407K(2688K)
[274.578s][info][gc             ] GC(663) Pause Young (Allocation Failure) 1442M->84M(4092M) 0.826ms
[274.578s][info][gc,cpu         ] GC(663) User=0.00s Sys=0.00s Real=0.00s
[275.081s][info][gc,start       ] GC(664) Pause Young (Allocation Failure)
[275.082s][info][gc,heap        ] GC(664) PSYoungGen: 1390105K->2513K(1393664K)
[275.082s][info][gc,heap        ] GC(664) ParOldGen: 85624K->85624K(2796544K)
[275.082s][info][gc,metaspace   ] GC(664) Metaspace: 20662K(21376K)->20662K(21376K) NonClass: 18254K(18688K)->18254K(18688K) Class: 2407K(2688K)->2407K(2688K)
[275.082s][info][gc             ] GC(664) Pause Young (Allocation Failure) 1441M->86M(4092M) 1.233ms
[275.082s][info][gc,cpu         ] GC(664) User=0.00s Sys=0.00s Real=0.00s
[275.577s][info][gc,start       ] GC(665) Pause Young (Allocation Failure)
[275.578s][info][gc,heap        ] GC(665) PSYoungGen: 1392081K->1460K(1393664K)
[275.578s][info][gc,heap        ] GC(665) ParOldGen: 85624K->85640K(2796544K)
[275.578s][info][gc,metaspace   ] GC(665) Metaspace: 20662K(21376K)->20662K(21376K) NonClass: 18254K(18688K)->18254K(18688K) Class: 2407K(2688K)->2407K(2688K)
[275.578s][info][gc             ] GC(665) Pause Young (Allocation Failure) 1443M->85M(4092M) 0.905ms
[275.578s][info][gc,cpu         ] GC(665) User=0.00s Sys=0.00s Real=0.00s
[276.071s][info][gc,start       ] GC(666) Pause Young (Allocation Failure)
[276.071s][info][gc,heap        ] GC(666) PSYoungGen: 1391028K->320K(1393664K)
[276.071s][info][gc,heap        ] GC(666) ParOldGen: 85640K->85640K(2796544K)
[276.071s][info][gc,metaspace   ] GC(666) Metaspace: 20662K(21376K)->20662K(21376K) NonClass: 18254K(18688K)->18254K(18688K) Class: 2407K(2688K)->2407K(2688K)
[276.071s][info][gc             ] GC(666) Pause Young (Allocation Failure) 1442M->83M(4092M) 0.467ms
[276.071s][info][gc,cpu         ] GC(666) User=0.00s Sys=0.00s Real=0.00s
[276.533s][info][gc,start       ] GC(667) Pause Young (Allocation Failure)
[276.535s][info][gc,heap        ] GC(667) PSYoungGen: 1389871K->2383K(1393664K)
[276.535s][info][gc,heap        ] GC(667) ParOldGen: 85640K->85664K(2796544K)
[276.535s][info][gc,metaspace   ] GC(667) Metaspace: 20662K(21376K)->20662K(21376K) NonClass: 18254K(18688K)->18254K(18688K) Class: 2407K(2688K)->2407K(2688K)
[276.535s][info][gc             ] GC(667) Pause Young (Allocation Failure) 1440M->85M(4092M) 1.495ms
[276.535s][info][gc,cpu         ] GC(667) User=0.00s Sys=0.00s Real=0.00s
[276.648s][info][gc,start       ] GC(668) Pause Young (System.gc())
[276.649s][info][gc,heap        ] GC(668) PSYoungGen: 322926K->64K(1393664K)
[276.649s][info][gc,heap        ] GC(668) ParOldGen: 85664K->85664K(2796544K)
[276.649s][info][gc,metaspace   ] GC(668) Metaspace: 20662K(21376K)->20662K(21376K) NonClass: 18254K(18688K)->18254K(18688K) Class: 2407K(2688K)->2407K(2688K)
[276.649s][info][gc             ] GC(668) Pause Young (System.gc()) 399M->83M(4092M) 0.526ms
[276.649s][info][gc,cpu         ] GC(668) User=0.00s Sys=0.00s Real=0.00s
[276.649s][info][gc,start       ] GC(669) Pause Full (System.gc())
[276.649s][info][gc,phases,start] GC(669) Marking Phase
[276.707s][info][gc,phases      ] GC(669) Marking Phase 58.102ms
[276.707s][info][gc,phases,start] GC(669) Summary Phase
[276.707s][info][gc,phases      ] GC(669) Summary Phase 0.015ms
[276.707s][info][gc,phases,start] GC(669) Adjust Roots
[276.709s][info][gc,phases      ] GC(669) Adjust Roots 1.587ms
[276.709s][info][gc,phases,start] GC(669) Compaction Phase
[276.722s][info][gc,phases      ] GC(669) Compaction Phase 13.550ms
[276.723s][info][gc,phases,start] GC(669) Post Compact
[276.724s][info][gc,phases      ] GC(669) Post Compact 1.024ms
[276.724s][info][gc,heap        ] GC(669) PSYoungGen: 64K->0K(1393664K)
[276.724s][info][gc,heap        ] GC(669) ParOldGen: 85664K->85584K(2796544K)
[276.724s][info][gc,metaspace   ] GC(669) Metaspace: 20662K(21376K)->20662K(21376K) NonClass: 18254K(18688K)->18254K(18688K) Class: 2407K(2688K)->2407K(2688K)
[276.724s][info][gc             ] GC(669) Pause Full (System.gc()) 83M->83M(4092M) 74.688ms
[276.724s][info][gc,cpu         ] GC(669) User=0.23s Sys=0.00s Real=0.08s
[277.183s][info][gc,start       ] GC(670) Pause Young (Allocation Failure)
[277.185s][info][gc,heap        ] GC(670) PSYoungGen: 1389568K->2309K(1393664K)
[277.185s][info][gc,heap        ] GC(670) ParOldGen: 85584K->85592K(2796544K)
[277.185s][info][gc,metaspace   ] GC(670) Metaspace: 20662K(21376K)->20662K(21376K) NonClass: 18255K(18688K)->18255K(18688K) Class: 2407K(2688K)->2407K(2688K)
[277.185s][info][gc             ] GC(670) Pause Young (Allocation Failure) 1440M->85M(4092M) 1.283ms
[277.185s][info][gc,cpu         ] GC(670) User=0.00s Sys=0.00s Real=0.00s
[277.655s][info][gc,start       ] GC(671) Pause Young (Allocation Failure)
[277.655s][info][gc,heap        ] GC(671) PSYoungGen: 1391877K->1314K(1393664K)
[277.655s][info][gc,heap        ] GC(671) ParOldGen: 85592K->85608K(2796544K)
[277.655s][info][gc,metaspace   ] GC(671) Metaspace: 20662K(21376K)->20662K(21376K) NonClass: 18255K(18688K)->18255K(18688K) Class: 2407K(2688K)->2407K(2688K)
[277.655s][info][gc             ] GC(671) Pause Young (Allocation Failure) 1442M->84M(4092M) 0.611ms
[277.655s][info][gc,cpu         ] GC(671) User=0.00s Sys=0.00s Real=0.00s
[278.111s][info][gc,start       ] GC(672) Pause Young (Allocation Failure)
[278.112s][info][gc,heap        ] GC(672) PSYoungGen: 1390882K->2113K(1393664K)
[278.113s][info][gc,heap        ] GC(672) ParOldGen: 85608K->85632K(2796544K)
[278.113s][info][gc,metaspace   ] GC(672) Metaspace: 20662K(21376K)->20662K(21376K) NonClass: 18255K(18688K)->18255K(18688K) Class: 2407K(2688K)->2407K(2688K)
[278.113s][info][gc             ] GC(672) Pause Young (Allocation Failure) 1441M->85M(4092M) 1.591ms
[278.113s][info][gc,cpu         ] GC(672) User=0.00s Sys=0.00s Real=0.00s
[278.575s][info][gc,start       ] GC(673) Pause Young (Allocation Failure)
[278.576s][info][gc,heap        ] GC(673) PSYoungGen: 1391681K->2210K(1393664K)
[278.576s][info][gc,heap        ] GC(673) ParOldGen: 85632K->85632K(2796544K)
[278.576s][info][gc,metaspace   ] GC(673) Metaspace: 20662K(21376K)->20662K(21376K) NonClass: 18255K(18688K)->18255K(18688K) Class: 2407K(2688K)->2407K(2688K)
[278.576s][info][gc             ] GC(673) Pause Young (Allocation Failure) 1442M->85M(4092M) 0.755ms
[278.576s][info][gc,cpu         ] GC(673) User=0.00s Sys=0.00s Real=0.00s
[279.046s][info][gc,start       ] GC(674) Pause Young (Allocation Failure)
[279.047s][info][gc,heap        ] GC(674) PSYoungGen: 1391778K->836K(1393664K)
[279.047s][info][gc,heap        ] GC(674) ParOldGen: 85632K->85648K(2796544K)
[279.047s][info][gc,metaspace   ] GC(674) Metaspace: 20662K(21376K)->20662K(21376K) NonClass: 18255K(18688K)->18255K(18688K) Class: 2407K(2688K)->2407K(2688K)
[279.047s][info][gc             ] GC(674) Pause Young (Allocation Failure) 1442M->84M(4092M) 0.912ms
[279.047s][info][gc,cpu         ] GC(674) User=0.00s Sys=0.00s Real=0.00s
[279.538s][info][gc,start       ] GC(675) Pause Young (Allocation Failure)
[279.539s][info][gc,heap        ] GC(675) PSYoungGen: 1390404K->2510K(1393664K)
[279.539s][info][gc,heap        ] GC(675) ParOldGen: 85648K->85648K(2796544K)
[279.539s][info][gc,metaspace   ] GC(675) Metaspace: 20662K(21376K)->20662K(21376K) NonClass: 18255K(18688K)->18255K(18688K) Class: 2407K(2688K)->2407K(2688K)
[279.539s][info][gc             ] GC(675) Pause Young (Allocation Failure) 1441M->86M(4092M) 0.986ms
[279.539s][info][gc,cpu         ] GC(675) User=0.00s Sys=0.00s Real=0.00s
[280.021s][info][gc,start       ] GC(676) Pause Young (Allocation Failure)
[280.022s][info][gc,heap        ] GC(676) PSYoungGen: 1392078K->1727K(1393664K)
[280.022s][info][gc,heap        ] GC(676) ParOldGen: 85648K->85664K(2796544K)
[280.022s][info][gc,metaspace   ] GC(676) Metaspace: 20662K(21376K)->20662K(21376K) NonClass: 18255K(18688K)->18255K(18688K) Class: 2407K(2688K)->2407K(2688K)
[280.022s][info][gc             ] GC(676) Pause Young (Allocation Failure) 1443M->85M(4092M) 0.771ms
[280.022s][info][gc,cpu         ] GC(676) User=0.00s Sys=0.02s Real=0.00s
[280.138s][info][gc,start       ] GC(677) Pause Young (System.gc())
[280.138s][info][gc,heap        ] GC(677) PSYoungGen: 339082K->64K(1393664K)
[280.138s][info][gc,heap        ] GC(677) ParOldGen: 85664K->85664K(2796544K)
[280.138s][info][gc,metaspace   ] GC(677) Metaspace: 20662K(21376K)->20662K(21376K) NonClass: 18255K(18688K)->18255K(18688K) Class: 2407K(2688K)->2407K(2688K)
[280.138s][info][gc             ] GC(677) Pause Young (System.gc()) 414M->83M(4092M) 0.457ms
[280.138s][info][gc,cpu         ] GC(677) User=0.00s Sys=0.00s Real=0.00s
[280.138s][info][gc,start       ] GC(678) Pause Full (System.gc())
[280.138s][info][gc,phases,start] GC(678) Marking Phase
[280.182s][info][gc,phases      ] GC(678) Marking Phase 43.700ms
[280.182s][info][gc,phases,start] GC(678) Summary Phase
[280.182s][info][gc,phases      ] GC(678) Summary Phase 0.011ms
[280.182s][info][gc,phases,start] GC(678) Adjust Roots
[280.184s][info][gc,phases      ] GC(678) Adjust Roots 1.362ms
[280.184s][info][gc,phases,start] GC(678) Compaction Phase
[280.196s][info][gc,phases      ] GC(678) Compaction Phase 12.446ms
[280.196s][info][gc,phases,start] GC(678) Post Compact
[280.197s][info][gc,phases      ] GC(678) Post Compact 1.060ms
[280.197s][info][gc,heap        ] GC(678) PSYoungGen: 64K->0K(1393664K)
[280.197s][info][gc,heap        ] GC(678) ParOldGen: 85664K->85584K(2796544K)
[280.197s][info][gc,metaspace   ] GC(678) Metaspace: 20662K(21376K)->20662K(21376K) NonClass: 18255K(18688K)->18255K(18688K) Class: 2407K(2688K)->2407K(2688K)
[280.197s][info][gc             ] GC(678) Pause Full (System.gc()) 83M->83M(4092M) 58.889ms
[280.197s][info][gc,cpu         ] GC(678) User=0.05s Sys=0.00s Real=0.06s
[280.656s][info][gc,start       ] GC(679) Pause Young (Allocation Failure)
[280.657s][info][gc,heap        ] GC(679) PSYoungGen: 1389568K->2150K(1393664K)
[280.657s][info][gc,heap        ] GC(679) ParOldGen: 85584K->85584K(2796544K)
[280.657s][info][gc,metaspace   ] GC(679) Metaspace: 20662K(21376K)->20662K(21376K) NonClass: 18255K(18688K)->18255K(18688K) Class: 2407K(2688K)->2407K(2688K)
[280.657s][info][gc             ] GC(679) Pause Young (Allocation Failure) 1440M->85M(4092M) 0.727ms
[280.657s][info][gc,cpu         ] GC(679) User=0.00s Sys=0.00s Real=0.00s
[281.110s][info][gc,start       ] GC(680) Pause Young (Allocation Failure)
[281.111s][info][gc,heap        ] GC(680) PSYoungGen: 1391718K->1066K(1393664K)
[281.111s][info][gc,heap        ] GC(680) ParOldGen: 85584K->85600K(2796544K)
[281.111s][info][gc,metaspace   ] GC(680) Metaspace: 20662K(21376K)->20662K(21376K) NonClass: 18255K(18688K)->18255K(18688K) Class: 2407K(2688K)->2407K(2688K)
[281.111s][info][gc             ] GC(680) Pause Young (Allocation Failure) 1442M->84M(4092M) 0.720ms
[281.111s][info][gc,cpu         ] GC(680) User=0.00s Sys=0.00s Real=0.00s
[281.587s][info][gc,start       ] GC(681) Pause Young (Allocation Failure)
[281.588s][info][gc,heap        ] GC(681) PSYoungGen: 1390634K->160K(1393664K)
[281.588s][info][gc,heap        ] GC(681) ParOldGen: 85600K->85624K(2796544K)
[281.588s][info][gc,metaspace   ] GC(681) Metaspace: 20662K(21376K)->20662K(21376K) NonClass: 18255K(18688K)->18255K(18688K) Class: 2407K(2688K)->2407K(2688K)
[281.588s][info][gc             ] GC(681) Pause Young (Allocation Failure) 1441M->83M(4092M) 0.424ms
[281.588s][info][gc,cpu         ] GC(681) User=0.00s Sys=0.00s Real=0.00s
[282.033s][info][gc,start       ] GC(682) Pause Young (Allocation Failure)
[282.034s][info][gc,heap        ] GC(682) PSYoungGen: 1389728K->2419K(1393664K)
[282.035s][info][gc,heap        ] GC(682) ParOldGen: 85624K->85624K(2796544K)
[282.035s][info][gc,metaspace   ] GC(682) Metaspace: 20662K(21376K)->20662K(21376K) NonClass: 18255K(18688K)->18255K(18688K) Class: 2407K(2688K)->2407K(2688K)
[282.035s][info][gc             ] GC(682) Pause Young (Allocation Failure) 1440M->85M(4092M) 1.241ms
[282.035s][info][gc,cpu         ] GC(682) User=0.00s Sys=0.00s Real=0.00s
[282.502s][info][gc,start       ] GC(683) Pause Young (Allocation Failure)
[282.502s][info][gc,heap        ] GC(683) PSYoungGen: 1391987K->1335K(1394176K)
[282.502s][info][gc,heap        ] GC(683) ParOldGen: 85624K->85640K(2796544K)
[282.502s][info][gc,metaspace   ] GC(683) Metaspace: 20662K(21376K)->20662K(21376K) NonClass: 18255K(18688K)->18255K(18688K) Class: 2407K(2688K)->2407K(2688K)
[282.502s][info][gc             ] GC(683) Pause Young (Allocation Failure) 1442M->84M(4092M) 0.587ms
[282.502s][info][gc,cpu         ] GC(683) User=0.00s Sys=0.00s Real=0.00s
[282.957s][info][gc,start       ] GC(684) Pause Young (Allocation Failure)
[282.958s][info][gc,heap        ] GC(684) PSYoungGen: 1391415K->192K(1393664K)
[282.958s][info][gc,heap        ] GC(684) ParOldGen: 85640K->85640K(2796544K)
[282.958s][info][gc,metaspace   ] GC(684) Metaspace: 20662K(21376K)->20662K(21376K) NonClass: 18255K(18688K)->18255K(18688K) Class: 2407K(2688K)->2407K(2688K)
[282.958s][info][gc             ] GC(684) Pause Young (Allocation Failure) 1442M->83M(4092M) 0.483ms
[282.958s][info][gc,cpu         ] GC(684) User=0.00s Sys=0.00s Real=0.00s
[283.421s][info][gc,start       ] GC(685) Pause Young (Allocation Failure)
[283.422s][info][gc,heap        ] GC(685) PSYoungGen: 1390272K->2170K(1393152K)
[283.422s][info][gc,heap        ] GC(685) ParOldGen: 85640K->85656K(2796544K)
[283.422s][info][gc,metaspace   ] GC(685) Metaspace: 20662K(21376K)->20662K(21376K) NonClass: 18255K(18688K)->18255K(18688K) Class: 2407K(2688K)->2407K(2688K)
[283.422s][info][gc             ] GC(685) Pause Young (Allocation Failure) 1441M->85M(4091M) 0.994ms
[283.422s][info][gc,cpu         ] GC(685) User=0.00s Sys=0.00s Real=0.00s
[283.530s][info][gc,start       ] GC(686) Pause Young (System.gc())
[283.531s][info][gc,heap        ] GC(686) PSYoungGen: 323161K->64K(1393664K)
[283.531s][info][gc,heap        ] GC(686) ParOldGen: 85656K->85656K(2796544K)
[283.531s][info][gc,metaspace   ] GC(686) Metaspace: 20662K(21376K)->20662K(21376K) NonClass: 18255K(18688K)->18255K(18688K) Class: 2407K(2688K)->2407K(2688K)
[283.531s][info][gc             ] GC(686) Pause Young (System.gc()) 399M->83M(4092M) 0.517ms
[283.531s][info][gc,cpu         ] GC(686) User=0.00s Sys=0.00s Real=0.00s
[283.531s][info][gc,start       ] GC(687) Pause Full (System.gc())
[283.531s][info][gc,phases,start] GC(687) Marking Phase
[283.579s][info][gc,phases      ] GC(687) Marking Phase 48.407ms
[283.579s][info][gc,phases,start] GC(687) Summary Phase
[283.579s][info][gc,phases      ] GC(687) Summary Phase 0.011ms
[283.579s][info][gc,phases,start] GC(687) Adjust Roots
[283.581s][info][gc,phases      ] GC(687) Adjust Roots 1.368ms
[283.581s][info][gc,phases,start] GC(687) Compaction Phase
[283.594s][info][gc,phases      ] GC(687) Compaction Phase 12.925ms
[283.594s][info][gc,phases,start] GC(687) Post Compact
[283.595s][info][gc,phases      ] GC(687) Post Compact 0.927ms
[283.595s][info][gc,heap        ] GC(687) PSYoungGen: 64K->0K(1393664K)
[283.595s][info][gc,heap        ] GC(687) ParOldGen: 85656K->85584K(2796544K)
[283.595s][info][gc,metaspace   ] GC(687) Metaspace: 20662K(21376K)->20662K(21376K) NonClass: 18255K(18688K)->18255K(18688K) Class: 2407K(2688K)->2407K(2688K)
[283.595s][info][gc             ] GC(687) Pause Full (System.gc()) 83M->83M(4092M) 63.901ms
[283.595s][info][gc,cpu         ] GC(687) User=0.06s Sys=0.00s Real=0.06s
[284.050s][info][gc,start       ] GC(688) Pause Young (Allocation Failure)
[284.051s][info][gc,heap        ] GC(688) PSYoungGen: 1389568K->2305K(1393664K)
[284.051s][info][gc,heap        ] GC(688) ParOldGen: 85584K->85584K(2796544K)
[284.051s][info][gc,metaspace   ] GC(688) Metaspace: 20662K(21376K)->20662K(21376K) NonClass: 18255K(18688K)->18255K(18688K) Class: 2407K(2688K)->2407K(2688K)
[284.051s][info][gc             ] GC(688) Pause Young (Allocation Failure) 1440M->85M(4092M) 0.871ms
[284.051s][info][gc,cpu         ] GC(688) User=0.00s Sys=0.00s Real=0.00s
[284.511s][info][gc,start       ] GC(689) Pause Young (Allocation Failure)
[284.512s][info][gc,heap        ] GC(689) PSYoungGen: 1391873K->1209K(1393664K)
[284.513s][info][gc,heap        ] GC(689) ParOldGen: 85584K->85600K(2796544K)
[284.513s][info][gc,metaspace   ] GC(689) Metaspace: 20662K(21376K)->20662K(21376K) NonClass: 18255K(18688K)->18255K(18688K) Class: 2407K(2688K)->2407K(2688K)
[284.513s][info][gc             ] GC(689) Pause Young (Allocation Failure) 1442M->84M(4092M) 1.397ms
[284.513s][info][gc,cpu         ] GC(689) User=0.00s Sys=0.00s Real=0.00s
[284.973s][info][gc,start       ] GC(690) Pause Young (Allocation Failure)
[284.973s][info][gc,heap        ] GC(690) PSYoungGen: 1390777K->320K(1394176K)
[284.973s][info][gc,heap        ] GC(690) ParOldGen: 85600K->85624K(2796544K)
[284.973s][info][gc,metaspace   ] GC(690) Metaspace: 20662K(21376K)->20662K(21376K) NonClass: 18255K(18688K)->18255K(18688K) Class: 2407K(2688K)->2407K(2688K)
[284.973s][info][gc             ] GC(690) Pause Young (Allocation Failure) 1441M->83M(4092M) 0.488ms
[284.973s][info][gc,cpu         ] GC(690) User=0.00s Sys=0.00s Real=0.00s
[285.440s][info][gc,start       ] GC(691) Pause Young (Allocation Failure)
[285.442s][info][gc,heap        ] GC(691) PSYoungGen: 1390912K->2135K(1393152K)
[285.442s][info][gc,heap        ] GC(691) ParOldGen: 85624K->85624K(2796544K)
[285.442s][info][gc,metaspace   ] GC(691) Metaspace: 20662K(21376K)->20662K(21376K) NonClass: 18255K(18688K)->18255K(18688K) Class: 2407K(2688K)->2407K(2688K)
[285.442s][info][gc             ] GC(691) Pause Young (Allocation Failure) 1441M->85M(4091M) 1.422ms
[285.442s][info][gc,cpu         ] GC(691) User=0.00s Sys=0.00s Real=0.00s
[285.914s][info][gc,start       ] GC(692) Pause Young (Allocation Failure)
[285.915s][info][gc,heap        ] GC(692) PSYoungGen: 1392727K->1303K(1394176K)
[285.915s][info][gc,heap        ] GC(692) ParOldGen: 85624K->85640K(2796544K)
[285.915s][info][gc,metaspace   ] GC(692) Metaspace: 20662K(21376K)->20662K(21376K) NonClass: 18255K(18688K)->18255K(18688K) Class: 2407K(2688K)->2407K(2688K)
[285.915s][info][gc             ] GC(692) Pause Young (Allocation Failure) 1443M->84M(4092M) 0.717ms
[285.915s][info][gc,cpu         ] GC(692) User=0.00s Sys=0.00s Real=0.00s
[286.373s][info][gc,start       ] GC(693) Pause Young (Allocation Failure)
[286.374s][info][gc,heap        ] GC(693) PSYoungGen: 1391383K->160K(1393664K)
[286.374s][info][gc,heap        ] GC(693) ParOldGen: 85640K->85640K(2796544K)
[286.374s][info][gc,metaspace   ] GC(693) Metaspace: 20662K(21376K)->20662K(21376K) NonClass: 18255K(18688K)->18255K(18688K) Class: 2407K(2688K)->2407K(2688K)
[286.374s][info][gc             ] GC(693) Pause Young (Allocation Failure) 1442M->83M(4092M) 0.646ms
[286.374s][info][gc,cpu         ] GC(693) User=0.00s Sys=0.00s Real=0.00s
[286.833s][info][gc,start       ] GC(694) Pause Young (Allocation Failure)
[286.833s][info][gc,heap        ] GC(694) PSYoungGen: 1390240K->2517K(1393152K)
[286.833s][info][gc,heap        ] GC(694) ParOldGen: 85640K->85656K(2796544K)
[286.833s][info][gc,metaspace   ] GC(694) Metaspace: 20662K(21376K)->20662K(21376K) NonClass: 18255K(18688K)->18255K(18688K) Class: 2407K(2688K)->2407K(2688K)
[286.833s][info][gc             ] GC(694) Pause Young (Allocation Failure) 1441M->86M(4091M) 0.900ms
[286.833s][info][gc,cpu         ] GC(694) User=0.00s Sys=0.00s Real=0.00s
[286.939s][info][gc,start       ] GC(695) Pause Young (System.gc())
[286.940s][info][gc,heap        ] GC(695) PSYoungGen: 320353K->64K(1393664K)
[286.940s][info][gc,heap        ] GC(695) ParOldGen: 85656K->85656K(2796544K)
[286.940s][info][gc,metaspace   ] GC(695) Metaspace: 20662K(21376K)->20662K(21376K) NonClass: 18255K(18688K)->18255K(18688K) Class: 2407K(2688K)->2407K(2688K)
[286.940s][info][gc             ] GC(695) Pause Young (System.gc()) 396M->83M(4092M) 0.598ms
[286.940s][info][gc,cpu         ] GC(695) User=0.00s Sys=0.00s Real=0.00s
[286.940s][info][gc,start       ] GC(696) Pause Full (System.gc())
[286.940s][info][gc,phases,start] GC(696) Marking Phase
[286.991s][info][gc,phases      ] GC(696) Marking Phase 51.605ms
[286.991s][info][gc,phases,start] GC(696) Summary Phase
[286.991s][info][gc,phases      ] GC(696) Summary Phase 0.011ms
[286.991s][info][gc,phases,start] GC(696) Adjust Roots
[286.993s][info][gc,phases      ] GC(696) Adjust Roots 1.715ms
[286.993s][info][gc,phases,start] GC(696) Compaction Phase
[287.006s][info][gc,phases      ] GC(696) Compaction Phase 12.473ms
[287.006s][info][gc,phases,start] GC(696) Post Compact
[287.007s][info][gc,phases      ] GC(696) Post Compact 1.018ms
[287.007s][info][gc,heap        ] GC(696) PSYoungGen: 64K->0K(1393664K)
[287.007s][info][gc,heap        ] GC(696) ParOldGen: 85656K->85584K(2796544K)
[287.007s][info][gc,metaspace   ] GC(696) Metaspace: 20662K(21376K)->20662K(21376K) NonClass: 18255K(18688K)->18255K(18688K) Class: 2407K(2688K)->2407K(2688K)
[287.007s][info][gc             ] GC(696) Pause Full (System.gc()) 83M->83M(4092M) 67.115ms
[287.007s][info][gc,cpu         ] GC(696) User=0.08s Sys=0.00s Real=0.07s
[287.471s][info][gc,start       ] GC(697) Pause Young (Allocation Failure)
[287.473s][info][gc,heap        ] GC(697) PSYoungGen: 1389568K->2266K(1393664K)
[287.473s][info][gc,heap        ] GC(697) ParOldGen: 85584K->85584K(2796544K)
[287.473s][info][gc,metaspace   ] GC(697) Metaspace: 20662K(21376K)->20662K(21376K) NonClass: 18255K(18688K)->18255K(18688K) Class: 2407K(2688K)->2407K(2688K)
[287.473s][info][gc             ] GC(697) Pause Young (Allocation Failure) 1440M->85M(4092M) 1.339ms
[287.473s][info][gc,cpu         ] GC(697) User=0.00s Sys=0.00s Real=0.00s
[287.932s][info][gc,start       ] GC(698) Pause Young (Allocation Failure)
[287.932s][info][gc,heap        ] GC(698) PSYoungGen: 1391834K->1464K(1393664K)
[287.932s][info][gc,heap        ] GC(698) ParOldGen: 85584K->85600K(2796544K)
[287.932s][info][gc,metaspace   ] GC(698) Metaspace: 20662K(21376K)->20662K(21376K) NonClass: 18255K(18688K)->18255K(18688K) Class: 2407K(2688K)->2407K(2688K)
[287.932s][info][gc             ] GC(698) Pause Young (Allocation Failure) 1442M->85M(4092M) 0.758ms
[287.932s][info][gc,cpu         ] GC(698) User=0.00s Sys=0.00s Real=0.00s
[288.395s][info][gc,start       ] GC(699) Pause Young (Allocation Failure)
[288.395s][info][gc,heap        ] GC(699) PSYoungGen: 1391032K->288K(1394176K)
[288.395s][info][gc,heap        ] GC(699) ParOldGen: 85600K->85624K(2796544K)
[288.395s][info][gc,metaspace   ] GC(699) Metaspace: 20662K(21376K)->20662K(21376K) NonClass: 18255K(18688K)->18255K(18688K) Class: 2407K(2688K)->2407K(2688K)
[288.395s][info][gc             ] GC(699) Pause Young (Allocation Failure) 1442M->83M(4092M) 0.475ms
[288.395s][info][gc,cpu         ] GC(699) User=0.00s Sys=0.00s Real=0.00s
[288.855s][info][gc,start       ] GC(700) Pause Young (Allocation Failure)
[288.857s][info][gc,heap        ] GC(700) PSYoungGen: 1390368K->2272K(1393664K)
[288.857s][info][gc,heap        ] GC(700) ParOldGen: 85624K->85624K(2796544K)
[288.857s][info][gc,metaspace   ] GC(700) Metaspace: 20662K(21376K)->20662K(21376K) NonClass: 18255K(18688K)->18255K(18688K) Class: 2407K(2688K)->2407K(2688K)
[288.857s][info][gc             ] GC(700) Pause Young (Allocation Failure) 1441M->85M(4092M) 1.301ms
[288.857s][info][gc,cpu         ] GC(700) User=0.00s Sys=0.00s Real=0.00s
[289.309s][info][gc,start       ] GC(701) Pause Young (Allocation Failure)
[289.310s][info][gc,heap        ] GC(701) PSYoungGen: 1392352K->1079K(1394176K)
[289.310s][info][gc,heap        ] GC(701) ParOldGen: 85624K->85648K(2796544K)
[289.310s][info][gc,metaspace   ] GC(701) Metaspace: 20662K(21376K)->20662K(21376K) NonClass: 18255K(18688K)->18255K(18688K) Class: 2407K(2688K)->2407K(2688K)
[289.310s][info][gc             ] GC(701) Pause Young (Allocation Failure) 1443M->84M(4092M) 0.679ms
[289.310s][info][gc,cpu         ] GC(701) User=0.00s Sys=0.00s Real=0.00s
[289.781s][info][gc,start       ] GC(702) Pause Young (Allocation Failure)
[289.782s][info][gc,heap        ] GC(702) PSYoungGen: 1391159K->224K(1393664K)
[289.782s][info][gc,heap        ] GC(702) ParOldGen: 85648K->85648K(2796544K)
[289.782s][info][gc,metaspace   ] GC(702) Metaspace: 20662K(21376K)->20662K(21376K) NonClass: 18255K(18688K)->18255K(18688K) Class: 2407K(2688K)->2407K(2688K)
[289.782s][info][gc             ] GC(702) Pause Young (Allocation Failure) 1442M->83M(4092M) 0.526ms
[289.782s][info][gc,cpu         ] GC(702) User=0.00s Sys=0.00s Real=0.00s
[290.231s][info][gc,start       ] GC(703) Pause Young (Allocation Failure)
[290.232s][info][gc,heap        ] GC(703) PSYoungGen: 1390304K->2203K(1393152K)
[290.232s][info][gc,heap        ] GC(703) ParOldGen: 85648K->85672K(2796544K)
[290.232s][info][gc,metaspace   ] GC(703) Metaspace: 20662K(21376K)->20662K(21376K) NonClass: 18255K(18688K)->18255K(18688K) Class: 2407K(2688K)->2407K(2688K)
[290.232s][info][gc             ] GC(703) Pause Young (Allocation Failure) 1441M->85M(4091M) 0.720ms
[290.232s][info][gc,cpu         ] GC(703) User=0.00s Sys=0.00s Real=0.00s
[290.343s][info][gc,start       ] GC(704) Pause Young (System.gc())
[290.343s][info][gc,heap        ] GC(704) PSYoungGen: 332570K->64K(1393664K)
[290.343s][info][gc,heap        ] GC(704) ParOldGen: 85672K->85672K(2796544K)
[290.343s][info][gc,metaspace   ] GC(704) Metaspace: 20662K(21376K)->20662K(21376K) NonClass: 18255K(18688K)->18255K(18688K) Class: 2407K(2688K)->2407K(2688K)
[290.343s][info][gc             ] GC(704) Pause Young (System.gc()) 408M->83M(4092M) 0.445ms
[290.343s][info][gc,cpu         ] GC(704) User=0.00s Sys=0.00s Real=0.00s
[290.343s][info][gc,start       ] GC(705) Pause Full (System.gc())
[290.343s][info][gc,phases,start] GC(705) Marking Phase
[290.400s][info][gc,phases      ] GC(705) Marking Phase 56.611ms
[290.400s][info][gc,phases,start] GC(705) Summary Phase
[290.400s][info][gc,phases      ] GC(705) Summary Phase 0.022ms
[290.400s][info][gc,phases,start] GC(705) Adjust Roots
[290.402s][info][gc,phases      ] GC(705) Adjust Roots 1.935ms
[290.402s][info][gc,phases,start] GC(705) Compaction Phase
[290.416s][info][gc,phases      ] GC(705) Compaction Phase 14.136ms
[290.416s][info][gc,phases,start] GC(705) Post Compact
[290.417s][info][gc,phases      ] GC(705) Post Compact 0.948ms
[290.417s][info][gc,heap        ] GC(705) PSYoungGen: 64K->0K(1393664K)
[290.417s][info][gc,heap        ] GC(705) ParOldGen: 85672K->85584K(2796544K)
[290.417s][info][gc,metaspace   ] GC(705) Metaspace: 20662K(21376K)->20662K(21376K) NonClass: 18255K(18688K)->18255K(18688K) Class: 2407K(2688K)->2407K(2688K)
[290.417s][info][gc             ] GC(705) Pause Full (System.gc()) 83M->83M(4092M) 73.962ms
[290.417s][info][gc,cpu         ] GC(705) User=0.14s Sys=0.00s Real=0.07s
[290.877s][info][gc,start       ] GC(706) Pause Young (Allocation Failure)
[290.878s][info][gc,heap        ] GC(706) PSYoungGen: 1389568K->1913K(1393664K)
[290.878s][info][gc,heap        ] GC(706) ParOldGen: 85584K->85584K(2796544K)
[290.878s][info][gc,metaspace   ] GC(706) Metaspace: 20662K(21376K)->20662K(21376K) NonClass: 18255K(18688K)->18255K(18688K) Class: 2407K(2688K)->2407K(2688K)
[290.878s][info][gc             ] GC(706) Pause Young (Allocation Failure) 1440M->85M(4092M) 1.021ms
[290.878s][info][gc,cpu         ] GC(706) User=0.00s Sys=0.00s Real=0.00s
[291.337s][info][gc,start       ] GC(707) Pause Young (Allocation Failure)
[291.338s][info][gc,heap        ] GC(707) PSYoungGen: 1391481K->1376K(1393664K)
[291.338s][info][gc,heap        ] GC(707) ParOldGen: 85584K->85600K(2796544K)
[291.338s][info][gc,metaspace   ] GC(707) Metaspace: 20662K(21376K)->20662K(21376K) NonClass: 18255K(18688K)->18255K(18688K) Class: 2407K(2688K)->2407K(2688K)
[291.338s][info][gc             ] GC(707) Pause Young (Allocation Failure) 1442M->84M(4092M) 0.891ms
[291.338s][info][gc,cpu         ] GC(707) User=0.00s Sys=0.00s Real=0.00s
[291.808s][info][gc,start       ] GC(708) Pause Young (Allocation Failure)
[291.809s][info][gc,heap        ] GC(708) PSYoungGen: 1390944K->192K(1394176K)
[291.809s][info][gc,heap        ] GC(708) ParOldGen: 85600K->85632K(2796544K)
[291.809s][info][gc,metaspace   ] GC(708) Metaspace: 20662K(21376K)->20662K(21376K) NonClass: 18255K(18688K)->18255K(18688K) Class: 2407K(2688K)->2407K(2688K)
[291.809s][info][gc             ] GC(708) Pause Young (Allocation Failure) 1441M->83M(4092M) 0.535ms
[291.809s][info][gc,cpu         ] GC(708) User=0.00s Sys=0.00s Real=0.00s
[292.316s][info][gc,start       ] GC(709) Pause Young (Allocation Failure)
[292.317s][info][gc,heap        ] GC(709) PSYoungGen: 1390747K->2277K(1393152K)
[292.317s][info][gc,heap        ] GC(709) ParOldGen: 85632K->85632K(2796544K)
[292.317s][info][gc,metaspace   ] GC(709) Metaspace: 20662K(21376K)->20662K(21376K) NonClass: 18255K(18688K)->18255K(18688K) Class: 2407K(2688K)->2407K(2688K)
[292.317s][info][gc             ] GC(709) Pause Young (Allocation Failure) 1441M->85M(4091M) 0.845ms
[292.317s][info][gc,cpu         ] GC(709) User=0.00s Sys=0.00s Real=0.00s
[292.788s][info][gc,start       ] GC(710) Pause Young (Allocation Failure)
[292.788s][info][gc,heap        ] GC(710) PSYoungGen: 1392869K->1412K(1394176K)
[292.788s][info][gc,heap        ] GC(710) ParOldGen: 85632K->85640K(2796544K)
[292.788s][info][gc,metaspace   ] GC(710) Metaspace: 20662K(21376K)->20662K(21376K) NonClass: 18255K(18688K)->18255K(18688K) Class: 2407K(2688K)->2407K(2688K)
[292.788s][info][gc             ] GC(710) Pause Young (Allocation Failure) 1443M->85M(4092M) 0.810ms
[292.788s][info][gc,cpu         ] GC(710) User=0.00s Sys=0.00s Real=0.00s
[293.255s][info][gc,start       ] GC(711) Pause Young (Allocation Failure)
[293.258s][info][gc,heap        ] GC(711) PSYoungGen: 1391492K->553K(1393664K)
[293.258s][info][gc,heap        ] GC(711) ParOldGen: 85640K->85640K(2796544K)
[293.258s][info][gc,metaspace   ] GC(711) Metaspace: 20662K(21376K)->20662K(21376K) NonClass: 18255K(18688K)->18255K(18688K) Class: 2407K(2688K)->2407K(2688K)
[293.258s][info][gc             ] GC(711) Pause Young (Allocation Failure) 1442M->84M(4092M) 3.690ms
[293.258s][info][gc,cpu         ] GC(711) User=0.00s Sys=0.00s Real=0.00s
[293.731s][info][gc,start       ] GC(712) Pause Young (Allocation Failure)
[293.737s][info][gc,heap        ] GC(712) PSYoungGen: 1390633K->2967K(1393152K)
[293.737s][info][gc,heap        ] GC(712) ParOldGen: 85640K->85664K(2796544K)
[293.737s][info][gc,metaspace   ] GC(712) Metaspace: 20662K(21376K)->20662K(21376K) NonClass: 18255K(18688K)->18255K(18688K) Class: 2407K(2688K)->2407K(2688K)
[293.737s][info][gc             ] GC(712) Pause Young (Allocation Failure) 1441M->86M(4091M) 6.473ms
[293.737s][info][gc,cpu         ] GC(712) User=0.00s Sys=0.00s Real=0.01s
[293.845s][info][gc,start       ] GC(713) Pause Young (System.gc())
[293.845s][info][gc,heap        ] GC(713) PSYoungGen: 325223K->128K(1393664K)
[293.845s][info][gc,heap        ] GC(713) ParOldGen: 85664K->85664K(2796544K)
[293.845s][info][gc,metaspace   ] GC(713) Metaspace: 20662K(21376K)->20662K(21376K) NonClass: 18255K(18688K)->18255K(18688K) Class: 2407K(2688K)->2407K(2688K)
[293.845s][info][gc             ] GC(713) Pause Young (System.gc()) 401M->83M(4092M) 0.529ms
[293.845s][info][gc,cpu         ] GC(713) User=0.00s Sys=0.00s Real=0.00s
[293.845s][info][gc,start       ] GC(714) Pause Full (System.gc())
[293.845s][info][gc,phases,start] GC(714) Marking Phase
[293.889s][info][gc,phases      ] GC(714) Marking Phase 43.915ms
[293.889s][info][gc,phases,start] GC(714) Summary Phase
[293.889s][info][gc,phases      ] GC(714) Summary Phase 0.011ms
[293.889s][info][gc,phases,start] GC(714) Adjust Roots
[293.891s][info][gc,phases      ] GC(714) Adjust Roots 1.327ms
[293.891s][info][gc,phases,start] GC(714) Compaction Phase
[293.903s][info][gc,phases      ] GC(714) Compaction Phase 12.353ms
[293.903s][info][gc,phases,start] GC(714) Post Compact
[293.904s][info][gc,phases      ] GC(714) Post Compact 0.786ms
[293.904s][info][gc,heap        ] GC(714) PSYoungGen: 128K->0K(1393664K)
[293.904s][info][gc,heap        ] GC(714) ParOldGen: 85664K->85584K(2796544K)
[293.904s][info][gc,metaspace   ] GC(714) Metaspace: 20662K(21376K)->20662K(21376K) NonClass: 18255K(18688K)->18255K(18688K) Class: 2407K(2688K)->2407K(2688K)
[293.904s][info][gc             ] GC(714) Pause Full (System.gc()) 83M->83M(4092M) 58.656ms
[293.904s][info][gc,cpu         ] GC(714) User=0.05s Sys=0.00s Real=0.06s
[294.362s][info][gc,start       ] GC(715) Pause Young (Allocation Failure)
[294.363s][info][gc,heap        ] GC(715) PSYoungGen: 1389568K->2472K(1393664K)
[294.363s][info][gc,heap        ] GC(715) ParOldGen: 85584K->85584K(2796544K)
[294.363s][info][gc,metaspace   ] GC(715) Metaspace: 20662K(21376K)->20662K(21376K) NonClass: 18255K(18688K)->18255K(18688K) Class: 2407K(2688K)->2407K(2688K)
[294.363s][info][gc             ] GC(715) Pause Young (Allocation Failure) 1440M->85M(4092M) 0.729ms
[294.363s][info][gc,cpu         ] GC(715) User=0.00s Sys=0.00s Real=0.00s
[294.831s][info][gc,start       ] GC(716) Pause Young (Allocation Failure)
[294.831s][info][gc,heap        ] GC(716) PSYoungGen: 1392040K->1240K(1393664K)
[294.831s][info][gc,heap        ] GC(716) ParOldGen: 85584K->85600K(2796544K)
[294.831s][info][gc,metaspace   ] GC(716) Metaspace: 20662K(21376K)->20662K(21376K) NonClass: 18255K(18688K)->18255K(18688K) Class: 2407K(2688K)->2407K(2688K)
[294.831s][info][gc             ] GC(716) Pause Young (Allocation Failure) 1442M->84M(4092M) 0.629ms
[294.831s][info][gc,cpu         ] GC(716) User=0.00s Sys=0.00s Real=0.00s
[295.308s][info][gc,start       ] GC(717) Pause Young (Allocation Failure)
[295.309s][info][gc,heap        ] GC(717) PSYoungGen: 1390808K->256K(1393664K)
[295.309s][info][gc,heap        ] GC(717) ParOldGen: 85600K->85616K(2796544K)
[295.309s][info][gc,metaspace   ] GC(717) Metaspace: 20662K(21376K)->20662K(21376K) NonClass: 18255K(18688K)->18255K(18688K) Class: 2407K(2688K)->2407K(2688K)
[295.309s][info][gc             ] GC(717) Pause Young (Allocation Failure) 1441M->83M(4092M) 0.558ms
[295.309s][info][gc,cpu         ] GC(717) User=0.00s Sys=0.00s Real=0.00s
[295.812s][info][gc,start       ] GC(718) Pause Young (Allocation Failure)
[295.813s][info][gc,heap        ] GC(718) PSYoungGen: 1389824K->2348K(1393664K)
[295.813s][info][gc,heap        ] GC(718) ParOldGen: 85616K->85616K(2796544K)
[295.813s][info][gc,metaspace   ] GC(718) Metaspace: 20662K(21376K)->20662K(21376K) NonClass: 18255K(18688K)->18255K(18688K) Class: 2407K(2688K)->2407K(2688K)
[295.813s][info][gc             ] GC(718) Pause Young (Allocation Failure) 1440M->85M(4092M) 0.853ms
[295.813s][info][gc,cpu         ] GC(718) User=0.00s Sys=0.00s Real=0.00s
[296.275s][info][gc,start       ] GC(719) Pause Young (Allocation Failure)
[296.276s][info][gc,heap        ] GC(719) PSYoungGen: 1391916K->1442K(1393664K)
[296.276s][info][gc,heap        ] GC(719) ParOldGen: 85616K->85640K(2796544K)
[296.276s][info][gc,metaspace   ] GC(719) Metaspace: 20662K(21376K)->20662K(21376K) NonClass: 18255K(18688K)->18255K(18688K) Class: 2407K(2688K)->2407K(2688K)
[296.276s][info][gc             ] GC(719) Pause Young (Allocation Failure) 1442M->85M(4092M) 0.672ms
[296.276s][info][gc,cpu         ] GC(719) User=0.00s Sys=0.00s Real=0.00s
[296.737s][info][gc,start       ] GC(720) Pause Young (Allocation Failure)
[296.737s][info][gc,heap        ] GC(720) PSYoungGen: 1391010K->320K(1393664K)
[296.737s][info][gc,heap        ] GC(720) ParOldGen: 85640K->85640K(2796544K)
[296.737s][info][gc,metaspace   ] GC(720) Metaspace: 20662K(21376K)->20662K(21376K) NonClass: 18255K(18688K)->18255K(18688K) Class: 2407K(2688K)->2407K(2688K)
[296.737s][info][gc             ] GC(720) Pause Young (Allocation Failure) 1442M->83M(4092M) 0.467ms
[296.737s][info][gc,cpu         ] GC(720) User=0.00s Sys=0.00s Real=0.00s
[297.190s][info][gc,start       ] GC(721) Pause Young (Allocation Failure)
[297.191s][info][gc,heap        ] GC(721) PSYoungGen: 1389888K->2098K(1393152K)
[297.191s][info][gc,heap        ] GC(721) ParOldGen: 85640K->85656K(2796544K)
[297.191s][info][gc,metaspace   ] GC(721) Metaspace: 20662K(21376K)->20662K(21376K) NonClass: 18255K(18688K)->18255K(18688K) Class: 2407K(2688K)->2407K(2688K)
[297.191s][info][gc             ] GC(721) Pause Young (Allocation Failure) 1440M->85M(4091M) 0.906ms
[297.191s][info][gc,cpu         ] GC(721) User=0.00s Sys=0.00s Real=0.00s
[297.298s][info][gc,start       ] GC(722) Pause Young (System.gc())
[297.298s][info][gc,heap        ] GC(722) PSYoungGen: 327480K->96K(1393664K)
[297.298s][info][gc,heap        ] GC(722) ParOldGen: 85656K->85656K(2796544K)
[297.298s][info][gc,metaspace   ] GC(722) Metaspace: 20662K(21376K)->20662K(21376K) NonClass: 18255K(18688K)->18255K(18688K) Class: 2407K(2688K)->2407K(2688K)
[297.298s][info][gc             ] GC(722) Pause Young (System.gc()) 403M->83M(4092M) 0.562ms
[297.298s][info][gc,cpu         ] GC(722) User=0.00s Sys=0.00s Real=0.00s
[297.298s][info][gc,start       ] GC(723) Pause Full (System.gc())
[297.298s][info][gc,phases,start] GC(723) Marking Phase
[297.345s][info][gc,phases      ] GC(723) Marking Phase 46.887ms
[297.345s][info][gc,phases,start] GC(723) Summary Phase
[297.345s][info][gc,phases      ] GC(723) Summary Phase 0.010ms
[297.345s][info][gc,phases,start] GC(723) Adjust Roots
[297.347s][info][gc,phases      ] GC(723) Adjust Roots 1.339ms
[297.347s][info][gc,phases,start] GC(723) Compaction Phase
[297.361s][info][gc,phases      ] GC(723) Compaction Phase 14.360ms
[297.361s][info][gc,phases,start] GC(723) Post Compact
[297.362s][info][gc,phases      ] GC(723) Post Compact 0.877ms
[297.362s][info][gc,heap        ] GC(723) PSYoungGen: 96K->0K(1393664K)
[297.362s][info][gc,heap        ] GC(723) ParOldGen: 85656K->85584K(2796544K)
[297.362s][info][gc,metaspace   ] GC(723) Metaspace: 20662K(21376K)->20662K(21376K) NonClass: 18255K(18688K)->18255K(18688K) Class: 2407K(2688K)->2407K(2688K)
[297.362s][info][gc             ] GC(723) Pause Full (System.gc()) 83M->83M(4092M) 63.752ms
[297.362s][info][gc,cpu         ] GC(723) User=0.05s Sys=0.00s Real=0.06s
[297.831s][info][gc,start       ] GC(724) Pause Young (Allocation Failure)
[297.832s][info][gc,heap        ] GC(724) PSYoungGen: 1389568K->2105K(1393664K)
[297.833s][info][gc,heap        ] GC(724) ParOldGen: 85584K->85584K(2796544K)
[297.833s][info][gc,metaspace   ] GC(724) Metaspace: 20662K(21376K)->20662K(21376K) NonClass: 18255K(18688K)->18255K(18688K) Class: 2407K(2688K)->2407K(2688K)
[297.833s][info][gc             ] GC(724) Pause Young (Allocation Failure) 1440M->85M(4092M) 1.801ms
[297.833s][info][gc,cpu         ] GC(724) User=0.00s Sys=0.00s Real=0.00s
[298.298s][info][gc,start       ] GC(725) Pause Young (Allocation Failure)
[298.299s][info][gc,heap        ] GC(725) PSYoungGen: 1391673K->1637K(1393664K)
[298.299s][info][gc,heap        ] GC(725) ParOldGen: 85584K->85600K(2796544K)
[298.299s][info][gc,metaspace   ] GC(725) Metaspace: 20662K(21376K)->20662K(21376K) NonClass: 18255K(18688K)->18255K(18688K) Class: 2407K(2688K)->2407K(2688K)
[298.299s][info][gc             ] GC(725) Pause Young (Allocation Failure) 1442M->85M(4092M) 0.926ms
[298.299s][info][gc,cpu         ] GC(725) User=0.00s Sys=0.00s Real=0.00s
[298.774s][info][gc,start       ] GC(726) Pause Young (Allocation Failure)
[298.774s][info][gc,heap        ] GC(726) PSYoungGen: 1391205K->979K(1394176K)
[298.774s][info][gc,heap        ] GC(726) ParOldGen: 85600K->85624K(2796544K)
[298.774s][info][gc,metaspace   ] GC(726) Metaspace: 20662K(21376K)->20662K(21376K) NonClass: 18255K(18688K)->18255K(18688K) Class: 2407K(2688K)->2407K(2688K)
[298.774s][info][gc             ] GC(726) Pause Young (Allocation Failure) 1442M->84M(4092M) 0.577ms
[298.774s][info][gc,cpu         ] GC(726) User=0.00s Sys=0.00s Real=0.00s
[299.225s][info][gc,start       ] GC(727) Pause Young (Allocation Failure)
[299.226s][info][gc,heap        ] GC(727) PSYoungGen: 1390946K->2558K(1393664K)
[299.226s][info][gc,heap        ] GC(727) ParOldGen: 85624K->85624K(2796544K)
[299.226s][info][gc,metaspace   ] GC(727) Metaspace: 20662K(21376K)->20662K(21376K) NonClass: 18255K(18688K)->18255K(18688K) Class: 2407K(2688K)->2407K(2688K)
[299.226s][info][gc             ] GC(727) Pause Young (Allocation Failure) 1441M->86M(4092M) 0.866ms
[299.226s][info][gc,cpu         ] GC(727) User=0.00s Sys=0.00s Real=0.00s
[299.690s][info][gc,start       ] GC(728) Pause Young (Allocation Failure)
[299.690s][info][gc,heap        ] GC(728) PSYoungGen: 1392638K->1641K(1394176K)
[299.690s][info][gc,heap        ] GC(728) ParOldGen: 85624K->85640K(2796544K)
[299.690s][info][gc,metaspace   ] GC(728) Metaspace: 20662K(21376K)->20662K(21376K) NonClass: 18255K(18688K)->18255K(18688K) Class: 2407K(2688K)->2407K(2688K)
[299.690s][info][gc             ] GC(728) Pause Young (Allocation Failure) 1443M->85M(4092M) 0.751ms
[299.690s][info][gc,cpu         ] GC(728) User=0.00s Sys=0.00s Real=0.00s
[300.161s][info][gc,start       ] GC(729) Pause Young (Allocation Failure)
[300.162s][info][gc,heap        ] GC(729) PSYoungGen: 1391721K->940K(1393664K)
[300.162s][info][gc,heap        ] GC(729) ParOldGen: 85640K->85640K(2796544K)
[300.162s][info][gc,metaspace   ] GC(729) Metaspace: 20662K(21376K)->20662K(21376K) NonClass: 18255K(18688K)->18255K(18688K) Class: 2407K(2688K)->2407K(2688K)
[300.162s][info][gc             ] GC(729) Pause Young (Allocation Failure) 1442M->84M(4092M) 1.161ms
[300.162s][info][gc,cpu         ] GC(729) User=0.02s Sys=0.00s Real=0.00s
[300.625s][info][gc,start       ] GC(730) Pause Young (Allocation Failure)
[300.627s][info][gc,heap        ] GC(730) PSYoungGen: 1391020K->2733K(1393152K)
[300.627s][info][gc,heap        ] GC(730) ParOldGen: 85640K->85656K(2796544K)
[300.627s][info][gc,metaspace   ] GC(730) Metaspace: 20662K(21376K)->20662K(21376K) NonClass: 18255K(18688K)->18255K(18688K) Class: 2407K(2688K)->2407K(2688K)
[300.627s][info][gc             ] GC(730) Pause Young (Allocation Failure) 1442M->86M(4091M) 1.302ms
[300.627s][info][gc,cpu         ] GC(730) User=0.00s Sys=0.00s Real=0.00s
[300.734s][info][gc,start       ] GC(731) Pause Young (System.gc())
[300.735s][info][gc,heap        ] GC(731) PSYoungGen: 313235K->64K(1393664K)
[300.735s][info][gc,heap        ] GC(731) ParOldGen: 85656K->85656K(2796544K)
[300.735s][info][gc,metaspace   ] GC(731) Metaspace: 20662K(21376K)->20662K(21376K) NonClass: 18255K(18688K)->18255K(18688K) Class: 2407K(2688K)->2407K(2688K)
[300.735s][info][gc             ] GC(731) Pause Young (System.gc()) 389M->83M(4092M) 0.574ms
[300.735s][info][gc,cpu         ] GC(731) User=0.00s Sys=0.00s Real=0.00s
[300.735s][info][gc,start       ] GC(732) Pause Full (System.gc())
[300.735s][info][gc,phases,start] GC(732) Marking Phase
[300.780s][info][gc,phases      ] GC(732) Marking Phase 45.075ms
[300.780s][info][gc,phases,start] GC(732) Summary Phase
[300.780s][info][gc,phases      ] GC(732) Summary Phase 0.017ms
[300.780s][info][gc,phases,start] GC(732) Adjust Roots
[300.782s][info][gc,phases      ] GC(732) Adjust Roots 2.234ms
[300.782s][info][gc,phases,start] GC(732) Compaction Phase
[300.797s][info][gc,phases      ] GC(732) Compaction Phase 14.324ms
[300.797s][info][gc,phases,start] GC(732) Post Compact
[300.798s][info][gc,phases      ] GC(732) Post Compact 0.938ms
[300.798s][info][gc,heap        ] GC(732) PSYoungGen: 64K->0K(1393664K)
[300.798s][info][gc,heap        ] GC(732) ParOldGen: 85656K->85584K(2796544K)
[300.798s][info][gc,metaspace   ] GC(732) Metaspace: 20662K(21376K)->20662K(21376K) NonClass: 18255K(18688K)->18255K(18688K) Class: 2407K(2688K)->2407K(2688K)
[300.798s][info][gc             ] GC(732) Pause Full (System.gc()) 83M->83M(4092M) 62.891ms
[300.798s][info][gc,cpu         ] GC(732) User=0.06s Sys=0.00s Real=0.06s
[301.255s][info][gc,start       ] GC(733) Pause Young (Allocation Failure)
[301.256s][info][gc,heap        ] GC(733) PSYoungGen: 1389568K->2302K(1393664K)
[301.256s][info][gc,heap        ] GC(733) ParOldGen: 85584K->85584K(2796544K)
[301.256s][info][gc,metaspace   ] GC(733) Metaspace: 20662K(21376K)->20662K(21376K) NonClass: 18255K(18688K)->18255K(18688K) Class: 2407K(2688K)->2407K(2688K)
[301.256s][info][gc             ] GC(733) Pause Young (Allocation Failure) 1440M->85M(4092M) 0.750ms
[301.256s][info][gc,cpu         ] GC(733) User=0.00s Sys=0.00s Real=0.00s
[301.733s][info][gc,start       ] GC(734) Pause Young (Allocation Failure)
[301.734s][info][gc,heap        ] GC(734) PSYoungGen: 1391870K->804K(1393664K)
[301.734s][info][gc,heap        ] GC(734) ParOldGen: 85584K->85608K(2796544K)
[301.734s][info][gc,metaspace   ] GC(734) Metaspace: 20662K(21376K)->20662K(21376K) NonClass: 18255K(18688K)->18255K(18688K) Class: 2407K(2688K)->2407K(2688K)
[301.734s][info][gc             ] GC(734) Pause Young (Allocation Failure) 1442M->84M(4092M) 0.811ms
[301.734s][info][gc,cpu         ] GC(734) User=0.00s Sys=0.00s Real=0.00s
[302.192s][info][gc,start       ] GC(735) Pause Young (Allocation Failure)
[302.193s][info][gc,heap        ] GC(735) PSYoungGen: 1390372K->2603K(1393664K)
[302.194s][info][gc,heap        ] GC(735) ParOldGen: 85608K->85632K(2796544K)
[302.194s][info][gc,metaspace   ] GC(735) Metaspace: 20662K(21376K)->20662K(21376K) NonClass: 18255K(18688K)->18255K(18688K) Class: 2407K(2688K)->2407K(2688K)
[302.194s][info][gc             ] GC(735) Pause Young (Allocation Failure) 1441M->86M(4092M) 1.260ms
[302.194s][info][gc,cpu         ] GC(735) User=0.02s Sys=0.00s Real=0.00s
[302.658s][info][gc,start       ] GC(736) Pause Young (Allocation Failure)
[302.659s][info][gc,heap        ] GC(736) PSYoungGen: 1392171K->1731K(1393664K)
[302.659s][info][gc,heap        ] GC(736) ParOldGen: 85632K->85632K(2796544K)
[302.659s][info][gc,metaspace   ] GC(736) Metaspace: 20662K(21376K)->20662K(21376K) NonClass: 18255K(18688K)->18255K(18688K) Class: 2407K(2688K)->2407K(2688K)
[302.659s][info][gc             ] GC(736) Pause Young (Allocation Failure) 1443M->85M(4092M) 0.662ms
[302.659s][info][gc,cpu         ] GC(736) User=0.00s Sys=0.00s Real=0.00s
[303.109s][info][gc,start       ] GC(737) Pause Young (Allocation Failure)
[303.109s][info][gc,heap        ] GC(737) PSYoungGen: 1391299K->384K(1393664K)
[303.109s][info][gc,heap        ] GC(737) ParOldGen: 85632K->85640K(2796544K)
[303.109s][info][gc,metaspace   ] GC(737) Metaspace: 20662K(21376K)->20662K(21376K) NonClass: 18255K(18688K)->18255K(18688K) Class: 2407K(2688K)->2407K(2688K)
[303.109s][info][gc             ] GC(737) Pause Young (Allocation Failure) 1442M->84M(4092M) 0.484ms
[303.109s][info][gc,cpu         ] GC(737) User=0.00s Sys=0.00s Real=0.00s
[303.573s][info][gc,start       ] GC(738) Pause Young (Allocation Failure)
[303.573s][info][gc,heap        ] GC(738) PSYoungGen: 1389952K->2218K(1393664K)
[303.573s][info][gc,heap        ] GC(738) ParOldGen: 85640K->85640K(2796544K)
[303.573s][info][gc,metaspace   ] GC(738) Metaspace: 20662K(21376K)->20662K(21376K) NonClass: 18255K(18688K)->18255K(18688K) Class: 2407K(2688K)->2407K(2688K)
[303.573s][info][gc             ] GC(738) Pause Young (Allocation Failure) 1441M->85M(4092M) 0.791ms
[303.573s][info][gc,cpu         ] GC(738) User=0.00s Sys=0.00s Real=0.00s
[304.033s][info][gc,start       ] GC(739) Pause Young (Allocation Failure)
[304.034s][info][gc,heap        ] GC(739) PSYoungGen: 1391786K->1128K(1393664K)
[304.034s][info][gc,heap        ] GC(739) ParOldGen: 85640K->85664K(2796544K)
[304.034s][info][gc,metaspace   ] GC(739) Metaspace: 20662K(21376K)->20662K(21376K) NonClass: 18255K(18688K)->18255K(18688K) Class: 2407K(2688K)->2407K(2688K)
[304.034s][info][gc             ] GC(739) Pause Young (Allocation Failure) 1442M->84M(4092M) 0.704ms
[304.034s][info][gc,cpu         ] GC(739) User=0.00s Sys=0.00s Real=0.00s
[304.144s][info][gc,start       ] GC(740) Pause Young (System.gc())
[304.144s][info][gc,heap        ] GC(740) PSYoungGen: 345163K->64K(1393664K)
[304.144s][info][gc,heap        ] GC(740) ParOldGen: 85664K->85664K(2796544K)
[304.144s][info][gc,metaspace   ] GC(740) Metaspace: 20662K(21376K)->20662K(21376K) NonClass: 18255K(18688K)->18255K(18688K) Class: 2407K(2688K)->2407K(2688K)
[304.144s][info][gc             ] GC(740) Pause Young (System.gc()) 420M->83M(4092M) 0.549ms
[304.144s][info][gc,cpu         ] GC(740) User=0.00s Sys=0.00s Real=0.00s
[304.144s][info][gc,start       ] GC(741) Pause Full (System.gc())
[304.144s][info][gc,phases,start] GC(741) Marking Phase
[304.190s][info][gc,phases      ] GC(741) Marking Phase 45.568ms
[304.190s][info][gc,phases,start] GC(741) Summary Phase
[304.190s][info][gc,phases      ] GC(741) Summary Phase 0.011ms
[304.190s][info][gc,phases,start] GC(741) Adjust Roots
[304.191s][info][gc,phases      ] GC(741) Adjust Roots 1.372ms
[304.191s][info][gc,phases,start] GC(741) Compaction Phase
[304.207s][info][gc,phases      ] GC(741) Compaction Phase 15.344ms
[304.207s][info][gc,phases,start] GC(741) Post Compact
[304.208s][info][gc,phases      ] GC(741) Post Compact 0.739ms
[304.208s][info][gc,heap        ] GC(741) PSYoungGen: 64K->0K(1393664K)
[304.208s][info][gc,heap        ] GC(741) ParOldGen: 85664K->85584K(2796544K)
[304.208s][info][gc,metaspace   ] GC(741) Metaspace: 20662K(21376K)->20662K(21376K) NonClass: 18255K(18688K)->18255K(18688K) Class: 2407K(2688K)->2407K(2688K)
[304.208s][info][gc             ] GC(741) Pause Full (System.gc()) 83M->83M(4092M) 63.300ms
[304.208s][info][gc,cpu         ] GC(741) User=0.11s Sys=0.00s Real=0.06s
[304.668s][info][gc,start       ] GC(742) Pause Young (Allocation Failure)
[304.669s][info][gc,heap        ] GC(742) PSYoungGen: 1389568K->1864K(1393664K)
[304.669s][info][gc,heap        ] GC(742) ParOldGen: 85584K->85584K(2796544K)
[304.669s][info][gc,metaspace   ] GC(742) Metaspace: 20662K(21376K)->20662K(21376K) NonClass: 18255K(18688K)->18255K(18688K) Class: 2407K(2688K)->2407K(2688K)
[304.669s][info][gc             ] GC(742) Pause Young (Allocation Failure) 1440M->85M(4092M) 0.753ms
[304.669s][info][gc,cpu         ] GC(742) User=0.00s Sys=0.00s Real=0.00s
[305.124s][info][gc,start       ] GC(743) Pause Young (Allocation Failure)
[305.124s][info][gc,heap        ] GC(743) PSYoungGen: 1391432K->1384K(1393664K)
[305.125s][info][gc,heap        ] GC(743) ParOldGen: 85584K->85600K(2796544K)
[305.125s][info][gc,metaspace   ] GC(743) Metaspace: 20662K(21376K)->20662K(21376K) NonClass: 18255K(18688K)->18255K(18688K) Class: 2407K(2688K)->2407K(2688K)
[305.125s][info][gc             ] GC(743) Pause Young (Allocation Failure) 1442M->84M(4092M) 0.732ms
[305.125s][info][gc,cpu         ] GC(743) User=0.00s Sys=0.00s Real=0.00s
[305.597s][info][gc,start       ] GC(744) Pause Young (Allocation Failure)
[305.598s][info][gc,heap        ] GC(744) PSYoungGen: 1390952K->288K(1394176K)
[305.598s][info][gc,heap        ] GC(744) ParOldGen: 85600K->85616K(2796544K)
[305.598s][info][gc,metaspace   ] GC(744) Metaspace: 20662K(21376K)->20662K(21376K) NonClass: 18255K(18688K)->18255K(18688K) Class: 2407K(2688K)->2407K(2688K)
[305.598s][info][gc             ] GC(744) Pause Young (Allocation Failure) 1441M->83M(4092M) 0.557ms
[305.598s][info][gc,cpu         ] GC(744) User=0.00s Sys=0.00s Real=0.00s
[306.054s][info][gc,start       ] GC(745) Pause Young (Allocation Failure)
[306.055s][info][gc,heap        ] GC(745) PSYoungGen: 1390880K->2118K(1394176K)
[306.055s][info][gc,heap        ] GC(745) ParOldGen: 85616K->85616K(2796544K)
[306.055s][info][gc,metaspace   ] GC(745) Metaspace: 20662K(21376K)->20662K(21376K) NonClass: 18255K(18688K)->18255K(18688K) Class: 2407K(2688K)->2407K(2688K)
[306.055s][info][gc             ] GC(745) Pause Young (Allocation Failure) 1441M->85M(4092M) 0.865ms
[306.055s][info][gc,cpu         ] GC(745) User=0.00s Sys=0.00s Real=0.00s
[306.520s][info][gc,start       ] GC(746) Pause Young (Allocation Failure)
[306.521s][info][gc,heap        ] GC(746) PSYoungGen: 1392710K->1441K(1394176K)
[306.521s][info][gc,heap        ] GC(746) ParOldGen: 85616K->85640K(2796544K)
[306.521s][info][gc,metaspace   ] GC(746) Metaspace: 20662K(21376K)->20662K(21376K) NonClass: 18255K(18688K)->18255K(18688K) Class: 2407K(2688K)->2407K(2688K)
[306.521s][info][gc             ] GC(746) Pause Young (Allocation Failure) 1443M->85M(4092M) 0.831ms
[306.521s][info][gc,cpu         ] GC(746) User=0.00s Sys=0.00s Real=0.00s
[306.986s][info][gc,start       ] GC(747) Pause Young (Allocation Failure)
[306.987s][info][gc,heap        ] GC(747) PSYoungGen: 1392033K->288K(1394176K)
[306.987s][info][gc,heap        ] GC(747) ParOldGen: 85640K->85640K(2796544K)
[306.987s][info][gc,metaspace   ] GC(747) Metaspace: 20662K(21376K)->20662K(21376K) NonClass: 18255K(18688K)->18255K(18688K) Class: 2407K(2688K)->2407K(2688K)
[306.987s][info][gc             ] GC(747) Pause Young (Allocation Failure) 1443M->83M(4092M) 0.485ms
[306.987s][info][gc,cpu         ] GC(747) User=0.00s Sys=0.00s Real=0.00s
[307.449s][info][gc,start       ] GC(748) Pause Young (Allocation Failure)
[307.450s][info][gc,heap        ] GC(748) PSYoungGen: 1390880K->2162K(1394176K)
[307.450s][info][gc,heap        ] GC(748) ParOldGen: 85640K->85656K(2796544K)
[307.450s][info][gc,metaspace   ] GC(748) Metaspace: 20662K(21376K)->20662K(21376K) NonClass: 18255K(18688K)->18255K(18688K) Class: 2407K(2688K)->2407K(2688K)
[307.450s][info][gc             ] GC(748) Pause Young (Allocation Failure) 1441M->85M(4092M) 0.888ms
[307.450s][info][gc,cpu         ] GC(748) User=0.00s Sys=0.00s Real=0.00s
[307.558s][info][gc,start       ] GC(749) Pause Young (System.gc())
[307.558s][info][gc,heap        ] GC(749) PSYoungGen: 324783K->32K(1394176K)
[307.558s][info][gc,heap        ] GC(749) ParOldGen: 85656K->85656K(2796544K)
[307.558s][info][gc,metaspace   ] GC(749) Metaspace: 20662K(21376K)->20662K(21376K) NonClass: 18255K(18688K)->18255K(18688K) Class: 2407K(2688K)->2407K(2688K)
[307.559s][info][gc             ] GC(749) Pause Young (System.gc()) 400M->83M(4092M) 0.645ms
[307.559s][info][gc,cpu         ] GC(749) User=0.00s Sys=0.00s Real=0.00s
[307.559s][info][gc,start       ] GC(750) Pause Full (System.gc())
[307.559s][info][gc,phases,start] GC(750) Marking Phase
[307.617s][info][gc,phases      ] GC(750) Marking Phase 57.931ms
[307.617s][info][gc,phases,start] GC(750) Summary Phase
[307.617s][info][gc,phases      ] GC(750) Summary Phase 0.011ms
[307.617s][info][gc,phases,start] GC(750) Adjust Roots
[307.618s][info][gc,phases      ] GC(750) Adjust Roots 1.402ms
[307.618s][info][gc,phases,start] GC(750) Compaction Phase
[307.632s][info][gc,phases      ] GC(750) Compaction Phase 13.751ms
[307.632s][info][gc,phases,start] GC(750) Post Compact
[307.633s][info][gc,phases      ] GC(750) Post Compact 0.829ms
[307.633s][info][gc,heap        ] GC(750) PSYoungGen: 32K->0K(1394176K)
[307.633s][info][gc,heap        ] GC(750) ParOldGen: 85656K->85584K(2796544K)
[307.633s][info][gc,metaspace   ] GC(750) Metaspace: 20662K(21376K)->20662K(21376K) NonClass: 18255K(18688K)->18255K(18688K) Class: 2407K(2688K)->2407K(2688K)
[307.633s][info][gc             ] GC(750) Pause Full (System.gc()) 83M->83M(4092M) 74.351ms
[307.633s][info][gc,cpu         ] GC(750) User=0.22s Sys=0.00s Real=0.08s
[308.101s][info][gc,start       ] GC(751) Pause Young (Allocation Failure)
[308.102s][info][gc,heap        ] GC(751) PSYoungGen: 1390592K->2547K(1393152K)
[308.102s][info][gc,heap        ] GC(751) ParOldGen: 85584K->85584K(2796544K)
[308.102s][info][gc,metaspace   ] GC(751) Metaspace: 20667K(21376K)->20667K(21376K) NonClass: 18259K(18688K)->18259K(18688K) Class: 2407K(2688K)->2407K(2688K)
[308.102s][info][gc             ] GC(751) Pause Young (Allocation Failure) 1441M->86M(4091M) 0.961ms
[308.102s][info][gc,cpu         ] GC(751) User=0.00s Sys=0.00s Real=0.00s
[308.566s][info][gc,start       ] GC(752) Pause Young (Allocation Failure)
[308.566s][info][gc,heap        ] GC(752) PSYoungGen: 1392115K->1446K(1393664K)
[308.566s][info][gc,heap        ] GC(752) ParOldGen: 85584K->85600K(2796544K)
[308.566s][info][gc,metaspace   ] GC(752) Metaspace: 20667K(21376K)->20667K(21376K) NonClass: 18259K(18688K)->18259K(18688K) Class: 2407K(2688K)->2407K(2688K)
[308.566s][info][gc             ] GC(752) Pause Young (Allocation Failure) 1443M->85M(4092M) 0.599ms
[308.566s][info][gc,cpu         ] GC(752) User=0.00s Sys=0.00s Real=0.00s
[309.024s][info][gc,start       ] GC(753) Pause Young (Allocation Failure)
[309.025s][info][gc,heap        ] GC(753) PSYoungGen: 1391014K->656K(1394176K)
[309.025s][info][gc,heap        ] GC(753) ParOldGen: 85600K->85624K(2796544K)
[309.025s][info][gc,metaspace   ] GC(753) Metaspace: 20667K(21376K)->20667K(21376K) NonClass: 18259K(18688K)->18259K(18688K) Class: 2407K(2688K)->2407K(2688K)
[309.025s][info][gc             ] GC(753) Pause Young (Allocation Failure) 1442M->84M(4092M) 0.724ms
[309.025s][info][gc,cpu         ] GC(753) User=0.00s Sys=0.00s Real=0.00s
[309.481s][info][gc,start       ] GC(754) Pause Young (Allocation Failure)
[309.482s][info][gc,heap        ] GC(754) PSYoungGen: 1391248K->2868K(1393664K)
[309.482s][info][gc,heap        ] GC(754) ParOldGen: 85624K->85624K(2796544K)
[309.482s][info][gc,metaspace   ] GC(754) Metaspace: 20667K(21376K)->20667K(21376K) NonClass: 18259K(18688K)->18259K(18688K) Class: 2407K(2688K)->2407K(2688K)
[309.482s][info][gc             ] GC(754) Pause Young (Allocation Failure) 1442M->86M(4092M) 1.204ms
[309.482s][info][gc,cpu         ] GC(754) User=0.00s Sys=0.00s Real=0.00s
[309.934s][info][gc,start       ] GC(755) Pause Young (Allocation Failure)
[309.934s][info][gc,heap        ] GC(755) PSYoungGen: 1393460K->1710K(1393664K)
[309.934s][info][gc,heap        ] GC(755) ParOldGen: 85624K->85648K(2796544K)
[309.934s][info][gc,metaspace   ] GC(755) Metaspace: 20667K(21376K)->20667K(21376K) NonClass: 18259K(18688K)->18259K(18688K) Class: 2407K(2688K)->2407K(2688K)
[309.935s][info][gc             ] GC(755) Pause Young (Allocation Failure) 1444M->85M(4092M) 0.657ms
[309.935s][info][gc,cpu         ] GC(755) User=0.00s Sys=0.00s Real=0.00s
[310.401s][info][gc,start       ] GC(756) Pause Young (Allocation Failure)
[310.402s][info][gc,heap        ] GC(756) PSYoungGen: 1391278K->754K(1393664K)
[310.402s][info][gc,heap        ] GC(756) ParOldGen: 85648K->85648K(2796544K)
[310.402s][info][gc,metaspace   ] GC(756) Metaspace: 20667K(21376K)->20667K(21376K) NonClass: 18259K(18688K)->18259K(18688K) Class: 2407K(2688K)->2407K(2688K)
[310.402s][info][gc             ] GC(756) Pause Young (Allocation Failure) 1442M->84M(4092M) 0.497ms
[310.402s][info][gc,cpu         ] GC(756) User=0.00s Sys=0.00s Real=0.00s
[310.866s][info][gc,start       ] GC(757) Pause Young (Allocation Failure)
[310.867s][info][gc,heap        ] GC(757) PSYoungGen: 1390322K->2532K(1393152K)
[310.867s][info][gc,heap        ] GC(757) ParOldGen: 85648K->85672K(2796544K)
[310.867s][info][gc,metaspace   ] GC(757) Metaspace: 20667K(21376K)->20667K(21376K) NonClass: 18259K(18688K)->18259K(18688K) Class: 2407K(2688K)->2407K(2688K)
[310.867s][info][gc             ] GC(757) Pause Young (Allocation Failure) 1441M->86M(4091M) 1.045ms
[310.867s][info][gc,cpu         ] GC(757) User=0.00s Sys=0.00s Real=0.00s
[310.975s][info][gc,start       ] GC(758) Pause Young (System.gc())
[310.976s][info][gc,heap        ] GC(758) PSYoungGen: 325132K->96K(1393664K)
[310.976s][info][gc,heap        ] GC(758) ParOldGen: 85672K->85672K(2796544K)
[310.976s][info][gc,metaspace   ] GC(758) Metaspace: 20667K(21376K)->20667K(21376K) NonClass: 18259K(18688K)->18259K(18688K) Class: 2407K(2688K)->2407K(2688K)
[310.976s][info][gc             ] GC(758) Pause Young (System.gc()) 401M->83M(4092M) 0.562ms
[310.976s][info][gc,cpu         ] GC(758) User=0.00s Sys=0.00s Real=0.00s
[310.976s][info][gc,start       ] GC(759) Pause Full (System.gc())
[310.976s][info][gc,phases,start] GC(759) Marking Phase
[311.034s][info][gc,phases      ] GC(759) Marking Phase 57.430ms
[311.034s][info][gc,phases,start] GC(759) Summary Phase
[311.034s][info][gc,phases      ] GC(759) Summary Phase 0.011ms
[311.034s][info][gc,phases,start] GC(759) Adjust Roots
[311.035s][info][gc,phases      ] GC(759) Adjust Roots 1.374ms
[311.035s][info][gc,phases,start] GC(759) Compaction Phase
[311.048s][info][gc,phases      ] GC(759) Compaction Phase 13.191ms
[311.048s][info][gc,phases,start] GC(759) Post Compact
[311.049s][info][gc,phases      ] GC(759) Post Compact 0.870ms
[311.049s][info][gc,heap        ] GC(759) PSYoungGen: 96K->0K(1393664K)
[311.049s][info][gc,heap        ] GC(759) ParOldGen: 85672K->85584K(2796544K)
[311.049s][info][gc,metaspace   ] GC(759) Metaspace: 20667K(21376K)->20667K(21376K) NonClass: 18259K(18688K)->18259K(18688K) Class: 2407K(2688K)->2407K(2688K)
[311.049s][info][gc             ] GC(759) Pause Full (System.gc()) 83M->83M(4092M) 73.165ms
[311.049s][info][gc,cpu         ] GC(759) User=0.12s Sys=0.00s Real=0.07s
[311.516s][info][gc,start       ] GC(760) Pause Young (Allocation Failure)
[311.517s][info][gc,heap        ] GC(760) PSYoungGen: 1389568K->2009K(1393664K)
[311.517s][info][gc,heap        ] GC(760) ParOldGen: 85584K->85584K(2796544K)
[311.517s][info][gc,metaspace   ] GC(760) Metaspace: 20667K(21376K)->20667K(21376K) NonClass: 18259K(18688K)->18259K(18688K) Class: 2407K(2688K)->2407K(2688K)
[311.517s][info][gc             ] GC(760) Pause Young (Allocation Failure) 1440M->85M(4092M) 0.876ms
[311.517s][info][gc,cpu         ] GC(760) User=0.00s Sys=0.00s Real=0.00s
[311.979s][info][gc,start       ] GC(761) Pause Young (Allocation Failure)
[311.979s][info][gc,heap        ] GC(761) PSYoungGen: 1391577K->1109K(1393664K)
[311.979s][info][gc,heap        ] GC(761) ParOldGen: 85584K->85600K(2796544K)
[311.979s][info][gc,metaspace   ] GC(761) Metaspace: 20667K(21376K)->20667K(21376K) NonClass: 18259K(18688K)->18259K(18688K) Class: 2407K(2688K)->2407K(2688K)
[311.979s][info][gc             ] GC(761) Pause Young (Allocation Failure) 1442M->84M(4092M) 0.543ms
[311.979s][info][gc,cpu         ] GC(761) User=0.00s Sys=0.00s Real=0.00s
[312.438s][info][gc,start       ] GC(762) Pause Young (Allocation Failure)
[312.440s][info][gc,heap        ] GC(762) PSYoungGen: 1390677K->2471K(1393664K)
[312.440s][info][gc,heap        ] GC(762) ParOldGen: 85600K->85624K(2796544K)
[312.440s][info][gc,metaspace   ] GC(762) Metaspace: 20667K(21376K)->20667K(21376K) NonClass: 18259K(18688K)->18259K(18688K) Class: 2407K(2688K)->2407K(2688K)
[312.440s][info][gc             ] GC(762) Pause Young (Allocation Failure) 1441M->86M(4092M) 1.977ms
[312.440s][info][gc,cpu         ] GC(762) User=0.00s Sys=0.00s Real=0.00s
[312.906s][info][gc,start       ] GC(763) Pause Young (Allocation Failure)
[312.907s][info][gc,heap        ] GC(763) PSYoungGen: 1392039K->1968K(1393664K)
[312.907s][info][gc,heap        ] GC(763) ParOldGen: 85624K->85624K(2796544K)
[312.907s][info][gc,metaspace   ] GC(763) Metaspace: 20667K(21376K)->20667K(21376K) NonClass: 18259K(18688K)->18259K(18688K) Class: 2407K(2688K)->2407K(2688K)
[312.907s][info][gc             ] GC(763) Pause Young (Allocation Failure) 1443M->85M(4092M) 0.886ms
[312.907s][info][gc,cpu         ] GC(763) User=0.00s Sys=0.00s Real=0.00s
[313.364s][info][gc,start       ] GC(764) Pause Young (Allocation Failure)
[313.364s][info][gc,heap        ] GC(764) PSYoungGen: 1391536K->922K(1393664K)
[313.364s][info][gc,heap        ] GC(764) ParOldGen: 85624K->85648K(2796544K)
[313.364s][info][gc,metaspace   ] GC(764) Metaspace: 20667K(21376K)->20667K(21376K) NonClass: 18259K(18688K)->18259K(18688K) Class: 2407K(2688K)->2407K(2688K)
[313.365s][info][gc             ] GC(764) Pause Young (Allocation Failure) 1442M->84M(4092M) 0.554ms
[313.365s][info][gc,cpu         ] GC(764) User=0.00s Sys=0.00s Real=0.00s
[313.825s][info][gc,start       ] GC(765) Pause Young (Allocation Failure)
[313.827s][info][gc,heap        ] GC(765) PSYoungGen: 1390490K->2656K(1393664K)
[313.827s][info][gc,heap        ] GC(765) ParOldGen: 85648K->85648K(2796544K)
[313.827s][info][gc,metaspace   ] GC(765) Metaspace: 20667K(21376K)->20667K(21376K) NonClass: 18259K(18688K)->18259K(18688K) Class: 2407K(2688K)->2407K(2688K)
[313.827s][info][gc             ] GC(765) Pause Young (Allocation Failure) 1441M->86M(4092M) 1.649ms
[313.827s][info][gc,cpu         ] GC(765) User=0.00s Sys=0.00s Real=0.00s
[314.297s][info][gc,start       ] GC(766) Pause Young (Allocation Failure)
[314.298s][info][gc,heap        ] GC(766) PSYoungGen: 1392224K->1840K(1393664K)
[314.298s][info][gc,heap        ] GC(766) ParOldGen: 85648K->85672K(2796544K)
[314.298s][info][gc,metaspace   ] GC(766) Metaspace: 20667K(21376K)->20667K(21376K) NonClass: 18259K(18688K)->18259K(18688K) Class: 2407K(2688K)->2407K(2688K)
[314.298s][info][gc             ] GC(766) Pause Young (Allocation Failure) 1443M->85M(4092M) 0.782ms
[314.298s][info][gc,cpu         ] GC(766) User=0.00s Sys=0.00s Real=0.00s
[314.408s][info][gc,start       ] GC(767) Pause Young (System.gc())
[314.408s][info][gc,heap        ] GC(767) PSYoungGen: 335496K->64K(1393664K)
[314.408s][info][gc,heap        ] GC(767) ParOldGen: 85672K->85672K(2796544K)
[314.408s][info][gc,metaspace   ] GC(767) Metaspace: 20667K(21376K)->20667K(21376K) NonClass: 18259K(18688K)->18259K(18688K) Class: 2407K(2688K)->2407K(2688K)
[314.408s][info][gc             ] GC(767) Pause Young (System.gc()) 411M->83M(4092M) 0.379ms
[314.408s][info][gc,cpu         ] GC(767) User=0.00s Sys=0.00s Real=0.00s
[314.408s][info][gc,start       ] GC(768) Pause Full (System.gc())
[314.409s][info][gc,phases,start] GC(768) Marking Phase
[314.473s][info][gc,phases      ] GC(768) Marking Phase 64.428ms
[314.473s][info][gc,phases,start] GC(768) Summary Phase
[314.473s][info][gc,phases      ] GC(768) Summary Phase 0.012ms
[314.473s][info][gc,phases,start] GC(768) Adjust Roots
[314.474s][info][gc,phases      ] GC(768) Adjust Roots 1.393ms
[314.474s][info][gc,phases,start] GC(768) Compaction Phase
[314.488s][info][gc,phases      ] GC(768) Compaction Phase 13.291ms
[314.488s][info][gc,phases,start] GC(768) Post Compact
[314.489s][info][gc,phases      ] GC(768) Post Compact 0.991ms
[314.489s][info][gc,heap        ] GC(768) PSYoungGen: 64K->0K(1393664K)
[314.489s][info][gc,heap        ] GC(768) ParOldGen: 85672K->85584K(2796544K)
[314.489s][info][gc,metaspace   ] GC(768) Metaspace: 20667K(21376K)->20667K(21376K) NonClass: 18259K(18688K)->18259K(18688K) Class: 2407K(2688K)->2407K(2688K)
[314.489s][info][gc             ] GC(768) Pause Full (System.gc()) 83M->83M(4092M) 80.404ms
[314.489s][info][gc,cpu         ] GC(768) User=0.33s Sys=0.00s Real=0.08s
[314.950s][info][gc,start       ] GC(769) Pause Young (Allocation Failure)
[314.951s][info][gc,heap        ] GC(769) PSYoungGen: 1389568K->2159K(1393664K)
[314.951s][info][gc,heap        ] GC(769) ParOldGen: 85584K->85584K(2796544K)
[314.951s][info][gc,metaspace   ] GC(769) Metaspace: 20667K(21376K)->20667K(21376K) NonClass: 18259K(18688K)->18259K(18688K) Class: 2407K(2688K)->2407K(2688K)
[314.951s][info][gc             ] GC(769) Pause Young (Allocation Failure) 1440M->85M(4092M) 1.155ms
[314.951s][info][gc,cpu         ] GC(769) User=0.00s Sys=0.00s Real=0.00s
[315.429s][info][gc,start       ] GC(770) Pause Young (Allocation Failure)
[315.430s][info][gc,heap        ] GC(770) PSYoungGen: 1391727K->1476K(1393664K)
[315.430s][info][gc,heap        ] GC(770) ParOldGen: 85584K->85600K(2796544K)
[315.430s][info][gc,metaspace   ] GC(770) Metaspace: 20667K(21376K)->20667K(21376K) NonClass: 18259K(18688K)->18259K(18688K) Class: 2407K(2688K)->2407K(2688K)
[315.430s][info][gc             ] GC(770) Pause Young (Allocation Failure) 1442M->85M(4092M) 1.051ms
[315.430s][info][gc,cpu         ] GC(770) User=0.00s Sys=0.00s Real=0.00s
[315.917s][info][gc,start       ] GC(771) Pause Young (Allocation Failure)
[315.917s][info][gc,heap        ] GC(771) PSYoungGen: 1391044K->384K(1394176K)
[315.917s][info][gc,heap        ] GC(771) ParOldGen: 85600K->85616K(2796544K)
[315.917s][info][gc,metaspace   ] GC(771) Metaspace: 20667K(21376K)->20667K(21376K) NonClass: 18259K(18688K)->18259K(18688K) Class: 2407K(2688K)->2407K(2688K)
[315.917s][info][gc             ] GC(771) Pause Young (Allocation Failure) 1442M->83M(4092M) 0.637ms
[315.917s][info][gc,cpu         ] GC(771) User=0.00s Sys=0.00s Real=0.00s
[316.379s][info][gc,start       ] GC(772) Pause Young (Allocation Failure)
[316.380s][info][gc,heap        ] GC(772) PSYoungGen: 1390974K->2394K(1393152K)
[316.380s][info][gc,heap        ] GC(772) ParOldGen: 85616K->85616K(2796544K)
[316.380s][info][gc,metaspace   ] GC(772) Metaspace: 20667K(21376K)->20667K(21376K) NonClass: 18259K(18688K)->18259K(18688K) Class: 2407K(2688K)->2407K(2688K)
[316.380s][info][gc             ] GC(772) Pause Young (Allocation Failure) 1441M->85M(4091M) 0.946ms
[316.380s][info][gc,cpu         ] GC(772) User=0.00s Sys=0.00s Real=0.00s
[316.860s][info][gc,start       ] GC(773) Pause Young (Allocation Failure)
[316.861s][info][gc,heap        ] GC(773) PSYoungGen: 1392986K->1656K(1394176K)
[316.861s][info][gc,heap        ] GC(773) ParOldGen: 85616K->85640K(2796544K)
[316.861s][info][gc,metaspace   ] GC(773) Metaspace: 20667K(21376K)->20667K(21376K) NonClass: 18259K(18688K)->18259K(18688K) Class: 2407K(2688K)->2407K(2688K)
[316.861s][info][gc             ] GC(773) Pause Young (Allocation Failure) 1443M->85M(4092M) 0.746ms
[316.861s][info][gc,cpu         ] GC(773) User=0.00s Sys=0.00s Real=0.00s
[317.322s][info][gc,start       ] GC(774) Pause Young (Allocation Failure)
[317.322s][info][gc,heap        ] GC(774) PSYoungGen: 1391736K->601K(1393664K)
[317.322s][info][gc,heap        ] GC(774) ParOldGen: 85640K->85640K(2796544K)
[317.322s][info][gc,metaspace   ] GC(774) Metaspace: 20667K(21376K)->20667K(21376K) NonClass: 18259K(18688K)->18259K(18688K) Class: 2407K(2688K)->2407K(2688K)
[317.322s][info][gc             ] GC(774) Pause Young (Allocation Failure) 1442M->84M(4092M) 0.636ms
[317.322s][info][gc,cpu         ] GC(774) User=0.00s Sys=0.00s Real=0.00s
[317.780s][info][gc,start       ] GC(775) Pause Young (Allocation Failure)
[317.781s][info][gc,heap        ] GC(775) PSYoungGen: 1390681K->2376K(1393152K)
[317.781s][info][gc,heap        ] GC(775) ParOldGen: 85640K->85664K(2796544K)
[317.781s][info][gc,metaspace   ] GC(775) Metaspace: 20667K(21376K)->20667K(21376K) NonClass: 18259K(18688K)->18259K(18688K) Class: 2407K(2688K)->2407K(2688K)
[317.781s][info][gc             ] GC(775) Pause Young (Allocation Failure) 1441M->85M(4091M) 1.149ms
[317.781s][info][gc,cpu         ] GC(775) User=0.00s Sys=0.00s Real=0.00s
[317.888s][info][gc,start       ] GC(776) Pause Young (System.gc())
[317.889s][info][gc,heap        ] GC(776) PSYoungGen: 325230K->64K(1393664K)
[317.889s][info][gc,heap        ] GC(776) ParOldGen: 85664K->85664K(2796544K)
[317.889s][info][gc,metaspace   ] GC(776) Metaspace: 20667K(21376K)->20667K(21376K) NonClass: 18259K(18688K)->18259K(18688K) Class: 2407K(2688K)->2407K(2688K)
[317.889s][info][gc             ] GC(776) Pause Young (System.gc()) 401M->83M(4092M) 0.405ms
[317.889s][info][gc,cpu         ] GC(776) User=0.00s Sys=0.00s Real=0.00s
[317.889s][info][gc,start       ] GC(777) Pause Full (System.gc())
[317.889s][info][gc,phases,start] GC(777) Marking Phase
[317.953s][info][gc,phases      ] GC(777) Marking Phase 64.570ms
[317.953s][info][gc,phases,start] GC(777) Summary Phase
[317.953s][info][gc,phases      ] GC(777) Summary Phase 0.011ms
[317.953s][info][gc,phases,start] GC(777) Adjust Roots
[317.955s][info][gc,phases      ] GC(777) Adjust Roots 1.403ms
[317.955s][info][gc,phases,start] GC(777) Compaction Phase
[317.968s][info][gc,phases      ] GC(777) Compaction Phase 13.300ms
[317.968s][info][gc,phases,start] GC(777) Post Compact
[317.969s][info][gc,phases      ] GC(777) Post Compact 0.810ms
[317.969s][info][gc,heap        ] GC(777) PSYoungGen: 64K->0K(1393664K)
[317.969s][info][gc,heap        ] GC(777) ParOldGen: 85664K->85584K(2796544K)
[317.969s][info][gc,metaspace   ] GC(777) Metaspace: 20667K(21376K)->20667K(21376K) NonClass: 18259K(18688K)->18259K(18688K) Class: 2407K(2688K)->2407K(2688K)
[317.969s][info][gc             ] GC(777) Pause Full (System.gc()) 83M->83M(4092M) 80.356ms
[317.969s][info][gc,cpu         ] GC(777) User=0.27s Sys=0.00s Real=0.08s
[318.430s][info][gc,start       ] GC(778) Pause Young (Allocation Failure)
[318.432s][info][gc,heap        ] GC(778) PSYoungGen: 1389568K->2261K(1393664K)
[318.432s][info][gc,heap        ] GC(778) ParOldGen: 85584K->85584K(2796544K)
[318.432s][info][gc,metaspace   ] GC(778) Metaspace: 20667K(21376K)->20667K(21376K) NonClass: 18259K(18688K)->18259K(18688K) Class: 2407K(2688K)->2407K(2688K)
[318.432s][info][gc             ] GC(778) Pause Young (Allocation Failure) 1440M->85M(4092M) 2.143ms
[318.432s][info][gc,cpu         ] GC(778) User=0.00s Sys=0.00s Real=0.00s
[318.911s][info][gc,start       ] GC(779) Pause Young (Allocation Failure)
[318.912s][info][gc,heap        ] GC(779) PSYoungGen: 1391829K->1265K(1393664K)
[318.912s][info][gc,heap        ] GC(779) ParOldGen: 85584K->85600K(2796544K)
[318.912s][info][gc,metaspace   ] GC(779) Metaspace: 20667K(21376K)->20667K(21376K) NonClass: 18259K(18688K)->18259K(18688K) Class: 2407K(2688K)->2407K(2688K)
[318.912s][info][gc             ] GC(779) Pause Young (Allocation Failure) 1442M->84M(4092M) 0.642ms
[318.912s][info][gc,cpu         ] GC(779) User=0.00s Sys=0.00s Real=0.00s
[319.365s][info][gc,start       ] GC(780) Pause Young (Allocation Failure)
[319.366s][info][gc,heap        ] GC(780) PSYoungGen: 1390833K->96K(1393152K)
[319.366s][info][gc,heap        ] GC(780) ParOldGen: 85600K->85632K(2796544K)
[319.366s][info][gc,metaspace   ] GC(780) Metaspace: 20667K(21376K)->20667K(21376K) NonClass: 18259K(18688K)->18259K(18688K) Class: 2407K(2688K)->2407K(2688K)
[319.366s][info][gc             ] GC(780) Pause Young (Allocation Failure) 1441M->83M(4091M) 0.680ms
[319.366s][info][gc,cpu         ] GC(780) User=0.00s Sys=0.00s Real=0.00s
[319.827s][info][gc,start       ] GC(781) Pause Young (Allocation Failure)
[319.828s][info][gc,heap        ] GC(781) PSYoungGen: 1389664K->2571K(1393664K)
[319.828s][info][gc,heap        ] GC(781) ParOldGen: 85632K->85632K(2796544K)
[319.828s][info][gc,metaspace   ] GC(781) Metaspace: 20667K(21376K)->20667K(21376K) NonClass: 18259K(18688K)->18259K(18688K) Class: 2407K(2688K)->2407K(2688K)
[319.828s][info][gc             ] GC(781) Pause Young (Allocation Failure) 1440M->86M(4092M) 0.961ms
[319.828s][info][gc,cpu         ] GC(781) User=0.00s Sys=0.00s Real=0.00s
[320.291s][info][gc,start       ] GC(782) Pause Young (Allocation Failure)
[320.292s][info][gc,heap        ] GC(782) PSYoungGen: 1392139K->1602K(1393664K)
[320.292s][info][gc,heap        ] GC(782) ParOldGen: 85632K->85656K(2796544K)
[320.292s][info][gc,metaspace   ] GC(782) Metaspace: 20667K(21376K)->20667K(21376K) NonClass: 18259K(18688K)->18259K(18688K) Class: 2407K(2688K)->2407K(2688K)
[320.292s][info][gc             ] GC(782) Pause Young (Allocation Failure) 1443M->85M(4092M) 0.729ms
[320.292s][info][gc,cpu         ] GC(782) User=0.00s Sys=0.00s Real=0.00s
[320.766s][info][gc,start       ] GC(783) Pause Young (Allocation Failure)
[320.766s][info][gc,heap        ] GC(783) PSYoungGen: 1391170K->256K(1393664K)
[320.766s][info][gc,heap        ] GC(783) ParOldGen: 85656K->85656K(2796544K)
[320.766s][info][gc,metaspace   ] GC(783) Metaspace: 20667K(21376K)->20667K(21376K) NonClass: 18259K(18688K)->18259K(18688K) Class: 2407K(2688K)->2407K(2688K)
[320.766s][info][gc             ] GC(783) Pause Young (Allocation Failure) 1442M->83M(4092M) 0.857ms
[320.767s][info][gc,cpu         ] GC(783) User=0.00s Sys=0.00s Real=0.00s
[321.222s][info][gc,start       ] GC(784) Pause Young (Allocation Failure)
[321.222s][info][gc,heap        ] GC(784) PSYoungGen: 1389824K->2228K(1393664K)
[321.222s][info][gc,heap        ] GC(784) ParOldGen: 85656K->85680K(2796544K)
[321.222s][info][gc,metaspace   ] GC(784) Metaspace: 20667K(21376K)->20667K(21376K) NonClass: 18259K(18688K)->18259K(18688K) Class: 2407K(2688K)->2407K(2688K)
[321.222s][info][gc             ] GC(784) Pause Young (Allocation Failure) 1440M->85M(4092M) 0.818ms
[321.222s][info][gc,cpu         ] GC(784) User=0.00s Sys=0.00s Real=0.00s
[321.334s][info][gc,start       ] GC(785) Pause Young (System.gc())
[321.334s][info][gc,heap        ] GC(785) PSYoungGen: 329112K->64K(1393664K)
[321.334s][info][gc,heap        ] GC(785) ParOldGen: 85680K->85680K(2796544K)
[321.334s][info][gc,metaspace   ] GC(785) Metaspace: 20667K(21376K)->20667K(21376K) NonClass: 18259K(18688K)->18259K(18688K) Class: 2407K(2688K)->2407K(2688K)
[321.334s][info][gc             ] GC(785) Pause Young (System.gc()) 405M->83M(4092M) 0.414ms
[321.334s][info][gc,cpu         ] GC(785) User=0.00s Sys=0.00s Real=0.00s
[321.334s][info][gc,start       ] GC(786) Pause Full (System.gc())
[321.334s][info][gc,phases,start] GC(786) Marking Phase
[321.380s][info][gc,phases      ] GC(786) Marking Phase 45.960ms
[321.380s][info][gc,phases,start] GC(786) Summary Phase
[321.380s][info][gc,phases      ] GC(786) Summary Phase 0.017ms
[321.380s][info][gc,phases,start] GC(786) Adjust Roots
[321.382s][info][gc,phases      ] GC(786) Adjust Roots 1.397ms
[321.382s][info][gc,phases,start] GC(786) Compaction Phase
[321.395s][info][gc,phases      ] GC(786) Compaction Phase 12.653ms
[321.395s][info][gc,phases,start] GC(786) Post Compact
[321.396s][info][gc,phases      ] GC(786) Post Compact 0.964ms
[321.396s][info][gc,heap        ] GC(786) PSYoungGen: 64K->0K(1393664K)
[321.396s][info][gc,heap        ] GC(786) ParOldGen: 85680K->85584K(2796544K)
[321.396s][info][gc,metaspace   ] GC(786) Metaspace: 20667K(21376K)->20667K(21376K) NonClass: 18259K(18688K)->18259K(18688K) Class: 2407K(2688K)->2407K(2688K)
[321.396s][info][gc             ] GC(786) Pause Full (System.gc()) 83M->83M(4092M) 61.411ms
[321.396s][info][gc,cpu         ] GC(786) User=0.03s Sys=0.00s Real=0.06s
[321.858s][info][gc,start       ] GC(787) Pause Young (Allocation Failure)
[321.859s][info][gc,heap        ] GC(787) PSYoungGen: 1389568K->1959K(1393664K)
[321.859s][info][gc,heap        ] GC(787) ParOldGen: 85584K->85584K(2796544K)
[321.859s][info][gc,metaspace   ] GC(787) Metaspace: 20667K(21376K)->20667K(21376K) NonClass: 18259K(18688K)->18259K(18688K) Class: 2407K(2688K)->2407K(2688K)
[321.859s][info][gc             ] GC(787) Pause Young (Allocation Failure) 1440M->85M(4092M) 0.677ms
[321.859s][info][gc,cpu         ] GC(787) User=0.00s Sys=0.00s Real=0.00s
[322.316s][info][gc,start       ] GC(788) Pause Young (Allocation Failure)
[322.316s][info][gc,heap        ] GC(788) PSYoungGen: 1391527K->974K(1393664K)
[322.317s][info][gc,heap        ] GC(788) ParOldGen: 85584K->85600K(2796544K)
[322.317s][info][gc,metaspace   ] GC(788) Metaspace: 20667K(21376K)->20667K(21376K) NonClass: 18259K(18688K)->18259K(18688K) Class: 2407K(2688K)->2407K(2688K)
[322.317s][info][gc             ] GC(788) Pause Young (Allocation Failure) 1442M->84M(4092M) 0.831ms
[322.317s][info][gc,cpu         ] GC(788) User=0.00s Sys=0.00s Real=0.00s
[322.790s][info][gc,start       ] GC(789) Pause Young (Allocation Failure)
[322.791s][info][gc,heap        ] GC(789) PSYoungGen: 1390542K->2104K(1393152K)
[322.791s][info][gc,heap        ] GC(789) ParOldGen: 85600K->85624K(2796544K)
[322.791s][info][gc,metaspace   ] GC(789) Metaspace: 20667K(21376K)->20667K(21376K) NonClass: 18259K(18688K)->18259K(18688K) Class: 2407K(2688K)->2407K(2688K)
[322.791s][info][gc             ] GC(789) Pause Young (Allocation Failure) 1441M->85M(4091M) 0.731ms
[322.791s][info][gc,cpu         ] GC(789) User=0.00s Sys=0.00s Real=0.00s
[323.255s][info][gc,start       ] GC(790) Pause Young (Allocation Failure)
[323.256s][info][gc,heap        ] GC(790) PSYoungGen: 1391672K->1758K(1393664K)
[323.256s][info][gc,heap        ] GC(790) ParOldGen: 85624K->85624K(2796544K)
[323.256s][info][gc,metaspace   ] GC(790) Metaspace: 20667K(21376K)->20667K(21376K) NonClass: 18259K(18688K)->18259K(18688K) Class: 2407K(2688K)->2407K(2688K)
[323.256s][info][gc             ] GC(790) Pause Young (Allocation Failure) 1442M->85M(4092M) 0.633ms
[323.256s][info][gc,cpu         ] GC(790) User=0.00s Sys=0.00s Real=0.00s
[323.722s][info][gc,start       ] GC(791) Pause Young (Allocation Failure)
[323.723s][info][gc,heap        ] GC(791) PSYoungGen: 1391326K->192K(1394176K)
[323.723s][info][gc,heap        ] GC(791) ParOldGen: 85624K->85664K(2796544K)
[323.723s][info][gc,metaspace   ] GC(791) Metaspace: 20667K(21376K)->20667K(21376K) NonClass: 18259K(18688K)->18259K(18688K) Class: 2407K(2688K)->2407K(2688K)
[323.723s][info][gc             ] GC(791) Pause Young (Allocation Failure) 1442M->83M(4092M) 0.453ms
[323.723s][info][gc,cpu         ] GC(791) User=0.00s Sys=0.00s Real=0.00s
[324.183s][info][gc,start       ] GC(792) Pause Young (Allocation Failure)
[324.184s][info][gc,heap        ] GC(792) PSYoungGen: 1390784K->1987K(1394176K)
[324.184s][info][gc,heap        ] GC(792) ParOldGen: 85664K->85664K(2796544K)
[324.184s][info][gc,metaspace   ] GC(792) Metaspace: 20667K(21376K)->20667K(21376K) NonClass: 18259K(18688K)->18259K(18688K) Class: 2407K(2688K)->2407K(2688K)
[324.184s][info][gc             ] GC(792) Pause Young (Allocation Failure) 1441M->85M(4092M) 0.860ms
[324.184s][info][gc,cpu         ] GC(792) User=0.00s Sys=0.00s Real=0.00s
[324.652s][info][gc,start       ] GC(793) Pause Young (Allocation Failure)
[324.653s][info][gc,heap        ] GC(793) PSYoungGen: 1392579K->926K(1394176K)
[324.653s][info][gc,heap        ] GC(793) ParOldGen: 85664K->85688K(2796544K)
[324.653s][info][gc,metaspace   ] GC(793) Metaspace: 20667K(21376K)->20667K(21376K) NonClass: 18259K(18688K)->18259K(18688K) Class: 2407K(2688K)->2407K(2688K)
[324.653s][info][gc             ] GC(793) Pause Young (Allocation Failure) 1443M->84M(4092M) 0.641ms
[324.653s][info][gc,cpu         ] GC(793) User=0.00s Sys=0.00s Real=0.00s
[324.767s][info][gc,start       ] GC(794) Pause Young (System.gc())
[324.768s][info][gc,heap        ] GC(794) PSYoungGen: 350156K->64K(1394176K)
[324.768s][info][gc,heap        ] GC(794) ParOldGen: 85688K->85688K(2796544K)
[324.768s][info][gc,metaspace   ] GC(794) Metaspace: 20667K(21376K)->20667K(21376K) NonClass: 18259K(18688K)->18259K(18688K) Class: 2407K(2688K)->2407K(2688K)
[324.768s][info][gc             ] GC(794) Pause Young (System.gc()) 425M->83M(4092M) 0.506ms
[324.768s][info][gc,cpu         ] GC(794) User=0.00s Sys=0.00s Real=0.00s
[324.768s][info][gc,start       ] GC(795) Pause Full (System.gc())
[324.768s][info][gc,phases,start] GC(795) Marking Phase
[324.821s][info][gc,phases      ] GC(795) Marking Phase 53.487ms
[324.821s][info][gc,phases,start] GC(795) Summary Phase
[324.821s][info][gc,phases      ] GC(795) Summary Phase 0.011ms
[324.821s][info][gc,phases,start] GC(795) Adjust Roots
[324.823s][info][gc,phases      ] GC(795) Adjust Roots 1.359ms
[324.823s][info][gc,phases,start] GC(795) Compaction Phase
[324.838s][info][gc,phases      ] GC(795) Compaction Phase 14.900ms
[324.838s][info][gc,phases,start] GC(795) Post Compact
[324.839s][info][gc,phases      ] GC(795) Post Compact 0.882ms
[324.839s][info][gc,heap        ] GC(795) PSYoungGen: 64K->0K(1394176K)
[324.839s][info][gc,heap        ] GC(795) ParOldGen: 85688K->85584K(2796544K)
[324.839s][info][gc,metaspace   ] GC(795) Metaspace: 20667K(21376K)->20667K(21376K) NonClass: 18259K(18688K)->18259K(18688K) Class: 2407K(2688K)->2407K(2688K)
[324.839s][info][gc             ] GC(795) Pause Full (System.gc()) 83M->83M(4092M) 70.931ms
[324.839s][info][gc,cpu         ] GC(795) User=0.28s Sys=0.00s Real=0.07s
[325.290s][info][gc,start       ] GC(796) Pause Young (Allocation Failure)
[325.292s][info][gc,heap        ] GC(796) PSYoungGen: 1390592K->2522K(1393152K)
[325.292s][info][gc,heap        ] GC(796) ParOldGen: 85584K->85584K(2796544K)
[325.292s][info][gc,metaspace   ] GC(796) Metaspace: 20669K(21376K)->20669K(21376K) NonClass: 18262K(18688K)->18262K(18688K) Class: 2407K(2688K)->2407K(2688K)
[325.292s][info][gc             ] GC(796) Pause Young (Allocation Failure) 1441M->86M(4091M) 1.186ms
[325.292s][info][gc,cpu         ] GC(796) User=0.00s Sys=0.00s Real=0.00s
[325.768s][info][gc,start       ] GC(797) Pause Young (Allocation Failure)
[325.768s][info][gc,heap        ] GC(797) PSYoungGen: 1392090K->1370K(1393664K)
[325.768s][info][gc,heap        ] GC(797) ParOldGen: 85584K->85600K(2796544K)
[325.769s][info][gc,metaspace   ] GC(797) Metaspace: 20669K(21376K)->20669K(21376K) NonClass: 18262K(18688K)->18262K(18688K) Class: 2407K(2688K)->2407K(2688K)
[325.769s][info][gc             ] GC(797) Pause Young (Allocation Failure) 1443M->84M(4092M) 0.599ms
[325.769s][info][gc,cpu         ] GC(797) User=0.00s Sys=0.00s Real=0.00s
[326.222s][info][gc,start       ] GC(798) Pause Young (Allocation Failure)
[326.222s][info][gc,heap        ] GC(798) PSYoungGen: 1390938K->480K(1394176K)
[326.222s][info][gc,heap        ] GC(798) ParOldGen: 85600K->85624K(2796544K)
[326.222s][info][gc,metaspace   ] GC(798) Metaspace: 20669K(21376K)->20669K(21376K) NonClass: 18262K(18688K)->18262K(18688K) Class: 2407K(2688K)->2407K(2688K)
[326.222s][info][gc             ] GC(798) Pause Young (Allocation Failure) 1441M->84M(4092M) 0.529ms
[326.222s][info][gc,cpu         ] GC(798) User=0.00s Sys=0.00s Real=0.00s
[326.722s][info][gc,start       ] GC(799) Pause Young (Allocation Failure)
[326.723s][info][gc,heap        ] GC(799) PSYoungGen: 1391072K->2537K(1393152K)
[326.723s][info][gc,heap        ] GC(799) ParOldGen: 85624K->85624K(2796544K)
[326.723s][info][gc,metaspace   ] GC(799) Metaspace: 20669K(21376K)->20669K(21376K) NonClass: 18262K(18688K)->18262K(18688K) Class: 2407K(2688K)->2407K(2688K)
[326.723s][info][gc             ] GC(799) Pause Young (Allocation Failure) 1442M->86M(4091M) 0.923ms
[326.723s][info][gc,cpu         ] GC(799) User=0.00s Sys=0.00s Real=0.00s
[327.181s][info][gc,start       ] GC(800) Pause Young (Allocation Failure)
[327.182s][info][gc,heap        ] GC(800) PSYoungGen: 1393129K->1622K(1394176K)
[327.182s][info][gc,heap        ] GC(800) ParOldGen: 85624K->85648K(2796544K)
[327.182s][info][gc,metaspace   ] GC(800) Metaspace: 20669K(21376K)->20669K(21376K) NonClass: 18262K(18688K)->18262K(18688K) Class: 2407K(2688K)->2407K(2688K)
[327.182s][info][gc             ] GC(800) Pause Young (Allocation Failure) 1444M->85M(4092M) 0.855ms
[327.182s][info][gc,cpu         ] GC(800) User=0.00s Sys=0.00s Real=0.00s
[327.648s][info][gc,start       ] GC(801) Pause Young (Allocation Failure)
[327.648s][info][gc,heap        ] GC(801) PSYoungGen: 1391702K->633K(1393664K)
[327.648s][info][gc,heap        ] GC(801) ParOldGen: 85648K->85648K(2796544K)
[327.648s][info][gc,metaspace   ] GC(801) Metaspace: 20669K(21376K)->20669K(21376K) NonClass: 18262K(18688K)->18262K(18688K) Class: 2407K(2688K)->2407K(2688K)
[327.649s][info][gc             ] GC(801) Pause Young (Allocation Failure) 1442M->84M(4092M) 0.528ms
[327.649s][info][gc,cpu         ] GC(801) User=0.00s Sys=0.00s Real=0.00s
[328.104s][info][gc,start       ] GC(802) Pause Young (Allocation Failure)
[328.105s][info][gc,heap        ] GC(802) PSYoungGen: 1390713K->2380K(1393152K)
[328.105s][info][gc,heap        ] GC(802) ParOldGen: 85648K->85664K(2796544K)
[328.105s][info][gc,metaspace   ] GC(802) Metaspace: 20669K(21376K)->20669K(21376K) NonClass: 18262K(18688K)->18262K(18688K) Class: 2407K(2688K)->2407K(2688K)
[328.105s][info][gc             ] GC(802) Pause Young (Allocation Failure) 1441M->85M(4091M) 1.104ms
[328.105s][info][gc,cpu         ] GC(802) User=0.00s Sys=0.00s Real=0.00s
[328.213s][info][gc,start       ] GC(803) Pause Young (System.gc())
[328.213s][info][gc,heap        ] GC(803) PSYoungGen: 325547K->64K(1393664K)
[328.213s][info][gc,heap        ] GC(803) ParOldGen: 85664K->85664K(2796544K)
[328.213s][info][gc,metaspace   ] GC(803) Metaspace: 20669K(21376K)->20669K(21376K) NonClass: 18262K(18688K)->18262K(18688K) Class: 2407K(2688K)->2407K(2688K)
[328.213s][info][gc             ] GC(803) Pause Young (System.gc()) 401M->83M(4092M) 0.393ms
[328.213s][info][gc,cpu         ] GC(803) User=0.00s Sys=0.00s Real=0.00s
[328.213s][info][gc,start       ] GC(804) Pause Full (System.gc())
[328.213s][info][gc,phases,start] GC(804) Marking Phase
[328.259s][info][gc,phases      ] GC(804) Marking Phase 45.990ms
[328.259s][info][gc,phases,start] GC(804) Summary Phase
[328.259s][info][gc,phases      ] GC(804) Summary Phase 0.024ms
[328.259s][info][gc,phases,start] GC(804) Adjust Roots
[328.261s][info][gc,phases      ] GC(804) Adjust Roots 1.829ms
[328.261s][info][gc,phases,start] GC(804) Compaction Phase
[328.274s][info][gc,phases      ] GC(804) Compaction Phase 12.591ms
[328.274s][info][gc,phases,start] GC(804) Post Compact
[328.275s][info][gc,phases      ] GC(804) Post Compact 1.066ms
[328.275s][info][gc,heap        ] GC(804) PSYoungGen: 64K->0K(1393664K)
[328.275s][info][gc,heap        ] GC(804) ParOldGen: 85664K->85584K(2796544K)
[328.275s][info][gc,metaspace   ] GC(804) Metaspace: 20669K(21376K)->20669K(21376K) NonClass: 18262K(18688K)->18262K(18688K) Class: 2407K(2688K)->2407K(2688K)
[328.275s][info][gc             ] GC(804) Pause Full (System.gc()) 83M->83M(4092M) 61.830ms
[328.275s][info][gc,cpu         ] GC(804) User=0.05s Sys=0.00s Real=0.06s
[328.743s][info][gc,start       ] GC(805) Pause Young (Allocation Failure)
[328.744s][info][gc,heap        ] GC(805) PSYoungGen: 1389568K->2309K(1393664K)
[328.744s][info][gc,heap        ] GC(805) ParOldGen: 85584K->85584K(2796544K)
[328.744s][info][gc,metaspace   ] GC(805) Metaspace: 20669K(21376K)->20669K(21376K) NonClass: 18262K(18688K)->18262K(18688K) Class: 2407K(2688K)->2407K(2688K)
[328.744s][info][gc             ] GC(805) Pause Young (Allocation Failure) 1440M->85M(4092M) 1.219ms
[328.744s][info][gc,cpu         ] GC(805) User=0.00s Sys=0.00s Real=0.00s
[329.211s][info][gc,start       ] GC(806) Pause Young (Allocation Failure)
[329.212s][info][gc,heap        ] GC(806) PSYoungGen: 1391877K->1555K(1393664K)
[329.212s][info][gc,heap        ] GC(806) ParOldGen: 85584K->85600K(2796544K)
[329.212s][info][gc,metaspace   ] GC(806) Metaspace: 20669K(21376K)->20669K(21376K) NonClass: 18262K(18688K)->18262K(18688K) Class: 2407K(2688K)->2407K(2688K)
[329.212s][info][gc             ] GC(806) Pause Young (Allocation Failure) 1442M->85M(4092M) 0.788ms
[329.212s][info][gc,cpu         ] GC(806) User=0.00s Sys=0.00s Real=0.00s
[329.673s][info][gc,start       ] GC(807) Pause Young (Allocation Failure)
[329.673s][info][gc,heap        ] GC(807) PSYoungGen: 1391123K->352K(1394176K)
[329.673s][info][gc,heap        ] GC(807) ParOldGen: 85600K->85624K(2796544K)
[329.673s][info][gc,metaspace   ] GC(807) Metaspace: 20669K(21376K)->20669K(21376K) NonClass: 18262K(18688K)->18262K(18688K) Class: 2407K(2688K)->2407K(2688K)
[329.673s][info][gc             ] GC(807) Pause Young (Allocation Failure) 1442M->83M(4092M) 0.709ms
[329.673s][info][gc,cpu         ] GC(807) User=0.00s Sys=0.00s Real=0.00s
[330.133s][info][gc,start       ] GC(808) Pause Young (Allocation Failure)
[330.134s][info][gc,heap        ] GC(808) PSYoungGen: 1390432K->2526K(1393664K)
[330.134s][info][gc,heap        ] GC(808) ParOldGen: 85624K->85624K(2796544K)
[330.134s][info][gc,metaspace   ] GC(808) Metaspace: 20670K(21376K)->20670K(21376K) NonClass: 18262K(18688K)->18262K(18688K) Class: 2407K(2688K)->2407K(2688K)
[330.134s][info][gc             ] GC(808) Pause Young (Allocation Failure) 1441M->86M(4092M) 0.898ms
[330.134s][info][gc,cpu         ] GC(808) User=0.00s Sys=0.00s Real=0.00s
[330.597s][info][gc,start       ] GC(809) Pause Young (Allocation Failure)
[330.598s][info][gc,heap        ] GC(809) PSYoungGen: 1392606K->1462K(1394176K)
[330.598s][info][gc,heap        ] GC(809) ParOldGen: 85624K->85648K(2796544K)
[330.598s][info][gc,metaspace   ] GC(809) Metaspace: 20670K(21376K)->20670K(21376K) NonClass: 18262K(18688K)->18262K(18688K) Class: 2407K(2688K)->2407K(2688K)
[330.598s][info][gc             ] GC(809) Pause Young (Allocation Failure) 1443M->85M(4092M) 0.771ms
[330.598s][info][gc,cpu         ] GC(809) User=0.00s Sys=0.00s Real=0.00s
[331.106s][info][gc,start       ] GC(810) Pause Young (Allocation Failure)
[331.107s][info][gc,heap        ] GC(810) PSYoungGen: 1391542K->440K(1393664K)
[331.107s][info][gc,heap        ] GC(810) ParOldGen: 85648K->85648K(2796544K)
[331.107s][info][gc,metaspace   ] GC(810) Metaspace: 20670K(21376K)->20670K(21376K) NonClass: 18262K(18688K)->18262K(18688K) Class: 2407K(2688K)->2407K(2688K)
[331.107s][info][gc             ] GC(810) Pause Young (Allocation Failure) 1442M->84M(4092M) 0.611ms
[331.107s][info][gc,cpu         ] GC(810) User=0.00s Sys=0.00s Real=0.00s
[331.563s][info][gc,start       ] GC(811) Pause Young (Allocation Failure)
[331.564s][info][gc,heap        ] GC(811) PSYoungGen: 1390520K->2614K(1393152K)
[331.564s][info][gc,heap        ] GC(811) ParOldGen: 85648K->85664K(2796544K)
[331.564s][info][gc,metaspace   ] GC(811) Metaspace: 20670K(21376K)->20670K(21376K) NonClass: 18262K(18688K)->18262K(18688K) Class: 2407K(2688K)->2407K(2688K)
[331.564s][info][gc             ] GC(811) Pause Young (Allocation Failure) 1441M->86M(4091M) 0.907ms
[331.564s][info][gc,cpu         ] GC(811) User=0.00s Sys=0.00s Real=0.00s
[331.669s][info][gc,start       ] GC(812) Pause Young (System.gc())
[331.670s][info][gc,heap        ] GC(812) PSYoungGen: 319849K->64K(1393664K)
[331.670s][info][gc,heap        ] GC(812) ParOldGen: 85664K->85664K(2796544K)
[331.670s][info][gc,metaspace   ] GC(812) Metaspace: 20670K(21376K)->20670K(21376K) NonClass: 18262K(18688K)->18262K(18688K) Class: 2407K(2688K)->2407K(2688K)
[331.670s][info][gc             ] GC(812) Pause Young (System.gc()) 396M->83M(4092M) 0.737ms
[331.670s][info][gc,cpu         ] GC(812) User=0.00s Sys=0.00s Real=0.00s
[331.670s][info][gc,start       ] GC(813) Pause Full (System.gc())
[331.670s][info][gc,phases,start] GC(813) Marking Phase
[331.716s][info][gc,phases      ] GC(813) Marking Phase 45.477ms
[331.716s][info][gc,phases,start] GC(813) Summary Phase
[331.716s][info][gc,phases      ] GC(813) Summary Phase 0.011ms
[331.716s][info][gc,phases,start] GC(813) Adjust Roots
[331.717s][info][gc,phases      ] GC(813) Adjust Roots 1.372ms
[331.717s][info][gc,phases,start] GC(813) Compaction Phase
[331.732s][info][gc,phases      ] GC(813) Compaction Phase 14.725ms
[331.732s][info][gc,phases,start] GC(813) Post Compact
[331.733s][info][gc,phases      ] GC(813) Post Compact 0.875ms
[331.733s][info][gc,heap        ] GC(813) PSYoungGen: 64K->0K(1393664K)
[331.733s][info][gc,heap        ] GC(813) ParOldGen: 85664K->85584K(2796544K)
[331.733s][info][gc,metaspace   ] GC(813) Metaspace: 20670K(21376K)->20670K(21376K) NonClass: 18262K(18688K)->18262K(18688K) Class: 2407K(2688K)->2407K(2688K)
[331.733s][info][gc             ] GC(813) Pause Full (System.gc()) 83M->83M(4092M) 62.744ms
[331.733s][info][gc,cpu         ] GC(813) User=0.06s Sys=0.00s Real=0.06s
[332.191s][info][gc,start       ] GC(814) Pause Young (Allocation Failure)
[332.192s][info][gc,heap        ] GC(814) PSYoungGen: 1389568K->2279K(1393664K)
[332.192s][info][gc,heap        ] GC(814) ParOldGen: 85584K->85584K(2796544K)
[332.192s][info][gc,metaspace   ] GC(814) Metaspace: 20670K(21376K)->20670K(21376K) NonClass: 18262K(18688K)->18262K(18688K) Class: 2407K(2688K)->2407K(2688K)
[332.192s][info][gc             ] GC(814) Pause Young (Allocation Failure) 1440M->85M(4092M) 0.868ms
[332.192s][info][gc,cpu         ] GC(814) User=0.00s Sys=0.00s Real=0.00s
[332.657s][info][gc,start       ] GC(815) Pause Young (Allocation Failure)
[332.658s][info][gc,heap        ] GC(815) PSYoungGen: 1391847K->1600K(1393664K)
[332.658s][info][gc,heap        ] GC(815) ParOldGen: 85584K->85600K(2796544K)
[332.658s][info][gc,metaspace   ] GC(815) Metaspace: 20670K(21376K)->20670K(21376K) NonClass: 18262K(18688K)->18262K(18688K) Class: 2407K(2688K)->2407K(2688K)
[332.658s][info][gc             ] GC(815) Pause Young (Allocation Failure) 1442M->85M(4092M) 0.633ms
[332.658s][info][gc,cpu         ] GC(815) User=0.00s Sys=0.00s Real=0.00s
[333.118s][info][gc,start       ] GC(816) Pause Young (Allocation Failure)
[333.119s][info][gc,heap        ] GC(816) PSYoungGen: 1391168K->352K(1393664K)
[333.119s][info][gc,heap        ] GC(816) ParOldGen: 85600K->85624K(2796544K)
[333.119s][info][gc,metaspace   ] GC(816) Metaspace: 20670K(21376K)->20670K(21376K) NonClass: 18262K(18688K)->18262K(18688K) Class: 2407K(2688K)->2407K(2688K)
[333.119s][info][gc             ] GC(816) Pause Young (Allocation Failure) 1442M->83M(4092M) 0.875ms
[333.119s][info][gc,cpu         ] GC(816) User=0.00s Sys=0.00s Real=0.00s
[333.581s][info][gc,start       ] GC(817) Pause Young (Allocation Failure)
[333.582s][info][gc,heap        ] GC(817) PSYoungGen: 1389920K->2721K(1393664K)
[333.582s][info][gc,heap        ] GC(817) ParOldGen: 85624K->85624K(2796544K)
[333.582s][info][gc,metaspace   ] GC(817) Metaspace: 20670K(21376K)->20670K(21376K) NonClass: 18262K(18688K)->18262K(18688K) Class: 2407K(2688K)->2407K(2688K)
[333.582s][info][gc             ] GC(817) Pause Young (Allocation Failure) 1440M->86M(4092M) 0.985ms
[333.582s][info][gc,cpu         ] GC(817) User=0.00s Sys=0.00s Real=0.00s
[334.041s][info][gc,start       ] GC(818) Pause Young (Allocation Failure)
[334.042s][info][gc,heap        ] GC(818) PSYoungGen: 1392289K->1525K(1393664K)
[334.042s][info][gc,heap        ] GC(818) ParOldGen: 85624K->85648K(2796544K)
[334.042s][info][gc,metaspace   ] GC(818) Metaspace: 20670K(21376K)->20670K(21376K) NonClass: 18262K(18688K)->18262K(18688K) Class: 2407K(2688K)->2407K(2688K)
[334.042s][info][gc             ] GC(818) Pause Young (Allocation Failure) 1443M->85M(4092M) 0.751ms
[334.042s][info][gc,cpu         ] GC(818) User=0.00s Sys=0.00s Real=0.00s
[334.510s][info][gc,start       ] GC(819) Pause Young (Allocation Failure)
[334.511s][info][gc,heap        ] GC(819) PSYoungGen: 1391093K->320K(1393664K)
[334.511s][info][gc,heap        ] GC(819) ParOldGen: 85648K->85648K(2796544K)
[334.511s][info][gc,metaspace   ] GC(819) Metaspace: 20670K(21376K)->20670K(21376K) NonClass: 18262K(18688K)->18262K(18688K) Class: 2407K(2688K)->2407K(2688K)
[334.511s][info][gc             ] GC(819) Pause Young (Allocation Failure) 1442M->83M(4092M) 0.531ms
[334.511s][info][gc,cpu         ] GC(819) User=0.00s Sys=0.00s Real=0.00s
[334.966s][info][gc,start       ] GC(820) Pause Young (Allocation Failure)
[334.967s][info][gc,heap        ] GC(820) PSYoungGen: 1389888K->2446K(1393664K)
[334.967s][info][gc,heap        ] GC(820) ParOldGen: 85648K->85672K(2796544K)
[334.967s][info][gc,metaspace   ] GC(820) Metaspace: 20670K(21376K)->20670K(21376K) NonClass: 18262K(18688K)->18262K(18688K) Class: 2407K(2688K)->2407K(2688K)
[334.967s][info][gc             ] GC(820) Pause Young (Allocation Failure) 1440M->86M(4092M) 1.035ms
[334.967s][info][gc,cpu         ] GC(820) User=0.00s Sys=0.00s Real=0.00s
[335.080s][info][gc,start       ] GC(821) Pause Young (System.gc())
[335.080s][info][gc,heap        ] GC(821) PSYoungGen: 322892K->96K(1393664K)
[335.080s][info][gc,heap        ] GC(821) ParOldGen: 85672K->85672K(2796544K)
[335.080s][info][gc,metaspace   ] GC(821) Metaspace: 20670K(21376K)->20670K(21376K) NonClass: 18262K(18688K)->18262K(18688K) Class: 2407K(2688K)->2407K(2688K)
[335.080s][info][gc             ] GC(821) Pause Young (System.gc()) 398M->83M(4092M) 0.458ms
[335.080s][info][gc,cpu         ] GC(821) User=0.00s Sys=0.00s Real=0.00s
[335.080s][info][gc,start       ] GC(822) Pause Full (System.gc())
[335.080s][info][gc,phases,start] GC(822) Marking Phase
[335.139s][info][gc,phases      ] GC(822) Marking Phase 58.582ms
[335.139s][info][gc,phases,start] GC(822) Summary Phase
[335.139s][info][gc,phases      ] GC(822) Summary Phase 0.011ms
[335.139s][info][gc,phases,start] GC(822) Adjust Roots
[335.140s][info][gc,phases      ] GC(822) Adjust Roots 1.371ms
[335.141s][info][gc,phases,start] GC(822) Compaction Phase
[335.154s][info][gc,phases      ] GC(822) Compaction Phase 13.425ms
[335.154s][info][gc,phases,start] GC(822) Post Compact
[335.155s][info][gc,phases      ] GC(822) Post Compact 0.847ms
[335.155s][info][gc,heap        ] GC(822) PSYoungGen: 96K->0K(1393664K)
[335.155s][info][gc,heap        ] GC(822) ParOldGen: 85672K->85584K(2796544K)
[335.155s][info][gc,metaspace   ] GC(822) Metaspace: 20670K(21376K)->20670K(21376K) NonClass: 18262K(18688K)->18262K(18688K) Class: 2407K(2688K)->2407K(2688K)
[335.155s][info][gc             ] GC(822) Pause Full (System.gc()) 83M->83M(4092M) 74.525ms
[335.155s][info][gc,cpu         ] GC(822) User=0.31s Sys=0.00s Real=0.08s
[335.616s][info][gc,start       ] GC(823) Pause Young (Allocation Failure)
[335.617s][info][gc,heap        ] GC(823) PSYoungGen: 1389568K->2326K(1393664K)
[335.617s][info][gc,heap        ] GC(823) ParOldGen: 85584K->85584K(2796544K)
[335.617s][info][gc,metaspace   ] GC(823) Metaspace: 20670K(21376K)->20670K(21376K) NonClass: 18262K(18688K)->18262K(18688K) Class: 2407K(2688K)->2407K(2688K)
[335.617s][info][gc             ] GC(823) Pause Young (Allocation Failure) 1440M->85M(4092M) 1.079ms
[335.617s][info][gc,cpu         ] GC(823) User=0.00s Sys=0.00s Real=0.00s
[336.073s][info][gc,start       ] GC(824) Pause Young (Allocation Failure)
[336.073s][info][gc,heap        ] GC(824) PSYoungGen: 1391894K->1391K(1393664K)
[336.074s][info][gc,heap        ] GC(824) ParOldGen: 85584K->85600K(2796544K)
[336.074s][info][gc,metaspace   ] GC(824) Metaspace: 20670K(21376K)->20670K(21376K) NonClass: 18262K(18688K)->18262K(18688K) Class: 2407K(2688K)->2407K(2688K)
[336.074s][info][gc             ] GC(824) Pause Young (Allocation Failure) 1442M->84M(4092M) 1.045ms
[336.074s][info][gc,cpu         ] GC(824) User=0.00s Sys=0.00s Real=0.00s
[336.543s][info][gc,start       ] GC(825) Pause Young (Allocation Failure)
[336.543s][info][gc,heap        ] GC(825) PSYoungGen: 1390959K->472K(1393664K)
[336.543s][info][gc,heap        ] GC(825) ParOldGen: 85600K->85624K(2796544K)
[336.543s][info][gc,metaspace   ] GC(825) Metaspace: 20670K(21376K)->20670K(21376K) NonClass: 18262K(18688K)->18262K(18688K) Class: 2407K(2688K)->2407K(2688K)
[336.543s][info][gc             ] GC(825) Pause Young (Allocation Failure) 1441M->84M(4092M) 0.513ms
[336.543s][info][gc,cpu         ] GC(825) User=0.00s Sys=0.00s Real=0.00s
[336.994s][info][gc,start       ] GC(826) Pause Young (Allocation Failure)
[336.994s][info][gc,heap        ] GC(826) PSYoungGen: 1390040K->2536K(1393664K)
[336.994s][info][gc,heap        ] GC(826) ParOldGen: 85624K->85624K(2796544K)
[336.994s][info][gc,metaspace   ] GC(826) Metaspace: 20670K(21376K)->20670K(21376K) NonClass: 18262K(18688K)->18262K(18688K) Class: 2407K(2688K)->2407K(2688K)
[336.994s][info][gc             ] GC(826) Pause Young (Allocation Failure) 1441M->86M(4092M) 0.926ms
[336.994s][info][gc,cpu         ] GC(826) User=0.00s Sys=0.00s Real=0.00s
[337.461s][info][gc,start       ] GC(827) Pause Young (Allocation Failure)
[337.462s][info][gc,heap        ] GC(827) PSYoungGen: 1392104K->1513K(1393664K)
[337.462s][info][gc,heap        ] GC(827) ParOldGen: 85624K->85648K(2796544K)
[337.462s][info][gc,metaspace   ] GC(827) Metaspace: 20670K(21376K)->20670K(21376K) NonClass: 18262K(18688K)->18262K(18688K) Class: 2407K(2688K)->2407K(2688K)
[337.462s][info][gc             ] GC(827) Pause Young (Allocation Failure) 1443M->85M(4092M) 0.989ms
[337.462s][info][gc,cpu         ] GC(827) User=0.00s Sys=0.00s Real=0.00s
[337.973s][info][gc,start       ] GC(828) Pause Young (Allocation Failure)
[337.973s][info][gc,heap        ] GC(828) PSYoungGen: 1391081K->553K(1393664K)
[337.973s][info][gc,heap        ] GC(828) ParOldGen: 85648K->85648K(2796544K)
[337.973s][info][gc,metaspace   ] GC(828) Metaspace: 20670K(21376K)->20670K(21376K) NonClass: 18262K(18688K)->18262K(18688K) Class: 2407K(2688K)->2407K(2688K)
[337.973s][info][gc             ] GC(828) Pause Young (Allocation Failure) 1442M->84M(4092M) 0.589ms
[337.973s][info][gc,cpu         ] GC(828) User=0.00s Sys=0.00s Real=0.00s
[338.427s][info][gc,start       ] GC(829) Pause Young (Allocation Failure)
[338.428s][info][gc,heap        ] GC(829) PSYoungGen: 1390121K->2559K(1393664K)
[338.428s][info][gc,heap        ] GC(829) ParOldGen: 85648K->85672K(2796544K)
[338.428s][info][gc,metaspace   ] GC(829) Metaspace: 20670K(21376K)->20670K(21376K) NonClass: 18262K(18688K)->18262K(18688K) Class: 2407K(2688K)->2407K(2688K)
[338.428s][info][gc             ] GC(829) Pause Young (Allocation Failure) 1441M->86M(4092M) 1.022ms
[338.428s][info][gc,cpu         ] GC(829) User=0.00s Sys=0.00s Real=0.00s
[338.541s][info][gc,start       ] GC(830) Pause Young (System.gc())
[338.541s][info][gc,heap        ] GC(830) PSYoungGen: 324534K->32K(1393664K)
[338.541s][info][gc,heap        ] GC(830) ParOldGen: 85672K->85672K(2796544K)
[338.541s][info][gc,metaspace   ] GC(830) Metaspace: 20670K(21376K)->20670K(21376K) NonClass: 18262K(18688K)->18262K(18688K) Class: 2407K(2688K)->2407K(2688K)
[338.541s][info][gc             ] GC(830) Pause Young (System.gc()) 400M->83M(4092M) 0.439ms
[338.541s][info][gc,cpu         ] GC(830) User=0.00s Sys=0.00s Real=0.00s
[338.542s][info][gc,start       ] GC(831) Pause Full (System.gc())
[338.542s][info][gc,phases,start] GC(831) Marking Phase
[338.589s][info][gc,phases      ] GC(831) Marking Phase 47.379ms
[338.589s][info][gc,phases,start] GC(831) Summary Phase
[338.589s][info][gc,phases      ] GC(831) Summary Phase 0.011ms
[338.589s][info][gc,phases,start] GC(831) Adjust Roots
[338.590s][info][gc,phases      ] GC(831) Adjust Roots 1.397ms
[338.590s][info][gc,phases,start] GC(831) Compaction Phase
[338.605s][info][gc,phases      ] GC(831) Compaction Phase 14.537ms
[338.605s][info][gc,phases,start] GC(831) Post Compact
[338.606s][info][gc,phases      ] GC(831) Post Compact 0.999ms
[338.606s][info][gc,heap        ] GC(831) PSYoungGen: 32K->0K(1393664K)
[338.606s][info][gc,heap        ] GC(831) ParOldGen: 85672K->85584K(2796544K)
[338.606s][info][gc,metaspace   ] GC(831) Metaspace: 20670K(21376K)->20670K(21376K) NonClass: 18262K(18688K)->18262K(18688K) Class: 2407K(2688K)->2407K(2688K)
[338.606s][info][gc             ] GC(831) Pause Full (System.gc()) 83M->83M(4092M) 64.622ms
[338.606s][info][gc,cpu         ] GC(831) User=0.08s Sys=0.00s Real=0.07s
[339.056s][info][gc,start       ] GC(832) Pause Young (Allocation Failure)
[339.057s][info][gc,heap        ] GC(832) PSYoungGen: 1389568K->2359K(1393664K)
[339.057s][info][gc,heap        ] GC(832) ParOldGen: 85584K->85584K(2796544K)
[339.057s][info][gc,metaspace   ] GC(832) Metaspace: 20670K(21376K)->20670K(21376K) NonClass: 18262K(18688K)->18262K(18688K) Class: 2407K(2688K)->2407K(2688K)
[339.057s][info][gc             ] GC(832) Pause Young (Allocation Failure) 1440M->85M(4092M) 0.801ms
[339.057s][info][gc,cpu         ] GC(832) User=0.00s Sys=0.00s Real=0.00s
[339.528s][info][gc,start       ] GC(833) Pause Young (Allocation Failure)
[339.529s][info][gc,heap        ] GC(833) PSYoungGen: 1391927K->901K(1393664K)
[339.529s][info][gc,heap        ] GC(833) ParOldGen: 85584K->85608K(2796544K)
[339.529s][info][gc,metaspace   ] GC(833) Metaspace: 20670K(21376K)->20670K(21376K) NonClass: 18262K(18688K)->18262K(18688K) Class: 2407K(2688K)->2407K(2688K)
[339.529s][info][gc             ] GC(833) Pause Young (Allocation Failure) 1442M->84M(4092M) 0.683ms
[339.529s][info][gc,cpu         ] GC(833) User=0.00s Sys=0.00s Real=0.00s
[339.984s][info][gc,start       ] GC(834) Pause Young (Allocation Failure)
[339.986s][info][gc,heap        ] GC(834) PSYoungGen: 1390469K->2292K(1393664K)
[339.986s][info][gc,heap        ] GC(834) ParOldGen: 85608K->85632K(2796544K)
[339.986s][info][gc,metaspace   ] GC(834) Metaspace: 20670K(21376K)->20670K(21376K) NonClass: 18262K(18688K)->18262K(18688K) Class: 2407K(2688K)->2407K(2688K)
[339.986s][info][gc             ] GC(834) Pause Young (Allocation Failure) 1441M->85M(4092M) 1.690ms
[339.986s][info][gc,cpu         ] GC(834) User=0.00s Sys=0.00s Real=0.00s
[340.479s][info][gc,start       ] GC(835) Pause Young (Allocation Failure)
[340.482s][info][gc,heap        ] GC(835) PSYoungGen: 1391860K->1722K(1393664K)
[340.482s][info][gc,heap        ] GC(835) ParOldGen: 85632K->85632K(2796544K)
[340.482s][info][gc,metaspace   ] GC(835) Metaspace: 20670K(21376K)->20670K(21376K) NonClass: 18262K(18688K)->18262K(18688K) Class: 2407K(2688K)->2407K(2688K)
[340.482s][info][gc             ] GC(835) Pause Young (Allocation Failure) 1442M->85M(4092M) 2.692ms
[340.482s][info][gc,cpu         ] GC(835) User=0.00s Sys=0.00s Real=0.00s
[340.969s][info][gc,start       ] GC(836) Pause Young (Allocation Failure)
[340.970s][info][gc,heap        ] GC(836) PSYoungGen: 1391290K->691K(1393664K)
[340.970s][info][gc,heap        ] GC(836) ParOldGen: 85632K->85648K(2796544K)
[340.970s][info][gc,metaspace   ] GC(836) Metaspace: 20670K(21376K)->20670K(21376K) NonClass: 18262K(18688K)->18262K(18688K) Class: 2407K(2688K)->2407K(2688K)
[340.970s][info][gc             ] GC(836) Pause Young (Allocation Failure) 1442M->84M(4092M) 0.760ms
[340.970s][info][gc,cpu         ] GC(836) User=0.00s Sys=0.00s Real=0.00s
[341.437s][info][gc,start       ] GC(837) Pause Young (Allocation Failure)
[341.439s][info][gc,heap        ] GC(837) PSYoungGen: 1390257K->2438K(1393664K)
[341.440s][info][gc,heap        ] GC(837) ParOldGen: 85648K->85648K(2796544K)
[341.440s][info][gc,metaspace   ] GC(837) Metaspace: 20670K(21376K)->20670K(21376K) NonClass: 18262K(18688K)->18262K(18688K) Class: 2407K(2688K)->2407K(2688K)
[341.440s][info][gc             ] GC(837) Pause Young (Allocation Failure) 1441M->86M(4092M) 2.185ms
[341.440s][info][gc,cpu         ] GC(837) User=0.00s Sys=0.00s Real=0.00s
[341.908s][info][gc,start       ] GC(838) Pause Young (Allocation Failure)
[341.909s][info][gc,heap        ] GC(838) PSYoungGen: 1392006K->2290K(1393664K)
[341.909s][info][gc,heap        ] GC(838) ParOldGen: 85648K->85672K(2796544K)
[341.909s][info][gc,metaspace   ] GC(838) Metaspace: 20670K(21376K)->20670K(21376K) NonClass: 18262K(18688K)->18262K(18688K) Class: 2407K(2688K)->2407K(2688K)
[341.909s][info][gc             ] GC(838) Pause Young (Allocation Failure) 1443M->85M(4092M) 0.712ms
[341.909s][info][gc,cpu         ] GC(838) User=0.00s Sys=0.00s Real=0.00s
[342.019s][info][gc,start       ] GC(839) Pause Young (System.gc())
[342.019s][info][gc,heap        ] GC(839) PSYoungGen: 336758K->64K(1393664K)
[342.019s][info][gc,heap        ] GC(839) ParOldGen: 85672K->85672K(2796544K)
[342.019s][info][gc,metaspace   ] GC(839) Metaspace: 20672K(21376K)->20672K(21376K) NonClass: 18264K(18688K)->18264K(18688K) Class: 2407K(2688K)->2407K(2688K)
[342.019s][info][gc             ] GC(839) Pause Young (System.gc()) 412M->83M(4092M) 0.481ms
[342.019s][info][gc,cpu         ] GC(839) User=0.00s Sys=0.00s Real=0.00s
[342.019s][info][gc,start       ] GC(840) Pause Full (System.gc())
[342.019s][info][gc,phases,start] GC(840) Marking Phase
[342.078s][info][gc,phases      ] GC(840) Marking Phase 58.705ms
[342.078s][info][gc,phases,start] GC(840) Summary Phase
[342.078s][info][gc,phases      ] GC(840) Summary Phase 0.012ms
[342.078s][info][gc,phases,start] GC(840) Adjust Roots
[342.079s][info][gc,phases      ] GC(840) Adjust Roots 1.403ms
[342.079s][info][gc,phases,start] GC(840) Compaction Phase
[342.093s][info][gc,phases      ] GC(840) Compaction Phase 13.257ms
[342.093s][info][gc,phases,start] GC(840) Post Compact
[342.094s][info][gc,phases      ] GC(840) Post Compact 0.796ms
[342.094s][info][gc,heap        ] GC(840) PSYoungGen: 64K->0K(1393664K)
[342.094s][info][gc,heap        ] GC(840) ParOldGen: 85672K->85584K(2796544K)
[342.094s][info][gc,metaspace   ] GC(840) Metaspace: 20672K(21376K)->20672K(21376K) NonClass: 18264K(18688K)->18264K(18688K) Class: 2407K(2688K)->2407K(2688K)
[342.094s][info][gc             ] GC(840) Pause Full (System.gc()) 83M->83M(4092M) 74.509ms
[342.094s][info][gc,cpu         ] GC(840) User=0.36s Sys=0.00s Real=0.07s
[342.564s][info][gc,start       ] GC(841) Pause Young (Allocation Failure)
[342.565s][info][gc,heap        ] GC(841) PSYoungGen: 1389568K->2199K(1393664K)
[342.565s][info][gc,heap        ] GC(841) ParOldGen: 85584K->85584K(2796544K)
[342.565s][info][gc,metaspace   ] GC(841) Metaspace: 20672K(21376K)->20672K(21376K) NonClass: 18264K(18688K)->18264K(18688K) Class: 2407K(2688K)->2407K(2688K)
[342.565s][info][gc             ] GC(841) Pause Young (Allocation Failure) 1440M->85M(4092M) 1.046ms
[342.565s][info][gc,cpu         ] GC(841) User=0.00s Sys=0.00s Real=0.00s
[343.019s][info][gc,start       ] GC(842) Pause Young (Allocation Failure)
[343.020s][info][gc,heap        ] GC(842) PSYoungGen: 1391767K->1650K(1393664K)
[343.020s][info][gc,heap        ] GC(842) ParOldGen: 85584K->85608K(2796544K)
[343.020s][info][gc,metaspace   ] GC(842) Metaspace: 20672K(21376K)->20672K(21376K) NonClass: 18264K(18688K)->18264K(18688K) Class: 2407K(2688K)->2407K(2688K)
[343.020s][info][gc             ] GC(842) Pause Young (Allocation Failure) 1442M->85M(4092M) 0.900ms
[343.020s][info][gc,cpu         ] GC(842) User=0.00s Sys=0.00s Real=0.00s
[343.505s][info][gc,start       ] GC(843) Pause Young (Allocation Failure)
[343.506s][info][gc,heap        ] GC(843) PSYoungGen: 1391218K->633K(1393664K)
[343.506s][info][gc,heap        ] GC(843) ParOldGen: 85608K->85632K(2796544K)
[343.506s][info][gc,metaspace   ] GC(843) Metaspace: 20672K(21376K)->20672K(21376K) NonClass: 18264K(18688K)->18264K(18688K) Class: 2407K(2688K)->2407K(2688K)
[343.506s][info][gc             ] GC(843) Pause Young (Allocation Failure) 1442M->84M(4092M) 0.655ms
[343.506s][info][gc,cpu         ] GC(843) User=0.00s Sys=0.00s Real=0.00s
[343.967s][info][gc,start       ] GC(844) Pause Young (Allocation Failure)
[343.968s][info][gc,heap        ] GC(844) PSYoungGen: 1390170K->2584K(1393664K)
[343.968s][info][gc,heap        ] GC(844) ParOldGen: 85632K->85632K(2796544K)
[343.968s][info][gc,metaspace   ] GC(844) Metaspace: 20672K(21376K)->20672K(21376K) NonClass: 18264K(18688K)->18264K(18688K) Class: 2407K(2688K)->2407K(2688K)
[343.968s][info][gc             ] GC(844) Pause Young (Allocation Failure) 1441M->86M(4092M) 1.319ms
[343.968s][info][gc,cpu         ] GC(844) User=0.00s Sys=0.00s Real=0.00s
[344.438s][info][gc,start       ] GC(845) Pause Young (Allocation Failure)
[344.439s][info][gc,heap        ] GC(845) PSYoungGen: 1392152K->1616K(1393664K)
[344.439s][info][gc,heap        ] GC(845) ParOldGen: 85632K->85656K(2796544K)
[344.439s][info][gc,metaspace   ] GC(845) Metaspace: 20672K(21376K)->20672K(21376K) NonClass: 18264K(18688K)->18264K(18688K) Class: 2407K(2688K)->2407K(2688K)
[344.439s][info][gc             ] GC(845) Pause Young (Allocation Failure) 1443M->85M(4092M) 0.728ms
[344.439s][info][gc,cpu         ] GC(845) User=0.00s Sys=0.00s Real=0.00s
[344.900s][info][gc,start       ] GC(846) Pause Young (Allocation Failure)
[344.901s][info][gc,heap        ] GC(846) PSYoungGen: 1391184K->672K(1393664K)
[344.901s][info][gc,heap        ] GC(846) ParOldGen: 85656K->85656K(2796544K)
[344.901s][info][gc,metaspace   ] GC(846) Metaspace: 20672K(21376K)->20672K(21376K) NonClass: 18264K(18688K)->18264K(18688K) Class: 2407K(2688K)->2407K(2688K)
[344.901s][info][gc             ] GC(846) Pause Young (Allocation Failure) 1442M->84M(4092M) 0.595ms
[344.901s][info][gc,cpu         ] GC(846) User=0.00s Sys=0.00s Real=0.00s
[345.352s][info][gc,start       ] GC(847) Pause Young (Allocation Failure)
[345.353s][info][gc,heap        ] GC(847) PSYoungGen: 1390240K->2446K(1393664K)
[345.353s][info][gc,heap        ] GC(847) ParOldGen: 85656K->85680K(2796544K)
[345.353s][info][gc,metaspace   ] GC(847) Metaspace: 20672K(21376K)->20672K(21376K) NonClass: 18264K(18688K)->18264K(18688K) Class: 2407K(2688K)->2407K(2688K)
[345.353s][info][gc             ] GC(847) Pause Young (Allocation Failure) 1441M->86M(4092M) 1.071ms
[345.353s][info][gc,cpu         ] GC(847) User=0.00s Sys=0.00s Real=0.00s
[345.467s][info][gc,start       ] GC(848) Pause Young (System.gc())
[345.467s][info][gc,heap        ] GC(848) PSYoungGen: 320587K->96K(1393664K)
[345.467s][info][gc,heap        ] GC(848) ParOldGen: 85680K->85680K(2796544K)
[345.467s][info][gc,metaspace   ] GC(848) Metaspace: 20672K(21376K)->20672K(21376K) NonClass: 18264K(18688K)->18264K(18688K) Class: 2407K(2688K)->2407K(2688K)
[345.467s][info][gc             ] GC(848) Pause Young (System.gc()) 396M->83M(4092M) 0.441ms
[345.467s][info][gc,cpu         ] GC(848) User=0.00s Sys=0.00s Real=0.00s
[345.467s][info][gc,start       ] GC(849) Pause Full (System.gc())
[345.467s][info][gc,phases,start] GC(849) Marking Phase
[345.531s][info][gc,phases      ] GC(849) Marking Phase 63.528ms
[345.531s][info][gc,phases,start] GC(849) Summary Phase
[345.531s][info][gc,phases      ] GC(849) Summary Phase 0.011ms
[345.531s][info][gc,phases,start] GC(849) Adjust Roots
[345.532s][info][gc,phases      ] GC(849) Adjust Roots 1.429ms
[345.532s][info][gc,phases,start] GC(849) Compaction Phase
[345.547s][info][gc,phases      ] GC(849) Compaction Phase 14.416ms
[345.547s][info][gc,phases,start] GC(849) Post Compact
[345.548s][info][gc,phases      ] GC(849) Post Compact 0.898ms
[345.548s][info][gc,heap        ] GC(849) PSYoungGen: 96K->0K(1393664K)
[345.548s][info][gc,heap        ] GC(849) ParOldGen: 85680K->85584K(2796544K)
[345.548s][info][gc,metaspace   ] GC(849) Metaspace: 20672K(21376K)->20672K(21376K) NonClass: 18264K(18688K)->18264K(18688K) Class: 2407K(2688K)->2407K(2688K)
[345.548s][info][gc             ] GC(849) Pause Full (System.gc()) 83M->83M(4092M) 80.584ms
[345.548s][info][gc,cpu         ] GC(849) User=0.17s Sys=0.00s Real=0.08s
[346.001s][info][gc,start       ] GC(850) Pause Young (Allocation Failure)
[346.002s][info][gc,heap        ] GC(850) PSYoungGen: 1389568K->2128K(1393664K)
[346.002s][info][gc,heap        ] GC(850) ParOldGen: 85584K->85584K(2796544K)
[346.002s][info][gc,metaspace   ] GC(850) Metaspace: 20672K(21376K)->20672K(21376K) NonClass: 18264K(18688K)->18264K(18688K) Class: 2407K(2688K)->2407K(2688K)
[346.002s][info][gc             ] GC(850) Pause Young (Allocation Failure) 1440M->85M(4092M) 0.873ms
[346.002s][info][gc,cpu         ] GC(850) User=0.00s Sys=0.00s Real=0.00s
[346.461s][info][gc,start       ] GC(851) Pause Young (Allocation Failure)
[346.462s][info][gc,heap        ] GC(851) PSYoungGen: 1391696K->838K(1393664K)
[346.462s][info][gc,heap        ] GC(851) ParOldGen: 85584K->85600K(2796544K)
[346.462s][info][gc,metaspace   ] GC(851) Metaspace: 20672K(21376K)->20672K(21376K) NonClass: 18264K(18688K)->18264K(18688K) Class: 2407K(2688K)->2407K(2688K)
[346.462s][info][gc             ] GC(851) Pause Young (Allocation Failure) 1442M->84M(4092M) 0.778ms
[346.462s][info][gc,cpu         ] GC(851) User=0.00s Sys=0.00s Real=0.00s
[346.925s][info][gc,start       ] GC(852) Pause Young (Allocation Failure)
[346.927s][info][gc,heap        ] GC(852) PSYoungGen: 1390303K->2701K(1393664K)
[346.927s][info][gc,heap        ] GC(852) ParOldGen: 85600K->85616K(2796544K)
[346.927s][info][gc,metaspace   ] GC(852) Metaspace: 20672K(21376K)->20672K(21376K) NonClass: 18264K(18688K)->18264K(18688K) Class: 2407K(2688K)->2407K(2688K)
[346.927s][info][gc             ] GC(852) Pause Young (Allocation Failure) 1441M->86M(4092M) 1.623ms
[346.927s][info][gc,cpu         ] GC(852) User=0.00s Sys=0.00s Real=0.00s
[347.382s][info][gc,start       ] GC(853) Pause Young (Allocation Failure)
[347.383s][info][gc,heap        ] GC(853) PSYoungGen: 1392269K->2132K(1393664K)
[347.383s][info][gc,heap        ] GC(853) ParOldGen: 85616K->85616K(2796544K)
[347.383s][info][gc,metaspace   ] GC(853) Metaspace: 20672K(21376K)->20672K(21376K) NonClass: 18264K(18688K)->18264K(18688K) Class: 2407K(2688K)->2407K(2688K)
[347.383s][info][gc             ] GC(853) Pause Young (Allocation Failure) 1443M->85M(4092M) 1.027ms
[347.383s][info][gc,cpu         ] GC(853) User=0.00s Sys=0.00s Real=0.00s
[347.859s][info][gc,start       ] GC(854) Pause Young (Allocation Failure)
[347.860s][info][gc,heap        ] GC(854) PSYoungGen: 1391700K->1081K(1393664K)
[347.860s][info][gc,heap        ] GC(854) ParOldGen: 85616K->85632K(2796544K)
[347.860s][info][gc,metaspace   ] GC(854) Metaspace: 20672K(21376K)->20672K(21376K) NonClass: 18264K(18688K)->18264K(18688K) Class: 2407K(2688K)->2407K(2688K)
[347.860s][info][gc             ] GC(854) Pause Young (Allocation Failure) 1442M->84M(4092M) 1.086ms
[347.860s][info][gc,cpu         ] GC(854) User=0.00s Sys=0.00s Real=0.00s
[348.322s][info][gc,start       ] GC(855) Pause Young (Allocation Failure)
[348.322s][info][gc,heap        ] GC(855) PSYoungGen: 1390649K->320K(1393664K)
[348.322s][info][gc,heap        ] GC(855) ParOldGen: 85632K->85632K(2796544K)
[348.322s][info][gc,metaspace   ] GC(855) Metaspace: 20672K(21376K)->20672K(21376K) NonClass: 18264K(18688K)->18264K(18688K) Class: 2407K(2688K)->2407K(2688K)
[348.322s][info][gc             ] GC(855) Pause Young (Allocation Failure) 1441M->83M(4092M) 0.491ms
[348.322s][info][gc,cpu         ] GC(855) User=0.00s Sys=0.00s Real=0.00s
[350.747s][info][gc,start       ] GC(856) Pause Young (Allocation Failure)
[350.752s][info][gc,heap        ] GC(856) PSYoungGen: 1389888K->2233K(1393664K)
[350.752s][info][gc,heap        ] GC(856) ParOldGen: 85632K->85656K(2796544K)
[350.753s][info][gc,metaspace   ] GC(856) Metaspace: 20672K(21376K)->20672K(21376K) NonClass: 18264K(18688K)->18264K(18688K) Class: 2407K(2688K)->2407K(2688K)
[350.753s][info][gc             ] GC(856) Pause Young (Allocation Failure) 1440M->85M(4092M) 6.032ms
[350.753s][info][gc,cpu         ] GC(856) User=0.02s Sys=0.00s Real=0.01s
[351.668s][info][gc,start       ] GC(857) Pause Young (System.gc())
[351.675s][info][gc,heap        ] GC(857) PSYoungGen: 336256K->32K(1393664K)
[351.675s][info][gc,heap        ] GC(857) ParOldGen: 85656K->85656K(2796544K)
[351.676s][info][gc,metaspace   ] GC(857) Metaspace: 20672K(21376K)->20672K(21376K) NonClass: 18264K(18688K)->18264K(18688K) Class: 2407K(2688K)->2407K(2688K)
[351.676s][info][gc             ] GC(857) Pause Young (System.gc()) 412M->83M(4092M) 7.978ms
[351.676s][info][gc,cpu         ] GC(857) User=0.00s Sys=0.00s Real=0.01s
[351.676s][info][gc,start       ] GC(858) Pause Full (System.gc())
[351.676s][info][gc,phases,start] GC(858) Marking Phase
[352.388s][info][gc,phases      ] GC(858) Marking Phase 711.711ms
[352.388s][info][gc,phases,start] GC(858) Summary Phase
[352.388s][info][gc,phases      ] GC(858) Summary Phase 0.108ms
[352.389s][info][gc,phases,start] GC(858) Adjust Roots
[352.400s][info][gc,phases      ] GC(858) Adjust Roots 11.421ms
[352.400s][info][gc,phases,start] GC(858) Compaction Phase
[352.696s][info][gc,phases      ] GC(858) Compaction Phase 295.718ms
[352.696s][info][gc,phases,start] GC(858) Post Compact
[352.699s][info][gc,phases      ] GC(858) Post Compact 3.197ms
[352.700s][info][gc,heap        ] GC(858) PSYoungGen: 32K->0K(1393664K)
[352.700s][info][gc,heap        ] GC(858) ParOldGen: 85656K->85584K(2796544K)
[352.700s][info][gc,metaspace   ] GC(858) Metaspace: 20672K(21376K)->20672K(21376K) NonClass: 18264K(18688K)->18264K(18688K) Class: 2407K(2688K)->2407K(2688K)
[352.700s][info][gc             ] GC(858) Pause Full (System.gc()) 83M->83M(4092M) 1024.046ms
[352.700s][info][gc,cpu         ] GC(858) User=2.53s Sys=0.09s Real=1.02s
[354.946s][info][gc,start       ] GC(859) Pause Young (Allocation Failure)
[354.947s][info][gc,heap        ] GC(859) PSYoungGen: 1389568K->2449K(1393664K)
[354.947s][info][gc,heap        ] GC(859) ParOldGen: 85584K->85584K(2796544K)
[354.947s][info][gc,metaspace   ] GC(859) Metaspace: 20672K(21376K)->20672K(21376K) NonClass: 18264K(18688K)->18264K(18688K) Class: 2407K(2688K)->2407K(2688K)
[354.947s][info][gc             ] GC(859) Pause Young (Allocation Failure) 1440M->85M(4092M) 0.994ms
[354.947s][info][gc,cpu         ] GC(859) User=0.00s Sys=0.00s Real=0.00s
[355.413s][info][gc,start       ] GC(860) Pause Young (Allocation Failure)
[355.413s][info][gc,heap        ] GC(860) PSYoungGen: 1392017K->1662K(1393664K)
[355.413s][info][gc,heap        ] GC(860) ParOldGen: 85584K->85600K(2796544K)
[355.413s][info][gc,metaspace   ] GC(860) Metaspace: 20672K(21376K)->20672K(21376K) NonClass: 18264K(18688K)->18264K(18688K) Class: 2407K(2688K)->2407K(2688K)
[355.413s][info][gc             ] GC(860) Pause Young (Allocation Failure) 1442M->85M(4092M) 0.637ms
[355.413s][info][gc,cpu         ] GC(860) User=0.00s Sys=0.00s Real=0.00s
[355.881s][info][gc,start       ] GC(861) Pause Young (Allocation Failure)
[355.882s][info][gc,heap        ] GC(861) PSYoungGen: 1391230K->384K(1393664K)
[355.882s][info][gc,heap        ] GC(861) ParOldGen: 85600K->85624K(2796544K)
[355.882s][info][gc,metaspace   ] GC(861) Metaspace: 20672K(21376K)->20672K(21376K) NonClass: 18264K(18688K)->18264K(18688K) Class: 2407K(2688K)->2407K(2688K)
[355.882s][info][gc             ] GC(861) Pause Young (Allocation Failure) 1442M->83M(4092M) 0.485ms
[355.882s][info][gc,cpu         ] GC(861) User=0.00s Sys=0.00s Real=0.00s
[356.348s][info][gc,start       ] GC(862) Pause Young (Allocation Failure)
[356.349s][info][gc,heap        ] GC(862) PSYoungGen: 1389952K->2511K(1393664K)
[356.349s][info][gc,heap        ] GC(862) ParOldGen: 85624K->85624K(2796544K)
[356.349s][info][gc,metaspace   ] GC(862) Metaspace: 20672K(21376K)->20672K(21376K) NonClass: 18264K(18688K)->18264K(18688K) Class: 2407K(2688K)->2407K(2688K)
[356.349s][info][gc             ] GC(862) Pause Young (Allocation Failure) 1440M->86M(4092M) 0.874ms
[356.349s][info][gc,cpu         ] GC(862) User=0.00s Sys=0.00s Real=0.00s
[356.811s][info][gc,start       ] GC(863) Pause Young (Allocation Failure)
[356.812s][info][gc,heap        ] GC(863) PSYoungGen: 1392079K->1583K(1393664K)
[356.812s][info][gc,heap        ] GC(863) ParOldGen: 85624K->85640K(2796544K)
[356.812s][info][gc,metaspace   ] GC(863) Metaspace: 20672K(21376K)->20672K(21376K) NonClass: 18264K(18688K)->18264K(18688K) Class: 2407K(2688K)->2407K(2688K)
[356.812s][info][gc             ] GC(863) Pause Young (Allocation Failure) 1443M->85M(4092M) 0.691ms
[356.812s][info][gc,cpu         ] GC(863) User=0.00s Sys=0.00s Real=0.00s
[357.269s][info][gc,start       ] GC(864) Pause Young (Allocation Failure)
[357.270s][info][gc,heap        ] GC(864) PSYoungGen: 1391151K->983K(1393664K)
[357.270s][info][gc,heap        ] GC(864) ParOldGen: 85640K->85640K(2796544K)
[357.270s][info][gc,metaspace   ] GC(864) Metaspace: 20676K(21376K)->20676K(21376K) NonClass: 18269K(18688K)->18269K(18688K) Class: 2407K(2688K)->2407K(2688K)
[357.270s][info][gc             ] GC(864) Pause Young (Allocation Failure) 1442M->84M(4092M) 0.797ms
[357.270s][info][gc,cpu         ] GC(864) User=0.00s Sys=0.00s Real=0.00s
[357.739s][info][gc,start       ] GC(865) Pause Young (Allocation Failure)
[357.740s][info][gc,heap        ] GC(865) PSYoungGen: 1390551K->192K(1393664K)
[357.740s][info][gc,heap        ] GC(865) ParOldGen: 85640K->85664K(2796544K)
[357.740s][info][gc,metaspace   ] GC(865) Metaspace: 20676K(21376K)->20676K(21376K) NonClass: 18269K(18688K)->18269K(18688K) Class: 2407K(2688K)->2407K(2688K)
[357.740s][info][gc             ] GC(865) Pause Young (Allocation Failure) 1441M->83M(4092M) 0.446ms
[357.740s][info][gc,cpu         ] GC(865) User=0.00s Sys=0.00s Real=0.00s
[357.842s][info][gc,start       ] GC(866) Pause Young (System.gc())
[357.842s][info][gc,heap        ] GC(866) PSYoungGen: 310200K->32K(1393664K)
[357.842s][info][gc,heap        ] GC(866) ParOldGen: 85664K->85664K(2796544K)
[357.842s][info][gc,metaspace   ] GC(866) Metaspace: 20678K(21376K)->20678K(21376K) NonClass: 18270K(18688K)->18270K(18688K) Class: 2407K(2688K)->2407K(2688K)
[357.842s][info][gc             ] GC(866) Pause Young (System.gc()) 386M->83M(4092M) 0.511ms
[357.842s][info][gc,cpu         ] GC(866) User=0.00s Sys=0.00s Real=0.00s
[357.842s][info][gc,start       ] GC(867) Pause Full (System.gc())
[357.842s][info][gc,phases,start] GC(867) Marking Phase
[357.897s][info][gc,phases      ] GC(867) Marking Phase 54.683ms
[357.897s][info][gc,phases,start] GC(867) Summary Phase
[357.897s][info][gc,phases      ] GC(867) Summary Phase 0.011ms
[357.897s][info][gc,phases,start] GC(867) Adjust Roots
[357.899s][info][gc,phases      ] GC(867) Adjust Roots 1.396ms
[357.899s][info][gc,phases,start] GC(867) Compaction Phase
[357.913s][info][gc,phases      ] GC(867) Compaction Phase 13.902ms
[357.913s][info][gc,phases,start] GC(867) Post Compact
[357.913s][info][gc,phases      ] GC(867) Post Compact 0.862ms
[357.914s][info][gc,heap        ] GC(867) PSYoungGen: 32K->0K(1393664K)
[357.914s][info][gc,heap        ] GC(867) ParOldGen: 85664K->85584K(2796544K)
[357.914s][info][gc,metaspace   ] GC(867) Metaspace: 20678K(21376K)->20678K(21376K) NonClass: 18270K(18688K)->18270K(18688K) Class: 2407K(2688K)->2407K(2688K)
[357.914s][info][gc             ] GC(867) Pause Full (System.gc()) 83M->83M(4092M) 71.139ms
[357.914s][info][gc,cpu         ] GC(867) User=0.28s Sys=0.00s Real=0.07s
[358.392s][info][gc,start       ] GC(868) Pause Young (Allocation Failure)
[358.393s][info][gc,heap        ] GC(868) PSYoungGen: 1389568K->2156K(1393664K)
[358.393s][info][gc,heap        ] GC(868) ParOldGen: 85584K->85584K(2796544K)
[358.393s][info][gc,metaspace   ] GC(868) Metaspace: 20685K(21376K)->20685K(21376K) NonClass: 18277K(18688K)->18277K(18688K) Class: 2407K(2688K)->2407K(2688K)
[358.393s][info][gc             ] GC(868) Pause Young (Allocation Failure) 1440M->85M(4092M) 0.808ms
[358.393s][info][gc,cpu         ] GC(868) User=0.00s Sys=0.00s Real=0.00s
[358.859s][info][gc,start       ] GC(869) Pause Young (Allocation Failure)
[358.859s][info][gc,heap        ] GC(869) PSYoungGen: 1391724K->1331K(1393664K)
[358.859s][info][gc,heap        ] GC(869) ParOldGen: 85584K->85600K(2796544K)
[358.859s][info][gc,metaspace   ] GC(869) Metaspace: 20685K(21376K)->20685K(21376K) NonClass: 18277K(18688K)->18277K(18688K) Class: 2407K(2688K)->2407K(2688K)
[358.859s][info][gc             ] GC(869) Pause Young (Allocation Failure) 1442M->84M(4092M) 0.673ms
[358.859s][info][gc,cpu         ] GC(869) User=0.00s Sys=0.00s Real=0.00s
[359.321s][info][gc,start       ] GC(870) Pause Young (Allocation Failure)
[359.322s][info][gc,heap        ] GC(870) PSYoungGen: 1390899K->256K(1394176K)
[359.322s][info][gc,heap        ] GC(870) ParOldGen: 85600K->85624K(2796544K)
[359.322s][info][gc,metaspace   ] GC(870) Metaspace: 20685K(21376K)->20685K(21376K) NonClass: 18277K(18688K)->18277K(18688K) Class: 2407K(2688K)->2407K(2688K)
[359.322s][info][gc             ] GC(870) Pause Young (Allocation Failure) 1441M->83M(4092M) 0.533ms
[359.322s][info][gc,cpu         ] GC(870) User=0.00s Sys=0.00s Real=0.00s
[359.798s][info][gc,start       ] GC(871) Pause Young (Allocation Failure)
[359.799s][info][gc,heap        ] GC(871) PSYoungGen: 1390840K->2678K(1393664K)
[359.799s][info][gc,heap        ] GC(871) ParOldGen: 85624K->85624K(2796544K)
[359.799s][info][gc,metaspace   ] GC(871) Metaspace: 20685K(21376K)->20685K(21376K) NonClass: 18277K(18688K)->18277K(18688K) Class: 2407K(2688K)->2407K(2688K)
[359.799s][info][gc             ] GC(871) Pause Young (Allocation Failure) 1441M->86M(4092M) 1.417ms
[359.799s][info][gc,cpu         ] GC(871) User=0.00s Sys=0.00s Real=0.00s
[360.261s][info][gc,start       ] GC(872) Pause Young (Allocation Failure)
[360.262s][info][gc,heap        ] GC(872) PSYoungGen: 1393270K->1553K(1393664K)
[360.262s][info][gc,heap        ] GC(872) ParOldGen: 85624K->85632K(2796544K)
[360.262s][info][gc,metaspace   ] GC(872) Metaspace: 20685K(21376K)->20685K(21376K) NonClass: 18277K(18688K)->18277K(18688K) Class: 2407K(2688K)->2407K(2688K)
[360.262s][info][gc             ] GC(872) Pause Young (Allocation Failure) 1444M->85M(4092M) 0.744ms
[360.262s][info][gc,cpu         ] GC(872) User=0.00s Sys=0.00s Real=0.00s
[360.734s][info][gc,start       ] GC(873) Pause Young (Allocation Failure)
[360.735s][info][gc,heap        ] GC(873) PSYoungGen: 1391121K->545K(1393664K)
[360.735s][info][gc,heap        ] GC(873) ParOldGen: 85632K->85632K(2796544K)
[360.735s][info][gc,metaspace   ] GC(873) Metaspace: 20685K(21376K)->20685K(21376K) NonClass: 18277K(18688K)->18277K(18688K) Class: 2407K(2688K)->2407K(2688K)
[360.735s][info][gc             ] GC(873) Pause Young (Allocation Failure) 1442M->84M(4092M) 0.705ms
[360.735s][info][gc,cpu         ] GC(873) User=0.00s Sys=0.00s Real=0.00s
[361.188s][info][gc,start       ] GC(874) Pause Young (Allocation Failure)
[361.189s][info][gc,heap        ] GC(874) PSYoungGen: 1390113K->2802K(1393152K)
[361.189s][info][gc,heap        ] GC(874) ParOldGen: 85632K->85648K(2796544K)
[361.189s][info][gc,metaspace   ] GC(874) Metaspace: 20685K(21376K)->20685K(21376K) NonClass: 18277K(18688K)->18277K(18688K) Class: 2407K(2688K)->2407K(2688K)
[361.189s][info][gc             ] GC(874) Pause Young (Allocation Failure) 1441M->86M(4091M) 1.260ms
[361.189s][info][gc,cpu         ] GC(874) User=0.00s Sys=0.00s Real=0.00s
[361.296s][info][gc,start       ] GC(875) Pause Young (System.gc())
[361.296s][info][gc,heap        ] GC(875) PSYoungGen: 320485K->64K(1393664K)
[361.296s][info][gc,heap        ] GC(875) ParOldGen: 85648K->85648K(2796544K)
[361.296s][info][gc,metaspace   ] GC(875) Metaspace: 20685K(21376K)->20685K(21376K) NonClass: 18277K(18688K)->18277K(18688K) Class: 2407K(2688K)->2407K(2688K)
[361.296s][info][gc             ] GC(875) Pause Young (System.gc()) 396M->83M(4092M) 0.681ms
[361.296s][info][gc,cpu         ] GC(875) User=0.00s Sys=0.00s Real=0.00s
[361.296s][info][gc,start       ] GC(876) Pause Full (System.gc())
[361.296s][info][gc,phases,start] GC(876) Marking Phase
[361.355s][info][gc,phases      ] GC(876) Marking Phase 58.130ms
[361.355s][info][gc,phases,start] GC(876) Summary Phase
[361.355s][info][gc,phases      ] GC(876) Summary Phase 0.011ms
[361.355s][info][gc,phases,start] GC(876) Adjust Roots
[361.356s][info][gc,phases      ] GC(876) Adjust Roots 1.386ms
[361.356s][info][gc,phases,start] GC(876) Compaction Phase
[361.372s][info][gc,phases      ] GC(876) Compaction Phase 15.649ms
[361.372s][info][gc,phases,start] GC(876) Post Compact
[361.373s][info][gc,phases      ] GC(876) Post Compact 1.046ms
[361.373s][info][gc,heap        ] GC(876) PSYoungGen: 64K->0K(1393664K)
[361.373s][info][gc,heap        ] GC(876) ParOldGen: 85648K->85584K(2796544K)
[361.373s][info][gc,metaspace   ] GC(876) Metaspace: 20685K(21376K)->20685K(21376K) NonClass: 18277K(18688K)->18277K(18688K) Class: 2407K(2688K)->2407K(2688K)
[361.373s][info][gc             ] GC(876) Pause Full (System.gc()) 83M->83M(4092M) 76.544ms
[361.373s][info][gc,cpu         ] GC(876) User=0.12s Sys=0.00s Real=0.08s
[361.841s][info][gc,start       ] GC(877) Pause Young (Allocation Failure)
[361.842s][info][gc,heap        ] GC(877) PSYoungGen: 1389568K->2200K(1393664K)
[361.842s][info][gc,heap        ] GC(877) ParOldGen: 85584K->85584K(2796544K)
[361.842s][info][gc,metaspace   ] GC(877) Metaspace: 20685K(21376K)->20685K(21376K) NonClass: 18277K(18688K)->18277K(18688K) Class: 2407K(2688K)->2407K(2688K)
[361.842s][info][gc             ] GC(877) Pause Young (Allocation Failure) 1440M->85M(4092M) 0.772ms
[361.842s][info][gc,cpu         ] GC(877) User=0.00s Sys=0.00s Real=0.00s
[362.309s][info][gc,start       ] GC(878) Pause Young (Allocation Failure)
[362.309s][info][gc,heap        ] GC(878) PSYoungGen: 1391768K->1152K(1393664K)
[362.309s][info][gc,heap        ] GC(878) ParOldGen: 85584K->85608K(2796544K)
[362.309s][info][gc,metaspace   ] GC(878) Metaspace: 20685K(21376K)->20685K(21376K) NonClass: 18277K(18688K)->18277K(18688K) Class: 2407K(2688K)->2407K(2688K)
[362.309s][info][gc             ] GC(878) Pause Young (Allocation Failure) 1442M->84M(4092M) 0.666ms
[362.309s][info][gc,cpu         ] GC(878) User=0.00s Sys=0.00s Real=0.00s
[362.779s][info][gc,start       ] GC(879) Pause Young (Allocation Failure)
[362.779s][info][gc,heap        ] GC(879) PSYoungGen: 1390720K->464K(1393664K)
[362.779s][info][gc,heap        ] GC(879) ParOldGen: 85608K->85624K(2796544K)
[362.779s][info][gc,metaspace   ] GC(879) Metaspace: 20685K(21376K)->20685K(21376K) NonClass: 18277K(18688K)->18277K(18688K) Class: 2407K(2688K)->2407K(2688K)
[362.779s][info][gc             ] GC(879) Pause Young (Allocation Failure) 1441M->84M(4092M) 0.604ms
[362.779s][info][gc,cpu         ] GC(879) User=0.00s Sys=0.00s Real=0.00s
[363.238s][info][gc,start       ] GC(880) Pause Young (Allocation Failure)
[363.239s][info][gc,heap        ] GC(880) PSYoungGen: 1390032K->2305K(1393664K)
[363.239s][info][gc,heap        ] GC(880) ParOldGen: 85624K->85624K(2796544K)
[363.239s][info][gc,metaspace   ] GC(880) Metaspace: 20685K(21376K)->20685K(21376K) NonClass: 18277K(18688K)->18277K(18688K) Class: 2407K(2688K)->2407K(2688K)
[363.239s][info][gc             ] GC(880) Pause Young (Allocation Failure) 1441M->85M(4092M) 1.126ms
[363.239s][info][gc,cpu         ] GC(880) User=0.00s Sys=0.00s Real=0.00s
[363.703s][info][gc,start       ] GC(881) Pause Young (Allocation Failure)
[363.704s][info][gc,heap        ] GC(881) PSYoungGen: 1391873K->1918K(1393664K)
[363.704s][info][gc,heap        ] GC(881) ParOldGen: 85624K->85648K(2796544K)
[363.704s][info][gc,metaspace   ] GC(881) Metaspace: 20685K(21376K)->20685K(21376K) NonClass: 18277K(18688K)->18277K(18688K) Class: 2407K(2688K)->2407K(2688K)
[363.704s][info][gc             ] GC(881) Pause Young (Allocation Failure) 1442M->85M(4092M) 0.778ms
[363.704s][info][gc,cpu         ] GC(881) User=0.00s Sys=0.00s Real=0.00s
[364.160s][info][gc,start       ] GC(882) Pause Young (Allocation Failure)
[364.160s][info][gc,heap        ] GC(882) PSYoungGen: 1391486K->416K(1393664K)
[364.160s][info][gc,heap        ] GC(882) ParOldGen: 85648K->85648K(2796544K)
[364.160s][info][gc,metaspace   ] GC(882) Metaspace: 20685K(21376K)->20685K(21376K) NonClass: 18277K(18688K)->18277K(18688K) Class: 2407K(2688K)->2407K(2688K)
[364.160s][info][gc             ] GC(882) Pause Young (Allocation Failure) 1442M->84M(4092M) 0.501ms
[364.160s][info][gc,cpu         ] GC(882) User=0.00s Sys=0.00s Real=0.00s
[364.631s][info][gc,start       ] GC(883) Pause Young (Allocation Failure)
[364.633s][info][gc,heap        ] GC(883) PSYoungGen: 1389984K->2731K(1393664K)
[364.644s][info][gc,heap        ] GC(883) ParOldGen: 85648K->85672K(2796544K)
[364.644s][info][gc,metaspace   ] GC(883) Metaspace: 20685K(21376K)->20685K(21376K) NonClass: 18277K(18688K)->18277K(18688K) Class: 2407K(2688K)->2407K(2688K)
[364.644s][info][gc             ] GC(883) Pause Young (Allocation Failure) 1441M->86M(4092M) 12.502ms
[364.644s][info][gc,cpu         ] GC(883) User=0.00s Sys=0.00s Real=0.01s
[364.756s][info][gc,start       ] GC(884) Pause Young (System.gc())
[364.757s][info][gc,heap        ] GC(884) PSYoungGen: 322722K->64K(1393664K)
[364.757s][info][gc,heap        ] GC(884) ParOldGen: 85672K->85672K(2796544K)
[364.757s][info][gc,metaspace   ] GC(884) Metaspace: 20685K(21376K)->20685K(21376K) NonClass: 18277K(18688K)->18277K(18688K) Class: 2407K(2688K)->2407K(2688K)
[364.757s][info][gc             ] GC(884) Pause Young (System.gc()) 398M->83M(4092M) 0.451ms
[364.757s][info][gc,cpu         ] GC(884) User=0.00s Sys=0.00s Real=0.00s
[364.757s][info][gc,start       ] GC(885) Pause Full (System.gc())
[364.757s][info][gc,phases,start] GC(885) Marking Phase
[364.815s][info][gc,phases      ] GC(885) Marking Phase 58.186ms
[364.815s][info][gc,phases,start] GC(885) Summary Phase
[364.815s][info][gc,phases      ] GC(885) Summary Phase 0.011ms
[364.815s][info][gc,phases,start] GC(885) Adjust Roots
[364.817s][info][gc,phases      ] GC(885) Adjust Roots 1.380ms
[364.817s][info][gc,phases,start] GC(885) Compaction Phase
[364.830s][info][gc,phases      ] GC(885) Compaction Phase 13.002ms
[364.830s][info][gc,phases,start] GC(885) Post Compact
[364.830s][info][gc,phases      ] GC(885) Post Compact 0.787ms
[364.830s][info][gc,heap        ] GC(885) PSYoungGen: 64K->0K(1393664K)
[364.830s][info][gc,heap        ] GC(885) ParOldGen: 85672K->85584K(2796544K)
[364.831s][info][gc,metaspace   ] GC(885) Metaspace: 20685K(21376K)->20685K(21376K) NonClass: 18277K(18688K)->18277K(18688K) Class: 2407K(2688K)->2407K(2688K)
[364.831s][info][gc             ] GC(885) Pause Full (System.gc()) 83M->83M(4092M) 73.658ms
[364.831s][info][gc,cpu         ] GC(885) User=0.30s Sys=0.00s Real=0.07s
[365.284s][info][gc,start       ] GC(886) Pause Young (Allocation Failure)
[365.285s][info][gc,heap        ] GC(886) PSYoungGen: 1389568K->1898K(1393664K)
[365.285s][info][gc,heap        ] GC(886) ParOldGen: 85584K->85584K(2796544K)
[365.285s][info][gc,metaspace   ] GC(886) Metaspace: 20685K(21376K)->20685K(21376K) NonClass: 18277K(18688K)->18277K(18688K) Class: 2407K(2688K)->2407K(2688K)
[365.285s][info][gc             ] GC(886) Pause Young (Allocation Failure) 1440M->85M(4092M) 1.232ms
[365.285s][info][gc,cpu         ] GC(886) User=0.00s Sys=0.00s Real=0.00s
[365.751s][info][gc,start       ] GC(887) Pause Young (Allocation Failure)
[365.752s][info][gc,heap        ] GC(887) PSYoungGen: 1391466K->1143K(1393664K)
[365.752s][info][gc,heap        ] GC(887) ParOldGen: 85584K->85608K(2796544K)
[365.752s][info][gc,metaspace   ] GC(887) Metaspace: 20685K(21376K)->20685K(21376K) NonClass: 18277K(18688K)->18277K(18688K) Class: 2407K(2688K)->2407K(2688K)
[365.752s][info][gc             ] GC(887) Pause Young (Allocation Failure) 1442M->84M(4092M) 0.696ms
[365.752s][info][gc,cpu         ] GC(887) User=0.00s Sys=0.00s Real=0.00s
[366.214s][info][gc,start       ] GC(888) Pause Young (Allocation Failure)
[366.215s][info][gc,heap        ] GC(888) PSYoungGen: 1390711K->320K(1393664K)
[366.215s][info][gc,heap        ] GC(888) ParOldGen: 85608K->85632K(2796544K)
[366.215s][info][gc,metaspace   ] GC(888) Metaspace: 20685K(21376K)->20685K(21376K) NonClass: 18277K(18688K)->18277K(18688K) Class: 2407K(2688K)->2407K(2688K)
[366.215s][info][gc             ] GC(888) Pause Young (Allocation Failure) 1441M->83M(4092M) 0.493ms
[366.215s][info][gc,cpu         ] GC(888) User=0.00s Sys=0.00s Real=0.00s
[366.672s][info][gc,start       ] GC(889) Pause Young (Allocation Failure)
[366.673s][info][gc,heap        ] GC(889) PSYoungGen: 1389888K->1942K(1393664K)
[366.673s][info][gc,heap        ] GC(889) ParOldGen: 85632K->85632K(2796544K)
[366.673s][info][gc,metaspace   ] GC(889) Metaspace: 20685K(21376K)->20685K(21376K) NonClass: 18277K(18688K)->18277K(18688K) Class: 2407K(2688K)->2407K(2688K)
[366.673s][info][gc             ] GC(889) Pause Young (Allocation Failure) 1440M->85M(4092M) 0.742ms
[366.673s][info][gc,cpu         ] GC(889) User=0.00s Sys=0.00s Real=0.00s
[367.135s][info][gc,start       ] GC(890) Pause Young (Allocation Failure)
[367.135s][info][gc,heap        ] GC(890) PSYoungGen: 1391510K->1393K(1394176K)
[367.135s][info][gc,heap        ] GC(890) ParOldGen: 85632K->85656K(2796544K)
[367.135s][info][gc,metaspace   ] GC(890) Metaspace: 20685K(21376K)->20685K(21376K) NonClass: 18277K(18688K)->18277K(18688K) Class: 2407K(2688K)->2407K(2688K)
[367.136s][info][gc             ] GC(890) Pause Young (Allocation Failure) 1442M->85M(4092M) 0.697ms
[367.136s][info][gc,cpu         ] GC(890) User=0.00s Sys=0.00s Real=0.00s
[367.598s][info][gc,start       ] GC(891) Pause Young (Allocation Failure)
[367.599s][info][gc,heap        ] GC(891) PSYoungGen: 1391473K->2145K(1393664K)
[367.599s][info][gc,heap        ] GC(891) ParOldGen: 85656K->85656K(2796544K)
[367.599s][info][gc,metaspace   ] GC(891) Metaspace: 20685K(21376K)->20685K(21376K) NonClass: 18277K(18688K)->18277K(18688K) Class: 2407K(2688K)->2407K(2688K)
[367.599s][info][gc             ] GC(891) Pause Young (Allocation Failure) 1442M->85M(4092M) 1.356ms
[367.599s][info][gc,cpu         ] GC(891) User=0.00s Sys=0.00s Real=0.00s
[368.051s][info][gc,start       ] GC(892) Pause Young (Allocation Failure)
[368.051s][info][gc,heap        ] GC(892) PSYoungGen: 1392225K->2048K(1394176K)
[368.051s][info][gc,heap        ] GC(892) ParOldGen: 85656K->85680K(2796544K)
[368.051s][info][gc,metaspace   ] GC(892) Metaspace: 20685K(21376K)->20685K(21376K) NonClass: 18277K(18688K)->18277K(18688K) Class: 2407K(2688K)->2407K(2688K)
[368.052s][info][gc             ] GC(892) Pause Young (Allocation Failure) 1443M->85M(4092M) 0.774ms
[368.052s][info][gc,cpu         ] GC(892) User=0.00s Sys=0.00s Real=0.00s
[368.159s][info][gc,start       ] GC(893) Pause Young (System.gc())
[368.160s][info][gc,heap        ] GC(893) PSYoungGen: 332937K->64K(1391104K)
[368.160s][info][gc,heap        ] GC(893) ParOldGen: 85680K->85680K(2796544K)
[368.160s][info][gc,metaspace   ] GC(893) Metaspace: 20685K(21376K)->20685K(21376K) NonClass: 18277K(18688K)->18277K(18688K) Class: 2407K(2688K)->2407K(2688K)
[368.160s][info][gc             ] GC(893) Pause Young (System.gc()) 408M->83M(4089M) 0.759ms
[368.160s][info][gc,cpu         ] GC(893) User=0.00s Sys=0.00s Real=0.00s
[368.160s][info][gc,start       ] GC(894) Pause Full (System.gc())
[368.160s][info][gc,phases,start] GC(894) Marking Phase
[368.208s][info][gc,phases      ] GC(894) Marking Phase 48.342ms
[368.208s][info][gc,phases,start] GC(894) Summary Phase
[368.208s][info][gc,phases      ] GC(894) Summary Phase 0.022ms
[368.208s][info][gc,phases,start] GC(894) Adjust Roots
[368.210s][info][gc,phases      ] GC(894) Adjust Roots 1.967ms
[368.210s][info][gc,phases,start] GC(894) Compaction Phase
[368.224s][info][gc,phases      ] GC(894) Compaction Phase 13.590ms
[368.224s][info][gc,phases,start] GC(894) Post Compact
[368.225s][info][gc,phases      ] GC(894) Post Compact 1.067ms
[368.225s][info][gc,heap        ] GC(894) PSYoungGen: 64K->0K(1391104K)
[368.225s][info][gc,heap        ] GC(894) ParOldGen: 85680K->85584K(2796544K)
[368.225s][info][gc,metaspace   ] GC(894) Metaspace: 20685K(21376K)->20685K(21376K) NonClass: 18277K(18688K)->18277K(18688K) Class: 2407K(2688K)->2407K(2688K)
[368.225s][info][gc             ] GC(894) Pause Full (System.gc()) 83M->83M(4089M) 65.412ms
[368.225s][info][gc,cpu         ] GC(894) User=0.12s Sys=0.00s Real=0.07s
[368.697s][info][gc,start       ] GC(895) Pause Young (Allocation Failure)
[368.698s][info][gc,heap        ] GC(895) PSYoungGen: 1390592K->2160K(1393664K)
[368.698s][info][gc,heap        ] GC(895) ParOldGen: 85584K->85584K(2796544K)
[368.698s][info][gc,metaspace   ] GC(895) Metaspace: 20685K(21376K)->20685K(21376K) NonClass: 18277K(18688K)->18277K(18688K) Class: 2407K(2688K)->2407K(2688K)
[368.698s][info][gc             ] GC(895) Pause Young (Allocation Failure) 1441M->85M(4092M) 0.938ms
[368.698s][info][gc,cpu         ] GC(895) User=0.00s Sys=0.00s Real=0.00s
[369.164s][info][gc,start       ] GC(896) Pause Young (Allocation Failure)
[369.164s][info][gc,heap        ] GC(896) PSYoungGen: 1391728K->1685K(1393664K)
[369.164s][info][gc,heap        ] GC(896) ParOldGen: 85584K->85600K(2796544K)
[369.164s][info][gc,metaspace   ] GC(896) Metaspace: 20685K(21376K)->20685K(21376K) NonClass: 18277K(18688K)->18277K(18688K) Class: 2407K(2688K)->2407K(2688K)
[369.164s][info][gc             ] GC(896) Pause Young (Allocation Failure) 1442M->85M(4092M) 0.742ms
[369.164s][info][gc,cpu         ] GC(896) User=0.00s Sys=0.00s Real=0.00s
[369.650s][info][gc,start       ] GC(897) Pause Young (Allocation Failure)
[369.650s][info][gc,heap        ] GC(897) PSYoungGen: 1391253K->894K(1394176K)
[369.650s][info][gc,heap        ] GC(897) ParOldGen: 85600K->85616K(2796544K)
[369.650s][info][gc,metaspace   ] GC(897) Metaspace: 20685K(21376K)->20685K(21376K) NonClass: 18277K(18688K)->18277K(18688K) Class: 2407K(2688K)->2407K(2688K)
[369.650s][info][gc             ] GC(897) Pause Young (Allocation Failure) 1442M->84M(4092M) 0.609ms
[369.650s][info][gc,cpu         ] GC(897) User=0.00s Sys=0.00s Real=0.00s
[370.114s][info][gc,start       ] GC(898) Pause Young (Allocation Failure)
[370.116s][info][gc,heap        ] GC(898) PSYoungGen: 1391486K->2731K(1393664K)
[370.116s][info][gc,heap        ] GC(898) ParOldGen: 85616K->85616K(2796544K)
[370.116s][info][gc,metaspace   ] GC(898) Metaspace: 20685K(21376K)->20685K(21376K) NonClass: 18277K(18688K)->18277K(18688K) Class: 2407K(2688K)->2407K(2688K)
[370.116s][info][gc             ] GC(898) Pause Young (Allocation Failure) 1442M->86M(4092M) 1.278ms
[370.116s][info][gc,cpu         ] GC(898) User=0.00s Sys=0.00s Real=0.00s
[370.595s][info][gc,start       ] GC(899) Pause Young (Allocation Failure)
[370.596s][info][gc,heap        ] GC(899) PSYoungGen: 1393323K->1697K(1394176K)
[370.596s][info][gc,heap        ] GC(899) ParOldGen: 85616K->85640K(2796544K)
[370.596s][info][gc,metaspace   ] GC(899) Metaspace: 20685K(21376K)->20685K(21376K) NonClass: 18277K(18688K)->18277K(18688K) Class: 2407K(2688K)->2407K(2688K)
[370.596s][info][gc             ] GC(899) Pause Young (Allocation Failure) 1444M->85M(4092M) 0.794ms
[370.596s][info][gc,cpu         ] GC(899) User=0.00s Sys=0.00s Real=0.00s
[371.072s][info][gc,start       ] GC(900) Pause Young (Allocation Failure)
[371.073s][info][gc,heap        ] GC(900) PSYoungGen: 1391777K->972K(1393664K)
[371.073s][info][gc,heap        ] GC(900) ParOldGen: 85640K->85640K(2796544K)
[371.073s][info][gc,metaspace   ] GC(900) Metaspace: 20685K(21376K)->20685K(21376K) NonClass: 18277K(18688K)->18277K(18688K) Class: 2407K(2688K)->2407K(2688K)
[371.073s][info][gc             ] GC(900) Pause Young (Allocation Failure) 1442M->84M(4092M) 0.730ms
[371.073s][info][gc,cpu         ] GC(900) User=0.00s Sys=0.00s Real=0.00s
[371.549s][info][gc,start       ] GC(901) Pause Young (Allocation Failure)
[371.550s][info][gc,heap        ] GC(901) PSYoungGen: 1391052K->2731K(1393152K)
[371.550s][info][gc,heap        ] GC(901) ParOldGen: 85640K->85664K(2796544K)
[371.550s][info][gc,metaspace   ] GC(901) Metaspace: 20685K(21376K)->20685K(21376K) NonClass: 18277K(18688K)->18277K(18688K) Class: 2407K(2688K)->2407K(2688K)
[371.550s][info][gc             ] GC(901) Pause Young (Allocation Failure) 1442M->86M(4091M) 1.282ms
[371.550s][info][gc,cpu         ] GC(901) User=0.00s Sys=0.00s Real=0.00s
[371.667s][info][gc,heap,exit   ] Heap
[371.667s][info][gc,heap,exit   ]  PSYoungGen      total 1393152K, used 328366K [0x00000007aab00000, 0x0000000800000000, 0x0000000800000000)
[371.667s][info][gc,heap,exit   ]   eden space 1389568K, 23% used [0x00000007aab00000,0x00000007be900c10,0x00000007ff800000)
[371.667s][info][gc,heap,exit   ]   from space 3584K, 76% used [0x00000007ffc80000,0x00000007fff2ac20,0x0000000800000000)
[371.667s][info][gc,heap,exit   ]   to   space 4096K, 0% used [0x00000007ff800000,0x00000007ff800000,0x00000007ffc00000)
[371.667s][info][gc,heap,exit   ]  ParOldGen       total 2796544K, used 85664K [0x0000000700000000, 0x00000007aab00000, 0x00000007aab00000)
[371.667s][info][gc,heap,exit   ]   object space 2796544K, 3% used [0x0000000700000000,0x00000007053a81f8,0x00000007aab00000)
[371.667s][info][gc,heap,exit   ]  Metaspace       used 20760K, capacity 21299K, committed 21632K, reserved 1069056K
[371.667s][info][gc,heap,exit   ]   class space    used 2418K, capacity 2618K, committed 2688K, reserved 1048576K
