[0.014s][info][gc] Using Parallel
[0.015s][info][gc,heap,coops] Heap address: 0x0000000080000000, size: 2048 MB, Compressed Oops mode: 32-bit
[1.266s][info][gc,start     ] GC(0) Pause Young (System.gc())
[1.312s][info][gc,heap      ] GC(0) PSYoungGen: 242858K->84023K(611840K)
[1.313s][info][gc,heap      ] GC(0) ParOldGen: 0K->16K(1398272K)
[1.313s][info][gc,metaspace ] GC(0) Metaspace: 17338K(18048K)->17338K(18048K) NonClass: 15353K(15872K)->15353K(15872K) Class: 1985K(2176K)->1985K(2176K)
[1.313s][info][gc           ] GC(0) Pause Young (System.gc()) 237M->82M(1963M) 46.716ms
[1.323s][info][gc,cpu       ] GC(0) User=0.08s Sys=0.05s Real=0.06s
[1.324s][info][gc,start     ] GC(1) Pause Full (System.gc())
[1.324s][info][gc,phases,start] GC(1) Marking Phase
[1.391s][info][gc,phases      ] GC(1) Marking Phase 67.867ms
[1.391s][info][gc,phases,start] GC(1) Summary Phase
[1.391s][info][gc,phases      ] GC(1) Summary Phase 0.016ms
[1.392s][info][gc,phases,start] GC(1) Adjust Roots
[1.395s][info][gc,phases      ] GC(1) Adjust Roots 3.237ms
[1.395s][info][gc,phases,start] GC(1) Compaction Phase
[1.461s][info][gc,phases      ] GC(1) Compaction Phase 66.566ms
[1.461s][info][gc,phases,start] GC(1) Post Compact
[1.462s][info][gc,phases      ] GC(1) Post Compact 0.761ms
[1.462s][info][gc,heap        ] GC(1) PSYoungGen: 84023K->0K(611840K)
[1.462s][info][gc,heap        ] GC(1) ParOldGen: 16K->83879K(1398272K)
[1.462s][info][gc,metaspace   ] GC(1) Metaspace: 17338K(18048K)->17338K(18048K) NonClass: 15353K(15872K)->15353K(15872K) Class: 1985K(2176K)->1985K(2176K)
[1.462s][info][gc             ] GC(1) Pause Full (System.gc()) 82M->81M(1963M) 138.813ms
[1.462s][info][gc,cpu         ] GC(1) User=0.38s Sys=0.00s Real=0.14s
[1.974s][info][gc,start       ] GC(2) Pause Young (Allocation Failure)
[1.976s][info][gc,heap        ] GC(2) PSYoungGen: 524800K->3088K(611840K)
[1.976s][info][gc,heap        ] GC(2) ParOldGen: 83879K->83887K(1398272K)
[1.976s][info][gc,metaspace   ] GC(2) Metaspace: 20458K(21120K)->20458K(21120K) NonClass: 18040K(18432K)->18040K(18432K) Class: 2418K(2688K)->2418K(2688K)
[1.976s][info][gc             ] GC(2) Pause Young (Allocation Failure) 594M->84M(1963M) 2.100ms
[1.976s][info][gc,cpu         ] GC(2) User=0.00s Sys=0.00s Real=0.00s
[2.241s][info][gc,start       ] GC(3) Pause Young (Allocation Failure)
[2.242s][info][gc,heap        ] GC(3) PSYoungGen: 527888K->3410K(611840K)
[2.242s][info][gc,heap        ] GC(3) ParOldGen: 83887K->83895K(1398272K)
[2.242s][info][gc,metaspace   ] GC(3) Metaspace: 20467K(21120K)->20467K(21120K) NonClass: 18048K(18432K)->18048K(18432K) Class: 2418K(2688K)->2418K(2688K)
[2.242s][info][gc             ] GC(3) Pause Young (Allocation Failure) 597M->85M(1963M) 1.243ms
[2.242s][info][gc,cpu         ] GC(3) User=0.02s Sys=0.00s Real=0.00s
[2.515s][info][gc,start       ] GC(4) Pause Young (Allocation Failure)
[2.517s][info][gc,heap        ] GC(4) PSYoungGen: 528210K->1629K(611840K)
[2.517s][info][gc,heap        ] GC(4) ParOldGen: 83895K->83903K(1398272K)
[2.517s][info][gc,metaspace   ] GC(4) Metaspace: 20467K(21120K)->20467K(21120K) NonClass: 18049K(18432K)->18049K(18432K) Class: 2418K(2688K)->2418K(2688K)
[2.517s][info][gc             ] GC(4) Pause Young (Allocation Failure) 597M->83M(1963M) 2.421ms
[2.517s][info][gc,cpu         ] GC(4) User=0.00s Sys=0.00s Real=0.00s
[2.717s][info][gc,start       ] GC(5) Pause Young (Allocation Failure)
[2.719s][info][gc,heap        ] GC(5) PSYoungGen: 526429K->2803K(611840K)
[2.720s][info][gc,heap        ] GC(5) ParOldGen: 83903K->83911K(1398272K)
[2.720s][info][gc,metaspace   ] GC(5) Metaspace: 20470K(21120K)->20470K(21120K) NonClass: 18051K(18432K)->18051K(18432K) Class: 2418K(2688K)->2418K(2688K)
[2.720s][info][gc             ] GC(5) Pause Young (Allocation Failure) 596M->84M(1963M) 2.096ms
[2.720s][info][gc,cpu         ] GC(5) User=0.00s Sys=0.00s Real=0.00s
[2.896s][info][gc,start       ] GC(6) Pause Young (Allocation Failure)
[2.897s][info][gc,heap        ] GC(6) PSYoungGen: 527603K->3177K(622592K)
[2.897s][info][gc,heap        ] GC(6) ParOldGen: 83911K->83919K(1398272K)
[2.897s][info][gc,metaspace   ] GC(6) Metaspace: 20471K(21120K)->20471K(21120K) NonClass: 18053K(18432K)->18053K(18432K) Class: 2418K(2688K)->2418K(2688K)
[2.897s][info][gc             ] GC(6) Pause Young (Allocation Failure) 597M->85M(1973M) 1.013ms
[2.897s][info][gc,cpu         ] GC(6) User=0.00s Sys=0.00s Real=0.00s
[3.081s][info][gc,start       ] GC(7) Pause Young (Allocation Failure)
[3.082s][info][gc,heap        ] GC(7) PSYoungGen: 538729K->1773K(611840K)
[3.082s][info][gc,heap        ] GC(7) ParOldGen: 83919K->83927K(1398272K)
[3.082s][info][gc,metaspace   ] GC(7) Metaspace: 20483K(21120K)->20483K(21120K) NonClass: 18064K(18432K)->18064K(18432K) Class: 2418K(2688K)->2418K(2688K)
[3.082s][info][gc             ] GC(7) Pause Young (Allocation Failure) 608M->83M(1963M) 1.180ms
[3.082s][info][gc,cpu         ] GC(7) User=0.00s Sys=0.00s Real=0.00s
[3.257s][info][gc,start       ] GC(8) Pause Young (Allocation Failure)
[3.258s][info][gc,heap        ] GC(8) PSYoungGen: 537325K->2276K(632320K)
[3.258s][info][gc,heap        ] GC(8) ParOldGen: 83927K->85408K(1398272K)
[3.258s][info][gc,metaspace   ] GC(8) Metaspace: 20484K(21120K)->20484K(21120K) NonClass: 18065K(18432K)->18065K(18432K) Class: 2418K(2688K)->2418K(2688K)
[3.258s][info][gc             ] GC(8) Pause Young (Allocation Failure) 606M->85M(1983M) 1.332ms
[3.258s][info][gc,cpu         ] GC(8) User=0.00s Sys=0.00s Real=0.00s
[3.455s][info][gc,start       ] GC(9) Pause Young (Allocation Failure)
[3.456s][info][gc,heap        ] GC(9) PSYoungGen: 563428K->2330K(627712K)
[3.456s][info][gc,heap        ] GC(9) ParOldGen: 85408K->85408K(1398272K)
[3.456s][info][gc,metaspace   ] GC(9) Metaspace: 20484K(21120K)->20484K(21120K) NonClass: 18066K(18432K)->18066K(18432K) Class: 2418K(2688K)->2418K(2688K)
[3.456s][info][gc             ] GC(9) Pause Young (Allocation Failure) 633M->85M(1978M) 1.219ms
[3.456s][info][gc,cpu         ] GC(9) User=0.00s Sys=0.00s Real=0.00s
[3.647s][info][gc,start       ] GC(10) Pause Young (Allocation Failure)
[3.648s][info][gc,heap        ] GC(10) PSYoungGen: 563482K->160K(638976K)
[3.648s][info][gc,heap        ] GC(10) ParOldGen: 85408K->85496K(1398272K)
[3.648s][info][gc,metaspace   ] GC(10) Metaspace: 20484K(21120K)->20484K(21120K) NonClass: 18066K(18432K)->18066K(18432K) Class: 2418K(2688K)->2418K(2688K)
[3.648s][info][gc             ] GC(10) Pause Young (Allocation Failure) 633M->83M(1989M) 0.962ms
[3.648s][info][gc,cpu         ] GC(10) User=0.00s Sys=0.00s Real=0.00s
[3.838s][info][gc,start       ] GC(11) Pause Young (Allocation Failure)
[3.838s][info][gc,heap        ] GC(11) PSYoungGen: 576160K->1459K(635904K)
[3.838s][info][gc,heap        ] GC(11) ParOldGen: 85496K->85496K(1398272K)
[3.838s][info][gc,metaspace   ] GC(11) Metaspace: 20484K(21120K)->20484K(21120K) NonClass: 18066K(18432K)->18066K(18432K) Class: 2418K(2688K)->2418K(2688K)
[3.838s][info][gc             ] GC(11) Pause Young (Allocation Failure) 646M->84M(1986M) 0.822ms
[3.838s][info][gc,cpu         ] GC(11) User=0.00s Sys=0.00s Real=0.00s
[4.026s][info][gc,start       ] GC(12) Pause Young (Allocation Failure)
[4.027s][info][gc,heap        ] GC(12) PSYoungGen: 577425K->3379K(646144K)
[4.027s][info][gc,heap        ] GC(12) ParOldGen: 85496K->85560K(1398272K)
[4.027s][info][gc,metaspace   ] GC(12) Metaspace: 20484K(21120K)->20484K(21120K) NonClass: 18066K(18432K)->18066K(18432K) Class: 2418K(2688K)->2418K(2688K)
[4.027s][info][gc             ] GC(12) Pause Young (Allocation Failure) 647M->86M(1996M) 1.551ms
[4.027s][info][gc,cpu         ] GC(12) User=0.00s Sys=0.00s Real=0.00s
[4.225s][info][gc,start       ] GC(13) Pause Young (Allocation Failure)
[4.226s][info][gc,heap        ] GC(13) PSYoungGen: 593203K->2084K(642560K)
[4.226s][info][gc,heap        ] GC(13) ParOldGen: 85560K->85656K(1398272K)
[4.226s][info][gc,metaspace   ] GC(13) Metaspace: 20486K(21120K)->20486K(21120K) NonClass: 18067K(18432K)->18067K(18432K) Class: 2418K(2688K)->2418K(2688K)
[4.226s][info][gc             ] GC(13) Pause Young (Allocation Failure) 662M->85M(1993M) 0.862ms
[4.226s][info][gc,cpu         ] GC(13) User=0.00s Sys=0.00s Real=0.00s
[4.426s][info][gc,start       ] GC(14) Pause Young (Allocation Failure)
[4.427s][info][gc,heap        ] GC(14) PSYoungGen: 591908K->1586K(652288K)
[4.427s][info][gc,heap        ] GC(14) ParOldGen: 85656K->85656K(1398272K)
[4.427s][info][gc,metaspace   ] GC(14) Metaspace: 20486K(21120K)->20486K(21120K) NonClass: 18067K(18432K)->18067K(18432K) Class: 2418K(2688K)->2418K(2688K)
[4.427s][info][gc             ] GC(14) Pause Young (Allocation Failure) 661M->85M(2002M) 0.949ms
[4.427s][info][gc,cpu         ] GC(14) User=0.00s Sys=0.00s Real=0.00s
[4.630s][info][gc,start       ] GC(15) Pause Young (Allocation Failure)
[4.631s][info][gc,heap        ] GC(15) PSYoungGen: 604210K->1355K(649216K)
[4.631s][info][gc,heap        ] GC(15) ParOldGen: 85656K->85656K(1398272K)
[4.631s][info][gc,metaspace   ] GC(15) Metaspace: 20486K(21120K)->20486K(21120K) NonClass: 18067K(18432K)->18067K(18432K) Class: 2418K(2688K)->2418K(2688K)
[4.631s][info][gc             ] GC(15) Pause Young (Allocation Failure) 673M->84M(1999M) 1.294ms
[4.631s][info][gc,cpu         ] GC(15) User=0.00s Sys=0.00s Real=0.00s
[4.829s][info][gc,start       ] GC(16) Pause Young (Allocation Failure)
[4.829s][info][gc,heap        ] GC(16) PSYoungGen: 603979K->1282K(657408K)
[4.829s][info][gc,heap        ] GC(16) ParOldGen: 85656K->85680K(1398272K)
[4.829s][info][gc,metaspace   ] GC(16) Metaspace: 20486K(21120K)->20486K(21120K) NonClass: 18067K(18432K)->18067K(18432K) Class: 2418K(2688K)->2418K(2688K)
[4.829s][info][gc             ] GC(16) Pause Young (Allocation Failure) 673M->84M(2007M) 0.770ms
[4.829s][info][gc,cpu         ] GC(16) User=0.00s Sys=0.00s Real=0.00s
[5.035s][info][gc,start       ] GC(17) Pause Young (Allocation Failure)
[5.036s][info][gc,heap        ] GC(17) PSYoungGen: 614658K->1718K(654848K)
[5.036s][info][gc,heap        ] GC(17) ParOldGen: 85680K->85680K(1398272K)
[5.036s][info][gc,metaspace   ] GC(17) Metaspace: 20486K(21120K)->20486K(21120K) NonClass: 18067K(18432K)->18067K(18432K) Class: 2418K(2688K)->2418K(2688K)
[5.036s][info][gc             ] GC(17) Pause Young (Allocation Failure) 683M->85M(2005M) 1.051ms
[5.036s][info][gc,cpu         ] GC(17) User=0.00s Sys=0.00s Real=0.00s
[5.244s][info][gc,start       ] GC(18) Pause Young (Allocation Failure)
[5.245s][info][gc,heap        ] GC(18) PSYoungGen: 615094K->2462K(663040K)
[5.245s][info][gc,heap        ] GC(18) ParOldGen: 85680K->85680K(1398272K)
[5.245s][info][gc,metaspace   ] GC(18) Metaspace: 20486K(21120K)->20486K(21120K) NonClass: 18067K(18432K)->18067K(18432K) Class: 2418K(2688K)->2418K(2688K)
[5.245s][info][gc             ] GC(18) Pause Young (Allocation Failure) 684M->86M(2013M) 1.379ms
[5.245s][info][gc,cpu         ] GC(18) User=0.00s Sys=0.00s Real=0.00s
[5.445s][info][gc,start       ] GC(19) Pause Young (System.gc())
[5.446s][info][gc,heap        ] GC(19) PSYoungGen: 566166K->160K(660480K)
[5.446s][info][gc,heap        ] GC(19) ParOldGen: 85680K->85680K(1398272K)
[5.446s][info][gc,metaspace   ] GC(19) Metaspace: 20516K(21120K)->20516K(21120K) NonClass: 18094K(18432K)->18094K(18432K) Class: 2421K(2688K)->2421K(2688K)
[5.446s][info][gc             ] GC(19) Pause Young (System.gc()) 636M->83M(2010M) 0.485ms
[5.446s][info][gc,cpu         ] GC(19) User=0.00s Sys=0.00s Real=0.00s
[5.446s][info][gc,start       ] GC(20) Pause Full (System.gc())
[5.446s][info][gc,phases,start] GC(20) Marking Phase
[5.497s][info][gc,phases      ] GC(20) Marking Phase 50.938ms
[5.497s][info][gc,phases,start] GC(20) Summary Phase
[5.497s][info][gc,phases      ] GC(20) Summary Phase 0.011ms
[5.497s][info][gc,phases,start] GC(20) Adjust Roots
[5.500s][info][gc,phases      ] GC(20) Adjust Roots 3.014ms
[5.500s][info][gc,phases,start] GC(20) Compaction Phase
[5.564s][info][gc,phases      ] GC(20) Compaction Phase 64.053ms
[5.564s][info][gc,phases,start] GC(20) Post Compact
[5.565s][info][gc,phases      ] GC(20) Post Compact 0.719ms
[5.565s][info][gc,heap        ] GC(20) PSYoungGen: 160K->0K(660480K)
[5.565s][info][gc,heap        ] GC(20) ParOldGen: 85680K->85453K(1398272K)
[5.565s][info][gc,metaspace   ] GC(20) Metaspace: 20516K(21120K)->20478K(21120K) NonClass: 18094K(18432K)->18069K(18432K) Class: 2421K(2688K)->2408K(2688K)
[5.565s][info][gc             ] GC(20) Pause Full (System.gc()) 83M->83M(2010M) 119.085ms
[5.565s][info][gc,cpu         ] GC(20) User=0.17s Sys=0.00s Real=0.12s
[5.782s][info][gc,start       ] GC(21) Pause Young (Allocation Failure)
[5.783s][info][gc,heap        ] GC(21) PSYoungGen: 624640K->1385K(667136K)
[5.783s][info][gc,heap        ] GC(21) ParOldGen: 85453K->85453K(1398272K)
[5.783s][info][gc,metaspace   ] GC(21) Metaspace: 20478K(21120K)->20478K(21120K) NonClass: 18070K(18432K)->18070K(18432K) Class: 2408K(2688K)->2408K(2688K)
[5.783s][info][gc             ] GC(21) Pause Young (Allocation Failure) 693M->84M(2017M) 1.141ms
[5.783s][info][gc,cpu         ] GC(21) User=0.00s Sys=0.00s Real=0.00s
[6.002s][info][gc,start       ] GC(22) Pause Young (Allocation Failure)
[6.003s][info][gc,heap        ] GC(22) PSYoungGen: 634729K->192K(665088K)
[6.003s][info][gc,heap        ] GC(22) ParOldGen: 85453K->85485K(1398272K)
[6.003s][info][gc,metaspace   ] GC(22) Metaspace: 20478K(21120K)->20478K(21120K) NonClass: 18070K(18432K)->18070K(18432K) Class: 2408K(2688K)->2408K(2688K)
[6.003s][info][gc             ] GC(22) Pause Young (Allocation Failure) 703M->83M(2015M) 0.435ms
[6.003s][info][gc,cpu         ] GC(22) User=0.00s Sys=0.00s Real=0.00s
[6.210s][info][gc,start       ] GC(23) Pause Young (Allocation Failure)
[6.211s][info][gc,heap        ] GC(23) PSYoungGen: 633536K->2171K(671232K)
[6.211s][info][gc,heap        ] GC(23) ParOldGen: 85485K->85485K(1398272K)
[6.211s][info][gc,metaspace   ] GC(23) Metaspace: 20479K(21120K)->20479K(21120K) NonClass: 18071K(18432K)->18071K(18432K) Class: 2408K(2688K)->2408K(2688K)
[6.211s][info][gc             ] GC(23) Pause Young (Allocation Failure) 702M->85M(2021M) 1.025ms
[6.211s][info][gc,cpu         ] GC(23) User=0.00s Sys=0.00s Real=0.00s
[6.438s][info][gc,start       ] GC(24) Pause Young (Allocation Failure)
[6.439s][info][gc,heap        ] GC(24) PSYoungGen: 643707K->1644K(669184K)
[6.439s][info][gc,heap        ] GC(24) ParOldGen: 85485K->85485K(1398272K)
[6.439s][info][gc,metaspace   ] GC(24) Metaspace: 20480K(21120K)->20480K(21120K) NonClass: 18072K(18432K)->18072K(18432K) Class: 2408K(2688K)->2408K(2688K)
[6.439s][info][gc             ] GC(24) Pause Young (Allocation Failure) 712M->85M(2019M) 0.850ms
[6.439s][info][gc,cpu         ] GC(24) User=0.00s Sys=0.00s Real=0.00s
[6.656s][info][gc,start       ] GC(25) Pause Young (Allocation Failure)
[6.657s][info][gc,heap        ] GC(25) PSYoungGen: 643180K->994K(674816K)
[6.657s][info][gc,heap        ] GC(25) ParOldGen: 85485K->85509K(1398272K)
[6.657s][info][gc,metaspace   ] GC(25) Metaspace: 20481K(21120K)->20481K(21120K) NonClass: 18073K(18432K)->18073K(18432K) Class: 2408K(2688K)->2408K(2688K)
[6.657s][info][gc             ] GC(25) Pause Young (Allocation Failure) 711M->84M(2024M) 0.689ms
[6.657s][info][gc,cpu         ] GC(25) User=0.00s Sys=0.00s Real=0.00s
[6.878s][info][gc,start       ] GC(26) Pause Young (Allocation Failure)
[6.878s][info][gc,heap        ] GC(26) PSYoungGen: 650210K->601K(673280K)
[6.878s][info][gc,heap        ] GC(26) ParOldGen: 85509K->85509K(1398272K)
[6.878s][info][gc,metaspace   ] GC(26) Metaspace: 20481K(21120K)->20481K(21120K) NonClass: 18073K(18432K)->18073K(18432K) Class: 2408K(2688K)->2408K(2688K)
[6.878s][info][gc             ] GC(26) Pause Young (Allocation Failure) 718M->84M(2023M) 0.508ms
[6.878s][info][gc,cpu         ] GC(26) User=0.00s Sys=0.00s Real=0.00s
[7.106s][info][gc,start       ] GC(27) Pause Young (Allocation Failure)
[7.106s][info][gc,heap        ] GC(27) PSYoungGen: 649817K->416K(677888K)
[7.106s][info][gc,heap        ] GC(27) ParOldGen: 85509K->85509K(1398272K)
[7.106s][info][gc,metaspace   ] GC(27) Metaspace: 20481K(21120K)->20481K(21120K) NonClass: 18073K(18432K)->18073K(18432K) Class: 2408K(2688K)->2408K(2688K)
[7.106s][info][gc             ] GC(27) Pause Young (Allocation Failure) 718M->83M(2027M) 0.612ms
[7.106s][info][gc,cpu         ] GC(27) User=0.00s Sys=0.00s Real=0.00s
[7.321s][info][gc,start       ] GC(28) Pause Young (Allocation Failure)
[7.322s][info][gc,heap        ] GC(28) PSYoungGen: 655776K->513K(676352K)
[7.322s][info][gc,heap        ] GC(28) ParOldGen: 85509K->85509K(1398272K)
[7.322s][info][gc,metaspace   ] GC(28) Metaspace: 20481K(21120K)->20481K(21120K) NonClass: 18073K(18432K)->18073K(18432K) Class: 2408K(2688K)->2408K(2688K)
[7.322s][info][gc             ] GC(28) Pause Young (Allocation Failure) 723M->84M(2026M) 1.144ms
[7.322s][info][gc,cpu         ] GC(28) User=0.00s Sys=0.00s Real=0.00s
[7.545s][info][gc,start       ] GC(29) Pause Young (Allocation Failure)
[7.546s][info][gc,heap        ] GC(29) PSYoungGen: 655873K->633K(680448K)
[7.546s][info][gc,heap        ] GC(29) ParOldGen: 85509K->85525K(1398272K)
[7.546s][info][gc,metaspace   ] GC(29) Metaspace: 20481K(21120K)->20481K(21120K) NonClass: 18073K(18432K)->18073K(18432K) Class: 2408K(2688K)->2408K(2688K)
[7.546s][info][gc             ] GC(29) Pause Young (Allocation Failure) 724M->84M(2030M) 1.030ms
[7.546s][info][gc,cpu         ] GC(29) User=0.00s Sys=0.00s Real=0.00s
[7.771s][info][gc,start       ] GC(30) Pause Young (Allocation Failure)
[7.771s][info][gc,heap        ] GC(30) PSYoungGen: 661113K->926K(678912K)
[7.771s][info][gc,heap        ] GC(30) ParOldGen: 85525K->85525K(1398272K)
[7.771s][info][gc,metaspace   ] GC(30) Metaspace: 20481K(21120K)->20481K(21120K) NonClass: 18073K(18432K)->18073K(18432K) Class: 2408K(2688K)->2408K(2688K)
[7.771s][info][gc             ] GC(30) Pause Young (Allocation Failure) 729M->84M(2028M) 0.612ms
[7.771s][info][gc,cpu         ] GC(30) User=0.00s Sys=0.00s Real=0.00s
[7.988s][info][gc,start       ] GC(31) Pause Young (Allocation Failure)
[7.989s][info][gc,heap        ] GC(31) PSYoungGen: 661406K->1513K(683008K)
[7.989s][info][gc,heap        ] GC(31) ParOldGen: 85525K->85525K(1398272K)
[7.989s][info][gc,metaspace   ] GC(31) Metaspace: 20481K(21120K)->20481K(21120K) NonClass: 18073K(18432K)->18073K(18432K) Class: 2408K(2688K)->2408K(2688K)
[7.989s][info][gc             ] GC(31) Pause Young (Allocation Failure) 729M->84M(2032M) 0.964ms
[7.989s][info][gc,cpu         ] GC(31) User=0.00s Sys=0.00s Real=0.00s
[8.216s][info][gc,start       ] GC(32) Pause Young (Allocation Failure)
[8.217s][info][gc,heap        ] GC(32) PSYoungGen: 667625K->2136K(681984K)
[8.217s][info][gc,heap        ] GC(32) ParOldGen: 85525K->85525K(1398272K)
[8.217s][info][gc,metaspace   ] GC(32) Metaspace: 20481K(21120K)->20481K(21120K) NonClass: 18073K(18432K)->18073K(18432K) Class: 2408K(2688K)->2408K(2688K)
[8.217s][info][gc             ] GC(32) Pause Young (Allocation Failure) 735M->85M(2031M) 1.530ms
[8.217s][info][gc,cpu         ] GC(32) User=0.00s Sys=0.02s Real=0.00s
[8.447s][info][gc,start       ] GC(33) Pause Young (Allocation Failure)
[8.449s][info][gc,heap        ] GC(33) PSYoungGen: 668241K->3511K(685056K)
[8.449s][info][gc,heap        ] GC(33) ParOldGen: 85525K->85533K(1398272K)
[8.449s][info][gc,metaspace   ] GC(33) Metaspace: 20481K(21120K)->20481K(21120K) NonClass: 18073K(18432K)->18073K(18432K) Class: 2408K(2688K)->2408K(2688K)
[8.449s][info][gc             ] GC(33) Pause Young (Allocation Failure) 736M->86M(2034M) 2.182ms
[8.449s][info][gc,cpu         ] GC(33) User=0.00s Sys=0.00s Real=0.00s
[8.681s][info][gc,start       ] GC(34) Pause Young (Allocation Failure)
[8.682s][info][gc,heap        ] GC(34) PSYoungGen: 674231K->1354K(684544K)
[8.682s][info][gc,heap        ] GC(34) ParOldGen: 85533K->85533K(1398272K)
[8.682s][info][gc,metaspace   ] GC(34) Metaspace: 20481K(21120K)->20481K(21120K) NonClass: 18073K(18432K)->18073K(18432K) Class: 2408K(2688K)->2408K(2688K)
[8.682s][info][gc             ] GC(34) Pause Young (Allocation Failure) 741M->84M(2034M) 1.280ms
[8.682s][info][gc,cpu         ] GC(34) User=0.00s Sys=0.00s Real=0.00s
[8.910s][info][gc,start       ] GC(35) Pause Young (Allocation Failure)
[8.911s][info][gc,heap        ] GC(35) PSYoungGen: 672074K->2093K(687104K)
[8.911s][info][gc,heap        ] GC(35) ParOldGen: 85533K->85533K(1398272K)
[8.911s][info][gc,metaspace   ] GC(35) Metaspace: 20481K(21120K)->20481K(21120K) NonClass: 18073K(18432K)->18073K(18432K) Class: 2408K(2688K)->2408K(2688K)
[8.911s][info][gc             ] GC(35) Pause Young (Allocation Failure) 739M->85M(2036M) 1.212ms
[8.911s][info][gc,cpu         ] GC(35) User=0.00s Sys=0.00s Real=0.00s
[9.010s][info][gc,start       ] GC(36) Pause Young (System.gc())
[9.011s][info][gc,heap        ] GC(36) PSYoungGen: 269670K->96K(686080K)
[9.011s][info][gc,heap        ] GC(36) ParOldGen: 85533K->85533K(1398272K)
[9.011s][info][gc,metaspace   ] GC(36) Metaspace: 20482K(21120K)->20482K(21120K) NonClass: 18074K(18432K)->18074K(18432K) Class: 2408K(2688K)->2408K(2688K)
[9.011s][info][gc             ] GC(36) Pause Young (System.gc()) 346M->83M(2035M) 0.814ms
[9.011s][info][gc,cpu         ] GC(36) User=0.00s Sys=0.00s Real=0.00s
[9.011s][info][gc,start       ] GC(37) Pause Full (System.gc())
[9.011s][info][gc,phases,start] GC(37) Marking Phase
[9.055s][info][gc,phases      ] GC(37) Marking Phase 44.499ms
[9.055s][info][gc,phases,start] GC(37) Summary Phase
[9.055s][info][gc,phases      ] GC(37) Summary Phase 0.010ms
[9.055s][info][gc,phases,start] GC(37) Adjust Roots
[9.057s][info][gc,phases      ] GC(37) Adjust Roots 1.240ms
[9.057s][info][gc,phases,start] GC(37) Compaction Phase
[9.070s][info][gc,phases      ] GC(37) Compaction Phase 13.043ms
[9.070s][info][gc,phases,start] GC(37) Post Compact
[9.070s][info][gc,phases      ] GC(37) Post Compact 0.463ms
[9.070s][info][gc,heap        ] GC(37) PSYoungGen: 96K->0K(686080K)
[9.070s][info][gc,heap        ] GC(37) ParOldGen: 85533K->85453K(1398272K)
[9.070s][info][gc,metaspace   ] GC(37) Metaspace: 20482K(21120K)->20482K(21120K) NonClass: 18074K(18432K)->18074K(18432K) Class: 2408K(2688K)->2408K(2688K)
[9.070s][info][gc             ] GC(37) Pause Full (System.gc()) 83M->83M(2035M) 59.512ms
[9.070s][info][gc,cpu         ] GC(37) User=0.05s Sys=0.00s Real=0.06s
[9.300s][info][gc,start       ] GC(38) Pause Young (Allocation Failure)
[9.301s][info][gc,heap        ] GC(38) PSYoungGen: 674304K->1351K(688640K)
[9.301s][info][gc,heap        ] GC(38) ParOldGen: 85453K->85453K(1398272K)
[9.301s][info][gc,metaspace   ] GC(38) Metaspace: 20482K(21120K)->20482K(21120K) NonClass: 18074K(18432K)->18074K(18432K) Class: 2408K(2688K)->2408K(2688K)
[9.301s][info][gc             ] GC(38) Pause Young (Allocation Failure) 741M->84M(2038M) 0.934ms
[9.301s][info][gc,cpu         ] GC(38) User=0.00s Sys=0.00s Real=0.00s
[9.528s][info][gc,start       ] GC(39) Pause Young (Allocation Failure)
[9.530s][info][gc,heap        ] GC(39) PSYoungGen: 678727K->2798K(687616K)
[9.530s][info][gc,heap        ] GC(39) ParOldGen: 85453K->85477K(1398272K)
[9.530s][info][gc,metaspace   ] GC(39) Metaspace: 20482K(21120K)->20482K(21120K) NonClass: 18074K(18432K)->18074K(18432K) Class: 2408K(2688K)->2408K(2688K)
[9.530s][info][gc             ] GC(39) Pause Young (Allocation Failure) 746M->86M(2037M) 2.399ms
[9.530s][info][gc,cpu         ] GC(39) User=0.02s Sys=0.00s Real=0.00s
[9.769s][info][gc,start       ] GC(40) Pause Young (Allocation Failure)
[9.770s][info][gc,heap        ] GC(40) PSYoungGen: 680174K->1718K(689664K)
[9.770s][info][gc,heap        ] GC(40) ParOldGen: 85477K->85477K(1398272K)
[9.770s][info][gc,metaspace   ] GC(40) Metaspace: 20482K(21120K)->20482K(21120K) NonClass: 18074K(18432K)->18074K(18432K) Class: 2408K(2688K)->2408K(2688K)
[9.770s][info][gc             ] GC(40) Pause Young (Allocation Failure) 747M->85M(2039M) 0.852ms
[9.770s][info][gc,cpu         ] GC(40) User=0.00s Sys=0.00s Real=0.00s
[9.992s][info][gc,start       ] GC(41) Pause Young (Allocation Failure)
[9.995s][info][gc,heap        ] GC(41) PSYoungGen: 681280K->3152K(689152K)
[9.995s][info][gc,heap        ] GC(41) ParOldGen: 85477K->85477K(1398272K)
[9.995s][info][gc,metaspace   ] GC(41) Metaspace: 20482K(21120K)->20482K(21120K) NonClass: 18074K(18432K)->18074K(18432K) Class: 2408K(2688K)->2408K(2688K)
[9.995s][info][gc             ] GC(41) Pause Young (Allocation Failure) 748M->86M(2038M) 2.603ms
[9.995s][info][gc,cpu         ] GC(41) User=0.00s Sys=0.00s Real=0.00s
[10.240s][info][gc,start       ] GC(42) Pause Young (Allocation Failure)
[10.240s][info][gc,heap        ] GC(42) PSYoungGen: 683088K->1814K(690688K)
[10.240s][info][gc,heap        ] GC(42) ParOldGen: 85477K->85485K(1398272K)
[10.240s][info][gc,metaspace   ] GC(42) Metaspace: 20482K(21120K)->20482K(21120K) NonClass: 18074K(18432K)->18074K(18432K) Class: 2408K(2688K)->2408K(2688K)
[10.240s][info][gc             ] GC(42) Pause Young (Allocation Failure) 750M->85M(2040M) 0.721ms
[10.240s][info][gc,cpu         ] GC(42) User=0.00s Sys=0.00s Real=0.00s
[10.466s][info][gc,start       ] GC(43) Pause Young (Allocation Failure)
[10.467s][info][gc,heap        ] GC(43) PSYoungGen: 683286K->384K(689664K)
[10.467s][info][gc,heap        ] GC(43) ParOldGen: 85485K->85485K(1398272K)
[10.467s][info][gc,metaspace   ] GC(43) Metaspace: 20482K(21120K)->20482K(21120K) NonClass: 18074K(18432K)->18074K(18432K) Class: 2408K(2688K)->2408K(2688K)
[10.467s][info][gc             ] GC(43) Pause Young (Allocation Failure) 750M->83M(2039M) 0.474ms
[10.467s][info][gc,cpu         ] GC(43) User=0.00s Sys=0.00s Real=0.00s
[10.688s][info][gc,start       ] GC(44) Pause Young (Allocation Failure)
[10.689s][info][gc,heap        ] GC(44) PSYoungGen: 681856K->1960K(691200K)
[10.689s][info][gc,heap        ] GC(44) ParOldGen: 85485K->85485K(1398272K)
[10.689s][info][gc,metaspace   ] GC(44) Metaspace: 20482K(21120K)->20482K(21120K) NonClass: 18074K(18432K)->18074K(18432K) Class: 2408K(2688K)->2408K(2688K)
[10.689s][info][gc             ] GC(44) Pause Young (Allocation Failure) 749M->85M(2040M) 0.985ms
[10.689s][info][gc,cpu         ] GC(44) User=0.00s Sys=0.00s Real=0.00s
[10.910s][info][gc,start       ] GC(45) Pause Young (Allocation Failure)
[10.911s][info][gc,heap        ] GC(45) PSYoungGen: 684968K->708K(690688K)
[10.911s][info][gc,heap        ] GC(45) ParOldGen: 85485K->85485K(1398272K)
[10.911s][info][gc,metaspace   ] GC(45) Metaspace: 20482K(21120K)->20482K(21120K) NonClass: 18074K(18432K)->18074K(18432K) Class: 2408K(2688K)->2408K(2688K)
[10.911s][info][gc             ] GC(45) Pause Young (Allocation Failure) 752M->84M(2040M) 0.729ms
[10.911s][info][gc,cpu         ] GC(45) User=0.00s Sys=0.00s Real=0.00s
[11.129s][info][gc,start       ] GC(46) Pause Young (Allocation Failure)
[11.131s][info][gc,heap        ] GC(46) PSYoungGen: 683716K->2828K(691712K)
[11.131s][info][gc,heap        ] GC(46) ParOldGen: 85485K->85509K(1398272K)
[11.131s][info][gc,metaspace   ] GC(46) Metaspace: 20485K(21120K)->20485K(21120K) NonClass: 18076K(18432K)->18076K(18432K) Class: 2408K(2688K)->2408K(2688K)
[11.131s][info][gc             ] GC(46) Pause Young (Allocation Failure) 751M->86M(2041M) 1.659ms
[11.131s][info][gc,cpu         ] GC(46) User=0.00s Sys=0.00s Real=0.00s
[11.368s][info][gc,start       ] GC(47) Pause Young (Allocation Failure)
[11.369s][info][gc,heap        ] GC(47) PSYoungGen: 687372K->1698K(691712K)
[11.369s][info][gc,heap        ] GC(47) ParOldGen: 85509K->85509K(1398272K)
[11.369s][info][gc,metaspace   ] GC(47) Metaspace: 20485K(21120K)->20485K(21120K) NonClass: 18076K(18432K)->18076K(18432K) Class: 2408K(2688K)->2408K(2688K)
[11.369s][info][gc             ] GC(47) Pause Young (Allocation Failure) 754M->85M(2041M) 0.709ms
[11.369s][info][gc,cpu         ] GC(47) User=0.00s Sys=0.00s Real=0.00s
[11.590s][info][gc,start       ] GC(48) Pause Young (Allocation Failure)
[11.590s][info][gc,heap        ] GC(48) PSYoungGen: 686242K->192K(692224K)
[11.590s][info][gc,heap        ] GC(48) ParOldGen: 85509K->85509K(1398272K)
[11.590s][info][gc,metaspace   ] GC(48) Metaspace: 20485K(21120K)->20485K(21120K) NonClass: 18076K(18432K)->18076K(18432K) Class: 2408K(2688K)->2408K(2688K)
[11.590s][info][gc             ] GC(48) Pause Young (Allocation Failure) 753M->83M(2041M) 0.407ms
[11.590s][info][gc,cpu         ] GC(48) User=0.00s Sys=0.00s Real=0.00s
[11.810s][info][gc,start       ] GC(49) Pause Young (Allocation Failure)
[11.811s][info][gc,heap        ] GC(49) PSYoungGen: 685760K->2244K(692224K)
[11.811s][info][gc,heap        ] GC(49) ParOldGen: 85509K->85509K(1398272K)
[11.811s][info][gc,metaspace   ] GC(49) Metaspace: 20485K(21120K)->20485K(21120K) NonClass: 18076K(18432K)->18076K(18432K) Class: 2408K(2688K)->2408K(2688K)
[11.811s][info][gc             ] GC(49) Pause Young (Allocation Failure) 753M->85M(2041M) 1.188ms
[11.811s][info][gc,cpu         ] GC(49) User=0.00s Sys=0.00s Real=0.00s
[12.034s][info][gc,start       ] GC(50) Pause Young (Allocation Failure)
[12.034s][info][gc,heap        ] GC(50) PSYoungGen: 687812K->1015K(692736K)
[12.034s][info][gc,heap        ] GC(50) ParOldGen: 85509K->85533K(1398272K)
[12.034s][info][gc,metaspace   ] GC(50) Metaspace: 20485K(21120K)->20485K(21120K) NonClass: 18076K(18432K)->18076K(18432K) Class: 2408K(2688K)->2408K(2688K)
[12.034s][info][gc             ] GC(50) Pause Young (Allocation Failure) 755M->84M(2042M) 0.658ms
[12.034s][info][gc,cpu         ] GC(50) User=0.00s Sys=0.00s Real=0.00s
[12.253s][info][gc,start       ] GC(51) Pause Young (Allocation Failure)
[12.254s][info][gc,heap        ] GC(51) PSYoungGen: 687607K->3218K(692736K)
[12.254s][info][gc,heap        ] GC(51) ParOldGen: 85533K->85533K(1398272K)
[12.254s][info][gc,metaspace   ] GC(51) Metaspace: 20485K(21120K)->20485K(21120K) NonClass: 18076K(18432K)->18076K(18432K) Class: 2408K(2688K)->2408K(2688K)
[12.254s][info][gc             ] GC(51) Pause Young (Allocation Failure) 755M->86M(2042M) 1.252ms
[12.254s][info][gc,cpu         ] GC(51) User=0.00s Sys=0.00s Real=0.00s
[12.434s][info][gc,start       ] GC(52) Pause Young (System.gc())
[12.434s][info][gc,heap        ] GC(52) PSYoungGen: 506668K->64K(692736K)
[12.434s][info][gc,heap        ] GC(52) ParOldGen: 85533K->85533K(1398272K)
[12.434s][info][gc,metaspace   ] GC(52) Metaspace: 20486K(21120K)->20486K(21120K) NonClass: 18078K(18432K)->18078K(18432K) Class: 2408K(2688K)->2408K(2688K)
[12.434s][info][gc             ] GC(52) Pause Young (System.gc()) 578M->83M(2042M) 0.447ms
[12.434s][info][gc,cpu         ] GC(52) User=0.00s Sys=0.00s Real=0.00s
[12.434s][info][gc,start       ] GC(53) Pause Full (System.gc())
[12.434s][info][gc,phases,start] GC(53) Marking Phase
[12.480s][info][gc,phases      ] GC(53) Marking Phase 45.862ms
[12.480s][info][gc,phases,start] GC(53) Summary Phase
[12.480s][info][gc,phases      ] GC(53) Summary Phase 0.011ms
[12.480s][info][gc,phases,start] GC(53) Adjust Roots
[12.482s][info][gc,phases      ] GC(53) Adjust Roots 1.478ms
[12.482s][info][gc,phases,start] GC(53) Compaction Phase
[12.496s][info][gc,phases      ] GC(53) Compaction Phase 14.688ms
[12.496s][info][gc,phases,start] GC(53) Post Compact
[12.497s][info][gc,phases      ] GC(53) Post Compact 0.612ms
[12.497s][info][gc,heap        ] GC(53) PSYoungGen: 64K->0K(692736K)
[12.497s][info][gc,heap        ] GC(53) ParOldGen: 85533K->85453K(1398272K)
[12.497s][info][gc,metaspace   ] GC(53) Metaspace: 20486K(21120K)->20486K(21120K) NonClass: 18078K(18432K)->18078K(18432K) Class: 2408K(2688K)->2408K(2688K)
[12.497s][info][gc             ] GC(53) Pause Full (System.gc()) 83M->83M(2042M) 62.940ms
[12.497s][info][gc,cpu         ] GC(53) User=0.06s Sys=0.00s Real=0.06s
[12.720s][info][gc,start       ] GC(54) Pause Young (Allocation Failure)
[12.721s][info][gc,heap        ] GC(54) PSYoungGen: 686592K->2281K(692736K)
[12.721s][info][gc,heap        ] GC(54) ParOldGen: 85453K->85453K(1398272K)
[12.721s][info][gc,metaspace   ] GC(54) Metaspace: 20487K(21120K)->20487K(21120K) NonClass: 18078K(18432K)->18078K(18432K) Class: 2408K(2688K)->2408K(2688K)
[12.721s][info][gc             ] GC(54) Pause Young (Allocation Failure) 753M->85M(2042M) 0.662ms
[12.721s][info][gc,cpu         ] GC(54) User=0.00s Sys=0.00s Real=0.00s
[12.948s][info][gc,start       ] GC(55) Pause Young (Allocation Failure)
[12.949s][info][gc,heap        ] GC(55) PSYoungGen: 688873K->1276K(693248K)
[12.949s][info][gc,heap        ] GC(55) ParOldGen: 85453K->85469K(1398272K)
[12.949s][info][gc,metaspace   ] GC(55) Metaspace: 20487K(21120K)->20487K(21120K) NonClass: 18078K(18432K)->18078K(18432K) Class: 2408K(2688K)->2408K(2688K)
[12.949s][info][gc             ] GC(55) Pause Young (Allocation Failure) 756M->84M(2042M) 0.921ms
[12.949s][info][gc,cpu         ] GC(55) User=0.00s Sys=0.00s Real=0.00s
[13.173s][info][gc,start       ] GC(56) Pause Young (Allocation Failure)
[13.174s][info][gc,heap        ] GC(56) PSYoungGen: 688892K->384K(693248K)
[13.174s][info][gc,heap        ] GC(56) ParOldGen: 85469K->85469K(1398272K)
[13.174s][info][gc,metaspace   ] GC(56) Metaspace: 20487K(21120K)->20487K(21120K) NonClass: 18078K(18432K)->18078K(18432K) Class: 2408K(2688K)->2408K(2688K)
[13.174s][info][gc             ] GC(56) Pause Young (Allocation Failure) 756M->83M(2042M) 0.930ms
[13.174s][info][gc,cpu         ] GC(56) User=0.00s Sys=0.00s Real=0.00s
[13.404s][info][gc,start       ] GC(57) Pause Young (Allocation Failure)
[13.405s][info][gc,heap        ] GC(57) PSYoungGen: 688000K->2364K(693760K)
[13.405s][info][gc,heap        ] GC(57) ParOldGen: 85469K->85469K(1398272K)
[13.405s][info][gc,metaspace   ] GC(57) Metaspace: 20487K(21120K)->20487K(21120K) NonClass: 18078K(18432K)->18078K(18432K) Class: 2408K(2688K)->2408K(2688K)
[13.405s][info][gc             ] GC(57) Pause Young (Allocation Failure) 755M->85M(2043M) 0.920ms
[13.405s][info][gc,cpu         ] GC(57) User=0.00s Sys=0.00s Real=0.00s
[13.631s][info][gc,start       ] GC(58) Pause Young (Allocation Failure)
[13.632s][info][gc,heap        ] GC(58) PSYoungGen: 691004K->1771K(693760K)
[13.632s][info][gc,heap        ] GC(58) ParOldGen: 85469K->85485K(1398272K)
[13.632s][info][gc,metaspace   ] GC(58) Metaspace: 20487K(21120K)->20487K(21120K) NonClass: 18078K(18432K)->18078K(18432K) Class: 2408K(2688K)->2408K(2688K)
[13.632s][info][gc             ] GC(58) Pause Young (Allocation Failure) 758M->85M(2043M) 0.696ms
[13.632s][info][gc,cpu         ] GC(58) User=0.00s Sys=0.00s Real=0.00s
[13.858s][info][gc,start       ] GC(59) Pause Young (Allocation Failure)
[13.858s][info][gc,heap        ] GC(59) PSYoungGen: 690411K->704K(694272K)
[13.858s][info][gc,heap        ] GC(59) ParOldGen: 85485K->85485K(1398272K)
[13.858s][info][gc,metaspace   ] GC(59) Metaspace: 20487K(21120K)->20487K(21120K) NonClass: 18078K(18432K)->18078K(18432K) Class: 2408K(2688K)->2408K(2688K)
[13.858s][info][gc             ] GC(59) Pause Young (Allocation Failure) 757M->84M(2043M) 0.616ms
[13.858s][info][gc,cpu         ] GC(59) User=0.00s Sys=0.00s Real=0.00s
[14.084s][info][gc,start       ] GC(60) Pause Young (Allocation Failure)
[14.085s][info][gc,heap        ] GC(60) PSYoungGen: 689856K->2682K(693760K)
[14.085s][info][gc,heap        ] GC(60) ParOldGen: 85485K->85485K(1398272K)
[14.085s][info][gc,metaspace   ] GC(60) Metaspace: 20487K(21120K)->20487K(21120K) NonClass: 18078K(18432K)->18078K(18432K) Class: 2408K(2688K)->2408K(2688K)
[14.085s][info][gc             ] GC(60) Pause Young (Allocation Failure) 757M->86M(2043M) 1.195ms
[14.085s][info][gc,cpu         ] GC(60) User=0.00s Sys=0.00s Real=0.00s
[14.320s][info][gc,start       ] GC(61) Pause Young (Allocation Failure)
[14.321s][info][gc,heap        ] GC(61) PSYoungGen: 691834K->1906K(694272K)
[14.321s][info][gc,heap        ] GC(61) ParOldGen: 85485K->85485K(1398272K)
[14.321s][info][gc,metaspace   ] GC(61) Metaspace: 20487K(21120K)->20487K(21120K) NonClass: 18078K(18432K)->18078K(18432K) Class: 2408K(2688K)->2408K(2688K)
[14.321s][info][gc             ] GC(61) Pause Young (Allocation Failure) 759M->85M(2043M) 0.808ms
[14.321s][info][gc,cpu         ] GC(61) User=0.00s Sys=0.00s Real=0.00s
[14.553s][info][gc,start       ] GC(62) Pause Young (Allocation Failure)
[14.553s][info][gc,heap        ] GC(62) PSYoungGen: 691058K->1065K(693760K)
[14.553s][info][gc,heap        ] GC(62) ParOldGen: 85485K->85509K(1398272K)
[14.553s][info][gc,metaspace   ] GC(62) Metaspace: 20487K(21120K)->20487K(21120K) NonClass: 18078K(18432K)->18078K(18432K) Class: 2408K(2688K)->2408K(2688K)
[14.553s][info][gc             ] GC(62) Pause Young (Allocation Failure) 758M->84M(2043M) 0.624ms
[14.553s][info][gc,cpu         ] GC(62) User=0.00s Sys=0.00s Real=0.00s
[14.783s][info][gc,start       ] GC(63) Pause Young (Allocation Failure)
[14.785s][info][gc,heap        ] GC(63) PSYoungGen: 690217K->2145K(694272K)
[14.785s][info][gc,heap        ] GC(63) ParOldGen: 85509K->85509K(1398272K)
[14.785s][info][gc,metaspace   ] GC(63) Metaspace: 20487K(21120K)->20487K(21120K) NonClass: 18078K(18432K)->18078K(18432K) Class: 2408K(2688K)->2408K(2688K)
[14.785s][info][gc             ] GC(63) Pause Young (Allocation Failure) 757M->85M(2043M) 1.412ms
[14.785s][info][gc,cpu         ] GC(63) User=0.00s Sys=0.00s Real=0.00s
[15.014s][info][gc,start       ] GC(64) Pause Young (Allocation Failure)
[15.015s][info][gc,heap        ] GC(64) PSYoungGen: 691809K->2349K(694272K)
[15.015s][info][gc,heap        ] GC(64) ParOldGen: 85509K->85509K(1398272K)
[15.015s][info][gc,metaspace   ] GC(64) Metaspace: 20487K(21120K)->20487K(21120K) NonClass: 18078K(18432K)->18078K(18432K) Class: 2408K(2688K)->2408K(2688K)
[15.015s][info][gc             ] GC(64) Pause Young (Allocation Failure) 759M->85M(2043M) 0.868ms
[15.015s][info][gc,cpu         ] GC(64) User=0.00s Sys=0.00s Real=0.00s
[15.241s][info][gc,start       ] GC(65) Pause Young (Allocation Failure)
[15.242s][info][gc,heap        ] GC(65) PSYoungGen: 692013K->1445K(694784K)
[15.242s][info][gc,heap        ] GC(65) ParOldGen: 85509K->85533K(1398272K)
[15.242s][info][gc,metaspace   ] GC(65) Metaspace: 20487K(21120K)->20487K(21120K) NonClass: 18078K(18432K)->18078K(18432K) Class: 2408K(2688K)->2408K(2688K)
[15.242s][info][gc             ] GC(65) Pause Young (Allocation Failure) 759M->84M(2044M) 1.224ms
[15.242s][info][gc,cpu         ] GC(65) User=0.00s Sys=0.00s Real=0.00s
[15.481s][info][gc,start       ] GC(66) Pause Young (Allocation Failure)
[15.481s][info][gc,heap        ] GC(66) PSYoungGen: 691621K->923K(694272K)
[15.481s][info][gc,heap        ] GC(66) ParOldGen: 85533K->85533K(1398272K)
[15.481s][info][gc,metaspace   ] GC(66) Metaspace: 20487K(21120K)->20487K(21120K) NonClass: 18078K(18432K)->18078K(18432K) Class: 2408K(2688K)->2408K(2688K)
[15.481s][info][gc             ] GC(66) Pause Young (Allocation Failure) 758M->84M(2043M) 0.636ms
[15.481s][info][gc,cpu         ] GC(66) User=0.00s Sys=0.00s Real=0.00s
[15.706s][info][gc,start       ] GC(67) Pause Young (Allocation Failure)
[15.707s][info][gc,heap        ] GC(67) PSYoungGen: 691099K->3188K(693760K)
[15.707s][info][gc,heap        ] GC(67) ParOldGen: 85533K->85533K(1398272K)
[15.707s][info][gc,metaspace   ] GC(67) Metaspace: 20487K(21120K)->20487K(21120K) NonClass: 18078K(18432K)->18078K(18432K) Class: 2408K(2688K)->2408K(2688K)
[15.707s][info][gc             ] GC(67) Pause Young (Allocation Failure) 758M->86M(2043M) 1.796ms
[15.707s][info][gc,cpu         ] GC(67) User=0.00s Sys=0.00s Real=0.00s
[15.844s][info][gc,start       ] GC(68) Pause Young (System.gc())
[15.845s][info][gc,heap        ] GC(68) PSYoungGen: 408040K->32K(694272K)
[15.845s][info][gc,heap        ] GC(68) ParOldGen: 85533K->85533K(1398272K)
[15.845s][info][gc,metaspace   ] GC(68) Metaspace: 20487K(21120K)->20487K(21120K) NonClass: 18078K(18432K)->18078K(18432K) Class: 2408K(2688K)->2408K(2688K)
[15.845s][info][gc             ] GC(68) Pause Young (System.gc()) 482M->83M(2043M) 0.518ms
[15.845s][info][gc,cpu         ] GC(68) User=0.00s Sys=0.00s Real=0.00s
[15.845s][info][gc,start       ] GC(69) Pause Full (System.gc())
[15.845s][info][gc,phases,start] GC(69) Marking Phase
[15.899s][info][gc,phases      ] GC(69) Marking Phase 53.932ms
[15.899s][info][gc,phases,start] GC(69) Summary Phase
[15.899s][info][gc,phases      ] GC(69) Summary Phase 0.011ms
[15.899s][info][gc,phases,start] GC(69) Adjust Roots
[15.900s][info][gc,phases      ] GC(69) Adjust Roots 1.276ms
[15.900s][info][gc,phases,start] GC(69) Compaction Phase
[15.913s][info][gc,phases      ] GC(69) Compaction Phase 12.542ms
[15.913s][info][gc,phases,start] GC(69) Post Compact
[15.913s][info][gc,phases      ] GC(69) Post Compact 0.497ms
[15.913s][info][gc,heap        ] GC(69) PSYoungGen: 32K->0K(694272K)
[15.913s][info][gc,heap        ] GC(69) ParOldGen: 85533K->85453K(1398272K)
[15.913s][info][gc,metaspace   ] GC(69) Metaspace: 20487K(21120K)->20487K(21120K) NonClass: 18078K(18432K)->18078K(18432K) Class: 2408K(2688K)->2408K(2688K)
[15.913s][info][gc             ] GC(69) Pause Full (System.gc()) 83M->83M(2043M) 68.511ms
[15.913s][info][gc,cpu         ] GC(69) User=0.25s Sys=0.00s Real=0.07s
[16.136s][info][gc,start       ] GC(70) Pause Young (Allocation Failure)
[16.137s][info][gc,heap        ] GC(70) PSYoungGen: 689664K->2264K(694272K)
[16.137s][info][gc,heap        ] GC(70) ParOldGen: 85453K->85453K(1398272K)
[16.137s][info][gc,metaspace   ] GC(70) Metaspace: 20487K(21120K)->20487K(21120K) NonClass: 18079K(18432K)->18079K(18432K) Class: 2408K(2688K)->2408K(2688K)
[16.137s][info][gc             ] GC(70) Pause Young (Allocation Failure) 756M->85M(2043M) 1.000ms
[16.137s][info][gc,cpu         ] GC(70) User=0.00s Sys=0.00s Real=0.00s
[16.371s][info][gc,start       ] GC(71) Pause Young (Allocation Failure)
[16.372s][info][gc,heap        ] GC(71) PSYoungGen: 691928K->1735K(694272K)
[16.372s][info][gc,heap        ] GC(71) ParOldGen: 85453K->85469K(1398272K)
[16.372s][info][gc,metaspace   ] GC(71) Metaspace: 20487K(21120K)->20487K(21120K) NonClass: 18079K(18432K)->18079K(18432K) Class: 2408K(2688K)->2408K(2688K)
[16.372s][info][gc             ] GC(71) Pause Young (Allocation Failure) 759M->85M(2043M) 0.780ms
[16.372s][info][gc,cpu         ] GC(71) User=0.00s Sys=0.00s Real=0.00s
[16.609s][info][gc,start       ] GC(72) Pause Young (Allocation Failure)
[16.610s][info][gc,heap        ] GC(72) PSYoungGen: 691399K->806K(694784K)
[16.610s][info][gc,heap        ] GC(72) ParOldGen: 85469K->85469K(1398272K)
[16.610s][info][gc,metaspace   ] GC(72) Metaspace: 20487K(21120K)->20487K(21120K) NonClass: 18079K(18432K)->18079K(18432K) Class: 2408K(2688K)->2408K(2688K)
[16.610s][info][gc             ] GC(72) Pause Young (Allocation Failure) 758M->84M(2044M) 1.082ms
[16.610s][info][gc,cpu         ] GC(72) User=0.00s Sys=0.00s Real=0.00s
[16.834s][info][gc,start       ] GC(73) Pause Young (Allocation Failure)
[16.835s][info][gc,heap        ] GC(73) PSYoungGen: 691494K->192K(694784K)
[16.835s][info][gc,heap        ] GC(73) ParOldGen: 85469K->85469K(1398272K)
[16.835s][info][gc,metaspace   ] GC(73) Metaspace: 20487K(21120K)->20487K(21120K) NonClass: 18079K(18432K)->18079K(18432K) Class: 2408K(2688K)->2408K(2688K)
[16.835s][info][gc             ] GC(73) Pause Young (Allocation Failure) 758M->83M(2044M) 0.505ms
[16.835s][info][gc,cpu         ] GC(73) User=0.00s Sys=0.00s Real=0.00s
[17.062s][info][gc,start       ] GC(74) Pause Young (Allocation Failure)
[17.063s][info][gc,heap        ] GC(74) PSYoungGen: 690880K->2099K(694784K)
[17.063s][info][gc,heap        ] GC(74) ParOldGen: 85469K->85493K(1398272K)
[17.063s][info][gc,metaspace   ] GC(74) Metaspace: 20487K(21120K)->20487K(21120K) NonClass: 18079K(18432K)->18079K(18432K) Class: 2408K(2688K)->2408K(2688K)
[17.063s][info][gc             ] GC(74) Pause Young (Allocation Failure) 758M->85M(2044M) 0.947ms
[17.063s][info][gc,cpu         ] GC(74) User=0.00s Sys=0.00s Real=0.00s
[17.293s][info][gc,start       ] GC(75) Pause Young (Allocation Failure)
[17.295s][info][gc,heap        ] GC(75) PSYoungGen: 692787K->1674K(694784K)
[17.295s][info][gc,heap        ] GC(75) ParOldGen: 85493K->85493K(1398272K)
[17.295s][info][gc,metaspace   ] GC(75) Metaspace: 20487K(21120K)->20487K(21120K) NonClass: 18079K(18432K)->18079K(18432K) Class: 2408K(2688K)->2408K(2688K)
[17.295s][info][gc             ] GC(75) Pause Young (Allocation Failure) 760M->85M(2044M) 1.192ms
[17.295s][info][gc,cpu         ] GC(75) User=0.00s Sys=0.00s Real=0.00s
[17.532s][info][gc,start       ] GC(76) Pause Young (Allocation Failure)
[17.532s][info][gc,heap        ] GC(76) PSYoungGen: 692362K->1005K(694784K)
[17.532s][info][gc,heap        ] GC(76) ParOldGen: 85493K->85493K(1398272K)
[17.532s][info][gc,metaspace   ] GC(76) Metaspace: 20487K(21120K)->20487K(21120K) NonClass: 18079K(18432K)->18079K(18432K) Class: 2408K(2688K)->2408K(2688K)
[17.532s][info][gc             ] GC(76) Pause Young (Allocation Failure) 759M->84M(2044M) 0.684ms
[17.532s][info][gc,cpu         ] GC(76) User=0.00s Sys=0.00s Real=0.00s
[17.757s][info][gc,start       ] GC(77) Pause Young (Allocation Failure)
[17.759s][info][gc,heap        ] GC(77) PSYoungGen: 691693K->2113K(694784K)
[17.759s][info][gc,heap        ] GC(77) ParOldGen: 85493K->85493K(1398272K)
[17.759s][info][gc,metaspace   ] GC(77) Metaspace: 20487K(21120K)->20487K(21120K) NonClass: 18079K(18432K)->18079K(18432K) Class: 2408K(2688K)->2408K(2688K)
[17.759s][info][gc             ] GC(77) Pause Young (Allocation Failure) 758M->85M(2044M) 1.460ms
[17.759s][info][gc,cpu         ] GC(77) User=0.00s Sys=0.00s Real=0.00s
[17.976s][info][gc,start       ] GC(78) Pause Young (Allocation Failure)
[17.977s][info][gc,heap        ] GC(78) PSYoungGen: 692801K->2377K(694784K)
[17.977s][info][gc,heap        ] GC(78) ParOldGen: 85493K->85517K(1398272K)
[17.977s][info][gc,metaspace   ] GC(78) Metaspace: 20487K(21120K)->20487K(21120K) NonClass: 18079K(18432K)->18079K(18432K) Class: 2408K(2688K)->2408K(2688K)
[17.977s][info][gc             ] GC(78) Pause Young (Allocation Failure) 760M->85M(2044M) 1.522ms
[17.977s][info][gc,cpu         ] GC(78) User=0.00s Sys=0.00s Real=0.00s
[18.227s][info][gc,start       ] GC(79) Pause Young (Allocation Failure)
[18.228s][info][gc,heap        ] GC(79) PSYoungGen: 693065K->1722K(694784K)
[18.228s][info][gc,heap        ] GC(79) ParOldGen: 85517K->85517K(1398272K)
[18.228s][info][gc,metaspace   ] GC(79) Metaspace: 20487K(21120K)->20487K(21120K) NonClass: 18079K(18432K)->18079K(18432K) Class: 2408K(2688K)->2408K(2688K)
[18.228s][info][gc             ] GC(79) Pause Young (Allocation Failure) 760M->85M(2044M) 0.864ms
[18.228s][info][gc,cpu         ] GC(79) User=0.00s Sys=0.00s Real=0.00s
[18.460s][info][gc,start       ] GC(80) Pause Young (Allocation Failure)
[18.460s][info][gc,heap        ] GC(80) PSYoungGen: 692396K->995K(695296K)
[18.460s][info][gc,heap        ] GC(80) ParOldGen: 85517K->85517K(1398272K)
[18.460s][info][gc,metaspace   ] GC(80) Metaspace: 20487K(21120K)->20487K(21120K) NonClass: 18079K(18432K)->18079K(18432K) Class: 2408K(2688K)->2408K(2688K)
[18.460s][info][gc             ] GC(80) Pause Young (Allocation Failure) 759M->84M(2044M) 0.653ms
[18.460s][info][gc,cpu         ] GC(80) User=0.00s Sys=0.00s Real=0.00s
[18.687s][info][gc,start       ] GC(81) Pause Young (Allocation Failure)
[18.688s][info][gc,heap        ] GC(81) PSYoungGen: 692707K->160K(695296K)
[18.688s][info][gc,heap        ] GC(81) ParOldGen: 85517K->85541K(1398272K)
[18.688s][info][gc,metaspace   ] GC(81) Metaspace: 20487K(21120K)->20487K(21120K) NonClass: 18079K(18432K)->18079K(18432K) Class: 2408K(2688K)->2408K(2688K)
[18.688s][info][gc             ] GC(81) Pause Young (Allocation Failure) 759M->83M(2044M) 0.583ms
[18.688s][info][gc,cpu         ] GC(81) User=0.00s Sys=0.00s Real=0.00s
[18.914s][info][gc,start       ] GC(82) Pause Young (Allocation Failure)
[18.915s][info][gc,heap        ] GC(82) PSYoungGen: 691872K->2703K(694272K)
[18.915s][info][gc,heap        ] GC(82) ParOldGen: 85541K->85541K(1398272K)
[18.915s][info][gc,metaspace   ] GC(82) Metaspace: 20487K(21120K)->20487K(21120K) NonClass: 18079K(18432K)->18079K(18432K) Class: 2408K(2688K)->2408K(2688K)
[18.916s][info][gc             ] GC(82) Pause Young (Allocation Failure) 759M->86M(2043M) 1.234ms
[18.916s][info][gc,cpu         ] GC(82) User=0.00s Sys=0.00s Real=0.00s
[19.142s][info][gc,start       ] GC(83) Pause Young (Allocation Failure)
[19.143s][info][gc,heap        ] GC(83) PSYoungGen: 693391K->2017K(694784K)
[19.143s][info][gc,heap        ] GC(83) ParOldGen: 85541K->85541K(1398272K)
[19.143s][info][gc,metaspace   ] GC(83) Metaspace: 20487K(21120K)->20487K(21120K) NonClass: 18079K(18432K)->18079K(18432K) Class: 2408K(2688K)->2408K(2688K)
[19.143s][info][gc             ] GC(83) Pause Young (Allocation Failure) 760M->85M(2044M) 0.635ms
[19.143s][info][gc,cpu         ] GC(83) User=0.00s Sys=0.00s Real=0.00s
[19.266s][info][gc,start       ] GC(84) Pause Young (System.gc())
[19.267s][info][gc,heap        ] GC(84) PSYoungGen: 375789K->32K(694784K)
[19.267s][info][gc,heap        ] GC(84) ParOldGen: 85541K->85541K(1398272K)
[19.267s][info][gc,metaspace   ] GC(84) Metaspace: 20488K(21120K)->20488K(21120K) NonClass: 18080K(18432K)->18080K(18432K) Class: 2408K(2688K)->2408K(2688K)
[19.267s][info][gc             ] GC(84) Pause Young (System.gc()) 450M->83M(2044M) 0.430ms
[19.267s][info][gc,cpu         ] GC(84) User=0.00s Sys=0.00s Real=0.00s
[19.267s][info][gc,start       ] GC(85) Pause Full (System.gc())
[19.267s][info][gc,phases,start] GC(85) Marking Phase
[19.311s][info][gc,phases      ] GC(85) Marking Phase 44.131ms
[19.311s][info][gc,phases,start] GC(85) Summary Phase
[19.311s][info][gc,phases      ] GC(85) Summary Phase 0.012ms
[19.311s][info][gc,phases,start] GC(85) Adjust Roots
[19.312s][info][gc,phases      ] GC(85) Adjust Roots 1.277ms
[19.312s][info][gc,phases,start] GC(85) Compaction Phase
[19.328s][info][gc,phases      ] GC(85) Compaction Phase 15.489ms
[19.328s][info][gc,phases,start] GC(85) Post Compact
[19.328s][info][gc,phases      ] GC(85) Post Compact 0.561ms
[19.328s][info][gc,heap        ] GC(85) PSYoungGen: 32K->0K(694784K)
[19.328s][info][gc,heap        ] GC(85) ParOldGen: 85541K->85453K(1398272K)
[19.328s][info][gc,metaspace   ] GC(85) Metaspace: 20488K(21120K)->20488K(21120K) NonClass: 18080K(18432K)->18080K(18432K) Class: 2408K(2688K)->2408K(2688K)
[19.329s][info][gc             ] GC(85) Pause Full (System.gc()) 83M->83M(2044M) 61.787ms
[19.329s][info][gc,cpu         ] GC(85) User=0.03s Sys=0.00s Real=0.06s
[19.564s][info][gc,start       ] GC(86) Pause Young (Allocation Failure)
[19.565s][info][gc,heap        ] GC(86) PSYoungGen: 690688K->2225K(694784K)
[19.565s][info][gc,heap        ] GC(86) ParOldGen: 85453K->85453K(1398272K)
[19.565s][info][gc,metaspace   ] GC(86) Metaspace: 20489K(21120K)->20489K(21120K) NonClass: 18080K(18432K)->18080K(18432K) Class: 2408K(2688K)->2408K(2688K)
[19.565s][info][gc             ] GC(86) Pause Young (Allocation Failure) 757M->85M(2044M) 0.870ms
[19.565s][info][gc,cpu         ] GC(86) User=0.00s Sys=0.00s Real=0.00s
[19.803s][info][gc,start       ] GC(87) Pause Young (Allocation Failure)
[19.804s][info][gc,heap        ] GC(87) PSYoungGen: 692913K->1633K(694784K)
[19.804s][info][gc,heap        ] GC(87) ParOldGen: 85453K->85477K(1398272K)
[19.804s][info][gc,metaspace   ] GC(87) Metaspace: 20489K(21120K)->20489K(21120K) NonClass: 18080K(18432K)->18080K(18432K) Class: 2408K(2688K)->2408K(2688K)
[19.804s][info][gc             ] GC(87) Pause Young (Allocation Failure) 760M->85M(2044M) 1.389ms
[19.804s][info][gc,cpu         ] GC(87) User=0.00s Sys=0.00s Real=0.00s
[20.033s][info][gc,start       ] GC(88) Pause Young (Allocation Failure)
[20.033s][info][gc,heap        ] GC(88) PSYoungGen: 692321K->970K(694784K)
[20.033s][info][gc,heap        ] GC(88) ParOldGen: 85477K->85477K(1398272K)
[20.033s][info][gc,metaspace   ] GC(88) Metaspace: 20489K(21120K)->20489K(21120K) NonClass: 18080K(18432K)->18080K(18432K) Class: 2408K(2688K)->2408K(2688K)
[20.033s][info][gc             ] GC(88) Pause Young (Allocation Failure) 759M->84M(2044M) 0.693ms
[20.034s][info][gc,cpu         ] GC(88) User=0.00s Sys=0.00s Real=0.00s
[20.264s][info][gc,start       ] GC(89) Pause Young (Allocation Failure)
[20.265s][info][gc,heap        ] GC(89) PSYoungGen: 691658K->352K(695296K)
[20.265s][info][gc,heap        ] GC(89) ParOldGen: 85477K->85477K(1398272K)
[20.265s][info][gc,metaspace   ] GC(89) Metaspace: 20489K(21120K)->20489K(21120K) NonClass: 18080K(18432K)->18080K(18432K) Class: 2408K(2688K)->2408K(2688K)
[20.265s][info][gc             ] GC(89) Pause Young (Allocation Failure) 758M->83M(2044M) 0.467ms
[20.265s][info][gc,cpu         ] GC(89) User=0.00s Sys=0.00s Real=0.00s
[20.496s][info][gc,start       ] GC(90) Pause Young (Allocation Failure)
[20.497s][info][gc,heap        ] GC(90) PSYoungGen: 692064K->2780K(694784K)
[20.497s][info][gc,heap        ] GC(90) ParOldGen: 85477K->85501K(1398272K)
[20.497s][info][gc,metaspace   ] GC(90) Metaspace: 20489K(21120K)->20489K(21120K) NonClass: 18080K(18432K)->18080K(18432K) Class: 2408K(2688K)->2408K(2688K)
[20.497s][info][gc             ] GC(90) Pause Young (Allocation Failure) 759M->86M(2044M) 1.192ms
[20.497s][info][gc,cpu         ] GC(90) User=0.00s Sys=0.00s Real=0.00s
[20.739s][info][gc,start       ] GC(91) Pause Young (Allocation Failure)
[20.739s][info][gc,heap        ] GC(91) PSYoungGen: 694492K->1930K(694784K)
[20.740s][info][gc,heap        ] GC(91) ParOldGen: 85501K->85501K(1398272K)
[20.740s][info][gc,metaspace   ] GC(91) Metaspace: 20489K(21120K)->20489K(21120K) NonClass: 18080K(18432K)->18080K(18432K) Class: 2408K(2688K)->2408K(2688K)
[20.740s][info][gc             ] GC(91) Pause Young (Allocation Failure) 761M->85M(2044M) 0.911ms
[20.740s][info][gc,cpu         ] GC(91) User=0.00s Sys=0.00s Real=0.00s
[20.966s][info][gc,start       ] GC(92) Pause Young (Allocation Failure)
[20.967s][info][gc,heap        ] GC(92) PSYoungGen: 692618K->1393K(694784K)
[20.967s][info][gc,heap        ] GC(92) ParOldGen: 85501K->85517K(1398272K)
[20.967s][info][gc,metaspace   ] GC(92) Metaspace: 20489K(21120K)->20489K(21120K) NonClass: 18080K(18432K)->18080K(18432K) Class: 2408K(2688K)->2408K(2688K)
[20.967s][info][gc             ] GC(92) Pause Young (Allocation Failure) 759M->84M(2044M) 0.643ms
[20.967s][info][gc,cpu         ] GC(92) User=0.00s Sys=0.00s Real=0.00s
[21.196s][info][gc,start       ] GC(93) Pause Young (Allocation Failure)
[21.196s][info][gc,heap        ] GC(93) PSYoungGen: 692081K->489K(695296K)
[21.196s][info][gc,heap        ] GC(93) ParOldGen: 85517K->85517K(1398272K)
[21.196s][info][gc,metaspace   ] GC(93) Metaspace: 20489K(21120K)->20489K(21120K) NonClass: 18080K(18432K)->18080K(18432K) Class: 2408K(2688K)->2408K(2688K)
[21.197s][info][gc             ] GC(93) Pause Young (Allocation Failure) 759M->83M(2044M) 0.481ms
[21.197s][info][gc,cpu         ] GC(93) User=0.00s Sys=0.00s Real=0.00s
[21.428s][info][gc,start       ] GC(94) Pause Young (Allocation Failure)
[21.429s][info][gc,heap        ] GC(94) PSYoungGen: 692201K->2918K(694784K)
[21.429s][info][gc,heap        ] GC(94) ParOldGen: 85517K->85541K(1398272K)
[21.429s][info][gc,metaspace   ] GC(94) Metaspace: 20489K(21120K)->20489K(21120K) NonClass: 18080K(18432K)->18080K(18432K) Class: 2408K(2688K)->2408K(2688K)
[21.429s][info][gc             ] GC(94) Pause Young (Allocation Failure) 759M->86M(2044M) 1.051ms
[21.429s][info][gc,cpu         ] GC(94) User=0.00s Sys=0.00s Real=0.00s
[21.672s][info][gc,start       ] GC(95) Pause Young (Allocation Failure)
[21.673s][info][gc,heap        ] GC(95) PSYoungGen: 694630K->2079K(694784K)
[21.673s][info][gc,heap        ] GC(95) ParOldGen: 85541K->85541K(1398272K)
[21.673s][info][gc,metaspace   ] GC(95) Metaspace: 20489K(21120K)->20489K(21120K) NonClass: 18080K(18432K)->18080K(18432K) Class: 2408K(2688K)->2408K(2688K)
[21.673s][info][gc             ] GC(95) Pause Young (Allocation Failure) 761M->85M(2044M) 0.930ms
[21.673s][info][gc,cpu         ] GC(95) User=0.00s Sys=0.00s Real=0.00s
[21.905s][info][gc,start       ] GC(96) Pause Young (Allocation Failure)
[21.906s][info][gc,heap        ] GC(96) PSYoungGen: 692767K->1521K(694784K)
[21.906s][info][gc,heap        ] GC(96) ParOldGen: 85541K->85541K(1398272K)
[21.906s][info][gc,metaspace   ] GC(96) Metaspace: 20489K(21120K)->20489K(21120K) NonClass: 18080K(18432K)->18080K(18432K) Class: 2408K(2688K)->2408K(2688K)
[21.906s][info][gc             ] GC(96) Pause Young (Allocation Failure) 760M->85M(2044M) 0.829ms
[21.906s][info][gc,cpu         ] GC(96) User=0.00s Sys=0.00s Real=0.00s
[22.133s][info][gc,start       ] GC(97) Pause Young (Allocation Failure)
[22.134s][info][gc,heap        ] GC(97) PSYoungGen: 692209K->594K(694784K)
[22.134s][info][gc,heap        ] GC(97) ParOldGen: 85541K->85565K(1398272K)
[22.134s][info][gc,metaspace   ] GC(97) Metaspace: 20489K(21120K)->20489K(21120K) NonClass: 18080K(18432K)->18080K(18432K) Class: 2408K(2688K)->2408K(2688K)
[22.134s][info][gc             ] GC(97) Pause Young (Allocation Failure) 759M->84M(2044M) 0.720ms
[22.134s][info][gc,cpu         ] GC(97) User=0.00s Sys=0.00s Real=0.00s
[22.370s][info][gc,start       ] GC(98) Pause Young (Allocation Failure)
[22.371s][info][gc,heap        ] GC(98) PSYoungGen: 691219K->2309K(694784K)
[22.371s][info][gc,heap        ] GC(98) ParOldGen: 85565K->85565K(1398272K)
[22.371s][info][gc,metaspace   ] GC(98) Metaspace: 20489K(21120K)->20489K(21120K) NonClass: 18080K(18432K)->18080K(18432K) Class: 2408K(2688K)->2408K(2688K)
[22.371s][info][gc             ] GC(98) Pause Young (Allocation Failure) 758M->85M(2044M) 1.093ms
[22.371s][info][gc,cpu         ] GC(98) User=0.00s Sys=0.00s Real=0.00s
[22.598s][info][gc,start       ] GC(99) Pause Young (Allocation Failure)
[22.599s][info][gc,heap        ] GC(99) PSYoungGen: 692997K->2275K(694784K)
[22.599s][info][gc,heap        ] GC(99) ParOldGen: 85565K->85565K(1398272K)
[22.599s][info][gc,metaspace   ] GC(99) Metaspace: 20489K(21120K)->20489K(21120K) NonClass: 18080K(18432K)->18080K(18432K) Class: 2408K(2688K)->2408K(2688K)
[22.599s][info][gc             ] GC(99) Pause Young (Allocation Failure) 760M->85M(2044M) 1.252ms
[22.599s][info][gc,cpu         ] GC(99) User=0.00s Sys=0.00s Real=0.00s
[22.731s][info][gc,start       ] GC(100) Pause Young (System.gc())
[22.731s][info][gc,heap        ] GC(100) PSYoungGen: 373355K->96K(694784K)
[22.731s][info][gc,heap        ] GC(100) ParOldGen: 85565K->85565K(1398272K)
[22.731s][info][gc,metaspace   ] GC(100) Metaspace: 20494K(21120K)->20494K(21120K) NonClass: 18085K(18432K)->18085K(18432K) Class: 2408K(2688K)->2408K(2688K)
[22.731s][info][gc             ] GC(100) Pause Young (System.gc()) 448M->83M(2044M) 0.461ms
[22.731s][info][gc,cpu         ] GC(100) User=0.00s Sys=0.00s Real=0.00s
[22.731s][info][gc,start       ] GC(101) Pause Full (System.gc())
[22.731s][info][gc,phases,start] GC(101) Marking Phase
[22.780s][info][gc,phases      ] GC(101) Marking Phase 48.271ms
[22.780s][info][gc,phases,start] GC(101) Summary Phase
[22.780s][info][gc,phases      ] GC(101) Summary Phase 0.010ms
[22.780s][info][gc,phases,start] GC(101) Adjust Roots
[22.781s][info][gc,phases      ] GC(101) Adjust Roots 1.271ms
[22.781s][info][gc,phases,start] GC(101) Compaction Phase
[22.795s][info][gc,phases      ] GC(101) Compaction Phase 13.689ms
[22.795s][info][gc,phases,start] GC(101) Post Compact
[22.796s][info][gc,phases      ] GC(101) Post Compact 0.790ms
[22.796s][info][gc,heap        ] GC(101) PSYoungGen: 96K->0K(694784K)
[22.796s][info][gc,heap        ] GC(101) ParOldGen: 85565K->85453K(1398272K)
[22.796s][info][gc,metaspace   ] GC(101) Metaspace: 20494K(21120K)->20494K(21120K) NonClass: 18085K(18432K)->18085K(18432K) Class: 2408K(2688K)->2408K(2688K)
[22.796s][info][gc             ] GC(101) Pause Full (System.gc()) 83M->83M(2044M) 64.373ms
[22.796s][info][gc,cpu         ] GC(101) User=0.05s Sys=0.00s Real=0.06s
[23.028s][info][gc,start       ] GC(102) Pause Young (Allocation Failure)
[23.028s][info][gc,heap        ] GC(102) PSYoungGen: 690688K->2190K(694784K)
[23.028s][info][gc,heap        ] GC(102) ParOldGen: 85453K->85453K(1398272K)
[23.028s][info][gc,metaspace   ] GC(102) Metaspace: 20494K(21120K)->20494K(21120K) NonClass: 18086K(18432K)->18086K(18432K) Class: 2408K(2688K)->2408K(2688K)
[23.028s][info][gc             ] GC(102) Pause Young (Allocation Failure) 757M->85M(2044M) 0.744ms
[23.028s][info][gc,cpu         ] GC(102) User=0.00s Sys=0.00s Real=0.00s
[23.265s][info][gc,start       ] GC(103) Pause Young (Allocation Failure)
[23.266s][info][gc,heap        ] GC(103) PSYoungGen: 692878K->1748K(694784K)
[23.266s][info][gc,heap        ] GC(103) ParOldGen: 85453K->85469K(1398272K)
[23.266s][info][gc,metaspace   ] GC(103) Metaspace: 20494K(21120K)->20494K(21120K) NonClass: 18086K(18432K)->18086K(18432K) Class: 2408K(2688K)->2408K(2688K)
[23.266s][info][gc             ] GC(103) Pause Young (Allocation Failure) 760M->85M(2044M) 1.311ms
[23.266s][info][gc,cpu         ] GC(103) User=0.00s Sys=0.00s Real=0.00s
[23.509s][info][gc,start       ] GC(104) Pause Young (Allocation Failure)
[23.510s][info][gc,heap        ] GC(104) PSYoungGen: 692436K->1055K(695296K)
[23.510s][info][gc,heap        ] GC(104) ParOldGen: 85469K->85469K(1398272K)
[23.510s][info][gc,metaspace   ] GC(104) Metaspace: 20494K(21120K)->20494K(21120K) NonClass: 18086K(18432K)->18086K(18432K) Class: 2408K(2688K)->2408K(2688K)
[23.510s][info][gc             ] GC(104) Pause Young (Allocation Failure) 759M->84M(2044M) 0.700ms
[23.510s][info][gc,cpu         ] GC(104) User=0.00s Sys=0.00s Real=0.00s
[23.761s][info][gc,start       ] GC(105) Pause Young (Allocation Failure)
[23.762s][info][gc,heap        ] GC(105) PSYoungGen: 692255K->440K(694784K)
[23.762s][info][gc,heap        ] GC(105) ParOldGen: 85469K->85469K(1398272K)
[23.762s][info][gc,metaspace   ] GC(105) Metaspace: 20494K(21120K)->20494K(21120K) NonClass: 18086K(18432K)->18086K(18432K) Class: 2408K(2688K)->2408K(2688K)
[23.762s][info][gc             ] GC(105) Pause Young (Allocation Failure) 759M->83M(2044M) 0.613ms
[23.762s][info][gc,cpu         ] GC(105) User=0.00s Sys=0.00s Real=0.00s
[23.998s][info][gc,start       ] GC(106) Pause Young (Allocation Failure)
[23.999s][info][gc,heap        ] GC(106) PSYoungGen: 691640K->2571K(694272K)
[23.999s][info][gc,heap        ] GC(106) ParOldGen: 85469K->85493K(1398272K)
[23.999s][info][gc,metaspace   ] GC(106) Metaspace: 20494K(21120K)->20494K(21120K) NonClass: 18086K(18432K)->18086K(18432K) Class: 2408K(2688K)->2408K(2688K)
[23.999s][info][gc             ] GC(106) Pause Young (Allocation Failure) 758M->86M(2043M) 1.208ms
[23.999s][info][gc,cpu         ] GC(106) User=0.00s Sys=0.00s Real=0.00s
[24.232s][info][gc,start       ] GC(107) Pause Young (Allocation Failure)
[24.233s][info][gc,heap        ] GC(107) PSYoungGen: 693259K->2131K(694784K)
[24.233s][info][gc,heap        ] GC(107) ParOldGen: 85493K->85493K(1398272K)
[24.233s][info][gc,metaspace   ] GC(107) Metaspace: 20494K(21120K)->20494K(21120K) NonClass: 18086K(18432K)->18086K(18432K) Class: 2408K(2688K)->2408K(2688K)
[24.233s][info][gc             ] GC(107) Pause Young (Allocation Failure) 760M->85M(2044M) 1.033ms
[24.233s][info][gc,cpu         ] GC(107) User=0.02s Sys=0.00s Real=0.00s
[24.474s][info][gc,start       ] GC(108) Pause Young (Allocation Failure)
[24.475s][info][gc,heap        ] GC(108) PSYoungGen: 692819K->1421K(695296K)
[24.475s][info][gc,heap        ] GC(108) ParOldGen: 85493K->85493K(1398272K)
[24.475s][info][gc,metaspace   ] GC(108) Metaspace: 20494K(21120K)->20494K(21120K) NonClass: 18086K(18432K)->18086K(18432K) Class: 2408K(2688K)->2408K(2688K)
[24.475s][info][gc             ] GC(108) Pause Young (Allocation Failure) 760M->84M(2044M) 0.758ms
[24.475s][info][gc,cpu         ] GC(108) User=0.00s Sys=0.00s Real=0.00s
[24.719s][info][gc,start       ] GC(109) Pause Young (Allocation Failure)
[24.720s][info][gc,heap        ] GC(109) PSYoungGen: 692621K->659K(694784K)
[24.720s][info][gc,heap        ] GC(109) ParOldGen: 85493K->85493K(1398272K)
[24.720s][info][gc,metaspace   ] GC(109) Metaspace: 20494K(21120K)->20494K(21120K) NonClass: 18086K(18432K)->18086K(18432K) Class: 2408K(2688K)->2408K(2688K)
[24.720s][info][gc             ] GC(109) Pause Young (Allocation Failure) 759M->84M(2044M) 0.599ms
[24.720s][info][gc,cpu         ] GC(109) User=0.00s Sys=0.00s Real=0.00s
[24.947s][info][gc,start       ] GC(110) Pause Young (Allocation Failure)
[24.948s][info][gc,heap        ] GC(110) PSYoungGen: 691859K->2827K(694272K)
[24.948s][info][gc,heap        ] GC(110) ParOldGen: 85493K->85517K(1398272K)
[24.948s][info][gc,metaspace   ] GC(110) Metaspace: 20494K(21120K)->20494K(21120K) NonClass: 18086K(18432K)->18086K(18432K) Class: 2408K(2688K)->2408K(2688K)
[24.948s][info][gc             ] GC(110) Pause Young (Allocation Failure) 759M->86M(2043M) 1.399ms
[24.948s][info][gc,cpu         ] GC(110) User=0.00s Sys=0.00s Real=0.00s
[25.176s][info][gc,start       ] GC(111) Pause Young (Allocation Failure)
[25.176s][info][gc,heap        ] GC(111) PSYoungGen: 693515K->1851K(694784K)
[25.176s][info][gc,heap        ] GC(111) ParOldGen: 85517K->85517K(1398272K)
[25.176s][info][gc,metaspace   ] GC(111) Metaspace: 20494K(21120K)->20494K(21120K) NonClass: 18086K(18432K)->18086K(18432K) Class: 2408K(2688K)->2408K(2688K)
[25.176s][info][gc             ] GC(111) Pause Young (Allocation Failure) 760M->85M(2044M) 0.680ms
[25.176s][info][gc,cpu         ] GC(111) User=0.00s Sys=0.00s Real=0.00s
[25.410s][info][gc,start       ] GC(112) Pause Young (Allocation Failure)
[25.411s][info][gc,heap        ] GC(112) PSYoungGen: 692539K->1314K(695296K)
[25.411s][info][gc,heap        ] GC(112) ParOldGen: 85517K->85517K(1398272K)
[25.411s][info][gc,metaspace   ] GC(112) Metaspace: 20494K(21120K)->20494K(21120K) NonClass: 18086K(18432K)->18086K(18432K) Class: 2408K(2688K)->2408K(2688K)
[25.411s][info][gc             ] GC(112) Pause Young (Allocation Failure) 759M->84M(2044M) 0.615ms
[25.411s][info][gc,cpu         ] GC(112) User=0.00s Sys=0.00s Real=0.00s
[25.642s][info][gc,start       ] GC(113) Pause Young (Allocation Failure)
[25.643s][info][gc,heap        ] GC(113) PSYoungGen: 692514K->690K(694784K)
[25.643s][info][gc,heap        ] GC(113) ParOldGen: 85517K->85541K(1398272K)
[25.643s][info][gc,metaspace   ] GC(113) Metaspace: 20494K(21120K)->20494K(21120K) NonClass: 18086K(18432K)->18086K(18432K) Class: 2408K(2688K)->2408K(2688K)
[25.643s][info][gc             ] GC(113) Pause Young (Allocation Failure) 759M->84M(2044M) 0.628ms
[25.643s][info][gc,cpu         ] GC(113) User=0.00s Sys=0.00s Real=0.00s
[25.873s][info][gc,start       ] GC(114) Pause Young (Allocation Failure)
[25.874s][info][gc,heap        ] GC(114) PSYoungGen: 691890K->2650K(694272K)
[25.874s][info][gc,heap        ] GC(114) ParOldGen: 85541K->85541K(1398272K)
[25.874s][info][gc,metaspace   ] GC(114) Metaspace: 20494K(21120K)->20494K(21120K) NonClass: 18086K(18432K)->18086K(18432K) Class: 2408K(2688K)->2408K(2688K)
[25.874s][info][gc             ] GC(114) Pause Young (Allocation Failure) 759M->86M(2043M) 1.128ms
[25.874s][info][gc,cpu         ] GC(114) User=0.00s Sys=0.00s Real=0.00s
[26.111s][info][gc,start       ] GC(115) Pause Young (Allocation Failure)
[26.112s][info][gc,heap        ] GC(115) PSYoungGen: 693338K->2176K(694784K)
[26.112s][info][gc,heap        ] GC(115) ParOldGen: 85541K->85541K(1398272K)
[26.112s][info][gc,metaspace   ] GC(115) Metaspace: 20494K(21120K)->20494K(21120K) NonClass: 18086K(18432K)->18086K(18432K) Class: 2408K(2688K)->2408K(2688K)
[26.112s][info][gc             ] GC(115) Pause Young (Allocation Failure) 760M->85M(2044M) 0.874ms
[26.112s][info][gc,cpu         ] GC(115) User=0.00s Sys=0.00s Real=0.00s
[26.238s][info][gc,start       ] GC(116) Pause Young (System.gc())
[26.238s][info][gc,heap        ] GC(116) PSYoungGen: 372299K->64K(694784K)
[26.238s][info][gc,heap        ] GC(116) ParOldGen: 85541K->85541K(1398272K)
[26.238s][info][gc,metaspace   ] GC(116) Metaspace: 20495K(21120K)->20495K(21120K) NonClass: 18087K(18432K)->18087K(18432K) Class: 2408K(2688K)->2408K(2688K)
[26.238s][info][gc             ] GC(116) Pause Young (System.gc()) 447M->83M(2044M) 0.400ms
[26.238s][info][gc,cpu         ] GC(116) User=0.00s Sys=0.00s Real=0.00s
[26.238s][info][gc,start       ] GC(117) Pause Full (System.gc())
[26.238s][info][gc,phases,start] GC(117) Marking Phase
[26.284s][info][gc,phases      ] GC(117) Marking Phase 45.585ms
[26.284s][info][gc,phases,start] GC(117) Summary Phase
[26.284s][info][gc,phases      ] GC(117) Summary Phase 0.011ms
[26.284s][info][gc,phases,start] GC(117) Adjust Roots
[26.285s][info][gc,phases      ] GC(117) Adjust Roots 1.293ms
[26.285s][info][gc,phases,start] GC(117) Compaction Phase
[26.298s][info][gc,phases      ] GC(117) Compaction Phase 12.668ms
[26.298s][info][gc,phases,start] GC(117) Post Compact
[26.299s][info][gc,phases      ] GC(117) Post Compact 0.935ms
[26.299s][info][gc,heap        ] GC(117) PSYoungGen: 64K->0K(694784K)
[26.299s][info][gc,heap        ] GC(117) ParOldGen: 85541K->85453K(1398272K)
[26.299s][info][gc,metaspace   ] GC(117) Metaspace: 20495K(21120K)->20495K(21120K) NonClass: 18087K(18432K)->18087K(18432K) Class: 2408K(2688K)->2408K(2688K)
[26.299s][info][gc             ] GC(117) Pause Full (System.gc()) 83M->83M(2044M) 60.894ms
[26.299s][info][gc,cpu         ] GC(117) User=0.06s Sys=0.00s Real=0.06s
[26.554s][info][gc,start       ] GC(118) Pause Young (Allocation Failure)
[26.556s][info][gc,heap        ] GC(118) PSYoungGen: 690688K->2330K(694784K)
[26.556s][info][gc,heap        ] GC(118) ParOldGen: 85453K->85453K(1398272K)
[26.556s][info][gc,metaspace   ] GC(118) Metaspace: 20498K(21120K)->20498K(21120K) NonClass: 18089K(18432K)->18089K(18432K) Class: 2408K(2688K)->2408K(2688K)
[26.556s][info][gc             ] GC(118) Pause Young (Allocation Failure) 757M->85M(2044M) 1.388ms
[26.556s][info][gc,cpu         ] GC(118) User=0.00s Sys=0.00s Real=0.00s
[26.786s][info][gc,start       ] GC(119) Pause Young (Allocation Failure)
[26.787s][info][gc,heap        ] GC(119) PSYoungGen: 693018K->1594K(694784K)
[26.787s][info][gc,heap        ] GC(119) ParOldGen: 85453K->85477K(1398272K)
[26.787s][info][gc,metaspace   ] GC(119) Metaspace: 20498K(21120K)->20498K(21120K) NonClass: 18089K(18432K)->18089K(18432K) Class: 2408K(2688K)->2408K(2688K)
[26.787s][info][gc             ] GC(119) Pause Young (Allocation Failure) 760M->85M(2044M) 0.779ms
[26.787s][info][gc,cpu         ] GC(119) User=0.00s Sys=0.00s Real=0.00s
[27.016s][info][gc,start       ] GC(120) Pause Young (Allocation Failure)
[27.017s][info][gc,heap        ] GC(120) PSYoungGen: 692282K->943K(694784K)
[27.017s][info][gc,heap        ] GC(120) ParOldGen: 85477K->85477K(1398272K)
[27.017s][info][gc,metaspace   ] GC(120) Metaspace: 20498K(21120K)->20498K(21120K) NonClass: 18089K(18432K)->18089K(18432K) Class: 2408K(2688K)->2408K(2688K)
[27.017s][info][gc             ] GC(120) Pause Young (Allocation Failure) 759M->84M(2044M) 0.884ms
[27.017s][info][gc,cpu         ] GC(120) User=0.00s Sys=0.00s Real=0.00s
[27.244s][info][gc,start       ] GC(121) Pause Young (Allocation Failure)
[27.244s][info][gc,heap        ] GC(121) PSYoungGen: 691631K->192K(695296K)
[27.244s][info][gc,heap        ] GC(121) ParOldGen: 85477K->85477K(1398272K)
[27.244s][info][gc,metaspace   ] GC(121) Metaspace: 20498K(21120K)->20498K(21120K) NonClass: 18089K(18432K)->18089K(18432K) Class: 2408K(2688K)->2408K(2688K)
[27.244s][info][gc             ] GC(121) Pause Young (Allocation Failure) 758M->83M(2044M) 0.468ms
[27.244s][info][gc,cpu         ] GC(121) User=0.00s Sys=0.00s Real=0.00s
[27.470s][info][gc,start       ] GC(122) Pause Young (Allocation Failure)
[27.471s][info][gc,heap        ] GC(122) PSYoungGen: 691904K->2220K(694272K)
[27.471s][info][gc,heap        ] GC(122) ParOldGen: 85477K->85501K(1398272K)
[27.471s][info][gc,metaspace   ] GC(122) Metaspace: 20498K(21120K)->20498K(21120K) NonClass: 18089K(18432K)->18089K(18432K) Class: 2408K(2688K)->2408K(2688K)
[27.471s][info][gc             ] GC(122) Pause Young (Allocation Failure) 759M->85M(2043M) 0.965ms
[27.471s][info][gc,cpu         ] GC(122) User=0.00s Sys=0.00s Real=0.00s
[27.700s][info][gc,start       ] GC(123) Pause Young (Allocation Failure)
[27.701s][info][gc,heap        ] GC(123) PSYoungGen: 693932K->1951K(694784K)
[27.701s][info][gc,heap        ] GC(123) ParOldGen: 85501K->85501K(1398272K)
[27.701s][info][gc,metaspace   ] GC(123) Metaspace: 20498K(21120K)->20498K(21120K) NonClass: 18089K(18432K)->18089K(18432K) Class: 2408K(2688K)->2408K(2688K)
[27.701s][info][gc             ] GC(123) Pause Young (Allocation Failure) 761M->85M(2044M) 0.837ms
[27.701s][info][gc,cpu         ] GC(123) User=0.02s Sys=0.00s Real=0.00s
[27.938s][info][gc,start       ] GC(124) Pause Young (Allocation Failure)
[27.938s][info][gc,heap        ] GC(124) PSYoungGen: 692639K->1199K(694784K)
[27.938s][info][gc,heap        ] GC(124) ParOldGen: 85501K->85501K(1398272K)
[27.938s][info][gc,metaspace   ] GC(124) Metaspace: 20498K(21120K)->20498K(21120K) NonClass: 18089K(18432K)->18089K(18432K) Class: 2408K(2688K)->2408K(2688K)
[27.938s][info][gc             ] GC(124) Pause Young (Allocation Failure) 759M->84M(2044M) 0.726ms
[27.938s][info][gc,cpu         ] GC(124) User=0.00s Sys=0.00s Real=0.00s
[28.164s][info][gc,start       ] GC(125) Pause Young (Allocation Failure)
[28.165s][info][gc,heap        ] GC(125) PSYoungGen: 691887K->432K(695296K)
[28.165s][info][gc,heap        ] GC(125) ParOldGen: 85501K->85501K(1398272K)
[28.165s][info][gc,metaspace   ] GC(125) Metaspace: 20498K(21120K)->20498K(21120K) NonClass: 18089K(18432K)->18089K(18432K) Class: 2408K(2688K)->2408K(2688K)
[28.165s][info][gc             ] GC(125) Pause Young (Allocation Failure) 759M->83M(2044M) 0.638ms
[28.165s][info][gc,cpu         ] GC(125) User=0.00s Sys=0.00s Real=0.00s
[28.393s][info][gc,start       ] GC(126) Pause Young (Allocation Failure)
[28.394s][info][gc,heap        ] GC(126) PSYoungGen: 692144K->2683K(694784K)
[28.394s][info][gc,heap        ] GC(126) ParOldGen: 85501K->85525K(1398272K)
[28.394s][info][gc,metaspace   ] GC(126) Metaspace: 20498K(21120K)->20498K(21120K) NonClass: 18089K(18432K)->18089K(18432K) Class: 2408K(2688K)->2408K(2688K)
[28.394s][info][gc             ] GC(126) Pause Young (Allocation Failure) 759M->86M(2044M) 0.824ms
[28.394s][info][gc,cpu         ] GC(126) User=0.00s Sys=0.00s Real=0.00s
[28.624s][info][gc,start       ] GC(127) Pause Young (Allocation Failure)
[28.624s][info][gc,heap        ] GC(127) PSYoungGen: 694395K->2023K(694784K)
[28.624s][info][gc,heap        ] GC(127) ParOldGen: 85525K->85525K(1398272K)
[28.624s][info][gc,metaspace   ] GC(127) Metaspace: 20498K(21120K)->20498K(21120K) NonClass: 18089K(18432K)->18089K(18432K) Class: 2408K(2688K)->2408K(2688K)
[28.624s][info][gc             ] GC(127) Pause Young (Allocation Failure) 761M->85M(2044M) 0.732ms
[28.624s][info][gc,cpu         ] GC(127) User=0.00s Sys=0.00s Real=0.00s
[28.853s][info][gc,start       ] GC(128) Pause Young (Allocation Failure)
[28.853s][info][gc,heap        ] GC(128) PSYoungGen: 692711K->1422K(694784K)
[28.853s][info][gc,heap        ] GC(128) ParOldGen: 85525K->85525K(1398272K)
[28.853s][info][gc,metaspace   ] GC(128) Metaspace: 20498K(21120K)->20498K(21120K) NonClass: 18089K(18432K)->18089K(18432K) Class: 2408K(2688K)->2408K(2688K)
[28.853s][info][gc             ] GC(128) Pause Young (Allocation Failure) 759M->84M(2044M) 0.650ms
[28.854s][info][gc,cpu         ] GC(128) User=0.00s Sys=0.00s Real=0.00s
[29.084s][info][gc,start       ] GC(129) Pause Young (Allocation Failure)
[29.084s][info][gc,heap        ] GC(129) PSYoungGen: 692110K->728K(695296K)
[29.084s][info][gc,heap        ] GC(129) ParOldGen: 85525K->85541K(1398272K)
[29.084s][info][gc,metaspace   ] GC(129) Metaspace: 20498K(21120K)->20498K(21120K) NonClass: 18089K(18432K)->18089K(18432K) Class: 2408K(2688K)->2408K(2688K)
[29.084s][info][gc             ] GC(129) Pause Young (Allocation Failure) 759M->84M(2044M) 0.473ms
[29.084s][info][gc,cpu         ] GC(129) User=0.00s Sys=0.00s Real=0.00s
[29.307s][info][gc,start       ] GC(130) Pause Young (Allocation Failure)
[29.308s][info][gc,heap        ] GC(130) PSYoungGen: 692440K->2650K(694784K)
[29.308s][info][gc,heap        ] GC(130) ParOldGen: 85541K->85541K(1398272K)
[29.308s][info][gc,metaspace   ] GC(130) Metaspace: 20498K(21120K)->20498K(21120K) NonClass: 18089K(18432K)->18089K(18432K) Class: 2408K(2688K)->2408K(2688K)
[29.308s][info][gc             ] GC(130) Pause Young (Allocation Failure) 759M->86M(2044M) 1.383ms
[29.308s][info][gc,cpu         ] GC(130) User=0.00s Sys=0.00s Real=0.00s
[29.540s][info][gc,start       ] GC(131) Pause Young (Allocation Failure)
[29.541s][info][gc,heap        ] GC(131) PSYoungGen: 694362K->2269K(694784K)
[29.541s][info][gc,heap        ] GC(131) ParOldGen: 85541K->85541K(1398272K)
[29.541s][info][gc,metaspace   ] GC(131) Metaspace: 20498K(21120K)->20498K(21120K) NonClass: 18089K(18432K)->18089K(18432K) Class: 2408K(2688K)->2408K(2688K)
[29.541s][info][gc             ] GC(131) Pause Young (Allocation Failure) 761M->85M(2044M) 0.889ms
[29.541s][info][gc,cpu         ] GC(131) User=0.00s Sys=0.00s Real=0.00s
[29.671s][info][gc,start       ] GC(132) Pause Young (System.gc())
[29.672s][info][gc,heap        ] GC(132) PSYoungGen: 370235K->64K(694784K)
[29.672s][info][gc,heap        ] GC(132) ParOldGen: 85541K->85541K(1398272K)
[29.672s][info][gc,metaspace   ] GC(132) Metaspace: 20498K(21120K)->20498K(21120K) NonClass: 18090K(18432K)->18090K(18432K) Class: 2408K(2688K)->2408K(2688K)
[29.672s][info][gc             ] GC(132) Pause Young (System.gc()) 445M->83M(2044M) 0.401ms
[29.672s][info][gc,cpu         ] GC(132) User=0.00s Sys=0.00s Real=0.00s
[29.672s][info][gc,start       ] GC(133) Pause Full (System.gc())
[29.672s][info][gc,phases,start] GC(133) Marking Phase
[29.721s][info][gc,phases      ] GC(133) Marking Phase 48.764ms
[29.721s][info][gc,phases,start] GC(133) Summary Phase
[29.721s][info][gc,phases      ] GC(133) Summary Phase 0.010ms
[29.721s][info][gc,phases,start] GC(133) Adjust Roots
[29.722s][info][gc,phases      ] GC(133) Adjust Roots 1.294ms
[29.722s][info][gc,phases,start] GC(133) Compaction Phase
[29.736s][info][gc,phases      ] GC(133) Compaction Phase 13.636ms
[29.736s][info][gc,phases,start] GC(133) Post Compact
[29.736s][info][gc,phases      ] GC(133) Post Compact 0.590ms
[29.736s][info][gc,heap        ] GC(133) PSYoungGen: 64K->0K(694784K)
[29.736s][info][gc,heap        ] GC(133) ParOldGen: 85541K->85453K(1398272K)
[29.736s][info][gc,metaspace   ] GC(133) Metaspace: 20498K(21120K)->20498K(21120K) NonClass: 18090K(18432K)->18090K(18432K) Class: 2408K(2688K)->2408K(2688K)
[29.736s][info][gc             ] GC(133) Pause Full (System.gc()) 83M->83M(2044M) 64.546ms
[29.736s][info][gc,cpu         ] GC(133) User=0.06s Sys=0.00s Real=0.07s
[29.962s][info][gc,start       ] GC(134) Pause Young (Allocation Failure)
[29.963s][info][gc,heap        ] GC(134) PSYoungGen: 690688K->2290K(694784K)
[29.963s][info][gc,heap        ] GC(134) ParOldGen: 85453K->85461K(1398272K)
[29.963s][info][gc,metaspace   ] GC(134) Metaspace: 20499K(21120K)->20499K(21120K) NonClass: 18091K(18432K)->18091K(18432K) Class: 2408K(2688K)->2408K(2688K)
[29.963s][info][gc             ] GC(134) Pause Young (Allocation Failure) 757M->85M(2044M) 1.046ms
[29.963s][info][gc,cpu         ] GC(134) User=0.00s Sys=0.00s Real=0.00s
[30.192s][info][gc,start       ] GC(135) Pause Young (Allocation Failure)
[30.193s][info][gc,heap        ] GC(135) PSYoungGen: 692978K->1637K(694784K)
[30.193s][info][gc,heap        ] GC(135) ParOldGen: 85461K->85477K(1398272K)
[30.193s][info][gc,metaspace   ] GC(135) Metaspace: 20499K(21120K)->20499K(21120K) NonClass: 18091K(18432K)->18091K(18432K) Class: 2408K(2688K)->2408K(2688K)
[30.193s][info][gc             ] GC(135) Pause Young (Allocation Failure) 760M->85M(2044M) 0.782ms
[30.193s][info][gc,cpu         ] GC(135) User=0.00s Sys=0.00s Real=0.00s
[30.430s][info][gc,start       ] GC(136) Pause Young (Allocation Failure)
[30.431s][info][gc,heap        ] GC(136) PSYoungGen: 692325K->1030K(695296K)
[30.431s][info][gc,heap        ] GC(136) ParOldGen: 85477K->85477K(1398272K)
[30.431s][info][gc,metaspace   ] GC(136) Metaspace: 20499K(21120K)->20499K(21120K) NonClass: 18091K(18432K)->18091K(18432K) Class: 2408K(2688K)->2408K(2688K)
[30.431s][info][gc             ] GC(136) Pause Young (Allocation Failure) 759M->84M(2044M) 0.923ms
[30.431s][info][gc,cpu         ] GC(136) User=0.00s Sys=0.00s Real=0.00s
[30.659s][info][gc,start       ] GC(137) Pause Young (Allocation Failure)
[30.660s][info][gc,heap        ] GC(137) PSYoungGen: 692230K->2145K(694784K)
[30.660s][info][gc,heap        ] GC(137) ParOldGen: 85477K->85477K(1398272K)
[30.660s][info][gc,metaspace   ] GC(137) Metaspace: 20499K(21120K)->20499K(21120K) NonClass: 18091K(18432K)->18091K(18432K) Class: 2408K(2688K)->2408K(2688K)
[30.660s][info][gc             ] GC(137) Pause Young (Allocation Failure) 759M->85M(2044M) 1.385ms
[30.660s][info][gc,cpu         ] GC(137) User=0.00s Sys=0.00s Real=0.00s
[30.886s][info][gc,start       ] GC(138) Pause Young (Allocation Failure)
[30.886s][info][gc,heap        ] GC(138) PSYoungGen: 693345K->2306K(694272K)
[30.886s][info][gc,heap        ] GC(138) ParOldGen: 85477K->85501K(1398272K)
[30.886s][info][gc,metaspace   ] GC(138) Metaspace: 20499K(21120K)->20499K(21120K) NonClass: 18091K(18432K)->18091K(18432K) Class: 2408K(2688K)->2408K(2688K)
[30.886s][info][gc             ] GC(138) Pause Young (Allocation Failure) 760M->85M(2043M) 0.879ms
[30.887s][info][gc,cpu         ] GC(138) User=0.00s Sys=0.00s Real=0.00s
[31.117s][info][gc,start       ] GC(139) Pause Young (Allocation Failure)
[31.118s][info][gc,heap        ] GC(139) PSYoungGen: 692994K->1806K(694784K)
[31.118s][info][gc,heap        ] GC(139) ParOldGen: 85501K->85501K(1398272K)
[31.118s][info][gc,metaspace   ] GC(139) Metaspace: 20499K(21120K)->20499K(21120K) NonClass: 18091K(18432K)->18091K(18432K) Class: 2408K(2688K)->2408K(2688K)
[31.118s][info][gc             ] GC(139) Pause Young (Allocation Failure) 760M->85M(2044M) 0.771ms
[31.118s][info][gc,cpu         ] GC(139) User=0.00s Sys=0.00s Real=0.00s
[31.349s][info][gc,start       ] GC(140) Pause Young (Allocation Failure)
[31.350s][info][gc,heap        ] GC(140) PSYoungGen: 692494K->964K(695296K)
[31.350s][info][gc,heap        ] GC(140) ParOldGen: 85501K->85501K(1398272K)
[31.350s][info][gc,metaspace   ] GC(140) Metaspace: 20499K(21120K)->20499K(21120K) NonClass: 18091K(18432K)->18091K(18432K) Class: 2408K(2688K)->2408K(2688K)
[31.350s][info][gc             ] GC(140) Pause Young (Allocation Failure) 759M->84M(2044M) 0.660ms
[31.350s][info][gc,cpu         ] GC(140) User=0.00s Sys=0.00s Real=0.00s
[31.581s][info][gc,start       ] GC(141) Pause Young (Allocation Failure)
[31.581s][info][gc,heap        ] GC(141) PSYoungGen: 692676K->384K(695296K)
[31.581s][info][gc,heap        ] GC(141) ParOldGen: 85501K->85501K(1398272K)
[31.581s][info][gc,metaspace   ] GC(141) Metaspace: 20499K(21120K)->20499K(21120K) NonClass: 18091K(18432K)->18091K(18432K) Class: 2408K(2688K)->2408K(2688K)
[31.581s][info][gc             ] GC(141) Pause Young (Allocation Failure) 759M->83M(2044M) 0.504ms
[31.581s][info][gc,cpu         ] GC(141) User=0.00s Sys=0.00s Real=0.00s
[31.801s][info][gc,start       ] GC(142) Pause Young (Allocation Failure)
[31.803s][info][gc,heap        ] GC(142) PSYoungGen: 692049K->2733K(694272K)
[31.803s][info][gc,heap        ] GC(142) ParOldGen: 85501K->85517K(1398272K)
[31.803s][info][gc,metaspace   ] GC(142) Metaspace: 20499K(21120K)->20499K(21120K) NonClass: 18091K(18432K)->18091K(18432K) Class: 2408K(2688K)->2408K(2688K)
[31.803s][info][gc             ] GC(142) Pause Young (Allocation Failure) 759M->86M(2043M) 1.437ms
[31.803s][info][gc,cpu         ] GC(142) User=0.00s Sys=0.00s Real=0.00s
[32.035s][info][gc,start       ] GC(143) Pause Young (Allocation Failure)
[32.036s][info][gc,heap        ] GC(143) PSYoungGen: 693421K->2169K(694784K)
[32.036s][info][gc,heap        ] GC(143) ParOldGen: 85517K->85517K(1398272K)
[32.036s][info][gc,metaspace   ] GC(143) Metaspace: 20499K(21120K)->20499K(21120K) NonClass: 18091K(18432K)->18091K(18432K) Class: 2408K(2688K)->2408K(2688K)
[32.036s][info][gc             ] GC(143) Pause Young (Allocation Failure) 760M->85M(2044M) 0.704ms
[32.036s][info][gc,cpu         ] GC(143) User=0.00s Sys=0.00s Real=0.00s
[32.281s][info][gc,start       ] GC(144) Pause Young (Allocation Failure)
[32.282s][info][gc,heap        ] GC(144) PSYoungGen: 692857K->1357K(695296K)
[32.282s][info][gc,heap        ] GC(144) ParOldGen: 85517K->85517K(1398272K)
[32.282s][info][gc,metaspace   ] GC(144) Metaspace: 20499K(21120K)->20499K(21120K) NonClass: 18091K(18432K)->18091K(18432K) Class: 2408K(2688K)->2408K(2688K)
[32.282s][info][gc             ] GC(144) Pause Young (Allocation Failure) 760M->84M(2044M) 0.810ms
[32.282s][info][gc,cpu         ] GC(144) User=0.00s Sys=0.00s Real=0.00s
[32.517s][info][gc,start       ] GC(145) Pause Young (Allocation Failure)
[32.517s][info][gc,heap        ] GC(145) PSYoungGen: 692557K->850K(694784K)
[32.517s][info][gc,heap        ] GC(145) ParOldGen: 85517K->85541K(1398272K)
[32.517s][info][gc,metaspace   ] GC(145) Metaspace: 20499K(21120K)->20499K(21120K) NonClass: 18091K(18432K)->18091K(18432K) Class: 2408K(2688K)->2408K(2688K)
[32.517s][info][gc             ] GC(145) Pause Young (Allocation Failure) 759M->84M(2044M) 0.533ms
[32.517s][info][gc,cpu         ] GC(145) User=0.00s Sys=0.00s Real=0.00s
[32.742s][info][gc,start       ] GC(146) Pause Young (Allocation Failure)
[32.743s][info][gc,heap        ] GC(146) PSYoungGen: 691672K->2504K(694272K)
[32.743s][info][gc,heap        ] GC(146) ParOldGen: 85541K->85541K(1398272K)
[32.743s][info][gc,metaspace   ] GC(146) Metaspace: 20499K(21120K)->20499K(21120K) NonClass: 18091K(18432K)->18091K(18432K) Class: 2408K(2688K)->2408K(2688K)
[32.743s][info][gc             ] GC(146) Pause Young (Allocation Failure) 758M->85M(2043M) 1.748ms
[32.743s][info][gc,cpu         ] GC(146) User=0.00s Sys=0.00s Real=0.00s
[32.972s][info][gc,start       ] GC(147) Pause Young (Allocation Failure)
[32.973s][info][gc,heap        ] GC(147) PSYoungGen: 693192K->2270K(694784K)
[32.973s][info][gc,heap        ] GC(147) ParOldGen: 85541K->85541K(1398272K)
[32.973s][info][gc,metaspace   ] GC(147) Metaspace: 20499K(21120K)->20499K(21120K) NonClass: 18091K(18432K)->18091K(18432K) Class: 2408K(2688K)->2408K(2688K)
[32.973s][info][gc             ] GC(147) Pause Young (Allocation Failure) 760M->85M(2044M) 0.747ms
[32.973s][info][gc,cpu         ] GC(147) User=0.00s Sys=0.00s Real=0.00s
[33.100s][info][gc,start       ] GC(148) Pause Young (System.gc())
[33.100s][info][gc,heap        ] GC(148) PSYoungGen: 372891K->96K(694784K)
[33.100s][info][gc,heap        ] GC(148) ParOldGen: 85541K->85541K(1398272K)
[33.100s][info][gc,metaspace   ] GC(148) Metaspace: 20500K(21120K)->20500K(21120K) NonClass: 18092K(18432K)->18092K(18432K) Class: 2408K(2688K)->2408K(2688K)
[33.100s][info][gc             ] GC(148) Pause Young (System.gc()) 447M->83M(2044M) 0.413ms
[33.100s][info][gc,cpu         ] GC(148) User=0.00s Sys=0.00s Real=0.00s
[33.100s][info][gc,start       ] GC(149) Pause Full (System.gc())
[33.100s][info][gc,phases,start] GC(149) Marking Phase
[33.156s][info][gc,phases      ] GC(149) Marking Phase 55.815ms
[33.156s][info][gc,phases,start] GC(149) Summary Phase
[33.156s][info][gc,phases      ] GC(149) Summary Phase 0.011ms
[33.156s][info][gc,phases,start] GC(149) Adjust Roots
[33.157s][info][gc,phases      ] GC(149) Adjust Roots 1.418ms
[33.158s][info][gc,phases,start] GC(149) Compaction Phase
[33.173s][info][gc,phases      ] GC(149) Compaction Phase 15.115ms
[33.173s][info][gc,phases,start] GC(149) Post Compact
[33.173s][info][gc,phases      ] GC(149) Post Compact 0.557ms
[33.173s][info][gc,heap        ] GC(149) PSYoungGen: 96K->0K(694784K)
[33.173s][info][gc,heap        ] GC(149) ParOldGen: 85541K->85453K(1398272K)
[33.173s][info][gc,metaspace   ] GC(149) Metaspace: 20500K(21120K)->20500K(21120K) NonClass: 18092K(18432K)->18092K(18432K) Class: 2408K(2688K)->2408K(2688K)
[33.173s][info][gc             ] GC(149) Pause Full (System.gc()) 83M->83M(2044M) 73.282ms
[33.173s][info][gc,cpu         ] GC(149) User=0.20s Sys=0.00s Real=0.07s
[33.406s][info][gc,start       ] GC(150) Pause Young (Allocation Failure)
[33.406s][info][gc,heap        ] GC(150) PSYoungGen: 690686K->2517K(694784K)
[33.406s][info][gc,heap        ] GC(150) ParOldGen: 85453K->85453K(1398272K)
[33.406s][info][gc,metaspace   ] GC(150) Metaspace: 20500K(21120K)->20500K(21120K) NonClass: 18092K(18432K)->18092K(18432K) Class: 2408K(2688K)->2408K(2688K)
[33.407s][info][gc             ] GC(150) Pause Young (Allocation Failure) 757M->85M(2044M) 0.967ms
[33.407s][info][gc,cpu         ] GC(150) User=0.00s Sys=0.00s Real=0.00s
[33.647s][info][gc,start       ] GC(151) Pause Young (Allocation Failure)
[33.648s][info][gc,heap        ] GC(151) PSYoungGen: 693205K->1644K(694784K)
[33.648s][info][gc,heap        ] GC(151) ParOldGen: 85453K->85477K(1398272K)
[33.648s][info][gc,metaspace   ] GC(151) Metaspace: 20500K(21120K)->20500K(21120K) NonClass: 18092K(18432K)->18092K(18432K) Class: 2408K(2688K)->2408K(2688K)
[33.648s][info][gc             ] GC(151) Pause Young (Allocation Failure) 760M->85M(2044M) 0.831ms
[33.648s][info][gc,cpu         ] GC(151) User=0.00s Sys=0.00s Real=0.00s
[33.883s][info][gc,start       ] GC(152) Pause Young (Allocation Failure)
[33.884s][info][gc,heap        ] GC(152) PSYoungGen: 692332K->1071K(694784K)
[33.884s][info][gc,heap        ] GC(152) ParOldGen: 85477K->85477K(1398272K)
[33.884s][info][gc,metaspace   ] GC(152) Metaspace: 20500K(21120K)->20500K(21120K) NonClass: 18092K(18432K)->18092K(18432K) Class: 2408K(2688K)->2408K(2688K)
[33.884s][info][gc             ] GC(152) Pause Young (Allocation Failure) 759M->84M(2044M) 0.592ms
[33.884s][info][gc,cpu         ] GC(152) User=0.00s Sys=0.00s Real=0.00s
[34.120s][info][gc,start       ] GC(153) Pause Young (Allocation Failure)
[34.121s][info][gc,heap        ] GC(153) PSYoungGen: 691759K->128K(694272K)
[34.121s][info][gc,heap        ] GC(153) ParOldGen: 85477K->85477K(1398272K)
[34.121s][info][gc,metaspace   ] GC(153) Metaspace: 20500K(21120K)->20500K(21120K) NonClass: 18092K(18432K)->18092K(18432K) Class: 2408K(2688K)->2408K(2688K)
[34.121s][info][gc             ] GC(153) Pause Young (Allocation Failure) 759M->83M(2043M) 0.519ms
[34.121s][info][gc,cpu         ] GC(153) User=0.00s Sys=0.00s Real=0.00s
[34.356s][info][gc,start       ] GC(154) Pause Young (Allocation Failure)
[34.357s][info][gc,heap        ] GC(154) PSYoungGen: 690816K->2451K(694784K)
[34.357s][info][gc,heap        ] GC(154) ParOldGen: 85477K->85493K(1398272K)
[34.357s][info][gc,metaspace   ] GC(154) Metaspace: 20500K(21120K)->20500K(21120K) NonClass: 18092K(18432K)->18092K(18432K) Class: 2408K(2688K)->2408K(2688K)
[34.357s][info][gc             ] GC(154) Pause Young (Allocation Failure) 758M->85M(2044M) 1.399ms
[34.357s][info][gc,cpu         ] GC(154) User=0.00s Sys=0.00s Real=0.00s
[34.594s][info][gc,start       ] GC(155) Pause Young (Allocation Failure)
[34.594s][info][gc,heap        ] GC(155) PSYoungGen: 693139K->1673K(694784K)
[34.594s][info][gc,heap        ] GC(155) ParOldGen: 85493K->85493K(1398272K)
[34.594s][info][gc,metaspace   ] GC(155) Metaspace: 20500K(21120K)->20500K(21120K) NonClass: 18092K(18432K)->18092K(18432K) Class: 2408K(2688K)->2408K(2688K)
[34.595s][info][gc             ] GC(155) Pause Young (Allocation Failure) 760M->85M(2044M) 1.010ms
[34.595s][info][gc,cpu         ] GC(155) User=0.00s Sys=0.00s Real=0.00s
[34.838s][info][gc,start       ] GC(156) Pause Young (Allocation Failure)
[34.839s][info][gc,heap        ] GC(156) PSYoungGen: 692361K->1130K(694784K)
[34.839s][info][gc,heap        ] GC(156) ParOldGen: 85493K->85493K(1398272K)
[34.839s][info][gc,metaspace   ] GC(156) Metaspace: 20500K(21120K)->20500K(21120K) NonClass: 18092K(18432K)->18092K(18432K) Class: 2408K(2688K)->2408K(2688K)
[34.839s][info][gc             ] GC(156) Pause Young (Allocation Failure) 759M->84M(2044M) 0.724ms
[34.839s][info][gc,cpu         ] GC(156) User=0.00s Sys=0.00s Real=0.00s
[35.075s][info][gc,start       ] GC(157) Pause Young (Allocation Failure)
[35.076s][info][gc,heap        ] GC(157) PSYoungGen: 691818K->352K(695296K)
[35.076s][info][gc,heap        ] GC(157) ParOldGen: 85493K->85493K(1398272K)
[35.076s][info][gc,metaspace   ] GC(157) Metaspace: 20500K(21120K)->20500K(21120K) NonClass: 18092K(18432K)->18092K(18432K) Class: 2408K(2688K)->2408K(2688K)
[35.076s][info][gc             ] GC(157) Pause Young (Allocation Failure) 759M->83M(2044M) 0.798ms
[35.076s][info][gc,cpu         ] GC(157) User=0.02s Sys=0.00s Real=0.00s
[35.309s][info][gc,start       ] GC(158) Pause Young (Allocation Failure)
[35.311s][info][gc,heap        ] GC(158) PSYoungGen: 692004K->2266K(694272K)
[35.311s][info][gc,heap        ] GC(158) ParOldGen: 85493K->85509K(1398272K)
[35.311s][info][gc,metaspace   ] GC(158) Metaspace: 20500K(21120K)->20500K(21120K) NonClass: 18092K(18432K)->18092K(18432K) Class: 2408K(2688K)->2408K(2688K)
[35.311s][info][gc             ] GC(158) Pause Young (Allocation Failure) 759M->85M(2043M) 1.819ms
[35.311s][info][gc,cpu         ] GC(158) User=0.00s Sys=0.00s Real=0.00s
[35.546s][info][gc,start       ] GC(159) Pause Young (Allocation Failure)
[35.547s][info][gc,heap        ] GC(159) PSYoungGen: 693978K->1977K(695296K)
[35.547s][info][gc,heap        ] GC(159) ParOldGen: 85509K->85509K(1398272K)
[35.547s][info][gc,metaspace   ] GC(159) Metaspace: 20500K(21120K)->20500K(21120K) NonClass: 18092K(18432K)->18092K(18432K) Class: 2408K(2688K)->2408K(2688K)
[35.547s][info][gc             ] GC(159) Pause Young (Allocation Failure) 761M->85M(2044M) 1.207ms
[35.547s][info][gc,cpu         ] GC(159) User=0.00s Sys=0.00s Real=0.00s
[35.784s][info][gc,start       ] GC(160) Pause Young (Allocation Failure)
[35.784s][info][gc,heap        ] GC(160) PSYoungGen: 693177K->1290K(694784K)
[35.785s][info][gc,heap        ] GC(160) ParOldGen: 85509K->85509K(1398272K)
[35.785s][info][gc,metaspace   ] GC(160) Metaspace: 20500K(21120K)->20500K(21120K) NonClass: 18092K(18432K)->18092K(18432K) Class: 2408K(2688K)->2408K(2688K)
[35.785s][info][gc             ] GC(160) Pause Young (Allocation Failure) 760M->84M(2044M) 0.543ms
[35.785s][info][gc,cpu         ] GC(160) User=0.00s Sys=0.00s Real=0.00s
[36.012s][info][gc,start       ] GC(161) Pause Young (Allocation Failure)
[36.013s][info][gc,heap        ] GC(161) PSYoungGen: 692490K->408K(695296K)
[36.013s][info][gc,heap        ] GC(161) ParOldGen: 85509K->85549K(1398272K)
[36.013s][info][gc,metaspace   ] GC(161) Metaspace: 20500K(21120K)->20500K(21120K) NonClass: 18092K(18432K)->18092K(18432K) Class: 2408K(2688K)->2408K(2688K)
[36.013s][info][gc             ] GC(161) Pause Young (Allocation Failure) 759M->83M(2044M) 0.525ms
[36.013s][info][gc,cpu         ] GC(161) User=0.00s Sys=0.00s Real=0.00s
[36.237s][info][gc,start       ] GC(162) Pause Young (Allocation Failure)
[36.239s][info][gc,heap        ] GC(162) PSYoungGen: 692120K->2195K(695296K)
[36.239s][info][gc,heap        ] GC(162) ParOldGen: 85549K->85549K(1398272K)
[36.239s][info][gc,metaspace   ] GC(162) Metaspace: 20500K(21120K)->20500K(21120K) NonClass: 18092K(18432K)->18092K(18432K) Class: 2408K(2688K)->2408K(2688K)
[36.239s][info][gc             ] GC(162) Pause Young (Allocation Failure) 759M->85M(2044M) 1.329ms
[36.239s][info][gc,cpu         ] GC(162) User=0.00s Sys=0.00s Real=0.00s
[36.487s][info][gc,start       ] GC(163) Pause Young (Allocation Failure)
[36.488s][info][gc,heap        ] GC(163) PSYoungGen: 693907K->1827K(695296K)
[36.488s][info][gc,heap        ] GC(163) ParOldGen: 85549K->85549K(1398272K)
[36.488s][info][gc,metaspace   ] GC(163) Metaspace: 20500K(21120K)->20500K(21120K) NonClass: 18092K(18432K)->18092K(18432K) Class: 2408K(2688K)->2408K(2688K)
[36.488s][info][gc             ] GC(163) Pause Young (Allocation Failure) 761M->85M(2044M) 0.983ms
[36.488s][info][gc,cpu         ] GC(163) User=0.00s Sys=0.00s Real=0.00s
[36.614s][info][gc,start       ] GC(164) Pause Young (System.gc())
[36.615s][info][gc,heap        ] GC(164) PSYoungGen: 379593K->128K(695296K)
[36.615s][info][gc,heap        ] GC(164) ParOldGen: 85549K->85549K(1398272K)
[36.615s][info][gc,metaspace   ] GC(164) Metaspace: 20500K(21120K)->20500K(21120K) NonClass: 18092K(18432K)->18092K(18432K) Class: 2408K(2688K)->2408K(2688K)
[36.615s][info][gc             ] GC(164) Pause Young (System.gc()) 454M->83M(2044M) 0.499ms
[36.615s][info][gc,cpu         ] GC(164) User=0.00s Sys=0.00s Real=0.00s
[36.615s][info][gc,start       ] GC(165) Pause Full (System.gc())
[36.615s][info][gc,phases,start] GC(165) Marking Phase
[36.669s][info][gc,phases      ] GC(165) Marking Phase 53.863ms
[36.669s][info][gc,phases,start] GC(165) Summary Phase
[36.669s][info][gc,phases      ] GC(165) Summary Phase 0.011ms
[36.669s][info][gc,phases,start] GC(165) Adjust Roots
[36.670s][info][gc,phases      ] GC(165) Adjust Roots 1.330ms
[36.670s][info][gc,phases,start] GC(165) Compaction Phase
[36.684s][info][gc,phases      ] GC(165) Compaction Phase 13.790ms
[36.684s][info][gc,phases,start] GC(165) Post Compact
[36.685s][info][gc,phases      ] GC(165) Post Compact 0.523ms
[36.685s][info][gc,heap        ] GC(165) PSYoungGen: 128K->0K(695296K)
[36.685s][info][gc,heap        ] GC(165) ParOldGen: 85549K->85453K(1398272K)
[36.685s][info][gc,metaspace   ] GC(165) Metaspace: 20500K(21120K)->20500K(21120K) NonClass: 18092K(18432K)->18092K(18432K) Class: 2408K(2688K)->2408K(2688K)
[36.685s][info][gc             ] GC(165) Pause Full (System.gc()) 83M->83M(2044M) 69.792ms
[36.685s][info][gc,cpu         ] GC(165) User=0.27s Sys=0.00s Real=0.07s
[36.918s][info][gc,start       ] GC(166) Pause Young (Allocation Failure)
[36.919s][info][gc,heap        ] GC(166) PSYoungGen: 691712K->2193K(695296K)
[36.919s][info][gc,heap        ] GC(166) ParOldGen: 85453K->85453K(1398272K)
[36.919s][info][gc,metaspace   ] GC(166) Metaspace: 20502K(21120K)->20502K(21120K) NonClass: 18094K(18432K)->18094K(18432K) Class: 2408K(2688K)->2408K(2688K)
[36.919s][info][gc             ] GC(166) Pause Young (Allocation Failure) 758M->85M(2044M) 0.843ms
[36.919s][info][gc,cpu         ] GC(166) User=0.00s Sys=0.00s Real=0.00s
[37.148s][info][gc,start       ] GC(167) Pause Young (Allocation Failure)
[37.149s][info][gc,heap        ] GC(167) PSYoungGen: 693905K->1749K(695296K)
[37.149s][info][gc,heap        ] GC(167) ParOldGen: 85453K->85477K(1398272K)
[37.149s][info][gc,metaspace   ] GC(167) Metaspace: 20502K(21120K)->20502K(21120K) NonClass: 18094K(18432K)->18094K(18432K) Class: 2408K(2688K)->2408K(2688K)
[37.149s][info][gc             ] GC(167) Pause Young (Allocation Failure) 761M->85M(2044M) 0.732ms
[37.149s][info][gc,cpu         ] GC(167) User=0.00s Sys=0.00s Real=0.00s
[37.408s][info][gc,start       ] GC(168) Pause Young (Allocation Failure)
[37.409s][info][gc,heap        ] GC(168) PSYoungGen: 693461K->1310K(695296K)
[37.409s][info][gc,heap        ] GC(168) ParOldGen: 85477K->85477K(1398272K)
[37.409s][info][gc,metaspace   ] GC(168) Metaspace: 20502K(21120K)->20502K(21120K) NonClass: 18094K(18432K)->18094K(18432K) Class: 2408K(2688K)->2408K(2688K)
[37.409s][info][gc             ] GC(168) Pause Young (Allocation Failure) 760M->84M(2044M) 0.644ms
[37.409s][info][gc,cpu         ] GC(168) User=0.00s Sys=0.00s Real=0.00s
[37.644s][info][gc,start       ] GC(169) Pause Young (Allocation Failure)
[37.644s][info][gc,heap        ] GC(169) PSYoungGen: 693022K->545K(695296K)
[37.644s][info][gc,heap        ] GC(169) ParOldGen: 85477K->85477K(1398272K)
[37.644s][info][gc,metaspace   ] GC(169) Metaspace: 20502K(21120K)->20502K(21120K) NonClass: 18094K(18432K)->18094K(18432K) Class: 2408K(2688K)->2408K(2688K)
[37.644s][info][gc             ] GC(169) Pause Young (Allocation Failure) 760M->84M(2044M) 0.491ms
[37.644s][info][gc,cpu         ] GC(169) User=0.00s Sys=0.00s Real=0.00s
[37.865s][info][gc,start       ] GC(170) Pause Young (Allocation Failure)
[37.867s][info][gc,heap        ] GC(170) PSYoungGen: 692178K->2584K(695296K)
[37.867s][info][gc,heap        ] GC(170) ParOldGen: 85477K->85493K(1398272K)
[37.867s][info][gc,metaspace   ] GC(170) Metaspace: 20502K(21120K)->20502K(21120K) NonClass: 18094K(18432K)->18094K(18432K) Class: 2408K(2688K)->2408K(2688K)
[37.867s][info][gc             ] GC(170) Pause Young (Allocation Failure) 759M->86M(2044M) 1.299ms
[37.867s][info][gc,cpu         ] GC(170) User=0.00s Sys=0.00s Real=0.00s
[38.097s][info][gc,start       ] GC(171) Pause Young (Allocation Failure)
[38.098s][info][gc,heap        ] GC(171) PSYoungGen: 694296K->1953K(695296K)
[38.098s][info][gc,heap        ] GC(171) ParOldGen: 85493K->85493K(1398272K)
[38.098s][info][gc,metaspace   ] GC(171) Metaspace: 20502K(21120K)->20502K(21120K) NonClass: 18094K(18432K)->18094K(18432K) Class: 2408K(2688K)->2408K(2688K)
[38.098s][info][gc             ] GC(171) Pause Young (Allocation Failure) 761M->85M(2044M) 0.899ms
[38.098s][info][gc,cpu         ] GC(171) User=0.00s Sys=0.00s Real=0.00s
[38.334s][info][gc,start       ] GC(172) Pause Young (Allocation Failure)
[38.335s][info][gc,heap        ] GC(172) PSYoungGen: 693665K->1791K(695296K)
[38.335s][info][gc,heap        ] GC(172) ParOldGen: 85493K->85493K(1398272K)
[38.335s][info][gc,metaspace   ] GC(172) Metaspace: 20502K(21120K)->20502K(21120K) NonClass: 18094K(18432K)->18094K(18432K) Class: 2408K(2688K)->2408K(2688K)
[38.335s][info][gc             ] GC(172) Pause Young (Allocation Failure) 760M->85M(2044M) 1.004ms
[38.335s][info][gc,cpu         ] GC(172) User=0.00s Sys=0.00s Real=0.00s
[38.571s][info][gc,start       ] GC(173) Pause Young (Allocation Failure)
[38.572s][info][gc,heap        ] GC(173) PSYoungGen: 693503K->906K(695296K)
[38.572s][info][gc,heap        ] GC(173) ParOldGen: 85493K->85493K(1398272K)
[38.572s][info][gc,metaspace   ] GC(173) Metaspace: 20502K(21120K)->20502K(21120K) NonClass: 18094K(18432K)->18094K(18432K) Class: 2408K(2688K)->2408K(2688K)
[38.572s][info][gc             ] GC(173) Pause Young (Allocation Failure) 760M->84M(2044M) 0.731ms
[38.572s][info][gc,cpu         ] GC(173) User=0.00s Sys=0.00s Real=0.00s
[38.803s][info][gc,start       ] GC(174) Pause Young (Allocation Failure)
[38.805s][info][gc,heap        ] GC(174) PSYoungGen: 692618K->2081K(695296K)
[38.805s][info][gc,heap        ] GC(174) ParOldGen: 85493K->85517K(1398272K)
[38.805s][info][gc,metaspace   ] GC(174) Metaspace: 20502K(21120K)->20502K(21120K) NonClass: 18094K(18432K)->18094K(18432K) Class: 2408K(2688K)->2408K(2688K)
[38.805s][info][gc             ] GC(174) Pause Young (Allocation Failure) 759M->85M(2044M) 1.550ms
[38.805s][info][gc,cpu         ] GC(174) User=0.00s Sys=0.00s Real=0.00s
[39.031s][info][gc,start       ] GC(175) Pause Young (Allocation Failure)
[39.032s][info][gc,heap        ] GC(175) PSYoungGen: 693791K->2834K(694784K)
[39.032s][info][gc,heap        ] GC(175) ParOldGen: 85517K->85517K(1398272K)
[39.032s][info][gc,metaspace   ] GC(175) Metaspace: 20502K(21120K)->20502K(21120K) NonClass: 18094K(18432K)->18094K(18432K) Class: 2408K(2688K)->2408K(2688K)
[39.032s][info][gc             ] GC(175) Pause Young (Allocation Failure) 761M->86M(2044M) 1.148ms
[39.032s][info][gc,cpu         ] GC(175) User=0.00s Sys=0.00s Real=0.00s
[39.264s][info][gc,start       ] GC(176) Pause Young (Allocation Failure)
[39.265s][info][gc,heap        ] GC(176) PSYoungGen: 694546K->2097K(694784K)
[39.265s][info][gc,heap        ] GC(176) ParOldGen: 85517K->85517K(1398272K)
[39.265s][info][gc,metaspace   ] GC(176) Metaspace: 20502K(21120K)->20502K(21120K) NonClass: 18094K(18432K)->18094K(18432K) Class: 2408K(2688K)->2408K(2688K)
[39.265s][info][gc             ] GC(176) Pause Young (Allocation Failure) 761M->85M(2044M) 0.783ms
[39.265s][info][gc,cpu         ] GC(176) User=0.00s Sys=0.00s Real=0.00s
[39.497s][info][gc,start       ] GC(177) Pause Young (Allocation Failure)
[39.498s][info][gc,heap        ] GC(177) PSYoungGen: 692785K->1323K(694784K)
[39.498s][info][gc,heap        ] GC(177) ParOldGen: 85517K->85541K(1398272K)
[39.498s][info][gc,metaspace   ] GC(177) Metaspace: 20502K(21120K)->20502K(21120K) NonClass: 18094K(18432K)->18094K(18432K) Class: 2408K(2688K)->2408K(2688K)
[39.498s][info][gc             ] GC(177) Pause Young (Allocation Failure) 760M->84M(2044M) 0.672ms
[39.498s][info][gc,cpu         ] GC(177) User=0.00s Sys=0.00s Real=0.00s
[39.725s][info][gc,start       ] GC(178) Pause Young (Allocation Failure)
[39.726s][info][gc,heap        ] GC(178) PSYoungGen: 692011K->658K(695296K)
[39.726s][info][gc,heap        ] GC(178) ParOldGen: 85541K->85541K(1398272K)
[39.726s][info][gc,metaspace   ] GC(178) Metaspace: 20502K(21120K)->20502K(21120K) NonClass: 18094K(18432K)->18094K(18432K) Class: 2408K(2688K)->2408K(2688K)
[39.726s][info][gc             ] GC(178) Pause Young (Allocation Failure) 759M->84M(2044M) 0.689ms
[39.726s][info][gc,cpu         ] GC(178) User=0.00s Sys=0.00s Real=0.00s
[39.950s][info][gc,start       ] GC(179) Pause Young (Allocation Failure)
[39.951s][info][gc,heap        ] GC(179) PSYoungGen: 692370K->2732K(694784K)
[39.951s][info][gc,heap        ] GC(179) ParOldGen: 85541K->85541K(1398272K)
[39.951s][info][gc,metaspace   ] GC(179) Metaspace: 20502K(21120K)->20502K(21120K) NonClass: 18094K(18432K)->18094K(18432K) Class: 2408K(2688K)->2408K(2688K)
[39.951s][info][gc             ] GC(179) Pause Young (Allocation Failure) 759M->86M(2044M) 1.294ms
[39.951s][info][gc,cpu         ] GC(179) User=0.00s Sys=0.00s Real=0.00s
[40.076s][info][gc,start       ] GC(180) Pause Young (System.gc())
[40.077s][info][gc,heap        ] GC(180) PSYoungGen: 360546K->64K(694784K)
[40.077s][info][gc,heap        ] GC(180) ParOldGen: 85541K->85541K(1398272K)
[40.077s][info][gc,metaspace   ] GC(180) Metaspace: 20502K(21120K)->20502K(21120K) NonClass: 18094K(18432K)->18094K(18432K) Class: 2408K(2688K)->2408K(2688K)
[40.077s][info][gc             ] GC(180) Pause Young (System.gc()) 435M->83M(2044M) 0.490ms
[40.077s][info][gc,cpu         ] GC(180) User=0.00s Sys=0.00s Real=0.00s
[40.077s][info][gc,start       ] GC(181) Pause Full (System.gc())
[40.077s][info][gc,phases,start] GC(181) Marking Phase
[40.123s][info][gc,phases      ] GC(181) Marking Phase 46.063ms
[40.123s][info][gc,phases,start] GC(181) Summary Phase
[40.123s][info][gc,phases      ] GC(181) Summary Phase 0.012ms
[40.123s][info][gc,phases,start] GC(181) Adjust Roots
[40.124s][info][gc,phases      ] GC(181) Adjust Roots 1.332ms
[40.124s][info][gc,phases,start] GC(181) Compaction Phase
[40.136s][info][gc,phases      ] GC(181) Compaction Phase 12.016ms
[40.136s][info][gc,phases,start] GC(181) Post Compact
[40.137s][info][gc,phases      ] GC(181) Post Compact 0.736ms
[40.137s][info][gc,heap        ] GC(181) PSYoungGen: 64K->0K(694784K)
[40.137s][info][gc,heap        ] GC(181) ParOldGen: 85541K->85453K(1398272K)
[40.137s][info][gc,metaspace   ] GC(181) Metaspace: 20502K(21120K)->20502K(21120K) NonClass: 18094K(18432K)->18094K(18432K) Class: 2408K(2688K)->2408K(2688K)
[40.137s][info][gc             ] GC(181) Pause Full (System.gc()) 83M->83M(2044M) 60.484ms
[40.137s][info][gc,cpu         ] GC(181) User=0.05s Sys=0.00s Real=0.06s
[40.367s][info][gc,start       ] GC(182) Pause Young (Allocation Failure)
[40.368s][info][gc,heap        ] GC(182) PSYoungGen: 690688K->2340K(694784K)
[40.368s][info][gc,heap        ] GC(182) ParOldGen: 85453K->85453K(1398272K)
[40.368s][info][gc,metaspace   ] GC(182) Metaspace: 20503K(21120K)->20503K(21120K) NonClass: 18094K(18432K)->18094K(18432K) Class: 2408K(2688K)->2408K(2688K)
[40.368s][info][gc             ] GC(182) Pause Young (Allocation Failure) 757M->85M(2044M) 0.810ms
[40.368s][info][gc,cpu         ] GC(182) User=0.00s Sys=0.00s Real=0.00s
[40.599s][info][gc,start       ] GC(183) Pause Young (Allocation Failure)
[40.599s][info][gc,heap        ] GC(183) PSYoungGen: 693028K->1714K(694784K)
[40.599s][info][gc,heap        ] GC(183) ParOldGen: 85453K->85477K(1398272K)
[40.599s][info][gc,metaspace   ] GC(183) Metaspace: 20503K(21120K)->20503K(21120K) NonClass: 18094K(18432K)->18094K(18432K) Class: 2408K(2688K)->2408K(2688K)
[40.600s][info][gc             ] GC(183) Pause Young (Allocation Failure) 760M->85M(2044M) 0.628ms
[40.600s][info][gc,cpu         ] GC(183) User=0.00s Sys=0.00s Real=0.00s
[40.828s][info][gc,start       ] GC(184) Pause Young (Allocation Failure)
[40.829s][info][gc,heap        ] GC(184) PSYoungGen: 692402K->1094K(694784K)
[40.829s][info][gc,heap        ] GC(184) ParOldGen: 85477K->85477K(1398272K)
[40.829s][info][gc,metaspace   ] GC(184) Metaspace: 20503K(21120K)->20503K(21120K) NonClass: 18094K(18432K)->18094K(18432K) Class: 2408K(2688K)->2408K(2688K)
[40.829s][info][gc             ] GC(184) Pause Young (Allocation Failure) 759M->84M(2044M) 0.697ms
[40.829s][info][gc,cpu         ] GC(184) User=0.00s Sys=0.00s Real=0.00s
[41.051s][info][gc,start       ] GC(185) Pause Young (Allocation Failure)
[41.052s][info][gc,heap        ] GC(185) PSYoungGen: 691782K->288K(695296K)
[41.052s][info][gc,heap        ] GC(185) ParOldGen: 85477K->85477K(1398272K)
[41.052s][info][gc,metaspace   ] GC(185) Metaspace: 20503K(21120K)->20503K(21120K) NonClass: 18094K(18432K)->18094K(18432K) Class: 2408K(2688K)->2408K(2688K)
[41.052s][info][gc             ] GC(185) Pause Young (Allocation Failure) 759M->83M(2044M) 0.774ms
[41.052s][info][gc,cpu         ] GC(185) User=0.00s Sys=0.00s Real=0.00s
[41.274s][info][gc,start       ] GC(186) Pause Young (Allocation Failure)
[41.275s][info][gc,heap        ] GC(186) PSYoungGen: 692000K->2537K(694272K)
[41.275s][info][gc,heap        ] GC(186) ParOldGen: 85477K->85493K(1398272K)
[41.275s][info][gc,metaspace   ] GC(186) Metaspace: 20503K(21120K)->20503K(21120K) NonClass: 18094K(18432K)->18094K(18432K) Class: 2408K(2688K)->2408K(2688K)
[41.275s][info][gc             ] GC(186) Pause Young (Allocation Failure) 759M->85M(2043M) 1.530ms
[41.275s][info][gc,cpu         ] GC(186) User=0.00s Sys=0.00s Real=0.00s
[41.510s][info][gc,start       ] GC(187) Pause Young (Allocation Failure)
[41.511s][info][gc,heap        ] GC(187) PSYoungGen: 694249K->1787K(694784K)
[41.511s][info][gc,heap        ] GC(187) ParOldGen: 85493K->85493K(1398272K)
[41.511s][info][gc,metaspace   ] GC(187) Metaspace: 20503K(21120K)->20503K(21120K) NonClass: 18094K(18432K)->18094K(18432K) Class: 2408K(2688K)->2408K(2688K)
[41.511s][info][gc             ] GC(187) Pause Young (Allocation Failure) 761M->85M(2044M) 0.940ms
[41.511s][info][gc,cpu         ] GC(187) User=0.00s Sys=0.00s Real=0.00s
[41.747s][info][gc,start       ] GC(188) Pause Young (Allocation Failure)
[41.748s][info][gc,heap        ] GC(188) PSYoungGen: 692475K->1145K(694784K)
[41.748s][info][gc,heap        ] GC(188) ParOldGen: 85493K->85493K(1398272K)
[41.748s][info][gc,metaspace   ] GC(188) Metaspace: 20503K(21120K)->20503K(21120K) NonClass: 18094K(18432K)->18094K(18432K) Class: 2408K(2688K)->2408K(2688K)
[41.748s][info][gc             ] GC(188) Pause Young (Allocation Failure) 759M->84M(2044M) 0.703ms
[41.748s][info][gc,cpu         ] GC(188) User=0.02s Sys=0.00s Real=0.00s
[41.971s][info][gc,start       ] GC(189) Pause Young (Allocation Failure)
[41.971s][info][gc,heap        ] GC(189) PSYoungGen: 691833K->192K(695296K)
[41.971s][info][gc,heap        ] GC(189) ParOldGen: 85493K->85493K(1398272K)
[41.971s][info][gc,metaspace   ] GC(189) Metaspace: 20503K(21120K)->20503K(21120K) NonClass: 18094K(18432K)->18094K(18432K) Class: 2408K(2688K)->2408K(2688K)
[41.971s][info][gc             ] GC(189) Pause Young (Allocation Failure) 759M->83M(2044M) 0.801ms
[41.971s][info][gc,cpu         ] GC(189) User=0.00s Sys=0.00s Real=0.00s
[42.188s][info][gc,start       ] GC(190) Pause Young (Allocation Failure)
[42.189s][info][gc,heap        ] GC(190) PSYoungGen: 691904K->2378K(694272K)
[42.189s][info][gc,heap        ] GC(190) ParOldGen: 85493K->85517K(1398272K)
[42.189s][info][gc,metaspace   ] GC(190) Metaspace: 20503K(21120K)->20503K(21120K) NonClass: 18094K(18432K)->18094K(18432K) Class: 2408K(2688K)->2408K(2688K)
[42.189s][info][gc             ] GC(190) Pause Young (Allocation Failure) 759M->85M(2043M) 1.006ms
[42.189s][info][gc,cpu         ] GC(190) User=0.00s Sys=0.00s Real=0.00s
[42.440s][info][gc,start       ] GC(191) Pause Young (Allocation Failure)
[42.441s][info][gc,heap        ] GC(191) PSYoungGen: 694090K->1836K(694784K)
[42.441s][info][gc,heap        ] GC(191) ParOldGen: 85517K->85517K(1398272K)
[42.441s][info][gc,metaspace   ] GC(191) Metaspace: 20503K(21120K)->20503K(21120K) NonClass: 18094K(18432K)->18094K(18432K) Class: 2408K(2688K)->2408K(2688K)
[42.441s][info][gc             ] GC(191) Pause Young (Allocation Failure) 761M->85M(2044M) 0.933ms
[42.441s][info][gc,cpu         ] GC(191) User=0.00s Sys=0.00s Real=0.00s
[42.686s][info][gc,start       ] GC(192) Pause Young (Allocation Failure)
[42.687s][info][gc,heap        ] GC(192) PSYoungGen: 692524K->1283K(694784K)
[42.687s][info][gc,heap        ] GC(192) ParOldGen: 85517K->85517K(1398272K)
[42.687s][info][gc,metaspace   ] GC(192) Metaspace: 20503K(21120K)->20503K(21120K) NonClass: 18094K(18432K)->18094K(18432K) Class: 2408K(2688K)->2408K(2688K)
[42.687s][info][gc             ] GC(192) Pause Young (Allocation Failure) 759M->84M(2044M) 1.105ms
[42.687s][info][gc,cpu         ] GC(192) User=0.00s Sys=0.00s Real=0.00s
[42.925s][info][gc,start       ] GC(193) Pause Young (Allocation Failure)
[42.925s][info][gc,heap        ] GC(193) PSYoungGen: 691971K->568K(695296K)
[42.925s][info][gc,heap        ] GC(193) ParOldGen: 85517K->85541K(1398272K)
[42.925s][info][gc,metaspace   ] GC(193) Metaspace: 20503K(21120K)->20503K(21120K) NonClass: 18094K(18432K)->18094K(18432K) Class: 2408K(2688K)->2408K(2688K)
[42.925s][info][gc             ] GC(193) Pause Young (Allocation Failure) 759M->84M(2044M) 0.496ms
[42.925s][info][gc,cpu         ] GC(193) User=0.00s Sys=0.00s Real=0.00s
[43.155s][info][gc,start       ] GC(194) Pause Young (Allocation Failure)
[43.157s][info][gc,heap        ] GC(194) PSYoungGen: 692280K->2211K(695296K)
[43.157s][info][gc,heap        ] GC(194) ParOldGen: 85541K->85541K(1398272K)
[43.157s][info][gc,metaspace   ] GC(194) Metaspace: 20503K(21120K)->20503K(21120K) NonClass: 18094K(18432K)->18094K(18432K) Class: 2408K(2688K)->2408K(2688K)
[43.157s][info][gc             ] GC(194) Pause Young (Allocation Failure) 759M->85M(2044M) 1.180ms
[43.157s][info][gc,cpu         ] GC(194) User=0.00s Sys=0.00s Real=0.00s
[43.407s][info][gc,start       ] GC(195) Pause Young (Allocation Failure)
[43.408s][info][gc,heap        ] GC(195) PSYoungGen: 693923K->1891K(695296K)
[43.408s][info][gc,heap        ] GC(195) ParOldGen: 85541K->85541K(1398272K)
[43.408s][info][gc,metaspace   ] GC(195) Metaspace: 20503K(21120K)->20503K(21120K) NonClass: 18094K(18432K)->18094K(18432K) Class: 2408K(2688K)->2408K(2688K)
[43.408s][info][gc             ] GC(195) Pause Young (Allocation Failure) 761M->85M(2044M) 0.936ms
[43.408s][info][gc,cpu         ] GC(195) User=0.00s Sys=0.00s Real=0.00s
[43.535s][info][gc,start       ] GC(196) Pause Young (System.gc())
[43.536s][info][gc,heap        ] GC(196) PSYoungGen: 376438K->64K(695296K)
[43.536s][info][gc,heap        ] GC(196) ParOldGen: 85541K->85541K(1398272K)
[43.536s][info][gc,metaspace   ] GC(196) Metaspace: 20503K(21120K)->20503K(21120K) NonClass: 18094K(18432K)->18094K(18432K) Class: 2408K(2688K)->2408K(2688K)
[43.536s][info][gc             ] GC(196) Pause Young (System.gc()) 451M->83M(2044M) 0.706ms
[43.536s][info][gc,cpu         ] GC(196) User=0.00s Sys=0.00s Real=0.00s
[43.536s][info][gc,start       ] GC(197) Pause Full (System.gc())
[43.536s][info][gc,phases,start] GC(197) Marking Phase
[43.593s][info][gc,phases      ] GC(197) Marking Phase 56.320ms
[43.593s][info][gc,phases,start] GC(197) Summary Phase
[43.593s][info][gc,phases      ] GC(197) Summary Phase 0.010ms
[43.593s][info][gc,phases,start] GC(197) Adjust Roots
[43.594s][info][gc,phases      ] GC(197) Adjust Roots 1.356ms
[43.594s][info][gc,phases,start] GC(197) Compaction Phase
[43.608s][info][gc,phases      ] GC(197) Compaction Phase 14.152ms
[43.608s][info][gc,phases,start] GC(197) Post Compact
[43.609s][info][gc,phases      ] GC(197) Post Compact 0.803ms
[43.609s][info][gc,heap        ] GC(197) PSYoungGen: 64K->0K(695296K)
[43.609s][info][gc,heap        ] GC(197) ParOldGen: 85541K->85453K(1398272K)
[43.609s][info][gc,metaspace   ] GC(197) Metaspace: 20503K(21120K)->20503K(21120K) NonClass: 18094K(18432K)->18094K(18432K) Class: 2408K(2688K)->2408K(2688K)
[43.609s][info][gc             ] GC(197) Pause Full (System.gc()) 83M->83M(2044M) 72.925ms
[43.609s][info][gc,cpu         ] GC(197) User=0.27s Sys=0.00s Real=0.07s
[43.845s][info][gc,start       ] GC(198) Pause Young (Allocation Failure)
[43.846s][info][gc,heap        ] GC(198) PSYoungGen: 691660K->2599K(694272K)
[43.846s][info][gc,heap        ] GC(198) ParOldGen: 85453K->85453K(1398272K)
[43.846s][info][gc,metaspace   ] GC(198) Metaspace: 20503K(21120K)->20503K(21120K) NonClass: 18095K(18432K)->18095K(18432K) Class: 2408K(2688K)->2408K(2688K)
[43.846s][info][gc             ] GC(198) Pause Young (Allocation Failure) 758M->85M(2043M) 1.080ms
[43.846s][info][gc,cpu         ] GC(198) User=0.00s Sys=0.00s Real=0.00s
[44.084s][info][gc,start       ] GC(199) Pause Young (Allocation Failure)
[44.085s][info][gc,heap        ] GC(199) PSYoungGen: 693287K->1963K(694784K)
[44.085s][info][gc,heap        ] GC(199) ParOldGen: 85453K->85477K(1398272K)
[44.085s][info][gc,metaspace   ] GC(199) Metaspace: 20503K(21120K)->20503K(21120K) NonClass: 18095K(18432K)->18095K(18432K) Class: 2408K(2688K)->2408K(2688K)
[44.085s][info][gc             ] GC(199) Pause Young (Allocation Failure) 760M->85M(2044M) 0.937ms
[44.085s][info][gc,cpu         ] GC(199) User=0.00s Sys=0.00s Real=0.00s
[44.337s][info][gc,start       ] GC(200) Pause Young (Allocation Failure)
[44.338s][info][gc,heap        ] GC(200) PSYoungGen: 692651K->1015K(695296K)
[44.338s][info][gc,heap        ] GC(200) ParOldGen: 85477K->85477K(1398272K)
[44.338s][info][gc,metaspace   ] GC(200) Metaspace: 20503K(21120K)->20503K(21120K) NonClass: 18095K(18432K)->18095K(18432K) Class: 2408K(2688K)->2408K(2688K)
[44.338s][info][gc             ] GC(200) Pause Young (Allocation Failure) 759M->84M(2044M) 1.147ms
[44.338s][info][gc,cpu         ] GC(200) User=0.00s Sys=0.00s Real=0.00s
[44.584s][info][gc,start       ] GC(201) Pause Young (Allocation Failure)
[44.586s][info][gc,heap        ] GC(201) PSYoungGen: 692215K->2145K(694784K)
[44.586s][info][gc,heap        ] GC(201) ParOldGen: 85477K->85477K(1398272K)
[44.586s][info][gc,metaspace   ] GC(201) Metaspace: 20503K(21120K)->20503K(21120K) NonClass: 18095K(18432K)->18095K(18432K) Class: 2408K(2688K)->2408K(2688K)
[44.586s][info][gc             ] GC(201) Pause Young (Allocation Failure) 759M->85M(2044M) 1.777ms
[44.586s][info][gc,cpu         ] GC(201) User=0.00s Sys=0.00s Real=0.00s
[44.833s][info][gc,start       ] GC(202) Pause Young (Allocation Failure)
[44.835s][info][gc,heap        ] GC(202) PSYoungGen: 693345K->2256K(694784K)
[44.835s][info][gc,heap        ] GC(202) ParOldGen: 85477K->85493K(1398272K)
[44.835s][info][gc,metaspace   ] GC(202) Metaspace: 20503K(21120K)->20503K(21120K) NonClass: 18095K(18432K)->18095K(18432K) Class: 2408K(2688K)->2408K(2688K)
[44.835s][info][gc             ] GC(202) Pause Young (Allocation Failure) 760M->85M(2044M) 1.659ms
[44.835s][info][gc,cpu         ] GC(202) User=0.00s Sys=0.00s Real=0.00s
[45.072s][info][gc,start       ] GC(203) Pause Young (Allocation Failure)
[45.073s][info][gc,heap        ] GC(203) PSYoungGen: 692944K->1645K(694784K)
[45.073s][info][gc,heap        ] GC(203) ParOldGen: 85493K->85493K(1398272K)
[45.073s][info][gc,metaspace   ] GC(203) Metaspace: 20503K(21120K)->20503K(21120K) NonClass: 18095K(18432K)->18095K(18432K) Class: 2408K(2688K)->2408K(2688K)
[45.073s][info][gc             ] GC(203) Pause Young (Allocation Failure) 760M->85M(2044M) 1.180ms
[45.073s][info][gc,cpu         ] GC(203) User=0.00s Sys=0.00s Real=0.00s
[45.322s][info][gc,start       ] GC(204) Pause Young (Allocation Failure)
[45.325s][info][gc,heap        ] GC(204) PSYoungGen: 692333K->686K(695296K)
[45.325s][info][gc,heap        ] GC(204) ParOldGen: 85493K->85493K(1398272K)
[45.325s][info][gc,metaspace   ] GC(204) Metaspace: 20503K(21120K)->20503K(21120K) NonClass: 18095K(18432K)->18095K(18432K) Class: 2408K(2688K)->2408K(2688K)
[45.325s][info][gc             ] GC(204) Pause Young (Allocation Failure) 759M->84M(2044M) 3.669ms
[45.325s][info][gc,cpu         ] GC(204) User=0.00s Sys=0.00s Real=0.00s
[45.563s][info][gc,start       ] GC(205) Pause Young (Allocation Failure)
[45.564s][info][gc,heap        ] GC(205) PSYoungGen: 692398K->2145K(695296K)
[45.564s][info][gc,heap        ] GC(205) ParOldGen: 85493K->85493K(1398272K)
[45.564s][info][gc,metaspace   ] GC(205) Metaspace: 20503K(21120K)->20503K(21120K) NonClass: 18095K(18432K)->18095K(18432K) Class: 2408K(2688K)->2408K(2688K)
[45.564s][info][gc             ] GC(205) Pause Young (Allocation Failure) 759M->85M(2044M) 1.751ms
[45.564s][info][gc,cpu         ] GC(205) User=0.00s Sys=0.00s Real=0.00s
[45.794s][info][gc,start       ] GC(206) Pause Young (Allocation Failure)
[45.794s][info][gc,heap        ] GC(206) PSYoungGen: 693857K->2620K(694272K)
[45.794s][info][gc,heap        ] GC(206) ParOldGen: 85493K->85517K(1398272K)
[45.794s][info][gc,metaspace   ] GC(206) Metaspace: 20503K(21120K)->20503K(21120K) NonClass: 18095K(18432K)->18095K(18432K) Class: 2408K(2688K)->2408K(2688K)
[45.794s][info][gc             ] GC(206) Pause Young (Allocation Failure) 761M->86M(2043M) 0.883ms
[45.794s][info][gc,cpu         ] GC(206) User=0.00s Sys=0.00s Real=0.00s
[46.023s][info][gc,start       ] GC(207) Pause Young (Allocation Failure)
[46.023s][info][gc,heap        ] GC(207) PSYoungGen: 693308K->1632K(694784K)
[46.023s][info][gc,heap        ] GC(207) ParOldGen: 85517K->85517K(1398272K)
[46.023s][info][gc,metaspace   ] GC(207) Metaspace: 20503K(21120K)->20503K(21120K) NonClass: 18095K(18432K)->18095K(18432K) Class: 2408K(2688K)->2408K(2688K)
[46.023s][info][gc             ] GC(207) Pause Young (Allocation Failure) 760M->85M(2044M) 0.712ms
[46.023s][info][gc,cpu         ] GC(207) User=0.00s Sys=0.00s Real=0.00s
[46.251s][info][gc,start       ] GC(208) Pause Young (Allocation Failure)
[46.252s][info][gc,heap        ] GC(208) PSYoungGen: 692320K->838K(695296K)
[46.252s][info][gc,heap        ] GC(208) ParOldGen: 85517K->85517K(1398272K)
[46.252s][info][gc,metaspace   ] GC(208) Metaspace: 20504K(21120K)->20504K(21120K) NonClass: 18096K(18432K)->18096K(18432K) Class: 2408K(2688K)->2408K(2688K)
[46.252s][info][gc             ] GC(208) Pause Young (Allocation Failure) 759M->84M(2044M) 1.204ms
[46.252s][info][gc,cpu         ] GC(208) User=0.00s Sys=0.00s Real=0.00s
[46.487s][info][gc,start       ] GC(209) Pause Young (Allocation Failure)
[46.487s][info][gc,heap        ] GC(209) PSYoungGen: 692550K->256K(695296K)
[46.487s][info][gc,heap        ] GC(209) ParOldGen: 85517K->85541K(1398272K)
[46.487s][info][gc,metaspace   ] GC(209) Metaspace: 20504K(21120K)->20504K(21120K) NonClass: 18096K(18432K)->18096K(18432K) Class: 2408K(2688K)->2408K(2688K)
[46.487s][info][gc             ] GC(209) Pause Young (Allocation Failure) 759M->83M(2044M) 0.477ms
[46.487s][info][gc,cpu         ] GC(209) User=0.00s Sys=0.00s Real=0.00s
[46.713s][info][gc,start       ] GC(210) Pause Young (Allocation Failure)
[46.714s][info][gc,heap        ] GC(210) PSYoungGen: 691968K->2456K(694272K)
[46.714s][info][gc,heap        ] GC(210) ParOldGen: 85541K->85541K(1398272K)
[46.714s][info][gc,metaspace   ] GC(210) Metaspace: 20504K(21120K)->20504K(21120K) NonClass: 18096K(18432K)->18096K(18432K) Class: 2408K(2688K)->2408K(2688K)
[46.714s][info][gc             ] GC(210) Pause Young (Allocation Failure) 759M->85M(2043M) 1.435ms
[46.714s][info][gc,cpu         ] GC(210) User=0.00s Sys=0.00s Real=0.00s
[46.941s][info][gc,start       ] GC(211) Pause Young (Allocation Failure)
[46.942s][info][gc,heap        ] GC(211) PSYoungGen: 693144K->2032K(694784K)
[46.942s][info][gc,heap        ] GC(211) ParOldGen: 85541K->85541K(1398272K)
[46.942s][info][gc,metaspace   ] GC(211) Metaspace: 20504K(21120K)->20504K(21120K) NonClass: 18096K(18432K)->18096K(18432K) Class: 2408K(2688K)->2408K(2688K)
[46.942s][info][gc             ] GC(211) Pause Young (Allocation Failure) 760M->85M(2044M) 0.805ms
[46.942s][info][gc,cpu         ] GC(211) User=0.00s Sys=0.00s Real=0.00s
[47.068s][info][gc,start       ] GC(212) Pause Young (System.gc())
[47.068s][info][gc,heap        ] GC(212) PSYoungGen: 374456K->96K(694784K)
[47.068s][info][gc,heap        ] GC(212) ParOldGen: 85541K->85541K(1398272K)
[47.068s][info][gc,metaspace   ] GC(212) Metaspace: 20507K(21120K)->20507K(21120K) NonClass: 18099K(18432K)->18099K(18432K) Class: 2408K(2688K)->2408K(2688K)
[47.068s][info][gc             ] GC(212) Pause Young (System.gc()) 449M->83M(2044M) 0.613ms
[47.068s][info][gc,cpu         ] GC(212) User=0.00s Sys=0.00s Real=0.00s
[47.068s][info][gc,start       ] GC(213) Pause Full (System.gc())
[47.068s][info][gc,phases,start] GC(213) Marking Phase
[47.133s][info][gc,phases      ] GC(213) Marking Phase 64.656ms
[47.133s][info][gc,phases,start] GC(213) Summary Phase
[47.133s][info][gc,phases      ] GC(213) Summary Phase 0.022ms
[47.133s][info][gc,phases,start] GC(213) Adjust Roots
[47.135s][info][gc,phases      ] GC(213) Adjust Roots 1.575ms
[47.135s][info][gc,phases,start] GC(213) Compaction Phase
[47.147s][info][gc,phases      ] GC(213) Compaction Phase 12.796ms
[47.153s][info][gc,phases,start] GC(213) Post Compact
[47.154s][info][gc,phases      ] GC(213) Post Compact 0.619ms
[47.154s][info][gc,heap        ] GC(213) PSYoungGen: 96K->0K(694784K)
[47.154s][info][gc,heap        ] GC(213) ParOldGen: 85541K->85453K(1398272K)
[47.154s][info][gc,metaspace   ] GC(213) Metaspace: 20507K(21120K)->20507K(21120K) NonClass: 18099K(18432K)->18099K(18432K) Class: 2408K(2688K)->2408K(2688K)
[47.154s][info][gc             ] GC(213) Pause Full (System.gc()) 83M->83M(2044M) 85.436ms
[47.154s][info][gc,cpu         ] GC(213) User=0.17s Sys=0.00s Real=0.09s
[47.379s][info][gc,start       ] GC(214) Pause Young (Allocation Failure)
[47.381s][info][gc,heap        ] GC(214) PSYoungGen: 690688K->2266K(694784K)
[47.381s][info][gc,heap        ] GC(214) ParOldGen: 85453K->85461K(1398272K)
[47.381s][info][gc,metaspace   ] GC(214) Metaspace: 20524K(21120K)->20524K(21120K) NonClass: 18116K(18432K)->18116K(18432K) Class: 2408K(2688K)->2408K(2688K)
[47.381s][info][gc             ] GC(214) Pause Young (Allocation Failure) 757M->85M(2044M) 1.680ms
[47.381s][info][gc,cpu         ] GC(214) User=0.00s Sys=0.00s Real=0.00s
[47.609s][info][gc,start       ] GC(215) Pause Young (Allocation Failure)
[47.609s][info][gc,heap        ] GC(215) PSYoungGen: 692954K->1705K(694784K)
[47.609s][info][gc,heap        ] GC(215) ParOldGen: 85461K->85477K(1398272K)
[47.609s][info][gc,metaspace   ] GC(215) Metaspace: 20524K(21120K)->20524K(21120K) NonClass: 18116K(18432K)->18116K(18432K) Class: 2408K(2688K)->2408K(2688K)
[47.609s][info][gc             ] GC(215) Pause Young (Allocation Failure) 760M->85M(2044M) 0.631ms
[47.609s][info][gc,cpu         ] GC(215) User=0.00s Sys=0.00s Real=0.00s
[47.841s][info][gc,start       ] GC(216) Pause Young (Allocation Failure)
[47.842s][info][gc,heap        ] GC(216) PSYoungGen: 692393K->919K(694784K)
[47.842s][info][gc,heap        ] GC(216) ParOldGen: 85477K->85477K(1398272K)
[47.842s][info][gc,metaspace   ] GC(216) Metaspace: 20524K(21120K)->20524K(21120K) NonClass: 18116K(18432K)->18116K(18432K) Class: 2408K(2688K)->2408K(2688K)
[47.842s][info][gc             ] GC(216) Pause Young (Allocation Failure) 759M->84M(2044M) 0.572ms
[47.842s][info][gc,cpu         ] GC(216) User=0.00s Sys=0.00s Real=0.00s
[48.069s][info][gc,start       ] GC(217) Pause Young (Allocation Failure)
[48.070s][info][gc,heap        ] GC(217) PSYoungGen: 691607K->192K(695296K)
[48.070s][info][gc,heap        ] GC(217) ParOldGen: 85477K->85477K(1398272K)
[48.070s][info][gc,metaspace   ] GC(217) Metaspace: 20524K(21120K)->20524K(21120K) NonClass: 18116K(18432K)->18116K(18432K) Class: 2408K(2688K)->2408K(2688K)
[48.070s][info][gc             ] GC(217) Pause Young (Allocation Failure) 758M->83M(2044M) 0.557ms
[48.070s][info][gc,cpu         ] GC(217) User=0.00s Sys=0.00s Real=0.00s
[48.291s][info][gc,start       ] GC(218) Pause Young (Allocation Failure)
[48.292s][info][gc,heap        ] GC(218) PSYoungGen: 691904K->2373K(694272K)
[48.292s][info][gc,heap        ] GC(218) ParOldGen: 85477K->85501K(1398272K)
[48.292s][info][gc,metaspace   ] GC(218) Metaspace: 20524K(21120K)->20524K(21120K) NonClass: 18116K(18432K)->18116K(18432K) Class: 2408K(2688K)->2408K(2688K)
[48.292s][info][gc             ] GC(218) Pause Young (Allocation Failure) 759M->85M(2043M) 0.940ms
[48.292s][info][gc,cpu         ] GC(218) User=0.00s Sys=0.00s Real=0.00s
[48.525s][info][gc,start       ] GC(219) Pause Young (Allocation Failure)
[48.526s][info][gc,heap        ] GC(219) PSYoungGen: 694085K->1721K(695296K)
[48.526s][info][gc,heap        ] GC(219) ParOldGen: 85501K->85501K(1398272K)
[48.526s][info][gc,metaspace   ] GC(219) Metaspace: 20524K(21120K)->20524K(21120K) NonClass: 18116K(18432K)->18116K(18432K) Class: 2408K(2688K)->2408K(2688K)
[48.526s][info][gc             ] GC(219) Pause Young (Allocation Failure) 761M->85M(2044M) 0.732ms
[48.526s][info][gc,cpu         ] GC(219) User=0.00s Sys=0.00s Real=0.00s
[48.756s][info][gc,start       ] GC(220) Pause Young (Allocation Failure)
[48.757s][info][gc,heap        ] GC(220) PSYoungGen: 692921K->998K(694784K)
[48.757s][info][gc,heap        ] GC(220) ParOldGen: 85501K->85501K(1398272K)
[48.757s][info][gc,metaspace   ] GC(220) Metaspace: 20524K(21120K)->20524K(21120K) NonClass: 18116K(18432K)->18116K(18432K) Class: 2408K(2688K)->2408K(2688K)
[48.757s][info][gc             ] GC(220) Pause Young (Allocation Failure) 760M->84M(2044M) 0.871ms
[48.757s][info][gc,cpu         ] GC(220) User=0.00s Sys=0.00s Real=0.00s
[48.990s][info][gc,start       ] GC(221) Pause Young (Allocation Failure)
[48.991s][info][gc,heap        ] GC(221) PSYoungGen: 692198K->352K(695296K)
[48.991s][info][gc,heap        ] GC(221) ParOldGen: 85501K->85501K(1398272K)
[48.991s][info][gc,metaspace   ] GC(221) Metaspace: 20525K(21120K)->20525K(21120K) NonClass: 18117K(18432K)->18117K(18432K) Class: 2408K(2688K)->2408K(2688K)
[48.991s][info][gc             ] GC(221) Pause Young (Allocation Failure) 759M->83M(2044M) 0.481ms
[48.991s][info][gc,cpu         ] GC(221) User=0.00s Sys=0.00s Real=0.00s
[49.211s][info][gc,start       ] GC(222) Pause Young (Allocation Failure)
[49.213s][info][gc,heap        ] GC(222) PSYoungGen: 691928K->2444K(694272K)
[49.213s][info][gc,heap        ] GC(222) ParOldGen: 85501K->85517K(1398272K)
[49.213s][info][gc,metaspace   ] GC(222) Metaspace: 20525K(21120K)->20525K(21120K) NonClass: 18117K(18432K)->18117K(18432K) Class: 2408K(2688K)->2408K(2688K)
[49.213s][info][gc             ] GC(222) Pause Young (Allocation Failure) 759M->85M(2043M) 1.708ms
[49.213s][info][gc,cpu         ] GC(222) User=0.00s Sys=0.00s Real=0.00s
[49.439s][info][gc,start       ] GC(223) Pause Young (Allocation Failure)
[49.440s][info][gc,heap        ] GC(223) PSYoungGen: 694156K->1846K(695296K)
[49.440s][info][gc,heap        ] GC(223) ParOldGen: 85517K->85517K(1398272K)
[49.440s][info][gc,metaspace   ] GC(223) Metaspace: 20525K(21120K)->20525K(21120K) NonClass: 18117K(18432K)->18117K(18432K) Class: 2408K(2688K)->2408K(2688K)
[49.440s][info][gc             ] GC(223) Pause Young (Allocation Failure) 761M->85M(2044M) 0.679ms
[49.440s][info][gc,cpu         ] GC(223) User=0.00s Sys=0.00s Real=0.00s
[49.670s][info][gc,start       ] GC(224) Pause Young (Allocation Failure)
[49.671s][info][gc,heap        ] GC(224) PSYoungGen: 693046K->1125K(694784K)
[49.671s][info][gc,heap        ] GC(224) ParOldGen: 85517K->85517K(1398272K)
[49.671s][info][gc,metaspace   ] GC(224) Metaspace: 20525K(21120K)->20525K(21120K) NonClass: 18117K(18432K)->18117K(18432K) Class: 2408K(2688K)->2408K(2688K)
[49.671s][info][gc             ] GC(224) Pause Young (Allocation Failure) 760M->84M(2044M) 0.892ms
[49.671s][info][gc,cpu         ] GC(224) User=0.00s Sys=0.00s Real=0.00s
[49.896s][info][gc,start       ] GC(225) Pause Young (Allocation Failure)
[49.897s][info][gc,heap        ] GC(225) PSYoungGen: 692325K->320K(695296K)
[49.897s][info][gc,heap        ] GC(225) ParOldGen: 85517K->85541K(1398272K)
[49.897s][info][gc,metaspace   ] GC(225) Metaspace: 20525K(21120K)->20525K(21120K) NonClass: 18117K(18432K)->18117K(18432K) Class: 2408K(2688K)->2408K(2688K)
[49.897s][info][gc             ] GC(225) Pause Young (Allocation Failure) 759M->83M(2044M) 0.953ms
[49.897s][info][gc,cpu         ] GC(225) User=0.00s Sys=0.00s Real=0.00s
[50.118s][info][gc,start       ] GC(226) Pause Young (Allocation Failure)
[50.119s][info][gc,heap        ] GC(226) PSYoungGen: 692032K->2301K(695296K)
[50.119s][info][gc,heap        ] GC(226) ParOldGen: 85541K->85541K(1398272K)
[50.119s][info][gc,metaspace   ] GC(226) Metaspace: 20525K(21120K)->20525K(21120K) NonClass: 18117K(18432K)->18117K(18432K) Class: 2408K(2688K)->2408K(2688K)
[50.119s][info][gc             ] GC(226) Pause Young (Allocation Failure) 759M->85M(2044M) 0.904ms
[50.119s][info][gc,cpu         ] GC(226) User=0.00s Sys=0.00s Real=0.00s
[50.359s][info][gc,start       ] GC(227) Pause Young (Allocation Failure)
[50.360s][info][gc,heap        ] GC(227) PSYoungGen: 694013K->1701K(695296K)
[50.360s][info][gc,heap        ] GC(227) ParOldGen: 85541K->85541K(1398272K)
[50.360s][info][gc,metaspace   ] GC(227) Metaspace: 20525K(21120K)->20525K(21120K) NonClass: 18117K(18432K)->18117K(18432K) Class: 2408K(2688K)->2408K(2688K)
[50.360s][info][gc             ] GC(227) Pause Young (Allocation Failure) 761M->85M(2044M) 0.675ms
[50.360s][info][gc,cpu         ] GC(227) User=0.00s Sys=0.00s Real=0.00s
[50.488s][info][gc,start       ] GC(228) Pause Young (System.gc())
[50.488s][info][gc,heap        ] GC(228) PSYoungGen: 378841K->64K(695296K)
[50.488s][info][gc,heap        ] GC(228) ParOldGen: 85541K->85541K(1398272K)
[50.488s][info][gc,metaspace   ] GC(228) Metaspace: 20525K(21120K)->20525K(21120K) NonClass: 18117K(18432K)->18117K(18432K) Class: 2408K(2688K)->2408K(2688K)
[50.488s][info][gc             ] GC(228) Pause Young (System.gc()) 453M->83M(2044M) 0.423ms
[50.488s][info][gc,cpu         ] GC(228) User=0.00s Sys=0.00s Real=0.00s
[50.488s][info][gc,start       ] GC(229) Pause Full (System.gc())
[50.488s][info][gc,phases,start] GC(229) Marking Phase
[50.542s][info][gc,phases      ] GC(229) Marking Phase 53.695ms
[50.542s][info][gc,phases,start] GC(229) Summary Phase
[50.542s][info][gc,phases      ] GC(229) Summary Phase 0.011ms
[50.542s][info][gc,phases,start] GC(229) Adjust Roots
[50.543s][info][gc,phases      ] GC(229) Adjust Roots 1.543ms
[50.544s][info][gc,phases,start] GC(229) Compaction Phase
[50.557s][info][gc,phases      ] GC(229) Compaction Phase 13.876ms
[50.557s][info][gc,phases,start] GC(229) Post Compact
[50.558s][info][gc,phases      ] GC(229) Post Compact 0.602ms
[50.558s][info][gc,heap        ] GC(229) PSYoungGen: 64K->0K(695296K)
[50.558s][info][gc,heap        ] GC(229) ParOldGen: 85541K->85453K(1398272K)
[50.558s][info][gc,metaspace   ] GC(229) Metaspace: 20525K(21120K)->20525K(21120K) NonClass: 18117K(18432K)->18117K(18432K) Class: 2408K(2688K)->2408K(2688K)
[50.558s][info][gc             ] GC(229) Pause Full (System.gc()) 83M->83M(2044M) 70.050ms
[50.558s][info][gc,cpu         ] GC(229) User=0.28s Sys=0.00s Real=0.07s
[50.791s][info][gc,start       ] GC(230) Pause Young (Allocation Failure)
[50.792s][info][gc,heap        ] GC(230) PSYoungGen: 691712K->2188K(695296K)
[50.792s][info][gc,heap        ] GC(230) ParOldGen: 85453K->85453K(1398272K)
[50.792s][info][gc,metaspace   ] GC(230) Metaspace: 20535K(21120K)->20535K(21120K) NonClass: 18127K(18432K)->18127K(18432K) Class: 2408K(2688K)->2408K(2688K)
[50.792s][info][gc             ] GC(230) Pause Young (Allocation Failure) 758M->85M(2044M) 0.901ms
[50.792s][info][gc,cpu         ] GC(230) User=0.00s Sys=0.00s Real=0.00s
[51.031s][info][gc,start       ] GC(231) Pause Young (Allocation Failure)
[51.031s][info][gc,heap        ] GC(231) PSYoungGen: 693900K->1613K(695296K)
[51.031s][info][gc,heap        ] GC(231) ParOldGen: 85453K->85469K(1398272K)
[51.031s][info][gc,metaspace   ] GC(231) Metaspace: 20535K(21120K)->20535K(21120K) NonClass: 18127K(18432K)->18127K(18432K) Class: 2408K(2688K)->2408K(2688K)
[51.031s][info][gc             ] GC(231) Pause Young (Allocation Failure) 761M->85M(2044M) 0.811ms
[51.031s][info][gc,cpu         ] GC(231) User=0.00s Sys=0.00s Real=0.00s
[51.268s][info][gc,start       ] GC(232) Pause Young (Allocation Failure)
[51.268s][info][gc,heap        ] GC(232) PSYoungGen: 693325K->934K(695296K)
[51.268s][info][gc,heap        ] GC(232) ParOldGen: 85469K->85469K(1398272K)
[51.268s][info][gc,metaspace   ] GC(232) Metaspace: 20535K(21120K)->20535K(21120K) NonClass: 18127K(18432K)->18127K(18432K) Class: 2408K(2688K)->2408K(2688K)
[51.268s][info][gc             ] GC(232) Pause Young (Allocation Failure) 760M->84M(2044M) 0.583ms
[51.268s][info][gc,cpu         ] GC(232) User=0.00s Sys=0.00s Real=0.00s
[51.513s][info][gc,start       ] GC(233) Pause Young (Allocation Failure)
[51.514s][info][gc,heap        ] GC(233) PSYoungGen: 692646K->416K(695296K)
[51.514s][info][gc,heap        ] GC(233) ParOldGen: 85469K->85469K(1398272K)
[51.514s][info][gc,metaspace   ] GC(233) Metaspace: 20535K(21120K)->20535K(21120K) NonClass: 18127K(18432K)->18127K(18432K) Class: 2408K(2688K)->2408K(2688K)
[51.514s][info][gc             ] GC(233) Pause Young (Allocation Failure) 759M->83M(2044M) 0.713ms
[51.514s][info][gc,cpu         ] GC(233) User=0.02s Sys=0.00s Real=0.00s
[51.741s][info][gc,start       ] GC(234) Pause Young (Allocation Failure)
[51.742s][info][gc,heap        ] GC(234) PSYoungGen: 692053K->2698K(694272K)
[51.742s][info][gc,heap        ] GC(234) ParOldGen: 85469K->85493K(1398272K)
[51.742s][info][gc,metaspace   ] GC(234) Metaspace: 20535K(21120K)->20535K(21120K) NonClass: 18127K(18432K)->18127K(18432K) Class: 2408K(2688K)->2408K(2688K)
[51.742s][info][gc             ] GC(234) Pause Young (Allocation Failure) 759M->86M(2043M) 1.099ms
[51.742s][info][gc,cpu         ] GC(234) User=0.00s Sys=0.00s Real=0.00s
[51.974s][info][gc,start       ] GC(235) Pause Young (Allocation Failure)
[51.974s][info][gc,heap        ] GC(235) PSYoungGen: 693386K->2031K(694784K)
[51.974s][info][gc,heap        ] GC(235) ParOldGen: 85493K->85493K(1398272K)
[51.974s][info][gc,metaspace   ] GC(235) Metaspace: 20535K(21120K)->20535K(21120K) NonClass: 18127K(18432K)->18127K(18432K) Class: 2408K(2688K)->2408K(2688K)
[51.974s][info][gc             ] GC(235) Pause Young (Allocation Failure) 760M->85M(2044M) 0.674ms
[51.974s][info][gc,cpu         ] GC(235) User=0.00s Sys=0.00s Real=0.00s
[52.214s][info][gc,start       ] GC(236) Pause Young (Allocation Failure)
[52.215s][info][gc,heap        ] GC(236) PSYoungGen: 692719K->1477K(695296K)
[52.215s][info][gc,heap        ] GC(236) ParOldGen: 85493K->85493K(1398272K)
[52.215s][info][gc,metaspace   ] GC(236) Metaspace: 20535K(21120K)->20535K(21120K) NonClass: 18127K(18432K)->18127K(18432K) Class: 2408K(2688K)->2408K(2688K)
[52.215s][info][gc             ] GC(236) Pause Young (Allocation Failure) 759M->84M(2044M) 0.690ms
[52.215s][info][gc,cpu         ] GC(236) User=0.00s Sys=0.00s Real=0.00s
[52.456s][info][gc,start       ] GC(237) Pause Young (Allocation Failure)
[52.456s][info][gc,heap        ] GC(237) PSYoungGen: 692677K->850K(694784K)
[52.456s][info][gc,heap        ] GC(237) ParOldGen: 85493K->85493K(1398272K)
[52.456s][info][gc,metaspace   ] GC(237) Metaspace: 20535K(21120K)->20535K(21120K) NonClass: 18127K(18432K)->18127K(18432K) Class: 2408K(2688K)->2408K(2688K)
[52.456s][info][gc             ] GC(237) Pause Young (Allocation Failure) 759M->84M(2044M) 0.603ms
[52.456s][info][gc,cpu         ] GC(237) User=0.00s Sys=0.00s Real=0.00s
[52.683s][info][gc,start       ] GC(238) Pause Young (Allocation Failure)
[52.684s][info][gc,heap        ] GC(238) PSYoungGen: 691582K->3412K(694272K)
[52.684s][info][gc,heap        ] GC(238) ParOldGen: 85493K->85509K(1398272K)
[52.684s][info][gc,metaspace   ] GC(238) Metaspace: 20535K(21120K)->20535K(21120K) NonClass: 18127K(18432K)->18127K(18432K) Class: 2408K(2688K)->2408K(2688K)
[52.684s][info][gc             ] GC(238) Pause Young (Allocation Failure) 758M->86M(2043M) 1.312ms
[52.684s][info][gc,cpu         ] GC(238) User=0.00s Sys=0.00s Real=0.00s
[52.914s][info][gc,start       ] GC(239) Pause Young (Allocation Failure)
[52.916s][info][gc,heap        ] GC(239) PSYoungGen: 694100K->2115K(694784K)
[52.916s][info][gc,heap        ] GC(239) ParOldGen: 85509K->85509K(1398272K)
[52.916s][info][gc,metaspace   ] GC(239) Metaspace: 20535K(21120K)->20535K(21120K) NonClass: 18127K(18432K)->18127K(18432K) Class: 2408K(2688K)->2408K(2688K)
[52.916s][info][gc             ] GC(239) Pause Young (Allocation Failure) 761M->85M(2044M) 1.408ms
[52.916s][info][gc,cpu         ] GC(239) User=0.00s Sys=0.00s Real=0.00s
[53.142s][info][gc,start       ] GC(240) Pause Young (Allocation Failure)
[53.143s][info][gc,heap        ] GC(240) PSYoungGen: 692803K->1636K(694784K)
[53.143s][info][gc,heap        ] GC(240) ParOldGen: 85509K->85509K(1398272K)
[53.143s][info][gc,metaspace   ] GC(240) Metaspace: 20535K(21120K)->20535K(21120K) NonClass: 18127K(18432K)->18127K(18432K) Class: 2408K(2688K)->2408K(2688K)
[53.143s][info][gc             ] GC(240) Pause Young (Allocation Failure) 760M->85M(2044M) 1.037ms
[53.143s][info][gc,cpu         ] GC(240) User=0.00s Sys=0.00s Real=0.00s
[53.373s][info][gc,start       ] GC(241) Pause Young (Allocation Failure)
[53.373s][info][gc,heap        ] GC(241) PSYoungGen: 692324K->970K(694784K)
[53.373s][info][gc,heap        ] GC(241) ParOldGen: 85509K->85533K(1398272K)
[53.373s][info][gc,metaspace   ] GC(241) Metaspace: 20535K(21120K)->20535K(21120K) NonClass: 18127K(18432K)->18127K(18432K) Class: 2408K(2688K)->2408K(2688K)
[53.373s][info][gc             ] GC(241) Pause Young (Allocation Failure) 759M->84M(2044M) 0.573ms
[53.373s][info][gc,cpu         ] GC(241) User=0.00s Sys=0.00s Real=0.00s
[53.603s][info][gc,start       ] GC(242) Pause Young (Allocation Failure)
[53.604s][info][gc,heap        ] GC(242) PSYoungGen: 690907K->3250K(694272K)
[53.604s][info][gc,heap        ] GC(242) ParOldGen: 85533K->85533K(1398272K)
[53.604s][info][gc,metaspace   ] GC(242) Metaspace: 20535K(21120K)->20535K(21120K) NonClass: 18127K(18432K)->18127K(18432K) Class: 2408K(2688K)->2408K(2688K)
[53.604s][info][gc             ] GC(242) Pause Young (Allocation Failure) 758M->86M(2043M) 1.314ms
[53.604s][info][gc,cpu         ] GC(242) User=0.00s Sys=0.00s Real=0.00s
[53.836s][info][gc,start       ] GC(243) Pause Young (Allocation Failure)
[53.836s][info][gc,heap        ] GC(243) PSYoungGen: 693938K->2249K(694784K)
[53.836s][info][gc,heap        ] GC(243) ParOldGen: 85533K->85589K(1398272K)
[53.836s][info][gc,metaspace   ] GC(243) Metaspace: 20535K(21120K)->20535K(21120K) NonClass: 18127K(18432K)->18127K(18432K) Class: 2408K(2688K)->2408K(2688K)
[53.836s][info][gc             ] GC(243) Pause Young (Allocation Failure) 761M->85M(2044M) 0.816ms
[53.836s][info][gc,cpu         ] GC(243) User=0.00s Sys=0.00s Real=0.00s
[53.967s][info][gc,start       ] GC(244) Pause Young (System.gc())
[53.969s][info][gc,heap        ] GC(244) PSYoungGen: 369085K->128K(694784K)
[53.969s][info][gc,heap        ] GC(244) ParOldGen: 85589K->85589K(1398272K)
[53.969s][info][gc,metaspace   ] GC(244) Metaspace: 20535K(21120K)->20535K(21120K) NonClass: 18127K(18432K)->18127K(18432K) Class: 2408K(2688K)->2408K(2688K)
[53.969s][info][gc             ] GC(244) Pause Young (System.gc()) 444M->83M(2044M) 2.860ms
[53.969s][info][gc,cpu         ] GC(244) User=0.00s Sys=0.00s Real=0.00s
[53.969s][info][gc,start       ] GC(245) Pause Full (System.gc())
[53.969s][info][gc,phases,start] GC(245) Marking Phase
[54.029s][info][gc,phases      ] GC(245) Marking Phase 59.595ms
[54.029s][info][gc,phases,start] GC(245) Summary Phase
[54.029s][info][gc,phases      ] GC(245) Summary Phase 0.011ms
[54.029s][info][gc,phases,start] GC(245) Adjust Roots
[54.031s][info][gc,phases      ] GC(245) Adjust Roots 1.343ms
[54.031s][info][gc,phases,start] GC(245) Compaction Phase
[54.044s][info][gc,phases      ] GC(245) Compaction Phase 13.339ms
[54.044s][info][gc,phases,start] GC(245) Post Compact
[54.044s][info][gc,phases      ] GC(245) Post Compact 0.541ms
[54.045s][info][gc,heap        ] GC(245) PSYoungGen: 128K->0K(694784K)
[54.045s][info][gc,heap        ] GC(245) ParOldGen: 85589K->85486K(1398272K)
[54.045s][info][gc,metaspace   ] GC(245) Metaspace: 20535K(21120K)->20535K(21120K) NonClass: 18127K(18432K)->18127K(18432K) Class: 2408K(2688K)->2408K(2688K)
[54.045s][info][gc             ] GC(245) Pause Full (System.gc()) 83M->83M(2044M) 75.086ms
[54.045s][info][gc,cpu         ] GC(245) User=0.28s Sys=0.00s Real=0.08s
[54.281s][info][gc,start       ] GC(246) Pause Young (Allocation Failure)
[54.282s][info][gc,heap        ] GC(246) PSYoungGen: 690688K->2227K(694784K)
[54.282s][info][gc,heap        ] GC(246) ParOldGen: 85486K->85486K(1398272K)
[54.282s][info][gc,metaspace   ] GC(246) Metaspace: 20535K(21120K)->20535K(21120K) NonClass: 18127K(18432K)->18127K(18432K) Class: 2408K(2688K)->2408K(2688K)
[54.282s][info][gc             ] GC(246) Pause Young (Allocation Failure) 757M->85M(2044M) 0.772ms
[54.282s][info][gc,cpu         ] GC(246) User=0.00s Sys=0.00s Real=0.00s
[54.525s][info][gc,start       ] GC(247) Pause Young (Allocation Failure)
[54.526s][info][gc,heap        ] GC(247) PSYoungGen: 692915K->1722K(694784K)
[54.526s][info][gc,heap        ] GC(247) ParOldGen: 85486K->85510K(1398272K)
[54.526s][info][gc,metaspace   ] GC(247) Metaspace: 20535K(21120K)->20535K(21120K) NonClass: 18127K(18432K)->18127K(18432K) Class: 2408K(2688K)->2408K(2688K)
[54.526s][info][gc             ] GC(247) Pause Young (Allocation Failure) 760M->85M(2044M) 0.977ms
[54.526s][info][gc,cpu         ] GC(247) User=0.00s Sys=0.00s Real=0.00s
[54.766s][info][gc,start       ] GC(248) Pause Young (Allocation Failure)
[54.766s][info][gc,heap        ] GC(248) PSYoungGen: 692410K->808K(694784K)
[54.766s][info][gc,heap        ] GC(248) ParOldGen: 85510K->85510K(1398272K)
[54.766s][info][gc,metaspace   ] GC(248) Metaspace: 20535K(21120K)->20535K(21120K) NonClass: 18127K(18432K)->18127K(18432K) Class: 2408K(2688K)->2408K(2688K)
[54.766s][info][gc             ] GC(248) Pause Young (Allocation Failure) 759M->84M(2044M) 0.649ms
[54.766s][info][gc,cpu         ] GC(248) User=0.00s Sys=0.00s Real=0.00s
[55.032s][info][gc,start       ] GC(249) Pause Young (Allocation Failure)
[55.033s][info][gc,heap        ] GC(249) PSYoungGen: 691496K->256K(694784K)
[55.033s][info][gc,heap        ] GC(249) ParOldGen: 85510K->85510K(1398272K)
[55.033s][info][gc,metaspace   ] GC(249) Metaspace: 20535K(21120K)->20535K(21120K) NonClass: 18127K(18432K)->18127K(18432K) Class: 2408K(2688K)->2408K(2688K)
[55.033s][info][gc             ] GC(249) Pause Young (Allocation Failure) 758M->83M(2044M) 0.561ms
[55.033s][info][gc,cpu         ] GC(249) User=0.00s Sys=0.00s Real=0.00s
[55.252s][info][gc,start       ] GC(250) Pause Young (Allocation Failure)
[55.253s][info][gc,heap        ] GC(250) PSYoungGen: 690944K->2413K(694784K)
[55.253s][info][gc,heap        ] GC(250) ParOldGen: 85510K->85534K(1398272K)
[55.253s][info][gc,metaspace   ] GC(250) Metaspace: 20535K(21120K)->20535K(21120K) NonClass: 18127K(18432K)->18127K(18432K) Class: 2408K(2688K)->2408K(2688K)
[55.253s][info][gc             ] GC(250) Pause Young (Allocation Failure) 758M->85M(2044M) 0.944ms
[55.253s][info][gc,cpu         ] GC(250) User=0.00s Sys=0.00s Real=0.00s
[55.490s][info][gc,start       ] GC(251) Pause Young (Allocation Failure)
[55.490s][info][gc,heap        ] GC(251) PSYoungGen: 693101K->1708K(694784K)
[55.490s][info][gc,heap        ] GC(251) ParOldGen: 85534K->85534K(1398272K)
[55.490s][info][gc,metaspace   ] GC(251) Metaspace: 20535K(21120K)->20535K(21120K) NonClass: 18127K(18432K)->18127K(18432K) Class: 2408K(2688K)->2408K(2688K)
[55.490s][info][gc             ] GC(251) Pause Young (Allocation Failure) 760M->85M(2044M) 0.917ms
[55.490s][info][gc,cpu         ] GC(251) User=0.00s Sys=0.00s Real=0.00s
[55.725s][info][gc,start       ] GC(252) Pause Young (Allocation Failure)
[55.726s][info][gc,heap        ] GC(252) PSYoungGen: 692396K->1177K(694784K)
[55.726s][info][gc,heap        ] GC(252) ParOldGen: 85534K->85534K(1398272K)
[55.726s][info][gc,metaspace   ] GC(252) Metaspace: 20535K(21120K)->20535K(21120K) NonClass: 18127K(18432K)->18127K(18432K) Class: 2408K(2688K)->2408K(2688K)
[55.726s][info][gc             ] GC(252) Pause Young (Allocation Failure) 759M->84M(2044M) 1.038ms
[55.726s][info][gc,cpu         ] GC(252) User=0.00s Sys=0.00s Real=0.00s
[55.958s][info][gc,start       ] GC(253) Pause Young (Allocation Failure)
[55.959s][info][gc,heap        ] GC(253) PSYoungGen: 691865K->256K(695296K)
[55.959s][info][gc,heap        ] GC(253) ParOldGen: 85534K->85534K(1398272K)
[55.959s][info][gc,metaspace   ] GC(253) Metaspace: 20535K(21120K)->20535K(21120K) NonClass: 18127K(18432K)->18127K(18432K) Class: 2408K(2688K)->2408K(2688K)
[55.959s][info][gc             ] GC(253) Pause Young (Allocation Failure) 759M->83M(2044M) 1.089ms
[55.959s][info][gc,cpu         ] GC(253) User=0.00s Sys=0.00s Real=0.00s
[56.192s][info][gc,start       ] GC(254) Pause Young (Allocation Failure)
[56.194s][info][gc,heap        ] GC(254) PSYoungGen: 691968K->2300K(694272K)
[56.194s][info][gc,heap        ] GC(254) ParOldGen: 85534K->85558K(1398272K)
[56.194s][info][gc,metaspace   ] GC(254) Metaspace: 20535K(21120K)->20535K(21120K) NonClass: 18127K(18432K)->18127K(18432K) Class: 2408K(2688K)->2408K(2688K)
[56.194s][info][gc             ] GC(254) Pause Young (Allocation Failure) 759M->85M(2043M) 2.155ms
[56.194s][info][gc,cpu         ] GC(254) User=0.00s Sys=0.00s Real=0.00s
[56.434s][info][gc,start       ] GC(255) Pause Young (Allocation Failure)
[56.434s][info][gc,heap        ] GC(255) PSYoungGen: 694012K->2148K(694784K)
[56.434s][info][gc,heap        ] GC(255) ParOldGen: 85558K->85558K(1398272K)
[56.434s][info][gc,metaspace   ] GC(255) Metaspace: 20535K(21120K)->20535K(21120K) NonClass: 18127K(18432K)->18127K(18432K) Class: 2408K(2688K)->2408K(2688K)
[56.434s][info][gc             ] GC(255) Pause Young (Allocation Failure) 761M->85M(2044M) 0.796ms
[56.434s][info][gc,cpu         ] GC(255) User=0.00s Sys=0.00s Real=0.00s
[56.665s][info][gc,start       ] GC(256) Pause Young (Allocation Failure)
[56.666s][info][gc,heap        ] GC(256) PSYoungGen: 692836K->1460K(694784K)
[56.666s][info][gc,heap        ] GC(256) ParOldGen: 85558K->85558K(1398272K)
[56.666s][info][gc,metaspace   ] GC(256) Metaspace: 20535K(21120K)->20535K(21120K) NonClass: 18127K(18432K)->18127K(18432K) Class: 2408K(2688K)->2408K(2688K)
[56.666s][info][gc             ] GC(256) Pause Young (Allocation Failure) 760M->84M(2044M) 0.816ms
[56.666s][info][gc,cpu         ] GC(256) User=0.00s Sys=0.00s Real=0.00s
[56.901s][info][gc,start       ] GC(257) Pause Young (Allocation Failure)
[56.902s][info][gc,heap        ] GC(257) PSYoungGen: 692148K->696K(695296K)
[56.902s][info][gc,heap        ] GC(257) ParOldGen: 85558K->85574K(1398272K)
[56.902s][info][gc,metaspace   ] GC(257) Metaspace: 20535K(21120K)->20535K(21120K) NonClass: 18127K(18432K)->18127K(18432K) Class: 2408K(2688K)->2408K(2688K)
[56.902s][info][gc             ] GC(257) Pause Young (Allocation Failure) 759M->84M(2044M) 0.593ms
[56.902s][info][gc,cpu         ] GC(257) User=0.00s Sys=0.00s Real=0.00s
[57.135s][info][gc,start       ] GC(258) Pause Young (Allocation Failure)
[57.137s][info][gc,heap        ] GC(258) PSYoungGen: 692329K->2438K(694272K)
[57.137s][info][gc,heap        ] GC(258) ParOldGen: 85574K->85574K(1398272K)
[57.137s][info][gc,metaspace   ] GC(258) Metaspace: 20535K(21120K)->20535K(21120K) NonClass: 18127K(18432K)->18127K(18432K) Class: 2408K(2688K)->2408K(2688K)
[57.137s][info][gc             ] GC(258) Pause Young (Allocation Failure) 759M->85M(2043M) 1.265ms
[57.137s][info][gc,cpu         ] GC(258) User=0.00s Sys=0.00s Real=0.00s
[57.419s][info][gc,start       ] GC(259) Pause Young (Allocation Failure)
[57.420s][info][gc,heap        ] GC(259) PSYoungGen: 694150K->2140K(694784K)
[57.420s][info][gc,heap        ] GC(259) ParOldGen: 85574K->85574K(1398272K)
[57.420s][info][gc,metaspace   ] GC(259) Metaspace: 20535K(21120K)->20535K(21120K) NonClass: 18127K(18432K)->18127K(18432K) Class: 2408K(2688K)->2408K(2688K)
[57.420s][info][gc             ] GC(259) Pause Young (Allocation Failure) 761M->85M(2044M) 0.894ms
[57.420s][info][gc,cpu         ] GC(259) User=0.02s Sys=0.00s Real=0.00s
[57.547s][info][gc,start       ] GC(260) Pause Young (System.gc())
[57.548s][info][gc,heap        ] GC(260) PSYoungGen: 372424K->96K(694784K)
[57.548s][info][gc,heap        ] GC(260) ParOldGen: 85574K->85574K(1398272K)
[57.548s][info][gc,metaspace   ] GC(260) Metaspace: 20535K(21120K)->20535K(21120K) NonClass: 18127K(18432K)->18127K(18432K) Class: 2408K(2688K)->2408K(2688K)
[57.548s][info][gc             ] GC(260) Pause Young (System.gc()) 447M->83M(2044M) 0.780ms
[57.548s][info][gc,cpu         ] GC(260) User=0.00s Sys=0.00s Real=0.00s
[57.548s][info][gc,start       ] GC(261) Pause Full (System.gc())
[57.548s][info][gc,phases,start] GC(261) Marking Phase
[57.612s][info][gc,phases      ] GC(261) Marking Phase 64.177ms
[57.612s][info][gc,phases,start] GC(261) Summary Phase
[57.613s][info][gc,phases      ] GC(261) Summary Phase 0.014ms
[57.613s][info][gc,phases,start] GC(261) Adjust Roots
[57.614s][info][gc,phases      ] GC(261) Adjust Roots 1.369ms
[57.614s][info][gc,phases,start] GC(261) Compaction Phase
[57.626s][info][gc,phases      ] GC(261) Compaction Phase 12.473ms
[57.626s][info][gc,phases,start] GC(261) Post Compact
[57.627s][info][gc,phases      ] GC(261) Post Compact 0.592ms
[57.627s][info][gc,heap        ] GC(261) PSYoungGen: 96K->0K(694784K)
[57.627s][info][gc,heap        ] GC(261) ParOldGen: 85574K->85486K(1398272K)
[57.627s][info][gc,metaspace   ] GC(261) Metaspace: 20535K(21120K)->20535K(21120K) NonClass: 18127K(18432K)->18127K(18432K) Class: 2408K(2688K)->2408K(2688K)
[57.627s][info][gc             ] GC(261) Pause Full (System.gc()) 83M->83M(2044M) 78.913ms
[57.627s][info][gc,cpu         ] GC(261) User=0.34s Sys=0.00s Real=0.08s
[57.855s][info][gc,start       ] GC(262) Pause Young (Allocation Failure)
[57.857s][info][gc,heap        ] GC(262) PSYoungGen: 690688K->2307K(694784K)
[57.857s][info][gc,heap        ] GC(262) ParOldGen: 85486K->85486K(1398272K)
[57.857s][info][gc,metaspace   ] GC(262) Metaspace: 20535K(21120K)->20535K(21120K) NonClass: 18127K(18432K)->18127K(18432K) Class: 2408K(2688K)->2408K(2688K)
[57.857s][info][gc             ] GC(262) Pause Young (Allocation Failure) 757M->85M(2044M) 1.248ms
[57.857s][info][gc,cpu         ] GC(262) User=0.00s Sys=0.00s Real=0.00s
[58.085s][info][gc,start       ] GC(263) Pause Young (Allocation Failure)
[58.086s][info][gc,heap        ] GC(263) PSYoungGen: 692995K->1726K(694784K)
[58.086s][info][gc,heap        ] GC(263) ParOldGen: 85486K->85502K(1398272K)
[58.086s][info][gc,metaspace   ] GC(263) Metaspace: 20535K(21120K)->20535K(21120K) NonClass: 18127K(18432K)->18127K(18432K) Class: 2408K(2688K)->2408K(2688K)
[58.086s][info][gc             ] GC(263) Pause Young (Allocation Failure) 760M->85M(2044M) 0.725ms
[58.086s][info][gc,cpu         ] GC(263) User=0.00s Sys=0.00s Real=0.00s
[58.319s][info][gc,start       ] GC(264) Pause Young (Allocation Failure)
[58.319s][info][gc,heap        ] GC(264) PSYoungGen: 692414K->917K(695296K)
[58.319s][info][gc,heap        ] GC(264) ParOldGen: 85502K->85502K(1398272K)
[58.319s][info][gc,metaspace   ] GC(264) Metaspace: 20535K(21120K)->20535K(21120K) NonClass: 18127K(18432K)->18127K(18432K) Class: 2408K(2688K)->2408K(2688K)
[58.319s][info][gc             ] GC(264) Pause Young (Allocation Failure) 759M->84M(2044M) 0.633ms
[58.319s][info][gc,cpu         ] GC(264) User=0.00s Sys=0.00s Real=0.00s
[58.555s][info][gc,start       ] GC(265) Pause Young (Allocation Failure)
[58.556s][info][gc,heap        ] GC(265) PSYoungGen: 692117K->128K(694784K)
[58.556s][info][gc,heap        ] GC(265) ParOldGen: 85502K->85502K(1398272K)
[58.556s][info][gc,metaspace   ] GC(265) Metaspace: 20535K(21120K)->20535K(21120K) NonClass: 18127K(18432K)->18127K(18432K) Class: 2408K(2688K)->2408K(2688K)
[58.556s][info][gc             ] GC(265) Pause Young (Allocation Failure) 759M->83M(2044M) 0.744ms
[58.556s][info][gc,cpu         ] GC(265) User=0.00s Sys=0.00s Real=0.00s
[58.781s][info][gc,start       ] GC(266) Pause Young (Allocation Failure)
[58.782s][info][gc,heap        ] GC(266) PSYoungGen: 691328K->2340K(694272K)
[58.782s][info][gc,heap        ] GC(266) ParOldGen: 85502K->85526K(1398272K)
[58.782s][info][gc,metaspace   ] GC(266) Metaspace: 20535K(21120K)->20535K(21120K) NonClass: 18127K(18432K)->18127K(18432K) Class: 2408K(2688K)->2408K(2688K)
[58.782s][info][gc             ] GC(266) Pause Young (Allocation Failure) 758M->85M(2043M) 0.985ms
[58.782s][info][gc,cpu         ] GC(266) User=0.00s Sys=0.00s Real=0.00s
[59.014s][info][gc,start       ] GC(267) Pause Young (Allocation Failure)
[59.015s][info][gc,heap        ] GC(267) PSYoungGen: 693028K->1846K(694784K)
[59.015s][info][gc,heap        ] GC(267) ParOldGen: 85526K->85526K(1398272K)
[59.015s][info][gc,metaspace   ] GC(267) Metaspace: 20535K(21120K)->20535K(21120K) NonClass: 18127K(18432K)->18127K(18432K) Class: 2408K(2688K)->2408K(2688K)
[59.015s][info][gc             ] GC(267) Pause Young (Allocation Failure) 760M->85M(2044M) 0.700ms
[59.015s][info][gc,cpu         ] GC(267) User=0.00s Sys=0.00s Real=0.00s
[59.247s][info][gc,start       ] GC(268) Pause Young (Allocation Failure)
[59.247s][info][gc,heap        ] GC(268) PSYoungGen: 692534K->985K(695296K)
[59.247s][info][gc,heap        ] GC(268) ParOldGen: 85526K->85526K(1398272K)
[59.247s][info][gc,metaspace   ] GC(268) Metaspace: 20535K(21120K)->20535K(21120K) NonClass: 18127K(18432K)->18127K(18432K) Class: 2408K(2688K)->2408K(2688K)
[59.247s][info][gc             ] GC(268) Pause Young (Allocation Failure) 759M->84M(2044M) 0.620ms
[59.247s][info][gc,cpu         ] GC(268) User=0.00s Sys=0.00s Real=0.00s
[59.482s][info][gc,start       ] GC(269) Pause Young (Allocation Failure)
[59.482s][info][gc,heap        ] GC(269) PSYoungGen: 692185K->192K(694784K)
[59.482s][info][gc,heap        ] GC(269) ParOldGen: 85526K->85526K(1398272K)
[59.482s][info][gc,metaspace   ] GC(269) Metaspace: 20535K(21120K)->20535K(21120K) NonClass: 18127K(18432K)->18127K(18432K) Class: 2408K(2688K)->2408K(2688K)
[59.482s][info][gc             ] GC(269) Pause Young (Allocation Failure) 759M->83M(2044M) 0.429ms
[59.482s][info][gc,cpu         ] GC(269) User=0.02s Sys=0.00s Real=0.00s
[59.711s][info][gc,start       ] GC(270) Pause Young (Allocation Failure)
[59.712s][info][gc,heap        ] GC(270) PSYoungGen: 691392K->2626K(694272K)
[59.712s][info][gc,heap        ] GC(270) ParOldGen: 85526K->85542K(1398272K)
[59.712s][info][gc,metaspace   ] GC(270) Metaspace: 20535K(21120K)->20535K(21120K) NonClass: 18127K(18432K)->18127K(18432K) Class: 2408K(2688K)->2408K(2688K)
[59.712s][info][gc             ] GC(270) Pause Young (Allocation Failure) 758M->86M(2043M) 1.300ms
[59.712s][info][gc,cpu         ] GC(270) User=0.00s Sys=0.00s Real=0.00s
[59.951s][info][gc,start       ] GC(271) Pause Young (Allocation Failure)
[59.952s][info][gc,heap        ] GC(271) PSYoungGen: 693314K->2066K(694784K)
[59.952s][info][gc,heap        ] GC(271) ParOldGen: 85542K->85542K(1398272K)
[59.952s][info][gc,metaspace   ] GC(271) Metaspace: 20535K(21120K)->20535K(21120K) NonClass: 18127K(18432K)->18127K(18432K) Class: 2408K(2688K)->2408K(2688K)
[59.952s][info][gc             ] GC(271) Pause Young (Allocation Failure) 760M->85M(2044M) 0.825ms
[59.952s][info][gc,cpu         ] GC(271) User=0.00s Sys=0.00s Real=0.00s
[60.182s][info][gc,start       ] GC(272) Pause Young (Allocation Failure)
[60.182s][info][gc,heap        ] GC(272) PSYoungGen: 692754K->1441K(695296K)
[60.183s][info][gc,heap        ] GC(272) ParOldGen: 85542K->85542K(1398272K)
[60.183s][info][gc,metaspace   ] GC(272) Metaspace: 20535K(21120K)->20535K(21120K) NonClass: 18127K(18432K)->18127K(18432K) Class: 2408K(2688K)->2408K(2688K)
[60.183s][info][gc             ] GC(272) Pause Young (Allocation Failure) 760M->84M(2044M) 0.728ms
[60.183s][info][gc,cpu         ] GC(272) User=0.00s Sys=0.00s Real=0.00s
[60.417s][info][gc,start       ] GC(273) Pause Young (Allocation Failure)
[60.417s][info][gc,heap        ] GC(273) PSYoungGen: 692641K->970K(694784K)
[60.417s][info][gc,heap        ] GC(273) ParOldGen: 85542K->85558K(1398272K)
[60.417s][info][gc,metaspace   ] GC(273) Metaspace: 20535K(21120K)->20535K(21120K) NonClass: 18127K(18432K)->18127K(18432K) Class: 2408K(2688K)->2408K(2688K)
[60.417s][info][gc             ] GC(273) Pause Young (Allocation Failure) 759M->84M(2044M) 0.515ms
[60.417s][info][gc,cpu         ] GC(273) User=0.00s Sys=0.00s Real=0.00s
[60.646s][info][gc,start       ] GC(274) Pause Young (Allocation Failure)
[60.646s][info][gc,heap        ] GC(274) PSYoungGen: 692170K->192K(695296K)
[60.646s][info][gc,heap        ] GC(274) ParOldGen: 85558K->85558K(1398272K)
[60.646s][info][gc,metaspace   ] GC(274) Metaspace: 20535K(21120K)->20535K(21120K) NonClass: 18127K(18432K)->18127K(18432K) Class: 2408K(2688K)->2408K(2688K)
[60.646s][info][gc             ] GC(274) Pause Young (Allocation Failure) 759M->83M(2044M) 0.389ms
[60.646s][info][gc,cpu         ] GC(274) User=0.00s Sys=0.00s Real=0.00s
[60.877s][info][gc,start       ] GC(275) Pause Young (Allocation Failure)
[60.878s][info][gc,heap        ] GC(275) PSYoungGen: 691904K->2637K(694784K)
[60.878s][info][gc,heap        ] GC(275) ParOldGen: 85558K->85558K(1398272K)
[60.878s][info][gc,metaspace   ] GC(275) Metaspace: 20535K(21120K)->20535K(21120K) NonClass: 18127K(18432K)->18127K(18432K) Class: 2408K(2688K)->2408K(2688K)
[60.878s][info][gc             ] GC(275) Pause Young (Allocation Failure) 759M->86M(2044M) 0.999ms
[60.878s][info][gc,cpu         ] GC(275) User=0.00s Sys=0.00s Real=0.00s
[61.006s][info][gc,start       ] GC(276) Pause Young (System.gc())
[61.007s][info][gc,heap        ] GC(276) PSYoungGen: 370880K->128K(694784K)
[61.007s][info][gc,heap        ] GC(276) ParOldGen: 85558K->85558K(1398272K)
[61.007s][info][gc,metaspace   ] GC(276) Metaspace: 20535K(21120K)->20535K(21120K) NonClass: 18127K(18432K)->18127K(18432K) Class: 2408K(2688K)->2408K(2688K)
[61.007s][info][gc             ] GC(276) Pause Young (System.gc()) 445M->83M(2044M) 0.408ms
[61.007s][info][gc,cpu         ] GC(276) User=0.00s Sys=0.00s Real=0.00s
[61.007s][info][gc,start       ] GC(277) Pause Full (System.gc())
[61.007s][info][gc,phases,start] GC(277) Marking Phase
[61.051s][info][gc,phases      ] GC(277) Marking Phase 44.197ms
[61.051s][info][gc,phases,start] GC(277) Summary Phase
[61.051s][info][gc,phases      ] GC(277) Summary Phase 0.011ms
[61.051s][info][gc,phases,start] GC(277) Adjust Roots
[61.053s][info][gc,phases      ] GC(277) Adjust Roots 1.638ms
[61.053s][info][gc,phases,start] GC(277) Compaction Phase
[61.065s][info][gc,phases      ] GC(277) Compaction Phase 12.420ms
[61.065s][info][gc,phases,start] GC(277) Post Compact
[61.066s][info][gc,phases      ] GC(277) Post Compact 0.541ms
[61.066s][info][gc,heap        ] GC(277) PSYoungGen: 128K->0K(694784K)
[61.066s][info][gc,heap        ] GC(277) ParOldGen: 85558K->85486K(1398272K)
[61.066s][info][gc,metaspace   ] GC(277) Metaspace: 20535K(21120K)->20535K(21120K) NonClass: 18127K(18432K)->18127K(18432K) Class: 2408K(2688K)->2408K(2688K)
[61.066s][info][gc             ] GC(277) Pause Full (System.gc()) 83M->83M(2044M) 59.102ms
[61.066s][info][gc,cpu         ] GC(277) User=0.05s Sys=0.00s Real=0.06s
[61.299s][info][gc,start       ] GC(278) Pause Young (Allocation Failure)
[61.300s][info][gc,heap        ] GC(278) PSYoungGen: 690609K->2638K(694784K)
[61.300s][info][gc,heap        ] GC(278) ParOldGen: 85486K->85486K(1398272K)
[61.300s][info][gc,metaspace   ] GC(278) Metaspace: 20540K(21376K)->20540K(21376K) NonClass: 18132K(18688K)->18132K(18688K) Class: 2408K(2688K)->2408K(2688K)
[61.300s][info][gc             ] GC(278) Pause Young (Allocation Failure) 757M->86M(2044M) 0.814ms
[61.300s][info][gc,cpu         ] GC(278) User=0.00s Sys=0.00s Real=0.00s
[61.544s][info][gc,start       ] GC(279) Pause Young (Allocation Failure)
[61.545s][info][gc,heap        ] GC(279) PSYoungGen: 693326K->1789K(694784K)
[61.545s][info][gc,heap        ] GC(279) ParOldGen: 85486K->85518K(1398272K)
[61.545s][info][gc,metaspace   ] GC(279) Metaspace: 20540K(21376K)->20540K(21376K) NonClass: 18132K(18688K)->18132K(18688K) Class: 2408K(2688K)->2408K(2688K)
[61.545s][info][gc             ] GC(279) Pause Young (Allocation Failure) 760M->85M(2044M) 0.819ms
[61.545s][info][gc,cpu         ] GC(279) User=0.00s Sys=0.00s Real=0.00s
[61.781s][info][gc,start       ] GC(280) Pause Young (Allocation Failure)
[61.781s][info][gc,heap        ] GC(280) PSYoungGen: 692477K->960K(694784K)
[61.781s][info][gc,heap        ] GC(280) ParOldGen: 85518K->85518K(1398272K)
[61.781s][info][gc,metaspace   ] GC(280) Metaspace: 20540K(21376K)->20540K(21376K) NonClass: 18132K(18688K)->18132K(18688K) Class: 2408K(2688K)->2408K(2688K)
[61.781s][info][gc             ] GC(280) Pause Young (Allocation Failure) 759M->84M(2044M) 0.583ms
[61.781s][info][gc,cpu         ] GC(280) User=0.00s Sys=0.00s Real=0.00s
[62.005s][info][gc,start       ] GC(281) Pause Young (Allocation Failure)
[62.007s][info][gc,heap        ] GC(281) PSYoungGen: 691648K->2081K(694784K)
[62.007s][info][gc,heap        ] GC(281) ParOldGen: 85518K->85518K(1398272K)
[62.008s][info][gc,metaspace   ] GC(281) Metaspace: 20540K(21376K)->20540K(21376K) NonClass: 18132K(18688K)->18132K(18688K) Class: 2408K(2688K)->2408K(2688K)
[62.008s][info][gc             ] GC(281) Pause Young (Allocation Failure) 758M->85M(2044M) 2.079ms
[62.008s][info][gc,cpu         ] GC(281) User=0.00s Sys=0.00s Real=0.00s
[62.228s][info][gc,start       ] GC(282) Pause Young (Allocation Failure)
[62.229s][info][gc,heap        ] GC(282) PSYoungGen: 692769K->2202K(694784K)
[62.229s][info][gc,heap        ] GC(282) ParOldGen: 85518K->85534K(1398272K)
[62.229s][info][gc,metaspace   ] GC(282) Metaspace: 20540K(21376K)->20540K(21376K) NonClass: 18132K(18688K)->18132K(18688K) Class: 2408K(2688K)->2408K(2688K)
[62.229s][info][gc             ] GC(282) Pause Young (Allocation Failure) 760M->85M(2044M) 1.030ms
[62.229s][info][gc,cpu         ] GC(282) User=0.00s Sys=0.00s Real=0.00s
[62.462s][info][gc,start       ] GC(283) Pause Young (Allocation Failure)
[62.463s][info][gc,heap        ] GC(283) PSYoungGen: 692890K->1735K(694784K)
[62.463s][info][gc,heap        ] GC(283) ParOldGen: 85534K->85534K(1398272K)
[62.463s][info][gc,metaspace   ] GC(283) Metaspace: 20540K(21376K)->20540K(21376K) NonClass: 18132K(18688K)->18132K(18688K) Class: 2408K(2688K)->2408K(2688K)
[62.463s][info][gc             ] GC(283) Pause Young (Allocation Failure) 760M->85M(2044M) 0.697ms
[62.463s][info][gc,cpu         ] GC(283) User=0.00s Sys=0.00s Real=0.00s
[62.693s][info][gc,start       ] GC(284) Pause Young (Allocation Failure)
[62.693s][info][gc,heap        ] GC(284) PSYoungGen: 692423K->1062K(694784K)
[62.693s][info][gc,heap        ] GC(284) ParOldGen: 85534K->85534K(1398272K)
[62.693s][info][gc,metaspace   ] GC(284) Metaspace: 20540K(21376K)->20540K(21376K) NonClass: 18132K(18688K)->18132K(18688K) Class: 2408K(2688K)->2408K(2688K)
[62.693s][info][gc             ] GC(284) Pause Young (Allocation Failure) 759M->84M(2044M) 0.531ms
[62.693s][info][gc,cpu         ] GC(284) User=0.00s Sys=0.00s Real=0.00s
[62.927s][info][gc,start       ] GC(285) Pause Young (Allocation Failure)
[62.928s][info][gc,heap        ] GC(285) PSYoungGen: 691750K->224K(695296K)
[62.928s][info][gc,heap        ] GC(285) ParOldGen: 85534K->85534K(1398272K)
[62.928s][info][gc,metaspace   ] GC(285) Metaspace: 20540K(21376K)->20540K(21376K) NonClass: 18132K(18688K)->18132K(18688K) Class: 2408K(2688K)->2408K(2688K)
[62.928s][info][gc             ] GC(285) Pause Young (Allocation Failure) 759M->83M(2044M) 0.438ms
[62.928s][info][gc,cpu         ] GC(285) User=0.00s Sys=0.00s Real=0.00s
[63.148s][info][gc,start       ] GC(286) Pause Young (Allocation Failure)
[63.149s][info][gc,heap        ] GC(286) PSYoungGen: 691936K->2337K(694272K)
[63.149s][info][gc,heap        ] GC(286) ParOldGen: 85534K->85558K(1398272K)
[63.149s][info][gc,metaspace   ] GC(286) Metaspace: 20540K(21376K)->20540K(21376K) NonClass: 18132K(18688K)->18132K(18688K) Class: 2408K(2688K)->2408K(2688K)
[63.149s][info][gc             ] GC(286) Pause Young (Allocation Failure) 759M->85M(2043M) 1.005ms
[63.149s][info][gc,cpu         ] GC(286) User=0.00s Sys=0.00s Real=0.00s
[63.384s][info][gc,start       ] GC(287) Pause Young (Allocation Failure)
[63.385s][info][gc,heap        ] GC(287) PSYoungGen: 694049K->1744K(695296K)
[63.385s][info][gc,heap        ] GC(287) ParOldGen: 85558K->85558K(1398272K)
[63.385s][info][gc,metaspace   ] GC(287) Metaspace: 20540K(21376K)->20540K(21376K) NonClass: 18132K(18688K)->18132K(18688K) Class: 2408K(2688K)->2408K(2688K)
[63.385s][info][gc             ] GC(287) Pause Young (Allocation Failure) 761M->85M(2044M) 0.864ms
[63.385s][info][gc,cpu         ] GC(287) User=0.00s Sys=0.00s Real=0.00s
[63.617s][info][gc,start       ] GC(288) Pause Young (Allocation Failure)
[63.618s][info][gc,heap        ] GC(288) PSYoungGen: 692944K->1197K(694784K)
[63.618s][info][gc,heap        ] GC(288) ParOldGen: 85558K->85558K(1398272K)
[63.618s][info][gc,metaspace   ] GC(288) Metaspace: 20540K(21376K)->20540K(21376K) NonClass: 18132K(18688K)->18132K(18688K) Class: 2408K(2688K)->2408K(2688K)
[63.618s][info][gc             ] GC(288) Pause Young (Allocation Failure) 760M->84M(2044M) 0.766ms
[63.618s][info][gc,cpu         ] GC(288) User=0.00s Sys=0.00s Real=0.00s
[63.848s][info][gc,start       ] GC(289) Pause Young (Allocation Failure)
[63.849s][info][gc,heap        ] GC(289) PSYoungGen: 692397K->352K(695296K)
[63.849s][info][gc,heap        ] GC(289) ParOldGen: 85558K->85582K(1398272K)
[63.849s][info][gc,metaspace   ] GC(289) Metaspace: 20540K(21376K)->20540K(21376K) NonClass: 18132K(18688K)->18132K(18688K) Class: 2408K(2688K)->2408K(2688K)
[63.849s][info][gc             ] GC(289) Pause Young (Allocation Failure) 759M->83M(2044M) 0.544ms
[63.849s][info][gc,cpu         ] GC(289) User=0.00s Sys=0.00s Real=0.00s
[64.072s][info][gc,start       ] GC(290) Pause Young (Allocation Failure)
[64.073s][info][gc,heap        ] GC(290) PSYoungGen: 692011K->2218K(695296K)
[64.073s][info][gc,heap        ] GC(290) ParOldGen: 85582K->85582K(1398272K)
[64.073s][info][gc,metaspace   ] GC(290) Metaspace: 20540K(21376K)->20540K(21376K) NonClass: 18132K(18688K)->18132K(18688K) Class: 2408K(2688K)->2408K(2688K)
[64.073s][info][gc             ] GC(290) Pause Young (Allocation Failure) 759M->85M(2044M) 0.987ms
[64.073s][info][gc,cpu         ] GC(290) User=0.00s Sys=0.00s Real=0.00s
[64.300s][info][gc,start       ] GC(291) Pause Young (Allocation Failure)
[64.301s][info][gc,heap        ] GC(291) PSYoungGen: 693930K->1698K(695296K)
[64.301s][info][gc,heap        ] GC(291) ParOldGen: 85582K->85582K(1398272K)
[64.301s][info][gc,metaspace   ] GC(291) Metaspace: 20540K(21376K)->20540K(21376K) NonClass: 18132K(18688K)->18132K(18688K) Class: 2408K(2688K)->2408K(2688K)
[64.301s][info][gc             ] GC(291) Pause Young (Allocation Failure) 761M->85M(2044M) 0.792ms
[64.301s][info][gc,cpu         ] GC(291) User=0.00s Sys=0.00s Real=0.00s
[64.435s][info][gc,start       ] GC(292) Pause Young (System.gc())
[64.436s][info][gc,heap        ] GC(292) PSYoungGen: 382871K->64K(695296K)
[64.436s][info][gc,heap        ] GC(292) ParOldGen: 85582K->85582K(1398272K)
[64.436s][info][gc,metaspace   ] GC(292) Metaspace: 20540K(21376K)->20540K(21376K) NonClass: 18132K(18688K)->18132K(18688K) Class: 2408K(2688K)->2408K(2688K)
[64.436s][info][gc             ] GC(292) Pause Young (System.gc()) 457M->83M(2044M) 0.973ms
[64.436s][info][gc,cpu         ] GC(292) User=0.00s Sys=0.00s Real=0.00s
[64.436s][info][gc,start       ] GC(293) Pause Full (System.gc())
[64.436s][info][gc,phases,start] GC(293) Marking Phase
[64.492s][info][gc,phases      ] GC(293) Marking Phase 56.648ms
[64.492s][info][gc,phases,start] GC(293) Summary Phase
[64.492s][info][gc,phases      ] GC(293) Summary Phase 0.011ms
[64.492s][info][gc,phases,start] GC(293) Adjust Roots
[64.494s][info][gc,phases      ] GC(293) Adjust Roots 1.348ms
[64.494s][info][gc,phases,start] GC(293) Compaction Phase
[64.508s][info][gc,phases      ] GC(293) Compaction Phase 13.763ms
[64.508s][info][gc,phases,start] GC(293) Post Compact
[64.508s][info][gc,phases      ] GC(293) Post Compact 0.771ms
[64.508s][info][gc,heap        ] GC(293) PSYoungGen: 64K->0K(695296K)
[64.508s][info][gc,heap        ] GC(293) ParOldGen: 85582K->85486K(1398272K)
[64.508s][info][gc,metaspace   ] GC(293) Metaspace: 20540K(21376K)->20540K(21376K) NonClass: 18132K(18688K)->18132K(18688K) Class: 2408K(2688K)->2408K(2688K)
[64.509s][info][gc             ] GC(293) Pause Full (System.gc()) 83M->83M(2044M) 72.801ms
[64.509s][info][gc,cpu         ] GC(293) User=0.31s Sys=0.00s Real=0.07s
[64.732s][info][gc,start       ] GC(294) Pause Young (Allocation Failure)
[64.733s][info][gc,heap        ] GC(294) PSYoungGen: 691712K->2372K(694272K)
[64.733s][info][gc,heap        ] GC(294) ParOldGen: 85486K->85486K(1398272K)
[64.733s][info][gc,metaspace   ] GC(294) Metaspace: 20540K(21376K)->20540K(21376K) NonClass: 18132K(18688K)->18132K(18688K) Class: 2408K(2688K)->2408K(2688K)
[64.733s][info][gc             ] GC(294) Pause Young (Allocation Failure) 758M->85M(2043M) 1.245ms
[64.734s][info][gc,cpu         ] GC(294) User=0.00s Sys=0.00s Real=0.00s
[64.959s][info][gc,start       ] GC(295) Pause Young (Allocation Failure)
[64.960s][info][gc,heap        ] GC(295) PSYoungGen: 693060K->1624K(694784K)
[64.960s][info][gc,heap        ] GC(295) ParOldGen: 85486K->85502K(1398272K)
[64.960s][info][gc,metaspace   ] GC(295) Metaspace: 20540K(21376K)->20540K(21376K) NonClass: 18132K(18688K)->18132K(18688K) Class: 2408K(2688K)->2408K(2688K)
[64.960s][info][gc             ] GC(295) Pause Young (Allocation Failure) 760M->85M(2044M) 0.862ms
[64.960s][info][gc,cpu         ] GC(295) User=0.00s Sys=0.00s Real=0.00s
[65.187s][info][gc,start       ] GC(296) Pause Young (Allocation Failure)
[65.188s][info][gc,heap        ] GC(296) PSYoungGen: 692312K->1214K(695296K)
[65.188s][info][gc,heap        ] GC(296) ParOldGen: 85502K->85502K(1398272K)
[65.188s][info][gc,metaspace   ] GC(296) Metaspace: 20540K(21376K)->20540K(21376K) NonClass: 18132K(18688K)->18132K(18688K) Class: 2408K(2688K)->2408K(2688K)
[65.188s][info][gc             ] GC(296) Pause Young (Allocation Failure) 759M->84M(2044M) 0.679ms
[65.188s][info][gc,cpu         ] GC(296) User=0.00s Sys=0.00s Real=0.00s
[65.424s][info][gc,start       ] GC(297) Pause Young (Allocation Failure)
[65.424s][info][gc,heap        ] GC(297) PSYoungGen: 692926K->384K(695296K)
[65.424s][info][gc,heap        ] GC(297) ParOldGen: 85502K->85502K(1398272K)
[65.424s][info][gc,metaspace   ] GC(297) Metaspace: 20540K(21376K)->20540K(21376K) NonClass: 18132K(18688K)->18132K(18688K) Class: 2408K(2688K)->2408K(2688K)
[65.424s][info][gc             ] GC(297) Pause Young (Allocation Failure) 760M->83M(2044M) 0.463ms
[65.424s][info][gc,cpu         ] GC(297) User=0.00s Sys=0.00s Real=0.00s
[65.642s][info][gc,start       ] GC(298) Pause Young (Allocation Failure)
[65.643s][info][gc,heap        ] GC(298) PSYoungGen: 692096K->2380K(695296K)
[65.643s][info][gc,heap        ] GC(298) ParOldGen: 85502K->85526K(1398272K)
[65.643s][info][gc,metaspace   ] GC(298) Metaspace: 20540K(21376K)->20540K(21376K) NonClass: 18132K(18688K)->18132K(18688K) Class: 2408K(2688K)->2408K(2688K)
[65.643s][info][gc             ] GC(298) Pause Young (Allocation Failure) 759M->85M(2044M) 1.026ms
[65.643s][info][gc,cpu         ] GC(298) User=0.00s Sys=0.00s Real=0.00s
[65.868s][info][gc,start       ] GC(299) Pause Young (Allocation Failure)
[65.869s][info][gc,heap        ] GC(299) PSYoungGen: 694092K->1851K(695296K)
[65.869s][info][gc,heap        ] GC(299) ParOldGen: 85526K->85526K(1398272K)
[65.869s][info][gc,metaspace   ] GC(299) Metaspace: 20540K(21376K)->20540K(21376K) NonClass: 18132K(18688K)->18132K(18688K) Class: 2408K(2688K)->2408K(2688K)
[65.869s][info][gc             ] GC(299) Pause Young (Allocation Failure) 761M->85M(2044M) 0.885ms
[65.869s][info][gc,cpu         ] GC(299) User=0.00s Sys=0.00s Real=0.00s
[66.096s][info][gc,start       ] GC(300) Pause Young (Allocation Failure)
[66.097s][info][gc,heap        ] GC(300) PSYoungGen: 693563K->1308K(695296K)
[66.097s][info][gc,heap        ] GC(300) ParOldGen: 85526K->85526K(1398272K)
[66.097s][info][gc,metaspace   ] GC(300) Metaspace: 20540K(21376K)->20540K(21376K) NonClass: 18132K(18688K)->18132K(18688K) Class: 2408K(2688K)->2408K(2688K)
[66.097s][info][gc             ] GC(300) Pause Young (Allocation Failure) 760M->84M(2044M) 0.596ms
[66.097s][info][gc,cpu         ] GC(300) User=0.00s Sys=0.00s Real=0.00s
[66.324s][info][gc,start       ] GC(301) Pause Young (Allocation Failure)
[66.324s][info][gc,heap        ] GC(301) PSYoungGen: 693020K->673K(695296K)
[66.324s][info][gc,heap        ] GC(301) ParOldGen: 85526K->85526K(1398272K)
[66.324s][info][gc,metaspace   ] GC(301) Metaspace: 20540K(21376K)->20540K(21376K) NonClass: 18132K(18688K)->18132K(18688K) Class: 2408K(2688K)->2408K(2688K)
[66.324s][info][gc             ] GC(301) Pause Young (Allocation Failure) 760M->84M(2044M) 0.561ms
[66.324s][info][gc,cpu         ] GC(301) User=0.00s Sys=0.00s Real=0.00s
[66.556s][info][gc,start       ] GC(302) Pause Young (Allocation Failure)
[66.558s][info][gc,heap        ] GC(302) PSYoungGen: 692288K->2730K(695296K)
[66.558s][info][gc,heap        ] GC(302) ParOldGen: 85526K->85550K(1398272K)
[66.558s][info][gc,metaspace   ] GC(302) Metaspace: 20540K(21376K)->20540K(21376K) NonClass: 18132K(18688K)->18132K(18688K) Class: 2408K(2688K)->2408K(2688K)
[66.558s][info][gc             ] GC(302) Pause Young (Allocation Failure) 759M->86M(2044M) 2.038ms
[66.558s][info][gc,cpu         ] GC(302) User=0.00s Sys=0.00s Real=0.00s
[66.789s][info][gc,start       ] GC(303) Pause Young (Allocation Failure)
[66.790s][info][gc,heap        ] GC(303) PSYoungGen: 694442K->2231K(694272K)
[66.790s][info][gc,heap        ] GC(303) ParOldGen: 85550K->85550K(1398272K)
[66.790s][info][gc,metaspace   ] GC(303) Metaspace: 20540K(21376K)->20540K(21376K) NonClass: 18132K(18688K)->18132K(18688K) Class: 2408K(2688K)->2408K(2688K)
[66.790s][info][gc             ] GC(303) Pause Young (Allocation Failure) 761M->85M(2043M) 1.020ms
[66.790s][info][gc,cpu         ] GC(303) User=0.00s Sys=0.00s Real=0.00s
[67.041s][info][gc,start       ] GC(304) Pause Young (Allocation Failure)
[67.041s][info][gc,heap        ] GC(304) PSYoungGen: 693943K->1479K(695296K)
[67.041s][info][gc,heap        ] GC(304) ParOldGen: 85550K->85550K(1398272K)
[67.041s][info][gc,metaspace   ] GC(304) Metaspace: 20540K(21376K)->20540K(21376K) NonClass: 18132K(18688K)->18132K(18688K) Class: 2408K(2688K)->2408K(2688K)
[67.041s][info][gc             ] GC(304) Pause Young (Allocation Failure) 761M->84M(2044M) 0.570ms
[67.041s][info][gc,cpu         ] GC(304) User=0.00s Sys=0.00s Real=0.00s
[67.268s][info][gc,start       ] GC(305) Pause Young (Allocation Failure)
[67.269s][info][gc,heap        ] GC(305) PSYoungGen: 692679K->714K(694784K)
[67.269s][info][gc,heap        ] GC(305) ParOldGen: 85550K->85574K(1398272K)
[67.269s][info][gc,metaspace   ] GC(305) Metaspace: 20540K(21376K)->20540K(21376K) NonClass: 18132K(18688K)->18132K(18688K) Class: 2408K(2688K)->2408K(2688K)
[67.269s][info][gc             ] GC(305) Pause Young (Allocation Failure) 759M->84M(2044M) 0.750ms
[67.269s][info][gc,cpu         ] GC(305) User=0.00s Sys=0.00s Real=0.00s
[67.494s][info][gc,start       ] GC(306) Pause Young (Allocation Failure)
[67.495s][info][gc,heap        ] GC(306) PSYoungGen: 691714K->3318K(694272K)
[67.495s][info][gc,heap        ] GC(306) ParOldGen: 85574K->85574K(1398272K)
[67.495s][info][gc,metaspace   ] GC(306) Metaspace: 20540K(21376K)->20540K(21376K) NonClass: 18132K(18688K)->18132K(18688K) Class: 2408K(2688K)->2408K(2688K)
[67.495s][info][gc             ] GC(306) Pause Young (Allocation Failure) 759M->86M(2043M) 1.726ms
[67.495s][info][gc,cpu         ] GC(306) User=0.00s Sys=0.00s Real=0.00s
[67.727s][info][gc,start       ] GC(307) Pause Young (Allocation Failure)
[67.727s][info][gc,heap        ] GC(307) PSYoungGen: 693990K->2274K(694784K)
[67.727s][info][gc,heap        ] GC(307) ParOldGen: 85574K->85574K(1398272K)
[67.727s][info][gc,metaspace   ] GC(307) Metaspace: 20540K(21376K)->20540K(21376K) NonClass: 18132K(18688K)->18132K(18688K) Class: 2408K(2688K)->2408K(2688K)
[67.727s][info][gc             ] GC(307) Pause Young (Allocation Failure) 761M->85M(2044M) 0.848ms
[67.727s][info][gc,cpu         ] GC(307) User=0.00s Sys=0.00s Real=0.00s
[67.848s][info][gc,start       ] GC(308) Pause Young (System.gc())
[67.849s][info][gc,heap        ] GC(308) PSYoungGen: 371556K->32K(694784K)
[67.849s][info][gc,heap        ] GC(308) ParOldGen: 85574K->85574K(1398272K)
[67.849s][info][gc,metaspace   ] GC(308) Metaspace: 20540K(21376K)->20540K(21376K) NonClass: 18132K(18688K)->18132K(18688K) Class: 2408K(2688K)->2408K(2688K)
[67.849s][info][gc             ] GC(308) Pause Young (System.gc()) 446M->83M(2044M) 0.509ms
[67.849s][info][gc,cpu         ] GC(308) User=0.00s Sys=0.00s Real=0.00s
[67.849s][info][gc,start       ] GC(309) Pause Full (System.gc())
[67.849s][info][gc,phases,start] GC(309) Marking Phase
[67.902s][info][gc,phases      ] GC(309) Marking Phase 52.805ms
[67.902s][info][gc,phases,start] GC(309) Summary Phase
[67.902s][info][gc,phases      ] GC(309) Summary Phase 0.011ms
[67.902s][info][gc,phases,start] GC(309) Adjust Roots
[67.903s][info][gc,phases      ] GC(309) Adjust Roots 1.322ms
[67.903s][info][gc,phases,start] GC(309) Compaction Phase
[67.916s][info][gc,phases      ] GC(309) Compaction Phase 12.465ms
[67.916s][info][gc,phases,start] GC(309) Post Compact
[67.916s][info][gc,phases      ] GC(309) Post Compact 0.495ms
[67.916s][info][gc,heap        ] GC(309) PSYoungGen: 32K->0K(694784K)
[67.916s][info][gc,heap        ] GC(309) ParOldGen: 85574K->85486K(1398272K)
[67.916s][info][gc,metaspace   ] GC(309) Metaspace: 20540K(21376K)->20540K(21376K) NonClass: 18132K(18688K)->18132K(18688K) Class: 2408K(2688K)->2408K(2688K)
[67.916s][info][gc             ] GC(309) Pause Full (System.gc()) 83M->83M(2044M) 67.350ms
[67.916s][info][gc,cpu         ] GC(309) User=0.30s Sys=0.00s Real=0.07s
[68.142s][info][gc,start       ] GC(310) Pause Young (Allocation Failure)
[68.143s][info][gc,heap        ] GC(310) PSYoungGen: 690688K->2522K(694784K)
[68.143s][info][gc,heap        ] GC(310) ParOldGen: 85486K->85486K(1398272K)
[68.143s][info][gc,metaspace   ] GC(310) Metaspace: 20541K(21376K)->20541K(21376K) NonClass: 18133K(18688K)->18133K(18688K) Class: 2408K(2688K)->2408K(2688K)
[68.143s][info][gc             ] GC(310) Pause Young (Allocation Failure) 757M->85M(2044M) 0.944ms
[68.143s][info][gc,cpu         ] GC(310) User=0.00s Sys=0.00s Real=0.00s
[68.378s][info][gc,start       ] GC(311) Pause Young (Allocation Failure)
[68.379s][info][gc,heap        ] GC(311) PSYoungGen: 693210K->2062K(694784K)
[68.379s][info][gc,heap        ] GC(311) ParOldGen: 85486K->85510K(1398272K)
[68.379s][info][gc,metaspace   ] GC(311) Metaspace: 20541K(21376K)->20541K(21376K) NonClass: 18133K(18688K)->18133K(18688K) Class: 2408K(2688K)->2408K(2688K)
[68.379s][info][gc             ] GC(311) Pause Young (Allocation Failure) 760M->85M(2044M) 0.750ms
[68.379s][info][gc,cpu         ] GC(311) User=0.00s Sys=0.00s Real=0.00s
[68.607s][info][gc,start       ] GC(312) Pause Young (Allocation Failure)
[68.608s][info][gc,heap        ] GC(312) PSYoungGen: 692750K->1120K(694784K)
[68.608s][info][gc,heap        ] GC(312) ParOldGen: 85510K->85510K(1398272K)
[68.608s][info][gc,metaspace   ] GC(312) Metaspace: 20541K(21376K)->20541K(21376K) NonClass: 18133K(18688K)->18133K(18688K) Class: 2408K(2688K)->2408K(2688K)
[68.608s][info][gc             ] GC(312) Pause Young (Allocation Failure) 760M->84M(2044M) 0.826ms
[68.608s][info][gc,cpu         ] GC(312) User=0.00s Sys=0.00s Real=0.00s
[68.832s][info][gc,start       ] GC(313) Pause Young (Allocation Failure)
[68.833s][info][gc,heap        ] GC(313) PSYoungGen: 691808K->256K(694784K)
[68.833s][info][gc,heap        ] GC(313) ParOldGen: 85510K->85510K(1398272K)
[68.833s][info][gc,metaspace   ] GC(313) Metaspace: 20541K(21376K)->20541K(21376K) NonClass: 18133K(18688K)->18133K(18688K) Class: 2408K(2688K)->2408K(2688K)
[68.833s][info][gc             ] GC(313) Pause Young (Allocation Failure) 759M->83M(2044M) 0.703ms
[68.833s][info][gc,cpu         ] GC(313) User=0.00s Sys=0.00s Real=0.00s
[69.055s][info][gc,start       ] GC(314) Pause Young (Allocation Failure)
[69.056s][info][gc,heap        ] GC(314) PSYoungGen: 690904K->2845K(693760K)
[69.056s][info][gc,heap        ] GC(314) ParOldGen: 85510K->85526K(1398272K)
[69.056s][info][gc,metaspace   ] GC(314) Metaspace: 20541K(21376K)->20541K(21376K) NonClass: 18133K(18688K)->18133K(18688K) Class: 2408K(2688K)->2408K(2688K)
[69.056s][info][gc             ] GC(314) Pause Young (Allocation Failure) 758M->86M(2043M) 1.235ms
[69.056s][info][gc,cpu         ] GC(314) User=0.00s Sys=0.00s Real=0.00s
[69.286s][info][gc,start       ] GC(315) Pause Young (Allocation Failure)
[69.287s][info][gc,heap        ] GC(315) PSYoungGen: 693533K->1772K(694784K)
[69.287s][info][gc,heap        ] GC(315) ParOldGen: 85526K->85526K(1398272K)
[69.287s][info][gc,metaspace   ] GC(315) Metaspace: 20541K(21376K)->20541K(21376K) NonClass: 18133K(18688K)->18133K(18688K) Class: 2408K(2688K)->2408K(2688K)
[69.287s][info][gc             ] GC(315) Pause Young (Allocation Failure) 760M->85M(2044M) 1.096ms
[69.287s][info][gc,cpu         ] GC(315) User=0.00s Sys=0.00s Real=0.00s
[69.523s][info][gc,start       ] GC(316) Pause Young (Allocation Failure)
[69.523s][info][gc,heap        ] GC(316) PSYoungGen: 691948K->1098K(694272K)
[69.523s][info][gc,heap        ] GC(316) ParOldGen: 85526K->85526K(1398272K)
[69.523s][info][gc,metaspace   ] GC(316) Metaspace: 20541K(21376K)->20541K(21376K) NonClass: 18133K(18688K)->18133K(18688K) Class: 2408K(2688K)->2408K(2688K)
[69.523s][info][gc             ] GC(316) Pause Young (Allocation Failure) 759M->84M(2043M) 0.582ms
[69.523s][info][gc,cpu         ] GC(316) User=0.00s Sys=0.00s Real=0.00s
[69.751s][info][gc,start       ] GC(317) Pause Young (Allocation Failure)
[69.752s][info][gc,heap        ] GC(317) PSYoungGen: 691274K->448K(694784K)
[69.752s][info][gc,heap        ] GC(317) ParOldGen: 85526K->85526K(1398272K)
[69.752s][info][gc,metaspace   ] GC(317) Metaspace: 20541K(21376K)->20541K(21376K) NonClass: 18133K(18688K)->18133K(18688K) Class: 2408K(2688K)->2408K(2688K)
[69.752s][info][gc             ] GC(317) Pause Young (Allocation Failure) 758M->83M(2044M) 0.563ms
[69.752s][info][gc,cpu         ] GC(317) User=0.00s Sys=0.00s Real=0.00s
[69.973s][info][gc,start       ] GC(318) Pause Young (Allocation Failure)
[69.974s][info][gc,heap        ] GC(318) PSYoungGen: 691136K->2586K(694784K)
[69.974s][info][gc,heap        ] GC(318) ParOldGen: 85526K->85558K(1398272K)
[69.974s][info][gc,metaspace   ] GC(318) Metaspace: 20541K(21376K)->20541K(21376K) NonClass: 18133K(18688K)->18133K(18688K) Class: 2408K(2688K)->2408K(2688K)
[69.974s][info][gc             ] GC(318) Pause Young (Allocation Failure) 758M->86M(2044M) 1.001ms
[69.974s][info][gc,cpu         ] GC(318) User=0.00s Sys=0.00s Real=0.00s
[70.201s][info][gc,start       ] GC(319) Pause Young (Allocation Failure)
[70.202s][info][gc,heap        ] GC(319) PSYoungGen: 693274K->2218K(694784K)
[70.202s][info][gc,heap        ] GC(319) ParOldGen: 85558K->85558K(1398272K)
[70.202s][info][gc,metaspace   ] GC(319) Metaspace: 20541K(21376K)->20541K(21376K) NonClass: 18133K(18688K)->18133K(18688K) Class: 2408K(2688K)->2408K(2688K)
[70.202s][info][gc             ] GC(319) Pause Young (Allocation Failure) 760M->85M(2044M) 0.812ms
[70.202s][info][gc,cpu         ] GC(319) User=0.00s Sys=0.00s Real=0.00s
[70.436s][info][gc,start       ] GC(320) Pause Young (Allocation Failure)
[70.437s][info][gc,heap        ] GC(320) PSYoungGen: 692906K->1482K(694784K)
[70.437s][info][gc,heap        ] GC(320) ParOldGen: 85558K->85558K(1398272K)
[70.437s][info][gc,metaspace   ] GC(320) Metaspace: 20541K(21376K)->20541K(21376K) NonClass: 18133K(18688K)->18133K(18688K) Class: 2408K(2688K)->2408K(2688K)
[70.437s][info][gc             ] GC(320) Pause Young (Allocation Failure) 760M->85M(2044M) 0.800ms
[70.437s][info][gc,cpu         ] GC(320) User=0.00s Sys=0.00s Real=0.00s
[70.664s][info][gc,start       ] GC(321) Pause Young (Allocation Failure)
[70.666s][info][gc,heap        ] GC(321) PSYoungGen: 692170K->756K(694784K)
[70.666s][info][gc,heap        ] GC(321) ParOldGen: 85558K->85574K(1398272K)
[70.666s][info][gc,metaspace   ] GC(321) Metaspace: 20541K(21376K)->20541K(21376K) NonClass: 18133K(18688K)->18133K(18688K) Class: 2408K(2688K)->2408K(2688K)
[70.666s][info][gc             ] GC(321) Pause Young (Allocation Failure) 759M->84M(2044M) 1.101ms
[70.666s][info][gc,cpu         ] GC(321) User=0.00s Sys=0.00s Real=0.00s
[70.887s][info][gc,start       ] GC(322) Pause Young (Allocation Failure)
[70.889s][info][gc,heap        ] GC(322) PSYoungGen: 691444K->2829K(694784K)
[70.889s][info][gc,heap        ] GC(322) ParOldGen: 85574K->85574K(1398272K)
[70.889s][info][gc,metaspace   ] GC(322) Metaspace: 20541K(21376K)->20541K(21376K) NonClass: 18133K(18688K)->18133K(18688K) Class: 2408K(2688K)->2408K(2688K)
[70.889s][info][gc             ] GC(322) Pause Young (Allocation Failure) 758M->86M(2044M) 1.878ms
[70.889s][info][gc,cpu         ] GC(322) User=0.02s Sys=0.00s Real=0.00s
[71.120s][info][gc,start       ] GC(323) Pause Young (Allocation Failure)
[71.121s][info][gc,heap        ] GC(323) PSYoungGen: 693517K->2301K(694784K)
[71.121s][info][gc,heap        ] GC(323) ParOldGen: 85574K->85574K(1398272K)
[71.121s][info][gc,metaspace   ] GC(323) Metaspace: 20541K(21376K)->20541K(21376K) NonClass: 18133K(18688K)->18133K(18688K) Class: 2408K(2688K)->2408K(2688K)
[71.121s][info][gc             ] GC(323) Pause Young (Allocation Failure) 760M->85M(2044M) 0.947ms
[71.121s][info][gc,cpu         ] GC(323) User=0.00s Sys=0.00s Real=0.00s
[71.243s][info][gc,start       ] GC(324) Pause Young (System.gc())
[71.243s][info][gc,heap        ] GC(324) PSYoungGen: 370013K->64K(694784K)
[71.243s][info][gc,heap        ] GC(324) ParOldGen: 85574K->85574K(1398272K)
[71.243s][info][gc,metaspace   ] GC(324) Metaspace: 20541K(21376K)->20541K(21376K) NonClass: 18133K(18688K)->18133K(18688K) Class: 2408K(2688K)->2408K(2688K)
[71.243s][info][gc             ] GC(324) Pause Young (System.gc()) 444M->83M(2044M) 0.495ms
[71.243s][info][gc,cpu         ] GC(324) User=0.00s Sys=0.00s Real=0.00s
[71.243s][info][gc,start       ] GC(325) Pause Full (System.gc())
[71.243s][info][gc,phases,start] GC(325) Marking Phase
[71.290s][info][gc,phases      ] GC(325) Marking Phase 46.197ms
[71.290s][info][gc,phases,start] GC(325) Summary Phase
[71.290s][info][gc,phases      ] GC(325) Summary Phase 0.011ms
[71.290s][info][gc,phases,start] GC(325) Adjust Roots
[71.291s][info][gc,phases      ] GC(325) Adjust Roots 1.327ms
[71.291s][info][gc,phases,start] GC(325) Compaction Phase
[71.305s][info][gc,phases      ] GC(325) Compaction Phase 13.656ms
[71.305s][info][gc,phases,start] GC(325) Post Compact
[71.305s][info][gc,phases      ] GC(325) Post Compact 0.624ms
[71.305s][info][gc,heap        ] GC(325) PSYoungGen: 64K->0K(694784K)
[71.305s][info][gc,heap        ] GC(325) ParOldGen: 85574K->85486K(1398272K)
[71.305s][info][gc,metaspace   ] GC(325) Metaspace: 20541K(21376K)->20541K(21376K) NonClass: 18133K(18688K)->18133K(18688K) Class: 2408K(2688K)->2408K(2688K)
[71.305s][info][gc             ] GC(325) Pause Full (System.gc()) 83M->83M(2044M) 62.073ms
[71.305s][info][gc,cpu         ] GC(325) User=0.03s Sys=0.00s Real=0.06s
[71.539s][info][gc,start       ] GC(326) Pause Young (Allocation Failure)
[71.540s][info][gc,heap        ] GC(326) PSYoungGen: 690688K->2286K(694784K)
[71.540s][info][gc,heap        ] GC(326) ParOldGen: 85486K->85486K(1398272K)
[71.540s][info][gc,metaspace   ] GC(326) Metaspace: 20541K(21376K)->20541K(21376K) NonClass: 18133K(18688K)->18133K(18688K) Class: 2408K(2688K)->2408K(2688K)
[71.540s][info][gc             ] GC(326) Pause Young (Allocation Failure) 757M->85M(2044M) 0.895ms
[71.540s][info][gc,cpu         ] GC(326) User=0.00s Sys=0.00s Real=0.00s
[71.768s][info][gc,start       ] GC(327) Pause Young (Allocation Failure)
[71.769s][info][gc,heap        ] GC(327) PSYoungGen: 692974K->1757K(694784K)
[71.769s][info][gc,heap        ] GC(327) ParOldGen: 85486K->85502K(1398272K)
[71.769s][info][gc,metaspace   ] GC(327) Metaspace: 20541K(21376K)->20541K(21376K) NonClass: 18133K(18688K)->18133K(18688K) Class: 2408K(2688K)->2408K(2688K)
[71.769s][info][gc             ] GC(327) Pause Young (Allocation Failure) 760M->85M(2044M) 0.820ms
[71.769s][info][gc,cpu         ] GC(327) User=0.00s Sys=0.00s Real=0.00s
[71.995s][info][gc,start       ] GC(328) Pause Young (Allocation Failure)
[71.996s][info][gc,heap        ] GC(328) PSYoungGen: 692445K->966K(694784K)
[71.996s][info][gc,heap        ] GC(328) ParOldGen: 85502K->85502K(1398272K)
[71.996s][info][gc,metaspace   ] GC(328) Metaspace: 20541K(21376K)->20541K(21376K) NonClass: 18133K(18688K)->18133K(18688K) Class: 2408K(2688K)->2408K(2688K)
[71.996s][info][gc             ] GC(328) Pause Young (Allocation Failure) 759M->84M(2044M) 1.059ms
[71.996s][info][gc,cpu         ] GC(328) User=0.00s Sys=0.00s Real=0.00s
[72.225s][info][gc,start       ] GC(329) Pause Young (Allocation Failure)
[72.225s][info][gc,heap        ] GC(329) PSYoungGen: 691654K->192K(694784K)
[72.225s][info][gc,heap        ] GC(329) ParOldGen: 85502K->85502K(1398272K)
[72.225s][info][gc,metaspace   ] GC(329) Metaspace: 20541K(21376K)->20541K(21376K) NonClass: 18133K(18688K)->18133K(18688K) Class: 2408K(2688K)->2408K(2688K)
[72.225s][info][gc             ] GC(329) Pause Young (Allocation Failure) 758M->83M(2044M) 0.525ms
[72.225s][info][gc,cpu         ] GC(329) User=0.00s Sys=0.00s Real=0.00s
[72.454s][info][gc,start       ] GC(330) Pause Young (Allocation Failure)
[72.455s][info][gc,heap        ] GC(330) PSYoungGen: 690880K->2210K(694784K)
[72.455s][info][gc,heap        ] GC(330) ParOldGen: 85502K->85526K(1398272K)
[72.455s][info][gc,metaspace   ] GC(330) Metaspace: 20541K(21376K)->20541K(21376K) NonClass: 18133K(18688K)->18133K(18688K) Class: 2408K(2688K)->2408K(2688K)
[72.455s][info][gc             ] GC(330) Pause Young (Allocation Failure) 758M->85M(2044M) 1.140ms
[72.455s][info][gc,cpu         ] GC(330) User=0.00s Sys=0.00s Real=0.00s
[72.687s][info][gc,start       ] GC(331) Pause Young (Allocation Failure)
[72.687s][info][gc,heap        ] GC(331) PSYoungGen: 692898K->2025K(694784K)
[72.687s][info][gc,heap        ] GC(331) ParOldGen: 85526K->85526K(1398272K)
[72.687s][info][gc,metaspace   ] GC(331) Metaspace: 20541K(21376K)->20541K(21376K) NonClass: 18133K(18688K)->18133K(18688K) Class: 2408K(2688K)->2408K(2688K)
[72.687s][info][gc             ] GC(331) Pause Young (Allocation Failure) 760M->85M(2044M) 0.812ms
[72.687s][info][gc,cpu         ] GC(331) User=0.00s Sys=0.00s Real=0.00s
[72.918s][info][gc,start       ] GC(332) Pause Young (Allocation Failure)
[72.919s][info][gc,heap        ] GC(332) PSYoungGen: 692713K->1227K(694784K)
[72.919s][info][gc,heap        ] GC(332) ParOldGen: 85526K->85526K(1398272K)
[72.919s][info][gc,metaspace   ] GC(332) Metaspace: 20541K(21376K)->20541K(21376K) NonClass: 18133K(18688K)->18133K(18688K) Class: 2408K(2688K)->2408K(2688K)
[72.919s][info][gc             ] GC(332) Pause Young (Allocation Failure) 759M->84M(2044M) 0.717ms
[72.919s][info][gc,cpu         ] GC(332) User=0.00s Sys=0.00s Real=0.00s
[73.146s][info][gc,start       ] GC(333) Pause Young (Allocation Failure)
[73.146s][info][gc,heap        ] GC(333) PSYoungGen: 691915K->480K(694784K)
[73.146s][info][gc,heap        ] GC(333) ParOldGen: 85526K->85526K(1398272K)
[73.146s][info][gc,metaspace   ] GC(333) Metaspace: 20541K(21376K)->20541K(21376K) NonClass: 18133K(18688K)->18133K(18688K) Class: 2408K(2688K)->2408K(2688K)
[73.146s][info][gc             ] GC(333) Pause Young (Allocation Failure) 759M->83M(2044M) 0.557ms
[73.146s][info][gc,cpu         ] GC(333) User=0.00s Sys=0.00s Real=0.00s
[73.373s][info][gc,start       ] GC(334) Pause Young (Allocation Failure)
[73.375s][info][gc,heap        ] GC(334) PSYoungGen: 691168K->2167K(694272K)
[73.375s][info][gc,heap        ] GC(334) ParOldGen: 85526K->85542K(1398272K)
[73.375s][info][gc,metaspace   ] GC(334) Metaspace: 20541K(21376K)->20541K(21376K) NonClass: 18133K(18688K)->18133K(18688K) Class: 2408K(2688K)->2408K(2688K)
[73.375s][info][gc             ] GC(334) Pause Young (Allocation Failure) 758M->85M(2043M) 1.185ms
[73.375s][info][gc,cpu         ] GC(334) User=0.00s Sys=0.00s Real=0.00s
[73.605s][info][gc,start       ] GC(335) Pause Young (Allocation Failure)
[73.605s][info][gc,heap        ] GC(335) PSYoungGen: 692855K->1964K(694784K)
[73.605s][info][gc,heap        ] GC(335) ParOldGen: 85542K->85542K(1398272K)
[73.605s][info][gc,metaspace   ] GC(335) Metaspace: 20541K(21376K)->20541K(21376K) NonClass: 18133K(18688K)->18133K(18688K) Class: 2408K(2688K)->2408K(2688K)
[73.605s][info][gc             ] GC(335) Pause Young (Allocation Failure) 760M->85M(2044M) 0.716ms
[73.605s][info][gc,cpu         ] GC(335) User=0.00s Sys=0.00s Real=0.00s
[73.837s][info][gc,start       ] GC(336) Pause Young (Allocation Failure)
[73.837s][info][gc,heap        ] GC(336) PSYoungGen: 692652K->1401K(695296K)
[73.837s][info][gc,heap        ] GC(336) ParOldGen: 85542K->85550K(1398272K)
[73.837s][info][gc,metaspace   ] GC(336) Metaspace: 20541K(21376K)->20541K(21376K) NonClass: 18133K(18688K)->18133K(18688K) Class: 2408K(2688K)->2408K(2688K)
[73.837s][info][gc             ] GC(336) Pause Young (Allocation Failure) 759M->84M(2044M) 0.646ms
[73.837s][info][gc,cpu         ] GC(336) User=0.00s Sys=0.00s Real=0.00s
[74.057s][info][gc,start       ] GC(337) Pause Young (Allocation Failure)
[74.058s][info][gc,heap        ] GC(337) PSYoungGen: 692601K->537K(694784K)
[74.058s][info][gc,heap        ] GC(337) ParOldGen: 85550K->85582K(1398272K)
[74.058s][info][gc,metaspace   ] GC(337) Metaspace: 20541K(21376K)->20541K(21376K) NonClass: 18133K(18688K)->18133K(18688K) Class: 2408K(2688K)->2408K(2688K)
[74.058s][info][gc             ] GC(337) Pause Young (Allocation Failure) 759M->84M(2044M) 0.502ms
[74.058s][info][gc,cpu         ] GC(337) User=0.00s Sys=0.00s Real=0.00s
[74.278s][info][gc,start       ] GC(338) Pause Young (Allocation Failure)
[74.280s][info][gc,heap        ] GC(338) PSYoungGen: 691737K->2430K(695296K)
[74.280s][info][gc,heap        ] GC(338) ParOldGen: 85582K->85582K(1398272K)
[74.280s][info][gc,metaspace   ] GC(338) Metaspace: 20541K(21376K)->20541K(21376K) NonClass: 18133K(18688K)->18133K(18688K) Class: 2408K(2688K)->2408K(2688K)
[74.280s][info][gc             ] GC(338) Pause Young (Allocation Failure) 759M->85M(2044M) 1.532ms
[74.280s][info][gc,cpu         ] GC(338) User=0.00s Sys=0.00s Real=0.00s
[74.516s][info][gc,start       ] GC(339) Pause Young (Allocation Failure)
[74.517s][info][gc,heap        ] GC(339) PSYoungGen: 694142K->2213K(694272K)
[74.517s][info][gc,heap        ] GC(339) ParOldGen: 85582K->85582K(1398272K)
[74.517s][info][gc,metaspace   ] GC(339) Metaspace: 20541K(21376K)->20541K(21376K) NonClass: 18133K(18688K)->18133K(18688K) Class: 2408K(2688K)->2408K(2688K)
[74.517s][info][gc             ] GC(339) Pause Young (Allocation Failure) 761M->85M(2043M) 1.076ms
[74.517s][info][gc,cpu         ] GC(339) User=0.00s Sys=0.00s Real=0.00s
[74.641s][info][gc,start       ] GC(340) Pause Young (System.gc())
[74.642s][info][gc,heap        ] GC(340) PSYoungGen: 373150K->64K(694784K)
[74.642s][info][gc,heap        ] GC(340) ParOldGen: 85582K->85582K(1398272K)
[74.642s][info][gc,metaspace   ] GC(340) Metaspace: 20541K(21376K)->20541K(21376K) NonClass: 18133K(18688K)->18133K(18688K) Class: 2408K(2688K)->2408K(2688K)
[74.642s][info][gc             ] GC(340) Pause Young (System.gc()) 447M->83M(2044M) 0.684ms
[74.642s][info][gc,cpu         ] GC(340) User=0.00s Sys=0.00s Real=0.00s
[74.642s][info][gc,start       ] GC(341) Pause Full (System.gc())
[74.642s][info][gc,phases,start] GC(341) Marking Phase
[74.687s][info][gc,phases      ] GC(341) Marking Phase 45.618ms
[74.687s][info][gc,phases,start] GC(341) Summary Phase
[74.687s][info][gc,phases      ] GC(341) Summary Phase 0.011ms
[74.687s][info][gc,phases,start] GC(341) Adjust Roots
[74.689s][info][gc,phases      ] GC(341) Adjust Roots 1.318ms
[74.689s][info][gc,phases,start] GC(341) Compaction Phase
[74.703s][info][gc,phases      ] GC(341) Compaction Phase 13.772ms
[74.703s][info][gc,phases,start] GC(341) Post Compact
[74.703s][info][gc,phases      ] GC(341) Post Compact 0.552ms
[74.703s][info][gc,heap        ] GC(341) PSYoungGen: 64K->0K(694784K)
[74.703s][info][gc,heap        ] GC(341) ParOldGen: 85582K->85486K(1398272K)
[74.703s][info][gc,metaspace   ] GC(341) Metaspace: 20541K(21376K)->20541K(21376K) NonClass: 18133K(18688K)->18133K(18688K) Class: 2408K(2688K)->2408K(2688K)
[74.703s][info][gc             ] GC(341) Pause Full (System.gc()) 83M->83M(2044M) 61.519ms
[74.703s][info][gc,cpu         ] GC(341) User=0.05s Sys=0.00s Real=0.06s
[74.930s][info][gc,start       ] GC(342) Pause Young (Allocation Failure)
[74.931s][info][gc,heap        ] GC(342) PSYoungGen: 690688K->2129K(694784K)
[74.931s][info][gc,heap        ] GC(342) ParOldGen: 85486K->85486K(1398272K)
[74.931s][info][gc,metaspace   ] GC(342) Metaspace: 20545K(21376K)->20545K(21376K) NonClass: 18137K(18688K)->18137K(18688K) Class: 2408K(2688K)->2408K(2688K)
[74.931s][info][gc             ] GC(342) Pause Young (Allocation Failure) 757M->85M(2044M) 0.919ms
[74.931s][info][gc,cpu         ] GC(342) User=0.00s Sys=0.00s Real=0.00s
[75.160s][info][gc,start       ] GC(343) Pause Young (Allocation Failure)
[75.161s][info][gc,heap        ] GC(343) PSYoungGen: 692817K->1680K(695296K)
[75.161s][info][gc,heap        ] GC(343) ParOldGen: 85486K->85510K(1398272K)
[75.161s][info][gc,metaspace   ] GC(343) Metaspace: 20545K(21376K)->20545K(21376K) NonClass: 18137K(18688K)->18137K(18688K) Class: 2408K(2688K)->2408K(2688K)
[75.161s][info][gc             ] GC(343) Pause Young (Allocation Failure) 760M->85M(2044M) 0.791ms
[75.161s][info][gc,cpu         ] GC(343) User=0.00s Sys=0.00s Real=0.00s
[75.395s][info][gc,start       ] GC(344) Pause Young (Allocation Failure)
[75.395s][info][gc,heap        ] GC(344) PSYoungGen: 692880K->1008K(694784K)
[75.395s][info][gc,heap        ] GC(344) ParOldGen: 85510K->85510K(1398272K)
[75.395s][info][gc,metaspace   ] GC(344) Metaspace: 20545K(21376K)->20545K(21376K) NonClass: 18137K(18688K)->18137K(18688K) Class: 2408K(2688K)->2408K(2688K)
[75.396s][info][gc             ] GC(344) Pause Young (Allocation Failure) 760M->84M(2044M) 0.791ms
[75.396s][info][gc,cpu         ] GC(344) User=0.00s Sys=0.00s Real=0.00s
[75.625s][info][gc,start       ] GC(345) Pause Young (Allocation Failure)
[75.626s][info][gc,heap        ] GC(345) PSYoungGen: 692208K->192K(695296K)
[75.626s][info][gc,heap        ] GC(345) ParOldGen: 85510K->85510K(1398272K)
[75.626s][info][gc,metaspace   ] GC(345) Metaspace: 20545K(21376K)->20545K(21376K) NonClass: 18137K(18688K)->18137K(18688K) Class: 2408K(2688K)->2408K(2688K)
[75.626s][info][gc             ] GC(345) Pause Young (Allocation Failure) 759M->83M(2044M) 0.799ms
[75.626s][info][gc,cpu         ] GC(345) User=0.00s Sys=0.00s Real=0.00s
[75.861s][info][gc,start       ] GC(346) Pause Young (Allocation Failure)
[75.862s][info][gc,heap        ] GC(346) PSYoungGen: 691891K->2414K(694272K)
[75.862s][info][gc,heap        ] GC(346) ParOldGen: 85510K->85534K(1398272K)
[75.862s][info][gc,metaspace   ] GC(346) Metaspace: 20545K(21376K)->20545K(21376K) NonClass: 18137K(18688K)->18137K(18688K) Class: 2408K(2688K)->2408K(2688K)
[75.862s][info][gc             ] GC(346) Pause Young (Allocation Failure) 759M->85M(2043M) 1.144ms
[75.862s][info][gc,cpu         ] GC(346) User=0.00s Sys=0.00s Real=0.00s
[76.085s][info][gc,start       ] GC(347) Pause Young (Allocation Failure)
[76.086s][info][gc,heap        ] GC(347) PSYoungGen: 694126K->1940K(694784K)
[76.086s][info][gc,heap        ] GC(347) ParOldGen: 85534K->85534K(1398272K)
[76.086s][info][gc,metaspace   ] GC(347) Metaspace: 20545K(21376K)->20545K(21376K) NonClass: 18137K(18688K)->18137K(18688K) Class: 2408K(2688K)->2408K(2688K)
[76.086s][info][gc             ] GC(347) Pause Young (Allocation Failure) 761M->85M(2044M) 0.851ms
[76.086s][info][gc,cpu         ] GC(347) User=0.00s Sys=0.00s Real=0.00s
[76.315s][info][gc,start       ] GC(348) Pause Young (Allocation Failure)
[76.316s][info][gc,heap        ] GC(348) PSYoungGen: 692628K->1282K(694784K)
[76.316s][info][gc,heap        ] GC(348) ParOldGen: 85534K->85534K(1398272K)
[76.316s][info][gc,metaspace   ] GC(348) Metaspace: 20545K(21376K)->20545K(21376K) NonClass: 18137K(18688K)->18137K(18688K) Class: 2408K(2688K)->2408K(2688K)
[76.316s][info][gc             ] GC(348) Pause Young (Allocation Failure) 759M->84M(2044M) 0.843ms
[76.316s][info][gc,cpu         ] GC(348) User=0.00s Sys=0.00s Real=0.00s
[76.552s][info][gc,start       ] GC(349) Pause Young (Allocation Failure)
[76.553s][info][gc,heap        ] GC(349) PSYoungGen: 691970K->480K(695296K)
[76.553s][info][gc,heap        ] GC(349) ParOldGen: 85534K->85534K(1398272K)
[76.553s][info][gc,metaspace   ] GC(349) Metaspace: 20545K(21376K)->20545K(21376K) NonClass: 18137K(18688K)->18137K(18688K) Class: 2408K(2688K)->2408K(2688K)
[76.553s][info][gc             ] GC(349) Pause Young (Allocation Failure) 759M->83M(2044M) 0.512ms
[76.553s][info][gc,cpu         ] GC(349) User=0.00s Sys=0.00s Real=0.00s
[76.772s][info][gc,start       ] GC(350) Pause Young (Allocation Failure)
[76.774s][info][gc,heap        ] GC(350) PSYoungGen: 692183K->2341K(695296K)
[76.774s][info][gc,heap        ] GC(350) ParOldGen: 85534K->85558K(1398272K)
[76.774s][info][gc,metaspace   ] GC(350) Metaspace: 20545K(21376K)->20545K(21376K) NonClass: 18137K(18688K)->18137K(18688K) Class: 2408K(2688K)->2408K(2688K)
[76.774s][info][gc             ] GC(350) Pause Young (Allocation Failure) 759M->85M(2044M) 1.584ms
[76.774s][info][gc,cpu         ] GC(350) User=0.00s Sys=0.00s Real=0.00s
[77.002s][info][gc,start       ] GC(351) Pause Young (Allocation Failure)
[77.003s][info][gc,heap        ] GC(351) PSYoungGen: 694053K->1865K(695296K)
[77.003s][info][gc,heap        ] GC(351) ParOldGen: 85558K->85558K(1398272K)
[77.003s][info][gc,metaspace   ] GC(351) Metaspace: 20545K(21376K)->20545K(21376K) NonClass: 18137K(18688K)->18137K(18688K) Class: 2408K(2688K)->2408K(2688K)
[77.003s][info][gc             ] GC(351) Pause Young (Allocation Failure) 761M->85M(2044M) 0.789ms
[77.003s][info][gc,cpu         ] GC(351) User=0.00s Sys=0.00s Real=0.00s
[77.236s][info][gc,start       ] GC(352) Pause Young (Allocation Failure)
[77.237s][info][gc,heap        ] GC(352) PSYoungGen: 693577K->1215K(695296K)
[77.237s][info][gc,heap        ] GC(352) ParOldGen: 85558K->85558K(1398272K)
[77.237s][info][gc,metaspace   ] GC(352) Metaspace: 20545K(21376K)->20545K(21376K) NonClass: 18137K(18688K)->18137K(18688K) Class: 2408K(2688K)->2408K(2688K)
[77.237s][info][gc             ] GC(352) Pause Young (Allocation Failure) 760M->84M(2044M) 0.758ms
[77.237s][info][gc,cpu         ] GC(352) User=0.00s Sys=0.00s Real=0.00s
[77.471s][info][gc,start       ] GC(353) Pause Young (Allocation Failure)
[77.472s][info][gc,heap        ] GC(353) PSYoungGen: 692927K->544K(695296K)
[77.472s][info][gc,heap        ] GC(353) ParOldGen: 85558K->85574K(1398272K)
[77.472s][info][gc,metaspace   ] GC(353) Metaspace: 20545K(21376K)->20545K(21376K) NonClass: 18137K(18688K)->18137K(18688K) Class: 2408K(2688K)->2408K(2688K)
[77.472s][info][gc             ] GC(353) Pause Young (Allocation Failure) 760M->84M(2044M) 0.506ms
[77.472s][info][gc,cpu         ] GC(353) User=0.00s Sys=0.00s Real=0.00s
[77.696s][info][gc,start       ] GC(354) Pause Young (Allocation Failure)
[77.697s][info][gc,heap        ] GC(354) PSYoungGen: 692256K->2895K(694784K)
[77.697s][info][gc,heap        ] GC(354) ParOldGen: 85574K->85574K(1398272K)
[77.697s][info][gc,metaspace   ] GC(354) Metaspace: 20545K(21376K)->20545K(21376K) NonClass: 18137K(18688K)->18137K(18688K) Class: 2408K(2688K)->2408K(2688K)
[77.697s][info][gc             ] GC(354) Pause Young (Allocation Failure) 759M->86M(2044M) 1.363ms
[77.697s][info][gc,cpu         ] GC(354) User=0.00s Sys=0.00s Real=0.00s
[77.930s][info][gc,start       ] GC(355) Pause Young (Allocation Failure)
[77.931s][info][gc,heap        ] GC(355) PSYoungGen: 694607K->2056K(694784K)
[77.931s][info][gc,heap        ] GC(355) ParOldGen: 85574K->85574K(1398272K)
[77.931s][info][gc,metaspace   ] GC(355) Metaspace: 20545K(21376K)->20545K(21376K) NonClass: 18137K(18688K)->18137K(18688K) Class: 2408K(2688K)->2408K(2688K)
[77.931s][info][gc             ] GC(355) Pause Young (Allocation Failure) 761M->85M(2044M) 0.812ms
[77.931s][info][gc,cpu         ] GC(355) User=0.00s Sys=0.00s Real=0.00s
[78.054s][info][gc,start       ] GC(356) Pause Young (System.gc())
[78.054s][info][gc,heap        ] GC(356) PSYoungGen: 376894K->64K(694784K)
[78.055s][info][gc,heap        ] GC(356) ParOldGen: 85574K->85574K(1398272K)
[78.055s][info][gc,metaspace   ] GC(356) Metaspace: 20545K(21376K)->20545K(21376K) NonClass: 18137K(18688K)->18137K(18688K) Class: 2408K(2688K)->2408K(2688K)
[78.055s][info][gc             ] GC(356) Pause Young (System.gc()) 451M->83M(2044M) 0.450ms
[78.055s][info][gc,cpu         ] GC(356) User=0.00s Sys=0.00s Real=0.00s
[78.055s][info][gc,start       ] GC(357) Pause Full (System.gc())
[78.055s][info][gc,phases,start] GC(357) Marking Phase
[78.119s][info][gc,phases      ] GC(357) Marking Phase 64.156ms
[78.119s][info][gc,phases,start] GC(357) Summary Phase
[78.119s][info][gc,phases      ] GC(357) Summary Phase 0.015ms
[78.119s][info][gc,phases,start] GC(357) Adjust Roots
[78.120s][info][gc,phases      ] GC(357) Adjust Roots 1.321ms
[78.120s][info][gc,phases,start] GC(357) Compaction Phase
[78.135s][info][gc,phases      ] GC(357) Compaction Phase 14.502ms
[78.135s][info][gc,phases,start] GC(357) Post Compact
[78.135s][info][gc,phases      ] GC(357) Post Compact 0.496ms
[78.135s][info][gc,heap        ] GC(357) PSYoungGen: 64K->0K(694784K)
[78.135s][info][gc,heap        ] GC(357) ParOldGen: 85574K->85486K(1398272K)
[78.135s][info][gc,metaspace   ] GC(357) Metaspace: 20545K(21376K)->20545K(21376K) NonClass: 18137K(18688K)->18137K(18688K) Class: 2408K(2688K)->2408K(2688K)
[78.135s][info][gc             ] GC(357) Pause Full (System.gc()) 83M->83M(2044M) 80.806ms
[78.135s][info][gc,cpu         ] GC(357) User=0.31s Sys=0.00s Real=0.08s
[78.365s][info][gc,start       ] GC(358) Pause Young (Allocation Failure)
[78.366s][info][gc,heap        ] GC(358) PSYoungGen: 690688K->2315K(694784K)
[78.366s][info][gc,heap        ] GC(358) ParOldGen: 85486K->85486K(1398272K)
[78.366s][info][gc,metaspace   ] GC(358) Metaspace: 20545K(21376K)->20545K(21376K) NonClass: 18137K(18688K)->18137K(18688K) Class: 2408K(2688K)->2408K(2688K)
[78.366s][info][gc             ] GC(358) Pause Young (Allocation Failure) 757M->85M(2044M) 0.920ms
[78.366s][info][gc,cpu         ] GC(358) User=0.00s Sys=0.00s Real=0.00s
[78.598s][info][gc,start       ] GC(359) Pause Young (Allocation Failure)
[78.598s][info][gc,heap        ] GC(359) PSYoungGen: 693003K->1757K(694784K)
[78.598s][info][gc,heap        ] GC(359) ParOldGen: 85486K->85510K(1398272K)
[78.598s][info][gc,metaspace   ] GC(359) Metaspace: 20545K(21376K)->20545K(21376K) NonClass: 18137K(18688K)->18137K(18688K) Class: 2408K(2688K)->2408K(2688K)
[78.598s][info][gc             ] GC(359) Pause Young (Allocation Failure) 760M->85M(2044M) 0.716ms
[78.598s][info][gc,cpu         ] GC(359) User=0.00s Sys=0.00s Real=0.00s
[78.824s][info][gc,start       ] GC(360) Pause Young (Allocation Failure)
[78.825s][info][gc,heap        ] GC(360) PSYoungGen: 692445K->1015K(695296K)
[78.825s][info][gc,heap        ] GC(360) ParOldGen: 85510K->85510K(1398272K)
[78.825s][info][gc,metaspace   ] GC(360) Metaspace: 20545K(21376K)->20545K(21376K) NonClass: 18137K(18688K)->18137K(18688K) Class: 2408K(2688K)->2408K(2688K)
[78.825s][info][gc             ] GC(360) Pause Young (Allocation Failure) 759M->84M(2044M) 0.606ms
[78.825s][info][gc,cpu         ] GC(360) User=0.00s Sys=0.00s Real=0.00s
[79.051s][info][gc,start       ] GC(361) Pause Young (Allocation Failure)
[79.051s][info][gc,heap        ] GC(361) PSYoungGen: 692215K->160K(694784K)
[79.051s][info][gc,heap        ] GC(361) ParOldGen: 85510K->85510K(1398272K)
[79.051s][info][gc,metaspace   ] GC(361) Metaspace: 20545K(21376K)->20545K(21376K) NonClass: 18137K(18688K)->18137K(18688K) Class: 2408K(2688K)->2408K(2688K)
[79.051s][info][gc             ] GC(361) Pause Young (Allocation Failure) 759M->83M(2044M) 0.419ms
[79.051s][info][gc,cpu         ] GC(361) User=0.00s Sys=0.00s Real=0.00s
[79.271s][info][gc,start       ] GC(362) Pause Young (Allocation Failure)
[79.272s][info][gc,heap        ] GC(362) PSYoungGen: 691360K->2105K(694272K)
[79.272s][info][gc,heap        ] GC(362) ParOldGen: 85510K->85526K(1398272K)
[79.272s][info][gc,metaspace   ] GC(362) Metaspace: 20545K(21376K)->20545K(21376K) NonClass: 18137K(18688K)->18137K(18688K) Class: 2408K(2688K)->2408K(2688K)
[79.272s][info][gc             ] GC(362) Pause Young (Allocation Failure) 758M->85M(2043M) 1.091ms
[79.272s][info][gc,cpu         ] GC(362) User=0.00s Sys=0.00s Real=0.00s
[79.503s][info][gc,start       ] GC(363) Pause Young (Allocation Failure)
[79.504s][info][gc,heap        ] GC(363) PSYoungGen: 692793K->1780K(694784K)
[79.504s][info][gc,heap        ] GC(363) ParOldGen: 85526K->85526K(1398272K)
[79.504s][info][gc,metaspace   ] GC(363) Metaspace: 20545K(21376K)->20545K(21376K) NonClass: 18137K(18688K)->18137K(18688K) Class: 2408K(2688K)->2408K(2688K)
[79.504s][info][gc             ] GC(363) Pause Young (Allocation Failure) 760M->85M(2044M) 0.808ms
[79.504s][info][gc,cpu         ] GC(363) User=0.00s Sys=0.00s Real=0.00s
[79.730s][info][gc,start       ] GC(364) Pause Young (Allocation Failure)
[79.731s][info][gc,heap        ] GC(364) PSYoungGen: 692468K->742K(695296K)
[79.731s][info][gc,heap        ] GC(364) ParOldGen: 85526K->85526K(1398272K)
[79.731s][info][gc,metaspace   ] GC(364) Metaspace: 20545K(21376K)->20545K(21376K) NonClass: 18137K(18688K)->18137K(18688K) Class: 2408K(2688K)->2408K(2688K)
[79.731s][info][gc             ] GC(364) Pause Young (Allocation Failure) 759M->84M(2044M) 0.615ms
[79.731s][info][gc,cpu         ] GC(364) User=0.00s Sys=0.00s Real=0.00s
[79.966s][info][gc,start       ] GC(365) Pause Young (Allocation Failure)
[79.966s][info][gc,heap        ] GC(365) PSYoungGen: 692454K->192K(695296K)
[79.966s][info][gc,heap        ] GC(365) ParOldGen: 85526K->85526K(1398272K)
[79.966s][info][gc,metaspace   ] GC(365) Metaspace: 20545K(21376K)->20545K(21376K) NonClass: 18137K(18688K)->18137K(18688K) Class: 2408K(2688K)->2408K(2688K)
[79.966s][info][gc             ] GC(365) Pause Young (Allocation Failure) 759M->83M(2044M) 0.459ms
[79.966s][info][gc,cpu         ] GC(365) User=0.00s Sys=0.00s Real=0.00s
[80.191s][info][gc,start       ] GC(366) Pause Young (Allocation Failure)
[80.193s][info][gc,heap        ] GC(366) PSYoungGen: 691895K->2366K(694272K)
[80.193s][info][gc,heap        ] GC(366) ParOldGen: 85526K->85542K(1398272K)
[80.193s][info][gc,metaspace   ] GC(366) Metaspace: 20545K(21376K)->20545K(21376K) NonClass: 18137K(18688K)->18137K(18688K) Class: 2408K(2688K)->2408K(2688K)
[80.193s][info][gc             ] GC(366) Pause Young (Allocation Failure) 759M->85M(2043M) 1.517ms
[80.193s][info][gc,cpu         ] GC(366) User=0.00s Sys=0.00s Real=0.00s
[80.432s][info][gc,start       ] GC(367) Pause Young (Allocation Failure)
[80.432s][info][gc,heap        ] GC(367) PSYoungGen: 693054K->1797K(694784K)
[80.432s][info][gc,heap        ] GC(367) ParOldGen: 85542K->85542K(1398272K)
[80.433s][info][gc,metaspace   ] GC(367) Metaspace: 20545K(21376K)->20545K(21376K) NonClass: 18137K(18688K)->18137K(18688K) Class: 2408K(2688K)->2408K(2688K)
[80.433s][info][gc             ] GC(367) Pause Young (Allocation Failure) 760M->85M(2044M) 0.936ms
[80.433s][info][gc,cpu         ] GC(367) User=0.00s Sys=0.00s Real=0.00s
[80.663s][info][gc,start       ] GC(368) Pause Young (Allocation Failure)
[80.664s][info][gc,heap        ] GC(368) PSYoungGen: 692485K->956K(695296K)
[80.664s][info][gc,heap        ] GC(368) ParOldGen: 85542K->85542K(1398272K)
[80.664s][info][gc,metaspace   ] GC(368) Metaspace: 20545K(21376K)->20545K(21376K) NonClass: 18137K(18688K)->18137K(18688K) Class: 2408K(2688K)->2408K(2688K)
[80.664s][info][gc             ] GC(368) Pause Young (Allocation Failure) 759M->84M(2044M) 0.578ms
[80.664s][info][gc,cpu         ] GC(368) User=0.00s Sys=0.00s Real=0.00s
[80.889s][info][gc,start       ] GC(369) Pause Young (Allocation Failure)
[80.889s][info][gc,heap        ] GC(369) PSYoungGen: 692668K->224K(695296K)
[80.889s][info][gc,heap        ] GC(369) ParOldGen: 85542K->85566K(1398272K)
[80.889s][info][gc,metaspace   ] GC(369) Metaspace: 20545K(21376K)->20545K(21376K) NonClass: 18137K(18688K)->18137K(18688K) Class: 2408K(2688K)->2408K(2688K)
[80.889s][info][gc             ] GC(369) Pause Young (Allocation Failure) 759M->83M(2044M) 0.500ms
[80.889s][info][gc,cpu         ] GC(369) User=0.00s Sys=0.00s Real=0.00s
[81.113s][info][gc,start       ] GC(370) Pause Young (Allocation Failure)
[81.114s][info][gc,heap        ] GC(370) PSYoungGen: 691936K->2699K(694272K)
[81.114s][info][gc,heap        ] GC(370) ParOldGen: 85566K->85566K(1398272K)
[81.114s][info][gc,metaspace   ] GC(370) Metaspace: 20545K(21376K)->20545K(21376K) NonClass: 18137K(18688K)->18137K(18688K) Class: 2408K(2688K)->2408K(2688K)
[81.114s][info][gc             ] GC(370) Pause Young (Allocation Failure) 759M->86M(2043M) 1.331ms
[81.114s][info][gc,cpu         ] GC(370) User=0.00s Sys=0.00s Real=0.00s
[81.343s][info][gc,start       ] GC(371) Pause Young (Allocation Failure)
[81.344s][info][gc,heap        ] GC(371) PSYoungGen: 693387K->1535K(694784K)
[81.344s][info][gc,heap        ] GC(371) ParOldGen: 85566K->85566K(1398272K)
[81.344s][info][gc,metaspace   ] GC(371) Metaspace: 20545K(21376K)->20545K(21376K) NonClass: 18137K(18688K)->18137K(18688K) Class: 2408K(2688K)->2408K(2688K)
[81.344s][info][gc             ] GC(371) Pause Young (Allocation Failure) 760M->85M(2044M) 0.917ms
[81.344s][info][gc,cpu         ] GC(371) User=0.00s Sys=0.00s Real=0.00s
[81.477s][info][gc,start       ] GC(372) Pause Young (System.gc())
[81.478s][info][gc,heap        ] GC(372) PSYoungGen: 381111K->64K(695296K)
[81.478s][info][gc,heap        ] GC(372) ParOldGen: 85566K->85566K(1398272K)
[81.478s][info][gc,metaspace   ] GC(372) Metaspace: 20545K(21376K)->20545K(21376K) NonClass: 18137K(18688K)->18137K(18688K) Class: 2408K(2688K)->2408K(2688K)
[81.478s][info][gc             ] GC(372) Pause Young (System.gc()) 455M->83M(2044M) 0.484ms
[81.478s][info][gc,cpu         ] GC(372) User=0.00s Sys=0.00s Real=0.00s
[81.478s][info][gc,start       ] GC(373) Pause Full (System.gc())
[81.478s][info][gc,phases,start] GC(373) Marking Phase
[81.537s][info][gc,phases      ] GC(373) Marking Phase 59.603ms
[81.537s][info][gc,phases,start] GC(373) Summary Phase
[81.538s][info][gc,phases      ] GC(373) Summary Phase 0.012ms
[81.538s][info][gc,phases,start] GC(373) Adjust Roots
[81.539s][info][gc,phases      ] GC(373) Adjust Roots 1.812ms
[81.539s][info][gc,phases,start] GC(373) Compaction Phase
[81.552s][info][gc,phases      ] GC(373) Compaction Phase 12.791ms
[81.552s][info][gc,phases,start] GC(373) Post Compact
[81.553s][info][gc,phases      ] GC(373) Post Compact 0.712ms
[81.553s][info][gc,heap        ] GC(373) PSYoungGen: 64K->0K(695296K)
[81.553s][info][gc,heap        ] GC(373) ParOldGen: 85566K->85486K(1398272K)
[81.553s][info][gc,metaspace   ] GC(373) Metaspace: 20545K(21376K)->20545K(21376K) NonClass: 18137K(18688K)->18137K(18688K) Class: 2408K(2688K)->2408K(2688K)
[81.553s][info][gc             ] GC(373) Pause Full (System.gc()) 83M->83M(2044M) 75.272ms
[81.553s][info][gc,cpu         ] GC(373) User=0.33s Sys=0.00s Real=0.08s
[81.779s][info][gc,start       ] GC(374) Pause Young (Allocation Failure)
[81.780s][info][gc,heap        ] GC(374) PSYoungGen: 691697K->2672K(694784K)
[81.780s][info][gc,heap        ] GC(374) ParOldGen: 85486K->85486K(1398272K)
[81.780s][info][gc,metaspace   ] GC(374) Metaspace: 20545K(21376K)->20545K(21376K) NonClass: 18137K(18688K)->18137K(18688K) Class: 2408K(2688K)->2408K(2688K)
[81.780s][info][gc             ] GC(374) Pause Young (Allocation Failure) 758M->86M(2044M) 1.280ms
[81.780s][info][gc,cpu         ] GC(374) User=0.00s Sys=0.00s Real=0.00s
[82.022s][info][gc,start       ] GC(375) Pause Young (Allocation Failure)
[82.023s][info][gc,heap        ] GC(375) PSYoungGen: 694384K->1969K(694784K)
[82.023s][info][gc,heap        ] GC(375) ParOldGen: 85486K->85510K(1398272K)
[82.023s][info][gc,metaspace   ] GC(375) Metaspace: 20545K(21376K)->20545K(21376K) NonClass: 18137K(18688K)->18137K(18688K) Class: 2408K(2688K)->2408K(2688K)
[82.023s][info][gc             ] GC(375) Pause Young (Allocation Failure) 761M->85M(2044M) 1.010ms
[82.023s][info][gc,cpu         ] GC(375) User=0.00s Sys=0.00s Real=0.00s
[82.252s][info][gc,start       ] GC(376) Pause Young (Allocation Failure)
[82.253s][info][gc,heap        ] GC(376) PSYoungGen: 692657K->1135K(694784K)
[82.253s][info][gc,heap        ] GC(376) ParOldGen: 85510K->85510K(1398272K)
[82.253s][info][gc,metaspace   ] GC(376) Metaspace: 20545K(21376K)->20545K(21376K) NonClass: 18137K(18688K)->18137K(18688K) Class: 2408K(2688K)->2408K(2688K)
[82.253s][info][gc             ] GC(376) Pause Young (Allocation Failure) 759M->84M(2044M) 0.841ms
[82.253s][info][gc,cpu         ] GC(376) User=0.00s Sys=0.00s Real=0.00s
[82.491s][info][gc,start       ] GC(377) Pause Young (Allocation Failure)
[82.492s][info][gc,heap        ] GC(377) PSYoungGen: 691823K->288K(694784K)
[82.492s][info][gc,heap        ] GC(377) ParOldGen: 85510K->85510K(1398272K)
[82.492s][info][gc,metaspace   ] GC(377) Metaspace: 20545K(21376K)->20545K(21376K) NonClass: 18137K(18688K)->18137K(18688K) Class: 2408K(2688K)->2408K(2688K)
[82.492s][info][gc             ] GC(377) Pause Young (Allocation Failure) 759M->83M(2044M) 0.555ms
[82.492s][info][gc,cpu         ] GC(377) User=0.00s Sys=0.00s Real=0.00s
[82.721s][info][gc,start       ] GC(378) Pause Young (Allocation Failure)
[82.722s][info][gc,heap        ] GC(378) PSYoungGen: 690949K->2393K(694784K)
[82.722s][info][gc,heap        ] GC(378) ParOldGen: 85510K->85534K(1398272K)
[82.722s][info][gc,metaspace   ] GC(378) Metaspace: 20545K(21376K)->20545K(21376K) NonClass: 18137K(18688K)->18137K(18688K) Class: 2408K(2688K)->2408K(2688K)
[82.722s][info][gc             ] GC(378) Pause Young (Allocation Failure) 758M->85M(2044M) 1.143ms
[82.722s][info][gc,cpu         ] GC(378) User=0.00s Sys=0.00s Real=0.00s
[82.946s][info][gc,start       ] GC(379) Pause Young (Allocation Failure)
[82.947s][info][gc,heap        ] GC(379) PSYoungGen: 693081K->1599K(694784K)
[82.947s][info][gc,heap        ] GC(379) ParOldGen: 85534K->85534K(1398272K)
[82.947s][info][gc,metaspace   ] GC(379) Metaspace: 20545K(21376K)->20545K(21376K) NonClass: 18137K(18688K)->18137K(18688K) Class: 2408K(2688K)->2408K(2688K)
[82.947s][info][gc             ] GC(379) Pause Young (Allocation Failure) 760M->85M(2044M) 0.862ms
[82.947s][info][gc,cpu         ] GC(379) User=0.00s Sys=0.00s Real=0.00s
[83.174s][info][gc,start       ] GC(380) Pause Young (Allocation Failure)
[83.175s][info][gc,heap        ] GC(380) PSYoungGen: 692287K->918K(694784K)
[83.175s][info][gc,heap        ] GC(380) ParOldGen: 85534K->85534K(1398272K)
[83.175s][info][gc,metaspace   ] GC(380) Metaspace: 20545K(21376K)->20545K(21376K) NonClass: 18137K(18688K)->18137K(18688K) Class: 2408K(2688K)->2408K(2688K)
[83.175s][info][gc             ] GC(380) Pause Young (Allocation Failure) 759M->84M(2044M) 0.592ms
[83.175s][info][gc,cpu         ] GC(380) User=0.00s Sys=0.00s Real=0.00s
[83.408s][info][gc,start       ] GC(381) Pause Young (Allocation Failure)
[83.409s][info][gc,heap        ] GC(381) PSYoungGen: 691606K->352K(695296K)
[83.409s][info][gc,heap        ] GC(381) ParOldGen: 85534K->85534K(1398272K)
[83.409s][info][gc,metaspace   ] GC(381) Metaspace: 20545K(21376K)->20545K(21376K) NonClass: 18137K(18688K)->18137K(18688K) Class: 2408K(2688K)->2408K(2688K)
[83.409s][info][gc             ] GC(381) Pause Young (Allocation Failure) 758M->83M(2044M) 0.533ms
[83.409s][info][gc,cpu         ] GC(381) User=0.00s Sys=0.00s Real=0.00s
[83.638s][info][gc,start       ] GC(382) Pause Young (Allocation Failure)
[83.639s][info][gc,heap        ] GC(382) PSYoungGen: 692064K->2598K(694784K)
[83.639s][info][gc,heap        ] GC(382) ParOldGen: 85534K->85558K(1398272K)
[83.639s][info][gc,metaspace   ] GC(382) Metaspace: 20545K(21376K)->20545K(21376K) NonClass: 18137K(18688K)->18137K(18688K) Class: 2408K(2688K)->2408K(2688K)
[83.639s][info][gc             ] GC(382) Pause Young (Allocation Failure) 759M->86M(2044M) 1.258ms
[83.639s][info][gc,cpu         ] GC(382) User=0.00s Sys=0.00s Real=0.00s
[83.873s][info][gc,start       ] GC(383) Pause Young (Allocation Failure)
[83.874s][info][gc,heap        ] GC(383) PSYoungGen: 694310K->1878K(694784K)
[83.874s][info][gc,heap        ] GC(383) ParOldGen: 85558K->85558K(1398272K)
[83.874s][info][gc,metaspace   ] GC(383) Metaspace: 20545K(21376K)->20545K(21376K) NonClass: 18137K(18688K)->18137K(18688K) Class: 2408K(2688K)->2408K(2688K)
[83.874s][info][gc             ] GC(383) Pause Young (Allocation Failure) 761M->85M(2044M) 0.714ms
[83.874s][info][gc,cpu         ] GC(383) User=0.00s Sys=0.00s Real=0.00s
[84.105s][info][gc,start       ] GC(384) Pause Young (Allocation Failure)
[84.106s][info][gc,heap        ] GC(384) PSYoungGen: 692566K->1115K(694784K)
[84.106s][info][gc,heap        ] GC(384) ParOldGen: 85558K->85558K(1398272K)
[84.106s][info][gc,metaspace   ] GC(384) Metaspace: 20545K(21376K)->20545K(21376K) NonClass: 18137K(18688K)->18137K(18688K) Class: 2408K(2688K)->2408K(2688K)
[84.106s][info][gc             ] GC(384) Pause Young (Allocation Failure) 759M->84M(2044M) 0.691ms
[84.106s][info][gc,cpu         ] GC(384) User=0.00s Sys=0.00s Real=0.00s
[84.339s][info][gc,start       ] GC(385) Pause Young (Allocation Failure)
[84.340s][info][gc,heap        ] GC(385) PSYoungGen: 691803K->352K(695296K)
[84.340s][info][gc,heap        ] GC(385) ParOldGen: 85558K->85574K(1398272K)
[84.340s][info][gc,metaspace   ] GC(385) Metaspace: 20545K(21376K)->20545K(21376K) NonClass: 18137K(18688K)->18137K(18688K) Class: 2408K(2688K)->2408K(2688K)
[84.340s][info][gc             ] GC(385) Pause Young (Allocation Failure) 759M->83M(2044M) 0.970ms
[84.340s][info][gc,cpu         ] GC(385) User=0.00s Sys=0.00s Real=0.00s
[84.573s][info][gc,start       ] GC(386) Pause Young (Allocation Failure)
[84.574s][info][gc,heap        ] GC(386) PSYoungGen: 692064K->2583K(694784K)
[84.574s][info][gc,heap        ] GC(386) ParOldGen: 85574K->85574K(1398272K)
[84.574s][info][gc,metaspace   ] GC(386) Metaspace: 20545K(21376K)->20545K(21376K) NonClass: 18137K(18688K)->18137K(18688K) Class: 2408K(2688K)->2408K(2688K)
[84.574s][info][gc             ] GC(386) Pause Young (Allocation Failure) 759M->86M(2044M) 1.396ms
[84.574s][info][gc,cpu         ] GC(386) User=0.00s Sys=0.00s Real=0.00s
[84.816s][info][gc,start       ] GC(387) Pause Young (Allocation Failure)
[84.817s][info][gc,heap        ] GC(387) PSYoungGen: 694295K->1934K(694784K)
[84.817s][info][gc,heap        ] GC(387) ParOldGen: 85574K->85574K(1398272K)
[84.817s][info][gc,metaspace   ] GC(387) Metaspace: 20545K(21376K)->20545K(21376K) NonClass: 18137K(18688K)->18137K(18688K) Class: 2408K(2688K)->2408K(2688K)
[84.817s][info][gc             ] GC(387) Pause Young (Allocation Failure) 761M->85M(2044M) 1.019ms
[84.817s][info][gc,cpu         ] GC(387) User=0.00s Sys=0.00s Real=0.01s
[84.962s][info][gc,start       ] GC(388) Pause Young (System.gc())
[84.962s][info][gc,heap        ] GC(388) PSYoungGen: 375359K->32K(694784K)
[84.962s][info][gc,heap        ] GC(388) ParOldGen: 85574K->85574K(1398272K)
[84.962s][info][gc,metaspace   ] GC(388) Metaspace: 20545K(21376K)->20545K(21376K) NonClass: 18137K(18688K)->18137K(18688K) Class: 2408K(2688K)->2408K(2688K)
[84.962s][info][gc             ] GC(388) Pause Young (System.gc()) 450M->83M(2044M) 0.446ms
[84.962s][info][gc,cpu         ] GC(388) User=0.00s Sys=0.00s Real=0.00s
[84.962s][info][gc,start       ] GC(389) Pause Full (System.gc())
[84.962s][info][gc,phases,start] GC(389) Marking Phase
[85.021s][info][gc,phases      ] GC(389) Marking Phase 58.424ms
[85.021s][info][gc,phases,start] GC(389) Summary Phase
[85.021s][info][gc,phases      ] GC(389) Summary Phase 0.017ms
[85.021s][info][gc,phases,start] GC(389) Adjust Roots
[85.022s][info][gc,phases      ] GC(389) Adjust Roots 1.429ms
[85.022s][info][gc,phases,start] GC(389) Compaction Phase
[85.035s][info][gc,phases      ] GC(389) Compaction Phase 12.653ms
[85.035s][info][gc,phases,start] GC(389) Post Compact
[85.036s][info][gc,phases      ] GC(389) Post Compact 0.598ms
[85.036s][info][gc,heap        ] GC(389) PSYoungGen: 32K->0K(694784K)
[85.036s][info][gc,heap        ] GC(389) ParOldGen: 85574K->85486K(1398272K)
[85.036s][info][gc,metaspace   ] GC(389) Metaspace: 20545K(21376K)->20545K(21376K) NonClass: 18137K(18688K)->18137K(18688K) Class: 2408K(2688K)->2408K(2688K)
[85.036s][info][gc             ] GC(389) Pause Full (System.gc()) 83M->83M(2044M) 73.503ms
[85.036s][info][gc,cpu         ] GC(389) User=0.27s Sys=0.00s Real=0.07s
[85.275s][info][gc,start       ] GC(390) Pause Young (Allocation Failure)
[85.276s][info][gc,heap        ] GC(390) PSYoungGen: 690688K->2186K(694784K)
[85.276s][info][gc,heap        ] GC(390) ParOldGen: 85486K->85486K(1398272K)
[85.276s][info][gc,metaspace   ] GC(390) Metaspace: 20552K(21376K)->20552K(21376K) NonClass: 18144K(18688K)->18144K(18688K) Class: 2408K(2688K)->2408K(2688K)
[85.276s][info][gc             ] GC(390) Pause Young (Allocation Failure) 757M->85M(2044M) 0.889ms
[85.276s][info][gc,cpu         ] GC(390) User=0.00s Sys=0.00s Real=0.00s
[85.525s][info][gc,start       ] GC(391) Pause Young (Allocation Failure)
[85.526s][info][gc,heap        ] GC(391) PSYoungGen: 692874K->1699K(694784K)
[85.526s][info][gc,heap        ] GC(391) ParOldGen: 85486K->85510K(1398272K)
[85.526s][info][gc,metaspace   ] GC(391) Metaspace: 20552K(21376K)->20552K(21376K) NonClass: 18144K(18688K)->18144K(18688K) Class: 2408K(2688K)->2408K(2688K)
[85.526s][info][gc             ] GC(391) Pause Young (Allocation Failure) 760M->85M(2044M) 0.736ms
[85.526s][info][gc,cpu         ] GC(391) User=0.00s Sys=0.00s Real=0.00s
[85.773s][info][gc,start       ] GC(392) Pause Young (Allocation Failure)
[85.774s][info][gc,heap        ] GC(392) PSYoungGen: 692387K->861K(695296K)
[85.774s][info][gc,heap        ] GC(392) ParOldGen: 85510K->85510K(1398272K)
[85.774s][info][gc,metaspace   ] GC(392) Metaspace: 20552K(21376K)->20552K(21376K) NonClass: 18144K(18688K)->18144K(18688K) Class: 2408K(2688K)->2408K(2688K)
[85.774s][info][gc             ] GC(392) Pause Young (Allocation Failure) 759M->84M(2044M) 0.767ms
[85.774s][info][gc,cpu         ] GC(392) User=0.00s Sys=0.00s Real=0.00s
[86.018s][info][gc,start       ] GC(393) Pause Young (Allocation Failure)
[86.018s][info][gc,heap        ] GC(393) PSYoungGen: 692061K->224K(694784K)
[86.018s][info][gc,heap        ] GC(393) ParOldGen: 85510K->85510K(1398272K)
[86.018s][info][gc,metaspace   ] GC(393) Metaspace: 20552K(21376K)->20552K(21376K) NonClass: 18144K(18688K)->18144K(18688K) Class: 2408K(2688K)->2408K(2688K)
[86.018s][info][gc             ] GC(393) Pause Young (Allocation Failure) 759M->83M(2044M) 0.659ms
[86.018s][info][gc,cpu         ] GC(393) User=0.00s Sys=0.00s Real=0.00s
[86.249s][info][gc,start       ] GC(394) Pause Young (Allocation Failure)
[86.251s][info][gc,heap        ] GC(394) PSYoungGen: 691424K->2250K(694272K)
[86.251s][info][gc,heap        ] GC(394) ParOldGen: 85510K->85526K(1398272K)
[86.251s][info][gc,metaspace   ] GC(394) Metaspace: 20552K(21376K)->20552K(21376K) NonClass: 18144K(18688K)->18144K(18688K) Class: 2408K(2688K)->2408K(2688K)
[86.251s][info][gc             ] GC(394) Pause Young (Allocation Failure) 758M->85M(2043M) 1.143ms
[86.251s][info][gc,cpu         ] GC(394) User=0.00s Sys=0.00s Real=0.00s
[86.508s][info][gc,start       ] GC(395) Pause Young (Allocation Failure)
[86.509s][info][gc,heap        ] GC(395) PSYoungGen: 692938K->1650K(694784K)
[86.509s][info][gc,heap        ] GC(395) ParOldGen: 85526K->85526K(1398272K)
[86.509s][info][gc,metaspace   ] GC(395) Metaspace: 20552K(21376K)->20552K(21376K) NonClass: 18144K(18688K)->18144K(18688K) Class: 2408K(2688K)->2408K(2688K)
[86.509s][info][gc             ] GC(395) Pause Young (Allocation Failure) 760M->85M(2044M) 0.639ms
[86.509s][info][gc,cpu         ] GC(395) User=0.00s Sys=0.00s Real=0.00s
[86.744s][info][gc,start       ] GC(396) Pause Young (Allocation Failure)
[86.745s][info][gc,heap        ] GC(396) PSYoungGen: 692338K->1239K(695296K)
[86.745s][info][gc,heap        ] GC(396) ParOldGen: 85526K->85526K(1398272K)
[86.745s][info][gc,metaspace   ] GC(396) Metaspace: 20552K(21376K)->20552K(21376K) NonClass: 18144K(18688K)->18144K(18688K) Class: 2408K(2688K)->2408K(2688K)
[86.745s][info][gc             ] GC(396) Pause Young (Allocation Failure) 759M->84M(2044M) 0.560ms
[86.745s][info][gc,cpu         ] GC(396) User=0.00s Sys=0.00s Real=0.00s
[86.972s][info][gc,start       ] GC(397) Pause Young (Allocation Failure)
[86.973s][info][gc,heap        ] GC(397) PSYoungGen: 692951K->320K(695296K)
[86.973s][info][gc,heap        ] GC(397) ParOldGen: 85526K->85526K(1398272K)
[86.973s][info][gc,metaspace   ] GC(397) Metaspace: 20552K(21376K)->20552K(21376K) NonClass: 18144K(18688K)->18144K(18688K) Class: 2408K(2688K)->2408K(2688K)
[86.973s][info][gc             ] GC(397) Pause Young (Allocation Failure) 760M->83M(2044M) 0.541ms
[86.973s][info][gc,cpu         ] GC(397) User=0.00s Sys=0.00s Real=0.00s
[87.195s][info][gc,start       ] GC(398) Pause Young (Allocation Failure)
[87.196s][info][gc,heap        ] GC(398) PSYoungGen: 692011K->2585K(694272K)
[87.196s][info][gc,heap        ] GC(398) ParOldGen: 85526K->85550K(1398272K)
[87.196s][info][gc,metaspace   ] GC(398) Metaspace: 20552K(21376K)->20552K(21376K) NonClass: 18144K(18688K)->18144K(18688K) Class: 2408K(2688K)->2408K(2688K)
[87.196s][info][gc             ] GC(398) Pause Young (Allocation Failure) 759M->86M(2043M) 1.013ms
[87.196s][info][gc,cpu         ] GC(398) User=0.00s Sys=0.00s Real=0.00s
[87.432s][info][gc,start       ] GC(399) Pause Young (Allocation Failure)
[87.433s][info][gc,heap        ] GC(399) PSYoungGen: 693273K->1953K(694784K)
[87.433s][info][gc,heap        ] GC(399) ParOldGen: 85550K->85550K(1398272K)
[87.433s][info][gc,metaspace   ] GC(399) Metaspace: 20552K(21376K)->20552K(21376K) NonClass: 18144K(18688K)->18144K(18688K) Class: 2408K(2688K)->2408K(2688K)
[87.434s][info][gc             ] GC(399) Pause Young (Allocation Failure) 760M->85M(2044M) 1.516ms
[87.434s][info][gc,cpu         ] GC(399) User=0.00s Sys=0.00s Real=0.00s
[87.662s][info][gc,start       ] GC(400) Pause Young (Allocation Failure)
[87.663s][info][gc,heap        ] GC(400) PSYoungGen: 692641K->1246K(695296K)
[87.663s][info][gc,heap        ] GC(400) ParOldGen: 85550K->85550K(1398272K)
[87.663s][info][gc,metaspace   ] GC(400) Metaspace: 20552K(21376K)->20552K(21376K) NonClass: 18144K(18688K)->18144K(18688K) Class: 2408K(2688K)->2408K(2688K)
[87.663s][info][gc             ] GC(400) Pause Young (Allocation Failure) 759M->84M(2044M) 0.675ms
[87.663s][info][gc,cpu         ] GC(400) User=0.00s Sys=0.00s Real=0.00s
[87.895s][info][gc,start       ] GC(401) Pause Young (Allocation Failure)
[87.895s][info][gc,heap        ] GC(401) PSYoungGen: 692446K->722K(694784K)
[87.895s][info][gc,heap        ] GC(401) ParOldGen: 85550K->85566K(1398272K)
[87.895s][info][gc,metaspace   ] GC(401) Metaspace: 20552K(21376K)->20552K(21376K) NonClass: 18144K(18688K)->18144K(18688K) Class: 2408K(2688K)->2408K(2688K)
[87.895s][info][gc             ] GC(401) Pause Young (Allocation Failure) 759M->84M(2044M) 0.593ms
[87.895s][info][gc,cpu         ] GC(401) User=0.00s Sys=0.00s Real=0.00s
[88.130s][info][gc,start       ] GC(402) Pause Young (Allocation Failure)
[88.131s][info][gc,heap        ] GC(402) PSYoungGen: 691760K->2635K(694272K)
[88.131s][info][gc,heap        ] GC(402) ParOldGen: 85566K->85566K(1398272K)
[88.131s][info][gc,metaspace   ] GC(402) Metaspace: 20552K(21376K)->20552K(21376K) NonClass: 18144K(18688K)->18144K(18688K) Class: 2408K(2688K)->2408K(2688K)
[88.131s][info][gc             ] GC(402) Pause Young (Allocation Failure) 759M->86M(2043M) 1.342ms
[88.131s][info][gc,cpu         ] GC(402) User=0.00s Sys=0.00s Real=0.00s
[88.361s][info][gc,start       ] GC(403) Pause Young (Allocation Failure)
[88.362s][info][gc,heap        ] GC(403) PSYoungGen: 693323K->1906K(694784K)
[88.362s][info][gc,heap        ] GC(403) ParOldGen: 85566K->85566K(1398272K)
[88.362s][info][gc,metaspace   ] GC(403) Metaspace: 20552K(21376K)->20552K(21376K) NonClass: 18144K(18688K)->18144K(18688K) Class: 2408K(2688K)->2408K(2688K)
[88.362s][info][gc             ] GC(403) Pause Young (Allocation Failure) 760M->85M(2044M) 1.093ms
[88.362s][info][gc,cpu         ] GC(403) User=0.00s Sys=0.00s Real=0.00s
[88.489s][info][gc,start       ] GC(404) Pause Young (System.gc())
[88.490s][info][gc,heap        ] GC(404) PSYoungGen: 377639K->64K(694272K)
[88.490s][info][gc,heap        ] GC(404) ParOldGen: 85566K->85566K(1398272K)
[88.490s][info][gc,metaspace   ] GC(404) Metaspace: 20565K(21376K)->20565K(21376K) NonClass: 18157K(18688K)->18157K(18688K) Class: 2408K(2688K)->2408K(2688K)
[88.490s][info][gc             ] GC(404) Pause Young (System.gc()) 452M->83M(2043M) 0.553ms
[88.490s][info][gc,cpu         ] GC(404) User=0.00s Sys=0.00s Real=0.00s
[88.490s][info][gc,start       ] GC(405) Pause Full (System.gc())
[88.490s][info][gc,phases,start] GC(405) Marking Phase
[88.541s][info][gc,phases      ] GC(405) Marking Phase 50.938ms
[88.541s][info][gc,phases,start] GC(405) Summary Phase
[88.541s][info][gc,phases      ] GC(405) Summary Phase 0.012ms
[88.541s][info][gc,phases,start] GC(405) Adjust Roots
[88.542s][info][gc,phases      ] GC(405) Adjust Roots 1.406ms
[88.542s][info][gc,phases,start] GC(405) Compaction Phase
[88.555s][info][gc,phases      ] GC(405) Compaction Phase 13.222ms
[88.555s][info][gc,phases,start] GC(405) Post Compact
[88.556s][info][gc,phases      ] GC(405) Post Compact 0.741ms
[88.556s][info][gc,heap        ] GC(405) PSYoungGen: 64K->0K(694272K)
[88.556s][info][gc,heap        ] GC(405) ParOldGen: 85566K->85486K(1398272K)
[88.556s][info][gc,metaspace   ] GC(405) Metaspace: 20565K(21376K)->20565K(21376K) NonClass: 18157K(18688K)->18157K(18688K) Class: 2408K(2688K)->2408K(2688K)
[88.556s][info][gc             ] GC(405) Pause Full (System.gc()) 83M->83M(2043M) 66.639ms
[88.556s][info][gc,cpu         ] GC(405) User=0.05s Sys=0.00s Real=0.07s
[88.790s][info][gc,start       ] GC(406) Pause Young (Allocation Failure)
[88.791s][info][gc,heap        ] GC(406) PSYoungGen: 690688K->2488K(694784K)
[88.791s][info][gc,heap        ] GC(406) ParOldGen: 85486K->85486K(1398272K)
[88.791s][info][gc,metaspace   ] GC(406) Metaspace: 20570K(21376K)->20570K(21376K) NonClass: 18161K(18688K)->18161K(18688K) Class: 2408K(2688K)->2408K(2688K)
[88.791s][info][gc             ] GC(406) Pause Young (Allocation Failure) 757M->85M(2044M) 0.963ms
[88.791s][info][gc,cpu         ] GC(406) User=0.00s Sys=0.00s Real=0.00s
[89.021s][info][gc,start       ] GC(407) Pause Young (Allocation Failure)
[89.021s][info][gc,heap        ] GC(407) PSYoungGen: 693176K->1920K(694784K)
[89.021s][info][gc,heap        ] GC(407) ParOldGen: 85486K->85526K(1398272K)
[89.021s][info][gc,metaspace   ] GC(407) Metaspace: 20570K(21376K)->20570K(21376K) NonClass: 18161K(18688K)->18161K(18688K) Class: 2408K(2688K)->2408K(2688K)
[89.021s][info][gc             ] GC(407) Pause Young (Allocation Failure) 760M->85M(2044M) 0.871ms
[89.021s][info][gc,cpu         ] GC(407) User=0.00s Sys=0.00s Real=0.00s
[89.249s][info][gc,start       ] GC(408) Pause Young (Allocation Failure)
[89.250s][info][gc,heap        ] GC(408) PSYoungGen: 692608K->959K(694784K)
[89.250s][info][gc,heap        ] GC(408) ParOldGen: 85526K->85526K(1398272K)
[89.250s][info][gc,metaspace   ] GC(408) Metaspace: 20570K(21376K)->20570K(21376K) NonClass: 18161K(18688K)->18161K(18688K) Class: 2408K(2688K)->2408K(2688K)
[89.250s][info][gc             ] GC(408) Pause Young (Allocation Failure) 759M->84M(2044M) 0.989ms
[89.250s][info][gc,cpu         ] GC(408) User=0.00s Sys=0.00s Real=0.00s
[89.479s][info][gc,start       ] GC(409) Pause Young (Allocation Failure)
[89.481s][info][gc,heap        ] GC(409) PSYoungGen: 691647K->3253K(694784K)
[89.481s][info][gc,heap        ] GC(409) ParOldGen: 85526K->85526K(1398272K)
[89.481s][info][gc,metaspace   ] GC(409) Metaspace: 20570K(21376K)->20570K(21376K) NonClass: 18161K(18688K)->18161K(18688K) Class: 2408K(2688K)->2408K(2688K)
[89.481s][info][gc             ] GC(409) Pause Young (Allocation Failure) 758M->86M(2044M) 2.694ms
[89.481s][info][gc,cpu         ] GC(409) User=0.00s Sys=0.00s Real=0.00s
[89.710s][info][gc,start       ] GC(410) Pause Young (Allocation Failure)
[89.710s][info][gc,heap        ] GC(410) PSYoungGen: 693911K->2369K(694784K)
[89.710s][info][gc,heap        ] GC(410) ParOldGen: 85526K->85542K(1398272K)
[89.710s][info][gc,metaspace   ] GC(410) Metaspace: 20570K(21376K)->20570K(21376K) NonClass: 18161K(18688K)->18161K(18688K) Class: 2408K(2688K)->2408K(2688K)
[89.710s][info][gc             ] GC(410) Pause Young (Allocation Failure) 761M->85M(2044M) 0.859ms
[89.710s][info][gc,cpu         ] GC(410) User=0.00s Sys=0.00s Real=0.00s
[89.942s][info][gc,start       ] GC(411) Pause Young (Allocation Failure)
[89.943s][info][gc,heap        ] GC(411) PSYoungGen: 693057K->1942K(694784K)
[89.943s][info][gc,heap        ] GC(411) ParOldGen: 85542K->85542K(1398272K)
[89.943s][info][gc,metaspace   ] GC(411) Metaspace: 20570K(21376K)->20570K(21376K) NonClass: 18161K(18688K)->18161K(18688K) Class: 2408K(2688K)->2408K(2688K)
[89.943s][info][gc             ] GC(411) Pause Young (Allocation Failure) 760M->85M(2044M) 0.812ms
[89.943s][info][gc,cpu         ] GC(411) User=0.00s Sys=0.00s Real=0.00s
[90.177s][info][gc,start       ] GC(412) Pause Young (Allocation Failure)
[90.178s][info][gc,heap        ] GC(412) PSYoungGen: 692630K->1073K(694784K)
[90.178s][info][gc,heap        ] GC(412) ParOldGen: 85542K->85542K(1398272K)
[90.178s][info][gc,metaspace   ] GC(412) Metaspace: 20570K(21376K)->20570K(21376K) NonClass: 18161K(18688K)->18161K(18688K) Class: 2408K(2688K)->2408K(2688K)
[90.178s][info][gc             ] GC(412) Pause Young (Allocation Failure) 759M->84M(2044M) 0.578ms
[90.178s][info][gc,cpu         ] GC(412) User=0.00s Sys=0.00s Real=0.00s
[90.420s][info][gc,start       ] GC(413) Pause Young (Allocation Failure)
[90.420s][info][gc,heap        ] GC(413) PSYoungGen: 691761K->192K(694784K)
[90.420s][info][gc,heap        ] GC(413) ParOldGen: 85542K->85542K(1398272K)
[90.420s][info][gc,metaspace   ] GC(413) Metaspace: 20570K(21376K)->20570K(21376K) NonClass: 18161K(18688K)->18161K(18688K) Class: 2408K(2688K)->2408K(2688K)
[90.420s][info][gc             ] GC(413) Pause Young (Allocation Failure) 759M->83M(2044M) 0.499ms
[90.420s][info][gc,cpu         ] GC(413) User=0.00s Sys=0.00s Real=0.00s
[90.644s][info][gc,start       ] GC(414) Pause Young (Allocation Failure)
[90.645s][info][gc,heap        ] GC(414) PSYoungGen: 690880K->2535K(694784K)
[90.645s][info][gc,heap        ] GC(414) ParOldGen: 85542K->85574K(1398272K)
[90.645s][info][gc,metaspace   ] GC(414) Metaspace: 20570K(21376K)->20570K(21376K) NonClass: 18162K(18688K)->18162K(18688K) Class: 2408K(2688K)->2408K(2688K)
[90.645s][info][gc             ] GC(414) Pause Young (Allocation Failure) 758M->86M(2044M) 1.004ms
[90.645s][info][gc,cpu         ] GC(414) User=0.00s Sys=0.00s Real=0.00s
[90.873s][info][gc,start       ] GC(415) Pause Young (Allocation Failure)
[90.874s][info][gc,heap        ] GC(415) PSYoungGen: 693223K->1691K(694784K)
[90.874s][info][gc,heap        ] GC(415) ParOldGen: 85574K->85574K(1398272K)
[90.874s][info][gc,metaspace   ] GC(415) Metaspace: 20570K(21376K)->20570K(21376K) NonClass: 18162K(18688K)->18162K(18688K) Class: 2408K(2688K)->2408K(2688K)
[90.874s][info][gc             ] GC(415) Pause Young (Allocation Failure) 760M->85M(2044M) 0.916ms
[90.874s][info][gc,cpu         ] GC(415) User=0.00s Sys=0.00s Real=0.00s
[91.101s][info][gc,start       ] GC(416) Pause Young (Allocation Failure)
[91.102s][info][gc,heap        ] GC(416) PSYoungGen: 692379K->1032K(694784K)
[91.102s][info][gc,heap        ] GC(416) ParOldGen: 85574K->85574K(1398272K)
[91.102s][info][gc,metaspace   ] GC(416) Metaspace: 20570K(21376K)->20570K(21376K) NonClass: 18162K(18688K)->18162K(18688K) Class: 2408K(2688K)->2408K(2688K)
[91.102s][info][gc             ] GC(416) Pause Young (Allocation Failure) 759M->84M(2044M) 0.594ms
[91.102s][info][gc,cpu         ] GC(416) User=0.00s Sys=0.00s Real=0.00s
[91.336s][info][gc,start       ] GC(417) Pause Young (Allocation Failure)
[91.337s][info][gc,heap        ] GC(417) PSYoungGen: 691720K->288K(694784K)
[91.337s][info][gc,heap        ] GC(417) ParOldGen: 85574K->85590K(1398272K)
[91.337s][info][gc,metaspace   ] GC(417) Metaspace: 20570K(21376K)->20570K(21376K) NonClass: 18162K(18688K)->18162K(18688K) Class: 2408K(2688K)->2408K(2688K)
[91.337s][info][gc             ] GC(417) Pause Young (Allocation Failure) 759M->83M(2044M) 0.560ms
[91.337s][info][gc,cpu         ] GC(417) User=0.00s Sys=0.00s Real=0.00s
[91.571s][info][gc,start       ] GC(418) Pause Young (Allocation Failure)
[91.573s][info][gc,heap        ] GC(418) PSYoungGen: 690976K->2330K(694784K)
[91.573s][info][gc,heap        ] GC(418) ParOldGen: 85590K->85590K(1398272K)
[91.573s][info][gc,metaspace   ] GC(418) Metaspace: 20570K(21376K)->20570K(21376K) NonClass: 18162K(18688K)->18162K(18688K) Class: 2408K(2688K)->2408K(2688K)
[91.573s][info][gc             ] GC(418) Pause Young (Allocation Failure) 758M->85M(2044M) 1.308ms
[91.573s][info][gc,cpu         ] GC(418) User=0.00s Sys=0.00s Real=0.00s
[91.815s][info][gc,start       ] GC(419) Pause Young (Allocation Failure)
[91.815s][info][gc,heap        ] GC(419) PSYoungGen: 693018K->1642K(694784K)
[91.815s][info][gc,heap        ] GC(419) ParOldGen: 85590K->85590K(1398272K)
[91.815s][info][gc,metaspace   ] GC(419) Metaspace: 20570K(21376K)->20570K(21376K) NonClass: 18162K(18688K)->18162K(18688K) Class: 2408K(2688K)->2408K(2688K)
[91.815s][info][gc             ] GC(419) Pause Young (Allocation Failure) 760M->85M(2044M) 0.894ms
[91.815s][info][gc,cpu         ] GC(419) User=0.00s Sys=0.00s Real=0.00s
[91.949s][info][gc,start       ] GC(420) Pause Young (System.gc())
[91.949s][info][gc,heap        ] GC(420) PSYoungGen: 378446K->96K(694784K)
[91.949s][info][gc,heap        ] GC(420) ParOldGen: 85590K->85590K(1398272K)
[91.949s][info][gc,metaspace   ] GC(420) Metaspace: 20570K(21376K)->20570K(21376K) NonClass: 18162K(18688K)->18162K(18688K) Class: 2408K(2688K)->2408K(2688K)
[91.949s][info][gc             ] GC(420) Pause Young (System.gc()) 453M->83M(2044M) 0.454ms
[91.949s][info][gc,cpu         ] GC(420) User=0.00s Sys=0.00s Real=0.00s
[91.950s][info][gc,start       ] GC(421) Pause Full (System.gc())
[91.950s][info][gc,phases,start] GC(421) Marking Phase
[91.996s][info][gc,phases      ] GC(421) Marking Phase 46.026ms
[91.996s][info][gc,phases,start] GC(421) Summary Phase
[91.996s][info][gc,phases      ] GC(421) Summary Phase 0.011ms
[91.996s][info][gc,phases,start] GC(421) Adjust Roots
[91.997s][info][gc,phases      ] GC(421) Adjust Roots 1.466ms
[91.997s][info][gc,phases,start] GC(421) Compaction Phase
[92.009s][info][gc,phases      ] GC(421) Compaction Phase 12.209ms
[92.009s][info][gc,phases,start] GC(421) Post Compact
[92.010s][info][gc,phases      ] GC(421) Post Compact 0.547ms
[92.010s][info][gc,heap        ] GC(421) PSYoungGen: 96K->0K(694784K)
[92.010s][info][gc,heap        ] GC(421) ParOldGen: 85590K->85487K(1398272K)
[92.010s][info][gc,metaspace   ] GC(421) Metaspace: 20570K(21376K)->20570K(21376K) NonClass: 18162K(18688K)->18162K(18688K) Class: 2408K(2688K)->2408K(2688K)
[92.010s][info][gc             ] GC(421) Pause Full (System.gc()) 83M->83M(2044M) 60.526ms
[92.010s][info][gc,cpu         ] GC(421) User=0.06s Sys=0.00s Real=0.06s
[92.259s][info][gc,start       ] GC(422) Pause Young (Allocation Failure)
[92.261s][info][gc,heap        ] GC(422) PSYoungGen: 690688K->2262K(694784K)
[92.261s][info][gc,heap        ] GC(422) ParOldGen: 85487K->85487K(1398272K)
[92.261s][info][gc,metaspace   ] GC(422) Metaspace: 20570K(21376K)->20570K(21376K) NonClass: 18162K(18688K)->18162K(18688K) Class: 2408K(2688K)->2408K(2688K)
[92.261s][info][gc             ] GC(422) Pause Young (Allocation Failure) 757M->85M(2044M) 1.371ms
[92.261s][info][gc,cpu         ] GC(422) User=0.00s Sys=0.00s Real=0.00s
[92.507s][info][gc,start       ] GC(423) Pause Young (Allocation Failure)
[92.508s][info][gc,heap        ] GC(423) PSYoungGen: 692950K->1959K(694784K)
[92.508s][info][gc,heap        ] GC(423) ParOldGen: 85487K->85511K(1398272K)
[92.508s][info][gc,metaspace   ] GC(423) Metaspace: 20570K(21376K)->20570K(21376K) NonClass: 18162K(18688K)->18162K(18688K) Class: 2408K(2688K)->2408K(2688K)
[92.508s][info][gc             ] GC(423) Pause Young (Allocation Failure) 760M->85M(2044M) 0.731ms
[92.508s][info][gc,cpu         ] GC(423) User=0.00s Sys=0.00s Real=0.00s
[92.755s][info][gc,start       ] GC(424) Pause Young (Allocation Failure)
[92.755s][info][gc,heap        ] GC(424) PSYoungGen: 692647K->1066K(695296K)
[92.755s][info][gc,heap        ] GC(424) ParOldGen: 85511K->85511K(1398272K)
[92.755s][info][gc,metaspace   ] GC(424) Metaspace: 20570K(21376K)->20570K(21376K) NonClass: 18162K(18688K)->18162K(18688K) Class: 2408K(2688K)->2408K(2688K)
[92.755s][info][gc             ] GC(424) Pause Young (Allocation Failure) 759M->84M(2044M) 0.694ms
[92.755s][info][gc,cpu         ] GC(424) User=0.00s Sys=0.00s Real=0.00s
[92.997s][info][gc,start       ] GC(425) Pause Young (Allocation Failure)
[92.998s][info][gc,heap        ] GC(425) PSYoungGen: 692266K->577K(694784K)
[92.998s][info][gc,heap        ] GC(425) ParOldGen: 85511K->85511K(1398272K)
[92.998s][info][gc,metaspace   ] GC(425) Metaspace: 20570K(21376K)->20570K(21376K) NonClass: 18162K(18688K)->18162K(18688K) Class: 2408K(2688K)->2408K(2688K)
[92.998s][info][gc             ] GC(425) Pause Young (Allocation Failure) 759M->84M(2044M) 0.573ms
[92.998s][info][gc,cpu         ] GC(425) User=0.00s Sys=0.02s Real=0.00s
[93.252s][info][gc,start       ] GC(426) Pause Young (Allocation Failure)
[93.253s][info][gc,heap        ] GC(426) PSYoungGen: 691777K->2358K(694272K)
[93.253s][info][gc,heap        ] GC(426) ParOldGen: 85511K->85527K(1398272K)
[93.253s][info][gc,metaspace   ] GC(426) Metaspace: 20570K(21376K)->20570K(21376K) NonClass: 18162K(18688K)->18162K(18688K) Class: 2408K(2688K)->2408K(2688K)
[93.253s][info][gc             ] GC(426) Pause Young (Allocation Failure) 759M->85M(2043M) 1.212ms
[93.253s][info][gc,cpu         ] GC(426) User=0.00s Sys=0.00s Real=0.00s
[93.491s][info][gc,start       ] GC(427) Pause Young (Allocation Failure)
[93.503s][info][gc,heap        ] GC(427) PSYoungGen: 693046K->1955K(694784K)
[93.503s][info][gc,heap        ] GC(427) ParOldGen: 85527K->85527K(1398272K)
[93.503s][info][gc,metaspace   ] GC(427) Metaspace: 20570K(21376K)->20570K(21376K) NonClass: 18162K(18688K)->18162K(18688K) Class: 2408K(2688K)->2408K(2688K)
[93.503s][info][gc             ] GC(427) Pause Young (Allocation Failure) 760M->85M(2044M) 12.469ms
[93.503s][info][gc,cpu         ] GC(427) User=0.00s Sys=0.00s Real=0.01s
[93.736s][info][gc,start       ] GC(428) Pause Young (Allocation Failure)
[93.737s][info][gc,heap        ] GC(428) PSYoungGen: 692643K->1235K(695296K)
[93.737s][info][gc,heap        ] GC(428) ParOldGen: 85527K->85527K(1398272K)
[93.737s][info][gc,metaspace   ] GC(428) Metaspace: 20570K(21376K)->20570K(21376K) NonClass: 18162K(18688K)->18162K(18688K) Class: 2408K(2688K)->2408K(2688K)
[93.737s][info][gc             ] GC(428) Pause Young (Allocation Failure) 759M->84M(2044M) 0.826ms
[93.737s][info][gc,cpu         ] GC(428) User=0.00s Sys=0.00s Real=0.00s
[93.962s][info][gc,start       ] GC(429) Pause Young (Allocation Failure)
[93.962s][info][gc,heap        ] GC(429) PSYoungGen: 692435K->425K(694784K)
[93.962s][info][gc,heap        ] GC(429) ParOldGen: 85527K->85527K(1398272K)
[93.962s][info][gc,metaspace   ] GC(429) Metaspace: 20570K(21376K)->20570K(21376K) NonClass: 18162K(18688K)->18162K(18688K) Class: 2408K(2688K)->2408K(2688K)
[93.962s][info][gc             ] GC(429) Pause Young (Allocation Failure) 759M->83M(2044M) 0.671ms
[93.962s][info][gc,cpu         ] GC(429) User=0.00s Sys=0.00s Real=0.00s
[94.189s][info][gc,start       ] GC(430) Pause Young (Allocation Failure)
[94.190s][info][gc,heap        ] GC(430) PSYoungGen: 691607K->2706K(694272K)
[94.190s][info][gc,heap        ] GC(430) ParOldGen: 85527K->85543K(1398272K)
[94.190s][info][gc,metaspace   ] GC(430) Metaspace: 20570K(21376K)->20570K(21376K) NonClass: 18162K(18688K)->18162K(18688K) Class: 2408K(2688K)->2408K(2688K)
[94.190s][info][gc             ] GC(430) Pause Young (Allocation Failure) 758M->86M(2043M) 1.229ms
[94.190s][info][gc,cpu         ] GC(430) User=0.00s Sys=0.00s Real=0.00s
[94.430s][info][gc,start       ] GC(431) Pause Young (Allocation Failure)
[94.431s][info][gc,heap        ] GC(431) PSYoungGen: 693394K->1930K(694784K)
[94.431s][info][gc,heap        ] GC(431) ParOldGen: 85543K->85543K(1398272K)
[94.431s][info][gc,metaspace   ] GC(431) Metaspace: 20570K(21376K)->20570K(21376K) NonClass: 18162K(18688K)->18162K(18688K) Class: 2408K(2688K)->2408K(2688K)
[94.431s][info][gc             ] GC(431) Pause Young (Allocation Failure) 760M->85M(2044M) 0.905ms
[94.431s][info][gc,cpu         ] GC(431) User=0.00s Sys=0.00s Real=0.00s
[94.662s][info][gc,start       ] GC(432) Pause Young (Allocation Failure)
[94.662s][info][gc,heap        ] GC(432) PSYoungGen: 692618K->1305K(695296K)
[94.662s][info][gc,heap        ] GC(432) ParOldGen: 85543K->85543K(1398272K)
[94.662s][info][gc,metaspace   ] GC(432) Metaspace: 20570K(21376K)->20570K(21376K) NonClass: 18162K(18688K)->18162K(18688K) Class: 2408K(2688K)->2408K(2688K)
[94.662s][info][gc             ] GC(432) Pause Young (Allocation Failure) 759M->84M(2044M) 0.882ms
[94.663s][info][gc,cpu         ] GC(432) User=0.00s Sys=0.00s Real=0.00s
[94.892s][info][gc,start       ] GC(433) Pause Young (Allocation Failure)
[94.893s][info][gc,heap        ] GC(433) PSYoungGen: 692505K->480K(694784K)
[94.893s][info][gc,heap        ] GC(433) ParOldGen: 85543K->85567K(1398272K)
[94.893s][info][gc,metaspace   ] GC(433) Metaspace: 20570K(21376K)->20570K(21376K) NonClass: 18162K(18688K)->18162K(18688K) Class: 2408K(2688K)->2408K(2688K)
[94.893s][info][gc             ] GC(433) Pause Young (Allocation Failure) 759M->84M(2044M) 0.669ms
[94.893s][info][gc,cpu         ] GC(433) User=0.00s Sys=0.00s Real=0.00s
[95.113s][info][gc,start       ] GC(434) Pause Young (Allocation Failure)
[95.114s][info][gc,heap        ] GC(434) PSYoungGen: 691680K->2456K(694272K)
[95.114s][info][gc,heap        ] GC(434) ParOldGen: 85567K->85567K(1398272K)
[95.114s][info][gc,metaspace   ] GC(434) Metaspace: 20570K(21376K)->20570K(21376K) NonClass: 18162K(18688K)->18162K(18688K) Class: 2408K(2688K)->2408K(2688K)
[95.114s][info][gc             ] GC(434) Pause Young (Allocation Failure) 759M->85M(2043M) 1.063ms
[95.114s][info][gc,cpu         ] GC(434) User=0.00s Sys=0.00s Real=0.00s
[95.347s][info][gc,start       ] GC(435) Pause Young (Allocation Failure)
[95.347s][info][gc,heap        ] GC(435) PSYoungGen: 693144K->1868K(694784K)
[95.347s][info][gc,heap        ] GC(435) ParOldGen: 85567K->85567K(1398272K)
[95.347s][info][gc,metaspace   ] GC(435) Metaspace: 20570K(21376K)->20570K(21376K) NonClass: 18162K(18688K)->18162K(18688K) Class: 2408K(2688K)->2408K(2688K)
[95.347s][info][gc             ] GC(435) Pause Young (Allocation Failure) 760M->85M(2044M) 0.806ms
[95.347s][info][gc,cpu         ] GC(435) User=0.00s Sys=0.00s Real=0.00s
[95.475s][info][gc,start       ] GC(436) Pause Young (System.gc())
[95.476s][info][gc,heap        ] GC(436) PSYoungGen: 376569K->32K(694272K)
[95.476s][info][gc,heap        ] GC(436) ParOldGen: 85567K->85567K(1398272K)
[95.476s][info][gc,metaspace   ] GC(436) Metaspace: 20570K(21376K)->20570K(21376K) NonClass: 18162K(18688K)->18162K(18688K) Class: 2408K(2688K)->2408K(2688K)
[95.476s][info][gc             ] GC(436) Pause Young (System.gc()) 451M->83M(2043M) 0.595ms
[95.476s][info][gc,cpu         ] GC(436) User=0.00s Sys=0.00s Real=0.00s
[95.476s][info][gc,start       ] GC(437) Pause Full (System.gc())
[95.476s][info][gc,phases,start] GC(437) Marking Phase
[95.536s][info][gc,phases      ] GC(437) Marking Phase 60.511ms
[95.537s][info][gc,phases,start] GC(437) Summary Phase
[95.537s][info][gc,phases      ] GC(437) Summary Phase 0.015ms
[95.537s][info][gc,phases,start] GC(437) Adjust Roots
[95.538s][info][gc,phases      ] GC(437) Adjust Roots 1.504ms
[95.538s][info][gc,phases,start] GC(437) Compaction Phase
[95.550s][info][gc,phases      ] GC(437) Compaction Phase 12.289ms
[95.550s][info][gc,phases,start] GC(437) Post Compact
[95.551s][info][gc,phases      ] GC(437) Post Compact 0.546ms
[95.551s][info][gc,heap        ] GC(437) PSYoungGen: 32K->0K(694272K)
[95.551s][info][gc,heap        ] GC(437) ParOldGen: 85567K->85487K(1398272K)
[95.551s][info][gc,metaspace   ] GC(437) Metaspace: 20570K(21376K)->20570K(21376K) NonClass: 18162K(18688K)->18162K(18688K) Class: 2408K(2688K)->2408K(2688K)
[95.551s][info][gc             ] GC(437) Pause Full (System.gc()) 83M->83M(2043M) 75.170ms
[95.551s][info][gc,cpu         ] GC(437) User=0.22s Sys=0.00s Real=0.08s
[95.781s][info][gc,start       ] GC(438) Pause Young (Allocation Failure)
[95.782s][info][gc,heap        ] GC(438) PSYoungGen: 690688K->2450K(694784K)
[95.782s][info][gc,heap        ] GC(438) ParOldGen: 85487K->85487K(1398272K)
[95.782s][info][gc,metaspace   ] GC(438) Metaspace: 20570K(21376K)->20570K(21376K) NonClass: 18162K(18688K)->18162K(18688K) Class: 2408K(2688K)->2408K(2688K)
[95.782s][info][gc             ] GC(438) Pause Young (Allocation Failure) 757M->85M(2044M) 1.253ms
[95.782s][info][gc,cpu         ] GC(438) User=0.00s Sys=0.00s Real=0.00s
[96.014s][info][gc,start       ] GC(439) Pause Young (Allocation Failure)
[96.015s][info][gc,heap        ] GC(439) PSYoungGen: 693108K->1675K(694784K)
[96.015s][info][gc,heap        ] GC(439) ParOldGen: 85487K->85503K(1398272K)
[96.015s][info][gc,metaspace   ] GC(439) Metaspace: 20570K(21376K)->20570K(21376K) NonClass: 18162K(18688K)->18162K(18688K) Class: 2408K(2688K)->2408K(2688K)
[96.015s][info][gc             ] GC(439) Pause Young (Allocation Failure) 760M->85M(2044M) 0.829ms
[96.015s][info][gc,cpu         ] GC(439) User=0.00s Sys=0.00s Real=0.00s
[96.249s][info][gc,start       ] GC(440) Pause Young (Allocation Failure)
[96.249s][info][gc,heap        ] GC(440) PSYoungGen: 692363K->1032K(694784K)
[96.249s][info][gc,heap        ] GC(440) ParOldGen: 85503K->85503K(1398272K)
[96.249s][info][gc,metaspace   ] GC(440) Metaspace: 20570K(21376K)->20570K(21376K) NonClass: 18162K(18688K)->18162K(18688K) Class: 2408K(2688K)->2408K(2688K)
[96.249s][info][gc             ] GC(440) Pause Young (Allocation Failure) 759M->84M(2044M) 0.595ms
[96.249s][info][gc,cpu         ] GC(440) User=0.00s Sys=0.00s Real=0.00s
[96.481s][info][gc,start       ] GC(441) Pause Young (Allocation Failure)
[96.481s][info][gc,heap        ] GC(441) PSYoungGen: 691720K->128K(695296K)
[96.481s][info][gc,heap        ] GC(441) ParOldGen: 85503K->85503K(1398272K)
[96.481s][info][gc,metaspace   ] GC(441) Metaspace: 20570K(21376K)->20570K(21376K) NonClass: 18162K(18688K)->18162K(18688K) Class: 2408K(2688K)->2408K(2688K)
[96.481s][info][gc             ] GC(441) Pause Young (Allocation Failure) 759M->83M(2044M) 0.463ms
[96.481s][info][gc,cpu         ] GC(441) User=0.00s Sys=0.00s Real=0.00s
[96.707s][info][gc,start       ] GC(442) Pause Young (Allocation Failure)
[96.708s][info][gc,heap        ] GC(442) PSYoungGen: 691840K->2255K(694272K)
[96.708s][info][gc,heap        ] GC(442) ParOldGen: 85503K->85519K(1398272K)
[96.708s][info][gc,metaspace   ] GC(442) Metaspace: 20570K(21376K)->20570K(21376K) NonClass: 18162K(18688K)->18162K(18688K) Class: 2408K(2688K)->2408K(2688K)
[96.708s][info][gc             ] GC(442) Pause Young (Allocation Failure) 759M->85M(2043M) 0.993ms
[96.708s][info][gc,cpu         ] GC(442) User=0.00s Sys=0.00s Real=0.00s
[96.935s][info][gc,start       ] GC(443) Pause Young (Allocation Failure)
[96.936s][info][gc,heap        ] GC(443) PSYoungGen: 693967K->1978K(694784K)
[96.936s][info][gc,heap        ] GC(443) ParOldGen: 85519K->85519K(1398272K)
[96.936s][info][gc,metaspace   ] GC(443) Metaspace: 20570K(21376K)->20570K(21376K) NonClass: 18162K(18688K)->18162K(18688K) Class: 2408K(2688K)->2408K(2688K)
[96.936s][info][gc             ] GC(443) Pause Young (Allocation Failure) 761M->85M(2044M) 0.947ms
[96.936s][info][gc,cpu         ] GC(443) User=0.00s Sys=0.00s Real=0.00s
[97.166s][info][gc,start       ] GC(444) Pause Young (Allocation Failure)
[97.166s][info][gc,heap        ] GC(444) PSYoungGen: 692666K->1147K(694784K)
[97.166s][info][gc,heap        ] GC(444) ParOldGen: 85519K->85519K(1398272K)
[97.166s][info][gc,metaspace   ] GC(444) Metaspace: 20570K(21376K)->20570K(21376K) NonClass: 18162K(18688K)->18162K(18688K) Class: 2408K(2688K)->2408K(2688K)
[97.166s][info][gc             ] GC(444) Pause Young (Allocation Failure) 759M->84M(2044M) 0.646ms
[97.166s][info][gc,cpu         ] GC(444) User=0.00s Sys=0.00s Real=0.00s
[97.402s][info][gc,start       ] GC(445) Pause Young (Allocation Failure)
[97.402s][info][gc,heap        ] GC(445) PSYoungGen: 691835K->464K(695296K)
[97.402s][info][gc,heap        ] GC(445) ParOldGen: 85519K->85519K(1398272K)
[97.402s][info][gc,metaspace   ] GC(445) Metaspace: 20570K(21376K)->20570K(21376K) NonClass: 18162K(18688K)->18162K(18688K) Class: 2408K(2688K)->2408K(2688K)
[97.402s][info][gc             ] GC(445) Pause Young (Allocation Failure) 759M->83M(2044M) 0.620ms
[97.402s][info][gc,cpu         ] GC(445) User=0.00s Sys=0.00s Real=0.00s
[97.633s][info][gc,start       ] GC(446) Pause Young (Allocation Failure)
[97.634s][info][gc,heap        ] GC(446) PSYoungGen: 692016K->2698K(694784K)
[97.634s][info][gc,heap        ] GC(446) ParOldGen: 85519K->85543K(1398272K)
[97.634s][info][gc,metaspace   ] GC(446) Metaspace: 20570K(21376K)->20570K(21376K) NonClass: 18162K(18688K)->18162K(18688K) Class: 2408K(2688K)->2408K(2688K)
[97.634s][info][gc             ] GC(446) Pause Young (Allocation Failure) 759M->86M(2044M) 1.222ms
[97.634s][info][gc,cpu         ] GC(446) User=0.00s Sys=0.00s Real=0.00s
[97.863s][info][gc,start       ] GC(447) Pause Young (Allocation Failure)
[97.864s][info][gc,heap        ] GC(447) PSYoungGen: 694410K->1947K(694784K)
[97.864s][info][gc,heap        ] GC(447) ParOldGen: 85543K->85543K(1398272K)
[97.864s][info][gc,metaspace   ] GC(447) Metaspace: 20570K(21376K)->20570K(21376K) NonClass: 18162K(18688K)->18162K(18688K) Class: 2408K(2688K)->2408K(2688K)
[97.864s][info][gc             ] GC(447) Pause Young (Allocation Failure) 761M->85M(2044M) 0.939ms
[97.864s][info][gc,cpu         ] GC(447) User=0.00s Sys=0.00s Real=0.00s
[98.092s][info][gc,start       ] GC(448) Pause Young (Allocation Failure)
[98.093s][info][gc,heap        ] GC(448) PSYoungGen: 692635K->1309K(694784K)
[98.093s][info][gc,heap        ] GC(448) ParOldGen: 85543K->85543K(1398272K)
[98.093s][info][gc,metaspace   ] GC(448) Metaspace: 20570K(21376K)->20570K(21376K) NonClass: 18162K(18688K)->18162K(18688K) Class: 2408K(2688K)->2408K(2688K)
[98.093s][info][gc             ] GC(448) Pause Young (Allocation Failure) 759M->84M(2044M) 1.161ms
[98.093s][info][gc,cpu         ] GC(448) User=0.00s Sys=0.00s Real=0.00s
[98.328s][info][gc,start       ] GC(449) Pause Young (Allocation Failure)
[98.328s][info][gc,heap        ] GC(449) PSYoungGen: 691997K->513K(695296K)
[98.328s][info][gc,heap        ] GC(449) ParOldGen: 85543K->85559K(1398272K)
[98.328s][info][gc,metaspace   ] GC(449) Metaspace: 20570K(21376K)->20570K(21376K) NonClass: 18162K(18688K)->18162K(18688K) Class: 2408K(2688K)->2408K(2688K)
[98.328s][info][gc             ] GC(449) Pause Young (Allocation Failure) 759M->84M(2044M) 0.531ms
[98.328s][info][gc,cpu         ] GC(449) User=0.00s Sys=0.00s Real=0.00s
[98.571s][info][gc,start       ] GC(450) Pause Young (Allocation Failure)
[98.573s][info][gc,heap        ] GC(450) PSYoungGen: 692225K->2927K(694784K)
[98.573s][info][gc,heap        ] GC(450) ParOldGen: 85559K->85559K(1398272K)
[98.573s][info][gc,metaspace   ] GC(450) Metaspace: 20570K(21376K)->20570K(21376K) NonClass: 18162K(18688K)->18162K(18688K) Class: 2408K(2688K)->2408K(2688K)
[98.573s][info][gc             ] GC(450) Pause Young (Allocation Failure) 759M->86M(2044M) 1.651ms
[98.573s][info][gc,cpu         ] GC(450) User=0.00s Sys=0.00s Real=0.00s
[98.800s][info][gc,start       ] GC(451) Pause Young (Allocation Failure)
[98.800s][info][gc,heap        ] GC(451) PSYoungGen: 694639K->2285K(694784K)
[98.800s][info][gc,heap        ] GC(451) ParOldGen: 85559K->85559K(1398272K)
[98.800s][info][gc,metaspace   ] GC(451) Metaspace: 20570K(21376K)->20570K(21376K) NonClass: 18162K(18688K)->18162K(18688K) Class: 2408K(2688K)->2408K(2688K)
[98.800s][info][gc             ] GC(451) Pause Young (Allocation Failure) 761M->85M(2044M) 0.669ms
[98.800s][info][gc,cpu         ] GC(451) User=0.00s Sys=0.00s Real=0.00s
[98.930s][info][gc,start       ] GC(452) Pause Young (System.gc())
[98.930s][info][gc,heap        ] GC(452) PSYoungGen: 371745K->64K(694784K)
[98.930s][info][gc,heap        ] GC(452) ParOldGen: 85559K->85559K(1398272K)
[98.930s][info][gc,metaspace   ] GC(452) Metaspace: 20570K(21376K)->20570K(21376K) NonClass: 18162K(18688K)->18162K(18688K) Class: 2408K(2688K)->2408K(2688K)
[98.930s][info][gc             ] GC(452) Pause Young (System.gc()) 446M->83M(2044M) 0.558ms
[98.930s][info][gc,cpu         ] GC(452) User=0.00s Sys=0.00s Real=0.00s
[98.931s][info][gc,start       ] GC(453) Pause Full (System.gc())
[98.931s][info][gc,phases,start] GC(453) Marking Phase
[98.979s][info][gc,phases      ] GC(453) Marking Phase 48.895ms
[98.980s][info][gc,phases,start] GC(453) Summary Phase
[98.980s][info][gc,phases      ] GC(453) Summary Phase 0.012ms
[98.980s][info][gc,phases,start] GC(453) Adjust Roots
[98.981s][info][gc,phases      ] GC(453) Adjust Roots 1.383ms
[98.981s][info][gc,phases,start] GC(453) Compaction Phase
[98.996s][info][gc,phases      ] GC(453) Compaction Phase 15.133ms
[98.996s][info][gc,phases,start] GC(453) Post Compact
[98.997s][info][gc,phases      ] GC(453) Post Compact 0.579ms
[98.997s][info][gc,heap        ] GC(453) PSYoungGen: 64K->0K(694784K)
[98.997s][info][gc,heap        ] GC(453) ParOldGen: 85559K->85487K(1398272K)
[98.997s][info][gc,metaspace   ] GC(453) Metaspace: 20570K(21376K)->20570K(21376K) NonClass: 18162K(18688K)->18162K(18688K) Class: 2408K(2688K)->2408K(2688K)
[98.997s][info][gc             ] GC(453) Pause Full (System.gc()) 83M->83M(2044M) 66.340ms
[98.997s][info][gc,cpu         ] GC(453) User=0.06s Sys=0.00s Real=0.07s
[99.219s][info][gc,start       ] GC(454) Pause Young (Allocation Failure)
[99.220s][info][gc,heap        ] GC(454) PSYoungGen: 690688K->2084K(694784K)
[99.220s][info][gc,heap        ] GC(454) ParOldGen: 85487K->85487K(1398272K)
[99.220s][info][gc,metaspace   ] GC(454) Metaspace: 20580K(21376K)->20580K(21376K) NonClass: 18172K(18688K)->18172K(18688K) Class: 2408K(2688K)->2408K(2688K)
[99.220s][info][gc             ] GC(454) Pause Young (Allocation Failure) 757M->85M(2044M) 1.076ms
[99.220s][info][gc,cpu         ] GC(454) User=0.00s Sys=0.00s Real=0.00s
[99.463s][info][gc,start       ] GC(455) Pause Young (Allocation Failure)
[99.463s][info][gc,heap        ] GC(455) PSYoungGen: 692772K->1804K(694784K)
[99.463s][info][gc,heap        ] GC(455) ParOldGen: 85487K->85511K(1398272K)
[99.463s][info][gc,metaspace   ] GC(455) Metaspace: 20580K(21376K)->20580K(21376K) NonClass: 18172K(18688K)->18172K(18688K) Class: 2408K(2688K)->2408K(2688K)
[99.463s][info][gc             ] GC(455) Pause Young (Allocation Failure) 760M->85M(2044M) 0.673ms
[99.463s][info][gc,cpu         ] GC(455) User=0.00s Sys=0.00s Real=0.00s
[99.696s][info][gc,start       ] GC(456) Pause Young (Allocation Failure)
[99.696s][info][gc,heap        ] GC(456) PSYoungGen: 692492K->1043K(694784K)
[99.696s][info][gc,heap        ] GC(456) ParOldGen: 85511K->85511K(1398272K)
[99.696s][info][gc,metaspace   ] GC(456) Metaspace: 20580K(21376K)->20580K(21376K) NonClass: 18172K(18688K)->18172K(18688K) Class: 2408K(2688K)->2408K(2688K)
[99.696s][info][gc             ] GC(456) Pause Young (Allocation Failure) 759M->84M(2044M) 0.673ms
[99.696s][info][gc,cpu         ] GC(456) User=0.00s Sys=0.00s Real=0.00s
[99.932s][info][gc,start       ] GC(457) Pause Young (Allocation Failure)
[99.933s][info][gc,heap        ] GC(457) PSYoungGen: 691731K->96K(694784K)
[99.933s][info][gc,heap        ] GC(457) ParOldGen: 85511K->85511K(1398272K)
[99.933s][info][gc,metaspace   ] GC(457) Metaspace: 20580K(21376K)->20580K(21376K) NonClass: 18172K(18688K)->18172K(18688K) Class: 2408K(2688K)->2408K(2688K)
[99.933s][info][gc             ] GC(457) Pause Young (Allocation Failure) 759M->83M(2044M) 0.677ms
[99.933s][info][gc,cpu         ] GC(457) User=0.00s Sys=0.00s Real=0.00s
[100.162s][info][gc,start       ] GC(458) Pause Young (Allocation Failure)
[100.163s][info][gc,heap        ] GC(458) PSYoungGen: 690784K->2349K(694784K)
[100.163s][info][gc,heap        ] GC(458) ParOldGen: 85511K->85527K(1398272K)
[100.163s][info][gc,metaspace   ] GC(458) Metaspace: 20580K(21376K)->20580K(21376K) NonClass: 18172K(18688K)->18172K(18688K) Class: 2408K(2688K)->2408K(2688K)
[100.163s][info][gc             ] GC(458) Pause Young (Allocation Failure) 758M->85M(2044M) 1.286ms
[100.163s][info][gc,cpu         ] GC(458) User=0.00s Sys=0.00s Real=0.00s
[100.406s][info][gc,start       ] GC(459) Pause Young (Allocation Failure)
[100.407s][info][gc,heap        ] GC(459) PSYoungGen: 693037K->1765K(694784K)
[100.407s][info][gc,heap        ] GC(459) ParOldGen: 85527K->85527K(1398272K)
[100.407s][info][gc,metaspace   ] GC(459) Metaspace: 20580K(21376K)->20580K(21376K) NonClass: 18172K(18688K)->18172K(18688K) Class: 2408K(2688K)->2408K(2688K)
[100.407s][info][gc             ] GC(459) Pause Young (Allocation Failure) 760M->85M(2044M) 1.116ms
[100.407s][info][gc,cpu         ] GC(459) User=0.00s Sys=0.00s Real=0.00s
[100.645s][info][gc,start       ] GC(460) Pause Young (Allocation Failure)
[100.646s][info][gc,heap        ] GC(460) PSYoungGen: 692453K->798K(695296K)
[100.646s][info][gc,heap        ] GC(460) ParOldGen: 85527K->85527K(1398272K)
[100.646s][info][gc,metaspace   ] GC(460) Metaspace: 20580K(21376K)->20580K(21376K) NonClass: 18172K(18688K)->18172K(18688K) Class: 2408K(2688K)->2408K(2688K)
[100.646s][info][gc             ] GC(460) Pause Young (Allocation Failure) 759M->84M(2044M) 0.740ms
[100.646s][info][gc,cpu         ] GC(460) User=0.00s Sys=0.00s Real=0.00s
[100.884s][info][gc,start       ] GC(461) Pause Young (Allocation Failure)
[100.884s][info][gc,heap        ] GC(461) PSYoungGen: 691998K->160K(694784K)
[100.884s][info][gc,heap        ] GC(461) ParOldGen: 85527K->85527K(1398272K)
[100.884s][info][gc,metaspace   ] GC(461) Metaspace: 20580K(21376K)->20580K(21376K) NonClass: 18172K(18688K)->18172K(18688K) Class: 2408K(2688K)->2408K(2688K)
[100.884s][info][gc             ] GC(461) Pause Young (Allocation Failure) 759M->83M(2044M) 0.471ms
[100.884s][info][gc,cpu         ] GC(461) User=0.00s Sys=0.00s Real=0.00s
[101.118s][info][gc,start       ] GC(462) Pause Young (Allocation Failure)
[101.119s][info][gc,heap        ] GC(462) PSYoungGen: 691360K->2530K(694272K)
[101.119s][info][gc,heap        ] GC(462) ParOldGen: 85527K->85543K(1398272K)
[101.119s][info][gc,metaspace   ] GC(462) Metaspace: 20580K(21376K)->20580K(21376K) NonClass: 18172K(18688K)->18172K(18688K) Class: 2408K(2688K)->2408K(2688K)
[101.119s][info][gc             ] GC(462) Pause Young (Allocation Failure) 758M->86M(2043M) 1.152ms
[101.119s][info][gc,cpu         ] GC(462) User=0.00s Sys=0.00s Real=0.00s
[101.357s][info][gc,start       ] GC(463) Pause Young (Allocation Failure)
[101.357s][info][gc,heap        ] GC(463) PSYoungGen: 693218K->1762K(694784K)
[101.357s][info][gc,heap        ] GC(463) ParOldGen: 85543K->85543K(1398272K)
[101.357s][info][gc,metaspace   ] GC(463) Metaspace: 20580K(21376K)->20580K(21376K) NonClass: 18172K(18688K)->18172K(18688K) Class: 2408K(2688K)->2408K(2688K)
[101.357s][info][gc             ] GC(463) Pause Young (Allocation Failure) 760M->85M(2044M) 0.890ms
[101.358s][info][gc,cpu         ] GC(463) User=0.00s Sys=0.00s Real=0.00s
[101.605s][info][gc,start       ] GC(464) Pause Young (Allocation Failure)
[101.606s][info][gc,heap        ] GC(464) PSYoungGen: 692450K->1019K(695296K)
[101.606s][info][gc,heap        ] GC(464) ParOldGen: 85543K->85543K(1398272K)
[101.606s][info][gc,metaspace   ] GC(464) Metaspace: 20580K(21376K)->20580K(21376K) NonClass: 18172K(18688K)->18172K(18688K) Class: 2408K(2688K)->2408K(2688K)
[101.606s][info][gc             ] GC(464) Pause Young (Allocation Failure) 759M->84M(2044M) 1.161ms
[101.606s][info][gc,cpu         ] GC(464) User=0.00s Sys=0.00s Real=0.00s
[101.842s][info][gc,start       ] GC(465) Pause Young (Allocation Failure)
[101.843s][info][gc,heap        ] GC(465) PSYoungGen: 692219K->224K(694784K)
[101.843s][info][gc,heap        ] GC(465) ParOldGen: 85543K->85559K(1398272K)
[101.843s][info][gc,metaspace   ] GC(465) Metaspace: 20580K(21376K)->20580K(21376K) NonClass: 18172K(18688K)->18172K(18688K) Class: 2408K(2688K)->2408K(2688K)
[101.843s][info][gc             ] GC(465) Pause Young (Allocation Failure) 759M->83M(2044M) 0.621ms
[101.843s][info][gc,cpu         ] GC(465) User=0.00s Sys=0.00s Real=0.00s
[102.079s][info][gc,start       ] GC(466) Pause Young (Allocation Failure)
[102.080s][info][gc,heap        ] GC(466) PSYoungGen: 691424K->2349K(694272K)
[102.080s][info][gc,heap        ] GC(466) ParOldGen: 85559K->85559K(1398272K)
[102.080s][info][gc,metaspace   ] GC(466) Metaspace: 20580K(21376K)->20580K(21376K) NonClass: 18172K(18688K)->18172K(18688K) Class: 2408K(2688K)->2408K(2688K)
[102.080s][info][gc             ] GC(466) Pause Young (Allocation Failure) 758M->85M(2043M) 1.220ms
[102.080s][info][gc,cpu         ] GC(466) User=0.00s Sys=0.00s Real=0.00s
[102.333s][info][gc,start       ] GC(467) Pause Young (Allocation Failure)
[102.333s][info][gc,heap        ] GC(467) PSYoungGen: 693037K->1848K(694784K)
[102.334s][info][gc,heap        ] GC(467) ParOldGen: 85559K->85559K(1398272K)
[102.334s][info][gc,metaspace   ] GC(467) Metaspace: 20580K(21376K)->20580K(21376K) NonClass: 18172K(18688K)->18172K(18688K) Class: 2408K(2688K)->2408K(2688K)
[102.334s][info][gc             ] GC(467) Pause Young (Allocation Failure) 760M->85M(2044M) 0.864ms
[102.334s][info][gc,cpu         ] GC(467) User=0.00s Sys=0.00s Real=0.00s
[102.466s][info][gc,start       ] GC(468) Pause Young (System.gc())
[102.467s][info][gc,heap        ] GC(468) PSYoungGen: 380193K->128K(694784K)
[102.467s][info][gc,heap        ] GC(468) ParOldGen: 85559K->85559K(1398272K)
[102.467s][info][gc,metaspace   ] GC(468) Metaspace: 20580K(21376K)->20580K(21376K) NonClass: 18172K(18688K)->18172K(18688K) Class: 2408K(2688K)->2408K(2688K)
[102.467s][info][gc             ] GC(468) Pause Young (System.gc()) 454M->83M(2044M) 0.482ms
[102.467s][info][gc,cpu         ] GC(468) User=0.02s Sys=0.00s Real=0.00s
[102.467s][info][gc,start       ] GC(469) Pause Full (System.gc())
[102.467s][info][gc,phases,start] GC(469) Marking Phase
[102.526s][info][gc,phases      ] GC(469) Marking Phase 59.434ms
[102.526s][info][gc,phases,start] GC(469) Summary Phase
[102.526s][info][gc,phases      ] GC(469) Summary Phase 0.012ms
[102.526s][info][gc,phases,start] GC(469) Adjust Roots
[102.528s][info][gc,phases      ] GC(469) Adjust Roots 1.354ms
[102.528s][info][gc,phases,start] GC(469) Compaction Phase
[102.542s][info][gc,phases      ] GC(469) Compaction Phase 14.491ms
[102.542s][info][gc,phases,start] GC(469) Post Compact
[102.543s][info][gc,phases      ] GC(469) Post Compact 0.705ms
[102.543s][info][gc,heap        ] GC(469) PSYoungGen: 128K->0K(694784K)
[102.543s][info][gc,heap        ] GC(469) ParOldGen: 85559K->85487K(1398272K)
[102.543s][info][gc,metaspace   ] GC(469) Metaspace: 20580K(21376K)->20580K(21376K) NonClass: 18172K(18688K)->18172K(18688K) Class: 2408K(2688K)->2408K(2688K)
[102.543s][info][gc             ] GC(469) Pause Full (System.gc()) 83M->83M(2044M) 76.258ms
[102.543s][info][gc,cpu         ] GC(469) User=0.30s Sys=0.00s Real=0.08s
[102.777s][info][gc,start       ] GC(470) Pause Young (Allocation Failure)
[102.778s][info][gc,heap        ] GC(470) PSYoungGen: 690688K->2175K(694784K)
[102.778s][info][gc,heap        ] GC(470) ParOldGen: 85487K->85487K(1398272K)
[102.778s][info][gc,metaspace   ] GC(470) Metaspace: 20585K(21376K)->20585K(21376K) NonClass: 18177K(18688K)->18177K(18688K) Class: 2408K(2688K)->2408K(2688K)
[102.778s][info][gc             ] GC(470) Pause Young (Allocation Failure) 757M->85M(2044M) 0.835ms
[102.778s][info][gc,cpu         ] GC(470) User=0.00s Sys=0.00s Real=0.00s
[103.009s][info][gc,start       ] GC(471) Pause Young (Allocation Failure)
[103.010s][info][gc,heap        ] GC(471) PSYoungGen: 692863K->1742K(694784K)
[103.010s][info][gc,heap        ] GC(471) ParOldGen: 85487K->85503K(1398272K)
[103.010s][info][gc,metaspace   ] GC(471) Metaspace: 20585K(21376K)->20585K(21376K) NonClass: 18177K(18688K)->18177K(18688K) Class: 2408K(2688K)->2408K(2688K)
[103.010s][info][gc             ] GC(471) Pause Young (Allocation Failure) 760M->85M(2044M) 1.277ms
[103.010s][info][gc,cpu         ] GC(471) User=0.00s Sys=0.00s Real=0.00s
[103.242s][info][gc,start       ] GC(472) Pause Young (Allocation Failure)
[103.243s][info][gc,heap        ] GC(472) PSYoungGen: 692430K->804K(694784K)
[103.243s][info][gc,heap        ] GC(472) ParOldGen: 85503K->85503K(1398272K)
[103.243s][info][gc,metaspace   ] GC(472) Metaspace: 20585K(21376K)->20585K(21376K) NonClass: 18177K(18688K)->18177K(18688K) Class: 2408K(2688K)->2408K(2688K)
[103.243s][info][gc             ] GC(472) Pause Young (Allocation Failure) 759M->84M(2044M) 1.318ms
[103.243s][info][gc,cpu         ] GC(472) User=0.00s Sys=0.00s Real=0.00s
[103.480s][info][gc,start       ] GC(473) Pause Young (Allocation Failure)
[103.481s][info][gc,heap        ] GC(473) PSYoungGen: 691254K->2795K(694272K)
[103.481s][info][gc,heap        ] GC(473) ParOldGen: 85503K->85503K(1398272K)
[103.481s][info][gc,metaspace   ] GC(473) Metaspace: 20585K(21376K)->20585K(21376K) NonClass: 18177K(18688K)->18177K(18688K) Class: 2408K(2688K)->2408K(2688K)
[103.481s][info][gc             ] GC(473) Pause Young (Allocation Failure) 758M->86M(2043M) 1.427ms
[103.481s][info][gc,cpu         ] GC(473) User=0.00s Sys=0.00s Real=0.00s
[103.717s][info][gc,start       ] GC(474) Pause Young (Allocation Failure)
[103.717s][info][gc,heap        ] GC(474) PSYoungGen: 693483K->2292K(694784K)
[103.717s][info][gc,heap        ] GC(474) ParOldGen: 85503K->85519K(1398272K)
[103.717s][info][gc,metaspace   ] GC(474) Metaspace: 20585K(21376K)->20585K(21376K) NonClass: 18177K(18688K)->18177K(18688K) Class: 2408K(2688K)->2408K(2688K)
[103.717s][info][gc             ] GC(474) Pause Young (Allocation Failure) 760M->85M(2044M) 0.787ms
[103.717s][info][gc,cpu         ] GC(474) User=0.00s Sys=0.00s Real=0.00s
[103.949s][info][gc,start       ] GC(475) Pause Young (Allocation Failure)
[103.949s][info][gc,heap        ] GC(475) PSYoungGen: 692980K->1675K(694784K)
[103.949s][info][gc,heap        ] GC(475) ParOldGen: 85519K->85519K(1398272K)
[103.949s][info][gc,metaspace   ] GC(475) Metaspace: 20585K(21376K)->20585K(21376K) NonClass: 18177K(18688K)->18177K(18688K) Class: 2408K(2688K)->2408K(2688K)
[103.949s][info][gc             ] GC(475) Pause Young (Allocation Failure) 760M->85M(2044M) 0.661ms
[103.949s][info][gc,cpu         ] GC(475) User=0.00s Sys=0.00s Real=0.00s
[104.178s][info][gc,start       ] GC(476) Pause Young (Allocation Failure)
[104.179s][info][gc,heap        ] GC(476) PSYoungGen: 692363K->930K(694784K)
[104.179s][info][gc,heap        ] GC(476) ParOldGen: 85519K->85519K(1398272K)
[104.179s][info][gc,metaspace   ] GC(476) Metaspace: 20585K(21376K)->20585K(21376K) NonClass: 18177K(18688K)->18177K(18688K) Class: 2408K(2688K)->2408K(2688K)
[104.179s][info][gc             ] GC(476) Pause Young (Allocation Failure) 759M->84M(2044M) 0.708ms
[104.179s][info][gc,cpu         ] GC(476) User=0.00s Sys=0.00s Real=0.00s
[104.421s][info][gc,start       ] GC(477) Pause Young (Allocation Failure)
[104.423s][info][gc,heap        ] GC(477) PSYoungGen: 691364K->2960K(694272K)
[104.423s][info][gc,heap        ] GC(477) ParOldGen: 85519K->85519K(1398272K)
[104.423s][info][gc,metaspace   ] GC(477) Metaspace: 20585K(21376K)->20585K(21376K) NonClass: 18177K(18688K)->18177K(18688K) Class: 2408K(2688K)->2408K(2688K)
[104.423s][info][gc             ] GC(477) Pause Young (Allocation Failure) 758M->86M(2043M) 2.295ms
[104.423s][info][gc,cpu         ] GC(477) User=0.00s Sys=0.00s Real=0.00s
[104.668s][info][gc,start       ] GC(478) Pause Young (Allocation Failure)
[104.670s][info][gc,heap        ] GC(478) PSYoungGen: 693648K->2366K(694784K)
[104.670s][info][gc,heap        ] GC(478) ParOldGen: 85519K->85543K(1398272K)
[104.670s][info][gc,metaspace   ] GC(478) Metaspace: 20585K(21376K)->20585K(21376K) NonClass: 18177K(18688K)->18177K(18688K) Class: 2408K(2688K)->2408K(2688K)
[104.670s][info][gc             ] GC(478) Pause Young (Allocation Failure) 760M->85M(2044M) 1.540ms
[104.670s][info][gc,cpu         ] GC(478) User=0.00s Sys=0.00s Real=0.00s
[104.911s][info][gc,start       ] GC(479) Pause Young (Allocation Failure)
[104.912s][info][gc,heap        ] GC(479) PSYoungGen: 693054K->1812K(694784K)
[104.912s][info][gc,heap        ] GC(479) ParOldGen: 85543K->85543K(1398272K)
[104.912s][info][gc,metaspace   ] GC(479) Metaspace: 20585K(21376K)->20585K(21376K) NonClass: 18177K(18688K)->18177K(18688K) Class: 2408K(2688K)->2408K(2688K)
[104.912s][info][gc             ] GC(479) Pause Young (Allocation Failure) 760M->85M(2044M) 0.724ms
[104.912s][info][gc,cpu         ] GC(479) User=0.00s Sys=0.00s Real=0.00s
[105.148s][info][gc,start       ] GC(480) Pause Young (Allocation Failure)
[105.148s][info][gc,heap        ] GC(480) PSYoungGen: 692500K->1080K(694784K)
[105.148s][info][gc,heap        ] GC(480) ParOldGen: 85543K->85543K(1398272K)
[105.148s][info][gc,metaspace   ] GC(480) Metaspace: 20585K(21376K)->20585K(21376K) NonClass: 18177K(18688K)->18177K(18688K) Class: 2408K(2688K)->2408K(2688K)
[105.148s][info][gc             ] GC(480) Pause Young (Allocation Failure) 759M->84M(2044M) 0.726ms
[105.148s][info][gc,cpu         ] GC(480) User=0.00s Sys=0.00s Real=0.00s
[105.384s][info][gc,start       ] GC(481) Pause Young (Allocation Failure)
[105.385s][info][gc,heap        ] GC(481) PSYoungGen: 691768K->288K(694784K)
[105.385s][info][gc,heap        ] GC(481) ParOldGen: 85543K->85567K(1398272K)
[105.385s][info][gc,metaspace   ] GC(481) Metaspace: 20585K(21376K)->20585K(21376K) NonClass: 18177K(18688K)->18177K(18688K) Class: 2408K(2688K)->2408K(2688K)
[105.385s][info][gc             ] GC(481) Pause Young (Allocation Failure) 759M->83M(2044M) 1.365ms
[105.385s][info][gc,cpu         ] GC(481) User=0.00s Sys=0.00s Real=0.00s
[105.623s][info][gc,start       ] GC(482) Pause Young (Allocation Failure)
[105.624s][info][gc,heap        ] GC(482) PSYoungGen: 690976K->2468K(694784K)
[105.624s][info][gc,heap        ] GC(482) ParOldGen: 85567K->85567K(1398272K)
[105.624s][info][gc,metaspace   ] GC(482) Metaspace: 20585K(21376K)->20585K(21376K) NonClass: 18177K(18688K)->18177K(18688K) Class: 2408K(2688K)->2408K(2688K)
[105.624s][info][gc             ] GC(482) Pause Young (Allocation Failure) 758M->85M(2044M) 1.252ms
[105.624s][info][gc,cpu         ] GC(482) User=0.00s Sys=0.00s Real=0.00s
[105.863s][info][gc,start       ] GC(483) Pause Young (Allocation Failure)
[105.864s][info][gc,heap        ] GC(483) PSYoungGen: 693156K->1904K(694784K)
[105.864s][info][gc,heap        ] GC(483) ParOldGen: 85567K->85567K(1398272K)
[105.864s][info][gc,metaspace   ] GC(483) Metaspace: 20585K(21376K)->20585K(21376K) NonClass: 18177K(18688K)->18177K(18688K) Class: 2408K(2688K)->2408K(2688K)
[105.864s][info][gc             ] GC(483) Pause Young (Allocation Failure) 760M->85M(2044M) 0.813ms
[105.864s][info][gc,cpu         ] GC(483) User=0.00s Sys=0.00s Real=0.00s
[105.996s][info][gc,start       ] GC(484) Pause Young (System.gc())
[105.997s][info][gc,heap        ] GC(484) PSYoungGen: 377701K->32K(694784K)
[105.997s][info][gc,heap        ] GC(484) ParOldGen: 85567K->85567K(1398272K)
[105.997s][info][gc,metaspace   ] GC(484) Metaspace: 20585K(21376K)->20585K(21376K) NonClass: 18177K(18688K)->18177K(18688K) Class: 2408K(2688K)->2408K(2688K)
[105.997s][info][gc             ] GC(484) Pause Young (System.gc()) 452M->83M(2044M) 1.164ms
[105.997s][info][gc,cpu         ] GC(484) User=0.00s Sys=0.00s Real=0.00s
[105.997s][info][gc,start       ] GC(485) Pause Full (System.gc())
[105.997s][info][gc,phases,start] GC(485) Marking Phase
[106.055s][info][gc,phases      ] GC(485) Marking Phase 57.934ms
[106.055s][info][gc,phases,start] GC(485) Summary Phase
[106.055s][info][gc,phases      ] GC(485) Summary Phase 0.011ms
[106.055s][info][gc,phases,start] GC(485) Adjust Roots
[106.056s][info][gc,phases      ] GC(485) Adjust Roots 1.375ms
[106.056s][info][gc,phases,start] GC(485) Compaction Phase
[106.069s][info][gc,phases      ] GC(485) Compaction Phase 12.591ms
[106.069s][info][gc,phases,start] GC(485) Post Compact
[106.069s][info][gc,phases      ] GC(485) Post Compact 0.476ms
[106.069s][info][gc,heap        ] GC(485) PSYoungGen: 32K->0K(694784K)
[106.069s][info][gc,heap        ] GC(485) ParOldGen: 85567K->85487K(1398272K)
[106.069s][info][gc,metaspace   ] GC(485) Metaspace: 20585K(21376K)->20585K(21376K) NonClass: 18177K(18688K)->18177K(18688K) Class: 2408K(2688K)->2408K(2688K)
[106.070s][info][gc             ] GC(485) Pause Full (System.gc()) 83M->83M(2044M) 72.635ms
[106.070s][info][gc,cpu         ] GC(485) User=0.39s Sys=0.00s Real=0.07s
[106.312s][info][gc,start       ] GC(486) Pause Young (Allocation Failure)
[106.313s][info][gc,heap        ] GC(486) PSYoungGen: 690688K->2176K(694784K)
[106.313s][info][gc,heap        ] GC(486) ParOldGen: 85487K->85487K(1398272K)
[106.313s][info][gc,metaspace   ] GC(486) Metaspace: 20585K(21376K)->20585K(21376K) NonClass: 18177K(18688K)->18177K(18688K) Class: 2408K(2688K)->2408K(2688K)
[106.313s][info][gc             ] GC(486) Pause Young (Allocation Failure) 757M->85M(2044M) 1.001ms
[106.313s][info][gc,cpu         ] GC(486) User=0.00s Sys=0.00s Real=0.00s
[106.555s][info][gc,start       ] GC(487) Pause Young (Allocation Failure)
[106.556s][info][gc,heap        ] GC(487) PSYoungGen: 692864K->1478K(694784K)
[106.556s][info][gc,heap        ] GC(487) ParOldGen: 85487K->85511K(1398272K)
[106.556s][info][gc,metaspace   ] GC(487) Metaspace: 20585K(21376K)->20585K(21376K) NonClass: 18177K(18688K)->18177K(18688K) Class: 2408K(2688K)->2408K(2688K)
[106.556s][info][gc             ] GC(487) Pause Young (Allocation Failure) 760M->84M(2044M) 0.974ms
[106.556s][info][gc,cpu         ] GC(487) User=0.00s Sys=0.00s Real=0.00s
[106.801s][info][gc,start       ] GC(488) Pause Young (Allocation Failure)
[106.802s][info][gc,heap        ] GC(488) PSYoungGen: 692166K->821K(695296K)
[106.802s][info][gc,heap        ] GC(488) ParOldGen: 85511K->85511K(1398272K)
[106.802s][info][gc,metaspace   ] GC(488) Metaspace: 20585K(21376K)->20585K(21376K) NonClass: 18177K(18688K)->18177K(18688K) Class: 2408K(2688K)->2408K(2688K)
[106.802s][info][gc             ] GC(488) Pause Young (Allocation Failure) 759M->84M(2044M) 1.030ms
[106.802s][info][gc,cpu         ] GC(488) User=0.00s Sys=0.00s Real=0.00s
[107.052s][info][gc,start       ] GC(489) Pause Young (Allocation Failure)
[107.054s][info][gc,heap        ] GC(489) PSYoungGen: 692021K->3021K(694784K)
[107.054s][info][gc,heap        ] GC(489) ParOldGen: 85511K->85511K(1398272K)
[107.054s][info][gc,metaspace   ] GC(489) Metaspace: 20585K(21376K)->20585K(21376K) NonClass: 18177K(18688K)->18177K(18688K) Class: 2408K(2688K)->2408K(2688K)
[107.054s][info][gc             ] GC(489) Pause Young (Allocation Failure) 759M->86M(2044M) 1.646ms
[107.054s][info][gc,cpu         ] GC(489) User=0.00s Sys=0.00s Real=0.00s
[107.287s][info][gc,start       ] GC(490) Pause Young (Allocation Failure)
[107.288s][info][gc,heap        ] GC(490) PSYoungGen: 694221K->2614K(694784K)
[107.288s][info][gc,heap        ] GC(490) ParOldGen: 85511K->85535K(1398272K)
[107.288s][info][gc,metaspace   ] GC(490) Metaspace: 20585K(21376K)->20585K(21376K) NonClass: 18177K(18688K)->18177K(18688K) Class: 2408K(2688K)->2408K(2688K)
[107.288s][info][gc             ] GC(490) Pause Young (Allocation Failure) 761M->86M(2044M) 1.102ms
[107.288s][info][gc,cpu         ] GC(490) User=0.00s Sys=0.00s Real=0.00s
[107.524s][info][gc,start       ] GC(491) Pause Young (Allocation Failure)
[107.525s][info][gc,heap        ] GC(491) PSYoungGen: 693302K->1738K(694784K)
[107.525s][info][gc,heap        ] GC(491) ParOldGen: 85535K->85535K(1398272K)
[107.525s][info][gc,metaspace   ] GC(491) Metaspace: 20585K(21376K)->20585K(21376K) NonClass: 18177K(18688K)->18177K(18688K) Class: 2408K(2688K)->2408K(2688K)
[107.525s][info][gc             ] GC(491) Pause Young (Allocation Failure) 760M->85M(2044M) 0.768ms
[107.525s][info][gc,cpu         ] GC(491) User=0.00s Sys=0.00s Real=0.00s
[107.752s][info][gc,start       ] GC(492) Pause Young (Allocation Failure)
[107.753s][info][gc,heap        ] GC(492) PSYoungGen: 692426K->1160K(694784K)
[107.753s][info][gc,heap        ] GC(492) ParOldGen: 85535K->85535K(1398272K)
[107.753s][info][gc,metaspace   ] GC(492) Metaspace: 20585K(21376K)->20585K(21376K) NonClass: 18177K(18688K)->18177K(18688K) Class: 2408K(2688K)->2408K(2688K)
[107.753s][info][gc             ] GC(492) Pause Young (Allocation Failure) 759M->84M(2044M) 1.071ms
[107.753s][info][gc,cpu         ] GC(492) User=0.00s Sys=0.00s Real=0.00s
[107.980s][info][gc,start       ] GC(493) Pause Young (Allocation Failure)
[107.980s][info][gc,heap        ] GC(493) PSYoungGen: 691848K->384K(694784K)
[107.980s][info][gc,heap        ] GC(493) ParOldGen: 85535K->85535K(1398272K)
[107.980s][info][gc,metaspace   ] GC(493) Metaspace: 20585K(21376K)->20585K(21376K) NonClass: 18177K(18688K)->18177K(18688K) Class: 2408K(2688K)->2408K(2688K)
[107.980s][info][gc             ] GC(493) Pause Young (Allocation Failure) 759M->83M(2044M) 0.562ms
[107.980s][info][gc,cpu         ] GC(493) User=0.00s Sys=0.00s Real=0.00s
[108.210s][info][gc,start       ] GC(494) Pause Young (Allocation Failure)
[108.211s][info][gc,heap        ] GC(494) PSYoungGen: 691072K->2297K(694784K)
[108.211s][info][gc,heap        ] GC(494) ParOldGen: 85535K->85559K(1398272K)
[108.211s][info][gc,metaspace   ] GC(494) Metaspace: 20585K(21376K)->20585K(21376K) NonClass: 18177K(18688K)->18177K(18688K) Class: 2408K(2688K)->2408K(2688K)
[108.211s][info][gc             ] GC(494) Pause Young (Allocation Failure) 758M->85M(2044M) 0.876ms
[108.211s][info][gc,cpu         ] GC(494) User=0.00s Sys=0.00s Real=0.00s
[108.446s][info][gc,start       ] GC(495) Pause Young (Allocation Failure)
[108.447s][info][gc,heap        ] GC(495) PSYoungGen: 692985K->1792K(694784K)
[108.447s][info][gc,heap        ] GC(495) ParOldGen: 85559K->85559K(1398272K)
[108.447s][info][gc,metaspace   ] GC(495) Metaspace: 20585K(21376K)->20585K(21376K) NonClass: 18177K(18688K)->18177K(18688K) Class: 2408K(2688K)->2408K(2688K)
[108.447s][info][gc             ] GC(495) Pause Young (Allocation Failure) 760M->85M(2044M) 0.937ms
[108.447s][info][gc,cpu         ] GC(495) User=0.00s Sys=0.00s Real=0.00s
[108.680s][info][gc,start       ] GC(496) Pause Young (Allocation Failure)
[108.681s][info][gc,heap        ] GC(496) PSYoungGen: 692480K->1173K(695296K)
[108.681s][info][gc,heap        ] GC(496) ParOldGen: 85559K->85559K(1398272K)
[108.681s][info][gc,metaspace   ] GC(496) Metaspace: 20585K(21376K)->20585K(21376K) NonClass: 18177K(18688K)->18177K(18688K) Class: 2408K(2688K)->2408K(2688K)
[108.681s][info][gc             ] GC(496) Pause Young (Allocation Failure) 759M->84M(2044M) 0.860ms
[108.681s][info][gc,cpu         ] GC(496) User=0.00s Sys=0.00s Real=0.00s
[108.922s][info][gc,start       ] GC(497) Pause Young (Allocation Failure)
[108.922s][info][gc,heap        ] GC(497) PSYoungGen: 692373K->320K(694784K)
[108.922s][info][gc,heap        ] GC(497) ParOldGen: 85559K->85567K(1398272K)
[108.922s][info][gc,metaspace   ] GC(497) Metaspace: 20585K(21376K)->20585K(21376K) NonClass: 18177K(18688K)->18177K(18688K) Class: 2408K(2688K)->2408K(2688K)
[108.922s][info][gc             ] GC(497) Pause Young (Allocation Failure) 759M->83M(2044M) 0.480ms
[108.922s][info][gc,cpu         ] GC(497) User=0.00s Sys=0.00s Real=0.00s
[109.141s][info][gc,start       ] GC(498) Pause Young (Allocation Failure)
[109.142s][info][gc,heap        ] GC(498) PSYoungGen: 691514K->2657K(694272K)
[109.142s][info][gc,heap        ] GC(498) ParOldGen: 85567K->85567K(1398272K)
[109.142s][info][gc,metaspace   ] GC(498) Metaspace: 20585K(21376K)->20585K(21376K) NonClass: 18177K(18688K)->18177K(18688K) Class: 2408K(2688K)->2408K(2688K)
[109.142s][info][gc             ] GC(498) Pause Young (Allocation Failure) 758M->86M(2043M) 1.065ms
[109.142s][info][gc,cpu         ] GC(498) User=0.00s Sys=0.00s Real=0.00s
[109.371s][info][gc,start       ] GC(499) Pause Young (Allocation Failure)
[109.372s][info][gc,heap        ] GC(499) PSYoungGen: 693345K->1835K(694784K)
[109.372s][info][gc,heap        ] GC(499) ParOldGen: 85567K->85567K(1398272K)
[109.372s][info][gc,metaspace   ] GC(499) Metaspace: 20585K(21376K)->20585K(21376K) NonClass: 18177K(18688K)->18177K(18688K) Class: 2408K(2688K)->2408K(2688K)
[109.372s][info][gc             ] GC(499) Pause Young (Allocation Failure) 760M->85M(2044M) 0.607ms
[109.372s][info][gc,cpu         ] GC(499) User=0.00s Sys=0.00s Real=0.00s
[109.505s][info][gc,start       ] GC(500) Pause Young (System.gc())
[109.506s][info][gc,heap        ] GC(500) PSYoungGen: 375805K->96K(694784K)
[109.506s][info][gc,heap        ] GC(500) ParOldGen: 85567K->85567K(1398272K)
[109.506s][info][gc,metaspace   ] GC(500) Metaspace: 20586K(21376K)->20586K(21376K) NonClass: 18177K(18688K)->18177K(18688K) Class: 2408K(2688K)->2408K(2688K)
[109.506s][info][gc             ] GC(500) Pause Young (System.gc()) 450M->83M(2044M) 0.397ms
[109.506s][info][gc,cpu         ] GC(500) User=0.00s Sys=0.00s Real=0.00s
[109.506s][info][gc,start       ] GC(501) Pause Full (System.gc())
[109.506s][info][gc,phases,start] GC(501) Marking Phase
[109.554s][info][gc,phases      ] GC(501) Marking Phase 48.360ms
[109.554s][info][gc,phases,start] GC(501) Summary Phase
[109.554s][info][gc,phases      ] GC(501) Summary Phase 0.029ms
[109.554s][info][gc,phases,start] GC(501) Adjust Roots
[109.556s][info][gc,phases      ] GC(501) Adjust Roots 1.932ms
[109.556s][info][gc,phases,start] GC(501) Compaction Phase
[109.570s][info][gc,phases      ] GC(501) Compaction Phase 13.755ms
[109.570s][info][gc,phases,start] GC(501) Post Compact
[109.571s][info][gc,phases      ] GC(501) Post Compact 0.563ms
[109.571s][info][gc,heap        ] GC(501) PSYoungGen: 96K->0K(694784K)
[109.571s][info][gc,heap        ] GC(501) ParOldGen: 85567K->85487K(1398272K)
[109.571s][info][gc,metaspace   ] GC(501) Metaspace: 20586K(21376K)->20586K(21376K) NonClass: 18177K(18688K)->18177K(18688K) Class: 2408K(2688K)->2408K(2688K)
[109.571s][info][gc             ] GC(501) Pause Full (System.gc()) 83M->83M(2044M) 65.015ms
[109.571s][info][gc,cpu         ] GC(501) User=0.06s Sys=0.00s Real=0.07s
[109.800s][info][gc,start       ] GC(502) Pause Young (Allocation Failure)
[109.801s][info][gc,heap        ] GC(502) PSYoungGen: 690688K->2533K(694784K)
[109.801s][info][gc,heap        ] GC(502) ParOldGen: 85487K->85487K(1398272K)
[109.801s][info][gc,metaspace   ] GC(502) Metaspace: 20586K(21376K)->20586K(21376K) NonClass: 18177K(18688K)->18177K(18688K) Class: 2408K(2688K)->2408K(2688K)
[109.801s][info][gc             ] GC(502) Pause Young (Allocation Failure) 757M->85M(2044M) 0.928ms
[109.801s][info][gc,cpu         ] GC(502) User=0.00s Sys=0.00s Real=0.00s
[110.037s][info][gc,start       ] GC(503) Pause Young (Allocation Failure)
[110.038s][info][gc,heap        ] GC(503) PSYoungGen: 693221K->1568K(694784K)
[110.038s][info][gc,heap        ] GC(503) ParOldGen: 85487K->85495K(1398272K)
[110.038s][info][gc,metaspace   ] GC(503) Metaspace: 20586K(21376K)->20586K(21376K) NonClass: 18177K(18688K)->18177K(18688K) Class: 2408K(2688K)->2408K(2688K)
[110.038s][info][gc             ] GC(503) Pause Young (Allocation Failure) 760M->85M(2044M) 1.045ms
[110.038s][info][gc,cpu         ] GC(503) User=0.00s Sys=0.00s Real=0.00s
[110.272s][info][gc,start       ] GC(504) Pause Young (Allocation Failure)
[110.273s][info][gc,heap        ] GC(504) PSYoungGen: 692256K->1015K(694784K)
[110.273s][info][gc,heap        ] GC(504) ParOldGen: 85495K->85495K(1398272K)
[110.273s][info][gc,metaspace   ] GC(504) Metaspace: 20586K(21376K)->20586K(21376K) NonClass: 18177K(18688K)->18177K(18688K) Class: 2408K(2688K)->2408K(2688K)
[110.273s][info][gc             ] GC(504) Pause Young (Allocation Failure) 759M->84M(2044M) 0.689ms
[110.273s][info][gc,cpu         ] GC(504) User=0.00s Sys=0.00s Real=0.00s
[110.522s][info][gc,start       ] GC(505) Pause Young (Allocation Failure)
[110.522s][info][gc,heap        ] GC(505) PSYoungGen: 691703K->192K(695296K)
[110.522s][info][gc,heap        ] GC(505) ParOldGen: 85495K->85495K(1398272K)
[110.522s][info][gc,metaspace   ] GC(505) Metaspace: 20586K(21376K)->20586K(21376K) NonClass: 18177K(18688K)->18177K(18688K) Class: 2408K(2688K)->2408K(2688K)
[110.522s][info][gc             ] GC(505) Pause Young (Allocation Failure) 758M->83M(2044M) 0.478ms
[110.522s][info][gc,cpu         ] GC(505) User=0.00s Sys=0.00s Real=0.00s
[110.760s][info][gc,start       ] GC(506) Pause Young (Allocation Failure)
[110.761s][info][gc,heap        ] GC(506) PSYoungGen: 691884K->2731K(694784K)
[110.761s][info][gc,heap        ] GC(506) ParOldGen: 85495K->85511K(1398272K)
[110.761s][info][gc,metaspace   ] GC(506) Metaspace: 20586K(21376K)->20586K(21376K) NonClass: 18177K(18688K)->18177K(18688K) Class: 2408K(2688K)->2408K(2688K)
[110.761s][info][gc             ] GC(506) Pause Young (Allocation Failure) 759M->86M(2044M) 1.046ms
[110.761s][info][gc,cpu         ] GC(506) User=0.00s Sys=0.00s Real=0.00s
[111.014s][info][gc,start       ] GC(507) Pause Young (Allocation Failure)
[111.015s][info][gc,heap        ] GC(507) PSYoungGen: 694443K->1823K(694784K)
[111.015s][info][gc,heap        ] GC(507) ParOldGen: 85511K->85511K(1398272K)
[111.015s][info][gc,metaspace   ] GC(507) Metaspace: 20586K(21376K)->20586K(21376K) NonClass: 18177K(18688K)->18177K(18688K) Class: 2408K(2688K)->2408K(2688K)
[111.015s][info][gc             ] GC(507) Pause Young (Allocation Failure) 761M->85M(2044M) 0.921ms
[111.015s][info][gc,cpu         ] GC(507) User=0.00s Sys=0.00s Real=0.00s
[111.256s][info][gc,start       ] GC(508) Pause Young (Allocation Failure)
[111.257s][info][gc,heap        ] GC(508) PSYoungGen: 692511K->1218K(694784K)
[111.257s][info][gc,heap        ] GC(508) ParOldGen: 85511K->85511K(1398272K)
[111.257s][info][gc,metaspace   ] GC(508) Metaspace: 20586K(21376K)->20586K(21376K) NonClass: 18177K(18688K)->18177K(18688K) Class: 2408K(2688K)->2408K(2688K)
[111.257s][info][gc             ] GC(508) Pause Young (Allocation Failure) 759M->84M(2044M) 0.745ms
[111.257s][info][gc,cpu         ] GC(508) User=0.00s Sys=0.00s Real=0.00s
[111.502s][info][gc,start       ] GC(509) Pause Young (Allocation Failure)
[111.503s][info][gc,heap        ] GC(509) PSYoungGen: 691906K->544K(695296K)
[111.503s][info][gc,heap        ] GC(509) ParOldGen: 85511K->85511K(1398272K)
[111.503s][info][gc,metaspace   ] GC(509) Metaspace: 20586K(21376K)->20586K(21376K) NonClass: 18177K(18688K)->18177K(18688K) Class: 2408K(2688K)->2408K(2688K)
[111.503s][info][gc             ] GC(509) Pause Young (Allocation Failure) 759M->84M(2044M) 0.495ms
[111.503s][info][gc,cpu         ] GC(509) User=0.00s Sys=0.00s Real=0.00s
[111.738s][info][gc,start       ] GC(510) Pause Young (Allocation Failure)
[111.739s][info][gc,heap        ] GC(510) PSYoungGen: 692256K->2113K(695296K)
[111.739s][info][gc,heap        ] GC(510) ParOldGen: 85511K->85527K(1398272K)
[111.739s][info][gc,metaspace   ] GC(510) Metaspace: 20586K(21376K)->20586K(21376K) NonClass: 18177K(18688K)->18177K(18688K) Class: 2408K(2688K)->2408K(2688K)
[111.740s][info][gc             ] GC(510) Pause Young (Allocation Failure) 759M->85M(2044M) 1.404ms
[111.740s][info][gc,cpu         ] GC(510) User=0.02s Sys=0.00s Real=0.00s
[111.970s][info][gc,start       ] GC(511) Pause Young (Allocation Failure)
[111.971s][info][gc,heap        ] GC(511) PSYoungGen: 693825K->2128K(694272K)
[111.971s][info][gc,heap        ] GC(511) ParOldGen: 85527K->85527K(1398272K)
[111.971s][info][gc,metaspace   ] GC(511) Metaspace: 20586K(21376K)->20586K(21376K) NonClass: 18177K(18688K)->18177K(18688K) Class: 2408K(2688K)->2408K(2688K)
[111.971s][info][gc             ] GC(511) Pause Young (Allocation Failure) 761M->85M(2043M) 1.105ms
[111.971s][info][gc,cpu         ] GC(511) User=0.00s Sys=0.00s Real=0.00s
[112.203s][info][gc,start       ] GC(512) Pause Young (Allocation Failure)
[112.204s][info][gc,heap        ] GC(512) PSYoungGen: 692816K->1409K(694784K)
[112.204s][info][gc,heap        ] GC(512) ParOldGen: 85527K->85527K(1398272K)
[112.204s][info][gc,metaspace   ] GC(512) Metaspace: 20586K(21376K)->20586K(21376K) NonClass: 18178K(18688K)->18178K(18688K) Class: 2408K(2688K)->2408K(2688K)
[112.204s][info][gc             ] GC(512) Pause Young (Allocation Failure) 760M->84M(2044M) 0.792ms
[112.204s][info][gc,cpu         ] GC(512) User=0.00s Sys=0.00s Real=0.00s
[112.438s][info][gc,start       ] GC(513) Pause Young (Allocation Failure)
[112.438s][info][gc,heap        ] GC(513) PSYoungGen: 692097K->690K(695296K)
[112.438s][info][gc,heap        ] GC(513) ParOldGen: 85527K->85543K(1398272K)
[112.438s][info][gc,metaspace   ] GC(513) Metaspace: 20586K(21376K)->20586K(21376K) NonClass: 18178K(18688K)->18178K(18688K) Class: 2408K(2688K)->2408K(2688K)
[112.438s][info][gc             ] GC(513) Pause Young (Allocation Failure) 759M->84M(2044M) 0.562ms
[112.438s][info][gc,cpu         ] GC(513) User=0.00s Sys=0.00s Real=0.00s
[112.658s][info][gc,start       ] GC(514) Pause Young (Allocation Failure)
[112.659s][info][gc,heap        ] GC(514) PSYoungGen: 692365K->3220K(695296K)
[112.659s][info][gc,heap        ] GC(514) ParOldGen: 85543K->85543K(1398272K)
[112.659s][info][gc,metaspace   ] GC(514) Metaspace: 20586K(21376K)->20586K(21376K) NonClass: 18178K(18688K)->18178K(18688K) Class: 2408K(2688K)->2408K(2688K)
[112.659s][info][gc             ] GC(514) Pause Young (Allocation Failure) 759M->86M(2044M) 1.348ms
[112.659s][info][gc,cpu         ] GC(514) User=0.00s Sys=0.00s Real=0.00s
[112.888s][info][gc,start       ] GC(515) Pause Young (Allocation Failure)
[112.889s][info][gc,heap        ] GC(515) PSYoungGen: 694932K->2157K(694272K)
[112.889s][info][gc,heap        ] GC(515) ParOldGen: 85543K->85543K(1398272K)
[112.889s][info][gc,metaspace   ] GC(515) Metaspace: 20586K(21376K)->20586K(21376K) NonClass: 18178K(18688K)->18178K(18688K) Class: 2408K(2688K)->2408K(2688K)
[112.889s][info][gc             ] GC(515) Pause Young (Allocation Failure) 762M->85M(2043M) 0.902ms
[112.889s][info][gc,cpu         ] GC(515) User=0.00s Sys=0.00s Real=0.00s
[113.015s][info][gc,start       ] GC(516) Pause Young (System.gc())
[113.016s][info][gc,heap        ] GC(516) PSYoungGen: 372980K->64K(694784K)
[113.016s][info][gc,heap        ] GC(516) ParOldGen: 85543K->85543K(1398272K)
[113.016s][info][gc,metaspace   ] GC(516) Metaspace: 20586K(21376K)->20586K(21376K) NonClass: 18178K(18688K)->18178K(18688K) Class: 2408K(2688K)->2408K(2688K)
[113.016s][info][gc             ] GC(516) Pause Young (System.gc()) 447M->83M(2044M) 0.402ms
[113.016s][info][gc,cpu         ] GC(516) User=0.00s Sys=0.00s Real=0.00s
[113.016s][info][gc,start       ] GC(517) Pause Full (System.gc())
[113.016s][info][gc,phases,start] GC(517) Marking Phase
[113.060s][info][gc,phases      ] GC(517) Marking Phase 44.671ms
[113.060s][info][gc,phases,start] GC(517) Summary Phase
[113.060s][info][gc,phases      ] GC(517) Summary Phase 0.015ms
[113.060s][info][gc,phases,start] GC(517) Adjust Roots
[113.062s][info][gc,phases      ] GC(517) Adjust Roots 1.420ms
[113.062s][info][gc,phases,start] GC(517) Compaction Phase
[113.075s][info][gc,phases      ] GC(517) Compaction Phase 12.649ms
[113.075s][info][gc,phases,start] GC(517) Post Compact
[113.075s][info][gc,phases      ] GC(517) Post Compact 0.512ms
[113.075s][info][gc,heap        ] GC(517) PSYoungGen: 64K->0K(694784K)
[113.075s][info][gc,heap        ] GC(517) ParOldGen: 85543K->85487K(1398272K)
[113.075s][info][gc,metaspace   ] GC(517) Metaspace: 20586K(21376K)->20586K(21376K) NonClass: 18178K(18688K)->18178K(18688K) Class: 2408K(2688K)->2408K(2688K)
[113.075s][info][gc             ] GC(517) Pause Full (System.gc()) 83M->83M(2044M) 59.562ms
[113.075s][info][gc,cpu         ] GC(517) User=0.02s Sys=0.00s Real=0.06s
[113.303s][info][gc,start       ] GC(518) Pause Young (Allocation Failure)
[113.304s][info][gc,heap        ] GC(518) PSYoungGen: 690688K->2384K(694784K)
[113.304s][info][gc,heap        ] GC(518) ParOldGen: 85487K->85487K(1398272K)
[113.304s][info][gc,metaspace   ] GC(518) Metaspace: 20586K(21376K)->20586K(21376K) NonClass: 18178K(18688K)->18178K(18688K) Class: 2408K(2688K)->2408K(2688K)
[113.304s][info][gc             ] GC(518) Pause Young (Allocation Failure) 757M->85M(2044M) 0.895ms
[113.304s][info][gc,cpu         ] GC(518) User=0.00s Sys=0.00s Real=0.00s
[113.538s][info][gc,start       ] GC(519) Pause Young (Allocation Failure)
[113.539s][info][gc,heap        ] GC(519) PSYoungGen: 693072K->1598K(694784K)
[113.539s][info][gc,heap        ] GC(519) ParOldGen: 85487K->85503K(1398272K)
[113.539s][info][gc,metaspace   ] GC(519) Metaspace: 20586K(21376K)->20586K(21376K) NonClass: 18178K(18688K)->18178K(18688K) Class: 2408K(2688K)->2408K(2688K)
[113.539s][info][gc             ] GC(519) Pause Young (Allocation Failure) 760M->85M(2044M) 0.649ms
[113.539s][info][gc,cpu         ] GC(519) User=0.00s Sys=0.00s Real=0.00s
[113.767s][info][gc,start       ] GC(520) Pause Young (Allocation Failure)
[113.768s][info][gc,heap        ] GC(520) PSYoungGen: 692286K->850K(694784K)
[113.768s][info][gc,heap        ] GC(520) ParOldGen: 85503K->85503K(1398272K)
[113.768s][info][gc,metaspace   ] GC(520) Metaspace: 20586K(21376K)->20586K(21376K) NonClass: 18178K(18688K)->18178K(18688K) Class: 2408K(2688K)->2408K(2688K)
[113.768s][info][gc             ] GC(520) Pause Young (Allocation Failure) 759M->84M(2044M) 0.574ms
[113.768s][info][gc,cpu         ] GC(520) User=0.00s Sys=0.00s Real=0.00s
[113.989s][info][gc,start       ] GC(521) Pause Young (Allocation Failure)
[113.990s][info][gc,heap        ] GC(521) PSYoungGen: 691538K->3511K(694272K)
[113.990s][info][gc,heap        ] GC(521) ParOldGen: 85503K->85503K(1398272K)
[113.990s][info][gc,metaspace   ] GC(521) Metaspace: 20586K(21376K)->20586K(21376K) NonClass: 18178K(18688K)->18178K(18688K) Class: 2408K(2688K)->2408K(2688K)
[113.990s][info][gc             ] GC(521) Pause Young (Allocation Failure) 758M->86M(2043M) 1.255ms
[113.990s][info][gc,cpu         ] GC(521) User=0.00s Sys=0.00s Real=0.00s
[114.217s][info][gc,start       ] GC(522) Pause Young (Allocation Failure)
[114.218s][info][gc,heap        ] GC(522) PSYoungGen: 694153K->2304K(694272K)
[114.218s][info][gc,heap        ] GC(522) ParOldGen: 85503K->85519K(1398272K)
[114.218s][info][gc,metaspace   ] GC(522) Metaspace: 20586K(21376K)->20586K(21376K) NonClass: 18178K(18688K)->18178K(18688K) Class: 2408K(2688K)->2408K(2688K)
[114.218s][info][gc             ] GC(522) Pause Young (Allocation Failure) 761M->85M(2043M) 0.772ms
[114.218s][info][gc,cpu         ] GC(522) User=0.00s Sys=0.00s Real=0.00s
[114.453s][info][gc,start       ] GC(523) Pause Young (Allocation Failure)
[114.454s][info][gc,heap        ] GC(523) PSYoungGen: 691968K->1641K(694272K)
[114.454s][info][gc,heap        ] GC(523) ParOldGen: 85519K->85519K(1398272K)
[114.454s][info][gc,metaspace   ] GC(523) Metaspace: 20586K(21376K)->20586K(21376K) NonClass: 18178K(18688K)->18178K(18688K) Class: 2408K(2688K)->2408K(2688K)
[114.454s][info][gc             ] GC(523) Pause Young (Allocation Failure) 759M->85M(2043M) 0.716ms
[114.454s][info][gc,cpu         ] GC(523) User=0.00s Sys=0.00s Real=0.00s
[114.685s][info][gc,start       ] GC(524) Pause Young (Allocation Failure)
[114.685s][info][gc,heap        ] GC(524) PSYoungGen: 691305K->681K(694784K)
[114.685s][info][gc,heap        ] GC(524) ParOldGen: 85519K->85519K(1398272K)
[114.685s][info][gc,metaspace   ] GC(524) Metaspace: 20586K(21376K)->20586K(21376K) NonClass: 18178K(18688K)->18178K(18688K) Class: 2408K(2688K)->2408K(2688K)
[114.685s][info][gc             ] GC(524) Pause Young (Allocation Failure) 758M->84M(2044M) 0.618ms
[114.685s][info][gc,cpu         ] GC(524) User=0.00s Sys=0.00s Real=0.00s
[114.906s][info][gc,start       ] GC(525) Pause Young (Allocation Failure)
[114.908s][info][gc,heap        ] GC(525) PSYoungGen: 691312K->2571K(694784K)
[114.908s][info][gc,heap        ] GC(525) ParOldGen: 85519K->85519K(1398272K)
[114.908s][info][gc,metaspace   ] GC(525) Metaspace: 20586K(21376K)->20586K(21376K) NonClass: 18178K(18688K)->18178K(18688K) Class: 2408K(2688K)->2408K(2688K)
[114.908s][info][gc             ] GC(525) Pause Young (Allocation Failure) 758M->86M(2044M) 1.621ms
[114.908s][info][gc,cpu         ] GC(525) User=0.00s Sys=0.00s Real=0.00s
[115.150s][info][gc,start       ] GC(526) Pause Young (Allocation Failure)
[115.151s][info][gc,heap        ] GC(526) PSYoungGen: 693259K->2553K(694784K)
[115.151s][info][gc,heap        ] GC(526) ParOldGen: 85519K->85543K(1398272K)
[115.151s][info][gc,metaspace   ] GC(526) Metaspace: 20586K(21376K)->20586K(21376K) NonClass: 18178K(18688K)->18178K(18688K) Class: 2408K(2688K)->2408K(2688K)
[115.151s][info][gc             ] GC(526) Pause Young (Allocation Failure) 760M->86M(2044M) 1.183ms
[115.151s][info][gc,cpu         ] GC(526) User=0.00s Sys=0.00s Real=0.00s
[115.371s][info][gc,start       ] GC(527) Pause Young (Allocation Failure)
[115.372s][info][gc,heap        ] GC(527) PSYoungGen: 693241K->1773K(694784K)
[115.372s][info][gc,heap        ] GC(527) ParOldGen: 85543K->85543K(1398272K)
[115.372s][info][gc,metaspace   ] GC(527) Metaspace: 20586K(21376K)->20586K(21376K) NonClass: 18178K(18688K)->18178K(18688K) Class: 2408K(2688K)->2408K(2688K)
[115.372s][info][gc             ] GC(527) Pause Young (Allocation Failure) 760M->85M(2044M) 0.792ms
[115.372s][info][gc,cpu         ] GC(527) User=0.00s Sys=0.00s Real=0.00s
[115.603s][info][gc,start       ] GC(528) Pause Young (Allocation Failure)
[115.603s][info][gc,heap        ] GC(528) PSYoungGen: 692461K->973K(694784K)
[115.603s][info][gc,heap        ] GC(528) ParOldGen: 85543K->85543K(1398272K)
[115.603s][info][gc,metaspace   ] GC(528) Metaspace: 20586K(21376K)->20586K(21376K) NonClass: 18178K(18688K)->18178K(18688K) Class: 2408K(2688K)->2408K(2688K)
[115.603s][info][gc             ] GC(528) Pause Young (Allocation Failure) 759M->84M(2044M) 0.663ms
[115.603s][info][gc,cpu         ] GC(528) User=0.00s Sys=0.00s Real=0.00s
[115.825s][info][gc,start       ] GC(529) Pause Young (Allocation Failure)
[115.826s][info][gc,heap        ] GC(529) PSYoungGen: 691661K->2081K(694784K)
[115.827s][info][gc,heap        ] GC(529) ParOldGen: 85543K->85559K(1398272K)
[115.827s][info][gc,metaspace   ] GC(529) Metaspace: 20586K(21376K)->20586K(21376K) NonClass: 18178K(18688K)->18178K(18688K) Class: 2408K(2688K)->2408K(2688K)
[115.827s][info][gc             ] GC(529) Pause Young (Allocation Failure) 758M->85M(2044M) 2.012ms
[115.827s][info][gc,cpu         ] GC(529) User=0.00s Sys=0.00s Real=0.00s
[116.043s][info][gc,start       ] GC(530) Pause Young (Allocation Failure)
[116.044s][info][gc,heap        ] GC(530) PSYoungGen: 692769K->2194K(694784K)
[116.045s][info][gc,heap        ] GC(530) ParOldGen: 85559K->85559K(1398272K)
[116.045s][info][gc,metaspace   ] GC(530) Metaspace: 20586K(21376K)->20586K(21376K) NonClass: 18178K(18688K)->18178K(18688K) Class: 2408K(2688K)->2408K(2688K)
[116.045s][info][gc             ] GC(530) Pause Young (Allocation Failure) 760M->85M(2044M) 1.251ms
[116.045s][info][gc,cpu         ] GC(530) User=0.00s Sys=0.00s Real=0.00s
[116.267s][info][gc,start       ] GC(531) Pause Young (Allocation Failure)
[116.268s][info][gc,heap        ] GC(531) PSYoungGen: 692882K->1803K(694784K)
[116.268s][info][gc,heap        ] GC(531) ParOldGen: 85559K->85559K(1398272K)
[116.268s][info][gc,metaspace   ] GC(531) Metaspace: 20586K(21376K)->20586K(21376K) NonClass: 18178K(18688K)->18178K(18688K) Class: 2408K(2688K)->2408K(2688K)
[116.268s][info][gc             ] GC(531) Pause Young (Allocation Failure) 760M->85M(2044M) 0.764ms
[116.268s][info][gc,cpu         ] GC(531) User=0.00s Sys=0.00s Real=0.00s
[116.395s][info][gc,start       ] GC(532) Pause Young (System.gc())
[116.395s][info][gc,heap        ] GC(532) PSYoungGen: 380670K->32K(694272K)
[116.395s][info][gc,heap        ] GC(532) ParOldGen: 85559K->85559K(1398272K)
[116.395s][info][gc,metaspace   ] GC(532) Metaspace: 20586K(21376K)->20586K(21376K) NonClass: 18178K(18688K)->18178K(18688K) Class: 2408K(2688K)->2408K(2688K)
[116.395s][info][gc             ] GC(532) Pause Young (System.gc()) 455M->83M(2043M) 0.725ms
[116.395s][info][gc,cpu         ] GC(532) User=0.00s Sys=0.00s Real=0.00s
[116.395s][info][gc,start       ] GC(533) Pause Full (System.gc())
[116.395s][info][gc,phases,start] GC(533) Marking Phase
[116.445s][info][gc,phases      ] GC(533) Marking Phase 49.234ms
[116.445s][info][gc,phases,start] GC(533) Summary Phase
[116.445s][info][gc,phases      ] GC(533) Summary Phase 0.011ms
[116.445s][info][gc,phases,start] GC(533) Adjust Roots
[116.446s][info][gc,phases      ] GC(533) Adjust Roots 1.350ms
[116.446s][info][gc,phases,start] GC(533) Compaction Phase
[116.459s][info][gc,phases      ] GC(533) Compaction Phase 12.768ms
[116.459s][info][gc,phases,start] GC(533) Post Compact
[116.460s][info][gc,phases      ] GC(533) Post Compact 0.663ms
[116.460s][info][gc,heap        ] GC(533) PSYoungGen: 32K->0K(694272K)
[116.460s][info][gc,heap        ] GC(533) ParOldGen: 85559K->85487K(1398272K)
[116.460s][info][gc,metaspace   ] GC(533) Metaspace: 20586K(21376K)->20586K(21376K) NonClass: 18178K(18688K)->18178K(18688K) Class: 2408K(2688K)->2408K(2688K)
[116.460s][info][gc             ] GC(533) Pause Full (System.gc()) 83M->83M(2043M) 64.383ms
[116.460s][info][gc,cpu         ] GC(533) User=0.05s Sys=0.00s Real=0.06s
[116.684s][info][gc,start       ] GC(534) Pause Young (Allocation Failure)
[116.685s][info][gc,heap        ] GC(534) PSYoungGen: 690688K->2395K(694784K)
[116.685s][info][gc,heap        ] GC(534) ParOldGen: 85487K->85487K(1398272K)
[116.685s][info][gc,metaspace   ] GC(534) Metaspace: 20586K(21376K)->20586K(21376K) NonClass: 18178K(18688K)->18178K(18688K) Class: 2408K(2688K)->2408K(2688K)
[116.685s][info][gc             ] GC(534) Pause Young (Allocation Failure) 757M->85M(2044M) 1.157ms
[116.685s][info][gc,cpu         ] GC(534) User=0.00s Sys=0.00s Real=0.00s
[116.918s][info][gc,start       ] GC(535) Pause Young (Allocation Failure)
[116.919s][info][gc,heap        ] GC(535) PSYoungGen: 693083K->1748K(695296K)
[116.919s][info][gc,heap        ] GC(535) ParOldGen: 85487K->85503K(1398272K)
[116.919s][info][gc,metaspace   ] GC(535) Metaspace: 20586K(21376K)->20586K(21376K) NonClass: 18178K(18688K)->18178K(18688K) Class: 2408K(2688K)->2408K(2688K)
[116.919s][info][gc             ] GC(535) Pause Young (Allocation Failure) 760M->85M(2044M) 0.660ms
[116.919s][info][gc,cpu         ] GC(535) User=0.00s Sys=0.00s Real=0.00s
[117.155s][info][gc,start       ] GC(536) Pause Young (Allocation Failure)
[117.156s][info][gc,heap        ] GC(536) PSYoungGen: 692948K->1096K(694784K)
[117.156s][info][gc,heap        ] GC(536) ParOldGen: 85503K->85503K(1398272K)
[117.156s][info][gc,metaspace   ] GC(536) Metaspace: 20586K(21376K)->20586K(21376K) NonClass: 18178K(18688K)->18178K(18688K) Class: 2408K(2688K)->2408K(2688K)
[117.156s][info][gc             ] GC(536) Pause Young (Allocation Failure) 760M->84M(2044M) 0.612ms
[117.156s][info][gc,cpu         ] GC(536) User=0.00s Sys=0.00s Real=0.00s
[117.382s][info][gc,start       ] GC(537) Pause Young (Allocation Failure)
[117.382s][info][gc,heap        ] GC(537) PSYoungGen: 692296K->352K(695296K)
[117.382s][info][gc,heap        ] GC(537) ParOldGen: 85503K->85503K(1398272K)
[117.382s][info][gc,metaspace   ] GC(537) Metaspace: 20586K(21376K)->20586K(21376K) NonClass: 18178K(18688K)->18178K(18688K) Class: 2408K(2688K)->2408K(2688K)
[117.382s][info][gc             ] GC(537) Pause Young (Allocation Failure) 759M->83M(2044M) 0.582ms
[117.382s][info][gc,cpu         ] GC(537) User=0.00s Sys=0.00s Real=0.00s
[117.610s][info][gc,start       ] GC(538) Pause Young (Allocation Failure)
[117.611s][info][gc,heap        ] GC(538) PSYoungGen: 692064K->2733K(694784K)
[117.611s][info][gc,heap        ] GC(538) ParOldGen: 85503K->85519K(1398272K)
[117.611s][info][gc,metaspace   ] GC(538) Metaspace: 20586K(21376K)->20586K(21376K) NonClass: 18178K(18688K)->18178K(18688K) Class: 2408K(2688K)->2408K(2688K)
[117.611s][info][gc             ] GC(538) Pause Young (Allocation Failure) 759M->86M(2044M) 1.327ms
[117.611s][info][gc,cpu         ] GC(538) User=0.00s Sys=0.00s Real=0.00s
[117.835s][info][gc,start       ] GC(539) Pause Young (Allocation Failure)
[117.835s][info][gc,heap        ] GC(539) PSYoungGen: 694445K->1951K(694784K)
[117.835s][info][gc,heap        ] GC(539) ParOldGen: 85519K->85519K(1398272K)
[117.835s][info][gc,metaspace   ] GC(539) Metaspace: 20586K(21376K)->20586K(21376K) NonClass: 18178K(18688K)->18178K(18688K) Class: 2408K(2688K)->2408K(2688K)
[117.835s][info][gc             ] GC(539) Pause Young (Allocation Failure) 761M->85M(2044M) 0.698ms
[117.835s][info][gc,cpu         ] GC(539) User=0.00s Sys=0.00s Real=0.00s
[118.063s][info][gc,start       ] GC(540) Pause Young (Allocation Failure)
[118.069s][info][gc,heap        ] GC(540) PSYoungGen: 692639K->1126K(694784K)
[118.069s][info][gc,heap        ] GC(540) ParOldGen: 85519K->85519K(1398272K)
[118.069s][info][gc,metaspace   ] GC(540) Metaspace: 20586K(21376K)->20586K(21376K) NonClass: 18178K(18688K)->18178K(18688K) Class: 2408K(2688K)->2408K(2688K)
[118.069s][info][gc             ] GC(540) Pause Young (Allocation Failure) 759M->84M(2044M) 6.549ms
[118.069s][info][gc,cpu         ] GC(540) User=0.00s Sys=0.00s Real=0.01s
[118.296s][info][gc,start       ] GC(541) Pause Young (Allocation Failure)
[118.296s][info][gc,heap        ] GC(541) PSYoungGen: 691814K->192K(694272K)
[118.296s][info][gc,heap        ] GC(541) ParOldGen: 85519K->85519K(1398272K)
[118.296s][info][gc,metaspace   ] GC(541) Metaspace: 20586K(21376K)->20586K(21376K) NonClass: 18178K(18688K)->18178K(18688K) Class: 2408K(2688K)->2408K(2688K)
[118.296s][info][gc             ] GC(541) Pause Young (Allocation Failure) 759M->83M(2043M) 0.432ms
[118.296s][info][gc,cpu         ] GC(541) User=0.00s Sys=0.00s Real=0.00s
[118.533s][info][gc,start       ] GC(542) Pause Young (Allocation Failure)
[118.534s][info][gc,heap        ] GC(542) PSYoungGen: 690880K->2723K(694784K)
[118.534s][info][gc,heap        ] GC(542) ParOldGen: 85519K->85535K(1398272K)
[118.534s][info][gc,metaspace   ] GC(542) Metaspace: 20586K(21376K)->20586K(21376K) NonClass: 18178K(18688K)->18178K(18688K) Class: 2408K(2688K)->2408K(2688K)
[118.534s][info][gc             ] GC(542) Pause Young (Allocation Failure) 758M->86M(2044M) 1.065ms
[118.534s][info][gc,cpu         ] GC(542) User=0.00s Sys=0.00s Real=0.00s
[118.764s][info][gc,start       ] GC(543) Pause Young (Allocation Failure)
[118.765s][info][gc,heap        ] GC(543) PSYoungGen: 693411K->1518K(694784K)
[118.765s][info][gc,heap        ] GC(543) ParOldGen: 85535K->85535K(1398272K)
[118.765s][info][gc,metaspace   ] GC(543) Metaspace: 20586K(21376K)->20586K(21376K) NonClass: 18178K(18688K)->18178K(18688K) Class: 2408K(2688K)->2408K(2688K)
[118.765s][info][gc             ] GC(543) Pause Young (Allocation Failure) 760M->85M(2044M) 0.776ms
[118.765s][info][gc,cpu         ] GC(543) User=0.00s Sys=0.00s Real=0.00s
[118.992s][info][gc,start       ] GC(544) Pause Young (Allocation Failure)
[118.993s][info][gc,heap        ] GC(544) PSYoungGen: 692206K->745K(694784K)
[118.993s][info][gc,heap        ] GC(544) ParOldGen: 85535K->85535K(1398272K)
[118.993s][info][gc,metaspace   ] GC(544) Metaspace: 20586K(21376K)->20586K(21376K) NonClass: 18178K(18688K)->18178K(18688K) Class: 2408K(2688K)->2408K(2688K)
[118.993s][info][gc             ] GC(544) Pause Young (Allocation Failure) 759M->84M(2044M) 0.674ms
[118.993s][info][gc,cpu         ] GC(544) User=0.00s Sys=0.00s Real=0.00s
[119.230s][info][gc,start       ] GC(545) Pause Young (Allocation Failure)
[119.231s][info][gc,heap        ] GC(545) PSYoungGen: 691248K->3283K(694272K)
[119.231s][info][gc,heap        ] GC(545) ParOldGen: 85535K->85559K(1398272K)
[119.231s][info][gc,metaspace   ] GC(545) Metaspace: 20586K(21376K)->20586K(21376K) NonClass: 18178K(18688K)->18178K(18688K) Class: 2408K(2688K)->2408K(2688K)
[119.232s][info][gc             ] GC(545) Pause Young (Allocation Failure) 758M->86M(2043M) 1.472ms
[119.232s][info][gc,cpu         ] GC(545) User=0.00s Sys=0.00s Real=0.00s
[119.475s][info][gc,start       ] GC(546) Pause Young (Allocation Failure)
[119.477s][info][gc,heap        ] GC(546) PSYoungGen: 693971K->2725K(693760K)
[119.477s][info][gc,heap        ] GC(546) ParOldGen: 85559K->85559K(1398272K)
[119.477s][info][gc,metaspace   ] GC(546) Metaspace: 20586K(21376K)->20586K(21376K) NonClass: 18178K(18688K)->18178K(18688K) Class: 2408K(2688K)->2408K(2688K)
[119.477s][info][gc             ] GC(546) Pause Young (Allocation Failure) 761M->86M(2043M) 1.225ms
[119.477s][info][gc,cpu         ] GC(546) User=0.00s Sys=0.00s Real=0.00s
[119.709s][info][gc,start       ] GC(547) Pause Young (Allocation Failure)
[119.710s][info][gc,heap        ] GC(547) PSYoungGen: 693413K->1753K(694784K)
[119.710s][info][gc,heap        ] GC(547) ParOldGen: 85559K->85559K(1398272K)
[119.710s][info][gc,metaspace   ] GC(547) Metaspace: 20586K(21376K)->20586K(21376K) NonClass: 18178K(18688K)->18178K(18688K) Class: 2408K(2688K)->2408K(2688K)
[119.710s][info][gc             ] GC(547) Pause Young (Allocation Failure) 760M->85M(2044M) 0.809ms
[119.710s][info][gc,cpu         ] GC(547) User=0.00s Sys=0.00s Real=0.00s
[119.836s][info][gc,start       ] GC(548) Pause Young (System.gc())
[119.836s][info][gc,heap        ] GC(548) PSYoungGen: 379115K->64K(694272K)
[119.836s][info][gc,heap        ] GC(548) ParOldGen: 85559K->85559K(1398272K)
[119.836s][info][gc,metaspace   ] GC(548) Metaspace: 20586K(21376K)->20586K(21376K) NonClass: 18178K(18688K)->18178K(18688K) Class: 2408K(2688K)->2408K(2688K)
[119.836s][info][gc             ] GC(548) Pause Young (System.gc()) 453M->83M(2043M) 0.454ms
[119.836s][info][gc,cpu         ] GC(548) User=0.00s Sys=0.00s Real=0.00s
[119.836s][info][gc,start       ] GC(549) Pause Full (System.gc())
[119.836s][info][gc,phases,start] GC(549) Marking Phase
[119.882s][info][gc,phases      ] GC(549) Marking Phase 45.599ms
[119.882s][info][gc,phases,start] GC(549) Summary Phase
[119.882s][info][gc,phases      ] GC(549) Summary Phase 0.011ms
[119.882s][info][gc,phases,start] GC(549) Adjust Roots
[119.883s][info][gc,phases      ] GC(549) Adjust Roots 1.370ms
[119.883s][info][gc,phases,start] GC(549) Compaction Phase
[119.897s][info][gc,phases      ] GC(549) Compaction Phase 13.687ms
[119.897s][info][gc,phases,start] GC(549) Post Compact
[119.898s][info][gc,phases      ] GC(549) Post Compact 0.761ms
[119.898s][info][gc,heap        ] GC(549) PSYoungGen: 64K->0K(694272K)
[119.898s][info][gc,heap        ] GC(549) ParOldGen: 85559K->85487K(1398272K)
[119.898s][info][gc,metaspace   ] GC(549) Metaspace: 20586K(21376K)->20586K(21376K) NonClass: 18178K(18688K)->18178K(18688K) Class: 2408K(2688K)->2408K(2688K)
[119.898s][info][gc             ] GC(549) Pause Full (System.gc()) 83M->83M(2043M) 61.730ms
[119.898s][info][gc,cpu         ] GC(549) User=0.03s Sys=0.02s Real=0.06s
[120.121s][info][gc,start       ] GC(550) Pause Young (Allocation Failure)
[120.122s][info][gc,heap        ] GC(550) PSYoungGen: 690176K->2303K(694784K)
[120.122s][info][gc,heap        ] GC(550) ParOldGen: 85487K->85487K(1398272K)
[120.122s][info][gc,metaspace   ] GC(550) Metaspace: 20587K(21376K)->20587K(21376K) NonClass: 18179K(18688K)->18179K(18688K) Class: 2408K(2688K)->2408K(2688K)
[120.122s][info][gc             ] GC(550) Pause Young (Allocation Failure) 757M->85M(2044M) 1.403ms
[120.122s][info][gc,cpu         ] GC(550) User=0.00s Sys=0.00s Real=0.00s
[120.349s][info][gc,start       ] GC(551) Pause Young (Allocation Failure)
[120.349s][info][gc,heap        ] GC(551) PSYoungGen: 692991K->1868K(694784K)
[120.349s][info][gc,heap        ] GC(551) ParOldGen: 85487K->85503K(1398272K)
[120.349s][info][gc,metaspace   ] GC(551) Metaspace: 20587K(21376K)->20587K(21376K) NonClass: 18179K(18688K)->18179K(18688K) Class: 2408K(2688K)->2408K(2688K)
[120.350s][info][gc             ] GC(551) Pause Young (Allocation Failure) 760M->85M(2044M) 0.873ms
[120.350s][info][gc,cpu         ] GC(551) User=0.00s Sys=0.00s Real=0.00s
[120.581s][info][gc,start       ] GC(552) Pause Young (Allocation Failure)
[120.582s][info][gc,heap        ] GC(552) PSYoungGen: 692556K->1160K(694784K)
[120.582s][info][gc,heap        ] GC(552) ParOldGen: 85503K->85503K(1398272K)
[120.582s][info][gc,metaspace   ] GC(552) Metaspace: 20587K(21376K)->20587K(21376K) NonClass: 18179K(18688K)->18179K(18688K) Class: 2408K(2688K)->2408K(2688K)
[120.582s][info][gc             ] GC(552) Pause Young (Allocation Failure) 759M->84M(2044M) 0.648ms
[120.582s][info][gc,cpu         ] GC(552) User=0.00s Sys=0.00s Real=0.00s
[120.819s][info][gc,start       ] GC(553) Pause Young (Allocation Failure)
[120.820s][info][gc,heap        ] GC(553) PSYoungGen: 691848K->416K(694784K)
[120.820s][info][gc,heap        ] GC(553) ParOldGen: 85503K->85503K(1398272K)
[120.820s][info][gc,metaspace   ] GC(553) Metaspace: 20587K(21376K)->20587K(21376K) NonClass: 18179K(18688K)->18179K(18688K) Class: 2408K(2688K)->2408K(2688K)
[120.820s][info][gc             ] GC(553) Pause Young (Allocation Failure) 759M->83M(2044M) 0.549ms
[120.820s][info][gc,cpu         ] GC(553) User=0.00s Sys=0.00s Real=0.00s
[121.049s][info][gc,start       ] GC(554) Pause Young (Allocation Failure)
[121.050s][info][gc,heap        ] GC(554) PSYoungGen: 691104K->2284K(694784K)
[121.050s][info][gc,heap        ] GC(554) ParOldGen: 85503K->85519K(1398272K)
[121.050s][info][gc,metaspace   ] GC(554) Metaspace: 20587K(21376K)->20587K(21376K) NonClass: 18179K(18688K)->18179K(18688K) Class: 2408K(2688K)->2408K(2688K)
[121.050s][info][gc             ] GC(554) Pause Young (Allocation Failure) 758M->85M(2044M) 0.886ms
[121.050s][info][gc,cpu         ] GC(554) User=0.00s Sys=0.00s Real=0.00s
[121.285s][info][gc,start       ] GC(555) Pause Young (Allocation Failure)
[121.286s][info][gc,heap        ] GC(555) PSYoungGen: 692972K->2109K(694784K)
[121.286s][info][gc,heap        ] GC(555) ParOldGen: 85519K->85519K(1398272K)
[121.286s][info][gc,metaspace   ] GC(555) Metaspace: 20587K(21376K)->20587K(21376K) NonClass: 18179K(18688K)->18179K(18688K) Class: 2408K(2688K)->2408K(2688K)
[121.286s][info][gc             ] GC(555) Pause Young (Allocation Failure) 760M->85M(2044M) 0.938ms
[121.286s][info][gc,cpu         ] GC(555) User=0.00s Sys=0.00s Real=0.00s
[121.517s][info][gc,start       ] GC(556) Pause Young (Allocation Failure)
[121.518s][info][gc,heap        ] GC(556) PSYoungGen: 692797K->1513K(695296K)
[121.518s][info][gc,heap        ] GC(556) ParOldGen: 85519K->85519K(1398272K)
[121.518s][info][gc,metaspace   ] GC(556) Metaspace: 20587K(21376K)->20587K(21376K) NonClass: 18179K(18688K)->18179K(18688K) Class: 2408K(2688K)->2408K(2688K)
[121.518s][info][gc             ] GC(556) Pause Young (Allocation Failure) 760M->84M(2044M) 0.657ms
[121.518s][info][gc,cpu         ] GC(556) User=0.00s Sys=0.00s Real=0.00s
[121.749s][info][gc,start       ] GC(557) Pause Young (Allocation Failure)
[121.750s][info][gc,heap        ] GC(557) PSYoungGen: 692713K->664K(694784K)
[121.750s][info][gc,heap        ] GC(557) ParOldGen: 85519K->85519K(1398272K)
[121.750s][info][gc,metaspace   ] GC(557) Metaspace: 20587K(21376K)->20587K(21376K) NonClass: 18179K(18688K)->18179K(18688K) Class: 2408K(2688K)->2408K(2688K)
[121.750s][info][gc             ] GC(557) Pause Young (Allocation Failure) 759M->84M(2044M) 0.668ms
[121.750s][info][gc,cpu         ] GC(557) User=0.00s Sys=0.00s Real=0.00s
[121.966s][info][gc,start       ] GC(558) Pause Young (Allocation Failure)
[121.967s][info][gc,heap        ] GC(558) PSYoungGen: 691780K->2438K(694272K)
[121.967s][info][gc,heap        ] GC(558) ParOldGen: 85519K->85535K(1398272K)
[121.967s][info][gc,metaspace   ] GC(558) Metaspace: 20587K(21376K)->20587K(21376K) NonClass: 18179K(18688K)->18179K(18688K) Class: 2408K(2688K)->2408K(2688K)
[121.967s][info][gc             ] GC(558) Pause Young (Allocation Failure) 759M->85M(2043M) 1.023ms
[121.967s][info][gc,cpu         ] GC(558) User=0.02s Sys=0.00s Real=0.00s
[122.218s][info][gc,start       ] GC(559) Pause Young (Allocation Failure)
[122.218s][info][gc,heap        ] GC(559) PSYoungGen: 693126K->2195K(694784K)
[122.218s][info][gc,heap        ] GC(559) ParOldGen: 85535K->85535K(1398272K)
[122.219s][info][gc,metaspace   ] GC(559) Metaspace: 20587K(21376K)->20587K(21376K) NonClass: 18179K(18688K)->18179K(18688K) Class: 2408K(2688K)->2408K(2688K)
[122.219s][info][gc             ] GC(559) Pause Young (Allocation Failure) 760M->85M(2044M) 0.710ms
[122.219s][info][gc,cpu         ] GC(559) User=0.00s Sys=0.00s Real=0.00s
[122.449s][info][gc,start       ] GC(560) Pause Young (Allocation Failure)
[122.449s][info][gc,heap        ] GC(560) PSYoungGen: 692883K->1596K(695296K)
[122.449s][info][gc,heap        ] GC(560) ParOldGen: 85535K->85535K(1398272K)
[122.449s][info][gc,metaspace   ] GC(560) Metaspace: 20587K(21376K)->20587K(21376K) NonClass: 18179K(18688K)->18179K(18688K) Class: 2408K(2688K)->2408K(2688K)
[122.449s][info][gc             ] GC(560) Pause Young (Allocation Failure) 760M->85M(2044M) 0.635ms
[122.449s][info][gc,cpu         ] GC(560) User=0.00s Sys=0.00s Real=0.00s
[122.678s][info][gc,start       ] GC(561) Pause Young (Allocation Failure)
[122.678s][info][gc,heap        ] GC(561) PSYoungGen: 692796K->842K(694784K)
[122.678s][info][gc,heap        ] GC(561) ParOldGen: 85535K->85551K(1398272K)
[122.678s][info][gc,metaspace   ] GC(561) Metaspace: 20587K(21376K)->20587K(21376K) NonClass: 18179K(18688K)->18179K(18688K) Class: 2408K(2688K)->2408K(2688K)
[122.678s][info][gc             ] GC(561) Pause Young (Allocation Failure) 760M->84M(2044M) 0.720ms
[122.678s][info][gc,cpu         ] GC(561) User=0.00s Sys=0.00s Real=0.00s
[122.896s][info][gc,start       ] GC(562) Pause Young (Allocation Failure)
[122.897s][info][gc,heap        ] GC(562) PSYoungGen: 691807K->3119K(694272K)
[122.897s][info][gc,heap        ] GC(562) ParOldGen: 85551K->85551K(1398272K)
[122.897s][info][gc,metaspace   ] GC(562) Metaspace: 20587K(21376K)->20587K(21376K) NonClass: 18179K(18688K)->18179K(18688K) Class: 2408K(2688K)->2408K(2688K)
[122.897s][info][gc             ] GC(562) Pause Young (Allocation Failure) 759M->86M(2043M) 1.178ms
[122.897s][info][gc,cpu         ] GC(562) User=0.00s Sys=0.00s Real=0.00s
[123.124s][info][gc,start       ] GC(563) Pause Young (Allocation Failure)
[123.125s][info][gc,heap        ] GC(563) PSYoungGen: 693807K->2157K(694784K)
[123.125s][info][gc,heap        ] GC(563) ParOldGen: 85551K->85551K(1398272K)
[123.125s][info][gc,metaspace   ] GC(563) Metaspace: 20587K(21376K)->20587K(21376K) NonClass: 18179K(18688K)->18179K(18688K) Class: 2408K(2688K)->2408K(2688K)
[123.125s][info][gc             ] GC(563) Pause Young (Allocation Failure) 761M->85M(2044M) 1.005ms
[123.125s][info][gc,cpu         ] GC(563) User=0.00s Sys=0.00s Real=0.00s
[123.253s][info][gc,start       ] GC(564) Pause Young (System.gc())
[123.254s][info][gc,heap        ] GC(564) PSYoungGen: 372272K->96K(694784K)
[123.254s][info][gc,heap        ] GC(564) ParOldGen: 85551K->85551K(1398272K)
[123.254s][info][gc,metaspace   ] GC(564) Metaspace: 20592K(21376K)->20592K(21376K) NonClass: 18184K(18688K)->18184K(18688K) Class: 2408K(2688K)->2408K(2688K)
[123.254s][info][gc             ] GC(564) Pause Young (System.gc()) 447M->83M(2044M) 0.506ms
[123.254s][info][gc,cpu         ] GC(564) User=0.00s Sys=0.00s Real=0.00s
[123.254s][info][gc,start       ] GC(565) Pause Full (System.gc())
[123.254s][info][gc,phases,start] GC(565) Marking Phase
[123.300s][info][gc,phases      ] GC(565) Marking Phase 45.764ms
[123.300s][info][gc,phases,start] GC(565) Summary Phase
[123.300s][info][gc,phases      ] GC(565) Summary Phase 0.010ms
[123.300s][info][gc,phases,start] GC(565) Adjust Roots
[123.301s][info][gc,phases      ] GC(565) Adjust Roots 1.372ms
[123.301s][info][gc,phases,start] GC(565) Compaction Phase
[123.320s][info][gc,phases      ] GC(565) Compaction Phase 18.565ms
[123.320s][info][gc,phases,start] GC(565) Post Compact
[123.320s][info][gc,phases      ] GC(565) Post Compact 0.665ms
[123.320s][info][gc,heap        ] GC(565) PSYoungGen: 96K->0K(694784K)
[123.320s][info][gc,heap        ] GC(565) ParOldGen: 85551K->85487K(1398272K)
[123.320s][info][gc,metaspace   ] GC(565) Metaspace: 20592K(21376K)->20592K(21376K) NonClass: 18184K(18688K)->18184K(18688K) Class: 2408K(2688K)->2408K(2688K)
[123.320s][info][gc             ] GC(565) Pause Full (System.gc()) 83M->83M(2044M) 66.671ms
[123.320s][info][gc,cpu         ] GC(565) User=0.06s Sys=0.00s Real=0.07s
[123.550s][info][gc,start       ] GC(566) Pause Young (Allocation Failure)
[123.551s][info][gc,heap        ] GC(566) PSYoungGen: 690688K->2252K(694784K)
[123.551s][info][gc,heap        ] GC(566) ParOldGen: 85487K->85487K(1398272K)
[123.551s][info][gc,metaspace   ] GC(566) Metaspace: 20593K(21376K)->20593K(21376K) NonClass: 18185K(18688K)->18185K(18688K) Class: 2408K(2688K)->2408K(2688K)
[123.551s][info][gc             ] GC(566) Pause Young (Allocation Failure) 757M->85M(2044M) 0.729ms
[123.551s][info][gc,cpu         ] GC(566) User=0.00s Sys=0.00s Real=0.00s
[123.776s][info][gc,start       ] GC(567) Pause Young (Allocation Failure)
[123.777s][info][gc,heap        ] GC(567) PSYoungGen: 692940K->1705K(694784K)
[123.777s][info][gc,heap        ] GC(567) ParOldGen: 85487K->85503K(1398272K)
[123.777s][info][gc,metaspace   ] GC(567) Metaspace: 20593K(21376K)->20593K(21376K) NonClass: 18185K(18688K)->18185K(18688K) Class: 2408K(2688K)->2408K(2688K)
[123.777s][info][gc             ] GC(567) Pause Young (Allocation Failure) 760M->85M(2044M) 0.715ms
[123.777s][info][gc,cpu         ] GC(567) User=0.00s Sys=0.00s Real=0.00s
[124.003s][info][gc,start       ] GC(568) Pause Young (Allocation Failure)
[124.004s][info][gc,heap        ] GC(568) PSYoungGen: 692393K->806K(694784K)
[124.004s][info][gc,heap        ] GC(568) ParOldGen: 85503K->85503K(1398272K)
[124.004s][info][gc,metaspace   ] GC(568) Metaspace: 20593K(21376K)->20593K(21376K) NonClass: 18185K(18688K)->18185K(18688K) Class: 2408K(2688K)->2408K(2688K)
[124.004s][info][gc             ] GC(568) Pause Young (Allocation Failure) 759M->84M(2044M) 0.885ms
[124.004s][info][gc,cpu         ] GC(568) User=0.00s Sys=0.00s Real=0.00s
[124.227s][info][gc,start       ] GC(569) Pause Young (Allocation Failure)
[124.229s][info][gc,heap        ] GC(569) PSYoungGen: 691494K->2894K(694784K)
[124.229s][info][gc,heap        ] GC(569) ParOldGen: 85503K->85503K(1398272K)
[124.229s][info][gc,metaspace   ] GC(569) Metaspace: 20593K(21376K)->20593K(21376K) NonClass: 18185K(18688K)->18185K(18688K) Class: 2408K(2688K)->2408K(2688K)
[124.229s][info][gc             ] GC(569) Pause Young (Allocation Failure) 758M->86M(2044M) 2.026ms
[124.229s][info][gc,cpu         ] GC(569) User=0.00s Sys=0.00s Real=0.00s
[124.462s][info][gc,start       ] GC(570) Pause Young (Allocation Failure)
[124.463s][info][gc,heap        ] GC(570) PSYoungGen: 693582K->2149K(694784K)
[124.463s][info][gc,heap        ] GC(570) ParOldGen: 85503K->85511K(1398272K)
[124.463s][info][gc,metaspace   ] GC(570) Metaspace: 20593K(21376K)->20593K(21376K) NonClass: 18185K(18688K)->18185K(18688K) Class: 2408K(2688K)->2408K(2688K)
[124.463s][info][gc             ] GC(570) Pause Young (Allocation Failure) 760M->85M(2044M) 1.004ms
[124.463s][info][gc,cpu         ] GC(570) User=0.00s Sys=0.00s Real=0.00s
[124.692s][info][gc,start       ] GC(571) Pause Young (Allocation Failure)
[124.693s][info][gc,heap        ] GC(571) PSYoungGen: 692837K->1925K(694784K)
[124.693s][info][gc,heap        ] GC(571) ParOldGen: 85511K->85511K(1398272K)
[124.693s][info][gc,metaspace   ] GC(571) Metaspace: 20593K(21376K)->20593K(21376K) NonClass: 18185K(18688K)->18185K(18688K) Class: 2408K(2688K)->2408K(2688K)
[124.693s][info][gc             ] GC(571) Pause Young (Allocation Failure) 760M->85M(2044M) 0.828ms
[124.693s][info][gc,cpu         ] GC(571) User=0.00s Sys=0.00s Real=0.00s
[124.922s][info][gc,start       ] GC(572) Pause Young (Allocation Failure)
[124.923s][info][gc,heap        ] GC(572) PSYoungGen: 692613K->1145K(694784K)
[124.923s][info][gc,heap        ] GC(572) ParOldGen: 85511K->85511K(1398272K)
[124.923s][info][gc,metaspace   ] GC(572) Metaspace: 20593K(21376K)->20593K(21376K) NonClass: 18185K(18688K)->18185K(18688K) Class: 2408K(2688K)->2408K(2688K)
[124.923s][info][gc             ] GC(572) Pause Young (Allocation Failure) 759M->84M(2044M) 1.111ms
[124.923s][info][gc,cpu         ] GC(572) User=0.00s Sys=0.00s Real=0.00s
[125.150s][info][gc,start       ] GC(573) Pause Young (Allocation Failure)
[125.150s][info][gc,heap        ] GC(573) PSYoungGen: 691833K->192K(694784K)
[125.150s][info][gc,heap        ] GC(573) ParOldGen: 85511K->85511K(1398272K)
[125.150s][info][gc,metaspace   ] GC(573) Metaspace: 20593K(21376K)->20593K(21376K) NonClass: 18185K(18688K)->18185K(18688K) Class: 2408K(2688K)->2408K(2688K)
[125.150s][info][gc             ] GC(573) Pause Young (Allocation Failure) 759M->83M(2044M) 0.478ms
[125.150s][info][gc,cpu         ] GC(573) User=0.00s Sys=0.00s Real=0.00s
[125.381s][info][gc,start       ] GC(574) Pause Young (Allocation Failure)
[125.381s][info][gc,heap        ] GC(574) PSYoungGen: 690880K->2445K(694784K)
[125.381s][info][gc,heap        ] GC(574) ParOldGen: 85511K->85535K(1398272K)
[125.381s][info][gc,metaspace   ] GC(574) Metaspace: 20593K(21376K)->20593K(21376K) NonClass: 18185K(18688K)->18185K(18688K) Class: 2408K(2688K)->2408K(2688K)
[125.382s][info][gc             ] GC(574) Pause Young (Allocation Failure) 758M->85M(2044M) 0.960ms
[125.382s][info][gc,cpu         ] GC(574) User=0.00s Sys=0.00s Real=0.00s
[125.618s][info][gc,start       ] GC(575) Pause Young (Allocation Failure)
[125.619s][info][gc,heap        ] GC(575) PSYoungGen: 693133K->1890K(694784K)
[125.619s][info][gc,heap        ] GC(575) ParOldGen: 85535K->85535K(1398272K)
[125.619s][info][gc,metaspace   ] GC(575) Metaspace: 20593K(21376K)->20593K(21376K) NonClass: 18185K(18688K)->18185K(18688K) Class: 2408K(2688K)->2408K(2688K)
[125.619s][info][gc             ] GC(575) Pause Young (Allocation Failure) 760M->85M(2044M) 0.890ms
[125.619s][info][gc,cpu         ] GC(575) User=0.00s Sys=0.00s Real=0.00s
[125.844s][info][gc,start       ] GC(576) Pause Young (Allocation Failure)
[125.844s][info][gc,heap        ] GC(576) PSYoungGen: 692578K->1368K(694784K)
[125.844s][info][gc,heap        ] GC(576) ParOldGen: 85535K->85535K(1398272K)
[125.844s][info][gc,metaspace   ] GC(576) Metaspace: 20593K(21376K)->20593K(21376K) NonClass: 18185K(18688K)->18185K(18688K) Class: 2408K(2688K)->2408K(2688K)
[125.844s][info][gc             ] GC(576) Pause Young (Allocation Failure) 759M->84M(2044M) 0.744ms
[125.845s][info][gc,cpu         ] GC(576) User=0.00s Sys=0.00s Real=0.00s
[126.070s][info][gc,start       ] GC(577) Pause Young (Allocation Failure)
[126.071s][info][gc,heap        ] GC(577) PSYoungGen: 692056K->545K(695296K)
[126.071s][info][gc,heap        ] GC(577) ParOldGen: 85535K->85551K(1398272K)
[126.071s][info][gc,metaspace   ] GC(577) Metaspace: 20593K(21376K)->20593K(21376K) NonClass: 18185K(18688K)->18185K(18688K) Class: 2408K(2688K)->2408K(2688K)
[126.071s][info][gc             ] GC(577) Pause Young (Allocation Failure) 759M->84M(2044M) 0.619ms
[126.071s][info][gc,cpu         ] GC(577) User=0.00s Sys=0.00s Real=0.00s
[126.294s][info][gc,start       ] GC(578) Pause Young (Allocation Failure)
[126.296s][info][gc,heap        ] GC(578) PSYoungGen: 691968K->2796K(694784K)
[126.296s][info][gc,heap        ] GC(578) ParOldGen: 85551K->85551K(1398272K)
[126.296s][info][gc,metaspace   ] GC(578) Metaspace: 20593K(21376K)->20593K(21376K) NonClass: 18185K(18688K)->18185K(18688K) Class: 2408K(2688K)->2408K(2688K)
[126.296s][info][gc             ] GC(578) Pause Young (Allocation Failure) 759M->86M(2044M) 1.353ms
[126.296s][info][gc,cpu         ] GC(578) User=0.00s Sys=0.00s Real=0.00s
[126.530s][info][gc,start       ] GC(579) Pause Young (Allocation Failure)
[126.531s][info][gc,heap        ] GC(579) PSYoungGen: 694508K->2288K(694784K)
[126.531s][info][gc,heap        ] GC(579) ParOldGen: 85551K->85551K(1398272K)
[126.531s][info][gc,metaspace   ] GC(579) Metaspace: 20593K(21376K)->20593K(21376K) NonClass: 18185K(18688K)->18185K(18688K) Class: 2408K(2688K)->2408K(2688K)
[126.531s][info][gc             ] GC(579) Pause Young (Allocation Failure) 761M->85M(2044M) 0.962ms
[126.531s][info][gc,cpu         ] GC(579) User=0.00s Sys=0.00s Real=0.00s
[126.656s][info][gc,start       ] GC(580) Pause Young (System.gc())
[126.657s][info][gc,heap        ] GC(580) PSYoungGen: 372370K->32K(694784K)
[126.657s][info][gc,heap        ] GC(580) ParOldGen: 85551K->85551K(1398272K)
[126.657s][info][gc,metaspace   ] GC(580) Metaspace: 20593K(21376K)->20593K(21376K) NonClass: 18185K(18688K)->18185K(18688K) Class: 2408K(2688K)->2408K(2688K)
[126.657s][info][gc             ] GC(580) Pause Young (System.gc()) 447M->83M(2044M) 0.544ms
[126.657s][info][gc,cpu         ] GC(580) User=0.00s Sys=0.00s Real=0.00s
[126.657s][info][gc,start       ] GC(581) Pause Full (System.gc())
[126.657s][info][gc,phases,start] GC(581) Marking Phase
[126.712s][info][gc,phases      ] GC(581) Marking Phase 55.533ms
[126.712s][info][gc,phases,start] GC(581) Summary Phase
[126.712s][info][gc,phases      ] GC(581) Summary Phase 0.012ms
[126.712s][info][gc,phases,start] GC(581) Adjust Roots
[126.714s][info][gc,phases      ] GC(581) Adjust Roots 1.408ms
[126.714s][info][gc,phases,start] GC(581) Compaction Phase
[126.728s][info][gc,phases      ] GC(581) Compaction Phase 13.803ms
[126.728s][info][gc,phases,start] GC(581) Post Compact
[126.728s][info][gc,phases      ] GC(581) Post Compact 0.638ms
[126.728s][info][gc,heap        ] GC(581) PSYoungGen: 32K->0K(694784K)
[126.728s][info][gc,heap        ] GC(581) ParOldGen: 85551K->85487K(1398272K)
[126.728s][info][gc,metaspace   ] GC(581) Metaspace: 20593K(21376K)->20593K(21376K) NonClass: 18185K(18688K)->18185K(18688K) Class: 2408K(2688K)->2408K(2688K)
[126.728s][info][gc             ] GC(581) Pause Full (System.gc()) 83M->83M(2044M) 71.681ms
[126.728s][info][gc,cpu         ] GC(581) User=0.14s Sys=0.00s Real=0.07s
[126.958s][info][gc,start       ] GC(582) Pause Young (Allocation Failure)
[126.959s][info][gc,heap        ] GC(582) PSYoungGen: 690688K->2298K(694784K)
[126.959s][info][gc,heap        ] GC(582) ParOldGen: 85487K->85487K(1398272K)
[126.959s][info][gc,metaspace   ] GC(582) Metaspace: 20595K(21376K)->20595K(21376K) NonClass: 18187K(18688K)->18187K(18688K) Class: 2408K(2688K)->2408K(2688K)
[126.959s][info][gc             ] GC(582) Pause Young (Allocation Failure) 757M->85M(2044M) 0.844ms
[126.959s][info][gc,cpu         ] GC(582) User=0.00s Sys=0.00s Real=0.00s
[127.188s][info][gc,start       ] GC(583) Pause Young (Allocation Failure)
[127.189s][info][gc,heap        ] GC(583) PSYoungGen: 692986K->1607K(694784K)
[127.189s][info][gc,heap        ] GC(583) ParOldGen: 85487K->85511K(1398272K)
[127.189s][info][gc,metaspace   ] GC(583) Metaspace: 20595K(21376K)->20595K(21376K) NonClass: 18187K(18688K)->18187K(18688K) Class: 2408K(2688K)->2408K(2688K)
[127.189s][info][gc             ] GC(583) Pause Young (Allocation Failure) 760M->85M(2044M) 1.012ms
[127.189s][info][gc,cpu         ] GC(583) User=0.00s Sys=0.00s Real=0.00s
[127.420s][info][gc,start       ] GC(584) Pause Young (Allocation Failure)
[127.421s][info][gc,heap        ] GC(584) PSYoungGen: 692295K->974K(694784K)
[127.421s][info][gc,heap        ] GC(584) ParOldGen: 85511K->85511K(1398272K)
[127.421s][info][gc,metaspace   ] GC(584) Metaspace: 20595K(21376K)->20595K(21376K) NonClass: 18187K(18688K)->18187K(18688K) Class: 2408K(2688K)->2408K(2688K)
[127.421s][info][gc             ] GC(584) Pause Young (Allocation Failure) 759M->84M(2044M) 1.388ms
[127.421s][info][gc,cpu         ] GC(584) User=0.00s Sys=0.00s Real=0.00s
[127.649s][info][gc,start       ] GC(585) Pause Young (Allocation Failure)
[127.651s][info][gc,heap        ] GC(585) PSYoungGen: 691662K->2113K(694784K)
[127.651s][info][gc,heap        ] GC(585) ParOldGen: 85511K->85511K(1398272K)
[127.651s][info][gc,metaspace   ] GC(585) Metaspace: 20595K(21376K)->20595K(21376K) NonClass: 18187K(18688K)->18187K(18688K) Class: 2408K(2688K)->2408K(2688K)
[127.651s][info][gc             ] GC(585) Pause Young (Allocation Failure) 758M->85M(2044M) 1.616ms
[127.651s][info][gc,cpu         ] GC(585) User=0.00s Sys=0.00s Real=0.00s
[127.877s][info][gc,start       ] GC(586) Pause Young (Allocation Failure)
[127.878s][info][gc,heap        ] GC(586) PSYoungGen: 692801K->2612K(694784K)
[127.878s][info][gc,heap        ] GC(586) ParOldGen: 85511K->85535K(1398272K)
[127.878s][info][gc,metaspace   ] GC(586) Metaspace: 20595K(21376K)->20595K(21376K) NonClass: 18187K(18688K)->18187K(18688K) Class: 2408K(2688K)->2408K(2688K)
[127.878s][info][gc             ] GC(586) Pause Young (Allocation Failure) 760M->86M(2044M) 1.108ms
[127.878s][info][gc,cpu         ] GC(586) User=0.00s Sys=0.00s Real=0.00s
[128.108s][info][gc,start       ] GC(587) Pause Young (Allocation Failure)
[128.109s][info][gc,heap        ] GC(587) PSYoungGen: 693300K->1616K(694784K)
[128.109s][info][gc,heap        ] GC(587) ParOldGen: 85535K->85535K(1398272K)
[128.109s][info][gc,metaspace   ] GC(587) Metaspace: 20595K(21376K)->20595K(21376K) NonClass: 18187K(18688K)->18187K(18688K) Class: 2408K(2688K)->2408K(2688K)
[128.109s][info][gc             ] GC(587) Pause Young (Allocation Failure) 760M->85M(2044M) 0.743ms
[128.109s][info][gc,cpu         ] GC(587) User=0.00s Sys=0.00s Real=0.00s
[128.337s][info][gc,start       ] GC(588) Pause Young (Allocation Failure)
[128.338s][info][gc,heap        ] GC(588) PSYoungGen: 692304K->974K(695296K)
[128.338s][info][gc,heap        ] GC(588) ParOldGen: 85535K->85535K(1398272K)
[128.338s][info][gc,metaspace   ] GC(588) Metaspace: 20595K(21376K)->20595K(21376K) NonClass: 18187K(18688K)->18187K(18688K) Class: 2408K(2688K)->2408K(2688K)
[128.338s][info][gc             ] GC(588) Pause Young (Allocation Failure) 759M->84M(2044M) 0.732ms
[128.338s][info][gc,cpu         ] GC(588) User=0.00s Sys=0.00s Real=0.00s
[128.572s][info][gc,start       ] GC(589) Pause Young (Allocation Failure)
[128.573s][info][gc,heap        ] GC(589) PSYoungGen: 692174K->2113K(694784K)
[128.573s][info][gc,heap        ] GC(589) ParOldGen: 85535K->85535K(1398272K)
[128.573s][info][gc,metaspace   ] GC(589) Metaspace: 20595K(21376K)->20595K(21376K) NonClass: 18187K(18688K)->18187K(18688K) Class: 2408K(2688K)->2408K(2688K)
[128.573s][info][gc             ] GC(589) Pause Young (Allocation Failure) 759M->85M(2044M) 1.592ms
[128.573s][info][gc,cpu         ] GC(589) User=0.00s Sys=0.00s Real=0.00s
[128.807s][info][gc,start       ] GC(590) Pause Young (Allocation Failure)
[128.808s][info][gc,heap        ] GC(590) PSYoungGen: 693313K->2236K(695296K)
[128.808s][info][gc,heap        ] GC(590) ParOldGen: 85535K->85559K(1398272K)
[128.808s][info][gc,metaspace   ] GC(590) Metaspace: 20595K(21376K)->20595K(21376K) NonClass: 18187K(18688K)->18187K(18688K) Class: 2408K(2688K)->2408K(2688K)
[128.808s][info][gc             ] GC(590) Pause Young (Allocation Failure) 760M->85M(2044M) 1.222ms
[128.808s][info][gc,cpu         ] GC(590) User=0.00s Sys=0.00s Real=0.00s
[129.039s][info][gc,start       ] GC(591) Pause Young (Allocation Failure)
[129.040s][info][gc,heap        ] GC(591) PSYoungGen: 693948K->1824K(695296K)
[129.040s][info][gc,heap        ] GC(591) ParOldGen: 85559K->85559K(1398272K)
[129.040s][info][gc,metaspace   ] GC(591) Metaspace: 20595K(21376K)->20595K(21376K) NonClass: 18187K(18688K)->18187K(18688K) Class: 2408K(2688K)->2408K(2688K)
[129.040s][info][gc             ] GC(591) Pause Young (Allocation Failure) 761M->85M(2044M) 0.785ms
[129.040s][info][gc,cpu         ] GC(591) User=0.00s Sys=0.00s Real=0.00s
[129.272s][info][gc,start       ] GC(592) Pause Young (Allocation Failure)
[129.272s][info][gc,heap        ] GC(592) PSYoungGen: 693536K->1254K(695296K)
[129.272s][info][gc,heap        ] GC(592) ParOldGen: 85559K->85559K(1398272K)
[129.272s][info][gc,metaspace   ] GC(592) Metaspace: 20595K(21376K)->20595K(21376K) NonClass: 18187K(18688K)->18187K(18688K) Class: 2408K(2688K)->2408K(2688K)
[129.272s][info][gc             ] GC(592) Pause Young (Allocation Failure) 760M->84M(2044M) 0.636ms
[129.272s][info][gc,cpu         ] GC(592) User=0.00s Sys=0.00s Real=0.00s
[129.505s][info][gc,start       ] GC(593) Pause Young (Allocation Failure)
[129.505s][info][gc,heap        ] GC(593) PSYoungGen: 692966K->592K(695296K)
[129.505s][info][gc,heap        ] GC(593) ParOldGen: 85559K->85575K(1398272K)
[129.505s][info][gc,metaspace   ] GC(593) Metaspace: 20595K(21376K)->20595K(21376K) NonClass: 18187K(18688K)->18187K(18688K) Class: 2408K(2688K)->2408K(2688K)
[129.505s][info][gc             ] GC(593) Pause Young (Allocation Failure) 760M->84M(2044M) 0.536ms
[129.505s][info][gc,cpu         ] GC(593) User=0.00s Sys=0.00s Real=0.00s
[129.727s][info][gc,start       ] GC(594) Pause Young (Allocation Failure)
[129.728s][info][gc,heap        ] GC(594) PSYoungGen: 692268K->2732K(695296K)
[129.728s][info][gc,heap        ] GC(594) ParOldGen: 85575K->85575K(1398272K)
[129.728s][info][gc,metaspace   ] GC(594) Metaspace: 20595K(21376K)->20595K(21376K) NonClass: 18187K(18688K)->18187K(18688K) Class: 2408K(2688K)->2408K(2688K)
[129.728s][info][gc             ] GC(594) Pause Young (Allocation Failure) 759M->86M(2044M) 1.015ms
[129.728s][info][gc,cpu         ] GC(594) User=0.00s Sys=0.00s Real=0.00s
[129.957s][info][gc,start       ] GC(595) Pause Young (Allocation Failure)
[129.958s][info][gc,heap        ] GC(595) PSYoungGen: 694444K->2190K(695296K)
[129.958s][info][gc,heap        ] GC(595) ParOldGen: 85575K->85575K(1398272K)
[129.958s][info][gc,metaspace   ] GC(595) Metaspace: 20595K(21376K)->20595K(21376K) NonClass: 18187K(18688K)->18187K(18688K) Class: 2408K(2688K)->2408K(2688K)
[129.958s][info][gc             ] GC(595) Pause Young (Allocation Failure) 761M->85M(2044M) 0.826ms
[129.958s][info][gc,cpu         ] GC(595) User=0.00s Sys=0.00s Real=0.00s
[130.079s][info][gc,start       ] GC(596) Pause Young (System.gc())
[130.080s][info][gc,heap        ] GC(596) PSYoungGen: 375997K->64K(694272K)
[130.080s][info][gc,heap        ] GC(596) ParOldGen: 85575K->85575K(1398272K)
[130.080s][info][gc,metaspace   ] GC(596) Metaspace: 20596K(21376K)->20596K(21376K) NonClass: 18188K(18688K)->18188K(18688K) Class: 2408K(2688K)->2408K(2688K)
[130.080s][info][gc             ] GC(596) Pause Young (System.gc()) 450M->83M(2043M) 0.468ms
[130.080s][info][gc,cpu         ] GC(596) User=0.00s Sys=0.00s Real=0.00s
[130.080s][info][gc,start       ] GC(597) Pause Full (System.gc())
[130.080s][info][gc,phases,start] GC(597) Marking Phase
[130.144s][info][gc,phases      ] GC(597) Marking Phase 63.889ms
[130.144s][info][gc,phases,start] GC(597) Summary Phase
[130.144s][info][gc,phases      ] GC(597) Summary Phase 0.011ms
[130.144s][info][gc,phases,start] GC(597) Adjust Roots
[130.145s][info][gc,phases      ] GC(597) Adjust Roots 1.364ms
[130.145s][info][gc,phases,start] GC(597) Compaction Phase
[130.160s][info][gc,phases      ] GC(597) Compaction Phase 15.014ms
[130.160s][info][gc,phases,start] GC(597) Post Compact
[130.161s][info][gc,phases      ] GC(597) Post Compact 0.652ms
[130.161s][info][gc,heap        ] GC(597) PSYoungGen: 64K->0K(694272K)
[130.161s][info][gc,heap        ] GC(597) ParOldGen: 85575K->85487K(1398272K)
[130.161s][info][gc,metaspace   ] GC(597) Metaspace: 20596K(21376K)->20596K(21376K) NonClass: 18188K(18688K)->18188K(18688K) Class: 2408K(2688K)->2408K(2688K)
[130.161s][info][gc             ] GC(597) Pause Full (System.gc()) 83M->83M(2043M) 81.243ms
[130.161s][info][gc,cpu         ] GC(597) User=0.31s Sys=0.00s Real=0.08s
[130.386s][info][gc,start       ] GC(598) Pause Young (Allocation Failure)
[130.388s][info][gc,heap        ] GC(598) PSYoungGen: 690688K->2289K(694784K)
[130.388s][info][gc,heap        ] GC(598) ParOldGen: 85487K->85487K(1398272K)
[130.388s][info][gc,metaspace   ] GC(598) Metaspace: 20596K(21376K)->20596K(21376K) NonClass: 18188K(18688K)->18188K(18688K) Class: 2408K(2688K)->2408K(2688K)
[130.388s][info][gc             ] GC(598) Pause Young (Allocation Failure) 757M->85M(2044M) 1.273ms
[130.388s][info][gc,cpu         ] GC(598) User=0.00s Sys=0.00s Real=0.00s
[130.618s][info][gc,start       ] GC(599) Pause Young (Allocation Failure)
[130.620s][info][gc,heap        ] GC(599) PSYoungGen: 692932K->1829K(694784K)
[130.620s][info][gc,heap        ] GC(599) ParOldGen: 85487K->85503K(1398272K)
[130.620s][info][gc,metaspace   ] GC(599) Metaspace: 20596K(21376K)->20596K(21376K) NonClass: 18188K(18688K)->18188K(18688K) Class: 2408K(2688K)->2408K(2688K)
[130.620s][info][gc             ] GC(599) Pause Young (Allocation Failure) 760M->85M(2044M) 1.135ms
[130.620s][info][gc,cpu         ] GC(599) User=0.00s Sys=0.00s Real=0.00s
[130.850s][info][gc,start       ] GC(600) Pause Young (Allocation Failure)
[130.851s][info][gc,heap        ] GC(600) PSYoungGen: 692517K->1073K(694784K)
[130.851s][info][gc,heap        ] GC(600) ParOldGen: 85503K->85503K(1398272K)
[130.851s][info][gc,metaspace   ] GC(600) Metaspace: 20596K(21376K)->20596K(21376K) NonClass: 18188K(18688K)->18188K(18688K) Class: 2408K(2688K)->2408K(2688K)
[130.851s][info][gc             ] GC(600) Pause Young (Allocation Failure) 759M->84M(2044M) 1.070ms
[130.851s][info][gc,cpu         ] GC(600) User=0.00s Sys=0.00s Real=0.00s
[131.079s][info][gc,start       ] GC(601) Pause Young (Allocation Failure)
[131.080s][info][gc,heap        ] GC(601) PSYoungGen: 691761K->128K(695296K)
[131.080s][info][gc,heap        ] GC(601) ParOldGen: 85503K->85503K(1398272K)
[131.080s][info][gc,metaspace   ] GC(601) Metaspace: 20596K(21376K)->20596K(21376K) NonClass: 18188K(18688K)->18188K(18688K) Class: 2408K(2688K)->2408K(2688K)
[131.080s][info][gc             ] GC(601) Pause Young (Allocation Failure) 759M->83M(2044M) 0.857ms
[131.080s][info][gc,cpu         ] GC(601) User=0.00s Sys=0.00s Real=0.00s
[131.302s][info][gc,start       ] GC(602) Pause Young (Allocation Failure)
[131.302s][info][gc,heap        ] GC(602) PSYoungGen: 691840K->2249K(694272K)
[131.303s][info][gc,heap        ] GC(602) ParOldGen: 85503K->85519K(1398272K)
[131.303s][info][gc,metaspace   ] GC(602) Metaspace: 20596K(21376K)->20596K(21376K) NonClass: 18188K(18688K)->18188K(18688K) Class: 2408K(2688K)->2408K(2688K)
[131.303s][info][gc             ] GC(602) Pause Young (Allocation Failure) 759M->85M(2043M) 0.864ms
[131.303s][info][gc,cpu         ] GC(602) User=0.00s Sys=0.00s Real=0.00s
[131.543s][info][gc,start       ] GC(603) Pause Young (Allocation Failure)
[131.544s][info][gc,heap        ] GC(603) PSYoungGen: 693961K->1618K(695296K)
[131.544s][info][gc,heap        ] GC(603) ParOldGen: 85519K->85519K(1398272K)
[131.544s][info][gc,metaspace   ] GC(603) Metaspace: 20596K(21376K)->20596K(21376K) NonClass: 18188K(18688K)->18188K(18688K) Class: 2408K(2688K)->2408K(2688K)
[131.544s][info][gc             ] GC(603) Pause Young (Allocation Failure) 761M->85M(2044M) 0.870ms
[131.544s][info][gc,cpu         ] GC(603) User=0.00s Sys=0.00s Real=0.00s
[131.773s][info][gc,start       ] GC(604) Pause Young (Allocation Failure)
[131.773s][info][gc,heap        ] GC(604) PSYoungGen: 692818K->1026K(694784K)
[131.773s][info][gc,heap        ] GC(604) ParOldGen: 85519K->85519K(1398272K)
[131.774s][info][gc,metaspace   ] GC(604) Metaspace: 20596K(21376K)->20596K(21376K) NonClass: 18188K(18688K)->18188K(18688K) Class: 2408K(2688K)->2408K(2688K)
[131.774s][info][gc             ] GC(604) Pause Young (Allocation Failure) 760M->84M(2044M) 0.724ms
[131.774s][info][gc,cpu         ] GC(604) User=0.00s Sys=0.00s Real=0.00s
[131.999s][info][gc,start       ] GC(605) Pause Young (Allocation Failure)
[131.999s][info][gc,heap        ] GC(605) PSYoungGen: 692226K->400K(695296K)
[131.999s][info][gc,heap        ] GC(605) ParOldGen: 85519K->85519K(1398272K)
[131.999s][info][gc,metaspace   ] GC(605) Metaspace: 20596K(21376K)->20596K(21376K) NonClass: 18188K(18688K)->18188K(18688K) Class: 2408K(2688K)->2408K(2688K)
[131.999s][info][gc             ] GC(605) Pause Young (Allocation Failure) 759M->83M(2044M) 0.589ms
[131.999s][info][gc,cpu         ] GC(605) User=0.00s Sys=0.00s Real=0.00s
[132.222s][info][gc,start       ] GC(606) Pause Young (Allocation Failure)
[132.224s][info][gc,heap        ] GC(606) PSYoungGen: 692112K->2461K(695296K)
[132.224s][info][gc,heap        ] GC(606) ParOldGen: 85519K->85535K(1398272K)
[132.224s][info][gc,metaspace   ] GC(606) Metaspace: 20596K(21376K)->20596K(21376K) NonClass: 18188K(18688K)->18188K(18688K) Class: 2408K(2688K)->2408K(2688K)
[132.224s][info][gc             ] GC(606) Pause Young (Allocation Failure) 759M->85M(2044M) 1.365ms
[132.224s][info][gc,cpu         ] GC(606) User=0.00s Sys=0.00s Real=0.00s
[132.458s][info][gc,start       ] GC(607) Pause Young (Allocation Failure)
[132.459s][info][gc,heap        ] GC(607) PSYoungGen: 694173K->2194K(694272K)
[132.459s][info][gc,heap        ] GC(607) ParOldGen: 85535K->85535K(1398272K)
[132.459s][info][gc,metaspace   ] GC(607) Metaspace: 20596K(21376K)->20596K(21376K) NonClass: 18188K(18688K)->18188K(18688K) Class: 2408K(2688K)->2408K(2688K)
[132.459s][info][gc             ] GC(607) Pause Young (Allocation Failure) 761M->85M(2043M) 0.738ms
[132.459s][info][gc,cpu         ] GC(607) User=0.00s Sys=0.00s Real=0.00s
[132.690s][info][gc,start       ] GC(608) Pause Young (Allocation Failure)
[132.691s][info][gc,heap        ] GC(608) PSYoungGen: 692882K->1436K(694784K)
[132.691s][info][gc,heap        ] GC(608) ParOldGen: 85535K->85535K(1398272K)
[132.691s][info][gc,metaspace   ] GC(608) Metaspace: 20596K(21376K)->20596K(21376K) NonClass: 18188K(18688K)->18188K(18688K) Class: 2408K(2688K)->2408K(2688K)
[132.691s][info][gc             ] GC(608) Pause Young (Allocation Failure) 760M->84M(2044M) 0.606ms
[132.691s][info][gc,cpu         ] GC(608) User=0.00s Sys=0.00s Real=0.00s
[132.922s][info][gc,start       ] GC(609) Pause Young (Allocation Failure)
[132.922s][info][gc,heap        ] GC(609) PSYoungGen: 692124K->449K(695296K)
[132.922s][info][gc,heap        ] GC(609) ParOldGen: 85535K->85543K(1398272K)
[132.922s][info][gc,metaspace   ] GC(609) Metaspace: 20596K(21376K)->20596K(21376K) NonClass: 18188K(18688K)->18188K(18688K) Class: 2408K(2688K)->2408K(2688K)
[132.922s][info][gc             ] GC(609) Pause Young (Allocation Failure) 759M->83M(2044M) 0.533ms
[132.922s][info][gc,cpu         ] GC(609) User=0.00s Sys=0.00s Real=0.00s
[133.156s][info][gc,start       ] GC(610) Pause Young (Allocation Failure)
[133.157s][info][gc,heap        ] GC(610) PSYoungGen: 692161K->2975K(694784K)
[133.157s][info][gc,heap        ] GC(610) ParOldGen: 85543K->85543K(1398272K)
[133.157s][info][gc,metaspace   ] GC(610) Metaspace: 20596K(21376K)->20596K(21376K) NonClass: 18188K(18688K)->18188K(18688K) Class: 2408K(2688K)->2408K(2688K)
[133.157s][info][gc             ] GC(610) Pause Young (Allocation Failure) 759M->86M(2044M) 1.046ms
[133.157s][info][gc,cpu         ] GC(610) User=0.00s Sys=0.00s Real=0.00s
[133.403s][info][gc,start       ] GC(611) Pause Young (Allocation Failure)
[133.404s][info][gc,heap        ] GC(611) PSYoungGen: 694687K->2259K(694784K)
[133.404s][info][gc,heap        ] GC(611) ParOldGen: 85543K->85543K(1398272K)
[133.404s][info][gc,metaspace   ] GC(611) Metaspace: 20596K(21376K)->20596K(21376K) NonClass: 18188K(18688K)->18188K(18688K) Class: 2408K(2688K)->2408K(2688K)
[133.404s][info][gc             ] GC(611) Pause Young (Allocation Failure) 761M->85M(2044M) 1.149ms
[133.404s][info][gc,cpu         ] GC(611) User=0.00s Sys=0.00s Real=0.00s
[133.534s][info][gc,start       ] GC(612) Pause Young (System.gc())
[133.535s][info][gc,heap        ] GC(612) PSYoungGen: 373511K->64K(694784K)
[133.535s][info][gc,heap        ] GC(612) ParOldGen: 85543K->85543K(1398272K)
[133.535s][info][gc,metaspace   ] GC(612) Metaspace: 20596K(21376K)->20596K(21376K) NonClass: 18188K(18688K)->18188K(18688K) Class: 2408K(2688K)->2408K(2688K)
[133.535s][info][gc             ] GC(612) Pause Young (System.gc()) 448M->83M(2044M) 1.171ms
[133.535s][info][gc,cpu         ] GC(612) User=0.00s Sys=0.00s Real=0.00s
[133.535s][info][gc,start       ] GC(613) Pause Full (System.gc())
[133.535s][info][gc,phases,start] GC(613) Marking Phase
[133.600s][info][gc,phases      ] GC(613) Marking Phase 64.188ms
[133.600s][info][gc,phases,start] GC(613) Summary Phase
[133.600s][info][gc,phases      ] GC(613) Summary Phase 0.012ms
[133.600s][info][gc,phases,start] GC(613) Adjust Roots
[133.601s][info][gc,phases      ] GC(613) Adjust Roots 1.480ms
[133.601s][info][gc,phases,start] GC(613) Compaction Phase
[133.616s][info][gc,phases      ] GC(613) Compaction Phase 14.890ms
[133.616s][info][gc,phases,start] GC(613) Post Compact
[133.617s][info][gc,phases      ] GC(613) Post Compact 0.991ms
[133.617s][info][gc,heap        ] GC(613) PSYoungGen: 64K->0K(694784K)
[133.617s][info][gc,heap        ] GC(613) ParOldGen: 85543K->85487K(1398272K)
[133.617s][info][gc,metaspace   ] GC(613) Metaspace: 20596K(21376K)->20596K(21376K) NonClass: 18188K(18688K)->18188K(18688K) Class: 2408K(2688K)->2408K(2688K)
[133.617s][info][gc             ] GC(613) Pause Full (System.gc()) 83M->83M(2044M) 81.899ms
[133.617s][info][gc,cpu         ] GC(613) User=0.27s Sys=0.00s Real=0.08s
[133.840s][info][gc,start       ] GC(614) Pause Young (Allocation Failure)
[133.841s][info][gc,heap        ] GC(614) PSYoungGen: 690688K->2148K(694784K)
[133.841s][info][gc,heap        ] GC(614) ParOldGen: 85487K->85487K(1398272K)
[133.841s][info][gc,metaspace   ] GC(614) Metaspace: 20598K(21376K)->20598K(21376K) NonClass: 18190K(18688K)->18190K(18688K) Class: 2408K(2688K)->2408K(2688K)
[133.841s][info][gc             ] GC(614) Pause Young (Allocation Failure) 757M->85M(2044M) 0.878ms
[133.841s][info][gc,cpu         ] GC(614) User=0.00s Sys=0.00s Real=0.00s
[134.069s][info][gc,start       ] GC(615) Pause Young (Allocation Failure)
[134.070s][info][gc,heap        ] GC(615) PSYoungGen: 692836K->1763K(694784K)
[134.070s][info][gc,heap        ] GC(615) ParOldGen: 85487K->85519K(1398272K)
[134.070s][info][gc,metaspace   ] GC(615) Metaspace: 20598K(21376K)->20598K(21376K) NonClass: 18190K(18688K)->18190K(18688K) Class: 2408K(2688K)->2408K(2688K)
[134.070s][info][gc             ] GC(615) Pause Young (Allocation Failure) 760M->85M(2044M) 1.051ms
[134.070s][info][gc,cpu         ] GC(615) User=0.00s Sys=0.00s Real=0.00s
[134.297s][info][gc,start       ] GC(616) Pause Young (Allocation Failure)
[134.297s][info][gc,heap        ] GC(616) PSYoungGen: 692451K->968K(694784K)
[134.297s][info][gc,heap        ] GC(616) ParOldGen: 85519K->85519K(1398272K)
[134.297s][info][gc,metaspace   ] GC(616) Metaspace: 20598K(21376K)->20598K(21376K) NonClass: 18190K(18688K)->18190K(18688K) Class: 2408K(2688K)->2408K(2688K)
[134.297s][info][gc             ] GC(616) Pause Young (Allocation Failure) 759M->84M(2044M) 0.811ms
[134.297s][info][gc,cpu         ] GC(616) User=0.00s Sys=0.00s Real=0.00s
[134.531s][info][gc,start       ] GC(617) Pause Young (Allocation Failure)
[134.532s][info][gc,heap        ] GC(617) PSYoungGen: 691656K->192K(694784K)
[134.532s][info][gc,heap        ] GC(617) ParOldGen: 85519K->85519K(1398272K)
[134.532s][info][gc,metaspace   ] GC(617) Metaspace: 20598K(21376K)->20598K(21376K) NonClass: 18190K(18688K)->18190K(18688K) Class: 2408K(2688K)->2408K(2688K)
[134.532s][info][gc             ] GC(617) Pause Young (Allocation Failure) 758M->83M(2044M) 0.613ms
[134.532s][info][gc,cpu         ] GC(617) User=0.00s Sys=0.00s Real=0.00s
[134.754s][info][gc,start       ] GC(618) Pause Young (Allocation Failure)
[134.754s][info][gc,heap        ] GC(618) PSYoungGen: 690852K->2616K(694784K)
[134.755s][info][gc,heap        ] GC(618) ParOldGen: 85519K->85543K(1398272K)
[134.755s][info][gc,metaspace   ] GC(618) Metaspace: 20598K(21376K)->20598K(21376K) NonClass: 18190K(18688K)->18190K(18688K) Class: 2408K(2688K)->2408K(2688K)
[134.755s][info][gc             ] GC(618) Pause Young (Allocation Failure) 758M->86M(2044M) 0.900ms
[134.755s][info][gc,cpu         ] GC(618) User=0.00s Sys=0.00s Real=0.00s
[134.980s][info][gc,start       ] GC(619) Pause Young (Allocation Failure)
[134.981s][info][gc,heap        ] GC(619) PSYoungGen: 693304K->1769K(694784K)
[134.981s][info][gc,heap        ] GC(619) ParOldGen: 85543K->85543K(1398272K)
[134.981s][info][gc,metaspace   ] GC(619) Metaspace: 20598K(21376K)->20598K(21376K) NonClass: 18190K(18688K)->18190K(18688K) Class: 2408K(2688K)->2408K(2688K)
[134.981s][info][gc             ] GC(619) Pause Young (Allocation Failure) 760M->85M(2044M) 1.324ms
[134.981s][info][gc,cpu         ] GC(619) User=0.00s Sys=0.00s Real=0.00s
[135.207s][info][gc,start       ] GC(620) Pause Young (Allocation Failure)
[135.207s][info][gc,heap        ] GC(620) PSYoungGen: 692457K->983K(694784K)
[135.207s][info][gc,heap        ] GC(620) ParOldGen: 85543K->85543K(1398272K)
[135.207s][info][gc,metaspace   ] GC(620) Metaspace: 20598K(21376K)->20598K(21376K) NonClass: 18190K(18688K)->18190K(18688K) Class: 2408K(2688K)->2408K(2688K)
[135.207s][info][gc             ] GC(620) Pause Young (Allocation Failure) 759M->84M(2044M) 0.567ms
[135.207s][info][gc,cpu         ] GC(620) User=0.00s Sys=0.00s Real=0.00s
[135.439s][info][gc,start       ] GC(621) Pause Young (Allocation Failure)
[135.439s][info][gc,heap        ] GC(621) PSYoungGen: 691671K->352K(694784K)
[135.439s][info][gc,heap        ] GC(621) ParOldGen: 85543K->85543K(1398272K)
[135.439s][info][gc,metaspace   ] GC(621) Metaspace: 20598K(21376K)->20598K(21376K) NonClass: 18190K(18688K)->18190K(18688K) Class: 2408K(2688K)->2408K(2688K)
[135.439s][info][gc             ] GC(621) Pause Young (Allocation Failure) 758M->83M(2044M) 0.472ms
[135.439s][info][gc,cpu         ] GC(621) User=0.00s Sys=0.00s Real=0.00s
[135.674s][info][gc,start       ] GC(622) Pause Young (Allocation Failure)
[135.675s][info][gc,heap        ] GC(622) PSYoungGen: 691039K->2469K(694272K)
[135.675s][info][gc,heap        ] GC(622) ParOldGen: 85543K->85567K(1398272K)
[135.675s][info][gc,metaspace   ] GC(622) Metaspace: 20598K(21376K)->20598K(21376K) NonClass: 18190K(18688K)->18190K(18688K) Class: 2408K(2688K)->2408K(2688K)
[135.675s][info][gc             ] GC(622) Pause Young (Allocation Failure) 758M->85M(2043M) 1.334ms
[135.675s][info][gc,cpu         ] GC(622) User=0.00s Sys=0.00s Real=0.00s
[135.901s][info][gc,start       ] GC(623) Pause Young (Allocation Failure)
[135.902s][info][gc,heap        ] GC(623) PSYoungGen: 693157K->1801K(694784K)
[135.902s][info][gc,heap        ] GC(623) ParOldGen: 85567K->85567K(1398272K)
[135.902s][info][gc,metaspace   ] GC(623) Metaspace: 20598K(21376K)->20598K(21376K) NonClass: 18190K(18688K)->18190K(18688K) Class: 2408K(2688K)->2408K(2688K)
[135.902s][info][gc             ] GC(623) Pause Young (Allocation Failure) 760M->85M(2044M) 0.755ms
[135.902s][info][gc,cpu         ] GC(623) User=0.00s Sys=0.00s Real=0.00s
[136.130s][info][gc,start       ] GC(624) Pause Young (Allocation Failure)
[136.131s][info][gc,heap        ] GC(624) PSYoungGen: 692489K->1080K(695296K)
[136.131s][info][gc,heap        ] GC(624) ParOldGen: 85567K->85567K(1398272K)
[136.131s][info][gc,metaspace   ] GC(624) Metaspace: 20598K(21376K)->20598K(21376K) NonClass: 18190K(18688K)->18190K(18688K) Class: 2408K(2688K)->2408K(2688K)
[136.131s][info][gc             ] GC(624) Pause Young (Allocation Failure) 759M->84M(2044M) 0.617ms
[136.131s][info][gc,cpu         ] GC(624) User=0.00s Sys=0.00s Real=0.00s
[136.357s][info][gc,start       ] GC(625) Pause Young (Allocation Failure)
[136.358s][info][gc,heap        ] GC(625) PSYoungGen: 692280K->320K(694784K)
[136.358s][info][gc,heap        ] GC(625) ParOldGen: 85567K->85583K(1398272K)
[136.358s][info][gc,metaspace   ] GC(625) Metaspace: 20598K(21376K)->20598K(21376K) NonClass: 18190K(18688K)->18190K(18688K) Class: 2408K(2688K)->2408K(2688K)
[136.358s][info][gc             ] GC(625) Pause Young (Allocation Failure) 759M->83M(2044M) 0.453ms
[136.358s][info][gc,cpu         ] GC(625) User=0.02s Sys=0.00s Real=0.00s
[136.585s][info][gc,start       ] GC(626) Pause Young (Allocation Failure)
[136.586s][info][gc,heap        ] GC(626) PSYoungGen: 691512K->2438K(694272K)
[136.586s][info][gc,heap        ] GC(626) ParOldGen: 85583K->85583K(1398272K)
[136.586s][info][gc,metaspace   ] GC(626) Metaspace: 20598K(21376K)->20598K(21376K) NonClass: 18190K(18688K)->18190K(18688K) Class: 2408K(2688K)->2408K(2688K)
[136.586s][info][gc             ] GC(626) Pause Young (Allocation Failure) 758M->85M(2043M) 1.039ms
[136.586s][info][gc,cpu         ] GC(626) User=0.00s Sys=0.00s Real=0.00s
[136.818s][info][gc,start       ] GC(627) Pause Young (Allocation Failure)
[136.818s][info][gc,heap        ] GC(627) PSYoungGen: 693126K->1825K(694784K)
[136.818s][info][gc,heap        ] GC(627) ParOldGen: 85583K->85583K(1398272K)
[136.818s][info][gc,metaspace   ] GC(627) Metaspace: 20598K(21376K)->20598K(21376K) NonClass: 18190K(18688K)->18190K(18688K) Class: 2408K(2688K)->2408K(2688K)
[136.818s][info][gc             ] GC(627) Pause Young (Allocation Failure) 760M->85M(2044M) 0.760ms
[136.818s][info][gc,cpu         ] GC(627) User=0.00s Sys=0.00s Real=0.00s
[136.940s][info][gc,start       ] GC(628) Pause Young (System.gc())
[136.941s][info][gc,heap        ] GC(628) PSYoungGen: 376357K->32K(694784K)
[136.941s][info][gc,heap        ] GC(628) ParOldGen: 85583K->85583K(1398272K)
[136.941s][info][gc,metaspace   ] GC(628) Metaspace: 20598K(21376K)->20598K(21376K) NonClass: 18190K(18688K)->18190K(18688K) Class: 2408K(2688K)->2408K(2688K)
[136.941s][info][gc             ] GC(628) Pause Young (System.gc()) 451M->83M(2044M) 0.640ms
[136.941s][info][gc,cpu         ] GC(628) User=0.00s Sys=0.00s Real=0.00s
[136.941s][info][gc,start       ] GC(629) Pause Full (System.gc())
[136.941s][info][gc,phases,start] GC(629) Marking Phase
[136.997s][info][gc,phases      ] GC(629) Marking Phase 56.024ms
[136.997s][info][gc,phases,start] GC(629) Summary Phase
[136.997s][info][gc,phases      ] GC(629) Summary Phase 0.011ms
[136.997s][info][gc,phases,start] GC(629) Adjust Roots
[136.999s][info][gc,phases      ] GC(629) Adjust Roots 1.401ms
[136.999s][info][gc,phases,start] GC(629) Compaction Phase
[137.012s][info][gc,phases      ] GC(629) Compaction Phase 13.528ms
[137.012s][info][gc,phases,start] GC(629) Post Compact
[137.013s][info][gc,phases      ] GC(629) Post Compact 0.560ms
[137.013s][info][gc,heap        ] GC(629) PSYoungGen: 32K->0K(694784K)
[137.013s][info][gc,heap        ] GC(629) ParOldGen: 85583K->85487K(1398272K)
[137.013s][info][gc,metaspace   ] GC(629) Metaspace: 20598K(21376K)->20598K(21376K) NonClass: 18190K(18688K)->18190K(18688K) Class: 2408K(2688K)->2408K(2688K)
[137.013s][info][gc             ] GC(629) Pause Full (System.gc()) 83M->83M(2044M) 71.794ms
[137.013s][info][gc,cpu         ] GC(629) User=0.20s Sys=0.05s Real=0.07s
[137.238s][info][gc,start       ] GC(630) Pause Young (Allocation Failure)
[137.239s][info][gc,heap        ] GC(630) PSYoungGen: 690688K->2123K(694784K)
[137.239s][info][gc,heap        ] GC(630) ParOldGen: 85487K->85487K(1398272K)
[137.239s][info][gc,metaspace   ] GC(630) Metaspace: 20599K(21376K)->20599K(21376K) NonClass: 18191K(18688K)->18191K(18688K) Class: 2408K(2688K)->2408K(2688K)
[137.239s][info][gc             ] GC(630) Pause Young (Allocation Failure) 757M->85M(2044M) 0.877ms
[137.239s][info][gc,cpu         ] GC(630) User=0.00s Sys=0.00s Real=0.00s
[137.488s][info][gc,start       ] GC(631) Pause Young (Allocation Failure)
[137.489s][info][gc,heap        ] GC(631) PSYoungGen: 692811K->1601K(695296K)
[137.489s][info][gc,heap        ] GC(631) ParOldGen: 85487K->85503K(1398272K)
[137.489s][info][gc,metaspace   ] GC(631) Metaspace: 20599K(21376K)->20599K(21376K) NonClass: 18191K(18688K)->18191K(18688K) Class: 2408K(2688K)->2408K(2688K)
[137.489s][info][gc             ] GC(631) Pause Young (Allocation Failure) 760M->85M(2044M) 0.889ms
[137.489s][info][gc,cpu         ] GC(631) User=0.00s Sys=0.00s Real=0.00s
[137.741s][info][gc,start       ] GC(632) Pause Young (Allocation Failure)
[137.742s][info][gc,heap        ] GC(632) PSYoungGen: 692801K->862K(694784K)
[137.742s][info][gc,heap        ] GC(632) ParOldGen: 85503K->85503K(1398272K)
[137.742s][info][gc,metaspace   ] GC(632) Metaspace: 20599K(21376K)->20599K(21376K) NonClass: 18191K(18688K)->18191K(18688K) Class: 2408K(2688K)->2408K(2688K)
[137.742s][info][gc             ] GC(632) Pause Young (Allocation Failure) 760M->84M(2044M) 0.860ms
[137.742s][info][gc,cpu         ] GC(632) User=0.00s Sys=0.00s Real=0.00s
[137.975s][info][gc,start       ] GC(633) Pause Young (Allocation Failure)
[137.976s][info][gc,heap        ] GC(633) PSYoungGen: 692062K->160K(695296K)
[137.976s][info][gc,heap        ] GC(633) ParOldGen: 85503K->85503K(1398272K)
[137.976s][info][gc,metaspace   ] GC(633) Metaspace: 20599K(21376K)->20599K(21376K) NonClass: 18191K(18688K)->18191K(18688K) Class: 2408K(2688K)->2408K(2688K)
[137.976s][info][gc             ] GC(633) Pause Young (Allocation Failure) 759M->83M(2044M) 0.849ms
[137.976s][info][gc,cpu         ] GC(633) User=0.00s Sys=0.00s Real=0.00s
[138.206s][info][gc,start       ] GC(634) Pause Young (Allocation Failure)
[138.207s][info][gc,heap        ] GC(634) PSYoungGen: 691844K->2779K(694784K)
[138.207s][info][gc,heap        ] GC(634) ParOldGen: 85503K->85527K(1398272K)
[138.207s][info][gc,metaspace   ] GC(634) Metaspace: 20599K(21376K)->20599K(21376K) NonClass: 18191K(18688K)->18191K(18688K) Class: 2408K(2688K)->2408K(2688K)
[138.207s][info][gc             ] GC(634) Pause Young (Allocation Failure) 759M->86M(2044M) 1.076ms
[138.207s][info][gc,cpu         ] GC(634) User=0.00s Sys=0.00s Real=0.00s
[138.443s][info][gc,start       ] GC(635) Pause Young (Allocation Failure)
[138.444s][info][gc,heap        ] GC(635) PSYoungGen: 694491K->2038K(694784K)
[138.444s][info][gc,heap        ] GC(635) ParOldGen: 85527K->85527K(1398272K)
[138.444s][info][gc,metaspace   ] GC(635) Metaspace: 20599K(21376K)->20599K(21376K) NonClass: 18191K(18688K)->18191K(18688K) Class: 2408K(2688K)->2408K(2688K)
[138.444s][info][gc             ] GC(635) Pause Young (Allocation Failure) 761M->85M(2044M) 1.183ms
[138.444s][info][gc,cpu         ] GC(635) User=0.00s Sys=0.00s Real=0.00s
[138.687s][info][gc,start       ] GC(636) Pause Young (Allocation Failure)
[138.688s][info][gc,heap        ] GC(636) PSYoungGen: 692726K->1462K(694784K)
[138.688s][info][gc,heap        ] GC(636) ParOldGen: 85527K->85527K(1398272K)
[138.688s][info][gc,metaspace   ] GC(636) Metaspace: 20599K(21376K)->20599K(21376K) NonClass: 18191K(18688K)->18191K(18688K) Class: 2408K(2688K)->2408K(2688K)
[138.688s][info][gc             ] GC(636) Pause Young (Allocation Failure) 760M->84M(2044M) 0.661ms
[138.688s][info][gc,cpu         ] GC(636) User=0.00s Sys=0.00s Real=0.00s
[140.295s][info][gc,start       ] GC(637) Pause Young (Allocation Failure)
[140.303s][info][gc,heap        ] GC(637) PSYoungGen: 692150K->585K(695296K)
[140.303s][info][gc,heap        ] GC(637) ParOldGen: 85527K->85527K(1398272K)
[140.303s][info][gc,metaspace   ] GC(637) Metaspace: 20599K(21376K)->20599K(21376K) NonClass: 18191K(18688K)->18191K(18688K) Class: 2408K(2688K)->2408K(2688K)
[140.303s][info][gc             ] GC(637) Pause Young (Allocation Failure) 759M->84M(2044M) 8.097ms
[140.304s][info][gc,cpu         ] GC(637) User=0.00s Sys=0.00s Real=0.01s
[141.901s][info][gc,start       ] GC(638) Pause Young (Allocation Failure)
[141.902s][info][gc,heap        ] GC(638) PSYoungGen: 692259K->2503K(694272K)
[141.902s][info][gc,heap        ] GC(638) ParOldGen: 85527K->85551K(1398272K)
[141.902s][info][gc,metaspace   ] GC(638) Metaspace: 20599K(21376K)->20599K(21376K) NonClass: 18191K(18688K)->18191K(18688K) Class: 2408K(2688K)->2408K(2688K)
[141.902s][info][gc             ] GC(638) Pause Young (Allocation Failure) 759M->85M(2043M) 1.376ms
[141.902s][info][gc,cpu         ] GC(638) User=0.00s Sys=0.00s Real=0.00s
[142.146s][info][gc,start       ] GC(639) Pause Young (Allocation Failure)
[142.147s][info][gc,heap        ] GC(639) PSYoungGen: 694215K->2218K(694784K)
[142.147s][info][gc,heap        ] GC(639) ParOldGen: 85551K->85551K(1398272K)
[142.147s][info][gc,metaspace   ] GC(639) Metaspace: 20599K(21376K)->20599K(21376K) NonClass: 18191K(18688K)->18191K(18688K) Class: 2408K(2688K)->2408K(2688K)
[142.147s][info][gc             ] GC(639) Pause Young (Allocation Failure) 761M->85M(2044M) 1.037ms
[142.147s][info][gc,cpu         ] GC(639) User=0.00s Sys=0.00s Real=0.00s
[142.382s][info][gc,start       ] GC(640) Pause Young (Allocation Failure)
[142.383s][info][gc,heap        ] GC(640) PSYoungGen: 692906K->1311K(694784K)
[142.383s][info][gc,heap        ] GC(640) ParOldGen: 85551K->85551K(1398272K)
[142.383s][info][gc,metaspace   ] GC(640) Metaspace: 20599K(21376K)->20599K(21376K) NonClass: 18191K(18688K)->18191K(18688K) Class: 2408K(2688K)->2408K(2688K)
[142.383s][info][gc             ] GC(640) Pause Young (Allocation Failure) 760M->84M(2044M) 0.631ms
[142.383s][info][gc,cpu         ] GC(640) User=0.00s Sys=0.00s Real=0.00s
[142.623s][info][gc,start       ] GC(641) Pause Young (Allocation Failure)
[142.624s][info][gc,heap        ] GC(641) PSYoungGen: 691999K->457K(695296K)
[142.624s][info][gc,heap        ] GC(641) ParOldGen: 85551K->85575K(1398272K)
[142.624s][info][gc,metaspace   ] GC(641) Metaspace: 20599K(21376K)->20599K(21376K) NonClass: 18191K(18688K)->18191K(18688K) Class: 2408K(2688K)->2408K(2688K)
[142.624s][info][gc             ] GC(641) Pause Young (Allocation Failure) 759M->84M(2044M) 0.954ms
[142.624s][info][gc,cpu         ] GC(641) User=0.00s Sys=0.00s Real=0.00s
[142.862s][info][gc,start       ] GC(642) Pause Young (Allocation Failure)
[142.864s][info][gc,heap        ] GC(642) PSYoungGen: 692125K->2699K(694784K)
[142.864s][info][gc,heap        ] GC(642) ParOldGen: 85575K->85575K(1398272K)
[142.864s][info][gc,metaspace   ] GC(642) Metaspace: 20599K(21376K)->20599K(21376K) NonClass: 18191K(18688K)->18191K(18688K) Class: 2408K(2688K)->2408K(2688K)
[142.864s][info][gc             ] GC(642) Pause Young (Allocation Failure) 759M->86M(2044M) 1.433ms
[142.864s][info][gc,cpu         ] GC(642) User=0.00s Sys=0.00s Real=0.00s
[143.104s][info][gc,start       ] GC(643) Pause Young (Allocation Failure)
[143.104s][info][gc,heap        ] GC(643) PSYoungGen: 694411K->2190K(694784K)
[143.105s][info][gc,heap        ] GC(643) ParOldGen: 85575K->85575K(1398272K)
[143.105s][info][gc,metaspace   ] GC(643) Metaspace: 20599K(21376K)->20599K(21376K) NonClass: 18191K(18688K)->18191K(18688K) Class: 2408K(2688K)->2408K(2688K)
[143.105s][info][gc             ] GC(643) Pause Young (Allocation Failure) 761M->85M(2044M) 1.052ms
[143.105s][info][gc,cpu         ] GC(643) User=0.00s Sys=0.00s Real=0.00s
[143.237s][info][gc,start       ] GC(644) Pause Young (System.gc())
[143.238s][info][gc,heap        ] GC(644) PSYoungGen: 374859K->32K(694784K)
[143.238s][info][gc,heap        ] GC(644) ParOldGen: 85575K->85575K(1398272K)
[143.238s][info][gc,metaspace   ] GC(644) Metaspace: 20599K(21376K)->20599K(21376K) NonClass: 18191K(18688K)->18191K(18688K) Class: 2408K(2688K)->2408K(2688K)
[143.238s][info][gc             ] GC(644) Pause Young (System.gc()) 449M->83M(2044M) 0.678ms
[143.238s][info][gc,cpu         ] GC(644) User=0.00s Sys=0.00s Real=0.00s
[143.238s][info][gc,start       ] GC(645) Pause Full (System.gc())
[143.238s][info][gc,phases,start] GC(645) Marking Phase
[143.292s][info][gc,phases      ] GC(645) Marking Phase 54.007ms
[143.292s][info][gc,phases,start] GC(645) Summary Phase
[143.292s][info][gc,phases      ] GC(645) Summary Phase 0.011ms
[143.292s][info][gc,phases,start] GC(645) Adjust Roots
[143.294s][info][gc,phases      ] GC(645) Adjust Roots 1.373ms
[143.294s][info][gc,phases,start] GC(645) Compaction Phase
[143.307s][info][gc,phases      ] GC(645) Compaction Phase 13.743ms
[143.308s][info][gc,phases,start] GC(645) Post Compact
[143.308s][info][gc,phases      ] GC(645) Post Compact 0.588ms
[143.308s][info][gc,heap        ] GC(645) PSYoungGen: 32K->0K(694784K)
[143.308s][info][gc,heap        ] GC(645) ParOldGen: 85575K->85487K(1398272K)
[143.308s][info][gc,metaspace   ] GC(645) Metaspace: 20599K(21376K)->20599K(21376K) NonClass: 18191K(18688K)->18191K(18688K) Class: 2408K(2688K)->2408K(2688K)
[143.308s][info][gc             ] GC(645) Pause Full (System.gc()) 83M->83M(2044M) 70.036ms
[143.308s][info][gc,cpu         ] GC(645) User=0.23s Sys=0.00s Real=0.07s
[143.552s][info][gc,start       ] GC(646) Pause Young (Allocation Failure)
[143.553s][info][gc,heap        ] GC(646) PSYoungGen: 690572K->2364K(694784K)
[143.553s][info][gc,heap        ] GC(646) ParOldGen: 85487K->85487K(1398272K)
[143.553s][info][gc,metaspace   ] GC(646) Metaspace: 20599K(21376K)->20599K(21376K) NonClass: 18191K(18688K)->18191K(18688K) Class: 2408K(2688K)->2408K(2688K)
[143.553s][info][gc             ] GC(646) Pause Young (Allocation Failure) 757M->85M(2044M) 1.269ms
[143.553s][info][gc,cpu         ] GC(646) User=0.00s Sys=0.00s Real=0.00s
[143.789s][info][gc,start       ] GC(647) Pause Young (Allocation Failure)
[143.790s][info][gc,heap        ] GC(647) PSYoungGen: 693052K->1904K(694784K)
[143.790s][info][gc,heap        ] GC(647) ParOldGen: 85487K->85519K(1398272K)
[143.790s][info][gc,metaspace   ] GC(647) Metaspace: 20599K(21376K)->20599K(21376K) NonClass: 18191K(18688K)->18191K(18688K) Class: 2408K(2688K)->2408K(2688K)
[143.790s][info][gc             ] GC(647) Pause Young (Allocation Failure) 760M->85M(2044M) 0.859ms
[143.790s][info][gc,cpu         ] GC(647) User=0.00s Sys=0.00s Real=0.00s
[144.035s][info][gc,start       ] GC(648) Pause Young (Allocation Failure)
[144.036s][info][gc,heap        ] GC(648) PSYoungGen: 692592K->1134K(694784K)
[144.036s][info][gc,heap        ] GC(648) ParOldGen: 85519K->85519K(1398272K)
[144.036s][info][gc,metaspace   ] GC(648) Metaspace: 20599K(21376K)->20599K(21376K) NonClass: 18191K(18688K)->18191K(18688K) Class: 2408K(2688K)->2408K(2688K)
[144.036s][info][gc             ] GC(648) Pause Young (Allocation Failure) 759M->84M(2044M) 0.876ms
[144.036s][info][gc,cpu         ] GC(648) User=0.00s Sys=0.00s Real=0.00s
[144.269s][info][gc,start       ] GC(649) Pause Young (Allocation Failure)
[144.269s][info][gc,heap        ] GC(649) PSYoungGen: 691822K->384K(694784K)
[144.270s][info][gc,heap        ] GC(649) ParOldGen: 85519K->85519K(1398272K)
[144.270s][info][gc,metaspace   ] GC(649) Metaspace: 20599K(21376K)->20599K(21376K) NonClass: 18191K(18688K)->18191K(18688K) Class: 2408K(2688K)->2408K(2688K)
[144.270s][info][gc             ] GC(649) Pause Young (Allocation Failure) 759M->83M(2044M) 0.776ms
[144.270s][info][gc,cpu         ] GC(649) User=0.00s Sys=0.00s Real=0.00s
[144.511s][info][gc,start       ] GC(650) Pause Young (Allocation Failure)
[144.512s][info][gc,heap        ] GC(650) PSYoungGen: 691072K->2493K(694784K)
[144.512s][info][gc,heap        ] GC(650) ParOldGen: 85519K->85543K(1398272K)
[144.512s][info][gc,metaspace   ] GC(650) Metaspace: 20599K(21376K)->20599K(21376K) NonClass: 18191K(18688K)->18191K(18688K) Class: 2408K(2688K)->2408K(2688K)
[144.512s][info][gc             ] GC(650) Pause Young (Allocation Failure) 758M->85M(2044M) 1.179ms
[144.512s][info][gc,cpu         ] GC(650) User=0.00s Sys=0.00s Real=0.00s
[144.748s][info][gc,start       ] GC(651) Pause Young (Allocation Failure)
[144.749s][info][gc,heap        ] GC(651) PSYoungGen: 693181K->1911K(694784K)
[144.749s][info][gc,heap        ] GC(651) ParOldGen: 85543K->85543K(1398272K)
[144.749s][info][gc,metaspace   ] GC(651) Metaspace: 20599K(21376K)->20599K(21376K) NonClass: 18191K(18688K)->18191K(18688K) Class: 2408K(2688K)->2408K(2688K)
[144.749s][info][gc             ] GC(651) Pause Young (Allocation Failure) 760M->85M(2044M) 0.863ms
[144.749s][info][gc,cpu         ] GC(651) User=0.00s Sys=0.00s Real=0.00s
[144.990s][info][gc,start       ] GC(652) Pause Young (Allocation Failure)
[144.991s][info][gc,heap        ] GC(652) PSYoungGen: 692599K->1049K(694784K)
[144.991s][info][gc,heap        ] GC(652) ParOldGen: 85543K->85543K(1398272K)
[144.991s][info][gc,metaspace   ] GC(652) Metaspace: 20599K(21376K)->20599K(21376K) NonClass: 18191K(18688K)->18191K(18688K) Class: 2408K(2688K)->2408K(2688K)
[144.991s][info][gc             ] GC(652) Pause Young (Allocation Failure) 759M->84M(2044M) 0.665ms
[144.991s][info][gc,cpu         ] GC(652) User=0.00s Sys=0.00s Real=0.00s
[145.226s][info][gc,start       ] GC(653) Pause Young (Allocation Failure)
[145.227s][info][gc,heap        ] GC(653) PSYoungGen: 691737K->288K(694784K)
[145.227s][info][gc,heap        ] GC(653) ParOldGen: 85543K->85543K(1398272K)
[145.227s][info][gc,metaspace   ] GC(653) Metaspace: 20599K(21376K)->20599K(21376K) NonClass: 18191K(18688K)->18191K(18688K) Class: 2408K(2688K)->2408K(2688K)
[145.227s][info][gc             ] GC(653) Pause Young (Allocation Failure) 759M->83M(2044M) 0.678ms
[145.227s][info][gc,cpu         ] GC(653) User=0.00s Sys=0.00s Real=0.00s
[145.459s][info][gc,start       ] GC(654) Pause Young (Allocation Failure)
[145.460s][info][gc,heap        ] GC(654) PSYoungGen: 690976K->2280K(694784K)
[145.460s][info][gc,heap        ] GC(654) ParOldGen: 85543K->85567K(1398272K)
[145.460s][info][gc,metaspace   ] GC(654) Metaspace: 20599K(21376K)->20599K(21376K) NonClass: 18191K(18688K)->18191K(18688K) Class: 2408K(2688K)->2408K(2688K)
[145.460s][info][gc             ] GC(654) Pause Young (Allocation Failure) 758M->85M(2044M) 1.183ms
[145.460s][info][gc,cpu         ] GC(654) User=0.00s Sys=0.00s Real=0.00s
[145.697s][info][gc,start       ] GC(655) Pause Young (Allocation Failure)
[145.697s][info][gc,heap        ] GC(655) PSYoungGen: 692968K->1849K(694784K)
[145.697s][info][gc,heap        ] GC(655) ParOldGen: 85567K->85567K(1398272K)
[145.697s][info][gc,metaspace   ] GC(655) Metaspace: 20599K(21376K)->20599K(21376K) NonClass: 18191K(18688K)->18191K(18688K) Class: 2408K(2688K)->2408K(2688K)
[145.697s][info][gc             ] GC(655) Pause Young (Allocation Failure) 760M->85M(2044M) 0.635ms
[145.697s][info][gc,cpu         ] GC(655) User=0.00s Sys=0.00s Real=0.00s
[145.945s][info][gc,start       ] GC(656) Pause Young (Allocation Failure)
[145.946s][info][gc,heap        ] GC(656) PSYoungGen: 692537K->1257K(695296K)
[145.946s][info][gc,heap        ] GC(656) ParOldGen: 85567K->85567K(1398272K)
[145.946s][info][gc,metaspace   ] GC(656) Metaspace: 20599K(21376K)->20599K(21376K) NonClass: 18191K(18688K)->18191K(18688K) Class: 2408K(2688K)->2408K(2688K)
[145.946s][info][gc             ] GC(656) Pause Young (Allocation Failure) 759M->84M(2044M) 0.800ms
[145.946s][info][gc,cpu         ] GC(656) User=0.00s Sys=0.00s Real=0.00s
[146.200s][info][gc,start       ] GC(657) Pause Young (Allocation Failure)
[146.200s][info][gc,heap        ] GC(657) PSYoungGen: 692457K->521K(694784K)
[146.200s][info][gc,heap        ] GC(657) ParOldGen: 85567K->85583K(1398272K)
[146.200s][info][gc,metaspace   ] GC(657) Metaspace: 20599K(21376K)->20599K(21376K) NonClass: 18191K(18688K)->18191K(18688K) Class: 2408K(2688K)->2408K(2688K)
[146.200s][info][gc             ] GC(657) Pause Young (Allocation Failure) 759M->84M(2044M) 0.539ms
[146.200s][info][gc,cpu         ] GC(657) User=0.00s Sys=0.00s Real=0.00s
[146.442s][info][gc,start       ] GC(658) Pause Young (Allocation Failure)
[146.443s][info][gc,heap        ] GC(658) PSYoungGen: 691721K->2830K(694272K)
[146.443s][info][gc,heap        ] GC(658) ParOldGen: 85583K->85583K(1398272K)
[146.443s][info][gc,metaspace   ] GC(658) Metaspace: 20599K(21376K)->20599K(21376K) NonClass: 18191K(18688K)->18191K(18688K) Class: 2408K(2688K)->2408K(2688K)
[146.443s][info][gc             ] GC(658) Pause Young (Allocation Failure) 759M->86M(2043M) 1.419ms
[146.443s][info][gc,cpu         ] GC(658) User=0.00s Sys=0.00s Real=0.00s
[146.686s][info][gc,start       ] GC(659) Pause Young (Allocation Failure)
[146.688s][info][gc,heap        ] GC(659) PSYoungGen: 693518K->2152K(694784K)
[146.688s][info][gc,heap        ] GC(659) ParOldGen: 85583K->85583K(1398272K)
[146.688s][info][gc,metaspace   ] GC(659) Metaspace: 20599K(21376K)->20599K(21376K) NonClass: 18191K(18688K)->18191K(18688K) Class: 2408K(2688K)->2408K(2688K)
[146.688s][info][gc             ] GC(659) Pause Young (Allocation Failure) 760M->85M(2044M) 1.775ms
[146.688s][info][gc,cpu         ] GC(659) User=0.00s Sys=0.00s Real=0.00s
[146.821s][info][gc,start       ] GC(660) Pause Young (System.gc())
[146.822s][info][gc,heap        ] GC(660) PSYoungGen: 375003K->128K(694784K)
[146.822s][info][gc,heap        ] GC(660) ParOldGen: 85583K->85583K(1398272K)
[146.822s][info][gc,metaspace   ] GC(660) Metaspace: 20599K(21376K)->20599K(21376K) NonClass: 18191K(18688K)->18191K(18688K) Class: 2408K(2688K)->2408K(2688K)
[146.822s][info][gc             ] GC(660) Pause Young (System.gc()) 449M->83M(2044M) 0.518ms
[146.822s][info][gc,cpu         ] GC(660) User=0.00s Sys=0.00s Real=0.00s
[146.822s][info][gc,start       ] GC(661) Pause Full (System.gc())
[146.822s][info][gc,phases,start] GC(661) Marking Phase
[146.872s][info][gc,phases      ] GC(661) Marking Phase 50.500ms
[146.873s][info][gc,phases,start] GC(661) Summary Phase
[146.873s][info][gc,phases      ] GC(661) Summary Phase 0.012ms
[146.873s][info][gc,phases,start] GC(661) Adjust Roots
[146.874s][info][gc,phases      ] GC(661) Adjust Roots 1.602ms
[146.874s][info][gc,phases,start] GC(661) Compaction Phase
[146.890s][info][gc,phases      ] GC(661) Compaction Phase 15.460ms
[146.890s][info][gc,phases,start] GC(661) Post Compact
[146.890s][info][gc,phases      ] GC(661) Post Compact 0.718ms
[146.890s][info][gc,heap        ] GC(661) PSYoungGen: 128K->0K(694784K)
[146.891s][info][gc,heap        ] GC(661) ParOldGen: 85583K->85487K(1398272K)
[146.891s][info][gc,metaspace   ] GC(661) Metaspace: 20599K(21376K)->20599K(21376K) NonClass: 18191K(18688K)->18191K(18688K) Class: 2408K(2688K)->2408K(2688K)
[146.891s][info][gc             ] GC(661) Pause Full (System.gc()) 83M->83M(2044M) 68.606ms
[146.891s][info][gc,cpu         ] GC(661) User=0.14s Sys=0.00s Real=0.07s
[147.131s][info][gc,start       ] GC(662) Pause Young (Allocation Failure)
[147.132s][info][gc,heap        ] GC(662) PSYoungGen: 690688K->2178K(694784K)
[147.132s][info][gc,heap        ] GC(662) ParOldGen: 85487K->85487K(1398272K)
[147.132s][info][gc,metaspace   ] GC(662) Metaspace: 20607K(21376K)->20607K(21376K) NonClass: 18199K(18688K)->18199K(18688K) Class: 2408K(2688K)->2408K(2688K)
[147.132s][info][gc             ] GC(662) Pause Young (Allocation Failure) 757M->85M(2044M) 0.818ms
[147.132s][info][gc,cpu         ] GC(662) User=0.00s Sys=0.00s Real=0.00s
[147.373s][info][gc,start       ] GC(663) Pause Young (Allocation Failure)
[147.374s][info][gc,heap        ] GC(663) PSYoungGen: 692866K->1618K(694784K)
[147.374s][info][gc,heap        ] GC(663) ParOldGen: 85487K->85503K(1398272K)
[147.374s][info][gc,metaspace   ] GC(663) Metaspace: 20607K(21376K)->20607K(21376K) NonClass: 18199K(18688K)->18199K(18688K) Class: 2408K(2688K)->2408K(2688K)
[147.374s][info][gc             ] GC(663) Pause Young (Allocation Failure) 760M->85M(2044M) 0.860ms
[147.374s][info][gc,cpu         ] GC(663) User=0.00s Sys=0.00s Real=0.00s
[147.620s][info][gc,start       ] GC(664) Pause Young (Allocation Failure)
[147.621s][info][gc,heap        ] GC(664) PSYoungGen: 692306K->878K(694784K)
[147.621s][info][gc,heap        ] GC(664) ParOldGen: 85503K->85503K(1398272K)
[147.621s][info][gc,metaspace   ] GC(664) Metaspace: 20607K(21376K)->20607K(21376K) NonClass: 18199K(18688K)->18199K(18688K) Class: 2408K(2688K)->2408K(2688K)
[147.621s][info][gc             ] GC(664) Pause Young (Allocation Failure) 759M->84M(2044M) 0.669ms
[147.621s][info][gc,cpu         ] GC(664) User=0.00s Sys=0.00s Real=0.00s
[147.850s][info][gc,start       ] GC(665) Pause Young (Allocation Failure)
[147.852s][info][gc,heap        ] GC(665) PSYoungGen: 691346K->3415K(694272K)
[147.852s][info][gc,heap        ] GC(665) ParOldGen: 85503K->85503K(1398272K)
[147.852s][info][gc,metaspace   ] GC(665) Metaspace: 20607K(21376K)->20607K(21376K) NonClass: 18199K(18688K)->18199K(18688K) Class: 2408K(2688K)->2408K(2688K)
[147.852s][info][gc             ] GC(665) Pause Young (Allocation Failure) 758M->86M(2043M) 2.106ms
[147.852s][info][gc,cpu         ] GC(665) User=0.00s Sys=0.00s Real=0.00s
[148.094s][info][gc,start       ] GC(666) Pause Young (Allocation Failure)
[148.095s][info][gc,heap        ] GC(666) PSYoungGen: 694066K->2307K(694784K)
[148.095s][info][gc,heap        ] GC(666) ParOldGen: 85503K->85527K(1398272K)
[148.095s][info][gc,metaspace   ] GC(666) Metaspace: 20607K(21376K)->20607K(21376K) NonClass: 18199K(18688K)->18199K(18688K) Class: 2408K(2688K)->2408K(2688K)
[148.095s][info][gc             ] GC(666) Pause Young (Allocation Failure) 761M->85M(2044M) 1.170ms
[148.095s][info][gc,cpu         ] GC(666) User=0.00s Sys=0.00s Real=0.00s
[148.336s][info][gc,start       ] GC(667) Pause Young (Allocation Failure)
[148.337s][info][gc,heap        ] GC(667) PSYoungGen: 692995K->1746K(694784K)
[148.337s][info][gc,heap        ] GC(667) ParOldGen: 85527K->85527K(1398272K)
[148.337s][info][gc,metaspace   ] GC(667) Metaspace: 20607K(21376K)->20607K(21376K) NonClass: 18199K(18688K)->18199K(18688K) Class: 2408K(2688K)->2408K(2688K)
[148.337s][info][gc             ] GC(667) Pause Young (Allocation Failure) 760M->85M(2044M) 1.030ms
[148.337s][info][gc,cpu         ] GC(667) User=0.00s Sys=0.00s Real=0.00s
[148.588s][info][gc,start       ] GC(668) Pause Young (Allocation Failure)
[148.589s][info][gc,heap        ] GC(668) PSYoungGen: 692434K->1135K(694784K)
[148.589s][info][gc,heap        ] GC(668) ParOldGen: 85527K->85527K(1398272K)
[148.589s][info][gc,metaspace   ] GC(668) Metaspace: 20607K(21376K)->20607K(21376K) NonClass: 18199K(18688K)->18199K(18688K) Class: 2408K(2688K)->2408K(2688K)
[148.589s][info][gc             ] GC(668) Pause Young (Allocation Failure) 759M->84M(2044M) 1.052ms
[148.589s][info][gc,cpu         ] GC(668) User=0.00s Sys=0.00s Real=0.00s
[148.835s][info][gc,start       ] GC(669) Pause Young (Allocation Failure)
[148.836s][info][gc,heap        ] GC(669) PSYoungGen: 691823K->128K(694784K)
[148.836s][info][gc,heap        ] GC(669) ParOldGen: 85527K->85527K(1398272K)
[148.836s][info][gc,metaspace   ] GC(669) Metaspace: 20607K(21376K)->20607K(21376K) NonClass: 18199K(18688K)->18199K(18688K) Class: 2408K(2688K)->2408K(2688K)
[148.836s][info][gc             ] GC(669) Pause Young (Allocation Failure) 759M->83M(2044M) 0.878ms
[148.836s][info][gc,cpu         ] GC(669) User=0.00s Sys=0.00s Real=0.00s
[149.070s][info][gc,start       ] GC(670) Pause Young (Allocation Failure)
[149.071s][info][gc,heap        ] GC(670) PSYoungGen: 690816K->2446K(694784K)
[149.071s][info][gc,heap        ] GC(670) ParOldGen: 85527K->85551K(1398272K)
[149.071s][info][gc,metaspace   ] GC(670) Metaspace: 20607K(21376K)->20607K(21376K) NonClass: 18199K(18688K)->18199K(18688K) Class: 2408K(2688K)->2408K(2688K)
[149.071s][info][gc             ] GC(670) Pause Young (Allocation Failure) 758M->85M(2044M) 0.933ms
[149.071s][info][gc,cpu         ] GC(670) User=0.00s Sys=0.00s Real=0.00s
[149.322s][info][gc,start       ] GC(671) Pause Young (Allocation Failure)
[149.323s][info][gc,heap        ] GC(671) PSYoungGen: 693134K->1795K(694784K)
[149.323s][info][gc,heap        ] GC(671) ParOldGen: 85551K->85551K(1398272K)
[149.323s][info][gc,metaspace   ] GC(671) Metaspace: 20607K(21376K)->20607K(21376K) NonClass: 18199K(18688K)->18199K(18688K) Class: 2408K(2688K)->2408K(2688K)
[149.323s][info][gc             ] GC(671) Pause Young (Allocation Failure) 760M->85M(2044M) 0.831ms
[149.323s][info][gc,cpu         ] GC(671) User=0.00s Sys=0.00s Real=0.00s
[149.570s][info][gc,start       ] GC(672) Pause Young (Allocation Failure)
[149.571s][info][gc,heap        ] GC(672) PSYoungGen: 692483K->1244K(694784K)
[149.571s][info][gc,heap        ] GC(672) ParOldGen: 85551K->85551K(1398272K)
[149.571s][info][gc,metaspace   ] GC(672) Metaspace: 20607K(21376K)->20607K(21376K) NonClass: 18199K(18688K)->18199K(18688K) Class: 2408K(2688K)->2408K(2688K)
[149.571s][info][gc             ] GC(672) Pause Young (Allocation Failure) 759M->84M(2044M) 1.212ms
[149.571s][info][gc,cpu         ] GC(672) User=0.00s Sys=0.00s Real=0.00s
[149.812s][info][gc,start       ] GC(673) Pause Young (Allocation Failure)
[149.813s][info][gc,heap        ] GC(673) PSYoungGen: 691932K->512K(695296K)
[149.813s][info][gc,heap        ] GC(673) ParOldGen: 85551K->85567K(1398272K)
[149.813s][info][gc,metaspace   ] GC(673) Metaspace: 20607K(21376K)->20607K(21376K) NonClass: 18199K(18688K)->18199K(18688K) Class: 2408K(2688K)->2408K(2688K)
[149.813s][info][gc             ] GC(673) Pause Young (Allocation Failure) 759M->84M(2044M) 0.567ms
[149.813s][info][gc,cpu         ] GC(673) User=0.00s Sys=0.00s Real=0.00s
[150.058s][info][gc,start       ] GC(674) Pause Young (Allocation Failure)
[150.059s][info][gc,heap        ] GC(674) PSYoungGen: 691673K->2561K(694784K)
[150.059s][info][gc,heap        ] GC(674) ParOldGen: 85567K->85567K(1398272K)
[150.059s][info][gc,metaspace   ] GC(674) Metaspace: 20607K(21376K)->20607K(21376K) NonClass: 18199K(18688K)->18199K(18688K) Class: 2408K(2688K)->2408K(2688K)
[150.059s][info][gc             ] GC(674) Pause Young (Allocation Failure) 759M->86M(2044M) 1.084ms
[150.059s][info][gc,cpu         ] GC(674) User=0.00s Sys=0.00s Real=0.00s
[150.305s][info][gc,start       ] GC(675) Pause Young (Allocation Failure)
[150.306s][info][gc,heap        ] GC(675) PSYoungGen: 693761K->1738K(694784K)
[150.306s][info][gc,heap        ] GC(675) ParOldGen: 85567K->85567K(1398272K)
[150.306s][info][gc,metaspace   ] GC(675) Metaspace: 20607K(21376K)->20607K(21376K) NonClass: 18199K(18688K)->18199K(18688K) Class: 2408K(2688K)->2408K(2688K)
[150.306s][info][gc             ] GC(675) Pause Young (Allocation Failure) 761M->85M(2044M) 0.756ms
[150.306s][info][gc,cpu         ] GC(675) User=0.00s Sys=0.00s Real=0.00s
[150.448s][info][gc,start       ] GC(676) Pause Young (System.gc())
[150.448s][info][gc,heap        ] GC(676) PSYoungGen: 378090K->32K(694784K)
[150.449s][info][gc,heap        ] GC(676) ParOldGen: 85567K->85567K(1398272K)
[150.449s][info][gc,metaspace   ] GC(676) Metaspace: 20607K(21376K)->20607K(21376K) NonClass: 18199K(18688K)->18199K(18688K) Class: 2408K(2688K)->2408K(2688K)
[150.449s][info][gc             ] GC(676) Pause Young (System.gc()) 452M->83M(2044M) 0.842ms
[150.449s][info][gc,cpu         ] GC(676) User=0.00s Sys=0.00s Real=0.00s
[150.449s][info][gc,start       ] GC(677) Pause Full (System.gc())
[150.449s][info][gc,phases,start] GC(677) Marking Phase
[150.494s][info][gc,phases      ] GC(677) Marking Phase 45.735ms
[150.494s][info][gc,phases,start] GC(677) Summary Phase
[150.494s][info][gc,phases      ] GC(677) Summary Phase 0.010ms
[150.494s][info][gc,phases,start] GC(677) Adjust Roots
[150.496s][info][gc,phases      ] GC(677) Adjust Roots 1.395ms
[150.496s][info][gc,phases,start] GC(677) Compaction Phase
[150.510s][info][gc,phases      ] GC(677) Compaction Phase 14.462ms
[150.510s][info][gc,phases,start] GC(677) Post Compact
[150.511s][info][gc,phases      ] GC(677) Post Compact 0.671ms
[150.511s][info][gc,heap        ] GC(677) PSYoungGen: 32K->0K(694784K)
[150.511s][info][gc,heap        ] GC(677) ParOldGen: 85567K->85487K(1398272K)
[150.511s][info][gc,metaspace   ] GC(677) Metaspace: 20607K(21376K)->20607K(21376K) NonClass: 18199K(18688K)->18199K(18688K) Class: 2408K(2688K)->2408K(2688K)
[150.511s][info][gc             ] GC(677) Pause Full (System.gc()) 83M->83M(2044M) 62.590ms
[150.511s][info][gc,cpu         ] GC(677) User=0.11s Sys=0.00s Real=0.06s
[150.774s][info][gc,start       ] GC(678) Pause Young (Allocation Failure)
[150.775s][info][gc,heap        ] GC(678) PSYoungGen: 690684K->2392K(694784K)
[150.775s][info][gc,heap        ] GC(678) ParOldGen: 85487K->85487K(1398272K)
[150.775s][info][gc,metaspace   ] GC(678) Metaspace: 20610K(21376K)->20610K(21376K) NonClass: 18201K(18688K)->18201K(18688K) Class: 2408K(2688K)->2408K(2688K)
[150.775s][info][gc             ] GC(678) Pause Young (Allocation Failure) 757M->85M(2044M) 1.107ms
[150.775s][info][gc,cpu         ] GC(678) User=0.00s Sys=0.00s Real=0.00s
[151.012s][info][gc,start       ] GC(679) Pause Young (Allocation Failure)
[151.013s][info][gc,heap        ] GC(679) PSYoungGen: 693080K->1922K(694784K)
[151.013s][info][gc,heap        ] GC(679) ParOldGen: 85487K->85519K(1398272K)
[151.013s][info][gc,metaspace   ] GC(679) Metaspace: 20610K(21376K)->20610K(21376K) NonClass: 18201K(18688K)->18201K(18688K) Class: 2408K(2688K)->2408K(2688K)
[151.013s][info][gc             ] GC(679) Pause Young (Allocation Failure) 760M->85M(2044M) 0.749ms
[151.013s][info][gc,cpu         ] GC(679) User=0.00s Sys=0.00s Real=0.00s
[151.253s][info][gc,start       ] GC(680) Pause Young (Allocation Failure)
[151.254s][info][gc,heap        ] GC(680) PSYoungGen: 692610K->951K(694784K)
[151.254s][info][gc,heap        ] GC(680) ParOldGen: 85519K->85519K(1398272K)
[151.254s][info][gc,metaspace   ] GC(680) Metaspace: 20610K(21376K)->20610K(21376K) NonClass: 18201K(18688K)->18201K(18688K) Class: 2408K(2688K)->2408K(2688K)
[151.254s][info][gc             ] GC(680) Pause Young (Allocation Failure) 759M->84M(2044M) 0.609ms
[151.254s][info][gc,cpu         ] GC(680) User=0.00s Sys=0.00s Real=0.00s
[151.497s][info][gc,start       ] GC(681) Pause Young (Allocation Failure)
[151.497s][info][gc,heap        ] GC(681) PSYoungGen: 691639K->192K(694784K)
[151.497s][info][gc,heap        ] GC(681) ParOldGen: 85519K->85519K(1398272K)
[151.497s][info][gc,metaspace   ] GC(681) Metaspace: 20610K(21376K)->20610K(21376K) NonClass: 18201K(18688K)->18201K(18688K) Class: 2408K(2688K)->2408K(2688K)
[151.497s][info][gc             ] GC(681) Pause Young (Allocation Failure) 758M->83M(2044M) 0.728ms
[151.497s][info][gc,cpu         ] GC(681) User=0.00s Sys=0.00s Real=0.00s
[151.727s][info][gc,start       ] GC(682) Pause Young (Allocation Failure)
[151.728s][info][gc,heap        ] GC(682) PSYoungGen: 690880K->2493K(694784K)
[151.728s][info][gc,heap        ] GC(682) ParOldGen: 85519K->85543K(1398272K)
[151.728s][info][gc,metaspace   ] GC(682) Metaspace: 20610K(21376K)->20610K(21376K) NonClass: 18201K(18688K)->18201K(18688K) Class: 2408K(2688K)->2408K(2688K)
[151.728s][info][gc             ] GC(682) Pause Young (Allocation Failure) 758M->85M(2044M) 0.950ms
[151.728s][info][gc,cpu         ] GC(682) User=0.00s Sys=0.00s Real=0.00s
[151.968s][info][gc,start       ] GC(683) Pause Young (Allocation Failure)
[151.969s][info][gc,heap        ] GC(683) PSYoungGen: 693171K->1544K(694784K)
[151.969s][info][gc,heap        ] GC(683) ParOldGen: 85543K->85543K(1398272K)
[151.969s][info][gc,metaspace   ] GC(683) Metaspace: 20610K(21376K)->20610K(21376K) NonClass: 18201K(18688K)->18201K(18688K) Class: 2408K(2688K)->2408K(2688K)
[151.969s][info][gc             ] GC(683) Pause Young (Allocation Failure) 760M->85M(2044M) 1.028ms
[151.969s][info][gc,cpu         ] GC(683) User=0.00s Sys=0.00s Real=0.00s
[152.205s][info][gc,start       ] GC(684) Pause Young (Allocation Failure)
[152.206s][info][gc,heap        ] GC(684) PSYoungGen: 692232K->805K(695296K)
[152.206s][info][gc,heap        ] GC(684) ParOldGen: 85543K->85543K(1398272K)
[152.206s][info][gc,metaspace   ] GC(684) Metaspace: 20610K(21376K)->20610K(21376K) NonClass: 18201K(18688K)->18201K(18688K) Class: 2408K(2688K)->2408K(2688K)
[152.206s][info][gc             ] GC(684) Pause Young (Allocation Failure) 759M->84M(2044M) 0.622ms
[152.206s][info][gc,cpu         ] GC(684) User=0.00s Sys=0.00s Real=0.00s
[152.445s][info][gc,start       ] GC(685) Pause Young (Allocation Failure)
[152.447s][info][gc,heap        ] GC(685) PSYoungGen: 691799K->3253K(694784K)
[152.447s][info][gc,heap        ] GC(685) ParOldGen: 85543K->85543K(1398272K)
[152.447s][info][gc,metaspace   ] GC(685) Metaspace: 20610K(21376K)->20610K(21376K) NonClass: 18201K(18688K)->18201K(18688K) Class: 2408K(2688K)->2408K(2688K)
[152.447s][info][gc             ] GC(685) Pause Young (Allocation Failure) 759M->86M(2044M) 2.485ms
[152.447s][info][gc,cpu         ] GC(685) User=0.00s Sys=0.00s Real=0.00s
[152.691s][info][gc,start       ] GC(686) Pause Young (Allocation Failure)
[152.692s][info][gc,heap        ] GC(686) PSYoungGen: 694453K->2268K(694784K)
[152.692s][info][gc,heap        ] GC(686) ParOldGen: 85543K->85567K(1398272K)
[152.692s][info][gc,metaspace   ] GC(686) Metaspace: 20610K(21376K)->20610K(21376K) NonClass: 18201K(18688K)->18201K(18688K) Class: 2408K(2688K)->2408K(2688K)
[152.692s][info][gc             ] GC(686) Pause Young (Allocation Failure) 761M->85M(2044M) 1.068ms
[152.692s][info][gc,cpu         ] GC(686) User=0.00s Sys=0.00s Real=0.00s
[152.927s][info][gc,start       ] GC(687) Pause Young (Allocation Failure)
[152.929s][info][gc,heap        ] GC(687) PSYoungGen: 692956K->2071K(694784K)
[152.929s][info][gc,heap        ] GC(687) ParOldGen: 85567K->85567K(1398272K)
[152.929s][info][gc,metaspace   ] GC(687) Metaspace: 20610K(21376K)->20610K(21376K) NonClass: 18201K(18688K)->18201K(18688K) Class: 2408K(2688K)->2408K(2688K)
[152.929s][info][gc             ] GC(687) Pause Young (Allocation Failure) 760M->85M(2044M) 1.213ms
[152.929s][info][gc,cpu         ] GC(687) User=0.00s Sys=0.00s Real=0.00s
[153.167s][info][gc,start       ] GC(688) Pause Young (Allocation Failure)
[153.167s][info][gc,heap        ] GC(688) PSYoungGen: 692759K->1236K(694784K)
[153.167s][info][gc,heap        ] GC(688) ParOldGen: 85567K->85567K(1398272K)
[153.167s][info][gc,metaspace   ] GC(688) Metaspace: 20610K(21376K)->20610K(21376K) NonClass: 18201K(18688K)->18201K(18688K) Class: 2408K(2688K)->2408K(2688K)
[153.167s][info][gc             ] GC(688) Pause Young (Allocation Failure) 760M->84M(2044M) 0.800ms
[153.167s][info][gc,cpu         ] GC(688) User=0.00s Sys=0.00s Real=0.00s
[153.455s][info][gc,start       ] GC(689) Pause Young (Allocation Failure)
[153.458s][info][gc,heap        ] GC(689) PSYoungGen: 691924K->425K(694784K)
[153.458s][info][gc,heap        ] GC(689) ParOldGen: 85567K->85591K(1398272K)
[153.458s][info][gc,metaspace   ] GC(689) Metaspace: 20610K(21376K)->20610K(21376K) NonClass: 18201K(18688K)->18201K(18688K) Class: 2408K(2688K)->2408K(2688K)
[153.458s][info][gc             ] GC(689) Pause Young (Allocation Failure) 759M->84M(2044M) 3.245ms
[153.458s][info][gc,cpu         ] GC(689) User=0.00s Sys=0.00s Real=0.00s
[153.715s][info][gc,start       ] GC(690) Pause Young (Allocation Failure)
[153.717s][info][gc,heap        ] GC(690) PSYoungGen: 691113K->2477K(694784K)
[153.717s][info][gc,heap        ] GC(690) ParOldGen: 85591K->85591K(1398272K)
[153.717s][info][gc,metaspace   ] GC(690) Metaspace: 20610K(21376K)->20610K(21376K) NonClass: 18201K(18688K)->18201K(18688K) Class: 2408K(2688K)->2408K(2688K)
[153.717s][info][gc             ] GC(690) Pause Young (Allocation Failure) 758M->86M(2044M) 1.838ms
[153.717s][info][gc,cpu         ] GC(690) User=0.02s Sys=0.00s Real=0.00s
[153.970s][info][gc,start       ] GC(691) Pause Young (Allocation Failure)
[153.971s][info][gc,heap        ] GC(691) PSYoungGen: 693165K->1861K(694784K)
[153.971s][info][gc,heap        ] GC(691) ParOldGen: 85591K->85591K(1398272K)
[153.971s][info][gc,metaspace   ] GC(691) Metaspace: 20610K(21376K)->20610K(21376K) NonClass: 18201K(18688K)->18201K(18688K) Class: 2408K(2688K)->2408K(2688K)
[153.971s][info][gc             ] GC(691) Pause Young (Allocation Failure) 760M->85M(2044M) 1.265ms
[153.971s][info][gc,cpu         ] GC(691) User=0.00s Sys=0.00s Real=0.00s
[154.116s][info][gc,start       ] GC(692) Pause Young (System.gc())
[154.117s][info][gc,heap        ] GC(692) PSYoungGen: 371962K->128K(694784K)
[154.117s][info][gc,heap        ] GC(692) ParOldGen: 85591K->85591K(1398272K)
[154.117s][info][gc,metaspace   ] GC(692) Metaspace: 20610K(21376K)->20610K(21376K) NonClass: 18201K(18688K)->18201K(18688K) Class: 2408K(2688K)->2408K(2688K)
[154.117s][info][gc             ] GC(692) Pause Young (System.gc()) 446M->83M(2044M) 0.716ms
[154.117s][info][gc,cpu         ] GC(692) User=0.00s Sys=0.00s Real=0.00s
[154.117s][info][gc,start       ] GC(693) Pause Full (System.gc())
[154.117s][info][gc,phases,start] GC(693) Marking Phase
[154.168s][info][gc,phases      ] GC(693) Marking Phase 50.891ms
[154.168s][info][gc,phases,start] GC(693) Summary Phase
[154.168s][info][gc,phases      ] GC(693) Summary Phase 0.012ms
[154.168s][info][gc,phases,start] GC(693) Adjust Roots
[154.170s][info][gc,phases      ] GC(693) Adjust Roots 1.752ms
[154.170s][info][gc,phases,start] GC(693) Compaction Phase
[154.187s][info][gc,phases      ] GC(693) Compaction Phase 17.181ms
[154.187s][info][gc,phases,start] GC(693) Post Compact
[154.188s][info][gc,phases      ] GC(693) Post Compact 0.697ms
[154.188s][info][gc,heap        ] GC(693) PSYoungGen: 128K->0K(694784K)
[154.188s][info][gc,heap        ] GC(693) ParOldGen: 85591K->85487K(1398272K)
[154.188s][info][gc,metaspace   ] GC(693) Metaspace: 20610K(21376K)->20610K(21376K) NonClass: 18201K(18688K)->18201K(18688K) Class: 2408K(2688K)->2408K(2688K)
[154.188s][info][gc             ] GC(693) Pause Full (System.gc()) 83M->83M(2044M) 70.866ms
[154.188s][info][gc,cpu         ] GC(693) User=0.28s Sys=0.00s Real=0.07s
[154.436s][info][gc,start       ] GC(694) Pause Young (Allocation Failure)
[154.438s][info][gc,heap        ] GC(694) PSYoungGen: 690688K->2107K(694784K)
[154.438s][info][gc,heap        ] GC(694) ParOldGen: 85487K->85487K(1398272K)
[154.438s][info][gc,metaspace   ] GC(694) Metaspace: 20610K(21376K)->20610K(21376K) NonClass: 18201K(18688K)->18201K(18688K) Class: 2408K(2688K)->2408K(2688K)
[154.438s][info][gc             ] GC(694) Pause Young (Allocation Failure) 757M->85M(2044M) 2.149ms
[154.438s][info][gc,cpu         ] GC(694) User=0.00s Sys=0.00s Real=0.00s
[154.699s][info][gc,start       ] GC(695) Pause Young (Allocation Failure)
[154.700s][info][gc,heap        ] GC(695) PSYoungGen: 692795K->1553K(695296K)
[154.700s][info][gc,heap        ] GC(695) ParOldGen: 85487K->85503K(1398272K)
[154.700s][info][gc,metaspace   ] GC(695) Metaspace: 20610K(21376K)->20610K(21376K) NonClass: 18201K(18688K)->18201K(18688K) Class: 2408K(2688K)->2408K(2688K)
[154.700s][info][gc             ] GC(695) Pause Young (Allocation Failure) 760M->85M(2044M) 1.190ms
[154.700s][info][gc,cpu         ] GC(695) User=0.00s Sys=0.00s Real=0.00s
[154.953s][info][gc,start       ] GC(696) Pause Young (Allocation Failure)
[154.954s][info][gc,heap        ] GC(696) PSYoungGen: 692753K->957K(694784K)
[154.954s][info][gc,heap        ] GC(696) ParOldGen: 85503K->85503K(1398272K)
[154.954s][info][gc,metaspace   ] GC(696) Metaspace: 20610K(21376K)->20610K(21376K) NonClass: 18201K(18688K)->18201K(18688K) Class: 2408K(2688K)->2408K(2688K)
[154.954s][info][gc             ] GC(696) Pause Young (Allocation Failure) 760M->84M(2044M) 0.660ms
[154.954s][info][gc,cpu         ] GC(696) User=0.00s Sys=0.00s Real=0.00s
[155.200s][info][gc,start       ] GC(697) Pause Young (Allocation Failure)
[155.201s][info][gc,heap        ] GC(697) PSYoungGen: 691547K->3315K(694272K)
[155.201s][info][gc,heap        ] GC(697) ParOldGen: 85503K->85503K(1398272K)
[155.201s][info][gc,metaspace   ] GC(697) Metaspace: 20610K(21376K)->20610K(21376K) NonClass: 18201K(18688K)->18201K(18688K) Class: 2408K(2688K)->2408K(2688K)
[155.201s][info][gc             ] GC(697) Pause Young (Allocation Failure) 758M->86M(2043M) 1.209ms
[155.201s][info][gc,cpu         ] GC(697) User=0.00s Sys=0.00s Real=0.00s
[155.469s][info][gc,start       ] GC(698) Pause Young (Allocation Failure)
[155.470s][info][gc,heap        ] GC(698) PSYoungGen: 694003K->2361K(694784K)
[155.470s][info][gc,heap        ] GC(698) ParOldGen: 85503K->85527K(1398272K)
[155.470s][info][gc,metaspace   ] GC(698) Metaspace: 20610K(21376K)->20610K(21376K) NonClass: 18201K(18688K)->18201K(18688K) Class: 2408K(2688K)->2408K(2688K)
[155.470s][info][gc             ] GC(698) Pause Young (Allocation Failure) 761M->85M(2044M) 1.206ms
[155.470s][info][gc,cpu         ] GC(698) User=0.00s Sys=0.00s Real=0.00s
[155.740s][info][gc,start       ] GC(699) Pause Young (Allocation Failure)
[155.741s][info][gc,heap        ] GC(699) PSYoungGen: 693049K->1759K(694784K)
[155.741s][info][gc,heap        ] GC(699) ParOldGen: 85527K->85527K(1398272K)
[155.741s][info][gc,metaspace   ] GC(699) Metaspace: 20610K(21376K)->20610K(21376K) NonClass: 18201K(18688K)->18201K(18688K) Class: 2408K(2688K)->2408K(2688K)
[155.742s][info][gc             ] GC(699) Pause Young (Allocation Failure) 760M->85M(2044M) 1.231ms
[155.742s][info][gc,cpu         ] GC(699) User=0.00s Sys=0.00s Real=0.00s
[156.008s][info][gc,start       ] GC(700) Pause Young (Allocation Failure)
[156.011s][info][gc,heap        ] GC(700) PSYoungGen: 692447K->1158K(694784K)
[156.011s][info][gc,heap        ] GC(700) ParOldGen: 85527K->85527K(1398272K)
[156.011s][info][gc,metaspace   ] GC(700) Metaspace: 20610K(21376K)->20610K(21376K) NonClass: 18201K(18688K)->18201K(18688K) Class: 2408K(2688K)->2408K(2688K)
[156.011s][info][gc             ] GC(700) Pause Young (Allocation Failure) 759M->84M(2044M) 3.153ms
[156.011s][info][gc,cpu         ] GC(700) User=0.00s Sys=0.00s Real=0.00s
[156.280s][info][gc,start       ] GC(701) Pause Young (Allocation Failure)
[156.281s][info][gc,heap        ] GC(701) PSYoungGen: 691846K->224K(694784K)
[156.281s][info][gc,heap        ] GC(701) ParOldGen: 85527K->85527K(1398272K)
[156.281s][info][gc,metaspace   ] GC(701) Metaspace: 20610K(21376K)->20610K(21376K) NonClass: 18201K(18688K)->18201K(18688K) Class: 2408K(2688K)->2408K(2688K)
[156.281s][info][gc             ] GC(701) Pause Young (Allocation Failure) 759M->83M(2044M) 0.849ms
[156.281s][info][gc,cpu         ] GC(701) User=0.00s Sys=0.00s Real=0.00s
[156.546s][info][gc,start       ] GC(702) Pause Young (Allocation Failure)
[156.548s][info][gc,heap        ] GC(702) PSYoungGen: 690912K->2235K(694784K)
[156.548s][info][gc,heap        ] GC(702) ParOldGen: 85527K->85551K(1398272K)
[156.548s][info][gc,metaspace   ] GC(702) Metaspace: 20610K(21376K)->20610K(21376K) NonClass: 18201K(18688K)->18201K(18688K) Class: 2408K(2688K)->2408K(2688K)
[156.548s][info][gc             ] GC(702) Pause Young (Allocation Failure) 758M->85M(2044M) 2.352ms
[156.548s][info][gc,cpu         ] GC(702) User=0.00s Sys=0.00s Real=0.00s
[156.806s][info][gc,start       ] GC(703) Pause Young (Allocation Failure)
[156.806s][info][gc,heap        ] GC(703) PSYoungGen: 692923K->1776K(694784K)
[156.806s][info][gc,heap        ] GC(703) ParOldGen: 85551K->85551K(1398272K)
[156.806s][info][gc,metaspace   ] GC(703) Metaspace: 20610K(21376K)->20610K(21376K) NonClass: 18201K(18688K)->18201K(18688K) Class: 2408K(2688K)->2408K(2688K)
[156.806s][info][gc             ] GC(703) Pause Young (Allocation Failure) 760M->85M(2044M) 0.749ms
[156.806s][info][gc,cpu         ] GC(703) User=0.00s Sys=0.00s Real=0.00s
[157.051s][info][gc,start       ] GC(704) Pause Young (Allocation Failure)
[157.052s][info][gc,heap        ] GC(704) PSYoungGen: 692464K->1104K(694784K)
[157.052s][info][gc,heap        ] GC(704) ParOldGen: 85551K->85551K(1398272K)
[157.052s][info][gc,metaspace   ] GC(704) Metaspace: 20610K(21376K)->20610K(21376K) NonClass: 18201K(18688K)->18201K(18688K) Class: 2408K(2688K)->2408K(2688K)
[157.052s][info][gc             ] GC(704) Pause Young (Allocation Failure) 759M->84M(2044M) 0.702ms
[157.052s][info][gc,cpu         ] GC(704) User=0.00s Sys=0.00s Real=0.00s
[157.305s][info][gc,start       ] GC(705) Pause Young (Allocation Failure)
[157.305s][info][gc,heap        ] GC(705) PSYoungGen: 691792K->656K(695296K)
[157.305s][info][gc,heap        ] GC(705) ParOldGen: 85551K->85575K(1398272K)
[157.305s][info][gc,metaspace   ] GC(705) Metaspace: 20610K(21376K)->20610K(21376K) NonClass: 18201K(18688K)->18201K(18688K) Class: 2408K(2688K)->2408K(2688K)
[157.305s][info][gc             ] GC(705) Pause Young (Allocation Failure) 759M->84M(2044M) 0.552ms
[157.305s][info][gc,cpu         ] GC(705) User=0.00s Sys=0.00s Real=0.00s
[157.571s][info][gc,start       ] GC(706) Pause Young (Allocation Failure)
[157.572s][info][gc,heap        ] GC(706) PSYoungGen: 692203K->2724K(694784K)
[157.572s][info][gc,heap        ] GC(706) ParOldGen: 85575K->85575K(1398272K)
[157.572s][info][gc,metaspace   ] GC(706) Metaspace: 20610K(21376K)->20610K(21376K) NonClass: 18201K(18688K)->18201K(18688K) Class: 2408K(2688K)->2408K(2688K)
[157.572s][info][gc             ] GC(706) Pause Young (Allocation Failure) 759M->86M(2044M) 1.233ms
[157.572s][info][gc,cpu         ] GC(706) User=0.00s Sys=0.00s Real=0.00s
[157.845s][info][gc,start       ] GC(707) Pause Young (Allocation Failure)
[157.846s][info][gc,heap        ] GC(707) PSYoungGen: 694436K->1740K(695296K)
[157.846s][info][gc,heap        ] GC(707) ParOldGen: 85575K->85575K(1398272K)
[157.846s][info][gc,metaspace   ] GC(707) Metaspace: 20610K(21376K)->20610K(21376K) NonClass: 18201K(18688K)->18201K(18688K) Class: 2408K(2688K)->2408K(2688K)
[157.846s][info][gc             ] GC(707) Pause Young (Allocation Failure) 761M->85M(2044M) 1.150ms
[157.846s][info][gc,cpu         ] GC(707) User=0.00s Sys=0.00s Real=0.00s
[157.996s][info][gc,start       ] GC(708) Pause Young (System.gc())
[157.997s][info][gc,heap        ] GC(708) PSYoungGen: 378506K->128K(694784K)
[157.997s][info][gc,heap        ] GC(708) ParOldGen: 85575K->85575K(1398272K)
[157.997s][info][gc,metaspace   ] GC(708) Metaspace: 20610K(21376K)->20610K(21376K) NonClass: 18201K(18688K)->18201K(18688K) Class: 2408K(2688K)->2408K(2688K)
[157.997s][info][gc             ] GC(708) Pause Young (System.gc()) 453M->83M(2044M) 0.560ms
[157.997s][info][gc,cpu         ] GC(708) User=0.00s Sys=0.00s Real=0.00s
[157.997s][info][gc,start       ] GC(709) Pause Full (System.gc())
[157.997s][info][gc,phases,start] GC(709) Marking Phase
[158.052s][info][gc,phases      ] GC(709) Marking Phase 55.033ms
[158.052s][info][gc,phases,start] GC(709) Summary Phase
[158.052s][info][gc,phases      ] GC(709) Summary Phase 0.012ms
[158.052s][info][gc,phases,start] GC(709) Adjust Roots
[158.054s][info][gc,phases      ] GC(709) Adjust Roots 1.690ms
[158.054s][info][gc,phases,start] GC(709) Compaction Phase
[158.069s][info][gc,phases      ] GC(709) Compaction Phase 15.704ms
[158.069s][info][gc,phases,start] GC(709) Post Compact
[158.070s][info][gc,phases      ] GC(709) Post Compact 0.787ms
[158.070s][info][gc,heap        ] GC(709) PSYoungGen: 128K->0K(694784K)
[158.070s][info][gc,heap        ] GC(709) ParOldGen: 85575K->85487K(1398272K)
[158.070s][info][gc,metaspace   ] GC(709) Metaspace: 20610K(21376K)->20610K(21376K) NonClass: 18201K(18688K)->18201K(18688K) Class: 2408K(2688K)->2408K(2688K)
[158.070s][info][gc             ] GC(709) Pause Full (System.gc()) 83M->83M(2044M) 73.593ms
[158.070s][info][gc,cpu         ] GC(709) User=0.38s Sys=0.00s Real=0.07s
[158.326s][info][gc,start       ] GC(710) Pause Young (Allocation Failure)
[158.328s][info][gc,heap        ] GC(710) PSYoungGen: 691200K->2713K(694784K)
[158.328s][info][gc,heap        ] GC(710) ParOldGen: 85487K->85487K(1398272K)
[158.328s][info][gc,metaspace   ] GC(710) Metaspace: 20610K(21376K)->20610K(21376K) NonClass: 18201K(18688K)->18201K(18688K) Class: 2408K(2688K)->2408K(2688K)
[158.328s][info][gc             ] GC(710) Pause Young (Allocation Failure) 758M->86M(2044M) 1.792ms
[158.328s][info][gc,cpu         ] GC(710) User=0.00s Sys=0.00s Real=0.00s
[158.584s][info][gc,start       ] GC(711) Pause Young (Allocation Failure)
[158.585s][info][gc,heap        ] GC(711) PSYoungGen: 693401K->1998K(694784K)
[158.585s][info][gc,heap        ] GC(711) ParOldGen: 85487K->85503K(1398272K)
[158.585s][info][gc,metaspace   ] GC(711) Metaspace: 20610K(21376K)->20610K(21376K) NonClass: 18201K(18688K)->18201K(18688K) Class: 2408K(2688K)->2408K(2688K)
[158.585s][info][gc             ] GC(711) Pause Young (Allocation Failure) 760M->85M(2044M) 0.652ms
[158.585s][info][gc,cpu         ] GC(711) User=0.00s Sys=0.00s Real=0.00s
[158.846s][info][gc,start       ] GC(712) Pause Young (Allocation Failure)
[158.849s][info][gc,heap        ] GC(712) PSYoungGen: 692686K->1146K(694784K)
[158.849s][info][gc,heap        ] GC(712) ParOldGen: 85503K->85503K(1398272K)
[158.849s][info][gc,metaspace   ] GC(712) Metaspace: 20610K(21376K)->20610K(21376K) NonClass: 18201K(18688K)->18201K(18688K) Class: 2408K(2688K)->2408K(2688K)
[158.849s][info][gc             ] GC(712) Pause Young (Allocation Failure) 759M->84M(2044M) 2.172ms
[158.849s][info][gc,cpu         ] GC(712) User=0.00s Sys=0.00s Real=0.00s
[159.089s][info][gc,start       ] GC(713) Pause Young (Allocation Failure)
[159.090s][info][gc,heap        ] GC(713) PSYoungGen: 691834K->521K(694784K)
[159.090s][info][gc,heap        ] GC(713) ParOldGen: 85503K->85503K(1398272K)
[159.090s][info][gc,metaspace   ] GC(713) Metaspace: 20610K(21376K)->20610K(21376K) NonClass: 18201K(18688K)->18201K(18688K) Class: 2408K(2688K)->2408K(2688K)
[159.090s][info][gc             ] GC(713) Pause Young (Allocation Failure) 759M->84M(2044M) 0.551ms
[159.090s][info][gc,cpu         ] GC(713) User=0.00s Sys=0.00s Real=0.00s
[159.322s][info][gc,start       ] GC(714) Pause Young (Allocation Failure)
[159.323s][info][gc,heap        ] GC(714) PSYoungGen: 691209K->2529K(694784K)
[159.324s][info][gc,heap        ] GC(714) ParOldGen: 85503K->85527K(1398272K)
[159.324s][info][gc,metaspace   ] GC(714) Metaspace: 20610K(21376K)->20610K(21376K) NonClass: 18201K(18688K)->18201K(18688K) Class: 2408K(2688K)->2408K(2688K)
[159.324s][info][gc             ] GC(714) Pause Young (Allocation Failure) 758M->85M(2044M) 1.075ms
[159.324s][info][gc,cpu         ] GC(714) User=0.00s Sys=0.00s Real=0.00s
[159.566s][info][gc,start       ] GC(715) Pause Young (Allocation Failure)
[159.566s][info][gc,heap        ] GC(715) PSYoungGen: 693217K->1936K(694784K)
[159.566s][info][gc,heap        ] GC(715) ParOldGen: 85527K->85527K(1398272K)
[159.566s][info][gc,metaspace   ] GC(715) Metaspace: 20610K(21376K)->20610K(21376K) NonClass: 18201K(18688K)->18201K(18688K) Class: 2408K(2688K)->2408K(2688K)
[159.566s][info][gc             ] GC(715) Pause Young (Allocation Failure) 760M->85M(2044M) 0.740ms
[159.566s][info][gc,cpu         ] GC(715) User=0.00s Sys=0.00s Real=0.00s
[159.802s][info][gc,start       ] GC(716) Pause Young (Allocation Failure)
[159.803s][info][gc,heap        ] GC(716) PSYoungGen: 692624K->1418K(695296K)
[159.803s][info][gc,heap        ] GC(716) ParOldGen: 85527K->85527K(1398272K)
[159.803s][info][gc,metaspace   ] GC(716) Metaspace: 20610K(21376K)->20610K(21376K) NonClass: 18201K(18688K)->18201K(18688K) Class: 2408K(2688K)->2408K(2688K)
[159.803s][info][gc             ] GC(716) Pause Young (Allocation Failure) 759M->84M(2044M) 0.572ms
[159.803s][info][gc,cpu         ] GC(716) User=0.00s Sys=0.00s Real=0.00s
[160.039s][info][gc,start       ] GC(717) Pause Young (Allocation Failure)
[160.039s][info][gc,heap        ] GC(717) PSYoungGen: 692618K->592K(694784K)
[160.039s][info][gc,heap        ] GC(717) ParOldGen: 85527K->85527K(1398272K)
[160.039s][info][gc,metaspace   ] GC(717) Metaspace: 20610K(21376K)->20610K(21376K) NonClass: 18201K(18688K)->18201K(18688K) Class: 2408K(2688K)->2408K(2688K)
[160.039s][info][gc             ] GC(717) Pause Young (Allocation Failure) 759M->84M(2044M) 0.667ms
[160.039s][info][gc,cpu         ] GC(717) User=0.00s Sys=0.00s Real=0.00s
[160.269s][info][gc,start       ] GC(718) Pause Young (Allocation Failure)
[160.270s][info][gc,heap        ] GC(718) PSYoungGen: 691792K->2925K(694272K)
[160.270s][info][gc,heap        ] GC(718) ParOldGen: 85527K->85551K(1398272K)
[160.270s][info][gc,metaspace   ] GC(718) Metaspace: 20610K(21376K)->20610K(21376K) NonClass: 18201K(18688K)->18201K(18688K) Class: 2408K(2688K)->2408K(2688K)
[160.270s][info][gc             ] GC(718) Pause Young (Allocation Failure) 759M->86M(2043M) 1.177ms
[160.270s][info][gc,cpu         ] GC(718) User=0.00s Sys=0.00s Real=0.00s
[160.521s][info][gc,start       ] GC(719) Pause Young (Allocation Failure)
[160.522s][info][gc,heap        ] GC(719) PSYoungGen: 693613K->1934K(694784K)
[160.522s][info][gc,heap        ] GC(719) ParOldGen: 85551K->85551K(1398272K)
[160.522s][info][gc,metaspace   ] GC(719) Metaspace: 20610K(21376K)->20610K(21376K) NonClass: 18201K(18688K)->18201K(18688K) Class: 2408K(2688K)->2408K(2688K)
[160.522s][info][gc             ] GC(719) Pause Young (Allocation Failure) 760M->85M(2044M) 0.834ms
[160.522s][info][gc,cpu         ] GC(719) User=0.00s Sys=0.00s Real=0.00s
[160.763s][info][gc,start       ] GC(720) Pause Young (Allocation Failure)
[160.764s][info][gc,heap        ] GC(720) PSYoungGen: 692622K->1202K(694784K)
[160.764s][info][gc,heap        ] GC(720) ParOldGen: 85551K->85551K(1398272K)
[160.764s][info][gc,metaspace   ] GC(720) Metaspace: 20610K(21376K)->20610K(21376K) NonClass: 18201K(18688K)->18201K(18688K) Class: 2408K(2688K)->2408K(2688K)
[160.764s][info][gc             ] GC(720) Pause Young (Allocation Failure) 759M->84M(2044M) 0.776ms
[160.764s][info][gc,cpu         ] GC(720) User=0.00s Sys=0.00s Real=0.00s
[160.999s][info][gc,start       ] GC(721) Pause Young (Allocation Failure)
[160.999s][info][gc,heap        ] GC(721) PSYoungGen: 691890K->547K(694784K)
[160.999s][info][gc,heap        ] GC(721) ParOldGen: 85551K->85567K(1398272K)
[160.999s][info][gc,metaspace   ] GC(721) Metaspace: 20610K(21376K)->20610K(21376K) NonClass: 18201K(18688K)->18201K(18688K) Class: 2408K(2688K)->2408K(2688K)
[160.999s][info][gc             ] GC(721) Pause Young (Allocation Failure) 759M->84M(2044M) 0.589ms
[160.999s][info][gc,cpu         ] GC(721) User=0.00s Sys=0.00s Real=0.00s
[161.232s][info][gc,start       ] GC(722) Pause Young (Allocation Failure)
[161.234s][info][gc,heap        ] GC(722) PSYoungGen: 691235K->2537K(694784K)
[161.234s][info][gc,heap        ] GC(722) ParOldGen: 85567K->85567K(1398272K)
[161.234s][info][gc,metaspace   ] GC(722) Metaspace: 20610K(21376K)->20610K(21376K) NonClass: 18201K(18688K)->18201K(18688K) Class: 2408K(2688K)->2408K(2688K)
[161.234s][info][gc             ] GC(722) Pause Young (Allocation Failure) 758M->86M(2044M) 1.508ms
[161.234s][info][gc,cpu         ] GC(722) User=0.00s Sys=0.00s Real=0.00s
[161.478s][info][gc,start       ] GC(723) Pause Young (Allocation Failure)
[161.480s][info][gc,heap        ] GC(723) PSYoungGen: 693225K->2380K(694784K)
[161.480s][info][gc,heap        ] GC(723) ParOldGen: 85567K->85567K(1398272K)
[161.480s][info][gc,metaspace   ] GC(723) Metaspace: 20610K(21376K)->20610K(21376K) NonClass: 18201K(18688K)->18201K(18688K) Class: 2408K(2688K)->2408K(2688K)
[161.480s][info][gc             ] GC(723) Pause Young (Allocation Failure) 760M->85M(2044M) 1.185ms
[161.480s][info][gc,cpu         ] GC(723) User=0.00s Sys=0.00s Real=0.00s
[161.612s][info][gc,start       ] GC(724) Pause Young (System.gc())
[161.613s][info][gc,heap        ] GC(724) PSYoungGen: 370666K->32K(694784K)
[161.613s][info][gc,heap        ] GC(724) ParOldGen: 85567K->85567K(1398272K)
[161.613s][info][gc,metaspace   ] GC(724) Metaspace: 20610K(21376K)->20610K(21376K) NonClass: 18201K(18688K)->18201K(18688K) Class: 2408K(2688K)->2408K(2688K)
[161.613s][info][gc             ] GC(724) Pause Young (System.gc()) 445M->83M(2044M) 0.561ms
[161.613s][info][gc,cpu         ] GC(724) User=0.00s Sys=0.00s Real=0.00s
[161.613s][info][gc,start       ] GC(725) Pause Full (System.gc())
[161.613s][info][gc,phases,start] GC(725) Marking Phase
[161.669s][info][gc,phases      ] GC(725) Marking Phase 56.132ms
[161.669s][info][gc,phases,start] GC(725) Summary Phase
[161.669s][info][gc,phases      ] GC(725) Summary Phase 0.012ms
[161.669s][info][gc,phases,start] GC(725) Adjust Roots
[161.671s][info][gc,phases      ] GC(725) Adjust Roots 1.456ms
[161.671s][info][gc,phases,start] GC(725) Compaction Phase
[161.684s][info][gc,phases      ] GC(725) Compaction Phase 13.446ms
[161.684s][info][gc,phases,start] GC(725) Post Compact
[161.685s][info][gc,phases      ] GC(725) Post Compact 0.638ms
[161.685s][info][gc,heap        ] GC(725) PSYoungGen: 32K->0K(694784K)
[161.685s][info][gc,heap        ] GC(725) ParOldGen: 85567K->85487K(1398272K)
[161.685s][info][gc,metaspace   ] GC(725) Metaspace: 20610K(21376K)->20610K(21376K) NonClass: 18201K(18688K)->18201K(18688K) Class: 2408K(2688K)->2408K(2688K)
[161.685s][info][gc             ] GC(725) Pause Full (System.gc()) 83M->83M(2044M) 71.989ms
[161.685s][info][gc,cpu         ] GC(725) User=0.22s Sys=0.00s Real=0.07s
[161.917s][info][gc,start       ] GC(726) Pause Young (Allocation Failure)
[161.918s][info][gc,heap        ] GC(726) PSYoungGen: 690688K->2151K(694784K)
[161.918s][info][gc,heap        ] GC(726) ParOldGen: 85487K->85487K(1398272K)
[161.918s][info][gc,metaspace   ] GC(726) Metaspace: 20610K(21376K)->20610K(21376K) NonClass: 18201K(18688K)->18201K(18688K) Class: 2408K(2688K)->2408K(2688K)
[161.918s][info][gc             ] GC(726) Pause Young (Allocation Failure) 757M->85M(2044M) 0.807ms
[161.918s][info][gc,cpu         ] GC(726) User=0.00s Sys=0.00s Real=0.00s
[162.159s][info][gc,start       ] GC(727) Pause Young (Allocation Failure)
[162.160s][info][gc,heap        ] GC(727) PSYoungGen: 692839K->1658K(694784K)
[162.160s][info][gc,heap        ] GC(727) ParOldGen: 85487K->85511K(1398272K)
[162.160s][info][gc,metaspace   ] GC(727) Metaspace: 20610K(21376K)->20610K(21376K) NonClass: 18201K(18688K)->18201K(18688K) Class: 2408K(2688K)->2408K(2688K)
[162.160s][info][gc             ] GC(727) Pause Young (Allocation Failure) 760M->85M(2044M) 0.698ms
[162.160s][info][gc,cpu         ] GC(727) User=0.00s Sys=0.00s Real=0.00s
[162.398s][info][gc,start       ] GC(728) Pause Young (Allocation Failure)
[162.399s][info][gc,heap        ] GC(728) PSYoungGen: 692277K->1187K(694784K)
[162.399s][info][gc,heap        ] GC(728) ParOldGen: 85511K->85511K(1398272K)
[162.399s][info][gc,metaspace   ] GC(728) Metaspace: 20610K(21376K)->20610K(21376K) NonClass: 18201K(18688K)->18201K(18688K) Class: 2408K(2688K)->2408K(2688K)
[162.399s][info][gc             ] GC(728) Pause Young (Allocation Failure) 759M->84M(2044M) 1.016ms
[162.399s][info][gc,cpu         ] GC(728) User=0.00s Sys=0.00s Real=0.00s
[162.647s][info][gc,start       ] GC(729) Pause Young (Allocation Failure)
[162.648s][info][gc,heap        ] GC(729) PSYoungGen: 691875K->256K(695296K)
[162.648s][info][gc,heap        ] GC(729) ParOldGen: 85511K->85511K(1398272K)
[162.648s][info][gc,metaspace   ] GC(729) Metaspace: 20610K(21376K)->20610K(21376K) NonClass: 18201K(18688K)->18201K(18688K) Class: 2408K(2688K)->2408K(2688K)
[162.648s][info][gc             ] GC(729) Pause Young (Allocation Failure) 759M->83M(2044M) 0.561ms
[162.648s][info][gc,cpu         ] GC(729) User=0.00s Sys=0.00s Real=0.00s
[162.885s][info][gc,start       ] GC(730) Pause Young (Allocation Failure)
[162.886s][info][gc,heap        ] GC(730) PSYoungGen: 691968K->2063K(694272K)
[162.886s][info][gc,heap        ] GC(730) ParOldGen: 85511K->85535K(1398272K)
[162.886s][info][gc,metaspace   ] GC(730) Metaspace: 20610K(21376K)->20610K(21376K) NonClass: 18201K(18688K)->18201K(18688K) Class: 2408K(2688K)->2408K(2688K)
[162.886s][info][gc             ] GC(730) Pause Young (Allocation Failure) 759M->85M(2043M) 1.076ms
[162.886s][info][gc,cpu         ] GC(730) User=0.00s Sys=0.00s Real=0.00s
[163.129s][info][gc,start       ] GC(731) Pause Young (Allocation Failure)
[163.129s][info][gc,heap        ] GC(731) PSYoungGen: 693775K->1818K(695296K)
[163.129s][info][gc,heap        ] GC(731) ParOldGen: 85535K->85535K(1398272K)
[163.129s][info][gc,metaspace   ] GC(731) Metaspace: 20610K(21376K)->20610K(21376K) NonClass: 18201K(18688K)->18201K(18688K) Class: 2408K(2688K)->2408K(2688K)
[163.129s][info][gc             ] GC(731) Pause Young (Allocation Failure) 761M->85M(2044M) 0.831ms
[163.129s][info][gc,cpu         ] GC(731) User=0.00s Sys=0.00s Real=0.00s
[163.370s][info][gc,start       ] GC(732) Pause Young (Allocation Failure)
[163.371s][info][gc,heap        ] GC(732) PSYoungGen: 693018K->1205K(694784K)
[163.371s][info][gc,heap        ] GC(732) ParOldGen: 85535K->85535K(1398272K)
[163.371s][info][gc,metaspace   ] GC(732) Metaspace: 20610K(21376K)->20610K(21376K) NonClass: 18201K(18688K)->18201K(18688K) Class: 2408K(2688K)->2408K(2688K)
[163.371s][info][gc             ] GC(732) Pause Young (Allocation Failure) 760M->84M(2044M) 0.800ms
[163.371s][info][gc,cpu         ] GC(732) User=0.00s Sys=0.00s Real=0.00s
[163.614s][info][gc,start       ] GC(733) Pause Young (Allocation Failure)
[163.614s][info][gc,heap        ] GC(733) PSYoungGen: 692405K->352K(695296K)
[163.614s][info][gc,heap        ] GC(733) ParOldGen: 85535K->85535K(1398272K)
[163.614s][info][gc,metaspace   ] GC(733) Metaspace: 20610K(21376K)->20610K(21376K) NonClass: 18201K(18688K)->18201K(18688K) Class: 2408K(2688K)->2408K(2688K)
[163.614s][info][gc             ] GC(733) Pause Young (Allocation Failure) 759M->83M(2044M) 0.602ms
[163.615s][info][gc,cpu         ] GC(733) User=0.00s Sys=0.00s Real=0.00s
[163.850s][info][gc,start       ] GC(734) Pause Young (Allocation Failure)
[163.851s][info][gc,heap        ] GC(734) PSYoungGen: 692064K->2478K(695296K)
[163.851s][info][gc,heap        ] GC(734) ParOldGen: 85535K->85551K(1398272K)
[163.851s][info][gc,metaspace   ] GC(734) Metaspace: 20610K(21376K)->20610K(21376K) NonClass: 18201K(18688K)->18201K(18688K) Class: 2408K(2688K)->2408K(2688K)
[163.851s][info][gc             ] GC(734) Pause Young (Allocation Failure) 759M->85M(2044M) 1.112ms
[163.851s][info][gc,cpu         ] GC(734) User=0.00s Sys=0.00s Real=0.00s
[164.093s][info][gc,start       ] GC(735) Pause Young (Allocation Failure)
[164.093s][info][gc,heap        ] GC(735) PSYoungGen: 694190K->1781K(695296K)
[164.094s][info][gc,heap        ] GC(735) ParOldGen: 85551K->85551K(1398272K)
[164.094s][info][gc,metaspace   ] GC(735) Metaspace: 20610K(21376K)->20610K(21376K) NonClass: 18201K(18688K)->18201K(18688K) Class: 2408K(2688K)->2408K(2688K)
[164.094s][info][gc             ] GC(735) Pause Young (Allocation Failure) 761M->85M(2044M) 0.916ms
[164.094s][info][gc,cpu         ] GC(735) User=0.00s Sys=0.00s Real=0.00s
[164.331s][info][gc,start       ] GC(736) Pause Young (Allocation Failure)
[164.331s][info][gc,heap        ] GC(736) PSYoungGen: 693493K->1323K(695296K)
[164.331s][info][gc,heap        ] GC(736) ParOldGen: 85551K->85551K(1398272K)
[164.331s][info][gc,metaspace   ] GC(736) Metaspace: 20610K(21376K)->20610K(21376K) NonClass: 18201K(18688K)->18201K(18688K) Class: 2408K(2688K)->2408K(2688K)
[164.331s][info][gc             ] GC(736) Pause Young (Allocation Failure) 760M->84M(2044M) 0.602ms
[164.331s][info][gc,cpu         ] GC(736) User=0.00s Sys=0.00s Real=0.00s
[164.579s][info][gc,start       ] GC(737) Pause Young (Allocation Failure)
[164.580s][info][gc,heap        ] GC(737) PSYoungGen: 693035K->577K(695296K)
[164.580s][info][gc,heap        ] GC(737) ParOldGen: 85551K->85575K(1398272K)
[164.580s][info][gc,metaspace   ] GC(737) Metaspace: 20610K(21376K)->20610K(21376K) NonClass: 18201K(18688K)->18201K(18688K) Class: 2408K(2688K)->2408K(2688K)
[164.580s][info][gc             ] GC(737) Pause Young (Allocation Failure) 760M->84M(2044M) 0.587ms
[164.580s][info][gc,cpu         ] GC(737) User=0.00s Sys=0.00s Real=0.00s
[164.819s][info][gc,start       ] GC(738) Pause Young (Allocation Failure)
[164.821s][info][gc,heap        ] GC(738) PSYoungGen: 692289K->2537K(695296K)
[164.821s][info][gc,heap        ] GC(738) ParOldGen: 85575K->85575K(1398272K)
[164.821s][info][gc,metaspace   ] GC(738) Metaspace: 20610K(21376K)->20610K(21376K) NonClass: 18201K(18688K)->18201K(18688K) Class: 2408K(2688K)->2408K(2688K)
[164.821s][info][gc             ] GC(738) Pause Young (Allocation Failure) 759M->86M(2044M) 1.756ms
[164.821s][info][gc,cpu         ] GC(738) User=0.00s Sys=0.00s Real=0.00s
[165.065s][info][gc,start       ] GC(739) Pause Young (Allocation Failure)
[165.066s][info][gc,heap        ] GC(739) PSYoungGen: 694249K->2187K(695296K)
[165.066s][info][gc,heap        ] GC(739) ParOldGen: 85575K->85575K(1398272K)
[165.066s][info][gc,metaspace   ] GC(739) Metaspace: 20610K(21376K)->20610K(21376K) NonClass: 18201K(18688K)->18201K(18688K) Class: 2408K(2688K)->2408K(2688K)
[165.066s][info][gc             ] GC(739) Pause Young (Allocation Failure) 761M->85M(2044M) 0.939ms
[165.066s][info][gc,cpu         ] GC(739) User=0.00s Sys=0.00s Real=0.00s
[165.195s][info][gc,start       ] GC(740) Pause Young (System.gc())
[165.195s][info][gc,heap        ] GC(740) PSYoungGen: 367391K->64K(692224K)
[165.195s][info][gc,heap        ] GC(740) ParOldGen: 85575K->85575K(1398272K)
[165.195s][info][gc,metaspace   ] GC(740) Metaspace: 20610K(21376K)->20610K(21376K) NonClass: 18201K(18688K)->18201K(18688K) Class: 2408K(2688K)->2408K(2688K)
[165.195s][info][gc             ] GC(740) Pause Young (System.gc()) 442M->83M(2041M) 0.484ms
[165.195s][info][gc,cpu         ] GC(740) User=0.00s Sys=0.00s Real=0.00s
[165.195s][info][gc,start       ] GC(741) Pause Full (System.gc())
[165.195s][info][gc,phases,start] GC(741) Marking Phase
[165.249s][info][gc,phases      ] GC(741) Marking Phase 54.063ms
[165.249s][info][gc,phases,start] GC(741) Summary Phase
[165.249s][info][gc,phases      ] GC(741) Summary Phase 0.012ms
[165.249s][info][gc,phases,start] GC(741) Adjust Roots
[165.251s][info][gc,phases      ] GC(741) Adjust Roots 1.468ms
[165.251s][info][gc,phases,start] GC(741) Compaction Phase
[165.268s][info][gc,phases      ] GC(741) Compaction Phase 16.639ms
[165.268s][info][gc,phases,start] GC(741) Post Compact
[165.268s][info][gc,phases      ] GC(741) Post Compact 0.660ms
[165.268s][info][gc,heap        ] GC(741) PSYoungGen: 64K->0K(692224K)
[165.269s][info][gc,heap        ] GC(741) ParOldGen: 85575K->85487K(1398272K)
[165.269s][info][gc,metaspace   ] GC(741) Metaspace: 20610K(21376K)->20610K(21376K) NonClass: 18201K(18688K)->18201K(18688K) Class: 2408K(2688K)->2408K(2688K)
[165.269s][info][gc             ] GC(741) Pause Full (System.gc()) 83M->83M(2041M) 73.248ms
[165.269s][info][gc,cpu         ] GC(741) User=0.27s Sys=0.00s Real=0.07s
[165.515s][info][gc,start       ] GC(742) Pause Young (Allocation Failure)
[165.516s][info][gc,heap        ] GC(742) PSYoungGen: 691712K->2181K(694784K)
[165.516s][info][gc,heap        ] GC(742) ParOldGen: 85487K->85487K(1398272K)
[165.516s][info][gc,metaspace   ] GC(742) Metaspace: 20610K(21376K)->20610K(21376K) NonClass: 18201K(18688K)->18201K(18688K) Class: 2408K(2688K)->2408K(2688K)
[165.516s][info][gc             ] GC(742) Pause Young (Allocation Failure) 758M->85M(2044M) 1.241ms
[165.516s][info][gc,cpu         ] GC(742) User=0.00s Sys=0.00s Real=0.00s
[165.764s][info][gc,start       ] GC(743) Pause Young (Allocation Failure)
[165.765s][info][gc,heap        ] GC(743) PSYoungGen: 692869K->1776K(694784K)
[165.765s][info][gc,heap        ] GC(743) ParOldGen: 85487K->85519K(1398272K)
[165.765s][info][gc,metaspace   ] GC(743) Metaspace: 20610K(21376K)->20610K(21376K) NonClass: 18201K(18688K)->18201K(18688K) Class: 2408K(2688K)->2408K(2688K)
[165.765s][info][gc             ] GC(743) Pause Young (Allocation Failure) 760M->85M(2044M) 0.782ms
[165.765s][info][gc,cpu         ] GC(743) User=0.00s Sys=0.00s Real=0.00s
[166.005s][info][gc,start       ] GC(744) Pause Young (Allocation Failure)
[166.007s][info][gc,heap        ] GC(744) PSYoungGen: 692464K->1380K(695296K)
[166.007s][info][gc,heap        ] GC(744) ParOldGen: 85519K->85519K(1398272K)
[166.007s][info][gc,metaspace   ] GC(744) Metaspace: 20610K(21376K)->20610K(21376K) NonClass: 18201K(18688K)->18201K(18688K) Class: 2408K(2688K)->2408K(2688K)
[166.007s][info][gc             ] GC(744) Pause Young (Allocation Failure) 759M->84M(2044M) 1.575ms
[166.007s][info][gc,cpu         ] GC(744) User=0.00s Sys=0.00s Real=0.00s
[166.243s][info][gc,start       ] GC(745) Pause Young (Allocation Failure)
[166.243s][info][gc,heap        ] GC(745) PSYoungGen: 693092K->601K(695296K)
[166.243s][info][gc,heap        ] GC(745) ParOldGen: 85519K->85519K(1398272K)
[166.243s][info][gc,metaspace   ] GC(745) Metaspace: 20610K(21376K)->20610K(21376K) NonClass: 18201K(18688K)->18201K(18688K) Class: 2408K(2688K)->2408K(2688K)
[166.243s][info][gc             ] GC(745) Pause Young (Allocation Failure) 760M->84M(2044M) 0.629ms
[166.243s][info][gc,cpu         ] GC(745) User=0.00s Sys=0.00s Real=0.00s
[166.476s][info][gc,start       ] GC(746) Pause Young (Allocation Failure)
[166.478s][info][gc,heap        ] GC(746) PSYoungGen: 692313K->3055K(694272K)
[166.478s][info][gc,heap        ] GC(746) ParOldGen: 85519K->85543K(1398272K)
[166.478s][info][gc,metaspace   ] GC(746) Metaspace: 20610K(21376K)->20610K(21376K) NonClass: 18201K(18688K)->18201K(18688K) Class: 2408K(2688K)->2408K(2688K)
[166.478s][info][gc             ] GC(746) Pause Young (Allocation Failure) 759M->86M(2043M) 1.646ms
[166.478s][info][gc,cpu         ] GC(746) User=0.00s Sys=0.00s Real=0.00s
[166.725s][info][gc,start       ] GC(747) Pause Young (Allocation Failure)
[166.726s][info][gc,heap        ] GC(747) PSYoungGen: 693726K->2197K(694784K)
[166.726s][info][gc,heap        ] GC(747) ParOldGen: 85543K->85543K(1398272K)
[166.726s][info][gc,metaspace   ] GC(747) Metaspace: 20610K(21376K)->20610K(21376K) NonClass: 18201K(18688K)->18201K(18688K) Class: 2408K(2688K)->2408K(2688K)
[166.726s][info][gc             ] GC(747) Pause Young (Allocation Failure) 761M->85M(2044M) 1.218ms
[166.726s][info][gc,cpu         ] GC(747) User=0.02s Sys=0.00s Real=0.00s
[166.969s][info][gc,start       ] GC(748) Pause Young (Allocation Failure)
[166.971s][info][gc,heap        ] GC(748) PSYoungGen: 692875K->1577K(695296K)
[166.971s][info][gc,heap        ] GC(748) ParOldGen: 85543K->85543K(1398272K)
[166.971s][info][gc,metaspace   ] GC(748) Metaspace: 20610K(21376K)->20610K(21376K) NonClass: 18201K(18688K)->18201K(18688K) Class: 2408K(2688K)->2408K(2688K)
[166.971s][info][gc             ] GC(748) Pause Young (Allocation Failure) 760M->85M(2044M) 2.452ms
[166.971s][info][gc,cpu         ] GC(748) User=0.00s Sys=0.00s Real=0.00s
[167.208s][info][gc,start       ] GC(749) Pause Young (Allocation Failure)
[167.208s][info][gc,heap        ] GC(749) PSYoungGen: 692777K->904K(694784K)
[167.208s][info][gc,heap        ] GC(749) ParOldGen: 85543K->85543K(1398272K)
[167.208s][info][gc,metaspace   ] GC(749) Metaspace: 20610K(21376K)->20610K(21376K) NonClass: 18201K(18688K)->18201K(18688K) Class: 2408K(2688K)->2408K(2688K)
[167.208s][info][gc             ] GC(749) Pause Young (Allocation Failure) 760M->84M(2044M) 0.594ms
[167.208s][info][gc,cpu         ] GC(749) User=0.00s Sys=0.00s Real=0.00s
[167.456s][info][gc,start       ] GC(750) Pause Young (Allocation Failure)
[167.457s][info][gc,heap        ] GC(750) PSYoungGen: 692104K->128K(695296K)
[167.457s][info][gc,heap        ] GC(750) ParOldGen: 85543K->85567K(1398272K)
[167.457s][info][gc,metaspace   ] GC(750) Metaspace: 20610K(21376K)->20610K(21376K) NonClass: 18201K(18688K)->18201K(18688K) Class: 2408K(2688K)->2408K(2688K)
[167.457s][info][gc             ] GC(750) Pause Young (Allocation Failure) 759M->83M(2044M) 0.527ms
[167.457s][info][gc,cpu         ] GC(750) User=0.00s Sys=0.00s Real=0.00s
[167.706s][info][gc,start       ] GC(751) Pause Young (Allocation Failure)
[167.707s][info][gc,heap        ] GC(751) PSYoungGen: 691840K->2299K(694272K)
[167.707s][info][gc,heap        ] GC(751) ParOldGen: 85567K->85567K(1398272K)
[167.707s][info][gc,metaspace   ] GC(751) Metaspace: 20610K(21376K)->20610K(21376K) NonClass: 18201K(18688K)->18201K(18688K) Class: 2408K(2688K)->2408K(2688K)
[167.707s][info][gc             ] GC(751) Pause Young (Allocation Failure) 759M->85M(2043M) 1.273ms
[167.707s][info][gc,cpu         ] GC(751) User=0.00s Sys=0.00s Real=0.00s
[167.947s][info][gc,start       ] GC(752) Pause Young (Allocation Failure)
[167.948s][info][gc,heap        ] GC(752) PSYoungGen: 694011K->1739K(695296K)
[167.948s][info][gc,heap        ] GC(752) ParOldGen: 85567K->85567K(1398272K)
[167.948s][info][gc,metaspace   ] GC(752) Metaspace: 20610K(21376K)->20610K(21376K) NonClass: 18201K(18688K)->18201K(18688K) Class: 2408K(2688K)->2408K(2688K)
[167.948s][info][gc             ] GC(752) Pause Young (Allocation Failure) 761M->85M(2044M) 0.636ms
[167.948s][info][gc,cpu         ] GC(752) User=0.00s Sys=0.00s Real=0.00s
[168.181s][info][gc,start       ] GC(753) Pause Young (Allocation Failure)
[168.182s][info][gc,heap        ] GC(753) PSYoungGen: 692939K->954K(694784K)
[168.182s][info][gc,heap        ] GC(753) ParOldGen: 85567K->85583K(1398272K)
[168.182s][info][gc,metaspace   ] GC(753) Metaspace: 20610K(21376K)->20610K(21376K) NonClass: 18201K(18688K)->18201K(18688K) Class: 2408K(2688K)->2408K(2688K)
[168.182s][info][gc             ] GC(753) Pause Young (Allocation Failure) 760M->84M(2044M) 0.714ms
[168.182s][info][gc,cpu         ] GC(753) User=0.00s Sys=0.00s Real=0.00s
[168.431s][info][gc,start       ] GC(754) Pause Young (Allocation Failure)
[168.432s][info][gc,heap        ] GC(754) PSYoungGen: 692154K->408K(695296K)
[168.432s][info][gc,heap        ] GC(754) ParOldGen: 85583K->85583K(1398272K)
[168.432s][info][gc,metaspace   ] GC(754) Metaspace: 20610K(21376K)->20610K(21376K) NonClass: 18201K(18688K)->18201K(18688K) Class: 2408K(2688K)->2408K(2688K)
[168.432s][info][gc             ] GC(754) Pause Young (Allocation Failure) 759M->83M(2044M) 0.618ms
[168.432s][info][gc,cpu         ] GC(754) User=0.00s Sys=0.00s Real=0.00s
[168.689s][info][gc,start       ] GC(755) Pause Young (Allocation Failure)
[168.691s][info][gc,heap        ] GC(755) PSYoungGen: 692071K->2276K(695296K)
[168.691s][info][gc,heap        ] GC(755) ParOldGen: 85583K->85583K(1398272K)
[168.691s][info][gc,metaspace   ] GC(755) Metaspace: 20610K(21376K)->20610K(21376K) NonClass: 18201K(18688K)->18201K(18688K) Class: 2408K(2688K)->2408K(2688K)
[168.691s][info][gc             ] GC(755) Pause Young (Allocation Failure) 759M->85M(2044M) 1.465ms
[168.691s][info][gc,cpu         ] GC(755) User=0.00s Sys=0.00s Real=0.00s
[168.829s][info][gc,start       ] GC(756) Pause Young (System.gc())
[168.830s][info][gc,heap        ] GC(756) PSYoungGen: 362749K->96K(695296K)
[168.830s][info][gc,heap        ] GC(756) ParOldGen: 85583K->85583K(1398272K)
[168.830s][info][gc,metaspace   ] GC(756) Metaspace: 20610K(21376K)->20610K(21376K) NonClass: 18201K(18688K)->18201K(18688K) Class: 2408K(2688K)->2408K(2688K)
[168.830s][info][gc             ] GC(756) Pause Young (System.gc()) 437M->83M(2044M) 0.544ms
[168.830s][info][gc,cpu         ] GC(756) User=0.00s Sys=0.00s Real=0.00s
[168.830s][info][gc,start       ] GC(757) Pause Full (System.gc())
[168.830s][info][gc,phases,start] GC(757) Marking Phase
[168.894s][info][gc,phases      ] GC(757) Marking Phase 63.996ms
[168.894s][info][gc,phases,start] GC(757) Summary Phase
[168.894s][info][gc,phases      ] GC(757) Summary Phase 0.015ms
[168.894s][info][gc,phases,start] GC(757) Adjust Roots
[168.895s][info][gc,phases      ] GC(757) Adjust Roots 1.420ms
[168.895s][info][gc,phases,start] GC(757) Compaction Phase
[168.909s][info][gc,phases      ] GC(757) Compaction Phase 13.288ms
[168.909s][info][gc,phases,start] GC(757) Post Compact
[168.909s][info][gc,phases      ] GC(757) Post Compact 0.636ms
[168.909s][info][gc,heap        ] GC(757) PSYoungGen: 96K->0K(695296K)
[168.909s][info][gc,heap        ] GC(757) ParOldGen: 85583K->85487K(1398272K)
[168.909s][info][gc,metaspace   ] GC(757) Metaspace: 20610K(21376K)->20610K(21376K) NonClass: 18201K(18688K)->18201K(18688K) Class: 2408K(2688K)->2408K(2688K)
[168.909s][info][gc             ] GC(757) Pause Full (System.gc()) 83M->83M(2044M) 79.695ms
[168.909s][info][gc,cpu         ] GC(757) User=0.27s Sys=0.00s Real=0.08s
[169.145s][info][gc,start       ] GC(758) Pause Young (Allocation Failure)
[169.146s][info][gc,heap        ] GC(758) PSYoungGen: 691711K->2303K(694272K)
[169.146s][info][gc,heap        ] GC(758) ParOldGen: 85487K->85487K(1398272K)
[169.146s][info][gc,metaspace   ] GC(758) Metaspace: 20610K(21376K)->20610K(21376K) NonClass: 18201K(18688K)->18201K(18688K) Class: 2408K(2688K)->2408K(2688K)
[169.146s][info][gc             ] GC(758) Pause Young (Allocation Failure) 758M->85M(2043M) 0.908ms
[169.146s][info][gc,cpu         ] GC(758) User=0.00s Sys=0.00s Real=0.00s
[169.378s][info][gc,start       ] GC(759) Pause Young (Allocation Failure)
[169.378s][info][gc,heap        ] GC(759) PSYoungGen: 694015K->1837K(694784K)
[169.379s][info][gc,heap        ] GC(759) ParOldGen: 85487K->85511K(1398272K)
[169.379s][info][gc,metaspace   ] GC(759) Metaspace: 20610K(21376K)->20610K(21376K) NonClass: 18201K(18688K)->18201K(18688K) Class: 2408K(2688K)->2408K(2688K)
[169.379s][info][gc             ] GC(759) Pause Young (Allocation Failure) 761M->85M(2044M) 0.726ms
[169.379s][info][gc,cpu         ] GC(759) User=0.00s Sys=0.00s Real=0.00s
[169.626s][info][gc,start       ] GC(760) Pause Young (Allocation Failure)
[169.626s][info][gc,heap        ] GC(760) PSYoungGen: 692525K->1062K(694784K)
[169.626s][info][gc,heap        ] GC(760) ParOldGen: 85511K->85511K(1398272K)
[169.626s][info][gc,metaspace   ] GC(760) Metaspace: 20610K(21376K)->20610K(21376K) NonClass: 18201K(18688K)->18201K(18688K) Class: 2408K(2688K)->2408K(2688K)
[169.626s][info][gc             ] GC(760) Pause Young (Allocation Failure) 759M->84M(2044M) 0.552ms
[169.626s][info][gc,cpu         ] GC(760) User=0.00s Sys=0.00s Real=0.00s
[169.861s][info][gc,start       ] GC(761) Pause Young (Allocation Failure)
[169.862s][info][gc,heap        ] GC(761) PSYoungGen: 691750K->256K(695296K)
[169.862s][info][gc,heap        ] GC(761) ParOldGen: 85511K->85511K(1398272K)
[169.862s][info][gc,metaspace   ] GC(761) Metaspace: 20610K(21376K)->20610K(21376K) NonClass: 18201K(18688K)->18201K(18688K) Class: 2408K(2688K)->2408K(2688K)
[169.862s][info][gc             ] GC(761) Pause Young (Allocation Failure) 759M->83M(2044M) 0.526ms
[169.862s][info][gc,cpu         ] GC(761) User=0.00s Sys=0.00s Real=0.00s
[170.094s][info][gc,start       ] GC(762) Pause Young (Allocation Failure)
[170.095s][info][gc,heap        ] GC(762) PSYoungGen: 691968K->2283K(694272K)
[170.095s][info][gc,heap        ] GC(762) ParOldGen: 85511K->85535K(1398272K)
[170.095s][info][gc,metaspace   ] GC(762) Metaspace: 20610K(21376K)->20610K(21376K) NonClass: 18201K(18688K)->18201K(18688K) Class: 2408K(2688K)->2408K(2688K)
[170.095s][info][gc             ] GC(762) Pause Young (Allocation Failure) 759M->85M(2043M) 1.013ms
[170.095s][info][gc,cpu         ] GC(762) User=0.00s Sys=0.00s Real=0.00s
[170.331s][info][gc,start       ] GC(763) Pause Young (Allocation Failure)
[170.332s][info][gc,heap        ] GC(763) PSYoungGen: 693995K->2102K(694784K)
[170.332s][info][gc,heap        ] GC(763) ParOldGen: 85535K->85535K(1398272K)
[170.332s][info][gc,metaspace   ] GC(763) Metaspace: 20610K(21376K)->20610K(21376K) NonClass: 18201K(18688K)->18201K(18688K) Class: 2408K(2688K)->2408K(2688K)
[170.332s][info][gc             ] GC(763) Pause Young (Allocation Failure) 761M->85M(2044M) 1.769ms
[170.332s][info][gc,cpu         ] GC(763) User=0.00s Sys=0.00s Real=0.00s
[170.576s][info][gc,start       ] GC(764) Pause Young (Allocation Failure)
[170.576s][info][gc,heap        ] GC(764) PSYoungGen: 692790K->1417K(694784K)
[170.576s][info][gc,heap        ] GC(764) ParOldGen: 85535K->85535K(1398272K)
[170.576s][info][gc,metaspace   ] GC(764) Metaspace: 20610K(21376K)->20610K(21376K) NonClass: 18201K(18688K)->18201K(18688K) Class: 2408K(2688K)->2408K(2688K)
[170.576s][info][gc             ] GC(764) Pause Young (Allocation Failure) 760M->84M(2044M) 0.618ms
[170.576s][info][gc,cpu         ] GC(764) User=0.00s Sys=0.00s Real=0.00s
[170.818s][info][gc,start       ] GC(765) Pause Young (Allocation Failure)
[170.819s][info][gc,heap        ] GC(765) PSYoungGen: 692105K->737K(695296K)
[170.819s][info][gc,heap        ] GC(765) ParOldGen: 85535K->85535K(1398272K)
[170.819s][info][gc,metaspace   ] GC(765) Metaspace: 20610K(21376K)->20610K(21376K) NonClass: 18201K(18688K)->18201K(18688K) Class: 2408K(2688K)->2408K(2688K)
[170.819s][info][gc             ] GC(765) Pause Young (Allocation Failure) 759M->84M(2044M) 0.865ms
[170.819s][info][gc,cpu         ] GC(765) User=0.00s Sys=0.00s Real=0.00s
[171.046s][info][gc,start       ] GC(766) Pause Young (Allocation Failure)
[171.048s][info][gc,heap        ] GC(766) PSYoungGen: 692449K->2926K(694784K)
[171.048s][info][gc,heap        ] GC(766) ParOldGen: 85535K->85559K(1398272K)
[171.048s][info][gc,metaspace   ] GC(766) Metaspace: 20610K(21376K)->20610K(21376K) NonClass: 18201K(18688K)->18201K(18688K) Class: 2408K(2688K)->2408K(2688K)
[171.048s][info][gc             ] GC(766) Pause Young (Allocation Failure) 759M->86M(2044M) 1.552ms
[171.048s][info][gc,cpu         ] GC(766) User=0.00s Sys=0.00s Real=0.00s
[171.291s][info][gc,start       ] GC(767) Pause Young (Allocation Failure)
[171.292s][info][gc,heap        ] GC(767) PSYoungGen: 694638K->2222K(694784K)
[171.292s][info][gc,heap        ] GC(767) ParOldGen: 85559K->85559K(1398272K)
[171.292s][info][gc,metaspace   ] GC(767) Metaspace: 20610K(21376K)->20610K(21376K) NonClass: 18201K(18688K)->18201K(18688K) Class: 2408K(2688K)->2408K(2688K)
[171.292s][info][gc             ] GC(767) Pause Young (Allocation Failure) 761M->85M(2044M) 0.768ms
[171.292s][info][gc,cpu         ] GC(767) User=0.00s Sys=0.00s Real=0.00s
[171.536s][info][gc,start       ] GC(768) Pause Young (Allocation Failure)
[171.537s][info][gc,heap        ] GC(768) PSYoungGen: 692910K->1286K(694784K)
[171.537s][info][gc,heap        ] GC(768) ParOldGen: 85559K->85559K(1398272K)
[171.537s][info][gc,metaspace   ] GC(768) Metaspace: 20610K(21376K)->20610K(21376K) NonClass: 18201K(18688K)->18201K(18688K) Class: 2408K(2688K)->2408K(2688K)
[171.537s][info][gc             ] GC(768) Pause Young (Allocation Failure) 760M->84M(2044M) 0.766ms
[171.537s][info][gc,cpu         ] GC(768) User=0.00s Sys=0.00s Real=0.00s
[171.775s][info][gc,start       ] GC(769) Pause Young (Allocation Failure)
[171.775s][info][gc,heap        ] GC(769) PSYoungGen: 691974K->641K(695296K)
[171.775s][info][gc,heap        ] GC(769) ParOldGen: 85559K->85583K(1398272K)
[171.775s][info][gc,metaspace   ] GC(769) Metaspace: 20610K(21376K)->20610K(21376K) NonClass: 18201K(18688K)->18201K(18688K) Class: 2408K(2688K)->2408K(2688K)
[171.775s][info][gc             ] GC(769) Pause Young (Allocation Failure) 759M->84M(2044M) 0.621ms
[171.775s][info][gc,cpu         ] GC(769) User=0.00s Sys=0.00s Real=0.00s
[172.009s][info][gc,start       ] GC(770) Pause Young (Allocation Failure)
[172.011s][info][gc,heap        ] GC(770) PSYoungGen: 691793K->2635K(694784K)
[172.011s][info][gc,heap        ] GC(770) ParOldGen: 85583K->85583K(1398272K)
[172.011s][info][gc,metaspace   ] GC(770) Metaspace: 20610K(21376K)->20610K(21376K) NonClass: 18201K(18688K)->18201K(18688K) Class: 2408K(2688K)->2408K(2688K)
[172.011s][info][gc             ] GC(770) Pause Young (Allocation Failure) 759M->86M(2044M) 1.355ms
[172.011s][info][gc,cpu         ] GC(770) User=0.00s Sys=0.00s Real=0.00s
[172.255s][info][gc,start       ] GC(771) Pause Young (Allocation Failure)
[172.255s][info][gc,heap        ] GC(771) PSYoungGen: 693835K->2205K(694784K)
[172.256s][info][gc,heap        ] GC(771) ParOldGen: 85583K->85583K(1398272K)
[172.256s][info][gc,metaspace   ] GC(771) Metaspace: 20610K(21376K)->20610K(21376K) NonClass: 18201K(18688K)->18201K(18688K) Class: 2408K(2688K)->2408K(2688K)
[172.256s][info][gc             ] GC(771) Pause Young (Allocation Failure) 761M->85M(2044M) 0.805ms
[172.256s][info][gc,cpu         ] GC(771) User=0.00s Sys=0.00s Real=0.00s
[172.381s][info][gc,start       ] GC(772) Pause Young (System.gc())
[172.382s][info][gc,heap        ] GC(772) PSYoungGen: 371816K->32K(694784K)
[172.382s][info][gc,heap        ] GC(772) ParOldGen: 85583K->85583K(1398272K)
[172.382s][info][gc,metaspace   ] GC(772) Metaspace: 20610K(21376K)->20610K(21376K) NonClass: 18201K(18688K)->18201K(18688K) Class: 2408K(2688K)->2408K(2688K)
[172.382s][info][gc             ] GC(772) Pause Young (System.gc()) 446M->83M(2044M) 0.754ms
[172.382s][info][gc,cpu         ] GC(772) User=0.00s Sys=0.00s Real=0.00s
[172.382s][info][gc,start       ] GC(773) Pause Full (System.gc())
[172.382s][info][gc,phases,start] GC(773) Marking Phase
[172.437s][info][gc,phases      ] GC(773) Marking Phase 55.113ms
[172.437s][info][gc,phases,start] GC(773) Summary Phase
[172.437s][info][gc,phases      ] GC(773) Summary Phase 0.017ms
[172.437s][info][gc,phases,start] GC(773) Adjust Roots
[172.439s][info][gc,phases      ] GC(773) Adjust Roots 1.751ms
[172.439s][info][gc,phases,start] GC(773) Compaction Phase
[172.457s][info][gc,phases      ] GC(773) Compaction Phase 17.746ms
[172.457s][info][gc,phases,start] GC(773) Post Compact
[172.457s][info][gc,phases      ] GC(773) Post Compact 0.590ms
[172.457s][info][gc,heap        ] GC(773) PSYoungGen: 32K->0K(694784K)
[172.457s][info][gc,heap        ] GC(773) ParOldGen: 85583K->85487K(1398272K)
[172.457s][info][gc,metaspace   ] GC(773) Metaspace: 20610K(21376K)->20610K(21376K) NonClass: 18201K(18688K)->18201K(18688K) Class: 2408K(2688K)->2408K(2688K)
[172.457s][info][gc             ] GC(773) Pause Full (System.gc()) 83M->83M(2044M) 75.612ms
[172.457s][info][gc,cpu         ] GC(773) User=0.22s Sys=0.00s Real=0.08s
[172.702s][info][gc,start       ] GC(774) Pause Young (Allocation Failure)
[172.703s][info][gc,heap        ] GC(774) PSYoungGen: 690688K->2239K(694784K)
[172.703s][info][gc,heap        ] GC(774) ParOldGen: 85487K->85487K(1398272K)
[172.703s][info][gc,metaspace   ] GC(774) Metaspace: 20610K(21376K)->20610K(21376K) NonClass: 18201K(18688K)->18201K(18688K) Class: 2408K(2688K)->2408K(2688K)
[172.703s][info][gc             ] GC(774) Pause Young (Allocation Failure) 757M->85M(2044M) 1.332ms
[172.703s][info][gc,cpu         ] GC(774) User=0.00s Sys=0.00s Real=0.00s
[172.951s][info][gc,start       ] GC(775) Pause Young (Allocation Failure)
[172.952s][info][gc,heap        ] GC(775) PSYoungGen: 692927K->1652K(694784K)
[172.952s][info][gc,heap        ] GC(775) ParOldGen: 85487K->85511K(1398272K)
[172.952s][info][gc,metaspace   ] GC(775) Metaspace: 20610K(21376K)->20610K(21376K) NonClass: 18201K(18688K)->18201K(18688K) Class: 2408K(2688K)->2408K(2688K)
[172.952s][info][gc             ] GC(775) Pause Young (Allocation Failure) 760M->85M(2044M) 0.901ms
[172.952s][info][gc,cpu         ] GC(775) User=0.02s Sys=0.00s Real=0.00s
[173.191s][info][gc,start       ] GC(776) Pause Young (Allocation Failure)
[173.191s][info][gc,heap        ] GC(776) PSYoungGen: 692340K->928K(694784K)
[173.191s][info][gc,heap        ] GC(776) ParOldGen: 85511K->85511K(1398272K)
[173.191s][info][gc,metaspace   ] GC(776) Metaspace: 20610K(21376K)->20610K(21376K) NonClass: 18201K(18688K)->18201K(18688K) Class: 2408K(2688K)->2408K(2688K)
[173.191s][info][gc             ] GC(776) Pause Young (Allocation Failure) 759M->84M(2044M) 0.597ms
[173.191s][info][gc,cpu         ] GC(776) User=0.00s Sys=0.00s Real=0.00s
[173.437s][info][gc,start       ] GC(777) Pause Young (Allocation Failure)
[173.438s][info][gc,heap        ] GC(777) PSYoungGen: 691616K->2081K(694784K)
[173.438s][info][gc,heap        ] GC(777) ParOldGen: 85511K->85511K(1398272K)
[173.438s][info][gc,metaspace   ] GC(777) Metaspace: 20611K(21376K)->20611K(21376K) NonClass: 18202K(18688K)->18202K(18688K) Class: 2408K(2688K)->2408K(2688K)
[173.438s][info][gc             ] GC(777) Pause Young (Allocation Failure) 758M->85M(2044M) 1.406ms
[173.438s][info][gc,cpu         ] GC(777) User=0.00s Sys=0.00s Real=0.00s
[173.689s][info][gc,start       ] GC(778) Pause Young (Allocation Failure)
[173.690s][info][gc,heap        ] GC(778) PSYoungGen: 692769K->2506K(694784K)
[173.690s][info][gc,heap        ] GC(778) ParOldGen: 85511K->85535K(1398272K)
[173.690s][info][gc,metaspace   ] GC(778) Metaspace: 20611K(21376K)->20611K(21376K) NonClass: 18202K(18688K)->18202K(18688K) Class: 2408K(2688K)->2408K(2688K)
[173.690s][info][gc             ] GC(778) Pause Young (Allocation Failure) 760M->85M(2044M) 0.992ms
[173.690s][info][gc,cpu         ] GC(778) User=0.00s Sys=0.00s Real=0.00s
[173.934s][info][gc,start       ] GC(779) Pause Young (Allocation Failure)
[173.935s][info][gc,heap        ] GC(779) PSYoungGen: 693194K->1938K(694784K)
[173.935s][info][gc,heap        ] GC(779) ParOldGen: 85535K->85535K(1398272K)
[173.935s][info][gc,metaspace   ] GC(779) Metaspace: 20611K(21376K)->20611K(21376K) NonClass: 18202K(18688K)->18202K(18688K) Class: 2408K(2688K)->2408K(2688K)
[173.935s][info][gc             ] GC(779) Pause Young (Allocation Failure) 760M->85M(2044M) 1.033ms
[173.935s][info][gc,cpu         ] GC(779) User=0.00s Sys=0.00s Real=0.00s
[174.171s][info][gc,start       ] GC(780) Pause Young (Allocation Failure)
[174.171s][info][gc,heap        ] GC(780) PSYoungGen: 692626K->1150K(695296K)
[174.171s][info][gc,heap        ] GC(780) ParOldGen: 85535K->85535K(1398272K)
[174.171s][info][gc,metaspace   ] GC(780) Metaspace: 20611K(21376K)->20611K(21376K) NonClass: 18202K(18688K)->18202K(18688K) Class: 2408K(2688K)->2408K(2688K)
[174.171s][info][gc             ] GC(780) Pause Young (Allocation Failure) 759M->84M(2044M) 0.611ms
[174.171s][info][gc,cpu         ] GC(780) User=0.00s Sys=0.00s Real=0.00s
[174.416s][info][gc,start       ] GC(781) Pause Young (Allocation Failure)
[174.416s][info][gc,heap        ] GC(781) PSYoungGen: 692350K->224K(694784K)
[174.416s][info][gc,heap        ] GC(781) ParOldGen: 85535K->85535K(1398272K)
[174.416s][info][gc,metaspace   ] GC(781) Metaspace: 20611K(21376K)->20611K(21376K) NonClass: 18202K(18688K)->18202K(18688K) Class: 2408K(2688K)->2408K(2688K)
[174.416s][info][gc             ] GC(781) Pause Young (Allocation Failure) 759M->83M(2044M) 0.787ms
[174.416s][info][gc,cpu         ] GC(781) User=0.00s Sys=0.00s Real=0.00s
[174.657s][info][gc,start       ] GC(782) Pause Young (Allocation Failure)
[174.658s][info][gc,heap        ] GC(782) PSYoungGen: 691424K->2134K(694272K)
[174.658s][info][gc,heap        ] GC(782) ParOldGen: 85535K->85559K(1398272K)
[174.658s][info][gc,metaspace   ] GC(782) Metaspace: 20611K(21376K)->20611K(21376K) NonClass: 18202K(18688K)->18202K(18688K) Class: 2408K(2688K)->2408K(2688K)
[174.658s][info][gc             ] GC(782) Pause Young (Allocation Failure) 758M->85M(2043M) 0.970ms
[174.658s][info][gc,cpu         ] GC(782) User=0.00s Sys=0.00s Real=0.00s
[174.910s][info][gc,start       ] GC(783) Pause Young (Allocation Failure)
[174.912s][info][gc,heap        ] GC(783) PSYoungGen: 692822K->1600K(694784K)
[174.912s][info][gc,heap        ] GC(783) ParOldGen: 85559K->85559K(1398272K)
[174.912s][info][gc,metaspace   ] GC(783) Metaspace: 20611K(21376K)->20611K(21376K) NonClass: 18202K(18688K)->18202K(18688K) Class: 2408K(2688K)->2408K(2688K)
[174.912s][info][gc             ] GC(783) Pause Young (Allocation Failure) 760M->85M(2044M) 1.200ms
[174.912s][info][gc,cpu         ] GC(783) User=0.00s Sys=0.00s Real=0.00s
[175.155s][info][gc,start       ] GC(784) Pause Young (Allocation Failure)
[175.156s][info][gc,heap        ] GC(784) PSYoungGen: 692288K->926K(695296K)
[175.156s][info][gc,heap        ] GC(784) ParOldGen: 85559K->85559K(1398272K)
[175.156s][info][gc,metaspace   ] GC(784) Metaspace: 20611K(21376K)->20611K(21376K) NonClass: 18202K(18688K)->18202K(18688K) Class: 2408K(2688K)->2408K(2688K)
[175.156s][info][gc             ] GC(784) Pause Young (Allocation Failure) 759M->84M(2044M) 0.660ms
[175.156s][info][gc,cpu         ] GC(784) User=0.00s Sys=0.00s Real=0.00s
[175.393s][info][gc,start       ] GC(785) Pause Young (Allocation Failure)
[175.394s][info][gc,heap        ] GC(785) PSYoungGen: 692638K->2081K(695296K)
[175.394s][info][gc,heap        ] GC(785) ParOldGen: 85559K->85583K(1398272K)
[175.394s][info][gc,metaspace   ] GC(785) Metaspace: 20611K(21376K)->20611K(21376K) NonClass: 18202K(18688K)->18202K(18688K) Class: 2408K(2688K)->2408K(2688K)
[175.394s][info][gc             ] GC(785) Pause Young (Allocation Failure) 759M->85M(2044M) 1.681ms
[175.394s][info][gc,cpu         ] GC(785) User=0.00s Sys=0.00s Real=0.00s
[175.652s][info][gc,start       ] GC(786) Pause Young (Allocation Failure)
[175.653s][info][gc,heap        ] GC(786) PSYoungGen: 693793K->2155K(695296K)
[175.653s][info][gc,heap        ] GC(786) ParOldGen: 85583K->85583K(1398272K)
[175.653s][info][gc,metaspace   ] GC(786) Metaspace: 20611K(21376K)->20611K(21376K) NonClass: 18202K(18688K)->18202K(18688K) Class: 2408K(2688K)->2408K(2688K)
[175.653s][info][gc             ] GC(786) Pause Young (Allocation Failure) 761M->85M(2044M) 0.977ms
[175.653s][info][gc,cpu         ] GC(786) User=0.00s Sys=0.00s Real=0.00s
[175.894s][info][gc,start       ] GC(787) Pause Young (Allocation Failure)
[175.896s][info][gc,heap        ] GC(787) PSYoungGen: 693867K->1599K(695296K)
[175.896s][info][gc,heap        ] GC(787) ParOldGen: 85583K->85583K(1398272K)
[175.896s][info][gc,metaspace   ] GC(787) Metaspace: 20611K(21376K)->20611K(21376K) NonClass: 18202K(18688K)->18202K(18688K) Class: 2408K(2688K)->2408K(2688K)
[175.896s][info][gc             ] GC(787) Pause Young (Allocation Failure) 761M->85M(2044M) 1.893ms
[175.896s][info][gc,cpu         ] GC(787) User=0.00s Sys=0.00s Real=0.00s
[176.036s][info][gc,start       ] GC(788) Pause Young (System.gc())
[176.037s][info][gc,heap        ] GC(788) PSYoungGen: 380036K->64K(695296K)
[176.037s][info][gc,heap        ] GC(788) ParOldGen: 85583K->85583K(1398272K)
[176.037s][info][gc,metaspace   ] GC(788) Metaspace: 20611K(21376K)->20611K(21376K) NonClass: 18202K(18688K)->18202K(18688K) Class: 2408K(2688K)->2408K(2688K)
[176.037s][info][gc             ] GC(788) Pause Young (System.gc()) 454M->83M(2044M) 0.398ms
[176.037s][info][gc,cpu         ] GC(788) User=0.00s Sys=0.00s Real=0.00s
[176.037s][info][gc,start       ] GC(789) Pause Full (System.gc())
[176.037s][info][gc,phases,start] GC(789) Marking Phase
[176.106s][info][gc,phases      ] GC(789) Marking Phase 69.726ms
[176.106s][info][gc,phases,start] GC(789) Summary Phase
[176.106s][info][gc,phases      ] GC(789) Summary Phase 0.011ms
[176.106s][info][gc,phases,start] GC(789) Adjust Roots
[176.108s][info][gc,phases      ] GC(789) Adjust Roots 1.395ms
[176.108s][info][gc,phases,start] GC(789) Compaction Phase
[176.122s][info][gc,phases      ] GC(789) Compaction Phase 14.537ms
[176.122s][info][gc,phases,start] GC(789) Post Compact
[176.123s][info][gc,phases      ] GC(789) Post Compact 0.572ms
[176.123s][info][gc,heap        ] GC(789) PSYoungGen: 64K->0K(695296K)
[176.123s][info][gc,heap        ] GC(789) ParOldGen: 85583K->85487K(1398272K)
[176.123s][info][gc,metaspace   ] GC(789) Metaspace: 20611K(21376K)->20611K(21376K) NonClass: 18202K(18688K)->18202K(18688K) Class: 2408K(2688K)->2408K(2688K)
[176.123s][info][gc             ] GC(789) Pause Full (System.gc()) 83M->83M(2044M) 86.508ms
[176.123s][info][gc,cpu         ] GC(789) User=0.28s Sys=0.02s Real=0.09s
[176.365s][info][gc,start       ] GC(790) Pause Young (Allocation Failure)
[176.366s][info][gc,heap        ] GC(790) PSYoungGen: 691712K->2598K(695296K)
[176.366s][info][gc,heap        ] GC(790) ParOldGen: 85487K->85487K(1398272K)
[176.366s][info][gc,metaspace   ] GC(790) Metaspace: 20611K(21376K)->20611K(21376K) NonClass: 18202K(18688K)->18202K(18688K) Class: 2408K(2688K)->2408K(2688K)
[176.367s][info][gc             ] GC(790) Pause Young (Allocation Failure) 758M->86M(2044M) 1.599ms
[176.367s][info][gc,cpu         ] GC(790) User=0.00s Sys=0.00s Real=0.00s
[176.616s][info][gc,start       ] GC(791) Pause Young (Allocation Failure)
[176.616s][info][gc,heap        ] GC(791) PSYoungGen: 694310K->1866K(695296K)
[176.617s][info][gc,heap        ] GC(791) ParOldGen: 85487K->85519K(1398272K)
[176.617s][info][gc,metaspace   ] GC(791) Metaspace: 20611K(21376K)->20611K(21376K) NonClass: 18202K(18688K)->18202K(18688K) Class: 2408K(2688K)->2408K(2688K)
[176.617s][info][gc             ] GC(791) Pause Young (Allocation Failure) 761M->85M(2044M) 0.989ms
[176.617s][info][gc,cpu         ] GC(791) User=0.00s Sys=0.00s Real=0.00s
[176.857s][info][gc,start       ] GC(792) Pause Young (Allocation Failure)
[176.858s][info][gc,heap        ] GC(792) PSYoungGen: 693578K->1209K(695296K)
[176.858s][info][gc,heap        ] GC(792) ParOldGen: 85519K->85519K(1398272K)
[176.858s][info][gc,metaspace   ] GC(792) Metaspace: 20611K(21376K)->20611K(21376K) NonClass: 18202K(18688K)->18202K(18688K) Class: 2408K(2688K)->2408K(2688K)
[176.858s][info][gc             ] GC(792) Pause Young (Allocation Failure) 760M->84M(2044M) 0.805ms
[176.858s][info][gc,cpu         ] GC(792) User=0.00s Sys=0.00s Real=0.00s
[177.126s][info][gc,start       ] GC(793) Pause Young (Allocation Failure)
[177.127s][info][gc,heap        ] GC(793) PSYoungGen: 692921K->440K(695296K)
[177.127s][info][gc,heap        ] GC(793) ParOldGen: 85519K->85519K(1398272K)
[177.127s][info][gc,metaspace   ] GC(793) Metaspace: 20611K(21376K)->20611K(21376K) NonClass: 18202K(18688K)->18202K(18688K) Class: 2408K(2688K)->2408K(2688K)
[177.127s][info][gc             ] GC(793) Pause Young (Allocation Failure) 760M->83M(2044M) 0.789ms
[177.127s][info][gc,cpu         ] GC(793) User=0.00s Sys=0.00s Real=0.00s
[177.368s][info][gc,start       ] GC(794) Pause Young (Allocation Failure)
[177.369s][info][gc,heap        ] GC(794) PSYoungGen: 692152K->2487K(695296K)
[177.370s][info][gc,heap        ] GC(794) ParOldGen: 85519K->85543K(1398272K)
[177.370s][info][gc,metaspace   ] GC(794) Metaspace: 20611K(21376K)->20611K(21376K) NonClass: 18202K(18688K)->18202K(18688K) Class: 2408K(2688K)->2408K(2688K)
[177.370s][info][gc             ] GC(794) Pause Young (Allocation Failure) 759M->85M(2044M) 1.345ms
[177.370s][info][gc,cpu         ] GC(794) User=0.00s Sys=0.00s Real=0.00s
[177.605s][info][gc,start       ] GC(795) Pause Young (Allocation Failure)
[177.605s][info][gc,heap        ] GC(795) PSYoungGen: 694199K->2106K(695296K)
[177.605s][info][gc,heap        ] GC(795) ParOldGen: 85543K->85543K(1398272K)
[177.605s][info][gc,metaspace   ] GC(795) Metaspace: 20611K(21376K)->20611K(21376K) NonClass: 18202K(18688K)->18202K(18688K) Class: 2408K(2688K)->2408K(2688K)
[177.606s][info][gc             ] GC(795) Pause Young (Allocation Failure) 761M->85M(2044M) 0.766ms
[177.606s][info][gc,cpu         ] GC(795) User=0.00s Sys=0.00s Real=0.00s
[177.835s][info][gc,start       ] GC(796) Pause Young (Allocation Failure)
[177.836s][info][gc,heap        ] GC(796) PSYoungGen: 693818K->1523K(695296K)
[177.836s][info][gc,heap        ] GC(796) ParOldGen: 85543K->85543K(1398272K)
[177.836s][info][gc,metaspace   ] GC(796) Metaspace: 20611K(21376K)->20611K(21376K) NonClass: 18202K(18688K)->18202K(18688K) Class: 2408K(2688K)->2408K(2688K)
[177.836s][info][gc             ] GC(796) Pause Young (Allocation Failure) 761M->85M(2044M) 0.857ms
[177.836s][info][gc,cpu         ] GC(796) User=0.00s Sys=0.00s Real=0.00s
[178.067s][info][gc,start       ] GC(797) Pause Young (Allocation Failure)
[178.068s][info][gc,heap        ] GC(797) PSYoungGen: 693235K->675K(695296K)
[178.068s][info][gc,heap        ] GC(797) ParOldGen: 85543K->85543K(1398272K)
[178.068s][info][gc,metaspace   ] GC(797) Metaspace: 20611K(21376K)->20611K(21376K) NonClass: 18202K(18688K)->18202K(18688K) Class: 2408K(2688K)->2408K(2688K)
[178.068s][info][gc             ] GC(797) Pause Young (Allocation Failure) 760M->84M(2044M) 0.642ms
[178.068s][info][gc,cpu         ] GC(797) User=0.00s Sys=0.00s Real=0.00s
[178.289s][info][gc,start       ] GC(798) Pause Young (Allocation Failure)
[178.290s][info][gc,heap        ] GC(798) PSYoungGen: 692387K->2406K(695296K)
[178.290s][info][gc,heap        ] GC(798) ParOldGen: 85543K->85575K(1398272K)
[178.290s][info][gc,metaspace   ] GC(798) Metaspace: 20611K(21376K)->20611K(21376K) NonClass: 18202K(18688K)->18202K(18688K) Class: 2408K(2688K)->2408K(2688K)
[178.290s][info][gc             ] GC(798) Pause Young (Allocation Failure) 759M->85M(2044M) 1.140ms
[178.290s][info][gc,cpu         ] GC(798) User=0.00s Sys=0.00s Real=0.00s
[178.528s][info][gc,start       ] GC(799) Pause Young (Allocation Failure)
[178.529s][info][gc,heap        ] GC(799) PSYoungGen: 694118K->2119K(695296K)
[178.529s][info][gc,heap        ] GC(799) ParOldGen: 85575K->85575K(1398272K)
[178.529s][info][gc,metaspace   ] GC(799) Metaspace: 20611K(21376K)->20611K(21376K) NonClass: 18202K(18688K)->18202K(18688K) Class: 2408K(2688K)->2408K(2688K)
[178.529s][info][gc             ] GC(799) Pause Young (Allocation Failure) 761M->85M(2044M) 1.091ms
[178.529s][info][gc,cpu         ] GC(799) User=0.00s Sys=0.00s Real=0.00s
[178.762s][info][gc,start       ] GC(800) Pause Young (Allocation Failure)
[178.763s][info][gc,heap        ] GC(800) PSYoungGen: 693831K->1709K(695296K)
[178.763s][info][gc,heap        ] GC(800) ParOldGen: 85575K->85575K(1398272K)
[178.763s][info][gc,metaspace   ] GC(800) Metaspace: 20611K(21376K)->20611K(21376K) NonClass: 18202K(18688K)->18202K(18688K) Class: 2408K(2688K)->2408K(2688K)
[178.763s][info][gc             ] GC(800) Pause Young (Allocation Failure) 761M->85M(2044M) 1.444ms
[178.763s][info][gc,cpu         ] GC(800) User=0.00s Sys=0.00s Real=0.00s
[178.995s][info][gc,start       ] GC(801) Pause Young (Allocation Failure)
[178.995s][info][gc,heap        ] GC(801) PSYoungGen: 693421K->1101K(695296K)
[178.995s][info][gc,heap        ] GC(801) ParOldGen: 85575K->85599K(1398272K)
[178.995s][info][gc,metaspace   ] GC(801) Metaspace: 20611K(21376K)->20611K(21376K) NonClass: 18202K(18688K)->18202K(18688K) Class: 2408K(2688K)->2408K(2688K)
[178.995s][info][gc             ] GC(801) Pause Young (Allocation Failure) 760M->84M(2044M) 0.583ms
[178.995s][info][gc,cpu         ] GC(801) User=0.00s Sys=0.00s Real=0.00s
[179.230s][info][gc,start       ] GC(802) Pause Young (Allocation Failure)
[179.231s][info][gc,heap        ] GC(802) PSYoungGen: 692813K->288K(695296K)
[179.231s][info][gc,heap        ] GC(802) ParOldGen: 85599K->85599K(1398272K)
[179.231s][info][gc,metaspace   ] GC(802) Metaspace: 20611K(21376K)->20611K(21376K) NonClass: 18202K(18688K)->18202K(18688K) Class: 2408K(2688K)->2408K(2688K)
[179.231s][info][gc             ] GC(802) Pause Young (Allocation Failure) 760M->83M(2044M) 0.704ms
[179.231s][info][gc,cpu         ] GC(802) User=0.00s Sys=0.00s Real=0.00s
[179.461s][info][gc,start       ] GC(803) Pause Young (Allocation Failure)
[179.462s][info][gc,heap        ] GC(803) PSYoungGen: 692000K->2322K(695296K)
[179.462s][info][gc,heap        ] GC(803) ParOldGen: 85599K->85599K(1398272K)
[179.462s][info][gc,metaspace   ] GC(803) Metaspace: 20611K(21376K)->20611K(21376K) NonClass: 18202K(18688K)->18202K(18688K) Class: 2408K(2688K)->2408K(2688K)
[179.462s][info][gc             ] GC(803) Pause Young (Allocation Failure) 759M->85M(2044M) 1.512ms
[179.462s][info][gc,cpu         ] GC(803) User=0.00s Sys=0.00s Real=0.00s
[179.592s][info][gc,start       ] GC(804) Pause Young (System.gc())
[179.593s][info][gc,heap        ] GC(804) PSYoungGen: 366146K->64K(695296K)
[179.593s][info][gc,heap        ] GC(804) ParOldGen: 85599K->85599K(1398272K)
[179.593s][info][gc,metaspace   ] GC(804) Metaspace: 20611K(21376K)->20611K(21376K) NonClass: 18202K(18688K)->18202K(18688K) Class: 2408K(2688K)->2408K(2688K)
[179.593s][info][gc             ] GC(804) Pause Young (System.gc()) 441M->83M(2044M) 0.618ms
[179.593s][info][gc,cpu         ] GC(804) User=0.00s Sys=0.00s Real=0.00s
[179.593s][info][gc,start       ] GC(805) Pause Full (System.gc())
[179.593s][info][gc,phases,start] GC(805) Marking Phase
[179.634s][info][gc,phases      ] GC(805) Marking Phase 40.973ms
[179.634s][info][gc,phases,start] GC(805) Summary Phase
[179.634s][info][gc,phases      ] GC(805) Summary Phase 0.011ms
[179.634s][info][gc,phases,start] GC(805) Adjust Roots
[179.636s][info][gc,phases      ] GC(805) Adjust Roots 1.470ms
[179.636s][info][gc,phases,start] GC(805) Compaction Phase
[179.651s][info][gc,phases      ] GC(805) Compaction Phase 15.222ms
[179.651s][info][gc,phases,start] GC(805) Post Compact
[179.651s][info][gc,phases      ] GC(805) Post Compact 0.553ms
[179.651s][info][gc,heap        ] GC(805) PSYoungGen: 64K->0K(695296K)
[179.651s][info][gc,heap        ] GC(805) ParOldGen: 85599K->85487K(1398272K)
[179.651s][info][gc,metaspace   ] GC(805) Metaspace: 20611K(21376K)->20611K(21376K) NonClass: 18202K(18688K)->18202K(18688K) Class: 2408K(2688K)->2408K(2688K)
[179.652s][info][gc             ] GC(805) Pause Full (System.gc()) 83M->83M(2044M) 58.500ms
[179.652s][info][gc,cpu         ] GC(805) User=0.05s Sys=0.00s Real=0.06s
[179.886s][info][gc,start       ] GC(806) Pause Young (Allocation Failure)
[179.887s][info][gc,heap        ] GC(806) PSYoungGen: 691591K->2377K(694272K)
[179.887s][info][gc,heap        ] GC(806) ParOldGen: 85487K->85487K(1398272K)
[179.887s][info][gc,metaspace   ] GC(806) Metaspace: 20628K(21376K)->20628K(21376K) NonClass: 18220K(18688K)->18220K(18688K) Class: 2408K(2688K)->2408K(2688K)
[179.887s][info][gc             ] GC(806) Pause Young (Allocation Failure) 758M->85M(2043M) 0.950ms
[179.887s][info][gc,cpu         ] GC(806) User=0.00s Sys=0.00s Real=0.00s
[180.120s][info][gc,start       ] GC(807) Pause Young (Allocation Failure)
[180.121s][info][gc,heap        ] GC(807) PSYoungGen: 693065K->1639K(694784K)
[180.121s][info][gc,heap        ] GC(807) ParOldGen: 85487K->85511K(1398272K)
[180.121s][info][gc,metaspace   ] GC(807) Metaspace: 20628K(21376K)->20628K(21376K) NonClass: 18220K(18688K)->18220K(18688K) Class: 2408K(2688K)->2408K(2688K)
[180.121s][info][gc             ] GC(807) Pause Young (Allocation Failure) 760M->85M(2044M) 0.586ms
[180.121s][info][gc,cpu         ] GC(807) User=0.00s Sys=0.00s Real=0.00s
[180.347s][info][gc,start       ] GC(808) Pause Young (Allocation Failure)
[180.348s][info][gc,heap        ] GC(808) PSYoungGen: 692326K->957K(695296K)
[180.348s][info][gc,heap        ] GC(808) ParOldGen: 85511K->85511K(1398272K)
[180.348s][info][gc,metaspace   ] GC(808) Metaspace: 20628K(21376K)->20628K(21376K) NonClass: 18220K(18688K)->18220K(18688K) Class: 2408K(2688K)->2408K(2688K)
[180.348s][info][gc             ] GC(808) Pause Young (Allocation Failure) 759M->84M(2044M) 0.566ms
[180.348s][info][gc,cpu         ] GC(808) User=0.00s Sys=0.00s Real=0.00s
[180.595s][info][gc,start       ] GC(809) Pause Young (Allocation Failure)
[180.595s][info][gc,heap        ] GC(809) PSYoungGen: 692669K->192K(695296K)
[180.595s][info][gc,heap        ] GC(809) ParOldGen: 85511K->85511K(1398272K)
[180.595s][info][gc,metaspace   ] GC(809) Metaspace: 20628K(21376K)->20628K(21376K) NonClass: 18220K(18688K)->18220K(18688K) Class: 2408K(2688K)->2408K(2688K)
[180.595s][info][gc             ] GC(809) Pause Young (Allocation Failure) 759M->83M(2044M) 0.534ms
[180.595s][info][gc,cpu         ] GC(809) User=0.00s Sys=0.00s Real=0.00s
[180.826s][info][gc,start       ] GC(810) Pause Young (Allocation Failure)
[180.827s][info][gc,heap        ] GC(810) PSYoungGen: 691904K->2575K(694272K)
[180.827s][info][gc,heap        ] GC(810) ParOldGen: 85511K->85535K(1398272K)
[180.827s][info][gc,metaspace   ] GC(810) Metaspace: 20628K(21376K)->20628K(21376K) NonClass: 18220K(18688K)->18220K(18688K) Class: 2408K(2688K)->2408K(2688K)
[180.827s][info][gc             ] GC(810) Pause Young (Allocation Failure) 759M->86M(2043M) 1.524ms
[180.827s][info][gc,cpu         ] GC(810) User=0.02s Sys=0.00s Real=0.00s
[181.067s][info][gc,start       ] GC(811) Pause Young (Allocation Failure)
[181.067s][info][gc,heap        ] GC(811) PSYoungGen: 693263K->1878K(694784K)
[181.067s][info][gc,heap        ] GC(811) ParOldGen: 85535K->85535K(1398272K)
[181.067s][info][gc,metaspace   ] GC(811) Metaspace: 20628K(21376K)->20628K(21376K) NonClass: 18220K(18688K)->18220K(18688K) Class: 2408K(2688K)->2408K(2688K)
[181.067s][info][gc             ] GC(811) Pause Young (Allocation Failure) 760M->85M(2044M) 0.756ms
[181.068s][info][gc,cpu         ] GC(811) User=0.00s Sys=0.00s Real=0.00s
[181.309s][info][gc,start       ] GC(812) Pause Young (Allocation Failure)
[181.310s][info][gc,heap        ] GC(812) PSYoungGen: 692566K->1365K(695296K)
[181.310s][info][gc,heap        ] GC(812) ParOldGen: 85535K->85535K(1398272K)
[181.310s][info][gc,metaspace   ] GC(812) Metaspace: 20628K(21376K)->20628K(21376K) NonClass: 18220K(18688K)->18220K(18688K) Class: 2408K(2688K)->2408K(2688K)
[181.310s][info][gc             ] GC(812) Pause Young (Allocation Failure) 759M->84M(2044M) 0.665ms
[181.310s][info][gc,cpu         ] GC(812) User=0.00s Sys=0.00s Real=0.00s
[181.556s][info][gc,start       ] GC(813) Pause Young (Allocation Failure)
[181.556s][info][gc,heap        ] GC(813) PSYoungGen: 692565K->352K(694784K)
[181.556s][info][gc,heap        ] GC(813) ParOldGen: 85535K->85583K(1398272K)
[181.557s][info][gc,metaspace   ] GC(813) Metaspace: 20629K(21376K)->20629K(21376K) NonClass: 18221K(18688K)->18221K(18688K) Class: 2408K(2688K)->2408K(2688K)
[181.557s][info][gc             ] GC(813) Pause Young (Allocation Failure) 759M->83M(2044M) 0.819ms
[181.557s][info][gc,cpu         ] GC(813) User=0.00s Sys=0.00s Real=0.00s
[181.787s][info][gc,start       ] GC(814) Pause Young (Allocation Failure)
[181.788s][info][gc,heap        ] GC(814) PSYoungGen: 691552K->2463K(694272K)
[181.788s][info][gc,heap        ] GC(814) ParOldGen: 85583K->85607K(1398272K)
[181.788s][info][gc,metaspace   ] GC(814) Metaspace: 20629K(21376K)->20629K(21376K) NonClass: 18221K(18688K)->18221K(18688K) Class: 2408K(2688K)->2408K(2688K)
[181.788s][info][gc             ] GC(814) Pause Young (Allocation Failure) 758M->86M(2043M) 1.136ms
[181.788s][info][gc,cpu         ] GC(814) User=0.00s Sys=0.00s Real=0.00s
[182.023s][info][gc,start       ] GC(815) Pause Young (Allocation Failure)
[182.024s][info][gc,heap        ] GC(815) PSYoungGen: 693151K->1603K(694784K)
[182.024s][info][gc,heap        ] GC(815) ParOldGen: 85607K->85607K(1398272K)
[182.024s][info][gc,metaspace   ] GC(815) Metaspace: 20629K(21376K)->20629K(21376K) NonClass: 18221K(18688K)->18221K(18688K) Class: 2408K(2688K)->2408K(2688K)
[182.024s][info][gc             ] GC(815) Pause Young (Allocation Failure) 760M->85M(2044M) 0.902ms
[182.024s][info][gc,cpu         ] GC(815) User=0.00s Sys=0.00s Real=0.00s
[182.258s][info][gc,start       ] GC(816) Pause Young (Allocation Failure)
[182.259s][info][gc,heap        ] GC(816) PSYoungGen: 692291K->1111K(695296K)
[182.259s][info][gc,heap        ] GC(816) ParOldGen: 85607K->85607K(1398272K)
[182.259s][info][gc,metaspace   ] GC(816) Metaspace: 20629K(21376K)->20629K(21376K) NonClass: 18221K(18688K)->18221K(18688K) Class: 2408K(2688K)->2408K(2688K)
[182.259s][info][gc             ] GC(816) Pause Young (Allocation Failure) 759M->84M(2044M) 0.704ms
[182.259s][info][gc,cpu         ] GC(816) User=0.00s Sys=0.00s Real=0.00s
[182.495s][info][gc,start       ] GC(817) Pause Young (Allocation Failure)
[182.495s][info][gc,heap        ] GC(817) PSYoungGen: 692823K->192K(695296K)
[182.495s][info][gc,heap        ] GC(817) ParOldGen: 85607K->85623K(1398272K)
[182.495s][info][gc,metaspace   ] GC(817) Metaspace: 20629K(21376K)->20629K(21376K) NonClass: 18221K(18688K)->18221K(18688K) Class: 2408K(2688K)->2408K(2688K)
[182.495s][info][gc             ] GC(817) Pause Young (Allocation Failure) 760M->83M(2044M) 0.571ms
[182.495s][info][gc,cpu         ] GC(817) User=0.00s Sys=0.00s Real=0.00s
[182.723s][info][gc,start       ] GC(818) Pause Young (Allocation Failure)
[182.725s][info][gc,heap        ] GC(818) PSYoungGen: 691904K->2493K(695296K)
[182.725s][info][gc,heap        ] GC(818) ParOldGen: 85623K->85623K(1398272K)
[182.725s][info][gc,metaspace   ] GC(818) Metaspace: 20629K(21376K)->20629K(21376K) NonClass: 18221K(18688K)->18221K(18688K) Class: 2408K(2688K)->2408K(2688K)
[182.725s][info][gc             ] GC(818) Pause Young (Allocation Failure) 759M->86M(2044M) 1.406ms
[182.725s][info][gc,cpu         ] GC(818) User=0.00s Sys=0.00s Real=0.00s
[182.951s][info][gc,start       ] GC(819) Pause Young (Allocation Failure)
[182.951s][info][gc,heap        ] GC(819) PSYoungGen: 694205K->1940K(695296K)
[182.951s][info][gc,heap        ] GC(819) ParOldGen: 85623K->85623K(1398272K)
[182.951s][info][gc,metaspace   ] GC(819) Metaspace: 20629K(21376K)->20629K(21376K) NonClass: 18221K(18688K)->18221K(18688K) Class: 2408K(2688K)->2408K(2688K)
[182.951s][info][gc             ] GC(819) Pause Young (Allocation Failure) 761M->85M(2044M) 0.745ms
[182.951s][info][gc,cpu         ] GC(819) User=0.00s Sys=0.00s Real=0.00s
[183.079s][info][gc,start       ] GC(820) Pause Young (System.gc())
[183.079s][info][gc,heap        ] GC(820) PSYoungGen: 379007K->128K(695296K)
[183.079s][info][gc,heap        ] GC(820) ParOldGen: 85623K->85623K(1398272K)
[183.079s][info][gc,metaspace   ] GC(820) Metaspace: 20629K(21376K)->20629K(21376K) NonClass: 18221K(18688K)->18221K(18688K) Class: 2408K(2688K)->2408K(2688K)
[183.079s][info][gc             ] GC(820) Pause Young (System.gc()) 453M->83M(2044M) 0.478ms
[183.079s][info][gc,cpu         ] GC(820) User=0.00s Sys=0.00s Real=0.00s
[183.079s][info][gc,start       ] GC(821) Pause Full (System.gc())
[183.079s][info][gc,phases,start] GC(821) Marking Phase
[183.135s][info][gc,phases      ] GC(821) Marking Phase 55.541ms
[183.135s][info][gc,phases,start] GC(821) Summary Phase
[183.135s][info][gc,phases      ] GC(821) Summary Phase 0.011ms
[183.135s][info][gc,phases,start] GC(821) Adjust Roots
[183.136s][info][gc,phases      ] GC(821) Adjust Roots 1.555ms
[183.136s][info][gc,phases,start] GC(821) Compaction Phase
[183.151s][info][gc,phases      ] GC(821) Compaction Phase 14.408ms
[183.151s][info][gc,phases,start] GC(821) Post Compact
[183.151s][info][gc,phases      ] GC(821) Post Compact 0.559ms
[183.151s][info][gc,heap        ] GC(821) PSYoungGen: 128K->0K(695296K)
[183.151s][info][gc,heap        ] GC(821) ParOldGen: 85623K->85520K(1398272K)
[183.151s][info][gc,metaspace   ] GC(821) Metaspace: 20629K(21376K)->20629K(21376K) NonClass: 18221K(18688K)->18221K(18688K) Class: 2408K(2688K)->2408K(2688K)
[183.151s][info][gc             ] GC(821) Pause Full (System.gc()) 83M->83M(2044M) 72.330ms
[183.151s][info][gc,cpu         ] GC(821) User=0.20s Sys=0.00s Real=0.07s
[183.385s][info][gc,start       ] GC(822) Pause Young (Allocation Failure)
[183.386s][info][gc,heap        ] GC(822) PSYoungGen: 691712K->2110K(694272K)
[183.386s][info][gc,heap        ] GC(822) ParOldGen: 85520K->85520K(1398272K)
[183.386s][info][gc,metaspace   ] GC(822) Metaspace: 20633K(21376K)->20633K(21376K) NonClass: 18224K(18688K)->18224K(18688K) Class: 2408K(2688K)->2408K(2688K)
[183.386s][info][gc             ] GC(822) Pause Young (Allocation Failure) 759M->85M(2043M) 0.838ms
[183.386s][info][gc,cpu         ] GC(822) User=0.00s Sys=0.00s Real=0.00s
[183.633s][info][gc,start       ] GC(823) Pause Young (Allocation Failure)
[183.634s][info][gc,heap        ] GC(823) PSYoungGen: 693822K->1784K(695296K)
[183.634s][info][gc,heap        ] GC(823) ParOldGen: 85520K->85536K(1398272K)
[183.634s][info][gc,metaspace   ] GC(823) Metaspace: 20633K(21376K)->20633K(21376K) NonClass: 18224K(18688K)->18224K(18688K) Class: 2408K(2688K)->2408K(2688K)
[183.634s][info][gc             ] GC(823) Pause Young (Allocation Failure) 761M->85M(2044M) 0.683ms
[183.634s][info][gc,cpu         ] GC(823) User=0.00s Sys=0.00s Real=0.00s
[183.864s][info][gc,start       ] GC(824) Pause Young (Allocation Failure)
[183.865s][info][gc,heap        ] GC(824) PSYoungGen: 692984K->1047K(694784K)
[183.865s][info][gc,heap        ] GC(824) ParOldGen: 85536K->85536K(1398272K)
[183.865s][info][gc,metaspace   ] GC(824) Metaspace: 20633K(21376K)->20633K(21376K) NonClass: 18224K(18688K)->18224K(18688K) Class: 2408K(2688K)->2408K(2688K)
[183.865s][info][gc             ] GC(824) Pause Young (Allocation Failure) 760M->84M(2044M) 0.609ms
[183.865s][info][gc,cpu         ] GC(824) User=0.00s Sys=0.00s Real=0.00s
[184.096s][info][gc,start       ] GC(825) Pause Young (Allocation Failure)
[184.096s][info][gc,heap        ] GC(825) PSYoungGen: 692247K->352K(695296K)
[184.096s][info][gc,heap        ] GC(825) ParOldGen: 85536K->85536K(1398272K)
[184.096s][info][gc,metaspace   ] GC(825) Metaspace: 20633K(21376K)->20633K(21376K) NonClass: 18224K(18688K)->18224K(18688K) Class: 2408K(2688K)->2408K(2688K)
[184.096s][info][gc             ] GC(825) Pause Young (Allocation Failure) 759M->83M(2044M) 0.461ms
[184.096s][info][gc,cpu         ] GC(825) User=0.00s Sys=0.00s Real=0.00s
[184.317s][info][gc,start       ] GC(826) Pause Young (Allocation Failure)
[184.318s][info][gc,heap        ] GC(826) PSYoungGen: 692019K->2414K(694272K)
[184.318s][info][gc,heap        ] GC(826) ParOldGen: 85536K->85560K(1398272K)
[184.318s][info][gc,metaspace   ] GC(826) Metaspace: 20633K(21376K)->20633K(21376K) NonClass: 18224K(18688K)->18224K(18688K) Class: 2408K(2688K)->2408K(2688K)
[184.318s][info][gc             ] GC(826) Pause Young (Allocation Failure) 759M->85M(2043M) 0.988ms
[184.319s][info][gc,cpu         ] GC(826) User=0.00s Sys=0.00s Real=0.00s
[184.561s][info][gc,start       ] GC(827) Pause Young (Allocation Failure)
[184.562s][info][gc,heap        ] GC(827) PSYoungGen: 694126K->1861K(695296K)
[184.562s][info][gc,heap        ] GC(827) ParOldGen: 85560K->85560K(1398272K)
[184.562s][info][gc,metaspace   ] GC(827) Metaspace: 20633K(21376K)->20633K(21376K) NonClass: 18224K(18688K)->18224K(18688K) Class: 2408K(2688K)->2408K(2688K)
[184.562s][info][gc             ] GC(827) Pause Young (Allocation Failure) 761M->85M(2044M) 1.064ms
[184.562s][info][gc,cpu         ] GC(827) User=0.00s Sys=0.00s Real=0.00s
[184.789s][info][gc,start       ] GC(828) Pause Young (Allocation Failure)
[184.790s][info][gc,heap        ] GC(828) PSYoungGen: 693061K->1338K(694784K)
[184.790s][info][gc,heap        ] GC(828) ParOldGen: 85560K->85560K(1398272K)
[184.790s][info][gc,metaspace   ] GC(828) Metaspace: 20633K(21376K)->20633K(21376K) NonClass: 18224K(18688K)->18224K(18688K) Class: 2408K(2688K)->2408K(2688K)
[184.790s][info][gc             ] GC(828) Pause Young (Allocation Failure) 760M->84M(2044M) 0.764ms
[184.790s][info][gc,cpu         ] GC(828) User=0.00s Sys=0.00s Real=0.00s
[185.019s][info][gc,start       ] GC(829) Pause Young (Allocation Failure)
[185.019s][info][gc,heap        ] GC(829) PSYoungGen: 692538K->696K(695296K)
[185.019s][info][gc,heap        ] GC(829) ParOldGen: 85560K->85560K(1398272K)
[185.019s][info][gc,metaspace   ] GC(829) Metaspace: 20633K(21376K)->20633K(21376K) NonClass: 18224K(18688K)->18224K(18688K) Class: 2408K(2688K)->2408K(2688K)
[185.019s][info][gc             ] GC(829) Pause Young (Allocation Failure) 759M->84M(2044M) 0.510ms
[185.019s][info][gc,cpu         ] GC(829) User=0.00s Sys=0.00s Real=0.00s
[185.246s][info][gc,start       ] GC(830) Pause Young (Allocation Failure)
[185.248s][info][gc,heap        ] GC(830) PSYoungGen: 692066K->2990K(694784K)
[185.248s][info][gc,heap        ] GC(830) ParOldGen: 85560K->85576K(1398272K)
[185.248s][info][gc,metaspace   ] GC(830) Metaspace: 20633K(21376K)->20633K(21376K) NonClass: 18224K(18688K)->18224K(18688K) Class: 2408K(2688K)->2408K(2688K)
[185.248s][info][gc             ] GC(830) Pause Young (Allocation Failure) 759M->86M(2044M) 1.502ms
[185.248s][info][gc,cpu         ] GC(830) User=0.02s Sys=0.00s Real=0.00s
[185.498s][info][gc,start       ] GC(831) Pause Young (Allocation Failure)
[185.499s][info][gc,heap        ] GC(831) PSYoungGen: 694702K->2212K(694784K)
[185.499s][info][gc,heap        ] GC(831) ParOldGen: 85576K->85576K(1398272K)
[185.499s][info][gc,metaspace   ] GC(831) Metaspace: 20633K(21376K)->20633K(21376K) NonClass: 18224K(18688K)->18224K(18688K) Class: 2408K(2688K)->2408K(2688K)
[185.499s][info][gc             ] GC(831) Pause Young (Allocation Failure) 761M->85M(2044M) 0.932ms
[185.499s][info][gc,cpu         ] GC(831) User=0.00s Sys=0.00s Real=0.00s
[185.733s][info][gc,start       ] GC(832) Pause Young (Allocation Failure)
[185.733s][info][gc,heap        ] GC(832) PSYoungGen: 692900K->1755K(694784K)
[185.733s][info][gc,heap        ] GC(832) ParOldGen: 85576K->85576K(1398272K)
[185.733s][info][gc,metaspace   ] GC(832) Metaspace: 20633K(21376K)->20633K(21376K) NonClass: 18224K(18688K)->18224K(18688K) Class: 2408K(2688K)->2408K(2688K)
[185.733s][info][gc             ] GC(832) Pause Young (Allocation Failure) 760M->85M(2044M) 0.628ms
[185.733s][info][gc,cpu         ] GC(832) User=0.00s Sys=0.00s Real=0.00s
[185.968s][info][gc,start       ] GC(833) Pause Young (Allocation Failure)
[185.969s][info][gc,heap        ] GC(833) PSYoungGen: 692358K->1064K(695296K)
[185.969s][info][gc,heap        ] GC(833) ParOldGen: 85576K->85600K(1398272K)
[185.969s][info][gc,metaspace   ] GC(833) Metaspace: 20633K(21376K)->20633K(21376K) NonClass: 18224K(18688K)->18224K(18688K) Class: 2408K(2688K)->2408K(2688K)
[185.969s][info][gc             ] GC(833) Pause Young (Allocation Failure) 759M->84M(2044M) 0.731ms
[185.969s][info][gc,cpu         ] GC(833) User=0.00s Sys=0.00s Real=0.00s
[186.197s][info][gc,start       ] GC(834) Pause Young (Allocation Failure)
[186.198s][info][gc,heap        ] GC(834) PSYoungGen: 692776K->2113K(695296K)
[186.198s][info][gc,heap        ] GC(834) ParOldGen: 85600K->85600K(1398272K)
[186.198s][info][gc,metaspace   ] GC(834) Metaspace: 20633K(21376K)->20633K(21376K) NonClass: 18224K(18688K)->18224K(18688K) Class: 2408K(2688K)->2408K(2688K)
[186.198s][info][gc             ] GC(834) Pause Young (Allocation Failure) 760M->85M(2044M) 1.528ms
[186.198s][info][gc,cpu         ] GC(834) User=0.00s Sys=0.00s Real=0.00s
[186.434s][info][gc,start       ] GC(835) Pause Young (Allocation Failure)
[186.436s][info][gc,heap        ] GC(835) PSYoungGen: 693825K->2275K(695296K)
[186.436s][info][gc,heap        ] GC(835) ParOldGen: 85600K->85600K(1398272K)
[186.436s][info][gc,metaspace   ] GC(835) Metaspace: 20633K(21376K)->20633K(21376K) NonClass: 18224K(18688K)->18224K(18688K) Class: 2408K(2688K)->2408K(2688K)
[186.436s][info][gc             ] GC(835) Pause Young (Allocation Failure) 761M->85M(2044M) 1.432ms
[186.436s][info][gc,cpu         ] GC(835) User=0.00s Sys=0.00s Real=0.00s
[186.568s][info][gc,start       ] GC(836) Pause Young (System.gc())
[186.569s][info][gc,heap        ] GC(836) PSYoungGen: 366724K->64K(692224K)
[186.569s][info][gc,heap        ] GC(836) ParOldGen: 85600K->85600K(1398272K)
[186.569s][info][gc,metaspace   ] GC(836) Metaspace: 20633K(21376K)->20633K(21376K) NonClass: 18224K(18688K)->18224K(18688K) Class: 2408K(2688K)->2408K(2688K)
[186.569s][info][gc             ] GC(836) Pause Young (System.gc()) 441M->83M(2041M) 1.014ms
[186.569s][info][gc,cpu         ] GC(836) User=0.00s Sys=0.00s Real=0.00s
[186.569s][info][gc,start       ] GC(837) Pause Full (System.gc())
[186.569s][info][gc,phases,start] GC(837) Marking Phase
[186.625s][info][gc,phases      ] GC(837) Marking Phase 55.780ms
[186.625s][info][gc,phases,start] GC(837) Summary Phase
[186.625s][info][gc,phases      ] GC(837) Summary Phase 0.017ms
[186.625s][info][gc,phases,start] GC(837) Adjust Roots
[186.626s][info][gc,phases      ] GC(837) Adjust Roots 1.595ms
[186.626s][info][gc,phases,start] GC(837) Compaction Phase
[186.640s][info][gc,phases      ] GC(837) Compaction Phase 13.631ms
[186.640s][info][gc,phases,start] GC(837) Post Compact
[186.641s][info][gc,phases      ] GC(837) Post Compact 0.566ms
[186.641s][info][gc,heap        ] GC(837) PSYoungGen: 64K->0K(692224K)
[186.641s][info][gc,heap        ] GC(837) ParOldGen: 85600K->85520K(1398272K)
[186.641s][info][gc,metaspace   ] GC(837) Metaspace: 20633K(21376K)->20633K(21376K) NonClass: 18224K(18688K)->18224K(18688K) Class: 2408K(2688K)->2408K(2688K)
[186.641s][info][gc             ] GC(837) Pause Full (System.gc()) 83M->83M(2041M) 71.904ms
[186.641s][info][gc,cpu         ] GC(837) User=0.20s Sys=0.00s Real=0.07s
[186.871s][info][gc,start       ] GC(838) Pause Young (Allocation Failure)
[186.872s][info][gc,heap        ] GC(838) PSYoungGen: 691712K->2443K(694784K)
[186.873s][info][gc,heap        ] GC(838) ParOldGen: 85520K->85520K(1398272K)
[186.873s][info][gc,metaspace   ] GC(838) Metaspace: 20634K(21376K)->20634K(21376K) NonClass: 18225K(18688K)->18225K(18688K) Class: 2408K(2688K)->2408K(2688K)
[186.873s][info][gc             ] GC(838) Pause Young (Allocation Failure) 759M->85M(2044M) 1.609ms
[186.873s][info][gc,cpu         ] GC(838) User=0.00s Sys=0.00s Real=0.00s
[187.103s][info][gc,start       ] GC(839) Pause Young (Allocation Failure)
[187.104s][info][gc,heap        ] GC(839) PSYoungGen: 693131K->1657K(694784K)
[187.104s][info][gc,heap        ] GC(839) ParOldGen: 85520K->85544K(1398272K)
[187.104s][info][gc,metaspace   ] GC(839) Metaspace: 20634K(21376K)->20634K(21376K) NonClass: 18225K(18688K)->18225K(18688K) Class: 2408K(2688K)->2408K(2688K)
[187.104s][info][gc             ] GC(839) Pause Young (Allocation Failure) 760M->85M(2044M) 1.190ms
[187.104s][info][gc,cpu         ] GC(839) User=0.00s Sys=0.00s Real=0.00s
[187.341s][info][gc,start       ] GC(840) Pause Young (Allocation Failure)
[187.341s][info][gc,heap        ] GC(840) PSYoungGen: 692345K->1032K(695296K)
[187.341s][info][gc,heap        ] GC(840) ParOldGen: 85544K->85544K(1398272K)
[187.341s][info][gc,metaspace   ] GC(840) Metaspace: 20634K(21376K)->20634K(21376K) NonClass: 18225K(18688K)->18225K(18688K) Class: 2408K(2688K)->2408K(2688K)
[187.341s][info][gc             ] GC(840) Pause Young (Allocation Failure) 759M->84M(2044M) 0.604ms
[187.341s][info][gc,cpu         ] GC(840) User=0.00s Sys=0.00s Real=0.00s
[187.585s][info][gc,start       ] GC(841) Pause Young (Allocation Failure)
[187.586s][info][gc,heap        ] GC(841) PSYoungGen: 692744K->192K(695296K)
[187.586s][info][gc,heap        ] GC(841) ParOldGen: 85544K->85544K(1398272K)
[187.586s][info][gc,metaspace   ] GC(841) Metaspace: 20634K(21376K)->20634K(21376K) NonClass: 18225K(18688K)->18225K(18688K) Class: 2408K(2688K)->2408K(2688K)
[187.586s][info][gc             ] GC(841) Pause Young (Allocation Failure) 760M->83M(2044M) 0.659ms
[187.586s][info][gc,cpu         ] GC(841) User=0.00s Sys=0.00s Real=0.00s
[187.823s][info][gc,start       ] GC(842) Pause Young (Allocation Failure)
[187.825s][info][gc,heap        ] GC(842) PSYoungGen: 691904K->2673K(694272K)
[187.825s][info][gc,heap        ] GC(842) ParOldGen: 85544K->85568K(1398272K)
[187.825s][info][gc,metaspace   ] GC(842) Metaspace: 20634K(21376K)->20634K(21376K) NonClass: 18225K(18688K)->18225K(18688K) Class: 2408K(2688K)->2408K(2688K)
[187.825s][info][gc             ] GC(842) Pause Young (Allocation Failure) 759M->86M(2043M) 1.484ms
[187.825s][info][gc,cpu         ] GC(842) User=0.00s Sys=0.00s Real=0.00s
[188.076s][info][gc,start       ] GC(843) Pause Young (Allocation Failure)
[188.077s][info][gc,heap        ] GC(843) PSYoungGen: 693361K->1650K(694784K)
[188.077s][info][gc,heap        ] GC(843) ParOldGen: 85568K->85568K(1398272K)
[188.077s][info][gc,metaspace   ] GC(843) Metaspace: 20634K(21376K)->20634K(21376K) NonClass: 18225K(18688K)->18225K(18688K) Class: 2408K(2688K)->2408K(2688K)
[188.077s][info][gc             ] GC(843) Pause Young (Allocation Failure) 760M->85M(2044M) 0.748ms
[188.077s][info][gc,cpu         ] GC(843) User=0.00s Sys=0.00s Real=0.00s
[188.318s][info][gc,start       ] GC(844) Pause Young (Allocation Failure)
[188.318s][info][gc,heap        ] GC(844) PSYoungGen: 692338K->1071K(695296K)
[188.318s][info][gc,heap        ] GC(844) ParOldGen: 85568K->85568K(1398272K)
[188.318s][info][gc,metaspace   ] GC(844) Metaspace: 20634K(21376K)->20634K(21376K) NonClass: 18225K(18688K)->18225K(18688K) Class: 2408K(2688K)->2408K(2688K)
[188.318s][info][gc             ] GC(844) Pause Young (Allocation Failure) 759M->84M(2044M) 0.772ms
[188.318s][info][gc,cpu         ] GC(844) User=0.00s Sys=0.00s Real=0.00s
[188.557s][info][gc,start       ] GC(845) Pause Young (Allocation Failure)
[188.558s][info][gc,heap        ] GC(845) PSYoungGen: 692783K->288K(695296K)
[188.558s][info][gc,heap        ] GC(845) ParOldGen: 85568K->85568K(1398272K)
[188.558s][info][gc,metaspace   ] GC(845) Metaspace: 20634K(21376K)->20634K(21376K) NonClass: 18225K(18688K)->18225K(18688K) Class: 2408K(2688K)->2408K(2688K)
[188.558s][info][gc             ] GC(845) Pause Young (Allocation Failure) 760M->83M(2044M) 0.549ms
[188.558s][info][gc,cpu         ] GC(845) User=0.00s Sys=0.00s Real=0.00s
[188.781s][info][gc,start       ] GC(846) Pause Young (Allocation Failure)
[188.782s][info][gc,heap        ] GC(846) PSYoungGen: 692000K->2282K(694272K)
[188.782s][info][gc,heap        ] GC(846) ParOldGen: 85568K->85600K(1398272K)
[188.782s][info][gc,metaspace   ] GC(846) Metaspace: 20634K(21376K)->20634K(21376K) NonClass: 18225K(18688K)->18225K(18688K) Class: 2408K(2688K)->2408K(2688K)
[188.782s][info][gc             ] GC(846) Pause Young (Allocation Failure) 759M->85M(2043M) 0.932ms
[188.782s][info][gc,cpu         ] GC(846) User=0.00s Sys=0.00s Real=0.00s
[189.011s][info][gc,start       ] GC(847) Pause Young (Allocation Failure)
[189.012s][info][gc,heap        ] GC(847) PSYoungGen: 692970K->2096K(694784K)
[189.012s][info][gc,heap        ] GC(847) ParOldGen: 85600K->85600K(1398272K)
[189.012s][info][gc,metaspace   ] GC(847) Metaspace: 20634K(21376K)->20634K(21376K) NonClass: 18225K(18688K)->18225K(18688K) Class: 2408K(2688K)->2408K(2688K)
[189.012s][info][gc             ] GC(847) Pause Young (Allocation Failure) 760M->85M(2044M) 0.672ms
[189.012s][info][gc,cpu         ] GC(847) User=0.00s Sys=0.00s Real=0.00s
[189.241s][info][gc,start       ] GC(848) Pause Young (Allocation Failure)
[189.242s][info][gc,heap        ] GC(848) PSYoungGen: 692784K->1194K(695296K)
[189.242s][info][gc,heap        ] GC(848) ParOldGen: 85600K->85600K(1398272K)
[189.242s][info][gc,metaspace   ] GC(848) Metaspace: 20634K(21376K)->20634K(21376K) NonClass: 18225K(18688K)->18225K(18688K) Class: 2408K(2688K)->2408K(2688K)
[189.242s][info][gc             ] GC(848) Pause Young (Allocation Failure) 760M->84M(2044M) 0.661ms
[189.242s][info][gc,cpu         ] GC(848) User=0.00s Sys=0.00s Real=0.00s
[189.476s][info][gc,start       ] GC(849) Pause Young (Allocation Failure)
[189.476s][info][gc,heap        ] GC(849) PSYoungGen: 692394K->521K(694784K)
[189.476s][info][gc,heap        ] GC(849) ParOldGen: 85600K->85624K(1398272K)
[189.476s][info][gc,metaspace   ] GC(849) Metaspace: 20634K(21376K)->20634K(21376K) NonClass: 18225K(18688K)->18225K(18688K) Class: 2408K(2688K)->2408K(2688K)
[189.476s][info][gc             ] GC(849) Pause Young (Allocation Failure) 759M->84M(2044M) 0.626ms
[189.476s][info][gc,cpu         ] GC(849) User=0.00s Sys=0.00s Real=0.00s
[189.717s][info][gc,start       ] GC(850) Pause Young (Allocation Failure)
[189.718s][info][gc,heap        ] GC(850) PSYoungGen: 691700K->2358K(695296K)
[189.719s][info][gc,heap        ] GC(850) ParOldGen: 85624K->85624K(1398272K)
[189.719s][info][gc,metaspace   ] GC(850) Metaspace: 20634K(21376K)->20634K(21376K) NonClass: 18225K(18688K)->18225K(18688K) Class: 2408K(2688K)->2408K(2688K)
[189.719s][info][gc             ] GC(850) Pause Young (Allocation Failure) 759M->85M(2044M) 1.415ms
[189.719s][info][gc,cpu         ] GC(850) User=0.00s Sys=0.00s Real=0.00s
[191.365s][info][gc,start       ] GC(851) Pause Young (Allocation Failure)
[191.377s][info][gc,heap        ] GC(851) PSYoungGen: 694070K->1877K(695296K)
[191.377s][info][gc,heap        ] GC(851) ParOldGen: 85624K->85624K(1398272K)
[191.377s][info][gc,metaspace   ] GC(851) Metaspace: 20634K(21376K)->20634K(21376K) NonClass: 18225K(18688K)->18225K(18688K) Class: 2408K(2688K)->2408K(2688K)
[191.377s][info][gc             ] GC(851) Pause Young (Allocation Failure) 761M->85M(2044M) 12.113ms
[191.378s][info][gc,cpu         ] GC(851) User=0.02s Sys=0.00s Real=0.01s
[192.672s][info][gc,start       ] GC(852) Pause Young (System.gc())
[192.677s][info][gc,heap        ] GC(852) PSYoungGen: 372340K->32K(695296K)
[192.678s][info][gc,heap        ] GC(852) ParOldGen: 85624K->85624K(1398272K)
[192.678s][info][gc,metaspace   ] GC(852) Metaspace: 20634K(21376K)->20634K(21376K) NonClass: 18225K(18688K)->18225K(18688K) Class: 2408K(2688K)->2408K(2688K)
[192.678s][info][gc             ] GC(852) Pause Young (System.gc()) 447M->83M(2044M) 5.896ms
[192.678s][info][gc,cpu         ] GC(852) User=0.02s Sys=0.00s Real=0.01s
[192.678s][info][gc,start       ] GC(853) Pause Full (System.gc())
[192.678s][info][gc,phases,start] GC(853) Marking Phase
[193.323s][info][gc,phases      ] GC(853) Marking Phase 644.193ms
[193.323s][info][gc,phases,start] GC(853) Summary Phase
[193.323s][info][gc,phases      ] GC(853) Summary Phase 0.107ms
[193.323s][info][gc,phases,start] GC(853) Adjust Roots
[193.336s][info][gc,phases      ] GC(853) Adjust Roots 12.753ms
[193.336s][info][gc,phases,start] GC(853) Compaction Phase
[193.662s][info][gc,phases      ] GC(853) Compaction Phase 325.997ms
[193.663s][info][gc,phases,start] GC(853) Post Compact
[193.665s][info][gc,phases      ] GC(853) Post Compact 2.222ms
[193.665s][info][gc,heap        ] GC(853) PSYoungGen: 32K->0K(695296K)
[193.665s][info][gc,heap        ] GC(853) ParOldGen: 85624K->85520K(1398272K)
[193.665s][info][gc,metaspace   ] GC(853) Metaspace: 20634K(21376K)->20634K(21376K) NonClass: 18225K(18688K)->18225K(18688K) Class: 2408K(2688K)->2408K(2688K)
[193.666s][info][gc             ] GC(853) Pause Full (System.gc()) 83M->83M(2044M) 987.148ms
[193.666s][info][gc,cpu         ] GC(853) User=2.12s Sys=0.05s Real=0.99s
[194.987s][info][gc,start       ] GC(854) Pause Young (Allocation Failure)
[194.988s][info][gc,heap        ] GC(854) PSYoungGen: 691712K->2327K(694272K)
[194.988s][info][gc,heap        ] GC(854) ParOldGen: 85520K->85520K(1398272K)
[194.988s][info][gc,metaspace   ] GC(854) Metaspace: 20634K(21376K)->20634K(21376K) NonClass: 18225K(18688K)->18225K(18688K) Class: 2408K(2688K)->2408K(2688K)
[194.988s][info][gc             ] GC(854) Pause Young (Allocation Failure) 759M->85M(2043M) 1.084ms
[194.988s][info][gc,cpu         ] GC(854) User=0.00s Sys=0.00s Real=0.00s
[195.222s][info][gc,start       ] GC(855) Pause Young (Allocation Failure)
[195.223s][info][gc,heap        ] GC(855) PSYoungGen: 694039K->1870K(694784K)
[195.223s][info][gc,heap        ] GC(855) ParOldGen: 85520K->85544K(1398272K)
[195.223s][info][gc,metaspace   ] GC(855) Metaspace: 20634K(21376K)->20634K(21376K) NonClass: 18225K(18688K)->18225K(18688K) Class: 2408K(2688K)->2408K(2688K)
[195.223s][info][gc             ] GC(855) Pause Young (Allocation Failure) 761M->85M(2044M) 0.977ms
[195.223s][info][gc,cpu         ] GC(855) User=0.00s Sys=0.00s Real=0.00s
[195.453s][info][gc,start       ] GC(856) Pause Young (Allocation Failure)
[195.454s][info][gc,heap        ] GC(856) PSYoungGen: 692558K->990K(694784K)
[195.454s][info][gc,heap        ] GC(856) ParOldGen: 85544K->85544K(1398272K)
[195.454s][info][gc,metaspace   ] GC(856) Metaspace: 20634K(21376K)->20634K(21376K) NonClass: 18225K(18688K)->18225K(18688K) Class: 2408K(2688K)->2408K(2688K)
[195.454s][info][gc             ] GC(856) Pause Young (Allocation Failure) 759M->84M(2044M) 0.591ms
[195.454s][info][gc,cpu         ] GC(856) User=0.00s Sys=0.00s Real=0.00s
[195.698s][info][gc,start       ] GC(857) Pause Young (Allocation Failure)
[195.699s][info][gc,heap        ] GC(857) PSYoungGen: 691678K->128K(695296K)
[195.699s][info][gc,heap        ] GC(857) ParOldGen: 85544K->85544K(1398272K)
[195.699s][info][gc,metaspace   ] GC(857) Metaspace: 20634K(21376K)->20634K(21376K) NonClass: 18225K(18688K)->18225K(18688K) Class: 2408K(2688K)->2408K(2688K)
[195.699s][info][gc             ] GC(857) Pause Young (Allocation Failure) 759M->83M(2044M) 0.880ms
[195.699s][info][gc,cpu         ] GC(857) User=0.00s Sys=0.00s Real=0.00s
[195.924s][info][gc,start       ] GC(858) Pause Young (Allocation Failure)
[195.925s][info][gc,heap        ] GC(858) PSYoungGen: 691840K->2266K(694272K)
[195.925s][info][gc,heap        ] GC(858) ParOldGen: 85544K->85568K(1398272K)
[195.925s][info][gc,metaspace   ] GC(858) Metaspace: 20634K(21376K)->20634K(21376K) NonClass: 18225K(18688K)->18225K(18688K) Class: 2408K(2688K)->2408K(2688K)
[195.925s][info][gc             ] GC(858) Pause Young (Allocation Failure) 759M->85M(2043M) 0.973ms
[195.925s][info][gc,cpu         ] GC(858) User=0.00s Sys=0.00s Real=0.00s
[196.165s][info][gc,start       ] GC(859) Pause Young (Allocation Failure)
[196.165s][info][gc,heap        ] GC(859) PSYoungGen: 693978K->1515K(695296K)
[196.165s][info][gc,heap        ] GC(859) ParOldGen: 85568K->85568K(1398272K)
[196.165s][info][gc,metaspace   ] GC(859) Metaspace: 20634K(21376K)->20634K(21376K) NonClass: 18225K(18688K)->18225K(18688K) Class: 2408K(2688K)->2408K(2688K)
[196.165s][info][gc             ] GC(859) Pause Young (Allocation Failure) 761M->85M(2044M) 0.780ms
[196.165s][info][gc,cpu         ] GC(859) User=0.00s Sys=0.00s Real=0.00s
[196.414s][info][gc,start       ] GC(860) Pause Young (Allocation Failure)
[196.414s][info][gc,heap        ] GC(860) PSYoungGen: 692715K->821K(694784K)
[196.415s][info][gc,heap        ] GC(860) ParOldGen: 85568K->85568K(1398272K)
[196.415s][info][gc,metaspace   ] GC(860) Metaspace: 20634K(21376K)->20634K(21376K) NonClass: 18225K(18688K)->18225K(18688K) Class: 2408K(2688K)->2408K(2688K)
[196.415s][info][gc             ] GC(860) Pause Young (Allocation Failure) 760M->84M(2044M) 0.776ms
[196.415s][info][gc,cpu         ] GC(860) User=0.00s Sys=0.00s Real=0.00s
[196.653s][info][gc,start       ] GC(861) Pause Young (Allocation Failure)
[196.654s][info][gc,heap        ] GC(861) PSYoungGen: 692021K->192K(695296K)
[196.654s][info][gc,heap        ] GC(861) ParOldGen: 85568K->85568K(1398272K)
[196.654s][info][gc,metaspace   ] GC(861) Metaspace: 20634K(21376K)->20634K(21376K) NonClass: 18225K(18688K)->18225K(18688K) Class: 2408K(2688K)->2408K(2688K)
[196.654s][info][gc             ] GC(861) Pause Young (Allocation Failure) 759M->83M(2044M) 0.463ms
[196.654s][info][gc,cpu         ] GC(861) User=0.00s Sys=0.00s Real=0.00s
[196.876s][info][gc,start       ] GC(862) Pause Young (Allocation Failure)
[196.877s][info][gc,heap        ] GC(862) PSYoungGen: 691897K->2682K(694784K)
[196.877s][info][gc,heap        ] GC(862) ParOldGen: 85568K->85592K(1398272K)
[196.877s][info][gc,metaspace   ] GC(862) Metaspace: 20634K(21376K)->20634K(21376K) NonClass: 18225K(18688K)->18225K(18688K) Class: 2408K(2688K)->2408K(2688K)
[196.877s][info][gc             ] GC(862) Pause Young (Allocation Failure) 759M->86M(2044M) 1.399ms
[196.877s][info][gc,cpu         ] GC(862) User=0.00s Sys=0.00s Real=0.00s
[197.106s][info][gc,start       ] GC(863) Pause Young (Allocation Failure)
[197.107s][info][gc,heap        ] GC(863) PSYoungGen: 694394K->1717K(695296K)
[197.107s][info][gc,heap        ] GC(863) ParOldGen: 85592K->85592K(1398272K)
[197.107s][info][gc,metaspace   ] GC(863) Metaspace: 20634K(21376K)->20634K(21376K) NonClass: 18225K(18688K)->18225K(18688K) Class: 2408K(2688K)->2408K(2688K)
[197.107s][info][gc             ] GC(863) Pause Young (Allocation Failure) 761M->85M(2044M) 0.727ms
[197.107s][info][gc,cpu         ] GC(863) User=0.00s Sys=0.00s Real=0.00s
[197.336s][info][gc,start       ] GC(864) Pause Young (Allocation Failure)
[197.337s][info][gc,heap        ] GC(864) PSYoungGen: 692917K->1249K(694784K)
[197.337s][info][gc,heap        ] GC(864) ParOldGen: 85592K->85592K(1398272K)
[197.337s][info][gc,metaspace   ] GC(864) Metaspace: 20634K(21376K)->20634K(21376K) NonClass: 18225K(18688K)->18225K(18688K) Class: 2408K(2688K)->2408K(2688K)
[197.337s][info][gc             ] GC(864) Pause Young (Allocation Failure) 760M->84M(2044M) 0.641ms
[197.337s][info][gc,cpu         ] GC(864) User=0.00s Sys=0.00s Real=0.00s
[197.570s][info][gc,start       ] GC(865) Pause Young (Allocation Failure)
[197.571s][info][gc,heap        ] GC(865) PSYoungGen: 692449K->448K(695296K)
[197.571s][info][gc,heap        ] GC(865) ParOldGen: 85592K->85616K(1398272K)
[197.571s][info][gc,metaspace   ] GC(865) Metaspace: 20634K(21376K)->20634K(21376K) NonClass: 18225K(18688K)->18225K(18688K) Class: 2408K(2688K)->2408K(2688K)
[197.571s][info][gc             ] GC(865) Pause Young (Allocation Failure) 759M->84M(2044M) 0.486ms
[197.571s][info][gc,cpu         ] GC(865) User=0.00s Sys=0.00s Real=0.00s
[197.793s][info][gc,start       ] GC(866) Pause Young (Allocation Failure)
[197.795s][info][gc,heap        ] GC(866) PSYoungGen: 692129K->2740K(694784K)
[197.795s][info][gc,heap        ] GC(866) ParOldGen: 85616K->85616K(1398272K)
[197.795s][info][gc,metaspace   ] GC(866) Metaspace: 20634K(21376K)->20634K(21376K) NonClass: 18225K(18688K)->18225K(18688K) Class: 2408K(2688K)->2408K(2688K)
[197.795s][info][gc             ] GC(866) Pause Young (Allocation Failure) 759M->86M(2044M) 1.676ms
[197.795s][info][gc,cpu         ] GC(866) User=0.00s Sys=0.00s Real=0.00s
[198.025s][info][gc,start       ] GC(867) Pause Young (Allocation Failure)
[198.025s][info][gc,heap        ] GC(867) PSYoungGen: 694452K->2230K(694784K)
[198.025s][info][gc,heap        ] GC(867) ParOldGen: 85616K->85616K(1398272K)
[198.025s][info][gc,metaspace   ] GC(867) Metaspace: 20634K(21376K)->20634K(21376K) NonClass: 18225K(18688K)->18225K(18688K) Class: 2408K(2688K)->2408K(2688K)
[198.025s][info][gc             ] GC(867) Pause Young (Allocation Failure) 761M->85M(2044M) 0.655ms
[198.025s][info][gc,cpu         ] GC(867) User=0.00s Sys=0.00s Real=0.00s
[198.149s][info][gc,start       ] GC(868) Pause Young (System.gc())
[198.149s][info][gc,heap        ] GC(868) PSYoungGen: 373662K->32K(694784K)
[198.149s][info][gc,heap        ] GC(868) ParOldGen: 85616K->85616K(1398272K)
[198.149s][info][gc,metaspace   ] GC(868) Metaspace: 20634K(21376K)->20634K(21376K) NonClass: 18225K(18688K)->18225K(18688K) Class: 2408K(2688K)->2408K(2688K)
[198.149s][info][gc             ] GC(868) Pause Young (System.gc()) 448M->83M(2044M) 0.546ms
[198.149s][info][gc,cpu         ] GC(868) User=0.00s Sys=0.00s Real=0.00s
[198.149s][info][gc,start       ] GC(869) Pause Full (System.gc())
[198.149s][info][gc,phases,start] GC(869) Marking Phase
[198.197s][info][gc,phases      ] GC(869) Marking Phase 48.128ms
[198.198s][info][gc,phases,start] GC(869) Summary Phase
[198.198s][info][gc,phases      ] GC(869) Summary Phase 0.011ms
[198.198s][info][gc,phases,start] GC(869) Adjust Roots
[198.199s][info][gc,phases      ] GC(869) Adjust Roots 1.337ms
[198.199s][info][gc,phases,start] GC(869) Compaction Phase
[198.212s][info][gc,phases      ] GC(869) Compaction Phase 12.612ms
[198.212s][info][gc,phases,start] GC(869) Post Compact
[198.212s][info][gc,phases      ] GC(869) Post Compact 0.471ms
[198.212s][info][gc,heap        ] GC(869) PSYoungGen: 32K->0K(694784K)
[198.212s][info][gc,heap        ] GC(869) ParOldGen: 85616K->85520K(1398272K)
[198.212s][info][gc,metaspace   ] GC(869) Metaspace: 20634K(21376K)->20634K(21376K) NonClass: 18225K(18688K)->18225K(18688K) Class: 2408K(2688K)->2408K(2688K)
[198.212s][info][gc             ] GC(869) Pause Full (System.gc()) 83M->83M(2044M) 62.810ms
[198.212s][info][gc,cpu         ] GC(869) User=0.05s Sys=0.00s Real=0.06s
[198.437s][info][gc,start       ] GC(870) Pause Young (Allocation Failure)
[198.437s][info][gc,heap        ] GC(870) PSYoungGen: 690688K->2468K(694784K)
[198.437s][info][gc,heap        ] GC(870) ParOldGen: 85520K->85520K(1398272K)
[198.437s][info][gc,metaspace   ] GC(870) Metaspace: 20634K(21376K)->20634K(21376K) NonClass: 18226K(18688K)->18226K(18688K) Class: 2408K(2688K)->2408K(2688K)
[198.438s][info][gc             ] GC(870) Pause Young (Allocation Failure) 758M->85M(2044M) 0.743ms
[198.438s][info][gc,cpu         ] GC(870) User=0.00s Sys=0.00s Real=0.00s
[198.668s][info][gc,start       ] GC(871) Pause Young (Allocation Failure)
[198.669s][info][gc,heap        ] GC(871) PSYoungGen: 693156K->1697K(694784K)
[198.669s][info][gc,heap        ] GC(871) ParOldGen: 85520K->85544K(1398272K)
[198.669s][info][gc,metaspace   ] GC(871) Metaspace: 20634K(21376K)->20634K(21376K) NonClass: 18226K(18688K)->18226K(18688K) Class: 2408K(2688K)->2408K(2688K)
[198.669s][info][gc             ] GC(871) Pause Young (Allocation Failure) 760M->85M(2044M) 0.825ms
[198.669s][info][gc,cpu         ] GC(871) User=0.00s Sys=0.00s Real=0.00s
[198.895s][info][gc,start       ] GC(872) Pause Young (Allocation Failure)
[198.895s][info][gc,heap        ] GC(872) PSYoungGen: 692385K->991K(694784K)
[198.895s][info][gc,heap        ] GC(872) ParOldGen: 85544K->85544K(1398272K)
[198.895s][info][gc,metaspace   ] GC(872) Metaspace: 20634K(21376K)->20634K(21376K) NonClass: 18226K(18688K)->18226K(18688K) Class: 2408K(2688K)->2408K(2688K)
[198.895s][info][gc             ] GC(872) Pause Young (Allocation Failure) 759M->84M(2044M) 0.825ms
[198.895s][info][gc,cpu         ] GC(872) User=0.00s Sys=0.00s Real=0.00s
[199.123s][info][gc,start       ] GC(873) Pause Young (Allocation Failure)
[199.123s][info][gc,heap        ] GC(873) PSYoungGen: 691679K->192K(694784K)
[199.123s][info][gc,heap        ] GC(873) ParOldGen: 85544K->85544K(1398272K)
[199.123s][info][gc,metaspace   ] GC(873) Metaspace: 20634K(21376K)->20634K(21376K) NonClass: 18226K(18688K)->18226K(18688K) Class: 2408K(2688K)->2408K(2688K)
[199.123s][info][gc             ] GC(873) Pause Young (Allocation Failure) 759M->83M(2044M) 0.490ms
[199.124s][info][gc,cpu         ] GC(873) User=0.00s Sys=0.00s Real=0.00s
[199.366s][info][gc,start       ] GC(874) Pause Young (Allocation Failure)
[199.367s][info][gc,heap        ] GC(874) PSYoungGen: 690880K->2287K(694784K)
[199.367s][info][gc,heap        ] GC(874) ParOldGen: 85544K->85568K(1398272K)
[199.367s][info][gc,metaspace   ] GC(874) Metaspace: 20634K(21376K)->20634K(21376K) NonClass: 18226K(18688K)->18226K(18688K) Class: 2408K(2688K)->2408K(2688K)
[199.367s][info][gc             ] GC(874) Pause Young (Allocation Failure) 758M->85M(2044M) 1.126ms
[199.367s][info][gc,cpu         ] GC(874) User=0.00s Sys=0.00s Real=0.00s
[199.632s][info][gc,start       ] GC(875) Pause Young (Allocation Failure)
[199.633s][info][gc,heap        ] GC(875) PSYoungGen: 692975K->1703K(694784K)
[199.633s][info][gc,heap        ] GC(875) ParOldGen: 85568K->85568K(1398272K)
[199.633s][info][gc,metaspace   ] GC(875) Metaspace: 20634K(21376K)->20634K(21376K) NonClass: 18226K(18688K)->18226K(18688K) Class: 2408K(2688K)->2408K(2688K)
[199.633s][info][gc             ] GC(875) Pause Young (Allocation Failure) 760M->85M(2044M) 0.963ms
[199.633s][info][gc,cpu         ] GC(875) User=0.00s Sys=0.00s Real=0.00s
[199.870s][info][gc,start       ] GC(876) Pause Young (Allocation Failure)
[199.870s][info][gc,heap        ] GC(876) PSYoungGen: 692391K->1021K(695296K)
[199.870s][info][gc,heap        ] GC(876) ParOldGen: 85568K->85568K(1398272K)
[199.870s][info][gc,metaspace   ] GC(876) Metaspace: 20634K(21376K)->20634K(21376K) NonClass: 18226K(18688K)->18226K(18688K) Class: 2408K(2688K)->2408K(2688K)
[199.870s][info][gc             ] GC(876) Pause Young (Allocation Failure) 759M->84M(2044M) 0.620ms
[199.870s][info][gc,cpu         ] GC(876) User=0.00s Sys=0.00s Real=0.00s
[200.101s][info][gc,start       ] GC(877) Pause Young (Allocation Failure)
[200.102s][info][gc,heap        ] GC(877) PSYoungGen: 692221K->192K(694784K)
[200.102s][info][gc,heap        ] GC(877) ParOldGen: 85568K->85568K(1398272K)
[200.102s][info][gc,metaspace   ] GC(877) Metaspace: 20634K(21376K)->20634K(21376K) NonClass: 18226K(18688K)->18226K(18688K) Class: 2408K(2688K)->2408K(2688K)
[200.102s][info][gc             ] GC(877) Pause Young (Allocation Failure) 759M->83M(2044M) 0.600ms
[200.102s][info][gc,cpu         ] GC(877) User=0.00s Sys=0.00s Real=0.00s
[200.343s][info][gc,start       ] GC(878) Pause Young (Allocation Failure)
[200.345s][info][gc,heap        ] GC(878) PSYoungGen: 691303K->2601K(694272K)
[200.345s][info][gc,heap        ] GC(878) ParOldGen: 85568K->85592K(1398272K)
[200.345s][info][gc,metaspace   ] GC(878) Metaspace: 20634K(21376K)->20634K(21376K) NonClass: 18226K(18688K)->18226K(18688K) Class: 2408K(2688K)->2408K(2688K)
[200.345s][info][gc             ] GC(878) Pause Young (Allocation Failure) 758M->86M(2043M) 1.583ms
[200.345s][info][gc,cpu         ] GC(878) User=0.00s Sys=0.00s Real=0.00s
[200.598s][info][gc,start       ] GC(879) Pause Young (Allocation Failure)
[200.599s][info][gc,heap        ] GC(879) PSYoungGen: 693289K->1874K(694784K)
[200.599s][info][gc,heap        ] GC(879) ParOldGen: 85592K->85592K(1398272K)
[200.599s][info][gc,metaspace   ] GC(879) Metaspace: 20634K(21376K)->20634K(21376K) NonClass: 18226K(18688K)->18226K(18688K) Class: 2408K(2688K)->2408K(2688K)
[200.599s][info][gc             ] GC(879) Pause Young (Allocation Failure) 760M->85M(2044M) 1.019ms
[200.599s][info][gc,cpu         ] GC(879) User=0.00s Sys=0.00s Real=0.00s
[200.838s][info][gc,start       ] GC(880) Pause Young (Allocation Failure)
[200.838s][info][gc,heap        ] GC(880) PSYoungGen: 692562K->1217K(695296K)
[200.838s][info][gc,heap        ] GC(880) ParOldGen: 85592K->85592K(1398272K)
[200.838s][info][gc,metaspace   ] GC(880) Metaspace: 20635K(21376K)->20635K(21376K) NonClass: 18227K(18688K)->18227K(18688K) Class: 2408K(2688K)->2408K(2688K)
[200.838s][info][gc             ] GC(880) Pause Young (Allocation Failure) 759M->84M(2044M) 0.610ms
[200.838s][info][gc,cpu         ] GC(880) User=0.00s Sys=0.00s Real=0.00s
[201.076s][info][gc,start       ] GC(881) Pause Young (Allocation Failure)
[201.076s][info][gc,heap        ] GC(881) PSYoungGen: 692417K->432K(694784K)
[201.076s][info][gc,heap        ] GC(881) ParOldGen: 85592K->85616K(1398272K)
[201.076s][info][gc,metaspace   ] GC(881) Metaspace: 20635K(21376K)->20635K(21376K) NonClass: 18227K(18688K)->18227K(18688K) Class: 2408K(2688K)->2408K(2688K)
[201.077s][info][gc             ] GC(881) Pause Young (Allocation Failure) 759M->84M(2044M) 0.747ms
[201.077s][info][gc,cpu         ] GC(881) User=0.02s Sys=0.00s Real=0.00s
[201.300s][info][gc,start       ] GC(882) Pause Young (Allocation Failure)
[201.301s][info][gc,heap        ] GC(882) PSYoungGen: 691561K->2325K(694272K)
[201.301s][info][gc,heap        ] GC(882) ParOldGen: 85616K->85616K(1398272K)
[201.301s][info][gc,metaspace   ] GC(882) Metaspace: 20635K(21376K)->20635K(21376K) NonClass: 18227K(18688K)->18227K(18688K) Class: 2408K(2688K)->2408K(2688K)
[201.301s][info][gc             ] GC(882) Pause Young (Allocation Failure) 758M->85M(2043M) 1.053ms
[201.301s][info][gc,cpu         ] GC(882) User=0.00s Sys=0.00s Real=0.00s
[201.537s][info][gc,start       ] GC(883) Pause Young (Allocation Failure)
[201.537s][info][gc,heap        ] GC(883) PSYoungGen: 693013K->1996K(694784K)
[201.537s][info][gc,heap        ] GC(883) ParOldGen: 85616K->85616K(1398272K)
[201.537s][info][gc,metaspace   ] GC(883) Metaspace: 20635K(21376K)->20635K(21376K) NonClass: 18227K(18688K)->18227K(18688K) Class: 2408K(2688K)->2408K(2688K)
[201.537s][info][gc             ] GC(883) Pause Young (Allocation Failure) 760M->85M(2044M) 0.754ms
[201.537s][info][gc,cpu         ] GC(883) User=0.00s Sys=0.00s Real=0.00s
[201.662s][info][gc,start       ] GC(884) Pause Young (System.gc())
[201.662s][info][gc,heap        ] GC(884) PSYoungGen: 376367K->64K(694784K)
[201.662s][info][gc,heap        ] GC(884) ParOldGen: 85616K->85616K(1398272K)
[201.662s][info][gc,metaspace   ] GC(884) Metaspace: 20635K(21376K)->20635K(21376K) NonClass: 18227K(18688K)->18227K(18688K) Class: 2408K(2688K)->2408K(2688K)
[201.663s][info][gc             ] GC(884) Pause Young (System.gc()) 451M->83M(2044M) 0.479ms
[201.663s][info][gc,cpu         ] GC(884) User=0.00s Sys=0.00s Real=0.00s
[201.663s][info][gc,start       ] GC(885) Pause Full (System.gc())
[201.663s][info][gc,phases,start] GC(885) Marking Phase
[201.733s][info][gc,phases      ] GC(885) Marking Phase 70.539ms
[201.733s][info][gc,phases,start] GC(885) Summary Phase
[201.733s][info][gc,phases      ] GC(885) Summary Phase 0.012ms
[201.733s][info][gc,phases,start] GC(885) Adjust Roots
[201.735s][info][gc,phases      ] GC(885) Adjust Roots 1.528ms
[201.735s][info][gc,phases,start] GC(885) Compaction Phase
[201.754s][info][gc,phases      ] GC(885) Compaction Phase 19.224ms
[201.754s][info][gc,phases,start] GC(885) Post Compact
[201.755s][info][gc,phases      ] GC(885) Post Compact 0.671ms
[201.755s][info][gc,heap        ] GC(885) PSYoungGen: 64K->0K(694784K)
[201.755s][info][gc,heap        ] GC(885) ParOldGen: 85616K->85520K(1398272K)
[201.755s][info][gc,metaspace   ] GC(885) Metaspace: 20635K(21376K)->20635K(21376K) NonClass: 18227K(18688K)->18227K(18688K) Class: 2408K(2688K)->2408K(2688K)
[201.755s][info][gc             ] GC(885) Pause Full (System.gc()) 83M->83M(2044M) 92.301ms
[201.755s][info][gc,cpu         ] GC(885) User=0.41s Sys=0.00s Real=0.09s
[202.034s][info][gc,start       ] GC(886) Pause Young (Allocation Failure)
[202.035s][info][gc,heap        ] GC(886) PSYoungGen: 690688K->2226K(694784K)
[202.035s][info][gc,heap        ] GC(886) ParOldGen: 85520K->85520K(1398272K)
[202.035s][info][gc,metaspace   ] GC(886) Metaspace: 20635K(21376K)->20635K(21376K) NonClass: 18227K(18688K)->18227K(18688K) Class: 2408K(2688K)->2408K(2688K)
[202.035s][info][gc             ] GC(886) Pause Young (Allocation Failure) 758M->85M(2044M) 1.620ms
[202.035s][info][gc,cpu         ] GC(886) User=0.00s Sys=0.00s Real=0.00s
[202.334s][info][gc,start       ] GC(887) Pause Young (Allocation Failure)
[202.335s][info][gc,heap        ] GC(887) PSYoungGen: 692914K->1864K(694784K)
[202.335s][info][gc,heap        ] GC(887) ParOldGen: 85520K->85544K(1398272K)
[202.335s][info][gc,metaspace   ] GC(887) Metaspace: 20635K(21376K)->20635K(21376K) NonClass: 18227K(18688K)->18227K(18688K) Class: 2408K(2688K)->2408K(2688K)
[202.335s][info][gc             ] GC(887) Pause Young (Allocation Failure) 760M->85M(2044M) 1.345ms
[202.335s][info][gc,cpu         ] GC(887) User=0.00s Sys=0.00s Real=0.00s
[202.735s][info][gc,start       ] GC(888) Pause Young (Allocation Failure)
[202.736s][info][gc,heap        ] GC(888) PSYoungGen: 692552K->1224K(694784K)
[202.736s][info][gc,heap        ] GC(888) ParOldGen: 85544K->85544K(1398272K)
[202.736s][info][gc,metaspace   ] GC(888) Metaspace: 20635K(21376K)->20635K(21376K) NonClass: 18227K(18688K)->18227K(18688K) Class: 2408K(2688K)->2408K(2688K)
[202.736s][info][gc             ] GC(888) Pause Young (Allocation Failure) 759M->84M(2044M) 0.840ms
[202.736s][info][gc,cpu         ] GC(888) User=0.00s Sys=0.00s Real=0.00s
[203.058s][info][gc,start       ] GC(889) Pause Young (Allocation Failure)
[203.059s][info][gc,heap        ] GC(889) PSYoungGen: 691912K->96K(695296K)
[203.059s][info][gc,heap        ] GC(889) ParOldGen: 85544K->85544K(1398272K)
[203.059s][info][gc,metaspace   ] GC(889) Metaspace: 20635K(21376K)->20635K(21376K) NonClass: 18227K(18688K)->18227K(18688K) Class: 2408K(2688K)->2408K(2688K)
[203.059s][info][gc             ] GC(889) Pause Young (Allocation Failure) 759M->83M(2044M) 0.975ms
[203.059s][info][gc,cpu         ] GC(889) User=0.00s Sys=0.00s Real=0.00s
[203.316s][info][gc,start       ] GC(890) Pause Young (Allocation Failure)
[203.317s][info][gc,heap        ] GC(890) PSYoungGen: 691808K->2624K(694784K)
[203.317s][info][gc,heap        ] GC(890) ParOldGen: 85544K->85568K(1398272K)
[203.317s][info][gc,metaspace   ] GC(890) Metaspace: 20635K(21376K)->20635K(21376K) NonClass: 18227K(18688K)->18227K(18688K) Class: 2408K(2688K)->2408K(2688K)
[203.317s][info][gc             ] GC(890) Pause Young (Allocation Failure) 759M->86M(2044M) 1.092ms
[203.317s][info][gc,cpu         ] GC(890) User=0.00s Sys=0.00s Real=0.00s
[203.573s][info][gc,start       ] GC(891) Pause Young (Allocation Failure)
[203.573s][info][gc,heap        ] GC(891) PSYoungGen: 694336K->1774K(694784K)
[203.573s][info][gc,heap        ] GC(891) ParOldGen: 85568K->85568K(1398272K)
[203.573s][info][gc,metaspace   ] GC(891) Metaspace: 20635K(21376K)->20635K(21376K) NonClass: 18227K(18688K)->18227K(18688K) Class: 2408K(2688K)->2408K(2688K)
[203.573s][info][gc             ] GC(891) Pause Young (Allocation Failure) 761M->85M(2044M) 0.916ms
[203.573s][info][gc,cpu         ] GC(891) User=0.00s Sys=0.00s Real=0.00s
[203.851s][info][gc,start       ] GC(892) Pause Young (Allocation Failure)
[203.852s][info][gc,heap        ] GC(892) PSYoungGen: 692462K->1233K(694784K)
[203.852s][info][gc,heap        ] GC(892) ParOldGen: 85568K->85568K(1398272K)
[203.852s][info][gc,metaspace   ] GC(892) Metaspace: 20635K(21376K)->20635K(21376K) NonClass: 18227K(18688K)->18227K(18688K) Class: 2408K(2688K)->2408K(2688K)
[203.852s][info][gc             ] GC(892) Pause Young (Allocation Failure) 759M->84M(2044M) 1.023ms
[203.852s][info][gc,cpu         ] GC(892) User=0.00s Sys=0.00s Real=0.00s
[204.131s][info][gc,start       ] GC(893) Pause Young (Allocation Failure)
[204.132s][info][gc,heap        ] GC(893) PSYoungGen: 691921K->544K(695296K)
[204.132s][info][gc,heap        ] GC(893) ParOldGen: 85568K->85568K(1398272K)
[204.132s][info][gc,metaspace   ] GC(893) Metaspace: 20635K(21376K)->20635K(21376K) NonClass: 18227K(18688K)->18227K(18688K) Class: 2408K(2688K)->2408K(2688K)
[204.132s][info][gc             ] GC(893) Pause Young (Allocation Failure) 759M->84M(2044M) 0.515ms
[204.132s][info][gc,cpu         ] GC(893) User=0.00s Sys=0.00s Real=0.00s
[204.361s][info][gc,start       ] GC(894) Pause Young (Allocation Failure)
[204.363s][info][gc,heap        ] GC(894) PSYoungGen: 692234K->2609K(694784K)
[204.363s][info][gc,heap        ] GC(894) ParOldGen: 85568K->85592K(1398272K)
[204.363s][info][gc,metaspace   ] GC(894) Metaspace: 20635K(21376K)->20635K(21376K) NonClass: 18227K(18688K)->18227K(18688K) Class: 2408K(2688K)->2408K(2688K)
[204.363s][info][gc             ] GC(894) Pause Young (Allocation Failure) 759M->86M(2044M) 1.581ms
[204.363s][info][gc,cpu         ] GC(894) User=0.00s Sys=0.00s Real=0.00s
[204.604s][info][gc,start       ] GC(895) Pause Young (Allocation Failure)
[204.605s][info][gc,heap        ] GC(895) PSYoungGen: 694321K->1951K(694784K)
[204.605s][info][gc,heap        ] GC(895) ParOldGen: 85592K->85592K(1398272K)
[204.605s][info][gc,metaspace   ] GC(895) Metaspace: 20635K(21376K)->20635K(21376K) NonClass: 18227K(18688K)->18227K(18688K) Class: 2408K(2688K)->2408K(2688K)
[204.605s][info][gc             ] GC(895) Pause Young (Allocation Failure) 761M->85M(2044M) 1.764ms
[204.605s][info][gc,cpu         ] GC(895) User=0.00s Sys=0.00s Real=0.00s
[204.877s][info][gc,start       ] GC(896) Pause Young (Allocation Failure)
[204.877s][info][gc,heap        ] GC(896) PSYoungGen: 692639K->1345K(694784K)
[204.878s][info][gc,heap        ] GC(896) ParOldGen: 85592K->85592K(1398272K)
[204.878s][info][gc,metaspace   ] GC(896) Metaspace: 20635K(21376K)->20635K(21376K) NonClass: 18227K(18688K)->18227K(18688K) Class: 2408K(2688K)->2408K(2688K)
[204.878s][info][gc             ] GC(896) Pause Young (Allocation Failure) 759M->84M(2044M) 0.925ms
[204.878s][info][gc,cpu         ] GC(896) User=0.00s Sys=0.00s Real=0.00s
[205.110s][info][gc,start       ] GC(897) Pause Young (Allocation Failure)
[205.110s][info][gc,heap        ] GC(897) PSYoungGen: 692033K->472K(695296K)
[205.111s][info][gc,heap        ] GC(897) ParOldGen: 85592K->85616K(1398272K)
[205.111s][info][gc,metaspace   ] GC(897) Metaspace: 20635K(21376K)->20635K(21376K) NonClass: 18227K(18688K)->18227K(18688K) Class: 2408K(2688K)->2408K(2688K)
[205.111s][info][gc             ] GC(897) Pause Young (Allocation Failure) 759M->84M(2044M) 0.722ms
[205.111s][info][gc,cpu         ] GC(897) User=0.00s Sys=0.00s Real=0.00s
[205.336s][info][gc,start       ] GC(898) Pause Young (Allocation Failure)
[205.337s][info][gc,heap        ] GC(898) PSYoungGen: 692124K->2211K(695296K)
[205.337s][info][gc,heap        ] GC(898) ParOldGen: 85616K->85616K(1398272K)
[205.337s][info][gc,metaspace   ] GC(898) Metaspace: 20635K(21376K)->20635K(21376K) NonClass: 18227K(18688K)->18227K(18688K) Class: 2408K(2688K)->2408K(2688K)
[205.337s][info][gc             ] GC(898) Pause Young (Allocation Failure) 759M->85M(2044M) 1.482ms
[205.337s][info][gc,cpu         ] GC(898) User=0.00s Sys=0.00s Real=0.00s
[205.575s][info][gc,start       ] GC(899) Pause Young (Allocation Failure)
[205.576s][info][gc,heap        ] GC(899) PSYoungGen: 693923K->2371K(694272K)
[205.576s][info][gc,heap        ] GC(899) ParOldGen: 85616K->85616K(1398272K)
[205.576s][info][gc,metaspace   ] GC(899) Metaspace: 20635K(21376K)->20635K(21376K) NonClass: 18227K(18688K)->18227K(18688K) Class: 2408K(2688K)->2408K(2688K)
[205.576s][info][gc             ] GC(899) Pause Young (Allocation Failure) 761M->85M(2043M) 1.542ms
[205.576s][info][gc,cpu         ] GC(899) User=0.00s Sys=0.00s Real=0.00s
[205.711s][info][gc,start       ] GC(900) Pause Young (System.gc())
[205.711s][info][gc,heap        ] GC(900) PSYoungGen: 373232K->96K(694784K)
[205.711s][info][gc,heap        ] GC(900) ParOldGen: 85616K->85616K(1398272K)
[205.711s][info][gc,metaspace   ] GC(900) Metaspace: 20635K(21376K)->20635K(21376K) NonClass: 18227K(18688K)->18227K(18688K) Class: 2408K(2688K)->2408K(2688K)
[205.711s][info][gc             ] GC(900) Pause Young (System.gc()) 448M->83M(2044M) 0.503ms
[205.711s][info][gc,cpu         ] GC(900) User=0.00s Sys=0.00s Real=0.00s
[205.711s][info][gc,start       ] GC(901) Pause Full (System.gc())
[205.711s][info][gc,phases,start] GC(901) Marking Phase
[205.771s][info][gc,phases      ] GC(901) Marking Phase 59.451ms
[205.771s][info][gc,phases,start] GC(901) Summary Phase
[205.771s][info][gc,phases      ] GC(901) Summary Phase 0.013ms
[205.771s][info][gc,phases,start] GC(901) Adjust Roots
[205.772s][info][gc,phases      ] GC(901) Adjust Roots 1.519ms
[205.772s][info][gc,phases,start] GC(901) Compaction Phase
[205.785s][info][gc,phases      ] GC(901) Compaction Phase 12.886ms
[205.785s][info][gc,phases,start] GC(901) Post Compact
[205.786s][info][gc,phases      ] GC(901) Post Compact 0.770ms
[205.786s][info][gc,heap        ] GC(901) PSYoungGen: 96K->0K(694784K)
[205.786s][info][gc,heap        ] GC(901) ParOldGen: 85616K->85520K(1398272K)
[205.786s][info][gc,metaspace   ] GC(901) Metaspace: 20635K(21376K)->20635K(21376K) NonClass: 18227K(18688K)->18227K(18688K) Class: 2408K(2688K)->2408K(2688K)
[205.786s][info][gc             ] GC(901) Pause Full (System.gc()) 83M->83M(2044M) 75.093ms
[205.786s][info][gc,cpu         ] GC(901) User=0.31s Sys=0.00s Real=0.08s
[206.017s][info][gc,start       ] GC(902) Pause Young (Allocation Failure)
[206.017s][info][gc,heap        ] GC(902) PSYoungGen: 690688K->2136K(694784K)
[206.018s][info][gc,heap        ] GC(902) ParOldGen: 85520K->85528K(1398272K)
[206.018s][info][gc,metaspace   ] GC(902) Metaspace: 20646K(21376K)->20646K(21376K) NonClass: 18237K(18688K)->18237K(18688K) Class: 2408K(2688K)->2408K(2688K)
[206.018s][info][gc             ] GC(902) Pause Young (Allocation Failure) 758M->85M(2044M) 0.846ms
[206.018s][info][gc,cpu         ] GC(902) User=0.00s Sys=0.00s Real=0.00s
[206.259s][info][gc,start       ] GC(903) Pause Young (Allocation Failure)
[206.260s][info][gc,heap        ] GC(903) PSYoungGen: 692824K->1694K(694784K)
[206.260s][info][gc,heap        ] GC(903) ParOldGen: 85528K->85560K(1398272K)
[206.260s][info][gc,metaspace   ] GC(903) Metaspace: 20646K(21376K)->20646K(21376K) NonClass: 18237K(18688K)->18237K(18688K) Class: 2408K(2688K)->2408K(2688K)
[206.260s][info][gc             ] GC(903) Pause Young (Allocation Failure) 760M->85M(2044M) 0.777ms
[206.260s][info][gc,cpu         ] GC(903) User=0.00s Sys=0.00s Real=0.00s
[206.494s][info][gc,start       ] GC(904) Pause Young (Allocation Failure)
[206.494s][info][gc,heap        ] GC(904) PSYoungGen: 692382K->821K(695296K)
[206.494s][info][gc,heap        ] GC(904) ParOldGen: 85560K->85560K(1398272K)
[206.494s][info][gc,metaspace   ] GC(904) Metaspace: 20646K(21376K)->20646K(21376K) NonClass: 18237K(18688K)->18237K(18688K) Class: 2408K(2688K)->2408K(2688K)
[206.494s][info][gc             ] GC(904) Pause Young (Allocation Failure) 759M->84M(2044M) 0.688ms
[206.494s][info][gc,cpu         ] GC(904) User=0.00s Sys=0.00s Real=0.00s
[206.734s][info][gc,start       ] GC(905) Pause Young (Allocation Failure)
[206.735s][info][gc,heap        ] GC(905) PSYoungGen: 692021K->3253K(694784K)
[206.735s][info][gc,heap        ] GC(905) ParOldGen: 85560K->85560K(1398272K)
[206.735s][info][gc,metaspace   ] GC(905) Metaspace: 20646K(21376K)->20646K(21376K) NonClass: 18237K(18688K)->18237K(18688K) Class: 2408K(2688K)->2408K(2688K)
[206.736s][info][gc             ] GC(905) Pause Young (Allocation Failure) 759M->86M(2044M) 1.878ms
[206.736s][info][gc,cpu         ] GC(905) User=0.00s Sys=0.00s Real=0.00s
[206.981s][info][gc,start       ] GC(906) Pause Young (Allocation Failure)
[206.982s][info][gc,heap        ] GC(906) PSYoungGen: 694453K->2559K(694784K)
[206.982s][info][gc,heap        ] GC(906) ParOldGen: 85560K->85576K(1398272K)
[206.982s][info][gc,metaspace   ] GC(906) Metaspace: 20646K(21376K)->20646K(21376K) NonClass: 18237K(18688K)->18237K(18688K) Class: 2408K(2688K)->2408K(2688K)
[206.982s][info][gc             ] GC(906) Pause Young (Allocation Failure) 761M->86M(2044M) 0.878ms
[206.982s][info][gc,cpu         ] GC(906) User=0.02s Sys=0.00s Real=0.00s
[207.212s][info][gc,start       ] GC(907) Pause Young (Allocation Failure)
[207.212s][info][gc,heap        ] GC(907) PSYoungGen: 693247K->1673K(694784K)
[207.213s][info][gc,heap        ] GC(907) ParOldGen: 85576K->85576K(1398272K)
[207.213s][info][gc,metaspace   ] GC(907) Metaspace: 20646K(21376K)->20646K(21376K) NonClass: 18237K(18688K)->18237K(18688K) Class: 2408K(2688K)->2408K(2688K)
[207.213s][info][gc             ] GC(907) Pause Young (Allocation Failure) 760M->85M(2044M) 0.611ms
[207.213s][info][gc,cpu         ] GC(907) User=0.00s Sys=0.00s Real=0.00s
[207.461s][info][gc,start       ] GC(908) Pause Young (Allocation Failure)
[207.462s][info][gc,heap        ] GC(908) PSYoungGen: 692361K->1100K(694784K)
[207.462s][info][gc,heap        ] GC(908) ParOldGen: 85576K->85576K(1398272K)
[207.462s][info][gc,metaspace   ] GC(908) Metaspace: 20646K(21376K)->20646K(21376K) NonClass: 18237K(18688K)->18237K(18688K) Class: 2408K(2688K)->2408K(2688K)
[207.462s][info][gc             ] GC(908) Pause Young (Allocation Failure) 759M->84M(2044M) 0.651ms
[207.462s][info][gc,cpu         ] GC(908) User=0.00s Sys=0.00s Real=0.00s
[207.715s][info][gc,start       ] GC(909) Pause Young (Allocation Failure)
[207.716s][info][gc,heap        ] GC(909) PSYoungGen: 691788K->352K(694784K)
[207.716s][info][gc,heap        ] GC(909) ParOldGen: 85576K->85576K(1398272K)
[207.716s][info][gc,metaspace   ] GC(909) Metaspace: 20646K(21376K)->20646K(21376K) NonClass: 18237K(18688K)->18237K(18688K) Class: 2408K(2688K)->2408K(2688K)
[207.716s][info][gc             ] GC(909) Pause Young (Allocation Failure) 759M->83M(2044M) 0.506ms
[207.716s][info][gc,cpu         ] GC(909) User=0.00s Sys=0.00s Real=0.00s
[207.956s][info][gc,start       ] GC(910) Pause Young (Allocation Failure)
[207.958s][info][gc,heap        ] GC(910) PSYoungGen: 691040K->2755K(694784K)
[207.958s][info][gc,heap        ] GC(910) ParOldGen: 85576K->85600K(1398272K)
[207.958s][info][gc,metaspace   ] GC(910) Metaspace: 20646K(21376K)->20646K(21376K) NonClass: 18237K(18688K)->18237K(18688K) Class: 2408K(2688K)->2408K(2688K)
[207.958s][info][gc             ] GC(910) Pause Young (Allocation Failure) 758M->86M(2044M) 1.883ms
[207.958s][info][gc,cpu         ] GC(910) User=0.00s Sys=0.00s Real=0.00s
[208.209s][info][gc,start       ] GC(911) Pause Young (Allocation Failure)
[208.210s][info][gc,heap        ] GC(911) PSYoungGen: 693443K->2009K(694784K)
[208.210s][info][gc,heap        ] GC(911) ParOldGen: 85600K->85600K(1398272K)
[208.210s][info][gc,metaspace   ] GC(911) Metaspace: 20646K(21376K)->20646K(21376K) NonClass: 18237K(18688K)->18237K(18688K) Class: 2408K(2688K)->2408K(2688K)
[208.210s][info][gc             ] GC(911) Pause Young (Allocation Failure) 760M->85M(2044M) 0.849ms
[208.210s][info][gc,cpu         ] GC(911) User=0.00s Sys=0.00s Real=0.00s
[208.459s][info][gc,start       ] GC(912) Pause Young (Allocation Failure)
[208.460s][info][gc,heap        ] GC(912) PSYoungGen: 692697K->1122K(694784K)
[208.460s][info][gc,heap        ] GC(912) ParOldGen: 85600K->85600K(1398272K)
[208.460s][info][gc,metaspace   ] GC(912) Metaspace: 20646K(21376K)->20646K(21376K) NonClass: 18237K(18688K)->18237K(18688K) Class: 2408K(2688K)->2408K(2688K)
[208.460s][info][gc             ] GC(912) Pause Young (Allocation Failure) 760M->84M(2044M) 0.739ms
[208.460s][info][gc,cpu         ] GC(912) User=0.00s Sys=0.00s Real=0.00s
[208.705s][info][gc,start       ] GC(913) Pause Young (Allocation Failure)
[208.706s][info][gc,heap        ] GC(913) PSYoungGen: 691810K->496K(694784K)
[208.706s][info][gc,heap        ] GC(913) ParOldGen: 85600K->85624K(1398272K)
[208.706s][info][gc,metaspace   ] GC(913) Metaspace: 20646K(21376K)->20646K(21376K) NonClass: 18237K(18688K)->18237K(18688K) Class: 2408K(2688K)->2408K(2688K)
[208.706s][info][gc             ] GC(913) Pause Young (Allocation Failure) 759M->84M(2044M) 0.654ms
[208.706s][info][gc,cpu         ] GC(913) User=0.00s Sys=0.00s Real=0.00s
[208.931s][info][gc,start       ] GC(914) Pause Young (Allocation Failure)
[208.932s][info][gc,heap        ] GC(914) PSYoungGen: 691052K->2437K(694784K)
[208.932s][info][gc,heap        ] GC(914) ParOldGen: 85624K->85624K(1398272K)
[208.932s][info][gc,metaspace   ] GC(914) Metaspace: 20646K(21376K)->20646K(21376K) NonClass: 18237K(18688K)->18237K(18688K) Class: 2408K(2688K)->2408K(2688K)
[208.932s][info][gc             ] GC(914) Pause Young (Allocation Failure) 758M->85M(2044M) 1.080ms
[208.932s][info][gc,cpu         ] GC(914) User=0.00s Sys=0.00s Real=0.00s
[209.162s][info][gc,start       ] GC(915) Pause Young (Allocation Failure)
[209.163s][info][gc,heap        ] GC(915) PSYoungGen: 693125K->1787K(694784K)
[209.163s][info][gc,heap        ] GC(915) ParOldGen: 85624K->85624K(1398272K)
[209.163s][info][gc,metaspace   ] GC(915) Metaspace: 20646K(21376K)->20646K(21376K) NonClass: 18237K(18688K)->18237K(18688K) Class: 2408K(2688K)->2408K(2688K)
[209.163s][info][gc             ] GC(915) Pause Young (Allocation Failure) 760M->85M(2044M) 0.728ms
[209.163s][info][gc,cpu         ] GC(915) User=0.00s Sys=0.00s Real=0.00s
[209.290s][info][gc,start       ] GC(916) Pause Young (System.gc())
[209.290s][info][gc,heap        ] GC(916) PSYoungGen: 375283K->64K(694784K)
[209.290s][info][gc,heap        ] GC(916) ParOldGen: 85624K->85624K(1398272K)
[209.290s][info][gc,metaspace   ] GC(916) Metaspace: 20648K(21376K)->20648K(21376K) NonClass: 18240K(18688K)->18240K(18688K) Class: 2408K(2688K)->2408K(2688K)
[209.290s][info][gc             ] GC(916) Pause Young (System.gc()) 450M->83M(2044M) 0.577ms
[209.290s][info][gc,cpu         ] GC(916) User=0.00s Sys=0.00s Real=0.00s
[209.290s][info][gc,start       ] GC(917) Pause Full (System.gc())
[209.290s][info][gc,phases,start] GC(917) Marking Phase
[209.340s][info][gc,phases      ] GC(917) Marking Phase 49.916ms
[209.340s][info][gc,phases,start] GC(917) Summary Phase
[209.340s][info][gc,phases      ] GC(917) Summary Phase 0.012ms
[209.340s][info][gc,phases,start] GC(917) Adjust Roots
[209.342s][info][gc,phases      ] GC(917) Adjust Roots 1.805ms
[209.342s][info][gc,phases,start] GC(917) Compaction Phase
[209.358s][info][gc,phases      ] GC(917) Compaction Phase 15.743ms
[209.358s][info][gc,phases,start] GC(917) Post Compact
[209.359s][info][gc,phases      ] GC(917) Post Compact 0.520ms
[209.359s][info][gc,heap        ] GC(917) PSYoungGen: 64K->0K(694784K)
[209.359s][info][gc,heap        ] GC(917) ParOldGen: 85624K->85520K(1398272K)
[209.359s][info][gc,metaspace   ] GC(917) Metaspace: 20648K(21376K)->20648K(21376K) NonClass: 18240K(18688K)->18240K(18688K) Class: 2408K(2688K)->2408K(2688K)
[209.359s][info][gc             ] GC(917) Pause Full (System.gc()) 83M->83M(2044M) 68.258ms
[209.359s][info][gc,cpu         ] GC(917) User=0.08s Sys=0.00s Real=0.07s
[209.599s][info][gc,start       ] GC(918) Pause Young (Allocation Failure)
[209.600s][info][gc,heap        ] GC(918) PSYoungGen: 690688K->2289K(694784K)
[209.600s][info][gc,heap        ] GC(918) ParOldGen: 85520K->85520K(1398272K)
[209.600s][info][gc,metaspace   ] GC(918) Metaspace: 20648K(21376K)->20648K(21376K) NonClass: 18240K(18688K)->18240K(18688K) Class: 2408K(2688K)->2408K(2688K)
[209.600s][info][gc             ] GC(918) Pause Young (Allocation Failure) 758M->85M(2044M) 1.659ms
[209.600s][info][gc,cpu         ] GC(918) User=0.00s Sys=0.00s Real=0.00s
[209.828s][info][gc,start       ] GC(919) Pause Young (Allocation Failure)
[209.829s][info][gc,heap        ] GC(919) PSYoungGen: 692948K->1678K(694784K)
[209.829s][info][gc,heap        ] GC(919) ParOldGen: 85520K->85536K(1398272K)
[209.829s][info][gc,metaspace   ] GC(919) Metaspace: 20648K(21376K)->20648K(21376K) NonClass: 18240K(18688K)->18240K(18688K) Class: 2408K(2688K)->2408K(2688K)
[209.829s][info][gc             ] GC(919) Pause Young (Allocation Failure) 760M->85M(2044M) 0.688ms
[209.829s][info][gc,cpu         ] GC(919) User=0.00s Sys=0.00s Real=0.00s
[210.062s][info][gc,start       ] GC(920) Pause Young (Allocation Failure)
[210.063s][info][gc,heap        ] GC(920) PSYoungGen: 692366K->1006K(694784K)
[210.063s][info][gc,heap        ] GC(920) ParOldGen: 85536K->85536K(1398272K)
[210.063s][info][gc,metaspace   ] GC(920) Metaspace: 20648K(21376K)->20648K(21376K) NonClass: 18240K(18688K)->18240K(18688K) Class: 2408K(2688K)->2408K(2688K)
[210.063s][info][gc             ] GC(920) Pause Young (Allocation Failure) 759M->84M(2044M) 0.631ms
[210.063s][info][gc,cpu         ] GC(920) User=0.00s Sys=0.00s Real=0.00s
[210.299s][info][gc,start       ] GC(921) Pause Young (Allocation Failure)
[210.300s][info][gc,heap        ] GC(921) PSYoungGen: 691694K->224K(695296K)
[210.300s][info][gc,heap        ] GC(921) ParOldGen: 85536K->85536K(1398272K)
[210.300s][info][gc,metaspace   ] GC(921) Metaspace: 20648K(21376K)->20648K(21376K) NonClass: 18240K(18688K)->18240K(18688K) Class: 2408K(2688K)->2408K(2688K)
[210.300s][info][gc             ] GC(921) Pause Young (Allocation Failure) 759M->83M(2044M) 0.676ms
[210.300s][info][gc,cpu         ] GC(921) User=0.00s Sys=0.00s Real=0.00s
[210.531s][info][gc,start       ] GC(922) Pause Young (Allocation Failure)
[210.532s][info][gc,heap        ] GC(922) PSYoungGen: 691936K->2462K(694272K)
[210.533s][info][gc,heap        ] GC(922) ParOldGen: 85536K->85560K(1398272K)
[210.533s][info][gc,metaspace   ] GC(922) Metaspace: 20648K(21376K)->20648K(21376K) NonClass: 18240K(18688K)->18240K(18688K) Class: 2408K(2688K)->2408K(2688K)
[210.533s][info][gc             ] GC(922) Pause Young (Allocation Failure) 759M->85M(2043M) 1.348ms
[210.533s][info][gc,cpu         ] GC(922) User=0.00s Sys=0.00s Real=0.00s
[210.769s][info][gc,start       ] GC(923) Pause Young (Allocation Failure)
[210.770s][info][gc,heap        ] GC(923) PSYoungGen: 694174K->1861K(694784K)
[210.770s][info][gc,heap        ] GC(923) ParOldGen: 85560K->85560K(1398272K)
[210.770s][info][gc,metaspace   ] GC(923) Metaspace: 20648K(21376K)->20648K(21376K) NonClass: 18240K(18688K)->18240K(18688K) Class: 2408K(2688K)->2408K(2688K)
[210.770s][info][gc             ] GC(923) Pause Young (Allocation Failure) 761M->85M(2044M) 1.043ms
[210.770s][info][gc,cpu         ] GC(923) User=0.00s Sys=0.00s Real=0.00s
[211.003s][info][gc,start       ] GC(924) Pause Young (Allocation Failure)
[211.004s][info][gc,heap        ] GC(924) PSYoungGen: 692549K->1393K(694784K)
[211.004s][info][gc,heap        ] GC(924) ParOldGen: 85560K->85560K(1398272K)
[211.004s][info][gc,metaspace   ] GC(924) Metaspace: 20648K(21376K)->20648K(21376K) NonClass: 18240K(18688K)->18240K(18688K) Class: 2408K(2688K)->2408K(2688K)
[211.004s][info][gc             ] GC(924) Pause Young (Allocation Failure) 759M->84M(2044M) 0.744ms
[211.004s][info][gc,cpu         ] GC(924) User=0.00s Sys=0.00s Real=0.00s
[211.233s][info][gc,start       ] GC(925) Pause Young (Allocation Failure)
[211.234s][info][gc,heap        ] GC(925) PSYoungGen: 692081K->528K(695296K)
[211.234s][info][gc,heap        ] GC(925) ParOldGen: 85560K->85560K(1398272K)
[211.234s][info][gc,metaspace   ] GC(925) Metaspace: 20650K(21376K)->20650K(21376K) NonClass: 18241K(18688K)->18241K(18688K) Class: 2408K(2688K)->2408K(2688K)
[211.234s][info][gc             ] GC(925) Pause Young (Allocation Failure) 759M->84M(2044M) 0.858ms
[211.234s][info][gc,cpu         ] GC(925) User=0.00s Sys=0.00s Real=0.00s
[211.497s][info][gc,start       ] GC(926) Pause Young (Allocation Failure)
[211.499s][info][gc,heap        ] GC(926) PSYoungGen: 692240K->2828K(694784K)
[211.499s][info][gc,heap        ] GC(926) ParOldGen: 85560K->85584K(1398272K)
[211.499s][info][gc,metaspace   ] GC(926) Metaspace: 20650K(21376K)->20650K(21376K) NonClass: 18241K(18688K)->18241K(18688K) Class: 2408K(2688K)->2408K(2688K)
[211.499s][info][gc             ] GC(926) Pause Young (Allocation Failure) 759M->86M(2044M) 1.551ms
[211.499s][info][gc,cpu         ] GC(926) User=0.00s Sys=0.02s Real=0.00s
[211.745s][info][gc,start       ] GC(927) Pause Young (Allocation Failure)
[211.746s][info][gc,heap        ] GC(927) PSYoungGen: 694540K->2251K(694784K)
[211.746s][info][gc,heap        ] GC(927) ParOldGen: 85584K->85584K(1398272K)
[211.746s][info][gc,metaspace   ] GC(927) Metaspace: 20650K(21376K)->20650K(21376K) NonClass: 18241K(18688K)->18241K(18688K) Class: 2408K(2688K)->2408K(2688K)
[211.746s][info][gc             ] GC(927) Pause Young (Allocation Failure) 761M->85M(2044M) 0.804ms
[211.746s][info][gc,cpu         ] GC(927) User=0.00s Sys=0.00s Real=0.00s
[211.978s][info][gc,start       ] GC(928) Pause Young (Allocation Failure)
[211.979s][info][gc,heap        ] GC(928) PSYoungGen: 692939K->1569K(694784K)
[211.979s][info][gc,heap        ] GC(928) ParOldGen: 85584K->85584K(1398272K)
[211.979s][info][gc,metaspace   ] GC(928) Metaspace: 20650K(21376K)->20650K(21376K) NonClass: 18241K(18688K)->18241K(18688K) Class: 2408K(2688K)->2408K(2688K)
[211.979s][info][gc             ] GC(928) Pause Young (Allocation Failure) 760M->85M(2044M) 0.611ms
[211.979s][info][gc,cpu         ] GC(928) User=0.00s Sys=0.00s Real=0.00s
[212.216s][info][gc,start       ] GC(929) Pause Young (Allocation Failure)
[212.217s][info][gc,heap        ] GC(929) PSYoungGen: 692257K->761K(695296K)
[212.217s][info][gc,heap        ] GC(929) ParOldGen: 85584K->85608K(1398272K)
[212.217s][info][gc,metaspace   ] GC(929) Metaspace: 20650K(21376K)->20650K(21376K) NonClass: 18241K(18688K)->18241K(18688K) Class: 2408K(2688K)->2408K(2688K)
[212.217s][info][gc             ] GC(929) Pause Young (Allocation Failure) 759M->84M(2044M) 0.626ms
[212.217s][info][gc,cpu         ] GC(929) User=0.00s Sys=0.00s Real=0.00s
[212.450s][info][gc,start       ] GC(930) Pause Young (Allocation Failure)
[212.452s][info][gc,heap        ] GC(930) PSYoungGen: 691961K->2960K(694784K)
[212.452s][info][gc,heap        ] GC(930) ParOldGen: 85608K->85608K(1398272K)
[212.452s][info][gc,metaspace   ] GC(930) Metaspace: 20650K(21376K)->20650K(21376K) NonClass: 18241K(18688K)->18241K(18688K) Class: 2408K(2688K)->2408K(2688K)
[212.452s][info][gc             ] GC(930) Pause Young (Allocation Failure) 759M->86M(2044M) 1.988ms
[212.452s][info][gc,cpu         ] GC(930) User=0.00s Sys=0.00s Real=0.00s
[212.707s][info][gc,start       ] GC(931) Pause Young (Allocation Failure)
[212.708s][info][gc,heap        ] GC(931) PSYoungGen: 694160K->2462K(694784K)
[212.708s][info][gc,heap        ] GC(931) ParOldGen: 85608K->85608K(1398272K)
[212.708s][info][gc,metaspace   ] GC(931) Metaspace: 20650K(21376K)->20650K(21376K) NonClass: 18241K(18688K)->18241K(18688K) Class: 2408K(2688K)->2408K(2688K)
[212.708s][info][gc             ] GC(931) Pause Young (Allocation Failure) 761M->86M(2044M) 1.243ms
[212.708s][info][gc,cpu         ] GC(931) User=0.00s Sys=0.00s Real=0.00s
[212.837s][info][gc,start       ] GC(932) Pause Young (System.gc())
[212.837s][info][gc,heap        ] GC(932) PSYoungGen: 371677K->64K(694784K)
[212.837s][info][gc,heap        ] GC(932) ParOldGen: 85608K->85608K(1398272K)
[212.837s][info][gc,metaspace   ] GC(932) Metaspace: 20650K(21376K)->20650K(21376K) NonClass: 18241K(18688K)->18241K(18688K) Class: 2408K(2688K)->2408K(2688K)
[212.837s][info][gc             ] GC(932) Pause Young (System.gc()) 446M->83M(2044M) 0.493ms
[212.837s][info][gc,cpu         ] GC(932) User=0.00s Sys=0.00s Real=0.00s
[212.837s][info][gc,start       ] GC(933) Pause Full (System.gc())
[212.838s][info][gc,phases,start] GC(933) Marking Phase
[212.889s][info][gc,phases      ] GC(933) Marking Phase 51.765ms
[212.889s][info][gc,phases,start] GC(933) Summary Phase
[212.889s][info][gc,phases      ] GC(933) Summary Phase 0.012ms
[212.889s][info][gc,phases,start] GC(933) Adjust Roots
[212.891s][info][gc,phases      ] GC(933) Adjust Roots 1.561ms
[212.891s][info][gc,phases,start] GC(933) Compaction Phase
[212.906s][info][gc,phases      ] GC(933) Compaction Phase 14.636ms
[212.906s][info][gc,phases,start] GC(933) Post Compact
[212.906s][info][gc,phases      ] GC(933) Post Compact 0.686ms
[212.906s][info][gc,heap        ] GC(933) PSYoungGen: 64K->0K(694784K)
[212.906s][info][gc,heap        ] GC(933) ParOldGen: 85608K->85520K(1398272K)
[212.906s][info][gc,metaspace   ] GC(933) Metaspace: 20650K(21376K)->20650K(21376K) NonClass: 18241K(18688K)->18241K(18688K) Class: 2408K(2688K)->2408K(2688K)
[212.907s][info][gc             ] GC(933) Pause Full (System.gc()) 83M->83M(2044M) 69.002ms
[212.907s][info][gc,cpu         ] GC(933) User=0.06s Sys=0.00s Real=0.07s
[213.142s][info][gc,start       ] GC(934) Pause Young (Allocation Failure)
[213.143s][info][gc,heap        ] GC(934) PSYoungGen: 690688K->2682K(693760K)
[213.143s][info][gc,heap        ] GC(934) ParOldGen: 85520K->85520K(1398272K)
[213.143s][info][gc,metaspace   ] GC(934) Metaspace: 20650K(21376K)->20650K(21376K) NonClass: 18241K(18688K)->18241K(18688K) Class: 2408K(2688K)->2408K(2688K)
[213.143s][info][gc             ] GC(934) Pause Young (Allocation Failure) 758M->86M(2043M) 1.066ms
[213.143s][info][gc,cpu         ] GC(934) User=0.00s Sys=0.00s Real=0.00s
[213.373s][info][gc,start       ] GC(935) Pause Young (Allocation Failure)
[213.374s][info][gc,heap        ] GC(935) PSYoungGen: 692346K->1780K(694272K)
[213.374s][info][gc,heap        ] GC(935) ParOldGen: 85520K->85552K(1398272K)
[213.374s][info][gc,metaspace   ] GC(935) Metaspace: 20650K(21376K)->20650K(21376K) NonClass: 18241K(18688K)->18241K(18688K) Class: 2408K(2688K)->2408K(2688K)
[213.374s][info][gc             ] GC(935) Pause Young (Allocation Failure) 759M->85M(2043M) 0.647ms
[213.374s][info][gc,cpu         ] GC(935) User=0.00s Sys=0.00s Real=0.00s
[213.607s][info][gc,start       ] GC(936) Pause Young (Allocation Failure)
[213.608s][info][gc,heap        ] GC(936) PSYoungGen: 691444K->1190K(694784K)
[213.608s][info][gc,heap        ] GC(936) ParOldGen: 85552K->85552K(1398272K)
[213.608s][info][gc,metaspace   ] GC(936) Metaspace: 20650K(21376K)->20650K(21376K) NonClass: 18241K(18688K)->18241K(18688K) Class: 2408K(2688K)->2408K(2688K)
[213.608s][info][gc             ] GC(936) Pause Young (Allocation Failure) 758M->84M(2044M) 0.603ms
[213.608s][info][gc,cpu         ] GC(936) User=0.00s Sys=0.02s Real=0.00s
[213.841s][info][gc,start       ] GC(937) Pause Young (Allocation Failure)
[213.841s][info][gc,heap        ] GC(937) PSYoungGen: 691878K->160K(694784K)
[213.841s][info][gc,heap        ] GC(937) ParOldGen: 85552K->85552K(1398272K)
[213.841s][info][gc,metaspace   ] GC(937) Metaspace: 20650K(21376K)->20650K(21376K) NonClass: 18241K(18688K)->18241K(18688K) Class: 2408K(2688K)->2408K(2688K)
[213.841s][info][gc             ] GC(937) Pause Young (Allocation Failure) 759M->83M(2044M) 0.460ms
[213.841s][info][gc,cpu         ] GC(937) User=0.00s Sys=0.00s Real=0.00s
[214.076s][info][gc,start       ] GC(938) Pause Young (Allocation Failure)
[214.076s][info][gc,heap        ] GC(938) PSYoungGen: 690848K->2453K(694784K)
[214.077s][info][gc,heap        ] GC(938) ParOldGen: 85552K->85584K(1398272K)
[214.077s][info][gc,metaspace   ] GC(938) Metaspace: 20650K(21376K)->20650K(21376K) NonClass: 18241K(18688K)->18241K(18688K) Class: 2408K(2688K)->2408K(2688K)
[214.077s][info][gc             ] GC(938) Pause Young (Allocation Failure) 758M->85M(2044M) 1.018ms
[214.077s][info][gc,cpu         ] GC(938) User=0.02s Sys=0.00s Real=0.00s
[214.307s][info][gc,start       ] GC(939) Pause Young (Allocation Failure)
[214.307s][info][gc,heap        ] GC(939) PSYoungGen: 693141K->1848K(694784K)
[214.307s][info][gc,heap        ] GC(939) ParOldGen: 85584K->85584K(1398272K)
[214.307s][info][gc,metaspace   ] GC(939) Metaspace: 20650K(21376K)->20650K(21376K) NonClass: 18241K(18688K)->18241K(18688K) Class: 2408K(2688K)->2408K(2688K)
[214.307s][info][gc             ] GC(939) Pause Young (Allocation Failure) 760M->85M(2044M) 0.881ms
[214.308s][info][gc,cpu         ] GC(939) User=0.00s Sys=0.00s Real=0.00s
[214.544s][info][gc,start       ] GC(940) Pause Young (Allocation Failure)
[214.545s][info][gc,heap        ] GC(940) PSYoungGen: 692536K->1130K(694784K)
[214.545s][info][gc,heap        ] GC(940) ParOldGen: 85584K->85584K(1398272K)
[214.545s][info][gc,metaspace   ] GC(940) Metaspace: 20650K(21376K)->20650K(21376K) NonClass: 18241K(18688K)->18241K(18688K) Class: 2408K(2688K)->2408K(2688K)
[214.545s][info][gc             ] GC(940) Pause Young (Allocation Failure) 759M->84M(2044M) 0.663ms
[214.545s][info][gc,cpu         ] GC(940) User=0.00s Sys=0.00s Real=0.00s
[214.782s][info][gc,start       ] GC(941) Pause Young (Allocation Failure)
[214.782s][info][gc,heap        ] GC(941) PSYoungGen: 691818K->600K(694784K)
[214.782s][info][gc,heap        ] GC(941) ParOldGen: 85584K->85584K(1398272K)
[214.782s][info][gc,metaspace   ] GC(941) Metaspace: 20650K(21376K)->20650K(21376K) NonClass: 18241K(18688K)->18241K(18688K) Class: 2408K(2688K)->2408K(2688K)
[214.782s][info][gc             ] GC(941) Pause Young (Allocation Failure) 759M->84M(2044M) 0.691ms
[214.782s][info][gc,cpu         ] GC(941) User=0.00s Sys=0.00s Real=0.00s
[215.005s][info][gc,start       ] GC(942) Pause Young (Allocation Failure)
[215.007s][info][gc,heap        ] GC(942) PSYoungGen: 691196K->2975K(694784K)
[215.007s][info][gc,heap        ] GC(942) ParOldGen: 85584K->85608K(1398272K)
[215.007s][info][gc,metaspace   ] GC(942) Metaspace: 20650K(21376K)->20650K(21376K) NonClass: 18241K(18688K)->18241K(18688K) Class: 2408K(2688K)->2408K(2688K)
[215.007s][info][gc             ] GC(942) Pause Young (Allocation Failure) 758M->86M(2044M) 1.331ms
[215.007s][info][gc,cpu         ] GC(942) User=0.00s Sys=0.00s Real=0.00s
[215.237s][info][gc,start       ] GC(943) Pause Young (Allocation Failure)
[215.238s][info][gc,heap        ] GC(943) PSYoungGen: 693663K->2165K(694784K)
[215.238s][info][gc,heap        ] GC(943) ParOldGen: 85608K->85608K(1398272K)
[215.238s][info][gc,metaspace   ] GC(943) Metaspace: 20650K(21376K)->20650K(21376K) NonClass: 18241K(18688K)->18241K(18688K) Class: 2408K(2688K)->2408K(2688K)
[215.238s][info][gc             ] GC(943) Pause Young (Allocation Failure) 761M->85M(2044M) 0.806ms
[215.238s][info][gc,cpu         ] GC(943) User=0.00s Sys=0.00s Real=0.00s
[215.465s][info][gc,start       ] GC(944) Pause Young (Allocation Failure)
[215.466s][info][gc,heap        ] GC(944) PSYoungGen: 692853K->1494K(694784K)
[215.466s][info][gc,heap        ] GC(944) ParOldGen: 85608K->85608K(1398272K)
[215.466s][info][gc,metaspace   ] GC(944) Metaspace: 20650K(21376K)->20650K(21376K) NonClass: 18241K(18688K)->18241K(18688K) Class: 2408K(2688K)->2408K(2688K)
[215.466s][info][gc             ] GC(944) Pause Young (Allocation Failure) 760M->85M(2044M) 0.983ms
[215.466s][info][gc,cpu         ] GC(944) User=0.00s Sys=0.00s Real=0.00s
[215.704s][info][gc,start       ] GC(945) Pause Young (Allocation Failure)
[215.705s][info][gc,heap        ] GC(945) PSYoungGen: 692182K->594K(694784K)
[215.705s][info][gc,heap        ] GC(945) ParOldGen: 85608K->85624K(1398272K)
[215.705s][info][gc,metaspace   ] GC(945) Metaspace: 20650K(21376K)->20650K(21376K) NonClass: 18241K(18688K)->18241K(18688K) Class: 2408K(2688K)->2408K(2688K)
[215.705s][info][gc             ] GC(945) Pause Young (Allocation Failure) 759M->84M(2044M) 0.564ms
[215.705s][info][gc,cpu         ] GC(945) User=0.00s Sys=0.00s Real=0.00s
[215.927s][info][gc,start       ] GC(946) Pause Young (Allocation Failure)
[215.928s][info][gc,heap        ] GC(946) PSYoungGen: 691256K->2923K(694784K)
[215.928s][info][gc,heap        ] GC(946) ParOldGen: 85624K->85624K(1398272K)
[215.928s][info][gc,metaspace   ] GC(946) Metaspace: 20650K(21376K)->20650K(21376K) NonClass: 18241K(18688K)->18241K(18688K) Class: 2408K(2688K)->2408K(2688K)
[215.928s][info][gc             ] GC(946) Pause Young (Allocation Failure) 758M->86M(2044M) 1.382ms
[215.928s][info][gc,cpu         ] GC(946) User=0.00s Sys=0.00s Real=0.00s
[216.157s][info][gc,start       ] GC(947) Pause Young (Allocation Failure)
[216.158s][info][gc,heap        ] GC(947) PSYoungGen: 693611K->2086K(694784K)
[216.158s][info][gc,heap        ] GC(947) ParOldGen: 85624K->85624K(1398272K)
[216.158s][info][gc,metaspace   ] GC(947) Metaspace: 20650K(21376K)->20650K(21376K) NonClass: 18241K(18688K)->18241K(18688K) Class: 2408K(2688K)->2408K(2688K)
[216.158s][info][gc             ] GC(947) Pause Young (Allocation Failure) 760M->85M(2044M) 0.910ms
[216.158s][info][gc,cpu         ] GC(947) User=0.00s Sys=0.00s Real=0.00s
[216.285s][info][gc,start       ] GC(948) Pause Young (System.gc())
[216.285s][info][gc,heap        ] GC(948) PSYoungGen: 373623K->64K(694784K)
[216.285s][info][gc,heap        ] GC(948) ParOldGen: 85624K->85624K(1398272K)
[216.285s][info][gc,metaspace   ] GC(948) Metaspace: 20650K(21376K)->20650K(21376K) NonClass: 18241K(18688K)->18241K(18688K) Class: 2408K(2688K)->2408K(2688K)
[216.285s][info][gc             ] GC(948) Pause Young (System.gc()) 448M->83M(2044M) 0.462ms
[216.285s][info][gc,cpu         ] GC(948) User=0.00s Sys=0.00s Real=0.00s
[216.285s][info][gc,start       ] GC(949) Pause Full (System.gc())
[216.285s][info][gc,phases,start] GC(949) Marking Phase
[216.341s][info][gc,phases      ] GC(949) Marking Phase 55.130ms
[216.341s][info][gc,phases,start] GC(949) Summary Phase
[216.341s][info][gc,phases      ] GC(949) Summary Phase 0.011ms
[216.341s][info][gc,phases,start] GC(949) Adjust Roots
[216.342s][info][gc,phases      ] GC(949) Adjust Roots 1.466ms
[216.342s][info][gc,phases,start] GC(949) Compaction Phase
[216.355s][info][gc,phases      ] GC(949) Compaction Phase 12.989ms
[216.355s][info][gc,phases,start] GC(949) Post Compact
[216.356s][info][gc,phases      ] GC(949) Post Compact 0.625ms
[216.356s][info][gc,heap        ] GC(949) PSYoungGen: 64K->0K(694784K)
[216.356s][info][gc,heap        ] GC(949) ParOldGen: 85624K->85520K(1398272K)
[216.356s][info][gc,metaspace   ] GC(949) Metaspace: 20650K(21376K)->20650K(21376K) NonClass: 18241K(18688K)->18241K(18688K) Class: 2408K(2688K)->2408K(2688K)
[216.356s][info][gc             ] GC(949) Pause Full (System.gc()) 83M->83M(2044M) 70.544ms
[216.356s][info][gc,cpu         ] GC(949) User=0.20s Sys=0.00s Real=0.07s
[216.601s][info][gc,start       ] GC(950) Pause Young (Allocation Failure)
[216.602s][info][gc,heap        ] GC(950) PSYoungGen: 690688K->2097K(694784K)
[216.602s][info][gc,heap        ] GC(950) ParOldGen: 85520K->85520K(1398272K)
[216.602s][info][gc,metaspace   ] GC(950) Metaspace: 20650K(21376K)->20650K(21376K) NonClass: 18241K(18688K)->18241K(18688K) Class: 2408K(2688K)->2408K(2688K)
[216.602s][info][gc             ] GC(950) Pause Young (Allocation Failure) 758M->85M(2044M) 0.798ms
[216.602s][info][gc,cpu         ] GC(950) User=0.00s Sys=0.00s Real=0.00s
[216.841s][info][gc,start       ] GC(951) Pause Young (Allocation Failure)
[216.841s][info][gc,heap        ] GC(951) PSYoungGen: 692785K->1735K(694784K)
[216.841s][info][gc,heap        ] GC(951) ParOldGen: 85520K->85544K(1398272K)
[216.841s][info][gc,metaspace   ] GC(951) Metaspace: 20650K(21376K)->20650K(21376K) NonClass: 18241K(18688K)->18241K(18688K) Class: 2408K(2688K)->2408K(2688K)
[216.841s][info][gc             ] GC(951) Pause Young (Allocation Failure) 760M->85M(2044M) 0.658ms
[216.841s][info][gc,cpu         ] GC(951) User=0.00s Sys=0.00s Real=0.00s
[217.080s][info][gc,start       ] GC(952) Pause Young (Allocation Failure)
[217.081s][info][gc,heap        ] GC(952) PSYoungGen: 692423K->851K(694784K)
[217.081s][info][gc,heap        ] GC(952) ParOldGen: 85544K->85544K(1398272K)
[217.081s][info][gc,metaspace   ] GC(952) Metaspace: 20650K(21376K)->20650K(21376K) NonClass: 18241K(18688K)->18241K(18688K) Class: 2408K(2688K)->2408K(2688K)
[217.081s][info][gc             ] GC(952) Pause Young (Allocation Failure) 759M->84M(2044M) 0.808ms
[217.081s][info][gc,cpu         ] GC(952) User=0.00s Sys=0.00s Real=0.00s
[217.311s][info][gc,start       ] GC(953) Pause Young (Allocation Failure)
[217.313s][info][gc,heap        ] GC(953) PSYoungGen: 691539K->2049K(694784K)
[217.313s][info][gc,heap        ] GC(953) ParOldGen: 85544K->85544K(1398272K)
[217.313s][info][gc,metaspace   ] GC(953) Metaspace: 20650K(21376K)->20650K(21376K) NonClass: 18241K(18688K)->18241K(18688K) Class: 2408K(2688K)->2408K(2688K)
[217.314s][info][gc             ] GC(953) Pause Young (Allocation Failure) 758M->85M(2044M) 2.425ms
[217.314s][info][gc,cpu         ] GC(953) User=0.00s Sys=0.00s Real=0.00s
[217.554s][info][gc,start       ] GC(954) Pause Young (Allocation Failure)
[217.555s][info][gc,heap        ] GC(954) PSYoungGen: 692737K->2687K(694784K)
[217.555s][info][gc,heap        ] GC(954) ParOldGen: 85544K->85568K(1398272K)
[217.555s][info][gc,metaspace   ] GC(954) Metaspace: 20650K(21376K)->20650K(21376K) NonClass: 18241K(18688K)->18241K(18688K) Class: 2408K(2688K)->2408K(2688K)
[217.555s][info][gc             ] GC(954) Pause Young (Allocation Failure) 760M->86M(2044M) 1.063ms
[217.556s][info][gc,cpu         ] GC(954) User=0.00s Sys=0.00s Real=0.00s
[217.801s][info][gc,start       ] GC(955) Pause Young (Allocation Failure)
[217.802s][info][gc,heap        ] GC(955) PSYoungGen: 693375K->1569K(694784K)
[217.802s][info][gc,heap        ] GC(955) ParOldGen: 85568K->85568K(1398272K)
[217.802s][info][gc,metaspace   ] GC(955) Metaspace: 20650K(21376K)->20650K(21376K) NonClass: 18241K(18688K)->18241K(18688K) Class: 2408K(2688K)->2408K(2688K)
[217.802s][info][gc             ] GC(955) Pause Young (Allocation Failure) 760M->85M(2044M) 0.767ms
[217.802s][info][gc,cpu         ] GC(955) User=0.00s Sys=0.00s Real=0.00s
[218.037s][info][gc,start       ] GC(956) Pause Young (Allocation Failure)
[218.038s][info][gc,heap        ] GC(956) PSYoungGen: 692257K->874K(694784K)
[218.038s][info][gc,heap        ] GC(956) ParOldGen: 85568K->85568K(1398272K)
[218.038s][info][gc,metaspace   ] GC(956) Metaspace: 20650K(21376K)->20650K(21376K) NonClass: 18241K(18688K)->18241K(18688K) Class: 2408K(2688K)->2408K(2688K)
[218.038s][info][gc             ] GC(956) Pause Young (Allocation Failure) 759M->84M(2044M) 0.644ms
[218.038s][info][gc,cpu         ] GC(956) User=0.00s Sys=0.00s Real=0.00s
[218.286s][info][gc,start       ] GC(957) Pause Young (Allocation Failure)
[218.286s][info][gc,heap        ] GC(957) PSYoungGen: 691562K->160K(694784K)
[218.286s][info][gc,heap        ] GC(957) ParOldGen: 85568K->85568K(1398272K)
[218.286s][info][gc,metaspace   ] GC(957) Metaspace: 20650K(21376K)->20650K(21376K) NonClass: 18241K(18688K)->18241K(18688K) Class: 2408K(2688K)->2408K(2688K)
[218.286s][info][gc             ] GC(957) Pause Young (Allocation Failure) 758M->83M(2044M) 0.462ms
[218.286s][info][gc,cpu         ] GC(957) User=0.00s Sys=0.00s Real=0.00s
[218.527s][info][gc,start       ] GC(958) Pause Young (Allocation Failure)
[218.529s][info][gc,heap        ] GC(958) PSYoungGen: 690814K->2265K(694784K)
[218.529s][info][gc,heap        ] GC(958) ParOldGen: 85568K->85584K(1398272K)
[218.529s][info][gc,metaspace   ] GC(958) Metaspace: 20650K(21376K)->20650K(21376K) NonClass: 18241K(18688K)->18241K(18688K) Class: 2408K(2688K)->2408K(2688K)
[218.529s][info][gc             ] GC(958) Pause Young (Allocation Failure) 758M->85M(2044M) 1.594ms
[218.529s][info][gc,cpu         ] GC(958) User=0.00s Sys=0.00s Real=0.00s
[218.771s][info][gc,start       ] GC(959) Pause Young (Allocation Failure)
[218.771s][info][gc,heap        ] GC(959) PSYoungGen: 692953K->1877K(694784K)
[218.771s][info][gc,heap        ] GC(959) ParOldGen: 85584K->85584K(1398272K)
[218.771s][info][gc,metaspace   ] GC(959) Metaspace: 20650K(21376K)->20650K(21376K) NonClass: 18241K(18688K)->18241K(18688K) Class: 2408K(2688K)->2408K(2688K)
[218.771s][info][gc             ] GC(959) Pause Young (Allocation Failure) 760M->85M(2044M) 0.767ms
[218.771s][info][gc,cpu         ] GC(959) User=0.00s Sys=0.00s Real=0.00s
[219.004s][info][gc,start       ] GC(960) Pause Young (Allocation Failure)
[219.005s][info][gc,heap        ] GC(960) PSYoungGen: 692565K->864K(694784K)
[219.005s][info][gc,heap        ] GC(960) ParOldGen: 85584K->85584K(1398272K)
[219.005s][info][gc,metaspace   ] GC(960) Metaspace: 20650K(21376K)->20650K(21376K) NonClass: 18241K(18688K)->18241K(18688K) Class: 2408K(2688K)->2408K(2688K)
[219.005s][info][gc             ] GC(960) Pause Young (Allocation Failure) 759M->84M(2044M) 0.689ms
[219.005s][info][gc,cpu         ] GC(960) User=0.00s Sys=0.00s Real=0.00s
[219.246s][info][gc,start       ] GC(961) Pause Young (Allocation Failure)
[219.246s][info][gc,heap        ] GC(961) PSYoungGen: 691552K->192K(695296K)
[219.246s][info][gc,heap        ] GC(961) ParOldGen: 85584K->85600K(1398272K)
[219.246s][info][gc,metaspace   ] GC(961) Metaspace: 20650K(21376K)->20650K(21376K) NonClass: 18241K(18688K)->18241K(18688K) Class: 2408K(2688K)->2408K(2688K)
[219.247s][info][gc             ] GC(961) Pause Young (Allocation Failure) 758M->83M(2044M) 0.585ms
[219.247s][info][gc,cpu         ] GC(961) User=0.00s Sys=0.00s Real=0.00s
[219.476s][info][gc,start       ] GC(962) Pause Young (Allocation Failure)
[219.477s][info][gc,heap        ] GC(962) PSYoungGen: 691904K->2049K(694272K)
[219.477s][info][gc,heap        ] GC(962) ParOldGen: 85600K->85600K(1398272K)
[219.477s][info][gc,metaspace   ] GC(962) Metaspace: 20650K(21376K)->20650K(21376K) NonClass: 18241K(18688K)->18241K(18688K) Class: 2408K(2688K)->2408K(2688K)
[219.477s][info][gc             ] GC(962) Pause Young (Allocation Failure) 759M->85M(2043M) 1.316ms
[219.477s][info][gc,cpu         ] GC(962) User=0.00s Sys=0.00s Real=0.00s
[219.723s][info][gc,start       ] GC(963) Pause Young (Allocation Failure)
[219.724s][info][gc,heap        ] GC(963) PSYoungGen: 693761K->1742K(695296K)
[219.724s][info][gc,heap        ] GC(963) ParOldGen: 85600K->85600K(1398272K)
[219.724s][info][gc,metaspace   ] GC(963) Metaspace: 20650K(21376K)->20650K(21376K) NonClass: 18241K(18688K)->18241K(18688K) Class: 2408K(2688K)->2408K(2688K)
[219.724s][info][gc             ] GC(963) Pause Young (Allocation Failure) 761M->85M(2044M) 0.807ms
[219.724s][info][gc,cpu         ] GC(963) User=0.00s Sys=0.00s Real=0.00s
[219.854s][info][gc,start       ] GC(964) Pause Young (System.gc())
[219.854s][info][gc,heap        ] GC(964) PSYoungGen: 374180K->32K(694784K)
[219.854s][info][gc,heap        ] GC(964) ParOldGen: 85600K->85600K(1398272K)
[219.854s][info][gc,metaspace   ] GC(964) Metaspace: 20650K(21376K)->20650K(21376K) NonClass: 18241K(18688K)->18241K(18688K) Class: 2408K(2688K)->2408K(2688K)
[219.854s][info][gc             ] GC(964) Pause Young (System.gc()) 449M->83M(2044M) 0.527ms
[219.854s][info][gc,cpu         ] GC(964) User=0.00s Sys=0.00s Real=0.00s
[219.855s][info][gc,start       ] GC(965) Pause Full (System.gc())
[219.855s][info][gc,phases,start] GC(965) Marking Phase
[219.926s][info][gc,phases      ] GC(965) Marking Phase 71.359ms
[219.926s][info][gc,phases,start] GC(965) Summary Phase
[219.926s][info][gc,phases      ] GC(965) Summary Phase 0.012ms
[219.926s][info][gc,phases,start] GC(965) Adjust Roots
[219.928s][info][gc,phases      ] GC(965) Adjust Roots 1.653ms
[219.928s][info][gc,phases,start] GC(965) Compaction Phase
[219.941s][info][gc,phases      ] GC(965) Compaction Phase 12.842ms
[219.941s][info][gc,phases,start] GC(965) Post Compact
[219.941s][info][gc,phases      ] GC(965) Post Compact 0.566ms
[219.941s][info][gc,heap        ] GC(965) PSYoungGen: 32K->0K(694784K)
[219.941s][info][gc,heap        ] GC(965) ParOldGen: 85600K->85520K(1398272K)
[219.941s][info][gc,metaspace   ] GC(965) Metaspace: 20650K(21376K)->20650K(21376K) NonClass: 18241K(18688K)->18241K(18688K) Class: 2408K(2688K)->2408K(2688K)
[219.941s][info][gc             ] GC(965) Pause Full (System.gc()) 83M->83M(2044M) 86.775ms
[219.941s][info][gc,cpu         ] GC(965) User=0.33s Sys=0.00s Real=0.09s
[220.179s][info][gc,start       ] GC(966) Pause Young (Allocation Failure)
[220.180s][info][gc,heap        ] GC(966) PSYoungGen: 691178K->2526K(694272K)
[220.180s][info][gc,heap        ] GC(966) ParOldGen: 85520K->85520K(1398272K)
[220.180s][info][gc,metaspace   ] GC(966) Metaspace: 20650K(21376K)->20650K(21376K) NonClass: 18241K(18688K)->18241K(18688K) Class: 2408K(2688K)->2408K(2688K)
[220.180s][info][gc             ] GC(966) Pause Young (Allocation Failure) 758M->85M(2043M) 1.481ms
[220.180s][info][gc,cpu         ] GC(966) User=0.00s Sys=0.00s Real=0.00s
[220.417s][info][gc,start       ] GC(967) Pause Young (Allocation Failure)
[220.418s][info][gc,heap        ] GC(967) PSYoungGen: 693214K->1987K(694784K)
[220.418s][info][gc,heap        ] GC(967) ParOldGen: 85520K->85536K(1398272K)
[220.418s][info][gc,metaspace   ] GC(967) Metaspace: 20650K(21376K)->20650K(21376K) NonClass: 18241K(18688K)->18241K(18688K) Class: 2408K(2688K)->2408K(2688K)
[220.418s][info][gc             ] GC(967) Pause Young (Allocation Failure) 760M->85M(2044M) 0.686ms
[220.418s][info][gc,cpu         ] GC(967) User=0.00s Sys=0.00s Real=0.00s
[220.688s][info][gc,start       ] GC(968) Pause Young (Allocation Failure)
[220.689s][info][gc,heap        ] GC(968) PSYoungGen: 692675K->1064K(695296K)
[220.689s][info][gc,heap        ] GC(968) ParOldGen: 85536K->85536K(1398272K)
[220.689s][info][gc,metaspace   ] GC(968) Metaspace: 20650K(21376K)->20650K(21376K) NonClass: 18241K(18688K)->18241K(18688K) Class: 2408K(2688K)->2408K(2688K)
[220.689s][info][gc             ] GC(968) Pause Young (Allocation Failure) 759M->84M(2044M) 0.677ms
[220.689s][info][gc,cpu         ] GC(968) User=0.00s Sys=0.00s Real=0.00s
[220.925s][info][gc,start       ] GC(969) Pause Young (Allocation Failure)
[220.926s][info][gc,heap        ] GC(969) PSYoungGen: 692264K->256K(694784K)
[220.926s][info][gc,heap        ] GC(969) ParOldGen: 85536K->85536K(1398272K)
[220.926s][info][gc,metaspace   ] GC(969) Metaspace: 20650K(21376K)->20650K(21376K) NonClass: 18241K(18688K)->18241K(18688K) Class: 2408K(2688K)->2408K(2688K)
[220.926s][info][gc             ] GC(969) Pause Young (Allocation Failure) 759M->83M(2044M) 0.867ms
[220.926s][info][gc,cpu         ] GC(969) User=0.00s Sys=0.00s Real=0.00s
[221.156s][info][gc,start       ] GC(970) Pause Young (Allocation Failure)
[221.157s][info][gc,heap        ] GC(970) PSYoungGen: 691456K->2185K(694272K)
[221.157s][info][gc,heap        ] GC(970) ParOldGen: 85536K->85576K(1398272K)
[221.157s][info][gc,metaspace   ] GC(970) Metaspace: 20650K(21376K)->20650K(21376K) NonClass: 18241K(18688K)->18241K(18688K) Class: 2408K(2688K)->2408K(2688K)
[221.157s][info][gc             ] GC(970) Pause Young (Allocation Failure) 758M->85M(2043M) 1.297ms
[221.157s][info][gc,cpu         ] GC(970) User=0.00s Sys=0.00s Real=0.00s
[221.385s][info][gc,start       ] GC(971) Pause Young (Allocation Failure)
[221.385s][info][gc,heap        ] GC(971) PSYoungGen: 692873K->2043K(694784K)
[221.385s][info][gc,heap        ] GC(971) ParOldGen: 85576K->85576K(1398272K)
[221.385s][info][gc,metaspace   ] GC(971) Metaspace: 20650K(21376K)->20650K(21376K) NonClass: 18241K(18688K)->18241K(18688K) Class: 2408K(2688K)->2408K(2688K)
[221.385s][info][gc             ] GC(971) Pause Young (Allocation Failure) 760M->85M(2044M) 0.633ms
[221.385s][info][gc,cpu         ] GC(971) User=0.00s Sys=0.00s Real=0.00s
[221.631s][info][gc,start       ] GC(972) Pause Young (Allocation Failure)
[221.631s][info][gc,heap        ] GC(972) PSYoungGen: 692731K->1007K(695296K)
[221.631s][info][gc,heap        ] GC(972) ParOldGen: 85576K->85576K(1398272K)
[221.631s][info][gc,metaspace   ] GC(972) Metaspace: 20650K(21376K)->20650K(21376K) NonClass: 18241K(18688K)->18241K(18688K) Class: 2408K(2688K)->2408K(2688K)
[221.631s][info][gc             ] GC(972) Pause Young (Allocation Failure) 760M->84M(2044M) 0.593ms
[221.631s][info][gc,cpu         ] GC(972) User=0.00s Sys=0.00s Real=0.00s
[221.865s][info][gc,start       ] GC(973) Pause Young (Allocation Failure)
[221.865s][info][gc,heap        ] GC(973) PSYoungGen: 692207K->256K(694784K)
[221.866s][info][gc,heap        ] GC(973) ParOldGen: 85576K->85576K(1398272K)
[221.866s][info][gc,metaspace   ] GC(973) Metaspace: 20650K(21376K)->20650K(21376K) NonClass: 18241K(18688K)->18241K(18688K) Class: 2408K(2688K)->2408K(2688K)
[221.866s][info][gc             ] GC(973) Pause Young (Allocation Failure) 759M->83M(2044M) 0.557ms
[221.866s][info][gc,cpu         ] GC(973) User=0.00s Sys=0.00s Real=0.00s
[222.090s][info][gc,start       ] GC(974) Pause Young (Allocation Failure)
[222.092s][info][gc,heap        ] GC(974) PSYoungGen: 691432K->2617K(694272K)
[222.092s][info][gc,heap        ] GC(974) ParOldGen: 85576K->85592K(1398272K)
[222.092s][info][gc,metaspace   ] GC(974) Metaspace: 20650K(21376K)->20650K(21376K) NonClass: 18241K(18688K)->18241K(18688K) Class: 2408K(2688K)->2408K(2688K)
[222.092s][info][gc             ] GC(974) Pause Young (Allocation Failure) 758M->86M(2043M) 1.472ms
[222.092s][info][gc,cpu         ] GC(974) User=0.00s Sys=0.00s Real=0.00s
[222.329s][info][gc,start       ] GC(975) Pause Young (Allocation Failure)
[222.330s][info][gc,heap        ] GC(975) PSYoungGen: 693305K->1577K(694784K)
[222.330s][info][gc,heap        ] GC(975) ParOldGen: 85592K->85592K(1398272K)
[222.330s][info][gc,metaspace   ] GC(975) Metaspace: 20650K(21376K)->20650K(21376K) NonClass: 18241K(18688K)->18241K(18688K) Class: 2408K(2688K)->2408K(2688K)
[222.330s][info][gc             ] GC(975) Pause Young (Allocation Failure) 760M->85M(2044M) 0.901ms
[222.330s][info][gc,cpu         ] GC(975) User=0.00s Sys=0.00s Real=0.00s
[222.578s][info][gc,start       ] GC(976) Pause Young (Allocation Failure)
[222.578s][info][gc,heap        ] GC(976) PSYoungGen: 692265K->1158K(695296K)
[222.578s][info][gc,heap        ] GC(976) ParOldGen: 85592K->85592K(1398272K)
[222.578s][info][gc,metaspace   ] GC(976) Metaspace: 20650K(21376K)->20650K(21376K) NonClass: 18241K(18688K)->18241K(18688K) Class: 2408K(2688K)->2408K(2688K)
[222.578s][info][gc             ] GC(976) Pause Young (Allocation Failure) 759M->84M(2044M) 0.699ms
[222.578s][info][gc,cpu         ] GC(976) User=0.00s Sys=0.00s Real=0.00s
[222.823s][info][gc,start       ] GC(977) Pause Young (Allocation Failure)
[222.823s][info][gc,heap        ] GC(977) PSYoungGen: 692358K->464K(694784K)
[222.823s][info][gc,heap        ] GC(977) ParOldGen: 85592K->85616K(1398272K)
[222.823s][info][gc,metaspace   ] GC(977) Metaspace: 20650K(21376K)->20650K(21376K) NonClass: 18241K(18688K)->18241K(18688K) Class: 2408K(2688K)->2408K(2688K)
[222.824s][info][gc             ] GC(977) Pause Young (Allocation Failure) 759M->84M(2044M) 0.901ms
[222.824s][info][gc,cpu         ] GC(977) User=0.00s Sys=0.00s Real=0.00s
[223.055s][info][gc,start       ] GC(978) Pause Young (Allocation Failure)
[223.056s][info][gc,heap        ] GC(978) PSYoungGen: 691659K->2284K(695296K)
[223.056s][info][gc,heap        ] GC(978) ParOldGen: 85616K->85616K(1398272K)
[223.056s][info][gc,metaspace   ] GC(978) Metaspace: 20650K(21376K)->20650K(21376K) NonClass: 18241K(18688K)->18241K(18688K) Class: 2408K(2688K)->2408K(2688K)
[223.056s][info][gc             ] GC(978) Pause Young (Allocation Failure) 759M->85M(2044M) 1.321ms
[223.056s][info][gc,cpu         ] GC(978) User=0.00s Sys=0.00s Real=0.00s
[223.290s][info][gc,start       ] GC(979) Pause Young (Allocation Failure)
[223.290s][info][gc,heap        ] GC(979) PSYoungGen: 693996K->2113K(694272K)
[223.290s][info][gc,heap        ] GC(979) ParOldGen: 85616K->85616K(1398272K)
[223.290s][info][gc,metaspace   ] GC(979) Metaspace: 20650K(21376K)->20650K(21376K) NonClass: 18241K(18688K)->18241K(18688K) Class: 2408K(2688K)->2408K(2688K)
[223.291s][info][gc             ] GC(979) Pause Young (Allocation Failure) 761M->85M(2043M) 0.968ms
[223.291s][info][gc,cpu         ] GC(979) User=0.00s Sys=0.00s Real=0.00s
[223.416s][info][gc,start       ] GC(980) Pause Young (System.gc())
[223.417s][info][gc,heap        ] GC(980) PSYoungGen: 372949K->128K(694784K)
[223.417s][info][gc,heap        ] GC(980) ParOldGen: 85616K->85616K(1398272K)
[223.417s][info][gc,metaspace   ] GC(980) Metaspace: 20650K(21376K)->20650K(21376K) NonClass: 18241K(18688K)->18241K(18688K) Class: 2408K(2688K)->2408K(2688K)
[223.417s][info][gc             ] GC(980) Pause Young (System.gc()) 447M->83M(2044M) 0.490ms
[223.417s][info][gc,cpu         ] GC(980) User=0.00s Sys=0.00s Real=0.00s
[223.417s][info][gc,start       ] GC(981) Pause Full (System.gc())
[223.417s][info][gc,phases,start] GC(981) Marking Phase
[223.469s][info][gc,phases      ] GC(981) Marking Phase 52.255ms
[223.469s][info][gc,phases,start] GC(981) Summary Phase
[223.469s][info][gc,phases      ] GC(981) Summary Phase 0.012ms
[223.469s][info][gc,phases,start] GC(981) Adjust Roots
[223.471s][info][gc,phases      ] GC(981) Adjust Roots 1.401ms
[223.471s][info][gc,phases,start] GC(981) Compaction Phase
[223.486s][info][gc,phases      ] GC(981) Compaction Phase 15.462ms
[223.486s][info][gc,phases,start] GC(981) Post Compact
[223.487s][info][gc,phases      ] GC(981) Post Compact 0.680ms
[223.487s][info][gc,heap        ] GC(981) PSYoungGen: 128K->0K(694784K)
[223.487s][info][gc,heap        ] GC(981) ParOldGen: 85616K->85520K(1398272K)
[223.487s][info][gc,metaspace   ] GC(981) Metaspace: 20650K(21376K)->20650K(21376K) NonClass: 18241K(18688K)->18241K(18688K) Class: 2408K(2688K)->2408K(2688K)
[223.487s][info][gc             ] GC(981) Pause Full (System.gc()) 83M->83M(2044M) 70.085ms
[223.487s][info][gc,cpu         ] GC(981) User=0.23s Sys=0.00s Real=0.07s
[223.721s][info][gc,start       ] GC(982) Pause Young (Allocation Failure)
[223.722s][info][gc,heap        ] GC(982) PSYoungGen: 690688K->2185K(694784K)
[223.722s][info][gc,heap        ] GC(982) ParOldGen: 85520K->85520K(1398272K)
[223.722s][info][gc,metaspace   ] GC(982) Metaspace: 20650K(21376K)->20650K(21376K) NonClass: 18241K(18688K)->18241K(18688K) Class: 2408K(2688K)->2408K(2688K)
[223.722s][info][gc             ] GC(982) Pause Young (Allocation Failure) 758M->85M(2044M) 1.259ms
[223.722s][info][gc,cpu         ] GC(982) User=0.00s Sys=0.00s Real=0.00s
[223.957s][info][gc,start       ] GC(983) Pause Young (Allocation Failure)
[223.958s][info][gc,heap        ] GC(983) PSYoungGen: 692873K->1722K(695296K)
[223.959s][info][gc,heap        ] GC(983) ParOldGen: 85520K->85536K(1398272K)
[223.959s][info][gc,metaspace   ] GC(983) Metaspace: 20650K(21376K)->20650K(21376K) NonClass: 18241K(18688K)->18241K(18688K) Class: 2408K(2688K)->2408K(2688K)
[223.959s][info][gc             ] GC(983) Pause Young (Allocation Failure) 760M->85M(2044M) 1.200ms
[223.959s][info][gc,cpu         ] GC(983) User=0.00s Sys=0.00s Real=0.00s
[224.203s][info][gc,start       ] GC(984) Pause Young (Allocation Failure)
[224.204s][info][gc,heap        ] GC(984) PSYoungGen: 692922K->1120K(694784K)
[224.204s][info][gc,heap        ] GC(984) ParOldGen: 85536K->85536K(1398272K)
[224.204s][info][gc,metaspace   ] GC(984) Metaspace: 20650K(21376K)->20650K(21376K) NonClass: 18241K(18688K)->18241K(18688K) Class: 2408K(2688K)->2408K(2688K)
[224.204s][info][gc             ] GC(984) Pause Young (Allocation Failure) 760M->84M(2044M) 0.694ms
[224.204s][info][gc,cpu         ] GC(984) User=0.00s Sys=0.00s Real=0.00s
[224.434s][info][gc,start       ] GC(985) Pause Young (Allocation Failure)
[224.434s][info][gc,heap        ] GC(985) PSYoungGen: 692320K->192K(695296K)
[224.434s][info][gc,heap        ] GC(985) ParOldGen: 85536K->85536K(1398272K)
[224.434s][info][gc,metaspace   ] GC(985) Metaspace: 20650K(21376K)->20650K(21376K) NonClass: 18241K(18688K)->18241K(18688K) Class: 2408K(2688K)->2408K(2688K)
[224.434s][info][gc             ] GC(985) Pause Young (Allocation Failure) 759M->83M(2044M) 0.488ms
[224.434s][info][gc,cpu         ] GC(985) User=0.00s Sys=0.00s Real=0.00s
[224.668s][info][gc,start       ] GC(986) Pause Young (Allocation Failure)
[224.669s][info][gc,heap        ] GC(986) PSYoungGen: 691904K->2356K(694272K)
[224.669s][info][gc,heap        ] GC(986) ParOldGen: 85536K->85552K(1398272K)
[224.669s][info][gc,metaspace   ] GC(986) Metaspace: 20650K(21376K)->20650K(21376K) NonClass: 18241K(18688K)->18241K(18688K) Class: 2408K(2688K)->2408K(2688K)
[224.669s][info][gc             ] GC(986) Pause Young (Allocation Failure) 759M->85M(2043M) 0.974ms
[224.669s][info][gc,cpu         ] GC(986) User=0.00s Sys=0.00s Real=0.00s
[224.903s][info][gc,start       ] GC(987) Pause Young (Allocation Failure)
[224.903s][info][gc,heap        ] GC(987) PSYoungGen: 694068K->1960K(694784K)
[224.903s][info][gc,heap        ] GC(987) ParOldGen: 85552K->85552K(1398272K)
[224.903s][info][gc,metaspace   ] GC(987) Metaspace: 20650K(21376K)->20650K(21376K) NonClass: 18241K(18688K)->18241K(18688K) Class: 2408K(2688K)->2408K(2688K)
[224.904s][info][gc             ] GC(987) Pause Young (Allocation Failure) 761M->85M(2044M) 0.723ms
[224.904s][info][gc,cpu         ] GC(987) User=0.00s Sys=0.00s Real=0.00s
[225.131s][info][gc,start       ] GC(988) Pause Young (Allocation Failure)
[225.132s][info][gc,heap        ] GC(988) PSYoungGen: 692648K->1348K(694784K)
[225.132s][info][gc,heap        ] GC(988) ParOldGen: 85552K->85552K(1398272K)
[225.132s][info][gc,metaspace   ] GC(988) Metaspace: 20650K(21376K)->20650K(21376K) NonClass: 18241K(18688K)->18241K(18688K) Class: 2408K(2688K)->2408K(2688K)
[225.132s][info][gc             ] GC(988) Pause Young (Allocation Failure) 759M->84M(2044M) 0.652ms
[225.132s][info][gc,cpu         ] GC(988) User=0.00s Sys=0.00s Real=0.00s
[225.359s][info][gc,start       ] GC(989) Pause Young (Allocation Failure)
[225.360s][info][gc,heap        ] GC(989) PSYoungGen: 692036K->384K(695296K)
[225.360s][info][gc,heap        ] GC(989) ParOldGen: 85552K->85552K(1398272K)
[225.360s][info][gc,metaspace   ] GC(989) Metaspace: 20650K(21376K)->20650K(21376K) NonClass: 18241K(18688K)->18241K(18688K) Class: 2408K(2688K)->2408K(2688K)
[225.360s][info][gc             ] GC(989) Pause Young (Allocation Failure) 759M->83M(2044M) 0.481ms
[225.360s][info][gc,cpu         ] GC(989) User=0.00s Sys=0.00s Real=0.00s
[225.586s][info][gc,start       ] GC(990) Pause Young (Allocation Failure)
[225.588s][info][gc,heap        ] GC(990) PSYoungGen: 692096K->2512K(694272K)
[225.588s][info][gc,heap        ] GC(990) ParOldGen: 85552K->85576K(1398272K)
[225.588s][info][gc,metaspace   ] GC(990) Metaspace: 20650K(21376K)->20650K(21376K) NonClass: 18241K(18688K)->18241K(18688K) Class: 2408K(2688K)->2408K(2688K)
[225.588s][info][gc             ] GC(990) Pause Young (Allocation Failure) 759M->86M(2043M) 1.389ms
[225.588s][info][gc,cpu         ] GC(990) User=0.00s Sys=0.00s Real=0.00s
[225.816s][info][gc,start       ] GC(991) Pause Young (Allocation Failure)
[225.817s][info][gc,heap        ] GC(991) PSYoungGen: 694224K->1883K(695296K)
[225.817s][info][gc,heap        ] GC(991) ParOldGen: 85576K->85576K(1398272K)
[225.817s][info][gc,metaspace   ] GC(991) Metaspace: 20650K(21376K)->20650K(21376K) NonClass: 18241K(18688K)->18241K(18688K) Class: 2408K(2688K)->2408K(2688K)
[225.817s][info][gc             ] GC(991) Pause Young (Allocation Failure) 761M->85M(2044M) 0.678ms
[225.817s][info][gc,cpu         ] GC(991) User=0.00s Sys=0.00s Real=0.00s
[226.048s][info][gc,start       ] GC(992) Pause Young (Allocation Failure)
[226.049s][info][gc,heap        ] GC(992) PSYoungGen: 693083K->1296K(694784K)
[226.049s][info][gc,heap        ] GC(992) ParOldGen: 85576K->85576K(1398272K)
[226.049s][info][gc,metaspace   ] GC(992) Metaspace: 20650K(21376K)->20650K(21376K) NonClass: 18241K(18688K)->18241K(18688K) Class: 2408K(2688K)->2408K(2688K)
[226.049s][info][gc             ] GC(992) Pause Young (Allocation Failure) 760M->84M(2044M) 0.908ms
[226.049s][info][gc,cpu         ] GC(992) User=0.00s Sys=0.00s Real=0.00s
[226.277s][info][gc,start       ] GC(993) Pause Young (Allocation Failure)
[226.277s][info][gc,heap        ] GC(993) PSYoungGen: 692496K->673K(695296K)
[226.277s][info][gc,heap        ] GC(993) ParOldGen: 85576K->85600K(1398272K)
[226.277s][info][gc,metaspace   ] GC(993) Metaspace: 20650K(21376K)->20650K(21376K) NonClass: 18241K(18688K)->18241K(18688K) Class: 2408K(2688K)->2408K(2688K)
[226.277s][info][gc             ] GC(993) Pause Young (Allocation Failure) 759M->84M(2044M) 0.692ms
[226.277s][info][gc,cpu         ] GC(993) User=0.00s Sys=0.00s Real=0.00s
[226.509s][info][gc,start       ] GC(994) Pause Young (Allocation Failure)
[226.510s][info][gc,heap        ] GC(994) PSYoungGen: 692219K->3284K(695296K)
[226.510s][info][gc,heap        ] GC(994) ParOldGen: 85600K->85600K(1398272K)
[226.510s][info][gc,metaspace   ] GC(994) Metaspace: 20650K(21376K)->20650K(21376K) NonClass: 18241K(18688K)->18241K(18688K) Class: 2408K(2688K)->2408K(2688K)
[226.510s][info][gc             ] GC(994) Pause Young (Allocation Failure) 759M->86M(2044M) 1.512ms
[226.510s][info][gc,cpu         ] GC(994) User=0.00s Sys=0.00s Real=0.00s
[226.751s][info][gc,start       ] GC(995) Pause Young (Allocation Failure)
[226.751s][info][gc,heap        ] GC(995) PSYoungGen: 694986K->2210K(694272K)
[226.751s][info][gc,heap        ] GC(995) ParOldGen: 85600K->85600K(1398272K)
[226.751s][info][gc,metaspace   ] GC(995) Metaspace: 20650K(21376K)->20650K(21376K) NonClass: 18241K(18688K)->18241K(18688K) Class: 2408K(2688K)->2408K(2688K)
[226.751s][info][gc             ] GC(995) Pause Young (Allocation Failure) 762M->85M(2043M) 0.983ms
[226.752s][info][gc,cpu         ] GC(995) User=0.00s Sys=0.00s Real=0.00s
[226.890s][info][gc,start       ] GC(996) Pause Young (System.gc())
[226.890s][info][gc,heap        ] GC(996) PSYoungGen: 370144K->96K(694784K)
[226.890s][info][gc,heap        ] GC(996) ParOldGen: 85600K->85600K(1398272K)
[226.890s][info][gc,metaspace   ] GC(996) Metaspace: 20650K(21376K)->20650K(21376K) NonClass: 18241K(18688K)->18241K(18688K) Class: 2408K(2688K)->2408K(2688K)
[226.890s][info][gc             ] GC(996) Pause Young (System.gc()) 445M->83M(2044M) 0.622ms
[226.890s][info][gc,cpu         ] GC(996) User=0.00s Sys=0.00s Real=0.00s
[226.891s][info][gc,start       ] GC(997) Pause Full (System.gc())
[226.891s][info][gc,phases,start] GC(997) Marking Phase
[226.948s][info][gc,phases      ] GC(997) Marking Phase 57.147ms
[226.948s][info][gc,phases,start] GC(997) Summary Phase
[226.948s][info][gc,phases      ] GC(997) Summary Phase 0.011ms
[226.948s][info][gc,phases,start] GC(997) Adjust Roots
[226.949s][info][gc,phases      ] GC(997) Adjust Roots 1.421ms
[226.949s][info][gc,phases,start] GC(997) Compaction Phase
[226.964s][info][gc,phases      ] GC(997) Compaction Phase 14.521ms
[226.964s][info][gc,phases,start] GC(997) Post Compact
[226.964s][info][gc,phases      ] GC(997) Post Compact 0.566ms
[226.964s][info][gc,heap        ] GC(997) PSYoungGen: 96K->0K(694784K)
[226.964s][info][gc,heap        ] GC(997) ParOldGen: 85600K->85520K(1398272K)
[226.964s][info][gc,metaspace   ] GC(997) Metaspace: 20650K(21376K)->20650K(21376K) NonClass: 18241K(18688K)->18241K(18688K) Class: 2408K(2688K)->2408K(2688K)
[226.964s][info][gc             ] GC(997) Pause Full (System.gc()) 83M->83M(2044M) 73.953ms
[226.964s][info][gc,cpu         ] GC(997) User=0.22s Sys=0.00s Real=0.07s
[227.195s][info][gc,start       ] GC(998) Pause Young (Allocation Failure)
[227.196s][info][gc,heap        ] GC(998) PSYoungGen: 690688K->2524K(694784K)
[227.196s][info][gc,heap        ] GC(998) ParOldGen: 85520K->85520K(1398272K)
[227.196s][info][gc,metaspace   ] GC(998) Metaspace: 20650K(21376K)->20650K(21376K) NonClass: 18241K(18688K)->18241K(18688K) Class: 2408K(2688K)->2408K(2688K)
[227.196s][info][gc             ] GC(998) Pause Young (Allocation Failure) 758M->85M(2044M) 1.046ms
[227.196s][info][gc,cpu         ] GC(998) User=0.00s Sys=0.00s Real=0.00s
[227.434s][info][gc,start       ] GC(999) Pause Young (Allocation Failure)
[227.435s][info][gc,heap        ] GC(999) PSYoungGen: 693212K->1710K(694784K)
[227.435s][info][gc,heap        ] GC(999) ParOldGen: 85520K->85552K(1398272K)
[227.435s][info][gc,metaspace   ] GC(999) Metaspace: 20650K(21376K)->20650K(21376K) NonClass: 18241K(18688K)->18241K(18688K) Class: 2408K(2688K)->2408K(2688K)
[227.435s][info][gc             ] GC(999) Pause Young (Allocation Failure) 760M->85M(2044M) 1.037ms
[227.435s][info][gc,cpu         ] GC(999) User=0.00s Sys=0.00s Real=0.00s
[227.675s][info][gc,start       ] GC(1000) Pause Young (Allocation Failure)
[227.676s][info][gc,heap        ] GC(1000) PSYoungGen: 692398K->1064K(694784K)
[227.676s][info][gc,heap        ] GC(1000) ParOldGen: 85552K->85552K(1398272K)
[227.676s][info][gc,metaspace   ] GC(1000) Metaspace: 20650K(21376K)->20650K(21376K) NonClass: 18241K(18688K)->18241K(18688K) Class: 2408K(2688K)->2408K(2688K)
[227.676s][info][gc             ] GC(1000) Pause Young (Allocation Failure) 759M->84M(2044M) 0.863ms
[227.676s][info][gc,cpu         ] GC(1000) User=0.00s Sys=0.00s Real=0.00s
[227.905s][info][gc,start       ] GC(1001) Pause Young (Allocation Failure)
[227.907s][info][gc,heap        ] GC(1001) PSYoungGen: 691752K->2049K(694784K)
[227.907s][info][gc,heap        ] GC(1001) ParOldGen: 85552K->85552K(1398272K)
[227.907s][info][gc,metaspace   ] GC(1001) Metaspace: 20650K(21376K)->20650K(21376K) NonClass: 18241K(18688K)->18241K(18688K) Class: 2408K(2688K)->2408K(2688K)
[227.907s][info][gc             ] GC(1001) Pause Young (Allocation Failure) 759M->85M(2044M) 2.072ms
[227.907s][info][gc,cpu         ] GC(1001) User=0.00s Sys=0.00s Real=0.00s
[228.143s][info][gc,start       ] GC(1002) Pause Young (Allocation Failure)
[228.144s][info][gc,heap        ] GC(1002) PSYoungGen: 692734K->2583K(694784K)
[228.144s][info][gc,heap        ] GC(1002) ParOldGen: 85552K->85568K(1398272K)
[228.144s][info][gc,metaspace   ] GC(1002) Metaspace: 20650K(21376K)->20650K(21376K) NonClass: 18241K(18688K)->18241K(18688K) Class: 2408K(2688K)->2408K(2688K)
[228.144s][info][gc             ] GC(1002) Pause Young (Allocation Failure) 760M->86M(2044M) 0.981ms
[228.144s][info][gc,cpu         ] GC(1002) User=0.00s Sys=0.00s Real=0.00s
[228.381s][info][gc,start       ] GC(1003) Pause Young (Allocation Failure)
[228.382s][info][gc,heap        ] GC(1003) PSYoungGen: 693271K->2006K(694784K)
[228.382s][info][gc,heap        ] GC(1003) ParOldGen: 85568K->85568K(1398272K)
[228.382s][info][gc,metaspace   ] GC(1003) Metaspace: 20650K(21376K)->20650K(21376K) NonClass: 18241K(18688K)->18241K(18688K) Class: 2408K(2688K)->2408K(2688K)
[228.382s][info][gc             ] GC(1003) Pause Young (Allocation Failure) 760M->85M(2044M) 1.052ms
[228.382s][info][gc,cpu         ] GC(1003) User=0.00s Sys=0.00s Real=0.00s
[228.624s][info][gc,start       ] GC(1004) Pause Young (Allocation Failure)
[228.625s][info][gc,heap        ] GC(1004) PSYoungGen: 692694K->1263K(694784K)
[228.625s][info][gc,heap        ] GC(1004) ParOldGen: 85568K->85568K(1398272K)
[228.625s][info][gc,metaspace   ] GC(1004) Metaspace: 20650K(21376K)->20650K(21376K) NonClass: 18241K(18688K)->18241K(18688K) Class: 2408K(2688K)->2408K(2688K)
[228.625s][info][gc             ] GC(1004) Pause Young (Allocation Failure) 760M->84M(2044M) 0.821ms
[228.625s][info][gc,cpu         ] GC(1004) User=0.00s Sys=0.00s Real=0.00s
[228.862s][info][gc,start       ] GC(1005) Pause Young (Allocation Failure)
[228.862s][info][gc,heap        ] GC(1005) PSYoungGen: 691951K->384K(694784K)
[228.862s][info][gc,heap        ] GC(1005) ParOldGen: 85568K->85568K(1398272K)
[228.862s][info][gc,metaspace   ] GC(1005) Metaspace: 20650K(21376K)->20650K(21376K) NonClass: 18241K(18688K)->18241K(18688K) Class: 2408K(2688K)->2408K(2688K)
[228.862s][info][gc             ] GC(1005) Pause Young (Allocation Failure) 759M->83M(2044M) 0.525ms
[228.862s][info][gc,cpu         ] GC(1005) User=0.00s Sys=0.00s Real=0.00s
[229.088s][info][gc,start       ] GC(1006) Pause Young (Allocation Failure)
[229.089s][info][gc,heap        ] GC(1006) PSYoungGen: 691072K->2902K(694784K)
[229.089s][info][gc,heap        ] GC(1006) ParOldGen: 85568K->85576K(1398272K)
[229.089s][info][gc,metaspace   ] GC(1006) Metaspace: 20650K(21376K)->20650K(21376K) NonClass: 18241K(18688K)->18241K(18688K) Class: 2408K(2688K)->2408K(2688K)
[229.089s][info][gc             ] GC(1006) Pause Young (Allocation Failure) 758M->86M(2044M) 1.254ms
[229.089s][info][gc,cpu         ] GC(1006) User=0.00s Sys=0.00s Real=0.00s
[229.322s][info][gc,start       ] GC(1007) Pause Young (Allocation Failure)
[229.322s][info][gc,heap        ] GC(1007) PSYoungGen: 693590K->2018K(694784K)
[229.322s][info][gc,heap        ] GC(1007) ParOldGen: 85576K->85576K(1398272K)
[229.322s][info][gc,metaspace   ] GC(1007) Metaspace: 20650K(21376K)->20650K(21376K) NonClass: 18241K(18688K)->18241K(18688K) Class: 2408K(2688K)->2408K(2688K)
[229.322s][info][gc             ] GC(1007) Pause Young (Allocation Failure) 760M->85M(2044M) 0.700ms
[229.322s][info][gc,cpu         ] GC(1007) User=0.00s Sys=0.00s Real=0.00s
[229.562s][info][gc,start       ] GC(1008) Pause Young (Allocation Failure)
[229.563s][info][gc,heap        ] GC(1008) PSYoungGen: 692706K->1499K(694784K)
[229.563s][info][gc,heap        ] GC(1008) ParOldGen: 85576K->85576K(1398272K)
[229.563s][info][gc,metaspace   ] GC(1008) Metaspace: 20650K(21376K)->20650K(21376K) NonClass: 18241K(18688K)->18241K(18688K) Class: 2408K(2688K)->2408K(2688K)
[229.563s][info][gc             ] GC(1008) Pause Young (Allocation Failure) 760M->85M(2044M) 0.656ms
[229.563s][info][gc,cpu         ] GC(1008) User=0.00s Sys=0.00s Real=0.00s
[229.793s][info][gc,start       ] GC(1009) Pause Young (Allocation Failure)
[229.794s][info][gc,heap        ] GC(1009) PSYoungGen: 692187K->472K(694784K)
[229.794s][info][gc,heap        ] GC(1009) ParOldGen: 85576K->85592K(1398272K)
[229.794s][info][gc,metaspace   ] GC(1009) Metaspace: 20650K(21376K)->20650K(21376K) NonClass: 18241K(18688K)->18241K(18688K) Class: 2408K(2688K)->2408K(2688K)
[229.794s][info][gc             ] GC(1009) Pause Young (Allocation Failure) 759M->84M(2044M) 0.754ms
[229.794s][info][gc,cpu         ] GC(1009) User=0.00s Sys=0.00s Real=0.00s
[230.015s][info][gc,start       ] GC(1010) Pause Young (Allocation Failure)
[230.015s][info][gc,heap        ] GC(1010) PSYoungGen: 691160K->2388K(694784K)
[230.016s][info][gc,heap        ] GC(1010) ParOldGen: 85592K->85592K(1398272K)
[230.016s][info][gc,metaspace   ] GC(1010) Metaspace: 20650K(21376K)->20650K(21376K) NonClass: 18241K(18688K)->18241K(18688K) Class: 2408K(2688K)->2408K(2688K)
[230.016s][info][gc             ] GC(1010) Pause Young (Allocation Failure) 758M->85M(2044M) 1.015ms
[230.016s][info][gc,cpu         ] GC(1010) User=0.00s Sys=0.00s Real=0.00s
[230.247s][info][gc,start       ] GC(1011) Pause Young (Allocation Failure)
[230.248s][info][gc,heap        ] GC(1011) PSYoungGen: 693076K->1824K(694784K)
[230.248s][info][gc,heap        ] GC(1011) ParOldGen: 85592K->85592K(1398272K)
[230.248s][info][gc,metaspace   ] GC(1011) Metaspace: 20650K(21376K)->20650K(21376K) NonClass: 18241K(18688K)->18241K(18688K) Class: 2408K(2688K)->2408K(2688K)
[230.248s][info][gc             ] GC(1011) Pause Young (Allocation Failure) 760M->85M(2044M) 0.810ms
[230.248s][info][gc,cpu         ] GC(1011) User=0.02s Sys=0.00s Real=0.00s
[230.376s][info][gc,start       ] GC(1012) Pause Young (System.gc())
[230.376s][info][gc,heap        ] GC(1012) PSYoungGen: 377849K->64K(694784K)
[230.377s][info][gc,heap        ] GC(1012) ParOldGen: 85592K->85592K(1398272K)
[230.377s][info][gc,metaspace   ] GC(1012) Metaspace: 20650K(21376K)->20650K(21376K) NonClass: 18241K(18688K)->18241K(18688K) Class: 2408K(2688K)->2408K(2688K)
[230.377s][info][gc             ] GC(1012) Pause Young (System.gc()) 452M->83M(2044M) 0.419ms
[230.377s][info][gc,cpu         ] GC(1012) User=0.00s Sys=0.00s Real=0.00s
[230.377s][info][gc,start       ] GC(1013) Pause Full (System.gc())
[230.377s][info][gc,phases,start] GC(1013) Marking Phase
[230.424s][info][gc,phases      ] GC(1013) Marking Phase 46.911ms
[230.424s][info][gc,phases,start] GC(1013) Summary Phase
[230.424s][info][gc,phases      ] GC(1013) Summary Phase 0.011ms
[230.424s][info][gc,phases,start] GC(1013) Adjust Roots
[230.425s][info][gc,phases      ] GC(1013) Adjust Roots 1.403ms
[230.425s][info][gc,phases,start] GC(1013) Compaction Phase
[230.439s][info][gc,phases      ] GC(1013) Compaction Phase 14.455ms
[230.440s][info][gc,phases,start] GC(1013) Post Compact
[230.440s][info][gc,phases      ] GC(1013) Post Compact 0.617ms
[230.440s][info][gc,heap        ] GC(1013) PSYoungGen: 64K->0K(694784K)
[230.440s][info][gc,heap        ] GC(1013) ParOldGen: 85592K->85520K(1398272K)
[230.440s][info][gc,metaspace   ] GC(1013) Metaspace: 20650K(21376K)->20650K(21376K) NonClass: 18241K(18688K)->18241K(18688K) Class: 2408K(2688K)->2408K(2688K)
[230.440s][info][gc             ] GC(1013) Pause Full (System.gc()) 83M->83M(2044M) 63.682ms
[230.440s][info][gc,cpu         ] GC(1013) User=0.06s Sys=0.00s Real=0.07s
[230.686s][info][gc,start       ] GC(1014) Pause Young (Allocation Failure)
[230.687s][info][gc,heap        ] GC(1014) PSYoungGen: 690679K->2486K(694784K)
[230.687s][info][gc,heap        ] GC(1014) ParOldGen: 85520K->85520K(1398272K)
[230.687s][info][gc,metaspace   ] GC(1014) Metaspace: 20650K(21376K)->20650K(21376K) NonClass: 18241K(18688K)->18241K(18688K) Class: 2408K(2688K)->2408K(2688K)
[230.687s][info][gc             ] GC(1014) Pause Young (Allocation Failure) 758M->85M(2044M) 1.041ms
[230.687s][info][gc,cpu         ] GC(1014) User=0.00s Sys=0.00s Real=0.00s
[230.924s][info][gc,start       ] GC(1015) Pause Young (Allocation Failure)
[230.925s][info][gc,heap        ] GC(1015) PSYoungGen: 693174K->1886K(694784K)
[230.925s][info][gc,heap        ] GC(1015) ParOldGen: 85520K->85552K(1398272K)
[230.925s][info][gc,metaspace   ] GC(1015) Metaspace: 20650K(21376K)->20650K(21376K) NonClass: 18241K(18688K)->18241K(18688K) Class: 2408K(2688K)->2408K(2688K)
[230.925s][info][gc             ] GC(1015) Pause Young (Allocation Failure) 760M->85M(2044M) 0.685ms
[230.925s][info][gc,cpu         ] GC(1015) User=0.00s Sys=0.00s Real=0.00s
[231.166s][info][gc,start       ] GC(1016) Pause Young (Allocation Failure)
[231.167s][info][gc,heap        ] GC(1016) PSYoungGen: 692574K->1024K(694784K)
[231.167s][info][gc,heap        ] GC(1016) ParOldGen: 85552K->85552K(1398272K)
[231.167s][info][gc,metaspace   ] GC(1016) Metaspace: 20650K(21376K)->20650K(21376K) NonClass: 18241K(18688K)->18241K(18688K) Class: 2408K(2688K)->2408K(2688K)
[231.167s][info][gc             ] GC(1016) Pause Young (Allocation Failure) 759M->84M(2044M) 0.890ms
[231.167s][info][gc,cpu         ] GC(1016) User=0.00s Sys=0.00s Real=0.00s
[231.398s][info][gc,start       ] GC(1017) Pause Young (Allocation Failure)
[231.399s][info][gc,heap        ] GC(1017) PSYoungGen: 691712K->320K(694784K)
[231.399s][info][gc,heap        ] GC(1017) ParOldGen: 85552K->85552K(1398272K)
[231.399s][info][gc,metaspace   ] GC(1017) Metaspace: 20651K(21376K)->20651K(21376K) NonClass: 18243K(18688K)->18243K(18688K) Class: 2408K(2688K)->2408K(2688K)
[231.399s][info][gc             ] GC(1017) Pause Young (Allocation Failure) 759M->83M(2044M) 0.622ms
[231.399s][info][gc,cpu         ] GC(1017) User=0.00s Sys=0.00s Real=0.00s
[231.634s][info][gc,start       ] GC(1018) Pause Young (Allocation Failure)
[231.635s][info][gc,heap        ] GC(1018) PSYoungGen: 691008K->2276K(694784K)
[231.635s][info][gc,heap        ] GC(1018) ParOldGen: 85552K->85576K(1398272K)
[231.635s][info][gc,metaspace   ] GC(1018) Metaspace: 20651K(21376K)->20651K(21376K) NonClass: 18243K(18688K)->18243K(18688K) Class: 2408K(2688K)->2408K(2688K)
[231.635s][info][gc             ] GC(1018) Pause Young (Allocation Failure) 758M->85M(2044M) 1.048ms
[231.635s][info][gc,cpu         ] GC(1018) User=0.00s Sys=0.00s Real=0.00s
[231.873s][info][gc,start       ] GC(1019) Pause Young (Allocation Failure)
[231.874s][info][gc,heap        ] GC(1019) PSYoungGen: 692964K->1895K(694784K)
[231.874s][info][gc,heap        ] GC(1019) ParOldGen: 85576K->85576K(1398272K)
[231.874s][info][gc,metaspace   ] GC(1019) Metaspace: 20651K(21376K)->20651K(21376K) NonClass: 18243K(18688K)->18243K(18688K) Class: 2408K(2688K)->2408K(2688K)
[231.874s][info][gc             ] GC(1019) Pause Young (Allocation Failure) 760M->85M(2044M) 0.997ms
[231.874s][info][gc,cpu         ] GC(1019) User=0.00s Sys=0.00s Real=0.00s
[232.112s][info][gc,start       ] GC(1020) Pause Young (Allocation Failure)
[232.113s][info][gc,heap        ] GC(1020) PSYoungGen: 692583K->1218K(694784K)
[232.113s][info][gc,heap        ] GC(1020) ParOldGen: 85576K->85576K(1398272K)
[232.113s][info][gc,metaspace   ] GC(1020) Metaspace: 20651K(21376K)->20651K(21376K) NonClass: 18243K(18688K)->18243K(18688K) Class: 2408K(2688K)->2408K(2688K)
[232.113s][info][gc             ] GC(1020) Pause Young (Allocation Failure) 759M->84M(2044M) 0.774ms
[232.113s][info][gc,cpu         ] GC(1020) User=0.00s Sys=0.00s Real=0.00s
[232.350s][info][gc,start       ] GC(1021) Pause Young (Allocation Failure)
[232.351s][info][gc,heap        ] GC(1021) PSYoungGen: 691906K->320K(695296K)
[232.351s][info][gc,heap        ] GC(1021) ParOldGen: 85576K->85576K(1398272K)
[232.351s][info][gc,metaspace   ] GC(1021) Metaspace: 20651K(21376K)->20651K(21376K) NonClass: 18243K(18688K)->18243K(18688K) Class: 2408K(2688K)->2408K(2688K)
[232.351s][info][gc             ] GC(1021) Pause Young (Allocation Failure) 759M->83M(2044M) 0.808ms
[232.351s][info][gc,cpu         ] GC(1021) User=0.00s Sys=0.00s Real=0.00s
[232.592s][info][gc,start       ] GC(1022) Pause Young (Allocation Failure)
[232.593s][info][gc,heap        ] GC(1022) PSYoungGen: 692032K->2106K(695296K)
[232.593s][info][gc,heap        ] GC(1022) ParOldGen: 85576K->85600K(1398272K)
[232.593s][info][gc,metaspace   ] GC(1022) Metaspace: 20651K(21376K)->20651K(21376K) NonClass: 18243K(18688K)->18243K(18688K) Class: 2408K(2688K)->2408K(2688K)
[232.593s][info][gc             ] GC(1022) Pause Young (Allocation Failure) 759M->85M(2044M) 1.343ms
[232.593s][info][gc,cpu         ] GC(1022) User=0.00s Sys=0.00s Real=0.00s
[232.828s][info][gc,start       ] GC(1023) Pause Young (Allocation Failure)
[232.829s][info][gc,heap        ] GC(1023) PSYoungGen: 693818K->1904K(695296K)
[232.829s][info][gc,heap        ] GC(1023) ParOldGen: 85600K->85600K(1398272K)
[232.829s][info][gc,metaspace   ] GC(1023) Metaspace: 20651K(21376K)->20651K(21376K) NonClass: 18243K(18688K)->18243K(18688K) Class: 2408K(2688K)->2408K(2688K)
[232.829s][info][gc             ] GC(1023) Pause Young (Allocation Failure) 761M->85M(2044M) 1.072ms
[232.829s][info][gc,cpu         ] GC(1023) User=0.00s Sys=0.00s Real=0.00s
[233.064s][info][gc,start       ] GC(1024) Pause Young (Allocation Failure)
[233.065s][info][gc,heap        ] GC(1024) PSYoungGen: 693616K->1321K(695296K)
[233.065s][info][gc,heap        ] GC(1024) ParOldGen: 85600K->85600K(1398272K)
[233.065s][info][gc,metaspace   ] GC(1024) Metaspace: 20653K(21376K)->20653K(21376K) NonClass: 18245K(18688K)->18245K(18688K) Class: 2408K(2688K)->2408K(2688K)
[233.065s][info][gc             ] GC(1024) Pause Young (Allocation Failure) 760M->84M(2044M) 1.419ms
[233.066s][info][gc,cpu         ] GC(1024) User=0.00s Sys=0.00s Real=0.00s
[233.309s][info][gc,start       ] GC(1025) Pause Young (Allocation Failure)
[233.310s][info][gc,heap        ] GC(1025) PSYoungGen: 693033K->681K(695296K)
[233.310s][info][gc,heap        ] GC(1025) ParOldGen: 85600K->85624K(1398272K)
[233.310s][info][gc,metaspace   ] GC(1025) Metaspace: 20653K(21376K)->20653K(21376K) NonClass: 18245K(18688K)->18245K(18688K) Class: 2408K(2688K)->2408K(2688K)
[233.310s][info][gc             ] GC(1025) Pause Young (Allocation Failure) 760M->84M(2044M) 0.521ms
[233.310s][info][gc,cpu         ] GC(1025) User=0.00s Sys=0.00s Real=0.00s
[233.550s][info][gc,start       ] GC(1026) Pause Young (Allocation Failure)
[233.551s][info][gc,heap        ] GC(1026) PSYoungGen: 692384K->2406K(695296K)
[233.551s][info][gc,heap        ] GC(1026) ParOldGen: 85624K->85624K(1398272K)
[233.551s][info][gc,metaspace   ] GC(1026) Metaspace: 20653K(21376K)->20653K(21376K) NonClass: 18245K(18688K)->18245K(18688K) Class: 2408K(2688K)->2408K(2688K)
[233.551s][info][gc             ] GC(1026) Pause Young (Allocation Failure) 759M->85M(2044M) 1.294ms
[233.551s][info][gc,cpu         ] GC(1026) User=0.00s Sys=0.00s Real=0.00s
[233.791s][info][gc,start       ] GC(1027) Pause Young (Allocation Failure)
[233.792s][info][gc,heap        ] GC(1027) PSYoungGen: 694118K->1983K(695296K)
[233.792s][info][gc,heap        ] GC(1027) ParOldGen: 85624K->85624K(1398272K)
[233.792s][info][gc,metaspace   ] GC(1027) Metaspace: 20653K(21376K)->20653K(21376K) NonClass: 18245K(18688K)->18245K(18688K) Class: 2408K(2688K)->2408K(2688K)
[233.792s][info][gc             ] GC(1027) Pause Young (Allocation Failure) 761M->85M(2044M) 0.766ms
[233.792s][info][gc,cpu         ] GC(1027) User=0.00s Sys=0.00s Real=0.00s
[233.927s][info][gc,start       ] GC(1028) Pause Young (System.gc())
[233.928s][info][gc,heap        ] GC(1028) PSYoungGen: 374622K->64K(695296K)
[233.928s][info][gc,heap        ] GC(1028) ParOldGen: 85624K->85624K(1398272K)
[233.928s][info][gc,metaspace   ] GC(1028) Metaspace: 20654K(21376K)->20654K(21376K) NonClass: 18246K(18688K)->18246K(18688K) Class: 2408K(2688K)->2408K(2688K)
[233.928s][info][gc             ] GC(1028) Pause Young (System.gc()) 449M->83M(2044M) 0.460ms
[233.928s][info][gc,cpu         ] GC(1028) User=0.00s Sys=0.00s Real=0.00s
[233.928s][info][gc,start       ] GC(1029) Pause Full (System.gc())
[233.928s][info][gc,phases,start] GC(1029) Marking Phase
[233.983s][info][gc,phases      ] GC(1029) Marking Phase 54.802ms
[233.983s][info][gc,phases,start] GC(1029) Summary Phase
[233.983s][info][gc,phases      ] GC(1029) Summary Phase 0.015ms
[233.983s][info][gc,phases,start] GC(1029) Adjust Roots
[233.984s][info][gc,phases      ] GC(1029) Adjust Roots 1.642ms
[233.984s][info][gc,phases,start] GC(1029) Compaction Phase
[233.997s][info][gc,phases      ] GC(1029) Compaction Phase 12.831ms
[233.997s][info][gc,phases,start] GC(1029) Post Compact
[233.998s][info][gc,phases      ] GC(1029) Post Compact 0.639ms
[233.998s][info][gc,heap        ] GC(1029) PSYoungGen: 64K->0K(695296K)
[233.998s][info][gc,heap        ] GC(1029) ParOldGen: 85624K->85520K(1398272K)
[233.998s][info][gc,metaspace   ] GC(1029) Metaspace: 20654K(21376K)->20654K(21376K) NonClass: 18246K(18688K)->18246K(18688K) Class: 2408K(2688K)->2408K(2688K)
[233.998s][info][gc             ] GC(1029) Pause Full (System.gc()) 83M->83M(2044M) 70.267ms
[233.998s][info][gc,cpu         ] GC(1029) User=0.31s Sys=0.00s Real=0.07s
[234.228s][info][gc,start       ] GC(1030) Pause Young (Allocation Failure)
[234.229s][info][gc,heap        ] GC(1030) PSYoungGen: 691712K->2321K(694272K)
[234.229s][info][gc,heap        ] GC(1030) ParOldGen: 85520K->85520K(1398272K)
[234.229s][info][gc,metaspace   ] GC(1030) Metaspace: 20657K(21376K)->20657K(21376K) NonClass: 18249K(18688K)->18249K(18688K) Class: 2408K(2688K)->2408K(2688K)
[234.229s][info][gc             ] GC(1030) Pause Young (Allocation Failure) 759M->85M(2043M) 0.870ms
[234.229s][info][gc,cpu         ] GC(1030) User=0.00s Sys=0.00s Real=0.00s
[234.462s][info][gc,start       ] GC(1031) Pause Young (Allocation Failure)
[234.463s][info][gc,heap        ] GC(1031) PSYoungGen: 693009K->1701K(694784K)
[234.463s][info][gc,heap        ] GC(1031) ParOldGen: 85520K->85536K(1398272K)
[234.463s][info][gc,metaspace   ] GC(1031) Metaspace: 20657K(21376K)->20657K(21376K) NonClass: 18249K(18688K)->18249K(18688K) Class: 2408K(2688K)->2408K(2688K)
[234.463s][info][gc             ] GC(1031) Pause Young (Allocation Failure) 760M->85M(2044M) 0.961ms
[234.463s][info][gc,cpu         ] GC(1031) User=0.00s Sys=0.00s Real=0.00s
[234.708s][info][gc,start       ] GC(1032) Pause Young (Allocation Failure)
[234.708s][info][gc,heap        ] GC(1032) PSYoungGen: 692389K->1130K(695296K)
[234.708s][info][gc,heap        ] GC(1032) ParOldGen: 85536K->85536K(1398272K)
[234.708s][info][gc,metaspace   ] GC(1032) Metaspace: 20657K(21376K)->20657K(21376K) NonClass: 18249K(18688K)->18249K(18688K) Class: 2408K(2688K)->2408K(2688K)
[234.708s][info][gc             ] GC(1032) Pause Young (Allocation Failure) 759M->84M(2044M) 0.574ms
[234.708s][info][gc,cpu         ] GC(1032) User=0.00s Sys=0.00s Real=0.00s
[234.940s][info][gc,start       ] GC(1033) Pause Young (Allocation Failure)
[234.941s][info][gc,heap        ] GC(1033) PSYoungGen: 692842K->384K(695296K)
[234.941s][info][gc,heap        ] GC(1033) ParOldGen: 85536K->85536K(1398272K)
[234.941s][info][gc,metaspace   ] GC(1033) Metaspace: 20657K(21376K)->20657K(21376K) NonClass: 18249K(18688K)->18249K(18688K) Class: 2408K(2688K)->2408K(2688K)
[234.941s][info][gc             ] GC(1033) Pause Young (Allocation Failure) 760M->83M(2044M) 0.535ms
[234.941s][info][gc,cpu         ] GC(1033) User=0.00s Sys=0.00s Real=0.00s
[235.168s][info][gc,start       ] GC(1034) Pause Young (Allocation Failure)
[235.169s][info][gc,heap        ] GC(1034) PSYoungGen: 692028K->2785K(694272K)
[235.169s][info][gc,heap        ] GC(1034) ParOldGen: 85536K->85568K(1398272K)
[235.169s][info][gc,metaspace   ] GC(1034) Metaspace: 20657K(21376K)->20657K(21376K) NonClass: 18249K(18688K)->18249K(18688K) Class: 2408K(2688K)->2408K(2688K)
[235.169s][info][gc             ] GC(1034) Pause Young (Allocation Failure) 759M->86M(2043M) 1.205ms
[235.169s][info][gc,cpu         ] GC(1034) User=0.00s Sys=0.00s Real=0.00s
[235.406s][info][gc,start       ] GC(1035) Pause Young (Allocation Failure)
[235.407s][info][gc,heap        ] GC(1035) PSYoungGen: 693473K->1806K(694784K)
[235.407s][info][gc,heap        ] GC(1035) ParOldGen: 85568K->85568K(1398272K)
[235.407s][info][gc,metaspace   ] GC(1035) Metaspace: 20657K(21376K)->20657K(21376K) NonClass: 18249K(18688K)->18249K(18688K) Class: 2408K(2688K)->2408K(2688K)
[235.407s][info][gc             ] GC(1035) Pause Young (Allocation Failure) 760M->85M(2044M) 0.730ms
[235.407s][info][gc,cpu         ] GC(1035) User=0.00s Sys=0.00s Real=0.00s
[235.656s][info][gc,start       ] GC(1036) Pause Young (Allocation Failure)
[235.657s][info][gc,heap        ] GC(1036) PSYoungGen: 692494K->1111K(695296K)
[235.657s][info][gc,heap        ] GC(1036) ParOldGen: 85568K->85568K(1398272K)
[235.657s][info][gc,metaspace   ] GC(1036) Metaspace: 20657K(21376K)->20657K(21376K) NonClass: 18249K(18688K)->18249K(18688K) Class: 2408K(2688K)->2408K(2688K)
[235.657s][info][gc             ] GC(1036) Pause Young (Allocation Failure) 759M->84M(2044M) 0.719ms
[235.657s][info][gc,cpu         ] GC(1036) User=0.00s Sys=0.00s Real=0.00s
[235.888s][info][gc,start       ] GC(1037) Pause Young (Allocation Failure)
[235.888s][info][gc,heap        ] GC(1037) PSYoungGen: 692823K->192K(695296K)
[235.888s][info][gc,heap        ] GC(1037) ParOldGen: 85568K->85568K(1398272K)
[235.888s][info][gc,metaspace   ] GC(1037) Metaspace: 20657K(21376K)->20657K(21376K) NonClass: 18249K(18688K)->18249K(18688K) Class: 2408K(2688K)->2408K(2688K)
[235.888s][info][gc             ] GC(1037) Pause Young (Allocation Failure) 760M->83M(2044M) 0.461ms
[235.888s][info][gc,cpu         ] GC(1037) User=0.00s Sys=0.00s Real=0.00s
[236.108s][info][gc,start       ] GC(1038) Pause Young (Allocation Failure)
[236.109s][info][gc,heap        ] GC(1038) PSYoungGen: 691903K->2322K(694272K)
[236.109s][info][gc,heap        ] GC(1038) ParOldGen: 85568K->85592K(1398272K)
[236.109s][info][gc,metaspace   ] GC(1038) Metaspace: 20657K(21376K)->20657K(21376K) NonClass: 18249K(18688K)->18249K(18688K) Class: 2408K(2688K)->2408K(2688K)
[236.109s][info][gc             ] GC(1038) Pause Young (Allocation Failure) 759M->85M(2043M) 0.978ms
[236.109s][info][gc,cpu         ] GC(1038) User=0.00s Sys=0.00s Real=0.00s
[236.341s][info][gc,start       ] GC(1039) Pause Young (Allocation Failure)
[236.342s][info][gc,heap        ] GC(1039) PSYoungGen: 693010K->1665K(694784K)
[236.342s][info][gc,heap        ] GC(1039) ParOldGen: 85592K->85592K(1398272K)
[236.342s][info][gc,metaspace   ] GC(1039) Metaspace: 20657K(21376K)->20657K(21376K) NonClass: 18249K(18688K)->18249K(18688K) Class: 2408K(2688K)->2408K(2688K)
[236.342s][info][gc             ] GC(1039) Pause Young (Allocation Failure) 760M->85M(2044M) 0.778ms
[236.342s][info][gc,cpu         ] GC(1039) User=0.00s Sys=0.00s Real=0.00s
[236.580s][info][gc,start       ] GC(1040) Pause Young (Allocation Failure)
[236.581s][info][gc,heap        ] GC(1040) PSYoungGen: 692353K->1047K(695296K)
[236.581s][info][gc,heap        ] GC(1040) ParOldGen: 85592K->85592K(1398272K)
[236.581s][info][gc,metaspace   ] GC(1040) Metaspace: 20657K(21376K)->20657K(21376K) NonClass: 18249K(18688K)->18249K(18688K) Class: 2408K(2688K)->2408K(2688K)
[236.581s][info][gc             ] GC(1040) Pause Young (Allocation Failure) 759M->84M(2044M) 0.911ms
[236.581s][info][gc,cpu         ] GC(1040) User=0.00s Sys=0.00s Real=0.00s
[236.819s][info][gc,start       ] GC(1041) Pause Young (Allocation Failure)
[236.820s][info][gc,heap        ] GC(1041) PSYoungGen: 692759K->224K(695296K)
[236.820s][info][gc,heap        ] GC(1041) ParOldGen: 85592K->85616K(1398272K)
[236.820s][info][gc,metaspace   ] GC(1041) Metaspace: 20657K(21376K)->20657K(21376K) NonClass: 18249K(18688K)->18249K(18688K) Class: 2408K(2688K)->2408K(2688K)
[236.820s][info][gc             ] GC(1041) Pause Young (Allocation Failure) 760M->83M(2044M) 0.436ms
[236.820s][info][gc,cpu         ] GC(1041) User=0.00s Sys=0.00s Real=0.00s
[237.046s][info][gc,start       ] GC(1042) Pause Young (Allocation Failure)
[237.047s][info][gc,heap        ] GC(1042) PSYoungGen: 691911K->2551K(694272K)
[237.047s][info][gc,heap        ] GC(1042) ParOldGen: 85616K->85616K(1398272K)
[237.047s][info][gc,metaspace   ] GC(1042) Metaspace: 20657K(21376K)->20657K(21376K) NonClass: 18249K(18688K)->18249K(18688K) Class: 2408K(2688K)->2408K(2688K)
[237.047s][info][gc             ] GC(1042) Pause Young (Allocation Failure) 759M->86M(2043M) 1.519ms
[237.047s][info][gc,cpu         ] GC(1042) User=0.00s Sys=0.00s Real=0.00s
[237.285s][info][gc,start       ] GC(1043) Pause Young (Allocation Failure)
[237.286s][info][gc,heap        ] GC(1043) PSYoungGen: 693239K->1627K(694784K)
[237.286s][info][gc,heap        ] GC(1043) ParOldGen: 85616K->85616K(1398272K)
[237.286s][info][gc,metaspace   ] GC(1043) Metaspace: 20657K(21376K)->20657K(21376K) NonClass: 18249K(18688K)->18249K(18688K) Class: 2408K(2688K)->2408K(2688K)
[237.286s][info][gc             ] GC(1043) Pause Young (Allocation Failure) 760M->85M(2044M) 0.906ms
[237.286s][info][gc,cpu         ] GC(1043) User=0.00s Sys=0.00s Real=0.00s
[237.416s][info][gc,start       ] GC(1044) Pause Young (System.gc())
[237.416s][info][gc,heap        ] GC(1044) PSYoungGen: 377058K->64K(695296K)
[237.416s][info][gc,heap        ] GC(1044) ParOldGen: 85616K->85616K(1398272K)
[237.416s][info][gc,metaspace   ] GC(1044) Metaspace: 20657K(21376K)->20657K(21376K) NonClass: 18249K(18688K)->18249K(18688K) Class: 2408K(2688K)->2408K(2688K)
[237.416s][info][gc             ] GC(1044) Pause Young (System.gc()) 451M->83M(2044M) 0.453ms
[237.416s][info][gc,cpu         ] GC(1044) User=0.00s Sys=0.00s Real=0.00s
[237.416s][info][gc,start       ] GC(1045) Pause Full (System.gc())
[237.416s][info][gc,phases,start] GC(1045) Marking Phase
[237.490s][info][gc,phases      ] GC(1045) Marking Phase 74.016ms
[237.490s][info][gc,phases,start] GC(1045) Summary Phase
[237.490s][info][gc,phases      ] GC(1045) Summary Phase 0.011ms
[237.490s][info][gc,phases,start] GC(1045) Adjust Roots
[237.492s][info][gc,phases      ] GC(1045) Adjust Roots 1.337ms
[237.492s][info][gc,phases,start] GC(1045) Compaction Phase
[237.508s][info][gc,phases      ] GC(1045) Compaction Phase 16.213ms
[237.508s][info][gc,phases,start] GC(1045) Post Compact
[237.509s][info][gc,phases      ] GC(1045) Post Compact 0.594ms
[237.509s][info][gc,heap        ] GC(1045) PSYoungGen: 64K->0K(695296K)
[237.509s][info][gc,heap        ] GC(1045) ParOldGen: 85616K->85520K(1398272K)
[237.509s][info][gc,metaspace   ] GC(1045) Metaspace: 20657K(21376K)->20657K(21376K) NonClass: 18249K(18688K)->18249K(18688K) Class: 2408K(2688K)->2408K(2688K)
[237.509s][info][gc             ] GC(1045) Pause Full (System.gc()) 83M->83M(2044M) 92.444ms
[237.509s][info][gc,cpu         ] GC(1045) User=0.25s Sys=0.00s Real=0.09s
[237.754s][info][gc,start       ] GC(1046) Pause Young (Allocation Failure)
[237.755s][info][gc,heap        ] GC(1046) PSYoungGen: 691712K->2625K(694784K)
[237.755s][info][gc,heap        ] GC(1046) ParOldGen: 85520K->85520K(1398272K)
[237.755s][info][gc,metaspace   ] GC(1046) Metaspace: 20657K(21376K)->20657K(21376K) NonClass: 18249K(18688K)->18249K(18688K) Class: 2408K(2688K)->2408K(2688K)
[237.755s][info][gc             ] GC(1046) Pause Young (Allocation Failure) 759M->86M(2044M) 0.923ms
[237.755s][info][gc,cpu         ] GC(1046) User=0.00s Sys=0.00s Real=0.00s
[238.004s][info][gc,start       ] GC(1047) Pause Young (Allocation Failure)
[238.004s][info][gc,heap        ] GC(1047) PSYoungGen: 694337K->1731K(694784K)
[238.004s][info][gc,heap        ] GC(1047) ParOldGen: 85520K->85544K(1398272K)
[238.004s][info][gc,metaspace   ] GC(1047) Metaspace: 20657K(21376K)->20657K(21376K) NonClass: 18249K(18688K)->18249K(18688K) Class: 2408K(2688K)->2408K(2688K)
[238.005s][info][gc             ] GC(1047) Pause Young (Allocation Failure) 761M->85M(2044M) 0.693ms
[238.005s][info][gc,cpu         ] GC(1047) User=0.00s Sys=0.00s Real=0.00s
[238.235s][info][gc,start       ] GC(1048) Pause Young (Allocation Failure)
[238.236s][info][gc,heap        ] GC(1048) PSYoungGen: 692419K->1077K(694784K)
[238.236s][info][gc,heap        ] GC(1048) ParOldGen: 85544K->85544K(1398272K)
[238.236s][info][gc,metaspace   ] GC(1048) Metaspace: 20657K(21376K)->20657K(21376K) NonClass: 18249K(18688K)->18249K(18688K) Class: 2408K(2688K)->2408K(2688K)
[238.236s][info][gc             ] GC(1048) Pause Young (Allocation Failure) 759M->84M(2044M) 0.623ms
[238.236s][info][gc,cpu         ] GC(1048) User=0.00s Sys=0.00s Real=0.00s
[238.469s][info][gc,start       ] GC(1049) Pause Young (Allocation Failure)
[238.470s][info][gc,heap        ] GC(1049) PSYoungGen: 691765K->384K(695296K)
[238.470s][info][gc,heap        ] GC(1049) ParOldGen: 85544K->85544K(1398272K)
[238.470s][info][gc,metaspace   ] GC(1049) Metaspace: 20657K(21376K)->20657K(21376K) NonClass: 18249K(18688K)->18249K(18688K) Class: 2408K(2688K)->2408K(2688K)
[238.470s][info][gc             ] GC(1049) Pause Young (Allocation Failure) 759M->83M(2044M) 0.603ms
[238.470s][info][gc,cpu         ] GC(1049) User=0.00s Sys=0.00s Real=0.00s
[238.718s][info][gc,start       ] GC(1050) Pause Young (Allocation Failure)
[238.719s][info][gc,heap        ] GC(1050) PSYoungGen: 692079K->2324K(694272K)
[238.719s][info][gc,heap        ] GC(1050) ParOldGen: 85544K->85576K(1398272K)
[238.719s][info][gc,metaspace   ] GC(1050) Metaspace: 20657K(21376K)->20657K(21376K) NonClass: 18249K(18688K)->18249K(18688K) Class: 2408K(2688K)->2408K(2688K)
[238.719s][info][gc             ] GC(1050) Pause Young (Allocation Failure) 759M->85M(2043M) 1.087ms
[238.719s][info][gc,cpu         ] GC(1050) User=0.00s Sys=0.00s Real=0.00s
[238.956s][info][gc,start       ] GC(1051) Pause Young (Allocation Failure)
[238.957s][info][gc,heap        ] GC(1051) PSYoungGen: 694036K->1889K(695296K)
[238.957s][info][gc,heap        ] GC(1051) ParOldGen: 85576K->85576K(1398272K)
[238.957s][info][gc,metaspace   ] GC(1051) Metaspace: 20657K(21376K)->20657K(21376K) NonClass: 18249K(18688K)->18249K(18688K) Class: 2408K(2688K)->2408K(2688K)
[238.957s][info][gc             ] GC(1051) Pause Young (Allocation Failure) 761M->85M(2044M) 0.822ms
[238.957s][info][gc,cpu         ] GC(1051) User=0.00s Sys=0.00s Real=0.00s
[239.188s][info][gc,start       ] GC(1052) Pause Young (Allocation Failure)
[239.189s][info][gc,heap        ] GC(1052) PSYoungGen: 693089K->1175K(694784K)
[239.189s][info][gc,heap        ] GC(1052) ParOldGen: 85576K->85576K(1398272K)
[239.189s][info][gc,metaspace   ] GC(1052) Metaspace: 20657K(21376K)->20657K(21376K) NonClass: 18249K(18688K)->18249K(18688K) Class: 2408K(2688K)->2408K(2688K)
[239.189s][info][gc             ] GC(1052) Pause Young (Allocation Failure) 760M->84M(2044M) 0.617ms
[239.189s][info][gc,cpu         ] GC(1052) User=0.00s Sys=0.00s Real=0.00s
[239.431s][info][gc,start       ] GC(1053) Pause Young (Allocation Failure)
[239.431s][info][gc,heap        ] GC(1053) PSYoungGen: 692375K->256K(695296K)
[239.431s][info][gc,heap        ] GC(1053) ParOldGen: 85576K->85576K(1398272K)
[239.431s][info][gc,metaspace   ] GC(1053) Metaspace: 20657K(21376K)->20657K(21376K) NonClass: 18249K(18688K)->18249K(18688K) Class: 2408K(2688K)->2408K(2688K)
[239.431s][info][gc             ] GC(1053) Pause Young (Allocation Failure) 759M->83M(2044M) 0.472ms
[239.431s][info][gc,cpu         ] GC(1053) User=0.00s Sys=0.00s Real=0.00s
[239.667s][info][gc,start       ] GC(1054) Pause Young (Allocation Failure)
[239.668s][info][gc,heap        ] GC(1054) PSYoungGen: 691968K->2239K(695296K)
[239.668s][info][gc,heap        ] GC(1054) ParOldGen: 85576K->85608K(1398272K)
[239.668s][info][gc,metaspace   ] GC(1054) Metaspace: 20657K(21376K)->20657K(21376K) NonClass: 18249K(18688K)->18249K(18688K) Class: 2408K(2688K)->2408K(2688K)
[239.668s][info][gc             ] GC(1054) Pause Young (Allocation Failure) 759M->85M(2044M) 1.011ms
[239.668s][info][gc,cpu         ] GC(1054) User=0.00s Sys=0.00s Real=0.00s
[239.905s][info][gc,start       ] GC(1055) Pause Young (Allocation Failure)
[239.905s][info][gc,heap        ] GC(1055) PSYoungGen: 693951K->1929K(695296K)
[239.905s][info][gc,heap        ] GC(1055) ParOldGen: 85608K->85608K(1398272K)
[239.905s][info][gc,metaspace   ] GC(1055) Metaspace: 20657K(21376K)->20657K(21376K) NonClass: 18249K(18688K)->18249K(18688K) Class: 2408K(2688K)->2408K(2688K)
[239.905s][info][gc             ] GC(1055) Pause Young (Allocation Failure) 761M->85M(2044M) 0.640ms
[239.905s][info][gc,cpu         ] GC(1055) User=0.00s Sys=0.00s Real=0.00s
[240.144s][info][gc,start       ] GC(1056) Pause Young (Allocation Failure)
[240.145s][info][gc,heap        ] GC(1056) PSYoungGen: 693641K->910K(695296K)
[240.145s][info][gc,heap        ] GC(1056) ParOldGen: 85608K->85608K(1398272K)
[240.145s][info][gc,metaspace   ] GC(1056) Metaspace: 20657K(21376K)->20657K(21376K) NonClass: 18249K(18688K)->18249K(18688K) Class: 2408K(2688K)->2408K(2688K)
[240.145s][info][gc             ] GC(1056) Pause Young (Allocation Failure) 760M->84M(2044M) 0.981ms
[240.145s][info][gc,cpu         ] GC(1056) User=0.00s Sys=0.00s Real=0.00s
[240.398s][info][gc,start       ] GC(1057) Pause Young (Allocation Failure)
[240.398s][info][gc,heap        ] GC(1057) PSYoungGen: 692622K->224K(695296K)
[240.398s][info][gc,heap        ] GC(1057) ParOldGen: 85608K->85632K(1398272K)
[240.398s][info][gc,metaspace   ] GC(1057) Metaspace: 20657K(21376K)->20657K(21376K) NonClass: 18249K(18688K)->18249K(18688K) Class: 2408K(2688K)->2408K(2688K)
[240.398s][info][gc             ] GC(1057) Pause Young (Allocation Failure) 759M->83M(2044M) 0.454ms
[240.398s][info][gc,cpu         ] GC(1057) User=0.00s Sys=0.00s Real=0.00s
[240.640s][info][gc,start       ] GC(1058) Pause Young (Allocation Failure)
[240.641s][info][gc,heap        ] GC(1058) PSYoungGen: 691936K->2265K(695296K)
[240.641s][info][gc,heap        ] GC(1058) ParOldGen: 85632K->85632K(1398272K)
[240.641s][info][gc,metaspace   ] GC(1058) Metaspace: 20657K(21376K)->20657K(21376K) NonClass: 18249K(18688K)->18249K(18688K) Class: 2408K(2688K)->2408K(2688K)
[240.641s][info][gc             ] GC(1058) Pause Young (Allocation Failure) 759M->85M(2044M) 1.043ms
[240.641s][info][gc,cpu         ] GC(1058) User=0.00s Sys=0.00s Real=0.00s
[240.892s][info][gc,start       ] GC(1059) Pause Young (Allocation Failure)
[240.894s][info][gc,heap        ] GC(1059) PSYoungGen: 693977K->1951K(695296K)
[240.894s][info][gc,heap        ] GC(1059) ParOldGen: 85632K->85632K(1398272K)
[240.894s][info][gc,metaspace   ] GC(1059) Metaspace: 20657K(21376K)->20657K(21376K) NonClass: 18249K(18688K)->18249K(18688K) Class: 2408K(2688K)->2408K(2688K)
[240.894s][info][gc             ] GC(1059) Pause Young (Allocation Failure) 761M->85M(2044M) 1.671ms
[240.894s][info][gc,cpu         ] GC(1059) User=0.00s Sys=0.00s Real=0.00s
[241.028s][info][gc,start       ] GC(1060) Pause Young (System.gc())
[241.028s][info][gc,heap        ] GC(1060) PSYoungGen: 379060K->32K(695296K)
[241.028s][info][gc,heap        ] GC(1060) ParOldGen: 85632K->85632K(1398272K)
[241.028s][info][gc,metaspace   ] GC(1060) Metaspace: 20657K(21376K)->20657K(21376K) NonClass: 18249K(18688K)->18249K(18688K) Class: 2408K(2688K)->2408K(2688K)
[241.028s][info][gc             ] GC(1060) Pause Young (System.gc()) 453M->83M(2044M) 0.724ms
[241.028s][info][gc,cpu         ] GC(1060) User=0.00s Sys=0.00s Real=0.00s
[241.028s][info][gc,start       ] GC(1061) Pause Full (System.gc())
[241.028s][info][gc,phases,start] GC(1061) Marking Phase
[241.086s][info][gc,phases      ] GC(1061) Marking Phase 57.704ms
[241.086s][info][gc,phases,start] GC(1061) Summary Phase
[241.086s][info][gc,phases      ] GC(1061) Summary Phase 0.011ms
[241.086s][info][gc,phases,start] GC(1061) Adjust Roots
[241.088s][info][gc,phases      ] GC(1061) Adjust Roots 1.395ms
[241.088s][info][gc,phases,start] GC(1061) Compaction Phase
[241.101s][info][gc,phases      ] GC(1061) Compaction Phase 13.615ms
[241.101s][info][gc,phases,start] GC(1061) Post Compact
[241.102s][info][gc,phases      ] GC(1061) Post Compact 0.706ms
[241.102s][info][gc,heap        ] GC(1061) PSYoungGen: 32K->0K(695296K)
[241.102s][info][gc,heap        ] GC(1061) ParOldGen: 85632K->85520K(1398272K)
[241.102s][info][gc,metaspace   ] GC(1061) Metaspace: 20657K(21376K)->20657K(21376K) NonClass: 18249K(18688K)->18249K(18688K) Class: 2408K(2688K)->2408K(2688K)
[241.102s][info][gc             ] GC(1061) Pause Full (System.gc()) 83M->83M(2044M) 73.736ms
[241.102s][info][gc,cpu         ] GC(1061) User=0.27s Sys=0.00s Real=0.07s
[241.339s][info][gc,start       ] GC(1062) Pause Young (Allocation Failure)
[241.340s][info][gc,heap        ] GC(1062) PSYoungGen: 691710K->2150K(694272K)
[241.340s][info][gc,heap        ] GC(1062) ParOldGen: 85520K->85520K(1398272K)
[241.340s][info][gc,metaspace   ] GC(1062) Metaspace: 20658K(21376K)->20658K(21376K) NonClass: 18249K(18688K)->18249K(18688K) Class: 2408K(2688K)->2408K(2688K)
[241.340s][info][gc             ] GC(1062) Pause Young (Allocation Failure) 759M->85M(2043M) 1.017ms
[241.340s][info][gc,cpu         ] GC(1062) User=0.00s Sys=0.00s Real=0.00s
[241.586s][info][gc,start       ] GC(1063) Pause Young (Allocation Failure)
[241.587s][info][gc,heap        ] GC(1063) PSYoungGen: 692838K->1884K(694784K)
[241.587s][info][gc,heap        ] GC(1063) ParOldGen: 85520K->85536K(1398272K)
[241.587s][info][gc,metaspace   ] GC(1063) Metaspace: 20658K(21376K)->20658K(21376K) NonClass: 18249K(18688K)->18249K(18688K) Class: 2408K(2688K)->2408K(2688K)
[241.587s][info][gc             ] GC(1063) Pause Young (Allocation Failure) 760M->85M(2044M) 0.793ms
[241.587s][info][gc,cpu         ] GC(1063) User=0.00s Sys=0.00s Real=0.00s
[241.852s][info][gc,start       ] GC(1064) Pause Young (Allocation Failure)
[241.860s][info][gc,heap        ] GC(1064) PSYoungGen: 692572K->968K(695296K)
[241.861s][info][gc,heap        ] GC(1064) ParOldGen: 85536K->85536K(1398272K)
[241.861s][info][gc,metaspace   ] GC(1064) Metaspace: 20658K(21376K)->20658K(21376K) NonClass: 18249K(18688K)->18249K(18688K) Class: 2408K(2688K)->2408K(2688K)
[241.861s][info][gc             ] GC(1064) Pause Young (Allocation Failure) 759M->84M(2044M) 9.318ms
[241.861s][info][gc,cpu         ] GC(1064) User=0.06s Sys=0.00s Real=0.01s
[244.065s][info][gc,start       ] GC(1065) Pause Young (Allocation Failure)
[244.072s][info][gc,heap        ] GC(1065) PSYoungGen: 692168K->192K(694784K)
[244.072s][info][gc,heap        ] GC(1065) ParOldGen: 85536K->85536K(1398272K)
[244.072s][info][gc,metaspace   ] GC(1065) Metaspace: 20658K(21376K)->20658K(21376K) NonClass: 18249K(18688K)->18249K(18688K) Class: 2408K(2688K)->2408K(2688K)
[244.072s][info][gc             ] GC(1065) Pause Young (Allocation Failure) 759M->83M(2044M) 7.981ms
[244.073s][info][gc,cpu         ] GC(1065) User=0.02s Sys=0.00s Real=0.01s
[246.161s][info][gc,start       ] GC(1066) Pause Young (Allocation Failure)
[246.175s][info][gc,heap        ] GC(1066) PSYoungGen: 691392K->2328K(694272K)
[246.175s][info][gc,heap        ] GC(1066) ParOldGen: 85536K->85552K(1398272K)
[246.175s][info][gc,metaspace   ] GC(1066) Metaspace: 20658K(21376K)->20658K(21376K) NonClass: 18249K(18688K)->18249K(18688K) Class: 2408K(2688K)->2408K(2688K)
[246.175s][info][gc             ] GC(1066) Pause Young (Allocation Failure) 758M->85M(2043M) 14.485ms
[246.175s][info][gc,cpu         ] GC(1066) User=0.00s Sys=0.00s Real=0.02s
[247.085s][info][gc,start       ] GC(1067) Pause Young (Allocation Failure)
[247.086s][info][gc,heap        ] GC(1067) PSYoungGen: 693016K->1583K(694784K)
[247.086s][info][gc,heap        ] GC(1067) ParOldGen: 85552K->85552K(1398272K)
[247.086s][info][gc,metaspace   ] GC(1067) Metaspace: 20658K(21376K)->20658K(21376K) NonClass: 18249K(18688K)->18249K(18688K) Class: 2408K(2688K)->2408K(2688K)
[247.086s][info][gc             ] GC(1067) Pause Young (Allocation Failure) 760M->85M(2044M) 0.728ms
[247.086s][info][gc,cpu         ] GC(1067) User=0.00s Sys=0.00s Real=0.00s
[247.325s][info][gc,start       ] GC(1068) Pause Young (Allocation Failure)
[247.326s][info][gc,heap        ] GC(1068) PSYoungGen: 692271K->949K(695296K)
[247.326s][info][gc,heap        ] GC(1068) ParOldGen: 85552K->85552K(1398272K)
[247.326s][info][gc,metaspace   ] GC(1068) Metaspace: 20658K(21376K)->20658K(21376K) NonClass: 18249K(18688K)->18249K(18688K) Class: 2408K(2688K)->2408K(2688K)
[247.326s][info][gc             ] GC(1068) Pause Young (Allocation Failure) 759M->84M(2044M) 0.962ms
[247.326s][info][gc,cpu         ] GC(1068) User=0.00s Sys=0.00s Real=0.00s
[247.574s][info][gc,start       ] GC(1069) Pause Young (Allocation Failure)
[247.575s][info][gc,heap        ] GC(1069) PSYoungGen: 692661K->224K(695296K)
[247.575s][info][gc,heap        ] GC(1069) ParOldGen: 85552K->85552K(1398272K)
[247.575s][info][gc,metaspace   ] GC(1069) Metaspace: 20658K(21376K)->20658K(21376K) NonClass: 18249K(18688K)->18249K(18688K) Class: 2408K(2688K)->2408K(2688K)
[247.575s][info][gc             ] GC(1069) Pause Young (Allocation Failure) 759M->83M(2044M) 0.534ms
[247.575s][info][gc,cpu         ] GC(1069) User=0.00s Sys=0.00s Real=0.00s
[247.814s][info][gc,start       ] GC(1070) Pause Young (Allocation Failure)
[247.814s][info][gc,heap        ] GC(1070) PSYoungGen: 691936K->2247K(695296K)
[247.814s][info][gc,heap        ] GC(1070) ParOldGen: 85552K->85576K(1398272K)
[247.814s][info][gc,metaspace   ] GC(1070) Metaspace: 20658K(21376K)->20658K(21376K) NonClass: 18249K(18688K)->18249K(18688K) Class: 2408K(2688K)->2408K(2688K)
[247.814s][info][gc             ] GC(1070) Pause Young (Allocation Failure) 759M->85M(2044M) 0.976ms
[247.815s][info][gc,cpu         ] GC(1070) User=0.00s Sys=0.00s Real=0.00s
[248.051s][info][gc,start       ] GC(1071) Pause Young (Allocation Failure)
[248.051s][info][gc,heap        ] GC(1071) PSYoungGen: 693959K->1825K(695296K)
[248.051s][info][gc,heap        ] GC(1071) ParOldGen: 85576K->85576K(1398272K)
[248.051s][info][gc,metaspace   ] GC(1071) Metaspace: 20658K(21376K)->20658K(21376K) NonClass: 18249K(18688K)->18249K(18688K) Class: 2408K(2688K)->2408K(2688K)
[248.051s][info][gc             ] GC(1071) Pause Young (Allocation Failure) 761M->85M(2044M) 0.724ms
[248.051s][info][gc,cpu         ] GC(1071) User=0.00s Sys=0.00s Real=0.00s
[248.281s][info][gc,start       ] GC(1072) Pause Young (Allocation Failure)
[248.282s][info][gc,heap        ] GC(1072) PSYoungGen: 693537K->1292K(695296K)
[248.282s][info][gc,heap        ] GC(1072) ParOldGen: 85576K->85576K(1398272K)
[248.282s][info][gc,metaspace   ] GC(1072) Metaspace: 20658K(21376K)->20658K(21376K) NonClass: 18249K(18688K)->18249K(18688K) Class: 2408K(2688K)->2408K(2688K)
[248.282s][info][gc             ] GC(1072) Pause Young (Allocation Failure) 760M->84M(2044M) 0.580ms
[248.282s][info][gc,cpu         ] GC(1072) User=0.00s Sys=0.00s Real=0.00s
[248.525s][info][gc,start       ] GC(1073) Pause Young (Allocation Failure)
[248.526s][info][gc,heap        ] GC(1073) PSYoungGen: 693004K->473K(695296K)
[248.526s][info][gc,heap        ] GC(1073) ParOldGen: 85576K->85600K(1398272K)
[248.526s][info][gc,metaspace   ] GC(1073) Metaspace: 20658K(21376K)->20658K(21376K) NonClass: 18249K(18688K)->18249K(18688K) Class: 2408K(2688K)->2408K(2688K)
[248.526s][info][gc             ] GC(1073) Pause Young (Allocation Failure) 760M->84M(2044M) 0.535ms
[248.526s][info][gc,cpu         ] GC(1073) User=0.00s Sys=0.00s Real=0.00s
[248.749s][info][gc,start       ] GC(1074) Pause Young (Allocation Failure)
[248.750s][info][gc,heap        ] GC(1074) PSYoungGen: 692156K->2277K(695296K)
[248.750s][info][gc,heap        ] GC(1074) ParOldGen: 85600K->85600K(1398272K)
[248.750s][info][gc,metaspace   ] GC(1074) Metaspace: 20658K(21376K)->20658K(21376K) NonClass: 18249K(18688K)->18249K(18688K) Class: 2408K(2688K)->2408K(2688K)
[248.750s][info][gc             ] GC(1074) Pause Young (Allocation Failure) 759M->85M(2044M) 1.196ms
[248.750s][info][gc,cpu         ] GC(1074) User=0.00s Sys=0.00s Real=0.00s
[248.992s][info][gc,start       ] GC(1075) Pause Young (Allocation Failure)
[248.993s][info][gc,heap        ] GC(1075) PSYoungGen: 693989K->2377K(695296K)
[248.993s][info][gc,heap        ] GC(1075) ParOldGen: 85600K->85600K(1398272K)
[248.993s][info][gc,metaspace   ] GC(1075) Metaspace: 20658K(21376K)->20658K(21376K) NonClass: 18249K(18688K)->18249K(18688K) Class: 2408K(2688K)->2408K(2688K)
[248.993s][info][gc             ] GC(1075) Pause Young (Allocation Failure) 761M->85M(2044M) 1.312ms
[248.993s][info][gc,cpu         ] GC(1075) User=0.00s Sys=0.00s Real=0.00s
[249.118s][info][gc,start       ] GC(1076) Pause Young (System.gc())
[249.118s][info][gc,heap        ] GC(1076) PSYoungGen: 371584K->64K(694272K)
[249.118s][info][gc,heap        ] GC(1076) ParOldGen: 85600K->85600K(1398272K)
[249.118s][info][gc,metaspace   ] GC(1076) Metaspace: 20658K(21376K)->20658K(21376K) NonClass: 18249K(18688K)->18249K(18688K) Class: 2408K(2688K)->2408K(2688K)
[249.118s][info][gc             ] GC(1076) Pause Young (System.gc()) 446M->83M(2043M) 0.464ms
[249.118s][info][gc,cpu         ] GC(1076) User=0.00s Sys=0.00s Real=0.00s
[249.118s][info][gc,start       ] GC(1077) Pause Full (System.gc())
[249.118s][info][gc,phases,start] GC(1077) Marking Phase
[249.181s][info][gc,phases      ] GC(1077) Marking Phase 62.507ms
[249.181s][info][gc,phases,start] GC(1077) Summary Phase
[249.181s][info][gc,phases      ] GC(1077) Summary Phase 0.013ms
[249.181s][info][gc,phases,start] GC(1077) Adjust Roots
[249.182s][info][gc,phases      ] GC(1077) Adjust Roots 1.468ms
[249.182s][info][gc,phases,start] GC(1077) Compaction Phase
[249.201s][info][gc,phases      ] GC(1077) Compaction Phase 18.376ms
[249.201s][info][gc,phases,start] GC(1077) Post Compact
[249.202s][info][gc,phases      ] GC(1077) Post Compact 0.998ms
[249.202s][info][gc,heap        ] GC(1077) PSYoungGen: 64K->0K(694272K)
[249.202s][info][gc,heap        ] GC(1077) ParOldGen: 85600K->85520K(1398272K)
[249.202s][info][gc,metaspace   ] GC(1077) Metaspace: 20658K(21376K)->20658K(21376K) NonClass: 18249K(18688K)->18249K(18688K) Class: 2408K(2688K)->2408K(2688K)
[249.202s][info][gc             ] GC(1077) Pause Full (System.gc()) 83M->83M(2043M) 83.699ms
[249.202s][info][gc,cpu         ] GC(1077) User=0.16s Sys=0.00s Real=0.08s
[249.437s][info][gc,start       ] GC(1078) Pause Young (Allocation Failure)
[249.439s][info][gc,heap        ] GC(1078) PSYoungGen: 690686K->2317K(694784K)
[249.439s][info][gc,heap        ] GC(1078) ParOldGen: 85520K->85520K(1398272K)
[249.439s][info][gc,metaspace   ] GC(1078) Metaspace: 20658K(21376K)->20658K(21376K) NonClass: 18249K(18688K)->18249K(18688K) Class: 2408K(2688K)->2408K(2688K)
[249.439s][info][gc             ] GC(1078) Pause Young (Allocation Failure) 758M->85M(2044M) 1.307ms
[249.439s][info][gc,cpu         ] GC(1078) User=0.00s Sys=0.00s Real=0.00s
[249.681s][info][gc,start       ] GC(1079) Pause Young (Allocation Failure)
[249.681s][info][gc,heap        ] GC(1079) PSYoungGen: 693005K->1892K(694784K)
[249.681s][info][gc,heap        ] GC(1079) ParOldGen: 85520K->85544K(1398272K)
[249.681s][info][gc,metaspace   ] GC(1079) Metaspace: 20658K(21376K)->20658K(21376K) NonClass: 18249K(18688K)->18249K(18688K) Class: 2408K(2688K)->2408K(2688K)
[249.681s][info][gc             ] GC(1079) Pause Young (Allocation Failure) 760M->85M(2044M) 0.763ms
[249.681s][info][gc,cpu         ] GC(1079) User=0.00s Sys=0.00s Real=0.00s
[249.919s][info][gc,start       ] GC(1080) Pause Young (Allocation Failure)
[249.919s][info][gc,heap        ] GC(1080) PSYoungGen: 692580K->1189K(694784K)
[249.920s][info][gc,heap        ] GC(1080) ParOldGen: 85544K->85544K(1398272K)
[249.920s][info][gc,metaspace   ] GC(1080) Metaspace: 20658K(21376K)->20658K(21376K) NonClass: 18249K(18688K)->18249K(18688K) Class: 2408K(2688K)->2408K(2688K)
[249.920s][info][gc             ] GC(1080) Pause Young (Allocation Failure) 759M->84M(2044M) 0.827ms
[249.920s][info][gc,cpu         ] GC(1080) User=0.00s Sys=0.00s Real=0.00s
[250.155s][info][gc,start       ] GC(1081) Pause Young (Allocation Failure)
[250.155s][info][gc,heap        ] GC(1081) PSYoungGen: 691877K->376K(695296K)
[250.155s][info][gc,heap        ] GC(1081) ParOldGen: 85544K->85544K(1398272K)
[250.155s][info][gc,metaspace   ] GC(1081) Metaspace: 20658K(21376K)->20658K(21376K) NonClass: 18249K(18688K)->18249K(18688K) Class: 2408K(2688K)->2408K(2688K)
[250.155s][info][gc             ] GC(1081) Pause Young (Allocation Failure) 759M->83M(2044M) 0.684ms
[250.155s][info][gc,cpu         ] GC(1081) User=0.00s Sys=0.00s Real=0.00s
[250.387s][info][gc,start       ] GC(1082) Pause Young (Allocation Failure)
[250.388s][info][gc,heap        ] GC(1082) PSYoungGen: 692088K->2356K(694272K)
[250.388s][info][gc,heap        ] GC(1082) ParOldGen: 85544K->85568K(1398272K)
[250.388s][info][gc,metaspace   ] GC(1082) Metaspace: 20658K(21376K)->20658K(21376K) NonClass: 18249K(18688K)->18249K(18688K) Class: 2408K(2688K)->2408K(2688K)
[250.388s][info][gc             ] GC(1082) Pause Young (Allocation Failure) 759M->85M(2043M) 1.105ms
[250.388s][info][gc,cpu         ] GC(1082) User=0.00s Sys=0.00s Real=0.00s
[250.642s][info][gc,start       ] GC(1083) Pause Young (Allocation Failure)
[250.643s][info][gc,heap        ] GC(1083) PSYoungGen: 694068K->1953K(694784K)
[250.643s][info][gc,heap        ] GC(1083) ParOldGen: 85568K->85568K(1398272K)
[250.643s][info][gc,metaspace   ] GC(1083) Metaspace: 20658K(21376K)->20658K(21376K) NonClass: 18249K(18688K)->18249K(18688K) Class: 2408K(2688K)->2408K(2688K)
[250.643s][info][gc             ] GC(1083) Pause Young (Allocation Failure) 761M->85M(2044M) 0.955ms
[250.643s][info][gc,cpu         ] GC(1083) User=0.00s Sys=0.00s Real=0.00s
[250.871s][info][gc,start       ] GC(1084) Pause Young (Allocation Failure)
[250.871s][info][gc,heap        ] GC(1084) PSYoungGen: 692641K->1218K(694784K)
[250.871s][info][gc,heap        ] GC(1084) ParOldGen: 85568K->85568K(1398272K)
[250.871s][info][gc,metaspace   ] GC(1084) Metaspace: 20658K(21376K)->20658K(21376K) NonClass: 18249K(18688K)->18249K(18688K) Class: 2408K(2688K)->2408K(2688K)
[250.871s][info][gc             ] GC(1084) Pause Young (Allocation Failure) 759M->84M(2044M) 0.795ms
[250.871s][info][gc,cpu         ] GC(1084) User=0.00s Sys=0.00s Real=0.00s
[251.097s][info][gc,start       ] GC(1085) Pause Young (Allocation Failure)
[251.097s][info][gc,heap        ] GC(1085) PSYoungGen: 691906K->416K(695296K)
[251.097s][info][gc,heap        ] GC(1085) ParOldGen: 85568K->85568K(1398272K)
[251.097s][info][gc,metaspace   ] GC(1085) Metaspace: 20658K(21376K)->20658K(21376K) NonClass: 18249K(18688K)->18249K(18688K) Class: 2408K(2688K)->2408K(2688K)
[251.097s][info][gc             ] GC(1085) Pause Young (Allocation Failure) 759M->83M(2044M) 0.551ms
[251.097s][info][gc,cpu         ] GC(1085) User=0.00s Sys=0.00s Real=0.00s
[251.322s][info][gc,start       ] GC(1086) Pause Young (Allocation Failure)
[251.323s][info][gc,heap        ] GC(1086) PSYoungGen: 692128K->2658K(694784K)
[251.323s][info][gc,heap        ] GC(1086) ParOldGen: 85568K->85584K(1398272K)
[251.323s][info][gc,metaspace   ] GC(1086) Metaspace: 20658K(21376K)->20658K(21376K) NonClass: 18249K(18688K)->18249K(18688K) Class: 2408K(2688K)->2408K(2688K)
[251.323s][info][gc             ] GC(1086) Pause Young (Allocation Failure) 759M->86M(2044M) 1.232ms
[251.323s][info][gc,cpu         ] GC(1086) User=0.00s Sys=0.00s Real=0.00s
[251.553s][info][gc,start       ] GC(1087) Pause Young (Allocation Failure)
[251.554s][info][gc,heap        ] GC(1087) PSYoungGen: 694370K->2077K(694784K)
[251.554s][info][gc,heap        ] GC(1087) ParOldGen: 85584K->85584K(1398272K)
[251.554s][info][gc,metaspace   ] GC(1087) Metaspace: 20658K(21376K)->20658K(21376K) NonClass: 18249K(18688K)->18249K(18688K) Class: 2408K(2688K)->2408K(2688K)
[251.554s][info][gc             ] GC(1087) Pause Young (Allocation Failure) 761M->85M(2044M) 1.259ms
[251.554s][info][gc,cpu         ] GC(1087) User=0.00s Sys=0.00s Real=0.00s
[251.786s][info][gc,start       ] GC(1088) Pause Young (Allocation Failure)
[251.787s][info][gc,heap        ] GC(1088) PSYoungGen: 692765K->1433K(694784K)
[251.787s][info][gc,heap        ] GC(1088) ParOldGen: 85584K->85584K(1398272K)
[251.787s][info][gc,metaspace   ] GC(1088) Metaspace: 20658K(21376K)->20658K(21376K) NonClass: 18249K(18688K)->18249K(18688K) Class: 2408K(2688K)->2408K(2688K)
[251.787s][info][gc             ] GC(1088) Pause Young (Allocation Failure) 760M->84M(2044M) 1.082ms
[251.787s][info][gc,cpu         ] GC(1088) User=0.00s Sys=0.00s Real=0.00s
[252.017s][info][gc,start       ] GC(1089) Pause Young (Allocation Failure)
[252.018s][info][gc,heap        ] GC(1089) PSYoungGen: 692121K->400K(695296K)
[252.018s][info][gc,heap        ] GC(1089) ParOldGen: 85584K->85608K(1398272K)
[252.018s][info][gc,metaspace   ] GC(1089) Metaspace: 20658K(21376K)->20658K(21376K) NonClass: 18249K(18688K)->18249K(18688K) Class: 2408K(2688K)->2408K(2688K)
[252.018s][info][gc             ] GC(1089) Pause Young (Allocation Failure) 759M->83M(2044M) 0.838ms
[252.018s][info][gc,cpu         ] GC(1089) User=0.00s Sys=0.00s Real=0.00s
[252.241s][info][gc,start       ] GC(1090) Pause Young (Allocation Failure)
[252.242s][info][gc,heap        ] GC(1090) PSYoungGen: 692112K->2284K(694272K)
[252.242s][info][gc,heap        ] GC(1090) ParOldGen: 85608K->85608K(1398272K)
[252.243s][info][gc,metaspace   ] GC(1090) Metaspace: 20658K(21376K)->20658K(21376K) NonClass: 18249K(18688K)->18249K(18688K) Class: 2408K(2688K)->2408K(2688K)
[252.243s][info][gc             ] GC(1090) Pause Young (Allocation Failure) 759M->85M(2043M) 1.162ms
[252.243s][info][gc,cpu         ] GC(1090) User=0.00s Sys=0.00s Real=0.00s
[252.473s][info][gc,start       ] GC(1091) Pause Young (Allocation Failure)
[252.473s][info][gc,heap        ] GC(1091) PSYoungGen: 693996K->1907K(695296K)
[252.473s][info][gc,heap        ] GC(1091) ParOldGen: 85608K->85608K(1398272K)
[252.473s][info][gc,metaspace   ] GC(1091) Metaspace: 20658K(21376K)->20658K(21376K) NonClass: 18249K(18688K)->18249K(18688K) Class: 2408K(2688K)->2408K(2688K)
[252.473s][info][gc             ] GC(1091) Pause Young (Allocation Failure) 761M->85M(2044M) 0.904ms
[252.473s][info][gc,cpu         ] GC(1091) User=0.00s Sys=0.00s Real=0.00s
[252.606s][info][gc,start       ] GC(1092) Pause Young (System.gc())
[252.607s][info][gc,heap        ] GC(1092) PSYoungGen: 374472K->64K(694784K)
[252.607s][info][gc,heap        ] GC(1092) ParOldGen: 85608K->85608K(1398272K)
[252.607s][info][gc,metaspace   ] GC(1092) Metaspace: 20658K(21376K)->20658K(21376K) NonClass: 18249K(18688K)->18249K(18688K) Class: 2408K(2688K)->2408K(2688K)
[252.607s][info][gc             ] GC(1092) Pause Young (System.gc()) 449M->83M(2044M) 0.441ms
[252.607s][info][gc,cpu         ] GC(1092) User=0.02s Sys=0.00s Real=0.00s
[252.607s][info][gc,start       ] GC(1093) Pause Full (System.gc())
[252.607s][info][gc,phases,start] GC(1093) Marking Phase
[252.655s][info][gc,phases      ] GC(1093) Marking Phase 47.882ms
[252.655s][info][gc,phases,start] GC(1093) Summary Phase
[252.655s][info][gc,phases      ] GC(1093) Summary Phase 0.012ms
[252.655s][info][gc,phases,start] GC(1093) Adjust Roots
[252.656s][info][gc,phases      ] GC(1093) Adjust Roots 1.392ms
[252.656s][info][gc,phases,start] GC(1093) Compaction Phase
[252.671s][info][gc,phases      ] GC(1093) Compaction Phase 14.538ms
[252.671s][info][gc,phases,start] GC(1093) Post Compact
[252.671s][info][gc,phases      ] GC(1093) Post Compact 0.473ms
[252.671s][info][gc,heap        ] GC(1093) PSYoungGen: 64K->0K(694784K)
[252.671s][info][gc,heap        ] GC(1093) ParOldGen: 85608K->85520K(1398272K)
[252.671s][info][gc,metaspace   ] GC(1093) Metaspace: 20658K(21376K)->20658K(21376K) NonClass: 18249K(18688K)->18249K(18688K) Class: 2408K(2688K)->2408K(2688K)
[252.672s][info][gc             ] GC(1093) Pause Full (System.gc()) 83M->83M(2044M) 64.622ms
[252.672s][info][gc,cpu         ] GC(1093) User=0.03s Sys=0.00s Real=0.07s
[252.897s][info][gc,start       ] GC(1094) Pause Young (Allocation Failure)
[252.898s][info][gc,heap        ] GC(1094) PSYoungGen: 691138K->2501K(694784K)
[252.898s][info][gc,heap        ] GC(1094) ParOldGen: 85520K->85520K(1398272K)
[252.898s][info][gc,metaspace   ] GC(1094) Metaspace: 20658K(21376K)->20658K(21376K) NonClass: 18249K(18688K)->18249K(18688K) Class: 2408K(2688K)->2408K(2688K)
[252.898s][info][gc             ] GC(1094) Pause Young (Allocation Failure) 758M->85M(2044M) 0.967ms
[252.898s][info][gc,cpu         ] GC(1094) User=0.00s Sys=0.00s Real=0.00s
[253.127s][info][gc,start       ] GC(1095) Pause Young (Allocation Failure)
[253.128s][info][gc,heap        ] GC(1095) PSYoungGen: 693189K->1827K(694784K)
[253.128s][info][gc,heap        ] GC(1095) ParOldGen: 85520K->85536K(1398272K)
[253.128s][info][gc,metaspace   ] GC(1095) Metaspace: 20658K(21376K)->20658K(21376K) NonClass: 18249K(18688K)->18249K(18688K) Class: 2408K(2688K)->2408K(2688K)
[253.128s][info][gc             ] GC(1095) Pause Young (Allocation Failure) 760M->85M(2044M) 0.715ms
[253.128s][info][gc,cpu         ] GC(1095) User=0.00s Sys=0.00s Real=0.00s
[253.358s][info][gc,start       ] GC(1096) Pause Young (Allocation Failure)
[253.359s][info][gc,heap        ] GC(1096) PSYoungGen: 692515K->1049K(695296K)
[253.359s][info][gc,heap        ] GC(1096) ParOldGen: 85536K->85536K(1398272K)
[253.359s][info][gc,metaspace   ] GC(1096) Metaspace: 20658K(21376K)->20658K(21376K) NonClass: 18249K(18688K)->18249K(18688K) Class: 2408K(2688K)->2408K(2688K)
[253.359s][info][gc             ] GC(1096) Pause Young (Allocation Failure) 759M->84M(2044M) 0.615ms
[253.359s][info][gc,cpu         ] GC(1096) User=0.00s Sys=0.00s Real=0.00s
[253.591s][info][gc,start       ] GC(1097) Pause Young (Allocation Failure)
[253.591s][info][gc,heap        ] GC(1097) PSYoungGen: 692249K->384K(694784K)
[253.591s][info][gc,heap        ] GC(1097) ParOldGen: 85536K->85536K(1398272K)
[253.591s][info][gc,metaspace   ] GC(1097) Metaspace: 20658K(21376K)->20658K(21376K) NonClass: 18249K(18688K)->18249K(18688K) Class: 2408K(2688K)->2408K(2688K)
[253.591s][info][gc             ] GC(1097) Pause Young (Allocation Failure) 759M->83M(2044M) 0.517ms
[253.591s][info][gc,cpu         ] GC(1097) User=0.00s Sys=0.00s Real=0.00s
[253.812s][info][gc,start       ] GC(1098) Pause Young (Allocation Failure)
[253.813s][info][gc,heap        ] GC(1098) PSYoungGen: 691565K->2512K(694272K)
[253.813s][info][gc,heap        ] GC(1098) ParOldGen: 85536K->85560K(1398272K)
[253.813s][info][gc,metaspace   ] GC(1098) Metaspace: 20658K(21376K)->20658K(21376K) NonClass: 18249K(18688K)->18249K(18688K) Class: 2408K(2688K)->2408K(2688K)
[253.813s][info][gc             ] GC(1098) Pause Young (Allocation Failure) 758M->86M(2043M) 0.897ms
[253.813s][info][gc,cpu         ] GC(1098) User=0.00s Sys=0.00s Real=0.00s
[254.043s][info][gc,start       ] GC(1099) Pause Young (Allocation Failure)
[254.044s][info][gc,heap        ] GC(1099) PSYoungGen: 693200K->1586K(694784K)
[254.044s][info][gc,heap        ] GC(1099) ParOldGen: 85560K->85560K(1398272K)
[254.044s][info][gc,metaspace   ] GC(1099) Metaspace: 20658K(21376K)->20658K(21376K) NonClass: 18249K(18688K)->18249K(18688K) Class: 2408K(2688K)->2408K(2688K)
[254.044s][info][gc             ] GC(1099) Pause Young (Allocation Failure) 760M->85M(2044M) 0.754ms
[254.044s][info][gc,cpu         ] GC(1099) User=0.00s Sys=0.00s Real=0.00s
[254.287s][info][gc,start       ] GC(1100) Pause Young (Allocation Failure)
[254.287s][info][gc,heap        ] GC(1100) PSYoungGen: 692274K->928K(695296K)
[254.287s][info][gc,heap        ] GC(1100) ParOldGen: 85560K->85560K(1398272K)
[254.287s][info][gc,metaspace   ] GC(1100) Metaspace: 20658K(21376K)->20658K(21376K) NonClass: 18249K(18688K)->18249K(18688K) Class: 2408K(2688K)->2408K(2688K)
[254.287s][info][gc             ] GC(1100) Pause Young (Allocation Failure) 759M->84M(2044M) 0.614ms
[254.287s][info][gc,cpu         ] GC(1100) User=0.00s Sys=0.00s Real=0.00s
[254.527s][info][gc,start       ] GC(1101) Pause Young (Allocation Failure)
[254.528s][info][gc,heap        ] GC(1101) PSYoungGen: 692640K->352K(695296K)
[254.528s][info][gc,heap        ] GC(1101) ParOldGen: 85560K->85560K(1398272K)
[254.528s][info][gc,metaspace   ] GC(1101) Metaspace: 20658K(21376K)->20658K(21376K) NonClass: 18249K(18688K)->18249K(18688K) Class: 2408K(2688K)->2408K(2688K)
[254.528s][info][gc             ] GC(1101) Pause Young (Allocation Failure) 759M->83M(2044M) 0.532ms
[254.528s][info][gc,cpu         ] GC(1101) User=0.00s Sys=0.00s Real=0.00s
[254.764s][info][gc,start       ] GC(1102) Pause Young (Allocation Failure)
[254.765s][info][gc,heap        ] GC(1102) PSYoungGen: 692064K->2388K(694272K)
[254.765s][info][gc,heap        ] GC(1102) ParOldGen: 85560K->85584K(1398272K)
[254.765s][info][gc,metaspace   ] GC(1102) Metaspace: 20658K(21376K)->20658K(21376K) NonClass: 18249K(18688K)->18249K(18688K) Class: 2408K(2688K)->2408K(2688K)
[254.765s][info][gc             ] GC(1102) Pause Young (Allocation Failure) 759M->85M(2043M) 1.514ms
[254.765s][info][gc,cpu         ] GC(1102) User=0.00s Sys=0.00s Real=0.00s
[254.998s][info][gc,start       ] GC(1103) Pause Young (Allocation Failure)
[254.999s][info][gc,heap        ] GC(1103) PSYoungGen: 693076K->1913K(694784K)
[254.999s][info][gc,heap        ] GC(1103) ParOldGen: 85584K->85584K(1398272K)
[254.999s][info][gc,metaspace   ] GC(1103) Metaspace: 20658K(21376K)->20658K(21376K) NonClass: 18249K(18688K)->18249K(18688K) Class: 2408K(2688K)->2408K(2688K)
[254.999s][info][gc             ] GC(1103) Pause Young (Allocation Failure) 760M->85M(2044M) 0.951ms
[254.999s][info][gc,cpu         ] GC(1103) User=0.00s Sys=0.00s Real=0.00s
[255.239s][info][gc,start       ] GC(1104) Pause Young (Allocation Failure)
[255.239s][info][gc,heap        ] GC(1104) PSYoungGen: 692601K->1406K(695296K)
[255.239s][info][gc,heap        ] GC(1104) ParOldGen: 85584K->85584K(1398272K)
[255.239s][info][gc,metaspace   ] GC(1104) Metaspace: 20658K(21376K)->20658K(21376K) NonClass: 18249K(18688K)->18249K(18688K) Class: 2408K(2688K)->2408K(2688K)
[255.239s][info][gc             ] GC(1104) Pause Young (Allocation Failure) 759M->84M(2044M) 0.592ms
[255.239s][info][gc,cpu         ] GC(1104) User=0.00s Sys=0.00s Real=0.00s
[255.482s][info][gc,start       ] GC(1105) Pause Young (Allocation Failure)
[255.483s][info][gc,heap        ] GC(1105) PSYoungGen: 693118K->564K(695296K)
[255.483s][info][gc,heap        ] GC(1105) ParOldGen: 85584K->85600K(1398272K)
[255.483s][info][gc,metaspace   ] GC(1105) Metaspace: 20658K(21376K)->20658K(21376K) NonClass: 18249K(18688K)->18249K(18688K) Class: 2408K(2688K)->2408K(2688K)
[255.483s][info][gc             ] GC(1105) Pause Young (Allocation Failure) 760M->84M(2044M) 1.016ms
[255.483s][info][gc,cpu         ] GC(1105) User=0.00s Sys=0.00s Real=0.00s
[255.727s][info][gc,start       ] GC(1106) Pause Young (Allocation Failure)
[255.728s][info][gc,heap        ] GC(1106) PSYoungGen: 692216K->2862K(694272K)
[255.728s][info][gc,heap        ] GC(1106) ParOldGen: 85600K->85600K(1398272K)
[255.728s][info][gc,metaspace   ] GC(1106) Metaspace: 20658K(21376K)->20658K(21376K) NonClass: 18249K(18688K)->18249K(18688K) Class: 2408K(2688K)->2408K(2688K)
[255.728s][info][gc             ] GC(1106) Pause Young (Allocation Failure) 759M->86M(2043M) 1.604ms
[255.728s][info][gc,cpu         ] GC(1106) User=0.00s Sys=0.00s Real=0.00s
[255.974s][info][gc,start       ] GC(1107) Pause Young (Allocation Failure)
[255.985s][info][gc,heap        ] GC(1107) PSYoungGen: 693550K->2260K(694784K)
[255.985s][info][gc,heap        ] GC(1107) ParOldGen: 85600K->85600K(1398272K)
[255.985s][info][gc,metaspace   ] GC(1107) Metaspace: 20658K(21376K)->20658K(21376K) NonClass: 18249K(18688K)->18249K(18688K) Class: 2408K(2688K)->2408K(2688K)
[255.985s][info][gc             ] GC(1107) Pause Young (Allocation Failure) 760M->85M(2044M) 11.501ms
[255.985s][info][gc,cpu         ] GC(1107) User=0.00s Sys=0.00s Real=0.01s
[256.117s][info][gc,start       ] GC(1108) Pause Young (System.gc())
[256.118s][info][gc,heap        ] GC(1108) PSYoungGen: 372489K->64K(694784K)
[256.118s][info][gc,heap        ] GC(1108) ParOldGen: 85600K->85600K(1398272K)
[256.118s][info][gc,metaspace   ] GC(1108) Metaspace: 20658K(21376K)->20658K(21376K) NonClass: 18249K(18688K)->18249K(18688K) Class: 2408K(2688K)->2408K(2688K)
[256.118s][info][gc             ] GC(1108) Pause Young (System.gc()) 447M->83M(2044M) 0.915ms
[256.118s][info][gc,cpu         ] GC(1108) User=0.00s Sys=0.00s Real=0.00s
[256.118s][info][gc,start       ] GC(1109) Pause Full (System.gc())
[256.118s][info][gc,phases,start] GC(1109) Marking Phase
[256.167s][info][gc,phases      ] GC(1109) Marking Phase 48.804ms
[256.167s][info][gc,phases,start] GC(1109) Summary Phase
[256.167s][info][gc,phases      ] GC(1109) Summary Phase 0.011ms
[256.167s][info][gc,phases,start] GC(1109) Adjust Roots
[256.168s][info][gc,phases      ] GC(1109) Adjust Roots 1.368ms
[256.168s][info][gc,phases,start] GC(1109) Compaction Phase
[256.184s][info][gc,phases      ] GC(1109) Compaction Phase 15.511ms
[256.184s][info][gc,phases,start] GC(1109) Post Compact
[256.185s][info][gc,phases      ] GC(1109) Post Compact 0.819ms
[256.185s][info][gc,heap        ] GC(1109) PSYoungGen: 64K->0K(694784K)
[256.185s][info][gc,heap        ] GC(1109) ParOldGen: 85600K->85520K(1398272K)
[256.185s][info][gc,metaspace   ] GC(1109) Metaspace: 20658K(21376K)->20658K(21376K) NonClass: 18249K(18688K)->18249K(18688K) Class: 2408K(2688K)->2408K(2688K)
[256.185s][info][gc             ] GC(1109) Pause Full (System.gc()) 83M->83M(2044M) 66.849ms
[256.185s][info][gc,cpu         ] GC(1109) User=0.11s Sys=0.00s Real=0.07s
[256.421s][info][gc,start       ] GC(1110) Pause Young (Allocation Failure)
[256.421s][info][gc,heap        ] GC(1110) PSYoungGen: 690688K->2288K(694784K)
[256.421s][info][gc,heap        ] GC(1110) ParOldGen: 85520K->85520K(1398272K)
[256.421s][info][gc,metaspace   ] GC(1110) Metaspace: 20658K(21376K)->20658K(21376K) NonClass: 18249K(18688K)->18249K(18688K) Class: 2408K(2688K)->2408K(2688K)
[256.421s][info][gc             ] GC(1110) Pause Young (Allocation Failure) 758M->85M(2044M) 0.800ms
[256.421s][info][gc,cpu         ] GC(1110) User=0.00s Sys=0.00s Real=0.00s
[256.660s][info][gc,start       ] GC(1111) Pause Young (Allocation Failure)
[256.661s][info][gc,heap        ] GC(1111) PSYoungGen: 692976K->1639K(694784K)
[256.661s][info][gc,heap        ] GC(1111) ParOldGen: 85520K->85544K(1398272K)
[256.661s][info][gc,metaspace   ] GC(1111) Metaspace: 20658K(21376K)->20658K(21376K) NonClass: 18249K(18688K)->18249K(18688K) Class: 2408K(2688K)->2408K(2688K)
[256.661s][info][gc             ] GC(1111) Pause Young (Allocation Failure) 760M->85M(2044M) 0.702ms
[256.661s][info][gc,cpu         ] GC(1111) User=0.00s Sys=0.00s Real=0.00s
[256.903s][info][gc,start       ] GC(1112) Pause Young (Allocation Failure)
[256.904s][info][gc,heap        ] GC(1112) PSYoungGen: 692327K->1056K(694784K)
[256.904s][info][gc,heap        ] GC(1112) ParOldGen: 85544K->85544K(1398272K)
[256.904s][info][gc,metaspace   ] GC(1112) Metaspace: 20658K(21376K)->20658K(21376K) NonClass: 18249K(18688K)->18249K(18688K) Class: 2408K(2688K)->2408K(2688K)
[256.904s][info][gc             ] GC(1112) Pause Young (Allocation Failure) 759M->84M(2044M) 0.777ms
[256.904s][info][gc,cpu         ] GC(1112) User=0.00s Sys=0.00s Real=0.00s
[257.134s][info][gc,start       ] GC(1113) Pause Young (Allocation Failure)
[257.136s][info][gc,heap        ] GC(1113) PSYoungGen: 691744K->2145K(695296K)
[257.136s][info][gc,heap        ] GC(1113) ParOldGen: 85544K->85544K(1398272K)
[257.136s][info][gc,metaspace   ] GC(1113) Metaspace: 20658K(21376K)->20658K(21376K) NonClass: 18249K(18688K)->18249K(18688K) Class: 2408K(2688K)->2408K(2688K)
[257.136s][info][gc             ] GC(1113) Pause Young (Allocation Failure) 759M->85M(2044M) 1.565ms
[257.136s][info][gc,cpu         ] GC(1113) User=0.00s Sys=0.00s Real=0.00s
[257.377s][info][gc,start       ] GC(1114) Pause Young (Allocation Failure)
[257.378s][info][gc,heap        ] GC(1114) PSYoungGen: 693857K->2316K(694272K)
[257.378s][info][gc,heap        ] GC(1114) ParOldGen: 85544K->85568K(1398272K)
[257.378s][info][gc,metaspace   ] GC(1114) Metaspace: 20658K(21376K)->20658K(21376K) NonClass: 18249K(18688K)->18249K(18688K) Class: 2408K(2688K)->2408K(2688K)
[257.378s][info][gc             ] GC(1114) Pause Young (Allocation Failure) 761M->85M(2043M) 0.922ms
[257.378s][info][gc,cpu         ] GC(1114) User=0.00s Sys=0.00s Real=0.00s
[257.623s][info][gc,start       ] GC(1115) Pause Young (Allocation Failure)
[257.624s][info][gc,heap        ] GC(1115) PSYoungGen: 694028K->1712K(695296K)
[257.624s][info][gc,heap        ] GC(1115) ParOldGen: 85568K->85568K(1398272K)
[257.624s][info][gc,metaspace   ] GC(1115) Metaspace: 20658K(21376K)->20658K(21376K) NonClass: 18249K(18688K)->18249K(18688K) Class: 2408K(2688K)->2408K(2688K)
[257.624s][info][gc             ] GC(1115) Pause Young (Allocation Failure) 761M->85M(2044M) 0.756ms
[257.624s][info][gc,cpu         ] GC(1115) User=0.00s Sys=0.00s Real=0.00s
[257.862s][info][gc,start       ] GC(1116) Pause Young (Allocation Failure)
[257.862s][info][gc,heap        ] GC(1116) PSYoungGen: 692912K->1289K(694784K)
[257.862s][info][gc,heap        ] GC(1116) ParOldGen: 85568K->85568K(1398272K)
[257.862s][info][gc,metaspace   ] GC(1116) Metaspace: 20658K(21376K)->20658K(21376K) NonClass: 18249K(18688K)->18249K(18688K) Class: 2408K(2688K)->2408K(2688K)
[257.862s][info][gc             ] GC(1116) Pause Young (Allocation Failure) 760M->84M(2044M) 0.731ms
[257.862s][info][gc,cpu         ] GC(1116) User=0.00s Sys=0.00s Real=0.00s
[258.112s][info][gc,start       ] GC(1117) Pause Young (Allocation Failure)
[258.113s][info][gc,heap        ] GC(1117) PSYoungGen: 692489K->472K(695296K)
[258.113s][info][gc,heap        ] GC(1117) ParOldGen: 85568K->85568K(1398272K)
[258.113s][info][gc,metaspace   ] GC(1117) Metaspace: 20658K(21376K)->20658K(21376K) NonClass: 18249K(18688K)->18249K(18688K) Class: 2408K(2688K)->2408K(2688K)
[258.113s][info][gc             ] GC(1117) Pause Young (Allocation Failure) 759M->84M(2044M) 0.629ms
[258.113s][info][gc,cpu         ] GC(1117) User=0.00s Sys=0.00s Real=0.00s
[258.342s][info][gc,start       ] GC(1118) Pause Young (Allocation Failure)
[258.344s][info][gc,heap        ] GC(1118) PSYoungGen: 692184K->2504K(695296K)
[258.344s][info][gc,heap        ] GC(1118) ParOldGen: 85568K->85592K(1398272K)
[258.344s][info][gc,metaspace   ] GC(1118) Metaspace: 20658K(21376K)->20658K(21376K) NonClass: 18249K(18688K)->18249K(18688K) Class: 2408K(2688K)->2408K(2688K)
[258.344s][info][gc             ] GC(1118) Pause Young (Allocation Failure) 759M->86M(2044M) 1.315ms
[258.344s][info][gc,cpu         ] GC(1118) User=0.00s Sys=0.00s Real=0.00s
[258.587s][info][gc,start       ] GC(1119) Pause Young (Allocation Failure)
[258.588s][info][gc,heap        ] GC(1119) PSYoungGen: 694216K->2356K(694272K)
[258.588s][info][gc,heap        ] GC(1119) ParOldGen: 85592K->85592K(1398272K)
[258.588s][info][gc,metaspace   ] GC(1119) Metaspace: 20658K(21376K)->20658K(21376K) NonClass: 18249K(18688K)->18249K(18688K) Class: 2408K(2688K)->2408K(2688K)
[258.588s][info][gc             ] GC(1119) Pause Young (Allocation Failure) 761M->85M(2043M) 1.183ms
[258.588s][info][gc,cpu         ] GC(1119) User=0.00s Sys=0.00s Real=0.00s
[258.826s][info][gc,start       ] GC(1120) Pause Young (Allocation Failure)
[258.827s][info][gc,heap        ] GC(1120) PSYoungGen: 693033K->1531K(694784K)
[258.827s][info][gc,heap        ] GC(1120) ParOldGen: 85592K->85592K(1398272K)
[258.827s][info][gc,metaspace   ] GC(1120) Metaspace: 20658K(21376K)->20658K(21376K) NonClass: 18249K(18688K)->18249K(18688K) Class: 2408K(2688K)->2408K(2688K)
[258.827s][info][gc             ] GC(1120) Pause Young (Allocation Failure) 760M->85M(2044M) 0.685ms
[258.827s][info][gc,cpu         ] GC(1120) User=0.00s Sys=0.00s Real=0.00s
[259.061s][info][gc,start       ] GC(1121) Pause Young (Allocation Failure)
[259.062s][info][gc,heap        ] GC(1121) PSYoungGen: 692219K->848K(695296K)
[259.062s][info][gc,heap        ] GC(1121) ParOldGen: 85592K->85616K(1398272K)
[259.062s][info][gc,metaspace   ] GC(1121) Metaspace: 20658K(21376K)->20658K(21376K) NonClass: 18249K(18688K)->18249K(18688K) Class: 2408K(2688K)->2408K(2688K)
[259.062s][info][gc             ] GC(1121) Pause Young (Allocation Failure) 759M->84M(2044M) 0.863ms
[259.062s][info][gc,cpu         ] GC(1121) User=0.00s Sys=0.00s Real=0.00s
[259.295s][info][gc,start       ] GC(1122) Pause Young (Allocation Failure)
[259.296s][info][gc,heap        ] GC(1122) PSYoungGen: 692560K->160K(695296K)
[259.296s][info][gc,heap        ] GC(1122) ParOldGen: 85616K->85616K(1398272K)
[259.296s][info][gc,metaspace   ] GC(1122) Metaspace: 20658K(21376K)->20658K(21376K) NonClass: 18249K(18688K)->18249K(18688K) Class: 2408K(2688K)->2408K(2688K)
[259.296s][info][gc             ] GC(1122) Pause Young (Allocation Failure) 759M->83M(2044M) 0.564ms
[259.296s][info][gc,cpu         ] GC(1122) User=0.00s Sys=0.00s Real=0.00s
[259.535s][info][gc,start       ] GC(1123) Pause Young (Allocation Failure)
[259.536s][info][gc,heap        ] GC(1123) PSYoungGen: 691829K->2111K(695296K)
[259.536s][info][gc,heap        ] GC(1123) ParOldGen: 85616K->85616K(1398272K)
[259.536s][info][gc,metaspace   ] GC(1123) Metaspace: 20658K(21376K)->20658K(21376K) NonClass: 18249K(18688K)->18249K(18688K) Class: 2408K(2688K)->2408K(2688K)
[259.536s][info][gc             ] GC(1123) Pause Young (Allocation Failure) 759M->85M(2044M) 1.046ms
[259.536s][info][gc,cpu         ] GC(1123) User=0.00s Sys=0.00s Real=0.00s
[259.667s][info][gc,start       ] GC(1124) Pause Young (System.gc())
[259.668s][info][gc,heap        ] GC(1124) PSYoungGen: 368212K->32K(695296K)
[259.668s][info][gc,heap        ] GC(1124) ParOldGen: 85616K->85616K(1398272K)
[259.668s][info][gc,metaspace   ] GC(1124) Metaspace: 20658K(21376K)->20658K(21376K) NonClass: 18249K(18688K)->18249K(18688K) Class: 2408K(2688K)->2408K(2688K)
[259.668s][info][gc             ] GC(1124) Pause Young (System.gc()) 443M->83M(2044M) 0.497ms
[259.668s][info][gc,cpu         ] GC(1124) User=0.00s Sys=0.00s Real=0.00s
[259.668s][info][gc,start       ] GC(1125) Pause Full (System.gc())
[259.668s][info][gc,phases,start] GC(1125) Marking Phase
[259.723s][info][gc,phases      ] GC(1125) Marking Phase 55.312ms
[259.723s][info][gc,phases,start] GC(1125) Summary Phase
[259.723s][info][gc,phases      ] GC(1125) Summary Phase 0.011ms
[259.723s][info][gc,phases,start] GC(1125) Adjust Roots
[259.725s][info][gc,phases      ] GC(1125) Adjust Roots 1.390ms
[259.725s][info][gc,phases,start] GC(1125) Compaction Phase
[259.738s][info][gc,phases      ] GC(1125) Compaction Phase 13.573ms
[259.738s][info][gc,phases,start] GC(1125) Post Compact
[259.739s][info][gc,phases      ] GC(1125) Post Compact 0.526ms
[259.739s][info][gc,heap        ] GC(1125) PSYoungGen: 32K->0K(695296K)
[259.739s][info][gc,heap        ] GC(1125) ParOldGen: 85616K->85520K(1398272K)
[259.739s][info][gc,metaspace   ] GC(1125) Metaspace: 20658K(21376K)->20658K(21376K) NonClass: 18249K(18688K)->18249K(18688K) Class: 2408K(2688K)->2408K(2688K)
[259.739s][info][gc             ] GC(1125) Pause Full (System.gc()) 83M->83M(2044M) 71.089ms
[259.739s][info][gc,cpu         ] GC(1125) User=0.31s Sys=0.00s Real=0.07s
[259.975s][info][gc,start       ] GC(1126) Pause Young (Allocation Failure)
[259.976s][info][gc,heap        ] GC(1126) PSYoungGen: 691712K->2292K(694272K)
[259.976s][info][gc,heap        ] GC(1126) ParOldGen: 85520K->85520K(1398272K)
[259.976s][info][gc,metaspace   ] GC(1126) Metaspace: 20658K(21376K)->20658K(21376K) NonClass: 18249K(18688K)->18249K(18688K) Class: 2408K(2688K)->2408K(2688K)
[259.976s][info][gc             ] GC(1126) Pause Young (Allocation Failure) 759M->85M(2043M) 1.057ms
[259.976s][info][gc,cpu         ] GC(1126) User=0.00s Sys=0.00s Real=0.00s
[260.223s][info][gc,start       ] GC(1127) Pause Young (Allocation Failure)
[260.223s][info][gc,heap        ] GC(1127) PSYoungGen: 692980K->1675K(694784K)
[260.223s][info][gc,heap        ] GC(1127) ParOldGen: 85520K->85552K(1398272K)
[260.223s][info][gc,metaspace   ] GC(1127) Metaspace: 20658K(21376K)->20658K(21376K) NonClass: 18249K(18688K)->18249K(18688K) Class: 2408K(2688K)->2408K(2688K)
[260.223s][info][gc             ] GC(1127) Pause Young (Allocation Failure) 760M->85M(2044M) 0.695ms
[260.223s][info][gc,cpu         ] GC(1127) User=0.00s Sys=0.00s Real=0.00s
[260.456s][info][gc,start       ] GC(1128) Pause Young (Allocation Failure)
[260.456s][info][gc,heap        ] GC(1128) PSYoungGen: 692363K->1024K(695296K)
[260.456s][info][gc,heap        ] GC(1128) ParOldGen: 85552K->85552K(1398272K)
[260.456s][info][gc,metaspace   ] GC(1128) Metaspace: 20658K(21376K)->20658K(21376K) NonClass: 18249K(18688K)->18249K(18688K) Class: 2408K(2688K)->2408K(2688K)
[260.456s][info][gc             ] GC(1128) Pause Young (Allocation Failure) 759M->84M(2044M) 0.581ms
[260.456s][info][gc,cpu         ] GC(1128) User=0.00s Sys=0.00s Real=0.00s
[260.715s][info][gc,start       ] GC(1129) Pause Young (Allocation Failure)
[260.715s][info][gc,heap        ] GC(1129) PSYoungGen: 692736K->288K(695296K)
[260.715s][info][gc,heap        ] GC(1129) ParOldGen: 85552K->85552K(1398272K)
[260.715s][info][gc,metaspace   ] GC(1129) Metaspace: 20658K(21376K)->20658K(21376K) NonClass: 18249K(18688K)->18249K(18688K) Class: 2408K(2688K)->2408K(2688K)
[260.715s][info][gc             ] GC(1129) Pause Young (Allocation Failure) 760M->83M(2044M) 0.749ms
[260.716s][info][gc,cpu         ] GC(1129) User=0.00s Sys=0.00s Real=0.00s
[260.944s][info][gc,start       ] GC(1130) Pause Young (Allocation Failure)
[260.945s][info][gc,heap        ] GC(1130) PSYoungGen: 692000K->2690K(694272K)
[260.945s][info][gc,heap        ] GC(1130) ParOldGen: 85552K->85576K(1398272K)
[260.945s][info][gc,metaspace   ] GC(1130) Metaspace: 20658K(21376K)->20658K(21376K) NonClass: 18249K(18688K)->18249K(18688K) Class: 2408K(2688K)->2408K(2688K)
[260.945s][info][gc             ] GC(1130) Pause Young (Allocation Failure) 759M->86M(2043M) 1.539ms
[260.945s][info][gc,cpu         ] GC(1130) User=0.00s Sys=0.00s Real=0.00s
[261.173s][info][gc,start       ] GC(1131) Pause Young (Allocation Failure)
[261.174s][info][gc,heap        ] GC(1131) PSYoungGen: 693378K->2058K(694784K)
[261.174s][info][gc,heap        ] GC(1131) ParOldGen: 85576K->85576K(1398272K)
[261.174s][info][gc,metaspace   ] GC(1131) Metaspace: 20658K(21376K)->20658K(21376K) NonClass: 18249K(18688K)->18249K(18688K) Class: 2408K(2688K)->2408K(2688K)
[261.174s][info][gc             ] GC(1131) Pause Young (Allocation Failure) 760M->85M(2044M) 0.837ms
[261.174s][info][gc,cpu         ] GC(1131) User=0.00s Sys=0.00s Real=0.00s
[261.412s][info][gc,start       ] GC(1132) Pause Young (Allocation Failure)
[261.412s][info][gc,heap        ] GC(1132) PSYoungGen: 692746K->1207K(695296K)
[261.412s][info][gc,heap        ] GC(1132) ParOldGen: 85576K->85576K(1398272K)
[261.412s][info][gc,metaspace   ] GC(1132) Metaspace: 20658K(21376K)->20658K(21376K) NonClass: 18249K(18688K)->18249K(18688K) Class: 2408K(2688K)->2408K(2688K)
[261.412s][info][gc             ] GC(1132) Pause Young (Allocation Failure) 760M->84M(2044M) 0.709ms
[261.412s][info][gc,cpu         ] GC(1132) User=0.00s Sys=0.00s Real=0.00s
[261.670s][info][gc,start       ] GC(1133) Pause Young (Allocation Failure)
[261.671s][info][gc,heap        ] GC(1133) PSYoungGen: 692407K->577K(694784K)
[261.671s][info][gc,heap        ] GC(1133) ParOldGen: 85576K->85576K(1398272K)
[261.671s][info][gc,metaspace   ] GC(1133) Metaspace: 20658K(21376K)->20658K(21376K) NonClass: 18249K(18688K)->18249K(18688K) Class: 2408K(2688K)->2408K(2688K)
[261.671s][info][gc             ] GC(1133) Pause Young (Allocation Failure) 759M->84M(2044M) 0.677ms
[261.671s][info][gc,cpu         ] GC(1133) User=0.00s Sys=0.00s Real=0.00s
[261.908s][info][gc,start       ] GC(1134) Pause Young (Allocation Failure)
[261.910s][info][gc,heap        ] GC(1134) PSYoungGen: 691751K->2617K(694272K)
[261.910s][info][gc,heap        ] GC(1134) ParOldGen: 85576K->85608K(1398272K)
[261.910s][info][gc,metaspace   ] GC(1134) Metaspace: 20658K(21376K)->20658K(21376K) NonClass: 18249K(18688K)->18249K(18688K) Class: 2408K(2688K)->2408K(2688K)
[261.910s][info][gc             ] GC(1134) Pause Young (Allocation Failure) 759M->86M(2043M) 1.775ms
[261.910s][info][gc,cpu         ] GC(1134) User=0.00s Sys=0.00s Real=0.00s
[262.151s][info][gc,start       ] GC(1135) Pause Young (Allocation Failure)
[262.152s][info][gc,heap        ] GC(1135) PSYoungGen: 693305K->2020K(694784K)
[262.152s][info][gc,heap        ] GC(1135) ParOldGen: 85608K->85608K(1398272K)
[262.152s][info][gc,metaspace   ] GC(1135) Metaspace: 20658K(21376K)->20658K(21376K) NonClass: 18249K(18688K)->18249K(18688K) Class: 2408K(2688K)->2408K(2688K)
[262.152s][info][gc             ] GC(1135) Pause Young (Allocation Failure) 760M->85M(2044M) 0.831ms
[262.152s][info][gc,cpu         ] GC(1135) User=0.00s Sys=0.00s Real=0.00s
[262.387s][info][gc,start       ] GC(1136) Pause Young (Allocation Failure)
[262.388s][info][gc,heap        ] GC(1136) PSYoungGen: 692708K->1497K(695296K)
[262.388s][info][gc,heap        ] GC(1136) ParOldGen: 85608K->85608K(1398272K)
[262.388s][info][gc,metaspace   ] GC(1136) Metaspace: 20658K(21376K)->20658K(21376K) NonClass: 18249K(18688K)->18249K(18688K) Class: 2408K(2688K)->2408K(2688K)
[262.388s][info][gc             ] GC(1136) Pause Young (Allocation Failure) 760M->85M(2044M) 0.658ms
[262.388s][info][gc,cpu         ] GC(1136) User=0.00s Sys=0.00s Real=0.00s
[262.635s][info][gc,start       ] GC(1137) Pause Young (Allocation Failure)
[262.636s][info][gc,heap        ] GC(1137) PSYoungGen: 692697K->761K(694784K)
[262.636s][info][gc,heap        ] GC(1137) ParOldGen: 85608K->85632K(1398272K)
[262.636s][info][gc,metaspace   ] GC(1137) Metaspace: 20658K(21376K)->20658K(21376K) NonClass: 18249K(18688K)->18249K(18688K) Class: 2408K(2688K)->2408K(2688K)
[262.636s][info][gc             ] GC(1137) Pause Young (Allocation Failure) 760M->84M(2044M) 0.635ms
[262.636s][info][gc,cpu         ] GC(1137) User=0.00s Sys=0.00s Real=0.00s
[262.864s][info][gc,start       ] GC(1138) Pause Young (Allocation Failure)
[262.866s][info][gc,heap        ] GC(1138) PSYoungGen: 691849K->2666K(694272K)
[262.866s][info][gc,heap        ] GC(1138) ParOldGen: 85632K->85632K(1398272K)
[262.866s][info][gc,metaspace   ] GC(1138) Metaspace: 20658K(21376K)->20658K(21376K) NonClass: 18249K(18688K)->18249K(18688K) Class: 2408K(2688K)->2408K(2688K)
[262.866s][info][gc             ] GC(1138) Pause Young (Allocation Failure) 759M->86M(2043M) 1.812ms
[262.866s][info][gc,cpu         ] GC(1138) User=0.00s Sys=0.00s Real=0.00s
[263.095s][info][gc,start       ] GC(1139) Pause Young (Allocation Failure)
[263.097s][info][gc,heap        ] GC(1139) PSYoungGen: 693269K->2187K(694784K)
[263.097s][info][gc,heap        ] GC(1139) ParOldGen: 85632K->85632K(1398272K)
[263.097s][info][gc,metaspace   ] GC(1139) Metaspace: 20658K(21376K)->20658K(21376K) NonClass: 18249K(18688K)->18249K(18688K) Class: 2408K(2688K)->2408K(2688K)
[263.097s][info][gc             ] GC(1139) Pause Young (Allocation Failure) 760M->85M(2044M) 1.201ms
[263.097s][info][gc,cpu         ] GC(1139) User=0.00s Sys=0.00s Real=0.00s
[263.221s][info][gc,start       ] GC(1140) Pause Young (System.gc())
[263.221s][info][gc,heap        ] GC(1140) PSYoungGen: 371309K->64K(694784K)
[263.221s][info][gc,heap        ] GC(1140) ParOldGen: 85632K->85632K(1398272K)
[263.221s][info][gc,metaspace   ] GC(1140) Metaspace: 20658K(21376K)->20658K(21376K) NonClass: 18249K(18688K)->18249K(18688K) Class: 2408K(2688K)->2408K(2688K)
[263.221s][info][gc             ] GC(1140) Pause Young (System.gc()) 446M->83M(2044M) 0.416ms
[263.221s][info][gc,cpu         ] GC(1140) User=0.00s Sys=0.00s Real=0.00s
[263.221s][info][gc,start       ] GC(1141) Pause Full (System.gc())
[263.221s][info][gc,phases,start] GC(1141) Marking Phase
[263.279s][info][gc,phases      ] GC(1141) Marking Phase 57.203ms
[263.279s][info][gc,phases,start] GC(1141) Summary Phase
[263.279s][info][gc,phases      ] GC(1141) Summary Phase 0.019ms
[263.279s][info][gc,phases,start] GC(1141) Adjust Roots
[263.280s][info][gc,phases      ] GC(1141) Adjust Roots 1.421ms
[263.280s][info][gc,phases,start] GC(1141) Compaction Phase
[263.294s][info][gc,phases      ] GC(1141) Compaction Phase 13.504ms
[263.294s][info][gc,phases,start] GC(1141) Post Compact
[263.295s][info][gc,phases      ] GC(1141) Post Compact 1.537ms
[263.295s][info][gc,heap        ] GC(1141) PSYoungGen: 64K->0K(694784K)
[263.295s][info][gc,heap        ] GC(1141) ParOldGen: 85632K->85520K(1398272K)
[263.295s][info][gc,metaspace   ] GC(1141) Metaspace: 20658K(21376K)->20658K(21376K) NonClass: 18249K(18688K)->18249K(18688K) Class: 2408K(2688K)->2408K(2688K)
[263.295s][info][gc             ] GC(1141) Pause Full (System.gc()) 83M->83M(2044M) 74.014ms
[263.296s][info][gc,cpu         ] GC(1141) User=0.28s Sys=0.00s Real=0.07s
[263.526s][info][gc,start       ] GC(1142) Pause Young (Allocation Failure)
[263.528s][info][gc,heap        ] GC(1142) PSYoungGen: 690688K->2104K(694784K)
[263.528s][info][gc,heap        ] GC(1142) ParOldGen: 85520K->85520K(1398272K)
[263.528s][info][gc,metaspace   ] GC(1142) Metaspace: 20658K(21376K)->20658K(21376K) NonClass: 18249K(18688K)->18249K(18688K) Class: 2408K(2688K)->2408K(2688K)
[263.528s][info][gc             ] GC(1142) Pause Young (Allocation Failure) 758M->85M(2044M) 1.892ms
[263.528s][info][gc,cpu         ] GC(1142) User=0.00s Sys=0.00s Real=0.00s
[263.763s][info][gc,start       ] GC(1143) Pause Young (Allocation Failure)
[263.764s][info][gc,heap        ] GC(1143) PSYoungGen: 692792K->1799K(694784K)
[263.764s][info][gc,heap        ] GC(1143) ParOldGen: 85520K->85552K(1398272K)
[263.764s][info][gc,metaspace   ] GC(1143) Metaspace: 20658K(21376K)->20658K(21376K) NonClass: 18249K(18688K)->18249K(18688K) Class: 2408K(2688K)->2408K(2688K)
[263.764s][info][gc             ] GC(1143) Pause Young (Allocation Failure) 760M->85M(2044M) 0.803ms
[263.764s][info][gc,cpu         ] GC(1143) User=0.00s Sys=0.00s Real=0.00s
[263.993s][info][gc,start       ] GC(1144) Pause Young (Allocation Failure)
[263.993s][info][gc,heap        ] GC(1144) PSYoungGen: 692487K->1233K(694784K)
[263.993s][info][gc,heap        ] GC(1144) ParOldGen: 85552K->85552K(1398272K)
[263.993s][info][gc,metaspace   ] GC(1144) Metaspace: 20658K(21376K)->20658K(21376K) NonClass: 18249K(18688K)->18249K(18688K) Class: 2408K(2688K)->2408K(2688K)
[263.993s][info][gc             ] GC(1144) Pause Young (Allocation Failure) 759M->84M(2044M) 0.929ms
[263.994s][info][gc,cpu         ] GC(1144) User=0.00s Sys=0.00s Real=0.00s
[264.237s][info][gc,start       ] GC(1145) Pause Young (Allocation Failure)
[264.238s][info][gc,heap        ] GC(1145) PSYoungGen: 691921K->320K(695296K)
[264.238s][info][gc,heap        ] GC(1145) ParOldGen: 85552K->85552K(1398272K)
[264.238s][info][gc,metaspace   ] GC(1145) Metaspace: 20658K(21376K)->20658K(21376K) NonClass: 18249K(18688K)->18249K(18688K) Class: 2408K(2688K)->2408K(2688K)
[264.238s][info][gc             ] GC(1145) Pause Young (Allocation Failure) 759M->83M(2044M) 0.477ms
[264.238s][info][gc,cpu         ] GC(1145) User=0.00s Sys=0.00s Real=0.00s
[264.470s][info][gc,start       ] GC(1146) Pause Young (Allocation Failure)
[264.471s][info][gc,heap        ] GC(1146) PSYoungGen: 692032K->2204K(695296K)
[264.471s][info][gc,heap        ] GC(1146) ParOldGen: 85552K->85576K(1398272K)
[264.471s][info][gc,metaspace   ] GC(1146) Metaspace: 20658K(21376K)->20658K(21376K) NonClass: 18249K(18688K)->18249K(18688K) Class: 2408K(2688K)->2408K(2688K)
[264.471s][info][gc             ] GC(1146) Pause Young (Allocation Failure) 759M->85M(2044M) 1.034ms
[264.471s][info][gc,cpu         ] GC(1146) User=0.00s Sys=0.00s Real=0.00s
[264.739s][info][gc,start       ] GC(1147) Pause Young (Allocation Failure)
[264.741s][info][gc,heap        ] GC(1147) PSYoungGen: 693916K->2160K(694272K)
[264.741s][info][gc,heap        ] GC(1147) ParOldGen: 85576K->85576K(1398272K)
[264.741s][info][gc,metaspace   ] GC(1147) Metaspace: 20658K(21376K)->20658K(21376K) NonClass: 18249K(18688K)->18249K(18688K) Class: 2408K(2688K)->2408K(2688K)
[264.741s][info][gc             ] GC(1147) Pause Young (Allocation Failure) 761M->85M(2043M) 2.422ms
[264.741s][info][gc,cpu         ] GC(1147) User=0.00s Sys=0.00s Real=0.00s
[265.003s][info][gc,start       ] GC(1148) Pause Young (Allocation Failure)
[265.003s][info][gc,heap        ] GC(1148) PSYoungGen: 692848K->1323K(694784K)
[265.003s][info][gc,heap        ] GC(1148) ParOldGen: 85576K->85576K(1398272K)
[265.003s][info][gc,metaspace   ] GC(1148) Metaspace: 20658K(21376K)->20658K(21376K) NonClass: 18249K(18688K)->18249K(18688K) Class: 2408K(2688K)->2408K(2688K)
[265.003s][info][gc             ] GC(1148) Pause Young (Allocation Failure) 760M->84M(2044M) 0.625ms
[265.003s][info][gc,cpu         ] GC(1148) User=0.00s Sys=0.00s Real=0.00s
[265.247s][info][gc,start       ] GC(1149) Pause Young (Allocation Failure)
[265.247s][info][gc,heap        ] GC(1149) PSYoungGen: 692011K->480K(695296K)
[265.247s][info][gc,heap        ] GC(1149) ParOldGen: 85576K->85576K(1398272K)
[265.247s][info][gc,metaspace   ] GC(1149) Metaspace: 20658K(21376K)->20658K(21376K) NonClass: 18249K(18688K)->18249K(18688K) Class: 2408K(2688K)->2408K(2688K)
[265.247s][info][gc             ] GC(1149) Pause Young (Allocation Failure) 759M->84M(2044M) 0.494ms
[265.247s][info][gc,cpu         ] GC(1149) User=0.00s Sys=0.00s Real=0.00s
[265.480s][info][gc,start       ] GC(1150) Pause Young (Allocation Failure)
[265.481s][info][gc,heap        ] GC(1150) PSYoungGen: 692185K->2179K(695296K)
[265.481s][info][gc,heap        ] GC(1150) ParOldGen: 85576K->85600K(1398272K)
[265.481s][info][gc,metaspace   ] GC(1150) Metaspace: 20658K(21376K)->20658K(21376K) NonClass: 18249K(18688K)->18249K(18688K) Class: 2408K(2688K)->2408K(2688K)
[265.481s][info][gc             ] GC(1150) Pause Young (Allocation Failure) 759M->85M(2044M) 1.127ms
[265.481s][info][gc,cpu         ] GC(1150) User=0.00s Sys=0.00s Real=0.00s
[265.729s][info][gc,start       ] GC(1151) Pause Young (Allocation Failure)
[265.730s][info][gc,heap        ] GC(1151) PSYoungGen: 693891K->2194K(695296K)
[265.730s][info][gc,heap        ] GC(1151) ParOldGen: 85600K->85600K(1398272K)
[265.730s][info][gc,metaspace   ] GC(1151) Metaspace: 20658K(21376K)->20658K(21376K) NonClass: 18249K(18688K)->18249K(18688K) Class: 2408K(2688K)->2408K(2688K)
[265.730s][info][gc             ] GC(1151) Pause Young (Allocation Failure) 761M->85M(2044M) 0.842ms
[265.730s][info][gc,cpu         ] GC(1151) User=0.00s Sys=0.00s Real=0.00s
[265.966s][info][gc,start       ] GC(1152) Pause Young (Allocation Failure)
[265.967s][info][gc,heap        ] GC(1152) PSYoungGen: 693906K->1283K(695296K)
[265.967s][info][gc,heap        ] GC(1152) ParOldGen: 85600K->85600K(1398272K)
[265.967s][info][gc,metaspace   ] GC(1152) Metaspace: 20658K(21376K)->20658K(21376K) NonClass: 18249K(18688K)->18249K(18688K) Class: 2408K(2688K)->2408K(2688K)
[265.967s][info][gc             ] GC(1152) Pause Young (Allocation Failure) 761M->84M(2044M) 0.703ms
[265.967s][info][gc,cpu         ] GC(1152) User=0.02s Sys=0.00s Real=0.00s
[266.195s][info][gc,start       ] GC(1153) Pause Young (Allocation Failure)
[266.195s][info][gc,heap        ] GC(1153) PSYoungGen: 692995K->917K(695296K)
[266.195s][info][gc,heap        ] GC(1153) ParOldGen: 85600K->85624K(1398272K)
[266.195s][info][gc,metaspace   ] GC(1153) Metaspace: 20658K(21376K)->20658K(21376K) NonClass: 18249K(18688K)->18249K(18688K) Class: 2408K(2688K)->2408K(2688K)
[266.195s][info][gc             ] GC(1153) Pause Young (Allocation Failure) 760M->84M(2044M) 0.823ms
[266.195s][info][gc,cpu         ] GC(1153) User=0.00s Sys=0.00s Real=0.00s
[266.437s][info][gc,start       ] GC(1154) Pause Young (Allocation Failure)
[266.438s][info][gc,heap        ] GC(1154) PSYoungGen: 692629K->160K(695296K)
[266.438s][info][gc,heap        ] GC(1154) ParOldGen: 85624K->85624K(1398272K)
[266.438s][info][gc,metaspace   ] GC(1154) Metaspace: 20658K(21376K)->20658K(21376K) NonClass: 18249K(18688K)->18249K(18688K) Class: 2408K(2688K)->2408K(2688K)
[266.438s][info][gc             ] GC(1154) Pause Young (Allocation Failure) 760M->83M(2044M) 0.625ms
[266.438s][info][gc,cpu         ] GC(1154) User=0.00s Sys=0.00s Real=0.00s
[266.680s][info][gc,start       ] GC(1155) Pause Young (Allocation Failure)
[266.681s][info][gc,heap        ] GC(1155) PSYoungGen: 691872K->2348K(695296K)
[266.681s][info][gc,heap        ] GC(1155) ParOldGen: 85624K->85624K(1398272K)
[266.681s][info][gc,metaspace   ] GC(1155) Metaspace: 20658K(21376K)->20658K(21376K) NonClass: 18249K(18688K)->18249K(18688K) Class: 2408K(2688K)->2408K(2688K)
[266.681s][info][gc             ] GC(1155) Pause Young (Allocation Failure) 759M->85M(2044M) 1.125ms
[266.681s][info][gc,cpu         ] GC(1155) User=0.00s Sys=0.00s Real=0.00s
[266.808s][info][gc,start       ] GC(1156) Pause Young (System.gc())
[266.809s][info][gc,heap        ] GC(1156) PSYoungGen: 367597K->96K(695296K)
[266.809s][info][gc,heap        ] GC(1156) ParOldGen: 85624K->85624K(1398272K)
[266.809s][info][gc,metaspace   ] GC(1156) Metaspace: 20658K(21376K)->20658K(21376K) NonClass: 18249K(18688K)->18249K(18688K) Class: 2408K(2688K)->2408K(2688K)
[266.809s][info][gc             ] GC(1156) Pause Young (System.gc()) 442M->83M(2044M) 0.402ms
[266.809s][info][gc,cpu         ] GC(1156) User=0.00s Sys=0.00s Real=0.00s
[266.809s][info][gc,start       ] GC(1157) Pause Full (System.gc())
[266.809s][info][gc,phases,start] GC(1157) Marking Phase
[266.863s][info][gc,phases      ] GC(1157) Marking Phase 53.988ms
[266.863s][info][gc,phases,start] GC(1157) Summary Phase
[266.863s][info][gc,phases      ] GC(1157) Summary Phase 0.012ms
[266.863s][info][gc,phases,start] GC(1157) Adjust Roots
[266.864s][info][gc,phases      ] GC(1157) Adjust Roots 1.386ms
[266.864s][info][gc,phases,start] GC(1157) Compaction Phase
[266.878s][info][gc,phases      ] GC(1157) Compaction Phase 13.838ms
[266.883s][info][gc,phases,start] GC(1157) Post Compact
[266.884s][info][gc,phases      ] GC(1157) Post Compact 0.598ms
[266.884s][info][gc,heap        ] GC(1157) PSYoungGen: 96K->0K(695296K)
[266.884s][info][gc,heap        ] GC(1157) ParOldGen: 85624K->85520K(1398272K)
[266.884s][info][gc,metaspace   ] GC(1157) Metaspace: 20658K(21376K)->20658K(21376K) NonClass: 18249K(18688K)->18249K(18688K) Class: 2408K(2688K)->2408K(2688K)
[266.884s][info][gc             ] GC(1157) Pause Full (System.gc()) 83M->83M(2044M) 75.506ms
[266.884s][info][gc,cpu         ] GC(1157) User=0.31s Sys=0.00s Real=0.08s
[267.119s][info][gc,start       ] GC(1158) Pause Young (Allocation Failure)
[267.120s][info][gc,heap        ] GC(1158) PSYoungGen: 691707K->2499K(694272K)
[267.120s][info][gc,heap        ] GC(1158) ParOldGen: 85520K->85520K(1398272K)
[267.120s][info][gc,metaspace   ] GC(1158) Metaspace: 20658K(21376K)->20658K(21376K) NonClass: 18249K(18688K)->18249K(18688K) Class: 2408K(2688K)->2408K(2688K)
[267.120s][info][gc             ] GC(1158) Pause Young (Allocation Failure) 759M->85M(2043M) 0.955ms
[267.120s][info][gc,cpu         ] GC(1158) User=0.00s Sys=0.00s Real=0.00s
[267.355s][info][gc,start       ] GC(1159) Pause Young (Allocation Failure)
[267.356s][info][gc,heap        ] GC(1159) PSYoungGen: 693187K->1858K(694784K)
[267.356s][info][gc,heap        ] GC(1159) ParOldGen: 85520K->85544K(1398272K)
[267.356s][info][gc,metaspace   ] GC(1159) Metaspace: 20658K(21376K)->20658K(21376K) NonClass: 18249K(18688K)->18249K(18688K) Class: 2408K(2688K)->2408K(2688K)
[267.356s][info][gc             ] GC(1159) Pause Young (Allocation Failure) 760M->85M(2044M) 0.834ms
[267.356s][info][gc,cpu         ] GC(1159) User=0.00s Sys=0.00s Real=0.00s
[267.605s][info][gc,start       ] GC(1160) Pause Young (Allocation Failure)
[267.606s][info][gc,heap        ] GC(1160) PSYoungGen: 692546K->910K(695296K)
[267.606s][info][gc,heap        ] GC(1160) ParOldGen: 85544K->85544K(1398272K)
[267.606s][info][gc,metaspace   ] GC(1160) Metaspace: 20658K(21376K)->20658K(21376K) NonClass: 18249K(18688K)->18249K(18688K) Class: 2408K(2688K)->2408K(2688K)
[267.606s][info][gc             ] GC(1160) Pause Young (Allocation Failure) 759M->84M(2044M) 1.355ms
[267.606s][info][gc,cpu         ] GC(1160) User=0.00s Sys=0.00s Real=0.00s
[267.837s][info][gc,start       ] GC(1161) Pause Young (Allocation Failure)
[267.837s][info][gc,heap        ] GC(1161) PSYoungGen: 692110K->192K(694784K)
[267.837s][info][gc,heap        ] GC(1161) ParOldGen: 85544K->85544K(1398272K)
[267.837s][info][gc,metaspace   ] GC(1161) Metaspace: 20658K(21376K)->20658K(21376K) NonClass: 18249K(18688K)->18249K(18688K) Class: 2408K(2688K)->2408K(2688K)
[267.837s][info][gc             ] GC(1161) Pause Young (Allocation Failure) 759M->83M(2044M) 0.498ms
[267.837s][info][gc,cpu         ] GC(1161) User=0.00s Sys=0.00s Real=0.00s
[268.064s][info][gc,start       ] GC(1162) Pause Young (Allocation Failure)
[268.066s][info][gc,heap        ] GC(1162) PSYoungGen: 691392K->2470K(694272K)
[268.066s][info][gc,heap        ] GC(1162) ParOldGen: 85544K->85568K(1398272K)
[268.066s][info][gc,metaspace   ] GC(1162) Metaspace: 20658K(21376K)->20658K(21376K) NonClass: 18249K(18688K)->18249K(18688K) Class: 2408K(2688K)->2408K(2688K)
[268.066s][info][gc             ] GC(1162) Pause Young (Allocation Failure) 758M->85M(2043M) 1.344ms
[268.066s][info][gc,cpu         ] GC(1162) User=0.00s Sys=0.00s Real=0.00s
[268.299s][info][gc,start       ] GC(1163) Pause Young (Allocation Failure)
[268.300s][info][gc,heap        ] GC(1163) PSYoungGen: 693158K->1854K(694784K)
[268.300s][info][gc,heap        ] GC(1163) ParOldGen: 85568K->85568K(1398272K)
[268.300s][info][gc,metaspace   ] GC(1163) Metaspace: 20658K(21376K)->20658K(21376K) NonClass: 18249K(18688K)->18249K(18688K) Class: 2408K(2688K)->2408K(2688K)
[268.300s][info][gc             ] GC(1163) Pause Young (Allocation Failure) 760M->85M(2044M) 0.830ms
[268.300s][info][gc,cpu         ] GC(1163) User=0.00s Sys=0.00s Real=0.00s
[268.550s][info][gc,start       ] GC(1164) Pause Young (Allocation Failure)
[268.551s][info][gc,heap        ] GC(1164) PSYoungGen: 692542K->1201K(695296K)
[268.551s][info][gc,heap        ] GC(1164) ParOldGen: 85568K->85568K(1398272K)
[268.551s][info][gc,metaspace   ] GC(1164) Metaspace: 20658K(21376K)->20658K(21376K) NonClass: 18249K(18688K)->18249K(18688K) Class: 2408K(2688K)->2408K(2688K)
[268.551s][info][gc             ] GC(1164) Pause Young (Allocation Failure) 759M->84M(2044M) 0.734ms
[268.551s][info][gc,cpu         ] GC(1164) User=0.14s Sys=0.00s Real=0.00s
[268.802s][info][gc,start       ] GC(1165) Pause Young (Allocation Failure)
[268.803s][info][gc,heap        ] GC(1165) PSYoungGen: 692401K->521K(694784K)
[268.803s][info][gc,heap        ] GC(1165) ParOldGen: 85568K->85568K(1398272K)
[268.803s][info][gc,metaspace   ] GC(1165) Metaspace: 20658K(21376K)->20658K(21376K) NonClass: 18249K(18688K)->18249K(18688K) Class: 2408K(2688K)->2408K(2688K)
[268.803s][info][gc             ] GC(1165) Pause Young (Allocation Failure) 759M->84M(2044M) 0.747ms
[268.803s][info][gc,cpu         ] GC(1165) User=0.00s Sys=0.00s Real=0.00s
[269.048s][info][gc,start       ] GC(1166) Pause Young (Allocation Failure)
[269.049s][info][gc,heap        ] GC(1166) PSYoungGen: 691721K->2243K(694272K)
[269.049s][info][gc,heap        ] GC(1166) ParOldGen: 85568K->85592K(1398272K)
[269.049s][info][gc,metaspace   ] GC(1166) Metaspace: 20658K(21376K)->20658K(21376K) NonClass: 18249K(18688K)->18249K(18688K) Class: 2408K(2688K)->2408K(2688K)
[269.049s][info][gc             ] GC(1166) Pause Young (Allocation Failure) 759M->85M(2043M) 0.911ms
[269.049s][info][gc,cpu         ] GC(1166) User=0.00s Sys=0.00s Real=0.00s
[269.297s][info][gc,start       ] GC(1167) Pause Young (Allocation Failure)
[269.298s][info][gc,heap        ] GC(1167) PSYoungGen: 692931K->1899K(694784K)
[269.298s][info][gc,heap        ] GC(1167) ParOldGen: 85592K->85592K(1398272K)
[269.298s][info][gc,metaspace   ] GC(1167) Metaspace: 20658K(21376K)->20658K(21376K) NonClass: 18249K(18688K)->18249K(18688K) Class: 2408K(2688K)->2408K(2688K)
[269.298s][info][gc             ] GC(1167) Pause Young (Allocation Failure) 760M->85M(2044M) 0.819ms
[269.298s][info][gc,cpu         ] GC(1167) User=0.00s Sys=0.00s Real=0.00s
[269.547s][info][gc,start       ] GC(1168) Pause Young (Allocation Failure)
[269.548s][info][gc,heap        ] GC(1168) PSYoungGen: 692587K->1108K(695296K)
[269.548s][info][gc,heap        ] GC(1168) ParOldGen: 85592K->85592K(1398272K)
[269.548s][info][gc,metaspace   ] GC(1168) Metaspace: 20658K(21376K)->20658K(21376K) NonClass: 18249K(18688K)->18249K(18688K) Class: 2408K(2688K)->2408K(2688K)
[269.548s][info][gc             ] GC(1168) Pause Young (Allocation Failure) 759M->84M(2044M) 0.864ms
[269.548s][info][gc,cpu         ] GC(1168) User=0.00s Sys=0.00s Real=0.00s
[269.794s][info][gc,start       ] GC(1169) Pause Young (Allocation Failure)
[269.795s][info][gc,heap        ] GC(1169) PSYoungGen: 692820K->432K(695296K)
[269.795s][info][gc,heap        ] GC(1169) ParOldGen: 85592K->85616K(1398272K)
[269.795s][info][gc,metaspace   ] GC(1169) Metaspace: 20658K(21376K)->20658K(21376K) NonClass: 18249K(18688K)->18249K(18688K) Class: 2408K(2688K)->2408K(2688K)
[269.795s][info][gc             ] GC(1169) Pause Young (Allocation Failure) 760M->84M(2044M) 0.628ms
[269.795s][info][gc,cpu         ] GC(1169) User=0.00s Sys=0.00s Real=0.00s
[270.029s][info][gc,start       ] GC(1170) Pause Young (Allocation Failure)
[270.030s][info][gc,heap        ] GC(1170) PSYoungGen: 692144K->2691K(694272K)
[270.030s][info][gc,heap        ] GC(1170) ParOldGen: 85616K->85616K(1398272K)
[270.030s][info][gc,metaspace   ] GC(1170) Metaspace: 20658K(21376K)->20658K(21376K) NonClass: 18249K(18688K)->18249K(18688K) Class: 2408K(2688K)->2408K(2688K)
[270.030s][info][gc             ] GC(1170) Pause Young (Allocation Failure) 759M->86M(2043M) 1.227ms
[270.030s][info][gc,cpu         ] GC(1170) User=0.00s Sys=0.00s Real=0.00s
[270.283s][info][gc,start       ] GC(1171) Pause Young (Allocation Failure)
[270.284s][info][gc,heap        ] GC(1171) PSYoungGen: 693379K->1802K(694784K)
[270.284s][info][gc,heap        ] GC(1171) ParOldGen: 85616K->85616K(1398272K)
[270.284s][info][gc,metaspace   ] GC(1171) Metaspace: 20658K(21376K)->20658K(21376K) NonClass: 18249K(18688K)->18249K(18688K) Class: 2408K(2688K)->2408K(2688K)
[270.284s][info][gc             ] GC(1171) Pause Young (Allocation Failure) 760M->85M(2044M) 0.857ms
[270.284s][info][gc,cpu         ] GC(1171) User=0.00s Sys=0.00s Real=0.00s
[270.425s][info][gc,start       ] GC(1172) Pause Young (System.gc())
[270.426s][info][gc,heap        ] GC(1172) PSYoungGen: 378565K->96K(694272K)
[270.426s][info][gc,heap        ] GC(1172) ParOldGen: 85616K->85616K(1398272K)
[270.426s][info][gc,metaspace   ] GC(1172) Metaspace: 20658K(21376K)->20658K(21376K) NonClass: 18249K(18688K)->18249K(18688K) Class: 2408K(2688K)->2408K(2688K)
[270.426s][info][gc             ] GC(1172) Pause Young (System.gc()) 453M->83M(2043M) 0.547ms
[270.426s][info][gc,cpu         ] GC(1172) User=0.00s Sys=0.00s Real=0.00s
[270.426s][info][gc,start       ] GC(1173) Pause Full (System.gc())
[270.426s][info][gc,phases,start] GC(1173) Marking Phase
[270.473s][info][gc,phases      ] GC(1173) Marking Phase 47.434ms
[270.473s][info][gc,phases,start] GC(1173) Summary Phase
[270.473s][info][gc,phases      ] GC(1173) Summary Phase 0.011ms
[270.473s][info][gc,phases,start] GC(1173) Adjust Roots
[270.475s][info][gc,phases      ] GC(1173) Adjust Roots 1.401ms
[270.475s][info][gc,phases,start] GC(1173) Compaction Phase
[270.488s][info][gc,phases      ] GC(1173) Compaction Phase 13.008ms
[270.488s][info][gc,phases,start] GC(1173) Post Compact
[270.488s][info][gc,phases      ] GC(1173) Post Compact 0.553ms
[270.488s][info][gc,heap        ] GC(1173) PSYoungGen: 96K->0K(694272K)
[270.488s][info][gc,heap        ] GC(1173) ParOldGen: 85616K->85520K(1398272K)
[270.488s][info][gc,metaspace   ] GC(1173) Metaspace: 20658K(21376K)->20658K(21376K) NonClass: 18249K(18688K)->18249K(18688K) Class: 2408K(2688K)->2408K(2688K)
[270.488s][info][gc             ] GC(1173) Pause Full (System.gc()) 83M->83M(2043M) 62.649ms
[270.488s][info][gc,cpu         ] GC(1173) User=0.06s Sys=0.00s Real=0.06s
[270.757s][info][gc,start       ] GC(1174) Pause Young (Allocation Failure)
[270.759s][info][gc,heap        ] GC(1174) PSYoungGen: 690688K->2256K(694784K)
[270.759s][info][gc,heap        ] GC(1174) ParOldGen: 85520K->85520K(1398272K)
[270.759s][info][gc,metaspace   ] GC(1174) Metaspace: 20658K(21376K)->20658K(21376K) NonClass: 18249K(18688K)->18249K(18688K) Class: 2408K(2688K)->2408K(2688K)
[270.759s][info][gc             ] GC(1174) Pause Young (Allocation Failure) 758M->85M(2044M) 1.507ms
[270.759s][info][gc,cpu         ] GC(1174) User=0.00s Sys=0.00s Real=0.00s
[271.020s][info][gc,start       ] GC(1175) Pause Young (Allocation Failure)
[271.021s][info][gc,heap        ] GC(1175) PSYoungGen: 692944K->1654K(695296K)
[271.021s][info][gc,heap        ] GC(1175) ParOldGen: 85520K->85536K(1398272K)
[271.021s][info][gc,metaspace   ] GC(1175) Metaspace: 20658K(21376K)->20658K(21376K) NonClass: 18249K(18688K)->18249K(18688K) Class: 2408K(2688K)->2408K(2688K)
[271.021s][info][gc             ] GC(1175) Pause Young (Allocation Failure) 760M->85M(2044M) 1.273ms
[271.021s][info][gc,cpu         ] GC(1175) User=0.00s Sys=0.00s Real=0.00s
[271.266s][info][gc,start       ] GC(1176) Pause Young (Allocation Failure)
[271.266s][info][gc,heap        ] GC(1176) PSYoungGen: 692854K->976K(694784K)
[271.266s][info][gc,heap        ] GC(1176) ParOldGen: 85536K->85536K(1398272K)
[271.266s][info][gc,metaspace   ] GC(1176) Metaspace: 20658K(21376K)->20658K(21376K) NonClass: 18249K(18688K)->18249K(18688K) Class: 2408K(2688K)->2408K(2688K)
[271.266s][info][gc             ] GC(1176) Pause Young (Allocation Failure) 760M->84M(2044M) 0.726ms
[271.266s][info][gc,cpu         ] GC(1176) User=0.00s Sys=0.00s Real=0.00s
[271.514s][info][gc,start       ] GC(1177) Pause Young (Allocation Failure)
[271.515s][info][gc,heap        ] GC(1177) PSYoungGen: 692176K->320K(695296K)
[271.515s][info][gc,heap        ] GC(1177) ParOldGen: 85536K->85536K(1398272K)
[271.515s][info][gc,metaspace   ] GC(1177) Metaspace: 20658K(21376K)->20658K(21376K) NonClass: 18249K(18688K)->18249K(18688K) Class: 2408K(2688K)->2408K(2688K)
[271.515s][info][gc             ] GC(1177) Pause Young (Allocation Failure) 759M->83M(2044M) 0.743ms
[271.515s][info][gc,cpu         ] GC(1177) User=0.00s Sys=0.00s Real=0.00s
[271.762s][info][gc,start       ] GC(1178) Pause Young (Allocation Failure)
[271.763s][info][gc,heap        ] GC(1178) PSYoungGen: 692032K->2479K(694272K)
[271.763s][info][gc,heap        ] GC(1178) ParOldGen: 85536K->85560K(1398272K)
[271.763s][info][gc,metaspace   ] GC(1178) Metaspace: 20658K(21376K)->20658K(21376K) NonClass: 18249K(18688K)->18249K(18688K) Class: 2408K(2688K)->2408K(2688K)
[271.763s][info][gc             ] GC(1178) Pause Young (Allocation Failure) 759M->85M(2043M) 0.959ms
[271.763s][info][gc,cpu         ] GC(1178) User=0.00s Sys=0.00s Real=0.00s
[272.007s][info][gc,start       ] GC(1179) Pause Young (Allocation Failure)
[272.008s][info][gc,heap        ] GC(1179) PSYoungGen: 694191K->2040K(694784K)
[272.008s][info][gc,heap        ] GC(1179) ParOldGen: 85560K->85560K(1398272K)
[272.008s][info][gc,metaspace   ] GC(1179) Metaspace: 20658K(21376K)->20658K(21376K) NonClass: 18249K(18688K)->18249K(18688K) Class: 2408K(2688K)->2408K(2688K)
[272.008s][info][gc             ] GC(1179) Pause Young (Allocation Failure) 761M->85M(2044M) 0.888ms
[272.008s][info][gc,cpu         ] GC(1179) User=0.00s Sys=0.00s Real=0.00s
[272.246s][info][gc,start       ] GC(1180) Pause Young (Allocation Failure)
[272.246s][info][gc,heap        ] GC(1180) PSYoungGen: 692728K->1160K(694784K)
[272.246s][info][gc,heap        ] GC(1180) ParOldGen: 85560K->85560K(1398272K)
[272.246s][info][gc,metaspace   ] GC(1180) Metaspace: 20658K(21376K)->20658K(21376K) NonClass: 18249K(18688K)->18249K(18688K) Class: 2408K(2688K)->2408K(2688K)
[272.246s][info][gc             ] GC(1180) Pause Young (Allocation Failure) 760M->84M(2044M) 0.698ms
[272.246s][info][gc,cpu         ] GC(1180) User=0.00s Sys=0.00s Real=0.00s
[273.134s][info][gc,start       ] GC(1181) Pause Young (Allocation Failure)
[273.146s][info][gc,heap        ] GC(1181) PSYoungGen: 691848K->256K(695296K)
[273.147s][info][gc,heap        ] GC(1181) ParOldGen: 85560K->85560K(1398272K)
[273.147s][info][gc,metaspace   ] GC(1181) Metaspace: 20658K(21376K)->20658K(21376K) NonClass: 18249K(18688K)->18249K(18688K) Class: 2408K(2688K)->2408K(2688K)
[273.147s][info][gc             ] GC(1181) Pause Young (Allocation Failure) 759M->83M(2044M) 12.736ms
[273.147s][info][gc,cpu         ] GC(1181) User=0.00s Sys=0.00s Real=0.01s
[275.524s][info][gc,start       ] GC(1182) Pause Young (Allocation Failure)
[275.527s][info][gc,heap        ] GC(1182) PSYoungGen: 691968K->2096K(695296K)
[275.527s][info][gc,heap        ] GC(1182) ParOldGen: 85560K->85592K(1398272K)
[275.527s][info][gc,metaspace   ] GC(1182) Metaspace: 20658K(21376K)->20658K(21376K) NonClass: 18249K(18688K)->18249K(18688K) Class: 2408K(2688K)->2408K(2688K)
[275.527s][info][gc             ] GC(1182) Pause Young (Allocation Failure) 759M->85M(2044M) 3.128ms
[275.527s][info][gc,cpu         ] GC(1182) User=0.02s Sys=0.00s Real=0.00s
[275.792s][info][gc,start       ] GC(1183) Pause Young (Allocation Failure)
[275.793s][info][gc,heap        ] GC(1183) PSYoungGen: 693808K->2285K(694272K)
[275.793s][info][gc,heap        ] GC(1183) ParOldGen: 85592K->85592K(1398272K)
[275.793s][info][gc,metaspace   ] GC(1183) Metaspace: 20658K(21376K)->20658K(21376K) NonClass: 18249K(18688K)->18249K(18688K) Class: 2408K(2688K)->2408K(2688K)
[275.793s][info][gc             ] GC(1183) Pause Young (Allocation Failure) 761M->85M(2043M) 1.048ms
[275.793s][info][gc,cpu         ] GC(1183) User=0.00s Sys=0.00s Real=0.00s
[276.040s][info][gc,start       ] GC(1184) Pause Young (Allocation Failure)
[276.041s][info][gc,heap        ] GC(1184) PSYoungGen: 692973K->1553K(694784K)
[276.041s][info][gc,heap        ] GC(1184) ParOldGen: 85592K->85592K(1398272K)
[276.041s][info][gc,metaspace   ] GC(1184) Metaspace: 20658K(21376K)->20658K(21376K) NonClass: 18249K(18688K)->18249K(18688K) Class: 2408K(2688K)->2408K(2688K)
[276.041s][info][gc             ] GC(1184) Pause Young (Allocation Failure) 760M->85M(2044M) 0.653ms
[276.041s][info][gc,cpu         ] GC(1184) User=0.00s Sys=0.00s Real=0.00s
[276.287s][info][gc,start       ] GC(1185) Pause Young (Allocation Failure)
[276.287s][info][gc,heap        ] GC(1185) PSYoungGen: 692241K->818K(695296K)
[276.287s][info][gc,heap        ] GC(1185) ParOldGen: 85592K->85608K(1398272K)
[276.287s][info][gc,metaspace   ] GC(1185) Metaspace: 20658K(21376K)->20658K(21376K) NonClass: 18249K(18688K)->18249K(18688K) Class: 2408K(2688K)->2408K(2688K)
[276.288s][info][gc             ] GC(1185) Pause Young (Allocation Failure) 759M->84M(2044M) 0.612ms
[276.288s][info][gc,cpu         ] GC(1185) User=0.00s Sys=0.00s Real=0.00s
[276.528s][info][gc,start       ] GC(1186) Pause Young (Allocation Failure)
[276.532s][info][gc,heap        ] GC(1186) PSYoungGen: 692133K->3415K(695296K)
[276.533s][info][gc,heap        ] GC(1186) ParOldGen: 85608K->85608K(1398272K)
[276.533s][info][gc,metaspace   ] GC(1186) Metaspace: 20658K(21376K)->20658K(21376K) NonClass: 18249K(18688K)->18249K(18688K) Class: 2408K(2688K)->2408K(2688K)
[276.533s][info][gc             ] GC(1186) Pause Young (Allocation Failure) 759M->86M(2044M) 4.425ms
[276.533s][info][gc,cpu         ] GC(1186) User=0.00s Sys=0.00s Real=0.00s
[276.792s][info][gc,start       ] GC(1187) Pause Young (Allocation Failure)
[276.793s][info][gc,heap        ] GC(1187) PSYoungGen: 695127K->2460K(694272K)
[276.793s][info][gc,heap        ] GC(1187) ParOldGen: 85608K->85608K(1398272K)
[276.793s][info][gc,metaspace   ] GC(1187) Metaspace: 20658K(21376K)->20658K(21376K) NonClass: 18249K(18688K)->18249K(18688K) Class: 2408K(2688K)->2408K(2688K)
[276.793s][info][gc             ] GC(1187) Pause Young (Allocation Failure) 762M->86M(2043M) 0.957ms
[276.793s][info][gc,cpu         ] GC(1187) User=0.00s Sys=0.00s Real=0.00s
[276.928s][info][gc,start       ] GC(1188) Pause Young (System.gc())
[276.929s][info][gc,heap        ] GC(1188) PSYoungGen: 367121K->64K(694784K)
[276.929s][info][gc,heap        ] GC(1188) ParOldGen: 85608K->85608K(1398272K)
[276.929s][info][gc,metaspace   ] GC(1188) Metaspace: 20658K(21376K)->20658K(21376K) NonClass: 18249K(18688K)->18249K(18688K) Class: 2408K(2688K)->2408K(2688K)
[276.929s][info][gc             ] GC(1188) Pause Young (System.gc()) 442M->83M(2044M) 0.582ms
[276.929s][info][gc,cpu         ] GC(1188) User=0.00s Sys=0.00s Real=0.00s
[276.929s][info][gc,start       ] GC(1189) Pause Full (System.gc())
[276.929s][info][gc,phases,start] GC(1189) Marking Phase
[276.988s][info][gc,phases      ] GC(1189) Marking Phase 58.775ms
[276.988s][info][gc,phases,start] GC(1189) Summary Phase
[276.988s][info][gc,phases      ] GC(1189) Summary Phase 0.010ms
[276.988s][info][gc,phases,start] GC(1189) Adjust Roots
[276.989s][info][gc,phases      ] GC(1189) Adjust Roots 1.341ms
[276.989s][info][gc,phases,start] GC(1189) Compaction Phase
[277.004s][info][gc,phases      ] GC(1189) Compaction Phase 14.520ms
[277.004s][info][gc,phases,start] GC(1189) Post Compact
[277.004s][info][gc,phases      ] GC(1189) Post Compact 0.700ms
[277.004s][info][gc,heap        ] GC(1189) PSYoungGen: 64K->0K(694784K)
[277.004s][info][gc,heap        ] GC(1189) ParOldGen: 85608K->85520K(1398272K)
[277.004s][info][gc,metaspace   ] GC(1189) Metaspace: 20658K(21376K)->20658K(21376K) NonClass: 18249K(18688K)->18249K(18688K) Class: 2408K(2688K)->2408K(2688K)
[277.005s][info][gc             ] GC(1189) Pause Full (System.gc()) 83M->83M(2044M) 75.607ms
[277.005s][info][gc,cpu         ] GC(1189) User=0.22s Sys=0.00s Real=0.08s
[277.252s][info][gc,start       ] GC(1190) Pause Young (Allocation Failure)
[277.253s][info][gc,heap        ] GC(1190) PSYoungGen: 690688K->2458K(693760K)
[277.253s][info][gc,heap        ] GC(1190) ParOldGen: 85520K->85520K(1398272K)
[277.253s][info][gc,metaspace   ] GC(1190) Metaspace: 20658K(21376K)->20658K(21376K) NonClass: 18250K(18688K)->18250K(18688K) Class: 2408K(2688K)->2408K(2688K)
[277.253s][info][gc             ] GC(1190) Pause Young (Allocation Failure) 758M->85M(2043M) 1.500ms
[277.253s][info][gc,cpu         ] GC(1190) User=0.00s Sys=0.00s Real=0.00s
[277.503s][info][gc,start       ] GC(1191) Pause Young (Allocation Failure)
[277.504s][info][gc,heap        ] GC(1191) PSYoungGen: 692122K->1710K(694272K)
[277.504s][info][gc,heap        ] GC(1191) ParOldGen: 85520K->85536K(1398272K)
[277.504s][info][gc,metaspace   ] GC(1191) Metaspace: 20658K(21376K)->20658K(21376K) NonClass: 18250K(18688K)->18250K(18688K) Class: 2408K(2688K)->2408K(2688K)
[277.504s][info][gc             ] GC(1191) Pause Young (Allocation Failure) 759M->85M(2043M) 1.612ms
[277.504s][info][gc,cpu         ] GC(1191) User=0.00s Sys=0.00s Real=0.00s
[277.763s][info][gc,start       ] GC(1192) Pause Young (Allocation Failure)
[277.763s][info][gc,heap        ] GC(1192) PSYoungGen: 691374K->838K(694784K)
[277.763s][info][gc,heap        ] GC(1192) ParOldGen: 85536K->85536K(1398272K)
[277.763s][info][gc,metaspace   ] GC(1192) Metaspace: 20658K(21376K)->20658K(21376K) NonClass: 18250K(18688K)->18250K(18688K) Class: 2408K(2688K)->2408K(2688K)
[277.764s][info][gc             ] GC(1192) Pause Young (Allocation Failure) 758M->84M(2044M) 0.913ms
[277.764s][info][gc,cpu         ] GC(1192) User=0.00s Sys=0.00s Real=0.00s
[278.008s][info][gc,start       ] GC(1193) Pause Young (Allocation Failure)
[278.009s][info][gc,heap        ] GC(1193) PSYoungGen: 691450K->2993K(693760K)
[278.009s][info][gc,heap        ] GC(1193) ParOldGen: 85536K->85536K(1398272K)
[278.009s][info][gc,metaspace   ] GC(1193) Metaspace: 20658K(21376K)->20658K(21376K) NonClass: 18250K(18688K)->18250K(18688K) Class: 2408K(2688K)->2408K(2688K)
[278.009s][info][gc             ] GC(1193) Pause Young (Allocation Failure) 758M->86M(2043M) 1.659ms
[278.009s][info][gc,cpu         ] GC(1193) User=0.00s Sys=0.00s Real=0.00s
[278.257s][info][gc,start       ] GC(1194) Pause Young (Allocation Failure)
[278.258s][info][gc,heap        ] GC(1194) PSYoungGen: 693681K->2373K(694272K)
[278.258s][info][gc,heap        ] GC(1194) ParOldGen: 85536K->85552K(1398272K)
[278.258s][info][gc,metaspace   ] GC(1194) Metaspace: 20658K(21376K)->20658K(21376K) NonClass: 18250K(18688K)->18250K(18688K) Class: 2408K(2688K)->2408K(2688K)
[278.258s][info][gc             ] GC(1194) Pause Young (Allocation Failure) 760M->85M(2043M) 0.980ms
[278.258s][info][gc,cpu         ] GC(1194) User=0.00s Sys=0.00s Real=0.00s
[278.506s][info][gc,start       ] GC(1195) Pause Young (Allocation Failure)
[278.506s][info][gc,heap        ] GC(1195) PSYoungGen: 692037K->1753K(694272K)
[278.506s][info][gc,heap        ] GC(1195) ParOldGen: 85552K->85552K(1398272K)
[278.506s][info][gc,metaspace   ] GC(1195) Metaspace: 20658K(21376K)->20658K(21376K) NonClass: 18250K(18688K)->18250K(18688K) Class: 2408K(2688K)->2408K(2688K)
[278.506s][info][gc             ] GC(1195) Pause Young (Allocation Failure) 759M->85M(2043M) 0.721ms
[278.506s][info][gc,cpu         ] GC(1195) User=0.00s Sys=0.00s Real=0.00s
[278.775s][info][gc,start       ] GC(1196) Pause Young (Allocation Failure)
[278.775s][info][gc,heap        ] GC(1196) PSYoungGen: 691417K->1039K(694784K)
[278.775s][info][gc,heap        ] GC(1196) ParOldGen: 85552K->85552K(1398272K)
[278.775s][info][gc,metaspace   ] GC(1196) Metaspace: 20658K(21376K)->20658K(21376K) NonClass: 18250K(18688K)->18250K(18688K) Class: 2408K(2688K)->2408K(2688K)
[278.776s][info][gc             ] GC(1196) Pause Young (Allocation Failure) 758M->84M(2044M) 0.922ms
[278.776s][info][gc,cpu         ] GC(1196) User=0.00s Sys=0.00s Real=0.00s
[279.031s][info][gc,start       ] GC(1197) Pause Young (Allocation Failure)
[279.032s][info][gc,heap        ] GC(1197) PSYoungGen: 691727K->320K(694784K)
[279.032s][info][gc,heap        ] GC(1197) ParOldGen: 85552K->85552K(1398272K)
[279.032s][info][gc,metaspace   ] GC(1197) Metaspace: 20658K(21376K)->20658K(21376K) NonClass: 18250K(18688K)->18250K(18688K) Class: 2408K(2688K)->2408K(2688K)
[279.032s][info][gc             ] GC(1197) Pause Young (Allocation Failure) 759M->83M(2044M) 0.628ms
[279.032s][info][gc,cpu         ] GC(1197) User=0.00s Sys=0.00s Real=0.00s
[279.278s][info][gc,start       ] GC(1198) Pause Young (Allocation Failure)
[279.279s][info][gc,heap        ] GC(1198) PSYoungGen: 690873K->2390K(694784K)
[279.279s][info][gc,heap        ] GC(1198) ParOldGen: 85552K->85568K(1398272K)
[279.279s][info][gc,metaspace   ] GC(1198) Metaspace: 20658K(21376K)->20658K(21376K) NonClass: 18250K(18688K)->18250K(18688K) Class: 2408K(2688K)->2408K(2688K)
[279.279s][info][gc             ] GC(1198) Pause Young (Allocation Failure) 758M->85M(2044M) 1.750ms
[279.279s][info][gc,cpu         ] GC(1198) User=0.00s Sys=0.00s Real=0.00s
[279.537s][info][gc,start       ] GC(1199) Pause Young (Allocation Failure)
[279.538s][info][gc,heap        ] GC(1199) PSYoungGen: 693078K->1877K(694784K)
[279.538s][info][gc,heap        ] GC(1199) ParOldGen: 85568K->85568K(1398272K)
[279.538s][info][gc,metaspace   ] GC(1199) Metaspace: 20658K(21376K)->20658K(21376K) NonClass: 18250K(18688K)->18250K(18688K) Class: 2408K(2688K)->2408K(2688K)
[279.538s][info][gc             ] GC(1199) Pause Young (Allocation Failure) 760M->85M(2044M) 0.902ms
[279.538s][info][gc,cpu         ] GC(1199) User=0.00s Sys=0.00s Real=0.00s
[279.799s][info][gc,start       ] GC(1200) Pause Young (Allocation Failure)
[279.800s][info][gc,heap        ] GC(1200) PSYoungGen: 692565K->1432K(694784K)
[279.800s][info][gc,heap        ] GC(1200) ParOldGen: 85568K->85568K(1398272K)
[279.800s][info][gc,metaspace   ] GC(1200) Metaspace: 20658K(21376K)->20658K(21376K) NonClass: 18250K(18688K)->18250K(18688K) Class: 2408K(2688K)->2408K(2688K)
[279.800s][info][gc             ] GC(1200) Pause Young (Allocation Failure) 759M->84M(2044M) 0.790ms
[279.800s][info][gc,cpu         ] GC(1200) User=0.00s Sys=0.00s Real=0.00s
[280.044s][info][gc,start       ] GC(1201) Pause Young (Allocation Failure)
[280.045s][info][gc,heap        ] GC(1201) PSYoungGen: 692120K->722K(694784K)
[280.045s][info][gc,heap        ] GC(1201) ParOldGen: 85568K->85600K(1398272K)
[280.045s][info][gc,metaspace   ] GC(1201) Metaspace: 20658K(21376K)->20658K(21376K) NonClass: 18250K(18688K)->18250K(18688K) Class: 2408K(2688K)->2408K(2688K)
[280.045s][info][gc             ] GC(1201) Pause Young (Allocation Failure) 759M->84M(2044M) 1.002ms
[280.045s][info][gc,cpu         ] GC(1201) User=0.00s Sys=0.00s Real=0.00s
[280.285s][info][gc,start       ] GC(1202) Pause Young (Allocation Failure)
[280.286s][info][gc,heap        ] GC(1202) PSYoungGen: 691156K->2928K(694272K)
[280.286s][info][gc,heap        ] GC(1202) ParOldGen: 85600K->85600K(1398272K)
[280.286s][info][gc,metaspace   ] GC(1202) Metaspace: 20658K(21376K)->20658K(21376K) NonClass: 18250K(18688K)->18250K(18688K) Class: 2408K(2688K)->2408K(2688K)
[280.286s][info][gc             ] GC(1202) Pause Young (Allocation Failure) 758M->86M(2043M) 1.251ms
[280.286s][info][gc,cpu         ] GC(1202) User=0.00s Sys=0.00s Real=0.00s
[280.537s][info][gc,start       ] GC(1203) Pause Young (Allocation Failure)
[280.538s][info][gc,heap        ] GC(1203) PSYoungGen: 693519K->2625K(694784K)
[280.538s][info][gc,heap        ] GC(1203) ParOldGen: 85600K->85600K(1398272K)
[280.538s][info][gc,metaspace   ] GC(1203) Metaspace: 20658K(21376K)->20658K(21376K) NonClass: 18250K(18688K)->18250K(18688K) Class: 2408K(2688K)->2408K(2688K)
[280.538s][info][gc             ] GC(1203) Pause Young (Allocation Failure) 760M->86M(2044M) 1.050ms
[280.538s][info][gc,cpu         ] GC(1203) User=0.00s Sys=0.00s Real=0.00s
[280.685s][info][gc,start       ] GC(1204) Pause Young (System.gc())
[280.686s][info][gc,heap        ] GC(1204) PSYoungGen: 370088K->32K(694784K)
[280.686s][info][gc,heap        ] GC(1204) ParOldGen: 85600K->85600K(1398272K)
[280.686s][info][gc,metaspace   ] GC(1204) Metaspace: 20658K(21376K)->20658K(21376K) NonClass: 18250K(18688K)->18250K(18688K) Class: 2408K(2688K)->2408K(2688K)
[280.686s][info][gc             ] GC(1204) Pause Young (System.gc()) 445M->83M(2044M) 0.870ms
[280.686s][info][gc,cpu         ] GC(1204) User=0.00s Sys=0.00s Real=0.00s
[280.686s][info][gc,start       ] GC(1205) Pause Full (System.gc())
[280.686s][info][gc,phases,start] GC(1205) Marking Phase
[280.742s][info][gc,phases      ] GC(1205) Marking Phase 56.419ms
[280.742s][info][gc,phases,start] GC(1205) Summary Phase
[280.743s][info][gc,phases      ] GC(1205) Summary Phase 0.016ms
[280.743s][info][gc,phases,start] GC(1205) Adjust Roots
[280.744s][info][gc,phases      ] GC(1205) Adjust Roots 1.806ms
[280.744s][info][gc,phases,start] GC(1205) Compaction Phase
[280.759s][info][gc,phases      ] GC(1205) Compaction Phase 14.497ms
[280.759s][info][gc,phases,start] GC(1205) Post Compact
[280.760s][info][gc,phases      ] GC(1205) Post Compact 0.866ms
[280.760s][info][gc,heap        ] GC(1205) PSYoungGen: 32K->0K(694784K)
[280.760s][info][gc,heap        ] GC(1205) ParOldGen: 85600K->85520K(1398272K)
[280.760s][info][gc,metaspace   ] GC(1205) Metaspace: 20658K(21376K)->20658K(21376K) NonClass: 18250K(18688K)->18250K(18688K) Class: 2408K(2688K)->2408K(2688K)
[280.760s][info][gc             ] GC(1205) Pause Full (System.gc()) 83M->83M(2044M) 74.037ms
[280.760s][info][gc,cpu         ] GC(1205) User=0.20s Sys=0.00s Real=0.08s
[281.012s][info][gc,start       ] GC(1206) Pause Young (Allocation Failure)
[281.013s][info][gc,heap        ] GC(1206) PSYoungGen: 690688K->2331K(693248K)
[281.013s][info][gc,heap        ] GC(1206) ParOldGen: 85520K->85520K(1398272K)
[281.013s][info][gc,metaspace   ] GC(1206) Metaspace: 20658K(21376K)->20658K(21376K) NonClass: 18250K(18688K)->18250K(18688K) Class: 2408K(2688K)->2408K(2688K)
[281.013s][info][gc             ] GC(1206) Pause Young (Allocation Failure) 758M->85M(2042M) 1.342ms
[281.013s][info][gc,cpu         ] GC(1206) User=0.00s Sys=0.00s Real=0.00s
[281.259s][info][gc,start       ] GC(1207) Pause Young (Allocation Failure)
[281.261s][info][gc,heap        ] GC(1207) PSYoungGen: 693019K->1545K(694784K)
[281.261s][info][gc,heap        ] GC(1207) ParOldGen: 85520K->85536K(1398272K)
[281.261s][info][gc,metaspace   ] GC(1207) Metaspace: 20658K(21376K)->20658K(21376K) NonClass: 18250K(18688K)->18250K(18688K) Class: 2408K(2688K)->2408K(2688K)
[281.261s][info][gc             ] GC(1207) Pause Young (Allocation Failure) 760M->85M(2044M) 1.686ms
[281.261s][info][gc,cpu         ] GC(1207) User=0.00s Sys=0.00s Real=0.00s
[281.509s][info][gc,start       ] GC(1208) Pause Young (Allocation Failure)
[281.512s][info][gc,heap        ] GC(1208) PSYoungGen: 691721K->1007K(694272K)
[281.512s][info][gc,heap        ] GC(1208) ParOldGen: 85536K->85536K(1398272K)
[281.512s][info][gc,metaspace   ] GC(1208) Metaspace: 20658K(21376K)->20658K(21376K) NonClass: 18250K(18688K)->18250K(18688K) Class: 2408K(2688K)->2408K(2688K)
[281.512s][info][gc             ] GC(1208) Pause Young (Allocation Failure) 759M->84M(2043M) 3.382ms
[281.513s][info][gc,cpu         ] GC(1208) User=0.00s Sys=0.00s Real=0.00s
[281.749s][info][gc,start       ] GC(1209) Pause Young (Allocation Failure)
[281.749s][info][gc,heap        ] GC(1209) PSYoungGen: 691183K->320K(694784K)
[281.749s][info][gc,heap        ] GC(1209) ParOldGen: 85536K->85536K(1398272K)
[281.749s][info][gc,metaspace   ] GC(1209) Metaspace: 20658K(21376K)->20658K(21376K) NonClass: 18250K(18688K)->18250K(18688K) Class: 2408K(2688K)->2408K(2688K)
[281.749s][info][gc             ] GC(1209) Pause Young (Allocation Failure) 758M->83M(2044M) 0.438ms
[281.749s][info][gc,cpu         ] GC(1209) User=0.00s Sys=0.00s Real=0.00s
[281.972s][info][gc,start       ] GC(1210) Pause Young (Allocation Failure)
[281.973s][info][gc,heap        ] GC(1210) PSYoungGen: 691008K->2600K(694784K)
[281.973s][info][gc,heap        ] GC(1210) ParOldGen: 85536K->85560K(1398272K)
[281.973s][info][gc,metaspace   ] GC(1210) Metaspace: 20658K(21376K)->20658K(21376K) NonClass: 18250K(18688K)->18250K(18688K) Class: 2408K(2688K)->2408K(2688K)
[281.973s][info][gc             ] GC(1210) Pause Young (Allocation Failure) 758M->86M(2044M) 1.014ms
[281.973s][info][gc,cpu         ] GC(1210) User=0.00s Sys=0.00s Real=0.00s
[282.203s][info][gc,start       ] GC(1211) Pause Young (Allocation Failure)
[282.204s][info][gc,heap        ] GC(1211) PSYoungGen: 693288K->1671K(694784K)
[282.204s][info][gc,heap        ] GC(1211) ParOldGen: 85560K->85560K(1398272K)
[282.204s][info][gc,metaspace   ] GC(1211) Metaspace: 20658K(21376K)->20658K(21376K) NonClass: 18250K(18688K)->18250K(18688K) Class: 2408K(2688K)->2408K(2688K)
[282.204s][info][gc             ] GC(1211) Pause Young (Allocation Failure) 760M->85M(2044M) 0.691ms
[282.204s][info][gc,cpu         ] GC(1211) User=0.00s Sys=0.00s Real=0.00s
[282.433s][info][gc,start       ] GC(1212) Pause Young (Allocation Failure)
[282.434s][info][gc,heap        ] GC(1212) PSYoungGen: 692359K->975K(694784K)
[282.434s][info][gc,heap        ] GC(1212) ParOldGen: 85560K->85560K(1398272K)
[282.434s][info][gc,metaspace   ] GC(1212) Metaspace: 20658K(21376K)->20658K(21376K) NonClass: 18250K(18688K)->18250K(18688K) Class: 2408K(2688K)->2408K(2688K)
[282.434s][info][gc             ] GC(1212) Pause Young (Allocation Failure) 759M->84M(2044M) 0.794ms
[282.434s][info][gc,cpu         ] GC(1212) User=0.00s Sys=0.00s Real=0.00s
[282.671s][info][gc,start       ] GC(1213) Pause Young (Allocation Failure)
[282.672s][info][gc,heap        ] GC(1213) PSYoungGen: 691663K->192K(694784K)
[282.672s][info][gc,heap        ] GC(1213) ParOldGen: 85560K->85560K(1398272K)
[282.672s][info][gc,metaspace   ] GC(1213) Metaspace: 20658K(21376K)->20658K(21376K) NonClass: 18250K(18688K)->18250K(18688K) Class: 2408K(2688K)->2408K(2688K)
[282.672s][info][gc             ] GC(1213) Pause Young (Allocation Failure) 759M->83M(2044M) 0.574ms
[282.672s][info][gc,cpu         ] GC(1213) User=0.00s Sys=0.00s Real=0.00s
[282.924s][info][gc,start       ] GC(1214) Pause Young (Allocation Failure)
[282.926s][info][gc,heap        ] GC(1214) PSYoungGen: 690879K->2389K(694784K)
[282.926s][info][gc,heap        ] GC(1214) ParOldGen: 85560K->85584K(1398272K)
[282.926s][info][gc,metaspace   ] GC(1214) Metaspace: 20658K(21376K)->20658K(21376K) NonClass: 18250K(18688K)->18250K(18688K) Class: 2408K(2688K)->2408K(2688K)
[282.926s][info][gc             ] GC(1214) Pause Young (Allocation Failure) 758M->85M(2044M) 1.898ms
[282.926s][info][gc,cpu         ] GC(1214) User=0.00s Sys=0.00s Real=0.00s
[283.157s][info][gc,start       ] GC(1215) Pause Young (Allocation Failure)
[283.157s][info][gc,heap        ] GC(1215) PSYoungGen: 693077K->1644K(694784K)
[283.157s][info][gc,heap        ] GC(1215) ParOldGen: 85584K->85584K(1398272K)
[283.157s][info][gc,metaspace   ] GC(1215) Metaspace: 20658K(21376K)->20658K(21376K) NonClass: 18250K(18688K)->18250K(18688K) Class: 2408K(2688K)->2408K(2688K)
[283.157s][info][gc             ] GC(1215) Pause Young (Allocation Failure) 760M->85M(2044M) 0.889ms
[283.157s][info][gc,cpu         ] GC(1215) User=0.00s Sys=0.00s Real=0.00s
[283.380s][info][gc,start       ] GC(1216) Pause Young (Allocation Failure)
[283.381s][info][gc,heap        ] GC(1216) PSYoungGen: 692332K->1074K(694784K)
[283.381s][info][gc,heap        ] GC(1216) ParOldGen: 85584K->85584K(1398272K)
[283.381s][info][gc,metaspace   ] GC(1216) Metaspace: 20658K(21376K)->20658K(21376K) NonClass: 18250K(18688K)->18250K(18688K) Class: 2408K(2688K)->2408K(2688K)
[283.381s][info][gc             ] GC(1216) Pause Young (Allocation Failure) 759M->84M(2044M) 0.558ms
[283.381s][info][gc,cpu         ] GC(1216) User=0.00s Sys=0.00s Real=0.00s
[283.618s][info][gc,start       ] GC(1217) Pause Young (Allocation Failure)
[283.619s][info][gc,heap        ] GC(1217) PSYoungGen: 691762K->224K(695296K)
[283.619s][info][gc,heap        ] GC(1217) ParOldGen: 85584K->85600K(1398272K)
[283.619s][info][gc,metaspace   ] GC(1217) Metaspace: 20658K(21376K)->20658K(21376K) NonClass: 18250K(18688K)->18250K(18688K) Class: 2408K(2688K)->2408K(2688K)
[283.619s][info][gc             ] GC(1217) Pause Young (Allocation Failure) 759M->83M(2044M) 0.475ms
[283.619s][info][gc,cpu         ] GC(1217) User=0.00s Sys=0.00s Real=0.00s
[283.839s][info][gc,start       ] GC(1218) Pause Young (Allocation Failure)
[283.840s][info][gc,heap        ] GC(1218) PSYoungGen: 691936K->2721K(694784K)
[283.840s][info][gc,heap        ] GC(1218) ParOldGen: 85600K->85600K(1398272K)
[283.840s][info][gc,metaspace   ] GC(1218) Metaspace: 20658K(21376K)->20658K(21376K) NonClass: 18250K(18688K)->18250K(18688K) Class: 2408K(2688K)->2408K(2688K)
[283.840s][info][gc             ] GC(1218) Pause Young (Allocation Failure) 759M->86M(2044M) 1.078ms
[283.840s][info][gc,cpu         ] GC(1218) User=0.00s Sys=0.00s Real=0.00s
[284.067s][info][gc,start       ] GC(1219) Pause Young (Allocation Failure)
[284.068s][info][gc,heap        ] GC(1219) PSYoungGen: 694433K->2095K(694784K)
[284.068s][info][gc,heap        ] GC(1219) ParOldGen: 85600K->85600K(1398272K)
[284.068s][info][gc,metaspace   ] GC(1219) Metaspace: 20658K(21376K)->20658K(21376K) NonClass: 18250K(18688K)->18250K(18688K) Class: 2408K(2688K)->2408K(2688K)
[284.068s][info][gc             ] GC(1219) Pause Young (Allocation Failure) 761M->85M(2044M) 0.775ms
[284.068s][info][gc,cpu         ] GC(1219) User=0.00s Sys=0.00s Real=0.00s
[284.191s][info][gc,start       ] GC(1220) Pause Young (System.gc())
[284.192s][info][gc,heap        ] GC(1220) PSYoungGen: 378888K->64K(694784K)
[284.192s][info][gc,heap        ] GC(1220) ParOldGen: 85600K->85600K(1398272K)
[284.192s][info][gc,metaspace   ] GC(1220) Metaspace: 20658K(21376K)->20658K(21376K) NonClass: 18250K(18688K)->18250K(18688K) Class: 2408K(2688K)->2408K(2688K)
[284.192s][info][gc             ] GC(1220) Pause Young (System.gc()) 453M->83M(2044M) 0.744ms
[284.192s][info][gc,cpu         ] GC(1220) User=0.00s Sys=0.00s Real=0.00s
[284.192s][info][gc,start       ] GC(1221) Pause Full (System.gc())
[284.192s][info][gc,phases,start] GC(1221) Marking Phase
[284.258s][info][gc,phases      ] GC(1221) Marking Phase 65.835ms
[284.258s][info][gc,phases,start] GC(1221) Summary Phase
[284.258s][info][gc,phases      ] GC(1221) Summary Phase 0.012ms
[284.258s][info][gc,phases,start] GC(1221) Adjust Roots
[284.259s][info][gc,phases      ] GC(1221) Adjust Roots 1.592ms
[284.260s][info][gc,phases,start] GC(1221) Compaction Phase
[284.273s][info][gc,phases      ] GC(1221) Compaction Phase 13.789ms
[284.273s][info][gc,phases,start] GC(1221) Post Compact
[284.274s][info][gc,phases      ] GC(1221) Post Compact 0.623ms
[284.274s][info][gc,heap        ] GC(1221) PSYoungGen: 64K->0K(694784K)
[284.274s][info][gc,heap        ] GC(1221) ParOldGen: 85600K->85520K(1398272K)
[284.274s][info][gc,metaspace   ] GC(1221) Metaspace: 20658K(21376K)->20658K(21376K) NonClass: 18250K(18688K)->18250K(18688K) Class: 2408K(2688K)->2408K(2688K)
[284.274s][info][gc             ] GC(1221) Pause Full (System.gc()) 83M->83M(2044M) 82.201ms
[284.274s][info][gc,cpu         ] GC(1221) User=0.22s Sys=0.00s Real=0.08s
[284.506s][info][gc,start       ] GC(1222) Pause Young (Allocation Failure)
[284.510s][info][gc,heap        ] GC(1222) PSYoungGen: 690679K->2740K(694784K)
[284.510s][info][gc,heap        ] GC(1222) ParOldGen: 85520K->85520K(1398272K)
[284.510s][info][gc,metaspace   ] GC(1222) Metaspace: 20658K(21376K)->20658K(21376K) NonClass: 18250K(18688K)->18250K(18688K) Class: 2408K(2688K)->2408K(2688K)
[284.510s][info][gc             ] GC(1222) Pause Young (Allocation Failure) 758M->86M(2044M) 3.426ms
[284.510s][info][gc,cpu         ] GC(1222) User=0.00s Sys=0.00s Real=0.00s
[284.752s][info][gc,start       ] GC(1223) Pause Young (Allocation Failure)
[284.753s][info][gc,heap        ] GC(1223) PSYoungGen: 693428K->1718K(694784K)
[284.753s][info][gc,heap        ] GC(1223) ParOldGen: 85520K->85544K(1398272K)
[284.753s][info][gc,metaspace   ] GC(1223) Metaspace: 20658K(21376K)->20658K(21376K) NonClass: 18250K(18688K)->18250K(18688K) Class: 2408K(2688K)->2408K(2688K)
[284.753s][info][gc             ] GC(1223) Pause Young (Allocation Failure) 760M->85M(2044M) 0.769ms
[284.753s][info][gc,cpu         ] GC(1223) User=0.00s Sys=0.00s Real=0.00s
[284.987s][info][gc,start       ] GC(1224) Pause Young (Allocation Failure)
[284.988s][info][gc,heap        ] GC(1224) PSYoungGen: 692406K->1024K(694784K)
[284.988s][info][gc,heap        ] GC(1224) ParOldGen: 85544K->85544K(1398272K)
[284.988s][info][gc,metaspace   ] GC(1224) Metaspace: 20658K(21376K)->20658K(21376K) NonClass: 18250K(18688K)->18250K(18688K) Class: 2408K(2688K)->2408K(2688K)
[284.988s][info][gc             ] GC(1224) Pause Young (Allocation Failure) 759M->84M(2044M) 0.612ms
[284.988s][info][gc,cpu         ] GC(1224) User=0.00s Sys=0.00s Real=0.00s
[285.229s][info][gc,start       ] GC(1225) Pause Young (Allocation Failure)
[285.230s][info][gc,heap        ] GC(1225) PSYoungGen: 691712K->224K(694784K)
[285.230s][info][gc,heap        ] GC(1225) ParOldGen: 85544K->85544K(1398272K)
[285.230s][info][gc,metaspace   ] GC(1225) Metaspace: 20658K(21376K)->20658K(21376K) NonClass: 18250K(18688K)->18250K(18688K) Class: 2408K(2688K)->2408K(2688K)
[285.230s][info][gc             ] GC(1225) Pause Young (Allocation Failure) 759M->83M(2044M) 0.552ms
[285.230s][info][gc,cpu         ] GC(1225) User=0.00s Sys=0.00s Real=0.00s
[285.468s][info][gc,start       ] GC(1226) Pause Young (Allocation Failure)
[285.468s][info][gc,heap        ] GC(1226) PSYoungGen: 690912K->2867K(694784K)
[285.468s][info][gc,heap        ] GC(1226) ParOldGen: 85544K->85568K(1398272K)
[285.468s][info][gc,metaspace   ] GC(1226) Metaspace: 20658K(21376K)->20658K(21376K) NonClass: 18250K(18688K)->18250K(18688K) Class: 2408K(2688K)->2408K(2688K)
[285.469s][info][gc             ] GC(1226) Pause Young (Allocation Failure) 758M->86M(2044M) 0.895ms
[285.469s][info][gc,cpu         ] GC(1226) User=0.00s Sys=0.00s Real=0.00s
[285.714s][info][gc,start       ] GC(1227) Pause Young (Allocation Failure)
[285.715s][info][gc,heap        ] GC(1227) PSYoungGen: 693555K->1699K(694784K)
[285.715s][info][gc,heap        ] GC(1227) ParOldGen: 85568K->85568K(1398272K)
[285.715s][info][gc,metaspace   ] GC(1227) Metaspace: 20658K(21376K)->20658K(21376K) NonClass: 18250K(18688K)->18250K(18688K) Class: 2408K(2688K)->2408K(2688K)
[285.715s][info][gc             ] GC(1227) Pause Young (Allocation Failure) 760M->85M(2044M) 1.030ms
[285.715s][info][gc,cpu         ] GC(1227) User=0.00s Sys=0.00s Real=0.00s
[285.943s][info][gc,start       ] GC(1228) Pause Young (Allocation Failure)
[285.944s][info][gc,heap        ] GC(1228) PSYoungGen: 692387K->1256K(694784K)
[285.944s][info][gc,heap        ] GC(1228) ParOldGen: 85568K->85568K(1398272K)
[285.944s][info][gc,metaspace   ] GC(1228) Metaspace: 20658K(21376K)->20658K(21376K) NonClass: 18250K(18688K)->18250K(18688K) Class: 2408K(2688K)->2408K(2688K)
[285.944s][info][gc             ] GC(1228) Pause Young (Allocation Failure) 759M->84M(2044M) 0.974ms
[285.944s][info][gc,cpu         ] GC(1228) User=0.00s Sys=0.00s Real=0.00s
[286.195s][info][gc,start       ] GC(1229) Pause Young (Allocation Failure)
[286.195s][info][gc,heap        ] GC(1229) PSYoungGen: 691944K->665K(694784K)
[286.195s][info][gc,heap        ] GC(1229) ParOldGen: 85568K->85568K(1398272K)
[286.195s][info][gc,metaspace   ] GC(1229) Metaspace: 20658K(21376K)->20658K(21376K) NonClass: 18250K(18688K)->18250K(18688K) Class: 2408K(2688K)->2408K(2688K)
[286.195s][info][gc             ] GC(1229) Pause Young (Allocation Failure) 759M->84M(2044M) 0.520ms
[286.195s][info][gc,cpu         ] GC(1229) User=0.00s Sys=0.00s Real=0.00s
[286.419s][info][gc,start       ] GC(1230) Pause Young (Allocation Failure)
[286.420s][info][gc,heap        ] GC(1230) PSYoungGen: 691341K->2894K(694784K)
[286.421s][info][gc,heap        ] GC(1230) ParOldGen: 85568K->85600K(1398272K)
[286.421s][info][gc,metaspace   ] GC(1230) Metaspace: 20658K(21376K)->20658K(21376K) NonClass: 18250K(18688K)->18250K(18688K) Class: 2408K(2688K)->2408K(2688K)
[286.421s][info][gc             ] GC(1230) Pause Young (Allocation Failure) 758M->86M(2044M) 1.447ms
[286.421s][info][gc,cpu         ] GC(1230) User=0.02s Sys=0.00s Real=0.00s
[286.667s][info][gc,start       ] GC(1231) Pause Young (Allocation Failure)
[286.668s][info][gc,heap        ] GC(1231) PSYoungGen: 693582K->2180K(694784K)
[286.668s][info][gc,heap        ] GC(1231) ParOldGen: 85600K->85600K(1398272K)
[286.668s][info][gc,metaspace   ] GC(1231) Metaspace: 20658K(21376K)->20658K(21376K) NonClass: 18250K(18688K)->18250K(18688K) Class: 2408K(2688K)->2408K(2688K)
[286.668s][info][gc             ] GC(1231) Pause Young (Allocation Failure) 760M->85M(2044M) 1.018ms
[286.668s][info][gc,cpu         ] GC(1231) User=0.00s Sys=0.00s Real=0.00s
[286.901s][info][gc,start       ] GC(1232) Pause Young (Allocation Failure)
[286.902s][info][gc,heap        ] GC(1232) PSYoungGen: 692868K->1479K(694784K)
[286.902s][info][gc,heap        ] GC(1232) ParOldGen: 85600K->85600K(1398272K)
[286.902s][info][gc,metaspace   ] GC(1232) Metaspace: 20658K(21376K)->20658K(21376K) NonClass: 18250K(18688K)->18250K(18688K) Class: 2408K(2688K)->2408K(2688K)
[286.902s][info][gc             ] GC(1232) Pause Young (Allocation Failure) 760M->85M(2044M) 0.637ms
[286.902s][info][gc,cpu         ] GC(1232) User=0.00s Sys=0.00s Real=0.00s
[287.134s][info][gc,start       ] GC(1233) Pause Young (Allocation Failure)
[287.135s][info][gc,heap        ] GC(1233) PSYoungGen: 692167K->633K(694784K)
[287.135s][info][gc,heap        ] GC(1233) ParOldGen: 85600K->85624K(1398272K)
[287.135s][info][gc,metaspace   ] GC(1233) Metaspace: 20658K(21376K)->20658K(21376K) NonClass: 18250K(18688K)->18250K(18688K) Class: 2408K(2688K)->2408K(2688K)
[287.135s][info][gc             ] GC(1233) Pause Young (Allocation Failure) 759M->84M(2044M) 0.601ms
[287.135s][info][gc,cpu         ] GC(1233) User=0.00s Sys=0.00s Real=0.00s
[287.377s][info][gc,start       ] GC(1234) Pause Young (Allocation Failure)
[287.378s][info][gc,heap        ] GC(1234) PSYoungGen: 691192K->2608K(694784K)
[287.378s][info][gc,heap        ] GC(1234) ParOldGen: 85624K->85624K(1398272K)
[287.378s][info][gc,metaspace   ] GC(1234) Metaspace: 20658K(21376K)->20658K(21376K) NonClass: 18250K(18688K)->18250K(18688K) Class: 2408K(2688K)->2408K(2688K)
[287.378s][info][gc             ] GC(1234) Pause Young (Allocation Failure) 758M->86M(2044M) 1.093ms
[287.378s][info][gc,cpu         ] GC(1234) User=0.00s Sys=0.00s Real=0.00s
[287.631s][info][gc,start       ] GC(1235) Pause Young (Allocation Failure)
[287.632s][info][gc,heap        ] GC(1235) PSYoungGen: 693296K->1743K(694784K)
[287.632s][info][gc,heap        ] GC(1235) ParOldGen: 85624K->85624K(1398272K)
[287.632s][info][gc,metaspace   ] GC(1235) Metaspace: 20658K(21376K)->20658K(21376K) NonClass: 18250K(18688K)->18250K(18688K) Class: 2408K(2688K)->2408K(2688K)
[287.632s][info][gc             ] GC(1235) Pause Young (Allocation Failure) 760M->85M(2044M) 0.944ms
[287.632s][info][gc,cpu         ] GC(1235) User=0.00s Sys=0.00s Real=0.00s
[287.768s][info][gc,start       ] GC(1236) Pause Young (System.gc())
[287.768s][info][gc,heap        ] GC(1236) PSYoungGen: 375488K->64K(694784K)
[287.769s][info][gc,heap        ] GC(1236) ParOldGen: 85624K->85624K(1398272K)
[287.769s][info][gc,metaspace   ] GC(1236) Metaspace: 20658K(21376K)->20658K(21376K) NonClass: 18250K(18688K)->18250K(18688K) Class: 2408K(2688K)->2408K(2688K)
[287.769s][info][gc             ] GC(1236) Pause Young (System.gc()) 450M->83M(2044M) 0.574ms
[287.769s][info][gc,cpu         ] GC(1236) User=0.00s Sys=0.00s Real=0.00s
[287.769s][info][gc,start       ] GC(1237) Pause Full (System.gc())
[287.769s][info][gc,phases,start] GC(1237) Marking Phase
[287.826s][info][gc,phases      ] GC(1237) Marking Phase 57.626ms
[287.826s][info][gc,phases,start] GC(1237) Summary Phase
[287.826s][info][gc,phases      ] GC(1237) Summary Phase 0.011ms
[287.826s][info][gc,phases,start] GC(1237) Adjust Roots
[287.828s][info][gc,phases      ] GC(1237) Adjust Roots 1.384ms
[287.828s][info][gc,phases,start] GC(1237) Compaction Phase
[287.844s][info][gc,phases      ] GC(1237) Compaction Phase 15.924ms
[287.844s][info][gc,phases,start] GC(1237) Post Compact
[287.844s][info][gc,phases      ] GC(1237) Post Compact 0.705ms
[287.844s][info][gc,heap        ] GC(1237) PSYoungGen: 64K->0K(694784K)
[287.844s][info][gc,heap        ] GC(1237) ParOldGen: 85624K->85520K(1398272K)
[287.844s][info][gc,metaspace   ] GC(1237) Metaspace: 20658K(21376K)->20658K(21376K) NonClass: 18250K(18688K)->18250K(18688K) Class: 2408K(2688K)->2408K(2688K)
[287.845s][info][gc             ] GC(1237) Pause Full (System.gc()) 83M->83M(2044M) 75.940ms
[287.845s][info][gc,cpu         ] GC(1237) User=0.31s Sys=0.00s Real=0.08s
[288.088s][info][gc,start       ] GC(1238) Pause Young (Allocation Failure)
[288.090s][info][gc,heap        ] GC(1238) PSYoungGen: 690688K->2661K(694784K)
[288.090s][info][gc,heap        ] GC(1238) ParOldGen: 85520K->85520K(1398272K)
[288.090s][info][gc,metaspace   ] GC(1238) Metaspace: 20658K(21376K)->20658K(21376K) NonClass: 18250K(18688K)->18250K(18688K) Class: 2408K(2688K)->2408K(2688K)
[288.090s][info][gc             ] GC(1238) Pause Young (Allocation Failure) 758M->86M(2044M) 1.528ms
[288.090s][info][gc,cpu         ] GC(1238) User=0.00s Sys=0.00s Real=0.00s
[288.334s][info][gc,start       ] GC(1239) Pause Young (Allocation Failure)
[288.335s][info][gc,heap        ] GC(1239) PSYoungGen: 693349K->1569K(694784K)
[288.335s][info][gc,heap        ] GC(1239) ParOldGen: 85520K->85544K(1398272K)
[288.335s][info][gc,metaspace   ] GC(1239) Metaspace: 20658K(21376K)->20658K(21376K) NonClass: 18250K(18688K)->18250K(18688K) Class: 2408K(2688K)->2408K(2688K)
[288.335s][info][gc             ] GC(1239) Pause Young (Allocation Failure) 760M->85M(2044M) 0.608ms
[288.335s][info][gc,cpu         ] GC(1239) User=0.00s Sys=0.00s Real=0.00s
[288.591s][info][gc,start       ] GC(1240) Pause Young (Allocation Failure)
[288.592s][info][gc,heap        ] GC(1240) PSYoungGen: 692257K->1015K(694784K)
[288.592s][info][gc,heap        ] GC(1240) ParOldGen: 85544K->85544K(1398272K)
[288.592s][info][gc,metaspace   ] GC(1240) Metaspace: 20658K(21376K)->20658K(21376K) NonClass: 18250K(18688K)->18250K(18688K) Class: 2408K(2688K)->2408K(2688K)
[288.592s][info][gc             ] GC(1240) Pause Young (Allocation Failure) 759M->84M(2044M) 1.060ms
[288.592s][info][gc,cpu         ] GC(1240) User=0.00s Sys=0.00s Real=0.00s
[288.839s][info][gc,start       ] GC(1241) Pause Young (Allocation Failure)
[288.840s][info][gc,heap        ] GC(1241) PSYoungGen: 691703K->288K(694784K)
[288.840s][info][gc,heap        ] GC(1241) ParOldGen: 85544K->85544K(1398272K)
[288.840s][info][gc,metaspace   ] GC(1241) Metaspace: 20658K(21376K)->20658K(21376K) NonClass: 18250K(18688K)->18250K(18688K) Class: 2408K(2688K)->2408K(2688K)
[288.840s][info][gc             ] GC(1241) Pause Young (Allocation Failure) 759M->83M(2044M) 0.708ms
[288.840s][info][gc,cpu         ] GC(1241) User=0.00s Sys=0.00s Real=0.00s
[289.076s][info][gc,start       ] GC(1242) Pause Young (Allocation Failure)
[289.077s][info][gc,heap        ] GC(1242) PSYoungGen: 690845K->2616K(694784K)
[289.077s][info][gc,heap        ] GC(1242) ParOldGen: 85544K->85568K(1398272K)
[289.077s][info][gc,metaspace   ] GC(1242) Metaspace: 20658K(21376K)->20658K(21376K) NonClass: 18250K(18688K)->18250K(18688K) Class: 2408K(2688K)->2408K(2688K)
[289.077s][info][gc             ] GC(1242) Pause Young (Allocation Failure) 758M->86M(2044M) 1.142ms
[289.077s][info][gc,cpu         ] GC(1242) User=0.00s Sys=0.00s Real=0.00s
[289.321s][info][gc,start       ] GC(1243) Pause Young (Allocation Failure)
[289.323s][info][gc,heap        ] GC(1243) PSYoungGen: 693304K->2015K(694784K)
[289.323s][info][gc,heap        ] GC(1243) ParOldGen: 85568K->85584K(1398272K)
[289.323s][info][gc,metaspace   ] GC(1243) Metaspace: 20658K(21376K)->20658K(21376K) NonClass: 18250K(18688K)->18250K(18688K) Class: 2408K(2688K)->2408K(2688K)
[289.323s][info][gc             ] GC(1243) Pause Young (Allocation Failure) 760M->85M(2044M) 1.313ms
[289.323s][info][gc,cpu         ] GC(1243) User=0.00s Sys=0.00s Real=0.00s
[289.578s][info][gc,start       ] GC(1244) Pause Young (Allocation Failure)
[289.579s][info][gc,heap        ] GC(1244) PSYoungGen: 692703K->1177K(694784K)
[289.579s][info][gc,heap        ] GC(1244) ParOldGen: 85584K->85616K(1398272K)
[289.579s][info][gc,metaspace   ] GC(1244) Metaspace: 20658K(21376K)->20658K(21376K) NonClass: 18250K(18688K)->18250K(18688K) Class: 2408K(2688K)->2408K(2688K)
[289.579s][info][gc             ] GC(1244) Pause Young (Allocation Failure) 760M->84M(2044M) 0.769ms
[289.579s][info][gc,cpu         ] GC(1244) User=0.00s Sys=0.00s Real=0.00s
[289.823s][info][gc,start       ] GC(1245) Pause Young (Allocation Failure)
[289.823s][info][gc,heap        ] GC(1245) PSYoungGen: 691865K->432K(694784K)
[289.823s][info][gc,heap        ] GC(1245) ParOldGen: 85616K->85616K(1398272K)
[289.823s][info][gc,metaspace   ] GC(1245) Metaspace: 20658K(21376K)->20658K(21376K) NonClass: 18250K(18688K)->18250K(18688K) Class: 2408K(2688K)->2408K(2688K)
[289.823s][info][gc             ] GC(1245) Pause Young (Allocation Failure) 759M->84M(2044M) 0.683ms
[289.823s][info][gc,cpu         ] GC(1245) User=0.00s Sys=0.00s Real=0.00s
[290.059s][info][gc,start       ] GC(1246) Pause Young (Allocation Failure)
[290.060s][info][gc,heap        ] GC(1246) PSYoungGen: 691120K->2838K(694784K)
[290.060s][info][gc,heap        ] GC(1246) ParOldGen: 85616K->85640K(1398272K)
[290.060s][info][gc,metaspace   ] GC(1246) Metaspace: 20658K(21376K)->20658K(21376K) NonClass: 18250K(18688K)->18250K(18688K) Class: 2408K(2688K)->2408K(2688K)
[290.060s][info][gc             ] GC(1246) Pause Young (Allocation Failure) 758M->86M(2044M) 1.511ms
[290.060s][info][gc,cpu         ] GC(1246) User=0.00s Sys=0.00s Real=0.00s
[290.314s][info][gc,start       ] GC(1247) Pause Young (Allocation Failure)
[290.315s][info][gc,heap        ] GC(1247) PSYoungGen: 693526K->1947K(694784K)
[290.315s][info][gc,heap        ] GC(1247) ParOldGen: 85640K->85640K(1398272K)
[290.315s][info][gc,metaspace   ] GC(1247) Metaspace: 20658K(21376K)->20658K(21376K) NonClass: 18250K(18688K)->18250K(18688K) Class: 2408K(2688K)->2408K(2688K)
[290.315s][info][gc             ] GC(1247) Pause Young (Allocation Failure) 760M->85M(2044M) 1.289ms
[290.315s][info][gc,cpu         ] GC(1247) User=0.00s Sys=0.00s Real=0.00s
[290.565s][info][gc,start       ] GC(1248) Pause Young (Allocation Failure)
[290.565s][info][gc,heap        ] GC(1248) PSYoungGen: 692635K->1279K(694784K)
[290.565s][info][gc,heap        ] GC(1248) ParOldGen: 85640K->85640K(1398272K)
[290.565s][info][gc,metaspace   ] GC(1248) Metaspace: 20658K(21376K)->20658K(21376K) NonClass: 18250K(18688K)->18250K(18688K) Class: 2408K(2688K)->2408K(2688K)
[290.565s][info][gc             ] GC(1248) Pause Young (Allocation Failure) 760M->84M(2044M) 0.741ms
[290.565s][info][gc,cpu         ] GC(1248) User=0.00s Sys=0.00s Real=0.00s
[290.825s][info][gc,start       ] GC(1249) Pause Young (Allocation Failure)
[290.825s][info][gc,heap        ] GC(1249) PSYoungGen: 691967K->521K(694784K)
[290.825s][info][gc,heap        ] GC(1249) ParOldGen: 85640K->85664K(1398272K)
[290.825s][info][gc,metaspace   ] GC(1249) Metaspace: 20658K(21376K)->20658K(21376K) NonClass: 18250K(18688K)->18250K(18688K) Class: 2408K(2688K)->2408K(2688K)
[290.825s][info][gc             ] GC(1249) Pause Young (Allocation Failure) 759M->84M(2044M) 0.601ms
[290.825s][info][gc,cpu         ] GC(1249) User=0.00s Sys=0.00s Real=0.00s
[291.077s][info][gc,start       ] GC(1250) Pause Young (Allocation Failure)
[291.078s][info][gc,heap        ] GC(1250) PSYoungGen: 691172K->2828K(694784K)
[291.078s][info][gc,heap        ] GC(1250) ParOldGen: 85664K->85664K(1398272K)
[291.078s][info][gc,metaspace   ] GC(1250) Metaspace: 20658K(21376K)->20658K(21376K) NonClass: 18250K(18688K)->18250K(18688K) Class: 2408K(2688K)->2408K(2688K)
[291.078s][info][gc             ] GC(1250) Pause Young (Allocation Failure) 758M->86M(2044M) 1.373ms
[291.078s][info][gc,cpu         ] GC(1250) User=0.00s Sys=0.00s Real=0.00s
[291.328s][info][gc,start       ] GC(1251) Pause Young (Allocation Failure)
[291.329s][info][gc,heap        ] GC(1251) PSYoungGen: 693516K->2115K(694784K)
[291.329s][info][gc,heap        ] GC(1251) ParOldGen: 85664K->85664K(1398272K)
[291.329s][info][gc,metaspace   ] GC(1251) Metaspace: 20658K(21376K)->20658K(21376K) NonClass: 18250K(18688K)->18250K(18688K) Class: 2408K(2688K)->2408K(2688K)
[291.329s][info][gc             ] GC(1251) Pause Young (Allocation Failure) 760M->85M(2044M) 1.026ms
[291.329s][info][gc,cpu         ] GC(1251) User=0.00s Sys=0.00s Real=0.00s
[291.460s][info][gc,start       ] GC(1252) Pause Young (System.gc())
[291.461s][info][gc,heap        ] GC(1252) PSYoungGen: 373859K->96K(694784K)
[291.461s][info][gc,heap        ] GC(1252) ParOldGen: 85664K->85664K(1398272K)
[291.461s][info][gc,metaspace   ] GC(1252) Metaspace: 20658K(21376K)->20658K(21376K) NonClass: 18250K(18688K)->18250K(18688K) Class: 2408K(2688K)->2408K(2688K)
[291.461s][info][gc             ] GC(1252) Pause Young (System.gc()) 448M->83M(2044M) 0.633ms
[291.461s][info][gc,cpu         ] GC(1252) User=0.00s Sys=0.00s Real=0.00s
[291.461s][info][gc,start       ] GC(1253) Pause Full (System.gc())
[291.461s][info][gc,phases,start] GC(1253) Marking Phase
[291.524s][info][gc,phases      ] GC(1253) Marking Phase 62.660ms
[291.524s][info][gc,phases,start] GC(1253) Summary Phase
[291.524s][info][gc,phases      ] GC(1253) Summary Phase 0.011ms
[291.524s][info][gc,phases,start] GC(1253) Adjust Roots
[291.525s][info][gc,phases      ] GC(1253) Adjust Roots 1.421ms
[291.525s][info][gc,phases,start] GC(1253) Compaction Phase
[291.542s][info][gc,phases      ] GC(1253) Compaction Phase 16.276ms
[291.542s][info][gc,phases,start] GC(1253) Post Compact
[291.542s][info][gc,phases      ] GC(1253) Post Compact 0.732ms
[291.542s][info][gc,heap        ] GC(1253) PSYoungGen: 96K->0K(694784K)
[291.542s][info][gc,heap        ] GC(1253) ParOldGen: 85664K->85553K(1398272K)
[291.542s][info][gc,metaspace   ] GC(1253) Metaspace: 20658K(21376K)->20658K(21376K) NonClass: 18250K(18688K)->18250K(18688K) Class: 2408K(2688K)->2408K(2688K)
[291.542s][info][gc             ] GC(1253) Pause Full (System.gc()) 83M->83M(2044M) 81.410ms
[291.542s][info][gc,cpu         ] GC(1253) User=0.12s Sys=0.00s Real=0.08s
[291.779s][info][gc,start       ] GC(1254) Pause Young (Allocation Failure)
[291.780s][info][gc,heap        ] GC(1254) PSYoungGen: 690549K->2391K(694784K)
[291.780s][info][gc,heap        ] GC(1254) ParOldGen: 85553K->85553K(1398272K)
[291.780s][info][gc,metaspace   ] GC(1254) Metaspace: 20658K(21376K)->20658K(21376K) NonClass: 18250K(18688K)->18250K(18688K) Class: 2408K(2688K)->2408K(2688K)
[291.780s][info][gc             ] GC(1254) Pause Young (Allocation Failure) 757M->85M(2044M) 0.926ms
[291.780s][info][gc,cpu         ] GC(1254) User=0.00s Sys=0.00s Real=0.00s
[292.018s][info][gc,start       ] GC(1255) Pause Young (Allocation Failure)
[292.019s][info][gc,heap        ] GC(1255) PSYoungGen: 693079K->1831K(694784K)
[292.019s][info][gc,heap        ] GC(1255) ParOldGen: 85553K->85569K(1398272K)
[292.019s][info][gc,metaspace   ] GC(1255) Metaspace: 20658K(21376K)->20658K(21376K) NonClass: 18250K(18688K)->18250K(18688K) Class: 2408K(2688K)->2408K(2688K)
[292.019s][info][gc             ] GC(1255) Pause Young (Allocation Failure) 760M->85M(2044M) 0.913ms
[292.019s][info][gc,cpu         ] GC(1255) User=0.00s Sys=0.00s Real=0.00s
[292.262s][info][gc,start       ] GC(1256) Pause Young (Allocation Failure)
[292.262s][info][gc,heap        ] GC(1256) PSYoungGen: 692519K->904K(694784K)
[292.262s][info][gc,heap        ] GC(1256) ParOldGen: 85569K->85569K(1398272K)
[292.262s][info][gc,metaspace   ] GC(1256) Metaspace: 20658K(21376K)->20658K(21376K) NonClass: 18250K(18688K)->18250K(18688K) Class: 2408K(2688K)->2408K(2688K)
[292.262s][info][gc             ] GC(1256) Pause Young (Allocation Failure) 759M->84M(2044M) 0.647ms
[292.262s][info][gc,cpu         ] GC(1256) User=0.00s Sys=0.00s Real=0.00s
[292.504s][info][gc,start       ] GC(1257) Pause Young (Allocation Failure)
[292.505s][info][gc,heap        ] GC(1257) PSYoungGen: 691592K->192K(694784K)
[292.505s][info][gc,heap        ] GC(1257) ParOldGen: 85569K->85569K(1398272K)
[292.505s][info][gc,metaspace   ] GC(1257) Metaspace: 20658K(21376K)->20658K(21376K) NonClass: 18250K(18688K)->18250K(18688K) Class: 2408K(2688K)->2408K(2688K)
[292.505s][info][gc             ] GC(1257) Pause Young (Allocation Failure) 758M->83M(2044M) 0.748ms
[292.505s][info][gc,cpu         ] GC(1257) User=0.00s Sys=0.00s Real=0.00s
[292.748s][info][gc,start       ] GC(1258) Pause Young (Allocation Failure)
[292.749s][info][gc,heap        ] GC(1258) PSYoungGen: 690880K->2283K(694784K)
[292.749s][info][gc,heap        ] GC(1258) ParOldGen: 85569K->85585K(1398272K)
[292.749s][info][gc,metaspace   ] GC(1258) Metaspace: 20658K(21376K)->20658K(21376K) NonClass: 18250K(18688K)->18250K(18688K) Class: 2408K(2688K)->2408K(2688K)
[292.749s][info][gc             ] GC(1258) Pause Young (Allocation Failure) 758M->85M(2044M) 0.921ms
[292.749s][info][gc,cpu         ] GC(1258) User=0.00s Sys=0.00s Real=0.00s
[292.990s][info][gc,start       ] GC(1259) Pause Young (Allocation Failure)
[292.995s][info][gc,heap        ] GC(1259) PSYoungGen: 692971K->1436K(694784K)
[292.995s][info][gc,heap        ] GC(1259) ParOldGen: 85585K->85585K(1398272K)
[292.995s][info][gc,metaspace   ] GC(1259) Metaspace: 20658K(21376K)->20658K(21376K) NonClass: 18250K(18688K)->18250K(18688K) Class: 2408K(2688K)->2408K(2688K)
[292.995s][info][gc             ] GC(1259) Pause Young (Allocation Failure) 760M->84M(2044M) 4.462ms
[292.995s][info][gc,cpu         ] GC(1259) User=0.00s Sys=0.00s Real=0.00s
[293.242s][info][gc,start       ] GC(1260) Pause Young (Allocation Failure)
[293.242s][info][gc,heap        ] GC(1260) PSYoungGen: 692124K->601K(695296K)
[293.242s][info][gc,heap        ] GC(1260) ParOldGen: 85585K->85585K(1398272K)
[293.242s][info][gc,metaspace   ] GC(1260) Metaspace: 20658K(21376K)->20658K(21376K) NonClass: 18250K(18688K)->18250K(18688K) Class: 2408K(2688K)->2408K(2688K)
[293.242s][info][gc             ] GC(1260) Pause Young (Allocation Failure) 759M->84M(2044M) 0.549ms
[293.242s][info][gc,cpu         ] GC(1260) User=0.00s Sys=0.00s Real=0.00s
[293.486s][info][gc,start       ] GC(1261) Pause Young (Allocation Failure)
[293.487s][info][gc,heap        ] GC(1261) PSYoungGen: 691766K->2293K(694784K)
[293.487s][info][gc,heap        ] GC(1261) ParOldGen: 85585K->85585K(1398272K)
[293.488s][info][gc,metaspace   ] GC(1261) Metaspace: 20658K(21376K)->20658K(21376K) NonClass: 18250K(18688K)->18250K(18688K) Class: 2408K(2688K)->2408K(2688K)
[293.488s][info][gc             ] GC(1261) Pause Young (Allocation Failure) 759M->85M(2044M) 1.903ms
[293.488s][info][gc,cpu         ] GC(1261) User=0.00s Sys=0.00s Real=0.00s
[293.737s][info][gc,start       ] GC(1262) Pause Young (Allocation Failure)
[293.738s][info][gc,heap        ] GC(1262) PSYoungGen: 693493K->2315K(694784K)
[293.738s][info][gc,heap        ] GC(1262) ParOldGen: 85585K->85609K(1398272K)
[293.738s][info][gc,metaspace   ] GC(1262) Metaspace: 20658K(21376K)->20658K(21376K) NonClass: 18250K(18688K)->18250K(18688K) Class: 2408K(2688K)->2408K(2688K)
[293.739s][info][gc             ] GC(1262) Pause Young (Allocation Failure) 760M->85M(2044M) 1.355ms
[293.739s][info][gc,cpu         ] GC(1262) User=0.00s Sys=0.00s Real=0.00s
[293.975s][info][gc,start       ] GC(1263) Pause Young (Allocation Failure)
[293.976s][info][gc,heap        ] GC(1263) PSYoungGen: 693003K->1346K(694784K)
[293.976s][info][gc,heap        ] GC(1263) ParOldGen: 85609K->85609K(1398272K)
[293.976s][info][gc,metaspace   ] GC(1263) Metaspace: 20658K(21376K)->20658K(21376K) NonClass: 18250K(18688K)->18250K(18688K) Class: 2408K(2688K)->2408K(2688K)
[293.976s][info][gc             ] GC(1263) Pause Young (Allocation Failure) 760M->84M(2044M) 0.973ms
[293.976s][info][gc,cpu         ] GC(1263) User=0.00s Sys=0.00s Real=0.00s
[294.208s][info][gc,start       ] GC(1264) Pause Young (Allocation Failure)
[294.209s][info][gc,heap        ] GC(1264) PSYoungGen: 692034K->416K(695296K)
[294.209s][info][gc,heap        ] GC(1264) ParOldGen: 85609K->85609K(1398272K)
[294.209s][info][gc,metaspace   ] GC(1264) Metaspace: 20658K(21376K)->20658K(21376K) NonClass: 18250K(18688K)->18250K(18688K) Class: 2408K(2688K)->2408K(2688K)
[294.209s][info][gc             ] GC(1264) Pause Young (Allocation Failure) 759M->84M(2044M) 0.514ms
[294.209s][info][gc,cpu         ] GC(1264) User=0.00s Sys=0.00s Real=0.00s
[294.434s][info][gc,start       ] GC(1265) Pause Young (Allocation Failure)
[294.436s][info][gc,heap        ] GC(1265) PSYoungGen: 692128K->2765K(694784K)
[294.436s][info][gc,heap        ] GC(1265) ParOldGen: 85609K->85641K(1398272K)
[294.436s][info][gc,metaspace   ] GC(1265) Metaspace: 20658K(21376K)->20658K(21376K) NonClass: 18250K(18688K)->18250K(18688K) Class: 2408K(2688K)->2408K(2688K)
[294.436s][info][gc             ] GC(1265) Pause Young (Allocation Failure) 759M->86M(2044M) 1.788ms
[294.436s][info][gc,cpu         ] GC(1265) User=0.00s Sys=0.00s Real=0.00s
[294.680s][info][gc,start       ] GC(1266) Pause Young (Allocation Failure)
[294.681s][info][gc,heap        ] GC(1266) PSYoungGen: 694477K->2177K(694784K)
[294.681s][info][gc,heap        ] GC(1266) ParOldGen: 85641K->85641K(1398272K)
[294.681s][info][gc,metaspace   ] GC(1266) Metaspace: 20658K(21376K)->20658K(21376K) NonClass: 18250K(18688K)->18250K(18688K) Class: 2408K(2688K)->2408K(2688K)
[294.681s][info][gc             ] GC(1266) Pause Young (Allocation Failure) 761M->85M(2044M) 0.825ms
[294.681s][info][gc,cpu         ] GC(1266) User=0.00s Sys=0.00s Real=0.00s
[294.911s][info][gc,start       ] GC(1267) Pause Young (Allocation Failure)
[294.912s][info][gc,heap        ] GC(1267) PSYoungGen: 692865K->1376K(694784K)
[294.912s][info][gc,heap        ] GC(1267) ParOldGen: 85641K->85641K(1398272K)
[294.912s][info][gc,metaspace   ] GC(1267) Metaspace: 20658K(21376K)->20658K(21376K) NonClass: 18250K(18688K)->18250K(18688K) Class: 2408K(2688K)->2408K(2688K)
[294.912s][info][gc             ] GC(1267) Pause Young (Allocation Failure) 760M->84M(2044M) 0.721ms
[294.912s][info][gc,cpu         ] GC(1267) User=0.00s Sys=0.00s Real=0.00s
[295.045s][info][gc,start       ] GC(1268) Pause Young (System.gc())
[295.045s][info][gc,heap        ] GC(1268) PSYoungGen: 388369K->64K(694784K)
[295.045s][info][gc,heap        ] GC(1268) ParOldGen: 85641K->85641K(1398272K)
[295.045s][info][gc,metaspace   ] GC(1268) Metaspace: 20658K(21376K)->20658K(21376K) NonClass: 18250K(18688K)->18250K(18688K) Class: 2408K(2688K)->2408K(2688K)
[295.045s][info][gc             ] GC(1268) Pause Young (System.gc()) 462M->83M(2044M) 0.467ms
[295.045s][info][gc,cpu         ] GC(1268) User=0.00s Sys=0.00s Real=0.00s
[295.045s][info][gc,start       ] GC(1269) Pause Full (System.gc())
[295.045s][info][gc,phases,start] GC(1269) Marking Phase
[295.094s][info][gc,phases      ] GC(1269) Marking Phase 48.870ms
[295.094s][info][gc,phases,start] GC(1269) Summary Phase
[295.094s][info][gc,phases      ] GC(1269) Summary Phase 0.011ms
[295.094s][info][gc,phases,start] GC(1269) Adjust Roots
[295.096s][info][gc,phases      ] GC(1269) Adjust Roots 1.451ms
[295.096s][info][gc,phases,start] GC(1269) Compaction Phase
[295.110s][info][gc,phases      ] GC(1269) Compaction Phase 14.199ms
[295.110s][info][gc,phases,start] GC(1269) Post Compact
[295.110s][info][gc,phases      ] GC(1269) Post Compact 0.530ms
[295.110s][info][gc,heap        ] GC(1269) PSYoungGen: 64K->0K(694784K)
[295.110s][info][gc,heap        ] GC(1269) ParOldGen: 85641K->85553K(1398272K)
[295.110s][info][gc,metaspace   ] GC(1269) Metaspace: 20658K(21376K)->20658K(21376K) NonClass: 18250K(18688K)->18250K(18688K) Class: 2408K(2688K)->2408K(2688K)
[295.111s][info][gc             ] GC(1269) Pause Full (System.gc()) 83M->83M(2044M) 65.329ms
[295.111s][info][gc,cpu         ] GC(1269) User=0.11s Sys=0.00s Real=0.07s
[295.346s][info][gc,start       ] GC(1270) Pause Young (Allocation Failure)
[295.347s][info][gc,heap        ] GC(1270) PSYoungGen: 690640K->2232K(694784K)
[295.347s][info][gc,heap        ] GC(1270) ParOldGen: 85553K->85553K(1398272K)
[295.347s][info][gc,metaspace   ] GC(1270) Metaspace: 20658K(21376K)->20658K(21376K) NonClass: 18250K(18688K)->18250K(18688K) Class: 2408K(2688K)->2408K(2688K)
[295.347s][info][gc             ] GC(1270) Pause Young (Allocation Failure) 758M->85M(2044M) 1.049ms
[295.347s][info][gc,cpu         ] GC(1270) User=0.00s Sys=0.00s Real=0.00s
[295.585s][info][gc,start       ] GC(1271) Pause Young (Allocation Failure)
[295.587s][info][gc,heap        ] GC(1271) PSYoungGen: 692920K->1769K(694784K)
[295.587s][info][gc,heap        ] GC(1271) ParOldGen: 85553K->85569K(1398272K)
[295.587s][info][gc,metaspace   ] GC(1271) Metaspace: 20658K(21376K)->20658K(21376K) NonClass: 18250K(18688K)->18250K(18688K) Class: 2408K(2688K)->2408K(2688K)
[295.587s][info][gc             ] GC(1271) Pause Young (Allocation Failure) 760M->85M(2044M) 1.381ms
[295.587s][info][gc,cpu         ] GC(1271) User=0.00s Sys=0.00s Real=0.00s
[295.819s][info][gc,start       ] GC(1272) Pause Young (Allocation Failure)
[295.820s][info][gc,heap        ] GC(1272) PSYoungGen: 692457K->974K(694784K)
[295.820s][info][gc,heap        ] GC(1272) ParOldGen: 85569K->85569K(1398272K)
[295.820s][info][gc,metaspace   ] GC(1272) Metaspace: 20658K(21376K)->20658K(21376K) NonClass: 18250K(18688K)->18250K(18688K) Class: 2408K(2688K)->2408K(2688K)
[295.820s][info][gc             ] GC(1272) Pause Young (Allocation Failure) 759M->84M(2044M) 0.713ms
[295.820s][info][gc,cpu         ] GC(1272) User=0.00s Sys=0.00s Real=0.00s
[296.055s][info][gc,start       ] GC(1273) Pause Young (Allocation Failure)
[296.055s][info][gc,heap        ] GC(1273) PSYoungGen: 691662K->160K(695296K)
[296.055s][info][gc,heap        ] GC(1273) ParOldGen: 85569K->85569K(1398272K)
[296.055s][info][gc,metaspace   ] GC(1273) Metaspace: 20658K(21376K)->20658K(21376K) NonClass: 18250K(18688K)->18250K(18688K) Class: 2408K(2688K)->2408K(2688K)
[296.055s][info][gc             ] GC(1273) Pause Young (Allocation Failure) 759M->83M(2044M) 0.561ms
[296.055s][info][gc,cpu         ] GC(1273) User=0.00s Sys=0.00s Real=0.00s
[296.288s][info][gc,start       ] GC(1274) Pause Young (Allocation Failure)
[296.289s][info][gc,heap        ] GC(1274) PSYoungGen: 691872K->2145K(694272K)
[296.289s][info][gc,heap        ] GC(1274) ParOldGen: 85569K->85593K(1398272K)
[296.289s][info][gc,metaspace   ] GC(1274) Metaspace: 20658K(21376K)->20658K(21376K) NonClass: 18250K(18688K)->18250K(18688K) Class: 2408K(2688K)->2408K(2688K)
[296.289s][info][gc             ] GC(1274) Pause Young (Allocation Failure) 759M->85M(2043M) 0.825ms
[296.289s][info][gc,cpu         ] GC(1274) User=0.00s Sys=0.00s Real=0.00s
[296.522s][info][gc,start       ] GC(1275) Pause Young (Allocation Failure)
[296.523s][info][gc,heap        ] GC(1275) PSYoungGen: 693857K->1556K(695296K)
[296.523s][info][gc,heap        ] GC(1275) ParOldGen: 85593K->85593K(1398272K)
[296.523s][info][gc,metaspace   ] GC(1275) Metaspace: 20658K(21376K)->20658K(21376K) NonClass: 18250K(18688K)->18250K(18688K) Class: 2408K(2688K)->2408K(2688K)
[296.523s][info][gc             ] GC(1275) Pause Young (Allocation Failure) 761M->85M(2044M) 0.987ms
[296.523s][info][gc,cpu         ] GC(1275) User=0.00s Sys=0.00s Real=0.00s
[296.768s][info][gc,start       ] GC(1276) Pause Young (Allocation Failure)
[296.769s][info][gc,heap        ] GC(1276) PSYoungGen: 692756K->684K(694784K)
[296.769s][info][gc,heap        ] GC(1276) ParOldGen: 85593K->85593K(1398272K)
[296.769s][info][gc,metaspace   ] GC(1276) Metaspace: 20658K(21376K)->20658K(21376K) NonClass: 18250K(18688K)->18250K(18688K) Class: 2408K(2688K)->2408K(2688K)
[296.769s][info][gc             ] GC(1276) Pause Young (Allocation Failure) 760M->84M(2044M) 0.788ms
[296.769s][info][gc,cpu         ] GC(1276) User=0.00s Sys=0.00s Real=0.00s
[297.000s][info][gc,start       ] GC(1277) Pause Young (Allocation Failure)
[297.002s][info][gc,heap        ] GC(1277) PSYoungGen: 691884K->2828K(694272K)
[297.002s][info][gc,heap        ] GC(1277) ParOldGen: 85593K->85593K(1398272K)
[297.002s][info][gc,metaspace   ] GC(1277) Metaspace: 20658K(21376K)->20658K(21376K) NonClass: 18250K(18688K)->18250K(18688K) Class: 2408K(2688K)->2408K(2688K)
[297.002s][info][gc             ] GC(1277) Pause Young (Allocation Failure) 759M->86M(2043M) 1.939ms
[297.002s][info][gc,cpu         ] GC(1277) User=0.00s Sys=0.00s Real=0.00s
[297.241s][info][gc,start       ] GC(1278) Pause Young (Allocation Failure)
[297.242s][info][gc,heap        ] GC(1278) PSYoungGen: 693516K->2386K(694784K)
[297.242s][info][gc,heap        ] GC(1278) ParOldGen: 85593K->85617K(1398272K)
[297.242s][info][gc,metaspace   ] GC(1278) Metaspace: 20658K(21376K)->20658K(21376K) NonClass: 18250K(18688K)->18250K(18688K) Class: 2408K(2688K)->2408K(2688K)
[297.242s][info][gc             ] GC(1278) Pause Young (Allocation Failure) 760M->85M(2044M) 0.795ms
[297.242s][info][gc,cpu         ] GC(1278) User=0.00s Sys=0.00s Real=0.00s
[297.480s][info][gc,start       ] GC(1279) Pause Young (Allocation Failure)
[297.481s][info][gc,heap        ] GC(1279) PSYoungGen: 693074K->1724K(694784K)
[297.481s][info][gc,heap        ] GC(1279) ParOldGen: 85617K->85617K(1398272K)
[297.481s][info][gc,metaspace   ] GC(1279) Metaspace: 20658K(21376K)->20658K(21376K) NonClass: 18250K(18688K)->18250K(18688K) Class: 2408K(2688K)->2408K(2688K)
[297.481s][info][gc             ] GC(1279) Pause Young (Allocation Failure) 760M->85M(2044M) 1.038ms
[297.481s][info][gc,cpu         ] GC(1279) User=0.00s Sys=0.00s Real=0.00s
[297.726s][info][gc,start       ] GC(1280) Pause Young (Allocation Failure)
[297.727s][info][gc,heap        ] GC(1280) PSYoungGen: 692412K->884K(694784K)
[297.727s][info][gc,heap        ] GC(1280) ParOldGen: 85617K->85617K(1398272K)
[297.727s][info][gc,metaspace   ] GC(1280) Metaspace: 20658K(21376K)->20658K(21376K) NonClass: 18250K(18688K)->18250K(18688K) Class: 2408K(2688K)->2408K(2688K)
[297.727s][info][gc             ] GC(1280) Pause Young (Allocation Failure) 759M->84M(2044M) 0.628ms
[297.727s][info][gc,cpu         ] GC(1280) User=0.00s Sys=0.00s Real=0.00s
[297.967s][info][gc,start       ] GC(1281) Pause Young (Allocation Failure)
[297.968s][info][gc,heap        ] GC(1281) PSYoungGen: 691277K->2779K(694272K)
[297.968s][info][gc,heap        ] GC(1281) ParOldGen: 85617K->85641K(1398272K)
[297.968s][info][gc,metaspace   ] GC(1281) Metaspace: 20658K(21376K)->20658K(21376K) NonClass: 18250K(18688K)->18250K(18688K) Class: 2408K(2688K)->2408K(2688K)
[297.968s][info][gc             ] GC(1281) Pause Young (Allocation Failure) 758M->86M(2043M) 1.272ms
[297.968s][info][gc,cpu         ] GC(1281) User=0.00s Sys=0.00s Real=0.00s
[298.207s][info][gc,start       ] GC(1282) Pause Young (Allocation Failure)
[298.208s][info][gc,heap        ] GC(1282) PSYoungGen: 693467K->1838K(694784K)
[298.208s][info][gc,heap        ] GC(1282) ParOldGen: 85641K->85641K(1398272K)
[298.208s][info][gc,metaspace   ] GC(1282) Metaspace: 20658K(21376K)->20658K(21376K) NonClass: 18250K(18688K)->18250K(18688K) Class: 2408K(2688K)->2408K(2688K)
[298.208s][info][gc             ] GC(1282) Pause Young (Allocation Failure) 760M->85M(2044M) 0.994ms
[298.208s][info][gc,cpu         ] GC(1282) User=0.00s Sys=0.00s Real=0.00s
[298.444s][info][gc,start       ] GC(1283) Pause Young (Allocation Failure)
[298.452s][info][gc,heap        ] GC(1283) PSYoungGen: 692492K->1517K(695296K)
[298.452s][info][gc,heap        ] GC(1283) ParOldGen: 85641K->85641K(1398272K)
[298.452s][info][gc,metaspace   ] GC(1283) Metaspace: 20658K(21376K)->20658K(21376K) NonClass: 18250K(18688K)->18250K(18688K) Class: 2408K(2688K)->2408K(2688K)
[298.452s][info][gc             ] GC(1283) Pause Young (Allocation Failure) 759M->85M(2044M) 8.119ms
[298.452s][info][gc,cpu         ] GC(1283) User=0.00s Sys=0.00s Real=0.01s
[298.598s][info][gc,start       ] GC(1284) Pause Young (System.gc())
[298.599s][info][gc,heap        ] GC(1284) PSYoungGen: 387615K->64K(694784K)
[298.599s][info][gc,heap        ] GC(1284) ParOldGen: 85641K->85641K(1398272K)
[298.599s][info][gc,metaspace   ] GC(1284) Metaspace: 20658K(21376K)->20658K(21376K) NonClass: 18250K(18688K)->18250K(18688K) Class: 2408K(2688K)->2408K(2688K)
[298.599s][info][gc             ] GC(1284) Pause Young (System.gc()) 462M->83M(2044M) 0.832ms
[298.599s][info][gc,cpu         ] GC(1284) User=0.00s Sys=0.00s Real=0.00s
[298.599s][info][gc,start       ] GC(1285) Pause Full (System.gc())
[298.599s][info][gc,phases,start] GC(1285) Marking Phase
[298.644s][info][gc,phases      ] GC(1285) Marking Phase 45.159ms
[298.644s][info][gc,phases,start] GC(1285) Summary Phase
[298.644s][info][gc,phases      ] GC(1285) Summary Phase 0.011ms
[298.644s][info][gc,phases,start] GC(1285) Adjust Roots
[298.646s][info][gc,phases      ] GC(1285) Adjust Roots 1.599ms
[298.646s][info][gc,phases,start] GC(1285) Compaction Phase
[298.660s][info][gc,phases      ] GC(1285) Compaction Phase 13.409ms
[298.660s][info][gc,phases,start] GC(1285) Post Compact
[298.660s][info][gc,phases      ] GC(1285) Post Compact 0.508ms
[298.660s][info][gc,heap        ] GC(1285) PSYoungGen: 64K->0K(694784K)
[298.660s][info][gc,heap        ] GC(1285) ParOldGen: 85641K->85553K(1398272K)
[298.660s][info][gc,metaspace   ] GC(1285) Metaspace: 20658K(21376K)->20658K(21376K) NonClass: 18250K(18688K)->18250K(18688K) Class: 2408K(2688K)->2408K(2688K)
[298.660s][info][gc             ] GC(1285) Pause Full (System.gc()) 83M->83M(2044M) 60.986ms
[298.660s][info][gc,cpu         ] GC(1285) User=0.06s Sys=0.00s Real=0.06s
[298.889s][info][gc,start       ] GC(1286) Pause Young (Allocation Failure)
[298.890s][info][gc,heap        ] GC(1286) PSYoungGen: 691118K->2356K(694784K)
[298.890s][info][gc,heap        ] GC(1286) ParOldGen: 85553K->85553K(1398272K)
[298.890s][info][gc,metaspace   ] GC(1286) Metaspace: 20658K(21376K)->20658K(21376K) NonClass: 18250K(18688K)->18250K(18688K) Class: 2408K(2688K)->2408K(2688K)
[298.890s][info][gc             ] GC(1286) Pause Young (Allocation Failure) 758M->85M(2044M) 1.016ms
[298.890s][info][gc,cpu         ] GC(1286) User=0.00s Sys=0.00s Real=0.00s
[299.127s][info][gc,start       ] GC(1287) Pause Young (Allocation Failure)
[299.128s][info][gc,heap        ] GC(1287) PSYoungGen: 693044K->1795K(694784K)
[299.128s][info][gc,heap        ] GC(1287) ParOldGen: 85553K->85577K(1398272K)
[299.128s][info][gc,metaspace   ] GC(1287) Metaspace: 20658K(21376K)->20658K(21376K) NonClass: 18250K(18688K)->18250K(18688K) Class: 2408K(2688K)->2408K(2688K)
[299.128s][info][gc             ] GC(1287) Pause Young (Allocation Failure) 760M->85M(2044M) 0.769ms
[299.128s][info][gc,cpu         ] GC(1287) User=0.00s Sys=0.00s Real=0.00s
[299.368s][info][gc,start       ] GC(1288) Pause Young (Allocation Failure)
[299.369s][info][gc,heap        ] GC(1288) PSYoungGen: 692483K->1256K(695296K)
[299.369s][info][gc,heap        ] GC(1288) ParOldGen: 85577K->85577K(1398272K)
[299.369s][info][gc,metaspace   ] GC(1288) Metaspace: 20658K(21376K)->20658K(21376K) NonClass: 18250K(18688K)->18250K(18688K) Class: 2408K(2688K)->2408K(2688K)
[299.369s][info][gc             ] GC(1288) Pause Young (Allocation Failure) 759M->84M(2044M) 0.736ms
[299.369s][info][gc,cpu         ] GC(1288) User=0.00s Sys=0.00s Real=0.00s
[299.619s][info][gc,start       ] GC(1289) Pause Young (Allocation Failure)
[299.620s][info][gc,heap        ] GC(1289) PSYoungGen: 692968K->592K(695296K)
[299.620s][info][gc,heap        ] GC(1289) ParOldGen: 85577K->85577K(1398272K)
[299.620s][info][gc,metaspace   ] GC(1289) Metaspace: 20658K(21376K)->20658K(21376K) NonClass: 18250K(18688K)->18250K(18688K) Class: 2408K(2688K)->2408K(2688K)
[299.620s][info][gc             ] GC(1289) Pause Young (Allocation Failure) 760M->84M(2044M) 0.624ms
[299.620s][info][gc,cpu         ] GC(1289) User=0.00s Sys=0.00s Real=0.00s
[299.852s][info][gc,start       ] GC(1290) Pause Young (Allocation Failure)
[299.853s][info][gc,heap        ] GC(1290) PSYoungGen: 692293K->2569K(694272K)
[299.853s][info][gc,heap        ] GC(1290) ParOldGen: 85577K->85601K(1398272K)
[299.853s][info][gc,metaspace   ] GC(1290) Metaspace: 20658K(21376K)->20658K(21376K) NonClass: 18250K(18688K)->18250K(18688K) Class: 2408K(2688K)->2408K(2688K)
[299.853s][info][gc             ] GC(1290) Pause Young (Allocation Failure) 759M->86M(2043M) 1.171ms
[299.853s][info][gc,cpu         ] GC(1290) User=0.00s Sys=0.00s Real=0.00s
[300.091s][info][gc,start       ] GC(1291) Pause Young (Allocation Failure)
[300.091s][info][gc,heap        ] GC(1291) PSYoungGen: 693257K->1974K(694784K)
[300.091s][info][gc,heap        ] GC(1291) ParOldGen: 85601K->85601K(1398272K)
[300.091s][info][gc,metaspace   ] GC(1291) Metaspace: 20658K(21376K)->20658K(21376K) NonClass: 18250K(18688K)->18250K(18688K) Class: 2408K(2688K)->2408K(2688K)
[300.091s][info][gc             ] GC(1291) Pause Young (Allocation Failure) 760M->85M(2044M) 0.780ms
[300.091s][info][gc,cpu         ] GC(1291) User=0.02s Sys=0.00s Real=0.00s
[300.325s][info][gc,start       ] GC(1292) Pause Young (Allocation Failure)
[300.325s][info][gc,heap        ] GC(1292) PSYoungGen: 692662K->1275K(695296K)
[300.325s][info][gc,heap        ] GC(1292) ParOldGen: 85601K->85601K(1398272K)
[300.325s][info][gc,metaspace   ] GC(1292) Metaspace: 20658K(21376K)->20658K(21376K) NonClass: 18250K(18688K)->18250K(18688K) Class: 2408K(2688K)->2408K(2688K)
[300.325s][info][gc             ] GC(1292) Pause Young (Allocation Failure) 760M->84M(2044M) 0.658ms
[300.325s][info][gc,cpu         ] GC(1292) User=0.00s Sys=0.00s Real=0.00s
[300.574s][info][gc,start       ] GC(1293) Pause Young (Allocation Failure)
[300.575s][info][gc,heap        ] GC(1293) PSYoungGen: 692987K->562K(695296K)
[300.575s][info][gc,heap        ] GC(1293) ParOldGen: 85601K->85601K(1398272K)
[300.575s][info][gc,metaspace   ] GC(1293) Metaspace: 20658K(21376K)->20658K(21376K) NonClass: 18250K(18688K)->18250K(18688K) Class: 2408K(2688K)->2408K(2688K)
[300.575s][info][gc             ] GC(1293) Pause Young (Allocation Failure) 760M->84M(2044M) 0.602ms
[300.575s][info][gc,cpu         ] GC(1293) User=0.00s Sys=0.00s Real=0.00s
[300.817s][info][gc,start       ] GC(1294) Pause Young (Allocation Failure)
[300.819s][info][gc,heap        ] GC(1294) PSYoungGen: 692274K->2700K(694272K)
[300.819s][info][gc,heap        ] GC(1294) ParOldGen: 85601K->85617K(1398272K)
[300.819s][info][gc,metaspace   ] GC(1294) Metaspace: 20658K(21376K)->20658K(21376K) NonClass: 18250K(18688K)->18250K(18688K) Class: 2408K(2688K)->2408K(2688K)
[300.819s][info][gc             ] GC(1294) Pause Young (Allocation Failure) 759M->86M(2043M) 1.492ms
[300.819s][info][gc,cpu         ] GC(1294) User=0.00s Sys=0.00s Real=0.00s
[301.065s][info][gc,start       ] GC(1295) Pause Young (Allocation Failure)
[301.065s][info][gc,heap        ] GC(1295) PSYoungGen: 693388K->2065K(694784K)
[301.065s][info][gc,heap        ] GC(1295) ParOldGen: 85617K->85617K(1398272K)
[301.065s][info][gc,metaspace   ] GC(1295) Metaspace: 20658K(21376K)->20658K(21376K) NonClass: 18250K(18688K)->18250K(18688K) Class: 2408K(2688K)->2408K(2688K)
[301.065s][info][gc             ] GC(1295) Pause Young (Allocation Failure) 760M->85M(2044M) 0.730ms
[301.065s][info][gc,cpu         ] GC(1295) User=0.00s Sys=0.00s Real=0.00s
[301.306s][info][gc,start       ] GC(1296) Pause Young (Allocation Failure)
[301.307s][info][gc,heap        ] GC(1296) PSYoungGen: 692753K->1653K(695296K)
[301.307s][info][gc,heap        ] GC(1296) ParOldGen: 85617K->85617K(1398272K)
[301.307s][info][gc,metaspace   ] GC(1296) Metaspace: 20658K(21376K)->20658K(21376K) NonClass: 18250K(18688K)->18250K(18688K) Class: 2408K(2688K)->2408K(2688K)
[301.307s][info][gc             ] GC(1296) Pause Young (Allocation Failure) 760M->85M(2044M) 0.709ms
[301.307s][info][gc,cpu         ] GC(1296) User=0.00s Sys=0.00s Real=0.00s
[301.554s][info][gc,start       ] GC(1297) Pause Young (Allocation Failure)
[301.554s][info][gc,heap        ] GC(1297) PSYoungGen: 692853K->895K(694784K)
[301.555s][info][gc,heap        ] GC(1297) ParOldGen: 85617K->85633K(1398272K)
[301.555s][info][gc,metaspace   ] GC(1297) Metaspace: 20658K(21376K)->20658K(21376K) NonClass: 18250K(18688K)->18250K(18688K) Class: 2408K(2688K)->2408K(2688K)
[301.555s][info][gc             ] GC(1297) Pause Young (Allocation Failure) 760M->84M(2044M) 0.820ms
[301.555s][info][gc,cpu         ] GC(1297) User=0.00s Sys=0.00s Real=0.00s
[301.813s][info][gc,start       ] GC(1298) Pause Young (Allocation Failure)
[301.814s][info][gc,heap        ] GC(1298) PSYoungGen: 692095K->192K(695296K)
[301.814s][info][gc,heap        ] GC(1298) ParOldGen: 85633K->85633K(1398272K)
[301.814s][info][gc,metaspace   ] GC(1298) Metaspace: 20658K(21376K)->20658K(21376K) NonClass: 18250K(18688K)->18250K(18688K) Class: 2408K(2688K)->2408K(2688K)
[301.814s][info][gc             ] GC(1298) Pause Young (Allocation Failure) 759M->83M(2044M) 0.935ms
[301.814s][info][gc,cpu         ] GC(1298) User=0.00s Sys=0.00s Real=0.00s
[302.063s][info][gc,start       ] GC(1299) Pause Young (Allocation Failure)
[302.064s][info][gc,heap        ] GC(1299) PSYoungGen: 691904K->2415K(694272K)
[302.064s][info][gc,heap        ] GC(1299) ParOldGen: 85633K->85633K(1398272K)
[302.064s][info][gc,metaspace   ] GC(1299) Metaspace: 20658K(21376K)->20658K(21376K) NonClass: 18250K(18688K)->18250K(18688K) Class: 2408K(2688K)->2408K(2688K)
[302.065s][info][gc             ] GC(1299) Pause Young (Allocation Failure) 759M->85M(2043M) 1.943ms
[302.065s][info][gc,cpu         ] GC(1299) User=0.00s Sys=0.00s Real=0.00s
[302.202s][info][gc,start       ] GC(1300) Pause Young (System.gc())
[302.203s][info][gc,heap        ] GC(1300) PSYoungGen: 365921K->64K(694784K)
[302.203s][info][gc,heap        ] GC(1300) ParOldGen: 85633K->85633K(1398272K)
[302.203s][info][gc,metaspace   ] GC(1300) Metaspace: 20658K(21376K)->20658K(21376K) NonClass: 18250K(18688K)->18250K(18688K) Class: 2408K(2688K)->2408K(2688K)
[302.203s][info][gc             ] GC(1300) Pause Young (System.gc()) 440M->83M(2044M) 0.586ms
[302.203s][info][gc,cpu         ] GC(1300) User=0.00s Sys=0.00s Real=0.00s
[302.203s][info][gc,start       ] GC(1301) Pause Full (System.gc())
[302.203s][info][gc,phases,start] GC(1301) Marking Phase
[302.256s][info][gc,phases      ] GC(1301) Marking Phase 53.551ms
[302.256s][info][gc,phases,start] GC(1301) Summary Phase
[302.256s][info][gc,phases      ] GC(1301) Summary Phase 0.012ms
[302.256s][info][gc,phases,start] GC(1301) Adjust Roots
[302.258s][info][gc,phases      ] GC(1301) Adjust Roots 1.634ms
[302.258s][info][gc,phases,start] GC(1301) Compaction Phase
[302.272s][info][gc,phases      ] GC(1301) Compaction Phase 13.989ms
[302.272s][info][gc,phases,start] GC(1301) Post Compact
[302.273s][info][gc,phases      ] GC(1301) Post Compact 0.699ms
[302.273s][info][gc,heap        ] GC(1301) PSYoungGen: 64K->0K(694784K)
[302.273s][info][gc,heap        ] GC(1301) ParOldGen: 85633K->85553K(1398272K)
[302.273s][info][gc,metaspace   ] GC(1301) Metaspace: 20658K(21376K)->20658K(21376K) NonClass: 18250K(18688K)->18250K(18688K) Class: 2408K(2688K)->2408K(2688K)
[302.273s][info][gc             ] GC(1301) Pause Full (System.gc()) 83M->83M(2044M) 70.191ms
[302.273s][info][gc,cpu         ] GC(1301) User=0.17s Sys=0.00s Real=0.07s
[302.549s][info][gc,start       ] GC(1302) Pause Young (Allocation Failure)
[302.550s][info][gc,heap        ] GC(1302) PSYoungGen: 690688K->2861K(694784K)
[302.550s][info][gc,heap        ] GC(1302) ParOldGen: 85553K->85553K(1398272K)
[302.550s][info][gc,metaspace   ] GC(1302) Metaspace: 20658K(21376K)->20658K(21376K) NonClass: 18250K(18688K)->18250K(18688K) Class: 2408K(2688K)->2408K(2688K)
[302.550s][info][gc             ] GC(1302) Pause Young (Allocation Failure) 758M->86M(2044M) 1.295ms
[302.550s][info][gc,cpu         ] GC(1302) User=0.00s Sys=0.00s Real=0.00s
[302.814s][info][gc,start       ] GC(1303) Pause Young (Allocation Failure)
[302.816s][info][gc,heap        ] GC(1303) PSYoungGen: 693545K->1821K(694784K)
[302.816s][info][gc,heap        ] GC(1303) ParOldGen: 85553K->85585K(1398272K)
[302.816s][info][gc,metaspace   ] GC(1303) Metaspace: 20658K(21376K)->20658K(21376K) NonClass: 18250K(18688K)->18250K(18688K) Class: 2408K(2688K)->2408K(2688K)
[302.816s][info][gc             ] GC(1303) Pause Young (Allocation Failure) 760M->85M(2044M) 1.457ms
[302.816s][info][gc,cpu         ] GC(1303) User=0.00s Sys=0.00s Real=0.00s
[303.080s][info][gc,start       ] GC(1304) Pause Young (Allocation Failure)
[303.081s][info][gc,heap        ] GC(1304) PSYoungGen: 692509K->1103K(694784K)
[303.081s][info][gc,heap        ] GC(1304) ParOldGen: 85585K->85585K(1398272K)
[303.081s][info][gc,metaspace   ] GC(1304) Metaspace: 20658K(21376K)->20658K(21376K) NonClass: 18250K(18688K)->18250K(18688K) Class: 2408K(2688K)->2408K(2688K)
[303.081s][info][gc             ] GC(1304) Pause Young (Allocation Failure) 759M->84M(2044M) 1.142ms
[303.081s][info][gc,cpu         ] GC(1304) User=0.00s Sys=0.00s Real=0.00s
[303.338s][info][gc,start       ] GC(1305) Pause Young (Allocation Failure)
[303.339s][info][gc,heap        ] GC(1305) PSYoungGen: 691791K->192K(694784K)
[303.339s][info][gc,heap        ] GC(1305) ParOldGen: 85585K->85585K(1398272K)
[303.339s][info][gc,metaspace   ] GC(1305) Metaspace: 20658K(21376K)->20658K(21376K) NonClass: 18250K(18688K)->18250K(18688K) Class: 2408K(2688K)->2408K(2688K)
[303.339s][info][gc             ] GC(1305) Pause Young (Allocation Failure) 759M->83M(2044M) 0.538ms
[303.339s][info][gc,cpu         ] GC(1305) User=0.00s Sys=0.00s Real=0.00s
[303.602s][info][gc,start       ] GC(1306) Pause Young (Allocation Failure)
[303.603s][info][gc,heap        ] GC(1306) PSYoungGen: 690880K->2485K(694784K)
[303.603s][info][gc,heap        ] GC(1306) ParOldGen: 85585K->85609K(1398272K)
[303.603s][info][gc,metaspace   ] GC(1306) Metaspace: 20658K(21376K)->20658K(21376K) NonClass: 18250K(18688K)->18250K(18688K) Class: 2408K(2688K)->2408K(2688K)
[303.603s][info][gc             ] GC(1306) Pause Young (Allocation Failure) 758M->86M(2044M) 1.011ms
[303.603s][info][gc,cpu         ] GC(1306) User=0.00s Sys=0.00s Real=0.00s
[303.859s][info][gc,start       ] GC(1307) Pause Young (Allocation Failure)
[303.861s][info][gc,heap        ] GC(1307) PSYoungGen: 693173K->1543K(694784K)
[303.861s][info][gc,heap        ] GC(1307) ParOldGen: 85609K->85609K(1398272K)
[303.861s][info][gc,metaspace   ] GC(1307) Metaspace: 20658K(21376K)->20658K(21376K) NonClass: 18250K(18688K)->18250K(18688K) Class: 2408K(2688K)->2408K(2688K)
[303.861s][info][gc             ] GC(1307) Pause Young (Allocation Failure) 760M->85M(2044M) 1.684ms
[303.861s][info][gc,cpu         ] GC(1307) User=0.00s Sys=0.00s Real=0.00s
[304.112s][info][gc,start       ] GC(1308) Pause Young (Allocation Failure)
[304.112s][info][gc,heap        ] GC(1308) PSYoungGen: 692231K->900K(694784K)
[304.112s][info][gc,heap        ] GC(1308) ParOldGen: 85609K->85609K(1398272K)
[304.112s][info][gc,metaspace   ] GC(1308) Metaspace: 20658K(21376K)->20658K(21376K) NonClass: 18250K(18688K)->18250K(18688K) Class: 2408K(2688K)->2408K(2688K)
[304.112s][info][gc             ] GC(1308) Pause Young (Allocation Failure) 759M->84M(2044M) 0.737ms
[304.112s][info][gc,cpu         ] GC(1308) User=0.00s Sys=0.00s Real=0.00s
[304.337s][info][gc,start       ] GC(1309) Pause Young (Allocation Failure)
[304.338s][info][gc,heap        ] GC(1309) PSYoungGen: 691012K->3479K(694272K)
[304.338s][info][gc,heap        ] GC(1309) ParOldGen: 85609K->85609K(1398272K)
[304.338s][info][gc,metaspace   ] GC(1309) Metaspace: 20658K(21376K)->20658K(21376K) NonClass: 18250K(18688K)->18250K(18688K) Class: 2408K(2688K)->2408K(2688K)
[304.338s][info][gc             ] GC(1309) Pause Young (Allocation Failure) 758M->87M(2043M) 1.314ms
[304.338s][info][gc,cpu         ] GC(1309) User=0.00s Sys=0.00s Real=0.00s
[304.576s][info][gc,start       ] GC(1310) Pause Young (Allocation Failure)
[304.578s][info][gc,heap        ] GC(1310) PSYoungGen: 694167K->2525K(693248K)
[304.578s][info][gc,heap        ] GC(1310) ParOldGen: 85609K->85625K(1398272K)
[304.578s][info][gc,metaspace   ] GC(1310) Metaspace: 20658K(21376K)->20658K(21376K) NonClass: 18250K(18688K)->18250K(18688K) Class: 2408K(2688K)->2408K(2688K)
[304.578s][info][gc             ] GC(1310) Pause Young (Allocation Failure) 761M->86M(2042M) 1.558ms
[304.578s][info][gc,cpu         ] GC(1310) User=0.00s Sys=0.00s Real=0.00s
[304.816s][info][gc,start       ] GC(1311) Pause Young (Allocation Failure)
[304.817s][info][gc,heap        ] GC(1311) PSYoungGen: 693213K->1479K(694784K)
[304.817s][info][gc,heap        ] GC(1311) ParOldGen: 85625K->85625K(1398272K)
[304.817s][info][gc,metaspace   ] GC(1311) Metaspace: 20658K(21376K)->20658K(21376K) NonClass: 18250K(18688K)->18250K(18688K) Class: 2408K(2688K)->2408K(2688K)
[304.817s][info][gc             ] GC(1311) Pause Young (Allocation Failure) 760M->85M(2044M) 0.779ms
[304.817s][info][gc,cpu         ] GC(1311) User=0.00s Sys=0.00s Real=0.00s
[305.120s][info][gc,start       ] GC(1312) Pause Young (Allocation Failure)
[305.121s][info][gc,heap        ] GC(1312) PSYoungGen: 691655K->848K(694272K)
[305.121s][info][gc,heap        ] GC(1312) ParOldGen: 85625K->85625K(1398272K)
[305.121s][info][gc,metaspace   ] GC(1312) Metaspace: 20658K(21376K)->20658K(21376K) NonClass: 18250K(18688K)->18250K(18688K) Class: 2408K(2688K)->2408K(2688K)
[305.121s][info][gc             ] GC(1312) Pause Young (Allocation Failure) 759M->84M(2043M) 0.627ms
[305.121s][info][gc,cpu         ] GC(1312) User=0.00s Sys=0.00s Real=0.00s
[305.352s][info][gc,start       ] GC(1313) Pause Young (Allocation Failure)
[305.353s][info][gc,heap        ] GC(1313) PSYoungGen: 690975K->2699K(694784K)
[305.353s][info][gc,heap        ] GC(1313) ParOldGen: 85625K->85649K(1398272K)
[305.353s][info][gc,metaspace   ] GC(1313) Metaspace: 20658K(21376K)->20658K(21376K) NonClass: 18250K(18688K)->18250K(18688K) Class: 2408K(2688K)->2408K(2688K)
[305.353s][info][gc             ] GC(1313) Pause Young (Allocation Failure) 758M->86M(2044M) 1.792ms
[305.354s][info][gc,cpu         ] GC(1313) User=0.00s Sys=0.00s Real=0.00s
[305.595s][info][gc,start       ] GC(1314) Pause Young (Allocation Failure)
[305.596s][info][gc,heap        ] GC(1314) PSYoungGen: 693387K->2354K(694784K)
[305.596s][info][gc,heap        ] GC(1314) ParOldGen: 85649K->85649K(1398272K)
[305.596s][info][gc,metaspace   ] GC(1314) Metaspace: 20658K(21376K)->20658K(21376K) NonClass: 18250K(18688K)->18250K(18688K) Class: 2408K(2688K)->2408K(2688K)
[305.596s][info][gc             ] GC(1314) Pause Young (Allocation Failure) 760M->85M(2044M) 1.106ms
[305.597s][info][gc,cpu         ] GC(1314) User=0.00s Sys=0.00s Real=0.00s
[305.841s][info][gc,start       ] GC(1315) Pause Young (Allocation Failure)
[305.842s][info][gc,heap        ] GC(1315) PSYoungGen: 693042K->1607K(694784K)
[305.842s][info][gc,heap        ] GC(1315) ParOldGen: 85649K->85649K(1398272K)
[305.842s][info][gc,metaspace   ] GC(1315) Metaspace: 20658K(21376K)->20658K(21376K) NonClass: 18250K(18688K)->18250K(18688K) Class: 2408K(2688K)->2408K(2688K)
[305.842s][info][gc             ] GC(1315) Pause Young (Allocation Failure) 760M->85M(2044M) 0.862ms
[305.842s][info][gc,cpu         ] GC(1315) User=0.00s Sys=0.00s Real=0.00s
[305.974s][info][gc,start       ] GC(1316) Pause Young (System.gc())
[305.975s][info][gc,heap        ] GC(1316) PSYoungGen: 382330K->32K(694784K)
[305.975s][info][gc,heap        ] GC(1316) ParOldGen: 85649K->85649K(1398272K)
[305.975s][info][gc,metaspace   ] GC(1316) Metaspace: 20658K(21376K)->20658K(21376K) NonClass: 18250K(18688K)->18250K(18688K) Class: 2408K(2688K)->2408K(2688K)
[305.975s][info][gc             ] GC(1316) Pause Young (System.gc()) 457M->83M(2044M) 0.758ms
[305.975s][info][gc,cpu         ] GC(1316) User=0.00s Sys=0.00s Real=0.00s
[305.975s][info][gc,start       ] GC(1317) Pause Full (System.gc())
[305.975s][info][gc,phases,start] GC(1317) Marking Phase
[306.044s][info][gc,phases      ] GC(1317) Marking Phase 69.289ms
[306.044s][info][gc,phases,start] GC(1317) Summary Phase
[306.044s][info][gc,phases      ] GC(1317) Summary Phase 0.011ms
[306.044s][info][gc,phases,start] GC(1317) Adjust Roots
[306.046s][info][gc,phases      ] GC(1317) Adjust Roots 1.387ms
[306.046s][info][gc,phases,start] GC(1317) Compaction Phase
[306.062s][info][gc,phases      ] GC(1317) Compaction Phase 15.847ms
[306.062s][info][gc,phases,start] GC(1317) Post Compact
[306.062s][info][gc,phases      ] GC(1317) Post Compact 0.532ms
[306.062s][info][gc,heap        ] GC(1317) PSYoungGen: 32K->0K(694784K)
[306.062s][info][gc,heap        ] GC(1317) ParOldGen: 85649K->85553K(1398272K)
[306.062s][info][gc,metaspace   ] GC(1317) Metaspace: 20658K(21376K)->20658K(21376K) NonClass: 18250K(18688K)->18250K(18688K) Class: 2408K(2688K)->2408K(2688K)
[306.062s][info][gc             ] GC(1317) Pause Full (System.gc()) 83M->83M(2044M) 87.353ms
[306.062s][info][gc,cpu         ] GC(1317) User=0.33s Sys=0.00s Real=0.09s
[306.299s][info][gc,start       ] GC(1318) Pause Young (Allocation Failure)
[306.300s][info][gc,heap        ] GC(1318) PSYoungGen: 690688K->2298K(694784K)
[306.300s][info][gc,heap        ] GC(1318) ParOldGen: 85553K->85553K(1398272K)
[306.300s][info][gc,metaspace   ] GC(1318) Metaspace: 20658K(21376K)->20658K(21376K) NonClass: 18250K(18688K)->18250K(18688K) Class: 2408K(2688K)->2408K(2688K)
[306.300s][info][gc             ] GC(1318) Pause Young (Allocation Failure) 758M->85M(2044M) 1.205ms
[306.300s][info][gc,cpu         ] GC(1318) User=0.00s Sys=0.00s Real=0.00s
[306.543s][info][gc,start       ] GC(1319) Pause Young (Allocation Failure)
[306.544s][info][gc,heap        ] GC(1319) PSYoungGen: 692986K->1697K(694784K)
[306.544s][info][gc,heap        ] GC(1319) ParOldGen: 85553K->85577K(1398272K)
[306.544s][info][gc,metaspace   ] GC(1319) Metaspace: 20658K(21376K)->20658K(21376K) NonClass: 18250K(18688K)->18250K(18688K) Class: 2408K(2688K)->2408K(2688K)
[306.544s][info][gc             ] GC(1319) Pause Young (Allocation Failure) 760M->85M(2044M) 1.433ms
[306.544s][info][gc,cpu         ] GC(1319) User=0.00s Sys=0.00s Real=0.00s
[306.784s][info][gc,start       ] GC(1320) Pause Young (Allocation Failure)
[306.784s][info][gc,heap        ] GC(1320) PSYoungGen: 692385K->968K(694784K)
[306.784s][info][gc,heap        ] GC(1320) ParOldGen: 85577K->85577K(1398272K)
[306.784s][info][gc,metaspace   ] GC(1320) Metaspace: 20658K(21376K)->20658K(21376K) NonClass: 18250K(18688K)->18250K(18688K) Class: 2408K(2688K)->2408K(2688K)
[306.784s][info][gc             ] GC(1320) Pause Young (Allocation Failure) 759M->84M(2044M) 0.611ms
[306.784s][info][gc,cpu         ] GC(1320) User=0.00s Sys=0.00s Real=0.00s
[307.019s][info][gc,start       ] GC(1321) Pause Young (Allocation Failure)
[307.021s][info][gc,heap        ] GC(1321) PSYoungGen: 691656K->2145K(694784K)
[307.021s][info][gc,heap        ] GC(1321) ParOldGen: 85577K->85577K(1398272K)
[307.021s][info][gc,metaspace   ] GC(1321) Metaspace: 20658K(21376K)->20658K(21376K) NonClass: 18250K(18688K)->18250K(18688K) Class: 2408K(2688K)->2408K(2688K)
[307.021s][info][gc             ] GC(1321) Pause Young (Allocation Failure) 759M->85M(2044M) 1.536ms
[307.021s][info][gc,cpu         ] GC(1321) User=0.00s Sys=0.00s Real=0.00s
[307.278s][info][gc,start       ] GC(1322) Pause Young (Allocation Failure)
[307.279s][info][gc,heap        ] GC(1322) PSYoungGen: 692817K->2202K(694784K)
[307.279s][info][gc,heap        ] GC(1322) ParOldGen: 85577K->85593K(1398272K)
[307.279s][info][gc,metaspace   ] GC(1322) Metaspace: 20658K(21376K)->20658K(21376K) NonClass: 18250K(18688K)->18250K(18688K) Class: 2408K(2688K)->2408K(2688K)
[307.279s][info][gc             ] GC(1322) Pause Young (Allocation Failure) 760M->85M(2044M) 0.920ms
[307.279s][info][gc,cpu         ] GC(1322) User=0.00s Sys=0.00s Real=0.00s
[307.516s][info][gc,start       ] GC(1323) Pause Young (Allocation Failure)
[307.516s][info][gc,heap        ] GC(1323) PSYoungGen: 692890K->1753K(694784K)
[307.516s][info][gc,heap        ] GC(1323) ParOldGen: 85593K->85593K(1398272K)
[307.516s][info][gc,metaspace   ] GC(1323) Metaspace: 20658K(21376K)->20658K(21376K) NonClass: 18250K(18688K)->18250K(18688K) Class: 2408K(2688K)->2408K(2688K)
[307.516s][info][gc             ] GC(1323) Pause Young (Allocation Failure) 760M->85M(2044M) 0.863ms
[307.516s][info][gc,cpu         ] GC(1323) User=0.00s Sys=0.00s Real=0.00s
[307.761s][info][gc,start       ] GC(1324) Pause Young (Allocation Failure)
[307.762s][info][gc,heap        ] GC(1324) PSYoungGen: 692441K->1159K(695296K)
[307.762s][info][gc,heap        ] GC(1324) ParOldGen: 85593K->85593K(1398272K)
[307.762s][info][gc,metaspace   ] GC(1324) Metaspace: 20658K(21376K)->20658K(21376K) NonClass: 18250K(18688K)->18250K(18688K) Class: 2408K(2688K)->2408K(2688K)
[307.762s][info][gc             ] GC(1324) Pause Young (Allocation Failure) 759M->84M(2044M) 0.727ms
[307.762s][info][gc,cpu         ] GC(1324) User=0.00s Sys=0.00s Real=0.00s
[308.010s][info][gc,start       ] GC(1325) Pause Young (Allocation Failure)
[308.021s][info][gc,heap        ] GC(1325) PSYoungGen: 692871K->464K(695296K)
[308.021s][info][gc,heap        ] GC(1325) ParOldGen: 85593K->85593K(1398272K)
[308.021s][info][gc,metaspace   ] GC(1325) Metaspace: 20658K(21376K)->20658K(21376K) NonClass: 18250K(18688K)->18250K(18688K) Class: 2408K(2688K)->2408K(2688K)
[308.021s][info][gc             ] GC(1325) Pause Young (Allocation Failure) 760M->84M(2044M) 11.439ms
[308.021s][info][gc,cpu         ] GC(1325) User=0.00s Sys=0.00s Real=0.01s
[308.929s][info][gc,start       ] GC(1326) Pause Young (Allocation Failure)
[308.949s][info][gc,heap        ] GC(1326) PSYoungGen: 692063K->3187K(694272K)
[308.949s][info][gc,heap        ] GC(1326) ParOldGen: 85593K->85617K(1398272K)
[308.949s][info][gc,metaspace   ] GC(1326) Metaspace: 20658K(21376K)->20658K(21376K) NonClass: 18250K(18688K)->18250K(18688K) Class: 2408K(2688K)->2408K(2688K)
[308.950s][info][gc             ] GC(1326) Pause Young (Allocation Failure) 759M->86M(2043M) 20.907ms
[308.950s][info][gc,cpu         ] GC(1326) User=0.02s Sys=0.00s Real=0.02s
[310.986s][info][gc,start       ] GC(1327) Pause Young (Allocation Failure)
[310.993s][info][gc,heap        ] GC(1327) PSYoungGen: 693875K->2186K(694784K)
[310.994s][info][gc,heap        ] GC(1327) ParOldGen: 85617K->85617K(1398272K)
[310.994s][info][gc,metaspace   ] GC(1327) Metaspace: 20658K(21376K)->20658K(21376K) NonClass: 18250K(18688K)->18250K(18688K) Class: 2408K(2688K)->2408K(2688K)
[310.994s][info][gc             ] GC(1327) Pause Young (Allocation Failure) 761M->85M(2044M) 7.912ms
[310.994s][info][gc,cpu         ] GC(1327) User=0.00s Sys=0.00s Real=0.01s
[311.432s][info][gc,start       ] GC(1328) Pause Young (Allocation Failure)
[311.433s][info][gc,heap        ] GC(1328) PSYoungGen: 692874K->1593K(694784K)
[311.433s][info][gc,heap        ] GC(1328) ParOldGen: 85617K->85617K(1398272K)
[311.433s][info][gc,metaspace   ] GC(1328) Metaspace: 20658K(21376K)->20658K(21376K) NonClass: 18250K(18688K)->18250K(18688K) Class: 2408K(2688K)->2408K(2688K)
[311.433s][info][gc             ] GC(1328) Pause Young (Allocation Failure) 760M->85M(2044M) 1.048ms
[311.433s][info][gc,cpu         ] GC(1328) User=0.00s Sys=0.00s Real=0.00s
[311.675s][info][gc,start       ] GC(1329) Pause Young (Allocation Failure)
[311.676s][info][gc,heap        ] GC(1329) PSYoungGen: 692281K->829K(694784K)
[311.676s][info][gc,heap        ] GC(1329) ParOldGen: 85617K->85641K(1398272K)
[311.676s][info][gc,metaspace   ] GC(1329) Metaspace: 20658K(21376K)->20658K(21376K) NonClass: 18250K(18688K)->18250K(18688K) Class: 2408K(2688K)->2408K(2688K)
[311.676s][info][gc             ] GC(1329) Pause Young (Allocation Failure) 759M->84M(2044M) 0.601ms
[311.676s][info][gc,cpu         ] GC(1329) User=0.00s Sys=0.00s Real=0.00s
[311.915s][info][gc,start       ] GC(1330) Pause Young (Allocation Failure)
[311.916s][info][gc,heap        ] GC(1330) PSYoungGen: 691517K->192K(694784K)
[311.916s][info][gc,heap        ] GC(1330) ParOldGen: 85641K->85641K(1398272K)
[311.916s][info][gc,metaspace   ] GC(1330) Metaspace: 20658K(21376K)->20658K(21376K) NonClass: 18250K(18688K)->18250K(18688K) Class: 2408K(2688K)->2408K(2688K)
[311.916s][info][gc             ] GC(1330) Pause Young (Allocation Failure) 758M->83M(2044M) 0.463ms
[311.916s][info][gc,cpu         ] GC(1330) User=0.00s Sys=0.00s Real=0.00s
[312.150s][info][gc,start       ] GC(1331) Pause Young (Allocation Failure)
[312.152s][info][gc,heap        ] GC(1331) PSYoungGen: 690880K->2198K(694784K)
[312.152s][info][gc,heap        ] GC(1331) ParOldGen: 85641K->85641K(1398272K)
[312.152s][info][gc,metaspace   ] GC(1331) Metaspace: 20658K(21376K)->20658K(21376K) NonClass: 18250K(18688K)->18250K(18688K) Class: 2408K(2688K)->2408K(2688K)
[312.152s][info][gc             ] GC(1331) Pause Young (Allocation Failure) 758M->85M(2044M) 1.296ms
[312.152s][info][gc,cpu         ] GC(1331) User=0.00s Sys=0.00s Real=0.00s
[312.282s][info][gc,start       ] GC(1332) Pause Young (System.gc())
[312.283s][info][gc,heap        ] GC(1332) PSYoungGen: 367122K->64K(694784K)
[312.283s][info][gc,heap        ] GC(1332) ParOldGen: 85641K->85641K(1398272K)
[312.283s][info][gc,metaspace   ] GC(1332) Metaspace: 20658K(21376K)->20658K(21376K) NonClass: 18250K(18688K)->18250K(18688K) Class: 2408K(2688K)->2408K(2688K)
[312.283s][info][gc             ] GC(1332) Pause Young (System.gc()) 442M->83M(2044M) 0.517ms
[312.283s][info][gc,cpu         ] GC(1332) User=0.00s Sys=0.00s Real=0.00s
[312.283s][info][gc,start       ] GC(1333) Pause Full (System.gc())
[312.283s][info][gc,phases,start] GC(1333) Marking Phase
[312.336s][info][gc,phases      ] GC(1333) Marking Phase 53.370ms
[312.336s][info][gc,phases,start] GC(1333) Summary Phase
[312.336s][info][gc,phases      ] GC(1333) Summary Phase 0.011ms
[312.336s][info][gc,phases,start] GC(1333) Adjust Roots
[312.338s][info][gc,phases      ] GC(1333) Adjust Roots 1.794ms
[312.338s][info][gc,phases,start] GC(1333) Compaction Phase
[312.351s][info][gc,phases      ] GC(1333) Compaction Phase 12.646ms
[312.351s][info][gc,phases,start] GC(1333) Post Compact
[312.352s][info][gc,phases      ] GC(1333) Post Compact 0.501ms
[312.352s][info][gc,heap        ] GC(1333) PSYoungGen: 64K->0K(694784K)
[312.352s][info][gc,heap        ] GC(1333) ParOldGen: 85641K->85553K(1398272K)
[312.352s][info][gc,metaspace   ] GC(1333) Metaspace: 20658K(21376K)->20658K(21376K) NonClass: 18250K(18688K)->18250K(18688K) Class: 2408K(2688K)->2408K(2688K)
[312.352s][info][gc             ] GC(1333) Pause Full (System.gc()) 83M->83M(2044M) 68.623ms
[312.352s][info][gc,cpu         ] GC(1333) User=0.16s Sys=0.00s Real=0.07s
[312.593s][info][gc,start       ] GC(1334) Pause Young (Allocation Failure)
[312.594s][info][gc,heap        ] GC(1334) PSYoungGen: 690688K->2225K(694784K)
[312.594s][info][gc,heap        ] GC(1334) ParOldGen: 85553K->85553K(1398272K)
[312.594s][info][gc,metaspace   ] GC(1334) Metaspace: 20662K(21376K)->20662K(21376K) NonClass: 18254K(18688K)->18254K(18688K) Class: 2408K(2688K)->2408K(2688K)
[312.594s][info][gc             ] GC(1334) Pause Young (Allocation Failure) 758M->85M(2044M) 1.384ms
[312.594s][info][gc,cpu         ] GC(1334) User=0.00s Sys=0.00s Real=0.00s
[312.826s][info][gc,start       ] GC(1335) Pause Young (Allocation Failure)
[312.827s][info][gc,heap        ] GC(1335) PSYoungGen: 692913K->1550K(694784K)
[312.827s][info][gc,heap        ] GC(1335) ParOldGen: 85553K->85577K(1398272K)
[312.827s][info][gc,metaspace   ] GC(1335) Metaspace: 20662K(21376K)->20662K(21376K) NonClass: 18254K(18688K)->18254K(18688K) Class: 2408K(2688K)->2408K(2688K)
[312.827s][info][gc             ] GC(1335) Pause Young (Allocation Failure) 760M->85M(2044M) 0.671ms
[312.827s][info][gc,cpu         ] GC(1335) User=0.00s Sys=0.00s Real=0.00s
[313.062s][info][gc,start       ] GC(1336) Pause Young (Allocation Failure)
[313.062s][info][gc,heap        ] GC(1336) PSYoungGen: 692238K->904K(694784K)
[313.062s][info][gc,heap        ] GC(1336) ParOldGen: 85577K->85577K(1398272K)
[313.062s][info][gc,metaspace   ] GC(1336) Metaspace: 20662K(21376K)->20662K(21376K) NonClass: 18254K(18688K)->18254K(18688K) Class: 2408K(2688K)->2408K(2688K)
[313.062s][info][gc             ] GC(1336) Pause Young (Allocation Failure) 759M->84M(2044M) 0.573ms
[313.062s][info][gc,cpu         ] GC(1336) User=0.00s Sys=0.00s Real=0.00s
[313.293s][info][gc,start       ] GC(1337) Pause Young (Allocation Failure)
[313.294s][info][gc,heap        ] GC(1337) PSYoungGen: 691592K->192K(695296K)
[313.294s][info][gc,heap        ] GC(1337) ParOldGen: 85577K->85577K(1398272K)
[313.294s][info][gc,metaspace   ] GC(1337) Metaspace: 20662K(21376K)->20662K(21376K) NonClass: 18254K(18688K)->18254K(18688K) Class: 2408K(2688K)->2408K(2688K)
[313.294s][info][gc             ] GC(1337) Pause Young (Allocation Failure) 758M->83M(2044M) 0.485ms
[313.294s][info][gc,cpu         ] GC(1337) User=0.00s Sys=0.00s Real=0.00s
[313.525s][info][gc,start       ] GC(1338) Pause Young (Allocation Failure)
[313.526s][info][gc,heap        ] GC(1338) PSYoungGen: 691904K->2325K(694272K)
[313.527s][info][gc,heap        ] GC(1338) ParOldGen: 85577K->85593K(1398272K)
[313.527s][info][gc,metaspace   ] GC(1338) Metaspace: 20662K(21376K)->20662K(21376K) NonClass: 18254K(18688K)->18254K(18688K) Class: 2408K(2688K)->2408K(2688K)
[313.527s][info][gc             ] GC(1338) Pause Young (Allocation Failure) 759M->85M(2043M) 1.197ms
[313.527s][info][gc,cpu         ] GC(1338) User=0.00s Sys=0.00s Real=0.00s
[313.773s][info][gc,start       ] GC(1339) Pause Young (Allocation Failure)
[313.773s][info][gc,heap        ] GC(1339) PSYoungGen: 694037K->1882K(694784K)
[313.773s][info][gc,heap        ] GC(1339) ParOldGen: 85593K->85593K(1398272K)
[313.773s][info][gc,metaspace   ] GC(1339) Metaspace: 20662K(21376K)->20662K(21376K) NonClass: 18254K(18688K)->18254K(18688K) Class: 2408K(2688K)->2408K(2688K)
[313.774s][info][gc             ] GC(1339) Pause Young (Allocation Failure) 761M->85M(2044M) 0.862ms
[313.774s][info][gc,cpu         ] GC(1339) User=0.00s Sys=0.00s Real=0.00s
[314.006s][info][gc,start       ] GC(1340) Pause Young (Allocation Failure)
[314.006s][info][gc,heap        ] GC(1340) PSYoungGen: 692570K->927K(694784K)
[314.006s][info][gc,heap        ] GC(1340) ParOldGen: 85593K->85593K(1398272K)
[314.006s][info][gc,metaspace   ] GC(1340) Metaspace: 20662K(21376K)->20662K(21376K) NonClass: 18254K(18688K)->18254K(18688K) Class: 2408K(2688K)->2408K(2688K)
[314.006s][info][gc             ] GC(1340) Pause Young (Allocation Failure) 759M->84M(2044M) 0.824ms
[314.006s][info][gc,cpu         ] GC(1340) User=0.00s Sys=0.00s Real=0.00s
[314.248s][info][gc,start       ] GC(1341) Pause Young (Allocation Failure)
[314.249s][info][gc,heap        ] GC(1341) PSYoungGen: 691615K->160K(695296K)
[314.249s][info][gc,heap        ] GC(1341) ParOldGen: 85593K->85593K(1398272K)
[314.249s][info][gc,metaspace   ] GC(1341) Metaspace: 20662K(21376K)->20662K(21376K) NonClass: 18254K(18688K)->18254K(18688K) Class: 2408K(2688K)->2408K(2688K)
[314.249s][info][gc             ] GC(1341) Pause Young (Allocation Failure) 758M->83M(2044M) 0.549ms
[314.249s][info][gc,cpu         ] GC(1341) User=0.00s Sys=0.00s Real=0.00s
[314.481s][info][gc,start       ] GC(1342) Pause Young (Allocation Failure)
[314.482s][info][gc,heap        ] GC(1342) PSYoungGen: 691872K->2656K(694784K)
[314.482s][info][gc,heap        ] GC(1342) ParOldGen: 85593K->85617K(1398272K)
[314.482s][info][gc,metaspace   ] GC(1342) Metaspace: 20662K(21376K)->20662K(21376K) NonClass: 18254K(18688K)->18254K(18688K) Class: 2408K(2688K)->2408K(2688K)
[314.482s][info][gc             ] GC(1342) Pause Young (Allocation Failure) 759M->86M(2044M) 1.147ms
[314.482s][info][gc,cpu         ] GC(1342) User=0.02s Sys=0.00s Real=0.00s
[314.727s][info][gc,start       ] GC(1343) Pause Young (Allocation Failure)
[314.728s][info][gc,heap        ] GC(1343) PSYoungGen: 694368K->2057K(694784K)
[314.728s][info][gc,heap        ] GC(1343) ParOldGen: 85617K->85617K(1398272K)
[314.728s][info][gc,metaspace   ] GC(1343) Metaspace: 20662K(21376K)->20662K(21376K) NonClass: 18254K(18688K)->18254K(18688K) Class: 2408K(2688K)->2408K(2688K)
[314.728s][info][gc             ] GC(1343) Pause Young (Allocation Failure) 761M->85M(2044M) 0.876ms
[314.728s][info][gc,cpu         ] GC(1343) User=0.00s Sys=0.00s Real=0.00s
[314.962s][info][gc,start       ] GC(1344) Pause Young (Allocation Failure)
[314.962s][info][gc,heap        ] GC(1344) PSYoungGen: 692745K->1489K(694784K)
[314.962s][info][gc,heap        ] GC(1344) ParOldGen: 85617K->85617K(1398272K)
[314.962s][info][gc,metaspace   ] GC(1344) Metaspace: 20662K(21376K)->20662K(21376K) NonClass: 18254K(18688K)->18254K(18688K) Class: 2408K(2688K)->2408K(2688K)
[314.962s][info][gc             ] GC(1344) Pause Young (Allocation Failure) 760M->85M(2044M) 0.669ms
[314.962s][info][gc,cpu         ] GC(1344) User=0.00s Sys=0.00s Real=0.00s
[315.201s][info][gc,start       ] GC(1345) Pause Young (Allocation Failure)
[315.202s][info][gc,heap        ] GC(1345) PSYoungGen: 692177K->786K(695296K)
[315.202s][info][gc,heap        ] GC(1345) ParOldGen: 85617K->85633K(1398272K)
[315.202s][info][gc,metaspace   ] GC(1345) Metaspace: 20662K(21376K)->20662K(21376K) NonClass: 18254K(18688K)->18254K(18688K) Class: 2408K(2688K)->2408K(2688K)
[315.202s][info][gc             ] GC(1345) Pause Young (Allocation Failure) 759M->84M(2044M) 0.910ms
[315.202s][info][gc,cpu         ] GC(1345) User=0.00s Sys=0.00s Real=0.00s
[315.434s][info][gc,start       ] GC(1346) Pause Young (Allocation Failure)
[315.435s][info][gc,heap        ] GC(1346) PSYoungGen: 692498K->3125K(695296K)
[315.435s][info][gc,heap        ] GC(1346) ParOldGen: 85633K->85633K(1398272K)
[315.435s][info][gc,metaspace   ] GC(1346) Metaspace: 20662K(21376K)->20662K(21376K) NonClass: 18254K(18688K)->18254K(18688K) Class: 2408K(2688K)->2408K(2688K)
[315.435s][info][gc             ] GC(1346) Pause Young (Allocation Failure) 759M->86M(2044M) 1.792ms
[315.435s][info][gc,cpu         ] GC(1346) User=0.02s Sys=0.00s Real=0.00s
[315.678s][info][gc,start       ] GC(1347) Pause Young (Allocation Failure)
[315.679s][info][gc,heap        ] GC(1347) PSYoungGen: 694837K->2395K(694272K)
[315.679s][info][gc,heap        ] GC(1347) ParOldGen: 85633K->85633K(1398272K)
[315.679s][info][gc,metaspace   ] GC(1347) Metaspace: 20662K(21376K)->20662K(21376K) NonClass: 18254K(18688K)->18254K(18688K) Class: 2408K(2688K)->2408K(2688K)
[315.679s][info][gc             ] GC(1347) Pause Young (Allocation Failure) 762M->85M(2043M) 0.892ms
[315.679s][info][gc,cpu         ] GC(1347) User=0.00s Sys=0.00s Real=0.00s
[315.806s][info][gc,start       ] GC(1348) Pause Young (System.gc())
[315.806s][info][gc,heap        ] GC(1348) PSYoungGen: 367548K->96K(694784K)
[315.806s][info][gc,heap        ] GC(1348) ParOldGen: 85633K->85633K(1398272K)
[315.806s][info][gc,metaspace   ] GC(1348) Metaspace: 20662K(21376K)->20662K(21376K) NonClass: 18254K(18688K)->18254K(18688K) Class: 2408K(2688K)->2408K(2688K)
[315.806s][info][gc             ] GC(1348) Pause Young (System.gc()) 442M->83M(2044M) 0.422ms
[315.806s][info][gc,cpu         ] GC(1348) User=0.00s Sys=0.00s Real=0.00s
[315.806s][info][gc,start       ] GC(1349) Pause Full (System.gc())
[315.806s][info][gc,phases,start] GC(1349) Marking Phase
[315.858s][info][gc,phases      ] GC(1349) Marking Phase 51.423ms
[315.858s][info][gc,phases,start] GC(1349) Summary Phase
[315.858s][info][gc,phases      ] GC(1349) Summary Phase 0.012ms
[315.858s][info][gc,phases,start] GC(1349) Adjust Roots
[315.859s][info][gc,phases      ] GC(1349) Adjust Roots 1.377ms
[315.859s][info][gc,phases,start] GC(1349) Compaction Phase
[315.873s][info][gc,phases      ] GC(1349) Compaction Phase 13.902ms
[315.873s][info][gc,phases,start] GC(1349) Post Compact
[315.874s][info][gc,phases      ] GC(1349) Post Compact 0.567ms
[315.874s][info][gc,heap        ] GC(1349) PSYoungGen: 96K->0K(694784K)
[315.874s][info][gc,heap        ] GC(1349) ParOldGen: 85633K->85553K(1398272K)
[315.874s][info][gc,metaspace   ] GC(1349) Metaspace: 20662K(21376K)->20662K(21376K) NonClass: 18254K(18688K)->18254K(18688K) Class: 2408K(2688K)->2408K(2688K)
[315.874s][info][gc             ] GC(1349) Pause Full (System.gc()) 83M->83M(2044M) 67.562ms
[315.874s][info][gc,cpu         ] GC(1349) User=0.06s Sys=0.00s Real=0.07s
[316.109s][info][gc,start       ] GC(1350) Pause Young (Allocation Failure)
[316.110s][info][gc,heap        ] GC(1350) PSYoungGen: 690688K->2524K(693760K)
[316.110s][info][gc,heap        ] GC(1350) ParOldGen: 85553K->85553K(1398272K)
[316.110s][info][gc,metaspace   ] GC(1350) Metaspace: 20662K(21376K)->20662K(21376K) NonClass: 18254K(18688K)->18254K(18688K) Class: 2408K(2688K)->2408K(2688K)
[316.110s][info][gc             ] GC(1350) Pause Young (Allocation Failure) 758M->86M(2043M) 1.028ms
[316.110s][info][gc,cpu         ] GC(1350) User=0.00s Sys=0.00s Real=0.00s
[316.350s][info][gc,start       ] GC(1351) Pause Young (Allocation Failure)
[316.351s][info][gc,heap        ] GC(1351) PSYoungGen: 692188K->1774K(694272K)
[316.351s][info][gc,heap        ] GC(1351) ParOldGen: 85553K->85585K(1398272K)
[316.351s][info][gc,metaspace   ] GC(1351) Metaspace: 20662K(21376K)->20662K(21376K) NonClass: 18254K(18688K)->18254K(18688K) Class: 2408K(2688K)->2408K(2688K)
[316.351s][info][gc             ] GC(1351) Pause Young (Allocation Failure) 759M->85M(2043M) 1.187ms
[316.351s][info][gc,cpu         ] GC(1351) User=0.00s Sys=0.00s Real=0.00s
[316.591s][info][gc,start       ] GC(1352) Pause Young (Allocation Failure)
[316.591s][info][gc,heap        ] GC(1352) PSYoungGen: 691438K->1012K(694784K)
[316.591s][info][gc,heap        ] GC(1352) ParOldGen: 85585K->85585K(1398272K)
[316.591s][info][gc,metaspace   ] GC(1352) Metaspace: 20662K(21376K)->20662K(21376K) NonClass: 18254K(18688K)->18254K(18688K) Class: 2408K(2688K)->2408K(2688K)
[316.591s][info][gc             ] GC(1352) Pause Young (Allocation Failure) 758M->84M(2044M) 0.665ms
[316.591s][info][gc,cpu         ] GC(1352) User=0.00s Sys=0.00s Real=0.00s
[316.820s][info][gc,start       ] GC(1353) Pause Young (Allocation Failure)
[316.821s][info][gc,heap        ] GC(1353) PSYoungGen: 691700K->192K(694784K)
[316.821s][info][gc,heap        ] GC(1353) ParOldGen: 85585K->85585K(1398272K)
[316.821s][info][gc,metaspace   ] GC(1353) Metaspace: 20662K(21376K)->20662K(21376K) NonClass: 18254K(18688K)->18254K(18688K) Class: 2408K(2688K)->2408K(2688K)
[316.821s][info][gc             ] GC(1353) Pause Young (Allocation Failure) 759M->83M(2044M) 0.454ms
[316.821s][info][gc,cpu         ] GC(1353) User=0.00s Sys=0.00s Real=0.00s
[317.039s][info][gc,start       ] GC(1354) Pause Young (Allocation Failure)
[317.041s][info][gc,heap        ] GC(1354) PSYoungGen: 690880K->2408K(694784K)
[317.041s][info][gc,heap        ] GC(1354) ParOldGen: 85585K->85609K(1398272K)
[317.041s][info][gc,metaspace   ] GC(1354) Metaspace: 20662K(21376K)->20662K(21376K) NonClass: 18254K(18688K)->18254K(18688K) Class: 2408K(2688K)->2408K(2688K)
[317.041s][info][gc             ] GC(1354) Pause Young (Allocation Failure) 758M->85M(2044M) 1.297ms
[317.041s][info][gc,cpu         ] GC(1354) User=0.00s Sys=0.00s Real=0.00s
[317.271s][info][gc,start       ] GC(1355) Pause Young (Allocation Failure)
[317.272s][info][gc,heap        ] GC(1355) PSYoungGen: 693096K->1689K(694784K)
[317.272s][info][gc,heap        ] GC(1355) ParOldGen: 85609K->85609K(1398272K)
[317.272s][info][gc,metaspace   ] GC(1355) Metaspace: 20662K(21376K)->20662K(21376K) NonClass: 18254K(18688K)->18254K(18688K) Class: 2408K(2688K)->2408K(2688K)
[317.272s][info][gc             ] GC(1355) Pause Young (Allocation Failure) 760M->85M(2044M) 1.067ms
[317.272s][info][gc,cpu         ] GC(1355) User=0.00s Sys=0.00s Real=0.00s
[317.518s][info][gc,start       ] GC(1356) Pause Young (Allocation Failure)
[317.519s][info][gc,heap        ] GC(1356) PSYoungGen: 692377K->927K(694784K)
[317.519s][info][gc,heap        ] GC(1356) ParOldGen: 85609K->85609K(1398272K)
[317.519s][info][gc,metaspace   ] GC(1356) Metaspace: 20662K(21376K)->20662K(21376K) NonClass: 18254K(18688K)->18254K(18688K) Class: 2408K(2688K)->2408K(2688K)
[317.519s][info][gc             ] GC(1356) Pause Young (Allocation Failure) 759M->84M(2044M) 0.807ms
[317.519s][info][gc,cpu         ] GC(1356) User=0.00s Sys=0.00s Real=0.00s
[317.753s][info][gc,start       ] GC(1357) Pause Young (Allocation Failure)
[317.753s][info][gc,heap        ] GC(1357) PSYoungGen: 691615K->192K(694784K)
[317.753s][info][gc,heap        ] GC(1357) ParOldGen: 85609K->85609K(1398272K)
[317.753s][info][gc,metaspace   ] GC(1357) Metaspace: 20662K(21376K)->20662K(21376K) NonClass: 18254K(18688K)->18254K(18688K) Class: 2408K(2688K)->2408K(2688K)
[317.753s][info][gc             ] GC(1357) Pause Young (Allocation Failure) 759M->83M(2044M) 0.532ms
[317.753s][info][gc,cpu         ] GC(1357) User=0.00s Sys=0.00s Real=0.00s
[317.974s][info][gc,start       ] GC(1358) Pause Young (Allocation Failure)
[317.975s][info][gc,heap        ] GC(1358) PSYoungGen: 690880K->2348K(694784K)
[317.975s][info][gc,heap        ] GC(1358) ParOldGen: 85609K->85633K(1398272K)
[317.975s][info][gc,metaspace   ] GC(1358) Metaspace: 20662K(21376K)->20662K(21376K) NonClass: 18254K(18688K)->18254K(18688K) Class: 2408K(2688K)->2408K(2688K)
[317.975s][info][gc             ] GC(1358) Pause Young (Allocation Failure) 758M->85M(2044M) 0.887ms
[317.975s][info][gc,cpu         ] GC(1358) User=0.00s Sys=0.00s Real=0.00s
[318.208s][info][gc,start       ] GC(1359) Pause Young (Allocation Failure)
[318.209s][info][gc,heap        ] GC(1359) PSYoungGen: 693036K->1840K(694784K)
[318.209s][info][gc,heap        ] GC(1359) ParOldGen: 85633K->85633K(1398272K)
[318.209s][info][gc,metaspace   ] GC(1359) Metaspace: 20662K(21376K)->20662K(21376K) NonClass: 18254K(18688K)->18254K(18688K) Class: 2408K(2688K)->2408K(2688K)
[318.209s][info][gc             ] GC(1359) Pause Young (Allocation Failure) 760M->85M(2044M) 0.621ms
[318.209s][info][gc,cpu         ] GC(1359) User=0.00s Sys=0.00s Real=0.00s
[318.444s][info][gc,start       ] GC(1360) Pause Young (Allocation Failure)
[318.445s][info][gc,heap        ] GC(1360) PSYoungGen: 692528K->1174K(695296K)
[318.445s][info][gc,heap        ] GC(1360) ParOldGen: 85633K->85633K(1398272K)
[318.445s][info][gc,metaspace   ] GC(1360) Metaspace: 20662K(21376K)->20662K(21376K) NonClass: 18254K(18688K)->18254K(18688K) Class: 2408K(2688K)->2408K(2688K)
[318.445s][info][gc             ] GC(1360) Pause Young (Allocation Failure) 759M->84M(2044M) 0.584ms
[318.445s][info][gc,cpu         ] GC(1360) User=0.00s Sys=0.00s Real=0.00s
[318.687s][info][gc,start       ] GC(1361) Pause Young (Allocation Failure)
[318.687s][info][gc,heap        ] GC(1361) PSYoungGen: 692374K->288K(694784K)
[318.687s][info][gc,heap        ] GC(1361) ParOldGen: 85633K->85657K(1398272K)
[318.687s][info][gc,metaspace   ] GC(1361) Metaspace: 20662K(21376K)->20662K(21376K) NonClass: 18254K(18688K)->18254K(18688K) Class: 2408K(2688K)->2408K(2688K)
[318.687s][info][gc             ] GC(1361) Pause Young (Allocation Failure) 759M->83M(2044M) 0.465ms
[318.688s][info][gc,cpu         ] GC(1361) User=0.00s Sys=0.00s Real=0.00s
[318.909s][info][gc,start       ] GC(1362) Pause Young (Allocation Failure)
[318.910s][info][gc,heap        ] GC(1362) PSYoungGen: 691488K->2525K(694272K)
[318.910s][info][gc,heap        ] GC(1362) ParOldGen: 85657K->85657K(1398272K)
[318.910s][info][gc,metaspace   ] GC(1362) Metaspace: 20662K(21376K)->20662K(21376K) NonClass: 18254K(18688K)->18254K(18688K) Class: 2408K(2688K)->2408K(2688K)
[318.910s][info][gc             ] GC(1362) Pause Young (Allocation Failure) 758M->86M(2043M) 0.902ms
[318.910s][info][gc,cpu         ] GC(1362) User=0.00s Sys=0.00s Real=0.00s
[319.145s][info][gc,start       ] GC(1363) Pause Young (Allocation Failure)
[319.146s][info][gc,heap        ] GC(1363) PSYoungGen: 693213K->1675K(694784K)
[319.146s][info][gc,heap        ] GC(1363) ParOldGen: 85657K->85657K(1398272K)
[319.146s][info][gc,metaspace   ] GC(1363) Metaspace: 20662K(21376K)->20662K(21376K) NonClass: 18254K(18688K)->18254K(18688K) Class: 2408K(2688K)->2408K(2688K)
[319.146s][info][gc             ] GC(1363) Pause Young (Allocation Failure) 760M->85M(2044M) 1.009ms
[319.146s][info][gc,cpu         ] GC(1363) User=0.00s Sys=0.00s Real=0.00s
[319.273s][info][gc,start       ] GC(1364) Pause Young (System.gc())
[319.274s][info][gc,heap        ] GC(1364) PSYoungGen: 378761K->128K(694784K)
[319.274s][info][gc,heap        ] GC(1364) ParOldGen: 85657K->85657K(1398272K)
[319.274s][info][gc,metaspace   ] GC(1364) Metaspace: 20662K(21376K)->20662K(21376K) NonClass: 18254K(18688K)->18254K(18688K) Class: 2408K(2688K)->2408K(2688K)
[319.274s][info][gc             ] GC(1364) Pause Young (System.gc()) 453M->83M(2044M) 0.524ms
[319.274s][info][gc,cpu         ] GC(1364) User=0.00s Sys=0.00s Real=0.00s
[319.274s][info][gc,start       ] GC(1365) Pause Full (System.gc())
[319.274s][info][gc,phases,start] GC(1365) Marking Phase
[319.321s][info][gc,phases      ] GC(1365) Marking Phase 47.125ms
[319.321s][info][gc,phases,start] GC(1365) Summary Phase
[319.321s][info][gc,phases      ] GC(1365) Summary Phase 0.011ms
[319.321s][info][gc,phases,start] GC(1365) Adjust Roots
[319.322s][info][gc,phases      ] GC(1365) Adjust Roots 1.394ms
[319.322s][info][gc,phases,start] GC(1365) Compaction Phase
[319.337s][info][gc,phases      ] GC(1365) Compaction Phase 14.547ms
[319.337s][info][gc,phases,start] GC(1365) Post Compact
[319.337s][info][gc,phases      ] GC(1365) Post Compact 0.585ms
[319.338s][info][gc,heap        ] GC(1365) PSYoungGen: 128K->0K(694784K)
[319.338s][info][gc,heap        ] GC(1365) ParOldGen: 85657K->85553K(1398272K)
[319.338s][info][gc,metaspace   ] GC(1365) Metaspace: 20662K(21376K)->20662K(21376K) NonClass: 18254K(18688K)->18254K(18688K) Class: 2408K(2688K)->2408K(2688K)
[319.338s][info][gc             ] GC(1365) Pause Full (System.gc()) 83M->83M(2044M) 63.931ms
[319.338s][info][gc,cpu         ] GC(1365) User=0.05s Sys=0.00s Real=0.06s
[319.571s][info][gc,start       ] GC(1366) Pause Young (Allocation Failure)
[319.572s][info][gc,heap        ] GC(1366) PSYoungGen: 690688K->2223K(694784K)
[319.572s][info][gc,heap        ] GC(1366) ParOldGen: 85553K->85553K(1398272K)
[319.572s][info][gc,metaspace   ] GC(1366) Metaspace: 20662K(21376K)->20662K(21376K) NonClass: 18254K(18688K)->18254K(18688K) Class: 2408K(2688K)->2408K(2688K)
[319.572s][info][gc             ] GC(1366) Pause Young (Allocation Failure) 758M->85M(2044M) 0.864ms
[319.572s][info][gc,cpu         ] GC(1366) User=0.00s Sys=0.00s Real=0.00s
[319.801s][info][gc,start       ] GC(1367) Pause Young (Allocation Failure)
[319.803s][info][gc,heap        ] GC(1367) PSYoungGen: 692911K->1485K(695296K)
[319.803s][info][gc,heap        ] GC(1367) ParOldGen: 85553K->85569K(1398272K)
[319.803s][info][gc,metaspace   ] GC(1367) Metaspace: 20662K(21376K)->20662K(21376K) NonClass: 18254K(18688K)->18254K(18688K) Class: 2408K(2688K)->2408K(2688K)
[319.803s][info][gc             ] GC(1367) Pause Young (Allocation Failure) 760M->85M(2044M) 1.094ms
[319.803s][info][gc,cpu         ] GC(1367) User=0.00s Sys=0.00s Real=0.00s
[320.037s][info][gc,start       ] GC(1368) Pause Young (Allocation Failure)
[320.038s][info][gc,heap        ] GC(1368) PSYoungGen: 692685K->891K(694784K)
[320.038s][info][gc,heap        ] GC(1368) ParOldGen: 85569K->85569K(1398272K)
[320.038s][info][gc,metaspace   ] GC(1368) Metaspace: 20662K(21376K)->20662K(21376K) NonClass: 18254K(18688K)->18254K(18688K) Class: 2408K(2688K)->2408K(2688K)
[320.038s][info][gc             ] GC(1368) Pause Young (Allocation Failure) 760M->84M(2044M) 0.533ms
[320.038s][info][gc,cpu         ] GC(1368) User=0.00s Sys=0.00s Real=0.00s
[320.262s][info][gc,start       ] GC(1369) Pause Young (Allocation Failure)
[320.264s][info][gc,heap        ] GC(1369) PSYoungGen: 692091K->2081K(695296K)
[320.264s][info][gc,heap        ] GC(1369) ParOldGen: 85569K->85569K(1398272K)
[320.264s][info][gc,metaspace   ] GC(1369) Metaspace: 20662K(21376K)->20662K(21376K) NonClass: 18254K(18688K)->18254K(18688K) Class: 2408K(2688K)->2408K(2688K)
[320.264s][info][gc             ] GC(1369) Pause Young (Allocation Failure) 759M->85M(2044M) 1.716ms
[320.264s][info][gc,cpu         ] GC(1369) User=0.02s Sys=0.00s Real=0.00s
[320.498s][info][gc,start       ] GC(1370) Pause Young (Allocation Failure)
[320.499s][info][gc,heap        ] GC(1370) PSYoungGen: 693774K->2291K(695296K)
[320.499s][info][gc,heap        ] GC(1370) ParOldGen: 85569K->85593K(1398272K)
[320.499s][info][gc,metaspace   ] GC(1370) Metaspace: 20662K(21376K)->20662K(21376K) NonClass: 18254K(18688K)->18254K(18688K) Class: 2408K(2688K)->2408K(2688K)
[320.499s][info][gc             ] GC(1370) Pause Young (Allocation Failure) 761M->85M(2044M) 1.022ms
[320.499s][info][gc,cpu         ] GC(1370) User=0.00s Sys=0.00s Real=0.00s
[320.740s][info][gc,start       ] GC(1371) Pause Young (Allocation Failure)
[320.741s][info][gc,heap        ] GC(1371) PSYoungGen: 694003K->1671K(695296K)
[320.742s][info][gc,heap        ] GC(1371) ParOldGen: 85593K->85593K(1398272K)
[320.742s][info][gc,metaspace   ] GC(1371) Metaspace: 20662K(21376K)->20662K(21376K) NonClass: 18254K(18688K)->18254K(18688K) Class: 2408K(2688K)->2408K(2688K)
[320.742s][info][gc             ] GC(1371) Pause Young (Allocation Failure) 761M->85M(2044M) 1.073ms
[320.742s][info][gc,cpu         ] GC(1371) User=0.00s Sys=0.00s Real=0.00s
[320.971s][info][gc,start       ] GC(1372) Pause Young (Allocation Failure)
[320.972s][info][gc,heap        ] GC(1372) PSYoungGen: 693383K->1315K(695296K)
[320.972s][info][gc,heap        ] GC(1372) ParOldGen: 85593K->85593K(1398272K)
[320.972s][info][gc,metaspace   ] GC(1372) Metaspace: 20662K(21376K)->20662K(21376K) NonClass: 18254K(18688K)->18254K(18688K) Class: 2408K(2688K)->2408K(2688K)
[320.972s][info][gc             ] GC(1372) Pause Young (Allocation Failure) 760M->84M(2044M) 0.574ms
[320.972s][info][gc,cpu         ] GC(1372) User=0.00s Sys=0.00s Real=0.00s
[321.203s][info][gc,start       ] GC(1373) Pause Young (Allocation Failure)
[321.203s][info][gc,heap        ] GC(1373) PSYoungGen: 693027K->448K(695296K)
[321.203s][info][gc,heap        ] GC(1373) ParOldGen: 85593K->85593K(1398272K)
[321.203s][info][gc,metaspace   ] GC(1373) Metaspace: 20662K(21376K)->20662K(21376K) NonClass: 18254K(18688K)->18254K(18688K) Class: 2408K(2688K)->2408K(2688K)
[321.203s][info][gc             ] GC(1373) Pause Young (Allocation Failure) 760M->84M(2044M) 0.631ms
[321.203s][info][gc,cpu         ] GC(1373) User=0.00s Sys=0.00s Real=0.00s
[321.434s][info][gc,start       ] GC(1374) Pause Young (Allocation Failure)
[321.435s][info][gc,heap        ] GC(1374) PSYoungGen: 692160K->2878K(694784K)
[321.435s][info][gc,heap        ] GC(1374) ParOldGen: 85593K->85609K(1398272K)
[321.435s][info][gc,metaspace   ] GC(1374) Metaspace: 20662K(21376K)->20662K(21376K) NonClass: 18254K(18688K)->18254K(18688K) Class: 2408K(2688K)->2408K(2688K)
[321.435s][info][gc             ] GC(1374) Pause Young (Allocation Failure) 759M->86M(2044M) 1.274ms
[321.435s][info][gc,cpu         ] GC(1374) User=0.00s Sys=0.00s Real=0.00s
[321.675s][info][gc,start       ] GC(1375) Pause Young (Allocation Failure)
[321.675s][info][gc,heap        ] GC(1375) PSYoungGen: 694590K->1806K(695296K)
[321.675s][info][gc,heap        ] GC(1375) ParOldGen: 85609K->85609K(1398272K)
[321.675s][info][gc,metaspace   ] GC(1375) Metaspace: 20662K(21376K)->20662K(21376K) NonClass: 18254K(18688K)->18254K(18688K) Class: 2408K(2688K)->2408K(2688K)
[321.675s][info][gc             ] GC(1375) Pause Young (Allocation Failure) 761M->85M(2044M) 0.825ms
[321.675s][info][gc,cpu         ] GC(1375) User=0.00s Sys=0.00s Real=0.00s
[321.907s][info][gc,start       ] GC(1376) Pause Young (Allocation Failure)
[321.908s][info][gc,heap        ] GC(1376) PSYoungGen: 693006K->1160K(694784K)
[321.908s][info][gc,heap        ] GC(1376) ParOldGen: 85609K->85609K(1398272K)
[321.908s][info][gc,metaspace   ] GC(1376) Metaspace: 20662K(21376K)->20662K(21376K) NonClass: 18254K(18688K)->18254K(18688K) Class: 2408K(2688K)->2408K(2688K)
[321.908s][info][gc             ] GC(1376) Pause Young (Allocation Failure) 760M->84M(2044M) 0.828ms
[321.908s][info][gc,cpu         ] GC(1376) User=0.00s Sys=0.00s Real=0.00s
[322.144s][info][gc,start       ] GC(1377) Pause Young (Allocation Failure)
[322.145s][info][gc,heap        ] GC(1377) PSYoungGen: 692360K->408K(695296K)
[322.145s][info][gc,heap        ] GC(1377) ParOldGen: 85609K->85633K(1398272K)
[322.145s][info][gc,metaspace   ] GC(1377) Metaspace: 20662K(21376K)->20662K(21376K) NonClass: 18254K(18688K)->18254K(18688K) Class: 2408K(2688K)->2408K(2688K)
[322.145s][info][gc             ] GC(1377) Pause Young (Allocation Failure) 759M->84M(2044M) 0.602ms
[322.145s][info][gc,cpu         ] GC(1377) User=0.00s Sys=0.00s Real=0.00s
[322.370s][info][gc,start       ] GC(1378) Pause Young (Allocation Failure)
[322.372s][info][gc,heap        ] GC(1378) PSYoungGen: 692118K->2847K(694784K)
[322.372s][info][gc,heap        ] GC(1378) ParOldGen: 85633K->85633K(1398272K)
[322.372s][info][gc,metaspace   ] GC(1378) Metaspace: 20662K(21376K)->20662K(21376K) NonClass: 18254K(18688K)->18254K(18688K) Class: 2408K(2688K)->2408K(2688K)
[322.372s][info][gc             ] GC(1378) Pause Young (Allocation Failure) 759M->86M(2044M) 1.280ms
[322.372s][info][gc,cpu         ] GC(1378) User=0.00s Sys=0.00s Real=0.00s
[322.633s][info][gc,start       ] GC(1379) Pause Young (Allocation Failure)
[322.634s][info][gc,heap        ] GC(1379) PSYoungGen: 694559K->2218K(694784K)
[322.634s][info][gc,heap        ] GC(1379) ParOldGen: 85633K->85633K(1398272K)
[322.634s][info][gc,metaspace   ] GC(1379) Metaspace: 20662K(21376K)->20662K(21376K) NonClass: 18254K(18688K)->18254K(18688K) Class: 2408K(2688K)->2408K(2688K)
[322.634s][info][gc             ] GC(1379) Pause Young (Allocation Failure) 761M->85M(2044M) 0.761ms
[322.634s][info][gc,cpu         ] GC(1379) User=0.00s Sys=0.00s Real=0.00s
[322.761s][info][gc,start       ] GC(1380) Pause Young (System.gc())
[322.762s][info][gc,heap        ] GC(1380) PSYoungGen: 372234K->64K(694784K)
[322.762s][info][gc,heap        ] GC(1380) ParOldGen: 85633K->85633K(1398272K)
[322.762s][info][gc,metaspace   ] GC(1380) Metaspace: 20662K(21376K)->20662K(21376K) NonClass: 18254K(18688K)->18254K(18688K) Class: 2408K(2688K)->2408K(2688K)
[322.762s][info][gc             ] GC(1380) Pause Young (System.gc()) 447M->83M(2044M) 0.694ms
[322.762s][info][gc,cpu         ] GC(1380) User=0.00s Sys=0.00s Real=0.00s
[322.762s][info][gc,start       ] GC(1381) Pause Full (System.gc())
[322.762s][info][gc,phases,start] GC(1381) Marking Phase
[322.819s][info][gc,phases      ] GC(1381) Marking Phase 57.310ms
[322.819s][info][gc,phases,start] GC(1381) Summary Phase
[322.819s][info][gc,phases      ] GC(1381) Summary Phase 0.011ms
[322.819s][info][gc,phases,start] GC(1381) Adjust Roots
[322.821s][info][gc,phases      ] GC(1381) Adjust Roots 1.380ms
[322.821s][info][gc,phases,start] GC(1381) Compaction Phase
[322.834s][info][gc,phases      ] GC(1381) Compaction Phase 13.258ms
[322.834s][info][gc,phases,start] GC(1381) Post Compact
[322.835s][info][gc,phases      ] GC(1381) Post Compact 0.567ms
[322.835s][info][gc,heap        ] GC(1381) PSYoungGen: 64K->0K(694784K)
[322.835s][info][gc,heap        ] GC(1381) ParOldGen: 85633K->85553K(1398272K)
[322.835s][info][gc,metaspace   ] GC(1381) Metaspace: 20662K(21376K)->20662K(21376K) NonClass: 18254K(18688K)->18254K(18688K) Class: 2408K(2688K)->2408K(2688K)
[322.835s][info][gc             ] GC(1381) Pause Full (System.gc()) 83M->83M(2044M) 72.822ms
[322.835s][info][gc,cpu         ] GC(1381) User=0.38s Sys=0.00s Real=0.07s
[323.058s][info][gc,start       ] GC(1382) Pause Young (Allocation Failure)
[323.059s][info][gc,heap        ] GC(1382) PSYoungGen: 690688K->2316K(694784K)
[323.059s][info][gc,heap        ] GC(1382) ParOldGen: 85553K->85553K(1398272K)
[323.059s][info][gc,metaspace   ] GC(1382) Metaspace: 20662K(21376K)->20662K(21376K) NonClass: 18254K(18688K)->18254K(18688K) Class: 2408K(2688K)->2408K(2688K)
[323.059s][info][gc             ] GC(1382) Pause Young (Allocation Failure) 758M->85M(2044M) 1.033ms
[323.059s][info][gc,cpu         ] GC(1382) User=0.00s Sys=0.00s Real=0.00s
[323.297s][info][gc,start       ] GC(1383) Pause Young (Allocation Failure)
[323.298s][info][gc,heap        ] GC(1383) PSYoungGen: 693004K->1540K(694784K)
[323.298s][info][gc,heap        ] GC(1383) ParOldGen: 85553K->85577K(1398272K)
[323.298s][info][gc,metaspace   ] GC(1383) Metaspace: 20662K(21376K)->20662K(21376K) NonClass: 18254K(18688K)->18254K(18688K) Class: 2408K(2688K)->2408K(2688K)
[323.298s][info][gc             ] GC(1383) Pause Young (Allocation Failure) 760M->85M(2044M) 0.821ms
[323.298s][info][gc,cpu         ] GC(1383) User=0.00s Sys=0.00s Real=0.00s
[323.534s][info][gc,start       ] GC(1384) Pause Young (Allocation Failure)
[323.534s][info][gc,heap        ] GC(1384) PSYoungGen: 692228K->701K(694784K)
[323.534s][info][gc,heap        ] GC(1384) ParOldGen: 85577K->85577K(1398272K)
[323.534s][info][gc,metaspace   ] GC(1384) Metaspace: 20662K(21376K)->20662K(21376K) NonClass: 18254K(18688K)->18254K(18688K) Class: 2408K(2688K)->2408K(2688K)
[323.534s][info][gc             ] GC(1384) Pause Young (Allocation Failure) 759M->84M(2044M) 0.663ms
[323.534s][info][gc,cpu         ] GC(1384) User=0.00s Sys=0.00s Real=0.00s
[323.852s][info][gc,start       ] GC(1385) Pause Young (Allocation Failure)
[323.853s][info][gc,heap        ] GC(1385) PSYoungGen: 691389K->3511K(694272K)
[323.853s][info][gc,heap        ] GC(1385) ParOldGen: 85577K->85577K(1398272K)
[323.853s][info][gc,metaspace   ] GC(1385) Metaspace: 20662K(21376K)->20662K(21376K) NonClass: 18254K(18688K)->18254K(18688K) Class: 2408K(2688K)->2408K(2688K)
[323.853s][info][gc             ] GC(1385) Pause Young (Allocation Failure) 758M->87M(2043M) 1.126ms
[323.853s][info][gc,cpu         ] GC(1385) User=0.00s Sys=0.00s Real=0.00s
[324.087s][info][gc,start       ] GC(1386) Pause Young (Allocation Failure)
[324.087s][info][gc,heap        ] GC(1386) PSYoungGen: 694199K->2559K(694272K)
[324.087s][info][gc,heap        ] GC(1386) ParOldGen: 85577K->85601K(1398272K)
[324.087s][info][gc,metaspace   ] GC(1386) Metaspace: 20662K(21376K)->20662K(21376K) NonClass: 18254K(18688K)->18254K(18688K) Class: 2408K(2688K)->2408K(2688K)
[324.087s][info][gc             ] GC(1386) Pause Young (Allocation Failure) 761M->86M(2043M) 0.885ms
[324.087s][info][gc,cpu         ] GC(1386) User=0.00s Sys=0.00s Real=0.00s
[324.321s][info][gc,start       ] GC(1387) Pause Young (Allocation Failure)
[324.322s][info][gc,heap        ] GC(1387) PSYoungGen: 692223K->1610K(694272K)
[324.322s][info][gc,heap        ] GC(1387) ParOldGen: 85601K->85601K(1398272K)
[324.322s][info][gc,metaspace   ] GC(1387) Metaspace: 20662K(21376K)->20662K(21376K) NonClass: 18254K(18688K)->18254K(18688K) Class: 2408K(2688K)->2408K(2688K)
[324.322s][info][gc             ] GC(1387) Pause Young (Allocation Failure) 759M->85M(2043M) 0.750ms
[324.322s][info][gc,cpu         ] GC(1387) User=0.00s Sys=0.00s Real=0.00s
[324.555s][info][gc,start       ] GC(1388) Pause Young (Allocation Failure)
[324.556s][info][gc,heap        ] GC(1388) PSYoungGen: 691274K->970K(694784K)
[324.556s][info][gc,heap        ] GC(1388) ParOldGen: 85601K->85601K(1398272K)
[324.556s][info][gc,metaspace   ] GC(1388) Metaspace: 20662K(21376K)->20662K(21376K) NonClass: 18254K(18688K)->18254K(18688K) Class: 2408K(2688K)->2408K(2688K)
[324.556s][info][gc             ] GC(1388) Pause Young (Allocation Failure) 758M->84M(2044M) 0.795ms
[324.556s][info][gc,cpu         ] GC(1388) User=0.00s Sys=0.00s Real=0.00s
[324.791s][info][gc,start       ] GC(1389) Pause Young (Allocation Failure)
[324.793s][info][gc,heap        ] GC(1389) PSYoungGen: 691329K->2862K(693760K)
[324.793s][info][gc,heap        ] GC(1389) ParOldGen: 85601K->85601K(1398272K)
[324.793s][info][gc,metaspace   ] GC(1389) Metaspace: 20662K(21376K)->20662K(21376K) NonClass: 18254K(18688K)->18254K(18688K) Class: 2408K(2688K)->2408K(2688K)
[324.793s][info][gc             ] GC(1389) Pause Young (Allocation Failure) 758M->86M(2043M) 2.449ms
[324.793s][info][gc,cpu         ] GC(1389) User=0.00s Sys=0.00s Real=0.00s
[325.022s][info][gc,start       ] GC(1390) Pause Young (Allocation Failure)
[325.023s][info][gc,heap        ] GC(1390) PSYoungGen: 693550K->2461K(694272K)
[325.023s][info][gc,heap        ] GC(1390) ParOldGen: 85601K->85625K(1398272K)
[325.023s][info][gc,metaspace   ] GC(1390) Metaspace: 20662K(21376K)->20662K(21376K) NonClass: 18254K(18688K)->18254K(18688K) Class: 2408K(2688K)->2408K(2688K)
[325.023s][info][gc             ] GC(1390) Pause Young (Allocation Failure) 760M->86M(2043M) 0.770ms
[325.023s][info][gc,cpu         ] GC(1390) User=0.00s Sys=0.00s Real=0.00s
[325.253s][info][gc,start       ] GC(1391) Pause Young (Allocation Failure)
[325.254s][info][gc,heap        ] GC(1391) PSYoungGen: 692125K->1415K(694272K)
[325.254s][info][gc,heap        ] GC(1391) ParOldGen: 85625K->85625K(1398272K)
[325.254s][info][gc,metaspace   ] GC(1391) Metaspace: 20662K(21376K)->20662K(21376K) NonClass: 18254K(18688K)->18254K(18688K) Class: 2408K(2688K)->2408K(2688K)
[325.254s][info][gc             ] GC(1391) Pause Young (Allocation Failure) 759M->85M(2043M) 0.727ms
[325.254s][info][gc,cpu         ] GC(1391) User=0.00s Sys=0.00s Real=0.00s
[325.488s][info][gc,start       ] GC(1392) Pause Young (Allocation Failure)
[325.489s][info][gc,heap        ] GC(1392) PSYoungGen: 691079K->681K(694784K)
[325.489s][info][gc,heap        ] GC(1392) ParOldGen: 85625K->85625K(1398272K)
[325.489s][info][gc,metaspace   ] GC(1392) Metaspace: 20662K(21376K)->20662K(21376K) NonClass: 18254K(18688K)->18254K(18688K) Class: 2408K(2688K)->2408K(2688K)
[325.489s][info][gc             ] GC(1392) Pause Young (Allocation Failure) 758M->84M(2044M) 0.587ms
[325.489s][info][gc,cpu         ] GC(1392) User=0.00s Sys=0.00s Real=0.00s
[325.717s][info][gc,start       ] GC(1393) Pause Young (Allocation Failure)
[325.719s][info][gc,heap        ] GC(1393) PSYoungGen: 691369K->2633K(694784K)
[325.719s][info][gc,heap        ] GC(1393) ParOldGen: 85625K->85649K(1398272K)
[325.719s][info][gc,metaspace   ] GC(1393) Metaspace: 20662K(21376K)->20662K(21376K) NonClass: 18254K(18688K)->18254K(18688K) Class: 2408K(2688K)->2408K(2688K)
[325.719s][info][gc             ] GC(1393) Pause Young (Allocation Failure) 758M->86M(2044M) 1.548ms
[325.719s][info][gc,cpu         ] GC(1393) User=0.00s Sys=0.00s Real=0.00s
[325.972s][info][gc,start       ] GC(1394) Pause Young (Allocation Failure)
[325.972s][info][gc,heap        ] GC(1394) PSYoungGen: 693321K->2115K(694784K)
[325.972s][info][gc,heap        ] GC(1394) ParOldGen: 85649K->85649K(1398272K)
[325.972s][info][gc,metaspace   ] GC(1394) Metaspace: 20662K(21376K)->20662K(21376K) NonClass: 18254K(18688K)->18254K(18688K) Class: 2408K(2688K)->2408K(2688K)
[325.972s][info][gc             ] GC(1394) Pause Young (Allocation Failure) 760M->85M(2044M) 0.751ms
[325.972s][info][gc,cpu         ] GC(1394) User=0.00s Sys=0.00s Real=0.00s
[326.203s][info][gc,start       ] GC(1395) Pause Young (Allocation Failure)
[326.204s][info][gc,heap        ] GC(1395) PSYoungGen: 692803K->1534K(694784K)
[326.204s][info][gc,heap        ] GC(1395) ParOldGen: 85649K->85649K(1398272K)
[326.204s][info][gc,metaspace   ] GC(1395) Metaspace: 20662K(21376K)->20662K(21376K) NonClass: 18254K(18688K)->18254K(18688K) Class: 2408K(2688K)->2408K(2688K)
[326.204s][info][gc             ] GC(1395) Pause Young (Allocation Failure) 760M->85M(2044M) 0.622ms
[326.204s][info][gc,cpu         ] GC(1395) User=0.00s Sys=0.00s Real=0.00s
[326.334s][info][gc,start       ] GC(1396) Pause Young (System.gc())
[326.334s][info][gc,heap        ] GC(1396) PSYoungGen: 382775K->64K(694784K)
[326.334s][info][gc,heap        ] GC(1396) ParOldGen: 85649K->85649K(1398272K)
[326.334s][info][gc,metaspace   ] GC(1396) Metaspace: 20662K(21376K)->20662K(21376K) NonClass: 18254K(18688K)->18254K(18688K) Class: 2408K(2688K)->2408K(2688K)
[326.334s][info][gc             ] GC(1396) Pause Young (System.gc()) 457M->83M(2044M) 0.484ms
[326.334s][info][gc,cpu         ] GC(1396) User=0.00s Sys=0.00s Real=0.00s
[326.334s][info][gc,start       ] GC(1397) Pause Full (System.gc())
[326.334s][info][gc,phases,start] GC(1397) Marking Phase
[326.384s][info][gc,phases      ] GC(1397) Marking Phase 49.767ms
[326.384s][info][gc,phases,start] GC(1397) Summary Phase
[326.384s][info][gc,phases      ] GC(1397) Summary Phase 0.011ms
[326.384s][info][gc,phases,start] GC(1397) Adjust Roots
[326.386s][info][gc,phases      ] GC(1397) Adjust Roots 1.391ms
[326.386s][info][gc,phases,start] GC(1397) Compaction Phase
[326.401s][info][gc,phases      ] GC(1397) Compaction Phase 14.812ms
[326.401s][info][gc,phases,start] GC(1397) Post Compact
[326.401s][info][gc,phases      ] GC(1397) Post Compact 0.546ms
[326.401s][info][gc,heap        ] GC(1397) PSYoungGen: 64K->0K(694784K)
[326.401s][info][gc,heap        ] GC(1397) ParOldGen: 85649K->85553K(1398272K)
[326.401s][info][gc,metaspace   ] GC(1397) Metaspace: 20662K(21376K)->20662K(21376K) NonClass: 18254K(18688K)->18254K(18688K) Class: 2408K(2688K)->2408K(2688K)
[326.401s][info][gc             ] GC(1397) Pause Full (System.gc()) 83M->83M(2044M) 66.783ms
[326.401s][info][gc,cpu         ] GC(1397) User=0.05s Sys=0.00s Real=0.07s
[326.645s][info][gc,start       ] GC(1398) Pause Young (Allocation Failure)
[326.647s][info][gc,heap        ] GC(1398) PSYoungGen: 690688K->2515K(694784K)
[326.647s][info][gc,heap        ] GC(1398) ParOldGen: 85553K->85553K(1398272K)
[326.647s][info][gc,metaspace   ] GC(1398) Metaspace: 20662K(21376K)->20662K(21376K) NonClass: 18254K(18688K)->18254K(18688K) Class: 2408K(2688K)->2408K(2688K)
[326.647s][info][gc             ] GC(1398) Pause Young (Allocation Failure) 758M->86M(2044M) 1.317ms
[326.647s][info][gc,cpu         ] GC(1398) User=0.00s Sys=0.00s Real=0.00s
[326.873s][info][gc,start       ] GC(1399) Pause Young (Allocation Failure)
[326.874s][info][gc,heap        ] GC(1399) PSYoungGen: 693203K->1772K(694784K)
[326.874s][info][gc,heap        ] GC(1399) ParOldGen: 85553K->85569K(1398272K)
[326.874s][info][gc,metaspace   ] GC(1399) Metaspace: 20662K(21376K)->20662K(21376K) NonClass: 18254K(18688K)->18254K(18688K) Class: 2408K(2688K)->2408K(2688K)
[326.874s][info][gc             ] GC(1399) Pause Young (Allocation Failure) 760M->85M(2044M) 1.189ms
[326.874s][info][gc,cpu         ] GC(1399) User=0.00s Sys=0.00s Real=0.00s
[327.111s][info][gc,start       ] GC(1400) Pause Young (Allocation Failure)
[327.112s][info][gc,heap        ] GC(1400) PSYoungGen: 692460K->894K(694784K)
[327.112s][info][gc,heap        ] GC(1400) ParOldGen: 85569K->85569K(1398272K)
[327.112s][info][gc,metaspace   ] GC(1400) Metaspace: 20662K(21376K)->20662K(21376K) NonClass: 18254K(18688K)->18254K(18688K) Class: 2408K(2688K)->2408K(2688K)
[327.112s][info][gc             ] GC(1400) Pause Young (Allocation Failure) 759M->84M(2044M) 0.589ms
[327.112s][info][gc,cpu         ] GC(1400) User=0.00s Sys=0.00s Real=0.00s
[327.342s][info][gc,start       ] GC(1401) Pause Young (Allocation Failure)
[327.343s][info][gc,heap        ] GC(1401) PSYoungGen: 691582K->224K(694784K)
[327.343s][info][gc,heap        ] GC(1401) ParOldGen: 85569K->85569K(1398272K)
[327.343s][info][gc,metaspace   ] GC(1401) Metaspace: 20662K(21376K)->20662K(21376K) NonClass: 18254K(18688K)->18254K(18688K) Class: 2408K(2688K)->2408K(2688K)
[327.343s][info][gc             ] GC(1401) Pause Young (Allocation Failure) 758M->83M(2044M) 0.686ms
[327.343s][info][gc,cpu         ] GC(1401) User=0.00s Sys=0.00s Real=0.00s
[327.571s][info][gc,start       ] GC(1402) Pause Young (Allocation Failure)
[327.573s][info][gc,heap        ] GC(1402) PSYoungGen: 690863K->2415K(694784K)
[327.573s][info][gc,heap        ] GC(1402) ParOldGen: 85569K->85585K(1398272K)
[327.573s][info][gc,metaspace   ] GC(1402) Metaspace: 20662K(21376K)->20662K(21376K) NonClass: 18254K(18688K)->18254K(18688K) Class: 2408K(2688K)->2408K(2688K)
[327.573s][info][gc             ] GC(1402) Pause Young (Allocation Failure) 758M->85M(2044M) 1.275ms
[327.573s][info][gc,cpu         ] GC(1402) User=0.00s Sys=0.00s Real=0.00s
[327.803s][info][gc,start       ] GC(1403) Pause Young (Allocation Failure)
[327.803s][info][gc,heap        ] GC(1403) PSYoungGen: 693103K->1661K(694784K)
[327.803s][info][gc,heap        ] GC(1403) ParOldGen: 85585K->85585K(1398272K)
[327.803s][info][gc,metaspace   ] GC(1403) Metaspace: 20662K(21376K)->20662K(21376K) NonClass: 18254K(18688K)->18254K(18688K) Class: 2408K(2688K)->2408K(2688K)
[327.803s][info][gc             ] GC(1403) Pause Young (Allocation Failure) 760M->85M(2044M) 0.617ms
[327.803s][info][gc,cpu         ] GC(1403) User=0.00s Sys=0.00s Real=0.00s
[328.037s][info][gc,start       ] GC(1404) Pause Young (Allocation Failure)
[328.038s][info][gc,heap        ] GC(1404) PSYoungGen: 692349K->964K(694784K)
[328.038s][info][gc,heap        ] GC(1404) ParOldGen: 85585K->85585K(1398272K)
[328.038s][info][gc,metaspace   ] GC(1404) Metaspace: 20662K(21376K)->20662K(21376K) NonClass: 18254K(18688K)->18254K(18688K) Class: 2408K(2688K)->2408K(2688K)
[328.038s][info][gc             ] GC(1404) Pause Young (Allocation Failure) 759M->84M(2044M) 0.574ms
[328.038s][info][gc,cpu         ] GC(1404) User=0.00s Sys=0.00s Real=0.00s
[328.264s][info][gc,start       ] GC(1405) Pause Young (Allocation Failure)
[328.269s][info][gc,heap        ] GC(1405) PSYoungGen: 691467K->3188K(694272K)
[328.269s][info][gc,heap        ] GC(1405) ParOldGen: 85585K->85585K(1398272K)
[328.269s][info][gc,metaspace   ] GC(1405) Metaspace: 20662K(21376K)->20662K(21376K) NonClass: 18254K(18688K)->18254K(18688K) Class: 2408K(2688K)->2408K(2688K)
[328.269s][info][gc             ] GC(1405) Pause Young (Allocation Failure) 758M->86M(2043M) 4.646ms
[328.269s][info][gc,cpu         ] GC(1405) User=0.00s Sys=0.00s Real=0.00s
[328.523s][info][gc,start       ] GC(1406) Pause Young (Allocation Failure)
[328.524s][info][gc,heap        ] GC(1406) PSYoungGen: 693876K->2274K(694784K)
[328.524s][info][gc,heap        ] GC(1406) ParOldGen: 85585K->85609K(1398272K)
[328.524s][info][gc,metaspace   ] GC(1406) Metaspace: 20662K(21376K)->20662K(21376K) NonClass: 18254K(18688K)->18254K(18688K) Class: 2408K(2688K)->2408K(2688K)
[328.524s][info][gc             ] GC(1406) Pause Young (Allocation Failure) 761M->85M(2044M) 0.938ms
[328.524s][info][gc,cpu         ] GC(1406) User=0.00s Sys=0.00s Real=0.00s
[328.768s][info][gc,start       ] GC(1407) Pause Young (Allocation Failure)
[328.768s][info][gc,heap        ] GC(1407) PSYoungGen: 692962K->1795K(694784K)
[328.768s][info][gc,heap        ] GC(1407) ParOldGen: 85609K->85609K(1398272K)
[328.768s][info][gc,metaspace   ] GC(1407) Metaspace: 20662K(21376K)->20662K(21376K) NonClass: 18254K(18688K)->18254K(18688K) Class: 2408K(2688K)->2408K(2688K)
[328.768s][info][gc             ] GC(1407) Pause Young (Allocation Failure) 760M->85M(2044M) 0.720ms
[328.768s][info][gc,cpu         ] GC(1407) User=0.00s Sys=0.00s Real=0.00s
[328.995s][info][gc,start       ] GC(1408) Pause Young (Allocation Failure)
[328.996s][info][gc,heap        ] GC(1408) PSYoungGen: 692483K->948K(694784K)
[328.996s][info][gc,heap        ] GC(1408) ParOldGen: 85609K->85609K(1398272K)
[328.996s][info][gc,metaspace   ] GC(1408) Metaspace: 20662K(21376K)->20662K(21376K) NonClass: 18254K(18688K)->18254K(18688K) Class: 2408K(2688K)->2408K(2688K)
[328.996s][info][gc             ] GC(1408) Pause Young (Allocation Failure) 759M->84M(2044M) 0.641ms
[328.996s][info][gc,cpu         ] GC(1408) User=0.00s Sys=0.00s Real=0.00s
[329.224s][info][gc,start       ] GC(1409) Pause Young (Allocation Failure)
[329.224s][info][gc,heap        ] GC(1409) PSYoungGen: 691636K->160K(694784K)
[329.225s][info][gc,heap        ] GC(1409) ParOldGen: 85609K->85625K(1398272K)
[329.225s][info][gc,metaspace   ] GC(1409) Metaspace: 20662K(21376K)->20662K(21376K) NonClass: 18254K(18688K)->18254K(18688K) Class: 2408K(2688K)->2408K(2688K)
[329.225s][info][gc             ] GC(1409) Pause Young (Allocation Failure) 759M->83M(2044M) 0.691ms
[329.225s][info][gc,cpu         ] GC(1409) User=0.00s Sys=0.00s Real=0.00s
[329.451s][info][gc,start       ] GC(1410) Pause Young (Allocation Failure)
[329.452s][info][gc,heap        ] GC(1410) PSYoungGen: 690848K->2617K(694784K)
[329.452s][info][gc,heap        ] GC(1410) ParOldGen: 85625K->85625K(1398272K)
[329.452s][info][gc,metaspace   ] GC(1410) Metaspace: 20662K(21376K)->20662K(21376K) NonClass: 18254K(18688K)->18254K(18688K) Class: 2408K(2688K)->2408K(2688K)
[329.452s][info][gc             ] GC(1410) Pause Young (Allocation Failure) 758M->86M(2044M) 1.049ms
[329.452s][info][gc,cpu         ] GC(1410) User=0.02s Sys=0.00s Real=0.00s
[330.389s][info][gc,start       ] GC(1411) Pause Young (Allocation Failure)
[330.403s][info][gc,heap        ] GC(1411) PSYoungGen: 693305K->1701K(694784K)
[330.403s][info][gc,heap        ] GC(1411) ParOldGen: 85625K->85625K(1398272K)
[330.403s][info][gc,metaspace   ] GC(1411) Metaspace: 20662K(21376K)->20662K(21376K) NonClass: 18254K(18688K)->18254K(18688K) Class: 2408K(2688K)->2408K(2688K)
[330.403s][info][gc             ] GC(1411) Pause Young (Allocation Failure) 760M->85M(2044M) 14.548ms
[330.403s][info][gc,cpu         ] GC(1411) User=0.00s Sys=0.00s Real=0.01s
[330.752s][info][gc,start       ] GC(1412) Pause Young (System.gc())
[330.752s][info][gc,heap        ] GC(1412) PSYoungGen: 381925K->96K(694784K)
[330.752s][info][gc,heap        ] GC(1412) ParOldGen: 85625K->85625K(1398272K)
[330.752s][info][gc,metaspace   ] GC(1412) Metaspace: 20662K(21376K)->20662K(21376K) NonClass: 18254K(18688K)->18254K(18688K) Class: 2408K(2688K)->2408K(2688K)
[330.752s][info][gc             ] GC(1412) Pause Young (System.gc()) 456M->83M(2044M) 0.639ms
[330.753s][info][gc,cpu         ] GC(1412) User=0.00s Sys=0.00s Real=0.00s
[330.753s][info][gc,start       ] GC(1413) Pause Full (System.gc())
[330.753s][info][gc,phases,start] GC(1413) Marking Phase
[330.796s][info][gc,phases      ] GC(1413) Marking Phase 43.644ms
[330.796s][info][gc,phases,start] GC(1413) Summary Phase
[330.796s][info][gc,phases      ] GC(1413) Summary Phase 0.011ms
[330.796s][info][gc,phases,start] GC(1413) Adjust Roots
[330.798s][info][gc,phases      ] GC(1413) Adjust Roots 1.455ms
[330.798s][info][gc,phases,start] GC(1413) Compaction Phase
[330.811s][info][gc,phases      ] GC(1413) Compaction Phase 13.297ms
[330.811s][info][gc,phases,start] GC(1413) Post Compact
[330.812s][info][gc,phases      ] GC(1413) Post Compact 0.755ms
[330.812s][info][gc,heap        ] GC(1413) PSYoungGen: 96K->0K(694784K)
[330.812s][info][gc,heap        ] GC(1413) ParOldGen: 85625K->85553K(1398272K)
[330.812s][info][gc,metaspace   ] GC(1413) Metaspace: 20662K(21376K)->20662K(21376K) NonClass: 18254K(18688K)->18254K(18688K) Class: 2408K(2688K)->2408K(2688K)
[330.812s][info][gc             ] GC(1413) Pause Full (System.gc()) 83M->83M(2044M) 59.485ms
[330.812s][info][gc,cpu         ] GC(1413) User=0.08s Sys=0.00s Real=0.06s
[331.059s][info][gc,start       ] GC(1414) Pause Young (Allocation Failure)
[331.060s][info][gc,heap        ] GC(1414) PSYoungGen: 690670K->2591K(694784K)
[331.060s][info][gc,heap        ] GC(1414) ParOldGen: 85553K->85553K(1398272K)
[331.060s][info][gc,metaspace   ] GC(1414) Metaspace: 20662K(21376K)->20662K(21376K) NonClass: 18254K(18688K)->18254K(18688K) Class: 2408K(2688K)->2408K(2688K)
[331.060s][info][gc             ] GC(1414) Pause Young (Allocation Failure) 758M->86M(2044M) 1.302ms
[331.060s][info][gc,cpu         ] GC(1414) User=0.00s Sys=0.00s Real=0.00s
[331.299s][info][gc,start       ] GC(1415) Pause Young (Allocation Failure)
[331.299s][info][gc,heap        ] GC(1415) PSYoungGen: 693279K->1872K(694784K)
[331.299s][info][gc,heap        ] GC(1415) ParOldGen: 85553K->85577K(1398272K)
[331.299s][info][gc,metaspace   ] GC(1415) Metaspace: 20662K(21376K)->20662K(21376K) NonClass: 18254K(18688K)->18254K(18688K) Class: 2408K(2688K)->2408K(2688K)
[331.299s][info][gc             ] GC(1415) Pause Young (Allocation Failure) 760M->85M(2044M) 0.764ms
[331.299s][info][gc,cpu         ] GC(1415) User=0.00s Sys=0.00s Real=0.00s
[331.551s][info][gc,start       ] GC(1416) Pause Young (Allocation Failure)
[331.552s][info][gc,heap        ] GC(1416) PSYoungGen: 692560K->1199K(694784K)
[331.552s][info][gc,heap        ] GC(1416) ParOldGen: 85577K->85577K(1398272K)
[331.552s][info][gc,metaspace   ] GC(1416) Metaspace: 20662K(21376K)->20662K(21376K) NonClass: 18254K(18688K)->18254K(18688K) Class: 2408K(2688K)->2408K(2688K)
[331.552s][info][gc             ] GC(1416) Pause Young (Allocation Failure) 759M->84M(2044M) 0.711ms
[331.552s][info][gc,cpu         ] GC(1416) User=0.00s Sys=0.00s Real=0.00s
[331.803s][info][gc,start       ] GC(1417) Pause Young (Allocation Failure)
[331.804s][info][gc,heap        ] GC(1417) PSYoungGen: 691887K->384K(694784K)
[331.804s][info][gc,heap        ] GC(1417) ParOldGen: 85577K->85577K(1398272K)
[331.804s][info][gc,metaspace   ] GC(1417) Metaspace: 20662K(21376K)->20662K(21376K) NonClass: 18254K(18688K)->18254K(18688K) Class: 2408K(2688K)->2408K(2688K)
[331.804s][info][gc             ] GC(1417) Pause Young (Allocation Failure) 759M->83M(2044M) 0.579ms
[331.804s][info][gc,cpu         ] GC(1417) User=0.00s Sys=0.00s Real=0.00s
[332.030s][info][gc,start       ] GC(1418) Pause Young (Allocation Failure)
[332.031s][info][gc,heap        ] GC(1418) PSYoungGen: 691066K->2631K(694784K)
[332.031s][info][gc,heap        ] GC(1418) ParOldGen: 85577K->85601K(1398272K)
[332.031s][info][gc,metaspace   ] GC(1418) Metaspace: 20662K(21376K)->20662K(21376K) NonClass: 18254K(18688K)->18254K(18688K) Class: 2408K(2688K)->2408K(2688K)
[332.031s][info][gc             ] GC(1418) Pause Young (Allocation Failure) 758M->86M(2044M) 0.959ms
[332.031s][info][gc,cpu         ] GC(1418) User=0.00s Sys=0.00s Real=0.00s
[332.262s][info][gc,start       ] GC(1419) Pause Young (Allocation Failure)
[332.263s][info][gc,heap        ] GC(1419) PSYoungGen: 693319K->1958K(694784K)
[332.263s][info][gc,heap        ] GC(1419) ParOldGen: 85601K->85601K(1398272K)
[332.263s][info][gc,metaspace   ] GC(1419) Metaspace: 20662K(21376K)->20662K(21376K) NonClass: 18254K(18688K)->18254K(18688K) Class: 2408K(2688K)->2408K(2688K)
[332.263s][info][gc             ] GC(1419) Pause Young (Allocation Failure) 760M->85M(2044M) 0.728ms
[332.263s][info][gc,cpu         ] GC(1419) User=0.00s Sys=0.00s Real=0.00s
[332.494s][info][gc,start       ] GC(1420) Pause Young (Allocation Failure)
[332.495s][info][gc,heap        ] GC(1420) PSYoungGen: 692646K->1119K(694784K)
[332.495s][info][gc,heap        ] GC(1420) ParOldGen: 85601K->85601K(1398272K)
[332.495s][info][gc,metaspace   ] GC(1420) Metaspace: 20662K(21376K)->20662K(21376K) NonClass: 18254K(18688K)->18254K(18688K) Class: 2408K(2688K)->2408K(2688K)
[332.495s][info][gc             ] GC(1420) Pause Young (Allocation Failure) 760M->84M(2044M) 0.562ms
[332.495s][info][gc,cpu         ] GC(1420) User=0.00s Sys=0.00s Real=0.00s
[332.740s][info][gc,start       ] GC(1421) Pause Young (Allocation Failure)
[332.741s][info][gc,heap        ] GC(1421) PSYoungGen: 691807K->352K(694784K)
[332.741s][info][gc,heap        ] GC(1421) ParOldGen: 85601K->85601K(1398272K)
[332.741s][info][gc,metaspace   ] GC(1421) Metaspace: 20662K(21376K)->20662K(21376K) NonClass: 18254K(18688K)->18254K(18688K) Class: 2408K(2688K)->2408K(2688K)
[332.741s][info][gc             ] GC(1421) Pause Young (Allocation Failure) 759M->83M(2044M) 0.506ms
[332.741s][info][gc,cpu         ] GC(1421) User=0.00s Sys=0.00s Real=0.00s
[332.967s][info][gc,start       ] GC(1422) Pause Young (Allocation Failure)
[332.968s][info][gc,heap        ] GC(1422) PSYoungGen: 691040K->2288K(694784K)
[332.968s][info][gc,heap        ] GC(1422) ParOldGen: 85601K->85625K(1398272K)
[332.968s][info][gc,metaspace   ] GC(1422) Metaspace: 20662K(21376K)->20662K(21376K) NonClass: 18254K(18688K)->18254K(18688K) Class: 2408K(2688K)->2408K(2688K)
[332.968s][info][gc             ] GC(1422) Pause Young (Allocation Failure) 758M->85M(2044M) 1.343ms
[332.968s][info][gc,cpu         ] GC(1422) User=0.00s Sys=0.00s Real=0.00s
[333.197s][info][gc,start       ] GC(1423) Pause Young (Allocation Failure)
[333.198s][info][gc,heap        ] GC(1423) PSYoungGen: 692976K->1587K(694784K)
[333.198s][info][gc,heap        ] GC(1423) ParOldGen: 85625K->85625K(1398272K)
[333.198s][info][gc,metaspace   ] GC(1423) Metaspace: 20662K(21376K)->20662K(21376K) NonClass: 18254K(18688K)->18254K(18688K) Class: 2408K(2688K)->2408K(2688K)
[333.198s][info][gc             ] GC(1423) Pause Young (Allocation Failure) 760M->85M(2044M) 0.918ms
[333.198s][info][gc,cpu         ] GC(1423) User=0.00s Sys=0.00s Real=0.00s
[333.443s][info][gc,start       ] GC(1424) Pause Young (Allocation Failure)
[333.443s][info][gc,heap        ] GC(1424) PSYoungGen: 692275K->1027K(695296K)
[333.443s][info][gc,heap        ] GC(1424) ParOldGen: 85625K->85625K(1398272K)
[333.443s][info][gc,metaspace   ] GC(1424) Metaspace: 20662K(21376K)->20662K(21376K) NonClass: 18254K(18688K)->18254K(18688K) Class: 2408K(2688K)->2408K(2688K)
[333.443s][info][gc             ] GC(1424) Pause Young (Allocation Failure) 759M->84M(2044M) 0.644ms
[333.443s][info][gc,cpu         ] GC(1424) User=0.00s Sys=0.00s Real=0.00s
[333.690s][info][gc,start       ] GC(1425) Pause Young (Allocation Failure)
[333.691s][info][gc,heap        ] GC(1425) PSYoungGen: 692739K->192K(695296K)
[333.691s][info][gc,heap        ] GC(1425) ParOldGen: 85625K->85649K(1398272K)
[333.691s][info][gc,metaspace   ] GC(1425) Metaspace: 20662K(21376K)->20662K(21376K) NonClass: 18254K(18688K)->18254K(18688K) Class: 2408K(2688K)->2408K(2688K)
[333.691s][info][gc             ] GC(1425) Pause Young (Allocation Failure) 760M->83M(2044M) 0.554ms
[333.691s][info][gc,cpu         ] GC(1425) User=0.00s Sys=0.00s Real=0.00s
[333.911s][info][gc,start       ] GC(1426) Pause Young (Allocation Failure)
[333.912s][info][gc,heap        ] GC(1426) PSYoungGen: 691884K->2599K(694272K)
[333.912s][info][gc,heap        ] GC(1426) ParOldGen: 85649K->85649K(1398272K)
[333.912s][info][gc,metaspace   ] GC(1426) Metaspace: 20662K(21376K)->20662K(21376K) NonClass: 18254K(18688K)->18254K(18688K) Class: 2408K(2688K)->2408K(2688K)
[333.912s][info][gc             ] GC(1426) Pause Young (Allocation Failure) 759M->86M(2043M) 1.104ms
[333.912s][info][gc,cpu         ] GC(1426) User=0.00s Sys=0.00s Real=0.00s
[334.142s][info][gc,start       ] GC(1427) Pause Young (Allocation Failure)
[334.142s][info][gc,heap        ] GC(1427) PSYoungGen: 693287K->1695K(694784K)
[334.142s][info][gc,heap        ] GC(1427) ParOldGen: 85649K->85649K(1398272K)
[334.142s][info][gc,metaspace   ] GC(1427) Metaspace: 20662K(21376K)->20662K(21376K) NonClass: 18254K(18688K)->18254K(18688K) Class: 2408K(2688K)->2408K(2688K)
[334.142s][info][gc             ] GC(1427) Pause Young (Allocation Failure) 760M->85M(2044M) 0.680ms
[334.142s][info][gc,cpu         ] GC(1427) User=0.00s Sys=0.00s Real=0.00s
[334.269s][info][gc,start       ] GC(1428) Pause Young (System.gc())
[334.270s][info][gc,heap        ] GC(1428) PSYoungGen: 383773K->160K(694272K)
[334.270s][info][gc,heap        ] GC(1428) ParOldGen: 85649K->85649K(1398272K)
[334.270s][info][gc,metaspace   ] GC(1428) Metaspace: 20673K(21376K)->20673K(21376K) NonClass: 18265K(18688K)->18265K(18688K) Class: 2408K(2688K)->2408K(2688K)
[334.270s][info][gc             ] GC(1428) Pause Young (System.gc()) 458M->83M(2043M) 0.584ms
[334.270s][info][gc,cpu         ] GC(1428) User=0.00s Sys=0.00s Real=0.00s
[334.270s][info][gc,start       ] GC(1429) Pause Full (System.gc())
[334.270s][info][gc,phases,start] GC(1429) Marking Phase
[334.316s][info][gc,phases      ] GC(1429) Marking Phase 46.282ms
[334.316s][info][gc,phases,start] GC(1429) Summary Phase
[334.316s][info][gc,phases      ] GC(1429) Summary Phase 0.011ms
[334.316s][info][gc,phases,start] GC(1429) Adjust Roots
[334.318s][info][gc,phases      ] GC(1429) Adjust Roots 1.842ms
[334.318s][info][gc,phases,start] GC(1429) Compaction Phase
[334.332s][info][gc,phases      ] GC(1429) Compaction Phase 14.234ms
[334.333s][info][gc,phases,start] GC(1429) Post Compact
[334.333s][info][gc,phases      ] GC(1429) Post Compact 0.566ms
[334.333s][info][gc,heap        ] GC(1429) PSYoungGen: 160K->0K(694272K)
[334.333s][info][gc,heap        ] GC(1429) ParOldGen: 85649K->85553K(1398272K)
[334.333s][info][gc,metaspace   ] GC(1429) Metaspace: 20673K(21376K)->20673K(21376K) NonClass: 18265K(18688K)->18265K(18688K) Class: 2408K(2688K)->2408K(2688K)
[334.333s][info][gc             ] GC(1429) Pause Full (System.gc()) 83M->83M(2043M) 63.274ms
[334.333s][info][gc,cpu         ] GC(1429) User=0.05s Sys=0.00s Real=0.06s
[334.573s][info][gc,start       ] GC(1430) Pause Young (Allocation Failure)
[334.574s][info][gc,heap        ] GC(1430) PSYoungGen: 690680K->2583K(694784K)
[334.575s][info][gc,heap        ] GC(1430) ParOldGen: 85553K->85553K(1398272K)
[334.575s][info][gc,metaspace   ] GC(1430) Metaspace: 20673K(21376K)->20673K(21376K) NonClass: 18265K(18688K)->18265K(18688K) Class: 2408K(2688K)->2408K(2688K)
[334.575s][info][gc             ] GC(1430) Pause Young (Allocation Failure) 758M->86M(2044M) 1.577ms
[334.575s][info][gc,cpu         ] GC(1430) User=0.00s Sys=0.00s Real=0.00s
[334.803s][info][gc,start       ] GC(1431) Pause Young (Allocation Failure)
[334.804s][info][gc,heap        ] GC(1431) PSYoungGen: 693271K->1607K(694784K)
[334.804s][info][gc,heap        ] GC(1431) ParOldGen: 85553K->85577K(1398272K)
[334.804s][info][gc,metaspace   ] GC(1431) Metaspace: 20673K(21376K)->20673K(21376K) NonClass: 18265K(18688K)->18265K(18688K) Class: 2408K(2688K)->2408K(2688K)
[334.804s][info][gc             ] GC(1431) Pause Young (Allocation Failure) 760M->85M(2044M) 0.913ms
[334.804s][info][gc,cpu         ] GC(1431) User=0.00s Sys=0.00s Real=0.01s
[335.040s][info][gc,start       ] GC(1432) Pause Young (Allocation Failure)
[335.041s][info][gc,heap        ] GC(1432) PSYoungGen: 692295K->858K(694784K)
[335.041s][info][gc,heap        ] GC(1432) ParOldGen: 85577K->85577K(1398272K)
[335.041s][info][gc,metaspace   ] GC(1432) Metaspace: 20673K(21376K)->20673K(21376K) NonClass: 18265K(18688K)->18265K(18688K) Class: 2408K(2688K)->2408K(2688K)
[335.041s][info][gc             ] GC(1432) Pause Young (Allocation Failure) 759M->84M(2044M) 0.528ms
[335.041s][info][gc,cpu         ] GC(1432) User=0.00s Sys=0.00s Real=0.00s
[335.270s][info][gc,start       ] GC(1433) Pause Young (Allocation Failure)
[335.271s][info][gc,heap        ] GC(1433) PSYoungGen: 691546K->2700K(694272K)
[335.271s][info][gc,heap        ] GC(1433) ParOldGen: 85577K->85577K(1398272K)
[335.271s][info][gc,metaspace   ] GC(1433) Metaspace: 20673K(21376K)->20673K(21376K) NonClass: 18265K(18688K)->18265K(18688K) Class: 2408K(2688K)->2408K(2688K)
[335.271s][info][gc             ] GC(1433) Pause Young (Allocation Failure) 758M->86M(2043M) 1.535ms
[335.271s][info][gc,cpu         ] GC(1433) User=0.00s Sys=0.00s Real=0.00s
[335.503s][info][gc,start       ] GC(1434) Pause Young (Allocation Failure)
[335.505s][info][gc,heap        ] GC(1434) PSYoungGen: 693388K->2156K(694784K)
[335.505s][info][gc,heap        ] GC(1434) ParOldGen: 85577K->85593K(1398272K)
[335.505s][info][gc,metaspace   ] GC(1434) Metaspace: 20673K(21376K)->20673K(21376K) NonClass: 18265K(18688K)->18265K(18688K) Class: 2408K(2688K)->2408K(2688K)
[335.505s][info][gc             ] GC(1434) Pause Young (Allocation Failure) 760M->85M(2044M) 1.284ms
[335.505s][info][gc,cpu         ] GC(1434) User=0.00s Sys=0.00s Real=0.00s
[335.746s][info][gc,start       ] GC(1435) Pause Young (Allocation Failure)
[335.746s][info][gc,heap        ] GC(1435) PSYoungGen: 692844K->1780K(694784K)
[335.747s][info][gc,heap        ] GC(1435) ParOldGen: 85593K->85593K(1398272K)
[335.747s][info][gc,metaspace   ] GC(1435) Metaspace: 20673K(21376K)->20673K(21376K) NonClass: 18265K(18688K)->18265K(18688K) Class: 2408K(2688K)->2408K(2688K)
[335.747s][info][gc             ] GC(1435) Pause Young (Allocation Failure) 760M->85M(2044M) 0.608ms
[335.747s][info][gc,cpu         ] GC(1435) User=0.00s Sys=0.00s Real=0.00s
[335.981s][info][gc,start       ] GC(1436) Pause Young (Allocation Failure)
[335.982s][info][gc,heap        ] GC(1436) PSYoungGen: 692468K->867K(694784K)
[335.982s][info][gc,heap        ] GC(1436) ParOldGen: 85593K->85593K(1398272K)
[335.982s][info][gc,metaspace   ] GC(1436) Metaspace: 20673K(21376K)->20673K(21376K) NonClass: 18265K(18688K)->18265K(18688K) Class: 2408K(2688K)->2408K(2688K)
[335.982s][info][gc             ] GC(1436) Pause Young (Allocation Failure) 759M->84M(2044M) 0.604ms
[335.982s][info][gc,cpu         ] GC(1436) User=0.00s Sys=0.00s Real=0.00s
[336.213s][info][gc,start       ] GC(1437) Pause Young (Allocation Failure)
[336.214s][info][gc,heap        ] GC(1437) PSYoungGen: 691366K->2603K(694272K)
[336.215s][info][gc,heap        ] GC(1437) ParOldGen: 85593K->85593K(1398272K)
[336.215s][info][gc,metaspace   ] GC(1437) Metaspace: 20674K(21376K)->20674K(21376K) NonClass: 18265K(18688K)->18265K(18688K) Class: 2408K(2688K)->2408K(2688K)
[336.215s][info][gc             ] GC(1437) Pause Young (Allocation Failure) 758M->86M(2043M) 1.349ms
[336.215s][info][gc,cpu         ] GC(1437) User=0.00s Sys=0.00s Real=0.00s
[336.446s][info][gc,start       ] GC(1438) Pause Young (Allocation Failure)
[336.446s][info][gc,heap        ] GC(1438) PSYoungGen: 693291K->2177K(694784K)
[336.446s][info][gc,heap        ] GC(1438) ParOldGen: 85593K->85617K(1398272K)
[336.446s][info][gc,metaspace   ] GC(1438) Metaspace: 20674K(21376K)->20674K(21376K) NonClass: 18265K(18688K)->18265K(18688K) Class: 2408K(2688K)->2408K(2688K)
[336.446s][info][gc             ] GC(1438) Pause Young (Allocation Failure) 760M->85M(2044M) 0.720ms
[336.446s][info][gc,cpu         ] GC(1438) User=0.00s Sys=0.00s Real=0.00s
[336.685s][info][gc,start       ] GC(1439) Pause Young (Allocation Failure)
[336.686s][info][gc,heap        ] GC(1439) PSYoungGen: 692865K->1656K(695296K)
[336.686s][info][gc,heap        ] GC(1439) ParOldGen: 85617K->85617K(1398272K)
[336.686s][info][gc,metaspace   ] GC(1439) Metaspace: 20674K(21376K)->20674K(21376K) NonClass: 18265K(18688K)->18265K(18688K) Class: 2408K(2688K)->2408K(2688K)
[336.686s][info][gc             ] GC(1439) Pause Young (Allocation Failure) 760M->85M(2044M) 1.474ms
[336.686s][info][gc,cpu         ] GC(1439) User=0.00s Sys=0.00s Real=0.00s
[336.922s][info][gc,start       ] GC(1440) Pause Young (Allocation Failure)
[336.923s][info][gc,heap        ] GC(1440) PSYoungGen: 692856K->945K(694784K)
[336.923s][info][gc,heap        ] GC(1440) ParOldGen: 85617K->85617K(1398272K)
[336.923s][info][gc,metaspace   ] GC(1440) Metaspace: 20674K(21376K)->20674K(21376K) NonClass: 18265K(18688K)->18265K(18688K) Class: 2408K(2688K)->2408K(2688K)
[336.923s][info][gc             ] GC(1440) Pause Young (Allocation Failure) 760M->84M(2044M) 0.684ms
[336.923s][info][gc,cpu         ] GC(1440) User=0.00s Sys=0.00s Real=0.00s
[337.150s][info][gc,start       ] GC(1441) Pause Young (Allocation Failure)
[337.151s][info][gc,heap        ] GC(1441) PSYoungGen: 692145K->224K(695296K)
[337.151s][info][gc,heap        ] GC(1441) ParOldGen: 85617K->85633K(1398272K)
[337.151s][info][gc,metaspace   ] GC(1441) Metaspace: 20674K(21376K)->20674K(21376K) NonClass: 18265K(18688K)->18265K(18688K) Class: 2408K(2688K)->2408K(2688K)
[337.151s][info][gc             ] GC(1441) Pause Young (Allocation Failure) 759M->83M(2044M) 0.873ms
[337.151s][info][gc,cpu         ] GC(1441) User=0.00s Sys=0.00s Real=0.00s
[337.375s][info][gc,start       ] GC(1442) Pause Young (Allocation Failure)
[337.376s][info][gc,heap        ] GC(1442) PSYoungGen: 691874K->2756K(694784K)
[337.376s][info][gc,heap        ] GC(1442) ParOldGen: 85633K->85633K(1398272K)
[337.376s][info][gc,metaspace   ] GC(1442) Metaspace: 20674K(21376K)->20674K(21376K) NonClass: 18265K(18688K)->18265K(18688K) Class: 2408K(2688K)->2408K(2688K)
[337.376s][info][gc             ] GC(1442) Pause Young (Allocation Failure) 759M->86M(2044M) 1.173ms
[337.376s][info][gc,cpu         ] GC(1442) User=0.00s Sys=0.00s Real=0.00s
[337.619s][info][gc,start       ] GC(1443) Pause Young (Allocation Failure)
[337.620s][info][gc,heap        ] GC(1443) PSYoungGen: 694468K->1932K(694784K)
[337.620s][info][gc,heap        ] GC(1443) ParOldGen: 85633K->85641K(1398272K)
[337.620s][info][gc,metaspace   ] GC(1443) Metaspace: 20674K(21376K)->20674K(21376K) NonClass: 18265K(18688K)->18265K(18688K) Class: 2408K(2688K)->2408K(2688K)
[337.620s][info][gc             ] GC(1443) Pause Young (Allocation Failure) 761M->85M(2044M) 1.035ms
[337.620s][info][gc,cpu         ] GC(1443) User=0.00s Sys=0.00s Real=0.00s
[337.747s][info][gc,start       ] GC(1444) Pause Young (System.gc())
[337.747s][info][gc,heap        ] GC(1444) PSYoungGen: 376601K->128K(694784K)
[337.747s][info][gc,heap        ] GC(1444) ParOldGen: 85641K->85641K(1398272K)
[337.747s][info][gc,metaspace   ] GC(1444) Metaspace: 20674K(21376K)->20674K(21376K) NonClass: 18265K(18688K)->18265K(18688K) Class: 2408K(2688K)->2408K(2688K)
[337.747s][info][gc             ] GC(1444) Pause Young (System.gc()) 451M->83M(2044M) 0.706ms
[337.747s][info][gc,cpu         ] GC(1444) User=0.00s Sys=0.00s Real=0.00s
[337.747s][info][gc,start       ] GC(1445) Pause Full (System.gc())
[337.747s][info][gc,phases,start] GC(1445) Marking Phase
[337.799s][info][gc,phases      ] GC(1445) Marking Phase 51.497ms
[337.799s][info][gc,phases,start] GC(1445) Summary Phase
[337.799s][info][gc,phases      ] GC(1445) Summary Phase 0.012ms
[337.799s][info][gc,phases,start] GC(1445) Adjust Roots
[337.801s][info][gc,phases      ] GC(1445) Adjust Roots 1.641ms
[337.801s][info][gc,phases,start] GC(1445) Compaction Phase
[337.814s][info][gc,phases      ] GC(1445) Compaction Phase 13.316ms
[337.814s][info][gc,phases,start] GC(1445) Post Compact
[337.815s][info][gc,phases      ] GC(1445) Post Compact 0.746ms
[337.815s][info][gc,heap        ] GC(1445) PSYoungGen: 128K->0K(694784K)
[337.815s][info][gc,heap        ] GC(1445) ParOldGen: 85641K->85553K(1398272K)
[337.815s][info][gc,metaspace   ] GC(1445) Metaspace: 20674K(21376K)->20674K(21376K) NonClass: 18265K(18688K)->18265K(18688K) Class: 2408K(2688K)->2408K(2688K)
[337.815s][info][gc             ] GC(1445) Pause Full (System.gc()) 83M->83M(2044M) 67.623ms
[337.815s][info][gc,cpu         ] GC(1445) User=0.08s Sys=0.00s Real=0.07s
[338.052s][info][gc,start       ] GC(1446) Pause Young (Allocation Failure)
[338.053s][info][gc,heap        ] GC(1446) PSYoungGen: 690688K->2221K(694784K)
[338.053s][info][gc,heap        ] GC(1446) ParOldGen: 85553K->85553K(1398272K)
[338.053s][info][gc,metaspace   ] GC(1446) Metaspace: 20674K(21376K)->20674K(21376K) NonClass: 18265K(18688K)->18265K(18688K) Class: 2408K(2688K)->2408K(2688K)
[338.053s][info][gc             ] GC(1446) Pause Young (Allocation Failure) 758M->85M(2044M) 1.006ms
[338.053s][info][gc,cpu         ] GC(1446) User=0.00s Sys=0.00s Real=0.00s
[338.284s][info][gc,start       ] GC(1447) Pause Young (Allocation Failure)
[338.285s][info][gc,heap        ] GC(1447) PSYoungGen: 692909K->1758K(694784K)
[338.285s][info][gc,heap        ] GC(1447) ParOldGen: 85553K->85569K(1398272K)
[338.285s][info][gc,metaspace   ] GC(1447) Metaspace: 20674K(21376K)->20674K(21376K) NonClass: 18265K(18688K)->18265K(18688K) Class: 2408K(2688K)->2408K(2688K)
[338.285s][info][gc             ] GC(1447) Pause Young (Allocation Failure) 760M->85M(2044M) 0.734ms
[338.285s][info][gc,cpu         ] GC(1447) User=0.00s Sys=0.00s Real=0.00s
[338.525s][info][gc,start       ] GC(1448) Pause Young (Allocation Failure)
[338.526s][info][gc,heap        ] GC(1448) PSYoungGen: 692446K->1167K(695296K)
[338.526s][info][gc,heap        ] GC(1448) ParOldGen: 85569K->85569K(1398272K)
[338.526s][info][gc,metaspace   ] GC(1448) Metaspace: 20674K(21376K)->20674K(21376K) NonClass: 18265K(18688K)->18265K(18688K) Class: 2408K(2688K)->2408K(2688K)
[338.526s][info][gc             ] GC(1448) Pause Young (Allocation Failure) 759M->84M(2044M) 1.057ms
[338.526s][info][gc,cpu         ] GC(1448) User=0.00s Sys=0.00s Real=0.00s
[338.764s][info][gc,start       ] GC(1449) Pause Young (Allocation Failure)
[338.764s][info][gc,heap        ] GC(1449) PSYoungGen: 692367K->320K(694784K)
[338.764s][info][gc,heap        ] GC(1449) ParOldGen: 85569K->85569K(1398272K)
[338.764s][info][gc,metaspace   ] GC(1449) Metaspace: 20674K(21376K)->20674K(21376K) NonClass: 18265K(18688K)->18265K(18688K) Class: 2408K(2688K)->2408K(2688K)
[338.764s][info][gc             ] GC(1449) Pause Young (Allocation Failure) 759M->83M(2044M) 0.652ms
[338.764s][info][gc,cpu         ] GC(1449) User=0.00s Sys=0.00s Real=0.00s
[338.992s][info][gc,start       ] GC(1450) Pause Young (Allocation Failure)
[338.993s][info][gc,heap        ] GC(1450) PSYoungGen: 691520K->2517K(694272K)
[338.993s][info][gc,heap        ] GC(1450) ParOldGen: 85569K->85585K(1398272K)
[338.993s][info][gc,metaspace   ] GC(1450) Metaspace: 20674K(21376K)->20674K(21376K) NonClass: 18265K(18688K)->18265K(18688K) Class: 2408K(2688K)->2408K(2688K)
[338.993s][info][gc             ] GC(1450) Pause Young (Allocation Failure) 758M->86M(2043M) 1.092ms
[338.993s][info][gc,cpu         ] GC(1450) User=0.00s Sys=0.00s Real=0.00s
[339.231s][info][gc,start       ] GC(1451) Pause Young (Allocation Failure)
[339.232s][info][gc,heap        ] GC(1451) PSYoungGen: 693205K->1865K(694784K)
[339.232s][info][gc,heap        ] GC(1451) ParOldGen: 85585K->85585K(1398272K)
[339.232s][info][gc,metaspace   ] GC(1451) Metaspace: 20674K(21376K)->20674K(21376K) NonClass: 18265K(18688K)->18265K(18688K) Class: 2408K(2688K)->2408K(2688K)
[339.233s][info][gc             ] GC(1451) Pause Young (Allocation Failure) 760M->85M(2044M) 1.248ms
[339.233s][info][gc,cpu         ] GC(1451) User=0.02s Sys=0.00s Real=0.00s
[339.461s][info][gc,start       ] GC(1452) Pause Young (Allocation Failure)
[339.462s][info][gc,heap        ] GC(1452) PSYoungGen: 692553K->1039K(695296K)
[339.462s][info][gc,heap        ] GC(1452) ParOldGen: 85585K->85585K(1398272K)
[339.462s][info][gc,metaspace   ] GC(1452) Metaspace: 20674K(21376K)->20674K(21376K) NonClass: 18265K(18688K)->18265K(18688K) Class: 2408K(2688K)->2408K(2688K)
[339.462s][info][gc             ] GC(1452) Pause Young (Allocation Failure) 759M->84M(2044M) 0.701ms
[339.462s][info][gc,cpu         ] GC(1452) User=0.00s Sys=0.00s Real=0.00s
[339.703s][info][gc,start       ] GC(1453) Pause Young (Allocation Failure)
[339.704s][info][gc,heap        ] GC(1453) PSYoungGen: 692239K->288K(694784K)
[339.704s][info][gc,heap        ] GC(1453) ParOldGen: 85585K->85585K(1398272K)
[339.704s][info][gc,metaspace   ] GC(1453) Metaspace: 20674K(21376K)->20674K(21376K) NonClass: 18265K(18688K)->18265K(18688K) Class: 2408K(2688K)->2408K(2688K)
[339.704s][info][gc             ] GC(1453) Pause Young (Allocation Failure) 759M->83M(2044M) 0.519ms
[339.704s][info][gc,cpu         ] GC(1453) User=0.00s Sys=0.00s Real=0.00s
[339.930s][info][gc,start       ] GC(1454) Pause Young (Allocation Failure)
[339.931s][info][gc,heap        ] GC(1454) PSYoungGen: 691488K->2207K(694272K)
[339.931s][info][gc,heap        ] GC(1454) ParOldGen: 85585K->85601K(1398272K)
[339.931s][info][gc,metaspace   ] GC(1454) Metaspace: 20674K(21376K)->20674K(21376K) NonClass: 18265K(18688K)->18265K(18688K) Class: 2408K(2688K)->2408K(2688K)
[339.931s][info][gc             ] GC(1454) Pause Young (Allocation Failure) 758M->85M(2043M) 1.105ms
[339.931s][info][gc,cpu         ] GC(1454) User=0.00s Sys=0.00s Real=0.00s
[340.157s][info][gc,start       ] GC(1455) Pause Young (Allocation Failure)
[340.158s][info][gc,heap        ] GC(1455) PSYoungGen: 692895K->1688K(694784K)
[340.158s][info][gc,heap        ] GC(1455) ParOldGen: 85601K->85601K(1398272K)
[340.158s][info][gc,metaspace   ] GC(1455) Metaspace: 20674K(21376K)->20674K(21376K) NonClass: 18265K(18688K)->18265K(18688K) Class: 2408K(2688K)->2408K(2688K)
[340.158s][info][gc             ] GC(1455) Pause Young (Allocation Failure) 760M->85M(2044M) 0.723ms
[340.158s][info][gc,cpu         ] GC(1455) User=0.00s Sys=0.00s Real=0.00s
[340.389s][info][gc,start       ] GC(1456) Pause Young (Allocation Failure)
[340.390s][info][gc,heap        ] GC(1456) PSYoungGen: 692376K->931K(695296K)
[340.390s][info][gc,heap        ] GC(1456) ParOldGen: 85601K->85601K(1398272K)
[340.390s][info][gc,metaspace   ] GC(1456) Metaspace: 20674K(21376K)->20674K(21376K) NonClass: 18265K(18688K)->18265K(18688K) Class: 2408K(2688K)->2408K(2688K)
[340.390s][info][gc             ] GC(1456) Pause Young (Allocation Failure) 759M->84M(2044M) 0.601ms
[340.390s][info][gc,cpu         ] GC(1456) User=0.00s Sys=0.00s Real=0.00s
[340.626s][info][gc,start       ] GC(1457) Pause Young (Allocation Failure)
[340.626s][info][gc,heap        ] GC(1457) PSYoungGen: 692643K->352K(695296K)
[340.626s][info][gc,heap        ] GC(1457) ParOldGen: 85601K->85625K(1398272K)
[340.626s][info][gc,metaspace   ] GC(1457) Metaspace: 20674K(21376K)->20674K(21376K) NonClass: 18265K(18688K)->18265K(18688K) Class: 2408K(2688K)->2408K(2688K)
[340.626s][info][gc             ] GC(1457) Pause Young (Allocation Failure) 760M->83M(2044M) 0.469ms
[340.626s][info][gc,cpu         ] GC(1457) User=0.00s Sys=0.00s Real=0.00s
[340.995s][info][gc,start       ] GC(1458) Pause Young (Allocation Failure)
[341.002s][info][gc,heap        ] GC(1458) PSYoungGen: 692015K->2486K(694272K)
[341.003s][info][gc,heap        ] GC(1458) ParOldGen: 85625K->85625K(1398272K)
[341.003s][info][gc,metaspace   ] GC(1458) Metaspace: 20674K(21376K)->20674K(21376K) NonClass: 18265K(18688K)->18265K(18688K) Class: 2408K(2688K)->2408K(2688K)
[341.003s][info][gc             ] GC(1458) Pause Young (Allocation Failure) 759M->86M(2043M) 7.406ms
[341.003s][info][gc,cpu         ] GC(1458) User=0.00s Sys=0.00s Real=0.01s
[342.000s][info][gc,start       ] GC(1459) Pause Young (Allocation Failure)
[342.001s][info][gc,heap        ] GC(1459) PSYoungGen: 693174K->1834K(694784K)
[342.001s][info][gc,heap        ] GC(1459) ParOldGen: 85625K->85625K(1398272K)
[342.001s][info][gc,metaspace   ] GC(1459) Metaspace: 20674K(21376K)->20674K(21376K) NonClass: 18265K(18688K)->18265K(18688K) Class: 2408K(2688K)->2408K(2688K)
[342.001s][info][gc             ] GC(1459) Pause Young (Allocation Failure) 760M->85M(2044M) 0.967ms
[342.001s][info][gc,cpu         ] GC(1459) User=0.00s Sys=0.00s Real=0.00s
[342.138s][info][gc,start       ] GC(1460) Pause Young (System.gc())
[342.139s][info][gc,heap        ] GC(1460) PSYoungGen: 376476K->64K(695296K)
[342.139s][info][gc,heap        ] GC(1460) ParOldGen: 85625K->85625K(1398272K)
[342.139s][info][gc,metaspace   ] GC(1460) Metaspace: 20674K(21376K)->20674K(21376K) NonClass: 18265K(18688K)->18265K(18688K) Class: 2408K(2688K)->2408K(2688K)
[342.139s][info][gc             ] GC(1460) Pause Young (System.gc()) 451M->83M(2044M) 0.556ms
[342.139s][info][gc,cpu         ] GC(1460) User=0.02s Sys=0.00s Real=0.00s
[342.139s][info][gc,start       ] GC(1461) Pause Full (System.gc())
[342.139s][info][gc,phases,start] GC(1461) Marking Phase
[342.199s][info][gc,phases      ] GC(1461) Marking Phase 59.608ms
[342.199s][info][gc,phases,start] GC(1461) Summary Phase
[342.199s][info][gc,phases      ] GC(1461) Summary Phase 0.011ms
[342.199s][info][gc,phases,start] GC(1461) Adjust Roots
[342.200s][info][gc,phases      ] GC(1461) Adjust Roots 1.444ms
[342.200s][info][gc,phases,start] GC(1461) Compaction Phase
[342.213s][info][gc,phases      ] GC(1461) Compaction Phase 12.591ms
[342.213s][info][gc,phases,start] GC(1461) Post Compact
[342.214s][info][gc,phases      ] GC(1461) Post Compact 0.634ms
[342.214s][info][gc,heap        ] GC(1461) PSYoungGen: 64K->0K(695296K)
[342.214s][info][gc,heap        ] GC(1461) ParOldGen: 85625K->85553K(1398272K)
[342.214s][info][gc,metaspace   ] GC(1461) Metaspace: 20674K(21376K)->20674K(21376K) NonClass: 18265K(18688K)->18265K(18688K) Class: 2408K(2688K)->2408K(2688K)
[342.214s][info][gc             ] GC(1461) Pause Full (System.gc()) 83M->83M(2044M) 74.704ms
[342.214s][info][gc,cpu         ] GC(1461) User=0.25s Sys=0.00s Real=0.08s
[342.442s][info][gc,start       ] GC(1462) Pause Young (Allocation Failure)
[342.443s][info][gc,heap        ] GC(1462) PSYoungGen: 691712K->2445K(694272K)
[342.443s][info][gc,heap        ] GC(1462) ParOldGen: 85553K->85553K(1398272K)
[342.443s][info][gc,metaspace   ] GC(1462) Metaspace: 20674K(21376K)->20674K(21376K) NonClass: 18265K(18688K)->18265K(18688K) Class: 2408K(2688K)->2408K(2688K)
[342.443s][info][gc             ] GC(1462) Pause Young (Allocation Failure) 759M->85M(2043M) 1.020ms
[342.443s][info][gc,cpu         ] GC(1462) User=0.00s Sys=0.00s Real=0.00s
[342.685s][info][gc,start       ] GC(1463) Pause Young (Allocation Failure)
[342.686s][info][gc,heap        ] GC(1463) PSYoungGen: 694157K->1768K(694784K)
[342.686s][info][gc,heap        ] GC(1463) ParOldGen: 85553K->85585K(1398272K)
[342.686s][info][gc,metaspace   ] GC(1463) Metaspace: 20674K(21376K)->20674K(21376K) NonClass: 18265K(18688K)->18265K(18688K) Class: 2408K(2688K)->2408K(2688K)
[342.686s][info][gc             ] GC(1463) Pause Young (Allocation Failure) 761M->85M(2044M) 0.665ms
[342.686s][info][gc,cpu         ] GC(1463) User=0.00s Sys=0.00s Real=0.00s
[342.916s][info][gc,start       ] GC(1464) Pause Young (Allocation Failure)
[342.916s][info][gc,heap        ] GC(1464) PSYoungGen: 692456K->1137K(694784K)
[342.916s][info][gc,heap        ] GC(1464) ParOldGen: 85585K->85585K(1398272K)
[342.916s][info][gc,metaspace   ] GC(1464) Metaspace: 20674K(21376K)->20674K(21376K) NonClass: 18265K(18688K)->18265K(18688K) Class: 2408K(2688K)->2408K(2688K)
[342.916s][info][gc             ] GC(1464) Pause Young (Allocation Failure) 759M->84M(2044M) 0.810ms
[342.916s][info][gc,cpu         ] GC(1464) User=0.00s Sys=0.00s Real=0.00s
[343.150s][info][gc,start       ] GC(1465) Pause Young (Allocation Failure)
[343.151s][info][gc,heap        ] GC(1465) PSYoungGen: 691825K->320K(695296K)
[343.151s][info][gc,heap        ] GC(1465) ParOldGen: 85585K->85585K(1398272K)
[343.151s][info][gc,metaspace   ] GC(1465) Metaspace: 20674K(21376K)->20674K(21376K) NonClass: 18265K(18688K)->18265K(18688K) Class: 2408K(2688K)->2408K(2688K)
[343.151s][info][gc             ] GC(1465) Pause Young (Allocation Failure) 759M->83M(2044M) 0.579ms
[343.151s][info][gc,cpu         ] GC(1465) User=0.00s Sys=0.00s Real=0.00s
[343.372s][info][gc,start       ] GC(1466) Pause Young (Allocation Failure)
[343.373s][info][gc,heap        ] GC(1466) PSYoungGen: 692032K->2129K(695296K)
[343.373s][info][gc,heap        ] GC(1466) ParOldGen: 85585K->85609K(1398272K)
[343.373s][info][gc,metaspace   ] GC(1466) Metaspace: 20674K(21376K)->20674K(21376K) NonClass: 18265K(18688K)->18265K(18688K) Class: 2408K(2688K)->2408K(2688K)
[343.373s][info][gc             ] GC(1466) Pause Young (Allocation Failure) 759M->85M(2044M) 0.911ms
[343.373s][info][gc,cpu         ] GC(1466) User=0.02s Sys=0.00s Real=0.00s
[343.609s][info][gc,start       ] GC(1467) Pause Young (Allocation Failure)
[343.609s][info][gc,heap        ] GC(1467) PSYoungGen: 693841K->1737K(695296K)
[343.609s][info][gc,heap        ] GC(1467) ParOldGen: 85609K->85609K(1398272K)
[343.609s][info][gc,metaspace   ] GC(1467) Metaspace: 20674K(21376K)->20674K(21376K) NonClass: 18265K(18688K)->18265K(18688K) Class: 2408K(2688K)->2408K(2688K)
[343.609s][info][gc             ] GC(1467) Pause Young (Allocation Failure) 761M->85M(2044M) 0.880ms
[343.609s][info][gc,cpu         ] GC(1467) User=0.00s Sys=0.00s Real=0.00s
[343.838s][info][gc,start       ] GC(1468) Pause Young (Allocation Failure)
[343.838s][info][gc,heap        ] GC(1468) PSYoungGen: 693449K->1231K(695296K)
[343.838s][info][gc,heap        ] GC(1468) ParOldGen: 85609K->85609K(1398272K)
[343.838s][info][gc,metaspace   ] GC(1468) Metaspace: 20674K(21376K)->20674K(21376K) NonClass: 18265K(18688K)->18265K(18688K) Class: 2408K(2688K)->2408K(2688K)
[343.838s][info][gc             ] GC(1468) Pause Young (Allocation Failure) 760M->84M(2044M) 0.544ms
[343.838s][info][gc,cpu         ] GC(1468) User=0.00s Sys=0.00s Real=0.00s
[344.065s][info][gc,start       ] GC(1469) Pause Young (Allocation Failure)
[344.066s][info][gc,heap        ] GC(1469) PSYoungGen: 692943K->416K(695296K)
[344.066s][info][gc,heap        ] GC(1469) ParOldGen: 85609K->85609K(1398272K)
[344.066s][info][gc,metaspace   ] GC(1469) Metaspace: 20674K(21376K)->20674K(21376K) NonClass: 18265K(18688K)->18265K(18688K) Class: 2408K(2688K)->2408K(2688K)
[344.066s][info][gc             ] GC(1469) Pause Young (Allocation Failure) 760M->84M(2044M) 0.492ms
[344.066s][info][gc,cpu         ] GC(1469) User=0.00s Sys=0.00s Real=0.00s
[344.287s][info][gc,start       ] GC(1470) Pause Young (Allocation Failure)
[344.288s][info][gc,heap        ] GC(1470) PSYoungGen: 692128K->2501K(695296K)
[344.288s][info][gc,heap        ] GC(1470) ParOldGen: 85609K->85641K(1398272K)
[344.288s][info][gc,metaspace   ] GC(1470) Metaspace: 20674K(21376K)->20674K(21376K) NonClass: 18265K(18688K)->18265K(18688K) Class: 2408K(2688K)->2408K(2688K)
[344.288s][info][gc             ] GC(1470) Pause Young (Allocation Failure) 759M->86M(2044M) 0.937ms
[344.288s][info][gc,cpu         ] GC(1470) User=0.00s Sys=0.00s Real=0.00s
[344.521s][info][gc,start       ] GC(1471) Pause Young (Allocation Failure)
[344.522s][info][gc,heap        ] GC(1471) PSYoungGen: 694213K->2032K(695296K)
[344.522s][info][gc,heap        ] GC(1471) ParOldGen: 85641K->85641K(1398272K)
[344.522s][info][gc,metaspace   ] GC(1471) Metaspace: 20674K(21376K)->20674K(21376K) NonClass: 18265K(18688K)->18265K(18688K) Class: 2408K(2688K)->2408K(2688K)
[344.522s][info][gc             ] GC(1471) Pause Young (Allocation Failure) 761M->85M(2044M) 0.921ms
[344.522s][info][gc,cpu         ] GC(1471) User=0.00s Sys=0.00s Real=0.00s
[344.764s][info][gc,start       ] GC(1472) Pause Young (Allocation Failure)
[344.765s][info][gc,heap        ] GC(1472) PSYoungGen: 693744K->1205K(695296K)
[344.765s][info][gc,heap        ] GC(1472) ParOldGen: 85641K->85641K(1398272K)
[344.765s][info][gc,metaspace   ] GC(1472) Metaspace: 20674K(21376K)->20674K(21376K) NonClass: 18265K(18688K)->18265K(18688K) Class: 2408K(2688K)->2408K(2688K)
[344.765s][info][gc             ] GC(1472) Pause Young (Allocation Failure) 761M->84M(2044M) 0.732ms
[344.765s][info][gc,cpu         ] GC(1472) User=0.00s Sys=0.00s Real=0.00s
[344.994s][info][gc,start       ] GC(1473) Pause Young (Allocation Failure)
[344.994s][info][gc,heap        ] GC(1473) PSYoungGen: 692917K->472K(695296K)
[344.994s][info][gc,heap        ] GC(1473) ParOldGen: 85641K->85665K(1398272K)
[344.994s][info][gc,metaspace   ] GC(1473) Metaspace: 20674K(21376K)->20674K(21376K) NonClass: 18265K(18688K)->18265K(18688K) Class: 2408K(2688K)->2408K(2688K)
[344.994s][info][gc             ] GC(1473) Pause Young (Allocation Failure) 760M->84M(2044M) 0.587ms
[344.994s][info][gc,cpu         ] GC(1473) User=0.00s Sys=0.00s Real=0.00s
[345.223s][info][gc,start       ] GC(1474) Pause Young (Allocation Failure)
[345.223s][info][gc,heap        ] GC(1474) PSYoungGen: 692110K->2576K(694784K)
[345.223s][info][gc,heap        ] GC(1474) ParOldGen: 85665K->85665K(1398272K)
[345.223s][info][gc,metaspace   ] GC(1474) Metaspace: 20674K(21376K)->20674K(21376K) NonClass: 18265K(18688K)->18265K(18688K) Class: 2408K(2688K)->2408K(2688K)
[345.224s][info][gc             ] GC(1474) Pause Young (Allocation Failure) 759M->86M(2044M) 0.952ms
[345.224s][info][gc,cpu         ] GC(1474) User=0.00s Sys=0.00s Real=0.00s
[345.456s][info][gc,start       ] GC(1475) Pause Young (Allocation Failure)
[345.456s][info][gc,heap        ] GC(1475) PSYoungGen: 694288K->1986K(695296K)
[345.456s][info][gc,heap        ] GC(1475) ParOldGen: 85665K->85665K(1398272K)
[345.456s][info][gc,metaspace   ] GC(1475) Metaspace: 20674K(21376K)->20674K(21376K) NonClass: 18265K(18688K)->18265K(18688K) Class: 2408K(2688K)->2408K(2688K)
[345.456s][info][gc             ] GC(1475) Pause Young (Allocation Failure) 761M->85M(2044M) 0.831ms
[345.456s][info][gc,cpu         ] GC(1475) User=0.00s Sys=0.00s Real=0.00s
[345.591s][info][gc,start       ] GC(1476) Pause Young (System.gc())
[345.592s][info][gc,heap        ] GC(1476) PSYoungGen: 374027K->64K(694784K)
[345.592s][info][gc,heap        ] GC(1476) ParOldGen: 85665K->85665K(1398272K)
[345.592s][info][gc,metaspace   ] GC(1476) Metaspace: 20674K(21376K)->20674K(21376K) NonClass: 18265K(18688K)->18265K(18688K) Class: 2408K(2688K)->2408K(2688K)
[345.592s][info][gc             ] GC(1476) Pause Young (System.gc()) 448M->83M(2044M) 0.864ms
[345.592s][info][gc,cpu         ] GC(1476) User=0.00s Sys=0.00s Real=0.00s
[345.592s][info][gc,start       ] GC(1477) Pause Full (System.gc())
[345.592s][info][gc,phases,start] GC(1477) Marking Phase
[345.643s][info][gc,phases      ] GC(1477) Marking Phase 50.782ms
[345.643s][info][gc,phases,start] GC(1477) Summary Phase
[345.643s][info][gc,phases      ] GC(1477) Summary Phase 0.013ms
[345.643s][info][gc,phases,start] GC(1477) Adjust Roots
[345.645s][info][gc,phases      ] GC(1477) Adjust Roots 1.908ms
[345.645s][info][gc,phases,start] GC(1477) Compaction Phase
[345.657s][info][gc,phases      ] GC(1477) Compaction Phase 12.468ms
[345.657s][info][gc,phases,start] GC(1477) Post Compact
[345.658s][info][gc,phases      ] GC(1477) Post Compact 0.706ms
[345.658s][info][gc,heap        ] GC(1477) PSYoungGen: 64K->0K(694784K)
[345.658s][info][gc,heap        ] GC(1477) ParOldGen: 85665K->85553K(1398272K)
[345.658s][info][gc,metaspace   ] GC(1477) Metaspace: 20674K(21376K)->20674K(21376K) NonClass: 18265K(18688K)->18265K(18688K) Class: 2408K(2688K)->2408K(2688K)
[345.658s][info][gc             ] GC(1477) Pause Full (System.gc()) 83M->83M(2044M) 66.211ms
[345.658s][info][gc,cpu         ] GC(1477) User=0.09s Sys=0.00s Real=0.06s
[345.887s][info][gc,start       ] GC(1478) Pause Young (Allocation Failure)
[345.888s][info][gc,heap        ] GC(1478) PSYoungGen: 691200K->2243K(694784K)
[345.888s][info][gc,heap        ] GC(1478) ParOldGen: 85553K->85553K(1398272K)
[345.888s][info][gc,metaspace   ] GC(1478) Metaspace: 20674K(21376K)->20674K(21376K) NonClass: 18265K(18688K)->18265K(18688K) Class: 2408K(2688K)->2408K(2688K)
[345.888s][info][gc             ] GC(1478) Pause Young (Allocation Failure) 758M->85M(2044M) 0.697ms
[345.888s][info][gc,cpu         ] GC(1478) User=0.00s Sys=0.00s Real=0.00s
[346.117s][info][gc,start       ] GC(1479) Pause Young (Allocation Failure)
[346.118s][info][gc,heap        ] GC(1479) PSYoungGen: 692931K->1795K(694784K)
[346.118s][info][gc,heap        ] GC(1479) ParOldGen: 85553K->85577K(1398272K)
[346.118s][info][gc,metaspace   ] GC(1479) Metaspace: 20674K(21376K)->20674K(21376K) NonClass: 18265K(18688K)->18265K(18688K) Class: 2408K(2688K)->2408K(2688K)
[346.118s][info][gc             ] GC(1479) Pause Young (Allocation Failure) 760M->85M(2044M) 0.685ms
[346.118s][info][gc,cpu         ] GC(1479) User=0.00s Sys=0.00s Real=0.00s
[346.349s][info][gc,start       ] GC(1480) Pause Young (Allocation Failure)
[346.349s][info][gc,heap        ] GC(1480) PSYoungGen: 692483K->917K(695296K)
[346.349s][info][gc,heap        ] GC(1480) ParOldGen: 85577K->85577K(1398272K)
[346.349s][info][gc,metaspace   ] GC(1480) Metaspace: 20674K(21376K)->20674K(21376K) NonClass: 18265K(18688K)->18265K(18688K) Class: 2408K(2688K)->2408K(2688K)
[346.349s][info][gc             ] GC(1480) Pause Young (Allocation Failure) 759M->84M(2044M) 0.577ms
[346.349s][info][gc,cpu         ] GC(1480) User=0.00s Sys=0.00s Real=0.00s
[346.585s][info][gc,start       ] GC(1481) Pause Young (Allocation Failure)
[346.585s][info][gc,heap        ] GC(1481) PSYoungGen: 692117K->192K(694784K)
[346.585s][info][gc,heap        ] GC(1481) ParOldGen: 85577K->85577K(1398272K)
[346.585s][info][gc,metaspace   ] GC(1481) Metaspace: 20674K(21376K)->20674K(21376K) NonClass: 18265K(18688K)->18265K(18688K) Class: 2408K(2688K)->2408K(2688K)
[346.585s][info][gc             ] GC(1481) Pause Young (Allocation Failure) 759M->83M(2044M) 0.525ms
[346.585s][info][gc,cpu         ] GC(1481) User=0.00s Sys=0.00s Real=0.00s
[346.813s][info][gc,start       ] GC(1482) Pause Young (Allocation Failure)
[346.814s][info][gc,heap        ] GC(1482) PSYoungGen: 691392K->2131K(694272K)
[346.814s][info][gc,heap        ] GC(1482) ParOldGen: 85577K->85593K(1398272K)
[346.814s][info][gc,metaspace   ] GC(1482) Metaspace: 20674K(21376K)->20674K(21376K) NonClass: 18265K(18688K)->18265K(18688K) Class: 2408K(2688K)->2408K(2688K)
[346.814s][info][gc             ] GC(1482) Pause Young (Allocation Failure) 758M->85M(2043M) 0.939ms
[346.814s][info][gc,cpu         ] GC(1482) User=0.00s Sys=0.00s Real=0.00s
[347.051s][info][gc,start       ] GC(1483) Pause Young (Allocation Failure)
[347.051s][info][gc,heap        ] GC(1483) PSYoungGen: 692819K->1694K(694784K)
[347.051s][info][gc,heap        ] GC(1483) ParOldGen: 85593K->85593K(1398272K)
[347.051s][info][gc,metaspace   ] GC(1483) Metaspace: 20674K(21376K)->20674K(21376K) NonClass: 18265K(18688K)->18265K(18688K) Class: 2408K(2688K)->2408K(2688K)
[347.051s][info][gc             ] GC(1483) Pause Young (Allocation Failure) 760M->85M(2044M) 0.781ms
[347.051s][info][gc,cpu         ] GC(1483) User=0.00s Sys=0.00s Real=0.00s
[347.294s][info][gc,start       ] GC(1484) Pause Young (Allocation Failure)
[347.295s][info][gc,heap        ] GC(1484) PSYoungGen: 692382K->1081K(695296K)
[347.295s][info][gc,heap        ] GC(1484) ParOldGen: 85593K->85593K(1398272K)
[347.295s][info][gc,metaspace   ] GC(1484) Metaspace: 20674K(21376K)->20674K(21376K) NonClass: 18265K(18688K)->18265K(18688K) Class: 2408K(2688K)->2408K(2688K)
[347.295s][info][gc             ] GC(1484) Pause Young (Allocation Failure) 759M->84M(2044M) 1.262ms
[347.295s][info][gc,cpu         ] GC(1484) User=0.00s Sys=0.00s Real=0.00s
[347.539s][info][gc,start       ] GC(1485) Pause Young (Allocation Failure)
[347.539s][info][gc,heap        ] GC(1485) PSYoungGen: 692793K->256K(695296K)
[347.539s][info][gc,heap        ] GC(1485) ParOldGen: 85593K->85593K(1398272K)
[347.539s][info][gc,metaspace   ] GC(1485) Metaspace: 20674K(21376K)->20674K(21376K) NonClass: 18265K(18688K)->18265K(18688K) Class: 2408K(2688K)->2408K(2688K)
[347.539s][info][gc             ] GC(1485) Pause Young (Allocation Failure) 760M->83M(2044M) 0.574ms
[347.539s][info][gc,cpu         ] GC(1485) User=0.00s Sys=0.00s Real=0.00s
[347.776s][info][gc,start       ] GC(1486) Pause Young (Allocation Failure)
[347.777s][info][gc,heap        ] GC(1486) PSYoungGen: 691968K->2306K(695296K)
[347.777s][info][gc,heap        ] GC(1486) ParOldGen: 85593K->85609K(1398272K)
[347.777s][info][gc,metaspace   ] GC(1486) Metaspace: 20674K(21376K)->20674K(21376K) NonClass: 18265K(18688K)->18265K(18688K) Class: 2408K(2688K)->2408K(2688K)
[347.777s][info][gc             ] GC(1486) Pause Young (Allocation Failure) 759M->85M(2044M) 1.188ms
[347.777s][info][gc,cpu         ] GC(1486) User=0.00s Sys=0.00s Real=0.00s
[348.010s][info][gc,start       ] GC(1487) Pause Young (Allocation Failure)
[348.011s][info][gc,heap        ] GC(1487) PSYoungGen: 694018K->2032K(695296K)
[348.011s][info][gc,heap        ] GC(1487) ParOldGen: 85609K->85609K(1398272K)
[348.011s][info][gc,metaspace   ] GC(1487) Metaspace: 20674K(21376K)->20674K(21376K) NonClass: 18265K(18688K)->18265K(18688K) Class: 2408K(2688K)->2408K(2688K)
[348.011s][info][gc             ] GC(1487) Pause Young (Allocation Failure) 761M->85M(2044M) 0.940ms
[348.011s][info][gc,cpu         ] GC(1487) User=0.00s Sys=0.00s Real=0.00s
[348.251s][info][gc,start       ] GC(1488) Pause Young (Allocation Failure)
[348.252s][info][gc,heap        ] GC(1488) PSYoungGen: 693744K->1265K(695296K)
[348.252s][info][gc,heap        ] GC(1488) ParOldGen: 85609K->85609K(1398272K)
[348.252s][info][gc,metaspace   ] GC(1488) Metaspace: 20674K(21376K)->20674K(21376K) NonClass: 18265K(18688K)->18265K(18688K) Class: 2408K(2688K)->2408K(2688K)
[348.252s][info][gc             ] GC(1488) Pause Young (Allocation Failure) 761M->84M(2044M) 0.692ms
[348.252s][info][gc,cpu         ] GC(1488) User=0.00s Sys=0.00s Real=0.00s
[348.478s][info][gc,start       ] GC(1489) Pause Young (Allocation Failure)
[348.479s][info][gc,heap        ] GC(1489) PSYoungGen: 692977K->489K(695296K)
[348.479s][info][gc,heap        ] GC(1489) ParOldGen: 85609K->85625K(1398272K)
[348.479s][info][gc,metaspace   ] GC(1489) Metaspace: 20674K(21376K)->20674K(21376K) NonClass: 18265K(18688K)->18265K(18688K) Class: 2408K(2688K)->2408K(2688K)
[348.479s][info][gc             ] GC(1489) Pause Young (Allocation Failure) 760M->84M(2044M) 0.970ms
[348.479s][info][gc,cpu         ] GC(1489) User=0.00s Sys=0.00s Real=0.00s
[348.716s][info][gc,start       ] GC(1490) Pause Young (Allocation Failure)
[348.717s][info][gc,heap        ] GC(1490) PSYoungGen: 692027K->2602K(694272K)
[348.717s][info][gc,heap        ] GC(1490) ParOldGen: 85625K->85625K(1398272K)
[348.717s][info][gc,metaspace   ] GC(1490) Metaspace: 20674K(21376K)->20674K(21376K) NonClass: 18265K(18688K)->18265K(18688K) Class: 2408K(2688K)->2408K(2688K)
[348.717s][info][gc             ] GC(1490) Pause Young (Allocation Failure) 759M->86M(2043M) 1.262ms
[348.717s][info][gc,cpu         ] GC(1490) User=0.02s Sys=0.00s Real=0.00s
[348.948s][info][gc,start       ] GC(1491) Pause Young (Allocation Failure)
[348.948s][info][gc,heap        ] GC(1491) PSYoungGen: 693290K->2108K(694784K)
[348.948s][info][gc,heap        ] GC(1491) ParOldGen: 85625K->85625K(1398272K)
[348.949s][info][gc,metaspace   ] GC(1491) Metaspace: 20674K(21376K)->20674K(21376K) NonClass: 18265K(18688K)->18265K(18688K) Class: 2408K(2688K)->2408K(2688K)
[348.949s][info][gc             ] GC(1491) Pause Young (Allocation Failure) 760M->85M(2044M) 0.721ms
[348.949s][info][gc,cpu         ] GC(1491) User=0.00s Sys=0.00s Real=0.00s
[349.077s][info][gc,start       ] GC(1492) Pause Young (System.gc())
[349.078s][info][gc,heap        ] GC(1492) PSYoungGen: 375555K->64K(694784K)
[349.078s][info][gc,heap        ] GC(1492) ParOldGen: 85625K->85625K(1398272K)
[349.078s][info][gc,metaspace   ] GC(1492) Metaspace: 20674K(21376K)->20674K(21376K) NonClass: 18265K(18688K)->18265K(18688K) Class: 2408K(2688K)->2408K(2688K)
[349.078s][info][gc             ] GC(1492) Pause Young (System.gc()) 450M->83M(2044M) 0.457ms
[349.078s][info][gc,cpu         ] GC(1492) User=0.00s Sys=0.00s Real=0.00s
[349.078s][info][gc,start       ] GC(1493) Pause Full (System.gc())
[349.078s][info][gc,phases,start] GC(1493) Marking Phase
[349.136s][info][gc,phases      ] GC(1493) Marking Phase 57.739ms
[349.136s][info][gc,phases,start] GC(1493) Summary Phase
[349.136s][info][gc,phases      ] GC(1493) Summary Phase 0.011ms
[349.136s][info][gc,phases,start] GC(1493) Adjust Roots
[349.137s][info][gc,phases      ] GC(1493) Adjust Roots 1.373ms
[349.137s][info][gc,phases,start] GC(1493) Compaction Phase
[349.152s][info][gc,phases      ] GC(1493) Compaction Phase 14.563ms
[349.152s][info][gc,phases,start] GC(1493) Post Compact
[349.152s][info][gc,phases      ] GC(1493) Post Compact 0.580ms
[349.152s][info][gc,heap        ] GC(1493) PSYoungGen: 64K->0K(694784K)
[349.152s][info][gc,heap        ] GC(1493) ParOldGen: 85625K->85553K(1398272K)
[349.152s][info][gc,metaspace   ] GC(1493) Metaspace: 20674K(21376K)->20674K(21376K) NonClass: 18265K(18688K)->18265K(18688K) Class: 2408K(2688K)->2408K(2688K)
[349.152s][info][gc             ] GC(1493) Pause Full (System.gc()) 83M->83M(2044M) 74.542ms
[349.152s][info][gc,cpu         ] GC(1493) User=0.28s Sys=0.00s Real=0.08s
[349.385s][info][gc,start       ] GC(1494) Pause Young (Allocation Failure)
[349.386s][info][gc,heap        ] GC(1494) PSYoungGen: 690688K->2319K(694784K)
[349.386s][info][gc,heap        ] GC(1494) ParOldGen: 85553K->85553K(1398272K)
[349.386s][info][gc,metaspace   ] GC(1494) Metaspace: 20674K(21376K)->20674K(21376K) NonClass: 18265K(18688K)->18265K(18688K) Class: 2408K(2688K)->2408K(2688K)
[349.386s][info][gc             ] GC(1494) Pause Young (Allocation Failure) 758M->85M(2044M) 0.971ms
[349.386s][info][gc,cpu         ] GC(1494) User=0.00s Sys=0.00s Real=0.00s
[349.632s][info][gc,start       ] GC(1495) Pause Young (Allocation Failure)
[349.633s][info][gc,heap        ] GC(1495) PSYoungGen: 693007K->1639K(694784K)
[349.633s][info][gc,heap        ] GC(1495) ParOldGen: 85553K->85569K(1398272K)
[349.633s][info][gc,metaspace   ] GC(1495) Metaspace: 20674K(21376K)->20674K(21376K) NonClass: 18265K(18688K)->18265K(18688K) Class: 2408K(2688K)->2408K(2688K)
[349.633s][info][gc             ] GC(1495) Pause Young (Allocation Failure) 760M->85M(2044M) 0.709ms
[349.633s][info][gc,cpu         ] GC(1495) User=0.00s Sys=0.00s Real=0.00s
[349.860s][info][gc,start       ] GC(1496) Pause Young (Allocation Failure)
[349.861s][info][gc,heap        ] GC(1496) PSYoungGen: 692327K->912K(694784K)
[349.861s][info][gc,heap        ] GC(1496) ParOldGen: 85569K->85569K(1398272K)
[349.861s][info][gc,metaspace   ] GC(1496) Metaspace: 20674K(21376K)->20674K(21376K) NonClass: 18265K(18688K)->18265K(18688K) Class: 2408K(2688K)->2408K(2688K)
[349.861s][info][gc             ] GC(1496) Pause Young (Allocation Failure) 759M->84M(2044M) 0.723ms
[349.861s][info][gc,cpu         ] GC(1496) User=0.00s Sys=0.00s Real=0.00s
[350.092s][info][gc,start       ] GC(1497) Pause Young (Allocation Failure)
[350.094s][info][gc,heap        ] GC(1497) PSYoungGen: 691600K->2081K(695296K)
[350.094s][info][gc,heap        ] GC(1497) ParOldGen: 85569K->85569K(1398272K)
[350.094s][info][gc,metaspace   ] GC(1497) Metaspace: 20674K(21376K)->20674K(21376K) NonClass: 18265K(18688K)->18265K(18688K) Class: 2408K(2688K)->2408K(2688K)
[350.094s][info][gc             ] GC(1497) Pause Young (Allocation Failure) 758M->85M(2044M) 2.125ms
[350.094s][info][gc,cpu         ] GC(1497) User=0.00s Sys=0.00s Real=0.00s
[350.328s][info][gc,start       ] GC(1498) Pause Young (Allocation Failure)
[350.329s][info][gc,heap        ] GC(1498) PSYoungGen: 693793K->2250K(694272K)
[350.329s][info][gc,heap        ] GC(1498) ParOldGen: 85569K->85593K(1398272K)
[350.329s][info][gc,metaspace   ] GC(1498) Metaspace: 20674K(21376K)->20674K(21376K) NonClass: 18265K(18688K)->18265K(18688K) Class: 2408K(2688K)->2408K(2688K)
[350.329s][info][gc             ] GC(1498) Pause Young (Allocation Failure) 761M->85M(2043M) 1.167ms
[350.329s][info][gc,cpu         ] GC(1498) User=0.00s Sys=0.00s Real=0.00s
[350.572s][info][gc,start       ] GC(1499) Pause Young (Allocation Failure)
[350.573s][info][gc,heap        ] GC(1499) PSYoungGen: 693962K->1729K(695296K)
[350.573s][info][gc,heap        ] GC(1499) ParOldGen: 85593K->85593K(1398272K)
[350.574s][info][gc,metaspace   ] GC(1499) Metaspace: 20674K(21376K)->20674K(21376K) NonClass: 18265K(18688K)->18265K(18688K) Class: 2408K(2688K)->2408K(2688K)
[350.574s][info][gc             ] GC(1499) Pause Young (Allocation Failure) 761M->85M(2044M) 1.065ms
[350.574s][info][gc,cpu         ] GC(1499) User=0.00s Sys=0.00s Real=0.00s
[350.805s][info][gc,start       ] GC(1500) Pause Young (Allocation Failure)
[350.805s][info][gc,heap        ] GC(1500) PSYoungGen: 692929K->977K(694784K)
[350.805s][info][gc,heap        ] GC(1500) ParOldGen: 85593K->85593K(1398272K)
[350.805s][info][gc,metaspace   ] GC(1500) Metaspace: 20674K(21376K)->20674K(21376K) NonClass: 18265K(18688K)->18265K(18688K) Class: 2408K(2688K)->2408K(2688K)
[350.805s][info][gc             ] GC(1500) Pause Young (Allocation Failure) 760M->84M(2044M) 0.732ms
[350.805s][info][gc,cpu         ] GC(1500) User=0.00s Sys=0.00s Real=0.00s
[351.042s][info][gc,start       ] GC(1501) Pause Young (Allocation Failure)
[351.042s][info][gc,heap        ] GC(1501) PSYoungGen: 692177K->192K(695296K)
[351.042s][info][gc,heap        ] GC(1501) ParOldGen: 85593K->85593K(1398272K)
[351.042s][info][gc,metaspace   ] GC(1501) Metaspace: 20674K(21376K)->20674K(21376K) NonClass: 18265K(18688K)->18265K(18688K) Class: 2408K(2688K)->2408K(2688K)
[351.042s][info][gc             ] GC(1501) Pause Young (Allocation Failure) 759M->83M(2044M) 0.540ms
[351.042s][info][gc,cpu         ] GC(1501) User=0.00s Sys=0.00s Real=0.00s
[351.267s][info][gc,start       ] GC(1502) Pause Young (Allocation Failure)
[351.268s][info][gc,heap        ] GC(1502) PSYoungGen: 691881K->2649K(694784K)
[351.268s][info][gc,heap        ] GC(1502) ParOldGen: 85593K->85617K(1398272K)
[351.268s][info][gc,metaspace   ] GC(1502) Metaspace: 20674K(21376K)->20674K(21376K) NonClass: 18265K(18688K)->18265K(18688K) Class: 2408K(2688K)->2408K(2688K)
[351.268s][info][gc             ] GC(1502) Pause Young (Allocation Failure) 759M->86M(2044M) 1.205ms
[351.268s][info][gc,cpu         ] GC(1502) User=0.00s Sys=0.00s Real=0.00s
[351.518s][info][gc,start       ] GC(1503) Pause Young (Allocation Failure)
[351.527s][info][gc,heap        ] GC(1503) PSYoungGen: 694361K->1953K(694784K)
[351.527s][info][gc,heap        ] GC(1503) ParOldGen: 85617K->85617K(1398272K)
[351.527s][info][gc,metaspace   ] GC(1503) Metaspace: 20674K(21376K)->20674K(21376K) NonClass: 18265K(18688K)->18265K(18688K) Class: 2408K(2688K)->2408K(2688K)
[351.527s][info][gc             ] GC(1503) Pause Young (Allocation Failure) 761M->85M(2044M) 9.385ms
[351.527s][info][gc,cpu         ] GC(1503) User=0.00s Sys=0.00s Real=0.01s
[351.776s][info][gc,start       ] GC(1504) Pause Young (Allocation Failure)
[351.776s][info][gc,heap        ] GC(1504) PSYoungGen: 692641K->1110K(694784K)
[351.776s][info][gc,heap        ] GC(1504) ParOldGen: 85617K->85617K(1398272K)
[351.776s][info][gc,metaspace   ] GC(1504) Metaspace: 20674K(21376K)->20674K(21376K) NonClass: 18265K(18688K)->18265K(18688K) Class: 2408K(2688K)->2408K(2688K)
[351.776s][info][gc             ] GC(1504) Pause Young (Allocation Failure) 760M->84M(2044M) 0.757ms
[351.776s][info][gc,cpu         ] GC(1504) User=0.00s Sys=0.00s Real=0.00s
[352.005s][info][gc,start       ] GC(1505) Pause Young (Allocation Failure)
[352.006s][info][gc,heap        ] GC(1505) PSYoungGen: 691798K->256K(695296K)
[352.006s][info][gc,heap        ] GC(1505) ParOldGen: 85617K->85633K(1398272K)
[352.006s][info][gc,metaspace   ] GC(1505) Metaspace: 20674K(21376K)->20674K(21376K) NonClass: 18265K(18688K)->18265K(18688K) Class: 2408K(2688K)->2408K(2688K)
[352.006s][info][gc             ] GC(1505) Pause Young (Allocation Failure) 759M->83M(2044M) 0.909ms
[352.006s][info][gc,cpu         ] GC(1505) User=0.00s Sys=0.00s Real=0.00s
[352.230s][info][gc,start       ] GC(1506) Pause Young (Allocation Failure)
[352.231s][info][gc,heap        ] GC(1506) PSYoungGen: 691688K->2924K(694784K)
[352.231s][info][gc,heap        ] GC(1506) ParOldGen: 85633K->85633K(1398272K)
[352.231s][info][gc,metaspace   ] GC(1506) Metaspace: 20674K(21376K)->20674K(21376K) NonClass: 18265K(18688K)->18265K(18688K) Class: 2408K(2688K)->2408K(2688K)
[352.231s][info][gc             ] GC(1506) Pause Young (Allocation Failure) 759M->86M(2044M) 0.945ms
[352.231s][info][gc,cpu         ] GC(1506) User=0.00s Sys=0.00s Real=0.00s
[352.459s][info][gc,start       ] GC(1507) Pause Young (Allocation Failure)
[352.460s][info][gc,heap        ] GC(1507) PSYoungGen: 694636K->2134K(694784K)
[352.460s][info][gc,heap        ] GC(1507) ParOldGen: 85633K->85633K(1398272K)
[352.460s][info][gc,metaspace   ] GC(1507) Metaspace: 20674K(21376K)->20674K(21376K) NonClass: 18265K(18688K)->18265K(18688K) Class: 2408K(2688K)->2408K(2688K)
[352.460s][info][gc             ] GC(1507) Pause Young (Allocation Failure) 761M->85M(2044M) 0.620ms
[352.460s][info][gc,cpu         ] GC(1507) User=0.00s Sys=0.00s Real=0.00s
[352.591s][info][gc,start       ] GC(1508) Pause Young (System.gc())
[352.592s][info][gc,heap        ] GC(1508) PSYoungGen: 372382K->96K(694784K)
[352.592s][info][gc,heap        ] GC(1508) ParOldGen: 85633K->85633K(1398272K)
[352.592s][info][gc,metaspace   ] GC(1508) Metaspace: 20674K(21376K)->20674K(21376K) NonClass: 18265K(18688K)->18265K(18688K) Class: 2408K(2688K)->2408K(2688K)
[352.592s][info][gc             ] GC(1508) Pause Young (System.gc()) 447M->83M(2044M) 0.499ms
[352.592s][info][gc,cpu         ] GC(1508) User=0.00s Sys=0.00s Real=0.00s
[352.592s][info][gc,start       ] GC(1509) Pause Full (System.gc())
[352.592s][info][gc,phases,start] GC(1509) Marking Phase
[352.643s][info][gc,phases      ] GC(1509) Marking Phase 50.577ms
[352.643s][info][gc,phases,start] GC(1509) Summary Phase
[352.643s][info][gc,phases      ] GC(1509) Summary Phase 0.025ms
[352.643s][info][gc,phases,start] GC(1509) Adjust Roots
[352.645s][info][gc,phases      ] GC(1509) Adjust Roots 1.723ms
[352.645s][info][gc,phases,start] GC(1509) Compaction Phase
[352.659s][info][gc,phases      ] GC(1509) Compaction Phase 14.838ms
[352.659s][info][gc,phases,start] GC(1509) Post Compact
[352.660s][info][gc,phases      ] GC(1509) Post Compact 0.538ms
[352.660s][info][gc,heap        ] GC(1509) PSYoungGen: 96K->0K(694784K)
[352.660s][info][gc,heap        ] GC(1509) ParOldGen: 85633K->85553K(1398272K)
[352.660s][info][gc,metaspace   ] GC(1509) Metaspace: 20674K(21376K)->20674K(21376K) NonClass: 18265K(18688K)->18265K(18688K) Class: 2408K(2688K)->2408K(2688K)
[352.660s][info][gc             ] GC(1509) Pause Full (System.gc()) 83M->83M(2044M) 68.157ms
[352.660s][info][gc,cpu         ] GC(1509) User=0.09s Sys=0.00s Real=0.07s
[352.888s][info][gc,start       ] GC(1510) Pause Young (Allocation Failure)
[352.889s][info][gc,heap        ] GC(1510) PSYoungGen: 690688K->2213K(694784K)
[352.889s][info][gc,heap        ] GC(1510) ParOldGen: 85553K->85553K(1398272K)
[352.889s][info][gc,metaspace   ] GC(1510) Metaspace: 20674K(21376K)->20674K(21376K) NonClass: 18265K(18688K)->18265K(18688K) Class: 2408K(2688K)->2408K(2688K)
[352.889s][info][gc             ] GC(1510) Pause Young (Allocation Failure) 758M->85M(2044M) 1.308ms
[352.889s][info][gc,cpu         ] GC(1510) User=0.00s Sys=0.00s Real=0.00s
[353.124s][info][gc,start       ] GC(1511) Pause Young (Allocation Failure)
[353.124s][info][gc,heap        ] GC(1511) PSYoungGen: 692901K->1576K(694784K)
[353.124s][info][gc,heap        ] GC(1511) ParOldGen: 85553K->85577K(1398272K)
[353.124s][info][gc,metaspace   ] GC(1511) Metaspace: 20674K(21376K)->20674K(21376K) NonClass: 18265K(18688K)->18265K(18688K) Class: 2408K(2688K)->2408K(2688K)
[353.124s][info][gc             ] GC(1511) Pause Young (Allocation Failure) 760M->85M(2044M) 0.934ms
[353.124s][info][gc,cpu         ] GC(1511) User=0.00s Sys=0.00s Real=0.00s
[353.357s][info][gc,start       ] GC(1512) Pause Young (Allocation Failure)
[353.358s][info][gc,heap        ] GC(1512) PSYoungGen: 692264K->928K(694784K)
[353.358s][info][gc,heap        ] GC(1512) ParOldGen: 85577K->85577K(1398272K)
[353.358s][info][gc,metaspace   ] GC(1512) Metaspace: 20674K(21376K)->20674K(21376K) NonClass: 18265K(18688K)->18265K(18688K) Class: 2408K(2688K)->2408K(2688K)
[353.358s][info][gc             ] GC(1512) Pause Young (Allocation Failure) 759M->84M(2044M) 0.922ms
[353.358s][info][gc,cpu         ] GC(1512) User=0.00s Sys=0.00s Real=0.00s
[353.613s][info][gc,start       ] GC(1513) Pause Young (Allocation Failure)
[353.613s][info][gc,heap        ] GC(1513) PSYoungGen: 691616K->192K(694784K)
[353.613s][info][gc,heap        ] GC(1513) ParOldGen: 85577K->85577K(1398272K)
[353.613s][info][gc,metaspace   ] GC(1513) Metaspace: 20674K(21376K)->20674K(21376K) NonClass: 18265K(18688K)->18265K(18688K) Class: 2408K(2688K)->2408K(2688K)
[353.613s][info][gc             ] GC(1513) Pause Young (Allocation Failure) 758M->83M(2044M) 0.470ms
[353.613s][info][gc,cpu         ] GC(1513) User=0.00s Sys=0.00s Real=0.00s
[353.836s][info][gc,start       ] GC(1514) Pause Young (Allocation Failure)
[353.837s][info][gc,heap        ] GC(1514) PSYoungGen: 690880K->2511K(694784K)
[353.837s][info][gc,heap        ] GC(1514) ParOldGen: 85577K->85601K(1398272K)
[353.837s][info][gc,metaspace   ] GC(1514) Metaspace: 20674K(21376K)->20674K(21376K) NonClass: 18265K(18688K)->18265K(18688K) Class: 2408K(2688K)->2408K(2688K)
[353.837s][info][gc             ] GC(1514) Pause Young (Allocation Failure) 758M->86M(2044M) 1.615ms
[353.837s][info][gc,cpu         ] GC(1514) User=0.00s Sys=0.00s Real=0.00s
[354.073s][info][gc,start       ] GC(1515) Pause Young (Allocation Failure)
[354.074s][info][gc,heap        ] GC(1515) PSYoungGen: 693199K->1680K(694784K)
[354.074s][info][gc,heap        ] GC(1515) ParOldGen: 85601K->85601K(1398272K)
[354.074s][info][gc,metaspace   ] GC(1515) Metaspace: 20674K(21376K)->20674K(21376K) NonClass: 18265K(18688K)->18265K(18688K) Class: 2408K(2688K)->2408K(2688K)
[354.074s][info][gc             ] GC(1515) Pause Young (Allocation Failure) 760M->85M(2044M) 0.978ms
[354.074s][info][gc,cpu         ] GC(1515) User=0.00s Sys=0.00s Real=0.00s
[354.308s][info][gc,start       ] GC(1516) Pause Young (Allocation Failure)
[354.309s][info][gc,heap        ] GC(1516) PSYoungGen: 692368K->1196K(695296K)
[354.309s][info][gc,heap        ] GC(1516) ParOldGen: 85601K->85601K(1398272K)
[354.309s][info][gc,metaspace   ] GC(1516) Metaspace: 20674K(21376K)->20674K(21376K) NonClass: 18265K(18688K)->18265K(18688K) Class: 2408K(2688K)->2408K(2688K)
[354.309s][info][gc             ] GC(1516) Pause Young (Allocation Failure) 759M->84M(2044M) 0.648ms
[354.309s][info][gc,cpu         ] GC(1516) User=0.00s Sys=0.00s Real=0.00s
[354.547s][info][gc,start       ] GC(1517) Pause Young (Allocation Failure)
[354.547s][info][gc,heap        ] GC(1517) PSYoungGen: 692396K->224K(694784K)
[354.547s][info][gc,heap        ] GC(1517) ParOldGen: 85601K->85601K(1398272K)
[354.547s][info][gc,metaspace   ] GC(1517) Metaspace: 20674K(21376K)->20674K(21376K) NonClass: 18265K(18688K)->18265K(18688K) Class: 2408K(2688K)->2408K(2688K)
[354.547s][info][gc             ] GC(1517) Pause Young (Allocation Failure) 759M->83M(2044M) 0.483ms
[354.547s][info][gc,cpu         ] GC(1517) User=0.00s Sys=0.00s Real=0.00s
[354.784s][info][gc,start       ] GC(1518) Pause Young (Allocation Failure)
[354.785s][info][gc,heap        ] GC(1518) PSYoungGen: 691328K->2455K(694272K)
[354.785s][info][gc,heap        ] GC(1518) ParOldGen: 85601K->85625K(1398272K)
[354.785s][info][gc,metaspace   ] GC(1518) Metaspace: 20674K(21376K)->20674K(21376K) NonClass: 18265K(18688K)->18265K(18688K) Class: 2408K(2688K)->2408K(2688K)
[354.785s][info][gc             ] GC(1518) Pause Young (Allocation Failure) 758M->86M(2043M) 1.231ms
[354.785s][info][gc,cpu         ] GC(1518) User=0.00s Sys=0.00s Real=0.00s
[355.025s][info][gc,start       ] GC(1519) Pause Young (Allocation Failure)
[355.025s][info][gc,heap        ] GC(1519) PSYoungGen: 693143K->1970K(694784K)
[355.025s][info][gc,heap        ] GC(1519) ParOldGen: 85625K->85625K(1398272K)
[355.025s][info][gc,metaspace   ] GC(1519) Metaspace: 20674K(21376K)->20674K(21376K) NonClass: 18265K(18688K)->18265K(18688K) Class: 2408K(2688K)->2408K(2688K)
[355.025s][info][gc             ] GC(1519) Pause Young (Allocation Failure) 760M->85M(2044M) 0.949ms
[355.025s][info][gc,cpu         ] GC(1519) User=0.00s Sys=0.00s Real=0.00s
[355.261s][info][gc,start       ] GC(1520) Pause Young (Allocation Failure)
[355.262s][info][gc,heap        ] GC(1520) PSYoungGen: 692658K->1396K(695296K)
[355.262s][info][gc,heap        ] GC(1520) ParOldGen: 85625K->85625K(1398272K)
[355.262s][info][gc,metaspace   ] GC(1520) Metaspace: 20674K(21376K)->20674K(21376K) NonClass: 18265K(18688K)->18265K(18688K) Class: 2408K(2688K)->2408K(2688K)
[355.262s][info][gc             ] GC(1520) Pause Young (Allocation Failure) 760M->84M(2044M) 0.645ms
[355.262s][info][gc,cpu         ] GC(1520) User=0.00s Sys=0.00s Real=0.00s
[355.495s][info][gc,start       ] GC(1521) Pause Young (Allocation Failure)
[355.495s][info][gc,heap        ] GC(1521) PSYoungGen: 692596K->537K(694784K)
[355.495s][info][gc,heap        ] GC(1521) ParOldGen: 85625K->85641K(1398272K)
[355.495s][info][gc,metaspace   ] GC(1521) Metaspace: 20674K(21376K)->20674K(21376K) NonClass: 18265K(18688K)->18265K(18688K) Class: 2408K(2688K)->2408K(2688K)
[355.495s][info][gc             ] GC(1521) Pause Young (Allocation Failure) 759M->84M(2044M) 0.536ms
[355.495s][info][gc,cpu         ] GC(1521) User=0.00s Sys=0.00s Real=0.00s
[355.730s][info][gc,start       ] GC(1522) Pause Young (Allocation Failure)
[355.731s][info][gc,heap        ] GC(1522) PSYoungGen: 691707K->2829K(694272K)
[355.731s][info][gc,heap        ] GC(1522) ParOldGen: 85641K->85641K(1398272K)
[355.731s][info][gc,metaspace   ] GC(1522) Metaspace: 20674K(21376K)->20674K(21376K) NonClass: 18265K(18688K)->18265K(18688K) Class: 2408K(2688K)->2408K(2688K)
[355.731s][info][gc             ] GC(1522) Pause Young (Allocation Failure) 759M->86M(2043M) 1.099ms
[355.731s][info][gc,cpu         ] GC(1522) User=0.00s Sys=0.00s Real=0.00s
[355.962s][info][gc,start       ] GC(1523) Pause Young (Allocation Failure)
[355.963s][info][gc,heap        ] GC(1523) PSYoungGen: 693517K->2402K(694784K)
[355.963s][info][gc,heap        ] GC(1523) ParOldGen: 85641K->85641K(1398272K)
[355.963s][info][gc,metaspace   ] GC(1523) Metaspace: 20674K(21376K)->20674K(21376K) NonClass: 18265K(18688K)->18265K(18688K) Class: 2408K(2688K)->2408K(2688K)
[355.963s][info][gc             ] GC(1523) Pause Young (Allocation Failure) 760M->85M(2044M) 0.765ms
[355.963s][info][gc,cpu         ] GC(1523) User=0.00s Sys=0.00s Real=0.00s
[356.089s][info][gc,start       ] GC(1524) Pause Young (System.gc())
[356.089s][info][gc,heap        ] GC(1524) PSYoungGen: 374698K->96K(694784K)
[356.089s][info][gc,heap        ] GC(1524) ParOldGen: 85641K->85641K(1398272K)
[356.089s][info][gc,metaspace   ] GC(1524) Metaspace: 20674K(21376K)->20674K(21376K) NonClass: 18265K(18688K)->18265K(18688K) Class: 2408K(2688K)->2408K(2688K)
[356.089s][info][gc             ] GC(1524) Pause Young (System.gc()) 449M->83M(2044M) 0.523ms
[356.089s][info][gc,cpu         ] GC(1524) User=0.00s Sys=0.00s Real=0.00s
[356.089s][info][gc,start       ] GC(1525) Pause Full (System.gc())
[356.090s][info][gc,phases,start] GC(1525) Marking Phase
[356.146s][info][gc,phases      ] GC(1525) Marking Phase 56.434ms
[356.146s][info][gc,phases,start] GC(1525) Summary Phase
[356.146s][info][gc,phases      ] GC(1525) Summary Phase 0.010ms
[356.146s][info][gc,phases,start] GC(1525) Adjust Roots
[356.147s][info][gc,phases      ] GC(1525) Adjust Roots 1.381ms
[356.147s][info][gc,phases,start] GC(1525) Compaction Phase
[356.161s][info][gc,phases      ] GC(1525) Compaction Phase 13.997ms
[356.161s][info][gc,phases,start] GC(1525) Post Compact
[356.162s][info][gc,phases      ] GC(1525) Post Compact 0.529ms
[356.162s][info][gc,heap        ] GC(1525) PSYoungGen: 96K->0K(694784K)
[356.162s][info][gc,heap        ] GC(1525) ParOldGen: 85641K->85553K(1398272K)
[356.162s][info][gc,metaspace   ] GC(1525) Metaspace: 20674K(21376K)->20674K(21376K) NonClass: 18265K(18688K)->18265K(18688K) Class: 2408K(2688K)->2408K(2688K)
[356.162s][info][gc             ] GC(1525) Pause Full (System.gc()) 83M->83M(2044M) 72.609ms
[356.162s][info][gc,cpu         ] GC(1525) User=0.39s Sys=0.00s Real=0.07s
[356.395s][info][gc,start       ] GC(1526) Pause Young (Allocation Failure)
[356.396s][info][gc,heap        ] GC(1526) PSYoungGen: 690688K->2585K(694784K)
[356.396s][info][gc,heap        ] GC(1526) ParOldGen: 85553K->85553K(1398272K)
[356.396s][info][gc,metaspace   ] GC(1526) Metaspace: 20674K(21376K)->20674K(21376K) NonClass: 18265K(18688K)->18265K(18688K) Class: 2408K(2688K)->2408K(2688K)
[356.396s][info][gc             ] GC(1526) Pause Young (Allocation Failure) 758M->86M(2044M) 0.976ms
[356.396s][info][gc,cpu         ] GC(1526) User=0.00s Sys=0.00s Real=0.00s
[356.634s][info][gc,start       ] GC(1527) Pause Young (Allocation Failure)
[356.635s][info][gc,heap        ] GC(1527) PSYoungGen: 693273K->1720K(694784K)
[356.635s][info][gc,heap        ] GC(1527) ParOldGen: 85553K->85577K(1398272K)
[356.635s][info][gc,metaspace   ] GC(1527) Metaspace: 20674K(21376K)->20674K(21376K) NonClass: 18265K(18688K)->18265K(18688K) Class: 2408K(2688K)->2408K(2688K)
[356.635s][info][gc             ] GC(1527) Pause Young (Allocation Failure) 760M->85M(2044M) 0.986ms
[356.635s][info][gc,cpu         ] GC(1527) User=0.00s Sys=0.00s Real=0.00s
[356.862s][info][gc,start       ] GC(1528) Pause Young (Allocation Failure)
[356.863s][info][gc,heap        ] GC(1528) PSYoungGen: 692408K->1039K(694784K)
[356.863s][info][gc,heap        ] GC(1528) ParOldGen: 85577K->85577K(1398272K)
[356.863s][info][gc,metaspace   ] GC(1528) Metaspace: 20674K(21376K)->20674K(21376K) NonClass: 18265K(18688K)->18265K(18688K) Class: 2408K(2688K)->2408K(2688K)
[356.863s][info][gc             ] GC(1528) Pause Young (Allocation Failure) 759M->84M(2044M) 0.701ms
[356.863s][info][gc,cpu         ] GC(1528) User=0.00s Sys=0.00s Real=0.00s
[357.089s][info][gc,start       ] GC(1529) Pause Young (Allocation Failure)
[357.089s][info][gc,heap        ] GC(1529) PSYoungGen: 691727K->192K(694784K)
[357.089s][info][gc,heap        ] GC(1529) ParOldGen: 85577K->85577K(1398272K)
[357.089s][info][gc,metaspace   ] GC(1529) Metaspace: 20674K(21376K)->20674K(21376K) NonClass: 18265K(18688K)->18265K(18688K) Class: 2408K(2688K)->2408K(2688K)
[357.089s][info][gc             ] GC(1529) Pause Young (Allocation Failure) 759M->83M(2044M) 0.512ms
[357.089s][info][gc,cpu         ] GC(1529) User=0.00s Sys=0.00s Real=0.00s
[357.310s][info][gc,start       ] GC(1530) Pause Young (Allocation Failure)
[357.310s][info][gc,heap        ] GC(1530) PSYoungGen: 690880K->2288K(694784K)
[357.310s][info][gc,heap        ] GC(1530) ParOldGen: 85577K->85593K(1398272K)
[357.310s][info][gc,metaspace   ] GC(1530) Metaspace: 20674K(21376K)->20674K(21376K) NonClass: 18265K(18688K)->18265K(18688K) Class: 2408K(2688K)->2408K(2688K)
[357.311s][info][gc             ] GC(1530) Pause Young (Allocation Failure) 758M->85M(2044M) 0.919ms
[357.311s][info][gc,cpu         ] GC(1530) User=0.02s Sys=0.00s Real=0.00s
[357.543s][info][gc,start       ] GC(1531) Pause Young (Allocation Failure)
[357.544s][info][gc,heap        ] GC(1531) PSYoungGen: 692976K->1514K(694784K)
[357.544s][info][gc,heap        ] GC(1531) ParOldGen: 85593K->85593K(1398272K)
[357.544s][info][gc,metaspace   ] GC(1531) Metaspace: 20674K(21376K)->20674K(21376K) NonClass: 18265K(18688K)->18265K(18688K) Class: 2408K(2688K)->2408K(2688K)
[357.544s][info][gc             ] GC(1531) Pause Young (Allocation Failure) 760M->85M(2044M) 0.892ms
[357.544s][info][gc,cpu         ] GC(1531) User=0.00s Sys=0.00s Real=0.00s
[357.784s][info][gc,start       ] GC(1532) Pause Young (Allocation Failure)
[357.784s][info][gc,heap        ] GC(1532) PSYoungGen: 692202K->1271K(694784K)
[357.784s][info][gc,heap        ] GC(1532) ParOldGen: 85593K->85593K(1398272K)
[357.784s][info][gc,metaspace   ] GC(1532) Metaspace: 20674K(21376K)->20674K(21376K) NonClass: 18265K(18688K)->18265K(18688K) Class: 2408K(2688K)->2408K(2688K)
[357.784s][info][gc             ] GC(1532) Pause Young (Allocation Failure) 759M->84M(2044M) 0.807ms
[357.784s][info][gc,cpu         ] GC(1532) User=0.00s Sys=0.00s Real=0.00s
[358.023s][info][gc,start       ] GC(1533) Pause Young (Allocation Failure)
[358.024s][info][gc,heap        ] GC(1533) PSYoungGen: 691959K->288K(695296K)
[358.024s][info][gc,heap        ] GC(1533) ParOldGen: 85593K->85593K(1398272K)
[358.024s][info][gc,metaspace   ] GC(1533) Metaspace: 20674K(21376K)->20674K(21376K) NonClass: 18265K(18688K)->18265K(18688K) Class: 2408K(2688K)->2408K(2688K)
[358.024s][info][gc             ] GC(1533) Pause Young (Allocation Failure) 759M->83M(2044M) 0.517ms
[358.024s][info][gc,cpu         ] GC(1533) User=0.00s Sys=0.00s Real=0.00s
[358.262s][info][gc,start       ] GC(1534) Pause Young (Allocation Failure)
[358.263s][info][gc,heap        ] GC(1534) PSYoungGen: 691881K->2872K(694784K)
[358.263s][info][gc,heap        ] GC(1534) ParOldGen: 85593K->85617K(1398272K)
[358.263s][info][gc,metaspace   ] GC(1534) Metaspace: 20674K(21376K)->20674K(21376K) NonClass: 18265K(18688K)->18265K(18688K) Class: 2408K(2688K)->2408K(2688K)
[358.263s][info][gc             ] GC(1534) Pause Young (Allocation Failure) 759M->86M(2044M) 1.381ms
[358.263s][info][gc,cpu         ] GC(1534) User=0.00s Sys=0.00s Real=0.00s
[358.508s][info][gc,start       ] GC(1535) Pause Young (Allocation Failure)
[358.509s][info][gc,heap        ] GC(1535) PSYoungGen: 694584K->2427K(694784K)
[358.509s][info][gc,heap        ] GC(1535) ParOldGen: 85617K->85617K(1398272K)
[358.509s][info][gc,metaspace   ] GC(1535) Metaspace: 20674K(21376K)->20674K(21376K) NonClass: 18265K(18688K)->18265K(18688K) Class: 2408K(2688K)->2408K(2688K)
[358.509s][info][gc             ] GC(1535) Pause Young (Allocation Failure) 761M->85M(2044M) 0.881ms
[358.509s][info][gc,cpu         ] GC(1535) User=0.00s Sys=0.00s Real=0.00s
[358.770s][info][gc,start       ] GC(1536) Pause Young (Allocation Failure)
[358.771s][info][gc,heap        ] GC(1536) PSYoungGen: 693115K->1703K(694784K)
[358.771s][info][gc,heap        ] GC(1536) ParOldGen: 85617K->85617K(1398272K)
[358.771s][info][gc,metaspace   ] GC(1536) Metaspace: 20677K(21376K)->20677K(21376K) NonClass: 18268K(18688K)->18268K(18688K) Class: 2408K(2688K)->2408K(2688K)
[358.771s][info][gc             ] GC(1536) Pause Young (Allocation Failure) 760M->85M(2044M) 0.860ms
[358.771s][info][gc,cpu         ] GC(1536) User=0.00s Sys=0.00s Real=0.00s
[359.024s][info][gc,start       ] GC(1537) Pause Young (Allocation Failure)
[359.024s][info][gc,heap        ] GC(1537) PSYoungGen: 692391K->697K(694784K)
[359.024s][info][gc,heap        ] GC(1537) ParOldGen: 85617K->85641K(1398272K)
[359.024s][info][gc,metaspace   ] GC(1537) Metaspace: 20677K(21376K)->20677K(21376K) NonClass: 18268K(18688K)->18268K(18688K) Class: 2408K(2688K)->2408K(2688K)
[359.024s][info][gc             ] GC(1537) Pause Young (Allocation Failure) 759M->84M(2044M) 0.565ms
[359.024s][info][gc,cpu         ] GC(1537) User=0.00s Sys=0.00s Real=0.00s
[359.259s][info][gc,start       ] GC(1538) Pause Young (Allocation Failure)
[359.260s][info][gc,heap        ] GC(1538) PSYoungGen: 691327K->2339K(694784K)
[359.260s][info][gc,heap        ] GC(1538) ParOldGen: 85641K->85641K(1398272K)
[359.260s][info][gc,metaspace   ] GC(1538) Metaspace: 20677K(21376K)->20677K(21376K) NonClass: 18268K(18688K)->18268K(18688K) Class: 2408K(2688K)->2408K(2688K)
[359.261s][info][gc             ] GC(1538) Pause Young (Allocation Failure) 758M->85M(2044M) 1.378ms
[359.261s][info][gc,cpu         ] GC(1538) User=0.00s Sys=0.00s Real=0.00s
[359.495s][info][gc,start       ] GC(1539) Pause Young (Allocation Failure)
[359.496s][info][gc,heap        ] GC(1539) PSYoungGen: 693027K->2154K(694784K)
[359.496s][info][gc,heap        ] GC(1539) ParOldGen: 85641K->85641K(1398272K)
[359.496s][info][gc,metaspace   ] GC(1539) Metaspace: 20677K(21376K)->20677K(21376K) NonClass: 18268K(18688K)->18268K(18688K) Class: 2408K(2688K)->2408K(2688K)
[359.496s][info][gc             ] GC(1539) Pause Young (Allocation Failure) 760M->85M(2044M) 0.873ms
[359.496s][info][gc,cpu         ] GC(1539) User=0.00s Sys=0.00s Real=0.00s
[359.662s][info][gc,start       ] GC(1540) Pause Young (System.gc())
[359.663s][info][gc,heap        ] GC(1540) PSYoungGen: 372609K->64K(694784K)
[359.663s][info][gc,heap        ] GC(1540) ParOldGen: 85641K->85641K(1398272K)
[359.663s][info][gc,metaspace   ] GC(1540) Metaspace: 20678K(21376K)->20678K(21376K) NonClass: 18270K(18688K)->18270K(18688K) Class: 2408K(2688K)->2408K(2688K)
[359.663s][info][gc             ] GC(1540) Pause Young (System.gc()) 447M->83M(2044M) 0.974ms
[359.663s][info][gc,cpu         ] GC(1540) User=0.00s Sys=0.00s Real=0.00s
[359.663s][info][gc,start       ] GC(1541) Pause Full (System.gc())
[359.663s][info][gc,phases,start] GC(1541) Marking Phase
[359.715s][info][gc,phases      ] GC(1541) Marking Phase 51.919ms
[359.715s][info][gc,phases,start] GC(1541) Summary Phase
[359.715s][info][gc,phases      ] GC(1541) Summary Phase 0.012ms
[359.715s][info][gc,phases,start] GC(1541) Adjust Roots
[359.717s][info][gc,phases      ] GC(1541) Adjust Roots 1.883ms
[359.717s][info][gc,phases,start] GC(1541) Compaction Phase
[359.732s][info][gc,phases      ] GC(1541) Compaction Phase 14.799ms
[359.732s][info][gc,phases,start] GC(1541) Post Compact
[359.733s][info][gc,phases      ] GC(1541) Post Compact 0.750ms
[359.733s][info][gc,heap        ] GC(1541) PSYoungGen: 64K->0K(694784K)
[359.733s][info][gc,heap        ] GC(1541) ParOldGen: 85641K->85553K(1398272K)
[359.733s][info][gc,metaspace   ] GC(1541) Metaspace: 20678K(21376K)->20678K(21376K) NonClass: 18270K(18688K)->18270K(18688K) Class: 2408K(2688K)->2408K(2688K)
[359.733s][info][gc             ] GC(1541) Pause Full (System.gc()) 83M->83M(2044M) 69.727ms
[359.733s][info][gc,cpu         ] GC(1541) User=0.17s Sys=0.00s Real=0.07s
[359.961s][info][gc,start       ] GC(1542) Pause Young (Allocation Failure)
[359.962s][info][gc,heap        ] GC(1542) PSYoungGen: 690688K->2282K(694784K)
[359.963s][info][gc,heap        ] GC(1542) ParOldGen: 85553K->85553K(1398272K)
[359.963s][info][gc,metaspace   ] GC(1542) Metaspace: 20683K(21376K)->20683K(21376K) NonClass: 18275K(18688K)->18275K(18688K) Class: 2408K(2688K)->2408K(2688K)
[359.963s][info][gc             ] GC(1542) Pause Young (Allocation Failure) 758M->85M(2044M) 1.284ms
[359.963s][info][gc,cpu         ] GC(1542) User=0.00s Sys=0.00s Real=0.00s
[360.207s][info][gc,start       ] GC(1543) Pause Young (Allocation Failure)
[360.208s][info][gc,heap        ] GC(1543) PSYoungGen: 692970K->1731K(694784K)
[360.208s][info][gc,heap        ] GC(1543) ParOldGen: 85553K->85577K(1398272K)
[360.208s][info][gc,metaspace   ] GC(1543) Metaspace: 20683K(21376K)->20683K(21376K) NonClass: 18275K(18688K)->18275K(18688K) Class: 2408K(2688K)->2408K(2688K)
[360.208s][info][gc             ] GC(1543) Pause Young (Allocation Failure) 760M->85M(2044M) 0.816ms
[360.208s][info][gc,cpu         ] GC(1543) User=0.00s Sys=0.00s Real=0.00s
[360.440s][info][gc,start       ] GC(1544) Pause Young (Allocation Failure)
[360.440s][info][gc,heap        ] GC(1544) PSYoungGen: 692419K->952K(694784K)
[360.440s][info][gc,heap        ] GC(1544) ParOldGen: 85577K->85577K(1398272K)
[360.440s][info][gc,metaspace   ] GC(1544) Metaspace: 20683K(21376K)->20683K(21376K) NonClass: 18275K(18688K)->18275K(18688K) Class: 2408K(2688K)->2408K(2688K)
[360.440s][info][gc             ] GC(1544) Pause Young (Allocation Failure) 759M->84M(2044M) 0.596ms
[360.440s][info][gc,cpu         ] GC(1544) User=0.00s Sys=0.00s Real=0.00s
[360.701s][info][gc,start       ] GC(1545) Pause Young (Allocation Failure)
[360.702s][info][gc,heap        ] GC(1545) PSYoungGen: 691640K->320K(694784K)
[360.702s][info][gc,heap        ] GC(1545) ParOldGen: 85577K->85577K(1398272K)
[360.702s][info][gc,metaspace   ] GC(1545) Metaspace: 20683K(21376K)->20683K(21376K) NonClass: 18275K(18688K)->18275K(18688K) Class: 2408K(2688K)->2408K(2688K)
[360.702s][info][gc             ] GC(1545) Pause Young (Allocation Failure) 759M->83M(2044M) 0.557ms
[360.702s][info][gc,cpu         ] GC(1545) User=0.00s Sys=0.00s Real=0.00s
[360.949s][info][gc,start       ] GC(1546) Pause Young (Allocation Failure)
[360.950s][info][gc,heap        ] GC(1546) PSYoungGen: 690987K->2512K(694784K)
[360.950s][info][gc,heap        ] GC(1546) ParOldGen: 85577K->85593K(1398272K)
[360.950s][info][gc,metaspace   ] GC(1546) Metaspace: 20683K(21376K)->20683K(21376K) NonClass: 18275K(18688K)->18275K(18688K) Class: 2408K(2688K)->2408K(2688K)
[360.950s][info][gc             ] GC(1546) Pause Young (Allocation Failure) 758M->86M(2044M) 1.192ms
[360.950s][info][gc,cpu         ] GC(1546) User=0.00s Sys=0.00s Real=0.00s
[361.192s][info][gc,start       ] GC(1547) Pause Young (Allocation Failure)
[361.192s][info][gc,heap        ] GC(1547) PSYoungGen: 693200K->2105K(694784K)
[361.192s][info][gc,heap        ] GC(1547) ParOldGen: 85593K->85593K(1398272K)
[361.192s][info][gc,metaspace   ] GC(1547) Metaspace: 20683K(21376K)->20683K(21376K) NonClass: 18275K(18688K)->18275K(18688K) Class: 2408K(2688K)->2408K(2688K)
[361.192s][info][gc             ] GC(1547) Pause Young (Allocation Failure) 760M->85M(2044M) 0.709ms
[361.193s][info][gc,cpu         ] GC(1547) User=0.00s Sys=0.00s Real=0.00s
[361.435s][info][gc,start       ] GC(1548) Pause Young (Allocation Failure)
[361.436s][info][gc,heap        ] GC(1548) PSYoungGen: 692793K->1419K(695296K)
[361.436s][info][gc,heap        ] GC(1548) ParOldGen: 85593K->85593K(1398272K)
[361.436s][info][gc,metaspace   ] GC(1548) Metaspace: 20683K(21376K)->20683K(21376K) NonClass: 18275K(18688K)->18275K(18688K) Class: 2408K(2688K)->2408K(2688K)
[361.436s][info][gc             ] GC(1548) Pause Young (Allocation Failure) 760M->84M(2044M) 0.816ms
[361.436s][info][gc,cpu         ] GC(1548) User=0.00s Sys=0.00s Real=0.00s
[361.686s][info][gc,start       ] GC(1549) Pause Young (Allocation Failure)
[361.687s][info][gc,heap        ] GC(1549) PSYoungGen: 692619K->874K(694784K)
[361.687s][info][gc,heap        ] GC(1549) ParOldGen: 85593K->85593K(1398272K)
[361.687s][info][gc,metaspace   ] GC(1549) Metaspace: 20683K(21376K)->20683K(21376K) NonClass: 18275K(18688K)->18275K(18688K) Class: 2408K(2688K)->2408K(2688K)
[361.687s][info][gc             ] GC(1549) Pause Young (Allocation Failure) 759M->84M(2044M) 0.575ms
[361.687s][info][gc,cpu         ] GC(1549) User=0.00s Sys=0.00s Real=0.00s
[361.917s][info][gc,start       ] GC(1550) Pause Young (Allocation Failure)
[361.919s][info][gc,heap        ] GC(1550) PSYoungGen: 692074K->3023K(694272K)
[361.919s][info][gc,heap        ] GC(1550) ParOldGen: 85593K->85617K(1398272K)
[361.919s][info][gc,metaspace   ] GC(1550) Metaspace: 20683K(21376K)->20683K(21376K) NonClass: 18275K(18688K)->18275K(18688K) Class: 2408K(2688K)->2408K(2688K)
[361.919s][info][gc             ] GC(1550) Pause Young (Allocation Failure) 759M->86M(2043M) 2.016ms
[361.919s][info][gc,cpu         ] GC(1550) User=0.00s Sys=0.00s Real=0.00s
[362.151s][info][gc,start       ] GC(1551) Pause Young (Allocation Failure)
[362.152s][info][gc,heap        ] GC(1551) PSYoungGen: 693711K->2317K(694784K)
[362.152s][info][gc,heap        ] GC(1551) ParOldGen: 85617K->85617K(1398272K)
[362.152s][info][gc,metaspace   ] GC(1551) Metaspace: 20683K(21376K)->20683K(21376K) NonClass: 18275K(18688K)->18275K(18688K) Class: 2408K(2688K)->2408K(2688K)
[362.152s][info][gc             ] GC(1551) Pause Young (Allocation Failure) 761M->85M(2044M) 1.101ms
[362.152s][info][gc,cpu         ] GC(1551) User=0.00s Sys=0.00s Real=0.00s
[362.394s][info][gc,start       ] GC(1552) Pause Young (Allocation Failure)
[362.395s][info][gc,heap        ] GC(1552) PSYoungGen: 693005K->1821K(694784K)
[362.395s][info][gc,heap        ] GC(1552) ParOldGen: 85617K->85617K(1398272K)
[362.395s][info][gc,metaspace   ] GC(1552) Metaspace: 20683K(21376K)->20683K(21376K) NonClass: 18275K(18688K)->18275K(18688K) Class: 2408K(2688K)->2408K(2688K)
[362.395s][info][gc             ] GC(1552) Pause Young (Allocation Failure) 760M->85M(2044M) 0.932ms
[362.395s][info][gc,cpu         ] GC(1552) User=0.00s Sys=0.00s Real=0.00s
[362.635s][info][gc,start       ] GC(1553) Pause Young (Allocation Failure)
[362.636s][info][gc,heap        ] GC(1553) PSYoungGen: 692509K->1021K(694784K)
[362.636s][info][gc,heap        ] GC(1553) ParOldGen: 85617K->85641K(1398272K)
[362.636s][info][gc,metaspace   ] GC(1553) Metaspace: 20683K(21376K)->20683K(21376K) NonClass: 18275K(18688K)->18275K(18688K) Class: 2408K(2688K)->2408K(2688K)
[362.636s][info][gc             ] GC(1553) Pause Young (Allocation Failure) 759M->84M(2044M) 0.591ms
[362.636s][info][gc,cpu         ] GC(1553) User=0.00s Sys=0.00s Real=0.00s
[362.866s][info][gc,start       ] GC(1554) Pause Young (Allocation Failure)
[362.866s][info][gc,heap        ] GC(1554) PSYoungGen: 691709K->192K(694784K)
[362.866s][info][gc,heap        ] GC(1554) ParOldGen: 85641K->85641K(1398272K)
[362.866s][info][gc,metaspace   ] GC(1554) Metaspace: 20683K(21376K)->20683K(21376K) NonClass: 18275K(18688K)->18275K(18688K) Class: 2408K(2688K)->2408K(2688K)
[362.866s][info][gc             ] GC(1554) Pause Young (Allocation Failure) 759M->83M(2044M) 0.474ms
[362.866s][info][gc,cpu         ] GC(1554) User=0.00s Sys=0.00s Real=0.00s
[363.088s][info][gc,start       ] GC(1555) Pause Young (Allocation Failure)
[363.089s][info][gc,heap        ] GC(1555) PSYoungGen: 690880K->2364K(694784K)
[363.089s][info][gc,heap        ] GC(1555) ParOldGen: 85641K->85641K(1398272K)
[363.089s][info][gc,metaspace   ] GC(1555) Metaspace: 20683K(21376K)->20683K(21376K) NonClass: 18275K(18688K)->18275K(18688K) Class: 2408K(2688K)->2408K(2688K)
[363.089s][info][gc             ] GC(1555) Pause Young (Allocation Failure) 758M->85M(2044M) 0.788ms
[363.089s][info][gc,cpu         ] GC(1555) User=0.00s Sys=0.00s Real=0.00s
[363.214s][info][gc,start       ] GC(1556) Pause Young (System.gc())
[363.215s][info][gc,heap        ] GC(1556) PSYoungGen: 371215K->64K(694784K)
[363.215s][info][gc,heap        ] GC(1556) ParOldGen: 85641K->85641K(1398272K)
[363.215s][info][gc,metaspace   ] GC(1556) Metaspace: 20683K(21376K)->20683K(21376K) NonClass: 18275K(18688K)->18275K(18688K) Class: 2408K(2688K)->2408K(2688K)
[363.215s][info][gc             ] GC(1556) Pause Young (System.gc()) 446M->83M(2044M) 0.622ms
[363.215s][info][gc,cpu         ] GC(1556) User=0.00s Sys=0.00s Real=0.00s
[363.215s][info][gc,start       ] GC(1557) Pause Full (System.gc())
[363.215s][info][gc,phases,start] GC(1557) Marking Phase
[363.271s][info][gc,phases      ] GC(1557) Marking Phase 55.946ms
[363.271s][info][gc,phases,start] GC(1557) Summary Phase
[363.271s][info][gc,phases      ] GC(1557) Summary Phase 0.011ms
[363.271s][info][gc,phases,start] GC(1557) Adjust Roots
[363.273s][info][gc,phases      ] GC(1557) Adjust Roots 1.452ms
[363.273s][info][gc,phases,start] GC(1557) Compaction Phase
[363.287s][info][gc,phases      ] GC(1557) Compaction Phase 14.140ms
[363.287s][info][gc,phases,start] GC(1557) Post Compact
[363.287s][info][gc,phases      ] GC(1557) Post Compact 0.530ms
[363.287s][info][gc,heap        ] GC(1557) PSYoungGen: 64K->0K(694784K)
[363.287s][info][gc,heap        ] GC(1557) ParOldGen: 85641K->85553K(1398272K)
[363.287s][info][gc,metaspace   ] GC(1557) Metaspace: 20683K(21376K)->20683K(21376K) NonClass: 18275K(18688K)->18275K(18688K) Class: 2408K(2688K)->2408K(2688K)
[363.287s][info][gc             ] GC(1557) Pause Full (System.gc()) 83M->83M(2044M) 72.386ms
[363.287s][info][gc,cpu         ] GC(1557) User=0.38s Sys=0.00s Real=0.07s
[363.516s][info][gc,start       ] GC(1558) Pause Young (Allocation Failure)
[363.517s][info][gc,heap        ] GC(1558) PSYoungGen: 690688K->2229K(694784K)
[363.517s][info][gc,heap        ] GC(1558) ParOldGen: 85553K->85553K(1398272K)
[363.517s][info][gc,metaspace   ] GC(1558) Metaspace: 20683K(21376K)->20683K(21376K) NonClass: 18275K(18688K)->18275K(18688K) Class: 2408K(2688K)->2408K(2688K)
[363.517s][info][gc             ] GC(1558) Pause Young (Allocation Failure) 758M->85M(2044M) 0.922ms
[363.517s][info][gc,cpu         ] GC(1558) User=0.00s Sys=0.00s Real=0.00s
[363.752s][info][gc,start       ] GC(1559) Pause Young (Allocation Failure)
[363.752s][info][gc,heap        ] GC(1559) PSYoungGen: 692917K->1680K(694784K)
[363.753s][info][gc,heap        ] GC(1559) ParOldGen: 85553K->85569K(1398272K)
[363.753s][info][gc,metaspace   ] GC(1559) Metaspace: 20683K(21376K)->20683K(21376K) NonClass: 18275K(18688K)->18275K(18688K) Class: 2408K(2688K)->2408K(2688K)
[363.753s][info][gc             ] GC(1559) Pause Young (Allocation Failure) 760M->85M(2044M) 0.705ms
[363.753s][info][gc,cpu         ] GC(1559) User=0.00s Sys=0.00s Real=0.00s
[363.987s][info][gc,start       ] GC(1560) Pause Young (Allocation Failure)
[363.987s][info][gc,heap        ] GC(1560) PSYoungGen: 692368K->1107K(694784K)
[363.987s][info][gc,heap        ] GC(1560) ParOldGen: 85569K->85569K(1398272K)
[363.987s][info][gc,metaspace   ] GC(1560) Metaspace: 20683K(21376K)->20683K(21376K) NonClass: 18275K(18688K)->18275K(18688K) Class: 2408K(2688K)->2408K(2688K)
[363.987s][info][gc             ] GC(1560) Pause Young (Allocation Failure) 759M->84M(2044M) 0.536ms
[363.987s][info][gc,cpu         ] GC(1560) User=0.00s Sys=0.00s Real=0.00s
[364.215s][info][gc,start       ] GC(1561) Pause Young (Allocation Failure)
[364.216s][info][gc,heap        ] GC(1561) PSYoungGen: 691795K->192K(695296K)
[364.216s][info][gc,heap        ] GC(1561) ParOldGen: 85569K->85569K(1398272K)
[364.216s][info][gc,metaspace   ] GC(1561) Metaspace: 20683K(21376K)->20683K(21376K) NonClass: 18275K(18688K)->18275K(18688K) Class: 2408K(2688K)->2408K(2688K)
[364.216s][info][gc             ] GC(1561) Pause Young (Allocation Failure) 759M->83M(2044M) 0.524ms
[364.216s][info][gc,cpu         ] GC(1561) User=0.00s Sys=0.00s Real=0.00s
[364.436s][info][gc,start       ] GC(1562) Pause Young (Allocation Failure)
[364.437s][info][gc,heap        ] GC(1562) PSYoungGen: 691904K->2361K(694272K)
[364.437s][info][gc,heap        ] GC(1562) ParOldGen: 85569K->85593K(1398272K)
[364.437s][info][gc,metaspace   ] GC(1562) Metaspace: 20683K(21376K)->20683K(21376K) NonClass: 18275K(18688K)->18275K(18688K) Class: 2408K(2688K)->2408K(2688K)
[364.437s][info][gc             ] GC(1562) Pause Young (Allocation Failure) 759M->85M(2043M) 0.956ms
[364.437s][info][gc,cpu         ] GC(1562) User=0.00s Sys=0.00s Real=0.00s
[364.671s][info][gc,start       ] GC(1563) Pause Young (Allocation Failure)
[364.672s][info][gc,heap        ] GC(1563) PSYoungGen: 694073K->1750K(694784K)
[364.672s][info][gc,heap        ] GC(1563) ParOldGen: 85593K->85593K(1398272K)
[364.672s][info][gc,metaspace   ] GC(1563) Metaspace: 20683K(21376K)->20683K(21376K) NonClass: 18275K(18688K)->18275K(18688K) Class: 2408K(2688K)->2408K(2688K)
[364.672s][info][gc             ] GC(1563) Pause Young (Allocation Failure) 761M->85M(2044M) 0.734ms
[364.672s][info][gc,cpu         ] GC(1563) User=0.00s Sys=0.00s Real=0.00s
[364.901s][info][gc,start       ] GC(1564) Pause Young (Allocation Failure)
[364.901s][info][gc,heap        ] GC(1564) PSYoungGen: 692438K->1041K(694784K)
[364.901s][info][gc,heap        ] GC(1564) ParOldGen: 85593K->85593K(1398272K)
[364.901s][info][gc,metaspace   ] GC(1564) Metaspace: 20683K(21376K)->20683K(21376K) NonClass: 18275K(18688K)->18275K(18688K) Class: 2408K(2688K)->2408K(2688K)
[364.902s][info][gc             ] GC(1564) Pause Young (Allocation Failure) 759M->84M(2044M) 0.593ms
[364.902s][info][gc,cpu         ] GC(1564) User=0.00s Sys=0.00s Real=0.00s
[365.132s][info][gc,start       ] GC(1565) Pause Young (Allocation Failure)
[365.132s][info][gc,heap        ] GC(1565) PSYoungGen: 691729K->416K(695296K)
[365.132s][info][gc,heap        ] GC(1565) ParOldGen: 85593K->85593K(1398272K)
[365.132s][info][gc,metaspace   ] GC(1565) Metaspace: 20683K(21376K)->20683K(21376K) NonClass: 18275K(18688K)->18275K(18688K) Class: 2408K(2688K)->2408K(2688K)
[365.132s][info][gc             ] GC(1565) Pause Young (Allocation Failure) 759M->83M(2044M) 0.487ms
[365.132s][info][gc,cpu         ] GC(1565) User=0.00s Sys=0.00s Real=0.00s
[365.355s][info][gc,start       ] GC(1566) Pause Young (Allocation Failure)
[365.356s][info][gc,heap        ] GC(1566) PSYoungGen: 692128K->2438K(694272K)
[365.356s][info][gc,heap        ] GC(1566) ParOldGen: 85593K->85617K(1398272K)
[365.356s][info][gc,metaspace   ] GC(1566) Metaspace: 20683K(21376K)->20683K(21376K) NonClass: 18275K(18688K)->18275K(18688K) Class: 2408K(2688K)->2408K(2688K)
[365.356s][info][gc             ] GC(1566) Pause Young (Allocation Failure) 759M->85M(2043M) 1.049ms
[365.356s][info][gc,cpu         ] GC(1566) User=0.00s Sys=0.00s Real=0.00s
[365.589s][info][gc,start       ] GC(1567) Pause Young (Allocation Failure)
[365.590s][info][gc,heap        ] GC(1567) PSYoungGen: 693965K->1838K(695296K)
[365.590s][info][gc,heap        ] GC(1567) ParOldGen: 85617K->85617K(1398272K)
[365.590s][info][gc,metaspace   ] GC(1567) Metaspace: 20683K(21376K)->20683K(21376K) NonClass: 18275K(18688K)->18275K(18688K) Class: 2408K(2688K)->2408K(2688K)
[365.590s][info][gc             ] GC(1567) Pause Young (Allocation Failure) 761M->85M(2044M) 0.972ms
[365.590s][info][gc,cpu         ] GC(1567) User=0.00s Sys=0.00s Real=0.00s
[365.816s][info][gc,start       ] GC(1568) Pause Young (Allocation Failure)
[365.817s][info][gc,heap        ] GC(1568) PSYoungGen: 693038K->1041K(694784K)
[365.817s][info][gc,heap        ] GC(1568) ParOldGen: 85617K->85617K(1398272K)
[365.817s][info][gc,metaspace   ] GC(1568) Metaspace: 20683K(21376K)->20683K(21376K) NonClass: 18275K(18688K)->18275K(18688K) Class: 2408K(2688K)->2408K(2688K)
[365.817s][info][gc             ] GC(1568) Pause Young (Allocation Failure) 760M->84M(2044M) 0.639ms
[365.817s][info][gc,cpu         ] GC(1568) User=0.00s Sys=0.00s Real=0.00s
[366.050s][info][gc,start       ] GC(1569) Pause Young (Allocation Failure)
[366.051s][info][gc,heap        ] GC(1569) PSYoungGen: 692241K->352K(695296K)
[366.051s][info][gc,heap        ] GC(1569) ParOldGen: 85617K->85633K(1398272K)
[366.051s][info][gc,metaspace   ] GC(1569) Metaspace: 20683K(21376K)->20683K(21376K) NonClass: 18275K(18688K)->18275K(18688K) Class: 2408K(2688K)->2408K(2688K)
[366.051s][info][gc             ] GC(1569) Pause Young (Allocation Failure) 759M->83M(2044M) 0.513ms
[366.051s][info][gc,cpu         ] GC(1569) User=0.00s Sys=0.00s Real=0.00s
[366.272s][info][gc,start       ] GC(1570) Pause Young (Allocation Failure)
[366.273s][info][gc,heap        ] GC(1570) PSYoungGen: 692064K->2374K(694272K)
[366.273s][info][gc,heap        ] GC(1570) ParOldGen: 85633K->85633K(1398272K)
[366.273s][info][gc,metaspace   ] GC(1570) Metaspace: 20683K(21376K)->20683K(21376K) NonClass: 18275K(18688K)->18275K(18688K) Class: 2408K(2688K)->2408K(2688K)
[366.273s][info][gc             ] GC(1570) Pause Young (Allocation Failure) 759M->85M(2043M) 1.337ms
[366.273s][info][gc,cpu         ] GC(1570) User=0.00s Sys=0.00s Real=0.00s
[366.506s][info][gc,start       ] GC(1571) Pause Young (Allocation Failure)
[366.507s][info][gc,heap        ] GC(1571) PSYoungGen: 694086K->1898K(695296K)
[366.507s][info][gc,heap        ] GC(1571) ParOldGen: 85633K->85633K(1398272K)
[366.507s][info][gc,metaspace   ] GC(1571) Metaspace: 20683K(21376K)->20683K(21376K) NonClass: 18275K(18688K)->18275K(18688K) Class: 2408K(2688K)->2408K(2688K)
[366.507s][info][gc             ] GC(1571) Pause Young (Allocation Failure) 761M->85M(2044M) 0.659ms
[366.507s][info][gc,cpu         ] GC(1571) User=0.00s Sys=0.00s Real=0.00s
[366.644s][info][gc,start       ] GC(1572) Pause Young (System.gc())
[366.644s][info][gc,heap        ] GC(1572) PSYoungGen: 379847K->64K(694784K)
[366.644s][info][gc,heap        ] GC(1572) ParOldGen: 85633K->85633K(1398272K)
[366.644s][info][gc,metaspace   ] GC(1572) Metaspace: 20683K(21376K)->20683K(21376K) NonClass: 18275K(18688K)->18275K(18688K) Class: 2408K(2688K)->2408K(2688K)
[366.644s][info][gc             ] GC(1572) Pause Young (System.gc()) 454M->83M(2044M) 0.725ms
[366.644s][info][gc,cpu         ] GC(1572) User=0.00s Sys=0.00s Real=0.00s
[366.644s][info][gc,start       ] GC(1573) Pause Full (System.gc())
[366.644s][info][gc,phases,start] GC(1573) Marking Phase
[366.708s][info][gc,phases      ] GC(1573) Marking Phase 63.354ms
[366.708s][info][gc,phases,start] GC(1573) Summary Phase
[366.708s][info][gc,phases      ] GC(1573) Summary Phase 0.027ms
[366.708s][info][gc,phases,start] GC(1573) Adjust Roots
[366.710s][info][gc,phases      ] GC(1573) Adjust Roots 1.742ms
[366.710s][info][gc,phases,start] GC(1573) Compaction Phase
[366.723s][info][gc,phases      ] GC(1573) Compaction Phase 13.026ms
[366.723s][info][gc,phases,start] GC(1573) Post Compact
[366.723s][info][gc,phases      ] GC(1573) Post Compact 0.581ms
[366.723s][info][gc,heap        ] GC(1573) PSYoungGen: 64K->0K(694784K)
[366.723s][info][gc,heap        ] GC(1573) ParOldGen: 85633K->85553K(1398272K)
[366.723s][info][gc,metaspace   ] GC(1573) Metaspace: 20683K(21376K)->20683K(21376K) NonClass: 18275K(18688K)->18275K(18688K) Class: 2408K(2688K)->2408K(2688K)
[366.723s][info][gc             ] GC(1573) Pause Full (System.gc()) 83M->83M(2044M) 79.054ms
[366.723s][info][gc,cpu         ] GC(1573) User=0.31s Sys=0.00s Real=0.08s
[366.955s][info][gc,start       ] GC(1574) Pause Young (Allocation Failure)
[366.956s][info][gc,heap        ] GC(1574) PSYoungGen: 691200K->2446K(694272K)
[366.956s][info][gc,heap        ] GC(1574) ParOldGen: 85553K->85553K(1398272K)
[366.956s][info][gc,metaspace   ] GC(1574) Metaspace: 20683K(21376K)->20683K(21376K) NonClass: 18275K(18688K)->18275K(18688K) Class: 2408K(2688K)->2408K(2688K)
[366.956s][info][gc             ] GC(1574) Pause Young (Allocation Failure) 758M->85M(2043M) 0.893ms
[366.956s][info][gc,cpu         ] GC(1574) User=0.00s Sys=0.00s Real=0.00s
[367.184s][info][gc,start       ] GC(1575) Pause Young (Allocation Failure)
[367.185s][info][gc,heap        ] GC(1575) PSYoungGen: 693134K->1611K(694784K)
[367.185s][info][gc,heap        ] GC(1575) ParOldGen: 85553K->85561K(1398272K)
[367.185s][info][gc,metaspace   ] GC(1575) Metaspace: 20683K(21376K)->20683K(21376K) NonClass: 18275K(18688K)->18275K(18688K) Class: 2408K(2688K)->2408K(2688K)
[367.185s][info][gc             ] GC(1575) Pause Young (Allocation Failure) 760M->85M(2044M) 0.649ms
[367.185s][info][gc,cpu         ] GC(1575) User=0.00s Sys=0.00s Real=0.00s
[367.408s][info][gc,start       ] GC(1576) Pause Young (Allocation Failure)
[367.408s][info][gc,heap        ] GC(1576) PSYoungGen: 692299K->729K(695296K)
[367.408s][info][gc,heap        ] GC(1576) ParOldGen: 85561K->85561K(1398272K)
[367.408s][info][gc,metaspace   ] GC(1576) Metaspace: 20683K(21376K)->20683K(21376K) NonClass: 18275K(18688K)->18275K(18688K) Class: 2408K(2688K)->2408K(2688K)
[367.408s][info][gc             ] GC(1576) Pause Young (Allocation Failure) 759M->84M(2044M) 0.734ms
[367.408s][info][gc,cpu         ] GC(1576) User=0.00s Sys=0.00s Real=0.00s
[367.638s][info][gc,start       ] GC(1577) Pause Young (Allocation Failure)
[367.639s][info][gc,heap        ] GC(1577) PSYoungGen: 691605K->2925K(694784K)
[367.639s][info][gc,heap        ] GC(1577) ParOldGen: 85561K->85561K(1398272K)
[367.639s][info][gc,metaspace   ] GC(1577) Metaspace: 20683K(21376K)->20683K(21376K) NonClass: 18275K(18688K)->18275K(18688K) Class: 2408K(2688K)->2408K(2688K)
[367.639s][info][gc             ] GC(1577) Pause Young (Allocation Failure) 758M->86M(2044M) 1.137ms
[367.639s][info][gc,cpu         ] GC(1577) User=0.00s Sys=0.00s Real=0.00s
[367.866s][info][gc,start       ] GC(1578) Pause Young (Allocation Failure)
[367.867s][info][gc,heap        ] GC(1578) PSYoungGen: 694125K->1896K(694784K)
[367.867s][info][gc,heap        ] GC(1578) ParOldGen: 85561K->85585K(1398272K)
[367.867s][info][gc,metaspace   ] GC(1578) Metaspace: 20683K(21376K)->20683K(21376K) NonClass: 18275K(18688K)->18275K(18688K) Class: 2408K(2688K)->2408K(2688K)
[367.867s][info][gc             ] GC(1578) Pause Young (Allocation Failure) 761M->85M(2044M) 0.981ms
[367.867s][info][gc,cpu         ] GC(1578) User=0.00s Sys=0.00s Real=0.00s
[368.100s][info][gc,start       ] GC(1579) Pause Young (Allocation Failure)
[368.101s][info][gc,heap        ] GC(1579) PSYoungGen: 692584K->1265K(694784K)
[368.101s][info][gc,heap        ] GC(1579) ParOldGen: 85585K->85585K(1398272K)
[368.101s][info][gc,metaspace   ] GC(1579) Metaspace: 20683K(21376K)->20683K(21376K) NonClass: 18275K(18688K)->18275K(18688K) Class: 2408K(2688K)->2408K(2688K)
[368.101s][info][gc             ] GC(1579) Pause Young (Allocation Failure) 759M->84M(2044M) 1.032ms
[368.101s][info][gc,cpu         ] GC(1579) User=0.00s Sys=0.00s Real=0.00s
[368.330s][info][gc,start       ] GC(1580) Pause Young (Allocation Failure)
[368.331s][info][gc,heap        ] GC(1580) PSYoungGen: 691953K->528K(695296K)
[368.331s][info][gc,heap        ] GC(1580) ParOldGen: 85585K->85585K(1398272K)
[368.331s][info][gc,metaspace   ] GC(1580) Metaspace: 20683K(21376K)->20683K(21376K) NonClass: 18275K(18688K)->18275K(18688K) Class: 2408K(2688K)->2408K(2688K)
[368.331s][info][gc             ] GC(1580) Pause Young (Allocation Failure) 759M->84M(2044M) 0.615ms
[368.331s][info][gc,cpu         ] GC(1580) User=0.00s Sys=0.00s Real=0.00s
[368.568s][info][gc,start       ] GC(1581) Pause Young (Allocation Failure)
[368.569s][info][gc,heap        ] GC(1581) PSYoungGen: 691728K->2733K(694784K)
[368.569s][info][gc,heap        ] GC(1581) ParOldGen: 85585K->85585K(1398272K)
[368.569s][info][gc,metaspace   ] GC(1581) Metaspace: 20683K(21376K)->20683K(21376K) NonClass: 18275K(18688K)->18275K(18688K) Class: 2408K(2688K)->2408K(2688K)
[368.569s][info][gc             ] GC(1581) Pause Young (Allocation Failure) 759M->86M(2044M) 1.118ms
[368.569s][info][gc,cpu         ] GC(1581) User=0.00s Sys=0.00s Real=0.00s
[368.800s][info][gc,start       ] GC(1582) Pause Young (Allocation Failure)
[368.801s][info][gc,heap        ] GC(1582) PSYoungGen: 693933K->2101K(694784K)
[368.801s][info][gc,heap        ] GC(1582) ParOldGen: 85585K->85593K(1398272K)
[368.801s][info][gc,metaspace   ] GC(1582) Metaspace: 20683K(21376K)->20683K(21376K) NonClass: 18275K(18688K)->18275K(18688K) Class: 2408K(2688K)->2408K(2688K)
[368.801s][info][gc             ] GC(1582) Pause Young (Allocation Failure) 761M->85M(2044M) 0.840ms
[368.801s][info][gc,cpu         ] GC(1582) User=0.00s Sys=0.00s Real=0.00s
[369.033s][info][gc,start       ] GC(1583) Pause Young (Allocation Failure)
[369.034s][info][gc,heap        ] GC(1583) PSYoungGen: 692789K->1524K(694784K)
[369.034s][info][gc,heap        ] GC(1583) ParOldGen: 85593K->85593K(1398272K)
[369.034s][info][gc,metaspace   ] GC(1583) Metaspace: 20683K(21376K)->20683K(21376K) NonClass: 18275K(18688K)->18275K(18688K) Class: 2408K(2688K)->2408K(2688K)
[369.034s][info][gc             ] GC(1583) Pause Young (Allocation Failure) 760M->85M(2044M) 0.766ms
[369.034s][info][gc,cpu         ] GC(1583) User=0.00s Sys=0.00s Real=0.00s
[369.265s][info][gc,start       ] GC(1584) Pause Young (Allocation Failure)
[369.265s][info][gc,heap        ] GC(1584) PSYoungGen: 692212K->535K(694784K)
[369.265s][info][gc,heap        ] GC(1584) ParOldGen: 85593K->85593K(1398272K)
[369.265s][info][gc,metaspace   ] GC(1584) Metaspace: 20683K(21376K)->20683K(21376K) NonClass: 18275K(18688K)->18275K(18688K) Class: 2408K(2688K)->2408K(2688K)
[369.265s][info][gc             ] GC(1584) Pause Young (Allocation Failure) 759M->84M(2044M) 0.645ms
[369.265s][info][gc,cpu         ] GC(1584) User=0.00s Sys=0.00s Real=0.00s
[369.488s][info][gc,start       ] GC(1585) Pause Young (Allocation Failure)
[369.490s][info][gc,heap        ] GC(1585) PSYoungGen: 691223K->2822K(694784K)
[369.490s][info][gc,heap        ] GC(1585) ParOldGen: 85593K->85609K(1398272K)
[369.490s][info][gc,metaspace   ] GC(1585) Metaspace: 20683K(21376K)->20683K(21376K) NonClass: 18275K(18688K)->18275K(18688K) Class: 2408K(2688K)->2408K(2688K)
[369.490s][info][gc             ] GC(1585) Pause Young (Allocation Failure) 758M->86M(2044M) 2.034ms
[369.490s][info][gc,cpu         ] GC(1585) User=0.00s Sys=0.00s Real=0.00s
[369.730s][info][gc,start       ] GC(1586) Pause Young (Allocation Failure)
[369.731s][info][gc,heap        ] GC(1586) PSYoungGen: 693510K->2092K(694784K)
[369.731s][info][gc,heap        ] GC(1586) ParOldGen: 85609K->85609K(1398272K)
[369.731s][info][gc,metaspace   ] GC(1586) Metaspace: 20683K(21376K)->20683K(21376K) NonClass: 18275K(18688K)->18275K(18688K) Class: 2408K(2688K)->2408K(2688K)
[369.731s][info][gc             ] GC(1586) Pause Young (Allocation Failure) 760M->85M(2044M) 0.704ms
[369.731s][info][gc,cpu         ] GC(1586) User=0.00s Sys=0.00s Real=0.00s
[369.962s][info][gc,start       ] GC(1587) Pause Young (Allocation Failure)
[369.963s][info][gc,heap        ] GC(1587) PSYoungGen: 692780K->1408K(694784K)
[369.963s][info][gc,heap        ] GC(1587) ParOldGen: 85609K->85609K(1398272K)
[369.963s][info][gc,metaspace   ] GC(1587) Metaspace: 20683K(21376K)->20683K(21376K) NonClass: 18275K(18688K)->18275K(18688K) Class: 2408K(2688K)->2408K(2688K)
[369.963s][info][gc             ] GC(1587) Pause Young (Allocation Failure) 760M->84M(2044M) 0.605ms
[369.963s][info][gc,cpu         ] GC(1587) User=0.00s Sys=0.00s Real=0.00s
[370.095s][info][gc,start       ] GC(1588) Pause Young (System.gc())
[370.096s][info][gc,heap        ] GC(1588) PSYoungGen: 387874K->32K(694784K)
[370.096s][info][gc,heap        ] GC(1588) ParOldGen: 85609K->85609K(1398272K)
[370.096s][info][gc,metaspace   ] GC(1588) Metaspace: 20683K(21376K)->20683K(21376K) NonClass: 18275K(18688K)->18275K(18688K) Class: 2408K(2688K)->2408K(2688K)
[370.096s][info][gc             ] GC(1588) Pause Young (System.gc()) 462M->83M(2044M) 0.451ms
[370.096s][info][gc,cpu         ] GC(1588) User=0.00s Sys=0.00s Real=0.00s
[370.096s][info][gc,start       ] GC(1589) Pause Full (System.gc())
[370.096s][info][gc,phases,start] GC(1589) Marking Phase
[370.148s][info][gc,phases      ] GC(1589) Marking Phase 52.511ms
[370.148s][info][gc,phases,start] GC(1589) Summary Phase
[370.148s][info][gc,phases      ] GC(1589) Summary Phase 0.011ms
[370.148s][info][gc,phases,start] GC(1589) Adjust Roots
[370.150s][info][gc,phases      ] GC(1589) Adjust Roots 1.494ms
[370.150s][info][gc,phases,start] GC(1589) Compaction Phase
[370.164s][info][gc,phases      ] GC(1589) Compaction Phase 14.257ms
[370.164s][info][gc,phases,start] GC(1589) Post Compact
[370.165s][info][gc,phases      ] GC(1589) Post Compact 0.471ms
[370.165s][info][gc,heap        ] GC(1589) PSYoungGen: 32K->0K(694784K)
[370.165s][info][gc,heap        ] GC(1589) ParOldGen: 85609K->85553K(1398272K)
[370.165s][info][gc,metaspace   ] GC(1589) Metaspace: 20683K(21376K)->20683K(21376K) NonClass: 18275K(18688K)->18275K(18688K) Class: 2408K(2688K)->2408K(2688K)
[370.165s][info][gc             ] GC(1589) Pause Full (System.gc()) 83M->83M(2044M) 69.005ms
[370.165s][info][gc,cpu         ] GC(1589) User=0.27s Sys=0.00s Real=0.07s
[370.386s][info][gc,start       ] GC(1590) Pause Young (Allocation Failure)
[370.387s][info][gc,heap        ] GC(1590) PSYoungGen: 690661K->2482K(694784K)
[370.387s][info][gc,heap        ] GC(1590) ParOldGen: 85553K->85553K(1398272K)
[370.387s][info][gc,metaspace   ] GC(1590) Metaspace: 20683K(21376K)->20683K(21376K) NonClass: 18275K(18688K)->18275K(18688K) Class: 2408K(2688K)->2408K(2688K)
[370.387s][info][gc             ] GC(1590) Pause Young (Allocation Failure) 758M->85M(2044M) 0.834ms
[370.387s][info][gc,cpu         ] GC(1590) User=0.00s Sys=0.00s Real=0.00s
[372.247s][info][gc,start       ] GC(1591) Pause Young (Allocation Failure)
[372.266s][info][gc,heap        ] GC(1591) PSYoungGen: 693170K->1757K(694784K)
[372.266s][info][gc,heap        ] GC(1591) ParOldGen: 85553K->85577K(1398272K)
[372.266s][info][gc,metaspace   ] GC(1591) Metaspace: 20683K(21376K)->20683K(21376K) NonClass: 18275K(18688K)->18275K(18688K) Class: 2408K(2688K)->2408K(2688K)
[372.266s][info][gc             ] GC(1591) Pause Young (Allocation Failure) 760M->85M(2044M) 19.196ms
[372.267s][info][gc,cpu         ] GC(1591) User=0.02s Sys=0.00s Real=0.02s
[374.543s][info][gc,start       ] GC(1592) Pause Young (Allocation Failure)
[374.544s][info][gc,heap        ] GC(1592) PSYoungGen: 692445K->1111K(694784K)
[374.545s][info][gc,heap        ] GC(1592) ParOldGen: 85577K->85577K(1398272K)
[374.545s][info][gc,metaspace   ] GC(1592) Metaspace: 20683K(21376K)->20683K(21376K) NonClass: 18275K(18688K)->18275K(18688K) Class: 2408K(2688K)->2408K(2688K)
[374.545s][info][gc             ] GC(1592) Pause Young (Allocation Failure) 759M->84M(2044M) 1.281ms
[374.545s][info][gc,cpu         ] GC(1592) User=0.00s Sys=0.00s Real=0.00s
[374.781s][info][gc,start       ] GC(1593) Pause Young (Allocation Failure)
[374.782s][info][gc,heap        ] GC(1593) PSYoungGen: 691799K->288K(694272K)
[374.782s][info][gc,heap        ] GC(1593) ParOldGen: 85577K->85577K(1398272K)
[374.782s][info][gc,metaspace   ] GC(1593) Metaspace: 20683K(21376K)->20683K(21376K) NonClass: 18275K(18688K)->18275K(18688K) Class: 2408K(2688K)->2408K(2688K)
[374.782s][info][gc             ] GC(1593) Pause Young (Allocation Failure) 759M->83M(2043M) 0.457ms
[374.782s][info][gc,cpu         ] GC(1593) User=0.00s Sys=0.00s Real=0.00s
[375.008s][info][gc,start       ] GC(1594) Pause Young (Allocation Failure)
[375.009s][info][gc,heap        ] GC(1594) PSYoungGen: 690906K->2242K(694784K)
[375.009s][info][gc,heap        ] GC(1594) ParOldGen: 85577K->85601K(1398272K)
[375.009s][info][gc,metaspace   ] GC(1594) Metaspace: 20683K(21376K)->20683K(21376K) NonClass: 18275K(18688K)->18275K(18688K) Class: 2408K(2688K)->2408K(2688K)
[375.009s][info][gc             ] GC(1594) Pause Young (Allocation Failure) 758M->85M(2044M) 1.177ms
[375.009s][info][gc,cpu         ] GC(1594) User=0.00s Sys=0.00s Real=0.00s
[375.241s][info][gc,start       ] GC(1595) Pause Young (Allocation Failure)
[375.242s][info][gc,heap        ] GC(1595) PSYoungGen: 692930K->1786K(695296K)
[375.242s][info][gc,heap        ] GC(1595) ParOldGen: 85601K->85601K(1398272K)
[375.242s][info][gc,metaspace   ] GC(1595) Metaspace: 20683K(21376K)->20683K(21376K) NonClass: 18275K(18688K)->18275K(18688K) Class: 2408K(2688K)->2408K(2688K)
[375.242s][info][gc             ] GC(1595) Pause Young (Allocation Failure) 760M->85M(2044M) 0.658ms
[375.242s][info][gc,cpu         ] GC(1595) User=0.00s Sys=0.00s Real=0.00s
[375.472s][info][gc,start       ] GC(1596) Pause Young (Allocation Failure)
[375.473s][info][gc,heap        ] GC(1596) PSYoungGen: 692986K->1248K(694784K)
[375.473s][info][gc,heap        ] GC(1596) ParOldGen: 85601K->85601K(1398272K)
[375.473s][info][gc,metaspace   ] GC(1596) Metaspace: 20683K(21376K)->20683K(21376K) NonClass: 18275K(18688K)->18275K(18688K) Class: 2408K(2688K)->2408K(2688K)
[375.473s][info][gc             ] GC(1596) Pause Young (Allocation Failure) 760M->84M(2044M) 0.697ms
[375.473s][info][gc,cpu         ] GC(1596) User=0.00s Sys=0.00s Real=0.00s
[375.710s][info][gc,start       ] GC(1597) Pause Young (Allocation Failure)
[375.711s][info][gc,heap        ] GC(1597) PSYoungGen: 692448K->594K(695296K)
[375.711s][info][gc,heap        ] GC(1597) ParOldGen: 85601K->85601K(1398272K)
[375.711s][info][gc,metaspace   ] GC(1597) Metaspace: 20683K(21376K)->20683K(21376K) NonClass: 18275K(18688K)->18275K(18688K) Class: 2408K(2688K)->2408K(2688K)
[375.711s][info][gc             ] GC(1597) Pause Young (Allocation Failure) 759M->84M(2044M) 0.589ms
[375.711s][info][gc,cpu         ] GC(1597) User=0.00s Sys=0.00s Real=0.00s
[375.932s][info][gc,start       ] GC(1598) Pause Young (Allocation Failure)
[375.934s][info][gc,heap        ] GC(1598) PSYoungGen: 692226K->2537K(694272K)
[375.934s][info][gc,heap        ] GC(1598) ParOldGen: 85601K->85633K(1398272K)
[375.934s][info][gc,metaspace   ] GC(1598) Metaspace: 20683K(21376K)->20683K(21376K) NonClass: 18275K(18688K)->18275K(18688K) Class: 2408K(2688K)->2408K(2688K)
[375.934s][info][gc             ] GC(1598) Pause Young (Allocation Failure) 759M->86M(2043M) 1.345ms
[375.934s][info][gc,cpu         ] GC(1598) User=0.00s Sys=0.00s Real=0.00s
[376.163s][info][gc,start       ] GC(1599) Pause Young (Allocation Failure)
[376.164s][info][gc,heap        ] GC(1599) PSYoungGen: 694160K->2132K(694784K)
[376.164s][info][gc,heap        ] GC(1599) ParOldGen: 85633K->85633K(1398272K)
[376.164s][info][gc,metaspace   ] GC(1599) Metaspace: 20683K(21376K)->20683K(21376K) NonClass: 18275K(18688K)->18275K(18688K) Class: 2408K(2688K)->2408K(2688K)
[376.164s][info][gc             ] GC(1599) Pause Young (Allocation Failure) 761M->85M(2044M) 0.877ms
[376.164s][info][gc,cpu         ] GC(1599) User=0.00s Sys=0.00s Real=0.00s
[376.394s][info][gc,start       ] GC(1600) Pause Young (Allocation Failure)
[376.394s][info][gc,heap        ] GC(1600) PSYoungGen: 692820K->1650K(694784K)
[376.394s][info][gc,heap        ] GC(1600) ParOldGen: 85633K->85633K(1398272K)
[376.394s][info][gc,metaspace   ] GC(1600) Metaspace: 20683K(21376K)->20683K(21376K) NonClass: 18275K(18688K)->18275K(18688K) Class: 2408K(2688K)->2408K(2688K)
[376.394s][info][gc             ] GC(1600) Pause Young (Allocation Failure) 760M->85M(2044M) 0.684ms
[376.394s][info][gc,cpu         ] GC(1600) User=0.00s Sys=0.00s Real=0.00s
[376.639s][info][gc,start       ] GC(1601) Pause Young (Allocation Failure)
[376.640s][info][gc,heap        ] GC(1601) PSYoungGen: 692338K->1028K(695296K)
[376.640s][info][gc,heap        ] GC(1601) ParOldGen: 85633K->85641K(1398272K)
[376.640s][info][gc,metaspace   ] GC(1601) Metaspace: 20683K(21376K)->20683K(21376K) NonClass: 18275K(18688K)->18275K(18688K) Class: 2408K(2688K)->2408K(2688K)
[376.640s][info][gc             ] GC(1601) Pause Young (Allocation Failure) 759M->84M(2044M) 1.314ms
[376.640s][info][gc,cpu         ] GC(1601) User=0.00s Sys=0.00s Real=0.00s
[376.869s][info][gc,start       ] GC(1602) Pause Young (Allocation Failure)
[376.870s][info][gc,heap        ] GC(1602) PSYoungGen: 692740K->2113K(695296K)
[376.870s][info][gc,heap        ] GC(1602) ParOldGen: 85641K->85641K(1398272K)
[376.870s][info][gc,metaspace   ] GC(1602) Metaspace: 20683K(21376K)->20683K(21376K) NonClass: 18275K(18688K)->18275K(18688K) Class: 2408K(2688K)->2408K(2688K)
[376.871s][info][gc             ] GC(1602) Pause Young (Allocation Failure) 760M->85M(2044M) 1.964ms
[376.871s][info][gc,cpu         ] GC(1602) User=0.00s Sys=0.00s Real=0.00s
[377.097s][info][gc,start       ] GC(1603) Pause Young (Allocation Failure)
[377.098s][info][gc,heap        ] GC(1603) PSYoungGen: 693822K->2382K(695296K)
[377.098s][info][gc,heap        ] GC(1603) ParOldGen: 85641K->85641K(1398272K)
[377.098s][info][gc,metaspace   ] GC(1603) Metaspace: 20683K(21376K)->20683K(21376K) NonClass: 18275K(18688K)->18275K(18688K) Class: 2408K(2688K)->2408K(2688K)
[377.098s][info][gc             ] GC(1603) Pause Young (Allocation Failure) 761M->85M(2044M) 1.328ms
[377.098s][info][gc,cpu         ] GC(1603) User=0.00s Sys=0.00s Real=0.00s
[377.228s][info][gc,heap,exit   ] Heap
[377.228s][info][gc,heap,exit   ]  PSYoungGen      total 695296K, used 371356K [0x00000000d5580000, 0x0000000100000000, 0x0000000100000000)
[377.228s][info][gc,heap,exit   ]   eden space 691712K, 53% used [0x00000000d5580000,0x00000000ebdd3a78,0x00000000ff900000)
[377.228s][info][gc,heap,exit   ]   from space 3584K, 66% used [0x00000000ffc80000,0x00000000ffed3828,0x0000000100000000)
[377.228s][info][gc,heap,exit   ]   to   space 3584K, 0% used [0x00000000ff900000,0x00000000ff900000,0x00000000ffc80000)
[377.228s][info][gc,heap,exit   ]  ParOldGen       total 1398272K, used 85641K [0x0000000080000000, 0x00000000d5580000, 0x00000000d5580000)
[377.228s][info][gc,heap,exit   ]   object space 1398272K, 6% used [0x0000000080000000,0x00000000853a26a8,0x00000000d5580000)
[377.228s][info][gc,heap,exit   ]  Metaspace       used 20756K, capacity 21237K, committed 21376K, reserved 1069056K
[377.228s][info][gc,heap,exit   ]   class space    used 2418K, capacity 2619K, committed 2688K, reserved 1048576K
