[0.008s][info][gc,init] Initializing The Z Garbage Collector
[0.008s][info][gc,init] Version: 17.0.12+7-adhoc..jdk17u (release)
[0.008s][info][gc,init] NUMA Support: Disabled
[0.008s][info][gc,init] CPUs: 6 total, 6 available
[0.008s][info][gc,init] Memory: 15591M
[0.008s][info][gc,init] Large Page Support: Disabled
[0.008s][info][gc,init] GC Workers: 2 (dynamic)
[0.009s][info][gc,init] Address Space Type: Contiguous/Unrestricted/Complete
[0.009s][info][gc,init] Address Space Size: 65536M x 3 = 196608M
[0.009s][info][gc,init] Min Capacity: 4096M
[0.009s][info][gc,init] Initial Capacity: 4096M
[0.009s][info][gc,init] Max Capacity: 4096M
[0.010s][info][gc,init] Medium Page Size: 32M
[0.010s][info][gc,init] Pre-touch: Disabled
[0.010s][info][gc,init] Uncommit: Implicitly Disabled (-Xms equals -Xmx)
[0.129s][info][gc,init] Runtime Workers: 4
[0.130s][info][gc     ] Using The Z Garbage Collector
[0.137s][info][gc,metaspace] CDS archive(s) mapped at: [0x00000262c2000000-0x00000262c2bc0000-0x00000262c2bc0000), size 12320768, SharedBaseAddress: 0x00000262c2000000, ArchiveRelocationMode: 1.
[0.137s][info][gc,metaspace] Compressed class space mapped at: 0x00000262c3000000-0x0000026303000000, reserved size: 1073741824
[0.137s][info][gc,metaspace] Narrow klass base: 0x00000262c2000000, Narrow klass shift: 0, Narrow klass range: 0x100000000
[10.149s][info][gc,stats    ] === Garbage Collection Statistics =======================================================================================================================
[10.149s][info][gc,stats    ]                                                              Last 10s              Last 10m              Last 10h                Total
[10.149s][info][gc,stats    ]                                                              Avg / Max             Avg / Max             Avg / Max             Avg / Max
[10.149s][info][gc,stats    ]   Collector: Garbage Collection Cycle                      0.000 / 0.000         0.000 / 0.000         0.000 / 0.000         0.000 / 0.000       ms
[10.150s][info][gc,stats    ]  Contention: Mark Segment Reset Contention                     0 / 0                 0 / 0                 0 / 0                 0 / 0           ops/s
[10.150s][info][gc,stats    ]  Contention: Mark SeqNum Reset Contention                      0 / 0                 0 / 0                 0 / 0                 0 / 0           ops/s
[10.150s][info][gc,stats    ]    Critical: Allocation Stall                                  0 / 0                 0 / 0                 0 / 0                 0 / 0           ops/s
[10.150s][info][gc,stats    ]    Critical: Allocation Stall                              0.000 / 0.000         0.000 / 0.000         0.000 / 0.000         0.000 / 0.000       ms
[10.150s][info][gc,stats    ]    Critical: GC Locker Stall                                   0 / 0                 0 / 0                 0 / 0                 0 / 0           ops/s
[10.150s][info][gc,stats    ]    Critical: GC Locker Stall                               0.000 / 0.000         0.000 / 0.000         0.000 / 0.000         0.000 / 0.000       ms
[10.150s][info][gc,stats    ]    Critical: Relocation Stall                                  0 / 0                 0 / 0                 0 / 0                 0 / 0           ops/s
[10.150s][info][gc,stats    ]    Critical: Relocation Stall                              0.000 / 0.000         0.000 / 0.000         0.000 / 0.000         0.000 / 0.000       ms
[10.150s][info][gc,stats    ]      Memory: Allocation Rate                                   0 / 4                 0 / 4                 0 / 4                 0 / 4           MB/s
[10.150s][info][gc,stats    ]      Memory: Out Of Memory                                     0 / 0                 0 / 0                 0 / 0                 0 / 0           ops/s
[10.150s][info][gc,stats    ]      Memory: Page Cache Flush                                  0 / 0                 0 / 0                 0 / 0                 0 / 0           MB/s
[10.150s][info][gc,stats    ]      Memory: Page Cache Hit L1                                 0 / 0                 0 / 0                 0 / 0                 0 / 0           ops/s
[10.150s][info][gc,stats    ]      Memory: Page Cache Hit L2                                 0 / 0                 0 / 0                 0 / 0                 0 / 0           ops/s
[10.150s][info][gc,stats    ]      Memory: Page Cache Hit L3                                 0 / 4                 0 / 4                 0 / 4                 0 / 4           ops/s
[10.150s][info][gc,stats    ]      Memory: Page Cache Miss                                   0 / 1                 0 / 1                 0 / 1                 0 / 1           ops/s
[10.150s][info][gc,stats    ]      Memory: Uncommit                                          0 / 0                 0 / 0                 0 / 0                 0 / 0           MB/s
[10.150s][info][gc,stats    ]      Memory: Undo Object Allocation Failed                     0 / 0                 0 / 0                 0 / 0                 0 / 0           ops/s
[10.150s][info][gc,stats    ]      Memory: Undo Object Allocation Succeeded                  0 / 0                 0 / 0                 0 / 0                 0 / 0           ops/s
[10.150s][info][gc,stats    ]      Memory: Undo Page Allocation                              0 / 0                 0 / 0                 0 / 0                 0 / 0           ops/s
[10.150s][info][gc,stats    ]       Phase: Concurrent Mark                               0.000 / 0.000         0.000 / 0.000         0.000 / 0.000         0.000 / 0.000       ms
[10.150s][info][gc,stats    ]       Phase: Concurrent Mark Continue                      0.000 / 0.000         0.000 / 0.000         0.000 / 0.000         0.000 / 0.000       ms
[10.150s][info][gc,stats    ]       Phase: Concurrent Mark Free                          0.000 / 0.000         0.000 / 0.000         0.000 / 0.000         0.000 / 0.000       ms
[10.150s][info][gc,stats    ]       Phase: Concurrent Process Non-Strong References      0.000 / 0.000         0.000 / 0.000         0.000 / 0.000         0.000 / 0.000       ms
[10.150s][info][gc,stats    ]       Phase: Concurrent Relocate                           0.000 / 0.000         0.000 / 0.000         0.000 / 0.000         0.000 / 0.000       ms
[10.150s][info][gc,stats    ]       Phase: Concurrent Reset Relocation Set               0.000 / 0.000         0.000 / 0.000         0.000 / 0.000         0.000 / 0.000       ms
[10.150s][info][gc,stats    ]       Phase: Concurrent Select Relocation Set              0.000 / 0.000         0.000 / 0.000         0.000 / 0.000         0.000 / 0.000       ms
[10.150s][info][gc,stats    ]       Phase: Pause Mark End                                0.000 / 0.000         0.000 / 0.000         0.000 / 0.000         0.000 / 0.000       ms
[10.150s][info][gc,stats    ]       Phase: Pause Mark Start                              0.000 / 0.000         0.000 / 0.000         0.000 / 0.000         0.000 / 0.000       ms
[10.150s][info][gc,stats    ]       Phase: Pause Relocate Start                          0.000 / 0.000         0.000 / 0.000         0.000 / 0.000         0.000 / 0.000       ms
[10.150s][info][gc,stats    ]    Subphase: Concurrent Classes Purge                      0.000 / 0.000         0.000 / 0.000         0.000 / 0.000         0.000 / 0.000       ms
[10.150s][info][gc,stats    ]    Subphase: Concurrent Classes Unlink                     0.000 / 0.000         0.000 / 0.000         0.000 / 0.000         0.000 / 0.000       ms
[10.150s][info][gc,stats    ]    Subphase: Concurrent Mark                               0.000 / 0.000         0.000 / 0.000         0.000 / 0.000         0.000 / 0.000       ms
[10.150s][info][gc,stats    ]    Subphase: Concurrent Mark Try Flush                     0.000 / 0.000         0.000 / 0.000         0.000 / 0.000         0.000 / 0.000       ms
[10.150s][info][gc,stats    ]    Subphase: Concurrent Mark Try Terminate                 0.000 / 0.000         0.000 / 0.000         0.000 / 0.000         0.000 / 0.000       ms
[10.150s][info][gc,stats    ]    Subphase: Concurrent References Enqueue                 0.000 / 0.000         0.000 / 0.000         0.000 / 0.000         0.000 / 0.000       ms
[10.150s][info][gc,stats    ]    Subphase: Concurrent References Process                 0.000 / 0.000         0.000 / 0.000         0.000 / 0.000         0.000 / 0.000       ms
[10.150s][info][gc,stats    ]    Subphase: Concurrent Roots ClassLoaderDataGraph         0.000 / 0.000         0.000 / 0.000         0.000 / 0.000         0.000 / 0.000       ms
[10.150s][info][gc,stats    ]    Subphase: Concurrent Roots CodeCache                    0.000 / 0.000         0.000 / 0.000         0.000 / 0.000         0.000 / 0.000       ms
[10.150s][info][gc,stats    ]    Subphase: Concurrent Roots JavaThreads                  0.000 / 0.000         0.000 / 0.000         0.000 / 0.000         0.000 / 0.000       ms
[10.150s][info][gc,stats    ]    Subphase: Concurrent Roots OopStorageSet                0.000 / 0.000         0.000 / 0.000         0.000 / 0.000         0.000 / 0.000       ms
[10.150s][info][gc,stats    ]    Subphase: Concurrent Weak Roots OopStorageSet           0.000 / 0.000         0.000 / 0.000         0.000 / 0.000         0.000 / 0.000       ms
[10.150s][info][gc,stats    ]    Subphase: Pause Mark Try Complete                       0.000 / 0.000         0.000 / 0.000         0.000 / 0.000         0.000 / 0.000       ms
[10.150s][info][gc,stats    ]      System: Java Threads                                      0 / 0                 0 / 0                 0 / 0                 0 / 0           threads
[10.150s][info][gc,stats    ] =========================================================================================================================================================
[13.125s][info][gc,start    ] GC(0) Garbage Collection (System.gc())
[13.125s][info][gc,task     ] GC(0) Using 2 workers
[13.125s][info][gc,phases   ] GC(0) Pause Mark Start 0.005ms
[13.140s][info][gc,phases   ] GC(0) Concurrent Mark 14.729ms
[13.140s][info][gc,phases   ] GC(0) Pause Mark End 0.030ms
[13.140s][info][gc,phases   ] GC(0) Concurrent Mark Free 0.001ms
[13.141s][info][gc,phases   ] GC(0) Concurrent Process Non-Strong References 1.152ms
[13.141s][info][gc,phases   ] GC(0) Concurrent Reset Relocation Set 0.003ms
[13.144s][info][gc,phases   ] GC(0) Concurrent Select Relocation Set 3.052ms
[13.144s][info][gc,phases   ] GC(0) Pause Relocate Start 0.011ms
[13.147s][info][gc,phases   ] GC(0) Concurrent Relocate 2.255ms
[13.147s][info][gc,load     ] GC(0) Load: 0.00/0.00/0.00
[13.147s][info][gc,mmu      ] GC(0) MMU: 2ms/98.5%, 5ms/99.2%, 10ms/99.6%, 20ms/99.8%, 50ms/99.9%, 100ms/100.0%
[13.147s][info][gc,marking  ] GC(0) Mark: 2 stripe(s), 1 proactive flush(es), 1 terminate flush(es), 0 completion(s), 0 continuation(s) 
[13.147s][info][gc,marking  ] GC(0) Mark Stack Usage: 32M
[13.147s][info][gc,nmethod  ] GC(0) NMethods: 641 registered, 0 unregistered
[13.147s][info][gc,metaspace] GC(0) Metaspace: 2M used, 2M committed, 1088M reserved
[13.147s][info][gc,ref      ] GC(0) Soft: 123 encountered, 0 discovered, 0 enqueued
[13.147s][info][gc,ref      ] GC(0) Weak: 332 encountered, 67 discovered, 64 enqueued
[13.147s][info][gc,ref      ] GC(0) Final: 3 encountered, 0 discovered, 0 enqueued
[13.147s][info][gc,ref      ] GC(0) Phantom: 63 encountered, 51 discovered, 33 enqueued
[13.147s][info][gc,reloc    ] GC(0) Small Pages: 5 / 10M, Empty: 0M, Relocated: 3M, In-Place: 0
[13.147s][info][gc,reloc    ] GC(0) Medium Pages: 0 / 0M, Empty: 0M, Relocated: 0M, In-Place: 0
[13.147s][info][gc,reloc    ] GC(0) Large Pages: 0 / 0M, Empty: 0M, Relocated: 0M, In-Place: 0
[13.147s][info][gc,reloc    ] GC(0) Forwarding Usage: 1M
[13.147s][info][gc,heap     ] GC(0) Min Capacity: 4096M(100%)
[13.147s][info][gc,heap     ] GC(0) Max Capacity: 4096M(100%)
[13.147s][info][gc,heap     ] GC(0) Soft Max Capacity: 4096M(100%)
[13.147s][info][gc,heap     ] GC(0)                Mark Start          Mark End        Relocate Start      Relocate End           High               Low         
[13.147s][info][gc,heap     ] GC(0)  Capacity:     4096M (100%)       4096M (100%)       4096M (100%)       4096M (100%)       4096M (100%)       4096M (100%)   
[13.147s][info][gc,heap     ] GC(0)      Free:     4086M (100%)       4086M (100%)       4086M (100%)       4092M (100%)       4092M (100%)       4082M (100%)   
[13.147s][info][gc,heap     ] GC(0)      Used:       10M (0%)           10M (0%)           10M (0%)            4M (0%)           14M (0%)            4M (0%)     
[13.147s][info][gc,heap     ] GC(0)      Live:         -                 3M (0%)            3M (0%)            3M (0%)             -                  -          
[13.147s][info][gc,heap     ] GC(0) Allocated:         -                 0M (0%)            0M (0%)            0M (0%)             -                  -          
[13.147s][info][gc,heap     ] GC(0)   Garbage:         -                 6M (0%)            6M (0%)            0M (0%)             -                  -          
[13.147s][info][gc,heap     ] GC(0) Reclaimed:         -                  -                 0M (0%)            6M (0%)             -                  -          
[13.147s][info][gc          ] GC(0) Garbage Collection (System.gc()) 10M(0%)->4M(0%)
[14.653s][info][gc,start    ] GC(1) Garbage Collection (Warmup)
[14.653s][info][gc,task     ] GC(1) Using 2 workers
[14.653s][info][gc,phases   ] GC(1) Pause Mark Start 0.013ms
[14.669s][info][gc,phases   ] GC(1) Concurrent Mark 15.404ms
[14.669s][info][gc,phases   ] GC(1) Pause Mark End 0.022ms
[14.669s][info][gc,phases   ] GC(1) Concurrent Mark Free 0.001ms
[14.671s][info][gc,phases   ] GC(1) Concurrent Process Non-Strong References 1.858ms
[14.671s][info][gc,phases   ] GC(1) Concurrent Reset Relocation Set 0.001ms
[14.673s][info][gc,phases   ] GC(1) Concurrent Select Relocation Set 1.565ms
[14.673s][info][gc,phases   ] GC(1) Pause Relocate Start 0.008ms
[14.678s][info][gc,phases   ] GC(1) Concurrent Relocate 5.120ms
[14.678s][info][gc,load     ] GC(1) Load: 0.00/0.00/0.00
[14.678s][info][gc,mmu      ] GC(1) MMU: 2ms/98.5%, 5ms/99.2%, 10ms/99.6%, 20ms/99.8%, 50ms/99.9%, 100ms/100.0%
[14.678s][info][gc,marking  ] GC(1) Mark: 2 stripe(s), 2 proactive flush(es), 1 terminate flush(es), 0 completion(s), 0 continuation(s) 
[14.678s][info][gc,marking  ] GC(1) Mark Stack Usage: 32M
[14.678s][info][gc,nmethod  ] GC(1) NMethods: 1678 registered, 0 unregistered
[14.678s][info][gc,metaspace] GC(1) Metaspace: 7M used, 7M committed, 1088M reserved
[14.678s][info][gc,ref      ] GC(1) Soft: 338 encountered, 0 discovered, 0 enqueued
[14.678s][info][gc,ref      ] GC(1) Weak: 643 encountered, 319 discovered, 83 enqueued
[14.678s][info][gc,ref      ] GC(1) Final: 3 encountered, 3 discovered, 0 enqueued
[14.678s][info][gc,ref      ] GC(1) Phantom: 137 encountered, 124 discovered, 79 enqueued
[14.678s][info][gc,reloc    ] GC(1) Small Pages: 173 / 346M, Empty: 14M, Relocated: 8M, In-Place: 0
[14.678s][info][gc,reloc    ] GC(1) Medium Pages: 2 / 64M, Empty: 0M, Relocated: 9M, In-Place: 0
[14.678s][info][gc,reloc    ] GC(1) Large Pages: 0 / 0M, Empty: 0M, Relocated: 0M, In-Place: 0
[14.678s][info][gc,reloc    ] GC(1) Forwarding Usage: 0M
[14.678s][info][gc,heap     ] GC(1) Min Capacity: 4096M(100%)
[14.678s][info][gc,heap     ] GC(1) Max Capacity: 4096M(100%)
[14.678s][info][gc,heap     ] GC(1) Soft Max Capacity: 4096M(100%)
[14.678s][info][gc,heap     ] GC(1)                Mark Start          Mark End        Relocate Start      Relocate End           High               Low         
[14.678s][info][gc,heap     ] GC(1)  Capacity:     4096M (100%)       4096M (100%)       4096M (100%)       4096M (100%)       4096M (100%)       4096M (100%)   
[14.678s][info][gc,heap     ] GC(1)      Free:     3686M (90%)        3652M (89%)        3664M (89%)        4016M (98%)        4016M (98%)        3632M (89%)    
[14.678s][info][gc,heap     ] GC(1)      Used:      410M (10%)         444M (11%)         432M (11%)          80M (2%)          464M (11%)          80M (2%)     
[14.678s][info][gc,heap     ] GC(1)      Live:         -                20M (0%)           20M (0%)           20M (0%)             -                  -          
[14.678s][info][gc,heap     ] GC(1) Allocated:         -                34M (1%)           36M (1%)           32M (1%)             -                  -          
[14.678s][info][gc,heap     ] GC(1)   Garbage:         -               389M (10%)         375M (9%)           27M (1%)             -                  -          
[14.678s][info][gc,heap     ] GC(1) Reclaimed:         -                  -                14M (0%)          362M (9%)             -                  -          
[14.679s][info][gc          ] GC(1) Garbage Collection (Warmup) 410M(10%)->80M(2%)
[17.151s][info][gc,start    ] GC(2) Garbage Collection (Warmup)
[17.151s][info][gc,task     ] GC(2) Using 2 workers
[17.151s][info][gc,phases   ] GC(2) Pause Mark Start 0.013ms
[17.167s][info][gc,phases   ] GC(2) Concurrent Mark 15.640ms
[17.167s][info][gc,phases   ] GC(2) Pause Mark End 0.016ms
[17.167s][info][gc,phases   ] GC(2) Concurrent Mark Free 0.002ms
[17.170s][info][gc,phases   ] GC(2) Concurrent Process Non-Strong References 2.483ms
[17.170s][info][gc,phases   ] GC(2) Concurrent Reset Relocation Set 0.006ms
[17.172s][info][gc,phases   ] GC(2) Concurrent Select Relocation Set 2.181ms
[17.172s][info][gc,phases   ] GC(2) Pause Relocate Start 0.011ms
[17.174s][info][gc,phases   ] GC(2) Concurrent Relocate 1.951ms
[17.175s][info][gc,load     ] GC(2) Load: 0.00/0.00/0.00
[17.175s][info][gc,mmu      ] GC(2) MMU: 2ms/98.5%, 5ms/99.2%, 10ms/99.6%, 20ms/99.8%, 50ms/99.9%, 100ms/100.0%
[17.175s][info][gc,marking  ] GC(2) Mark: 2 stripe(s), 2 proactive flush(es), 1 terminate flush(es), 0 completion(s), 0 continuation(s) 
[17.175s][info][gc,marking  ] GC(2) Mark Stack Usage: 32M
[17.175s][info][gc,nmethod  ] GC(2) NMethods: 2581 registered, 0 unregistered
[17.175s][info][gc,metaspace] GC(2) Metaspace: 8M used, 8M committed, 1088M reserved
[17.175s][info][gc,ref      ] GC(2) Soft: 369 encountered, 0 discovered, 0 enqueued
[17.175s][info][gc,ref      ] GC(2) Weak: 633 encountered, 232 discovered, 32 enqueued
[17.175s][info][gc,ref      ] GC(2) Final: 3 encountered, 0 discovered, 0 enqueued
[17.175s][info][gc,ref      ] GC(2) Phantom: 77 encountered, 57 discovered, 38 enqueued
[17.175s][info][gc,reloc    ] GC(2) Small Pages: 362 / 724M, Empty: 350M, Relocated: 6M, In-Place: 0
[17.175s][info][gc,reloc    ] GC(2) Medium Pages: 3 / 96M, Empty: 32M, Relocated: 6M, In-Place: 0
[17.175s][info][gc,reloc    ] GC(2) Large Pages: 1 / 6M, Empty: 6M, Relocated: 0M, In-Place: 0
[17.175s][info][gc,reloc    ] GC(2) Forwarding Usage: 0M
[17.175s][info][gc,heap     ] GC(2) Min Capacity: 4096M(100%)
[17.175s][info][gc,heap     ] GC(2) Max Capacity: 4096M(100%)
[17.175s][info][gc,heap     ] GC(2) Soft Max Capacity: 4096M(100%)
[17.175s][info][gc,heap     ] GC(2)                Mark Start          Mark End        Relocate Start      Relocate End           High               Low         
[17.175s][info][gc,heap     ] GC(2)  Capacity:     4096M (100%)       4096M (100%)       4096M (100%)       4096M (100%)       4096M (100%)       4096M (100%)   
[17.175s][info][gc,heap     ] GC(2)      Free:     3270M (80%)        3236M (79%)        3622M (88%)        4014M (98%)        4014M (98%)        3234M (79%)    
[17.175s][info][gc,heap     ] GC(2)      Used:      826M (20%)         860M (21%)         474M (12%)          82M (2%)          862M (21%)          82M (2%)     
[17.175s][info][gc,heap     ] GC(2)      Live:         -                16M (0%)           16M (0%)           16M (0%)             -                  -          
[17.175s][info][gc,heap     ] GC(2) Allocated:         -                34M (1%)           36M (1%)           33M (1%)             -                  -          
[17.175s][info][gc,heap     ] GC(2)   Garbage:         -               809M (20%)         421M (10%)          31M (1%)             -                  -          
[17.175s][info][gc,heap     ] GC(2) Reclaimed:         -                  -               388M (9%)          777M (19%)            -                  -          
[17.175s][info][gc          ] GC(2) Garbage Collection (Warmup) 826M(20%)->82M(2%)
[20.155s][info][gc,stats    ] === Garbage Collection Statistics =======================================================================================================================
[20.155s][info][gc,stats    ]                                                              Last 10s              Last 10m              Last 10h                Total
[20.155s][info][gc,stats    ]                                                              Avg / Max             Avg / Max             Avg / Max             Avg / Max
[20.155s][info][gc,stats    ]   Collector: Garbage Collection Cycle                     23.402 / 24.952       23.402 / 24.952       23.402 / 24.952       23.402 / 24.952      ms
[20.155s][info][gc,stats    ]  Contention: Mark Segment Reset Contention                     0 / 1                 0 / 1                 0 / 1                 0 / 1           ops/s
[20.155s][info][gc,stats    ]  Contention: Mark SeqNum Reset Contention                      0 / 1                 0 / 1                 0 / 1                 0 / 1           ops/s
[20.155s][info][gc,stats    ]    Critical: Allocation Stall                                  0 / 0                 0 / 0                 0 / 0                 0 / 0           ops/s
[20.155s][info][gc,stats    ]    Critical: Allocation Stall                              0.000 / 0.000         0.000 / 0.000         0.000 / 0.000         0.000 / 0.000       ms
[20.155s][info][gc,stats    ]    Critical: GC Locker Stall                                   0 / 0                 0 / 0                 0 / 0                 0 / 0           ops/s
[20.155s][info][gc,stats    ]    Critical: GC Locker Stall                               0.000 / 0.000         0.000 / 0.000         0.000 / 0.000         0.000 / 0.000       ms
[20.155s][info][gc,stats    ]    Critical: Relocation Stall                                  0 / 0                 0 / 0                 0 / 0                 0 / 0           ops/s
[20.155s][info][gc,stats    ]    Critical: Relocation Stall                              0.000 / 0.000         0.000 / 0.000         0.000 / 0.000         0.000 / 0.000       ms
[20.155s][info][gc,stats    ]      Memory: Allocation Rate                                 204 / 394             102 / 394             102 / 394             102 / 394         MB/s
[20.155s][info][gc,stats    ]      Memory: Out Of Memory                                     0 / 0                 0 / 0                 0 / 0                 0 / 0           ops/s
[20.155s][info][gc,stats    ]      Memory: Page Cache Flush                                  0 / 0                 0 / 0                 0 / 0                 0 / 0           MB/s
[20.155s][info][gc,stats    ]      Memory: Page Cache Hit L1                                54 / 182              27 / 182              27 / 182              27 / 182         ops/s
[20.155s][info][gc,stats    ]      Memory: Page Cache Hit L2                                 0 / 0                 0 / 0                 0 / 0                 0 / 0           ops/s
[20.155s][info][gc,stats    ]      Memory: Page Cache Hit L3                                41 / 139              20 / 139              20 / 139              20 / 139         ops/s
[20.155s][info][gc,stats    ]      Memory: Page Cache Miss                                   0 / 0                 0 / 1                 0 / 1                 0 / 1           ops/s
[20.155s][info][gc,stats    ]      Memory: Uncommit                                          0 / 0                 0 / 0                 0 / 0                 0 / 0           MB/s
[20.155s][info][gc,stats    ]      Memory: Undo Object Allocation Failed                     0 / 0                 0 / 0                 0 / 0                 0 / 0           ops/s
[20.155s][info][gc,stats    ]      Memory: Undo Object Allocation Succeeded                  0 / 1                 0 / 1                 0 / 1                 0 / 1           ops/s
[20.155s][info][gc,stats    ]      Memory: Undo Page Allocation                              0 / 0                 0 / 0                 0 / 0                 0 / 0           ops/s
[20.155s][info][gc,stats    ]       Phase: Concurrent Mark                              15.258 / 15.640       15.258 / 15.640       15.258 / 15.640       15.258 / 15.640      ms
[20.155s][info][gc,stats    ]       Phase: Concurrent Mark Continue                      0.000 / 0.000         0.000 / 0.000         0.000 / 0.000         0.000 / 0.000       ms
[20.155s][info][gc,stats    ]       Phase: Concurrent Mark Free                          0.001 / 0.002         0.001 / 0.002         0.001 / 0.002         0.001 / 0.002       ms
[20.155s][info][gc,stats    ]       Phase: Concurrent Process Non-Strong References      1.831 / 2.483         1.831 / 2.483         1.831 / 2.483         1.831 / 2.483       ms
[20.155s][info][gc,stats    ]       Phase: Concurrent Relocate                           3.109 / 5.120         3.109 / 5.120         3.109 / 5.120         3.109 / 5.120       ms
[20.155s][info][gc,stats    ]       Phase: Concurrent Reset Relocation Set               0.003 / 0.006         0.003 / 0.006         0.003 / 0.006         0.003 / 0.006       ms
[20.155s][info][gc,stats    ]       Phase: Concurrent Select Relocation Set              2.266 / 3.052         2.266 / 3.052         2.266 / 3.052         2.266 / 3.052       ms
[20.155s][info][gc,stats    ]       Phase: Pause Mark End                                0.023 / 0.030         0.023 / 0.030         0.023 / 0.030         0.023 / 0.030       ms
[20.155s][info][gc,stats    ]       Phase: Pause Mark Start                              0.010 / 0.013         0.010 / 0.013         0.010 / 0.013         0.010 / 0.013       ms
[20.155s][info][gc,stats    ]       Phase: Pause Relocate Start                          0.010 / 0.011         0.010 / 0.011         0.010 / 0.011         0.010 / 0.011       ms
[20.155s][info][gc,stats    ]    Subphase: Concurrent Classes Purge                      0.077 / 0.092         0.077 / 0.092         0.077 / 0.092         0.077 / 0.092       ms
[20.155s][info][gc,stats    ]    Subphase: Concurrent Classes Unlink                     1.245 / 1.852         1.245 / 1.852         1.245 / 1.852         1.245 / 1.852       ms
[20.155s][info][gc,stats    ]    Subphase: Concurrent Mark                               9.493 / 15.135        9.493 / 15.135        9.493 / 15.135        9.493 / 15.135      ms
[20.155s][info][gc,stats    ]    Subphase: Concurrent Mark Try Flush                     0.076 / 0.135         0.076 / 0.135         0.076 / 0.135         0.076 / 0.135       ms
[20.155s][info][gc,stats    ]    Subphase: Concurrent Mark Try Terminate                 3.606 / 12.040        3.606 / 12.040        3.606 / 12.040        3.606 / 12.040      ms
[20.155s][info][gc,stats    ]    Subphase: Concurrent References Enqueue                 0.005 / 0.006         0.005 / 0.006         0.005 / 0.006         0.005 / 0.006       ms
[20.155s][info][gc,stats    ]    Subphase: Concurrent References Process                 0.119 / 0.131         0.119 / 0.131         0.119 / 0.131         0.119 / 0.131       ms
[20.155s][info][gc,stats    ]    Subphase: Concurrent Roots ClassLoaderDataGraph         0.086 / 0.289         0.086 / 0.289         0.086 / 0.289         0.086 / 0.289       ms
[20.155s][info][gc,stats    ]    Subphase: Concurrent Roots CodeCache                    0.000 / 0.000         0.000 / 0.000         0.000 / 0.000         0.000 / 0.000       ms
[20.155s][info][gc,stats    ]    Subphase: Concurrent Roots JavaThreads                  0.211 / 0.491         0.211 / 0.491         0.211 / 0.491         0.211 / 0.491       ms
[20.155s][info][gc,stats    ]    Subphase: Concurrent Roots OopStorageSet                0.043 / 0.070         0.043 / 0.070         0.043 / 0.070         0.043 / 0.070       ms
[20.155s][info][gc,stats    ]    Subphase: Concurrent Weak Roots OopStorageSet           0.215 / 0.379         0.215 / 0.379         0.215 / 0.379         0.215 / 0.379       ms
[20.155s][info][gc,stats    ]    Subphase: Pause Mark Try Complete                       0.000 / 0.000         0.000 / 0.000         0.000 / 0.000         0.000 / 0.000       ms
[20.155s][info][gc,stats    ]      System: Java Threads                                     12 / 12               12 / 12               12 / 12               12 / 12          threads
[20.155s][info][gc,stats    ] =========================================================================================================================================================
[20.960s][info][gc,start    ] GC(3) Garbage Collection (System.gc())
[20.960s][info][gc,task     ] GC(3) Using 2 workers
[20.960s][info][gc,phases   ] GC(3) Pause Mark Start 0.005ms
[20.980s][info][gc,phases   ] GC(3) Concurrent Mark 19.683ms
[20.980s][info][gc,phases   ] GC(3) Pause Mark End 0.022ms
[20.980s][info][gc,phases   ] GC(3) Concurrent Mark Free 0.001ms
[20.984s][info][gc,phases   ] GC(3) Concurrent Process Non-Strong References 3.013ms
[20.984s][info][gc,phases   ] GC(3) Concurrent Reset Relocation Set 0.007ms
[20.985s][info][gc,phases   ] GC(3) Concurrent Select Relocation Set 1.541ms
[20.985s][info][gc,phases   ] GC(3) Pause Relocate Start 0.008ms
[20.986s][info][gc,phases   ] GC(3) Concurrent Relocate 0.557ms
[20.986s][info][gc,load     ] GC(3) Load: 0.00/0.00/0.00
[20.986s][info][gc,mmu      ] GC(3) MMU: 2ms/98.5%, 5ms/99.2%, 10ms/99.6%, 20ms/99.8%, 50ms/99.9%, 100ms/100.0%
[20.986s][info][gc,marking  ] GC(3) Mark: 2 stripe(s), 1 proactive flush(es), 1 terminate flush(es), 0 completion(s), 0 continuation(s) 
[20.986s][info][gc,marking  ] GC(3) Mark Stack Usage: 32M
[20.986s][info][gc,nmethod  ] GC(3) NMethods: 2333 registered, 6 unregistered
[20.986s][info][gc,metaspace] GC(3) Metaspace: 9M used, 9M committed, 1088M reserved
[20.986s][info][gc,ref      ] GC(3) Soft: 402 encountered, 0 discovered, 0 enqueued
[20.986s][info][gc,ref      ] GC(3) Weak: 769 encountered, 68 discovered, 59 enqueued
[20.986s][info][gc,ref      ] GC(3) Final: 3 encountered, 2 discovered, 0 enqueued
[20.986s][info][gc,ref      ] GC(3) Phantom: 70 encountered, 56 discovered, 44 enqueued
[20.986s][info][gc,reloc    ] GC(3) Small Pages: 558 / 1116M, Empty: 1044M, Relocated: 1M, In-Place: 0
[20.986s][info][gc,reloc    ] GC(3) Medium Pages: 2 / 64M, Empty: 64M, Relocated: 0M, In-Place: 0
[20.986s][info][gc,reloc    ] GC(3) Large Pages: 1 / 6M, Empty: 6M, Relocated: 0M, In-Place: 0
[20.986s][info][gc,reloc    ] GC(3) Forwarding Usage: 0M
[20.986s][info][gc,heap     ] GC(3) Min Capacity: 4096M(100%)
[20.986s][info][gc,heap     ] GC(3) Max Capacity: 4096M(100%)
[20.986s][info][gc,heap     ] GC(3) Soft Max Capacity: 4096M(100%)
[20.986s][info][gc,heap     ] GC(3)                Mark Start          Mark End        Relocate Start      Relocate End           High               Low         
[20.986s][info][gc,heap     ] GC(3)  Capacity:     4096M (100%)       4096M (100%)       4096M (100%)       4096M (100%)       4096M (100%)       4096M (100%)   
[20.986s][info][gc,heap     ] GC(3)      Free:     2910M (71%)        2910M (71%)        4024M (98%)        4088M (100%)       4088M (100%)       2910M (71%)    
[20.986s][info][gc,heap     ] GC(3)      Used:     1186M (29%)        1186M (29%)          72M (2%)            8M (0%)         1186M (29%)           8M (0%)     
[20.986s][info][gc,heap     ] GC(3)      Live:         -                 4M (0%)            4M (0%)            4M (0%)             -                  -          
[20.986s][info][gc,heap     ] GC(3) Allocated:         -                 0M (0%)            0M (0%)            0M (0%)             -                  -          
[20.986s][info][gc,heap     ] GC(3)   Garbage:         -              1181M (29%)          67M (2%)            3M (0%)             -                  -          
[20.986s][info][gc,heap     ] GC(3) Reclaimed:         -                  -              1114M (27%)        1178M (29%)            -                  -          
[20.986s][info][gc          ] GC(3) Garbage Collection (System.gc()) 1186M(29%)->8M(0%)
[24.258s][info][gc,start    ] GC(4) Garbage Collection (Warmup)
[24.258s][info][gc,task     ] GC(4) Using 2 workers
[24.258s][info][gc,phases   ] GC(4) Pause Mark Start 0.011ms
[24.274s][info][gc,phases   ] GC(4) Concurrent Mark 15.684ms
[24.274s][info][gc,phases   ] GC(4) Pause Mark End 0.014ms
[24.274s][info][gc,phases   ] GC(4) Concurrent Mark Free 0.002ms
[24.277s][info][gc,phases   ] GC(4) Concurrent Process Non-Strong References 2.565ms
[24.277s][info][gc,phases   ] GC(4) Concurrent Reset Relocation Set 0.002ms
[24.279s][info][gc,phases   ] GC(4) Concurrent Select Relocation Set 1.582ms
[24.279s][info][gc,phases   ] GC(4) Pause Relocate Start 0.010ms
[24.282s][info][gc,phases   ] GC(4) Concurrent Relocate 2.494ms
[24.282s][info][gc,load     ] GC(4) Load: 0.00/0.00/0.00
[24.282s][info][gc,mmu      ] GC(4) MMU: 2ms/98.5%, 5ms/99.2%, 10ms/99.6%, 20ms/99.8%, 50ms/99.9%, 100ms/100.0%
[24.282s][info][gc,marking  ] GC(4) Mark: 2 stripe(s), 2 proactive flush(es), 1 terminate flush(es), 0 completion(s), 0 continuation(s) 
[24.282s][info][gc,marking  ] GC(4) Mark Stack Usage: 32M
[24.282s][info][gc,nmethod  ] GC(4) NMethods: 2466 registered, 6 unregistered
[24.282s][info][gc,metaspace] GC(4) Metaspace: 9M used, 9M committed, 1088M reserved
[24.282s][info][gc,ref      ] GC(4) Soft: 402 encountered, 0 discovered, 0 enqueued
[24.282s][info][gc,ref      ] GC(4) Weak: 714 encountered, 40 discovered, 0 enqueued
[24.282s][info][gc,ref      ] GC(4) Final: 3 encountered, 1 discovered, 0 enqueued
[24.282s][info][gc,ref      ] GC(4) Phantom: 40 encountered, 27 discovered, 1 enqueued
[24.282s][info][gc,reloc    ] GC(4) Small Pages: 572 / 1144M, Empty: 704M, Relocated: 8M, In-Place: 0
[24.282s][info][gc,reloc    ] GC(4) Medium Pages: 3 / 96M, Empty: 32M, Relocated: 7M, In-Place: 0
[24.282s][info][gc,reloc    ] GC(4) Large Pages: 1 / 6M, Empty: 6M, Relocated: 0M, In-Place: 0
[24.282s][info][gc,reloc    ] GC(4) Forwarding Usage: 0M
[24.282s][info][gc,heap     ] GC(4) Min Capacity: 4096M(100%)
[24.282s][info][gc,heap     ] GC(4) Max Capacity: 4096M(100%)
[24.282s][info][gc,heap     ] GC(4) Soft Max Capacity: 4096M(100%)
[24.282s][info][gc,heap     ] GC(4)                Mark Start          Mark End        Relocate Start      Relocate End           High               Low         
[24.282s][info][gc,heap     ] GC(4)  Capacity:     4096M (100%)       4096M (100%)       4096M (100%)       4096M (100%)       4096M (100%)       4096M (100%)   
[24.282s][info][gc,heap     ] GC(4)      Free:     2850M (70%)        2814M (69%)        3556M (87%)        4008M (98%)        4008M (98%)        2814M (69%)    
[24.282s][info][gc,heap     ] GC(4)      Used:     1246M (30%)        1282M (31%)         540M (13%)          88M (2%)         1282M (31%)          88M (2%)     
[24.282s][info][gc,heap     ] GC(4)      Live:         -                19M (0%)           19M (0%)           19M (0%)             -                  -          
[24.282s][info][gc,heap     ] GC(4) Allocated:         -                36M (1%)           36M (1%)           36M (1%)             -                  -          
[24.282s][info][gc,heap     ] GC(4)   Garbage:         -              1226M (30%)         484M (12%)          32M (1%)             -                  -          
[24.282s][info][gc,heap     ] GC(4) Reclaimed:         -                  -               742M (18%)        1194M (29%)            -                  -          
[24.282s][info][gc          ] GC(4) Garbage Collection (Warmup) 1246M(30%)->88M(2%)
[25.753s][info][gc,start    ] GC(5) Garbage Collection (Proactive)
[25.753s][info][gc,task     ] GC(5) Using 2 workers
[25.753s][info][gc,phases   ] GC(5) Pause Mark Start 0.008ms
[25.769s][info][gc,phases   ] GC(5) Concurrent Mark 15.634ms
[25.769s][info][gc,phases   ] GC(5) Pause Mark End 0.016ms
[25.769s][info][gc,phases   ] GC(5) Concurrent Mark Free 0.001ms
[25.772s][info][gc,phases   ] GC(5) Concurrent Process Non-Strong References 2.383ms
[25.772s][info][gc,phases   ] GC(5) Concurrent Reset Relocation Set 0.008ms
[25.773s][info][gc,phases   ] GC(5) Concurrent Select Relocation Set 1.616ms
[25.773s][info][gc,phases   ] GC(5) Pause Relocate Start 0.011ms
[25.775s][info][gc,phases   ] GC(5) Concurrent Relocate 1.101ms
[25.775s][info][gc,load     ] GC(5) Load: 0.00/0.00/0.00
[25.775s][info][gc,mmu      ] GC(5) MMU: 2ms/98.5%, 5ms/99.2%, 10ms/99.6%, 20ms/99.8%, 50ms/99.9%, 100ms/100.0%
[25.775s][info][gc,marking  ] GC(5) Mark: 2 stripe(s), 2 proactive flush(es), 1 terminate flush(es), 0 completion(s), 0 continuation(s) 
[25.775s][info][gc,marking  ] GC(5) Mark Stack Usage: 32M
[25.775s][info][gc,nmethod  ] GC(5) NMethods: 2547 registered, 8 unregistered
[25.775s][info][gc,metaspace] GC(5) Metaspace: 9M used, 9M committed, 1088M reserved
[25.775s][info][gc,ref      ] GC(5) Soft: 402 encountered, 0 discovered, 0 enqueued
[25.775s][info][gc,ref      ] GC(5) Weak: 717 encountered, 30 discovered, 0 enqueued
[25.775s][info][gc,ref      ] GC(5) Final: 3 encountered, 1 discovered, 0 enqueued
[25.775s][info][gc,ref      ] GC(5) Phantom: 50 encountered, 40 discovered, 1 enqueued
[25.775s][info][gc,reloc    ] GC(5) Small Pages: 381 / 762M, Empty: 642M, Relocated: 1M, In-Place: 0
[25.775s][info][gc,reloc    ] GC(5) Medium Pages: 2 / 64M, Empty: 64M, Relocated: 0M, In-Place: 0
[25.775s][info][gc,reloc    ] GC(5) Large Pages: 1 / 6M, Empty: 6M, Relocated: 0M, In-Place: 0
[25.775s][info][gc,reloc    ] GC(5) Forwarding Usage: 0M
[25.775s][info][gc,heap     ] GC(5) Min Capacity: 4096M(100%)
[25.775s][info][gc,heap     ] GC(5) Max Capacity: 4096M(100%)
[25.775s][info][gc,heap     ] GC(5) Soft Max Capacity: 4096M(100%)
[25.775s][info][gc,heap     ] GC(5)                Mark Start          Mark End        Relocate Start      Relocate End           High               Low         
[25.775s][info][gc,heap     ] GC(5)  Capacity:     4096M (100%)       4096M (100%)       4096M (100%)       4096M (100%)       4096M (100%)       4096M (100%)   
[25.775s][info][gc,heap     ] GC(5)      Free:     3264M (80%)        3254M (79%)        3962M (97%)        4074M (99%)        4074M (99%)        3252M (79%)    
[25.775s][info][gc,heap     ] GC(5)      Used:      832M (20%)         842M (21%)         134M (3%)           22M (1%)          844M (21%)          22M (1%)     
[25.775s][info][gc,heap     ] GC(5)      Live:         -                 4M (0%)            4M (0%)            4M (0%)             -                  -          
[25.775s][info][gc,heap     ] GC(5) Allocated:         -                10M (0%)           14M (0%)           13M (0%)             -                  -          
[25.775s][info][gc,heap     ] GC(5)   Garbage:         -               827M (20%)         115M (3%)            3M (0%)             -                  -          
[25.775s][info][gc,heap     ] GC(5) Reclaimed:         -                  -               712M (17%)         823M (20%)            -                  -          
[25.775s][info][gc          ] GC(5) Garbage Collection (Proactive) 832M(20%)->22M(1%)
[26.058s][info][gc,start    ] GC(6) Garbage Collection (System.gc())
[26.058s][info][gc,task     ] GC(6) Using 2 workers
[26.058s][info][gc,phases   ] GC(6) Pause Mark Start 0.005ms
[26.070s][info][gc,phases   ] GC(6) Concurrent Mark 11.336ms
[26.070s][info][gc,phases   ] GC(6) Pause Mark End 0.024ms
[26.070s][info][gc,phases   ] GC(6) Concurrent Mark Free 0.002ms
[26.073s][info][gc,phases   ] GC(6) Concurrent Process Non-Strong References 3.060ms
[26.073s][info][gc,phases   ] GC(6) Concurrent Reset Relocation Set 0.005ms
[26.075s][info][gc,phases   ] GC(6) Concurrent Select Relocation Set 1.402ms
[26.075s][info][gc,phases   ] GC(6) Pause Relocate Start 0.008ms
[26.076s][info][gc,phases   ] GC(6) Concurrent Relocate 1.070ms
[26.076s][info][gc,load     ] GC(6) Load: 0.00/0.00/0.00
[26.076s][info][gc,mmu      ] GC(6) MMU: 2ms/98.5%, 5ms/99.2%, 10ms/99.6%, 20ms/99.8%, 50ms/99.9%, 100ms/100.0%
[26.076s][info][gc,marking  ] GC(6) Mark: 2 stripe(s), 1 proactive flush(es), 1 terminate flush(es), 0 completion(s), 0 continuation(s) 
[26.076s][info][gc,marking  ] GC(6) Mark Stack Usage: 32M
[26.076s][info][gc,nmethod  ] GC(6) NMethods: 2585 registered, 8 unregistered
[26.076s][info][gc,metaspace] GC(6) Metaspace: 9M used, 9M committed, 1088M reserved
[26.076s][info][gc,ref      ] GC(6) Soft: 402 encountered, 0 discovered, 0 enqueued
[26.076s][info][gc,ref      ] GC(6) Weak: 712 encountered, 393 discovered, 2 enqueued
[26.076s][info][gc,ref      ] GC(6) Final: 3 encountered, 3 discovered, 0 enqueued
[26.076s][info][gc,ref      ] GC(6) Phantom: 26 encountered, 18 discovered, 0 enqueued
[26.076s][info][gc,reloc    ] GC(6) Small Pages: 131 / 262M, Empty: 250M, Relocated: 1M, In-Place: 0
[26.076s][info][gc,reloc    ] GC(6) Medium Pages: 0 / 0M, Empty: 0M, Relocated: 0M, In-Place: 0
[26.076s][info][gc,reloc    ] GC(6) Large Pages: 0 / 0M, Empty: 0M, Relocated: 0M, In-Place: 0
[26.076s][info][gc,reloc    ] GC(6) Forwarding Usage: 0M
[26.076s][info][gc,heap     ] GC(6) Min Capacity: 4096M(100%)
[26.076s][info][gc,heap     ] GC(6) Max Capacity: 4096M(100%)
[26.076s][info][gc,heap     ] GC(6) Soft Max Capacity: 4096M(100%)
[26.076s][info][gc,heap     ] GC(6)                Mark Start          Mark End        Relocate Start      Relocate End           High               Low         
[26.076s][info][gc,heap     ] GC(6)  Capacity:     4096M (100%)       4096M (100%)       4096M (100%)       4096M (100%)       4096M (100%)       4096M (100%)   
[26.076s][info][gc,heap     ] GC(6)      Free:     3834M (94%)        3834M (94%)        4084M (100%)       4088M (100%)       4088M (100%)       3834M (94%)    
[26.076s][info][gc,heap     ] GC(6)      Used:      262M (6%)          262M (6%)           12M (0%)            8M (0%)          262M (6%)            8M (0%)     
[26.076s][info][gc,heap     ] GC(6)      Live:         -                 4M (0%)            4M (0%)            4M (0%)             -                  -          
[26.076s][info][gc,heap     ] GC(6) Allocated:         -                 0M (0%)            0M (0%)            0M (0%)             -                  -          
[26.076s][info][gc,heap     ] GC(6)   Garbage:         -               257M (6%)            7M (0%)            3M (0%)             -                  -          
[26.076s][info][gc,heap     ] GC(6) Reclaimed:         -                  -               250M (6%)          254M (6%)             -                  -          
[26.076s][info][gc          ] GC(6) Garbage Collection (System.gc()) 262M(6%)->8M(0%)
[27.460s][info][gc,start    ] GC(7) Garbage Collection (Proactive)
[27.460s][info][gc,task     ] GC(7) Using 2 workers
[27.477s][info][gc,phases   ] GC(7) Pause Mark Start 0.019ms
[27.492s][info][gc,phases   ] GC(7) Concurrent Mark 15.482ms
[27.492s][info][gc,phases   ] GC(7) Pause Mark End 0.016ms
[27.493s][info][gc,phases   ] GC(7) Concurrent Mark Free 0.002ms
[27.495s][info][gc,phases   ] GC(7) Concurrent Process Non-Strong References 2.473ms
[27.495s][info][gc,phases   ] GC(7) Concurrent Reset Relocation Set 0.002ms
[27.496s][info][gc,phases   ] GC(7) Concurrent Select Relocation Set 1.274ms
[27.497s][info][gc,phases   ] GC(7) Pause Relocate Start 0.011ms
[27.498s][info][gc,phases   ] GC(7) Concurrent Relocate 1.071ms
[27.498s][info][gc,load     ] GC(7) Load: 0.00/0.00/0.00
[27.498s][info][gc,mmu      ] GC(7) MMU: 2ms/98.5%, 5ms/99.2%, 10ms/99.6%, 20ms/99.8%, 50ms/99.9%, 100ms/100.0%
[27.498s][info][gc,marking  ] GC(7) Mark: 2 stripe(s), 2 proactive flush(es), 1 terminate flush(es), 0 completion(s), 0 continuation(s) 
[27.498s][info][gc,marking  ] GC(7) Mark Stack Usage: 32M
[27.498s][info][gc,nmethod  ] GC(7) NMethods: 2607 registered, 8 unregistered
[27.498s][info][gc,metaspace] GC(7) Metaspace: 9M used, 9M committed, 1088M reserved
[27.498s][info][gc,ref      ] GC(7) Soft: 402 encountered, 0 discovered, 0 enqueued
[27.498s][info][gc,ref      ] GC(7) Weak: 714 encountered, 381 discovered, 0 enqueued
[27.498s][info][gc,ref      ] GC(7) Final: 3 encountered, 2 discovered, 0 enqueued
[27.498s][info][gc,ref      ] GC(7) Phantom: 34 encountered, 32 discovered, 1 enqueued
[27.498s][info][gc,reloc    ] GC(7) Small Pages: 225 / 450M, Empty: 56M, Relocated: 7M, In-Place: 0
[27.498s][info][gc,reloc    ] GC(7) Medium Pages: 2 / 64M, Empty: 32M, Relocated: 0M, In-Place: 0
[27.498s][info][gc,reloc    ] GC(7) Large Pages: 1 / 6M, Empty: 0M, Relocated: 0M, In-Place: 0
[27.498s][info][gc,reloc    ] GC(7) Forwarding Usage: 0M
[27.498s][info][gc,heap     ] GC(7) Min Capacity: 4096M(100%)
[27.498s][info][gc,heap     ] GC(7) Max Capacity: 4096M(100%)
[27.498s][info][gc,heap     ] GC(7) Soft Max Capacity: 4096M(100%)
[27.498s][info][gc,heap     ] GC(7)                Mark Start          Mark End        Relocate Start      Relocate End           High               Low         
[27.498s][info][gc,heap     ] GC(7)  Capacity:     4096M (100%)       4096M (100%)       4096M (100%)       4096M (100%)       4096M (100%)       4096M (100%)   
[27.498s][info][gc,heap     ] GC(7)      Free:     3576M (87%)        3576M (87%)        3664M (89%)        4040M (99%)        4040M (99%)        3576M (87%)    
[27.498s][info][gc,heap     ] GC(7)      Used:      520M (13%)         520M (13%)         432M (11%)          56M (1%)          520M (13%)          56M (1%)     
[27.498s][info][gc,heap     ] GC(7)      Live:         -                23M (1%)           23M (1%)           23M (1%)             -                  -          
[27.498s][info][gc,heap     ] GC(7) Allocated:         -                 0M (0%)            0M (0%)            1M (0%)             -                  -          
[27.498s][info][gc,heap     ] GC(7)   Garbage:         -               496M (12%)         408M (10%)          31M (1%)             -                  -          
[27.498s][info][gc,heap     ] GC(7) Reclaimed:         -                  -                88M (2%)          465M (11%)            -                  -          
[27.498s][info][gc          ] GC(7) Garbage Collection (Proactive) 520M(13%)->56M(1%)
[30.152s][info][gc,stats    ] === Garbage Collection Statistics =======================================================================================================================
[30.153s][info][gc,stats    ]                                                              Last 10s              Last 10m              Last 10h                Total
[30.153s][info][gc,stats    ]                                                              Avg / Max             Avg / Max             Avg / Max             Avg / Max
[30.153s][info][gc,stats    ]   Collector: Garbage Collection Cycle                     25.196 / 37.429       24.523 / 37.429       24.523 / 37.429       24.523 / 37.429      ms
[30.153s][info][gc,stats    ]  Contention: Mark Segment Reset Contention                     0 / 1                 0 / 1                 0 / 1                 0 / 1           ops/s
[30.153s][info][gc,stats    ]  Contention: Mark SeqNum Reset Contention                      0 / 2                 0 / 2                 0 / 2                 0 / 2           ops/s
[30.153s][info][gc,stats    ]    Critical: Allocation Stall                                  0 / 0                 0 / 0                 0 / 0                 0 / 0           ops/s
[30.153s][info][gc,stats    ]    Critical: Allocation Stall                              0.000 / 0.000         0.000 / 0.000         0.000 / 0.000         0.000 / 0.000       ms
[30.153s][info][gc,stats    ]    Critical: GC Locker Stall                                   0 / 0                 0 / 0                 0 / 0                 0 / 0           ops/s
[30.153s][info][gc,stats    ]    Critical: GC Locker Stall                               0.000 / 0.000         0.000 / 0.000         0.000 / 0.000         0.000 / 0.000       ms
[30.153s][info][gc,stats    ]    Critical: Relocation Stall                                  0 / 0                 0 / 0                 0 / 0                 0 / 0           ops/s
[30.153s][info][gc,stats    ]    Critical: Relocation Stall                              0.000 / 0.000         0.000 / 0.000         0.000 / 0.000         0.000 / 0.000       ms
[30.153s][info][gc,stats    ]      Memory: Allocation Rate                                 425 / 676             209 / 676             209 / 676             209 / 676         MB/s
[30.153s][info][gc,stats    ]      Memory: Out Of Memory                                     0 / 0                 0 / 0                 0 / 0                 0 / 0           ops/s
[30.153s][info][gc,stats    ]      Memory: Page Cache Flush                                  0 / 0                 0 / 0                 0 / 0                 0 / 0           MB/s
[30.153s][info][gc,stats    ]      Memory: Page Cache Hit L1                               185 / 327              79 / 327              79 / 327              79 / 327         ops/s
[30.153s][info][gc,stats    ]      Memory: Page Cache Hit L2                                 0 / 0                 0 / 0                 0 / 0                 0 / 0           ops/s
[30.153s][info][gc,stats    ]      Memory: Page Cache Hit L3                                16 / 146              19 / 146              19 / 146              19 / 146         ops/s
[30.153s][info][gc,stats    ]      Memory: Page Cache Miss                                   0 / 0                 0 / 1                 0 / 1                 0 / 1           ops/s
[30.153s][info][gc,stats    ]      Memory: Uncommit                                          0 / 0                 0 / 0                 0 / 0                 0 / 0           MB/s
[30.153s][info][gc,stats    ]      Memory: Undo Object Allocation Failed                     0 / 0                 0 / 0                 0 / 0                 0 / 0           ops/s
[30.153s][info][gc,stats    ]      Memory: Undo Object Allocation Succeeded                  0 / 2                 0 / 2                 0 / 2                 0 / 2           ops/s
[30.153s][info][gc,stats    ]      Memory: Undo Page Allocation                              0 / 0                 0 / 0                 0 / 0                 0 / 0           ops/s
[30.153s][info][gc,stats    ]       Phase: Concurrent Mark                              15.564 / 19.683       15.449 / 19.683       15.449 / 19.683       15.449 / 19.683      ms
[30.153s][info][gc,stats    ]       Phase: Concurrent Mark Continue                      0.000 / 0.000         0.000 / 0.000         0.000 / 0.000         0.000 / 0.000       ms
[30.153s][info][gc,stats    ]       Phase: Concurrent Mark Free                          0.002 / 0.002         0.001 / 0.002         0.001 / 0.002         0.001 / 0.002       ms
[30.153s][info][gc,stats    ]       Phase: Concurrent Process Non-Strong References      2.699 / 3.060         2.373 / 3.060         2.373 / 3.060         2.373 / 3.060       ms
[30.153s][info][gc,stats    ]       Phase: Concurrent Relocate                           1.259 / 2.494         1.952 / 5.120         1.952 / 5.120         1.952 / 5.120       ms
[30.153s][info][gc,stats    ]       Phase: Concurrent Reset Relocation Set               0.005 / 0.008         0.004 / 0.008         0.004 / 0.008         0.004 / 0.008       ms
[30.153s][info][gc,stats    ]       Phase: Concurrent Select Relocation Set              1.483 / 1.616         1.777 / 3.052         1.777 / 3.052         1.777 / 3.052       ms
[30.153s][info][gc,stats    ]       Phase: Pause Mark End                                0.018 / 0.024         0.020 / 0.030         0.020 / 0.030         0.020 / 0.030       ms
[30.153s][info][gc,stats    ]       Phase: Pause Mark Start                              0.010 / 0.019         0.010 / 0.019         0.010 / 0.019         0.010 / 0.019       ms
[30.153s][info][gc,stats    ]       Phase: Pause Relocate Start                          0.009 / 0.011         0.010 / 0.011         0.010 / 0.011         0.010 / 0.011       ms
[30.153s][info][gc,stats    ]    Subphase: Concurrent Classes Purge                      0.120 / 0.148         0.104 / 0.148         0.104 / 0.148         0.104 / 0.148       ms
[30.153s][info][gc,stats    ]    Subphase: Concurrent Classes Unlink                     2.011 / 2.499         1.724 / 2.499         1.724 / 2.499         1.724 / 2.499       ms
[30.153s][info][gc,stats    ]    Subphase: Concurrent Mark                               9.254 / 19.350        9.344 / 19.350        9.344 / 19.350        9.344 / 19.350      ms
[30.153s][info][gc,stats    ]    Subphase: Concurrent Mark Try Flush                     0.078 / 0.131         0.077 / 0.135         0.077 / 0.135         0.077 / 0.135       ms
[30.153s][info][gc,stats    ]    Subphase: Concurrent Mark Try Terminate                 3.905 / 15.748        3.793 / 15.748        3.793 / 15.748        3.793 / 15.748      ms
[30.153s][info][gc,stats    ]    Subphase: Concurrent References Enqueue                 0.005 / 0.008         0.005 / 0.008         0.005 / 0.008         0.005 / 0.008       ms
[30.153s][info][gc,stats    ]    Subphase: Concurrent References Process                 0.125 / 0.227         0.123 / 0.227         0.123 / 0.227         0.123 / 0.227       ms
[30.153s][info][gc,stats    ]    Subphase: Concurrent Roots ClassLoaderDataGraph         0.077 / 0.216         0.081 / 0.289         0.081 / 0.289         0.081 / 0.289       ms
[30.153s][info][gc,stats    ]    Subphase: Concurrent Roots CodeCache                    0.000 / 0.000         0.000 / 0.000         0.000 / 0.000         0.000 / 0.000       ms
[30.153s][info][gc,stats    ]    Subphase: Concurrent Roots JavaThreads                  0.280 / 0.614         0.254 / 0.614         0.254 / 0.614         0.254 / 0.614       ms
[30.154s][info][gc,stats    ]    Subphase: Concurrent Roots OopStorageSet                0.022 / 0.053         0.030 / 0.070         0.030 / 0.070         0.030 / 0.070       ms
[30.154s][info][gc,stats    ]    Subphase: Concurrent Weak Roots OopStorageSet           0.247 / 0.333         0.235 / 0.379         0.235 / 0.379         0.235 / 0.379       ms
[30.154s][info][gc,stats    ]    Subphase: Pause Mark Try Complete                       0.000 / 0.000         0.000 / 0.000         0.000 / 0.000         0.000 / 0.000       ms
[30.154s][info][gc,stats    ]      System: Java Threads                                     12 / 14               12 / 14               12 / 14               12 / 14          threads
[30.154s][info][gc,stats    ] =========================================================================================================================================================
[30.564s][info][gc,start    ] GC(8) Garbage Collection (Proactive)
[30.564s][info][gc,task     ] GC(8) Using 2 workers
[30.564s][info][gc,phases   ] GC(8) Pause Mark Start 0.008ms
[30.580s][info][gc,phases   ] GC(8) Concurrent Mark 15.585ms
[30.580s][info][gc,phases   ] GC(8) Pause Mark End 0.015ms
[30.580s][info][gc,phases   ] GC(8) Concurrent Mark Free 0.001ms
[30.583s][info][gc,phases   ] GC(8) Concurrent Process Non-Strong References 2.660ms
[30.583s][info][gc,phases   ] GC(8) Concurrent Reset Relocation Set 0.008ms
[30.586s][info][gc,phases   ] GC(8) Concurrent Select Relocation Set 2.726ms
[30.586s][info][gc,phases   ] GC(8) Pause Relocate Start 0.008ms
[30.587s][info][gc,phases   ] GC(8) Concurrent Relocate 1.176ms
[30.587s][info][gc,load     ] GC(8) Load: 0.00/0.00/0.00
[30.587s][info][gc,mmu      ] GC(8) MMU: 2ms/98.5%, 5ms/99.2%, 10ms/99.6%, 20ms/99.8%, 50ms/99.9%, 100ms/100.0%
[30.587s][info][gc,marking  ] GC(8) Mark: 2 stripe(s), 2 proactive flush(es), 1 terminate flush(es), 0 completion(s), 0 continuation(s) 
[30.587s][info][gc,marking  ] GC(8) Mark Stack Usage: 32M
[30.587s][info][gc,nmethod  ] GC(8) NMethods: 2676 registered, 8 unregistered
[30.587s][info][gc,metaspace] GC(8) Metaspace: 9M used, 9M committed, 1088M reserved
[30.587s][info][gc,ref      ] GC(8) Soft: 402 encountered, 0 discovered, 0 enqueued
[30.587s][info][gc,ref      ] GC(8) Weak: 717 encountered, 387 discovered, 0 enqueued
[30.587s][info][gc,ref      ] GC(8) Final: 3 encountered, 1 discovered, 0 enqueued
[30.587s][info][gc,ref      ] GC(8) Phantom: 50 encountered, 32 discovered, 1 enqueued
[30.587s][info][gc,reloc    ] GC(8) Small Pages: 653 / 1306M, Empty: 1228M, Relocated: 1M, In-Place: 0
[30.587s][info][gc,reloc    ] GC(8) Medium Pages: 3 / 96M, Empty: 96M, Relocated: 0M, In-Place: 0
[30.587s][info][gc,reloc    ] GC(8) Large Pages: 2 / 12M, Empty: 12M, Relocated: 0M, In-Place: 0
[30.587s][info][gc,reloc    ] GC(8) Forwarding Usage: 0M
[30.587s][info][gc,heap     ] GC(8) Min Capacity: 4096M(100%)
[30.587s][info][gc,heap     ] GC(8) Max Capacity: 4096M(100%)
[30.587s][info][gc,heap     ] GC(8) Soft Max Capacity: 4096M(100%)
[30.587s][info][gc,heap     ] GC(8)                Mark Start          Mark End        Relocate Start      Relocate End           High               Low         
[30.587s][info][gc,heap     ] GC(8)  Capacity:     4096M (100%)       4096M (100%)       4096M (100%)       4096M (100%)       4096M (100%)       4096M (100%)   
[30.587s][info][gc,heap     ] GC(8)      Free:     2682M (65%)        2670M (65%)        4002M (98%)        4070M (99%)        4070M (99%)        2668M (65%)    
[30.587s][info][gc,heap     ] GC(8)      Used:     1414M (35%)        1426M (35%)          94M (2%)           26M (1%)         1428M (35%)          26M (1%)     
[30.587s][info][gc,heap     ] GC(8)      Live:         -                 4M (0%)            4M (0%)            4M (0%)             -                  -          
[30.587s][info][gc,heap     ] GC(8) Allocated:         -                12M (0%)           16M (0%)           17M (0%)             -                  -          
[30.587s][info][gc,heap     ] GC(8)   Garbage:         -              1409M (34%)          73M (2%)            3M (0%)             -                  -          
[30.587s][info][gc,heap     ] GC(8) Reclaimed:         -                  -              1336M (33%)        1405M (34%)            -                  -          
[30.587s][info][gc          ] GC(8) Garbage Collection (Proactive) 1414M(35%)->26M(1%)
[31.044s][info][gc,start    ] GC(9) Garbage Collection (System.gc())
[31.044s][info][gc,task     ] GC(9) Using 2 workers
[31.044s][info][gc,phases   ] GC(9) Pause Mark Start 0.008ms
[31.054s][info][gc,phases   ] GC(9) Concurrent Mark 9.592ms
[31.054s][info][gc,phases   ] GC(9) Pause Mark End 0.012ms
[31.054s][info][gc,phases   ] GC(9) Concurrent Mark Free 0.001ms
[31.057s][info][gc,phases   ] GC(9) Concurrent Process Non-Strong References 3.014ms
[31.057s][info][gc,phases   ] GC(9) Concurrent Reset Relocation Set 0.009ms
[31.059s][info][gc,phases   ] GC(9) Concurrent Select Relocation Set 1.613ms
[31.059s][info][gc,phases   ] GC(9) Pause Relocate Start 0.008ms
[31.060s][info][gc,phases   ] GC(9) Concurrent Relocate 1.068ms
[31.060s][info][gc,load     ] GC(9) Load: 0.00/0.00/0.00
[31.060s][info][gc,mmu      ] GC(9) MMU: 2ms/98.5%, 5ms/99.2%, 10ms/99.6%, 20ms/99.8%, 50ms/99.9%, 100ms/100.0%
[31.060s][info][gc,marking  ] GC(9) Mark: 2 stripe(s), 1 proactive flush(es), 1 terminate flush(es), 0 completion(s), 0 continuation(s) 
[31.060s][info][gc,marking  ] GC(9) Mark Stack Usage: 32M
[31.060s][info][gc,nmethod  ] GC(9) NMethods: 2695 registered, 8 unregistered
[31.060s][info][gc,metaspace] GC(9) Metaspace: 9M used, 9M committed, 1088M reserved
[31.060s][info][gc,ref      ] GC(9) Soft: 402 encountered, 0 discovered, 0 enqueued
[31.060s][info][gc,ref      ] GC(9) Weak: 712 encountered, 407 discovered, 2 enqueued
[31.060s][info][gc,ref      ] GC(9) Final: 3 encountered, 0 discovered, 0 enqueued
[31.060s][info][gc,ref      ] GC(9) Phantom: 26 encountered, 19 discovered, 0 enqueued
[31.060s][info][gc,reloc    ] GC(9) Small Pages: 205 / 410M, Empty: 396M, Relocated: 1M, In-Place: 0
[31.060s][info][gc,reloc    ] GC(9) Medium Pages: 0 / 0M, Empty: 0M, Relocated: 0M, In-Place: 0
[31.060s][info][gc,reloc    ] GC(9) Large Pages: 0 / 0M, Empty: 0M, Relocated: 0M, In-Place: 0
[31.060s][info][gc,reloc    ] GC(9) Forwarding Usage: 0M
[31.060s][info][gc,heap     ] GC(9) Min Capacity: 4096M(100%)
[31.060s][info][gc,heap     ] GC(9) Max Capacity: 4096M(100%)
[31.060s][info][gc,heap     ] GC(9) Soft Max Capacity: 4096M(100%)
[31.060s][info][gc,heap     ] GC(9)                Mark Start          Mark End        Relocate Start      Relocate End           High               Low         
[31.060s][info][gc,heap     ] GC(9)  Capacity:     4096M (100%)       4096M (100%)       4096M (100%)       4096M (100%)       4096M (100%)       4096M (100%)   
[31.060s][info][gc,heap     ] GC(9)      Free:     3686M (90%)        3686M (90%)        4082M (100%)       4088M (100%)       4088M (100%)       3686M (90%)    
[31.060s][info][gc,heap     ] GC(9)      Used:      410M (10%)         410M (10%)          14M (0%)            8M (0%)          410M (10%)           8M (0%)     
[31.060s][info][gc,heap     ] GC(9)      Live:         -                 4M (0%)            4M (0%)            4M (0%)             -                  -          
[31.060s][info][gc,heap     ] GC(9) Allocated:         -                 0M (0%)            0M (0%)            0M (0%)             -                  -          
[31.060s][info][gc,heap     ] GC(9)   Garbage:         -               405M (10%)           9M (0%)            3M (0%)             -                  -          
[31.060s][info][gc,heap     ] GC(9) Reclaimed:         -                  -               396M (10%)         402M (10%)            -                  -          
[31.060s][info][gc          ] GC(9) Garbage Collection (System.gc()) 410M(10%)->8M(0%)
[33.062s][info][gc,start    ] GC(10) Garbage Collection (Proactive)
[33.063s][info][gc,task     ] GC(10) Using 2 workers
[33.063s][info][gc,phases   ] GC(10) Pause Mark Start 0.008ms
[33.078s][info][gc,phases   ] GC(10) Concurrent Mark 15.572ms
[33.079s][info][gc,phases   ] GC(10) Pause Mark End 0.019ms
[33.079s][info][gc,phases   ] GC(10) Concurrent Mark Free 0.001ms
[33.081s][info][gc,phases   ] GC(10) Concurrent Process Non-Strong References 2.473ms
[33.081s][info][gc,phases   ] GC(10) Concurrent Reset Relocation Set 0.001ms
[33.083s][info][gc,phases   ] GC(10) Concurrent Select Relocation Set 1.775ms
[33.083s][info][gc,phases   ] GC(10) Pause Relocate Start 0.010ms
[33.085s][info][gc,phases   ] GC(10) Concurrent Relocate 1.933ms
[33.085s][info][gc,load     ] GC(10) Load: 0.00/0.00/0.00
[33.085s][info][gc,mmu      ] GC(10) MMU: 2ms/98.5%, 5ms/99.2%, 10ms/99.6%, 20ms/99.8%, 50ms/99.9%, 100ms/100.0%
[33.085s][info][gc,marking  ] GC(10) Mark: 2 stripe(s), 2 proactive flush(es), 1 terminate flush(es), 0 completion(s), 0 continuation(s) 
[33.085s][info][gc,marking  ] GC(10) Mark Stack Usage: 32M
[33.085s][info][gc,nmethod  ] GC(10) NMethods: 2717 registered, 8 unregistered
[33.085s][info][gc,metaspace] GC(10) Metaspace: 9M used, 9M committed, 1088M reserved
[33.085s][info][gc,ref      ] GC(10) Soft: 402 encountered, 0 discovered, 0 enqueued
[33.085s][info][gc,ref      ] GC(10) Weak: 714 encountered, 139 discovered, 0 enqueued
[33.085s][info][gc,ref      ] GC(10) Final: 3 encountered, 1 discovered, 0 enqueued
[33.085s][info][gc,ref      ] GC(10) Phantom: 40 encountered, 26 discovered, 1 enqueued
[33.085s][info][gc,reloc    ] GC(10) Small Pages: 387 / 774M, Empty: 678M, Relocated: 3M, In-Place: 0
[33.085s][info][gc,reloc    ] GC(10) Medium Pages: 2 / 64M, Empty: 32M, Relocated: 0M, In-Place: 0
[33.085s][info][gc,reloc    ] GC(10) Large Pages: 1 / 6M, Empty: 6M, Relocated: 0M, In-Place: 0
[33.085s][info][gc,reloc    ] GC(10) Forwarding Usage: 0M
[33.085s][info][gc,heap     ] GC(10) Min Capacity: 4096M(100%)
[33.085s][info][gc,heap     ] GC(10) Max Capacity: 4096M(100%)
[33.085s][info][gc,heap     ] GC(10) Soft Max Capacity: 4096M(100%)
[33.085s][info][gc,heap     ] GC(10)                Mark Start          Mark End        Relocate Start      Relocate End           High               Low         
[33.085s][info][gc,heap     ] GC(10)  Capacity:     4096M (100%)       4096M (100%)       4096M (100%)       4096M (100%)       4096M (100%)       4096M (100%)   
[33.085s][info][gc,heap     ] GC(10)      Free:     3252M (79%)        3214M (78%)        3930M (96%)        4016M (98%)        4016M (98%)        3214M (78%)    
[33.086s][info][gc,heap     ] GC(10)      Used:      844M (21%)         882M (22%)         166M (4%)           80M (2%)          882M (22%)          80M (2%)     
[33.086s][info][gc,heap     ] GC(10)      Live:         -                 8M (0%)            8M (0%)            8M (0%)             -                  -          
[33.086s][info][gc,heap     ] GC(10) Allocated:         -                38M (1%)           38M (1%)           39M (1%)             -                  -          
[33.086s][info][gc,heap     ] GC(10)   Garbage:         -               835M (20%)         119M (3%)           31M (1%)             -                  -          
[33.086s][info][gc,heap     ] GC(10) Reclaimed:         -                  -               716M (17%)         803M (20%)            -                  -          
[33.086s][info][gc          ] GC(10) Garbage Collection (Proactive) 844M(21%)->80M(2%)
[34.950s][info][gc,start    ] GC(11) Garbage Collection (Proactive)
[34.950s][info][gc,task     ] GC(11) Using 2 workers
[34.950s][info][gc,phases   ] GC(11) Pause Mark Start 0.013ms
[34.966s][info][gc,phases   ] GC(11) Concurrent Mark 15.698ms
[34.966s][info][gc,phases   ] GC(11) Pause Mark End 0.018ms
[34.966s][info][gc,phases   ] GC(11) Concurrent Mark Free 0.001ms
[34.969s][info][gc,phases   ] GC(11) Concurrent Process Non-Strong References 2.621ms
[34.969s][info][gc,phases   ] GC(11) Concurrent Reset Relocation Set 0.003ms
[34.970s][info][gc,phases   ] GC(11) Concurrent Select Relocation Set 1.335ms
[34.970s][info][gc,phases   ] GC(11) Pause Relocate Start 0.011ms
[34.971s][info][gc,phases   ] GC(11) Concurrent Relocate 0.424ms
[34.971s][info][gc,load     ] GC(11) Load: 0.00/0.00/0.00
[34.971s][info][gc,mmu      ] GC(11) MMU: 2ms/98.5%, 5ms/99.2%, 10ms/99.6%, 20ms/99.8%, 50ms/99.9%, 100ms/100.0%
[34.971s][info][gc,marking  ] GC(11) Mark: 2 stripe(s), 2 proactive flush(es), 1 terminate flush(es), 0 completion(s), 0 continuation(s) 
[34.971s][info][gc,marking  ] GC(11) Mark Stack Usage: 32M
[34.971s][info][gc,nmethod  ] GC(11) NMethods: 2727 registered, 8 unregistered
[34.971s][info][gc,metaspace] GC(11) Metaspace: 9M used, 9M committed, 1088M reserved
[34.971s][info][gc,ref      ] GC(11) Soft: 402 encountered, 0 discovered, 0 enqueued
[34.971s][info][gc,ref      ] GC(11) Weak: 714 encountered, 375 discovered, 0 enqueued
[34.971s][info][gc,ref      ] GC(11) Final: 3 encountered, 0 discovered, 0 enqueued
[34.971s][info][gc,ref      ] GC(11) Phantom: 39 encountered, 32 discovered, 0 enqueued
[34.971s][info][gc,reloc    ] GC(11) Small Pages: 364 / 728M, Empty: 616M, Relocated: 2M, In-Place: 0
[34.971s][info][gc,reloc    ] GC(11) Medium Pages: 3 / 96M, Empty: 64M, Relocated: 0M, In-Place: 0
[34.971s][info][gc,reloc    ] GC(11) Large Pages: 1 / 6M, Empty: 6M, Relocated: 0M, In-Place: 0
[34.971s][info][gc,reloc    ] GC(11) Forwarding Usage: 0M
[34.971s][info][gc,heap     ] GC(11) Min Capacity: 4096M(100%)
[34.971s][info][gc,heap     ] GC(11) Max Capacity: 4096M(100%)
[34.971s][info][gc,heap     ] GC(11) Soft Max Capacity: 4096M(100%)
[34.971s][info][gc,heap     ] GC(11)                Mark Start          Mark End        Relocate Start      Relocate End           High               Low         
[34.971s][info][gc,heap     ] GC(11)  Capacity:     4096M (100%)       4096M (100%)       4096M (100%)       4096M (100%)       4096M (100%)       4096M (100%)   
[34.971s][info][gc,heap     ] GC(11)      Free:     3266M (80%)        3260M (80%)        3946M (96%)        4046M (99%)        4046M (99%)        3260M (80%)    
[34.971s][info][gc,heap     ] GC(11)      Used:      830M (20%)         836M (20%)         150M (4%)           50M (1%)          836M (20%)          50M (1%)     
[34.971s][info][gc,heap     ] GC(11)      Live:         -                 9M (0%)            9M (0%)            9M (0%)             -                  -          
[34.971s][info][gc,heap     ] GC(11) Allocated:         -                 6M (0%)            6M (0%)            7M (0%)             -                  -          
[34.971s][info][gc,heap     ] GC(11)   Garbage:         -               820M (20%)         134M (3%)           32M (1%)             -                  -          
[34.971s][info][gc,heap     ] GC(11) Reclaimed:         -                  -               686M (17%)         787M (19%)            -                  -          
[34.971s][info][gc          ] GC(11) Garbage Collection (Proactive) 830M(20%)->50M(1%)
[35.935s][info][gc,start    ] GC(12) Garbage Collection (System.gc())
[35.935s][info][gc,task     ] GC(12) Using 2 workers
[35.935s][info][gc,phases   ] GC(12) Pause Mark Start 0.005ms
[35.950s][info][gc,phases   ] GC(12) Concurrent Mark 14.633ms
[35.950s][info][gc,phases   ] GC(12) Pause Mark End 0.029ms
[35.950s][info][gc,phases   ] GC(12) Concurrent Mark Free 0.002ms
[35.953s][info][gc,phases   ] GC(12) Concurrent Process Non-Strong References 3.135ms
[35.953s][info][gc,phases   ] GC(12) Concurrent Reset Relocation Set 0.004ms
[35.955s][info][gc,phases   ] GC(12) Concurrent Select Relocation Set 1.936ms
[35.955s][info][gc,phases   ] GC(12) Pause Relocate Start 0.010ms
[35.956s][info][gc,phases   ] GC(12) Concurrent Relocate 0.614ms
[35.956s][info][gc,load     ] GC(12) Load: 0.00/0.00/0.00
[35.956s][info][gc,mmu      ] GC(12) MMU: 2ms/98.5%, 5ms/99.2%, 10ms/99.6%, 20ms/99.8%, 50ms/99.9%, 100ms/100.0%
[35.956s][info][gc,marking  ] GC(12) Mark: 2 stripe(s), 1 proactive flush(es), 1 terminate flush(es), 0 completion(s), 0 continuation(s) 
[35.956s][info][gc,marking  ] GC(12) Mark Stack Usage: 32M
[35.956s][info][gc,nmethod  ] GC(12) NMethods: 2770 registered, 8 unregistered
[35.956s][info][gc,metaspace] GC(12) Metaspace: 9M used, 9M committed, 1088M reserved
[35.956s][info][gc,ref      ] GC(12) Soft: 402 encountered, 0 discovered, 0 enqueued
[35.956s][info][gc,ref      ] GC(12) Weak: 712 encountered, 30 discovered, 2 enqueued
[35.956s][info][gc,ref      ] GC(12) Final: 3 encountered, 2 discovered, 0 enqueued
[35.956s][info][gc,ref      ] GC(12) Phantom: 27 encountered, 19 discovered, 1 enqueued
[35.956s][info][gc,reloc    ] GC(12) Small Pages: 325 / 650M, Empty: 636M, Relocated: 1M, In-Place: 0
[35.956s][info][gc,reloc    ] GC(12) Medium Pages: 2 / 64M, Empty: 64M, Relocated: 0M, In-Place: 0
[35.956s][info][gc,reloc    ] GC(12) Large Pages: 0 / 0M, Empty: 0M, Relocated: 0M, In-Place: 0
[35.956s][info][gc,reloc    ] GC(12) Forwarding Usage: 0M
[35.956s][info][gc,heap     ] GC(12) Min Capacity: 4096M(100%)
[35.956s][info][gc,heap     ] GC(12) Max Capacity: 4096M(100%)
[35.956s][info][gc,heap     ] GC(12) Soft Max Capacity: 4096M(100%)
[35.956s][info][gc,heap     ] GC(12)                Mark Start          Mark End        Relocate Start      Relocate End           High               Low         
[35.956s][info][gc,heap     ] GC(12)  Capacity:     4096M (100%)       4096M (100%)       4096M (100%)       4096M (100%)       4096M (100%)       4096M (100%)   
[35.956s][info][gc,heap     ] GC(12)      Free:     3382M (83%)        3382M (83%)        4082M (100%)       4088M (100%)       4088M (100%)       3382M (83%)    
[35.956s][info][gc,heap     ] GC(12)      Used:      714M (17%)         714M (17%)          14M (0%)            8M (0%)          714M (17%)           8M (0%)     
[35.956s][info][gc,heap     ] GC(12)      Live:         -                 4M (0%)            4M (0%)            4M (0%)             -                  -          
[35.956s][info][gc,heap     ] GC(12) Allocated:         -                 0M (0%)            0M (0%)            0M (0%)             -                  -          
[35.956s][info][gc,heap     ] GC(12)   Garbage:         -               709M (17%)           9M (0%)            3M (0%)             -                  -          
[35.956s][info][gc,heap     ] GC(12) Reclaimed:         -                  -               700M (17%)         706M (17%)            -                  -          
[35.956s][info][gc          ] GC(12) Garbage Collection (System.gc()) 714M(17%)->8M(0%)
[37.264s][info][gc,start    ] GC(13) Garbage Collection (Proactive)
[37.264s][info][gc,task     ] GC(13) Using 2 workers
[37.264s][info][gc,phases   ] GC(13) Pause Mark Start 0.010ms
[37.280s][info][gc,phases   ] GC(13) Concurrent Mark 15.140ms
[37.280s][info][gc,phases   ] GC(13) Pause Mark End 0.017ms
[37.280s][info][gc,phases   ] GC(13) Concurrent Mark Free 0.001ms
[37.283s][info][gc,phases   ] GC(13) Concurrent Process Non-Strong References 2.895ms
[37.283s][info][gc,phases   ] GC(13) Concurrent Reset Relocation Set 0.001ms
[37.284s][info][gc,phases   ] GC(13) Concurrent Select Relocation Set 1.289ms
[37.284s][info][gc,phases   ] GC(13) Pause Relocate Start 0.008ms
[37.286s][info][gc,phases   ] GC(13) Concurrent Relocate 2.104ms
[37.286s][info][gc,load     ] GC(13) Load: 0.00/0.00/0.00
[37.286s][info][gc,mmu      ] GC(13) MMU: 2ms/98.5%, 5ms/99.2%, 10ms/99.6%, 20ms/99.8%, 50ms/99.9%, 100ms/100.0%
[37.286s][info][gc,marking  ] GC(13) Mark: 2 stripe(s), 2 proactive flush(es), 1 terminate flush(es), 0 completion(s), 0 continuation(s) 
[37.286s][info][gc,marking  ] GC(13) Mark Stack Usage: 32M
[37.286s][info][gc,nmethod  ] GC(13) NMethods: 2777 registered, 8 unregistered
[37.286s][info][gc,metaspace] GC(13) Metaspace: 9M used, 9M committed, 1088M reserved
[37.287s][info][gc,ref      ] GC(13) Soft: 402 encountered, 0 discovered, 0 enqueued
[37.287s][info][gc,ref      ] GC(13) Weak: 714 encountered, 371 discovered, 0 enqueued
[37.287s][info][gc,ref      ] GC(13) Final: 3 encountered, 1 discovered, 0 enqueued
[37.287s][info][gc,ref      ] GC(13) Phantom: 40 encountered, 32 discovered, 1 enqueued
[37.287s][info][gc,reloc    ] GC(13) Small Pages: 222 / 444M, Empty: 56M, Relocated: 7M, In-Place: 0
[37.287s][info][gc,reloc    ] GC(13) Medium Pages: 2 / 64M, Empty: 0M, Relocated: 7M, In-Place: 0
[37.287s][info][gc,reloc    ] GC(13) Large Pages: 0 / 0M, Empty: 0M, Relocated: 0M, In-Place: 0
[37.287s][info][gc,reloc    ] GC(13) Forwarding Usage: 0M
[37.287s][info][gc,heap     ] GC(13) Min Capacity: 4096M(100%)
[37.287s][info][gc,heap     ] GC(13) Max Capacity: 4096M(100%)
[37.287s][info][gc,heap     ] GC(13) Soft Max Capacity: 4096M(100%)
[37.287s][info][gc,heap     ] GC(13)                Mark Start          Mark End        Relocate Start      Relocate End           High               Low         
[37.287s][info][gc,heap     ] GC(13)  Capacity:     4096M (100%)       4096M (100%)       4096M (100%)       4096M (100%)       4096M (100%)       4096M (100%)   
[37.287s][info][gc,heap     ] GC(13)      Free:     3588M (88%)        3584M (88%)        3640M (89%)        4042M (99%)        4042M (99%)        3584M (88%)    
[37.287s][info][gc,heap     ] GC(13)      Used:      508M (12%)         512M (12%)         456M (11%)          54M (1%)          512M (12%)          54M (1%)     
[37.287s][info][gc,heap     ] GC(13)      Live:         -                19M (0%)           19M (0%)           19M (0%)             -                  -          
[37.287s][info][gc,heap     ] GC(13) Allocated:         -                 4M (0%)            4M (0%)            5M (0%)             -                  -          
[37.287s][info][gc,heap     ] GC(13)   Garbage:         -               488M (12%)         432M (11%)          29M (1%)             -                  -          
[37.287s][info][gc,heap     ] GC(13) Reclaimed:         -                  -                56M (1%)          459M (11%)            -                  -          
[37.287s][info][gc          ] GC(13) Garbage Collection (Proactive) 508M(12%)->54M(1%)
[38.653s][info][gc,start    ] GC(14) Garbage Collection (Proactive)
[38.653s][info][gc,task     ] GC(14) Using 2 workers
[38.654s][info][gc,phases   ] GC(14) Pause Mark Start 0.010ms
[38.669s][info][gc,phases   ] GC(14) Concurrent Mark 15.649ms
[38.669s][info][gc,phases   ] GC(14) Pause Mark End 0.019ms
[38.670s][info][gc,phases   ] GC(14) Concurrent Mark Free 0.001ms
[38.672s][info][gc,phases   ] GC(14) Concurrent Process Non-Strong References 2.624ms
[38.672s][info][gc,phases   ] GC(14) Concurrent Reset Relocation Set 0.005ms
[38.674s][info][gc,phases   ] GC(14) Concurrent Select Relocation Set 1.577ms
[38.674s][info][gc,phases   ] GC(14) Pause Relocate Start 0.011ms
[38.677s][info][gc,phases   ] GC(14) Concurrent Relocate 2.648ms
[38.677s][info][gc,load     ] GC(14) Load: 0.00/0.00/0.00
[38.677s][info][gc,mmu      ] GC(14) MMU: 2ms/98.5%, 5ms/99.2%, 10ms/99.6%, 20ms/99.8%, 50ms/99.9%, 100ms/100.0%
[38.677s][info][gc,marking  ] GC(14) Mark: 2 stripe(s), 2 proactive flush(es), 1 terminate flush(es), 0 completion(s), 0 continuation(s) 
[38.677s][info][gc,marking  ] GC(14) Mark Stack Usage: 32M
[38.677s][info][gc,nmethod  ] GC(14) NMethods: 2783 registered, 8 unregistered
[38.677s][info][gc,metaspace] GC(14) Metaspace: 9M used, 9M committed, 1088M reserved
[38.677s][info][gc,ref      ] GC(14) Soft: 402 encountered, 0 discovered, 0 enqueued
[38.677s][info][gc,ref      ] GC(14) Weak: 714 encountered, 274 discovered, 0 enqueued
[38.677s][info][gc,ref      ] GC(14) Final: 3 encountered, 1 discovered, 0 enqueued
[38.677s][info][gc,ref      ] GC(14) Phantom: 39 encountered, 29 discovered, 0 enqueued
[38.677s][info][gc,reloc    ] GC(14) Small Pages: 281 / 562M, Empty: 270M, Relocated: 6M, In-Place: 0
[38.677s][info][gc,reloc    ] GC(14) Medium Pages: 3 / 96M, Empty: 32M, Relocated: 6M, In-Place: 0
[38.677s][info][gc,reloc    ] GC(14) Large Pages: 1 / 6M, Empty: 6M, Relocated: 0M, In-Place: 0
[38.677s][info][gc,reloc    ] GC(14) Forwarding Usage: 0M
[38.677s][info][gc,heap     ] GC(14) Min Capacity: 4096M(100%)
[38.677s][info][gc,heap     ] GC(14) Max Capacity: 4096M(100%)
[38.677s][info][gc,heap     ] GC(14) Soft Max Capacity: 4096M(100%)
[38.677s][info][gc,heap     ] GC(14)                Mark Start          Mark End        Relocate Start      Relocate End           High               Low         
[38.677s][info][gc,heap     ] GC(14)  Capacity:     4096M (100%)       4096M (100%)       4096M (100%)       4096M (100%)       4096M (100%)       4096M (100%)   
[38.677s][info][gc,heap     ] GC(14)      Free:     3432M (84%)        3428M (84%)        3734M (91%)        4016M (98%)        4016M (98%)        3428M (84%)    
[38.677s][info][gc,heap     ] GC(14)      Used:      664M (16%)         668M (16%)         362M (9%)           80M (2%)          668M (16%)          80M (2%)     
[38.677s][info][gc,heap     ] GC(14)      Live:         -                16M (0%)           16M (0%)           16M (0%)             -                  -          
[38.677s][info][gc,heap     ] GC(14) Allocated:         -                 4M (0%)            6M (0%)           33M (1%)             -                  -          
[38.677s][info][gc,heap     ] GC(14)   Garbage:         -               647M (16%)         339M (8%)           29M (1%)             -                  -          
[38.677s][info][gc,heap     ] GC(14) Reclaimed:         -                  -               308M (8%)          617M (15%)            -                  -          
[38.677s][info][gc          ] GC(14) Garbage Collection (Proactive) 664M(16%)->80M(2%)
[40.061s][info][gc,start    ] GC(15) Garbage Collection (Proactive)
[40.061s][info][gc,task     ] GC(15) Using 2 workers
[40.076s][info][gc,phases   ] GC(15) Pause Mark Start 0.015ms
[40.093s][info][gc,phases   ] GC(15) Concurrent Mark 15.929ms
[40.093s][info][gc,phases   ] GC(15) Pause Mark End 0.014ms
[40.093s][info][gc,phases   ] GC(15) Concurrent Mark Free 0.001ms
[40.095s][info][gc,phases   ] GC(15) Concurrent Process Non-Strong References 2.353ms
[40.095s][info][gc,phases   ] GC(15) Concurrent Reset Relocation Set 0.004ms
[40.097s][info][gc,phases   ] GC(15) Concurrent Select Relocation Set 1.133ms
[40.097s][info][gc,phases   ] GC(15) Pause Relocate Start 0.012ms
[40.097s][info][gc,phases   ] GC(15) Concurrent Relocate 0.380ms
[40.097s][info][gc,load     ] GC(15) Load: 0.00/0.00/0.00
[40.097s][info][gc,mmu      ] GC(15) MMU: 2ms/98.5%, 5ms/99.2%, 10ms/99.6%, 20ms/99.8%, 50ms/99.9%, 100ms/100.0%
[40.097s][info][gc,marking  ] GC(15) Mark: 2 stripe(s), 2 proactive flush(es), 1 terminate flush(es), 0 completion(s), 0 continuation(s) 
[40.097s][info][gc,marking  ] GC(15) Mark Stack Usage: 32M
[40.097s][info][gc,nmethod  ] GC(15) NMethods: 2797 registered, 8 unregistered
[40.097s][info][gc,metaspace] GC(15) Metaspace: 9M used, 9M committed, 1088M reserved
[40.097s][info][gc,ref      ] GC(15) Soft: 402 encountered, 0 discovered, 0 enqueued
[40.097s][info][gc,ref      ] GC(15) Weak: 714 encountered, 144 discovered, 0 enqueued
[40.097s][info][gc,ref      ] GC(15) Final: 3 encountered, 1 discovered, 0 enqueued
[40.097s][info][gc,ref      ] GC(15) Phantom: 33 encountered, 24 discovered, 1 enqueued
[40.097s][info][gc,reloc    ] GC(15) Small Pages: 286 / 572M, Empty: 406M, Relocated: 3M, In-Place: 0
[40.097s][info][gc,reloc    ] GC(15) Medium Pages: 2 / 64M, Empty: 32M, Relocated: 0M, In-Place: 0
[40.097s][info][gc,reloc    ] GC(15) Large Pages: 1 / 6M, Empty: 6M, Relocated: 0M, In-Place: 0
[40.097s][info][gc,reloc    ] GC(15) Forwarding Usage: 0M
[40.097s][info][gc,heap     ] GC(15) Min Capacity: 4096M(100%)
[40.097s][info][gc,heap     ] GC(15) Max Capacity: 4096M(100%)
[40.097s][info][gc,heap     ] GC(15) Soft Max Capacity: 4096M(100%)
[40.097s][info][gc,heap     ] GC(15)                Mark Start          Mark End        Relocate Start      Relocate End           High               Low         
[40.097s][info][gc,heap     ] GC(15)  Capacity:     4096M (100%)       4096M (100%)       4096M (100%)       4096M (100%)       4096M (100%)       4096M (100%)   
[40.097s][info][gc,heap     ] GC(15)      Free:     3454M (84%)        3452M (84%)        3896M (95%)        4052M (99%)        4052M (99%)        3452M (84%)    
[40.097s][info][gc,heap     ] GC(15)      Used:      642M (16%)         644M (16%)         200M (5%)           44M (1%)          644M (16%)          44M (1%)     
[40.097s][info][gc,heap     ] GC(15)      Live:         -                11M (0%)           11M (0%)           11M (0%)             -                  -          
[40.097s][info][gc,heap     ] GC(15) Allocated:         -                 2M (0%)            2M (0%)            0M (0%)             -                  -          
[40.097s][info][gc,heap     ] GC(15)   Garbage:         -               630M (15%)         186M (5%)           32M (1%)             -                  -          
[40.097s][info][gc,heap     ] GC(15) Reclaimed:         -                  -               444M (11%)         598M (15%)            -                  -          
[40.097s][info][gc          ] GC(15) Garbage Collection (Proactive) 642M(16%)->44M(1%)
[40.157s][info][gc,stats    ] === Garbage Collection Statistics =======================================================================================================================
[40.157s][info][gc,stats    ]                                                              Last 10s              Last 10m              Last 10h                Total
[40.157s][info][gc,stats    ]                                                              Avg / Max             Avg / Max             Avg / Max             Avg / Max
[40.157s][info][gc,stats    ]   Collector: Garbage Collection Cycle                     23.360 / 36.721       23.942 / 37.429       23.942 / 37.429       23.942 / 37.429      ms
[40.157s][info][gc,stats    ]  Contention: Mark Segment Reset Contention                     0 / 2                 0 / 2                 0 / 2                 0 / 2           ops/s
[40.157s][info][gc,stats    ]  Contention: Mark SeqNum Reset Contention                      0 / 1                 0 / 2                 0 / 2                 0 / 2           ops/s
[40.157s][info][gc,stats    ]    Critical: Allocation Stall                                  0 / 0                 0 / 0                 0 / 0                 0 / 0           ops/s
[40.157s][info][gc,stats    ]    Critical: Allocation Stall                              0.000 / 0.000         0.000 / 0.000         0.000 / 0.000         0.000 / 0.000       ms
[40.157s][info][gc,stats    ]    Critical: GC Locker Stall                                   0 / 0                 0 / 0                 0 / 0                 0 / 0           ops/s
[40.157s][info][gc,stats    ]    Critical: GC Locker Stall                               0.000 / 0.000         0.000 / 0.000         0.000 / 0.000         0.000 / 0.000       ms
[40.157s][info][gc,stats    ]    Critical: Relocation Stall                                  0 / 0                 0 / 0                 0 / 0                 0 / 0           ops/s
[40.157s][info][gc,stats    ]    Critical: Relocation Stall                              0.000 / 0.000         0.000 / 0.000         0.000 / 0.000         0.000 / 0.000       ms
[40.157s][info][gc,stats    ]      Memory: Allocation Rate                                 465 / 700             273 / 700             273 / 700             273 / 700         MB/s
[40.157s][info][gc,stats    ]      Memory: Out Of Memory                                     0 / 0                 0 / 0                 0 / 0                 0 / 0           ops/s
[40.157s][info][gc,stats    ]      Memory: Page Cache Flush                                  0 / 0                 0 / 0                 0 / 0                 0 / 0           MB/s
[40.157s][info][gc,stats    ]      Memory: Page Cache Hit L1                               210 / 337             112 / 337             112 / 337             112 / 337         ops/s
[40.157s][info][gc,stats    ]      Memory: Page Cache Hit L2                                 0 / 0                 0 / 0                 0 / 0                 0 / 0           ops/s
[40.157s][info][gc,stats    ]      Memory: Page Cache Hit L3                                 8 / 86               16 / 146              16 / 146              16 / 146         ops/s
[40.157s][info][gc,stats    ]      Memory: Page Cache Miss                                   0 / 0                 0 / 1                 0 / 1                 0 / 1           ops/s
[40.157s][info][gc,stats    ]      Memory: Uncommit                                          0 / 0                 0 / 0                 0 / 0                 0 / 0           MB/s
[40.157s][info][gc,stats    ]      Memory: Undo Object Allocation Failed                     0 / 0                 0 / 0                 0 / 0                 0 / 0           ops/s
[40.157s][info][gc,stats    ]      Memory: Undo Object Allocation Succeeded                  0 / 2                 0 / 2                 0 / 2                 0 / 2           ops/s
[40.157s][info][gc,stats    ]      Memory: Undo Page Allocation                              0 / 0                 0 / 0                 0 / 0                 0 / 0           ops/s
[40.157s][info][gc,stats    ]       Phase: Concurrent Mark                              14.725 / 15.929       15.087 / 19.683       15.087 / 19.683       15.087 / 19.683      ms
[40.157s][info][gc,stats    ]       Phase: Concurrent Mark Continue                      0.000 / 0.000         0.000 / 0.000         0.000 / 0.000         0.000 / 0.000       ms
[40.157s][info][gc,stats    ]       Phase: Concurrent Mark Free                          0.001 / 0.002         0.001 / 0.002         0.001 / 0.002         0.001 / 0.002       ms
[40.158s][info][gc,stats    ]       Phase: Concurrent Process Non-Strong References      2.722 / 3.135         2.548 / 3.135         2.548 / 3.135         2.548 / 3.135       ms
[40.158s][info][gc,stats    ]       Phase: Concurrent Relocate                           1.293 / 2.648         1.623 / 5.120         1.623 / 5.120         1.623 / 5.120       ms
[40.158s][info][gc,stats    ]       Phase: Concurrent Reset Relocation Set               0.004 / 0.009         0.004 / 0.009         0.004 / 0.009         0.004 / 0.009       ms
[40.158s][info][gc,stats    ]       Phase: Concurrent Select Relocation Set              1.673 / 2.726         1.725 / 3.052         1.725 / 3.052         1.725 / 3.052       ms
[40.158s][info][gc,stats    ]       Phase: Pause Mark End                                0.018 / 0.029         0.019 / 0.030         0.019 / 0.030         0.019 / 0.030       ms
[40.158s][info][gc,stats    ]       Phase: Pause Mark Start                              0.010 / 0.015         0.010 / 0.019         0.010 / 0.019         0.010 / 0.019       ms
[40.158s][info][gc,stats    ]       Phase: Pause Relocate Start                          0.010 / 0.012         0.010 / 0.012         0.010 / 0.012         0.010 / 0.012       ms
[40.158s][info][gc,stats    ]    Subphase: Concurrent Classes Purge                      0.119 / 0.185         0.112 / 0.185         0.112 / 0.185         0.112 / 0.185       ms
[40.158s][info][gc,stats    ]    Subphase: Concurrent Classes Unlink                     2.093 / 2.501         1.908 / 2.501         1.908 / 2.501         1.908 / 2.501       ms
[40.158s][info][gc,stats    ]    Subphase: Concurrent Mark                               8.594 / 15.226        8.969 / 19.350        8.969 / 19.350        8.969 / 19.350      ms
[40.158s][info][gc,stats    ]    Subphase: Concurrent Mark Try Flush                     0.069 / 0.131         0.073 / 0.135         0.073 / 0.135         0.073 / 0.135       ms
[40.158s][info][gc,stats    ]    Subphase: Concurrent Mark Try Terminate                 3.696 / 12.421        3.744 / 15.748        3.744 / 15.748        3.744 / 15.748      ms
[40.158s][info][gc,stats    ]    Subphase: Concurrent References Enqueue                 0.004 / 0.007         0.005 / 0.008         0.005 / 0.008         0.005 / 0.008       ms
[40.158s][info][gc,stats    ]    Subphase: Concurrent References Process                 0.120 / 0.155         0.121 / 0.227         0.121 / 0.227         0.121 / 0.227       ms
[40.158s][info][gc,stats    ]    Subphase: Concurrent Roots ClassLoaderDataGraph         0.072 / 0.210         0.076 / 0.289         0.076 / 0.289         0.076 / 0.289       ms
[40.158s][info][gc,stats    ]    Subphase: Concurrent Roots CodeCache                    0.000 / 0.000         0.000 / 0.000         0.000 / 0.000         0.000 / 0.000       ms
[40.158s][info][gc,stats    ]    Subphase: Concurrent Roots JavaThreads                  0.344 / 1.159         0.299 / 1.159         0.299 / 1.159         0.299 / 1.159       ms
[40.158s][info][gc,stats    ]    Subphase: Concurrent Roots OopStorageSet                0.027 / 0.068         0.029 / 0.070         0.029 / 0.070         0.029 / 0.070       ms
[40.158s][info][gc,stats    ]    Subphase: Concurrent Weak Roots OopStorageSet           0.205 / 0.285         0.220 / 0.379         0.220 / 0.379         0.220 / 0.379       ms
[40.158s][info][gc,stats    ]    Subphase: Pause Mark Try Complete                       0.000 / 0.000         0.000 / 0.000         0.000 / 0.000         0.000 / 0.000       ms
[40.158s][info][gc,stats    ]      System: Java Threads                                     12 / 13               12 / 14               12 / 14               12 / 14          threads
[40.158s][info][gc,stats    ] =========================================================================================================================================================
[40.852s][info][gc,start    ] GC(16) Garbage Collection (System.gc())
[40.852s][info][gc,task     ] GC(16) Using 2 workers
[40.852s][info][gc,phases   ] GC(16) Pause Mark Start 0.008ms
[40.871s][info][gc,phases   ] GC(16) Concurrent Mark 18.181ms
[40.871s][info][gc,phases   ] GC(16) Pause Mark End 0.026ms
[40.872s][info][gc,phases   ] GC(16) Concurrent Mark Free 0.003ms
[40.874s][info][gc,phases   ] GC(16) Concurrent Process Non-Strong References 2.484ms
[40.874s][info][gc,phases   ] GC(16) Concurrent Reset Relocation Set 0.004ms
[40.875s][info][gc,phases   ] GC(16) Concurrent Select Relocation Set 1.188ms
[40.875s][info][gc,phases   ] GC(16) Pause Relocate Start 0.009ms
[40.876s][info][gc,phases   ] GC(16) Concurrent Relocate 0.628ms
[40.876s][info][gc,load     ] GC(16) Load: 0.00/0.00/0.00
[40.876s][info][gc,mmu      ] GC(16) MMU: 2ms/98.5%, 5ms/99.2%, 10ms/99.6%, 20ms/99.8%, 50ms/99.9%, 100ms/100.0%
[40.876s][info][gc,marking  ] GC(16) Mark: 2 stripe(s), 1 proactive flush(es), 1 terminate flush(es), 0 completion(s), 0 continuation(s) 
[40.876s][info][gc,marking  ] GC(16) Mark Stack Usage: 32M
[40.876s][info][gc,nmethod  ] GC(16) NMethods: 2839 registered, 8 unregistered
[40.876s][info][gc,metaspace] GC(16) Metaspace: 9M used, 9M committed, 1088M reserved
[40.876s][info][gc,ref      ] GC(16) Soft: 402 encountered, 0 discovered, 0 enqueued
[40.876s][info][gc,ref      ] GC(16) Weak: 712 encountered, 391 discovered, 2 enqueued
[40.876s][info][gc,ref      ] GC(16) Final: 3 encountered, 3 discovered, 0 enqueued
[40.876s][info][gc,ref      ] GC(16) Phantom: 26 encountered, 21 discovered, 0 enqueued
[40.876s][info][gc,reloc    ] GC(16) Small Pages: 299 / 598M, Empty: 582M, Relocated: 1M, In-Place: 0
[40.876s][info][gc,reloc    ] GC(16) Medium Pages: 1 / 32M, Empty: 32M, Relocated: 0M, In-Place: 0
[40.877s][info][gc,reloc    ] GC(16) Large Pages: 0 / 0M, Empty: 0M, Relocated: 0M, In-Place: 0
[40.877s][info][gc,reloc    ] GC(16) Forwarding Usage: 0M
[40.877s][info][gc,heap     ] GC(16) Min Capacity: 4096M(100%)
[40.877s][info][gc,heap     ] GC(16) Max Capacity: 4096M(100%)
[40.877s][info][gc,heap     ] GC(16) Soft Max Capacity: 4096M(100%)
[40.877s][info][gc,heap     ] GC(16)                Mark Start          Mark End        Relocate Start      Relocate End           High               Low         
[40.877s][info][gc,heap     ] GC(16)  Capacity:     4096M (100%)       4096M (100%)       4096M (100%)       4096M (100%)       4096M (100%)       4096M (100%)   
[40.877s][info][gc,heap     ] GC(16)      Free:     3466M (85%)        3466M (85%)        4080M (100%)       4088M (100%)       4088M (100%)       3466M (85%)    
[40.877s][info][gc,heap     ] GC(16)      Used:      630M (15%)         630M (15%)          16M (0%)            8M (0%)          630M (15%)           8M (0%)     
[40.877s][info][gc,heap     ] GC(16)      Live:         -                 4M (0%)            4M (0%)            4M (0%)             -                  -          
[40.877s][info][gc,heap     ] GC(16) Allocated:         -                 0M (0%)            0M (0%)            0M (0%)             -                  -          
[40.877s][info][gc,heap     ] GC(16)   Garbage:         -               625M (15%)          11M (0%)            3M (0%)             -                  -          
[40.877s][info][gc,heap     ] GC(16) Reclaimed:         -                  -               614M (15%)         622M (15%)            -                  -          
[40.877s][info][gc          ] GC(16) Garbage Collection (System.gc()) 630M(15%)->8M(0%)
[43.452s][info][gc,start    ] GC(17) Garbage Collection (Proactive)
[43.452s][info][gc,task     ] GC(17) Using 2 workers
[43.452s][info][gc,phases   ] GC(17) Pause Mark Start 0.008ms
[43.468s][info][gc,phases   ] GC(17) Concurrent Mark 15.592ms
[43.468s][info][gc,phases   ] GC(17) Pause Mark End 0.018ms
[43.468s][info][gc,phases   ] GC(17) Concurrent Mark Free 0.002ms
[43.471s][info][gc,phases   ] GC(17) Concurrent Process Non-Strong References 2.449ms
[43.471s][info][gc,phases   ] GC(17) Concurrent Reset Relocation Set 0.001ms
[43.472s][info][gc,phases   ] GC(17) Concurrent Select Relocation Set 1.352ms
[43.473s][info][gc,phases   ] GC(17) Pause Relocate Start 0.011ms
[43.475s][info][gc,phases   ] GC(17) Concurrent Relocate 2.305ms
[43.475s][info][gc,load     ] GC(17) Load: 0.00/0.00/0.00
[43.475s][info][gc,mmu      ] GC(17) MMU: 2ms/98.5%, 5ms/99.2%, 10ms/99.6%, 20ms/99.8%, 50ms/99.9%, 100ms/100.0%
[43.475s][info][gc,marking  ] GC(17) Mark: 2 stripe(s), 2 proactive flush(es), 1 terminate flush(es), 0 completion(s), 0 continuation(s) 
[43.475s][info][gc,marking  ] GC(17) Mark Stack Usage: 32M
[43.475s][info][gc,nmethod  ] GC(17) NMethods: 2864 registered, 0 unregistered
[43.475s][info][gc,metaspace] GC(17) Metaspace: 9M used, 9M committed, 1088M reserved
[43.475s][info][gc,ref      ] GC(17) Soft: 402 encountered, 0 discovered, 0 enqueued
[43.475s][info][gc,ref      ] GC(17) Weak: 714 encountered, 417 discovered, 0 enqueued
[43.475s][info][gc,ref      ] GC(17) Final: 3 encountered, 1 discovered, 0 enqueued
[43.475s][info][gc,ref      ] GC(17) Phantom: 40 encountered, 36 discovered, 1 enqueued
[43.475s][info][gc,reloc    ] GC(17) Small Pages: 483 / 966M, Empty: 690M, Relocated: 6M, In-Place: 0
[43.475s][info][gc,reloc    ] GC(17) Medium Pages: 3 / 96M, Empty: 32M, Relocated: 5M, In-Place: 0
[43.475s][info][gc,reloc    ] GC(17) Large Pages: 1 / 6M, Empty: 6M, Relocated: 0M, In-Place: 0
[43.475s][info][gc,reloc    ] GC(17) Forwarding Usage: 0M
[43.475s][info][gc,heap     ] GC(17) Min Capacity: 4096M(100%)
[43.475s][info][gc,heap     ] GC(17) Max Capacity: 4096M(100%)
[43.475s][info][gc,heap     ] GC(17) Soft Max Capacity: 4096M(100%)
[43.475s][info][gc,heap     ] GC(17)                Mark Start          Mark End        Relocate Start      Relocate End           High               Low         
[43.475s][info][gc,heap     ] GC(17)  Capacity:     4096M (100%)       4096M (100%)       4096M (100%)       4096M (100%)       4096M (100%)       4096M (100%)   
[43.475s][info][gc,heap     ] GC(17)      Free:     3028M (74%)        3024M (74%)        3750M (92%)        4012M (98%)        4012M (98%)        3022M (74%)    
[43.475s][info][gc,heap     ] GC(17)      Used:     1068M (26%)        1072M (26%)         346M (8%)           84M (2%)         1074M (26%)          84M (2%)     
[43.475s][info][gc,heap     ] GC(17)      Live:         -                15M (0%)           15M (0%)           15M (0%)             -                  -          
[43.475s][info][gc,heap     ] GC(17) Allocated:         -                 4M (0%)            6M (0%)           35M (1%)             -                  -          
[43.475s][info][gc,heap     ] GC(17)   Garbage:         -              1052M (26%)         324M (8%)           33M (1%)             -                  -          
[43.475s][info][gc,heap     ] GC(17) Reclaimed:         -                  -               728M (18%)        1019M (25%)            -                  -          
[43.475s][info][gc          ] GC(17) Garbage Collection (Proactive) 1068M(26%)->84M(2%)
[45.356s][info][gc,start    ] GC(18) Garbage Collection (Proactive)
[45.356s][info][gc,task     ] GC(18) Using 2 workers
[45.356s][info][gc,phases   ] GC(18) Pause Mark Start 0.011ms
[45.371s][info][gc,phases   ] GC(18) Concurrent Mark 15.471ms
[45.372s][info][gc,phases   ] GC(18) Pause Mark End 0.021ms
[45.372s][info][gc,phases   ] GC(18) Concurrent Mark Free 0.001ms
[45.375s][info][gc,phases   ] GC(18) Concurrent Process Non-Strong References 2.961ms
[45.375s][info][gc,phases   ] GC(18) Concurrent Reset Relocation Set 0.007ms
[45.376s][info][gc,phases   ] GC(18) Concurrent Select Relocation Set 1.571ms
[45.376s][info][gc,phases   ] GC(18) Pause Relocate Start 0.009ms
[45.377s][info][gc,phases   ] GC(18) Concurrent Relocate 0.762ms
[45.377s][info][gc,load     ] GC(18) Load: 0.00/0.00/0.00
[45.377s][info][gc,mmu      ] GC(18) MMU: 2ms/98.5%, 5ms/99.2%, 10ms/99.6%, 20ms/99.8%, 50ms/99.9%, 100ms/100.0%
[45.377s][info][gc,marking  ] GC(18) Mark: 2 stripe(s), 2 proactive flush(es), 1 terminate flush(es), 0 completion(s), 0 continuation(s) 
[45.377s][info][gc,marking  ] GC(18) Mark Stack Usage: 32M
[45.377s][info][gc,nmethod  ] GC(18) NMethods: 2890 registered, 0 unregistered
[45.377s][info][gc,metaspace] GC(18) Metaspace: 9M used, 9M committed, 1088M reserved
[45.377s][info][gc,ref      ] GC(18) Soft: 402 encountered, 0 discovered, 0 enqueued
[45.377s][info][gc,ref      ] GC(18) Weak: 717 encountered, 14 discovered, 0 enqueued
[45.377s][info][gc,ref      ] GC(18) Final: 3 encountered, 0 discovered, 0 enqueued
[45.377s][info][gc,ref      ] GC(18) Phantom: 50 encountered, 31 discovered, 1 enqueued
[45.377s][info][gc,reloc    ] GC(18) Small Pages: 383 / 766M, Empty: 698M, Relocated: 1M, In-Place: 0
[45.377s][info][gc,reloc    ] GC(18) Medium Pages: 3 / 96M, Empty: 96M, Relocated: 0M, In-Place: 0
[45.377s][info][gc,reloc    ] GC(18) Large Pages: 1 / 6M, Empty: 6M, Relocated: 0M, In-Place: 0
[45.377s][info][gc,reloc    ] GC(18) Forwarding Usage: 0M
[45.377s][info][gc,heap     ] GC(18) Min Capacity: 4096M(100%)
[45.377s][info][gc,heap     ] GC(18) Max Capacity: 4096M(100%)
[45.377s][info][gc,heap     ] GC(18) Soft Max Capacity: 4096M(100%)
[45.377s][info][gc,heap     ] GC(18)                Mark Start          Mark End        Relocate Start      Relocate End           High               Low         
[45.377s][info][gc,heap     ] GC(18)  Capacity:     4096M (100%)       4096M (100%)       4096M (100%)       4096M (100%)       4096M (100%)       4096M (100%)   
[45.377s][info][gc,heap     ] GC(18)      Free:     3228M (79%)        3216M (79%)        4012M (98%)        4072M (99%)        4072M (99%)        3212M (78%)    
[45.377s][info][gc,heap     ] GC(18)      Used:      868M (21%)         880M (21%)          84M (2%)           24M (1%)          884M (22%)          24M (1%)     
[45.377s][info][gc,heap     ] GC(18)      Live:         -                 4M (0%)            4M (0%)            4M (0%)             -                  -          
[45.377s][info][gc,heap     ] GC(18) Allocated:         -                12M (0%)           16M (0%)           15M (0%)             -                  -          
[45.377s][info][gc,heap     ] GC(18)   Garbage:         -               863M (21%)          63M (2%)            3M (0%)             -                  -          
[45.377s][info][gc,heap     ] GC(18) Reclaimed:         -                  -               800M (20%)         859M (21%)            -                  -          
[45.377s][info][gc          ] GC(18) Garbage Collection (Proactive) 868M(21%)->24M(1%)
[45.826s][info][gc,start    ] GC(19) Garbage Collection (System.gc())
[45.826s][info][gc,task     ] GC(19) Using 2 workers
[45.826s][info][gc,phases   ] GC(19) Pause Mark Start 0.005ms
[45.831s][info][gc,phases   ] GC(19) Concurrent Mark 4.838ms
[45.831s][info][gc,phases   ] GC(19) Pause Mark End 0.015ms
[45.831s][info][gc,phases   ] GC(19) Concurrent Mark Free 0.001ms
[45.833s][info][gc,phases   ] GC(19) Concurrent Process Non-Strong References 2.344ms
[45.833s][info][gc,phases   ] GC(19) Concurrent Reset Relocation Set 0.002ms
[45.835s][info][gc,phases   ] GC(19) Concurrent Select Relocation Set 1.218ms
[45.835s][info][gc,phases   ] GC(19) Pause Relocate Start 0.003ms
[45.835s][info][gc,phases   ] GC(19) Concurrent Relocate 0.427ms
[45.835s][info][gc,load     ] GC(19) Load: 0.00/0.00/0.00
[45.835s][info][gc,mmu      ] GC(19) MMU: 2ms/98.5%, 5ms/99.2%, 10ms/99.6%, 20ms/99.8%, 50ms/99.9%, 100ms/100.0%
[45.835s][info][gc,marking  ] GC(19) Mark: 2 stripe(s), 1 proactive flush(es), 1 terminate flush(es), 0 completion(s), 0 continuation(s) 
[45.835s][info][gc,marking  ] GC(19) Mark Stack Usage: 32M
[45.835s][info][gc,nmethod  ] GC(19) NMethods: 2897 registered, 0 unregistered
[45.835s][info][gc,metaspace] GC(19) Metaspace: 9M used, 9M committed, 1088M reserved
[45.835s][info][gc,ref      ] GC(19) Soft: 402 encountered, 0 discovered, 0 enqueued
[45.835s][info][gc,ref      ] GC(19) Weak: 712 encountered, 162 discovered, 2 enqueued
[45.835s][info][gc,ref      ] GC(19) Final: 3 encountered, 2 discovered, 0 enqueued
[45.835s][info][gc,ref      ] GC(19) Phantom: 26 encountered, 18 discovered, 0 enqueued
[45.835s][info][gc,reloc    ] GC(19) Small Pages: 213 / 426M, Empty: 414M, Relocated: 1M, In-Place: 0
[45.835s][info][gc,reloc    ] GC(19) Medium Pages: 0 / 0M, Empty: 0M, Relocated: 0M, In-Place: 0
[45.835s][info][gc,reloc    ] GC(19) Large Pages: 0 / 0M, Empty: 0M, Relocated: 0M, In-Place: 0
[45.835s][info][gc,reloc    ] GC(19) Forwarding Usage: 0M
[45.835s][info][gc,heap     ] GC(19) Min Capacity: 4096M(100%)
[45.835s][info][gc,heap     ] GC(19) Max Capacity: 4096M(100%)
[45.835s][info][gc,heap     ] GC(19) Soft Max Capacity: 4096M(100%)
[45.835s][info][gc,heap     ] GC(19)                Mark Start          Mark End        Relocate Start      Relocate End           High               Low         
[45.835s][info][gc,heap     ] GC(19)  Capacity:     4096M (100%)       4096M (100%)       4096M (100%)       4096M (100%)       4096M (100%)       4096M (100%)   
[45.835s][info][gc,heap     ] GC(19)      Free:     3670M (90%)        3670M (90%)        4084M (100%)       4088M (100%)       4088M (100%)       3670M (90%)    
[45.835s][info][gc,heap     ] GC(19)      Used:      426M (10%)         426M (10%)          12M (0%)            8M (0%)          426M (10%)           8M (0%)     
[45.835s][info][gc,heap     ] GC(19)      Live:         -                 4M (0%)            4M (0%)            4M (0%)             -                  -          
[45.835s][info][gc,heap     ] GC(19) Allocated:         -                 0M (0%)            0M (0%)            0M (0%)             -                  -          
[45.835s][info][gc,heap     ] GC(19)   Garbage:         -               421M (10%)           7M (0%)            3M (0%)             -                  -          
[45.835s][info][gc,heap     ] GC(19) Reclaimed:         -                  -               414M (10%)         418M (10%)            -                  -          
[45.835s][info][gc          ] GC(19) Garbage Collection (System.gc()) 426M(10%)->8M(0%)
[47.652s][info][gc,start    ] GC(20) Garbage Collection (Proactive)
[47.652s][info][gc,task     ] GC(20) Using 2 workers
[47.652s][info][gc,phases   ] GC(20) Pause Mark Start 0.007ms
[47.668s][info][gc,phases   ] GC(20) Concurrent Mark 15.917ms
[47.668s][info][gc,phases   ] GC(20) Pause Mark End 0.013ms
[47.668s][info][gc,phases   ] GC(20) Concurrent Mark Free 0.001ms
[47.671s][info][gc,phases   ] GC(20) Concurrent Process Non-Strong References 2.509ms
[47.671s][info][gc,phases   ] GC(20) Concurrent Reset Relocation Set 0.002ms
[47.672s][info][gc,phases   ] GC(20) Concurrent Select Relocation Set 1.481ms
[47.673s][info][gc,phases   ] GC(20) Pause Relocate Start 0.011ms
[47.674s][info][gc,phases   ] GC(20) Concurrent Relocate 0.882ms
[47.674s][info][gc,load     ] GC(20) Load: 0.00/0.00/0.00
[47.674s][info][gc,mmu      ] GC(20) MMU: 2ms/98.5%, 5ms/99.2%, 10ms/99.6%, 20ms/99.8%, 50ms/99.9%, 100ms/100.0%
[47.674s][info][gc,marking  ] GC(20) Mark: 2 stripe(s), 2 proactive flush(es), 1 terminate flush(es), 0 completion(s), 0 continuation(s) 
[47.674s][info][gc,marking  ] GC(20) Mark Stack Usage: 32M
[47.674s][info][gc,nmethod  ] GC(20) NMethods: 2908 registered, 0 unregistered
[47.674s][info][gc,metaspace] GC(20) Metaspace: 9M used, 9M committed, 1088M reserved
[47.674s][info][gc,ref      ] GC(20) Soft: 402 encountered, 0 discovered, 0 enqueued
[47.674s][info][gc,ref      ] GC(20) Weak: 714 encountered, 123 discovered, 0 enqueued
[47.674s][info][gc,ref      ] GC(20) Final: 3 encountered, 1 discovered, 0 enqueued
[47.674s][info][gc,ref      ] GC(20) Phantom: 40 encountered, 25 discovered, 1 enqueued
[47.674s][info][gc,reloc    ] GC(20) Small Pages: 347 / 694M, Empty: 670M, Relocated: 1M, In-Place: 0
[47.674s][info][gc,reloc    ] GC(20) Medium Pages: 2 / 64M, Empty: 64M, Relocated: 0M, In-Place: 0
[47.674s][info][gc,reloc    ] GC(20) Large Pages: 1 / 6M, Empty: 6M, Relocated: 0M, In-Place: 0
[47.674s][info][gc,reloc    ] GC(20) Forwarding Usage: 0M
[47.674s][info][gc,heap     ] GC(20) Min Capacity: 4096M(100%)
[47.674s][info][gc,heap     ] GC(20) Max Capacity: 4096M(100%)
[47.674s][info][gc,heap     ] GC(20) Soft Max Capacity: 4096M(100%)
[47.674s][info][gc,heap     ] GC(20)                Mark Start          Mark End        Relocate Start      Relocate End           High               Low         
[47.674s][info][gc,heap     ] GC(20)  Capacity:     4096M (100%)       4096M (100%)       4096M (100%)       4096M (100%)       4096M (100%)       4096M (100%)   
[47.674s][info][gc,heap     ] GC(20)      Free:     3332M (81%)        3292M (80%)        4030M (98%)        4046M (99%)        4046M (99%)        3290M (80%)    
[47.674s][info][gc,heap     ] GC(20)      Used:      764M (19%)         804M (20%)          66M (2%)           50M (1%)          806M (20%)          50M (1%)     
[47.674s][info][gc,heap     ] GC(20)      Live:         -                 4M (0%)            4M (0%)            4M (0%)             -                  -          
[47.674s][info][gc,heap     ] GC(20) Allocated:         -                40M (1%)           42M (1%)           41M (1%)             -                  -          
[47.674s][info][gc,heap     ] GC(20)   Garbage:         -               759M (19%)          19M (0%)            3M (0%)             -                  -          
[47.674s][info][gc,heap     ] GC(20) Reclaimed:         -                  -               740M (18%)         755M (18%)            -                  -          
[47.674s][info][gc          ] GC(20) Garbage Collection (Proactive) 764M(19%)->50M(1%)
[49.563s][info][gc,start    ] GC(21) Garbage Collection (Proactive)
[49.563s][info][gc,task     ] GC(21) Using 2 workers
[49.563s][info][gc,phases   ] GC(21) Pause Mark Start 0.011ms
[49.579s][info][gc,phases   ] GC(21) Concurrent Mark 15.576ms
[49.579s][info][gc,phases   ] GC(21) Pause Mark End 0.024ms
[49.579s][info][gc,phases   ] GC(21) Concurrent Mark Free 0.001ms
[49.582s][info][gc,phases   ] GC(21) Concurrent Process Non-Strong References 2.772ms
[49.582s][info][gc,phases   ] GC(21) Concurrent Reset Relocation Set 0.002ms
[49.584s][info][gc,phases   ] GC(21) Concurrent Select Relocation Set 1.853ms
[49.584s][info][gc,phases   ] GC(21) Pause Relocate Start 0.008ms
[49.585s][info][gc,phases   ] GC(21) Concurrent Relocate 0.955ms
[49.585s][info][gc,load     ] GC(21) Load: 0.00/0.00/0.00
[49.585s][info][gc,mmu      ] GC(21) MMU: 2ms/98.5%, 5ms/99.2%, 10ms/99.6%, 20ms/99.8%, 50ms/99.9%, 100ms/100.0%
[49.585s][info][gc,marking  ] GC(21) Mark: 2 stripe(s), 2 proactive flush(es), 1 terminate flush(es), 0 completion(s), 0 continuation(s) 
[49.585s][info][gc,marking  ] GC(21) Mark Stack Usage: 32M
[49.585s][info][gc,nmethod  ] GC(21) NMethods: 2919 registered, 0 unregistered
[49.585s][info][gc,metaspace] GC(21) Metaspace: 9M used, 9M committed, 1088M reserved
[49.585s][info][gc,ref      ] GC(21) Soft: 402 encountered, 0 discovered, 0 enqueued
[49.585s][info][gc,ref      ] GC(21) Weak: 714 encountered, 236 discovered, 0 enqueued
[49.585s][info][gc,ref      ] GC(21) Final: 3 encountered, 2 discovered, 0 enqueued
[49.585s][info][gc,ref      ] GC(21) Phantom: 39 encountered, 22 discovered, 0 enqueued
[49.585s][info][gc,reloc    ] GC(21) Small Pages: 375 / 750M, Empty: 694M, Relocated: 3M, In-Place: 0
[49.585s][info][gc,reloc    ] GC(21) Medium Pages: 2 / 64M, Empty: 32M, Relocated: 0M, In-Place: 0
[49.585s][info][gc,reloc    ] GC(21) Large Pages: 1 / 6M, Empty: 6M, Relocated: 0M, In-Place: 0
[49.585s][info][gc,reloc    ] GC(21) Forwarding Usage: 0M
[49.585s][info][gc,heap     ] GC(21) Min Capacity: 4096M(100%)
[49.585s][info][gc,heap     ] GC(21) Max Capacity: 4096M(100%)
[49.585s][info][gc,heap     ] GC(21) Soft Max Capacity: 4096M(100%)
[49.585s][info][gc,heap     ] GC(21)                Mark Start          Mark End        Relocate Start      Relocate End           High               Low         
[49.585s][info][gc,heap     ] GC(21)  Capacity:     4096M (100%)       4096M (100%)       4096M (100%)       4096M (100%)       4096M (100%)       4096M (100%)   
[49.585s][info][gc,heap     ] GC(21)      Free:     3276M (80%)        3268M (80%)        4000M (98%)        4046M (99%)        4046M (99%)        3268M (80%)    
[49.585s][info][gc,heap     ] GC(21)      Used:      820M (20%)         828M (20%)          96M (2%)           50M (1%)          828M (20%)          50M (1%)     
[49.585s][info][gc,heap     ] GC(21)      Live:         -                 6M (0%)            6M (0%)            6M (0%)             -                  -          
[49.585s][info][gc,heap     ] GC(21) Allocated:         -                 8M (0%)            8M (0%)            9M (0%)             -                  -          
[49.585s][info][gc,heap     ] GC(21)   Garbage:         -               813M (20%)          81M (2%)           33M (1%)             -                  -          
[49.585s][info][gc,heap     ] GC(21) Reclaimed:         -                  -               732M (18%)         779M (19%)            -                  -          
[49.585s][info][gc          ] GC(21) Garbage Collection (Proactive) 820M(20%)->50M(1%)
[50.163s][info][gc,stats    ] === Garbage Collection Statistics =======================================================================================================================
[50.163s][info][gc,stats    ]                                                              Last 10s              Last 10m              Last 10h                Total
[50.163s][info][gc,stats    ]                                                              Avg / Max             Avg / Max             Avg / Max             Avg / Max
[50.163s][info][gc,stats    ]   Collector: Garbage Collection Cycle                     20.295 / 24.039       22.947 / 37.429       22.947 / 37.429       22.947 / 37.429      ms
[50.163s][info][gc,stats    ]  Contention: Mark Segment Reset Contention                     0 / 1                 0 / 2                 0 / 2                 0 / 2           ops/s
[50.163s][info][gc,stats    ]  Contention: Mark SeqNum Reset Contention                      0 / 1                 0 / 2                 0 / 2                 0 / 2           ops/s
[50.163s][info][gc,stats    ]    Critical: Allocation Stall                                  0 / 0                 0 / 0                 0 / 0                 0 / 0           ops/s
[50.163s][info][gc,stats    ]    Critical: Allocation Stall                              0.000 / 0.000         0.000 / 0.000         0.000 / 0.000         0.000 / 0.000       ms
[50.163s][info][gc,stats    ]    Critical: GC Locker Stall                                   0 / 0                 0 / 0                 0 / 0                 0 / 0           ops/s
[50.163s][info][gc,stats    ]    Critical: GC Locker Stall                               0.000 / 0.000         0.000 / 0.000         0.000 / 0.000         0.000 / 0.000       ms
[50.163s][info][gc,stats    ]    Critical: Relocation Stall                                  0 / 0                 0 / 0                 0 / 0                 0 / 0           ops/s
[50.163s][info][gc,stats    ]    Critical: Relocation Stall                              0.000 / 0.000         0.000 / 0.000         0.000 / 0.000         0.000 / 0.000       ms
[50.163s][info][gc,stats    ]      Memory: Allocation Rate                                 467 / 690             312 / 700             312 / 700             312 / 700         MB/s
[50.163s][info][gc,stats    ]      Memory: Out Of Memory                                     0 / 0                 0 / 0                 0 / 0                 0 / 0           ops/s
[50.163s][info][gc,stats    ]      Memory: Page Cache Flush                                  0 / 0                 0 / 0                 0 / 0                 0 / 0           MB/s
[50.163s][info][gc,stats    ]      Memory: Page Cache Hit L1                               219 / 334             133 / 337             133 / 337             133 / 337         ops/s
[50.163s][info][gc,stats    ]      Memory: Page Cache Hit L2                                 0 / 0                 0 / 0                 0 / 0                 0 / 0           ops/s
[50.164s][info][gc,stats    ]      Memory: Page Cache Hit L3                                 0 / 0                13 / 146              13 / 146              13 / 146         ops/s
[50.164s][info][gc,stats    ]      Memory: Page Cache Miss                                   0 / 0                 0 / 1                 0 / 1                 0 / 1           ops/s
[50.164s][info][gc,stats    ]      Memory: Uncommit                                          0 / 0                 0 / 0                 0 / 0                 0 / 0           MB/s
[50.164s][info][gc,stats    ]      Memory: Undo Object Allocation Failed                     0 / 0                 0 / 0                 0 / 0                 0 / 0           ops/s
[50.164s][info][gc,stats    ]      Memory: Undo Object Allocation Succeeded                  0 / 2                 0 / 2                 0 / 2                 0 / 2           ops/s
[50.164s][info][gc,stats    ]      Memory: Undo Page Allocation                              0 / 0                 0 / 0                 0 / 0                 0 / 0           ops/s
[50.164s][info][gc,stats    ]       Phase: Concurrent Mark                              14.262 / 18.181       14.862 / 19.683       14.862 / 19.683       14.862 / 19.683      ms
[50.164s][info][gc,stats    ]       Phase: Concurrent Mark Continue                      0.000 / 0.000         0.000 / 0.000         0.000 / 0.000         0.000 / 0.000       ms
[50.164s][info][gc,stats    ]       Phase: Concurrent Mark Free                          0.002 / 0.003         0.001 / 0.003         0.001 / 0.003         0.001 / 0.003       ms
[50.164s][info][gc,stats    ]       Phase: Concurrent Process Non-Strong References      2.586 / 2.961         2.558 / 3.135         2.558 / 3.135         2.558 / 3.135       ms
[50.164s][info][gc,stats    ]       Phase: Concurrent Relocate                           0.993 / 2.305         1.451 / 5.120         1.451 / 5.120         1.451 / 5.120       ms
[50.164s][info][gc,stats    ]       Phase: Concurrent Reset Relocation Set               0.003 / 0.007         0.004 / 0.009         0.004 / 0.009         0.004 / 0.009       ms
[50.164s][info][gc,stats    ]       Phase: Concurrent Select Relocation Set              1.444 / 1.853         1.648 / 3.052         1.648 / 3.052         1.648 / 3.052       ms
[50.164s][info][gc,stats    ]       Phase: Pause Mark End                                0.020 / 0.026         0.019 / 0.030         0.019 / 0.030         0.019 / 0.030       ms
[50.164s][info][gc,stats    ]       Phase: Pause Mark Start                              0.008 / 0.011         0.009 / 0.019         0.009 / 0.019         0.009 / 0.019       ms
[50.164s][info][gc,stats    ]       Phase: Pause Relocate Start                          0.008 / 0.011         0.009 / 0.012         0.009 / 0.012         0.009 / 0.012       ms
[50.164s][info][gc,stats    ]    Subphase: Concurrent Classes Purge                      0.122 / 0.146         0.115 / 0.185         0.115 / 0.185         0.115 / 0.185       ms
[50.164s][info][gc,stats    ]    Subphase: Concurrent Classes Unlink                     1.982 / 2.164         1.928 / 2.501         1.928 / 2.501         1.928 / 2.501       ms
[50.164s][info][gc,stats    ]    Subphase: Concurrent Mark                               8.365 / 17.878        8.804 / 19.350        8.804 / 19.350        8.804 / 19.350      ms
[50.164s][info][gc,stats    ]    Subphase: Concurrent Mark Try Flush                     0.079 / 0.150         0.075 / 0.150         0.075 / 0.150         0.075 / 0.150       ms
[50.164s][info][gc,stats    ]    Subphase: Concurrent Mark Try Terminate                 3.604 / 15.302        3.706 / 15.748        3.706 / 15.748        3.706 / 15.748      ms
[50.164s][info][gc,stats    ]    Subphase: Concurrent References Enqueue                 0.004 / 0.006         0.004 / 0.008         0.004 / 0.008         0.004 / 0.008       ms
[50.164s][info][gc,stats    ]    Subphase: Concurrent References Process                 0.109 / 0.132         0.118 / 0.227         0.118 / 0.227         0.118 / 0.227       ms
[50.164s][info][gc,stats    ]    Subphase: Concurrent Roots ClassLoaderDataGraph         0.074 / 0.199         0.076 / 0.289         0.076 / 0.289         0.076 / 0.289       ms
[50.164s][info][gc,stats    ]    Subphase: Concurrent Roots CodeCache                    0.000 / 0.000         0.000 / 0.000         0.000 / 0.000         0.000 / 0.000       ms
[50.164s][info][gc,stats    ]    Subphase: Concurrent Roots JavaThreads                  0.298 / 0.597         0.299 / 1.159         0.299 / 1.159         0.299 / 1.159       ms
[50.164s][info][gc,stats    ]    Subphase: Concurrent Roots OopStorageSet                0.018 / 0.041         0.026 / 0.070         0.026 / 0.070         0.026 / 0.070       ms
[50.164s][info][gc,stats    ]    Subphase: Concurrent Weak Roots OopStorageSet           0.197 / 0.320         0.213 / 0.379         0.213 / 0.379         0.213 / 0.379       ms
[50.164s][info][gc,stats    ]    Subphase: Pause Mark Try Complete                       0.000 / 0.000         0.000 / 0.000         0.000 / 0.000         0.000 / 0.000       ms
[50.164s][info][gc,stats    ]      System: Java Threads                                     12 / 13               12 / 14               12 / 14               12 / 14          threads
[50.164s][info][gc,stats    ] =========================================================================================================================================================
[50.685s][info][gc,start    ] GC(22) Garbage Collection (System.gc())
[50.685s][info][gc,task     ] GC(22) Using 2 workers
[50.685s][info][gc,phases   ] GC(22) Pause Mark Start 0.006ms
[50.703s][info][gc,phases   ] GC(22) Concurrent Mark 17.013ms
[50.703s][info][gc,phases   ] GC(22) Pause Mark End 0.030ms
[50.703s][info][gc,phases   ] GC(22) Concurrent Mark Free 0.002ms
[50.706s][info][gc,phases   ] GC(22) Concurrent Process Non-Strong References 3.400ms
[50.706s][info][gc,phases   ] GC(22) Concurrent Reset Relocation Set 0.003ms
[50.708s][info][gc,phases   ] GC(22) Concurrent Select Relocation Set 1.572ms
[50.708s][info][gc,phases   ] GC(22) Pause Relocate Start 0.011ms
[50.709s][info][gc,phases   ] GC(22) Concurrent Relocate 0.529ms
[50.709s][info][gc,load     ] GC(22) Load: 0.00/0.00/0.00
[50.709s][info][gc,mmu      ] GC(22) MMU: 2ms/98.5%, 5ms/99.2%, 10ms/99.6%, 20ms/99.8%, 50ms/99.9%, 100ms/100.0%
[50.709s][info][gc,marking  ] GC(22) Mark: 2 stripe(s), 1 proactive flush(es), 1 terminate flush(es), 0 completion(s), 0 continuation(s) 
[50.709s][info][gc,marking  ] GC(22) Mark Stack Usage: 32M
[50.709s][info][gc,nmethod  ] GC(22) NMethods: 2942 registered, 0 unregistered
[50.709s][info][gc,metaspace] GC(22) Metaspace: 9M used, 9M committed, 1088M reserved
[50.709s][info][gc,ref      ] GC(22) Soft: 402 encountered, 0 discovered, 0 enqueued
[50.709s][info][gc,ref      ] GC(22) Weak: 712 encountered, 383 discovered, 2 enqueued
[50.709s][info][gc,ref      ] GC(22) Final: 3 encountered, 2 discovered, 0 enqueued
[50.709s][info][gc,ref      ] GC(22) Phantom: 27 encountered, 13 discovered, 1 enqueued
[50.709s][info][gc,reloc    ] GC(22) Small Pages: 354 / 708M, Empty: 694M, Relocated: 1M, In-Place: 0
[50.709s][info][gc,reloc    ] GC(22) Medium Pages: 2 / 64M, Empty: 64M, Relocated: 0M, In-Place: 0
[50.709s][info][gc,reloc    ] GC(22) Large Pages: 0 / 0M, Empty: 0M, Relocated: 0M, In-Place: 0
[50.709s][info][gc,reloc    ] GC(22) Forwarding Usage: 0M
[50.709s][info][gc,heap     ] GC(22) Min Capacity: 4096M(100%)
[50.709s][info][gc,heap     ] GC(22) Max Capacity: 4096M(100%)
[50.709s][info][gc,heap     ] GC(22) Soft Max Capacity: 4096M(100%)
[50.709s][info][gc,heap     ] GC(22)                Mark Start          Mark End        Relocate Start      Relocate End           High               Low         
[50.709s][info][gc,heap     ] GC(22)  Capacity:     4096M (100%)       4096M (100%)       4096M (100%)       4096M (100%)       4096M (100%)       4096M (100%)   
[50.709s][info][gc,heap     ] GC(22)      Free:     3324M (81%)        3324M (81%)        4082M (100%)       4088M (100%)       4088M (100%)       3324M (81%)    
[50.709s][info][gc,heap     ] GC(22)      Used:      772M (19%)         772M (19%)          14M (0%)            8M (0%)          772M (19%)           8M (0%)     
[50.709s][info][gc,heap     ] GC(22)      Live:         -                 4M (0%)            4M (0%)            4M (0%)             -                  -          
[50.709s][info][gc,heap     ] GC(22) Allocated:         -                 0M (0%)            0M (0%)            0M (0%)             -                  -          
[50.709s][info][gc,heap     ] GC(22)   Garbage:         -               767M (19%)           9M (0%)            3M (0%)             -                  -          
[50.709s][info][gc,heap     ] GC(22) Reclaimed:         -                  -               758M (19%)         764M (19%)            -                  -          
[50.709s][info][gc          ] GC(22) Garbage Collection (System.gc()) 772M(19%)->8M(0%)
[52.161s][info][gc,start    ] GC(23) Garbage Collection (Proactive)
[52.161s][info][gc,task     ] GC(23) Using 2 workers
[52.161s][info][gc,phases   ] GC(23) Pause Mark Start 0.014ms
[52.177s][info][gc,phases   ] GC(23) Concurrent Mark 15.652ms
[52.177s][info][gc,phases   ] GC(23) Pause Mark End 0.014ms
[52.177s][info][gc,phases   ] GC(23) Concurrent Mark Free 0.001ms
[52.180s][info][gc,phases   ] GC(23) Concurrent Process Non-Strong References 2.738ms
[52.180s][info][gc,phases   ] GC(23) Concurrent Reset Relocation Set 0.001ms
[52.181s][info][gc,phases   ] GC(23) Concurrent Select Relocation Set 1.277ms
[52.181s][info][gc,phases   ] GC(23) Pause Relocate Start 0.009ms
[52.183s][info][gc,phases   ] GC(23) Concurrent Relocate 1.264ms
[52.183s][info][gc,load     ] GC(23) Load: 0.00/0.00/0.00
[52.183s][info][gc,mmu      ] GC(23) MMU: 2ms/98.5%, 5ms/99.2%, 10ms/99.6%, 20ms/99.8%, 50ms/99.9%, 100ms/100.0%
[52.183s][info][gc,marking  ] GC(23) Mark: 2 stripe(s), 2 proactive flush(es), 1 terminate flush(es), 0 completion(s), 0 continuation(s) 
[52.183s][info][gc,marking  ] GC(23) Mark Stack Usage: 32M
[52.183s][info][gc,nmethod  ] GC(23) NMethods: 2948 registered, 0 unregistered
[52.183s][info][gc,metaspace] GC(23) Metaspace: 9M used, 9M committed, 1088M reserved
[52.183s][info][gc,ref      ] GC(23) Soft: 402 encountered, 0 discovered, 0 enqueued
[52.183s][info][gc,ref      ] GC(23) Weak: 714 encountered, 5 discovered, 0 enqueued
[52.183s][info][gc,ref      ] GC(23) Final: 3 encountered, 0 discovered, 0 enqueued
[52.183s][info][gc,ref      ] GC(23) Phantom: 34 encountered, 25 discovered, 1 enqueued
[52.183s][info][gc,reloc    ] GC(23) Small Pages: 225 / 450M, Empty: 56M, Relocated: 7M, In-Place: 0
[52.183s][info][gc,reloc    ] GC(23) Medium Pages: 2 / 64M, Empty: 32M, Relocated: 0M, In-Place: 0
[52.183s][info][gc,reloc    ] GC(23) Large Pages: 1 / 6M, Empty: 0M, Relocated: 0M, In-Place: 0
[52.183s][info][gc,reloc    ] GC(23) Forwarding Usage: 0M
[52.183s][info][gc,heap     ] GC(23) Min Capacity: 4096M(100%)
[52.183s][info][gc,heap     ] GC(23) Max Capacity: 4096M(100%)
[52.183s][info][gc,heap     ] GC(23) Soft Max Capacity: 4096M(100%)
[52.183s][info][gc,heap     ] GC(23)                Mark Start          Mark End        Relocate Start      Relocate End           High               Low         
[52.183s][info][gc,heap     ] GC(23)  Capacity:     4096M (100%)       4096M (100%)       4096M (100%)       4096M (100%)       4096M (100%)       4096M (100%)   
[52.183s][info][gc,heap     ] GC(23)      Free:     3576M (87%)        3574M (87%)        3662M (89%)        4040M (99%)        4040M (99%)        3574M (87%)    
[52.183s][info][gc,heap     ] GC(23)      Used:      520M (13%)         522M (13%)         434M (11%)          56M (1%)          522M (13%)          56M (1%)     
[52.183s][info][gc,heap     ] GC(23)      Live:         -                23M (1%)           23M (1%)           23M (1%)             -                  -          
[52.183s][info][gc,heap     ] GC(23) Allocated:         -                 2M (0%)            2M (0%)            1M (0%)             -                  -          
[52.183s][info][gc,heap     ] GC(23)   Garbage:         -               496M (12%)         408M (10%)          31M (1%)             -                  -          
[52.183s][info][gc,heap     ] GC(23) Reclaimed:         -                  -                88M (2%)          465M (11%)            -                  -          
[52.183s][info][gc          ] GC(23) Garbage Collection (Proactive) 520M(13%)->56M(1%)
[53.551s][info][gc,start    ] GC(24) Garbage Collection (Proactive)
[53.551s][info][gc,task     ] GC(24) Using 2 workers
[53.551s][info][gc,phases   ] GC(24) Pause Mark Start 0.009ms
[53.567s][info][gc,phases   ] GC(24) Concurrent Mark 15.816ms
[53.567s][info][gc,phases   ] GC(24) Pause Mark End 0.018ms
[53.567s][info][gc,phases   ] GC(24) Concurrent Mark Free 0.002ms
[53.570s][info][gc,phases   ] GC(24) Concurrent Process Non-Strong References 2.712ms
[53.570s][info][gc,phases   ] GC(24) Concurrent Reset Relocation Set 0.006ms
[53.571s][info][gc,phases   ] GC(24) Concurrent Select Relocation Set 1.317ms
[53.571s][info][gc,phases   ] GC(24) Pause Relocate Start 0.013ms
[53.574s][info][gc,phases   ] GC(24) Concurrent Relocate 2.168ms
[53.574s][info][gc,load     ] GC(24) Load: 0.00/0.00/0.00
[53.574s][info][gc,mmu      ] GC(24) MMU: 2ms/98.5%, 5ms/99.2%, 10ms/99.6%, 20ms/99.8%, 50ms/99.9%, 100ms/100.0%
[53.574s][info][gc,marking  ] GC(24) Mark: 2 stripe(s), 2 proactive flush(es), 1 terminate flush(es), 0 completion(s), 0 continuation(s) 
[53.574s][info][gc,marking  ] GC(24) Mark Stack Usage: 32M
[53.574s][info][gc,nmethod  ] GC(24) NMethods: 2954 registered, 0 unregistered
[53.574s][info][gc,metaspace] GC(24) Metaspace: 9M used, 9M committed, 1088M reserved
[53.574s][info][gc,ref      ] GC(24) Soft: 402 encountered, 0 discovered, 0 enqueued
[53.574s][info][gc,ref      ] GC(24) Weak: 714 encountered, 7 discovered, 0 enqueued
[53.574s][info][gc,ref      ] GC(24) Final: 3 encountered, 2 discovered, 0 enqueued
[53.574s][info][gc,ref      ] GC(24) Phantom: 39 encountered, 32 discovered, 0 enqueued
[53.574s][info][gc,reloc    ] GC(24) Small Pages: 305 / 610M, Empty: 268M, Relocated: 6M, In-Place: 0
[53.574s][info][gc,reloc    ] GC(24) Medium Pages: 3 / 96M, Empty: 32M, Relocated: 6M, In-Place: 0
[53.574s][info][gc,reloc    ] GC(24) Large Pages: 1 / 6M, Empty: 6M, Relocated: 0M, In-Place: 0
[53.574s][info][gc,reloc    ] GC(24) Forwarding Usage: 0M
[53.574s][info][gc,heap     ] GC(24) Min Capacity: 4096M(100%)
[53.574s][info][gc,heap     ] GC(24) Max Capacity: 4096M(100%)
[53.574s][info][gc,heap     ] GC(24) Soft Max Capacity: 4096M(100%)
[53.574s][info][gc,heap     ] GC(24)                Mark Start          Mark End        Relocate Start      Relocate End           High               Low         
[53.574s][info][gc,heap     ] GC(24)  Capacity:     4096M (100%)       4096M (100%)       4096M (100%)       4096M (100%)       4096M (100%)       4096M (100%)   
[53.574s][info][gc,heap     ] GC(24)      Free:     3384M (83%)        3380M (83%)        3684M (90%)        4012M (98%)        4012M (98%)        3380M (83%)    
[53.574s][info][gc,heap     ] GC(24)      Used:      712M (17%)         716M (17%)         412M (10%)          84M (2%)          716M (17%)          84M (2%)     
[53.574s][info][gc,heap     ] GC(24)      Live:         -                17M (0%)           17M (0%)           17M (0%)             -                  -          
[53.574s][info][gc,heap     ] GC(24) Allocated:         -                 4M (0%)            6M (0%)           33M (1%)             -                  -          
[53.574s][info][gc,heap     ] GC(24)   Garbage:         -               694M (17%)         388M (9%)           32M (1%)             -                  -          
[53.574s][info][gc,heap     ] GC(24) Reclaimed:         -                  -               306M (7%)          661M (16%)            -                  -          
[53.574s][info][gc          ] GC(24) Garbage Collection (Proactive) 712M(17%)->84M(2%)
[54.853s][info][gc,start    ] GC(25) Garbage Collection (Proactive)
[54.853s][info][gc,task     ] GC(25) Using 2 workers
[54.853s][info][gc,phases   ] GC(25) Pause Mark Start 0.010ms
[54.869s][info][gc,phases   ] GC(25) Concurrent Mark 15.681ms
[54.869s][info][gc,phases   ] GC(25) Pause Mark End 0.018ms
[54.869s][info][gc,phases   ] GC(25) Concurrent Mark Free 0.001ms
[54.872s][info][gc,phases   ] GC(25) Concurrent Process Non-Strong References 3.151ms
[54.872s][info][gc,phases   ] GC(25) Concurrent Reset Relocation Set 0.007ms
[54.874s][info][gc,phases   ] GC(25) Concurrent Select Relocation Set 1.461ms
[54.874s][info][gc,phases   ] GC(25) Pause Relocate Start 0.008ms
[54.875s][info][gc,phases   ] GC(25) Concurrent Relocate 0.706ms
[54.875s][info][gc,load     ] GC(25) Load: 0.00/0.00/0.00
[54.875s][info][gc,mmu      ] GC(25) MMU: 2ms/98.5%, 5ms/99.2%, 10ms/99.6%, 20ms/99.8%, 50ms/99.9%, 100ms/100.0%
[54.875s][info][gc,marking  ] GC(25) Mark: 2 stripe(s), 2 proactive flush(es), 1 terminate flush(es), 0 completion(s), 0 continuation(s) 
[54.875s][info][gc,marking  ] GC(25) Mark Stack Usage: 32M
[54.875s][info][gc,nmethod  ] GC(25) NMethods: 2971 registered, 0 unregistered
[54.875s][info][gc,metaspace] GC(25) Metaspace: 9M used, 9M committed, 1088M reserved
[54.875s][info][gc,ref      ] GC(25) Soft: 402 encountered, 0 discovered, 0 enqueued
[54.875s][info][gc,ref      ] GC(25) Weak: 714 encountered, 7 discovered, 0 enqueued
[54.875s][info][gc,ref      ] GC(25) Final: 3 encountered, 0 discovered, 0 enqueued
[54.875s][info][gc,ref      ] GC(25) Phantom: 33 encountered, 21 discovered, 1 enqueued
[54.875s][info][gc,reloc    ] GC(25) Small Pages: 261 / 522M, Empty: 350M, Relocated: 3M, In-Place: 0
[54.875s][info][gc,reloc    ] GC(25) Medium Pages: 2 / 64M, Empty: 32M, Relocated: 0M, In-Place: 0
[54.875s][info][gc,reloc    ] GC(25) Large Pages: 1 / 6M, Empty: 6M, Relocated: 0M, In-Place: 0
[54.875s][info][gc,reloc    ] GC(25) Forwarding Usage: 0M
[54.875s][info][gc,heap     ] GC(25) Min Capacity: 4096M(100%)
[54.875s][info][gc,heap     ] GC(25) Max Capacity: 4096M(100%)
[54.875s][info][gc,heap     ] GC(25) Soft Max Capacity: 4096M(100%)
[54.875s][info][gc,heap     ] GC(25)                Mark Start          Mark End        Relocate Start      Relocate End           High               Low         
[54.875s][info][gc,heap     ] GC(25)  Capacity:     4096M (100%)       4096M (100%)       4096M (100%)       4096M (100%)       4096M (100%)       4096M (100%)   
[54.875s][info][gc,heap     ] GC(25)      Free:     3504M (86%)        3492M (85%)        3876M (95%)        4036M (99%)        4036M (99%)        3488M (85%)    
[54.875s][info][gc,heap     ] GC(25)      Used:      592M (14%)         604M (15%)         220M (5%)           60M (1%)          608M (15%)          60M (1%)     
[54.875s][info][gc,heap     ] GC(25)      Live:         -                11M (0%)           11M (0%)           11M (0%)             -                  -          
[54.875s][info][gc,heap     ] GC(25) Allocated:         -                12M (0%)           16M (0%)           17M (0%)             -                  -          
[54.875s][info][gc,heap     ] GC(25)   Garbage:         -               580M (14%)         192M (5%)           31M (1%)             -                  -          
[54.875s][info][gc,heap     ] GC(25) Reclaimed:         -                  -               388M (9%)          549M (13%)            -                  -          
[54.875s][info][gc          ] GC(25) Garbage Collection (Proactive) 592M(14%)->60M(1%)
[55.595s][info][gc,start    ] GC(26) Garbage Collection (System.gc())
[55.595s][info][gc,task     ] GC(26) Using 2 workers
[55.595s][info][gc,phases   ] GC(26) Pause Mark Start 0.008ms
[55.614s][info][gc,phases   ] GC(26) Concurrent Mark 19.116ms
[55.615s][info][gc,phases   ] GC(26) Pause Mark End 0.023ms
[55.615s][info][gc,phases   ] GC(26) Concurrent Mark Free 0.001ms
[55.618s][info][gc,phases   ] GC(26) Concurrent Process Non-Strong References 2.887ms
[55.618s][info][gc,phases   ] GC(26) Concurrent Reset Relocation Set 0.003ms
[55.619s][info][gc,phases   ] GC(26) Concurrent Select Relocation Set 1.135ms
[55.619s][info][gc,phases   ] GC(26) Pause Relocate Start 0.008ms
[55.619s][info][gc,phases   ] GC(26) Concurrent Relocate 0.525ms
[55.619s][info][gc,load     ] GC(26) Load: 0.00/0.00/0.00
[55.619s][info][gc,mmu      ] GC(26) MMU: 2ms/98.5%, 5ms/99.2%, 10ms/99.6%, 20ms/99.8%, 50ms/99.9%, 100ms/100.0%
[55.619s][info][gc,marking  ] GC(26) Mark: 2 stripe(s), 1 proactive flush(es), 1 terminate flush(es), 0 completion(s), 0 continuation(s) 
[55.619s][info][gc,marking  ] GC(26) Mark Stack Usage: 32M
[55.619s][info][gc,nmethod  ] GC(26) NMethods: 2989 registered, 0 unregistered
[55.620s][info][gc,metaspace] GC(26) Metaspace: 9M used, 9M committed, 1088M reserved
[55.620s][info][gc,ref      ] GC(26) Soft: 403 encountered, 0 discovered, 0 enqueued
[55.620s][info][gc,ref      ] GC(26) Weak: 713 encountered, 160 discovered, 2 enqueued
[55.620s][info][gc,ref      ] GC(26) Final: 3 encountered, 2 discovered, 0 enqueued
[55.620s][info][gc,ref      ] GC(26) Phantom: 26 encountered, 18 discovered, 0 enqueued
[55.620s][info][gc,reloc    ] GC(26) Small Pages: 299 / 598M, Empty: 578M, Relocated: 1M, In-Place: 0
[55.620s][info][gc,reloc    ] GC(26) Medium Pages: 1 / 32M, Empty: 32M, Relocated: 0M, In-Place: 0
[55.620s][info][gc,reloc    ] GC(26) Large Pages: 0 / 0M, Empty: 0M, Relocated: 0M, In-Place: 0
[55.620s][info][gc,reloc    ] GC(26) Forwarding Usage: 0M
[55.620s][info][gc,heap     ] GC(26) Min Capacity: 4096M(100%)
[55.620s][info][gc,heap     ] GC(26) Max Capacity: 4096M(100%)
[55.620s][info][gc,heap     ] GC(26) Soft Max Capacity: 4096M(100%)
[55.620s][info][gc,heap     ] GC(26)                Mark Start          Mark End        Relocate Start      Relocate End           High               Low         
[55.620s][info][gc,heap     ] GC(26)  Capacity:     4096M (100%)       4096M (100%)       4096M (100%)       4096M (100%)       4096M (100%)       4096M (100%)   
[55.620s][info][gc,heap     ] GC(26)      Free:     3466M (85%)        3466M (85%)        4076M (100%)       4088M (100%)       4088M (100%)       3466M (85%)    
[55.620s][info][gc,heap     ] GC(26)      Used:      630M (15%)         630M (15%)          20M (0%)            8M (0%)          630M (15%)           8M (0%)     
[55.620s][info][gc,heap     ] GC(26)      Live:         -                 4M (0%)            4M (0%)            4M (0%)             -                  -          
[55.620s][info][gc,heap     ] GC(26) Allocated:         -                 0M (0%)            0M (0%)            0M (0%)             -                  -          
[55.620s][info][gc,heap     ] GC(26)   Garbage:         -               625M (15%)          15M (0%)            3M (0%)             -                  -          
[55.620s][info][gc,heap     ] GC(26) Reclaimed:         -                  -               610M (15%)         622M (15%)            -                  -          
[55.620s][info][gc          ] GC(26) Garbage Collection (System.gc()) 630M(15%)->8M(0%)
[57.051s][info][gc,start    ] GC(27) Garbage Collection (Proactive)
[57.051s][info][gc,task     ] GC(27) Using 2 workers
[57.051s][info][gc,phases   ] GC(27) Pause Mark Start 0.011ms
[57.067s][info][gc,phases   ] GC(27) Concurrent Mark 16.145ms
[57.068s][info][gc,phases   ] GC(27) Pause Mark End 0.015ms
[57.068s][info][gc,phases   ] GC(27) Concurrent Mark Free 0.001ms
[57.071s][info][gc,phases   ] GC(27) Concurrent Process Non-Strong References 2.952ms
[57.071s][info][gc,phases   ] GC(27) Concurrent Reset Relocation Set 0.002ms
[57.072s][info][gc,phases   ] GC(27) Concurrent Select Relocation Set 1.632ms
[57.073s][info][gc,phases   ] GC(27) Pause Relocate Start 0.009ms
[57.074s][info][gc,phases   ] GC(27) Concurrent Relocate 1.019ms
[57.074s][info][gc,load     ] GC(27) Load: 0.00/0.00/0.00
[57.074s][info][gc,mmu      ] GC(27) MMU: 2ms/98.5%, 5ms/99.2%, 10ms/99.6%, 20ms/99.8%, 50ms/99.9%, 100ms/100.0%
[57.074s][info][gc,marking  ] GC(27) Mark: 2 stripe(s), 2 proactive flush(es), 1 terminate flush(es), 0 completion(s), 0 continuation(s) 
[57.074s][info][gc,marking  ] GC(27) Mark Stack Usage: 32M
[57.074s][info][gc,nmethod  ] GC(27) NMethods: 2995 registered, 0 unregistered
[57.074s][info][gc,metaspace] GC(27) Metaspace: 9M used, 9M committed, 1088M reserved
[57.074s][info][gc,ref      ] GC(27) Soft: 403 encountered, 0 discovered, 0 enqueued
[57.074s][info][gc,ref      ] GC(27) Weak: 715 encountered, 154 discovered, 0 enqueued
[57.074s][info][gc,ref      ] GC(27) Final: 3 encountered, 1 discovered, 0 enqueued
[57.074s][info][gc,ref      ] GC(27) Phantom: 34 encountered, 30 discovered, 1 enqueued
[57.074s][info][gc,reloc    ] GC(27) Small Pages: 225 / 450M, Empty: 56M, Relocated: 7M, In-Place: 0
[57.074s][info][gc,reloc    ] GC(27) Medium Pages: 2 / 64M, Empty: 32M, Relocated: 0M, In-Place: 0
[57.074s][info][gc,reloc    ] GC(27) Large Pages: 1 / 6M, Empty: 0M, Relocated: 0M, In-Place: 0
[57.074s][info][gc,reloc    ] GC(27) Forwarding Usage: 0M
[57.074s][info][gc,heap     ] GC(27) Min Capacity: 4096M(100%)
[57.074s][info][gc,heap     ] GC(27) Max Capacity: 4096M(100%)
[57.074s][info][gc,heap     ] GC(27) Soft Max Capacity: 4096M(100%)
[57.074s][info][gc,heap     ] GC(27)                Mark Start          Mark End        Relocate Start      Relocate End           High               Low         
[57.074s][info][gc,heap     ] GC(27)  Capacity:     4096M (100%)       4096M (100%)       4096M (100%)       4096M (100%)       4096M (100%)       4096M (100%)   
[57.074s][info][gc,heap     ] GC(27)      Free:     3576M (87%)        3574M (87%)        3662M (89%)        4042M (99%)        4042M (99%)        3574M (87%)    
[57.074s][info][gc,heap     ] GC(27)      Used:      520M (13%)         522M (13%)         434M (11%)          54M (1%)          522M (13%)          54M (1%)     
[57.074s][info][gc,heap     ] GC(27)      Live:         -                23M (1%)           23M (1%)           23M (1%)             -                  -          
[57.074s][info][gc,heap     ] GC(27) Allocated:         -                 2M (0%)            2M (0%)            1M (0%)             -                  -          
[57.074s][info][gc,heap     ] GC(27)   Garbage:         -               496M (12%)         408M (10%)          29M (1%)             -                  -          
[57.074s][info][gc,heap     ] GC(27) Reclaimed:         -                  -                88M (2%)          467M (11%)            -                  -          
[57.074s][info][gc          ] GC(27) Garbage Collection (Proactive) 520M(13%)->54M(1%)
[58.552s][info][gc,start    ] GC(28) Garbage Collection (Proactive)
[58.552s][info][gc,task     ] GC(28) Using 2 workers
[58.552s][info][gc,phases   ] GC(28) Pause Mark Start 0.008ms
[58.568s][info][gc,phases   ] GC(28) Concurrent Mark 15.700ms
[58.568s][info][gc,phases   ] GC(28) Pause Mark End 0.015ms
[58.568s][info][gc,phases   ] GC(28) Concurrent Mark Free 0.001ms
[58.571s][info][gc,phases   ] GC(28) Concurrent Process Non-Strong References 2.942ms
[58.571s][info][gc,phases   ] GC(28) Concurrent Reset Relocation Set 0.005ms
[58.573s][info][gc,phases   ] GC(28) Concurrent Select Relocation Set 1.329ms
[58.573s][info][gc,phases   ] GC(28) Pause Relocate Start 0.009ms
[58.576s][info][gc,phases   ] GC(28) Concurrent Relocate 2.754ms
[58.576s][info][gc,load     ] GC(28) Load: 0.00/0.00/0.00
[58.576s][info][gc,mmu      ] GC(28) MMU: 2ms/98.5%, 5ms/99.2%, 10ms/99.6%, 20ms/99.8%, 50ms/99.9%, 100ms/100.0%
[58.576s][info][gc,marking  ] GC(28) Mark: 2 stripe(s), 2 proactive flush(es), 1 terminate flush(es), 0 completion(s), 0 continuation(s) 
[58.576s][info][gc,marking  ] GC(28) Mark Stack Usage: 32M
[58.576s][info][gc,nmethod  ] GC(28) NMethods: 3007 registered, 0 unregistered
[58.576s][info][gc,metaspace] GC(28) Metaspace: 9M used, 9M committed, 1088M reserved
[58.576s][info][gc,ref      ] GC(28) Soft: 403 encountered, 0 discovered, 0 enqueued
[58.576s][info][gc,ref      ] GC(28) Weak: 715 encountered, 152 discovered, 0 enqueued
[58.576s][info][gc,ref      ] GC(28) Final: 3 encountered, 1 discovered, 0 enqueued
[58.576s][info][gc,ref      ] GC(28) Phantom: 39 encountered, 29 discovered, 0 enqueued
[58.576s][info][gc,reloc    ] GC(28) Small Pages: 315 / 630M, Empty: 270M, Relocated: 7M, In-Place: 0
[58.576s][info][gc,reloc    ] GC(28) Medium Pages: 3 / 96M, Empty: 32M, Relocated: 6M, In-Place: 0
[58.576s][info][gc,reloc    ] GC(28) Large Pages: 1 / 6M, Empty: 6M, Relocated: 0M, In-Place: 0
[58.576s][info][gc,reloc    ] GC(28) Forwarding Usage: 0M
[58.576s][info][gc,heap     ] GC(28) Min Capacity: 4096M(100%)
[58.576s][info][gc,heap     ] GC(28) Max Capacity: 4096M(100%)
[58.576s][info][gc,heap     ] GC(28) Soft Max Capacity: 4096M(100%)
[58.576s][info][gc,heap     ] GC(28)                Mark Start          Mark End        Relocate Start      Relocate End           High               Low         
[58.576s][info][gc,heap     ] GC(28)  Capacity:     4096M (100%)       4096M (100%)       4096M (100%)       4096M (100%)       4096M (100%)       4096M (100%)   
[58.576s][info][gc,heap     ] GC(28)      Free:     3364M (82%)        3360M (82%)        3666M (90%)        4010M (98%)        4010M (98%)        3360M (82%)    
[58.576s][info][gc,heap     ] GC(28)      Used:      732M (18%)         736M (18%)         430M (10%)          86M (2%)          736M (18%)          86M (2%)     
[58.576s][info][gc,heap     ] GC(28)      Live:         -                17M (0%)           17M (0%)           17M (0%)             -                  -          
[58.576s][info][gc,heap     ] GC(28) Allocated:         -                 4M (0%)            6M (0%)           33M (1%)             -                  -          
[58.576s][info][gc,heap     ] GC(28)   Garbage:         -               714M (17%)         406M (10%)          34M (1%)             -                  -          
[58.576s][info][gc,heap     ] GC(28) Reclaimed:         -                  -               308M (8%)          679M (17%)            -                  -          
[58.576s][info][gc          ] GC(28) Garbage Collection (Proactive) 732M(18%)->86M(2%)
[59.956s][info][gc,start    ] GC(29) Garbage Collection (Proactive)
[59.956s][info][gc,task     ] GC(29) Using 2 workers
[59.956s][info][gc,phases   ] GC(29) Pause Mark Start 0.008ms
[59.971s][info][gc,phases   ] GC(29) Concurrent Mark 15.098ms
[59.971s][info][gc,phases   ] GC(29) Pause Mark End 0.020ms
[59.971s][info][gc,phases   ] GC(29) Concurrent Mark Free 0.002ms
[59.974s][info][gc,phases   ] GC(29) Concurrent Process Non-Strong References 2.924ms
[59.974s][info][gc,phases   ] GC(29) Concurrent Reset Relocation Set 0.008ms
[59.976s][info][gc,phases   ] GC(29) Concurrent Select Relocation Set 1.581ms
[59.976s][info][gc,phases   ] GC(29) Pause Relocate Start 0.009ms
[59.977s][info][gc,phases   ] GC(29) Concurrent Relocate 0.484ms
[59.977s][info][gc,load     ] GC(29) Load: 0.00/0.00/0.00
[59.977s][info][gc,mmu      ] GC(29) MMU: 2ms/98.5%, 5ms/99.2%, 10ms/99.6%, 20ms/99.8%, 50ms/99.9%, 100ms/100.0%
[59.977s][info][gc,marking  ] GC(29) Mark: 2 stripe(s), 2 proactive flush(es), 1 terminate flush(es), 0 completion(s), 0 continuation(s) 
[59.977s][info][gc,marking  ] GC(29) Mark Stack Usage: 32M
[59.977s][info][gc,nmethod  ] GC(29) NMethods: 3027 registered, 0 unregistered
[59.977s][info][gc,metaspace] GC(29) Metaspace: 9M used, 9M committed, 1088M reserved
[59.977s][info][gc,ref      ] GC(29) Soft: 403 encountered, 0 discovered, 0 enqueued
[59.977s][info][gc,ref      ] GC(29) Weak: 717 encountered, 16 discovered, 0 enqueued
[59.977s][info][gc,ref      ] GC(29) Final: 3 encountered, 0 discovered, 0 enqueued
[59.977s][info][gc,ref      ] GC(29) Phantom: 32 encountered, 15 discovered, 1 enqueued
[59.977s][info][gc,reloc    ] GC(29) Small Pages: 309 / 618M, Empty: 594M, Relocated: 1M, In-Place: 0
[59.977s][info][gc,reloc    ] GC(29) Medium Pages: 2 / 64M, Empty: 64M, Relocated: 0M, In-Place: 0
[59.977s][info][gc,reloc    ] GC(29) Large Pages: 1 / 6M, Empty: 6M, Relocated: 0M, In-Place: 0
[59.977s][info][gc,reloc    ] GC(29) Forwarding Usage: 0M
[59.977s][info][gc,heap     ] GC(29) Min Capacity: 4096M(100%)
[59.977s][info][gc,heap     ] GC(29) Max Capacity: 4096M(100%)
[59.977s][info][gc,heap     ] GC(29) Soft Max Capacity: 4096M(100%)
[59.977s][info][gc,heap     ] GC(29)                Mark Start          Mark End        Relocate Start      Relocate End           High               Low         
[59.977s][info][gc,heap     ] GC(29)  Capacity:     4096M (100%)       4096M (100%)       4096M (100%)       4096M (100%)       4096M (100%)       4096M (100%)   
[59.977s][info][gc,heap     ] GC(29)      Free:     3408M (83%)        3406M (83%)        4070M (99%)        4086M (100%)       4086M (100%)       3406M (83%)    
[59.977s][info][gc,heap     ] GC(29)      Used:      688M (17%)         690M (17%)          26M (1%)           10M (0%)          690M (17%)          10M (0%)     
[59.977s][info][gc,heap     ] GC(29)      Live:         -                 4M (0%)            4M (0%)            4M (0%)             -                  -          
[59.977s][info][gc,heap     ] GC(29) Allocated:         -                 2M (0%)            2M (0%)            2M (0%)             -                  -          
[59.977s][info][gc,heap     ] GC(29)   Garbage:         -               683M (17%)          19M (0%)            3M (0%)             -                  -          
[59.977s][info][gc,heap     ] GC(29) Reclaimed:         -                  -               664M (16%)         680M (17%)            -                  -          
[59.977s][info][gc          ] GC(29) Garbage Collection (Proactive) 688M(17%)->10M(0%)
[60.162s][info][gc,stats    ] === Garbage Collection Statistics =======================================================================================================================
[60.162s][info][gc,stats    ]                                                              Last 10s              Last 10m              Last 10h                Total
[60.162s][info][gc,stats    ]                                                              Avg / Max             Avg / Max             Avg / Max             Avg / Max
[60.162s][info][gc,stats    ]   Collector: Garbage Collection Cycle                     22.872 / 24.432       22.927 / 37.429       22.927 / 37.429       22.927 / 37.429      ms
[60.162s][info][gc,stats    ]  Contention: Mark Segment Reset Contention                     0 / 0                 0 / 2                 0 / 2                 0 / 2           ops/s
[60.162s][info][gc,stats    ]  Contention: Mark SeqNum Reset Contention                      0 / 1                 0 / 2                 0 / 2                 0 / 2           ops/s
[60.162s][info][gc,stats    ]    Critical: Allocation Stall                                  0 / 0                 0 / 0                 0 / 0                 0 / 0           ops/s
[60.162s][info][gc,stats    ]    Critical: Allocation Stall                              0.000 / 0.000         0.000 / 0.000         0.000 / 0.000         0.000 / 0.000       ms
[60.162s][info][gc,stats    ]    Critical: GC Locker Stall                                   0 / 0                 0 / 0                 0 / 0                 0 / 0           ops/s
[60.162s][info][gc,stats    ]    Critical: GC Locker Stall                               0.000 / 0.000         0.000 / 0.000         0.000 / 0.000         0.000 / 0.000       ms
[60.162s][info][gc,stats    ]    Critical: Relocation Stall                                  0 / 0                 0 / 0                 0 / 0                 0 / 0           ops/s
[60.162s][info][gc,stats    ]    Critical: Relocation Stall                              0.000 / 0.000         0.000 / 0.000         0.000 / 0.000         0.000 / 0.000       ms
[60.162s][info][gc,stats    ]      Memory: Allocation Rate                                 476 / 666             339 / 700             339 / 700             339 / 700         MB/s
[60.162s][info][gc,stats    ]      Memory: Out Of Memory                                     0 / 0                 0 / 0                 0 / 0                 0 / 0           ops/s
[60.162s][info][gc,stats    ]      Memory: Page Cache Flush                                  0 / 0                 0 / 0                 0 / 0                 0 / 0           MB/s
[60.162s][info][gc,stats    ]      Memory: Page Cache Hit L1                               224 / 320             148 / 337             148 / 337             148 / 337         ops/s
[60.162s][info][gc,stats    ]      Memory: Page Cache Hit L2                                 0 / 0                 0 / 0                 0 / 0                 0 / 0           ops/s
[60.162s][info][gc,stats    ]      Memory: Page Cache Hit L3                                 0 / 0                11 / 146              11 / 146              11 / 146         ops/s
[60.162s][info][gc,stats    ]      Memory: Page Cache Miss                                   0 / 0                 0 / 1                 0 / 1                 0 / 1           ops/s
[60.162s][info][gc,stats    ]      Memory: Uncommit                                          0 / 0                 0 / 0                 0 / 0                 0 / 0           MB/s
[60.162s][info][gc,stats    ]      Memory: Undo Object Allocation Failed                     0 / 0                 0 / 0                 0 / 0                 0 / 0           ops/s
[60.162s][info][gc,stats    ]      Memory: Undo Object Allocation Succeeded                  0 / 1                 0 / 2                 0 / 2                 0 / 2           ops/s
[60.162s][info][gc,stats    ]      Memory: Undo Page Allocation                              0 / 0                 0 / 0                 0 / 0                 0 / 0           ops/s
[60.162s][info][gc,stats    ]       Phase: Concurrent Mark                              16.278 / 19.116       15.239 / 19.683       15.239 / 19.683       15.239 / 19.683      ms
[60.162s][info][gc,stats    ]       Phase: Concurrent Mark Continue                      0.000 / 0.000         0.000 / 0.000         0.000 / 0.000         0.000 / 0.000       ms
[60.162s][info][gc,stats    ]       Phase: Concurrent Mark Free                          0.001 / 0.002         0.001 / 0.003         0.001 / 0.003         0.001 / 0.003       ms
[60.162s][info][gc,stats    ]       Phase: Concurrent Process Non-Strong References      2.963 / 3.400         2.666 / 3.400         2.666 / 3.400         2.666 / 3.400       ms
[60.162s][info][gc,stats    ]       Phase: Concurrent Relocate                           1.181 / 2.754         1.379 / 5.120         1.379 / 5.120         1.379 / 5.120       ms
[60.162s][info][gc,stats    ]       Phase: Concurrent Reset Relocation Set               0.004 / 0.008         0.004 / 0.009         0.004 / 0.009         0.004 / 0.009       ms
[60.162s][info][gc,stats    ]       Phase: Concurrent Select Relocation Set              1.413 / 1.632         1.585 / 3.052         1.585 / 3.052         1.585 / 3.052       ms
[60.162s][info][gc,stats    ]       Phase: Pause Mark End                                0.019 / 0.030         0.019 / 0.030         0.019 / 0.030         0.019 / 0.030       ms
[60.162s][info][gc,stats    ]       Phase: Pause Mark Start                              0.009 / 0.014         0.009 / 0.019         0.009 / 0.019         0.009 / 0.019       ms
[60.162s][info][gc,stats    ]       Phase: Pause Relocate Start                          0.009 / 0.013         0.009 / 0.013         0.009 / 0.013         0.009 / 0.013       ms
[60.162s][info][gc,stats    ]    Subphase: Concurrent Classes Purge                      0.121 / 0.197         0.116 / 0.197         0.116 / 0.197         0.116 / 0.197       ms
[60.162s][info][gc,stats    ]    Subphase: Concurrent Classes Unlink                     2.278 / 2.616         2.022 / 2.616         2.022 / 2.616         2.022 / 2.616       ms
[60.162s][info][gc,stats    ]    Subphase: Concurrent Mark                               9.262 / 18.820        8.926 / 19.350        8.926 / 19.350        8.926 / 19.350      ms
[60.163s][info][gc,stats    ]    Subphase: Concurrent Mark Try Flush                     0.079 / 0.142         0.076 / 0.150         0.076 / 0.150         0.076 / 0.150       ms
[60.163s][info][gc,stats    ]    Subphase: Concurrent Mark Try Terminate                 4.252 / 16.449        3.851 / 16.449        3.851 / 16.449        3.851 / 16.449      ms
[60.163s][info][gc,stats    ]    Subphase: Concurrent References Enqueue                 0.005 / 0.008         0.005 / 0.008         0.005 / 0.008         0.005 / 0.008       ms
[60.163s][info][gc,stats    ]    Subphase: Concurrent References Process                 0.112 / 0.136         0.116 / 0.227         0.116 / 0.227         0.116 / 0.227       ms
[60.163s][info][gc,stats    ]    Subphase: Concurrent Roots ClassLoaderDataGraph         0.071 / 0.207         0.074 / 0.289         0.074 / 0.289         0.074 / 0.289       ms
[60.163s][info][gc,stats    ]    Subphase: Concurrent Roots CodeCache                    0.000 / 0.000         0.000 / 0.000         0.000 / 0.000         0.000 / 0.000       ms
[60.163s][info][gc,stats    ]    Subphase: Concurrent Roots JavaThreads                  0.406 / 1.168         0.327 / 1.168         0.327 / 1.168         0.327 / 1.168       ms
[60.163s][info][gc,stats    ]    Subphase: Concurrent Roots OopStorageSet                0.025 / 0.058         0.025 / 0.070         0.025 / 0.070         0.025 / 0.070       ms
[60.163s][info][gc,stats    ]    Subphase: Concurrent Weak Roots OopStorageSet           0.245 / 0.385         0.222 / 0.385         0.222 / 0.385         0.222 / 0.385       ms
[60.163s][info][gc,stats    ]    Subphase: Pause Mark Try Complete                       0.000 / 0.000         0.000 / 0.000         0.000 / 0.000         0.000 / 0.000       ms
[60.163s][info][gc,stats    ]      System: Java Threads                                     12 / 13               12 / 14               12 / 14               12 / 14          threads
[60.163s][info][gc,stats    ] =========================================================================================================================================================
[60.536s][info][gc,start    ] GC(30) Garbage Collection (System.gc())
[60.536s][info][gc,task     ] GC(30) Using 2 workers
[60.536s][info][gc,phases   ] GC(30) Pause Mark Start 0.007ms
[60.543s][info][gc,phases   ] GC(30) Concurrent Mark 6.764ms
[60.543s][info][gc,phases   ] GC(30) Pause Mark End 0.012ms
[60.543s][info][gc,phases   ] GC(30) Concurrent Mark Free 0.002ms
[60.547s][info][gc,phases   ] GC(30) Concurrent Process Non-Strong References 3.232ms
[60.547s][info][gc,phases   ] GC(30) Concurrent Reset Relocation Set 0.002ms
[60.548s][info][gc,phases   ] GC(30) Concurrent Select Relocation Set 1.228ms
[60.548s][info][gc,phases   ] GC(30) Pause Relocate Start 0.008ms
[60.549s][info][gc,phases   ] GC(30) Concurrent Relocate 0.760ms
[60.549s][info][gc,load     ] GC(30) Load: 0.00/0.00/0.00
[60.549s][info][gc,mmu      ] GC(30) MMU: 2ms/98.5%, 5ms/99.2%, 10ms/99.6%, 20ms/99.8%, 50ms/99.9%, 100ms/100.0%
[60.549s][info][gc,marking  ] GC(30) Mark: 2 stripe(s), 2 proactive flush(es), 1 terminate flush(es), 0 completion(s), 0 continuation(s) 
[60.549s][info][gc,marking  ] GC(30) Mark Stack Usage: 32M
[60.549s][info][gc,nmethod  ] GC(30) NMethods: 3041 registered, 0 unregistered
[60.549s][info][gc,metaspace] GC(30) Metaspace: 9M used, 9M committed, 1088M reserved
[60.549s][info][gc,ref      ] GC(30) Soft: 403 encountered, 0 discovered, 0 enqueued
[60.549s][info][gc,ref      ] GC(30) Weak: 713 encountered, 401 discovered, 2 enqueued
[60.549s][info][gc,ref      ] GC(30) Final: 3 encountered, 2 discovered, 0 enqueued
[60.549s][info][gc,ref      ] GC(30) Phantom: 26 encountered, 21 discovered, 0 enqueued
[60.549s][info][gc,reloc    ] GC(30) Small Pages: 242 / 484M, Empty: 472M, Relocated: 1M, In-Place: 0
[60.549s][info][gc,reloc    ] GC(30) Medium Pages: 0 / 0M, Empty: 0M, Relocated: 0M, In-Place: 0
[60.549s][info][gc,reloc    ] GC(30) Large Pages: 0 / 0M, Empty: 0M, Relocated: 0M, In-Place: 0
[60.549s][info][gc,reloc    ] GC(30) Forwarding Usage: 0M
[60.549s][info][gc,heap     ] GC(30) Min Capacity: 4096M(100%)
[60.549s][info][gc,heap     ] GC(30) Max Capacity: 4096M(100%)
[60.549s][info][gc,heap     ] GC(30) Soft Max Capacity: 4096M(100%)
[60.549s][info][gc,heap     ] GC(30)                Mark Start          Mark End        Relocate Start      Relocate End           High               Low         
[60.549s][info][gc,heap     ] GC(30)  Capacity:     4096M (100%)       4096M (100%)       4096M (100%)       4096M (100%)       4096M (100%)       4096M (100%)   
[60.549s][info][gc,heap     ] GC(30)      Free:     3612M (88%)        3612M (88%)        4084M (100%)       4088M (100%)       4088M (100%)       3612M (88%)    
[60.549s][info][gc,heap     ] GC(30)      Used:      484M (12%)         484M (12%)          12M (0%)            8M (0%)          484M (12%)           8M (0%)     
[60.549s][info][gc,heap     ] GC(30)      Live:         -                 4M (0%)            4M (0%)            4M (0%)             -                  -          
[60.549s][info][gc,heap     ] GC(30) Allocated:         -                 0M (0%)            0M (0%)            0M (0%)             -                  -          
[60.549s][info][gc,heap     ] GC(30)   Garbage:         -               479M (12%)           7M (0%)            3M (0%)             -                  -          
[60.549s][info][gc,heap     ] GC(30) Reclaimed:         -                  -               472M (12%)         476M (12%)            -                  -          
[60.549s][info][gc          ] GC(30) Garbage Collection (System.gc()) 484M(12%)->8M(0%)
[62.064s][info][gc,start    ] GC(31) Garbage Collection (Proactive)
[62.064s][info][gc,task     ] GC(31) Using 2 workers
[62.064s][info][gc,phases   ] GC(31) Pause Mark Start 0.008ms
[62.079s][info][gc,phases   ] GC(31) Concurrent Mark 15.418ms
[62.080s][info][gc,phases   ] GC(31) Pause Mark End 0.012ms
[62.080s][info][gc,phases   ] GC(31) Concurrent Mark Free 0.001ms
[62.082s][info][gc,phases   ] GC(31) Concurrent Process Non-Strong References 2.841ms
[62.082s][info][gc,phases   ] GC(31) Concurrent Reset Relocation Set 0.002ms
[62.084s][info][gc,phases   ] GC(31) Concurrent Select Relocation Set 1.680ms
[62.084s][info][gc,phases   ] GC(31) Pause Relocate Start 0.010ms
[62.086s][info][gc,phases   ] GC(31) Concurrent Relocate 1.445ms
[62.086s][info][gc,load     ] GC(31) Load: 0.00/0.00/0.00
[62.086s][info][gc,mmu      ] GC(31) MMU: 2ms/98.5%, 5ms/99.2%, 10ms/99.6%, 20ms/99.8%, 50ms/99.9%, 100ms/100.0%
[62.086s][info][gc,marking  ] GC(31) Mark: 2 stripe(s), 2 proactive flush(es), 1 terminate flush(es), 0 completion(s), 0 continuation(s) 
[62.086s][info][gc,marking  ] GC(31) Mark Stack Usage: 32M
[62.086s][info][gc,nmethod  ] GC(31) NMethods: 3045 registered, 0 unregistered
[62.086s][info][gc,metaspace] GC(31) Metaspace: 9M used, 9M committed, 1088M reserved
[62.086s][info][gc,ref      ] GC(31) Soft: 403 encountered, 0 discovered, 0 enqueued
[62.086s][info][gc,ref      ] GC(31) Weak: 715 encountered, 7 discovered, 0 enqueued
[62.086s][info][gc,ref      ] GC(31) Final: 3 encountered, 1 discovered, 0 enqueued
[62.086s][info][gc,ref      ] GC(31) Phantom: 42 encountered, 26 discovered, 1 enqueued
[62.086s][info][gc,reloc    ] GC(31) Small Pages: 234 / 468M, Empty: 60M, Relocated: 8M, In-Place: 0
[62.086s][info][gc,reloc    ] GC(31) Medium Pages: 2 / 64M, Empty: 32M, Relocated: 0M, In-Place: 0
[62.086s][info][gc,reloc    ] GC(31) Large Pages: 1 / 6M, Empty: 0M, Relocated: 0M, In-Place: 0
[62.086s][info][gc,reloc    ] GC(31) Forwarding Usage: 0M
[62.086s][info][gc,heap     ] GC(31) Min Capacity: 4096M(100%)
[62.086s][info][gc,heap     ] GC(31) Max Capacity: 4096M(100%)
[62.086s][info][gc,heap     ] GC(31) Soft Max Capacity: 4096M(100%)
[62.086s][info][gc,heap     ] GC(31)                Mark Start          Mark End        Relocate Start      Relocate End           High               Low         
[62.086s][info][gc,heap     ] GC(31)  Capacity:     4096M (100%)       4096M (100%)       4096M (100%)       4096M (100%)       4096M (100%)       4096M (100%)   
[62.086s][info][gc,heap     ] GC(31)      Free:     3558M (87%)        3550M (87%)        3638M (89%)        4028M (98%)        4028M (98%)        3546M (87%)    
[62.086s][info][gc,heap     ] GC(31)      Used:      538M (13%)         546M (13%)         458M (11%)          68M (2%)          550M (13%)          68M (2%)     
[62.086s][info][gc,heap     ] GC(31)      Live:         -                23M (1%)           23M (1%)           23M (1%)             -                  -          
[62.086s][info][gc,heap     ] GC(31) Allocated:         -                 8M (0%)           12M (0%)           13M (0%)             -                  -          
[62.086s][info][gc,heap     ] GC(31)   Garbage:         -               514M (13%)         422M (10%)          30M (1%)             -                  -          
[62.086s][info][gc,heap     ] GC(31) Reclaimed:         -                  -                92M (2%)          483M (12%)            -                  -          
[62.086s][info][gc          ] GC(31) Garbage Collection (Proactive) 538M(13%)->68M(2%)
[63.756s][info][gc,start    ] GC(32) Garbage Collection (Proactive)
[63.756s][info][gc,task     ] GC(32) Using 2 workers
[63.756s][info][gc,phases   ] GC(32) Pause Mark Start 0.010ms
[63.772s][info][gc,phases   ] GC(32) Concurrent Mark 15.775ms
[63.772s][info][gc,phases   ] GC(32) Pause Mark End 0.019ms
[63.772s][info][gc,phases   ] GC(32) Concurrent Mark Free 0.002ms
[63.775s][info][gc,phases   ] GC(32) Concurrent Process Non-Strong References 3.064ms
[63.775s][info][gc,phases   ] GC(32) Concurrent Reset Relocation Set 0.007ms
[63.777s][info][gc,phases   ] GC(32) Concurrent Select Relocation Set 1.673ms
[63.777s][info][gc,phases   ] GC(32) Pause Relocate Start 0.009ms
[63.779s][info][gc,phases   ] GC(32) Concurrent Relocate 1.585ms
[63.779s][info][gc,load     ] GC(32) Load: 0.00/0.00/0.00
[63.779s][info][gc,mmu      ] GC(32) MMU: 2ms/98.5%, 5ms/99.2%, 10ms/99.6%, 20ms/99.8%, 50ms/99.9%, 100ms/100.0%
[63.779s][info][gc,marking  ] GC(32) Mark: 2 stripe(s), 2 proactive flush(es), 1 terminate flush(es), 0 completion(s), 0 continuation(s) 
[63.779s][info][gc,marking  ] GC(32) Mark Stack Usage: 32M
[63.779s][info][gc,nmethod  ] GC(32) NMethods: 3048 registered, 0 unregistered
[63.779s][info][gc,metaspace] GC(32) Metaspace: 9M used, 9M committed, 1088M reserved
[63.779s][info][gc,ref      ] GC(32) Soft: 403 encountered, 0 discovered, 0 enqueued
[63.779s][info][gc,ref      ] GC(32) Weak: 715 encountered, 9 discovered, 0 enqueued
[63.779s][info][gc,ref      ] GC(32) Final: 3 encountered, 0 discovered, 0 enqueued
[63.779s][info][gc,ref      ] GC(32) Phantom: 37 encountered, 33 discovered, 0 enqueued
[63.779s][info][gc,reloc    ] GC(32) Small Pages: 350 / 700M, Empty: 274M, Relocated: 8M, In-Place: 0
[63.779s][info][gc,reloc    ] GC(32) Medium Pages: 3 / 96M, Empty: 64M, Relocated: 0M, In-Place: 0
[63.779s][info][gc,reloc    ] GC(32) Large Pages: 2 / 12M, Empty: 6M, Relocated: 0M, In-Place: 0
[63.779s][info][gc,reloc    ] GC(32) Forwarding Usage: 0M
[63.779s][info][gc,heap     ] GC(32) Min Capacity: 4096M(100%)
[63.779s][info][gc,heap     ] GC(32) Max Capacity: 4096M(100%)
[63.779s][info][gc,heap     ] GC(32) Soft Max Capacity: 4096M(100%)
[63.779s][info][gc,heap     ] GC(32)                Mark Start          Mark End        Relocate Start      Relocate End           High               Low         
[63.779s][info][gc,heap     ] GC(32)  Capacity:     4096M (100%)       4096M (100%)       4096M (100%)       4096M (100%)       4096M (100%)       4096M (100%)   
[63.779s][info][gc,heap     ] GC(32)      Free:     3288M (80%)        3286M (80%)        3630M (89%)        4038M (99%)        4038M (99%)        3286M (80%)    
[63.779s][info][gc,heap     ] GC(32)      Used:      808M (20%)         810M (20%)         466M (11%)          58M (1%)          810M (20%)          58M (1%)     
[63.779s][info][gc,heap     ] GC(32)      Live:         -                23M (1%)           23M (1%)           23M (1%)             -                  -          
[63.779s][info][gc,heap     ] GC(32) Allocated:         -                 2M (0%)            2M (0%)            2M (0%)             -                  -          
[63.779s][info][gc,heap     ] GC(32)   Garbage:         -               784M (19%)         440M (11%)          32M (1%)             -                  -          
[63.779s][info][gc,heap     ] GC(32) Reclaimed:         -                  -               344M (8%)          752M (18%)            -                  -          
[63.779s][info][gc          ] GC(32) Garbage Collection (Proactive) 808M(20%)->58M(1%)
[65.358s][info][gc,start    ] GC(33) Garbage Collection (Proactive)
[65.358s][info][gc,task     ] GC(33) Using 2 workers
[65.358s][info][gc,phases   ] GC(33) Pause Mark Start 0.011ms
[65.373s][info][gc,phases   ] GC(33) Concurrent Mark 15.305ms
[65.373s][info][gc,phases   ] GC(33) Pause Mark End 0.021ms
[65.374s][info][gc,phases   ] GC(33) Concurrent Mark Free 0.001ms
[65.377s][info][gc,phases   ] GC(33) Concurrent Process Non-Strong References 3.110ms
[65.377s][info][gc,phases   ] GC(33) Concurrent Reset Relocation Set 0.008ms
[65.379s][info][gc,phases   ] GC(33) Concurrent Select Relocation Set 1.697ms
[65.379s][info][gc,phases   ] GC(33) Pause Relocate Start 0.009ms
[65.380s][info][gc,phases   ] GC(33) Concurrent Relocate 1.003ms
[65.380s][info][gc,load     ] GC(33) Load: 0.00/0.00/0.00
[65.380s][info][gc,mmu      ] GC(33) MMU: 2ms/98.5%, 5ms/99.2%, 10ms/99.6%, 20ms/99.8%, 50ms/99.9%, 100ms/100.0%
[65.380s][info][gc,marking  ] GC(33) Mark: 2 stripe(s), 2 proactive flush(es), 1 terminate flush(es), 0 completion(s), 0 continuation(s) 
[65.380s][info][gc,marking  ] GC(33) Mark Stack Usage: 32M
[65.380s][info][gc,nmethod  ] GC(33) NMethods: 3077 registered, 0 unregistered
[65.380s][info][gc,metaspace] GC(33) Metaspace: 9M used, 9M committed, 1088M reserved
[65.380s][info][gc,ref      ] GC(33) Soft: 403 encountered, 0 discovered, 0 enqueued
[65.380s][info][gc,ref      ] GC(33) Weak: 718 encountered, 156 discovered, 0 enqueued
[65.380s][info][gc,ref      ] GC(33) Final: 3 encountered, 0 discovered, 0 enqueued
[65.380s][info][gc,ref      ] GC(33) Phantom: 50 encountered, 31 discovered, 1 enqueued
[65.380s][info][gc,reloc    ] GC(33) Small Pages: 476 / 952M, Empty: 794M, Relocated: 1M, In-Place: 0
[65.380s][info][gc,reloc    ] GC(33) Medium Pages: 2 / 64M, Empty: 64M, Relocated: 0M, In-Place: 0
[65.380s][info][gc,reloc    ] GC(33) Large Pages: 1 / 6M, Empty: 6M, Relocated: 0M, In-Place: 0
[65.380s][info][gc,reloc    ] GC(33) Forwarding Usage: 0M
[65.380s][info][gc,heap     ] GC(33) Min Capacity: 4096M(100%)
[65.380s][info][gc,heap     ] GC(33) Max Capacity: 4096M(100%)
[65.380s][info][gc,heap     ] GC(33) Soft Max Capacity: 4096M(100%)
[65.380s][info][gc,heap     ] GC(33)                Mark Start          Mark End        Relocate Start      Relocate End           High               Low         
[65.380s][info][gc,heap     ] GC(33)  Capacity:     4096M (100%)       4096M (100%)       4096M (100%)       4096M (100%)       4096M (100%)       4096M (100%)   
[65.380s][info][gc,heap     ] GC(33)      Free:     3074M (75%)        3062M (75%)        3920M (96%)        4070M (99%)        4070M (99%)        3058M (75%)    
[65.380s][info][gc,heap     ] GC(33)      Used:     1022M (25%)        1034M (25%)         176M (4%)           26M (1%)         1038M (25%)          26M (1%)     
[65.380s][info][gc,heap     ] GC(33)      Live:         -                 5M (0%)            5M (0%)            5M (0%)             -                  -          
[65.380s][info][gc,heap     ] GC(33) Allocated:         -                12M (0%)           18M (0%)           17M (0%)             -                  -          
[65.380s][info][gc,heap     ] GC(33)   Garbage:         -              1016M (25%)         152M (4%)            3M (0%)             -                  -          
[65.380s][info][gc,heap     ] GC(33) Reclaimed:         -                  -               864M (21%)        1013M (25%)            -                  -          
[65.380s][info][gc          ] GC(33) Garbage Collection (Proactive) 1022M(25%)->26M(1%)
[65.437s][info][gc,heap,exit] Heap
[65.437s][info][gc,heap,exit]  ZHeap           used 66M, capacity 4096M, max capacity 4096M
[65.437s][info][gc,heap,exit]  Metaspace       used 9838K, committed 10112K, reserved 1114112K
[65.437s][info][gc,heap,exit]   class space    used 1012K, committed 1152K, reserved 1048576K
