[0.008s][info][gc,init] Initializing The Z Garbage Collector
[0.008s][info][gc,init] Version: 17.0.12+7-adhoc..jdk17u (release)
[0.008s][info][gc,init] NUMA Support: Disabled
[0.008s][info][gc,init] CPUs: 6 total, 6 available
[0.008s][info][gc,init] Memory: 15591M
[0.008s][info][gc,init] Large Page Support: Disabled
[0.008s][info][gc,init] GC Workers: 2 (dynamic)
[0.008s][info][gc,init] Address Space Type: Contiguous/Unrestricted/Complete
[0.009s][info][gc,init] Address Space Size: 16384M x 3 = 49152M
[0.009s][info][gc,init] Min Capacity: 1024M
[0.009s][info][gc,init] Initial Capacity: 1024M
[0.009s][info][gc,init] Max Capacity: 1024M
[0.009s][info][gc,init] Medium Page Size: 32M
[0.009s][info][gc,init] Pre-touch: Disabled
[0.009s][info][gc,init] Uncommit: Implicitly Disabled (-Xms equals -Xmx)
[0.040s][info][gc,init] Runtime Workers: 4
[0.041s][info][gc     ] Using The Z Garbage Collector
[0.048s][info][gc,metaspace] CDS archive(s) mapped at: [0x000001cf00000000-0x000001cf00bc0000-0x000001cf00bc0000), size 12320768, SharedBaseAddress: 0x000001cf00000000, ArchiveRelocationMode: 1.
[0.048s][info][gc,metaspace] Compressed class space mapped at: 0x000001cf01000000-0x000001cf41000000, reserved size: 1073741824
[0.048s][info][gc,metaspace] Narrow klass base: 0x000001cf00000000, Narrow klass shift: 0, Narrow klass range: 0x100000000
[10.067s][info][gc,stats    ] === Garbage Collection Statistics =======================================================================================================================
[10.067s][info][gc,stats    ]                                                              Last 10s              Last 10m              Last 10h                Total
[10.067s][info][gc,stats    ]                                                              Avg / Max             Avg / Max             Avg / Max             Avg / Max
[10.067s][info][gc,stats    ]   Collector: Garbage Collection Cycle                      0.000 / 0.000         0.000 / 0.000         0.000 / 0.000         0.000 / 0.000       ms
[10.067s][info][gc,stats    ]  Contention: Mark Segment Reset Contention                     0 / 0                 0 / 0                 0 / 0                 0 / 0           ops/s
[10.067s][info][gc,stats    ]  Contention: Mark SeqNum Reset Contention                      0 / 0                 0 / 0                 0 / 0                 0 / 0           ops/s
[10.067s][info][gc,stats    ]    Critical: Allocation Stall                                  0 / 0                 0 / 0                 0 / 0                 0 / 0           ops/s
[10.067s][info][gc,stats    ]    Critical: Allocation Stall                              0.000 / 0.000         0.000 / 0.000         0.000 / 0.000         0.000 / 0.000       ms
[10.067s][info][gc,stats    ]    Critical: GC Locker Stall                                   0 / 0                 0 / 0                 0 / 0                 0 / 0           ops/s
[10.067s][info][gc,stats    ]    Critical: GC Locker Stall                               0.000 / 0.000         0.000 / 0.000         0.000 / 0.000         0.000 / 0.000       ms
[10.067s][info][gc,stats    ]    Critical: Relocation Stall                                  0 / 0                 0 / 0                 0 / 0                 0 / 0           ops/s
[10.067s][info][gc,stats    ]    Critical: Relocation Stall                              0.000 / 0.000         0.000 / 0.000         0.000 / 0.000         0.000 / 0.000       ms
[10.067s][info][gc,stats    ]      Memory: Allocation Rate                                   0 / 4                 0 / 4                 0 / 4                 0 / 4           MB/s
[10.067s][info][gc,stats    ]      Memory: Out Of Memory                                     0 / 0                 0 / 0                 0 / 0                 0 / 0           ops/s
[10.067s][info][gc,stats    ]      Memory: Page Cache Flush                                  0 / 0                 0 / 0                 0 / 0                 0 / 0           MB/s
[10.067s][info][gc,stats    ]      Memory: Page Cache Hit L1                                 0 / 0                 0 / 0                 0 / 0                 0 / 0           ops/s
[10.067s][info][gc,stats    ]      Memory: Page Cache Hit L2                                 0 / 0                 0 / 0                 0 / 0                 0 / 0           ops/s
[10.067s][info][gc,stats    ]      Memory: Page Cache Hit L3                                 0 / 4                 0 / 4                 0 / 4                 0 / 4           ops/s
[10.067s][info][gc,stats    ]      Memory: Page Cache Miss                                   0 / 1                 0 / 1                 0 / 1                 0 / 1           ops/s
[10.067s][info][gc,stats    ]      Memory: Uncommit                                          0 / 0                 0 / 0                 0 / 0                 0 / 0           MB/s
[10.067s][info][gc,stats    ]      Memory: Undo Object Allocation Failed                     0 / 0                 0 / 0                 0 / 0                 0 / 0           ops/s
[10.067s][info][gc,stats    ]      Memory: Undo Object Allocation Succeeded                  0 / 0                 0 / 0                 0 / 0                 0 / 0           ops/s
[10.067s][info][gc,stats    ]      Memory: Undo Page Allocation                              0 / 0                 0 / 0                 0 / 0                 0 / 0           ops/s
[10.067s][info][gc,stats    ]       Phase: Concurrent Mark                               0.000 / 0.000         0.000 / 0.000         0.000 / 0.000         0.000 / 0.000       ms
[10.067s][info][gc,stats    ]       Phase: Concurrent Mark Continue                      0.000 / 0.000         0.000 / 0.000         0.000 / 0.000         0.000 / 0.000       ms
[10.067s][info][gc,stats    ]       Phase: Concurrent Mark Free                          0.000 / 0.000         0.000 / 0.000         0.000 / 0.000         0.000 / 0.000       ms
[10.067s][info][gc,stats    ]       Phase: Concurrent Process Non-Strong References      0.000 / 0.000         0.000 / 0.000         0.000 / 0.000         0.000 / 0.000       ms
[10.067s][info][gc,stats    ]       Phase: Concurrent Relocate                           0.000 / 0.000         0.000 / 0.000         0.000 / 0.000         0.000 / 0.000       ms
[10.067s][info][gc,stats    ]       Phase: Concurrent Reset Relocation Set               0.000 / 0.000         0.000 / 0.000         0.000 / 0.000         0.000 / 0.000       ms
[10.067s][info][gc,stats    ]       Phase: Concurrent Select Relocation Set              0.000 / 0.000         0.000 / 0.000         0.000 / 0.000         0.000 / 0.000       ms
[10.067s][info][gc,stats    ]       Phase: Pause Mark End                                0.000 / 0.000         0.000 / 0.000         0.000 / 0.000         0.000 / 0.000       ms
[10.067s][info][gc,stats    ]       Phase: Pause Mark Start                              0.000 / 0.000         0.000 / 0.000         0.000 / 0.000         0.000 / 0.000       ms
[10.067s][info][gc,stats    ]       Phase: Pause Relocate Start                          0.000 / 0.000         0.000 / 0.000         0.000 / 0.000         0.000 / 0.000       ms
[10.067s][info][gc,stats    ]    Subphase: Concurrent Classes Purge                      0.000 / 0.000         0.000 / 0.000         0.000 / 0.000         0.000 / 0.000       ms
[10.068s][info][gc,stats    ]    Subphase: Concurrent Classes Unlink                     0.000 / 0.000         0.000 / 0.000         0.000 / 0.000         0.000 / 0.000       ms
[10.068s][info][gc,stats    ]    Subphase: Concurrent Mark                               0.000 / 0.000         0.000 / 0.000         0.000 / 0.000         0.000 / 0.000       ms
[10.068s][info][gc,stats    ]    Subphase: Concurrent Mark Try Flush                     0.000 / 0.000         0.000 / 0.000         0.000 / 0.000         0.000 / 0.000       ms
[10.068s][info][gc,stats    ]    Subphase: Concurrent Mark Try Terminate                 0.000 / 0.000         0.000 / 0.000         0.000 / 0.000         0.000 / 0.000       ms
[10.068s][info][gc,stats    ]    Subphase: Concurrent References Enqueue                 0.000 / 0.000         0.000 / 0.000         0.000 / 0.000         0.000 / 0.000       ms
[10.068s][info][gc,stats    ]    Subphase: Concurrent References Process                 0.000 / 0.000         0.000 / 0.000         0.000 / 0.000         0.000 / 0.000       ms
[10.068s][info][gc,stats    ]    Subphase: Concurrent Roots ClassLoaderDataGraph         0.000 / 0.000         0.000 / 0.000         0.000 / 0.000         0.000 / 0.000       ms
[10.068s][info][gc,stats    ]    Subphase: Concurrent Roots CodeCache                    0.000 / 0.000         0.000 / 0.000         0.000 / 0.000         0.000 / 0.000       ms
[10.068s][info][gc,stats    ]    Subphase: Concurrent Roots JavaThreads                  0.000 / 0.000         0.000 / 0.000         0.000 / 0.000         0.000 / 0.000       ms
[10.068s][info][gc,stats    ]    Subphase: Concurrent Roots OopStorageSet                0.000 / 0.000         0.000 / 0.000         0.000 / 0.000         0.000 / 0.000       ms
[10.068s][info][gc,stats    ]    Subphase: Concurrent Weak Roots OopStorageSet           0.000 / 0.000         0.000 / 0.000         0.000 / 0.000         0.000 / 0.000       ms
[10.068s][info][gc,stats    ]    Subphase: Pause Mark Try Complete                       0.000 / 0.000         0.000 / 0.000         0.000 / 0.000         0.000 / 0.000       ms
[10.068s][info][gc,stats    ]      System: Java Threads                                      0 / 0                 0 / 0                 0 / 0                 0 / 0           threads
[10.068s][info][gc,stats    ] =========================================================================================================================================================
[14.457s][info][gc,start    ] GC(0) Garbage Collection (System.gc())
[14.457s][info][gc,task     ] GC(0) Using 2 workers
[14.457s][info][gc,phases   ] GC(0) Pause Mark Start 0.005ms
[14.476s][info][gc,phases   ] GC(0) Concurrent Mark 18.613ms
[14.476s][info][gc,phases   ] GC(0) Pause Mark End 0.037ms
[14.476s][info][gc,phases   ] GC(0) Concurrent Mark Free 0.001ms
[14.477s][info][gc,phases   ] GC(0) Concurrent Process Non-Strong References 1.157ms
[14.477s][info][gc,phases   ] GC(0) Concurrent Reset Relocation Set 0.003ms
[14.486s][info][gc,phases   ] GC(0) Concurrent Select Relocation Set 8.199ms
[14.486s][info][gc,phases   ] GC(0) Pause Relocate Start 0.008ms
[14.489s][info][gc,phases   ] GC(0) Concurrent Relocate 2.891ms
[14.489s][info][gc,load     ] GC(0) Load: 0.00/0.00/0.00
[14.489s][info][gc,mmu      ] GC(0) MMU: 2ms/98.2%, 5ms/99.3%, 10ms/99.6%, 20ms/99.8%, 50ms/99.9%, 100ms/100.0%
[14.489s][info][gc,marking  ] GC(0) Mark: 2 stripe(s), 1 proactive flush(es), 1 terminate flush(es), 0 completion(s), 0 continuation(s) 
[14.489s][info][gc,marking  ] GC(0) Mark Stack Usage: 32M
[14.489s][info][gc,nmethod  ] GC(0) NMethods: 642 registered, 0 unregistered
[14.489s][info][gc,metaspace] GC(0) Metaspace: 2M used, 2M committed, 1088M reserved
[14.489s][info][gc,ref      ] GC(0) Soft: 123 encountered, 0 discovered, 0 enqueued
[14.489s][info][gc,ref      ] GC(0) Weak: 332 encountered, 79 discovered, 64 enqueued
[14.489s][info][gc,ref      ] GC(0) Final: 3 encountered, 2 discovered, 0 enqueued
[14.489s][info][gc,ref      ] GC(0) Phantom: 63 encountered, 51 discovered, 33 enqueued
[14.489s][info][gc,reloc    ] GC(0) Small Pages: 5 / 10M, Empty: 0M, Relocated: 3M, In-Place: 0
[14.489s][info][gc,reloc    ] GC(0) Medium Pages: 0 / 0M, Empty: 0M, Relocated: 0M, In-Place: 0
[14.489s][info][gc,reloc    ] GC(0) Large Pages: 0 / 0M, Empty: 0M, Relocated: 0M, In-Place: 0
[14.489s][info][gc,reloc    ] GC(0) Forwarding Usage: 1M
[14.489s][info][gc,heap     ] GC(0) Min Capacity: 1024M(100%)
[14.489s][info][gc,heap     ] GC(0) Max Capacity: 1024M(100%)
[14.489s][info][gc,heap     ] GC(0) Soft Max Capacity: 1024M(100%)
[14.489s][info][gc,heap     ] GC(0)                Mark Start          Mark End        Relocate Start      Relocate End           High               Low         
[14.489s][info][gc,heap     ] GC(0)  Capacity:     1024M (100%)       1024M (100%)       1024M (100%)       1024M (100%)       1024M (100%)       1024M (100%)   
[14.489s][info][gc,heap     ] GC(0)      Free:     1014M (99%)        1014M (99%)        1014M (99%)        1018M (99%)        1018M (99%)        1010M (99%)    
[14.489s][info][gc,heap     ] GC(0)      Used:       10M (1%)           10M (1%)           10M (1%)            6M (1%)           14M (1%)            6M (1%)     
[14.489s][info][gc,heap     ] GC(0)      Live:         -                 3M (0%)            3M (0%)            3M (0%)             -                  -          
[14.489s][info][gc,heap     ] GC(0) Allocated:         -                 0M (0%)            0M (0%)            0M (0%)             -                  -          
[14.489s][info][gc,heap     ] GC(0)   Garbage:         -                 6M (1%)            6M (1%)            2M (0%)             -                  -          
[14.489s][info][gc,heap     ] GC(0) Reclaimed:         -                  -                 0M (0%)            4M (0%)             -                  -          
[14.489s][info][gc          ] GC(0) Garbage Collection (System.gc()) 10M(1%)->6M(1%)
[14.966s][info][gc,start    ] GC(1) Garbage Collection (Warmup)
[14.966s][info][gc,task     ] GC(1) Using 2 workers
[14.966s][info][gc,phases   ] GC(1) Pause Mark Start 0.012ms
[14.982s][info][gc,phases   ] GC(1) Concurrent Mark 15.274ms
[14.982s][info][gc,phases   ] GC(1) Pause Mark End 0.017ms
[14.982s][info][gc,phases   ] GC(1) Concurrent Mark Free 0.001ms
[14.984s][info][gc,phases   ] GC(1) Concurrent Process Non-Strong References 1.572ms
[14.984s][info][gc,phases   ] GC(1) Concurrent Reset Relocation Set 0.001ms
[14.985s][info][gc,phases   ] GC(1) Concurrent Select Relocation Set 1.574ms
[14.985s][info][gc,phases   ] GC(1) Pause Relocate Start 0.007ms
[14.987s][info][gc,phases   ] GC(1) Concurrent Relocate 1.586ms
[14.987s][info][gc,load     ] GC(1) Load: 0.00/0.00/0.00
[14.987s][info][gc,mmu      ] GC(1) MMU: 2ms/98.2%, 5ms/99.3%, 10ms/99.6%, 20ms/99.8%, 50ms/99.9%, 100ms/100.0%
[14.987s][info][gc,marking  ] GC(1) Mark: 2 stripe(s), 2 proactive flush(es), 1 terminate flush(es), 0 completion(s), 0 continuation(s) 
[14.987s][info][gc,marking  ] GC(1) Mark Stack Usage: 32M
[14.987s][info][gc,nmethod  ] GC(1) NMethods: 1459 registered, 0 unregistered
[14.987s][info][gc,metaspace] GC(1) Metaspace: 6M used, 6M committed, 1088M reserved
[14.987s][info][gc,ref      ] GC(1) Soft: 326 encountered, 0 discovered, 0 enqueued
[14.987s][info][gc,ref      ] GC(1) Weak: 614 encountered, 87 discovered, 75 enqueued
[14.987s][info][gc,ref      ] GC(1) Final: 3 encountered, 0 discovered, 0 enqueued
[14.987s][info][gc,ref      ] GC(1) Phantom: 133 encountered, 124 discovered, 94 enqueued
[14.987s][info][gc,reloc    ] GC(1) Small Pages: 36 / 72M, Empty: 4M, Relocated: 4M, In-Place: 0
[14.987s][info][gc,reloc    ] GC(1) Medium Pages: 1 / 32M, Empty: 0M, Relocated: 0M, In-Place: 0
[14.987s][info][gc,reloc    ] GC(1) Large Pages: 0 / 0M, Empty: 0M, Relocated: 0M, In-Place: 0
[14.987s][info][gc,reloc    ] GC(1) Forwarding Usage: 0M
[14.987s][info][gc,heap     ] GC(1) Min Capacity: 1024M(100%)
[14.987s][info][gc,heap     ] GC(1) Max Capacity: 1024M(100%)
[14.987s][info][gc,heap     ] GC(1) Soft Max Capacity: 1024M(100%)
[14.987s][info][gc,heap     ] GC(1)                Mark Start          Mark End        Relocate Start      Relocate End           High               Low         
[14.987s][info][gc,heap     ] GC(1)  Capacity:     1024M (100%)       1024M (100%)       1024M (100%)       1024M (100%)       1024M (100%)       1024M (100%)   
[14.987s][info][gc,heap     ] GC(1)      Free:      920M (90%)         914M (89%)         886M (87%)         946M (92%)         946M (92%)         882M (86%)    
[14.987s][info][gc,heap     ] GC(1)      Used:      104M (10%)         110M (11%)         138M (13%)          78M (8%)          142M (14%)          78M (8%)     
[14.987s][info][gc,heap     ] GC(1)      Live:         -                 6M (1%)            6M (1%)            6M (1%)             -                  -          
[14.987s][info][gc,heap     ] GC(1) Allocated:         -                 6M (1%)           38M (4%)           37M (4%)             -                  -          
[14.987s][info][gc,heap     ] GC(1)   Garbage:         -                97M (9%)           93M (9%)           33M (3%)             -                  -          
[14.987s][info][gc,heap     ] GC(1) Reclaimed:         -                  -                 4M (0%)           63M (6%)             -                  -          
[14.987s][info][gc          ] GC(1) Garbage Collection (Warmup) 104M(10%)->78M(8%)
[15.570s][info][gc,start    ] GC(2) Garbage Collection (Warmup)
[15.570s][info][gc,task     ] GC(2) Using 2 workers
[15.570s][info][gc,phases   ] GC(2) Pause Mark Start 0.007ms
[15.586s][info][gc,phases   ] GC(2) Concurrent Mark 15.713ms
[15.586s][info][gc,phases   ] GC(2) Pause Mark End 0.015ms
[15.587s][info][gc,phases   ] GC(2) Concurrent Mark Free 0.001ms
[15.589s][info][gc,phases   ] GC(2) Concurrent Process Non-Strong References 2.286ms
[15.589s][info][gc,phases   ] GC(2) Concurrent Reset Relocation Set 0.004ms
[15.590s][info][gc,phases   ] GC(2) Concurrent Select Relocation Set 1.438ms
[15.591s][info][gc,phases   ] GC(2) Pause Relocate Start 0.009ms
[15.592s][info][gc,phases   ] GC(2) Concurrent Relocate 1.396ms
[15.592s][info][gc,load     ] GC(2) Load: 0.00/0.00/0.00
[15.592s][info][gc,mmu      ] GC(2) MMU: 2ms/98.2%, 5ms/99.3%, 10ms/99.6%, 20ms/99.8%, 50ms/99.9%, 100ms/100.0%
[15.592s][info][gc,marking  ] GC(2) Mark: 2 stripe(s), 2 proactive flush(es), 1 terminate flush(es), 0 completion(s), 0 continuation(s) 
[15.592s][info][gc,marking  ] GC(2) Mark Stack Usage: 32M
[15.592s][info][gc,nmethod  ] GC(2) NMethods: 1671 registered, 0 unregistered
[15.592s][info][gc,metaspace] GC(2) Metaspace: 7M used, 7M committed, 1088M reserved
[15.592s][info][gc,ref      ] GC(2) Soft: 338 encountered, 0 discovered, 0 enqueued
[15.592s][info][gc,ref      ] GC(2) Weak: 572 encountered, 271 discovered, 12 enqueued
[15.592s][info][gc,ref      ] GC(2) Final: 3 encountered, 1 discovered, 0 enqueued
[15.592s][info][gc,ref      ] GC(2) Phantom: 42 encountered, 37 discovered, 0 enqueued
[15.592s][info][gc,reloc    ] GC(2) Small Pages: 78 / 156M, Empty: 4M, Relocated: 4M, In-Place: 0
[15.592s][info][gc,reloc    ] GC(2) Medium Pages: 2 / 64M, Empty: 32M, Relocated: 0M, In-Place: 0
[15.592s][info][gc,reloc    ] GC(2) Large Pages: 0 / 0M, Empty: 0M, Relocated: 0M, In-Place: 0
[15.592s][info][gc,reloc    ] GC(2) Forwarding Usage: 0M
[15.592s][info][gc,heap     ] GC(2) Min Capacity: 1024M(100%)
[15.592s][info][gc,heap     ] GC(2) Max Capacity: 1024M(100%)
[15.592s][info][gc,heap     ] GC(2) Soft Max Capacity: 1024M(100%)
[15.592s][info][gc,heap     ] GC(2)                Mark Start          Mark End        Relocate Start      Relocate End           High               Low         
[15.592s][info][gc,heap     ] GC(2)  Capacity:     1024M (100%)       1024M (100%)       1024M (100%)       1024M (100%)       1024M (100%)       1024M (100%)   
[15.592s][info][gc,heap     ] GC(2)      Free:      804M (79%)         802M (78%)         838M (82%)         978M (96%)         978M (96%)         802M (78%)    
[15.592s][info][gc,heap     ] GC(2)      Used:      220M (21%)         222M (22%)         186M (18%)          46M (4%)          222M (22%)          46M (4%)     
[15.592s][info][gc,heap     ] GC(2)      Live:         -                12M (1%)           12M (1%)           12M (1%)             -                  -          
[15.592s][info][gc,heap     ] GC(2) Allocated:         -                 2M (0%)            2M (0%)            3M (0%)             -                  -          
[15.592s][info][gc,heap     ] GC(2)   Garbage:         -               207M (20%)         171M (17%)          29M (3%)             -                  -          
[15.592s][info][gc,heap     ] GC(2) Reclaimed:         -                  -                36M (4%)          177M (17%)            -                  -          
[15.592s][info][gc          ] GC(2) Garbage Collection (Warmup) 220M(21%)->46M(4%)
[16.570s][info][gc,start    ] GC(3) Garbage Collection (Warmup)
[16.570s][info][gc,task     ] GC(3) Using 2 workers
[16.570s][info][gc,phases   ] GC(3) Pause Mark Start 0.010ms
[16.586s][info][gc,phases   ] GC(3) Concurrent Mark 15.243ms
[16.586s][info][gc,phases   ] GC(3) Pause Mark End 0.014ms
[16.586s][info][gc,phases   ] GC(3) Concurrent Mark Free 0.002ms
[16.588s][info][gc,phases   ] GC(3) Concurrent Process Non-Strong References 1.809ms
[16.588s][info][gc,phases   ] GC(3) Concurrent Reset Relocation Set 0.003ms
[16.589s][info][gc,phases   ] GC(3) Concurrent Select Relocation Set 1.431ms
[16.590s][info][gc,phases   ] GC(3) Pause Relocate Start 0.009ms
[16.595s][info][gc,phases   ] GC(3) Concurrent Relocate 5.221ms
[16.595s][info][gc,load     ] GC(3) Load: 0.00/0.00/0.00
[16.595s][info][gc,mmu      ] GC(3) MMU: 2ms/98.2%, 5ms/99.3%, 10ms/99.6%, 20ms/99.8%, 50ms/99.9%, 100ms/100.0%
[16.595s][info][gc,marking  ] GC(3) Mark: 2 stripe(s), 2 proactive flush(es), 1 terminate flush(es), 0 completion(s), 0 continuation(s) 
[16.595s][info][gc,marking  ] GC(3) Mark Stack Usage: 32M
[16.595s][info][gc,nmethod  ] GC(3) NMethods: 1727 registered, 0 unregistered
[16.595s][info][gc,metaspace] GC(3) Metaspace: 7M used, 7M committed, 1088M reserved
[16.595s][info][gc,ref      ] GC(3) Soft: 338 encountered, 0 discovered, 0 enqueued
[16.595s][info][gc,ref      ] GC(3) Weak: 564 encountered, 109 discovered, 4 enqueued
[16.595s][info][gc,ref      ] GC(3) Final: 3 encountered, 3 discovered, 0 enqueued
[16.595s][info][gc,ref      ] GC(3) Phantom: 43 encountered, 37 discovered, 0 enqueued
[16.595s][info][gc,reloc    ] GC(3) Small Pages: 129 / 258M, Empty: 32M, Relocated: 5M, In-Place: 0
[16.595s][info][gc,reloc    ] GC(3) Medium Pages: 2 / 64M, Empty: 0M, Relocated: 7M, In-Place: 0
[16.595s][info][gc,reloc    ] GC(3) Large Pages: 1 / 6M, Empty: 0M, Relocated: 0M, In-Place: 0
[16.595s][info][gc,reloc    ] GC(3) Forwarding Usage: 0M
[16.595s][info][gc,heap     ] GC(3) Min Capacity: 1024M(100%)
[16.595s][info][gc,heap     ] GC(3) Max Capacity: 1024M(100%)
[16.595s][info][gc,heap     ] GC(3) Soft Max Capacity: 1024M(100%)
[16.595s][info][gc,heap     ] GC(3)                Mark Start          Mark End        Relocate Start      Relocate End           High               Low         
[16.595s][info][gc,heap     ] GC(3)  Capacity:     1024M (100%)       1024M (100%)       1024M (100%)       1024M (100%)       1024M (100%)       1024M (100%)   
[16.595s][info][gc,heap     ] GC(3)      Free:      696M (68%)         696M (68%)         728M (71%)         938M (92%)         938M (92%)         662M (65%)    
[16.595s][info][gc,heap     ] GC(3)      Used:      328M (32%)         328M (32%)         296M (29%)          86M (8%)          362M (35%)          86M (8%)     
[16.595s][info][gc,heap     ] GC(3)      Live:         -                25M (2%)           25M (2%)           25M (2%)             -                  -          
[16.595s][info][gc,heap     ] GC(3) Allocated:         -                 0M (0%)            0M (0%)           31M (3%)             -                  -          
[16.595s][info][gc,heap     ] GC(3)   Garbage:         -               302M (30%)         270M (26%)          29M (3%)             -                  -          
[16.595s][info][gc,heap     ] GC(3) Reclaimed:         -                  -                32M (3%)          273M (27%)            -                  -          
[16.595s][info][gc          ] GC(3) Garbage Collection (Warmup) 328M(32%)->86M(8%)
[18.167s][info][gc,start    ] GC(4) Garbage Collection (Proactive)
[18.167s][info][gc,task     ] GC(4) Using 2 workers
[18.168s][info][gc,phases   ] GC(4) Pause Mark Start 0.009ms
[18.183s][info][gc,phases   ] GC(4) Concurrent Mark 15.559ms
[18.184s][info][gc,phases   ] GC(4) Pause Mark End 0.014ms
[18.184s][info][gc,phases   ] GC(4) Concurrent Mark Free 0.001ms
[18.187s][info][gc,phases   ] GC(4) Concurrent Process Non-Strong References 2.808ms
[18.187s][info][gc,phases   ] GC(4) Concurrent Reset Relocation Set 0.006ms
[18.189s][info][gc,phases   ] GC(4) Concurrent Select Relocation Set 1.972ms
[18.189s][info][gc,phases   ] GC(4) Pause Relocate Start 0.008ms
[18.191s][info][gc,phases   ] GC(4) Concurrent Relocate 2.413ms
[18.191s][info][gc,load     ] GC(4) Load: 0.00/0.00/0.00
[18.191s][info][gc,mmu      ] GC(4) MMU: 2ms/98.2%, 5ms/99.3%, 10ms/99.6%, 20ms/99.8%, 50ms/99.9%, 100ms/100.0%
[18.191s][info][gc,marking  ] GC(4) Mark: 2 stripe(s), 2 proactive flush(es), 1 terminate flush(es), 0 completion(s), 0 continuation(s) 
[18.191s][info][gc,marking  ] GC(4) Mark Stack Usage: 32M
[18.191s][info][gc,nmethod  ] GC(4) NMethods: 2583 registered, 0 unregistered
[18.191s][info][gc,metaspace] GC(4) Metaspace: 8M used, 8M committed, 1088M reserved
[18.191s][info][gc,ref      ] GC(4) Soft: 369 encountered, 0 discovered, 0 enqueued
[18.191s][info][gc,ref      ] GC(4) Weak: 633 encountered, 350 discovered, 32 enqueued
[18.191s][info][gc,ref      ] GC(4) Final: 3 encountered, 3 discovered, 0 enqueued
[18.191s][info][gc,ref      ] GC(4) Phantom: 62 encountered, 44 discovered, 0 enqueued
[18.191s][info][gc,reloc    ] GC(4) Small Pages: 223 / 446M, Empty: 218M, Relocated: 6M, In-Place: 0
[18.191s][info][gc,reloc    ] GC(4) Medium Pages: 2 / 64M, Empty: 32M, Relocated: 0M, In-Place: 0
[18.191s][info][gc,reloc    ] GC(4) Large Pages: 1 / 6M, Empty: 6M, Relocated: 0M, In-Place: 0
[18.191s][info][gc,reloc    ] GC(4) Forwarding Usage: 0M
[18.191s][info][gc,heap     ] GC(4) Min Capacity: 1024M(100%)
[18.192s][info][gc,heap     ] GC(4) Max Capacity: 1024M(100%)
[18.192s][info][gc,heap     ] GC(4) Soft Max Capacity: 1024M(100%)
[18.192s][info][gc,heap     ] GC(4)                Mark Start          Mark End        Relocate Start      Relocate End           High               Low         
[18.192s][info][gc,heap     ] GC(4)  Capacity:     1024M (100%)       1024M (100%)       1024M (100%)       1024M (100%)       1024M (100%)       1024M (100%)   
[18.192s][info][gc,heap     ] GC(4)      Free:      508M (50%)         504M (49%)         726M (71%)         944M (92%)         944M (92%)         470M (46%)    
[18.192s][info][gc,heap     ] GC(4)      Used:      516M (50%)         520M (51%)         298M (29%)          80M (8%)          554M (54%)          80M (8%)     
[18.192s][info][gc,heap     ] GC(4)      Live:         -                12M (1%)           12M (1%)           12M (1%)             -                  -          
[18.192s][info][gc,heap     ] GC(4) Allocated:         -                 4M (0%)           38M (4%)           37M (4%)             -                  -          
[18.192s][info][gc,heap     ] GC(4)   Garbage:         -               503M (49%)         247M (24%)          29M (3%)             -                  -          
[18.192s][info][gc,heap     ] GC(4) Reclaimed:         -                  -               256M (25%)         473M (46%)            -                  -          
[18.192s][info][gc          ] GC(4) Garbage Collection (Proactive) 516M(50%)->80M(8%)
[19.575s][info][gc,start    ] GC(5) Garbage Collection (Proactive)
[19.575s][info][gc,task     ] GC(5) Using 2 workers
[19.575s][info][gc,phases   ] GC(5) Pause Mark Start 0.012ms
[19.591s][info][gc,phases   ] GC(5) Concurrent Mark 15.016ms
[19.591s][info][gc,phases   ] GC(5) Pause Mark End 0.018ms
[19.591s][info][gc,phases   ] GC(5) Concurrent Mark Free 0.001ms
[19.594s][info][gc,phases   ] GC(5) Concurrent Process Non-Strong References 2.731ms
[19.594s][info][gc,phases   ] GC(5) Concurrent Reset Relocation Set 0.005ms
[19.595s][info][gc,phases   ] GC(5) Concurrent Select Relocation Set 1.738ms
[19.596s][info][gc,phases   ] GC(5) Pause Relocate Start 0.009ms
[19.597s][info][gc,phases   ] GC(5) Concurrent Relocate 1.630ms
[19.597s][info][gc,load     ] GC(5) Load: 0.00/0.00/0.00
[19.597s][info][gc,mmu      ] GC(5) MMU: 2ms/98.2%, 5ms/99.3%, 10ms/99.6%, 20ms/99.8%, 50ms/99.9%, 100ms/100.0%
[19.597s][info][gc,marking  ] GC(5) Mark: 2 stripe(s), 2 proactive flush(es), 1 terminate flush(es), 0 completion(s), 0 continuation(s) 
[19.597s][info][gc,marking  ] GC(5) Mark Stack Usage: 32M
[19.597s][info][gc,nmethod  ] GC(5) NMethods: 2652 registered, 0 unregistered
[19.597s][info][gc,metaspace] GC(5) Metaspace: 8M used, 8M committed, 1088M reserved
[19.597s][info][gc,ref      ] GC(5) Soft: 370 encountered, 0 discovered, 0 enqueued
[19.597s][info][gc,ref      ] GC(5) Weak: 602 encountered, 361 discovered, 0 enqueued
[19.597s][info][gc,ref      ] GC(5) Final: 3 encountered, 3 discovered, 0 enqueued
[19.597s][info][gc,ref      ] GC(5) Phantom: 64 encountered, 49 discovered, 0 enqueued
[19.597s][info][gc,reloc    ] GC(5) Small Pages: 216 / 432M, Empty: 130M, Relocated: 6M, In-Place: 0
[19.597s][info][gc,reloc    ] GC(5) Medium Pages: 2 / 64M, Empty: 32M, Relocated: 0M, In-Place: 0
[19.597s][info][gc,reloc    ] GC(5) Large Pages: 1 / 6M, Empty: 0M, Relocated: 0M, In-Place: 0
[19.597s][info][gc,reloc    ] GC(5) Forwarding Usage: 0M
[19.597s][info][gc,heap     ] GC(5) Min Capacity: 1024M(100%)
[19.597s][info][gc,heap     ] GC(5) Max Capacity: 1024M(100%)
[19.597s][info][gc,heap     ] GC(5) Soft Max Capacity: 1024M(100%)
[19.597s][info][gc,heap     ] GC(5)                Mark Start          Mark End        Relocate Start      Relocate End           High               Low         
[19.597s][info][gc,heap     ] GC(5)  Capacity:     1024M (100%)       1024M (100%)       1024M (100%)       1024M (100%)       1024M (100%)       1024M (100%)   
[19.597s][info][gc,heap     ] GC(5)      Free:      522M (51%)         514M (50%)         674M (66%)         958M (94%)         958M (94%)         514M (50%)    
[19.597s][info][gc,heap     ] GC(5)      Used:      502M (49%)         510M (50%)         350M (34%)          66M (6%)          510M (50%)          66M (6%)     
[19.597s][info][gc,heap     ] GC(5)      Live:         -                23M (2%)           23M (2%)           23M (2%)             -                  -          
[19.597s][info][gc,heap     ] GC(5) Allocated:         -                 8M (1%)           10M (1%)           12M (1%)             -                  -          
[19.597s][info][gc,heap     ] GC(5)   Garbage:         -               478M (47%)         316M (31%)          29M (3%)             -                  -          
[19.597s][info][gc,heap     ] GC(5) Reclaimed:         -                  -               162M (16%)         448M (44%)            -                  -          
[19.598s][info][gc          ] GC(5) Garbage Collection (Proactive) 502M(49%)->66M(6%)
[20.066s][info][gc,stats    ] === Garbage Collection Statistics =======================================================================================================================
[20.066s][info][gc,stats    ]                                                              Last 10s              Last 10m              Last 10h                Total
[20.066s][info][gc,stats    ]                                                              Avg / Max             Avg / Max             Avg / Max             Avg / Max
[20.066s][info][gc,stats    ]   Collector: Garbage Collection Cycle                     24.192 / 31.574       24.192 / 31.574       24.192 / 31.574       24.192 / 31.574      ms
[20.066s][info][gc,stats    ]  Contention: Mark Segment Reset Contention                     0 / 1                 0 / 1                 0 / 1                 0 / 1           ops/s
[20.066s][info][gc,stats    ]  Contention: Mark SeqNum Reset Contention                      0 / 1                 0 / 1                 0 / 1                 0 / 1           ops/s
[20.066s][info][gc,stats    ]    Critical: Allocation Stall                                  0 / 0                 0 / 0                 0 / 0                 0 / 0           ops/s
[20.066s][info][gc,stats    ]    Critical: Allocation Stall                              0.000 / 0.000         0.000 / 0.000         0.000 / 0.000         0.000 / 0.000       ms
[20.066s][info][gc,stats    ]    Critical: GC Locker Stall                                   0 / 0                 0 / 0                 0 / 0                 0 / 0           ops/s
[20.066s][info][gc,stats    ]    Critical: GC Locker Stall                               0.000 / 0.000         0.000 / 0.000         0.000 / 0.000         0.000 / 0.000       ms
[20.066s][info][gc,stats    ]    Critical: Relocation Stall                                  0 / 0                 0 / 0                 0 / 0                 0 / 0           ops/s
[20.066s][info][gc,stats    ]    Critical: Relocation Stall                              0.000 / 0.000         0.000 / 0.000         0.000 / 0.000         0.000 / 0.000       ms
[20.066s][info][gc,stats    ]      Memory: Allocation Rate                                 172 / 410              86 / 410              86 / 410              86 / 410         MB/s
[20.066s][info][gc,stats    ]      Memory: Out Of Memory                                     0 / 0                 0 / 0                 0 / 0                 0 / 0           ops/s
[20.066s][info][gc,stats    ]      Memory: Page Cache Flush                                  0 / 0                 0 / 0                 0 / 0                 0 / 0           MB/s
[20.066s][info][gc,stats    ]      Memory: Page Cache Hit L1                                56 / 192              28 / 192              28 / 192              28 / 192         ops/s
[20.066s][info][gc,stats    ]      Memory: Page Cache Hit L2                                 0 / 0                 0 / 0                 0 / 0                 0 / 0           ops/s
[20.066s][info][gc,stats    ]      Memory: Page Cache Hit L3                                22 / 84               11 / 84               11 / 84               11 / 84          ops/s
[20.066s][info][gc,stats    ]      Memory: Page Cache Miss                                   0 / 0                 0 / 1                 0 / 1                 0 / 1           ops/s
[20.066s][info][gc,stats    ]      Memory: Uncommit                                          0 / 0                 0 / 0                 0 / 0                 0 / 0           MB/s
[20.066s][info][gc,stats    ]      Memory: Undo Object Allocation Failed                     0 / 0                 0 / 0                 0 / 0                 0 / 0           ops/s
[20.066s][info][gc,stats    ]      Memory: Undo Object Allocation Succeeded                  0 / 2                 0 / 2                 0 / 2                 0 / 2           ops/s
[20.066s][info][gc,stats    ]      Memory: Undo Page Allocation                              0 / 0                 0 / 0                 0 / 0                 0 / 0           ops/s
[20.066s][info][gc,stats    ]       Phase: Concurrent Mark                              15.903 / 18.613       15.903 / 18.613       15.903 / 18.613       15.903 / 18.613      ms
[20.066s][info][gc,stats    ]       Phase: Concurrent Mark Continue                      0.000 / 0.000         0.000 / 0.000         0.000 / 0.000         0.000 / 0.000       ms
[20.067s][info][gc,stats    ]       Phase: Concurrent Mark Free                          0.001 / 0.002         0.001 / 0.002         0.001 / 0.002         0.001 / 0.002       ms
[20.067s][info][gc,stats    ]       Phase: Concurrent Process Non-Strong References      2.060 / 2.808         2.060 / 2.808         2.060 / 2.808         2.060 / 2.808       ms
[20.067s][info][gc,stats    ]       Phase: Concurrent Relocate                           2.523 / 5.221         2.523 / 5.221         2.523 / 5.221         2.523 / 5.221       ms
[20.067s][info][gc,stats    ]       Phase: Concurrent Reset Relocation Set               0.003 / 0.006         0.003 / 0.006         0.003 / 0.006         0.003 / 0.006       ms
[20.067s][info][gc,stats    ]       Phase: Concurrent Select Relocation Set              2.725 / 8.199         2.725 / 8.199         2.725 / 8.199         2.725 / 8.199       ms
[20.067s][info][gc,stats    ]       Phase: Pause Mark End                                0.019 / 0.037         0.019 / 0.037         0.019 / 0.037         0.019 / 0.037       ms
[20.067s][info][gc,stats    ]       Phase: Pause Mark Start                              0.009 / 0.012         0.009 / 0.012         0.009 / 0.012         0.009 / 0.012       ms
[20.067s][info][gc,stats    ]       Phase: Pause Relocate Start                          0.008 / 0.009         0.008 / 0.009         0.008 / 0.009         0.008 / 0.009       ms
[20.067s][info][gc,stats    ]    Subphase: Concurrent Classes Purge                      0.099 / 0.143         0.099 / 0.143         0.099 / 0.143         0.099 / 0.143       ms
[20.067s][info][gc,stats    ]    Subphase: Concurrent Classes Unlink                     1.437 / 2.144         1.437 / 2.144         1.437 / 2.144         1.437 / 2.144       ms
[20.067s][info][gc,stats    ]    Subphase: Concurrent Mark                               9.590 / 18.044        9.590 / 18.044        9.590 / 18.044        9.590 / 18.044      ms
[20.067s][info][gc,stats    ]    Subphase: Concurrent Mark Try Flush                     0.068 / 0.152         0.068 / 0.152         0.068 / 0.152         0.068 / 0.152       ms
[20.067s][info][gc,stats    ]    Subphase: Concurrent Mark Try Terminate                 3.835 / 15.787        3.835 / 15.787        3.835 / 15.787        3.835 / 15.787      ms
[20.067s][info][gc,stats    ]    Subphase: Concurrent References Enqueue                 0.004 / 0.007         0.004 / 0.007         0.004 / 0.007         0.004 / 0.007       ms
[20.067s][info][gc,stats    ]    Subphase: Concurrent References Process                 0.100 / 0.137         0.100 / 0.137         0.100 / 0.137         0.100 / 0.137       ms
[20.067s][info][gc,stats    ]    Subphase: Concurrent Roots ClassLoaderDataGraph         0.090 / 0.240         0.090 / 0.240         0.090 / 0.240         0.090 / 0.240       ms
[20.067s][info][gc,stats    ]    Subphase: Concurrent Roots CodeCache                    0.000 / 0.000         0.000 / 0.000         0.000 / 0.000         0.000 / 0.000       ms
[20.067s][info][gc,stats    ]    Subphase: Concurrent Roots JavaThreads                  0.369 / 0.731         0.369 / 0.731         0.369 / 0.731         0.369 / 0.731       ms
[20.067s][info][gc,stats    ]    Subphase: Concurrent Roots OopStorageSet                0.034 / 0.074         0.034 / 0.074         0.034 / 0.074         0.034 / 0.074       ms
[20.067s][info][gc,stats    ]    Subphase: Concurrent Weak Roots OopStorageSet           0.263 / 0.389         0.263 / 0.389         0.263 / 0.389         0.263 / 0.389       ms
[20.067s][info][gc,stats    ]    Subphase: Pause Mark Try Complete                       0.000 / 0.000         0.000 / 0.000         0.000 / 0.000         0.000 / 0.000       ms
[20.067s][info][gc,stats    ]      System: Java Threads                                     12 / 13               12 / 13               12 / 13               12 / 13          threads
[20.067s][info][gc,stats    ] =========================================================================================================================================================
[20.972s][info][gc,start    ] GC(6) Garbage Collection (Proactive)
[20.972s][info][gc,task     ] GC(6) Using 2 workers
[20.972s][info][gc,phases   ] GC(6) Pause Mark Start 0.010ms
[20.988s][info][gc,phases   ] GC(6) Concurrent Mark 15.632ms
[20.988s][info][gc,phases   ] GC(6) Pause Mark End 0.014ms
[20.988s][info][gc,phases   ] GC(6) Concurrent Mark Free 0.001ms
[20.990s][info][gc,phases   ] GC(6) Concurrent Process Non-Strong References 2.038ms
[20.990s][info][gc,phases   ] GC(6) Concurrent Reset Relocation Set 0.006ms
[20.992s][info][gc,phases   ] GC(6) Concurrent Select Relocation Set 1.781ms
[20.992s][info][gc,phases   ] GC(6) Pause Relocate Start 0.007ms
[20.994s][info][gc,phases   ] GC(6) Concurrent Relocate 1.554ms
[20.994s][info][gc,load     ] GC(6) Load: 0.00/0.00/0.00
[20.994s][info][gc,mmu      ] GC(6) MMU: 2ms/98.2%, 5ms/99.3%, 10ms/99.6%, 20ms/99.8%, 50ms/99.9%, 100ms/100.0%
[20.994s][info][gc,marking  ] GC(6) Mark: 2 stripe(s), 2 proactive flush(es), 1 terminate flush(es), 0 completion(s), 0 continuation(s) 
[20.994s][info][gc,marking  ] GC(6) Mark Stack Usage: 32M
[20.994s][info][gc,nmethod  ] GC(6) NMethods: 2162 registered, 292 unregistered
[20.994s][info][gc,metaspace] GC(6) Metaspace: 9M used, 9M committed, 1088M reserved
[20.994s][info][gc,ref      ] GC(6) Soft: 391 encountered, 0 discovered, 0 enqueued
[20.994s][info][gc,ref      ] GC(6) Weak: 677 encountered, 397 discovered, 26 enqueued
[20.994s][info][gc,ref      ] GC(6) Final: 3 encountered, 3 discovered, 0 enqueued
[20.994s][info][gc,ref      ] GC(6) Phantom: 94 encountered, 77 discovered, 0 enqueued
[20.994s][info][gc,reloc    ] GC(6) Small Pages: 224 / 448M, Empty: 360M, Relocated: 2M, In-Place: 0
[20.994s][info][gc,reloc    ] GC(6) Medium Pages: 2 / 64M, Empty: 64M, Relocated: 0M, In-Place: 0
[20.994s][info][gc,reloc    ] GC(6) Large Pages: 1 / 6M, Empty: 6M, Relocated: 0M, In-Place: 0
[20.994s][info][gc,reloc    ] GC(6) Forwarding Usage: 0M
[20.994s][info][gc,heap     ] GC(6) Min Capacity: 1024M(100%)
[20.994s][info][gc,heap     ] GC(6) Max Capacity: 1024M(100%)
[20.994s][info][gc,heap     ] GC(6) Soft Max Capacity: 1024M(100%)
[20.994s][info][gc,heap     ] GC(6)                Mark Start          Mark End        Relocate Start      Relocate End           High               Low         
[20.994s][info][gc,heap     ] GC(6)  Capacity:     1024M (100%)       1024M (100%)       1024M (100%)       1024M (100%)       1024M (100%)       1024M (100%)   
[20.994s][info][gc,heap     ] GC(6)      Free:      506M (49%)         502M (49%)         932M (91%)        1010M (99%)        1010M (99%)         502M (49%)    
[20.994s][info][gc,heap     ] GC(6)      Used:      518M (51%)         522M (51%)          92M (9%)           14M (1%)          522M (51%)          14M (1%)     
[20.994s][info][gc,heap     ] GC(6)      Live:         -                 4M (0%)            4M (0%)            4M (0%)             -                  -          
[20.994s][info][gc,heap     ] GC(6) Allocated:         -                 4M (0%)            4M (0%)            7M (1%)             -                  -          
[20.994s][info][gc,heap     ] GC(6)   Garbage:         -               513M (50%)          83M (8%)            1M (0%)             -                  -          
[20.994s][info][gc,heap     ] GC(6) Reclaimed:         -                  -               430M (42%)         511M (50%)            -                  -          
[20.994s][info][gc          ] GC(6) Garbage Collection (Proactive) 518M(51%)->14M(1%)
[21.941s][info][gc,start    ] GC(7) Garbage Collection (System.gc())
[21.941s][info][gc,task     ] GC(7) Using 2 workers
[21.941s][info][gc,phases   ] GC(7) Pause Mark Start 0.008ms
[21.954s][info][gc,phases   ] GC(7) Concurrent Mark 12.868ms
[21.954s][info][gc,phases   ] GC(7) Pause Mark End 0.021ms
[21.954s][info][gc,phases   ] GC(7) Concurrent Mark Free 0.002ms
[21.957s][info][gc,phases   ] GC(7) Concurrent Process Non-Strong References 2.822ms
[21.957s][info][gc,phases   ] GC(7) Concurrent Reset Relocation Set 0.003ms
[21.959s][info][gc,phases   ] GC(7) Concurrent Select Relocation Set 1.522ms
[21.959s][info][gc,phases   ] GC(7) Pause Relocate Start 0.010ms
[21.960s][info][gc,phases   ] GC(7) Concurrent Relocate 1.051ms
[21.960s][info][gc,load     ] GC(7) Load: 0.00/0.00/0.00
[21.960s][info][gc,mmu      ] GC(7) MMU: 2ms/98.2%, 5ms/99.3%, 10ms/99.6%, 20ms/99.8%, 50ms/99.9%, 100ms/100.0%
[21.960s][info][gc,marking  ] GC(7) Mark: 2 stripe(s), 1 proactive flush(es), 1 terminate flush(es), 0 completion(s), 0 continuation(s) 
[21.960s][info][gc,marking  ] GC(7) Mark Stack Usage: 32M
[21.960s][info][gc,nmethod  ] GC(7) NMethods: 2386 registered, 292 unregistered
[21.960s][info][gc,metaspace] GC(7) Metaspace: 9M used, 9M committed, 1088M reserved
[21.960s][info][gc,ref      ] GC(7) Soft: 402 encountered, 0 discovered, 0 enqueued
[21.960s][info][gc,ref      ] GC(7) Weak: 744 encountered, 44 discovered, 34 enqueued
[21.960s][info][gc,ref      ] GC(7) Final: 3 encountered, 2 discovered, 0 enqueued
[21.960s][info][gc,ref      ] GC(7) Phantom: 93 encountered, 78 discovered, 67 enqueued
[21.960s][info][gc,reloc    ] GC(7) Small Pages: 213 / 426M, Empty: 410M, Relocated: 1M, In-Place: 0
[21.960s][info][gc,reloc    ] GC(7) Medium Pages: 0 / 0M, Empty: 0M, Relocated: 0M, In-Place: 0
[21.960s][info][gc,reloc    ] GC(7) Large Pages: 0 / 0M, Empty: 0M, Relocated: 0M, In-Place: 0
[21.960s][info][gc,reloc    ] GC(7) Forwarding Usage: 0M
[21.960s][info][gc,heap     ] GC(7) Min Capacity: 1024M(100%)
[21.960s][info][gc,heap     ] GC(7) Max Capacity: 1024M(100%)
[21.960s][info][gc,heap     ] GC(7) Soft Max Capacity: 1024M(100%)
[21.960s][info][gc,heap     ] GC(7)                Mark Start          Mark End        Relocate Start      Relocate End           High               Low         
[21.960s][info][gc,heap     ] GC(7)  Capacity:     1024M (100%)       1024M (100%)       1024M (100%)       1024M (100%)       1024M (100%)       1024M (100%)   
[21.960s][info][gc,heap     ] GC(7)      Free:      598M (58%)         598M (58%)        1008M (98%)        1016M (99%)        1016M (99%)         598M (58%)    
[21.960s][info][gc,heap     ] GC(7)      Used:      426M (42%)         426M (42%)          16M (2%)            8M (1%)          426M (42%)           8M (1%)     
[21.960s][info][gc,heap     ] GC(7)      Live:         -                 4M (0%)            4M (0%)            4M (0%)             -                  -          
[21.960s][info][gc,heap     ] GC(7) Allocated:         -                 0M (0%)            0M (0%)            0M (0%)             -                  -          
[21.960s][info][gc,heap     ] GC(7)   Garbage:         -               421M (41%)          11M (1%)            3M (0%)             -                  -          
[21.960s][info][gc,heap     ] GC(7) Reclaimed:         -                  -               410M (40%)         418M (41%)            -                  -          
[21.960s][info][gc          ] GC(7) Garbage Collection (System.gc()) 426M(42%)->8M(1%)
[23.174s][info][gc,start    ] GC(8) Garbage Collection (Proactive)
[23.174s][info][gc,task     ] GC(8) Using 2 workers
[23.174s][info][gc,phases   ] GC(8) Pause Mark Start 0.008ms
[23.190s][info][gc,phases   ] GC(8) Concurrent Mark 15.778ms
[23.190s][info][gc,phases   ] GC(8) Pause Mark End 0.014ms
[23.190s][info][gc,phases   ] GC(8) Concurrent Mark Free 0.001ms
[23.193s][info][gc,phases   ] GC(8) Concurrent Process Non-Strong References 2.531ms
[23.193s][info][gc,phases   ] GC(8) Concurrent Reset Relocation Set 0.001ms
[23.194s][info][gc,phases   ] GC(8) Concurrent Select Relocation Set 1.466ms
[23.194s][info][gc,phases   ] GC(8) Pause Relocate Start 0.008ms
[23.198s][info][gc,phases   ] GC(8) Concurrent Relocate 3.178ms
[23.198s][info][gc,load     ] GC(8) Load: 0.00/0.00/0.00
[23.198s][info][gc,mmu      ] GC(8) MMU: 2ms/98.2%, 5ms/99.3%, 10ms/99.6%, 20ms/99.8%, 50ms/99.9%, 100ms/100.0%
[23.198s][info][gc,marking  ] GC(8) Mark: 2 stripe(s), 2 proactive flush(es), 1 terminate flush(es), 0 completion(s), 0 continuation(s) 
[23.198s][info][gc,marking  ] GC(8) Mark Stack Usage: 32M
[23.198s][info][gc,nmethod  ] GC(8) NMethods: 2429 registered, 292 unregistered
[23.198s][info][gc,metaspace] GC(8) Metaspace: 9M used, 9M committed, 1088M reserved
[23.198s][info][gc,ref      ] GC(8) Soft: 402 encountered, 0 discovered, 0 enqueued
[23.198s][info][gc,ref      ] GC(8) Weak: 714 encountered, 16 discovered, 0 enqueued
[23.198s][info][gc,ref      ] GC(8) Final: 3 encountered, 0 discovered, 0 enqueued
[23.198s][info][gc,ref      ] GC(8) Phantom: 40 encountered, 22 discovered, 1 enqueued
[23.198s][info][gc,reloc    ] GC(8) Small Pages: 195 / 390M, Empty: 42M, Relocated: 8M, In-Place: 0
[23.198s][info][gc,reloc    ] GC(8) Medium Pages: 2 / 64M, Empty: 0M, Relocated: 6M, In-Place: 0
[23.198s][info][gc,reloc    ] GC(8) Large Pages: 0 / 0M, Empty: 0M, Relocated: 0M, In-Place: 0
[23.198s][info][gc,reloc    ] GC(8) Forwarding Usage: 0M
[23.198s][info][gc,heap     ] GC(8) Min Capacity: 1024M(100%)
[23.198s][info][gc,heap     ] GC(8) Max Capacity: 1024M(100%)
[23.198s][info][gc,heap     ] GC(8) Soft Max Capacity: 1024M(100%)
[23.198s][info][gc,heap     ] GC(8)                Mark Start          Mark End        Relocate Start      Relocate End           High               Low         
[23.198s][info][gc,heap     ] GC(8)  Capacity:     1024M (100%)       1024M (100%)       1024M (100%)       1024M (100%)       1024M (100%)       1024M (100%)   
[23.198s][info][gc,heap     ] GC(8)      Free:      570M (56%)         566M (55%)         606M (59%)         940M (92%)         940M (92%)         542M (53%)    
[23.198s][info][gc,heap     ] GC(8)      Used:      454M (44%)         458M (45%)         418M (41%)          84M (8%)          482M (47%)          84M (8%)     
[23.198s][info][gc,heap     ] GC(8)      Live:         -                18M (2%)           18M (2%)           18M (2%)             -                  -          
[23.198s][info][gc,heap     ] GC(8) Allocated:         -                 4M (0%)            6M (1%)           34M (3%)             -                  -          
[23.198s][info][gc,heap     ] GC(8)   Garbage:         -               435M (43%)         393M (38%)          31M (3%)             -                  -          
[23.198s][info][gc,heap     ] GC(8) Reclaimed:         -                  -                42M (4%)          404M (40%)            -                  -          
[23.198s][info][gc          ] GC(8) Garbage Collection (Proactive) 454M(44%)->84M(8%)
[24.670s][info][gc,start    ] GC(9) Garbage Collection (Proactive)
[24.670s][info][gc,task     ] GC(9) Using 2 workers
[24.671s][info][gc,phases   ] GC(9) Pause Mark Start 0.010ms
[24.686s][info][gc,phases   ] GC(9) Concurrent Mark 15.392ms
[24.686s][info][gc,phases   ] GC(9) Pause Mark End 0.012ms
[24.686s][info][gc,phases   ] GC(9) Concurrent Mark Free 0.001ms
[24.689s][info][gc,phases   ] GC(9) Concurrent Process Non-Strong References 2.688ms
[24.689s][info][gc,phases   ] GC(9) Concurrent Reset Relocation Set 0.009ms
[24.691s][info][gc,phases   ] GC(9) Concurrent Select Relocation Set 1.552ms
[24.691s][info][gc,phases   ] GC(9) Pause Relocate Start 0.012ms
[24.693s][info][gc,phases   ] GC(9) Concurrent Relocate 1.711ms
[24.693s][info][gc,load     ] GC(9) Load: 0.00/0.00/0.00
[24.693s][info][gc,mmu      ] GC(9) MMU: 2ms/98.2%, 5ms/99.3%, 10ms/99.6%, 20ms/99.8%, 50ms/99.9%, 100ms/100.0%
[24.693s][info][gc,marking  ] GC(9) Mark: 2 stripe(s), 2 proactive flush(es), 1 terminate flush(es), 0 completion(s), 0 continuation(s) 
[24.693s][info][gc,marking  ] GC(9) Mark Stack Usage: 32M
[24.693s][info][gc,nmethod  ] GC(9) NMethods: 2467 registered, 292 unregistered
[24.693s][info][gc,metaspace] GC(9) Metaspace: 9M used, 9M committed, 1088M reserved
[24.693s][info][gc,ref      ] GC(9) Soft: 402 encountered, 0 discovered, 0 enqueued
[24.693s][info][gc,ref      ] GC(9) Weak: 714 encountered, 33 discovered, 0 enqueued
[24.693s][info][gc,ref      ] GC(9) Final: 3 encountered, 0 discovered, 0 enqueued
[24.693s][info][gc,ref      ] GC(9) Phantom: 39 encountered, 33 discovered, 0 enqueued
[24.693s][info][gc,reloc    ] GC(9) Small Pages: 279 / 558M, Empty: 308M, Relocated: 5M, In-Place: 0
[24.693s][info][gc,reloc    ] GC(9) Medium Pages: 3 / 96M, Empty: 32M, Relocated: 5M, In-Place: 0
[24.693s][info][gc,reloc    ] GC(9) Large Pages: 1 / 6M, Empty: 6M, Relocated: 0M, In-Place: 0
[24.693s][info][gc,reloc    ] GC(9) Forwarding Usage: 0M
[24.693s][info][gc,heap     ] GC(9) Min Capacity: 1024M(100%)
[24.693s][info][gc,heap     ] GC(9) Max Capacity: 1024M(100%)
[24.693s][info][gc,heap     ] GC(9) Soft Max Capacity: 1024M(100%)
[24.693s][info][gc,heap     ] GC(9)                Mark Start          Mark End        Relocate Start      Relocate End           High               Low         
[24.693s][info][gc,heap     ] GC(9)  Capacity:     1024M (100%)       1024M (100%)       1024M (100%)       1024M (100%)       1024M (100%)       1024M (100%)   
[24.693s][info][gc,heap     ] GC(9)      Free:      364M (36%)         360M (35%)         704M (69%)         944M (92%)         944M (92%)         360M (35%)    
[24.693s][info][gc,heap     ] GC(9)      Used:      660M (64%)         664M (65%)         320M (31%)          80M (8%)          664M (65%)          80M (8%)     
[24.693s][info][gc,heap     ] GC(9)      Live:         -                14M (1%)           14M (1%)           14M (1%)             -                  -          
[24.693s][info][gc,heap     ] GC(9) Allocated:         -                 4M (0%)            6M (1%)           33M (3%)             -                  -          
[24.693s][info][gc,heap     ] GC(9)   Garbage:         -               645M (63%)         299M (29%)          31M (3%)             -                  -          
[24.693s][info][gc,heap     ] GC(9) Reclaimed:         -                  -               346M (34%)         613M (60%)            -                  -          
[24.693s][info][gc          ] GC(9) Garbage Collection (Proactive) 660M(64%)->80M(8%)
[26.069s][info][gc,start    ] GC(10) Garbage Collection (Proactive)
[26.069s][info][gc,task     ] GC(10) Using 2 workers
[26.069s][info][gc,phases   ] GC(10) Pause Mark Start 0.009ms
[26.085s][info][gc,phases   ] GC(10) Concurrent Mark 15.764ms
[26.085s][info][gc,phases   ] GC(10) Pause Mark End 0.015ms
[26.086s][info][gc,phases   ] GC(10) Concurrent Mark Free 0.002ms
[26.088s][info][gc,phases   ] GC(10) Concurrent Process Non-Strong References 2.365ms
[26.088s][info][gc,phases   ] GC(10) Concurrent Reset Relocation Set 0.006ms
[26.090s][info][gc,phases   ] GC(10) Concurrent Select Relocation Set 1.932ms
[26.090s][info][gc,phases   ] GC(10) Pause Relocate Start 0.010ms
[26.092s][info][gc,phases   ] GC(10) Concurrent Relocate 2.165ms
[26.092s][info][gc,load     ] GC(10) Load: 0.00/0.00/0.00
[26.092s][info][gc,mmu      ] GC(10) MMU: 2ms/98.2%, 5ms/99.3%, 10ms/99.6%, 20ms/99.8%, 50ms/99.9%, 100ms/100.0%
[26.092s][info][gc,marking  ] GC(10) Mark: 2 stripe(s), 2 proactive flush(es), 1 terminate flush(es), 0 completion(s), 0 continuation(s) 
[26.092s][info][gc,marking  ] GC(10) Mark Stack Usage: 32M
[26.092s][info][gc,nmethod  ] GC(10) NMethods: 2499 registered, 292 unregistered
[26.092s][info][gc,metaspace] GC(10) Metaspace: 9M used, 9M committed, 1088M reserved
[26.092s][info][gc,ref      ] GC(10) Soft: 402 encountered, 0 discovered, 0 enqueued
[26.092s][info][gc,ref      ] GC(10) Weak: 714 encountered, 15 discovered, 0 enqueued
[26.092s][info][gc,ref      ] GC(10) Final: 3 encountered, 1 discovered, 0 enqueued
[26.093s][info][gc,ref      ] GC(10) Phantom: 39 encountered, 30 discovered, 0 enqueued
[26.093s][info][gc,reloc    ] GC(10) Small Pages: 265 / 530M, Empty: 458M, Relocated: 4M, In-Place: 0
[26.093s][info][gc,reloc    ] GC(10) Medium Pages: 2 / 64M, Empty: 32M, Relocated: 0M, In-Place: 0
[26.093s][info][gc,reloc    ] GC(10) Large Pages: 1 / 6M, Empty: 6M, Relocated: 0M, In-Place: 0
[26.093s][info][gc,reloc    ] GC(10) Forwarding Usage: 0M
[26.093s][info][gc,heap     ] GC(10) Min Capacity: 1024M(100%)
[26.093s][info][gc,heap     ] GC(10) Max Capacity: 1024M(100%)
[26.093s][info][gc,heap     ] GC(10) Soft Max Capacity: 1024M(100%)
[26.093s][info][gc,heap     ] GC(10)                Mark Start          Mark End        Relocate Start      Relocate End           High               Low         
[26.093s][info][gc,heap     ] GC(10)  Capacity:     1024M (100%)       1024M (100%)       1024M (100%)       1024M (100%)       1024M (100%)       1024M (100%)   
[26.093s][info][gc,heap     ] GC(10)      Free:      424M (41%)         386M (38%)         882M (86%)         944M (92%)         944M (92%)         386M (38%)    
[26.093s][info][gc,heap     ] GC(10)      Used:      600M (59%)         638M (62%)         142M (14%)          80M (8%)          638M (62%)          80M (8%)     
[26.093s][info][gc,heap     ] GC(10)      Live:         -                 7M (1%)            7M (1%)            7M (1%)             -                  -          
[26.093s][info][gc,heap     ] GC(10) Allocated:         -                38M (4%)           38M (4%)           39M (4%)             -                  -          
[26.093s][info][gc,heap     ] GC(10)   Garbage:         -               592M (58%)          96M (9%)           32M (3%)             -                  -          
[26.093s][info][gc,heap     ] GC(10) Reclaimed:         -                  -               496M (48%)         559M (55%)            -                  -          
[26.093s][info][gc          ] GC(10) Garbage Collection (Proactive) 600M(59%)->80M(8%)
[27.340s][info][gc,start    ] GC(11) Garbage Collection (System.gc())
[27.340s][info][gc,task     ] GC(11) Using 2 workers
[27.340s][info][gc,phases   ] GC(11) Pause Mark Start 0.006ms
[27.357s][info][gc,phases   ] GC(11) Concurrent Mark 16.486ms
[27.357s][info][gc,phases   ] GC(11) Pause Mark End 0.023ms
[27.357s][info][gc,phases   ] GC(11) Concurrent Mark Free 0.003ms
[27.360s][info][gc,phases   ] GC(11) Concurrent Process Non-Strong References 2.528ms
[27.360s][info][gc,phases   ] GC(11) Concurrent Reset Relocation Set 0.003ms
[27.362s][info][gc,phases   ] GC(11) Concurrent Select Relocation Set 1.649ms
[27.362s][info][gc,phases   ] GC(11) Pause Relocate Start 0.010ms
[27.363s][info][gc,phases   ] GC(11) Concurrent Relocate 0.855ms
[27.363s][info][gc,load     ] GC(11) Load: 0.00/0.00/0.00
[27.363s][info][gc,mmu      ] GC(11) MMU: 2ms/98.2%, 5ms/99.3%, 10ms/99.6%, 20ms/99.8%, 50ms/99.9%, 100ms/100.0%
[27.363s][info][gc,marking  ] GC(11) Mark: 2 stripe(s), 2 proactive flush(es), 1 terminate flush(es), 0 completion(s), 0 continuation(s) 
[27.363s][info][gc,marking  ] GC(11) Mark Stack Usage: 32M
[27.363s][info][gc,nmethod  ] GC(11) NMethods: 2589 registered, 0 unregistered
[27.363s][info][gc,metaspace] GC(11) Metaspace: 9M used, 9M committed, 1088M reserved
[27.363s][info][gc,ref      ] GC(11) Soft: 402 encountered, 0 discovered, 0 enqueued
[27.363s][info][gc,ref      ] GC(11) Weak: 712 encountered, 352 discovered, 2 enqueued
[27.363s][info][gc,ref      ] GC(11) Final: 3 encountered, 3 discovered, 0 enqueued
[27.363s][info][gc,ref      ] GC(11) Phantom: 27 encountered, 13 discovered, 0 enqueued
[27.363s][info][gc,reloc    ] GC(11) Small Pages: 344 / 688M, Empty: 672M, Relocated: 1M, In-Place: 0
[27.363s][info][gc,reloc    ] GC(11) Medium Pages: 2 / 64M, Empty: 64M, Relocated: 0M, In-Place: 0
[27.363s][info][gc,reloc    ] GC(11) Large Pages: 0 / 0M, Empty: 0M, Relocated: 0M, In-Place: 0
[27.363s][info][gc,reloc    ] GC(11) Forwarding Usage: 0M
[27.363s][info][gc,heap     ] GC(11) Min Capacity: 1024M(100%)
[27.363s][info][gc,heap     ] GC(11) Max Capacity: 1024M(100%)
[27.363s][info][gc,heap     ] GC(11) Soft Max Capacity: 1024M(100%)
[27.363s][info][gc,heap     ] GC(11)                Mark Start          Mark End        Relocate Start      Relocate End           High               Low         
[27.363s][info][gc,heap     ] GC(11)  Capacity:     1024M (100%)       1024M (100%)       1024M (100%)       1024M (100%)       1024M (100%)       1024M (100%)   
[27.363s][info][gc,heap     ] GC(11)      Free:      272M (27%)         272M (27%)        1008M (98%)        1016M (99%)        1016M (99%)         272M (27%)    
[27.363s][info][gc,heap     ] GC(11)      Used:      752M (73%)         752M (73%)          16M (2%)            8M (1%)          752M (73%)           8M (1%)     
[27.363s][info][gc,heap     ] GC(11)      Live:         -                 4M (0%)            4M (0%)            4M (0%)             -                  -          
[27.363s][info][gc,heap     ] GC(11) Allocated:         -                 0M (0%)            0M (0%)            0M (0%)             -                  -          
[27.363s][info][gc,heap     ] GC(11)   Garbage:         -               747M (73%)          11M (1%)            3M (0%)             -                  -          
[27.363s][info][gc,heap     ] GC(11) Reclaimed:         -                  -               736M (72%)         744M (73%)            -                  -          
[27.363s][info][gc          ] GC(11) Garbage Collection (System.gc()) 752M(73%)->8M(1%)
[28.565s][info][gc,start    ] GC(12) Garbage Collection (Proactive)
[28.568s][info][gc,task     ] GC(12) Using 2 workers
[28.568s][info][gc,phases   ] GC(12) Pause Mark Start 0.008ms
[28.581s][info][gc,phases   ] GC(12) Concurrent Mark 13.330ms
[28.581s][info][gc,phases   ] GC(12) Pause Mark End 0.021ms
[28.581s][info][gc,phases   ] GC(12) Concurrent Mark Free 0.001ms
[28.584s][info][gc,phases   ] GC(12) Concurrent Process Non-Strong References 2.818ms
[28.584s][info][gc,phases   ] GC(12) Concurrent Reset Relocation Set 0.002ms
[28.586s][info][gc,phases   ] GC(12) Concurrent Select Relocation Set 1.723ms
[28.586s][info][gc,phases   ] GC(12) Pause Relocate Start 0.008ms
[28.589s][info][gc,phases   ] GC(12) Concurrent Relocate 2.873ms
[28.589s][info][gc,load     ] GC(12) Load: 0.00/0.00/0.00
[28.589s][info][gc,mmu      ] GC(12) MMU: 2ms/98.2%, 5ms/99.3%, 10ms/99.6%, 20ms/99.8%, 50ms/99.9%, 100ms/100.0%
[28.589s][info][gc,marking  ] GC(12) Mark: 2 stripe(s), 3 proactive flush(es), 1 terminate flush(es), 0 completion(s), 0 continuation(s) 
[28.589s][info][gc,marking  ] GC(12) Mark Stack Usage: 32M
[28.589s][info][gc,nmethod  ] GC(12) NMethods: 2598 registered, 0 unregistered
[28.589s][info][gc,metaspace] GC(12) Metaspace: 9M used, 9M committed, 1088M reserved
[28.589s][info][gc,ref      ] GC(12) Soft: 402 encountered, 0 discovered, 0 enqueued
[28.589s][info][gc,ref      ] GC(12) Weak: 714 encountered, 366 discovered, 0 enqueued
[28.589s][info][gc,ref      ] GC(12) Final: 3 encountered, 1 discovered, 0 enqueued
[28.589s][info][gc,ref      ] GC(12) Phantom: 41 encountered, 32 discovered, 0 enqueued
[28.589s][info][gc,reloc    ] GC(12) Small Pages: 192 / 384M, Empty: 40M, Relocated: 8M, In-Place: 0
[28.589s][info][gc,reloc    ] GC(12) Medium Pages: 2 / 64M, Empty: 0M, Relocated: 6M, In-Place: 0
[28.589s][info][gc,reloc    ] GC(12) Large Pages: 0 / 0M, Empty: 0M, Relocated: 0M, In-Place: 0
[28.589s][info][gc,reloc    ] GC(12) Forwarding Usage: 0M
[28.589s][info][gc,heap     ] GC(12) Min Capacity: 1024M(100%)
[28.589s][info][gc,heap     ] GC(12) Max Capacity: 1024M(100%)
[28.589s][info][gc,heap     ] GC(12) Soft Max Capacity: 1024M(100%)
[28.589s][info][gc,heap     ] GC(12)                Mark Start          Mark End        Relocate Start      Relocate End           High               Low         
[28.589s][info][gc,heap     ] GC(12)  Capacity:     1024M (100%)       1024M (100%)       1024M (100%)       1024M (100%)       1024M (100%)       1024M (100%)   
[28.589s][info][gc,heap     ] GC(12)      Free:      576M (56%)         572M (56%)         612M (60%)         940M (92%)         940M (92%)         548M (54%)    
[28.589s][info][gc,heap     ] GC(12)      Used:      448M (44%)         452M (44%)         412M (40%)          84M (8%)          476M (46%)          84M (8%)     
[28.589s][info][gc,heap     ] GC(12)      Live:         -                18M (2%)           18M (2%)           18M (2%)             -                  -          
[28.589s][info][gc,heap     ] GC(12) Allocated:         -                 4M (0%)            4M (0%)           31M (3%)             -                  -          
[28.590s][info][gc,heap     ] GC(12)   Garbage:         -               429M (42%)         389M (38%)          33M (3%)             -                  -          
[28.590s][info][gc,heap     ] GC(12) Reclaimed:         -                  -                40M (4%)          395M (39%)            -                  -          
[28.590s][info][gc          ] GC(12) Garbage Collection (Proactive) 448M(44%)->84M(8%)
[29.770s][info][gc,start    ] GC(13) Garbage Collection (Proactive)
[29.770s][info][gc,task     ] GC(13) Using 2 workers
[29.770s][info][gc,phases   ] GC(13) Pause Mark Start 0.010ms
[29.786s][info][gc,phases   ] GC(13) Concurrent Mark 15.449ms
[29.786s][info][gc,phases   ] GC(13) Pause Mark End 0.020ms
[29.786s][info][gc,phases   ] GC(13) Concurrent Mark Free 0.001ms
[29.789s][info][gc,phases   ] GC(13) Concurrent Process Non-Strong References 2.359ms
[29.789s][info][gc,phases   ] GC(13) Concurrent Reset Relocation Set 0.005ms
[29.790s][info][gc,phases   ] GC(13) Concurrent Select Relocation Set 1.368ms
[29.790s][info][gc,phases   ] GC(13) Pause Relocate Start 0.008ms
[29.792s][info][gc,phases   ] GC(13) Concurrent Relocate 1.297ms
[29.792s][info][gc,load     ] GC(13) Load: 0.00/0.00/0.00
[29.792s][info][gc,mmu      ] GC(13) MMU: 2ms/98.2%, 5ms/99.3%, 10ms/99.6%, 20ms/99.8%, 50ms/99.9%, 100ms/100.0%
[29.792s][info][gc,marking  ] GC(13) Mark: 2 stripe(s), 2 proactive flush(es), 1 terminate flush(es), 0 completion(s), 0 continuation(s) 
[29.792s][info][gc,marking  ] GC(13) Mark Stack Usage: 32M
[29.792s][info][gc,nmethod  ] GC(13) NMethods: 2622 registered, 0 unregistered
[29.792s][info][gc,metaspace] GC(13) Metaspace: 9M used, 9M committed, 1088M reserved
[29.792s][info][gc,ref      ] GC(13) Soft: 402 encountered, 0 discovered, 0 enqueued
[29.792s][info][gc,ref      ] GC(13) Weak: 714 encountered, 11 discovered, 0 enqueued
[29.792s][info][gc,ref      ] GC(13) Final: 3 encountered, 2 discovered, 0 enqueued
[29.792s][info][gc,ref      ] GC(13) Phantom: 41 encountered, 30 discovered, 2 enqueued
[29.792s][info][gc,reloc    ] GC(13) Small Pages: 244 / 488M, Empty: 314M, Relocated: 4M, In-Place: 0
[29.792s][info][gc,reloc    ] GC(13) Medium Pages: 2 / 64M, Empty: 32M, Relocated: 0M, In-Place: 0
[29.792s][info][gc,reloc    ] GC(13) Large Pages: 1 / 6M, Empty: 6M, Relocated: 0M, In-Place: 0
[29.792s][info][gc,reloc    ] GC(13) Forwarding Usage: 0M
[29.792s][info][gc,heap     ] GC(13) Min Capacity: 1024M(100%)
[29.792s][info][gc,heap     ] GC(13) Max Capacity: 1024M(100%)
[29.792s][info][gc,heap     ] GC(13) Soft Max Capacity: 1024M(100%)
[29.792s][info][gc,heap     ] GC(13)                Mark Start          Mark End        Relocate Start      Relocate End           High               Low         
[29.792s][info][gc,heap     ] GC(13)  Capacity:     1024M (100%)       1024M (100%)       1024M (100%)       1024M (100%)       1024M (100%)       1024M (100%)   
[29.792s][info][gc,heap     ] GC(13)      Free:      466M (46%)         462M (45%)         812M (79%)         976M (95%)         976M (95%)         462M (45%)    
[29.792s][info][gc,heap     ] GC(13)      Used:      558M (54%)         562M (55%)         212M (21%)          48M (5%)          562M (55%)          48M (5%)     
[29.792s][info][gc,heap     ] GC(13)      Live:         -                11M (1%)           11M (1%)           11M (1%)             -                  -          
[29.792s][info][gc,heap     ] GC(13) Allocated:         -                 4M (0%)            6M (1%)            6M (1%)             -                  -          
[29.792s][info][gc,heap     ] GC(13)   Garbage:         -               546M (53%)         194M (19%)          30M (3%)             -                  -          
[29.792s][info][gc,heap     ] GC(13) Reclaimed:         -                  -               352M (34%)         516M (50%)            -                  -          
[29.792s][info][gc          ] GC(13) Garbage Collection (Proactive) 558M(54%)->48M(5%)
[30.072s][info][gc,stats    ] === Garbage Collection Statistics =======================================================================================================================
[30.072s][info][gc,stats    ]                                                              Last 10s              Last 10m              Last 10h                Total
[30.072s][info][gc,stats    ]                                                              Avg / Max             Avg / Max             Avg / Max             Avg / Max
[30.072s][info][gc,stats    ]   Collector: Garbage Collection Cycle                     22.413 / 24.219       23.175 / 31.574       23.175 / 31.574       23.175 / 31.574      ms
[30.072s][info][gc,stats    ]  Contention: Mark Segment Reset Contention                     0 / 1                 0 / 1                 0 / 1                 0 / 1           ops/s
[30.072s][info][gc,stats    ]  Contention: Mark SeqNum Reset Contention                      0 / 1                 0 / 1                 0 / 1                 0 / 1           ops/s
[30.073s][info][gc,stats    ]    Critical: Allocation Stall                                  0 / 0                 0 / 0                 0 / 0                 0 / 0           ops/s
[30.073s][info][gc,stats    ]    Critical: Allocation Stall                              0.000 / 0.000         0.000 / 0.000         0.000 / 0.000         0.000 / 0.000       ms
[30.073s][info][gc,stats    ]    Critical: GC Locker Stall                                   0 / 0                 0 / 0                 0 / 0                 0 / 0           ops/s
[30.073s][info][gc,stats    ]    Critical: GC Locker Stall                               0.000 / 0.000         0.000 / 0.000         0.000 / 0.000         0.000 / 0.000       ms
[30.073s][info][gc,stats    ]    Critical: Relocation Stall                                  0 / 0                 0 / 0                 0 / 0                 0 / 0           ops/s
[30.073s][info][gc,stats    ]    Critical: Relocation Stall                              0.000 / 0.000         0.000 / 0.000         0.000 / 0.000         0.000 / 0.000       ms
[30.073s][info][gc,stats    ]      Memory: Allocation Rate                                 405 / 558             192 / 558             192 / 558             192 / 558         MB/s
[30.073s][info][gc,stats    ]      Memory: Out Of Memory                                     0 / 0                 0 / 0                 0 / 0                 0 / 0           ops/s
[30.073s][info][gc,stats    ]      Memory: Page Cache Flush                                  0 / 0                 0 / 0                 0 / 0                 0 / 0           MB/s
[30.073s][info][gc,stats    ]      Memory: Page Cache Hit L1                               177 / 267              78 / 267              78 / 267              78 / 267         ops/s
[30.073s][info][gc,stats    ]      Memory: Page Cache Hit L2                                 0 / 0                 0 / 0                 0 / 0                 0 / 0           ops/s
[30.073s][info][gc,stats    ]      Memory: Page Cache Hit L3                                11 / 62               11 / 84               11 / 84               11 / 84          ops/s
[30.073s][info][gc,stats    ]      Memory: Page Cache Miss                                   0 / 0                 0 / 1                 0 / 1                 0 / 1           ops/s
[30.073s][info][gc,stats    ]      Memory: Uncommit                                          0 / 0                 0 / 0                 0 / 0                 0 / 0           MB/s
[30.073s][info][gc,stats    ]      Memory: Undo Object Allocation Failed                     0 / 0                 0 / 0                 0 / 0                 0 / 0           ops/s
[30.073s][info][gc,stats    ]      Memory: Undo Object Allocation Succeeded                  0 / 4                 0 / 4                 0 / 4                 0 / 4           ops/s
[30.073s][info][gc,stats    ]      Memory: Undo Page Allocation                              0 / 0                 0 / 0                 0 / 0                 0 / 0           ops/s
[30.073s][info][gc,stats    ]       Phase: Concurrent Mark                              15.087 / 16.486       15.437 / 18.613       15.437 / 18.613       15.437 / 18.613      ms
[30.073s][info][gc,stats    ]       Phase: Concurrent Mark Continue                      0.000 / 0.000         0.000 / 0.000         0.000 / 0.000         0.000 / 0.000       ms
[30.073s][info][gc,stats    ]       Phase: Concurrent Mark Free                          0.001 / 0.003         0.001 / 0.003         0.001 / 0.003         0.001 / 0.003       ms
[30.073s][info][gc,stats    ]       Phase: Concurrent Process Non-Strong References      2.518 / 2.822         2.322 / 2.822         2.322 / 2.822         2.322 / 2.822       ms
[30.073s][info][gc,stats    ]       Phase: Concurrent Relocate                           1.835 / 3.178         2.130 / 5.221         2.130 / 5.221         2.130 / 5.221       ms
[30.073s][info][gc,stats    ]       Phase: Concurrent Reset Relocation Set               0.004 / 0.009         0.004 / 0.009         0.004 / 0.009         0.004 / 0.009       ms
[30.073s][info][gc,stats    ]       Phase: Concurrent Select Relocation Set              1.624 / 1.932         2.096 / 8.199         2.096 / 8.199         2.096 / 8.199       ms
[30.073s][info][gc,stats    ]       Phase: Pause Mark End                                0.017 / 0.023         0.018 / 0.037         0.018 / 0.037         0.018 / 0.037       ms
[30.073s][info][gc,stats    ]       Phase: Pause Mark Start                              0.009 / 0.010         0.009 / 0.012         0.009 / 0.012         0.009 / 0.012       ms
[30.073s][info][gc,stats    ]       Phase: Pause Relocate Start                          0.009 / 0.012         0.009 / 0.012         0.009 / 0.012         0.009 / 0.012       ms
[30.073s][info][gc,stats    ]    Subphase: Concurrent Classes Purge                      0.117 / 0.131         0.109 / 0.143         0.109 / 0.143         0.109 / 0.143       ms
[30.073s][info][gc,stats    ]    Subphase: Concurrent Classes Unlink                     1.855 / 2.103         1.676 / 2.144         1.676 / 2.144         1.676 / 2.144       ms
[30.073s][info][gc,stats    ]    Subphase: Concurrent Mark                               9.172 / 16.036        9.351 / 18.044        9.351 / 18.044        9.351 / 18.044      ms
[30.073s][info][gc,stats    ]    Subphase: Concurrent Mark Try Flush                     0.070 / 0.124         0.070 / 0.152         0.070 / 0.152         0.070 / 0.152       ms
[30.073s][info][gc,stats    ]    Subphase: Concurrent Mark Try Terminate                 3.679 / 12.606        3.746 / 15.787        3.746 / 15.787        3.746 / 15.787      ms
[30.073s][info][gc,stats    ]    Subphase: Concurrent References Enqueue                 0.004 / 0.006         0.004 / 0.007         0.004 / 0.007         0.004 / 0.007       ms
[30.073s][info][gc,stats    ]    Subphase: Concurrent References Process                 0.102 / 0.139         0.101 / 0.139         0.101 / 0.139         0.101 / 0.139       ms
[30.073s][info][gc,stats    ]    Subphase: Concurrent Roots ClassLoaderDataGraph         0.093 / 0.245         0.092 / 0.245         0.092 / 0.245         0.092 / 0.245       ms
[30.073s][info][gc,stats    ]    Subphase: Concurrent Roots CodeCache                    0.000 / 0.000         0.000 / 0.000         0.000 / 0.000         0.000 / 0.000       ms
[30.073s][info][gc,stats    ]    Subphase: Concurrent Roots JavaThreads                  0.235 / 0.693         0.292 / 0.731         0.292 / 0.731         0.292 / 0.731       ms
[30.073s][info][gc,stats    ]    Subphase: Concurrent Roots OopStorageSet                0.022 / 0.048         0.027 / 0.074         0.027 / 0.074         0.027 / 0.074       ms
[30.073s][info][gc,stats    ]    Subphase: Concurrent Weak Roots OopStorageSet           0.260 / 0.392         0.261 / 0.392         0.261 / 0.392         0.261 / 0.392       ms
[30.073s][info][gc,stats    ]    Subphase: Pause Mark Try Complete                       0.000 / 0.000         0.000 / 0.000         0.000 / 0.000         0.000 / 0.000       ms
[30.073s][info][gc,stats    ]      System: Java Threads                                     12 / 14               12 / 14               12 / 14               12 / 14          threads
[30.073s][info][gc,stats    ] =========================================================================================================================================================
[30.976s][info][gc,start    ] GC(14) Garbage Collection (Proactive)
[30.976s][info][gc,task     ] GC(14) Using 2 workers
[30.976s][info][gc,phases   ] GC(14) Pause Mark Start 0.009ms
[30.992s][info][gc,phases   ] GC(14) Concurrent Mark 15.796ms
[30.992s][info][gc,phases   ] GC(14) Pause Mark End 0.018ms
[30.993s][info][gc,phases   ] GC(14) Concurrent Mark Free 0.001ms
[30.995s][info][gc,phases   ] GC(14) Concurrent Process Non-Strong References 2.874ms
[30.996s][info][gc,phases   ] GC(14) Concurrent Reset Relocation Set 0.004ms
[30.997s][info][gc,phases   ] GC(14) Concurrent Select Relocation Set 1.411ms
[30.997s][info][gc,phases   ] GC(14) Pause Relocate Start 0.013ms
[30.998s][info][gc,phases   ] GC(14) Concurrent Relocate 0.733ms
[30.998s][info][gc,load     ] GC(14) Load: 0.00/0.00/0.00
[30.998s][info][gc,mmu      ] GC(14) MMU: 2ms/98.2%, 5ms/99.3%, 10ms/99.6%, 20ms/99.8%, 50ms/99.9%, 100ms/100.0%
[30.998s][info][gc,marking  ] GC(14) Mark: 2 stripe(s), 2 proactive flush(es), 1 terminate flush(es), 0 completion(s), 0 continuation(s) 
[30.998s][info][gc,marking  ] GC(14) Mark Stack Usage: 32M
[30.998s][info][gc,nmethod  ] GC(14) NMethods: 2632 registered, 0 unregistered
[30.998s][info][gc,metaspace] GC(14) Metaspace: 9M used, 9M committed, 1088M reserved
[30.998s][info][gc,ref      ] GC(14) Soft: 402 encountered, 0 discovered, 0 enqueued
[30.998s][info][gc,ref      ] GC(14) Weak: 714 encountered, 511 discovered, 0 enqueued
[30.998s][info][gc,ref      ] GC(14) Final: 3 encountered, 1 discovered, 0 enqueued
[30.998s][info][gc,ref      ] GC(14) Phantom: 41 encountered, 35 discovered, 0 enqueued
[30.998s][info][gc,reloc    ] GC(14) Small Pages: 165 / 330M, Empty: 48M, Relocated: 4M, In-Place: 0
[30.998s][info][gc,reloc    ] GC(14) Medium Pages: 2 / 64M, Empty: 32M, Relocated: 0M, In-Place: 0
[30.998s][info][gc,reloc    ] GC(14) Large Pages: 1 / 6M, Empty: 0M, Relocated: 0M, In-Place: 0
[30.998s][info][gc,reloc    ] GC(14) Forwarding Usage: 0M
[30.998s][info][gc,heap     ] GC(14) Min Capacity: 1024M(100%)
[30.998s][info][gc,heap     ] GC(14) Max Capacity: 1024M(100%)
[30.998s][info][gc,heap     ] GC(14) Soft Max Capacity: 1024M(100%)
[30.998s][info][gc,heap     ] GC(14)                Mark Start          Mark End        Relocate Start      Relocate End           High               Low         
[30.998s][info][gc,heap     ] GC(14)  Capacity:     1024M (100%)       1024M (100%)       1024M (100%)       1024M (100%)       1024M (100%)       1024M (100%)   
[30.998s][info][gc,heap     ] GC(14)      Free:      624M (61%)         614M (60%)         690M (67%)         956M (93%)         956M (93%)         610M (60%)    
[30.998s][info][gc,heap     ] GC(14)      Used:      400M (39%)         410M (40%)         334M (33%)          68M (7%)          414M (40%)          68M (7%)     
[30.998s][info][gc,heap     ] GC(14)      Live:         -                23M (2%)           23M (2%)           23M (2%)             -                  -          
[30.998s][info][gc,heap     ] GC(14) Allocated:         -                10M (1%)           14M (1%)           14M (1%)             -                  -          
[30.998s][info][gc,heap     ] GC(14)   Garbage:         -               376M (37%)         296M (29%)          29M (3%)             -                  -          
[30.998s][info][gc,heap     ] GC(14) Reclaimed:         -                  -                80M (8%)          346M (34%)            -                  -          
[30.998s][info][gc          ] GC(14) Garbage Collection (Proactive) 400M(39%)->68M(7%)
[32.165s][info][gc,start    ] GC(15) Garbage Collection (Proactive)
[32.165s][info][gc,task     ] GC(15) Using 2 workers
[32.165s][info][gc,phases   ] GC(15) Pause Mark Start 0.010ms
[32.181s][info][gc,phases   ] GC(15) Concurrent Mark 15.819ms
[32.181s][info][gc,phases   ] GC(15) Pause Mark End 0.015ms
[32.181s][info][gc,phases   ] GC(15) Concurrent Mark Free 0.001ms
[32.184s][info][gc,phases   ] GC(15) Concurrent Process Non-Strong References 2.515ms
[32.184s][info][gc,phases   ] GC(15) Concurrent Reset Relocation Set 0.005ms
[32.186s][info][gc,phases   ] GC(15) Concurrent Select Relocation Set 1.833ms
[32.186s][info][gc,phases   ] GC(15) Pause Relocate Start 0.010ms
[32.187s][info][gc,phases   ] GC(15) Concurrent Relocate 1.356ms
[32.187s][info][gc,load     ] GC(15) Load: 0.00/0.00/0.00
[32.187s][info][gc,mmu      ] GC(15) MMU: 2ms/98.2%, 5ms/99.3%, 10ms/99.6%, 20ms/99.8%, 50ms/99.9%, 100ms/100.0%
[32.187s][info][gc,marking  ] GC(15) Mark: 2 stripe(s), 2 proactive flush(es), 1 terminate flush(es), 0 completion(s), 0 continuation(s) 
[32.187s][info][gc,marking  ] GC(15) Mark Stack Usage: 32M
[32.187s][info][gc,nmethod  ] GC(15) NMethods: 2678 registered, 0 unregistered
[32.187s][info][gc,metaspace] GC(15) Metaspace: 9M used, 9M committed, 1088M reserved
[32.187s][info][gc,ref      ] GC(15) Soft: 402 encountered, 0 discovered, 0 enqueued
[32.187s][info][gc,ref      ] GC(15) Weak: 717 encountered, 435 discovered, 0 enqueued
[32.187s][info][gc,ref      ] GC(15) Final: 3 encountered, 1 discovered, 0 enqueued
[32.187s][info][gc,ref      ] GC(15) Phantom: 50 encountered, 41 discovered, 1 enqueued
[32.187s][info][gc,reloc    ] GC(15) Small Pages: 332 / 664M, Empty: 560M, Relocated: 3M, In-Place: 0
[32.187s][info][gc,reloc    ] GC(15) Medium Pages: 2 / 64M, Empty: 64M, Relocated: 0M, In-Place: 0
[32.187s][info][gc,reloc    ] GC(15) Large Pages: 1 / 6M, Empty: 6M, Relocated: 0M, In-Place: 0
[32.187s][info][gc,reloc    ] GC(15) Forwarding Usage: 0M
[32.187s][info][gc,heap     ] GC(15) Min Capacity: 1024M(100%)
[32.187s][info][gc,heap     ] GC(15) Max Capacity: 1024M(100%)
[32.187s][info][gc,heap     ] GC(15) Soft Max Capacity: 1024M(100%)
[32.187s][info][gc,heap     ] GC(15)                Mark Start          Mark End        Relocate Start      Relocate End           High               Low         
[32.187s][info][gc,heap     ] GC(15)  Capacity:     1024M (100%)       1024M (100%)       1024M (100%)       1024M (100%)       1024M (100%)       1024M (100%)   
[32.187s][info][gc,heap     ] GC(15)      Free:      290M (28%)         276M (27%)         902M (88%)        1000M (98%)        1000M (98%)         274M (27%)    
[32.187s][info][gc,heap     ] GC(15)      Used:      734M (72%)         748M (73%)         122M (12%)          24M (2%)          750M (73%)          24M (2%)     
[32.188s][info][gc,heap     ] GC(15)      Live:         -                 4M (0%)            4M (0%)            4M (0%)             -                  -          
[32.188s][info][gc,heap     ] GC(15) Allocated:         -                14M (1%)           18M (2%)           17M (2%)             -                  -          
[32.188s][info][gc,heap     ] GC(15)   Garbage:         -               729M (71%)          99M (10%)           1M (0%)             -                  -          
[32.188s][info][gc,heap     ] GC(15) Reclaimed:         -                  -               630M (62%)         727M (71%)            -                  -          
[32.188s][info][gc          ] GC(15) Garbage Collection (Proactive) 734M(72%)->24M(2%)
[32.542s][info][gc,start    ] GC(16) Garbage Collection (System.gc())
[32.542s][info][gc,task     ] GC(16) Using 2 workers
[32.542s][info][gc,phases   ] GC(16) Pause Mark Start 0.005ms
[32.562s][info][gc,phases   ] GC(16) Concurrent Mark 19.515ms
[32.562s][info][gc,phases   ] GC(16) Pause Mark End 0.018ms
[32.562s][info][gc,phases   ] GC(16) Concurrent Mark Free 0.002ms
[32.565s][info][gc,phases   ] GC(16) Concurrent Process Non-Strong References 2.958ms
[32.565s][info][gc,phases   ] GC(16) Concurrent Reset Relocation Set 0.006ms
[32.567s][info][gc,phases   ] GC(16) Concurrent Select Relocation Set 1.707ms
[32.567s][info][gc,phases   ] GC(16) Pause Relocate Start 0.010ms
[32.568s][info][gc,phases   ] GC(16) Concurrent Relocate 1.330ms
[32.568s][info][gc,load     ] GC(16) Load: 0.00/0.00/0.00
[32.568s][info][gc,mmu      ] GC(16) MMU: 2ms/98.2%, 5ms/99.3%, 10ms/99.6%, 20ms/99.8%, 50ms/99.9%, 100ms/100.0%
[32.568s][info][gc,marking  ] GC(16) Mark: 2 stripe(s), 1 proactive flush(es), 1 terminate flush(es), 0 completion(s), 0 continuation(s) 
[32.568s][info][gc,marking  ] GC(16) Mark Stack Usage: 32M
[32.568s][info][gc,nmethod  ] GC(16) NMethods: 2696 registered, 0 unregistered
[32.568s][info][gc,metaspace] GC(16) Metaspace: 9M used, 9M committed, 1088M reserved
[32.568s][info][gc,ref      ] GC(16) Soft: 402 encountered, 0 discovered, 0 enqueued
[32.568s][info][gc,ref      ] GC(16) Weak: 712 encountered, 273 discovered, 2 enqueued
[32.568s][info][gc,ref      ] GC(16) Final: 3 encountered, 3 discovered, 0 enqueued
[32.568s][info][gc,ref      ] GC(16) Phantom: 26 encountered, 12 discovered, 0 enqueued
[32.569s][info][gc,reloc    ] GC(16) Small Pages: 158 / 316M, Empty: 304M, Relocated: 1M, In-Place: 0
[32.569s][info][gc,reloc    ] GC(16) Medium Pages: 0 / 0M, Empty: 0M, Relocated: 0M, In-Place: 0
[32.569s][info][gc,reloc    ] GC(16) Large Pages: 0 / 0M, Empty: 0M, Relocated: 0M, In-Place: 0
[32.569s][info][gc,reloc    ] GC(16) Forwarding Usage: 0M
[32.569s][info][gc,heap     ] GC(16) Min Capacity: 1024M(100%)
[32.569s][info][gc,heap     ] GC(16) Max Capacity: 1024M(100%)
[32.569s][info][gc,heap     ] GC(16) Soft Max Capacity: 1024M(100%)
[32.569s][info][gc,heap     ] GC(16)                Mark Start          Mark End        Relocate Start      Relocate End           High               Low         
[32.569s][info][gc,heap     ] GC(16)  Capacity:     1024M (100%)       1024M (100%)       1024M (100%)       1024M (100%)       1024M (100%)       1024M (100%)   
[32.569s][info][gc,heap     ] GC(16)      Free:      708M (69%)         708M (69%)        1012M (99%)        1016M (99%)        1016M (99%)         708M (69%)    
[32.569s][info][gc,heap     ] GC(16)      Used:      316M (31%)         316M (31%)          12M (1%)            8M (1%)          316M (31%)           8M (1%)     
[32.569s][info][gc,heap     ] GC(16)      Live:         -                 4M (0%)            4M (0%)            4M (0%)             -                  -          
[32.569s][info][gc,heap     ] GC(16) Allocated:         -                 0M (0%)            0M (0%)            0M (0%)             -                  -          
[32.569s][info][gc,heap     ] GC(16)   Garbage:         -               311M (30%)           7M (1%)            3M (0%)             -                  -          
[32.569s][info][gc,heap     ] GC(16) Reclaimed:         -                  -               304M (30%)         308M (30%)            -                  -          
[32.569s][info][gc          ] GC(16) Garbage Collection (System.gc()) 316M(31%)->8M(1%)
[34.176s][info][gc,start    ] GC(17) Garbage Collection (Proactive)
[34.176s][info][gc,task     ] GC(17) Using 2 workers
[34.176s][info][gc,phases   ] GC(17) Pause Mark Start 0.008ms
[34.192s][info][gc,phases   ] GC(17) Concurrent Mark 15.463ms
[34.192s][info][gc,phases   ] GC(17) Pause Mark End 0.014ms
[34.192s][info][gc,phases   ] GC(17) Concurrent Mark Free 0.001ms
[34.195s][info][gc,phases   ] GC(17) Concurrent Process Non-Strong References 2.647ms
[34.195s][info][gc,phases   ] GC(17) Concurrent Reset Relocation Set 0.002ms
[34.197s][info][gc,phases   ] GC(17) Concurrent Select Relocation Set 1.873ms
[34.197s][info][gc,phases   ] GC(17) Pause Relocate Start 0.007ms
[34.198s][info][gc,phases   ] GC(17) Concurrent Relocate 1.153ms
[34.198s][info][gc,load     ] GC(17) Load: 0.00/0.00/0.00
[34.198s][info][gc,mmu      ] GC(17) MMU: 2ms/98.2%, 5ms/99.3%, 10ms/99.6%, 20ms/99.8%, 50ms/99.9%, 100ms/100.0%
[34.198s][info][gc,marking  ] GC(17) Mark: 2 stripe(s), 2 proactive flush(es), 1 terminate flush(es), 0 completion(s), 0 continuation(s) 
[34.198s][info][gc,marking  ] GC(17) Mark Stack Usage: 32M
[34.198s][info][gc,nmethod  ] GC(17) NMethods: 2708 registered, 0 unregistered
[34.198s][info][gc,metaspace] GC(17) Metaspace: 9M used, 9M committed, 1088M reserved
[34.198s][info][gc,ref      ] GC(17) Soft: 402 encountered, 0 discovered, 0 enqueued
[34.198s][info][gc,ref      ] GC(17) Weak: 714 encountered, 149 discovered, 0 enqueued
[34.198s][info][gc,ref      ] GC(17) Final: 3 encountered, 1 discovered, 0 enqueued
[34.198s][info][gc,ref      ] GC(17) Phantom: 42 encountered, 33 discovered, 1 enqueued
[34.198s][info][gc,reloc    ] GC(17) Small Pages: 229 / 458M, Empty: 58M, Relocated: 8M, In-Place: 0
[34.198s][info][gc,reloc    ] GC(17) Medium Pages: 2 / 64M, Empty: 32M, Relocated: 0M, In-Place: 0
[34.198s][info][gc,reloc    ] GC(17) Large Pages: 1 / 6M, Empty: 0M, Relocated: 0M, In-Place: 0
[34.198s][info][gc,reloc    ] GC(17) Forwarding Usage: 0M
[34.198s][info][gc,heap     ] GC(17) Min Capacity: 1024M(100%)
[34.198s][info][gc,heap     ] GC(17) Max Capacity: 1024M(100%)
[34.198s][info][gc,heap     ] GC(17) Soft Max Capacity: 1024M(100%)
[34.198s][info][gc,heap     ] GC(17)                Mark Start          Mark End        Relocate Start      Relocate End           High               Low         
[34.198s][info][gc,heap     ] GC(17)  Capacity:     1024M (100%)       1024M (100%)       1024M (100%)       1024M (100%)       1024M (100%)       1024M (100%)   
[34.198s][info][gc,heap     ] GC(17)      Free:      496M (48%)         486M (47%)         572M (56%)         956M (93%)         956M (93%)         482M (47%)    
[34.198s][info][gc,heap     ] GC(17)      Used:      528M (52%)         538M (53%)         452M (44%)          68M (7%)          542M (53%)          68M (7%)     
[34.198s][info][gc,heap     ] GC(17)      Live:         -                23M (2%)           23M (2%)           23M (2%)             -                  -          
[34.198s][info][gc,heap     ] GC(17) Allocated:         -                10M (1%)           14M (1%)           13M (1%)             -                  -          
[34.198s][info][gc,heap     ] GC(17)   Garbage:         -               504M (49%)         414M (40%)          30M (3%)             -                  -          
[34.198s][info][gc,heap     ] GC(17) Reclaimed:         -                  -                90M (9%)          473M (46%)            -                  -          
[34.198s][info][gc          ] GC(17) Garbage Collection (Proactive) 528M(52%)->68M(7%)
[35.669s][info][gc,start    ] GC(18) Garbage Collection (Proactive)
[35.669s][info][gc,task     ] GC(18) Using 2 workers
[35.669s][info][gc,phases   ] GC(18) Pause Mark Start 0.008ms
[35.684s][info][gc,phases   ] GC(18) Concurrent Mark 15.439ms
[35.685s][info][gc,phases   ] GC(18) Pause Mark End 0.015ms
[35.685s][info][gc,phases   ] GC(18) Concurrent Mark Free 0.001ms
[35.688s][info][gc,phases   ] GC(18) Concurrent Process Non-Strong References 2.703ms
[35.688s][info][gc,phases   ] GC(18) Concurrent Reset Relocation Set 0.006ms
[35.689s][info][gc,phases   ] GC(18) Concurrent Select Relocation Set 1.542ms
[35.689s][info][gc,phases   ] GC(18) Pause Relocate Start 0.010ms
[35.691s][info][gc,phases   ] GC(18) Concurrent Relocate 2.072ms
[35.691s][info][gc,load     ] GC(18) Load: 0.00/0.00/0.00
[35.692s][info][gc,mmu      ] GC(18) MMU: 2ms/98.2%, 5ms/99.3%, 10ms/99.6%, 20ms/99.8%, 50ms/99.9%, 100ms/100.0%
[35.692s][info][gc,marking  ] GC(18) Mark: 2 stripe(s), 2 proactive flush(es), 1 terminate flush(es), 0 completion(s), 0 continuation(s) 
[35.692s][info][gc,marking  ] GC(18) Mark Stack Usage: 32M
[35.692s][info][gc,nmethod  ] GC(18) NMethods: 2723 registered, 0 unregistered
[35.692s][info][gc,metaspace] GC(18) Metaspace: 9M used, 9M committed, 1088M reserved
[35.692s][info][gc,ref      ] GC(18) Soft: 402 encountered, 0 discovered, 0 enqueued
[35.692s][info][gc,ref      ] GC(18) Weak: 714 encountered, 140 discovered, 0 enqueued
[35.692s][info][gc,ref      ] GC(18) Final: 3 encountered, 1 discovered, 0 enqueued
[35.692s][info][gc,ref      ] GC(18) Phantom: 39 encountered, 30 discovered, 0 enqueued
[35.692s][info][gc,reloc    ] GC(18) Small Pages: 312 / 624M, Empty: 270M, Relocated: 6M, In-Place: 0
[35.692s][info][gc,reloc    ] GC(18) Medium Pages: 3 / 96M, Empty: 32M, Relocated: 6M, In-Place: 0
[35.692s][info][gc,reloc    ] GC(18) Large Pages: 1 / 6M, Empty: 6M, Relocated: 0M, In-Place: 0
[35.692s][info][gc,reloc    ] GC(18) Forwarding Usage: 0M
[35.692s][info][gc,heap     ] GC(18) Min Capacity: 1024M(100%)
[35.692s][info][gc,heap     ] GC(18) Max Capacity: 1024M(100%)
[35.692s][info][gc,heap     ] GC(18) Soft Max Capacity: 1024M(100%)
[35.692s][info][gc,heap     ] GC(18)                Mark Start          Mark End        Relocate Start      Relocate End           High               Low         
[35.692s][info][gc,heap     ] GC(18)  Capacity:     1024M (100%)       1024M (100%)       1024M (100%)       1024M (100%)       1024M (100%)       1024M (100%)   
[35.692s][info][gc,heap     ] GC(18)      Free:      298M (29%)         294M (29%)         600M (59%)         942M (92%)         942M (92%)         294M (29%)    
[35.692s][info][gc,heap     ] GC(18)      Used:      726M (71%)         730M (71%)         424M (41%)          82M (8%)          730M (71%)          82M (8%)     
[35.692s][info][gc,heap     ] GC(18)      Live:         -                17M (2%)           17M (2%)           17M (2%)             -                  -          
[35.692s][info][gc,heap     ] GC(18) Allocated:         -                 4M (0%)            6M (1%)           32M (3%)             -                  -          
[35.692s][info][gc,heap     ] GC(18)   Garbage:         -               708M (69%)         400M (39%)          31M (3%)             -                  -          
[35.692s][info][gc,heap     ] GC(18) Reclaimed:         -                  -               308M (30%)         676M (66%)            -                  -          
[35.692s][info][gc          ] GC(18) Garbage Collection (Proactive) 726M(71%)->82M(8%)
[37.077s][info][gc,start    ] GC(19) Garbage Collection (Proactive)
[37.077s][info][gc,task     ] GC(19) Using 2 workers
[37.077s][info][gc,phases   ] GC(19) Pause Mark Start 0.008ms
[37.093s][info][gc,phases   ] GC(19) Concurrent Mark 15.396ms
[37.093s][info][gc,phases   ] GC(19) Pause Mark End 0.018ms
[37.093s][info][gc,phases   ] GC(19) Concurrent Mark Free 0.001ms
[37.096s][info][gc,phases   ] GC(19) Concurrent Process Non-Strong References 3.023ms
[37.096s][info][gc,phases   ] GC(19) Concurrent Reset Relocation Set 0.008ms
[37.098s][info][gc,phases   ] GC(19) Concurrent Select Relocation Set 1.556ms
[37.098s][info][gc,phases   ] GC(19) Pause Relocate Start 0.008ms
[37.100s][info][gc,phases   ] GC(19) Concurrent Relocate 2.092ms
[37.100s][info][gc,load     ] GC(19) Load: 0.00/0.00/0.00
[37.100s][info][gc,mmu      ] GC(19) MMU: 2ms/98.2%, 5ms/99.3%, 10ms/99.6%, 20ms/99.8%, 50ms/99.9%, 100ms/100.0%
[37.100s][info][gc,marking  ] GC(19) Mark: 2 stripe(s), 2 proactive flush(es), 1 terminate flush(es), 0 completion(s), 0 continuation(s) 
[37.100s][info][gc,marking  ] GC(19) Mark Stack Usage: 32M
[37.100s][info][gc,nmethod  ] GC(19) NMethods: 2726 registered, 8 unregistered
[37.100s][info][gc,metaspace] GC(19) Metaspace: 9M used, 9M committed, 1088M reserved
[37.100s][info][gc,ref      ] GC(19) Soft: 402 encountered, 0 discovered, 0 enqueued
[37.100s][info][gc,ref      ] GC(19) Weak: 714 encountered, 122 discovered, 0 enqueued
[37.100s][info][gc,ref      ] GC(19) Final: 3 encountered, 1 discovered, 0 enqueued
[37.100s][info][gc,ref      ] GC(19) Phantom: 41 encountered, 34 discovered, 1 enqueued
[37.100s][info][gc,reloc    ] GC(19) Small Pages: 299 / 598M, Empty: 374M, Relocated: 4M, In-Place: 0
[37.100s][info][gc,reloc    ] GC(19) Medium Pages: 2 / 64M, Empty: 32M, Relocated: 0M, In-Place: 0
[37.100s][info][gc,reloc    ] GC(19) Large Pages: 1 / 6M, Empty: 6M, Relocated: 0M, In-Place: 0
[37.100s][info][gc,reloc    ] GC(19) Forwarding Usage: 0M
[37.100s][info][gc,heap     ] GC(19) Min Capacity: 1024M(100%)
[37.100s][info][gc,heap     ] GC(19) Max Capacity: 1024M(100%)
[37.100s][info][gc,heap     ] GC(19) Soft Max Capacity: 1024M(100%)
[37.100s][info][gc,heap     ] GC(19)                Mark Start          Mark End        Relocate Start      Relocate End           High               Low         
[37.100s][info][gc,heap     ] GC(19)  Capacity:     1024M (100%)       1024M (100%)       1024M (100%)       1024M (100%)       1024M (100%)       1024M (100%)   
[37.100s][info][gc,heap     ] GC(19)      Free:      356M (35%)         344M (34%)         754M (74%)         968M (95%)         968M (95%)         342M (33%)    
[37.100s][info][gc,heap     ] GC(19)      Used:      668M (65%)         680M (66%)         270M (26%)          56M (5%)          682M (67%)          56M (5%)     
[37.101s][info][gc,heap     ] GC(19)      Live:         -                11M (1%)           11M (1%)           11M (1%)             -                  -          
[37.101s][info][gc,heap     ] GC(19) Allocated:         -                12M (1%)           14M (1%)           14M (1%)             -                  -          
[37.101s][info][gc,heap     ] GC(19)   Garbage:         -               656M (64%)         244M (24%)          30M (3%)             -                  -          
[37.101s][info][gc,heap     ] GC(19) Reclaimed:         -                  -               412M (40%)         626M (61%)            -                  -          
[37.101s][info][gc          ] GC(19) Garbage Collection (Proactive) 668M(65%)->56M(5%)
[37.733s][info][gc,start    ] GC(20) Garbage Collection (System.gc())
[37.733s][info][gc,task     ] GC(20) Using 2 workers
[37.733s][info][gc,phases   ] GC(20) Pause Mark Start 0.008ms
[37.744s][info][gc,phases   ] GC(20) Concurrent Mark 10.776ms
[37.744s][info][gc,phases   ] GC(20) Pause Mark End 0.025ms
[37.744s][info][gc,phases   ] GC(20) Concurrent Mark Free 0.001ms
[37.747s][info][gc,phases   ] GC(20) Concurrent Process Non-Strong References 2.972ms
[37.747s][info][gc,phases   ] GC(20) Concurrent Reset Relocation Set 0.005ms
[37.749s][info][gc,phases   ] GC(20) Concurrent Select Relocation Set 1.755ms
[37.749s][info][gc,phases   ] GC(20) Pause Relocate Start 0.007ms
[37.751s][info][gc,phases   ] GC(20) Concurrent Relocate 1.420ms
[37.751s][info][gc,load     ] GC(20) Load: 0.00/0.00/0.00
[37.751s][info][gc,mmu      ] GC(20) MMU: 2ms/98.2%, 5ms/99.3%, 10ms/99.6%, 20ms/99.8%, 50ms/99.9%, 100ms/100.0%
[37.751s][info][gc,marking  ] GC(20) Mark: 2 stripe(s), 1 proactive flush(es), 1 terminate flush(es), 0 completion(s), 0 continuation(s) 
[37.751s][info][gc,marking  ] GC(20) Mark Stack Usage: 32M
[37.751s][info][gc,nmethod  ] GC(20) NMethods: 2773 registered, 8 unregistered
[37.751s][info][gc,metaspace] GC(20) Metaspace: 9M used, 9M committed, 1088M reserved
[37.751s][info][gc,ref      ] GC(20) Soft: 402 encountered, 0 discovered, 0 enqueued
[37.751s][info][gc,ref      ] GC(20) Weak: 712 encountered, 48 discovered, 2 enqueued
[37.751s][info][gc,ref      ] GC(20) Final: 3 encountered, 3 discovered, 0 enqueued
[37.751s][info][gc,ref      ] GC(20) Phantom: 26 encountered, 12 discovered, 0 enqueued
[37.751s][info][gc,reloc    ] GC(20) Small Pages: 245 / 490M, Empty: 476M, Relocated: 1M, In-Place: 0
[37.751s][info][gc,reloc    ] GC(20) Medium Pages: 1 / 32M, Empty: 32M, Relocated: 0M, In-Place: 0
[37.751s][info][gc,reloc    ] GC(20) Large Pages: 0 / 0M, Empty: 0M, Relocated: 0M, In-Place: 0
[37.751s][info][gc,reloc    ] GC(20) Forwarding Usage: 0M
[37.751s][info][gc,heap     ] GC(20) Min Capacity: 1024M(100%)
[37.751s][info][gc,heap     ] GC(20) Max Capacity: 1024M(100%)
[37.751s][info][gc,heap     ] GC(20) Soft Max Capacity: 1024M(100%)
[37.751s][info][gc,heap     ] GC(20)                Mark Start          Mark End        Relocate Start      Relocate End           High               Low         
[37.751s][info][gc,heap     ] GC(20)  Capacity:     1024M (100%)       1024M (100%)       1024M (100%)       1024M (100%)       1024M (100%)       1024M (100%)   
[37.751s][info][gc,heap     ] GC(20)      Free:      502M (49%)         502M (49%)        1010M (99%)        1016M (99%)        1016M (99%)         502M (49%)    
[37.751s][info][gc,heap     ] GC(20)      Used:      522M (51%)         522M (51%)          14M (1%)            8M (1%)          522M (51%)           8M (1%)     
[37.751s][info][gc,heap     ] GC(20)      Live:         -                 4M (0%)            4M (0%)            4M (0%)             -                  -          
[37.751s][info][gc,heap     ] GC(20) Allocated:         -                 0M (0%)            0M (0%)            0M (0%)             -                  -          
[37.751s][info][gc,heap     ] GC(20)   Garbage:         -               517M (51%)           9M (1%)            3M (0%)             -                  -          
[37.751s][info][gc,heap     ] GC(20) Reclaimed:         -                  -               508M (50%)         514M (50%)            -                  -          
[37.751s][info][gc          ] GC(20) Garbage Collection (System.gc()) 522M(51%)->8M(1%)
[39.171s][info][gc,start    ] GC(21) Garbage Collection (Proactive)
[39.171s][info][gc,task     ] GC(21) Using 2 workers
[39.171s][info][gc,phases   ] GC(21) Pause Mark Start 0.012ms
[39.187s][info][gc,phases   ] GC(21) Concurrent Mark 15.591ms
[39.187s][info][gc,phases   ] GC(21) Pause Mark End 0.022ms
[39.188s][info][gc,phases   ] GC(21) Concurrent Mark Free 0.001ms
[39.190s][info][gc,phases   ] GC(21) Concurrent Process Non-Strong References 2.866ms
[39.191s][info][gc,phases   ] GC(21) Concurrent Reset Relocation Set 0.001ms
[39.192s][info][gc,phases   ] GC(21) Concurrent Select Relocation Set 1.461ms
[39.192s][info][gc,phases   ] GC(21) Pause Relocate Start 0.007ms
[39.195s][info][gc,phases   ] GC(21) Concurrent Relocate 3.280ms
[39.195s][info][gc,load     ] GC(21) Load: 0.00/0.00/0.00
[39.195s][info][gc,mmu      ] GC(21) MMU: 2ms/98.2%, 5ms/99.3%, 10ms/99.6%, 20ms/99.8%, 50ms/99.9%, 100ms/100.0%
[39.195s][info][gc,marking  ] GC(21) Mark: 2 stripe(s), 2 proactive flush(es), 1 terminate flush(es), 0 completion(s), 0 continuation(s) 
[39.195s][info][gc,marking  ] GC(21) Mark Stack Usage: 32M
[39.196s][info][gc,nmethod  ] GC(21) NMethods: 2781 registered, 8 unregistered
[39.196s][info][gc,metaspace] GC(21) Metaspace: 9M used, 9M committed, 1088M reserved
[39.196s][info][gc,ref      ] GC(21) Soft: 402 encountered, 0 discovered, 0 enqueued
[39.196s][info][gc,ref      ] GC(21) Weak: 714 encountered, 115 discovered, 0 enqueued
[39.196s][info][gc,ref      ] GC(21) Final: 3 encountered, 1 discovered, 0 enqueued
[39.196s][info][gc,ref      ] GC(21) Phantom: 40 encountered, 31 discovered, 1 enqueued
[39.196s][info][gc,reloc    ] GC(21) Small Pages: 225 / 450M, Empty: 56M, Relocated: 10M, In-Place: 0
[39.196s][info][gc,reloc    ] GC(21) Medium Pages: 2 / 64M, Empty: 0M, Relocated: 7M, In-Place: 0
[39.196s][info][gc,reloc    ] GC(21) Large Pages: 1 / 6M, Empty: 0M, Relocated: 0M, In-Place: 0
[39.196s][info][gc,reloc    ] GC(21) Forwarding Usage: 0M
[39.196s][info][gc,heap     ] GC(21) Min Capacity: 1024M(100%)
[39.196s][info][gc,heap     ] GC(21) Max Capacity: 1024M(100%)
[39.196s][info][gc,heap     ] GC(21) Soft Max Capacity: 1024M(100%)
[39.196s][info][gc,heap     ] GC(21)                Mark Start          Mark End        Relocate Start      Relocate End           High               Low         
[39.196s][info][gc,heap     ] GC(21)  Capacity:     1024M (100%)       1024M (100%)       1024M (100%)       1024M (100%)       1024M (100%)       1024M (100%)   
[39.196s][info][gc,heap     ] GC(21)      Free:      504M (49%)         504M (49%)         560M (55%)         940M (92%)         940M (92%)         494M (48%)    
[39.196s][info][gc,heap     ] GC(21)      Used:      520M (51%)         520M (51%)         464M (45%)          84M (8%)          530M (52%)          84M (8%)     
[39.196s][info][gc,heap     ] GC(21)      Live:         -                25M (2%)           25M (2%)           25M (2%)             -                  -          
[39.196s][info][gc,heap     ] GC(21) Allocated:         -                 0M (0%)            0M (0%)           30M (3%)             -                  -          
[39.196s][info][gc,heap     ] GC(21)   Garbage:         -               494M (48%)         438M (43%)          28M (3%)             -                  -          
[39.196s][info][gc,heap     ] GC(21) Reclaimed:         -                  -                56M (5%)          466M (46%)            -                  -          
[39.196s][info][gc          ] GC(21) Garbage Collection (Proactive) 520M(51%)->84M(8%)
[40.076s][info][gc,stats    ] === Garbage Collection Statistics =======================================================================================================================
[40.076s][info][gc,stats    ]                                                              Last 10s              Last 10m              Last 10h                Total
[40.076s][info][gc,stats    ]                                                              Avg / Max             Avg / Max             Avg / Max             Avg / Max
[40.076s][info][gc,stats    ]   Collector: Garbage Collection Cycle                     22.553 / 26.259       22.949 / 31.574       22.949 / 31.574       22.949 / 31.574      ms
[40.076s][info][gc,stats    ]  Contention: Mark Segment Reset Contention                     0 / 1                 0 / 1                 0 / 1                 0 / 1           ops/s
[40.076s][info][gc,stats    ]  Contention: Mark SeqNum Reset Contention                      0 / 2                 0 / 2                 0 / 2                 0 / 2           ops/s
[40.076s][info][gc,stats    ]    Critical: Allocation Stall                                  0 / 0                 0 / 0                 0 / 0                 0 / 0           ops/s
[40.076s][info][gc,stats    ]    Critical: Allocation Stall                              0.000 / 0.000         0.000 / 0.000         0.000 / 0.000         0.000 / 0.000       ms
[40.076s][info][gc,stats    ]    Critical: GC Locker Stall                                   0 / 0                 0 / 0                 0 / 0                 0 / 0           ops/s
[40.076s][info][gc,stats    ]    Critical: GC Locker Stall                               0.000 / 0.000         0.000 / 0.000         0.000 / 0.000         0.000 / 0.000       ms
[40.076s][info][gc,stats    ]    Critical: Relocation Stall                                  0 / 0                 0 / 0                 0 / 0                 0 / 0           ops/s
[40.076s][info][gc,stats    ]    Critical: Relocation Stall                              0.000 / 0.000         0.000 / 0.000         0.000 / 0.000         0.000 / 0.000       ms
[40.076s][info][gc,stats    ]      Memory: Allocation Rate                                 446 / 630             256 / 630             256 / 630             256 / 630         MB/s
[40.076s][info][gc,stats    ]      Memory: Out Of Memory                                     0 / 0                 0 / 0                 0 / 0                 0 / 0           ops/s
[40.076s][info][gc,stats    ]      Memory: Page Cache Flush                                  0 / 0                 0 / 0                 0 / 0                 0 / 0           MB/s
[40.076s][info][gc,stats    ]      Memory: Page Cache Hit L1                               211 / 305             111 / 305             111 / 305             111 / 305         ops/s
[40.076s][info][gc,stats    ]      Memory: Page Cache Hit L2                                 0 / 0                 0 / 0                 0 / 0                 0 / 0           ops/s
[40.076s][info][gc,stats    ]      Memory: Page Cache Hit L3                                 0 / 0                 8 / 84                8 / 84                8 / 84          ops/s
[40.076s][info][gc,stats    ]      Memory: Page Cache Miss                                   0 / 0                 0 / 1                 0 / 1                 0 / 1           ops/s
[40.076s][info][gc,stats    ]      Memory: Uncommit                                          0 / 0                 0 / 0                 0 / 0                 0 / 0           MB/s
[40.076s][info][gc,stats    ]      Memory: Undo Object Allocation Failed                     0 / 0                 0 / 0                 0 / 0                 0 / 0           ops/s
[40.076s][info][gc,stats    ]      Memory: Undo Object Allocation Succeeded                  0 / 3                 0 / 4                 0 / 4                 0 / 4           ops/s
[40.076s][info][gc,stats    ]      Memory: Undo Page Allocation                              0 / 0                 0 / 0                 0 / 0                 0 / 0           ops/s
[40.076s][info][gc,stats    ]       Phase: Concurrent Mark                              15.474 / 19.515       15.450 / 19.515       15.450 / 19.515       15.450 / 19.515      ms
[40.076s][info][gc,stats    ]       Phase: Concurrent Mark Continue                      0.000 / 0.000         0.000 / 0.000         0.000 / 0.000         0.000 / 0.000       ms
[40.076s][info][gc,stats    ]       Phase: Concurrent Mark Free                          0.001 / 0.002         0.001 / 0.003         0.001 / 0.003         0.001 / 0.003       ms
[40.076s][info][gc,stats    ]       Phase: Concurrent Process Non-Strong References      2.820 / 3.023         2.503 / 3.023         2.503 / 3.023         2.503 / 3.023       ms
[40.076s][info][gc,stats    ]       Phase: Concurrent Relocate                           1.679 / 3.280         1.966 / 5.221         1.966 / 5.221         1.966 / 5.221       ms
[40.076s][info][gc,stats    ]       Phase: Concurrent Reset Relocation Set               0.004 / 0.008         0.004 / 0.009         0.004 / 0.009         0.004 / 0.009       ms
[40.076s][info][gc,stats    ]       Phase: Concurrent Select Relocation Set              1.642 / 1.873         1.931 / 8.199         1.931 / 8.199         1.931 / 8.199       ms
[40.076s][info][gc,stats    ]       Phase: Pause Mark End                                0.018 / 0.025         0.018 / 0.037         0.018 / 0.037         0.018 / 0.037       ms
[40.076s][info][gc,stats    ]       Phase: Pause Mark Start                              0.008 / 0.012         0.009 / 0.012         0.009 / 0.012         0.009 / 0.012       ms
[40.076s][info][gc,stats    ]       Phase: Pause Relocate Start                          0.009 / 0.013         0.009 / 0.013         0.009 / 0.013         0.009 / 0.013       ms
[40.076s][info][gc,stats    ]    Subphase: Concurrent Classes Purge                      0.122 / 0.161         0.114 / 0.161         0.114 / 0.161         0.114 / 0.161       ms
[40.076s][info][gc,stats    ]    Subphase: Concurrent Classes Unlink                     2.123 / 2.415         1.838 / 2.415         1.838 / 2.415         1.838 / 2.415       ms
[40.076s][info][gc,stats    ]    Subphase: Concurrent Mark                               8.994 / 19.175        9.222 / 19.175        9.222 / 19.175        9.222 / 19.175      ms
[40.076s][info][gc,stats    ]    Subphase: Concurrent Mark Try Flush                     0.081 / 0.149         0.073 / 0.152         0.073 / 0.152         0.073 / 0.152       ms
[40.076s][info][gc,stats    ]    Subphase: Concurrent Mark Try Terminate                 3.892 / 16.199        3.799 / 16.199        3.799 / 16.199        3.799 / 16.199      ms
[40.076s][info][gc,stats    ]    Subphase: Concurrent References Enqueue                 0.005 / 0.009         0.004 / 0.009         0.004 / 0.009         0.004 / 0.009       ms
[40.076s][info][gc,stats    ]    Subphase: Concurrent References Process                 0.118 / 0.136         0.107 / 0.139         0.107 / 0.139         0.107 / 0.139       ms
[40.076s][info][gc,stats    ]    Subphase: Concurrent Roots ClassLoaderDataGraph         0.084 / 0.227         0.089 / 0.245         0.089 / 0.245         0.089 / 0.245       ms
[40.076s][info][gc,stats    ]    Subphase: Concurrent Roots CodeCache                    0.000 / 0.000         0.000 / 0.000         0.000 / 0.000         0.000 / 0.000       ms
[40.076s][info][gc,stats    ]    Subphase: Concurrent Roots JavaThreads                  0.429 / 0.979         0.342 / 0.979         0.342 / 0.979         0.342 / 0.979       ms
[40.077s][info][gc,stats    ]    Subphase: Concurrent Roots OopStorageSet                0.018 / 0.035         0.024 / 0.074         0.024 / 0.074         0.024 / 0.074       ms
[40.077s][info][gc,stats    ]    Subphase: Concurrent Weak Roots OopStorageSet           0.258 / 0.382         0.260 / 0.392         0.260 / 0.392         0.260 / 0.392       ms
[40.077s][info][gc,stats    ]    Subphase: Pause Mark Try Complete                       0.000 / 0.000         0.000 / 0.000         0.000 / 0.000         0.000 / 0.000       ms
[40.077s][info][gc,stats    ]      System: Java Threads                                     12 / 13               12 / 14               12 / 14               12 / 14          threads
[40.077s][info][gc,stats    ] =========================================================================================================================================================
[40.773s][info][gc,start    ] GC(22) Garbage Collection (Proactive)
[40.773s][info][gc,task     ] GC(22) Using 2 workers
[40.774s][info][gc,phases   ] GC(22) Pause Mark Start 0.009ms
[40.789s][info][gc,phases   ] GC(22) Concurrent Mark 15.709ms
[40.789s][info][gc,phases   ] GC(22) Pause Mark End 0.012ms
[40.790s][info][gc,phases   ] GC(22) Concurrent Mark Free 0.002ms
[40.792s][info][gc,phases   ] GC(22) Concurrent Process Non-Strong References 2.587ms
[40.792s][info][gc,phases   ] GC(22) Concurrent Reset Relocation Set 0.007ms
[40.794s][info][gc,phases   ] GC(22) Concurrent Select Relocation Set 1.570ms
[40.794s][info][gc,phases   ] GC(22) Pause Relocate Start 0.010ms
[40.796s][info][gc,phases   ] GC(22) Concurrent Relocate 2.069ms
[40.796s][info][gc,load     ] GC(22) Load: 0.00/0.00/0.00
[40.796s][info][gc,mmu      ] GC(22) MMU: 2ms/98.2%, 5ms/99.3%, 10ms/99.6%, 20ms/99.8%, 50ms/99.9%, 100ms/100.0%
[40.796s][info][gc,marking  ] GC(22) Mark: 2 stripe(s), 2 proactive flush(es), 1 terminate flush(es), 0 completion(s), 0 continuation(s) 
[40.796s][info][gc,marking  ] GC(22) Mark Stack Usage: 32M
[40.796s][info][gc,nmethod  ] GC(22) NMethods: 2787 registered, 8 unregistered
[40.796s][info][gc,metaspace] GC(22) Metaspace: 9M used, 9M committed, 1088M reserved
[40.796s][info][gc,ref      ] GC(22) Soft: 402 encountered, 0 discovered, 0 enqueued
[40.796s][info][gc,ref      ] GC(22) Weak: 714 encountered, 383 discovered, 0 enqueued
[40.796s][info][gc,ref      ] GC(22) Final: 3 encountered, 2 discovered, 0 enqueued
[40.796s][info][gc,ref      ] GC(22) Phantom: 39 encountered, 31 discovered, 0 enqueued
[40.796s][info][gc,reloc    ] GC(22) Small Pages: 304 / 608M, Empty: 270M, Relocated: 6M, In-Place: 0
[40.796s][info][gc,reloc    ] GC(22) Medium Pages: 3 / 96M, Empty: 32M, Relocated: 6M, In-Place: 0
[40.796s][info][gc,reloc    ] GC(22) Large Pages: 1 / 6M, Empty: 6M, Relocated: 0M, In-Place: 0
[40.796s][info][gc,reloc    ] GC(22) Forwarding Usage: 0M
[40.796s][info][gc,heap     ] GC(22) Min Capacity: 1024M(100%)
[40.796s][info][gc,heap     ] GC(22) Max Capacity: 1024M(100%)
[40.796s][info][gc,heap     ] GC(22) Soft Max Capacity: 1024M(100%)
[40.796s][info][gc,heap     ] GC(22)                Mark Start          Mark End        Relocate Start      Relocate End           High               Low         
[40.797s][info][gc,heap     ] GC(22)  Capacity:     1024M (100%)       1024M (100%)       1024M (100%)       1024M (100%)       1024M (100%)       1024M (100%)   
[40.797s][info][gc,heap     ] GC(22)      Free:      314M (31%)         310M (30%)         618M (60%)         940M (92%)         940M (92%)         310M (30%)    
[40.797s][info][gc,heap     ] GC(22)      Used:      710M (69%)         714M (70%)         406M (40%)          84M (8%)          714M (70%)          84M (8%)     
[40.797s][info][gc,heap     ] GC(22)      Live:         -                17M (2%)           17M (2%)           17M (2%)             -                  -          
[40.797s][info][gc,heap     ] GC(22) Allocated:         -                 4M (0%)            4M (0%)           36M (4%)             -                  -          
[40.797s][info][gc,heap     ] GC(22)   Garbage:         -               692M (68%)         384M (38%)          29M (3%)             -                  -          
[40.797s][info][gc,heap     ] GC(22) Reclaimed:         -                  -               308M (30%)         662M (65%)            -                  -          
[40.797s][info][gc          ] GC(22) Garbage Collection (Proactive) 710M(69%)->84M(8%)
[42.170s][info][gc,start    ] GC(23) Garbage Collection (Proactive)
[42.170s][info][gc,task     ] GC(23) Using 2 workers
[42.170s][info][gc,phases   ] GC(23) Pause Mark Start 0.008ms
[42.186s][info][gc,phases   ] GC(23) Concurrent Mark 15.547ms
[42.186s][info][gc,phases   ] GC(23) Pause Mark End 0.015ms
[42.186s][info][gc,phases   ] GC(23) Concurrent Mark Free 0.002ms
[42.189s][info][gc,phases   ] GC(23) Concurrent Process Non-Strong References 2.554ms
[42.189s][info][gc,phases   ] GC(23) Concurrent Reset Relocation Set 0.007ms
[42.191s][info][gc,phases   ] GC(23) Concurrent Select Relocation Set 1.929ms
[42.191s][info][gc,phases   ] GC(23) Pause Relocate Start 0.008ms
[42.193s][info][gc,phases   ] GC(23) Concurrent Relocate 2.241ms
[42.193s][info][gc,load     ] GC(23) Load: 0.00/0.00/0.00
[42.193s][info][gc,mmu      ] GC(23) MMU: 2ms/98.2%, 5ms/99.3%, 10ms/99.6%, 20ms/99.8%, 50ms/99.9%, 100ms/100.0%
[42.193s][info][gc,marking  ] GC(23) Mark: 2 stripe(s), 2 proactive flush(es), 1 terminate flush(es), 0 completion(s), 0 continuation(s) 
[42.193s][info][gc,marking  ] GC(23) Mark Stack Usage: 32M
[42.193s][info][gc,nmethod  ] GC(23) NMethods: 2802 registered, 8 unregistered
[42.193s][info][gc,metaspace] GC(23) Metaspace: 9M used, 9M committed, 1088M reserved
[42.193s][info][gc,ref      ] GC(23) Soft: 402 encountered, 0 discovered, 0 enqueued
[42.193s][info][gc,ref      ] GC(23) Weak: 714 encountered, 14 discovered, 0 enqueued
[42.193s][info][gc,ref      ] GC(23) Final: 3 encountered, 2 discovered, 0 enqueued
[42.193s][info][gc,ref      ] GC(23) Phantom: 33 encountered, 26 discovered, 1 enqueued
[42.193s][info][gc,reloc    ] GC(23) Small Pages: 261 / 522M, Empty: 350M, Relocated: 4M, In-Place: 0
[42.193s][info][gc,reloc    ] GC(23) Medium Pages: 2 / 64M, Empty: 32M, Relocated: 0M, In-Place: 0
[42.193s][info][gc,reloc    ] GC(23) Large Pages: 1 / 6M, Empty: 6M, Relocated: 0M, In-Place: 0
[42.193s][info][gc,reloc    ] GC(23) Forwarding Usage: 0M
[42.193s][info][gc,heap     ] GC(23) Min Capacity: 1024M(100%)
[42.193s][info][gc,heap     ] GC(23) Max Capacity: 1024M(100%)
[42.193s][info][gc,heap     ] GC(23) Soft Max Capacity: 1024M(100%)
[42.193s][info][gc,heap     ] GC(23)                Mark Start          Mark End        Relocate Start      Relocate End           High               Low         
[42.193s][info][gc,heap     ] GC(23)  Capacity:     1024M (100%)       1024M (100%)       1024M (100%)       1024M (100%)       1024M (100%)       1024M (100%)   
[42.193s][info][gc,heap     ] GC(23)      Free:      432M (42%)         428M (42%)         812M (79%)         970M (95%)         972M (95%)         426M (42%)    
[42.193s][info][gc,heap     ] GC(23)      Used:      592M (58%)         596M (58%)         212M (21%)          54M (5%)          598M (58%)          52M (5%)     
[42.193s][info][gc,heap     ] GC(23)      Live:         -                11M (1%)           11M (1%)           11M (1%)             -                  -          
[42.193s][info][gc,heap     ] GC(23) Allocated:         -                 4M (0%)            8M (1%)           11M (1%)             -                  -          
[42.193s][info][gc,heap     ] GC(23)   Garbage:         -               580M (57%)         192M (19%)          31M (3%)             -                  -          
[42.193s][info][gc,heap     ] GC(23) Reclaimed:         -                  -               388M (38%)         549M (54%)            -                  -          
[42.193s][info][gc          ] GC(23) Garbage Collection (Proactive) 592M(58%)->54M(5%)
[42.934s][info][gc,start    ] GC(24) Garbage Collection (System.gc())
[42.934s][info][gc,task     ] GC(24) Using 2 workers
[42.934s][info][gc,phases   ] GC(24) Pause Mark Start 0.008ms
[42.945s][info][gc,phases   ] GC(24) Concurrent Mark 11.182ms
[42.946s][info][gc,phases   ] GC(24) Pause Mark End 0.013ms
[42.946s][info][gc,phases   ] GC(24) Concurrent Mark Free 0.001ms
[42.949s][info][gc,phases   ] GC(24) Concurrent Process Non-Strong References 3.212ms
[42.949s][info][gc,phases   ] GC(24) Concurrent Reset Relocation Set 0.005ms
[42.951s][info][gc,phases   ] GC(24) Concurrent Select Relocation Set 2.005ms
[42.951s][info][gc,phases   ] GC(24) Pause Relocate Start 0.018ms
[42.952s][info][gc,phases   ] GC(24) Concurrent Relocate 0.721ms
[42.952s][info][gc,load     ] GC(24) Load: 0.00/0.00/0.00
[42.952s][info][gc,mmu      ] GC(24) MMU: 2ms/98.2%, 5ms/99.3%, 10ms/99.6%, 20ms/99.8%, 50ms/99.9%, 100ms/100.0%
[42.952s][info][gc,marking  ] GC(24) Mark: 2 stripe(s), 1 proactive flush(es), 1 terminate flush(es), 0 completion(s), 0 continuation(s) 
[42.952s][info][gc,marking  ] GC(24) Mark Stack Usage: 32M
[42.952s][info][gc,nmethod  ] GC(24) NMethods: 2838 registered, 8 unregistered
[42.952s][info][gc,metaspace] GC(24) Metaspace: 9M used, 9M committed, 1088M reserved
[42.952s][info][gc,ref      ] GC(24) Soft: 402 encountered, 0 discovered, 0 enqueued
[42.952s][info][gc,ref      ] GC(24) Weak: 712 encountered, 396 discovered, 2 enqueued
[42.952s][info][gc,ref      ] GC(24) Final: 3 encountered, 3 discovered, 0 enqueued
[42.952s][info][gc,ref      ] GC(24) Phantom: 26 encountered, 21 discovered, 0 enqueued
[42.952s][info][gc,reloc    ] GC(24) Small Pages: 296 / 592M, Empty: 576M, Relocated: 1M, In-Place: 0
[42.952s][info][gc,reloc    ] GC(24) Medium Pages: 1 / 32M, Empty: 32M, Relocated: 0M, In-Place: 0
[42.952s][info][gc,reloc    ] GC(24) Large Pages: 0 / 0M, Empty: 0M, Relocated: 0M, In-Place: 0
[42.952s][info][gc,reloc    ] GC(24) Forwarding Usage: 0M
[42.952s][info][gc,heap     ] GC(24) Min Capacity: 1024M(100%)
[42.952s][info][gc,heap     ] GC(24) Max Capacity: 1024M(100%)
[42.952s][info][gc,heap     ] GC(24) Soft Max Capacity: 1024M(100%)
[42.952s][info][gc,heap     ] GC(24)                Mark Start          Mark End        Relocate Start      Relocate End           High               Low         
[42.952s][info][gc,heap     ] GC(24)  Capacity:     1024M (100%)       1024M (100%)       1024M (100%)       1024M (100%)       1024M (100%)       1024M (100%)   
[42.952s][info][gc,heap     ] GC(24)      Free:      400M (39%)         400M (39%)        1008M (98%)        1016M (99%)        1016M (99%)         400M (39%)    
[42.952s][info][gc,heap     ] GC(24)      Used:      624M (61%)         624M (61%)          16M (2%)            8M (1%)          624M (61%)           8M (1%)     
[42.952s][info][gc,heap     ] GC(24)      Live:         -                 4M (0%)            4M (0%)            4M (0%)             -                  -          
[42.952s][info][gc,heap     ] GC(24) Allocated:         -                 0M (0%)            0M (0%)            0M (0%)             -                  -          
[42.952s][info][gc,heap     ] GC(24)   Garbage:         -               619M (61%)          11M (1%)            3M (0%)             -                  -          
[42.952s][info][gc,heap     ] GC(24) Reclaimed:         -                  -               608M (59%)         616M (60%)            -                  -          
[42.952s][info][gc          ] GC(24) Garbage Collection (System.gc()) 624M(61%)->8M(1%)
[44.376s][info][gc,start    ] GC(25) Garbage Collection (Proactive)
[44.376s][info][gc,task     ] GC(25) Using 2 workers
[44.376s][info][gc,phases   ] GC(25) Pause Mark Start 0.008ms
[44.392s][info][gc,phases   ] GC(25) Concurrent Mark 15.475ms
[44.392s][info][gc,phases   ] GC(25) Pause Mark End 0.012ms
[44.392s][info][gc,phases   ] GC(25) Concurrent Mark Free 0.000ms
[44.395s][info][gc,phases   ] GC(25) Concurrent Process Non-Strong References 2.941ms
[44.395s][info][gc,phases   ] GC(25) Concurrent Reset Relocation Set 0.002ms
[44.396s][info][gc,phases   ] GC(25) Concurrent Select Relocation Set 1.653ms
[44.396s][info][gc,phases   ] GC(25) Pause Relocate Start 0.009ms
[44.400s][info][gc,phases   ] GC(25) Concurrent Relocate 3.800ms
[44.400s][info][gc,load     ] GC(25) Load: 0.00/0.00/0.00
[44.400s][info][gc,mmu      ] GC(25) MMU: 2ms/98.2%, 5ms/99.3%, 10ms/99.6%, 20ms/99.8%, 50ms/99.9%, 100ms/100.0%
[44.400s][info][gc,marking  ] GC(25) Mark: 2 stripe(s), 2 proactive flush(es), 1 terminate flush(es), 0 completion(s), 0 continuation(s) 
[44.400s][info][gc,marking  ] GC(25) Mark Stack Usage: 32M
[44.400s][info][gc,nmethod  ] GC(25) NMethods: 2849 registered, 8 unregistered
[44.400s][info][gc,metaspace] GC(25) Metaspace: 9M used, 9M committed, 1088M reserved
[44.400s][info][gc,ref      ] GC(25) Soft: 402 encountered, 0 discovered, 0 enqueued
[44.400s][info][gc,ref      ] GC(25) Weak: 714 encountered, 20 discovered, 0 enqueued
[44.401s][info][gc,ref      ] GC(25) Final: 3 encountered, 1 discovered, 0 enqueued
[44.401s][info][gc,ref      ] GC(25) Phantom: 40 encountered, 25 discovered, 1 enqueued
[44.401s][info][gc,reloc    ] GC(25) Small Pages: 225 / 450M, Empty: 56M, Relocated: 10M, In-Place: 0
[44.401s][info][gc,reloc    ] GC(25) Medium Pages: 2 / 64M, Empty: 0M, Relocated: 7M, In-Place: 0
[44.401s][info][gc,reloc    ] GC(25) Large Pages: 1 / 6M, Empty: 0M, Relocated: 0M, In-Place: 0
[44.401s][info][gc,reloc    ] GC(25) Forwarding Usage: 0M
[44.401s][info][gc,heap     ] GC(25) Min Capacity: 1024M(100%)
[44.401s][info][gc,heap     ] GC(25) Max Capacity: 1024M(100%)
[44.401s][info][gc,heap     ] GC(25) Soft Max Capacity: 1024M(100%)
[44.401s][info][gc,heap     ] GC(25)                Mark Start          Mark End        Relocate Start      Relocate End           High               Low         
[44.401s][info][gc,heap     ] GC(25)  Capacity:     1024M (100%)       1024M (100%)       1024M (100%)       1024M (100%)       1024M (100%)       1024M (100%)   
[44.401s][info][gc,heap     ] GC(25)      Free:      504M (49%)         502M (49%)         558M (54%)         970M (95%)         970M (95%)         502M (49%)    
[44.401s][info][gc,heap     ] GC(25)      Used:      520M (51%)         522M (51%)         466M (46%)          54M (5%)          522M (51%)          54M (5%)     
[44.401s][info][gc,heap     ] GC(25)      Live:         -                25M (2%)           25M (2%)           25M (2%)             -                  -          
[44.401s][info][gc,heap     ] GC(25) Allocated:         -                 2M (0%)            2M (0%)            1M (0%)             -                  -          
[44.401s][info][gc,heap     ] GC(25)   Garbage:         -               494M (48%)         438M (43%)          26M (3%)             -                  -          
[44.401s][info][gc,heap     ] GC(25) Reclaimed:         -                  -                56M (5%)          467M (46%)            -                  -          
[44.401s][info][gc          ] GC(25) Garbage Collection (Proactive) 520M(51%)->54M(5%)
[46.067s][info][gc,start    ] GC(26) Garbage Collection (Proactive)
[46.067s][info][gc,task     ] GC(26) Using 2 workers
[46.067s][info][gc,phases   ] GC(26) Pause Mark Start 0.008ms
[46.083s][info][gc,phases   ] GC(26) Concurrent Mark 15.726ms
[46.083s][info][gc,phases   ] GC(26) Pause Mark End 0.013ms
[46.083s][info][gc,phases   ] GC(26) Concurrent Mark Free 0.002ms
[46.086s][info][gc,phases   ] GC(26) Concurrent Process Non-Strong References 2.836ms
[46.086s][info][gc,phases   ] GC(26) Concurrent Reset Relocation Set 0.006ms
[46.088s][info][gc,phases   ] GC(26) Concurrent Select Relocation Set 1.780ms
[46.088s][info][gc,phases   ] GC(26) Pause Relocate Start 0.009ms
[46.091s][info][gc,phases   ] GC(26) Concurrent Relocate 2.812ms
[46.091s][info][gc,load     ] GC(26) Load: 0.00/0.00/0.00
[46.091s][info][gc,mmu      ] GC(26) MMU: 2ms/98.2%, 5ms/99.3%, 10ms/99.6%, 20ms/99.8%, 50ms/99.9%, 100ms/100.0%
[46.091s][info][gc,marking  ] GC(26) Mark: 2 stripe(s), 2 proactive flush(es), 1 terminate flush(es), 0 completion(s), 0 continuation(s) 
[46.091s][info][gc,marking  ] GC(26) Mark Stack Usage: 32M
[46.091s][info][gc,nmethod  ] GC(26) NMethods: 2862 registered, 0 unregistered
[46.091s][info][gc,metaspace] GC(26) Metaspace: 9M used, 9M committed, 1088M reserved
[46.091s][info][gc,ref      ] GC(26) Soft: 402 encountered, 0 discovered, 0 enqueued
[46.091s][info][gc,ref      ] GC(26) Weak: 714 encountered, 457 discovered, 0 enqueued
[46.091s][info][gc,ref      ] GC(26) Final: 3 encountered, 0 discovered, 0 enqueued
[46.091s][info][gc,ref      ] GC(26) Phantom: 39 encountered, 23 discovered, 0 enqueued
[46.091s][info][gc,reloc    ] GC(26) Small Pages: 322 / 644M, Empty: 280M, Relocated: 8M, In-Place: 0
[46.091s][info][gc,reloc    ] GC(26) Medium Pages: 3 / 96M, Empty: 32M, Relocated: 6M, In-Place: 0
[46.091s][info][gc,reloc    ] GC(26) Large Pages: 1 / 6M, Empty: 6M, Relocated: 0M, In-Place: 0
[46.091s][info][gc,reloc    ] GC(26) Forwarding Usage: 0M
[46.091s][info][gc,heap     ] GC(26) Min Capacity: 1024M(100%)
[46.091s][info][gc,heap     ] GC(26) Max Capacity: 1024M(100%)
[46.091s][info][gc,heap     ] GC(26) Soft Max Capacity: 1024M(100%)
[46.092s][info][gc,heap     ] GC(26)                Mark Start          Mark End        Relocate Start      Relocate End           High               Low         
[46.092s][info][gc,heap     ] GC(26)  Capacity:     1024M (100%)       1024M (100%)       1024M (100%)       1024M (100%)       1024M (100%)       1024M (100%)   
[46.092s][info][gc,heap     ] GC(26)      Free:      278M (27%)         274M (27%)         590M (58%)         938M (92%)         938M (92%)         272M (27%)    
[46.092s][info][gc,heap     ] GC(26)      Used:      746M (73%)         750M (73%)         434M (42%)          86M (8%)          752M (73%)          86M (8%)     
[46.092s][info][gc,heap     ] GC(26)      Live:         -                18M (2%)           18M (2%)           18M (2%)             -                  -          
[46.092s][info][gc,heap     ] GC(26) Allocated:         -                 4M (0%)            6M (1%)           33M (3%)             -                  -          
[46.092s][info][gc,heap     ] GC(26)   Garbage:         -               727M (71%)         409M (40%)          34M (3%)             -                  -          
[46.092s][info][gc,heap     ] GC(26) Reclaimed:         -                  -               318M (31%)         693M (68%)            -                  -          
[46.092s][info][gc          ] GC(26) Garbage Collection (Proactive) 746M(73%)->86M(8%)
[47.573s][info][gc,start    ] GC(27) Garbage Collection (Proactive)
[47.573s][info][gc,task     ] GC(27) Using 2 workers
[47.573s][info][gc,phases   ] GC(27) Pause Mark Start 0.008ms
[47.589s][info][gc,phases   ] GC(27) Concurrent Mark 15.698ms
[47.589s][info][gc,phases   ] GC(27) Pause Mark End 0.015ms
[47.589s][info][gc,phases   ] GC(27) Concurrent Mark Free 0.001ms
[47.592s][info][gc,phases   ] GC(27) Concurrent Process Non-Strong References 2.591ms
[47.592s][info][gc,phases   ] GC(27) Concurrent Reset Relocation Set 0.005ms
[47.593s][info][gc,phases   ] GC(27) Concurrent Select Relocation Set 1.439ms
[47.594s][info][gc,phases   ] GC(27) Pause Relocate Start 0.009ms
[47.595s][info][gc,phases   ] GC(27) Concurrent Relocate 1.175ms
[47.595s][info][gc,load     ] GC(27) Load: 0.00/0.00/0.00
[47.595s][info][gc,mmu      ] GC(27) MMU: 2ms/98.2%, 5ms/99.3%, 10ms/99.6%, 20ms/99.8%, 50ms/99.9%, 100ms/100.0%
[47.595s][info][gc,marking  ] GC(27) Mark: 2 stripe(s), 2 proactive flush(es), 1 terminate flush(es), 0 completion(s), 0 continuation(s) 
[47.595s][info][gc,marking  ] GC(27) Mark Stack Usage: 32M
[47.595s][info][gc,nmethod  ] GC(27) NMethods: 2889 registered, 0 unregistered
[47.595s][info][gc,metaspace] GC(27) Metaspace: 9M used, 9M committed, 1088M reserved
[47.595s][info][gc,ref      ] GC(27) Soft: 402 encountered, 0 discovered, 0 enqueued
[47.595s][info][gc,ref      ] GC(27) Weak: 717 encountered, 70 discovered, 0 enqueued
[47.595s][info][gc,ref      ] GC(27) Final: 3 encountered, 1 discovered, 0 enqueued
[47.595s][info][gc,ref      ] GC(27) Phantom: 50 encountered, 32 discovered, 1 enqueued
[47.595s][info][gc,reloc    ] GC(27) Small Pages: 310 / 620M, Empty: 578M, Relocated: 2M, In-Place: 0
[47.595s][info][gc,reloc    ] GC(27) Medium Pages: 2 / 64M, Empty: 64M, Relocated: 0M, In-Place: 0
[47.595s][info][gc,reloc    ] GC(27) Large Pages: 1 / 6M, Empty: 6M, Relocated: 0M, In-Place: 0
[47.595s][info][gc,reloc    ] GC(27) Forwarding Usage: 0M
[47.595s][info][gc,heap     ] GC(27) Min Capacity: 1024M(100%)
[47.595s][info][gc,heap     ] GC(27) Max Capacity: 1024M(100%)
[47.595s][info][gc,heap     ] GC(27) Soft Max Capacity: 1024M(100%)
[47.595s][info][gc,heap     ] GC(27)                Mark Start          Mark End        Relocate Start      Relocate End           High               Low         
[47.595s][info][gc,heap     ] GC(27)  Capacity:     1024M (100%)       1024M (100%)       1024M (100%)       1024M (100%)       1024M (100%)       1024M (100%)   
[47.595s][info][gc,heap     ] GC(27)      Free:      334M (33%)         318M (31%)         962M (94%)         998M (97%)         998M (97%)         316M (31%)    
[47.595s][info][gc,heap     ] GC(27)      Used:      690M (67%)         706M (69%)          62M (6%)           26M (3%)          708M (69%)          26M (3%)     
[47.595s][info][gc,heap     ] GC(27)      Live:         -                 4M (0%)            4M (0%)            4M (0%)             -                  -          
[47.595s][info][gc,heap     ] GC(27) Allocated:         -                16M (2%)           20M (2%)           19M (2%)             -                  -          
[47.595s][info][gc,heap     ] GC(27)   Garbage:         -               685M (67%)          37M (4%)            1M (0%)             -                  -          
[47.595s][info][gc,heap     ] GC(27) Reclaimed:         -                  -               648M (63%)         683M (67%)            -                  -          
[47.595s][info][gc          ] GC(27) Garbage Collection (Proactive) 690M(67%)->26M(3%)
[48.106s][info][gc,start    ] GC(28) Garbage Collection (System.gc())
[48.106s][info][gc,task     ] GC(28) Using 2 workers
[48.106s][info][gc,phases   ] GC(28) Pause Mark Start 0.005ms
[48.114s][info][gc,phases   ] GC(28) Concurrent Mark 7.742ms
[48.114s][info][gc,phases   ] GC(28) Pause Mark End 0.023ms
[48.114s][info][gc,phases   ] GC(28) Concurrent Mark Free 0.001ms
[48.117s][info][gc,phases   ] GC(28) Concurrent Process Non-Strong References 3.237ms
[48.117s][info][gc,phases   ] GC(28) Concurrent Reset Relocation Set 0.005ms
[48.119s][info][gc,phases   ] GC(28) Concurrent Select Relocation Set 1.771ms
[48.119s][info][gc,phases   ] GC(28) Pause Relocate Start 0.010ms
[48.120s][info][gc,phases   ] GC(28) Concurrent Relocate 0.839ms
[48.120s][info][gc,load     ] GC(28) Load: 0.00/0.00/0.00
[48.120s][info][gc,mmu      ] GC(28) MMU: 2ms/98.2%, 5ms/99.3%, 10ms/99.6%, 20ms/99.8%, 50ms/99.9%, 100ms/100.0%
[48.120s][info][gc,marking  ] GC(28) Mark: 2 stripe(s), 1 proactive flush(es), 1 terminate flush(es), 0 completion(s), 0 continuation(s) 
[48.120s][info][gc,marking  ] GC(28) Mark Stack Usage: 32M
[48.120s][info][gc,nmethod  ] GC(28) NMethods: 2900 registered, 0 unregistered
[48.120s][info][gc,metaspace] GC(28) Metaspace: 9M used, 9M committed, 1088M reserved
[48.120s][info][gc,ref      ] GC(28) Soft: 402 encountered, 0 discovered, 0 enqueued
[48.120s][info][gc,ref      ] GC(28) Weak: 712 encountered, 426 discovered, 2 enqueued
[48.120s][info][gc,ref      ] GC(28) Final: 3 encountered, 3 discovered, 0 enqueued
[48.120s][info][gc,ref      ] GC(28) Phantom: 26 encountered, 17 discovered, 0 enqueued
[48.120s][info][gc,reloc    ] GC(28) Small Pages: 228 / 456M, Empty: 446M, Relocated: 1M, In-Place: 0
[48.120s][info][gc,reloc    ] GC(28) Medium Pages: 0 / 0M, Empty: 0M, Relocated: 0M, In-Place: 0
[48.120s][info][gc,reloc    ] GC(28) Large Pages: 0 / 0M, Empty: 0M, Relocated: 0M, In-Place: 0
[48.120s][info][gc,reloc    ] GC(28) Forwarding Usage: 0M
[48.120s][info][gc,heap     ] GC(28) Min Capacity: 1024M(100%)
[48.120s][info][gc,heap     ] GC(28) Max Capacity: 1024M(100%)
[48.120s][info][gc,heap     ] GC(28) Soft Max Capacity: 1024M(100%)
[48.120s][info][gc,heap     ] GC(28)                Mark Start          Mark End        Relocate Start      Relocate End           High               Low         
[48.120s][info][gc,heap     ] GC(28)  Capacity:     1024M (100%)       1024M (100%)       1024M (100%)       1024M (100%)       1024M (100%)       1024M (100%)   
[48.120s][info][gc,heap     ] GC(28)      Free:      568M (55%)         568M (55%)        1014M (99%)        1016M (99%)        1016M (99%)         568M (55%)    
[48.120s][info][gc,heap     ] GC(28)      Used:      456M (45%)         456M (45%)          10M (1%)            8M (1%)          456M (45%)           8M (1%)     
[48.120s][info][gc,heap     ] GC(28)      Live:         -                 4M (0%)            4M (0%)            4M (0%)             -                  -          
[48.120s][info][gc,heap     ] GC(28) Allocated:         -                 0M (0%)            0M (0%)            0M (0%)             -                  -          
[48.120s][info][gc,heap     ] GC(28)   Garbage:         -               451M (44%)           5M (1%)            3M (0%)             -                  -          
[48.120s][info][gc,heap     ] GC(28) Reclaimed:         -                  -               446M (44%)         448M (44%)            -                  -          
[48.120s][info][gc          ] GC(28) Garbage Collection (System.gc()) 456M(45%)->8M(1%)
[49.572s][info][gc,start    ] GC(29) Garbage Collection (Proactive)
[49.572s][info][gc,task     ] GC(29) Using 2 workers
[49.572s][info][gc,phases   ] GC(29) Pause Mark Start 0.010ms
[49.619s][info][gc,phases   ] GC(29) Concurrent Mark 47.087ms
[49.620s][info][gc,phases   ] GC(29) Pause Mark End 0.014ms
[49.620s][info][gc,phases   ] GC(29) Concurrent Mark Free 0.002ms
[49.623s][info][gc,phases   ] GC(29) Concurrent Process Non-Strong References 2.881ms
[49.623s][info][gc,phases   ] GC(29) Concurrent Reset Relocation Set 0.001ms
[49.624s][info][gc,phases   ] GC(29) Concurrent Select Relocation Set 1.331ms
[49.624s][info][gc,phases   ] GC(29) Pause Relocate Start 0.009ms
[49.627s][info][gc,phases   ] GC(29) Concurrent Relocate 2.371ms
[49.627s][info][gc,load     ] GC(29) Load: 0.00/0.00/0.00
[49.627s][info][gc,mmu      ] GC(29) MMU: 2ms/98.2%, 5ms/99.3%, 10ms/99.6%, 20ms/99.8%, 50ms/99.9%, 100ms/100.0%
[49.627s][info][gc,marking  ] GC(29) Mark: 2 stripe(s), 2 proactive flush(es), 1 terminate flush(es), 0 completion(s), 0 continuation(s) 
[49.627s][info][gc,marking  ] GC(29) Mark Stack Usage: 32M
[49.627s][info][gc,nmethod  ] GC(29) NMethods: 2905 registered, 0 unregistered
[49.627s][info][gc,metaspace] GC(29) Metaspace: 9M used, 9M committed, 1088M reserved
[49.627s][info][gc,ref      ] GC(29) Soft: 402 encountered, 0 discovered, 0 enqueued
[49.627s][info][gc,ref      ] GC(29) Weak: 714 encountered, 8 discovered, 0 enqueued
[49.627s][info][gc,ref      ] GC(29) Final: 3 encountered, 0 discovered, 0 enqueued
[49.627s][info][gc,ref      ] GC(29) Phantom: 34 encountered, 25 discovered, 1 enqueued
[49.627s][info][gc,reloc    ] GC(29) Small Pages: 225 / 450M, Empty: 56M, Relocated: 10M, In-Place: 0
[49.627s][info][gc,reloc    ] GC(29) Medium Pages: 2 / 64M, Empty: 32M, Relocated: 0M, In-Place: 0
[49.627s][info][gc,reloc    ] GC(29) Large Pages: 1 / 6M, Empty: 0M, Relocated: 0M, In-Place: 0
[49.627s][info][gc,reloc    ] GC(29) Forwarding Usage: 0M
[49.627s][info][gc,heap     ] GC(29) Min Capacity: 1024M(100%)
[49.627s][info][gc,heap     ] GC(29) Max Capacity: 1024M(100%)
[49.627s][info][gc,heap     ] GC(29) Soft Max Capacity: 1024M(100%)
[49.627s][info][gc,heap     ] GC(29)                Mark Start          Mark End        Relocate Start      Relocate End           High               Low         
[49.627s][info][gc,heap     ] GC(29)  Capacity:     1024M (100%)       1024M (100%)       1024M (100%)       1024M (100%)       1024M (100%)       1024M (100%)   
[49.627s][info][gc,heap     ] GC(29)      Free:      504M (49%)         502M (49%)         590M (58%)         972M (95%)         972M (95%)         502M (49%)    
[49.627s][info][gc,heap     ] GC(29)      Used:      520M (51%)         522M (51%)         434M (42%)          52M (5%)          522M (51%)          52M (5%)     
[49.627s][info][gc,heap     ] GC(29)      Live:         -                23M (2%)           23M (2%)           23M (2%)             -                  -          
[49.627s][info][gc,heap     ] GC(29) Allocated:         -                 2M (0%)            2M (0%)            1M (0%)             -                  -          
[49.627s][info][gc,heap     ] GC(29)   Garbage:         -               496M (49%)         408M (40%)          27M (3%)             -                  -          
[49.627s][info][gc,heap     ] GC(29) Reclaimed:         -                  -                88M (9%)          469M (46%)            -                  -          
[49.627s][info][gc          ] GC(29) Garbage Collection (Proactive) 520M(51%)->52M(5%)
[50.062s][info][gc,stats    ] === Garbage Collection Statistics =======================================================================================================================
[50.063s][info][gc,stats    ]                                                              Last 10s              Last 10m              Last 10h                Total
[50.063s][info][gc,stats    ]                                                              Avg / Max             Avg / Max             Avg / Max             Avg / Max
[50.063s][info][gc,stats    ]   Collector: Garbage Collection Cycle                     25.495 / 54.917       23.628 / 54.917       23.628 / 54.917       23.628 / 54.917      ms
[50.063s][info][gc,stats    ]  Contention: Mark Segment Reset Contention                     0 / 1                 0 / 1                 0 / 1                 0 / 1           ops/s
[50.063s][info][gc,stats    ]  Contention: Mark SeqNum Reset Contention                      0 / 1                 0 / 2                 0 / 2                 0 / 2           ops/s
[50.063s][info][gc,stats    ]    Critical: Allocation Stall                                  0 / 0                 0 / 0                 0 / 0                 0 / 0           ops/s
[50.063s][info][gc,stats    ]    Critical: Allocation Stall                              0.000 / 0.000         0.000 / 0.000         0.000 / 0.000         0.000 / 0.000       ms
[50.063s][info][gc,stats    ]    Critical: GC Locker Stall                                   0 / 0                 0 / 0                 0 / 0                 0 / 0           ops/s
[50.063s][info][gc,stats    ]    Critical: GC Locker Stall                               0.000 / 0.000         0.000 / 0.000         0.000 / 0.000         0.000 / 0.000       ms
[50.063s][info][gc,stats    ]    Critical: Relocation Stall                                  0 / 0                 0 / 0                 0 / 0                 0 / 0           ops/s
[50.063s][info][gc,stats    ]    Critical: Relocation Stall                              0.000 / 0.000         0.000 / 0.000         0.000 / 0.000         0.000 / 0.000       ms
[50.063s][info][gc,stats    ]      Memory: Allocation Rate                                 447 / 680             294 / 680             294 / 680             294 / 680         MB/s
[50.063s][info][gc,stats    ]      Memory: Out Of Memory                                     0 / 0                 0 / 0                 0 / 0                 0 / 0           ops/s
[50.063s][info][gc,stats    ]      Memory: Page Cache Flush                                  0 / 0                 0 / 0                 0 / 0                 0 / 0           MB/s
[50.063s][info][gc,stats    ]      Memory: Page Cache Hit L1                               210 / 330             131 / 330             131 / 330             131 / 330         ops/s
[50.063s][info][gc,stats    ]      Memory: Page Cache Hit L2                                 0 / 0                 0 / 0                 0 / 0                 0 / 0           ops/s
[50.063s][info][gc,stats    ]      Memory: Page Cache Hit L3                                 0 / 0                 6 / 84                6 / 84                6 / 84          ops/s
[50.063s][info][gc,stats    ]      Memory: Page Cache Miss                                   0 / 0                 0 / 1                 0 / 1                 0 / 1           ops/s
[50.063s][info][gc,stats    ]      Memory: Uncommit                                          0 / 0                 0 / 0                 0 / 0                 0 / 0           MB/s
[50.063s][info][gc,stats    ]      Memory: Undo Object Allocation Failed                     0 / 0                 0 / 0                 0 / 0                 0 / 0           ops/s
[50.063s][info][gc,stats    ]      Memory: Undo Object Allocation Succeeded                  0 / 3                 0 / 4                 0 / 4                 0 / 4           ops/s
[50.063s][info][gc,stats    ]      Memory: Undo Page Allocation                              0 / 0                 0 / 0                 0 / 0                 0 / 0           ops/s
[50.063s][info][gc,stats    ]       Phase: Concurrent Mark                              18.021 / 47.087       16.136 / 47.087       16.136 / 47.087       16.136 / 47.087      ms
[50.063s][info][gc,stats    ]       Phase: Concurrent Mark Continue                      0.000 / 0.000         0.000 / 0.000         0.000 / 0.000         0.000 / 0.000       ms
[50.063s][info][gc,stats    ]       Phase: Concurrent Mark Free                          0.001 / 0.002         0.001 / 0.003         0.001 / 0.003         0.001 / 0.003       ms
[50.063s][info][gc,stats    ]       Phase: Concurrent Process Non-Strong References      2.855 / 3.237         2.597 / 3.237         2.597 / 3.237         2.597 / 3.237       ms
[50.063s][info][gc,stats    ]       Phase: Concurrent Relocate                           2.003 / 3.800         1.976 / 5.221         1.976 / 5.221         1.976 / 5.221       ms
[50.063s][info][gc,stats    ]       Phase: Concurrent Reset Relocation Set               0.005 / 0.007         0.004 / 0.009         0.004 / 0.009         0.004 / 0.009       ms
[50.063s][info][gc,stats    ]       Phase: Concurrent Select Relocation Set              1.685 / 2.005         1.865 / 8.199         1.865 / 8.199         1.865 / 8.199       ms
[50.063s][info][gc,stats    ]       Phase: Pause Mark End                                0.015 / 0.023         0.017 / 0.037         0.017 / 0.037         0.017 / 0.037       ms
[50.063s][info][gc,stats    ]       Phase: Pause Mark Start                              0.008 / 0.010         0.009 / 0.012         0.009 / 0.012         0.009 / 0.012       ms
[50.063s][info][gc,stats    ]       Phase: Pause Relocate Start                          0.010 / 0.018         0.009 / 0.018         0.009 / 0.018         0.009 / 0.018       ms
[50.063s][info][gc,stats    ]    Subphase: Concurrent Classes Purge                      0.154 / 0.352         0.124 / 0.352         0.124 / 0.352         0.124 / 0.352       ms
[50.063s][info][gc,stats    ]    Subphase: Concurrent Classes Unlink                     2.133 / 2.419         1.917 / 2.419         1.917 / 2.419         1.917 / 2.419       ms
[50.063s][info][gc,stats    ]    Subphase: Concurrent Mark                              12.185 / 46.461       10.012 / 46.461       10.012 / 46.461       10.012 / 46.461      ms
[50.063s][info][gc,stats    ]    Subphase: Concurrent Mark Try Flush                     1.362 / 27.849        0.407 / 27.849        0.407 / 27.849        0.407 / 27.849      ms
[50.063s][info][gc,stats    ]    Subphase: Concurrent Mark Try Terminate                 4.349 / 15.793        3.954 / 16.199        3.954 / 16.199        3.954 / 16.199      ms
[50.063s][info][gc,stats    ]    Subphase: Concurrent References Enqueue                 0.004 / 0.008         0.004 / 0.009         0.004 / 0.009         0.004 / 0.009       ms
[50.063s][info][gc,stats    ]    Subphase: Concurrent References Process                 0.105 / 0.144         0.107 / 0.144         0.107 / 0.144         0.107 / 0.144       ms
[50.063s][info][gc,stats    ]    Subphase: Concurrent Roots ClassLoaderDataGraph         0.094 / 0.265         0.090 / 0.265         0.090 / 0.265         0.090 / 0.265       ms
[50.063s][info][gc,stats    ]    Subphase: Concurrent Roots CodeCache                    0.000 / 0.000         0.000 / 0.000         0.000 / 0.000         0.000 / 0.000       ms
[50.063s][info][gc,stats    ]    Subphase: Concurrent Roots JavaThreads                  0.319 / 1.032         0.336 / 1.032         0.336 / 1.032         0.336 / 1.032       ms
[50.063s][info][gc,stats    ]    Subphase: Concurrent Roots OopStorageSet                0.021 / 0.043         0.023 / 0.074         0.023 / 0.074         0.023 / 0.074       ms
[50.063s][info][gc,stats    ]    Subphase: Concurrent Weak Roots OopStorageSet           0.284 / 0.381         0.266 / 0.392         0.266 / 0.392         0.266 / 0.392       ms
[50.063s][info][gc,stats    ]    Subphase: Pause Mark Try Complete                       0.000 / 0.000         0.000 / 0.000         0.000 / 0.000         0.000 / 0.000       ms
[50.063s][info][gc,stats    ]      System: Java Threads                                     12 / 13               12 / 14               12 / 14               12 / 14          threads
[50.063s][info][gc,stats    ] =========================================================================================================================================================
[51.476s][info][gc,start    ] GC(30) Garbage Collection (Allocation Rate)
[51.476s][info][gc,task     ] GC(30) Using 1 workers
[51.476s][info][gc,phases   ] GC(30) Pause Mark Start 0.010ms
[51.485s][info][gc,phases   ] GC(30) Concurrent Mark 8.511ms
[51.485s][info][gc,phases   ] GC(30) Pause Mark End 0.014ms
[51.485s][info][gc,phases   ] GC(30) Concurrent Mark Free 0.001ms
[51.490s][info][gc,phases   ] GC(30) Concurrent Process Non-Strong References 5.176ms
[51.490s][info][gc,phases   ] GC(30) Concurrent Reset Relocation Set 0.009ms
[51.492s][info][gc,phases   ] GC(30) Concurrent Select Relocation Set 1.627ms
[51.492s][info][gc,phases   ] GC(30) Pause Relocate Start 0.011ms
[51.494s][info][gc,phases   ] GC(30) Concurrent Relocate 2.294ms
[51.494s][info][gc,load     ] GC(30) Load: 0.00/0.00/0.00
[51.495s][info][gc,mmu      ] GC(30) MMU: 2ms/98.2%, 5ms/99.3%, 10ms/99.6%, 20ms/99.8%, 50ms/99.9%, 100ms/100.0%
[51.495s][info][gc,marking  ] GC(30) Mark: 1 stripe(s), 2 proactive flush(es), 1 terminate flush(es), 0 completion(s), 0 continuation(s) 
[51.495s][info][gc,marking  ] GC(30) Mark Stack Usage: 32M
[51.495s][info][gc,nmethod  ] GC(30) NMethods: 2910 registered, 0 unregistered
[51.495s][info][gc,metaspace] GC(30) Metaspace: 9M used, 9M committed, 1088M reserved
[51.495s][info][gc,ref      ] GC(30) Soft: 402 encountered, 0 discovered, 0 enqueued
[51.495s][info][gc,ref      ] GC(30) Weak: 714 encountered, 429 discovered, 0 enqueued
[51.495s][info][gc,ref      ] GC(30) Final: 3 encountered, 0 discovered, 0 enqueued
[51.495s][info][gc,ref      ] GC(30) Phantom: 39 encountered, 29 discovered, 0 enqueued
[51.495s][info][gc,reloc    ] GC(30) Small Pages: 356 / 712M, Empty: 292M, Relocated: 8M, In-Place: 0
[51.495s][info][gc,reloc    ] GC(30) Medium Pages: 3 / 96M, Empty: 32M, Relocated: 7M, In-Place: 0
[51.495s][info][gc,reloc    ] GC(30) Large Pages: 2 / 12M, Empty: 6M, Relocated: 0M, In-Place: 0
[51.495s][info][gc,reloc    ] GC(30) Forwarding Usage: 0M
[51.495s][info][gc,heap     ] GC(30) Min Capacity: 1024M(100%)
[51.495s][info][gc,heap     ] GC(30) Max Capacity: 1024M(100%)
[51.495s][info][gc,heap     ] GC(30) Soft Max Capacity: 1024M(100%)
[51.495s][info][gc,heap     ] GC(30)                Mark Start          Mark End        Relocate Start      Relocate End           High               Low         
[51.495s][info][gc,heap     ] GC(30)  Capacity:     1024M (100%)       1024M (100%)       1024M (100%)       1024M (100%)       1024M (100%)       1024M (100%)   
[51.495s][info][gc,heap     ] GC(30)      Free:      204M (20%)         204M (20%)         534M (52%)         938M (92%)         938M (92%)         204M (20%)    
[51.495s][info][gc,heap     ] GC(30)      Used:      820M (80%)         820M (80%)         490M (48%)          86M (8%)          820M (80%)          86M (8%)     
[51.495s][info][gc,heap     ] GC(30)      Live:         -                25M (3%)           25M (3%)           25M (3%)             -                  -          
[51.495s][info][gc,heap     ] GC(30) Allocated:         -                 0M (0%)            0M (0%)           32M (3%)             -                  -          
[51.495s][info][gc,heap     ] GC(30)   Garbage:         -               794M (78%)         464M (45%)          27M (3%)             -                  -          
[51.495s][info][gc,heap     ] GC(30) Reclaimed:         -                  -               330M (32%)         766M (75%)            -                  -          
[51.495s][info][gc          ] GC(30) Garbage Collection (Allocation Rate) 820M(80%)->86M(8%)
[53.079s][info][gc,start    ] GC(31) Garbage Collection (Allocation Rate)
[53.079s][info][gc,task     ] GC(31) Using 1 workers
[53.079s][info][gc,phases   ] GC(31) Pause Mark Start 0.011ms
[53.087s][info][gc,phases   ] GC(31) Concurrent Mark 7.729ms
[53.087s][info][gc,phases   ] GC(31) Pause Mark End 0.017ms
[53.087s][info][gc,phases   ] GC(31) Concurrent Mark Free 0.001ms
[53.092s][info][gc,phases   ] GC(31) Concurrent Process Non-Strong References 5.183ms
[53.092s][info][gc,phases   ] GC(31) Concurrent Reset Relocation Set 0.008ms
[53.094s][info][gc,phases   ] GC(31) Concurrent Select Relocation Set 1.745ms
[53.094s][info][gc,phases   ] GC(31) Pause Relocate Start 0.011ms
[53.097s][info][gc,phases   ] GC(31) Concurrent Relocate 2.241ms
[53.097s][info][gc,load     ] GC(31) Load: 0.00/0.00/0.00
[53.097s][info][gc,mmu      ] GC(31) MMU: 2ms/98.2%, 5ms/99.3%, 10ms/99.6%, 20ms/99.8%, 50ms/99.9%, 100ms/100.0%
[53.097s][info][gc,marking  ] GC(31) Mark: 1 stripe(s), 2 proactive flush(es), 1 terminate flush(es), 0 completion(s), 0 continuation(s) 
[53.097s][info][gc,marking  ] GC(31) Mark Stack Usage: 32M
[53.097s][info][gc,nmethod  ] GC(31) NMethods: 2944 registered, 0 unregistered
[53.097s][info][gc,metaspace] GC(31) Metaspace: 9M used, 9M committed, 1088M reserved
[53.097s][info][gc,ref      ] GC(31) Soft: 402 encountered, 0 discovered, 0 enqueued
[53.097s][info][gc,ref      ] GC(31) Weak: 717 encountered, 429 discovered, 0 enqueued
[53.097s][info][gc,ref      ] GC(31) Final: 3 encountered, 0 discovered, 0 enqueued
[53.097s][info][gc,ref      ] GC(31) Phantom: 50 encountered, 32 discovered, 1 enqueued
[53.097s][info][gc,reloc    ] GC(31) Small Pages: 409 / 818M, Empty: 690M, Relocated: 3M, In-Place: 0
[53.097s][info][gc,reloc    ] GC(31) Medium Pages: 2 / 64M, Empty: 64M, Relocated: 0M, In-Place: 0
[53.097s][info][gc,reloc    ] GC(31) Large Pages: 1 / 6M, Empty: 6M, Relocated: 0M, In-Place: 0
[53.097s][info][gc,reloc    ] GC(31) Forwarding Usage: 0M
[53.097s][info][gc,heap     ] GC(31) Min Capacity: 1024M(100%)
[53.097s][info][gc,heap     ] GC(31) Max Capacity: 1024M(100%)
[53.097s][info][gc,heap     ] GC(31) Soft Max Capacity: 1024M(100%)
[53.097s][info][gc,heap     ] GC(31)                Mark Start          Mark End        Relocate Start      Relocate End           High               Low         
[53.097s][info][gc,heap     ] GC(31)  Capacity:     1024M (100%)       1024M (100%)       1024M (100%)       1024M (100%)       1024M (100%)       1024M (100%)   
[53.097s][info][gc,heap     ] GC(31)      Free:      136M (13%)         130M (13%)         886M (87%)        1006M (98%)        1008M (98%)         126M (12%)    
[53.097s][info][gc,heap     ] GC(31)      Used:      888M (87%)         894M (87%)         138M (13%)          18M (2%)          898M (88%)          16M (2%)     
[53.097s][info][gc,heap     ] GC(31)      Live:         -                 5M (0%)            5M (0%)            5M (0%)             -                  -          
[53.097s][info][gc,heap     ] GC(31) Allocated:         -                 6M (1%)           10M (1%)           11M (1%)             -                  -          
[53.097s][info][gc,heap     ] GC(31)   Garbage:         -               882M (86%)         122M (12%)           1M (0%)             -                  -          
[53.097s][info][gc,heap     ] GC(31) Reclaimed:         -                  -               760M (74%)         881M (86%)            -                  -          
[53.097s][info][gc          ] GC(31) Garbage Collection (Allocation Rate) 888M(87%)->18M(2%)
[53.307s][info][gc,start    ] GC(32) Garbage Collection (System.gc())
[53.307s][info][gc,task     ] GC(32) Using 2 workers
[53.307s][info][gc,phases   ] GC(32) Pause Mark Start 0.005ms
[53.319s][info][gc,phases   ] GC(32) Concurrent Mark 11.594ms
[53.319s][info][gc,phases   ] GC(32) Pause Mark End 0.026ms
[53.319s][info][gc,phases   ] GC(32) Concurrent Mark Free 0.001ms
[53.322s][info][gc,phases   ] GC(32) Concurrent Process Non-Strong References 2.867ms
[53.322s][info][gc,phases   ] GC(32) Concurrent Reset Relocation Set 0.003ms
[53.324s][info][gc,phases   ] GC(32) Concurrent Select Relocation Set 1.250ms
[53.324s][info][gc,phases   ] GC(32) Pause Relocate Start 0.008ms
[53.325s][info][gc,phases   ] GC(32) Concurrent Relocate 1.026ms
[53.325s][info][gc,load     ] GC(32) Load: 0.00/0.00/0.00
[53.325s][info][gc,mmu      ] GC(32) MMU: 2ms/98.2%, 5ms/99.3%, 10ms/99.6%, 20ms/99.8%, 50ms/99.9%, 100ms/100.0%
[53.325s][info][gc,marking  ] GC(32) Mark: 2 stripe(s), 1 proactive flush(es), 1 terminate flush(es), 0 completion(s), 0 continuation(s) 
[53.325s][info][gc,marking  ] GC(32) Mark Stack Usage: 32M
[53.325s][info][gc,nmethod  ] GC(32) NMethods: 2951 registered, 0 unregistered
[53.325s][info][gc,metaspace] GC(32) Metaspace: 9M used, 9M committed, 1088M reserved
[53.325s][info][gc,ref      ] GC(32) Soft: 402 encountered, 0 discovered, 0 enqueued
[53.325s][info][gc,ref      ] GC(32) Weak: 712 encountered, 388 discovered, 2 enqueued
[53.325s][info][gc,ref      ] GC(32) Final: 3 encountered, 3 discovered, 0 enqueued
[53.325s][info][gc,ref      ] GC(32) Phantom: 26 encountered, 19 discovered, 0 enqueued
[53.325s][info][gc,reloc    ] GC(32) Small Pages: 93 / 186M, Empty: 176M, Relocated: 1M, In-Place: 0
[53.325s][info][gc,reloc    ] GC(32) Medium Pages: 0 / 0M, Empty: 0M, Relocated: 0M, In-Place: 0
[53.325s][info][gc,reloc    ] GC(32) Large Pages: 0 / 0M, Empty: 0M, Relocated: 0M, In-Place: 0
[53.325s][info][gc,reloc    ] GC(32) Forwarding Usage: 0M
[53.325s][info][gc,heap     ] GC(32) Min Capacity: 1024M(100%)
[53.325s][info][gc,heap     ] GC(32) Max Capacity: 1024M(100%)
[53.325s][info][gc,heap     ] GC(32) Soft Max Capacity: 1024M(100%)
[53.325s][info][gc,heap     ] GC(32)                Mark Start          Mark End        Relocate Start      Relocate End           High               Low         
[53.325s][info][gc,heap     ] GC(32)  Capacity:     1024M (100%)       1024M (100%)       1024M (100%)       1024M (100%)       1024M (100%)       1024M (100%)   
[53.325s][info][gc,heap     ] GC(32)      Free:      838M (82%)         838M (82%)        1014M (99%)        1016M (99%)        1016M (99%)         838M (82%)    
[53.325s][info][gc,heap     ] GC(32)      Used:      186M (18%)         186M (18%)          10M (1%)            8M (1%)          186M (18%)           8M (1%)     
[53.325s][info][gc,heap     ] GC(32)      Live:         -                 4M (0%)            4M (0%)            4M (0%)             -                  -          
[53.325s][info][gc,heap     ] GC(32) Allocated:         -                 0M (0%)            0M (0%)            0M (0%)             -                  -          
[53.325s][info][gc,heap     ] GC(32)   Garbage:         -               181M (18%)           5M (1%)            3M (0%)             -                  -          
[53.325s][info][gc,heap     ] GC(32) Reclaimed:         -                  -               176M (17%)         178M (17%)            -                  -          
[53.325s][info][gc          ] GC(32) Garbage Collection (System.gc()) 186M(18%)->8M(1%)
[55.269s][info][gc,start    ] GC(33) Garbage Collection (Proactive)
[55.269s][info][gc,task     ] GC(33) Using 2 workers
[55.269s][info][gc,phases   ] GC(33) Pause Mark Start 0.008ms
[55.285s][info][gc,phases   ] GC(33) Concurrent Mark 15.738ms
[55.285s][info][gc,phases   ] GC(33) Pause Mark End 0.019ms
[55.285s][info][gc,phases   ] GC(33) Concurrent Mark Free 0.001ms
[55.288s][info][gc,phases   ] GC(33) Concurrent Process Non-Strong References 2.799ms
[55.288s][info][gc,phases   ] GC(33) Concurrent Reset Relocation Set 0.001ms
[55.290s][info][gc,phases   ] GC(33) Concurrent Select Relocation Set 1.729ms
[55.290s][info][gc,phases   ] GC(33) Pause Relocate Start 0.008ms
[55.290s][info][gc,phases   ] GC(33) Concurrent Relocate 0.242ms
[55.290s][info][gc,load     ] GC(33) Load: 0.00/0.00/0.00
[55.290s][info][gc,mmu      ] GC(33) MMU: 2ms/98.2%, 5ms/99.3%, 10ms/99.6%, 20ms/99.8%, 50ms/99.9%, 100ms/100.0%
[55.290s][info][gc,marking  ] GC(33) Mark: 2 stripe(s), 2 proactive flush(es), 1 terminate flush(es), 0 completion(s), 0 continuation(s) 
[55.290s][info][gc,marking  ] GC(33) Mark Stack Usage: 32M
[55.290s][info][gc,nmethod  ] GC(33) NMethods: 2960 registered, 0 unregistered
[55.290s][info][gc,metaspace] GC(33) Metaspace: 9M used, 9M committed, 1088M reserved
[55.290s][info][gc,ref      ] GC(33) Soft: 402 encountered, 0 discovered, 0 enqueued
[55.290s][info][gc,ref      ] GC(33) Weak: 714 encountered, 153 discovered, 0 enqueued
[55.290s][info][gc,ref      ] GC(33) Final: 3 encountered, 1 discovered, 0 enqueued
[55.290s][info][gc,ref      ] GC(33) Phantom: 40 encountered, 36 discovered, 1 enqueued
[55.290s][info][gc,reloc    ] GC(33) Small Pages: 356 / 712M, Empty: 670M, Relocated: 1M, In-Place: 0
[55.290s][info][gc,reloc    ] GC(33) Medium Pages: 2 / 64M, Empty: 32M, Relocated: 0M, In-Place: 0
[55.290s][info][gc,reloc    ] GC(33) Large Pages: 1 / 6M, Empty: 6M, Relocated: 0M, In-Place: 0
[55.290s][info][gc,reloc    ] GC(33) Forwarding Usage: 0M
[55.290s][info][gc,heap     ] GC(33) Min Capacity: 1024M(100%)
[55.290s][info][gc,heap     ] GC(33) Max Capacity: 1024M(100%)
[55.290s][info][gc,heap     ] GC(33) Soft Max Capacity: 1024M(100%)
[55.290s][info][gc,heap     ] GC(33)                Mark Start          Mark End        Relocate Start      Relocate End           High               Low         
[55.290s][info][gc,heap     ] GC(33)  Capacity:     1024M (100%)       1024M (100%)       1024M (100%)       1024M (100%)       1024M (100%)       1024M (100%)   
[55.290s][info][gc,heap     ] GC(33)      Free:      242M (24%)         234M (23%)         908M (89%)         940M (92%)         940M (92%)         234M (23%)    
[55.290s][info][gc,heap     ] GC(33)      Used:      782M (76%)         790M (77%)         116M (11%)          84M (8%)          790M (77%)          84M (8%)     
[55.290s][info][gc,heap     ] GC(33)      Live:         -                 6M (1%)            6M (1%)            6M (1%)             -                  -          
[55.290s][info][gc,heap     ] GC(33) Allocated:         -                 8M (1%)           42M (4%)           41M (4%)             -                  -          
[55.290s][info][gc,heap     ] GC(33)   Garbage:         -               775M (76%)          67M (7%)           36M (4%)             -                  -          
[55.290s][info][gc,heap     ] GC(33) Reclaimed:         -                  -               708M (69%)         739M (72%)            -                  -          
[55.290s][info][gc          ] GC(33) Garbage Collection (Proactive) 782M(76%)->84M(8%)
[56.963s][info][gc,start    ] GC(34) Garbage Collection (Proactive)
[56.963s][info][gc,task     ] GC(34) Using 2 workers
[56.963s][info][gc,phases   ] GC(34) Pause Mark Start 0.008ms
[56.979s][info][gc,phases   ] GC(34) Concurrent Mark 15.806ms
[56.979s][info][gc,phases   ] GC(34) Pause Mark End 0.014ms
[56.980s][info][gc,phases   ] GC(34) Concurrent Mark Free 0.002ms
[56.982s][info][gc,phases   ] GC(34) Concurrent Process Non-Strong References 2.744ms
[56.982s][info][gc,phases   ] GC(34) Concurrent Reset Relocation Set 0.002ms
[56.984s][info][gc,phases   ] GC(34) Concurrent Select Relocation Set 1.768ms
[56.984s][info][gc,phases   ] GC(34) Pause Relocate Start 0.009ms
[56.986s][info][gc,phases   ] GC(34) Concurrent Relocate 1.195ms
[56.986s][info][gc,load     ] GC(34) Load: 0.00/0.00/0.00
[56.986s][info][gc,mmu      ] GC(34) MMU: 2ms/98.2%, 5ms/99.3%, 10ms/99.6%, 20ms/99.8%, 50ms/99.9%, 100ms/100.0%
[56.986s][info][gc,marking  ] GC(34) Mark: 2 stripe(s), 3 proactive flush(es), 1 terminate flush(es), 0 completion(s), 0 continuation(s) 
[56.986s][info][gc,marking  ] GC(34) Mark Stack Usage: 32M
[56.986s][info][gc,nmethod  ] GC(34) NMethods: 2962 registered, 0 unregistered
[56.986s][info][gc,metaspace] GC(34) Metaspace: 9M used, 9M committed, 1088M reserved
[56.986s][info][gc,ref      ] GC(34) Soft: 402 encountered, 0 discovered, 0 enqueued
[56.986s][info][gc,ref      ] GC(34) Weak: 714 encountered, 288 discovered, 0 enqueued
[56.986s][info][gc,ref      ] GC(34) Final: 3 encountered, 1 discovered, 0 enqueued
[56.986s][info][gc,ref      ] GC(34) Phantom: 41 encountered, 22 discovered, 0 enqueued
[56.986s][info][gc,reloc    ] GC(34) Small Pages: 288 / 576M, Empty: 128M, Relocated: 8M, In-Place: 0
[56.986s][info][gc,reloc    ] GC(34) Medium Pages: 3 / 96M, Empty: 64M, Relocated: 0M, In-Place: 0
[56.986s][info][gc,reloc    ] GC(34) Large Pages: 1 / 6M, Empty: 0M, Relocated: 0M, In-Place: 0
[56.986s][info][gc,reloc    ] GC(34) Forwarding Usage: 0M
[56.986s][info][gc,heap     ] GC(34) Min Capacity: 1024M(100%)
[56.986s][info][gc,heap     ] GC(34) Max Capacity: 1024M(100%)
[56.986s][info][gc,heap     ] GC(34) Soft Max Capacity: 1024M(100%)
[56.986s][info][gc,heap     ] GC(34)                Mark Start          Mark End        Relocate Start      Relocate End           High               Low         
[56.986s][info][gc,heap     ] GC(34)  Capacity:     1024M (100%)       1024M (100%)       1024M (100%)       1024M (100%)       1024M (100%)       1024M (100%)   
[56.986s][info][gc,heap     ] GC(34)      Free:      346M (34%)         334M (33%)         522M (51%)         954M (93%)         954M (93%)         332M (32%)    
[56.986s][info][gc,heap     ] GC(34)      Used:      678M (66%)         690M (67%)         502M (49%)          70M (7%)          692M (68%)          70M (7%)     
[56.986s][info][gc,heap     ] GC(34)      Live:         -                23M (2%)           23M (2%)           23M (2%)             -                  -          
[56.986s][info][gc,heap     ] GC(34) Allocated:         -                12M (1%)           16M (2%)           15M (1%)             -                  -          
[56.986s][info][gc,heap     ] GC(34)   Garbage:         -               654M (64%)         462M (45%)          30M (3%)             -                  -          
[56.986s][info][gc,heap     ] GC(34) Reclaimed:         -                  -               192M (19%)         623M (61%)            -                  -          
[56.986s][info][gc          ] GC(34) Garbage Collection (Proactive) 678M(66%)->70M(7%)
[58.363s][info][gc,start    ] GC(35) Garbage Collection (Allocation Rate)
[58.363s][info][gc,task     ] GC(35) Using 1 workers
[58.363s][info][gc,phases   ] GC(35) Pause Mark Start 0.008ms
[58.371s][info][gc,phases   ] GC(35) Concurrent Mark 7.121ms
[58.371s][info][gc,phases   ] GC(35) Pause Mark End 0.015ms
[58.371s][info][gc,phases   ] GC(35) Concurrent Mark Free 0.001ms
[58.375s][info][gc,phases   ] GC(35) Concurrent Process Non-Strong References 4.532ms
[58.375s][info][gc,phases   ] GC(35) Concurrent Reset Relocation Set 0.007ms
[58.378s][info][gc,phases   ] GC(35) Concurrent Select Relocation Set 2.137ms
[58.378s][info][gc,phases   ] GC(35) Pause Relocate Start 0.007ms
[58.379s][info][gc,phases   ] GC(35) Concurrent Relocate 1.636ms
[58.379s][info][gc,load     ] GC(35) Load: 0.00/0.00/0.00
[58.379s][info][gc,mmu      ] GC(35) MMU: 2ms/98.2%, 5ms/99.3%, 10ms/99.6%, 20ms/99.8%, 50ms/99.9%, 100ms/100.0%
[58.379s][info][gc,marking  ] GC(35) Mark: 1 stripe(s), 2 proactive flush(es), 1 terminate flush(es), 0 completion(s), 0 continuation(s) 
[58.379s][info][gc,marking  ] GC(35) Mark Stack Usage: 32M
[58.379s][info][gc,nmethod  ] GC(35) NMethods: 2993 registered, 0 unregistered
[58.379s][info][gc,metaspace] GC(35) Metaspace: 9M used, 9M committed, 1088M reserved
[58.379s][info][gc,ref      ] GC(35) Soft: 402 encountered, 0 discovered, 0 enqueued
[58.379s][info][gc,ref      ] GC(35) Weak: 717 encountered, 429 discovered, 0 enqueued
[58.379s][info][gc,ref      ] GC(35) Final: 3 encountered, 0 discovered, 0 enqueued
[58.379s][info][gc,ref      ] GC(35) Phantom: 50 encountered, 32 discovered, 1 enqueued
[58.379s][info][gc,reloc    ] GC(35) Small Pages: 425 / 850M, Empty: 688M, Relocated: 1M, In-Place: 0
[58.379s][info][gc,reloc    ] GC(35) Medium Pages: 2 / 64M, Empty: 64M, Relocated: 0M, In-Place: 0
[58.380s][info][gc,reloc    ] GC(35) Large Pages: 1 / 6M, Empty: 6M, Relocated: 0M, In-Place: 0
[58.380s][info][gc,reloc    ] GC(35) Forwarding Usage: 0M
[58.380s][info][gc,heap     ] GC(35) Min Capacity: 1024M(100%)
[58.380s][info][gc,heap     ] GC(35) Max Capacity: 1024M(100%)
[58.380s][info][gc,heap     ] GC(35) Soft Max Capacity: 1024M(100%)
[58.380s][info][gc,heap     ] GC(35)                Mark Start          Mark End        Relocate Start      Relocate End           High               Low         
[58.380s][info][gc,heap     ] GC(35)  Capacity:     1024M (100%)       1024M (100%)       1024M (100%)       1024M (100%)       1024M (100%)       1024M (100%)   
[58.380s][info][gc,heap     ] GC(35)      Free:      104M (10%)          98M (10%)         854M (83%)        1010M (99%)        1010M (99%)          96M (9%)     
[58.380s][info][gc,heap     ] GC(35)      Used:      920M (90%)         926M (90%)         170M (17%)          14M (1%)          928M (91%)          14M (1%)     
[58.380s][info][gc,heap     ] GC(35)      Live:         -                 5M (0%)            5M (0%)            5M (0%)             -                  -          
[58.380s][info][gc,heap     ] GC(35) Allocated:         -                 6M (1%)            8M (1%)            7M (1%)             -                  -          
[58.380s][info][gc,heap     ] GC(35)   Garbage:         -               914M (89%)         156M (15%)           0M (0%)             -                  -          
[58.380s][info][gc,heap     ] GC(35) Reclaimed:         -                  -               758M (74%)         913M (89%)            -                  -          
[58.380s][info][gc          ] GC(35) Garbage Collection (Allocation Rate) 920M(90%)->14M(1%)
[58.414s][info][gc,start    ] GC(36) Garbage Collection (System.gc())
[58.414s][info][gc,task     ] GC(36) Using 2 workers
[58.414s][info][gc,phases   ] GC(36) Pause Mark Start 0.006ms
[58.426s][info][gc,phases   ] GC(36) Concurrent Mark 11.997ms
[58.426s][info][gc,phases   ] GC(36) Pause Mark End 0.014ms
[58.426s][info][gc,phases   ] GC(36) Concurrent Mark Free 0.002ms
[58.430s][info][gc,phases   ] GC(36) Concurrent Process Non-Strong References 3.209ms
[58.430s][info][gc,phases   ] GC(36) Concurrent Reset Relocation Set 0.003ms
[58.431s][info][gc,phases   ] GC(36) Concurrent Select Relocation Set 1.244ms
[58.431s][info][gc,phases   ] GC(36) Pause Relocate Start 0.009ms
[58.432s][info][gc,phases   ] GC(36) Concurrent Relocate 0.964ms
[58.432s][info][gc,load     ] GC(36) Load: 0.00/0.00/0.00
[58.432s][info][gc,mmu      ] GC(36) MMU: 2ms/98.2%, 5ms/99.3%, 10ms/99.6%, 20ms/99.8%, 50ms/99.9%, 100ms/99.9%
[58.432s][info][gc,marking  ] GC(36) Mark: 2 stripe(s), 1 proactive flush(es), 1 terminate flush(es), 0 completion(s), 0 continuation(s) 
[58.432s][info][gc,marking  ] GC(36) Mark Stack Usage: 32M
[58.432s][info][gc,nmethod  ] GC(36) NMethods: 2997 registered, 0 unregistered
[58.432s][info][gc,metaspace] GC(36) Metaspace: 9M used, 9M committed, 1088M reserved
[58.432s][info][gc,ref      ] GC(36) Soft: 403 encountered, 0 discovered, 0 enqueued
[58.432s][info][gc,ref      ] GC(36) Weak: 713 encountered, 429 discovered, 2 enqueued
[58.432s][info][gc,ref      ] GC(36) Final: 3 encountered, 3 discovered, 0 enqueued
[58.432s][info][gc,ref      ] GC(36) Phantom: 26 encountered, 14 discovered, 0 enqueued
[58.432s][info][gc,reloc    ] GC(36) Small Pages: 15 / 30M, Empty: 16M, Relocated: 1M, In-Place: 0
[58.432s][info][gc,reloc    ] GC(36) Medium Pages: 0 / 0M, Empty: 0M, Relocated: 0M, In-Place: 0
[58.432s][info][gc,reloc    ] GC(36) Large Pages: 0 / 0M, Empty: 0M, Relocated: 0M, In-Place: 0
[58.432s][info][gc,reloc    ] GC(36) Forwarding Usage: 0M
[58.432s][info][gc,heap     ] GC(36) Min Capacity: 1024M(100%)
[58.432s][info][gc,heap     ] GC(36) Max Capacity: 1024M(100%)
[58.432s][info][gc,heap     ] GC(36) Soft Max Capacity: 1024M(100%)
[58.432s][info][gc,heap     ] GC(36)                Mark Start          Mark End        Relocate Start      Relocate End           High               Low         
[58.432s][info][gc,heap     ] GC(36)  Capacity:     1024M (100%)       1024M (100%)       1024M (100%)       1024M (100%)       1024M (100%)       1024M (100%)   
[58.432s][info][gc,heap     ] GC(36)      Free:      994M (97%)         994M (97%)        1010M (99%)        1016M (99%)        1016M (99%)         994M (97%)    
[58.432s][info][gc,heap     ] GC(36)      Used:       30M (3%)           30M (3%)           14M (1%)            8M (1%)           30M (3%)            8M (1%)     
[58.432s][info][gc,heap     ] GC(36)      Live:         -                 4M (0%)            4M (0%)            4M (0%)             -                  -          
[58.432s][info][gc,heap     ] GC(36) Allocated:         -                 0M (0%)            0M (0%)            0M (0%)             -                  -          
[58.432s][info][gc,heap     ] GC(36)   Garbage:         -                25M (2%)            9M (1%)            3M (0%)             -                  -          
[58.432s][info][gc,heap     ] GC(36) Reclaimed:         -                  -                16M (2%)           22M (2%)             -                  -          
[58.432s][info][gc          ] GC(36) Garbage Collection (System.gc()) 30M(3%)->8M(1%)
[59.967s][info][gc,start    ] GC(37) Garbage Collection (Proactive)
[59.967s][info][gc,task     ] GC(37) Using 2 workers
[59.967s][info][gc,phases   ] GC(37) Pause Mark Start 0.008ms
[59.983s][info][gc,phases   ] GC(37) Concurrent Mark 15.762ms
[59.983s][info][gc,phases   ] GC(37) Pause Mark End 0.019ms
[59.983s][info][gc,phases   ] GC(37) Concurrent Mark Free 0.002ms
[59.987s][info][gc,phases   ] GC(37) Concurrent Process Non-Strong References 3.937ms
[59.987s][info][gc,phases   ] GC(37) Concurrent Reset Relocation Set 0.001ms
[59.989s][info][gc,phases   ] GC(37) Concurrent Select Relocation Set 2.146ms
[59.989s][info][gc,phases   ] GC(37) Pause Relocate Start 0.010ms
[59.992s][info][gc,phases   ] GC(37) Concurrent Relocate 2.139ms
[59.992s][info][gc,load     ] GC(37) Load: 0.00/0.00/0.00
[59.992s][info][gc,mmu      ] GC(37) MMU: 2ms/98.2%, 5ms/99.3%, 10ms/99.6%, 20ms/99.8%, 50ms/99.9%, 100ms/99.9%
[59.992s][info][gc,marking  ] GC(37) Mark: 2 stripe(s), 2 proactive flush(es), 1 terminate flush(es), 0 completion(s), 0 continuation(s) 
[59.992s][info][gc,marking  ] GC(37) Mark Stack Usage: 32M
[59.992s][info][gc,nmethod  ] GC(37) NMethods: 3002 registered, 0 unregistered
[59.992s][info][gc,metaspace] GC(37) Metaspace: 9M used, 9M committed, 1088M reserved
[59.992s][info][gc,ref      ] GC(37) Soft: 403 encountered, 0 discovered, 0 enqueued
[59.992s][info][gc,ref      ] GC(37) Weak: 715 encountered, 440 discovered, 0 enqueued
[59.992s][info][gc,ref      ] GC(37) Final: 3 encountered, 1 discovered, 0 enqueued
[59.992s][info][gc,ref      ] GC(37) Phantom: 34 encountered, 27 discovered, 0 enqueued
[59.992s][info][gc,reloc    ] GC(37) Small Pages: 225 / 450M, Empty: 56M, Relocated: 10M, In-Place: 0
[59.992s][info][gc,reloc    ] GC(37) Medium Pages: 2 / 64M, Empty: 32M, Relocated: 0M, In-Place: 0
[59.992s][info][gc,reloc    ] GC(37) Large Pages: 1 / 6M, Empty: 0M, Relocated: 0M, In-Place: 0
[59.992s][info][gc,reloc    ] GC(37) Forwarding Usage: 1M
[59.992s][info][gc,heap     ] GC(37) Min Capacity: 1024M(100%)
[59.992s][info][gc,heap     ] GC(37) Max Capacity: 1024M(100%)
[59.992s][info][gc,heap     ] GC(37) Soft Max Capacity: 1024M(100%)
[59.992s][info][gc,heap     ] GC(37)                Mark Start          Mark End        Relocate Start      Relocate End           High               Low         
[59.992s][info][gc,heap     ] GC(37)  Capacity:     1024M (100%)       1024M (100%)       1024M (100%)       1024M (100%)       1024M (100%)       1024M (100%)   
[59.992s][info][gc,heap     ] GC(37)      Free:      504M (49%)         502M (49%)         590M (58%)         972M (95%)         972M (95%)         502M (49%)    
[59.992s][info][gc,heap     ] GC(37)      Used:      520M (51%)         522M (51%)         434M (42%)          52M (5%)          522M (51%)          52M (5%)     
[59.992s][info][gc,heap     ] GC(37)      Live:         -                23M (2%)           23M (2%)           23M (2%)             -                  -          
[59.992s][info][gc,heap     ] GC(37) Allocated:         -                 2M (0%)            2M (0%)            1M (0%)             -                  -          
[59.992s][info][gc,heap     ] GC(37)   Garbage:         -               496M (49%)         408M (40%)          27M (3%)             -                  -          
[59.992s][info][gc,heap     ] GC(37) Reclaimed:         -                  -                88M (9%)          469M (46%)            -                  -          
[59.992s][info][gc          ] GC(37) Garbage Collection (Proactive) 520M(51%)->52M(5%)
[60.078s][info][gc,stats    ] === Garbage Collection Statistics =======================================================================================================================
[60.078s][info][gc,stats    ]                                                              Last 10s              Last 10m              Last 10h                Total
[60.078s][info][gc,stats    ]                                                              Avg / Max             Avg / Max             Avg / Max             Avg / Max
[60.078s][info][gc,stats    ]   Collector: Garbage Collection Cycle                     19.696 / 25.036       22.800 / 54.917       22.800 / 54.917       22.800 / 54.917      ms
[60.078s][info][gc,stats    ]  Contention: Mark Segment Reset Contention                     0 / 0                 0 / 1                 0 / 1                 0 / 1           ops/s
[60.078s][info][gc,stats    ]  Contention: Mark SeqNum Reset Contention                      0 / 1                 0 / 2                 0 / 2                 0 / 2           ops/s
[60.078s][info][gc,stats    ]    Critical: Allocation Stall                                  0 / 0                 0 / 0                 0 / 0                 0 / 0           ops/s
[60.078s][info][gc,stats    ]    Critical: Allocation Stall                              0.000 / 0.000         0.000 / 0.000         0.000 / 0.000         0.000 / 0.000       ms
[60.078s][info][gc,stats    ]    Critical: GC Locker Stall                                   0 / 0                 0 / 0                 0 / 0                 0 / 0           ops/s
[60.078s][info][gc,stats    ]    Critical: GC Locker Stall                               0.000 / 0.000         0.000 / 0.000         0.000 / 0.000         0.000 / 0.000       ms
[60.078s][info][gc,stats    ]    Critical: Relocation Stall                                  0 / 0                 0 / 0                 0 / 0                 0 / 0           ops/s
[60.078s][info][gc,stats    ]    Critical: Relocation Stall                              0.000 / 0.000         0.000 / 0.000         0.000 / 0.000         0.000 / 0.000       ms
[60.078s][info][gc,stats    ]      Memory: Allocation Rate                                 434 / 528             317 / 680             317 / 680             317 / 680         MB/s
[60.078s][info][gc,stats    ]      Memory: Out Of Memory                                     0 / 0                 0 / 0                 0 / 0                 0 / 0           ops/s
[60.078s][info][gc,stats    ]      Memory: Page Cache Flush                                  0 / 0                 0 / 0                 0 / 0                 0 / 0           MB/s
[60.078s][info][gc,stats    ]      Memory: Page Cache Hit L1                               196 / 249             142 / 330             142 / 330             142 / 330         ops/s
[60.078s][info][gc,stats    ]      Memory: Page Cache Hit L2                                 0 / 0                 0 / 0                 0 / 0                 0 / 0           ops/s
[60.078s][info][gc,stats    ]      Memory: Page Cache Hit L3                                 8 / 47                7 / 84                7 / 84                7 / 84          ops/s
[60.078s][info][gc,stats    ]      Memory: Page Cache Miss                                   0 / 0                 0 / 1                 0 / 1                 0 / 1           ops/s
[60.078s][info][gc,stats    ]      Memory: Uncommit                                          0 / 0                 0 / 0                 0 / 0                 0 / 0           MB/s
[60.078s][info][gc,stats    ]      Memory: Undo Object Allocation Failed                     0 / 0                 0 / 0                 0 / 0                 0 / 0           ops/s
[60.078s][info][gc,stats    ]      Memory: Undo Object Allocation Succeeded                  0 / 2                 0 / 4                 0 / 4                 0 / 4           ops/s
[60.078s][info][gc,stats    ]      Memory: Undo Page Allocation                              0 / 0                 0 / 0                 0 / 0                 0 / 0           ops/s
[60.078s][info][gc,stats    ]       Phase: Concurrent Mark                              11.782 / 15.806       15.219 / 47.087       15.219 / 47.087       15.219 / 47.087      ms
[60.078s][info][gc,stats    ]       Phase: Concurrent Mark Continue                      0.000 / 0.000         0.000 / 0.000         0.000 / 0.000         0.000 / 0.000       ms
[60.078s][info][gc,stats    ]       Phase: Concurrent Mark Free                          0.001 / 0.002         0.001 / 0.003         0.001 / 0.003         0.001 / 0.003       ms
[60.078s][info][gc,stats    ]       Phase: Concurrent Process Non-Strong References      3.806 / 5.183         2.851 / 5.183         2.851 / 5.183         2.851 / 5.183       ms
[60.078s][info][gc,stats    ]       Phase: Concurrent Relocate                           1.467 / 2.294         1.869 / 5.221         1.869 / 5.221         1.869 / 5.221       ms
[60.078s][info][gc,stats    ]       Phase: Concurrent Reset Relocation Set               0.004 / 0.009         0.004 / 0.009         0.004 / 0.009         0.004 / 0.009       ms
[60.078s][info][gc,stats    ]       Phase: Concurrent Select Relocation Set              1.706 / 2.146         1.832 / 8.199         1.832 / 8.199         1.832 / 8.199       ms
[60.078s][info][gc,stats    ]       Phase: Pause Mark End                                0.017 / 0.026         0.017 / 0.037         0.017 / 0.037         0.017 / 0.037       ms
[60.078s][info][gc,stats    ]       Phase: Pause Mark Start                              0.008 / 0.011         0.008 / 0.012         0.008 / 0.012         0.008 / 0.012       ms
[60.078s][info][gc,stats    ]       Phase: Pause Relocate Start                          0.009 / 0.011         0.009 / 0.018         0.009 / 0.018         0.009 / 0.018       ms
[60.078s][info][gc,stats    ]    Subphase: Concurrent Classes Purge                      0.165 / 0.253         0.133 / 0.352         0.133 / 0.352         0.133 / 0.352       ms
[60.078s][info][gc,stats    ]    Subphase: Concurrent Classes Unlink                     2.970 / 4.535         2.139 / 4.535         2.139 / 4.535         2.139 / 4.535       ms
[60.078s][info][gc,stats    ]    Subphase: Concurrent Mark                               8.096 / 15.037        9.671 / 46.461        9.671 / 46.461        9.671 / 46.461      ms
[60.078s][info][gc,stats    ]    Subphase: Concurrent Mark Try Flush                     0.100 / 0.438         0.342 / 27.849        0.342 / 27.849        0.342 / 27.849      ms
[60.078s][info][gc,stats    ]    Subphase: Concurrent Mark Try Terminate                 2.499 / 12.088        3.684 / 16.199        3.684 / 16.199        3.684 / 16.199      ms
[60.078s][info][gc,stats    ]    Subphase: Concurrent References Enqueue                 0.004 / 0.007         0.004 / 0.009         0.004 / 0.009         0.004 / 0.009       ms
[60.079s][info][gc,stats    ]    Subphase: Concurrent References Process                 0.123 / 0.156         0.110 / 0.156         0.110 / 0.156         0.110 / 0.156       ms
[60.079s][info][gc,stats    ]    Subphase: Concurrent Roots ClassLoaderDataGraph         0.103 / 0.239         0.092 / 0.265         0.092 / 0.265         0.092 / 0.265       ms
[60.079s][info][gc,stats    ]    Subphase: Concurrent Roots CodeCache                    0.000 / 0.000         0.000 / 0.000         0.000 / 0.000         0.000 / 0.000       ms
[60.079s][info][gc,stats    ]    Subphase: Concurrent Roots JavaThreads                  0.460 / 1.164         0.358 / 1.164         0.358 / 1.164         0.358 / 1.164       ms
[60.079s][info][gc,stats    ]    Subphase: Concurrent Roots OopStorageSet                0.029 / 0.058         0.024 / 0.074         0.024 / 0.074         0.024 / 0.074       ms
[60.079s][info][gc,stats    ]    Subphase: Concurrent Weak Roots OopStorageSet           0.258 / 0.426         0.265 / 0.426         0.265 / 0.426         0.265 / 0.426       ms
[60.079s][info][gc,stats    ]    Subphase: Pause Mark Try Complete                       0.000 / 0.000         0.000 / 0.000         0.000 / 0.000         0.000 / 0.000       ms
[60.079s][info][gc,stats    ]      System: Java Threads                                     12 / 13               12 / 14               12 / 14               12 / 14          threads
[60.079s][info][gc,stats    ] =========================================================================================================================================================
[61.867s][info][gc,start    ] GC(38) Garbage Collection (Proactive)
[61.868s][info][gc,task     ] GC(38) Using 2 workers
[61.868s][info][gc,phases   ] GC(38) Pause Mark Start 0.010ms
[61.916s][info][gc,phases   ] GC(38) Concurrent Mark 47.810ms
[61.916s][info][gc,phases   ] GC(38) Pause Mark End 0.015ms
[61.916s][info][gc,phases   ] GC(38) Concurrent Mark Free 0.002ms
[61.919s][info][gc,phases   ] GC(38) Concurrent Process Non-Strong References 2.896ms
[61.919s][info][gc,phases   ] GC(38) Concurrent Reset Relocation Set 0.007ms
[61.921s][info][gc,phases   ] GC(38) Concurrent Select Relocation Set 1.900ms
[61.921s][info][gc,phases   ] GC(38) Pause Relocate Start 0.008ms
[61.923s][info][gc,phases   ] GC(38) Concurrent Relocate 2.184ms
[61.923s][info][gc,load     ] GC(38) Load: 0.00/0.00/0.00
[61.923s][info][gc,mmu      ] GC(38) MMU: 2ms/98.2%, 5ms/99.3%, 10ms/99.6%, 20ms/99.8%, 50ms/99.9%, 100ms/99.9%
[61.923s][info][gc,marking  ] GC(38) Mark: 2 stripe(s), 2 proactive flush(es), 1 terminate flush(es), 0 completion(s), 0 continuation(s) 
[61.923s][info][gc,marking  ] GC(38) Mark Stack Usage: 32M
[61.923s][info][gc,nmethod  ] GC(38) NMethods: 3011 registered, 0 unregistered
[61.923s][info][gc,metaspace] GC(38) Metaspace: 9M used, 9M committed, 1088M reserved
[61.923s][info][gc,ref      ] GC(38) Soft: 403 encountered, 0 discovered, 0 enqueued
[61.923s][info][gc,ref      ] GC(38) Weak: 715 encountered, 140 discovered, 0 enqueued
[61.923s][info][gc,ref      ] GC(38) Final: 3 encountered, 3 discovered, 0 enqueued
[61.923s][info][gc,ref      ] GC(38) Phantom: 32 encountered, 21 discovered, 0 enqueued
[61.923s][info][gc,reloc    ] GC(38) Small Pages: 356 / 712M, Empty: 292M, Relocated: 10M, In-Place: 0
[61.923s][info][gc,reloc    ] GC(38) Medium Pages: 3 / 96M, Empty: 64M, Relocated: 0M, In-Place: 0
[61.923s][info][gc,reloc    ] GC(38) Large Pages: 2 / 12M, Empty: 6M, Relocated: 0M, In-Place: 0
[61.923s][info][gc,reloc    ] GC(38) Forwarding Usage: 1M
[61.923s][info][gc,heap     ] GC(38) Min Capacity: 1024M(100%)
[61.923s][info][gc,heap     ] GC(38) Max Capacity: 1024M(100%)
[61.923s][info][gc,heap     ] GC(38) Soft Max Capacity: 1024M(100%)
[61.923s][info][gc,heap     ] GC(38)                Mark Start          Mark End        Relocate Start      Relocate End           High               Low         
[61.923s][info][gc,heap     ] GC(38)  Capacity:     1024M (100%)       1024M (100%)       1024M (100%)       1024M (100%)       1024M (100%)       1024M (100%)   
[61.923s][info][gc,heap     ] GC(38)      Free:      204M (20%)         202M (20%)         564M (55%)         972M (95%)         972M (95%)         202M (20%)    
[61.923s][info][gc,heap     ] GC(38)      Used:      820M (80%)         822M (80%)         460M (45%)          52M (5%)          822M (80%)          52M (5%)     
[61.923s][info][gc,heap     ] GC(38)      Live:         -                23M (2%)           23M (2%)           23M (2%)             -                  -          
[61.923s][info][gc,heap     ] GC(38) Allocated:         -                 2M (0%)            2M (0%)            1M (0%)             -                  -          
[61.923s][info][gc,heap     ] GC(38)   Garbage:         -               796M (78%)         434M (42%)          27M (3%)             -                  -          
[61.923s][info][gc,heap     ] GC(38) Reclaimed:         -                  -               362M (35%)         769M (75%)            -                  -          
[61.923s][info][gc          ] GC(38) Garbage Collection (Proactive) 820M(80%)->52M(5%)
[63.267s][info][gc,start    ] GC(39) Garbage Collection (Allocation Rate)
[63.267s][info][gc,task     ] GC(39) Using 1 workers
[63.267s][info][gc,phases   ] GC(39) Pause Mark Start 0.010ms
[63.275s][info][gc,phases   ] GC(39) Concurrent Mark 8.131ms
[63.275s][info][gc,phases   ] GC(39) Pause Mark End 0.011ms
[63.275s][info][gc,phases   ] GC(39) Concurrent Mark Free 0.002ms
[63.281s][info][gc,phases   ] GC(39) Concurrent Process Non-Strong References 5.233ms
[63.281s][info][gc,phases   ] GC(39) Concurrent Reset Relocation Set 0.008ms
[63.282s][info][gc,phases   ] GC(39) Concurrent Select Relocation Set 1.497ms
[63.283s][info][gc,phases   ] GC(39) Pause Relocate Start 0.011ms
[63.284s][info][gc,phases   ] GC(39) Concurrent Relocate 1.363ms
[63.284s][info][gc,load     ] GC(39) Load: 0.00/0.00/0.00
[63.284s][info][gc,mmu      ] GC(39) MMU: 2ms/98.2%, 5ms/99.3%, 10ms/99.6%, 20ms/99.8%, 50ms/99.9%, 100ms/99.9%
[63.284s][info][gc,marking  ] GC(39) Mark: 1 stripe(s), 2 proactive flush(es), 1 terminate flush(es), 0 completion(s), 0 continuation(s) 
[63.284s][info][gc,marking  ] GC(39) Mark Stack Usage: 32M
[63.284s][info][gc,nmethod  ] GC(39) NMethods: 3035 registered, 0 unregistered
[63.284s][info][gc,metaspace] GC(39) Metaspace: 9M used, 9M committed, 1088M reserved
[63.284s][info][gc,ref      ] GC(39) Soft: 403 encountered, 0 discovered, 0 enqueued
[63.284s][info][gc,ref      ] GC(39) Weak: 718 encountered, 429 discovered, 0 enqueued
[63.284s][info][gc,ref      ] GC(39) Final: 3 encountered, 0 discovered, 0 enqueued
[63.284s][info][gc,ref      ] GC(39) Phantom: 51 encountered, 33 discovered, 2 enqueued
[63.284s][info][gc,reloc    ] GC(39) Small Pages: 372 / 744M, Empty: 636M, Relocated: 1M, In-Place: 0
[63.284s][info][gc,reloc    ] GC(39) Medium Pages: 2 / 64M, Empty: 64M, Relocated: 0M, In-Place: 0
[63.284s][info][gc,reloc    ] GC(39) Large Pages: 1 / 6M, Empty: 6M, Relocated: 0M, In-Place: 0
[63.284s][info][gc,reloc    ] GC(39) Forwarding Usage: 0M
[63.284s][info][gc,heap     ] GC(39) Min Capacity: 1024M(100%)
[63.284s][info][gc,heap     ] GC(39) Max Capacity: 1024M(100%)
[63.284s][info][gc,heap     ] GC(39) Soft Max Capacity: 1024M(100%)
[63.284s][info][gc,heap     ] GC(39)                Mark Start          Mark End        Relocate Start      Relocate End           High               Low         
[63.284s][info][gc,heap     ] GC(39)  Capacity:     1024M (100%)       1024M (100%)       1024M (100%)       1024M (100%)       1024M (100%)       1024M (100%)   
[63.284s][info][gc,heap     ] GC(39)      Free:      210M (21%)         200M (20%)         902M (88%)        1004M (98%)        1004M (98%)         198M (19%)    
[63.284s][info][gc,heap     ] GC(39)      Used:      814M (79%)         824M (80%)         122M (12%)          20M (2%)          826M (81%)          20M (2%)     
[63.284s][info][gc,heap     ] GC(39)      Live:         -                 4M (0%)            4M (0%)            4M (0%)             -                  -          
[63.284s][info][gc,heap     ] GC(39) Allocated:         -                10M (1%)           14M (1%)           13M (1%)             -                  -          
[63.284s][info][gc,heap     ] GC(39)   Garbage:         -               809M (79%)         103M (10%)           1M (0%)             -                  -          
[63.284s][info][gc,heap     ] GC(39) Reclaimed:         -                  -               706M (69%)         807M (79%)            -                  -          
[63.284s][info][gc          ] GC(39) Garbage Collection (Allocation Rate) 814M(79%)->20M(2%)
[63.573s][info][gc,start    ] GC(40) Garbage Collection (System.gc())
[63.573s][info][gc,task     ] GC(40) Using 2 workers
[63.573s][info][gc,phases   ] GC(40) Pause Mark Start 0.006ms
[63.585s][info][gc,phases   ] GC(40) Concurrent Mark 11.976ms
[63.585s][info][gc,phases   ] GC(40) Pause Mark End 0.019ms
[63.585s][info][gc,phases   ] GC(40) Concurrent Mark Free 0.002ms
[63.588s][info][gc,phases   ] GC(40) Concurrent Process Non-Strong References 3.064ms
[63.588s][info][gc,phases   ] GC(40) Concurrent Reset Relocation Set 0.003ms
[63.589s][info][gc,phases   ] GC(40) Concurrent Select Relocation Set 1.254ms
[63.590s][info][gc,phases   ] GC(40) Pause Relocate Start 0.007ms
[63.590s][info][gc,phases   ] GC(40) Concurrent Relocate 0.704ms
[63.590s][info][gc,load     ] GC(40) Load: 0.00/0.00/0.00
[63.590s][info][gc,mmu      ] GC(40) MMU: 2ms/98.2%, 5ms/99.3%, 10ms/99.6%, 20ms/99.8%, 50ms/99.9%, 100ms/99.9%
[63.590s][info][gc,marking  ] GC(40) Mark: 2 stripe(s), 1 proactive flush(es), 1 terminate flush(es), 0 completion(s), 0 continuation(s) 
[63.590s][info][gc,marking  ] GC(40) Mark Stack Usage: 32M
[63.590s][info][gc,nmethod  ] GC(40) NMethods: 3049 registered, 0 unregistered
[63.590s][info][gc,metaspace] GC(40) Metaspace: 9M used, 9M committed, 1088M reserved
[63.590s][info][gc,ref      ] GC(40) Soft: 403 encountered, 0 discovered, 0 enqueued
[63.590s][info][gc,ref      ] GC(40) Weak: 713 encountered, 312 discovered, 2 enqueued
[63.590s][info][gc,ref      ] GC(40) Final: 3 encountered, 3 discovered, 0 enqueued
[63.590s][info][gc,ref      ] GC(40) Phantom: 26 encountered, 20 discovered, 0 enqueued
[63.590s][info][gc,reloc    ] GC(40) Small Pages: 130 / 260M, Empty: 250M, Relocated: 1M, In-Place: 0
[63.591s][info][gc,reloc    ] GC(40) Medium Pages: 0 / 0M, Empty: 0M, Relocated: 0M, In-Place: 0
[63.591s][info][gc,reloc    ] GC(40) Large Pages: 0 / 0M, Empty: 0M, Relocated: 0M, In-Place: 0
[63.591s][info][gc,reloc    ] GC(40) Forwarding Usage: 0M
[63.591s][info][gc,heap     ] GC(40) Min Capacity: 1024M(100%)
[63.591s][info][gc,heap     ] GC(40) Max Capacity: 1024M(100%)
[63.591s][info][gc,heap     ] GC(40) Soft Max Capacity: 1024M(100%)
[63.591s][info][gc,heap     ] GC(40)                Mark Start          Mark End        Relocate Start      Relocate End           High               Low         
[63.591s][info][gc,heap     ] GC(40)  Capacity:     1024M (100%)       1024M (100%)       1024M (100%)       1024M (100%)       1024M (100%)       1024M (100%)   
[63.591s][info][gc,heap     ] GC(40)      Free:      764M (75%)         764M (75%)        1014M (99%)        1016M (99%)        1016M (99%)         764M (75%)    
[63.591s][info][gc,heap     ] GC(40)      Used:      260M (25%)         260M (25%)          10M (1%)            8M (1%)          260M (25%)           8M (1%)     
[63.591s][info][gc,heap     ] GC(40)      Live:         -                 4M (0%)            4M (0%)            4M (0%)             -                  -          
[63.591s][info][gc,heap     ] GC(40) Allocated:         -                 0M (0%)            0M (0%)            0M (0%)             -                  -          
[63.591s][info][gc,heap     ] GC(40)   Garbage:         -               255M (25%)           5M (1%)            3M (0%)             -                  -          
[63.591s][info][gc,heap     ] GC(40) Reclaimed:         -                  -               250M (24%)         252M (25%)            -                  -          
[63.591s][info][gc          ] GC(40) Garbage Collection (System.gc()) 260M(25%)->8M(1%)
[65.777s][info][gc,start    ] GC(41) Garbage Collection (Allocation Rate)
[65.777s][info][gc,task     ] GC(41) Using 1 workers
[65.777s][info][gc,phases   ] GC(41) Pause Mark Start 0.013ms
[65.784s][info][gc,phases   ] GC(41) Concurrent Mark 6.674ms
[65.784s][info][gc,phases   ] GC(41) Pause Mark End 0.012ms
[65.784s][info][gc,phases   ] GC(41) Concurrent Mark Free 0.001ms
[65.789s][info][gc,phases   ] GC(41) Concurrent Process Non-Strong References 4.981ms
[65.789s][info][gc,phases   ] GC(41) Concurrent Reset Relocation Set 0.001ms
[65.791s][info][gc,phases   ] GC(41) Concurrent Select Relocation Set 2.033ms
[65.791s][info][gc,phases   ] GC(41) Pause Relocate Start 0.009ms
[65.793s][info][gc,phases   ] GC(41) Concurrent Relocate 1.613ms
[65.793s][info][gc,load     ] GC(41) Load: 0.00/0.00/0.00
[65.793s][info][gc,mmu      ] GC(41) MMU: 2ms/98.2%, 5ms/99.3%, 10ms/99.6%, 20ms/99.8%, 50ms/99.9%, 100ms/99.9%
[65.793s][info][gc,marking  ] GC(41) Mark: 1 stripe(s), 2 proactive flush(es), 1 terminate flush(es), 0 completion(s), 0 continuation(s) 
[65.793s][info][gc,marking  ] GC(41) Mark Stack Usage: 32M
[65.793s][info][gc,nmethod  ] GC(41) NMethods: 3058 registered, 0 unregistered
[65.793s][info][gc,metaspace] GC(41) Metaspace: 9M used, 9M committed, 1088M reserved
[65.793s][info][gc,ref      ] GC(41) Soft: 403 encountered, 0 discovered, 0 enqueued
[65.793s][info][gc,ref      ] GC(41) Weak: 715 encountered, 429 discovered, 0 enqueued
[65.793s][info][gc,ref      ] GC(41) Final: 3 encountered, 0 discovered, 0 enqueued
[65.793s][info][gc,ref      ] GC(41) Phantom: 40 encountered, 30 discovered, 1 enqueued
[65.793s][info][gc,reloc    ] GC(41) Small Pages: 400 / 800M, Empty: 678M, Relocated: 3M, In-Place: 0
[65.793s][info][gc,reloc    ] GC(41) Medium Pages: 2 / 64M, Empty: 32M, Relocated: 0M, In-Place: 0
[65.793s][info][gc,reloc    ] GC(41) Large Pages: 1 / 6M, Empty: 6M, Relocated: 0M, In-Place: 0
[65.793s][info][gc,reloc    ] GC(41) Forwarding Usage: 0M
[65.793s][info][gc,heap     ] GC(41) Min Capacity: 1024M(100%)
[65.793s][info][gc,heap     ] GC(41) Max Capacity: 1024M(100%)
[65.793s][info][gc,heap     ] GC(41) Soft Max Capacity: 1024M(100%)
[65.793s][info][gc,heap     ] GC(41)                Mark Start          Mark End        Relocate Start      Relocate End           High               Low         
[65.793s][info][gc,heap     ] GC(41)  Capacity:     1024M (100%)       1024M (100%)       1024M (100%)       1024M (100%)       1024M (100%)       1024M (100%)   
[65.793s][info][gc,heap     ] GC(41)      Free:      154M (15%)         152M (15%)         866M (85%)         978M (96%)         978M (96%)         150M (15%)    
[65.793s][info][gc,heap     ] GC(41)      Used:      870M (85%)         872M (85%)         158M (15%)          46M (4%)          874M (85%)          46M (4%)     
[65.793s][info][gc,heap     ] GC(41)      Live:         -                 9M (1%)            9M (1%)            9M (1%)             -                  -          
[65.793s][info][gc,heap     ] GC(41) Allocated:         -                 2M (0%)            4M (0%)            4M (0%)             -                  -          
[65.793s][info][gc,heap     ] GC(41)   Garbage:         -               860M (84%)         144M (14%)          31M (3%)             -                  -          
[65.793s][info][gc,heap     ] GC(41) Reclaimed:         -                  -               716M (70%)         828M (81%)            -                  -          
[65.793s][info][gc          ] GC(41) Garbage Collection (Allocation Rate) 870M(85%)->46M(4%)
[67.668s][info][gc,start    ] GC(42) Garbage Collection (Proactive)
[67.668s][info][gc,task     ] GC(42) Using 2 workers
[67.669s][info][gc,phases   ] GC(42) Pause Mark Start 0.008ms
[67.684s][info][gc,phases   ] GC(42) Concurrent Mark 15.748ms
[67.685s][info][gc,phases   ] GC(42) Pause Mark End 0.016ms
[67.685s][info][gc,phases   ] GC(42) Concurrent Mark Free 0.002ms
[67.688s][info][gc,phases   ] GC(42) Concurrent Process Non-Strong References 3.174ms
[67.688s][info][gc,phases   ] GC(42) Concurrent Reset Relocation Set 0.003ms
[67.689s][info][gc,phases   ] GC(42) Concurrent Select Relocation Set 1.451ms
[67.690s][info][gc,phases   ] GC(42) Pause Relocate Start 0.010ms
[67.691s][info][gc,phases   ] GC(42) Concurrent Relocate 0.846ms
[67.691s][info][gc,load     ] GC(42) Load: 0.00/0.00/0.00
[67.691s][info][gc,mmu      ] GC(42) MMU: 2ms/98.2%, 5ms/99.3%, 10ms/99.6%, 20ms/99.8%, 50ms/99.9%, 100ms/99.9%
[67.691s][info][gc,marking  ] GC(42) Mark: 2 stripe(s), 2 proactive flush(es), 1 terminate flush(es), 0 completion(s), 0 continuation(s) 
[67.691s][info][gc,marking  ] GC(42) Mark Stack Usage: 32M
[67.691s][info][gc,nmethod  ] GC(42) NMethods: 3059 registered, 0 unregistered
[67.691s][info][gc,metaspace] GC(42) Metaspace: 9M used, 9M committed, 1088M reserved
[67.691s][info][gc,ref      ] GC(42) Soft: 403 encountered, 0 discovered, 0 enqueued
[67.691s][info][gc,ref      ] GC(42) Weak: 715 encountered, 91 discovered, 0 enqueued
[67.691s][info][gc,ref      ] GC(42) Final: 3 encountered, 3 discovered, 0 enqueued
[67.691s][info][gc,ref      ] GC(42) Phantom: 39 encountered, 30 discovered, 0 enqueued
[67.691s][info][gc,reloc    ] GC(42) Small Pages: 349 / 698M, Empty: 590M, Relocated: 3M, In-Place: 0
[67.691s][info][gc,reloc    ] GC(42) Medium Pages: 3 / 96M, Empty: 64M, Relocated: 0M, In-Place: 0
[67.691s][info][gc,reloc    ] GC(42) Large Pages: 1 / 6M, Empty: 6M, Relocated: 0M, In-Place: 0
[67.691s][info][gc,reloc    ] GC(42) Forwarding Usage: 0M
[67.691s][info][gc,heap     ] GC(42) Min Capacity: 1024M(100%)
[67.691s][info][gc,heap     ] GC(42) Max Capacity: 1024M(100%)
[67.691s][info][gc,heap     ] GC(42) Soft Max Capacity: 1024M(100%)
[67.691s][info][gc,heap     ] GC(42)                Mark Start          Mark End        Relocate Start      Relocate End           High               Low         
[67.691s][info][gc,heap     ] GC(42)  Capacity:     1024M (100%)       1024M (100%)       1024M (100%)       1024M (100%)       1024M (100%)       1024M (100%)   
[67.691s][info][gc,heap     ] GC(42)      Free:      224M (22%)         186M (18%)         844M (82%)         944M (92%)         944M (92%)         184M (18%)    
[67.691s][info][gc,heap     ] GC(42)      Used:      800M (78%)         838M (82%)         180M (18%)          80M (8%)          840M (82%)          80M (8%)     
[67.691s][info][gc,heap     ] GC(42)      Live:         -                 9M (1%)            9M (1%)            9M (1%)             -                  -          
[67.691s][info][gc,heap     ] GC(42) Allocated:         -                38M (4%)           40M (4%)           39M (4%)             -                  -          
[67.691s][info][gc,heap     ] GC(42)   Garbage:         -               790M (77%)         130M (13%)          31M (3%)             -                  -          
[67.691s][info][gc,heap     ] GC(42) Reclaimed:         -                  -               660M (64%)         759M (74%)            -                  -          
[67.691s][info][gc          ] GC(42) Garbage Collection (Proactive) 800M(78%)->80M(8%)
[68.677s][info][gc,heap,exit] Heap
[68.677s][info][gc,heap,exit]  ZHeap           used 716M, capacity 1024M, max capacity 1024M
[68.677s][info][gc,heap,exit]  Metaspace       used 9836K, committed 10112K, reserved 1114112K
[68.677s][info][gc,heap,exit]   class space    used 1012K, committed 1152K, reserved 1048576K
