[0.007s][info][gc] Using G1
[0.031s][info][gc,init] Version: 17.0.12+7-adhoc..jdk17u (release)
[0.031s][info][gc,init] CPUs: 6 total, 6 available
[0.031s][info][gc,init] Memory: 15591M
[0.031s][info][gc,init] Large Page Support: Disabled
[0.031s][info][gc,init] NUMA Support: Disabled
[0.031s][info][gc,init] Compressed Oops: Enabled (Zero based)
[0.031s][info][gc,init] Heap Region Size: 4M
[0.031s][info][gc,init] Heap Min Capacity: 8G
[0.031s][info][gc,init] Heap Initial Capacity: 8G
[0.031s][info][gc,init] Heap Max Capacity: 8G
[0.031s][info][gc,init] Pre-touch: Disabled
[0.031s][info][gc,init] Parallel Workers: 6
[0.031s][info][gc,init] Concurrent Workers: 2
[0.034s][info][gc,init] Concurrent Refinement Workers: 6
[0.034s][info][gc,init] Periodic GC: Disabled
[0.041s][info][gc,metaspace] CDS archive(s) mapped at: [0x0000020f88000000-0x0000020f88bc0000-0x0000020f88bc0000), size 12320768, SharedBaseAddress: 0x0000020f88000000, ArchiveRelocationMode: 1.
[0.041s][info][gc,metaspace] Compressed class space mapped at: 0x0000020f89000000-0x0000020fc9000000, reserved size: 1073741824
[0.041s][info][gc,metaspace] Narrow klass base: 0x0000020f88000000, Narrow klass shift: 0, Narrow klass range: 0x100000000
[0.934s][info][gc,start    ] GC(0) Pause Full (System.gc())
[0.934s][info][gc,task     ] GC(0) Using 4 workers of 6 for full compaction
[0.934s][info][gc,phases,start] GC(0) Phase 1: Mark live objects
[0.936s][info][gc,phases      ] GC(0) Phase 1: Mark live objects 1.556ms
[0.936s][info][gc,phases,start] GC(0) Phase 2: Prepare for compaction
[0.941s][info][gc,phases      ] GC(0) Phase 2: Prepare for compaction 4.956ms
[0.941s][info][gc,phases,start] GC(0) Phase 3: Adjust pointers
[0.942s][info][gc,phases      ] GC(0) Phase 3: Adjust pointers 1.197ms
[0.942s][info][gc,phases,start] GC(0) Phase 4: Compact heap
[0.943s][info][gc,phases      ] GC(0) Phase 4: Compact heap 0.936ms
[0.958s][info][gc,heap        ] GC(0) Eden regions: 4->0(102)
[0.958s][info][gc,heap        ] GC(0) Survivor regions: 0->0(0)
[0.958s][info][gc,heap        ] GC(0) Old regions: 0->4
[0.958s][info][gc,heap        ] GC(0) Archive regions: 0->0
[0.958s][info][gc,heap        ] GC(0) Humongous regions: 0->0
[0.958s][info][gc,metaspace   ] GC(0) Metaspace: 3027K(3200K)->3027K(3200K) NonClass: 2704K(2816K)->2704K(2816K) Class: 323K(384K)->323K(384K)
[0.958s][info][gc             ] GC(0) Pause Full (System.gc()) 14M->3M(8192M) 24.446ms
[0.958s][info][gc,cpu         ] GC(0) User=0.05s Sys=0.05s Real=0.03s
[3.878s][info][gc,start       ] GC(1) Pause Full (System.gc())
[3.878s][info][gc,task        ] GC(1) Using 6 workers of 6 for full compaction
[3.878s][info][gc,phases,start] GC(1) Phase 1: Mark live objects
[4.020s][info][gc,phases      ] GC(1) Phase 1: Mark live objects 141.751ms
[4.020s][info][gc,phases,start] GC(1) Phase 2: Prepare for compaction
[4.039s][info][gc,phases      ] GC(1) Phase 2: Prepare for compaction 18.818ms
[4.039s][info][gc,phases,start] GC(1) Phase 3: Adjust pointers
[4.059s][info][gc,phases      ] GC(1) Phase 3: Adjust pointers 19.908ms
[4.059s][info][gc,phases,start] GC(1) Phase 4: Compact heap
[4.081s][info][gc,phases      ] GC(1) Phase 4: Compact heap 21.656ms
[4.097s][info][gc,heap        ] GC(1) Eden regions: 87->0(102)
[4.097s][info][gc,heap        ] GC(1) Survivor regions: 0->0(0)
[4.097s][info][gc,heap        ] GC(1) Old regions: 4->38
[4.097s][info][gc,heap        ] GC(1) Archive regions: 0->0
[4.097s][info][gc,heap        ] GC(1) Humongous regions: 10->0
[4.097s][info][gc,metaspace   ] GC(1) Metaspace: 12105K(12352K)->12105K(12352K) NonClass: 10759K(10880K)->10759K(10880K) Class: 1346K(1472K)->1346K(1472K)
[4.097s][info][gc             ] GC(1) Pause Full (System.gc()) 391M->140M(8192M) 218.820ms
[4.097s][info][gc,cpu         ] GC(1) User=0.47s Sys=0.06s Real=0.22s
[6.086s][info][gc,start       ] GC(2) Pause Full (System.gc())
[6.086s][info][gc,task        ] GC(2) Using 6 workers of 6 for full compaction
[6.087s][info][gc,phases,start] GC(2) Phase 1: Mark live objects
[6.227s][info][gc,phases      ] GC(2) Phase 1: Mark live objects 140.104ms
[6.227s][info][gc,phases,start] GC(2) Phase 2: Prepare for compaction
[6.246s][info][gc,phases      ] GC(2) Phase 2: Prepare for compaction 18.849ms
[6.246s][info][gc,phases,start] GC(2) Phase 3: Adjust pointers
[6.265s][info][gc,phases      ] GC(2) Phase 3: Adjust pointers 19.373ms
[6.265s][info][gc,phases,start] GC(2) Phase 4: Compact heap
[6.287s][info][gc,phases      ] GC(2) Phase 4: Compact heap 21.516ms
[6.302s][info][gc,heap        ] GC(2) Eden regions: 83->0(102)
[6.303s][info][gc,heap        ] GC(2) Survivor regions: 0->0(0)
[6.303s][info][gc,heap        ] GC(2) Old regions: 38->38
[6.303s][info][gc,heap        ] GC(2) Archive regions: 0->0
[6.303s][info][gc,heap        ] GC(2) Humongous regions: 10->0
[6.303s][info][gc,metaspace   ] GC(2) Metaspace: 12126K(12352K)->12126K(12352K) NonClass: 10779K(10880K)->10779K(10880K) Class: 1346K(1472K)->1346K(1472K)
[6.303s][info][gc             ] GC(2) Pause Full (System.gc()) 511M->140M(8192M) 216.236ms
[6.303s][info][gc,cpu         ] GC(2) User=0.69s Sys=0.00s Real=0.22s
[8.005s][info][gc,start       ] GC(3) Pause Full (System.gc())
[8.005s][info][gc,task        ] GC(3) Using 6 workers of 6 for full compaction
[8.005s][info][gc,phases,start] GC(3) Phase 1: Mark live objects
[8.149s][info][gc,phases      ] GC(3) Phase 1: Mark live objects 143.333ms
[8.149s][info][gc,phases,start] GC(3) Phase 2: Prepare for compaction
[8.167s][info][gc,phases      ] GC(3) Phase 2: Prepare for compaction 18.605ms
[8.168s][info][gc,phases,start] GC(3) Phase 3: Adjust pointers
[8.187s][info][gc,phases      ] GC(3) Phase 3: Adjust pointers 19.536ms
[8.187s][info][gc,phases,start] GC(3) Phase 4: Compact heap
[8.208s][info][gc,phases      ] GC(3) Phase 4: Compact heap 20.376ms
[8.223s][info][gc,heap        ] GC(3) Eden regions: 81->0(102)
[8.223s][info][gc,heap        ] GC(3) Survivor regions: 0->0(0)
[8.223s][info][gc,heap        ] GC(3) Old regions: 38->38
[8.223s][info][gc,heap        ] GC(3) Archive regions: 0->0
[8.223s][info][gc,heap        ] GC(3) Humongous regions: 10->0
[8.223s][info][gc,metaspace   ] GC(3) Metaspace: 12146K(12352K)->12146K(12352K) NonClass: 10799K(10880K)->10799K(10880K) Class: 1346K(1472K)->1346K(1472K)
[8.223s][info][gc             ] GC(3) Pause Full (System.gc()) 503M->140M(8192M) 217.832ms
[8.223s][info][gc,cpu         ] GC(3) User=0.58s Sys=0.02s Real=0.23s
[9.812s][info][gc,start       ] GC(4) Pause Full (System.gc())
[9.812s][info][gc,task        ] GC(4) Using 6 workers of 6 for full compaction
[9.812s][info][gc,phases,start] GC(4) Phase 1: Mark live objects
[9.955s][info][gc,phases      ] GC(4) Phase 1: Mark live objects 142.733ms
[9.955s][info][gc,phases,start] GC(4) Phase 2: Prepare for compaction
[9.974s][info][gc,phases      ] GC(4) Phase 2: Prepare for compaction 18.728ms
[9.974s][info][gc,phases,start] GC(4) Phase 3: Adjust pointers
[9.993s][info][gc,phases      ] GC(4) Phase 3: Adjust pointers 19.412ms
[9.993s][info][gc,phases,start] GC(4) Phase 4: Compact heap
[10.014s][info][gc,phases      ] GC(4) Phase 4: Compact heap 20.569ms
[10.030s][info][gc,heap        ] GC(4) Eden regions: 80->0(102)
[10.030s][info][gc,heap        ] GC(4) Survivor regions: 0->0(0)
[10.030s][info][gc,heap        ] GC(4) Old regions: 38->38
[10.030s][info][gc,heap        ] GC(4) Archive regions: 0->0
[10.030s][info][gc,heap        ] GC(4) Humongous regions: 10->0
[10.030s][info][gc,metaspace   ] GC(4) Metaspace: 12166K(12352K)->12166K(12352K) NonClass: 10819K(10880K)->10819K(10880K) Class: 1346K(1472K)->1346K(1472K)
[10.030s][info][gc             ] GC(4) Pause Full (System.gc()) 499M->140M(8192M) 218.124ms
[10.030s][info][gc,cpu         ] GC(4) User=0.50s Sys=0.00s Real=0.22s
[11.568s][info][gc,start       ] GC(5) Pause Full (System.gc())
[11.568s][info][gc,task        ] GC(5) Using 6 workers of 6 for full compaction
[11.568s][info][gc,phases,start] GC(5) Phase 1: Mark live objects
[11.710s][info][gc,phases      ] GC(5) Phase 1: Mark live objects 141.132ms
[11.710s][info][gc,phases,start] GC(5) Phase 2: Prepare for compaction
[11.729s][info][gc,phases      ] GC(5) Phase 2: Prepare for compaction 19.232ms
[11.729s][info][gc,phases,start] GC(5) Phase 3: Adjust pointers
[11.748s][info][gc,phases      ] GC(5) Phase 3: Adjust pointers 19.267ms
[11.748s][info][gc,phases,start] GC(5) Phase 4: Compact heap
[11.769s][info][gc,phases      ] GC(5) Phase 4: Compact heap 20.495ms
[11.784s][info][gc,heap        ] GC(5) Eden regions: 79->0(102)
[11.784s][info][gc,heap        ] GC(5) Survivor regions: 0->0(0)
[11.784s][info][gc,heap        ] GC(5) Old regions: 38->38
[11.784s][info][gc,heap        ] GC(5) Archive regions: 0->0
[11.784s][info][gc,heap        ] GC(5) Humongous regions: 10->0
[11.784s][info][gc,metaspace   ] GC(5) Metaspace: 12174K(12352K)->12174K(12352K) NonClass: 10827K(10880K)->10827K(10880K) Class: 1346K(1472K)->1346K(1472K)
[11.784s][info][gc             ] GC(5) Pause Full (System.gc()) 496M->140M(8192M) 216.044ms
[11.784s][info][gc,cpu         ] GC(5) User=0.58s Sys=0.02s Real=0.21s
[13.302s][info][gc,start       ] GC(6) Pause Full (System.gc())
[13.302s][info][gc,task        ] GC(6) Using 6 workers of 6 for full compaction
[13.302s][info][gc,phases,start] GC(6) Phase 1: Mark live objects
[13.444s][info][gc,phases      ] GC(6) Phase 1: Mark live objects 142.003ms
[13.444s][info][gc,phases,start] GC(6) Phase 2: Prepare for compaction
[13.463s][info][gc,phases      ] GC(6) Phase 2: Prepare for compaction 18.823ms
[13.463s][info][gc,phases,start] GC(6) Phase 3: Adjust pointers
[13.482s][info][gc,phases      ] GC(6) Phase 3: Adjust pointers 19.434ms
[13.483s][info][gc,phases,start] GC(6) Phase 4: Compact heap
[13.504s][info][gc,phases      ] GC(6) Phase 4: Compact heap 21.063ms
[13.519s][info][gc,heap        ] GC(6) Eden regions: 79->0(102)
[13.519s][info][gc,heap        ] GC(6) Survivor regions: 0->0(0)
[13.519s][info][gc,heap        ] GC(6) Old regions: 38->39
[13.519s][info][gc,heap        ] GC(6) Archive regions: 0->0
[13.519s][info][gc,heap        ] GC(6) Humongous regions: 10->0
[13.519s][info][gc,metaspace   ] GC(6) Metaspace: 12181K(12352K)->12181K(12352K) NonClass: 10834K(10880K)->10834K(10880K) Class: 1346K(1472K)->1346K(1472K)
[13.519s][info][gc             ] GC(6) Pause Full (System.gc()) 495M->140M(8192M) 217.166ms
[13.519s][info][gc,cpu         ] GC(6) User=0.58s Sys=0.00s Real=0.22s
[15.032s][info][gc,start       ] GC(7) Pause Full (System.gc())
[15.032s][info][gc,task        ] GC(7) Using 6 workers of 6 for full compaction
[15.032s][info][gc,phases,start] GC(7) Phase 1: Mark live objects
[15.173s][info][gc,phases      ] GC(7) Phase 1: Mark live objects 140.572ms
[15.173s][info][gc,phases,start] GC(7) Phase 2: Prepare for compaction
[15.191s][info][gc,phases      ] GC(7) Phase 2: Prepare for compaction 18.655ms
[15.191s][info][gc,phases,start] GC(7) Phase 3: Adjust pointers
[15.212s][info][gc,phases      ] GC(7) Phase 3: Adjust pointers 20.206ms
[15.212s][info][gc,phases,start] GC(7) Phase 4: Compact heap
[15.233s][info][gc,phases      ] GC(7) Phase 4: Compact heap 20.891ms
[15.248s][info][gc,heap        ] GC(7) Eden regions: 79->0(102)
[15.248s][info][gc,heap        ] GC(7) Survivor regions: 0->0(0)
[15.248s][info][gc,heap        ] GC(7) Old regions: 39->38
[15.248s][info][gc,heap        ] GC(7) Archive regions: 0->0
[15.248s][info][gc,heap        ] GC(7) Humongous regions: 10->0
[15.248s][info][gc,metaspace   ] GC(7) Metaspace: 12205K(12416K)->12205K(12416K) NonClass: 10858K(10944K)->10858K(10944K) Class: 1346K(1472K)->1346K(1472K)
[15.248s][info][gc             ] GC(7) Pause Full (System.gc()) 495M->140M(8192M) 216.299ms
[15.248s][info][gc,cpu         ] GC(7) User=0.48s Sys=0.00s Real=0.22s
[16.762s][info][gc,start       ] GC(8) Pause Full (System.gc())
[16.762s][info][gc,task        ] GC(8) Using 6 workers of 6 for full compaction
[16.762s][info][gc,phases,start] GC(8) Phase 1: Mark live objects
[16.904s][info][gc,phases      ] GC(8) Phase 1: Mark live objects 141.298ms
[16.904s][info][gc,phases,start] GC(8) Phase 2: Prepare for compaction
[16.922s][info][gc,phases      ] GC(8) Phase 2: Prepare for compaction 18.893ms
[16.923s][info][gc,phases,start] GC(8) Phase 3: Adjust pointers
[16.942s][info][gc,phases      ] GC(8) Phase 3: Adjust pointers 19.809ms
[16.942s][info][gc,phases,start] GC(8) Phase 4: Compact heap
[16.963s][info][gc,phases      ] GC(8) Phase 4: Compact heap 20.348ms
[16.978s][info][gc,heap        ] GC(8) Eden regions: 79->0(102)
[16.978s][info][gc,heap        ] GC(8) Survivor regions: 0->0(0)
[16.978s][info][gc,heap        ] GC(8) Old regions: 38->39
[16.978s][info][gc,heap        ] GC(8) Archive regions: 0->0
[16.978s][info][gc,heap        ] GC(8) Humongous regions: 10->0
[16.978s][info][gc,metaspace   ] GC(8) Metaspace: 12221K(12416K)->12221K(12416K) NonClass: 10874K(10944K)->10874K(10944K) Class: 1347K(1472K)->1347K(1472K)
[16.978s][info][gc             ] GC(8) Pause Full (System.gc()) 495M->140M(8192M) 216.605ms
[16.978s][info][gc,cpu         ] GC(8) User=0.53s Sys=0.03s Real=0.22s
[18.496s][info][gc,start       ] GC(9) Pause Full (System.gc())
[18.496s][info][gc,task        ] GC(9) Using 6 workers of 6 for full compaction
[18.496s][info][gc,phases,start] GC(9) Phase 1: Mark live objects
[18.638s][info][gc,phases      ] GC(9) Phase 1: Mark live objects 141.760ms
[18.638s][info][gc,phases,start] GC(9) Phase 2: Prepare for compaction
[18.657s][info][gc,phases      ] GC(9) Phase 2: Prepare for compaction 19.289ms
[18.657s][info][gc,phases,start] GC(9) Phase 3: Adjust pointers
[18.677s][info][gc,phases      ] GC(9) Phase 3: Adjust pointers 19.766ms
[18.677s][info][gc,phases,start] GC(9) Phase 4: Compact heap
[18.698s][info][gc,phases      ] GC(9) Phase 4: Compact heap 21.368ms
[18.714s][info][gc,heap        ] GC(9) Eden regions: 79->0(102)
[18.714s][info][gc,heap        ] GC(9) Survivor regions: 0->0(0)
[18.714s][info][gc,heap        ] GC(9) Old regions: 39->39
[18.714s][info][gc,heap        ] GC(9) Archive regions: 0->0
[18.714s][info][gc,heap        ] GC(9) Humongous regions: 10->0
[18.714s][info][gc,metaspace   ] GC(9) Metaspace: 12228K(12416K)->12228K(12416K) NonClass: 10881K(10944K)->10881K(10944K) Class: 1347K(1472K)->1347K(1472K)
[18.714s][info][gc             ] GC(9) Pause Full (System.gc()) 495M->140M(8192M) 218.157ms
[18.714s][info][gc,cpu         ] GC(9) User=0.58s Sys=0.00s Real=0.23s
[20.330s][info][gc,heap,exit   ] Heap
[20.330s][info][gc,heap,exit   ]  garbage-first heap   total 8388608K, used 509649K [0x0000000600000000, 0x0000000800000000)
[20.330s][info][gc,heap,exit   ]   region size 4096K, 80 young (327680K), 0 survivors (0K)
[20.330s][info][gc,heap,exit   ]  Metaspace       used 12233K, committed 12416K, reserved 1114112K
[20.330s][info][gc,heap,exit   ]   class space    used 1347K, committed 1472K, reserved 1048576K
