[0.008s][info][gc] Using Parallel
[0.018s][info][gc,init] Version: 17.0.12+7-adhoc..jdk17u (release)
[0.018s][info][gc,init] CPUs: 6 total, 6 available
[0.018s][info][gc,init] Memory: 15591M
[0.018s][info][gc,init] Large Page Support: Disabled
[0.018s][info][gc,init] NUMA Support: Disabled
[0.018s][info][gc,init] Compressed Oops: Enabled (Zero based)
[0.018s][info][gc,init] Alignments: Space 512K, Generation 512K, Heap 2M
[0.018s][info][gc,init] Heap Min Capacity: 4G
[0.018s][info][gc,init] Heap Initial Capacity: 4G
[0.018s][info][gc,init] Heap Max Capacity: 4G
[0.018s][info][gc,init] Pre-touch: Disabled
[0.018s][info][gc,init] Parallel Workers: 6
[0.027s][info][gc,metaspace] CDS archive(s) mapped at: [0x000001b8a0000000-0x000001b8a0bc0000-0x000001b8a0bc0000), size 12320768, SharedBaseAddress: 0x000001b8a0000000, ArchiveRelocationMode: 1.
[0.027s][info][gc,metaspace] Compressed class space mapped at: 0x000001b8a1000000-0x000001b8e1000000, reserved size: 1073741824
[0.027s][info][gc,metaspace] Narrow klass base: 0x000001b8a0000000, Narrow klass shift: 0, Narrow klass range: 0x100000000
[0.310s][info][gc,start    ] GC(0) Pause Young (System.gc())
[0.313s][info][gc,heap     ] GC(0) PSYoungGen: 104921K(1223168K)->2684K(1223168K) Eden: 104921K(1048576K)->0K(1048576K) From: 0K(174592K)->2684K(174592K)
[0.313s][info][gc,heap     ] GC(0) ParOldGen: 0K(2796544K)->8K(2796544K)
[0.313s][info][gc,metaspace] GC(0) Metaspace: 2925K(3136K)->2925K(3136K) NonClass: 2649K(2752K)->2649K(2752K) Class: 275K(384K)->275K(384K)
[0.313s][info][gc          ] GC(0) Pause Young (System.gc()) 102M->2M(3925M) 2.820ms
[0.313s][info][gc,cpu      ] GC(0) User=0.00s Sys=0.00s Real=0.01s
[0.313s][info][gc,start    ] GC(1) Pause Full (System.gc())
[0.313s][info][gc,phases,start] GC(1) Marking Phase
[0.315s][info][gc,phases      ] GC(1) Marking Phase 1.787ms
[0.315s][info][gc,phases,start] GC(1) Summary Phase
[0.315s][info][gc,phases      ] GC(1) Summary Phase 0.017ms
[0.315s][info][gc,phases,start] GC(1) Adjust Roots
[0.316s][info][gc,phases      ] GC(1) Adjust Roots 0.705ms
[0.316s][info][gc,phases,start] GC(1) Compaction Phase
[0.318s][info][gc,phases      ] GC(1) Compaction Phase 2.224ms
[0.318s][info][gc,phases,start] GC(1) Post Compact
[0.319s][info][gc,phases      ] GC(1) Post Compact 0.621ms
[0.319s][info][gc,heap        ] GC(1) PSYoungGen: 2684K(1223168K)->0K(1223168K) Eden: 0K(1048576K)->0K(1048576K) From: 2684K(174592K)->0K(174592K)
[0.319s][info][gc,heap        ] GC(1) ParOldGen: 8K(2796544K)->2539K(2796544K)
[0.319s][info][gc,metaspace   ] GC(1) Metaspace: 2925K(3136K)->2925K(3136K) NonClass: 2649K(2752K)->2649K(2752K) Class: 275K(384K)->275K(384K)
[0.319s][info][gc             ] GC(1) Pause Full (System.gc()) 2M->2M(3925M) 5.568ms
[0.319s][info][gc,cpu         ] GC(1) User=0.00s Sys=0.00s Real=0.00s
[7.556s][info][gc,start       ] GC(2) Pause Young (System.gc())
[7.557s][info][gc,heap        ] GC(2) PSYoungGen: 157286K(1223168K)->1925K(1223168K) Eden: 157286K(1048576K)->0K(1048576K) From: 0K(174592K)->1925K(174592K)
[7.557s][info][gc,heap        ] GC(2) ParOldGen: 2539K(2796544K)->2547K(2796544K)
[7.557s][info][gc,metaspace   ] GC(2) Metaspace: 5407K(5568K)->5407K(5568K) NonClass: 4804K(4864K)->4804K(4864K) Class: 603K(704K)->603K(704K)
[7.557s][info][gc             ] GC(2) Pause Young (System.gc()) 156M->4M(3925M) 1.570ms
[7.557s][info][gc,cpu         ] GC(2) User=0.00s Sys=0.00s Real=0.00s
[7.558s][info][gc,start       ] GC(3) Pause Full (System.gc())
[7.558s][info][gc,phases,start] GC(3) Marking Phase
[7.560s][info][gc,phases      ] GC(3) Marking Phase 2.936ms
[7.561s][info][gc,phases,start] GC(3) Summary Phase
[7.561s][info][gc,phases      ] GC(3) Summary Phase 0.009ms
[7.561s][info][gc,phases,start] GC(3) Adjust Roots
[7.563s][info][gc,phases      ] GC(3) Adjust Roots 1.976ms
[7.563s][info][gc,phases,start] GC(3) Compaction Phase
[7.566s][info][gc,phases      ] GC(3) Compaction Phase 3.570ms
[7.566s][info][gc,phases,start] GC(3) Post Compact
[7.567s][info][gc,phases      ] GC(3) Post Compact 0.564ms
[7.567s][info][gc,heap        ] GC(3) PSYoungGen: 1925K(1223168K)->0K(1223168K) Eden: 0K(1048576K)->0K(1048576K) From: 1925K(174592K)->0K(174592K)
[7.567s][info][gc,heap        ] GC(3) ParOldGen: 2547K(2796544K)->2896K(2796544K)
[7.567s][info][gc,metaspace   ] GC(3) Metaspace: 5407K(5568K)->5407K(5568K) NonClass: 4804K(4864K)->4804K(4864K) Class: 603K(704K)->603K(704K)
[7.567s][info][gc             ] GC(3) Pause Full (System.gc()) 4M->2M(3925M) 9.401ms
[7.567s][info][gc,cpu         ] GC(3) User=0.00s Sys=0.02s Real=0.02s
[14.606s][info][gc,start       ] GC(4) Pause Young (System.gc())
[14.607s][info][gc,heap        ] GC(4) PSYoungGen: 136315K(1223168K)->64K(1223168K) Eden: 136315K(1048576K)->0K(1048576K) From: 0K(174592K)->64K(174592K)
[14.607s][info][gc,heap        ] GC(4) ParOldGen: 2896K(2796544K)->2904K(2796544K)
[14.607s][info][gc,metaspace   ] GC(4) Metaspace: 5438K(5632K)->5438K(5632K) NonClass: 4835K(4928K)->4835K(4928K) Class: 603K(704K)->603K(704K)
[14.607s][info][gc             ] GC(4) Pause Young (System.gc()) 135M->2M(3925M) 0.264ms
[14.607s][info][gc,cpu         ] GC(4) User=0.00s Sys=0.00s Real=0.00s
[14.607s][info][gc,start       ] GC(5) Pause Full (System.gc())
[14.607s][info][gc,phases,start] GC(5) Marking Phase
[14.610s][info][gc,phases      ] GC(5) Marking Phase 3.497ms
[14.610s][info][gc,phases,start] GC(5) Summary Phase
[14.610s][info][gc,phases      ] GC(5) Summary Phase 0.009ms
[14.610s][info][gc,phases,start] GC(5) Adjust Roots
[14.612s][info][gc,phases      ] GC(5) Adjust Roots 1.284ms
[14.612s][info][gc,phases,start] GC(5) Compaction Phase
[14.614s][info][gc,phases      ] GC(5) Compaction Phase 2.676ms
[14.614s][info][gc,phases,start] GC(5) Post Compact
[14.615s][info][gc,phases      ] GC(5) Post Compact 0.594ms
[14.615s][info][gc,heap        ] GC(5) PSYoungGen: 64K(1223168K)->0K(1223168K) Eden: 0K(1048576K)->0K(1048576K) From: 64K(174592K)->0K(174592K)
[14.615s][info][gc,heap        ] GC(5) ParOldGen: 2904K(2796544K)->2896K(2796544K)
[14.615s][info][gc,metaspace   ] GC(5) Metaspace: 5438K(5632K)->5438K(5632K) NonClass: 4835K(4928K)->4835K(4928K) Class: 603K(704K)->603K(704K)
[14.615s][info][gc             ] GC(5) Pause Full (System.gc()) 2M->2M(3925M) 8.293ms
[14.615s][info][gc,cpu         ] GC(5) User=0.00s Sys=0.00s Real=0.01s
[21.628s][info][gc,start       ] GC(6) Pause Young (System.gc())
[21.628s][info][gc,heap        ] GC(6) PSYoungGen: 136315K(1223168K)->128K(1223168K) Eden: 136315K(1048576K)->0K(1048576K) From: 0K(174592K)->128K(174592K)
[21.628s][info][gc,heap        ] GC(6) ParOldGen: 2896K(2796544K)->2904K(2796544K)
[21.628s][info][gc,metaspace   ] GC(6) Metaspace: 5457K(5632K)->5457K(5632K) NonClass: 4853K(4928K)->4853K(4928K) Class: 603K(704K)->603K(704K)
[21.628s][info][gc             ] GC(6) Pause Young (System.gc()) 135M->2M(3925M) 0.259ms
[21.628s][info][gc,cpu         ] GC(6) User=0.00s Sys=0.00s Real=0.00s
[21.628s][info][gc,start       ] GC(7) Pause Full (System.gc())
[21.628s][info][gc,phases,start] GC(7) Marking Phase
[21.632s][info][gc,phases      ] GC(7) Marking Phase 3.064ms
[21.632s][info][gc,phases,start] GC(7) Summary Phase
[21.632s][info][gc,phases      ] GC(7) Summary Phase 0.008ms
[21.632s][info][gc,phases,start] GC(7) Adjust Roots
[21.633s][info][gc,phases      ] GC(7) Adjust Roots 1.579ms
[21.633s][info][gc,phases,start] GC(7) Compaction Phase
[21.635s][info][gc,phases      ] GC(7) Compaction Phase 1.589ms
[21.635s][info][gc,phases,start] GC(7) Post Compact
[21.635s][info][gc,phases      ] GC(7) Post Compact 0.487ms
[21.635s][info][gc,heap        ] GC(7) PSYoungGen: 128K(1223168K)->0K(1223168K) Eden: 0K(1048576K)->0K(1048576K) From: 128K(174592K)->0K(174592K)
[21.635s][info][gc,heap        ] GC(7) ParOldGen: 2904K(2796544K)->2896K(2796544K)
[21.635s][info][gc,metaspace   ] GC(7) Metaspace: 5457K(5632K)->5457K(5632K) NonClass: 4853K(4928K)->4853K(4928K) Class: 603K(704K)->603K(704K)
[21.635s][info][gc             ] GC(7) Pause Full (System.gc()) 2M->2M(3925M) 6.954ms
[21.635s][info][gc,cpu         ] GC(7) User=0.00s Sys=0.00s Real=0.00s
[28.658s][info][gc,start       ] GC(8) Pause Young (System.gc())
[28.658s][info][gc,heap        ] GC(8) PSYoungGen: 115343K(1223168K)->96K(1223168K) Eden: 115343K(1048576K)->0K(1048576K) From: 0K(174592K)->96K(174592K)
[28.658s][info][gc,heap        ] GC(8) ParOldGen: 2896K(2796544K)->2896K(2796544K)
[28.658s][info][gc,metaspace   ] GC(8) Metaspace: 5465K(5632K)->5465K(5632K) NonClass: 4862K(4928K)->4862K(4928K) Class: 603K(704K)->603K(704K)
[28.658s][info][gc             ] GC(8) Pause Young (System.gc()) 115M->2M(3925M) 0.235ms
[28.658s][info][gc,cpu         ] GC(8) User=0.00s Sys=0.00s Real=0.00s
[28.658s][info][gc,start       ] GC(9) Pause Full (System.gc())
[28.658s][info][gc,phases,start] GC(9) Marking Phase
[28.661s][info][gc,phases      ] GC(9) Marking Phase 3.077ms
[28.661s][info][gc,phases,start] GC(9) Summary Phase
[28.662s][info][gc,phases      ] GC(9) Summary Phase 0.009ms
[28.662s][info][gc,phases,start] GC(9) Adjust Roots
[28.663s][info][gc,phases      ] GC(9) Adjust Roots 1.812ms
[28.663s][info][gc,phases,start] GC(9) Compaction Phase
[28.665s][info][gc,phases      ] GC(9) Compaction Phase 2.042ms
[28.665s][info][gc,phases,start] GC(9) Post Compact
[28.666s][info][gc,phases      ] GC(9) Post Compact 0.503ms
[28.666s][info][gc,heap        ] GC(9) PSYoungGen: 96K(1223168K)->0K(1223168K) Eden: 0K(1048576K)->0K(1048576K) From: 96K(174592K)->0K(174592K)
[28.666s][info][gc,heap        ] GC(9) ParOldGen: 2896K(2796544K)->2897K(2796544K)
[28.666s][info][gc,metaspace   ] GC(9) Metaspace: 5465K(5632K)->5465K(5632K) NonClass: 4862K(4928K)->4862K(4928K) Class: 603K(704K)->603K(704K)
[28.666s][info][gc             ] GC(9) Pause Full (System.gc()) 2M->2M(3925M) 7.710ms
[28.666s][info][gc,cpu         ] GC(9) User=0.00s Sys=0.00s Real=0.00s
[35.684s][info][gc,start       ] GC(10) Pause Young (System.gc())
[35.684s][info][gc,heap        ] GC(10) PSYoungGen: 115343K(1223168K)->96K(1223168K) Eden: 115343K(1048576K)->0K(1048576K) From: 0K(174592K)->96K(174592K)
[35.684s][info][gc,heap        ] GC(10) ParOldGen: 2897K(2796544K)->2897K(2796544K)
[35.684s][info][gc,metaspace   ] GC(10) Metaspace: 5473K(5632K)->5473K(5632K) NonClass: 4870K(4928K)->4870K(4928K) Class: 603K(704K)->603K(704K)
[35.684s][info][gc             ] GC(10) Pause Young (System.gc()) 115M->2M(3925M) 0.265ms
[35.684s][info][gc,cpu         ] GC(10) User=0.00s Sys=0.00s Real=0.00s
[35.684s][info][gc,start       ] GC(11) Pause Full (System.gc())
[35.684s][info][gc,phases,start] GC(11) Marking Phase
[35.687s][info][gc,phases      ] GC(11) Marking Phase 3.025ms
[35.687s][info][gc,phases,start] GC(11) Summary Phase
[35.687s][info][gc,phases      ] GC(11) Summary Phase 0.010ms
[35.687s][info][gc,phases,start] GC(11) Adjust Roots
[35.688s][info][gc,phases      ] GC(11) Adjust Roots 1.315ms
[35.688s][info][gc,phases,start] GC(11) Compaction Phase
[35.690s][info][gc,phases      ] GC(11) Compaction Phase 1.720ms
[35.690s][info][gc,phases,start] GC(11) Post Compact
[35.691s][info][gc,phases      ] GC(11) Post Compact 0.501ms
[35.691s][info][gc,heap        ] GC(11) PSYoungGen: 96K(1223168K)->0K(1223168K) Eden: 0K(1048576K)->0K(1048576K) From: 96K(174592K)->0K(174592K)
[35.691s][info][gc,heap        ] GC(11) ParOldGen: 2897K(2796544K)->2897K(2796544K)
[35.691s][info][gc,metaspace   ] GC(11) Metaspace: 5473K(5632K)->5473K(5632K) NonClass: 4870K(4928K)->4870K(4928K) Class: 603K(704K)->603K(704K)
[35.691s][info][gc             ] GC(11) Pause Full (System.gc()) 2M->2M(3925M) 6.826ms
[35.691s][info][gc,cpu         ] GC(11) User=0.09s Sys=0.00s Real=0.00s
[42.721s][info][gc,start       ] GC(12) Pause Young (System.gc())
[42.721s][info][gc,heap        ] GC(12) PSYoungGen: 209715K(1223168K)->128K(1223168K) Eden: 209715K(1048576K)->0K(1048576K) From: 0K(174592K)->128K(174592K)
[42.721s][info][gc,heap        ] GC(12) ParOldGen: 2897K(2796544K)->2897K(2796544K)
[42.721s][info][gc,metaspace   ] GC(12) Metaspace: 5481K(5632K)->5481K(5632K) NonClass: 4878K(4928K)->4878K(4928K) Class: 603K(704K)->603K(704K)
[42.721s][info][gc             ] GC(12) Pause Young (System.gc()) 207M->2M(3925M) 0.376ms
[42.721s][info][gc,cpu         ] GC(12) User=0.00s Sys=0.00s Real=0.00s
[42.721s][info][gc,start       ] GC(13) Pause Full (System.gc())
[42.721s][info][gc,phases,start] GC(13) Marking Phase
[42.724s][info][gc,phases      ] GC(13) Marking Phase 3.241ms
[42.724s][info][gc,phases,start] GC(13) Summary Phase
[42.724s][info][gc,phases      ] GC(13) Summary Phase 0.009ms
[42.724s][info][gc,phases,start] GC(13) Adjust Roots
[42.726s][info][gc,phases      ] GC(13) Adjust Roots 1.476ms
[42.726s][info][gc,phases,start] GC(13) Compaction Phase
[42.727s][info][gc,phases      ] GC(13) Compaction Phase 1.468ms
[42.727s][info][gc,phases,start] GC(13) Post Compact
[42.728s][info][gc,phases      ] GC(13) Post Compact 0.451ms
[42.728s][info][gc,heap        ] GC(13) PSYoungGen: 128K(1223168K)->0K(1223168K) Eden: 0K(1048576K)->0K(1048576K) From: 128K(174592K)->0K(174592K)
[42.728s][info][gc,heap        ] GC(13) ParOldGen: 2897K(2796544K)->2897K(2796544K)
[42.728s][info][gc,metaspace   ] GC(13) Metaspace: 5481K(5632K)->5481K(5632K) NonClass: 4878K(4928K)->4878K(4928K) Class: 603K(704K)->603K(704K)
[42.728s][info][gc             ] GC(13) Pause Full (System.gc()) 2M->2M(3925M) 6.863ms
[42.728s][info][gc,cpu         ] GC(13) User=0.00s Sys=0.00s Real=0.00s
[49.811s][info][gc,start       ] GC(14) Pause Young (System.gc())
[49.812s][info][gc,heap        ] GC(14) PSYoungGen: 209715K(1223168K)->96K(1223168K) Eden: 209715K(1048576K)->0K(1048576K) From: 0K(174592K)->96K(174592K)
[49.812s][info][gc,heap        ] GC(14) ParOldGen: 2897K(2796544K)->2897K(2796544K)
[49.812s][info][gc,metaspace   ] GC(14) Metaspace: 5485K(5632K)->5485K(5632K) NonClass: 4882K(4928K)->4882K(4928K) Class: 603K(704K)->603K(704K)
[49.812s][info][gc             ] GC(14) Pause Young (System.gc()) 207M->2M(3925M) 0.262ms
[49.812s][info][gc,cpu         ] GC(14) User=0.00s Sys=0.00s Real=0.00s
[49.812s][info][gc,start       ] GC(15) Pause Full (System.gc())
[49.812s][info][gc,phases,start] GC(15) Marking Phase
[49.815s][info][gc,phases      ] GC(15) Marking Phase 3.208ms
[49.815s][info][gc,phases,start] GC(15) Summary Phase
[49.815s][info][gc,phases      ] GC(15) Summary Phase 0.009ms
[49.815s][info][gc,phases,start] GC(15) Adjust Roots
[49.816s][info][gc,phases      ] GC(15) Adjust Roots 1.390ms
[49.816s][info][gc,phases,start] GC(15) Compaction Phase
[49.818s][info][gc,phases      ] GC(15) Compaction Phase 1.309ms
[49.818s][info][gc,phases,start] GC(15) Post Compact
[49.818s][info][gc,phases      ] GC(15) Post Compact 0.494ms
[49.818s][info][gc,heap        ] GC(15) PSYoungGen: 96K(1223168K)->0K(1223168K) Eden: 0K(1048576K)->0K(1048576K) From: 96K(174592K)->0K(174592K)
[49.818s][info][gc,heap        ] GC(15) ParOldGen: 2897K(2796544K)->2897K(2796544K)
[49.818s][info][gc,metaspace   ] GC(15) Metaspace: 5485K(5632K)->5485K(5632K) NonClass: 4882K(4928K)->4882K(4928K) Class: 603K(704K)->603K(704K)
[49.818s][info][gc             ] GC(15) Pause Full (System.gc()) 2M->2M(3925M) 6.615ms
[49.818s][info][gc,cpu         ] GC(15) User=0.00s Sys=0.00s Real=0.00s
[56.911s][info][gc,start       ] GC(16) Pause Young (System.gc())
[56.912s][info][gc,heap        ] GC(16) PSYoungGen: 230686K(1223168K)->128K(1223168K) Eden: 230686K(1048576K)->0K(1048576K) From: 0K(174592K)->128K(174592K)
[56.912s][info][gc,heap        ] GC(16) ParOldGen: 2897K(2796544K)->2905K(2796544K)
[56.912s][info][gc,metaspace   ] GC(16) Metaspace: 5496K(5696K)->5496K(5696K) NonClass: 4892K(4992K)->4892K(4992K) Class: 603K(704K)->603K(704K)
[56.912s][info][gc             ] GC(16) Pause Young (System.gc()) 228M->2M(3925M) 0.357ms
[56.912s][info][gc,cpu         ] GC(16) User=0.00s Sys=0.00s Real=0.00s
[56.912s][info][gc,start       ] GC(17) Pause Full (System.gc())
[56.912s][info][gc,phases,start] GC(17) Marking Phase
[56.915s][info][gc,phases      ] GC(17) Marking Phase 3.193ms
[56.915s][info][gc,phases,start] GC(17) Summary Phase
[56.915s][info][gc,phases      ] GC(17) Summary Phase 0.009ms
[56.915s][info][gc,phases,start] GC(17) Adjust Roots
[56.917s][info][gc,phases      ] GC(17) Adjust Roots 1.559ms
[56.917s][info][gc,phases,start] GC(17) Compaction Phase
[56.919s][info][gc,phases      ] GC(17) Compaction Phase 2.036ms
[56.919s][info][gc,phases,start] GC(17) Post Compact
[56.919s][info][gc,phases      ] GC(17) Post Compact 0.565ms
[56.919s][info][gc,heap        ] GC(17) PSYoungGen: 128K(1223168K)->0K(1223168K) Eden: 0K(1048576K)->0K(1048576K) From: 128K(174592K)->0K(174592K)
[56.919s][info][gc,heap        ] GC(17) ParOldGen: 2905K(2796544K)->2899K(2796544K)
[56.919s][info][gc,metaspace   ] GC(17) Metaspace: 5496K(5696K)->5496K(5696K) NonClass: 4892K(4992K)->4892K(4992K) Class: 603K(704K)->603K(704K)
[56.920s][info][gc             ] GC(17) Pause Full (System.gc()) 2M->2M(3925M) 7.689ms
[56.920s][info][gc,cpu         ] GC(17) User=0.00s Sys=0.03s Real=0.00s
[63.960s][info][gc,start       ] GC(18) Pause Young (System.gc())
[63.960s][info][gc,heap        ] GC(18) PSYoungGen: 209715K(1223168K)->128K(1223168K) Eden: 209715K(1048576K)->0K(1048576K) From: 0K(174592K)->128K(174592K)
[63.960s][info][gc,heap        ] GC(18) ParOldGen: 2899K(2796544K)->2899K(2796544K)
[63.960s][info][gc,metaspace   ] GC(18) Metaspace: 5502K(5696K)->5502K(5696K) NonClass: 4898K(4992K)->4898K(4992K) Class: 603K(704K)->603K(704K)
[63.960s][info][gc             ] GC(18) Pause Young (System.gc()) 207M->2M(3925M) 0.303ms
[63.960s][info][gc,cpu         ] GC(18) User=0.00s Sys=0.00s Real=0.00s
[63.960s][info][gc,start       ] GC(19) Pause Full (System.gc())
[63.960s][info][gc,phases,start] GC(19) Marking Phase
[63.963s][info][gc,phases      ] GC(19) Marking Phase 3.200ms
[63.963s][info][gc,phases,start] GC(19) Summary Phase
[63.963s][info][gc,phases      ] GC(19) Summary Phase 0.009ms
[63.963s][info][gc,phases,start] GC(19) Adjust Roots
[63.965s][info][gc,phases      ] GC(19) Adjust Roots 1.522ms
[63.965s][info][gc,phases,start] GC(19) Compaction Phase
[63.967s][info][gc,phases      ] GC(19) Compaction Phase 1.852ms
[63.967s][info][gc,phases,start] GC(19) Post Compact
[63.967s][info][gc,phases      ] GC(19) Post Compact 0.493ms
[63.967s][info][gc,heap        ] GC(19) PSYoungGen: 128K(1223168K)->0K(1223168K) Eden: 0K(1048576K)->0K(1048576K) From: 128K(174592K)->0K(174592K)
[63.967s][info][gc,heap        ] GC(19) ParOldGen: 2899K(2796544K)->2899K(2796544K)
[63.967s][info][gc,metaspace   ] GC(19) Metaspace: 5502K(5696K)->5502K(5696K) NonClass: 4898K(4992K)->4898K(4992K) Class: 603K(704K)->603K(704K)
[63.967s][info][gc             ] GC(19) Pause Full (System.gc()) 2M->2M(3925M) 7.263ms
[63.967s][info][gc,cpu         ] GC(19) User=0.02s Sys=0.00s Real=0.00s
[71.049s][info][gc,heap,exit   ] Heap
[71.049s][info][gc,heap,exit   ]  PSYoungGen      total 1223168K, used 209715K [0x00000007aab00000, 0x0000000800000000, 0x0000000800000000)
[71.050s][info][gc,heap,exit   ]   eden space 1048576K, 20% used [0x00000007aab00000,0x00000007b77ccdd0,0x00000007eab00000)
[71.050s][info][gc,heap,exit   ]   from space 174592K, 0% used [0x00000007f5580000,0x00000007f5580000,0x0000000800000000)
[71.050s][info][gc,heap,exit   ]   to   space 174592K, 0% used [0x00000007eab00000,0x00000007eab00000,0x00000007f5580000)
[71.050s][info][gc,heap,exit   ]  ParOldGen       total 2796544K, used 2899K [0x0000000700000000, 0x00000007aab00000, 0x00000007aab00000)
[71.050s][info][gc,heap,exit   ]   object space 2796544K, 0% used [0x0000000700000000,0x00000007002d4d18,0x00000007aab00000)
[71.050s][info][gc,heap,exit   ]  Metaspace       used 5510K, committed 5696K, reserved 1114112K
[71.050s][info][gc,heap,exit   ]   class space    used 603K, committed 704K, reserved 1048576K
