[0.010s][info][gc] Using Parallel
[0.028s][info][gc,init] Version: 17.0.12+7-adhoc..jdk17u (release)
[0.028s][info][gc,init] CPUs: 6 total, 6 available
[0.028s][info][gc,init] Memory: 15591M
[0.028s][info][gc,init] Large Page Support: Disabled
[0.028s][info][gc,init] NUMA Support: Disabled
[0.028s][info][gc,init] Compressed Oops: Enabled (Zero based)
[0.028s][info][gc,init] Alignments: Space 512K, Generation 512K, Heap 2M
[0.028s][info][gc,init] Heap Min Capacity: 8G
[0.028s][info][gc,init] Heap Initial Capacity: 8G
[0.028s][info][gc,init] Heap Max Capacity: 8G
[0.028s][info][gc,init] Pre-touch: Disabled
[0.028s][info][gc,init] Parallel Workers: 6
[0.035s][info][gc,metaspace] CDS archive(s) mapped at: [0x0000016039000000-0x0000016039bc0000-0x0000016039bc0000), size 12320768, SharedBaseAddress: 0x0000016039000000, ArchiveRelocationMode: 1.
[0.035s][info][gc,metaspace] Compressed class space mapped at: 0x000001603a000000-0x000001607a000000, reserved size: 1073741824
[0.035s][info][gc,metaspace] Narrow klass base: 0x0000016039000000, Narrow klass shift: 0, Narrow klass range: 0x100000000
[0.316s][info][gc,start    ] GC(0) Pause Young (System.gc())
[0.319s][info][gc,heap     ] GC(0) PSYoungGen: 167877K(2446848K)->2708K(2446848K) Eden: 167877K(2097664K)->0K(2097664K) From: 0K(349184K)->2708K(349184K)
[0.319s][info][gc,heap     ] GC(0) ParOldGen: 0K(5592576K)->8K(5592576K)
[0.319s][info][gc,metaspace] GC(0) Metaspace: 2922K(3136K)->2922K(3136K) NonClass: 2647K(2752K)->2647K(2752K) Class: 275K(384K)->275K(384K)
[0.319s][info][gc          ] GC(0) Pause Young (System.gc()) 163M->2M(7851M) 2.812ms
[0.319s][info][gc,cpu      ] GC(0) User=0.00s Sys=0.00s Real=0.01s
[0.319s][info][gc,start    ] GC(1) Pause Full (System.gc())
[0.319s][info][gc,phases,start] GC(1) Marking Phase
[0.321s][info][gc,phases      ] GC(1) Marking Phase 1.830ms
[0.321s][info][gc,phases,start] GC(1) Summary Phase
[0.321s][info][gc,phases      ] GC(1) Summary Phase 0.015ms
[0.321s][info][gc,phases,start] GC(1) Adjust Roots
[0.322s][info][gc,phases      ] GC(1) Adjust Roots 0.700ms
[0.322s][info][gc,phases,start] GC(1) Compaction Phase
[0.324s][info][gc,phases      ] GC(1) Compaction Phase 2.447ms
[0.324s][info][gc,phases,start] GC(1) Post Compact
[0.325s][info][gc,phases      ] GC(1) Post Compact 0.475ms
[0.325s][info][gc,heap        ] GC(1) PSYoungGen: 2708K(2446848K)->0K(2446848K) Eden: 0K(2097664K)->0K(2097664K) From: 2708K(349184K)->0K(349184K)
[0.325s][info][gc,heap        ] GC(1) ParOldGen: 8K(5592576K)->2540K(5592576K)
[0.325s][info][gc,metaspace   ] GC(1) Metaspace: 2922K(3136K)->2922K(3136K) NonClass: 2647K(2752K)->2647K(2752K) Class: 275K(384K)->275K(384K)
[0.325s][info][gc             ] GC(1) Pause Full (System.gc()) 2M->2M(7851M) 5.641ms
[0.325s][info][gc,cpu         ] GC(1) User=0.00s Sys=0.00s Real=0.00s
[7.590s][info][gc,start       ] GC(2) Pause Young (System.gc())
[7.591s][info][gc,heap        ] GC(2) PSYoungGen: 314649K(2446848K)->1925K(2446848K) Eden: 314649K(2097664K)->0K(2097664K) From: 0K(349184K)->1925K(349184K)
[7.591s][info][gc,heap        ] GC(2) ParOldGen: 2540K(5592576K)->2548K(5592576K)
[7.591s][info][gc,metaspace   ] GC(2) Metaspace: 5398K(5568K)->5398K(5568K) NonClass: 4795K(4864K)->4795K(4864K) Class: 602K(704K)->602K(704K)
[7.591s][info][gc             ] GC(2) Pause Young (System.gc()) 309M->4M(7851M) 1.412ms
[7.592s][info][gc,cpu         ] GC(2) User=0.00s Sys=0.00s Real=0.00s
[7.592s][info][gc,start       ] GC(3) Pause Full (System.gc())
[7.592s][info][gc,phases,start] GC(3) Marking Phase
[7.594s][info][gc,phases      ] GC(3) Marking Phase 2.936ms
[7.595s][info][gc,phases,start] GC(3) Summary Phase
[7.595s][info][gc,phases      ] GC(3) Summary Phase 0.009ms
[7.595s][info][gc,phases,start] GC(3) Adjust Roots
[7.596s][info][gc,phases      ] GC(3) Adjust Roots 1.519ms
[7.596s][info][gc,phases,start] GC(3) Compaction Phase
[7.599s][info][gc,phases      ] GC(3) Compaction Phase 3.400ms
[7.600s][info][gc,phases,start] GC(3) Post Compact
[7.600s][info][gc,phases      ] GC(3) Post Compact 0.620ms
[7.600s][info][gc,heap        ] GC(3) PSYoungGen: 1925K(2446848K)->0K(2446848K) Eden: 0K(2097664K)->0K(2097664K) From: 1925K(349184K)->0K(349184K)
[7.600s][info][gc,heap        ] GC(3) ParOldGen: 2548K(5592576K)->2896K(5592576K)
[7.600s][info][gc,metaspace   ] GC(3) Metaspace: 5398K(5568K)->5398K(5568K) NonClass: 4795K(4864K)->4795K(4864K) Class: 602K(704K)->602K(704K)
[7.600s][info][gc             ] GC(3) Pause Full (System.gc()) 4M->2M(7851M) 8.751ms
[7.600s][info][gc,cpu         ] GC(3) User=0.02s Sys=0.08s Real=0.02s
[14.651s][info][gc,start       ] GC(4) Pause Young (System.gc())
[14.651s][info][gc,heap        ] GC(4) PSYoungGen: 314649K(2446848K)->128K(2446848K) Eden: 314649K(2097664K)->0K(2097664K) From: 0K(349184K)->128K(349184K)
[14.651s][info][gc,heap        ] GC(4) ParOldGen: 2896K(5592576K)->2904K(5592576K)
[14.651s][info][gc,metaspace   ] GC(4) Metaspace: 5433K(5632K)->5433K(5632K) NonClass: 4830K(4928K)->4830K(4928K) Class: 602K(704K)->602K(704K)
[14.651s][info][gc             ] GC(4) Pause Young (System.gc()) 310M->2M(7851M) 0.261ms
[14.651s][info][gc,cpu         ] GC(4) User=0.00s Sys=0.00s Real=0.00s
[14.651s][info][gc,start       ] GC(5) Pause Full (System.gc())
[14.651s][info][gc,phases,start] GC(5) Marking Phase
[14.654s][info][gc,phases      ] GC(5) Marking Phase 3.055ms
[14.654s][info][gc,phases,start] GC(5) Summary Phase
[14.654s][info][gc,phases      ] GC(5) Summary Phase 0.009ms
[14.654s][info][gc,phases,start] GC(5) Adjust Roots
[14.656s][info][gc,phases      ] GC(5) Adjust Roots 1.368ms
[14.656s][info][gc,phases,start] GC(5) Compaction Phase
[14.658s][info][gc,phases      ] GC(5) Compaction Phase 2.400ms
[14.658s][info][gc,phases,start] GC(5) Post Compact
[14.658s][info][gc,phases      ] GC(5) Post Compact 0.407ms
[14.658s][info][gc,heap        ] GC(5) PSYoungGen: 128K(2446848K)->0K(2446848K) Eden: 0K(2097664K)->0K(2097664K) From: 128K(349184K)->0K(349184K)
[14.658s][info][gc,heap        ] GC(5) ParOldGen: 2904K(5592576K)->2896K(5592576K)
[14.658s][info][gc,metaspace   ] GC(5) Metaspace: 5433K(5632K)->5433K(5632K) NonClass: 4830K(4928K)->4830K(4928K) Class: 602K(704K)->602K(704K)
[14.658s][info][gc             ] GC(5) Pause Full (System.gc()) 2M->2M(7851M) 7.448ms
[14.658s][info][gc,cpu         ] GC(5) User=0.09s Sys=0.00s Real=0.00s
[21.690s][info][gc,start       ] GC(6) Pause Young (System.gc())
[21.691s][info][gc,heap        ] GC(6) PSYoungGen: 209766K(2446848K)->96K(2446848K) Eden: 209766K(2097664K)->0K(2097664K) From: 0K(349184K)->96K(349184K)
[21.691s][info][gc,heap        ] GC(6) ParOldGen: 2896K(5592576K)->2904K(5592576K)
[21.691s][info][gc,metaspace   ] GC(6) Metaspace: 5452K(5632K)->5452K(5632K) NonClass: 4849K(4928K)->4849K(4928K) Class: 602K(704K)->602K(704K)
[21.691s][info][gc             ] GC(6) Pause Young (System.gc()) 207M->2M(7851M) 0.291ms
[21.691s][info][gc,cpu         ] GC(6) User=0.00s Sys=0.00s Real=0.00s
[21.691s][info][gc,start       ] GC(7) Pause Full (System.gc())
[21.691s][info][gc,phases,start] GC(7) Marking Phase
[21.694s][info][gc,phases      ] GC(7) Marking Phase 3.143ms
[21.694s][info][gc,phases,start] GC(7) Summary Phase
[21.694s][info][gc,phases      ] GC(7) Summary Phase 0.009ms
[21.694s][info][gc,phases,start] GC(7) Adjust Roots
[21.695s][info][gc,phases      ] GC(7) Adjust Roots 1.433ms
[21.695s][info][gc,phases,start] GC(7) Compaction Phase
[21.697s][info][gc,phases      ] GC(7) Compaction Phase 1.547ms
[21.697s][info][gc,phases,start] GC(7) Post Compact
[21.698s][info][gc,phases      ] GC(7) Post Compact 0.562ms
[21.698s][info][gc,heap        ] GC(7) PSYoungGen: 96K(2446848K)->0K(2446848K) Eden: 0K(2097664K)->0K(2097664K) From: 96K(349184K)->0K(349184K)
[21.698s][info][gc,heap        ] GC(7) ParOldGen: 2904K(5592576K)->2896K(5592576K)
[21.698s][info][gc,metaspace   ] GC(7) Metaspace: 5452K(5632K)->5452K(5632K) NonClass: 4849K(4928K)->4849K(4928K) Class: 602K(704K)->602K(704K)
[21.698s][info][gc             ] GC(7) Pause Full (System.gc()) 2M->2M(7851M) 6.892ms
[21.698s][info][gc,cpu         ] GC(7) User=0.00s Sys=0.00s Real=0.00s
[28.658s][info][gc,start       ] GC(8) Pause Young (System.gc())
[28.658s][info][gc,heap        ] GC(8) PSYoungGen: 230743K(2446848K)->128K(2446848K) Eden: 230743K(2097664K)->0K(2097664K) From: 0K(349184K)->128K(349184K)
[28.658s][info][gc,heap        ] GC(8) ParOldGen: 2896K(5592576K)->2896K(5592576K)
[28.658s][info][gc,metaspace   ] GC(8) Metaspace: 5459K(5632K)->5459K(5632K) NonClass: 4857K(4928K)->4857K(4928K) Class: 602K(704K)->602K(704K)
[28.658s][info][gc             ] GC(8) Pause Young (System.gc()) 228M->2M(7851M) 0.315ms
[28.658s][info][gc,cpu         ] GC(8) User=0.00s Sys=0.00s Real=0.00s
[28.658s][info][gc,start       ] GC(9) Pause Full (System.gc())
[28.658s][info][gc,phases,start] GC(9) Marking Phase
[28.661s][info][gc,phases      ] GC(9) Marking Phase 3.179ms
[28.661s][info][gc,phases,start] GC(9) Summary Phase
[28.661s][info][gc,phases      ] GC(9) Summary Phase 0.009ms
[28.661s][info][gc,phases,start] GC(9) Adjust Roots
[28.663s][info][gc,phases      ] GC(9) Adjust Roots 1.215ms
[28.663s][info][gc,phases,start] GC(9) Compaction Phase
[28.664s][info][gc,phases      ] GC(9) Compaction Phase 1.362ms
[28.664s][info][gc,phases,start] GC(9) Post Compact
[28.665s][info][gc,phases      ] GC(9) Post Compact 0.391ms
[28.665s][info][gc,heap        ] GC(9) PSYoungGen: 128K(2446848K)->0K(2446848K) Eden: 0K(2097664K)->0K(2097664K) From: 128K(349184K)->0K(349184K)
[28.665s][info][gc,heap        ] GC(9) ParOldGen: 2896K(5592576K)->2897K(5592576K)
[28.665s][info][gc,metaspace   ] GC(9) Metaspace: 5459K(5632K)->5459K(5632K) NonClass: 4857K(4928K)->4857K(4928K) Class: 602K(704K)->602K(704K)
[28.665s][info][gc             ] GC(9) Pause Full (System.gc()) 2M->2M(7851M) 6.309ms
[28.665s][info][gc,cpu         ] GC(9) User=0.00s Sys=0.00s Real=0.00s
[35.620s][info][gc,start       ] GC(10) Pause Young (System.gc())
[35.620s][info][gc,heap        ] GC(10) PSYoungGen: 230743K(2446848K)->128K(2446848K) Eden: 230743K(2097664K)->0K(2097664K) From: 0K(349184K)->128K(349184K)
[35.620s][info][gc,heap        ] GC(10) ParOldGen: 2897K(5592576K)->2897K(5592576K)
[35.620s][info][gc,metaspace   ] GC(10) Metaspace: 5468K(5632K)->5468K(5632K) NonClass: 4865K(4928K)->4865K(4928K) Class: 602K(704K)->602K(704K)
[35.620s][info][gc             ] GC(10) Pause Young (System.gc()) 228M->2M(7851M) 0.356ms
[35.620s][info][gc,cpu         ] GC(10) User=0.00s Sys=0.00s Real=0.00s
[35.620s][info][gc,start       ] GC(11) Pause Full (System.gc())
[35.620s][info][gc,phases,start] GC(11) Marking Phase
[35.624s][info][gc,phases      ] GC(11) Marking Phase 3.257ms
[35.624s][info][gc,phases,start] GC(11) Summary Phase
[35.624s][info][gc,phases      ] GC(11) Summary Phase 0.009ms
[35.624s][info][gc,phases,start] GC(11) Adjust Roots
[35.626s][info][gc,phases      ] GC(11) Adjust Roots 2.227ms
[35.626s][info][gc,phases,start] GC(11) Compaction Phase
[35.628s][info][gc,phases      ] GC(11) Compaction Phase 1.957ms
[35.628s][info][gc,phases,start] GC(11) Post Compact
[35.628s][info][gc,phases      ] GC(11) Post Compact 0.395ms
[35.628s][info][gc,heap        ] GC(11) PSYoungGen: 128K(2446848K)->0K(2446848K) Eden: 0K(2097664K)->0K(2097664K) From: 128K(349184K)->0K(349184K)
[35.628s][info][gc,heap        ] GC(11) ParOldGen: 2897K(5592576K)->2897K(5592576K)
[35.628s][info][gc,metaspace   ] GC(11) Metaspace: 5468K(5632K)->5468K(5632K) NonClass: 4865K(4928K)->4865K(4928K) Class: 602K(704K)->602K(704K)
[35.628s][info][gc             ] GC(11) Pause Full (System.gc()) 2M->2M(7851M) 8.021ms
[35.628s][info][gc,cpu         ] GC(11) User=0.02s Sys=0.00s Real=0.01s
[42.559s][info][gc,start       ] GC(12) Pause Young (System.gc())
[42.559s][info][gc,heap        ] GC(12) PSYoungGen: 230743K(2446848K)->96K(2446848K) Eden: 230743K(2097664K)->0K(2097664K) From: 0K(349184K)->96K(349184K)
[42.559s][info][gc,heap        ] GC(12) ParOldGen: 2897K(5592576K)->2897K(5592576K)
[42.559s][info][gc,metaspace   ] GC(12) Metaspace: 5474K(5632K)->5474K(5632K) NonClass: 4871K(4928K)->4871K(4928K) Class: 602K(704K)->602K(704K)
[42.559s][info][gc             ] GC(12) Pause Young (System.gc()) 228M->2M(7851M) 0.235ms
[42.559s][info][gc,cpu         ] GC(12) User=0.00s Sys=0.00s Real=0.00s
[42.559s][info][gc,start       ] GC(13) Pause Full (System.gc())
[42.559s][info][gc,phases,start] GC(13) Marking Phase
[42.562s][info][gc,phases      ] GC(13) Marking Phase 3.171ms
[42.562s][info][gc,phases,start] GC(13) Summary Phase
[42.562s][info][gc,phases      ] GC(13) Summary Phase 0.009ms
[42.562s][info][gc,phases,start] GC(13) Adjust Roots
[42.564s][info][gc,phases      ] GC(13) Adjust Roots 2.252ms
[42.564s][info][gc,phases,start] GC(13) Compaction Phase
[42.566s][info][gc,phases      ] GC(13) Compaction Phase 1.474ms
[42.566s][info][gc,phases,start] GC(13) Post Compact
[42.566s][info][gc,phases      ] GC(13) Post Compact 0.390ms
[42.566s][info][gc,heap        ] GC(13) PSYoungGen: 96K(2446848K)->0K(2446848K) Eden: 0K(2097664K)->0K(2097664K) From: 96K(349184K)->0K(349184K)
[42.566s][info][gc,heap        ] GC(13) ParOldGen: 2897K(5592576K)->2897K(5592576K)
[42.566s][info][gc,metaspace   ] GC(13) Metaspace: 5474K(5632K)->5474K(5632K) NonClass: 4871K(4928K)->4871K(4928K) Class: 602K(704K)->602K(704K)
[42.566s][info][gc             ] GC(13) Pause Full (System.gc()) 2M->2M(7851M) 7.470ms
[42.566s][info][gc,cpu         ] GC(13) User=0.00s Sys=0.02s Real=0.00s
[49.478s][info][gc,start       ] GC(14) Pause Young (System.gc())
[49.478s][info][gc,heap        ] GC(14) PSYoungGen: 419533K(2446848K)->128K(2446848K) Eden: 419533K(2097664K)->0K(2097664K) From: 0K(349184K)->128K(349184K)
[49.478s][info][gc,heap        ] GC(14) ParOldGen: 2897K(5592576K)->2897K(5592576K)
[49.478s][info][gc,metaspace   ] GC(14) Metaspace: 5479K(5632K)->5479K(5632K) NonClass: 4876K(4928K)->4876K(4928K) Class: 602K(704K)->602K(704K)
[49.478s][info][gc             ] GC(14) Pause Young (System.gc()) 412M->2M(7851M) 0.239ms
[49.478s][info][gc,cpu         ] GC(14) User=0.00s Sys=0.00s Real=0.00s
[49.478s][info][gc,start       ] GC(15) Pause Full (System.gc())
[49.478s][info][gc,phases,start] GC(15) Marking Phase
[49.482s][info][gc,phases      ] GC(15) Marking Phase 3.206ms
[49.482s][info][gc,phases,start] GC(15) Summary Phase
[49.482s][info][gc,phases      ] GC(15) Summary Phase 0.009ms
[49.482s][info][gc,phases,start] GC(15) Adjust Roots
[49.483s][info][gc,phases      ] GC(15) Adjust Roots 1.283ms
[49.483s][info][gc,phases,start] GC(15) Compaction Phase
[49.485s][info][gc,phases      ] GC(15) Compaction Phase 2.186ms
[49.485s][info][gc,phases,start] GC(15) Post Compact
[49.486s][info][gc,phases      ] GC(15) Post Compact 0.394ms
[49.486s][info][gc,heap        ] GC(15) PSYoungGen: 128K(2446848K)->0K(2446848K) Eden: 0K(2097664K)->0K(2097664K) From: 128K(349184K)->0K(349184K)
[49.486s][info][gc,heap        ] GC(15) ParOldGen: 2897K(5592576K)->2897K(5592576K)
[49.486s][info][gc,metaspace   ] GC(15) Metaspace: 5479K(5632K)->5479K(5632K) NonClass: 4876K(4928K)->4876K(4928K) Class: 602K(704K)->602K(704K)
[49.486s][info][gc             ] GC(15) Pause Full (System.gc()) 2M->2M(7851M) 7.259ms
[49.486s][info][gc,cpu         ] GC(15) User=0.02s Sys=0.00s Real=0.00s
[56.371s][info][gc,start       ] GC(16) Pause Young (System.gc())
[56.371s][info][gc,heap        ] GC(16) PSYoungGen: 461486K(2446848K)->96K(2446848K) Eden: 461486K(2097664K)->0K(2097664K) From: 0K(349184K)->96K(349184K)
[56.371s][info][gc,heap        ] GC(16) ParOldGen: 2897K(5592576K)->2905K(5592576K)
[56.371s][info][gc,metaspace   ] GC(16) Metaspace: 5489K(5696K)->5489K(5696K) NonClass: 4886K(4992K)->4886K(4992K) Class: 603K(704K)->603K(704K)
[56.371s][info][gc             ] GC(16) Pause Young (System.gc()) 453M->2M(7851M) 0.285ms
[56.371s][info][gc,cpu         ] GC(16) User=0.00s Sys=0.00s Real=0.00s
[56.371s][info][gc,start       ] GC(17) Pause Full (System.gc())
[56.371s][info][gc,phases,start] GC(17) Marking Phase
[56.374s][info][gc,phases      ] GC(17) Marking Phase 3.089ms
[56.374s][info][gc,phases,start] GC(17) Summary Phase
[56.374s][info][gc,phases      ] GC(17) Summary Phase 0.010ms
[56.374s][info][gc,phases,start] GC(17) Adjust Roots
[56.376s][info][gc,phases      ] GC(17) Adjust Roots 1.505ms
[56.376s][info][gc,phases,start] GC(17) Compaction Phase
[56.378s][info][gc,phases      ] GC(17) Compaction Phase 2.465ms
[56.378s][info][gc,phases,start] GC(17) Post Compact
[56.379s][info][gc,phases      ] GC(17) Post Compact 0.419ms
[56.379s][info][gc,heap        ] GC(17) PSYoungGen: 96K(2446848K)->0K(2446848K) Eden: 0K(2097664K)->0K(2097664K) From: 96K(349184K)->0K(349184K)
[56.379s][info][gc,heap        ] GC(17) ParOldGen: 2905K(5592576K)->2899K(5592576K)
[56.379s][info][gc,metaspace   ] GC(17) Metaspace: 5489K(5696K)->5489K(5696K) NonClass: 4886K(4992K)->4886K(4992K) Class: 603K(704K)->603K(704K)
[56.379s][info][gc             ] GC(17) Pause Full (System.gc()) 2M->2M(7851M) 7.790ms
[56.379s][info][gc,cpu         ] GC(17) User=0.00s Sys=0.02s Real=0.00s
[63.351s][info][gc,start       ] GC(18) Pause Young (System.gc())
[63.351s][info][gc,heap        ] GC(18) PSYoungGen: 230743K(2446848K)->96K(2446848K) Eden: 230743K(2097664K)->0K(2097664K) From: 0K(349184K)->96K(349184K)
[63.351s][info][gc,heap        ] GC(18) ParOldGen: 2899K(5592576K)->2899K(5592576K)
[63.351s][info][gc,metaspace   ] GC(18) Metaspace: 5497K(5696K)->5497K(5696K) NonClass: 4894K(4992K)->4894K(4992K) Class: 603K(704K)->603K(704K)
[63.351s][info][gc             ] GC(18) Pause Young (System.gc()) 228M->2M(7851M) 0.308ms
[63.351s][info][gc,cpu         ] GC(18) User=0.00s Sys=0.00s Real=0.00s
[63.351s][info][gc,start       ] GC(19) Pause Full (System.gc())
[63.352s][info][gc,phases,start] GC(19) Marking Phase
[63.355s][info][gc,phases      ] GC(19) Marking Phase 3.261ms
[63.355s][info][gc,phases,start] GC(19) Summary Phase
[63.355s][info][gc,phases      ] GC(19) Summary Phase 0.008ms
[63.355s][info][gc,phases,start] GC(19) Adjust Roots
[63.356s][info][gc,phases      ] GC(19) Adjust Roots 1.625ms
[63.356s][info][gc,phases,start] GC(19) Compaction Phase
[63.358s][info][gc,phases      ] GC(19) Compaction Phase 1.778ms
[63.358s][info][gc,phases,start] GC(19) Post Compact
[63.359s][info][gc,phases      ] GC(19) Post Compact 0.393ms
[63.359s][info][gc,heap        ] GC(19) PSYoungGen: 96K(2446848K)->0K(2446848K) Eden: 0K(2097664K)->0K(2097664K) From: 96K(349184K)->0K(349184K)
[63.359s][info][gc,heap        ] GC(19) ParOldGen: 2899K(5592576K)->2899K(5592576K)
[63.359s][info][gc,metaspace   ] GC(19) Metaspace: 5497K(5696K)->5497K(5696K) NonClass: 4894K(4992K)->4894K(4992K) Class: 603K(704K)->603K(704K)
[63.359s][info][gc             ] GC(19) Pause Full (System.gc()) 2M->2M(7851M) 7.228ms
[63.359s][info][gc,cpu         ] GC(19) User=0.00s Sys=0.09s Real=0.01s
[70.376s][info][gc,heap,exit   ] Heap
[70.376s][info][gc,heap,exit   ]  PSYoungGen      total 2446848K, used 419533K [0x0000000755580000, 0x0000000800000000, 0x0000000800000000)
[70.376s][info][gc,heap,exit   ]   eden space 2097664K, 20% used [0x0000000755580000,0x000000076ef33420,0x00000007d5600000)
[70.376s][info][gc,heap,exit   ]   from space 349184K, 0% used [0x00000007eab00000,0x00000007eab00000,0x0000000800000000)
[70.376s][info][gc,heap,exit   ]   to   space 349184K, 0% used [0x00000007d5600000,0x00000007d5600000,0x00000007eab00000)
[70.376s][info][gc,heap,exit   ]  ParOldGen       total 5592576K, used 2899K [0x0000000600000000, 0x0000000755580000, 0x0000000755580000)
[70.376s][info][gc,heap,exit   ]   object space 5592576K, 0% used [0x0000000600000000,0x00000006002d4c70,0x0000000755580000)
[70.376s][info][gc,heap,exit   ]  Metaspace       used 5505K, committed 5696K, reserved 1114112K
[70.376s][info][gc,heap,exit   ]   class space    used 603K, committed 704K, reserved 1048576K
