[0.011s][info][gc] Using Parallel
[0.011s][info][gc,heap,coops] Heap address: 0x00000000c0000000, size: 1024 MB, Compressed Oops mode: 32-bit
[1.380s][info][gc,start     ] GC(0) Pause Young (Allocation Failure)
[1.398s][info][gc,heap      ] GC(0) PSYoungGen: 262144K->25848K(305664K)
[1.398s][info][gc,heap      ] GC(0) ParOldGen: 0K->16K(699392K)
[1.398s][info][gc,metaspace ] GC(0) Metaspace: 17326K(18048K)->17326K(18048K) NonClass: 15353K(15872K)->15353K(15872K) Class: 1973K(2176K)->1973K(2176K)
[1.398s][info][gc           ] GC(0) Pause Young (Allocation Failure) 256M->25M(981M) 17.766ms
[1.398s][info][gc,cpu       ] GC(0) User=0.08s Sys=0.00s Real=0.02s
[1.718s][info][gc,start     ] GC(1) Pause Young (System.gc())
[1.738s][info][gc,heap      ] GC(1) PSYoungGen: 251898K->34291K(305664K)
[1.738s][info][gc,heap      ] GC(1) ParOldGen: 16K->24K(699392K)
[1.738s][info][gc,metaspace ] GC(1) Metaspace: 17345K(18048K)->17345K(18048K) NonClass: 15370K(15872K)->15370K(15872K) Class: 1974K(2176K)->1974K(2176K)
[1.738s][info][gc           ] GC(1) Pause Young (System.gc()) 246M->33M(981M) 20.434ms
[1.738s][info][gc,cpu       ] GC(1) User=0.06s Sys=0.00s Real=0.01s
[1.738s][info][gc,start     ] GC(2) Pause Full (System.gc())
[1.738s][info][gc,phases,start] GC(2) Marking Phase
[1.763s][info][gc,phases      ] GC(2) Marking Phase 25.100ms
[1.763s][info][gc,phases,start] GC(2) Summary Phase
[1.763s][info][gc,phases      ] GC(2) Summary Phase 0.010ms
[1.763s][info][gc,phases,start] GC(2) Adjust Roots
[1.766s][info][gc,phases      ] GC(2) Adjust Roots 3.092ms
[1.766s][info][gc,phases,start] GC(2) Compaction Phase
[1.805s][info][gc,phases      ] GC(2) Compaction Phase 38.577ms
[1.805s][info][gc,phases,start] GC(2) Post Compact
[1.805s][info][gc,phases      ] GC(2) Post Compact 0.309ms
[1.805s][info][gc,heap        ] GC(2) PSYoungGen: 34291K->0K(305664K)
[1.805s][info][gc,heap        ] GC(2) ParOldGen: 24K->34132K(699392K)
[1.805s][info][gc,metaspace   ] GC(2) Metaspace: 17345K(18048K)->17345K(18048K) NonClass: 15370K(15872K)->15370K(15872K) Class: 1974K(2176K)->1974K(2176K)
[1.805s][info][gc             ] GC(2) Pause Full (System.gc()) 33M->33M(981M) 67.318ms
[1.805s][info][gc,cpu         ] GC(2) User=0.20s Sys=0.00s Real=0.08s
[2.333s][info][gc,start       ] GC(3) Pause Young (System.gc())
[2.334s][info][gc,heap        ] GC(3) PSYoungGen: 172726K->897K(305664K)
[2.334s][info][gc,heap        ] GC(3) ParOldGen: 34132K->34140K(699392K)
[2.334s][info][gc,metaspace   ] GC(3) Metaspace: 20210K(20992K)->20210K(20992K) NonClass: 17777K(18176K)->17777K(18176K) Class: 2433K(2816K)->2433K(2816K)
[2.334s][info][gc             ] GC(3) Pause Young (System.gc()) 202M->34M(981M) 1.008ms
[2.334s][info][gc,cpu         ] GC(3) User=0.00s Sys=0.00s Real=0.00s
[2.334s][info][gc,start       ] GC(4) Pause Full (System.gc())
[2.334s][info][gc,phases,start] GC(4) Marking Phase
[2.365s][info][gc,phases      ] GC(4) Marking Phase 31.423ms
[2.365s][info][gc,phases,start] GC(4) Summary Phase
[2.365s][info][gc,phases      ] GC(4) Summary Phase 0.009ms
[2.365s][info][gc,phases,start] GC(4) Adjust Roots
[2.368s][info][gc,phases      ] GC(4) Adjust Roots 3.114ms
[2.368s][info][gc,phases,start] GC(4) Compaction Phase
[2.404s][info][gc,phases      ] GC(4) Compaction Phase 35.145ms
[2.404s][info][gc,phases,start] GC(4) Post Compact
[2.404s][info][gc,phases      ] GC(4) Post Compact 0.508ms
[2.404s][info][gc,heap        ] GC(4) PSYoungGen: 897K->0K(305664K)
[2.404s][info][gc,heap        ] GC(4) ParOldGen: 34140K->34886K(699392K)
[2.404s][info][gc,metaspace   ] GC(4) Metaspace: 20210K(20992K)->20114K(20992K) NonClass: 17777K(18176K)->17716K(18176K) Class: 2433K(2816K)->2398K(2816K)
[2.404s][info][gc             ] GC(4) Pause Full (System.gc()) 34M->34M(981M) 70.427ms
[2.404s][info][gc,cpu         ] GC(4) User=0.06s Sys=0.00s Real=0.08s
[2.532s][info][gc,start       ] GC(5) Pause Young (System.gc())
[2.533s][info][gc,heap        ] GC(5) PSYoungGen: 154798K->128K(305664K)
[2.533s][info][gc,heap        ] GC(5) ParOldGen: 34886K->34894K(699392K)
[2.533s][info][gc,metaspace   ] GC(5) Metaspace: 20127K(20992K)->20127K(20992K) NonClass: 17729K(18176K)->17729K(18176K) Class: 2398K(2816K)->2398K(2816K)
[2.533s][info][gc             ] GC(5) Pause Young (System.gc()) 185M->34M(981M) 0.478ms
[2.533s][info][gc,cpu         ] GC(5) User=0.00s Sys=0.00s Real=0.00s
[2.533s][info][gc,start       ] GC(6) Pause Full (System.gc())
[2.533s][info][gc,phases,start] GC(6) Marking Phase
[2.556s][info][gc,phases      ] GC(6) Marking Phase 23.380ms
[2.556s][info][gc,phases,start] GC(6) Summary Phase
[2.556s][info][gc,phases      ] GC(6) Summary Phase 0.010ms
[2.556s][info][gc,phases,start] GC(6) Adjust Roots
[2.558s][info][gc,phases      ] GC(6) Adjust Roots 2.105ms
[2.558s][info][gc,phases,start] GC(6) Compaction Phase
[2.567s][info][gc,phases      ] GC(6) Compaction Phase 8.453ms
[2.567s][info][gc,phases,start] GC(6) Post Compact
[2.567s][info][gc,phases      ] GC(6) Post Compact 0.288ms
[2.567s][info][gc,heap        ] GC(6) PSYoungGen: 128K->0K(305664K)
[2.567s][info][gc,heap        ] GC(6) ParOldGen: 34894K->34879K(699392K)
[2.567s][info][gc,metaspace   ] GC(6) Metaspace: 20127K(20992K)->20127K(20992K) NonClass: 17729K(18176K)->17729K(18176K) Class: 2398K(2816K)->2398K(2816K)
[2.567s][info][gc             ] GC(6) Pause Full (System.gc()) 34M->34M(981M) 34.476ms
[2.567s][info][gc,cpu         ] GC(6) User=0.06s Sys=0.00s Real=0.03s
[2.666s][info][gc,start       ] GC(7) Pause Young (System.gc())
[2.666s][info][gc,heap        ] GC(7) PSYoungGen: 153302K->192K(305664K)
[2.666s][info][gc,heap        ] GC(7) ParOldGen: 34879K->34887K(699392K)
[2.666s][info][gc,metaspace   ] GC(7) Metaspace: 20141K(20992K)->20141K(20992K) NonClass: 17743K(18176K)->17743K(18176K) Class: 2398K(2816K)->2398K(2816K)
[2.666s][info][gc             ] GC(7) Pause Young (System.gc()) 183M->34M(981M) 0.446ms
[2.666s][info][gc,cpu         ] GC(7) User=0.00s Sys=0.00s Real=0.00s
[2.666s][info][gc,start       ] GC(8) Pause Full (System.gc())
[2.666s][info][gc,phases,start] GC(8) Marking Phase
[2.688s][info][gc,phases      ] GC(8) Marking Phase 21.906ms
[2.688s][info][gc,phases,start] GC(8) Summary Phase
[2.688s][info][gc,phases      ] GC(8) Summary Phase 0.010ms
[2.688s][info][gc,phases,start] GC(8) Adjust Roots
[2.690s][info][gc,phases      ] GC(8) Adjust Roots 2.190ms
[2.690s][info][gc,phases,start] GC(8) Compaction Phase
[2.699s][info][gc,phases      ] GC(8) Compaction Phase 8.433ms
[2.699s][info][gc,phases,start] GC(8) Post Compact
[2.699s][info][gc,phases      ] GC(8) Post Compact 0.273ms
[2.699s][info][gc,heap        ] GC(8) PSYoungGen: 192K->0K(305664K)
[2.699s][info][gc,heap        ] GC(8) ParOldGen: 34887K->34880K(699392K)
[2.699s][info][gc,metaspace   ] GC(8) Metaspace: 20141K(20992K)->20141K(20992K) NonClass: 17743K(18176K)->17743K(18176K) Class: 2398K(2816K)->2398K(2816K)
[2.699s][info][gc             ] GC(8) Pause Full (System.gc()) 34M->34M(981M) 33.030ms
[2.699s][info][gc,cpu         ] GC(8) User=0.08s Sys=0.00s Real=0.03s
[2.791s][info][gc,start       ] GC(9) Pause Young (System.gc())
[2.791s][info][gc,heap        ] GC(9) PSYoungGen: 150693K->128K(305664K)
[2.791s][info][gc,heap        ] GC(9) ParOldGen: 34880K->34880K(699392K)
[2.791s][info][gc,metaspace   ] GC(9) Metaspace: 20166K(21248K)->20166K(21248K) NonClass: 17768K(18432K)->17768K(18432K) Class: 2398K(2816K)->2398K(2816K)
[2.792s][info][gc             ] GC(9) Pause Young (System.gc()) 181M->34M(981M) 0.492ms
[2.792s][info][gc,cpu         ] GC(9) User=0.00s Sys=0.00s Real=0.00s
[2.792s][info][gc,start       ] GC(10) Pause Full (System.gc())
[2.792s][info][gc,phases,start] GC(10) Marking Phase
[2.822s][info][gc,phases      ] GC(10) Marking Phase 30.406ms
[2.822s][info][gc,phases,start] GC(10) Summary Phase
[2.822s][info][gc,phases      ] GC(10) Summary Phase 0.009ms
[2.822s][info][gc,phases,start] GC(10) Adjust Roots
[2.824s][info][gc,phases      ] GC(10) Adjust Roots 1.747ms
[2.824s][info][gc,phases,start] GC(10) Compaction Phase
[2.833s][info][gc,phases      ] GC(10) Compaction Phase 8.712ms
[2.833s][info][gc,phases,start] GC(10) Post Compact
[2.833s][info][gc,phases      ] GC(10) Post Compact 0.296ms
[2.833s][info][gc,heap        ] GC(10) PSYoungGen: 128K->0K(305664K)
[2.833s][info][gc,heap        ] GC(10) ParOldGen: 34880K->34880K(699392K)
[2.833s][info][gc,metaspace   ] GC(10) Metaspace: 20166K(21248K)->20166K(21248K) NonClass: 17768K(18432K)->17768K(18432K) Class: 2398K(2816K)->2398K(2816K)
[2.833s][info][gc             ] GC(10) Pause Full (System.gc()) 34M->34M(981M) 41.467ms
[2.833s][info][gc,cpu         ] GC(10) User=0.02s Sys=0.00s Real=0.03s
[2.942s][info][gc,start       ] GC(11) Pause Young (System.gc())
[2.942s][info][gc,heap        ] GC(11) PSYoungGen: 149658K->128K(305664K)
[2.942s][info][gc,heap        ] GC(11) ParOldGen: 34880K->34880K(699392K)
[2.942s][info][gc,metaspace   ] GC(11) Metaspace: 20204K(21248K)->20204K(21248K) NonClass: 17805K(18432K)->17805K(18432K) Class: 2398K(2816K)->2398K(2816K)
[2.942s][info][gc             ] GC(11) Pause Young (System.gc()) 180M->34M(981M) 0.513ms
[2.942s][info][gc,cpu         ] GC(11) User=0.00s Sys=0.00s Real=0.00s
[2.942s][info][gc,start       ] GC(12) Pause Full (System.gc())
[2.942s][info][gc,phases,start] GC(12) Marking Phase
[2.966s][info][gc,phases      ] GC(12) Marking Phase 23.502ms
[2.966s][info][gc,phases,start] GC(12) Summary Phase
[2.966s][info][gc,phases      ] GC(12) Summary Phase 0.009ms
[2.966s][info][gc,phases,start] GC(12) Adjust Roots
[2.968s][info][gc,phases      ] GC(12) Adjust Roots 1.771ms
[2.968s][info][gc,phases,start] GC(12) Compaction Phase
[2.977s][info][gc,phases      ] GC(12) Compaction Phase 9.546ms
[2.977s][info][gc,phases,start] GC(12) Post Compact
[2.978s][info][gc,phases      ] GC(12) Post Compact 0.320ms
[2.978s][info][gc,heap        ] GC(12) PSYoungGen: 128K->0K(305664K)
[2.978s][info][gc,heap        ] GC(12) ParOldGen: 34880K->34880K(699392K)
[2.978s][info][gc,metaspace   ] GC(12) Metaspace: 20204K(21248K)->20204K(21248K) NonClass: 17805K(18432K)->17805K(18432K) Class: 2398K(2816K)->2398K(2816K)
[2.978s][info][gc             ] GC(12) Pause Full (System.gc()) 34M->34M(981M) 35.381ms
[2.978s][info][gc,cpu         ] GC(12) User=0.12s Sys=0.00s Real=0.03s
[3.064s][info][gc,start       ] GC(13) Pause Young (System.gc())
[3.064s][info][gc,heap        ] GC(13) PSYoungGen: 149369K->160K(305664K)
[3.064s][info][gc,heap        ] GC(13) ParOldGen: 34880K->34880K(699392K)
[3.064s][info][gc,metaspace   ] GC(13) Metaspace: 20222K(21248K)->20222K(21248K) NonClass: 17824K(18432K)->17824K(18432K) Class: 2398K(2816K)->2398K(2816K)
[3.064s][info][gc             ] GC(13) Pause Young (System.gc()) 179M->34M(981M) 0.386ms
[3.064s][info][gc,cpu         ] GC(13) User=0.00s Sys=0.00s Real=0.00s
[3.064s][info][gc,start       ] GC(14) Pause Full (System.gc())
[3.064s][info][gc,phases,start] GC(14) Marking Phase
[3.088s][info][gc,phases      ] GC(14) Marking Phase 23.763ms
[3.088s][info][gc,phases,start] GC(14) Summary Phase
[3.088s][info][gc,phases      ] GC(14) Summary Phase 0.009ms
[3.088s][info][gc,phases,start] GC(14) Adjust Roots
[3.090s][info][gc,phases      ] GC(14) Adjust Roots 1.837ms
[3.090s][info][gc,phases,start] GC(14) Compaction Phase
[3.099s][info][gc,phases      ] GC(14) Compaction Phase 8.733ms
[3.099s][info][gc,phases,start] GC(14) Post Compact
[3.099s][info][gc,phases      ] GC(14) Post Compact 0.278ms
[3.099s][info][gc,heap        ] GC(14) PSYoungGen: 160K->0K(305664K)
[3.099s][info][gc,heap        ] GC(14) ParOldGen: 34880K->34880K(699392K)
[3.099s][info][gc,metaspace   ] GC(14) Metaspace: 20222K(21248K)->20222K(21248K) NonClass: 17824K(18432K)->17824K(18432K) Class: 2398K(2816K)->2398K(2816K)
[3.099s][info][gc             ] GC(14) Pause Full (System.gc()) 34M->34M(981M) 34.871ms
[3.099s][info][gc,cpu         ] GC(14) User=0.08s Sys=0.00s Real=0.03s
[3.183s][info][gc,start       ] GC(15) Pause Young (System.gc())
[3.183s][info][gc,heap        ] GC(15) PSYoungGen: 148215K->160K(305664K)
[3.183s][info][gc,heap        ] GC(15) ParOldGen: 34880K->34880K(699392K)
[3.183s][info][gc,metaspace   ] GC(15) Metaspace: 20255K(21248K)->20255K(21248K) NonClass: 17856K(18432K)->17856K(18432K) Class: 2398K(2816K)->2398K(2816K)
[3.183s][info][gc             ] GC(15) Pause Young (System.gc()) 178M->34M(981M) 0.448ms
[3.183s][info][gc,cpu         ] GC(15) User=0.02s Sys=0.00s Real=0.01s
[3.183s][info][gc,start       ] GC(16) Pause Full (System.gc())
[3.183s][info][gc,phases,start] GC(16) Marking Phase
[3.210s][info][gc,phases      ] GC(16) Marking Phase 26.506ms
[3.210s][info][gc,phases,start] GC(16) Summary Phase
[3.210s][info][gc,phases      ] GC(16) Summary Phase 0.011ms
[3.210s][info][gc,phases,start] GC(16) Adjust Roots
[3.212s][info][gc,phases      ] GC(16) Adjust Roots 1.809ms
[3.212s][info][gc,phases,start] GC(16) Compaction Phase
[3.221s][info][gc,phases      ] GC(16) Compaction Phase 8.742ms
[3.221s][info][gc,phases,start] GC(16) Post Compact
[3.221s][info][gc,phases      ] GC(16) Post Compact 0.280ms
[3.221s][info][gc,heap        ] GC(16) PSYoungGen: 160K->0K(305664K)
[3.221s][info][gc,heap        ] GC(16) ParOldGen: 34880K->34880K(699392K)
[3.221s][info][gc,metaspace   ] GC(16) Metaspace: 20255K(21248K)->20255K(21248K) NonClass: 17856K(18432K)->17856K(18432K) Class: 2398K(2816K)->2398K(2816K)
[3.221s][info][gc             ] GC(16) Pause Full (System.gc()) 34M->34M(981M) 37.653ms
[3.221s][info][gc,cpu         ] GC(16) User=0.05s Sys=0.00s Real=0.03s
[3.304s][info][gc,start       ] GC(17) Pause Young (System.gc())
[3.305s][info][gc,heap        ] GC(17) PSYoungGen: 149485K->128K(305664K)
[3.305s][info][gc,heap        ] GC(17) ParOldGen: 34880K->34880K(699392K)
[3.305s][info][gc,metaspace   ] GC(17) Metaspace: 20260K(21248K)->20260K(21248K) NonClass: 17862K(18432K)->17862K(18432K) Class: 2398K(2816K)->2398K(2816K)
[3.305s][info][gc             ] GC(17) Pause Young (System.gc()) 180M->34M(981M) 0.396ms
[3.305s][info][gc,cpu         ] GC(17) User=0.00s Sys=0.00s Real=0.00s
[3.305s][info][gc,start       ] GC(18) Pause Full (System.gc())
[3.305s][info][gc,phases,start] GC(18) Marking Phase
[3.330s][info][gc,phases      ] GC(18) Marking Phase 25.360ms
[3.330s][info][gc,phases,start] GC(18) Summary Phase
[3.330s][info][gc,phases      ] GC(18) Summary Phase 0.009ms
[3.330s][info][gc,phases,start] GC(18) Adjust Roots
[3.332s][info][gc,phases      ] GC(18) Adjust Roots 1.992ms
[3.332s][info][gc,phases,start] GC(18) Compaction Phase
[3.341s][info][gc,phases      ] GC(18) Compaction Phase 8.693ms
[3.341s][info][gc,phases,start] GC(18) Post Compact
[3.341s][info][gc,phases      ] GC(18) Post Compact 0.293ms
[3.341s][info][gc,heap        ] GC(18) PSYoungGen: 128K->0K(305664K)
[3.341s][info][gc,heap        ] GC(18) ParOldGen: 34880K->34880K(699392K)
[3.341s][info][gc,metaspace   ] GC(18) Metaspace: 20260K(21248K)->20260K(21248K) NonClass: 17862K(18432K)->17862K(18432K) Class: 2398K(2816K)->2398K(2816K)
[3.341s][info][gc             ] GC(18) Pause Full (System.gc()) 34M->34M(981M) 36.619ms
[3.341s][info][gc,cpu         ] GC(18) User=0.11s Sys=0.00s Real=0.05s
[3.423s][info][gc,start       ] GC(19) Pause Young (System.gc())
[3.424s][info][gc,heap        ] GC(19) PSYoungGen: 149690K->160K(305664K)
[3.424s][info][gc,heap        ] GC(19) ParOldGen: 34880K->34880K(699392K)
[3.424s][info][gc,metaspace   ] GC(19) Metaspace: 20292K(21248K)->20292K(21248K) NonClass: 17894K(18432K)->17894K(18432K) Class: 2398K(2816K)->2398K(2816K)
[3.424s][info][gc             ] GC(19) Pause Young (System.gc()) 180M->34M(981M) 0.453ms
[3.424s][info][gc,cpu         ] GC(19) User=0.00s Sys=0.00s Real=0.00s
[3.424s][info][gc,start       ] GC(20) Pause Full (System.gc())
[3.424s][info][gc,phases,start] GC(20) Marking Phase
[3.446s][info][gc,phases      ] GC(20) Marking Phase 22.393ms
[3.446s][info][gc,phases,start] GC(20) Summary Phase
[3.446s][info][gc,phases      ] GC(20) Summary Phase 0.014ms
[3.446s][info][gc,phases,start] GC(20) Adjust Roots
[3.448s][info][gc,phases      ] GC(20) Adjust Roots 1.964ms
[3.448s][info][gc,phases,start] GC(20) Compaction Phase
[3.457s][info][gc,phases      ] GC(20) Compaction Phase 8.676ms
[3.457s][info][gc,phases,start] GC(20) Post Compact
[3.457s][info][gc,phases      ] GC(20) Post Compact 0.337ms
[3.457s][info][gc,heap        ] GC(20) PSYoungGen: 160K->0K(305664K)
[3.457s][info][gc,heap        ] GC(20) ParOldGen: 34880K->34880K(699392K)
[3.457s][info][gc,metaspace   ] GC(20) Metaspace: 20292K(21248K)->20292K(21248K) NonClass: 17894K(18432K)->17894K(18432K) Class: 2398K(2816K)->2398K(2816K)
[3.458s][info][gc             ] GC(20) Pause Full (System.gc()) 34M->34M(981M) 33.826ms
[3.458s][info][gc,cpu         ] GC(20) User=0.09s Sys=0.00s Real=0.03s
[3.540s][info][gc,start       ] GC(21) Pause Young (System.gc())
[3.540s][info][gc,heap        ] GC(21) PSYoungGen: 148571K->192K(305664K)
[3.540s][info][gc,heap        ] GC(21) ParOldGen: 34880K->34880K(699392K)
[3.540s][info][gc,metaspace   ] GC(21) Metaspace: 20293K(21248K)->20293K(21248K) NonClass: 17895K(18432K)->17895K(18432K) Class: 2398K(2816K)->2398K(2816K)
[3.540s][info][gc             ] GC(21) Pause Young (System.gc()) 179M->34M(981M) 0.489ms
[3.540s][info][gc,cpu         ] GC(21) User=0.00s Sys=0.00s Real=0.00s
[3.540s][info][gc,start       ] GC(22) Pause Full (System.gc())
[3.540s][info][gc,phases,start] GC(22) Marking Phase
[3.562s][info][gc,phases      ] GC(22) Marking Phase 21.979ms
[3.562s][info][gc,phases,start] GC(22) Summary Phase
[3.562s][info][gc,phases      ] GC(22) Summary Phase 0.010ms
[3.562s][info][gc,phases,start] GC(22) Adjust Roots
[3.564s][info][gc,phases      ] GC(22) Adjust Roots 1.975ms
[3.564s][info][gc,phases,start] GC(22) Compaction Phase
[3.573s][info][gc,phases      ] GC(22) Compaction Phase 8.734ms
[3.573s][info][gc,phases,start] GC(22) Post Compact
[3.573s][info][gc,phases      ] GC(22) Post Compact 0.310ms
[3.573s][info][gc,heap        ] GC(22) PSYoungGen: 192K->0K(305664K)
[3.573s][info][gc,heap        ] GC(22) ParOldGen: 34880K->34880K(699392K)
[3.573s][info][gc,metaspace   ] GC(22) Metaspace: 20293K(21248K)->20293K(21248K) NonClass: 17895K(18432K)->17895K(18432K) Class: 2398K(2816K)->2398K(2816K)
[3.573s][info][gc             ] GC(22) Pause Full (System.gc()) 34M->34M(981M) 33.232ms
[3.573s][info][gc,cpu         ] GC(22) User=0.08s Sys=0.00s Real=0.03s
[3.655s][info][gc,start       ] GC(23) Pause Young (System.gc())
[3.656s][info][gc,heap        ] GC(23) PSYoungGen: 149972K->160K(305664K)
[3.656s][info][gc,heap        ] GC(23) ParOldGen: 34880K->34888K(699392K)
[3.656s][info][gc,metaspace   ] GC(23) Metaspace: 20311K(21248K)->20311K(21248K) NonClass: 17913K(18432K)->17913K(18432K) Class: 2398K(2816K)->2398K(2816K)
[3.656s][info][gc             ] GC(23) Pause Young (System.gc()) 180M->34M(981M) 0.577ms
[3.656s][info][gc,cpu         ] GC(23) User=0.00s Sys=0.00s Real=0.00s
[3.656s][info][gc,start       ] GC(24) Pause Full (System.gc())
[3.656s][info][gc,phases,start] GC(24) Marking Phase
[3.681s][info][gc,phases      ] GC(24) Marking Phase 24.824ms
[3.681s][info][gc,phases,start] GC(24) Summary Phase
[3.681s][info][gc,phases      ] GC(24) Summary Phase 0.010ms
[3.681s][info][gc,phases,start] GC(24) Adjust Roots
[3.683s][info][gc,phases      ] GC(24) Adjust Roots 1.907ms
[3.683s][info][gc,phases,start] GC(24) Compaction Phase
[3.692s][info][gc,phases      ] GC(24) Compaction Phase 8.855ms
[3.692s][info][gc,phases,start] GC(24) Post Compact
[3.692s][info][gc,phases      ] GC(24) Post Compact 0.281ms
[3.692s][info][gc,heap        ] GC(24) PSYoungGen: 160K->0K(305664K)
[3.692s][info][gc,heap        ] GC(24) ParOldGen: 34888K->34880K(699392K)
[3.692s][info][gc,metaspace   ] GC(24) Metaspace: 20311K(21248K)->20311K(21248K) NonClass: 17913K(18432K)->17913K(18432K) Class: 2398K(2816K)->2398K(2816K)
[3.692s][info][gc             ] GC(24) Pause Full (System.gc()) 34M->34M(981M) 36.150ms
[3.692s][info][gc,cpu         ] GC(24) User=0.09s Sys=0.00s Real=0.03s
[3.776s][info][gc,start       ] GC(25) Pause Young (System.gc())
[3.776s][info][gc,heap        ] GC(25) PSYoungGen: 148947K->160K(305664K)
[3.776s][info][gc,heap        ] GC(25) ParOldGen: 34880K->34880K(699392K)
[3.776s][info][gc,metaspace   ] GC(25) Metaspace: 20313K(21248K)->20313K(21248K) NonClass: 17915K(18432K)->17915K(18432K) Class: 2398K(2816K)->2398K(2816K)
[3.776s][info][gc             ] GC(25) Pause Young (System.gc()) 179M->34M(981M) 0.381ms
[3.776s][info][gc,cpu         ] GC(25) User=0.00s Sys=0.00s Real=0.00s
[3.776s][info][gc,start       ] GC(26) Pause Full (System.gc())
[3.776s][info][gc,phases,start] GC(26) Marking Phase
[3.803s][info][gc,phases      ] GC(26) Marking Phase 27.419ms
[3.803s][info][gc,phases,start] GC(26) Summary Phase
[3.803s][info][gc,phases      ] GC(26) Summary Phase 0.010ms
[3.803s][info][gc,phases,start] GC(26) Adjust Roots
[3.806s][info][gc,phases      ] GC(26) Adjust Roots 2.081ms
[3.806s][info][gc,phases,start] GC(26) Compaction Phase
[3.815s][info][gc,phases      ] GC(26) Compaction Phase 9.025ms
[3.815s][info][gc,phases,start] GC(26) Post Compact
[3.815s][info][gc,phases      ] GC(26) Post Compact 0.184ms
[3.815s][info][gc,heap        ] GC(26) PSYoungGen: 160K->0K(305664K)
[3.815s][info][gc,heap        ] GC(26) ParOldGen: 34880K->34880K(699392K)
[3.815s][info][gc,metaspace   ] GC(26) Metaspace: 20313K(21248K)->20313K(21248K) NonClass: 17915K(18432K)->17915K(18432K) Class: 2398K(2816K)->2398K(2816K)
[3.815s][info][gc             ] GC(26) Pause Full (System.gc()) 34M->34M(981M) 38.939ms
[3.815s][info][gc,cpu         ] GC(26) User=0.11s Sys=0.00s Real=0.05s
[3.896s][info][gc,start       ] GC(27) Pause Young (System.gc())
[3.896s][info][gc,heap        ] GC(27) PSYoungGen: 149527K->128K(305664K)
[3.896s][info][gc,heap        ] GC(27) ParOldGen: 34880K->34880K(699392K)
[3.896s][info][gc,metaspace   ] GC(27) Metaspace: 20316K(21248K)->20316K(21248K) NonClass: 17918K(18432K)->17918K(18432K) Class: 2398K(2816K)->2398K(2816K)
[3.896s][info][gc             ] GC(27) Pause Young (System.gc()) 180M->34M(981M) 0.489ms
[3.896s][info][gc,cpu         ] GC(27) User=0.00s Sys=0.00s Real=0.00s
[3.896s][info][gc,start       ] GC(28) Pause Full (System.gc())
[3.896s][info][gc,phases,start] GC(28) Marking Phase
[3.924s][info][gc,phases      ] GC(28) Marking Phase 27.708ms
[3.924s][info][gc,phases,start] GC(28) Summary Phase
[3.924s][info][gc,phases      ] GC(28) Summary Phase 0.014ms
[3.924s][info][gc,phases,start] GC(28) Adjust Roots
[3.926s][info][gc,phases      ] GC(28) Adjust Roots 2.031ms
[3.926s][info][gc,phases,start] GC(28) Compaction Phase
[3.935s][info][gc,phases      ] GC(28) Compaction Phase 8.636ms
[3.935s][info][gc,phases,start] GC(28) Post Compact
[3.935s][info][gc,phases      ] GC(28) Post Compact 0.310ms
[3.935s][info][gc,heap        ] GC(28) PSYoungGen: 128K->0K(305664K)
[3.935s][info][gc,heap        ] GC(28) ParOldGen: 34880K->34880K(699392K)
[3.935s][info][gc,metaspace   ] GC(28) Metaspace: 20316K(21248K)->20316K(21248K) NonClass: 17918K(18432K)->17918K(18432K) Class: 2398K(2816K)->2398K(2816K)
[3.935s][info][gc             ] GC(28) Pause Full (System.gc()) 34M->34M(981M) 38.980ms
[3.935s][info][gc,cpu         ] GC(28) User=0.09s Sys=0.00s Real=0.03s
[4.017s][info][gc,start       ] GC(29) Pause Young (System.gc())
[4.018s][info][gc,heap        ] GC(29) PSYoungGen: 149826K->128K(305664K)
[4.018s][info][gc,heap        ] GC(29) ParOldGen: 34880K->34888K(699392K)
[4.018s][info][gc,metaspace   ] GC(29) Metaspace: 20332K(21248K)->20332K(21248K) NonClass: 17933K(18432K)->17933K(18432K) Class: 2398K(2816K)->2398K(2816K)
[4.018s][info][gc             ] GC(29) Pause Young (System.gc()) 180M->34M(981M) 0.510ms
[4.018s][info][gc,cpu         ] GC(29) User=0.00s Sys=0.00s Real=0.00s
[4.018s][info][gc,start       ] GC(30) Pause Full (System.gc())
[4.018s][info][gc,phases,start] GC(30) Marking Phase
[4.040s][info][gc,phases      ] GC(30) Marking Phase 22.235ms
[4.040s][info][gc,phases,start] GC(30) Summary Phase
[4.040s][info][gc,phases      ] GC(30) Summary Phase 0.009ms
[4.040s][info][gc,phases,start] GC(30) Adjust Roots
[4.042s][info][gc,phases      ] GC(30) Adjust Roots 1.923ms
[4.042s][info][gc,phases,start] GC(30) Compaction Phase
[4.051s][info][gc,phases      ] GC(30) Compaction Phase 9.357ms
[4.051s][info][gc,phases,start] GC(30) Post Compact
[4.052s][info][gc,phases      ] GC(30) Post Compact 0.352ms
[4.052s][info][gc,heap        ] GC(30) PSYoungGen: 128K->0K(305664K)
[4.052s][info][gc,heap        ] GC(30) ParOldGen: 34888K->34880K(699392K)
[4.052s][info][gc,metaspace   ] GC(30) Metaspace: 20332K(21248K)->20332K(21248K) NonClass: 17933K(18432K)->17933K(18432K) Class: 2398K(2816K)->2398K(2816K)
[4.052s][info][gc             ] GC(30) Pause Full (System.gc()) 34M->34M(981M) 34.117ms
[4.052s][info][gc,cpu         ] GC(30) User=0.08s Sys=0.00s Real=0.03s
[4.133s][info][gc,start       ] GC(31) Pause Young (System.gc())
[4.134s][info][gc,heap        ] GC(31) PSYoungGen: 149000K->192K(305664K)
[4.134s][info][gc,heap        ] GC(31) ParOldGen: 34880K->34880K(699392K)
[4.134s][info][gc,metaspace   ] GC(31) Metaspace: 20334K(21248K)->20334K(21248K) NonClass: 17936K(18432K)->17936K(18432K) Class: 2398K(2816K)->2398K(2816K)
[4.134s][info][gc             ] GC(31) Pause Young (System.gc()) 179M->34M(981M) 0.483ms
[4.134s][info][gc,cpu         ] GC(31) User=0.00s Sys=0.00s Real=0.00s
[4.134s][info][gc,start       ] GC(32) Pause Full (System.gc())
[4.134s][info][gc,phases,start] GC(32) Marking Phase
[4.161s][info][gc,phases      ] GC(32) Marking Phase 27.218ms
[4.161s][info][gc,phases,start] GC(32) Summary Phase
[4.161s][info][gc,phases      ] GC(32) Summary Phase 0.009ms
[4.161s][info][gc,phases,start] GC(32) Adjust Roots
[4.163s][info][gc,phases      ] GC(32) Adjust Roots 1.976ms
[4.163s][info][gc,phases,start] GC(32) Compaction Phase
[4.172s][info][gc,phases      ] GC(32) Compaction Phase 8.990ms
[4.172s][info][gc,phases,start] GC(32) Post Compact
[4.172s][info][gc,phases      ] GC(32) Post Compact 0.348ms
[4.173s][info][gc,heap        ] GC(32) PSYoungGen: 192K->0K(305664K)
[4.173s][info][gc,heap        ] GC(32) ParOldGen: 34880K->34880K(699392K)
[4.173s][info][gc,metaspace   ] GC(32) Metaspace: 20334K(21248K)->20334K(21248K) NonClass: 17936K(18432K)->17936K(18432K) Class: 2398K(2816K)->2398K(2816K)
[4.173s][info][gc             ] GC(32) Pause Full (System.gc()) 34M->34M(981M) 38.797ms
[4.173s][info][gc,cpu         ] GC(32) User=0.09s Sys=0.00s Real=0.05s
[4.254s][info][gc,start       ] GC(33) Pause Young (System.gc())
[4.254s][info][gc,heap        ] GC(33) PSYoungGen: 149412K->128K(305664K)
[4.254s][info][gc,heap        ] GC(33) ParOldGen: 34880K->34880K(699392K)
[4.254s][info][gc,metaspace   ] GC(33) Metaspace: 20334K(21248K)->20334K(21248K) NonClass: 17936K(18432K)->17936K(18432K) Class: 2398K(2816K)->2398K(2816K)
[4.254s][info][gc             ] GC(33) Pause Young (System.gc()) 179M->34M(981M) 0.387ms
[4.254s][info][gc,cpu         ] GC(33) User=0.00s Sys=0.00s Real=0.00s
[4.254s][info][gc,start       ] GC(34) Pause Full (System.gc())
[4.254s][info][gc,phases,start] GC(34) Marking Phase
[4.276s][info][gc,phases      ] GC(34) Marking Phase 22.230ms
[4.276s][info][gc,phases,start] GC(34) Summary Phase
[4.276s][info][gc,phases      ] GC(34) Summary Phase 0.009ms
[4.276s][info][gc,phases,start] GC(34) Adjust Roots
[4.278s][info][gc,phases      ] GC(34) Adjust Roots 1.963ms
[4.278s][info][gc,phases,start] GC(34) Compaction Phase
[4.287s][info][gc,phases      ] GC(34) Compaction Phase 8.753ms
[4.287s][info][gc,phases,start] GC(34) Post Compact
[4.287s][info][gc,phases      ] GC(34) Post Compact 0.291ms
[4.287s][info][gc,heap        ] GC(34) PSYoungGen: 128K->0K(305664K)
[4.287s][info][gc,heap        ] GC(34) ParOldGen: 34880K->34880K(699392K)
[4.287s][info][gc,metaspace   ] GC(34) Metaspace: 20334K(21248K)->20334K(21248K) NonClass: 17936K(18432K)->17936K(18432K) Class: 2398K(2816K)->2398K(2816K)
[4.288s][info][gc             ] GC(34) Pause Full (System.gc()) 34M->34M(981M) 33.490ms
[4.288s][info][gc,cpu         ] GC(34) User=0.09s Sys=0.00s Real=0.03s
[4.371s][info][gc,start       ] GC(35) Pause Young (System.gc())
[4.371s][info][gc,heap        ] GC(35) PSYoungGen: 150461K->128K(305664K)
[4.371s][info][gc,heap        ] GC(35) ParOldGen: 34880K->34880K(699392K)
[4.371s][info][gc,metaspace   ] GC(35) Metaspace: 20335K(21248K)->20335K(21248K) NonClass: 17936K(18432K)->17936K(18432K) Class: 2398K(2816K)->2398K(2816K)
[4.371s][info][gc             ] GC(35) Pause Young (System.gc()) 180M->34M(981M) 0.534ms
[4.371s][info][gc,cpu         ] GC(35) User=0.00s Sys=0.00s Real=0.00s
[4.371s][info][gc,start       ] GC(36) Pause Full (System.gc())
[4.371s][info][gc,phases,start] GC(36) Marking Phase
[4.398s][info][gc,phases      ] GC(36) Marking Phase 26.114ms
[4.398s][info][gc,phases,start] GC(36) Summary Phase
[4.398s][info][gc,phases      ] GC(36) Summary Phase 0.009ms
[4.398s][info][gc,phases,start] GC(36) Adjust Roots
[4.400s][info][gc,phases      ] GC(36) Adjust Roots 1.966ms
[4.400s][info][gc,phases,start] GC(36) Compaction Phase
[4.409s][info][gc,phases      ] GC(36) Compaction Phase 8.955ms
[4.409s][info][gc,phases,start] GC(36) Post Compact
[4.409s][info][gc,phases      ] GC(36) Post Compact 0.390ms
[4.409s][info][gc,heap        ] GC(36) PSYoungGen: 128K->0K(305664K)
[4.409s][info][gc,heap        ] GC(36) ParOldGen: 34880K->34880K(699392K)
[4.409s][info][gc,metaspace   ] GC(36) Metaspace: 20335K(21248K)->20335K(21248K) NonClass: 17936K(18432K)->17936K(18432K) Class: 2398K(2816K)->2398K(2816K)
[4.409s][info][gc             ] GC(36) Pause Full (System.gc()) 34M->34M(981M) 37.695ms
[4.409s][info][gc,cpu         ] GC(36) User=0.08s Sys=0.00s Real=0.05s
[4.491s][info][gc,start       ] GC(37) Pause Young (System.gc())
[4.491s][info][gc,heap        ] GC(37) PSYoungGen: 148723K->96K(305664K)
[4.491s][info][gc,heap        ] GC(37) ParOldGen: 34880K->34880K(699392K)
[4.491s][info][gc,metaspace   ] GC(37) Metaspace: 20335K(21248K)->20335K(21248K) NonClass: 17937K(18432K)->17937K(18432K) Class: 2398K(2816K)->2398K(2816K)
[4.491s][info][gc             ] GC(37) Pause Young (System.gc()) 179M->34M(981M) 0.479ms
[4.491s][info][gc,cpu         ] GC(37) User=0.00s Sys=0.00s Real=0.00s
[4.491s][info][gc,start       ] GC(38) Pause Full (System.gc())
[4.491s][info][gc,phases,start] GC(38) Marking Phase
[4.514s][info][gc,phases      ] GC(38) Marking Phase 22.599ms
[4.514s][info][gc,phases,start] GC(38) Summary Phase
[4.514s][info][gc,phases      ] GC(38) Summary Phase 0.010ms
[4.514s][info][gc,phases,start] GC(38) Adjust Roots
[4.516s][info][gc,phases      ] GC(38) Adjust Roots 2.044ms
[4.516s][info][gc,phases,start] GC(38) Compaction Phase
[4.525s][info][gc,phases      ] GC(38) Compaction Phase 8.764ms
[4.525s][info][gc,phases,start] GC(38) Post Compact
[4.525s][info][gc,phases      ] GC(38) Post Compact 0.279ms
[4.525s][info][gc,heap        ] GC(38) PSYoungGen: 96K->0K(305664K)
[4.525s][info][gc,heap        ] GC(38) ParOldGen: 34880K->34880K(699392K)
[4.525s][info][gc,metaspace   ] GC(38) Metaspace: 20335K(21248K)->20335K(21248K) NonClass: 17937K(18432K)->17937K(18432K) Class: 2398K(2816K)->2398K(2816K)
[4.525s][info][gc             ] GC(38) Pause Full (System.gc()) 34M->34M(981M) 34.006ms
[4.525s][info][gc,cpu         ] GC(38) User=0.09s Sys=0.00s Real=0.03s
[4.607s][info][gc,start       ] GC(39) Pause Young (System.gc())
[4.607s][info][gc,heap        ] GC(39) PSYoungGen: 149365K->96K(305664K)
[4.607s][info][gc,heap        ] GC(39) ParOldGen: 34880K->34880K(699392K)
[4.607s][info][gc,metaspace   ] GC(39) Metaspace: 20335K(21248K)->20335K(21248K) NonClass: 17937K(18432K)->17937K(18432K) Class: 2398K(2816K)->2398K(2816K)
[4.607s][info][gc             ] GC(39) Pause Young (System.gc()) 179M->34M(981M) 0.546ms
[4.607s][info][gc,cpu         ] GC(39) User=0.00s Sys=0.00s Real=0.00s
[4.607s][info][gc,start       ] GC(40) Pause Full (System.gc())
[4.608s][info][gc,phases,start] GC(40) Marking Phase
[4.633s][info][gc,phases      ] GC(40) Marking Phase 25.522ms
[4.633s][info][gc,phases,start] GC(40) Summary Phase
[4.633s][info][gc,phases      ] GC(40) Summary Phase 0.009ms
[4.633s][info][gc,phases,start] GC(40) Adjust Roots
[4.635s][info][gc,phases      ] GC(40) Adjust Roots 1.925ms
[4.635s][info][gc,phases,start] GC(40) Compaction Phase
[4.644s][info][gc,phases      ] GC(40) Compaction Phase 8.887ms
[4.644s][info][gc,phases,start] GC(40) Post Compact
[4.644s][info][gc,phases      ] GC(40) Post Compact 0.290ms
[4.644s][info][gc,heap        ] GC(40) PSYoungGen: 96K->0K(305664K)
[4.644s][info][gc,heap        ] GC(40) ParOldGen: 34880K->34880K(699392K)
[4.644s][info][gc,metaspace   ] GC(40) Metaspace: 20335K(21248K)->20335K(21248K) NonClass: 17937K(18432K)->17937K(18432K) Class: 2398K(2816K)->2398K(2816K)
[4.644s][info][gc             ] GC(40) Pause Full (System.gc()) 34M->34M(981M) 36.936ms
[4.644s][info][gc,cpu         ] GC(40) User=0.11s Sys=0.00s Real=0.03s
[4.726s][info][gc,start       ] GC(41) Pause Young (System.gc())
[4.727s][info][gc,heap        ] GC(41) PSYoungGen: 148918K->160K(305664K)
[4.727s][info][gc,heap        ] GC(41) ParOldGen: 34880K->34880K(699392K)
[4.727s][info][gc,metaspace   ] GC(41) Metaspace: 20335K(21248K)->20335K(21248K) NonClass: 17937K(18432K)->17937K(18432K) Class: 2398K(2816K)->2398K(2816K)
[4.727s][info][gc             ] GC(41) Pause Young (System.gc()) 179M->34M(981M) 0.458ms
[4.727s][info][gc,cpu         ] GC(41) User=0.00s Sys=0.00s Real=0.00s
[4.727s][info][gc,start       ] GC(42) Pause Full (System.gc())
[4.727s][info][gc,phases,start] GC(42) Marking Phase
[4.749s][info][gc,phases      ] GC(42) Marking Phase 22.166ms
[4.749s][info][gc,phases,start] GC(42) Summary Phase
[4.749s][info][gc,phases      ] GC(42) Summary Phase 0.009ms
[4.749s][info][gc,phases,start] GC(42) Adjust Roots
[4.751s][info][gc,phases      ] GC(42) Adjust Roots 2.031ms
[4.751s][info][gc,phases,start] GC(42) Compaction Phase
[4.760s][info][gc,phases      ] GC(42) Compaction Phase 8.967ms
[4.760s][info][gc,phases,start] GC(42) Post Compact
[4.761s][info][gc,phases      ] GC(42) Post Compact 0.270ms
[4.761s][info][gc,heap        ] GC(42) PSYoungGen: 160K->0K(305664K)
[4.761s][info][gc,heap        ] GC(42) ParOldGen: 34880K->34880K(699392K)
[4.761s][info][gc,metaspace   ] GC(42) Metaspace: 20335K(21248K)->20335K(21248K) NonClass: 17937K(18432K)->17937K(18432K) Class: 2398K(2816K)->2398K(2816K)
[4.761s][info][gc             ] GC(42) Pause Full (System.gc()) 34M->34M(981M) 33.737ms
[4.761s][info][gc,cpu         ] GC(42) User=0.09s Sys=0.00s Real=0.03s
[4.842s][info][gc,start       ] GC(43) Pause Young (System.gc())
[4.843s][info][gc,heap        ] GC(43) PSYoungGen: 148651K->192K(305664K)
[4.843s][info][gc,heap        ] GC(43) ParOldGen: 34880K->34880K(699392K)
[4.843s][info][gc,metaspace   ] GC(43) Metaspace: 20337K(21248K)->20337K(21248K) NonClass: 17939K(18432K)->17939K(18432K) Class: 2398K(2816K)->2398K(2816K)
[4.843s][info][gc             ] GC(43) Pause Young (System.gc()) 179M->34M(981M) 0.514ms
[4.843s][info][gc,cpu         ] GC(43) User=0.00s Sys=0.00s Real=0.00s
[4.843s][info][gc,start       ] GC(44) Pause Full (System.gc())
[4.843s][info][gc,phases,start] GC(44) Marking Phase
[4.871s][info][gc,phases      ] GC(44) Marking Phase 28.343ms
[4.871s][info][gc,phases,start] GC(44) Summary Phase
[4.871s][info][gc,phases      ] GC(44) Summary Phase 0.010ms
[4.871s][info][gc,phases,start] GC(44) Adjust Roots
[4.873s][info][gc,phases      ] GC(44) Adjust Roots 2.112ms
[4.874s][info][gc,phases,start] GC(44) Compaction Phase
[4.882s][info][gc,phases      ] GC(44) Compaction Phase 8.982ms
[4.883s][info][gc,phases,start] GC(44) Post Compact
[4.883s][info][gc,phases      ] GC(44) Post Compact 0.271ms
[4.883s][info][gc,heap        ] GC(44) PSYoungGen: 192K->0K(305664K)
[4.883s][info][gc,heap        ] GC(44) ParOldGen: 34880K->34880K(699392K)
[4.883s][info][gc,metaspace   ] GC(44) Metaspace: 20337K(21248K)->20337K(21248K) NonClass: 17939K(18432K)->17939K(18432K) Class: 2398K(2816K)->2398K(2816K)
[4.883s][info][gc             ] GC(44) Pause Full (System.gc()) 34M->34M(981M) 39.933ms
[4.883s][info][gc,cpu         ] GC(44) User=0.20s Sys=0.00s Real=0.05s
[4.964s][info][gc,start       ] GC(45) Pause Young (System.gc())
[4.964s][info][gc,heap        ] GC(45) PSYoungGen: 149544K->192K(305664K)
[4.964s][info][gc,heap        ] GC(45) ParOldGen: 34880K->34880K(699392K)
[4.964s][info][gc,metaspace   ] GC(45) Metaspace: 20337K(21248K)->20337K(21248K) NonClass: 17939K(18432K)->17939K(18432K) Class: 2398K(2816K)->2398K(2816K)
[4.964s][info][gc             ] GC(45) Pause Young (System.gc()) 180M->34M(981M) 0.427ms
[4.964s][info][gc,cpu         ] GC(45) User=0.00s Sys=0.00s Real=0.00s
[4.964s][info][gc,start       ] GC(46) Pause Full (System.gc())
[4.964s][info][gc,phases,start] GC(46) Marking Phase
[4.987s][info][gc,phases      ] GC(46) Marking Phase 22.762ms
[4.987s][info][gc,phases,start] GC(46) Summary Phase
[4.987s][info][gc,phases      ] GC(46) Summary Phase 0.010ms
[4.987s][info][gc,phases,start] GC(46) Adjust Roots
[4.989s][info][gc,phases      ] GC(46) Adjust Roots 1.964ms
[4.989s][info][gc,phases,start] GC(46) Compaction Phase
[4.998s][info][gc,phases      ] GC(46) Compaction Phase 9.469ms
[4.998s][info][gc,phases,start] GC(46) Post Compact
[4.999s][info][gc,phases      ] GC(46) Post Compact 0.232ms
[4.999s][info][gc,heap        ] GC(46) PSYoungGen: 192K->0K(305664K)
[4.999s][info][gc,heap        ] GC(46) ParOldGen: 34880K->34880K(699392K)
[4.999s][info][gc,metaspace   ] GC(46) Metaspace: 20337K(21248K)->20337K(21248K) NonClass: 17939K(18432K)->17939K(18432K) Class: 2398K(2816K)->2398K(2816K)
[4.999s][info][gc             ] GC(46) Pause Full (System.gc()) 34M->34M(981M) 34.657ms
[4.999s][info][gc,cpu         ] GC(46) User=0.09s Sys=0.00s Real=0.03s
[5.082s][info][gc,start       ] GC(47) Pause Young (System.gc())
[5.082s][info][gc,heap        ] GC(47) PSYoungGen: 149766K->128K(305664K)
[5.083s][info][gc,heap        ] GC(47) ParOldGen: 34880K->34880K(699392K)
[5.083s][info][gc,metaspace   ] GC(47) Metaspace: 20342K(21248K)->20342K(21248K) NonClass: 17943K(18432K)->17943K(18432K) Class: 2398K(2816K)->2398K(2816K)
[5.083s][info][gc             ] GC(47) Pause Young (System.gc()) 180M->34M(981M) 0.438ms
[5.083s][info][gc,cpu         ] GC(47) User=0.00s Sys=0.00s Real=0.00s
[5.083s][info][gc,start       ] GC(48) Pause Full (System.gc())
[5.083s][info][gc,phases,start] GC(48) Marking Phase
[5.104s][info][gc,phases      ] GC(48) Marking Phase 21.626ms
[5.104s][info][gc,phases,start] GC(48) Summary Phase
[5.104s][info][gc,phases      ] GC(48) Summary Phase 0.016ms
[5.104s][info][gc,phases,start] GC(48) Adjust Roots
[5.106s][info][gc,phases      ] GC(48) Adjust Roots 2.016ms
[5.106s][info][gc,phases,start] GC(48) Compaction Phase
[5.115s][info][gc,phases      ] GC(48) Compaction Phase 8.682ms
[5.115s][info][gc,phases,start] GC(48) Post Compact
[5.115s][info][gc,phases      ] GC(48) Post Compact 0.288ms
[5.115s][info][gc,heap        ] GC(48) PSYoungGen: 128K->0K(305664K)
[5.115s][info][gc,heap        ] GC(48) ParOldGen: 34880K->34880K(699392K)
[5.115s][info][gc,metaspace   ] GC(48) Metaspace: 20342K(21248K)->20342K(21248K) NonClass: 17943K(18432K)->17943K(18432K) Class: 2398K(2816K)->2398K(2816K)
[5.116s][info][gc             ] GC(48) Pause Full (System.gc()) 34M->34M(981M) 32.941ms
[5.116s][info][gc,cpu         ] GC(48) User=0.09s Sys=0.00s Real=0.03s
[5.198s][info][gc,start       ] GC(49) Pause Young (System.gc())
[5.199s][info][gc,heap        ] GC(49) PSYoungGen: 149232K->160K(305664K)
[5.199s][info][gc,heap        ] GC(49) ParOldGen: 34880K->34880K(699392K)
[5.199s][info][gc,metaspace   ] GC(49) Metaspace: 20342K(21248K)->20342K(21248K) NonClass: 17943K(18432K)->17943K(18432K) Class: 2398K(2816K)->2398K(2816K)
[5.199s][info][gc             ] GC(49) Pause Young (System.gc()) 179M->34M(981M) 0.537ms
[5.199s][info][gc,cpu         ] GC(49) User=0.00s Sys=0.00s Real=0.00s
[5.199s][info][gc,start       ] GC(50) Pause Full (System.gc())
[5.199s][info][gc,phases,start] GC(50) Marking Phase
[5.227s][info][gc,phases      ] GC(50) Marking Phase 28.040ms
[5.227s][info][gc,phases,start] GC(50) Summary Phase
[5.227s][info][gc,phases      ] GC(50) Summary Phase 0.011ms
[5.227s][info][gc,phases,start] GC(50) Adjust Roots
[5.229s][info][gc,phases      ] GC(50) Adjust Roots 1.965ms
[5.229s][info][gc,phases,start] GC(50) Compaction Phase
[5.238s][info][gc,phases      ] GC(50) Compaction Phase 8.642ms
[5.238s][info][gc,phases,start] GC(50) Post Compact
[5.238s][info][gc,phases      ] GC(50) Post Compact 0.323ms
[5.238s][info][gc,heap        ] GC(50) PSYoungGen: 160K->0K(305664K)
[5.238s][info][gc,heap        ] GC(50) ParOldGen: 34880K->34880K(699392K)
[5.238s][info][gc,metaspace   ] GC(50) Metaspace: 20342K(21248K)->20342K(21248K) NonClass: 17943K(18432K)->17943K(18432K) Class: 2398K(2816K)->2398K(2816K)
[5.238s][info][gc             ] GC(50) Pause Full (System.gc()) 34M->34M(981M) 39.269ms
[5.238s][info][gc,cpu         ] GC(50) User=0.08s Sys=0.00s Real=0.03s
[5.320s][info][gc,start       ] GC(51) Pause Young (System.gc())
[5.321s][info][gc,heap        ] GC(51) PSYoungGen: 149651K->128K(305664K)
[5.321s][info][gc,heap        ] GC(51) ParOldGen: 34880K->34880K(699392K)
[5.321s][info][gc,metaspace   ] GC(51) Metaspace: 20342K(21248K)->20342K(21248K) NonClass: 17943K(18432K)->17943K(18432K) Class: 2398K(2816K)->2398K(2816K)
[5.321s][info][gc             ] GC(51) Pause Young (System.gc()) 180M->34M(981M) 0.612ms
[5.321s][info][gc,cpu         ] GC(51) User=0.00s Sys=0.00s Real=0.02s
[5.321s][info][gc,start       ] GC(52) Pause Full (System.gc())
[5.321s][info][gc,phases,start] GC(52) Marking Phase
[5.343s][info][gc,phases      ] GC(52) Marking Phase 22.163ms
[5.343s][info][gc,phases,start] GC(52) Summary Phase
[5.343s][info][gc,phases      ] GC(52) Summary Phase 0.010ms
[5.343s][info][gc,phases,start] GC(52) Adjust Roots
[5.345s][info][gc,phases      ] GC(52) Adjust Roots 2.012ms
[5.345s][info][gc,phases,start] GC(52) Compaction Phase
[5.354s][info][gc,phases      ] GC(52) Compaction Phase 8.427ms
[5.354s][info][gc,phases,start] GC(52) Post Compact
[5.354s][info][gc,phases      ] GC(52) Post Compact 0.266ms
[5.354s][info][gc,heap        ] GC(52) PSYoungGen: 128K->0K(305664K)
[5.354s][info][gc,heap        ] GC(52) ParOldGen: 34880K->34881K(699392K)
[5.354s][info][gc,metaspace   ] GC(52) Metaspace: 20342K(21248K)->20342K(21248K) NonClass: 17943K(18432K)->17943K(18432K) Class: 2398K(2816K)->2398K(2816K)
[5.354s][info][gc             ] GC(52) Pause Full (System.gc()) 34M->34M(981M) 33.138ms
[5.354s][info][gc,cpu         ] GC(52) User=0.08s Sys=0.00s Real=0.03s
[5.436s][info][gc,start       ] GC(53) Pause Young (System.gc())
[5.437s][info][gc,heap        ] GC(53) PSYoungGen: 148914K->96K(305664K)
[5.437s][info][gc,heap        ] GC(53) ParOldGen: 34881K->34881K(699392K)
[5.437s][info][gc,metaspace   ] GC(53) Metaspace: 20343K(21248K)->20343K(21248K) NonClass: 17944K(18432K)->17944K(18432K) Class: 2398K(2816K)->2398K(2816K)
[5.437s][info][gc             ] GC(53) Pause Young (System.gc()) 179M->34M(981M) 0.612ms
[5.437s][info][gc,cpu         ] GC(53) User=0.00s Sys=0.00s Real=0.00s
[5.437s][info][gc,start       ] GC(54) Pause Full (System.gc())
[5.437s][info][gc,phases,start] GC(54) Marking Phase
[5.465s][info][gc,phases      ] GC(54) Marking Phase 27.816ms
[5.465s][info][gc,phases,start] GC(54) Summary Phase
[5.465s][info][gc,phases      ] GC(54) Summary Phase 0.009ms
[5.465s][info][gc,phases,start] GC(54) Adjust Roots
[5.467s][info][gc,phases      ] GC(54) Adjust Roots 2.115ms
[5.467s][info][gc,phases,start] GC(54) Compaction Phase
[5.475s][info][gc,phases      ] GC(54) Compaction Phase 8.640ms
[5.475s][info][gc,phases,start] GC(54) Post Compact
[5.476s][info][gc,phases      ] GC(54) Post Compact 0.291ms
[5.476s][info][gc,heap        ] GC(54) PSYoungGen: 96K->0K(305664K)
[5.476s][info][gc,heap        ] GC(54) ParOldGen: 34881K->34881K(699392K)
[5.476s][info][gc,metaspace   ] GC(54) Metaspace: 20343K(21248K)->20343K(21248K) NonClass: 17944K(18432K)->17944K(18432K) Class: 2398K(2816K)->2398K(2816K)
[5.476s][info][gc             ] GC(54) Pause Full (System.gc()) 34M->34M(981M) 39.090ms
[5.476s][info][gc,cpu         ] GC(54) User=0.09s Sys=0.00s Real=0.03s
[5.557s][info][gc,start       ] GC(55) Pause Young (System.gc())
[5.557s][info][gc,heap        ] GC(55) PSYoungGen: 150714K->96K(305664K)
[5.557s][info][gc,heap        ] GC(55) ParOldGen: 34881K->34881K(699392K)
[5.557s][info][gc,metaspace   ] GC(55) Metaspace: 20343K(21248K)->20343K(21248K) NonClass: 17944K(18432K)->17944K(18432K) Class: 2398K(2816K)->2398K(2816K)
[5.557s][info][gc             ] GC(55) Pause Young (System.gc()) 181M->34M(981M) 0.637ms
[5.557s][info][gc,cpu         ] GC(55) User=0.00s Sys=0.00s Real=0.00s
[5.557s][info][gc,start       ] GC(56) Pause Full (System.gc())
[5.557s][info][gc,phases,start] GC(56) Marking Phase
[5.584s][info][gc,phases      ] GC(56) Marking Phase 26.820ms
[5.584s][info][gc,phases,start] GC(56) Summary Phase
[5.584s][info][gc,phases      ] GC(56) Summary Phase 0.013ms
[5.584s][info][gc,phases,start] GC(56) Adjust Roots
[5.586s][info][gc,phases      ] GC(56) Adjust Roots 2.050ms
[5.586s][info][gc,phases,start] GC(56) Compaction Phase
[5.595s][info][gc,phases      ] GC(56) Compaction Phase 8.750ms
[5.595s][info][gc,phases,start] GC(56) Post Compact
[5.595s][info][gc,phases      ] GC(56) Post Compact 0.281ms
[5.595s][info][gc,heap        ] GC(56) PSYoungGen: 96K->0K(305664K)
[5.595s][info][gc,heap        ] GC(56) ParOldGen: 34881K->34881K(699392K)
[5.595s][info][gc,metaspace   ] GC(56) Metaspace: 20343K(21248K)->20343K(21248K) NonClass: 17944K(18432K)->17944K(18432K) Class: 2398K(2816K)->2398K(2816K)
[5.595s][info][gc             ] GC(56) Pause Full (System.gc()) 34M->34M(981M) 38.180ms
[5.595s][info][gc,cpu         ] GC(56) User=0.11s Sys=0.00s Real=0.04s
[5.677s][info][gc,start       ] GC(57) Pause Young (System.gc())
[5.677s][info][gc,heap        ] GC(57) PSYoungGen: 148554K->128K(305664K)
[5.677s][info][gc,heap        ] GC(57) ParOldGen: 34881K->34881K(699392K)
[5.677s][info][gc,metaspace   ] GC(57) Metaspace: 20343K(21248K)->20343K(21248K) NonClass: 17944K(18432K)->17944K(18432K) Class: 2398K(2816K)->2398K(2816K)
[5.677s][info][gc             ] GC(57) Pause Young (System.gc()) 179M->34M(981M) 0.672ms
[5.677s][info][gc,cpu         ] GC(57) User=0.00s Sys=0.00s Real=0.00s
[5.677s][info][gc,start       ] GC(58) Pause Full (System.gc())
[5.677s][info][gc,phases,start] GC(58) Marking Phase
[5.703s][info][gc,phases      ] GC(58) Marking Phase 25.769ms
[5.703s][info][gc,phases,start] GC(58) Summary Phase
[5.703s][info][gc,phases      ] GC(58) Summary Phase 0.009ms
[5.703s][info][gc,phases,start] GC(58) Adjust Roots
[5.705s][info][gc,phases      ] GC(58) Adjust Roots 1.928ms
[5.705s][info][gc,phases,start] GC(58) Compaction Phase
[5.714s][info][gc,phases      ] GC(58) Compaction Phase 8.589ms
[5.714s][info][gc,phases,start] GC(58) Post Compact
[5.714s][info][gc,phases      ] GC(58) Post Compact 0.352ms
[5.714s][info][gc,heap        ] GC(58) PSYoungGen: 128K->0K(305664K)
[5.714s][info][gc,heap        ] GC(58) ParOldGen: 34881K->34881K(699392K)
[5.714s][info][gc,metaspace   ] GC(58) Metaspace: 20343K(21248K)->20343K(21248K) NonClass: 17944K(18432K)->17944K(18432K) Class: 2398K(2816K)->2398K(2816K)
[5.714s][info][gc             ] GC(58) Pause Full (System.gc()) 34M->34M(981M) 36.985ms
[5.714s][info][gc,cpu         ] GC(58) User=0.11s Sys=0.00s Real=0.05s
[5.796s][info][gc,start       ] GC(59) Pause Young (System.gc())
[5.796s][info][gc,heap        ] GC(59) PSYoungGen: 149729K->96K(305664K)
[5.796s][info][gc,heap        ] GC(59) ParOldGen: 34881K->34881K(699392K)
[5.796s][info][gc,metaspace   ] GC(59) Metaspace: 20343K(21248K)->20343K(21248K) NonClass: 17944K(18432K)->17944K(18432K) Class: 2398K(2816K)->2398K(2816K)
[5.796s][info][gc             ] GC(59) Pause Young (System.gc()) 180M->34M(981M) 0.601ms
[5.796s][info][gc,cpu         ] GC(59) User=0.00s Sys=0.00s Real=0.00s
[5.796s][info][gc,start       ] GC(60) Pause Full (System.gc())
[5.796s][info][gc,phases,start] GC(60) Marking Phase
[5.828s][info][gc,phases      ] GC(60) Marking Phase 31.776ms
[5.828s][info][gc,phases,start] GC(60) Summary Phase
[5.828s][info][gc,phases      ] GC(60) Summary Phase 0.010ms
[5.828s][info][gc,phases,start] GC(60) Adjust Roots
[5.830s][info][gc,phases      ] GC(60) Adjust Roots 1.955ms
[5.830s][info][gc,phases,start] GC(60) Compaction Phase
[5.839s][info][gc,phases      ] GC(60) Compaction Phase 9.160ms
[5.839s][info][gc,phases,start] GC(60) Post Compact
[5.840s][info][gc,phases      ] GC(60) Post Compact 0.254ms
[5.840s][info][gc,heap        ] GC(60) PSYoungGen: 96K->0K(305664K)
[5.840s][info][gc,heap        ] GC(60) ParOldGen: 34881K->34881K(699392K)
[5.840s][info][gc,metaspace   ] GC(60) Metaspace: 20343K(21248K)->20343K(21248K) NonClass: 17944K(18432K)->17944K(18432K) Class: 2398K(2816K)->2398K(2816K)
[5.840s][info][gc             ] GC(60) Pause Full (System.gc()) 34M->34M(981M) 43.388ms
[5.840s][info][gc,cpu         ] GC(60) User=0.11s Sys=0.00s Real=0.05s
[5.921s][info][gc,start       ] GC(61) Pause Young (System.gc())
[5.921s][info][gc,heap        ] GC(61) PSYoungGen: 148987K->128K(305664K)
[5.921s][info][gc,heap        ] GC(61) ParOldGen: 34881K->34881K(699392K)
[5.921s][info][gc,metaspace   ] GC(61) Metaspace: 20351K(21248K)->20351K(21248K) NonClass: 17952K(18432K)->17952K(18432K) Class: 2398K(2816K)->2398K(2816K)
[5.921s][info][gc             ] GC(61) Pause Young (System.gc()) 179M->34M(981M) 0.590ms
[5.921s][info][gc,cpu         ] GC(61) User=0.00s Sys=0.00s Real=0.00s
[5.921s][info][gc,start       ] GC(62) Pause Full (System.gc())
[5.921s][info][gc,phases,start] GC(62) Marking Phase
[5.945s][info][gc,phases      ] GC(62) Marking Phase 23.096ms
[5.945s][info][gc,phases,start] GC(62) Summary Phase
[5.945s][info][gc,phases      ] GC(62) Summary Phase 0.009ms
[5.945s][info][gc,phases,start] GC(62) Adjust Roots
[5.947s][info][gc,phases      ] GC(62) Adjust Roots 2.076ms
[5.947s][info][gc,phases,start] GC(62) Compaction Phase
[5.956s][info][gc,phases      ] GC(62) Compaction Phase 8.870ms
[5.956s][info][gc,phases,start] GC(62) Post Compact
[5.956s][info][gc,phases      ] GC(62) Post Compact 0.316ms
[5.956s][info][gc,heap        ] GC(62) PSYoungGen: 128K->0K(305664K)
[5.956s][info][gc,heap        ] GC(62) ParOldGen: 34881K->34881K(699392K)
[5.956s][info][gc,metaspace   ] GC(62) Metaspace: 20351K(21248K)->20351K(21248K) NonClass: 17952K(18432K)->17952K(18432K) Class: 2398K(2816K)->2398K(2816K)
[5.956s][info][gc             ] GC(62) Pause Full (System.gc()) 34M->34M(981M) 34.589ms
[5.956s][info][gc,cpu         ] GC(62) User=0.09s Sys=0.00s Real=0.03s
[6.038s][info][gc,start       ] GC(63) Pause Young (System.gc())
[6.038s][info][gc,heap        ] GC(63) PSYoungGen: 149255K->192K(305664K)
[6.038s][info][gc,heap        ] GC(63) ParOldGen: 34881K->34881K(699392K)
[6.038s][info][gc,metaspace   ] GC(63) Metaspace: 20355K(21248K)->20355K(21248K) NonClass: 17956K(18432K)->17956K(18432K) Class: 2398K(2816K)->2398K(2816K)
[6.038s][info][gc             ] GC(63) Pause Young (System.gc()) 179M->34M(981M) 0.495ms
[6.038s][info][gc,cpu         ] GC(63) User=0.00s Sys=0.00s Real=0.00s
[6.038s][info][gc,start       ] GC(64) Pause Full (System.gc())
[6.038s][info][gc,phases,start] GC(64) Marking Phase
[6.060s][info][gc,phases      ] GC(64) Marking Phase 21.932ms
[6.060s][info][gc,phases,start] GC(64) Summary Phase
[6.060s][info][gc,phases      ] GC(64) Summary Phase 0.012ms
[6.060s][info][gc,phases,start] GC(64) Adjust Roots
[6.062s][info][gc,phases      ] GC(64) Adjust Roots 2.055ms
[6.062s][info][gc,phases,start] GC(64) Compaction Phase
[6.071s][info][gc,phases      ] GC(64) Compaction Phase 8.691ms
[6.071s][info][gc,phases,start] GC(64) Post Compact
[6.071s][info][gc,phases      ] GC(64) Post Compact 0.323ms
[6.071s][info][gc,heap        ] GC(64) PSYoungGen: 192K->0K(305664K)
[6.071s][info][gc,heap        ] GC(64) ParOldGen: 34881K->34881K(699392K)
[6.071s][info][gc,metaspace   ] GC(64) Metaspace: 20355K(21248K)->20355K(21248K) NonClass: 17956K(18432K)->17956K(18432K) Class: 2398K(2816K)->2398K(2816K)
[6.071s][info][gc             ] GC(64) Pause Full (System.gc()) 34M->34M(981M) 33.294ms
[6.071s][info][gc,cpu         ] GC(64) User=0.08s Sys=0.00s Real=0.03s
[6.153s][info][gc,start       ] GC(65) Pause Young (System.gc())
[6.154s][info][gc,heap        ] GC(65) PSYoungGen: 148575K->192K(305664K)
[6.154s][info][gc,heap        ] GC(65) ParOldGen: 34881K->34881K(699392K)
[6.154s][info][gc,metaspace   ] GC(65) Metaspace: 20355K(21248K)->20355K(21248K) NonClass: 17957K(18432K)->17957K(18432K) Class: 2398K(2816K)->2398K(2816K)
[6.154s][info][gc             ] GC(65) Pause Young (System.gc()) 179M->34M(981M) 0.598ms
[6.154s][info][gc,cpu         ] GC(65) User=0.00s Sys=0.00s Real=0.00s
[6.154s][info][gc,start       ] GC(66) Pause Full (System.gc())
[6.154s][info][gc,phases,start] GC(66) Marking Phase
[6.182s][info][gc,phases      ] GC(66) Marking Phase 28.199ms
[6.182s][info][gc,phases,start] GC(66) Summary Phase
[6.182s][info][gc,phases      ] GC(66) Summary Phase 0.010ms
[6.182s][info][gc,phases,start] GC(66) Adjust Roots
[6.184s][info][gc,phases      ] GC(66) Adjust Roots 2.085ms
[6.184s][info][gc,phases,start] GC(66) Compaction Phase
[6.193s][info][gc,phases      ] GC(66) Compaction Phase 8.522ms
[6.193s][info][gc,phases,start] GC(66) Post Compact
[6.193s][info][gc,phases      ] GC(66) Post Compact 0.281ms
[6.193s][info][gc,heap        ] GC(66) PSYoungGen: 192K->0K(305664K)
[6.193s][info][gc,heap        ] GC(66) ParOldGen: 34881K->34881K(699392K)
[6.193s][info][gc,metaspace   ] GC(66) Metaspace: 20355K(21248K)->20355K(21248K) NonClass: 17957K(18432K)->17957K(18432K) Class: 2398K(2816K)->2398K(2816K)
[6.193s][info][gc             ] GC(66) Pause Full (System.gc()) 34M->34M(981M) 39.367ms
[6.193s][info][gc,cpu         ] GC(66) User=0.08s Sys=0.00s Real=0.03s
[6.274s][info][gc,start       ] GC(67) Pause Young (System.gc())
[6.274s][info][gc,heap        ] GC(67) PSYoungGen: 149900K->128K(305664K)
[6.274s][info][gc,heap        ] GC(67) ParOldGen: 34881K->34881K(699392K)
[6.274s][info][gc,metaspace   ] GC(67) Metaspace: 20355K(21248K)->20355K(21248K) NonClass: 17957K(18432K)->17957K(18432K) Class: 2398K(2816K)->2398K(2816K)
[6.274s][info][gc             ] GC(67) Pause Young (System.gc()) 180M->34M(981M) 0.440ms
[6.274s][info][gc,cpu         ] GC(67) User=0.00s Sys=0.00s Real=0.00s
[6.274s][info][gc,start       ] GC(68) Pause Full (System.gc())
[6.274s][info][gc,phases,start] GC(68) Marking Phase
[6.302s][info][gc,phases      ] GC(68) Marking Phase 27.660ms
[6.302s][info][gc,phases,start] GC(68) Summary Phase
[6.302s][info][gc,phases      ] GC(68) Summary Phase 0.010ms
[6.302s][info][gc,phases,start] GC(68) Adjust Roots
[6.304s][info][gc,phases      ] GC(68) Adjust Roots 2.040ms
[6.304s][info][gc,phases,start] GC(68) Compaction Phase
[6.313s][info][gc,phases      ] GC(68) Compaction Phase 9.080ms
[6.313s][info][gc,phases,start] GC(68) Post Compact
[6.314s][info][gc,phases      ] GC(68) Post Compact 0.275ms
[6.314s][info][gc,heap        ] GC(68) PSYoungGen: 128K->0K(305664K)
[6.314s][info][gc,heap        ] GC(68) ParOldGen: 34881K->34881K(699392K)
[6.314s][info][gc,metaspace   ] GC(68) Metaspace: 20355K(21248K)->20355K(21248K) NonClass: 17957K(18432K)->17957K(18432K) Class: 2398K(2816K)->2398K(2816K)
[6.314s][info][gc             ] GC(68) Pause Full (System.gc()) 34M->34M(981M) 39.288ms
[6.314s][info][gc,cpu         ] GC(68) User=0.11s Sys=0.00s Real=0.05s
[6.395s][info][gc,start       ] GC(69) Pause Young (System.gc())
[6.396s][info][gc,heap        ] GC(69) PSYoungGen: 149589K->160K(305664K)
[6.396s][info][gc,heap        ] GC(69) ParOldGen: 34881K->34881K(699392K)
[6.396s][info][gc,metaspace   ] GC(69) Metaspace: 20355K(21248K)->20355K(21248K) NonClass: 17957K(18432K)->17957K(18432K) Class: 2398K(2816K)->2398K(2816K)
[6.396s][info][gc             ] GC(69) Pause Young (System.gc()) 180M->34M(981M) 0.580ms
[6.396s][info][gc,cpu         ] GC(69) User=0.00s Sys=0.00s Real=0.00s
[6.396s][info][gc,start       ] GC(70) Pause Full (System.gc())
[6.396s][info][gc,phases,start] GC(70) Marking Phase
[6.422s][info][gc,phases      ] GC(70) Marking Phase 25.924ms
[6.422s][info][gc,phases,start] GC(70) Summary Phase
[6.422s][info][gc,phases      ] GC(70) Summary Phase 0.010ms
[6.422s][info][gc,phases,start] GC(70) Adjust Roots
[6.424s][info][gc,phases      ] GC(70) Adjust Roots 1.936ms
[6.424s][info][gc,phases,start] GC(70) Compaction Phase
[6.433s][info][gc,phases      ] GC(70) Compaction Phase 8.893ms
[6.433s][info][gc,phases,start] GC(70) Post Compact
[6.433s][info][gc,phases      ] GC(70) Post Compact 0.313ms
[6.433s][info][gc,heap        ] GC(70) PSYoungGen: 160K->0K(305664K)
[6.433s][info][gc,heap        ] GC(70) ParOldGen: 34881K->34881K(699392K)
[6.433s][info][gc,metaspace   ] GC(70) Metaspace: 20355K(21248K)->20355K(21248K) NonClass: 17957K(18432K)->17957K(18432K) Class: 2398K(2816K)->2398K(2816K)
[6.433s][info][gc             ] GC(70) Pause Full (System.gc()) 34M->34M(981M) 37.323ms
[6.433s][info][gc,cpu         ] GC(70) User=0.08s Sys=0.00s Real=0.03s
[6.516s][info][gc,start       ] GC(71) Pause Young (System.gc())
[6.516s][info][gc,heap        ] GC(71) PSYoungGen: 149669K->192K(305664K)
[6.516s][info][gc,heap        ] GC(71) ParOldGen: 34881K->34881K(699392K)
[6.516s][info][gc,metaspace   ] GC(71) Metaspace: 20357K(21248K)->20357K(21248K) NonClass: 17958K(18432K)->17958K(18432K) Class: 2398K(2816K)->2398K(2816K)
[6.516s][info][gc             ] GC(71) Pause Young (System.gc()) 180M->34M(981M) 0.517ms
[6.516s][info][gc,cpu         ] GC(71) User=0.00s Sys=0.00s Real=0.00s
[6.516s][info][gc,start       ] GC(72) Pause Full (System.gc())
[6.516s][info][gc,phases,start] GC(72) Marking Phase
[6.539s][info][gc,phases      ] GC(72) Marking Phase 22.073ms
[6.539s][info][gc,phases,start] GC(72) Summary Phase
[6.539s][info][gc,phases      ] GC(72) Summary Phase 0.009ms
[6.539s][info][gc,phases,start] GC(72) Adjust Roots
[6.541s][info][gc,phases      ] GC(72) Adjust Roots 2.128ms
[6.541s][info][gc,phases,start] GC(72) Compaction Phase
[6.550s][info][gc,phases      ] GC(72) Compaction Phase 9.275ms
[6.550s][info][gc,phases,start] GC(72) Post Compact
[6.550s][info][gc,phases      ] GC(72) Post Compact 0.288ms
[6.550s][info][gc,heap        ] GC(72) PSYoungGen: 192K->0K(305664K)
[6.550s][info][gc,heap        ] GC(72) ParOldGen: 34881K->34881K(699392K)
[6.550s][info][gc,metaspace   ] GC(72) Metaspace: 20357K(21248K)->20357K(21248K) NonClass: 17958K(18432K)->17958K(18432K) Class: 2398K(2816K)->2398K(2816K)
[6.550s][info][gc             ] GC(72) Pause Full (System.gc()) 34M->34M(981M) 34.015ms
[6.550s][info][gc,cpu         ] GC(72) User=0.09s Sys=0.00s Real=0.03s
[6.633s][info][gc,start       ] GC(73) Pause Young (System.gc())
[6.633s][info][gc,heap        ] GC(73) PSYoungGen: 150161K->160K(305664K)
[6.633s][info][gc,heap        ] GC(73) ParOldGen: 34881K->34881K(699392K)
[6.633s][info][gc,metaspace   ] GC(73) Metaspace: 20358K(21248K)->20358K(21248K) NonClass: 17959K(18432K)->17959K(18432K) Class: 2398K(2816K)->2398K(2816K)
[6.633s][info][gc             ] GC(73) Pause Young (System.gc()) 180M->34M(981M) 0.467ms
[6.633s][info][gc,cpu         ] GC(73) User=0.00s Sys=0.00s Real=0.00s
[6.633s][info][gc,start       ] GC(74) Pause Full (System.gc())
[6.633s][info][gc,phases,start] GC(74) Marking Phase
[6.661s][info][gc,phases      ] GC(74) Marking Phase 27.527ms
[6.661s][info][gc,phases,start] GC(74) Summary Phase
[6.661s][info][gc,phases      ] GC(74) Summary Phase 0.010ms
[6.661s][info][gc,phases,start] GC(74) Adjust Roots
[6.663s][info][gc,phases      ] GC(74) Adjust Roots 2.093ms
[6.663s][info][gc,phases,start] GC(74) Compaction Phase
[6.672s][info][gc,phases      ] GC(74) Compaction Phase 8.779ms
[6.672s][info][gc,phases,start] GC(74) Post Compact
[6.672s][info][gc,phases      ] GC(74) Post Compact 0.298ms
[6.672s][info][gc,heap        ] GC(74) PSYoungGen: 160K->0K(305664K)
[6.672s][info][gc,heap        ] GC(74) ParOldGen: 34881K->34881K(699392K)
[6.672s][info][gc,metaspace   ] GC(74) Metaspace: 20358K(21248K)->20358K(21248K) NonClass: 17959K(18432K)->17959K(18432K) Class: 2398K(2816K)->2398K(2816K)
[6.672s][info][gc             ] GC(74) Pause Full (System.gc()) 34M->34M(981M) 38.940ms
[6.672s][info][gc,cpu         ] GC(74) User=0.09s Sys=0.00s Real=0.05s
[6.754s][info][gc,start       ] GC(75) Pause Young (System.gc())
[6.755s][info][gc,heap        ] GC(75) PSYoungGen: 149069K->160K(305664K)
[6.755s][info][gc,heap        ] GC(75) ParOldGen: 34881K->34881K(699392K)
[6.755s][info][gc,metaspace   ] GC(75) Metaspace: 20358K(21248K)->20358K(21248K) NonClass: 17960K(18432K)->17960K(18432K) Class: 2398K(2816K)->2398K(2816K)
[6.755s][info][gc             ] GC(75) Pause Young (System.gc()) 179M->34M(981M) 0.543ms
[6.755s][info][gc,cpu         ] GC(75) User=0.00s Sys=0.00s Real=0.00s
[6.755s][info][gc,start       ] GC(76) Pause Full (System.gc())
[6.755s][info][gc,phases,start] GC(76) Marking Phase
[6.780s][info][gc,phases      ] GC(76) Marking Phase 24.952ms
[6.780s][info][gc,phases,start] GC(76) Summary Phase
[6.780s][info][gc,phases      ] GC(76) Summary Phase 0.010ms
[6.780s][info][gc,phases,start] GC(76) Adjust Roots
[6.782s][info][gc,phases      ] GC(76) Adjust Roots 2.134ms
[6.782s][info][gc,phases,start] GC(76) Compaction Phase
[6.791s][info][gc,phases      ] GC(76) Compaction Phase 8.881ms
[6.791s][info][gc,phases,start] GC(76) Post Compact
[6.791s][info][gc,phases      ] GC(76) Post Compact 0.289ms
[6.791s][info][gc,heap        ] GC(76) PSYoungGen: 160K->0K(305664K)
[6.792s][info][gc,heap        ] GC(76) ParOldGen: 34881K->34881K(699392K)
[6.792s][info][gc,metaspace   ] GC(76) Metaspace: 20358K(21248K)->20358K(21248K) NonClass: 17960K(18432K)->17960K(18432K) Class: 2398K(2816K)->2398K(2816K)
[6.792s][info][gc             ] GC(76) Pause Full (System.gc()) 34M->34M(981M) 36.517ms
[6.792s][info][gc,cpu         ] GC(76) User=0.08s Sys=0.00s Real=0.03s
[6.872s][info][gc,start       ] GC(77) Pause Young (System.gc())
[6.873s][info][gc,heap        ] GC(77) PSYoungGen: 149590K->160K(305664K)
[6.873s][info][gc,heap        ] GC(77) ParOldGen: 34881K->34881K(699392K)
[6.873s][info][gc,metaspace   ] GC(77) Metaspace: 20358K(21248K)->20358K(21248K) NonClass: 17960K(18432K)->17960K(18432K) Class: 2398K(2816K)->2398K(2816K)
[6.873s][info][gc             ] GC(77) Pause Young (System.gc()) 180M->34M(981M) 0.776ms
[6.873s][info][gc,cpu         ] GC(77) User=0.00s Sys=0.00s Real=0.00s
[6.873s][info][gc,start       ] GC(78) Pause Full (System.gc())
[6.873s][info][gc,phases,start] GC(78) Marking Phase
[6.895s][info][gc,phases      ] GC(78) Marking Phase 22.204ms
[6.895s][info][gc,phases,start] GC(78) Summary Phase
[6.895s][info][gc,phases      ] GC(78) Summary Phase 0.010ms
[6.895s][info][gc,phases,start] GC(78) Adjust Roots
[6.897s][info][gc,phases      ] GC(78) Adjust Roots 2.137ms
[6.897s][info][gc,phases,start] GC(78) Compaction Phase
[6.907s][info][gc,phases      ] GC(78) Compaction Phase 9.225ms
[6.907s][info][gc,phases,start] GC(78) Post Compact
[6.907s][info][gc,phases      ] GC(78) Post Compact 0.301ms
[6.907s][info][gc,heap        ] GC(78) PSYoungGen: 160K->0K(305664K)
[6.907s][info][gc,heap        ] GC(78) ParOldGen: 34881K->34881K(699392K)
[6.907s][info][gc,metaspace   ] GC(78) Metaspace: 20358K(21248K)->20358K(21248K) NonClass: 17960K(18432K)->17960K(18432K) Class: 2398K(2816K)->2398K(2816K)
[6.907s][info][gc             ] GC(78) Pause Full (System.gc()) 34M->34M(981M) 34.165ms
[6.907s][info][gc,cpu         ] GC(78) User=0.11s Sys=0.00s Real=0.05s
[6.989s][info][gc,start       ] GC(79) Pause Young (System.gc())
[6.990s][info][gc,heap        ] GC(79) PSYoungGen: 148622K->192K(305664K)
[6.990s][info][gc,heap        ] GC(79) ParOldGen: 34881K->34881K(699392K)
[6.990s][info][gc,metaspace   ] GC(79) Metaspace: 20358K(21248K)->20358K(21248K) NonClass: 17960K(18432K)->17960K(18432K) Class: 2398K(2816K)->2398K(2816K)
[6.990s][info][gc             ] GC(79) Pause Young (System.gc()) 179M->34M(981M) 0.440ms
[6.990s][info][gc,cpu         ] GC(79) User=0.00s Sys=0.00s Real=0.00s
[6.990s][info][gc,start       ] GC(80) Pause Full (System.gc())
[6.990s][info][gc,phases,start] GC(80) Marking Phase
[7.019s][info][gc,phases      ] GC(80) Marking Phase 29.594ms
[7.019s][info][gc,phases,start] GC(80) Summary Phase
[7.019s][info][gc,phases      ] GC(80) Summary Phase 0.011ms
[7.020s][info][gc,phases,start] GC(80) Adjust Roots
[7.022s][info][gc,phases      ] GC(80) Adjust Roots 2.002ms
[7.022s][info][gc,phases,start] GC(80) Compaction Phase
[7.030s][info][gc,phases      ] GC(80) Compaction Phase 8.692ms
[7.030s][info][gc,phases,start] GC(80) Post Compact
[7.031s][info][gc,phases      ] GC(80) Post Compact 0.292ms
[7.031s][info][gc,heap        ] GC(80) PSYoungGen: 192K->0K(305664K)
[7.031s][info][gc,heap        ] GC(80) ParOldGen: 34881K->34881K(699392K)
[7.031s][info][gc,metaspace   ] GC(80) Metaspace: 20358K(21248K)->20358K(21248K) NonClass: 17960K(18432K)->17960K(18432K) Class: 2398K(2816K)->2398K(2816K)
[7.031s][info][gc             ] GC(80) Pause Full (System.gc()) 34M->34M(981M) 40.986ms
[7.031s][info][gc,cpu         ] GC(80) User=0.03s Sys=0.00s Real=0.03s
[7.113s][info][gc,start       ] GC(81) Pause Young (System.gc())
[7.113s][info][gc,heap        ] GC(81) PSYoungGen: 150003K->128K(305664K)
[7.113s][info][gc,heap        ] GC(81) ParOldGen: 34881K->34881K(699392K)
[7.113s][info][gc,metaspace   ] GC(81) Metaspace: 20358K(21248K)->20358K(21248K) NonClass: 17960K(18432K)->17960K(18432K) Class: 2398K(2816K)->2398K(2816K)
[7.113s][info][gc             ] GC(81) Pause Young (System.gc()) 180M->34M(981M) 0.437ms
[7.113s][info][gc,cpu         ] GC(81) User=0.00s Sys=0.00s Real=0.00s
[7.113s][info][gc,start       ] GC(82) Pause Full (System.gc())
[7.113s][info][gc,phases,start] GC(82) Marking Phase
[7.141s][info][gc,phases      ] GC(82) Marking Phase 27.221ms
[7.141s][info][gc,phases,start] GC(82) Summary Phase
[7.141s][info][gc,phases      ] GC(82) Summary Phase 0.009ms
[7.141s][info][gc,phases,start] GC(82) Adjust Roots
[7.143s][info][gc,phases      ] GC(82) Adjust Roots 2.014ms
[7.143s][info][gc,phases,start] GC(82) Compaction Phase
[7.151s][info][gc,phases      ] GC(82) Compaction Phase 8.541ms
[7.151s][info][gc,phases,start] GC(82) Post Compact
[7.152s][info][gc,phases      ] GC(82) Post Compact 0.291ms
[7.152s][info][gc,heap        ] GC(82) PSYoungGen: 128K->0K(305664K)
[7.152s][info][gc,heap        ] GC(82) ParOldGen: 34881K->34881K(699392K)
[7.152s][info][gc,metaspace   ] GC(82) Metaspace: 20358K(21248K)->20358K(21248K) NonClass: 17960K(18432K)->17960K(18432K) Class: 2398K(2816K)->2398K(2816K)
[7.152s][info][gc             ] GC(82) Pause Full (System.gc()) 34M->34M(981M) 38.333ms
[7.152s][info][gc,cpu         ] GC(82) User=0.08s Sys=0.00s Real=0.03s
[7.233s][info][gc,start       ] GC(83) Pause Young (System.gc())
[7.234s][info][gc,heap        ] GC(83) PSYoungGen: 149175K->160K(305664K)
[7.234s][info][gc,heap        ] GC(83) ParOldGen: 34881K->34881K(699392K)
[7.234s][info][gc,metaspace   ] GC(83) Metaspace: 20364K(21248K)->20364K(21248K) NonClass: 17966K(18432K)->17966K(18432K) Class: 2398K(2816K)->2398K(2816K)
[7.234s][info][gc             ] GC(83) Pause Young (System.gc()) 179M->34M(981M) 0.507ms
[7.234s][info][gc,cpu         ] GC(83) User=0.00s Sys=0.00s Real=0.00s
[7.234s][info][gc,start       ] GC(84) Pause Full (System.gc())
[7.234s][info][gc,phases,start] GC(84) Marking Phase
[7.259s][info][gc,phases      ] GC(84) Marking Phase 25.167ms
[7.259s][info][gc,phases,start] GC(84) Summary Phase
[7.259s][info][gc,phases      ] GC(84) Summary Phase 0.009ms
[7.259s][info][gc,phases,start] GC(84) Adjust Roots
[7.261s][info][gc,phases      ] GC(84) Adjust Roots 2.148ms
[7.261s][info][gc,phases,start] GC(84) Compaction Phase
[7.270s][info][gc,phases      ] GC(84) Compaction Phase 8.951ms
[7.270s][info][gc,phases,start] GC(84) Post Compact
[7.271s][info][gc,phases      ] GC(84) Post Compact 0.304ms
[7.271s][info][gc,heap        ] GC(84) PSYoungGen: 160K->0K(305664K)
[7.271s][info][gc,heap        ] GC(84) ParOldGen: 34881K->34881K(699392K)
[7.271s][info][gc,metaspace   ] GC(84) Metaspace: 20364K(21248K)->20364K(21248K) NonClass: 17966K(18432K)->17966K(18432K) Class: 2398K(2816K)->2398K(2816K)
[7.271s][info][gc             ] GC(84) Pause Full (System.gc()) 34M->34M(981M) 36.802ms
[7.271s][info][gc,cpu         ] GC(84) User=0.11s Sys=0.00s Real=0.05s
[7.353s][info][gc,start       ] GC(85) Pause Young (System.gc())
[7.354s][info][gc,heap        ] GC(85) PSYoungGen: 149212K->128K(305664K)
[7.354s][info][gc,heap        ] GC(85) ParOldGen: 34881K->34881K(699392K)
[7.354s][info][gc,metaspace   ] GC(85) Metaspace: 20364K(21248K)->20364K(21248K) NonClass: 17966K(18432K)->17966K(18432K) Class: 2398K(2816K)->2398K(2816K)
[7.354s][info][gc             ] GC(85) Pause Young (System.gc()) 179M->34M(981M) 0.483ms
[7.354s][info][gc,cpu         ] GC(85) User=0.00s Sys=0.00s Real=0.00s
[7.354s][info][gc,start       ] GC(86) Pause Full (System.gc())
[7.354s][info][gc,phases,start] GC(86) Marking Phase
[7.380s][info][gc,phases      ] GC(86) Marking Phase 25.628ms
[7.380s][info][gc,phases,start] GC(86) Summary Phase
[7.380s][info][gc,phases      ] GC(86) Summary Phase 0.010ms
[7.380s][info][gc,phases,start] GC(86) Adjust Roots
[7.382s][info][gc,phases      ] GC(86) Adjust Roots 2.186ms
[7.382s][info][gc,phases,start] GC(86) Compaction Phase
[7.391s][info][gc,phases      ] GC(86) Compaction Phase 9.259ms
[7.391s][info][gc,phases,start] GC(86) Post Compact
[7.392s][info][gc,phases      ] GC(86) Post Compact 0.302ms
[7.392s][info][gc,heap        ] GC(86) PSYoungGen: 128K->0K(305664K)
[7.392s][info][gc,heap        ] GC(86) ParOldGen: 34881K->34884K(699392K)
[7.392s][info][gc,metaspace   ] GC(86) Metaspace: 20364K(21248K)->20364K(21248K) NonClass: 17966K(18432K)->17966K(18432K) Class: 2398K(2816K)->2398K(2816K)
[7.392s][info][gc             ] GC(86) Pause Full (System.gc()) 34M->34M(981M) 37.698ms
[7.392s][info][gc,cpu         ] GC(86) User=0.09s Sys=0.00s Real=0.03s
[7.472s][info][gc,start       ] GC(87) Pause Young (System.gc())
[7.473s][info][gc,heap        ] GC(87) PSYoungGen: 149580K->160K(305664K)
[7.473s][info][gc,heap        ] GC(87) ParOldGen: 34884K->34884K(699392K)
[7.473s][info][gc,metaspace   ] GC(87) Metaspace: 20364K(21248K)->20364K(21248K) NonClass: 17966K(18432K)->17966K(18432K) Class: 2398K(2816K)->2398K(2816K)
[7.473s][info][gc             ] GC(87) Pause Young (System.gc()) 180M->34M(981M) 0.427ms
[7.473s][info][gc,cpu         ] GC(87) User=0.00s Sys=0.00s Real=0.00s
[7.473s][info][gc,start       ] GC(88) Pause Full (System.gc())
[7.473s][info][gc,phases,start] GC(88) Marking Phase
[7.496s][info][gc,phases      ] GC(88) Marking Phase 23.645ms
[7.496s][info][gc,phases,start] GC(88) Summary Phase
[7.496s][info][gc,phases      ] GC(88) Summary Phase 0.010ms
[7.497s][info][gc,phases,start] GC(88) Adjust Roots
[7.498s][info][gc,phases      ] GC(88) Adjust Roots 1.982ms
[7.499s][info][gc,phases,start] GC(88) Compaction Phase
[7.508s][info][gc,phases      ] GC(88) Compaction Phase 8.981ms
[7.508s][info][gc,phases,start] GC(88) Post Compact
[7.508s][info][gc,phases      ] GC(88) Post Compact 0.272ms
[7.508s][info][gc,heap        ] GC(88) PSYoungGen: 160K->0K(305664K)
[7.508s][info][gc,heap        ] GC(88) ParOldGen: 34884K->34884K(699392K)
[7.508s][info][gc,metaspace   ] GC(88) Metaspace: 20364K(21248K)->20364K(21248K) NonClass: 17966K(18432K)->17966K(18432K) Class: 2398K(2816K)->2398K(2816K)
[7.508s][info][gc             ] GC(88) Pause Full (System.gc()) 34M->34M(981M) 35.118ms
[7.508s][info][gc,cpu         ] GC(88) User=0.11s Sys=0.00s Real=0.03s
[7.590s][info][gc,start       ] GC(89) Pause Young (System.gc())
[7.590s][info][gc,heap        ] GC(89) PSYoungGen: 148214K->128K(305664K)
[7.590s][info][gc,heap        ] GC(89) ParOldGen: 34884K->34884K(699392K)
[7.590s][info][gc,metaspace   ] GC(89) Metaspace: 20365K(21248K)->20365K(21248K) NonClass: 17967K(18432K)->17967K(18432K) Class: 2398K(2816K)->2398K(2816K)
[7.590s][info][gc             ] GC(89) Pause Young (System.gc()) 178M->34M(981M) 0.605ms
[7.590s][info][gc,cpu         ] GC(89) User=0.00s Sys=0.00s Real=0.00s
[7.590s][info][gc,start       ] GC(90) Pause Full (System.gc())
[7.590s][info][gc,phases,start] GC(90) Marking Phase
[7.617s][info][gc,phases      ] GC(90) Marking Phase 26.370ms
[7.617s][info][gc,phases,start] GC(90) Summary Phase
[7.617s][info][gc,phases      ] GC(90) Summary Phase 0.016ms
[7.617s][info][gc,phases,start] GC(90) Adjust Roots
[7.619s][info][gc,phases      ] GC(90) Adjust Roots 2.098ms
[7.619s][info][gc,phases,start] GC(90) Compaction Phase
[7.628s][info][gc,phases      ] GC(90) Compaction Phase 8.883ms
[7.628s][info][gc,phases,start] GC(90) Post Compact
[7.628s][info][gc,phases      ] GC(90) Post Compact 0.377ms
[7.628s][info][gc,heap        ] GC(90) PSYoungGen: 128K->0K(305664K)
[7.628s][info][gc,heap        ] GC(90) ParOldGen: 34884K->34884K(699392K)
[7.628s][info][gc,metaspace   ] GC(90) Metaspace: 20365K(21248K)->20365K(21248K) NonClass: 17967K(18432K)->17967K(18432K) Class: 2398K(2816K)->2398K(2816K)
[7.628s][info][gc             ] GC(90) Pause Full (System.gc()) 34M->34M(981M) 38.020ms
[7.628s][info][gc,cpu         ] GC(90) User=0.11s Sys=0.00s Real=0.05s
[7.711s][info][gc,start       ] GC(91) Pause Young (System.gc())
[7.711s][info][gc,heap        ] GC(91) PSYoungGen: 150370K->128K(305664K)
[7.711s][info][gc,heap        ] GC(91) ParOldGen: 34884K->34884K(699392K)
[7.711s][info][gc,metaspace   ] GC(91) Metaspace: 20366K(21248K)->20366K(21248K) NonClass: 17968K(18432K)->17968K(18432K) Class: 2398K(2816K)->2398K(2816K)
[7.711s][info][gc             ] GC(91) Pause Young (System.gc()) 180M->34M(981M) 0.585ms
[7.711s][info][gc,cpu         ] GC(91) User=0.00s Sys=0.00s Real=0.00s
[7.712s][info][gc,start       ] GC(92) Pause Full (System.gc())
[7.712s][info][gc,phases,start] GC(92) Marking Phase
[7.741s][info][gc,phases      ] GC(92) Marking Phase 29.767ms
[7.741s][info][gc,phases,start] GC(92) Summary Phase
[7.741s][info][gc,phases      ] GC(92) Summary Phase 0.010ms
[7.741s][info][gc,phases,start] GC(92) Adjust Roots
[7.744s][info][gc,phases      ] GC(92) Adjust Roots 2.109ms
[7.744s][info][gc,phases,start] GC(92) Compaction Phase
[7.752s][info][gc,phases      ] GC(92) Compaction Phase 8.930ms
[7.753s][info][gc,phases,start] GC(92) Post Compact
[7.753s][info][gc,phases      ] GC(92) Post Compact 0.309ms
[7.753s][info][gc,heap        ] GC(92) PSYoungGen: 128K->0K(305664K)
[7.753s][info][gc,heap        ] GC(92) ParOldGen: 34884K->34884K(699392K)
[7.753s][info][gc,metaspace   ] GC(92) Metaspace: 20366K(21248K)->20366K(21248K) NonClass: 17968K(18432K)->17968K(18432K) Class: 2398K(2816K)->2398K(2816K)
[7.753s][info][gc             ] GC(92) Pause Full (System.gc()) 34M->34M(981M) 41.367ms
[7.753s][info][gc,cpu         ] GC(92) User=0.09s Sys=0.00s Real=0.03s
[7.834s][info][gc,start       ] GC(93) Pause Young (System.gc())
[7.835s][info][gc,heap        ] GC(93) PSYoungGen: 149182K->192K(305664K)
[7.835s][info][gc,heap        ] GC(93) ParOldGen: 34884K->34884K(699392K)
[7.835s][info][gc,metaspace   ] GC(93) Metaspace: 20366K(21248K)->20366K(21248K) NonClass: 17968K(18432K)->17968K(18432K) Class: 2398K(2816K)->2398K(2816K)
[7.835s][info][gc             ] GC(93) Pause Young (System.gc()) 179M->34M(981M) 0.560ms
[7.835s][info][gc,cpu         ] GC(93) User=0.00s Sys=0.00s Real=0.00s
[7.835s][info][gc,start       ] GC(94) Pause Full (System.gc())
[7.835s][info][gc,phases,start] GC(94) Marking Phase
[7.857s][info][gc,phases      ] GC(94) Marking Phase 21.789ms
[7.857s][info][gc,phases,start] GC(94) Summary Phase
[7.857s][info][gc,phases      ] GC(94) Summary Phase 0.010ms
[7.857s][info][gc,phases,start] GC(94) Adjust Roots
[7.859s][info][gc,phases      ] GC(94) Adjust Roots 1.998ms
[7.859s][info][gc,phases,start] GC(94) Compaction Phase
[7.868s][info][gc,phases      ] GC(94) Compaction Phase 9.042ms
[7.868s][info][gc,phases,start] GC(94) Post Compact
[7.868s][info][gc,phases      ] GC(94) Post Compact 0.255ms
[7.868s][info][gc,heap        ] GC(94) PSYoungGen: 192K->0K(305664K)
[7.868s][info][gc,heap        ] GC(94) ParOldGen: 34884K->34884K(699392K)
[7.868s][info][gc,metaspace   ] GC(94) Metaspace: 20366K(21248K)->20366K(21248K) NonClass: 17968K(18432K)->17968K(18432K) Class: 2398K(2816K)->2398K(2816K)
[7.868s][info][gc             ] GC(94) Pause Full (System.gc()) 34M->34M(981M) 33.356ms
[7.868s][info][gc,cpu         ] GC(94) User=0.08s Sys=0.00s Real=0.03s
[7.950s][info][gc,start       ] GC(95) Pause Young (System.gc())
[7.951s][info][gc,heap        ] GC(95) PSYoungGen: 149435K->96K(305664K)
[7.951s][info][gc,heap        ] GC(95) ParOldGen: 34884K->34884K(699392K)
[7.951s][info][gc,metaspace   ] GC(95) Metaspace: 20366K(21248K)->20366K(21248K) NonClass: 17968K(18432K)->17968K(18432K) Class: 2398K(2816K)->2398K(2816K)
[7.951s][info][gc             ] GC(95) Pause Young (System.gc()) 180M->34M(981M) 0.456ms
[7.951s][info][gc,cpu         ] GC(95) User=0.00s Sys=0.00s Real=0.00s
[7.951s][info][gc,start       ] GC(96) Pause Full (System.gc())
[7.951s][info][gc,phases,start] GC(96) Marking Phase
[7.977s][info][gc,phases      ] GC(96) Marking Phase 26.264ms
[7.977s][info][gc,phases,start] GC(96) Summary Phase
[7.977s][info][gc,phases      ] GC(96) Summary Phase 0.010ms
[7.977s][info][gc,phases,start] GC(96) Adjust Roots
[7.979s][info][gc,phases      ] GC(96) Adjust Roots 2.069ms
[7.979s][info][gc,phases,start] GC(96) Compaction Phase
[7.988s][info][gc,phases      ] GC(96) Compaction Phase 9.029ms
[7.988s][info][gc,phases,start] GC(96) Post Compact
[7.988s][info][gc,phases      ] GC(96) Post Compact 0.247ms
[7.988s][info][gc,heap        ] GC(96) PSYoungGen: 96K->0K(305664K)
[7.988s][info][gc,heap        ] GC(96) ParOldGen: 34884K->34884K(699392K)
[7.988s][info][gc,metaspace   ] GC(96) Metaspace: 20366K(21248K)->20366K(21248K) NonClass: 17968K(18432K)->17968K(18432K) Class: 2398K(2816K)->2398K(2816K)
[7.989s][info][gc             ] GC(96) Pause Full (System.gc()) 34M->34M(981M) 37.853ms
[7.989s][info][gc,cpu         ] GC(96) User=0.06s Sys=0.00s Real=0.03s
[8.069s][info][gc,start       ] GC(97) Pause Young (System.gc())
[8.070s][info][gc,heap        ] GC(97) PSYoungGen: 148524K->160K(305664K)
[8.070s][info][gc,heap        ] GC(97) ParOldGen: 34884K->34884K(699392K)
[8.070s][info][gc,metaspace   ] GC(97) Metaspace: 20366K(21248K)->20366K(21248K) NonClass: 17968K(18432K)->17968K(18432K) Class: 2398K(2816K)->2398K(2816K)
[8.070s][info][gc             ] GC(97) Pause Young (System.gc()) 179M->34M(981M) 0.624ms
[8.070s][info][gc,cpu         ] GC(97) User=0.00s Sys=0.00s Real=0.00s
[8.070s][info][gc,start       ] GC(98) Pause Full (System.gc())
[8.070s][info][gc,phases,start] GC(98) Marking Phase
[8.092s][info][gc,phases      ] GC(98) Marking Phase 22.072ms
[8.092s][info][gc,phases,start] GC(98) Summary Phase
[8.092s][info][gc,phases      ] GC(98) Summary Phase 0.009ms
[8.092s][info][gc,phases,start] GC(98) Adjust Roots
[8.094s][info][gc,phases      ] GC(98) Adjust Roots 2.102ms
[8.094s][info][gc,phases,start] GC(98) Compaction Phase
[8.103s][info][gc,phases      ] GC(98) Compaction Phase 8.673ms
[8.103s][info][gc,phases,start] GC(98) Post Compact
[8.103s][info][gc,phases      ] GC(98) Post Compact 0.255ms
[8.103s][info][gc,heap        ] GC(98) PSYoungGen: 160K->0K(305664K)
[8.103s][info][gc,heap        ] GC(98) ParOldGen: 34884K->34884K(699392K)
[8.103s][info][gc,metaspace   ] GC(98) Metaspace: 20366K(21248K)->20366K(21248K) NonClass: 17968K(18432K)->17968K(18432K) Class: 2398K(2816K)->2398K(2816K)
[8.103s][info][gc             ] GC(98) Pause Full (System.gc()) 34M->34M(981M) 33.405ms
[8.103s][info][gc,cpu         ] GC(98) User=0.09s Sys=0.00s Real=0.03s
[8.185s][info][gc,start       ] GC(99) Pause Young (System.gc())
[8.186s][info][gc,heap        ] GC(99) PSYoungGen: 150858K->192K(305664K)
[8.186s][info][gc,heap        ] GC(99) ParOldGen: 34884K->34884K(699392K)
[8.186s][info][gc,metaspace   ] GC(99) Metaspace: 20366K(21248K)->20366K(21248K) NonClass: 17968K(18432K)->17968K(18432K) Class: 2398K(2816K)->2398K(2816K)
[8.186s][info][gc             ] GC(99) Pause Young (System.gc()) 181M->34M(981M) 0.699ms
[8.186s][info][gc,cpu         ] GC(99) User=0.00s Sys=0.00s Real=0.00s
[8.186s][info][gc,start       ] GC(100) Pause Full (System.gc())
[8.186s][info][gc,phases,start] GC(100) Marking Phase
[8.212s][info][gc,phases      ] GC(100) Marking Phase 25.609ms
[8.212s][info][gc,phases,start] GC(100) Summary Phase
[8.212s][info][gc,phases      ] GC(100) Summary Phase 0.015ms
[8.212s][info][gc,phases,start] GC(100) Adjust Roots
[8.214s][info][gc,phases      ] GC(100) Adjust Roots 2.171ms
[8.214s][info][gc,phases,start] GC(100) Compaction Phase
[8.223s][info][gc,phases      ] GC(100) Compaction Phase 9.251ms
[8.223s][info][gc,phases,start] GC(100) Post Compact
[8.224s][info][gc,phases      ] GC(100) Post Compact 0.290ms
[8.224s][info][gc,heap        ] GC(100) PSYoungGen: 192K->0K(305664K)
[8.224s][info][gc,heap        ] GC(100) ParOldGen: 34884K->34884K(699392K)
[8.224s][info][gc,metaspace   ] GC(100) Metaspace: 20366K(21248K)->20366K(21248K) NonClass: 17968K(18432K)->17968K(18432K) Class: 2398K(2816K)->2398K(2816K)
[8.224s][info][gc             ] GC(100) Pause Full (System.gc()) 34M->34M(981M) 37.571ms
[8.224s][info][gc,cpu         ] GC(100) User=0.08s Sys=0.00s Real=0.03s
[8.305s][info][gc,start       ] GC(101) Pause Young (System.gc())
[8.305s][info][gc,heap        ] GC(101) PSYoungGen: 148623K->160K(305664K)
[8.305s][info][gc,heap        ] GC(101) ParOldGen: 34884K->34884K(699392K)
[8.305s][info][gc,metaspace   ] GC(101) Metaspace: 20366K(21248K)->20366K(21248K) NonClass: 17968K(18432K)->17968K(18432K) Class: 2398K(2816K)->2398K(2816K)
[8.305s][info][gc             ] GC(101) Pause Young (System.gc()) 179M->34M(981M) 0.384ms
[8.305s][info][gc,cpu         ] GC(101) User=0.00s Sys=0.00s Real=0.00s
[8.305s][info][gc,start       ] GC(102) Pause Full (System.gc())
[8.305s][info][gc,phases,start] GC(102) Marking Phase
[8.337s][info][gc,phases      ] GC(102) Marking Phase 32.239ms
[8.337s][info][gc,phases,start] GC(102) Summary Phase
[8.337s][info][gc,phases      ] GC(102) Summary Phase 0.010ms
[8.337s][info][gc,phases,start] GC(102) Adjust Roots
[8.339s][info][gc,phases      ] GC(102) Adjust Roots 1.993ms
[8.339s][info][gc,phases,start] GC(102) Compaction Phase
[8.348s][info][gc,phases      ] GC(102) Compaction Phase 8.408ms
[8.348s][info][gc,phases,start] GC(102) Post Compact
[8.348s][info][gc,phases      ] GC(102) Post Compact 0.320ms
[8.348s][info][gc,heap        ] GC(102) PSYoungGen: 160K->0K(305664K)
[8.348s][info][gc,heap        ] GC(102) ParOldGen: 34884K->34884K(699392K)
[8.348s][info][gc,metaspace   ] GC(102) Metaspace: 20366K(21248K)->20366K(21248K) NonClass: 17968K(18432K)->17968K(18432K) Class: 2398K(2816K)->2398K(2816K)
[8.348s][info][gc             ] GC(102) Pause Full (System.gc()) 34M->34M(981M) 43.213ms
[8.348s][info][gc,cpu         ] GC(102) User=0.08s Sys=0.00s Real=0.03s
[8.430s][info][gc,start       ] GC(103) Pause Young (System.gc())
[8.431s][info][gc,heap        ] GC(103) PSYoungGen: 149719K->160K(305664K)
[8.431s][info][gc,heap        ] GC(103) ParOldGen: 34884K->34884K(699392K)
[8.431s][info][gc,metaspace   ] GC(103) Metaspace: 20381K(21248K)->20381K(21248K) NonClass: 17983K(18432K)->17983K(18432K) Class: 2398K(2816K)->2398K(2816K)
[8.431s][info][gc             ] GC(103) Pause Young (System.gc()) 180M->34M(981M) 0.549ms
[8.431s][info][gc,cpu         ] GC(103) User=0.00s Sys=0.00s Real=0.00s
[8.431s][info][gc,start       ] GC(104) Pause Full (System.gc())
[8.431s][info][gc,phases,start] GC(104) Marking Phase
[8.456s][info][gc,phases      ] GC(104) Marking Phase 24.824ms
[8.456s][info][gc,phases,start] GC(104) Summary Phase
[8.456s][info][gc,phases      ] GC(104) Summary Phase 0.009ms
[8.456s][info][gc,phases,start] GC(104) Adjust Roots
[8.458s][info][gc,phases      ] GC(104) Adjust Roots 2.057ms
[8.458s][info][gc,phases,start] GC(104) Compaction Phase
[8.467s][info][gc,phases      ] GC(104) Compaction Phase 9.272ms
[8.467s][info][gc,phases,start] GC(104) Post Compact
[8.467s][info][gc,phases      ] GC(104) Post Compact 0.287ms
[8.467s][info][gc,heap        ] GC(104) PSYoungGen: 160K->0K(305664K)
[8.467s][info][gc,heap        ] GC(104) ParOldGen: 34884K->34884K(699392K)
[8.467s][info][gc,metaspace   ] GC(104) Metaspace: 20381K(21248K)->20381K(21248K) NonClass: 17983K(18432K)->17983K(18432K) Class: 2398K(2816K)->2398K(2816K)
[8.468s][info][gc             ] GC(104) Pause Full (System.gc()) 34M->34M(981M) 36.681ms
[8.468s][info][gc,cpu         ] GC(104) User=0.11s Sys=0.00s Real=0.04s
[8.549s][info][gc,start       ] GC(105) Pause Young (System.gc())
[8.549s][info][gc,heap        ] GC(105) PSYoungGen: 148515K->160K(305664K)
[8.549s][info][gc,heap        ] GC(105) ParOldGen: 34884K->34884K(699392K)
[8.549s][info][gc,metaspace   ] GC(105) Metaspace: 20381K(21248K)->20381K(21248K) NonClass: 17983K(18432K)->17983K(18432K) Class: 2398K(2816K)->2398K(2816K)
[8.550s][info][gc             ] GC(105) Pause Young (System.gc()) 179M->34M(981M) 0.654ms
[8.550s][info][gc,cpu         ] GC(105) User=0.00s Sys=0.00s Real=0.00s
[8.550s][info][gc,start       ] GC(106) Pause Full (System.gc())
[8.550s][info][gc,phases,start] GC(106) Marking Phase
[8.572s][info][gc,phases      ] GC(106) Marking Phase 22.208ms
[8.572s][info][gc,phases,start] GC(106) Summary Phase
[8.572s][info][gc,phases      ] GC(106) Summary Phase 0.009ms
[8.572s][info][gc,phases,start] GC(106) Adjust Roots
[8.574s][info][gc,phases      ] GC(106) Adjust Roots 2.136ms
[8.574s][info][gc,phases,start] GC(106) Compaction Phase
[8.583s][info][gc,phases      ] GC(106) Compaction Phase 9.014ms
[8.583s][info][gc,phases,start] GC(106) Post Compact
[8.583s][info][gc,phases      ] GC(106) Post Compact 0.300ms
[8.583s][info][gc,heap        ] GC(106) PSYoungGen: 160K->0K(305664K)
[8.583s][info][gc,heap        ] GC(106) ParOldGen: 34884K->34885K(699392K)
[8.583s][info][gc,metaspace   ] GC(106) Metaspace: 20381K(21248K)->20381K(21248K) NonClass: 17983K(18432K)->17983K(18432K) Class: 2398K(2816K)->2398K(2816K)
[8.584s][info][gc             ] GC(106) Pause Full (System.gc()) 34M->34M(981M) 33.913ms
[8.584s][info][gc,cpu         ] GC(106) User=0.16s Sys=0.00s Real=0.03s
[8.665s][info][gc,start       ] GC(107) Pause Young (System.gc())
[8.666s][info][gc,heap        ] GC(107) PSYoungGen: 150083K->160K(305664K)
[8.666s][info][gc,heap        ] GC(107) ParOldGen: 34885K->34885K(699392K)
[8.666s][info][gc,metaspace   ] GC(107) Metaspace: 20381K(21248K)->20381K(21248K) NonClass: 17983K(18432K)->17983K(18432K) Class: 2398K(2816K)->2398K(2816K)
[8.666s][info][gc             ] GC(107) Pause Young (System.gc()) 180M->34M(981M) 0.758ms
[8.666s][info][gc,cpu         ] GC(107) User=0.00s Sys=0.00s Real=0.00s
[8.666s][info][gc,start       ] GC(108) Pause Full (System.gc())
[8.666s][info][gc,phases,start] GC(108) Marking Phase
[8.689s][info][gc,phases      ] GC(108) Marking Phase 22.886ms
[8.689s][info][gc,phases,start] GC(108) Summary Phase
[8.689s][info][gc,phases      ] GC(108) Summary Phase 0.013ms
[8.689s][info][gc,phases,start] GC(108) Adjust Roots
[8.691s][info][gc,phases      ] GC(108) Adjust Roots 2.147ms
[8.691s][info][gc,phases,start] GC(108) Compaction Phase
[8.700s][info][gc,phases      ] GC(108) Compaction Phase 8.603ms
[8.700s][info][gc,phases,start] GC(108) Post Compact
[8.700s][info][gc,phases      ] GC(108) Post Compact 0.303ms
[8.700s][info][gc,heap        ] GC(108) PSYoungGen: 160K->0K(305664K)
[8.700s][info][gc,heap        ] GC(108) ParOldGen: 34885K->34885K(699392K)
[8.700s][info][gc,metaspace   ] GC(108) Metaspace: 20381K(21248K)->20381K(21248K) NonClass: 17983K(18432K)->17983K(18432K) Class: 2398K(2816K)->2398K(2816K)
[8.700s][info][gc             ] GC(108) Pause Full (System.gc()) 34M->34M(981M) 34.198ms
[8.700s][info][gc,cpu         ] GC(108) User=0.08s Sys=0.00s Real=0.03s
[8.781s][info][gc,start       ] GC(109) Pause Young (System.gc())
[8.781s][info][gc,heap        ] GC(109) PSYoungGen: 149279K->160K(305664K)
[8.781s][info][gc,heap        ] GC(109) ParOldGen: 34885K->34885K(699392K)
[8.781s][info][gc,metaspace   ] GC(109) Metaspace: 20381K(21248K)->20381K(21248K) NonClass: 17983K(18432K)->17983K(18432K) Class: 2398K(2816K)->2398K(2816K)
[8.782s][info][gc             ] GC(109) Pause Young (System.gc()) 179M->34M(981M) 0.472ms
[8.782s][info][gc,cpu         ] GC(109) User=0.00s Sys=0.00s Real=0.00s
[8.782s][info][gc,start       ] GC(110) Pause Full (System.gc())
[8.782s][info][gc,phases,start] GC(110) Marking Phase
[8.807s][info][gc,phases      ] GC(110) Marking Phase 25.658ms
[8.807s][info][gc,phases,start] GC(110) Summary Phase
[8.807s][info][gc,phases      ] GC(110) Summary Phase 0.010ms
[8.807s][info][gc,phases,start] GC(110) Adjust Roots
[8.809s][info][gc,phases      ] GC(110) Adjust Roots 2.133ms
[8.809s][info][gc,phases,start] GC(110) Compaction Phase
[8.818s][info][gc,phases      ] GC(110) Compaction Phase 8.481ms
[8.818s][info][gc,phases,start] GC(110) Post Compact
[8.818s][info][gc,phases      ] GC(110) Post Compact 0.307ms
[8.818s][info][gc,heap        ] GC(110) PSYoungGen: 160K->0K(305664K)
[8.818s][info][gc,heap        ] GC(110) ParOldGen: 34885K->34885K(699392K)
[8.818s][info][gc,metaspace   ] GC(110) Metaspace: 20381K(21248K)->20381K(21248K) NonClass: 17983K(18432K)->17983K(18432K) Class: 2398K(2816K)->2398K(2816K)
[8.818s][info][gc             ] GC(110) Pause Full (System.gc()) 34M->34M(981M) 36.819ms
[8.818s][info][gc,cpu         ] GC(110) User=0.06s Sys=0.00s Real=0.03s
[8.899s][info][gc,start       ] GC(111) Pause Young (System.gc())
[8.900s][info][gc,heap        ] GC(111) PSYoungGen: 150371K->160K(305664K)
[8.900s][info][gc,heap        ] GC(111) ParOldGen: 34885K->34885K(699392K)
[8.900s][info][gc,metaspace   ] GC(111) Metaspace: 20381K(21248K)->20381K(21248K) NonClass: 17983K(18432K)->17983K(18432K) Class: 2398K(2816K)->2398K(2816K)
[8.900s][info][gc             ] GC(111) Pause Young (System.gc()) 180M->34M(981M) 0.547ms
[8.900s][info][gc,cpu         ] GC(111) User=0.00s Sys=0.00s Real=0.00s
[8.900s][info][gc,start       ] GC(112) Pause Full (System.gc())
[8.900s][info][gc,phases,start] GC(112) Marking Phase
[8.925s][info][gc,phases      ] GC(112) Marking Phase 25.479ms
[8.925s][info][gc,phases,start] GC(112) Summary Phase
[8.925s][info][gc,phases      ] GC(112) Summary Phase 0.010ms
[8.925s][info][gc,phases,start] GC(112) Adjust Roots
[8.927s][info][gc,phases      ] GC(112) Adjust Roots 2.110ms
[8.928s][info][gc,phases,start] GC(112) Compaction Phase
[8.936s][info][gc,phases      ] GC(112) Compaction Phase 8.814ms
[8.936s][info][gc,phases,start] GC(112) Post Compact
[8.937s][info][gc,phases      ] GC(112) Post Compact 0.325ms
[8.937s][info][gc,heap        ] GC(112) PSYoungGen: 160K->0K(305664K)
[8.937s][info][gc,heap        ] GC(112) ParOldGen: 34885K->34885K(699392K)
[8.937s][info][gc,metaspace   ] GC(112) Metaspace: 20381K(21248K)->20381K(21248K) NonClass: 17983K(18432K)->17983K(18432K) Class: 2398K(2816K)->2398K(2816K)
[8.937s][info][gc             ] GC(112) Pause Full (System.gc()) 34M->34M(981M) 37.049ms
[8.937s][info][gc,cpu         ] GC(112) User=0.11s Sys=0.00s Real=0.05s
[9.018s][info][gc,start       ] GC(113) Pause Young (System.gc())
[9.019s][info][gc,heap        ] GC(113) PSYoungGen: 148704K->128K(305664K)
[9.019s][info][gc,heap        ] GC(113) ParOldGen: 34885K->34885K(699392K)
[9.019s][info][gc,metaspace   ] GC(113) Metaspace: 20381K(21248K)->20381K(21248K) NonClass: 17983K(18432K)->17983K(18432K) Class: 2398K(2816K)->2398K(2816K)
[9.019s][info][gc             ] GC(113) Pause Young (System.gc()) 179M->34M(981M) 0.716ms
[9.019s][info][gc,cpu         ] GC(113) User=0.00s Sys=0.00s Real=0.00s
[9.019s][info][gc,start       ] GC(114) Pause Full (System.gc())
[9.019s][info][gc,phases,start] GC(114) Marking Phase
[9.041s][info][gc,phases      ] GC(114) Marking Phase 22.017ms
[9.041s][info][gc,phases,start] GC(114) Summary Phase
[9.041s][info][gc,phases      ] GC(114) Summary Phase 0.010ms
[9.041s][info][gc,phases,start] GC(114) Adjust Roots
[9.043s][info][gc,phases      ] GC(114) Adjust Roots 2.018ms
[9.043s][info][gc,phases,start] GC(114) Compaction Phase
[9.052s][info][gc,phases      ] GC(114) Compaction Phase 8.276ms
[9.052s][info][gc,phases,start] GC(114) Post Compact
[9.052s][info][gc,phases      ] GC(114) Post Compact 0.311ms
[9.052s][info][gc,heap        ] GC(114) PSYoungGen: 128K->0K(305664K)
[9.052s][info][gc,heap        ] GC(114) ParOldGen: 34885K->34885K(699392K)
[9.052s][info][gc,metaspace   ] GC(114) Metaspace: 20381K(21248K)->20381K(21248K) NonClass: 17983K(18432K)->17983K(18432K) Class: 2398K(2816K)->2398K(2816K)
[9.052s][info][gc             ] GC(114) Pause Full (System.gc()) 34M->34M(981M) 32.877ms
[9.052s][info][gc,cpu         ] GC(114) User=0.08s Sys=0.00s Real=0.03s
[9.134s][info][gc,start       ] GC(115) Pause Young (System.gc())
[9.134s][info][gc,heap        ] GC(115) PSYoungGen: 149700K->128K(305664K)
[9.134s][info][gc,heap        ] GC(115) ParOldGen: 34885K->34885K(699392K)
[9.134s][info][gc,metaspace   ] GC(115) Metaspace: 20382K(21248K)->20382K(21248K) NonClass: 17984K(18432K)->17984K(18432K) Class: 2398K(2816K)->2398K(2816K)
[9.134s][info][gc             ] GC(115) Pause Young (System.gc()) 180M->34M(981M) 0.521ms
[9.134s][info][gc,cpu         ] GC(115) User=0.00s Sys=0.00s Real=0.00s
[9.134s][info][gc,start       ] GC(116) Pause Full (System.gc())
[9.134s][info][gc,phases,start] GC(116) Marking Phase
[9.160s][info][gc,phases      ] GC(116) Marking Phase 25.183ms
[9.160s][info][gc,phases,start] GC(116) Summary Phase
[9.160s][info][gc,phases      ] GC(116) Summary Phase 0.009ms
[9.160s][info][gc,phases,start] GC(116) Adjust Roots
[9.162s][info][gc,phases      ] GC(116) Adjust Roots 2.113ms
[9.162s][info][gc,phases,start] GC(116) Compaction Phase
[9.171s][info][gc,phases      ] GC(116) Compaction Phase 9.186ms
[9.171s][info][gc,phases,start] GC(116) Post Compact
[9.171s][info][gc,phases      ] GC(116) Post Compact 0.279ms
[9.171s][info][gc,heap        ] GC(116) PSYoungGen: 128K->0K(305664K)
[9.171s][info][gc,heap        ] GC(116) ParOldGen: 34885K->34885K(699392K)
[9.171s][info][gc,metaspace   ] GC(116) Metaspace: 20382K(21248K)->20382K(21248K) NonClass: 17984K(18432K)->17984K(18432K) Class: 2398K(2816K)->2398K(2816K)
[9.172s][info][gc             ] GC(116) Pause Full (System.gc()) 34M->34M(981M) 37.094ms
[9.172s][info][gc,cpu         ] GC(116) User=0.12s Sys=0.00s Real=0.05s
[9.252s][info][gc,start       ] GC(117) Pause Young (System.gc())
[9.253s][info][gc,heap        ] GC(117) PSYoungGen: 149409K->128K(305664K)
[9.253s][info][gc,heap        ] GC(117) ParOldGen: 34885K->34885K(699392K)
[9.253s][info][gc,metaspace   ] GC(117) Metaspace: 20383K(21248K)->20383K(21248K) NonClass: 17984K(18432K)->17984K(18432K) Class: 2398K(2816K)->2398K(2816K)
[9.253s][info][gc             ] GC(117) Pause Young (System.gc()) 179M->34M(981M) 0.704ms
[9.253s][info][gc,cpu         ] GC(117) User=0.00s Sys=0.00s Real=0.00s
[9.253s][info][gc,start       ] GC(118) Pause Full (System.gc())
[9.253s][info][gc,phases,start] GC(118) Marking Phase
[9.281s][info][gc,phases      ] GC(118) Marking Phase 28.218ms
[9.281s][info][gc,phases,start] GC(118) Summary Phase
[9.281s][info][gc,phases      ] GC(118) Summary Phase 0.014ms
[9.281s][info][gc,phases,start] GC(118) Adjust Roots
[9.284s][info][gc,phases      ] GC(118) Adjust Roots 2.038ms
[9.284s][info][gc,phases,start] GC(118) Compaction Phase
[9.292s][info][gc,phases      ] GC(118) Compaction Phase 8.569ms
[9.292s][info][gc,phases,start] GC(118) Post Compact
[9.293s][info][gc,phases      ] GC(118) Post Compact 0.323ms
[9.293s][info][gc,heap        ] GC(118) PSYoungGen: 128K->0K(305664K)
[9.293s][info][gc,heap        ] GC(118) ParOldGen: 34885K->34885K(699392K)
[9.293s][info][gc,metaspace   ] GC(118) Metaspace: 20383K(21248K)->20383K(21248K) NonClass: 17984K(18432K)->17984K(18432K) Class: 2398K(2816K)->2398K(2816K)
[9.293s][info][gc             ] GC(118) Pause Full (System.gc()) 34M->34M(981M) 39.534ms
[9.293s][info][gc,cpu         ] GC(118) User=0.09s Sys=0.00s Real=0.03s
[9.374s][info][gc,start       ] GC(119) Pause Young (System.gc())
[9.374s][info][gc,heap        ] GC(119) PSYoungGen: 149659K->128K(305664K)
[9.374s][info][gc,heap        ] GC(119) ParOldGen: 34885K->34885K(699392K)
[9.374s][info][gc,metaspace   ] GC(119) Metaspace: 20383K(21248K)->20383K(21248K) NonClass: 17984K(18432K)->17984K(18432K) Class: 2398K(2816K)->2398K(2816K)
[9.374s][info][gc             ] GC(119) Pause Young (System.gc()) 180M->34M(981M) 0.745ms
[9.374s][info][gc,cpu         ] GC(119) User=0.00s Sys=0.00s Real=0.00s
[9.374s][info][gc,start       ] GC(120) Pause Full (System.gc())
[9.375s][info][gc,phases,start] GC(120) Marking Phase
[9.397s][info][gc,phases      ] GC(120) Marking Phase 22.573ms
[9.397s][info][gc,phases,start] GC(120) Summary Phase
[9.397s][info][gc,phases      ] GC(120) Summary Phase 0.009ms
[9.397s][info][gc,phases,start] GC(120) Adjust Roots
[9.399s][info][gc,phases      ] GC(120) Adjust Roots 2.123ms
[9.399s][info][gc,phases,start] GC(120) Compaction Phase
[9.409s][info][gc,phases      ] GC(120) Compaction Phase 9.302ms
[9.409s][info][gc,phases,start] GC(120) Post Compact
[9.409s][info][gc,phases      ] GC(120) Post Compact 0.275ms
[9.409s][info][gc,heap        ] GC(120) PSYoungGen: 128K->0K(305664K)
[9.409s][info][gc,heap        ] GC(120) ParOldGen: 34885K->34885K(699392K)
[9.409s][info][gc,metaspace   ] GC(120) Metaspace: 20383K(21248K)->20383K(21248K) NonClass: 17984K(18432K)->17984K(18432K) Class: 2398K(2816K)->2398K(2816K)
[9.409s][info][gc             ] GC(120) Pause Full (System.gc()) 34M->34M(981M) 34.492ms
[9.409s][info][gc,cpu         ] GC(120) User=0.09s Sys=0.00s Real=0.03s
[9.491s][info][gc,start       ] GC(121) Pause Young (System.gc())
[9.491s][info][gc,heap        ] GC(121) PSYoungGen: 149867K->96K(305664K)
[9.491s][info][gc,heap        ] GC(121) ParOldGen: 34885K->34885K(699392K)
[9.491s][info][gc,metaspace   ] GC(121) Metaspace: 20383K(21248K)->20383K(21248K) NonClass: 17984K(18432K)->17984K(18432K) Class: 2398K(2816K)->2398K(2816K)
[9.491s][info][gc             ] GC(121) Pause Young (System.gc()) 180M->34M(981M) 0.798ms
[9.491s][info][gc,cpu         ] GC(121) User=0.00s Sys=0.00s Real=0.00s
[9.491s][info][gc,start       ] GC(122) Pause Full (System.gc())
[9.491s][info][gc,phases,start] GC(122) Marking Phase
[9.518s][info][gc,phases      ] GC(122) Marking Phase 26.155ms
[9.518s][info][gc,phases,start] GC(122) Summary Phase
[9.518s][info][gc,phases      ] GC(122) Summary Phase 0.010ms
[9.518s][info][gc,phases,start] GC(122) Adjust Roots
[9.520s][info][gc,phases      ] GC(122) Adjust Roots 2.132ms
[9.520s][info][gc,phases,start] GC(122) Compaction Phase
[9.529s][info][gc,phases      ] GC(122) Compaction Phase 8.706ms
[9.529s][info][gc,phases,start] GC(122) Post Compact
[9.529s][info][gc,phases      ] GC(122) Post Compact 0.279ms
[9.529s][info][gc,heap        ] GC(122) PSYoungGen: 96K->0K(305664K)
[9.529s][info][gc,heap        ] GC(122) ParOldGen: 34885K->34885K(699392K)
[9.529s][info][gc,metaspace   ] GC(122) Metaspace: 20383K(21248K)->20383K(21248K) NonClass: 17984K(18432K)->17984K(18432K) Class: 2398K(2816K)->2398K(2816K)
[9.529s][info][gc             ] GC(122) Pause Full (System.gc()) 34M->34M(981M) 37.541ms
[9.529s][info][gc,cpu         ] GC(122) User=0.09s Sys=0.00s Real=0.03s
[9.612s][info][gc,start       ] GC(123) Pause Young (System.gc())
[9.612s][info][gc,heap        ] GC(123) PSYoungGen: 150034K->128K(305664K)
[9.613s][info][gc,heap        ] GC(123) ParOldGen: 34885K->34885K(699392K)
[9.613s][info][gc,metaspace   ] GC(123) Metaspace: 20384K(21248K)->20384K(21248K) NonClass: 17985K(18432K)->17985K(18432K) Class: 2398K(2816K)->2398K(2816K)
[9.613s][info][gc             ] GC(123) Pause Young (System.gc()) 180M->34M(981M) 0.536ms
[9.613s][info][gc,cpu         ] GC(123) User=0.00s Sys=0.00s Real=0.00s
[9.613s][info][gc,start       ] GC(124) Pause Full (System.gc())
[9.613s][info][gc,phases,start] GC(124) Marking Phase
[9.645s][info][gc,phases      ] GC(124) Marking Phase 31.967ms
[9.645s][info][gc,phases,start] GC(124) Summary Phase
[9.645s][info][gc,phases      ] GC(124) Summary Phase 0.010ms
[9.645s][info][gc,phases,start] GC(124) Adjust Roots
[9.647s][info][gc,phases      ] GC(124) Adjust Roots 2.064ms
[9.647s][info][gc,phases,start] GC(124) Compaction Phase
[9.655s][info][gc,phases      ] GC(124) Compaction Phase 8.624ms
[9.655s][info][gc,phases,start] GC(124) Post Compact
[9.656s][info][gc,phases      ] GC(124) Post Compact 0.372ms
[9.656s][info][gc,heap        ] GC(124) PSYoungGen: 128K->0K(305664K)
[9.656s][info][gc,heap        ] GC(124) ParOldGen: 34885K->34885K(699392K)
[9.656s][info][gc,metaspace   ] GC(124) Metaspace: 20384K(21248K)->20384K(21248K) NonClass: 17985K(18432K)->17985K(18432K) Class: 2398K(2816K)->2398K(2816K)
[9.656s][info][gc             ] GC(124) Pause Full (System.gc()) 34M->34M(981M) 43.365ms
[9.656s][info][gc,cpu         ] GC(124) User=0.11s Sys=0.00s Real=0.05s
[9.737s][info][gc,start       ] GC(125) Pause Young (System.gc())
[9.738s][info][gc,heap        ] GC(125) PSYoungGen: 149494K->128K(305664K)
[9.738s][info][gc,heap        ] GC(125) ParOldGen: 34885K->34885K(699392K)
[9.738s][info][gc,metaspace   ] GC(125) Metaspace: 20384K(21248K)->20384K(21248K) NonClass: 17985K(18432K)->17985K(18432K) Class: 2398K(2816K)->2398K(2816K)
[9.738s][info][gc             ] GC(125) Pause Young (System.gc()) 180M->34M(981M) 0.718ms
[9.738s][info][gc,cpu         ] GC(125) User=0.00s Sys=0.00s Real=0.00s
[9.738s][info][gc,start       ] GC(126) Pause Full (System.gc())
[9.738s][info][gc,phases,start] GC(126) Marking Phase
[9.762s][info][gc,phases      ] GC(126) Marking Phase 23.794ms
[9.762s][info][gc,phases,start] GC(126) Summary Phase
[9.762s][info][gc,phases      ] GC(126) Summary Phase 0.009ms
[9.762s][info][gc,phases,start] GC(126) Adjust Roots
[9.764s][info][gc,phases      ] GC(126) Adjust Roots 2.073ms
[9.764s][info][gc,phases,start] GC(126) Compaction Phase
[9.773s][info][gc,phases      ] GC(126) Compaction Phase 8.935ms
[9.773s][info][gc,phases,start] GC(126) Post Compact
[9.773s][info][gc,phases      ] GC(126) Post Compact 0.289ms
[9.773s][info][gc,heap        ] GC(126) PSYoungGen: 128K->0K(305664K)
[9.773s][info][gc,heap        ] GC(126) ParOldGen: 34885K->34885K(699392K)
[9.773s][info][gc,metaspace   ] GC(126) Metaspace: 20384K(21248K)->20384K(21248K) NonClass: 17985K(18432K)->17985K(18432K) Class: 2398K(2816K)->2398K(2816K)
[9.773s][info][gc             ] GC(126) Pause Full (System.gc()) 34M->34M(981M) 35.335ms
[9.773s][info][gc,cpu         ] GC(126) User=0.11s Sys=0.00s Real=0.03s
[9.854s][info][gc,start       ] GC(127) Pause Young (System.gc())
[9.855s][info][gc,heap        ] GC(127) PSYoungGen: 149237K->160K(305664K)
[9.855s][info][gc,heap        ] GC(127) ParOldGen: 34885K->34885K(699392K)
[9.855s][info][gc,metaspace   ] GC(127) Metaspace: 20384K(21248K)->20384K(21248K) NonClass: 17985K(18432K)->17985K(18432K) Class: 2398K(2816K)->2398K(2816K)
[9.855s][info][gc             ] GC(127) Pause Young (System.gc()) 179M->34M(981M) 0.467ms
[9.855s][info][gc,cpu         ] GC(127) User=0.00s Sys=0.00s Real=0.00s
[9.855s][info][gc,start       ] GC(128) Pause Full (System.gc())
[9.855s][info][gc,phases,start] GC(128) Marking Phase
[9.884s][info][gc,phases      ] GC(128) Marking Phase 29.714ms
[9.884s][info][gc,phases,start] GC(128) Summary Phase
[9.884s][info][gc,phases      ] GC(128) Summary Phase 0.009ms
[9.885s][info][gc,phases,start] GC(128) Adjust Roots
[9.887s][info][gc,phases      ] GC(128) Adjust Roots 2.033ms
[9.887s][info][gc,phases,start] GC(128) Compaction Phase
[9.895s][info][gc,phases      ] GC(128) Compaction Phase 8.721ms
[9.895s][info][gc,phases,start] GC(128) Post Compact
[9.896s][info][gc,phases      ] GC(128) Post Compact 0.274ms
[9.896s][info][gc,heap        ] GC(128) PSYoungGen: 160K->0K(305664K)
[9.896s][info][gc,heap        ] GC(128) ParOldGen: 34885K->34885K(699392K)
[9.896s][info][gc,metaspace   ] GC(128) Metaspace: 20384K(21248K)->20384K(21248K) NonClass: 17985K(18432K)->17985K(18432K) Class: 2398K(2816K)->2398K(2816K)
[9.896s][info][gc             ] GC(128) Pause Full (System.gc()) 34M->34M(981M) 41.000ms
[9.896s][info][gc,cpu         ] GC(128) User=0.12s Sys=0.00s Real=0.05s
[9.977s][info][gc,start       ] GC(129) Pause Young (System.gc())
[9.977s][info][gc,heap        ] GC(129) PSYoungGen: 149608K->96K(305664K)
[9.977s][info][gc,heap        ] GC(129) ParOldGen: 34885K->34893K(699392K)
[9.977s][info][gc,metaspace   ] GC(129) Metaspace: 20393K(21248K)->20393K(21248K) NonClass: 17994K(18432K)->17994K(18432K) Class: 2398K(2816K)->2398K(2816K)
[9.977s][info][gc             ] GC(129) Pause Young (System.gc()) 180M->34M(981M) 0.410ms
[9.977s][info][gc,cpu         ] GC(129) User=0.00s Sys=0.00s Real=0.00s
[9.977s][info][gc,start       ] GC(130) Pause Full (System.gc())
[9.977s][info][gc,phases,start] GC(130) Marking Phase
[10.004s][info][gc,phases      ] GC(130) Marking Phase 26.340ms
[10.004s][info][gc,phases,start] GC(130) Summary Phase
[10.004s][info][gc,phases      ] GC(130) Summary Phase 0.009ms
[10.004s][info][gc,phases,start] GC(130) Adjust Roots
[10.006s][info][gc,phases      ] GC(130) Adjust Roots 2.044ms
[10.006s][info][gc,phases,start] GC(130) Compaction Phase
[10.015s][info][gc,phases      ] GC(130) Compaction Phase 9.156ms
[10.015s][info][gc,phases,start] GC(130) Post Compact
[10.015s][info][gc,phases      ] GC(130) Post Compact 0.254ms
[10.015s][info][gc,heap        ] GC(130) PSYoungGen: 96K->0K(305664K)
[10.015s][info][gc,heap        ] GC(130) ParOldGen: 34893K->34885K(699392K)
[10.015s][info][gc,metaspace   ] GC(130) Metaspace: 20393K(21248K)->20393K(21248K) NonClass: 17994K(18432K)->17994K(18432K) Class: 2398K(2816K)->2398K(2816K)
[10.015s][info][gc             ] GC(130) Pause Full (System.gc()) 34M->34M(981M) 38.011ms
[10.015s][info][gc,cpu         ] GC(130) User=0.08s Sys=0.00s Real=0.03s
[10.096s][info][gc,start       ] GC(131) Pause Young (System.gc())
[10.096s][info][gc,heap        ] GC(131) PSYoungGen: 149349K->160K(305664K)
[10.096s][info][gc,heap        ] GC(131) ParOldGen: 34885K->34885K(699392K)
[10.096s][info][gc,metaspace   ] GC(131) Metaspace: 20395K(21248K)->20395K(21248K) NonClass: 17997K(18432K)->17997K(18432K) Class: 2398K(2816K)->2398K(2816K)
[10.096s][info][gc             ] GC(131) Pause Young (System.gc()) 179M->34M(981M) 0.643ms
[10.096s][info][gc,cpu         ] GC(131) User=0.00s Sys=0.00s Real=0.00s
[10.096s][info][gc,start       ] GC(132) Pause Full (System.gc())
[10.096s][info][gc,phases,start] GC(132) Marking Phase
[10.121s][info][gc,phases      ] GC(132) Marking Phase 24.993ms
[10.122s][info][gc,phases,start] GC(132) Summary Phase
[10.122s][info][gc,phases      ] GC(132) Summary Phase 0.010ms
[10.122s][info][gc,phases,start] GC(132) Adjust Roots
[10.124s][info][gc,phases      ] GC(132) Adjust Roots 2.104ms
[10.124s][info][gc,phases,start] GC(132) Compaction Phase
[10.133s][info][gc,phases      ] GC(132) Compaction Phase 9.240ms
[10.133s][info][gc,phases,start] GC(132) Post Compact
[10.133s][info][gc,phases      ] GC(132) Post Compact 0.320ms
[10.133s][info][gc,heap        ] GC(132) PSYoungGen: 160K->0K(305664K)
[10.133s][info][gc,heap        ] GC(132) ParOldGen: 34885K->34885K(699392K)
[10.133s][info][gc,metaspace   ] GC(132) Metaspace: 20395K(21248K)->20395K(21248K) NonClass: 17997K(18432K)->17997K(18432K) Class: 2398K(2816K)->2398K(2816K)
[10.133s][info][gc             ] GC(132) Pause Full (System.gc()) 34M->34M(981M) 36.903ms
[10.133s][info][gc,cpu         ] GC(132) User=0.08s Sys=0.00s Real=0.03s
[10.215s][info][gc,start       ] GC(133) Pause Young (System.gc())
[10.216s][info][gc,heap        ] GC(133) PSYoungGen: 149438K->160K(305664K)
[10.216s][info][gc,heap        ] GC(133) ParOldGen: 34885K->34885K(699392K)
[10.216s][info][gc,metaspace   ] GC(133) Metaspace: 20395K(21248K)->20395K(21248K) NonClass: 17997K(18432K)->17997K(18432K) Class: 2398K(2816K)->2398K(2816K)
[10.216s][info][gc             ] GC(133) Pause Young (System.gc()) 180M->34M(981M) 0.802ms
[10.216s][info][gc,cpu         ] GC(133) User=0.00s Sys=0.00s Real=0.00s
[10.216s][info][gc,start       ] GC(134) Pause Full (System.gc())
[10.216s][info][gc,phases,start] GC(134) Marking Phase
[10.242s][info][gc,phases      ] GC(134) Marking Phase 25.776ms
[10.242s][info][gc,phases,start] GC(134) Summary Phase
[10.242s][info][gc,phases      ] GC(134) Summary Phase 0.014ms
[10.242s][info][gc,phases,start] GC(134) Adjust Roots
[10.244s][info][gc,phases      ] GC(134) Adjust Roots 2.171ms
[10.244s][info][gc,phases,start] GC(134) Compaction Phase
[10.253s][info][gc,phases      ] GC(134) Compaction Phase 8.993ms
[10.253s][info][gc,phases,start] GC(134) Post Compact
[10.253s][info][gc,phases      ] GC(134) Post Compact 0.270ms
[10.253s][info][gc,heap        ] GC(134) PSYoungGen: 160K->0K(305664K)
[10.253s][info][gc,heap        ] GC(134) ParOldGen: 34885K->34885K(699392K)
[10.253s][info][gc,metaspace   ] GC(134) Metaspace: 20395K(21248K)->20395K(21248K) NonClass: 17997K(18432K)->17997K(18432K) Class: 2398K(2816K)->2398K(2816K)
[10.253s][info][gc             ] GC(134) Pause Full (System.gc()) 34M->34M(981M) 37.505ms
[10.253s][info][gc,cpu         ] GC(134) User=0.11s Sys=0.00s Real=0.05s
[10.335s][info][gc,start       ] GC(135) Pause Young (System.gc())
[10.335s][info][gc,heap        ] GC(135) PSYoungGen: 149510K->128K(305664K)
[10.335s][info][gc,heap        ] GC(135) ParOldGen: 34885K->34885K(699392K)
[10.335s][info][gc,metaspace   ] GC(135) Metaspace: 20395K(21248K)->20395K(21248K) NonClass: 17997K(18432K)->17997K(18432K) Class: 2398K(2816K)->2398K(2816K)
[10.335s][info][gc             ] GC(135) Pause Young (System.gc()) 180M->34M(981M) 0.583ms
[10.335s][info][gc,cpu         ] GC(135) User=0.00s Sys=0.00s Real=0.00s
[10.335s][info][gc,start       ] GC(136) Pause Full (System.gc())
[10.335s][info][gc,phases,start] GC(136) Marking Phase
[10.364s][info][gc,phases      ] GC(136) Marking Phase 28.919ms
[10.364s][info][gc,phases,start] GC(136) Summary Phase
[10.364s][info][gc,phases      ] GC(136) Summary Phase 0.009ms
[10.364s][info][gc,phases,start] GC(136) Adjust Roots
[10.367s][info][gc,phases      ] GC(136) Adjust Roots 2.151ms
[10.367s][info][gc,phases,start] GC(136) Compaction Phase
[10.376s][info][gc,phases      ] GC(136) Compaction Phase 8.866ms
[10.376s][info][gc,phases,start] GC(136) Post Compact
[10.376s][info][gc,phases      ] GC(136) Post Compact 0.288ms
[10.376s][info][gc,heap        ] GC(136) PSYoungGen: 128K->0K(305664K)
[10.376s][info][gc,heap        ] GC(136) ParOldGen: 34885K->34885K(699392K)
[10.376s][info][gc,metaspace   ] GC(136) Metaspace: 20395K(21248K)->20395K(21248K) NonClass: 17997K(18432K)->17997K(18432K) Class: 2398K(2816K)->2398K(2816K)
[10.376s][info][gc             ] GC(136) Pause Full (System.gc()) 34M->34M(981M) 40.562ms
[10.376s][info][gc,cpu         ] GC(136) User=0.11s Sys=0.00s Real=0.04s
[10.460s][info][gc,start       ] GC(137) Pause Young (System.gc())
[10.460s][info][gc,heap        ] GC(137) PSYoungGen: 149528K->96K(305664K)
[10.460s][info][gc,heap        ] GC(137) ParOldGen: 34885K->34885K(699392K)
[10.460s][info][gc,metaspace   ] GC(137) Metaspace: 20395K(21248K)->20395K(21248K) NonClass: 17997K(18432K)->17997K(18432K) Class: 2398K(2816K)->2398K(2816K)
[10.460s][info][gc             ] GC(137) Pause Young (System.gc()) 180M->34M(981M) 0.656ms
[10.460s][info][gc,cpu         ] GC(137) User=0.00s Sys=0.00s Real=0.00s
[10.460s][info][gc,start       ] GC(138) Pause Full (System.gc())
[10.460s][info][gc,phases,start] GC(138) Marking Phase
[10.483s][info][gc,phases      ] GC(138) Marking Phase 22.187ms
[10.483s][info][gc,phases,start] GC(138) Summary Phase
[10.483s][info][gc,phases      ] GC(138) Summary Phase 0.010ms
[10.483s][info][gc,phases,start] GC(138) Adjust Roots
[10.485s][info][gc,phases      ] GC(138) Adjust Roots 2.158ms
[10.485s][info][gc,phases,start] GC(138) Compaction Phase
[10.494s][info][gc,phases      ] GC(138) Compaction Phase 8.842ms
[10.494s][info][gc,phases,start] GC(138) Post Compact
[10.494s][info][gc,phases      ] GC(138) Post Compact 0.275ms
[10.494s][info][gc,heap        ] GC(138) PSYoungGen: 96K->0K(305664K)
[10.494s][info][gc,heap        ] GC(138) ParOldGen: 34885K->34885K(699392K)
[10.494s][info][gc,metaspace   ] GC(138) Metaspace: 20395K(21248K)->20395K(21248K) NonClass: 17997K(18432K)->17997K(18432K) Class: 2398K(2816K)->2398K(2816K)
[10.494s][info][gc             ] GC(138) Pause Full (System.gc()) 34M->34M(981M) 33.686ms
[10.494s][info][gc,cpu         ] GC(138) User=0.09s Sys=0.00s Real=0.03s
[10.574s][info][gc,start       ] GC(139) Pause Young (System.gc())
[10.575s][info][gc,heap        ] GC(139) PSYoungGen: 149476K->160K(305664K)
[10.575s][info][gc,heap        ] GC(139) ParOldGen: 34885K->34885K(699392K)
[10.575s][info][gc,metaspace   ] GC(139) Metaspace: 20395K(21248K)->20395K(21248K) NonClass: 17997K(18432K)->17997K(18432K) Class: 2398K(2816K)->2398K(2816K)
[10.575s][info][gc             ] GC(139) Pause Young (System.gc()) 180M->34M(981M) 0.521ms
[10.575s][info][gc,cpu         ] GC(139) User=0.00s Sys=0.00s Real=0.00s
[10.575s][info][gc,start       ] GC(140) Pause Full (System.gc())
[10.575s][info][gc,phases,start] GC(140) Marking Phase
[10.605s][info][gc,phases      ] GC(140) Marking Phase 29.593ms
[10.605s][info][gc,phases,start] GC(140) Summary Phase
[10.605s][info][gc,phases      ] GC(140) Summary Phase 0.009ms
[10.605s][info][gc,phases,start] GC(140) Adjust Roots
[10.607s][info][gc,phases      ] GC(140) Adjust Roots 2.024ms
[10.607s][info][gc,phases,start] GC(140) Compaction Phase
[10.616s][info][gc,phases      ] GC(140) Compaction Phase 8.824ms
[10.616s][info][gc,phases,start] GC(140) Post Compact
[10.616s][info][gc,phases      ] GC(140) Post Compact 0.287ms
[10.616s][info][gc,heap        ] GC(140) PSYoungGen: 160K->0K(305664K)
[10.616s][info][gc,heap        ] GC(140) ParOldGen: 34885K->34885K(699392K)
[10.616s][info][gc,metaspace   ] GC(140) Metaspace: 20395K(21248K)->20395K(21248K) NonClass: 17997K(18432K)->17997K(18432K) Class: 2398K(2816K)->2398K(2816K)
[10.616s][info][gc             ] GC(140) Pause Full (System.gc()) 34M->34M(981M) 41.008ms
[10.616s][info][gc,cpu         ] GC(140) User=0.11s Sys=0.00s Real=0.05s
[10.697s][info][gc,start       ] GC(141) Pause Young (System.gc())
[10.698s][info][gc,heap        ] GC(141) PSYoungGen: 150165K->96K(305664K)
[10.698s][info][gc,heap        ] GC(141) ParOldGen: 34885K->34885K(699392K)
[10.698s][info][gc,metaspace   ] GC(141) Metaspace: 20395K(21248K)->20395K(21248K) NonClass: 17997K(18432K)->17997K(18432K) Class: 2398K(2816K)->2398K(2816K)
[10.698s][info][gc             ] GC(141) Pause Young (System.gc()) 180M->34M(981M) 0.639ms
[10.698s][info][gc,cpu         ] GC(141) User=0.00s Sys=0.00s Real=0.00s
[10.698s][info][gc,start       ] GC(142) Pause Full (System.gc())
[10.698s][info][gc,phases,start] GC(142) Marking Phase
[10.725s][info][gc,phases      ] GC(142) Marking Phase 27.123ms
[10.725s][info][gc,phases,start] GC(142) Summary Phase
[10.725s][info][gc,phases      ] GC(142) Summary Phase 0.009ms
[10.725s][info][gc,phases,start] GC(142) Adjust Roots
[10.727s][info][gc,phases      ] GC(142) Adjust Roots 2.164ms
[10.727s][info][gc,phases,start] GC(142) Compaction Phase
[10.736s][info][gc,phases      ] GC(142) Compaction Phase 9.161ms
[10.736s][info][gc,phases,start] GC(142) Post Compact
[10.737s][info][gc,phases      ] GC(142) Post Compact 0.236ms
[10.737s][info][gc,heap        ] GC(142) PSYoungGen: 96K->0K(305664K)
[10.737s][info][gc,heap        ] GC(142) ParOldGen: 34885K->34885K(699392K)
[10.737s][info][gc,metaspace   ] GC(142) Metaspace: 20395K(21248K)->20395K(21248K) NonClass: 17997K(18432K)->17997K(18432K) Class: 2398K(2816K)->2398K(2816K)
[10.737s][info][gc             ] GC(142) Pause Full (System.gc()) 34M->34M(981M) 38.953ms
[10.737s][info][gc,cpu         ] GC(142) User=0.08s Sys=0.00s Real=0.03s
[10.819s][info][gc,start       ] GC(143) Pause Young (System.gc())
[10.819s][info][gc,heap        ] GC(143) PSYoungGen: 149320K->160K(305664K)
[10.819s][info][gc,heap        ] GC(143) ParOldGen: 34885K->34885K(699392K)
[10.819s][info][gc,metaspace   ] GC(143) Metaspace: 20395K(21248K)->20395K(21248K) NonClass: 17997K(18432K)->17997K(18432K) Class: 2398K(2816K)->2398K(2816K)
[10.819s][info][gc             ] GC(143) Pause Young (System.gc()) 179M->34M(981M) 0.591ms
[10.819s][info][gc,cpu         ] GC(143) User=0.00s Sys=0.00s Real=0.00s
[10.819s][info][gc,start       ] GC(144) Pause Full (System.gc())
[10.819s][info][gc,phases,start] GC(144) Marking Phase
[10.841s][info][gc,phases      ] GC(144) Marking Phase 21.844ms
[10.841s][info][gc,phases,start] GC(144) Summary Phase
[10.841s][info][gc,phases      ] GC(144) Summary Phase 0.015ms
[10.841s][info][gc,phases,start] GC(144) Adjust Roots
[10.843s][info][gc,phases      ] GC(144) Adjust Roots 2.042ms
[10.843s][info][gc,phases,start] GC(144) Compaction Phase
[10.853s][info][gc,phases      ] GC(144) Compaction Phase 9.370ms
[10.853s][info][gc,phases,start] GC(144) Post Compact
[10.853s][info][gc,phases      ] GC(144) Post Compact 0.272ms
[10.853s][info][gc,heap        ] GC(144) PSYoungGen: 160K->0K(305664K)
[10.853s][info][gc,heap        ] GC(144) ParOldGen: 34885K->34885K(699392K)
[10.853s][info][gc,metaspace   ] GC(144) Metaspace: 20395K(21248K)->20395K(21248K) NonClass: 17997K(18432K)->17997K(18432K) Class: 2398K(2816K)->2398K(2816K)
[10.853s][info][gc             ] GC(144) Pause Full (System.gc()) 34M->34M(981M) 33.774ms
[10.853s][info][gc,cpu         ] GC(144) User=0.06s Sys=0.00s Real=0.03s
[10.934s][info][gc,start       ] GC(145) Pause Young (System.gc())
[10.935s][info][gc,heap        ] GC(145) PSYoungGen: 149935K->96K(305664K)
[10.935s][info][gc,heap        ] GC(145) ParOldGen: 34885K->34885K(699392K)
[10.935s][info][gc,metaspace   ] GC(145) Metaspace: 20395K(21248K)->20395K(21248K) NonClass: 17997K(18432K)->17997K(18432K) Class: 2398K(2816K)->2398K(2816K)
[10.935s][info][gc             ] GC(145) Pause Young (System.gc()) 180M->34M(981M) 0.636ms
[10.935s][info][gc,cpu         ] GC(145) User=0.00s Sys=0.00s Real=0.00s
[10.935s][info][gc,start       ] GC(146) Pause Full (System.gc())
[10.935s][info][gc,phases,start] GC(146) Marking Phase
[10.966s][info][gc,phases      ] GC(146) Marking Phase 30.614ms
[10.966s][info][gc,phases,start] GC(146) Summary Phase
[10.966s][info][gc,phases      ] GC(146) Summary Phase 0.010ms
[10.966s][info][gc,phases,start] GC(146) Adjust Roots
[10.968s][info][gc,phases      ] GC(146) Adjust Roots 2.209ms
[10.968s][info][gc,phases,start] GC(146) Compaction Phase
[10.977s][info][gc,phases      ] GC(146) Compaction Phase 8.711ms
[10.977s][info][gc,phases,start] GC(146) Post Compact
[10.977s][info][gc,phases      ] GC(146) Post Compact 0.313ms
[10.977s][info][gc,heap        ] GC(146) PSYoungGen: 96K->0K(305664K)
[10.977s][info][gc,heap        ] GC(146) ParOldGen: 34885K->34885K(699392K)
[10.977s][info][gc,metaspace   ] GC(146) Metaspace: 20395K(21248K)->20395K(21248K) NonClass: 17997K(18432K)->17997K(18432K) Class: 2398K(2816K)->2398K(2816K)
[10.977s][info][gc             ] GC(146) Pause Full (System.gc()) 34M->34M(981M) 42.121ms
[10.977s][info][gc,cpu         ] GC(146) User=0.09s Sys=0.00s Real=0.05s
[11.059s][info][gc,start       ] GC(147) Pause Young (System.gc())
[11.060s][info][gc,heap        ] GC(147) PSYoungGen: 149793K->128K(305664K)
[11.060s][info][gc,heap        ] GC(147) ParOldGen: 34885K->34885K(699392K)
[11.060s][info][gc,metaspace   ] GC(147) Metaspace: 20395K(21248K)->20395K(21248K) NonClass: 17997K(18432K)->17997K(18432K) Class: 2398K(2816K)->2398K(2816K)
[11.060s][info][gc             ] GC(147) Pause Young (System.gc()) 180M->34M(981M) 0.497ms
[11.060s][info][gc,cpu         ] GC(147) User=0.00s Sys=0.00s Real=0.00s
[11.060s][info][gc,start       ] GC(148) Pause Full (System.gc())
[11.060s][info][gc,phases,start] GC(148) Marking Phase
[11.086s][info][gc,phases      ] GC(148) Marking Phase 26.213ms
[11.086s][info][gc,phases,start] GC(148) Summary Phase
[11.086s][info][gc,phases      ] GC(148) Summary Phase 0.011ms
[11.086s][info][gc,phases,start] GC(148) Adjust Roots
[11.088s][info][gc,phases      ] GC(148) Adjust Roots 2.066ms
[11.088s][info][gc,phases,start] GC(148) Compaction Phase
[11.097s][info][gc,phases      ] GC(148) Compaction Phase 8.408ms
[11.097s][info][gc,phases,start] GC(148) Post Compact
[11.097s][info][gc,phases      ] GC(148) Post Compact 0.307ms
[11.097s][info][gc,heap        ] GC(148) PSYoungGen: 128K->0K(305664K)
[11.097s][info][gc,heap        ] GC(148) ParOldGen: 34885K->34885K(699392K)
[11.097s][info][gc,metaspace   ] GC(148) Metaspace: 20395K(21248K)->20395K(21248K) NonClass: 17997K(18432K)->17997K(18432K) Class: 2398K(2816K)->2398K(2816K)
[11.097s][info][gc             ] GC(148) Pause Full (System.gc()) 34M->34M(981M) 37.290ms
[11.097s][info][gc,cpu         ] GC(148) User=0.06s Sys=0.00s Real=0.03s
[11.179s][info][gc,start       ] GC(149) Pause Young (System.gc())
[11.180s][info][gc,heap        ] GC(149) PSYoungGen: 148994K->160K(305664K)
[11.180s][info][gc,heap        ] GC(149) ParOldGen: 34885K->34885K(699392K)
[11.180s][info][gc,metaspace   ] GC(149) Metaspace: 20395K(21248K)->20395K(21248K) NonClass: 17997K(18432K)->17997K(18432K) Class: 2398K(2816K)->2398K(2816K)
[11.180s][info][gc             ] GC(149) Pause Young (System.gc()) 179M->34M(981M) 0.552ms
[11.180s][info][gc,cpu         ] GC(149) User=0.00s Sys=0.00s Real=0.00s
[11.180s][info][gc,start       ] GC(150) Pause Full (System.gc())
[11.180s][info][gc,phases,start] GC(150) Marking Phase
[11.209s][info][gc,phases      ] GC(150) Marking Phase 28.663ms
[11.209s][info][gc,phases,start] GC(150) Summary Phase
[11.209s][info][gc,phases      ] GC(150) Summary Phase 0.009ms
[11.209s][info][gc,phases,start] GC(150) Adjust Roots
[11.211s][info][gc,phases      ] GC(150) Adjust Roots 2.154ms
[11.211s][info][gc,phases,start] GC(150) Compaction Phase
[11.220s][info][gc,phases      ] GC(150) Compaction Phase 8.838ms
[11.220s][info][gc,phases,start] GC(150) Post Compact
[11.220s][info][gc,phases      ] GC(150) Post Compact 0.323ms
[11.220s][info][gc,heap        ] GC(150) PSYoungGen: 160K->0K(305664K)
[11.220s][info][gc,heap        ] GC(150) ParOldGen: 34885K->34885K(699392K)
[11.220s][info][gc,metaspace   ] GC(150) Metaspace: 20395K(21248K)->20395K(21248K) NonClass: 17997K(18432K)->17997K(18432K) Class: 2398K(2816K)->2398K(2816K)
[11.220s][info][gc             ] GC(150) Pause Full (System.gc()) 34M->34M(981M) 40.268ms
[11.220s][info][gc,cpu         ] GC(150) User=0.05s Sys=0.00s Real=0.03s
[11.300s][info][gc,start       ] GC(151) Pause Young (System.gc())
[11.301s][info][gc,heap        ] GC(151) PSYoungGen: 149423K->160K(305664K)
[11.301s][info][gc,heap        ] GC(151) ParOldGen: 34885K->34885K(699392K)
[11.301s][info][gc,metaspace   ] GC(151) Metaspace: 20395K(21248K)->20395K(21248K) NonClass: 17997K(18432K)->17997K(18432K) Class: 2398K(2816K)->2398K(2816K)
[11.301s][info][gc             ] GC(151) Pause Young (System.gc()) 179M->34M(981M) 0.666ms
[11.301s][info][gc,cpu         ] GC(151) User=0.00s Sys=0.00s Real=0.00s
[11.301s][info][gc,start       ] GC(152) Pause Full (System.gc())
[11.301s][info][gc,phases,start] GC(152) Marking Phase
[11.331s][info][gc,phases      ] GC(152) Marking Phase 29.622ms
[11.331s][info][gc,phases,start] GC(152) Summary Phase
[11.331s][info][gc,phases      ] GC(152) Summary Phase 0.012ms
[11.331s][info][gc,phases,start] GC(152) Adjust Roots
[11.333s][info][gc,phases      ] GC(152) Adjust Roots 2.080ms
[11.333s][info][gc,phases,start] GC(152) Compaction Phase
[11.341s][info][gc,phases      ] GC(152) Compaction Phase 8.537ms
[11.341s][info][gc,phases,start] GC(152) Post Compact
[11.342s][info][gc,phases      ] GC(152) Post Compact 0.286ms
[11.342s][info][gc,heap        ] GC(152) PSYoungGen: 160K->0K(305664K)
[11.342s][info][gc,heap        ] GC(152) ParOldGen: 34885K->34885K(699392K)
[11.342s][info][gc,metaspace   ] GC(152) Metaspace: 20395K(21248K)->20395K(21248K) NonClass: 17997K(18432K)->17997K(18432K) Class: 2398K(2816K)->2398K(2816K)
[11.342s][info][gc             ] GC(152) Pause Full (System.gc()) 34M->34M(981M) 40.830ms
[11.342s][info][gc,cpu         ] GC(152) User=0.11s Sys=0.00s Real=0.05s
[11.422s][info][gc,start       ] GC(153) Pause Young (System.gc())
[11.423s][info][gc,heap        ] GC(153) PSYoungGen: 149563K->160K(305664K)
[11.423s][info][gc,heap        ] GC(153) ParOldGen: 34885K->34885K(699392K)
[11.423s][info][gc,metaspace   ] GC(153) Metaspace: 20395K(21248K)->20395K(21248K) NonClass: 17997K(18432K)->17997K(18432K) Class: 2398K(2816K)->2398K(2816K)
[11.423s][info][gc             ] GC(153) Pause Young (System.gc()) 180M->34M(981M) 0.799ms
[11.423s][info][gc,cpu         ] GC(153) User=0.00s Sys=0.00s Real=0.00s
[11.423s][info][gc,start       ] GC(154) Pause Full (System.gc())
[11.423s][info][gc,phases,start] GC(154) Marking Phase
[11.446s][info][gc,phases      ] GC(154) Marking Phase 22.277ms
[11.446s][info][gc,phases,start] GC(154) Summary Phase
[11.446s][info][gc,phases      ] GC(154) Summary Phase 0.010ms
[11.446s][info][gc,phases,start] GC(154) Adjust Roots
[11.448s][info][gc,phases      ] GC(154) Adjust Roots 2.172ms
[11.448s][info][gc,phases,start] GC(154) Compaction Phase
[11.457s][info][gc,phases      ] GC(154) Compaction Phase 9.027ms
[11.457s][info][gc,phases,start] GC(154) Post Compact
[11.457s][info][gc,phases      ] GC(154) Post Compact 0.283ms
[11.457s][info][gc,heap        ] GC(154) PSYoungGen: 160K->0K(305664K)
[11.457s][info][gc,heap        ] GC(154) ParOldGen: 34885K->34885K(699392K)
[11.457s][info][gc,metaspace   ] GC(154) Metaspace: 20395K(21248K)->20395K(21248K) NonClass: 17997K(18432K)->17997K(18432K) Class: 2398K(2816K)->2398K(2816K)
[11.457s][info][gc             ] GC(154) Pause Full (System.gc()) 34M->34M(981M) 34.080ms
[11.457s][info][gc,cpu         ] GC(154) User=0.08s Sys=0.00s Real=0.03s
[11.538s][info][gc,start       ] GC(155) Pause Young (System.gc())
[11.539s][info][gc,heap        ] GC(155) PSYoungGen: 150243K->160K(305664K)
[11.539s][info][gc,heap        ] GC(155) ParOldGen: 34885K->34885K(699392K)
[11.539s][info][gc,metaspace   ] GC(155) Metaspace: 20395K(21248K)->20395K(21248K) NonClass: 17997K(18432K)->17997K(18432K) Class: 2398K(2816K)->2398K(2816K)
[11.539s][info][gc             ] GC(155) Pause Young (System.gc()) 180M->34M(981M) 0.513ms
[11.539s][info][gc,cpu         ] GC(155) User=0.02s Sys=0.00s Real=0.02s
[11.539s][info][gc,start       ] GC(156) Pause Full (System.gc())
[11.539s][info][gc,phases,start] GC(156) Marking Phase
[11.564s][info][gc,phases      ] GC(156) Marking Phase 25.104ms
[11.564s][info][gc,phases,start] GC(156) Summary Phase
[11.564s][info][gc,phases      ] GC(156) Summary Phase 0.010ms
[11.564s][info][gc,phases,start] GC(156) Adjust Roots
[11.566s][info][gc,phases      ] GC(156) Adjust Roots 2.130ms
[11.566s][info][gc,phases,start] GC(156) Compaction Phase
[11.575s][info][gc,phases      ] GC(156) Compaction Phase 9.044ms
[11.576s][info][gc,phases,start] GC(156) Post Compact
[11.576s][info][gc,phases      ] GC(156) Post Compact 0.281ms
[11.576s][info][gc,heap        ] GC(156) PSYoungGen: 160K->0K(305664K)
[11.576s][info][gc,heap        ] GC(156) ParOldGen: 34885K->34885K(699392K)
[11.576s][info][gc,metaspace   ] GC(156) Metaspace: 20395K(21248K)->20395K(21248K) NonClass: 17997K(18432K)->17997K(18432K) Class: 2398K(2816K)->2398K(2816K)
[11.576s][info][gc             ] GC(156) Pause Full (System.gc()) 34M->34M(981M) 36.796ms
[11.576s][info][gc,cpu         ] GC(156) User=0.09s Sys=0.00s Real=0.03s
[11.659s][info][gc,start       ] GC(157) Pause Young (System.gc())
[11.659s][info][gc,heap        ] GC(157) PSYoungGen: 149710K->160K(305664K)
[11.659s][info][gc,heap        ] GC(157) ParOldGen: 34885K->34885K(699392K)
[11.659s][info][gc,metaspace   ] GC(157) Metaspace: 20395K(21248K)->20395K(21248K) NonClass: 17997K(18432K)->17997K(18432K) Class: 2398K(2816K)->2398K(2816K)
[11.659s][info][gc             ] GC(157) Pause Young (System.gc()) 180M->34M(981M) 0.508ms
[11.659s][info][gc,cpu         ] GC(157) User=0.00s Sys=0.00s Real=0.00s
[11.659s][info][gc,start       ] GC(158) Pause Full (System.gc())
[11.659s][info][gc,phases,start] GC(158) Marking Phase
[11.682s][info][gc,phases      ] GC(158) Marking Phase 22.414ms
[11.682s][info][gc,phases,start] GC(158) Summary Phase
[11.682s][info][gc,phases      ] GC(158) Summary Phase 0.010ms
[11.682s][info][gc,phases,start] GC(158) Adjust Roots
[11.684s][info][gc,phases      ] GC(158) Adjust Roots 2.026ms
[11.684s][info][gc,phases,start] GC(158) Compaction Phase
[11.692s][info][gc,phases      ] GC(158) Compaction Phase 8.600ms
[11.692s][info][gc,phases,start] GC(158) Post Compact
[11.693s][info][gc,phases      ] GC(158) Post Compact 0.290ms
[11.693s][info][gc,heap        ] GC(158) PSYoungGen: 160K->0K(305664K)
[11.693s][info][gc,heap        ] GC(158) ParOldGen: 34885K->34885K(699392K)
[11.693s][info][gc,metaspace   ] GC(158) Metaspace: 20395K(21248K)->20395K(21248K) NonClass: 17997K(18432K)->17997K(18432K) Class: 2398K(2816K)->2398K(2816K)
[11.693s][info][gc             ] GC(158) Pause Full (System.gc()) 34M->34M(981M) 33.633ms
[11.693s][info][gc,cpu         ] GC(158) User=0.16s Sys=0.00s Real=0.03s
[11.776s][info][gc,start       ] GC(159) Pause Young (System.gc())
[11.776s][info][gc,heap        ] GC(159) PSYoungGen: 150567K->160K(305664K)
[11.776s][info][gc,heap        ] GC(159) ParOldGen: 34885K->34885K(699392K)
[11.776s][info][gc,metaspace   ] GC(159) Metaspace: 20395K(21248K)->20395K(21248K) NonClass: 17997K(18432K)->17997K(18432K) Class: 2398K(2816K)->2398K(2816K)
[11.776s][info][gc             ] GC(159) Pause Young (System.gc()) 181M->34M(981M) 0.430ms
[11.776s][info][gc,cpu         ] GC(159) User=0.00s Sys=0.00s Real=0.00s
[11.777s][info][gc,start       ] GC(160) Pause Full (System.gc())
[11.777s][info][gc,phases,start] GC(160) Marking Phase
[11.805s][info][gc,phases      ] GC(160) Marking Phase 28.263ms
[11.805s][info][gc,phases,start] GC(160) Summary Phase
[11.805s][info][gc,phases      ] GC(160) Summary Phase 0.011ms
[11.805s][info][gc,phases,start] GC(160) Adjust Roots
[11.807s][info][gc,phases      ] GC(160) Adjust Roots 2.125ms
[11.807s][info][gc,phases,start] GC(160) Compaction Phase
[11.817s][info][gc,phases      ] GC(160) Compaction Phase 9.445ms
[11.817s][info][gc,phases,start] GC(160) Post Compact
[11.817s][info][gc,phases      ] GC(160) Post Compact 0.277ms
[11.817s][info][gc,heap        ] GC(160) PSYoungGen: 160K->0K(305664K)
[11.817s][info][gc,heap        ] GC(160) ParOldGen: 34885K->34885K(699392K)
[11.817s][info][gc,metaspace   ] GC(160) Metaspace: 20395K(21248K)->20395K(21248K) NonClass: 17997K(18432K)->17997K(18432K) Class: 2398K(2816K)->2398K(2816K)
[11.817s][info][gc             ] GC(160) Pause Full (System.gc()) 34M->34M(981M) 40.382ms
[11.817s][info][gc,cpu         ] GC(160) User=0.08s Sys=0.00s Real=0.03s
[11.898s][info][gc,start       ] GC(161) Pause Young (System.gc())
[11.899s][info][gc,heap        ] GC(161) PSYoungGen: 148894K->128K(305664K)
[11.899s][info][gc,heap        ] GC(161) ParOldGen: 34885K->34885K(699392K)
[11.899s][info][gc,metaspace   ] GC(161) Metaspace: 20395K(21248K)->20395K(21248K) NonClass: 17997K(18432K)->17997K(18432K) Class: 2398K(2816K)->2398K(2816K)
[11.899s][info][gc             ] GC(161) Pause Young (System.gc()) 179M->34M(981M) 0.598ms
[11.899s][info][gc,cpu         ] GC(161) User=0.00s Sys=0.00s Real=0.00s
[11.899s][info][gc,start       ] GC(162) Pause Full (System.gc())
[11.899s][info][gc,phases,start] GC(162) Marking Phase
[11.926s][info][gc,phases      ] GC(162) Marking Phase 26.976ms
[11.926s][info][gc,phases,start] GC(162) Summary Phase
[11.926s][info][gc,phases      ] GC(162) Summary Phase 0.010ms
[11.926s][info][gc,phases,start] GC(162) Adjust Roots
[11.928s][info][gc,phases      ] GC(162) Adjust Roots 2.199ms
[11.928s][info][gc,phases,start] GC(162) Compaction Phase
[11.937s][info][gc,phases      ] GC(162) Compaction Phase 8.783ms
[11.937s][info][gc,phases,start] GC(162) Post Compact
[11.937s][info][gc,phases      ] GC(162) Post Compact 0.281ms
[11.937s][info][gc,heap        ] GC(162) PSYoungGen: 128K->0K(305664K)
[11.937s][info][gc,heap        ] GC(162) ParOldGen: 34885K->34885K(699392K)
[11.937s][info][gc,metaspace   ] GC(162) Metaspace: 20395K(21248K)->20395K(21248K) NonClass: 17997K(18432K)->17997K(18432K) Class: 2398K(2816K)->2398K(2816K)
[11.937s][info][gc             ] GC(162) Pause Full (System.gc()) 34M->34M(981M) 38.471ms
[11.937s][info][gc,cpu         ] GC(162) User=0.08s Sys=0.00s Real=0.05s
[12.019s][info][gc,start       ] GC(163) Pause Young (System.gc())
[12.020s][info][gc,heap        ] GC(163) PSYoungGen: 149122K->160K(305664K)
[12.020s][info][gc,heap        ] GC(163) ParOldGen: 34885K->34885K(699392K)
[12.020s][info][gc,metaspace   ] GC(163) Metaspace: 20395K(21248K)->20395K(21248K) NonClass: 17997K(18432K)->17997K(18432K) Class: 2398K(2816K)->2398K(2816K)
[12.020s][info][gc             ] GC(163) Pause Young (System.gc()) 179M->34M(981M) 0.636ms
[12.020s][info][gc,cpu         ] GC(163) User=0.00s Sys=0.00s Real=0.00s
[12.020s][info][gc,start       ] GC(164) Pause Full (System.gc())
[12.020s][info][gc,phases,start] GC(164) Marking Phase
[12.043s][info][gc,phases      ] GC(164) Marking Phase 23.113ms
[12.043s][info][gc,phases,start] GC(164) Summary Phase
[12.043s][info][gc,phases      ] GC(164) Summary Phase 0.009ms
[12.043s][info][gc,phases,start] GC(164) Adjust Roots
[12.045s][info][gc,phases      ] GC(164) Adjust Roots 2.046ms
[12.045s][info][gc,phases,start] GC(164) Compaction Phase
[12.055s][info][gc,phases      ] GC(164) Compaction Phase 9.626ms
[12.055s][info][gc,phases,start] GC(164) Post Compact
[12.055s][info][gc,phases      ] GC(164) Post Compact 0.297ms
[12.055s][info][gc,heap        ] GC(164) PSYoungGen: 160K->0K(305664K)
[12.055s][info][gc,heap        ] GC(164) ParOldGen: 34885K->34885K(699392K)
[12.055s][info][gc,metaspace   ] GC(164) Metaspace: 20395K(21248K)->20395K(21248K) NonClass: 17997K(18432K)->17997K(18432K) Class: 2398K(2816K)->2398K(2816K)
[12.055s][info][gc             ] GC(164) Pause Full (System.gc()) 34M->34M(981M) 35.322ms
[12.055s][info][gc,cpu         ] GC(164) User=0.08s Sys=0.00s Real=0.03s
[12.138s][info][gc,start       ] GC(165) Pause Young (System.gc())
[12.138s][info][gc,heap        ] GC(165) PSYoungGen: 149421K->160K(305664K)
[12.138s][info][gc,heap        ] GC(165) ParOldGen: 34885K->34885K(699392K)
[12.138s][info][gc,metaspace   ] GC(165) Metaspace: 20395K(21248K)->20395K(21248K) NonClass: 17997K(18432K)->17997K(18432K) Class: 2398K(2816K)->2398K(2816K)
[12.138s][info][gc             ] GC(165) Pause Young (System.gc()) 179M->34M(981M) 0.313ms
[12.138s][info][gc,cpu         ] GC(165) User=0.00s Sys=0.00s Real=0.00s
[12.138s][info][gc,start       ] GC(166) Pause Full (System.gc())
[12.138s][info][gc,phases,start] GC(166) Marking Phase
[12.167s][info][gc,phases      ] GC(166) Marking Phase 28.828ms
[12.167s][info][gc,phases,start] GC(166) Summary Phase
[12.167s][info][gc,phases      ] GC(166) Summary Phase 0.009ms
[12.167s][info][gc,phases,start] GC(166) Adjust Roots
[12.169s][info][gc,phases      ] GC(166) Adjust Roots 2.245ms
[12.169s][info][gc,phases,start] GC(166) Compaction Phase
[12.178s][info][gc,phases      ] GC(166) Compaction Phase 8.656ms
[12.178s][info][gc,phases,start] GC(166) Post Compact
[12.178s][info][gc,phases      ] GC(166) Post Compact 0.316ms
[12.178s][info][gc,heap        ] GC(166) PSYoungGen: 160K->0K(305664K)
[12.178s][info][gc,heap        ] GC(166) ParOldGen: 34885K->34885K(699392K)
[12.178s][info][gc,metaspace   ] GC(166) Metaspace: 20395K(21248K)->20395K(21248K) NonClass: 17997K(18432K)->17997K(18432K) Class: 2398K(2816K)->2398K(2816K)
[12.178s][info][gc             ] GC(166) Pause Full (System.gc()) 34M->34M(981M) 40.274ms
[12.178s][info][gc,cpu         ] GC(166) User=0.08s Sys=0.00s Real=0.03s
[12.259s][info][gc,start       ] GC(167) Pause Young (System.gc())
[12.260s][info][gc,heap        ] GC(167) PSYoungGen: 150133K->128K(305664K)
[12.260s][info][gc,heap        ] GC(167) ParOldGen: 34885K->34885K(699392K)
[12.260s][info][gc,metaspace   ] GC(167) Metaspace: 20395K(21248K)->20395K(21248K) NonClass: 17997K(18432K)->17997K(18432K) Class: 2398K(2816K)->2398K(2816K)
[12.260s][info][gc             ] GC(167) Pause Young (System.gc()) 180M->34M(981M) 0.686ms
[12.260s][info][gc,cpu         ] GC(167) User=0.00s Sys=0.00s Real=0.00s
[12.260s][info][gc,start       ] GC(168) Pause Full (System.gc())
[12.260s][info][gc,phases,start] GC(168) Marking Phase
[12.283s][info][gc,phases      ] GC(168) Marking Phase 22.880ms
[12.283s][info][gc,phases,start] GC(168) Summary Phase
[12.283s][info][gc,phases      ] GC(168) Summary Phase 0.010ms
[12.283s][info][gc,phases,start] GC(168) Adjust Roots
[12.285s][info][gc,phases      ] GC(168) Adjust Roots 2.032ms
[12.285s][info][gc,phases,start] GC(168) Compaction Phase
[12.294s][info][gc,phases      ] GC(168) Compaction Phase 8.840ms
[12.294s][info][gc,phases,start] GC(168) Post Compact
[12.294s][info][gc,phases      ] GC(168) Post Compact 0.271ms
[12.294s][info][gc,heap        ] GC(168) PSYoungGen: 128K->0K(305664K)
[12.294s][info][gc,heap        ] GC(168) ParOldGen: 34885K->34885K(699392K)
[12.294s][info][gc,metaspace   ] GC(168) Metaspace: 20395K(21248K)->20395K(21248K) NonClass: 17997K(18432K)->17997K(18432K) Class: 2398K(2816K)->2398K(2816K)
[12.294s][info][gc             ] GC(168) Pause Full (System.gc()) 34M->34M(981M) 34.261ms
[12.294s][info][gc,cpu         ] GC(168) User=0.17s Sys=0.00s Real=0.05s
[12.374s][info][gc,start       ] GC(169) Pause Young (System.gc())
[12.374s][info][gc,heap        ] GC(169) PSYoungGen: 150690K->128K(305664K)
[12.374s][info][gc,heap        ] GC(169) ParOldGen: 34885K->34885K(699392K)
[12.374s][info][gc,metaspace   ] GC(169) Metaspace: 20395K(21248K)->20395K(21248K) NonClass: 17997K(18432K)->17997K(18432K) Class: 2398K(2816K)->2398K(2816K)
[12.374s][info][gc             ] GC(169) Pause Young (System.gc()) 181M->34M(981M) 0.370ms
[12.374s][info][gc,cpu         ] GC(169) User=0.00s Sys=0.00s Real=0.00s
[12.374s][info][gc,start       ] GC(170) Pause Full (System.gc())
[12.374s][info][gc,phases,start] GC(170) Marking Phase
[12.397s][info][gc,phases      ] GC(170) Marking Phase 22.377ms
[12.397s][info][gc,phases,start] GC(170) Summary Phase
[12.397s][info][gc,phases      ] GC(170) Summary Phase 0.010ms
[12.397s][info][gc,phases,start] GC(170) Adjust Roots
[12.399s][info][gc,phases      ] GC(170) Adjust Roots 2.021ms
[12.399s][info][gc,phases,start] GC(170) Compaction Phase
[12.408s][info][gc,phases      ] GC(170) Compaction Phase 8.704ms
[12.408s][info][gc,phases,start] GC(170) Post Compact
[12.408s][info][gc,phases      ] GC(170) Post Compact 0.278ms
[12.408s][info][gc,heap        ] GC(170) PSYoungGen: 128K->0K(305664K)
[12.408s][info][gc,heap        ] GC(170) ParOldGen: 34885K->34885K(699392K)
[12.408s][info][gc,metaspace   ] GC(170) Metaspace: 20395K(21248K)->20395K(21248K) NonClass: 17997K(18432K)->17997K(18432K) Class: 2398K(2816K)->2398K(2816K)
[12.408s][info][gc             ] GC(170) Pause Full (System.gc()) 34M->34M(981M) 33.652ms
[12.408s][info][gc,cpu         ] GC(170) User=0.02s Sys=0.00s Real=0.03s
[12.489s][info][gc,start       ] GC(171) Pause Young (System.gc())
[12.490s][info][gc,heap        ] GC(171) PSYoungGen: 148993K->128K(305664K)
[12.490s][info][gc,heap        ] GC(171) ParOldGen: 34885K->34885K(699392K)
[12.490s][info][gc,metaspace   ] GC(171) Metaspace: 20395K(21248K)->20395K(21248K) NonClass: 17997K(18432K)->17997K(18432K) Class: 2398K(2816K)->2398K(2816K)
[12.490s][info][gc             ] GC(171) Pause Young (System.gc()) 179M->34M(981M) 0.621ms
[12.490s][info][gc,cpu         ] GC(171) User=0.00s Sys=0.00s Real=0.00s
[12.490s][info][gc,start       ] GC(172) Pause Full (System.gc())
[12.490s][info][gc,phases,start] GC(172) Marking Phase
[12.515s][info][gc,phases      ] GC(172) Marking Phase 25.079ms
[12.515s][info][gc,phases,start] GC(172) Summary Phase
[12.515s][info][gc,phases      ] GC(172) Summary Phase 0.017ms
[12.515s][info][gc,phases,start] GC(172) Adjust Roots
[12.517s][info][gc,phases      ] GC(172) Adjust Roots 2.075ms
[12.517s][info][gc,phases,start] GC(172) Compaction Phase
[12.526s][info][gc,phases      ] GC(172) Compaction Phase 8.726ms
[12.526s][info][gc,phases,start] GC(172) Post Compact
[12.526s][info][gc,phases      ] GC(172) Post Compact 0.287ms
[12.526s][info][gc,heap        ] GC(172) PSYoungGen: 128K->0K(305664K)
[12.526s][info][gc,heap        ] GC(172) ParOldGen: 34885K->34885K(699392K)
[12.526s][info][gc,metaspace   ] GC(172) Metaspace: 20395K(21248K)->20395K(21248K) NonClass: 17997K(18432K)->17997K(18432K) Class: 2398K(2816K)->2398K(2816K)
[12.526s][info][gc             ] GC(172) Pause Full (System.gc()) 34M->34M(981M) 36.475ms
[12.526s][info][gc,cpu         ] GC(172) User=0.08s Sys=0.00s Real=0.03s
[12.609s][info][gc,start       ] GC(173) Pause Young (System.gc())
[12.610s][info][gc,heap        ] GC(173) PSYoungGen: 148962K->96K(305664K)
[12.610s][info][gc,heap        ] GC(173) ParOldGen: 34885K->34885K(699392K)
[12.610s][info][gc,metaspace   ] GC(173) Metaspace: 20396K(21248K)->20396K(21248K) NonClass: 17997K(18432K)->17997K(18432K) Class: 2398K(2816K)->2398K(2816K)
[12.610s][info][gc             ] GC(173) Pause Young (System.gc()) 179M->34M(981M) 0.607ms
[12.610s][info][gc,cpu         ] GC(173) User=0.00s Sys=0.00s Real=0.00s
[12.610s][info][gc,start       ] GC(174) Pause Full (System.gc())
[12.610s][info][gc,phases,start] GC(174) Marking Phase
[12.634s][info][gc,phases      ] GC(174) Marking Phase 24.109ms
[12.634s][info][gc,phases,start] GC(174) Summary Phase
[12.634s][info][gc,phases      ] GC(174) Summary Phase 0.010ms
[12.634s][info][gc,phases,start] GC(174) Adjust Roots
[12.636s][info][gc,phases      ] GC(174) Adjust Roots 2.152ms
[12.636s][info][gc,phases,start] GC(174) Compaction Phase
[12.645s][info][gc,phases      ] GC(174) Compaction Phase 8.937ms
[12.645s][info][gc,phases,start] GC(174) Post Compact
[12.645s][info][gc,phases      ] GC(174) Post Compact 0.291ms
[12.645s][info][gc,heap        ] GC(174) PSYoungGen: 96K->0K(305664K)
[12.645s][info][gc,heap        ] GC(174) ParOldGen: 34885K->34885K(699392K)
[12.645s][info][gc,metaspace   ] GC(174) Metaspace: 20396K(21248K)->20396K(21248K) NonClass: 17997K(18432K)->17997K(18432K) Class: 2398K(2816K)->2398K(2816K)
[12.645s][info][gc             ] GC(174) Pause Full (System.gc()) 34M->34M(981M) 35.733ms
[12.645s][info][gc,cpu         ] GC(174) User=0.09s Sys=0.00s Real=0.03s
[12.725s][info][gc,start       ] GC(175) Pause Young (System.gc())
[12.726s][info][gc,heap        ] GC(175) PSYoungGen: 148945K->160K(305664K)
[12.726s][info][gc,heap        ] GC(175) ParOldGen: 34885K->34885K(699392K)
[12.726s][info][gc,metaspace   ] GC(175) Metaspace: 20396K(21248K)->20396K(21248K) NonClass: 17997K(18432K)->17997K(18432K) Class: 2398K(2816K)->2398K(2816K)
[12.726s][info][gc             ] GC(175) Pause Young (System.gc()) 179M->34M(981M) 0.497ms
[12.726s][info][gc,cpu         ] GC(175) User=0.00s Sys=0.00s Real=0.00s
[12.726s][info][gc,start       ] GC(176) Pause Full (System.gc())
[12.726s][info][gc,phases,start] GC(176) Marking Phase
[12.750s][info][gc,phases      ] GC(176) Marking Phase 23.902ms
[12.750s][info][gc,phases,start] GC(176) Summary Phase
[12.750s][info][gc,phases      ] GC(176) Summary Phase 0.010ms
[12.750s][info][gc,phases,start] GC(176) Adjust Roots
[12.752s][info][gc,phases      ] GC(176) Adjust Roots 2.177ms
[12.752s][info][gc,phases,start] GC(176) Compaction Phase
[12.761s][info][gc,phases      ] GC(176) Compaction Phase 8.900ms
[12.761s][info][gc,phases,start] GC(176) Post Compact
[12.761s][info][gc,phases      ] GC(176) Post Compact 0.316ms
[12.761s][info][gc,heap        ] GC(176) PSYoungGen: 160K->0K(305664K)
[12.762s][info][gc,heap        ] GC(176) ParOldGen: 34885K->34885K(699392K)
[12.762s][info][gc,metaspace   ] GC(176) Metaspace: 20396K(21248K)->20396K(21248K) NonClass: 17997K(18432K)->17997K(18432K) Class: 2398K(2816K)->2398K(2816K)
[12.762s][info][gc             ] GC(176) Pause Full (System.gc()) 34M->34M(981M) 35.572ms
[12.762s][info][gc,cpu         ] GC(176) User=0.09s Sys=0.00s Real=0.03s
[12.843s][info][gc,start       ] GC(177) Pause Young (System.gc())
[12.843s][info][gc,heap        ] GC(177) PSYoungGen: 148927K->160K(305664K)
[12.843s][info][gc,heap        ] GC(177) ParOldGen: 34885K->34885K(699392K)
[12.843s][info][gc,metaspace   ] GC(177) Metaspace: 20396K(21248K)->20396K(21248K) NonClass: 17997K(18432K)->17997K(18432K) Class: 2398K(2816K)->2398K(2816K)
[12.843s][info][gc             ] GC(177) Pause Young (System.gc()) 179M->34M(981M) 0.392ms
[12.843s][info][gc,cpu         ] GC(177) User=0.00s Sys=0.00s Real=0.00s
[12.843s][info][gc,start       ] GC(178) Pause Full (System.gc())
[12.843s][info][gc,phases,start] GC(178) Marking Phase
[12.867s][info][gc,phases      ] GC(178) Marking Phase 23.630ms
[12.867s][info][gc,phases,start] GC(178) Summary Phase
[12.867s][info][gc,phases      ] GC(178) Summary Phase 0.015ms
[12.867s][info][gc,phases,start] GC(178) Adjust Roots
[12.869s][info][gc,phases      ] GC(178) Adjust Roots 2.161ms
[12.869s][info][gc,phases,start] GC(178) Compaction Phase
[12.878s][info][gc,phases      ] GC(178) Compaction Phase 8.744ms
[12.878s][info][gc,phases,start] GC(178) Post Compact
[12.879s][info][gc,phases      ] GC(178) Post Compact 0.339ms
[12.879s][info][gc,heap        ] GC(178) PSYoungGen: 160K->0K(305664K)
[12.879s][info][gc,heap        ] GC(178) ParOldGen: 34885K->34885K(699392K)
[12.879s][info][gc,metaspace   ] GC(178) Metaspace: 20396K(21248K)->20396K(21248K) NonClass: 17997K(18432K)->17997K(18432K) Class: 2398K(2816K)->2398K(2816K)
[12.879s][info][gc             ] GC(178) Pause Full (System.gc()) 34M->34M(981M) 35.160ms
[12.879s][info][gc,cpu         ] GC(178) User=0.09s Sys=0.00s Real=0.03s
[12.961s][info][gc,start       ] GC(179) Pause Young (System.gc())
[12.962s][info][gc,heap        ] GC(179) PSYoungGen: 149086K->128K(305664K)
[12.962s][info][gc,heap        ] GC(179) ParOldGen: 34885K->34885K(699392K)
[12.962s][info][gc,metaspace   ] GC(179) Metaspace: 20396K(21248K)->20396K(21248K) NonClass: 17997K(18432K)->17997K(18432K) Class: 2398K(2816K)->2398K(2816K)
[12.962s][info][gc             ] GC(179) Pause Young (System.gc()) 179M->34M(981M) 0.540ms
[12.962s][info][gc,cpu         ] GC(179) User=0.00s Sys=0.00s Real=0.00s
[12.962s][info][gc,start       ] GC(180) Pause Full (System.gc())
[12.962s][info][gc,phases,start] GC(180) Marking Phase
[12.987s][info][gc,phases      ] GC(180) Marking Phase 25.620ms
[12.987s][info][gc,phases,start] GC(180) Summary Phase
[12.987s][info][gc,phases      ] GC(180) Summary Phase 0.010ms
[12.987s][info][gc,phases,start] GC(180) Adjust Roots
[12.990s][info][gc,phases      ] GC(180) Adjust Roots 2.136ms
[12.990s][info][gc,phases,start] GC(180) Compaction Phase
[12.998s][info][gc,phases      ] GC(180) Compaction Phase 8.761ms
[12.998s][info][gc,phases,start] GC(180) Post Compact
[12.999s][info][gc,phases      ] GC(180) Post Compact 0.313ms
[12.999s][info][gc,heap        ] GC(180) PSYoungGen: 128K->0K(305664K)
[12.999s][info][gc,heap        ] GC(180) ParOldGen: 34885K->34885K(699392K)
[12.999s][info][gc,metaspace   ] GC(180) Metaspace: 20396K(21248K)->20396K(21248K) NonClass: 17997K(18432K)->17997K(18432K) Class: 2398K(2816K)->2398K(2816K)
[12.999s][info][gc             ] GC(180) Pause Full (System.gc()) 34M->34M(981M) 37.101ms
[12.999s][info][gc,cpu         ] GC(180) User=0.09s Sys=0.00s Real=0.05s
[13.080s][info][gc,start       ] GC(181) Pause Young (System.gc())
[13.081s][info][gc,heap        ] GC(181) PSYoungGen: 149265K->128K(305664K)
[13.081s][info][gc,heap        ] GC(181) ParOldGen: 34885K->34885K(699392K)
[13.081s][info][gc,metaspace   ] GC(181) Metaspace: 20396K(21248K)->20396K(21248K) NonClass: 17997K(18432K)->17997K(18432K) Class: 2398K(2816K)->2398K(2816K)
[13.081s][info][gc             ] GC(181) Pause Young (System.gc()) 179M->34M(981M) 0.551ms
[13.081s][info][gc,cpu         ] GC(181) User=0.00s Sys=0.00s Real=0.00s
[13.081s][info][gc,start       ] GC(182) Pause Full (System.gc())
[13.081s][info][gc,phases,start] GC(182) Marking Phase
[13.103s][info][gc,phases      ] GC(182) Marking Phase 22.199ms
[13.103s][info][gc,phases,start] GC(182) Summary Phase
[13.103s][info][gc,phases      ] GC(182) Summary Phase 0.010ms
[13.103s][info][gc,phases,start] GC(182) Adjust Roots
[13.105s][info][gc,phases      ] GC(182) Adjust Roots 2.141ms
[13.105s][info][gc,phases,start] GC(182) Compaction Phase
[13.114s][info][gc,phases      ] GC(182) Compaction Phase 8.521ms
[13.114s][info][gc,phases,start] GC(182) Post Compact
[13.114s][info][gc,phases      ] GC(182) Post Compact 0.255ms
[13.114s][info][gc,heap        ] GC(182) PSYoungGen: 128K->0K(305664K)
[13.114s][info][gc,heap        ] GC(182) ParOldGen: 34885K->34885K(699392K)
[13.114s][info][gc,metaspace   ] GC(182) Metaspace: 20396K(21248K)->20396K(21248K) NonClass: 17997K(18432K)->17997K(18432K) Class: 2398K(2816K)->2398K(2816K)
[13.114s][info][gc             ] GC(182) Pause Full (System.gc()) 34M->34M(981M) 33.448ms
[13.114s][info][gc,cpu         ] GC(182) User=0.14s Sys=0.00s Real=0.03s
[13.195s][info][gc,start       ] GC(183) Pause Young (System.gc())
[13.196s][info][gc,heap        ] GC(183) PSYoungGen: 149524K->160K(305664K)
[13.196s][info][gc,heap        ] GC(183) ParOldGen: 34885K->34885K(699392K)
[13.196s][info][gc,metaspace   ] GC(183) Metaspace: 20396K(21248K)->20396K(21248K) NonClass: 17997K(18432K)->17997K(18432K) Class: 2398K(2816K)->2398K(2816K)
[13.196s][info][gc             ] GC(183) Pause Young (System.gc()) 180M->34M(981M) 0.517ms
[13.196s][info][gc,cpu         ] GC(183) User=0.00s Sys=0.00s Real=0.00s
[13.196s][info][gc,start       ] GC(184) Pause Full (System.gc())
[13.196s][info][gc,phases,start] GC(184) Marking Phase
[13.218s][info][gc,phases      ] GC(184) Marking Phase 22.302ms
[13.218s][info][gc,phases,start] GC(184) Summary Phase
[13.218s][info][gc,phases      ] GC(184) Summary Phase 0.010ms
[13.218s][info][gc,phases,start] GC(184) Adjust Roots
[13.220s][info][gc,phases      ] GC(184) Adjust Roots 2.211ms
[13.220s][info][gc,phases,start] GC(184) Compaction Phase
[13.229s][info][gc,phases      ] GC(184) Compaction Phase 8.524ms
[13.229s][info][gc,phases,start] GC(184) Post Compact
[13.229s][info][gc,phases      ] GC(184) Post Compact 0.297ms
[13.229s][info][gc,heap        ] GC(184) PSYoungGen: 160K->0K(305664K)
[13.229s][info][gc,heap        ] GC(184) ParOldGen: 34885K->34885K(699392K)
[13.229s][info][gc,metaspace   ] GC(184) Metaspace: 20396K(21248K)->20396K(21248K) NonClass: 17997K(18432K)->17997K(18432K) Class: 2398K(2816K)->2398K(2816K)
[13.229s][info][gc             ] GC(184) Pause Full (System.gc()) 34M->34M(981M) 33.624ms
[13.229s][info][gc,cpu         ] GC(184) User=0.05s Sys=0.00s Real=0.03s
[13.311s][info][gc,start       ] GC(185) Pause Young (System.gc())
[13.312s][info][gc,heap        ] GC(185) PSYoungGen: 148920K->160K(305664K)
[13.312s][info][gc,heap        ] GC(185) ParOldGen: 34885K->34885K(699392K)
[13.312s][info][gc,metaspace   ] GC(185) Metaspace: 20396K(21248K)->20396K(21248K) NonClass: 17997K(18432K)->17997K(18432K) Class: 2398K(2816K)->2398K(2816K)
[13.312s][info][gc             ] GC(185) Pause Young (System.gc()) 179M->34M(981M) 0.647ms
[13.312s][info][gc,cpu         ] GC(185) User=0.00s Sys=0.00s Real=0.00s
[13.312s][info][gc,start       ] GC(186) Pause Full (System.gc())
[13.312s][info][gc,phases,start] GC(186) Marking Phase
[13.343s][info][gc,phases      ] GC(186) Marking Phase 31.079ms
[13.343s][info][gc,phases,start] GC(186) Summary Phase
[13.343s][info][gc,phases      ] GC(186) Summary Phase 0.009ms
[13.343s][info][gc,phases,start] GC(186) Adjust Roots
[13.345s][info][gc,phases      ] GC(186) Adjust Roots 2.339ms
[13.345s][info][gc,phases,start] GC(186) Compaction Phase
[13.354s][info][gc,phases      ] GC(186) Compaction Phase 9.099ms
[13.354s][info][gc,phases,start] GC(186) Post Compact
[13.355s][info][gc,phases      ] GC(186) Post Compact 0.264ms
[13.355s][info][gc,heap        ] GC(186) PSYoungGen: 160K->0K(305664K)
[13.355s][info][gc,heap        ] GC(186) ParOldGen: 34885K->34885K(699392K)
[13.355s][info][gc,metaspace   ] GC(186) Metaspace: 20396K(21248K)->20396K(21248K) NonClass: 17997K(18432K)->17997K(18432K) Class: 2398K(2816K)->2398K(2816K)
[13.355s][info][gc             ] GC(186) Pause Full (System.gc()) 34M->34M(981M) 43.045ms
[13.355s][info][gc,cpu         ] GC(186) User=0.12s Sys=0.00s Real=0.05s
[13.437s][info][gc,start       ] GC(187) Pause Young (System.gc())
[13.438s][info][gc,heap        ] GC(187) PSYoungGen: 149687K->160K(305664K)
[13.438s][info][gc,heap        ] GC(187) ParOldGen: 34885K->34885K(699392K)
[13.438s][info][gc,metaspace   ] GC(187) Metaspace: 20397K(21248K)->20397K(21248K) NonClass: 17998K(18432K)->17998K(18432K) Class: 2398K(2816K)->2398K(2816K)
[13.438s][info][gc             ] GC(187) Pause Young (System.gc()) 180M->34M(981M) 0.502ms
[13.438s][info][gc,cpu         ] GC(187) User=0.00s Sys=0.00s Real=0.00s
[13.438s][info][gc,start       ] GC(188) Pause Full (System.gc())
[13.438s][info][gc,phases,start] GC(188) Marking Phase
[13.466s][info][gc,phases      ] GC(188) Marking Phase 28.318ms
[13.466s][info][gc,phases,start] GC(188) Summary Phase
[13.466s][info][gc,phases      ] GC(188) Summary Phase 0.009ms
[13.466s][info][gc,phases,start] GC(188) Adjust Roots
[13.468s][info][gc,phases      ] GC(188) Adjust Roots 2.056ms
[13.468s][info][gc,phases,start] GC(188) Compaction Phase
[13.477s][info][gc,phases      ] GC(188) Compaction Phase 8.540ms
[13.477s][info][gc,phases,start] GC(188) Post Compact
[13.477s][info][gc,phases      ] GC(188) Post Compact 0.331ms
[13.477s][info][gc,heap        ] GC(188) PSYoungGen: 160K->0K(305664K)
[13.477s][info][gc,heap        ] GC(188) ParOldGen: 34885K->34885K(699392K)
[13.477s][info][gc,metaspace   ] GC(188) Metaspace: 20397K(21248K)->20397K(21248K) NonClass: 17998K(18432K)->17998K(18432K) Class: 2398K(2816K)->2398K(2816K)
[13.477s][info][gc             ] GC(188) Pause Full (System.gc()) 34M->34M(981M) 39.539ms
[13.477s][info][gc,cpu         ] GC(188) User=0.09s Sys=0.00s Real=0.05s
[13.560s][info][gc,start       ] GC(189) Pause Young (System.gc())
[13.561s][info][gc,heap        ] GC(189) PSYoungGen: 149598K->128K(305664K)
[13.561s][info][gc,heap        ] GC(189) ParOldGen: 34885K->34885K(699392K)
[13.561s][info][gc,metaspace   ] GC(189) Metaspace: 20397K(21248K)->20397K(21248K) NonClass: 17998K(18432K)->17998K(18432K) Class: 2398K(2816K)->2398K(2816K)
[13.561s][info][gc             ] GC(189) Pause Young (System.gc()) 180M->34M(981M) 0.542ms
[13.561s][info][gc,cpu         ] GC(189) User=0.00s Sys=0.00s Real=0.00s
[13.561s][info][gc,start       ] GC(190) Pause Full (System.gc())
[13.561s][info][gc,phases,start] GC(190) Marking Phase
[13.588s][info][gc,phases      ] GC(190) Marking Phase 27.109ms
[13.588s][info][gc,phases,start] GC(190) Summary Phase
[13.588s][info][gc,phases      ] GC(190) Summary Phase 0.011ms
[13.588s][info][gc,phases,start] GC(190) Adjust Roots
[13.590s][info][gc,phases      ] GC(190) Adjust Roots 2.147ms
[13.590s][info][gc,phases,start] GC(190) Compaction Phase
[13.599s][info][gc,phases      ] GC(190) Compaction Phase 8.936ms
[13.599s][info][gc,phases,start] GC(190) Post Compact
[13.600s][info][gc,phases      ] GC(190) Post Compact 0.318ms
[13.600s][info][gc,heap        ] GC(190) PSYoungGen: 128K->0K(305664K)
[13.600s][info][gc,heap        ] GC(190) ParOldGen: 34885K->34886K(699392K)
[13.600s][info][gc,metaspace   ] GC(190) Metaspace: 20397K(21248K)->20397K(21248K) NonClass: 17998K(18432K)->17998K(18432K) Class: 2398K(2816K)->2398K(2816K)
[13.600s][info][gc             ] GC(190) Pause Full (System.gc()) 34M->34M(981M) 38.824ms
[13.600s][info][gc,cpu         ] GC(190) User=0.11s Sys=0.00s Real=0.05s
[13.681s][info][gc,start       ] GC(191) Pause Young (System.gc())
[13.682s][info][gc,heap        ] GC(191) PSYoungGen: 149136K->192K(305664K)
[13.682s][info][gc,heap        ] GC(191) ParOldGen: 34886K->34886K(699392K)
[13.682s][info][gc,metaspace   ] GC(191) Metaspace: 20397K(21248K)->20397K(21248K) NonClass: 17998K(18432K)->17998K(18432K) Class: 2398K(2816K)->2398K(2816K)
[13.682s][info][gc             ] GC(191) Pause Young (System.gc()) 179M->34M(981M) 0.495ms
[13.682s][info][gc,cpu         ] GC(191) User=0.00s Sys=0.00s Real=0.00s
[13.682s][info][gc,start       ] GC(192) Pause Full (System.gc())
[13.682s][info][gc,phases,start] GC(192) Marking Phase
[13.707s][info][gc,phases      ] GC(192) Marking Phase 24.478ms
[13.707s][info][gc,phases,start] GC(192) Summary Phase
[13.707s][info][gc,phases      ] GC(192) Summary Phase 0.009ms
[13.707s][info][gc,phases,start] GC(192) Adjust Roots
[13.709s][info][gc,phases      ] GC(192) Adjust Roots 2.200ms
[13.709s][info][gc,phases,start] GC(192) Compaction Phase
[13.718s][info][gc,phases      ] GC(192) Compaction Phase 9.108ms
[13.718s][info][gc,phases,start] GC(192) Post Compact
[13.718s][info][gc,phases      ] GC(192) Post Compact 0.290ms
[13.718s][info][gc,heap        ] GC(192) PSYoungGen: 192K->0K(305664K)
[13.718s][info][gc,heap        ] GC(192) ParOldGen: 34886K->34886K(699392K)
[13.718s][info][gc,metaspace   ] GC(192) Metaspace: 20397K(21248K)->20397K(21248K) NonClass: 17998K(18432K)->17998K(18432K) Class: 2398K(2816K)->2398K(2816K)
[13.718s][info][gc             ] GC(192) Pause Full (System.gc()) 34M->34M(981M) 36.342ms
[13.718s][info][gc,cpu         ] GC(192) User=0.06s Sys=0.00s Real=0.03s
[13.799s][info][gc,start       ] GC(193) Pause Young (System.gc())
[13.799s][info][gc,heap        ] GC(193) PSYoungGen: 148865K->128K(305664K)
[13.799s][info][gc,heap        ] GC(193) ParOldGen: 34886K->34886K(699392K)
[13.799s][info][gc,metaspace   ] GC(193) Metaspace: 20402K(21248K)->20402K(21248K) NonClass: 18003K(18432K)->18003K(18432K) Class: 2398K(2816K)->2398K(2816K)
[13.799s][info][gc             ] GC(193) Pause Young (System.gc()) 179M->34M(981M) 0.460ms
[13.799s][info][gc,cpu         ] GC(193) User=0.00s Sys=0.00s Real=0.00s
[13.799s][info][gc,start       ] GC(194) Pause Full (System.gc())
[13.799s][info][gc,phases,start] GC(194) Marking Phase
[13.827s][info][gc,phases      ] GC(194) Marking Phase 27.752ms
[13.827s][info][gc,phases,start] GC(194) Summary Phase
[13.827s][info][gc,phases      ] GC(194) Summary Phase 0.009ms
[13.827s][info][gc,phases,start] GC(194) Adjust Roots
[13.829s][info][gc,phases      ] GC(194) Adjust Roots 2.177ms
[13.829s][info][gc,phases,start] GC(194) Compaction Phase
[13.838s][info][gc,phases      ] GC(194) Compaction Phase 8.993ms
[13.838s][info][gc,phases,start] GC(194) Post Compact
[13.839s][info][gc,phases      ] GC(194) Post Compact 0.286ms
[13.839s][info][gc,heap        ] GC(194) PSYoungGen: 128K->0K(305664K)
[13.839s][info][gc,heap        ] GC(194) ParOldGen: 34886K->34886K(699392K)
[13.839s][info][gc,metaspace   ] GC(194) Metaspace: 20402K(21248K)->20402K(21248K) NonClass: 18003K(18432K)->18003K(18432K) Class: 2398K(2816K)->2398K(2816K)
[13.839s][info][gc             ] GC(194) Pause Full (System.gc()) 34M->34M(981M) 39.451ms
[13.839s][info][gc,cpu         ] GC(194) User=0.12s Sys=0.00s Real=0.05s
[13.920s][info][gc,start       ] GC(195) Pause Young (System.gc())
[13.921s][info][gc,heap        ] GC(195) PSYoungGen: 149754K->128K(305664K)
[13.921s][info][gc,heap        ] GC(195) ParOldGen: 34886K->34886K(699392K)
[13.921s][info][gc,metaspace   ] GC(195) Metaspace: 20409K(21248K)->20409K(21248K) NonClass: 18010K(18432K)->18010K(18432K) Class: 2398K(2816K)->2398K(2816K)
[13.921s][info][gc             ] GC(195) Pause Young (System.gc()) 180M->34M(981M) 0.526ms
[13.921s][info][gc,cpu         ] GC(195) User=0.00s Sys=0.00s Real=0.00s
[13.921s][info][gc,start       ] GC(196) Pause Full (System.gc())
[13.921s][info][gc,phases,start] GC(196) Marking Phase
[13.943s][info][gc,phases      ] GC(196) Marking Phase 22.181ms
[13.943s][info][gc,phases,start] GC(196) Summary Phase
[13.943s][info][gc,phases      ] GC(196) Summary Phase 0.009ms
[13.943s][info][gc,phases,start] GC(196) Adjust Roots
[13.945s][info][gc,phases      ] GC(196) Adjust Roots 2.148ms
[13.945s][info][gc,phases,start] GC(196) Compaction Phase
[13.954s][info][gc,phases      ] GC(196) Compaction Phase 8.319ms
[13.954s][info][gc,phases,start] GC(196) Post Compact
[13.954s][info][gc,phases      ] GC(196) Post Compact 0.308ms
[13.954s][info][gc,heap        ] GC(196) PSYoungGen: 128K->0K(305664K)
[13.954s][info][gc,heap        ] GC(196) ParOldGen: 34886K->34886K(699392K)
[13.954s][info][gc,metaspace   ] GC(196) Metaspace: 20409K(21248K)->20409K(21248K) NonClass: 18010K(18432K)->18010K(18432K) Class: 2398K(2816K)->2398K(2816K)
[13.954s][info][gc             ] GC(196) Pause Full (System.gc()) 34M->34M(981M) 33.322ms
[13.954s][info][gc,cpu         ] GC(196) User=0.08s Sys=0.00s Real=0.03s
[14.035s][info][gc,start       ] GC(197) Pause Young (System.gc())
[14.036s][info][gc,heap        ] GC(197) PSYoungGen: 148774K->128K(305664K)
[14.036s][info][gc,heap        ] GC(197) ParOldGen: 34886K->34886K(699392K)
[14.036s][info][gc,metaspace   ] GC(197) Metaspace: 20409K(21248K)->20409K(21248K) NonClass: 18010K(18432K)->18010K(18432K) Class: 2398K(2816K)->2398K(2816K)
[14.036s][info][gc             ] GC(197) Pause Young (System.gc()) 179M->34M(981M) 0.505ms
[14.036s][info][gc,cpu         ] GC(197) User=0.00s Sys=0.00s Real=0.00s
[14.036s][info][gc,start       ] GC(198) Pause Full (System.gc())
[14.036s][info][gc,phases,start] GC(198) Marking Phase
[14.061s][info][gc,phases      ] GC(198) Marking Phase 25.343ms
[14.061s][info][gc,phases,start] GC(198) Summary Phase
[14.061s][info][gc,phases      ] GC(198) Summary Phase 0.009ms
[14.061s][info][gc,phases,start] GC(198) Adjust Roots
[14.063s][info][gc,phases      ] GC(198) Adjust Roots 2.052ms
[14.063s][info][gc,phases,start] GC(198) Compaction Phase
[14.072s][info][gc,phases      ] GC(198) Compaction Phase 8.894ms
[14.072s][info][gc,phases,start] GC(198) Post Compact
[14.073s][info][gc,phases      ] GC(198) Post Compact 0.281ms
[14.073s][info][gc,heap        ] GC(198) PSYoungGen: 128K->0K(305664K)
[14.073s][info][gc,heap        ] GC(198) ParOldGen: 34886K->34886K(699392K)
[14.073s][info][gc,metaspace   ] GC(198) Metaspace: 20409K(21248K)->20409K(21248K) NonClass: 18010K(18432K)->18010K(18432K) Class: 2398K(2816K)->2398K(2816K)
[14.073s][info][gc             ] GC(198) Pause Full (System.gc()) 34M->34M(981M) 36.828ms
[14.073s][info][gc,cpu         ] GC(198) User=0.09s Sys=0.00s Real=0.03s
[14.153s][info][gc,start       ] GC(199) Pause Young (System.gc())
[14.153s][info][gc,heap        ] GC(199) PSYoungGen: 149430K->160K(305664K)
[14.153s][info][gc,heap        ] GC(199) ParOldGen: 34886K->34886K(699392K)
[14.153s][info][gc,metaspace   ] GC(199) Metaspace: 20409K(21248K)->20409K(21248K) NonClass: 18010K(18432K)->18010K(18432K) Class: 2398K(2816K)->2398K(2816K)
[14.153s][info][gc             ] GC(199) Pause Young (System.gc()) 179M->34M(981M) 0.608ms
[14.153s][info][gc,cpu         ] GC(199) User=0.00s Sys=0.00s Real=0.00s
[14.153s][info][gc,start       ] GC(200) Pause Full (System.gc())
[14.153s][info][gc,phases,start] GC(200) Marking Phase
[14.176s][info][gc,phases      ] GC(200) Marking Phase 22.451ms
[14.176s][info][gc,phases,start] GC(200) Summary Phase
[14.176s][info][gc,phases      ] GC(200) Summary Phase 0.009ms
[14.176s][info][gc,phases,start] GC(200) Adjust Roots
[14.178s][info][gc,phases      ] GC(200) Adjust Roots 2.080ms
[14.178s][info][gc,phases,start] GC(200) Compaction Phase
[14.187s][info][gc,phases      ] GC(200) Compaction Phase 8.721ms
[14.187s][info][gc,phases,start] GC(200) Post Compact
[14.187s][info][gc,phases      ] GC(200) Post Compact 0.289ms
[14.187s][info][gc,heap        ] GC(200) PSYoungGen: 160K->0K(305664K)
[14.187s][info][gc,heap        ] GC(200) ParOldGen: 34886K->34886K(699392K)
[14.187s][info][gc,metaspace   ] GC(200) Metaspace: 20409K(21248K)->20409K(21248K) NonClass: 18010K(18432K)->18010K(18432K) Class: 2398K(2816K)->2398K(2816K)
[14.187s][info][gc             ] GC(200) Pause Full (System.gc()) 34M->34M(981M) 33.792ms
[14.187s][info][gc,cpu         ] GC(200) User=0.08s Sys=0.00s Real=0.03s
[14.273s][info][gc,heap,exit   ] Heap
[14.273s][info][gc,heap,exit   ]  PSYoungGen      total 305664K, used 152817K [0x00000000eab00000, 0x0000000100000000, 0x0000000100000000)
[14.273s][info][gc,heap,exit   ]   eden space 262144K, 58% used [0x00000000eab00000,0x00000000f403c518,0x00000000fab00000)
[14.273s][info][gc,heap,exit   ]   from space 43520K, 0% used [0x00000000fab00000,0x00000000fab00000,0x00000000fd580000)
[14.273s][info][gc,heap,exit   ]   to   space 43520K, 0% used [0x00000000fd580000,0x00000000fd580000,0x0000000100000000)
[14.273s][info][gc,heap,exit   ]  ParOldGen       total 699392K, used 34886K [0x00000000c0000000, 0x00000000eab00000, 0x00000000eab00000)
[14.273s][info][gc,heap,exit   ]   object space 699392K, 4% used [0x00000000c0000000,0x00000000c2211918,0x00000000eab00000)
[14.273s][info][gc,heap,exit   ]  Metaspace       used 20482K, capacity 21027K, committed 21504K, reserved 1069056K
[14.273s][info][gc,heap,exit   ]   class space    used 2409K, capacity 2650K, committed 2816K, reserved 1048576K
