[0.008s][info][gc,init] CardTable entry size: 512
[0.008s][info][gc     ] Using Parallel
[0.017s][info][gc,init] Version: 21.0.4+7-adhoc.Administrator.jdk21u (release)
[0.017s][info][gc,init] CPUs: 6 total, 6 available
[0.017s][info][gc,init] Memory: 15591M
[0.017s][info][gc,init] Large Page Support: Disabled
[0.017s][info][gc,init] NUMA Support: Disabled
[0.017s][info][gc,init] Compressed Oops: Enabled (Zero based)
[0.017s][info][gc,init] Alignments: Space 512K, Generation 512K, Heap 2M
[0.017s][info][gc,init] Heap Min Capacity: 4G
[0.017s][info][gc,init] Heap Initial Capacity: 4G
[0.017s][info][gc,init] Heap Max Capacity: 4G
[0.020s][info][gc,init] Pre-touch: Disabled
[0.020s][info][gc,init] Parallel Workers: 6
[0.029s][info][gc,metaspace] CDS archive(s) mapped at: [0x0000016c97000000-0x0000016c97c90000-0x0000016c97c90000), size 13172736, SharedBaseAddress: 0x0000016c97000000, ArchiveRelocationMode: 1.
[0.029s][info][gc,metaspace] Compressed class space mapped at: 0x0000016c98000000-0x0000016cd8000000, reserved size: 1073741824
[0.029s][info][gc,metaspace] Narrow klass base: 0x0000016c97000000, Narrow klass shift: 0, Narrow klass range: 0x100000000
[7.201s][info][gc,start    ] GC(0) Pause Young (Metadata GC Threshold)
[7.209s][info][gc,heap     ] GC(0) PSYoungGen: 189806K(1223168K)->19114K(1223168K) Eden: 189806K(1048576K)->0K(1048576K) From: 0K(174592K)->19114K(174592K)
[7.209s][info][gc,heap     ] GC(0) ParOldGen: 0K(2796544K)->88K(2796544K)
[7.209s][info][gc,metaspace] GC(0) Metaspace: 21252K(21504K)->21252K(21504K) NonClass: 18594K(18752K)->18594K(18752K) Class: 2657K(2752K)->2657K(2752K)
[7.209s][info][gc          ] GC(0) Pause Young (Metadata GC Threshold) 185M->18M(3925M) 8.470ms
[7.209s][info][gc,cpu      ] GC(0) User=0.00s Sys=0.00s Real=0.00s
[7.209s][info][gc,start    ] GC(1) Pause Full (Metadata GC Threshold)
[7.210s][info][gc,phases,start] GC(1) Marking Phase
[7.214s][info][gc,phases      ] GC(1) Marking Phase 4.954ms
[7.215s][info][gc,phases,start] GC(1) Summary Phase
[7.215s][info][gc,phases      ] GC(1) Summary Phase 0.013ms
[7.215s][info][gc,phases,start] GC(1) Adjust Roots
[7.216s][info][gc,phases      ] GC(1) Adjust Roots 1.956ms
[7.217s][info][gc,phases,start] GC(1) Compaction Phase
[7.223s][info][gc,phases      ] GC(1) Compaction Phase 6.380ms
[7.223s][info][gc,phases,start] GC(1) Post Compact
[7.224s][info][gc,phases      ] GC(1) Post Compact 1.365ms
[7.224s][info][gc,heap        ] GC(1) PSYoungGen: 19114K(1223168K)->0K(1223168K) Eden: 0K(1048576K)->0K(1048576K) From: 19114K(174592K)->0K(174592K)
[7.224s][info][gc,heap        ] GC(1) ParOldGen: 88K(2796544K)->18880K(2796544K)
[7.224s][info][gc,metaspace   ] GC(1) Metaspace: 21252K(21504K)->21252K(21504K) NonClass: 18594K(18752K)->18594K(18752K) Class: 2657K(2752K)->2657K(2752K)
[7.224s][info][gc             ] GC(1) Pause Full (Metadata GC Threshold) 18M->18M(3925M) 14.936ms
[7.224s][info][gc,cpu         ] GC(1) User=0.00s Sys=0.00s Real=0.02s
[8.002s][info][gc,start       ] GC(2) Pause Young (Metadata GC Threshold)
[8.005s][info][gc,heap        ] GC(2) PSYoungGen: 162560K(1223168K)->4057K(1223168K) Eden: 162560K(1048576K)->0K(1048576K) From: 0K(174592K)->4057K(174592K)
[8.005s][info][gc,heap        ] GC(2) ParOldGen: 18880K(2796544K)->18888K(2796544K)
[8.005s][info][gc,metaspace   ] GC(2) Metaspace: 35488K(35840K)->35488K(35840K) NonClass: 31072K(31232K)->31072K(31232K) Class: 4415K(4608K)->4415K(4608K)
[8.005s][info][gc             ] GC(2) Pause Young (Metadata GC Threshold) 177M->22M(3925M) 3.377ms
[8.005s][info][gc,cpu         ] GC(2) User=0.00s Sys=0.00s Real=0.00s
[8.005s][info][gc,start       ] GC(3) Pause Full (Metadata GC Threshold)
[8.005s][info][gc,phases,start] GC(3) Marking Phase
[8.013s][info][gc,phases      ] GC(3) Marking Phase 7.290ms
[8.013s][info][gc,phases,start] GC(3) Summary Phase
[8.013s][info][gc,phases      ] GC(3) Summary Phase 0.010ms
[8.013s][info][gc,phases,start] GC(3) Adjust Roots
[8.016s][info][gc,phases      ] GC(3) Adjust Roots 3.352ms
[8.016s][info][gc,phases,start] GC(3) Compaction Phase
[8.024s][info][gc,phases      ] GC(3) Compaction Phase 7.334ms
[8.024s][info][gc,phases,start] GC(3) Post Compact
[8.025s][info][gc,phases      ] GC(3) Post Compact 1.097ms
[8.025s][info][gc,heap        ] GC(3) PSYoungGen: 4057K(1223168K)->0K(1223168K) Eden: 0K(1048576K)->0K(1048576K) From: 4057K(174592K)->0K(174592K)
[8.025s][info][gc,heap        ] GC(3) ParOldGen: 18888K(2796544K)->22628K(2796544K)
[8.025s][info][gc,metaspace   ] GC(3) Metaspace: 35488K(35840K)->35488K(35840K) NonClass: 31072K(31232K)->31072K(31232K) Class: 4415K(4608K)->4415K(4608K)
[8.025s][info][gc             ] GC(3) Pause Full (Metadata GC Threshold) 22M->22M(3925M) 19.355ms
[8.025s][info][gc,cpu         ] GC(3) User=0.00s Sys=0.00s Real=0.02s
[9.411s][info][gc,start       ] GC(4) Pause Young (Metadata GC Threshold)
[9.416s][info][gc,heap        ] GC(4) PSYoungGen: 322183K(1223168K)->6704K(1223168K) Eden: 322183K(1048576K)->0K(1048576K) From: 0K(174592K)->6704K(174592K)
[9.416s][info][gc,heap        ] GC(4) ParOldGen: 22628K(2796544K)->22636K(2796544K)
[9.416s][info][gc,metaspace   ] GC(4) Metaspace: 59013K(59776K)->59013K(59776K) NonClass: 51518K(51904K)->51518K(51904K) Class: 7494K(7872K)->7494K(7872K)
[9.416s][info][gc             ] GC(4) Pause Young (Metadata GC Threshold) 336M->28M(3925M) 5.293ms
[9.417s][info][gc,cpu         ] GC(4) User=0.00s Sys=0.00s Real=0.00s
[9.417s][info][gc,start       ] GC(5) Pause Full (Metadata GC Threshold)
[9.417s][info][gc,phases,start] GC(5) Marking Phase
[9.427s][info][gc,phases      ] GC(5) Marking Phase 10.751ms
[9.427s][info][gc,phases,start] GC(5) Summary Phase
[9.427s][info][gc,phases      ] GC(5) Summary Phase 0.010ms
[9.427s][info][gc,phases,start] GC(5) Adjust Roots
[9.432s][info][gc,phases      ] GC(5) Adjust Roots 4.571ms
[9.432s][info][gc,phases,start] GC(5) Compaction Phase
[9.444s][info][gc,phases      ] GC(5) Compaction Phase 11.852ms
[9.444s][info][gc,phases,start] GC(5) Post Compact
[9.445s][info][gc,phases      ] GC(5) Post Compact 1.224ms
[9.445s][info][gc,heap        ] GC(5) PSYoungGen: 6704K(1223168K)->0K(1223168K) Eden: 0K(1048576K)->0K(1048576K) From: 6704K(174592K)->0K(174592K)
[9.445s][info][gc,heap        ] GC(5) ParOldGen: 22636K(2796544K)->28960K(2796544K)
[9.445s][info][gc,metaspace   ] GC(5) Metaspace: 59013K(59776K)->59013K(59776K) NonClass: 51518K(51904K)->51518K(51904K) Class: 7494K(7872K)->7494K(7872K)
[9.445s][info][gc             ] GC(5) Pause Full (Metadata GC Threshold) 28M->28M(3925M) 28.704ms
[9.445s][info][gc,cpu         ] GC(5) User=0.06s Sys=0.00s Real=0.03s
[11.181s][info][gc,start       ] GC(6) Pause Young (System.gc())
[11.190s][info][gc,heap        ] GC(6) PSYoungGen: 581321K(1223168K)->10349K(1223168K) Eden: 581321K(1048576K)->0K(1048576K) From: 0K(174592K)->10349K(174592K)
[11.190s][info][gc,heap        ] GC(6) ParOldGen: 28960K(2796544K)->28968K(2796544K)
[11.190s][info][gc,metaspace   ] GC(6) Metaspace: 68946K(69824K)->68946K(69824K) NonClass: 60245K(60736K)->60245K(60736K) Class: 8700K(9088K)->8700K(9088K)
[11.190s][info][gc             ] GC(6) Pause Young (System.gc()) 595M->38M(3925M) 8.686ms
[11.190s][info][gc,cpu         ] GC(6) User=0.00s Sys=0.00s Real=0.00s
[11.190s][info][gc,start       ] GC(7) Pause Full (System.gc())
[11.190s][info][gc,phases,start] GC(7) Marking Phase
[11.211s][info][gc,phases      ] GC(7) Marking Phase 21.180ms
[11.211s][info][gc,phases,start] GC(7) Summary Phase
[11.211s][info][gc,phases      ] GC(7) Summary Phase 0.009ms
[11.211s][info][gc,phases,start] GC(7) Adjust Roots
[11.217s][info][gc,phases      ] GC(7) Adjust Roots 5.835ms
[11.217s][info][gc,phases,start] GC(7) Compaction Phase
[11.229s][info][gc,phases      ] GC(7) Compaction Phase 11.687ms
[11.229s][info][gc,phases,start] GC(7) Post Compact
[11.230s][info][gc,phases      ] GC(7) Post Compact 1.397ms
[11.230s][info][gc,heap        ] GC(7) PSYoungGen: 10349K(1223168K)->0K(1223168K) Eden: 0K(1048576K)->0K(1048576K) From: 10349K(174592K)->0K(174592K)
[11.230s][info][gc,heap        ] GC(7) ParOldGen: 28968K(2796544K)->38889K(2796544K)
[11.231s][info][gc,metaspace   ] GC(7) Metaspace: 68946K(69824K)->68896K(69824K) NonClass: 60245K(60736K)->60210K(60736K) Class: 8700K(9088K)->8686K(9088K)
[11.231s][info][gc             ] GC(7) Pause Full (System.gc()) 38M->37M(3925M) 40.464ms
[11.231s][info][gc,cpu         ] GC(7) User=0.05s Sys=0.00s Real=0.05s
[13.626s][info][gc,start       ] GC(8) Pause Young (Allocation Failure)
[13.630s][info][gc,heap        ] GC(8) PSYoungGen: 1048576K(1223168K)->5940K(1223168K) Eden: 1048576K(1048576K)->0K(1048576K) From: 0K(174592K)->5940K(174592K)
[13.630s][info][gc,heap        ] GC(8) ParOldGen: 38889K(2796544K)->38897K(2796544K)
[13.630s][info][gc,metaspace   ] GC(8) Metaspace: 74912K(76160K)->74912K(76160K) NonClass: 65537K(66240K)->65537K(66240K) Class: 9374K(9920K)->9374K(9920K)
[13.630s][info][gc             ] GC(8) Pause Young (Allocation Failure) 1061M->43M(3925M) 4.404ms
[13.630s][info][gc,cpu         ] GC(8) User=0.02s Sys=0.00s Real=0.00s
[17.267s][info][gc,start       ] GC(9) Pause Young (GCLocker Initiated GC)
[17.270s][info][gc,heap        ] GC(9) PSYoungGen: 1054516K(1223168K)->10792K(1380352K) Eden: 1048576K(1048576K)->0K(1205760K) From: 5940K(174592K)->10792K(174592K)
[17.270s][info][gc,heap        ] GC(9) ParOldGen: 38929K(2796544K)->38937K(2796544K)
[17.270s][info][gc,metaspace   ] GC(9) Metaspace: 76274K(77504K)->76274K(77504K) NonClass: 66839K(67520K)->66839K(67520K) Class: 9435K(9984K)->9435K(9984K)
[17.270s][info][gc             ] GC(9) Pause Young (GCLocker Initiated GC) 1067M->48M(4079M) 3.241ms
[17.270s][info][gc,cpu         ] GC(9) User=0.00s Sys=0.00s Real=0.00s
[19.553s][info][gc,start       ] GC(10) Pause Young (Allocation Failure)
[19.558s][info][gc,heap        ] GC(10) PSYoungGen: 1216552K(1380352K)->12268K(1223168K) Eden: 1205760K(1205760K)->0K(1205760K) From: 10792K(174592K)->12268K(17408K)
[19.558s][info][gc,heap        ] GC(10) ParOldGen: 49179K(2796544K)->49187K(2796544K)
[19.558s][info][gc,metaspace   ] GC(10) Metaspace: 77402K(78720K)->77402K(78720K) NonClass: 67841K(68544K)->67841K(68544K) Class: 9561K(10176K)->9561K(10176K)
[19.558s][info][gc             ] GC(10) Pause Young (Allocation Failure) 1236M->60M(3925M) 4.918ms
[19.558s][info][gc,cpu         ] GC(10) User=0.00s Sys=0.00s Real=0.00s
[23.672s][info][gc,start       ] GC(11) Pause Young (Allocation Failure)
[23.677s][info][gc,heap        ] GC(11) PSYoungGen: 1218028K(1223168K)->13799K(1377792K) Eden: 1205760K(1205760K)->0K(1359872K) From: 12268K(17408K)->13799K(17920K)
[23.677s][info][gc,heap        ] GC(11) ParOldGen: 49187K(2796544K)->49195K(2796544K)
[23.677s][info][gc,metaspace   ] GC(11) Metaspace: 77893K(79168K)->77893K(79168K) NonClass: 68302K(68992K)->68302K(68992K) Class: 9590K(10176K)->9590K(10176K)
[23.677s][info][gc             ] GC(11) Pause Young (Allocation Failure) 1237M->61M(4076M) 5.324ms
[23.677s][info][gc,cpu         ] GC(11) User=0.00s Sys=0.00s Real=0.00s
[26.313s][info][gc,start       ] GC(12) Pause Young (Allocation Failure)
[26.319s][info][gc,heap        ] GC(12) PSYoungGen: 1373671K(1377792K)->13142K(1378816K) Eden: 1359872K(1359872K)->0K(1359872K) From: 13799K(17920K)->13142K(18944K)
[26.319s][info][gc,heap        ] GC(12) ParOldGen: 49195K(2796544K)->53316K(2796544K)
[26.319s][info][gc,metaspace   ] GC(12) Metaspace: 78067K(79424K)->78067K(79424K) NonClass: 68470K(69184K)->68470K(69184K) Class: 9596K(10240K)->9596K(10240K)
[26.319s][info][gc             ] GC(12) Pause Young (Allocation Failure) 1389M->64M(4077M) 6.510ms
[26.319s][info][gc,cpu         ] GC(12) User=0.00s Sys=0.00s Real=0.00s
[30.988s][info][gc,start       ] GC(13) Pause Young (Allocation Failure)
[30.992s][info][gc,heap        ] GC(13) PSYoungGen: 1372080K(1378816K)->10111K(1379328K) Eden: 1358937K(1359872K)->0K(1360384K) From: 13142K(18944K)->10111K(18944K)
[30.992s][info][gc,heap        ] GC(13) ParOldGen: 53316K(2796544K)->57471K(2796544K)
[30.992s][info][gc,metaspace   ] GC(13) Metaspace: 78192K(79552K)->78192K(79552K) NonClass: 68592K(69312K)->68592K(69312K) Class: 9599K(10240K)->9599K(10240K)
[30.992s][info][gc             ] GC(13) Pause Young (Allocation Failure) 1391M->65M(4078M) 4.383ms
[30.992s][info][gc,cpu         ] GC(13) User=0.00s Sys=0.00s Real=0.00s
[33.388s][info][gc,start       ] GC(14) Pause Young (Allocation Failure)
[33.393s][info][gc,heap        ] GC(14) PSYoungGen: 1370495K(1379328K)->8711K(1378816K) Eden: 1360384K(1360384K)->0K(1360384K) From: 10111K(18944K)->8711K(18432K)
[33.393s][info][gc,heap        ] GC(14) ParOldGen: 57471K(2796544K)->62867K(2796544K)
[33.393s][info][gc,metaspace   ] GC(14) Metaspace: 78290K(79616K)->78290K(79616K) NonClass: 68689K(69376K)->68689K(69376K) Class: 9601K(10240K)->9601K(10240K)
[33.393s][info][gc             ] GC(14) Pause Young (Allocation Failure) 1394M->69M(4077M) 4.627ms
[33.393s][info][gc,cpu         ] GC(14) User=0.00s Sys=0.00s Real=0.00s
[37.833s][info][gc,start       ] GC(15) Pause Young (Allocation Failure)
[37.838s][info][gc,heap        ] GC(15) PSYoungGen: 1369095K(1378816K)->7340K(1380352K) Eden: 1360384K(1360384K)->0K(1362432K) From: 8711K(18432K)->7340K(17920K)
[37.838s][info][gc,heap        ] GC(15) ParOldGen: 62867K(2796544K)->69561K(2796544K)
[37.838s][info][gc,metaspace   ] GC(15) Metaspace: 78400K(79680K)->78400K(79680K) NonClass: 68798K(69440K)->68798K(69440K) Class: 9601K(10240K)->9601K(10240K)
[37.838s][info][gc             ] GC(15) Pause Young (Allocation Failure) 1398M->75M(4079M) 5.265ms
[37.838s][info][gc,cpu         ] GC(15) User=0.00s Sys=0.00s Real=0.02s
[40.928s][info][gc,start       ] GC(16) Pause Young (Allocation Failure)
[40.931s][info][gc,heap        ] GC(16) PSYoungGen: 1369772K(1380352K)->5496K(1379840K) Eden: 1362432K(1362432K)->0K(1362432K) From: 7340K(17920K)->5496K(17408K)
[40.931s][info][gc,heap        ] GC(16) ParOldGen: 69561K(2796544K)->73868K(2796544K)
[40.931s][info][gc,metaspace   ] GC(16) Metaspace: 78530K(79872K)->78530K(79872K) NonClass: 68927K(69632K)->68927K(69632K) Class: 9603K(10240K)->9603K(10240K)
[40.931s][info][gc             ] GC(16) Pause Young (Allocation Failure) 1405M->77M(4078M) 3.422ms
[40.932s][info][gc,cpu         ] GC(16) User=0.00s Sys=0.00s Real=0.00s
[43.397s][info][gc,start       ] GC(17) Pause Young (Allocation Failure)
[43.401s][info][gc,heap        ] GC(17) PSYoungGen: 1367928K(1379840K)->6817K(1380352K) Eden: 1362432K(1362432K)->0K(1362432K) From: 5496K(17408K)->6817K(17920K)
[43.401s][info][gc,heap        ] GC(17) ParOldGen: 73868K(2796544K)->78060K(2796544K)
[43.401s][info][gc,metaspace   ] GC(17) Metaspace: 78561K(79872K)->78561K(79872K) NonClass: 68958K(69632K)->68958K(69632K) Class: 9603K(10240K)->9603K(10240K)
[43.401s][info][gc             ] GC(17) Pause Young (Allocation Failure) 1408M->82M(4079M) 3.660ms
[43.401s][info][gc,cpu         ] GC(17) User=0.00s Sys=0.00s Real=0.00s
[45.932s][info][gc,start       ] GC(18) Pause Young (Allocation Failure)
[45.936s][info][gc,heap        ] GC(18) PSYoungGen: 1369249K(1380352K)->6154K(1379840K) Eden: 1362432K(1362432K)->0K(1362432K) From: 6817K(17920K)->6154K(17408K)
[45.936s][info][gc,heap        ] GC(18) ParOldGen: 78060K(2796544K)->83376K(2796544K)
[45.936s][info][gc,metaspace   ] GC(18) Metaspace: 78676K(80000K)->78676K(80000K) NonClass: 69058K(69760K)->69058K(69760K) Class: 9618K(10240K)->9618K(10240K)
[45.936s][info][gc             ] GC(18) Pause Young (Allocation Failure) 1413M->87M(4078M) 3.904ms
[45.936s][info][gc,cpu         ] GC(18) User=0.00s Sys=0.00s Real=0.00s
[48.792s][info][gc,start       ] GC(19) Pause Young (Allocation Failure)
[48.797s][info][gc,heap        ] GC(19) PSYoungGen: 1368281K(1379840K)->5920K(1380864K) Eden: 1362126K(1362432K)->0K(1363968K) From: 6154K(17408K)->5920K(16896K)
[48.797s][info][gc,heap        ] GC(19) ParOldGen: 83376K(2796544K)->88668K(2796544K)
[48.797s][info][gc,metaspace   ] GC(19) Metaspace: 78742K(80000K)->78742K(80000K) NonClass: 69123K(69760K)->69123K(69760K) Class: 9618K(10240K)->9618K(10240K)
[48.797s][info][gc             ] GC(19) Pause Young (Allocation Failure) 1417M->92M(4079M) 4.716ms
[48.797s][info][gc,cpu         ] GC(19) User=0.00s Sys=0.00s Real=0.00s
[52.321s][info][gc,start       ] GC(20) Pause Young (Allocation Failure)
[52.326s][info][gc,heap        ] GC(20) PSYoungGen: 1369888K(1380864K)->10305K(1380864K) Eden: 1363968K(1363968K)->0K(1363968K) From: 5920K(16896K)->10305K(16896K)
[52.326s][info][gc,heap        ] GC(20) ParOldGen: 88668K(2796544K)->93014K(2796544K)
[52.326s][info][gc,metaspace   ] GC(20) Metaspace: 78868K(80192K)->78868K(80192K) NonClass: 69248K(69952K)->69248K(69952K) Class: 9620K(10240K)->9620K(10240K)
[52.326s][info][gc             ] GC(20) Pause Young (Allocation Failure) 1424M->100M(4079M) 5.599ms
[52.326s][info][gc,cpu         ] GC(20) User=0.00s Sys=0.00s Real=0.00s
[52.629s][info][gc,start       ] GC(21) Pause Young (System.gc())
[52.631s][info][gc,heap        ] GC(21) PSYoungGen: 267419K(1380864K)->704K(1379840K) Eden: 257113K(1363968K)->0K(1362944K) From: 10305K(16896K)->704K(16896K)
[52.631s][info][gc,heap        ] GC(21) ParOldGen: 93014K(2796544K)->97626K(2796544K)
[52.631s][info][gc,metaspace   ] GC(21) Metaspace: 79198K(80640K)->79198K(80640K) NonClass: 69501K(70272K)->69501K(70272K) Class: 9697K(10368K)->9697K(10368K)
[52.631s][info][gc             ] GC(21) Pause Young (System.gc()) 351M->96M(4078M) 2.478ms
[52.631s][info][gc,cpu         ] GC(21) User=0.00s Sys=0.00s Real=0.00s
[52.631s][info][gc,start       ] GC(22) Pause Full (System.gc())
[52.631s][info][gc,phases,start] GC(22) Marking Phase
[52.673s][info][gc,phases      ] GC(22) Marking Phase 41.166ms
[52.673s][info][gc,phases,start] GC(22) Summary Phase
[52.673s][info][gc,phases      ] GC(22) Summary Phase 0.010ms
[52.673s][info][gc,phases,start] GC(22) Adjust Roots
[52.688s][info][gc,phases      ] GC(22) Adjust Roots 15.341ms
[52.688s][info][gc,phases,start] GC(22) Compaction Phase
[52.706s][info][gc,phases      ] GC(22) Compaction Phase 17.927ms
[52.706s][info][gc,phases,start] GC(22) Post Compact
[52.708s][info][gc,phases      ] GC(22) Post Compact 1.905ms
[52.708s][info][gc,heap        ] GC(22) PSYoungGen: 704K(1379840K)->0K(1379840K) Eden: 0K(1362944K)->0K(1362944K) From: 704K(16896K)->0K(16896K)
[52.708s][info][gc,heap        ] GC(22) ParOldGen: 97626K(2796544K)->73999K(2796544K)
[52.708s][info][gc,metaspace   ] GC(22) Metaspace: 79198K(80640K)->78815K(80640K) NonClass: 69501K(70272K)->69217K(70272K) Class: 9697K(10368K)->9597K(10368K)
[52.708s][info][gc             ] GC(22) Pause Full (System.gc()) 96M->72M(4078M) 76.676ms
[52.708s][info][gc,cpu         ] GC(22) User=0.05s Sys=0.00s Real=0.08s
[56.148s][info][gc,start       ] GC(23) Pause Young (Allocation Failure)
[56.150s][info][gc,heap        ] GC(23) PSYoungGen: 1362944K(1379840K)->5044K(1380352K) Eden: 1362944K(1362944K)->0K(1362944K) From: 0K(16896K)->5044K(17408K)
[56.150s][info][gc,heap        ] GC(23) ParOldGen: 73999K(2796544K)->74007K(2796544K)
[56.150s][info][gc,metaspace   ] GC(23) Metaspace: 78858K(80640K)->78858K(80640K) NonClass: 69260K(70272K)->69260K(70272K) Class: 9598K(10368K)->9598K(10368K)
[56.150s][info][gc             ] GC(23) Pause Young (Allocation Failure) 1403M->77M(4079M) 2.066ms
[56.150s][info][gc,cpu         ] GC(23) User=0.00s Sys=0.00s Real=0.00s
[59.103s][info][gc,start       ] GC(24) Pause Young (Allocation Failure)
[59.109s][info][gc,heap        ] GC(24) PSYoungGen: 1366632K(1380352K)->16878K(1371648K) Eden: 1361588K(1362944K)->0K(1354752K) From: 5044K(17408K)->16878K(16896K)
[59.109s][info][gc,heap        ] GC(24) ParOldGen: 74007K(2796544K)->79981K(2796544K)
[59.109s][info][gc,metaspace   ] GC(24) Metaspace: 78910K(80640K)->78910K(80640K) NonClass: 69309K(70272K)->69309K(70272K) Class: 9601K(10368K)->9601K(10368K)
[59.109s][info][gc             ] GC(24) Pause Young (Allocation Failure) 1406M->94M(4070M) 5.224ms
[59.109s][info][gc,cpu         ] GC(24) User=0.00s Sys=0.00s Real=0.00s
[63.241s][info][gc,start       ] GC(25) Pause Young (Allocation Failure)
[63.243s][info][gc,heap        ] GC(25) PSYoungGen: 1371630K(1371648K)->8742K(1376256K) Eden: 1354752K(1354752K)->0K(1354752K) From: 16878K(16896K)->8742K(21504K)
[63.243s][info][gc,heap        ] GC(25) ParOldGen: 79981K(2796544K)->82831K(2796544K)
[63.243s][info][gc,metaspace   ] GC(25) Metaspace: 78979K(80640K)->78979K(80640K) NonClass: 69375K(70272K)->69375K(70272K) Class: 9604K(10368K)->9604K(10368K)
[63.243s][info][gc             ] GC(25) Pause Young (Allocation Failure) 1417M->89M(4075M) 2.739ms
[63.243s][info][gc,cpu         ] GC(25) User=0.00s Sys=0.00s Real=0.00s
[65.649s][info][gc,start       ] GC(26) Pause Young (Allocation Failure)
[65.653s][info][gc,heap        ] GC(26) PSYoungGen: 1363494K(1376256K)->6065K(1377792K) Eden: 1354752K(1354752K)->0K(1357312K) From: 8742K(21504K)->6065K(20480K)
[65.653s][info][gc,heap        ] GC(26) ParOldGen: 82831K(2796544K)->90233K(2796544K)
[65.653s][info][gc,metaspace   ] GC(26) Metaspace: 79046K(80640K)->79046K(80640K) NonClass: 69439K(70272K)->69439K(70272K) Class: 9606K(10368K)->9606K(10368K)
[65.653s][info][gc             ] GC(26) Pause Young (Allocation Failure) 1412M->94M(4076M) 3.466ms
[65.653s][info][gc,cpu         ] GC(26) User=0.00s Sys=0.00s Real=0.00s
[70.333s][info][gc,start       ] GC(27) Pause Young (Allocation Failure)
[70.336s][info][gc,heap        ] GC(27) PSYoungGen: 1363377K(1377792K)->4790K(1377280K) Eden: 1357312K(1357312K)->0K(1357312K) From: 6065K(20480K)->4790K(19968K)
[70.336s][info][gc,heap        ] GC(27) ParOldGen: 90233K(2796544K)->94792K(2796544K)
[70.336s][info][gc,metaspace   ] GC(27) Metaspace: 79078K(80640K)->79078K(80640K) NonClass: 69471K(70272K)->69471K(70272K) Class: 9606K(10368K)->9606K(10368K)
[70.336s][info][gc             ] GC(27) Pause Young (Allocation Failure) 1419M->97M(4076M) 3.076ms
[70.336s][info][gc,cpu         ] GC(27) User=0.00s Sys=0.00s Real=0.00s
[72.672s][info][gc,start       ] GC(28) Pause Young (Allocation Failure)
[72.675s][info][gc,heap        ] GC(28) PSYoungGen: 1361517K(1377280K)->6289K(1378816K) Eden: 1356726K(1357312K)->0K(1359360K) From: 4790K(19968K)->6289K(19456K)
[72.675s][info][gc,heap        ] GC(28) ParOldGen: 94792K(2796544K)->97870K(2796544K)
[72.675s][info][gc,metaspace   ] GC(28) Metaspace: 79100K(80704K)->79100K(80704K) NonClass: 69492K(70336K)->69492K(70336K) Class: 9608K(10368K)->9608K(10368K)
[72.675s][info][gc             ] GC(28) Pause Young (Allocation Failure) 1422M->101M(4077M) 3.303ms
[72.675s][info][gc,cpu         ] GC(28) User=0.00s Sys=0.00s Real=0.00s
[76.842s][info][gc,start       ] GC(29) Pause Young (Allocation Failure)
[76.848s][info][gc,heap        ] GC(29) PSYoungGen: 1365649K(1378816K)->8662K(1378304K) Eden: 1359360K(1359360K)->0K(1359360K) From: 6289K(19456K)->8662K(18944K)
[76.848s][info][gc,heap        ] GC(29) ParOldGen: 97870K(2796544K)->102894K(2796544K)
[76.848s][info][gc,metaspace   ] GC(29) Metaspace: 79115K(80704K)->79115K(80704K) NonClass: 69506K(70336K)->69506K(70336K) Class: 9608K(10368K)->9608K(10368K)
[76.848s][info][gc             ] GC(29) Pause Young (Allocation Failure) 1429M->108M(4077M) 6.213ms
[76.848s][info][gc,cpu         ] GC(29) User=0.00s Sys=0.00s Real=0.00s
[79.860s][info][gc,start       ] GC(30) Pause Young (Allocation Failure)
[79.864s][info][gc,heap        ] GC(30) PSYoungGen: 1368022K(1378304K)->7495K(1380352K) Eden: 1359360K(1359360K)->0K(1362432K) From: 8662K(18944K)->7495K(17920K)
[79.864s][info][gc,heap        ] GC(30) ParOldGen: 102894K(2796544K)->106987K(2796544K)
[79.864s][info][gc,metaspace   ] GC(30) Metaspace: 79137K(80704K)->79137K(80704K) NonClass: 69529K(70336K)->69529K(70336K) Class: 9608K(10368K)->9608K(10368K)
[79.864s][info][gc             ] GC(30) Pause Young (Allocation Failure) 1436M->111M(4079M) 3.655ms
[79.864s][info][gc,cpu         ] GC(30) User=0.00s Sys=0.00s Real=0.00s
[82.448s][info][gc,start       ] GC(31) Pause Young (Allocation Failure)
[82.452s][info][gc,heap        ] GC(31) PSYoungGen: 1369927K(1380352K)->6793K(1379840K) Eden: 1362432K(1362432K)->0K(1362432K) From: 7495K(17920K)->6793K(17408K)
[82.452s][info][gc,heap        ] GC(31) ParOldGen: 106987K(2796544K)->112102K(2796544K)
[82.452s][info][gc,metaspace   ] GC(31) Metaspace: 79154K(80704K)->79154K(80704K) NonClass: 69544K(70336K)->69544K(70336K) Class: 9609K(10368K)->9609K(10368K)
[82.452s][info][gc             ] GC(31) Pause Young (Allocation Failure) 1442M->116M(4078M) 3.731ms
[82.452s][info][gc,cpu         ] GC(31) User=0.00s Sys=0.00s Real=0.00s
[84.779s][info][gc,start       ] GC(32) Pause Young (Allocation Failure)
[84.783s][info][gc,heap        ] GC(32) PSYoungGen: 1368223K(1379840K)->6231K(1381888K) Eden: 1361430K(1362432K)->0K(1365504K) From: 6793K(17408K)->6231K(16384K)
[84.783s][info][gc,heap        ] GC(32) ParOldGen: 112102K(2796544K)->116414K(2796544K)
[84.783s][info][gc,metaspace   ] GC(32) Metaspace: 79164K(80704K)->79164K(80704K) NonClass: 69554K(70336K)->69554K(70336K) Class: 9610K(10368K)->9610K(10368K)
[84.783s][info][gc             ] GC(32) Pause Young (Allocation Failure) 1445M->119M(4080M) 3.590ms
[84.783s][info][gc,cpu         ] GC(32) User=0.02s Sys=0.00s Real=0.02s
[87.442s][info][gc,start       ] GC(33) Pause Young (Allocation Failure)
[87.445s][info][gc,heap        ] GC(33) PSYoungGen: 1370787K(1381888K)->7368K(1381376K) Eden: 1364556K(1365504K)->0K(1365504K) From: 6231K(16384K)->7368K(15872K)
[87.446s][info][gc,heap        ] GC(33) ParOldGen: 116414K(2796544K)->121545K(2796544K)
[87.446s][info][gc,metaspace   ] GC(33) Metaspace: 79166K(80704K)->79166K(80704K) NonClass: 69555K(70336K)->69555K(70336K) Class: 9610K(10368K)->9610K(10368K)
[87.446s][info][gc             ] GC(33) Pause Young (Allocation Failure) 1452M->125M(4080M) 3.754ms
[87.446s][info][gc,cpu         ] GC(33) User=0.00s Sys=0.00s Real=0.01s
[90.897s][info][gc,start       ] GC(34) Pause Young (Allocation Failure)
[90.900s][info][gc,heap        ] GC(34) PSYoungGen: 1372872K(1381376K)->5652K(1382912K) Eden: 1365504K(1365504K)->0K(1367552K) From: 7368K(15872K)->5652K(15360K)
[90.900s][info][gc,heap        ] GC(34) ParOldGen: 121545K(2796544K)->126412K(2796544K)
[90.900s][info][gc,metaspace   ] GC(34) Metaspace: 79184K(80704K)->79184K(80704K) NonClass: 69572K(70336K)->69572K(70336K) Class: 9612K(10368K)->9612K(10368K)
[90.900s][info][gc             ] GC(34) Pause Young (Allocation Failure) 1459M->128M(4081M) 3.368ms
[90.900s][info][gc,cpu         ] GC(34) User=0.00s Sys=0.00s Real=0.00s
[90.975s][info][gc,start       ] GC(35) Pause Young (System.gc())
[90.977s][info][gc,heap        ] GC(35) PSYoungGen: 117983K(1382912K)->384K(1382400K) Eden: 112331K(1367552K)->0K(1367552K) From: 5652K(15360K)->384K(14848K)
[90.977s][info][gc,heap        ] GC(35) ParOldGen: 126412K(2796544K)->128444K(2796544K)
[90.977s][info][gc,metaspace   ] GC(35) Metaspace: 79187K(80704K)->79187K(80704K) NonClass: 69575K(70336K)->69575K(70336K) Class: 9612K(10368K)->9612K(10368K)
[90.977s][info][gc             ] GC(35) Pause Young (System.gc()) 238M->125M(4081M) 1.318ms
[90.977s][info][gc,cpu         ] GC(35) User=0.00s Sys=0.00s Real=0.00s
[90.977s][info][gc,start       ] GC(36) Pause Full (System.gc())
[90.977s][info][gc,phases,start] GC(36) Marking Phase
[91.017s][info][gc,phases      ] GC(36) Marking Phase 40.669ms
[91.017s][info][gc,phases,start] GC(36) Summary Phase
[91.017s][info][gc,phases      ] GC(36) Summary Phase 0.011ms
[91.017s][info][gc,phases,start] GC(36) Adjust Roots
[91.029s][info][gc,phases      ] GC(36) Adjust Roots 11.682ms
[91.029s][info][gc,phases,start] GC(36) Compaction Phase
[91.043s][info][gc,phases      ] GC(36) Compaction Phase 14.016ms
[91.043s][info][gc,phases,start] GC(36) Post Compact
[91.045s][info][gc,phases      ] GC(36) Post Compact 1.450ms
[91.045s][info][gc,heap        ] GC(36) PSYoungGen: 384K(1382400K)->0K(1382400K) Eden: 0K(1367552K)->0K(1367552K) From: 384K(14848K)->0K(14848K)
[91.045s][info][gc,heap        ] GC(36) ParOldGen: 128444K(2796544K)->79183K(2796544K)
[91.045s][info][gc,metaspace   ] GC(36) Metaspace: 79187K(80704K)->79187K(80704K) NonClass: 69575K(70336K)->69575K(70336K) Class: 9612K(10368K)->9612K(10368K)
[91.045s][info][gc             ] GC(36) Pause Full (System.gc()) 125M->77M(4081M) 68.122ms
[91.045s][info][gc,cpu         ] GC(36) User=0.05s Sys=0.00s Real=0.06s
[94.313s][info][gc,start       ] GC(37) Pause Young (Allocation Failure)
[94.316s][info][gc,heap        ] GC(37) PSYoungGen: 1367552K(1382400K)->5020K(1382912K) Eden: 1367552K(1367552K)->0K(1367552K) From: 0K(14848K)->5020K(15360K)
[94.316s][info][gc,heap        ] GC(37) ParOldGen: 79183K(2796544K)->79191K(2796544K)
[94.316s][info][gc,metaspace   ] GC(37) Metaspace: 79241K(80704K)->79241K(80704K) NonClass: 69629K(70336K)->69629K(70336K) Class: 9612K(10368K)->9612K(10368K)
[94.316s][info][gc             ] GC(37) Pause Young (Allocation Failure) 1412M->82M(4081M) 2.353ms
[94.316s][info][gc,cpu         ] GC(37) User=0.00s Sys=0.00s Real=0.00s
[97.079s][info][gc,start       ] GC(38) Pause Young (Allocation Failure)
[97.084s][info][gc,heap        ] GC(38) PSYoungGen: 1372217K(1382912K)->14818K(1382400K) Eden: 1367196K(1367552K)->0K(1367552K) From: 5020K(15360K)->14818K(14848K)
[97.084s][info][gc,heap        ] GC(38) ParOldGen: 79191K(2796544K)->91556K(2796544K)
[97.084s][info][gc,metaspace   ] GC(38) Metaspace: 79257K(80704K)->79257K(80704K) NonClass: 69644K(70336K)->69644K(70336K) Class: 9613K(10368K)->9613K(10368K)
[97.084s][info][gc             ] GC(38) Pause Young (Allocation Failure) 1417M->103M(4081M) 4.609ms
[97.084s][info][gc,cpu         ] GC(38) User=0.00s Sys=0.00s Real=0.00s
[101.247s][info][gc,start       ] GC(39) Pause Young (Allocation Failure)
[101.249s][info][gc,heap        ] GC(39) PSYoungGen: 1382370K(1382400K)->4553K(1371136K) Eden: 1367552K(1367552K)->0K(1355776K) From: 14818K(14848K)->4553K(15360K)
[101.249s][info][gc,heap        ] GC(39) ParOldGen: 91556K(2796544K)->94216K(2796544K)
[101.249s][info][gc,metaspace   ] GC(39) Metaspace: 79286K(80704K)->79286K(80704K) NonClass: 69671K(70336K)->69671K(70336K) Class: 9614K(10368K)->9614K(10368K)
[101.249s][info][gc             ] GC(39) Pause Young (Allocation Failure) 1439M->96M(4070M) 2.233ms
[101.249s][info][gc,cpu         ] GC(39) User=0.00s Sys=0.00s Real=0.00s
[103.538s][info][gc,start       ] GC(40) Pause Young (Allocation Failure)
[103.541s][info][gc,heap        ] GC(40) PSYoungGen: 1360329K(1371136K)->6061K(1376768K) Eden: 1355776K(1355776K)->0K(1355776K) From: 4553K(15360K)->6061K(20992K)
[103.541s][info][gc,heap        ] GC(40) ParOldGen: 94216K(2796544K)->97339K(2796544K)
[103.541s][info][gc,metaspace   ] GC(40) Metaspace: 79326K(80768K)->79326K(80768K) NonClass: 69709K(70400K)->69709K(70400K) Class: 9617K(10368K)->9617K(10368K)
[103.541s][info][gc             ] GC(40) Pause Young (Allocation Failure) 1420M->100M(4075M) 3.026ms
[103.541s][info][gc,cpu         ] GC(40) User=0.00s Sys=0.00s Real=0.00s
[108.399s][info][gc,start       ] GC(41) Pause Young (Allocation Failure)
[108.401s][info][gc,heap        ] GC(41) PSYoungGen: 1360703K(1376768K)->4226K(1377792K) Eden: 1354642K(1355776K)->0K(1357312K) From: 6061K(20992K)->4226K(20480K)
[108.401s][info][gc,heap        ] GC(41) ParOldGen: 97339K(2796544K)->101604K(2796544K)
[108.401s][info][gc,metaspace   ] GC(41) Metaspace: 79335K(80768K)->79335K(80768K) NonClass: 69713K(70400K)->69713K(70400K) Class: 9621K(10368K)->9621K(10368K)
[108.401s][info][gc             ] GC(41) Pause Young (Allocation Failure) 1423M->103M(4076M) 2.665ms
[108.401s][info][gc,cpu         ] GC(41) User=0.00s Sys=0.00s Real=0.00s
[110.876s][info][gc,start       ] GC(42) Pause Young (Allocation Failure)
[110.879s][info][gc,heap        ] GC(42) PSYoungGen: 1361538K(1377792K)->5940K(1377280K) Eden: 1357312K(1357312K)->0K(1357312K) From: 4226K(20480K)->5940K(19968K)
[110.879s][info][gc,heap        ] GC(42) ParOldGen: 101604K(2796544K)->104596K(2796544K)
[110.879s][info][gc,metaspace   ] GC(42) Metaspace: 79376K(80768K)->79376K(80768K) NonClass: 69748K(70400K)->69748K(70400K) Class: 9628K(10368K)->9628K(10368K)
[110.879s][info][gc             ] GC(42) Pause Young (Allocation Failure) 1428M->107M(4076M) 2.955ms
[110.879s][info][gc,cpu         ] GC(42) User=0.00s Sys=0.00s Real=0.00s
[114.798s][info][gc,start       ] GC(43) Pause Young (Allocation Failure)
[114.802s][info][gc,heap        ] GC(43) PSYoungGen: 1363252K(1377280K)->4553K(1379328K) Eden: 1357312K(1357312K)->0K(1360384K) From: 5940K(19968K)->4553K(18944K)
[114.802s][info][gc,heap        ] GC(43) ParOldGen: 104596K(2796544K)->109155K(2796544K)
[114.802s][info][gc,metaspace   ] GC(43) Metaspace: 79386K(80768K)->79386K(80768K) NonClass: 69757K(70400K)->69757K(70400K) Class: 9629K(10368K)->9629K(10368K)
[114.802s][info][gc             ] GC(43) Pause Young (Allocation Failure) 1433M->111M(4078M) 3.374ms
[114.802s][info][gc,cpu         ] GC(43) User=0.02s Sys=0.00s Real=0.02s
[117.746s][info][gc,start       ] GC(44) Pause Young (Allocation Failure)
[117.749s][info][gc,heap        ] GC(44) PSYoungGen: 1364937K(1379328K)->6379K(1378816K) Eden: 1360384K(1360384K)->0K(1360384K) From: 4553K(18944K)->6379K(18432K)
[117.749s][info][gc,heap        ] GC(44) ParOldGen: 109155K(2796544K)->111464K(2796544K)
[117.749s][info][gc,metaspace   ] GC(44) Metaspace: 79391K(80768K)->79391K(80768K) NonClass: 69761K(70400K)->69761K(70400K) Class: 9629K(10368K)->9629K(10368K)
[117.749s][info][gc             ] GC(44) Pause Young (Allocation Failure) 1439M->115M(4077M) 2.829ms
[117.749s][info][gc,cpu         ] GC(44) User=0.00s Sys=0.00s Real=0.00s
[120.644s][info][gc,start       ] GC(45) Pause Young (Allocation Failure)
[120.647s][info][gc,heap        ] GC(45) PSYoungGen: 1366763K(1378816K)->5866K(1381376K) Eden: 1360384K(1360384K)->0K(1363968K) From: 6379K(18432K)->5866K(17408K)
[120.647s][info][gc,heap        ] GC(45) ParOldGen: 111464K(2796544K)->116809K(2796544K)
[120.647s][info][gc,metaspace   ] GC(45) Metaspace: 79397K(80768K)->79397K(80768K) NonClass: 69768K(70400K)->69768K(70400K) Class: 9629K(10368K)->9629K(10368K)
[120.647s][info][gc             ] GC(45) Pause Young (Allocation Failure) 1443M->119M(4080M) 3.538ms
[120.647s][info][gc,cpu         ] GC(45) User=0.00s Sys=0.00s Real=0.00s
[122.957s][info][gc,start       ] GC(46) Pause Young (Allocation Failure)
[122.960s][info][gc,heap        ] GC(46) PSYoungGen: 1369834K(1381376K)->6253K(1380352K) Eden: 1363968K(1363968K)->0K(1363968K) From: 5866K(17408K)->6253K(16384K)
[122.960s][info][gc,heap        ] GC(46) ParOldGen: 116809K(2796544K)->120703K(2796544K)
[122.960s][info][gc,metaspace   ] GC(46) Metaspace: 79416K(80768K)->79416K(80768K) NonClass: 69786K(70400K)->69786K(70400K) Class: 9629K(10368K)->9629K(10368K)
[122.960s][info][gc             ] GC(46) Pause Young (Allocation Failure) 1451M->123M(4079M) 3.371ms
[122.960s][info][gc,cpu         ] GC(46) User=0.00s Sys=0.00s Real=0.00s
[125.710s][info][gc,start       ] GC(47) Pause Young (Allocation Failure)
[125.713s][info][gc,heap        ] GC(47) PSYoungGen: 1370221K(1380352K)->5936K(1382400K) Eden: 1363968K(1363968K)->0K(1366528K) From: 6253K(16384K)->5936K(15872K)
[125.713s][info][gc,heap        ] GC(47) ParOldGen: 120703K(2796544K)->125717K(2796544K)
[125.713s][info][gc,metaspace   ] GC(47) Metaspace: 79421K(80768K)->79421K(80768K) NonClass: 69791K(70400K)->69791K(70400K) Class: 9629K(10368K)->9629K(10368K)
[125.713s][info][gc             ] GC(47) Pause Young (Allocation Failure) 1455M->128M(4081M) 3.214ms
[125.713s][info][gc,cpu         ] GC(47) User=0.00s Sys=0.00s Real=0.00s
[128.942s][info][gc,start       ] GC(48) Pause Young (Allocation Failure)
[128.946s][info][gc,heap        ] GC(48) PSYoungGen: 1370115K(1382400K)->3924K(1381888K) Eden: 1364179K(1366528K)->0K(1366528K) From: 5936K(15872K)->3924K(15360K)
[128.946s][info][gc,heap        ] GC(48) ParOldGen: 125717K(2796544K)->130590K(2796544K)
[128.946s][info][gc,metaspace   ] GC(48) Metaspace: 79426K(80768K)->79426K(80768K) NonClass: 69797K(70400K)->69797K(70400K) Class: 9629K(10368K)->9629K(10368K)
[128.946s][info][gc             ] GC(48) Pause Young (Allocation Failure) 1460M->131M(4080M) 4.050ms
[128.946s][info][gc,cpu         ] GC(48) User=0.00s Sys=0.00s Real=0.00s
[128.992s][info][gc,start       ] GC(49) Pause Young (System.gc())
[128.995s][info][gc,heap        ] GC(49) PSYoungGen: 86237K(1381888K)->239K(1382912K) Eden: 82312K(1366528K)->0K(1368064K) From: 3924K(15360K)->239K(14848K)
[128.995s][info][gc,heap        ] GC(49) ParOldGen: 130590K(2796544K)->133555K(2796544K)
[128.995s][info][gc,metaspace   ] GC(49) Metaspace: 79426K(80768K)->79426K(80768K) NonClass: 69797K(70400K)->69797K(70400K) Class: 9629K(10368K)->9629K(10368K)
[128.995s][info][gc             ] GC(49) Pause Young (System.gc()) 211M->130M(4081M) 2.370ms
[128.995s][info][gc,cpu         ] GC(49) User=0.00s Sys=0.00s Real=0.00s
[128.995s][info][gc,start       ] GC(50) Pause Full (System.gc())
[128.995s][info][gc,phases,start] GC(50) Marking Phase
[129.026s][info][gc,phases      ] GC(50) Marking Phase 30.638ms
[129.026s][info][gc,phases,start] GC(50) Summary Phase
[129.026s][info][gc,phases      ] GC(50) Summary Phase 0.010ms
[129.026s][info][gc,phases,start] GC(50) Adjust Roots
[129.037s][info][gc,phases      ] GC(50) Adjust Roots 11.687ms
[129.037s][info][gc,phases,start] GC(50) Compaction Phase
[129.051s][info][gc,phases      ] GC(50) Compaction Phase 13.096ms
[129.051s][info][gc,phases,start] GC(50) Post Compact
[129.052s][info][gc,phases      ] GC(50) Post Compact 1.280ms
[129.052s][info][gc,heap        ] GC(50) PSYoungGen: 239K(1382912K)->0K(1382912K) Eden: 0K(1368064K)->0K(1368064K) From: 239K(14848K)->0K(14848K)
[129.052s][info][gc,heap        ] GC(50) ParOldGen: 133555K(2796544K)->79234K(2796544K)
[129.052s][info][gc,metaspace   ] GC(50) Metaspace: 79426K(80768K)->79426K(80768K) NonClass: 69797K(70400K)->69797K(70400K) Class: 9629K(10368K)->9629K(10368K)
[129.052s][info][gc             ] GC(50) Pause Full (System.gc()) 130M->77M(4081M) 57.033ms
[129.052s][info][gc,cpu         ] GC(50) User=0.03s Sys=0.00s Real=0.05s
[132.297s][info][gc,start       ] GC(51) Pause Young (Allocation Failure)
[132.299s][info][gc,heap        ] GC(51) PSYoungGen: 1368064K(1382912K)->5105K(1382912K) Eden: 1368064K(1368064K)->0K(1368064K) From: 0K(14848K)->5105K(14848K)
[132.299s][info][gc,heap        ] GC(51) ParOldGen: 79234K(2796544K)->79242K(2796544K)
[132.299s][info][gc,metaspace   ] GC(51) Metaspace: 79449K(80832K)->79449K(80832K) NonClass: 69818K(70464K)->69818K(70464K) Class: 9630K(10368K)->9630K(10368K)
[132.299s][info][gc             ] GC(51) Pause Young (Allocation Failure) 1413M->82M(4081M) 2.224ms
[132.299s][info][gc,cpu         ] GC(51) User=0.00s Sys=0.00s Real=0.00s
[135.094s][info][gc,start       ] GC(52) Pause Young (Allocation Failure)
[135.098s][info][gc,heap        ] GC(52) PSYoungGen: 1371701K(1382912K)->14310K(1369088K) Eden: 1366595K(1368064K)->0K(1354752K) From: 5105K(14848K)->14310K(14336K)
[135.098s][info][gc,heap        ] GC(52) ParOldGen: 79242K(2796544K)->92000K(2796544K)
[135.098s][info][gc,metaspace   ] GC(52) Metaspace: 79464K(80832K)->79464K(80832K) NonClass: 69834K(70464K)->69834K(70464K) Class: 9630K(10368K)->9630K(10368K)
[135.098s][info][gc             ] GC(52) Pause Young (Allocation Failure) 1416M->103M(4068M) 4.787ms
[135.098s][info][gc,cpu         ] GC(52) User=0.00s Sys=0.00s Real=0.00s
[139.173s][info][gc,start       ] GC(53) Pause Young (Allocation Failure)
[139.175s][info][gc,heap        ] GC(53) PSYoungGen: 1369062K(1369088K)->4859K(1376256K) Eden: 1354752K(1354752K)->0K(1354752K) From: 14310K(14336K)->4859K(21504K)
[139.175s][info][gc,heap        ] GC(53) ParOldGen: 92000K(2796544K)->94789K(2796544K)
[139.175s][info][gc,metaspace   ] GC(53) Metaspace: 79471K(80832K)->79471K(80832K) NonClass: 69841K(70464K)->69841K(70464K) Class: 9630K(10368K)->9630K(10368K)
[139.175s][info][gc             ] GC(53) Pause Young (Allocation Failure) 1426M->97M(4075M) 2.398ms
[139.175s][info][gc,cpu         ] GC(53) User=0.00s Sys=0.00s Real=0.00s
[141.515s][info][gc,start       ] GC(54) Pause Young (Allocation Failure)
[141.518s][info][gc,heap        ] GC(54) PSYoungGen: 1359611K(1376256K)->5898K(1378304K) Eden: 1354752K(1354752K)->0K(1357824K) From: 4859K(21504K)->5898K(20480K)
[141.519s][info][gc,heap        ] GC(54) ParOldGen: 94789K(2796544K)->97912K(2796544K)
[141.519s][info][gc,metaspace   ] GC(54) Metaspace: 79482K(80832K)->79482K(80832K) NonClass: 69850K(70464K)->69850K(70464K) Class: 9631K(10368K)->9631K(10368K)
[141.519s][info][gc             ] GC(54) Pause Young (Allocation Failure) 1420M->101M(4077M) 3.173ms
[141.519s][info][gc,cpu         ] GC(54) User=0.00s Sys=0.00s Real=0.00s
[146.283s][info][gc,start       ] GC(55) Pause Young (Allocation Failure)
[146.286s][info][gc,heap        ] GC(55) PSYoungGen: 1362701K(1378304K)->4746K(1377280K) Eden: 1356802K(1357824K)->0K(1357824K) From: 5898K(20480K)->4746K(19456K)
[146.286s][info][gc,heap        ] GC(55) ParOldGen: 97912K(2796544K)->102168K(2796544K)
[146.286s][info][gc,metaspace   ] GC(55) Metaspace: 79482K(80832K)->79482K(80832K) NonClass: 69851K(70464K)->69851K(70464K) Class: 9631K(10368K)->9631K(10368K)
[146.286s][info][gc             ] GC(55) Pause Young (Allocation Failure) 1426M->104M(4076M) 2.806ms
[146.286s][info][gc,cpu         ] GC(55) User=0.00s Sys=0.00s Real=0.00s
[148.544s][info][gc,start       ] GC(56) Pause Young (Allocation Failure)
[148.547s][info][gc,heap        ] GC(56) PSYoungGen: 1362570K(1377280K)->6437K(1379840K) Eden: 1357824K(1357824K)->0K(1360896K) From: 4746K(19456K)->6437K(18944K)
[148.547s][info][gc,heap        ] GC(56) ParOldGen: 102168K(2796544K)->105254K(2796544K)
[148.547s][info][gc,metaspace   ] GC(56) Metaspace: 79508K(80832K)->79508K(80832K) NonClass: 69876K(70464K)->69876K(70464K) Class: 9632K(10368K)->9632K(10368K)
[148.547s][info][gc             ] GC(56) Pause Young (Allocation Failure) 1430M->109M(4078M) 2.897ms
[148.547s][info][gc,cpu         ] GC(56) User=0.00s Sys=0.00s Real=0.00s
[152.650s][info][gc,start       ] GC(57) Pause Young (Allocation Failure)
[152.653s][info][gc,heap        ] GC(57) PSYoungGen: 1364226K(1379840K)->4534K(1378816K) Eden: 1357788K(1360896K)->0K(1360896K) From: 6437K(18944K)->4534K(17920K)
[152.653s][info][gc,heap        ] GC(57) ParOldGen: 105254K(2796544K)->109882K(2796544K)
[152.653s][info][gc,metaspace   ] GC(57) Metaspace: 79514K(80832K)->79514K(80832K) NonClass: 69882K(70464K)->69882K(70464K) Class: 9632K(10368K)->9632K(10368K)
[152.653s][info][gc             ] GC(57) Pause Young (Allocation Failure) 1435M->111M(4077M) 3.020ms
[152.653s][info][gc,cpu         ] GC(57) User=0.02s Sys=0.00s Real=0.02s
[155.585s][info][gc,start       ] GC(58) Pause Young (Allocation Failure)
[155.588s][info][gc,heap        ] GC(58) PSYoungGen: 1364987K(1378816K)->6343K(1381376K) Eden: 1360452K(1360896K)->0K(1363968K) From: 4534K(17920K)->6343K(17408K)
[155.588s][info][gc,heap        ] GC(58) ParOldGen: 109882K(2796544K)->112156K(2796544K)
[155.588s][info][gc,metaspace   ] GC(58) Metaspace: 79520K(80896K)->79520K(80896K) NonClass: 69888K(70528K)->69888K(70528K) Class: 9632K(10368K)->9632K(10368K)
[155.588s][info][gc             ] GC(58) Pause Young (Allocation Failure) 1440M->115M(4080M) 2.918ms
[155.588s][info][gc,cpu         ] GC(58) User=0.00s Sys=0.00s Real=0.00s
[158.405s][info][gc,start       ] GC(59) Pause Young (Allocation Failure)
[158.408s][info][gc,heap        ] GC(59) PSYoungGen: 1370311K(1381376K)->4853K(1380352K) Eden: 1363968K(1363968K)->0K(1363968K) From: 6343K(17408K)->4853K(16384K)
[158.408s][info][gc,heap        ] GC(59) ParOldGen: 112156K(2796544K)->117388K(2796544K)
[158.408s][info][gc,metaspace   ] GC(59) Metaspace: 79536K(80896K)->79536K(80896K) NonClass: 69902K(70528K)->69902K(70528K) Class: 9634K(10368K)->9634K(10368K)
[158.408s][info][gc             ] GC(59) Pause Young (Allocation Failure) 1447M->119M(4079M) 2.816ms
[158.408s][info][gc,cpu         ] GC(59) User=0.00s Sys=0.00s Real=0.00s
[160.527s][info][gc,start       ] GC(60) Pause Young (Allocation Failure)
[160.530s][info][gc,heap        ] GC(60) PSYoungGen: 1368821K(1380352K)->6611K(1382912K) Eden: 1363968K(1363968K)->0K(1367040K) From: 4853K(16384K)->6611K(15872K)
[160.530s][info][gc,heap        ] GC(60) ParOldGen: 117388K(2796544K)->121229K(2796544K)
[160.530s][info][gc,metaspace   ] GC(60) Metaspace: 79541K(80896K)->79541K(80896K) NonClass: 69907K(70528K)->69907K(70528K) Class: 9634K(10368K)->9634K(10368K)
[160.530s][info][gc             ] GC(60) Pause Young (Allocation Failure) 1451M->124M(4081M) 3.052ms
[160.530s][info][gc,cpu         ] GC(60) User=0.00s Sys=0.00s Real=0.00s
[163.224s][info][gc,start       ] GC(61) Pause Young (Allocation Failure)
[163.227s][info][gc,heap        ] GC(61) PSYoungGen: 1373651K(1382912K)->5917K(1381888K) Eden: 1367040K(1367040K)->0K(1367040K) From: 6611K(15872K)->5917K(14848K)
[163.227s][info][gc,heap        ] GC(61) ParOldGen: 121229K(2796544K)->126337K(2796544K)
[163.227s][info][gc,metaspace   ] GC(61) Metaspace: 79548K(80896K)->79548K(80896K) NonClass: 69914K(70528K)->69914K(70528K) Class: 9634K(10368K)->9634K(10368K)
[163.227s][info][gc             ] GC(61) Pause Young (Allocation Failure) 1459M->129M(4080M) 3.199ms
[163.227s][info][gc,cpu         ] GC(61) User=0.00s Sys=0.00s Real=0.00s
[166.418s][info][gc,start       ] GC(62) Pause Young (Allocation Failure)
[166.421s][info][gc,heap        ] GC(62) PSYoungGen: 1372957K(1381888K)->4569K(1383936K) Eden: 1367040K(1367040K)->0K(1369600K) From: 5917K(14848K)->4569K(14336K)
[166.421s][info][gc,heap        ] GC(62) ParOldGen: 126337K(2796544K)->131219K(2796544K)
[166.421s][info][gc,metaspace   ] GC(62) Metaspace: 79558K(80896K)->79558K(80896K) NonClass: 69923K(70528K)->69923K(70528K) Class: 9634K(10368K)->9634K(10368K)
[166.421s][info][gc             ] GC(62) Pause Young (Allocation Failure) 1464M->132M(4082M) 3.644ms
[166.421s][info][gc,cpu         ] GC(62) User=0.00s Sys=0.00s Real=0.00s
[166.458s][info][gc,start       ] GC(63) Pause Young (System.gc())
[166.459s][info][gc,heap        ] GC(63) PSYoungGen: 82346K(1383936K)->239K(1383424K) Eden: 77777K(1369600K)->0K(1369600K) From: 4569K(14336K)->239K(13824K)
[166.459s][info][gc,heap        ] GC(63) ParOldGen: 131219K(2796544K)->133309K(2796544K)
[166.459s][info][gc,metaspace   ] GC(63) Metaspace: 79560K(80896K)->79560K(80896K) NonClass: 69925K(70528K)->69925K(70528K) Class: 9635K(10368K)->9635K(10368K)
[166.459s][info][gc             ] GC(63) Pause Young (System.gc()) 208M->130M(4082M) 1.706ms
[166.459s][info][gc,cpu         ] GC(63) User=0.00s Sys=0.00s Real=0.00s
[166.459s][info][gc,start       ] GC(64) Pause Full (System.gc())
[166.459s][info][gc,phases,start] GC(64) Marking Phase
[166.493s][info][gc,phases      ] GC(64) Marking Phase 33.120ms
[166.493s][info][gc,phases,start] GC(64) Summary Phase
[166.493s][info][gc,phases      ] GC(64) Summary Phase 0.010ms
[166.493s][info][gc,phases,start] GC(64) Adjust Roots
[166.501s][info][gc,phases      ] GC(64) Adjust Roots 8.647ms
[166.501s][info][gc,phases,start] GC(64) Compaction Phase
[166.515s][info][gc,phases      ] GC(64) Compaction Phase 13.265ms
[166.515s][info][gc,phases,start] GC(64) Post Compact
[166.516s][info][gc,phases      ] GC(64) Post Compact 1.494ms
[166.516s][info][gc,heap        ] GC(64) PSYoungGen: 239K(1383424K)->0K(1383424K) Eden: 0K(1369600K)->0K(1369600K) From: 239K(13824K)->0K(13824K)
[166.516s][info][gc,heap        ] GC(64) ParOldGen: 133309K(2796544K)->78849K(2796544K)
[166.516s][info][gc,metaspace   ] GC(64) Metaspace: 79560K(80896K)->79560K(80896K) NonClass: 69925K(70528K)->69925K(70528K) Class: 9635K(10368K)->9635K(10368K)
[166.516s][info][gc             ] GC(64) Pause Full (System.gc()) 130M->77M(4082M) 56.838ms
[166.516s][info][gc,cpu         ] GC(64) User=0.03s Sys=0.00s Real=0.07s
[169.709s][info][gc,start       ] GC(65) Pause Young (Allocation Failure)
[169.711s][info][gc,heap        ] GC(65) PSYoungGen: 1369600K(1383424K)->5113K(1384448K) Eden: 1369600K(1369600K)->0K(1370112K) From: 0K(13824K)->5113K(14336K)
[169.711s][info][gc,heap        ] GC(65) ParOldGen: 78849K(2796544K)->78857K(2796544K)
[169.711s][info][gc,metaspace   ] GC(65) Metaspace: 79581K(80896K)->79581K(80896K) NonClass: 69946K(70528K)->69946K(70528K) Class: 9635K(10368K)->9635K(10368K)
[169.711s][info][gc             ] GC(65) Pause Young (Allocation Failure) 1414M->82M(4083M) 2.344ms
[169.711s][info][gc,cpu         ] GC(65) User=0.00s Sys=0.00s Real=0.00s
[172.545s][info][gc,start       ] GC(66) Pause Young (Allocation Failure)
[172.550s][info][gc,heap        ] GC(66) PSYoungGen: 1373373K(1384448K)->11028K(1381376K) Eden: 1368260K(1370112K)->0K(1370112K) From: 5113K(14336K)->11028K(11264K)
[172.550s][info][gc,heap        ] GC(66) ParOldGen: 78857K(2796544K)->86949K(2796544K)
[172.550s][info][gc,metaspace   ] GC(66) Metaspace: 79588K(80896K)->79588K(80896K) NonClass: 69953K(70528K)->69953K(70528K) Class: 9635K(10368K)->9635K(10368K)
[172.550s][info][gc             ] GC(66) Pause Young (Allocation Failure) 1418M->95M(4080M) 4.442ms
[172.550s][info][gc,cpu         ] GC(66) User=0.00s Sys=0.00s Real=0.00s
[176.722s][info][gc,start       ] GC(67) Pause Young (Allocation Failure)
[176.725s][info][gc,heap        ] GC(67) PSYoungGen: 1381140K(1381376K)->4682K(1383936K) Eden: 1370112K(1370112K)->0K(1369088K) From: 11028K(11264K)->4682K(14848K)
[176.725s][info][gc,heap        ] GC(67) ParOldGen: 86949K(2796544K)->89600K(2796544K)
[176.725s][info][gc,metaspace   ] GC(67) Metaspace: 79590K(80896K)->79590K(80896K) NonClass: 69955K(70528K)->69955K(70528K) Class: 9635K(10368K)->9635K(10368K)
[176.725s][info][gc             ] GC(67) Pause Young (Allocation Failure) 1433M->92M(4082M) 2.339ms
[176.725s][info][gc,cpu         ] GC(67) User=0.00s Sys=0.00s Real=0.00s
[179.009s][info][gc,start       ] GC(68) Pause Young (Allocation Failure)
[179.012s][info][gc,heap        ] GC(68) PSYoungGen: 1373770K(1383936K)->5972K(1382912K) Eden: 1369088K(1369088K)->0K(1369088K) From: 4682K(14848K)->5972K(13824K)
[179.012s][info][gc,heap        ] GC(68) ParOldGen: 89600K(2796544K)->92765K(2796544K)
[179.012s][info][gc,metaspace   ] GC(68) Metaspace: 79592K(80960K)->79592K(80960K) NonClass: 69957K(70592K)->69957K(70592K) Class: 9635K(10368K)->9635K(10368K)
[179.012s][info][gc             ] GC(68) Pause Young (Allocation Failure) 1429M->96M(4081M) 2.998ms
[179.012s][info][gc,cpu         ] GC(68) User=0.00s Sys=0.00s Real=0.00s
[183.753s][info][gc,start       ] GC(69) Pause Young (Allocation Failure)
[183.756s][info][gc,heap        ] GC(69) PSYoungGen: 1375060K(1382912K)->6199K(1384960K) Eden: 1369088K(1369088K)->0K(1371648K) From: 5972K(13824K)->6199K(13312K)
[183.756s][info][gc,heap        ] GC(69) ParOldGen: 92765K(2796544K)->96973K(2796544K)
[183.756s][info][gc,metaspace   ] GC(69) Metaspace: 79594K(80960K)->79594K(80960K) NonClass: 69959K(70592K)->69959K(70592K) Class: 9635K(10368K)->9635K(10368K)
[183.756s][info][gc             ] GC(69) Pause Young (Allocation Failure) 1433M->100M(4083M) 3.547ms
[183.756s][info][gc,cpu         ] GC(69) User=0.02s Sys=0.00s Real=0.00s
[186.266s][info][gc,start       ] GC(70) Pause Young (Allocation Failure)
[186.269s][info][gc,heap        ] GC(70) PSYoungGen: 1376447K(1384960K)->5102K(1384448K) Eden: 1370248K(1371648K)->0K(1371648K) From: 6199K(13312K)->5102K(12800K)
[186.269s][info][gc,heap        ] GC(70) ParOldGen: 96973K(2796544K)->101022K(2796544K)
[186.269s][info][gc,metaspace   ] GC(70) Metaspace: 79597K(80960K)->79597K(80960K) NonClass: 69961K(70592K)->69961K(70592K) Class: 9635K(10368K)->9635K(10368K)
[186.269s][info][gc             ] GC(70) Pause Young (Allocation Failure) 1438M->103M(4083M) 2.783ms
[186.269s][info][gc,cpu         ] GC(70) User=0.00s Sys=0.00s Real=0.00s
[190.083s][info][gc,start       ] GC(71) Pause Young (Allocation Failure)
[190.086s][info][gc,heap        ] GC(71) PSYoungGen: 1374468K(1384448K)->9725K(1384448K) Eden: 1369366K(1371648K)->0K(1372160K) From: 5102K(12800K)->9725K(12288K)
[190.086s][info][gc,heap        ] GC(71) ParOldGen: 101022K(2796544K)->104686K(2796544K)
[190.086s][info][gc,metaspace   ] GC(71) Metaspace: 79606K(80960K)->79606K(80960K) NonClass: 69970K(70592K)->69970K(70592K) Class: 9635K(10368K)->9635K(10368K)
[190.087s][info][gc             ] GC(71) Pause Young (Allocation Failure) 1440M->111M(4083M) 3.587ms
[190.087s][info][gc,cpu         ] GC(71) User=0.02s Sys=0.00s Real=0.02s
[193.052s][info][gc,start       ] GC(72) Pause Young (Allocation Failure)
[193.057s][info][gc,heap        ] GC(72) PSYoungGen: 1381885K(1384448K)->6384K(1384960K) Eden: 1372160K(1372160K)->0K(1372160K) From: 9725K(12288K)->6384K(12800K)
[193.057s][info][gc,heap        ] GC(72) ParOldGen: 104686K(2796544K)->107113K(2796544K)
[193.057s][info][gc,metaspace   ] GC(72) Metaspace: 79624K(80960K)->79624K(80960K) NonClass: 69989K(70592K)->69989K(70592K) Class: 9635K(10368K)->9635K(10368K)
[193.057s][info][gc             ] GC(72) Pause Young (Allocation Failure) 1451M->110M(4083M) 5.145ms
[193.057s][info][gc,cpu         ] GC(72) User=0.05s Sys=0.00s Real=0.00s
[196.011s][info][gc,start       ] GC(73) Pause Young (Allocation Failure)
[196.015s][info][gc,heap        ] GC(73) PSYoungGen: 1378544K(1384960K)->5945K(1385984K) Eden: 1372160K(1372160K)->0K(1373696K) From: 6384K(12800K)->5945K(12288K)
[196.015s][info][gc,heap        ] GC(73) ParOldGen: 107113K(2796544K)->112249K(2796544K)
[196.015s][info][gc,metaspace   ] GC(73) Metaspace: 79624K(80960K)->79624K(80960K) NonClass: 69989K(70592K)->69989K(70592K) Class: 9635K(10368K)->9635K(10368K)
[196.015s][info][gc             ] GC(73) Pause Young (Allocation Failure) 1450M->115M(4084M) 3.704ms
[196.015s][info][gc,cpu         ] GC(73) User=0.00s Sys=0.00s Real=0.00s
[198.251s][info][gc,start       ] GC(74) Pause Young (Allocation Failure)
[198.254s][info][gc,heap        ] GC(74) PSYoungGen: 1379641K(1385984K)->6373K(1385472K) Eden: 1373696K(1373696K)->0K(1373696K) From: 5945K(12288K)->6373K(11776K)
[198.254s][info][gc,heap        ] GC(74) ParOldGen: 112249K(2796544K)->116302K(2796544K)
[198.254s][info][gc,metaspace   ] GC(74) Metaspace: 79624K(80960K)->79624K(80960K) NonClass: 69989K(70592K)->69989K(70592K) Class: 9635K(10368K)->9635K(10368K)
[198.254s][info][gc             ] GC(74) Pause Young (Allocation Failure) 1456M->119M(4084M) 3.345ms
[198.254s][info][gc,cpu         ] GC(74) User=0.00s Sys=0.00s Real=0.00s
[200.673s][info][gc,start       ] GC(75) Pause Young (Allocation Failure)
[200.676s][info][gc,heap        ] GC(75) PSYoungGen: 1380069K(1385472K)->5920K(1387008K) Eden: 1373696K(1373696K)->0K(1375744K) From: 6373K(11776K)->5920K(11264K)
[200.676s][info][gc,heap        ] GC(75) ParOldGen: 116302K(2796544K)->121332K(2796544K)
[200.676s][info][gc,metaspace   ] GC(75) Metaspace: 79631K(80960K)->79631K(80960K) NonClass: 69994K(70592K)->69994K(70592K) Class: 9637K(10368K)->9637K(10368K)
[200.676s][info][gc             ] GC(75) Pause Young (Allocation Failure) 1461M->124M(4085M) 3.626ms
[200.676s][info][gc,cpu         ] GC(75) User=0.08s Sys=0.00s Real=0.02s
[203.771s][info][gc,start       ] GC(76) Pause Young (System.gc())
[203.774s][info][gc,heap        ] GC(76) PSYoungGen: 1330916K(1387008K)->3728K(1386496K) Eden: 1324996K(1375744K)->0K(1375744K) From: 5920K(11264K)->3728K(10752K)
[203.774s][info][gc,heap        ] GC(76) ParOldGen: 121332K(2796544K)->126140K(2796544K)
[203.774s][info][gc,metaspace   ] GC(76) Metaspace: 79635K(80960K)->79635K(80960K) NonClass: 69997K(70592K)->69997K(70592K) Class: 9637K(10368K)->9637K(10368K)
[203.774s][info][gc             ] GC(76) Pause Young (System.gc()) 1418M->126M(4085M) 2.876ms
[203.774s][info][gc,cpu         ] GC(76) User=0.00s Sys=0.00s Real=0.00s
[203.774s][info][gc,start       ] GC(77) Pause Full (System.gc())
[203.774s][info][gc,phases,start] GC(77) Marking Phase
[203.797s][info][gc,phases      ] GC(77) Marking Phase 22.903ms
[203.797s][info][gc,phases,start] GC(77) Summary Phase
[203.797s][info][gc,phases      ] GC(77) Summary Phase 0.010ms
[203.797s][info][gc,phases,start] GC(77) Adjust Roots
[203.805s][info][gc,phases      ] GC(77) Adjust Roots 8.074ms
[203.805s][info][gc,phases,start] GC(77) Compaction Phase
[203.819s][info][gc,phases      ] GC(77) Compaction Phase 13.322ms
[203.819s][info][gc,phases,start] GC(77) Post Compact
[203.820s][info][gc,phases      ] GC(77) Post Compact 1.207ms
[203.820s][info][gc,heap        ] GC(77) PSYoungGen: 3728K(1386496K)->0K(1386496K) Eden: 0K(1375744K)->0K(1375744K) From: 3728K(10752K)->0K(10752K)
[203.820s][info][gc,heap        ] GC(77) ParOldGen: 126140K(2796544K)->81548K(2796544K)
[203.820s][info][gc,metaspace   ] GC(77) Metaspace: 79635K(80960K)->79635K(80960K) NonClass: 69997K(70592K)->69997K(70592K) Class: 9637K(10368K)->9637K(10368K)
[203.820s][info][gc             ] GC(77) Pause Full (System.gc()) 126M->79M(4085M) 45.837ms
[203.820s][info][gc,cpu         ] GC(77) User=0.03s Sys=0.00s Real=0.05s
[207.346s][info][gc,start       ] GC(78) Pause Young (Allocation Failure)
[207.348s][info][gc,heap        ] GC(78) PSYoungGen: 1375744K(1386496K)->5309K(1387008K) Eden: 1375744K(1375744K)->0K(1376256K) From: 0K(10752K)->5309K(10752K)
[207.348s][info][gc,heap        ] GC(78) ParOldGen: 81548K(2796544K)->81548K(2796544K)
[207.348s][info][gc,metaspace   ] GC(78) Metaspace: 79642K(80960K)->79642K(80960K) NonClass: 70005K(70592K)->70005K(70592K) Class: 9637K(10368K)->9637K(10368K)
[207.348s][info][gc             ] GC(78) Pause Young (Allocation Failure) 1423M->84M(4085M) 2.242ms
[207.348s][info][gc,cpu         ] GC(78) User=0.00s Sys=0.00s Real=0.00s
[210.157s][info][gc,start       ] GC(79) Pause Young (Allocation Failure)
[210.162s][info][gc,heap        ] GC(79) PSYoungGen: 1377542K(1387008K)->10723K(1387008K) Eden: 1372232K(1376256K)->0K(1376256K) From: 5309K(10752K)->10723K(10752K)
[210.162s][info][gc,heap        ] GC(79) ParOldGen: 81548K(2796544K)->94098K(2796544K)
[210.162s][info][gc,metaspace   ] GC(79) Metaspace: 79642K(80960K)->79642K(80960K) NonClass: 70005K(70592K)->70005K(70592K) Class: 9637K(10368K)->9637K(10368K)
[210.162s][info][gc             ] GC(79) Pause Young (Allocation Failure) 1424M->102M(4085M) 4.321ms
[210.162s][info][gc,cpu         ] GC(79) User=0.00s Sys=0.02s Real=0.01s
[214.478s][info][gc,start       ] GC(80) Pause Young (Allocation Failure)
[214.480s][info][gc,heap        ] GC(80) PSYoungGen: 1386979K(1387008K)->5640K(1376768K) Eden: 1376256K(1376256K)->0K(1366016K) From: 10723K(10752K)->5640K(10752K)
[214.480s][info][gc,heap        ] GC(80) ParOldGen: 94098K(2796544K)->96742K(2796544K)
[214.480s][info][gc,metaspace   ] GC(80) Metaspace: 79653K(80960K)->79653K(80960K) NonClass: 70015K(70592K)->70015K(70592K) Class: 9638K(10368K)->9638K(10368K)
[214.480s][info][gc             ] GC(80) Pause Young (Allocation Failure) 1446M->99M(4075M) 2.861ms
[214.480s][info][gc,cpu         ] GC(80) User=0.00s Sys=0.00s Real=0.00s
[217.128s][info][gc,start       ] GC(81) Pause Young (Allocation Failure)
[217.131s][info][gc,heap        ] GC(81) PSYoungGen: 1371656K(1376768K)->6228K(1381888K) Eden: 1366016K(1366016K)->0K(1366016K) From: 5640K(10752K)->6228K(15872K)
[217.132s][info][gc,heap        ] GC(81) ParOldGen: 96742K(2796544K)->99932K(2796544K)
[217.132s][info][gc,metaspace   ] GC(81) Metaspace: 79656K(80960K)->79656K(80960K) NonClass: 70018K(70592K)->70018K(70592K) Class: 9638K(10368K)->9638K(10368K)
[217.132s][info][gc             ] GC(81) Pause Young (Allocation Failure) 1433M->103M(4080M) 3.111ms
[217.132s][info][gc,cpu         ] GC(81) User=0.00s Sys=0.00s Real=0.00s
[221.799s][info][gc,start       ] GC(82) Pause Young (Allocation Failure)
[221.803s][info][gc,heap        ] GC(82) PSYoungGen: 1372244K(1381888K)->6325K(1382912K) Eden: 1366016K(1366016K)->0K(1367552K) From: 6228K(15872K)->6325K(15360K)
[221.803s][info][gc,heap        ] GC(82) ParOldGen: 99932K(2796544K)->104122K(2796544K)
[221.803s][info][gc,metaspace   ] GC(82) Metaspace: 79662K(81024K)->79662K(81024K) NonClass: 70024K(70656K)->70024K(70656K) Class: 9638K(10368K)->9638K(10368K)
[221.803s][info][gc             ] GC(82) Pause Young (Allocation Failure) 1437M->107M(4081M) 3.691ms
[221.803s][info][gc,cpu         ] GC(82) User=0.02s Sys=0.00s Real=0.02s
[224.316s][info][gc,start       ] GC(83) Pause Young (Allocation Failure)
[224.320s][info][gc,heap        ] GC(83) PSYoungGen: 1373877K(1382912K)->8236K(1382400K) Eden: 1367552K(1367552K)->0K(1367552K) From: 6325K(15360K)->8236K(14848K)
[224.320s][info][gc,heap        ] GC(83) ParOldGen: 104122K(2796544K)->108051K(2796544K)
[224.320s][info][gc,metaspace   ] GC(83) Metaspace: 79665K(81024K)->79665K(81024K) NonClass: 70027K(70656K)->70027K(70656K) Class: 9638K(10368K)->9638K(10368K)
[224.320s][info][gc             ] GC(83) Pause Young (Allocation Failure) 1443M->113M(4081M) 3.425ms
[224.320s][info][gc,cpu         ] GC(83) User=0.00s Sys=0.00s Real=0.00s
[228.186s][info][gc,start       ] GC(84) Pause Young (Allocation Failure)
[228.189s][info][gc,heap        ] GC(84) PSYoungGen: 1375788K(1382400K)->5463K(1383424K) Eden: 1367552K(1367552K)->0K(1369088K) From: 8236K(14848K)->5463K(14336K)
[228.189s][info][gc,heap        ] GC(84) ParOldGen: 108051K(2796544K)->111755K(2796544K)
[228.189s][info][gc,metaspace   ] GC(84) Metaspace: 79673K(81024K)->79673K(81024K) NonClass: 70034K(70656K)->70034K(70656K) Class: 9639K(10368K)->9639K(10368K)
[228.189s][info][gc             ] GC(84) Pause Young (Allocation Failure) 1449M->114M(4082M) 3.114ms
[228.189s][info][gc,cpu         ] GC(84) User=0.00s Sys=0.00s Real=0.01s
[231.114s][info][gc,start       ] GC(85) Pause Young (Allocation Failure)
[231.117s][info][gc,heap        ] GC(85) PSYoungGen: 1374551K(1383424K)->8086K(1383424K) Eden: 1369088K(1369088K)->0K(1369088K) From: 5463K(14336K)->8086K(14336K)
[231.117s][info][gc,heap        ] GC(85) ParOldGen: 111755K(2796544K)->114177K(2796544K)
[231.117s][info][gc,metaspace   ] GC(85) Metaspace: 79677K(81024K)->79677K(81024K) NonClass: 70037K(70656K)->70037K(70656K) Class: 9639K(10368K)->9639K(10368K)
[231.117s][info][gc             ] GC(85) Pause Young (Allocation Failure) 1451M->119M(4082M) 3.351ms
[231.117s][info][gc,cpu         ] GC(85) User=0.00s Sys=0.00s Real=0.00s
[234.119s][info][gc,start       ] GC(86) Pause Young (Allocation Failure)
[234.122s][info][gc,heap        ] GC(86) PSYoungGen: 1376716K(1383424K)->4772K(1384448K) Eden: 1368629K(1369088K)->0K(1370624K) From: 8086K(14336K)->4772K(13824K)
[234.122s][info][gc,heap        ] GC(86) ParOldGen: 114177K(2796544K)->119321K(2796544K)
[234.122s][info][gc,metaspace   ] GC(86) Metaspace: 79677K(81024K)->79677K(81024K) NonClass: 70037K(70656K)->70037K(70656K) Class: 9639K(10368K)->9639K(10368K)
[234.122s][info][gc             ] GC(86) Pause Young (Allocation Failure) 1455M->121M(4083M) 3.365ms
[234.122s][info][gc,cpu         ] GC(86) User=0.02s Sys=0.00s Real=0.02s
[236.340s][info][gc,start       ] GC(87) Pause Young (Allocation Failure)
[236.344s][info][gc,heap        ] GC(87) PSYoungGen: 1375307K(1384448K)->6131K(1383936K) Eden: 1370534K(1370624K)->0K(1370624K) From: 4772K(13824K)->6131K(13312K)
[236.344s][info][gc,heap        ] GC(87) ParOldGen: 119321K(2796544K)->123264K(2796544K)
[236.344s][info][gc,metaspace   ] GC(87) Metaspace: 79682K(81024K)->79682K(81024K) NonClass: 70042K(70656K)->70042K(70656K) Class: 9639K(10368K)->9639K(10368K)
[236.344s][info][gc             ] GC(87) Pause Young (Allocation Failure) 1459M->126M(4082M) 3.940ms
[236.344s][info][gc,cpu         ] GC(87) User=0.05s Sys=0.00s Real=0.00s
[238.745s][info][gc,start       ] GC(88) Pause Young (Allocation Failure)
[238.748s][info][gc,heap        ] GC(88) PSYoungGen: 1376755K(1383936K)->6134K(1384960K) Eden: 1370624K(1370624K)->0K(1371648K) From: 6131K(13312K)->6134K(13312K)
[238.748s][info][gc,heap        ] GC(88) ParOldGen: 123264K(2796544K)->128303K(2796544K)
[238.748s][info][gc,metaspace   ] GC(88) Metaspace: 79683K(81024K)->79683K(81024K) NonClass: 70044K(70656K)->70044K(70656K) Class: 9639K(10368K)->9639K(10368K)
[238.748s][info][gc             ] GC(88) Pause Young (Allocation Failure) 1464M->131M(4083M) 3.405ms
[238.748s][info][gc,cpu         ] GC(88) User=0.00s Sys=0.00s Real=0.00s
[241.884s][info][gc,start       ] GC(89) Pause Young (System.gc())
[241.887s][info][gc,heap        ] GC(89) PSYoungGen: 1344011K(1384960K)->3595K(1384448K) Eden: 1337877K(1371648K)->0K(1371648K) From: 6134K(13312K)->3595K(12800K)
[241.887s][info][gc,heap        ] GC(89) ParOldGen: 128303K(2796544K)->133140K(2796544K)
[241.887s][info][gc,metaspace   ] GC(89) Metaspace: 79690K(81024K)->79690K(81024K) NonClass: 70050K(70656K)->70050K(70656K) Class: 9640K(10368K)->9640K(10368K)
[241.887s][info][gc             ] GC(89) Pause Young (System.gc()) 1437M->133M(4083M) 2.728ms
[241.887s][info][gc,cpu         ] GC(89) User=0.00s Sys=0.00s Real=0.00s
[241.887s][info][gc,start       ] GC(90) Pause Full (System.gc())
[241.887s][info][gc,phases,start] GC(90) Marking Phase
[241.911s][info][gc,phases      ] GC(90) Marking Phase 23.450ms
[241.911s][info][gc,phases,start] GC(90) Summary Phase
[241.911s][info][gc,phases      ] GC(90) Summary Phase 0.011ms
[241.911s][info][gc,phases,start] GC(90) Adjust Roots
[241.918s][info][gc,phases      ] GC(90) Adjust Roots 7.143ms
[241.918s][info][gc,phases,start] GC(90) Compaction Phase
[241.931s][info][gc,phases      ] GC(90) Compaction Phase 13.237ms
[241.931s][info][gc,phases,start] GC(90) Post Compact
[241.932s][info][gc,phases      ] GC(90) Post Compact 1.365ms
[241.933s][info][gc,heap        ] GC(90) PSYoungGen: 3595K(1384448K)->0K(1384448K) Eden: 0K(1371648K)->0K(1371648K) From: 3595K(12800K)->0K(12800K)
[241.933s][info][gc,heap        ] GC(90) ParOldGen: 133140K(2796544K)->81452K(2796544K)
[241.933s][info][gc,metaspace   ] GC(90) Metaspace: 79690K(81024K)->79690K(81024K) NonClass: 70050K(70656K)->70050K(70656K) Class: 9640K(10368K)->9640K(10368K)
[241.933s][info][gc             ] GC(90) Pause Full (System.gc()) 133M->79M(4083M) 45.474ms
[241.933s][info][gc,cpu         ] GC(90) User=0.03s Sys=0.00s Real=0.05s
[245.226s][info][gc,start       ] GC(91) Pause Young (Allocation Failure)
[245.228s][info][gc,heap        ] GC(91) PSYoungGen: 1371648K(1384448K)->5081K(1385472K) Eden: 1371648K(1371648K)->0K(1372672K) From: 0K(12800K)->5081K(12800K)
[245.228s][info][gc,heap        ] GC(91) ParOldGen: 81452K(2796544K)->81452K(2796544K)
[245.228s][info][gc,metaspace   ] GC(91) Metaspace: 79701K(81024K)->79701K(81024K) NonClass: 70060K(70656K)->70060K(70656K) Class: 9640K(10368K)->9640K(10368K)
[245.228s][info][gc             ] GC(91) Pause Young (Allocation Failure) 1419M->84M(4084M) 2.483ms
[245.228s][info][gc,cpu         ] GC(91) User=0.02s Sys=0.00s Real=0.02s
[247.943s][info][gc,start       ] GC(92) Pause Young (Allocation Failure)
[247.946s][info][gc,heap        ] GC(92) PSYoungGen: 1374752K(1385472K)->12267K(1384960K) Eden: 1369671K(1372672K)->0K(1372672K) From: 5081K(12800K)->12267K(12288K)
[247.946s][info][gc,heap        ] GC(92) ParOldGen: 81452K(2796544K)->88217K(2796544K)
[247.946s][info][gc,metaspace   ] GC(92) Metaspace: 79705K(81024K)->79705K(81024K) NonClass: 70065K(70656K)->70065K(70656K) Class: 9640K(10368K)->9640K(10368K)
[247.946s][info][gc             ] GC(92) Pause Young (Allocation Failure) 1422M->98M(4083M) 3.679ms
[247.947s][info][gc,cpu         ] GC(92) User=0.00s Sys=0.00s Real=0.00s
[252.137s][info][gc,start       ] GC(93) Pause Young (Allocation Failure)
[252.139s][info][gc,heap        ] GC(93) PSYoungGen: 1384939K(1384960K)->4991K(1378816K) Eden: 1372672K(1372672K)->0K(1366016K) From: 12267K(12288K)->4991K(12800K)
[252.139s][info][gc,heap        ] GC(93) ParOldGen: 88217K(2796544K)->90914K(2796544K)
[252.139s][info][gc,metaspace   ] GC(93) Metaspace: 79705K(81024K)->79705K(81024K) NonClass: 70065K(70656K)->70065K(70656K) Class: 9640K(10368K)->9640K(10368K)
[252.139s][info][gc             ] GC(93) Pause Young (Allocation Failure) 1438M->93M(4077M) 2.572ms
[252.139s][info][gc,cpu         ] GC(93) User=0.00s Sys=0.00s Real=0.00s
[254.433s][info][gc,start       ] GC(94) Pause Young (Allocation Failure)
[254.436s][info][gc,heap        ] GC(94) PSYoungGen: 1371007K(1378816K)->5930K(1381888K) Eden: 1366016K(1366016K)->0K(1366016K) From: 4991K(12800K)->5930K(15872K)
[254.436s][info][gc,heap        ] GC(94) ParOldGen: 90914K(2796544K)->94115K(2796544K)
[254.436s][info][gc,metaspace   ] GC(94) Metaspace: 79707K(81024K)->79707K(81024K) NonClass: 70067K(70656K)->70067K(70656K) Class: 9640K(10368K)->9640K(10368K)
[254.436s][info][gc             ] GC(94) Pause Young (Allocation Failure) 1427M->97M(4080M) 3.072ms
[254.436s][info][gc,cpu         ] GC(94) User=0.00s Sys=0.00s Real=0.00s
[259.155s][info][gc,start       ] GC(95) Pause Young (Allocation Failure)
[259.158s][info][gc,heap        ] GC(95) PSYoungGen: 1371946K(1381888K)->5755K(1382912K) Eden: 1366016K(1366016K)->0K(1367552K) From: 5930K(15872K)->5755K(15360K)
[259.158s][info][gc,heap        ] GC(95) ParOldGen: 94115K(2796544K)->98327K(2796544K)
[259.158s][info][gc,metaspace   ] GC(95) Metaspace: 79707K(81024K)->79707K(81024K) NonClass: 70067K(70656K)->70067K(70656K) Class: 9640K(10368K)->9640K(10368K)
[259.158s][info][gc             ] GC(95) Pause Young (Allocation Failure) 1431M->101M(4081M) 3.381ms
[259.158s][info][gc,cpu         ] GC(95) User=0.00s Sys=0.00s Real=0.01s
[261.588s][info][gc,start       ] GC(96) Pause Young (Allocation Failure)
[261.591s][info][gc,heap        ] GC(96) PSYoungGen: 1373307K(1382912K)->6273K(1382400K) Eden: 1367552K(1367552K)->0K(1367552K) From: 5755K(15360K)->6273K(14848K)
[261.591s][info][gc,heap        ] GC(96) ParOldGen: 98327K(2796544K)->101790K(2796544K)
[261.591s][info][gc,metaspace   ] GC(96) Metaspace: 79709K(81024K)->79709K(81024K) NonClass: 70068K(70656K)->70068K(70656K) Class: 9640K(10368K)->9640K(10368K)
[261.591s][info][gc             ] GC(96) Pause Young (Allocation Failure) 1437M->105M(4081M) 3.124ms
[261.591s][info][gc,cpu         ] GC(96) User=0.00s Sys=0.00s Real=0.00s
[265.500s][info][gc,start       ] GC(97) Pause Young (Allocation Failure)
[265.502s][info][gc,heap        ] GC(97) PSYoungGen: 1372178K(1382400K)->4535K(1383936K) Eden: 1365905K(1367552K)->0K(1369600K) From: 6273K(14848K)->4535K(14336K)
[265.502s][info][gc,heap        ] GC(97) ParOldGen: 101790K(2796544K)->105976K(2796544K)
[265.502s][info][gc,metaspace   ] GC(97) Metaspace: 79718K(81024K)->79718K(81024K) NonClass: 70077K(70656K)->70077K(70656K) Class: 9641K(10368K)->9641K(10368K)
[265.502s][info][gc             ] GC(97) Pause Young (Allocation Failure) 1439M->107M(4082M) 2.760ms
[265.502s][info][gc,cpu         ] GC(97) User=0.00s Sys=0.00s Real=0.00s
[268.441s][info][gc,start       ] GC(98) Pause Young (Allocation Failure)
[268.445s][info][gc,heap        ] GC(98) PSYoungGen: 1374135K(1383936K)->7289K(1383424K) Eden: 1369600K(1369600K)->0K(1369600K) From: 4535K(14336K)->7289K(13824K)
[268.445s][info][gc,heap        ] GC(98) ParOldGen: 105976K(2796544K)->108247K(2796544K)
[268.445s][info][gc,metaspace   ] GC(98) Metaspace: 79726K(81024K)->79726K(81024K) NonClass: 70085K(70656K)->70085K(70656K) Class: 9641K(10368K)->9641K(10368K)
[268.445s][info][gc             ] GC(98) Pause Young (Allocation Failure) 1445M->112M(4082M) 3.730ms
[268.445s][info][gc,cpu         ] GC(98) User=0.00s Sys=0.00s Real=0.02s
[271.386s][info][gc,start       ] GC(99) Pause Young (Allocation Failure)
[271.389s][info][gc,heap        ] GC(99) PSYoungGen: 1376889K(1383424K)->5454K(1384448K) Eden: 1369600K(1369600K)->0K(1371136K) From: 7289K(13824K)->5454K(13312K)
[271.389s][info][gc,heap        ] GC(99) ParOldGen: 108247K(2796544K)->113617K(2796544K)
[271.389s][info][gc,metaspace   ] GC(99) Metaspace: 79727K(81024K)->79727K(81024K) NonClass: 70086K(70656K)->70086K(70656K) Class: 9641K(10368K)->9641K(10368K)
[271.389s][info][gc             ] GC(99) Pause Young (Allocation Failure) 1450M->116M(4083M) 3.221ms
[271.390s][info][gc,cpu         ] GC(99) User=0.00s Sys=0.00s Real=0.00s
[273.605s][info][gc,start       ] GC(100) Pause Young (Allocation Failure)
[273.608s][info][gc,heap        ] GC(100) PSYoungGen: 1376590K(1384448K)->6493K(1384448K) Eden: 1371136K(1371136K)->0K(1371136K) From: 5454K(13312K)->6493K(13312K)
[273.608s][info][gc,heap        ] GC(100) ParOldGen: 113617K(2796544K)->117537K(2796544K)
[273.608s][info][gc,metaspace   ] GC(100) Metaspace: 79730K(81024K)->79730K(81024K) NonClass: 70089K(70656K)->70089K(70656K) Class: 9641K(10368K)->9641K(10368K)
[273.608s][info][gc             ] GC(100) Pause Young (Allocation Failure) 1455M->121M(4083M) 3.281ms
[273.608s][info][gc,cpu         ] GC(100) User=0.00s Sys=0.00s Real=0.00s
[276.122s][info][gc,start       ] GC(101) Pause Young (Allocation Failure)
[276.125s][info][gc,heap        ] GC(101) PSYoungGen: 1377629K(1384448K)->6047K(1385984K) Eden: 1371136K(1371136K)->0K(1373696K) From: 6493K(13312K)->6047K(12288K)
[276.125s][info][gc,heap        ] GC(101) ParOldGen: 117537K(2796544K)->122583K(2796544K)
[276.125s][info][gc,metaspace   ] GC(101) Metaspace: 79731K(81024K)->79731K(81024K) NonClass: 70090K(70656K)->70090K(70656K) Class: 9641K(10368K)->9641K(10368K)
[276.125s][info][gc             ] GC(101) Pause Young (Allocation Failure) 1460M->125M(4084M) 3.646ms
[276.125s][info][gc,cpu         ] GC(101) User=0.00s Sys=0.00s Real=0.00s
[279.249s][info][gc,start       ] GC(102) Pause Young (System.gc())
[279.252s][info][gc,heap        ] GC(102) PSYoungGen: 1353796K(1385984K)->3709K(1385472K) Eden: 1347748K(1373696K)->0K(1373696K) From: 6047K(12288K)->3709K(11776K)
[279.252s][info][gc,heap        ] GC(102) ParOldGen: 122583K(2796544K)->127377K(2796544K)
[279.252s][info][gc,metaspace   ] GC(102) Metaspace: 79732K(81088K)->79732K(81088K) NonClass: 70091K(70720K)->70091K(70720K) Class: 9641K(10368K)->9641K(10368K)
[279.252s][info][gc             ] GC(102) Pause Young (System.gc()) 1441M->128M(4084M) 2.879ms
[279.252s][info][gc,cpu         ] GC(102) User=0.00s Sys=0.00s Real=0.00s
[279.252s][info][gc,start       ] GC(103) Pause Full (System.gc())
[279.252s][info][gc,phases,start] GC(103) Marking Phase
[279.274s][info][gc,phases      ] GC(103) Marking Phase 21.215ms
[279.274s][info][gc,phases,start] GC(103) Summary Phase
[279.274s][info][gc,phases      ] GC(103) Summary Phase 0.013ms
[279.274s][info][gc,phases,start] GC(103) Adjust Roots
[279.281s][info][gc,phases      ] GC(103) Adjust Roots 6.808ms
[279.281s][info][gc,phases,start] GC(103) Compaction Phase
[279.294s][info][gc,phases      ] GC(103) Compaction Phase 13.076ms
[279.294s][info][gc,phases,start] GC(103) Post Compact
[279.295s][info][gc,phases      ] GC(103) Post Compact 1.196ms
[279.295s][info][gc,heap        ] GC(103) PSYoungGen: 3709K(1385472K)->0K(1385472K) Eden: 0K(1373696K)->0K(1373696K) From: 3709K(11776K)->0K(11776K)
[279.295s][info][gc,heap        ] GC(103) ParOldGen: 127377K(2796544K)->81854K(2796544K)
[279.295s][info][gc,metaspace   ] GC(103) Metaspace: 79732K(81088K)->79732K(81088K) NonClass: 70091K(70720K)->70091K(70720K) Class: 9641K(10368K)->9641K(10368K)
[279.295s][info][gc             ] GC(103) Pause Full (System.gc()) 128M->79M(4084M) 42.716ms
[279.295s][info][gc,cpu         ] GC(103) User=0.03s Sys=0.00s Real=0.05s
[282.517s][info][gc,start       ] GC(104) Pause Young (Allocation Failure)
[282.520s][info][gc,heap        ] GC(104) PSYoungGen: 1373696K(1385472K)->5174K(1385984K) Eden: 1373696K(1373696K)->0K(1374208K) From: 0K(11776K)->5174K(11776K)
[282.520s][info][gc,heap        ] GC(104) ParOldGen: 81854K(2796544K)->81854K(2796544K)
[282.520s][info][gc,metaspace   ] GC(104) Metaspace: 79734K(81088K)->79734K(81088K) NonClass: 70093K(70720K)->70093K(70720K) Class: 9641K(10368K)->9641K(10368K)
[282.520s][info][gc             ] GC(104) Pause Young (Allocation Failure) 1421M->84M(4084M) 2.489ms
[282.520s][info][gc,cpu         ] GC(104) User=0.00s Sys=0.00s Real=0.00s
[285.262s][info][gc,start       ] GC(105) Pause Young (Allocation Failure)
[285.266s][info][gc,heap        ] GC(105) PSYoungGen: 1378776K(1385984K)->10996K(1385472K) Eden: 1373602K(1374208K)->0K(1374208K) From: 5174K(11776K)->10996K(11264K)
[285.267s][info][gc,heap        ] GC(105) ParOldGen: 81854K(2796544K)->94140K(2796544K)
[285.267s][info][gc,metaspace   ] GC(105) Metaspace: 79736K(81088K)->79736K(81088K) NonClass: 70095K(70720K)->70095K(70720K) Class: 9641K(10368K)->9641K(10368K)
[285.267s][info][gc             ] GC(105) Pause Young (Allocation Failure) 1426M->102M(4084M) 4.089ms
[285.267s][info][gc,cpu         ] GC(105) User=0.00s Sys=0.00s Real=0.00s
[289.410s][info][gc,start       ] GC(106) Pause Young (Allocation Failure)
[289.412s][info][gc,heap        ] GC(106) PSYoungGen: 1385204K(1385472K)->5567K(1385472K) Eden: 1374208K(1374208K)->0K(1373184K) From: 10996K(11264K)->5567K(12288K)
[289.412s][info][gc,heap        ] GC(106) ParOldGen: 94140K(2796544K)->96789K(2796544K)
[289.412s][info][gc,metaspace   ] GC(106) Metaspace: 79736K(81088K)->79736K(81088K) NonClass: 70095K(70720K)->70095K(70720K) Class: 9641K(10368K)->9641K(10368K)
[289.412s][info][gc             ] GC(106) Pause Young (Allocation Failure) 1444M->99M(4084M) 2.513ms
[289.412s][info][gc,cpu         ] GC(106) User=0.00s Sys=0.00s Real=0.00s
[291.691s][info][gc,start       ] GC(107) Pause Young (Allocation Failure)
[291.694s][info][gc,heap        ] GC(107) PSYoungGen: 1378751K(1385472K)->6069K(1385472K) Eden: 1373184K(1373184K)->0K(1373184K) From: 5567K(12288K)->6069K(12288K)
[291.694s][info][gc,heap        ] GC(107) ParOldGen: 96789K(2796544K)->99947K(2796544K)
[291.694s][info][gc,metaspace   ] GC(107) Metaspace: 79738K(81088K)->79738K(81088K) NonClass: 70097K(70720K)->70097K(70720K) Class: 9641K(10368K)->9641K(10368K)
[291.695s][info][gc             ] GC(107) Pause Young (Allocation Failure) 1440M->103M(4084M) 3.242ms
[291.695s][info][gc,cpu         ] GC(107) User=0.02s Sys=0.00s Real=0.00s
[296.349s][info][gc,start       ] GC(108) Pause Young (Allocation Failure)
[296.352s][info][gc,heap        ] GC(108) PSYoungGen: 1379253K(1385472K)->5179K(1385984K) Eden: 1373184K(1373184K)->0K(1374208K) From: 6069K(12288K)->5179K(11776K)
[296.352s][info][gc,heap        ] GC(108) ParOldGen: 99947K(2796544K)->104151K(2796544K)
[296.352s][info][gc,metaspace   ] GC(108) Metaspace: 79738K(81088K)->79738K(81088K) NonClass: 70097K(70720K)->70097K(70720K) Class: 9641K(10368K)->9641K(10368K)
[296.352s][info][gc             ] GC(108) Pause Young (Allocation Failure) 1444M->106M(4084M) 3.182ms
[296.352s][info][gc,cpu         ] GC(108) User=0.00s Sys=0.00s Real=0.00s
[298.936s][info][gc,start       ] GC(109) Pause Young (Allocation Failure)
[298.939s][info][gc,heap        ] GC(109) PSYoungGen: 1379387K(1385984K)->5735K(1385984K) Eden: 1374208K(1374208K)->0K(1374208K) From: 5179K(11776K)->5735K(11776K)
[298.939s][info][gc,heap        ] GC(109) ParOldGen: 104151K(2796544K)->108285K(2796544K)
[298.939s][info][gc,metaspace   ] GC(109) Metaspace: 79738K(81088K)->79738K(81088K) NonClass: 70097K(70720K)->70097K(70720K) Class: 9641K(10368K)->9641K(10368K)
[298.939s][info][gc             ] GC(109) Pause Young (Allocation Failure) 1448M->111M(4084M) 3.040ms
[298.939s][info][gc,cpu         ] GC(109) User=0.00s Sys=0.00s Real=0.00s
[302.738s][info][gc,start       ] GC(110) Pause Young (Allocation Failure)
[302.742s][info][gc,heap        ] GC(110) PSYoungGen: 1378133K(1385984K)->9850K(1384448K) Eden: 1372398K(1374208K)->0K(1373184K) From: 5735K(11776K)->9850K(11264K)
[302.742s][info][gc,heap        ] GC(110) ParOldGen: 108285K(2796544K)->111819K(2796544K)
[302.742s][info][gc,metaspace   ] GC(110) Metaspace: 79739K(81088K)->79739K(81088K) NonClass: 70097K(70720K)->70097K(70720K) Class: 9641K(10368K)->9641K(10368K)
[302.742s][info][gc             ] GC(110) Pause Young (Allocation Failure) 1451M->118M(4083M) 3.356ms
[302.742s][info][gc,cpu         ] GC(110) User=0.00s Sys=0.00s Real=0.00s
[305.787s][info][gc,start       ] GC(111) Pause Young (Allocation Failure)
[305.790s][info][gc,heap        ] GC(111) PSYoungGen: 1383034K(1384448K)->6904K(1385472K) Eden: 1373184K(1373184K)->0K(1373184K) From: 9850K(11264K)->6904K(12288K)
[305.790s][info][gc,heap        ] GC(111) ParOldGen: 111819K(2796544K)->114264K(2796544K)
[305.791s][info][gc,metaspace   ] GC(111) Metaspace: 79739K(81088K)->79739K(81088K) NonClass: 70097K(70720K)->70097K(70720K) Class: 9641K(10368K)->9641K(10368K)
[305.791s][info][gc             ] GC(111) Pause Young (Allocation Failure) 1459M->118M(4084M) 3.194ms
[305.791s][info][gc,cpu         ] GC(111) User=0.00s Sys=0.00s Real=0.00s
[308.843s][info][gc,start       ] GC(112) Pause Young (Allocation Failure)
[308.846s][info][gc,heap        ] GC(112) PSYoungGen: 1380088K(1385472K)->5185K(1386496K) Eden: 1373184K(1373184K)->0K(1374720K) From: 6904K(12288K)->5185K(11776K)
[308.846s][info][gc,heap        ] GC(112) ParOldGen: 114264K(2796544K)->119529K(2796544K)
[308.846s][info][gc,metaspace   ] GC(112) Metaspace: 79739K(81088K)->79739K(81088K) NonClass: 70097K(70720K)->70097K(70720K) Class: 9641K(10368K)->9641K(10368K)
[308.846s][info][gc             ] GC(112) Pause Young (Allocation Failure) 1459M->121M(4085M) 3.247ms
[308.846s][info][gc,cpu         ] GC(112) User=0.02s Sys=0.00s Real=0.00s
[311.068s][info][gc,start       ] GC(113) Pause Young (Allocation Failure)
[311.071s][info][gc,heap        ] GC(113) PSYoungGen: 1378302K(1386496K)->6006K(1385984K) Eden: 1373116K(1374720K)->0K(1374720K) From: 5185K(11776K)->6006K(11264K)
[311.071s][info][gc,heap        ] GC(113) ParOldGen: 119529K(2796544K)->123476K(2796544K)
[311.071s][info][gc,metaspace   ] GC(113) Metaspace: 79743K(81088K)->79743K(81088K) NonClass: 70102K(70720K)->70102K(70720K) Class: 9641K(10368K)->9641K(10368K)
[311.071s][info][gc             ] GC(113) Pause Young (Allocation Failure) 1462M->126M(4084M) 3.055ms
[311.071s][info][gc,cpu         ] GC(113) User=0.02s Sys=0.00s Real=0.02s
[313.367s][info][gc,start       ] GC(114) Pause Young (Allocation Failure)
[313.371s][info][gc,heap        ] GC(114) PSYoungGen: 1380680K(1385984K)->5917K(1387008K) Eden: 1374674K(1374720K)->0K(1375744K) From: 6006K(11264K)->5917K(11264K)
[313.371s][info][gc,heap        ] GC(114) ParOldGen: 123476K(2796544K)->128535K(2796544K)
[313.371s][info][gc,metaspace   ] GC(114) Metaspace: 79751K(81088K)->79751K(81088K) NonClass: 70109K(70720K)->70109K(70720K) Class: 9641K(10368K)->9641K(10368K)
[313.371s][info][gc             ] GC(114) Pause Young (Allocation Failure) 1468M->131M(4085M) 3.571ms
[313.371s][info][gc,cpu         ] GC(114) User=0.00s Sys=0.00s Real=0.00s
[316.453s][info][gc,start       ] GC(115) Pause Young (System.gc())
[316.456s][info][gc,heap        ] GC(115) PSYoungGen: 1306909K(1387008K)->3703K(1386496K) Eden: 1300991K(1375744K)->0K(1375744K) From: 5917K(11264K)->3703K(10752K)
[316.456s][info][gc,heap        ] GC(115) ParOldGen: 128535K(2796544K)->133286K(2796544K)
[316.456s][info][gc,metaspace   ] GC(115) Metaspace: 79752K(81088K)->79752K(81088K) NonClass: 70110K(70720K)->70110K(70720K) Class: 9641K(10368K)->9641K(10368K)
[316.456s][info][gc             ] GC(115) Pause Young (System.gc()) 1401M->133M(4085M) 2.926ms
[316.456s][info][gc,cpu         ] GC(115) User=0.00s Sys=0.00s Real=0.00s
[316.456s][info][gc,start       ] GC(116) Pause Full (System.gc())
[316.456s][info][gc,phases,start] GC(116) Marking Phase
[316.478s][info][gc,phases      ] GC(116) Marking Phase 21.932ms
[316.478s][info][gc,phases,start] GC(116) Summary Phase
[316.478s][info][gc,phases      ] GC(116) Summary Phase 0.010ms
[316.478s][info][gc,phases,start] GC(116) Adjust Roots
[316.484s][info][gc,phases      ] GC(116) Adjust Roots 5.902ms
[316.484s][info][gc,phases,start] GC(116) Compaction Phase
[316.496s][info][gc,phases      ] GC(116) Compaction Phase 12.338ms
[316.497s][info][gc,phases,start] GC(116) Post Compact
[316.498s][info][gc,phases      ] GC(116) Post Compact 1.292ms
[316.498s][info][gc,heap        ] GC(116) PSYoungGen: 3703K(1386496K)->0K(1386496K) Eden: 0K(1375744K)->0K(1375744K) From: 3703K(10752K)->0K(10752K)
[316.498s][info][gc,heap        ] GC(116) ParOldGen: 133286K(2796544K)->81888K(2796544K)
[316.498s][info][gc,metaspace   ] GC(116) Metaspace: 79752K(81088K)->79752K(81088K) NonClass: 70110K(70720K)->70110K(70720K) Class: 9641K(10368K)->9641K(10368K)
[316.498s][info][gc             ] GC(116) Pause Full (System.gc()) 133M->79M(4085M) 41.758ms
[316.498s][info][gc,cpu         ] GC(116) User=0.03s Sys=0.00s Real=0.05s
[319.751s][info][gc,start       ] GC(117) Pause Young (Allocation Failure)
[319.753s][info][gc,heap        ] GC(117) PSYoungGen: 1375744K(1386496K)->4992K(1387008K) Eden: 1375744K(1375744K)->0K(1376256K) From: 0K(10752K)->4992K(10752K)
[319.753s][info][gc,heap        ] GC(117) ParOldGen: 81888K(2796544K)->81888K(2796544K)
[319.753s][info][gc,metaspace   ] GC(117) Metaspace: 79754K(81088K)->79754K(81088K) NonClass: 70112K(70720K)->70112K(70720K) Class: 9642K(10368K)->9642K(10368K)
[319.753s][info][gc             ] GC(117) Pause Young (Allocation Failure) 1423M->84M(4085M) 2.364ms
[319.753s][info][gc,cpu         ] GC(117) User=0.00s Sys=0.00s Real=0.00s
[322.471s][info][gc,start       ] GC(118) Pause Young (Allocation Failure)
[322.476s][info][gc,heap        ] GC(118) PSYoungGen: 1379788K(1387008K)->10722K(1387008K) Eden: 1374796K(1376256K)->0K(1376256K) From: 4992K(10752K)->10722K(10752K)
[322.476s][info][gc,heap        ] GC(118) ParOldGen: 81888K(2796544K)->98750K(2796544K)
[322.476s][info][gc,metaspace   ] GC(118) Metaspace: 79754K(81088K)->79754K(81088K) NonClass: 70112K(70720K)->70112K(70720K) Class: 9642K(10368K)->9642K(10368K)
[322.476s][info][gc             ] GC(118) Pause Young (Allocation Failure) 1427M->106M(4085M) 4.537ms
[322.476s][info][gc,cpu         ] GC(118) User=0.00s Sys=0.00s Real=0.00s
[326.749s][info][gc,start       ] GC(119) Pause Young (Allocation Failure)
[326.753s][info][gc,heap        ] GC(119) PSYoungGen: 1386978K(1387008K)->4701K(1372672K) Eden: 1376256K(1376256K)->0K(1361920K) From: 10722K(10752K)->4701K(10752K)
[326.753s][info][gc,heap        ] GC(119) ParOldGen: 98750K(2796544K)->101431K(2796544K)
[326.753s][info][gc,metaspace   ] GC(119) Metaspace: 79754K(81088K)->79754K(81088K) NonClass: 70112K(70720K)->70112K(70720K) Class: 9642K(10368K)->9642K(10368K)
[326.753s][info][gc             ] GC(119) Pause Young (Allocation Failure) 1450M->103M(4071M) 3.601ms
[326.753s][info][gc,cpu         ] GC(119) User=0.00s Sys=0.00s Real=0.00s
[328.928s][info][gc,start       ] GC(120) Pause Young (Allocation Failure)
[328.931s][info][gc,heap        ] GC(120) PSYoungGen: 1366621K(1372672K)->6315K(1379840K) Eden: 1361920K(1361920K)->0K(1361920K) From: 4701K(10752K)->6315K(17920K)
[328.931s][info][gc,heap        ] GC(120) ParOldGen: 101431K(2796544K)->104648K(2796544K)
[328.931s][info][gc,metaspace   ] GC(120) Metaspace: 79754K(81088K)->79754K(81088K) NonClass: 70112K(70720K)->70112K(70720K) Class: 9642K(10368K)->9642K(10368K)
[328.931s][info][gc             ] GC(120) Pause Young (Allocation Failure) 1433M->108M(4078M) 3.296ms
[328.931s][info][gc,cpu         ] GC(120) User=0.00s Sys=0.00s Real=0.00s
[333.668s][info][gc,start       ] GC(121) Pause Young (Allocation Failure)
[333.672s][info][gc,heap        ] GC(121) PSYoungGen: 1368235K(1379840K)->6459K(1381376K) Eden: 1361920K(1361920K)->0K(1364480K) From: 6315K(17920K)->6459K(16896K)
[333.672s][info][gc,heap        ] GC(121) ParOldGen: 104648K(2796544K)->108854K(2796544K)
[333.672s][info][gc,metaspace   ] GC(121) Metaspace: 79757K(81088K)->79757K(81088K) NonClass: 70114K(70720K)->70114K(70720K) Class: 9642K(10368K)->9642K(10368K)
[333.672s][info][gc             ] GC(121) Pause Young (Allocation Failure) 1438M->112M(4080M) 3.602ms
[333.672s][info][gc,cpu         ] GC(121) User=0.02s Sys=0.00s Real=0.01s
[336.147s][info][gc,start       ] GC(122) Pause Young (Allocation Failure)
[336.150s][info][gc,heap        ] GC(122) PSYoungGen: 1370939K(1381376K)->5803K(1380864K) Eden: 1364480K(1364480K)->0K(1364480K) From: 6459K(16896K)->5803K(16384K)
[336.150s][info][gc,heap        ] GC(122) ParOldGen: 108854K(2796544K)->112901K(2796544K)
[336.150s][info][gc,metaspace   ] GC(122) Metaspace: 79758K(81152K)->79758K(81152K) NonClass: 70115K(70784K)->70115K(70784K) Class: 9642K(10368K)->9642K(10368K)
[336.150s][info][gc             ] GC(122) Pause Young (Allocation Failure) 1445M->115M(4079M) 3.148ms
[336.150s][info][gc,cpu         ] GC(122) User=0.00s Sys=0.00s Real=0.00s
[340.074s][info][gc,start       ] GC(123) Pause Young (Allocation Failure)
[340.077s][info][gc,heap        ] GC(123) PSYoungGen: 1369234K(1380864K)->4439K(1382400K) Eden: 1363430K(1364480K)->0K(1366528K) From: 5803K(16384K)->4439K(15872K)
[340.077s][info][gc,heap        ] GC(123) ParOldGen: 112901K(2796544K)->116490K(2796544K)
[340.077s][info][gc,metaspace   ] GC(123) Metaspace: 79759K(81152K)->79759K(81152K) NonClass: 70117K(70784K)->70117K(70784K) Class: 9642K(10368K)->9642K(10368K)
[340.077s][info][gc             ] GC(123) Pause Young (Allocation Failure) 1447M->118M(4081M) 2.713ms
[340.077s][info][gc,cpu         ] GC(123) User=0.02s Sys=0.00s Real=0.02s
[342.970s][info][gc,start       ] GC(124) Pause Young (Allocation Failure)
[342.973s][info][gc,heap        ] GC(124) PSYoungGen: 1370967K(1382400K)->6849K(1381888K) Eden: 1366528K(1366528K)->0K(1366528K) From: 4439K(15872K)->6849K(15360K)
[342.973s][info][gc,heap        ] GC(124) ParOldGen: 116490K(2796544K)->118751K(2796544K)
[342.973s][info][gc,metaspace   ] GC(124) Metaspace: 79761K(81152K)->79761K(81152K) NonClass: 70119K(70784K)->70119K(70784K) Class: 9642K(10368K)->9642K(10368K)
[342.973s][info][gc             ] GC(124) Pause Young (Allocation Failure) 1452M->122M(4080M) 3.072ms
[342.973s][info][gc,cpu         ] GC(124) User=0.00s Sys=0.00s Real=0.00s
[345.936s][info][gc,start       ] GC(125) Pause Young (Allocation Failure)
[345.938s][info][gc,heap        ] GC(125) PSYoungGen: 1373377K(1381888K)->4810K(1383424K) Eden: 1366528K(1366528K)->0K(1368576K) From: 6849K(15360K)->4810K(14848K)
[345.938s][info][gc,heap        ] GC(125) ParOldGen: 118751K(2796544K)->124067K(2796544K)
[345.938s][info][gc,metaspace   ] GC(125) Metaspace: 79761K(81152K)->79761K(81152K) NonClass: 70119K(70784K)->70119K(70784K) Class: 9642K(10368K)->9642K(10368K)
[345.938s][info][gc             ] GC(125) Pause Young (Allocation Failure) 1457M->125M(4082M) 2.754ms
[345.938s][info][gc,cpu         ] GC(125) User=0.00s Sys=0.00s Real=0.00s
[348.167s][info][gc,start       ] GC(126) Pause Young (Allocation Failure)
[348.171s][info][gc,heap        ] GC(126) PSYoungGen: 1373386K(1383424K)->6274K(1382912K) Eden: 1368576K(1368576K)->0K(1368576K) From: 4810K(14848K)->6274K(14336K)
[348.171s][info][gc,heap        ] GC(126) ParOldGen: 124067K(2796544K)->128050K(2796544K)
[348.171s][info][gc,metaspace   ] GC(126) Metaspace: 79762K(81152K)->79762K(81152K) NonClass: 70119K(70784K)->70119K(70784K) Class: 9642K(10368K)->9642K(10368K)
[348.171s][info][gc             ] GC(126) Pause Young (Allocation Failure) 1462M->131M(4081M) 4.381ms
[348.172s][info][gc,cpu         ] GC(126) User=0.00s Sys=0.00s Real=0.00s
[350.631s][info][gc,start       ] GC(127) Pause Young (Allocation Failure)
[350.635s][info][gc,heap        ] GC(127) PSYoungGen: 1374850K(1382912K)->5947K(1384448K) Eden: 1368576K(1368576K)->0K(1370624K) From: 6274K(14336K)->5947K(13824K)
[350.635s][info][gc,heap        ] GC(127) ParOldGen: 128050K(2796544K)->133034K(2796544K)
[350.635s][info][gc,metaspace   ] GC(127) Metaspace: 79762K(81152K)->79762K(81152K) NonClass: 70119K(70784K)->70119K(70784K) Class: 9642K(10368K)->9642K(10368K)
[350.635s][info][gc             ] GC(127) Pause Young (Allocation Failure) 1467M->135M(4083M) 3.610ms
[350.635s][info][gc,cpu         ] GC(127) User=0.00s Sys=0.00s Real=0.00s
[353.751s][info][gc,start       ] GC(128) Pause Young (System.gc())
[353.754s][info][gc,heap        ] GC(128) PSYoungGen: 1370527K(1384448K)->3703K(1383936K) Eden: 1364579K(1370624K)->0K(1370624K) From: 5947K(13824K)->3703K(13312K)
[353.754s][info][gc,heap        ] GC(128) ParOldGen: 133034K(2796544K)->137840K(2796544K)
[353.754s][info][gc,metaspace   ] GC(128) Metaspace: 79764K(81152K)->79764K(81152K) NonClass: 70122K(70784K)->70122K(70784K) Class: 9642K(10368K)->9642K(10368K)
[353.754s][info][gc             ] GC(128) Pause Young (System.gc()) 1468M->138M(4082M) 2.938ms
[353.754s][info][gc,cpu         ] GC(128) User=0.00s Sys=0.00s Real=0.00s
[353.754s][info][gc,start       ] GC(129) Pause Full (System.gc())
[353.754s][info][gc,phases,start] GC(129) Marking Phase
[353.774s][info][gc,phases      ] GC(129) Marking Phase 20.030ms
[353.774s][info][gc,phases,start] GC(129) Summary Phase
[353.774s][info][gc,phases      ] GC(129) Summary Phase 0.010ms
[353.774s][info][gc,phases,start] GC(129) Adjust Roots
[353.781s][info][gc,phases      ] GC(129) Adjust Roots 6.202ms
[353.781s][info][gc,phases,start] GC(129) Compaction Phase
[353.794s][info][gc,phases      ] GC(129) Compaction Phase 12.916ms
[353.794s][info][gc,phases,start] GC(129) Post Compact
[353.795s][info][gc,phases      ] GC(129) Post Compact 1.260ms
[353.795s][info][gc,heap        ] GC(129) PSYoungGen: 3703K(1383936K)->0K(1383936K) Eden: 0K(1370624K)->0K(1370624K) From: 3703K(13312K)->0K(13312K)
[353.795s][info][gc,heap        ] GC(129) ParOldGen: 137840K(2796544K)->81699K(2796544K)
[353.795s][info][gc,metaspace   ] GC(129) Metaspace: 79764K(81152K)->79764K(81152K) NonClass: 70122K(70784K)->70122K(70784K) Class: 9642K(10368K)->9642K(10368K)
[353.795s][info][gc             ] GC(129) Pause Full (System.gc()) 138M->79M(4082M) 40.737ms
[353.795s][info][gc,cpu         ] GC(129) User=0.03s Sys=0.00s Real=0.05s
[357.066s][info][gc,start       ] GC(130) Pause Young (Allocation Failure)
[357.069s][info][gc,heap        ] GC(130) PSYoungGen: 1370624K(1383936K)->5203K(1384960K) Eden: 1370624K(1370624K)->0K(1371648K) From: 0K(13312K)->5203K(13312K)
[357.069s][info][gc,heap        ] GC(130) ParOldGen: 81699K(2796544K)->81707K(2796544K)
[357.069s][info][gc,metaspace   ] GC(130) Metaspace: 79788K(81152K)->79788K(81152K) NonClass: 70139K(70784K)->70139K(70784K) Class: 9648K(10368K)->9648K(10368K)
[357.069s][info][gc             ] GC(130) Pause Young (Allocation Failure) 1418M->84M(4083M) 2.480ms
[357.069s][info][gc,cpu         ] GC(130) User=0.00s Sys=0.00s Real=0.01s
[359.814s][info][gc,start       ] GC(131) Pause Young (Allocation Failure)
[359.818s][info][gc,heap        ] GC(131) PSYoungGen: 1375224K(1384960K)->10402K(1384448K) Eden: 1370021K(1371648K)->0K(1371648K) From: 5203K(13312K)->10402K(12800K)
[359.818s][info][gc,heap        ] GC(131) ParOldGen: 81707K(2796544K)->85708K(2796544K)
[359.818s][info][gc,metaspace   ] GC(131) Metaspace: 79788K(81152K)->79788K(81152K) NonClass: 70139K(70784K)->70139K(70784K) Class: 9648K(10368K)->9648K(10368K)
[359.818s][info][gc             ] GC(131) Pause Young (Allocation Failure) 1422M->93M(4083M) 3.699ms
[359.818s][info][gc,cpu         ] GC(131) User=0.00s Sys=0.00s Real=0.00s
[363.970s][info][gc,start       ] GC(132) Pause Young (Allocation Failure)
[363.972s][info][gc,heap        ] GC(132) PSYoungGen: 1382050K(1384448K)->4679K(1384448K) Eden: 1371648K(1371648K)->0K(1371136K) From: 10402K(12800K)->4679K(13312K)
[363.972s][info][gc,heap        ] GC(132) ParOldGen: 85708K(2796544K)->88403K(2796544K)
[363.972s][info][gc,metaspace   ] GC(132) Metaspace: 79788K(81152K)->79788K(81152K) NonClass: 70139K(70784K)->70139K(70784K) Class: 9648K(10368K)->9648K(10368K)
[363.972s][info][gc             ] GC(132) Pause Young (Allocation Failure) 1433M->90M(4083M) 2.226ms
[363.972s][info][gc,cpu         ] GC(132) User=0.00s Sys=0.00s Real=0.00s
[366.240s][info][gc,start       ] GC(133) Pause Young (Allocation Failure)
[366.243s][info][gc,heap        ] GC(133) PSYoungGen: 1375815K(1384448K)->6008K(1384448K) Eden: 1371136K(1371136K)->0K(1371136K) From: 4679K(13312K)->6008K(13312K)
[366.243s][info][gc,heap        ] GC(133) ParOldGen: 88403K(2796544K)->91575K(2796544K)
[366.243s][info][gc,metaspace   ] GC(133) Metaspace: 79791K(81152K)->79791K(81152K) NonClass: 70142K(70784K)->70142K(70784K) Class: 9648K(10368K)->9648K(10368K)
[366.243s][info][gc             ] GC(133) Pause Young (Allocation Failure) 1429M->95M(4083M) 3.059ms
[366.243s][info][gc,cpu         ] GC(133) User=0.02s Sys=0.00s Real=0.02s
[371.007s][info][gc,start       ] GC(134) Pause Young (Allocation Failure)
[371.010s][info][gc,heap        ] GC(134) PSYoungGen: 1377144K(1384448K)->5871K(1385472K) Eden: 1371136K(1371136K)->0K(1372672K) From: 6008K(13312K)->5871K(12800K)
[371.010s][info][gc,heap        ] GC(134) ParOldGen: 91575K(2796544K)->95793K(2796544K)
[371.010s][info][gc,metaspace   ] GC(134) Metaspace: 79791K(81152K)->79791K(81152K) NonClass: 70142K(70784K)->70142K(70784K) Class: 9648K(10368K)->9648K(10368K)
[371.010s][info][gc             ] GC(134) Pause Young (Allocation Failure) 1434M->99M(4084M) 3.322ms
[371.010s][info][gc,cpu         ] GC(134) User=0.00s Sys=0.00s Real=0.02s
[373.519s][info][gc,start       ] GC(135) Pause Young (Allocation Failure)
[373.522s][info][gc,heap        ] GC(135) PSYoungGen: 1378543K(1385472K)->5782K(1384960K) Eden: 1372672K(1372672K)->0K(1372672K) From: 5871K(12800K)->5782K(12288K)
[373.522s][info][gc,heap        ] GC(135) ParOldGen: 95793K(2796544K)->99402K(2796544K)
[373.522s][info][gc,metaspace   ] GC(135) Metaspace: 79792K(81152K)->79792K(81152K) NonClass: 70143K(70784K)->70143K(70784K) Class: 9648K(10368K)->9648K(10368K)
[373.522s][info][gc             ] GC(135) Pause Young (Allocation Failure) 1439M->102M(4083M) 2.874ms
[373.522s][info][gc,cpu         ] GC(135) User=0.00s Sys=0.00s Real=0.00s
[377.337s][info][gc,start       ] GC(136) Pause Young (Allocation Failure)
[377.341s][info][gc,heap        ] GC(136) PSYoungGen: 1376999K(1384960K)->9806K(1384960K) Eden: 1371217K(1372672K)->0K(1373184K) From: 5782K(12288K)->9806K(11776K)
[377.341s][info][gc,heap        ] GC(136) ParOldGen: 99402K(2796544K)->103441K(2796544K)
[377.341s][info][gc,metaspace   ] GC(136) Metaspace: 79792K(81152K)->79792K(81152K) NonClass: 70143K(70784K)->70143K(70784K) Class: 9648K(10368K)->9648K(10368K)
[377.341s][info][gc             ] GC(136) Pause Young (Allocation Failure) 1441M->110M(4083M) 3.522ms
[377.341s][info][gc,cpu         ] GC(136) User=0.00s Sys=0.00s Real=0.02s
[380.311s][info][gc,start       ] GC(137) Pause Young (Allocation Failure)
[380.314s][info][gc,heap        ] GC(137) PSYoungGen: 1382990K(1384960K)->6416K(1385472K) Eden: 1373184K(1373184K)->0K(1373184K) From: 9806K(11776K)->6416K(12288K)
[380.314s][info][gc,heap        ] GC(137) ParOldGen: 103441K(2796544K)->105919K(2796544K)
[380.314s][info][gc,metaspace   ] GC(137) Metaspace: 79792K(81152K)->79792K(81152K) NonClass: 70144K(70784K)->70144K(70784K) Class: 9648K(10368K)->9648K(10368K)
[380.314s][info][gc             ] GC(137) Pause Young (Allocation Failure) 1451M->109M(4084M) 2.885ms
[380.314s][info][gc,cpu         ] GC(137) User=0.00s Sys=0.00s Real=0.00s
[383.308s][info][gc,start       ] GC(138) Pause Young (Allocation Failure)
[383.311s][info][gc,heap        ] GC(138) PSYoungGen: 1379600K(1385472K)->6001K(1385984K) Eden: 1373184K(1373184K)->0K(1374208K) From: 6416K(12288K)->6001K(11776K)
[383.311s][info][gc,heap        ] GC(138) ParOldGen: 105919K(2796544K)->111052K(2796544K)
[383.311s][info][gc,metaspace   ] GC(138) Metaspace: 79792K(81152K)->79792K(81152K) NonClass: 70144K(70784K)->70144K(70784K) Class: 9648K(10368K)->9648K(10368K)
[383.311s][info][gc             ] GC(138) Pause Young (Allocation Failure) 1450M->114M(4084M) 3.464ms
[383.312s][info][gc,cpu         ] GC(138) User=0.00s Sys=0.00s Real=0.00s
[385.567s][info][gc,start       ] GC(139) Pause Young (Allocation Failure)
[385.570s][info][gc,heap        ] GC(139) PSYoungGen: 1380209K(1385984K)->6863K(1385984K) Eden: 1374208K(1374208K)->0K(1374208K) From: 6001K(11776K)->6863K(11776K)
[385.570s][info][gc,heap        ] GC(139) ParOldGen: 111052K(2796544K)->115076K(2796544K)
[385.570s][info][gc,metaspace   ] GC(139) Metaspace: 79795K(81152K)->79795K(81152K) NonClass: 70146K(70784K)->70146K(70784K) Class: 9648K(10368K)->9648K(10368K)
[385.570s][info][gc             ] GC(139) Pause Young (Allocation Failure) 1456M->119M(4084M) 3.338ms
[385.570s][info][gc,cpu         ] GC(139) User=0.00s Sys=0.00s Real=0.00s
[387.932s][info][gc,start       ] GC(140) Pause Young (Allocation Failure)
[387.935s][info][gc,heap        ] GC(140) PSYoungGen: 1381071K(1385984K)->6265K(1387008K) Eden: 1374208K(1374208K)->0K(1375744K) From: 6863K(11776K)->6265K(11264K)
[387.935s][info][gc,heap        ] GC(140) ParOldGen: 115076K(2796544K)->120099K(2796544K)
[387.935s][info][gc,metaspace   ] GC(140) Metaspace: 79795K(81152K)->79795K(81152K) NonClass: 70146K(70784K)->70146K(70784K) Class: 9648K(10368K)->9648K(10368K)
[387.935s][info][gc             ] GC(140) Pause Young (Allocation Failure) 1461M->123M(4085M) 3.729ms
[387.936s][info][gc,cpu         ] GC(140) User=0.00s Sys=0.00s Real=0.00s
[391.083s][info][gc,start       ] GC(141) Pause Young (System.gc())
[391.085s][info][gc,heap        ] GC(141) PSYoungGen: 1327571K(1387008K)->3662K(1386496K) Eden: 1321306K(1375744K)->0K(1375744K) From: 6265K(11264K)->3662K(10752K)
[391.085s][info][gc,heap        ] GC(141) ParOldGen: 120099K(2796544K)->124914K(2796544K)
[391.085s][info][gc,metaspace   ] GC(141) Metaspace: 79798K(81152K)->79798K(81152K) NonClass: 70149K(70784K)->70149K(70784K) Class: 9648K(10368K)->9648K(10368K)
[391.086s][info][gc             ] GC(141) Pause Young (System.gc()) 1413M->125M(4085M) 2.838ms
[391.086s][info][gc,cpu         ] GC(141) User=0.00s Sys=0.00s Real=0.00s
[391.086s][info][gc,start       ] GC(142) Pause Full (System.gc())
[391.086s][info][gc,phases,start] GC(142) Marking Phase
[391.105s][info][gc,phases      ] GC(142) Marking Phase 19.644ms
[391.105s][info][gc,phases,start] GC(142) Summary Phase
[391.105s][info][gc,phases      ] GC(142) Summary Phase 0.011ms
[391.105s][info][gc,phases,start] GC(142) Adjust Roots
[391.112s][info][gc,phases      ] GC(142) Adjust Roots 6.435ms
[391.112s][info][gc,phases,start] GC(142) Compaction Phase
[391.126s][info][gc,phases      ] GC(142) Compaction Phase 14.081ms
[391.126s][info][gc,phases,start] GC(142) Post Compact
[391.127s][info][gc,phases      ] GC(142) Post Compact 1.181ms
[391.127s][info][gc,heap        ] GC(142) PSYoungGen: 3662K(1386496K)->0K(1386496K) Eden: 0K(1375744K)->0K(1375744K) From: 3662K(10752K)->0K(10752K)
[391.127s][info][gc,heap        ] GC(142) ParOldGen: 124914K(2796544K)->81879K(2796544K)
[391.127s][info][gc,metaspace   ] GC(142) Metaspace: 79798K(81152K)->79798K(81152K) NonClass: 70149K(70784K)->70149K(70784K) Class: 9648K(10368K)->9648K(10368K)
[391.127s][info][gc             ] GC(142) Pause Full (System.gc()) 125M->79M(4085M) 41.615ms
[391.127s][info][gc,cpu         ] GC(142) User=0.03s Sys=0.00s Real=0.05s
[394.331s][info][gc,start       ] GC(143) Pause Young (Allocation Failure)
[394.333s][info][gc,heap        ] GC(143) PSYoungGen: 1375744K(1386496K)->5244K(1387008K) Eden: 1375744K(1375744K)->0K(1376256K) From: 0K(10752K)->5244K(10752K)
[394.333s][info][gc,heap        ] GC(143) ParOldGen: 81879K(2796544K)->81879K(2796544K)
[394.333s][info][gc,metaspace   ] GC(143) Metaspace: 79798K(81152K)->79798K(81152K) NonClass: 70149K(70784K)->70149K(70784K) Class: 9648K(10368K)->9648K(10368K)
[394.333s][info][gc             ] GC(143) Pause Young (Allocation Failure) 1423M->85M(4085M) 2.065ms
[394.333s][info][gc,cpu         ] GC(143) User=0.00s Sys=0.00s Real=0.00s
[397.107s][info][gc,start       ] GC(144) Pause Young (Allocation Failure)
[397.111s][info][gc,heap        ] GC(144) PSYoungGen: 1379599K(1387008K)->10729K(1387008K) Eden: 1374355K(1376256K)->0K(1376256K) From: 5244K(10752K)->10729K(10752K)
[397.111s][info][gc,heap        ] GC(144) ParOldGen: 81879K(2796544K)->90754K(2796544K)
[397.111s][info][gc,metaspace   ] GC(144) Metaspace: 79801K(81152K)->79801K(81152K) NonClass: 70152K(70784K)->70152K(70784K) Class: 9648K(10368K)->9648K(10368K)
[397.111s][info][gc             ] GC(144) Pause Young (Allocation Failure) 1427M->99M(4085M) 3.882ms
[397.111s][info][gc,cpu         ] GC(144) User=0.00s Sys=0.00s Real=0.00s
[401.392s][info][gc,start       ] GC(145) Pause Young (Allocation Failure)
[401.394s][info][gc,heap        ] GC(145) PSYoungGen: 1386985K(1387008K)->4723K(1378816K) Eden: 1376256K(1376256K)->0K(1368064K) From: 10729K(10752K)->4723K(10752K)
[401.394s][info][gc,heap        ] GC(145) ParOldGen: 90754K(2796544K)->94520K(2796544K)
[401.394s][info][gc,metaspace   ] GC(145) Metaspace: 79802K(81152K)->79802K(81152K) NonClass: 70153K(70784K)->70153K(70784K) Class: 9648K(10368K)->9648K(10368K)
[401.394s][info][gc             ] GC(145) Pause Young (Allocation Failure) 1443M->96M(4077M) 2.781ms
[401.394s][info][gc,cpu         ] GC(145) User=0.00s Sys=0.00s Real=0.00s
[403.616s][info][gc,start       ] GC(146) Pause Young (Allocation Failure)
[403.619s][info][gc,heap        ] GC(146) PSYoungGen: 1372787K(1378816K)->6163K(1382912K) Eden: 1368064K(1368064K)->0K(1368064K) From: 4723K(10752K)->6163K(14848K)
[403.619s][info][gc,heap        ] GC(146) ParOldGen: 94520K(2796544K)->97665K(2796544K)
[403.619s][info][gc,metaspace   ] GC(146) Metaspace: 79805K(81152K)->79805K(81152K) NonClass: 70156K(70784K)->70156K(70784K) Class: 9648K(10368K)->9648K(10368K)
[403.619s][info][gc             ] GC(146) Pause Young (Allocation Failure) 1432M->101M(4081M) 3.093ms
[403.619s][info][gc,cpu         ] GC(146) User=0.00s Sys=0.00s Real=0.00s
[408.291s][info][gc,start       ] GC(147) Pause Young (Allocation Failure)
[408.294s][info][gc,heap        ] GC(147) PSYoungGen: 1374227K(1382912K)->5374K(1383936K) Eden: 1368064K(1368064K)->0K(1369600K) From: 6163K(14848K)->5374K(14336K)
[408.294s][info][gc,heap        ] GC(147) ParOldGen: 97665K(2796544K)->101891K(2796544K)
[408.294s][info][gc,metaspace   ] GC(147) Metaspace: 79805K(81152K)->79805K(81152K) NonClass: 70156K(70784K)->70156K(70784K) Class: 9648K(10368K)->9648K(10368K)
[408.294s][info][gc             ] GC(147) Pause Young (Allocation Failure) 1437M->104M(4082M) 3.267ms
[408.294s][info][gc,cpu         ] GC(147) User=0.00s Sys=0.00s Real=0.00s
[410.818s][info][gc,start       ] GC(148) Pause Young (Allocation Failure)
[410.821s][info][gc,heap        ] GC(148) PSYoungGen: 1374974K(1383936K)->5931K(1383424K) Eden: 1369600K(1369600K)->0K(1369600K) From: 5374K(14336K)->5931K(13824K)
[410.821s][info][gc,heap        ] GC(148) ParOldGen: 101891K(2796544K)->106029K(2796544K)
[410.821s][info][gc,metaspace   ] GC(148) Metaspace: 79812K(81152K)->79812K(81152K) NonClass: 70163K(70784K)->70163K(70784K) Class: 9648K(10368K)->9648K(10368K)
[410.821s][info][gc             ] GC(148) Pause Young (Allocation Failure) 1442M->109M(4082M) 3.196ms
[410.822s][info][gc,cpu         ] GC(148) User=0.00s Sys=0.00s Real=0.00s
[414.693s][info][gc,start       ] GC(149) Pause Young (Allocation Failure)
[414.696s][info][gc,heap        ] GC(149) PSYoungGen: 1375432K(1383424K)->5641K(1384448K) Eden: 1369500K(1369600K)->0K(1371136K) From: 5931K(13824K)->5641K(13312K)
[414.696s][info][gc,heap        ] GC(149) ParOldGen: 106029K(2796544K)->109566K(2796544K)
[414.696s][info][gc,metaspace   ] GC(149) Metaspace: 79814K(81152K)->79814K(81152K) NonClass: 70165K(70784K)->70165K(70784K) Class: 9648K(10368K)->9648K(10368K)
[414.696s][info][gc             ] GC(149) Pause Young (Allocation Failure) 1446M->112M(4083M) 2.957ms
[414.696s][info][gc,cpu         ] GC(149) User=0.00s Sys=0.00s Real=0.00s
[417.689s][info][gc,start       ] GC(150) Pause Young (Allocation Failure)
[417.693s][info][gc,heap        ] GC(150) PSYoungGen: 1376777K(1384448K)->7369K(1384448K) Eden: 1371136K(1371136K)->0K(1371136K) From: 5641K(13312K)->7369K(13312K)
[417.693s][info][gc,heap        ] GC(150) ParOldGen: 109566K(2796544K)->112016K(2796544K)
[417.693s][info][gc,metaspace   ] GC(150) Metaspace: 79815K(81152K)->79815K(81152K) NonClass: 70166K(70784K)->70166K(70784K) Class: 9648K(10368K)->9648K(10368K)
[417.693s][info][gc             ] GC(150) Pause Young (Allocation Failure) 1451M->116M(4083M) 3.507ms
[417.693s][info][gc,cpu         ] GC(150) User=0.00s Sys=0.00s Real=0.00s
[420.694s][info][gc,start       ] GC(151) Pause Young (Allocation Failure)
[420.698s][info][gc,heap        ] GC(151) PSYoungGen: 1378505K(1384448K)->7272K(1385472K) Eden: 1371136K(1371136K)->0K(1372672K) From: 7369K(13312K)->7272K(12800K)
[420.698s][info][gc,heap        ] GC(151) ParOldGen: 112016K(2796544K)->117283K(2796544K)
[420.698s][info][gc,metaspace   ] GC(151) Metaspace: 79816K(81152K)->79816K(81152K) NonClass: 70167K(70784K)->70167K(70784K) Class: 9648K(10368K)->9648K(10368K)
[420.698s][info][gc             ] GC(151) Pause Young (Allocation Failure) 1455M->121M(4084M) 4.100ms
[420.698s][info][gc,cpu         ] GC(151) User=0.00s Sys=0.00s Real=0.00s
[422.958s][info][gc,start       ] GC(152) Pause Young (Allocation Failure)
[422.962s][info][gc,heap        ] GC(152) PSYoungGen: 1379944K(1385472K)->6339K(1384960K) Eden: 1372672K(1372672K)->0K(1372672K) From: 7272K(12800K)->6339K(12288K)
[422.962s][info][gc,heap        ] GC(152) ParOldGen: 117283K(2796544K)->121273K(2796544K)
[422.962s][info][gc,metaspace   ] GC(152) Metaspace: 79820K(81152K)->79820K(81152K) NonClass: 70171K(70784K)->70171K(70784K) Class: 9648K(10368K)->9648K(10368K)
[422.962s][info][gc             ] GC(152) Pause Young (Allocation Failure) 1462M->124M(4083M) 3.944ms
[422.962s][info][gc,cpu         ] GC(152) User=0.00s Sys=0.00s Real=0.00s
[425.270s][info][gc,start       ] GC(153) Pause Young (Allocation Failure)
[425.274s][info][gc,heap        ] GC(153) PSYoungGen: 1379011K(1384960K)->5940K(1385984K) Eden: 1372672K(1372672K)->0K(1374208K) From: 6339K(12288K)->5940K(11776K)
[425.274s][info][gc,heap        ] GC(153) ParOldGen: 121273K(2796544K)->126308K(2796544K)
[425.274s][info][gc,metaspace   ] GC(153) Metaspace: 79823K(81152K)->79823K(81152K) NonClass: 70174K(70784K)->70174K(70784K) Class: 9648K(10368K)->9648K(10368K)
[425.274s][info][gc             ] GC(153) Pause Young (Allocation Failure) 1465M->129M(4084M) 3.717ms
[425.274s][info][gc,cpu         ] GC(153) User=0.00s Sys=0.00s Real=0.00s
[428.319s][info][gc,start       ] GC(154) Pause Young (System.gc())
[428.322s][info][gc,heap        ] GC(154) PSYoungGen: 1315713K(1385984K)->3563K(1385984K) Eden: 1309773K(1374208K)->0K(1374208K) From: 5940K(11776K)->3563K(11776K)
[428.322s][info][gc,heap        ] GC(154) ParOldGen: 126308K(2796544K)->131064K(2796544K)
[428.322s][info][gc,metaspace   ] GC(154) Metaspace: 79831K(81152K)->79831K(81152K) NonClass: 70181K(70784K)->70181K(70784K) Class: 9650K(10368K)->9650K(10368K)
[428.322s][info][gc             ] GC(154) Pause Young (System.gc()) 1408M->131M(4084M) 2.745ms
[428.322s][info][gc,cpu         ] GC(154) User=0.00s Sys=0.00s Real=0.00s
[428.322s][info][gc,start       ] GC(155) Pause Full (System.gc())
[428.322s][info][gc,phases,start] GC(155) Marking Phase
[428.342s][info][gc,phases      ] GC(155) Marking Phase 20.209ms
[428.342s][info][gc,phases,start] GC(155) Summary Phase
[428.342s][info][gc,phases      ] GC(155) Summary Phase 0.010ms
[428.342s][info][gc,phases,start] GC(155) Adjust Roots
[428.349s][info][gc,phases      ] GC(155) Adjust Roots 6.403ms
[428.349s][info][gc,phases,start] GC(155) Compaction Phase
[428.362s][info][gc,phases      ] GC(155) Compaction Phase 12.737ms
[428.362s][info][gc,phases,start] GC(155) Post Compact
[428.363s][info][gc,phases      ] GC(155) Post Compact 1.215ms
[428.363s][info][gc,heap        ] GC(155) PSYoungGen: 3563K(1385984K)->0K(1385984K) Eden: 0K(1374208K)->0K(1374208K) From: 3563K(11776K)->0K(11776K)
[428.363s][info][gc,heap        ] GC(155) ParOldGen: 131064K(2796544K)->82903K(2796544K)
[428.363s][info][gc,metaspace   ] GC(155) Metaspace: 79831K(81152K)->79831K(81152K) NonClass: 70181K(70784K)->70181K(70784K) Class: 9650K(10368K)->9650K(10368K)
[428.363s][info][gc             ] GC(155) Pause Full (System.gc()) 131M->80M(4084M) 40.837ms
[428.363s][info][gc,cpu         ] GC(155) User=0.03s Sys=0.00s Real=0.05s
[431.626s][info][gc,start       ] GC(156) Pause Young (Allocation Failure)
[431.628s][info][gc,heap        ] GC(156) PSYoungGen: 1374208K(1385984K)->5150K(1386496K) Eden: 1374208K(1374208K)->0K(1374720K) From: 0K(11776K)->5150K(11776K)
[431.628s][info][gc,heap        ] GC(156) ParOldGen: 82903K(2796544K)->82903K(2796544K)
[431.628s][info][gc,metaspace   ] GC(156) Metaspace: 79831K(81152K)->79831K(81152K) NonClass: 70181K(70784K)->70181K(70784K) Class: 9650K(10368K)->9650K(10368K)
[431.628s][info][gc             ] GC(156) Pause Young (Allocation Failure) 1422M->85M(4085M) 2.289ms
[431.628s][info][gc,cpu         ] GC(156) User=0.00s Sys=0.00s Real=0.00s
[434.370s][info][gc,start       ] GC(157) Pause Young (Allocation Failure)
[434.374s][info][gc,heap        ] GC(157) PSYoungGen: 1377719K(1386496K)->10905K(1385984K) Eden: 1372569K(1374720K)->0K(1374720K) From: 5150K(11776K)->10905K(11264K)
[434.375s][info][gc,heap        ] GC(157) ParOldGen: 82903K(2796544K)->86974K(2796544K)
[434.375s][info][gc,metaspace   ] GC(157) Metaspace: 79832K(81152K)->79832K(81152K) NonClass: 70182K(70784K)->70182K(70784K) Class: 9650K(10368K)->9650K(10368K)
[434.375s][info][gc             ] GC(157) Pause Young (Allocation Failure) 1426M->95M(4084M) 4.165ms
[434.375s][info][gc,cpu         ] GC(157) User=0.00s Sys=0.00s Real=0.00s
[438.531s][info][gc,start       ] GC(158) Pause Young (Allocation Failure)
[438.534s][info][gc,heap        ] GC(158) PSYoungGen: 1385625K(1385984K)->6157K(1384960K) Eden: 1374720K(1374720K)->0K(1373184K) From: 10905K(11264K)->6157K(11776K)
[438.534s][info][gc,heap        ] GC(158) ParOldGen: 86974K(2796544K)->89610K(2796544K)
[438.534s][info][gc,metaspace   ] GC(158) Metaspace: 79832K(81152K)->79832K(81152K) NonClass: 70182K(70784K)->70182K(70784K) Class: 9650K(10368K)->9650K(10368K)
[438.534s][info][gc             ] GC(158) Pause Young (Allocation Failure) 1438M->93M(4083M) 2.554ms
[438.534s][info][gc,cpu         ] GC(158) User=0.00s Sys=0.00s Real=0.00s
[440.812s][info][gc,start       ] GC(159) Pause Young (Allocation Failure)
[440.815s][info][gc,heap        ] GC(159) PSYoungGen: 1379341K(1384960K)->6195K(1385472K) Eden: 1373184K(1373184K)->0K(1373184K) From: 6157K(11776K)->6195K(12288K)
[440.815s][info][gc,heap        ] GC(159) ParOldGen: 89610K(2796544K)->92780K(2796544K)
[440.815s][info][gc,metaspace   ] GC(159) Metaspace: 79832K(81152K)->79832K(81152K) NonClass: 70182K(70784K)->70182K(70784K) Class: 9650K(10368K)->9650K(10368K)
[440.815s][info][gc             ] GC(159) Pause Young (Allocation Failure) 1434M->96M(4084M) 3.313ms
[440.815s][info][gc,cpu         ] GC(159) User=0.00s Sys=0.00s Real=0.00s
[445.506s][info][gc,start       ] GC(160) Pause Young (Allocation Failure)
[445.509s][info][gc,heap        ] GC(160) PSYoungGen: 1379379K(1385472K)->5464K(1386496K) Eden: 1373184K(1373184K)->0K(1374720K) From: 6195K(12288K)->5464K(11776K)
[445.509s][info][gc,heap        ] GC(160) ParOldGen: 92780K(2796544K)->97384K(2796544K)
[445.509s][info][gc,metaspace   ] GC(160) Metaspace: 79832K(81152K)->79832K(81152K) NonClass: 70182K(70784K)->70182K(70784K) Class: 9650K(10368K)->9650K(10368K)
[445.509s][info][gc             ] GC(160) Pause Young (Allocation Failure) 1437M->100M(4085M) 3.353ms
[445.509s][info][gc,cpu         ] GC(160) User=0.02s Sys=0.00s Real=0.01s
[448.079s][info][gc,start       ] GC(161) Pause Young (Allocation Failure)
[448.082s][info][gc,heap        ] GC(161) PSYoungGen: 1380184K(1386496K)->5831K(1385984K) Eden: 1374720K(1374720K)->0K(1374720K) From: 5464K(11776K)->5831K(11264K)
[448.082s][info][gc,heap        ] GC(161) ParOldGen: 97384K(2796544K)->101531K(2796544K)
[448.082s][info][gc,metaspace   ] GC(161) Metaspace: 79833K(81216K)->79833K(81216K) NonClass: 70183K(70848K)->70183K(70848K) Class: 9650K(10368K)->9650K(10368K)
[448.082s][info][gc             ] GC(161) Pause Young (Allocation Failure) 1442M->104M(4084M) 3.042ms
[448.082s][info][gc,cpu         ] GC(161) User=0.02s Sys=0.00s Real=0.01s
[451.879s][info][gc,start       ] GC(162) Pause Young (Allocation Failure)
[451.882s][info][gc,heap        ] GC(162) PSYoungGen: 1377115K(1385984K)->5666K(1387008K) Eden: 1371284K(1374720K)->0K(1375744K) From: 5831K(11264K)->5666K(11264K)
[451.882s][info][gc,heap        ] GC(162) ParOldGen: 101531K(2796544K)->105060K(2796544K)
[451.882s][info][gc,metaspace   ] GC(162) Metaspace: 79835K(81216K)->79835K(81216K) NonClass: 70185K(70848K)->70185K(70848K) Class: 9650K(10368K)->9650K(10368K)
[451.882s][info][gc             ] GC(162) Pause Young (Allocation Failure) 1443M->108M(4085M) 3.128ms
[451.882s][info][gc,cpu         ] GC(162) User=0.00s Sys=0.00s Real=0.00s
[454.877s][info][gc,start       ] GC(163) Pause Young (Allocation Failure)
[454.881s][info][gc,heap        ] GC(163) PSYoungGen: 1381410K(1387008K)->7207K(1386496K) Eden: 1375744K(1375744K)->0K(1375744K) From: 5666K(11264K)->7207K(10752K)
[454.881s][info][gc,heap        ] GC(163) ParOldGen: 105060K(2796544K)->107556K(2796544K)
[454.881s][info][gc,metaspace   ] GC(163) Metaspace: 79835K(81216K)->79835K(81216K) NonClass: 70185K(70848K)->70185K(70848K) Class: 9650K(10368K)->9650K(10368K)
[454.881s][info][gc             ] GC(163) Pause Young (Allocation Failure) 1451M->112M(4085M) 3.385ms
[454.881s][info][gc,cpu         ] GC(163) User=0.00s Sys=0.00s Real=0.00s
[457.930s][info][gc,start       ] GC(164) Pause Young (Allocation Failure)
[457.933s][info][gc,heap        ] GC(164) PSYoungGen: 1382951K(1386496K)->4957K(1387008K) Eden: 1375744K(1375744K)->0K(1376256K) From: 7207K(10752K)->4957K(10752K)
[457.933s][info][gc,heap        ] GC(164) ParOldGen: 107556K(2796544K)->112723K(2796544K)
[457.933s][info][gc,metaspace   ] GC(164) Metaspace: 79835K(81216K)->79835K(81216K) NonClass: 70185K(70848K)->70185K(70848K) Class: 9650K(10368K)->9650K(10368K)
[457.933s][info][gc             ] GC(164) Pause Young (Allocation Failure) 1455M->114M(4085M) 3.011ms
[457.933s][info][gc,cpu         ] GC(164) User=0.00s Sys=0.00s Real=0.00s
[460.157s][info][gc,start       ] GC(165) Pause Young (Allocation Failure)
[460.160s][info][gc,heap        ] GC(165) PSYoungGen: 1381213K(1387008K)->6503K(1387008K) Eden: 1376256K(1376256K)->0K(1376256K) From: 4957K(10752K)->6503K(10752K)
[460.160s][info][gc,heap        ] GC(165) ParOldGen: 112723K(2796544K)->116645K(2796544K)
[460.160s][info][gc,metaspace   ] GC(165) Metaspace: 79839K(81216K)->79839K(81216K) NonClass: 70189K(70848K)->70189K(70848K) Class: 9650K(10368K)->9650K(10368K)
[460.160s][info][gc             ] GC(165) Pause Young (Allocation Failure) 1458M->120M(4085M) 3.231ms
[460.160s][info][gc,cpu         ] GC(165) User=0.00s Sys=0.00s Real=0.00s
[462.519s][info][gc,start       ] GC(166) Pause Young (Allocation Failure)
[462.523s][info][gc,heap        ] GC(166) PSYoungGen: 1382759K(1387008K)->6165K(1388032K) Eden: 1376256K(1376256K)->0K(1377792K) From: 6503K(10752K)->6165K(10240K)
[462.523s][info][gc,heap        ] GC(166) ParOldGen: 116645K(2796544K)->121710K(2796544K)
[462.523s][info][gc,metaspace   ] GC(166) Metaspace: 79842K(81216K)->79842K(81216K) NonClass: 70192K(70848K)->70192K(70848K) Class: 9650K(10368K)->9650K(10368K)
[462.523s][info][gc             ] GC(166) Pause Young (Allocation Failure) 1464M->124M(4086M) 3.607ms
[462.523s][info][gc,cpu         ] GC(166) User=0.00s Sys=0.00s Real=0.00s
[465.574s][info][gc,start       ] GC(167) Pause Young (System.gc())
[465.577s][info][gc,heap        ] GC(167) PSYoungGen: 1299552K(1388032K)->3607K(1387520K) Eden: 1293386K(1377792K)->0K(1377792K) From: 6165K(10240K)->3607K(9728K)
[465.577s][info][gc,heap        ] GC(167) ParOldGen: 121710K(2796544K)->126448K(2796544K)
[465.577s][info][gc,metaspace   ] GC(167) Metaspace: 79847K(81216K)->79847K(81216K) NonClass: 70196K(70848K)->70196K(70848K) Class: 9650K(10368K)->9650K(10368K)
[465.577s][info][gc             ] GC(167) Pause Young (System.gc()) 1387M->127M(4086M) 2.797ms
[465.577s][info][gc,cpu         ] GC(167) User=0.00s Sys=0.00s Real=0.00s
[465.577s][info][gc,start       ] GC(168) Pause Full (System.gc())
[465.577s][info][gc,phases,start] GC(168) Marking Phase
[465.596s][info][gc,phases      ] GC(168) Marking Phase 19.399ms
[465.597s][info][gc,phases,start] GC(168) Summary Phase
[465.597s][info][gc,phases      ] GC(168) Summary Phase 0.021ms
[465.597s][info][gc,phases,start] GC(168) Adjust Roots
[465.603s][info][gc,phases      ] GC(168) Adjust Roots 5.915ms
[465.603s][info][gc,phases,start] GC(168) Compaction Phase
[465.615s][info][gc,phases      ] GC(168) Compaction Phase 11.995ms
[465.615s][info][gc,phases,start] GC(168) Post Compact
[465.616s][info][gc,phases      ] GC(168) Post Compact 1.343ms
[465.616s][info][gc,heap        ] GC(168) PSYoungGen: 3607K(1387520K)->0K(1387520K) Eden: 0K(1377792K)->0K(1377792K) From: 3607K(9728K)->0K(9728K)
[465.616s][info][gc,heap        ] GC(168) ParOldGen: 126448K(2796544K)->81730K(2796544K)
[465.616s][info][gc,metaspace   ] GC(168) Metaspace: 79847K(81216K)->79847K(81216K) NonClass: 70196K(70848K)->70196K(70848K) Class: 9650K(10368K)->9650K(10368K)
[465.616s][info][gc             ] GC(168) Pause Full (System.gc()) 127M->79M(4086M) 39.006ms
[465.616s][info][gc,cpu         ] GC(168) User=0.03s Sys=0.00s Real=0.05s
[468.805s][info][gc,start       ] GC(169) Pause Young (Allocation Failure)
[468.808s][info][gc,heap        ] GC(169) PSYoungGen: 1377792K(1387520K)->5030K(1388032K) Eden: 1377792K(1377792K)->0K(1378304K) From: 0K(9728K)->5030K(9728K)
[468.808s][info][gc,heap        ] GC(169) ParOldGen: 81730K(2796544K)->81730K(2796544K)
[468.808s][info][gc,metaspace   ] GC(169) Metaspace: 79847K(81216K)->79847K(81216K) NonClass: 70196K(70848K)->70196K(70848K) Class: 9650K(10368K)->9650K(10368K)
[468.808s][info][gc             ] GC(169) Pause Young (Allocation Failure) 1425M->84M(4086M) 2.513ms
[468.808s][info][gc,cpu         ] GC(169) User=0.02s Sys=0.00s Real=0.01s
[471.621s][info][gc,start       ] GC(170) Pause Young (Allocation Failure)
[471.624s][info][gc,heap        ] GC(170) PSYoungGen: 1383323K(1388032K)->6073K(1388032K) Eden: 1378292K(1378304K)->0K(1378304K) From: 5030K(9728K)->6073K(9728K)
[471.624s][info][gc,heap        ] GC(170) ParOldGen: 81730K(2796544K)->85706K(2796544K)
[471.624s][info][gc,metaspace   ] GC(170) Metaspace: 79850K(81216K)->79850K(81216K) NonClass: 70199K(70848K)->70199K(70848K) Class: 9650K(10368K)->9650K(10368K)
[471.624s][info][gc             ] GC(170) Pause Young (Allocation Failure) 1430M->89M(4086M) 2.879ms
[471.624s][info][gc,cpu         ] GC(170) User=0.00s Sys=0.00s Real=0.00s
[475.987s][info][gc,start       ] GC(171) Pause Young (Allocation Failure)
[475.990s][info][gc,heap        ] GC(171) PSYoungGen: 1384377K(1388032K)->5087K(1388544K) Eden: 1378304K(1378304K)->0K(1379328K) From: 6073K(9728K)->5087K(9216K)
[475.990s][info][gc,heap        ] GC(171) ParOldGen: 85706K(2796544K)->88346K(2796544K)
[475.990s][info][gc,metaspace   ] GC(171) Metaspace: 79855K(81216K)->79855K(81216K) NonClass: 70204K(70848K)->70204K(70848K) Class: 9650K(10368K)->9650K(10368K)
[475.990s][info][gc             ] GC(171) Pause Young (Allocation Failure) 1435M->91M(4087M) 3.129ms
[475.990s][info][gc,cpu         ] GC(171) User=0.00s Sys=0.00s Real=0.00s
[478.238s][info][gc,start       ] GC(172) Pause Young (Allocation Failure)
[478.241s][info][gc,heap        ] GC(172) PSYoungGen: 1384415K(1388544K)->6819K(1388544K) Eden: 1379328K(1379328K)->0K(1379328K) From: 5087K(9216K)->6819K(9216K)
[478.241s][info][gc,heap        ] GC(172) ParOldGen: 88346K(2796544K)->91567K(2796544K)
[478.241s][info][gc,metaspace   ] GC(172) Metaspace: 79856K(81216K)->79856K(81216K) NonClass: 70205K(70848K)->70205K(70848K) Class: 9650K(10368K)->9650K(10368K)
[478.241s][info][gc             ] GC(172) Pause Young (Allocation Failure) 1438M->96M(4087M) 3.131ms
[478.241s][info][gc,cpu         ] GC(172) User=0.00s Sys=0.00s Real=0.00s
[482.877s][info][gc,start       ] GC(173) Pause Young (Allocation Failure)
[482.880s][info][gc,heap        ] GC(173) PSYoungGen: 1386147K(1388544K)->5459K(1388544K) Eden: 1379328K(1379328K)->0K(1379328K) From: 6819K(9216K)->5459K(9216K)
[482.880s][info][gc,heap        ] GC(173) ParOldGen: 91567K(2796544K)->96190K(2796544K)
[482.880s][info][gc,metaspace   ] GC(173) Metaspace: 79856K(81216K)->79856K(81216K) NonClass: 70206K(70848K)->70206K(70848K) Class: 9650K(10368K)->9650K(10368K)
[482.880s][info][gc             ] GC(173) Pause Young (Allocation Failure) 1443M->99M(4087M) 3.237ms
[482.880s][info][gc,cpu         ] GC(173) User=0.00s Sys=0.00s Real=0.00s
[485.647s][info][gc,start       ] GC(174) Pause Young (Allocation Failure)
[485.650s][info][gc,heap        ] GC(174) PSYoungGen: 1382531K(1388544K)->4868K(1388544K) Eden: 1377072K(1379328K)->0K(1379328K) From: 5459K(9216K)->4868K(9216K)
[485.650s][info][gc,heap        ] GC(174) ParOldGen: 96190K(2796544K)->100363K(2796544K)
[485.650s][info][gc,metaspace   ] GC(174) Metaspace: 79856K(81216K)->79856K(81216K) NonClass: 70206K(70848K)->70206K(70848K) Class: 9650K(10368K)->9650K(10368K)
[485.650s][info][gc             ] GC(174) Pause Young (Allocation Failure) 1444M->102M(4087M) 2.752ms
[485.650s][info][gc,cpu         ] GC(174) User=0.00s Sys=0.00s Real=0.00s
[489.222s][info][gc,start       ] GC(175) Pause Young (Allocation Failure)
[489.225s][info][gc,heap        ] GC(175) PSYoungGen: 1381561K(1388544K)->6081K(1389056K) Eden: 1376693K(1379328K)->0K(1379840K) From: 4868K(9216K)->6081K(9216K)
[489.225s][info][gc,heap        ] GC(175) ParOldGen: 100363K(2796544K)->107980K(2796544K)
[489.225s][info][gc,metaspace   ] GC(175) Metaspace: 79856K(81216K)->79856K(81216K) NonClass: 70206K(70848K)->70206K(70848K) Class: 9650K(10368K)->9650K(10368K)
[489.225s][info][gc             ] GC(175) Pause Young (Allocation Failure) 1447M->111M(4087M) 3.490ms
[489.225s][info][gc,cpu         ] GC(175) User=0.00s Sys=0.00s Real=0.00s
[492.309s][info][gc,start       ] GC(176) Pause Young (Allocation Failure)
[492.315s][info][gc,heap        ] GC(176) PSYoungGen: 1385921K(1389056K)->8703K(1388544K) Eden: 1379840K(1379840K)->0K(1379840K) From: 6081K(9216K)->8703K(8704K)
[492.315s][info][gc,heap        ] GC(176) ParOldGen: 107980K(2796544K)->111786K(2796544K)
[492.315s][info][gc,metaspace   ] GC(176) Metaspace: 79857K(81216K)->79857K(81216K) NonClass: 70206K(70848K)->70206K(70848K) Class: 9650K(10368K)->9650K(10368K)
[492.315s][info][gc             ] GC(176) Pause Young (Allocation Failure) 1458M->117M(4087M) 5.762ms
[492.315s][info][gc,cpu         ] GC(176) User=0.00s Sys=0.00s Real=0.00s
[495.539s][info][gc,start       ] GC(177) Pause Young (Allocation Failure)
[495.543s][info][gc,heap        ] GC(177) PSYoungGen: 1388543K(1388544K)->4882K(1385472K) Eden: 1379840K(1379840K)->0K(1376256K) From: 8703K(8704K)->4882K(9216K)
[495.543s][info][gc,heap        ] GC(177) ParOldGen: 111786K(2796544K)->117169K(2796544K)
[495.543s][info][gc,metaspace   ] GC(177) Metaspace: 79861K(81216K)->79861K(81216K) NonClass: 70210K(70848K)->70210K(70848K) Class: 9651K(10368K)->9651K(10368K)
[495.543s][info][gc             ] GC(177) Pause Young (Allocation Failure) 1465M->119M(4084M) 3.970ms
[495.543s][info][gc,cpu         ] GC(177) User=0.02s Sys=0.00s Real=0.02s
[497.826s][info][gc,start       ] GC(178) Pause Young (Allocation Failure)
[497.829s][info][gc,heap        ] GC(178) PSYoungGen: 1381138K(1385472K)->7071K(1387008K) Eden: 1376256K(1376256K)->0K(1376256K) From: 4882K(9216K)->7071K(10752K)
[497.829s][info][gc,heap        ] GC(178) ParOldGen: 117169K(2796544K)->121169K(2796544K)
[497.829s][info][gc,metaspace   ] GC(178) Metaspace: 79863K(81216K)->79863K(81216K) NonClass: 70212K(70848K)->70212K(70848K) Class: 9651K(10368K)->9651K(10368K)
[497.829s][info][gc             ] GC(178) Pause Young (Allocation Failure) 1463M->125M(4085M) 3.573ms
[497.829s][info][gc,cpu         ] GC(178) User=0.00s Sys=0.00s Real=0.00s
[500.085s][info][gc,start       ] GC(179) Pause Young (Allocation Failure)
[500.088s][info][gc,heap        ] GC(179) PSYoungGen: 1383162K(1387008K)->6446K(1387520K) Eden: 1376091K(1376256K)->0K(1376768K) From: 7071K(10752K)->6446K(10752K)
[500.088s][info][gc,heap        ] GC(179) ParOldGen: 121169K(2796544K)->126195K(2796544K)
[500.088s][info][gc,metaspace   ] GC(179) Metaspace: 79864K(81216K)->79864K(81216K) NonClass: 70212K(70848K)->70212K(70848K) Class: 9651K(10368K)->9651K(10368K)
[500.088s][info][gc             ] GC(179) Pause Young (Allocation Failure) 1469M->129M(4086M) 3.453ms
[500.088s][info][gc,cpu         ] GC(179) User=0.00s Sys=0.00s Real=0.00s
[502.985s][info][gc,start       ] GC(180) Pause Young (System.gc())
[502.988s][info][gc,heap        ] GC(180) PSYoungGen: 1239060K(1387520K)->3531K(1387008K) Eden: 1232613K(1376768K)->0K(1376768K) From: 6446K(10752K)->3531K(10240K)
[502.988s][info][gc,heap        ] GC(180) ParOldGen: 126195K(2796544K)->131338K(2796544K)
[502.988s][info][gc,metaspace   ] GC(180) Metaspace: 79870K(81216K)->79870K(81216K) NonClass: 70218K(70848K)->70218K(70848K) Class: 9651K(10368K)->9651K(10368K)
[502.988s][info][gc             ] GC(180) Pause Young (System.gc()) 1333M->131M(4085M) 3.006ms
[502.988s][info][gc,cpu         ] GC(180) User=0.00s Sys=0.00s Real=0.00s
[502.988s][info][gc,start       ] GC(181) Pause Full (System.gc())
[502.988s][info][gc,phases,start] GC(181) Marking Phase
[503.008s][info][gc,phases      ] GC(181) Marking Phase 20.319ms
[503.008s][info][gc,phases,start] GC(181) Summary Phase
[503.008s][info][gc,phases      ] GC(181) Summary Phase 0.011ms
[503.008s][info][gc,phases,start] GC(181) Adjust Roots
[503.015s][info][gc,phases      ] GC(181) Adjust Roots 6.401ms
[503.015s][info][gc,phases,start] GC(181) Compaction Phase
[503.032s][info][gc,phases      ] GC(181) Compaction Phase 17.350ms
[503.032s][info][gc,phases,start] GC(181) Post Compact
[503.035s][info][gc,phases      ] GC(181) Post Compact 3.134ms
[503.035s][info][gc,heap        ] GC(181) PSYoungGen: 3531K(1387008K)->0K(1387008K) Eden: 0K(1376768K)->0K(1376768K) From: 3531K(10240K)->0K(10240K)
[503.035s][info][gc,heap        ] GC(181) ParOldGen: 131338K(2796544K)->81799K(2796544K)
[503.035s][info][gc,metaspace   ] GC(181) Metaspace: 79870K(81216K)->79870K(81216K) NonClass: 70218K(70848K)->70218K(70848K) Class: 9651K(10368K)->9651K(10368K)
[503.035s][info][gc             ] GC(181) Pause Full (System.gc()) 131M->79M(4085M) 47.600ms
[503.035s][info][gc,cpu         ] GC(181) User=0.03s Sys=0.00s Real=0.05s
[506.222s][info][gc,start       ] GC(182) Pause Young (Allocation Failure)
[506.225s][info][gc,heap        ] GC(182) PSYoungGen: 1376768K(1387008K)->5200K(1387520K) Eden: 1376768K(1376768K)->0K(1377280K) From: 0K(10240K)->5200K(10240K)
[506.225s][info][gc,heap        ] GC(182) ParOldGen: 81799K(2796544K)->81799K(2796544K)
[506.225s][info][gc,metaspace   ] GC(182) Metaspace: 79882K(81216K)->79882K(81216K) NonClass: 70230K(70848K)->70230K(70848K) Class: 9651K(10368K)->9651K(10368K)
[506.225s][info][gc             ] GC(182) Pause Young (Allocation Failure) 1424M->84M(4086M) 2.364ms
[506.225s][info][gc,cpu         ] GC(182) User=0.00s Sys=0.00s Real=0.00s
[508.984s][info][gc,start       ] GC(183) Pause Young (Allocation Failure)
[508.987s][info][gc,heap        ] GC(183) PSYoungGen: 1379861K(1387520K)->10229K(1387520K) Eden: 1374660K(1377280K)->0K(1377280K) From: 5200K(10240K)->10229K(10240K)
[508.987s][info][gc,heap        ] GC(183) ParOldGen: 81799K(2796544K)->87013K(2796544K)
[508.987s][info][gc,metaspace   ] GC(183) Metaspace: 79882K(81216K)->79882K(81216K) NonClass: 70230K(70848K)->70230K(70848K) Class: 9651K(10368K)->9651K(10368K)
[508.987s][info][gc             ] GC(183) Pause Young (Allocation Failure) 1427M->94M(4086M) 3.727ms
[508.987s][info][gc,cpu         ] GC(183) User=0.00s Sys=0.00s Real=0.00s
[513.274s][info][gc,start       ] GC(184) Pause Young (Allocation Failure)
[513.277s][info][gc,heap        ] GC(184) PSYoungGen: 1386667K(1387520K)->4309K(1381376K) Eden: 1376438K(1377280K)->0K(1371136K) From: 10229K(10240K)->4309K(10240K)
[513.277s][info][gc,heap        ] GC(184) ParOldGen: 87013K(2796544K)->90965K(2796544K)
[513.277s][info][gc,metaspace   ] GC(184) Metaspace: 79888K(81216K)->79888K(81216K) NonClass: 70237K(70848K)->70237K(70848K) Class: 9651K(10368K)->9651K(10368K)
[513.277s][info][gc             ] GC(184) Pause Young (Allocation Failure) 1439M->93M(4080M) 2.453ms
[513.277s][info][gc,cpu         ] GC(184) User=0.00s Sys=0.00s Real=0.00s
[515.443s][info][gc,start       ] GC(185) Pause Young (Allocation Failure)
[515.446s][info][gc,heap        ] GC(185) PSYoungGen: 1375445K(1381376K)->9476K(1384448K) Eden: 1371136K(1371136K)->0K(1371136K) From: 4309K(10240K)->9476K(13312K)
[515.446s][info][gc,heap        ] GC(185) ParOldGen: 90965K(2796544K)->94188K(2796544K)
[515.446s][info][gc,metaspace   ] GC(185) Metaspace: 79888K(81216K)->79888K(81216K) NonClass: 70237K(70848K)->70237K(70848K) Class: 9651K(10368K)->9651K(10368K)
[515.446s][info][gc             ] GC(185) Pause Young (Allocation Failure) 1432M->101M(4083M) 3.453ms
[515.446s][info][gc,cpu         ] GC(185) User=0.00s Sys=0.00s Real=0.00s
[520.138s][info][gc,start       ] GC(186) Pause Young (Allocation Failure)
[520.141s][info][gc,heap        ] GC(186) PSYoungGen: 1380612K(1384448K)->5428K(1384448K) Eden: 1371136K(1371136K)->0K(1371136K) From: 9476K(13312K)->5428K(13312K)
[520.141s][info][gc,heap        ] GC(186) ParOldGen: 94188K(2796544K)->98781K(2796544K)
[520.141s][info][gc,metaspace   ] GC(186) Metaspace: 79888K(81216K)->79888K(81216K) NonClass: 70237K(70848K)->70237K(70848K) Class: 9651K(10368K)->9651K(10368K)
[520.141s][info][gc             ] GC(186) Pause Young (Allocation Failure) 1440M->101M(4083M) 3.129ms
[520.141s][info][gc,cpu         ] GC(186) User=0.00s Sys=0.00s Real=0.00s
[522.752s][info][gc,start       ] GC(187) Pause Young (Allocation Failure)
[522.755s][info][gc,heap        ] GC(187) PSYoungGen: 1375801K(1384448K)->5437K(1384448K) Eden: 1370373K(1371136K)->0K(1371136K) From: 5428K(13312K)->5437K(13312K)
[522.755s][info][gc,heap        ] GC(187) ParOldGen: 98781K(2796544K)->102878K(2796544K)
[522.755s][info][gc,metaspace   ] GC(187) Metaspace: 79888K(81216K)->79888K(81216K) NonClass: 70237K(70848K)->70237K(70848K) Class: 9651K(10368K)->9651K(10368K)
[522.755s][info][gc             ] GC(187) Pause Young (Allocation Failure) 1440M->105M(4083M) 2.936ms
[522.755s][info][gc,cpu         ] GC(187) User=0.00s Sys=0.00s Real=0.02s
[526.534s][info][gc,start       ] GC(188) Pause Young (Allocation Failure)
[526.539s][info][gc,heap        ] GC(188) PSYoungGen: 1376218K(1384448K)->9982K(1383936K) Eden: 1370780K(1371136K)->0K(1371136K) From: 5437K(13312K)->9982K(12800K)
[526.539s][info][gc,heap        ] GC(188) ParOldGen: 102878K(2796544K)->106358K(2796544K)
[526.539s][info][gc,metaspace   ] GC(188) Metaspace: 79888K(81216K)->79888K(81216K) NonClass: 70237K(70848K)->70237K(70848K) Class: 9651K(10368K)->9651K(10368K)
[526.539s][info][gc             ] GC(188) Pause Young (Allocation Failure) 1444M->113M(4082M) 4.270ms
[526.539s][info][gc,cpu         ] GC(188) User=0.00s Sys=0.00s Real=0.00s
[529.570s][info][gc,start       ] GC(189) Pause Young (Allocation Failure)
[529.573s][info][gc,heap        ] GC(189) PSYoungGen: 1381118K(1383936K)->7275K(1384448K) Eden: 1371136K(1371136K)->0K(1371136K) From: 9982K(12800K)->7275K(13312K)
[529.573s][info][gc,heap        ] GC(189) ParOldGen: 106358K(2796544K)->108792K(2796544K)
[529.573s][info][gc,metaspace   ] GC(189) Metaspace: 79890K(81216K)->79890K(81216K) NonClass: 70238K(70848K)->70238K(70848K) Class: 9651K(10368K)->9651K(10368K)
[529.573s][info][gc             ] GC(189) Pause Young (Allocation Failure) 1452M->113M(4083M) 3.207ms
[529.573s][info][gc,cpu         ] GC(189) User=0.00s Sys=0.00s Real=0.00s
[532.575s][info][gc,start       ] GC(190) Pause Young (Allocation Failure)
[532.578s][info][gc,heap        ] GC(190) PSYoungGen: 1376265K(1384448K)->4951K(1384960K) Eden: 1368989K(1371136K)->0K(1372160K) From: 7275K(13312K)->4951K(12800K)
[532.578s][info][gc,heap        ] GC(190) ParOldGen: 108792K(2796544K)->114128K(2796544K)
[532.578s][info][gc,metaspace   ] GC(190) Metaspace: 79891K(81216K)->79891K(81216K) NonClass: 70239K(70848K)->70239K(70848K) Class: 9651K(10368K)->9651K(10368K)
[532.578s][info][gc             ] GC(190) Pause Young (Allocation Failure) 1450M->116M(4083M) 2.746ms
[532.578s][info][gc,cpu         ] GC(190) User=0.00s Sys=0.00s Real=0.00s
[534.821s][info][gc,start       ] GC(191) Pause Young (Allocation Failure)
[534.825s][info][gc,heap        ] GC(191) PSYoungGen: 1377111K(1384960K)->6417K(1384960K) Eden: 1372160K(1372160K)->0K(1372160K) From: 4951K(12800K)->6417K(12800K)
[534.825s][info][gc,heap        ] GC(191) ParOldGen: 114128K(2796544K)->118142K(2796544K)
[534.825s][info][gc,metaspace   ] GC(191) Metaspace: 79891K(81216K)->79891K(81216K) NonClass: 70239K(70848K)->70239K(70848K) Class: 9651K(10368K)->9651K(10368K)
[534.825s][info][gc             ] GC(191) Pause Young (Allocation Failure) 1456M->121M(4083M) 3.288ms
[534.825s][info][gc,cpu         ] GC(191) User=0.00s Sys=0.00s Real=0.00s
[537.104s][info][gc,start       ] GC(192) Pause Young (Allocation Failure)
[537.107s][info][gc,heap        ] GC(192) PSYoungGen: 1378577K(1384960K)->5965K(1385984K) Eden: 1372160K(1372160K)->0K(1373696K) From: 6417K(12800K)->5965K(12288K)
[537.107s][info][gc,heap        ] GC(192) ParOldGen: 118142K(2796544K)->123153K(2796544K)
[537.108s][info][gc,metaspace   ] GC(192) Metaspace: 79891K(81216K)->79891K(81216K) NonClass: 70239K(70848K)->70239K(70848K) Class: 9651K(10368K)->9651K(10368K)
[537.108s][info][gc             ] GC(192) Pause Young (Allocation Failure) 1461M->126M(4084M) 3.580ms
[537.108s][info][gc,cpu         ] GC(192) User=0.02s Sys=0.00s Real=0.01s
[540.195s][info][gc,start       ] GC(193) Pause Young (System.gc())
[540.198s][info][gc,heap        ] GC(193) PSYoungGen: 1303021K(1385984K)->3595K(1385472K) Eden: 1297056K(1373696K)->0K(1373696K) From: 5965K(12288K)->3595K(11776K)
[540.198s][info][gc,heap        ] GC(193) ParOldGen: 123153K(2796544K)->127887K(2796544K)
[540.198s][info][gc,metaspace   ] GC(193) Metaspace: 79892K(81216K)->79892K(81216K) NonClass: 70241K(70848K)->70241K(70848K) Class: 9651K(10368K)->9651K(10368K)
[540.198s][info][gc             ] GC(193) Pause Young (System.gc()) 1392M->128M(4084M) 2.781ms
[540.198s][info][gc,cpu         ] GC(193) User=0.00s Sys=0.00s Real=0.00s
[540.198s][info][gc,start       ] GC(194) Pause Full (System.gc())
[540.198s][info][gc,phases,start] GC(194) Marking Phase
[540.218s][info][gc,phases      ] GC(194) Marking Phase 20.027ms
[540.218s][info][gc,phases,start] GC(194) Summary Phase
[540.218s][info][gc,phases      ] GC(194) Summary Phase 0.010ms
[540.218s][info][gc,phases,start] GC(194) Adjust Roots
[540.224s][info][gc,phases      ] GC(194) Adjust Roots 5.825ms
[540.224s][info][gc,phases,start] GC(194) Compaction Phase
[540.236s][info][gc,phases      ] GC(194) Compaction Phase 12.459ms
[540.236s][info][gc,phases,start] GC(194) Post Compact
[540.238s][info][gc,phases      ] GC(194) Post Compact 1.249ms
[540.238s][info][gc,heap        ] GC(194) PSYoungGen: 3595K(1385472K)->0K(1385472K) Eden: 0K(1373696K)->0K(1373696K) From: 3595K(11776K)->0K(11776K)
[540.238s][info][gc,heap        ] GC(194) ParOldGen: 127887K(2796544K)->83388K(2796544K)
[540.238s][info][gc,metaspace   ] GC(194) Metaspace: 79892K(81216K)->79892K(81216K) NonClass: 70241K(70848K)->70241K(70848K) Class: 9651K(10368K)->9651K(10368K)
[540.238s][info][gc             ] GC(194) Pause Full (System.gc()) 128M->81M(4084M) 39.888ms
[540.238s][info][gc,cpu         ] GC(194) User=0.03s Sys=0.00s Real=0.05s
[543.462s][info][gc,start       ] GC(195) Pause Young (Allocation Failure)
[543.464s][info][gc,heap        ] GC(195) PSYoungGen: 1373696K(1385472K)->5171K(1385984K) Eden: 1373696K(1373696K)->0K(1374208K) From: 0K(11776K)->5171K(11776K)
[543.464s][info][gc,heap        ] GC(195) ParOldGen: 83388K(2796544K)->83388K(2796544K)
[543.464s][info][gc,metaspace   ] GC(195) Metaspace: 79897K(81216K)->79897K(81216K) NonClass: 70245K(70848K)->70245K(70848K) Class: 9651K(10368K)->9651K(10368K)
[543.464s][info][gc             ] GC(195) Pause Young (Allocation Failure) 1422M->86M(4084M) 2.178ms
[543.465s][info][gc,cpu         ] GC(195) User=0.00s Sys=0.00s Real=0.00s
[546.239s][info][gc,start       ] GC(196) Pause Young (Allocation Failure)
[546.243s][info][gc,heap        ] GC(196) PSYoungGen: 1375614K(1385984K)->11034K(1385472K) Eden: 1370443K(1374208K)->0K(1374208K) From: 5171K(11776K)->11034K(11264K)
[546.243s][info][gc,heap        ] GC(196) ParOldGen: 83388K(2796544K)->91525K(2796544K)
[546.243s][info][gc,metaspace   ] GC(196) Metaspace: 79897K(81216K)->79897K(81216K) NonClass: 70245K(70848K)->70245K(70848K) Class: 9651K(10368K)->9651K(10368K)
[546.243s][info][gc             ] GC(196) Pause Young (Allocation Failure) 1424M->100M(4084M) 4.241ms
[546.243s][info][gc,cpu         ] GC(196) User=0.00s Sys=0.00s Real=0.00s
[550.501s][info][gc,start       ] GC(197) Pause Young (Allocation Failure)
[550.504s][info][gc,heap        ] GC(197) PSYoungGen: 1385242K(1385472K)->5458K(1385472K) Eden: 1374208K(1374208K)->0K(1373184K) From: 11034K(11264K)->5458K(12288K)
[550.504s][info][gc,heap        ] GC(197) ParOldGen: 91525K(2796544K)->94171K(2796544K)
[550.504s][info][gc,metaspace   ] GC(197) Metaspace: 79897K(81216K)->79897K(81216K) NonClass: 70245K(70848K)->70245K(70848K) Class: 9651K(10368K)->9651K(10368K)
[550.504s][info][gc             ] GC(197) Pause Young (Allocation Failure) 1442M->97M(4084M) 3.280ms
[550.504s][info][gc,cpu         ] GC(197) User=0.00s Sys=0.00s Real=0.02s
[552.755s][info][gc,start       ] GC(198) Pause Young (Allocation Failure)
[552.759s][info][gc,heap        ] GC(198) PSYoungGen: 1378642K(1385472K)->6037K(1385472K) Eden: 1373184K(1373184K)->0K(1373184K) From: 5458K(12288K)->6037K(12288K)
[552.759s][info][gc,heap        ] GC(198) ParOldGen: 94171K(2796544K)->97310K(2796544K)
[552.759s][info][gc,metaspace   ] GC(198) Metaspace: 79903K(81216K)->79903K(81216K) NonClass: 70251K(70848K)->70251K(70848K) Class: 9651K(10368K)->9651K(10368K)
[552.759s][info][gc             ] GC(198) Pause Young (Allocation Failure) 1438M->100M(4084M) 3.220ms
[552.759s][info][gc,cpu         ] GC(198) User=0.00s Sys=0.00s Real=0.00s
[557.648s][info][gc,start       ] GC(199) Pause Young (Allocation Failure)
[557.651s][info][gc,heap        ] GC(199) PSYoungGen: 1379221K(1385472K)->6418K(1386496K) Eden: 1373184K(1373184K)->0K(1374720K) From: 6037K(12288K)->6418K(11776K)
[557.651s][info][gc,heap        ] GC(199) ParOldGen: 97310K(2796544K)->101533K(2796544K)
[557.651s][info][gc,metaspace   ] GC(199) Metaspace: 79903K(81216K)->79903K(81216K) NonClass: 70251K(70848K)->70251K(70848K) Class: 9651K(10368K)->9651K(10368K)
[557.651s][info][gc             ] GC(199) Pause Young (Allocation Failure) 1441M->105M(4085M) 3.376ms
[557.651s][info][gc,cpu         ] GC(199) User=0.00s Sys=0.00s Real=0.00s
[560.196s][info][gc,start       ] GC(200) Pause Young (Allocation Failure)
[560.199s][info][gc,heap        ] GC(200) PSYoungGen: 1381138K(1386496K)->5313K(1385984K) Eden: 1374720K(1374720K)->0K(1374720K) From: 6418K(11776K)->5313K(11264K)
[560.199s][info][gc,heap        ] GC(200) ParOldGen: 101533K(2796544K)->105664K(2796544K)
[560.199s][info][gc,metaspace   ] GC(200) Metaspace: 79906K(81216K)->79906K(81216K) NonClass: 70254K(70848K)->70254K(70848K) Class: 9651K(10368K)->9651K(10368K)
[560.199s][info][gc             ] GC(200) Pause Young (Allocation Failure) 1447M->108M(4084M) 2.877ms
[560.199s][info][gc,cpu         ] GC(200) User=0.00s Sys=0.00s Real=0.00s
[564.075s][info][gc,start       ] GC(201) Pause Young (Allocation Failure)
[564.078s][info][gc,heap        ] GC(201) PSYoungGen: 1376943K(1385984K)->5636K(1387008K) Eden: 1371629K(1374720K)->0K(1375744K) From: 5313K(11264K)->5636K(11264K)
[564.078s][info][gc,heap        ] GC(201) ParOldGen: 105664K(2796544K)->109209K(2796544K)
[564.078s][info][gc,metaspace   ] GC(201) Metaspace: 79906K(81216K)->79906K(81216K) NonClass: 70255K(70848K)->70255K(70848K) Class: 9651K(10368K)->9651K(10368K)
[564.078s][info][gc             ] GC(201) Pause Young (Allocation Failure) 1447M->112M(4085M) 3.224ms
[564.078s][info][gc,cpu         ] GC(201) User=0.00s Sys=0.00s Real=0.00s
[567.065s][info][gc,start       ] GC(202) Pause Young (Allocation Failure)
[567.069s][info][gc,heap        ] GC(202) PSYoungGen: 1381380K(1387008K)->7615K(1386496K) Eden: 1375744K(1375744K)->0K(1375744K) From: 5636K(11264K)->7615K(10752K)
[567.069s][info][gc,heap        ] GC(202) ParOldGen: 109209K(2796544K)->111657K(2796544K)
[567.069s][info][gc,metaspace   ] GC(202) Metaspace: 79906K(81216K)->79906K(81216K) NonClass: 70255K(70848K)->70255K(70848K) Class: 9651K(10368K)->9651K(10368K)
[567.069s][info][gc             ] GC(202) Pause Young (Allocation Failure) 1455M->116M(4085M) 3.698ms
[567.069s][info][gc,cpu         ] GC(202) User=0.00s Sys=0.00s Real=0.00s
[570.102s][info][gc,start       ] GC(203) Pause Young (Allocation Failure)
[570.106s][info][gc,heap        ] GC(203) PSYoungGen: 1382378K(1386496K)->5238K(1387008K) Eden: 1374763K(1375744K)->0K(1376256K) From: 7615K(10752K)->5238K(10752K)
[570.106s][info][gc,heap        ] GC(203) ParOldGen: 111657K(2796544K)->116817K(2796544K)
[570.106s][info][gc,metaspace   ] GC(203) Metaspace: 79907K(81216K)->79907K(81216K) NonClass: 70256K(70848K)->70256K(70848K) Class: 9651K(10368K)->9651K(10368K)
[570.106s][info][gc             ] GC(203) Pause Young (Allocation Failure) 1459M->119M(4085M) 3.933ms
[570.106s][info][gc,cpu         ] GC(203) User=0.00s Sys=0.00s Real=0.00s
[572.342s][info][gc,start       ] GC(204) Pause Young (Allocation Failure)
[572.346s][info][gc,heap        ] GC(204) PSYoungGen: 1381486K(1387008K)->6065K(1387008K) Eden: 1376248K(1376256K)->0K(1376256K) From: 5238K(10752K)->6065K(10752K)
[572.346s][info][gc,heap        ] GC(204) ParOldGen: 116817K(2796544K)->120791K(2796544K)
[572.346s][info][gc,metaspace   ] GC(204) Metaspace: 79907K(81216K)->79907K(81216K) NonClass: 70256K(70848K)->70256K(70848K) Class: 9651K(10368K)->9651K(10368K)
[572.346s][info][gc             ] GC(204) Pause Young (Allocation Failure) 1463M->123M(4085M) 3.447ms
[572.346s][info][gc,cpu         ] GC(204) User=0.00s Sys=0.00s Real=0.00s
[574.639s][info][gc,start       ] GC(205) Pause Young (Allocation Failure)
[574.642s][info][gc,heap        ] GC(205) PSYoungGen: 1382321K(1387008K)->6107K(1387520K) Eden: 1376256K(1376256K)->0K(1377280K) From: 6065K(10752K)->6107K(10240K)
[574.642s][info][gc,heap        ] GC(205) ParOldGen: 120791K(2796544K)->125863K(2796544K)
[574.642s][info][gc,metaspace   ] GC(205) Metaspace: 79907K(81216K)->79907K(81216K) NonClass: 70256K(70848K)->70256K(70848K) Class: 9651K(10368K)->9651K(10368K)
[574.642s][info][gc             ] GC(205) Pause Young (Allocation Failure) 1467M->128M(4086M) 3.527ms
[574.642s][info][gc,cpu         ] GC(205) User=0.00s Sys=0.00s Real=0.00s
[577.721s][info][gc,start       ] GC(206) Pause Young (System.gc())
[577.723s][info][gc,heap        ] GC(206) PSYoungGen: 1296213K(1387520K)->3554K(1387520K) Eden: 1290106K(1377280K)->0K(1377280K) From: 6107K(10240K)->3554K(10240K)
[577.723s][info][gc,heap        ] GC(206) ParOldGen: 125863K(2796544K)->130582K(2796544K)
[577.723s][info][gc,metaspace   ] GC(206) Metaspace: 79908K(81216K)->79908K(81216K) NonClass: 70256K(70848K)->70256K(70848K) Class: 9651K(10368K)->9651K(10368K)
[577.723s][info][gc             ] GC(206) Pause Young (System.gc()) 1388M->130M(4086M) 2.724ms
[577.723s][info][gc,cpu         ] GC(206) User=0.00s Sys=0.00s Real=0.00s
[577.723s][info][gc,start       ] GC(207) Pause Full (System.gc())
[577.723s][info][gc,phases,start] GC(207) Marking Phase
[577.742s][info][gc,phases      ] GC(207) Marking Phase 18.589ms
[577.742s][info][gc,phases,start] GC(207) Summary Phase
[577.742s][info][gc,phases      ] GC(207) Summary Phase 0.010ms
[577.742s][info][gc,phases,start] GC(207) Adjust Roots
[577.748s][info][gc,phases      ] GC(207) Adjust Roots 6.363ms
[577.748s][info][gc,phases,start] GC(207) Compaction Phase
[577.761s][info][gc,phases      ] GC(207) Compaction Phase 12.457ms
[577.761s][info][gc,phases,start] GC(207) Post Compact
[577.762s][info][gc,phases      ] GC(207) Post Compact 1.195ms
[577.762s][info][gc,heap        ] GC(207) PSYoungGen: 3554K(1387520K)->0K(1387520K) Eden: 0K(1377280K)->0K(1377280K) From: 3554K(10240K)->0K(10240K)
[577.762s][info][gc,heap        ] GC(207) ParOldGen: 130582K(2796544K)->81904K(2796544K)
[577.762s][info][gc,metaspace   ] GC(207) Metaspace: 79908K(81216K)->79908K(81216K) NonClass: 70256K(70848K)->70256K(70848K) Class: 9651K(10368K)->9651K(10368K)
[577.762s][info][gc             ] GC(207) Pause Full (System.gc()) 130M->79M(4086M) 38.909ms
[577.762s][info][gc,cpu         ] GC(207) User=0.05s Sys=0.00s Real=0.05s
[580.936s][info][gc,start       ] GC(208) Pause Young (Allocation Failure)
[580.939s][info][gc,heap        ] GC(208) PSYoungGen: 1377280K(1387520K)->5181K(1388032K) Eden: 1377280K(1377280K)->0K(1377792K) From: 0K(10240K)->5181K(10240K)
[580.939s][info][gc,heap        ] GC(208) ParOldGen: 81904K(2796544K)->81904K(2796544K)
[580.939s][info][gc,metaspace   ] GC(208) Metaspace: 79909K(81216K)->79909K(81216K) NonClass: 70257K(70848K)->70257K(70848K) Class: 9651K(10368K)->9651K(10368K)
[580.939s][info][gc             ] GC(208) Pause Young (Allocation Failure) 1424M->85M(4086M) 2.305ms
[580.939s][info][gc,cpu         ] GC(208) User=0.00s Sys=0.00s Real=0.00s
[583.648s][info][gc,start       ] GC(209) Pause Young (Allocation Failure)
[583.652s][info][gc,heap        ] GC(209) PSYoungGen: 1379410K(1388032K)->9705K(1387520K) Eden: 1374229K(1377792K)->0K(1377792K) From: 5181K(10240K)->9705K(9728K)
[583.652s][info][gc,heap        ] GC(209) ParOldGen: 81904K(2796544K)->86799K(2796544K)
[583.652s][info][gc,metaspace   ] GC(209) Metaspace: 79909K(81216K)->79909K(81216K) NonClass: 70257K(70848K)->70257K(70848K) Class: 9651K(10368K)->9651K(10368K)
[583.652s][info][gc             ] GC(209) Pause Young (Allocation Failure) 1427M->94M(4086M) 3.616ms
[583.652s][info][gc,cpu         ] GC(209) User=0.00s Sys=0.00s Real=0.01s
[587.970s][info][gc,start       ] GC(210) Pause Young (Allocation Failure)
[587.973s][info][gc,heap        ] GC(210) PSYoungGen: 1387497K(1387520K)->4778K(1383424K) Eden: 1377792K(1377792K)->0K(1373184K) From: 9705K(9728K)->4778K(10240K)
[587.973s][info][gc,heap        ] GC(210) ParOldGen: 86799K(2796544K)->90708K(2796544K)
[587.973s][info][gc,metaspace   ] GC(210) Metaspace: 79909K(81216K)->79909K(81216K) NonClass: 70257K(70848K)->70257K(70848K) Class: 9651K(10368K)->9651K(10368K)
[587.973s][info][gc             ] GC(210) Pause Young (Allocation Failure) 1439M->93M(4082M) 2.696ms
[587.973s][info][gc,cpu         ] GC(210) User=0.00s Sys=0.00s Real=0.00s
[590.203s][info][gc,start       ] GC(211) Pause Young (Allocation Failure)
[590.207s][info][gc,heap        ] GC(211) PSYoungGen: 1376959K(1383424K)->6188K(1385472K) Eden: 1372180K(1373184K)->0K(1373184K) From: 4778K(10240K)->6188K(12288K)
[590.207s][info][gc,heap        ] GC(211) ParOldGen: 90708K(2796544K)->93916K(2796544K)
[590.207s][info][gc,metaspace   ] GC(211) Metaspace: 79910K(81216K)->79910K(81216K) NonClass: 70259K(70848K)->70259K(70848K) Class: 9651K(10368K)->9651K(10368K)
[590.207s][info][gc             ] GC(211) Pause Young (Allocation Failure) 1433M->97M(4084M) 3.371ms
[590.207s][info][gc,cpu         ] GC(211) User=0.00s Sys=0.00s Real=0.00s
[594.854s][info][gc,start       ] GC(212) Pause Young (Allocation Failure)
[594.857s][info][gc,heap        ] GC(212) PSYoungGen: 1379372K(1385472K)->5397K(1385984K) Eden: 1373184K(1373184K)->0K(1374208K) From: 6188K(12288K)->5397K(11776K)
[594.857s][info][gc,heap        ] GC(212) ParOldGen: 93916K(2796544K)->98524K(2796544K)
[594.857s][info][gc,metaspace   ] GC(212) Metaspace: 79914K(81216K)->79914K(81216K) NonClass: 70262K(70848K)->70262K(70848K) Class: 9651K(10368K)->9651K(10368K)
[594.857s][info][gc             ] GC(212) Pause Young (Allocation Failure) 1438M->101M(4084M) 3.299ms
[594.857s][info][gc,cpu         ] GC(212) User=0.00s Sys=0.00s Real=0.00s
[597.459s][info][gc,start       ] GC(213) Pause Young (Allocation Failure)
[597.462s][info][gc,heap        ] GC(213) PSYoungGen: 1379605K(1385984K)->5739K(1385984K) Eden: 1374208K(1374208K)->0K(1374208K) From: 5397K(11776K)->5739K(11776K)
[597.462s][info][gc,heap        ] GC(213) ParOldGen: 98524K(2796544K)->102685K(2796544K)
[597.462s][info][gc,metaspace   ] GC(213) Metaspace: 79914K(81216K)->79914K(81216K) NonClass: 70262K(70848K)->70262K(70848K) Class: 9651K(10368K)->9651K(10368K)
[597.462s][info][gc             ] GC(213) Pause Young (Allocation Failure) 1443M->105M(4084M) 3.022ms
[597.462s][info][gc,cpu         ] GC(213) User=0.00s Sys=0.00s Real=0.00s
[601.154s][info][gc,start       ] GC(214) Pause Young (Allocation Failure)
[601.157s][info][gc,heap        ] GC(214) PSYoungGen: 1378467K(1385984K)->5590K(1387008K) Eden: 1372728K(1374208K)->0K(1375744K) From: 5739K(11776K)->5590K(11264K)
[601.157s][info][gc,heap        ] GC(214) ParOldGen: 102685K(2796544K)->106161K(2796544K)
[601.157s][info][gc,metaspace   ] GC(214) Metaspace: 79914K(81216K)->79914K(81216K) NonClass: 70263K(70848K)->70263K(70848K) Class: 9651K(10368K)->9651K(10368K)
[601.157s][info][gc             ] GC(214) Pause Young (Allocation Failure) 1446M->109M(4085M) 3.237ms
[601.157s][info][gc,cpu         ] GC(214) User=0.00s Sys=0.00s Real=0.00s
[604.139s][info][gc,start       ] GC(215) Pause Young (Allocation Failure)
[604.142s][info][gc,heap        ] GC(215) PSYoungGen: 1381334K(1387008K)->7277K(1386496K) Eden: 1375744K(1375744K)->0K(1375744K) From: 5590K(11264K)->7277K(10752K)
[604.142s][info][gc,heap        ] GC(215) ParOldGen: 106161K(2796544K)->108931K(2796544K)
[604.142s][info][gc,metaspace   ] GC(215) Metaspace: 79914K(81216K)->79914K(81216K) NonClass: 70263K(70848K)->70263K(70848K) Class: 9651K(10368K)->9651K(10368K)
[604.142s][info][gc             ] GC(215) Pause Young (Allocation Failure) 1452M->113M(4085M) 3.647ms
[604.142s][info][gc,cpu         ] GC(215) User=0.02s Sys=0.00s Real=0.01s
[607.262s][info][gc,start       ] GC(216) Pause Young (Allocation Failure)
[607.265s][info][gc,heap        ] GC(216) PSYoungGen: 1379734K(1386496K)->4927K(1387008K) Eden: 1372457K(1375744K)->0K(1376256K) From: 7277K(10752K)->4927K(10752K)
[607.265s][info][gc,heap        ] GC(216) ParOldGen: 108931K(2796544K)->113739K(2796544K)
[607.265s][info][gc,metaspace   ] GC(216) Metaspace: 79915K(81216K)->79915K(81216K) NonClass: 70263K(70848K)->70263K(70848K) Class: 9651K(10368K)->9651K(10368K)
[607.265s][info][gc             ] GC(216) Pause Young (Allocation Failure) 1453M->115M(4085M) 2.813ms
[607.265s][info][gc,cpu         ] GC(216) User=0.00s Sys=0.00s Real=0.00s
[609.523s][info][gc,start       ] GC(217) Pause Young (Allocation Failure)
[609.526s][info][gc,heap        ] GC(217) PSYoungGen: 1380387K(1387008K)->5868K(1387008K) Eden: 1375460K(1376256K)->0K(1376256K) From: 4927K(10752K)->5868K(10752K)
[609.526s][info][gc,heap        ] GC(217) ParOldGen: 113739K(2796544K)->117797K(2796544K)
[609.526s][info][gc,metaspace   ] GC(217) Metaspace: 79918K(81216K)->79918K(81216K) NonClass: 70266K(70848K)->70266K(70848K) Class: 9651K(10368K)->9651K(10368K)
[609.526s][info][gc             ] GC(217) Pause Young (Allocation Failure) 1459M->120M(4085M) 2.961ms
[609.526s][info][gc,cpu         ] GC(217) User=0.00s Sys=0.00s Real=0.00s
[611.743s][info][gc,start       ] GC(218) Pause Young (Allocation Failure)
[611.746s][info][gc,heap        ] GC(218) PSYoungGen: 1382124K(1387008K)->7905K(1386496K) Eden: 1376256K(1376256K)->0K(1376256K) From: 5868K(10752K)->7905K(10240K)
[611.747s][info][gc,heap        ] GC(218) ParOldGen: 117797K(2796544K)->122778K(2796544K)
[611.747s][info][gc,metaspace   ] GC(218) Metaspace: 79924K(81216K)->79924K(81216K) NonClass: 70272K(70848K)->70272K(70848K) Class: 9652K(10368K)->9652K(10368K)
[611.747s][info][gc             ] GC(218) Pause Young (Allocation Failure) 1464M->127M(4085M) 3.671ms
[611.747s][info][gc,cpu         ] GC(218) User=0.00s Sys=0.00s Real=0.00s
[614.789s][info][gc,start       ] GC(219) Pause Young (System.gc())
[614.791s][info][gc,heap        ] GC(219) PSYoungGen: 1273410K(1386496K)->3595K(1387008K) Eden: 1265505K(1376256K)->0K(1376256K) From: 7905K(10240K)->3595K(10752K)
[614.792s][info][gc,heap        ] GC(219) ParOldGen: 122778K(2796544K)->127947K(2796544K)
[614.792s][info][gc,metaspace   ] GC(219) Metaspace: 79935K(81216K)->79935K(81216K) NonClass: 70282K(70848K)->70282K(70848K) Class: 9653K(10368K)->9653K(10368K)
[614.792s][info][gc             ] GC(219) Pause Young (System.gc()) 1363M->128M(4085M) 2.885ms
[614.792s][info][gc,cpu         ] GC(219) User=0.00s Sys=0.00s Real=0.00s
[614.792s][info][gc,start       ] GC(220) Pause Full (System.gc())
[614.792s][info][gc,phases,start] GC(220) Marking Phase
[614.811s][info][gc,phases      ] GC(220) Marking Phase 19.403ms
[614.811s][info][gc,phases,start] GC(220) Summary Phase
[614.811s][info][gc,phases      ] GC(220) Summary Phase 0.010ms
[614.811s][info][gc,phases,start] GC(220) Adjust Roots
[614.817s][info][gc,phases      ] GC(220) Adjust Roots 5.838ms
[614.817s][info][gc,phases,start] GC(220) Compaction Phase
[614.830s][info][gc,phases      ] GC(220) Compaction Phase 13.146ms
[614.830s][info][gc,phases,start] GC(220) Post Compact
[614.832s][info][gc,phases      ] GC(220) Post Compact 1.332ms
[614.832s][info][gc,heap        ] GC(220) PSYoungGen: 3595K(1387008K)->0K(1387008K) Eden: 0K(1376256K)->0K(1376256K) From: 3595K(10752K)->0K(10752K)
[614.832s][info][gc,heap        ] GC(220) ParOldGen: 127947K(2796544K)->84361K(2796544K)
[614.832s][info][gc,metaspace   ] GC(220) Metaspace: 79935K(81216K)->79935K(81216K) NonClass: 70282K(70848K)->70282K(70848K) Class: 9653K(10368K)->9653K(10368K)
[614.832s][info][gc             ] GC(220) Pause Full (System.gc()) 128M->82M(4085M) 40.022ms
[614.832s][info][gc,cpu         ] GC(220) User=0.02s Sys=0.00s Real=0.04s
[618.134s][info][gc,start       ] GC(221) Pause Young (Allocation Failure)
[618.139s][info][gc,heap        ] GC(221) PSYoungGen: 1376256K(1387008K)->5056K(1387520K) Eden: 1376256K(1376256K)->0K(1376768K) From: 0K(10752K)->5056K(10752K)
[618.139s][info][gc,heap        ] GC(221) ParOldGen: 84361K(2796544K)->84361K(2796544K)
[618.139s][info][gc,metaspace   ] GC(221) Metaspace: 79935K(81216K)->79935K(81216K) NonClass: 70282K(70848K)->70282K(70848K) Class: 9653K(10368K)->9653K(10368K)
[618.139s][info][gc             ] GC(221) Pause Young (Allocation Failure) 1426M->87M(4086M) 5.483ms
[618.139s][info][gc,cpu         ] GC(221) User=0.00s Sys=0.00s Real=0.02s
[620.907s][info][gc,start       ] GC(222) Pause Young (Allocation Failure)
[620.911s][info][gc,heap        ] GC(222) PSYoungGen: 1381824K(1387520K)->10233K(1387008K) Eden: 1376768K(1376768K)->0K(1376768K) From: 5056K(10752K)->10233K(10240K)
[620.911s][info][gc,heap        ] GC(222) ParOldGen: 84361K(2796544K)->88575K(2796544K)
[620.911s][info][gc,metaspace   ] GC(222) Metaspace: 79936K(81216K)->79936K(81216K) NonClass: 70283K(70848K)->70283K(70848K) Class: 9653K(10368K)->9653K(10368K)
[620.911s][info][gc             ] GC(222) Pause Young (Allocation Failure) 1431M->96M(4085M) 3.769ms
[620.911s][info][gc,cpu         ] GC(222) User=0.00s Sys=0.00s Real=0.00s
[625.087s][info][gc,start       ] GC(223) Pause Young (Allocation Failure)
[625.089s][info][gc,heap        ] GC(223) PSYoungGen: 1387001K(1387008K)->5671K(1382912K) Eden: 1376768K(1376768K)->0K(1372160K) From: 10233K(10240K)->5671K(10752K)
[625.089s][info][gc,heap        ] GC(223) ParOldGen: 88575K(2796544K)->91195K(2796544K)
[625.089s][info][gc,metaspace   ] GC(223) Metaspace: 79936K(81216K)->79936K(81216K) NonClass: 70283K(70848K)->70283K(70848K) Class: 9653K(10368K)->9653K(10368K)
[625.089s][info][gc             ] GC(223) Pause Young (Allocation Failure) 1440M->94M(4081M) 2.712ms
[625.090s][info][gc,cpu         ] GC(223) User=0.00s Sys=0.00s Real=0.00s
[627.337s][info][gc,start       ] GC(224) Pause Young (Allocation Failure)
[627.340s][info][gc,heap        ] GC(224) PSYoungGen: 1377831K(1382912K)->6104K(1384960K) Eden: 1372160K(1372160K)->0K(1372160K) From: 5671K(10752K)->6104K(12800K)
[627.340s][info][gc,heap        ] GC(224) ParOldGen: 91195K(2796544K)->94409K(2796544K)
[627.340s][info][gc,metaspace   ] GC(224) Metaspace: 79937K(81216K)->79937K(81216K) NonClass: 70283K(70848K)->70283K(70848K) Class: 9653K(10368K)->9653K(10368K)
[627.340s][info][gc             ] GC(224) Pause Young (Allocation Failure) 1434M->98M(4083M) 3.234ms
[627.340s][info][gc,cpu         ] GC(224) User=0.00s Sys=0.00s Real=0.00s
[631.990s][info][gc,start       ] GC(225) Pause Young (Allocation Failure)
[631.994s][info][gc,heap        ] GC(225) PSYoungGen: 1377405K(1384960K)->7894K(1385472K) Eden: 1371300K(1372160K)->0K(1373184K) From: 6104K(12800K)->7894K(12288K)
[631.994s][info][gc,heap        ] GC(225) ParOldGen: 94409K(2796544K)->98657K(2796544K)
[631.994s][info][gc,metaspace   ] GC(225) Metaspace: 79940K(81216K)->79940K(81216K) NonClass: 70286K(70848K)->70286K(70848K) Class: 9653K(10368K)->9653K(10368K)
[631.994s][info][gc             ] GC(225) Pause Young (Allocation Failure) 1437M->104M(4084M) 3.563ms
[631.994s][info][gc,cpu         ] GC(225) User=0.00s Sys=0.00s Real=0.00s
[634.537s][info][gc,start       ] GC(226) Pause Young (Allocation Failure)
[634.540s][info][gc,heap        ] GC(226) PSYoungGen: 1381078K(1385472K)->5935K(1385472K) Eden: 1373184K(1373184K)->0K(1373184K) From: 7894K(12288K)->5935K(12288K)
[634.540s][info][gc,heap        ] GC(226) ParOldGen: 98657K(2796544K)->102784K(2796544K)
[634.540s][info][gc,metaspace   ] GC(226) Metaspace: 79940K(81216K)->79940K(81216K) NonClass: 70286K(70848K)->70286K(70848K) Class: 9653K(10368K)->9653K(10368K)
[634.540s][info][gc             ] GC(226) Pause Young (Allocation Failure) 1445M->106M(4084M) 3.166ms
[634.540s][info][gc,cpu         ] GC(226) User=0.00s Sys=0.00s Real=0.00s
[638.342s][info][gc,start       ] GC(227) Pause Young (Allocation Failure)
[638.345s][info][gc,heap        ] GC(227) PSYoungGen: 1376902K(1385472K)->5722K(1386496K) Eden: 1370967K(1373184K)->0K(1374720K) From: 5935K(12288K)->5722K(11776K)
[638.345s][info][gc,heap        ] GC(227) ParOldGen: 102784K(2796544K)->106359K(2796544K)
[638.345s][info][gc,metaspace   ] GC(227) Metaspace: 79941K(81216K)->79941K(81216K) NonClass: 70288K(70848K)->70288K(70848K) Class: 9653K(10368K)->9653K(10368K)
[638.345s][info][gc             ] GC(227) Pause Young (Allocation Failure) 1445M->109M(4085M) 3.217ms
[638.345s][info][gc,cpu         ] GC(227) User=0.00s Sys=0.00s Real=0.00s
[641.366s][info][gc,start       ] GC(228) Pause Young (Allocation Failure)
[641.369s][info][gc,heap        ] GC(228) PSYoungGen: 1380442K(1386496K)->6963K(1385984K) Eden: 1374720K(1374720K)->0K(1374720K) From: 5722K(11776K)->6963K(11264K)
[641.369s][info][gc,heap        ] GC(228) ParOldGen: 106359K(2796544K)->108802K(2796544K)
[641.369s][info][gc,metaspace   ] GC(228) Metaspace: 79953K(81280K)->79953K(81280K) NonClass: 70299K(70912K)->70299K(70912K) Class: 9653K(10368K)->9653K(10368K)
[641.369s][info][gc             ] GC(228) Pause Young (Allocation Failure) 1451M->113M(4084M) 3.193ms
[641.369s][info][gc,cpu         ] GC(228) User=0.00s Sys=0.00s Real=0.00s
[644.407s][info][gc,start       ] GC(229) Pause Young (Allocation Failure)
[644.410s][info][gc,heap        ] GC(229) PSYoungGen: 1380785K(1385984K)->4769K(1386496K) Eden: 1373822K(1374720K)->0K(1375232K) From: 6963K(11264K)->4769K(11264K)
[644.410s][info][gc,heap        ] GC(229) ParOldGen: 108802K(2796544K)->113948K(2796544K)
[644.410s][info][gc,metaspace   ] GC(229) Metaspace: 79955K(81280K)->79955K(81280K) NonClass: 70302K(70912K)->70302K(70912K) Class: 9653K(10368K)->9653K(10368K)
[644.410s][info][gc             ] GC(229) Pause Young (Allocation Failure) 1454M->115M(4085M) 3.287ms
[644.410s][info][gc,cpu         ] GC(229) User=0.00s Sys=0.00s Real=0.01s
[646.623s][info][gc,start       ] GC(230) Pause Young (Allocation Failure)
[646.626s][info][gc,heap        ] GC(230) PSYoungGen: 1380001K(1386496K)->6859K(1386496K) Eden: 1375232K(1375232K)->0K(1375232K) From: 4769K(11264K)->6859K(11264K)
[646.626s][info][gc,heap        ] GC(230) ParOldGen: 113948K(2796544K)->117897K(2796544K)
[646.626s][info][gc,metaspace   ] GC(230) Metaspace: 79955K(81280K)->79955K(81280K) NonClass: 70302K(70912K)->70302K(70912K) Class: 9653K(10368K)->9653K(10368K)
[646.626s][info][gc             ] GC(230) Pause Young (Allocation Failure) 1458M->121M(4085M) 3.321ms
[646.626s][info][gc,cpu         ] GC(230) User=0.00s Sys=0.00s Real=0.00s
[649.051s][info][gc,start       ] GC(231) Pause Young (Allocation Failure)
[649.055s][info][gc,heap        ] GC(231) PSYoungGen: 1382091K(1386496K)->6013K(1387520K) Eden: 1375232K(1375232K)->0K(1376768K) From: 6859K(11264K)->6013K(10752K)
[649.055s][info][gc,heap        ] GC(231) ParOldGen: 117897K(2796544K)->122956K(2796544K)
[649.055s][info][gc,metaspace   ] GC(231) Metaspace: 79955K(81280K)->79955K(81280K) NonClass: 70302K(70912K)->70302K(70912K) Class: 9653K(10368K)->9653K(10368K)
[649.055s][info][gc             ] GC(231) Pause Young (Allocation Failure) 1464M->125M(4086M) 3.454ms
[649.055s][info][gc,cpu         ] GC(231) User=0.00s Sys=0.00s Real=0.00s
[652.103s][info][gc,start       ] GC(232) Pause Young (System.gc())
[652.106s][info][gc,heap        ] GC(232) PSYoungGen: 1295174K(1387520K)->3531K(1387008K) Eden: 1289160K(1376768K)->0K(1376768K) From: 6013K(10752K)->3531K(10240K)
[652.106s][info][gc,heap        ] GC(232) ParOldGen: 122956K(2796544K)->127725K(2796544K)
[652.106s][info][gc,metaspace   ] GC(232) Metaspace: 79959K(81280K)->79959K(81280K) NonClass: 70306K(70912K)->70306K(70912K) Class: 9653K(10368K)->9653K(10368K)
[652.106s][info][gc             ] GC(232) Pause Young (System.gc()) 1384M->128M(4085M) 2.793ms
[652.106s][info][gc,cpu         ] GC(232) User=0.00s Sys=0.00s Real=0.00s
[652.106s][info][gc,start       ] GC(233) Pause Full (System.gc())
[652.106s][info][gc,phases,start] GC(233) Marking Phase
[652.124s][info][gc,phases      ] GC(233) Marking Phase 17.836ms
[652.124s][info][gc,phases,start] GC(233) Summary Phase
[652.124s][info][gc,phases      ] GC(233) Summary Phase 0.010ms
[652.124s][info][gc,phases,start] GC(233) Adjust Roots
[652.130s][info][gc,phases      ] GC(233) Adjust Roots 6.294ms
[652.130s][info][gc,phases,start] GC(233) Compaction Phase
[652.142s][info][gc,phases      ] GC(233) Compaction Phase 12.001ms
[652.142s][info][gc,phases,start] GC(233) Post Compact
[652.143s][info][gc,phases      ] GC(233) Post Compact 1.310ms
[652.144s][info][gc,heap        ] GC(233) PSYoungGen: 3531K(1387008K)->0K(1387008K) Eden: 0K(1376768K)->0K(1376768K) From: 3531K(10240K)->0K(10240K)
[652.144s][info][gc,heap        ] GC(233) ParOldGen: 127725K(2796544K)->81802K(2796544K)
[652.144s][info][gc,metaspace   ] GC(233) Metaspace: 79959K(81280K)->79959K(81280K) NonClass: 70306K(70912K)->70306K(70912K) Class: 9653K(10368K)->9653K(10368K)
[652.144s][info][gc             ] GC(233) Pause Full (System.gc()) 128M->79M(4085M) 37.742ms
[652.144s][info][gc,cpu         ] GC(233) User=0.03s Sys=0.00s Real=0.05s
[655.347s][info][gc,start       ] GC(234) Pause Young (Allocation Failure)
[655.349s][info][gc,heap        ] GC(234) PSYoungGen: 1376768K(1387008K)->5094K(1387520K) Eden: 1376768K(1376768K)->0K(1376768K) From: 0K(10240K)->5094K(10752K)
[655.349s][info][gc,heap        ] GC(234) ParOldGen: 81802K(2796544K)->81802K(2796544K)
[655.349s][info][gc,metaspace   ] GC(234) Metaspace: 79959K(81280K)->79959K(81280K) NonClass: 70306K(70912K)->70306K(70912K) Class: 9653K(10368K)->9653K(10368K)
[655.349s][info][gc             ] GC(234) Pause Young (Allocation Failure) 1424M->84M(4086M) 2.273ms
[655.350s][info][gc,cpu         ] GC(234) User=0.00s Sys=0.00s Real=0.00s
[658.140s][info][gc,start       ] GC(235) Pause Young (Allocation Failure)
[658.145s][info][gc,heap        ] GC(235) PSYoungGen: 1381189K(1387520K)->10216K(1387008K) Eden: 1376095K(1376768K)->0K(1376768K) From: 5094K(10752K)->10216K(10240K)
[658.145s][info][gc,heap        ] GC(235) ParOldGen: 81802K(2796544K)->95355K(2796544K)
[658.145s][info][gc,metaspace   ] GC(235) Metaspace: 79959K(81280K)->79959K(81280K) NonClass: 70306K(70912K)->70306K(70912K) Class: 9653K(10368K)->9653K(10368K)
[658.145s][info][gc             ] GC(235) Pause Young (Allocation Failure) 1428M->103M(4085M) 4.912ms
[658.145s][info][gc,cpu         ] GC(235) User=0.00s Sys=0.00s Real=0.01s
[662.359s][info][gc,start       ] GC(236) Pause Young (Allocation Failure)
[662.361s][info][gc,heap        ] GC(236) PSYoungGen: 1386531K(1387008K)->4364K(1375744K) Eden: 1376315K(1376768K)->0K(1364992K) From: 10216K(10240K)->4364K(10752K)
[662.361s][info][gc,heap        ] GC(236) ParOldGen: 95355K(2796544K)->99569K(2796544K)
[662.361s][info][gc,metaspace   ] GC(236) Metaspace: 79959K(81280K)->79959K(81280K) NonClass: 70306K(70912K)->70306K(70912K) Class: 9653K(10368K)->9653K(10368K)
[662.361s][info][gc             ] GC(236) Pause Young (Allocation Failure) 1447M->101M(4074M) 2.536ms
[662.361s][info][gc,cpu         ] GC(236) User=0.00s Sys=0.00s Real=0.00s
[664.539s][info][gc,start       ] GC(237) Pause Young (Allocation Failure)
[664.542s][info][gc,heap        ] GC(237) PSYoungGen: 1369356K(1375744K)->5905K(1381376K) Eden: 1364992K(1364992K)->0K(1364992K) From: 4364K(10752K)->5905K(16384K)
[664.542s][info][gc,heap        ] GC(237) ParOldGen: 99569K(2796544K)->102793K(2796544K)
[664.542s][info][gc,metaspace   ] GC(237) Metaspace: 79960K(81280K)->79960K(81280K) NonClass: 70306K(70912K)->70306K(70912K) Class: 9653K(10368K)->9653K(10368K)
[664.542s][info][gc             ] GC(237) Pause Young (Allocation Failure) 1434M->106M(4080M) 2.997ms
[664.542s][info][gc,cpu         ] GC(237) User=0.00s Sys=0.00s Real=0.00s
[669.212s][info][gc,start       ] GC(238) Pause Young (Allocation Failure)
[669.215s][info][gc,heap        ] GC(238) PSYoungGen: 1370897K(1381376K)->5924K(1382912K) Eden: 1364992K(1364992K)->0K(1367040K) From: 5905K(16384K)->5924K(15872K)
[669.215s][info][gc,heap        ] GC(238) ParOldGen: 102793K(2796544K)->107329K(2796544K)
[669.215s][info][gc,metaspace   ] GC(238) Metaspace: 79960K(81280K)->79960K(81280K) NonClass: 70306K(70912K)->70306K(70912K) Class: 9653K(10368K)->9653K(10368K)
[669.215s][info][gc             ] GC(238) Pause Young (Allocation Failure) 1439M->110M(4081M) 3.472ms
[669.215s][info][gc,cpu         ] GC(238) User=0.02s Sys=0.00s Real=0.02s
[671.725s][info][gc,start       ] GC(239) Pause Young (Allocation Failure)
[671.727s][info][gc,heap        ] GC(239) PSYoungGen: 1368960K(1382912K)->4930K(1381888K) Eden: 1363036K(1367040K)->0K(1367040K) From: 5924K(15872K)->4930K(14848K)
[671.727s][info][gc,heap        ] GC(239) ParOldGen: 107329K(2796544K)->111393K(2796544K)
[671.727s][info][gc,metaspace   ] GC(239) Metaspace: 79960K(81280K)->79960K(81280K) NonClass: 70307K(70912K)->70307K(70912K) Class: 9653K(10368K)->9653K(10368K)
[671.727s][info][gc             ] GC(239) Pause Young (Allocation Failure) 1441M->113M(4080M) 2.580ms
[671.727s][info][gc,cpu         ] GC(239) User=0.00s Sys=0.00s Real=0.00s
[675.546s][info][gc,start       ] GC(240) Pause Young (Allocation Failure)
[675.549s][info][gc,heap        ] GC(240) PSYoungGen: 1371970K(1381888K)->5818K(1383424K) Eden: 1367040K(1367040K)->0K(1368576K) From: 4930K(14848K)->5818K(14848K)
[675.549s][info][gc,heap        ] GC(240) ParOldGen: 111393K(2796544K)->114974K(2796544K)
[675.549s][info][gc,metaspace   ] GC(240) Metaspace: 79965K(81280K)->79965K(81280K) NonClass: 70311K(70912K)->70311K(70912K) Class: 9653K(10368K)->9653K(10368K)
[675.549s][info][gc             ] GC(240) Pause Young (Allocation Failure) 1448M->117M(4082M) 2.971ms
[675.549s][info][gc,cpu         ] GC(240) User=0.00s Sys=0.00s Real=0.00s
[678.560s][info][gc,start       ] GC(241) Pause Young (Allocation Failure)
[678.563s][info][gc,heap        ] GC(241) PSYoungGen: 1374394K(1383424K)->6322K(1382912K) Eden: 1368576K(1368576K)->0K(1368576K) From: 5818K(14848K)->6322K(14336K)
[678.563s][info][gc,heap        ] GC(241) ParOldGen: 114974K(2796544K)->117423K(2796544K)
[678.564s][info][gc,metaspace   ] GC(241) Metaspace: 79966K(81344K)->79966K(81344K) NonClass: 70313K(70976K)->70313K(70976K) Class: 9653K(10368K)->9653K(10368K)
[678.564s][info][gc             ] GC(241) Pause Young (Allocation Failure) 1454M->120M(4081M) 3.021ms
[678.564s][info][gc,cpu         ] GC(241) User=0.00s Sys=0.00s Real=0.01s
[681.593s][info][gc,start       ] GC(242) Pause Young (Allocation Failure)
[681.596s][info][gc,heap        ] GC(242) PSYoungGen: 1374898K(1382912K)->5684K(1384448K) Eden: 1368576K(1368576K)->0K(1371136K) From: 6322K(14336K)->5684K(13312K)
[681.596s][info][gc,heap        ] GC(242) ParOldGen: 117423K(2796544K)->122514K(2796544K)
[681.596s][info][gc,metaspace   ] GC(242) Metaspace: 79966K(81344K)->79966K(81344K) NonClass: 70313K(70976K)->70313K(70976K) Class: 9653K(10368K)->9653K(10368K)
[681.596s][info][gc             ] GC(242) Pause Young (Allocation Failure) 1457M->125M(4083M) 3.287ms
[681.596s][info][gc,cpu         ] GC(242) User=0.00s Sys=0.00s Real=0.00s
[683.812s][info][gc,start       ] GC(243) Pause Young (Allocation Failure)
[683.815s][info][gc,heap        ] GC(243) PSYoungGen: 1376820K(1384448K)->6481K(1384448K) Eden: 1371136K(1371136K)->0K(1371136K) From: 5684K(13312K)->6481K(13312K)
[683.815s][info][gc,heap        ] GC(243) ParOldGen: 122514K(2796544K)->126498K(2796544K)
[683.815s][info][gc,metaspace   ] GC(243) Metaspace: 79967K(81344K)->79967K(81344K) NonClass: 70314K(70976K)->70314K(70976K) Class: 9653K(10368K)->9653K(10368K)
[683.815s][info][gc             ] GC(243) Pause Young (Allocation Failure) 1464M->129M(4083M) 3.196ms
[683.815s][info][gc,cpu         ] GC(243) User=0.00s Sys=0.00s Real=0.00s
[686.173s][info][gc,start       ] GC(244) Pause Young (Allocation Failure)
[686.177s][info][gc,heap        ] GC(244) PSYoungGen: 1377617K(1384448K)->6164K(1385984K) Eden: 1371136K(1371136K)->0K(1373696K) From: 6481K(13312K)->6164K(12288K)
[686.177s][info][gc,heap        ] GC(244) ParOldGen: 126498K(2796544K)->131517K(2796544K)
[686.177s][info][gc,metaspace   ] GC(244) Metaspace: 79967K(81344K)->79967K(81344K) NonClass: 70314K(70976K)->70314K(70976K) Class: 9653K(10368K)->9653K(10368K)
[686.177s][info][gc             ] GC(244) Pause Young (Allocation Failure) 1468M->134M(4084M) 3.737ms
[686.177s][info][gc,cpu         ] GC(244) User=0.02s Sys=0.00s Real=0.01s
[689.292s][info][gc,start       ] GC(245) Pause Young (System.gc())
[689.295s][info][gc,heap        ] GC(245) PSYoungGen: 1331728K(1385984K)->3653K(1385472K) Eden: 1325564K(1373696K)->0K(1373696K) From: 6164K(12288K)->3653K(11776K)
[689.295s][info][gc,heap        ] GC(245) ParOldGen: 131517K(2796544K)->136346K(2796544K)
[689.295s][info][gc,metaspace   ] GC(245) Metaspace: 79969K(81344K)->79969K(81344K) NonClass: 70315K(70976K)->70315K(70976K) Class: 9653K(10368K)->9653K(10368K)
[689.295s][info][gc             ] GC(245) Pause Young (System.gc()) 1428M->136M(4084M) 3.105ms
[689.295s][info][gc,cpu         ] GC(245) User=0.00s Sys=0.00s Real=0.00s
[689.295s][info][gc,start       ] GC(246) Pause Full (System.gc())
[689.295s][info][gc,phases,start] GC(246) Marking Phase
[689.314s][info][gc,phases      ] GC(246) Marking Phase 19.432ms
[689.314s][info][gc,phases,start] GC(246) Summary Phase
[689.314s][info][gc,phases      ] GC(246) Summary Phase 0.010ms
[689.314s][info][gc,phases,start] GC(246) Adjust Roots
[689.320s][info][gc,phases      ] GC(246) Adjust Roots 5.677ms
[689.320s][info][gc,phases,start] GC(246) Compaction Phase
[689.333s][info][gc,phases      ] GC(246) Compaction Phase 13.039ms
[689.333s][info][gc,phases,start] GC(246) Post Compact
[689.335s][info][gc,phases      ] GC(246) Post Compact 1.239ms
[689.335s][info][gc,heap        ] GC(246) PSYoungGen: 3653K(1385472K)->0K(1385472K) Eden: 0K(1373696K)->0K(1373696K) From: 3653K(11776K)->0K(11776K)
[689.335s][info][gc,heap        ] GC(246) ParOldGen: 136346K(2796544K)->84362K(2796544K)
[689.335s][info][gc,metaspace   ] GC(246) Metaspace: 79969K(81344K)->79969K(81344K) NonClass: 70315K(70976K)->70315K(70976K) Class: 9653K(10368K)->9653K(10368K)
[689.335s][info][gc             ] GC(246) Pause Full (System.gc()) 136M->82M(4084M) 39.668ms
[689.335s][info][gc,cpu         ] GC(246) User=0.05s Sys=0.00s Real=0.05s
[692.533s][info][gc,start       ] GC(247) Pause Young (Allocation Failure)
[692.536s][info][gc,heap        ] GC(247) PSYoungGen: 1373696K(1385472K)->5234K(1385984K) Eden: 1373696K(1373696K)->0K(1374208K) From: 0K(11776K)->5234K(11776K)
[692.536s][info][gc,heap        ] GC(247) ParOldGen: 84362K(2796544K)->84362K(2796544K)
[692.536s][info][gc,metaspace   ] GC(247) Metaspace: 79969K(81344K)->79969K(81344K) NonClass: 70315K(70976K)->70315K(70976K) Class: 9653K(10368K)->9653K(10368K)
[692.536s][info][gc             ] GC(247) Pause Young (Allocation Failure) 1423M->87M(4084M) 2.101ms
[692.536s][info][gc,cpu         ] GC(247) User=0.00s Sys=0.00s Real=0.00s
[695.242s][info][gc,start       ] GC(248) Pause Young (Allocation Failure)
[695.246s][info][gc,heap        ] GC(248) PSYoungGen: 1378668K(1385984K)->10788K(1385472K) Eden: 1373434K(1374208K)->0K(1374208K) From: 5234K(11776K)->10788K(11264K)
[695.246s][info][gc,heap        ] GC(248) ParOldGen: 84362K(2796544K)->92468K(2796544K)
[695.246s][info][gc,metaspace   ] GC(248) Metaspace: 79969K(81344K)->79969K(81344K) NonClass: 70315K(70976K)->70315K(70976K) Class: 9653K(10368K)->9653K(10368K)
[695.246s][info][gc             ] GC(248) Pause Young (Allocation Failure) 1428M->100M(4084M) 3.719ms
[695.246s][info][gc,cpu         ] GC(248) User=0.00s Sys=0.00s Real=0.00s
[699.384s][info][gc,start       ] GC(249) Pause Young (Allocation Failure)
[699.387s][info][gc,heap        ] GC(249) PSYoungGen: 1384996K(1385472K)->4677K(1384448K) Eden: 1374208K(1374208K)->0K(1372160K) From: 10788K(11264K)->4677K(12288K)
[699.387s][info][gc,heap        ] GC(249) ParOldGen: 92468K(2796544K)->95118K(2796544K)
[699.387s][info][gc,metaspace   ] GC(249) Metaspace: 79969K(81344K)->79969K(81344K) NonClass: 70315K(70976K)->70315K(70976K) Class: 9653K(10368K)->9653K(10368K)
[699.387s][info][gc             ] GC(249) Pause Young (Allocation Failure) 1442M->97M(4083M) 2.758ms
[699.387s][info][gc,cpu         ] GC(249) User=0.00s Sys=0.00s Real=0.00s
[701.673s][info][gc,start       ] GC(250) Pause Young (Allocation Failure)
[701.676s][info][gc,heap        ] GC(250) PSYoungGen: 1376837K(1384448K)->6037K(1384960K) Eden: 1372160K(1372160K)->0K(1372160K) From: 4677K(12288K)->6037K(12800K)
[701.677s][info][gc,heap        ] GC(250) ParOldGen: 95118K(2796544K)->98282K(2796544K)
[701.677s][info][gc,metaspace   ] GC(250) Metaspace: 79969K(81344K)->79969K(81344K) NonClass: 70316K(70976K)->70316K(70976K) Class: 9653K(10368K)->9653K(10368K)
[701.677s][info][gc             ] GC(250) Pause Young (Allocation Failure) 1437M->101M(4083M) 3.274ms
[701.677s][info][gc,cpu         ] GC(250) User=0.02s Sys=0.00s Real=0.01s
[706.395s][info][gc,start       ] GC(251) Pause Young (Allocation Failure)
[706.398s][info][gc,heap        ] GC(251) PSYoungGen: 1377995K(1384960K)->6847K(1385984K) Eden: 1371958K(1372160K)->0K(1373696K) From: 6037K(12800K)->6847K(12288K)
[706.398s][info][gc,heap        ] GC(251) ParOldGen: 98282K(2796544K)->102485K(2796544K)
[706.398s][info][gc,metaspace   ] GC(251) Metaspace: 79969K(81344K)->79969K(81344K) NonClass: 70316K(70976K)->70316K(70976K) Class: 9653K(10368K)->9653K(10368K)
[706.399s][info][gc             ] GC(251) Pause Young (Allocation Failure) 1441M->106M(4084M) 3.378ms
[706.399s][info][gc,cpu         ] GC(251) User=0.00s Sys=0.00s Real=0.01s
[708.864s][info][gc,start       ] GC(252) Pause Young (Allocation Failure)
[708.867s][info][gc,heap        ] GC(252) PSYoungGen: 1380543K(1385984K)->5710K(1385472K) Eden: 1373696K(1373696K)->0K(1373696K) From: 6847K(12288K)->5710K(11776K)
[708.867s][info][gc,heap        ] GC(252) ParOldGen: 102485K(2796544K)->106560K(2796544K)
[708.867s][info][gc,metaspace   ] GC(252) Metaspace: 79969K(81344K)->79969K(81344K) NonClass: 70316K(70976K)->70316K(70976K) Class: 9653K(10368K)->9653K(10368K)
[708.867s][info][gc             ] GC(252) Pause Young (Allocation Failure) 1448M->109M(4084M) 2.859ms
[708.867s][info][gc,cpu         ] GC(252) User=0.00s Sys=0.00s Real=0.00s
[712.792s][info][gc,start       ] GC(253) Pause Young (Allocation Failure)
[712.795s][info][gc,heap        ] GC(253) PSYoungGen: 1378304K(1385472K)->9568K(1385472K) Eden: 1372593K(1373696K)->0K(1374208K) From: 5710K(11776K)->9568K(11264K)
[712.795s][info][gc,heap        ] GC(253) ParOldGen: 106560K(2796544K)->110110K(2796544K)
[712.795s][info][gc,metaspace   ] GC(253) Metaspace: 79969K(81344K)->79969K(81344K) NonClass: 70316K(70976K)->70316K(70976K) Class: 9653K(10368K)->9653K(10368K)
[712.795s][info][gc             ] GC(253) Pause Young (Allocation Failure) 1450M->116M(4084M) 3.564ms
[712.795s][info][gc,cpu         ] GC(253) User=0.02s Sys=0.00s Real=0.01s
[715.720s][info][gc,start       ] GC(254) Pause Young (Allocation Failure)
[715.723s][info][gc,heap        ] GC(254) PSYoungGen: 1383776K(1385472K)->7561K(1385984K) Eden: 1374208K(1374208K)->0K(1374208K) From: 9568K(11264K)->7561K(11776K)
[715.723s][info][gc,heap        ] GC(254) ParOldGen: 110110K(2796544K)->112604K(2796544K)
[715.723s][info][gc,metaspace   ] GC(254) Metaspace: 79969K(81344K)->79969K(81344K) NonClass: 70316K(70976K)->70316K(70976K) Class: 9653K(10368K)->9653K(10368K)
[715.723s][info][gc             ] GC(254) Pause Young (Allocation Failure) 1458M->117M(4084M) 2.967ms
[715.723s][info][gc,cpu         ] GC(254) User=0.00s Sys=0.00s Real=0.00s
[718.772s][info][gc,start       ] GC(255) Pause Young (Allocation Failure)
[718.776s][info][gc,heap        ] GC(255) PSYoungGen: 1381769K(1385984K)->5914K(1386496K) Eden: 1374208K(1374208K)->0K(1374720K) From: 7561K(11776K)->5914K(11776K)
[718.776s][info][gc,heap        ] GC(255) ParOldGen: 112604K(2796544K)->117860K(2796544K)
[718.776s][info][gc,metaspace   ] GC(255) Metaspace: 79969K(81344K)->79969K(81344K) NonClass: 70316K(70976K)->70316K(70976K) Class: 9653K(10368K)->9653K(10368K)
[718.776s][info][gc             ] GC(255) Pause Young (Allocation Failure) 1459M->120M(4085M) 3.553ms
[718.776s][info][gc,cpu         ] GC(255) User=0.00s Sys=0.00s Real=0.00s
[720.985s][info][gc,start       ] GC(256) Pause Young (Allocation Failure)
[720.989s][info][gc,heap        ] GC(256) PSYoungGen: 1380634K(1386496K)->6444K(1385984K) Eden: 1374720K(1374720K)->0K(1374720K) From: 5914K(11776K)->6444K(11264K)
[720.989s][info][gc,heap        ] GC(256) ParOldGen: 117860K(2796544K)->121855K(2796544K)
[720.989s][info][gc,metaspace   ] GC(256) Metaspace: 79969K(81344K)->79969K(81344K) NonClass: 70316K(70976K)->70316K(70976K) Class: 9653K(10368K)->9653K(10368K)
[720.989s][info][gc             ] GC(256) Pause Young (Allocation Failure) 1463M->125M(4084M) 3.712ms
[720.989s][info][gc,cpu         ] GC(256) User=0.00s Sys=0.00s Real=0.00s
[723.374s][info][gc,start       ] GC(257) Pause Young (Allocation Failure)
[723.377s][info][gc,heap        ] GC(257) PSYoungGen: 1381164K(1385984K)->6048K(1387008K) Eden: 1374720K(1374720K)->0K(1375744K) From: 6444K(11264K)->6048K(11264K)
[723.377s][info][gc,heap        ] GC(257) ParOldGen: 121855K(2796544K)->126875K(2796544K)
[723.377s][info][gc,metaspace   ] GC(257) Metaspace: 79969K(81344K)->79969K(81344K) NonClass: 70316K(70976K)->70316K(70976K) Class: 9653K(10368K)->9653K(10368K)
[723.377s][info][gc             ] GC(257) Pause Young (Allocation Failure) 1467M->129M(4085M) 3.407ms
[723.377s][info][gc,cpu         ] GC(257) User=0.00s Sys=0.00s Real=0.00s
[726.483s][info][gc,start       ] GC(258) Pause Young (System.gc())
[726.486s][info][gc,heap        ] GC(258) PSYoungGen: 1322076K(1387008K)->3735K(1386496K) Eden: 1316028K(1375744K)->0K(1375744K) From: 6048K(11264K)->3735K(10752K)
[726.486s][info][gc,heap        ] GC(258) ParOldGen: 126875K(2796544K)->131656K(2796544K)
[726.486s][info][gc,metaspace   ] GC(258) Metaspace: 79969K(81344K)->79969K(81344K) NonClass: 70316K(70976K)->70316K(70976K) Class: 9653K(10368K)->9653K(10368K)
[726.486s][info][gc             ] GC(258) Pause Young (System.gc()) 1414M->132M(4085M) 2.858ms
[726.486s][info][gc,cpu         ] GC(258) User=0.00s Sys=0.00s Real=0.00s
[726.486s][info][gc,start       ] GC(259) Pause Full (System.gc())
[726.486s][info][gc,phases,start] GC(259) Marking Phase
[726.504s][info][gc,phases      ] GC(259) Marking Phase 18.680ms
[726.505s][info][gc,phases,start] GC(259) Summary Phase
[726.505s][info][gc,phases      ] GC(259) Summary Phase 0.011ms
[726.505s][info][gc,phases,start] GC(259) Adjust Roots
[726.511s][info][gc,phases      ] GC(259) Adjust Roots 6.103ms
[726.511s][info][gc,phases,start] GC(259) Compaction Phase
[726.523s][info][gc,phases      ] GC(259) Compaction Phase 12.358ms
[726.523s][info][gc,phases,start] GC(259) Post Compact
[726.524s][info][gc,phases      ] GC(259) Post Compact 1.239ms
[726.524s][info][gc,heap        ] GC(259) PSYoungGen: 3735K(1386496K)->0K(1386496K) Eden: 0K(1375744K)->0K(1375744K) From: 3735K(10752K)->0K(10752K)
[726.524s][info][gc,heap        ] GC(259) ParOldGen: 131656K(2796544K)->82059K(2796544K)
[726.524s][info][gc,metaspace   ] GC(259) Metaspace: 79969K(81344K)->79969K(81344K) NonClass: 70316K(70976K)->70316K(70976K) Class: 9653K(10368K)->9653K(10368K)
[726.524s][info][gc             ] GC(259) Pause Full (System.gc()) 132M->80M(4085M) 38.690ms
[726.525s][info][gc,cpu         ] GC(259) User=0.05s Sys=0.00s Real=0.05s
[729.791s][info][gc,start       ] GC(260) Pause Young (Allocation Failure)
[729.793s][info][gc,heap        ] GC(260) PSYoungGen: 1375744K(1386496K)->5141K(1387008K) Eden: 1375744K(1375744K)->0K(1376256K) From: 0K(10752K)->5141K(10752K)
[729.793s][info][gc,heap        ] GC(260) ParOldGen: 82059K(2796544K)->82059K(2796544K)
[729.793s][info][gc,metaspace   ] GC(260) Metaspace: 79971K(81344K)->79971K(81344K) NonClass: 70317K(70976K)->70317K(70976K) Class: 9653K(10368K)->9653K(10368K)
[729.793s][info][gc             ] GC(260) Pause Young (Allocation Failure) 1423M->85M(4085M) 2.143ms
[729.793s][info][gc,cpu         ] GC(260) User=0.00s Sys=0.00s Real=0.00s
[732.564s][info][gc,start       ] GC(261) Pause Young (Allocation Failure)
[732.568s][info][gc,heap        ] GC(261) PSYoungGen: 1380628K(1387008K)->10720K(1387008K) Eden: 1375486K(1376256K)->0K(1376256K) From: 5141K(10752K)->10720K(10752K)
[732.568s][info][gc,heap        ] GC(261) ParOldGen: 82059K(2796544K)->91146K(2796544K)
[732.568s][info][gc,metaspace   ] GC(261) Metaspace: 79971K(81344K)->79971K(81344K) NonClass: 70317K(70976K)->70317K(70976K) Class: 9653K(10368K)->9653K(10368K)
[732.568s][info][gc             ] GC(261) Pause Young (Allocation Failure) 1428M->99M(4085M) 3.993ms
[732.569s][info][gc,cpu         ] GC(261) User=0.00s Sys=0.00s Real=0.00s
[736.745s][info][gc,start       ] GC(262) Pause Young (Allocation Failure)
[736.747s][info][gc,heap        ] GC(262) PSYoungGen: 1386976K(1387008K)->6394K(1378816K) Eden: 1376256K(1376256K)->0K(1368064K) From: 10720K(10752K)->6394K(10752K)
[736.747s][info][gc,heap        ] GC(262) ParOldGen: 91146K(2796544K)->94234K(2796544K)
[736.747s][info][gc,metaspace   ] GC(262) Metaspace: 79971K(81344K)->79971K(81344K) NonClass: 70317K(70976K)->70317K(70976K) Class: 9653K(10368K)->9653K(10368K)
[736.747s][info][gc             ] GC(262) Pause Young (Allocation Failure) 1443M->98M(4077M) 2.802ms
[736.747s][info][gc,cpu         ] GC(262) User=0.00s Sys=0.00s Real=0.00s
[738.994s][info][gc,start       ] GC(263) Pause Young (Allocation Failure)
[738.997s][info][gc,heap        ] GC(263) PSYoungGen: 1374458K(1378816K)->6055K(1382912K) Eden: 1368064K(1368064K)->0K(1368064K) From: 6394K(10752K)->6055K(14848K)
[738.997s][info][gc,heap        ] GC(263) ParOldGen: 94234K(2796544K)->97432K(2796544K)
[738.997s][info][gc,metaspace   ] GC(263) Metaspace: 79974K(81344K)->79974K(81344K) NonClass: 70320K(70976K)->70320K(70976K) Class: 9653K(10368K)->9653K(10368K)
[738.997s][info][gc             ] GC(263) Pause Young (Allocation Failure) 1434M->101M(4081M) 3.127ms
[738.997s][info][gc,cpu         ] GC(263) User=0.00s Sys=0.00s Real=0.00s
[743.829s][info][gc,start       ] GC(264) Pause Young (Allocation Failure)
[743.833s][info][gc,heap        ] GC(264) PSYoungGen: 1374119K(1382912K)->5852K(1383936K) Eden: 1368064K(1368064K)->0K(1369600K) From: 6055K(14848K)->5852K(14336K)
[743.833s][info][gc,heap        ] GC(264) ParOldGen: 97432K(2796544K)->101630K(2796544K)
[743.833s][info][gc,metaspace   ] GC(264) Metaspace: 79974K(81344K)->79974K(81344K) NonClass: 70320K(70976K)->70320K(70976K) Class: 9653K(10368K)->9653K(10368K)
[743.833s][info][gc             ] GC(264) Pause Young (Allocation Failure) 1437M->104M(4082M) 3.401ms
[743.833s][info][gc,cpu         ] GC(264) User=0.00s Sys=0.00s Real=0.00s
[746.373s][info][gc,start       ] GC(265) Pause Young (Allocation Failure)
[746.375s][info][gc,heap        ] GC(265) PSYoungGen: 1374751K(1383936K)->5016K(1383424K) Eden: 1368898K(1369600K)->0K(1369600K) From: 5852K(14336K)->5016K(13824K)
[746.375s][info][gc,heap        ] GC(265) ParOldGen: 101630K(2796544K)->105748K(2796544K)
[746.375s][info][gc,metaspace   ] GC(265) Metaspace: 79974K(81344K)->79974K(81344K) NonClass: 70320K(70976K)->70320K(70976K) Class: 9653K(10368K)->9653K(10368K)
[746.375s][info][gc             ] GC(265) Pause Young (Allocation Failure) 1441M->108M(4082M) 2.763ms
[746.376s][info][gc,cpu         ] GC(265) User=0.00s Sys=0.00s Real=0.00s
[750.187s][info][gc,start       ] GC(266) Pause Young (Allocation Failure)
[750.190s][info][gc,heap        ] GC(266) PSYoungGen: 1374271K(1383424K)->5650K(1384448K) Eden: 1369254K(1369600K)->0K(1371136K) From: 5016K(13824K)->5650K(13312K)
[750.190s][info][gc,heap        ] GC(266) ParOldGen: 105748K(2796544K)->109314K(2796544K)
[750.190s][info][gc,metaspace   ] GC(266) Metaspace: 79974K(81344K)->79974K(81344K) NonClass: 70320K(70976K)->70320K(70976K) Class: 9653K(10368K)->9653K(10368K)
[750.190s][info][gc             ] GC(266) Pause Young (Allocation Failure) 1445M->112M(4083M) 3.168ms
[750.190s][info][gc,cpu         ] GC(266) User=0.00s Sys=0.00s Real=0.00s
[753.192s][info][gc,start       ] GC(267) Pause Young (Allocation Failure)
[753.194s][info][gc,heap        ] GC(267) PSYoungGen: 1376786K(1384448K)->6270K(1384448K) Eden: 1371136K(1371136K)->0K(1371136K) From: 5650K(13312K)->6270K(13312K)
[753.194s][info][gc,heap        ] GC(267) ParOldGen: 109314K(2796544K)->111737K(2796544K)
[753.194s][info][gc,metaspace   ] GC(267) Metaspace: 79974K(81344K)->79974K(81344K) NonClass: 70320K(70976K)->70320K(70976K) Class: 9653K(10368K)->9653K(10368K)
[753.194s][info][gc             ] GC(267) Pause Young (Allocation Failure) 1451M->115M(4083M) 2.808ms
[753.194s][info][gc,cpu         ] GC(267) User=0.00s Sys=0.00s Real=0.00s
[756.186s][info][gc,start       ] GC(268) Pause Young (Allocation Failure)
[756.190s][info][gc,heap        ] GC(268) PSYoungGen: 1377406K(1384448K)->5450K(1385472K) Eden: 1371136K(1371136K)->0K(1372672K) From: 6270K(13312K)->5450K(12800K)
[756.190s][info][gc,heap        ] GC(268) ParOldGen: 111737K(2796544K)->116885K(2796544K)
[756.190s][info][gc,metaspace   ] GC(268) Metaspace: 79974K(81344K)->79974K(81344K) NonClass: 70321K(70976K)->70321K(70976K) Class: 9653K(10368K)->9653K(10368K)
[756.190s][info][gc             ] GC(268) Pause Young (Allocation Failure) 1454M->119M(4084M) 3.234ms
[756.190s][info][gc,cpu         ] GC(268) User=0.00s Sys=0.00s Real=0.00s
[758.416s][info][gc,start       ] GC(269) Pause Young (Allocation Failure)
[758.419s][info][gc,heap        ] GC(269) PSYoungGen: 1378122K(1385472K)->6665K(1384960K) Eden: 1372672K(1372672K)->0K(1372672K) From: 5450K(12800K)->6665K(12288K)
[758.419s][info][gc,heap        ] GC(269) ParOldGen: 116885K(2796544K)->120828K(2796544K)
[758.419s][info][gc,metaspace   ] GC(269) Metaspace: 79974K(81344K)->79974K(81344K) NonClass: 70321K(70976K)->70321K(70976K) Class: 9653K(10368K)->9653K(10368K)
[758.419s][info][gc             ] GC(269) Pause Young (Allocation Failure) 1459M->124M(4083M) 3.491ms
[758.419s][info][gc,cpu         ] GC(269) User=0.00s Sys=0.00s Real=0.00s
[760.784s][info][gc,start       ] GC(270) Pause Young (Allocation Failure)
[760.788s][info][gc,heap        ] GC(270) PSYoungGen: 1379337K(1384960K)->6035K(1386496K) Eden: 1372672K(1372672K)->0K(1374720K) From: 6665K(12288K)->6035K(11776K)
[760.788s][info][gc,heap        ] GC(270) ParOldGen: 120828K(2796544K)->125840K(2796544K)
[760.788s][info][gc,metaspace   ] GC(270) Metaspace: 79979K(81344K)->79979K(81344K) NonClass: 70326K(70976K)->70326K(70976K) Class: 9653K(10368K)->9653K(10368K)
[760.788s][info][gc             ] GC(270) Pause Young (Allocation Failure) 1465M->128M(4085M) 3.329ms
[760.788s][info][gc,cpu         ] GC(270) User=0.00s Sys=0.00s Real=0.00s
[763.874s][info][gc,start       ] GC(271) Pause Young (System.gc())
[763.876s][info][gc,heap        ] GC(271) PSYoungGen: 1328862K(1386496K)->3683K(1385984K) Eden: 1322827K(1374720K)->0K(1374720K) From: 6035K(11776K)->3683K(11264K)
[763.876s][info][gc,heap        ] GC(271) ParOldGen: 125840K(2796544K)->130581K(2796544K)
[763.876s][info][gc,metaspace   ] GC(271) Metaspace: 79981K(81344K)->79981K(81344K) NonClass: 70327K(70976K)->70327K(70976K) Class: 9653K(10368K)->9653K(10368K)
[763.877s][info][gc             ] GC(271) Pause Young (System.gc()) 1420M->131M(4084M) 2.794ms
[763.877s][info][gc,cpu         ] GC(271) User=0.00s Sys=0.00s Real=0.00s
[763.877s][info][gc,start       ] GC(272) Pause Full (System.gc())
[763.877s][info][gc,phases,start] GC(272) Marking Phase
[763.895s][info][gc,phases      ] GC(272) Marking Phase 18.512ms
[763.895s][info][gc,phases,start] GC(272) Summary Phase
[763.895s][info][gc,phases      ] GC(272) Summary Phase 0.010ms
[763.895s][info][gc,phases,start] GC(272) Adjust Roots
[763.901s][info][gc,phases      ] GC(272) Adjust Roots 5.937ms
[763.901s][info][gc,phases,start] GC(272) Compaction Phase
[763.913s][info][gc,phases      ] GC(272) Compaction Phase 12.276ms
[763.914s][info][gc,phases,start] GC(272) Post Compact
[763.915s][info][gc,phases      ] GC(272) Post Compact 1.216ms
[763.915s][info][gc,heap        ] GC(272) PSYoungGen: 3683K(1385984K)->0K(1385984K) Eden: 0K(1374720K)->0K(1374720K) From: 3683K(11264K)->0K(11264K)
[763.915s][info][gc,heap        ] GC(272) ParOldGen: 130581K(2796544K)->82421K(2796544K)
[763.915s][info][gc,metaspace   ] GC(272) Metaspace: 79981K(81344K)->79981K(81344K) NonClass: 70327K(70976K)->70327K(70976K) Class: 9653K(10368K)->9653K(10368K)
[763.915s][info][gc             ] GC(272) Pause Full (System.gc()) 131M->80M(4084M) 38.329ms
[763.915s][info][gc,cpu         ] GC(272) User=0.05s Sys=0.00s Real=0.05s
[767.148s][info][gc,start       ] GC(273) Pause Young (Allocation Failure)
[767.150s][info][gc,heap        ] GC(273) PSYoungGen: 1374720K(1385984K)->5018K(1386496K) Eden: 1374720K(1374720K)->0K(1375232K) From: 0K(11264K)->5018K(11264K)
[767.150s][info][gc,heap        ] GC(273) ParOldGen: 82421K(2796544K)->82421K(2796544K)
[767.150s][info][gc,metaspace   ] GC(273) Metaspace: 79981K(81344K)->79981K(81344K) NonClass: 70327K(70976K)->70327K(70976K) Class: 9653K(10368K)->9653K(10368K)
[767.150s][info][gc             ] GC(273) Pause Young (Allocation Failure) 1422M->85M(4085M) 2.370ms
[767.150s][info][gc,cpu         ] GC(273) User=0.00s Sys=0.00s Real=0.00s
[769.878s][info][gc,start       ] GC(274) Pause Young (Allocation Failure)
[769.882s][info][gc,heap        ] GC(274) PSYoungGen: 1378682K(1386496K)->11098K(1386496K) Eden: 1373663K(1375232K)->0K(1375232K) From: 5018K(11264K)->11098K(11264K)
[769.882s][info][gc,heap        ] GC(274) ParOldGen: 82421K(2796544K)->94614K(2796544K)
[769.882s][info][gc,metaspace   ] GC(274) Metaspace: 79981K(81344K)->79981K(81344K) NonClass: 70327K(70976K)->70327K(70976K) Class: 9653K(10368K)->9653K(10368K)
[769.882s][info][gc             ] GC(274) Pause Young (Allocation Failure) 1426M->103M(4085M) 4.063ms
[769.882s][info][gc,cpu         ] GC(274) User=0.00s Sys=0.00s Real=0.00s
[774.083s][info][gc,start       ] GC(275) Pause Young (Allocation Failure)
[774.085s][info][gc,heap        ] GC(275) PSYoungGen: 1386330K(1386496K)->5185K(1384448K) Eden: 1375232K(1375232K)->0K(1373184K) From: 11098K(11264K)->5185K(11264K)
[774.085s][info][gc,heap        ] GC(275) ParOldGen: 94614K(2796544K)->97241K(2796544K)
[774.085s][info][gc,metaspace   ] GC(275) Metaspace: 79981K(81344K)->79981K(81344K) NonClass: 70327K(70976K)->70327K(70976K) Class: 9653K(10368K)->9653K(10368K)
[774.085s][info][gc             ] GC(275) Pause Young (Allocation Failure) 1446M->100M(4083M) 2.384ms
[774.086s][info][gc,cpu         ] GC(275) User=0.00s Sys=0.00s Real=0.00s
[776.309s][info][gc,start       ] GC(276) Pause Young (Allocation Failure)
[776.312s][info][gc,heap        ] GC(276) PSYoungGen: 1378369K(1384448K)->5940K(1385472K) Eden: 1373184K(1373184K)->0K(1373184K) From: 5185K(11264K)->5940K(12288K)
[776.312s][info][gc,heap        ] GC(276) ParOldGen: 97241K(2796544K)->100412K(2796544K)
[776.312s][info][gc,metaspace   ] GC(276) Metaspace: 79981K(81344K)->79981K(81344K) NonClass: 70327K(70976K)->70327K(70976K) Class: 9653K(10368K)->9653K(10368K)
[776.312s][info][gc             ] GC(276) Pause Young (Allocation Failure) 1441M->103M(4084M) 3.159ms
[776.312s][info][gc,cpu         ] GC(276) User=0.00s Sys=0.00s Real=0.00s
[781.028s][info][gc,start       ] GC(277) Pause Young (Allocation Failure)
[781.032s][info][gc,heap        ] GC(277) PSYoungGen: 1379124K(1385472K)->6599K(1386496K) Eden: 1373184K(1373184K)->0K(1374720K) From: 5940K(12288K)->6599K(11776K)
[781.032s][info][gc,heap        ] GC(277) ParOldGen: 100412K(2796544K)->104610K(2796544K)
[781.032s][info][gc,metaspace   ] GC(277) Metaspace: 79981K(81344K)->79981K(81344K) NonClass: 70327K(70976K)->70327K(70976K) Class: 9653K(10368K)->9653K(10368K)
[781.032s][info][gc             ] GC(277) Pause Young (Allocation Failure) 1444M->108M(4085M) 3.338ms
[781.032s][info][gc,cpu         ] GC(277) User=0.00s Sys=0.00s Real=0.00s
[783.562s][info][gc,start       ] GC(278) Pause Young (Allocation Failure)
[783.565s][info][gc,heap        ] GC(278) PSYoungGen: 1381319K(1386496K)->5843K(1385984K) Eden: 1374720K(1374720K)->0K(1374720K) From: 6599K(11776K)->5843K(11264K)
[783.565s][info][gc,heap        ] GC(278) ParOldGen: 104610K(2796544K)->108728K(2796544K)
[783.565s][info][gc,metaspace   ] GC(278) Metaspace: 79981K(81344K)->79981K(81344K) NonClass: 70327K(70976K)->70327K(70976K) Class: 9653K(10368K)->9653K(10368K)
[783.565s][info][gc             ] GC(278) Pause Young (Allocation Failure) 1451M->111M(4084M) 3.079ms
[783.565s][info][gc,cpu         ] GC(278) User=0.00s Sys=0.02s Real=0.00s
[787.383s][info][gc,start       ] GC(279) Pause Young (Allocation Failure)
[787.387s][info][gc,heap        ] GC(279) PSYoungGen: 1380563K(1385984K)->9987K(1384960K) Eden: 1374720K(1374720K)->0K(1374208K) From: 5843K(11264K)->9987K(10752K)
[787.387s][info][gc,heap        ] GC(279) ParOldGen: 108728K(2796544K)->112356K(2796544K)
[787.387s][info][gc,metaspace   ] GC(279) Metaspace: 79981K(81344K)->79981K(81344K) NonClass: 70327K(70976K)->70327K(70976K) Class: 9653K(10368K)->9653K(10368K)
[787.387s][info][gc             ] GC(279) Pause Young (Allocation Failure) 1454M->119M(4083M) 4.009ms
[787.387s][info][gc,cpu         ] GC(279) User=0.00s Sys=0.00s Real=0.00s
[790.392s][info][gc,start       ] GC(280) Pause Young (Allocation Failure)
[790.396s][info][gc,heap        ] GC(280) PSYoungGen: 1384195K(1384960K)->7379K(1385984K) Eden: 1374208K(1374208K)->0K(1374208K) From: 9987K(10752K)->7379K(11776K)
[790.396s][info][gc,heap        ] GC(280) ParOldGen: 112356K(2796544K)->114801K(2796544K)
[790.396s][info][gc,metaspace   ] GC(280) Metaspace: 79981K(81344K)->79981K(81344K) NonClass: 70327K(70976K)->70327K(70976K) Class: 9653K(10368K)->9653K(10368K)
[790.396s][info][gc             ] GC(280) Pause Young (Allocation Failure) 1461M->119M(4084M) 3.355ms
[790.396s][info][gc,cpu         ] GC(280) User=0.00s Sys=0.00s Real=0.00s
[793.431s][info][gc,start       ] GC(281) Pause Young (Allocation Failure)
[793.434s][info][gc,heap        ] GC(281) PSYoungGen: 1380887K(1385984K)->5126K(1386496K) Eden: 1373508K(1374208K)->0K(1374720K) From: 7379K(11776K)->5126K(11776K)
[793.434s][info][gc,heap        ] GC(281) ParOldGen: 114801K(2796544K)->119998K(2796544K)
[793.434s][info][gc,metaspace   ] GC(281) Metaspace: 79981K(81344K)->79981K(81344K) NonClass: 70327K(70976K)->70327K(70976K) Class: 9653K(10368K)->9653K(10368K)
[793.434s][info][gc             ] GC(281) Pause Young (Allocation Failure) 1460M->122M(4085M) 2.869ms
[793.434s][info][gc,cpu         ] GC(281) User=0.00s Sys=0.00s Real=0.00s
[795.669s][info][gc,start       ] GC(282) Pause Young (Allocation Failure)
[795.673s][info][gc,heap        ] GC(282) PSYoungGen: 1376435K(1386496K)->6051K(1385984K) Eden: 1371309K(1374720K)->0K(1374720K) From: 5126K(11776K)->6051K(11264K)
[795.673s][info][gc,heap        ] GC(282) ParOldGen: 119998K(2796544K)->124005K(2796544K)
[795.673s][info][gc,metaspace   ] GC(282) Metaspace: 79981K(81344K)->79981K(81344K) NonClass: 70327K(70976K)->70327K(70976K) Class: 9653K(10368K)->9653K(10368K)
[795.673s][info][gc             ] GC(282) Pause Young (Allocation Failure) 1461M->127M(4084M) 3.124ms
[795.673s][info][gc,cpu         ] GC(282) User=0.00s Sys=0.00s Real=0.01s
[797.953s][info][gc,start       ] GC(283) Pause Young (Allocation Failure)
[797.956s][info][gc,heap        ] GC(283) PSYoungGen: 1380771K(1385984K)->6274K(1387008K) Eden: 1374720K(1374720K)->0K(1375744K) From: 6051K(11264K)->6274K(11264K)
[797.956s][info][gc,heap        ] GC(283) ParOldGen: 124005K(2796544K)->129067K(2796544K)
[797.956s][info][gc,metaspace   ] GC(283) Metaspace: 79981K(81344K)->79981K(81344K) NonClass: 70327K(70976K)->70327K(70976K) Class: 9653K(10368K)->9653K(10368K)
[797.956s][info][gc             ] GC(283) Pause Young (Allocation Failure) 1469M->132M(4085M) 3.506ms
[797.956s][info][gc,cpu         ] GC(283) User=0.00s Sys=0.00s Real=0.00s
[801.044s][info][gc,start       ] GC(284) Pause Young (System.gc())
[801.047s][info][gc,heap        ] GC(284) PSYoungGen: 1303453K(1387008K)->3667K(1386496K) Eden: 1297178K(1375744K)->0K(1375744K) From: 6274K(11264K)->3667K(10752K)
[801.047s][info][gc,heap        ] GC(284) ParOldGen: 129067K(2796544K)->133811K(2796544K)
[801.047s][info][gc,metaspace   ] GC(284) Metaspace: 79984K(81344K)->79984K(81344K) NonClass: 70330K(70976K)->70330K(70976K) Class: 9653K(10368K)->9653K(10368K)
[801.047s][info][gc             ] GC(284) Pause Young (System.gc()) 1398M->134M(4085M) 2.771ms
[801.047s][info][gc,cpu         ] GC(284) User=0.00s Sys=0.00s Real=0.00s
[801.047s][info][gc,start       ] GC(285) Pause Full (System.gc())
[801.047s][info][gc,phases,start] GC(285) Marking Phase
[801.066s][info][gc,phases      ] GC(285) Marking Phase 18.812ms
[801.066s][info][gc,phases,start] GC(285) Summary Phase
[801.066s][info][gc,phases      ] GC(285) Summary Phase 0.011ms
[801.066s][info][gc,phases,start] GC(285) Adjust Roots
[801.072s][info][gc,phases      ] GC(285) Adjust Roots 5.974ms
[801.072s][info][gc,phases,start] GC(285) Compaction Phase
[801.084s][info][gc,phases      ] GC(285) Compaction Phase 12.246ms
[801.084s][info][gc,phases,start] GC(285) Post Compact
[801.085s][info][gc,phases      ] GC(285) Post Compact 1.237ms
[801.085s][info][gc,heap        ] GC(285) PSYoungGen: 3667K(1386496K)->0K(1386496K) Eden: 0K(1375744K)->0K(1375744K) From: 3667K(10752K)->0K(10752K)
[801.085s][info][gc,heap        ] GC(285) ParOldGen: 133811K(2796544K)->81858K(2796544K)
[801.085s][info][gc,metaspace   ] GC(285) Metaspace: 79984K(81344K)->79984K(81344K) NonClass: 70330K(70976K)->70330K(70976K) Class: 9653K(10368K)->9653K(10368K)
[801.085s][info][gc             ] GC(285) Pause Full (System.gc()) 134M->79M(4085M) 38.593ms
[801.085s][info][gc,cpu         ] GC(285) User=0.03s Sys=0.00s Real=0.05s
[804.301s][info][gc,start       ] GC(286) Pause Young (Allocation Failure)
[804.303s][info][gc,heap        ] GC(286) PSYoungGen: 1375744K(1386496K)->5030K(1387008K) Eden: 1375744K(1375744K)->0K(1376256K) From: 0K(10752K)->5030K(10752K)
[804.303s][info][gc,heap        ] GC(286) ParOldGen: 81858K(2796544K)->81858K(2796544K)
[804.303s][info][gc,metaspace   ] GC(286) Metaspace: 79985K(81344K)->79985K(81344K) NonClass: 70331K(70976K)->70331K(70976K) Class: 9653K(10368K)->9653K(10368K)
[804.303s][info][gc             ] GC(286) Pause Young (Allocation Failure) 1423M->84M(4085M) 2.221ms
[804.303s][info][gc,cpu         ] GC(286) User=0.00s Sys=0.00s Real=0.00s
[807.044s][info][gc,start       ] GC(287) Pause Young (Allocation Failure)
[807.048s][info][gc,heap        ] GC(287) PSYoungGen: 1378968K(1387008K)->10732K(1387008K) Eden: 1373937K(1376256K)->0K(1376256K) From: 5030K(10752K)->10732K(10752K)
[807.048s][info][gc,heap        ] GC(287) ParOldGen: 81858K(2796544K)->86011K(2796544K)
[807.048s][info][gc,metaspace   ] GC(287) Metaspace: 79985K(81344K)->79985K(81344K) NonClass: 70331K(70976K)->70331K(70976K) Class: 9653K(10368K)->9653K(10368K)
[807.048s][info][gc             ] GC(287) Pause Young (Allocation Failure) 1426M->94M(4085M) 3.334ms
[807.048s][info][gc,cpu         ] GC(287) User=0.00s Sys=0.00s Real=0.00s
[811.316s][info][gc,start       ] GC(288) Pause Young (Allocation Failure)
[811.318s][info][gc,heap        ] GC(288) PSYoungGen: 1386714K(1387008K)->4254K(1381888K) Eden: 1375982K(1376256K)->0K(1371136K) From: 10732K(10752K)->4254K(10752K)
[811.318s][info][gc,heap        ] GC(288) ParOldGen: 86011K(2796544K)->88647K(2796544K)
[811.318s][info][gc,metaspace   ] GC(288) Metaspace: 80010K(81344K)->80010K(81344K) NonClass: 70356K(70976K)->70356K(70976K) Class: 9653K(10368K)->9653K(10368K)
[811.319s][info][gc             ] GC(288) Pause Young (Allocation Failure) 1438M->90M(4080M) 2.028ms
[811.319s][info][gc,cpu         ] GC(288) User=0.00s Sys=0.00s Real=0.00s
[813.531s][info][gc,start       ] GC(289) Pause Young (Allocation Failure)
[813.534s][info][gc,heap        ] GC(289) PSYoungGen: 1375390K(1381888K)->6590K(1384448K) Eden: 1371136K(1371136K)->0K(1371136K) From: 4254K(10752K)->6590K(13312K)
[813.534s][info][gc,heap        ] GC(289) ParOldGen: 88647K(2796544K)->91842K(2796544K)
[813.534s][info][gc,metaspace   ] GC(289) Metaspace: 80010K(81344K)->80010K(81344K) NonClass: 70356K(70976K)->70356K(70976K) Class: 9653K(10368K)->9653K(10368K)
[813.534s][info][gc             ] GC(289) Pause Young (Allocation Failure) 1429M->96M(4083M) 3.137ms
[813.534s][info][gc,cpu         ] GC(289) User=0.02s Sys=0.00s Real=0.02s
[818.147s][info][gc,start       ] GC(290) Pause Young (Allocation Failure)
[818.150s][info][gc,heap        ] GC(290) PSYoungGen: 1376509K(1384448K)->5592K(1385472K) Eden: 1369918K(1371136K)->0K(1372672K) From: 6590K(13312K)->5592K(12800K)
[818.150s][info][gc,heap        ] GC(290) ParOldGen: 91842K(2796544K)->96470K(2796544K)
[818.150s][info][gc,metaspace   ] GC(290) Metaspace: 80010K(81344K)->80010K(81344K) NonClass: 70356K(70976K)->70356K(70976K) Class: 9653K(10368K)->9653K(10368K)
[818.150s][info][gc             ] GC(290) Pause Young (Allocation Failure) 1433M->99M(4084M) 3.255ms
[818.150s][info][gc,cpu         ] GC(290) User=0.00s Sys=0.00s Real=0.00s
[820.763s][info][gc,start       ] GC(291) Pause Young (Allocation Failure)
[820.765s][info][gc,heap        ] GC(291) PSYoungGen: 1378264K(1385472K)->4861K(1384960K) Eden: 1372672K(1372672K)->0K(1372672K) From: 5592K(12800K)->4861K(12288K)
[820.765s][info][gc,heap        ] GC(291) ParOldGen: 96470K(2796544K)->100636K(2796544K)
[820.765s][info][gc,metaspace   ] GC(291) Metaspace: 80010K(81344K)->80010K(81344K) NonClass: 70356K(70976K)->70356K(70976K) Class: 9653K(10368K)->9653K(10368K)
[820.765s][info][gc             ] GC(291) Pause Young (Allocation Failure) 1440M->103M(4083M) 2.755ms
[820.766s][info][gc,cpu         ] GC(291) User=0.00s Sys=0.00s Real=0.00s
[824.429s][info][gc,start       ] GC(292) Pause Young (Allocation Failure)
[824.433s][info][gc,heap        ] GC(292) PSYoungGen: 1374592K(1384960K)->5514K(1385984K) Eden: 1369730K(1372672K)->0K(1373696K) From: 4861K(12288K)->5514K(12288K)
[824.433s][info][gc,heap        ] GC(292) ParOldGen: 100636K(2796544K)->104113K(2796544K)
[824.433s][info][gc,metaspace   ] GC(292) Metaspace: 80010K(81344K)->80010K(81344K) NonClass: 70356K(70976K)->70356K(70976K) Class: 9653K(10368K)->9653K(10368K)
[824.433s][info][gc             ] GC(292) Pause Young (Allocation Failure) 1440M->107M(4084M) 4.130ms
[824.433s][info][gc,cpu         ] GC(292) User=0.00s Sys=0.00s Real=0.00s
[827.446s][info][gc,start       ] GC(293) Pause Young (Allocation Failure)
[827.450s][info][gc,heap        ] GC(293) PSYoungGen: 1379210K(1385984K)->7407K(1385472K) Eden: 1373696K(1373696K)->0K(1373696K) From: 5514K(12288K)->7407K(11776K)
[827.450s][info][gc,heap        ] GC(293) ParOldGen: 104113K(2796544K)->106527K(2796544K)
[827.450s][info][gc,metaspace   ] GC(293) Metaspace: 80010K(81344K)->80010K(81344K) NonClass: 70357K(70976K)->70357K(70976K) Class: 9653K(10368K)->9653K(10368K)
[827.450s][info][gc             ] GC(293) Pause Young (Allocation Failure) 1448M->111M(4084M) 3.501ms
[827.450s][info][gc,cpu         ] GC(293) User=0.02s Sys=0.00s Real=0.02s
[830.466s][info][gc,start       ] GC(294) Pause Young (Allocation Failure)
[830.470s][info][gc,heap        ] GC(294) PSYoungGen: 1381103K(1385472K)->6059K(1386496K) Eden: 1373696K(1373696K)->0K(1374720K) From: 7407K(11776K)->6059K(11776K)
[830.470s][info][gc,heap        ] GC(294) ParOldGen: 106527K(2796544K)->111792K(2796544K)
[830.470s][info][gc,metaspace   ] GC(294) Metaspace: 80010K(81344K)->80010K(81344K) NonClass: 70357K(70976K)->70357K(70976K) Class: 9653K(10368K)->9653K(10368K)
[830.470s][info][gc             ] GC(294) Pause Young (Allocation Failure) 1452M->115M(4085M) 3.481ms
[830.470s][info][gc,cpu         ] GC(294) User=0.00s Sys=0.00s Real=0.00s
[832.715s][info][gc,start       ] GC(295) Pause Young (Allocation Failure)
[832.719s][info][gc,heap        ] GC(295) PSYoungGen: 1380779K(1386496K)->7067K(1385984K) Eden: 1374720K(1374720K)->0K(1374720K) From: 6059K(11776K)->7067K(11264K)
[832.719s][info][gc,heap        ] GC(295) ParOldGen: 111792K(2796544K)->115807K(2796544K)
[832.719s][info][gc,metaspace   ] GC(295) Metaspace: 80010K(81344K)->80010K(81344K) NonClass: 70357K(70976K)->70357K(70976K) Class: 9653K(10368K)->9653K(10368K)
[832.719s][info][gc             ] GC(295) Pause Young (Allocation Failure) 1457M->119M(4084M) 3.825ms
[832.719s][info][gc,cpu         ] GC(295) User=0.02s Sys=0.00s Real=0.02s
[835.029s][info][gc,start       ] GC(296) Pause Young (Allocation Failure)
[835.033s][info][gc,heap        ] GC(296) PSYoungGen: 1381787K(1385984K)->6037K(1387008K) Eden: 1374720K(1374720K)->0K(1376256K) From: 7067K(11264K)->6037K(10752K)
[835.033s][info][gc,heap        ] GC(296) ParOldGen: 115807K(2796544K)->120842K(2796544K)
[835.033s][info][gc,metaspace   ] GC(296) Metaspace: 80010K(81344K)->80010K(81344K) NonClass: 70357K(70976K)->70357K(70976K) Class: 9653K(10368K)->9653K(10368K)
[835.033s][info][gc             ] GC(296) Pause Young (Allocation Failure) 1462M->123M(4085M) 4.255ms
[835.033s][info][gc,cpu         ] GC(296) User=0.00s Sys=0.00s Real=0.00s
[838.073s][info][gc,start       ] GC(297) Pause Young (System.gc())
[838.075s][info][gc,heap        ] GC(297) PSYoungGen: 1295303K(1387008K)->3531K(1387008K) Eden: 1289265K(1376256K)->0K(1376256K) From: 6037K(10752K)->3531K(10752K)
[838.075s][info][gc,heap        ] GC(297) ParOldGen: 120842K(2796544K)->125577K(2796544K)
[838.075s][info][gc,metaspace   ] GC(297) Metaspace: 80014K(81344K)->80014K(81344K) NonClass: 70359K(70976K)->70359K(70976K) Class: 9654K(10368K)->9654K(10368K)
[838.075s][info][gc             ] GC(297) Pause Young (System.gc()) 1382M->126M(4085M) 2.721ms
[838.075s][info][gc,cpu         ] GC(297) User=0.00s Sys=0.00s Real=0.00s
[838.075s][info][gc,start       ] GC(298) Pause Full (System.gc())
[838.075s][info][gc,phases,start] GC(298) Marking Phase
[838.094s][info][gc,phases      ] GC(298) Marking Phase 18.256ms
[838.094s][info][gc,phases,start] GC(298) Summary Phase
[838.094s][info][gc,phases      ] GC(298) Summary Phase 0.010ms
[838.094s][info][gc,phases,start] GC(298) Adjust Roots
[838.100s][info][gc,phases      ] GC(298) Adjust Roots 5.918ms
[838.100s][info][gc,phases,start] GC(298) Compaction Phase
[838.112s][info][gc,phases      ] GC(298) Compaction Phase 12.267ms
[838.112s][info][gc,phases,start] GC(298) Post Compact
[838.113s][info][gc,phases      ] GC(298) Post Compact 1.169ms
[838.113s][info][gc,heap        ] GC(298) PSYoungGen: 3531K(1387008K)->0K(1387008K) Eden: 0K(1376256K)->0K(1376256K) From: 3531K(10752K)->0K(10752K)
[838.113s][info][gc,heap        ] GC(298) ParOldGen: 125577K(2796544K)->81544K(2796544K)
[838.113s][info][gc,metaspace   ] GC(298) Metaspace: 80014K(81344K)->80014K(81344K) NonClass: 70359K(70976K)->70359K(70976K) Class: 9654K(10368K)->9654K(10368K)
[838.113s][info][gc             ] GC(298) Pause Full (System.gc()) 126M->79M(4085M) 37.926ms
[838.113s][info][gc,cpu         ] GC(298) User=0.02s Sys=0.00s Real=0.04s
[841.334s][info][gc,start       ] GC(299) Pause Young (Allocation Failure)
[841.336s][info][gc,heap        ] GC(299) PSYoungGen: 1376256K(1387008K)->5234K(1387520K) Eden: 1376256K(1376256K)->0K(1376768K) From: 0K(10752K)->5234K(10752K)
[841.336s][info][gc,heap        ] GC(299) ParOldGen: 81544K(2796544K)->81544K(2796544K)
[841.336s][info][gc,metaspace   ] GC(299) Metaspace: 80014K(81344K)->80014K(81344K) NonClass: 70359K(70976K)->70359K(70976K) Class: 9654K(10368K)->9654K(10368K)
[841.336s][info][gc             ] GC(299) Pause Young (Allocation Failure) 1423M->84M(4086M) 2.323ms
[841.336s][info][gc,cpu         ] GC(299) User=0.00s Sys=0.00s Real=0.02s
[844.088s][info][gc,start       ] GC(300) Pause Young (Allocation Failure)
[844.092s][info][gc,heap        ] GC(300) PSYoungGen: 1380951K(1387520K)->10213K(1387008K) Eden: 1375716K(1376768K)->0K(1376768K) From: 5234K(10752K)->10213K(10240K)
[844.092s][info][gc,heap        ] GC(300) ParOldGen: 81544K(2796544K)->95258K(2796544K)
[844.092s][info][gc,metaspace   ] GC(300) Metaspace: 80014K(81344K)->80014K(81344K) NonClass: 70359K(70976K)->70359K(70976K) Class: 9654K(10368K)->9654K(10368K)
[844.092s][info][gc             ] GC(300) Pause Young (Allocation Failure) 1428M->102M(4085M) 4.875ms
[844.093s][info][gc,cpu         ] GC(300) User=0.00s Sys=0.00s Real=0.00s
[848.300s][info][gc,start       ] GC(301) Pause Young (Allocation Failure)
[848.303s][info][gc,heap        ] GC(301) PSYoungGen: 1386981K(1387008K)->4636K(1375744K) Eden: 1376768K(1376768K)->0K(1364992K) From: 10213K(10240K)->4636K(10752K)
[848.303s][info][gc,heap        ] GC(301) ParOldGen: 95258K(2796544K)->98908K(2796544K)
[848.303s][info][gc,metaspace   ] GC(301) Metaspace: 80014K(81344K)->80014K(81344K) NonClass: 70359K(70976K)->70359K(70976K) Class: 9654K(10368K)->9654K(10368K)
[848.303s][info][gc             ] GC(301) Pause Young (Allocation Failure) 1447M->101M(4074M) 2.732ms
[848.303s][info][gc,cpu         ] GC(301) User=0.00s Sys=0.00s Real=0.00s
[850.501s][info][gc,start       ] GC(302) Pause Young (Allocation Failure)
[850.504s][info][gc,heap        ] GC(302) PSYoungGen: 1369628K(1375744K)->6080K(1381376K) Eden: 1364992K(1364992K)->0K(1364992K) From: 4636K(10752K)->6080K(16384K)
[850.504s][info][gc,heap        ] GC(302) ParOldGen: 98908K(2796544K)->102088K(2796544K)
[850.504s][info][gc,metaspace   ] GC(302) Metaspace: 80014K(81344K)->80014K(81344K) NonClass: 70359K(70976K)->70359K(70976K) Class: 9654K(10368K)->9654K(10368K)
[850.504s][info][gc             ] GC(302) Pause Young (Allocation Failure) 1434M->105M(4080M) 3.025ms
[850.504s][info][gc,cpu         ] GC(302) User=0.00s Sys=0.00s Real=0.00s
[855.202s][info][gc,start       ] GC(303) Pause Young (Allocation Failure)
[855.206s][info][gc,heap        ] GC(303) PSYoungGen: 1370157K(1381376K)->9745K(1381888K) Eden: 1364077K(1364992K)->0K(1366016K) From: 6080K(16384K)->9745K(15872K)
[855.206s][info][gc,heap        ] GC(303) ParOldGen: 102088K(2796544K)->106677K(2796544K)
[855.206s][info][gc,metaspace   ] GC(303) Metaspace: 80014K(81344K)->80014K(81344K) NonClass: 70359K(70976K)->70359K(70976K) Class: 9654K(10368K)->9654K(10368K)
[855.206s][info][gc             ] GC(303) Pause Young (Allocation Failure) 1437M->113M(4080M) 3.958ms
[855.206s][info][gc,cpu         ] GC(303) User=0.00s Sys=0.00s Real=0.00s
[857.754s][info][gc,start       ] GC(304) Pause Young (Allocation Failure)
[857.756s][info][gc,heap        ] GC(304) PSYoungGen: 1375761K(1381888K)->5602K(1381888K) Eden: 1366016K(1366016K)->0K(1366016K) From: 9745K(15872K)->5602K(15872K)
[857.756s][info][gc,heap        ] GC(304) ParOldGen: 106677K(2796544K)->110835K(2796544K)
[857.756s][info][gc,metaspace   ] GC(304) Metaspace: 80014K(81344K)->80014K(81344K) NonClass: 70359K(70976K)->70359K(70976K) Class: 9654K(10368K)->9654K(10368K)
[857.757s][info][gc             ] GC(304) Pause Young (Allocation Failure) 1447M->113M(4080M) 2.911ms
[857.757s][info][gc,cpu         ] GC(304) User=0.00s Sys=0.00s Real=0.00s
[861.566s][info][gc,start       ] GC(305) Pause Young (Allocation Failure)
[861.569s][info][gc,heap        ] GC(305) PSYoungGen: 1370648K(1381888K)->5705K(1382912K) Eden: 1365045K(1366016K)->0K(1367552K) From: 5602K(15872K)->5705K(15360K)
[861.569s][info][gc,heap        ] GC(305) ParOldGen: 110835K(2796544K)->114364K(2796544K)
[861.569s][info][gc,metaspace   ] GC(305) Metaspace: 80014K(81344K)->80014K(81344K) NonClass: 70359K(70976K)->70359K(70976K) Class: 9654K(10368K)->9654K(10368K)
[861.569s][info][gc             ] GC(305) Pause Young (Allocation Failure) 1446M->117M(4081M) 3.140ms
[861.569s][info][gc,cpu         ] GC(305) User=0.02s Sys=0.00s Real=0.02s
[864.591s][info][gc,start       ] GC(306) Pause Young (Allocation Failure)
[864.594s][info][gc,heap        ] GC(306) PSYoungGen: 1373231K(1382912K)->6520K(1382400K) Eden: 1367526K(1367552K)->0K(1367552K) From: 5705K(15360K)->6520K(14848K)
[864.594s][info][gc,heap        ] GC(306) ParOldGen: 114364K(2796544K)->116798K(2796544K)
[864.594s][info][gc,metaspace   ] GC(306) Metaspace: 80014K(81344K)->80014K(81344K) NonClass: 70359K(70976K)->70359K(70976K) Class: 9654K(10368K)->9654K(10368K)
[864.594s][info][gc             ] GC(306) Pause Young (Allocation Failure) 1452M->120M(4081M) 3.038ms
[864.595s][info][gc,cpu         ] GC(306) User=0.00s Sys=0.00s Real=0.00s
[867.614s][info][gc,start       ] GC(307) Pause Young (Allocation Failure)
[867.617s][info][gc,heap        ] GC(307) PSYoungGen: 1374072K(1382400K)->5303K(1383936K) Eden: 1367552K(1367552K)->0K(1369600K) From: 6520K(14848K)->5303K(14336K)
[867.617s][info][gc,heap        ] GC(307) ParOldGen: 116798K(2796544K)->121951K(2796544K)
[867.617s][info][gc,metaspace   ] GC(307) Metaspace: 80014K(81344K)->80014K(81344K) NonClass: 70359K(70976K)->70359K(70976K) Class: 9654K(10368K)->9654K(10368K)
[867.617s][info][gc             ] GC(307) Pause Young (Allocation Failure) 1455M->124M(4082M) 2.946ms
[867.617s][info][gc,cpu         ] GC(307) User=0.02s Sys=0.00s Real=0.00s
[869.838s][info][gc,start       ] GC(308) Pause Young (Allocation Failure)
[869.841s][info][gc,heap        ] GC(308) PSYoungGen: 1374669K(1383936K)->6044K(1383424K) Eden: 1369365K(1369600K)->0K(1369600K) From: 5303K(14336K)->6044K(13824K)
[869.841s][info][gc,heap        ] GC(308) ParOldGen: 121951K(2796544K)->125927K(2796544K)
[869.841s][info][gc,metaspace   ] GC(308) Metaspace: 80015K(81344K)->80015K(81344K) NonClass: 70361K(70976K)->70361K(70976K) Class: 9654K(10368K)->9654K(10368K)
[869.841s][info][gc             ] GC(308) Pause Young (Allocation Failure) 1461M->128M(4082M) 2.993ms
[869.841s][info][gc,cpu         ] GC(308) User=0.00s Sys=0.00s Real=0.01s
[872.234s][info][gc,start       ] GC(309) Pause Young (Allocation Failure)
[872.238s][info][gc,heap        ] GC(309) PSYoungGen: 1375644K(1383424K)->6016K(1384960K) Eden: 1369600K(1369600K)->0K(1371648K) From: 6044K(13824K)->6016K(13312K)
[872.238s][info][gc,heap        ] GC(309) ParOldGen: 125927K(2796544K)->130996K(2796544K)
[872.238s][info][gc,metaspace   ] GC(309) Metaspace: 80015K(81344K)->80015K(81344K) NonClass: 70361K(70976K)->70361K(70976K) Class: 9654K(10368K)->9654K(10368K)
[872.238s][info][gc             ] GC(309) Pause Young (Allocation Failure) 1466M->133M(4083M) 3.929ms
[872.238s][info][gc,cpu         ] GC(309) User=0.02s Sys=0.00s Real=0.02s
[875.326s][info][gc,start       ] GC(310) Pause Young (System.gc())
[875.329s][info][gc,heap        ] GC(310) PSYoungGen: 1336689K(1384960K)->3671K(1384448K) Eden: 1330673K(1371648K)->0K(1371648K) From: 6016K(13312K)->3671K(12800K)
[875.329s][info][gc,heap        ] GC(310) ParOldGen: 130996K(2796544K)->135766K(2796544K)
[875.329s][info][gc,metaspace   ] GC(310) Metaspace: 80021K(81344K)->80021K(81344K) NonClass: 70367K(70976K)->70367K(70976K) Class: 9654K(10368K)->9654K(10368K)
[875.329s][info][gc             ] GC(310) Pause Young (System.gc()) 1433M->136M(4083M) 2.779ms
[875.329s][info][gc,cpu         ] GC(310) User=0.00s Sys=0.00s Real=0.00s
[875.329s][info][gc,start       ] GC(311) Pause Full (System.gc())
[875.329s][info][gc,phases,start] GC(311) Marking Phase
[875.348s][info][gc,phases      ] GC(311) Marking Phase 18.976ms
[875.348s][info][gc,phases,start] GC(311) Summary Phase
[875.348s][info][gc,phases      ] GC(311) Summary Phase 0.011ms
[875.348s][info][gc,phases,start] GC(311) Adjust Roots
[875.354s][info][gc,phases      ] GC(311) Adjust Roots 5.871ms
[875.354s][info][gc,phases,start] GC(311) Compaction Phase
[875.367s][info][gc,phases      ] GC(311) Compaction Phase 12.915ms
[875.367s][info][gc,phases,start] GC(311) Post Compact
[875.368s][info][gc,phases      ] GC(311) Post Compact 1.296ms
[875.368s][info][gc,heap        ] GC(311) PSYoungGen: 3671K(1384448K)->0K(1384448K) Eden: 0K(1371648K)->0K(1371648K) From: 3671K(12800K)->0K(12800K)
[875.368s][info][gc,heap        ] GC(311) ParOldGen: 135766K(2796544K)->84312K(2796544K)
[875.368s][info][gc,metaspace   ] GC(311) Metaspace: 80021K(81344K)->80021K(81344K) NonClass: 70367K(70976K)->70367K(70976K) Class: 9654K(10368K)->9654K(10368K)
[875.368s][info][gc             ] GC(311) Pause Full (System.gc()) 136M->82M(4083M) 39.364ms
[875.368s][info][gc,cpu         ] GC(311) User=0.03s Sys=0.00s Real=0.05s
[878.602s][info][gc,start       ] GC(312) Pause Young (Allocation Failure)
[878.604s][info][gc,heap        ] GC(312) PSYoungGen: 1371648K(1384448K)->5243K(1385472K) Eden: 1371648K(1371648K)->0K(1372672K) From: 0K(12800K)->5243K(12800K)
[878.604s][info][gc,heap        ] GC(312) ParOldGen: 84312K(2796544K)->84312K(2796544K)
[878.604s][info][gc,metaspace   ] GC(312) Metaspace: 80021K(81344K)->80021K(81344K) NonClass: 70367K(70976K)->70367K(70976K) Class: 9654K(10368K)->9654K(10368K)
[878.604s][info][gc             ] GC(312) Pause Young (Allocation Failure) 1421M->87M(4084M) 2.410ms
[878.604s][info][gc,cpu         ] GC(312) User=0.00s Sys=0.00s Real=0.00s
[881.330s][info][gc,start       ] GC(313) Pause Young (Allocation Failure)
[881.335s][info][gc,heap        ] GC(313) PSYoungGen: 1374423K(1385472K)->10751K(1383424K) Eden: 1369179K(1372672K)->0K(1372672K) From: 5243K(12800K)->10751K(10752K)
[881.335s][info][gc,heap        ] GC(313) ParOldGen: 84312K(2796544K)->100615K(2796544K)
[881.335s][info][gc,metaspace   ] GC(313) Metaspace: 80022K(81344K)->80022K(81344K) NonClass: 70368K(70976K)->70368K(70976K) Class: 9654K(10368K)->9654K(10368K)
[881.335s][info][gc             ] GC(313) Pause Young (Allocation Failure) 1424M->108M(4082M) 4.708ms
[881.335s][info][gc,cpu         ] GC(313) User=0.00s Sys=0.00s Real=0.00s
[885.472s][info][gc,start       ] GC(314) Pause Young (Allocation Failure)
[885.474s][info][gc,heap        ] GC(314) PSYoungGen: 1380743K(1383424K)->4163K(1384448K) Eden: 1369991K(1372672K)->0K(1371136K) From: 10751K(10752K)->4163K(13312K)
[885.474s][info][gc,heap        ] GC(314) ParOldGen: 100615K(2796544K)->103241K(2796544K)
[885.474s][info][gc,metaspace   ] GC(314) Metaspace: 80022K(81344K)->80022K(81344K) NonClass: 70368K(70976K)->70368K(70976K) Class: 9654K(10368K)->9654K(10368K)
[885.474s][info][gc             ] GC(314) Pause Young (Allocation Failure) 1446M->104M(4083M) 2.001ms
[885.474s][info][gc,cpu         ] GC(314) User=0.00s Sys=0.00s Real=0.00s
[887.750s][info][gc,start       ] GC(315) Pause Young (Allocation Failure)
[887.753s][info][gc,heap        ] GC(315) PSYoungGen: 1375299K(1384448K)->5875K(1384448K) Eden: 1371136K(1371136K)->0K(1371136K) From: 4163K(13312K)->5875K(13312K)
[887.753s][info][gc,heap        ] GC(315) ParOldGen: 103241K(2796544K)->106417K(2796544K)
[887.753s][info][gc,metaspace   ] GC(315) Metaspace: 80022K(81344K)->80022K(81344K) NonClass: 70368K(70976K)->70368K(70976K) Class: 9654K(10368K)->9654K(10368K)
[887.753s][info][gc             ] GC(315) Pause Young (Allocation Failure) 1443M->109M(4083M) 3.095ms
[887.753s][info][gc,cpu         ] GC(315) User=0.00s Sys=0.00s Real=0.00s
[892.435s][info][gc,start       ] GC(316) Pause Young (Allocation Failure)
[892.439s][info][gc,heap        ] GC(316) PSYoungGen: 1377011K(1384448K)->6049K(1385472K) Eden: 1371136K(1371136K)->0K(1372672K) From: 5875K(13312K)->6049K(12800K)
[892.439s][info][gc,heap        ] GC(316) ParOldGen: 106417K(2796544K)->110602K(2796544K)
[892.439s][info][gc,metaspace   ] GC(316) Metaspace: 80032K(81344K)->80032K(81344K) NonClass: 70377K(70976K)->70377K(70976K) Class: 9654K(10368K)->9654K(10368K)
[892.439s][info][gc             ] GC(316) Pause Young (Allocation Failure) 1448M->113M(4084M) 3.428ms
[892.439s][info][gc,cpu         ] GC(316) User=0.02s Sys=0.00s Real=0.02s
[894.984s][info][gc,start       ] GC(317) Pause Young (Allocation Failure)
[894.987s][info][gc,heap        ] GC(317) PSYoungGen: 1378721K(1385472K)->5361K(1384960K) Eden: 1372672K(1372672K)->0K(1372672K) From: 6049K(12800K)->5361K(12288K)
[894.987s][info][gc,heap        ] GC(317) ParOldGen: 110602K(2796544K)->114587K(2796544K)
[894.987s][info][gc,metaspace   ] GC(317) Metaspace: 80034K(81344K)->80034K(81344K) NonClass: 70380K(70976K)->70380K(70976K) Class: 9654K(10368K)->9654K(10368K)
[894.987s][info][gc             ] GC(317) Pause Young (Allocation Failure) 1454M->117M(4083M) 2.689ms
[894.987s][info][gc,cpu         ] GC(317) User=0.00s Sys=0.00s Real=0.00s
[898.843s][info][gc,start       ] GC(318) Pause Young (Allocation Failure)
[898.846s][info][gc,heap        ] GC(318) PSYoungGen: 1378033K(1384960K)->5831K(1386496K) Eden: 1372672K(1372672K)->0K(1374720K) From: 5361K(12288K)->5831K(11776K)
[898.846s][info][gc,heap        ] GC(318) ParOldGen: 114587K(2796544K)->118282K(2796544K)
[898.846s][info][gc,metaspace   ] GC(318) Metaspace: 80034K(81344K)->80034K(81344K) NonClass: 70380K(70976K)->70380K(70976K) Class: 9654K(10368K)->9654K(10368K)
[898.846s][info][gc             ] GC(318) Pause Young (Allocation Failure) 1457M->121M(4085M) 3.288ms
[898.846s][info][gc,cpu         ] GC(318) User=0.00s Sys=0.00s Real=0.00s
[901.854s][info][gc,start       ] GC(319) Pause Young (Allocation Failure)
[901.857s][info][gc,heap        ] GC(319) PSYoungGen: 1380551K(1386496K)->7254K(1385984K) Eden: 1374720K(1374720K)->0K(1374720K) From: 5831K(11776K)->7254K(11264K)
[901.857s][info][gc,heap        ] GC(319) ParOldGen: 118282K(2796544K)->120712K(2796544K)
[901.857s][info][gc,metaspace   ] GC(319) Metaspace: 80034K(81344K)->80034K(81344K) NonClass: 70380K(70976K)->70380K(70976K) Class: 9654K(10368K)->9654K(10368K)
[901.857s][info][gc             ] GC(319) Pause Young (Allocation Failure) 1463M->124M(4084M) 3.259ms
[901.857s][info][gc,cpu         ] GC(319) User=0.00s Sys=0.00s Real=0.00s
[904.903s][info][gc,start       ] GC(320) Pause Young (Allocation Failure)
[904.906s][info][gc,heap        ] GC(320) PSYoungGen: 1381974K(1385984K)->4866K(1386496K) Eden: 1374720K(1374720K)->0K(1375232K) From: 7254K(11264K)->4866K(11264K)
[904.906s][info][gc,heap        ] GC(320) ParOldGen: 120712K(2796544K)->125923K(2796544K)
[904.906s][info][gc,metaspace   ] GC(320) Metaspace: 80034K(81344K)->80034K(81344K) NonClass: 70380K(70976K)->70380K(70976K) Class: 9654K(10368K)->9654K(10368K)
[904.906s][info][gc             ] GC(320) Pause Young (Allocation Failure) 1467M->127M(4085M) 2.915ms
[904.906s][info][gc,cpu         ] GC(320) User=0.00s Sys=0.00s Real=0.00s
[907.137s][info][gc,start       ] GC(321) Pause Young (Allocation Failure)
[907.140s][info][gc,heap        ] GC(321) PSYoungGen: 1380098K(1386496K)->6608K(1386496K) Eden: 1375232K(1375232K)->0K(1375232K) From: 4866K(11264K)->6608K(11264K)
[907.140s][info][gc,heap        ] GC(321) ParOldGen: 125923K(2796544K)->129933K(2796544K)
[907.140s][info][gc,metaspace   ] GC(321) Metaspace: 80034K(81344K)->80034K(81344K) NonClass: 70380K(70976K)->70380K(70976K) Class: 9654K(10368K)->9654K(10368K)
[907.140s][info][gc             ] GC(321) Pause Young (Allocation Failure) 1470M->133M(4085M) 3.153ms
[907.140s][info][gc,cpu         ] GC(321) User=0.00s Sys=0.00s Real=0.00s
[909.422s][info][gc,start       ] GC(322) Pause Young (Allocation Failure)
[909.425s][info][gc,heap        ] GC(322) PSYoungGen: 1381840K(1386496K)->5939K(1387520K) Eden: 1375232K(1375232K)->0K(1376768K) From: 6608K(11264K)->5939K(10752K)
[909.425s][info][gc,heap        ] GC(322) ParOldGen: 129933K(2796544K)->134951K(2796544K)
[909.425s][info][gc,metaspace   ] GC(322) Metaspace: 80036K(81344K)->80036K(81344K) NonClass: 70381K(70976K)->70381K(70976K) Class: 9654K(10368K)->9654K(10368K)
[909.425s][info][gc             ] GC(322) Pause Young (Allocation Failure) 1476M->137M(4086M) 3.223ms
[909.425s][info][gc,cpu         ] GC(322) User=0.00s Sys=0.00s Real=0.00s
[912.543s][info][gc,start       ] GC(323) Pause Young (System.gc())
[912.546s][info][gc,heap        ] GC(323) PSYoungGen: 1293372K(1387520K)->3682K(1387008K) Eden: 1287433K(1376768K)->0K(1376768K) From: 5939K(10752K)->3682K(10240K)
[912.546s][info][gc,heap        ] GC(323) ParOldGen: 134951K(2796544K)->139730K(2796544K)
[912.546s][info][gc,metaspace   ] GC(323) Metaspace: 80037K(81344K)->80037K(81344K) NonClass: 70382K(70976K)->70382K(70976K) Class: 9654K(10368K)->9654K(10368K)
[912.546s][info][gc             ] GC(323) Pause Young (System.gc()) 1394M->140M(4085M) 2.918ms
[912.546s][info][gc,cpu         ] GC(323) User=0.00s Sys=0.00s Real=0.00s
[912.546s][info][gc,start       ] GC(324) Pause Full (System.gc())
[912.546s][info][gc,phases,start] GC(324) Marking Phase
[912.564s][info][gc,phases      ] GC(324) Marking Phase 18.376ms
[912.565s][info][gc,phases,start] GC(324) Summary Phase
[912.565s][info][gc,phases      ] GC(324) Summary Phase 0.010ms
[912.565s][info][gc,phases,start] GC(324) Adjust Roots
[912.571s][info][gc,phases      ] GC(324) Adjust Roots 6.276ms
[912.571s][info][gc,phases,start] GC(324) Compaction Phase
[912.583s][info][gc,phases      ] GC(324) Compaction Phase 11.870ms
[912.583s][info][gc,phases,start] GC(324) Post Compact
[912.584s][info][gc,phases      ] GC(324) Post Compact 1.340ms
[912.584s][info][gc,heap        ] GC(324) PSYoungGen: 3682K(1387008K)->0K(1387008K) Eden: 0K(1376768K)->0K(1376768K) From: 3682K(10240K)->0K(10240K)
[912.584s][info][gc,heap        ] GC(324) ParOldGen: 139730K(2796544K)->81928K(2796544K)
[912.584s][info][gc,metaspace   ] GC(324) Metaspace: 80037K(81344K)->80037K(81344K) NonClass: 70382K(70976K)->70382K(70976K) Class: 9654K(10368K)->9654K(10368K)
[912.584s][info][gc             ] GC(324) Pause Full (System.gc()) 140M->80M(4085M) 38.221ms
[912.584s][info][gc,cpu         ] GC(324) User=0.03s Sys=0.00s Real=0.03s
[915.806s][info][gc,start       ] GC(325) Pause Young (Allocation Failure)
[915.808s][info][gc,heap        ] GC(325) PSYoungGen: 1376768K(1387008K)->5215K(1387520K) Eden: 1376768K(1376768K)->0K(1377280K) From: 0K(10240K)->5215K(10240K)
[915.808s][info][gc,heap        ] GC(325) ParOldGen: 81928K(2796544K)->81928K(2796544K)
[915.808s][info][gc,metaspace   ] GC(325) Metaspace: 80037K(81344K)->80037K(81344K) NonClass: 70382K(70976K)->70382K(70976K) Class: 9654K(10368K)->9654K(10368K)
[915.808s][info][gc             ] GC(325) Pause Young (Allocation Failure) 1424M->85M(4086M) 2.287ms
[915.808s][info][gc,cpu         ] GC(325) User=0.00s Sys=0.00s Real=0.00s
[918.532s][info][gc,start       ] GC(326) Pause Young (Allocation Failure)
[918.536s][info][gc,heap        ] GC(326) PSYoungGen: 1382495K(1387520K)->10222K(1387520K) Eden: 1377280K(1377280K)->0K(1377280K) From: 5215K(10240K)->10222K(10240K)
[918.536s][info][gc,heap        ] GC(326) ParOldGen: 81928K(2796544K)->91390K(2796544K)
[918.536s][info][gc,metaspace   ] GC(326) Metaspace: 80037K(81344K)->80037K(81344K) NonClass: 70382K(70976K)->70382K(70976K) Class: 9654K(10368K)->9654K(10368K)
[918.537s][info][gc             ] GC(326) Pause Young (Allocation Failure) 1430M->99M(4086M) 4.329ms
[918.537s][info][gc,cpu         ] GC(326) User=0.00s Sys=0.00s Real=0.00s
[922.894s][info][gc,start       ] GC(327) Pause Young (Allocation Failure)
[922.897s][info][gc,heap        ] GC(327) PSYoungGen: 1387502K(1387520K)->4850K(1379328K) Eden: 1377280K(1377280K)->0K(1369088K) From: 10222K(10240K)->4850K(10240K)
[922.897s][info][gc,heap        ] GC(327) ParOldGen: 91390K(2796544K)->95721K(2796544K)
[922.897s][info][gc,metaspace   ] GC(327) Metaspace: 80037K(81344K)->80037K(81344K) NonClass: 70382K(70976K)->70382K(70976K) Class: 9654K(10368K)->9654K(10368K)
[922.897s][info][gc             ] GC(327) Pause Young (Allocation Failure) 1444M->98M(4078M) 2.698ms
[922.897s][info][gc,cpu         ] GC(327) User=0.00s Sys=0.00s Real=0.00s
[925.118s][info][gc,start       ] GC(328) Pause Young (Allocation Failure)
[925.121s][info][gc,heap        ] GC(328) PSYoungGen: 1373938K(1379328K)->6576K(1383424K) Eden: 1369088K(1369088K)->0K(1369088K) From: 4850K(10240K)->6576K(14336K)
[925.121s][info][gc,heap        ] GC(328) ParOldGen: 95721K(2796544K)->98969K(2796544K)
[925.121s][info][gc,metaspace   ] GC(328) Metaspace: 80038K(81344K)->80038K(81344K) NonClass: 70383K(70976K)->70383K(70976K) Class: 9654K(10368K)->9654K(10368K)
[925.121s][info][gc             ] GC(328) Pause Young (Allocation Failure) 1435M->103M(4082M) 2.987ms
[925.121s][info][gc,cpu         ] GC(328) User=0.00s Sys=0.00s Real=0.00s
[929.821s][info][gc,start       ] GC(329) Pause Young (Allocation Failure)
[929.824s][info][gc,heap        ] GC(329) PSYoungGen: 1375664K(1383424K)->5324K(1384448K) Eden: 1369088K(1369088K)->0K(1370624K) From: 6576K(14336K)->5324K(13824K)
[929.824s][info][gc,heap        ] GC(329) ParOldGen: 98969K(2796544K)->103569K(2796544K)
[929.824s][info][gc,metaspace   ] GC(329) Metaspace: 80038K(81344K)->80038K(81344K) NonClass: 70383K(70976K)->70383K(70976K) Class: 9654K(10368K)->9654K(10368K)
[929.824s][info][gc             ] GC(329) Pause Young (Allocation Failure) 1440M->106M(4083M) 3.215ms
[929.824s][info][gc,cpu         ] GC(329) User=0.00s Sys=0.00s Real=0.00s
[932.431s][info][gc,start       ] GC(330) Pause Young (Allocation Failure)
[932.433s][info][gc,heap        ] GC(330) PSYoungGen: 1375475K(1384448K)->5205K(1383936K) Eden: 1370150K(1370624K)->0K(1370624K) From: 5324K(13824K)->5205K(13312K)
[932.433s][info][gc,heap        ] GC(330) ParOldGen: 103569K(2796544K)->107686K(2796544K)
[932.433s][info][gc,metaspace   ] GC(330) Metaspace: 80038K(81344K)->80038K(81344K) NonClass: 70383K(70976K)->70383K(70976K) Class: 9654K(10368K)->9654K(10368K)
[932.433s][info][gc             ] GC(330) Pause Young (Allocation Failure) 1444M->110M(4082M) 2.762ms
[932.433s][info][gc,cpu         ] GC(330) User=0.00s Sys=0.00s Real=0.00s
[936.134s][info][gc,start       ] GC(331) Pause Young (Allocation Failure)
[936.137s][info][gc,heap        ] GC(331) PSYoungGen: 1373683K(1383936K)->9978K(1383424K) Eden: 1368477K(1370624K)->0K(1370112K) From: 5205K(13312K)->9978K(13312K)
[936.137s][info][gc,heap        ] GC(331) ParOldGen: 107686K(2796544K)->111229K(2796544K)
[936.137s][info][gc,metaspace   ] GC(331) Metaspace: 80038K(81344K)->80038K(81344K) NonClass: 70383K(70976K)->70383K(70976K) Class: 9654K(10368K)->9654K(10368K)
[936.137s][info][gc             ] GC(331) Pause Young (Allocation Failure) 1446M->118M(4082M) 3.252ms
[936.138s][info][gc,cpu         ] GC(331) User=0.00s Sys=0.00s Real=0.00s
[939.141s][info][gc,start       ] GC(332) Pause Young (Allocation Failure)
[939.144s][info][gc,heap        ] GC(332) PSYoungGen: 1380090K(1383424K)->7071K(1383936K) Eden: 1370112K(1370112K)->0K(1370112K) From: 9978K(13312K)->7071K(13824K)
[939.144s][info][gc,heap        ] GC(332) ParOldGen: 111229K(2796544K)->113665K(2796544K)
[939.144s][info][gc,metaspace   ] GC(332) Metaspace: 80038K(81344K)->80038K(81344K) NonClass: 70383K(70976K)->70383K(70976K) Class: 9654K(10368K)->9654K(10368K)
[939.144s][info][gc             ] GC(332) Pause Young (Allocation Failure) 1456M->117M(4082M) 3.090ms
[939.144s][info][gc,cpu         ] GC(332) User=0.00s Sys=0.00s Real=0.00s
[942.187s][info][gc,start       ] GC(333) Pause Young (Allocation Failure)
[942.190s][info][gc,heap        ] GC(333) PSYoungGen: 1377183K(1383936K)->4778K(1384960K) Eden: 1370112K(1370112K)->0K(1371648K) From: 7071K(13824K)->4778K(13312K)
[942.190s][info][gc,heap        ] GC(333) ParOldGen: 113665K(2796544K)->118918K(2796544K)
[942.190s][info][gc,metaspace   ] GC(333) Metaspace: 80038K(81344K)->80038K(81344K) NonClass: 70383K(70976K)->70383K(70976K) Class: 9654K(10368K)->9654K(10368K)
[942.190s][info][gc             ] GC(333) Pause Young (Allocation Failure) 1455M->120M(4083M) 3.026ms
[942.190s][info][gc,cpu         ] GC(333) User=0.00s Sys=0.00s Real=0.00s
[944.418s][info][gc,start       ] GC(334) Pause Young (Allocation Failure)
[944.422s][info][gc,heap        ] GC(334) PSYoungGen: 1376426K(1384960K)->5995K(1384448K) Eden: 1371648K(1371648K)->0K(1371648K) From: 4778K(13312K)->5995K(12800K)
[944.422s][info][gc,heap        ] GC(334) ParOldGen: 118918K(2796544K)->122880K(2796544K)
[944.422s][info][gc,metaspace   ] GC(334) Metaspace: 80038K(81344K)->80038K(81344K) NonClass: 70383K(70976K)->70383K(70976K) Class: 9654K(10368K)->9654K(10368K)
[944.422s][info][gc             ] GC(334) Pause Young (Allocation Failure) 1460M->125M(4083M) 3.733ms
[944.422s][info][gc,cpu         ] GC(334) User=0.00s Sys=0.00s Real=0.00s
[946.725s][info][gc,start       ] GC(335) Pause Young (Allocation Failure)
[946.729s][info][gc,heap        ] GC(335) PSYoungGen: 1377643K(1384448K)->5952K(1385984K) Eden: 1371648K(1371648K)->0K(1373696K) From: 5995K(12800K)->5952K(12288K)
[946.729s][info][gc,heap        ] GC(335) ParOldGen: 122880K(2796544K)->127942K(2796544K)
[946.729s][info][gc,metaspace   ] GC(335) Metaspace: 80038K(81344K)->80038K(81344K) NonClass: 70383K(70976K)->70383K(70976K) Class: 9654K(10368K)->9654K(10368K)
[946.729s][info][gc             ] GC(335) Pause Young (Allocation Failure) 1465M->130M(4084M) 3.566ms
[946.729s][info][gc,cpu         ] GC(335) User=0.00s Sys=0.00s Real=0.00s
[949.813s][info][gc,start       ] GC(336) Pause Young (System.gc())
[949.816s][info][gc,heap        ] GC(336) PSYoungGen: 1294608K(1385984K)->3522K(1385472K) Eden: 1288656K(1373696K)->0K(1373696K) From: 5952K(12288K)->3522K(11776K)
[949.816s][info][gc,heap        ] GC(336) ParOldGen: 127942K(2796544K)->132684K(2796544K)
[949.816s][info][gc,metaspace   ] GC(336) Metaspace: 80039K(81408K)->80039K(81408K) NonClass: 70385K(71040K)->70385K(71040K) Class: 9654K(10368K)->9654K(10368K)
[949.816s][info][gc             ] GC(336) Pause Young (System.gc()) 1389M->133M(4084M) 2.901ms
[949.816s][info][gc,cpu         ] GC(336) User=0.00s Sys=0.00s Real=0.00s
[949.816s][info][gc,start       ] GC(337) Pause Full (System.gc())
[949.816s][info][gc,phases,start] GC(337) Marking Phase
[949.836s][info][gc,phases      ] GC(337) Marking Phase 19.685ms
[949.836s][info][gc,phases,start] GC(337) Summary Phase
[949.836s][info][gc,phases      ] GC(337) Summary Phase 0.011ms
[949.836s][info][gc,phases,start] GC(337) Adjust Roots
[949.843s][info][gc,phases      ] GC(337) Adjust Roots 6.410ms
[949.843s][info][gc,phases,start] GC(337) Compaction Phase
[949.855s][info][gc,phases      ] GC(337) Compaction Phase 12.459ms
[949.855s][info][gc,phases,start] GC(337) Post Compact
[949.856s][info][gc,phases      ] GC(337) Post Compact 1.297ms
[949.856s][info][gc,heap        ] GC(337) PSYoungGen: 3522K(1385472K)->0K(1385472K) Eden: 0K(1373696K)->0K(1373696K) From: 3522K(11776K)->0K(11776K)
[949.856s][info][gc,heap        ] GC(337) ParOldGen: 132684K(2796544K)->84189K(2796544K)
[949.856s][info][gc,metaspace   ] GC(337) Metaspace: 80039K(81408K)->80039K(81408K) NonClass: 70385K(71040K)->70385K(71040K) Class: 9654K(10368K)->9654K(10368K)
[949.857s][info][gc             ] GC(337) Pause Full (System.gc()) 133M->82M(4084M) 40.181ms
[949.857s][info][gc,cpu         ] GC(337) User=0.03s Sys=0.00s Real=0.03s
[953.117s][info][gc,start       ] GC(338) Pause Young (Allocation Failure)
[953.119s][info][gc,heap        ] GC(338) PSYoungGen: 1373696K(1385472K)->5106K(1385984K) Eden: 1373696K(1373696K)->0K(1373696K) From: 0K(11776K)->5106K(12288K)
[953.119s][info][gc,heap        ] GC(338) ParOldGen: 84189K(2796544K)->84189K(2796544K)
[953.119s][info][gc,metaspace   ] GC(338) Metaspace: 80040K(81408K)->80040K(81408K) NonClass: 70385K(71040K)->70385K(71040K) Class: 9654K(10368K)->9654K(10368K)
[953.119s][info][gc             ] GC(338) Pause Young (Allocation Failure) 1423M->87M(4084M) 2.417ms
[953.119s][info][gc,cpu         ] GC(338) User=0.00s Sys=0.00s Real=0.00s
[955.858s][info][gc,start       ] GC(339) Pause Young (Allocation Failure)
[955.863s][info][gc,heap        ] GC(339) PSYoungGen: 1374772K(1385984K)->11139K(1384960K) Eden: 1369665K(1373696K)->0K(1373696K) From: 5106K(12288K)->11139K(11264K)
[955.863s][info][gc,heap        ] GC(339) ParOldGen: 84189K(2796544K)->92313K(2796544K)
[955.863s][info][gc,metaspace   ] GC(339) Metaspace: 80040K(81408K)->80040K(81408K) NonClass: 70385K(71040K)->70385K(71040K) Class: 9654K(10368K)->9654K(10368K)
[955.863s][info][gc             ] GC(339) Pause Young (Allocation Failure) 1424M->101M(4083M) 4.153ms
[955.863s][info][gc,cpu         ] GC(339) User=0.00s Sys=0.00s Real=0.00s
[960.043s][info][gc,start       ] GC(340) Pause Young (Allocation Failure)
[960.045s][info][gc,heap        ] GC(340) PSYoungGen: 1384835K(1384960K)->5087K(1384960K) Eden: 1373696K(1373696K)->0K(1372160K) From: 11139K(11264K)->5087K(12800K)
[960.045s][info][gc,heap        ] GC(340) ParOldGen: 92313K(2796544K)->94963K(2796544K)
[960.045s][info][gc,metaspace   ] GC(340) Metaspace: 80040K(81408K)->80040K(81408K) NonClass: 70385K(71040K)->70385K(71040K) Class: 9654K(10368K)->9654K(10368K)
[960.045s][info][gc             ] GC(340) Pause Young (Allocation Failure) 1442M->97M(4083M) 2.609ms
[960.045s][info][gc,cpu         ] GC(340) User=0.00s Sys=0.00s Real=0.00s
[962.304s][info][gc,start       ] GC(341) Pause Young (Allocation Failure)
[962.307s][info][gc,heap        ] GC(341) PSYoungGen: 1377247K(1384960K)->6113K(1384960K) Eden: 1372160K(1372160K)->0K(1372160K) From: 5087K(12800K)->6113K(12800K)
[962.307s][info][gc,heap        ] GC(341) ParOldGen: 94963K(2796544K)->98127K(2796544K)
[962.307s][info][gc,metaspace   ] GC(341) Metaspace: 80040K(81408K)->80040K(81408K) NonClass: 70385K(71040K)->70385K(71040K) Class: 9654K(10368K)->9654K(10368K)
[962.307s][info][gc             ] GC(341) Pause Young (Allocation Failure) 1437M->101M(4083M) 3.101ms
[962.307s][info][gc,cpu         ] GC(341) User=0.00s Sys=0.00s Real=0.00s
[967.002s][info][gc,start       ] GC(342) Pause Young (Allocation Failure)
[967.006s][info][gc,heap        ] GC(342) PSYoungGen: 1378273K(1384960K)->6957K(1385984K) Eden: 1372160K(1372160K)->0K(1373696K) From: 6113K(12800K)->6957K(12288K)
[967.006s][info][gc,heap        ] GC(342) ParOldGen: 98127K(2796544K)->102350K(2796544K)
[967.006s][info][gc,metaspace   ] GC(342) Metaspace: 80040K(81408K)->80040K(81408K) NonClass: 70385K(71040K)->70385K(71040K) Class: 9654K(10368K)->9654K(10368K)
[967.006s][info][gc             ] GC(342) Pause Young (Allocation Failure) 1441M->106M(4084M) 3.453ms
[967.006s][info][gc,cpu         ] GC(342) User=0.02s Sys=0.00s Real=0.02s
[969.530s][info][gc,start       ] GC(343) Pause Young (Allocation Failure)
[969.533s][info][gc,heap        ] GC(343) PSYoungGen: 1380653K(1385984K)->5419K(1385472K) Eden: 1373696K(1373696K)->0K(1373696K) From: 6957K(12288K)->5419K(11776K)
[969.533s][info][gc,heap        ] GC(343) ParOldGen: 102350K(2796544K)->106471K(2796544K)
[969.533s][info][gc,metaspace   ] GC(343) Metaspace: 80040K(81408K)->80040K(81408K) NonClass: 70385K(71040K)->70385K(71040K) Class: 9654K(10368K)->9654K(10368K)
[969.533s][info][gc             ] GC(343) Pause Young (Allocation Failure) 1448M->109M(4084M) 2.671ms
[969.533s][info][gc,cpu         ] GC(343) User=0.00s Sys=0.00s Real=0.00s
[973.353s][info][gc,start       ] GC(344) Pause Young (Allocation Failure)
[973.356s][info][gc,heap        ] GC(344) PSYoungGen: 1376623K(1385472K)->5719K(1386496K) Eden: 1371203K(1373696K)->0K(1375232K) From: 5419K(11776K)->5719K(11264K)
[973.356s][info][gc,heap        ] GC(344) ParOldGen: 106471K(2796544K)->110034K(2796544K)
[973.356s][info][gc,metaspace   ] GC(344) Metaspace: 80052K(81408K)->80052K(81408K) NonClass: 70397K(71040K)->70397K(71040K) Class: 9654K(10368K)->9654K(10368K)
[973.356s][info][gc             ] GC(344) Pause Young (Allocation Failure) 1448M->113M(4085M) 3.029ms
[973.356s][info][gc,cpu         ] GC(344) User=0.00s Sys=0.00s Real=0.00s
[976.357s][info][gc,start       ] GC(345) Pause Young (Allocation Failure)
[976.360s][info][gc,heap        ] GC(345) PSYoungGen: 1380951K(1386496K)->7295K(1386496K) Eden: 1375232K(1375232K)->0K(1375232K) From: 5719K(11264K)->7295K(11264K)
[976.360s][info][gc,heap        ] GC(345) ParOldGen: 110034K(2796544K)->112477K(2796544K)
[976.360s][info][gc,metaspace   ] GC(345) Metaspace: 80052K(81408K)->80052K(81408K) NonClass: 70397K(71040K)->70397K(71040K) Class: 9654K(10368K)->9654K(10368K)
[976.360s][info][gc             ] GC(345) Pause Young (Allocation Failure) 1456M->116M(4085M) 3.276ms
[976.360s][info][gc,cpu         ] GC(345) User=0.00s Sys=0.00s Real=0.00s
[979.389s][info][gc,start       ] GC(346) Pause Young (Allocation Failure)
[979.393s][info][gc,heap        ] GC(346) PSYoungGen: 1381757K(1386496K)->5226K(1387008K) Eden: 1374461K(1375232K)->0K(1375744K) From: 7295K(11264K)->5226K(11264K)
[979.393s][info][gc,heap        ] GC(346) ParOldGen: 112477K(2796544K)->117642K(2796544K)
[979.393s][info][gc,metaspace   ] GC(346) Metaspace: 80052K(81408K)->80052K(81408K) NonClass: 70397K(71040K)->70397K(71040K) Class: 9654K(10368K)->9654K(10368K)
[979.393s][info][gc             ] GC(346) Pause Young (Allocation Failure) 1459M->119M(4085M) 4.067ms
[979.393s][info][gc,cpu         ] GC(346) User=0.00s Sys=0.00s Real=0.00s
[981.640s][info][gc,start       ] GC(347) Pause Young (Allocation Failure)
[981.643s][info][gc,heap        ] GC(347) PSYoungGen: 1377330K(1387008K)->6025K(1386496K) Eden: 1372103K(1375744K)->0K(1375744K) From: 5226K(11264K)->6025K(10752K)
[981.643s][info][gc,heap        ] GC(347) ParOldGen: 117642K(2796544K)->121537K(2796544K)
[981.643s][info][gc,metaspace   ] GC(347) Metaspace: 80058K(81408K)->80058K(81408K) NonClass: 70403K(71040K)->70403K(71040K) Class: 9654K(10368K)->9654K(10368K)
[981.643s][info][gc             ] GC(347) Pause Young (Allocation Failure) 1459M->124M(4085M) 2.935ms
[981.643s][info][gc,cpu         ] GC(347) User=0.00s Sys=0.00s Real=0.02s
[983.972s][info][gc,start       ] GC(348) Pause Young (Allocation Failure)
[983.975s][info][gc,heap        ] GC(348) PSYoungGen: 1381769K(1386496K)->6113K(1387520K) Eden: 1375744K(1375744K)->0K(1377280K) From: 6025K(10752K)->6113K(10240K)
[983.975s][info][gc,heap        ] GC(348) ParOldGen: 121537K(2796544K)->126608K(2796544K)
[983.975s][info][gc,metaspace   ] GC(348) Metaspace: 80058K(81408K)->80058K(81408K) NonClass: 70403K(71040K)->70403K(71040K) Class: 9654K(10368K)->9654K(10368K)
[983.975s][info][gc             ] GC(348) Pause Young (Allocation Failure) 1468M->129M(4086M) 3.503ms
[983.975s][info][gc,cpu         ] GC(348) User=0.00s Sys=0.00s Real=0.00s
[987.007s][info][gc,start       ] GC(349) Pause Young (System.gc())
[987.010s][info][gc,heap        ] GC(349) PSYoungGen: 1303777K(1387520K)->3595K(1387520K) Eden: 1297664K(1377280K)->0K(1377280K) From: 6113K(10240K)->3595K(10240K)
[987.010s][info][gc,heap        ] GC(349) ParOldGen: 126608K(2796544K)->131339K(2796544K)
[987.010s][info][gc,metaspace   ] GC(349) Metaspace: 80061K(81408K)->80061K(81408K) NonClass: 70407K(71040K)->70407K(71040K) Class: 9654K(10368K)->9654K(10368K)
[987.010s][info][gc             ] GC(349) Pause Young (System.gc()) 1396M->131M(4086M) 2.770ms
[987.010s][info][gc,cpu         ] GC(349) User=0.00s Sys=0.00s Real=0.00s
[987.010s][info][gc,start       ] GC(350) Pause Full (System.gc())
[987.010s][info][gc,phases,start] GC(350) Marking Phase
[987.028s][info][gc,phases      ] GC(350) Marking Phase 18.069ms
[987.028s][info][gc,phases,start] GC(350) Summary Phase
[987.028s][info][gc,phases      ] GC(350) Summary Phase 0.011ms
[987.028s][info][gc,phases,start] GC(350) Adjust Roots
[987.034s][info][gc,phases      ] GC(350) Adjust Roots 5.881ms
[987.034s][info][gc,phases,start] GC(350) Compaction Phase
[987.046s][info][gc,phases      ] GC(350) Compaction Phase 11.304ms
[987.046s][info][gc,phases,start] GC(350) Post Compact
[987.047s][info][gc,phases      ] GC(350) Post Compact 1.303ms
[987.047s][info][gc,heap        ] GC(350) PSYoungGen: 3595K(1387520K)->0K(1387520K) Eden: 0K(1377280K)->0K(1377280K) From: 3595K(10240K)->0K(10240K)
[987.047s][info][gc,heap        ] GC(350) ParOldGen: 131339K(2796544K)->81851K(2796544K)
[987.047s][info][gc,metaspace   ] GC(350) Metaspace: 80061K(81408K)->80061K(81408K) NonClass: 70407K(71040K)->70407K(71040K) Class: 9654K(10368K)->9654K(10368K)
[987.047s][info][gc             ] GC(350) Pause Full (System.gc()) 131M->79M(4086M) 36.887ms
[987.047s][info][gc,cpu         ] GC(350) User=0.05s Sys=0.00s Real=0.05s
[990.330s][info][gc,start       ] GC(351) Pause Young (Allocation Failure)
[990.332s][info][gc,heap        ] GC(351) PSYoungGen: 1377280K(1387520K)->5093K(1388032K) Eden: 1377280K(1377280K)->0K(1377792K) From: 0K(10240K)->5093K(10240K)
[990.332s][info][gc,heap        ] GC(351) ParOldGen: 81851K(2796544K)->81851K(2796544K)
[990.332s][info][gc,metaspace   ] GC(351) Metaspace: 80062K(81408K)->80062K(81408K) NonClass: 70407K(71040K)->70407K(71040K) Class: 9654K(10368K)->9654K(10368K)
[990.332s][info][gc             ] GC(351) Pause Young (Allocation Failure) 1424M->84M(4086M) 2.262ms
[990.332s][info][gc,cpu         ] GC(351) User=0.00s Sys=0.00s Real=0.00s
[993.101s][info][gc,start       ] GC(352) Pause Young (Allocation Failure)
[993.105s][info][gc,heap        ] GC(352) PSYoungGen: 1382885K(1388032K)->9715K(1387520K) Eden: 1377792K(1377792K)->0K(1377792K) From: 5093K(10240K)->9715K(9728K)
[993.105s][info][gc,heap        ] GC(352) ParOldGen: 81851K(2796544K)->91257K(2796544K)
[993.105s][info][gc,metaspace   ] GC(352) Metaspace: 80062K(81408K)->80062K(81408K) NonClass: 70407K(71040K)->70407K(71040K) Class: 9654K(10368K)->9654K(10368K)
[993.105s][info][gc             ] GC(352) Pause Young (Allocation Failure) 1430M->98M(4086M) 3.752ms
[993.105s][info][gc,cpu         ] GC(352) User=0.00s Sys=0.00s Real=0.00s
[997.405s][info][gc,start       ] GC(353) Pause Young (Allocation Failure)
[997.408s][info][gc,heap        ] GC(353) PSYoungGen: 1387507K(1387520K)->4602K(1379328K) Eden: 1377792K(1377792K)->0K(1369088K) From: 9715K(9728K)->4602K(10240K)
[997.408s][info][gc,heap        ] GC(353) ParOldGen: 91257K(2796544K)->94152K(2796544K)
[997.408s][info][gc,metaspace   ] GC(353) Metaspace: 80062K(81408K)->80062K(81408K) NonClass: 70407K(71040K)->70407K(71040K) Class: 9654K(10368K)->9654K(10368K)
[997.408s][info][gc             ] GC(353) Pause Young (Allocation Failure) 1444M->96M(4078M) 2.513ms
[997.408s][info][gc,cpu         ] GC(353) User=0.02s Sys=0.00s Real=0.02s
[999.596s][info][gc,start       ] GC(354) Pause Young (Allocation Failure)
[999.599s][info][gc,heap        ] GC(354) PSYoungGen: 1372685K(1379328K)->6462K(1383424K) Eden: 1368083K(1369088K)->0K(1369088K) From: 4602K(10240K)->6462K(14336K)
[999.599s][info][gc,heap        ] GC(354) ParOldGen: 94152K(2796544K)->97408K(2796544K)
[999.599s][info][gc,metaspace   ] GC(354) Metaspace: 80062K(81408K)->80062K(81408K) NonClass: 70407K(71040K)->70407K(71040K) Class: 9654K(10368K)->9654K(10368K)
[999.599s][info][gc             ] GC(354) Pause Young (Allocation Failure) 1432M->101M(4082M) 3.578ms
[999.599s][info][gc,cpu         ] GC(354) User=0.00s Sys=0.00s Real=0.00s
[1004.249s][info][gc,start       ] GC(355) Pause Young (Allocation Failure)
[1004.252s][info][gc,heap        ] GC(355) PSYoungGen: 1375550K(1383424K)->5426K(1384448K) Eden: 1369088K(1369088K)->0K(1370624K) From: 6462K(14336K)->5426K(13824K)
[1004.252s][info][gc,heap        ] GC(355) ParOldGen: 97408K(2796544K)->101999K(2796544K)
[1004.252s][info][gc,metaspace   ] GC(355) Metaspace: 80062K(81408K)->80062K(81408K) NonClass: 70407K(71040K)->70407K(71040K) Class: 9654K(10368K)->9654K(10368K)
[1004.252s][info][gc             ] GC(355) Pause Young (Allocation Failure) 1438M->104M(4083M) 3.012ms
[1004.252s][info][gc,cpu         ] GC(355) User=0.00s Sys=0.00s Real=0.00s
[1006.881s][info][gc,start       ] GC(356) Pause Young (Allocation Failure)
[1006.884s][info][gc,heap        ] GC(356) PSYoungGen: 1375775K(1384448K)->4766K(1383936K) Eden: 1370348K(1370624K)->0K(1370624K) From: 5426K(13824K)->4766K(13312K)
[1006.884s][info][gc,heap        ] GC(356) ParOldGen: 101999K(2796544K)->106185K(2796544K)
[1006.884s][info][gc,metaspace   ] GC(356) Metaspace: 80062K(81408K)->80062K(81408K) NonClass: 70407K(71040K)->70407K(71040K) Class: 9654K(10368K)->9654K(10368K)
[1006.884s][info][gc             ] GC(356) Pause Young (Allocation Failure) 1443M->108M(4082M) 3.131ms
[1006.884s][info][gc,cpu         ] GC(356) User=0.00s Sys=0.00s Real=0.00s
[1010.577s][info][gc,start       ] GC(357) Pause Young (Allocation Failure)
[1010.580s][info][gc,heap        ] GC(357) PSYoungGen: 1373344K(1383936K)->5746K(1385472K) Eden: 1368577K(1370624K)->0K(1372672K) From: 4766K(13312K)->5746K(12800K)
[1010.580s][info][gc,heap        ] GC(357) ParOldGen: 106185K(2796544K)->109596K(2796544K)
[1010.580s][info][gc,metaspace   ] GC(357) Metaspace: 80062K(81408K)->80062K(81408K) NonClass: 70407K(71040K)->70407K(71040K) Class: 9654K(10368K)->9654K(10368K)
[1010.580s][info][gc             ] GC(357) Pause Young (Allocation Failure) 1444M->112M(4084M) 3.132ms
[1010.580s][info][gc,cpu         ] GC(357) User=0.00s Sys=0.00s Real=0.00s
[1013.593s][info][gc,start       ] GC(358) Pause Young (Allocation Failure)
[1013.596s][info][gc,heap        ] GC(358) PSYoungGen: 1378418K(1385472K)->7226K(1384960K) Eden: 1372672K(1372672K)->0K(1372672K) From: 5746K(12800K)->7226K(12288K)
[1013.596s][info][gc,heap        ] GC(358) ParOldGen: 109596K(2796544K)->112028K(2796544K)
[1013.596s][info][gc,metaspace   ] GC(358) Metaspace: 80062K(81408K)->80062K(81408K) NonClass: 70407K(71040K)->70407K(71040K) Class: 9654K(10368K)->9654K(10368K)
[1013.596s][info][gc             ] GC(358) Pause Young (Allocation Failure) 1453M->116M(4083M) 3.288ms
[1013.596s][info][gc,cpu         ] GC(358) User=0.00s Sys=0.00s Real=0.00s
[1016.608s][info][gc,start       ] GC(359) Pause Young (Allocation Failure)
[1016.612s][info][gc,heap        ] GC(359) PSYoungGen: 1379898K(1384960K)->6091K(1385984K) Eden: 1372672K(1372672K)->0K(1373696K) From: 7226K(12288K)->6091K(12288K)
[1016.612s][info][gc,heap        ] GC(359) ParOldGen: 112028K(2796544K)->117235K(2796544K)
[1016.612s][info][gc,metaspace   ] GC(359) Metaspace: 80062K(81408K)->80062K(81408K) NonClass: 70407K(71040K)->70407K(71040K) Class: 9654K(10368K)->9654K(10368K)
[1016.612s][info][gc             ] GC(359) Pause Young (Allocation Failure) 1456M->120M(4084M) 3.697ms
[1016.612s][info][gc,cpu         ] GC(359) User=0.00s Sys=0.00s Real=0.00s
[1018.845s][info][gc,start       ] GC(360) Pause Young (Allocation Failure)
[1018.849s][info][gc,heap        ] GC(360) PSYoungGen: 1379787K(1385984K)->7286K(1385472K) Eden: 1373696K(1373696K)->0K(1373696K) From: 6091K(12288K)->7286K(11776K)
[1018.849s][info][gc,heap        ] GC(360) ParOldGen: 117235K(2796544K)->121246K(2796544K)
[1018.849s][info][gc,metaspace   ] GC(360) Metaspace: 80062K(81408K)->80062K(81408K) NonClass: 70407K(71040K)->70407K(71040K) Class: 9654K(10368K)->9654K(10368K)
[1018.849s][info][gc             ] GC(360) Pause Young (Allocation Failure) 1461M->125M(4084M) 3.653ms
[1018.849s][info][gc,cpu         ] GC(360) User=0.02s Sys=0.00s Real=0.01s
[1021.241s][info][gc,start       ] GC(361) Pause Young (Allocation Failure)
[1021.244s][info][gc,heap        ] GC(361) PSYoungGen: 1380982K(1385472K)->5917K(1386496K) Eden: 1373696K(1373696K)->0K(1375232K) From: 7286K(11776K)->5917K(11264K)
[1021.244s][info][gc,heap        ] GC(361) ParOldGen: 121246K(2796544K)->126293K(2796544K)
[1021.244s][info][gc,metaspace   ] GC(361) Metaspace: 80062K(81408K)->80062K(81408K) NonClass: 70407K(71040K)->70407K(71040K) Class: 9654K(10368K)->9654K(10368K)
[1021.244s][info][gc             ] GC(361) Pause Young (Allocation Failure) 1467M->129M(4085M) 3.528ms
[1021.244s][info][gc,cpu         ] GC(361) User=0.00s Sys=0.00s Real=0.00s
[1024.306s][info][gc,start       ] GC(362) Pause Young (System.gc())
[1024.309s][info][gc,heap        ] GC(362) PSYoungGen: 1299605K(1386496K)->3746K(1386496K) Eden: 1293687K(1375232K)->0K(1375232K) From: 5917K(11264K)->3746K(11264K)
[1024.309s][info][gc,heap        ] GC(362) ParOldGen: 126293K(2796544K)->131012K(2796544K)
[1024.309s][info][gc,metaspace   ] GC(362) Metaspace: 80063K(81408K)->80063K(81408K) NonClass: 70409K(71040K)->70409K(71040K) Class: 9654K(10368K)->9654K(10368K)
[1024.309s][info][gc             ] GC(362) Pause Young (System.gc()) 1392M->131M(4085M) 2.778ms
[1024.309s][info][gc,cpu         ] GC(362) User=0.00s Sys=0.00s Real=0.00s
[1024.309s][info][gc,start       ] GC(363) Pause Full (System.gc())
[1024.309s][info][gc,phases,start] GC(363) Marking Phase
[1024.328s][info][gc,phases      ] GC(363) Marking Phase 18.964ms
[1024.328s][info][gc,phases,start] GC(363) Summary Phase
[1024.328s][info][gc,phases      ] GC(363) Summary Phase 0.011ms
[1024.328s][info][gc,phases,start] GC(363) Adjust Roots
[1024.334s][info][gc,phases      ] GC(363) Adjust Roots 6.265ms
[1024.334s][info][gc,phases,start] GC(363) Compaction Phase
[1024.348s][info][gc,phases      ] GC(363) Compaction Phase 13.791ms
[1024.348s][info][gc,phases,start] GC(363) Post Compact
[1024.349s][info][gc,phases      ] GC(363) Post Compact 1.252ms
[1024.350s][info][gc,heap        ] GC(363) PSYoungGen: 3746K(1386496K)->0K(1386496K) Eden: 0K(1375232K)->0K(1375232K) From: 3746K(11264K)->0K(11264K)
[1024.350s][info][gc,heap        ] GC(363) ParOldGen: 131012K(2796544K)->82064K(2796544K)
[1024.350s][info][gc,metaspace   ] GC(363) Metaspace: 80063K(81408K)->80063K(81408K) NonClass: 70409K(71040K)->70409K(71040K) Class: 9654K(10368K)->9654K(10368K)
[1024.350s][info][gc             ] GC(363) Pause Full (System.gc()) 131M->80M(4085M) 40.586ms
[1024.350s][info][gc,cpu         ] GC(363) User=0.03s Sys=0.00s Real=0.04s
[1027.543s][info][gc,start       ] GC(364) Pause Young (Allocation Failure)
[1027.545s][info][gc,heap        ] GC(364) PSYoungGen: 1375232K(1386496K)->5030K(1387008K) Eden: 1375232K(1375232K)->0K(1375744K) From: 0K(11264K)->5030K(11264K)
[1027.545s][info][gc,heap        ] GC(364) ParOldGen: 82064K(2796544K)->82064K(2796544K)
[1027.545s][info][gc,metaspace   ] GC(364) Metaspace: 80063K(81408K)->80063K(81408K) NonClass: 70409K(71040K)->70409K(71040K) Class: 9654K(10368K)->9654K(10368K)
[1027.545s][info][gc             ] GC(364) Pause Young (Allocation Failure) 1423M->85M(4085M) 2.528ms
[1027.545s][info][gc,cpu         ] GC(364) User=0.00s Sys=0.00s Real=0.00s
[1030.272s][info][gc,start       ] GC(365) Pause Young (Allocation Failure)
[1030.275s][info][gc,heap        ] GC(365) PSYoungGen: 1378584K(1387008K)->10726K(1386496K) Eden: 1373553K(1375744K)->0K(1375744K) From: 5030K(11264K)->10726K(10752K)
[1030.275s][info][gc,heap        ] GC(365) ParOldGen: 82064K(2796544K)->86089K(2796544K)
[1030.275s][info][gc,metaspace   ] GC(365) Metaspace: 80063K(81408K)->80063K(81408K) NonClass: 70409K(71040K)->70409K(71040K) Class: 9654K(10368K)->9654K(10368K)
[1030.275s][info][gc             ] GC(365) Pause Young (Allocation Failure) 1426M->94M(4085M) 3.347ms
[1030.275s][info][gc,cpu         ] GC(365) User=0.00s Sys=0.00s Real=0.00s
[1034.520s][info][gc,start       ] GC(366) Pause Young (Allocation Failure)
[1034.523s][info][gc,heap        ] GC(366) PSYoungGen: 1386470K(1386496K)->5456K(1385472K) Eden: 1375744K(1375744K)->0K(1374208K) From: 10726K(10752K)->5456K(11264K)
[1034.523s][info][gc,heap        ] GC(366) ParOldGen: 86089K(2796544K)->88789K(2796544K)
[1034.523s][info][gc,metaspace   ] GC(366) Metaspace: 80064K(81408K)->80064K(81408K) NonClass: 70409K(71040K)->70409K(71040K) Class: 9654K(10368K)->9654K(10368K)
[1034.523s][info][gc             ] GC(366) Pause Young (Allocation Failure) 1438M->92M(4084M) 2.499ms
[1034.523s][info][gc,cpu         ] GC(366) User=0.00s Sys=0.00s Real=0.00s
[1036.795s][info][gc,start       ] GC(367) Pause Young (Allocation Failure)
[1036.798s][info][gc,heap        ] GC(367) PSYoungGen: 1379664K(1385472K)->6013K(1385984K) Eden: 1374208K(1374208K)->0K(1374208K) From: 5456K(11264K)->6013K(11776K)
[1036.798s][info][gc,heap        ] GC(367) ParOldGen: 88789K(2796544K)->91964K(2796544K)
[1036.798s][info][gc,metaspace   ] GC(367) Metaspace: 80064K(81408K)->80064K(81408K) NonClass: 70409K(71040K)->70409K(71040K) Class: 9654K(10368K)->9654K(10368K)
[1036.798s][info][gc             ] GC(367) Pause Young (Allocation Failure) 1434M->95M(4084M) 3.009ms
[1036.798s][info][gc,cpu         ] GC(367) User=0.00s Sys=0.00s Real=0.00s
[1041.536s][info][gc,start       ] GC(368) Pause Young (Allocation Failure)
[1041.539s][info][gc,heap        ] GC(368) PSYoungGen: 1380221K(1385984K)->5302K(1386496K) Eden: 1374208K(1374208K)->0K(1375232K) From: 6013K(11776K)->5302K(11264K)
[1041.539s][info][gc,heap        ] GC(368) ParOldGen: 91964K(2796544K)->96179K(2796544K)
[1041.539s][info][gc,metaspace   ] GC(368) Metaspace: 80064K(81408K)->80064K(81408K) NonClass: 70409K(71040K)->70409K(71040K) Class: 9654K(10368K)->9654K(10368K)
[1041.539s][info][gc             ] GC(368) Pause Young (Allocation Failure) 1437M->99M(4085M) 3.145ms
[1041.539s][info][gc,cpu         ] GC(368) User=0.00s Sys=0.00s Real=0.00s
[1044.127s][info][gc,start       ] GC(369) Pause Young (Allocation Failure)
[1044.130s][info][gc,heap        ] GC(369) PSYoungGen: 1380534K(1386496K)->6749K(1386496K) Eden: 1375232K(1375232K)->0K(1375232K) From: 5302K(11264K)->6749K(11264K)
[1044.130s][info][gc,heap        ] GC(369) ParOldGen: 96179K(2796544K)->100315K(2796544K)
[1044.130s][info][gc,metaspace   ] GC(369) Metaspace: 80064K(81408K)->80064K(81408K) NonClass: 70409K(71040K)->70409K(71040K) Class: 9654K(10368K)->9654K(10368K)
[1044.130s][info][gc             ] GC(369) Pause Young (Allocation Failure) 1442M->104M(4085M) 3.064ms
[1044.130s][info][gc,cpu         ] GC(369) User=0.00s Sys=0.00s Real=0.00s
[1047.896s][info][gc,start       ] GC(370) Pause Young (Allocation Failure)
[1047.898s][info][gc,heap        ] GC(370) PSYoungGen: 1379524K(1386496K)->5854K(1387520K) Eden: 1372774K(1375232K)->0K(1376768K) From: 6749K(11264K)->5854K(10752K)
[1047.898s][info][gc,heap        ] GC(370) ParOldGen: 100315K(2796544K)->103857K(2796544K)
[1047.898s][info][gc,metaspace   ] GC(370) Metaspace: 80064K(81408K)->80064K(81408K) NonClass: 70409K(71040K)->70409K(71040K) Class: 9654K(10368K)->9654K(10368K)
[1047.898s][info][gc             ] GC(370) Pause Young (Allocation Failure) 1445M->107M(4086M) 2.769ms
[1047.898s][info][gc,cpu         ] GC(370) User=0.00s Sys=0.00s Real=0.00s
[1050.987s][info][gc,start       ] GC(371) Pause Young (Allocation Failure)
[1050.990s][info][gc,heap        ] GC(371) PSYoungGen: 1382622K(1387520K)->7103K(1387008K) Eden: 1376768K(1376768K)->0K(1376768K) From: 5854K(10752K)->7103K(10240K)
[1050.990s][info][gc,heap        ] GC(371) ParOldGen: 103857K(2796544K)->106305K(2796544K)
[1050.990s][info][gc,metaspace   ] GC(371) Metaspace: 80064K(81408K)->80064K(81408K) NonClass: 70409K(71040K)->70409K(71040K) Class: 9654K(10368K)->9654K(10368K)
[1050.990s][info][gc             ] GC(371) Pause Young (Allocation Failure) 1451M->110M(4085M) 3.169ms
[1050.990s][info][gc,cpu         ] GC(371) User=0.02s Sys=0.00s Real=0.02s
[1054.028s][info][gc,start       ] GC(372) Pause Young (Allocation Failure)
[1054.031s][info][gc,heap        ] GC(372) PSYoungGen: 1383871K(1387008K)->5438K(1387520K) Eden: 1376768K(1376768K)->0K(1377280K) From: 7103K(10240K)->5438K(10240K)
[1054.031s][info][gc,heap        ] GC(372) ParOldGen: 106305K(2796544K)->111628K(2796544K)
[1054.031s][info][gc,metaspace   ] GC(372) Metaspace: 80064K(81408K)->80064K(81408K) NonClass: 70409K(71040K)->70409K(71040K) Class: 9654K(10368K)->9654K(10368K)
[1054.031s][info][gc             ] GC(372) Pause Young (Allocation Failure) 1455M->114M(4086M) 2.982ms
[1054.031s][info][gc,cpu         ] GC(372) User=0.00s Sys=0.00s Real=0.00s
[1056.266s][info][gc,start       ] GC(373) Pause Young (Allocation Failure)
[1056.269s][info][gc,heap        ] GC(373) PSYoungGen: 1382718K(1387520K)->6944K(1387520K) Eden: 1377280K(1377280K)->0K(1377280K) From: 5438K(10240K)->6944K(10240K)
[1056.269s][info][gc,heap        ] GC(373) ParOldGen: 111628K(2796544K)->115671K(2796544K)
[1056.269s][info][gc,metaspace   ] GC(373) Metaspace: 80064K(81408K)->80064K(81408K) NonClass: 70409K(71040K)->70409K(71040K) Class: 9654K(10368K)->9654K(10368K)
[1056.269s][info][gc             ] GC(373) Pause Young (Allocation Failure) 1459M->119M(4086M) 3.388ms
[1056.269s][info][gc,cpu         ] GC(373) User=0.00s Sys=0.00s Real=0.00s
[1058.549s][info][gc,start       ] GC(374) Pause Young (Allocation Failure)
[1058.552s][info][gc,heap        ] GC(374) PSYoungGen: 1384224K(1387520K)->5953K(1388032K) Eden: 1377280K(1377280K)->0K(1377792K) From: 6944K(10240K)->5953K(10240K)
[1058.552s][info][gc,heap        ] GC(374) ParOldGen: 115671K(2796544K)->120680K(2796544K)
[1058.552s][info][gc,metaspace   ] GC(374) Metaspace: 80064K(81408K)->80064K(81408K) NonClass: 70409K(71040K)->70409K(71040K) Class: 9654K(10368K)->9654K(10368K)
[1058.552s][info][gc             ] GC(374) Pause Young (Allocation Failure) 1464M->123M(4086M) 3.392ms
[1058.552s][info][gc,cpu         ] GC(374) User=0.00s Sys=0.00s Real=0.00s
[1061.599s][info][gc,start       ] GC(375) Pause Young (System.gc())
[1061.601s][info][gc,heap        ] GC(375) PSYoungGen: 1297166K(1388032K)->3618K(1387520K) Eden: 1291212K(1377792K)->0K(1377792K) From: 5953K(10240K)->3618K(9728K)
[1061.601s][info][gc,heap        ] GC(375) ParOldGen: 120680K(2796544K)->125409K(2796544K)
[1061.601s][info][gc,metaspace   ] GC(375) Metaspace: 80064K(81408K)->80064K(81408K) NonClass: 70410K(71040K)->70410K(71040K) Class: 9654K(10368K)->9654K(10368K)
[1061.601s][info][gc             ] GC(375) Pause Young (System.gc()) 1384M->126M(4086M) 2.744ms
[1061.601s][info][gc,cpu         ] GC(375) User=0.00s Sys=0.00s Real=0.00s
[1061.602s][info][gc,start       ] GC(376) Pause Full (System.gc())
[1061.602s][info][gc,phases,start] GC(376) Marking Phase
[1061.621s][info][gc,phases      ] GC(376) Marking Phase 19.647ms
[1061.621s][info][gc,phases,start] GC(376) Summary Phase
[1061.621s][info][gc,phases      ] GC(376) Summary Phase 0.011ms
[1061.621s][info][gc,phases,start] GC(376) Adjust Roots
[1061.627s][info][gc,phases      ] GC(376) Adjust Roots 5.919ms
[1061.627s][info][gc,phases,start] GC(376) Compaction Phase
[1061.641s][info][gc,phases      ] GC(376) Compaction Phase 13.743ms
[1061.641s][info][gc,phases,start] GC(376) Post Compact
[1061.642s][info][gc,phases      ] GC(376) Post Compact 1.231ms
[1061.642s][info][gc,heap        ] GC(376) PSYoungGen: 3618K(1387520K)->0K(1387520K) Eden: 0K(1377792K)->0K(1377792K) From: 3618K(9728K)->0K(9728K)
[1061.642s][info][gc,heap        ] GC(376) ParOldGen: 125409K(2796544K)->81721K(2796544K)
[1061.642s][info][gc,metaspace   ] GC(376) Metaspace: 80064K(81408K)->80064K(81408K) NonClass: 70410K(71040K)->70410K(71040K) Class: 9654K(10368K)->9654K(10368K)
[1061.642s][info][gc             ] GC(376) Pause Full (System.gc()) 126M->79M(4086M) 40.838ms
[1061.642s][info][gc,cpu         ] GC(376) User=0.05s Sys=0.00s Real=0.05s
[1064.846s][info][gc,start       ] GC(377) Pause Young (Allocation Failure)
[1064.848s][info][gc,heap        ] GC(377) PSYoungGen: 1377792K(1387520K)->5176K(1388032K) Eden: 1377792K(1377792K)->0K(1378304K) From: 0K(9728K)->5176K(9728K)
[1064.848s][info][gc,heap        ] GC(377) ParOldGen: 81721K(2796544K)->81721K(2796544K)
[1064.848s][info][gc,metaspace   ] GC(377) Metaspace: 80064K(81408K)->80064K(81408K) NonClass: 70410K(71040K)->70410K(71040K) Class: 9654K(10368K)->9654K(10368K)
[1064.848s][info][gc             ] GC(377) Pause Young (Allocation Failure) 1425M->84M(4086M) 2.305ms
[1064.848s][info][gc,cpu         ] GC(377) User=0.00s Sys=0.00s Real=0.00s
[1067.743s][info][gc,start       ] GC(378) Pause Young (Allocation Failure)
[1067.747s][info][gc,heap        ] GC(378) PSYoungGen: 1381502K(1388032K)->9705K(1388032K) Eden: 1376326K(1378304K)->0K(1378304K) From: 5176K(9728K)->9705K(9728K)
[1067.747s][info][gc,heap        ] GC(378) ParOldGen: 81721K(2796544K)->86142K(2796544K)
[1067.747s][info][gc,metaspace   ] GC(378) Metaspace: 80065K(81408K)->80065K(81408K) NonClass: 70410K(71040K)->70410K(71040K) Class: 9654K(10368K)->9654K(10368K)
[1067.747s][info][gc             ] GC(378) Pause Young (Allocation Failure) 1428M->93M(4086M) 3.225ms
[1067.747s][info][gc,cpu         ] GC(378) User=0.00s Sys=0.00s Real=0.00s
[1071.980s][info][gc,start       ] GC(379) Pause Young (Allocation Failure)
[1071.983s][info][gc,heap        ] GC(379) PSYoungGen: 1388009K(1388032K)->5130K(1382912K) Eden: 1378304K(1378304K)->0K(1373184K) From: 9705K(9728K)->5130K(9728K)
[1071.983s][info][gc,heap        ] GC(379) ParOldGen: 86142K(2796544K)->88838K(2796544K)
[1071.983s][info][gc,metaspace   ] GC(379) Metaspace: 80065K(81408K)->80065K(81408K) NonClass: 70411K(71040K)->70411K(71040K) Class: 9654K(10368K)->9654K(10368K)
[1071.983s][info][gc             ] GC(379) Pause Young (Allocation Failure) 1439M->91M(4081M) 2.691ms
[1071.983s][info][gc,cpu         ] GC(379) User=0.00s Sys=0.00s Real=0.00s
[1074.219s][info][gc,start       ] GC(380) Pause Young (Allocation Failure)
[1074.222s][info][gc,heap        ] GC(380) PSYoungGen: 1377323K(1382912K)->6134K(1385472K) Eden: 1372192K(1373184K)->0K(1373184K) From: 5130K(9728K)->6134K(12288K)
[1074.222s][info][gc,heap        ] GC(380) ParOldGen: 88838K(2796544K)->92049K(2796544K)
[1074.222s][info][gc,metaspace   ] GC(380) Metaspace: 80065K(81408K)->80065K(81408K) NonClass: 70411K(71040K)->70411K(71040K) Class: 9654K(10368K)->9654K(10368K)
[1074.222s][info][gc             ] GC(380) Pause Young (Allocation Failure) 1431M->95M(4084M) 2.668ms
[1074.222s][info][gc,cpu         ] GC(380) User=0.00s Sys=0.00s Real=0.00s
[1078.843s][info][gc,start       ] GC(381) Pause Young (Allocation Failure)
[1078.846s][info][gc,heap        ] GC(381) PSYoungGen: 1379318K(1385472K)->5338K(1386496K) Eden: 1373184K(1373184K)->0K(1374720K) From: 6134K(12288K)->5338K(11776K)
[1078.846s][info][gc,heap        ] GC(381) ParOldGen: 92049K(2796544K)->96667K(2796544K)
[1078.846s][info][gc,metaspace   ] GC(381) Metaspace: 80065K(81408K)->80065K(81408K) NonClass: 70411K(71040K)->70411K(71040K) Class: 9654K(10368K)->9654K(10368K)
[1078.846s][info][gc             ] GC(381) Pause Young (Allocation Failure) 1436M->99M(4085M) 2.978ms
[1078.846s][info][gc,cpu         ] GC(381) User=0.00s Sys=0.00s Real=0.00s
[1081.495s][info][gc,start       ] GC(382) Pause Young (Allocation Failure)
[1081.498s][info][gc,heap        ] GC(382) PSYoungGen: 1380058K(1386496K)->5569K(1385984K) Eden: 1374720K(1374720K)->0K(1374720K) From: 5338K(11776K)->5569K(11264K)
[1081.498s][info][gc,heap        ] GC(382) ParOldGen: 96667K(2796544K)->100812K(2796544K)
[1081.498s][info][gc,metaspace   ] GC(382) Metaspace: 80070K(81408K)->80070K(81408K) NonClass: 70416K(71040K)->70416K(71040K) Class: 9654K(10368K)->9654K(10368K)
[1081.498s][info][gc             ] GC(382) Pause Young (Allocation Failure) 1442M->103M(4084M) 2.939ms
[1081.498s][info][gc,cpu         ] GC(382) User=0.00s Sys=0.00s Real=0.00s
[1085.197s][info][gc,start       ] GC(383) Pause Young (Allocation Failure)
[1085.200s][info][gc,heap        ] GC(383) PSYoungGen: 1379448K(1385984K)->5674K(1387008K) Eden: 1373878K(1374720K)->0K(1375744K) From: 5569K(11264K)->5674K(11264K)
[1085.200s][info][gc,heap        ] GC(383) ParOldGen: 100812K(2796544K)->104264K(2796544K)
[1085.200s][info][gc,metaspace   ] GC(383) Metaspace: 80072K(81408K)->80072K(81408K) NonClass: 70418K(71040K)->70418K(71040K) Class: 9654K(10368K)->9654K(10368K)
[1085.200s][info][gc             ] GC(383) Pause Young (Allocation Failure) 1445M->107M(4085M) 3.152ms
[1085.200s][info][gc,cpu         ] GC(383) User=0.00s Sys=0.00s Real=0.00s
[1088.180s][info][gc,start       ] GC(384) Pause Young (Allocation Failure)
[1088.185s][info][gc,heap        ] GC(384) PSYoungGen: 1381418K(1387008K)->7585K(1386496K) Eden: 1375744K(1375744K)->0K(1375744K) From: 5674K(11264K)->7585K(10752K)
[1088.185s][info][gc,heap        ] GC(384) ParOldGen: 104264K(2796544K)->107055K(2796544K)
[1088.185s][info][gc,metaspace   ] GC(384) Metaspace: 80072K(81408K)->80072K(81408K) NonClass: 70418K(71040K)->70418K(71040K) Class: 9654K(10368K)->9654K(10368K)
[1088.185s][info][gc             ] GC(384) Pause Young (Allocation Failure) 1450M->111M(4085M) 4.619ms
[1088.185s][info][gc,cpu         ] GC(384) User=0.00s Sys=0.00s Real=0.00s
[1091.265s][info][gc,start       ] GC(385) Pause Young (Allocation Failure)
[1091.268s][info][gc,heap        ] GC(385) PSYoungGen: 1383329K(1386496K)->5743K(1387008K) Eden: 1375744K(1375744K)->0K(1376256K) From: 7585K(10752K)->5743K(10752K)
[1091.268s][info][gc,heap        ] GC(385) ParOldGen: 107055K(2796544K)->111813K(2796544K)
[1091.268s][info][gc,metaspace   ] GC(385) Metaspace: 80072K(81408K)->80072K(81408K) NonClass: 70418K(71040K)->70418K(71040K) Class: 9654K(10368K)->9654K(10368K)
[1091.268s][info][gc             ] GC(385) Pause Young (Allocation Failure) 1455M->114M(4085M) 3.155ms
[1091.268s][info][gc,cpu         ] GC(385) User=0.00s Sys=0.00s Real=0.00s
[1093.489s][info][gc,start       ] GC(386) Pause Young (Allocation Failure)
[1093.492s][info][gc,heap        ] GC(386) PSYoungGen: 1379157K(1387008K)->5972K(1387008K) Eden: 1373413K(1376256K)->0K(1376256K) From: 5743K(10752K)->5972K(10752K)
[1093.492s][info][gc,heap        ] GC(386) ParOldGen: 111813K(2796544K)->115858K(2796544K)
[1093.492s][info][gc,metaspace   ] GC(386) Metaspace: 80072K(81408K)->80072K(81408K) NonClass: 70418K(71040K)->70418K(71040K) Class: 9654K(10368K)->9654K(10368K)
[1093.492s][info][gc             ] GC(386) Pause Young (Allocation Failure) 1456M->118M(4085M) 2.863ms
[1093.492s][info][gc,cpu         ] GC(386) User=0.00s Sys=0.00s Real=0.00s
[1095.693s][info][gc,start       ] GC(387) Pause Young (Allocation Failure)
[1095.697s][info][gc,heap        ] GC(387) PSYoungGen: 1382228K(1387008K)->8982K(1386496K) Eden: 1376256K(1376256K)->0K(1376256K) From: 5972K(10752K)->8982K(10240K)
[1095.697s][info][gc,heap        ] GC(387) ParOldGen: 115858K(2796544K)->120874K(2796544K)
[1095.697s][info][gc,metaspace   ] GC(387) Metaspace: 80072K(81408K)->80072K(81408K) NonClass: 70418K(71040K)->70418K(71040K) Class: 9654K(10368K)->9654K(10368K)
[1095.697s][info][gc             ] GC(387) Pause Young (Allocation Failure) 1462M->126M(4085M) 3.728ms
[1095.697s][info][gc,cpu         ] GC(387) User=0.00s Sys=0.00s Real=0.00s
[1098.701s][info][gc,start       ] GC(388) Pause Young (System.gc())
[1098.704s][info][gc,heap        ] GC(388) PSYoungGen: 1273652K(1386496K)->3508K(1387008K) Eden: 1264669K(1376256K)->0K(1376256K) From: 8982K(10240K)->3508K(10752K)
[1098.704s][info][gc,heap        ] GC(388) ParOldGen: 120874K(2796544K)->126029K(2796544K)
[1098.704s][info][gc,metaspace   ] GC(388) Metaspace: 80072K(81408K)->80072K(81408K) NonClass: 70418K(71040K)->70418K(71040K) Class: 9654K(10368K)->9654K(10368K)
[1098.704s][info][gc             ] GC(388) Pause Young (System.gc()) 1361M->126M(4085M) 2.743ms
[1098.704s][info][gc,cpu         ] GC(388) User=0.00s Sys=0.00s Real=0.00s
[1098.704s][info][gc,start       ] GC(389) Pause Full (System.gc())
[1098.704s][info][gc,phases,start] GC(389) Marking Phase
[1098.723s][info][gc,phases      ] GC(389) Marking Phase 18.852ms
[1098.723s][info][gc,phases,start] GC(389) Summary Phase
[1098.723s][info][gc,phases      ] GC(389) Summary Phase 0.010ms
[1098.723s][info][gc,phases,start] GC(389) Adjust Roots
[1098.729s][info][gc,phases      ] GC(389) Adjust Roots 5.986ms
[1098.729s][info][gc,phases,start] GC(389) Compaction Phase
[1098.740s][info][gc,phases      ] GC(389) Compaction Phase 11.459ms
[1098.740s][info][gc,phases,start] GC(389) Post Compact
[1098.742s][info][gc,phases      ] GC(389) Post Compact 1.322ms
[1098.742s][info][gc,heap        ] GC(389) PSYoungGen: 3508K(1387008K)->0K(1387008K) Eden: 0K(1376256K)->0K(1376256K) From: 3508K(10752K)->0K(10752K)
[1098.742s][info][gc,heap        ] GC(389) ParOldGen: 126029K(2796544K)->81938K(2796544K)
[1098.742s][info][gc,metaspace   ] GC(389) Metaspace: 80072K(81408K)->80072K(81408K) NonClass: 70418K(71040K)->70418K(71040K) Class: 9654K(10368K)->9654K(10368K)
[1098.742s][info][gc             ] GC(389) Pause Full (System.gc()) 126M->80M(4085M) 37.953ms
[1098.742s][info][gc,cpu         ] GC(389) User=0.05s Sys=0.00s Real=0.05s
[1101.938s][info][gc,start       ] GC(390) Pause Young (Allocation Failure)
[1101.940s][info][gc,heap        ] GC(390) PSYoungGen: 1376256K(1387008K)->5204K(1387008K) Eden: 1376256K(1376256K)->0K(1376256K) From: 0K(10752K)->5204K(10752K)
[1101.940s][info][gc,heap        ] GC(390) ParOldGen: 81938K(2796544K)->81938K(2796544K)
[1101.940s][info][gc,metaspace   ] GC(390) Metaspace: 80072K(81408K)->80072K(81408K) NonClass: 70418K(71040K)->70418K(71040K) Class: 9654K(10368K)->9654K(10368K)
[1101.940s][info][gc             ] GC(390) Pause Young (Allocation Failure) 1424M->85M(4085M) 2.243ms
[1101.940s][info][gc,cpu         ] GC(390) User=0.00s Sys=0.00s Real=0.00s
[1104.710s][info][gc,start       ] GC(391) Pause Young (Allocation Failure)
[1104.714s][info][gc,heap        ] GC(391) PSYoungGen: 1378027K(1387008K)->10741K(1387008K) Eden: 1372823K(1376256K)->0K(1376256K) From: 5204K(10752K)->10741K(10752K)
[1104.714s][info][gc,heap        ] GC(391) ParOldGen: 81938K(2796544K)->90179K(2796544K)
[1104.714s][info][gc,metaspace   ] GC(391) Metaspace: 80072K(81408K)->80072K(81408K) NonClass: 70418K(71040K)->70418K(71040K) Class: 9654K(10368K)->9654K(10368K)
[1104.714s][info][gc             ] GC(391) Pause Young (Allocation Failure) 1425M->98M(4085M) 3.577ms
[1104.714s][info][gc,cpu         ] GC(391) User=0.00s Sys=0.00s Real=0.00s
[1108.961s][info][gc,start       ] GC(392) Pause Young (Allocation Failure)
[1108.964s][info][gc,heap        ] GC(392) PSYoungGen: 1386997K(1387008K)->5423K(1378816K) Eden: 1376256K(1376256K)->0K(1368064K) From: 10741K(10752K)->5423K(10752K)
[1108.964s][info][gc,heap        ] GC(392) ParOldGen: 90179K(2796544K)->92814K(2796544K)
[1108.964s][info][gc,metaspace   ] GC(392) Metaspace: 80072K(81408K)->80072K(81408K) NonClass: 70418K(71040K)->70418K(71040K) Class: 9654K(10368K)->9654K(10368K)
[1108.964s][info][gc             ] GC(392) Pause Young (Allocation Failure) 1442M->95M(4077M) 2.634ms
[1108.964s][info][gc,cpu         ] GC(392) User=0.00s Sys=0.00s Real=0.00s
[1111.242s][info][gc,start       ] GC(393) Pause Young (Allocation Failure)
[1111.245s][info][gc,heap        ] GC(393) PSYoungGen: 1373487K(1378816K)->6133K(1382912K) Eden: 1368064K(1368064K)->0K(1368064K) From: 5423K(10752K)->6133K(14848K)
[1111.245s][info][gc,heap        ] GC(393) ParOldGen: 92814K(2796544K)->96016K(2796544K)
[1111.245s][info][gc,metaspace   ] GC(393) Metaspace: 80072K(81408K)->80072K(81408K) NonClass: 70418K(71040K)->70418K(71040K) Class: 9654K(10368K)->9654K(10368K)
[1111.245s][info][gc             ] GC(393) Pause Young (Allocation Failure) 1431M->99M(4081M) 2.950ms
[1111.245s][info][gc,cpu         ] GC(393) User=0.00s Sys=0.00s Real=0.00s
[1115.892s][info][gc,start       ] GC(394) Pause Young (Allocation Failure)
[1115.895s][info][gc,heap        ] GC(394) PSYoungGen: 1374197K(1382912K)->6171K(1383936K) Eden: 1368064K(1368064K)->0K(1369600K) From: 6133K(14848K)->6171K(14336K)
[1115.895s][info][gc,heap        ] GC(394) ParOldGen: 96016K(2796544K)->100208K(2796544K)
[1115.895s][info][gc,metaspace   ] GC(394) Metaspace: 80072K(81408K)->80072K(81408K) NonClass: 70418K(71040K)->70418K(71040K) Class: 9654K(10368K)->9654K(10368K)
[1115.895s][info][gc             ] GC(394) Pause Young (Allocation Failure) 1435M->103M(4082M) 3.602ms
[1115.896s][info][gc,cpu         ] GC(394) User=0.02s Sys=0.00s Real=0.02s
[1118.371s][info][gc,start       ] GC(395) Pause Young (Allocation Failure)
[1118.373s][info][gc,heap        ] GC(395) PSYoungGen: 1375771K(1383936K)->5564K(1383424K) Eden: 1369600K(1369600K)->0K(1369600K) From: 6171K(14336K)->5564K(13824K)
[1118.373s][info][gc,heap        ] GC(395) ParOldGen: 100208K(2796544K)->104150K(2796544K)
[1118.373s][info][gc,metaspace   ] GC(395) Metaspace: 80075K(81408K)->80075K(81408K) NonClass: 70421K(71040K)->70421K(71040K) Class: 9654K(10368K)->9654K(10368K)
[1118.373s][info][gc             ] GC(395) Pause Young (Allocation Failure) 1441M->107M(4082M) 2.840ms
[1118.373s][info][gc,cpu         ] GC(395) User=0.00s Sys=0.00s Real=0.00s
[1122.242s][info][gc,start       ] GC(396) Pause Young (Allocation Failure)
[1122.245s][info][gc,heap        ] GC(396) PSYoungGen: 1373744K(1383424K)->9887K(1383424K) Eden: 1368180K(1369600K)->0K(1370112K) From: 5564K(13824K)->9887K(13312K)
[1122.245s][info][gc,heap        ] GC(396) ParOldGen: 104150K(2796544K)->107842K(2796544K)
[1122.245s][info][gc,metaspace   ] GC(396) Metaspace: 80075K(81408K)->80075K(81408K) NonClass: 70421K(71040K)->70421K(71040K) Class: 9654K(10368K)->9654K(10368K)
[1122.245s][info][gc             ] GC(396) Pause Young (Allocation Failure) 1443M->114M(4082M) 3.651ms
[1122.245s][info][gc,cpu         ] GC(396) User=0.02s Sys=0.00s Real=0.02s
[1125.165s][info][gc,start       ] GC(397) Pause Young (Allocation Failure)
[1125.168s][info][gc,heap        ] GC(397) PSYoungGen: 1379999K(1383424K)->8046K(1383936K) Eden: 1370112K(1370112K)->0K(1370112K) From: 9887K(13312K)->8046K(13824K)
[1125.168s][info][gc,heap        ] GC(397) ParOldGen: 107842K(2796544K)->110328K(2796544K)
[1125.169s][info][gc,metaspace   ] GC(397) Metaspace: 80075K(81408K)->80075K(81408K) NonClass: 70421K(71040K)->70421K(71040K) Class: 9654K(10368K)->9654K(10368K)
[1125.169s][info][gc             ] GC(397) Pause Young (Allocation Failure) 1452M->115M(4082M) 3.287ms
[1125.169s][info][gc,cpu         ] GC(397) User=0.00s Sys=0.00s Real=0.00s
[1128.184s][info][gc,start       ] GC(398) Pause Young (Allocation Failure)
[1128.188s][info][gc,heap        ] GC(398) PSYoungGen: 1378158K(1383936K)->5220K(1384448K) Eden: 1370112K(1370112K)->0K(1371136K) From: 8046K(13824K)->5220K(13312K)
[1128.188s][info][gc,heap        ] GC(398) ParOldGen: 110328K(2796544K)->115466K(2796544K)
[1128.188s][info][gc,metaspace   ] GC(398) Metaspace: 80075K(81408K)->80075K(81408K) NonClass: 70421K(71040K)->70421K(71040K) Class: 9654K(10368K)->9654K(10368K)
[1128.188s][info][gc             ] GC(398) Pause Young (Allocation Failure) 1453M->117M(4083M) 3.785ms
[1128.188s][info][gc,cpu         ] GC(398) User=0.00s Sys=0.00s Real=0.00s
[1130.378s][info][gc,start       ] GC(399) Pause Young (Allocation Failure)
[1130.381s][info][gc,heap        ] GC(399) PSYoungGen: 1376356K(1384448K)->7671K(1384448K) Eden: 1371136K(1371136K)->0K(1371136K) From: 5220K(13312K)->7671K(13312K)
[1130.381s][info][gc,heap        ] GC(399) ParOldGen: 115466K(2796544K)->119409K(2796544K)
[1130.381s][info][gc,metaspace   ] GC(399) Metaspace: 80075K(81408K)->80075K(81408K) NonClass: 70421K(71040K)->70421K(71040K) Class: 9654K(10368K)->9654K(10368K)
[1130.381s][info][gc             ] GC(399) Pause Young (Allocation Failure) 1456M->124M(4083M) 3.235ms
[1130.381s][info][gc,cpu         ] GC(399) User=0.00s Sys=0.00s Real=0.00s
[1132.789s][info][gc,start       ] GC(400) Pause Young (Allocation Failure)
[1132.793s][info][gc,heap        ] GC(400) PSYoungGen: 1378807K(1384448K)->5809K(1385472K) Eden: 1371136K(1371136K)->0K(1372672K) From: 7671K(13312K)->5809K(12800K)
[1132.793s][info][gc,heap        ] GC(400) ParOldGen: 119409K(2796544K)->124433K(2796544K)
[1132.793s][info][gc,metaspace   ] GC(400) Metaspace: 80080K(81408K)->80080K(81408K) NonClass: 70425K(71040K)->70425K(71040K) Class: 9654K(10368K)->9654K(10368K)
[1132.793s][info][gc             ] GC(400) Pause Young (Allocation Failure) 1463M->127M(4084M) 3.553ms
[1132.793s][info][gc,cpu         ] GC(400) User=0.00s Sys=0.00s Real=0.00s
[1135.850s][info][gc,start       ] GC(401) Pause Young (System.gc())
[1135.853s][info][gc,heap        ] GC(401) PSYoungGen: 1341417K(1385472K)->3787K(1384960K) Eden: 1335608K(1372672K)->0K(1372672K) From: 5809K(12800K)->3787K(12288K)
[1135.853s][info][gc,heap        ] GC(401) ParOldGen: 124433K(2796544K)->129238K(2796544K)
[1135.853s][info][gc,metaspace   ] GC(401) Metaspace: 80082K(81408K)->80082K(81408K) NonClass: 70427K(71040K)->70427K(71040K) Class: 9654K(10368K)->9654K(10368K)
[1135.853s][info][gc             ] GC(401) Pause Young (System.gc()) 1431M->129M(4083M) 2.892ms
[1135.853s][info][gc,cpu         ] GC(401) User=0.00s Sys=0.00s Real=0.00s
[1135.853s][info][gc,start       ] GC(402) Pause Full (System.gc())
[1135.853s][info][gc,phases,start] GC(402) Marking Phase
[1135.872s][info][gc,phases      ] GC(402) Marking Phase 18.634ms
[1135.872s][info][gc,phases,start] GC(402) Summary Phase
[1135.872s][info][gc,phases      ] GC(402) Summary Phase 0.012ms
[1135.872s][info][gc,phases,start] GC(402) Adjust Roots
[1135.878s][info][gc,phases      ] GC(402) Adjust Roots 5.863ms
[1135.878s][info][gc,phases,start] GC(402) Compaction Phase
[1135.889s][info][gc,phases      ] GC(402) Compaction Phase 10.987ms
[1135.889s][info][gc,phases,start] GC(402) Post Compact
[1135.890s][info][gc,phases      ] GC(402) Post Compact 1.539ms
[1135.890s][info][gc,heap        ] GC(402) PSYoungGen: 3787K(1384960K)->0K(1384960K) Eden: 0K(1372672K)->0K(1372672K) From: 3787K(12288K)->0K(12288K)
[1135.890s][info][gc,heap        ] GC(402) ParOldGen: 129238K(2796544K)->81927K(2796544K)
[1135.890s][info][gc,metaspace   ] GC(402) Metaspace: 80082K(81408K)->80082K(81408K) NonClass: 70427K(71040K)->70427K(71040K) Class: 9654K(10368K)->9654K(10368K)
[1135.890s][info][gc             ] GC(402) Pause Full (System.gc()) 129M->80M(4083M) 37.403ms
[1135.890s][info][gc,cpu         ] GC(402) User=0.05s Sys=0.00s Real=0.05s
[1139.081s][info][gc,start       ] GC(403) Pause Young (Allocation Failure)
[1139.083s][info][gc,heap        ] GC(403) PSYoungGen: 1372672K(1384960K)->5253K(1385472K) Eden: 1372672K(1372672K)->0K(1373184K) From: 0K(12288K)->5253K(12288K)
[1139.083s][info][gc,heap        ] GC(403) ParOldGen: 81927K(2796544K)->81927K(2796544K)
[1139.083s][info][gc,metaspace   ] GC(403) Metaspace: 80082K(81408K)->80082K(81408K) NonClass: 70427K(71040K)->70427K(71040K) Class: 9654K(10368K)->9654K(10368K)
[1139.083s][info][gc             ] GC(403) Pause Young (Allocation Failure) 1420M->85M(4084M) 2.188ms
[1139.083s][info][gc,cpu         ] GC(403) User=0.00s Sys=0.00s Real=0.00s
[1141.830s][info][gc,start       ] GC(404) Pause Young (Allocation Failure)
[1141.833s][info][gc,heap        ] GC(404) PSYoungGen: 1376245K(1385472K)->11227K(1384448K) Eden: 1370992K(1373184K)->0K(1373184K) From: 5253K(12288K)->11227K(11264K)
[1141.833s][info][gc,heap        ] GC(404) ParOldGen: 81927K(2796544K)->90003K(2796544K)
[1141.833s][info][gc,metaspace   ] GC(404) Metaspace: 80082K(81408K)->80082K(81408K) NonClass: 70427K(71040K)->70427K(71040K) Class: 9654K(10368K)->9654K(10368K)
[1141.833s][info][gc             ] GC(404) Pause Young (Allocation Failure) 1423M->98M(4083M) 3.725ms
[1141.833s][info][gc,cpu         ] GC(404) User=0.00s Sys=0.00s Real=0.00s
[1146.035s][info][gc,start       ] GC(405) Pause Young (Allocation Failure)
[1146.037s][info][gc,heap        ] GC(405) PSYoungGen: 1384411K(1384448K)->5765K(1384960K) Eden: 1373184K(1373184K)->0K(1371648K) From: 11227K(11264K)->5765K(13312K)
[1146.037s][info][gc,heap        ] GC(405) ParOldGen: 90003K(2796544K)->92653K(2796544K)
[1146.037s][info][gc,metaspace   ] GC(405) Metaspace: 80082K(81408K)->80082K(81408K) NonClass: 70427K(71040K)->70427K(71040K) Class: 9654K(10368K)->9654K(10368K)
[1146.037s][info][gc             ] GC(405) Pause Young (Allocation Failure) 1439M->96M(4083M) 2.578ms
[1146.037s][info][gc,cpu         ] GC(405) User=0.00s Sys=0.00s Real=0.00s
[1148.274s][info][gc,start       ] GC(406) Pause Young (Allocation Failure)
[1148.277s][info][gc,heap        ] GC(406) PSYoungGen: 1377413K(1384960K)->5971K(1384448K) Eden: 1371648K(1371648K)->0K(1371648K) From: 5765K(13312K)->5971K(12800K)
[1148.277s][info][gc,heap        ] GC(406) ParOldGen: 92653K(2796544K)->95803K(2796544K)
[1148.277s][info][gc,metaspace   ] GC(406) Metaspace: 80082K(81408K)->80082K(81408K) NonClass: 70427K(71040K)->70427K(71040K) Class: 9654K(10368K)->9654K(10368K)
[1148.277s][info][gc             ] GC(406) Pause Young (Allocation Failure) 1435M->99M(4083M) 3.004ms
[1148.277s][info][gc,cpu         ] GC(406) User=0.00s Sys=0.00s Real=0.00s
[1152.941s][info][gc,start       ] GC(407) Pause Young (Allocation Failure)
[1152.944s][info][gc,heap        ] GC(407) PSYoungGen: 1377615K(1384448K)->5398K(1385472K) Eden: 1371644K(1371648K)->0K(1372672K) From: 5971K(12800K)->5398K(12800K)
[1152.944s][info][gc,heap        ] GC(407) ParOldGen: 95803K(2796544K)->99998K(2796544K)
[1152.944s][info][gc,metaspace   ] GC(407) Metaspace: 80082K(81408K)->80082K(81408K) NonClass: 70427K(71040K)->70427K(71040K) Class: 9654K(10368K)->9654K(10368K)
[1152.944s][info][gc             ] GC(407) Pause Young (Allocation Failure) 1438M->102M(4084M) 2.945ms
[1152.944s][info][gc,cpu         ] GC(407) User=0.00s Sys=0.00s Real=0.00s
[1155.465s][info][gc,start       ] GC(408) Pause Young (Allocation Failure)
[1155.468s][info][gc,heap        ] GC(408) PSYoungGen: 1378070K(1385472K)->5825K(1384960K) Eden: 1372672K(1372672K)->0K(1372672K) From: 5398K(12800K)->5825K(12288K)
[1155.468s][info][gc,heap        ] GC(408) ParOldGen: 99998K(2796544K)->104118K(2796544K)
[1155.468s][info][gc,metaspace   ] GC(408) Metaspace: 80082K(81408K)->80082K(81408K) NonClass: 70427K(71040K)->70427K(71040K) Class: 9654K(10368K)->9654K(10368K)
[1155.468s][info][gc             ] GC(408) Pause Young (Allocation Failure) 1443M->107M(4083M) 3.003ms
[1155.468s][info][gc,cpu         ] GC(408) User=0.00s Sys=0.00s Real=0.00s
[1159.275s][info][gc,start       ] GC(409) Pause Young (Allocation Failure)
[1159.279s][info][gc,heap        ] GC(409) PSYoungGen: 1377507K(1384960K)->5795K(1386496K) Eden: 1371681K(1372672K)->0K(1374720K) From: 5825K(12288K)->5795K(11776K)
[1159.279s][info][gc,heap        ] GC(409) ParOldGen: 104118K(2796544K)->107659K(2796544K)
[1159.279s][info][gc,metaspace   ] GC(409) Metaspace: 80082K(81408K)->80082K(81408K) NonClass: 70427K(71040K)->70427K(71040K) Class: 9654K(10368K)->9654K(10368K)
[1159.279s][info][gc             ] GC(409) Pause Young (Allocation Failure) 1446M->110M(4085M) 3.550ms
[1159.279s][info][gc,cpu         ] GC(409) User=0.00s Sys=0.00s Real=0.00s
[1162.275s][info][gc,start       ] GC(410) Pause Young (Allocation Failure)
[1162.278s][info][gc,heap        ] GC(410) PSYoungGen: 1380515K(1386496K)->6889K(1385984K) Eden: 1374720K(1374720K)->0K(1374720K) From: 5795K(11776K)->6889K(11264K)
[1162.278s][info][gc,heap        ] GC(410) ParOldGen: 107659K(2796544K)->110158K(2796544K)
[1162.278s][info][gc,metaspace   ] GC(410) Metaspace: 80082K(81408K)->80082K(81408K) NonClass: 70427K(71040K)->70427K(71040K) Class: 9654K(10368K)->9654K(10368K)
[1162.278s][info][gc             ] GC(410) Pause Young (Allocation Failure) 1453M->114M(4084M) 3.111ms
[1162.278s][info][gc,cpu         ] GC(410) User=0.00s Sys=0.00s Real=0.00s
[1165.333s][info][gc,start       ] GC(411) Pause Young (Allocation Failure)
[1165.337s][info][gc,heap        ] GC(411) PSYoungGen: 1381207K(1385984K)->4950K(1387008K) Eden: 1374317K(1374720K)->0K(1375744K) From: 6889K(11264K)->4950K(11264K)
[1165.337s][info][gc,heap        ] GC(411) ParOldGen: 110158K(2796544K)->115335K(2796544K)
[1165.337s][info][gc,metaspace   ] GC(411) Metaspace: 80082K(81408K)->80082K(81408K) NonClass: 70427K(71040K)->70427K(71040K) Class: 9654K(10368K)->9654K(10368K)
[1165.337s][info][gc             ] GC(411) Pause Young (Allocation Failure) 1456M->117M(4085M) 3.977ms
[1165.337s][info][gc,cpu         ] GC(411) User=0.00s Sys=0.00s Real=0.00s
[1167.563s][info][gc,start       ] GC(412) Pause Young (Allocation Failure)
[1167.566s][info][gc,heap        ] GC(412) PSYoungGen: 1380694K(1387008K)->6479K(1386496K) Eden: 1375744K(1375744K)->0K(1375744K) From: 4950K(11264K)->6479K(10752K)
[1167.566s][info][gc,heap        ] GC(412) ParOldGen: 115335K(2796544K)->119253K(2796544K)
[1167.566s][info][gc,metaspace   ] GC(412) Metaspace: 80082K(81408K)->80082K(81408K) NonClass: 70427K(71040K)->70427K(71040K) Class: 9654K(10368K)->9654K(10368K)
[1167.566s][info][gc             ] GC(412) Pause Young (Allocation Failure) 1460M->122M(4085M) 2.996ms
[1167.566s][info][gc,cpu         ] GC(412) User=0.00s Sys=0.00s Real=0.00s
[1169.852s][info][gc,start       ] GC(413) Pause Young (Allocation Failure)
[1169.855s][info][gc,heap        ] GC(413) PSYoungGen: 1382223K(1386496K)->5972K(1387520K) Eden: 1375744K(1375744K)->0K(1376768K) From: 6479K(10752K)->5972K(10752K)
[1169.855s][info][gc,heap        ] GC(413) ParOldGen: 119253K(2796544K)->124314K(2796544K)
[1169.855s][info][gc,metaspace   ] GC(413) Metaspace: 80082K(81408K)->80082K(81408K) NonClass: 70427K(71040K)->70427K(71040K) Class: 9654K(10368K)->9654K(10368K)
[1169.855s][info][gc             ] GC(413) Pause Young (Allocation Failure) 1466M->127M(4086M) 3.545ms
[1169.855s][info][gc,cpu         ] GC(413) User=0.00s Sys=0.00s Real=0.00s
[1172.981s][info][gc,start       ] GC(414) Pause Young (System.gc())
[1172.986s][info][gc,heap        ] GC(414) PSYoungGen: 1292123K(1387520K)->3603K(1387008K) Eden: 1286151K(1376768K)->0K(1376768K) From: 5972K(10752K)->3603K(10240K)
[1172.986s][info][gc,heap        ] GC(414) ParOldGen: 124314K(2796544K)->129042K(2796544K)
[1172.986s][info][gc,metaspace   ] GC(414) Metaspace: 80083K(81408K)->80083K(81408K) NonClass: 70429K(71040K)->70429K(71040K) Class: 9654K(10368K)->9654K(10368K)
[1172.986s][info][gc             ] GC(414) Pause Young (System.gc()) 1383M->129M(4085M) 4.700ms
[1172.986s][info][gc,cpu         ] GC(414) User=0.00s Sys=0.00s Real=0.00s
[1172.986s][info][gc,start       ] GC(415) Pause Full (System.gc())
[1172.986s][info][gc,phases,start] GC(415) Marking Phase
[1173.006s][info][gc,phases      ] GC(415) Marking Phase 19.963ms
[1173.006s][info][gc,phases,start] GC(415) Summary Phase
[1173.006s][info][gc,phases      ] GC(415) Summary Phase 0.010ms
[1173.006s][info][gc,phases,start] GC(415) Adjust Roots
[1173.012s][info][gc,phases      ] GC(415) Adjust Roots 6.135ms
[1173.012s][info][gc,phases,start] GC(415) Compaction Phase
[1173.024s][info][gc,phases      ] GC(415) Compaction Phase 11.383ms
[1173.024s][info][gc,phases,start] GC(415) Post Compact
[1173.025s][info][gc,phases      ] GC(415) Post Compact 1.336ms
[1173.025s][info][gc,heap        ] GC(415) PSYoungGen: 3603K(1387008K)->0K(1387008K) Eden: 0K(1376768K)->0K(1376768K) From: 3603K(10240K)->0K(10240K)
[1173.025s][info][gc,heap        ] GC(415) ParOldGen: 129042K(2796544K)->81716K(2796544K)
[1173.025s][info][gc,metaspace   ] GC(415) Metaspace: 80083K(81408K)->80083K(81408K) NonClass: 70429K(71040K)->70429K(71040K) Class: 9654K(10368K)->9654K(10368K)
[1173.025s][info][gc             ] GC(415) Pause Full (System.gc()) 129M->79M(4085M) 39.142ms
[1173.025s][info][gc,cpu         ] GC(415) User=0.03s Sys=0.00s Real=0.03s
[1176.272s][info][gc,start       ] GC(416) Pause Young (Allocation Failure)
[1176.274s][info][gc,heap        ] GC(416) PSYoungGen: 1376768K(1387008K)->5156K(1387520K) Eden: 1376768K(1376768K)->0K(1377280K) From: 0K(10240K)->5156K(10240K)
[1176.274s][info][gc,heap        ] GC(416) ParOldGen: 81716K(2796544K)->81716K(2796544K)
[1176.274s][info][gc,metaspace   ] GC(416) Metaspace: 80083K(81408K)->80083K(81408K) NonClass: 70429K(71040K)->70429K(71040K) Class: 9654K(10368K)->9654K(10368K)
[1176.274s][info][gc             ] GC(416) Pause Young (Allocation Failure) 1424M->84M(4086M) 2.183ms
[1176.274s][info][gc,cpu         ] GC(416) User=0.00s Sys=0.00s Real=0.00s
[1179.010s][info][gc,start       ] GC(417) Pause Young (Allocation Failure)
[1179.013s][info][gc,heap        ] GC(417) PSYoungGen: 1382145K(1387520K)->10222K(1387520K) Eden: 1376989K(1377280K)->0K(1377280K) From: 5156K(10240K)->10222K(10240K)
[1179.013s][info][gc,heap        ] GC(417) ParOldGen: 81716K(2796544K)->94798K(2796544K)
[1179.013s][info][gc,metaspace   ] GC(417) Metaspace: 80083K(81408K)->80083K(81408K) NonClass: 70429K(71040K)->70429K(71040K) Class: 9654K(10368K)->9654K(10368K)
[1179.013s][info][gc             ] GC(417) Pause Young (Allocation Failure) 1429M->102M(4086M) 3.946ms
[1179.014s][info][gc,cpu         ] GC(417) User=0.00s Sys=0.00s Real=0.00s
[1183.221s][info][gc,start       ] GC(418) Pause Young (Allocation Failure)
[1183.224s][info][gc,heap        ] GC(418) PSYoungGen: 1387328K(1387520K)->4525K(1376256K) Eden: 1377106K(1377280K)->0K(1366016K) From: 10222K(10240K)->4525K(10240K)
[1183.224s][info][gc,heap        ] GC(418) ParOldGen: 94798K(2796544K)->97436K(2796544K)
[1183.224s][info][gc,metaspace   ] GC(418) Metaspace: 80083K(81408K)->80083K(81408K) NonClass: 70429K(71040K)->70429K(71040K) Class: 9654K(10368K)->9654K(10368K)
[1183.224s][info][gc             ] GC(418) Pause Young (Allocation Failure) 1447M->99M(4075M) 2.387ms
[1183.224s][info][gc,cpu         ] GC(418) User=0.00s Sys=0.00s Real=0.00s
[1185.400s][info][gc,start       ] GC(419) Pause Young (Allocation Failure)
[1185.403s][info][gc,heap        ] GC(419) PSYoungGen: 1370541K(1376256K)->6182K(1381888K) Eden: 1366016K(1366016K)->0K(1366016K) From: 4525K(10240K)->6182K(15872K)
[1185.403s][info][gc,heap        ] GC(419) ParOldGen: 97436K(2796544K)->100621K(2796544K)
[1185.403s][info][gc,metaspace   ] GC(419) Metaspace: 80083K(81408K)->80083K(81408K) NonClass: 70429K(71040K)->70429K(71040K) Class: 9654K(10368K)->9654K(10368K)
[1185.403s][info][gc             ] GC(419) Pause Young (Allocation Failure) 1433M->104M(4080M) 3.052ms
[1185.404s][info][gc,cpu         ] GC(419) User=0.00s Sys=0.00s Real=0.00s
[1190.060s][info][gc,start       ] GC(420) Pause Young (Allocation Failure)
[1190.064s][info][gc,heap        ] GC(420) PSYoungGen: 1372198K(1381888K)->8779K(1382912K) Eden: 1366016K(1366016K)->0K(1367552K) From: 6182K(15872K)->8779K(15360K)
[1190.064s][info][gc,heap        ] GC(420) ParOldGen: 100621K(2796544K)->104831K(2796544K)
[1190.064s][info][gc,metaspace   ] GC(420) Metaspace: 80083K(81408K)->80083K(81408K) NonClass: 70429K(71040K)->70429K(71040K) Class: 9654K(10368K)->9654K(10368K)
[1190.064s][info][gc             ] GC(420) Pause Young (Allocation Failure) 1438M->110M(4081M) 3.684ms
[1190.064s][info][gc,cpu         ] GC(420) User=0.00s Sys=0.00s Real=0.01s
[1192.604s][info][gc,start       ] GC(421) Pause Young (Allocation Failure)
[1192.607s][info][gc,heap        ] GC(421) PSYoungGen: 1376331K(1382912K)->5801K(1382400K) Eden: 1367552K(1367552K)->0K(1367552K) From: 8779K(15360K)->5801K(14848K)
[1192.607s][info][gc,heap        ] GC(421) ParOldGen: 104831K(2796544K)->108952K(2796544K)
[1192.607s][info][gc,metaspace   ] GC(421) Metaspace: 80083K(81408K)->80083K(81408K) NonClass: 70429K(71040K)->70429K(71040K) Class: 9654K(10368K)->9654K(10368K)
[1192.607s][info][gc             ] GC(421) Pause Young (Allocation Failure) 1446M->112M(4081M) 3.070ms
[1192.607s][info][gc,cpu         ] GC(421) User=0.00s Sys=0.00s Real=0.00s
[1196.412s][info][gc,start       ] GC(422) Pause Young (Allocation Failure)
[1196.416s][info][gc,heap        ] GC(422) PSYoungGen: 1370845K(1382400K)->10002K(1382400K) Eden: 1365044K(1367552K)->0K(1368064K) From: 5801K(14848K)->10002K(14336K)
[1196.416s][info][gc,heap        ] GC(422) ParOldGen: 108952K(2796544K)->112495K(2796544K)
[1196.416s][info][gc,metaspace   ] GC(422) Metaspace: 80083K(81408K)->80083K(81408K) NonClass: 70429K(71040K)->70429K(71040K) Class: 9654K(10368K)->9654K(10368K)
[1196.416s][info][gc             ] GC(422) Pause Young (Allocation Failure) 1445M->119M(4081M) 3.266ms
[1196.416s][info][gc,cpu         ] GC(422) User=0.00s Sys=0.00s Real=0.00s
[1199.395s][info][gc,start       ] GC(423) Pause Young (Allocation Failure)
[1199.397s][info][gc,heap        ] GC(423) PSYoungGen: 1375590K(1382400K)->6447K(1382912K) Eden: 1365587K(1368064K)->0K(1368064K) From: 10002K(14336K)->6447K(14848K)
[1199.397s][info][gc,heap        ] GC(423) ParOldGen: 112495K(2796544K)->114917K(2796544K)
[1199.397s][info][gc,metaspace   ] GC(423) Metaspace: 80083K(81408K)->80083K(81408K) NonClass: 70429K(71040K)->70429K(71040K) Class: 9654K(10368K)->9654K(10368K)
[1199.398s][info][gc             ] GC(423) Pause Young (Allocation Failure) 1453M->118M(4081M) 2.930ms
[1199.398s][info][gc,cpu         ] GC(423) User=0.02s Sys=0.00s Real=0.02s
[1202.315s][info][gc,start       ] GC(424) Pause Young (Allocation Failure)
[1202.318s][info][gc,heap        ] GC(424) PSYoungGen: 1374511K(1382912K)->5876K(1383936K) Eden: 1368064K(1368064K)->0K(1369600K) From: 6447K(14848K)->5876K(14336K)
[1202.318s][info][gc,heap        ] GC(424) ParOldGen: 114917K(2796544K)->120097K(2796544K)
[1202.318s][info][gc,metaspace   ] GC(424) Metaspace: 80083K(81408K)->80083K(81408K) NonClass: 70429K(71040K)->70429K(71040K) Class: 9654K(10368K)->9654K(10368K)
[1202.318s][info][gc             ] GC(424) Pause Young (Allocation Failure) 1454M->123M(4082M) 3.315ms
[1202.318s][info][gc,cpu         ] GC(424) User=0.00s Sys=0.00s Real=0.00s
[1204.535s][info][gc,start       ] GC(425) Pause Young (Allocation Failure)
[1204.538s][info][gc,heap        ] GC(425) PSYoungGen: 1375476K(1383936K)->6825K(1383424K) Eden: 1369600K(1369600K)->0K(1369600K) From: 5876K(14336K)->6825K(13824K)
[1204.538s][info][gc,heap        ] GC(425) ParOldGen: 120097K(2796544K)->124025K(2796544K)
[1204.538s][info][gc,metaspace   ] GC(425) Metaspace: 80083K(81408K)->80083K(81408K) NonClass: 70429K(71040K)->70429K(71040K) Class: 9654K(10368K)->9654K(10368K)
[1204.538s][info][gc             ] GC(425) Pause Young (Allocation Failure) 1460M->127M(4082M) 3.318ms
[1204.538s][info][gc,cpu         ] GC(425) User=0.00s Sys=0.00s Real=0.00s
[1207.035s][info][gc,start       ] GC(426) Pause Young (Allocation Failure)
[1207.038s][info][gc,heap        ] GC(426) PSYoungGen: 1376425K(1383424K)->6315K(1384960K) Eden: 1369600K(1369600K)->0K(1371648K) From: 6825K(13824K)->6315K(13312K)
[1207.038s][info][gc,heap        ] GC(426) ParOldGen: 124025K(2796544K)->129061K(2796544K)
[1207.038s][info][gc,metaspace   ] GC(426) Metaspace: 80106K(81408K)->80106K(81408K) NonClass: 70451K(71040K)->70451K(71040K) Class: 9654K(10368K)->9654K(10368K)
[1207.038s][info][gc             ] GC(426) Pause Young (Allocation Failure) 1465M->132M(4083M) 3.412ms
[1207.039s][info][gc,cpu         ] GC(426) User=0.00s Sys=0.00s Real=0.00s
[1210.130s][info][gc,start       ] GC(427) Pause Young (System.gc())
[1210.133s][info][gc,heap        ] GC(427) PSYoungGen: 1328197K(1384960K)->3711K(1384448K) Eden: 1321882K(1371648K)->0K(1371648K) From: 6315K(13312K)->3711K(12800K)
[1210.133s][info][gc,heap        ] GC(427) ParOldGen: 129061K(2796544K)->133813K(2796544K)
[1210.133s][info][gc,metaspace   ] GC(427) Metaspace: 80114K(81408K)->80114K(81408K) NonClass: 70458K(71040K)->70458K(71040K) Class: 9655K(10368K)->9655K(10368K)
[1210.133s][info][gc             ] GC(427) Pause Young (System.gc()) 1423M->134M(4083M) 2.713ms
[1210.133s][info][gc,cpu         ] GC(427) User=0.00s Sys=0.00s Real=0.00s
[1210.133s][info][gc,start       ] GC(428) Pause Full (System.gc())
[1210.133s][info][gc,phases,start] GC(428) Marking Phase
[1210.155s][info][gc,phases      ] GC(428) Marking Phase 22.286ms
[1210.155s][info][gc,phases,start] GC(428) Summary Phase
[1210.155s][info][gc,phases      ] GC(428) Summary Phase 0.011ms
[1210.155s][info][gc,phases,start] GC(428) Adjust Roots
[1210.162s][info][gc,phases      ] GC(428) Adjust Roots 6.331ms
[1210.162s][info][gc,phases,start] GC(428) Compaction Phase
[1210.176s][info][gc,phases      ] GC(428) Compaction Phase 14.514ms
[1210.176s][info][gc,phases,start] GC(428) Post Compact
[1210.178s][info][gc,phases      ] GC(428) Post Compact 1.272ms
[1210.178s][info][gc,heap        ] GC(428) PSYoungGen: 3711K(1384448K)->0K(1384448K) Eden: 0K(1371648K)->0K(1371648K) From: 3711K(12800K)->0K(12800K)
[1210.178s][info][gc,heap        ] GC(428) ParOldGen: 133813K(2796544K)->81813K(2796544K)
[1210.178s][info][gc,metaspace   ] GC(428) Metaspace: 80114K(81408K)->80114K(81408K) NonClass: 70458K(71040K)->70458K(71040K) Class: 9655K(10368K)->9655K(10368K)
[1210.178s][info][gc             ] GC(428) Pause Full (System.gc()) 134M->79M(4083M) 44.686ms
[1210.178s][info][gc,cpu         ] GC(428) User=0.03s Sys=0.00s Real=0.05s
[1213.424s][info][gc,start       ] GC(429) Pause Young (Allocation Failure)
[1213.426s][info][gc,heap        ] GC(429) PSYoungGen: 1371648K(1384448K)->5266K(1384960K) Eden: 1371648K(1371648K)->0K(1372160K) From: 0K(12800K)->5266K(12800K)
[1213.426s][info][gc,heap        ] GC(429) ParOldGen: 81813K(2796544K)->81813K(2796544K)
[1213.426s][info][gc,metaspace   ] GC(429) Metaspace: 80114K(81408K)->80114K(81408K) NonClass: 70458K(71040K)->70458K(71040K) Class: 9655K(10368K)->9655K(10368K)
[1213.426s][info][gc             ] GC(429) Pause Young (Allocation Failure) 1419M->85M(4083M) 2.280ms
[1213.426s][info][gc,cpu         ] GC(429) User=0.00s Sys=0.00s Real=0.00s
[1216.270s][info][gc,start       ] GC(430) Pause Young (Allocation Failure)
[1216.273s][info][gc,heap        ] GC(430) PSYoungGen: 1375770K(1384960K)->11023K(1383424K) Eden: 1370504K(1372160K)->0K(1372160K) From: 5266K(12800K)->11023K(11264K)
[1216.273s][info][gc,heap        ] GC(430) ParOldGen: 81813K(2796544K)->85881K(2796544K)
[1216.273s][info][gc,metaspace   ] GC(430) Metaspace: 80114K(81408K)->80114K(81408K) NonClass: 70458K(71040K)->70458K(71040K) Class: 9655K(10368K)->9655K(10368K)
[1216.273s][info][gc             ] GC(430) Pause Young (Allocation Failure) 1423M->94M(4082M) 3.246ms
[1216.273s][info][gc,cpu         ] GC(430) User=0.00s Sys=0.00s Real=0.00s
[1220.490s][info][gc,start       ] GC(431) Pause Young (Allocation Failure)
[1220.492s][info][gc,heap        ] GC(431) PSYoungGen: 1383183K(1383424K)->4771K(1384448K) Eden: 1372160K(1372160K)->0K(1370624K) From: 11023K(11264K)->4771K(13824K)
[1220.492s][info][gc,heap        ] GC(431) ParOldGen: 85881K(2796544K)->88517K(2796544K)
[1220.492s][info][gc,metaspace   ] GC(431) Metaspace: 80114K(81408K)->80114K(81408K) NonClass: 70458K(71040K)->70458K(71040K) Class: 9655K(10368K)->9655K(10368K)
[1220.492s][info][gc             ] GC(431) Pause Young (Allocation Failure) 1434M->91M(4083M) 2.678ms
[1220.492s][info][gc,cpu         ] GC(431) User=0.00s Sys=0.00s Real=0.00s
[1222.788s][info][gc,start       ] GC(432) Pause Young (Allocation Failure)
[1222.791s][info][gc,heap        ] GC(432) PSYoungGen: 1375395K(1384448K)->5907K(1383936K) Eden: 1370624K(1370624K)->0K(1370624K) From: 4771K(13824K)->5907K(13312K)
[1222.791s][info][gc,heap        ] GC(432) ParOldGen: 88517K(2796544K)->91685K(2796544K)
[1222.791s][info][gc,metaspace   ] GC(432) Metaspace: 80114K(81408K)->80114K(81408K) NonClass: 70459K(71040K)->70459K(71040K) Class: 9655K(10368K)->9655K(10368K)
[1222.791s][info][gc             ] GC(432) Pause Young (Allocation Failure) 1429M->95M(4082M) 3.067ms
[1222.791s][info][gc,cpu         ] GC(432) User=0.02s Sys=0.00s Real=0.01s
[1227.500s][info][gc,start       ] GC(433) Pause Young (Allocation Failure)
[1227.503s][info][gc,heap        ] GC(433) PSYoungGen: 1376531K(1383936K)->6363K(1385472K) Eden: 1370624K(1370624K)->0K(1372672K) From: 5907K(13312K)->6363K(12800K)
[1227.503s][info][gc,heap        ] GC(433) ParOldGen: 91685K(2796544K)->95908K(2796544K)
[1227.503s][info][gc,metaspace   ] GC(433) Metaspace: 80114K(81408K)->80114K(81408K) NonClass: 70459K(71040K)->70459K(71040K) Class: 9655K(10368K)->9655K(10368K)
[1227.503s][info][gc             ] GC(433) Pause Young (Allocation Failure) 1433M->99M(4084M) 3.346ms
[1227.503s][info][gc,cpu         ] GC(433) User=0.00s Sys=0.00s Real=0.00s
[1230.075s][info][gc,start       ] GC(434) Pause Young (Allocation Failure)
[1230.078s][info][gc,heap        ] GC(434) PSYoungGen: 1379035K(1385472K)->5390K(1384960K) Eden: 1372672K(1372672K)->0K(1372672K) From: 6363K(12800K)->5390K(12288K)
[1230.078s][info][gc,heap        ] GC(434) ParOldGen: 95908K(2796544K)->99933K(2796544K)
[1230.078s][info][gc,metaspace   ] GC(434) Metaspace: 80114K(81408K)->80114K(81408K) NonClass: 70459K(71040K)->70459K(71040K) Class: 9655K(10368K)->9655K(10368K)
[1230.078s][info][gc             ] GC(434) Pause Young (Allocation Failure) 1440M->102M(4083M) 2.679ms
[1230.078s][info][gc,cpu         ] GC(434) User=0.00s Sys=0.00s Real=0.00s
[1233.943s][info][gc,start       ] GC(435) Pause Young (Allocation Failure)
[1233.946s][info][gc,heap        ] GC(435) PSYoungGen: 1374357K(1384960K)->9862K(1384448K) Eden: 1368967K(1372672K)->0K(1372160K) From: 5390K(12288K)->9862K(12288K)
[1233.946s][info][gc,heap        ] GC(435) ParOldGen: 99933K(2796544K)->103585K(2796544K)
[1233.946s][info][gc,metaspace   ] GC(435) Metaspace: 80114K(81408K)->80114K(81408K) NonClass: 70459K(71040K)->70459K(71040K) Class: 9655K(10368K)->9655K(10368K)
[1233.946s][info][gc             ] GC(435) Pause Young (Allocation Failure) 1439M->110M(4083M) 3.247ms
[1233.946s][info][gc,cpu         ] GC(435) User=0.00s Sys=0.00s Real=0.00s
[1236.976s][info][gc,start       ] GC(436) Pause Young (Allocation Failure)
[1236.979s][info][gc,heap        ] GC(436) PSYoungGen: 1379927K(1384448K)->6304K(1384960K) Eden: 1370065K(1372160K)->0K(1372160K) From: 9862K(12288K)->6304K(12800K)
[1236.979s][info][gc,heap        ] GC(436) ParOldGen: 103585K(2796544K)->106040K(2796544K)
[1236.979s][info][gc,metaspace   ] GC(436) Metaspace: 80114K(81408K)->80114K(81408K) NonClass: 70459K(71040K)->70459K(71040K) Class: 9655K(10368K)->9655K(10368K)
[1236.979s][info][gc             ] GC(436) Pause Young (Allocation Failure) 1448M->109M(4083M) 2.647ms
[1236.979s][info][gc,cpu         ] GC(436) User=0.00s Sys=0.00s Real=0.00s
[1239.953s][info][gc,start       ] GC(437) Pause Young (Allocation Failure)
[1239.956s][info][gc,heap        ] GC(437) PSYoungGen: 1378464K(1384960K)->5460K(1385472K) Eden: 1372160K(1372160K)->0K(1373184K) From: 6304K(12800K)->5460K(12288K)
[1239.956s][info][gc,heap        ] GC(437) ParOldGen: 106040K(2796544K)->111354K(2796544K)
[1239.956s][info][gc,metaspace   ] GC(437) Metaspace: 80115K(81408K)->80115K(81408K) NonClass: 70459K(71040K)->70459K(71040K) Class: 9656K(10368K)->9656K(10368K)
[1239.956s][info][gc             ] GC(437) Pause Young (Allocation Failure) 1449M->114M(4084M) 3.146ms
[1239.956s][info][gc,cpu         ] GC(437) User=0.00s Sys=0.00s Real=0.00s
[1242.181s][info][gc,start       ] GC(438) Pause Young (Allocation Failure)
[1242.184s][info][gc,heap        ] GC(438) PSYoungGen: 1378644K(1385472K)->6699K(1385472K) Eden: 1373184K(1373184K)->0K(1373184K) From: 5460K(12288K)->6699K(12288K)
[1242.184s][info][gc,heap        ] GC(438) ParOldGen: 111354K(2796544K)->115296K(2796544K)
[1242.184s][info][gc,metaspace   ] GC(438) Metaspace: 80115K(81408K)->80115K(81408K) NonClass: 70459K(71040K)->70459K(71040K) Class: 9656K(10368K)->9656K(10368K)
[1242.184s][info][gc             ] GC(438) Pause Young (Allocation Failure) 1455M->119M(4084M) 3.277ms
[1242.184s][info][gc,cpu         ] GC(438) User=0.00s Sys=0.00s Real=0.00s
[1244.581s][info][gc,start       ] GC(439) Pause Young (Allocation Failure)
[1244.585s][info][gc,heap        ] GC(439) PSYoungGen: 1379883K(1385472K)->6058K(1386496K) Eden: 1373184K(1373184K)->0K(1374720K) From: 6699K(12288K)->6058K(11776K)
[1244.585s][info][gc,heap        ] GC(439) ParOldGen: 115296K(2796544K)->120392K(2796544K)
[1244.585s][info][gc,metaspace   ] GC(439) Metaspace: 80115K(81408K)->80115K(81408K) NonClass: 70459K(71040K)->70459K(71040K) Class: 9656K(10368K)->9656K(10368K)
[1244.585s][info][gc             ] GC(439) Pause Young (Allocation Failure) 1460M->123M(4085M) 3.347ms
[1244.585s][info][gc,cpu         ] GC(439) User=0.00s Sys=0.02s Real=0.00s
[1247.680s][info][gc,start       ] GC(440) Pause Young (System.gc())
[1247.683s][info][gc,heap        ] GC(440) PSYoungGen: 1320810K(1386496K)->3735K(1385984K) Eden: 1314751K(1374720K)->0K(1374720K) From: 6058K(11776K)->3735K(11264K)
[1247.683s][info][gc,heap        ] GC(440) ParOldGen: 120392K(2796544K)->125156K(2796544K)
[1247.683s][info][gc,metaspace   ] GC(440) Metaspace: 80116K(81408K)->80116K(81408K) NonClass: 70460K(71040K)->70460K(71040K) Class: 9656K(10368K)->9656K(10368K)
[1247.683s][info][gc             ] GC(440) Pause Young (System.gc()) 1407M->125M(4084M) 2.723ms
[1247.683s][info][gc,cpu         ] GC(440) User=0.00s Sys=0.00s Real=0.00s
[1247.683s][info][gc,start       ] GC(441) Pause Full (System.gc())
[1247.683s][info][gc,phases,start] GC(441) Marking Phase
[1247.702s][info][gc,phases      ] GC(441) Marking Phase 18.727ms
[1247.702s][info][gc,phases,start] GC(441) Summary Phase
[1247.702s][info][gc,phases      ] GC(441) Summary Phase 0.010ms
[1247.702s][info][gc,phases,start] GC(441) Adjust Roots
[1247.708s][info][gc,phases      ] GC(441) Adjust Roots 5.766ms
[1247.708s][info][gc,phases,start] GC(441) Compaction Phase
[1247.720s][info][gc,phases      ] GC(441) Compaction Phase 12.326ms
[1247.720s][info][gc,phases,start] GC(441) Post Compact
[1247.721s][info][gc,phases      ] GC(441) Post Compact 1.200ms
[1247.722s][info][gc,heap        ] GC(441) PSYoungGen: 3735K(1385984K)->0K(1385984K) Eden: 0K(1374720K)->0K(1374720K) From: 3735K(11264K)->0K(11264K)
[1247.722s][info][gc,heap        ] GC(441) ParOldGen: 125156K(2796544K)->81996K(2796544K)
[1247.722s][info][gc,metaspace   ] GC(441) Metaspace: 80116K(81408K)->80116K(81408K) NonClass: 70460K(71040K)->70460K(71040K) Class: 9656K(10368K)->9656K(10368K)
[1247.722s][info][gc             ] GC(441) Pause Full (System.gc()) 125M->80M(4084M) 38.323ms
[1247.722s][info][gc,cpu         ] GC(441) User=0.03s Sys=0.00s Real=0.05s
[1250.976s][info][gc,start       ] GC(442) Pause Young (Allocation Failure)
[1250.978s][info][gc,heap        ] GC(442) PSYoungGen: 1374720K(1385984K)->5122K(1386496K) Eden: 1374720K(1374720K)->0K(1375232K) From: 0K(11264K)->5122K(11264K)
[1250.978s][info][gc,heap        ] GC(442) ParOldGen: 81996K(2796544K)->81996K(2796544K)
[1250.978s][info][gc,metaspace   ] GC(442) Metaspace: 80116K(81408K)->80116K(81408K) NonClass: 70460K(71040K)->70460K(71040K) Class: 9656K(10368K)->9656K(10368K)
[1250.978s][info][gc             ] GC(442) Pause Young (Allocation Failure) 1422M->85M(4085M) 2.158ms
[1250.978s][info][gc,cpu         ] GC(442) User=0.00s Sys=0.00s Real=0.00s
[1253.720s][info][gc,start       ] GC(443) Pause Young (Allocation Failure)
[1253.724s][info][gc,heap        ] GC(443) PSYoungGen: 1378341K(1386496K)->11243K(1386496K) Eden: 1373218K(1375232K)->0K(1375232K) From: 5122K(11264K)->11243K(11264K)
[1253.724s][info][gc,heap        ] GC(443) ParOldGen: 81996K(2796544K)->90200K(2796544K)
[1253.724s][info][gc,metaspace   ] GC(443) Metaspace: 80116K(81408K)->80116K(81408K) NonClass: 70460K(71040K)->70460K(71040K) Class: 9656K(10368K)->9656K(10368K)
[1253.724s][info][gc             ] GC(443) Pause Young (Allocation Failure) 1426M->99M(4085M) 4.372ms
[1253.724s][info][gc,cpu         ] GC(443) User=0.00s Sys=0.00s Real=0.00s
[1257.956s][info][gc,start       ] GC(444) Pause Young (Allocation Failure)
[1257.959s][info][gc,heap        ] GC(444) PSYoungGen: 1386475K(1386496K)->5904K(1379328K) Eden: 1375232K(1375232K)->0K(1368064K) From: 11243K(11264K)->5904K(11264K)
[1257.959s][info][gc,heap        ] GC(444) ParOldGen: 90200K(2796544K)->92937K(2796544K)
[1257.959s][info][gc,metaspace   ] GC(444) Metaspace: 80116K(81408K)->80116K(81408K) NonClass: 70460K(71040K)->70460K(71040K) Class: 9656K(10368K)->9656K(10368K)
[1257.959s][info][gc             ] GC(444) Pause Young (Allocation Failure) 1442M->96M(4078M) 2.854ms
[1257.959s][info][gc,cpu         ] GC(444) User=0.00s Sys=0.00s Real=0.00s
[1260.217s][info][gc,start       ] GC(445) Pause Young (Allocation Failure)
[1260.220s][info][gc,heap        ] GC(445) PSYoungGen: 1373968K(1379328K)->6048K(1382912K) Eden: 1368064K(1368064K)->0K(1368064K) From: 5904K(11264K)->6048K(14848K)
[1260.220s][info][gc,heap        ] GC(445) ParOldGen: 92937K(2796544K)->96127K(2796544K)
[1260.220s][info][gc,metaspace   ] GC(445) Metaspace: 80117K(81408K)->80117K(81408K) NonClass: 70460K(71040K)->70460K(71040K) Class: 9656K(10368K)->9656K(10368K)
[1260.220s][info][gc             ] GC(445) Pause Young (Allocation Failure) 1432M->99M(4081M) 3.144ms
[1260.220s][info][gc,cpu         ] GC(445) User=0.00s Sys=0.00s Real=0.00s
[1264.910s][info][gc,start       ] GC(446) Pause Young (Allocation Failure)
[1264.914s][info][gc,heap        ] GC(446) PSYoungGen: 1374112K(1382912K)->6785K(1383936K) Eden: 1368064K(1368064K)->0K(1369600K) From: 6048K(14848K)->6785K(14336K)
[1264.914s][info][gc,heap        ] GC(446) ParOldGen: 96127K(2796544K)->100338K(2796544K)
[1264.914s][info][gc,metaspace   ] GC(446) Metaspace: 80117K(81408K)->80117K(81408K) NonClass: 70460K(71040K)->70460K(71040K) Class: 9656K(10368K)->9656K(10368K)
[1264.914s][info][gc             ] GC(446) Pause Young (Allocation Failure) 1435M->104M(4082M) 3.221ms
[1264.914s][info][gc,cpu         ] GC(446) User=0.00s Sys=0.00s Real=0.00s
[1267.477s][info][gc,start       ] GC(447) Pause Young (Allocation Failure)
[1267.480s][info][gc,heap        ] GC(447) PSYoungGen: 1376385K(1383936K)->5410K(1383424K) Eden: 1369600K(1369600K)->0K(1369600K) From: 6785K(14336K)->5410K(13824K)
[1267.480s][info][gc,heap        ] GC(447) ParOldGen: 100338K(2796544K)->104448K(2796544K)
[1267.480s][info][gc,metaspace   ] GC(447) Metaspace: 80117K(81408K)->80117K(81408K) NonClass: 70460K(71040K)->70460K(71040K) Class: 9656K(10368K)->9656K(10368K)
[1267.480s][info][gc             ] GC(447) Pause Young (Allocation Failure) 1442M->107M(4082M) 2.810ms
[1267.480s][info][gc,cpu         ] GC(447) User=0.00s Sys=0.00s Real=0.00s
[1271.408s][info][gc,start       ] GC(448) Pause Young (Allocation Failure)
[1271.411s][info][gc,heap        ] GC(448) PSYoungGen: 1373660K(1383424K)->9810K(1383424K) Eden: 1368250K(1369600K)->0K(1370112K) From: 5410K(13824K)->9810K(13312K)
[1271.412s][info][gc,heap        ] GC(448) ParOldGen: 104448K(2796544K)->108071K(2796544K)
[1271.412s][info][gc,metaspace   ] GC(448) Metaspace: 80117K(81408K)->80117K(81408K) NonClass: 70460K(71040K)->70460K(71040K) Class: 9656K(10368K)->9656K(10368K)
[1271.412s][info][gc             ] GC(448) Pause Young (Allocation Failure) 1443M->115M(4082M) 3.948ms
[1271.412s][info][gc,cpu         ] GC(448) User=0.00s Sys=0.00s Real=0.00s
[1274.401s][info][gc,start       ] GC(449) Pause Young (Allocation Failure)
[1274.404s][info][gc,heap        ] GC(449) PSYoungGen: 1379922K(1383424K)->6255K(1383936K) Eden: 1370112K(1370112K)->0K(1370112K) From: 9810K(13312K)->6255K(13824K)
[1274.404s][info][gc,heap        ] GC(449) ParOldGen: 108071K(2796544K)->110512K(2796544K)
[1274.404s][info][gc,metaspace   ] GC(449) Metaspace: 80117K(81408K)->80117K(81408K) NonClass: 70460K(71040K)->70460K(71040K) Class: 9656K(10368K)->9656K(10368K)
[1274.404s][info][gc             ] GC(449) Pause Young (Allocation Failure) 1453M->114M(4082M) 2.662ms
[1274.404s][info][gc,cpu         ] GC(449) User=0.00s Sys=0.00s Real=0.00s
[1277.323s][info][gc,start       ] GC(450) Pause Young (Allocation Failure)
[1277.326s][info][gc,heap        ] GC(450) PSYoungGen: 1376367K(1383936K)->5884K(1384448K) Eden: 1370112K(1370112K)->0K(1371136K) From: 6255K(13824K)->5884K(13312K)
[1277.326s][info][gc,heap        ] GC(450) ParOldGen: 110512K(2796544K)->115659K(2796544K)
[1277.326s][info][gc,metaspace   ] GC(450) Metaspace: 80117K(81408K)->80117K(81408K) NonClass: 70460K(71040K)->70460K(71040K) Class: 9656K(10368K)->9656K(10368K)
[1277.326s][info][gc             ] GC(450) Pause Young (Allocation Failure) 1452M->118M(4083M) 3.348ms
[1277.326s][info][gc,cpu         ] GC(450) User=0.00s Sys=0.00s Real=0.00s
[1279.551s][info][gc,start       ] GC(451) Pause Young (Allocation Failure)
[1279.554s][info][gc,heap        ] GC(451) PSYoungGen: 1377020K(1384448K)->6562K(1384448K) Eden: 1371136K(1371136K)->0K(1371136K) From: 5884K(13312K)->6562K(13312K)
[1279.554s][info][gc,heap        ] GC(451) ParOldGen: 115659K(2796544K)->119578K(2796544K)
[1279.554s][info][gc,metaspace   ] GC(451) Metaspace: 80117K(81408K)->80117K(81408K) NonClass: 70460K(71040K)->70460K(71040K) Class: 9656K(10368K)->9656K(10368K)
[1279.554s][info][gc             ] GC(451) Pause Young (Allocation Failure) 1457M->123M(4083M) 3.039ms
[1279.554s][info][gc,cpu         ] GC(451) User=0.00s Sys=0.00s Real=0.00s
[1281.941s][info][gc,start       ] GC(452) Pause Young (Allocation Failure)
[1281.944s][info][gc,heap        ] GC(452) PSYoungGen: 1377698K(1384448K)->5907K(1385472K) Eden: 1371136K(1371136K)->0K(1372672K) From: 6562K(13312K)->5907K(12800K)
[1281.945s][info][gc,heap        ] GC(452) ParOldGen: 119578K(2796544K)->124595K(2796544K)
[1281.945s][info][gc,metaspace   ] GC(452) Metaspace: 80117K(81408K)->80117K(81408K) NonClass: 70460K(71040K)->70460K(71040K) Class: 9656K(10368K)->9656K(10368K)
[1281.945s][info][gc             ] GC(452) Pause Young (Allocation Failure) 1462M->127M(4084M) 3.603ms
[1281.945s][info][gc,cpu         ] GC(452) User=0.00s Sys=0.00s Real=0.00s
[1285.069s][info][gc,start       ] GC(453) Pause Young (System.gc())
[1285.072s][info][gc,heap        ] GC(453) PSYoungGen: 1327870K(1385472K)->3571K(1384960K) Eden: 1321963K(1372672K)->0K(1372672K) From: 5907K(12800K)->3571K(12288K)
[1285.072s][info][gc,heap        ] GC(453) ParOldGen: 124595K(2796544K)->129363K(2796544K)
[1285.072s][info][gc,metaspace   ] GC(453) Metaspace: 80117K(81408K)->80117K(81408K) NonClass: 70461K(71040K)->70461K(71040K) Class: 9656K(10368K)->9656K(10368K)
[1285.072s][info][gc             ] GC(453) Pause Young (System.gc()) 1418M->129M(4083M) 3.287ms
[1285.072s][info][gc,cpu         ] GC(453) User=0.02s Sys=0.00s Real=0.02s
[1285.072s][info][gc,start       ] GC(454) Pause Full (System.gc())
[1285.072s][info][gc,phases,start] GC(454) Marking Phase
[1285.091s][info][gc,phases      ] GC(454) Marking Phase 18.435ms
[1285.091s][info][gc,phases,start] GC(454) Summary Phase
[1285.091s][info][gc,phases      ] GC(454) Summary Phase 0.010ms
[1285.091s][info][gc,phases,start] GC(454) Adjust Roots
[1285.097s][info][gc,phases      ] GC(454) Adjust Roots 5.887ms
[1285.097s][info][gc,phases,start] GC(454) Compaction Phase
[1285.109s][info][gc,phases      ] GC(454) Compaction Phase 11.837ms
[1285.109s][info][gc,phases,start] GC(454) Post Compact
[1285.110s][info][gc,phases      ] GC(454) Post Compact 1.219ms
[1285.110s][info][gc,heap        ] GC(454) PSYoungGen: 3571K(1384960K)->0K(1384960K) Eden: 0K(1372672K)->0K(1372672K) From: 3571K(12288K)->0K(12288K)
[1285.110s][info][gc,heap        ] GC(454) ParOldGen: 129363K(2796544K)->81701K(2796544K)
[1285.110s][info][gc,metaspace   ] GC(454) Metaspace: 80117K(81408K)->80117K(81408K) NonClass: 70461K(71040K)->70461K(71040K) Class: 9656K(10368K)->9656K(10368K)
[1285.110s][info][gc             ] GC(454) Pause Full (System.gc()) 129M->79M(4083M) 37.687ms
[1285.110s][info][gc,cpu         ] GC(454) User=0.02s Sys=0.00s Real=0.03s
[1288.328s][info][gc,start       ] GC(455) Pause Young (Allocation Failure)
[1288.330s][info][gc,heap        ] GC(455) PSYoungGen: 1372672K(1384960K)->5027K(1385984K) Eden: 1372672K(1372672K)->0K(1373696K) From: 0K(12288K)->5027K(12288K)
[1288.331s][info][gc,heap        ] GC(455) ParOldGen: 81701K(2796544K)->81701K(2796544K)
[1288.331s][info][gc,metaspace   ] GC(455) Metaspace: 80117K(81408K)->80117K(81408K) NonClass: 70461K(71040K)->70461K(71040K) Class: 9656K(10368K)->9656K(10368K)
[1288.331s][info][gc             ] GC(455) Pause Young (Allocation Failure) 1420M->84M(4084M) 2.266ms
[1288.331s][info][gc,cpu         ] GC(455) User=0.00s Sys=0.00s Real=0.00s
[1291.090s][info][gc,start       ] GC(456) Pause Young (Allocation Failure)
[1291.094s][info][gc,heap        ] GC(456) PSYoungGen: 1376868K(1385984K)->11745K(1385472K) Eden: 1371840K(1373696K)->0K(1373696K) From: 5027K(12288K)->11745K(11776K)
[1291.094s][info][gc,heap        ] GC(456) ParOldGen: 81701K(2796544K)->93093K(2796544K)
[1291.094s][info][gc,metaspace   ] GC(456) Metaspace: 80117K(81408K)->80117K(81408K) NonClass: 70461K(71040K)->70461K(71040K) Class: 9656K(10368K)->9656K(10368K)
[1291.094s][info][gc             ] GC(456) Pause Young (Allocation Failure) 1424M->102M(4084M) 4.176ms
[1291.094s][info][gc,cpu         ] GC(456) User=0.00s Sys=0.00s Real=0.00s
[1295.213s][info][gc,start       ] GC(457) Pause Young (Allocation Failure)
[1295.216s][info][gc,heap        ] GC(457) PSYoungGen: 1385441K(1385472K)->4941K(1375232K) Eden: 1373696K(1373696K)->0K(1362944K) From: 11745K(11776K)->4941K(12288K)
[1295.216s][info][gc,heap        ] GC(457) ParOldGen: 93093K(2796544K)->95376K(2796544K)
[1295.216s][info][gc,metaspace   ] GC(457) Metaspace: 80134K(81408K)->80134K(81408K) NonClass: 70478K(71040K)->70478K(71040K) Class: 9656K(10368K)->9656K(10368K)
[1295.216s][info][gc             ] GC(457) Pause Young (Allocation Failure) 1443M->97M(4074M) 2.522ms
[1295.216s][info][gc,cpu         ] GC(457) User=0.00s Sys=0.00s Real=0.00s
[1297.517s][info][gc,start       ] GC(458) Pause Young (Allocation Failure)
[1297.520s][info][gc,heap        ] GC(458) PSYoungGen: 1367885K(1375232K)->5930K(1380352K) Eden: 1362944K(1362944K)->0K(1362944K) From: 4941K(12288K)->5930K(17408K)
[1297.520s][info][gc,heap        ] GC(458) ParOldGen: 95376K(2796544K)->98596K(2796544K)
[1297.520s][info][gc,metaspace   ] GC(458) Metaspace: 80134K(81408K)->80134K(81408K) NonClass: 70478K(71040K)->70478K(71040K) Class: 9656K(10368K)->9656K(10368K)
[1297.520s][info][gc             ] GC(458) Pause Young (Allocation Failure) 1428M->102M(4079M) 3.109ms
[1297.520s][info][gc,cpu         ] GC(458) User=0.00s Sys=0.00s Real=0.00s
[1302.293s][info][gc,start       ] GC(459) Pause Young (Allocation Failure)
[1302.296s][info][gc,heap        ] GC(459) PSYoungGen: 1368874K(1380352K)->5589K(1381888K) Eden: 1362944K(1362944K)->0K(1364992K) From: 5930K(17408K)->5589K(16896K)
[1302.296s][info][gc,heap        ] GC(459) ParOldGen: 98596K(2796544K)->102801K(2796544K)
[1302.296s][info][gc,metaspace   ] GC(459) Metaspace: 80134K(81408K)->80134K(81408K) NonClass: 70478K(71040K)->70478K(71040K) Class: 9656K(10368K)->9656K(10368K)
[1302.296s][info][gc             ] GC(459) Pause Young (Allocation Failure) 1433M->105M(4080M) 3.107ms
[1302.296s][info][gc,cpu         ] GC(459) User=0.00s Sys=0.00s Real=0.00s
[1304.742s][info][gc,start       ] GC(460) Pause Young (Allocation Failure)
[1304.745s][info][gc,heap        ] GC(460) PSYoungGen: 1370576K(1381888K)->5586K(1380864K) Eden: 1364986K(1364992K)->0K(1364992K) From: 5589K(16896K)->5586K(15872K)
[1304.745s][info][gc,heap        ] GC(460) ParOldGen: 102801K(2796544K)->106151K(2796544K)
[1304.745s][info][gc,metaspace   ] GC(460) Metaspace: 80134K(81408K)->80134K(81408K) NonClass: 70478K(71040K)->70478K(71040K) Class: 9656K(10368K)->9656K(10368K)
[1304.745s][info][gc             ] GC(460) Pause Young (Allocation Failure) 1438M->109M(4079M) 3.229ms
[1304.745s][info][gc,cpu         ] GC(460) User=0.00s Sys=0.00s Real=0.00s
[1308.586s][info][gc,start       ] GC(461) Pause Young (Allocation Failure)
[1308.589s][info][gc,heap        ] GC(461) PSYoungGen: 1370578K(1380864K)->4752K(1382400K) Eden: 1364992K(1364992K)->0K(1367040K) From: 5586K(15872K)->4752K(15360K)
[1308.589s][info][gc,heap        ] GC(461) ParOldGen: 106151K(2796544K)->110419K(2796544K)
[1308.589s][info][gc,metaspace   ] GC(461) Metaspace: 80134K(81408K)->80134K(81408K) NonClass: 70478K(71040K)->70478K(71040K) Class: 9656K(10368K)->9656K(10368K)
[1308.589s][info][gc             ] GC(461) Pause Young (Allocation Failure) 1442M->112M(4081M) 3.047ms
[1308.589s][info][gc,cpu         ] GC(461) User=0.00s Sys=0.00s Real=0.00s
[1311.547s][info][gc,start       ] GC(462) Pause Young (Allocation Failure)
[1311.550s][info][gc,heap        ] GC(462) PSYoungGen: 1371792K(1382400K)->7033K(1382400K) Eden: 1367040K(1367040K)->0K(1367040K) From: 4752K(15360K)->7033K(15360K)
[1311.550s][info][gc,heap        ] GC(462) ParOldGen: 110419K(2796544K)->112647K(2796544K)
[1311.550s][info][gc,metaspace   ] GC(462) Metaspace: 80134K(81408K)->80134K(81408K) NonClass: 70478K(71040K)->70478K(71040K) Class: 9656K(10368K)->9656K(10368K)
[1311.550s][info][gc             ] GC(462) Pause Young (Allocation Failure) 1447M->116M(4081M) 3.127ms
[1311.550s][info][gc,cpu         ] GC(462) User=0.00s Sys=0.00s Real=0.00s
[1314.494s][info][gc,start       ] GC(463) Pause Young (Allocation Failure)
[1314.497s][info][gc,heap        ] GC(463) PSYoungGen: 1371852K(1382400K)->4777K(1383936K) Eden: 1364819K(1367040K)->0K(1369600K) From: 7033K(15360K)->4777K(14336K)
[1314.497s][info][gc,heap        ] GC(463) ParOldGen: 112647K(2796544K)->118017K(2796544K)
[1314.497s][info][gc,metaspace   ] GC(463) Metaspace: 80134K(81408K)->80134K(81408K) NonClass: 70478K(71040K)->70478K(71040K) Class: 9656K(10368K)->9656K(10368K)
[1314.497s][info][gc             ] GC(463) Pause Young (Allocation Failure) 1449M->119M(4082M) 2.730ms
[1314.497s][info][gc,cpu         ] GC(463) User=0.00s Sys=0.00s Real=0.00s
[1316.712s][info][gc,start       ] GC(464) Pause Young (Allocation Failure)
[1316.715s][info][gc,heap        ] GC(464) PSYoungGen: 1374157K(1383936K)->5978K(1383424K) Eden: 1369379K(1369600K)->0K(1369600K) From: 4777K(14336K)->5978K(13824K)
[1316.715s][info][gc,heap        ] GC(464) ParOldGen: 118017K(2796544K)->121955K(2796544K)
[1316.715s][info][gc,metaspace   ] GC(464) Metaspace: 80134K(81408K)->80134K(81408K) NonClass: 70478K(71040K)->70478K(71040K) Class: 9656K(10368K)->9656K(10368K)
[1316.715s][info][gc             ] GC(464) Pause Young (Allocation Failure) 1457M->124M(4082M) 2.783ms
[1316.715s][info][gc,cpu         ] GC(464) User=0.00s Sys=0.00s Real=0.00s
[1319.167s][info][gc,start       ] GC(465) Pause Young (Allocation Failure)
[1319.171s][info][gc,heap        ] GC(465) PSYoungGen: 1375578K(1383424K)->6001K(1384960K) Eden: 1369600K(1369600K)->0K(1371648K) From: 5978K(13824K)->6001K(13312K)
[1319.171s][info][gc,heap        ] GC(465) ParOldGen: 121955K(2796544K)->126978K(2796544K)
[1319.171s][info][gc,metaspace   ] GC(465) Metaspace: 80135K(81408K)->80135K(81408K) NonClass: 70479K(71040K)->70479K(71040K) Class: 9656K(10368K)->9656K(10368K)
[1319.171s][info][gc             ] GC(465) Pause Young (Allocation Failure) 1462M->129M(4083M) 3.774ms
[1319.171s][info][gc,cpu         ] GC(465) User=0.00s Sys=0.00s Real=0.00s
[1322.302s][info][gc,start       ] GC(466) Pause Young (System.gc())
[1322.305s][info][gc,heap        ] GC(466) PSYoungGen: 1366192K(1384960K)->3688K(1384448K) Eden: 1360191K(1371648K)->0K(1371648K) From: 6001K(13312K)->3688K(12800K)
[1322.305s][info][gc,heap        ] GC(466) ParOldGen: 126978K(2796544K)->131738K(2796544K)
[1322.305s][info][gc,metaspace   ] GC(466) Metaspace: 80137K(81408K)->80137K(81408K) NonClass: 70480K(71040K)->70480K(71040K) Class: 9656K(10368K)->9656K(10368K)
[1322.305s][info][gc             ] GC(466) Pause Young (System.gc()) 1458M->132M(4083M) 2.908ms
[1322.305s][info][gc,cpu         ] GC(466) User=0.00s Sys=0.00s Real=0.00s
[1322.305s][info][gc,start       ] GC(467) Pause Full (System.gc())
[1322.305s][info][gc,phases,start] GC(467) Marking Phase
[1322.323s][info][gc,phases      ] GC(467) Marking Phase 18.444ms
[1322.323s][info][gc,phases,start] GC(467) Summary Phase
[1322.324s][info][gc,phases      ] GC(467) Summary Phase 0.148ms
[1322.324s][info][gc,phases,start] GC(467) Adjust Roots
[1322.329s][info][gc,phases      ] GC(467) Adjust Roots 5.885ms
[1322.330s][info][gc,phases,start] GC(467) Compaction Phase
[1322.342s][info][gc,phases      ] GC(467) Compaction Phase 12.331ms
[1322.342s][info][gc,phases,start] GC(467) Post Compact
[1322.343s][info][gc,phases      ] GC(467) Post Compact 1.242ms
[1322.343s][info][gc,heap        ] GC(467) PSYoungGen: 3688K(1384448K)->0K(1384448K) Eden: 0K(1371648K)->0K(1371648K) From: 3688K(12800K)->0K(12800K)
[1322.343s][info][gc,heap        ] GC(467) ParOldGen: 131738K(2796544K)->81947K(2796544K)
[1322.343s][info][gc,metaspace   ] GC(467) Metaspace: 80137K(81408K)->80137K(81408K) NonClass: 70480K(71040K)->70480K(71040K) Class: 9656K(10368K)->9656K(10368K)
[1322.343s][info][gc             ] GC(467) Pause Full (System.gc()) 132M->80M(4083M) 38.351ms
[1322.343s][info][gc,cpu         ] GC(467) User=0.02s Sys=0.00s Real=0.03s
[1325.559s][info][gc,start       ] GC(468) Pause Young (Allocation Failure)
[1325.561s][info][gc,heap        ] GC(468) PSYoungGen: 1371648K(1384448K)->5120K(1385472K) Eden: 1371648K(1371648K)->0K(1372672K) From: 0K(12800K)->5120K(12800K)
[1325.561s][info][gc,heap        ] GC(468) ParOldGen: 81947K(2796544K)->81947K(2796544K)
[1325.561s][info][gc,metaspace   ] GC(468) Metaspace: 80137K(81408K)->80137K(81408K) NonClass: 70480K(71040K)->70480K(71040K) Class: 9656K(10368K)->9656K(10368K)
[1325.561s][info][gc             ] GC(468) Pause Young (Allocation Failure) 1419M->85M(4084M) 2.103ms
[1325.561s][info][gc,cpu         ] GC(468) User=0.00s Sys=0.00s Real=0.00s
[1328.317s][info][gc,start       ] GC(469) Pause Young (Allocation Failure)
[1328.321s][info][gc,heap        ] GC(469) PSYoungGen: 1376484K(1385472K)->12271K(1384960K) Eden: 1371363K(1372672K)->0K(1372672K) From: 5120K(12800K)->12271K(12288K)
[1328.321s][info][gc,heap        ] GC(469) ParOldGen: 81947K(2796544K)->93221K(2796544K)
[1328.321s][info][gc,metaspace   ] GC(469) Metaspace: 80137K(81408K)->80137K(81408K) NonClass: 70480K(71040K)->70480K(71040K) Class: 9656K(10368K)->9656K(10368K)
[1328.321s][info][gc             ] GC(469) Pause Young (Allocation Failure) 1424M->103M(4083M) 4.273ms
[1328.322s][info][gc,cpu         ] GC(469) User=0.00s Sys=0.00s Real=0.00s
[1332.589s][info][gc,start       ] GC(470) Pause Young (Allocation Failure)
[1332.592s][info][gc,heap        ] GC(470) PSYoungGen: 1384943K(1384960K)->10322K(1374720K) Eden: 1372672K(1372672K)->0K(1361920K) From: 12271K(12288K)->10322K(12800K)
[1332.592s][info][gc,heap        ] GC(470) ParOldGen: 93221K(2796544K)->96534K(2796544K)
[1332.592s][info][gc,metaspace   ] GC(470) Metaspace: 80137K(81408K)->80137K(81408K) NonClass: 70480K(71040K)->70480K(71040K) Class: 9656K(10368K)->9656K(10368K)
[1332.593s][info][gc             ] GC(470) Pause Young (Allocation Failure) 1443M->104M(4073M) 3.048ms
[1332.593s][info][gc,cpu         ] GC(470) User=0.00s Sys=0.00s Real=0.00s
[1334.841s][info][gc,start       ] GC(471) Pause Young (Allocation Failure)
[1334.844s][info][gc,heap        ] GC(471) PSYoungGen: 1372242K(1374720K)->6109K(1379840K) Eden: 1361920K(1361920K)->0K(1361920K) From: 10322K(12800K)->6109K(17920K)
[1334.844s][info][gc,heap        ] GC(471) ParOldGen: 96534K(2796544K)->103852K(2796544K)
[1334.844s][info][gc,metaspace   ] GC(471) Metaspace: 80137K(81408K)->80137K(81408K) NonClass: 70480K(71040K)->70480K(71040K) Class: 9656K(10368K)->9656K(10368K)
[1334.844s][info][gc             ] GC(471) Pause Young (Allocation Failure) 1434M->107M(4078M) 3.406ms
[1334.844s][info][gc,cpu         ] GC(471) User=0.00s Sys=0.00s Real=0.00s
[1339.476s][info][gc,start       ] GC(472) Pause Young (Allocation Failure)
[1339.479s][info][gc,heap        ] GC(472) PSYoungGen: 1368029K(1379840K)->6122K(1380864K) Eden: 1361920K(1361920K)->0K(1363456K) From: 6109K(17920K)->6122K(17408K)
[1339.479s][info][gc,heap        ] GC(472) ParOldGen: 103852K(2796544K)->108069K(2796544K)
[1339.479s][info][gc,metaspace   ] GC(472) Metaspace: 80137K(81408K)->80137K(81408K) NonClass: 70480K(71040K)->70480K(71040K) Class: 9656K(10368K)->9656K(10368K)
[1339.479s][info][gc             ] GC(472) Pause Young (Allocation Failure) 1437M->111M(4079M) 3.503ms
[1339.479s][info][gc,cpu         ] GC(472) User=0.02s Sys=0.00s Real=0.02s
[1341.911s][info][gc,start       ] GC(473) Pause Young (Allocation Failure)
[1341.914s][info][gc,heap        ] GC(473) PSYoungGen: 1369578K(1380864K)->6076K(1380352K) Eden: 1363456K(1363456K)->0K(1363456K) From: 6122K(17408K)->6076K(16896K)
[1341.914s][info][gc,heap        ] GC(473) ParOldGen: 108069K(2796544K)->111847K(2796544K)
[1341.914s][info][gc,metaspace   ] GC(473) Metaspace: 80137K(81408K)->80137K(81408K) NonClass: 70480K(71040K)->70480K(71040K) Class: 9656K(10368K)->9656K(10368K)
[1341.914s][info][gc             ] GC(473) Pause Young (Allocation Failure) 1443M->115M(4079M) 3.109ms
[1341.914s][info][gc,cpu         ] GC(473) User=0.00s Sys=0.00s Real=0.00s
[1345.826s][info][gc,start       ] GC(474) Pause Young (Allocation Failure)
[1345.829s][info][gc,heap        ] GC(474) PSYoungGen: 1369532K(1380352K)->4656K(1381888K) Eden: 1363456K(1363456K)->0K(1365504K) From: 6076K(16896K)->4656K(16384K)
[1345.829s][info][gc,heap        ] GC(474) ParOldGen: 111847K(2796544K)->115669K(2796544K)
[1345.829s][info][gc,metaspace   ] GC(474) Metaspace: 80137K(81408K)->80137K(81408K) NonClass: 70480K(71040K)->70480K(71040K) Class: 9656K(10368K)->9656K(10368K)
[1345.829s][info][gc             ] GC(474) Pause Young (Allocation Failure) 1446M->117M(4080M) 2.872ms
[1345.829s][info][gc,cpu         ] GC(474) User=0.00s Sys=0.00s Real=0.00s
[1348.772s][info][gc,start       ] GC(475) Pause Young (Allocation Failure)
[1348.775s][info][gc,heap        ] GC(475) PSYoungGen: 1370160K(1381888K)->6781K(1381376K) Eden: 1365504K(1365504K)->0K(1365504K) From: 4656K(16384K)->6781K(15872K)
[1348.775s][info][gc,heap        ] GC(475) ParOldGen: 115669K(2796544K)->117915K(2796544K)
[1348.775s][info][gc,metaspace   ] GC(475) Metaspace: 80137K(81408K)->80137K(81408K) NonClass: 70480K(71040K)->70480K(71040K) Class: 9656K(10368K)->9656K(10368K)
[1348.775s][info][gc             ] GC(475) Pause Young (Allocation Failure) 1451M->121M(4080M) 2.952ms
[1348.775s][info][gc,cpu         ] GC(475) User=0.00s Sys=0.00s Real=0.00s
[1351.714s][info][gc,start       ] GC(476) Pause Young (Allocation Failure)
[1351.717s][info][gc,heap        ] GC(476) PSYoungGen: 1368359K(1381376K)->4723K(1382912K) Eden: 1361577K(1365504K)->0K(1367552K) From: 6781K(15872K)->4723K(15360K)
[1351.717s][info][gc,heap        ] GC(476) ParOldGen: 117915K(2796544K)->123324K(2796544K)
[1351.717s][info][gc,metaspace   ] GC(476) Metaspace: 80137K(81408K)->80137K(81408K) NonClass: 70480K(71040K)->70480K(71040K) Class: 9656K(10368K)->9656K(10368K)
[1351.717s][info][gc             ] GC(476) Pause Young (Allocation Failure) 1451M->125M(4081M) 2.924ms
[1351.717s][info][gc,cpu         ] GC(476) User=0.02s Sys=0.00s Real=0.01s
[1353.924s][info][gc,start       ] GC(477) Pause Young (Allocation Failure)
[1353.927s][info][gc,heap        ] GC(477) PSYoungGen: 1372275K(1382912K)->6275K(1382400K) Eden: 1367552K(1367552K)->0K(1367552K) From: 4723K(15360K)->6275K(14848K)
[1353.927s][info][gc,heap        ] GC(477) ParOldGen: 123324K(2796544K)->127255K(2796544K)
[1353.927s][info][gc,metaspace   ] GC(477) Metaspace: 80137K(81408K)->80137K(81408K) NonClass: 70480K(71040K)->70480K(71040K) Class: 9656K(10368K)->9656K(10368K)
[1353.927s][info][gc             ] GC(477) Pause Young (Allocation Failure) 1460M->130M(4081M) 3.047ms
[1353.927s][info][gc,cpu         ] GC(477) User=0.00s Sys=0.00s Real=0.00s
[1356.406s][info][gc,start       ] GC(478) Pause Young (Allocation Failure)
[1356.409s][info][gc,heap        ] GC(478) PSYoungGen: 1373827K(1382400K)->5912K(1383936K) Eden: 1367552K(1367552K)->0K(1369600K) From: 6275K(14848K)->5912K(14336K)
[1356.409s][info][gc,heap        ] GC(478) ParOldGen: 127255K(2796544K)->132230K(2796544K)
[1356.409s][info][gc,metaspace   ] GC(478) Metaspace: 80137K(81408K)->80137K(81408K) NonClass: 70480K(71040K)->70480K(71040K) Class: 9656K(10368K)->9656K(10368K)
[1356.409s][info][gc             ] GC(478) Pause Young (Allocation Failure) 1465M->134M(4082M) 3.508ms
[1356.409s][info][gc,cpu         ] GC(478) User=0.02s Sys=0.00s Real=0.01s
[1359.601s][info][gc,start       ] GC(479) Pause Young (System.gc())
[1359.604s][info][gc,heap        ] GC(479) PSYoungGen: 1373664K(1383936K)->3568K(1383424K) Eden: 1367751K(1369600K)->0K(1369600K) From: 5912K(14336K)->3568K(13824K)
[1359.604s][info][gc,heap        ] GC(479) ParOldGen: 132230K(2796544K)->137043K(2796544K)
[1359.604s][info][gc,metaspace   ] GC(479) Metaspace: 80137K(81408K)->80137K(81408K) NonClass: 70480K(71040K)->70480K(71040K) Class: 9656K(10368K)->9656K(10368K)
[1359.604s][info][gc             ] GC(479) Pause Young (System.gc()) 1470M->137M(4082M) 3.145ms
[1359.604s][info][gc,cpu         ] GC(479) User=0.00s Sys=0.00s Real=0.00s
[1359.604s][info][gc,start       ] GC(480) Pause Full (System.gc())
[1359.604s][info][gc,phases,start] GC(480) Marking Phase
[1359.625s][info][gc,phases      ] GC(480) Marking Phase 20.281ms
[1359.625s][info][gc,phases,start] GC(480) Summary Phase
[1359.625s][info][gc,phases      ] GC(480) Summary Phase 0.010ms
[1359.625s][info][gc,phases,start] GC(480) Adjust Roots
[1359.631s][info][gc,phases      ] GC(480) Adjust Roots 6.414ms
[1359.631s][info][gc,phases,start] GC(480) Compaction Phase
[1359.645s][info][gc,phases      ] GC(480) Compaction Phase 14.098ms
[1359.645s][info][gc,phases,start] GC(480) Post Compact
[1359.647s][info][gc,phases      ] GC(480) Post Compact 1.209ms
[1359.647s][info][gc,heap        ] GC(480) PSYoungGen: 3568K(1383424K)->0K(1383424K) Eden: 0K(1369600K)->0K(1369600K) From: 3568K(13824K)->0K(13824K)
[1359.647s][info][gc,heap        ] GC(480) ParOldGen: 137043K(2796544K)->82612K(2796544K)
[1359.647s][info][gc,metaspace   ] GC(480) Metaspace: 80137K(81408K)->80137K(81408K) NonClass: 70480K(71040K)->70480K(71040K) Class: 9656K(10368K)->9656K(10368K)
[1359.647s][info][gc             ] GC(480) Pause Full (System.gc()) 137M->80M(4082M) 42.312ms
[1359.647s][info][gc,cpu         ] GC(480) User=0.02s Sys=0.00s Real=0.04s
[1362.899s][info][gc,start       ] GC(481) Pause Young (Allocation Failure)
[1362.902s][info][gc,heap        ] GC(481) PSYoungGen: 1369600K(1383424K)->5152K(1384448K) Eden: 1369600K(1369600K)->0K(1370624K) From: 0K(13824K)->5152K(13824K)
[1362.902s][info][gc,heap        ] GC(481) ParOldGen: 82612K(2796544K)->82612K(2796544K)
[1362.902s][info][gc,metaspace   ] GC(481) Metaspace: 80137K(81408K)->80137K(81408K) NonClass: 70480K(71040K)->70480K(71040K) Class: 9656K(10368K)->9656K(10368K)
[1362.902s][info][gc             ] GC(481) Pause Young (Allocation Failure) 1418M->85M(4083M) 2.442ms
[1362.902s][info][gc,cpu         ] GC(481) User=0.00s Sys=0.00s Real=0.00s
[1365.612s][info][gc,start       ] GC(482) Pause Young (Allocation Failure)
[1365.615s][info][gc,heap        ] GC(482) PSYoungGen: 1373814K(1384448K)->10947K(1381888K) Eden: 1368662K(1370624K)->0K(1370624K) From: 5152K(13824K)->10947K(11264K)
[1365.615s][info][gc,heap        ] GC(482) ParOldGen: 82612K(2796544K)->86630K(2796544K)
[1365.615s][info][gc,metaspace   ] GC(482) Metaspace: 80137K(81408K)->80137K(81408K) NonClass: 70480K(71040K)->70480K(71040K) Class: 9656K(10368K)->9656K(10368K)
[1365.615s][info][gc             ] GC(482) Pause Young (Allocation Failure) 1422M->95M(4080M) 3.718ms
[1365.615s][info][gc,cpu         ] GC(482) User=0.00s Sys=0.00s Real=0.00s
[1369.778s][info][gc,start       ] GC(483) Pause Young (Allocation Failure)
[1369.781s][info][gc,heap        ] GC(483) PSYoungGen: 1381571K(1381888K)->5039K(1383936K) Eden: 1370624K(1370624K)->0K(1369600K) From: 10947K(11264K)->5039K(14336K)
[1369.781s][info][gc,heap        ] GC(483) ParOldGen: 86630K(2796544K)->89280K(2796544K)
[1369.781s][info][gc,metaspace   ] GC(483) Metaspace: 80137K(81408K)->80137K(81408K) NonClass: 70480K(71040K)->70480K(71040K) Class: 9656K(10368K)->9656K(10368K)
[1369.781s][info][gc             ] GC(483) Pause Young (Allocation Failure) 1433M->92M(4082M) 2.513ms
[1369.781s][info][gc,cpu         ] GC(483) User=0.00s Sys=0.00s Real=0.00s
[1372.056s][info][gc,start       ] GC(484) Pause Young (Allocation Failure)
[1372.059s][info][gc,heap        ] GC(484) PSYoungGen: 1374639K(1383936K)->6209K(1383424K) Eden: 1369600K(1369600K)->0K(1369600K) From: 5039K(14336K)->6209K(13824K)
[1372.059s][info][gc,heap        ] GC(484) ParOldGen: 89280K(2796544K)->92446K(2796544K)
[1372.059s][info][gc,metaspace   ] GC(484) Metaspace: 80137K(81408K)->80137K(81408K) NonClass: 70480K(71040K)->70480K(71040K) Class: 9656K(10368K)->9656K(10368K)
[1372.059s][info][gc             ] GC(484) Pause Young (Allocation Failure) 1429M->96M(4082M) 3.122ms
[1372.060s][info][gc,cpu         ] GC(484) User=0.02s Sys=0.00s Real=0.02s
[1376.822s][info][gc,start       ] GC(485) Pause Young (Allocation Failure)
[1376.826s][info][gc,heap        ] GC(485) PSYoungGen: 1375809K(1383424K)->6855K(1384960K) Eden: 1369600K(1369600K)->0K(1371648K) From: 6209K(13824K)->6855K(13312K)
[1376.826s][info][gc,heap        ] GC(485) ParOldGen: 92446K(2796544K)->96667K(2796544K)
[1376.826s][info][gc,metaspace   ] GC(485) Metaspace: 80141K(81472K)->80141K(81472K) NonClass: 70485K(71104K)->70485K(71104K) Class: 9656K(10368K)->9656K(10368K)
[1376.826s][info][gc             ] GC(485) Pause Young (Allocation Failure) 1433M->101M(4083M) 4.021ms
[1376.826s][info][gc,cpu         ] GC(485) User=0.02s Sys=0.00s Real=0.00s
[1379.464s][info][gc,start       ] GC(486) Pause Young (Allocation Failure)
[1379.468s][info][gc,heap        ] GC(486) PSYoungGen: 1378503K(1384960K)->5362K(1384448K) Eden: 1371648K(1371648K)->0K(1371648K) From: 6855K(13312K)->5362K(12800K)
[1379.468s][info][gc,heap        ] GC(486) ParOldGen: 96667K(2796544K)->100608K(2796544K)
[1379.468s][info][gc,metaspace   ] GC(486) Metaspace: 80141K(81472K)->80141K(81472K) NonClass: 70485K(71104K)->70485K(71104K) Class: 9656K(10368K)->9656K(10368K)
[1379.468s][info][gc             ] GC(486) Pause Young (Allocation Failure) 1440M->103M(4083M) 4.410ms
[1379.468s][info][gc,cpu         ] GC(486) User=0.00s Sys=0.00s Real=0.00s
[1383.312s][info][gc,start       ] GC(487) Pause Young (Allocation Failure)
[1383.317s][info][gc,heap        ] GC(487) PSYoungGen: 1377010K(1384448K)->9859K(1384448K) Eden: 1371648K(1371648K)->0K(1372160K) From: 5362K(12800K)->9859K(12288K)
[1383.317s][info][gc,heap        ] GC(487) ParOldGen: 100608K(2796544K)->104304K(2796544K)
[1383.317s][info][gc,metaspace   ] GC(487) Metaspace: 80141K(81472K)->80141K(81472K) NonClass: 70485K(71104K)->70485K(71104K) Class: 9656K(10368K)->9656K(10368K)
[1383.317s][info][gc             ] GC(487) Pause Young (Allocation Failure) 1442M->111M(4083M) 4.357ms
[1383.317s][info][gc,cpu         ] GC(487) User=0.02s Sys=0.00s Real=0.02s
[1386.254s][info][gc,start       ] GC(488) Pause Young (Allocation Failure)
[1386.258s][info][gc,heap        ] GC(488) PSYoungGen: 1382019K(1384448K)->8255K(1384960K) Eden: 1372160K(1372160K)->0K(1372160K) From: 9859K(12288K)->8255K(12800K)
[1386.258s][info][gc,heap        ] GC(488) ParOldGen: 104304K(2796544K)->106784K(2796544K)
[1386.258s][info][gc,metaspace   ] GC(488) Metaspace: 80141K(81472K)->80141K(81472K) NonClass: 70485K(71104K)->70485K(71104K) Class: 9656K(10368K)->9656K(10368K)
[1386.258s][info][gc             ] GC(488) Pause Young (Allocation Failure) 1451M->112M(4083M) 3.492ms
[1386.258s][info][gc,cpu         ] GC(488) User=0.00s Sys=0.00s Real=0.00s
[1389.300s][info][gc,start       ] GC(489) Pause Young (Allocation Failure)
[1389.303s][info][gc,heap        ] GC(489) PSYoungGen: 1380415K(1384960K)->5126K(1384960K) Eden: 1372160K(1372160K)->0K(1372160K) From: 8255K(12800K)->5126K(12800K)
[1389.303s][info][gc,heap        ] GC(489) ParOldGen: 106784K(2796544K)->111935K(2796544K)
[1389.303s][info][gc,metaspace   ] GC(489) Metaspace: 80141K(81472K)->80141K(81472K) NonClass: 70485K(71104K)->70485K(71104K) Class: 9656K(10368K)->9656K(10368K)
[1389.303s][info][gc             ] GC(489) Pause Young (Allocation Failure) 1452M->114M(4083M) 2.753ms
[1389.303s][info][gc,cpu         ] GC(489) User=0.00s Sys=0.00s Real=0.00s
[1391.542s][info][gc,start       ] GC(490) Pause Young (Allocation Failure)
[1391.544s][info][gc,heap        ] GC(490) PSYoungGen: 1374459K(1384960K)->6059K(1384960K) Eden: 1369333K(1372160K)->0K(1372160K) From: 5126K(12800K)->6059K(12800K)
[1391.544s][info][gc,heap        ] GC(490) ParOldGen: 111935K(2796544K)->115903K(2796544K)
[1391.544s][info][gc,metaspace   ] GC(490) Metaspace: 80141K(81472K)->80141K(81472K) NonClass: 70485K(71104K)->70485K(71104K) Class: 9656K(10368K)->9656K(10368K)
[1391.544s][info][gc             ] GC(490) Pause Young (Allocation Failure) 1451M->119M(4083M) 2.893ms
[1391.544s][info][gc,cpu         ] GC(490) User=0.00s Sys=0.00s Real=0.00s
[1393.943s][info][gc,start       ] GC(491) Pause Young (Allocation Failure)
[1393.947s][info][gc,heap        ] GC(491) PSYoungGen: 1378219K(1384960K)->6145K(1385984K) Eden: 1372160K(1372160K)->0K(1373696K) From: 6059K(12800K)->6145K(12288K)
[1393.947s][info][gc,heap        ] GC(491) ParOldGen: 115903K(2796544K)->120971K(2796544K)
[1393.947s][info][gc,metaspace   ] GC(491) Metaspace: 80141K(81472K)->80141K(81472K) NonClass: 70485K(71104K)->70485K(71104K) Class: 9656K(10368K)->9656K(10368K)
[1393.947s][info][gc             ] GC(491) Pause Young (Allocation Failure) 1459M->124M(4084M) 3.948ms
[1393.947s][info][gc,cpu         ] GC(491) User=0.02s Sys=0.00s Real=0.02s
[1397.073s][info][gc,start       ] GC(492) Pause Young (System.gc())
[1397.076s][info][gc,heap        ] GC(492) PSYoungGen: 1330507K(1385984K)->3592K(1385472K) Eden: 1324362K(1373696K)->0K(1373696K) From: 6145K(12288K)->3592K(11776K)
[1397.076s][info][gc,heap        ] GC(492) ParOldGen: 120971K(2796544K)->125727K(2796544K)
[1397.076s][info][gc,metaspace   ] GC(492) Metaspace: 80141K(81472K)->80141K(81472K) NonClass: 70485K(71104K)->70485K(71104K) Class: 9656K(10368K)->9656K(10368K)
[1397.076s][info][gc             ] GC(492) Pause Young (System.gc()) 1417M->126M(4084M) 2.844ms
[1397.076s][info][gc,cpu         ] GC(492) User=0.00s Sys=0.00s Real=0.00s
[1397.076s][info][gc,start       ] GC(493) Pause Full (System.gc())
[1397.076s][info][gc,phases,start] GC(493) Marking Phase
[1397.095s][info][gc,phases      ] GC(493) Marking Phase 18.508ms
[1397.095s][info][gc,phases,start] GC(493) Summary Phase
[1397.095s][info][gc,phases      ] GC(493) Summary Phase 0.011ms
[1397.095s][info][gc,phases,start] GC(493) Adjust Roots
[1397.101s][info][gc,phases      ] GC(493) Adjust Roots 6.505ms
[1397.101s][info][gc,phases,start] GC(493) Compaction Phase
[1397.120s][info][gc,phases      ] GC(493) Compaction Phase 18.245ms
[1397.120s][info][gc,phases,start] GC(493) Post Compact
[1397.123s][info][gc,phases      ] GC(493) Post Compact 3.197ms
[1397.123s][info][gc,heap        ] GC(493) PSYoungGen: 3592K(1385472K)->0K(1385472K) Eden: 0K(1373696K)->0K(1373696K) From: 3592K(11776K)->0K(11776K)
[1397.123s][info][gc,heap        ] GC(493) ParOldGen: 125727K(2796544K)->81801K(2796544K)
[1397.123s][info][gc,metaspace   ] GC(493) Metaspace: 80141K(81472K)->80141K(81472K) NonClass: 70485K(71104K)->70485K(71104K) Class: 9656K(10368K)->9656K(10368K)
[1397.123s][info][gc             ] GC(493) Pause Full (System.gc()) 126M->79M(4084M) 46.760ms
[1397.123s][info][gc,cpu         ] GC(493) User=0.02s Sys=0.00s Real=0.05s
[1400.356s][info][gc,start       ] GC(494) Pause Young (Allocation Failure)
[1400.358s][info][gc,heap        ] GC(494) PSYoungGen: 1373696K(1385472K)->5148K(1386496K) Eden: 1373696K(1373696K)->0K(1374720K) From: 0K(11776K)->5148K(11776K)
[1400.358s][info][gc,heap        ] GC(494) ParOldGen: 81801K(2796544K)->81801K(2796544K)
[1400.358s][info][gc,metaspace   ] GC(494) Metaspace: 80141K(81472K)->80141K(81472K) NonClass: 70485K(71104K)->70485K(71104K) Class: 9656K(10368K)->9656K(10368K)
[1400.358s][info][gc             ] GC(494) Pause Young (Allocation Failure) 1421M->84M(4085M) 2.344ms
[1400.358s][info][gc,cpu         ] GC(494) User=0.00s Sys=0.00s Real=0.00s
[1403.085s][info][gc,start       ] GC(495) Pause Young (Allocation Failure)
[1403.089s][info][gc,heap        ] GC(495) PSYoungGen: 1379015K(1386496K)->11249K(1385984K) Eden: 1373866K(1374720K)->0K(1374720K) From: 5148K(11776K)->11249K(11264K)
[1403.089s][info][gc,heap        ] GC(495) ParOldGen: 81801K(2796544K)->98114K(2796544K)
[1403.089s][info][gc,metaspace   ] GC(495) Metaspace: 80141K(81472K)->80141K(81472K) NonClass: 70485K(71104K)->70485K(71104K) Class: 9656K(10368K)->9656K(10368K)
[1403.089s][info][gc             ] GC(495) Pause Young (Allocation Failure) 1426M->106M(4084M) 4.428ms
[1403.090s][info][gc,cpu         ] GC(495) User=0.00s Sys=0.00s Real=0.00s
[1407.316s][info][gc,start       ] GC(496) Pause Young (Allocation Failure)
[1407.319s][info][gc,heap        ] GC(496) PSYoungGen: 1385969K(1385984K)->6318K(1384960K) Eden: 1374720K(1374720K)->0K(1373184K) From: 11249K(11264K)->6318K(11776K)
[1407.319s][info][gc,heap        ] GC(496) ParOldGen: 98114K(2796544K)->100762K(2796544K)
[1407.319s][info][gc,metaspace   ] GC(496) Metaspace: 80141K(81472K)->80141K(81472K) NonClass: 70485K(71104K)->70485K(71104K) Class: 9656K(10368K)->9656K(10368K)
[1407.319s][info][gc             ] GC(496) Pause Young (Allocation Failure) 1449M->104M(4083M) 2.660ms
[1407.319s][info][gc,cpu         ] GC(496) User=0.00s Sys=0.00s Real=0.00s
[1409.568s][info][gc,start       ] GC(497) Pause Young (Allocation Failure)
[1409.571s][info][gc,heap        ] GC(497) PSYoungGen: 1379502K(1384960K)->6157K(1385472K) Eden: 1373184K(1373184K)->0K(1373184K) From: 6318K(11776K)->6157K(12288K)
[1409.571s][info][gc,heap        ] GC(497) ParOldGen: 100762K(2796544K)->103985K(2796544K)
[1409.571s][info][gc,metaspace   ] GC(497) Metaspace: 80141K(81472K)->80141K(81472K) NonClass: 70485K(71104K)->70485K(71104K) Class: 9656K(10368K)->9656K(10368K)
[1409.571s][info][gc             ] GC(497) Pause Young (Allocation Failure) 1445M->107M(4084M) 3.139ms
[1409.571s][info][gc,cpu         ] GC(497) User=0.00s Sys=0.00s Real=0.00s
[1414.260s][info][gc,start       ] GC(498) Pause Young (Allocation Failure)
[1414.263s][info][gc,heap        ] GC(498) PSYoungGen: 1379341K(1385472K)->5202K(1385984K) Eden: 1373184K(1373184K)->0K(1374208K) From: 6157K(12288K)->5202K(11776K)
[1414.263s][info][gc,heap        ] GC(498) ParOldGen: 103985K(2796544K)->108195K(2796544K)
[1414.263s][info][gc,metaspace   ] GC(498) Metaspace: 80141K(81472K)->80141K(81472K) NonClass: 70485K(71104K)->70485K(71104K) Class: 9656K(10368K)->9656K(10368K)
[1414.263s][info][gc             ] GC(498) Pause Young (Allocation Failure) 1448M->110M(4084M) 3.135ms
[1414.263s][info][gc,cpu         ] GC(498) User=0.00s Sys=0.00s Real=0.00s
[1416.805s][info][gc,start       ] GC(499) Pause Young (Allocation Failure)
[1416.809s][info][gc,heap        ] GC(499) PSYoungGen: 1379410K(1385984K)->6070K(1385984K) Eden: 1374208K(1374208K)->0K(1374208K) From: 5202K(11776K)->6070K(11776K)
[1416.809s][info][gc,heap        ] GC(499) ParOldGen: 108195K(2796544K)->112319K(2796544K)
[1416.809s][info][gc,metaspace   ] GC(499) Metaspace: 80141K(81472K)->80141K(81472K) NonClass: 70485K(71104K)->70485K(71104K) Class: 9656K(10368K)->9656K(10368K)
[1416.809s][info][gc             ] GC(499) Pause Young (Allocation Failure) 1452M->115M(4084M) 3.305ms
[1416.809s][info][gc,cpu         ] GC(499) User=0.02s Sys=0.00s Real=0.02s
[1420.632s][info][gc,start       ] GC(500) Pause Young (Allocation Failure)
[1420.635s][info][gc,heap        ] GC(500) PSYoungGen: 1379096K(1385984K)->5897K(1387008K) Eden: 1373026K(1374208K)->0K(1375744K) From: 6070K(11776K)->5897K(11264K)
[1420.635s][info][gc,heap        ] GC(500) ParOldGen: 112319K(2796544K)->115849K(2796544K)
[1420.635s][info][gc,metaspace   ] GC(500) Metaspace: 80141K(81472K)->80141K(81472K) NonClass: 70485K(71104K)->70485K(71104K) Class: 9656K(10368K)->9656K(10368K)
[1420.635s][info][gc             ] GC(500) Pause Young (Allocation Failure) 1456M->118M(4085M) 3.462ms
[1420.635s][info][gc,cpu         ] GC(500) User=0.00s Sys=0.00s Real=0.00s
[1423.733s][info][gc,start       ] GC(501) Pause Young (Allocation Failure)
[1423.736s][info][gc,heap        ] GC(501) PSYoungGen: 1381641K(1387008K)->6905K(1386496K) Eden: 1375744K(1375744K)->0K(1375744K) From: 5897K(11264K)->6905K(10752K)
[1423.736s][info][gc,heap        ] GC(501) ParOldGen: 115849K(2796544K)->118278K(2796544K)
[1423.736s][info][gc,metaspace   ] GC(501) Metaspace: 80143K(81472K)->80143K(81472K) NonClass: 70487K(71104K)->70487K(71104K) Class: 9656K(10368K)->9656K(10368K)
[1423.736s][info][gc             ] GC(501) Pause Young (Allocation Failure) 1462M->122M(4085M) 2.960ms
[1423.736s][info][gc,cpu         ] GC(501) User=0.00s Sys=0.00s Real=0.00s
[1426.797s][info][gc,start       ] GC(502) Pause Young (Allocation Failure)
[1426.800s][info][gc,heap        ] GC(502) PSYoungGen: 1381021K(1386496K)->4888K(1387008K) Eden: 1374115K(1375744K)->0K(1376256K) From: 6905K(10752K)->4888K(10752K)
[1426.800s][info][gc,heap        ] GC(502) ParOldGen: 118278K(2796544K)->123487K(2796544K)
[1426.800s][info][gc,metaspace   ] GC(502) Metaspace: 80143K(81472K)->80143K(81472K) NonClass: 70487K(71104K)->70487K(71104K) Class: 9656K(10368K)->9656K(10368K)
[1426.800s][info][gc             ] GC(502) Pause Young (Allocation Failure) 1464M->125M(4085M) 2.712ms
[1426.800s][info][gc,cpu         ] GC(502) User=0.00s Sys=0.00s Real=0.00s
[1429.027s][info][gc,start       ] GC(503) Pause Young (Allocation Failure)
[1429.030s][info][gc,heap        ] GC(503) PSYoungGen: 1381144K(1387008K)->6896K(1387008K) Eden: 1376256K(1376256K)->0K(1376256K) From: 4888K(10752K)->6896K(10752K)
[1429.030s][info][gc,heap        ] GC(503) ParOldGen: 123487K(2796544K)->127465K(2796544K)
[1429.030s][info][gc,metaspace   ] GC(503) Metaspace: 80143K(81472K)->80143K(81472K) NonClass: 70487K(71104K)->70487K(71104K) Class: 9656K(10368K)->9656K(10368K)
[1429.030s][info][gc             ] GC(503) Pause Young (Allocation Failure) 1469M->131M(4085M) 3.517ms
[1429.030s][info][gc,cpu         ] GC(503) User=0.00s Sys=0.00s Real=0.00s
[1431.336s][info][gc,start       ] GC(504) Pause Young (Allocation Failure)
[1431.339s][info][gc,heap        ] GC(504) PSYoungGen: 1383152K(1387008K)->5869K(1387520K) Eden: 1376256K(1376256K)->0K(1377280K) From: 6896K(10752K)->5869K(10240K)
[1431.339s][info][gc,heap        ] GC(504) ParOldGen: 127465K(2796544K)->132486K(2796544K)
[1431.339s][info][gc,metaspace   ] GC(504) Metaspace: 80143K(81472K)->80143K(81472K) NonClass: 70487K(71104K)->70487K(71104K) Class: 9656K(10368K)->9656K(10368K)
[1431.339s][info][gc             ] GC(504) Pause Young (Allocation Failure) 1475M->135M(4086M) 3.288ms
[1431.339s][info][gc,cpu         ] GC(504) User=0.00s Sys=0.00s Real=0.00s
[1434.468s][info][gc,start       ] GC(505) Pause Young (System.gc())
[1434.470s][info][gc,heap        ] GC(505) PSYoungGen: 1294513K(1387520K)->3682K(1387520K) Eden: 1288643K(1377280K)->0K(1377280K) From: 5869K(10240K)->3682K(10240K)
[1434.470s][info][gc,heap        ] GC(505) ParOldGen: 132486K(2796544K)->137202K(2796544K)
[1434.470s][info][gc,metaspace   ] GC(505) Metaspace: 80146K(81472K)->80146K(81472K) NonClass: 70489K(71104K)->70489K(71104K) Class: 9656K(10368K)->9656K(10368K)
[1434.470s][info][gc             ] GC(505) Pause Young (System.gc()) 1393M->137M(4086M) 2.854ms
[1434.470s][info][gc,cpu         ] GC(505) User=0.00s Sys=0.00s Real=0.00s
[1434.470s][info][gc,start       ] GC(506) Pause Full (System.gc())
[1434.470s][info][gc,phases,start] GC(506) Marking Phase
[1434.489s][info][gc,phases      ] GC(506) Marking Phase 18.968ms
[1434.490s][info][gc,phases,start] GC(506) Summary Phase
[1434.490s][info][gc,phases      ] GC(506) Summary Phase 0.011ms
[1434.490s][info][gc,phases,start] GC(506) Adjust Roots
[1434.496s][info][gc,phases      ] GC(506) Adjust Roots 6.267ms
[1434.496s][info][gc,phases,start] GC(506) Compaction Phase
[1434.508s][info][gc,phases      ] GC(506) Compaction Phase 12.239ms
[1434.508s][info][gc,phases,start] GC(506) Post Compact
[1434.509s][info][gc,phases      ] GC(506) Post Compact 1.251ms
[1434.509s][info][gc,heap        ] GC(506) PSYoungGen: 3682K(1387520K)->0K(1387520K) Eden: 0K(1377280K)->0K(1377280K) From: 3682K(10240K)->0K(10240K)
[1434.510s][info][gc,heap        ] GC(506) ParOldGen: 137202K(2796544K)->81913K(2796544K)
[1434.510s][info][gc,metaspace   ] GC(506) Metaspace: 80146K(81472K)->80146K(81472K) NonClass: 70489K(71104K)->70489K(71104K) Class: 9656K(10368K)->9656K(10368K)
[1434.510s][info][gc             ] GC(506) Pause Full (System.gc()) 137M->79M(4086M) 39.090ms
[1434.510s][info][gc,cpu         ] GC(506) User=0.03s Sys=0.00s Real=0.05s
[1437.704s][info][gc,start       ] GC(507) Pause Young (Allocation Failure)
[1437.707s][info][gc,heap        ] GC(507) PSYoungGen: 1377280K(1387520K)->5252K(1388032K) Eden: 1377280K(1377280K)->0K(1377792K) From: 0K(10240K)->5252K(10240K)
[1437.707s][info][gc,heap        ] GC(507) ParOldGen: 81913K(2796544K)->81913K(2796544K)
[1437.707s][info][gc,metaspace   ] GC(507) Metaspace: 80146K(81472K)->80146K(81472K) NonClass: 70489K(71104K)->70489K(71104K) Class: 9656K(10368K)->9656K(10368K)
[1437.707s][info][gc             ] GC(507) Pause Young (Allocation Failure) 1424M->85M(4086M) 2.404ms
[1437.707s][info][gc,cpu         ] GC(507) User=0.00s Sys=0.00s Real=0.00s
[1440.469s][info][gc,start       ] GC(508) Pause Young (Allocation Failure)
[1440.474s][info][gc,heap        ] GC(508) PSYoungGen: 1379989K(1388032K)->9719K(1387520K) Eden: 1374736K(1377792K)->0K(1377792K) From: 5252K(10240K)->9719K(9728K)
[1440.474s][info][gc,heap        ] GC(508) ParOldGen: 81913K(2796544K)->95774K(2796544K)
[1440.474s][info][gc,metaspace   ] GC(508) Metaspace: 80146K(81472K)->80146K(81472K) NonClass: 70489K(71104K)->70489K(71104K) Class: 9656K(10368K)->9656K(10368K)
[1440.474s][info][gc             ] GC(508) Pause Young (Allocation Failure) 1427M->103M(4086M) 4.276ms
[1440.474s][info][gc,cpu         ] GC(508) User=0.00s Sys=0.00s Real=0.00s
[1444.722s][info][gc,start       ] GC(509) Pause Young (Allocation Failure)
[1444.724s][info][gc,heap        ] GC(509) PSYoungGen: 1386859K(1387520K)->4443K(1376256K) Eden: 1377140K(1377792K)->0K(1366016K) From: 9719K(9728K)->4443K(10240K)
[1444.724s][info][gc,heap        ] GC(509) ParOldGen: 95774K(2796544K)->99539K(2796544K)
[1444.724s][info][gc,metaspace   ] GC(509) Metaspace: 80146K(81472K)->80146K(81472K) NonClass: 70490K(71104K)->70490K(71104K) Class: 9656K(10368K)->9656K(10368K)
[1444.724s][info][gc             ] GC(509) Pause Young (Allocation Failure) 1447M->101M(4075M) 2.445ms
[1444.724s][info][gc,cpu         ] GC(509) User=0.00s Sys=0.00s Real=0.00s
[1446.921s][info][gc,start       ] GC(510) Pause Young (Allocation Failure)
[1446.924s][info][gc,heap        ] GC(510) PSYoungGen: 1370459K(1376256K)->6048K(1381888K) Eden: 1366016K(1366016K)->0K(1366016K) From: 4443K(10240K)->6048K(15872K)
[1446.924s][info][gc,heap        ] GC(510) ParOldGen: 99539K(2796544K)->102751K(2796544K)
[1446.924s][info][gc,metaspace   ] GC(510) Metaspace: 80146K(81472K)->80146K(81472K) NonClass: 70490K(71104K)->70490K(71104K) Class: 9656K(10368K)->9656K(10368K)
[1446.924s][info][gc             ] GC(510) Pause Young (Allocation Failure) 1435M->106M(4080M) 3.178ms
[1446.924s][info][gc,cpu         ] GC(510) User=0.00s Sys=0.00s Real=0.00s
[1451.559s][info][gc,start       ] GC(511) Pause Young (Allocation Failure)
[1451.562s][info][gc,heap        ] GC(511) PSYoungGen: 1372064K(1381888K)->5249K(1382912K) Eden: 1366016K(1366016K)->0K(1367552K) From: 6048K(15872K)->5249K(15360K)
[1451.562s][info][gc,heap        ] GC(511) ParOldGen: 102751K(2796544K)->107284K(2796544K)
[1451.562s][info][gc,metaspace   ] GC(511) Metaspace: 80146K(81472K)->80146K(81472K) NonClass: 70490K(71104K)->70490K(71104K) Class: 9656K(10368K)->9656K(10368K)
[1451.562s][info][gc             ] GC(511) Pause Young (Allocation Failure) 1440M->109M(4081M) 3.171ms
[1451.562s][info][gc,cpu         ] GC(511) User=0.00s Sys=0.00s Real=0.00s
[1454.158s][info][gc,start       ] GC(512) Pause Young (Allocation Failure)
[1454.161s][info][gc,heap        ] GC(512) PSYoungGen: 1372801K(1382912K)->5538K(1382400K) Eden: 1367552K(1367552K)->0K(1367552K) From: 5249K(15360K)->5538K(14848K)
[1454.161s][info][gc,heap        ] GC(512) ParOldGen: 107284K(2796544K)->111385K(2796544K)
[1454.161s][info][gc,metaspace   ] GC(512) Metaspace: 80146K(81472K)->80146K(81472K) NonClass: 70490K(71104K)->70490K(71104K) Class: 9656K(10368K)->9656K(10368K)
[1454.161s][info][gc             ] GC(512) Pause Young (Allocation Failure) 1445M->114M(4081M) 2.950ms
[1454.161s][info][gc,cpu         ] GC(512) User=0.00s Sys=0.00s Real=0.00s
[1457.929s][info][gc,start       ] GC(513) Pause Young (Allocation Failure)
[1457.934s][info][gc,heap        ] GC(513) PSYoungGen: 1370459K(1382400K)->5554K(1383936K) Eden: 1364921K(1367552K)->0K(1369600K) From: 5538K(14848K)->5554K(14336K)
[1457.934s][info][gc,heap        ] GC(513) ParOldGen: 111385K(2796544K)->114921K(2796544K)
[1457.934s][info][gc,metaspace   ] GC(513) Metaspace: 80148K(81472K)->80148K(81472K) NonClass: 70491K(71104K)->70491K(71104K) Class: 9656K(10368K)->9656K(10368K)
[1457.934s][info][gc             ] GC(513) Pause Young (Allocation Failure) 1447M->117M(4082M) 5.105ms
[1457.934s][info][gc,cpu         ] GC(513) User=0.00s Sys=0.00s Real=0.00s
[1460.920s][info][gc,start       ] GC(514) Pause Young (Allocation Failure)
[1460.923s][info][gc,heap        ] GC(514) PSYoungGen: 1375154K(1383936K)->6201K(1383424K) Eden: 1369600K(1369600K)->0K(1369600K) From: 5554K(14336K)->6201K(13824K)
[1460.923s][info][gc,heap        ] GC(514) ParOldGen: 114921K(2796544K)->117355K(2796544K)
[1460.923s][info][gc,metaspace   ] GC(514) Metaspace: 80148K(81472K)->80148K(81472K) NonClass: 70491K(71104K)->70491K(71104K) Class: 9656K(10368K)->9656K(10368K)
[1460.923s][info][gc             ] GC(514) Pause Young (Allocation Failure) 1455M->120M(4082M) 3.018ms
[1460.923s][info][gc,cpu         ] GC(514) User=0.02s Sys=0.00s Real=0.02s
[1463.905s][info][gc,start       ] GC(515) Pause Young (Allocation Failure)
[1463.908s][info][gc,heap        ] GC(515) PSYoungGen: 1375801K(1383424K)->5384K(1384960K) Eden: 1369600K(1369600K)->0K(1371648K) From: 6201K(13824K)->5384K(13312K)
[1463.908s][info][gc,heap        ] GC(515) ParOldGen: 117355K(2796544K)->122610K(2796544K)
[1463.908s][info][gc,metaspace   ] GC(515) Metaspace: 80148K(81472K)->80148K(81472K) NonClass: 70491K(71104K)->70491K(71104K) Class: 9656K(10368K)->9656K(10368K)
[1463.908s][info][gc             ] GC(515) Pause Young (Allocation Failure) 1458M->124M(4083M) 2.936ms
[1463.908s][info][gc,cpu         ] GC(515) User=0.00s Sys=0.00s Real=0.00s
[1466.178s][info][gc,start       ] GC(516) Pause Young (Allocation Failure)
[1466.181s][info][gc,heap        ] GC(516) PSYoungGen: 1374156K(1384960K)->5906K(1384448K) Eden: 1368771K(1371648K)->0K(1371648K) From: 5384K(13312K)->5906K(12800K)
[1466.181s][info][gc,heap        ] GC(516) ParOldGen: 122610K(2796544K)->126632K(2796544K)
[1466.181s][info][gc,metaspace   ] GC(516) Metaspace: 80148K(81472K)->80148K(81472K) NonClass: 70491K(71104K)->70491K(71104K) Class: 9656K(10368K)->9656K(10368K)
[1466.181s][info][gc             ] GC(516) Pause Young (Allocation Failure) 1461M->129M(4083M) 2.856ms
[1466.181s][info][gc,cpu         ] GC(516) User=0.00s Sys=0.00s Real=0.00s
[1468.575s][info][gc,start       ] GC(517) Pause Young (Allocation Failure)
[1468.579s][info][gc,heap        ] GC(517) PSYoungGen: 1377554K(1384448K)->5810K(1385984K) Eden: 1371648K(1371648K)->0K(1373696K) From: 5906K(12800K)->5810K(12288K)
[1468.579s][info][gc,heap        ] GC(517) ParOldGen: 126632K(2796544K)->131633K(2796544K)
[1468.579s][info][gc,metaspace   ] GC(517) Metaspace: 80148K(81472K)->80148K(81472K) NonClass: 70491K(71104K)->70491K(71104K) Class: 9656K(10368K)->9656K(10368K)
[1468.579s][info][gc             ] GC(517) Pause Young (Allocation Failure) 1468M->134M(4084M) 3.456ms
[1468.579s][info][gc,cpu         ] GC(517) User=0.00s Sys=0.00s Real=0.00s
[1471.722s][info][gc,start       ] GC(518) Pause Young (System.gc())
[1471.725s][info][gc,heap        ] GC(518) PSYoungGen: 1334560K(1385984K)->3548K(1385472K) Eden: 1328749K(1373696K)->0K(1373696K) From: 5810K(12288K)->3548K(11776K)
[1471.725s][info][gc,heap        ] GC(518) ParOldGen: 131633K(2796544K)->136377K(2796544K)
[1471.725s][info][gc,metaspace   ] GC(518) Metaspace: 80148K(81472K)->80148K(81472K) NonClass: 70491K(71104K)->70491K(71104K) Class: 9656K(10368K)->9656K(10368K)
[1471.725s][info][gc             ] GC(518) Pause Young (System.gc()) 1431M->136M(4084M) 2.753ms
[1471.725s][info][gc,cpu         ] GC(518) User=0.00s Sys=0.00s Real=0.00s
[1471.725s][info][gc,start       ] GC(519) Pause Full (System.gc())
[1471.725s][info][gc,phases,start] GC(519) Marking Phase
[1471.744s][info][gc,phases      ] GC(519) Marking Phase 19.447ms
[1471.744s][info][gc,phases,start] GC(519) Summary Phase
[1471.745s][info][gc,phases      ] GC(519) Summary Phase 0.010ms
[1471.745s][info][gc,phases,start] GC(519) Adjust Roots
[1471.751s][info][gc,phases      ] GC(519) Adjust Roots 6.165ms
[1471.751s][info][gc,phases,start] GC(519) Compaction Phase
[1471.764s][info][gc,phases      ] GC(519) Compaction Phase 13.074ms
[1471.764s][info][gc,phases,start] GC(519) Post Compact
[1471.765s][info][gc,phases      ] GC(519) Post Compact 1.210ms
[1471.765s][info][gc,heap        ] GC(519) PSYoungGen: 3548K(1385472K)->0K(1385472K) Eden: 0K(1373696K)->0K(1373696K) From: 3548K(11776K)->0K(11776K)
[1471.765s][info][gc,heap        ] GC(519) ParOldGen: 136377K(2796544K)->83652K(2796544K)
[1471.765s][info][gc,metaspace   ] GC(519) Metaspace: 80148K(81472K)->80148K(81472K) NonClass: 70491K(71104K)->70491K(71104K) Class: 9656K(10368K)->9656K(10368K)
[1471.765s][info][gc             ] GC(519) Pause Full (System.gc()) 136M->81M(4084M) 40.223ms
[1471.765s][info][gc,cpu         ] GC(519) User=0.03s Sys=0.00s Real=0.05s
[1474.988s][info][gc,start       ] GC(520) Pause Young (Allocation Failure)
[1474.990s][info][gc,heap        ] GC(520) PSYoungGen: 1373696K(1385472K)->5090K(1386496K) Eden: 1373696K(1373696K)->0K(1374720K) From: 0K(11776K)->5090K(11776K)
[1474.991s][info][gc,heap        ] GC(520) ParOldGen: 83652K(2796544K)->83652K(2796544K)
[1474.991s][info][gc,metaspace   ] GC(520) Metaspace: 80148K(81472K)->80148K(81472K) NonClass: 70491K(71104K)->70491K(71104K) Class: 9656K(10368K)->9656K(10368K)
[1474.991s][info][gc             ] GC(520) Pause Young (Allocation Failure) 1423M->86M(4085M) 2.388ms
[1474.991s][info][gc,cpu         ] GC(520) User=0.00s Sys=0.00s Real=0.00s
[1477.706s][info][gc,start       ] GC(521) Pause Young (Allocation Failure)
[1477.711s][info][gc,heap        ] GC(521) PSYoungGen: 1378003K(1386496K)->11234K(1385984K) Eden: 1372913K(1374720K)->0K(1374720K) From: 5090K(11776K)->11234K(11264K)
[1477.711s][info][gc,heap        ] GC(521) ParOldGen: 83652K(2796544K)->95577K(2796544K)
[1477.711s][info][gc,metaspace   ] GC(521) Metaspace: 80148K(81472K)->80148K(81472K) NonClass: 70491K(71104K)->70491K(71104K) Class: 9656K(10368K)->9656K(10368K)
[1477.711s][info][gc             ] GC(521) Pause Young (Allocation Failure) 1427M->104M(4084M) 4.235ms
[1477.711s][info][gc,cpu         ] GC(521) User=0.00s Sys=0.00s Real=0.00s
[1481.858s][info][gc,start       ] GC(522) Pause Young (Allocation Failure)
[1481.860s][info][gc,heap        ] GC(522) PSYoungGen: 1385954K(1385984K)->5762K(1375744K) Eden: 1374720K(1374720K)->0K(1363968K) From: 11234K(11264K)->5762K(11776K)
[1481.860s][info][gc,heap        ] GC(522) ParOldGen: 95577K(2796544K)->98001K(2796544K)
[1481.860s][info][gc,metaspace   ] GC(522) Metaspace: 80148K(81472K)->80148K(81472K) NonClass: 70491K(71104K)->70491K(71104K) Class: 9656K(10368K)->9656K(10368K)
[1481.860s][info][gc             ] GC(522) Pause Young (Allocation Failure) 1446M->101M(4074M) 2.665ms
[1481.860s][info][gc,cpu         ] GC(522) User=0.00s Sys=0.00s Real=0.00s
[1484.112s][info][gc,start       ] GC(523) Pause Young (Allocation Failure)
[1484.115s][info][gc,heap        ] GC(523) PSYoungGen: 1369730K(1375744K)->5953K(1380864K) Eden: 1363968K(1363968K)->0K(1363968K) From: 5762K(11776K)->5953K(16896K)
[1484.115s][info][gc,heap        ] GC(523) ParOldGen: 98001K(2796544K)->101212K(2796544K)
[1484.115s][info][gc,metaspace   ] GC(523) Metaspace: 80148K(81472K)->80148K(81472K) NonClass: 70491K(71104K)->70491K(71104K) Class: 9656K(10368K)->9656K(10368K)
[1484.115s][info][gc             ] GC(523) Pause Young (Allocation Failure) 1433M->104M(4079M) 3.165ms
[1484.115s][info][gc,cpu         ] GC(523) User=0.00s Sys=0.00s Real=0.00s
[1488.785s][info][gc,start       ] GC(524) Pause Young (Allocation Failure)
[1488.788s][info][gc,heap        ] GC(524) PSYoungGen: 1369921K(1380864K)->5789K(1382400K) Eden: 1363968K(1363968K)->0K(1366528K) From: 5953K(16896K)->5789K(15872K)
[1488.788s][info][gc,heap        ] GC(524) ParOldGen: 101212K(2796544K)->105414K(2796544K)
[1488.788s][info][gc,metaspace   ] GC(524) Metaspace: 80148K(81472K)->80148K(81472K) NonClass: 70491K(71104K)->70491K(71104K) Class: 9656K(10368K)->9656K(10368K)
[1488.788s][info][gc             ] GC(524) Pause Young (Allocation Failure) 1436M->108M(4081M) 3.409ms
[1488.788s][info][gc,cpu         ] GC(524) User=0.00s Sys=0.00s Real=0.02s
[1491.188s][info][gc,start       ] GC(525) Pause Young (Allocation Failure)
[1491.191s][info][gc,heap        ] GC(525) PSYoungGen: 1372317K(1382400K)->5911K(1381888K) Eden: 1366528K(1366528K)->0K(1366528K) From: 5789K(15872K)->5911K(15360K)
[1491.191s][info][gc,heap        ] GC(525) ParOldGen: 105414K(2796544K)->108902K(2796544K)
[1491.191s][info][gc,metaspace   ] GC(525) Metaspace: 80148K(81472K)->80148K(81472K) NonClass: 70491K(71104K)->70491K(71104K) Class: 9656K(10368K)->9656K(10368K)
[1491.191s][info][gc             ] GC(525) Pause Young (Allocation Failure) 1443M->112M(4080M) 2.796ms
[1491.191s][info][gc,cpu         ] GC(525) User=0.00s Sys=0.00s Real=0.00s
[1495.095s][info][gc,start       ] GC(526) Pause Young (Allocation Failure)
[1495.098s][info][gc,heap        ] GC(526) PSYoungGen: 1370487K(1381888K)->4504K(1382912K) Eden: 1364576K(1366528K)->0K(1368064K) From: 5911K(15360K)->4504K(14848K)
[1495.098s][info][gc,heap        ] GC(526) ParOldGen: 108902K(2796544K)->113083K(2796544K)
[1495.098s][info][gc,metaspace   ] GC(526) Metaspace: 80148K(81472K)->80148K(81472K) NonClass: 70492K(71104K)->70492K(71104K) Class: 9656K(10368K)->9656K(10368K)
[1495.098s][info][gc             ] GC(526) Pause Young (Allocation Failure) 1444M->114M(4081M) 2.657ms
[1495.098s][info][gc,cpu         ] GC(526) User=0.00s Sys=0.00s Real=0.00s
[1497.996s][info][gc,start       ] GC(527) Pause Young (Allocation Failure)
[1497.999s][info][gc,heap        ] GC(527) PSYoungGen: 1372568K(1382912K)->7181K(1382912K) Eden: 1368064K(1368064K)->0K(1368064K) From: 4504K(14848K)->7181K(14848K)
[1497.999s][info][gc,heap        ] GC(527) ParOldGen: 113083K(2796544K)->115378K(2796544K)
[1497.999s][info][gc,metaspace   ] GC(527) Metaspace: 80148K(81472K)->80148K(81472K) NonClass: 70492K(71104K)->70492K(71104K) Class: 9656K(10368K)->9656K(10368K)
[1497.999s][info][gc             ] GC(527) Pause Young (Allocation Failure) 1450M->119M(4081M) 3.061ms
[1497.999s][info][gc,cpu         ] GC(527) User=0.00s Sys=0.00s Real=0.00s
[1500.910s][info][gc,start       ] GC(528) Pause Young (Allocation Failure)
[1500.913s][info][gc,heap        ] GC(528) PSYoungGen: 1375242K(1382912K)->4754K(1383936K) Eden: 1368061K(1368064K)->0K(1370112K) From: 7181K(14848K)->4754K(13824K)
[1500.913s][info][gc,heap        ] GC(528) ParOldGen: 115378K(2796544K)->120684K(2796544K)
[1500.913s][info][gc,metaspace   ] GC(528) Metaspace: 80148K(81472K)->80148K(81472K) NonClass: 70492K(71104K)->70492K(71104K) Class: 9656K(10368K)->9656K(10368K)
[1500.913s][info][gc             ] GC(528) Pause Young (Allocation Failure) 1455M->122M(4082M) 2.958ms
[1500.913s][info][gc,cpu         ] GC(528) User=0.02s Sys=0.00s Real=0.02s
[1503.127s][info][gc,start       ] GC(529) Pause Young (Allocation Failure)
[1503.131s][info][gc,heap        ] GC(529) PSYoungGen: 1374866K(1383936K)->6476K(1383936K) Eden: 1370112K(1370112K)->0K(1370112K) From: 4754K(13824K)->6476K(13824K)
[1503.131s][info][gc,heap        ] GC(529) ParOldGen: 120684K(2796544K)->124607K(2796544K)
[1503.131s][info][gc,metaspace   ] GC(529) Metaspace: 80148K(81472K)->80148K(81472K) NonClass: 70492K(71104K)->70492K(71104K) Class: 9656K(10368K)->9656K(10368K)
[1503.131s][info][gc             ] GC(529) Pause Young (Allocation Failure) 1460M->128M(4082M) 3.645ms
[1503.131s][info][gc,cpu         ] GC(529) User=0.00s Sys=0.00s Real=0.00s
[1505.585s][info][gc,start       ] GC(530) Pause Young (Allocation Failure)
[1505.588s][info][gc,heap        ] GC(530) PSYoungGen: 1376588K(1383936K)->6162K(1385472K) Eden: 1370112K(1370112K)->0K(1372672K) From: 6476K(13824K)->6162K(12800K)
[1505.588s][info][gc,heap        ] GC(530) ParOldGen: 124607K(2796544K)->129653K(2796544K)
[1505.588s][info][gc,metaspace   ] GC(530) Metaspace: 80148K(81472K)->80148K(81472K) NonClass: 70492K(71104K)->70492K(71104K) Class: 9656K(10368K)->9656K(10368K)
[1505.588s][info][gc             ] GC(530) Pause Young (Allocation Failure) 1466M->132M(4084M) 3.729ms
[1505.588s][info][gc,cpu         ] GC(530) User=0.00s Sys=0.00s Real=0.00s
[1508.730s][info][gc,start       ] GC(531) Pause Young (System.gc())
[1508.733s][info][gc,heap        ] GC(531) PSYoungGen: 1360670K(1385472K)->3627K(1384960K) Eden: 1354507K(1372672K)->0K(1372672K) From: 6162K(12800K)->3627K(12288K)
[1508.733s][info][gc,heap        ] GC(531) ParOldGen: 129653K(2796544K)->134448K(2796544K)
[1508.733s][info][gc,metaspace   ] GC(531) Metaspace: 80148K(81472K)->80148K(81472K) NonClass: 70492K(71104K)->70492K(71104K) Class: 9656K(10368K)->9656K(10368K)
[1508.733s][info][gc             ] GC(531) Pause Young (System.gc()) 1455M->134M(4083M) 2.695ms
[1508.733s][info][gc,cpu         ] GC(531) User=0.00s Sys=0.00s Real=0.00s
[1508.733s][info][gc,start       ] GC(532) Pause Full (System.gc())
[1508.733s][info][gc,phases,start] GC(532) Marking Phase
[1508.752s][info][gc,phases      ] GC(532) Marking Phase 19.487ms
[1508.752s][info][gc,phases,start] GC(532) Summary Phase
[1508.752s][info][gc,phases      ] GC(532) Summary Phase 0.010ms
[1508.752s][info][gc,phases,start] GC(532) Adjust Roots
[1508.759s][info][gc,phases      ] GC(532) Adjust Roots 6.850ms
[1508.759s][info][gc,phases,start] GC(532) Compaction Phase
[1508.770s][info][gc,phases      ] GC(532) Compaction Phase 11.189ms
[1508.770s][info][gc,phases,start] GC(532) Post Compact
[1508.772s][info][gc,phases      ] GC(532) Post Compact 1.226ms
[1508.772s][info][gc,heap        ] GC(532) PSYoungGen: 3627K(1384960K)->0K(1384960K) Eden: 0K(1372672K)->0K(1372672K) From: 3627K(12288K)->0K(12288K)
[1508.772s][info][gc,heap        ] GC(532) ParOldGen: 134448K(2796544K)->83533K(2796544K)
[1508.772s][info][gc,metaspace   ] GC(532) Metaspace: 80148K(81472K)->80148K(81472K) NonClass: 70492K(71104K)->70492K(71104K) Class: 9656K(10368K)->9656K(10368K)
[1508.772s][info][gc             ] GC(532) Pause Full (System.gc()) 134M->81M(4083M) 39.026ms
[1508.772s][info][gc,cpu         ] GC(532) User=0.02s Sys=0.00s Real=0.03s
[1512.120s][info][gc,start       ] GC(533) Pause Young (Allocation Failure)
[1512.122s][info][gc,heap        ] GC(533) PSYoungGen: 1372672K(1384960K)->5137K(1385472K) Eden: 1372672K(1372672K)->0K(1373184K) From: 0K(12288K)->5137K(12288K)
[1512.122s][info][gc,heap        ] GC(533) ParOldGen: 83533K(2796544K)->83533K(2796544K)
[1512.122s][info][gc,metaspace   ] GC(533) Metaspace: 80148K(81472K)->80148K(81472K) NonClass: 70492K(71104K)->70492K(71104K) Class: 9656K(10368K)->9656K(10368K)
[1512.122s][info][gc             ] GC(533) Pause Young (Allocation Failure) 1422M->86M(4084M) 2.149ms
[1512.123s][info][gc,cpu         ] GC(533) User=0.00s Sys=0.00s Real=0.00s
[1514.851s][info][gc,start       ] GC(534) Pause Young (Allocation Failure)
[1514.856s][info][gc,heap        ] GC(534) PSYoungGen: 1377762K(1385472K)->11119K(1384448K) Eden: 1372625K(1373184K)->0K(1373184K) From: 5137K(12288K)->11119K(11264K)
[1514.856s][info][gc,heap        ] GC(534) ParOldGen: 83533K(2796544K)->95787K(2796544K)
[1514.856s][info][gc,metaspace   ] GC(534) Metaspace: 80148K(81472K)->80148K(81472K) NonClass: 70492K(71104K)->70492K(71104K) Class: 9656K(10368K)->9656K(10368K)
[1514.856s][info][gc             ] GC(534) Pause Young (Allocation Failure) 1427M->104M(4083M) 4.535ms
[1514.856s][info][gc,cpu         ] GC(534) User=0.00s Sys=0.00s Real=0.00s
[1519.099s][info][gc,start       ] GC(535) Pause Young (Allocation Failure)
[1519.101s][info][gc,heap        ] GC(535) PSYoungGen: 1384303K(1384448K)->6295K(1384960K) Eden: 1373184K(1373184K)->0K(1371648K) From: 11119K(11264K)->6295K(13312K)
[1519.101s][info][gc,heap        ] GC(535) ParOldGen: 95787K(2796544K)->98430K(2796544K)
[1519.101s][info][gc,metaspace   ] GC(535) Metaspace: 80148K(81472K)->80148K(81472K) NonClass: 70492K(71104K)->70492K(71104K) Class: 9656K(10368K)->9656K(10368K)
[1519.101s][info][gc             ] GC(535) Pause Young (Allocation Failure) 1445M->102M(4083M) 2.615ms
[1519.101s][info][gc,cpu         ] GC(535) User=0.00s Sys=0.00s Real=0.00s
[1521.325s][info][gc,start       ] GC(536) Pause Young (Allocation Failure)
[1521.328s][info][gc,heap        ] GC(536) PSYoungGen: 1377943K(1384960K)->6099K(1384448K) Eden: 1371648K(1371648K)->0K(1371648K) From: 6295K(13312K)->6099K(12800K)
[1521.328s][info][gc,heap        ] GC(536) ParOldGen: 98430K(2796544K)->101588K(2796544K)
[1521.328s][info][gc,metaspace   ] GC(536) Metaspace: 80148K(81472K)->80148K(81472K) NonClass: 70492K(71104K)->70492K(71104K) Class: 9656K(10368K)->9656K(10368K)
[1521.328s][info][gc             ] GC(536) Pause Young (Allocation Failure) 1441M->105M(4083M) 2.947ms
[1521.328s][info][gc,cpu         ] GC(536) User=0.00s Sys=0.00s Real=0.00s
[1525.965s][info][gc,start       ] GC(537) Pause Young (Allocation Failure)
[1525.968s][info][gc,heap        ] GC(537) PSYoungGen: 1377747K(1384448K)->5466K(1385984K) Eden: 1371648K(1371648K)->0K(1373696K) From: 6099K(12800K)->5466K(12288K)
[1525.968s][info][gc,heap        ] GC(537) ParOldGen: 101588K(2796544K)->106164K(2796544K)
[1525.968s][info][gc,metaspace   ] GC(537) Metaspace: 80148K(81472K)->80148K(81472K) NonClass: 70492K(71104K)->70492K(71104K) Class: 9656K(10368K)->9656K(10368K)
[1525.968s][info][gc             ] GC(537) Pause Young (Allocation Failure) 1444M->109M(4084M) 3.102ms
[1525.968s][info][gc,cpu         ] GC(537) User=0.00s Sys=0.00s Real=0.00s
[1528.527s][info][gc,start       ] GC(538) Pause Young (Allocation Failure)
[1528.530s][info][gc,heap        ] GC(538) PSYoungGen: 1379162K(1385984K)->5815K(1385472K) Eden: 1373696K(1373696K)->0K(1373696K) From: 5466K(12288K)->5815K(11776K)
[1528.530s][info][gc,heap        ] GC(538) ParOldGen: 106164K(2796544K)->110328K(2796544K)
[1528.530s][info][gc,metaspace   ] GC(538) Metaspace: 80148K(81472K)->80148K(81472K) NonClass: 70492K(71104K)->70492K(71104K) Class: 9656K(10368K)->9656K(10368K)
[1528.530s][info][gc             ] GC(538) Pause Young (Allocation Failure) 1450M->113M(4084M) 2.953ms
[1528.530s][info][gc,cpu         ] GC(538) User=0.00s Sys=0.00s Real=0.00s
[1532.331s][info][gc,start       ] GC(539) Pause Young (Allocation Failure)
[1532.334s][info][gc,heap        ] GC(539) PSYoungGen: 1376108K(1385472K)->5928K(1386496K) Eden: 1370292K(1373696K)->0K(1375232K) From: 5815K(11776K)->5928K(11264K)
[1532.334s][info][gc,heap        ] GC(539) ParOldGen: 110328K(2796544K)->113790K(2796544K)
[1532.334s][info][gc,metaspace   ] GC(539) Metaspace: 80151K(81472K)->80151K(81472K) NonClass: 70494K(71104K)->70494K(71104K) Class: 9656K(10368K)->9656K(10368K)
[1532.334s][info][gc             ] GC(539) Pause Young (Allocation Failure) 1451M->116M(4085M) 3.104ms
[1532.334s][info][gc,cpu         ] GC(539) User=0.00s Sys=0.00s Real=0.00s
[1535.323s][info][gc,start       ] GC(540) Pause Young (Allocation Failure)
[1535.326s][info][gc,heap        ] GC(540) PSYoungGen: 1381160K(1386496K)->6984K(1386496K) Eden: 1375232K(1375232K)->0K(1375232K) From: 5928K(11264K)->6984K(11264K)
[1535.326s][info][gc,heap        ] GC(540) ParOldGen: 113790K(2796544K)->116294K(2796544K)
[1535.326s][info][gc,metaspace   ] GC(540) Metaspace: 80151K(81472K)->80151K(81472K) NonClass: 70494K(71104K)->70494K(71104K) Class: 9656K(10368K)->9656K(10368K)
[1535.326s][info][gc             ] GC(540) Pause Young (Allocation Failure) 1459M->120M(4085M) 3.159ms
[1535.326s][info][gc,cpu         ] GC(540) User=0.00s Sys=0.00s Real=0.00s
[1538.347s][info][gc,start       ] GC(541) Pause Young (Allocation Failure)
[1538.351s][info][gc,heap        ] GC(541) PSYoungGen: 1382216K(1386496K)->4929K(1387008K) Eden: 1375232K(1375232K)->0K(1376256K) From: 6984K(11264K)->4929K(10752K)
[1538.351s][info][gc,heap        ] GC(541) ParOldGen: 116294K(2796544K)->121496K(2796544K)
[1538.351s][info][gc,metaspace   ] GC(541) Metaspace: 80151K(81472K)->80151K(81472K) NonClass: 70494K(71104K)->70494K(71104K) Class: 9656K(10368K)->9656K(10368K)
[1538.351s][info][gc             ] GC(541) Pause Young (Allocation Failure) 1463M->123M(4085M) 3.151ms
[1538.351s][info][gc,cpu         ] GC(541) User=0.00s Sys=0.00s Real=0.00s
[1540.577s][info][gc,start       ] GC(542) Pause Young (Allocation Failure)
[1540.581s][info][gc,heap        ] GC(542) PSYoungGen: 1381185K(1387008K)->6769K(1387008K) Eden: 1376256K(1376256K)->0K(1376256K) From: 4929K(10752K)->6769K(10752K)
[1540.581s][info][gc,heap        ] GC(542) ParOldGen: 121496K(2796544K)->125495K(2796544K)
[1540.581s][info][gc,metaspace   ] GC(542) Metaspace: 80151K(81472K)->80151K(81472K) NonClass: 70494K(71104K)->70494K(71104K) Class: 9656K(10368K)->9656K(10368K)
[1540.581s][info][gc             ] GC(542) Pause Young (Allocation Failure) 1467M->129M(4085M) 3.465ms
[1540.581s][info][gc,cpu         ] GC(542) User=0.00s Sys=0.00s Real=0.00s
[1542.860s][info][gc,start       ] GC(543) Pause Young (Allocation Failure)
[1542.864s][info][gc,heap        ] GC(543) PSYoungGen: 1383025K(1387008K)->5885K(1387520K) Eden: 1376256K(1376256K)->0K(1377280K) From: 6769K(10752K)->5885K(10240K)
[1542.864s][info][gc,heap        ] GC(543) ParOldGen: 125495K(2796544K)->130556K(2796544K)
[1542.864s][info][gc,metaspace   ] GC(543) Metaspace: 80151K(81472K)->80151K(81472K) NonClass: 70494K(71104K)->70494K(71104K) Class: 9656K(10368K)->9656K(10368K)
[1542.864s][info][gc             ] GC(543) Pause Young (Allocation Failure) 1473M->133M(4086M) 3.654ms
[1542.864s][info][gc,cpu         ] GC(543) User=0.02s Sys=0.00s Real=0.01s
[1545.984s][info][gc,start       ] GC(544) Pause Young (System.gc())
[1545.987s][info][gc,heap        ] GC(544) PSYoungGen: 1289638K(1387520K)->3746K(1387520K) Eden: 1283752K(1377280K)->0K(1377280K) From: 5885K(10240K)->3746K(10240K)
[1545.987s][info][gc,heap        ] GC(544) ParOldGen: 130556K(2796544K)->135296K(2796544K)
[1545.987s][info][gc,metaspace   ] GC(544) Metaspace: 80151K(81472K)->80151K(81472K) NonClass: 70494K(71104K)->70494K(71104K) Class: 9656K(10368K)->9656K(10368K)
[1545.987s][info][gc             ] GC(544) Pause Young (System.gc()) 1386M->135M(4086M) 2.748ms
[1545.987s][info][gc,cpu         ] GC(544) User=0.00s Sys=0.00s Real=0.00s
[1545.987s][info][gc,start       ] GC(545) Pause Full (System.gc())
[1545.987s][info][gc,phases,start] GC(545) Marking Phase
[1546.006s][info][gc,phases      ] GC(545) Marking Phase 19.468ms
[1546.006s][info][gc,phases,start] GC(545) Summary Phase
[1546.006s][info][gc,phases      ] GC(545) Summary Phase 0.024ms
[1546.006s][info][gc,phases,start] GC(545) Adjust Roots
[1546.013s][info][gc,phases      ] GC(545) Adjust Roots 6.134ms
[1546.013s][info][gc,phases,start] GC(545) Compaction Phase
[1546.025s][info][gc,phases      ] GC(545) Compaction Phase 11.917ms
[1546.025s][info][gc,phases,start] GC(545) Post Compact
[1546.026s][info][gc,phases      ] GC(545) Post Compact 1.221ms
[1546.026s][info][gc,heap        ] GC(545) PSYoungGen: 3746K(1387520K)->0K(1387520K) Eden: 0K(1377280K)->0K(1377280K) From: 3746K(10240K)->0K(10240K)
[1546.026s][info][gc,heap        ] GC(545) ParOldGen: 135296K(2796544K)->81877K(2796544K)
[1546.026s][info][gc,metaspace   ] GC(545) Metaspace: 80151K(81472K)->80151K(81472K) NonClass: 70494K(71104K)->70494K(71104K) Class: 9656K(10368K)->9656K(10368K)
[1546.026s][info][gc             ] GC(545) Pause Full (System.gc()) 135M->79M(4086M) 39.086ms
[1546.026s][info][gc,cpu         ] GC(545) User=0.03s Sys=0.00s Real=0.05s
[1549.260s][info][gc,start       ] GC(546) Pause Young (Allocation Failure)
[1549.262s][info][gc,heap        ] GC(546) PSYoungGen: 1377280K(1387520K)->5251K(1388032K) Eden: 1377280K(1377280K)->0K(1377792K) From: 0K(10240K)->5251K(10240K)
[1549.262s][info][gc,heap        ] GC(546) ParOldGen: 81877K(2796544K)->81877K(2796544K)
[1549.262s][info][gc,metaspace   ] GC(546) Metaspace: 80151K(81472K)->80151K(81472K) NonClass: 70494K(71104K)->70494K(71104K) Class: 9656K(10368K)->9656K(10368K)
[1549.262s][info][gc             ] GC(546) Pause Young (Allocation Failure) 1424M->85M(4086M) 2.625ms
[1549.262s][info][gc,cpu         ] GC(546) User=0.02s Sys=0.00s Real=0.02s
[1551.966s][info][gc,start       ] GC(547) Pause Young (Allocation Failure)
[1551.971s][info][gc,heap        ] GC(547) PSYoungGen: 1379575K(1388032K)->9717K(1387520K) Eden: 1374323K(1377792K)->0K(1377792K) From: 5251K(10240K)->9717K(9728K)
[1551.971s][info][gc,heap        ] GC(547) ParOldGen: 81877K(2796544K)->87021K(2796544K)
[1551.971s][info][gc,metaspace   ] GC(547) Metaspace: 80151K(81472K)->80151K(81472K) NonClass: 70494K(71104K)->70494K(71104K) Class: 9656K(10368K)->9656K(10368K)
[1551.971s][info][gc             ] GC(547) Pause Young (Allocation Failure) 1427M->94M(4086M) 4.542ms
[1551.971s][info][gc,cpu         ] GC(547) User=0.00s Sys=0.00s Real=0.00s
[1556.252s][info][gc,start       ] GC(548) Pause Young (Allocation Failure)
[1556.254s][info][gc,heap        ] GC(548) PSYoungGen: 1386770K(1387520K)->4330K(1382400K) Eden: 1377052K(1377792K)->0K(1372160K) From: 9717K(9728K)->4330K(10240K)
[1556.254s][info][gc,heap        ] GC(548) ParOldGen: 87021K(2796544K)->89713K(2796544K)
[1556.254s][info][gc,metaspace   ] GC(548) Metaspace: 80151K(81472K)->80151K(81472K) NonClass: 70494K(71104K)->70494K(71104K) Class: 9656K(10368K)->9656K(10368K)
[1556.254s][info][gc             ] GC(548) Pause Young (Allocation Failure) 1439M->91M(4081M) 2.142ms
[1556.254s][info][gc,cpu         ] GC(548) User=0.00s Sys=0.00s Real=0.00s
[1558.418s][info][gc,start       ] GC(549) Pause Young (Allocation Failure)
[1558.421s][info][gc,heap        ] GC(549) PSYoungGen: 1376490K(1382400K)->6815K(1384960K) Eden: 1372160K(1372160K)->0K(1372160K) From: 4330K(10240K)->6815K(12800K)
[1558.421s][info][gc,heap        ] GC(549) ParOldGen: 89713K(2796544K)->92944K(2796544K)
[1558.421s][info][gc,metaspace   ] GC(549) Metaspace: 80151K(81472K)->80151K(81472K) NonClass: 70494K(71104K)->70494K(71104K) Class: 9656K(10368K)->9656K(10368K)
[1558.421s][info][gc             ] GC(549) Pause Young (Allocation Failure) 1431M->97M(4083M) 3.249ms
[1558.421s][info][gc,cpu         ] GC(549) User=0.00s Sys=0.00s Real=0.00s
[1563.104s][info][gc,start       ] GC(550) Pause Young (Allocation Failure)
[1563.107s][info][gc,heap        ] GC(550) PSYoungGen: 1378908K(1384960K)->5456K(1385984K) Eden: 1372093K(1372160K)->0K(1373696K) From: 6815K(12800K)->5456K(12288K)
[1563.107s][info][gc,heap        ] GC(550) ParOldGen: 92944K(2796544K)->97587K(2796544K)
[1563.107s][info][gc,metaspace   ] GC(550) Metaspace: 80151K(81472K)->80151K(81472K) NonClass: 70494K(71104K)->70494K(71104K) Class: 9656K(10368K)->9656K(10368K)
[1563.107s][info][gc             ] GC(550) Pause Young (Allocation Failure) 1437M->100M(4084M) 3.565ms
[1563.107s][info][gc,cpu         ] GC(550) User=0.00s Sys=0.00s Real=0.00s
[1565.684s][info][gc,start       ] GC(551) Pause Young (Allocation Failure)
[1565.687s][info][gc,heap        ] GC(551) PSYoungGen: 1379152K(1385984K)->6630K(1385472K) Eden: 1373696K(1373696K)->0K(1373696K) From: 5456K(12288K)->6630K(11776K)
[1565.687s][info][gc,heap        ] GC(551) ParOldGen: 97587K(2796544K)->101716K(2796544K)
[1565.687s][info][gc,metaspace   ] GC(551) Metaspace: 80151K(81472K)->80151K(81472K) NonClass: 70494K(71104K)->70494K(71104K) Class: 9656K(10368K)->9656K(10368K)
[1565.687s][info][gc             ] GC(551) Pause Young (Allocation Failure) 1442M->105M(4084M) 3.070ms
[1565.687s][info][gc,cpu         ] GC(551) User=0.00s Sys=0.00s Real=0.00s
[1569.462s][info][gc,start       ] GC(552) Pause Young (Allocation Failure)
[1569.465s][info][gc,heap        ] GC(552) PSYoungGen: 1377303K(1385472K)->9990K(1384448K) Eden: 1370672K(1373696K)->0K(1373184K) From: 6630K(11776K)->9990K(11264K)
[1569.465s][info][gc,heap        ] GC(552) ParOldGen: 101716K(2796544K)->105250K(2796544K)
[1569.465s][info][gc,metaspace   ] GC(552) Metaspace: 80151K(81472K)->80151K(81472K) NonClass: 70494K(71104K)->70494K(71104K) Class: 9656K(10368K)->9656K(10368K)
[1569.466s][info][gc             ] GC(552) Pause Young (Allocation Failure) 1444M->112M(4083M) 3.877ms
[1569.466s][info][gc,cpu         ] GC(552) User=0.00s Sys=0.00s Real=0.00s
[1572.507s][info][gc,start       ] GC(553) Pause Young (Allocation Failure)
[1572.510s][info][gc,heap        ] GC(553) PSYoungGen: 1383174K(1384448K)->7295K(1385472K) Eden: 1373184K(1373184K)->0K(1373184K) From: 9990K(11264K)->7295K(12288K)
[1572.510s][info][gc,heap        ] GC(553) ParOldGen: 105250K(2796544K)->107679K(2796544K)
[1572.510s][info][gc,metaspace   ] GC(553) Metaspace: 80151K(81472K)->80151K(81472K) NonClass: 70495K(71104K)->70495K(71104K) Class: 9656K(10368K)->9656K(10368K)
[1572.510s][info][gc             ] GC(553) Pause Young (Allocation Failure) 1453M->112M(4084M) 3.405ms
[1572.511s][info][gc,cpu         ] GC(553) User=0.02s Sys=0.00s Real=0.02s
[1575.532s][info][gc,start       ] GC(554) Pause Young (Allocation Failure)
[1575.535s][info][gc,heap        ] GC(554) PSYoungGen: 1380479K(1385472K)->5724K(1385984K) Eden: 1373184K(1373184K)->0K(1374208K) From: 7295K(12288K)->5724K(11776K)
[1575.535s][info][gc,heap        ] GC(554) ParOldGen: 107679K(2796544K)->112842K(2796544K)
[1575.535s][info][gc,metaspace   ] GC(554) Metaspace: 80151K(81472K)->80151K(81472K) NonClass: 70495K(71104K)->70495K(71104K) Class: 9656K(10368K)->9656K(10368K)
[1575.536s][info][gc             ] GC(554) Pause Young (Allocation Failure) 1453M->115M(4084M) 3.222ms
[1575.536s][info][gc,cpu         ] GC(554) User=0.00s Sys=0.00s Real=0.00s
[1577.859s][info][gc,start       ] GC(555) Pause Young (Allocation Failure)
[1577.863s][info][gc,heap        ] GC(555) PSYoungGen: 1379932K(1385984K)->7439K(1385984K) Eden: 1374208K(1374208K)->0K(1374208K) From: 5724K(11776K)->7439K(11776K)
[1577.863s][info][gc,heap        ] GC(555) ParOldGen: 112842K(2796544K)->116835K(2796544K)
[1577.863s][info][gc,metaspace   ] GC(555) Metaspace: 80151K(81472K)->80151K(81472K) NonClass: 70495K(71104K)->70495K(71104K) Class: 9656K(10368K)->9656K(10368K)
[1577.863s][info][gc             ] GC(555) Pause Young (Allocation Failure) 1457M->121M(4084M) 3.555ms
[1577.863s][info][gc,cpu         ] GC(555) User=0.00s Sys=0.00s Real=0.00s
[1580.163s][info][gc,start       ] GC(556) Pause Young (Allocation Failure)
[1580.167s][info][gc,heap        ] GC(556) PSYoungGen: 1381647K(1385984K)->6035K(1386496K) Eden: 1374208K(1374208K)->0K(1375232K) From: 7439K(11776K)->6035K(11264K)
[1580.167s][info][gc,heap        ] GC(556) ParOldGen: 116835K(2796544K)->121834K(2796544K)
[1580.167s][info][gc,metaspace   ] GC(556) Metaspace: 80151K(81472K)->80151K(81472K) NonClass: 70495K(71104K)->70495K(71104K) Class: 9656K(10368K)->9656K(10368K)
[1580.167s][info][gc             ] GC(556) Pause Young (Allocation Failure) 1463M->124M(4085M) 3.816ms
[1580.167s][info][gc,cpu         ] GC(556) User=0.02s Sys=0.00s Real=0.01s
[1583.238s][info][gc,start       ] GC(557) Pause Young (System.gc())
[1583.241s][info][gc,heap        ] GC(557) PSYoungGen: 1292665K(1386496K)->3575K(1386496K) Eden: 1286630K(1375232K)->0K(1375232K) From: 6035K(11264K)->3575K(11264K)
[1583.241s][info][gc,heap        ] GC(557) ParOldGen: 121834K(2796544K)->126563K(2796544K)
[1583.241s][info][gc,metaspace   ] GC(557) Metaspace: 80156K(81472K)->80156K(81472K) NonClass: 70500K(71104K)->70500K(71104K) Class: 9656K(10368K)->9656K(10368K)
[1583.241s][info][gc             ] GC(557) Pause Young (System.gc()) 1381M->127M(4085M) 2.737ms
[1583.241s][info][gc,cpu         ] GC(557) User=0.00s Sys=0.00s Real=0.00s
[1583.241s][info][gc,start       ] GC(558) Pause Full (System.gc())
[1583.241s][info][gc,phases,start] GC(558) Marking Phase
[1583.261s][info][gc,phases      ] GC(558) Marking Phase 19.697ms
[1583.261s][info][gc,phases,start] GC(558) Summary Phase
[1583.261s][info][gc,phases      ] GC(558) Summary Phase 0.012ms
[1583.261s][info][gc,phases,start] GC(558) Adjust Roots
[1583.267s][info][gc,phases      ] GC(558) Adjust Roots 6.244ms
[1583.267s][info][gc,phases,start] GC(558) Compaction Phase
[1583.280s][info][gc,phases      ] GC(558) Compaction Phase 12.186ms
[1583.280s][info][gc,phases,start] GC(558) Post Compact
[1583.281s][info][gc,phases      ] GC(558) Post Compact 1.290ms
[1583.281s][info][gc,heap        ] GC(558) PSYoungGen: 3575K(1386496K)->0K(1386496K) Eden: 0K(1375232K)->0K(1375232K) From: 3575K(11264K)->0K(11264K)
[1583.281s][info][gc,heap        ] GC(558) ParOldGen: 126563K(2796544K)->81967K(2796544K)
[1583.281s][info][gc,metaspace   ] GC(558) Metaspace: 80156K(81472K)->80156K(81472K) NonClass: 70500K(71104K)->70500K(71104K) Class: 9656K(10368K)->9656K(10368K)
[1583.281s][info][gc             ] GC(558) Pause Full (System.gc()) 127M->80M(4085M) 39.751ms
[1583.281s][info][gc,cpu         ] GC(558) User=0.03s Sys=0.00s Real=0.03s
[1586.525s][info][gc,start       ] GC(559) Pause Young (Allocation Failure)
[1586.527s][info][gc,heap        ] GC(559) PSYoungGen: 1375232K(1386496K)->5265K(1387008K) Eden: 1375232K(1375232K)->0K(1375744K) From: 0K(11264K)->5265K(11264K)
[1586.527s][info][gc,heap        ] GC(559) ParOldGen: 81967K(2796544K)->81967K(2796544K)
[1586.527s][info][gc,metaspace   ] GC(559) Metaspace: 80156K(81472K)->80156K(81472K) NonClass: 70500K(71104K)->70500K(71104K) Class: 9656K(10368K)->9656K(10368K)
[1586.527s][info][gc             ] GC(559) Pause Young (Allocation Failure) 1423M->85M(4085M) 2.412ms
[1586.527s][info][gc,cpu         ] GC(559) User=0.00s Sys=0.00s Real=0.00s
[1589.229s][info][gc,start       ] GC(560) Pause Young (Allocation Failure)
[1589.234s][info][gc,heap        ] GC(560) PSYoungGen: 1378167K(1387008K)->10749K(1386496K) Eden: 1372902K(1375744K)->0K(1375744K) From: 5265K(11264K)->10749K(10752K)
[1589.234s][info][gc,heap        ] GC(560) ParOldGen: 81967K(2796544K)->94442K(2796544K)
[1589.234s][info][gc,metaspace   ] GC(560) Metaspace: 80156K(81472K)->80156K(81472K) NonClass: 70500K(71104K)->70500K(71104K) Class: 9656K(10368K)->9656K(10368K)
[1589.234s][info][gc             ] GC(560) Pause Young (Allocation Failure) 1425M->102M(4085M) 4.615ms
[1589.234s][info][gc,cpu         ] GC(560) User=0.00s Sys=0.00s Real=0.00s
[1593.498s][info][gc,start       ] GC(561) Pause Young (Allocation Failure)
[1593.500s][info][gc,heap        ] GC(561) PSYoungGen: 1386493K(1386496K)->6242K(1376256K) Eden: 1375744K(1375744K)->0K(1364992K) From: 10749K(10752K)->6242K(11264K)
[1593.500s][info][gc,heap        ] GC(561) ParOldGen: 94442K(2796544K)->97295K(2796544K)
[1593.500s][info][gc,metaspace   ] GC(561) Metaspace: 80156K(81472K)->80156K(81472K) NonClass: 70500K(71104K)->70500K(71104K) Class: 9656K(10368K)->9656K(10368K)
[1593.501s][info][gc             ] GC(561) Pause Young (Allocation Failure) 1446M->101M(4075M) 2.557ms
[1593.501s][info][gc,cpu         ] GC(561) User=0.00s Sys=0.00s Real=0.00s
[1595.749s][info][gc,start       ] GC(562) Pause Young (Allocation Failure)
[1595.753s][info][gc,heap        ] GC(562) PSYoungGen: 1371234K(1376256K)->5888K(1381376K) Eden: 1364992K(1364992K)->0K(1364992K) From: 6242K(11264K)->5888K(16384K)
[1595.753s][info][gc,heap        ] GC(562) ParOldGen: 97295K(2796544K)->100528K(2796544K)
[1595.753s][info][gc,metaspace   ] GC(562) Metaspace: 80156K(81472K)->80156K(81472K) NonClass: 70500K(71104K)->70500K(71104K) Class: 9656K(10368K)->9656K(10368K)
[1595.753s][info][gc             ] GC(562) Pause Young (Allocation Failure) 1434M->103M(4080M) 3.280ms
[1595.753s][info][gc,cpu         ] GC(562) User=0.00s Sys=0.00s Real=0.00s
[1600.468s][info][gc,start       ] GC(563) Pause Young (Allocation Failure)
[1600.472s][info][gc,heap        ] GC(563) PSYoungGen: 1370880K(1381376K)->6150K(1382400K) Eden: 1364992K(1364992K)->0K(1366528K) From: 5888K(16384K)->6150K(15872K)
[1600.472s][info][gc,heap        ] GC(563) ParOldGen: 100528K(2796544K)->104734K(2796544K)
[1600.472s][info][gc,metaspace   ] GC(563) Metaspace: 80156K(81472K)->80156K(81472K) NonClass: 70500K(71104K)->70500K(71104K) Class: 9656K(10368K)->9656K(10368K)
[1600.472s][info][gc             ] GC(563) Pause Young (Allocation Failure) 1436M->108M(4081M) 3.457ms
[1600.472s][info][gc,cpu         ] GC(563) User=0.02s Sys=0.00s Real=0.02s
[1602.933s][info][gc,start       ] GC(564) Pause Young (Allocation Failure)
[1602.936s][info][gc,heap        ] GC(564) PSYoungGen: 1372678K(1382400K)->7054K(1381888K) Eden: 1366528K(1366528K)->0K(1366528K) From: 6150K(15872K)->7054K(15360K)
[1602.936s][info][gc,heap        ] GC(564) ParOldGen: 104734K(2796544K)->108774K(2796544K)
[1602.936s][info][gc,metaspace   ] GC(564) Metaspace: 80156K(81472K)->80156K(81472K) NonClass: 70500K(71104K)->70500K(71104K) Class: 9656K(10368K)->9656K(10368K)
[1602.936s][info][gc             ] GC(564) Pause Young (Allocation Failure) 1442M->113M(4080M) 3.075ms
[1602.936s][info][gc,cpu         ] GC(564) User=0.00s Sys=0.00s Real=0.00s
[1606.889s][info][gc,start       ] GC(565) Pause Young (Allocation Failure)
[1606.892s][info][gc,heap        ] GC(565) PSYoungGen: 1373582K(1381888K)->5614K(1383424K) Eden: 1366528K(1366528K)->0K(1369088K) From: 7054K(15360K)->5614K(14336K)
[1606.892s][info][gc,heap        ] GC(565) ParOldGen: 108774K(2796544K)->112346K(2796544K)
[1606.892s][info][gc,metaspace   ] GC(565) Metaspace: 80159K(81472K)->80159K(81472K) NonClass: 70502K(71104K)->70502K(71104K) Class: 9656K(10368K)->9656K(10368K)
[1606.892s][info][gc             ] GC(565) Pause Young (Allocation Failure) 1447M->115M(4082M) 3.128ms
[1606.892s][info][gc,cpu         ] GC(565) User=0.00s Sys=0.00s Real=0.00s
[1609.876s][info][gc,start       ] GC(566) Pause Young (Allocation Failure)
[1609.879s][info][gc,heap        ] GC(566) PSYoungGen: 1374702K(1383424K)->7614K(1383424K) Eden: 1369088K(1369088K)->0K(1369088K) From: 5614K(14336K)->7614K(14336K)
[1609.879s][info][gc,heap        ] GC(566) ParOldGen: 112346K(2796544K)->114793K(2796544K)
[1609.879s][info][gc,metaspace   ] GC(566) Metaspace: 80159K(81472K)->80159K(81472K) NonClass: 70502K(71104K)->70502K(71104K) Class: 9656K(10368K)->9656K(10368K)
[1609.879s][info][gc             ] GC(566) Pause Young (Allocation Failure) 1452M->119M(4082M) 3.297ms
[1609.879s][info][gc,cpu         ] GC(566) User=0.00s Sys=0.00s Real=0.00s
[1612.882s][info][gc,start       ] GC(567) Pause Young (Allocation Failure)
[1612.886s][info][gc,heap        ] GC(567) PSYoungGen: 1376702K(1383424K)->5291K(1384448K) Eden: 1369088K(1369088K)->0K(1370624K) From: 7614K(14336K)->5291K(13824K)
[1612.886s][info][gc,heap        ] GC(567) ParOldGen: 114793K(2796544K)->119902K(2796544K)
[1612.886s][info][gc,metaspace   ] GC(567) Metaspace: 80162K(81536K)->80162K(81536K) NonClass: 70506K(71168K)->70506K(71168K) Class: 9656K(10368K)->9656K(10368K)
[1612.886s][info][gc             ] GC(567) Pause Young (Allocation Failure) 1456M->122M(4083M) 3.692ms
[1612.886s][info][gc,cpu         ] GC(567) User=0.00s Sys=0.00s Real=0.00s
[1615.394s][info][gc,start       ] GC(568) Pause Young (Allocation Failure)
[1615.397s][info][gc,heap        ] GC(568) PSYoungGen: 1375915K(1384448K)->7841K(1383936K) Eden: 1370624K(1370624K)->0K(1370624K) From: 5291K(13824K)->7841K(13312K)
[1615.397s][info][gc,heap        ] GC(568) ParOldGen: 119902K(2796544K)->123833K(2796544K)
[1615.397s][info][gc,metaspace   ] GC(568) Metaspace: 80162K(81536K)->80162K(81536K) NonClass: 70506K(71168K)->70506K(71168K) Class: 9656K(10368K)->9656K(10368K)
[1615.397s][info][gc             ] GC(568) Pause Young (Allocation Failure) 1460M->128M(4082M) 3.589ms
[1615.397s][info][gc,cpu         ] GC(568) User=0.02s Sys=0.00s Real=0.01s
[1617.944s][info][gc,start       ] GC(569) Pause Young (Allocation Failure)
[1617.947s][info][gc,heap        ] GC(569) PSYoungGen: 1378465K(1383936K)->6269K(1384960K) Eden: 1370624K(1370624K)->0K(1371648K) From: 7841K(13312K)->6269K(13312K)
[1617.948s][info][gc,heap        ] GC(569) ParOldGen: 123833K(2796544K)->128848K(2796544K)
[1617.948s][info][gc,metaspace   ] GC(569) Metaspace: 80162K(81536K)->80162K(81536K) NonClass: 70506K(71168K)->70506K(71168K) Class: 9656K(10368K)->9656K(10368K)
[1617.948s][info][gc             ] GC(569) Pause Young (Allocation Failure) 1467M->131M(4083M) 3.647ms
[1617.948s][info][gc,cpu         ] GC(569) User=0.00s Sys=0.00s Real=0.00s
[1621.225s][info][gc,start       ] GC(570) Pause Young (System.gc())
[1621.228s][info][gc,heap        ] GC(570) PSYoungGen: 1352697K(1384960K)->3767K(1384448K) Eden: 1346428K(1371648K)->0K(1371648K) From: 6269K(13312K)->3767K(12800K)
[1621.228s][info][gc,heap        ] GC(570) ParOldGen: 128848K(2796544K)->133633K(2796544K)
[1621.228s][info][gc,metaspace   ] GC(570) Metaspace: 80167K(81536K)->80167K(81536K) NonClass: 70509K(71168K)->70509K(71168K) Class: 9657K(10368K)->9657K(10368K)
[1621.228s][info][gc             ] GC(570) Pause Young (System.gc()) 1446M->134M(4083M) 3.184ms
[1621.228s][info][gc,cpu         ] GC(570) User=0.00s Sys=0.00s Real=0.00s
[1621.228s][info][gc,start       ] GC(571) Pause Full (System.gc())
[1621.228s][info][gc,phases,start] GC(571) Marking Phase
[1621.248s][info][gc,phases      ] GC(571) Marking Phase 20.386ms
[1621.248s][info][gc,phases,start] GC(571) Summary Phase
[1621.248s][info][gc,phases      ] GC(571) Summary Phase 0.011ms
[1621.248s][info][gc,phases,start] GC(571) Adjust Roots
[1621.255s][info][gc,phases      ] GC(571) Adjust Roots 6.204ms
[1621.255s][info][gc,phases,start] GC(571) Compaction Phase
[1621.266s][info][gc,phases      ] GC(571) Compaction Phase 11.602ms
[1621.266s][info][gc,phases,start] GC(571) Post Compact
[1621.268s][info][gc,phases      ] GC(571) Post Compact 1.365ms
[1621.268s][info][gc,heap        ] GC(571) PSYoungGen: 3767K(1384448K)->0K(1384448K) Eden: 0K(1371648K)->0K(1371648K) From: 3767K(12800K)->0K(12800K)
[1621.268s][info][gc,heap        ] GC(571) ParOldGen: 133633K(2796544K)->81798K(2796544K)
[1621.268s][info][gc,metaspace   ] GC(571) Metaspace: 80167K(81536K)->80167K(81536K) NonClass: 70509K(71168K)->70509K(71168K) Class: 9657K(10368K)->9657K(10368K)
[1621.268s][info][gc             ] GC(571) Pause Full (System.gc()) 134M->79M(4083M) 39.912ms
[1621.268s][info][gc,cpu         ] GC(571) User=0.05s Sys=0.00s Real=0.05s
[1624.542s][info][gc,start       ] GC(572) Pause Young (Allocation Failure)
[1624.544s][info][gc,heap        ] GC(572) PSYoungGen: 1371648K(1384448K)->5074K(1385472K) Eden: 1371648K(1371648K)->0K(1372672K) From: 0K(12800K)->5074K(12800K)
[1624.544s][info][gc,heap        ] GC(572) ParOldGen: 81798K(2796544K)->81798K(2796544K)
[1624.544s][info][gc,metaspace   ] GC(572) Metaspace: 80167K(81536K)->80167K(81536K) NonClass: 70509K(71168K)->70509K(71168K) Class: 9657K(10368K)->9657K(10368K)
[1624.544s][info][gc             ] GC(572) Pause Young (Allocation Failure) 1419M->84M(4084M) 2.457ms
[1624.545s][info][gc,cpu         ] GC(572) User=0.00s Sys=0.00s Real=0.00s
[1627.407s][info][gc,start       ] GC(573) Pause Young (Allocation Failure)
[1627.411s][info][gc,heap        ] GC(573) PSYoungGen: 1375074K(1385472K)->5862K(1384960K) Eden: 1370000K(1372672K)->0K(1372672K) From: 5074K(12800K)->5862K(12288K)
[1627.411s][info][gc,heap        ] GC(573) ParOldGen: 81798K(2796544K)->85816K(2796544K)
[1627.411s][info][gc,metaspace   ] GC(573) Metaspace: 80167K(81536K)->80167K(81536K) NonClass: 70509K(71168K)->70509K(71168K) Class: 9657K(10368K)->9657K(10368K)
[1627.411s][info][gc             ] GC(573) Pause Young (Allocation Failure) 1422M->89M(4083M) 4.889ms
[1627.411s][info][gc,cpu         ] GC(573) User=0.02s Sys=0.00s Real=0.02s
[1631.836s][info][gc,start       ] GC(574) Pause Young (Allocation Failure)
[1631.839s][info][gc,heap        ] GC(574) PSYoungGen: 1378534K(1384960K)->5647K(1385984K) Eden: 1372672K(1372672K)->0K(1374208K) From: 5862K(12288K)->5647K(11776K)
[1631.839s][info][gc,heap        ] GC(574) ParOldGen: 85816K(2796544K)->88446K(2796544K)
[1631.839s][info][gc,metaspace   ] GC(574) Metaspace: 80167K(81536K)->80167K(81536K) NonClass: 70509K(71168K)->70509K(71168K) Class: 9657K(10368K)->9657K(10368K)
[1631.839s][info][gc             ] GC(574) Pause Young (Allocation Failure) 1430M->91M(4084M) 3.180ms
[1631.839s][info][gc,cpu         ] GC(574) User=0.00s Sys=0.00s Real=0.00s
[1634.142s][info][gc,start       ] GC(575) Pause Young (Allocation Failure)
[1634.145s][info][gc,heap        ] GC(575) PSYoungGen: 1379855K(1385984K)->5907K(1385984K) Eden: 1374208K(1374208K)->0K(1374208K) From: 5647K(11776K)->5907K(11776K)
[1634.145s][info][gc,heap        ] GC(575) ParOldGen: 88446K(2796544K)->91617K(2796544K)
[1634.145s][info][gc,metaspace   ] GC(575) Metaspace: 80167K(81536K)->80167K(81536K) NonClass: 70509K(71168K)->70509K(71168K) Class: 9657K(10368K)->9657K(10368K)
[1634.145s][info][gc             ] GC(575) Pause Young (Allocation Failure) 1433M->95M(4084M) 3.305ms
[1634.145s][info][gc,cpu         ] GC(575) User=0.02s Sys=0.00s Real=0.02s
[1638.836s][info][gc,start       ] GC(576) Pause Young (Allocation Failure)
[1638.839s][info][gc,heap        ] GC(576) PSYoungGen: 1379709K(1385984K)->5964K(1387008K) Eden: 1373802K(1374208K)->0K(1375744K) From: 5907K(11776K)->5964K(11264K)
[1638.839s][info][gc,heap        ] GC(576) ParOldGen: 91617K(2796544K)->95821K(2796544K)
[1638.839s][info][gc,metaspace   ] GC(576) Metaspace: 80167K(81536K)->80167K(81536K) NonClass: 70509K(71168K)->70509K(71168K) Class: 9657K(10368K)->9657K(10368K)
[1638.839s][info][gc             ] GC(576) Pause Young (Allocation Failure) 1436M->99M(4085M) 3.156ms
[1638.839s][info][gc,cpu         ] GC(576) User=0.02s Sys=0.00s Real=0.00s
[1641.465s][info][gc,start       ] GC(577) Pause Young (Allocation Failure)
[1641.468s][info][gc,heap        ] GC(577) PSYoungGen: 1381708K(1387008K)->5845K(1386496K) Eden: 1375744K(1375744K)->0K(1375744K) From: 5964K(11264K)->5845K(10752K)
[1641.468s][info][gc,heap        ] GC(577) ParOldGen: 95821K(2796544K)->99930K(2796544K)
[1641.468s][info][gc,metaspace   ] GC(577) Metaspace: 80167K(81536K)->80167K(81536K) NonClass: 70509K(71168K)->70509K(71168K) Class: 9657K(10368K)->9657K(10368K)
[1641.468s][info][gc             ] GC(577) Pause Young (Allocation Failure) 1442M->103M(4085M) 3.037ms
[1641.468s][info][gc,cpu         ] GC(577) User=0.00s Sys=0.00s Real=0.00s
[1645.328s][info][gc,start       ] GC(578) Pause Young (Allocation Failure)
[1645.331s][info][gc,heap        ] GC(578) PSYoungGen: 1378180K(1386496K)->5522K(1387520K) Eden: 1372335K(1375744K)->0K(1377280K) From: 5845K(10752K)->5522K(10240K)
[1645.331s][info][gc,heap        ] GC(578) ParOldGen: 99930K(2796544K)->103515K(2796544K)
[1645.331s][info][gc,metaspace   ] GC(578) Metaspace: 80167K(81536K)->80167K(81536K) NonClass: 70509K(71168K)->70509K(71168K) Class: 9657K(10368K)->9657K(10368K)
[1645.331s][info][gc             ] GC(578) Pause Young (Allocation Failure) 1443M->106M(4086M) 3.022ms
[1645.331s][info][gc,cpu         ] GC(578) User=0.00s Sys=0.00s Real=0.00s
[1648.366s][info][gc,start       ] GC(579) Pause Young (Allocation Failure)
[1648.369s][info][gc,heap        ] GC(579) PSYoungGen: 1382802K(1387520K)->7325K(1387520K) Eden: 1377280K(1377280K)->0K(1377280K) From: 5522K(10240K)->7325K(10240K)
[1648.370s][info][gc,heap        ] GC(579) ParOldGen: 103515K(2796544K)->105950K(2796544K)
[1648.370s][info][gc,metaspace   ] GC(579) Metaspace: 80167K(81536K)->80167K(81536K) NonClass: 70509K(71168K)->70509K(71168K) Class: 9657K(10368K)->9657K(10368K)
[1648.370s][info][gc             ] GC(579) Pause Young (Allocation Failure) 1451M->110M(4086M) 3.266ms
[1648.370s][info][gc,cpu         ] GC(579) User=0.00s Sys=0.00s Real=0.00s
[1651.437s][info][gc,start       ] GC(580) Pause Young (Allocation Failure)
[1651.440s][info][gc,heap        ] GC(580) PSYoungGen: 1384605K(1387520K)->4810K(1387520K) Eden: 1377280K(1377280K)->0K(1377280K) From: 7325K(10240K)->4810K(10240K)
[1651.440s][info][gc,heap        ] GC(580) ParOldGen: 105950K(2796544K)->111206K(2796544K)
[1651.440s][info][gc,metaspace   ] GC(580) Metaspace: 80167K(81536K)->80167K(81536K) NonClass: 70509K(71168K)->70509K(71168K) Class: 9657K(10368K)->9657K(10368K)
[1651.440s][info][gc             ] GC(580) Pause Young (Allocation Failure) 1455M->113M(4086M) 2.789ms
[1651.440s][info][gc,cpu         ] GC(580) User=0.00s Sys=0.00s Real=0.00s
[1653.679s][info][gc,start       ] GC(581) Pause Young (Allocation Failure)
[1653.682s][info][gc,heap        ] GC(581) PSYoungGen: 1382090K(1387520K)->6693K(1387520K) Eden: 1377280K(1377280K)->0K(1377280K) From: 4810K(10240K)->6693K(10240K)
[1653.682s][info][gc,heap        ] GC(581) ParOldGen: 111206K(2796544K)->115156K(2796544K)
[1653.682s][info][gc,metaspace   ] GC(581) Metaspace: 80167K(81536K)->80167K(81536K) NonClass: 70509K(71168K)->70509K(71168K) Class: 9657K(10368K)->9657K(10368K)
[1653.682s][info][gc             ] GC(581) Pause Young (Allocation Failure) 1458M->118M(4086M) 3.257ms
[1653.682s][info][gc,cpu         ] GC(581) User=0.00s Sys=0.00s Real=0.00s
[1656.010s][info][gc,start       ] GC(582) Pause Young (Allocation Failure)
[1656.014s][info][gc,heap        ] GC(582) PSYoungGen: 1383973K(1387520K)->5994K(1388032K) Eden: 1377280K(1377280K)->0K(1378304K) From: 6693K(10240K)->5994K(9728K)
[1656.014s][info][gc,heap        ] GC(582) ParOldGen: 115156K(2796544K)->120227K(2796544K)
[1656.014s][info][gc,metaspace   ] GC(582) Metaspace: 80167K(81536K)->80167K(81536K) NonClass: 70509K(71168K)->70509K(71168K) Class: 9657K(10368K)->9657K(10368K)
[1656.014s][info][gc             ] GC(582) Pause Young (Allocation Failure) 1463M->123M(4086M) 3.863ms
[1656.014s][info][gc,cpu         ] GC(582) User=0.00s Sys=0.00s Real=0.00s
[1659.104s][info][gc,start       ] GC(583) Pause Young (System.gc())
[1659.107s][info][gc,heap        ] GC(583) PSYoungGen: 1293495K(1388032K)->3731K(1388032K) Eden: 1287500K(1378304K)->0K(1378304K) From: 5994K(9728K)->3731K(9728K)
[1659.107s][info][gc,heap        ] GC(583) ParOldGen: 120227K(2796544K)->124954K(2796544K)
[1659.107s][info][gc,metaspace   ] GC(583) Metaspace: 80167K(81536K)->80167K(81536K) NonClass: 70509K(71168K)->70509K(71168K) Class: 9657K(10368K)->9657K(10368K)
[1659.107s][info][gc             ] GC(583) Pause Young (System.gc()) 1380M->125M(4086M) 2.711ms
[1659.107s][info][gc,cpu         ] GC(583) User=0.00s Sys=0.00s Real=0.00s
[1659.107s][info][gc,start       ] GC(584) Pause Full (System.gc())
[1659.107s][info][gc,phases,start] GC(584) Marking Phase
[1659.126s][info][gc,phases      ] GC(584) Marking Phase 19.501ms
[1659.126s][info][gc,phases,start] GC(584) Summary Phase
[1659.126s][info][gc,phases      ] GC(584) Summary Phase 0.011ms
[1659.126s][info][gc,phases,start] GC(584) Adjust Roots
[1659.132s][info][gc,phases      ] GC(584) Adjust Roots 6.159ms
[1659.133s][info][gc,phases,start] GC(584) Compaction Phase
[1659.145s][info][gc,phases      ] GC(584) Compaction Phase 12.538ms
[1659.145s][info][gc,phases,start] GC(584) Post Compact
[1659.146s][info][gc,phases      ] GC(584) Post Compact 1.177ms
[1659.146s][info][gc,heap        ] GC(584) PSYoungGen: 3731K(1388032K)->0K(1388032K) Eden: 0K(1378304K)->0K(1378304K) From: 3731K(9728K)->0K(9728K)
[1659.146s][info][gc,heap        ] GC(584) ParOldGen: 124954K(2796544K)->82032K(2796544K)
[1659.146s][info][gc,metaspace   ] GC(584) Metaspace: 80167K(81536K)->80167K(81536K) NonClass: 70509K(71168K)->70509K(71168K) Class: 9657K(10368K)->9657K(10368K)
[1659.146s][info][gc             ] GC(584) Pause Full (System.gc()) 125M->80M(4086M) 39.666ms
[1659.146s][info][gc,cpu         ] GC(584) User=0.02s Sys=0.00s Real=0.03s
[1662.360s][info][gc,start       ] GC(585) Pause Young (Allocation Failure)
[1662.362s][info][gc,heap        ] GC(585) PSYoungGen: 1378304K(1388032K)->5219K(1388032K) Eden: 1378304K(1378304K)->0K(1378304K) From: 0K(9728K)->5219K(9728K)
[1662.362s][info][gc,heap        ] GC(585) ParOldGen: 82032K(2796544K)->82032K(2796544K)
[1662.362s][info][gc,metaspace   ] GC(585) Metaspace: 80167K(81536K)->80167K(81536K) NonClass: 70509K(71168K)->70509K(71168K) Class: 9657K(10368K)->9657K(10368K)
[1662.362s][info][gc             ] GC(585) Pause Young (Allocation Failure) 1426M->85M(4086M) 2.476ms
[1662.362s][info][gc,cpu         ] GC(585) User=0.00s Sys=0.00s Real=0.00s
[1665.126s][info][gc,start       ] GC(586) Pause Young (Allocation Failure)
[1665.131s][info][gc,heap        ] GC(586) PSYoungGen: 1380927K(1388032K)->9723K(1388032K) Eden: 1375708K(1378304K)->0K(1378304K) From: 5219K(9728K)->9723K(9728K)
[1665.131s][info][gc,heap        ] GC(586) ParOldGen: 82032K(2796544K)->87549K(2796544K)
[1665.131s][info][gc,metaspace   ] GC(586) Metaspace: 80167K(81536K)->80167K(81536K) NonClass: 70509K(71168K)->70509K(71168K) Class: 9657K(10368K)->9657K(10368K)
[1665.131s][info][gc             ] GC(586) Pause Young (Allocation Failure) 1428M->94M(4086M) 4.235ms
[1665.131s][info][gc,cpu         ] GC(586) User=0.00s Sys=0.00s Real=0.00s
[1669.397s][info][gc,start       ] GC(587) Pause Young (Allocation Failure)
[1669.400s][info][gc,heap        ] GC(587) PSYoungGen: 1387832K(1388032K)->4511K(1382912K) Eden: 1378109K(1378304K)->0K(1373184K) From: 9723K(9728K)->4511K(9728K)
[1669.400s][info][gc,heap        ] GC(587) ParOldGen: 87549K(2796544K)->91223K(2796544K)
[1669.400s][info][gc,metaspace   ] GC(587) Metaspace: 80167K(81536K)->80167K(81536K) NonClass: 70509K(71168K)->70509K(71168K) Class: 9657K(10368K)->9657K(10368K)
[1669.400s][info][gc             ] GC(587) Pause Young (Allocation Failure) 1440M->93M(4081M) 2.554ms
[1669.400s][info][gc,cpu         ] GC(587) User=0.00s Sys=0.00s Real=0.00s
[1671.675s][info][gc,start       ] GC(588) Pause Young (Allocation Failure)
[1671.679s][info][gc,heap        ] GC(588) PSYoungGen: 1377695K(1382912K)->9671K(1382912K) Eden: 1373184K(1373184K)->0K(1373184K) From: 4511K(9728K)->9671K(9728K)
[1671.679s][info][gc,heap        ] GC(588) ParOldGen: 91223K(2796544K)->94397K(2796544K)
[1671.679s][info][gc,metaspace   ] GC(588) Metaspace: 80167K(81536K)->80167K(81536K) NonClass: 70509K(71168K)->70509K(71168K) Class: 9657K(10368K)->9657K(10368K)
[1671.679s][info][gc             ] GC(588) Pause Young (Allocation Failure) 1434M->101M(4081M) 3.567ms
[1671.679s][info][gc,cpu         ] GC(588) User=0.00s Sys=0.00s Real=0.00s
[1676.390s][info][gc,start       ] GC(589) Pause Young (Allocation Failure)
[1676.393s][info][gc,heap        ] GC(589) PSYoungGen: 1382855K(1382912K)->5373K(1384960K) Eden: 1373184K(1373184K)->0K(1371648K) From: 9671K(9728K)->5373K(13312K)
[1676.393s][info][gc,heap        ] GC(589) ParOldGen: 94397K(2796544K)->99039K(2796544K)
[1676.393s][info][gc,metaspace   ] GC(589) Metaspace: 80167K(81536K)->80167K(81536K) NonClass: 70509K(71168K)->70509K(71168K) Class: 9657K(10368K)->9657K(10368K)
[1676.393s][info][gc             ] GC(589) Pause Young (Allocation Failure) 1442M->101M(4083M) 3.065ms
[1676.393s][info][gc,cpu         ] GC(589) User=0.00s Sys=0.00s Real=0.00s
[1679.023s][info][gc,start       ] GC(590) Pause Young (Allocation Failure)
[1679.026s][info][gc,heap        ] GC(590) PSYoungGen: 1376995K(1384960K)->5159K(1384448K) Eden: 1371622K(1371648K)->0K(1371648K) From: 5373K(13312K)->5159K(12800K)
[1679.026s][info][gc,heap        ] GC(590) ParOldGen: 99039K(2796544K)->103266K(2796544K)
[1679.026s][info][gc,metaspace   ] GC(590) Metaspace: 80167K(81536K)->80167K(81536K) NonClass: 70509K(71168K)->70509K(71168K) Class: 9657K(10368K)->9657K(10368K)
[1679.026s][info][gc             ] GC(590) Pause Young (Allocation Failure) 1441M->105M(4083M) 2.845ms
[1679.026s][info][gc,cpu         ] GC(590) User=0.00s Sys=0.00s Real=0.00s
[1682.825s][info][gc,start       ] GC(591) Pause Young (Allocation Failure)
[1682.829s][info][gc,heap        ] GC(591) PSYoungGen: 1373579K(1384448K)->5956K(1385984K) Eden: 1368419K(1371648K)->0K(1373696K) From: 5159K(12800K)->5956K(12288K)
[1682.829s][info][gc,heap        ] GC(591) ParOldGen: 103266K(2796544K)->106757K(2796544K)
[1682.829s][info][gc,metaspace   ] GC(591) Metaspace: 80167K(81536K)->80167K(81536K) NonClass: 70509K(71168K)->70509K(71168K) Class: 9657K(10368K)->9657K(10368K)
[1682.829s][info][gc             ] GC(591) Pause Young (Allocation Failure) 1442M->110M(4084M) 3.815ms
[1682.829s][info][gc,cpu         ] GC(591) User=0.00s Sys=0.00s Real=0.00s
[1685.875s][info][gc,start       ] GC(592) Pause Young (Allocation Failure)
[1685.879s][info][gc,heap        ] GC(592) PSYoungGen: 1379652K(1385984K)->7384K(1385472K) Eden: 1373696K(1373696K)->0K(1373696K) From: 5956K(12288K)->7384K(11776K)
[1685.879s][info][gc,heap        ] GC(592) ParOldGen: 106757K(2796544K)->109198K(2796544K)
[1685.879s][info][gc,metaspace   ] GC(592) Metaspace: 80167K(81536K)->80167K(81536K) NonClass: 70509K(71168K)->70509K(71168K) Class: 9657K(10368K)->9657K(10368K)
[1685.879s][info][gc             ] GC(592) Pause Young (Allocation Failure) 1451M->113M(4084M) 3.422ms
[1685.879s][info][gc,cpu         ] GC(592) User=0.02s Sys=0.00s Real=0.01s
[1688.962s][info][gc,start       ] GC(593) Pause Young (Allocation Failure)
[1688.966s][info][gc,heap        ] GC(593) PSYoungGen: 1381080K(1385472K)->6051K(1386496K) Eden: 1373696K(1373696K)->0K(1374720K) From: 7384K(11776K)->6051K(11776K)
[1688.966s][info][gc,heap        ] GC(593) ParOldGen: 109198K(2796544K)->114365K(2796544K)
[1688.966s][info][gc,metaspace   ] GC(593) Metaspace: 80167K(81536K)->80167K(81536K) NonClass: 70509K(71168K)->70509K(71168K) Class: 9657K(10368K)->9657K(10368K)
[1688.966s][info][gc             ] GC(593) Pause Young (Allocation Failure) 1455M->117M(4085M) 3.738ms
[1688.966s][info][gc,cpu         ] GC(593) User=0.00s Sys=0.00s Real=0.00s
[1691.253s][info][gc,start       ] GC(594) Pause Young (Allocation Failure)
[1691.256s][info][gc,heap        ] GC(594) PSYoungGen: 1380771K(1386496K)->6625K(1385984K) Eden: 1374720K(1374720K)->0K(1374720K) From: 6051K(11776K)->6625K(11264K)
[1691.256s][info][gc,heap        ] GC(594) ParOldGen: 114365K(2796544K)->118344K(2796544K)
[1691.256s][info][gc,metaspace   ] GC(594) Metaspace: 80167K(81536K)->80167K(81536K) NonClass: 70510K(71168K)->70510K(71168K) Class: 9657K(10368K)->9657K(10368K)
[1691.256s][info][gc             ] GC(594) Pause Young (Allocation Failure) 1460M->122M(4084M) 3.268ms
[1691.256s][info][gc,cpu         ] GC(594) User=0.00s Sys=0.00s Real=0.00s
[1693.568s][info][gc,start       ] GC(595) Pause Young (Allocation Failure)
[1693.572s][info][gc,heap        ] GC(595) PSYoungGen: 1381345K(1385984K)->6004K(1387008K) Eden: 1374720K(1374720K)->0K(1376256K) From: 6625K(11264K)->6004K(10752K)
[1693.572s][info][gc,heap        ] GC(595) ParOldGen: 118344K(2796544K)->123420K(2796544K)
[1693.572s][info][gc,metaspace   ] GC(595) Metaspace: 80167K(81536K)->80167K(81536K) NonClass: 70510K(71168K)->70510K(71168K) Class: 9657K(10368K)->9657K(10368K)
[1693.572s][info][gc             ] GC(595) Pause Young (Allocation Failure) 1464M->126M(4085M) 3.678ms
[1693.572s][info][gc,cpu         ] GC(595) User=0.00s Sys=0.00s Real=0.00s
[1696.660s][info][gc,start       ] GC(596) Pause Young (System.gc())
[1696.664s][info][gc,heap        ] GC(596) PSYoungGen: 1293393K(1387008K)->3682K(1387008K) Eden: 1287389K(1376256K)->0K(1376256K) From: 6004K(10752K)->3682K(10752K)
[1696.664s][info][gc,heap        ] GC(596) ParOldGen: 123420K(2796544K)->128165K(2796544K)
[1696.664s][info][gc,metaspace   ] GC(596) Metaspace: 80167K(81536K)->80167K(81536K) NonClass: 70510K(71168K)->70510K(71168K) Class: 9657K(10368K)->9657K(10368K)
[1696.664s][info][gc             ] GC(596) Pause Young (System.gc()) 1383M->128M(4085M) 3.463ms
[1696.664s][info][gc,cpu         ] GC(596) User=0.02s Sys=0.00s Real=0.02s
[1696.664s][info][gc,start       ] GC(597) Pause Full (System.gc())
[1696.664s][info][gc,phases,start] GC(597) Marking Phase
[1696.687s][info][gc,phases      ] GC(597) Marking Phase 23.341ms
[1696.687s][info][gc,phases,start] GC(597) Summary Phase
[1696.687s][info][gc,phases      ] GC(597) Summary Phase 0.011ms
[1696.687s][info][gc,phases,start] GC(597) Adjust Roots
[1696.693s][info][gc,phases      ] GC(597) Adjust Roots 6.285ms
[1696.693s][info][gc,phases,start] GC(597) Compaction Phase
[1696.705s][info][gc,phases      ] GC(597) Compaction Phase 11.068ms
[1696.705s][info][gc,phases,start] GC(597) Post Compact
[1696.706s][info][gc,phases      ] GC(597) Post Compact 1.484ms
[1696.706s][info][gc,heap        ] GC(597) PSYoungGen: 3682K(1387008K)->0K(1387008K) Eden: 0K(1376256K)->0K(1376256K) From: 3682K(10752K)->0K(10752K)
[1696.706s][info][gc,heap        ] GC(597) ParOldGen: 128165K(2796544K)->84254K(2796544K)
[1696.706s][info][gc,metaspace   ] GC(597) Metaspace: 80167K(81536K)->80167K(81536K) NonClass: 70510K(71168K)->70510K(71168K) Class: 9657K(10368K)->9657K(10368K)
[1696.706s][info][gc             ] GC(597) Pause Full (System.gc()) 128M->82M(4085M) 42.479ms
[1696.706s][info][gc,cpu         ] GC(597) User=0.02s Sys=0.00s Real=0.04s
[1699.972s][info][gc,start       ] GC(598) Pause Young (Allocation Failure)
[1699.974s][info][gc,heap        ] GC(598) PSYoungGen: 1376256K(1387008K)->4977K(1387008K) Eden: 1376256K(1376256K)->0K(1376256K) From: 0K(10752K)->4977K(10752K)
[1699.974s][info][gc,heap        ] GC(598) ParOldGen: 84254K(2796544K)->84254K(2796544K)
[1699.974s][info][gc,metaspace   ] GC(598) Metaspace: 80167K(81536K)->80167K(81536K) NonClass: 70510K(71168K)->70510K(71168K) Class: 9657K(10368K)->9657K(10368K)
[1699.974s][info][gc             ] GC(598) Pause Young (Allocation Failure) 1426M->87M(4085M) 2.457ms
[1699.975s][info][gc,cpu         ] GC(598) User=0.02s Sys=0.00s Real=0.02s
[1702.819s][info][gc,start       ] GC(599) Pause Young (Allocation Failure)
[1702.823s][info][gc,heap        ] GC(599) PSYoungGen: 1377368K(1387008K)->10727K(1387008K) Eden: 1372390K(1376256K)->0K(1376256K) From: 4977K(10752K)->10727K(10752K)
[1702.823s][info][gc,heap        ] GC(599) ParOldGen: 84254K(2796544K)->92348K(2796544K)
[1702.823s][info][gc,metaspace   ] GC(599) Metaspace: 80167K(81536K)->80167K(81536K) NonClass: 70510K(71168K)->70510K(71168K) Class: 9657K(10368K)->9657K(10368K)
[1702.823s][info][gc             ] GC(599) Pause Young (Allocation Failure) 1427M->100M(4085M) 4.094ms
[1702.823s][info][gc,cpu         ] GC(599) User=0.00s Sys=0.00s Real=0.00s
[1707.011s][info][gc,start       ] GC(600) Pause Young (Allocation Failure)
[1707.013s][info][gc,heap        ] GC(600) PSYoungGen: 1386983K(1387008K)->4948K(1379840K) Eden: 1376256K(1376256K)->0K(1369088K) From: 10727K(10752K)->4948K(10752K)
[1707.013s][info][gc,heap        ] GC(600) ParOldGen: 92348K(2796544K)->94999K(2796544K)
[1707.013s][info][gc,metaspace   ] GC(600) Metaspace: 80167K(81536K)->80167K(81536K) NonClass: 70510K(71168K)->70510K(71168K) Class: 9657K(10368K)->9657K(10368K)
[1707.014s][info][gc             ] GC(600) Pause Young (Allocation Failure) 1444M->97M(4078M) 2.410ms
[1707.014s][info][gc,cpu         ] GC(600) User=0.00s Sys=0.00s Real=0.00s
[1709.322s][info][gc,start       ] GC(601) Pause Young (Allocation Failure)
[1709.325s][info][gc,heap        ] GC(601) PSYoungGen: 1374036K(1379840K)->5811K(1383424K) Eden: 1369088K(1369088K)->0K(1369088K) From: 4948K(10752K)->5811K(14336K)
[1709.325s][info][gc,heap        ] GC(601) ParOldGen: 94999K(2796544K)->98149K(2796544K)
[1709.325s][info][gc,metaspace   ] GC(601) Metaspace: 80167K(81536K)->80167K(81536K) NonClass: 70510K(71168K)->70510K(71168K) Class: 9657K(10368K)->9657K(10368K)
[1709.325s][info][gc             ] GC(601) Pause Young (Allocation Failure) 1434M->101M(4082M) 3.079ms
[1709.325s][info][gc,cpu         ] GC(601) User=0.00s Sys=0.00s Real=0.00s
[1714.053s][info][gc,start       ] GC(602) Pause Young (Allocation Failure)
[1714.056s][info][gc,heap        ] GC(602) PSYoungGen: 1374899K(1383424K)->6061K(1384448K) Eden: 1369088K(1369088K)->0K(1370624K) From: 5811K(14336K)->6061K(13824K)
[1714.056s][info][gc,heap        ] GC(602) ParOldGen: 98149K(2796544K)->102349K(2796544K)
[1714.056s][info][gc,metaspace   ] GC(602) Metaspace: 80167K(81536K)->80167K(81536K) NonClass: 70510K(71168K)->70510K(71168K) Class: 9657K(10368K)->9657K(10368K)
[1714.056s][info][gc             ] GC(602) Pause Young (Allocation Failure) 1438M->105M(4083M) 3.343ms
[1714.056s][info][gc,cpu         ] GC(602) User=0.00s Sys=0.00s Real=0.00s
[1716.628s][info][gc,start       ] GC(603) Pause Young (Allocation Failure)
[1716.630s][info][gc,heap        ] GC(603) PSYoungGen: 1376018K(1384448K)->4971K(1383936K) Eden: 1369957K(1370624K)->0K(1370624K) From: 6061K(13824K)->4971K(13312K)
[1716.631s][info][gc,heap        ] GC(603) ParOldGen: 102349K(2796544K)->106376K(2796544K)
[1716.631s][info][gc,metaspace   ] GC(603) Metaspace: 80167K(81536K)->80167K(81536K) NonClass: 70510K(71168K)->70510K(71168K) Class: 9657K(10368K)->9657K(10368K)
[1716.631s][info][gc             ] GC(603) Pause Young (Allocation Failure) 1443M->108M(4082M) 2.562ms
[1716.631s][info][gc,cpu         ] GC(603) User=0.00s Sys=0.00s Real=0.00s
[1720.468s][info][gc,start       ] GC(604) Pause Young (Allocation Failure)
[1720.472s][info][gc,heap        ] GC(604) PSYoungGen: 1371615K(1383936K)->9960K(1383424K) Eden: 1366644K(1370624K)->0K(1370112K) From: 4971K(13312K)->9960K(13312K)
[1720.472s][info][gc,heap        ] GC(604) ParOldGen: 106376K(2796544K)->114117K(2796544K)
[1720.472s][info][gc,metaspace   ] GC(604) Metaspace: 80167K(81536K)->80167K(81536K) NonClass: 70510K(71168K)->70510K(71168K) Class: 9657K(10368K)->9657K(10368K)
[1720.472s][info][gc             ] GC(604) Pause Young (Allocation Failure) 1443M->121M(4082M) 4.178ms
[1720.472s][info][gc,cpu         ] GC(604) User=0.02s Sys=0.00s Real=0.02s
[1723.433s][info][gc,start       ] GC(605) Pause Young (Allocation Failure)
[1723.436s][info][gc,heap        ] GC(605) PSYoungGen: 1380072K(1383424K)->6358K(1383936K) Eden: 1370112K(1370112K)->0K(1370112K) From: 9960K(13312K)->6358K(13824K)
[1723.436s][info][gc,heap        ] GC(605) ParOldGen: 114117K(2796544K)->116605K(2796544K)
[1723.436s][info][gc,metaspace   ] GC(605) Metaspace: 80167K(81536K)->80167K(81536K) NonClass: 70510K(71168K)->70510K(71168K) Class: 9657K(10368K)->9657K(10368K)
[1723.436s][info][gc             ] GC(605) Pause Young (Allocation Failure) 1459M->120M(4082M) 2.846ms
[1723.436s][info][gc,cpu         ] GC(605) User=0.09s Sys=0.00s Real=0.00s
[1726.422s][info][gc,start       ] GC(606) Pause Young (Allocation Failure)
[1726.426s][info][gc,heap        ] GC(606) PSYoungGen: 1376470K(1383936K)->5991K(1384960K) Eden: 1370112K(1370112K)->0K(1371648K) From: 6358K(13824K)->5991K(13312K)
[1726.426s][info][gc,heap        ] GC(606) ParOldGen: 116605K(2796544K)->121743K(2796544K)
[1726.426s][info][gc,metaspace   ] GC(606) Metaspace: 80167K(81536K)->80167K(81536K) NonClass: 70510K(71168K)->70510K(71168K) Class: 9657K(10368K)->9657K(10368K)
[1726.426s][info][gc             ] GC(606) Pause Young (Allocation Failure) 1458M->124M(4083M) 3.468ms
[1726.426s][info][gc,cpu         ] GC(606) User=0.00s Sys=0.00s Real=0.00s
[1728.657s][info][gc,start       ] GC(607) Pause Young (Allocation Failure)
[1728.659s][info][gc,heap        ] GC(607) PSYoungGen: 1377639K(1384960K)->6397K(1384448K) Eden: 1371648K(1371648K)->0K(1371648K) From: 5991K(13312K)->6397K(12800K)
[1728.660s][info][gc,heap        ] GC(607) ParOldGen: 121743K(2796544K)->125746K(2796544K)
[1728.660s][info][gc,metaspace   ] GC(607) Metaspace: 80167K(81536K)->80167K(81536K) NonClass: 70510K(71168K)->70510K(71168K) Class: 9657K(10368K)->9657K(10368K)
[1728.660s][info][gc             ] GC(607) Pause Young (Allocation Failure) 1464M->129M(4083M) 3.011ms
[1728.660s][info][gc,cpu         ] GC(607) User=0.00s Sys=0.00s Real=0.00s
[1731.034s][info][gc,start       ] GC(608) Pause Young (Allocation Failure)
[1731.037s][info][gc,heap        ] GC(608) PSYoungGen: 1378045K(1384448K)->6259K(1385984K) Eden: 1371648K(1371648K)->0K(1373696K) From: 6397K(12800K)->6259K(12288K)
[1731.037s][info][gc,heap        ] GC(608) ParOldGen: 125746K(2796544K)->130767K(2796544K)
[1731.037s][info][gc,metaspace   ] GC(608) Metaspace: 80167K(81536K)->80167K(81536K) NonClass: 70510K(71168K)->70510K(71168K) Class: 9657K(10368K)->9657K(10368K)
[1731.037s][info][gc             ] GC(608) Pause Young (Allocation Failure) 1468M->133M(4084M) 3.608ms
[1731.037s][info][gc,cpu         ] GC(608) User=0.00s Sys=0.00s Real=0.00s
[1734.194s][info][gc,start       ] GC(609) Pause Young (System.gc())
[1734.197s][info][gc,heap        ] GC(609) PSYoungGen: 1332443K(1385984K)->3723K(1385472K) Eden: 1326184K(1373696K)->0K(1373696K) From: 6259K(12288K)->3723K(11776K)
[1734.197s][info][gc,heap        ] GC(609) ParOldGen: 130767K(2796544K)->135576K(2796544K)
[1734.197s][info][gc,metaspace   ] GC(609) Metaspace: 80167K(81536K)->80167K(81536K) NonClass: 70510K(71168K)->70510K(71168K) Class: 9657K(10368K)->9657K(10368K)
[1734.197s][info][gc             ] GC(609) Pause Young (System.gc()) 1428M->136M(4084M) 2.787ms
[1734.197s][info][gc,cpu         ] GC(609) User=0.00s Sys=0.00s Real=0.00s
[1734.197s][info][gc,start       ] GC(610) Pause Full (System.gc())
[1734.197s][info][gc,phases,start] GC(610) Marking Phase
[1734.217s][info][gc,phases      ] GC(610) Marking Phase 20.294ms
[1734.217s][info][gc,phases,start] GC(610) Summary Phase
[1734.217s][info][gc,phases      ] GC(610) Summary Phase 0.011ms
[1734.217s][info][gc,phases,start] GC(610) Adjust Roots
[1734.223s][info][gc,phases      ] GC(610) Adjust Roots 5.891ms
[1734.223s][info][gc,phases,start] GC(610) Compaction Phase
[1734.235s][info][gc,phases      ] GC(610) Compaction Phase 11.659ms
[1734.235s][info][gc,phases,start] GC(610) Post Compact
[1734.236s][info][gc,phases      ] GC(610) Post Compact 1.231ms
[1734.236s][info][gc,heap        ] GC(610) PSYoungGen: 3723K(1385472K)->0K(1385472K) Eden: 0K(1373696K)->0K(1373696K) From: 3723K(11776K)->0K(11776K)
[1734.236s][info][gc,heap        ] GC(610) ParOldGen: 135576K(2796544K)->81862K(2796544K)
[1734.236s][info][gc,metaspace   ] GC(610) Metaspace: 80167K(81536K)->80167K(81536K) NonClass: 70510K(71168K)->70510K(71168K) Class: 9657K(10368K)->9657K(10368K)
[1734.236s][info][gc             ] GC(610) Pause Full (System.gc()) 136M->79M(4084M) 39.366ms
[1734.236s][info][gc,cpu         ] GC(610) User=0.03s Sys=0.00s Real=0.03s
[1737.485s][info][gc,start       ] GC(611) Pause Young (Allocation Failure)
[1737.487s][info][gc,heap        ] GC(611) PSYoungGen: 1373696K(1385472K)->5231K(1385984K) Eden: 1373696K(1373696K)->0K(1374208K) From: 0K(11776K)->5231K(11776K)
[1737.487s][info][gc,heap        ] GC(611) ParOldGen: 81862K(2796544K)->81862K(2796544K)
[1737.487s][info][gc,metaspace   ] GC(611) Metaspace: 80167K(81536K)->80167K(81536K) NonClass: 70510K(71168K)->70510K(71168K) Class: 9657K(10368K)->9657K(10368K)
[1737.487s][info][gc             ] GC(611) Pause Young (Allocation Failure) 1421M->85M(4084M) 2.353ms
[1737.487s][info][gc,cpu         ] GC(611) User=0.00s Sys=0.00s Real=0.00s
[1740.242s][info][gc,start       ] GC(612) Pause Young (Allocation Failure)
[1740.245s][info][gc,heap        ] GC(612) PSYoungGen: 1377563K(1385984K)->11087K(1385472K) Eden: 1372332K(1374208K)->0K(1374208K) From: 5231K(11776K)->11087K(11264K)
[1740.245s][info][gc,heap        ] GC(612) ParOldGen: 81862K(2796544K)->89944K(2796544K)
[1740.245s][info][gc,metaspace   ] GC(612) Metaspace: 80167K(81536K)->80167K(81536K) NonClass: 70510K(71168K)->70510K(71168K) Class: 9657K(10368K)->9657K(10368K)
[1740.245s][info][gc             ] GC(612) Pause Young (Allocation Failure) 1425M->98M(4084M) 3.572ms
[1740.245s][info][gc,cpu         ] GC(612) User=0.00s Sys=0.00s Real=0.00s
[1744.395s][info][gc,start       ] GC(613) Pause Young (Allocation Failure)
[1744.398s][info][gc,heap        ] GC(613) PSYoungGen: 1385295K(1385472K)->5475K(1385472K) Eden: 1374208K(1374208K)->0K(1373184K) From: 11087K(11264K)->5475K(12288K)
[1744.398s][info][gc,heap        ] GC(613) ParOldGen: 89944K(2796544K)->92579K(2796544K)
[1744.398s][info][gc,metaspace   ] GC(613) Metaspace: 80167K(81536K)->80167K(81536K) NonClass: 70510K(71168K)->70510K(71168K) Class: 9657K(10368K)->9657K(10368K)
[1744.398s][info][gc             ] GC(613) Pause Young (Allocation Failure) 1440M->95M(4084M) 2.628ms
[1744.398s][info][gc,cpu         ] GC(613) User=0.00s Sys=0.00s Real=0.00s
[1746.664s][info][gc,start       ] GC(614) Pause Young (Allocation Failure)
[1746.667s][info][gc,heap        ] GC(614) PSYoungGen: 1378659K(1385472K)->6178K(1385472K) Eden: 1373184K(1373184K)->0K(1373184K) From: 5475K(12288K)->6178K(12288K)
[1746.667s][info][gc,heap        ] GC(614) ParOldGen: 92579K(2796544K)->95750K(2796544K)
[1746.667s][info][gc,metaspace   ] GC(614) Metaspace: 80167K(81536K)->80167K(81536K) NonClass: 70510K(71168K)->70510K(71168K) Class: 9657K(10368K)->9657K(10368K)
[1746.667s][info][gc             ] GC(614) Pause Young (Allocation Failure) 1436M->99M(4084M) 2.913ms
[1746.667s][info][gc,cpu         ] GC(614) User=0.00s Sys=0.00s Real=0.00s
[1751.346s][info][gc,start       ] GC(615) Pause Young (Allocation Failure)
[1751.349s][info][gc,heap        ] GC(615) PSYoungGen: 1379362K(1385472K)->5642K(1385984K) Eden: 1373184K(1373184K)->0K(1373696K) From: 6178K(12288K)->5642K(12288K)
[1751.349s][info][gc,heap        ] GC(615) ParOldGen: 95750K(2796544K)->99962K(2796544K)
[1751.349s][info][gc,metaspace   ] GC(615) Metaspace: 80167K(81536K)->80167K(81536K) NonClass: 70510K(71168K)->70510K(71168K) Class: 9657K(10368K)->9657K(10368K)
[1751.349s][info][gc             ] GC(615) Pause Young (Allocation Failure) 1440M->103M(4084M) 3.134ms
[1751.349s][info][gc,cpu         ] GC(615) User=0.00s Sys=0.00s Real=0.00s
[1753.892s][info][gc,start       ] GC(616) Pause Young (Allocation Failure)
[1753.896s][info][gc,heap        ] GC(616) PSYoungGen: 1379338K(1385984K)->6057K(1385472K) Eden: 1373696K(1373696K)->0K(1373696K) From: 5642K(12288K)->6057K(11776K)
[1753.896s][info][gc,heap        ] GC(616) ParOldGen: 99962K(2796544K)->104093K(2796544K)
[1753.896s][info][gc,metaspace   ] GC(616) Metaspace: 80167K(81536K)->80167K(81536K) NonClass: 70510K(71168K)->70510K(71168K) Class: 9657K(10368K)->9657K(10368K)
[1753.896s][info][gc             ] GC(616) Pause Young (Allocation Failure) 1444M->107M(4084M) 3.873ms
[1753.896s][info][gc,cpu         ] GC(616) User=0.00s Sys=0.00s Real=0.00s
[1757.718s][info][gc,start       ] GC(617) Pause Young (Allocation Failure)
[1757.721s][info][gc,heap        ] GC(617) PSYoungGen: 1376981K(1385472K)->9886K(1384448K) Eden: 1370924K(1373696K)->0K(1373184K) From: 6057K(11776K)->9886K(11264K)
[1757.721s][info][gc,heap        ] GC(617) ParOldGen: 104093K(2796544K)->107715K(2796544K)
[1757.721s][info][gc,metaspace   ] GC(617) Metaspace: 80167K(81536K)->80167K(81536K) NonClass: 70510K(71168K)->70510K(71168K) Class: 9657K(10368K)->9657K(10368K)
[1757.721s][info][gc             ] GC(617) Pause Young (Allocation Failure) 1446M->114M(4083M) 3.333ms
[1757.721s][info][gc,cpu         ] GC(617) User=0.00s Sys=0.00s Real=0.00s
[1760.734s][info][gc,start       ] GC(618) Pause Young (Allocation Failure)
[1760.738s][info][gc,heap        ] GC(618) PSYoungGen: 1383070K(1384448K)->6974K(1385472K) Eden: 1373184K(1373184K)->0K(1373184K) From: 9886K(11264K)->6974K(12288K)
[1760.738s][info][gc,heap        ] GC(618) ParOldGen: 107715K(2796544K)->110159K(2796544K)
[1760.738s][info][gc,metaspace   ] GC(618) Metaspace: 80167K(81536K)->80167K(81536K) NonClass: 70510K(71168K)->70510K(71168K) Class: 9657K(10368K)->9657K(10368K)
[1760.738s][info][gc             ] GC(618) Pause Young (Allocation Failure) 1455M->114M(4084M) 3.154ms
[1760.738s][info][gc,cpu         ] GC(618) User=0.00s Sys=0.00s Real=0.00s
[1763.862s][info][gc,start       ] GC(619) Pause Young (Allocation Failure)
[1763.865s][info][gc,heap        ] GC(619) PSYoungGen: 1379178K(1385472K)->5089K(1386496K) Eden: 1372203K(1373184K)->0K(1374720K) From: 6974K(12288K)->5089K(11776K)
[1763.865s][info][gc,heap        ] GC(619) ParOldGen: 110159K(2796544K)->115434K(2796544K)
[1763.865s][info][gc,metaspace   ] GC(619) Metaspace: 80167K(81536K)->80167K(81536K) NonClass: 70510K(71168K)->70510K(71168K) Class: 9657K(10368K)->9657K(10368K)
[1763.865s][info][gc             ] GC(619) Pause Young (Allocation Failure) 1454M->117M(4085M) 2.865ms
[1763.865s][info][gc,cpu         ] GC(619) User=0.00s Sys=0.00s Real=0.00s
[1766.180s][info][gc,start       ] GC(620) Pause Young (Allocation Failure)
[1766.183s][info][gc,heap        ] GC(620) PSYoungGen: 1377075K(1386496K)->5910K(1385984K) Eden: 1371985K(1374720K)->0K(1374720K) From: 5089K(11776K)->5910K(11264K)
[1766.183s][info][gc,heap        ] GC(620) ParOldGen: 115434K(2796544K)->119452K(2796544K)
[1766.183s][info][gc,metaspace   ] GC(620) Metaspace: 80167K(81536K)->80167K(81536K) NonClass: 70510K(71168K)->70510K(71168K) Class: 9657K(10368K)->9657K(10368K)
[1766.183s][info][gc             ] GC(620) Pause Young (Allocation Failure) 1457M->122M(4084M) 3.066ms
[1766.183s][info][gc,cpu         ] GC(620) User=0.02s Sys=0.00s Real=0.02s
[1768.476s][info][gc,start       ] GC(621) Pause Young (Allocation Failure)
[1768.479s][info][gc,heap        ] GC(621) PSYoungGen: 1380630K(1385984K)->5856K(1387008K) Eden: 1374720K(1374720K)->0K(1375744K) From: 5910K(11264K)->5856K(11264K)
[1768.479s][info][gc,heap        ] GC(621) ParOldGen: 119452K(2796544K)->124514K(2796544K)
[1768.479s][info][gc,metaspace   ] GC(621) Metaspace: 80167K(81536K)->80167K(81536K) NonClass: 70510K(71168K)->70510K(71168K) Class: 9657K(10368K)->9657K(10368K)
[1768.479s][info][gc             ] GC(621) Pause Young (Allocation Failure) 1464M->127M(4085M) 3.428ms
[1768.480s][info][gc,cpu         ] GC(621) User=0.00s Sys=0.00s Real=0.00s
[1771.571s][info][gc,start       ] GC(622) Pause Young (System.gc())
[1771.574s][info][gc,heap        ] GC(622) PSYoungGen: 1301544K(1387008K)->3607K(1386496K) Eden: 1295688K(1375744K)->0K(1375744K) From: 5856K(11264K)->3607K(10752K)
[1771.574s][info][gc,heap        ] GC(622) ParOldGen: 124514K(2796544K)->129233K(2796544K)
[1771.574s][info][gc,metaspace   ] GC(622) Metaspace: 80167K(81536K)->80167K(81536K) NonClass: 70510K(71168K)->70510K(71168K) Class: 9657K(10368K)->9657K(10368K)
[1771.574s][info][gc             ] GC(622) Pause Young (System.gc()) 1392M->129M(4085M) 2.747ms
[1771.574s][info][gc,cpu         ] GC(622) User=0.00s Sys=0.00s Real=0.00s
[1771.574s][info][gc,start       ] GC(623) Pause Full (System.gc())
[1771.574s][info][gc,phases,start] GC(623) Marking Phase
[1771.593s][info][gc,phases      ] GC(623) Marking Phase 19.305ms
[1771.594s][info][gc,phases,start] GC(623) Summary Phase
[1771.594s][info][gc,phases      ] GC(623) Summary Phase 0.010ms
[1771.594s][info][gc,phases,start] GC(623) Adjust Roots
[1771.600s][info][gc,phases      ] GC(623) Adjust Roots 6.102ms
[1771.600s][info][gc,phases,start] GC(623) Compaction Phase
[1771.612s][info][gc,phases      ] GC(623) Compaction Phase 11.799ms
[1771.612s][info][gc,phases,start] GC(623) Post Compact
[1771.613s][info][gc,phases      ] GC(623) Post Compact 1.300ms
[1771.613s][info][gc,heap        ] GC(623) PSYoungGen: 3607K(1386496K)->0K(1386496K) Eden: 0K(1375744K)->0K(1375744K) From: 3607K(10752K)->0K(10752K)
[1771.613s][info][gc,heap        ] GC(623) ParOldGen: 129233K(2796544K)->81572K(2796544K)
[1771.613s][info][gc,metaspace   ] GC(623) Metaspace: 80167K(81536K)->80167K(81536K) NonClass: 70510K(71168K)->70510K(71168K) Class: 9657K(10368K)->9657K(10368K)
[1771.613s][info][gc             ] GC(623) Pause Full (System.gc()) 129M->79M(4085M) 38.824ms
[1771.613s][info][gc,cpu         ] GC(623) User=0.02s Sys=0.00s Real=0.05s
[1774.825s][info][gc,start       ] GC(624) Pause Young (Allocation Failure)
[1774.828s][info][gc,heap        ] GC(624) PSYoungGen: 1375744K(1386496K)->5085K(1387008K) Eden: 1375744K(1375744K)->0K(1376256K) From: 0K(10752K)->5085K(10752K)
[1774.828s][info][gc,heap        ] GC(624) ParOldGen: 81572K(2796544K)->81572K(2796544K)
[1774.828s][info][gc,metaspace   ] GC(624) Metaspace: 80167K(81536K)->80167K(81536K) NonClass: 70510K(71168K)->70510K(71168K) Class: 9657K(10368K)->9657K(10368K)
[1774.828s][info][gc             ] GC(624) Pause Young (Allocation Failure) 1423M->84M(4085M) 2.388ms
[1774.828s][info][gc,cpu         ] GC(624) User=0.00s Sys=0.00s Real=0.00s
[1777.602s][info][gc,start       ] GC(625) Pause Young (Allocation Failure)
[1777.606s][info][gc,heap        ] GC(625) PSYoungGen: 1380103K(1387008K)->10722K(1387008K) Eden: 1375017K(1376256K)->0K(1376256K) From: 5085K(10752K)->10722K(10752K)
[1777.606s][info][gc,heap        ] GC(625) ParOldGen: 81572K(2796544K)->94074K(2796544K)
[1777.606s][info][gc,metaspace   ] GC(625) Metaspace: 80167K(81536K)->80167K(81536K) NonClass: 70510K(71168K)->70510K(71168K) Class: 9657K(10368K)->9657K(10368K)
[1777.606s][info][gc             ] GC(625) Pause Young (Allocation Failure) 1427M->102M(4085M) 4.162ms
[1777.606s][info][gc,cpu         ] GC(625) User=0.00s Sys=0.00s Real=0.00s
[1781.836s][info][gc,start       ] GC(626) Pause Young (Allocation Failure)
[1781.839s][info][gc,heap        ] GC(626) PSYoungGen: 1386978K(1387008K)->6416K(1376768K) Eden: 1376256K(1376256K)->0K(1366016K) From: 10722K(10752K)->6416K(10752K)
[1781.839s][info][gc,heap        ] GC(626) ParOldGen: 94074K(2796544K)->96710K(2796544K)
[1781.839s][info][gc,metaspace   ] GC(626) Metaspace: 80167K(81536K)->80167K(81536K) NonClass: 70510K(71168K)->70510K(71168K) Class: 9657K(10368K)->9657K(10368K)
[1781.839s][info][gc             ] GC(626) Pause Young (Allocation Failure) 1446M->100M(4075M) 2.713ms
[1781.839s][info][gc,cpu         ] GC(626) User=0.00s Sys=0.00s Real=0.00s
[1784.100s][info][gc,start       ] GC(627) Pause Young (Allocation Failure)
[1784.103s][info][gc,heap        ] GC(627) PSYoungGen: 1372432K(1376768K)->6273K(1381888K) Eden: 1366016K(1366016K)->0K(1366016K) From: 6416K(10752K)->6273K(15872K)
[1784.103s][info][gc,heap        ] GC(627) ParOldGen: 96710K(2796544K)->99868K(2796544K)
[1784.103s][info][gc,metaspace   ] GC(627) Metaspace: 80167K(81536K)->80167K(81536K) NonClass: 70510K(71168K)->70510K(71168K) Class: 9657K(10368K)->9657K(10368K)
[1784.103s][info][gc             ] GC(627) Pause Young (Allocation Failure) 1434M->103M(4080M) 3.287ms
[1784.103s][info][gc,cpu         ] GC(627) User=0.00s Sys=0.00s Real=0.00s
[1788.805s][info][gc,start       ] GC(628) Pause Young (Allocation Failure)
[1788.808s][info][gc,heap        ] GC(628) PSYoungGen: 1372289K(1381888K)->6098K(1382912K) Eden: 1366016K(1366016K)->0K(1367552K) From: 6273K(15872K)->6098K(15360K)
[1788.809s][info][gc,heap        ] GC(628) ParOldGen: 99868K(2796544K)->104074K(2796544K)
[1788.809s][info][gc,metaspace   ] GC(628) Metaspace: 80167K(81536K)->80167K(81536K) NonClass: 70510K(71168K)->70510K(71168K) Class: 9657K(10368K)->9657K(10368K)
[1788.809s][info][gc             ] GC(628) Pause Young (Allocation Failure) 1437M->107M(4081M) 3.527ms
[1788.809s][info][gc,cpu         ] GC(628) User=0.02s Sys=0.00s Real=0.02s
[1791.323s][info][gc,start       ] GC(629) Pause Young (Allocation Failure)
[1791.326s][info][gc,heap        ] GC(629) PSYoungGen: 1373650K(1382912K)->5536K(1382400K) Eden: 1367552K(1367552K)->0K(1367552K) From: 6098K(15360K)->5536K(14848K)
[1791.326s][info][gc,heap        ] GC(629) ParOldGen: 104074K(2796544K)->108154K(2796544K)
[1791.326s][info][gc,metaspace   ] GC(629) Metaspace: 80167K(81536K)->80167K(81536K) NonClass: 70510K(71168K)->70510K(71168K) Class: 9657K(10368K)->9657K(10368K)
[1791.326s][info][gc             ] GC(629) Pause Young (Allocation Failure) 1443M->111M(4081M) 2.944ms
[1791.326s][info][gc,cpu         ] GC(629) User=0.00s Sys=0.00s Real=0.00s
[1795.279s][info][gc,start       ] GC(630) Pause Young (Allocation Failure)
[1795.282s][info][gc,heap        ] GC(630) PSYoungGen: 1371909K(1382400K)->5439K(1383424K) Eden: 1366372K(1367552K)->0K(1369088K) From: 5536K(14848K)->5439K(14336K)
[1795.282s][info][gc,heap        ] GC(630) ParOldGen: 108154K(2796544K)->111699K(2796544K)
[1795.282s][info][gc,metaspace   ] GC(630) Metaspace: 80167K(81536K)->80167K(81536K) NonClass: 70510K(71168K)->70510K(71168K) Class: 9657K(10368K)->9657K(10368K)
[1795.282s][info][gc             ] GC(630) Pause Young (Allocation Failure) 1445M->114M(4082M) 3.096ms
[1795.282s][info][gc,cpu         ] GC(630) User=0.00s Sys=0.00s Real=0.01s
[1798.231s][info][gc,start       ] GC(631) Pause Young (Allocation Failure)
[1798.235s][info][gc,heap        ] GC(631) PSYoungGen: 1374527K(1383424K)->7818K(1383424K) Eden: 1369088K(1369088K)->0K(1369088K) From: 5439K(14336K)->7818K(14336K)
[1798.235s][info][gc,heap        ] GC(631) ParOldGen: 111699K(2796544K)->114207K(2796544K)
[1798.235s][info][gc,metaspace   ] GC(631) Metaspace: 80167K(81536K)->80167K(81536K) NonClass: 70510K(71168K)->70510K(71168K) Class: 9657K(10368K)->9657K(10368K)
[1798.235s][info][gc             ] GC(631) Pause Young (Allocation Failure) 1451M->119M(4082M) 3.229ms
[1798.235s][info][gc,cpu         ] GC(631) User=0.00s Sys=0.00s Real=0.00s
[1801.195s][info][gc,start       ] GC(632) Pause Young (Allocation Failure)
[1801.199s][info][gc,heap        ] GC(632) PSYoungGen: 1376906K(1383424K)->8586K(1383936K) Eden: 1369088K(1369088K)->0K(1370112K) From: 7818K(14336K)->8586K(13824K)
[1801.199s][info][gc,heap        ] GC(632) ParOldGen: 114207K(2796544K)->119300K(2796544K)
[1801.199s][info][gc,metaspace   ] GC(632) Metaspace: 80167K(81536K)->80167K(81536K) NonClass: 70510K(71168K)->70510K(71168K) Class: 9657K(10368K)->9657K(10368K)
[1801.199s][info][gc             ] GC(632) Pause Young (Allocation Failure) 1456M->124M(4082M) 3.799ms
[1801.199s][info][gc,cpu         ] GC(632) User=0.00s Sys=0.00s Real=0.00s
[1803.382s][info][gc,start       ] GC(633) Pause Young (Allocation Failure)
[1803.386s][info][gc,heap        ] GC(633) PSYoungGen: 1378698K(1383936K)->7249K(1383936K) Eden: 1370112K(1370112K)->0K(1370112K) From: 8586K(13824K)->7249K(13824K)
[1803.386s][info][gc,heap        ] GC(633) ParOldGen: 119300K(2796544K)->123203K(2796544K)
[1803.386s][info][gc,metaspace   ] GC(633) Metaspace: 80169K(81536K)->80169K(81536K) NonClass: 70511K(71168K)->70511K(71168K) Class: 9657K(10368K)->9657K(10368K)
[1803.386s][info][gc             ] GC(633) Pause Young (Allocation Failure) 1462M->127M(4082M) 3.660ms
[1803.386s][info][gc,cpu         ] GC(633) User=0.00s Sys=0.00s Real=0.01s
[1805.849s][info][gc,start       ] GC(634) Pause Young (Allocation Failure)
[1805.853s][info][gc,heap        ] GC(634) PSYoungGen: 1377361K(1383936K)->6001K(1384960K) Eden: 1370112K(1370112K)->0K(1372160K) From: 7249K(13824K)->6001K(12800K)
[1805.853s][info][gc,heap        ] GC(634) ParOldGen: 123203K(2796544K)->128241K(2796544K)
[1805.853s][info][gc,metaspace   ] GC(634) Metaspace: 80181K(81536K)->80181K(81536K) NonClass: 70524K(71168K)->70524K(71168K) Class: 9657K(10368K)->9657K(10368K)
[1805.853s][info][gc             ] GC(634) Pause Young (Allocation Failure) 1465M->131M(4083M) 3.645ms
[1805.853s][info][gc,cpu         ] GC(634) User=0.00s Sys=0.00s Real=0.02s
[1808.515s][info][gc,start       ] GC(635) Pause Young (System.gc())
[1808.520s][info][gc,heap        ] GC(635) PSYoungGen: 918914K(1384960K)->6460K(1384960K) Eden: 912912K(1372160K)->0K(1372160K) From: 6001K(12800K)->6460K(12800K)
[1808.520s][info][gc,heap        ] GC(635) ParOldGen: 128241K(2796544K)->133202K(2796544K)
[1808.520s][info][gc,metaspace   ] GC(635) Metaspace: 80181K(81536K)->80181K(81536K) NonClass: 70524K(71168K)->70524K(71168K) Class: 9657K(10368K)->9657K(10368K)
[1808.520s][info][gc             ] GC(635) Pause Young (System.gc()) 1022M->136M(4083M) 5.115ms
[1808.520s][info][gc,cpu         ] GC(635) User=0.00s Sys=0.00s Real=0.00s
[1808.520s][info][gc,start       ] GC(636) Pause Full (System.gc())
[1808.520s][info][gc,phases,start] GC(636) Marking Phase
[1808.539s][info][gc,phases      ] GC(636) Marking Phase 18.682ms
[1808.539s][info][gc,phases,start] GC(636) Summary Phase
[1808.539s][info][gc,phases      ] GC(636) Summary Phase 0.011ms
[1808.539s][info][gc,phases,start] GC(636) Adjust Roots
[1808.545s][info][gc,phases      ] GC(636) Adjust Roots 5.920ms
[1808.545s][info][gc,phases,start] GC(636) Compaction Phase
[1808.558s][info][gc,phases      ] GC(636) Compaction Phase 13.341ms
[1808.558s][info][gc,phases,start] GC(636) Post Compact
[1808.560s][info][gc,phases      ] GC(636) Post Compact 1.242ms
[1808.560s][info][gc,heap        ] GC(636) PSYoungGen: 6460K(1384960K)->0K(1384960K) Eden: 0K(1372160K)->0K(1372160K) From: 6460K(12800K)->0K(12800K)
[1808.560s][info][gc,heap        ] GC(636) ParOldGen: 133202K(2796544K)->84907K(2796544K)
[1808.560s][info][gc,metaspace   ] GC(636) Metaspace: 80181K(81536K)->80181K(81536K) NonClass: 70524K(71168K)->70524K(71168K) Class: 9657K(10368K)->9657K(10368K)
[1808.560s][info][gc             ] GC(636) Pause Full (System.gc()) 136M->82M(4083M) 39.455ms
[1808.560s][info][gc,cpu         ] GC(636) User=0.03s Sys=0.00s Real=0.03s
[1809.097s][info][gc,start       ] GC(637) Pause Young (System.gc())
[1809.100s][info][gc,heap        ] GC(637) PSYoungGen: 463377K(1384960K)->2304K(1384448K) Eden: 463377K(1372160K)->0K(1372160K) From: 0K(12800K)->2304K(12288K)
[1809.100s][info][gc,heap        ] GC(637) ParOldGen: 84907K(2796544K)->84907K(2796544K)
[1809.100s][info][gc,metaspace   ] GC(637) Metaspace: 80183K(81536K)->80183K(81536K) NonClass: 70525K(71168K)->70525K(71168K) Class: 9657K(10368K)->9657K(10368K)
[1809.100s][info][gc             ] GC(637) Pause Young (System.gc()) 535M->85M(4083M) 2.356ms
[1809.100s][info][gc,cpu         ] GC(637) User=0.00s Sys=0.00s Real=0.00s
[1809.100s][info][gc,start       ] GC(638) Pause Full (System.gc())
[1809.100s][info][gc,phases,start] GC(638) Marking Phase
[1809.119s][info][gc,phases      ] GC(638) Marking Phase 19.438ms
[1809.119s][info][gc,phases,start] GC(638) Summary Phase
[1809.119s][info][gc,phases      ] GC(638) Summary Phase 0.010ms
[1809.119s][info][gc,phases,start] GC(638) Adjust Roots
[1809.125s][info][gc,phases      ] GC(638) Adjust Roots 6.078ms
[1809.126s][info][gc,phases,start] GC(638) Compaction Phase
[1809.134s][info][gc,phases      ] GC(638) Compaction Phase 7.993ms
[1809.134s][info][gc,phases,start] GC(638) Post Compact
[1809.135s][info][gc,phases      ] GC(638) Post Compact 1.129ms
[1809.135s][info][gc,heap        ] GC(638) PSYoungGen: 2304K(1384448K)->0K(1384448K) Eden: 0K(1372160K)->0K(1372160K) From: 2304K(12288K)->0K(12288K)
[1809.135s][info][gc,heap        ] GC(638) ParOldGen: 84907K(2796544K)->57397K(2796544K)
[1809.135s][info][gc,metaspace   ] GC(638) Metaspace: 80183K(81536K)->80183K(81536K) NonClass: 70525K(71168K)->70525K(71168K) Class: 9657K(10368K)->9657K(10368K)
[1809.135s][info][gc             ] GC(638) Pause Full (System.gc()) 85M->56M(4083M) 34.951ms
[1809.135s][info][gc,cpu         ] GC(638) User=0.02s Sys=0.00s Real=0.03s
[1812.258s][info][gc,start       ] GC(639) Pause Young (Allocation Failure)
[1812.261s][info][gc,heap        ] GC(639) PSYoungGen: 1372160K(1384448K)->5118K(1384960K) Eden: 1372160K(1372160K)->0K(1372160K) From: 0K(12288K)->5118K(12800K)
[1812.261s][info][gc,heap        ] GC(639) ParOldGen: 57397K(2796544K)->57397K(2796544K)
[1812.261s][info][gc,metaspace   ] GC(639) Metaspace: 80183K(81536K)->80183K(81536K) NonClass: 70525K(71168K)->70525K(71168K) Class: 9657K(10368K)->9657K(10368K)
[1812.261s][info][gc             ] GC(639) Pause Young (Allocation Failure) 1396M->61M(4083M) 2.228ms
[1812.261s][info][gc,cpu         ] GC(639) User=0.00s Sys=0.00s Real=0.00s
[1814.975s][info][gc,start       ] GC(640) Pause Young (Allocation Failure)
[1814.978s][info][gc,heap        ] GC(640) PSYoungGen: 1374860K(1384960K)->10567K(1383424K) Eden: 1369741K(1372160K)->0K(1371136K) From: 5118K(12800K)->10567K(12288K)
[1814.978s][info][gc,heap        ] GC(640) ParOldGen: 57397K(2796544K)->61363K(2796544K)
[1814.978s][info][gc,metaspace   ] GC(640) Metaspace: 80183K(81536K)->80183K(81536K) NonClass: 70525K(71168K)->70525K(71168K) Class: 9657K(10368K)->9657K(10368K)
[1814.978s][info][gc             ] GC(640) Pause Young (Allocation Failure) 1398M->70M(4082M) 3.658ms
[1814.978s][info][gc,cpu         ] GC(640) User=0.00s Sys=0.00s Real=0.00s
[1819.229s][info][gc,start       ] GC(641) Pause Young (Allocation Failure)
[1819.232s][info][gc,heap        ] GC(641) PSYoungGen: 1381703K(1383424K)->6880K(1384448K) Eden: 1371136K(1371136K)->0K(1371136K) From: 10567K(12288K)->6880K(13312K)
[1819.232s][info][gc,heap        ] GC(641) ParOldGen: 61363K(2796544K)->64006K(2796544K)
[1819.232s][info][gc,metaspace   ] GC(641) Metaspace: 80183K(81536K)->80183K(81536K) NonClass: 70525K(71168K)->70525K(71168K) Class: 9657K(10368K)->9657K(10368K)
[1819.232s][info][gc             ] GC(641) Pause Young (Allocation Failure) 1409M->69M(4083M) 2.517ms
[1819.232s][info][gc,cpu         ] GC(641) User=0.00s Sys=0.00s Real=0.00s
[1821.518s][info][gc,start       ] GC(642) Pause Young (Allocation Failure)
[1821.521s][info][gc,heap        ] GC(642) PSYoungGen: 1378016K(1384448K)->6225K(1385472K) Eden: 1371136K(1371136K)->0K(1372672K) From: 6880K(13312K)->6225K(12800K)
[1821.521s][info][gc,heap        ] GC(642) ParOldGen: 64006K(2796544K)->67156K(2796544K)
[1821.521s][info][gc,metaspace   ] GC(642) Metaspace: 80183K(81536K)->80183K(81536K) NonClass: 70525K(71168K)->70525K(71168K) Class: 9657K(10368K)->9657K(10368K)
[1821.521s][info][gc             ] GC(642) Pause Young (Allocation Failure) 1408M->71M(4084M) 2.938ms
[1821.521s][info][gc,cpu         ] GC(642) User=0.02s Sys=0.00s Real=0.02s
[1826.456s][info][gc,start       ] GC(643) Pause Young (Allocation Failure)
[1826.459s][info][gc,heap        ] GC(643) PSYoungGen: 1378897K(1385472K)->5332K(1384960K) Eden: 1372672K(1372672K)->0K(1372672K) From: 6225K(12800K)->5332K(12288K)
[1826.459s][info][gc,heap        ] GC(643) ParOldGen: 67156K(2796544K)->71827K(2796544K)
[1826.459s][info][gc,metaspace   ] GC(643) Metaspace: 80183K(81536K)->80183K(81536K) NonClass: 70525K(71168K)->70525K(71168K) Class: 9657K(10368K)->9657K(10368K)
[1826.459s][info][gc             ] GC(643) Pause Young (Allocation Failure) 1412M->75M(4083M) 3.499ms
[1826.459s][info][gc,cpu         ] GC(643) User=0.02s Sys=0.00s Real=0.02s
[1829.082s][info][gc,start       ] GC(644) Pause Young (Allocation Failure)
[1829.085s][info][gc,heap        ] GC(644) PSYoungGen: 1378004K(1384960K)->7051K(1385984K) Eden: 1372672K(1372672K)->0K(1374208K) From: 5332K(12288K)->7051K(11776K)
[1829.085s][info][gc,heap        ] GC(644) ParOldGen: 71827K(2796544K)->75978K(2796544K)
[1829.085s][info][gc,metaspace   ] GC(644) Metaspace: 80183K(81536K)->80183K(81536K) NonClass: 70525K(71168K)->70525K(71168K) Class: 9657K(10368K)->9657K(10368K)
[1829.085s][info][gc             ] GC(644) Pause Young (Allocation Failure) 1415M->81M(4084M) 3.019ms
[1829.085s][info][gc,cpu         ] GC(644) User=0.00s Sys=0.00s Real=0.00s
[1832.906s][info][gc,start       ] GC(645) Pause Young (Allocation Failure)
[1832.910s][info][gc,heap        ] GC(645) PSYoungGen: 1377397K(1385984K)->5865K(1385984K) Eden: 1370345K(1374208K)->0K(1374208K) From: 7051K(11776K)->5865K(11776K)
[1832.910s][info][gc,heap        ] GC(645) ParOldGen: 75978K(2796544K)->79446K(2796544K)
[1832.910s][info][gc,metaspace   ] GC(645) Metaspace: 80183K(81536K)->80183K(81536K) NonClass: 70525K(71168K)->70525K(71168K) Class: 9657K(10368K)->9657K(10368K)
[1832.910s][info][gc             ] GC(645) Pause Young (Allocation Failure) 1419M->83M(4084M) 4.076ms
[1832.911s][info][gc,cpu         ] GC(645) User=0.00s Sys=0.00s Real=0.00s
[1835.930s][info][gc,start       ] GC(646) Pause Young (Allocation Failure)
[1835.933s][info][gc,heap        ] GC(646) PSYoungGen: 1380073K(1385984K)->7104K(1387008K) Eden: 1374208K(1374208K)->0K(1375744K) From: 5865K(11776K)->7104K(11264K)
[1835.933s][info][gc,heap        ] GC(646) ParOldGen: 79446K(2796544K)->81883K(2796544K)
[1835.933s][info][gc,metaspace   ] GC(646) Metaspace: 80183K(81536K)->80183K(81536K) NonClass: 70525K(71168K)->70525K(71168K) Class: 9657K(10368K)->9657K(10368K)
[1835.933s][info][gc             ] GC(646) Pause Young (Allocation Failure) 1425M->86M(4085M) 3.511ms
[1835.933s][info][gc,cpu         ] GC(646) User=0.02s Sys=0.00s Real=0.02s
[1838.995s][info][gc,start       ] GC(647) Pause Young (Allocation Failure)
[1838.998s][info][gc,heap        ] GC(647) PSYoungGen: 1382848K(1387008K)->5743K(1386496K) Eden: 1375744K(1375744K)->0K(1375744K) From: 7104K(11264K)->5743K(10752K)
[1838.998s][info][gc,heap        ] GC(647) ParOldGen: 81883K(2796544K)->87148K(2796544K)
[1838.998s][info][gc,metaspace   ] GC(647) Metaspace: 80183K(81536K)->80183K(81536K) NonClass: 70525K(71168K)->70525K(71168K) Class: 9657K(10368K)->9657K(10368K)
[1838.998s][info][gc             ] GC(647) Pause Young (Allocation Failure) 1430M->90M(4085M) 3.185ms
[1838.998s][info][gc,cpu         ] GC(647) User=0.00s Sys=0.00s Real=0.00s
[1841.250s][info][gc,start       ] GC(648) Pause Young (Allocation Failure)
[1841.253s][info][gc,heap        ] GC(648) PSYoungGen: 1381487K(1386496K)->7327K(1387008K) Eden: 1375744K(1375744K)->0K(1376256K) From: 5743K(10752K)->7327K(10752K)
[1841.253s][info][gc,heap        ] GC(648) ParOldGen: 87148K(2796544K)->91163K(2796544K)
[1841.253s][info][gc,metaspace   ] GC(648) Metaspace: 80183K(81536K)->80183K(81536K) NonClass: 70525K(71168K)->70525K(71168K) Class: 9657K(10368K)->9657K(10368K)
[1841.253s][info][gc             ] GC(648) Pause Young (Allocation Failure) 1434M->96M(4085M) 3.527ms
[1841.253s][info][gc,cpu         ] GC(648) User=0.00s Sys=0.00s Real=0.00s
[1843.546s][info][gc,start       ] GC(649) Pause Young (Allocation Failure)
[1843.549s][info][gc,heap        ] GC(649) PSYoungGen: 1383583K(1387008K)->5976K(1387008K) Eden: 1376256K(1376256K)->0K(1376256K) From: 7327K(10752K)->5976K(10752K)
[1843.549s][info][gc,heap        ] GC(649) ParOldGen: 91163K(2796544K)->96175K(2796544K)
[1843.549s][info][gc,metaspace   ] GC(649) Metaspace: 80183K(81536K)->80183K(81536K) NonClass: 70525K(71168K)->70525K(71168K) Class: 9657K(10368K)->9657K(10368K)
[1843.549s][info][gc             ] GC(649) Pause Young (Allocation Failure) 1440M->99M(4085M) 3.432ms
[1843.549s][info][gc,cpu         ] GC(649) User=0.00s Sys=0.00s Real=0.00s
[1846.672s][info][gc,start       ] GC(650) Pause Young (System.gc())
[1846.675s][info][gc,heap        ] GC(650) PSYoungGen: 1290637K(1387008K)->3691K(1386496K) Eden: 1284661K(1376256K)->0K(1376256K) From: 5976K(10752K)->3691K(10240K)
[1846.675s][info][gc,heap        ] GC(650) ParOldGen: 96175K(2796544K)->100942K(2796544K)
[1846.675s][info][gc,metaspace   ] GC(650) Metaspace: 80184K(81536K)->80184K(81536K) NonClass: 70527K(71168K)->70527K(71168K) Class: 9657K(10368K)->9657K(10368K)
[1846.675s][info][gc             ] GC(650) Pause Young (System.gc()) 1354M->102M(4085M) 2.923ms
[1846.675s][info][gc,cpu         ] GC(650) User=0.00s Sys=0.00s Real=0.00s
[1846.675s][info][gc,start       ] GC(651) Pause Full (System.gc())
[1846.675s][info][gc,phases,start] GC(651) Marking Phase
[1846.696s][info][gc,phases      ] GC(651) Marking Phase 20.885ms
[1846.696s][info][gc,phases,start] GC(651) Summary Phase
[1846.696s][info][gc,phases      ] GC(651) Summary Phase 0.010ms
[1846.696s][info][gc,phases,start] GC(651) Adjust Roots
[1846.702s][info][gc,phases      ] GC(651) Adjust Roots 6.125ms
[1846.702s][info][gc,phases,start] GC(651) Compaction Phase
[1846.714s][info][gc,phases      ] GC(651) Compaction Phase 11.736ms
[1846.714s][info][gc,phases,start] GC(651) Post Compact
[1846.715s][info][gc,phases      ] GC(651) Post Compact 1.125ms
[1846.715s][info][gc,heap        ] GC(651) PSYoungGen: 3691K(1386496K)->0K(1386496K) Eden: 0K(1376256K)->0K(1376256K) From: 3691K(10240K)->0K(10240K)
[1846.715s][info][gc,heap        ] GC(651) ParOldGen: 100942K(2796544K)->82034K(2796544K)
[1846.715s][info][gc,metaspace   ] GC(651) Metaspace: 80184K(81536K)->80184K(81536K) NonClass: 70527K(71168K)->70527K(71168K) Class: 9657K(10368K)->9657K(10368K)
[1846.715s][info][gc             ] GC(651) Pause Full (System.gc()) 102M->80M(4085M) 40.213ms
[1846.715s][info][gc,cpu         ] GC(651) User=0.00s Sys=0.00s Real=0.03s
[1849.955s][info][gc,start       ] GC(652) Pause Young (Allocation Failure)
[1849.958s][info][gc,heap        ] GC(652) PSYoungGen: 1376256K(1386496K)->5125K(1387008K) Eden: 1376256K(1376256K)->0K(1376256K) From: 0K(10240K)->5125K(10752K)
[1849.958s][info][gc,heap        ] GC(652) ParOldGen: 82034K(2796544K)->82034K(2796544K)
[1849.958s][info][gc,metaspace   ] GC(652) Metaspace: 80184K(81536K)->80184K(81536K) NonClass: 70527K(71168K)->70527K(71168K) Class: 9657K(10368K)->9657K(10368K)
[1849.958s][info][gc             ] GC(652) Pause Young (Allocation Failure) 1424M->85M(4085M) 2.586ms
[1849.958s][info][gc,cpu         ] GC(652) User=0.00s Sys=0.00s Real=0.00s
[1852.725s][info][gc,start       ] GC(653) Pause Young (Allocation Failure)
[1852.729s][info][gc,heap        ] GC(653) PSYoungGen: 1378306K(1387008K)->10228K(1378304K) Eden: 1373181K(1376256K)->0K(1368064K) From: 5125K(10752K)->10228K(10240K)
[1852.729s][info][gc,heap        ] GC(653) ParOldGen: 82034K(2796544K)->91513K(2796544K)
[1852.729s][info][gc,metaspace   ] GC(653) Metaspace: 80184K(81536K)->80184K(81536K) NonClass: 70527K(71168K)->70527K(71168K) Class: 9657K(10368K)->9657K(10368K)
[1852.729s][info][gc             ] GC(653) Pause Young (Allocation Failure) 1426M->99M(4077M) 4.104ms
[1852.729s][info][gc,cpu         ] GC(653) User=0.00s Sys=0.00s Real=0.00s
[1856.927s][info][gc,start       ] GC(654) Pause Young (Allocation Failure)
[1856.930s][info][gc,heap        ] GC(654) PSYoungGen: 1378292K(1378304K)->5642K(1382912K) Eden: 1368064K(1368064K)->0K(1368064K) From: 10228K(10240K)->5642K(14848K)
[1856.930s][info][gc,heap        ] GC(654) ParOldGen: 91513K(2796544K)->95253K(2796544K)
[1856.930s][info][gc,metaspace   ] GC(654) Metaspace: 80184K(81536K)->80184K(81536K) NonClass: 70527K(71168K)->70527K(71168K) Class: 9657K(10368K)->9657K(10368K)
[1856.930s][info][gc             ] GC(654) Pause Young (Allocation Failure) 1435M->98M(4081M) 3.283ms
[1856.930s][info][gc,cpu         ] GC(654) User=0.00s Sys=0.00s Real=0.00s
[1859.173s][info][gc,start       ] GC(655) Pause Young (Allocation Failure)
[1859.176s][info][gc,heap        ] GC(655) PSYoungGen: 1373706K(1382912K)->6141K(1383936K) Eden: 1368064K(1368064K)->0K(1369600K) From: 5642K(14848K)->6141K(14336K)
[1859.176s][info][gc,heap        ] GC(655) ParOldGen: 95253K(2796544K)->98427K(2796544K)
[1859.176s][info][gc,metaspace   ] GC(655) Metaspace: 80184K(81536K)->80184K(81536K) NonClass: 70527K(71168K)->70527K(71168K) Class: 9657K(10368K)->9657K(10368K)
[1859.176s][info][gc             ] GC(655) Pause Young (Allocation Failure) 1434M->102M(4082M) 3.194ms
[1859.176s][info][gc,cpu         ] GC(655) User=0.00s Sys=0.00s Real=0.00s
[1863.839s][info][gc,start       ] GC(656) Pause Young (Allocation Failure)
[1863.842s][info][gc,heap        ] GC(656) PSYoungGen: 1374790K(1383936K)->7094K(1383424K) Eden: 1368648K(1369600K)->0K(1369600K) From: 6141K(14336K)->7094K(13824K)
[1863.843s][info][gc,heap        ] GC(656) ParOldGen: 98427K(2796544K)->102632K(2796544K)
[1863.843s][info][gc,metaspace   ] GC(656) Metaspace: 80184K(81536K)->80184K(81536K) NonClass: 70527K(71168K)->70527K(71168K) Class: 9657K(10368K)->9657K(10368K)
[1863.843s][info][gc             ] GC(656) Pause Young (Allocation Failure) 1438M->107M(4082M) 3.424ms
[1863.843s][info][gc,cpu         ] GC(656) User=0.00s Sys=0.00s Real=0.01s
[1866.376s][info][gc,start       ] GC(657) Pause Young (Allocation Failure)
[1866.378s][info][gc,heap        ] GC(657) PSYoungGen: 1373961K(1383424K)->5035K(1384448K) Eden: 1366867K(1369600K)->0K(1371136K) From: 7094K(13824K)->5035K(13312K)
[1866.378s][info][gc,heap        ] GC(657) ParOldGen: 102632K(2796544K)->106724K(2796544K)
[1866.378s][info][gc,metaspace   ] GC(657) Metaspace: 80184K(81536K)->80184K(81536K) NonClass: 70527K(71168K)->70527K(71168K) Class: 9657K(10368K)->9657K(10368K)
[1866.378s][info][gc             ] GC(657) Pause Young (Allocation Failure) 1441M->109M(4083M) 2.540ms
[1866.378s][info][gc,cpu         ] GC(657) User=0.00s Sys=0.00s Real=0.00s
[1870.229s][info][gc,start       ] GC(658) Pause Young (Allocation Failure)
[1870.233s][info][gc,heap        ] GC(658) PSYoungGen: 1376025K(1384448K)->9953K(1381376K) Eden: 1370989K(1371136K)->0K(1371136K) From: 5035K(13312K)->9953K(10240K)
[1870.233s][info][gc,heap        ] GC(658) ParOldGen: 106724K(2796544K)->110299K(2796544K)
[1870.233s][info][gc,metaspace   ] GC(658) Metaspace: 80184K(81536K)->80184K(81536K) NonClass: 70527K(71168K)->70527K(71168K) Class: 9657K(10368K)->9657K(10368K)
[1870.233s][info][gc             ] GC(658) Pause Young (Allocation Failure) 1447M->117M(4080M) 3.358ms
[1870.233s][info][gc,cpu         ] GC(658) User=0.00s Sys=0.00s Real=0.00s
[1873.239s][info][gc,start       ] GC(659) Pause Young (Allocation Failure)
[1873.241s][info][gc,heap        ] GC(659) PSYoungGen: 1378476K(1381376K)->6275K(1384448K) Eden: 1368522K(1371136K)->0K(1370624K) From: 9953K(10240K)->6275K(13824K)
[1873.241s][info][gc,heap        ] GC(659) ParOldGen: 110299K(2796544K)->112724K(2796544K)
[1873.241s][info][gc,metaspace   ] GC(659) Metaspace: 80184K(81536K)->80184K(81536K) NonClass: 70527K(71168K)->70527K(71168K) Class: 9657K(10368K)->9657K(10368K)
[1873.241s][info][gc             ] GC(659) Pause Young (Allocation Failure) 1453M->116M(4083M) 2.814ms
[1873.241s][info][gc,cpu         ] GC(659) User=0.00s Sys=0.00s Real=0.00s
[1876.254s][info][gc,start       ] GC(660) Pause Young (Allocation Failure)
[1876.257s][info][gc,heap        ] GC(660) PSYoungGen: 1376899K(1384448K)->6395K(1383936K) Eden: 1370624K(1370624K)->0K(1370624K) From: 6275K(13824K)->6395K(13312K)
[1876.257s][info][gc,heap        ] GC(660) ParOldGen: 112724K(2796544K)->117972K(2796544K)
[1876.257s][info][gc,metaspace   ] GC(660) Metaspace: 80184K(81536K)->80184K(81536K) NonClass: 70527K(71168K)->70527K(71168K) Class: 9657K(10368K)->9657K(10368K)
[1876.257s][info][gc             ] GC(660) Pause Young (Allocation Failure) 1454M->121M(4082M) 3.303ms
[1876.257s][info][gc,cpu         ] GC(660) User=0.00s Sys=0.00s Real=0.00s
[1878.455s][info][gc,start       ] GC(661) Pause Young (Allocation Failure)
[1878.458s][info][gc,heap        ] GC(661) PSYoungGen: 1377019K(1383936K)->6523K(1385472K) Eden: 1370624K(1370624K)->0K(1372672K) From: 6395K(13312K)->6523K(12800K)
[1878.458s][info][gc,heap        ] GC(661) ParOldGen: 117972K(2796544K)->121918K(2796544K)
[1878.458s][info][gc,metaspace   ] GC(661) Metaspace: 80184K(81536K)->80184K(81536K) NonClass: 70527K(71168K)->70527K(71168K) Class: 9657K(10368K)->9657K(10368K)
[1878.458s][info][gc             ] GC(661) Pause Young (Allocation Failure) 1459M->125M(4084M) 3.140ms
[1878.458s][info][gc,cpu         ] GC(661) User=0.02s Sys=0.00s Real=0.00s
[1880.857s][info][gc,start       ] GC(662) Pause Young (Allocation Failure)
[1880.860s][info][gc,heap        ] GC(662) PSYoungGen: 1379195K(1385472K)->6035K(1384960K) Eden: 1372672K(1372672K)->0K(1372672K) From: 6523K(12800K)->6035K(12288K)
[1880.860s][info][gc,heap        ] GC(662) ParOldGen: 121918K(2796544K)->126997K(2796544K)
[1880.860s][info][gc,metaspace   ] GC(662) Metaspace: 80184K(81536K)->80184K(81536K) NonClass: 70527K(71168K)->70527K(71168K) Class: 9657K(10368K)->9657K(10368K)
[1880.860s][info][gc             ] GC(662) Pause Young (Allocation Failure) 1465M->129M(4083M) 3.666ms
[1880.860s][info][gc,cpu         ] GC(662) User=0.00s Sys=0.00s Real=0.01s
[1883.998s][info][gc,start       ] GC(663) Pause Young (System.gc())
[1884.002s][info][gc,heap        ] GC(663) PSYoungGen: 1326209K(1384960K)->3595K(1384960K) Eden: 1320173K(1372672K)->0K(1373184K) From: 6035K(12288K)->3595K(11776K)
[1884.002s][info][gc,heap        ] GC(663) ParOldGen: 126997K(2796544K)->131756K(2796544K)
[1884.002s][info][gc,metaspace   ] GC(663) Metaspace: 80184K(81536K)->80184K(81536K) NonClass: 70527K(71168K)->70527K(71168K) Class: 9657K(10368K)->9657K(10368K)
[1884.002s][info][gc             ] GC(663) Pause Young (System.gc()) 1419M->132M(4083M) 3.528ms
[1884.002s][info][gc,cpu         ] GC(663) User=0.00s Sys=0.00s Real=0.00s
[1884.002s][info][gc,start       ] GC(664) Pause Full (System.gc())
[1884.002s][info][gc,phases,start] GC(664) Marking Phase
[1884.022s][info][gc,phases      ] GC(664) Marking Phase 19.876ms
[1884.022s][info][gc,phases,start] GC(664) Summary Phase
[1884.022s][info][gc,phases      ] GC(664) Summary Phase 0.011ms
[1884.022s][info][gc,phases,start] GC(664) Adjust Roots
[1884.028s][info][gc,phases      ] GC(664) Adjust Roots 5.966ms
[1884.028s][info][gc,phases,start] GC(664) Compaction Phase
[1884.039s][info][gc,phases      ] GC(664) Compaction Phase 11.425ms
[1884.039s][info][gc,phases,start] GC(664) Post Compact
[1884.041s][info][gc,phases      ] GC(664) Post Compact 1.254ms
[1884.041s][info][gc,heap        ] GC(664) PSYoungGen: 3595K(1384960K)->0K(1384960K) Eden: 0K(1373184K)->0K(1373184K) From: 3595K(11776K)->0K(11776K)
[1884.041s][info][gc,heap        ] GC(664) ParOldGen: 131756K(2796544K)->83621K(2796544K)
[1884.041s][info][gc,metaspace   ] GC(664) Metaspace: 80184K(81536K)->80184K(81536K) NonClass: 70527K(71168K)->70527K(71168K) Class: 9657K(10368K)->9657K(10368K)
[1884.041s][info][gc             ] GC(664) Pause Full (System.gc()) 132M->81M(4083M) 38.806ms
[1884.041s][info][gc,cpu         ] GC(664) User=0.02s Sys=0.00s Real=0.03s
[1887.335s][info][gc,start       ] GC(665) Pause Young (Allocation Failure)
[1887.337s][info][gc,heap        ] GC(665) PSYoungGen: 1373184K(1384960K)->5181K(1385472K) Eden: 1373184K(1373184K)->0K(1373184K) From: 0K(11776K)->5181K(12288K)
[1887.337s][info][gc,heap        ] GC(665) ParOldGen: 83621K(2796544K)->83621K(2796544K)
[1887.337s][info][gc,metaspace   ] GC(665) Metaspace: 80184K(81536K)->80184K(81536K) NonClass: 70527K(71168K)->70527K(71168K) Class: 9657K(10368K)->9657K(10368K)
[1887.337s][info][gc             ] GC(665) Pause Young (Allocation Failure) 1422M->86M(4084M) 2.626ms
[1887.337s][info][gc,cpu         ] GC(665) User=0.00s Sys=0.00s Real=0.00s
[1890.080s][info][gc,start       ] GC(666) Pause Young (Allocation Failure)
[1890.085s][info][gc,heap        ] GC(666) PSYoungGen: 1377052K(1385472K)->10914K(1383936K) Eden: 1371870K(1373184K)->0K(1372160K) From: 5181K(12288K)->10914K(11776K)
[1890.085s][info][gc,heap        ] GC(666) ParOldGen: 83621K(2796544K)->95875K(2796544K)
[1890.085s][info][gc,metaspace   ] GC(666) Metaspace: 80184K(81536K)->80184K(81536K) NonClass: 70527K(71168K)->70527K(71168K) Class: 9657K(10368K)->9657K(10368K)
[1890.085s][info][gc             ] GC(666) Pause Young (Allocation Failure) 1426M->104M(4082M) 4.076ms
[1890.085s][info][gc,cpu         ] GC(666) User=0.00s Sys=0.00s Real=0.00s
[1894.295s][info][gc,start       ] GC(667) Pause Young (Allocation Failure)
[1894.297s][info][gc,heap        ] GC(667) PSYoungGen: 1383074K(1383936K)->5491K(1384960K) Eden: 1372160K(1372160K)->0K(1372160K) From: 10914K(11776K)->5491K(12800K)
[1894.297s][info][gc,heap        ] GC(667) ParOldGen: 95875K(2796544K)->98500K(2796544K)
[1894.297s][info][gc,metaspace   ] GC(667) Metaspace: 80184K(81536K)->80184K(81536K) NonClass: 70527K(71168K)->70527K(71168K) Class: 9657K(10368K)->9657K(10368K)
[1894.297s][info][gc             ] GC(667) Pause Young (Allocation Failure) 1444M->101M(4083M) 2.610ms
[1894.297s][info][gc,cpu         ] GC(667) User=0.02s Sys=0.00s Real=0.02s
[1896.570s][info][gc,start       ] GC(668) Pause Young (Allocation Failure)
[1896.573s][info][gc,heap        ] GC(668) PSYoungGen: 1377651K(1384960K)->6177K(1385472K) Eden: 1372160K(1372160K)->0K(1372672K) From: 5491K(12800K)->6177K(12800K)
[1896.573s][info][gc,heap        ] GC(668) ParOldGen: 98500K(2796544K)->101688K(2796544K)
[1896.573s][info][gc,metaspace   ] GC(668) Metaspace: 80184K(81536K)->80184K(81536K) NonClass: 70527K(71168K)->70527K(71168K) Class: 9657K(10368K)->9657K(10368K)
[1896.573s][info][gc             ] GC(668) Pause Young (Allocation Failure) 1441M->105M(4084M) 3.298ms
[1896.573s][info][gc,cpu         ] GC(668) User=0.00s Sys=0.00s Real=0.00s
[1901.251s][info][gc,start       ] GC(669) Pause Young (Allocation Failure)
[1901.254s][info][gc,heap        ] GC(669) PSYoungGen: 1378849K(1385472K)->5422K(1384960K) Eden: 1372672K(1372672K)->0K(1372672K) From: 6177K(12800K)->5422K(12288K)
[1901.254s][info][gc,heap        ] GC(669) ParOldGen: 101688K(2796544K)->105900K(2796544K)
[1901.254s][info][gc,metaspace   ] GC(669) Metaspace: 80184K(81536K)->80184K(81536K) NonClass: 70527K(71168K)->70527K(71168K) Class: 9657K(10368K)->9657K(10368K)
[1901.254s][info][gc             ] GC(669) Pause Young (Allocation Failure) 1445M->108M(4083M) 3.203ms
[1901.255s][info][gc,cpu         ] GC(669) User=0.00s Sys=0.00s Real=0.00s
[1903.842s][info][gc,start       ] GC(670) Pause Young (Allocation Failure)
[1903.845s][info][gc,heap        ] GC(670) PSYoungGen: 1378094K(1384960K)->6047K(1386496K) Eden: 1372672K(1372672K)->0K(1374720K) From: 5422K(12288K)->6047K(11776K)
[1903.845s][info][gc,heap        ] GC(670) ParOldGen: 105900K(2796544K)->110012K(2796544K)
[1903.845s][info][gc,metaspace   ] GC(670) Metaspace: 80184K(81536K)->80184K(81536K) NonClass: 70527K(71168K)->70527K(71168K) Class: 9657K(10368K)->9657K(10368K)
[1903.846s][info][gc             ] GC(670) Pause Young (Allocation Failure) 1449M->113M(4085M) 3.247ms
[1903.846s][info][gc,cpu         ] GC(670) User=0.02s Sys=0.00s Real=0.02s
[1907.674s][info][gc,start       ] GC(671) Pause Young (Allocation Failure)
[1907.677s][info][gc,heap        ] GC(671) PSYoungGen: 1377793K(1386496K)->5647K(1385984K) Eden: 1371745K(1374720K)->0K(1374720K) From: 6047K(11776K)->5647K(11264K)
[1907.677s][info][gc,heap        ] GC(671) ParOldGen: 110012K(2796544K)->113619K(2796544K)
[1907.677s][info][gc,metaspace   ] GC(671) Metaspace: 80184K(81536K)->80184K(81536K) NonClass: 70527K(71168K)->70527K(71168K) Class: 9657K(10368K)->9657K(10368K)
[1907.677s][info][gc             ] GC(671) Pause Young (Allocation Failure) 1452M->116M(4084M) 3.178ms
[1907.677s][info][gc,cpu         ] GC(671) User=0.00s Sys=0.00s Real=0.00s
[1910.726s][info][gc,start       ] GC(672) Pause Young (Allocation Failure)
[1910.730s][info][gc,heap        ] GC(672) PSYoungGen: 1380367K(1385984K)->7579K(1386496K) Eden: 1374720K(1374720K)->0K(1375232K) From: 5647K(11264K)->7579K(11264K)
[1910.730s][info][gc,heap        ] GC(672) ParOldGen: 113619K(2796544K)->116062K(2796544K)
[1910.730s][info][gc,metaspace   ] GC(672) Metaspace: 80184K(81536K)->80184K(81536K) NonClass: 70527K(71168K)->70527K(71168K) Class: 9657K(10368K)->9657K(10368K)
[1910.730s][info][gc             ] GC(672) Pause Young (Allocation Failure) 1458M->120M(4085M) 3.429ms
[1910.730s][info][gc,cpu         ] GC(672) User=0.00s Sys=0.00s Real=0.00s
[1913.787s][info][gc,start       ] GC(673) Pause Young (Allocation Failure)
[1913.790s][info][gc,heap        ] GC(673) PSYoungGen: 1382811K(1386496K)->4820K(1386496K) Eden: 1375232K(1375232K)->0K(1375232K) From: 7579K(11264K)->4820K(11264K)
[1913.790s][info][gc,heap        ] GC(673) ParOldGen: 116062K(2796544K)->121265K(2796544K)
[1913.790s][info][gc,metaspace   ] GC(673) Metaspace: 80184K(81536K)->80184K(81536K) NonClass: 70527K(71168K)->70527K(71168K) Class: 9657K(10368K)->9657K(10368K)
[1913.790s][info][gc             ] GC(673) Pause Young (Allocation Failure) 1463M->123M(4085M) 2.901ms
[1913.790s][info][gc,cpu         ] GC(673) User=0.02s Sys=0.00s Real=0.01s
[1916.034s][info][gc,start       ] GC(674) Pause Young (Allocation Failure)
[1916.038s][info][gc,heap        ] GC(674) PSYoungGen: 1380052K(1386496K)->6539K(1387008K) Eden: 1375232K(1375232K)->0K(1376256K) From: 4820K(11264K)->6539K(10752K)
[1916.038s][info][gc,heap        ] GC(674) ParOldGen: 121265K(2796544K)->125200K(2796544K)
[1916.038s][info][gc,metaspace   ] GC(674) Metaspace: 80184K(81536K)->80184K(81536K) NonClass: 70527K(71168K)->70527K(71168K) Class: 9657K(10368K)->9657K(10368K)
[1916.038s][info][gc             ] GC(674) Pause Young (Allocation Failure) 1466M->128M(4085M) 3.251ms
[1916.038s][info][gc,cpu         ] GC(674) User=0.00s Sys=0.00s Real=0.00s
[1918.349s][info][gc,start       ] GC(675) Pause Young (Allocation Failure)
[1918.353s][info][gc,heap        ] GC(675) PSYoungGen: 1382795K(1387008K)->6197K(1387008K) Eden: 1376256K(1376256K)->0K(1376256K) From: 6539K(10752K)->6197K(10752K)
[1918.353s][info][gc,heap        ] GC(675) ParOldGen: 125200K(2796544K)->130279K(2796544K)
[1918.353s][info][gc,metaspace   ] GC(675) Metaspace: 80184K(81536K)->80184K(81536K) NonClass: 70527K(71168K)->70527K(71168K) Class: 9657K(10368K)->9657K(10368K)
[1918.353s][info][gc             ] GC(675) Pause Young (Allocation Failure) 1472M->133M(4085M) 3.518ms
[1918.353s][info][gc,cpu         ] GC(675) User=0.00s Sys=0.00s Real=0.00s
[1921.445s][info][gc,start       ] GC(676) Pause Young (System.gc())
[1921.447s][info][gc,heap        ] GC(676) PSYoungGen: 1295348K(1387008K)->3627K(1387520K) Eden: 1289151K(1376256K)->0K(1377280K) From: 6197K(10752K)->3627K(10240K)
[1921.447s][info][gc,heap        ] GC(676) ParOldGen: 130279K(2796544K)->135001K(2796544K)
[1921.447s][info][gc,metaspace   ] GC(676) Metaspace: 80184K(81536K)->80184K(81536K) NonClass: 70527K(71168K)->70527K(71168K) Class: 9657K(10368K)->9657K(10368K)
[1921.447s][info][gc             ] GC(676) Pause Young (System.gc()) 1392M->135M(4086M) 2.802ms
[1921.448s][info][gc,cpu         ] GC(676) User=0.00s Sys=0.00s Real=0.00s
[1921.448s][info][gc,start       ] GC(677) Pause Full (System.gc())
[1921.448s][info][gc,phases,start] GC(677) Marking Phase
[1921.468s][info][gc,phases      ] GC(677) Marking Phase 20.699ms
[1921.468s][info][gc,phases,start] GC(677) Summary Phase
[1921.468s][info][gc,phases      ] GC(677) Summary Phase 0.011ms
[1921.468s][info][gc,phases,start] GC(677) Adjust Roots
[1921.475s][info][gc,phases      ] GC(677) Adjust Roots 6.180ms
[1921.475s][info][gc,phases,start] GC(677) Compaction Phase
[1921.486s][info][gc,phases      ] GC(677) Compaction Phase 11.490ms
[1921.486s][info][gc,phases,start] GC(677) Post Compact
[1921.487s][info][gc,phases      ] GC(677) Post Compact 1.264ms
[1921.487s][info][gc,heap        ] GC(677) PSYoungGen: 3627K(1387520K)->0K(1387520K) Eden: 0K(1377280K)->0K(1377280K) From: 3627K(10240K)->0K(10240K)
[1921.487s][info][gc,heap        ] GC(677) ParOldGen: 135001K(2796544K)->81757K(2796544K)
[1921.487s][info][gc,metaspace   ] GC(677) Metaspace: 80184K(81536K)->80184K(81536K) NonClass: 70527K(71168K)->70527K(71168K) Class: 9657K(10368K)->9657K(10368K)
[1921.488s][info][gc             ] GC(677) Pause Full (System.gc()) 135M->79M(4086M) 39.946ms
[1921.488s][info][gc,cpu         ] GC(677) User=0.02s Sys=0.00s Real=0.05s
[1924.721s][info][gc,start       ] GC(678) Pause Young (Allocation Failure)
[1924.723s][info][gc,heap        ] GC(678) PSYoungGen: 1377280K(1387520K)->4992K(1387520K) Eden: 1377280K(1377280K)->0K(1377280K) From: 0K(10240K)->4992K(10240K)
[1924.723s][info][gc,heap        ] GC(678) ParOldGen: 81757K(2796544K)->81757K(2796544K)
[1924.723s][info][gc,metaspace   ] GC(678) Metaspace: 80184K(81536K)->80184K(81536K) NonClass: 70527K(71168K)->70527K(71168K) Class: 9657K(10368K)->9657K(10368K)
[1924.723s][info][gc             ] GC(678) Pause Young (Allocation Failure) 1424M->84M(4086M) 2.366ms
[1924.723s][info][gc,cpu         ] GC(678) User=0.00s Sys=0.00s Real=0.00s
[1927.501s][info][gc,start       ] GC(679) Pause Young (Allocation Failure)
[1927.505s][info][gc,heap        ] GC(679) PSYoungGen: 1379467K(1387520K)->10219K(1381376K) Eden: 1374475K(1377280K)->0K(1371136K) From: 4992K(10240K)->10219K(10240K)
[1927.505s][info][gc,heap        ] GC(679) ParOldGen: 81757K(2796544K)->86590K(2796544K)
[1927.505s][info][gc,metaspace   ] GC(679) Metaspace: 80184K(81536K)->80184K(81536K) NonClass: 70527K(71168K)->70527K(71168K) Class: 9657K(10368K)->9657K(10368K)
[1927.505s][info][gc             ] GC(679) Pause Young (Allocation Failure) 1426M->94M(4080M) 3.746ms
[1927.505s][info][gc,cpu         ] GC(679) User=0.00s Sys=0.00s Real=0.00s
[1931.704s][info][gc,start       ] GC(680) Pause Young (Allocation Failure)
[1931.707s][info][gc,heap        ] GC(680) PSYoungGen: 1381355K(1381376K)->5394K(1384448K) Eden: 1371136K(1371136K)->0K(1371136K) From: 10219K(10240K)->5394K(13312K)
[1931.707s][info][gc,heap        ] GC(680) ParOldGen: 86590K(2796544K)->90046K(2796544K)
[1931.707s][info][gc,metaspace   ] GC(680) Metaspace: 80193K(81536K)->80193K(81536K) NonClass: 70536K(71168K)->70536K(71168K) Class: 9657K(10368K)->9657K(10368K)
[1931.707s][info][gc             ] GC(680) Pause Young (Allocation Failure) 1433M->93M(4083M) 2.680ms
[1931.707s][info][gc,cpu         ] GC(680) User=0.00s Sys=0.00s Real=0.00s
[1933.975s][info][gc,start       ] GC(681) Pause Young (Allocation Failure)
[1933.978s][info][gc,heap        ] GC(681) PSYoungGen: 1376530K(1384448K)->5994K(1385472K) Eden: 1371136K(1371136K)->0K(1372672K) From: 5394K(13312K)->5994K(12800K)
[1933.978s][info][gc,heap        ] GC(681) ParOldGen: 90046K(2796544K)->93188K(2796544K)
[1933.978s][info][gc,metaspace   ] GC(681) Metaspace: 80193K(81536K)->80193K(81536K) NonClass: 70536K(71168K)->70536K(71168K) Class: 9657K(10368K)->9657K(10368K)
[1933.978s][info][gc             ] GC(681) Pause Young (Allocation Failure) 1432M->96M(4084M) 3.027ms
[1933.978s][info][gc,cpu         ] GC(681) User=0.00s Sys=0.00s Real=0.00s
[1938.706s][info][gc,start       ] GC(682) Pause Young (Allocation Failure)
[1938.709s][info][gc,heap        ] GC(682) PSYoungGen: 1378666K(1385472K)->7565K(1384960K) Eden: 1372672K(1372672K)->0K(1372672K) From: 5994K(12800K)->7565K(12288K)
[1938.709s][info][gc,heap        ] GC(682) ParOldGen: 93188K(2796544K)->97401K(2796544K)
[1938.709s][info][gc,metaspace   ] GC(682) Metaspace: 80193K(81536K)->80193K(81536K) NonClass: 70536K(71168K)->70536K(71168K) Class: 9657K(10368K)->9657K(10368K)
[1938.709s][info][gc             ] GC(682) Pause Young (Allocation Failure) 1437M->102M(4083M) 3.479ms
[1938.709s][info][gc,cpu         ] GC(682) User=0.00s Sys=0.00s Real=0.00s
[1941.271s][info][gc,start       ] GC(683) Pause Young (Allocation Failure)
[1941.274s][info][gc,heap        ] GC(683) PSYoungGen: 1380237K(1384960K)->5623K(1385984K) Eden: 1372672K(1372672K)->0K(1373696K) From: 7565K(12288K)->5623K(12288K)
[1941.274s][info][gc,heap        ] GC(683) ParOldGen: 97401K(2796544K)->101552K(2796544K)
[1941.274s][info][gc,metaspace   ] GC(683) Metaspace: 80193K(81536K)->80193K(81536K) NonClass: 70536K(71168K)->70536K(71168K) Class: 9657K(10368K)->9657K(10368K)
[1941.274s][info][gc             ] GC(683) Pause Young (Allocation Failure) 1443M->104M(4084M) 3.164ms
[1941.274s][info][gc,cpu         ] GC(683) User=0.00s Sys=0.00s Real=0.00s
[1945.123s][info][gc,start       ] GC(684) Pause Young (Allocation Failure)
[1945.126s][info][gc,heap        ] GC(684) PSYoungGen: 1375989K(1385984K)->5897K(1385472K) Eden: 1370365K(1373696K)->0K(1373696K) From: 5623K(12288K)->5897K(11776K)
[1945.126s][info][gc,heap        ] GC(684) ParOldGen: 101552K(2796544K)->105072K(2796544K)
[1945.126s][info][gc,metaspace   ] GC(684) Metaspace: 80193K(81536K)->80193K(81536K) NonClass: 70536K(71168K)->70536K(71168K) Class: 9657K(10368K)->9657K(10368K)
[1945.126s][info][gc             ] GC(684) Pause Young (Allocation Failure) 1442M->108M(4084M) 3.065ms
[1945.126s][info][gc,cpu         ] GC(684) User=0.00s Sys=0.00s Real=0.00s
[1948.185s][info][gc,start       ] GC(685) Pause Young (Allocation Failure)
[1948.188s][info][gc,heap        ] GC(685) PSYoungGen: 1379593K(1385472K)->7510K(1386496K) Eden: 1373696K(1373696K)->0K(1375232K) From: 5897K(11776K)->7510K(11264K)
[1948.188s][info][gc,heap        ] GC(685) ParOldGen: 105072K(2796544K)->107538K(2796544K)
[1948.188s][info][gc,metaspace   ] GC(685) Metaspace: 80193K(81536K)->80193K(81536K) NonClass: 70536K(71168K)->70536K(71168K) Class: 9657K(10368K)->9657K(10368K)
[1948.188s][info][gc             ] GC(685) Pause Young (Allocation Failure) 1449M->112M(4085M) 3.705ms
[1948.188s][info][gc,cpu         ] GC(685) User=0.00s Sys=0.00s Real=0.00s
[1951.270s][info][gc,start       ] GC(686) Pause Young (Allocation Failure)
[1951.274s][info][gc,heap        ] GC(686) PSYoungGen: 1382742K(1386496K)->4901K(1386496K) Eden: 1375232K(1375232K)->0K(1375232K) From: 7510K(11264K)->4901K(11264K)
[1951.274s][info][gc,heap        ] GC(686) ParOldGen: 107538K(2796544K)->112794K(2796544K)
[1951.274s][info][gc,metaspace   ] GC(686) Metaspace: 80193K(81536K)->80193K(81536K) NonClass: 70536K(71168K)->70536K(71168K) Class: 9657K(10368K)->9657K(10368K)
[1951.274s][info][gc             ] GC(686) Pause Young (Allocation Failure) 1455M->114M(4085M) 3.352ms
[1951.274s][info][gc,cpu         ] GC(686) User=0.00s Sys=0.00s Real=0.00s
[1953.522s][info][gc,start       ] GC(687) Pause Young (Allocation Failure)
[1953.526s][info][gc,heap        ] GC(687) PSYoungGen: 1380133K(1386496K)->7015K(1387008K) Eden: 1375232K(1375232K)->0K(1375744K) From: 4901K(11264K)->7015K(11264K)
[1953.526s][info][gc,heap        ] GC(687) ParOldGen: 112794K(2796544K)->116736K(2796544K)
[1953.526s][info][gc,metaspace   ] GC(687) Metaspace: 80193K(81536K)->80193K(81536K) NonClass: 70536K(71168K)->70536K(71168K) Class: 9657K(10368K)->9657K(10368K)
[1953.526s][info][gc             ] GC(687) Pause Young (Allocation Failure) 1457M->120M(4085M) 3.489ms
[1953.526s][info][gc,cpu         ] GC(687) User=0.00s Sys=0.00s Real=0.00s
[1955.856s][info][gc,start       ] GC(688) Pause Young (Allocation Failure)
[1955.859s][info][gc,heap        ] GC(688) PSYoungGen: 1382759K(1387008K)->5972K(1386496K) Eden: 1375744K(1375744K)->0K(1375744K) From: 7015K(11264K)->5972K(10752K)
[1955.859s][info][gc,heap        ] GC(688) ParOldGen: 116736K(2796544K)->121871K(2796544K)
[1955.859s][info][gc,metaspace   ] GC(688) Metaspace: 80194K(81536K)->80194K(81536K) NonClass: 70537K(71168K)->70537K(71168K) Class: 9657K(10368K)->9657K(10368K)
[1955.859s][info][gc             ] GC(688) Pause Young (Allocation Failure) 1464M->124M(4085M) 3.542ms
[1955.859s][info][gc,cpu         ] GC(688) User=0.00s Sys=0.00s Real=0.00s
[1958.919s][info][gc,start       ] GC(689) Pause Young (System.gc())
[1958.922s][info][gc,heap        ] GC(689) PSYoungGen: 1295237K(1386496K)->3682K(1387008K) Eden: 1289265K(1375744K)->0K(1376256K) From: 5972K(10752K)->3682K(10752K)
[1958.922s][info][gc,heap        ] GC(689) ParOldGen: 121871K(2796544K)->126599K(2796544K)
[1958.922s][info][gc,metaspace   ] GC(689) Metaspace: 80194K(81536K)->80194K(81536K) NonClass: 70537K(71168K)->70537K(71168K) Class: 9657K(10368K)->9657K(10368K)
[1958.922s][info][gc             ] GC(689) Pause Young (System.gc()) 1383M->127M(4085M) 2.881ms
[1958.922s][info][gc,cpu         ] GC(689) User=0.00s Sys=0.00s Real=0.00s
[1958.922s][info][gc,start       ] GC(690) Pause Full (System.gc())
[1958.922s][info][gc,phases,start] GC(690) Marking Phase
[1958.943s][info][gc,phases      ] GC(690) Marking Phase 20.785ms
[1958.943s][info][gc,phases,start] GC(690) Summary Phase
[1958.943s][info][gc,phases      ] GC(690) Summary Phase 0.011ms
[1958.943s][info][gc,phases,start] GC(690) Adjust Roots
[1958.949s][info][gc,phases      ] GC(690) Adjust Roots 6.523ms
[1958.949s][info][gc,phases,start] GC(690) Compaction Phase
[1958.960s][info][gc,phases      ] GC(690) Compaction Phase 11.055ms
[1958.960s][info][gc,phases,start] GC(690) Post Compact
[1958.962s][info][gc,phases      ] GC(690) Post Compact 1.216ms
[1958.962s][info][gc,heap        ] GC(690) PSYoungGen: 3682K(1387008K)->0K(1387008K) Eden: 0K(1376256K)->0K(1376256K) From: 3682K(10752K)->0K(10752K)
[1958.962s][info][gc,heap        ] GC(690) ParOldGen: 126599K(2796544K)->83868K(2796544K)
[1958.962s][info][gc,metaspace   ] GC(690) Metaspace: 80194K(81536K)->80194K(81536K) NonClass: 70537K(71168K)->70537K(71168K) Class: 9657K(10368K)->9657K(10368K)
[1958.962s][info][gc             ] GC(690) Pause Full (System.gc()) 127M->81M(4085M) 39.915ms
[1958.962s][info][gc,cpu         ] GC(690) User=0.02s Sys=0.00s Real=0.03s
[1962.168s][info][gc,start       ] GC(691) Pause Young (Allocation Failure)
[1962.171s][info][gc,heap        ] GC(691) PSYoungGen: 1376256K(1387008K)->5118K(1387008K) Eden: 1376256K(1376256K)->0K(1376256K) From: 0K(10752K)->5118K(10752K)
[1962.171s][info][gc,heap        ] GC(691) ParOldGen: 83868K(2796544K)->83868K(2796544K)
[1962.171s][info][gc,metaspace   ] GC(691) Metaspace: 80194K(81536K)->80194K(81536K) NonClass: 70537K(71168K)->70537K(71168K) Class: 9657K(10368K)->9657K(10368K)
[1962.171s][info][gc             ] GC(691) Pause Young (Allocation Failure) 1425M->86M(4085M) 2.701ms
[1962.171s][info][gc,cpu         ] GC(691) User=0.00s Sys=0.00s Real=0.00s
[1964.917s][info][gc,start       ] GC(692) Pause Young (Allocation Failure)
[1964.921s][info][gc,heap        ] GC(692) PSYoungGen: 1381050K(1387008K)->10233K(1377280K) Eden: 1375932K(1376256K)->0K(1367040K) From: 5118K(10752K)->10233K(10240K)
[1964.922s][info][gc,heap        ] GC(692) ParOldGen: 83868K(2796544K)->93511K(2796544K)
[1964.922s][info][gc,metaspace   ] GC(692) Metaspace: 80194K(81536K)->80194K(81536K) NonClass: 70537K(71168K)->70537K(71168K) Class: 9657K(10368K)->9657K(10368K)
[1964.922s][info][gc             ] GC(692) Pause Young (Allocation Failure) 1430M->101M(4076M) 4.570ms
[1964.922s][info][gc,cpu         ] GC(692) User=0.00s Sys=0.00s Real=0.00s
[1969.163s][info][gc,start       ] GC(693) Pause Young (Allocation Failure)
[1969.165s][info][gc,heap        ] GC(693) PSYoungGen: 1376742K(1377280K)->4631K(1382400K) Eden: 1366508K(1367040K)->0K(1367040K) From: 10233K(10240K)->4631K(15360K)
[1969.165s][info][gc,heap        ] GC(693) ParOldGen: 93511K(2796544K)->97810K(2796544K)
[1969.165s][info][gc,metaspace   ] GC(693) Metaspace: 80194K(81536K)->80194K(81536K) NonClass: 70537K(71168K)->70537K(71168K) Class: 9657K(10368K)->9657K(10368K)
[1969.165s][info][gc             ] GC(693) Pause Young (Allocation Failure) 1435M->100M(4081M) 2.787ms
[1969.166s][info][gc,cpu         ] GC(693) User=0.02s Sys=0.00s Real=0.00s
[1971.363s][info][gc,start       ] GC(694) Pause Young (Allocation Failure)
[1971.367s][info][gc,heap        ] GC(694) PSYoungGen: 1371671K(1382400K)->6221K(1383424K) Eden: 1367040K(1367040K)->0K(1368576K) From: 4631K(15360K)->6221K(14848K)
[1971.367s][info][gc,heap        ] GC(694) ParOldGen: 97810K(2796544K)->101000K(2796544K)
[1971.367s][info][gc,metaspace   ] GC(694) Metaspace: 80194K(81536K)->80194K(81536K) NonClass: 70537K(71168K)->70537K(71168K) Class: 9657K(10368K)->9657K(10368K)
[1971.367s][info][gc             ] GC(694) Pause Young (Allocation Failure) 1435M->104M(4082M) 3.243ms
[1971.367s][info][gc,cpu         ] GC(694) User=0.00s Sys=0.00s Real=0.00s
[1976.132s][info][gc,start       ] GC(695) Pause Young (Allocation Failure)
[1976.135s][info][gc,heap        ] GC(695) PSYoungGen: 1374797K(1383424K)->5389K(1382912K) Eden: 1368576K(1368576K)->0K(1368576K) From: 6221K(14848K)->5389K(14336K)
[1976.135s][info][gc,heap        ] GC(695) ParOldGen: 101000K(2796544K)->105205K(2796544K)
[1976.135s][info][gc,metaspace   ] GC(695) Metaspace: 80194K(81536K)->80194K(81536K) NonClass: 70537K(71168K)->70537K(71168K) Class: 9657K(10368K)->9657K(10368K)
[1976.135s][info][gc             ] GC(695) Pause Young (Allocation Failure) 1441M->108M(4081M) 3.210ms
[1976.135s][info][gc,cpu         ] GC(695) User=0.00s Sys=0.00s Real=0.00s
[1978.694s][info][gc,start       ] GC(696) Pause Young (Allocation Failure)
[1978.697s][info][gc,heap        ] GC(696) PSYoungGen: 1373965K(1382912K)->5538K(1384448K) Eden: 1368576K(1368576K)->0K(1370624K) From: 5389K(14336K)->5538K(13824K)
[1978.697s][info][gc,heap        ] GC(696) ParOldGen: 105205K(2796544K)->109333K(2796544K)
[1978.697s][info][gc,metaspace   ] GC(696) Metaspace: 80194K(81536K)->80194K(81536K) NonClass: 70537K(71168K)->70537K(71168K) Class: 9657K(10368K)->9657K(10368K)
[1978.697s][info][gc             ] GC(696) Pause Young (Allocation Failure) 1444M->112M(4083M) 2.944ms
[1978.697s][info][gc,cpu         ] GC(696) User=0.00s Sys=0.00s Real=0.00s
[1982.542s][info][gc,start       ] GC(697) Pause Young (Allocation Failure)
[1982.545s][info][gc,heap        ] GC(697) PSYoungGen: 1375380K(1384448K)->5854K(1383936K) Eden: 1369841K(1370624K)->0K(1370624K) From: 5538K(13824K)->5854K(13312K)
[1982.546s][info][gc,heap        ] GC(697) ParOldGen: 109333K(2796544K)->112911K(2796544K)
[1982.546s][info][gc,metaspace   ] GC(697) Metaspace: 80194K(81536K)->80194K(81536K) NonClass: 70537K(71168K)->70537K(71168K) Class: 9657K(10368K)->9657K(10368K)
[1982.546s][info][gc             ] GC(697) Pause Young (Allocation Failure) 1449M->115M(4082M) 3.067ms
[1982.546s][info][gc,cpu         ] GC(697) User=0.00s Sys=0.00s Real=0.02s
[1985.567s][info][gc,start       ] GC(698) Pause Young (Allocation Failure)
[1985.570s][info][gc,heap        ] GC(698) PSYoungGen: 1376478K(1383936K)->6377K(1385472K) Eden: 1370624K(1370624K)->0K(1372672K) From: 5854K(13312K)->6377K(12800K)
[1985.570s][info][gc,heap        ] GC(698) ParOldGen: 112911K(2796544K)->115348K(2796544K)
[1985.570s][info][gc,metaspace   ] GC(698) Metaspace: 80194K(81536K)->80194K(81536K) NonClass: 70537K(71168K)->70537K(71168K) Class: 9657K(10368K)->9657K(10368K)
[1985.570s][info][gc             ] GC(698) Pause Young (Allocation Failure) 1454M->118M(4084M) 2.816ms
[1985.570s][info][gc,cpu         ] GC(698) User=0.00s Sys=0.00s Real=0.00s
[1988.541s][info][gc,start       ] GC(699) Pause Young (Allocation Failure)
[1988.545s][info][gc,heap        ] GC(699) PSYoungGen: 1379049K(1385472K)->5729K(1384960K) Eden: 1372672K(1372672K)->0K(1372672K) From: 6377K(12800K)->5729K(12288K)
[1988.545s][info][gc,heap        ] GC(699) ParOldGen: 115348K(2796544K)->120726K(2796544K)
[1988.545s][info][gc,metaspace   ] GC(699) Metaspace: 80194K(81536K)->80194K(81536K) NonClass: 70537K(71168K)->70537K(71168K) Class: 9657K(10368K)->9657K(10368K)
[1988.545s][info][gc             ] GC(699) Pause Young (Allocation Failure) 1459M->123M(4083M) 4.220ms
[1988.545s][info][gc,cpu         ] GC(699) User=0.00s Sys=0.00s Real=0.00s
[1990.767s][info][gc,start       ] GC(700) Pause Young (Allocation Failure)
[1990.771s][info][gc,heap        ] GC(700) PSYoungGen: 1378401K(1384960K)->6746K(1385984K) Eden: 1372672K(1372672K)->0K(1373696K) From: 5729K(12288K)->6746K(12288K)
[1990.771s][info][gc,heap        ] GC(700) ParOldGen: 120726K(2796544K)->124662K(2796544K)
[1990.771s][info][gc,metaspace   ] GC(700) Metaspace: 80194K(81536K)->80194K(81536K) NonClass: 70537K(71168K)->70537K(71168K) Class: 9657K(10368K)->9657K(10368K)
[1990.771s][info][gc             ] GC(700) Pause Young (Allocation Failure) 1463M->128M(4084M) 3.472ms
[1990.771s][info][gc,cpu         ] GC(700) User=0.00s Sys=0.00s Real=0.00s
[1993.150s][info][gc,start       ] GC(701) Pause Young (Allocation Failure)
[1993.154s][info][gc,heap        ] GC(701) PSYoungGen: 1380442K(1385984K)->5860K(1385472K) Eden: 1373696K(1373696K)->0K(1373696K) From: 6746K(12288K)->5860K(11776K)
[1993.154s][info][gc,heap        ] GC(701) ParOldGen: 124662K(2796544K)->129715K(2796544K)
[1993.154s][info][gc,metaspace   ] GC(701) Metaspace: 80194K(81536K)->80194K(81536K) NonClass: 70537K(71168K)->70537K(71168K) Class: 9657K(10368K)->9657K(10368K)
[1993.154s][info][gc             ] GC(701) Pause Young (Allocation Failure) 1469M->132M(4084M) 3.639ms
[1993.154s][info][gc,cpu         ] GC(701) User=0.00s Sys=0.00s Real=0.00s
[1996.320s][info][gc,start       ] GC(702) Pause Young (System.gc())
[1996.323s][info][gc,heap        ] GC(702) PSYoungGen: 1324528K(1385472K)->3589K(1386496K) Eden: 1318668K(1373696K)->0K(1375232K) From: 5860K(11776K)->3589K(11264K)
[1996.323s][info][gc,heap        ] GC(702) ParOldGen: 129715K(2796544K)->134488K(2796544K)
[1996.323s][info][gc,metaspace   ] GC(702) Metaspace: 80194K(81536K)->80194K(81536K) NonClass: 70537K(71168K)->70537K(71168K) Class: 9657K(10368K)->9657K(10368K)
[1996.323s][info][gc             ] GC(702) Pause Young (System.gc()) 1420M->134M(4085M) 2.897ms
[1996.323s][info][gc,cpu         ] GC(702) User=0.00s Sys=0.00s Real=0.00s
[1996.323s][info][gc,start       ] GC(703) Pause Full (System.gc())
[1996.323s][info][gc,phases,start] GC(703) Marking Phase
[1996.343s][info][gc,phases      ] GC(703) Marking Phase 19.986ms
[1996.343s][info][gc,phases,start] GC(703) Summary Phase
[1996.343s][info][gc,phases      ] GC(703) Summary Phase 0.011ms
[1996.343s][info][gc,phases,start] GC(703) Adjust Roots
[1996.349s][info][gc,phases      ] GC(703) Adjust Roots 5.704ms
[1996.349s][info][gc,phases,start] GC(703) Compaction Phase
[1996.361s][info][gc,phases      ] GC(703) Compaction Phase 12.065ms
[1996.361s][info][gc,phases,start] GC(703) Post Compact
[1996.362s][info][gc,phases      ] GC(703) Post Compact 1.227ms
[1996.362s][info][gc,heap        ] GC(703) PSYoungGen: 3589K(1386496K)->0K(1386496K) Eden: 0K(1375232K)->0K(1375232K) From: 3589K(11264K)->0K(11264K)
[1996.362s][info][gc,heap        ] GC(703) ParOldGen: 134488K(2796544K)->84193K(2796544K)
[1996.362s][info][gc,metaspace   ] GC(703) Metaspace: 80194K(81536K)->80194K(81536K) NonClass: 70537K(71168K)->70537K(71168K) Class: 9657K(10368K)->9657K(10368K)
[1996.362s][info][gc             ] GC(703) Pause Full (System.gc()) 134M->82M(4085M) 39.283ms
[1996.362s][info][gc,cpu         ] GC(703) User=0.02s Sys=0.00s Real=0.03s
[1999.614s][info][gc,start       ] GC(704) Pause Young (Allocation Failure)
[1999.616s][info][gc,heap        ] GC(704) PSYoungGen: 1375232K(1386496K)->5282K(1386496K) Eden: 1375232K(1375232K)->0K(1375232K) From: 0K(11264K)->5282K(11264K)
[1999.616s][info][gc,heap        ] GC(704) ParOldGen: 84193K(2796544K)->84193K(2796544K)
[1999.616s][info][gc,metaspace   ] GC(704) Metaspace: 80194K(81536K)->80194K(81536K) NonClass: 70537K(71168K)->70537K(71168K) Class: 9657K(10368K)->9657K(10368K)
[1999.616s][info][gc             ] GC(704) Pause Young (Allocation Failure) 1425M->87M(4085M) 2.282ms
[1999.616s][info][gc,cpu         ] GC(704) User=0.00s Sys=0.00s Real=0.00s
[2002.380s][info][gc,start       ] GC(705) Pause Young (Allocation Failure)
[2002.384s][info][gc,heap        ] GC(705) PSYoungGen: 1377849K(1386496K)->10722K(1374720K) Eden: 1372567K(1375232K)->0K(1363968K) From: 5282K(11264K)->10722K(10752K)
[2002.384s][info][gc,heap        ] GC(705) ParOldGen: 84193K(2796544K)->96797K(2796544K)
[2002.384s][info][gc,metaspace   ] GC(705) Metaspace: 80194K(81536K)->80194K(81536K) NonClass: 70537K(71168K)->70537K(71168K) Class: 9657K(10368K)->9657K(10368K)
[2002.384s][info][gc             ] GC(705) Pause Young (Allocation Failure) 1427M->104M(4073M) 4.035ms
[2002.384s][info][gc,cpu         ] GC(705) User=0.00s Sys=0.00s Real=0.00s
[2006.569s][info][gc,start       ] GC(706) Pause Young (Allocation Failure)
[2006.571s][info][gc,heap        ] GC(706) PSYoungGen: 1374690K(1374720K)->5095K(1380864K) Eden: 1363968K(1363968K)->0K(1363968K) From: 10722K(10752K)->5095K(16896K)
[2006.571s][info][gc,heap        ] GC(706) ParOldGen: 96797K(2796544K)->99506K(2796544K)
[2006.571s][info][gc,metaspace   ] GC(706) Metaspace: 80194K(81536K)->80194K(81536K) NonClass: 70537K(71168K)->70537K(71168K) Class: 9657K(10368K)->9657K(10368K)
[2006.571s][info][gc             ] GC(706) Pause Young (Allocation Failure) 1436M->102M(4079M) 2.809ms
[2006.571s][info][gc,cpu         ] GC(706) User=0.02s Sys=0.00s Real=0.02s
[2008.855s][info][gc,start       ] GC(707) Pause Young (Allocation Failure)
[2008.858s][info][gc,heap        ] GC(707) PSYoungGen: 1369063K(1380864K)->5907K(1381888K) Eden: 1363968K(1363968K)->0K(1365504K) From: 5095K(16896K)->5907K(16384K)
[2008.858s][info][gc,heap        ] GC(707) ParOldGen: 99506K(2796544K)->102718K(2796544K)
[2008.858s][info][gc,metaspace   ] GC(707) Metaspace: 80194K(81536K)->80194K(81536K) NonClass: 70537K(71168K)->70537K(71168K) Class: 9657K(10368K)->9657K(10368K)
[2008.858s][info][gc             ] GC(707) Pause Young (Allocation Failure) 1434M->106M(4080M) 3.238ms
[2008.858s][info][gc,cpu         ] GC(707) User=0.02s Sys=0.00s Real=0.02s
[2013.643s][info][gc,start       ] GC(708) Pause Young (Allocation Failure)
[2013.646s][info][gc,heap        ] GC(708) PSYoungGen: 1371411K(1381888K)->5860K(1381376K) Eden: 1365504K(1365504K)->0K(1365504K) From: 5907K(16384K)->5860K(15872K)
[2013.646s][info][gc,heap        ] GC(708) ParOldGen: 102718K(2796544K)->106926K(2796544K)
[2013.646s][info][gc,metaspace   ] GC(708) Metaspace: 80194K(81536K)->80194K(81536K) NonClass: 70537K(71168K)->70537K(71168K) Class: 9657K(10368K)->9657K(10368K)
[2013.646s][info][gc             ] GC(708) Pause Young (Allocation Failure) 1439M->110M(4080M) 3.234ms
[2013.646s][info][gc,cpu         ] GC(708) User=0.00s Sys=0.00s Real=0.00s
[2016.131s][info][gc,start       ] GC(709) Pause Young (Allocation Failure)
[2016.135s][info][gc,heap        ] GC(709) PSYoungGen: 1371364K(1381376K)->6456K(1382912K) Eden: 1365504K(1365504K)->0K(1367552K) From: 5860K(15872K)->6456K(15360K)
[2016.135s][info][gc,heap        ] GC(709) ParOldGen: 106926K(2796544K)->110395K(2796544K)
[2016.135s][info][gc,metaspace   ] GC(709) Metaspace: 80194K(81536K)->80194K(81536K) NonClass: 70537K(71168K)->70537K(71168K) Class: 9657K(10368K)->9657K(10368K)
[2016.135s][info][gc             ] GC(709) Pause Young (Allocation Failure) 1443M->114M(4081M) 3.303ms
[2016.135s][info][gc,cpu         ] GC(709) User=0.00s Sys=0.00s Real=0.00s
[2020.091s][info][gc,start       ] GC(710) Pause Young (Allocation Failure)
[2020.093s][info][gc,heap        ] GC(710) PSYoungGen: 1371610K(1382912K)->4543K(1382400K) Eden: 1365154K(1367552K)->0K(1367552K) From: 6456K(15360K)->4543K(14848K)
[2020.093s][info][gc,heap        ] GC(710) ParOldGen: 110395K(2796544K)->114561K(2796544K)
[2020.093s][info][gc,metaspace   ] GC(710) Metaspace: 80194K(81536K)->80194K(81536K) NonClass: 70537K(71168K)->70537K(71168K) Class: 9657K(10368K)->9657K(10368K)
[2020.094s][info][gc             ] GC(710) Pause Young (Allocation Failure) 1447M->116M(4081M) 2.865ms
[2020.094s][info][gc,cpu         ] GC(710) User=0.00s Sys=0.00s Real=0.00s
[2023.026s][info][gc,start       ] GC(711) Pause Young (Allocation Failure)
[2023.029s][info][gc,heap        ] GC(711) PSYoungGen: 1372095K(1382400K)->7375K(1383936K) Eden: 1367552K(1367552K)->0K(1369600K) From: 4543K(14848K)->7375K(14336K)
[2023.030s][info][gc,heap        ] GC(711) ParOldGen: 114561K(2796544K)->116829K(2796544K)
[2023.030s][info][gc,metaspace   ] GC(711) Metaspace: 80194K(81536K)->80194K(81536K) NonClass: 70537K(71168K)->70537K(71168K) Class: 9657K(10368K)->9657K(10368K)
[2023.030s][info][gc             ] GC(711) Pause Young (Allocation Failure) 1451M->121M(4082M) 3.972ms
[2023.030s][info][gc,cpu         ] GC(711) User=0.02s Sys=0.00s Real=0.02s
[2026.002s][info][gc,start       ] GC(712) Pause Young (Allocation Failure)
[2026.005s][info][gc,heap        ] GC(712) PSYoungGen: 1376975K(1383936K)->5824K(1383424K) Eden: 1369600K(1369600K)->0K(1369600K) From: 7375K(14336K)->5824K(13824K)
[2026.005s][info][gc,heap        ] GC(712) ParOldGen: 116829K(2796544K)->122153K(2796544K)
[2026.005s][info][gc,metaspace   ] GC(712) Metaspace: 80194K(81536K)->80194K(81536K) NonClass: 70537K(71168K)->70537K(71168K) Class: 9657K(10368K)->9657K(10368K)
[2026.005s][info][gc             ] GC(712) Pause Young (Allocation Failure) 1458M->124M(4082M) 3.229ms
[2026.005s][info][gc,cpu         ] GC(712) User=0.00s Sys=0.00s Real=0.00s
[2028.237s][info][gc,start       ] GC(713) Pause Young (Allocation Failure)
[2028.240s][info][gc,heap        ] GC(713) PSYoungGen: 1375424K(1383424K)->6706K(1384960K) Eden: 1369600K(1369600K)->0K(1371648K) From: 5824K(13824K)->6706K(13312K)
[2028.240s][info][gc,heap        ] GC(713) ParOldGen: 122153K(2796544K)->126071K(2796544K)
[2028.240s][info][gc,metaspace   ] GC(713) Metaspace: 80194K(81536K)->80194K(81536K) NonClass: 70537K(71168K)->70537K(71168K) Class: 9657K(10368K)->9657K(10368K)
[2028.240s][info][gc             ] GC(713) Pause Young (Allocation Failure) 1462M->129M(4083M) 3.330ms
[2028.240s][info][gc,cpu         ] GC(713) User=0.00s Sys=0.00s Real=0.00s
[2030.718s][info][gc,start       ] GC(714) Pause Young (Allocation Failure)
[2030.721s][info][gc,heap        ] GC(714) PSYoungGen: 1378354K(1384960K)->6022K(1384448K) Eden: 1371648K(1371648K)->0K(1371648K) From: 6706K(13312K)->6022K(12800K)
[2030.721s][info][gc,heap        ] GC(714) ParOldGen: 126071K(2796544K)->131099K(2796544K)
[2030.721s][info][gc,metaspace   ] GC(714) Metaspace: 80194K(81536K)->80194K(81536K) NonClass: 70537K(71168K)->70537K(71168K) Class: 9657K(10368K)->9657K(10368K)
[2030.721s][info][gc             ] GC(714) Pause Young (Allocation Failure) 1469M->133M(4083M) 3.559ms
[2030.721s][info][gc,cpu         ] GC(714) User=0.00s Sys=0.00s Real=0.00s
[2033.870s][info][gc,start       ] GC(715) Pause Young (System.gc())
[2033.873s][info][gc,heap        ] GC(715) PSYoungGen: 1356763K(1384448K)->3703K(1385472K) Eden: 1350741K(1371648K)->0K(1373184K) From: 6022K(12800K)->3703K(12288K)
[2033.873s][info][gc,heap        ] GC(715) ParOldGen: 131099K(2796544K)->135883K(2796544K)
[2033.873s][info][gc,metaspace   ] GC(715) Metaspace: 80194K(81536K)->80194K(81536K) NonClass: 70537K(71168K)->70537K(71168K) Class: 9657K(10368K)->9657K(10368K)
[2033.873s][info][gc             ] GC(715) Pause Young (System.gc()) 1452M->136M(4084M) 2.837ms
[2033.873s][info][gc,cpu         ] GC(715) User=0.00s Sys=0.00s Real=0.00s
[2033.873s][info][gc,start       ] GC(716) Pause Full (System.gc())
[2033.873s][info][gc,phases,start] GC(716) Marking Phase
[2033.894s][info][gc,phases      ] GC(716) Marking Phase 20.600ms
[2033.894s][info][gc,phases,start] GC(716) Summary Phase
[2033.894s][info][gc,phases      ] GC(716) Summary Phase 0.011ms
[2033.894s][info][gc,phases,start] GC(716) Adjust Roots
[2033.900s][info][gc,phases      ] GC(716) Adjust Roots 5.901ms
[2033.900s][info][gc,phases,start] GC(716) Compaction Phase
[2033.913s][info][gc,phases      ] GC(716) Compaction Phase 12.726ms
[2033.913s][info][gc,phases,start] GC(716) Post Compact
[2033.914s][info][gc,phases      ] GC(716) Post Compact 1.218ms
[2033.914s][info][gc,heap        ] GC(716) PSYoungGen: 3703K(1385472K)->0K(1385472K) Eden: 0K(1373184K)->0K(1373184K) From: 3703K(12288K)->0K(12288K)
[2033.914s][info][gc,heap        ] GC(716) ParOldGen: 135883K(2796544K)->81870K(2796544K)
[2033.914s][info][gc,metaspace   ] GC(716) Metaspace: 80194K(81536K)->80194K(81536K) NonClass: 70537K(71168K)->70537K(71168K) Class: 9657K(10368K)->9657K(10368K)
[2033.914s][info][gc             ] GC(716) Pause Full (System.gc()) 136M->79M(4084M) 40.760ms
[2033.914s][info][gc,cpu         ] GC(716) User=0.03s Sys=0.00s Real=0.05s
[2037.118s][info][gc,start       ] GC(717) Pause Young (Allocation Failure)
[2037.120s][info][gc,heap        ] GC(717) PSYoungGen: 1373184K(1385472K)->5161K(1385472K) Eden: 1373184K(1373184K)->0K(1373184K) From: 0K(12288K)->5161K(12288K)
[2037.120s][info][gc,heap        ] GC(717) ParOldGen: 81870K(2796544K)->81870K(2796544K)
[2037.120s][info][gc,metaspace   ] GC(717) Metaspace: 80194K(81536K)->80194K(81536K) NonClass: 70537K(71168K)->70537K(71168K) Class: 9657K(10368K)->9657K(10368K)
[2037.120s][info][gc             ] GC(717) Pause Young (Allocation Failure) 1420M->84M(4084M) 2.494ms
[2037.120s][info][gc,cpu         ] GC(717) User=0.02s Sys=0.00s Real=0.01s
[2039.882s][info][gc,start       ] GC(718) Pause Young (Allocation Failure)
[2039.885s][info][gc,heap        ] GC(718) PSYoungGen: 1378063K(1385472K)->10947K(1382912K) Eden: 1372902K(1373184K)->0K(1371136K) From: 5161K(12288K)->10947K(11776K)
[2039.885s][info][gc,heap        ] GC(718) ParOldGen: 81870K(2796544K)->89971K(2796544K)
[2039.886s][info][gc,metaspace   ] GC(718) Metaspace: 80194K(81536K)->80194K(81536K) NonClass: 70537K(71168K)->70537K(71168K) Class: 9657K(10368K)->9657K(10368K)
[2039.886s][info][gc             ] GC(718) Pause Young (Allocation Failure) 1425M->98M(4081M) 3.735ms
[2039.886s][info][gc,cpu         ] GC(718) User=0.00s Sys=0.00s Real=0.00s
[2044.137s][info][gc,start       ] GC(719) Pause Young (Allocation Failure)
[2044.140s][info][gc,heap        ] GC(719) PSYoungGen: 1382083K(1382912K)->5429K(1384448K) Eden: 1371136K(1371136K)->0K(1371136K) From: 10947K(11776K)->5429K(13312K)
[2044.140s][info][gc,heap        ] GC(719) ParOldGen: 89971K(2796544K)->92598K(2796544K)
[2044.140s][info][gc,metaspace   ] GC(719) Metaspace: 80194K(81536K)->80194K(81536K) NonClass: 70537K(71168K)->70537K(71168K) Class: 9657K(10368K)->9657K(10368K)
[2044.140s][info][gc             ] GC(719) Pause Young (Allocation Failure) 1437M->95M(4083M) 3.361ms
[2044.140s][info][gc,cpu         ] GC(719) User=0.00s Sys=0.00s Real=0.00s
[2046.406s][info][gc,start       ] GC(720) Pause Young (Allocation Failure)
[2046.409s][info][gc,heap        ] GC(720) PSYoungGen: 1376565K(1384448K)->5997K(1385472K) Eden: 1371136K(1371136K)->0K(1372672K) From: 5429K(13312K)->5997K(12800K)
[2046.410s][info][gc,heap        ] GC(720) ParOldGen: 92598K(2796544K)->95764K(2796544K)
[2046.410s][info][gc,metaspace   ] GC(720) Metaspace: 80194K(81536K)->80194K(81536K) NonClass: 70537K(71168K)->70537K(71168K) Class: 9657K(10368K)->9657K(10368K)
[2046.410s][info][gc             ] GC(720) Pause Young (Allocation Failure) 1434M->99M(4084M) 3.142ms
[2046.410s][info][gc,cpu         ] GC(720) User=0.00s Sys=0.00s Real=0.00s
[2051.099s][info][gc,start       ] GC(721) Pause Young (Allocation Failure)
[2051.102s][info][gc,heap        ] GC(721) PSYoungGen: 1378669K(1385472K)->6913K(1384960K) Eden: 1372672K(1372672K)->0K(1372672K) From: 5997K(12800K)->6913K(12288K)
[2051.103s][info][gc,heap        ] GC(721) ParOldGen: 95764K(2796544K)->99964K(2796544K)
[2051.103s][info][gc,metaspace   ] GC(721) Metaspace: 80194K(81536K)->80194K(81536K) NonClass: 70537K(71168K)->70537K(71168K) Class: 9657K(10368K)->9657K(10368K)
[2051.103s][info][gc             ] GC(721) Pause Young (Allocation Failure) 1439M->104M(4083M) 3.374ms
[2051.103s][info][gc,cpu         ] GC(721) User=0.02s Sys=0.00s Real=0.02s
[2053.653s][info][gc,start       ] GC(722) Pause Young (Allocation Failure)
[2053.657s][info][gc,heap        ] GC(722) PSYoungGen: 1379585K(1384960K)->5749K(1386496K) Eden: 1372672K(1372672K)->0K(1374720K) From: 6913K(12288K)->5749K(11776K)
[2053.657s][info][gc,heap        ] GC(722) ParOldGen: 99964K(2796544K)->104053K(2796544K)
[2053.657s][info][gc,metaspace   ] GC(722) Metaspace: 80195K(81536K)->80195K(81536K) NonClass: 70537K(71168K)->70537K(71168K) Class: 9658K(10368K)->9658K(10368K)
[2053.657s][info][gc             ] GC(722) Pause Young (Allocation Failure) 1444M->107M(4085M) 4.214ms
[2053.657s][info][gc,cpu         ] GC(722) User=0.00s Sys=0.00s Real=0.00s
[2057.530s][info][gc,start       ] GC(723) Pause Young (Allocation Failure)
[2057.533s][info][gc,heap        ] GC(723) PSYoungGen: 1377569K(1386496K)->5731K(1385984K) Eden: 1371820K(1374720K)->0K(1374720K) From: 5749K(11776K)->5731K(11264K)
[2057.533s][info][gc,heap        ] GC(723) ParOldGen: 104053K(2796544K)->107634K(2796544K)
[2057.533s][info][gc,metaspace   ] GC(723) Metaspace: 80195K(81536K)->80195K(81536K) NonClass: 70537K(71168K)->70537K(71168K) Class: 9658K(10368K)->9658K(10368K)
[2057.533s][info][gc             ] GC(723) Pause Young (Allocation Failure) 1446M->110M(4084M) 3.111ms
[2057.533s][info][gc,cpu         ] GC(723) User=0.00s Sys=0.00s Real=0.00s
[2060.553s][info][gc,start       ] GC(724) Pause Young (Allocation Failure)
[2060.557s][info][gc,heap        ] GC(724) PSYoungGen: 1380451K(1385984K)->7391K(1386496K) Eden: 1374720K(1374720K)->0K(1375232K) From: 5731K(11264K)->7391K(11264K)
[2060.557s][info][gc,heap        ] GC(724) ParOldGen: 107634K(2796544K)->110068K(2796544K)
[2060.557s][info][gc,metaspace   ] GC(724) Metaspace: 80195K(81536K)->80195K(81536K) NonClass: 70537K(71168K)->70537K(71168K) Class: 9658K(10368K)->9658K(10368K)
[2060.557s][info][gc             ] GC(724) Pause Young (Allocation Failure) 1453M->114M(4085M) 3.461ms
[2060.557s][info][gc,cpu         ] GC(724) User=0.00s Sys=0.00s Real=0.00s
[2063.602s][info][gc,start       ] GC(725) Pause Young (Allocation Failure)
[2063.605s][info][gc,heap        ] GC(725) PSYoungGen: 1382623K(1386496K)->5385K(1386496K) Eden: 1375232K(1375232K)->0K(1375232K) From: 7391K(11264K)->5385K(11264K)
[2063.605s][info][gc,heap        ] GC(725) ParOldGen: 110068K(2796544K)->115258K(2796544K)
[2063.605s][info][gc,metaspace   ] GC(725) Metaspace: 80195K(81536K)->80195K(81536K) NonClass: 70537K(71168K)->70537K(71168K) Class: 9658K(10368K)->9658K(10368K)
[2063.605s][info][gc             ] GC(725) Pause Young (Allocation Failure) 1457M->117M(4085M) 3.120ms
[2063.605s][info][gc,cpu         ] GC(725) User=0.00s Sys=0.00s Real=0.00s
[2065.882s][info][gc,start       ] GC(726) Pause Young (Allocation Failure)
[2065.885s][info][gc,heap        ] GC(726) PSYoungGen: 1378013K(1386496K)->5992K(1387008K) Eden: 1372627K(1375232K)->0K(1376256K) From: 5385K(11264K)->5992K(10752K)
[2065.885s][info][gc,heap        ] GC(726) ParOldGen: 115258K(2796544K)->119285K(2796544K)
[2065.885s][info][gc,metaspace   ] GC(726) Metaspace: 80195K(81536K)->80195K(81536K) NonClass: 70537K(71168K)->70537K(71168K) Class: 9658K(10368K)->9658K(10368K)
[2065.885s][info][gc             ] GC(726) Pause Young (Allocation Failure) 1458M->122M(4085M) 3.336ms
[2065.885s][info][gc,cpu         ] GC(726) User=0.00s Sys=0.00s Real=0.00s
[2068.205s][info][gc,start       ] GC(727) Pause Young (Allocation Failure)
[2068.209s][info][gc,heap        ] GC(727) PSYoungGen: 1382248K(1387008K)->6030K(1387008K) Eden: 1376256K(1376256K)->0K(1376256K) From: 5992K(10752K)->6030K(10752K)
[2068.209s][info][gc,heap        ] GC(727) ParOldGen: 119285K(2796544K)->124351K(2796544K)
[2068.209s][info][gc,metaspace   ] GC(727) Metaspace: 80195K(81536K)->80195K(81536K) NonClass: 70537K(71168K)->70537K(71168K) Class: 9658K(10368K)->9658K(10368K)
[2068.209s][info][gc             ] GC(727) Pause Young (Allocation Failure) 1466M->127M(4085M) 3.556ms
[2068.209s][info][gc,cpu         ] GC(727) User=0.02s Sys=0.00s Real=0.02s
[2071.304s][info][gc,start       ] GC(728) Pause Young (System.gc())
[2071.307s][info][gc,heap        ] GC(728) PSYoungGen: 1304706K(1387008K)->3831K(1387520K) Eden: 1298676K(1376256K)->0K(1377280K) From: 6030K(10752K)->3831K(10240K)
[2071.307s][info][gc,heap        ] GC(728) ParOldGen: 124351K(2796544K)->129079K(2796544K)
[2071.307s][info][gc,metaspace   ] GC(728) Metaspace: 80195K(81536K)->80195K(81536K) NonClass: 70537K(71168K)->70537K(71168K) Class: 9658K(10368K)->9658K(10368K)
[2071.307s][info][gc             ] GC(728) Pause Young (System.gc()) 1395M->129M(4086M) 2.813ms
[2071.307s][info][gc,cpu         ] GC(728) User=0.00s Sys=0.00s Real=0.00s
[2071.307s][info][gc,start       ] GC(729) Pause Full (System.gc())
[2071.307s][info][gc,phases,start] GC(729) Marking Phase
[2071.328s][info][gc,phases      ] GC(729) Marking Phase 20.478ms
[2071.328s][info][gc,phases,start] GC(729) Summary Phase
[2071.328s][info][gc,phases      ] GC(729) Summary Phase 0.010ms
[2071.328s][info][gc,phases,start] GC(729) Adjust Roots
[2071.334s][info][gc,phases      ] GC(729) Adjust Roots 6.353ms
[2071.334s][info][gc,phases,start] GC(729) Compaction Phase
[2071.347s][info][gc,phases      ] GC(729) Compaction Phase 12.418ms
[2071.347s][info][gc,phases,start] GC(729) Post Compact
[2071.348s][info][gc,phases      ] GC(729) Post Compact 1.206ms
[2071.348s][info][gc,heap        ] GC(729) PSYoungGen: 3831K(1387520K)->0K(1387520K) Eden: 0K(1377280K)->0K(1377280K) From: 3831K(10240K)->0K(10240K)
[2071.348s][info][gc,heap        ] GC(729) ParOldGen: 129079K(2796544K)->81982K(2796544K)
[2071.348s][info][gc,metaspace   ] GC(729) Metaspace: 80195K(81536K)->80195K(81536K) NonClass: 70537K(71168K)->70537K(71168K) Class: 9658K(10368K)->9658K(10368K)
[2071.348s][info][gc             ] GC(729) Pause Full (System.gc()) 129M->80M(4086M) 40.768ms
[2071.348s][info][gc,cpu         ] GC(729) User=0.02s Sys=0.00s Real=0.04s
[2074.695s][info][gc,start       ] GC(730) Pause Young (Allocation Failure)
[2074.699s][info][gc,heap        ] GC(730) PSYoungGen: 1377280K(1387520K)->5334K(1387520K) Eden: 1377280K(1377280K)->0K(1377280K) From: 0K(10240K)->5334K(10240K)
[2074.699s][info][gc,heap        ] GC(730) ParOldGen: 81982K(2796544K)->81982K(2796544K)
[2074.699s][info][gc,metaspace   ] GC(730) Metaspace: 80195K(81536K)->80195K(81536K) NonClass: 70537K(71168K)->70537K(71168K) Class: 9658K(10368K)->9658K(10368K)
[2074.699s][info][gc             ] GC(730) Pause Young (Allocation Failure) 1425M->85M(4086M) 3.427ms
[2074.699s][info][gc,cpu         ] GC(730) User=0.02s Sys=0.00s Real=0.02s
[2077.459s][info][gc,start       ] GC(731) Pause Young (Allocation Failure)
[2077.463s][info][gc,heap        ] GC(731) PSYoungGen: 1381408K(1387520K)->10238K(1376256K) Eden: 1376073K(1377280K)->0K(1366016K) From: 5334K(10240K)->10238K(10240K)
[2077.463s][info][gc,heap        ] GC(731) ParOldGen: 81982K(2796544K)->95286K(2796544K)
[2077.463s][info][gc,metaspace   ] GC(731) Metaspace: 80195K(81536K)->80195K(81536K) NonClass: 70537K(71168K)->70537K(71168K) Class: 9658K(10368K)->9658K(10368K)
[2077.463s][info][gc             ] GC(731) Pause Young (Allocation Failure) 1429M->103M(4075M) 4.275ms
[2077.463s][info][gc,cpu         ] GC(731) User=0.00s Sys=0.00s Real=0.00s
[2081.625s][info][gc,start       ] GC(732) Pause Young (Allocation Failure)
[2081.628s][info][gc,heap        ] GC(732) PSYoungGen: 1376254K(1376256K)->5672K(1381888K) Eden: 1366016K(1366016K)->0K(1366016K) From: 10238K(10240K)->5672K(15872K)
[2081.628s][info][gc,heap        ] GC(732) ParOldGen: 95286K(2796544K)->98076K(2796544K)
[2081.628s][info][gc,metaspace   ] GC(732) Metaspace: 80195K(81536K)->80195K(81536K) NonClass: 70537K(71168K)->70537K(71168K) Class: 9658K(10368K)->9658K(10368K)
[2081.628s][info][gc             ] GC(732) Pause Young (Allocation Failure) 1437M->101M(4080M) 3.201ms
[2081.628s][info][gc,cpu         ] GC(732) User=0.00s Sys=0.00s Real=0.00s
[2083.860s][info][gc,start       ] GC(733) Pause Young (Allocation Failure)
[2083.863s][info][gc,heap        ] GC(733) PSYoungGen: 1371688K(1381888K)->6107K(1382400K) Eden: 1366016K(1366016K)->0K(1366528K) From: 5672K(15872K)->6107K(15872K)
[2083.863s][info][gc,heap        ] GC(733) ParOldGen: 98076K(2796544K)->101255K(2796544K)
[2083.863s][info][gc,metaspace   ] GC(733) Metaspace: 80195K(81536K)->80195K(81536K) NonClass: 70537K(71168K)->70537K(71168K) Class: 9658K(10368K)->9658K(10368K)
[2083.863s][info][gc             ] GC(733) Pause Young (Allocation Failure) 1435M->104M(4081M) 3.361ms
[2083.863s][info][gc,cpu         ] GC(733) User=0.00s Sys=0.00s Real=0.00s
[2088.543s][info][gc,start       ] GC(734) Pause Young (Allocation Failure)
[2088.546s][info][gc,heap        ] GC(734) PSYoungGen: 1372635K(1382400K)->6116K(1381888K) Eden: 1366528K(1366528K)->0K(1366528K) From: 6107K(15872K)->6116K(15360K)
[2088.546s][info][gc,heap        ] GC(734) ParOldGen: 101255K(2796544K)->105470K(2796544K)
[2088.546s][info][gc,metaspace   ] GC(734) Metaspace: 80195K(81536K)->80195K(81536K) NonClass: 70537K(71168K)->70537K(71168K) Class: 9658K(10368K)->9658K(10368K)
[2088.546s][info][gc             ] GC(734) Pause Young (Allocation Failure) 1439M->108M(4080M) 3.392ms
[2088.546s][info][gc,cpu         ] GC(734) User=0.00s Sys=0.00s Real=0.00s
[2090.990s][info][gc,start       ] GC(735) Pause Young (Allocation Failure)
[2090.993s][info][gc,heap        ] GC(735) PSYoungGen: 1372644K(1381888K)->5955K(1383424K) Eden: 1366528K(1366528K)->0K(1369088K) From: 6116K(15360K)->5955K(14336K)
[2090.993s][info][gc,heap        ] GC(735) ParOldGen: 105470K(2796544K)->109229K(2796544K)
[2090.993s][info][gc,metaspace   ] GC(735) Metaspace: 80195K(81536K)->80195K(81536K) NonClass: 70537K(71168K)->70537K(71168K) Class: 9658K(10368K)->9658K(10368K)
[2090.993s][info][gc             ] GC(735) Pause Young (Allocation Failure) 1443M->112M(4082M) 2.975ms
[2090.993s][info][gc,cpu         ] GC(735) User=0.00s Sys=0.00s Real=0.00s
[2094.899s][info][gc,start       ] GC(736) Pause Young (Allocation Failure)
[2094.902s][info][gc,heap        ] GC(736) PSYoungGen: 1375043K(1383424K)->5320K(1383424K) Eden: 1369088K(1369088K)->0K(1369088K) From: 5955K(14336K)->5320K(14336K)
[2094.902s][info][gc,heap        ] GC(736) ParOldGen: 109229K(2796544K)->113172K(2796544K)
[2094.902s][info][gc,metaspace   ] GC(736) Metaspace: 80195K(81536K)->80195K(81536K) NonClass: 70537K(71168K)->70537K(71168K) Class: 9658K(10368K)->9658K(10368K)
[2094.902s][info][gc             ] GC(736) Pause Young (Allocation Failure) 1449M->115M(4082M) 3.311ms
[2094.902s][info][gc,cpu         ] GC(736) User=0.02s Sys=0.00s Real=0.02s
[2097.838s][info][gc,start       ] GC(737) Pause Young (Allocation Failure)
[2097.841s][info][gc,heap        ] GC(737) PSYoungGen: 1374408K(1383424K)->7372K(1384448K) Eden: 1369088K(1369088K)->0K(1370624K) From: 5320K(14336K)->7372K(13824K)
[2097.841s][info][gc,heap        ] GC(737) ParOldGen: 113172K(2796544K)->115572K(2796544K)
[2097.841s][info][gc,metaspace   ] GC(737) Metaspace: 80195K(81536K)->80195K(81536K) NonClass: 70537K(71168K)->70537K(71168K) Class: 9658K(10368K)->9658K(10368K)
[2097.841s][info][gc             ] GC(737) Pause Young (Allocation Failure) 1452M->120M(4083M) 3.161ms
[2097.841s][info][gc,cpu         ] GC(737) User=0.00s Sys=0.00s Real=0.00s
[2100.818s][info][gc,start       ] GC(738) Pause Young (Allocation Failure)
[2100.822s][info][gc,heap        ] GC(738) PSYoungGen: 1377996K(1384448K)->8419K(1383936K) Eden: 1370624K(1370624K)->0K(1370624K) From: 7372K(13824K)->8419K(13312K)
[2100.822s][info][gc,heap        ] GC(738) ParOldGen: 115572K(2796544K)->120792K(2796544K)
[2100.822s][info][gc,metaspace   ] GC(738) Metaspace: 80195K(81536K)->80195K(81536K) NonClass: 70537K(71168K)->70537K(71168K) Class: 9658K(10368K)->9658K(10368K)
[2100.822s][info][gc             ] GC(738) Pause Young (Allocation Failure) 1458M->126M(4082M) 3.544ms
[2100.822s][info][gc,cpu         ] GC(738) User=0.02s Sys=0.00s Real=0.02s
[2103.050s][info][gc,start       ] GC(739) Pause Young (Allocation Failure)
[2103.053s][info][gc,heap        ] GC(739) PSYoungGen: 1379043K(1383936K)->7141K(1384960K) Eden: 1370624K(1370624K)->0K(1371648K) From: 8419K(13312K)->7141K(13312K)
[2103.053s][info][gc,heap        ] GC(739) ParOldGen: 120792K(2796544K)->124704K(2796544K)
[2103.053s][info][gc,metaspace   ] GC(739) Metaspace: 80195K(81536K)->80195K(81536K) NonClass: 70537K(71168K)->70537K(71168K) Class: 9658K(10368K)->9658K(10368K)
[2103.053s][info][gc             ] GC(739) Pause Young (Allocation Failure) 1464M->128M(4083M) 3.401ms
[2103.053s][info][gc,cpu         ] GC(739) User=0.02s Sys=0.00s Real=0.02s
[2105.616s][info][gc,start       ] GC(740) Pause Young (Allocation Failure)
[2105.620s][info][gc,heap        ] GC(740) PSYoungGen: 1378789K(1384960K)->6002K(1384448K) Eden: 1371648K(1371648K)->0K(1371648K) From: 7141K(13312K)->6002K(12800K)
[2105.620s][info][gc,heap        ] GC(740) ParOldGen: 124704K(2796544K)->129752K(2796544K)
[2105.620s][info][gc,metaspace   ] GC(740) Metaspace: 80195K(81536K)->80195K(81536K) NonClass: 70537K(71168K)->70537K(71168K) Class: 9658K(10368K)->9658K(10368K)
[2105.620s][info][gc             ] GC(740) Pause Young (Allocation Failure) 1468M->132M(4083M) 3.850ms
[2105.620s][info][gc,cpu         ] GC(740) User=0.02s Sys=0.00s Real=0.01s
[2108.740s][info][gc,start       ] GC(741) Pause Young (System.gc())
[2108.744s][info][gc,heap        ] GC(741) PSYoungGen: 1352031K(1384448K)->3539K(1385472K) Eden: 1346029K(1371648K)->0K(1373184K) From: 6002K(12800K)->3539K(12288K)
[2108.744s][info][gc,heap        ] GC(741) ParOldGen: 129752K(2796544K)->134536K(2796544K)
[2108.744s][info][gc,metaspace   ] GC(741) Metaspace: 80195K(81536K)->80195K(81536K) NonClass: 70537K(71168K)->70537K(71168K) Class: 9658K(10368K)->9658K(10368K)
[2108.744s][info][gc             ] GC(741) Pause Young (System.gc()) 1447M->134M(4084M) 3.947ms
[2108.744s][info][gc,cpu         ] GC(741) User=0.00s Sys=0.00s Real=0.02s
[2108.744s][info][gc,start       ] GC(742) Pause Full (System.gc())
[2108.744s][info][gc,phases,start] GC(742) Marking Phase
[2108.766s][info][gc,phases      ] GC(742) Marking Phase 21.700ms
[2108.766s][info][gc,phases,start] GC(742) Summary Phase
[2108.766s][info][gc,phases      ] GC(742) Summary Phase 0.010ms
[2108.766s][info][gc,phases,start] GC(742) Adjust Roots
[2108.772s][info][gc,phases      ] GC(742) Adjust Roots 6.256ms
[2108.772s][info][gc,phases,start] GC(742) Compaction Phase
[2108.785s][info][gc,phases      ] GC(742) Compaction Phase 12.591ms
[2108.785s][info][gc,phases,start] GC(742) Post Compact
[2108.786s][info][gc,phases      ] GC(742) Post Compact 1.208ms
[2108.786s][info][gc,heap        ] GC(742) PSYoungGen: 3539K(1385472K)->0K(1385472K) Eden: 0K(1373184K)->0K(1373184K) From: 3539K(12288K)->0K(12288K)
[2108.786s][info][gc,heap        ] GC(742) ParOldGen: 134536K(2796544K)->81815K(2796544K)
[2108.786s][info][gc,metaspace   ] GC(742) Metaspace: 80195K(81536K)->80195K(81536K) NonClass: 70537K(71168K)->70537K(71168K) Class: 9658K(10368K)->9658K(10368K)
[2108.786s][info][gc             ] GC(742) Pause Full (System.gc()) 134M->79M(4084M) 42.077ms
[2108.786s][info][gc,cpu         ] GC(742) User=0.03s Sys=0.00s Real=0.04s
[2112.023s][info][gc,start       ] GC(743) Pause Young (Allocation Failure)
[2112.025s][info][gc,heap        ] GC(743) PSYoungGen: 1373184K(1385472K)->5274K(1385472K) Eden: 1373184K(1373184K)->0K(1373184K) From: 0K(12288K)->5274K(12288K)
[2112.025s][info][gc,heap        ] GC(743) ParOldGen: 81815K(2796544K)->81815K(2796544K)
[2112.025s][info][gc,metaspace   ] GC(743) Metaspace: 80195K(81536K)->80195K(81536K) NonClass: 70537K(71168K)->70537K(71168K) Class: 9658K(10368K)->9658K(10368K)
[2112.025s][info][gc             ] GC(743) Pause Young (Allocation Failure) 1420M->85M(4084M) 2.629ms
[2112.025s][info][gc,cpu         ] GC(743) User=0.02s Sys=0.00s Real=0.01s
[2114.779s][info][gc,start       ] GC(744) Pause Young (Allocation Failure)
[2114.782s][info][gc,heap        ] GC(744) PSYoungGen: 1376969K(1385472K)->10851K(1383424K) Eden: 1371695K(1373184K)->0K(1371136K) From: 5274K(12288K)->10851K(12288K)
[2114.782s][info][gc,heap        ] GC(744) ParOldGen: 81815K(2796544K)->85877K(2796544K)
[2114.782s][info][gc,metaspace   ] GC(744) Metaspace: 80195K(81536K)->80195K(81536K) NonClass: 70537K(71168K)->70537K(71168K) Class: 9658K(10368K)->9658K(10368K)
[2114.782s][info][gc             ] GC(744) Pause Young (Allocation Failure) 1424M->94M(4082M) 3.448ms
[2114.782s][info][gc,cpu         ] GC(744) User=0.00s Sys=0.00s Real=0.00s
[2118.998s][info][gc,start       ] GC(745) Pause Young (Allocation Failure)
[2119.000s][info][gc,heap        ] GC(745) PSYoungGen: 1381987K(1383424K)->5108K(1384448K) Eden: 1371136K(1371136K)->0K(1371136K) From: 10851K(12288K)->5108K(13312K)
[2119.000s][info][gc,heap        ] GC(745) ParOldGen: 85877K(2796544K)->88519K(2796544K)
[2119.001s][info][gc,metaspace   ] GC(745) Metaspace: 80195K(81536K)->80195K(81536K) NonClass: 70537K(71168K)->70537K(71168K) Class: 9658K(10368K)->9658K(10368K)
[2119.001s][info][gc             ] GC(745) Pause Young (Allocation Failure) 1433M->91M(4083M) 2.753ms
[2119.001s][info][gc,cpu         ] GC(745) User=0.00s Sys=0.00s Real=0.01s
[2121.283s][info][gc,start       ] GC(746) Pause Young (Allocation Failure)
[2121.286s][info][gc,heap        ] GC(746) PSYoungGen: 1376244K(1384448K)->5940K(1385472K) Eden: 1371136K(1371136K)->0K(1372672K) From: 5108K(13312K)->5940K(12800K)
[2121.287s][info][gc,heap        ] GC(746) ParOldGen: 88519K(2796544K)->91689K(2796544K)
[2121.287s][info][gc,metaspace   ] GC(746) Metaspace: 80195K(81536K)->80195K(81536K) NonClass: 70537K(71168K)->70537K(71168K) Class: 9658K(10368K)->9658K(10368K)
[2121.287s][info][gc             ] GC(746) Pause Young (Allocation Failure) 1430M->95M(4084M) 3.131ms
[2121.287s][info][gc,cpu         ] GC(746) User=0.00s Sys=0.00s Real=0.00s
[2126.034s][info][gc,start       ] GC(747) Pause Young (Allocation Failure)
[2126.040s][info][gc,heap        ] GC(747) PSYoungGen: 1377885K(1385472K)->7722K(1384960K) Eden: 1371945K(1372672K)->0K(1372672K) From: 5940K(12800K)->7722K(12288K)
[2126.040s][info][gc,heap        ] GC(747) ParOldGen: 91689K(2796544K)->95942K(2796544K)
[2126.040s][info][gc,metaspace   ] GC(747) Metaspace: 80195K(81536K)->80195K(81536K) NonClass: 70537K(71168K)->70537K(71168K) Class: 9658K(10368K)->9658K(10368K)
[2126.040s][info][gc             ] GC(747) Pause Young (Allocation Failure) 1435M->101M(4083M) 5.792ms
[2126.040s][info][gc,cpu         ] GC(747) User=0.00s Sys=0.00s Real=0.00s
[2128.587s][info][gc,start       ] GC(748) Pause Young (Allocation Failure)
[2128.590s][info][gc,heap        ] GC(748) PSYoungGen: 1380394K(1384960K)->5518K(1385984K) Eden: 1372672K(1372672K)->0K(1373696K) From: 7722K(12288K)->5518K(12288K)
[2128.590s][info][gc,heap        ] GC(748) ParOldGen: 95942K(2796544K)->100105K(2796544K)
[2128.590s][info][gc,metaspace   ] GC(748) Metaspace: 80195K(81536K)->80195K(81536K) NonClass: 70537K(71168K)->70537K(71168K) Class: 9658K(10368K)->9658K(10368K)
[2128.590s][info][gc             ] GC(748) Pause Young (Allocation Failure) 1441M->103M(4084M) 3.102ms
[2128.591s][info][gc,cpu         ] GC(748) User=0.00s Sys=0.00s Real=0.00s
[2132.422s][info][gc,start       ] GC(749) Pause Young (Allocation Failure)
[2132.425s][info][gc,heap        ] GC(749) PSYoungGen: 1376690K(1385984K)->10022K(1383936K) Eden: 1371172K(1373696K)->0K(1373696K) From: 5518K(12288K)->10022K(10240K)
[2132.425s][info][gc,heap        ] GC(749) ParOldGen: 100105K(2796544K)->103656K(2796544K)
[2132.425s][info][gc,metaspace   ] GC(749) Metaspace: 80195K(81536K)->80195K(81536K) NonClass: 70537K(71168K)->70537K(71168K) Class: 9658K(10368K)->9658K(10368K)
[2132.425s][info][gc             ] GC(749) Pause Young (Allocation Failure) 1442M->111M(4082M) 3.806ms
[2132.426s][info][gc,cpu         ] GC(749) User=0.00s Sys=0.00s Real=0.00s
[2135.472s][info][gc,start       ] GC(750) Pause Young (Allocation Failure)
[2135.475s][info][gc,heap        ] GC(750) PSYoungGen: 1383718K(1383936K)->7080K(1385472K) Eden: 1373696K(1373696K)->0K(1372672K) From: 10022K(10240K)->7080K(12800K)
[2135.475s][info][gc,heap        ] GC(750) ParOldGen: 103656K(2796544K)->106094K(2796544K)
[2135.475s][info][gc,metaspace   ] GC(750) Metaspace: 80195K(81536K)->80195K(81536K) NonClass: 70537K(71168K)->70537K(71168K) Class: 9658K(10368K)->9658K(10368K)
[2135.475s][info][gc             ] GC(750) Pause Young (Allocation Failure) 1452M->110M(4084M) 3.112ms
[2135.475s][info][gc,cpu         ] GC(750) User=0.00s Sys=0.00s Real=0.00s
[2138.555s][info][gc,start       ] GC(751) Pause Young (Allocation Failure)
[2138.557s][info][gc,heap        ] GC(751) PSYoungGen: 1378902K(1385472K)->4778K(1384960K) Eden: 1371822K(1372672K)->0K(1372672K) From: 7080K(12800K)->4778K(12288K)
[2138.557s][info][gc,heap        ] GC(751) ParOldGen: 106094K(2796544K)->111255K(2796544K)
[2138.557s][info][gc,metaspace   ] GC(751) Metaspace: 80195K(81536K)->80195K(81536K) NonClass: 70537K(71168K)->70537K(71168K) Class: 9658K(10368K)->9658K(10368K)
[2138.557s][info][gc             ] GC(751) Pause Young (Allocation Failure) 1450M->113M(4083M) 2.922ms
[2138.557s][info][gc,cpu         ] GC(751) User=0.00s Sys=0.00s Real=0.00s
[2140.804s][info][gc,start       ] GC(752) Pause Young (Allocation Failure)
[2140.807s][info][gc,heap        ] GC(752) PSYoungGen: 1377450K(1384960K)->6949K(1385984K) Eden: 1372672K(1372672K)->0K(1373696K) From: 4778K(12288K)->6949K(12288K)
[2140.807s][info][gc,heap        ] GC(752) ParOldGen: 111255K(2796544K)->115189K(2796544K)
[2140.807s][info][gc,metaspace   ] GC(752) Metaspace: 80195K(81536K)->80195K(81536K) NonClass: 70537K(71168K)->70537K(71168K) Class: 9658K(10368K)->9658K(10368K)
[2140.807s][info][gc             ] GC(752) Pause Young (Allocation Failure) 1453M->119M(4084M) 3.416ms
[2140.808s][info][gc,cpu         ] GC(752) User=0.00s Sys=0.00s Real=0.00s
[2143.118s][info][gc,start       ] GC(753) Pause Young (Allocation Failure)
[2143.122s][info][gc,heap        ] GC(753) PSYoungGen: 1380645K(1385984K)->6168K(1385472K) Eden: 1373696K(1373696K)->0K(1373696K) From: 6949K(12288K)->6168K(11776K)
[2143.122s][info][gc,heap        ] GC(753) ParOldGen: 115189K(2796544K)->120247K(2796544K)
[2143.122s][info][gc,metaspace   ] GC(753) Metaspace: 80195K(81536K)->80195K(81536K) NonClass: 70537K(71168K)->70537K(71168K) Class: 9658K(10368K)->9658K(10368K)
[2143.122s][info][gc             ] GC(753) Pause Young (Allocation Failure) 1460M->123M(4084M) 3.560ms
[2143.122s][info][gc,cpu         ] GC(753) User=0.00s Sys=0.00s Real=0.00s
[2146.206s][info][gc,start       ] GC(754) Pause Young (System.gc())
[2146.209s][info][gc,heap        ] GC(754) PSYoungGen: 1293961K(1385472K)->3650K(1386496K) Eden: 1287793K(1373696K)->0K(1375232K) From: 6168K(11776K)->3650K(11264K)
[2146.209s][info][gc,heap        ] GC(754) ParOldGen: 120247K(2796544K)->124996K(2796544K)
[2146.209s][info][gc,metaspace   ] GC(754) Metaspace: 80195K(81536K)->80195K(81536K) NonClass: 70537K(71168K)->70537K(71168K) Class: 9658K(10368K)->9658K(10368K)
[2146.209s][info][gc             ] GC(754) Pause Young (System.gc()) 1381M->125M(4085M) 2.820ms
[2146.209s][info][gc,cpu         ] GC(754) User=0.00s Sys=0.00s Real=0.00s
[2146.209s][info][gc,start       ] GC(755) Pause Full (System.gc())
[2146.209s][info][gc,phases,start] GC(755) Marking Phase
[2146.230s][info][gc,phases      ] GC(755) Marking Phase 20.762ms
[2146.230s][info][gc,phases,start] GC(755) Summary Phase
[2146.230s][info][gc,phases      ] GC(755) Summary Phase 0.011ms
[2146.230s][info][gc,phases,start] GC(755) Adjust Roots
[2146.236s][info][gc,phases      ] GC(755) Adjust Roots 6.106ms
[2146.236s][info][gc,phases,start] GC(755) Compaction Phase
[2146.247s][info][gc,phases      ] GC(755) Compaction Phase 11.163ms
[2146.247s][info][gc,phases,start] GC(755) Post Compact
[2146.248s][info][gc,phases      ] GC(755) Post Compact 1.262ms
[2146.248s][info][gc,heap        ] GC(755) PSYoungGen: 3650K(1386496K)->0K(1386496K) Eden: 0K(1375232K)->0K(1375232K) From: 3650K(11264K)->0K(11264K)
[2146.248s][info][gc,heap        ] GC(755) ParOldGen: 124996K(2796544K)->81907K(2796544K)
[2146.248s][info][gc,metaspace   ] GC(755) Metaspace: 80195K(81536K)->80195K(81536K) NonClass: 70537K(71168K)->70537K(71168K) Class: 9658K(10368K)->9658K(10368K)
[2146.249s][info][gc             ] GC(755) Pause Full (System.gc()) 125M->79M(4085M) 39.653ms
[2146.249s][info][gc,cpu         ] GC(755) User=0.03s Sys=0.00s Real=0.05s
[2149.462s][info][gc,start       ] GC(756) Pause Young (Allocation Failure)
[2149.465s][info][gc,heap        ] GC(756) PSYoungGen: 1375232K(1386496K)->5001K(1386496K) Eden: 1375232K(1375232K)->0K(1375232K) From: 0K(11264K)->5001K(11264K)
[2149.465s][info][gc,heap        ] GC(756) ParOldGen: 81907K(2796544K)->81907K(2796544K)
[2149.465s][info][gc,metaspace   ] GC(756) Metaspace: 80195K(81536K)->80195K(81536K) NonClass: 70537K(71168K)->70537K(71168K) Class: 9658K(10368K)->9658K(10368K)
[2149.465s][info][gc             ] GC(756) Pause Young (Allocation Failure) 1422M->84M(4085M) 2.441ms
[2149.465s][info][gc,cpu         ] GC(756) User=0.00s Sys=0.00s Real=0.00s
[2152.241s][info][gc,start       ] GC(757) Pause Young (Allocation Failure)
[2152.245s][info][gc,heap        ] GC(757) PSYoungGen: 1377358K(1386496K)->11133K(1384448K) Eden: 1372356K(1375232K)->0K(1373184K) From: 5001K(11264K)->11133K(11264K)
[2152.245s][info][gc,heap        ] GC(757) ParOldGen: 81907K(2796544K)->90001K(2796544K)
[2152.245s][info][gc,metaspace   ] GC(757) Metaspace: 80195K(81536K)->80195K(81536K) NonClass: 70537K(71168K)->70537K(71168K) Class: 9658K(10368K)->9658K(10368K)
[2152.245s][info][gc             ] GC(757) Pause Young (Allocation Failure) 1425M->98M(4083M) 3.789ms
[2152.245s][info][gc,cpu         ] GC(757) User=0.00s Sys=0.00s Real=0.00s
[2156.443s][info][gc,start       ] GC(758) Pause Young (Allocation Failure)
[2156.445s][info][gc,heap        ] GC(758) PSYoungGen: 1384317K(1384448K)->5483K(1385472K) Eden: 1373184K(1373184K)->0K(1373184K) From: 11133K(11264K)->5483K(12288K)
[2156.445s][info][gc,heap        ] GC(758) ParOldGen: 90001K(2796544K)->92722K(2796544K)
[2156.445s][info][gc,metaspace   ] GC(758) Metaspace: 80195K(81536K)->80195K(81536K) NonClass: 70537K(71168K)->70537K(71168K) Class: 9658K(10368K)->9658K(10368K)
[2156.445s][info][gc             ] GC(758) Pause Young (Allocation Failure) 1439M->95M(4084M) 2.812ms
[2156.445s][info][gc,cpu         ] GC(758) User=0.02s Sys=0.00s Real=0.01s
[2158.720s][info][gc,start       ] GC(759) Pause Young (Allocation Failure)
[2158.723s][info][gc,heap        ] GC(759) PSYoungGen: 1378667K(1385472K)->6004K(1385984K) Eden: 1373184K(1373184K)->0K(1373696K) From: 5483K(12288K)->6004K(12288K)
[2158.723s][info][gc,heap        ] GC(759) ParOldGen: 92722K(2796544K)->95893K(2796544K)
[2158.723s][info][gc,metaspace   ] GC(759) Metaspace: 80195K(81536K)->80195K(81536K) NonClass: 70537K(71168K)->70537K(71168K) Class: 9658K(10368K)->9658K(10368K)
[2158.723s][info][gc             ] GC(759) Pause Young (Allocation Failure) 1436M->99M(4084M) 3.108ms
[2158.723s][info][gc,cpu         ] GC(759) User=0.00s Sys=0.00s Real=0.00s
[2163.404s][info][gc,start       ] GC(760) Pause Young (Allocation Failure)
[2163.407s][info][gc,heap        ] GC(760) PSYoungGen: 1379700K(1385984K)->7811K(1385472K) Eden: 1373696K(1373696K)->0K(1373696K) From: 6004K(12288K)->7811K(11776K)
[2163.407s][info][gc,heap        ] GC(760) ParOldGen: 95893K(2796544K)->100093K(2796544K)
[2163.407s][info][gc,metaspace   ] GC(760) Metaspace: 80195K(81536K)->80195K(81536K) NonClass: 70537K(71168K)->70537K(71168K) Class: 9658K(10368K)->9658K(10368K)
[2163.407s][info][gc             ] GC(760) Pause Young (Allocation Failure) 1441M->105M(4084M) 3.545ms
[2163.407s][info][gc,cpu         ] GC(760) User=0.02s Sys=0.00s Real=0.02s
[2165.952s][info][gc,start       ] GC(761) Pause Young (Allocation Failure)
[2165.954s][info][gc,heap        ] GC(761) PSYoungGen: 1381507K(1385472K)->5675K(1386496K) Eden: 1373696K(1373696K)->0K(1374720K) From: 7811K(11776K)->5675K(11776K)
[2165.954s][info][gc,heap        ] GC(761) ParOldGen: 100093K(2796544K)->104224K(2796544K)
[2165.954s][info][gc,metaspace   ] GC(761) Metaspace: 80195K(81536K)->80195K(81536K) NonClass: 70537K(71168K)->70537K(71168K) Class: 9658K(10368K)->9658K(10368K)
[2165.954s][info][gc             ] GC(761) Pause Young (Allocation Failure) 1446M->107M(4085M) 2.893ms
[2165.955s][info][gc,cpu         ] GC(761) User=0.00s Sys=0.00s Real=0.00s
[2169.868s][info][gc,start       ] GC(762) Pause Young (Allocation Failure)
[2169.871s][info][gc,heap        ] GC(762) PSYoungGen: 1380319K(1386496K)->5522K(1385984K) Eden: 1374643K(1374720K)->0K(1374720K) From: 5675K(11776K)->5522K(11264K)
[2169.871s][info][gc,heap        ] GC(762) ParOldGen: 104224K(2796544K)->107775K(2796544K)
[2169.871s][info][gc,metaspace   ] GC(762) Metaspace: 80195K(81536K)->80195K(81536K) NonClass: 70537K(71168K)->70537K(71168K) Class: 9658K(10368K)->9658K(10368K)
[2169.871s][info][gc             ] GC(762) Pause Young (Allocation Failure) 1449M->110M(4084M) 3.005ms
[2169.871s][info][gc,cpu         ] GC(762) User=0.00s Sys=0.00s Real=0.00s
[2172.851s][info][gc,start       ] GC(763) Pause Young (Allocation Failure)
[2172.854s][info][gc,heap        ] GC(763) PSYoungGen: 1380242K(1385984K)->7445K(1386496K) Eden: 1374720K(1374720K)->0K(1375232K) From: 5522K(11264K)->7445K(11264K)
[2172.854s][info][gc,heap        ] GC(763) ParOldGen: 107775K(2796544K)->110201K(2796544K)
[2172.854s][info][gc,metaspace   ] GC(763) Metaspace: 80195K(81536K)->80195K(81536K) NonClass: 70537K(71168K)->70537K(71168K) Class: 9658K(10368K)->9658K(10368K)
[2172.854s][info][gc             ] GC(763) Pause Young (Allocation Failure) 1453M->114M(4085M) 3.396ms
[2172.854s][info][gc,cpu         ] GC(763) User=0.00s Sys=0.00s Real=0.00s
[2175.877s][info][gc,start       ] GC(764) Pause Young (Allocation Failure)
[2175.880s][info][gc,heap        ] GC(764) PSYoungGen: 1382677K(1386496K)->4861K(1386496K) Eden: 1375232K(1375232K)->0K(1375232K) From: 7445K(11264K)->4861K(11264K)
[2175.880s][info][gc,heap        ] GC(764) ParOldGen: 110201K(2796544K)->115487K(2796544K)
[2175.880s][info][gc,metaspace   ] GC(764) Metaspace: 80195K(81536K)->80195K(81536K) NonClass: 70537K(71168K)->70537K(71168K) Class: 9658K(10368K)->9658K(10368K)
[2175.880s][info][gc             ] GC(764) Pause Young (Allocation Failure) 1457M->117M(4085M) 3.308ms
[2175.880s][info][gc,cpu         ] GC(764) User=0.00s Sys=0.00s Real=0.00s
[2178.167s][info][gc,start       ] GC(765) Pause Young (Allocation Failure)
[2178.170s][info][gc,heap        ] GC(765) PSYoungGen: 1380093K(1386496K)->6749K(1387008K) Eden: 1375232K(1375232K)->0K(1376256K) From: 4861K(11264K)->6749K(10752K)
[2178.170s][info][gc,heap        ] GC(765) ParOldGen: 115487K(2796544K)->119440K(2796544K)
[2178.170s][info][gc,metaspace   ] GC(765) Metaspace: 80195K(81536K)->80195K(81536K) NonClass: 70537K(71168K)->70537K(71168K) Class: 9658K(10368K)->9658K(10368K)
[2178.170s][info][gc             ] GC(765) Pause Young (Allocation Failure) 1460M->123M(4085M) 3.218ms
[2178.170s][info][gc,cpu         ] GC(765) User=0.00s Sys=0.00s Real=0.00s
[2180.491s][info][gc,start       ] GC(766) Pause Young (Allocation Failure)
[2180.495s][info][gc,heap        ] GC(766) PSYoungGen: 1383005K(1387008K)->6026K(1387008K) Eden: 1376256K(1376256K)->0K(1376256K) From: 6749K(10752K)->6026K(10752K)
[2180.495s][info][gc,heap        ] GC(766) ParOldGen: 119440K(2796544K)->124500K(2796544K)
[2180.495s][info][gc,metaspace   ] GC(766) Metaspace: 80195K(81536K)->80195K(81536K) NonClass: 70537K(71168K)->70537K(71168K) Class: 9658K(10368K)->9658K(10368K)
[2180.495s][info][gc             ] GC(766) Pause Young (Allocation Failure) 1467M->127M(4085M) 3.734ms
[2180.495s][info][gc,cpu         ] GC(766) User=0.02s Sys=0.00s Real=0.01s
[2183.586s][info][gc,start       ] GC(767) Pause Young (System.gc())
[2183.589s][info][gc,heap        ] GC(767) PSYoungGen: 1296289K(1387008K)->3810K(1387520K) Eden: 1290262K(1376256K)->0K(1377280K) From: 6026K(10752K)->3810K(10240K)
[2183.589s][info][gc,heap        ] GC(767) ParOldGen: 124500K(2796544K)->129285K(2796544K)
[2183.589s][info][gc,metaspace   ] GC(767) Metaspace: 80202K(81536K)->80202K(81536K) NonClass: 70543K(71168K)->70543K(71168K) Class: 9658K(10368K)->9658K(10368K)
[2183.589s][info][gc             ] GC(767) Pause Young (System.gc()) 1387M->129M(4086M) 2.751ms
[2183.589s][info][gc,cpu         ] GC(767) User=0.00s Sys=0.00s Real=0.00s
[2183.589s][info][gc,start       ] GC(768) Pause Full (System.gc())
[2183.589s][info][gc,phases,start] GC(768) Marking Phase
[2183.609s][info][gc,phases      ] GC(768) Marking Phase 19.964ms
[2183.609s][info][gc,phases,start] GC(768) Summary Phase
[2183.609s][info][gc,phases      ] GC(768) Summary Phase 0.011ms
[2183.609s][info][gc,phases,start] GC(768) Adjust Roots
[2183.615s][info][gc,phases      ] GC(768) Adjust Roots 5.894ms
[2183.615s][info][gc,phases,start] GC(768) Compaction Phase
[2183.627s][info][gc,phases      ] GC(768) Compaction Phase 12.397ms
[2183.627s][info][gc,phases,start] GC(768) Post Compact
[2183.629s][info][gc,phases      ] GC(768) Post Compact 1.194ms
[2183.629s][info][gc,heap        ] GC(768) PSYoungGen: 3810K(1387520K)->0K(1387520K) Eden: 0K(1377280K)->0K(1377280K) From: 3810K(10240K)->0K(10240K)
[2183.629s][info][gc,heap        ] GC(768) ParOldGen: 129285K(2796544K)->82089K(2796544K)
[2183.629s][info][gc,metaspace   ] GC(768) Metaspace: 80202K(81536K)->80202K(81536K) NonClass: 70543K(71168K)->70543K(71168K) Class: 9658K(10368K)->9658K(10368K)
[2183.629s][info][gc             ] GC(768) Pause Full (System.gc()) 129M->80M(4086M) 39.754ms
[2183.629s][info][gc,cpu         ] GC(768) User=0.03s Sys=0.00s Real=0.05s
[2186.867s][info][gc,start       ] GC(769) Pause Young (Allocation Failure)
[2186.869s][info][gc,heap        ] GC(769) PSYoungGen: 1377280K(1387520K)->5008K(1387520K) Eden: 1377280K(1377280K)->0K(1377280K) From: 0K(10240K)->5008K(10240K)
[2186.869s][info][gc,heap        ] GC(769) ParOldGen: 82089K(2796544K)->82089K(2796544K)
[2186.869s][info][gc,metaspace   ] GC(769) Metaspace: 80202K(81536K)->80202K(81536K) NonClass: 70543K(71168K)->70543K(71168K) Class: 9658K(10368K)->9658K(10368K)
[2186.869s][info][gc             ] GC(769) Pause Young (Allocation Failure) 1425M->85M(4086M) 2.099ms
[2186.869s][info][gc,cpu         ] GC(769) User=0.00s Sys=0.00s Real=0.00s
[2189.623s][info][gc,start       ] GC(770) Pause Young (Allocation Failure)
[2189.626s][info][gc,heap        ] GC(770) PSYoungGen: 1379471K(1387520K)->6370K(1388032K) Eden: 1374462K(1377280K)->0K(1377792K) From: 5008K(10240K)->6370K(10240K)
[2189.626s][info][gc,heap        ] GC(770) ParOldGen: 82089K(2796544K)->86080K(2796544K)
[2189.626s][info][gc,metaspace   ] GC(770) Metaspace: 80202K(81536K)->80202K(81536K) NonClass: 70543K(71168K)->70543K(71168K) Class: 9658K(10368K)->9658K(10368K)
[2189.626s][info][gc             ] GC(770) Pause Young (Allocation Failure) 1427M->90M(4086M) 2.926ms
[2189.626s][info][gc,cpu         ] GC(770) User=0.00s Sys=0.00s Real=0.00s
[2193.882s][info][gc,start       ] GC(771) Pause Young (Allocation Failure)
[2193.884s][info][gc,heap        ] GC(771) PSYoungGen: 1384162K(1388032K)->4289K(1387520K) Eden: 1377792K(1377792K)->0K(1377792K) From: 6370K(10240K)->4289K(9728K)
[2193.884s][info][gc,heap        ] GC(771) ParOldGen: 86080K(2796544K)->88711K(2796544K)
[2193.884s][info][gc,metaspace   ] GC(771) Metaspace: 80202K(81536K)->80202K(81536K) NonClass: 70543K(71168K)->70543K(71168K) Class: 9658K(10368K)->9658K(10368K)
[2193.884s][info][gc             ] GC(771) Pause Young (Allocation Failure) 1435M->90M(4086M) 2.244ms
[2193.885s][info][gc,cpu         ] GC(771) User=0.00s Sys=0.00s Real=0.00s
[2196.136s][info][gc,start       ] GC(772) Pause Young (Allocation Failure)
[2196.140s][info][gc,heap        ] GC(772) PSYoungGen: 1382081K(1387520K)->9607K(1385984K) Eden: 1377792K(1377792K)->0K(1376256K) From: 4289K(9728K)->9607K(9728K)
[2196.140s][info][gc,heap        ] GC(772) ParOldGen: 88711K(2796544K)->91938K(2796544K)
[2196.140s][info][gc,metaspace   ] GC(772) Metaspace: 80202K(81536K)->80202K(81536K) NonClass: 70543K(71168K)->70543K(71168K) Class: 9658K(10368K)->9658K(10368K)
[2196.140s][info][gc             ] GC(772) Pause Young (Allocation Failure) 1436M->99M(4084M) 3.575ms
[2196.140s][info][gc,cpu         ] GC(772) User=0.00s Sys=0.00s Real=0.00s
[2200.915s][info][gc,start       ] GC(773) Pause Young (Allocation Failure)
[2200.918s][info][gc,heap        ] GC(773) PSYoungGen: 1382782K(1385984K)->5365K(1387008K) Eden: 1373175K(1376256K)->0K(1376256K) From: 9607K(9728K)->5365K(10752K)
[2200.918s][info][gc,heap        ] GC(773) ParOldGen: 91938K(2796544K)->96574K(2796544K)
[2200.918s][info][gc,metaspace   ] GC(773) Metaspace: 80202K(81536K)->80202K(81536K) NonClass: 70543K(71168K)->70543K(71168K) Class: 9658K(10368K)->9658K(10368K)
[2200.918s][info][gc             ] GC(773) Pause Young (Allocation Failure) 1440M->99M(4085M) 3.149ms
[2200.918s][info][gc,cpu         ] GC(773) User=0.00s Sys=0.00s Real=0.00s
[2203.554s][info][gc,start       ] GC(774) Pause Young (Allocation Failure)
[2203.557s][info][gc,heap        ] GC(774) PSYoungGen: 1377921K(1387008K)->4919K(1387520K) Eden: 1372556K(1376256K)->0K(1376768K) From: 5365K(10752K)->4919K(10752K)
[2203.557s][info][gc,heap        ] GC(774) ParOldGen: 96574K(2796544K)->100845K(2796544K)
[2203.557s][info][gc,metaspace   ] GC(774) Metaspace: 80202K(81536K)->80202K(81536K) NonClass: 70543K(71168K)->70543K(71168K) Class: 9658K(10368K)->9658K(10368K)
[2203.557s][info][gc             ] GC(774) Pause Young (Allocation Failure) 1439M->103M(4086M) 2.542ms
[2203.557s][info][gc,cpu         ] GC(774) User=0.00s Sys=0.00s Real=0.00s
[2207.276s][info][gc,start       ] GC(775) Pause Young (Allocation Failure)
[2207.280s][info][gc,heap        ] GC(775) PSYoungGen: 1378171K(1387520K)->5718K(1387008K) Eden: 1373251K(1376768K)->0K(1376768K) From: 4919K(10752K)->5718K(10240K)
[2207.280s][info][gc,heap        ] GC(775) ParOldGen: 100845K(2796544K)->104350K(2796544K)
[2207.280s][info][gc,metaspace   ] GC(775) Metaspace: 80202K(81536K)->80202K(81536K) NonClass: 70543K(71168K)->70543K(71168K) Class: 9658K(10368K)->9658K(10368K)
[2207.280s][info][gc             ] GC(775) Pause Young (Allocation Failure) 1444M->107M(4085M) 4.233ms
[2207.280s][info][gc,cpu         ] GC(775) User=0.00s Sys=0.00s Real=0.00s
[2210.289s][info][gc,start       ] GC(776) Pause Young (Allocation Failure)
[2210.293s][info][gc,heap        ] GC(776) PSYoungGen: 1382486K(1387008K)->7220K(1387520K) Eden: 1376768K(1376768K)->0K(1377280K) From: 5718K(10240K)->7220K(10240K)
[2210.293s][info][gc,heap        ] GC(776) ParOldGen: 104350K(2796544K)->106741K(2796544K)
[2210.293s][info][gc,metaspace   ] GC(776) Metaspace: 80202K(81536K)->80202K(81536K) NonClass: 70543K(71168K)->70543K(71168K) Class: 9658K(10368K)->9658K(10368K)
[2210.293s][info][gc             ] GC(776) Pause Young (Allocation Failure) 1451M->111M(4086M) 3.975ms
[2210.293s][info][gc,cpu         ] GC(776) User=0.00s Sys=0.00s Real=0.00s
[2213.351s][info][gc,start       ] GC(777) Pause Young (Allocation Failure)
[2213.354s][info][gc,heap        ] GC(777) PSYoungGen: 1384500K(1387520K)->8079K(1387520K) Eden: 1377280K(1377280K)->0K(1377280K) From: 7220K(10240K)->8079K(10240K)
[2213.354s][info][gc,heap        ] GC(777) ParOldGen: 106741K(2796544K)->111888K(2796544K)
[2213.354s][info][gc,metaspace   ] GC(777) Metaspace: 80202K(81536K)->80202K(81536K) NonClass: 70543K(71168K)->70543K(71168K) Class: 9658K(10368K)->9658K(10368K)
[2213.354s][info][gc             ] GC(777) Pause Young (Allocation Failure) 1456M->117M(4086M) 3.508ms
[2213.354s][info][gc,cpu         ] GC(777) User=0.02s Sys=0.00s Real=0.02s
[2215.658s][info][gc,start       ] GC(778) Pause Young (Allocation Failure)
[2215.661s][info][gc,heap        ] GC(778) PSYoungGen: 1384401K(1387520K)->6384K(1387520K) Eden: 1376321K(1377280K)->0K(1377280K) From: 8079K(10240K)->6384K(10240K)
[2215.661s][info][gc,heap        ] GC(778) ParOldGen: 111888K(2796544K)->115898K(2796544K)
[2215.661s][info][gc,metaspace   ] GC(778) Metaspace: 80202K(81536K)->80202K(81536K) NonClass: 70543K(71168K)->70543K(71168K) Class: 9658K(10368K)->9658K(10368K)
[2215.661s][info][gc             ] GC(778) Pause Young (Allocation Failure) 1461M->119M(4086M) 3.322ms
[2215.661s][info][gc,cpu         ] GC(778) User=0.00s Sys=0.00s Real=0.00s
[2217.921s][info][gc,start       ] GC(779) Pause Young (Allocation Failure)
[2217.925s][info][gc,heap        ] GC(779) PSYoungGen: 1383664K(1387520K)->6208K(1387520K) Eden: 1377280K(1377280K)->0K(1377280K) From: 6384K(10240K)->6208K(10240K)
[2217.925s][info][gc,heap        ] GC(779) ParOldGen: 115898K(2796544K)->120932K(2796544K)
[2217.925s][info][gc,metaspace   ] GC(779) Metaspace: 80202K(81536K)->80202K(81536K) NonClass: 70543K(71168K)->70543K(71168K) Class: 9658K(10368K)->9658K(10368K)
[2217.925s][info][gc             ] GC(779) Pause Young (Allocation Failure) 1464M->124M(4086M) 3.644ms
[2217.925s][info][gc,cpu         ] GC(779) User=0.00s Sys=0.00s Real=0.00s
[2220.978s][info][gc,start       ] GC(780) Pause Young (System.gc())
[2220.981s][info][gc,heap        ] GC(780) PSYoungGen: 1282747K(1387520K)->3522K(1388032K) Eden: 1276538K(1377280K)->0K(1378304K) From: 6208K(10240K)->3522K(9728K)
[2220.981s][info][gc,heap        ] GC(780) ParOldGen: 120932K(2796544K)->126077K(2796544K)
[2220.981s][info][gc,metaspace   ] GC(780) Metaspace: 80202K(81536K)->80202K(81536K) NonClass: 70544K(71168K)->70544K(71168K) Class: 9658K(10368K)->9658K(10368K)
[2220.981s][info][gc             ] GC(780) Pause Young (System.gc()) 1370M->126M(4086M) 2.915ms
[2220.981s][info][gc,cpu         ] GC(780) User=0.00s Sys=0.00s Real=0.00s
[2220.981s][info][gc,start       ] GC(781) Pause Full (System.gc())
[2220.981s][info][gc,phases,start] GC(781) Marking Phase
[2221.002s][info][gc,phases      ] GC(781) Marking Phase 20.957ms
[2221.002s][info][gc,phases,start] GC(781) Summary Phase
[2221.002s][info][gc,phases      ] GC(781) Summary Phase 0.010ms
[2221.002s][info][gc,phases,start] GC(781) Adjust Roots
[2221.009s][info][gc,phases      ] GC(781) Adjust Roots 6.128ms
[2221.009s][info][gc,phases,start] GC(781) Compaction Phase
[2221.020s][info][gc,phases      ] GC(781) Compaction Phase 11.135ms
[2221.020s][info][gc,phases,start] GC(781) Post Compact
[2221.021s][info][gc,phases      ] GC(781) Post Compact 1.225ms
[2221.021s][info][gc,heap        ] GC(781) PSYoungGen: 3522K(1388032K)->0K(1388032K) Eden: 0K(1378304K)->0K(1378304K) From: 3522K(9728K)->0K(9728K)
[2221.021s][info][gc,heap        ] GC(781) ParOldGen: 126077K(2796544K)->81756K(2796544K)
[2221.021s][info][gc,metaspace   ] GC(781) Metaspace: 80202K(81536K)->80202K(81536K) NonClass: 70544K(71168K)->70544K(71168K) Class: 9658K(10368K)->9658K(10368K)
[2221.021s][info][gc             ] GC(781) Pause Full (System.gc()) 126M->79M(4086M) 39.729ms
[2221.021s][info][gc,cpu         ] GC(781) User=0.00s Sys=0.00s Real=0.03s
[2224.270s][info][gc,start       ] GC(782) Pause Young (Allocation Failure)
[2224.272s][info][gc,heap        ] GC(782) PSYoungGen: 1378304K(1388032K)->5039K(1388032K) Eden: 1378304K(1378304K)->0K(1378304K) From: 0K(9728K)->5039K(9728K)
[2224.272s][info][gc,heap        ] GC(782) ParOldGen: 81756K(2796544K)->81756K(2796544K)
[2224.272s][info][gc,metaspace   ] GC(782) Metaspace: 80202K(81536K)->80202K(81536K) NonClass: 70544K(71168K)->70544K(71168K) Class: 9658K(10368K)->9658K(10368K)
[2224.272s][info][gc             ] GC(782) Pause Young (Allocation Failure) 1425M->84M(4086M) 2.504ms
[2224.272s][info][gc,cpu         ] GC(782) User=0.00s Sys=0.00s Real=0.00s
[2227.014s][info][gc,start       ] GC(783) Pause Young (Allocation Failure)
[2227.017s][info][gc,heap        ] GC(783) PSYoungGen: 1381930K(1388032K)->7037K(1388032K) Eden: 1376891K(1378304K)->0K(1378304K) From: 5039K(9728K)->7037K(9728K)
[2227.017s][info][gc,heap        ] GC(783) ParOldGen: 81756K(2796544K)->85779K(2796544K)
[2227.017s][info][gc,metaspace   ] GC(783) Metaspace: 80202K(81536K)->80202K(81536K) NonClass: 70544K(71168K)->70544K(71168K) Class: 9658K(10368K)->9658K(10368K)
[2227.017s][info][gc             ] GC(783) Pause Young (Allocation Failure) 1429M->90M(4086M) 3.683ms
[2227.017s][info][gc,cpu         ] GC(783) User=0.00s Sys=0.00s Real=0.00s
[2231.388s][info][gc,start       ] GC(784) Pause Young (Allocation Failure)
[2231.390s][info][gc,heap        ] GC(784) PSYoungGen: 1385341K(1388032K)->4830K(1388032K) Eden: 1378304K(1378304K)->0K(1378304K) From: 7037K(9728K)->4830K(9728K)
[2231.390s][info][gc,heap        ] GC(784) ParOldGen: 85779K(2796544K)->88424K(2796544K)
[2231.390s][info][gc,metaspace   ] GC(784) Metaspace: 80202K(81536K)->80202K(81536K) NonClass: 70544K(71168K)->70544K(71168K) Class: 9658K(10368K)->9658K(10368K)
[2231.390s][info][gc             ] GC(784) Pause Young (Allocation Failure) 1436M->91M(4086M) 2.272ms
[2231.390s][info][gc,cpu         ] GC(784) User=0.00s Sys=0.00s Real=0.00s
[2233.618s][info][gc,start       ] GC(785) Pause Young (Allocation Failure)
[2233.621s][info][gc,heap        ] GC(785) PSYoungGen: 1382538K(1388032K)->6175K(1388544K) Eden: 1377707K(1378304K)->0K(1378816K) From: 4830K(9728K)->6175K(9728K)
[2233.621s][info][gc,heap        ] GC(785) ParOldGen: 88424K(2796544K)->91637K(2796544K)
[2233.621s][info][gc,metaspace   ] GC(785) Metaspace: 80202K(81536K)->80202K(81536K) NonClass: 70544K(71168K)->70544K(71168K) Class: 9658K(10368K)->9658K(10368K)
[2233.621s][info][gc             ] GC(785) Pause Young (Allocation Failure) 1436M->95M(4087M) 2.671ms
[2233.621s][info][gc,cpu         ] GC(785) User=0.00s Sys=0.00s Real=0.00s
[2238.254s][info][gc,start       ] GC(786) Pause Young (Allocation Failure)
[2238.257s][info][gc,heap        ] GC(786) PSYoungGen: 1384991K(1388544K)->5461K(1388032K) Eden: 1378816K(1378816K)->0K(1378816K) From: 6175K(9728K)->5461K(9216K)
[2238.257s][info][gc,heap        ] GC(786) ParOldGen: 91637K(2796544K)->96269K(2796544K)
[2238.257s][info][gc,metaspace   ] GC(786) Metaspace: 80202K(81536K)->80202K(81536K) NonClass: 70544K(71168K)->70544K(71168K) Class: 9658K(10368K)->9658K(10368K)
[2238.257s][info][gc             ] GC(786) Pause Young (Allocation Failure) 1442M->99M(4086M) 3.206ms
[2238.257s][info][gc,cpu         ] GC(786) User=0.00s Sys=0.00s Real=0.00s
[2240.914s][info][gc,start       ] GC(787) Pause Young (Allocation Failure)
[2240.917s][info][gc,heap        ] GC(787) PSYoungGen: 1384277K(1388032K)->5437K(1389056K) Eden: 1378816K(1378816K)->0K(1379840K) From: 5461K(9216K)->5437K(9216K)
[2240.917s][info][gc,heap        ] GC(787) ParOldGen: 96269K(2796544K)->100437K(2796544K)
[2240.917s][info][gc,metaspace   ] GC(787) Metaspace: 80202K(81536K)->80202K(81536K) NonClass: 70544K(71168K)->70544K(71168K) Class: 9658K(10368K)->9658K(10368K)
[2240.917s][info][gc             ] GC(787) Pause Young (Allocation Failure) 1445M->103M(4087M) 3.070ms
[2240.917s][info][gc,cpu         ] GC(787) User=0.02s Sys=0.00s Real=0.01s
[2244.640s][info][gc,start       ] GC(788) Pause Young (Allocation Failure)
[2244.643s][info][gc,heap        ] GC(788) PSYoungGen: 1382498K(1389056K)->8698K(1388544K) Eden: 1377060K(1379840K)->0K(1379840K) From: 5437K(9216K)->8698K(8704K)
[2244.643s][info][gc,heap        ] GC(788) ParOldGen: 100437K(2796544K)->105452K(2796544K)
[2244.643s][info][gc,metaspace   ] GC(788) Metaspace: 80202K(81536K)->80202K(81536K) NonClass: 70544K(71168K)->70544K(71168K) Class: 9658K(10368K)->9658K(10368K)
[2244.643s][info][gc             ] GC(788) Pause Young (Allocation Failure) 1448M->111M(4087M) 3.554ms
[2244.643s][info][gc,cpu         ] GC(788) User=0.00s Sys=0.00s Real=0.00s
[2247.698s][info][gc,start       ] GC(789) Pause Young (Allocation Failure)
[2247.702s][info][gc,heap        ] GC(789) PSYoungGen: 1388538K(1388544K)->7904K(1383424K) Eden: 1379840K(1379840K)->0K(1374208K) From: 8698K(8704K)->7904K(9216K)
[2247.702s][info][gc,heap        ] GC(789) ParOldGen: 105452K(2796544K)->109471K(2796544K)
[2247.702s][info][gc,metaspace   ] GC(789) Metaspace: 80202K(81536K)->80202K(81536K) NonClass: 70544K(71168K)->70544K(71168K) Class: 9658K(10368K)->9658K(10368K)
[2247.702s][info][gc             ] GC(789) Pause Young (Allocation Failure) 1458M->114M(4082M) 4.438ms
[2247.702s][info][gc,cpu         ] GC(789) User=0.02s Sys=0.00s Real=0.02s
[2250.846s][info][gc,start       ] GC(790) Pause Young (Allocation Failure)
[2250.849s][info][gc,heap        ] GC(790) PSYoungGen: 1382112K(1383424K)->6028K(1385984K) Eden: 1374208K(1374208K)->0K(1374208K) From: 7904K(9216K)->6028K(11776K)
[2250.850s][info][gc,heap        ] GC(790) ParOldGen: 109471K(2796544K)->114321K(2796544K)
[2250.850s][info][gc,metaspace   ] GC(790) Metaspace: 80202K(81536K)->80202K(81536K) NonClass: 70544K(71168K)->70544K(71168K) Class: 9658K(10368K)->9658K(10368K)
[2250.850s][info][gc             ] GC(790) Pause Young (Allocation Failure) 1456M->117M(4084M) 3.438ms
[2250.850s][info][gc,cpu         ] GC(790) User=0.00s Sys=0.00s Real=0.00s
[2253.070s][info][gc,start       ] GC(791) Pause Young (Allocation Failure)
[2253.073s][info][gc,heap        ] GC(791) PSYoungGen: 1380236K(1385984K)->6823K(1387008K) Eden: 1374208K(1374208K)->0K(1375744K) From: 6028K(11776K)->6823K(11264K)
[2253.073s][info][gc,heap        ] GC(791) ParOldGen: 114321K(2796544K)->118378K(2796544K)
[2253.073s][info][gc,metaspace   ] GC(791) Metaspace: 80202K(81536K)->80202K(81536K) NonClass: 70544K(71168K)->70544K(71168K) Class: 9658K(10368K)->9658K(10368K)
[2253.073s][info][gc             ] GC(791) Pause Young (Allocation Failure) 1459M->122M(4085M) 3.443ms
[2253.073s][info][gc,cpu         ] GC(791) User=0.00s Sys=0.00s Real=0.00s
[2255.344s][info][gc,start       ] GC(792) Pause Young (Allocation Failure)
[2255.347s][info][gc,heap        ] GC(792) PSYoungGen: 1381964K(1387008K)->6238K(1386496K) Eden: 1375141K(1375744K)->0K(1375744K) From: 6823K(11264K)->6238K(10752K)
[2255.347s][info][gc,heap        ] GC(792) ParOldGen: 118378K(2796544K)->123403K(2796544K)
[2255.347s][info][gc,metaspace   ] GC(792) Metaspace: 80202K(81536K)->80202K(81536K) NonClass: 70544K(71168K)->70544K(71168K) Class: 9658K(10368K)->9658K(10368K)
[2255.347s][info][gc             ] GC(792) Pause Young (Allocation Failure) 1465M->126M(4085M) 3.848ms
[2255.347s][info][gc,cpu         ] GC(792) User=0.00s Sys=0.00s Real=0.00s
[2258.406s][info][gc,start       ] GC(793) Pause Young (System.gc())
[2258.409s][info][gc,heap        ] GC(793) PSYoungGen: 1268329K(1386496K)->3554K(1387008K) Eden: 1262090K(1375744K)->0K(1376256K) From: 6238K(10752K)->3554K(10752K)
[2258.409s][info][gc,heap        ] GC(793) ParOldGen: 123403K(2796544K)->128556K(2796544K)
[2258.409s][info][gc,metaspace   ] GC(793) Metaspace: 80202K(81536K)->80202K(81536K) NonClass: 70544K(71168K)->70544K(71168K) Class: 9658K(10368K)->9658K(10368K)
[2258.409s][info][gc             ] GC(793) Pause Young (System.gc()) 1359M->129M(4085M) 3.650ms
[2258.409s][info][gc,cpu         ] GC(793) User=0.00s Sys=0.00s Real=0.00s
[2258.409s][info][gc,start       ] GC(794) Pause Full (System.gc())
[2258.409s][info][gc,phases,start] GC(794) Marking Phase
[2258.429s][info][gc,phases      ] GC(794) Marking Phase 19.540ms
[2258.429s][info][gc,phases,start] GC(794) Summary Phase
[2258.429s][info][gc,phases      ] GC(794) Summary Phase 0.010ms
[2258.429s][info][gc,phases,start] GC(794) Adjust Roots
[2258.435s][info][gc,phases      ] GC(794) Adjust Roots 5.960ms
[2258.435s][info][gc,phases,start] GC(794) Compaction Phase
[2258.448s][info][gc,phases      ] GC(794) Compaction Phase 12.640ms
[2258.448s][info][gc,phases,start] GC(794) Post Compact
[2258.449s][info][gc,phases      ] GC(794) Post Compact 1.162ms
[2258.449s][info][gc,heap        ] GC(794) PSYoungGen: 3554K(1387008K)->0K(1387008K) Eden: 0K(1376256K)->0K(1376256K) From: 3554K(10752K)->0K(10752K)
[2258.449s][info][gc,heap        ] GC(794) ParOldGen: 128556K(2796544K)->84344K(2796544K)
[2258.449s][info][gc,metaspace   ] GC(794) Metaspace: 80202K(81536K)->80202K(81536K) NonClass: 70544K(71168K)->70544K(71168K) Class: 9658K(10368K)->9658K(10368K)
[2258.449s][info][gc             ] GC(794) Pause Full (System.gc()) 129M->82M(4085M) 39.580ms
[2258.449s][info][gc,cpu         ] GC(794) User=0.03s Sys=0.00s Real=0.05s
[2261.691s][info][gc,start       ] GC(795) Pause Young (Allocation Failure)
[2261.694s][info][gc,heap        ] GC(795) PSYoungGen: 1376256K(1387008K)->5274K(1387008K) Eden: 1376256K(1376256K)->0K(1376256K) From: 0K(10752K)->5274K(10752K)
[2261.694s][info][gc,heap        ] GC(795) ParOldGen: 84344K(2796544K)->84344K(2796544K)
[2261.694s][info][gc,metaspace   ] GC(795) Metaspace: 80202K(81536K)->80202K(81536K) NonClass: 70544K(71168K)->70544K(71168K) Class: 9658K(10368K)->9658K(10368K)
[2261.694s][info][gc             ] GC(795) Pause Young (Allocation Failure) 1426M->87M(4085M) 2.752ms
[2261.694s][info][gc,cpu         ] GC(795) User=0.00s Sys=0.00s Real=0.00s
[2264.453s][info][gc,start       ] GC(796) Pause Young (Allocation Failure)
[2264.458s][info][gc,heap        ] GC(796) PSYoungGen: 1381212K(1387008K)->10237K(1375232K) Eden: 1375938K(1376256K)->0K(1364992K) From: 5274K(10752K)->10237K(10240K)
[2264.458s][info][gc,heap        ] GC(796) ParOldGen: 84344K(2796544K)->97222K(2796544K)
[2264.458s][info][gc,metaspace   ] GC(796) Metaspace: 80202K(81536K)->80202K(81536K) NonClass: 70544K(71168K)->70544K(71168K) Class: 9658K(10368K)->9658K(10368K)
[2264.458s][info][gc             ] GC(796) Pause Young (Allocation Failure) 1431M->104M(4074M) 4.338ms
[2264.458s][info][gc,cpu         ] GC(796) User=0.00s Sys=0.00s Real=0.00s
[2268.638s][info][gc,start       ] GC(797) Pause Young (Allocation Failure)
[2268.640s][info][gc,heap        ] GC(797) PSYoungGen: 1375229K(1375232K)->5040K(1381376K) Eden: 1364992K(1364992K)->0K(1364992K) From: 10237K(10240K)->5040K(16384K)
[2268.640s][info][gc,heap        ] GC(797) ParOldGen: 97222K(2796544K)->99846K(2796544K)
[2268.640s][info][gc,metaspace   ] GC(797) Metaspace: 80202K(81536K)->80202K(81536K) NonClass: 70544K(71168K)->70544K(71168K) Class: 9658K(10368K)->9658K(10368K)
[2268.640s][info][gc             ] GC(797) Pause Young (Allocation Failure) 1437M->102M(4080M) 2.442ms
[2268.641s][info][gc,cpu         ] GC(797) User=0.00s Sys=0.00s Real=0.00s
[2270.913s][info][gc,start       ] GC(798) Pause Young (Allocation Failure)
[2270.916s][info][gc,heap        ] GC(798) PSYoungGen: 1370032K(1381376K)->6133K(1382400K) Eden: 1364992K(1364992K)->0K(1366528K) From: 5040K(16384K)->6133K(15872K)
[2270.917s][info][gc,heap        ] GC(798) ParOldGen: 99846K(2796544K)->103012K(2796544K)
[2270.917s][info][gc,metaspace   ] GC(798) Metaspace: 80202K(81536K)->80202K(81536K) NonClass: 70544K(71168K)->70544K(71168K) Class: 9658K(10368K)->9658K(10368K)
[2270.917s][info][gc             ] GC(798) Pause Young (Allocation Failure) 1435M->106M(4081M) 3.655ms
[2270.917s][info][gc,cpu         ] GC(798) User=0.00s Sys=0.00s Real=0.00s
[2275.620s][info][gc,start       ] GC(799) Pause Young (Allocation Failure)
[2275.624s][info][gc,heap        ] GC(799) PSYoungGen: 1372661K(1382400K)->5965K(1381888K) Eden: 1366528K(1366528K)->0K(1366528K) From: 6133K(15872K)->5965K(15360K)
[2275.624s][info][gc,heap        ] GC(799) ParOldGen: 103012K(2796544K)->107210K(2796544K)
[2275.624s][info][gc,metaspace   ] GC(799) Metaspace: 80202K(81536K)->80202K(81536K) NonClass: 70544K(71168K)->70544K(71168K) Class: 9658K(10368K)->9658K(10368K)
[2275.624s][info][gc             ] GC(799) Pause Young (Allocation Failure) 1441M->110M(4080M) 3.444ms
[2275.624s][info][gc,cpu         ] GC(799) User=0.00s Sys=0.00s Real=0.01s
[2278.067s][info][gc,start       ] GC(800) Pause Young (Allocation Failure)
[2278.071s][info][gc,heap        ] GC(800) PSYoungGen: 1372493K(1381888K)->6130K(1383424K) Eden: 1366528K(1366528K)->0K(1368576K) From: 5965K(15360K)->6130K(14848K)
[2278.071s][info][gc,heap        ] GC(800) ParOldGen: 107210K(2796544K)->110793K(2796544K)
[2278.071s][info][gc,metaspace   ] GC(800) Metaspace: 80203K(81536K)->80203K(81536K) NonClass: 70544K(71168K)->70544K(71168K) Class: 9658K(10368K)->9658K(10368K)
[2278.071s][info][gc             ] GC(800) Pause Young (Allocation Failure) 1445M->114M(4082M) 3.851ms
[2278.071s][info][gc,cpu         ] GC(800) User=0.00s Sys=0.00s Real=0.00s
[2282.125s][info][gc,start       ] GC(801) Pause Young (Allocation Failure)
[2282.128s][info][gc,heap        ] GC(801) PSYoungGen: 1371953K(1383424K)->4388K(1382912K) Eden: 1365823K(1368576K)->0K(1368576K) From: 6130K(14848K)->4388K(14336K)
[2282.128s][info][gc,heap        ] GC(801) ParOldGen: 110793K(2796544K)->114839K(2796544K)
[2282.128s][info][gc,metaspace   ] GC(801) Metaspace: 80203K(81536K)->80203K(81536K) NonClass: 70544K(71168K)->70544K(71168K) Class: 9658K(10368K)->9658K(10368K)
[2282.128s][info][gc             ] GC(801) Pause Young (Allocation Failure) 1447M->116M(4081M) 3.411ms
[2282.128s][info][gc,cpu         ] GC(801) User=0.00s Sys=0.00s Real=0.00s
[2285.110s][info][gc,start       ] GC(802) Pause Young (Allocation Failure)
[2285.114s][info][gc,heap        ] GC(802) PSYoungGen: 1372964K(1382912K)->7211K(1383936K) Eden: 1368576K(1368576K)->0K(1369600K) From: 4388K(14336K)->7211K(14336K)
[2285.114s][info][gc,heap        ] GC(802) ParOldGen: 114839K(2796544K)->117110K(2796544K)
[2285.114s][info][gc,metaspace   ] GC(802) Metaspace: 80203K(81536K)->80203K(81536K) NonClass: 70544K(71168K)->70544K(71168K) Class: 9658K(10368K)->9658K(10368K)
[2285.114s][info][gc             ] GC(802) Pause Young (Allocation Failure) 1452M->121M(4082M) 3.834ms
[2285.114s][info][gc,cpu         ] GC(802) User=0.02s Sys=0.00s Real=0.00s
[2288.072s][info][gc,start       ] GC(803) Pause Young (Allocation Failure)
[2288.076s][info][gc,heap        ] GC(803) PSYoungGen: 1376811K(1383936K)->5855K(1383424K) Eden: 1369600K(1369600K)->0K(1369600K) From: 7211K(14336K)->5855K(13824K)
[2288.076s][info][gc,heap        ] GC(803) ParOldGen: 117110K(2796544K)->122532K(2796544K)
[2288.076s][info][gc,metaspace   ] GC(803) Metaspace: 80203K(81536K)->80203K(81536K) NonClass: 70544K(71168K)->70544K(71168K) Class: 9658K(10368K)->9658K(10368K)
[2288.076s][info][gc             ] GC(803) Pause Young (Allocation Failure) 1458M->125M(4082M) 3.679ms
[2288.076s][info][gc,cpu         ] GC(803) User=0.00s Sys=0.00s Real=0.00s
[2290.373s][info][gc,start       ] GC(804) Pause Young (Allocation Failure)
[2290.377s][info][gc,heap        ] GC(804) PSYoungGen: 1375455K(1383424K)->6853K(1385472K) Eden: 1369600K(1369600K)->0K(1372160K) From: 5855K(13824K)->6853K(13312K)
[2290.377s][info][gc,heap        ] GC(804) ParOldGen: 122532K(2796544K)->126481K(2796544K)
[2290.377s][info][gc,metaspace   ] GC(804) Metaspace: 80203K(81536K)->80203K(81536K) NonClass: 70544K(71168K)->70544K(71168K) Class: 9658K(10368K)->9658K(10368K)
[2290.377s][info][gc             ] GC(804) Pause Young (Allocation Failure) 1462M->130M(4084M) 3.530ms
[2290.377s][info][gc,cpu         ] GC(804) User=0.02s Sys=0.00s Real=0.02s
[2292.827s][info][gc,start       ] GC(805) Pause Young (Allocation Failure)
[2292.831s][info][gc,heap        ] GC(805) PSYoungGen: 1379013K(1385472K)->6113K(1384448K) Eden: 1372160K(1372160K)->0K(1372160K) From: 6853K(13312K)->6113K(12288K)
[2292.831s][info][gc,heap        ] GC(805) ParOldGen: 126481K(2796544K)->131502K(2796544K)
[2292.831s][info][gc,metaspace   ] GC(805) Metaspace: 80203K(81536K)->80203K(81536K) NonClass: 70544K(71168K)->70544K(71168K) Class: 9658K(10368K)->9658K(10368K)
[2292.831s][info][gc             ] GC(805) Pause Young (Allocation Failure) 1470M->134M(4083M) 4.127ms
[2292.831s][info][gc,cpu         ] GC(805) User=0.00s Sys=0.00s Real=0.00s
[2295.956s][info][gc,start       ] GC(806) Pause Young (System.gc())
[2295.959s][info][gc,heap        ] GC(806) PSYoungGen: 1352784K(1384448K)->3595K(1385472K) Eden: 1346671K(1372160K)->0K(1373184K) From: 6113K(12288K)->3595K(12288K)
[2295.959s][info][gc,heap        ] GC(806) ParOldGen: 131502K(2796544K)->136312K(2796544K)
[2295.959s][info][gc,metaspace   ] GC(806) Metaspace: 80203K(81536K)->80203K(81536K) NonClass: 70544K(71168K)->70544K(71168K) Class: 9658K(10368K)->9658K(10368K)
[2295.959s][info][gc             ] GC(806) Pause Young (System.gc()) 1449M->136M(4084M) 2.890ms
[2295.959s][info][gc,cpu         ] GC(806) User=0.00s Sys=0.00s Real=0.00s
[2295.959s][info][gc,start       ] GC(807) Pause Full (System.gc())
[2295.959s][info][gc,phases,start] GC(807) Marking Phase
[2295.979s][info][gc,phases      ] GC(807) Marking Phase 20.472ms
[2295.979s][info][gc,phases,start] GC(807) Summary Phase
[2295.979s][info][gc,phases      ] GC(807) Summary Phase 0.011ms
[2295.979s][info][gc,phases,start] GC(807) Adjust Roots
[2295.985s][info][gc,phases      ] GC(807) Adjust Roots 5.910ms
[2295.985s][info][gc,phases,start] GC(807) Compaction Phase
[2296.000s][info][gc,phases      ] GC(807) Compaction Phase 14.548ms
[2296.000s][info][gc,phases,start] GC(807) Post Compact
[2296.003s][info][gc,phases      ] GC(807) Post Compact 3.277ms
[2296.003s][info][gc,heap        ] GC(807) PSYoungGen: 3595K(1385472K)->0K(1385472K) Eden: 0K(1373184K)->0K(1373184K) From: 3595K(12288K)->0K(12288K)
[2296.003s][info][gc,heap        ] GC(807) ParOldGen: 136312K(2796544K)->81557K(2796544K)
[2296.003s][info][gc,metaspace   ] GC(807) Metaspace: 80203K(81536K)->80203K(81536K) NonClass: 70544K(71168K)->70544K(71168K) Class: 9658K(10368K)->9658K(10368K)
[2296.003s][info][gc             ] GC(807) Pause Full (System.gc()) 136M->79M(4084M) 44.509ms
[2296.003s][info][gc,cpu         ] GC(807) User=0.02s Sys=0.00s Real=0.05s
[2299.223s][info][gc,start       ] GC(808) Pause Young (Allocation Failure)
[2299.225s][info][gc,heap        ] GC(808) PSYoungGen: 1373184K(1385472K)->5163K(1385472K) Eden: 1373184K(1373184K)->0K(1373184K) From: 0K(12288K)->5163K(12288K)
[2299.226s][info][gc,heap        ] GC(808) ParOldGen: 81557K(2796544K)->81557K(2796544K)
[2299.226s][info][gc,metaspace   ] GC(808) Metaspace: 80203K(81536K)->80203K(81536K) NonClass: 70544K(71168K)->70544K(71168K) Class: 9658K(10368K)->9658K(10368K)
[2299.226s][info][gc             ] GC(808) Pause Young (Allocation Failure) 1420M->84M(4084M) 2.549ms
[2299.226s][info][gc,cpu         ] GC(808) User=0.00s Sys=0.00s Real=0.00s
[2301.977s][info][gc,start       ] GC(809) Pause Young (Allocation Failure)
[2301.982s][info][gc,heap        ] GC(809) PSYoungGen: 1377455K(1385472K)->10955K(1383936K) Eden: 1372292K(1373184K)->0K(1372160K) From: 5163K(12288K)->10955K(11776K)
[2301.982s][info][gc,heap        ] GC(809) ParOldGen: 81557K(2796544K)->85546K(2796544K)
[2301.982s][info][gc,metaspace   ] GC(809) Metaspace: 80203K(81536K)->80203K(81536K) NonClass: 70544K(71168K)->70544K(71168K) Class: 9658K(10368K)->9658K(10368K)
[2301.982s][info][gc             ] GC(809) Pause Young (Allocation Failure) 1424M->94M(4082M) 4.790ms
[2301.982s][info][gc,cpu         ] GC(809) User=0.00s Sys=0.00s Real=0.00s
[2306.149s][info][gc,start       ] GC(810) Pause Young (Allocation Failure)
[2306.152s][info][gc,heap        ] GC(810) PSYoungGen: 1383115K(1383936K)->5637K(1384960K) Eden: 1372160K(1372160K)->0K(1372160K) From: 10955K(11776K)->5637K(12800K)
[2306.152s][info][gc,heap        ] GC(810) ParOldGen: 85546K(2796544K)->88193K(2796544K)
[2306.152s][info][gc,metaspace   ] GC(810) Metaspace: 80203K(81536K)->80203K(81536K) NonClass: 70544K(71168K)->70544K(71168K) Class: 9658K(10368K)->9658K(10368K)
[2306.152s][info][gc             ] GC(810) Pause Young (Allocation Failure) 1434M->91M(4083M) 2.875ms
[2306.152s][info][gc,cpu         ] GC(810) User=0.00s Sys=0.00s Real=0.00s
[2308.421s][info][gc,start       ] GC(811) Pause Young (Allocation Failure)
[2308.424s][info][gc,heap        ] GC(811) PSYoungGen: 1377797K(1384960K)->6344K(1385472K) Eden: 1372160K(1372160K)->0K(1372672K) From: 5637K(12800K)->6344K(12800K)
[2308.424s][info][gc,heap        ] GC(811) ParOldGen: 88193K(2796544K)->91348K(2796544K)
[2308.424s][info][gc,metaspace   ] GC(811) Metaspace: 80203K(81536K)->80203K(81536K) NonClass: 70544K(71168K)->70544K(71168K) Class: 9658K(10368K)->9658K(10368K)
[2308.424s][info][gc             ] GC(811) Pause Young (Allocation Failure) 1431M->95M(4084M) 3.442ms
[2308.424s][info][gc,cpu         ] GC(811) User=0.00s Sys=0.00s Real=0.00s
[2313.126s][info][gc,start       ] GC(812) Pause Young (Allocation Failure)
[2313.129s][info][gc,heap        ] GC(812) PSYoungGen: 1379016K(1385472K)->5328K(1384960K) Eden: 1372672K(1372672K)->0K(1372672K) From: 6344K(12800K)->5328K(12288K)
[2313.129s][info][gc,heap        ] GC(812) ParOldGen: 91348K(2796544K)->95553K(2796544K)
[2313.129s][info][gc,metaspace   ] GC(812) Metaspace: 80203K(81536K)->80203K(81536K) NonClass: 70544K(71168K)->70544K(71168K) Class: 9658K(10368K)->9658K(10368K)
[2313.129s][info][gc             ] GC(812) Pause Young (Allocation Failure) 1435M->98M(4083M) 3.532ms
[2313.129s][info][gc,cpu         ] GC(812) User=0.00s Sys=0.00s Real=0.00s
[2315.667s][info][gc,start       ] GC(813) Pause Young (Allocation Failure)
[2315.671s][info][gc,heap        ] GC(813) PSYoungGen: 1378000K(1384960K)->5728K(1386496K) Eden: 1372672K(1372672K)->0K(1374720K) From: 5328K(12288K)->5728K(11776K)
[2315.671s][info][gc,heap        ] GC(813) ParOldGen: 95553K(2796544K)->99677K(2796544K)
[2315.671s][info][gc,metaspace   ] GC(813) Metaspace: 80203K(81536K)->80203K(81536K) NonClass: 70544K(71168K)->70544K(71168K) Class: 9658K(10368K)->9658K(10368K)
[2315.671s][info][gc             ] GC(813) Pause Young (Allocation Failure) 1439M->102M(4085M) 3.688ms
[2315.671s][info][gc,cpu         ] GC(813) User=0.00s Sys=0.00s Real=0.00s
[2319.513s][info][gc,start       ] GC(814) Pause Young (Allocation Failure)
[2319.516s][info][gc,heap        ] GC(814) PSYoungGen: 1377450K(1386496K)->9967K(1384960K) Eden: 1371722K(1374720K)->0K(1374720K) From: 5728K(11776K)->9967K(10240K)
[2319.516s][info][gc,heap        ] GC(814) ParOldGen: 99677K(2796544K)->103202K(2796544K)
[2319.516s][info][gc,metaspace   ] GC(814) Metaspace: 80203K(81536K)->80203K(81536K) NonClass: 70544K(71168K)->70544K(71168K) Class: 9658K(10368K)->9658K(10368K)
[2319.516s][info][gc             ] GC(814) Pause Young (Allocation Failure) 1442M->110M(4083M) 3.449ms
[2319.516s][info][gc,cpu         ] GC(814) User=0.00s Sys=0.00s Real=0.00s
[2322.601s][info][gc,start       ] GC(815) Pause Young (Allocation Failure)
[2322.604s][info][gc,heap        ] GC(815) PSYoungGen: 1384687K(1384960K)->6990K(1385984K) Eden: 1374720K(1374720K)->0K(1373696K) From: 9967K(10240K)->6990K(12288K)
[2322.605s][info][gc,heap        ] GC(815) ParOldGen: 103202K(2796544K)->105630K(2796544K)
[2322.605s][info][gc,metaspace   ] GC(815) Metaspace: 80203K(81536K)->80203K(81536K) NonClass: 70544K(71168K)->70544K(71168K) Class: 9658K(10368K)->9658K(10368K)
[2322.605s][info][gc             ] GC(815) Pause Young (Allocation Failure) 1453M->109M(4084M) 3.088ms
[2322.605s][info][gc,cpu         ] GC(815) User=0.00s Sys=0.00s Real=0.00s
[2325.641s][info][gc,start       ] GC(816) Pause Young (Allocation Failure)
[2325.645s][info][gc,heap        ] GC(816) PSYoungGen: 1380686K(1385984K)->4847K(1385472K) Eden: 1373696K(1373696K)->0K(1373696K) From: 6990K(12288K)->4847K(11776K)
[2325.645s][info][gc,heap        ] GC(816) ParOldGen: 105630K(2796544K)->110785K(2796544K)
[2325.645s][info][gc,metaspace   ] GC(816) Metaspace: 80203K(81536K)->80203K(81536K) NonClass: 70544K(71168K)->70544K(71168K) Class: 9658K(10368K)->9658K(10368K)
[2325.645s][info][gc             ] GC(816) Pause Young (Allocation Failure) 1451M->112M(4084M) 3.258ms
[2325.645s][info][gc,cpu         ] GC(816) User=0.00s Sys=0.00s Real=0.00s
[2327.878s][info][gc,start       ] GC(817) Pause Young (Allocation Failure)
[2327.881s][info][gc,heap        ] GC(817) PSYoungGen: 1378543K(1385472K)->6455K(1386496K) Eden: 1373696K(1373696K)->0K(1374720K) From: 4847K(11776K)->6455K(11776K)
[2327.881s][info][gc,heap        ] GC(817) ParOldGen: 110785K(2796544K)->114759K(2796544K)
[2327.881s][info][gc,metaspace   ] GC(817) Metaspace: 80203K(81536K)->80203K(81536K) NonClass: 70544K(71168K)->70544K(71168K) Class: 9658K(10368K)->9658K(10368K)
[2327.881s][info][gc             ] GC(817) Pause Young (Allocation Failure) 1454M->118M(4085M) 3.151ms
[2327.881s][info][gc,cpu         ] GC(817) User=0.00s Sys=0.00s Real=0.00s
[2330.207s][info][gc,start       ] GC(818) Pause Young (Allocation Failure)
[2330.210s][info][gc,heap        ] GC(818) PSYoungGen: 1381175K(1386496K)->6035K(1385984K) Eden: 1374720K(1374720K)->0K(1374720K) From: 6455K(11776K)->6035K(11264K)
[2330.210s][info][gc,heap        ] GC(818) ParOldGen: 114759K(2796544K)->119762K(2796544K)
[2330.210s][info][gc,metaspace   ] GC(818) Metaspace: 80203K(81536K)->80203K(81536K) NonClass: 70544K(71168K)->70544K(71168K) Class: 9658K(10368K)->9658K(10368K)
[2330.210s][info][gc             ] GC(818) Pause Young (Allocation Failure) 1460M->122M(4084M) 3.548ms
[2330.210s][info][gc,cpu         ] GC(818) User=0.00s Sys=0.00s Real=0.00s
[2333.291s][info][gc,start       ] GC(819) Pause Young (System.gc())
[2333.293s][info][gc,heap        ] GC(819) PSYoungGen: 1299752K(1385984K)->3682K(1387008K) Eden: 1293717K(1374720K)->0K(1376256K) From: 6035K(11264K)->3682K(10752K)
[2333.293s][info][gc,heap        ] GC(819) ParOldGen: 119762K(2796544K)->124491K(2796544K)
[2333.293s][info][gc,metaspace   ] GC(819) Metaspace: 80203K(81536K)->80203K(81536K) NonClass: 70545K(71168K)->70545K(71168K) Class: 9658K(10368K)->9658K(10368K)
[2333.293s][info][gc             ] GC(819) Pause Young (System.gc()) 1386M->125M(4085M) 2.772ms
[2333.293s][info][gc,cpu         ] GC(819) User=0.00s Sys=0.00s Real=0.00s
[2333.293s][info][gc,start       ] GC(820) Pause Full (System.gc())
[2333.293s][info][gc,phases,start] GC(820) Marking Phase
[2333.313s][info][gc,phases      ] GC(820) Marking Phase 19.573ms
[2333.313s][info][gc,phases,start] GC(820) Summary Phase
[2333.313s][info][gc,phases      ] GC(820) Summary Phase 0.011ms
[2333.313s][info][gc,phases,start] GC(820) Adjust Roots
[2333.320s][info][gc,phases      ] GC(820) Adjust Roots 6.609ms
[2333.320s][info][gc,phases,start] GC(820) Compaction Phase
[2333.332s][info][gc,phases      ] GC(820) Compaction Phase 12.426ms
[2333.332s][info][gc,phases,start] GC(820) Post Compact
[2333.334s][info][gc,phases      ] GC(820) Post Compact 1.302ms
[2333.334s][info][gc,heap        ] GC(820) PSYoungGen: 3682K(1387008K)->0K(1387008K) Eden: 0K(1376256K)->0K(1376256K) From: 3682K(10752K)->0K(10752K)
[2333.334s][info][gc,heap        ] GC(820) ParOldGen: 124491K(2796544K)->81688K(2796544K)
[2333.334s][info][gc,metaspace   ] GC(820) Metaspace: 80203K(81536K)->80203K(81536K) NonClass: 70545K(71168K)->70545K(71168K) Class: 9658K(10368K)->9658K(10368K)
[2333.334s][info][gc             ] GC(820) Pause Full (System.gc()) 125M->79M(4085M) 40.238ms
[2333.334s][info][gc,cpu         ] GC(820) User=0.03s Sys=0.00s Real=0.03s
[2336.587s][info][gc,start       ] GC(821) Pause Young (Allocation Failure)
[2336.589s][info][gc,heap        ] GC(821) PSYoungGen: 1376256K(1387008K)->5155K(1387008K) Eden: 1376256K(1376256K)->0K(1376256K) From: 0K(10752K)->5155K(10752K)
[2336.589s][info][gc,heap        ] GC(821) ParOldGen: 81688K(2796544K)->81688K(2796544K)
[2336.589s][info][gc,metaspace   ] GC(821) Metaspace: 80203K(81536K)->80203K(81536K) NonClass: 70545K(71168K)->70545K(71168K) Class: 9658K(10368K)->9658K(10368K)
[2336.589s][info][gc             ] GC(821) Pause Young (Allocation Failure) 1423M->84M(4085M) 2.582ms
[2336.589s][info][gc,cpu         ] GC(821) User=0.00s Sys=0.00s Real=0.00s
[2339.330s][info][gc,start       ] GC(822) Pause Young (Allocation Failure)
[2339.334s][info][gc,heap        ] GC(822) PSYoungGen: 1377965K(1387008K)->10570K(1384960K) Eden: 1372809K(1376256K)->0K(1374208K) From: 5155K(10752K)->10570K(10752K)
[2339.334s][info][gc,heap        ] GC(822) ParOldGen: 81688K(2796544K)->85686K(2796544K)
[2339.334s][info][gc,metaspace   ] GC(822) Metaspace: 80203K(81536K)->80203K(81536K) NonClass: 70545K(71168K)->70545K(71168K) Class: 9658K(10368K)->9658K(10368K)
[2339.334s][info][gc             ] GC(822) Pause Young (Allocation Failure) 1425M->94M(4083M) 3.425ms
[2339.334s][info][gc,cpu         ] GC(822) User=0.00s Sys=0.00s Real=0.00s
[2343.557s][info][gc,start       ] GC(823) Pause Young (Allocation Failure)
[2343.560s][info][gc,heap        ] GC(823) PSYoungGen: 1384778K(1384960K)->6357K(1385984K) Eden: 1374208K(1374208K)->0K(1374208K) From: 10570K(10752K)->6357K(11776K)
[2343.560s][info][gc,heap        ] GC(823) ParOldGen: 85686K(2796544K)->88316K(2796544K)
[2343.560s][info][gc,metaspace   ] GC(823) Metaspace: 80203K(81536K)->80203K(81536K) NonClass: 70545K(71168K)->70545K(71168K) Class: 9658K(10368K)->9658K(10368K)
[2343.560s][info][gc             ] GC(823) Pause Young (Allocation Failure) 1436M->92M(4084M) 2.521ms
[2343.560s][info][gc,cpu         ] GC(823) User=0.00s Sys=0.00s Real=0.00s
[2345.835s][info][gc,start       ] GC(824) Pause Young (Allocation Failure)
[2345.838s][info][gc,heap        ] GC(824) PSYoungGen: 1380565K(1385984K)->6189K(1386496K) Eden: 1374208K(1374208K)->0K(1375232K) From: 6357K(11776K)->6189K(11264K)
[2345.838s][info][gc,heap        ] GC(824) ParOldGen: 88316K(2796544K)->91495K(2796544K)
[2345.838s][info][gc,metaspace   ] GC(824) Metaspace: 80203K(81536K)->80203K(81536K) NonClass: 70545K(71168K)->70545K(71168K) Class: 9658K(10368K)->9658K(10368K)
[2345.838s][info][gc             ] GC(824) Pause Young (Allocation Failure) 1434M->95M(4085M) 3.208ms
[2345.838s][info][gc,cpu         ] GC(824) User=0.02s Sys=0.00s Real=0.01s
[2350.513s][info][gc,start       ] GC(825) Pause Young (Allocation Failure)
[2350.516s][info][gc,heap        ] GC(825) PSYoungGen: 1381421K(1386496K)->5420K(1386496K) Eden: 1375232K(1375232K)->0K(1375232K) From: 6189K(11264K)->5420K(11264K)
[2350.516s][info][gc,heap        ] GC(825) ParOldGen: 91495K(2796544K)->95703K(2796544K)
[2350.516s][info][gc,metaspace   ] GC(825) Metaspace: 80203K(81536K)->80203K(81536K) NonClass: 70545K(71168K)->70545K(71168K) Class: 9658K(10368K)->9658K(10368K)
[2350.516s][info][gc             ] GC(825) Pause Young (Allocation Failure) 1438M->98M(4085M) 3.161ms
[2350.517s][info][gc,cpu         ] GC(825) User=0.00s Sys=0.00s Real=0.00s
[2353.165s][info][gc,start       ] GC(826) Pause Young (Allocation Failure)
[2353.169s][info][gc,heap        ] GC(826) PSYoungGen: 1380652K(1386496K)->5811K(1387520K) Eden: 1375232K(1375232K)->0K(1376768K) From: 5420K(11264K)->5811K(10752K)
[2353.169s][info][gc,heap        ] GC(826) ParOldGen: 95703K(2796544K)->99886K(2796544K)
[2353.169s][info][gc,metaspace   ] GC(826) Metaspace: 80203K(81536K)->80203K(81536K) NonClass: 70545K(71168K)->70545K(71168K) Class: 9658K(10368K)->9658K(10368K)
[2353.169s][info][gc             ] GC(826) Pause Young (Allocation Failure) 1441M->103M(4086M) 3.688ms
[2353.169s][info][gc,cpu         ] GC(826) User=0.00s Sys=0.00s Real=0.00s
[2357.021s][info][gc,start       ] GC(827) Pause Young (Allocation Failure)
[2357.024s][info][gc,heap        ] GC(827) PSYoungGen: 1382579K(1387520K)->6110K(1387008K) Eden: 1376768K(1376768K)->0K(1376768K) From: 5811K(10752K)->6110K(10240K)
[2357.024s][info][gc,heap        ] GC(827) ParOldGen: 99886K(2796544K)->103360K(2796544K)
[2357.024s][info][gc,metaspace   ] GC(827) Metaspace: 80203K(81536K)->80203K(81536K) NonClass: 70545K(71168K)->70545K(71168K) Class: 9658K(10368K)->9658K(10368K)
[2357.024s][info][gc             ] GC(827) Pause Young (Allocation Failure) 1447M->106M(4085M) 3.218ms
[2357.024s][info][gc,cpu         ] GC(827) User=0.00s Sys=0.00s Real=0.00s
[2360.046s][info][gc,start       ] GC(828) Pause Young (Allocation Failure)
[2360.049s][info][gc,heap        ] GC(828) PSYoungGen: 1382878K(1387008K)->7244K(1387520K) Eden: 1376768K(1376768K)->0K(1377280K) From: 6110K(10240K)->7244K(10240K)
[2360.049s][info][gc,heap        ] GC(828) ParOldGen: 103360K(2796544K)->105797K(2796544K)
[2360.049s][info][gc,metaspace   ] GC(828) Metaspace: 80203K(81536K)->80203K(81536K) NonClass: 70545K(71168K)->70545K(71168K) Class: 9658K(10368K)->9658K(10368K)
[2360.049s][info][gc             ] GC(828) Pause Young (Allocation Failure) 1451M->110M(4086M) 3.494ms
[2360.049s][info][gc,cpu         ] GC(828) User=0.02s Sys=0.00s Real=0.02s
[2363.093s][info][gc,start       ] GC(829) Pause Young (Allocation Failure)
[2363.096s][info][gc,heap        ] GC(829) PSYoungGen: 1384524K(1387520K)->5994K(1387520K) Eden: 1377280K(1377280K)->0K(1377280K) From: 7244K(10240K)->5994K(10240K)
[2363.096s][info][gc,heap        ] GC(829) ParOldGen: 105797K(2796544K)->111001K(2796544K)
[2363.096s][info][gc,metaspace   ] GC(829) Metaspace: 80203K(81536K)->80203K(81536K) NonClass: 70545K(71168K)->70545K(71168K) Class: 9658K(10368K)->9658K(10368K)
[2363.096s][info][gc             ] GC(829) Pause Young (Allocation Failure) 1455M->114M(4086M) 3.334ms
[2363.096s][info][gc,cpu         ] GC(829) User=0.00s Sys=0.00s Real=0.00s
[2365.337s][info][gc,start       ] GC(830) Pause Young (Allocation Failure)
[2365.341s][info][gc,heap        ] GC(830) PSYoungGen: 1383274K(1387520K)->7376K(1388032K) Eden: 1377280K(1377280K)->0K(1378304K) From: 5994K(10240K)->7376K(9728K)
[2365.341s][info][gc,heap        ] GC(830) ParOldGen: 111001K(2796544K)->115034K(2796544K)
[2365.341s][info][gc,metaspace   ] GC(830) Metaspace: 80203K(81536K)->80203K(81536K) NonClass: 70545K(71168K)->70545K(71168K) Class: 9658K(10368K)->9658K(10368K)
[2365.341s][info][gc             ] GC(830) Pause Young (Allocation Failure) 1459M->119M(4086M) 4.228ms
[2365.341s][info][gc,cpu         ] GC(830) User=0.00s Sys=0.00s Real=0.00s
[2367.630s][info][gc,start       ] GC(831) Pause Young (Allocation Failure)
[2367.633s][info][gc,heap        ] GC(831) PSYoungGen: 1385680K(1388032K)->6101K(1388032K) Eden: 1378304K(1378304K)->0K(1378304K) From: 7376K(9728K)->6101K(9728K)
[2367.633s][info][gc,heap        ] GC(831) ParOldGen: 115034K(2796544K)->120055K(2796544K)
[2367.633s][info][gc,metaspace   ] GC(831) Metaspace: 80203K(81536K)->80203K(81536K) NonClass: 70545K(71168K)->70545K(71168K) Class: 9658K(10368K)->9658K(10368K)
[2367.633s][info][gc             ] GC(831) Pause Young (Allocation Failure) 1465M->123M(4086M) 3.358ms
[2367.633s][info][gc,cpu         ] GC(831) User=0.00s Sys=0.00s Real=0.00s
[2370.719s][info][gc,start       ] GC(832) Pause Young (System.gc())
[2370.722s][info][gc,heap        ] GC(832) PSYoungGen: 1288550K(1388032K)->3679K(1388032K) Eden: 1282449K(1378304K)->0K(1378304K) From: 6101K(9728K)->3679K(9728K)
[2370.722s][info][gc,heap        ] GC(832) ParOldGen: 120055K(2796544K)->125169K(2796544K)
[2370.722s][info][gc,metaspace   ] GC(832) Metaspace: 80205K(81536K)->80205K(81536K) NonClass: 70546K(71168K)->70546K(71168K) Class: 9658K(10368K)->9658K(10368K)
[2370.722s][info][gc             ] GC(832) Pause Young (System.gc()) 1375M->125M(4086M) 2.914ms
[2370.722s][info][gc,cpu         ] GC(832) User=0.00s Sys=0.00s Real=0.00s
[2370.722s][info][gc,start       ] GC(833) Pause Full (System.gc())
[2370.722s][info][gc,phases,start] GC(833) Marking Phase
[2370.743s][info][gc,phases      ] GC(833) Marking Phase 20.967ms
[2370.743s][info][gc,phases,start] GC(833) Summary Phase
[2370.743s][info][gc,phases      ] GC(833) Summary Phase 0.010ms
[2370.743s][info][gc,phases,start] GC(833) Adjust Roots
[2370.749s][info][gc,phases      ] GC(833) Adjust Roots 5.902ms
[2370.749s][info][gc,phases,start] GC(833) Compaction Phase
[2370.761s][info][gc,phases      ] GC(833) Compaction Phase 11.804ms
[2370.761s][info][gc,phases,start] GC(833) Post Compact
[2370.762s][info][gc,phases      ] GC(833) Post Compact 1.199ms
[2370.763s][info][gc,heap        ] GC(833) PSYoungGen: 3679K(1388032K)->0K(1388032K) Eden: 0K(1378304K)->0K(1378304K) From: 3679K(9728K)->0K(9728K)
[2370.763s][info][gc,heap        ] GC(833) ParOldGen: 125169K(2796544K)->81964K(2796544K)
[2370.763s][info][gc,metaspace   ] GC(833) Metaspace: 80205K(81536K)->80205K(81536K) NonClass: 70546K(71168K)->70546K(71168K) Class: 9658K(10368K)->9658K(10368K)
[2370.763s][info][gc             ] GC(833) Pause Full (System.gc()) 125M->80M(4086M) 40.187ms
[2370.763s][info][gc,cpu         ] GC(833) User=0.03s Sys=0.00s Real=0.03s
[2374.009s][info][gc,start       ] GC(834) Pause Young (Allocation Failure)
[2374.011s][info][gc,heap        ] GC(834) PSYoungGen: 1378304K(1388032K)->5114K(1388032K) Eden: 1378304K(1378304K)->0K(1378304K) From: 0K(9728K)->5114K(9728K)
[2374.011s][info][gc,heap        ] GC(834) ParOldGen: 81964K(2796544K)->81964K(2796544K)
[2374.011s][info][gc,metaspace   ] GC(834) Metaspace: 80205K(81536K)->80205K(81536K) NonClass: 70546K(71168K)->70546K(71168K) Class: 9658K(10368K)->9658K(10368K)
[2374.011s][info][gc             ] GC(834) Pause Young (Allocation Failure) 1426M->85M(4086M) 2.231ms
[2374.011s][info][gc,cpu         ] GC(834) User=0.00s Sys=0.00s Real=0.00s
[2376.774s][info][gc,start       ] GC(835) Pause Young (Allocation Failure)
[2376.777s][info][gc,heap        ] GC(835) PSYoungGen: 1380817K(1388032K)->9697K(1381888K) Eden: 1375702K(1378304K)->0K(1372160K) From: 5114K(9728K)->9697K(9728K)
[2376.777s][info][gc,heap        ] GC(835) ParOldGen: 81964K(2796544K)->87150K(2796544K)
[2376.777s][info][gc,metaspace   ] GC(835) Metaspace: 80205K(81536K)->80205K(81536K) NonClass: 70546K(71168K)->70546K(71168K) Class: 9658K(10368K)->9658K(10368K)
[2376.777s][info][gc             ] GC(835) Pause Young (Allocation Failure) 1428M->94M(4080M) 3.393ms
[2376.777s][info][gc,cpu         ] GC(835) User=0.00s Sys=0.00s Real=0.00s
[2381.078s][info][gc,start       ] GC(836) Pause Young (Allocation Failure)
[2381.080s][info][gc,heap        ] GC(836) PSYoungGen: 1380848K(1381888K)->4297K(1384960K) Eden: 1371151K(1372160K)->0K(1372160K) From: 9697K(9728K)->4297K(12800K)
[2381.080s][info][gc,heap        ] GC(836) ParOldGen: 87150K(2796544K)->89858K(2796544K)
[2381.080s][info][gc,metaspace   ] GC(836) Metaspace: 80205K(81536K)->80205K(81536K) NonClass: 70546K(71168K)->70546K(71168K) Class: 9658K(10368K)->9658K(10368K)
[2381.080s][info][gc             ] GC(836) Pause Young (Allocation Failure) 1433M->91M(4083M) 2.400ms
[2381.080s][info][gc,cpu         ] GC(836) User=0.00s Sys=0.00s Real=0.00s
[2383.319s][info][gc,start       ] GC(837) Pause Young (Allocation Failure)
[2383.323s][info][gc,heap        ] GC(837) PSYoungGen: 1376457K(1384960K)->6624K(1385984K) Eden: 1372160K(1372160K)->0K(1373696K) From: 4297K(12800K)->6624K(12288K)
[2383.323s][info][gc,heap        ] GC(837) ParOldGen: 89858K(2796544K)->93040K(2796544K)
[2383.323s][info][gc,metaspace   ] GC(837) Metaspace: 80205K(81536K)->80205K(81536K) NonClass: 70547K(71168K)->70547K(71168K) Class: 9658K(10368K)->9658K(10368K)
[2383.323s][info][gc             ] GC(837) Pause Young (Allocation Failure) 1431M->97M(4084M) 3.345ms
[2383.323s][info][gc,cpu         ] GC(837) User=0.00s Sys=0.00s Real=0.00s
[2388.029s][info][gc,start       ] GC(838) Pause Young (Allocation Failure)
[2388.032s][info][gc,heap        ] GC(838) PSYoungGen: 1379359K(1385984K)->5374K(1385472K) Eden: 1372735K(1373696K)->0K(1373696K) From: 6624K(12288K)->5374K(11776K)
[2388.032s][info][gc,heap        ] GC(838) ParOldGen: 93040K(2796544K)->97673K(2796544K)
[2388.032s][info][gc,metaspace   ] GC(838) Metaspace: 80205K(81536K)->80205K(81536K) NonClass: 70547K(71168K)->70547K(71168K) Class: 9658K(10368K)->9658K(10368K)
[2388.032s][info][gc             ] GC(838) Pause Young (Allocation Failure) 1437M->100M(4084M) 3.106ms
[2388.032s][info][gc,cpu         ] GC(838) User=0.00s Sys=0.00s Real=0.00s
[2390.676s][info][gc,start       ] GC(839) Pause Young (Allocation Failure)
[2390.679s][info][gc,heap        ] GC(839) PSYoungGen: 1376324K(1385472K)->4838K(1386496K) Eden: 1370949K(1373696K)->0K(1374720K) From: 5374K(11776K)->4838K(11776K)
[2390.679s][info][gc,heap        ] GC(839) ParOldGen: 97673K(2796544K)->101900K(2796544K)
[2390.679s][info][gc,metaspace   ] GC(839) Metaspace: 80205K(81536K)->80205K(81536K) NonClass: 70547K(71168K)->70547K(71168K) Class: 9658K(10368K)->9658K(10368K)
[2390.679s][info][gc             ] GC(839) Pause Young (Allocation Failure) 1439M->104M(4085M) 2.710ms
[2390.679s][info][gc,cpu         ] GC(839) User=0.00s Sys=0.00s Real=0.00s
[2394.428s][info][gc,start       ] GC(840) Pause Young (Allocation Failure)
[2394.432s][info][gc,heap        ] GC(840) PSYoungGen: 1379558K(1386496K)->5219K(1385984K) Eden: 1374720K(1374720K)->0K(1374720K) From: 4838K(11776K)->5219K(11264K)
[2394.432s][info][gc,heap        ] GC(840) ParOldGen: 101900K(2796544K)->105385K(2796544K)
[2394.432s][info][gc,metaspace   ] GC(840) Metaspace: 80210K(81536K)->80210K(81536K) NonClass: 70552K(71168K)->70552K(71168K) Class: 9658K(10368K)->9658K(10368K)
[2394.432s][info][gc             ] GC(840) Pause Young (Allocation Failure) 1446M->108M(4084M) 3.339ms
[2394.432s][info][gc,cpu         ] GC(840) User=0.00s Sys=0.00s Real=0.00s
[2397.458s][info][gc,start       ] GC(841) Pause Young (Allocation Failure)
[2397.462s][info][gc,heap        ] GC(841) PSYoungGen: 1379939K(1385984K)->7897K(1386496K) Eden: 1374720K(1374720K)->0K(1375232K) From: 5219K(11264K)->7897K(11264K)
[2397.462s][info][gc,heap        ] GC(841) ParOldGen: 105385K(2796544K)->107794K(2796544K)
[2397.462s][info][gc,metaspace   ] GC(841) Metaspace: 80210K(81536K)->80210K(81536K) NonClass: 70552K(71168K)->70552K(71168K) Class: 9658K(10368K)->9658K(10368K)
[2397.462s][info][gc             ] GC(841) Pause Young (Allocation Failure) 1450M->112M(4085M) 3.690ms
[2397.462s][info][gc,cpu         ] GC(841) User=0.02s Sys=0.00s Real=0.02s
[2400.594s][info][gc,start       ] GC(842) Pause Young (Allocation Failure)
[2400.598s][info][gc,heap        ] GC(842) PSYoungGen: 1383129K(1386496K)->5896K(1386496K) Eden: 1375232K(1375232K)->0K(1375232K) From: 7897K(11264K)->5896K(11264K)
[2400.598s][info][gc,heap        ] GC(842) ParOldGen: 107794K(2796544K)->113128K(2796544K)
[2400.598s][info][gc,metaspace   ] GC(842) Metaspace: 80210K(81536K)->80210K(81536K) NonClass: 70552K(71168K)->70552K(71168K) Class: 9658K(10368K)->9658K(10368K)
[2400.598s][info][gc             ] GC(842) Pause Young (Allocation Failure) 1455M->116M(4085M) 3.614ms
[2400.598s][info][gc,cpu         ] GC(842) User=0.00s Sys=0.00s Real=0.00s
[2402.834s][info][gc,start       ] GC(843) Pause Young (Allocation Failure)
[2402.837s][info][gc,heap        ] GC(843) PSYoungGen: 1381128K(1386496K)->6392K(1387008K) Eden: 1375232K(1375232K)->0K(1376256K) From: 5896K(11264K)->6392K(10752K)
[2402.837s][info][gc,heap        ] GC(843) ParOldGen: 113128K(2796544K)->117207K(2796544K)
[2402.837s][info][gc,metaspace   ] GC(843) Metaspace: 80210K(81536K)->80210K(81536K) NonClass: 70552K(71168K)->70552K(71168K) Class: 9658K(10368K)->9658K(10368K)
[2402.837s][info][gc             ] GC(843) Pause Young (Allocation Failure) 1459M->120M(4085M) 3.231ms
[2402.837s][info][gc,cpu         ] GC(843) User=0.00s Sys=0.00s Real=0.00s
[2405.103s][info][gc,start       ] GC(844) Pause Young (Allocation Failure)
[2405.107s][info][gc,heap        ] GC(844) PSYoungGen: 1381868K(1387008K)->6192K(1387008K) Eden: 1375476K(1376256K)->0K(1376256K) From: 6392K(10752K)->6192K(10752K)
[2405.107s][info][gc,heap        ] GC(844) ParOldGen: 117207K(2796544K)->122289K(2796544K)
[2405.107s][info][gc,metaspace   ] GC(844) Metaspace: 80211K(81536K)->80211K(81536K) NonClass: 70552K(71168K)->70552K(71168K) Class: 9658K(10368K)->9658K(10368K)
[2405.107s][info][gc             ] GC(844) Pause Young (Allocation Failure) 1463M->125M(4085M) 3.666ms
[2405.107s][info][gc,cpu         ] GC(844) User=0.02s Sys=0.00s Real=0.02s
[2408.113s][info][gc,start       ] GC(845) Pause Young (System.gc())
[2408.116s][info][gc,heap        ] GC(845) PSYoungGen: 1263098K(1387008K)->3446K(1387520K) Eden: 1256906K(1376256K)->0K(1377280K) From: 6192K(10752K)->3446K(10240K)
[2408.116s][info][gc,heap        ] GC(845) ParOldGen: 122289K(2796544K)->127447K(2796544K)
[2408.116s][info][gc,metaspace   ] GC(845) Metaspace: 80214K(81536K)->80214K(81536K) NonClass: 70556K(71168K)->70556K(71168K) Class: 9658K(10368K)->9658K(10368K)
[2408.116s][info][gc             ] GC(845) Pause Young (System.gc()) 1352M->127M(4086M) 2.765ms
[2408.116s][info][gc,cpu         ] GC(845) User=0.00s Sys=0.00s Real=0.00s
[2408.116s][info][gc,start       ] GC(846) Pause Full (System.gc())
[2408.116s][info][gc,phases,start] GC(846) Marking Phase
[2408.139s][info][gc,phases      ] GC(846) Marking Phase 23.498ms
[2408.139s][info][gc,phases,start] GC(846) Summary Phase
[2408.139s][info][gc,phases      ] GC(846) Summary Phase 0.010ms
[2408.139s][info][gc,phases,start] GC(846) Adjust Roots
[2408.145s][info][gc,phases      ] GC(846) Adjust Roots 6.006ms
[2408.145s][info][gc,phases,start] GC(846) Compaction Phase
[2408.157s][info][gc,phases      ] GC(846) Compaction Phase 11.735ms
[2408.157s][info][gc,phases,start] GC(846) Post Compact
[2408.158s][info][gc,phases      ] GC(846) Post Compact 1.272ms
[2408.158s][info][gc,heap        ] GC(846) PSYoungGen: 3446K(1387520K)->0K(1387520K) Eden: 0K(1377280K)->0K(1377280K) From: 3446K(10240K)->0K(10240K)
[2408.159s][info][gc,heap        ] GC(846) ParOldGen: 127447K(2796544K)->81679K(2796544K)
[2408.159s][info][gc,metaspace   ] GC(846) Metaspace: 80214K(81536K)->80214K(81536K) NonClass: 70556K(71168K)->70556K(71168K) Class: 9658K(10368K)->9658K(10368K)
[2408.159s][info][gc             ] GC(846) Pause Full (System.gc()) 127M->79M(4086M) 42.824ms
[2408.159s][info][gc,cpu         ] GC(846) User=0.03s Sys=0.00s Real=0.05s
[2411.395s][info][gc,start       ] GC(847) Pause Young (Allocation Failure)
[2411.397s][info][gc,heap        ] GC(847) PSYoungGen: 1377198K(1387520K)->5184K(1387520K) Eden: 1377198K(1377280K)->0K(1377280K) From: 0K(10240K)->5184K(10240K)
[2411.397s][info][gc,heap        ] GC(847) ParOldGen: 81679K(2796544K)->81679K(2796544K)
[2411.397s][info][gc,metaspace   ] GC(847) Metaspace: 80214K(81536K)->80214K(81536K) NonClass: 70556K(71168K)->70556K(71168K) Class: 9658K(10368K)->9658K(10368K)
[2411.397s][info][gc             ] GC(847) Pause Young (Allocation Failure) 1424M->84M(4086M) 2.712ms
[2411.397s][info][gc,cpu         ] GC(847) User=0.02s Sys=0.00s Real=0.01s
[2414.177s][info][gc,start       ] GC(848) Pause Young (Allocation Failure)
[2414.181s][info][gc,heap        ] GC(848) PSYoungGen: 1381625K(1387520K)->10235K(1381376K) Eden: 1376440K(1377280K)->0K(1371136K) From: 5184K(10240K)->10235K(10240K)
[2414.181s][info][gc,heap        ] GC(848) ParOldGen: 81679K(2796544K)->86764K(2796544K)
[2414.181s][info][gc,metaspace   ] GC(848) Metaspace: 80217K(81536K)->80217K(81536K) NonClass: 70558K(71168K)->70558K(71168K) Class: 9658K(10368K)->9658K(10368K)
[2414.181s][info][gc             ] GC(848) Pause Young (Allocation Failure) 1429M->94M(4080M) 3.659ms
[2414.181s][info][gc,cpu         ] GC(848) User=0.00s Sys=0.00s Real=0.00s
[2418.492s][info][gc,start       ] GC(849) Pause Young (Allocation Failure)
[2418.495s][info][gc,heap        ] GC(849) PSYoungGen: 1381313K(1381376K)->4334K(1384448K) Eden: 1371077K(1371136K)->0K(1371136K) From: 10235K(10240K)->4334K(13312K)
[2418.495s][info][gc,heap        ] GC(849) ParOldGen: 86764K(2796544K)->91063K(2796544K)
[2418.495s][info][gc,metaspace   ] GC(849) Metaspace: 80217K(81536K)->80217K(81536K) NonClass: 70558K(71168K)->70558K(71168K) Class: 9658K(10368K)->9658K(10368K)
[2418.495s][info][gc             ] GC(849) Pause Young (Allocation Failure) 1433M->93M(4083M) 2.556ms
[2418.495s][info][gc,cpu         ] GC(849) User=0.00s Sys=0.00s Real=0.00s
[2420.661s][info][gc,start       ] GC(850) Pause Young (Allocation Failure)
[2420.664s][info][gc,heap        ] GC(850) PSYoungGen: 1371855K(1384448K)->6064K(1385472K) Eden: 1367521K(1371136K)->0K(1372672K) From: 4334K(13312K)->6064K(12800K)
[2420.664s][info][gc,heap        ] GC(850) ParOldGen: 91063K(2796544K)->94282K(2796544K)
[2420.664s][info][gc,metaspace   ] GC(850) Metaspace: 80217K(81536K)->80217K(81536K) NonClass: 70558K(71168K)->70558K(71168K) Class: 9658K(10368K)->9658K(10368K)
[2420.664s][info][gc             ] GC(850) Pause Young (Allocation Failure) 1428M->97M(4084M) 2.926ms
[2420.664s][info][gc,cpu         ] GC(850) User=0.00s Sys=0.00s Real=0.00s
[2425.474s][info][gc,start       ] GC(851) Pause Young (Allocation Failure)
[2425.477s][info][gc,heap        ] GC(851) PSYoungGen: 1378736K(1385472K)->5206K(1384960K) Eden: 1372672K(1372672K)->0K(1372672K) From: 6064K(12800K)->5206K(12288K)
[2425.477s][info][gc,heap        ] GC(851) ParOldGen: 94282K(2796544K)->98884K(2796544K)
[2425.477s][info][gc,metaspace   ] GC(851) Metaspace: 80217K(81536K)->80217K(81536K) NonClass: 70559K(71168K)->70559K(71168K) Class: 9658K(10368K)->9658K(10368K)
[2425.477s][info][gc             ] GC(851) Pause Young (Allocation Failure) 1438M->101M(4083M) 3.188ms
[2425.477s][info][gc,cpu         ] GC(851) User=0.00s Sys=0.00s Real=0.00s
[2428.036s][info][gc,start       ] GC(852) Pause Young (Allocation Failure)
[2428.039s][info][gc,heap        ] GC(852) PSYoungGen: 1377878K(1384960K)->5713K(1385984K) Eden: 1372672K(1372672K)->0K(1373696K) From: 5206K(12288K)->5713K(12288K)
[2428.039s][info][gc,heap        ] GC(852) ParOldGen: 98884K(2796544K)->102963K(2796544K)
[2428.039s][info][gc,metaspace   ] GC(852) Metaspace: 80217K(81536K)->80217K(81536K) NonClass: 70559K(71168K)->70559K(71168K) Class: 9658K(10368K)->9658K(10368K)
[2428.039s][info][gc             ] GC(852) Pause Young (Allocation Failure) 1442M->106M(4084M) 2.943ms
[2428.039s][info][gc,cpu         ] GC(852) User=0.00s Sys=0.00s Real=0.00s
[2431.875s][info][gc,start       ] GC(853) Pause Young (Allocation Failure)
[2431.878s][info][gc,heap        ] GC(853) PSYoungGen: 1377209K(1385984K)->5714K(1385472K) Eden: 1371495K(1373696K)->0K(1373696K) From: 5713K(12288K)->5714K(11776K)
[2431.878s][info][gc,heap        ] GC(853) ParOldGen: 102963K(2796544K)->106486K(2796544K)
[2431.878s][info][gc,metaspace   ] GC(853) Metaspace: 80217K(81536K)->80217K(81536K) NonClass: 70559K(71168K)->70559K(71168K) Class: 9658K(10368K)->9658K(10368K)
[2431.878s][info][gc             ] GC(853) Pause Young (Allocation Failure) 1445M->109M(4084M) 3.035ms
[2431.878s][info][gc,cpu         ] GC(853) User=0.00s Sys=0.00s Real=0.00s
[2434.867s][info][gc,start       ] GC(854) Pause Young (Allocation Failure)
[2434.871s][info][gc,heap        ] GC(854) PSYoungGen: 1379410K(1385472K)->7527K(1386496K) Eden: 1373696K(1373696K)->0K(1375232K) From: 5714K(11776K)->7527K(11264K)
[2434.871s][info][gc,heap        ] GC(854) ParOldGen: 106486K(2796544K)->108920K(2796544K)
[2434.871s][info][gc,metaspace   ] GC(854) Metaspace: 80217K(81536K)->80217K(81536K) NonClass: 70559K(71168K)->70559K(71168K) Class: 9658K(10368K)->9658K(10368K)
[2434.871s][info][gc             ] GC(854) Pause Young (Allocation Failure) 1451M->113M(4085M) 3.626ms
[2434.871s][info][gc,cpu         ] GC(854) User=0.00s Sys=0.00s Real=0.00s
[2437.945s][info][gc,start       ] GC(855) Pause Young (Allocation Failure)
[2437.949s][info][gc,heap        ] GC(855) PSYoungGen: 1382759K(1386496K)->4861K(1386496K) Eden: 1375232K(1375232K)->0K(1375232K) From: 7527K(11264K)->4861K(11264K)
[2437.949s][info][gc,heap        ] GC(855) ParOldGen: 108920K(2796544K)->114087K(2796544K)
[2437.949s][info][gc,metaspace   ] GC(855) Metaspace: 80217K(81536K)->80217K(81536K) NonClass: 70559K(71168K)->70559K(71168K) Class: 9658K(10368K)->9658K(10368K)
[2437.949s][info][gc             ] GC(855) Pause Young (Allocation Failure) 1456M->116M(4085M) 4.027ms
[2437.949s][info][gc,cpu         ] GC(855) User=0.02s Sys=0.00s Real=0.02s
[2440.205s][info][gc,start       ] GC(856) Pause Young (Allocation Failure)
[2440.208s][info][gc,heap        ] GC(856) PSYoungGen: 1380093K(1386496K)->6565K(1387008K) Eden: 1375232K(1375232K)->0K(1375744K) From: 4861K(11264K)->6565K(11264K)
[2440.208s][info][gc,heap        ] GC(856) ParOldGen: 114087K(2796544K)->118026K(2796544K)
[2440.208s][info][gc,metaspace   ] GC(856) Metaspace: 80217K(81536K)->80217K(81536K) NonClass: 70559K(71168K)->70559K(71168K) Class: 9658K(10368K)->9658K(10368K)
[2440.208s][info][gc             ] GC(856) Pause Young (Allocation Failure) 1459M->121M(4085M) 3.290ms
[2440.208s][info][gc,cpu         ] GC(856) User=0.02s Sys=0.00s Real=0.00s
[2442.527s][info][gc,start       ] GC(857) Pause Young (Allocation Failure)
[2442.531s][info][gc,heap        ] GC(857) PSYoungGen: 1382309K(1387008K)->6067K(1386496K) Eden: 1375744K(1375744K)->0K(1375744K) From: 6565K(11264K)->6067K(10752K)
[2442.531s][info][gc,heap        ] GC(857) ParOldGen: 118026K(2796544K)->123073K(2796544K)
[2442.531s][info][gc,metaspace   ] GC(857) Metaspace: 80217K(81536K)->80217K(81536K) NonClass: 70559K(71168K)->70559K(71168K) Class: 9658K(10368K)->9658K(10368K)
[2442.531s][info][gc             ] GC(857) Pause Young (Allocation Failure) 1465M->126M(4085M) 3.609ms
[2442.531s][info][gc,cpu         ] GC(857) User=0.00s Sys=0.00s Real=0.00s
[2445.661s][info][gc,start       ] GC(858) Pause Young (System.gc())
[2445.663s][info][gc,heap        ] GC(858) PSYoungGen: 1297522K(1386496K)->3567K(1387520K) Eden: 1291454K(1375744K)->0K(1377280K) From: 6067K(10752K)->3567K(10240K)
[2445.664s][info][gc,heap        ] GC(858) ParOldGen: 123073K(2796544K)->127811K(2796544K)
[2445.664s][info][gc,metaspace   ] GC(858) Metaspace: 80219K(81600K)->80219K(81600K) NonClass: 70561K(71232K)->70561K(71232K) Class: 9658K(10368K)->9658K(10368K)
[2445.664s][info][gc             ] GC(858) Pause Young (System.gc()) 1387M->128M(4086M) 2.832ms
[2445.664s][info][gc,cpu         ] GC(858) User=0.00s Sys=0.00s Real=0.00s
[2445.664s][info][gc,start       ] GC(859) Pause Full (System.gc())
[2445.664s][info][gc,phases,start] GC(859) Marking Phase
[2445.684s][info][gc,phases      ] GC(859) Marking Phase 20.336ms
[2445.684s][info][gc,phases,start] GC(859) Summary Phase
[2445.684s][info][gc,phases      ] GC(859) Summary Phase 0.010ms
[2445.684s][info][gc,phases,start] GC(859) Adjust Roots
[2445.690s][info][gc,phases      ] GC(859) Adjust Roots 6.172ms
[2445.690s][info][gc,phases,start] GC(859) Compaction Phase
[2445.703s][info][gc,phases      ] GC(859) Compaction Phase 12.672ms
[2445.703s][info][gc,phases,start] GC(859) Post Compact
[2445.704s][info][gc,phases      ] GC(859) Post Compact 1.195ms
[2445.704s][info][gc,heap        ] GC(859) PSYoungGen: 3567K(1387520K)->0K(1387520K) Eden: 0K(1377280K)->0K(1377280K) From: 3567K(10240K)->0K(10240K)
[2445.704s][info][gc,heap        ] GC(859) ParOldGen: 127811K(2796544K)->84007K(2796544K)
[2445.704s][info][gc,metaspace   ] GC(859) Metaspace: 80219K(81600K)->80219K(81600K) NonClass: 70561K(71232K)->70561K(71232K) Class: 9658K(10368K)->9658K(10368K)
[2445.704s][info][gc             ] GC(859) Pause Full (System.gc()) 128M->82M(4086M) 40.660ms
[2445.704s][info][gc,cpu         ] GC(859) User=0.02s Sys=0.00s Real=0.03s
[2448.980s][info][gc,start       ] GC(860) Pause Young (Allocation Failure)
[2448.982s][info][gc,heap        ] GC(860) PSYoungGen: 1377280K(1387520K)->5066K(1387520K) Eden: 1377280K(1377280K)->0K(1377280K) From: 0K(10240K)->5066K(10240K)
[2448.982s][info][gc,heap        ] GC(860) ParOldGen: 84007K(2796544K)->84007K(2796544K)
[2448.982s][info][gc,metaspace   ] GC(860) Metaspace: 80219K(81600K)->80219K(81600K) NonClass: 70561K(71232K)->70561K(71232K) Class: 9658K(10368K)->9658K(10368K)
[2448.982s][info][gc             ] GC(860) Pause Young (Allocation Failure) 1427M->86M(4086M) 2.604ms
[2448.982s][info][gc,cpu         ] GC(860) User=0.00s Sys=0.00s Real=0.00s
[2451.743s][info][gc,start       ] GC(861) Pause Young (Allocation Failure)
[2451.748s][info][gc,heap        ] GC(861) PSYoungGen: 1381806K(1387520K)->10239K(1375232K) Eden: 1376740K(1377280K)->0K(1364992K) From: 5066K(10240K)->10239K(10240K)
[2451.748s][info][gc,heap        ] GC(861) ParOldGen: 84007K(2796544K)->97107K(2796544K)
[2451.748s][info][gc,metaspace   ] GC(861) Metaspace: 80219K(81600K)->80219K(81600K) NonClass: 70561K(71232K)->70561K(71232K) Class: 9658K(10368K)->9658K(10368K)
[2451.748s][info][gc             ] GC(861) Pause Young (Allocation Failure) 1431M->104M(4074M) 4.299ms
[2451.748s][info][gc,cpu         ] GC(861) User=0.00s Sys=0.00s Real=0.00s
[2455.983s][info][gc,start       ] GC(862) Pause Young (Allocation Failure)
[2455.986s][info][gc,heap        ] GC(862) PSYoungGen: 1375231K(1375232K)->5160K(1381376K) Eden: 1364992K(1364992K)->0K(1364992K) From: 10239K(10240K)->5160K(16384K)
[2455.986s][info][gc,heap        ] GC(862) ParOldGen: 97107K(2796544K)->99753K(2796544K)
[2455.986s][info][gc,metaspace   ] GC(862) Metaspace: 80219K(81600K)->80219K(81600K) NonClass: 70561K(71232K)->70561K(71232K) Class: 9658K(10368K)->9658K(10368K)
[2455.986s][info][gc             ] GC(862) Pause Young (Allocation Failure) 1437M->102M(4080M) 2.901ms
[2455.986s][info][gc,cpu         ] GC(862) User=0.00s Sys=0.00s Real=0.00s
[2458.232s][info][gc,start       ] GC(863) Pause Young (Allocation Failure)
[2458.235s][info][gc,heap        ] GC(863) PSYoungGen: 1370152K(1381376K)->5863K(1382400K) Eden: 1364992K(1364992K)->0K(1366528K) From: 5160K(16384K)->5863K(15872K)
[2458.235s][info][gc,heap        ] GC(863) ParOldGen: 99753K(2796544K)->102914K(2796544K)
[2458.235s][info][gc,metaspace   ] GC(863) Metaspace: 80219K(81600K)->80219K(81600K) NonClass: 70561K(71232K)->70561K(71232K) Class: 9658K(10368K)->9658K(10368K)
[2458.235s][info][gc             ] GC(863) Pause Young (Allocation Failure) 1435M->106M(4081M) 2.958ms
[2458.235s][info][gc,cpu         ] GC(863) User=0.00s Sys=0.00s Real=0.01s
[2462.956s][info][gc,start       ] GC(864) Pause Young (Allocation Failure)
[2462.959s][info][gc,heap        ] GC(864) PSYoungGen: 1372391K(1382400K)->5767K(1381888K) Eden: 1366528K(1366528K)->0K(1366528K) From: 5863K(15872K)->5767K(15360K)
[2462.959s][info][gc,heap        ] GC(864) ParOldGen: 102914K(2796544K)->107114K(2796544K)
[2462.959s][info][gc,metaspace   ] GC(864) Metaspace: 80219K(81600K)->80219K(81600K) NonClass: 70561K(71232K)->70561K(71232K) Class: 9658K(10368K)->9658K(10368K)
[2462.959s][info][gc             ] GC(864) Pause Young (Allocation Failure) 1440M->110M(4080M) 3.170ms
[2462.960s][info][gc,cpu         ] GC(864) User=0.00s Sys=0.00s Real=0.00s
[2465.409s][info][gc,start       ] GC(865) Pause Young (Allocation Failure)
[2465.412s][info][gc,heap        ] GC(865) PSYoungGen: 1372295K(1381888K)->6414K(1383424K) Eden: 1366528K(1366528K)->0K(1368576K) From: 5767K(15360K)->6414K(14848K)
[2465.412s][info][gc,heap        ] GC(865) ParOldGen: 107114K(2796544K)->110570K(2796544K)
[2465.412s][info][gc,metaspace   ] GC(865) Metaspace: 80219K(81600K)->80219K(81600K) NonClass: 70561K(71232K)->70561K(71232K) Class: 9658K(10368K)->9658K(10368K)
[2465.412s][info][gc             ] GC(865) Pause Young (Allocation Failure) 1444M->114M(4082M) 3.156ms
[2465.412s][info][gc,cpu         ] GC(865) User=0.00s Sys=0.00s Real=0.00s
[2469.321s][info][gc,start       ] GC(866) Pause Young (Allocation Failure)
[2469.324s][info][gc,heap        ] GC(866) PSYoungGen: 1374990K(1383424K)->5311K(1382912K) Eden: 1368576K(1368576K)->0K(1368576K) From: 6414K(14848K)->5311K(14336K)
[2469.324s][info][gc,heap        ] GC(866) ParOldGen: 110570K(2796544K)->114757K(2796544K)
[2469.324s][info][gc,metaspace   ] GC(866) Metaspace: 80219K(81600K)->80219K(81600K) NonClass: 70561K(71232K)->70561K(71232K) Class: 9658K(10368K)->9658K(10368K)
[2469.324s][info][gc             ] GC(866) Pause Young (Allocation Failure) 1450M->117M(4081M) 3.298ms
[2469.324s][info][gc,cpu         ] GC(866) User=0.00s Sys=0.00s Real=0.00s
[2472.238s][info][gc,start       ] GC(867) Pause Young (Allocation Failure)
[2472.241s][info][gc,heap        ] GC(867) PSYoungGen: 1373887K(1382912K)->7300K(1384448K) Eden: 1368576K(1368576K)->0K(1370624K) From: 5311K(14336K)->7300K(13824K)
[2472.241s][info][gc,heap        ] GC(867) ParOldGen: 114757K(2796544K)->117018K(2796544K)
[2472.241s][info][gc,metaspace   ] GC(867) Metaspace: 80219K(81600K)->80219K(81600K) NonClass: 70561K(71232K)->70561K(71232K) Class: 9658K(10368K)->9658K(10368K)
[2472.241s][info][gc             ] GC(867) Pause Young (Allocation Failure) 1453M->121M(4083M) 3.179ms
[2472.241s][info][gc,cpu         ] GC(867) User=0.00s Sys=0.00s Real=0.00s
[2475.221s][info][gc,start       ] GC(868) Pause Young (Allocation Failure)
[2475.224s][info][gc,heap        ] GC(868) PSYoungGen: 1377924K(1384448K)->8372K(1383936K) Eden: 1370624K(1370624K)->0K(1370624K) From: 7300K(13824K)->8372K(13312K)
[2475.224s][info][gc,heap        ] GC(868) ParOldGen: 117018K(2796544K)->122382K(2796544K)
[2475.224s][info][gc,metaspace   ] GC(868) Metaspace: 80219K(81600K)->80219K(81600K) NonClass: 70561K(71232K)->70561K(71232K) Class: 9658K(10368K)->9658K(10368K)
[2475.224s][info][gc             ] GC(868) Pause Young (Allocation Failure) 1459M->127M(4082M) 3.412ms
[2475.224s][info][gc,cpu         ] GC(868) User=0.00s Sys=0.00s Real=0.00s
[2477.507s][info][gc,start       ] GC(869) Pause Young (Allocation Failure)
[2477.511s][info][gc,heap        ] GC(869) PSYoungGen: 1378996K(1383936K)->8172K(1384960K) Eden: 1370624K(1370624K)->0K(1371648K) From: 8372K(13312K)->8172K(13312K)
[2477.511s][info][gc,heap        ] GC(869) ParOldGen: 122382K(2796544K)->126324K(2796544K)
[2477.511s][info][gc,metaspace   ] GC(869) Metaspace: 80219K(81600K)->80219K(81600K) NonClass: 70561K(71232K)->70561K(71232K) Class: 9658K(10368K)->9658K(10368K)
[2477.511s][info][gc             ] GC(869) Pause Young (Allocation Failure) 1466M->131M(4083M) 3.702ms
[2477.511s][info][gc,cpu         ] GC(869) User=0.00s Sys=0.00s Real=0.00s
[2479.952s][info][gc,start       ] GC(870) Pause Young (Allocation Failure)
[2479.955s][info][gc,heap        ] GC(870) PSYoungGen: 1379820K(1384960K)->5854K(1384448K) Eden: 1371648K(1371648K)->0K(1371648K) From: 8172K(13312K)->5854K(12800K)
[2479.956s][info][gc,heap        ] GC(870) ParOldGen: 126324K(2796544K)->131351K(2796544K)
[2479.956s][info][gc,metaspace   ] GC(870) Metaspace: 80219K(81600K)->80219K(81600K) NonClass: 70561K(71232K)->70561K(71232K) Class: 9658K(10368K)->9658K(10368K)
[2479.956s][info][gc             ] GC(870) Pause Young (Allocation Failure) 1470M->133M(4083M) 3.495ms
[2479.956s][info][gc,cpu         ] GC(870) User=0.00s Sys=0.00s Real=0.00s
[2483.069s][info][gc,start       ] GC(871) Pause Young (System.gc())
[2483.071s][info][gc,heap        ] GC(871) PSYoungGen: 1347131K(1384448K)->3755K(1384960K) Eden: 1341277K(1371648K)->0K(1372160K) From: 5854K(12800K)->3755K(12800K)
[2483.071s][info][gc,heap        ] GC(871) ParOldGen: 131351K(2796544K)->136117K(2796544K)
[2483.071s][info][gc,metaspace   ] GC(871) Metaspace: 80219K(81600K)->80219K(81600K) NonClass: 70561K(71232K)->70561K(71232K) Class: 9658K(10368K)->9658K(10368K)
[2483.071s][info][gc             ] GC(871) Pause Young (System.gc()) 1443M->136M(4083M) 2.841ms
[2483.071s][info][gc,cpu         ] GC(871) User=0.00s Sys=0.00s Real=0.00s
[2483.071s][info][gc,start       ] GC(872) Pause Full (System.gc())
[2483.071s][info][gc,phases,start] GC(872) Marking Phase
[2483.091s][info][gc,phases      ] GC(872) Marking Phase 19.849ms
[2483.091s][info][gc,phases,start] GC(872) Summary Phase
[2483.091s][info][gc,phases      ] GC(872) Summary Phase 0.011ms
[2483.091s][info][gc,phases,start] GC(872) Adjust Roots
[2483.097s][info][gc,phases      ] GC(872) Adjust Roots 5.877ms
[2483.097s][info][gc,phases,start] GC(872) Compaction Phase
[2483.109s][info][gc,phases      ] GC(872) Compaction Phase 11.755ms
[2483.109s][info][gc,phases,start] GC(872) Post Compact
[2483.110s][info][gc,phases      ] GC(872) Post Compact 1.249ms
[2483.110s][info][gc,heap        ] GC(872) PSYoungGen: 3755K(1384960K)->0K(1384960K) Eden: 0K(1372160K)->0K(1372160K) From: 3755K(12800K)->0K(12800K)
[2483.110s][info][gc,heap        ] GC(872) ParOldGen: 136117K(2796544K)->81940K(2796544K)
[2483.110s][info][gc,metaspace   ] GC(872) Metaspace: 80219K(81600K)->80219K(81600K) NonClass: 70561K(71232K)->70561K(71232K) Class: 9658K(10368K)->9658K(10368K)
[2483.111s][info][gc             ] GC(872) Pause Full (System.gc()) 136M->80M(4083M) 39.041ms
[2483.111s][info][gc,cpu         ] GC(872) User=0.03s Sys=0.00s Real=0.05s
[2486.353s][info][gc,start       ] GC(873) Pause Young (Allocation Failure)
[2486.355s][info][gc,heap        ] GC(873) PSYoungGen: 1372160K(1384960K)->5097K(1384960K) Eden: 1372160K(1372160K)->0K(1372160K) From: 0K(12800K)->5097K(12800K)
[2486.355s][info][gc,heap        ] GC(873) ParOldGen: 81940K(2796544K)->81940K(2796544K)
[2486.355s][info][gc,metaspace   ] GC(873) Metaspace: 80219K(81600K)->80219K(81600K) NonClass: 70561K(71232K)->70561K(71232K) Class: 9658K(10368K)->9658K(10368K)
[2486.355s][info][gc             ] GC(873) Pause Young (Allocation Failure) 1420M->84M(4083M) 2.258ms
[2486.355s][info][gc,cpu         ] GC(873) User=0.00s Sys=0.00s Real=0.00s
[2489.102s][info][gc,start       ] GC(874) Pause Young (Allocation Failure)
[2489.107s][info][gc,heap        ] GC(874) PSYoungGen: 1376770K(1384960K)->12265K(1374208K) Eden: 1371672K(1372160K)->0K(1361920K) From: 5097K(12800K)->12265K(12288K)
[2489.107s][info][gc,heap        ] GC(874) ParOldGen: 81940K(2796544K)->93283K(2796544K)
[2489.107s][info][gc,metaspace   ] GC(874) Metaspace: 80219K(81600K)->80219K(81600K) NonClass: 70561K(71232K)->70561K(71232K) Class: 9658K(10368K)->9658K(10368K)
[2489.107s][info][gc             ] GC(874) Pause Young (Allocation Failure) 1424M->103M(4073M) 4.820ms
[2489.107s][info][gc,cpu         ] GC(874) User=0.00s Sys=0.00s Real=0.00s
[2493.358s][info][gc,start       ] GC(875) Pause Young (Allocation Failure)
[2493.361s][info][gc,heap        ] GC(875) PSYoungGen: 1374185K(1374208K)->5259K(1379840K) Eden: 1361920K(1361920K)->0K(1361920K) From: 12265K(12288K)->5259K(17920K)
[2493.361s][info][gc,heap        ] GC(875) ParOldGen: 93283K(2796544K)->97050K(2796544K)
[2493.361s][info][gc,metaspace   ] GC(875) Metaspace: 80219K(81600K)->80219K(81600K) NonClass: 70561K(71232K)->70561K(71232K) Class: 9658K(10368K)->9658K(10368K)
[2493.361s][info][gc             ] GC(875) Pause Young (Allocation Failure) 1433M->99M(4078M) 3.010ms
[2493.361s][info][gc,cpu         ] GC(875) User=0.00s Sys=0.00s Real=0.00s
[2495.625s][info][gc,start       ] GC(876) Pause Young (Allocation Failure)
[2495.629s][info][gc,heap        ] GC(876) PSYoungGen: 1367179K(1379840K)->6177K(1380864K) Eden: 1361920K(1361920K)->0K(1362944K) From: 5259K(17920K)->6177K(17920K)
[2495.629s][info][gc,heap        ] GC(876) ParOldGen: 97050K(2796544K)->100277K(2796544K)
[2495.629s][info][gc,metaspace   ] GC(876) Metaspace: 80219K(81600K)->80219K(81600K) NonClass: 70561K(71232K)->70561K(71232K) Class: 9658K(10368K)->9658K(10368K)
[2495.629s][info][gc             ] GC(876) Pause Young (Allocation Failure) 1429M->103M(4079M) 3.595ms
[2495.629s][info][gc,cpu         ] GC(876) User=0.00s Sys=0.00s Real=0.00s
[2500.350s][info][gc,start       ] GC(877) Pause Young (Allocation Failure)
[2500.353s][info][gc,heap        ] GC(877) PSYoungGen: 1369121K(1380864K)->5748K(1379840K) Eden: 1362944K(1362944K)->0K(1362944K) From: 6177K(17920K)->5748K(16896K)
[2500.353s][info][gc,heap        ] GC(877) ParOldGen: 100277K(2796544K)->104487K(2796544K)
[2500.353s][info][gc,metaspace   ] GC(877) Metaspace: 80219K(81600K)->80219K(81600K) NonClass: 70561K(71232K)->70561K(71232K) Class: 9658K(10368K)->9658K(10368K)
[2500.353s][info][gc             ] GC(877) Pause Young (Allocation Failure) 1434M->107M(4078M) 3.204ms
[2500.354s][info][gc,cpu         ] GC(877) User=0.00s Sys=0.00s Real=0.00s
[2502.808s][info][gc,start       ] GC(878) Pause Young (Allocation Failure)
[2502.810s][info][gc,heap        ] GC(878) PSYoungGen: 1368501K(1379840K)->5641K(1381888K) Eden: 1362753K(1362944K)->0K(1365504K) From: 5748K(16896K)->5641K(16384K)
[2502.810s][info][gc,heap        ] GC(878) ParOldGen: 104487K(2796544K)->107869K(2796544K)
[2502.811s][info][gc,metaspace   ] GC(878) Metaspace: 80219K(81600K)->80219K(81600K) NonClass: 70561K(71232K)->70561K(71232K) Class: 9658K(10368K)->9658K(10368K)
[2502.811s][info][gc             ] GC(878) Pause Young (Allocation Failure) 1438M->110M(4080M) 2.715ms
[2502.811s][info][gc,cpu         ] GC(878) User=0.00s Sys=0.00s Real=0.00s
[2506.672s][info][gc,start       ] GC(879) Pause Young (Allocation Failure)
[2506.675s][info][gc,heap        ] GC(879) PSYoungGen: 1371145K(1381888K)->5109K(1381376K) Eden: 1365504K(1365504K)->0K(1365504K) From: 5641K(16384K)->5109K(15872K)
[2506.675s][info][gc,heap        ] GC(879) ParOldGen: 107869K(2796544K)->112098K(2796544K)
[2506.675s][info][gc,metaspace   ] GC(879) Metaspace: 80219K(81600K)->80219K(81600K) NonClass: 70561K(71232K)->70561K(71232K) Class: 9658K(10368K)->9658K(10368K)
[2506.675s][info][gc             ] GC(879) Pause Young (Allocation Failure) 1444M->114M(4080M) 3.008ms
[2506.675s][info][gc,cpu         ] GC(879) User=0.00s Sys=0.00s Real=0.00s
[2509.674s][info][gc,start       ] GC(880) Pause Young (Allocation Failure)
[2509.677s][info][gc,heap        ] GC(880) PSYoungGen: 1370613K(1381376K)->7598K(1382912K) Eden: 1365504K(1365504K)->0K(1367552K) From: 5109K(15872K)->7598K(15360K)
[2509.677s][info][gc,heap        ] GC(880) ParOldGen: 112098K(2796544K)->114345K(2796544K)
[2509.677s][info][gc,metaspace   ] GC(880) Metaspace: 80219K(81600K)->80219K(81600K) NonClass: 70561K(71232K)->70561K(71232K) Class: 9658K(10368K)->9658K(10368K)
[2509.677s][info][gc             ] GC(880) Pause Young (Allocation Failure) 1447M->119M(4081M) 3.378ms
[2509.677s][info][gc,cpu         ] GC(880) User=0.00s Sys=0.00s Real=0.00s
[2512.620s][info][gc,start       ] GC(881) Pause Young (Allocation Failure)
[2512.623s][info][gc,heap        ] GC(881) PSYoungGen: 1374356K(1382912K)->5178K(1382400K) Eden: 1366758K(1367552K)->0K(1367552K) From: 7598K(15360K)->5178K(14848K)
[2512.623s][info][gc,heap        ] GC(881) ParOldGen: 114345K(2796544K)->119726K(2796544K)
[2512.623s][info][gc,metaspace   ] GC(881) Metaspace: 80219K(81600K)->80219K(81600K) NonClass: 70561K(71232K)->70561K(71232K) Class: 9658K(10368K)->9658K(10368K)
[2512.623s][info][gc             ] GC(881) Pause Young (Allocation Failure) 1453M->121M(4081M) 3.151ms
[2512.623s][info][gc,cpu         ] GC(881) User=0.00s Sys=0.00s Real=0.00s
[2514.808s][info][gc,start       ] GC(882) Pause Young (Allocation Failure)
[2514.812s][info][gc,heap        ] GC(882) PSYoungGen: 1372730K(1382400K)->6648K(1383936K) Eden: 1367552K(1367552K)->0K(1369600K) From: 5178K(14848K)->6648K(14336K)
[2514.812s][info][gc,heap        ] GC(882) ParOldGen: 119726K(2796544K)->123595K(2796544K)
[2514.812s][info][gc,metaspace   ] GC(882) Metaspace: 80219K(81600K)->80219K(81600K) NonClass: 70561K(71232K)->70561K(71232K) Class: 9658K(10368K)->9658K(10368K)
[2514.812s][info][gc             ] GC(882) Pause Young (Allocation Failure) 1457M->127M(4082M) 3.835ms
[2514.812s][info][gc,cpu         ] GC(882) User=0.00s Sys=0.00s Real=0.00s
[2517.330s][info][gc,start       ] GC(883) Pause Young (Allocation Failure)
[2517.334s][info][gc,heap        ] GC(883) PSYoungGen: 1376248K(1383936K)->6030K(1383424K) Eden: 1369600K(1369600K)->0K(1369600K) From: 6648K(14336K)->6030K(13824K)
[2517.334s][info][gc,heap        ] GC(883) ParOldGen: 123595K(2796544K)->128626K(2796544K)
[2517.334s][info][gc,metaspace   ] GC(883) Metaspace: 80219K(81600K)->80219K(81600K) NonClass: 70561K(71232K)->70561K(71232K) Class: 9658K(10368K)->9658K(10368K)
[2517.334s][info][gc             ] GC(883) Pause Young (Allocation Failure) 1464M->131M(4082M) 3.908ms
[2517.334s][info][gc,cpu         ] GC(883) User=0.00s Sys=0.00s Real=0.00s
[2520.456s][info][gc,start       ] GC(884) Pause Young (Allocation Failure)
[2520.459s][info][gc,heap        ] GC(884) PSYoungGen: 1375630K(1383424K)->5253K(1384960K) Eden: 1369600K(1369600K)->0K(1371648K) From: 6030K(13824K)->5253K(13312K)
[2520.459s][info][gc,heap        ] GC(884) ParOldGen: 128626K(2796544K)->133430K(2796544K)
[2520.459s][info][gc,metaspace   ] GC(884) Metaspace: 80219K(81600K)->80219K(81600K) NonClass: 70561K(71232K)->70561K(71232K) Class: 9658K(10368K)->9658K(10368K)
[2520.459s][info][gc             ] GC(884) Pause Young (Allocation Failure) 1469M->135M(4083M) 3.150ms
[2520.459s][info][gc,cpu         ] GC(884) User=0.00s Sys=0.00s Real=0.00s
[2520.461s][info][gc,start       ] GC(885) Pause Young (System.gc())
[2520.463s][info][gc,heap        ] GC(885) PSYoungGen: 19180K(1384960K)->192K(1384448K) Eden: 13927K(1371648K)->0K(1371648K) From: 5253K(13312K)->192K(12800K)
[2520.463s][info][gc,heap        ] GC(885) ParOldGen: 133430K(2796544K)->137188K(2796544K)
[2520.463s][info][gc,metaspace   ] GC(885) Metaspace: 80219K(81600K)->80219K(81600K) NonClass: 70561K(71232K)->70561K(71232K) Class: 9658K(10368K)->9658K(10368K)
[2520.463s][info][gc             ] GC(885) Pause Young (System.gc()) 149M->134M(4083M) 1.722ms
[2520.463s][info][gc,cpu         ] GC(885) User=0.00s Sys=0.00s Real=0.00s
[2520.463s][info][gc,start       ] GC(886) Pause Full (System.gc())
[2520.463s][info][gc,phases,start] GC(886) Marking Phase
[2520.489s][info][gc,phases      ] GC(886) Marking Phase 25.817ms
[2520.489s][info][gc,phases,start] GC(886) Summary Phase
[2520.489s][info][gc,phases      ] GC(886) Summary Phase 0.010ms
[2520.489s][info][gc,phases,start] GC(886) Adjust Roots
[2520.495s][info][gc,phases      ] GC(886) Adjust Roots 5.856ms
[2520.495s][info][gc,phases,start] GC(886) Compaction Phase
[2520.507s][info][gc,phases      ] GC(886) Compaction Phase 11.659ms
[2520.507s][info][gc,phases,start] GC(886) Post Compact
[2520.508s][info][gc,phases      ] GC(886) Post Compact 1.240ms
[2520.508s][info][gc,heap        ] GC(886) PSYoungGen: 192K(1384448K)->0K(1384448K) Eden: 0K(1371648K)->0K(1371648K) From: 192K(12800K)->0K(12800K)
[2520.508s][info][gc,heap        ] GC(886) ParOldGen: 137188K(2796544K)->84004K(2796544K)
[2520.508s][info][gc,metaspace   ] GC(886) Metaspace: 80219K(81600K)->80219K(81600K) NonClass: 70561K(71232K)->70561K(71232K) Class: 9658K(10368K)->9658K(10368K)
[2520.508s][info][gc             ] GC(886) Pause Full (System.gc()) 134M->82M(4083M) 44.934ms
[2520.508s][info][gc,cpu         ] GC(886) User=0.03s Sys=0.00s Real=0.05s
[2523.730s][info][gc,start       ] GC(887) Pause Young (Allocation Failure)
[2523.732s][info][gc,heap        ] GC(887) PSYoungGen: 1371648K(1384448K)->5152K(1384960K) Eden: 1371648K(1371648K)->0K(1371648K) From: 0K(12800K)->5152K(13312K)
[2523.732s][info][gc,heap        ] GC(887) ParOldGen: 84004K(2796544K)->84004K(2796544K)
[2523.732s][info][gc,metaspace   ] GC(887) Metaspace: 80219K(81600K)->80219K(81600K) NonClass: 70561K(71232K)->70561K(71232K) Class: 9658K(10368K)->9658K(10368K)
[2523.732s][info][gc             ] GC(887) Pause Young (Allocation Failure) 1421M->87M(4083M) 2.292ms
[2523.732s][info][gc,cpu         ] GC(887) User=0.00s Sys=0.00s Real=0.00s
[2526.505s][info][gc,start       ] GC(888) Pause Young (Allocation Failure)
[2526.508s][info][gc,heap        ] GC(888) PSYoungGen: 1376800K(1384960K)->6070K(1384448K) Eden: 1371648K(1371648K)->0K(1371648K) From: 5152K(13312K)->6070K(12800K)
[2526.508s][info][gc,heap        ] GC(888) ParOldGen: 84004K(2796544K)->88032K(2796544K)
[2526.508s][info][gc,metaspace   ] GC(888) Metaspace: 80219K(81600K)->80219K(81600K) NonClass: 70561K(71232K)->70561K(71232K) Class: 9658K(10368K)->9658K(10368K)
[2526.508s][info][gc             ] GC(888) Pause Young (Allocation Failure) 1426M->91M(4083M) 3.147ms
[2526.508s][info][gc,cpu         ] GC(888) User=0.00s Sys=0.00s Real=0.00s
[2530.705s][info][gc,start       ] GC(889) Pause Young (Allocation Failure)
[2530.707s][info][gc,heap        ] GC(889) PSYoungGen: 1377718K(1384448K)->4729K(1385984K) Eden: 1371648K(1371648K)->0K(1373696K) From: 6070K(12800K)->4729K(12288K)
[2530.707s][info][gc,heap        ] GC(889) ParOldGen: 88032K(2796544K)->90738K(2796544K)
[2530.707s][info][gc,metaspace   ] GC(889) Metaspace: 80219K(81600K)->80219K(81600K) NonClass: 70561K(71232K)->70561K(71232K) Class: 9658K(10368K)->9658K(10368K)
[2530.707s][info][gc             ] GC(889) Pause Young (Allocation Failure) 1431M->93M(4084M) 2.291ms
[2530.707s][info][gc,cpu         ] GC(889) User=0.02s Sys=0.00s Real=0.00s
[2532.991s][info][gc,start       ] GC(890) Pause Young (Allocation Failure)
[2532.994s][info][gc,heap        ] GC(890) PSYoungGen: 1378425K(1385984K)->6036K(1385472K) Eden: 1373696K(1373696K)->0K(1373696K) From: 4729K(12288K)->6036K(11776K)
[2532.994s][info][gc,heap        ] GC(890) ParOldGen: 90738K(2796544K)->93894K(2796544K)
[2532.994s][info][gc,metaspace   ] GC(890) Metaspace: 80220K(81600K)->80220K(81600K) NonClass: 70561K(71232K)->70561K(71232K) Class: 9658K(10368K)->9658K(10368K)
[2532.994s][info][gc             ] GC(890) Pause Young (Allocation Failure) 1434M->97M(4084M) 3.196ms
[2532.994s][info][gc,cpu         ] GC(890) User=0.03s Sys=0.02s Real=0.01s
[2537.704s][info][gc,start       ] GC(891) Pause Young (Allocation Failure)
[2537.708s][info][gc,heap        ] GC(891) PSYoungGen: 1379732K(1385472K)->5670K(1387008K) Eden: 1373696K(1373696K)->0K(1375744K) From: 6036K(11776K)->5670K(11264K)
[2537.708s][info][gc,heap        ] GC(891) ParOldGen: 93894K(2796544K)->98159K(2796544K)
[2537.708s][info][gc,metaspace   ] GC(891) Metaspace: 80220K(81600K)->80220K(81600K) NonClass: 70561K(71232K)->70561K(71232K) Class: 9658K(10368K)->9658K(10368K)
[2537.708s][info][gc             ] GC(891) Pause Young (Allocation Failure) 1439M->101M(4085M) 3.357ms
[2537.708s][info][gc,cpu         ] GC(891) User=0.03s Sys=0.00s Real=0.02s
[2540.281s][info][gc,start       ] GC(892) Pause Young (Allocation Failure)
[2540.284s][info][gc,heap        ] GC(892) PSYoungGen: 1381414K(1387008K)->5701K(1386496K) Eden: 1375744K(1375744K)->0K(1375744K) From: 5670K(11264K)->5701K(10752K)
[2540.284s][info][gc,heap        ] GC(892) ParOldGen: 98159K(2796544K)->102315K(2796544K)
[2540.284s][info][gc,metaspace   ] GC(892) Metaspace: 80220K(81600K)->80220K(81600K) NonClass: 70561K(71232K)->70561K(71232K) Class: 9658K(10368K)->9658K(10368K)
[2540.284s][info][gc             ] GC(892) Pause Young (Allocation Failure) 1444M->105M(4085M) 2.999ms
[2540.284s][info][gc,cpu         ] GC(892) User=0.00s Sys=0.00s Real=0.00s
[2544.076s][info][gc,start       ] GC(893) Pause Young (Allocation Failure)
[2544.080s][info][gc,heap        ] GC(893) PSYoungGen: 1380473K(1386496K)->5827K(1387520K) Eden: 1374771K(1375744K)->0K(1377280K) From: 5701K(10752K)->5827K(10240K)
[2544.080s][info][gc,heap        ] GC(893) ParOldGen: 102315K(2796544K)->105924K(2796544K)
[2544.080s][info][gc,metaspace   ] GC(893) Metaspace: 80220K(81600K)->80220K(81600K) NonClass: 70561K(71232K)->70561K(71232K) Class: 9658K(10368K)->9658K(10368K)
[2544.080s][info][gc             ] GC(893) Pause Young (Allocation Failure) 1448M->109M(4086M) 4.102ms
[2544.080s][info][gc,cpu         ] GC(893) User=0.00s Sys=0.00s Real=0.00s
[2547.080s][info][gc,start       ] GC(894) Pause Young (Allocation Failure)
[2547.083s][info][gc,heap        ] GC(894) PSYoungGen: 1383107K(1387520K)->7190K(1387520K) Eden: 1377280K(1377280K)->0K(1377280K) From: 5827K(10240K)->7190K(10240K)
[2547.083s][info][gc,heap        ] GC(894) ParOldGen: 105924K(2796544K)->108377K(2796544K)
[2547.083s][info][gc,metaspace   ] GC(894) Metaspace: 80220K(81600K)->80220K(81600K) NonClass: 70561K(71232K)->70561K(71232K) Class: 9658K(10368K)->9658K(10368K)
[2547.083s][info][gc             ] GC(894) Pause Young (Allocation Failure) 1454M->112M(4086M) 3.301ms
[2547.083s][info][gc,cpu         ] GC(894) User=0.02s Sys=0.00s Real=0.02s
[2550.130s][info][gc,start       ] GC(895) Pause Young (Allocation Failure)
[2550.134s][info][gc,heap        ] GC(895) PSYoungGen: 1384470K(1387520K)->5815K(1388032K) Eden: 1377280K(1377280K)->0K(1377792K) From: 7190K(10240K)->5815K(10240K)
[2550.134s][info][gc,heap        ] GC(895) ParOldGen: 108377K(2796544K)->113535K(2796544K)
[2550.134s][info][gc,metaspace   ] GC(895) Metaspace: 80220K(81600K)->80220K(81600K) NonClass: 70561K(71232K)->70561K(71232K) Class: 9658K(10368K)->9658K(10368K)
[2550.134s][info][gc             ] GC(895) Pause Young (Allocation Failure) 1457M->116M(4086M) 3.455ms
[2550.134s][info][gc,cpu         ] GC(895) User=0.00s Sys=0.00s Real=0.00s
[2552.416s][info][gc,start       ] GC(896) Pause Young (Allocation Failure)
[2552.419s][info][gc,heap        ] GC(896) PSYoungGen: 1383607K(1388032K)->7408K(1387520K) Eden: 1377792K(1377792K)->0K(1377792K) From: 5815K(10240K)->7408K(9728K)
[2552.419s][info][gc,heap        ] GC(896) ParOldGen: 113535K(2796544K)->117539K(2796544K)
[2552.419s][info][gc,metaspace   ] GC(896) Metaspace: 80220K(81600K)->80220K(81600K) NonClass: 70561K(71232K)->70561K(71232K) Class: 9658K(10368K)->9658K(10368K)
[2552.419s][info][gc             ] GC(896) Pause Young (Allocation Failure) 1462M->122M(4086M) 3.531ms
[2552.419s][info][gc,cpu         ] GC(896) User=0.00s Sys=0.00s Real=0.00s
[2554.704s][info][gc,start       ] GC(897) Pause Young (Allocation Failure)
[2554.707s][info][gc,heap        ] GC(897) PSYoungGen: 1385200K(1387520K)->6131K(1388032K) Eden: 1377792K(1377792K)->0K(1378304K) From: 7408K(9728K)->6131K(9728K)
[2554.707s][info][gc,heap        ] GC(897) ParOldGen: 117539K(2796544K)->122576K(2796544K)
[2554.707s][info][gc,metaspace   ] GC(897) Metaspace: 80220K(81600K)->80220K(81600K) NonClass: 70561K(71232K)->70561K(71232K) Class: 9658K(10368K)->9658K(10368K)
[2554.707s][info][gc             ] GC(897) Pause Young (Allocation Failure) 1467M->125M(4086M) 3.508ms
[2554.707s][info][gc,cpu         ] GC(897) User=0.00s Sys=0.00s Real=0.00s
[2557.785s][info][gc,start       ] GC(898) Pause Young (System.gc())
[2557.788s][info][gc,heap        ] GC(898) PSYoungGen: 1285387K(1388032K)->3772K(1388032K) Eden: 1279256K(1378304K)->0K(1378304K) From: 6131K(9728K)->3772K(9728K)
[2557.788s][info][gc,heap        ] GC(898) ParOldGen: 122576K(2796544K)->127644K(2796544K)
[2557.788s][info][gc,metaspace   ] GC(898) Metaspace: 80220K(81600K)->80220K(81600K) NonClass: 70561K(71232K)->70561K(71232K) Class: 9658K(10368K)->9658K(10368K)
[2557.788s][info][gc             ] GC(898) Pause Young (System.gc()) 1374M->128M(4086M) 2.886ms
[2557.788s][info][gc,cpu         ] GC(898) User=0.00s Sys=0.00s Real=0.00s
[2557.788s][info][gc,start       ] GC(899) Pause Full (System.gc())
[2557.788s][info][gc,phases,start] GC(899) Marking Phase
[2557.808s][info][gc,phases      ] GC(899) Marking Phase 19.902ms
[2557.808s][info][gc,phases,start] GC(899) Summary Phase
[2557.808s][info][gc,phases      ] GC(899) Summary Phase 0.011ms
[2557.808s][info][gc,phases,start] GC(899) Adjust Roots
[2557.814s][info][gc,phases      ] GC(899) Adjust Roots 6.127ms
[2557.814s][info][gc,phases,start] GC(899) Compaction Phase
[2557.826s][info][gc,phases      ] GC(899) Compaction Phase 11.787ms
[2557.826s][info][gc,phases,start] GC(899) Post Compact
[2557.827s][info][gc,phases      ] GC(899) Post Compact 1.200ms
[2557.827s][info][gc,heap        ] GC(899) PSYoungGen: 3772K(1388032K)->0K(1388032K) Eden: 0K(1378304K)->0K(1378304K) From: 3772K(9728K)->0K(9728K)
[2557.827s][info][gc,heap        ] GC(899) ParOldGen: 127644K(2796544K)->81888K(2796544K)
[2557.827s][info][gc,metaspace   ] GC(899) Metaspace: 80220K(81600K)->80220K(81600K) NonClass: 70561K(71232K)->70561K(71232K) Class: 9658K(10368K)->9658K(10368K)
[2557.827s][info][gc             ] GC(899) Pause Full (System.gc()) 128M->79M(4086M) 39.325ms
[2557.827s][info][gc,cpu         ] GC(899) User=0.03s Sys=0.00s Real=0.05s
[2561.108s][info][gc,start       ] GC(900) Pause Young (Allocation Failure)
[2561.110s][info][gc,heap        ] GC(900) PSYoungGen: 1378304K(1388032K)->5145K(1388544K) Eden: 1378304K(1378304K)->0K(1378816K) From: 0K(9728K)->5145K(9728K)
[2561.110s][info][gc,heap        ] GC(900) ParOldGen: 81888K(2796544K)->81888K(2796544K)
[2561.110s][info][gc,metaspace   ] GC(900) Metaspace: 80220K(81600K)->80220K(81600K) NonClass: 70561K(71232K)->70561K(71232K) Class: 9658K(10368K)->9658K(10368K)
[2561.110s][info][gc             ] GC(900) Pause Young (Allocation Failure) 1425M->84M(4087M) 2.153ms
[2561.110s][info][gc,cpu         ] GC(900) User=0.00s Sys=0.00s Real=0.00s
[2563.933s][info][gc,start       ] GC(901) Pause Young (Allocation Failure)
[2563.938s][info][gc,heap        ] GC(901) PSYoungGen: 1380900K(1388544K)->9209K(1388032K) Eden: 1375755K(1378816K)->0K(1378816K) From: 5145K(9728K)->9209K(9216K)
[2563.938s][info][gc,heap        ] GC(901) ParOldGen: 81888K(2796544K)->96055K(2796544K)
[2563.938s][info][gc,metaspace   ] GC(901) Metaspace: 80222K(81600K)->80222K(81600K) NonClass: 70563K(71232K)->70563K(71232K) Class: 9658K(10368K)->9658K(10368K)
[2563.938s][info][gc             ] GC(901) Pause Young (Allocation Failure) 1428M->102M(4086M) 5.377ms
[2563.938s][info][gc,cpu         ] GC(901) User=0.00s Sys=0.00s Real=0.00s
[2568.155s][info][gc,start       ] GC(902) Pause Young (Allocation Failure)
[2568.158s][info][gc,heap        ] GC(902) PSYoungGen: 1387518K(1388032K)->4703K(1376768K) Eden: 1378309K(1378816K)->0K(1367040K) From: 9209K(9216K)->4703K(9728K)
[2568.158s][info][gc,heap        ] GC(902) ParOldGen: 96055K(2796544K)->99894K(2796544K)
[2568.158s][info][gc,metaspace   ] GC(902) Metaspace: 80222K(81600K)->80222K(81600K) NonClass: 70563K(71232K)->70563K(71232K) Class: 9658K(10368K)->9658K(10368K)
[2568.158s][info][gc             ] GC(902) Pause Young (Allocation Failure) 1448M->102M(4075M) 2.715ms
[2568.158s][info][gc,cpu         ] GC(902) User=0.00s Sys=0.00s Real=0.00s
[2570.411s][info][gc,start       ] GC(903) Pause Young (Allocation Failure)
[2570.414s][info][gc,heap        ] GC(903) PSYoungGen: 1371743K(1376768K)->5944K(1382400K) Eden: 1367040K(1367040K)->0K(1367040K) From: 4703K(9728K)->5944K(15360K)
[2570.414s][info][gc,heap        ] GC(903) ParOldGen: 99894K(2796544K)->103108K(2796544K)
[2570.414s][info][gc,metaspace   ] GC(903) Metaspace: 80227K(81600K)->80227K(81600K) NonClass: 70568K(71232K)->70568K(71232K) Class: 9658K(10368K)->9658K(10368K)
[2570.414s][info][gc             ] GC(903) Pause Young (Allocation Failure) 1437M->106M(4081M) 3.150ms
[2570.414s][info][gc,cpu         ] GC(903) User=0.02s Sys=0.00s Real=0.02s
[2575.107s][info][gc,start       ] GC(904) Pause Young (Allocation Failure)
[2575.110s][info][gc,heap        ] GC(904) PSYoungGen: 1372984K(1382400K)->5581K(1383424K) Eden: 1367040K(1367040K)->0K(1368576K) From: 5944K(15360K)->5581K(14848K)
[2575.110s][info][gc,heap        ] GC(904) ParOldGen: 103108K(2796544K)->107312K(2796544K)
[2575.110s][info][gc,metaspace   ] GC(904) Metaspace: 80245K(81600K)->80245K(81600K) NonClass: 70586K(71232K)->70586K(71232K) Class: 9658K(10368K)->9658K(10368K)
[2575.110s][info][gc             ] GC(904) Pause Young (Allocation Failure) 1441M->110M(4082M) 3.227ms
[2575.110s][info][gc,cpu         ] GC(904) User=0.02s Sys=0.00s Real=0.02s
[2577.677s][info][gc,start       ] GC(905) Pause Young (Allocation Failure)
[2577.680s][info][gc,heap        ] GC(905) PSYoungGen: 1374157K(1383424K)->5671K(1382912K) Eden: 1368576K(1368576K)->0K(1368576K) From: 5581K(14848K)->5671K(14336K)
[2577.680s][info][gc,heap        ] GC(905) ParOldGen: 107312K(2796544K)->111441K(2796544K)
[2577.680s][info][gc,metaspace   ] GC(905) Metaspace: 80245K(81600K)->80245K(81600K) NonClass: 70586K(71232K)->70586K(71232K) Class: 9658K(10368K)->9658K(10368K)
[2577.680s][info][gc             ] GC(905) Pause Young (Allocation Failure) 1446M->114M(4081M) 2.971ms
[2577.680s][info][gc,cpu         ] GC(905) User=0.00s Sys=0.00s Real=0.00s
[2581.542s][info][gc,start       ] GC(906) Pause Young (Allocation Failure)
[2581.545s][info][gc,heap        ] GC(906) PSYoungGen: 1370290K(1382912K)->5393K(1384448K) Eden: 1364618K(1368576K)->0K(1370624K) From: 5671K(14336K)->5393K(13824K)
[2581.545s][info][gc,heap        ] GC(906) ParOldGen: 111441K(2796544K)->114997K(2796544K)
[2581.545s][info][gc,metaspace   ] GC(906) Metaspace: 80245K(81600K)->80245K(81600K) NonClass: 70586K(71232K)->70586K(71232K) Class: 9658K(10368K)->9658K(10368K)
[2581.545s][info][gc             ] GC(906) Pause Young (Allocation Failure) 1447M->117M(4083M) 3.037ms
[2581.545s][info][gc,cpu         ] GC(906) User=0.00s Sys=0.00s Real=0.00s
[2584.525s][info][gc,start       ] GC(907) Pause Young (Allocation Failure)
[2584.528s][info][gc,heap        ] GC(907) PSYoungGen: 1375894K(1384448K)->6346K(1383936K) Eden: 1370500K(1370624K)->0K(1370624K) From: 5393K(13824K)->6346K(13312K)
[2584.528s][info][gc,heap        ] GC(907) ParOldGen: 114997K(2796544K)->117433K(2796544K)
[2584.528s][info][gc,metaspace   ] GC(907) Metaspace: 80245K(81600K)->80245K(81600K) NonClass: 70586K(71232K)->70586K(71232K) Class: 9658K(10368K)->9658K(10368K)
[2584.528s][info][gc             ] GC(907) Pause Young (Allocation Failure) 1455M->120M(4082M) 2.897ms
[2584.528s][info][gc,cpu         ] GC(907) User=0.00s Sys=0.00s Real=0.00s
[2587.532s][info][gc,start       ] GC(908) Pause Young (Allocation Failure)
[2587.536s][info][gc,heap        ] GC(908) PSYoungGen: 1376970K(1383936K)->5873K(1385472K) Eden: 1370624K(1370624K)->0K(1372672K) From: 6346K(13312K)->5873K(12800K)
[2587.536s][info][gc,heap        ] GC(908) ParOldGen: 117433K(2796544K)->122641K(2796544K)
[2587.536s][info][gc,metaspace   ] GC(908) Metaspace: 80245K(81600K)->80245K(81600K) NonClass: 70586K(71232K)->70586K(71232K) Class: 9658K(10368K)->9658K(10368K)
[2587.536s][info][gc             ] GC(908) Pause Young (Allocation Failure) 1459M->125M(4084M) 3.580ms
[2587.536s][info][gc,cpu         ] GC(908) User=0.00s Sys=0.00s Real=0.00s
[2589.770s][info][gc,start       ] GC(909) Pause Young (Allocation Failure)
[2589.774s][info][gc,heap        ] GC(909) PSYoungGen: 1378545K(1385472K)->6437K(1384960K) Eden: 1372672K(1372672K)->0K(1372672K) From: 5873K(12800K)->6437K(12288K)
[2589.774s][info][gc,heap        ] GC(909) ParOldGen: 122641K(2796544K)->126637K(2796544K)
[2589.774s][info][gc,metaspace   ] GC(909) Metaspace: 80245K(81600K)->80245K(81600K) NonClass: 70586K(71232K)->70586K(71232K) Class: 9658K(10368K)->9658K(10368K)
[2589.774s][info][gc             ] GC(909) Pause Young (Allocation Failure) 1466M->129M(4083M) 3.222ms
[2589.774s][info][gc,cpu         ] GC(909) User=0.00s Sys=0.00s Real=0.00s
[2592.191s][info][gc,start       ] GC(910) Pause Young (Allocation Failure)
[2592.195s][info][gc,heap        ] GC(910) PSYoungGen: 1379109K(1384960K)->5959K(1386496K) Eden: 1372672K(1372672K)->0K(1374720K) From: 6437K(12288K)->5959K(11776K)
[2592.195s][info][gc,heap        ] GC(910) ParOldGen: 126637K(2796544K)->131704K(2796544K)
[2592.195s][info][gc,metaspace   ] GC(910) Metaspace: 80245K(81600K)->80245K(81600K) NonClass: 70586K(71232K)->70586K(71232K) Class: 9658K(10368K)->9658K(10368K)
[2592.195s][info][gc             ] GC(910) Pause Young (Allocation Failure) 1470M->134M(4085M) 3.593ms
[2592.195s][info][gc,cpu         ] GC(910) User=0.00s Sys=0.00s Real=0.00s
[2595.317s][info][gc,start       ] GC(911) Pause Young (System.gc())
[2595.320s][info][gc,heap        ] GC(911) PSYoungGen: 1320400K(1386496K)->3714K(1385984K) Eden: 1314441K(1374720K)->0K(1374720K) From: 5959K(11776K)->3714K(11264K)
[2595.320s][info][gc,heap        ] GC(911) ParOldGen: 131704K(2796544K)->136486K(2796544K)
[2595.320s][info][gc,metaspace   ] GC(911) Metaspace: 80245K(81600K)->80245K(81600K) NonClass: 70586K(71232K)->70586K(71232K) Class: 9658K(10368K)->9658K(10368K)
[2595.320s][info][gc             ] GC(911) Pause Young (System.gc()) 1418M->136M(4084M) 2.909ms
[2595.320s][info][gc,cpu         ] GC(911) User=0.00s Sys=0.00s Real=0.00s
[2595.320s][info][gc,start       ] GC(912) Pause Full (System.gc())
[2595.320s][info][gc,phases,start] GC(912) Marking Phase
[2595.343s][info][gc,phases      ] GC(912) Marking Phase 23.703ms
[2595.343s][info][gc,phases,start] GC(912) Summary Phase
[2595.343s][info][gc,phases      ] GC(912) Summary Phase 0.011ms
[2595.343s][info][gc,phases,start] GC(912) Adjust Roots
[2595.350s][info][gc,phases      ] GC(912) Adjust Roots 6.277ms
[2595.350s][info][gc,phases,start] GC(912) Compaction Phase
[2595.363s][info][gc,phases      ] GC(912) Compaction Phase 13.006ms
[2595.363s][info][gc,phases,start] GC(912) Post Compact
[2595.364s][info][gc,phases      ] GC(912) Post Compact 1.216ms
[2595.364s][info][gc,heap        ] GC(912) PSYoungGen: 3714K(1385984K)->0K(1385984K) Eden: 0K(1374720K)->0K(1374720K) From: 3714K(11264K)->0K(11264K)
[2595.364s][info][gc,heap        ] GC(912) ParOldGen: 136486K(2796544K)->84334K(2796544K)
[2595.364s][info][gc,metaspace   ] GC(912) Metaspace: 80245K(81600K)->80245K(81600K) NonClass: 70586K(71232K)->70586K(71232K) Class: 9658K(10368K)->9658K(10368K)
[2595.364s][info][gc             ] GC(912) Pause Full (System.gc()) 136M->82M(4084M) 44.518ms
[2595.364s][info][gc,cpu         ] GC(912) User=0.02s Sys=0.00s Real=0.04s
[2598.639s][info][gc,start       ] GC(913) Pause Young (Allocation Failure)
[2598.641s][info][gc,heap        ] GC(913) PSYoungGen: 1374720K(1385984K)->5315K(1386496K) Eden: 1374720K(1374720K)->0K(1375232K) From: 0K(11264K)->5315K(11264K)
[2598.641s][info][gc,heap        ] GC(913) ParOldGen: 84334K(2796544K)->84334K(2796544K)
[2598.641s][info][gc,metaspace   ] GC(913) Metaspace: 80245K(81600K)->80245K(81600K) NonClass: 70586K(71232K)->70586K(71232K) Class: 9658K(10368K)->9658K(10368K)
[2598.641s][info][gc             ] GC(913) Pause Young (Allocation Failure) 1424M->87M(4085M) 2.465ms
[2598.641s][info][gc,cpu         ] GC(913) User=0.00s Sys=0.00s Real=0.00s
[2601.442s][info][gc,start       ] GC(914) Pause Young (Allocation Failure)
[2601.445s][info][gc,heap        ] GC(914) PSYoungGen: 1376969K(1386496K)->11080K(1386496K) Eden: 1371653K(1375232K)->0K(1375232K) From: 5315K(11264K)->11080K(11264K)
[2601.445s][info][gc,heap        ] GC(914) ParOldGen: 84334K(2796544K)->92505K(2796544K)
[2601.445s][info][gc,metaspace   ] GC(914) Metaspace: 80245K(81600K)->80245K(81600K) NonClass: 70586K(71232K)->70586K(71232K) Class: 9658K(10368K)->9658K(10368K)
[2601.445s][info][gc             ] GC(914) Pause Young (Allocation Failure) 1427M->101M(4085M) 3.807ms
[2601.445s][info][gc,cpu         ] GC(914) User=0.00s Sys=0.00s Real=0.00s
[2605.589s][info][gc,start       ] GC(915) Pause Young (Allocation Failure)
[2605.592s][info][gc,heap        ] GC(915) PSYoungGen: 1386312K(1386496K)->5125K(1384448K) Eden: 1375232K(1375232K)->0K(1373184K) From: 11080K(11264K)->5125K(11264K)
[2605.592s][info][gc,heap        ] GC(915) ParOldGen: 92505K(2796544K)->95150K(2796544K)
[2605.592s][info][gc,metaspace   ] GC(915) Metaspace: 80245K(81600K)->80245K(81600K) NonClass: 70586K(71232K)->70586K(71232K) Class: 9658K(10368K)->9658K(10368K)
[2605.592s][info][gc             ] GC(915) Pause Young (Allocation Failure) 1444M->97M(4083M) 2.627ms
[2605.592s][info][gc,cpu         ] GC(915) User=0.00s Sys=0.00s Real=0.00s
[2607.848s][info][gc,start       ] GC(916) Pause Young (Allocation Failure)
[2607.851s][info][gc,heap        ] GC(916) PSYoungGen: 1378223K(1384448K)->6165K(1385472K) Eden: 1373097K(1373184K)->0K(1373184K) From: 5125K(11264K)->6165K(12288K)
[2607.851s][info][gc,heap        ] GC(916) ParOldGen: 95150K(2796544K)->98323K(2796544K)
[2607.851s][info][gc,metaspace   ] GC(916) Metaspace: 80245K(81600K)->80245K(81600K) NonClass: 70586K(71232K)->70586K(71232K) Class: 9658K(10368K)->9658K(10368K)
[2607.851s][info][gc             ] GC(916) Pause Young (Allocation Failure) 1438M->102M(4084M) 3.286ms
[2607.851s][info][gc,cpu         ] GC(916) User=0.02s Sys=0.00s Real=0.01s
[2612.602s][info][gc,start       ] GC(917) Pause Young (Allocation Failure)
[2612.605s][info][gc,heap        ] GC(917) PSYoungGen: 1379349K(1385472K)->7917K(1385984K) Eden: 1373184K(1373184K)->0K(1374208K) From: 6165K(12288K)->7917K(11776K)
[2612.605s][info][gc,heap        ] GC(917) ParOldGen: 98323K(2796544K)->102521K(2796544K)
[2612.605s][info][gc,metaspace   ] GC(917) Metaspace: 80245K(81600K)->80245K(81600K) NonClass: 70586K(71232K)->70586K(71232K) Class: 9658K(10368K)->9658K(10368K)
[2612.605s][info][gc             ] GC(917) Pause Young (Allocation Failure) 1443M->107M(4084M) 3.454ms
[2612.605s][info][gc,cpu         ] GC(917) User=0.00s Sys=0.00s Real=0.00s
[2615.121s][info][gc,start       ] GC(918) Pause Young (Allocation Failure)
[2615.125s][info][gc,heap        ] GC(918) PSYoungGen: 1382125K(1385984K)->5811K(1385984K) Eden: 1374208K(1374208K)->0K(1374208K) From: 7917K(11776K)->5811K(11776K)
[2615.125s][info][gc,heap        ] GC(918) ParOldGen: 102521K(2796544K)->106653K(2796544K)
[2615.125s][info][gc,metaspace   ] GC(918) Metaspace: 80245K(81600K)->80245K(81600K) NonClass: 70586K(71232K)->70586K(71232K) Class: 9658K(10368K)->9658K(10368K)
[2615.125s][info][gc             ] GC(918) Pause Young (Allocation Failure) 1449M->109M(4084M) 4.157ms
[2615.125s][info][gc,cpu         ] GC(918) User=0.00s Sys=0.00s Real=0.00s
[2618.931s][info][gc,start       ] GC(919) Pause Young (Allocation Failure)
[2618.934s][info][gc,heap        ] GC(919) PSYoungGen: 1377481K(1385984K)->9949K(1384448K) Eden: 1371670K(1374208K)->0K(1373184K) From: 5811K(11776K)->9949K(11264K)
[2618.934s][info][gc,heap        ] GC(919) ParOldGen: 106653K(2796544K)->110271K(2796544K)
[2618.934s][info][gc,metaspace   ] GC(919) Metaspace: 80245K(81600K)->80245K(81600K) NonClass: 70586K(71232K)->70586K(71232K) Class: 9658K(10368K)->9658K(10368K)
[2618.934s][info][gc             ] GC(919) Pause Young (Allocation Failure) 1449M->117M(4083M) 3.358ms
[2618.934s][info][gc,cpu         ] GC(919) User=0.00s Sys=0.00s Real=0.00s
[2621.964s][info][gc,start       ] GC(920) Pause Young (Allocation Failure)
[2621.967s][info][gc,heap        ] GC(920) PSYoungGen: 1383133K(1384448K)->7522K(1385472K) Eden: 1373184K(1373184K)->0K(1373184K) From: 9949K(11264K)->7522K(12288K)
[2621.967s][info][gc,heap        ] GC(920) ParOldGen: 110271K(2796544K)->112699K(2796544K)
[2621.967s][info][gc,metaspace   ] GC(920) Metaspace: 80245K(81600K)->80245K(81600K) NonClass: 70586K(71232K)->70586K(71232K) Class: 9658K(10368K)->9658K(10368K)
[2621.967s][info][gc             ] GC(920) Pause Young (Allocation Failure) 1458M->117M(4084M) 3.629ms
[2621.967s][info][gc,cpu         ] GC(920) User=0.00s Sys=0.00s Real=0.00s
[2625.039s][info][gc,start       ] GC(921) Pause Young (Allocation Failure)
[2625.044s][info][gc,heap        ] GC(921) PSYoungGen: 1380185K(1385472K)->5193K(1385984K) Eden: 1372663K(1373184K)->0K(1374208K) From: 7522K(12288K)->5193K(11776K)
[2625.044s][info][gc,heap        ] GC(921) ParOldGen: 112699K(2796544K)->117856K(2796544K)
[2625.044s][info][gc,metaspace   ] GC(921) Metaspace: 80245K(81600K)->80245K(81600K) NonClass: 70586K(71232K)->70586K(71232K) Class: 9658K(10368K)->9658K(10368K)
[2625.044s][info][gc             ] GC(921) Pause Young (Allocation Failure) 1457M->120M(4084M) 4.279ms
[2625.044s][info][gc,cpu         ] GC(921) User=0.02s Sys=0.00s Real=0.02s
[2627.299s][info][gc,start       ] GC(922) Pause Young (Allocation Failure)
[2627.302s][info][gc,heap        ] GC(922) PSYoungGen: 1377431K(1385984K)->5987K(1385984K) Eden: 1372237K(1374208K)->0K(1374208K) From: 5193K(11776K)->5987K(11776K)
[2627.302s][info][gc,heap        ] GC(922) ParOldGen: 117856K(2796544K)->121843K(2796544K)
[2627.302s][info][gc,metaspace   ] GC(922) Metaspace: 80245K(81600K)->80245K(81600K) NonClass: 70586K(71232K)->70586K(71232K) Class: 9658K(10368K)->9658K(10368K)
[2627.302s][info][gc             ] GC(922) Pause Young (Allocation Failure) 1460M->124M(4084M) 2.994ms
[2627.302s][info][gc,cpu         ] GC(922) User=0.00s Sys=0.00s Real=0.00s
[2629.645s][info][gc,start       ] GC(923) Pause Young (Allocation Failure)
[2629.648s][info][gc,heap        ] GC(923) PSYoungGen: 1380195K(1385984K)->6152K(1386496K) Eden: 1374208K(1374208K)->0K(1375232K) From: 5987K(11776K)->6152K(11264K)
[2629.648s][info][gc,heap        ] GC(923) ParOldGen: 121843K(2796544K)->126893K(2796544K)
[2629.648s][info][gc,metaspace   ] GC(923) Metaspace: 80245K(81600K)->80245K(81600K) NonClass: 70586K(71232K)->70586K(71232K) Class: 9658K(10368K)->9658K(10368K)
[2629.648s][info][gc             ] GC(923) Pause Young (Allocation Failure) 1466M->129M(4085M) 3.524ms
[2629.649s][info][gc,cpu         ] GC(923) User=0.00s Sys=0.00s Real=0.00s
[2632.848s][info][gc,start       ] GC(924) Pause Young (System.gc())
[2632.850s][info][gc,heap        ] GC(924) PSYoungGen: 1303972K(1386496K)->3655K(1386496K) Eden: 1297819K(1375232K)->0K(1375232K) From: 6152K(11264K)->3655K(11264K)
[2632.850s][info][gc,heap        ] GC(924) ParOldGen: 126893K(2796544K)->131612K(2796544K)
[2632.850s][info][gc,metaspace   ] GC(924) Metaspace: 80245K(81600K)->80245K(81600K) NonClass: 70586K(71232K)->70586K(71232K) Class: 9658K(10368K)->9658K(10368K)
[2632.850s][info][gc             ] GC(924) Pause Young (System.gc()) 1397M->132M(4085M) 2.840ms
[2632.850s][info][gc,cpu         ] GC(924) User=0.00s Sys=0.00s Real=0.00s
[2632.851s][info][gc,start       ] GC(925) Pause Full (System.gc())
[2632.851s][info][gc,phases,start] GC(925) Marking Phase
[2632.870s][info][gc,phases      ] GC(925) Marking Phase 19.823ms
[2632.870s][info][gc,phases,start] GC(925) Summary Phase
[2632.870s][info][gc,phases      ] GC(925) Summary Phase 0.011ms
[2632.870s][info][gc,phases,start] GC(925) Adjust Roots
[2632.876s][info][gc,phases      ] GC(925) Adjust Roots 5.695ms
[2632.876s][info][gc,phases,start] GC(925) Compaction Phase
[2632.887s][info][gc,phases      ] GC(925) Compaction Phase 10.568ms
[2632.887s][info][gc,phases,start] GC(925) Post Compact
[2632.888s][info][gc,phases      ] GC(925) Post Compact 1.306ms
[2632.888s][info][gc,heap        ] GC(925) PSYoungGen: 3655K(1386496K)->0K(1386496K) Eden: 0K(1375232K)->0K(1375232K) From: 3655K(11264K)->0K(11264K)
[2632.888s][info][gc,heap        ] GC(925) ParOldGen: 131612K(2796544K)->81633K(2796544K)
[2632.888s][info][gc,metaspace   ] GC(925) Metaspace: 80245K(81600K)->80245K(81600K) NonClass: 70586K(71232K)->70586K(71232K) Class: 9658K(10368K)->9658K(10368K)
[2632.888s][info][gc             ] GC(925) Pause Full (System.gc()) 132M->79M(4085M) 37.715ms
[2632.888s][info][gc,cpu         ] GC(925) User=0.03s Sys=0.00s Real=0.05s
[2636.089s][info][gc,start       ] GC(926) Pause Young (Allocation Failure)
[2636.092s][info][gc,heap        ] GC(926) PSYoungGen: 1375232K(1386496K)->5134K(1387008K) Eden: 1375232K(1375232K)->0K(1375744K) From: 0K(11264K)->5134K(11264K)
[2636.092s][info][gc,heap        ] GC(926) ParOldGen: 81633K(2796544K)->81633K(2796544K)
[2636.092s][info][gc,metaspace   ] GC(926) Metaspace: 80245K(81600K)->80245K(81600K) NonClass: 70586K(71232K)->70586K(71232K) Class: 9658K(10368K)->9658K(10368K)
[2636.092s][info][gc             ] GC(926) Pause Young (Allocation Failure) 1422M->84M(4085M) 2.490ms
[2636.092s][info][gc,cpu         ] GC(926) User=0.02s Sys=0.00s Real=0.01s
[2638.832s][info][gc,start       ] GC(927) Pause Young (Allocation Failure)
[2638.836s][info][gc,heap        ] GC(927) PSYoungGen: 1377682K(1387008K)->10740K(1386496K) Eden: 1372548K(1375744K)->0K(1375744K) From: 5134K(11264K)->10740K(10752K)
[2638.836s][info][gc,heap        ] GC(927) ParOldGen: 81633K(2796544K)->98578K(2796544K)
[2638.836s][info][gc,metaspace   ] GC(927) Metaspace: 80245K(81600K)->80245K(81600K) NonClass: 70586K(71232K)->70586K(71232K) Class: 9658K(10368K)->9658K(10368K)
[2638.836s][info][gc             ] GC(927) Pause Young (Allocation Failure) 1425M->106M(4085M) 4.683ms
[2638.836s][info][gc,cpu         ] GC(927) User=0.00s Sys=0.00s Real=0.00s
[2643.051s][info][gc,start       ] GC(928) Pause Young (Allocation Failure)
[2643.054s][info][gc,heap        ] GC(928) PSYoungGen: 1386484K(1386496K)->5878K(1373184K) Eden: 1375744K(1375744K)->0K(1361920K) From: 10740K(10752K)->5878K(11264K)
[2643.054s][info][gc,heap        ] GC(928) ParOldGen: 98578K(2796544K)->101374K(2796544K)
[2643.054s][info][gc,metaspace   ] GC(928) Metaspace: 80245K(81600K)->80245K(81600K) NonClass: 70586K(71232K)->70586K(71232K) Class: 9658K(10368K)->9658K(10368K)
[2643.054s][info][gc             ] GC(928) Pause Young (Allocation Failure) 1450M->104M(4072M) 3.174ms
[2643.054s][info][gc,cpu         ] GC(928) User=0.00s Sys=0.00s Real=0.00s
[2645.285s][info][gc,start       ] GC(929) Pause Young (Allocation Failure)
[2645.289s][info][gc,heap        ] GC(929) PSYoungGen: 1367798K(1373184K)->6017K(1379840K) Eden: 1361920K(1361920K)->0K(1361920K) From: 5878K(11264K)->6017K(17920K)
[2645.289s][info][gc,heap        ] GC(929) ParOldGen: 101374K(2796544K)->104537K(2796544K)
[2645.289s][info][gc,metaspace   ] GC(929) Metaspace: 80245K(81600K)->80245K(81600K) NonClass: 70586K(71232K)->70586K(71232K) Class: 9658K(10368K)->9658K(10368K)
[2645.289s][info][gc             ] GC(929) Pause Young (Allocation Failure) 1434M->107M(4078M) 3.204ms
[2645.289s][info][gc,cpu         ] GC(929) User=0.00s Sys=0.00s Real=0.00s
[2650.002s][info][gc,start       ] GC(930) Pause Young (Allocation Failure)
[2650.005s][info][gc,heap        ] GC(930) PSYoungGen: 1367937K(1379840K)->5790K(1380864K) Eden: 1361920K(1361920K)->0K(1363456K) From: 6017K(17920K)->5790K(17408K)
[2650.005s][info][gc,heap        ] GC(930) ParOldGen: 104537K(2796544K)->108737K(2796544K)
[2650.005s][info][gc,metaspace   ] GC(930) Metaspace: 80245K(81600K)->80245K(81600K) NonClass: 70586K(71232K)->70586K(71232K) Class: 9658K(10368K)->9658K(10368K)
[2650.005s][info][gc             ] GC(930) Pause Young (Allocation Failure) 1437M->111M(4079M) 3.221ms
[2650.006s][info][gc,cpu         ] GC(930) User=0.00s Sys=0.00s Real=0.00s
[2652.448s][info][gc,start       ] GC(931) Pause Young (Allocation Failure)
[2652.451s][info][gc,heap        ] GC(931) PSYoungGen: 1367686K(1380864K)->5508K(1380352K) Eden: 1361896K(1363456K)->0K(1363456K) From: 5790K(17408K)->5508K(16896K)
[2652.451s][info][gc,heap        ] GC(931) ParOldGen: 108737K(2796544K)->112198K(2796544K)
[2652.451s][info][gc,metaspace   ] GC(931) Metaspace: 80245K(81600K)->80245K(81600K) NonClass: 70586K(71232K)->70586K(71232K) Class: 9658K(10368K)->9658K(10368K)
[2652.451s][info][gc             ] GC(931) Pause Young (Allocation Failure) 1441M->114M(4079M) 2.581ms
[2652.451s][info][gc,cpu         ] GC(931) User=0.00s Sys=0.00s Real=0.00s
[2656.283s][info][gc,start       ] GC(932) Pause Young (Allocation Failure)
[2656.286s][info][gc,heap        ] GC(932) PSYoungGen: 1368964K(1380352K)->7874K(1382400K) Eden: 1363456K(1363456K)->0K(1366016K) From: 5508K(16896K)->7874K(16384K)
[2656.286s][info][gc,heap        ] GC(932) ParOldGen: 112198K(2796544K)->116416K(2796544K)
[2656.286s][info][gc,metaspace   ] GC(932) Metaspace: 80245K(81600K)->80245K(81600K) NonClass: 70586K(71232K)->70586K(71232K) Class: 9658K(10368K)->9658K(10368K)
[2656.286s][info][gc             ] GC(932) Pause Young (Allocation Failure) 1446M->121M(4081M) 3.449ms
[2656.286s][info][gc,cpu         ] GC(932) User=0.00s Sys=0.00s Real=0.00s
[2659.325s][info][gc,start       ] GC(933) Pause Young (Allocation Failure)
[2659.328s][info][gc,heap        ] GC(933) PSYoungGen: 1373890K(1382400K)->6764K(1381376K) Eden: 1366016K(1366016K)->0K(1366016K) From: 7874K(16384K)->6764K(15360K)
[2659.328s][info][gc,heap        ] GC(933) ParOldGen: 116416K(2796544K)->118670K(2796544K)
[2659.328s][info][gc,metaspace   ] GC(933) Metaspace: 80245K(81600K)->80245K(81600K) NonClass: 70586K(71232K)->70586K(71232K) Class: 9658K(10368K)->9658K(10368K)
[2659.328s][info][gc             ] GC(933) Pause Young (Allocation Failure) 1455M->122M(4080M) 3.038ms
[2659.328s][info][gc,cpu         ] GC(933) User=0.00s Sys=0.00s Real=0.00s
[2662.267s][info][gc,start       ] GC(934) Pause Young (Allocation Failure)
[2662.271s][info][gc,heap        ] GC(934) PSYoungGen: 1372780K(1381376K)->5191K(1383424K) Eden: 1366016K(1366016K)->0K(1368576K) From: 6764K(15360K)->5191K(14848K)
[2662.271s][info][gc,heap        ] GC(934) ParOldGen: 118670K(2796544K)->124026K(2796544K)
[2662.271s][info][gc,metaspace   ] GC(934) Metaspace: 80245K(81600K)->80245K(81600K) NonClass: 70586K(71232K)->70586K(71232K) Class: 9658K(10368K)->9658K(10368K)
[2662.271s][info][gc             ] GC(934) Pause Young (Allocation Failure) 1456M->126M(4082M) 3.200ms
[2662.271s][info][gc,cpu         ] GC(934) User=0.02s Sys=0.00s Real=0.02s
[2664.528s][info][gc,start       ] GC(935) Pause Young (Allocation Failure)
[2664.531s][info][gc,heap        ] GC(935) PSYoungGen: 1373767K(1383424K)->6824K(1382912K) Eden: 1368576K(1368576K)->0K(1368576K) From: 5191K(14848K)->6824K(14336K)
[2664.531s][info][gc,heap        ] GC(935) ParOldGen: 124026K(2796544K)->127921K(2796544K)
[2664.531s][info][gc,metaspace   ] GC(935) Metaspace: 80245K(81600K)->80245K(81600K) NonClass: 70586K(71232K)->70586K(71232K) Class: 9658K(10368K)->9658K(10368K)
[2664.531s][info][gc             ] GC(935) Pause Young (Allocation Failure) 1462M->131M(4081M) 3.123ms
[2664.531s][info][gc,cpu         ] GC(935) User=0.00s Sys=0.00s Real=0.00s
[2667.024s][info][gc,start       ] GC(936) Pause Young (Allocation Failure)
[2667.028s][info][gc,heap        ] GC(936) PSYoungGen: 1375400K(1382912K)->6160K(1384448K) Eden: 1368576K(1368576K)->0K(1370624K) From: 6824K(14336K)->6160K(13824K)
[2667.028s][info][gc,heap        ] GC(936) ParOldGen: 127921K(2796544K)->132948K(2796544K)
[2667.028s][info][gc,metaspace   ] GC(936) Metaspace: 80245K(81600K)->80245K(81600K) NonClass: 70586K(71232K)->70586K(71232K) Class: 9658K(10368K)->9658K(10368K)
[2667.028s][info][gc             ] GC(936) Pause Young (Allocation Failure) 1468M->135M(4083M) 3.730ms
[2667.028s][info][gc,cpu         ] GC(936) User=0.00s Sys=0.00s Real=0.00s
[2670.567s][info][gc,start       ] GC(937) Pause Young (Allocation Failure)
[2670.571s][info][gc,heap        ] GC(937) PSYoungGen: 1376784K(1384448K)->5250K(1383936K) Eden: 1370624K(1370624K)->0K(1370624K) From: 6160K(13824K)->5250K(13312K)
[2670.571s][info][gc,heap        ] GC(937) ParOldGen: 132948K(2796544K)->137770K(2796544K)
[2670.571s][info][gc,metaspace   ] GC(937) Metaspace: 80245K(81600K)->80245K(81600K) NonClass: 70586K(71232K)->70586K(71232K) Class: 9658K(10368K)->9658K(10368K)
[2670.571s][info][gc             ] GC(937) Pause Young (Allocation Failure) 1474M->139M(4082M) 3.568ms
[2670.571s][info][gc,cpu         ] GC(937) User=0.00s Sys=0.00s Real=0.00s
[2670.574s][info][gc,start       ] GC(938) Pause Young (System.gc())
[2670.576s][info][gc,heap        ] GC(938) PSYoungGen: 32646K(1383936K)->192K(1383424K) Eden: 27395K(1370624K)->0K(1370112K) From: 5250K(13312K)->192K(13312K)
[2670.576s][info][gc,heap        ] GC(938) ParOldGen: 137770K(2796544K)->141544K(2796544K)
[2670.576s][info][gc,metaspace   ] GC(938) Metaspace: 80245K(81600K)->80245K(81600K) NonClass: 70586K(71232K)->70586K(71232K) Class: 9658K(10368K)->9658K(10368K)
[2670.576s][info][gc             ] GC(938) Pause Young (System.gc()) 166M->138M(4082M) 1.918ms
[2670.576s][info][gc,cpu         ] GC(938) User=0.00s Sys=0.00s Real=0.00s
[2670.576s][info][gc,start       ] GC(939) Pause Full (System.gc())
[2670.576s][info][gc,phases,start] GC(939) Marking Phase
[2670.599s][info][gc,phases      ] GC(939) Marking Phase 22.831ms
[2670.599s][info][gc,phases,start] GC(939) Summary Phase
[2670.599s][info][gc,phases      ] GC(939) Summary Phase 0.011ms
[2670.599s][info][gc,phases,start] GC(939) Adjust Roots
[2670.605s][info][gc,phases      ] GC(939) Adjust Roots 6.300ms
[2670.605s][info][gc,phases,start] GC(939) Compaction Phase
[2670.617s][info][gc,phases      ] GC(939) Compaction Phase 11.388ms
[2670.617s][info][gc,phases,start] GC(939) Post Compact
[2670.618s][info][gc,phases      ] GC(939) Post Compact 1.204ms
[2670.618s][info][gc,heap        ] GC(939) PSYoungGen: 192K(1383424K)->0K(1383424K) Eden: 0K(1370112K)->0K(1370112K) From: 192K(13312K)->0K(13312K)
[2670.618s][info][gc,heap        ] GC(939) ParOldGen: 141544K(2796544K)->82262K(2796544K)
[2670.618s][info][gc,metaspace   ] GC(939) Metaspace: 80245K(81600K)->80245K(81600K) NonClass: 70586K(71232K)->70586K(71232K) Class: 9658K(10368K)->9658K(10368K)
[2670.618s][info][gc             ] GC(939) Pause Full (System.gc()) 138M->80M(4082M) 42.001ms
[2670.618s][info][gc,cpu         ] GC(939) User=0.02s Sys=0.00s Real=0.03s
[2673.879s][info][gc,start       ] GC(940) Pause Young (Allocation Failure)
[2673.881s][info][gc,heap        ] GC(940) PSYoungGen: 1370112K(1383424K)->5140K(1383936K) Eden: 1370112K(1370112K)->0K(1370112K) From: 0K(13312K)->5140K(13824K)
[2673.881s][info][gc,heap        ] GC(940) ParOldGen: 82262K(2796544K)->82262K(2796544K)
[2673.881s][info][gc,metaspace   ] GC(940) Metaspace: 80245K(81600K)->80245K(81600K) NonClass: 70586K(71232K)->70586K(71232K) Class: 9658K(10368K)->9658K(10368K)
[2673.881s][info][gc             ] GC(940) Pause Young (Allocation Failure) 1418M->85M(4082M) 2.371ms
[2673.881s][info][gc,cpu         ] GC(940) User=0.00s Sys=0.00s Real=0.00s
[2676.647s][info][gc,start       ] GC(941) Pause Young (Allocation Failure)
[2676.652s][info][gc,heap        ] GC(941) PSYoungGen: 1374887K(1383936K)->13285K(1370112K) Eden: 1369747K(1370112K)->0K(1356800K) From: 5140K(13824K)->13285K(13312K)
[2676.652s][info][gc,heap        ] GC(941) ParOldGen: 82262K(2796544K)->96525K(2796544K)
[2676.652s][info][gc,metaspace   ] GC(941) Metaspace: 80245K(81600K)->80245K(81600K) NonClass: 70586K(71232K)->70586K(71232K) Class: 9658K(10368K)->9658K(10368K)
[2676.652s][info][gc             ] GC(941) Pause Young (Allocation Failure) 1422M->107M(4069M) 4.875ms
[2676.652s][info][gc,cpu         ] GC(941) User=0.00s Sys=0.00s Real=0.00s
[2680.671s][info][gc,start       ] GC(942) Pause Young (Allocation Failure)
[2680.674s][info][gc,heap        ] GC(942) PSYoungGen: 1370085K(1370112K)->4765K(1377280K) Eden: 1356800K(1356800K)->0K(1356800K) From: 13285K(13312K)->4765K(20480K)
[2680.674s][info][gc,heap        ] GC(942) ParOldGen: 96525K(2796544K)->100820K(2796544K)
[2680.674s][info][gc,metaspace   ] GC(942) Metaspace: 80245K(81600K)->80245K(81600K) NonClass: 70586K(71232K)->70586K(71232K) Class: 9658K(10368K)->9658K(10368K)
[2680.674s][info][gc             ] GC(942) Pause Young (Allocation Failure) 1432M->103M(4076M) 2.766ms
[2680.674s][info][gc,cpu         ] GC(942) User=0.00s Sys=0.00s Real=0.00s
[2683.001s][info][gc,start       ] GC(943) Pause Young (Allocation Failure)
[2683.004s][info][gc,heap        ] GC(943) PSYoungGen: 1361565K(1377280K)->5901K(1378816K) Eden: 1356800K(1356800K)->0K(1358848K) From: 4765K(20480K)->5901K(19968K)
[2683.004s][info][gc,heap        ] GC(943) ParOldGen: 100820K(2796544K)->103967K(2796544K)
[2683.004s][info][gc,metaspace   ] GC(943) Metaspace: 80245K(81600K)->80245K(81600K) NonClass: 70586K(71232K)->70586K(71232K) Class: 9658K(10368K)->9658K(10368K)
[2683.004s][info][gc             ] GC(943) Pause Young (Allocation Failure) 1428M->107M(4077M) 3.158ms
[2683.004s][info][gc,cpu         ] GC(943) User=0.00s Sys=0.00s Real=0.00s
[2687.765s][info][gc,start       ] GC(944) Pause Young (Allocation Failure)
[2687.768s][info][gc,heap        ] GC(944) PSYoungGen: 1364749K(1378816K)->5417K(1377792K) Eden: 1358848K(1358848K)->0K(1358848K) From: 5901K(19968K)->5417K(18944K)
[2687.768s][info][gc,heap        ] GC(944) ParOldGen: 103967K(2796544K)->108218K(2796544K)
[2687.768s][info][gc,metaspace   ] GC(944) Metaspace: 80245K(81600K)->80245K(81600K) NonClass: 70586K(71232K)->70586K(71232K) Class: 9658K(10368K)->9658K(10368K)
[2687.768s][info][gc             ] GC(944) Pause Young (Allocation Failure) 1434M->110M(4076M) 2.980ms
[2687.768s][info][gc,cpu         ] GC(944) User=0.00s Sys=0.00s Real=0.02s
[2690.070s][info][gc,start       ] GC(945) Pause Young (Allocation Failure)
[2690.073s][info][gc,heap        ] GC(945) PSYoungGen: 1364265K(1377792K)->6690K(1380352K) Eden: 1358848K(1358848K)->0K(1361920K) From: 5417K(18944K)->6690K(18432K)
[2690.073s][info][gc,heap        ] GC(945) ParOldGen: 108218K(2796544K)->111331K(2796544K)
[2690.073s][info][gc,metaspace   ] GC(945) Metaspace: 80245K(81600K)->80245K(81600K) NonClass: 70586K(71232K)->70586K(71232K) Class: 9658K(10368K)->9658K(10368K)
[2690.073s][info][gc             ] GC(945) Pause Young (Allocation Failure) 1437M->115M(4079M) 3.207ms
[2690.073s][info][gc,cpu         ] GC(945) User=0.00s Sys=0.00s Real=0.00s
[2694.123s][info][gc,start       ] GC(946) Pause Young (Allocation Failure)
[2694.126s][info][gc,heap        ] GC(946) PSYoungGen: 1368604K(1380352K)->4566K(1379328K) Eden: 1361913K(1361920K)->0K(1361920K) From: 6690K(18432K)->4566K(17408K)
[2694.126s][info][gc,heap        ] GC(946) ParOldGen: 111331K(2796544K)->115937K(2796544K)
[2694.126s][info][gc,metaspace   ] GC(946) Metaspace: 80245K(81600K)->80245K(81600K) NonClass: 70586K(71232K)->70586K(71232K) Class: 9658K(10368K)->9658K(10368K)
[2694.126s][info][gc             ] GC(946) Pause Young (Allocation Failure) 1445M->117M(4078M) 3.369ms
[2694.126s][info][gc,cpu         ] GC(946) User=0.00s Sys=0.00s Real=0.00s
[2697.002s][info][gc,start       ] GC(947) Pause Young (Allocation Failure)
[2697.005s][info][gc,heap        ] GC(947) PSYoungGen: 1362698K(1379328K)->6210K(1381888K) Eden: 1358131K(1361920K)->0K(1364992K) From: 4566K(17408K)->6210K(16896K)
[2697.005s][info][gc,heap        ] GC(947) ParOldGen: 115937K(2796544K)->118222K(2796544K)
[2697.005s][info][gc,metaspace   ] GC(947) Metaspace: 80245K(81600K)->80245K(81600K) NonClass: 70586K(71232K)->70586K(71232K) Class: 9658K(10368K)->9658K(10368K)
[2697.005s][info][gc             ] GC(947) Pause Young (Allocation Failure) 1443M->121M(4080M) 3.049ms
[2697.005s][info][gc,cpu         ] GC(947) User=0.00s Sys=0.00s Real=0.00s
[2699.825s][info][gc,start       ] GC(948) Pause Young (Allocation Failure)
[2699.828s][info][gc,heap        ] GC(948) PSYoungGen: 1369869K(1381888K)->4861K(1380864K) Eden: 1363658K(1364992K)->0K(1364992K) From: 6210K(16896K)->4861K(15872K)
[2699.828s][info][gc,heap        ] GC(948) ParOldGen: 118222K(2796544K)->123562K(2796544K)
[2699.828s][info][gc,metaspace   ] GC(948) Metaspace: 80245K(81600K)->80245K(81600K) NonClass: 70586K(71232K)->70586K(71232K) Class: 9658K(10368K)->9658K(10368K)
[2699.828s][info][gc             ] GC(948) Pause Young (Allocation Failure) 1453M->125M(4079M) 2.943ms
[2699.828s][info][gc,cpu         ] GC(948) User=0.00s Sys=0.00s Real=0.00s
[2701.960s][info][gc,start       ] GC(949) Pause Young (Allocation Failure)
[2701.963s][info][gc,heap        ] GC(949) PSYoungGen: 1369853K(1380864K)->6515K(1382912K) Eden: 1364992K(1364992K)->0K(1367552K) From: 4861K(15872K)->6515K(15360K)
[2701.963s][info][gc,heap        ] GC(949) ParOldGen: 123562K(2796544K)->127436K(2796544K)
[2701.963s][info][gc,metaspace   ] GC(949) Metaspace: 80245K(81600K)->80245K(81600K) NonClass: 70586K(71232K)->70586K(71232K) Class: 9658K(10368K)->9658K(10368K)
[2701.964s][info][gc             ] GC(949) Pause Young (Allocation Failure) 1458M->130M(4081M) 3.216ms
[2701.964s][info][gc,cpu         ] GC(949) User=0.00s Sys=0.00s Real=0.00s
[2704.672s][info][gc,start       ] GC(950) Pause Young (Allocation Failure)
[2704.675s][info][gc,heap        ] GC(950) PSYoungGen: 1374067K(1382912K)->5925K(1382400K) Eden: 1367552K(1367552K)->0K(1367552K) From: 6515K(15360K)->5925K(14848K)
[2704.675s][info][gc,heap        ] GC(950) ParOldGen: 127436K(2796544K)->132450K(2796544K)
[2704.675s][info][gc,metaspace   ] GC(950) Metaspace: 80245K(81600K)->80245K(81600K) NonClass: 70586K(71232K)->70586K(71232K) Class: 9658K(10368K)->9658K(10368K)
[2704.675s][info][gc             ] GC(950) Pause Young (Allocation Failure) 1466M->135M(4081M) 3.486ms
[2704.675s][info][gc,cpu         ] GC(950) User=0.00s Sys=0.00s Real=0.00s
[2707.826s][info][gc,start       ] GC(951) Pause Young (Allocation Failure)
[2707.830s][info][gc,heap        ] GC(951) PSYoungGen: 1373477K(1382400K)->4572K(1383936K) Eden: 1367552K(1367552K)->0K(1369600K) From: 5925K(14848K)->4572K(14336K)
[2707.830s][info][gc,heap        ] GC(951) ParOldGen: 132450K(2796544K)->137321K(2796544K)
[2707.830s][info][gc,metaspace   ] GC(951) Metaspace: 80245K(81600K)->80245K(81600K) NonClass: 70586K(71232K)->70586K(71232K) Class: 9658K(10368K)->9658K(10368K)
[2707.830s][info][gc             ] GC(951) Pause Young (Allocation Failure) 1470M->138M(4082M) 3.843ms
[2707.830s][info][gc,cpu         ] GC(951) User=0.00s Sys=0.00s Real=0.00s
[2707.865s][info][gc,start       ] GC(952) Pause Young (System.gc())
[2707.866s][info][gc,heap        ] GC(952) PSYoungGen: 82616K(1383936K)->239K(1383424K) Eden: 78044K(1369600K)->0K(1369600K) From: 4572K(14336K)->239K(13824K)
[2707.866s][info][gc,heap        ] GC(952) ParOldGen: 137321K(2796544K)->139254K(2796544K)
[2707.866s][info][gc,metaspace   ] GC(952) Metaspace: 80245K(81600K)->80245K(81600K) NonClass: 70586K(71232K)->70586K(71232K) Class: 9658K(10368K)->9658K(10368K)
[2707.866s][info][gc             ] GC(952) Pause Young (System.gc()) 214M->136M(4082M) 1.232ms
[2707.866s][info][gc,cpu         ] GC(952) User=0.00s Sys=0.00s Real=0.00s
[2707.866s][info][gc,start       ] GC(953) Pause Full (System.gc())
[2707.866s][info][gc,phases,start] GC(953) Marking Phase
[2707.886s][info][gc,phases      ] GC(953) Marking Phase 20.154ms
[2707.886s][info][gc,phases,start] GC(953) Summary Phase
[2707.886s][info][gc,phases      ] GC(953) Summary Phase 0.010ms
[2707.886s][info][gc,phases,start] GC(953) Adjust Roots
[2707.892s][info][gc,phases      ] GC(953) Adjust Roots 5.684ms
[2707.892s][info][gc,phases,start] GC(953) Compaction Phase
[2707.904s][info][gc,phases      ] GC(953) Compaction Phase 12.477ms
[2707.904s][info][gc,phases,start] GC(953) Post Compact
[2707.906s][info][gc,phases      ] GC(953) Post Compact 1.208ms
[2707.906s][info][gc,heap        ] GC(953) PSYoungGen: 239K(1383424K)->0K(1383424K) Eden: 0K(1369600K)->0K(1369600K) From: 239K(13824K)->0K(13824K)
[2707.906s][info][gc,heap        ] GC(953) ParOldGen: 139254K(2796544K)->81102K(2796544K)
[2707.906s][info][gc,metaspace   ] GC(953) Metaspace: 80245K(81600K)->80245K(81600K) NonClass: 70586K(71232K)->70586K(71232K) Class: 9658K(10368K)->9658K(10368K)
[2707.906s][info][gc             ] GC(953) Pause Full (System.gc()) 136M->79M(4082M) 39.788ms
[2707.906s][info][gc,cpu         ] GC(953) User=0.02s Sys=0.00s Real=0.05s
[2711.121s][info][gc,start       ] GC(954) Pause Young (Allocation Failure)
[2711.123s][info][gc,heap        ] GC(954) PSYoungGen: 1369600K(1383424K)->5062K(1384448K) Eden: 1369600K(1369600K)->0K(1370112K) From: 0K(13824K)->5062K(14336K)
[2711.123s][info][gc,heap        ] GC(954) ParOldGen: 81102K(2796544K)->81102K(2796544K)
[2711.123s][info][gc,metaspace   ] GC(954) Metaspace: 80245K(81600K)->80245K(81600K) NonClass: 70586K(71232K)->70586K(71232K) Class: 9658K(10368K)->9658K(10368K)
[2711.123s][info][gc             ] GC(954) Pause Young (Allocation Failure) 1416M->84M(4083M) 2.033ms
[2711.123s][info][gc,cpu         ] GC(954) User=0.00s Sys=0.00s Real=0.00s
[2713.851s][info][gc,start       ] GC(955) Pause Young (Allocation Failure)
[2713.855s][info][gc,heap        ] GC(955) PSYoungGen: 1372073K(1384448K)->13311K(1383424K) Eden: 1367011K(1370112K)->0K(1370112K) From: 5062K(14336K)->13311K(13312K)
[2713.855s][info][gc,heap        ] GC(955) ParOldGen: 81102K(2796544K)->87484K(2796544K)
[2713.855s][info][gc,metaspace   ] GC(955) Metaspace: 80245K(81600K)->80245K(81600K) NonClass: 70586K(71232K)->70586K(71232K) Class: 9658K(10368K)->9658K(10368K)
[2713.855s][info][gc             ] GC(955) Pause Young (Allocation Failure) 1419M->98M(4082M) 4.067ms
[2713.855s][info][gc,cpu         ] GC(955) User=0.00s Sys=0.00s Real=0.00s
[2717.997s][info][gc,start       ] GC(956) Pause Young (Allocation Failure)
[2718.000s][info][gc,heap        ] GC(956) PSYoungGen: 1383423K(1383424K)->5048K(1377280K) Eden: 1370112K(1370112K)->0K(1362944K) From: 13311K(13312K)->5048K(14336K)
[2718.000s][info][gc,heap        ] GC(956) ParOldGen: 87484K(2796544K)->91251K(2796544K)
[2718.000s][info][gc,metaspace   ] GC(956) Metaspace: 80245K(81600K)->80245K(81600K) NonClass: 70586K(71232K)->70586K(71232K) Class: 9658K(10368K)->9658K(10368K)
[2718.000s][info][gc             ] GC(956) Pause Young (Allocation Failure) 1436M->94M(4076M) 2.797ms
[2718.000s][info][gc,cpu         ] GC(956) User=0.00s Sys=0.00s Real=0.00s
[2720.282s][info][gc,start       ] GC(957) Pause Young (Allocation Failure)
[2720.286s][info][gc,heap        ] GC(957) PSYoungGen: 1367992K(1377280K)->5939K(1380352K) Eden: 1362944K(1362944K)->0K(1362944K) From: 5048K(14336K)->5939K(17408K)
[2720.286s][info][gc,heap        ] GC(957) ParOldGen: 91251K(2796544K)->94445K(2796544K)
[2720.286s][info][gc,metaspace   ] GC(957) Metaspace: 80245K(81600K)->80245K(81600K) NonClass: 70586K(71232K)->70586K(71232K) Class: 9658K(10368K)->9658K(10368K)
[2720.286s][info][gc             ] GC(957) Pause Young (Allocation Failure) 1425M->98M(4079M) 3.332ms
[2720.286s][info][gc,cpu         ] GC(957) User=0.02s Sys=0.00s Real=0.02s
[2724.998s][info][gc,start       ] GC(958) Pause Young (Allocation Failure)
[2725.001s][info][gc,heap        ] GC(958) PSYoungGen: 1368883K(1380352K)->5697K(1381888K) Eden: 1362944K(1362944K)->0K(1365504K) From: 5939K(17408K)->5697K(16384K)
[2725.001s][info][gc,heap        ] GC(958) ParOldGen: 94445K(2796544K)->98638K(2796544K)
[2725.001s][info][gc,metaspace   ] GC(958) Metaspace: 80245K(81600K)->80245K(81600K) NonClass: 70586K(71232K)->70586K(71232K) Class: 9658K(10368K)->9658K(10368K)
[2725.001s][info][gc             ] GC(958) Pause Young (Allocation Failure) 1429M->101M(4080M) 3.371ms
[2725.001s][info][gc,cpu         ] GC(958) User=0.00s Sys=0.00s Real=0.00s
[2727.450s][info][gc,start       ] GC(959) Pause Young (Allocation Failure)
[2727.453s][info][gc,heap        ] GC(959) PSYoungGen: 1368815K(1381888K)->5736K(1381376K) Eden: 1363117K(1365504K)->0K(1365504K) From: 5697K(16384K)->5736K(15872K)
[2727.453s][info][gc,heap        ] GC(959) ParOldGen: 98638K(2796544K)->102026K(2796544K)
[2727.453s][info][gc,metaspace   ] GC(959) Metaspace: 80245K(81600K)->80245K(81600K) NonClass: 70586K(71232K)->70586K(71232K) Class: 9658K(10368K)->9658K(10368K)
[2727.453s][info][gc             ] GC(959) Pause Young (Allocation Failure) 1433M->105M(4080M) 2.909ms
[2727.453s][info][gc,cpu         ] GC(959) User=0.02s Sys=0.00s Real=0.01s
[2731.265s][info][gc,start       ] GC(960) Pause Young (Allocation Failure)
[2731.269s][info][gc,heap        ] GC(960) PSYoungGen: 1371240K(1381376K)->5882K(1383424K) Eden: 1365504K(1365504K)->0K(1368576K) From: 5736K(15872K)->5882K(14848K)
[2731.269s][info][gc,heap        ] GC(960) ParOldGen: 102026K(2796544K)->106276K(2796544K)
[2731.269s][info][gc,metaspace   ] GC(960) Metaspace: 80245K(81600K)->80245K(81600K) NonClass: 70586K(71232K)->70586K(71232K) Class: 9658K(10368K)->9658K(10368K)
[2731.269s][info][gc             ] GC(960) Pause Young (Allocation Failure) 1438M->109M(4082M) 3.348ms
[2731.269s][info][gc,cpu         ] GC(960) User=0.00s Sys=0.00s Real=0.00s
[2734.261s][info][gc,start       ] GC(961) Pause Young (Allocation Failure)
[2734.265s][info][gc,heap        ] GC(961) PSYoungGen: 1374458K(1383424K)->7732K(1382912K) Eden: 1368576K(1368576K)->0K(1368576K) From: 5882K(14848K)->7732K(14336K)
[2734.265s][info][gc,heap        ] GC(961) ParOldGen: 106276K(2796544K)->108503K(2796544K)
[2734.265s][info][gc,metaspace   ] GC(961) Metaspace: 80245K(81600K)->80245K(81600K) NonClass: 70586K(71232K)->70586K(71232K) Class: 9658K(10368K)->9658K(10368K)
[2734.265s][info][gc             ] GC(961) Pause Young (Allocation Failure) 1446M->113M(4081M) 3.623ms
[2734.265s][info][gc,cpu         ] GC(961) User=0.00s Sys=0.00s Real=0.00s
[2737.263s][info][gc,start       ] GC(962) Pause Young (Allocation Failure)
[2737.265s][info][gc,heap        ] GC(962) PSYoungGen: 1376040K(1382912K)->4783K(1383936K) Eden: 1368307K(1368576K)->0K(1370112K) From: 7732K(14336K)->4783K(13824K)
[2737.265s][info][gc,heap        ] GC(962) ParOldGen: 108503K(2796544K)->113847K(2796544K)
[2737.265s][info][gc,metaspace   ] GC(962) Metaspace: 80245K(81600K)->80245K(81600K) NonClass: 70586K(71232K)->70586K(71232K) Class: 9658K(10368K)->9658K(10368K)
[2737.265s][info][gc             ] GC(962) Pause Young (Allocation Failure) 1449M->115M(4082M) 2.696ms
[2737.265s][info][gc,cpu         ] GC(962) User=0.00s Sys=0.00s Real=0.00s
[2739.401s][info][gc,start       ] GC(963) Pause Young (Allocation Failure)
[2739.404s][info][gc,heap        ] GC(963) PSYoungGen: 1374895K(1383936K)->6701K(1383936K) Eden: 1370112K(1370112K)->0K(1370112K) From: 4783K(13824K)->6701K(13824K)
[2739.404s][info][gc,heap        ] GC(963) ParOldGen: 113847K(2796544K)->117724K(2796544K)
[2739.404s][info][gc,metaspace   ] GC(963) Metaspace: 80245K(81600K)->80245K(81600K) NonClass: 70586K(71232K)->70586K(71232K) Class: 9658K(10368K)->9658K(10368K)
[2739.404s][info][gc             ] GC(963) Pause Young (Allocation Failure) 1453M->121M(4082M) 3.371ms
[2739.404s][info][gc,cpu         ] GC(963) User=0.00s Sys=0.00s Real=0.00s
[2741.930s][info][gc,start       ] GC(964) Pause Young (Allocation Failure)
[2741.933s][info][gc,heap        ] GC(964) PSYoungGen: 1376813K(1383936K)->5902K(1385472K) Eden: 1370112K(1370112K)->0K(1372672K) From: 6701K(13824K)->5902K(12800K)
[2741.933s][info][gc,heap        ] GC(964) ParOldGen: 117724K(2796544K)->122750K(2796544K)
[2741.933s][info][gc,metaspace   ] GC(964) Metaspace: 80245K(81600K)->80245K(81600K) NonClass: 70586K(71232K)->70586K(71232K) Class: 9658K(10368K)->9658K(10368K)
[2741.933s][info][gc             ] GC(964) Pause Young (Allocation Failure) 1459M->125M(4084M) 3.393ms
[2741.933s][info][gc,cpu         ] GC(964) User=0.00s Sys=0.00s Real=0.00s
[2745.097s][info][gc,start       ] GC(965) Pause Young (Allocation Failure)
[2745.100s][info][gc,heap        ] GC(965) PSYoungGen: 1378574K(1385472K)->6242K(1384960K) Eden: 1372672K(1372672K)->0K(1372672K) From: 5902K(12800K)->6242K(12288K)
[2745.100s][info][gc,heap        ] GC(965) ParOldGen: 122750K(2796544K)->127569K(2796544K)
[2745.100s][info][gc,metaspace   ] GC(965) Metaspace: 80245K(81600K)->80245K(81600K) NonClass: 70586K(71232K)->70586K(71232K) Class: 9658K(10368K)->9658K(10368K)
[2745.100s][info][gc             ] GC(965) Pause Young (Allocation Failure) 1466M->130M(4083M) 3.311ms
[2745.100s][info][gc,cpu         ] GC(965) User=0.00s Sys=0.00s Real=0.00s
[2745.104s][info][gc,start       ] GC(966) Pause Young (System.gc())
[2745.106s][info][gc,heap        ] GC(966) PSYoungGen: 24175K(1384960K)->160K(1384960K) Eden: 17932K(1372672K)->0K(1373184K) From: 6242K(12288K)->160K(11776K)
[2745.106s][info][gc,heap        ] GC(966) ParOldGen: 127569K(2796544K)->131173K(2796544K)
[2745.106s][info][gc,metaspace   ] GC(966) Metaspace: 80245K(81600K)->80245K(81600K) NonClass: 70586K(71232K)->70586K(71232K) Class: 9658K(10368K)->9658K(10368K)
[2745.106s][info][gc             ] GC(966) Pause Young (System.gc()) 148M->128M(4083M) 1.865ms
[2745.106s][info][gc,cpu         ] GC(966) User=0.00s Sys=0.00s Real=0.00s
[2745.106s][info][gc,start       ] GC(967) Pause Full (System.gc())
[2745.106s][info][gc,phases,start] GC(967) Marking Phase
[2745.125s][info][gc,phases      ] GC(967) Marking Phase 19.177ms
[2745.125s][info][gc,phases,start] GC(967) Summary Phase
[2745.125s][info][gc,phases      ] GC(967) Summary Phase 0.010ms
[2745.125s][info][gc,phases,start] GC(967) Adjust Roots
[2745.132s][info][gc,phases      ] GC(967) Adjust Roots 6.071ms
[2745.132s][info][gc,phases,start] GC(967) Compaction Phase
[2745.143s][info][gc,phases      ] GC(967) Compaction Phase 11.668ms
[2745.143s][info][gc,phases,start] GC(967) Post Compact
[2745.145s][info][gc,phases      ] GC(967) Post Compact 1.324ms
[2745.145s][info][gc,heap        ] GC(967) PSYoungGen: 160K(1384960K)->0K(1384960K) Eden: 0K(1373184K)->0K(1373184K) From: 160K(11776K)->0K(11776K)
[2745.145s][info][gc,heap        ] GC(967) ParOldGen: 131173K(2796544K)->83562K(2796544K)
[2745.145s][info][gc,metaspace   ] GC(967) Metaspace: 80245K(81600K)->80245K(81600K) NonClass: 70586K(71232K)->70586K(71232K) Class: 9658K(10368K)->9658K(10368K)
[2745.145s][info][gc             ] GC(967) Pause Full (System.gc()) 128M->81M(4083M) 38.532ms
[2745.145s][info][gc,cpu         ] GC(967) User=0.03s Sys=0.00s Real=0.05s
[2748.328s][info][gc,start       ] GC(968) Pause Young (Allocation Failure)
[2748.331s][info][gc,heap        ] GC(968) PSYoungGen: 1373184K(1384960K)->5114K(1385472K) Eden: 1373184K(1373184K)->0K(1373184K) From: 0K(11776K)->5114K(12288K)
[2748.331s][info][gc,heap        ] GC(968) ParOldGen: 83562K(2796544K)->83562K(2796544K)
[2748.331s][info][gc,metaspace   ] GC(968) Metaspace: 80245K(81600K)->80245K(81600K) NonClass: 70586K(71232K)->70586K(71232K) Class: 9658K(10368K)->9658K(10368K)
[2748.331s][info][gc             ] GC(968) Pause Young (Allocation Failure) 1422M->86M(4084M) 2.517ms
[2748.331s][info][gc,cpu         ] GC(968) User=0.02s Sys=0.00s Real=0.02s
[2751.051s][info][gc,start       ] GC(969) Pause Young (Allocation Failure)
[2751.054s][info][gc,heap        ] GC(969) PSYoungGen: 1374687K(1385472K)->11063K(1382912K) Eden: 1369572K(1373184K)->0K(1371136K) From: 5114K(12288K)->11063K(11776K)
[2751.055s][info][gc,heap        ] GC(969) ParOldGen: 83562K(2796544K)->87574K(2796544K)
[2751.055s][info][gc,metaspace   ] GC(969) Metaspace: 80245K(81600K)->80245K(81600K) NonClass: 70586K(71232K)->70586K(71232K) Class: 9658K(10368K)->9658K(10368K)
[2751.055s][info][gc             ] GC(969) Pause Young (Allocation Failure) 1424M->96M(4081M) 3.939ms
[2751.055s][info][gc,cpu         ] GC(969) User=0.00s Sys=0.00s Real=0.00s
[2755.207s][info][gc,start       ] GC(970) Pause Young (Allocation Failure)
[2755.209s][info][gc,heap        ] GC(970) PSYoungGen: 1382199K(1382912K)->4967K(1384448K) Eden: 1371136K(1371136K)->0K(1371136K) From: 11063K(11776K)->4967K(13312K)
[2755.209s][info][gc,heap        ] GC(970) ParOldGen: 87574K(2796544K)->90198K(2796544K)
[2755.209s][info][gc,metaspace   ] GC(970) Metaspace: 80245K(81600K)->80245K(81600K) NonClass: 70586K(71232K)->70586K(71232K) Class: 9658K(10368K)->9658K(10368K)
[2755.209s][info][gc             ] GC(970) Pause Young (Allocation Failure) 1435M->92M(4083M) 2.499ms
[2755.209s][info][gc,cpu         ] GC(970) User=0.00s Sys=0.00s Real=0.00s
[2757.530s][info][gc,start       ] GC(971) Pause Young (Allocation Failure)
[2757.534s][info][gc,heap        ] GC(971) PSYoungGen: 1376103K(1384448K)->5933K(1385472K) Eden: 1371136K(1371136K)->0K(1372672K) From: 4967K(13312K)->5933K(12800K)
[2757.534s][info][gc,heap        ] GC(971) ParOldGen: 90198K(2796544K)->93374K(2796544K)
[2757.534s][info][gc,metaspace   ] GC(971) Metaspace: 80245K(81600K)->80245K(81600K) NonClass: 70586K(71232K)->70586K(71232K) Class: 9658K(10368K)->9658K(10368K)
[2757.534s][info][gc             ] GC(971) Pause Young (Allocation Failure) 1431M->96M(4084M) 3.203ms
[2757.534s][info][gc,cpu         ] GC(971) User=0.00s Sys=0.00s Real=0.00s
[2762.184s][info][gc,start       ] GC(972) Pause Young (Allocation Failure)
[2762.187s][info][gc,heap        ] GC(972) PSYoungGen: 1378605K(1385472K)->6235K(1384960K) Eden: 1372672K(1372672K)->0K(1372672K) From: 5933K(12800K)->6235K(12288K)
[2762.187s][info][gc,heap        ] GC(972) ParOldGen: 93374K(2796544K)->97572K(2796544K)
[2762.187s][info][gc,metaspace   ] GC(972) Metaspace: 80245K(81600K)->80245K(81600K) NonClass: 70586K(71232K)->70586K(71232K) Class: 9658K(10368K)->9658K(10368K)
[2762.187s][info][gc             ] GC(972) Pause Young (Allocation Failure) 1437M->101M(4083M) 3.551ms
[2762.187s][info][gc,cpu         ] GC(972) User=0.02s Sys=0.00s Real=0.02s
[2764.714s][info][gc,start       ] GC(973) Pause Young (Allocation Failure)
[2764.717s][info][gc,heap        ] GC(973) PSYoungGen: 1377157K(1384960K)->5024K(1386496K) Eden: 1370921K(1372672K)->0K(1374720K) From: 6235K(12288K)->5024K(11776K)
[2764.717s][info][gc,heap        ] GC(973) ParOldGen: 97572K(2796544K)->101550K(2796544K)
[2764.717s][info][gc,metaspace   ] GC(973) Metaspace: 80245K(81600K)->80245K(81600K) NonClass: 70586K(71232K)->70586K(71232K) Class: 9658K(10368K)->9658K(10368K)
[2764.717s][info][gc             ] GC(973) Pause Young (Allocation Failure) 1440M->104M(4085M) 2.821ms
[2764.717s][info][gc,cpu         ] GC(973) User=0.00s Sys=0.00s Real=0.00s
[2768.500s][info][gc,start       ] GC(974) Pause Young (Allocation Failure)
[2768.503s][info][gc,heap        ] GC(974) PSYoungGen: 1375830K(1386496K)->5859K(1385984K) Eden: 1370805K(1374720K)->0K(1374720K) From: 5024K(11776K)->5859K(11264K)
[2768.503s][info][gc,heap        ] GC(974) ParOldGen: 101550K(2796544K)->105252K(2796544K)
[2768.503s][info][gc,metaspace   ] GC(974) Metaspace: 80245K(81600K)->80245K(81600K) NonClass: 70586K(71232K)->70586K(71232K) Class: 9658K(10368K)->9658K(10368K)
[2768.503s][info][gc             ] GC(974) Pause Young (Allocation Failure) 1442M->108M(4084M) 3.203ms
[2768.503s][info][gc,cpu         ] GC(974) User=0.00s Sys=0.02s Real=0.01s
[2771.504s][info][gc,start       ] GC(975) Pause Young (Allocation Failure)
[2771.507s][info][gc,heap        ] GC(975) PSYoungGen: 1379223K(1385984K)->6194K(1387520K) Eden: 1373364K(1374720K)->0K(1376768K) From: 5859K(11264K)->6194K(10752K)
[2771.507s][info][gc,heap        ] GC(975) ParOldGen: 105252K(2796544K)->107681K(2796544K)
[2771.507s][info][gc,metaspace   ] GC(975) Metaspace: 80245K(81600K)->80245K(81600K) NonClass: 70586K(71232K)->70586K(71232K) Class: 9658K(10368K)->9658K(10368K)
[2771.507s][info][gc             ] GC(975) Pause Young (Allocation Failure) 1449M->111M(4086M) 2.933ms
[2771.507s][info][gc,cpu         ] GC(975) User=0.02s Sys=0.00s Real=0.02s
[2774.441s][info][gc,start       ] GC(976) Pause Young (Allocation Failure)
[2774.445s][info][gc,heap        ] GC(976) PSYoungGen: 1382962K(1387520K)->5749K(1387008K) Eden: 1376768K(1376768K)->0K(1376768K) From: 6194K(10752K)->5749K(10240K)
[2774.445s][info][gc,heap        ] GC(976) ParOldGen: 107681K(2796544K)->112870K(2796544K)
[2774.445s][info][gc,metaspace   ] GC(976) Metaspace: 80245K(81600K)->80245K(81600K) NonClass: 70586K(71232K)->70586K(71232K) Class: 9658K(10368K)->9658K(10368K)
[2774.445s][info][gc             ] GC(976) Pause Young (Allocation Failure) 1455M->115M(4085M) 3.350ms
[2774.445s][info][gc,cpu         ] GC(976) User=0.00s Sys=0.00s Real=0.00s
[2776.708s][info][gc,start       ] GC(977) Pause Young (Allocation Failure)
[2776.711s][info][gc,heap        ] GC(977) PSYoungGen: 1382517K(1387008K)->6636K(1388032K) Eden: 1376768K(1376768K)->0K(1377792K) From: 5749K(10240K)->6636K(10240K)
[2776.712s][info][gc,heap        ] GC(977) ParOldGen: 112870K(2796544K)->116833K(2796544K)
[2776.712s][info][gc,metaspace   ] GC(977) Metaspace: 80245K(81600K)->80245K(81600K) NonClass: 70586K(71232K)->70586K(71232K) Class: 9658K(10368K)->9658K(10368K)
[2776.712s][info][gc             ] GC(977) Pause Young (Allocation Failure) 1460M->120M(4086M) 3.555ms
[2776.712s][info][gc,cpu         ] GC(977) User=0.00s Sys=0.00s Real=0.00s
[2779.083s][info][gc,start       ] GC(978) Pause Young (Allocation Failure)
[2779.086s][info][gc,heap        ] GC(978) PSYoungGen: 1384428K(1388032K)->5876K(1387520K) Eden: 1377792K(1377792K)->0K(1377792K) From: 6636K(10240K)->5876K(9728K)
[2779.086s][info][gc,heap        ] GC(978) ParOldGen: 116833K(2796544K)->121843K(2796544K)
[2779.086s][info][gc,metaspace   ] GC(978) Metaspace: 80245K(81600K)->80245K(81600K) NonClass: 70586K(71232K)->70586K(71232K) Class: 9658K(10368K)->9658K(10368K)
[2779.086s][info][gc             ] GC(978) Pause Young (Allocation Failure) 1466M->124M(4086M) 3.580ms
[2779.086s][info][gc,cpu         ] GC(978) User=0.00s Sys=0.00s Real=0.00s
[2782.206s][info][gc,start       ] GC(979) Pause Young (System.gc())
[2782.209s][info][gc,heap        ] GC(979) PSYoungGen: 1317413K(1387520K)->3723K(1388032K) Eden: 1311537K(1377792K)->0K(1378304K) From: 5876K(9728K)->3723K(9728K)
[2782.209s][info][gc,heap        ] GC(979) ParOldGen: 121843K(2796544K)->126595K(2796544K)
[2782.209s][info][gc,metaspace   ] GC(979) Metaspace: 80245K(81600K)->80245K(81600K) NonClass: 70586K(71232K)->70586K(71232K) Class: 9658K(10368K)->9658K(10368K)
[2782.209s][info][gc             ] GC(979) Pause Young (System.gc()) 1405M->127M(4086M) 3.487ms
[2782.209s][info][gc,cpu         ] GC(979) User=0.00s Sys=0.00s Real=0.00s
[2782.209s][info][gc,start       ] GC(980) Pause Full (System.gc())
[2782.209s][info][gc,phases,start] GC(980) Marking Phase
[2782.229s][info][gc,phases      ] GC(980) Marking Phase 19.755ms
[2782.229s][info][gc,phases,start] GC(980) Summary Phase
[2782.229s][info][gc,phases      ] GC(980) Summary Phase 0.011ms
[2782.229s][info][gc,phases,start] GC(980) Adjust Roots
[2782.235s][info][gc,phases      ] GC(980) Adjust Roots 5.880ms
[2782.235s][info][gc,phases,start] GC(980) Compaction Phase
[2782.247s][info][gc,phases      ] GC(980) Compaction Phase 12.358ms
[2782.247s][info][gc,phases,start] GC(980) Post Compact
[2782.249s][info][gc,phases      ] GC(980) Post Compact 1.288ms
[2782.249s][info][gc,heap        ] GC(980) PSYoungGen: 3723K(1388032K)->0K(1388032K) Eden: 0K(1378304K)->0K(1378304K) From: 3723K(9728K)->0K(9728K)
[2782.249s][info][gc,heap        ] GC(980) ParOldGen: 126595K(2796544K)->81849K(2796544K)
[2782.249s][info][gc,metaspace   ] GC(980) Metaspace: 80245K(81600K)->80245K(81600K) NonClass: 70586K(71232K)->70586K(71232K) Class: 9658K(10368K)->9658K(10368K)
[2782.249s][info][gc             ] GC(980) Pause Full (System.gc()) 127M->79M(4086M) 39.586ms
[2782.249s][info][gc,cpu         ] GC(980) User=0.03s Sys=0.00s Real=0.05s
[2785.464s][info][gc,start       ] GC(981) Pause Young (Allocation Failure)
[2785.466s][info][gc,heap        ] GC(981) PSYoungGen: 1378304K(1388032K)->5127K(1388032K) Eden: 1378304K(1378304K)->0K(1378304K) From: 0K(9728K)->5127K(9728K)
[2785.466s][info][gc,heap        ] GC(981) ParOldGen: 81849K(2796544K)->81849K(2796544K)
[2785.466s][info][gc,metaspace   ] GC(981) Metaspace: 80245K(81600K)->80245K(81600K) NonClass: 70586K(71232K)->70586K(71232K) Class: 9658K(10368K)->9658K(10368K)
[2785.466s][info][gc             ] GC(981) Pause Young (Allocation Failure) 1425M->84M(4086M) 2.230ms
[2785.466s][info][gc,cpu         ] GC(981) User=0.00s Sys=0.00s Real=0.00s
[2788.207s][info][gc,start       ] GC(982) Pause Young (Allocation Failure)
[2788.211s][info][gc,heap        ] GC(982) PSYoungGen: 1380664K(1388032K)->9202K(1382400K) Eden: 1375537K(1378304K)->0K(1373184K) From: 5127K(9728K)->9202K(9216K)
[2788.211s][info][gc,heap        ] GC(982) ParOldGen: 81849K(2796544K)->87593K(2796544K)
[2788.211s][info][gc,metaspace   ] GC(982) Metaspace: 80245K(81600K)->80245K(81600K) NonClass: 70586K(71232K)->70586K(71232K) Class: 9658K(10368K)->9658K(10368K)
[2788.211s][info][gc             ] GC(982) Pause Young (Allocation Failure) 1428M->94M(4081M) 3.656ms
[2788.211s][info][gc,cpu         ] GC(982) User=0.00s Sys=0.00s Real=0.00s
[2792.465s][info][gc,start       ] GC(983) Pause Young (Allocation Failure)
[2792.467s][info][gc,heap        ] GC(983) PSYoungGen: 1381130K(1382400K)->4308K(1385472K) Eden: 1371927K(1373184K)->0K(1373184K) From: 9202K(9216K)->4308K(12288K)
[2792.467s][info][gc,heap        ] GC(983) ParOldGen: 87593K(2796544K)->91767K(2796544K)
[2792.467s][info][gc,metaspace   ] GC(983) Metaspace: 80245K(81600K)->80245K(81600K) NonClass: 70586K(71232K)->70586K(71232K) Class: 9658K(10368K)->9658K(10368K)
[2792.467s][info][gc             ] GC(983) Pause Young (Allocation Failure) 1434M->93M(4084M) 2.406ms
[2792.467s][info][gc,cpu         ] GC(983) User=0.00s Sys=0.00s Real=0.00s
[2794.673s][info][gc,start       ] GC(984) Pause Young (Allocation Failure)
[2794.676s][info][gc,heap        ] GC(984) PSYoungGen: 1377492K(1385472K)->6572K(1385984K) Eden: 1373184K(1373184K)->0K(1373696K) From: 4308K(12288K)->6572K(12288K)
[2794.676s][info][gc,heap        ] GC(984) ParOldGen: 91767K(2796544K)->95013K(2796544K)
[2794.676s][info][gc,metaspace   ] GC(984) Metaspace: 80245K(81600K)->80245K(81600K) NonClass: 70586K(71232K)->70586K(71232K) Class: 9658K(10368K)->9658K(10368K)
[2794.676s][info][gc             ] GC(984) Pause Young (Allocation Failure) 1434M->99M(4084M) 3.055ms
[2794.676s][info][gc,cpu         ] GC(984) User=0.00s Sys=0.00s Real=0.00s
[2799.303s][info][gc,start       ] GC(985) Pause Young (Allocation Failure)
[2799.307s][info][gc,heap        ] GC(985) PSYoungGen: 1378311K(1385984K)->5539K(1385472K) Eden: 1371739K(1373696K)->0K(1373696K) From: 6572K(12288K)->5539K(11776K)
[2799.307s][info][gc,heap        ] GC(985) ParOldGen: 95013K(2796544K)->99619K(2796544K)
[2799.307s][info][gc,metaspace   ] GC(985) Metaspace: 80245K(81600K)->80245K(81600K) NonClass: 70586K(71232K)->70586K(71232K) Class: 9658K(10368K)->9658K(10368K)
[2799.307s][info][gc             ] GC(985) Pause Young (Allocation Failure) 1438M->102M(4084M) 3.228ms
[2799.307s][info][gc,cpu         ] GC(985) User=0.00s Sys=0.00s Real=0.00s
[2801.907s][info][gc,start       ] GC(986) Pause Young (Allocation Failure)
[2801.910s][info][gc,heap        ] GC(986) PSYoungGen: 1379235K(1385472K)->4892K(1386496K) Eden: 1373696K(1373696K)->0K(1375232K) From: 5539K(11776K)->4892K(11264K)
[2801.910s][info][gc,heap        ] GC(986) ParOldGen: 99619K(2796544K)->103782K(2796544K)
[2801.910s][info][gc,metaspace   ] GC(986) Metaspace: 80245K(81600K)->80245K(81600K) NonClass: 70586K(71232K)->70586K(71232K) Class: 9658K(10368K)->9658K(10368K)
[2801.910s][info][gc             ] GC(986) Pause Young (Allocation Failure) 1444M->106M(4085M) 2.710ms
[2801.910s][info][gc,cpu         ] GC(986) User=0.00s Sys=0.00s Real=0.00s
[2805.601s][info][gc,start       ] GC(987) Pause Young (Allocation Failure)
[2805.604s][info][gc,heap        ] GC(987) PSYoungGen: 1379357K(1386496K)->5651K(1386496K) Eden: 1374465K(1375232K)->0K(1375232K) From: 4892K(11264K)->5651K(11264K)
[2805.604s][info][gc,heap        ] GC(987) ParOldGen: 103782K(2796544K)->107211K(2796544K)
[2805.604s][info][gc,metaspace   ] GC(987) Metaspace: 80245K(81600K)->80245K(81600K) NonClass: 70586K(71232K)->70586K(71232K) Class: 9658K(10368K)->9658K(10368K)
[2805.604s][info][gc             ] GC(987) Pause Young (Allocation Failure) 1448M->110M(4085M) 3.123ms
[2805.604s][info][gc,cpu         ] GC(987) User=0.00s Sys=0.00s Real=0.00s
[2808.666s][info][gc,start       ] GC(988) Pause Young (Allocation Failure)
[2808.669s][info][gc,heap        ] GC(988) PSYoungGen: 1380883K(1386496K)->7245K(1387008K) Eden: 1375232K(1375232K)->0K(1376256K) From: 5651K(11264K)->7245K(10752K)
[2808.669s][info][gc,heap        ] GC(988) ParOldGen: 107211K(2796544K)->109646K(2796544K)
[2808.669s][info][gc,metaspace   ] GC(988) Metaspace: 80245K(81600K)->80245K(81600K) NonClass: 70586K(71232K)->70586K(71232K) Class: 9658K(10368K)->9658K(10368K)
[2808.669s][info][gc             ] GC(988) Pause Young (Allocation Failure) 1453M->114M(4085M) 3.369ms
[2808.669s][info][gc,cpu         ] GC(988) User=0.02s Sys=0.00s Real=0.02s
[2811.669s][info][gc,start       ] GC(989) Pause Young (Allocation Failure)
[2811.672s][info][gc,heap        ] GC(989) PSYoungGen: 1383501K(1387008K)->5487K(1387008K) Eden: 1376256K(1376256K)->0K(1376256K) From: 7245K(10752K)->5487K(10752K)
[2811.672s][info][gc,heap        ] GC(989) ParOldGen: 109646K(2796544K)->114906K(2796544K)
[2811.672s][info][gc,metaspace   ] GC(989) Metaspace: 80246K(81600K)->80246K(81600K) NonClass: 70588K(71232K)->70588K(71232K) Class: 9658K(10368K)->9658K(10368K)
[2811.672s][info][gc             ] GC(989) Pause Young (Allocation Failure) 1458M->117M(4085M) 2.929ms
[2811.672s][info][gc,cpu         ] GC(989) User=0.00s Sys=0.00s Real=0.00s
[2813.917s][info][gc,start       ] GC(990) Pause Young (Allocation Failure)
[2813.921s][info][gc,heap        ] GC(990) PSYoungGen: 1381743K(1387008K)->7298K(1387008K) Eden: 1376256K(1376256K)->0K(1376256K) From: 5487K(10752K)->7298K(10752K)
[2813.921s][info][gc,heap        ] GC(990) ParOldGen: 114906K(2796544K)->118905K(2796544K)
[2813.921s][info][gc,metaspace   ] GC(990) Metaspace: 80246K(81600K)->80246K(81600K) NonClass: 70588K(71232K)->70588K(71232K) Class: 9658K(10368K)->9658K(10368K)
[2813.921s][info][gc             ] GC(990) Pause Young (Allocation Failure) 1461M->123M(4085M) 4.000ms
[2813.921s][info][gc,cpu         ] GC(990) User=0.00s Sys=0.00s Real=0.00s
[2816.186s][info][gc,start       ] GC(991) Pause Young (Allocation Failure)
[2816.190s][info][gc,heap        ] GC(991) PSYoungGen: 1383554K(1387008K)->6048K(1387008K) Eden: 1376256K(1376256K)->0K(1376256K) From: 7298K(10752K)->6048K(10752K)
[2816.190s][info][gc,heap        ] GC(991) ParOldGen: 118905K(2796544K)->123918K(2796544K)
[2816.190s][info][gc,metaspace   ] GC(991) Metaspace: 80246K(81600K)->80246K(81600K) NonClass: 70588K(71232K)->70588K(71232K) Class: 9658K(10368K)->9658K(10368K)
[2816.190s][info][gc             ] GC(991) Pause Young (Allocation Failure) 1467M->126M(4085M) 3.569ms
[2816.190s][info][gc,cpu         ] GC(991) User=0.00s Sys=0.00s Real=0.00s
[2819.363s][info][gc,start       ] GC(992) Pause Young (System.gc())
[2819.366s][info][gc,heap        ] GC(992) PSYoungGen: 1294243K(1387008K)->3520K(1387520K) Eden: 1288194K(1376256K)->0K(1377280K) From: 6048K(10752K)->3520K(10240K)
[2819.366s][info][gc,heap        ] GC(992) ParOldGen: 123918K(2796544K)->128662K(2796544K)
[2819.366s][info][gc,metaspace   ] GC(992) Metaspace: 80246K(81600K)->80246K(81600K) NonClass: 70588K(71232K)->70588K(71232K) Class: 9658K(10368K)->9658K(10368K)
[2819.366s][info][gc             ] GC(992) Pause Young (System.gc()) 1384M->129M(4086M) 2.778ms
[2819.366s][info][gc,cpu         ] GC(992) User=0.00s Sys=0.00s Real=0.00s
[2819.366s][info][gc,start       ] GC(993) Pause Full (System.gc())
[2819.366s][info][gc,phases,start] GC(993) Marking Phase
[2819.387s][info][gc,phases      ] GC(993) Marking Phase 20.917ms
[2819.387s][info][gc,phases,start] GC(993) Summary Phase
[2819.387s][info][gc,phases      ] GC(993) Summary Phase 0.011ms
[2819.387s][info][gc,phases,start] GC(993) Adjust Roots
[2819.393s][info][gc,phases      ] GC(993) Adjust Roots 6.516ms
[2819.394s][info][gc,phases,start] GC(993) Compaction Phase
[2819.405s][info][gc,phases      ] GC(993) Compaction Phase 11.544ms
[2819.405s][info][gc,phases,start] GC(993) Post Compact
[2819.406s][info][gc,phases      ] GC(993) Post Compact 1.198ms
[2819.406s][info][gc,heap        ] GC(993) PSYoungGen: 3520K(1387520K)->0K(1387520K) Eden: 0K(1377280K)->0K(1377280K) From: 3520K(10240K)->0K(10240K)
[2819.406s][info][gc,heap        ] GC(993) ParOldGen: 128662K(2796544K)->83892K(2796544K)
[2819.406s][info][gc,metaspace   ] GC(993) Metaspace: 80246K(81600K)->80246K(81600K) NonClass: 70588K(71232K)->70588K(71232K) Class: 9658K(10368K)->9658K(10368K)
[2819.406s][info][gc             ] GC(993) Pause Full (System.gc()) 129M->81M(4086M) 40.471ms
[2819.406s][info][gc,cpu         ] GC(993) User=0.03s Sys=0.00s Real=0.05s
[2822.664s][info][gc,start       ] GC(994) Pause Young (Allocation Failure)
[2822.666s][info][gc,heap        ] GC(994) PSYoungGen: 1377280K(1387520K)->5163K(1387520K) Eden: 1377280K(1377280K)->0K(1377280K) From: 0K(10240K)->5163K(10240K)
[2822.666s][info][gc,heap        ] GC(994) ParOldGen: 83892K(2796544K)->83892K(2796544K)
[2822.666s][info][gc,metaspace   ] GC(994) Metaspace: 80246K(81600K)->80246K(81600K) NonClass: 70588K(71232K)->70588K(71232K) Class: 9658K(10368K)->9658K(10368K)
[2822.666s][info][gc             ] GC(994) Pause Young (Allocation Failure) 1426M->86M(4086M) 2.580ms
[2822.667s][info][gc,cpu         ] GC(994) User=0.00s Sys=0.00s Real=0.00s
[2825.406s][info][gc,start       ] GC(995) Pause Young (Allocation Failure)
[2825.410s][info][gc,heap        ] GC(995) PSYoungGen: 1378851K(1387520K)->10210K(1379328K) Eden: 1373687K(1377280K)->0K(1369088K) From: 5163K(10240K)->10210K(10240K)
[2825.410s][info][gc,heap        ] GC(995) ParOldGen: 83892K(2796544K)->92832K(2796544K)
[2825.410s][info][gc,metaspace   ] GC(995) Metaspace: 80246K(81600K)->80246K(81600K) NonClass: 70588K(71232K)->70588K(71232K) Class: 9658K(10368K)->9658K(10368K)
[2825.410s][info][gc             ] GC(995) Pause Young (Allocation Failure) 1428M->100M(4078M) 3.723ms
[2825.410s][info][gc,cpu         ] GC(995) User=0.00s Sys=0.00s Real=0.00s
[2829.565s][info][gc,start       ] GC(996) Pause Young (Allocation Failure)
[2829.567s][info][gc,heap        ] GC(996) PSYoungGen: 1379298K(1379328K)->5189K(1383424K) Eden: 1369088K(1369088K)->0K(1369088K) From: 10210K(10240K)->5189K(14336K)
[2829.567s][info][gc,heap        ] GC(996) ParOldGen: 92832K(2796544K)->95476K(2796544K)
[2829.567s][info][gc,metaspace   ] GC(996) Metaspace: 80246K(81600K)->80246K(81600K) NonClass: 70588K(71232K)->70588K(71232K) Class: 9658K(10368K)->9658K(10368K)
[2829.567s][info][gc             ] GC(996) Pause Young (Allocation Failure) 1437M->98M(4082M) 2.501ms
[2829.567s][info][gc,cpu         ] GC(996) User=0.00s Sys=0.00s Real=0.00s
[2831.838s][info][gc,start       ] GC(997) Pause Young (Allocation Failure)
[2831.841s][info][gc,heap        ] GC(997) PSYoungGen: 1374277K(1383424K)->6099K(1383936K) Eden: 1369088K(1369088K)->0K(1369600K) From: 5189K(14336K)->6099K(14336K)
[2831.841s][info][gc,heap        ] GC(997) ParOldGen: 95476K(2796544K)->98636K(2796544K)
[2831.841s][info][gc,metaspace   ] GC(997) Metaspace: 80246K(81600K)->80246K(81600K) NonClass: 70588K(71232K)->70588K(71232K) Class: 9658K(10368K)->9658K(10368K)
[2831.841s][info][gc             ] GC(997) Pause Young (Allocation Failure) 1435M->102M(4082M) 3.315ms
[2831.841s][info][gc,cpu         ] GC(997) User=0.00s Sys=0.00s Real=0.00s
[2836.509s][info][gc,start       ] GC(998) Pause Young (Allocation Failure)
[2836.512s][info][gc,heap        ] GC(998) PSYoungGen: 1375699K(1383936K)->6354K(1383424K) Eden: 1369600K(1369600K)->0K(1369600K) From: 6099K(14336K)->6354K(13824K)
[2836.512s][info][gc,heap        ] GC(998) ParOldGen: 98636K(2796544K)->102901K(2796544K)
[2836.512s][info][gc,metaspace   ] GC(998) Metaspace: 80246K(81600K)->80246K(81600K) NonClass: 70588K(71232K)->70588K(71232K) Class: 9658K(10368K)->9658K(10368K)
[2836.512s][info][gc             ] GC(998) Pause Young (Allocation Failure) 1439M->106M(4082M) 3.547ms
[2836.512s][info][gc,cpu         ] GC(998) User=0.02s Sys=0.00s Real=0.02s
[2839.018s][info][gc,start       ] GC(999) Pause Young (Allocation Failure)
[2839.020s][info][gc,heap        ] GC(999) PSYoungGen: 1375187K(1383424K)->5179K(1384960K) Eden: 1368832K(1369600K)->0K(1371648K) From: 6354K(13824K)->5179K(13312K)
[2839.020s][info][gc,heap        ] GC(999) ParOldGen: 102901K(2796544K)->106882K(2796544K)
[2839.020s][info][gc,metaspace   ] GC(999) Metaspace: 80246K(81600K)->80246K(81600K) NonClass: 70588K(71232K)->70588K(71232K) Class: 9658K(10368K)->9658K(10368K)
[2839.020s][info][gc             ] GC(999) Pause Young (Allocation Failure) 1443M->109M(4083M) 2.753ms
[2839.020s][info][gc,cpu         ] GC(999) User=0.00s Sys=0.00s Real=0.00s
[2842.898s][info][gc,start       ] GC(1000) Pause Young (Allocation Failure)
[2842.901s][info][gc,heap        ] GC(1000) PSYoungGen: 1376827K(1384960K)->5743K(1384448K) Eden: 1371648K(1371648K)->0K(1371648K) From: 5179K(13312K)->5743K(12800K)
[2842.901s][info][gc,heap        ] GC(1000) ParOldGen: 106882K(2796544K)->110529K(2796544K)
[2842.901s][info][gc,metaspace   ] GC(1000) Metaspace: 80246K(81600K)->80246K(81600K) NonClass: 70588K(71232K)->70588K(71232K) Class: 9658K(10368K)->9658K(10368K)
[2842.901s][info][gc             ] GC(1000) Pause Young (Allocation Failure) 1448M->113M(4083M) 3.122ms
[2842.901s][info][gc,cpu         ] GC(1000) User=0.00s Sys=0.00s Real=0.00s
[2845.852s][info][gc,start       ] GC(1001) Pause Young (Allocation Failure)
[2845.855s][info][gc,heap        ] GC(1001) PSYoungGen: 1377391K(1384448K)->6252K(1385984K) Eden: 1371648K(1371648K)->0K(1373696K) From: 5743K(12800K)->6252K(12288K)
[2845.855s][info][gc,heap        ] GC(1001) ParOldGen: 110529K(2796544K)->113019K(2796544K)
[2845.855s][info][gc,metaspace   ] GC(1001) Metaspace: 80246K(81600K)->80246K(81600K) NonClass: 70588K(71232K)->70588K(71232K) Class: 9658K(10368K)->9658K(10368K)
[2845.855s][info][gc             ] GC(1001) Pause Young (Allocation Failure) 1453M->116M(4084M) 3.389ms
[2845.855s][info][gc,cpu         ] GC(1001) User=0.02s Sys=0.00s Real=0.02s
[2848.874s][info][gc,start       ] GC(1002) Pause Young (Allocation Failure)
[2848.877s][info][gc,heap        ] GC(1002) PSYoungGen: 1379948K(1385984K)->5868K(1385472K) Eden: 1373696K(1373696K)->0K(1373696K) From: 6252K(12288K)->5868K(11776K)
[2848.877s][info][gc,heap        ] GC(1002) ParOldGen: 113019K(2796544K)->118111K(2796544K)
[2848.877s][info][gc,metaspace   ] GC(1002) Metaspace: 80246K(81600K)->80246K(81600K) NonClass: 70588K(71232K)->70588K(71232K) Class: 9658K(10368K)->9658K(10368K)
[2848.877s][info][gc             ] GC(1002) Pause Young (Allocation Failure) 1457M->121M(4084M) 3.418ms
[2848.877s][info][gc,cpu         ] GC(1002) User=0.00s Sys=0.00s Real=0.00s
[2851.097s][info][gc,start       ] GC(1003) Pause Young (Allocation Failure)
[2851.100s][info][gc,heap        ] GC(1003) PSYoungGen: 1379564K(1385472K)->6686K(1386496K) Eden: 1373696K(1373696K)->0K(1375232K) From: 5868K(11776K)->6686K(11264K)
[2851.100s][info][gc,heap        ] GC(1003) ParOldGen: 118111K(2796544K)->122087K(2796544K)
[2851.100s][info][gc,metaspace   ] GC(1003) Metaspace: 80246K(81600K)->80246K(81600K) NonClass: 70588K(71232K)->70588K(71232K) Class: 9658K(10368K)->9658K(10368K)
[2851.100s][info][gc             ] GC(1003) Pause Young (Allocation Failure) 1462M->125M(4085M) 3.135ms
[2851.100s][info][gc,cpu         ] GC(1003) User=0.00s Sys=0.00s Real=0.00s
[2853.500s][info][gc,start       ] GC(1004) Pause Young (Allocation Failure)
[2853.504s][info][gc,heap        ] GC(1004) PSYoungGen: 1381918K(1386496K)->6205K(1386496K) Eden: 1375232K(1375232K)->0K(1375232K) From: 6686K(11264K)->6205K(11264K)
[2853.504s][info][gc,heap        ] GC(1004) ParOldGen: 122087K(2796544K)->127094K(2796544K)
[2853.504s][info][gc,metaspace   ] GC(1004) Metaspace: 80246K(81600K)->80246K(81600K) NonClass: 70588K(71232K)->70588K(71232K) Class: 9658K(10368K)->9658K(10368K)
[2853.504s][info][gc             ] GC(1004) Pause Young (Allocation Failure) 1468M->130M(4085M) 3.712ms
[2853.504s][info][gc,cpu         ] GC(1004) User=0.02s Sys=0.00s Real=0.02s
[2856.570s][info][gc,start       ] GC(1005) Pause Young (System.gc())
[2856.573s][info][gc,heap        ] GC(1005) PSYoungGen: 1320175K(1386496K)->3580K(1387008K) Eden: 1313969K(1375232K)->0K(1376256K) From: 6205K(11264K)->3580K(10752K)
[2856.573s][info][gc,heap        ] GC(1005) ParOldGen: 127094K(2796544K)->131871K(2796544K)
[2856.573s][info][gc,metaspace   ] GC(1005) Metaspace: 80246K(81600K)->80246K(81600K) NonClass: 70588K(71232K)->70588K(71232K) Class: 9658K(10368K)->9658K(10368K)
[2856.573s][info][gc             ] GC(1005) Pause Young (System.gc()) 1413M->132M(4085M) 2.768ms
[2856.573s][info][gc,cpu         ] GC(1005) User=0.00s Sys=0.00s Real=0.00s
[2856.573s][info][gc,start       ] GC(1006) Pause Full (System.gc())
[2856.573s][info][gc,phases,start] GC(1006) Marking Phase
[2856.592s][info][gc,phases      ] GC(1006) Marking Phase 18.947ms
[2856.592s][info][gc,phases,start] GC(1006) Summary Phase
[2856.592s][info][gc,phases      ] GC(1006) Summary Phase 0.011ms
[2856.592s][info][gc,phases,start] GC(1006) Adjust Roots
[2856.599s][info][gc,phases      ] GC(1006) Adjust Roots 6.511ms
[2856.599s][info][gc,phases,start] GC(1006) Compaction Phase
[2856.611s][info][gc,phases      ] GC(1006) Compaction Phase 12.200ms
[2856.611s][info][gc,phases,start] GC(1006) Post Compact
[2856.612s][info][gc,phases      ] GC(1006) Post Compact 1.296ms
[2856.612s][info][gc,heap        ] GC(1006) PSYoungGen: 3580K(1387008K)->0K(1387008K) Eden: 0K(1376256K)->0K(1376256K) From: 3580K(10752K)->0K(10752K)
[2856.612s][info][gc,heap        ] GC(1006) ParOldGen: 131871K(2796544K)->81819K(2796544K)
[2856.612s][info][gc,metaspace   ] GC(1006) Metaspace: 80246K(81600K)->80246K(81600K) NonClass: 70588K(71232K)->70588K(71232K) Class: 9658K(10368K)->9658K(10368K)
[2856.612s][info][gc             ] GC(1006) Pause Full (System.gc()) 132M->79M(4085M) 39.273ms
[2856.612s][info][gc,cpu         ] GC(1006) User=0.05s Sys=0.00s Real=0.05s
[2859.789s][info][gc,start       ] GC(1007) Pause Young (Allocation Failure)
[2859.791s][info][gc,heap        ] GC(1007) PSYoungGen: 1376256K(1387008K)->5084K(1387008K) Eden: 1376256K(1376256K)->0K(1376256K) From: 0K(10752K)->5084K(10752K)
[2859.791s][info][gc,heap        ] GC(1007) ParOldGen: 81819K(2796544K)->81819K(2796544K)
[2859.791s][info][gc,metaspace   ] GC(1007) Metaspace: 80246K(81600K)->80246K(81600K) NonClass: 70588K(71232K)->70588K(71232K) Class: 9658K(10368K)->9658K(10368K)
[2859.791s][info][gc             ] GC(1007) Pause Young (Allocation Failure) 1423M->84M(4085M) 2.203ms
[2859.792s][info][gc,cpu         ] GC(1007) User=0.00s Sys=0.00s Real=0.00s
[2862.531s][info][gc,start       ] GC(1008) Pause Young (Allocation Failure)
[2862.535s][info][gc,heap        ] GC(1008) PSYoungGen: 1381340K(1387008K)->10727K(1384960K) Eden: 1376256K(1376256K)->0K(1374208K) From: 5084K(10752K)->10727K(10752K)
[2862.536s][info][gc,heap        ] GC(1008) ParOldGen: 81819K(2796544K)->85795K(2796544K)
[2862.536s][info][gc,metaspace   ] GC(1008) Metaspace: 80246K(81600K)->80246K(81600K) NonClass: 70588K(71232K)->70588K(71232K) Class: 9658K(10368K)->9658K(10368K)
[2862.536s][info][gc             ] GC(1008) Pause Young (Allocation Failure) 1428M->94M(4083M) 4.136ms
[2862.536s][info][gc,cpu         ] GC(1008) User=0.00s Sys=0.00s Real=0.00s
[2866.741s][info][gc,start       ] GC(1009) Pause Young (Allocation Failure)
[2866.743s][info][gc,heap        ] GC(1009) PSYoungGen: 1384935K(1384960K)->5860K(1385984K) Eden: 1374208K(1374208K)->0K(1374208K) From: 10727K(10752K)->5860K(11776K)
[2866.743s][info][gc,heap        ] GC(1009) ParOldGen: 85795K(2796544K)->88494K(2796544K)
[2866.743s][info][gc,metaspace   ] GC(1009) Metaspace: 80246K(81600K)->80246K(81600K) NonClass: 70588K(71232K)->70588K(71232K) Class: 9658K(10368K)->9658K(10368K)
[2866.743s][info][gc             ] GC(1009) Pause Young (Allocation Failure) 1436M->92M(4084M) 2.648ms
[2866.743s][info][gc,cpu         ] GC(1009) User=0.02s Sys=0.00s Real=0.02s
[2868.971s][info][gc,start       ] GC(1010) Pause Young (Allocation Failure)
[2868.974s][info][gc,heap        ] GC(1010) PSYoungGen: 1380068K(1385984K)->6692K(1386496K) Eden: 1374208K(1374208K)->0K(1375232K) From: 5860K(11776K)->6692K(11264K)
[2868.974s][info][gc,heap        ] GC(1010) ParOldGen: 88494K(2796544K)->91663K(2796544K)
[2868.974s][info][gc,metaspace   ] GC(1010) Metaspace: 80246K(81600K)->80246K(81600K) NonClass: 70588K(71232K)->70588K(71232K) Class: 9658K(10368K)->9658K(10368K)
[2868.974s][info][gc             ] GC(1010) Pause Young (Allocation Failure) 1434M->96M(4085M) 3.134ms
[2868.975s][info][gc,cpu         ] GC(1010) User=0.00s Sys=0.00s Real=0.00s
[2873.649s][info][gc,start       ] GC(1011) Pause Young (Allocation Failure)
[2873.652s][info][gc,heap        ] GC(1011) PSYoungGen: 1381924K(1386496K)->5358K(1386496K) Eden: 1375232K(1375232K)->0K(1375232K) From: 6692K(11264K)->5358K(11264K)
[2873.652s][info][gc,heap        ] GC(1011) ParOldGen: 91663K(2796544K)->96278K(2796544K)
[2873.652s][info][gc,metaspace   ] GC(1011) Metaspace: 80246K(81600K)->80246K(81600K) NonClass: 70588K(71232K)->70588K(71232K) Class: 9658K(10368K)->9658K(10368K)
[2873.652s][info][gc             ] GC(1011) Pause Young (Allocation Failure) 1439M->99M(4085M) 3.082ms
[2873.652s][info][gc,cpu         ] GC(1011) User=0.00s Sys=0.00s Real=0.00s
[2876.266s][info][gc,start       ] GC(1012) Pause Young (Allocation Failure)
[2876.269s][info][gc,heap        ] GC(1012) PSYoungGen: 1379860K(1386496K)->4835K(1387008K) Eden: 1374502K(1375232K)->0K(1376256K) From: 5358K(11264K)->4835K(10752K)
[2876.269s][info][gc,heap        ] GC(1012) ParOldGen: 96278K(2796544K)->100412K(2796544K)
[2876.269s][info][gc,metaspace   ] GC(1012) Metaspace: 80246K(81600K)->80246K(81600K) NonClass: 70588K(71232K)->70588K(71232K) Class: 9658K(10368K)->9658K(10368K)
[2876.269s][info][gc             ] GC(1012) Pause Young (Allocation Failure) 1441M->102M(4085M) 2.503ms
[2876.269s][info][gc,cpu         ] GC(1012) User=0.02s Sys=0.00s Real=0.00s
[2880.016s][info][gc,start       ] GC(1013) Pause Young (Allocation Failure)
[2880.019s][info][gc,heap        ] GC(1013) PSYoungGen: 1380736K(1387008K)->5377K(1387008K) Eden: 1375901K(1376256K)->0K(1376256K) From: 4835K(10752K)->5377K(10752K)
[2880.019s][info][gc,heap        ] GC(1013) ParOldGen: 100412K(2796544K)->103946K(2796544K)
[2880.019s][info][gc,metaspace   ] GC(1013) Metaspace: 80246K(81600K)->80246K(81600K) NonClass: 70588K(71232K)->70588K(71232K) Class: 9658K(10368K)->9658K(10368K)
[2880.019s][info][gc             ] GC(1013) Pause Young (Allocation Failure) 1446M->106M(4085M) 3.694ms
[2880.019s][info][gc,cpu         ] GC(1013) User=0.00s Sys=0.00s Real=0.00s
[2883.019s][info][gc,start       ] GC(1014) Pause Young (Allocation Failure)
[2883.022s][info][gc,heap        ] GC(1014) PSYoungGen: 1381633K(1387008K)->7447K(1387520K) Eden: 1376256K(1376256K)->0K(1377280K) From: 5377K(10752K)->7447K(10240K)
[2883.022s][info][gc,heap        ] GC(1014) ParOldGen: 103946K(2796544K)->106337K(2796544K)
[2883.022s][info][gc,metaspace   ] GC(1014) Metaspace: 80246K(81600K)->80246K(81600K) NonClass: 70588K(71232K)->70588K(71232K) Class: 9658K(10368K)->9658K(10368K)
[2883.022s][info][gc             ] GC(1014) Pause Young (Allocation Failure) 1450M->111M(4086M) 3.271ms
[2883.022s][info][gc,cpu         ] GC(1014) User=0.00s Sys=0.00s Real=0.00s
[2886.140s][info][gc,start       ] GC(1015) Pause Young (Allocation Failure)
[2886.142s][info][gc,heap        ] GC(1015) PSYoungGen: 1384694K(1387520K)->5337K(1387520K) Eden: 1377247K(1377280K)->0K(1377280K) From: 7447K(10240K)->5337K(10240K)
[2886.143s][info][gc,heap        ] GC(1015) ParOldGen: 106337K(2796544K)->111545K(2796544K)
[2886.143s][info][gc,metaspace   ] GC(1015) Metaspace: 80246K(81600K)->80246K(81600K) NonClass: 70588K(71232K)->70588K(71232K) Class: 9658K(10368K)->9658K(10368K)
[2886.143s][info][gc             ] GC(1015) Pause Young (Allocation Failure) 1456M->114M(4086M) 3.035ms
[2886.143s][info][gc,cpu         ] GC(1015) User=0.00s Sys=0.00s Real=0.00s
[2888.377s][info][gc,start       ] GC(1016) Pause Young (Allocation Failure)
[2888.381s][info][gc,heap        ] GC(1016) PSYoungGen: 1382617K(1387520K)->6562K(1387520K) Eden: 1377280K(1377280K)->0K(1377280K) From: 5337K(10240K)->6562K(10240K)
[2888.381s][info][gc,heap        ] GC(1016) ParOldGen: 111545K(2796544K)->115619K(2796544K)
[2888.381s][info][gc,metaspace   ] GC(1016) Metaspace: 80246K(81600K)->80246K(81600K) NonClass: 70588K(71232K)->70588K(71232K) Class: 9658K(10368K)->9658K(10368K)
[2888.381s][info][gc             ] GC(1016) Pause Young (Allocation Failure) 1459M->119M(4086M) 3.329ms
[2888.381s][info][gc,cpu         ] GC(1016) User=0.00s Sys=0.00s Real=0.00s
[2890.593s][info][gc,start       ] GC(1017) Pause Young (Allocation Failure)
[2890.596s][info][gc,heap        ] GC(1017) PSYoungGen: 1382790K(1387520K)->6193K(1387520K) Eden: 1376227K(1377280K)->0K(1377280K) From: 6562K(10240K)->6193K(10240K)
[2890.596s][info][gc,heap        ] GC(1017) ParOldGen: 115619K(2796544K)->120637K(2796544K)
[2890.596s][info][gc,metaspace   ] GC(1017) Metaspace: 80246K(81600K)->80246K(81600K) NonClass: 70588K(71232K)->70588K(71232K) Class: 9658K(10368K)->9658K(10368K)
[2890.596s][info][gc             ] GC(1017) Pause Young (Allocation Failure) 1463M->123M(4086M) 3.237ms
[2890.596s][info][gc,cpu         ] GC(1017) User=0.00s Sys=0.00s Real=0.00s
[2893.652s][info][gc,start       ] GC(1018) Pause Young (System.gc())
[2893.655s][info][gc,heap        ] GC(1018) PSYoungGen: 1280552K(1387520K)->3551K(1388032K) Eden: 1274359K(1377280K)->0K(1378304K) From: 6193K(10240K)->3551K(9728K)
[2893.655s][info][gc,heap        ] GC(1018) ParOldGen: 120637K(2796544K)->125892K(2796544K)
[2893.655s][info][gc,metaspace   ] GC(1018) Metaspace: 80246K(81600K)->80246K(81600K) NonClass: 70588K(71232K)->70588K(71232K) Class: 9658K(10368K)->9658K(10368K)
[2893.655s][info][gc             ] GC(1018) Pause Young (System.gc()) 1368M->126M(4086M) 3.234ms
[2893.655s][info][gc,cpu         ] GC(1018) User=0.00s Sys=0.00s Real=0.02s
[2893.655s][info][gc,start       ] GC(1019) Pause Full (System.gc())
[2893.655s][info][gc,phases,start] GC(1019) Marking Phase
[2893.674s][info][gc,phases      ] GC(1019) Marking Phase 18.884ms
[2893.674s][info][gc,phases,start] GC(1019) Summary Phase
[2893.674s][info][gc,phases      ] GC(1019) Summary Phase 0.010ms
[2893.674s][info][gc,phases,start] GC(1019) Adjust Roots
[2893.680s][info][gc,phases      ] GC(1019) Adjust Roots 6.151ms
[2893.680s][info][gc,phases,start] GC(1019) Compaction Phase
[2893.692s][info][gc,phases      ] GC(1019) Compaction Phase 11.715ms
[2893.692s][info][gc,phases,start] GC(1019) Post Compact
[2893.694s][info][gc,phases      ] GC(1019) Post Compact 1.281ms
[2893.694s][info][gc,heap        ] GC(1019) PSYoungGen: 3551K(1388032K)->0K(1388032K) Eden: 0K(1378304K)->0K(1378304K) From: 3551K(9728K)->0K(9728K)
[2893.694s][info][gc,heap        ] GC(1019) ParOldGen: 125892K(2796544K)->82005K(2796544K)
[2893.694s][info][gc,metaspace   ] GC(1019) Metaspace: 80246K(81600K)->80246K(81600K) NonClass: 70588K(71232K)->70588K(71232K) Class: 9658K(10368K)->9658K(10368K)
[2893.694s][info][gc             ] GC(1019) Pause Full (System.gc()) 126M->80M(4086M) 38.362ms
[2893.694s][info][gc,cpu         ] GC(1019) User=0.02s Sys=0.00s Real=0.03s
[2896.889s][info][gc,start       ] GC(1020) Pause Young (Allocation Failure)
[2896.892s][info][gc,heap        ] GC(1020) PSYoungGen: 1378304K(1388032K)->4990K(1388032K) Eden: 1378304K(1378304K)->0K(1378304K) From: 0K(9728K)->4990K(9728K)
[2896.892s][info][gc,heap        ] GC(1020) ParOldGen: 82005K(2796544K)->82005K(2796544K)
[2896.892s][info][gc,metaspace   ] GC(1020) Metaspace: 80246K(81600K)->80246K(81600K) NonClass: 70588K(71232K)->70588K(71232K) Class: 9658K(10368K)->9658K(10368K)
[2896.892s][info][gc             ] GC(1020) Pause Young (Allocation Failure) 1426M->84M(4086M) 2.748ms
[2896.892s][info][gc,cpu         ] GC(1020) User=0.00s Sys=0.00s Real=0.01s
[2899.646s][info][gc,start       ] GC(1021) Pause Young (Allocation Failure)
[2899.649s][info][gc,heap        ] GC(1021) PSYoungGen: 1380402K(1388032K)->9706K(1381888K) Eden: 1375411K(1378304K)->0K(1372160K) From: 4990K(9728K)->9706K(9728K)
[2899.649s][info][gc,heap        ] GC(1021) ParOldGen: 82005K(2796544K)->87517K(2796544K)
[2899.649s][info][gc,metaspace   ] GC(1021) Metaspace: 80246K(81600K)->80246K(81600K) NonClass: 70588K(71232K)->70588K(71232K) Class: 9658K(10368K)->9658K(10368K)
[2899.649s][info][gc             ] GC(1021) Pause Young (Allocation Failure) 1428M->94M(4080M) 3.846ms
[2899.649s][info][gc,cpu         ] GC(1021) User=0.00s Sys=0.00s Real=0.00s
[2903.888s][info][gc,start       ] GC(1022) Pause Young (Allocation Failure)
[2903.890s][info][gc,heap        ] GC(1022) PSYoungGen: 1380316K(1381888K)->4277K(1384960K) Eden: 1370609K(1372160K)->0K(1372160K) From: 9706K(9728K)->4277K(12800K)
[2903.890s][info][gc,heap        ] GC(1022) ParOldGen: 87517K(2796544K)->91331K(2796544K)
[2903.890s][info][gc,metaspace   ] GC(1022) Metaspace: 80246K(81600K)->80246K(81600K) NonClass: 70588K(71232K)->70588K(71232K) Class: 9658K(10368K)->9658K(10368K)
[2903.890s][info][gc             ] GC(1022) Pause Young (Allocation Failure) 1433M->93M(4083M) 2.416ms
[2903.890s][info][gc,cpu         ] GC(1022) User=0.00s Sys=0.00s Real=0.00s
[2906.077s][info][gc,start       ] GC(1023) Pause Young (Allocation Failure)
[2906.081s][info][gc,heap        ] GC(1023) PSYoungGen: 1376437K(1384960K)->8518K(1384960K) Eden: 1372160K(1372160K)->0K(1372160K) From: 4277K(12800K)->8518K(12800K)
[2906.081s][info][gc,heap        ] GC(1023) ParOldGen: 91331K(2796544K)->94589K(2796544K)
[2906.081s][info][gc,metaspace   ] GC(1023) Metaspace: 80246K(81600K)->80246K(81600K) NonClass: 70588K(71232K)->70588K(71232K) Class: 9658K(10368K)->9658K(10368K)
[2906.081s][info][gc             ] GC(1023) Pause Young (Allocation Failure) 1433M->100M(4083M) 3.473ms
[2906.081s][info][gc,cpu         ] GC(1023) User=0.00s Sys=0.00s Real=0.00s
[2910.807s][info][gc,start       ] GC(1024) Pause Young (Allocation Failure)
[2910.810s][info][gc,heap        ] GC(1024) PSYoungGen: 1380678K(1384960K)->5398K(1384960K) Eden: 1372160K(1372160K)->0K(1372160K) From: 8518K(12800K)->5398K(12800K)
[2910.810s][info][gc,heap        ] GC(1024) ParOldGen: 94589K(2796544K)->99197K(2796544K)
[2910.810s][info][gc,metaspace   ] GC(1024) Metaspace: 80246K(81600K)->80246K(81600K) NonClass: 70588K(71232K)->70588K(71232K) Class: 9658K(10368K)->9658K(10368K)
[2910.810s][info][gc             ] GC(1024) Pause Young (Allocation Failure) 1440M->102M(4083M) 3.271ms
[2910.810s][info][gc,cpu         ] GC(1024) User=0.00s Sys=0.00s Real=0.00s
[2913.472s][info][gc,start       ] GC(1025) Pause Young (Allocation Failure)
[2913.475s][info][gc,heap        ] GC(1025) PSYoungGen: 1377558K(1384960K)->5008K(1385472K) Eden: 1372160K(1372160K)->0K(1373184K) From: 5398K(12800K)->5008K(12288K)
[2913.475s][info][gc,heap        ] GC(1025) ParOldGen: 99197K(2796544K)->103320K(2796544K)
[2913.475s][info][gc,metaspace   ] GC(1025) Metaspace: 80246K(81600K)->80246K(81600K) NonClass: 70588K(71232K)->70588K(71232K) Class: 9658K(10368K)->9658K(10368K)
[2913.475s][info][gc             ] GC(1025) Pause Young (Allocation Failure) 1442M->105M(4084M) 2.513ms
[2913.475s][info][gc,cpu         ] GC(1025) User=0.00s Sys=0.00s Real=0.00s
[2917.183s][info][gc,start       ] GC(1026) Pause Young (Allocation Failure)
[2917.187s][info][gc,heap        ] GC(1026) PSYoungGen: 1378192K(1385472K)->5514K(1385472K) Eden: 1373184K(1373184K)->0K(1373184K) From: 5008K(12288K)->5514K(12288K)
[2917.187s][info][gc,heap        ] GC(1026) ParOldGen: 103320K(2796544K)->106905K(2796544K)
[2917.187s][info][gc,metaspace   ] GC(1026) Metaspace: 80246K(81600K)->80246K(81600K) NonClass: 70588K(71232K)->70588K(71232K) Class: 9658K(10368K)->9658K(10368K)
[2917.187s][info][gc             ] GC(1026) Pause Young (Allocation Failure) 1446M->109M(4084M) 3.737ms
[2917.187s][info][gc,cpu         ] GC(1026) User=0.00s Sys=0.00s Real=0.00s
[2920.205s][info][gc,start       ] GC(1027) Pause Young (Allocation Failure)
[2920.209s][info][gc,heap        ] GC(1027) PSYoungGen: 1378698K(1385472K)->7373K(1385984K) Eden: 1373184K(1373184K)->0K(1374208K) From: 5514K(12288K)->7373K(11776K)
[2920.209s][info][gc,heap        ] GC(1027) ParOldGen: 106905K(2796544K)->109294K(2796544K)
[2920.209s][info][gc,metaspace   ] GC(1027) Metaspace: 80246K(81600K)->80246K(81600K) NonClass: 70588K(71232K)->70588K(71232K) Class: 9658K(10368K)->9658K(10368K)
[2920.209s][info][gc             ] GC(1027) Pause Young (Allocation Failure) 1450M->113M(4084M) 4.055ms
[2920.209s][info][gc,cpu         ] GC(1027) User=0.02s Sys=0.00s Real=0.00s
[2923.284s][info][gc,start       ] GC(1028) Pause Young (Allocation Failure)
[2923.287s][info][gc,heap        ] GC(1028) PSYoungGen: 1381581K(1385984K)->5886K(1385984K) Eden: 1374208K(1374208K)->0K(1374208K) From: 7373K(11776K)->5886K(11776K)
[2923.287s][info][gc,heap        ] GC(1028) ParOldGen: 109294K(2796544K)->114619K(2796544K)
[2923.287s][info][gc,metaspace   ] GC(1028) Metaspace: 80246K(81600K)->80246K(81600K) NonClass: 70588K(71232K)->70588K(71232K) Class: 9658K(10368K)->9658K(10368K)
[2923.287s][info][gc             ] GC(1028) Pause Young (Allocation Failure) 1455M->117M(4084M) 3.081ms
[2923.287s][info][gc,cpu         ] GC(1028) User=0.00s Sys=0.00s Real=0.00s
[2925.513s][info][gc,start       ] GC(1029) Pause Young (Allocation Failure)
[2925.517s][info][gc,heap        ] GC(1029) PSYoungGen: 1380094K(1385984K)->7458K(1386496K) Eden: 1374208K(1374208K)->0K(1375232K) From: 5886K(11776K)->7458K(11264K)
[2925.517s][info][gc,heap        ] GC(1029) ParOldGen: 114619K(2796544K)->118636K(2796544K)
[2925.517s][info][gc,metaspace   ] GC(1029) Metaspace: 80246K(81600K)->80246K(81600K) NonClass: 70588K(71232K)->70588K(71232K) Class: 9658K(10368K)->9658K(10368K)
[2925.517s][info][gc             ] GC(1029) Pause Young (Allocation Failure) 1459M->123M(4085M) 3.377ms
[2925.517s][info][gc,cpu         ] GC(1029) User=0.00s Sys=0.00s Real=0.00s
[2927.798s][info][gc,start       ] GC(1030) Pause Young (Allocation Failure)
[2927.801s][info][gc,heap        ] GC(1030) PSYoungGen: 1382690K(1386496K)->5971K(1386496K) Eden: 1375232K(1375232K)->0K(1375232K) From: 7458K(11264K)->5971K(11264K)
[2927.801s][info][gc,heap        ] GC(1030) ParOldGen: 118636K(2796544K)->123660K(2796544K)
[2927.801s][info][gc,metaspace   ] GC(1030) Metaspace: 80246K(81600K)->80246K(81600K) NonClass: 70588K(71232K)->70588K(71232K) Class: 9658K(10368K)->9658K(10368K)
[2927.801s][info][gc             ] GC(1030) Pause Young (Allocation Failure) 1466M->126M(4085M) 3.337ms
[2927.801s][info][gc,cpu         ] GC(1030) User=0.00s Sys=0.00s Real=0.00s
[2930.879s][info][gc,start       ] GC(1031) Pause Young (System.gc())
[2930.882s][info][gc,heap        ] GC(1031) PSYoungGen: 1292320K(1386496K)->3555K(1387008K) Eden: 1286349K(1375232K)->0K(1376256K) From: 5971K(11264K)->3555K(10752K)
[2930.882s][info][gc,heap        ] GC(1031) ParOldGen: 123660K(2796544K)->128401K(2796544K)
[2930.882s][info][gc,metaspace   ] GC(1031) Metaspace: 80246K(81600K)->80246K(81600K) NonClass: 70588K(71232K)->70588K(71232K) Class: 9658K(10368K)->9658K(10368K)
[2930.882s][info][gc             ] GC(1031) Pause Young (System.gc()) 1382M->128M(4085M) 2.987ms
[2930.882s][info][gc,cpu         ] GC(1031) User=0.00s Sys=0.00s Real=0.00s
[2930.882s][info][gc,start       ] GC(1032) Pause Full (System.gc())
[2930.882s][info][gc,phases,start] GC(1032) Marking Phase
[2930.901s][info][gc,phases      ] GC(1032) Marking Phase 19.172ms
[2930.901s][info][gc,phases,start] GC(1032) Summary Phase
[2930.901s][info][gc,phases      ] GC(1032) Summary Phase 0.010ms
[2930.901s][info][gc,phases,start] GC(1032) Adjust Roots
[2930.907s][info][gc,phases      ] GC(1032) Adjust Roots 6.094ms
[2930.907s][info][gc,phases,start] GC(1032) Compaction Phase
[2930.918s][info][gc,phases      ] GC(1032) Compaction Phase 11.356ms
[2930.919s][info][gc,phases,start] GC(1032) Post Compact
[2930.920s][info][gc,phases      ] GC(1032) Post Compact 1.312ms
[2930.920s][info][gc,heap        ] GC(1032) PSYoungGen: 3555K(1387008K)->0K(1387008K) Eden: 0K(1376256K)->0K(1376256K) From: 3555K(10752K)->0K(10752K)
[2930.920s][info][gc,heap        ] GC(1032) ParOldGen: 128401K(2796544K)->82923K(2796544K)
[2930.920s][info][gc,metaspace   ] GC(1032) Metaspace: 80246K(81600K)->80246K(81600K) NonClass: 70588K(71232K)->70588K(71232K) Class: 9658K(10368K)->9658K(10368K)
[2930.920s][info][gc             ] GC(1032) Pause Full (System.gc()) 128M->80M(4085M) 38.275ms
[2930.920s][info][gc,cpu         ] GC(1032) User=0.05s Sys=0.00s Real=0.05s
[2934.160s][info][gc,start       ] GC(1033) Pause Young (Allocation Failure)
[2934.163s][info][gc,heap        ] GC(1033) PSYoungGen: 1376256K(1387008K)->5276K(1387008K) Eden: 1376256K(1376256K)->0K(1376256K) From: 0K(10752K)->5276K(10752K)
[2934.163s][info][gc,heap        ] GC(1033) ParOldGen: 82923K(2796544K)->82923K(2796544K)
[2934.163s][info][gc,metaspace   ] GC(1033) Metaspace: 80246K(81600K)->80246K(81600K) NonClass: 70588K(71232K)->70588K(71232K) Class: 9658K(10368K)->9658K(10368K)
[2934.163s][info][gc             ] GC(1033) Pause Young (Allocation Failure) 1424M->86M(4085M) 2.399ms
[2934.163s][info][gc,cpu         ] GC(1033) User=0.00s Sys=0.00s Real=0.00s
[2936.903s][info][gc,start       ] GC(1034) Pause Young (Allocation Failure)
[2936.906s][info][gc,heap        ] GC(1034) PSYoungGen: 1381203K(1387008K)->10740K(1381888K) Eden: 1375926K(1376256K)->0K(1371136K) From: 5276K(10752K)->10740K(10752K)
[2936.906s][info][gc,heap        ] GC(1034) ParOldGen: 82923K(2796544K)->86943K(2796544K)
[2936.906s][info][gc,metaspace   ] GC(1034) Metaspace: 80246K(81600K)->80246K(81600K) NonClass: 70588K(71232K)->70588K(71232K) Class: 9658K(10368K)->9658K(10368K)
[2936.906s][info][gc             ] GC(1034) Pause Young (Allocation Failure) 1429M->95M(4080M) 3.316ms
[2936.906s][info][gc,cpu         ] GC(1034) User=0.00s Sys=0.00s Real=0.00s
[2941.073s][info][gc,start       ] GC(1035) Pause Young (Allocation Failure)
[2941.075s][info][gc,heap        ] GC(1035) PSYoungGen: 1381876K(1381888K)->5730K(1384448K) Eden: 1371136K(1371136K)->0K(1371136K) From: 10740K(10752K)->5730K(13312K)
[2941.075s][info][gc,heap        ] GC(1035) ParOldGen: 86943K(2796544K)->89648K(2796544K)
[2941.075s][info][gc,metaspace   ] GC(1035) Metaspace: 80246K(81600K)->80246K(81600K) NonClass: 70588K(71232K)->70588K(71232K) Class: 9658K(10368K)->9658K(10368K)
[2941.075s][info][gc             ] GC(1035) Pause Young (Allocation Failure) 1434M->93M(4083M) 2.744ms
[2941.075s][info][gc,cpu         ] GC(1035) User=0.00s Sys=0.00s Real=0.00s
[2943.429s][info][gc,start       ] GC(1036) Pause Young (Allocation Failure)
[2943.432s][info][gc,heap        ] GC(1036) PSYoungGen: 1376866K(1384448K)->5920K(1385472K) Eden: 1371136K(1371136K)->0K(1372672K) From: 5730K(13312K)->5920K(12800K)
[2943.432s][info][gc,heap        ] GC(1036) ParOldGen: 89648K(2796544K)->92803K(2796544K)
[2943.432s][info][gc,metaspace   ] GC(1036) Metaspace: 80246K(81600K)->80246K(81600K) NonClass: 70588K(71232K)->70588K(71232K) Class: 9658K(10368K)->9658K(10368K)
[2943.432s][info][gc             ] GC(1036) Pause Young (Allocation Failure) 1432M->96M(4084M) 3.230ms
[2943.432s][info][gc,cpu         ] GC(1036) User=0.02s Sys=0.00s Real=0.02s
[2948.106s][info][gc,start       ] GC(1037) Pause Young (Allocation Failure)
[2948.110s][info][gc,heap        ] GC(1037) PSYoungGen: 1378592K(1385472K)->6066K(1384960K) Eden: 1372672K(1372672K)->0K(1372672K) From: 5920K(12800K)->6066K(12288K)
[2948.110s][info][gc,heap        ] GC(1037) ParOldGen: 92803K(2796544K)->97040K(2796544K)
[2948.110s][info][gc,metaspace   ] GC(1037) Metaspace: 80246K(81600K)->80246K(81600K) NonClass: 70588K(71232K)->70588K(71232K) Class: 9658K(10368K)->9658K(10368K)
[2948.110s][info][gc             ] GC(1037) Pause Young (Allocation Failure) 1436M->100M(4083M) 3.454ms
[2948.110s][info][gc,cpu         ] GC(1037) User=0.02s Sys=0.00s Real=0.02s
[2950.638s][info][gc,start       ] GC(1038) Pause Young (Allocation Failure)
[2950.641s][info][gc,heap        ] GC(1038) PSYoungGen: 1374788K(1384960K)->4842K(1385984K) Eden: 1368722K(1372672K)->0K(1373696K) From: 6066K(12288K)->4842K(12288K)
[2950.641s][info][gc,heap        ] GC(1038) ParOldGen: 97040K(2796544K)->101168K(2796544K)
[2950.641s][info][gc,metaspace   ] GC(1038) Metaspace: 80246K(81600K)->80246K(81600K) NonClass: 70588K(71232K)->70588K(71232K) Class: 9658K(10368K)->9658K(10368K)
[2950.641s][info][gc             ] GC(1038) Pause Young (Allocation Failure) 1437M->103M(4084M) 2.643ms
[2950.641s][info][gc,cpu         ] GC(1038) User=0.00s Sys=0.00s Real=0.00s
[2954.458s][info][gc,start       ] GC(1039) Pause Young (Allocation Failure)
[2954.461s][info][gc,heap        ] GC(1039) PSYoungGen: 1377579K(1385984K)->5975K(1385472K) Eden: 1372737K(1373696K)->0K(1373696K) From: 4842K(12288K)->5975K(11776K)
[2954.461s][info][gc,heap        ] GC(1039) ParOldGen: 101168K(2796544K)->104707K(2796544K)
[2954.461s][info][gc,metaspace   ] GC(1039) Metaspace: 80246K(81600K)->80246K(81600K) NonClass: 70588K(71232K)->70588K(71232K) Class: 9658K(10368K)->9658K(10368K)
[2954.461s][info][gc             ] GC(1039) Pause Young (Allocation Failure) 1444M->108M(4084M) 2.972ms
[2954.461s][info][gc,cpu         ] GC(1039) User=0.02s Sys=0.00s Real=0.01s
[2957.452s][info][gc,start       ] GC(1040) Pause Young (Allocation Failure)
[2957.455s][info][gc,heap        ] GC(1040) PSYoungGen: 1379260K(1385472K)->6376K(1387008K) Eden: 1373284K(1373696K)->0K(1375744K) From: 5975K(11776K)->6376K(11264K)
[2957.455s][info][gc,heap        ] GC(1040) ParOldGen: 104707K(2796544K)->107161K(2796544K)
[2957.455s][info][gc,metaspace   ] GC(1040) Metaspace: 80246K(81600K)->80246K(81600K) NonClass: 70588K(71232K)->70588K(71232K) Class: 9658K(10368K)->9658K(10368K)
[2957.455s][info][gc             ] GC(1040) Pause Young (Allocation Failure) 1449M->110M(4085M) 2.754ms
[2957.455s][info][gc,cpu         ] GC(1040) User=0.00s Sys=0.00s Real=0.00s
[2960.464s][info][gc,start       ] GC(1041) Pause Young (Allocation Failure)
[2960.468s][info][gc,heap        ] GC(1041) PSYoungGen: 1382120K(1387008K)->8111K(1386496K) Eden: 1375744K(1375744K)->0K(1375744K) From: 6376K(11264K)->8111K(10752K)
[2960.468s][info][gc,heap        ] GC(1041) ParOldGen: 107161K(2796544K)->112295K(2796544K)
[2960.468s][info][gc,metaspace   ] GC(1041) Metaspace: 80246K(81600K)->80246K(81600K) NonClass: 70588K(71232K)->70588K(71232K) Class: 9658K(10368K)->9658K(10368K)
[2960.468s][info][gc             ] GC(1041) Pause Young (Allocation Failure) 1454M->117M(4085M) 3.403ms
[2960.468s][info][gc,cpu         ] GC(1041) User=0.00s Sys=0.00s Real=0.00s
[2962.740s][info][gc,start       ] GC(1042) Pause Young (Allocation Failure)
[2962.743s][info][gc,heap        ] GC(1042) PSYoungGen: 1382622K(1386496K)->6020K(1387008K) Eden: 1374510K(1375744K)->0K(1375744K) From: 8111K(10752K)->6020K(11264K)
[2962.743s][info][gc,heap        ] GC(1042) ParOldGen: 112295K(2796544K)->116224K(2796544K)
[2962.743s][info][gc,metaspace   ] GC(1042) Metaspace: 80246K(81600K)->80246K(81600K) NonClass: 70588K(71232K)->70588K(71232K) Class: 9658K(10368K)->9658K(10368K)
[2962.743s][info][gc             ] GC(1042) Pause Young (Allocation Failure) 1459M->119M(4085M) 3.054ms
[2962.743s][info][gc,cpu         ] GC(1042) User=0.00s Sys=0.00s Real=0.00s
[2965.029s][info][gc,start       ] GC(1043) Pause Young (Allocation Failure)
[2965.032s][info][gc,heap        ] GC(1043) PSYoungGen: 1381764K(1387008K)->6035K(1386496K) Eden: 1375744K(1375744K)->0K(1375744K) From: 6020K(11264K)->6035K(10752K)
[2965.032s][info][gc,heap        ] GC(1043) ParOldGen: 116224K(2796544K)->121286K(2796544K)
[2965.032s][info][gc,metaspace   ] GC(1043) Metaspace: 80246K(81600K)->80246K(81600K) NonClass: 70588K(71232K)->70588K(71232K) Class: 9658K(10368K)->9658K(10368K)
[2965.032s][info][gc             ] GC(1043) Pause Young (Allocation Failure) 1462M->124M(4085M) 3.595ms
[2965.032s][info][gc,cpu         ] GC(1043) User=0.00s Sys=0.00s Real=0.00s
[2968.091s][info][gc,start       ] GC(1044) Pause Young (System.gc())
[2968.094s][info][gc,heap        ] GC(1044) PSYoungGen: 1298242K(1386496K)->3598K(1387008K) Eden: 1292207K(1375744K)->0K(1376256K) From: 6035K(10752K)->3598K(10752K)
[2968.094s][info][gc,heap        ] GC(1044) ParOldGen: 121286K(2796544K)->126030K(2796544K)
[2968.094s][info][gc,metaspace   ] GC(1044) Metaspace: 80246K(81600K)->80246K(81600K) NonClass: 70588K(71232K)->70588K(71232K) Class: 9658K(10368K)->9658K(10368K)
[2968.094s][info][gc             ] GC(1044) Pause Young (System.gc()) 1386M->126M(4085M) 2.775ms
[2968.094s][info][gc,cpu         ] GC(1044) User=0.00s Sys=0.00s Real=0.00s
[2968.094s][info][gc,start       ] GC(1045) Pause Full (System.gc())
[2968.094s][info][gc,phases,start] GC(1045) Marking Phase
[2968.113s][info][gc,phases      ] GC(1045) Marking Phase 18.965ms
[2968.113s][info][gc,phases,start] GC(1045) Summary Phase
[2968.113s][info][gc,phases      ] GC(1045) Summary Phase 0.010ms
[2968.113s][info][gc,phases,start] GC(1045) Adjust Roots
[2968.119s][info][gc,phases      ] GC(1045) Adjust Roots 5.776ms
[2968.119s][info][gc,phases,start] GC(1045) Compaction Phase
[2968.131s][info][gc,phases      ] GC(1045) Compaction Phase 12.365ms
[2968.131s][info][gc,phases,start] GC(1045) Post Compact
[2968.132s][info][gc,phases      ] GC(1045) Post Compact 1.191ms
[2968.132s][info][gc,heap        ] GC(1045) PSYoungGen: 3598K(1387008K)->0K(1387008K) Eden: 0K(1376256K)->0K(1376256K) From: 3598K(10752K)->0K(10752K)
[2968.132s][info][gc,heap        ] GC(1045) ParOldGen: 126030K(2796544K)->81834K(2796544K)
[2968.132s][info][gc,metaspace   ] GC(1045) Metaspace: 80246K(81600K)->80246K(81600K) NonClass: 70588K(71232K)->70588K(71232K) Class: 9658K(10368K)->9658K(10368K)
[2968.132s][info][gc             ] GC(1045) Pause Full (System.gc()) 126M->79M(4085M) 38.591ms
[2968.132s][info][gc,cpu         ] GC(1045) User=0.03s Sys=0.00s Real=0.05s
[2971.343s][info][gc,start       ] GC(1046) Pause Young (Allocation Failure)
[2971.346s][info][gc,heap        ] GC(1046) PSYoungGen: 1376256K(1387008K)->5245K(1387008K) Eden: 1376256K(1376256K)->0K(1376256K) From: 0K(10752K)->5245K(10752K)
[2971.346s][info][gc,heap        ] GC(1046) ParOldGen: 81834K(2796544K)->81834K(2796544K)
[2971.346s][info][gc,metaspace   ] GC(1046) Metaspace: 80246K(81600K)->80246K(81600K) NonClass: 70588K(71232K)->70588K(71232K) Class: 9658K(10368K)->9658K(10368K)
[2971.346s][info][gc             ] GC(1046) Pause Young (Allocation Failure) 1423M->85M(4085M) 2.235ms
[2971.346s][info][gc,cpu         ] GC(1046) User=0.00s Sys=0.00s Real=0.00s
[2974.157s][info][gc,start       ] GC(1047) Pause Young (Allocation Failure)
[2974.161s][info][gc,heap        ] GC(1047) PSYoungGen: 1378083K(1387008K)->10217K(1375232K) Eden: 1372837K(1376256K)->0K(1364992K) From: 5245K(10752K)->10217K(10240K)
[2974.161s][info][gc,heap        ] GC(1047) ParOldGen: 81834K(2796544K)->95079K(2796544K)
[2974.161s][info][gc,metaspace   ] GC(1047) Metaspace: 80246K(81600K)->80246K(81600K) NonClass: 70588K(71232K)->70588K(71232K) Class: 9658K(10368K)->9658K(10368K)
[2974.161s][info][gc             ] GC(1047) Pause Young (Allocation Failure) 1425M->102M(4074M) 4.242ms
[2974.161s][info][gc,cpu         ] GC(1047) User=0.00s Sys=0.00s Real=0.00s
[2978.300s][info][gc,start       ] GC(1048) Pause Young (Allocation Failure)
[2978.303s][info][gc,heap        ] GC(1048) PSYoungGen: 1375209K(1375232K)->5182K(1381376K) Eden: 1364992K(1364992K)->0K(1364992K) From: 10217K(10240K)->5182K(16384K)
[2978.303s][info][gc,heap        ] GC(1048) ParOldGen: 95079K(2796544K)->97750K(2796544K)
[2978.303s][info][gc,metaspace   ] GC(1048) Metaspace: 80246K(81600K)->80246K(81600K) NonClass: 70588K(71232K)->70588K(71232K) Class: 9658K(10368K)->9658K(10368K)
[2978.303s][info][gc             ] GC(1048) Pause Young (Allocation Failure) 1435M->100M(4080M) 3.260ms
[2978.303s][info][gc,cpu         ] GC(1048) User=0.00s Sys=0.00s Real=0.00s
[2980.553s][info][gc,start       ] GC(1049) Pause Young (Allocation Failure)
[2980.556s][info][gc,heap        ] GC(1049) PSYoungGen: 1370070K(1381376K)->6016K(1382400K) Eden: 1364887K(1364992K)->0K(1366528K) From: 5182K(16384K)->6016K(15872K)
[2980.556s][info][gc,heap        ] GC(1049) ParOldGen: 97750K(2796544K)->100920K(2796544K)
[2980.556s][info][gc,metaspace   ] GC(1049) Metaspace: 80246K(81600K)->80246K(81600K) NonClass: 70588K(71232K)->70588K(71232K) Class: 9658K(10368K)->9658K(10368K)
[2980.556s][info][gc             ] GC(1049) Pause Young (Allocation Failure) 1433M->104M(4081M) 3.364ms
[2980.556s][info][gc,cpu         ] GC(1049) User=0.00s Sys=0.00s Real=0.00s
[2985.182s][info][gc,start       ] GC(1050) Pause Young (Allocation Failure)
[2985.185s][info][gc,heap        ] GC(1050) PSYoungGen: 1372544K(1382400K)->5746K(1381888K) Eden: 1366528K(1366528K)->0K(1366528K) From: 6016K(15872K)->5746K(15360K)
[2985.185s][info][gc,heap        ] GC(1050) ParOldGen: 100920K(2796544K)->105182K(2796544K)
[2985.185s][info][gc,metaspace   ] GC(1050) Metaspace: 80246K(81600K)->80246K(81600K) NonClass: 70588K(71232K)->70588K(71232K) Class: 9658K(10368K)->9658K(10368K)
[2985.185s][info][gc             ] GC(1050) Pause Young (Allocation Failure) 1438M->108M(4080M) 3.169ms
[2985.185s][info][gc,cpu         ] GC(1050) User=0.00s Sys=0.00s Real=0.00s
[2987.586s][info][gc,start       ] GC(1051) Pause Young (Allocation Failure)
[2987.589s][info][gc,heap        ] GC(1051) PSYoungGen: 1372274K(1381888K)->6119K(1383424K) Eden: 1366528K(1366528K)->0K(1368576K) From: 5746K(15360K)->6119K(14848K)
[2987.589s][info][gc,heap        ] GC(1051) ParOldGen: 105182K(2796544K)->108645K(2796544K)
[2987.589s][info][gc,metaspace   ] GC(1051) Metaspace: 80246K(81600K)->80246K(81600K) NonClass: 70588K(71232K)->70588K(71232K) Class: 9658K(10368K)->9658K(10368K)
[2987.589s][info][gc             ] GC(1051) Pause Young (Allocation Failure) 1442M->112M(4082M) 2.901ms
[2987.589s][info][gc,cpu         ] GC(1051) User=0.00s Sys=0.00s Real=0.00s
[2991.504s][info][gc,start       ] GC(1052) Pause Young (Allocation Failure)
[2991.506s][info][gc,heap        ] GC(1052) PSYoungGen: 1374695K(1383424K)->4887K(1382912K) Eden: 1368576K(1368576K)->0K(1368576K) From: 6119K(14848K)->4887K(14336K)
[2991.506s][info][gc,heap        ] GC(1052) ParOldGen: 108645K(2796544K)->112843K(2796544K)
[2991.506s][info][gc,metaspace   ] GC(1052) Metaspace: 80246K(81600K)->80246K(81600K) NonClass: 70588K(71232K)->70588K(71232K) Class: 9658K(10368K)->9658K(10368K)
[2991.507s][info][gc             ] GC(1052) Pause Young (Allocation Failure) 1448M->114M(4081M) 2.917ms
[2991.507s][info][gc,cpu         ] GC(1052) User=0.00s Sys=0.00s Real=0.00s
[2994.450s][info][gc,start       ] GC(1053) Pause Young (Allocation Failure)
[2994.453s][info][gc,heap        ] GC(1053) PSYoungGen: 1373463K(1382912K)->7257K(1384448K) Eden: 1368576K(1368576K)->0K(1370112K) From: 4887K(14336K)->7257K(14336K)
[2994.453s][info][gc,heap        ] GC(1053) ParOldGen: 112843K(2796544K)->115125K(2796544K)
[2994.453s][info][gc,metaspace   ] GC(1053) Metaspace: 80246K(81600K)->80246K(81600K) NonClass: 70588K(71232K)->70588K(71232K) Class: 9658K(10368K)->9658K(10368K)
[2994.453s][info][gc             ] GC(1053) Pause Young (Allocation Failure) 1451M->119M(4083M) 3.184ms
[2994.453s][info][gc,cpu         ] GC(1053) User=0.00s Sys=0.00s Real=0.00s
[2997.417s][info][gc,start       ] GC(1054) Pause Young (Allocation Failure)
[2997.420s][info][gc,heap        ] GC(1054) PSYoungGen: 1377369K(1384448K)->6630K(1383424K) Eden: 1370112K(1370112K)->0K(1370112K) From: 7257K(14336K)->6630K(13312K)
[2997.420s][info][gc,heap        ] GC(1054) ParOldGen: 115125K(2796544K)->120478K(2796544K)
[2997.420s][info][gc,metaspace   ] GC(1054) Metaspace: 80246K(81600K)->80246K(81600K) NonClass: 70588K(71232K)->70588K(71232K) Class: 9658K(10368K)->9658K(10368K)
[2997.420s][info][gc             ] GC(1054) Pause Young (Allocation Failure) 1457M->124M(4082M) 3.202ms
[2997.420s][info][gc,cpu         ] GC(1054) User=0.00s Sys=0.00s Real=0.00s
[2999.592s][info][gc,start       ] GC(1055) Pause Young (Allocation Failure)
[2999.596s][info][gc,heap        ] GC(1055) PSYoungGen: 1376742K(1383424K)->7215K(1385472K) Eden: 1370112K(1370112K)->0K(1372672K) From: 6630K(13312K)->7215K(12800K)
[2999.596s][info][gc,heap        ] GC(1055) ParOldGen: 120478K(2796544K)->124416K(2796544K)
[2999.596s][info][gc,metaspace   ] GC(1055) Metaspace: 80246K(81600K)->80246K(81600K) NonClass: 70588K(71232K)->70588K(71232K) Class: 9658K(10368K)->9658K(10368K)
[2999.596s][info][gc             ] GC(1055) Pause Young (Allocation Failure) 1462M->128M(4084M) 3.799ms
[2999.596s][info][gc,cpu         ] GC(1055) User=0.02s Sys=0.00s Real=0.02s
[3002.042s][info][gc,start       ] GC(1056) Pause Young (Allocation Failure)
[3002.045s][info][gc,heap        ] GC(1056) PSYoungGen: 1379887K(1385472K)->5951K(1384960K) Eden: 1372672K(1372672K)->0K(1372672K) From: 7215K(12800K)->5951K(12288K)
[3002.045s][info][gc,heap        ] GC(1056) ParOldGen: 124416K(2796544K)->129424K(2796544K)
[3002.045s][info][gc,metaspace   ] GC(1056) Metaspace: 80246K(81600K)->80246K(81600K) NonClass: 70588K(71232K)->70588K(71232K) Class: 9658K(10368K)->9658K(10368K)
[3002.045s][info][gc             ] GC(1056) Pause Young (Allocation Failure) 1469M->132M(4083M) 3.486ms
[3002.045s][info][gc,cpu         ] GC(1056) User=0.02s Sys=0.00s Real=0.00s
[3005.194s][info][gc,start       ] GC(1057) Pause Young (System.gc())
[3005.197s][info][gc,heap        ] GC(1057) PSYoungGen: 1353962K(1384960K)->3799K(1385472K) Eden: 1348010K(1372672K)->0K(1373184K) From: 5951K(12288K)->3799K(12288K)
[3005.197s][info][gc,heap        ] GC(1057) ParOldGen: 129424K(2796544K)->134220K(2796544K)
[3005.197s][info][gc,metaspace   ] GC(1057) Metaspace: 80246K(81600K)->80246K(81600K) NonClass: 70588K(71232K)->70588K(71232K) Class: 9658K(10368K)->9658K(10368K)
[3005.197s][info][gc             ] GC(1057) Pause Young (System.gc()) 1448M->134M(4084M) 2.981ms
[3005.197s][info][gc,cpu         ] GC(1057) User=0.00s Sys=0.00s Real=0.00s
[3005.197s][info][gc,start       ] GC(1058) Pause Full (System.gc())
[3005.197s][info][gc,phases,start] GC(1058) Marking Phase
[3005.216s][info][gc,phases      ] GC(1058) Marking Phase 18.852ms
[3005.216s][info][gc,phases,start] GC(1058) Summary Phase
[3005.216s][info][gc,phases      ] GC(1058) Summary Phase 0.011ms
[3005.216s][info][gc,phases,start] GC(1058) Adjust Roots
[3005.222s][info][gc,phases      ] GC(1058) Adjust Roots 5.776ms
[3005.222s][info][gc,phases,start] GC(1058) Compaction Phase
[3005.234s][info][gc,phases      ] GC(1058) Compaction Phase 11.676ms
[3005.234s][info][gc,phases,start] GC(1058) Post Compact
[3005.235s][info][gc,phases      ] GC(1058) Post Compact 1.240ms
[3005.235s][info][gc,heap        ] GC(1058) PSYoungGen: 3799K(1385472K)->0K(1385472K) Eden: 0K(1373184K)->0K(1373184K) From: 3799K(12288K)->0K(12288K)
[3005.235s][info][gc,heap        ] GC(1058) ParOldGen: 134220K(2796544K)->81928K(2796544K)
[3005.235s][info][gc,metaspace   ] GC(1058) Metaspace: 80246K(81600K)->80246K(81600K) NonClass: 70588K(71232K)->70588K(71232K) Class: 9658K(10368K)->9658K(10368K)
[3005.235s][info][gc             ] GC(1058) Pause Full (System.gc()) 134M->80M(4084M) 37.819ms
[3005.235s][info][gc,cpu         ] GC(1058) User=0.02s Sys=0.00s Real=0.03s
[3008.445s][info][gc,start       ] GC(1059) Pause Young (Allocation Failure)
[3008.447s][info][gc,heap        ] GC(1059) PSYoungGen: 1373184K(1385472K)->5290K(1385472K) Eden: 1373184K(1373184K)->0K(1373184K) From: 0K(12288K)->5290K(12288K)
[3008.447s][info][gc,heap        ] GC(1059) ParOldGen: 81928K(2796544K)->81928K(2796544K)
[3008.447s][info][gc,metaspace   ] GC(1059) Metaspace: 80246K(81600K)->80246K(81600K) NonClass: 70588K(71232K)->70588K(71232K) Class: 9658K(10368K)->9658K(10368K)
[3008.447s][info][gc             ] GC(1059) Pause Young (Allocation Failure) 1421M->85M(4084M) 2.610ms
[3008.447s][info][gc,cpu         ] GC(1059) User=0.02s Sys=0.00s Real=0.02s
[3011.183s][info][gc,start       ] GC(1060) Pause Young (Allocation Failure)
[3011.188s][info][gc,heap        ] GC(1060) PSYoungGen: 1375269K(1385472K)->10937K(1383936K) Eden: 1369978K(1373184K)->0K(1372160K) From: 5290K(12288K)->10937K(11776K)
[3011.188s][info][gc,heap        ] GC(1060) ParOldGen: 81928K(2796544K)->98215K(2796544K)
[3011.188s][info][gc,metaspace   ] GC(1060) Metaspace: 80246K(81600K)->80246K(81600K) NonClass: 70588K(71232K)->70588K(71232K) Class: 9658K(10368K)->9658K(10368K)
[3011.188s][info][gc             ] GC(1060) Pause Young (Allocation Failure) 1423M->106M(4082M) 4.763ms
[3011.188s][info][gc,cpu         ] GC(1060) User=0.00s Sys=0.00s Real=0.00s
[3015.346s][info][gc,start       ] GC(1061) Pause Young (Allocation Failure)
[3015.348s][info][gc,heap        ] GC(1061) PSYoungGen: 1383097K(1383936K)->4575K(1384960K) Eden: 1372160K(1372160K)->0K(1372160K) From: 10937K(11776K)->4575K(12800K)
[3015.348s][info][gc,heap        ] GC(1061) ParOldGen: 98215K(2796544K)->100863K(2796544K)
[3015.348s][info][gc,metaspace   ] GC(1061) Metaspace: 80246K(81600K)->80246K(81600K) NonClass: 70588K(71232K)->70588K(71232K) Class: 9658K(10368K)->9658K(10368K)
[3015.348s][info][gc             ] GC(1061) Pause Young (Allocation Failure) 1446M->102M(4083M) 2.390ms
[3015.348s][info][gc,cpu         ] GC(1061) User=0.00s Sys=0.00s Real=0.00s
[3017.647s][info][gc,start       ] GC(1062) Pause Young (Allocation Failure)
[3017.650s][info][gc,heap        ] GC(1062) PSYoungGen: 1376735K(1384960K)->6080K(1385472K) Eden: 1372160K(1372160K)->0K(1372672K) From: 4575K(12800K)->6080K(12800K)
[3017.650s][info][gc,heap        ] GC(1062) ParOldGen: 100863K(2796544K)->103996K(2796544K)
[3017.650s][info][gc,metaspace   ] GC(1062) Metaspace: 80246K(81600K)->80246K(81600K) NonClass: 70588K(71232K)->70588K(71232K) Class: 9658K(10368K)->9658K(10368K)
[3017.650s][info][gc             ] GC(1062) Pause Young (Allocation Failure) 1442M->107M(4084M) 3.037ms
[3017.650s][info][gc,cpu         ] GC(1062) User=0.00s Sys=0.00s Real=0.00s
[3022.331s][info][gc,start       ] GC(1063) Pause Young (Allocation Failure)
[3022.335s][info][gc,heap        ] GC(1063) PSYoungGen: 1378752K(1385472K)->5793K(1384960K) Eden: 1372672K(1372672K)->0K(1372672K) From: 6080K(12800K)->5793K(12288K)
[3022.335s][info][gc,heap        ] GC(1063) ParOldGen: 103996K(2796544K)->108234K(2796544K)
[3022.335s][info][gc,metaspace   ] GC(1063) Metaspace: 80246K(81600K)->80246K(81600K) NonClass: 70588K(71232K)->70588K(71232K) Class: 9658K(10368K)->9658K(10368K)
[3022.335s][info][gc             ] GC(1063) Pause Young (Allocation Failure) 1447M->111M(4083M) 3.187ms
[3022.335s][info][gc,cpu         ] GC(1063) User=0.00s Sys=0.00s Real=0.00s
[3024.773s][info][gc,start       ] GC(1064) Pause Young (Allocation Failure)
[3024.776s][info][gc,heap        ] GC(1064) PSYoungGen: 1378465K(1384960K)->6546K(1386496K) Eden: 1372672K(1372672K)->0K(1374720K) From: 5793K(12288K)->6546K(11776K)
[3024.776s][info][gc,heap        ] GC(1064) ParOldGen: 108234K(2796544K)->111682K(2796544K)
[3024.776s][info][gc,metaspace   ] GC(1064) Metaspace: 80246K(81600K)->80246K(81600K) NonClass: 70588K(71232K)->70588K(71232K) Class: 9658K(10368K)->9658K(10368K)
[3024.776s][info][gc             ] GC(1064) Pause Young (Allocation Failure) 1451M->115M(4085M) 3.328ms
[3024.776s][info][gc,cpu         ] GC(1064) User=0.00s Sys=0.00s Real=0.00s
[3028.717s][info][gc,start       ] GC(1065) Pause Young (Allocation Failure)
[3028.720s][info][gc,heap        ] GC(1065) PSYoungGen: 1381266K(1386496K)->5400K(1385984K) Eden: 1374720K(1374720K)->0K(1374720K) From: 6546K(11776K)->5400K(11264K)
[3028.720s][info][gc,heap        ] GC(1065) ParOldGen: 111682K(2796544K)->115878K(2796544K)
[3028.720s][info][gc,metaspace   ] GC(1065) Metaspace: 80246K(81600K)->80246K(81600K) NonClass: 70588K(71232K)->70588K(71232K) Class: 9658K(10368K)->9658K(10368K)
[3028.720s][info][gc             ] GC(1065) Pause Young (Allocation Failure) 1457M->118M(4084M) 3.313ms
[3028.720s][info][gc,cpu         ] GC(1065) User=0.02s Sys=0.00s Real=0.01s
[3031.687s][info][gc,start       ] GC(1066) Pause Young (Allocation Failure)
[3031.690s][info][gc,heap        ] GC(1066) PSYoungGen: 1380010K(1385984K)->6543K(1387008K) Eden: 1374610K(1374720K)->0K(1375744K) From: 5400K(11264K)->6543K(11264K)
[3031.690s][info][gc,heap        ] GC(1066) ParOldGen: 115878K(2796544K)->118350K(2796544K)
[3031.690s][info][gc,metaspace   ] GC(1066) Metaspace: 80246K(81600K)->80246K(81600K) NonClass: 70588K(71232K)->70588K(71232K) Class: 9658K(10368K)->9658K(10368K)
[3031.690s][info][gc             ] GC(1066) Pause Young (Allocation Failure) 1460M->121M(4085M) 2.901ms
[3031.690s][info][gc,cpu         ] GC(1066) User=0.00s Sys=0.00s Real=0.00s
[3034.698s][info][gc,start       ] GC(1067) Pause Young (Allocation Failure)
[3034.702s][info][gc,heap        ] GC(1067) PSYoungGen: 1382287K(1387008K)->5830K(1386496K) Eden: 1375744K(1375744K)->0K(1375744K) From: 6543K(11264K)->5830K(10752K)
[3034.702s][info][gc,heap        ] GC(1067) ParOldGen: 118350K(2796544K)->123451K(2796544K)
[3034.702s][info][gc,metaspace   ] GC(1067) Metaspace: 80246K(81600K)->80246K(81600K) NonClass: 70588K(71232K)->70588K(71232K) Class: 9658K(10368K)->9658K(10368K)
[3034.702s][info][gc             ] GC(1067) Pause Young (Allocation Failure) 1465M->126M(4085M) 3.347ms
[3034.702s][info][gc,cpu         ] GC(1067) User=0.00s Sys=0.00s Real=0.00s
[3036.977s][info][gc,start       ] GC(1068) Pause Young (Allocation Failure)
[3036.980s][info][gc,heap        ] GC(1068) PSYoungGen: 1381574K(1386496K)->6565K(1387520K) Eden: 1375744K(1375744K)->0K(1377280K) From: 5830K(10752K)->6565K(10240K)
[3036.980s][info][gc,heap        ] GC(1068) ParOldGen: 123451K(2796544K)->127431K(2796544K)
[3036.980s][info][gc,metaspace   ] GC(1068) Metaspace: 80246K(81600K)->80246K(81600K) NonClass: 70588K(71232K)->70588K(71232K) Class: 9658K(10368K)->9658K(10368K)
[3036.980s][info][gc             ] GC(1068) Pause Young (Allocation Failure) 1469M->130M(4086M) 3.026ms
[3036.980s][info][gc,cpu         ] GC(1068) User=0.00s Sys=0.00s Real=0.00s
[3039.349s][info][gc,start       ] GC(1069) Pause Young (Allocation Failure)
[3039.353s][info][gc,heap        ] GC(1069) PSYoungGen: 1383845K(1387520K)->6035K(1387520K) Eden: 1377280K(1377280K)->0K(1377280K) From: 6565K(10240K)->6035K(10240K)
[3039.353s][info][gc,heap        ] GC(1069) ParOldGen: 127431K(2796544K)->132507K(2796544K)
[3039.353s][info][gc,metaspace   ] GC(1069) Metaspace: 80246K(81600K)->80246K(81600K) NonClass: 70588K(71232K)->70588K(71232K) Class: 9658K(10368K)->9658K(10368K)
[3039.353s][info][gc             ] GC(1069) Pause Young (Allocation Failure) 1475M->135M(4086M) 3.767ms
[3039.353s][info][gc,cpu         ] GC(1069) User=0.00s Sys=0.00s Real=0.00s
[3042.410s][info][gc,start       ] GC(1070) Pause Young (System.gc())
[3042.413s][info][gc,heap        ] GC(1070) PSYoungGen: 1317867K(1387520K)->3539K(1388032K) Eden: 1311832K(1377280K)->0K(1378304K) From: 6035K(10240K)->3539K(9728K)
[3042.413s][info][gc,heap        ] GC(1070) ParOldGen: 132507K(2796544K)->137256K(2796544K)
[3042.413s][info][gc,metaspace   ] GC(1070) Metaspace: 80246K(81600K)->80246K(81600K) NonClass: 70588K(71232K)->70588K(71232K) Class: 9658K(10368K)->9658K(10368K)
[3042.413s][info][gc             ] GC(1070) Pause Young (System.gc()) 1416M->137M(4086M) 2.764ms
[3042.413s][info][gc,cpu         ] GC(1070) User=0.00s Sys=0.00s Real=0.00s
[3042.413s][info][gc,start       ] GC(1071) Pause Full (System.gc())
[3042.413s][info][gc,phases,start] GC(1071) Marking Phase
[3042.431s][info][gc,phases      ] GC(1071) Marking Phase 17.936ms
[3042.431s][info][gc,phases,start] GC(1071) Summary Phase
[3042.431s][info][gc,phases      ] GC(1071) Summary Phase 0.011ms
[3042.431s][info][gc,phases,start] GC(1071) Adjust Roots
[3042.437s][info][gc,phases      ] GC(1071) Adjust Roots 6.389ms
[3042.437s][info][gc,phases,start] GC(1071) Compaction Phase
[3042.450s][info][gc,phases      ] GC(1071) Compaction Phase 12.617ms
[3042.450s][info][gc,phases,start] GC(1071) Post Compact
[3042.451s][info][gc,phases      ] GC(1071) Post Compact 1.233ms
[3042.451s][info][gc,heap        ] GC(1071) PSYoungGen: 3539K(1388032K)->0K(1388032K) Eden: 0K(1378304K)->0K(1378304K) From: 3539K(9728K)->0K(9728K)
[3042.451s][info][gc,heap        ] GC(1071) ParOldGen: 137256K(2796544K)->81760K(2796544K)
[3042.451s][info][gc,metaspace   ] GC(1071) Metaspace: 80246K(81600K)->80246K(81600K) NonClass: 70588K(71232K)->70588K(71232K) Class: 9658K(10368K)->9658K(10368K)
[3042.451s][info][gc             ] GC(1071) Pause Full (System.gc()) 137M->79M(4086M) 38.505ms
[3042.451s][info][gc,cpu         ] GC(1071) User=0.05s Sys=0.00s Real=0.05s
[3045.643s][info][gc,start       ] GC(1072) Pause Young (Allocation Failure)
[3045.646s][info][gc,heap        ] GC(1072) PSYoungGen: 1378304K(1388032K)->5246K(1388032K) Eden: 1378304K(1378304K)->0K(1378304K) From: 0K(9728K)->5246K(9728K)
[3045.646s][info][gc,heap        ] GC(1072) ParOldGen: 81760K(2796544K)->81760K(2796544K)
[3045.646s][info][gc,metaspace   ] GC(1072) Metaspace: 80246K(81600K)->80246K(81600K) NonClass: 70588K(71232K)->70588K(71232K) Class: 9658K(10368K)->9658K(10368K)
[3045.646s][info][gc             ] GC(1072) Pause Young (Allocation Failure) 1425M->84M(4086M) 2.411ms
[3045.646s][info][gc,cpu         ] GC(1072) User=0.02s Sys=0.00s Real=0.02s
[3048.363s][info][gc,start       ] GC(1073) Pause Young (Allocation Failure)
[3048.367s][info][gc,heap        ] GC(1073) PSYoungGen: 1381274K(1388032K)->9720K(1375744K) Eden: 1376028K(1378304K)->0K(1366016K) From: 5246K(9728K)->9720K(9728K)
[3048.367s][info][gc,heap        ] GC(1073) ParOldGen: 81760K(2796544K)->95010K(2796544K)
[3048.367s][info][gc,metaspace   ] GC(1073) Metaspace: 80246K(81600K)->80246K(81600K) NonClass: 70588K(71232K)->70588K(71232K) Class: 9658K(10368K)->9658K(10368K)
[3048.367s][info][gc             ] GC(1073) Pause Young (Allocation Failure) 1428M->102M(4074M) 4.355ms
[3048.367s][info][gc,cpu         ] GC(1073) User=0.00s Sys=0.00s Real=0.00s
[3052.734s][info][gc,start       ] GC(1074) Pause Young (Allocation Failure)
[3052.738s][info][gc,heap        ] GC(1074) PSYoungGen: 1375736K(1375744K)->5310K(1381888K) Eden: 1366016K(1366016K)->0K(1366016K) From: 9720K(9728K)->5310K(15872K)
[3052.738s][info][gc,heap        ] GC(1074) ParOldGen: 95010K(2796544K)->97852K(2796544K)
[3052.738s][info][gc,metaspace   ] GC(1074) Metaspace: 80246K(81600K)->80246K(81600K) NonClass: 70588K(71232K)->70588K(71232K) Class: 9658K(10368K)->9658K(10368K)
[3052.738s][info][gc             ] GC(1074) Pause Young (Allocation Failure) 1436M->100M(4080M) 3.219ms
[3052.738s][info][gc,cpu         ] GC(1074) User=0.00s Sys=0.00s Real=0.00s
[3054.993s][info][gc,start       ] GC(1075) Pause Young (Allocation Failure)
[3054.996s][info][gc,heap        ] GC(1075) PSYoungGen: 1371326K(1381888K)->5843K(1382912K) Eden: 1366016K(1366016K)->0K(1367552K) From: 5310K(15872K)->5843K(15360K)
[3054.996s][info][gc,heap        ] GC(1075) ParOldGen: 97852K(2796544K)->101052K(2796544K)
[3054.996s][info][gc,metaspace   ] GC(1075) Metaspace: 80246K(81600K)->80246K(81600K) NonClass: 70588K(71232K)->70588K(71232K) Class: 9658K(10368K)->9658K(10368K)
[3054.996s][info][gc             ] GC(1075) Pause Young (Allocation Failure) 1434M->104M(4081M) 3.232ms
[3054.996s][info][gc,cpu         ] GC(1075) User=0.02s Sys=0.00s Real=0.02s
[3059.697s][info][gc,start       ] GC(1076) Pause Young (Allocation Failure)
[3059.701s][info][gc,heap        ] GC(1076) PSYoungGen: 1373395K(1382912K)->6174K(1382400K) Eden: 1367552K(1367552K)->0K(1367552K) From: 5843K(15360K)->6174K(14848K)
[3059.701s][info][gc,heap        ] GC(1076) ParOldGen: 101052K(2796544K)->105265K(2796544K)
[3059.701s][info][gc,metaspace   ] GC(1076) Metaspace: 80246K(81600K)->80246K(81600K) NonClass: 70588K(71232K)->70588K(71232K) Class: 9658K(10368K)->9658K(10368K)
[3059.701s][info][gc             ] GC(1076) Pause Young (Allocation Failure) 1439M->108M(4081M) 4.061ms
[3059.701s][info][gc,cpu         ] GC(1076) User=0.02s Sys=0.00s Real=0.02s
[3062.160s][info][gc,start       ] GC(1077) Pause Young (Allocation Failure)
[3062.163s][info][gc,heap        ] GC(1077) PSYoungGen: 1373726K(1382400K)->8298K(1383936K) Eden: 1367552K(1367552K)->0K(1369600K) From: 6174K(14848K)->8298K(14336K)
[3062.163s][info][gc,heap        ] GC(1077) ParOldGen: 105265K(2796544K)->109183K(2796544K)
[3062.163s][info][gc,metaspace   ] GC(1077) Metaspace: 80246K(81600K)->80246K(81600K) NonClass: 70588K(71232K)->70588K(71232K) Class: 9658K(10368K)->9658K(10368K)
[3062.163s][info][gc             ] GC(1077) Pause Young (Allocation Failure) 1444M->114M(4082M) 3.228ms
[3062.163s][info][gc,cpu         ] GC(1077) User=0.02s Sys=0.00s Real=0.01s
[3066.094s][info][gc,start       ] GC(1078) Pause Young (Allocation Failure)
[3066.097s][info][gc,heap        ] GC(1078) PSYoungGen: 1375694K(1383936K)->5582K(1383424K) Eden: 1367396K(1369600K)->0K(1369600K) From: 8298K(14336K)->5582K(13824K)
[3066.097s][info][gc,heap        ] GC(1078) ParOldGen: 109183K(2796544K)->112904K(2796544K)
[3066.097s][info][gc,metaspace   ] GC(1078) Metaspace: 80246K(81600K)->80246K(81600K) NonClass: 70588K(71232K)->70588K(71232K) Class: 9658K(10368K)->9658K(10368K)
[3066.097s][info][gc             ] GC(1078) Pause Young (Allocation Failure) 1450M->115M(4082M) 3.411ms
[3066.097s][info][gc,cpu         ] GC(1078) User=0.02s Sys=0.00s Real=0.02s
[3068.995s][info][gc,start       ] GC(1079) Pause Young (Allocation Failure)
[3068.998s][info][gc,heap        ] GC(1079) PSYoungGen: 1375182K(1383424K)->7315K(1384448K) Eden: 1369600K(1369600K)->0K(1370624K) From: 5582K(13824K)->7315K(13824K)
[3068.999s][info][gc,heap        ] GC(1079) ParOldGen: 112904K(2796544K)->115434K(2796544K)
[3068.999s][info][gc,metaspace   ] GC(1079) Metaspace: 80246K(81600K)->80246K(81600K) NonClass: 70588K(71232K)->70588K(71232K) Class: 9658K(10368K)->9658K(10368K)
[3068.999s][info][gc             ] GC(1079) Pause Young (Allocation Failure) 1453M->119M(4083M) 3.214ms
[3068.999s][info][gc,cpu         ] GC(1079) User=0.00s Sys=0.00s Real=0.00s
[3071.981s][info][gc,start       ] GC(1080) Pause Young (Allocation Failure)
[3071.984s][info][gc,heap        ] GC(1080) PSYoungGen: 1376569K(1384448K)->4830K(1383936K) Eden: 1369253K(1370624K)->0K(1370624K) From: 7315K(13824K)->4830K(13312K)
[3071.984s][info][gc,heap        ] GC(1080) ParOldGen: 115434K(2796544K)->120523K(2796544K)
[3071.984s][info][gc,metaspace   ] GC(1080) Metaspace: 80246K(81600K)->80246K(81600K) NonClass: 70588K(71232K)->70588K(71232K) Class: 9658K(10368K)->9658K(10368K)
[3071.985s][info][gc             ] GC(1080) Pause Young (Allocation Failure) 1457M->122M(4082M) 3.015ms
[3071.985s][info][gc,cpu         ] GC(1080) User=0.00s Sys=0.00s Real=0.00s
[3074.174s][info][gc,start       ] GC(1081) Pause Young (Allocation Failure)
[3074.178s][info][gc,heap        ] GC(1081) PSYoungGen: 1375120K(1383936K)->6232K(1385472K) Eden: 1370290K(1370624K)->0K(1372672K) From: 4830K(13312K)->6232K(12800K)
[3074.178s][info][gc,heap        ] GC(1081) ParOldGen: 120523K(2796544K)->124503K(2796544K)
[3074.178s][info][gc,metaspace   ] GC(1081) Metaspace: 80246K(81600K)->80246K(81600K) NonClass: 70588K(71232K)->70588K(71232K) Class: 9658K(10368K)->9658K(10368K)
[3074.178s][info][gc             ] GC(1081) Pause Young (Allocation Failure) 1460M->127M(4084M) 3.423ms
[3074.178s][info][gc,cpu         ] GC(1081) User=0.00s Sys=0.00s Real=0.00s
[3076.564s][info][gc,start       ] GC(1082) Pause Young (Allocation Failure)
[3076.568s][info][gc,heap        ] GC(1082) PSYoungGen: 1378904K(1385472K)->6254K(1384960K) Eden: 1372672K(1372672K)->0K(1372672K) From: 6232K(12800K)->6254K(12288K)
[3076.568s][info][gc,heap        ] GC(1082) ParOldGen: 124503K(2796544K)->129477K(2796544K)
[3076.568s][info][gc,metaspace   ] GC(1082) Metaspace: 80246K(81600K)->80246K(81600K) NonClass: 70588K(71232K)->70588K(71232K) Class: 9658K(10368K)->9658K(10368K)
[3076.568s][info][gc             ] GC(1082) Pause Young (Allocation Failure) 1468M->132M(4083M) 3.725ms
[3076.568s][info][gc,cpu         ] GC(1082) User=0.00s Sys=0.00s Real=0.00s
[3079.674s][info][gc,start       ] GC(1083) Pause Young (System.gc())
[3079.677s][info][gc,heap        ] GC(1083) PSYoungGen: 1338581K(1384960K)->3644K(1384960K) Eden: 1332327K(1372672K)->0K(1373184K) From: 6254K(12288K)->3644K(11776K)
[3079.677s][info][gc,heap        ] GC(1083) ParOldGen: 129477K(2796544K)->134331K(2796544K)
[3079.677s][info][gc,metaspace   ] GC(1083) Metaspace: 80246K(81600K)->80246K(81600K) NonClass: 70588K(71232K)->70588K(71232K) Class: 9658K(10368K)->9658K(10368K)
[3079.677s][info][gc             ] GC(1083) Pause Young (System.gc()) 1433M->134M(4083M) 2.962ms
[3079.677s][info][gc,cpu         ] GC(1083) User=0.02s Sys=0.00s Real=0.01s
[3079.677s][info][gc,start       ] GC(1084) Pause Full (System.gc())
[3079.677s][info][gc,phases,start] GC(1084) Marking Phase
[3079.696s][info][gc,phases      ] GC(1084) Marking Phase 18.925ms
[3079.696s][info][gc,phases,start] GC(1084) Summary Phase
[3079.696s][info][gc,phases      ] GC(1084) Summary Phase 0.012ms
[3079.696s][info][gc,phases,start] GC(1084) Adjust Roots
[3079.702s][info][gc,phases      ] GC(1084) Adjust Roots 6.275ms
[3079.703s][info][gc,phases,start] GC(1084) Compaction Phase
[3079.713s][info][gc,phases      ] GC(1084) Compaction Phase 10.668ms
[3079.713s][info][gc,phases,start] GC(1084) Post Compact
[3079.714s][info][gc,phases      ] GC(1084) Post Compact 1.212ms
[3079.715s][info][gc,heap        ] GC(1084) PSYoungGen: 3644K(1384960K)->0K(1384960K) Eden: 0K(1373184K)->0K(1373184K) From: 3644K(11776K)->0K(11776K)
[3079.715s][info][gc,heap        ] GC(1084) ParOldGen: 134331K(2796544K)->81799K(2796544K)
[3079.715s][info][gc,metaspace   ] GC(1084) Metaspace: 80246K(81600K)->80246K(81600K) NonClass: 70588K(71232K)->70588K(71232K) Class: 9658K(10368K)->9658K(10368K)
[3079.715s][info][gc             ] GC(1084) Pause Full (System.gc()) 134M->79M(4083M) 37.423ms
[3079.715s][info][gc,cpu         ] GC(1084) User=0.02s Sys=0.00s Real=0.04s
[3082.948s][info][gc,start       ] GC(1085) Pause Young (Allocation Failure)
[3082.950s][info][gc,heap        ] GC(1085) PSYoungGen: 1373184K(1384960K)->4966K(1385472K) Eden: 1373184K(1373184K)->0K(1373184K) From: 0K(11776K)->4966K(12288K)
[3082.950s][info][gc,heap        ] GC(1085) ParOldGen: 81799K(2796544K)->81799K(2796544K)
[3082.950s][info][gc,metaspace   ] GC(1085) Metaspace: 80246K(81600K)->80246K(81600K) NonClass: 70588K(71232K)->70588K(71232K) Class: 9658K(10368K)->9658K(10368K)
[3082.950s][info][gc             ] GC(1085) Pause Young (Allocation Failure) 1420M->84M(4084M) 2.237ms
[3082.951s][info][gc,cpu         ] GC(1085) User=0.00s Sys=0.00s Real=0.00s
[3085.693s][info][gc,start       ] GC(1086) Pause Young (Allocation Failure)
[3085.697s][info][gc,heap        ] GC(1086) PSYoungGen: 1376138K(1385472K)->11008K(1383936K) Eden: 1371171K(1373184K)->0K(1372160K) From: 4966K(12288K)->11008K(11776K)
[3085.697s][info][gc,heap        ] GC(1086) ParOldGen: 81799K(2796544K)->94014K(2796544K)
[3085.697s][info][gc,metaspace   ] GC(1086) Metaspace: 80246K(81600K)->80246K(81600K) NonClass: 70588K(71232K)->70588K(71232K) Class: 9658K(10368K)->9658K(10368K)
[3085.697s][info][gc             ] GC(1086) Pause Young (Allocation Failure) 1423M->102M(4082M) 4.619ms
[3085.697s][info][gc,cpu         ] GC(1086) User=0.00s Sys=0.00s Real=0.00s
[3089.880s][info][gc,start       ] GC(1087) Pause Young (Allocation Failure)
[3089.883s][info][gc,heap        ] GC(1087) PSYoungGen: 1383168K(1383936K)->5193K(1384960K) Eden: 1372160K(1372160K)->0K(1372160K) From: 11008K(11776K)->5193K(12800K)
[3089.883s][info][gc,heap        ] GC(1087) ParOldGen: 94014K(2796544K)->96638K(2796544K)
[3089.883s][info][gc,metaspace   ] GC(1087) Metaspace: 80246K(81600K)->80246K(81600K) NonClass: 70588K(71232K)->70588K(71232K) Class: 9658K(10368K)->9658K(10368K)
[3089.883s][info][gc             ] GC(1087) Pause Young (Allocation Failure) 1442M->99M(4083M) 3.238ms
[3089.883s][info][gc,cpu         ] GC(1087) User=0.02s Sys=0.00s Real=0.02s
[3092.146s][info][gc,start       ] GC(1088) Pause Young (Allocation Failure)
[3092.149s][info][gc,heap        ] GC(1088) PSYoungGen: 1377353K(1384960K)->5971K(1385472K) Eden: 1372160K(1372160K)->0K(1372672K) From: 5193K(12800K)->5971K(12800K)
[3092.149s][info][gc,heap        ] GC(1088) ParOldGen: 96638K(2796544K)->99804K(2796544K)
[3092.149s][info][gc,metaspace   ] GC(1088) Metaspace: 80246K(81600K)->80246K(81600K) NonClass: 70588K(71232K)->70588K(71232K) Class: 9658K(10368K)->9658K(10368K)
[3092.149s][info][gc             ] GC(1088) Pause Young (Allocation Failure) 1439M->103M(4084M) 3.220ms
[3092.149s][info][gc,cpu         ] GC(1088) User=0.00s Sys=0.00s Real=0.02s
[3096.953s][info][gc,start       ] GC(1089) Pause Young (Allocation Failure)
[3096.957s][info][gc,heap        ] GC(1089) PSYoungGen: 1378643K(1385472K)->6125K(1384960K) Eden: 1372672K(1372672K)->0K(1372672K) From: 5971K(12800K)->6125K(12288K)
[3096.957s][info][gc,heap        ] GC(1089) ParOldGen: 99804K(2796544K)->104014K(2796544K)
[3096.957s][info][gc,metaspace   ] GC(1089) Metaspace: 80246K(81600K)->80246K(81600K) NonClass: 70588K(71232K)->70588K(71232K) Class: 9658K(10368K)->9658K(10368K)
[3096.957s][info][gc             ] GC(1089) Pause Young (Allocation Failure) 1443M->107M(4083M) 3.378ms
[3096.957s][info][gc,cpu         ] GC(1089) User=0.02s Sys=0.00s Real=0.02s
[3099.500s][info][gc,start       ] GC(1090) Pause Young (Allocation Failure)
[3099.503s][info][gc,heap        ] GC(1090) PSYoungGen: 1378797K(1384960K)->5304K(1386496K) Eden: 1372672K(1372672K)->0K(1374720K) From: 6125K(12288K)->5304K(11776K)
[3099.503s][info][gc,heap        ] GC(1090) ParOldGen: 104014K(2796544K)->108020K(2796544K)
[3099.503s][info][gc,metaspace   ] GC(1090) Metaspace: 80246K(81600K)->80246K(81600K) NonClass: 70588K(71232K)->70588K(71232K) Class: 9658K(10368K)->9658K(10368K)
[3099.503s][info][gc             ] GC(1090) Pause Young (Allocation Failure) 1448M->110M(4085M) 2.813ms
[3099.503s][info][gc,cpu         ] GC(1090) User=0.00s Sys=0.00s Real=0.00s
[3103.320s][info][gc,start       ] GC(1091) Pause Young (Allocation Failure)
[3103.323s][info][gc,heap        ] GC(1091) PSYoungGen: 1377688K(1386496K)->5507K(1385984K) Eden: 1372383K(1374720K)->0K(1374720K) From: 5304K(11776K)->5507K(11264K)
[3103.323s][info][gc,heap        ] GC(1091) ParOldGen: 108020K(2796544K)->111676K(2796544K)
[3103.323s][info][gc,metaspace   ] GC(1091) Metaspace: 80246K(81600K)->80246K(81600K) NonClass: 70588K(71232K)->70588K(71232K) Class: 9658K(10368K)->9658K(10368K)
[3103.323s][info][gc             ] GC(1091) Pause Young (Allocation Failure) 1450M->114M(4084M) 3.389ms
[3103.323s][info][gc,cpu         ] GC(1091) User=0.00s Sys=0.00s Real=0.00s
[3106.324s][info][gc,start       ] GC(1092) Pause Young (Allocation Failure)
[3106.328s][info][gc,heap        ] GC(1092) PSYoungGen: 1380227K(1385984K)->7491K(1386496K) Eden: 1374720K(1374720K)->0K(1375232K) From: 5507K(11264K)->7491K(11264K)
[3106.328s][info][gc,heap        ] GC(1092) ParOldGen: 111676K(2796544K)->114122K(2796544K)
[3106.328s][info][gc,metaspace   ] GC(1092) Metaspace: 80246K(81600K)->80246K(81600K) NonClass: 70588K(71232K)->70588K(71232K) Class: 9658K(10368K)->9658K(10368K)
[3106.328s][info][gc             ] GC(1092) Pause Young (Allocation Failure) 1456M->118M(4085M) 3.470ms
[3106.328s][info][gc,cpu         ] GC(1092) User=0.00s Sys=0.00s Real=0.00s
[3109.390s][info][gc,start       ] GC(1093) Pause Young (Allocation Failure)
[3109.393s][info][gc,heap        ] GC(1093) PSYoungGen: 1381834K(1386496K)->5074K(1386496K) Eden: 1374343K(1375232K)->0K(1375232K) From: 7491K(11264K)->5074K(11264K)
[3109.393s][info][gc,heap        ] GC(1093) ParOldGen: 114122K(2796544K)->119384K(2796544K)
[3109.393s][info][gc,metaspace   ] GC(1093) Metaspace: 80246K(81600K)->80246K(81600K) NonClass: 70588K(71232K)->70588K(71232K) Class: 9658K(10368K)->9658K(10368K)
[3109.393s][info][gc             ] GC(1093) Pause Young (Allocation Failure) 1460M->121M(4085M) 2.882ms
[3109.393s][info][gc,cpu         ] GC(1093) User=0.00s Sys=0.00s Real=0.00s
[3111.601s][info][gc,start       ] GC(1094) Pause Young (Allocation Failure)
[3111.604s][info][gc,heap        ] GC(1094) PSYoungGen: 1378634K(1386496K)->5937K(1387008K) Eden: 1373560K(1375232K)->0K(1376256K) From: 5074K(11264K)->5937K(10752K)
[3111.604s][info][gc,heap        ] GC(1094) ParOldGen: 119384K(2796544K)->123406K(2796544K)
[3111.604s][info][gc,metaspace   ] GC(1094) Metaspace: 80246K(81600K)->80246K(81600K) NonClass: 70588K(71232K)->70588K(71232K) Class: 9658K(10368K)->9658K(10368K)
[3111.604s][info][gc             ] GC(1094) Pause Young (Allocation Failure) 1462M->126M(4085M) 2.970ms
[3111.604s][info][gc,cpu         ] GC(1094) User=0.00s Sys=0.00s Real=0.00s
[3113.871s][info][gc,start       ] GC(1095) Pause Young (Allocation Failure)
[3113.875s][info][gc,heap        ] GC(1095) PSYoungGen: 1382193K(1387008K)->5985K(1387008K) Eden: 1376256K(1376256K)->0K(1376256K) From: 5937K(10752K)->5985K(10752K)
[3113.875s][info][gc,heap        ] GC(1095) ParOldGen: 123406K(2796544K)->128461K(2796544K)
[3113.875s][info][gc,metaspace   ] GC(1095) Metaspace: 80246K(81600K)->80246K(81600K) NonClass: 70588K(71232K)->70588K(71232K) Class: 9658K(10368K)->9658K(10368K)
[3113.875s][info][gc             ] GC(1095) Pause Young (Allocation Failure) 1470M->131M(4085M) 3.481ms
[3113.875s][info][gc,cpu         ] GC(1095) User=0.00s Sys=0.00s Real=0.00s
[3116.937s][info][gc,start       ] GC(1096) Pause Young (System.gc())
[3116.940s][info][gc,heap        ] GC(1096) PSYoungGen: 1305159K(1387008K)->3775K(1387520K) Eden: 1299173K(1376256K)->0K(1377280K) From: 5985K(10752K)->3775K(10240K)
[3116.940s][info][gc,heap        ] GC(1096) ParOldGen: 128461K(2796544K)->133195K(2796544K)
[3116.940s][info][gc,metaspace   ] GC(1096) Metaspace: 80247K(81600K)->80247K(81600K) NonClass: 70588K(71232K)->70588K(71232K) Class: 9658K(10368K)->9658K(10368K)
[3116.940s][info][gc             ] GC(1096) Pause Young (System.gc()) 1400M->133M(4086M) 2.890ms
[3116.940s][info][gc,cpu         ] GC(1096) User=0.00s Sys=0.00s Real=0.00s
[3116.940s][info][gc,start       ] GC(1097) Pause Full (System.gc())
[3116.940s][info][gc,phases,start] GC(1097) Marking Phase
[3116.959s][info][gc,phases      ] GC(1097) Marking Phase 19.158ms
[3116.959s][info][gc,phases,start] GC(1097) Summary Phase
[3116.959s][info][gc,phases      ] GC(1097) Summary Phase 0.010ms
[3116.959s][info][gc,phases,start] GC(1097) Adjust Roots
[3116.965s][info][gc,phases      ] GC(1097) Adjust Roots 5.855ms
[3116.965s][info][gc,phases,start] GC(1097) Compaction Phase
[3116.977s][info][gc,phases      ] GC(1097) Compaction Phase 11.750ms
[3116.977s][info][gc,phases,start] GC(1097) Post Compact
[3116.978s][info][gc,phases      ] GC(1097) Post Compact 1.260ms
[3116.978s][info][gc,heap        ] GC(1097) PSYoungGen: 3775K(1387520K)->0K(1387520K) Eden: 0K(1377280K)->0K(1377280K) From: 3775K(10240K)->0K(10240K)
[3116.978s][info][gc,heap        ] GC(1097) ParOldGen: 133195K(2796544K)->82016K(2796544K)
[3116.978s][info][gc,metaspace   ] GC(1097) Metaspace: 80247K(81600K)->80247K(81600K) NonClass: 70588K(71232K)->70588K(71232K) Class: 9658K(10368K)->9658K(10368K)
[3116.978s][info][gc             ] GC(1097) Pause Full (System.gc()) 133M->80M(4086M) 38.323ms
[3116.978s][info][gc,cpu         ] GC(1097) User=0.03s Sys=0.00s Real=0.05s
[3120.170s][info][gc,start       ] GC(1098) Pause Young (Allocation Failure)
[3120.172s][info][gc,heap        ] GC(1098) PSYoungGen: 1377280K(1387520K)->5065K(1387520K) Eden: 1377280K(1377280K)->0K(1377280K) From: 0K(10240K)->5065K(10240K)
[3120.172s][info][gc,heap        ] GC(1098) ParOldGen: 82016K(2796544K)->82016K(2796544K)
[3120.172s][info][gc,metaspace   ] GC(1098) Metaspace: 80247K(81600K)->80247K(81600K) NonClass: 70588K(71232K)->70588K(71232K) Class: 9658K(10368K)->9658K(10368K)
[3120.172s][info][gc             ] GC(1098) Pause Young (Allocation Failure) 1425M->85M(4086M) 2.459ms
[3120.172s][info][gc,cpu         ] GC(1098) User=0.00s Sys=0.00s Real=0.00s
[3122.907s][info][gc,start       ] GC(1099) Pause Young (Allocation Failure)
[3122.912s][info][gc,heap        ] GC(1099) PSYoungGen: 1381573K(1387520K)->9715K(1374720K) Eden: 1376507K(1377280K)->0K(1364992K) From: 5065K(10240K)->9715K(9728K)
[3122.912s][info][gc,heap        ] GC(1099) ParOldGen: 82016K(2796544K)->96119K(2796544K)
[3122.912s][info][gc,metaspace   ] GC(1099) Metaspace: 80247K(81600K)->80247K(81600K) NonClass: 70588K(71232K)->70588K(71232K) Class: 9658K(10368K)->9658K(10368K)
[3122.912s][info][gc             ] GC(1099) Pause Young (Allocation Failure) 1429M->103M(4073M) 5.359ms
[3122.912s][info][gc,cpu         ] GC(1099) User=0.02s Sys=0.00s Real=0.02s
[3127.167s][info][gc,start       ] GC(1100) Pause Young (Allocation Failure)
[3127.169s][info][gc,heap        ] GC(1100) PSYoungGen: 1373701K(1374720K)->4351K(1381376K) Eden: 1363985K(1364992K)->0K(1364992K) From: 9715K(9728K)->4351K(16384K)
[3127.169s][info][gc,heap        ] GC(1100) ParOldGen: 96119K(2796544K)->100088K(2796544K)
[3127.169s][info][gc,metaspace   ] GC(1100) Metaspace: 80247K(81600K)->80247K(81600K) NonClass: 70588K(71232K)->70588K(71232K) Class: 9658K(10368K)->9658K(10368K)
[3127.169s][info][gc             ] GC(1100) Pause Young (Allocation Failure) 1435M->101M(4080M) 2.766ms
[3127.169s][info][gc,cpu         ] GC(1100) User=0.02s Sys=0.00s Real=0.01s
[3129.432s][info][gc,start       ] GC(1101) Pause Young (Allocation Failure)
[3129.435s][info][gc,heap        ] GC(1101) PSYoungGen: 1369247K(1381376K)->6400K(1382400K) Eden: 1364895K(1364992K)->0K(1366528K) From: 4351K(16384K)->6400K(15872K)
[3129.435s][info][gc,heap        ] GC(1101) ParOldGen: 100088K(2796544K)->103286K(2796544K)
[3129.435s][info][gc,metaspace   ] GC(1101) Metaspace: 80247K(81600K)->80247K(81600K) NonClass: 70588K(71232K)->70588K(71232K) Class: 9658K(10368K)->9658K(10368K)
[3129.435s][info][gc             ] GC(1101) Pause Young (Allocation Failure) 1434M->107M(4081M) 3.349ms
[3129.435s][info][gc,cpu         ] GC(1101) User=0.00s Sys=0.00s Real=0.00s
[3134.071s][info][gc,start       ] GC(1102) Pause Young (Allocation Failure)
[3134.074s][info][gc,heap        ] GC(1102) PSYoungGen: 1372928K(1382400K)->5380K(1381888K) Eden: 1366528K(1366528K)->0K(1366528K) From: 6400K(15872K)->5380K(15360K)
[3134.074s][info][gc,heap        ] GC(1102) ParOldGen: 103286K(2796544K)->107920K(2796544K)
[3134.074s][info][gc,metaspace   ] GC(1102) Metaspace: 80247K(81600K)->80247K(81600K) NonClass: 70588K(71232K)->70588K(71232K) Class: 9658K(10368K)->9658K(10368K)
[3134.074s][info][gc             ] GC(1102) Pause Young (Allocation Failure) 1441M->110M(4080M) 3.530ms
[3134.074s][info][gc,cpu         ] GC(1102) User=0.00s Sys=0.00s Real=0.00s
[3136.578s][info][gc,start       ] GC(1103) Pause Young (Allocation Failure)
[3136.581s][info][gc,heap        ] GC(1103) PSYoungGen: 1371908K(1381888K)->6026K(1383424K) Eden: 1366528K(1366528K)->0K(1368576K) From: 5380K(15360K)->6026K(14848K)
[3136.581s][info][gc,heap        ] GC(1103) ParOldGen: 107920K(2796544K)->111996K(2796544K)
[3136.581s][info][gc,metaspace   ] GC(1103) Metaspace: 80247K(81600K)->80247K(81600K) NonClass: 70588K(71232K)->70588K(71232K) Class: 9658K(10368K)->9658K(10368K)
[3136.581s][info][gc             ] GC(1103) Pause Young (Allocation Failure) 1445M->115M(4082M) 3.278ms
[3136.581s][info][gc,cpu         ] GC(1103) User=0.00s Sys=0.00s Real=0.00s
[3140.369s][info][gc,start       ] GC(1104) Pause Young (Allocation Failure)
[3140.372s][info][gc,heap        ] GC(1104) PSYoungGen: 1372485K(1383424K)->9818K(1382912K) Eden: 1366459K(1368576K)->0K(1368576K) From: 6026K(14848K)->9818K(14336K)
[3140.372s][info][gc,heap        ] GC(1104) ParOldGen: 111996K(2796544K)->115538K(2796544K)
[3140.372s][info][gc,metaspace   ] GC(1104) Metaspace: 80247K(81600K)->80247K(81600K) NonClass: 70588K(71232K)->70588K(71232K) Class: 9658K(10368K)->9658K(10368K)
[3140.372s][info][gc             ] GC(1104) Pause Young (Allocation Failure) 1449M->122M(4081M) 3.383ms
[3140.372s][info][gc,cpu         ] GC(1104) User=0.00s Sys=0.00s Real=0.00s
[3143.283s][info][gc,start       ] GC(1105) Pause Young (Allocation Failure)
[3143.286s][info][gc,heap        ] GC(1105) PSYoungGen: 1378394K(1382912K)->6365K(1383936K) Eden: 1368576K(1368576K)->0K(1369088K) From: 9818K(14336K)->6365K(14848K)
[3143.286s][info][gc,heap        ] GC(1105) ParOldGen: 115538K(2796544K)->117979K(2796544K)
[3143.286s][info][gc,metaspace   ] GC(1105) Metaspace: 80247K(81600K)->80247K(81600K) NonClass: 70588K(71232K)->70588K(71232K) Class: 9658K(10368K)->9658K(10368K)
[3143.286s][info][gc             ] GC(1105) Pause Young (Allocation Failure) 1458M->121M(4082M) 2.885ms
[3143.286s][info][gc,cpu         ] GC(1105) User=0.00s Sys=0.00s Real=0.00s
[3146.235s][info][gc,start       ] GC(1106) Pause Young (Allocation Failure)
[3146.237s][info][gc,heap        ] GC(1106) PSYoungGen: 1375453K(1383936K)->5425K(1382912K) Eden: 1369088K(1369088K)->0K(1369088K) From: 6365K(14848K)->5425K(13824K)
[3146.237s][info][gc,heap        ] GC(1106) ParOldGen: 117979K(2796544K)->123089K(2796544K)
[3146.237s][info][gc,metaspace   ] GC(1106) Metaspace: 80247K(81600K)->80247K(81600K) NonClass: 70588K(71232K)->70588K(71232K) Class: 9658K(10368K)->9658K(10368K)
[3146.237s][info][gc             ] GC(1106) Pause Young (Allocation Failure) 1458M->125M(4081M) 2.885ms
[3146.237s][info][gc,cpu         ] GC(1106) User=0.00s Sys=0.00s Real=0.00s
[3148.450s][info][gc,start       ] GC(1107) Pause Young (Allocation Failure)
[3148.453s][info][gc,heap        ] GC(1107) PSYoungGen: 1373806K(1382912K)->6007K(1384448K) Eden: 1368381K(1369088K)->0K(1370624K) From: 5425K(13824K)->6007K(13824K)
[3148.453s][info][gc,heap        ] GC(1107) ParOldGen: 123089K(2796544K)->127129K(2796544K)
[3148.453s][info][gc,metaspace   ] GC(1107) Metaspace: 80247K(81600K)->80247K(81600K) NonClass: 70588K(71232K)->70588K(71232K) Class: 9658K(10368K)->9658K(10368K)
[3148.453s][info][gc             ] GC(1107) Pause Young (Allocation Failure) 1461M->130M(4083M) 3.154ms
[3148.453s][info][gc,cpu         ] GC(1107) User=0.00s Sys=0.00s Real=0.00s
[3150.824s][info][gc,start       ] GC(1108) Pause Young (Allocation Failure)
[3150.828s][info][gc,heap        ] GC(1108) PSYoungGen: 1376631K(1384448K)->6184K(1383936K) Eden: 1370624K(1370624K)->0K(1370624K) From: 6007K(13824K)->6184K(13312K)
[3150.828s][info][gc,heap        ] GC(1108) ParOldGen: 127129K(2796544K)->132142K(2796544K)
[3150.828s][info][gc,metaspace   ] GC(1108) Metaspace: 80247K(81600K)->80247K(81600K) NonClass: 70588K(71232K)->70588K(71232K) Class: 9658K(10368K)->9658K(10368K)
[3150.828s][info][gc             ] GC(1108) Pause Young (Allocation Failure) 1468M->135M(4082M) 3.852ms
[3150.828s][info][gc,cpu         ] GC(1108) User=0.00s Sys=0.00s Real=0.00s
[3153.970s][info][gc,start       ] GC(1109) Pause Young (System.gc())
[3153.973s][info][gc,heap        ] GC(1109) PSYoungGen: 1334320K(1383936K)->3659K(1384960K) Eden: 1328136K(1370624K)->0K(1372160K) From: 6184K(13312K)->3659K(12800K)
[3153.973s][info][gc,heap        ] GC(1109) ParOldGen: 132142K(2796544K)->136941K(2796544K)
[3153.973s][info][gc,metaspace   ] GC(1109) Metaspace: 80247K(81600K)->80247K(81600K) NonClass: 70588K(71232K)->70588K(71232K) Class: 9658K(10368K)->9658K(10368K)
[3153.973s][info][gc             ] GC(1109) Pause Young (System.gc()) 1432M->137M(4083M) 2.783ms
[3153.973s][info][gc,cpu         ] GC(1109) User=0.00s Sys=0.00s Real=0.00s
[3153.973s][info][gc,start       ] GC(1110) Pause Full (System.gc())
[3153.973s][info][gc,phases,start] GC(1110) Marking Phase
[3153.996s][info][gc,phases      ] GC(1110) Marking Phase 23.230ms
[3153.996s][info][gc,phases,start] GC(1110) Summary Phase
[3153.996s][info][gc,phases      ] GC(1110) Summary Phase 0.011ms
[3153.996s][info][gc,phases,start] GC(1110) Adjust Roots
[3154.002s][info][gc,phases      ] GC(1110) Adjust Roots 6.101ms
[3154.002s][info][gc,phases,start] GC(1110) Compaction Phase
[3154.014s][info][gc,phases      ] GC(1110) Compaction Phase 11.711ms
[3154.014s][info][gc,phases,start] GC(1110) Post Compact
[3154.015s][info][gc,phases      ] GC(1110) Post Compact 1.230ms
[3154.015s][info][gc,heap        ] GC(1110) PSYoungGen: 3659K(1384960K)->0K(1384960K) Eden: 0K(1372160K)->0K(1372160K) From: 3659K(12800K)->0K(12800K)
[3154.015s][info][gc,heap        ] GC(1110) ParOldGen: 136941K(2796544K)->84143K(2796544K)
[3154.015s][info][gc,metaspace   ] GC(1110) Metaspace: 80247K(81600K)->80247K(81600K) NonClass: 70588K(71232K)->70588K(71232K) Class: 9658K(10368K)->9658K(10368K)
[3154.015s][info][gc             ] GC(1110) Pause Full (System.gc()) 137M->82M(4083M) 42.551ms
[3154.015s][info][gc,cpu         ] GC(1110) User=0.05s Sys=0.00s Real=0.05s
[3157.295s][info][gc,start       ] GC(1111) Pause Young (Allocation Failure)
[3157.298s][info][gc,heap        ] GC(1111) PSYoungGen: 1372160K(1384960K)->5052K(1384960K) Eden: 1372160K(1372160K)->0K(1372160K) From: 0K(12800K)->5052K(12800K)
[3157.298s][info][gc,heap        ] GC(1111) ParOldGen: 84143K(2796544K)->84143K(2796544K)
[3157.298s][info][gc,metaspace   ] GC(1111) Metaspace: 80247K(81600K)->80247K(81600K) NonClass: 70588K(71232K)->70588K(71232K) Class: 9658K(10368K)->9658K(10368K)
[3157.298s][info][gc             ] GC(1111) Pause Young (Allocation Failure) 1422M->87M(4083M) 2.396ms
[3157.298s][info][gc,cpu         ] GC(1111) User=0.00s Sys=0.00s Real=0.00s
[3160.113s][info][gc,start       ] GC(1112) Pause Young (Allocation Failure)
[3160.118s][info][gc,heap        ] GC(1112) PSYoungGen: 1373528K(1384960K)->12284K(1371136K) Eden: 1368475K(1372160K)->0K(1358848K) From: 5052K(12800K)->12284K(12288K)
[3160.118s][info][gc,heap        ] GC(1112) ParOldGen: 84143K(2796544K)->99433K(2796544K)
[3160.118s][info][gc,metaspace   ] GC(1112) Metaspace: 80247K(81600K)->80247K(81600K) NonClass: 70588K(71232K)->70588K(71232K) Class: 9658K(10368K)->9658K(10368K)
[3160.118s][info][gc             ] GC(1112) Pause Young (Allocation Failure) 1423M->109M(4070M) 5.017ms
[3160.118s][info][gc,cpu         ] GC(1112) User=0.00s Sys=0.00s Real=0.00s
[3164.171s][info][gc,start       ] GC(1113) Pause Young (Allocation Failure)
[3164.174s][info][gc,heap        ] GC(1113) PSYoungGen: 1371132K(1371136K)->4893K(1378304K) Eden: 1358848K(1358848K)->0K(1358848K) From: 12284K(12288K)->4893K(19456K)
[3164.174s][info][gc,heap        ] GC(1113) ParOldGen: 99433K(2796544K)->103105K(2796544K)
[3164.174s][info][gc,metaspace   ] GC(1113) Metaspace: 80247K(81600K)->80247K(81600K) NonClass: 70588K(71232K)->70588K(71232K) Class: 9658K(10368K)->9658K(10368K)
[3164.174s][info][gc             ] GC(1113) Pause Young (Allocation Failure) 1436M->105M(4077M) 2.609ms
[3164.174s][info][gc,cpu         ] GC(1113) User=0.00s Sys=0.00s Real=0.00s
[3166.465s][info][gc,start       ] GC(1114) Pause Young (Allocation Failure)
[3166.468s][info][gc,heap        ] GC(1114) PSYoungGen: 1363741K(1378304K)->5952K(1379328K) Eden: 1358848K(1358848K)->0K(1360384K) From: 4893K(19456K)->5952K(18944K)
[3166.468s][info][gc,heap        ] GC(1114) ParOldGen: 103105K(2796544K)->106263K(2796544K)
[3166.468s][info][gc,metaspace   ] GC(1114) Metaspace: 80247K(81600K)->80247K(81600K) NonClass: 70588K(71232K)->70588K(71232K) Class: 9658K(10368K)->9658K(10368K)
[3166.468s][info][gc             ] GC(1114) Pause Young (Allocation Failure) 1432M->109M(4078M) 3.192ms
[3166.468s][info][gc,cpu         ] GC(1114) User=0.00s Sys=0.00s Real=0.00s
[3171.081s][info][gc,start       ] GC(1115) Pause Young (Allocation Failure)
[3171.084s][info][gc,heap        ] GC(1115) PSYoungGen: 1363067K(1379328K)->4146K(1378816K) Eden: 1357115K(1360384K)->0K(1360384K) From: 5952K(18944K)->4146K(18432K)
[3171.084s][info][gc,heap        ] GC(1115) ParOldGen: 106263K(2796544K)->110500K(2796544K)
[3171.084s][info][gc,metaspace   ] GC(1115) Metaspace: 80247K(81600K)->80247K(81600K) NonClass: 70588K(71232K)->70588K(71232K) Class: 9658K(10368K)->9658K(10368K)
[3171.084s][info][gc             ] GC(1115) Pause Young (Allocation Failure) 1434M->111M(4077M) 2.515ms
[3171.084s][info][gc,cpu         ] GC(1115) User=0.00s Sys=0.00s Real=0.00s
[3173.428s][info][gc,start       ] GC(1116) Pause Young (Allocation Failure)
[3173.431s][info][gc,heap        ] GC(1116) PSYoungGen: 1362744K(1378816K)->5930K(1380352K) Eden: 1358597K(1360384K)->0K(1362432K) From: 4146K(18432K)->5930K(17920K)
[3173.431s][info][gc,heap        ] GC(1116) ParOldGen: 110500K(2796544K)->113468K(2796544K)
[3173.431s][info][gc,metaspace   ] GC(1116) Metaspace: 80247K(81600K)->80247K(81600K) NonClass: 70588K(71232K)->70588K(71232K) Class: 9658K(10368K)->9658K(10368K)
[3173.431s][info][gc             ] GC(1116) Pause Young (Allocation Failure) 1438M->116M(4079M) 3.058ms
[3173.431s][info][gc,cpu         ] GC(1116) User=0.00s Sys=0.00s Real=0.00s
[3177.352s][info][gc,start       ] GC(1117) Pause Young (Allocation Failure)
[3177.356s][info][gc,heap        ] GC(1117) PSYoungGen: 1368362K(1380352K)->4720K(1379840K) Eden: 1362432K(1362432K)->0K(1362432K) From: 5930K(17920K)->4720K(17408K)
[3177.356s][info][gc,heap        ] GC(1117) ParOldGen: 113468K(2796544K)->118069K(2796544K)
[3177.356s][info][gc,metaspace   ] GC(1117) Metaspace: 80247K(81600K)->80247K(81600K) NonClass: 70588K(71232K)->70588K(71232K) Class: 9658K(10368K)->9658K(10368K)
[3177.356s][info][gc             ] GC(1117) Pause Young (Allocation Failure) 1447M->119M(4078M) 3.589ms
[3177.356s][info][gc,cpu         ] GC(1117) User=0.00s Sys=0.02s Real=0.02s
[3180.264s][info][gc,start       ] GC(1118) Pause Young (Allocation Failure)
[3180.267s][info][gc,heap        ] GC(1118) PSYoungGen: 1366361K(1379840K)->6488K(1381888K) Eden: 1361641K(1362432K)->0K(1364992K) From: 4720K(17408K)->6488K(16896K)
[3180.267s][info][gc,heap        ] GC(1118) ParOldGen: 118069K(2796544K)->120309K(2796544K)
[3180.267s][info][gc,metaspace   ] GC(1118) Metaspace: 80247K(81600K)->80247K(81600K) NonClass: 70588K(71232K)->70588K(71232K) Class: 9658K(10368K)->9658K(10368K)
[3180.268s][info][gc             ] GC(1118) Pause Young (Allocation Failure) 1449M->123M(4080M) 3.079ms
[3180.268s][info][gc,cpu         ] GC(1118) User=0.00s Sys=0.00s Real=0.00s
[3183.238s][info][gc,start       ] GC(1119) Pause Young (Allocation Failure)
[3183.241s][info][gc,heap        ] GC(1119) PSYoungGen: 1371480K(1381888K)->4943K(1380864K) Eden: 1364992K(1364992K)->0K(1364992K) From: 6488K(16896K)->4943K(15872K)
[3183.241s][info][gc,heap        ] GC(1119) ParOldGen: 120309K(2796544K)->125576K(2796544K)
[3183.241s][info][gc,metaspace   ] GC(1119) Metaspace: 80247K(81600K)->80247K(81600K) NonClass: 70588K(71232K)->70588K(71232K) Class: 9658K(10368K)->9658K(10368K)
[3183.241s][info][gc             ] GC(1119) Pause Young (Allocation Failure) 1456M->127M(4079M) 2.981ms
[3183.241s][info][gc,cpu         ] GC(1119) User=0.00s Sys=0.00s Real=0.00s
[3185.512s][info][gc,start       ] GC(1120) Pause Young (Allocation Failure)
[3185.516s][info][gc,heap        ] GC(1120) PSYoungGen: 1369935K(1380864K)->7457K(1382912K) Eden: 1364992K(1364992K)->0K(1367552K) From: 4943K(15872K)->7457K(15360K)
[3185.516s][info][gc,heap        ] GC(1120) ParOldGen: 125576K(2796544K)->129484K(2796544K)
[3185.516s][info][gc,metaspace   ] GC(1120) Metaspace: 80247K(81600K)->80247K(81600K) NonClass: 70588K(71232K)->70588K(71232K) Class: 9658K(10368K)->9658K(10368K)
[3185.516s][info][gc             ] GC(1120) Pause Young (Allocation Failure) 1460M->133M(4081M) 3.707ms
[3185.516s][info][gc,cpu         ] GC(1120) User=0.00s Sys=0.00s Real=0.00s
[3188.159s][info][gc,start       ] GC(1121) Pause Young (Allocation Failure)
[3188.163s][info][gc,heap        ] GC(1121) PSYoungGen: 1375009K(1382912K)->5993K(1382400K) Eden: 1367552K(1367552K)->0K(1367552K) From: 7457K(15360K)->5993K(14848K)
[3188.163s][info][gc,heap        ] GC(1121) ParOldGen: 129484K(2796544K)->134501K(2796544K)
[3188.163s][info][gc,metaspace   ] GC(1121) Metaspace: 80247K(81600K)->80247K(81600K) NonClass: 70588K(71232K)->70588K(71232K) Class: 9658K(10368K)->9658K(10368K)
[3188.163s][info][gc             ] GC(1121) Pause Young (Allocation Failure) 1469M->137M(4081M) 4.608ms
[3188.163s][info][gc,cpu         ] GC(1121) User=0.00s Sys=0.00s Real=0.00s
[3191.333s][info][gc,start       ] GC(1122) Pause Young (Allocation Failure)
[3191.336s][info][gc,heap        ] GC(1122) PSYoungGen: 1373545K(1382400K)->5303K(1383936K) Eden: 1367552K(1367552K)->0K(1369600K) From: 5993K(14848K)->5303K(14336K)
[3191.336s][info][gc,heap        ] GC(1122) ParOldGen: 134501K(2796544K)->139346K(2796544K)
[3191.336s][info][gc,metaspace   ] GC(1122) Metaspace: 80247K(81600K)->80247K(81600K) NonClass: 70588K(71232K)->70588K(71232K) Class: 9658K(10368K)->9658K(10368K)
[3191.336s][info][gc             ] GC(1122) Pause Young (Allocation Failure) 1472M->141M(4082M) 3.649ms
[3191.336s][info][gc,cpu         ] GC(1122) User=0.00s Sys=0.00s Real=0.00s
[3191.346s][info][gc,start       ] GC(1123) Pause Young (System.gc())
[3191.348s][info][gc,heap        ] GC(1123) PSYoungGen: 52821K(1383936K)->192K(1383424K) Eden: 47518K(1369600K)->0K(1369600K) From: 5303K(14336K)->192K(13824K)
[3191.348s][info][gc,heap        ] GC(1123) ParOldGen: 139346K(2796544K)->143120K(2796544K)
[3191.348s][info][gc,metaspace   ] GC(1123) Metaspace: 80247K(81600K)->80247K(81600K) NonClass: 70588K(71232K)->70588K(71232K) Class: 9658K(10368K)->9658K(10368K)
[3191.348s][info][gc             ] GC(1123) Pause Young (System.gc()) 187M->139M(4082M) 1.688ms
[3191.348s][info][gc,cpu         ] GC(1123) User=0.00s Sys=0.00s Real=0.00s
[3191.348s][info][gc,start       ] GC(1124) Pause Full (System.gc())
[3191.348s][info][gc,phases,start] GC(1124) Marking Phase
[3191.368s][info][gc,phases      ] GC(1124) Marking Phase 19.829ms
[3191.368s][info][gc,phases,start] GC(1124) Summary Phase
[3191.368s][info][gc,phases      ] GC(1124) Summary Phase 0.011ms
[3191.368s][info][gc,phases,start] GC(1124) Adjust Roots
[3191.375s][info][gc,phases      ] GC(1124) Adjust Roots 6.481ms
[3191.375s][info][gc,phases,start] GC(1124) Compaction Phase
[3191.389s][info][gc,phases      ] GC(1124) Compaction Phase 14.115ms
[3191.389s][info][gc,phases,start] GC(1124) Post Compact
[3191.392s][info][gc,phases      ] GC(1124) Post Compact 3.172ms
[3191.392s][info][gc,heap        ] GC(1124) PSYoungGen: 192K(1383424K)->0K(1383424K) Eden: 0K(1369600K)->0K(1369600K) From: 192K(13824K)->0K(13824K)
[3191.392s][info][gc,heap        ] GC(1124) ParOldGen: 143120K(2796544K)->84094K(2796544K)
[3191.392s][info][gc,metaspace   ] GC(1124) Metaspace: 80247K(81600K)->80247K(81600K) NonClass: 70588K(71232K)->70588K(71232K) Class: 9658K(10368K)->9658K(10368K)
[3191.392s][info][gc             ] GC(1124) Pause Full (System.gc()) 139M->82M(4082M) 43.936ms
[3191.392s][info][gc,cpu         ] GC(1124) User=0.05s Sys=0.00s Real=0.05s
[3194.623s][info][gc,start       ] GC(1125) Pause Young (Allocation Failure)
[3194.625s][info][gc,heap        ] GC(1125) PSYoungGen: 1369600K(1383424K)->5208K(1384448K) Eden: 1369600K(1369600K)->0K(1370112K) From: 0K(13824K)->5208K(14336K)
[3194.625s][info][gc,heap        ] GC(1125) ParOldGen: 84094K(2796544K)->84094K(2796544K)
[3194.625s][info][gc,metaspace   ] GC(1125) Metaspace: 80247K(81600K)->80247K(81600K) NonClass: 70588K(71232K)->70588K(71232K) Class: 9658K(10368K)->9658K(10368K)
[3194.625s][info][gc             ] GC(1125) Pause Young (Allocation Failure) 1419M->87M(4083M) 2.286ms
[3194.625s][info][gc,cpu         ] GC(1125) User=0.00s Sys=0.00s Real=0.00s
[3197.360s][info][gc,start       ] GC(1126) Pause Young (Allocation Failure)
[3197.364s][info][gc,heap        ] GC(1126) PSYoungGen: 1375320K(1384448K)->6638K(1383424K) Eden: 1370112K(1370112K)->0K(1370112K) From: 5208K(14336K)->6638K(13312K)
[3197.364s][info][gc,heap        ] GC(1126) ParOldGen: 84094K(2796544K)->88146K(2796544K)
[3197.364s][info][gc,metaspace   ] GC(1126) Metaspace: 80247K(81600K)->80247K(81600K) NonClass: 70588K(71232K)->70588K(71232K) Class: 9658K(10368K)->9658K(10368K)
[3197.364s][info][gc             ] GC(1126) Pause Young (Allocation Failure) 1425M->92M(4082M) 3.930ms
[3197.364s][info][gc,cpu         ] GC(1126) User=0.00s Sys=0.00s Real=0.00s
[3201.485s][info][gc,start       ] GC(1127) Pause Young (Allocation Failure)
[3201.488s][info][gc,heap        ] GC(1127) PSYoungGen: 1376750K(1383424K)->4540K(1384960K) Eden: 1370112K(1370112K)->0K(1372160K) From: 6638K(13312K)->4540K(12800K)
[3201.488s][info][gc,heap        ] GC(1127) ParOldGen: 88146K(2796544K)->90782K(2796544K)
[3201.488s][info][gc,metaspace   ] GC(1127) Metaspace: 80247K(81600K)->80247K(81600K) NonClass: 70588K(71232K)->70588K(71232K) Class: 9658K(10368K)->9658K(10368K)
[3201.488s][info][gc             ] GC(1127) Pause Young (Allocation Failure) 1430M->93M(4083M) 3.107ms
[3201.488s][info][gc,cpu         ] GC(1127) User=0.00s Sys=0.00s Real=0.00s
[3203.788s][info][gc,start       ] GC(1128) Pause Young (Allocation Failure)
[3203.792s][info][gc,heap        ] GC(1128) PSYoungGen: 1376700K(1384960K)->6197K(1384960K) Eden: 1372160K(1372160K)->0K(1372160K) From: 4540K(12800K)->6197K(12800K)
[3203.792s][info][gc,heap        ] GC(1128) ParOldGen: 90782K(2796544K)->93897K(2796544K)
[3203.792s][info][gc,metaspace   ] GC(1128) Metaspace: 80247K(81600K)->80247K(81600K) NonClass: 70588K(71232K)->70588K(71232K) Class: 9658K(10368K)->9658K(10368K)
[3203.792s][info][gc             ] GC(1128) Pause Young (Allocation Failure) 1433M->97M(4083M) 3.699ms
[3203.792s][info][gc,cpu         ] GC(1128) User=0.00s Sys=0.00s Real=0.00s
[3208.465s][info][gc,start       ] GC(1129) Pause Young (Allocation Failure)
[3208.469s][info][gc,heap        ] GC(1129) PSYoungGen: 1378357K(1384960K)->5924K(1386496K) Eden: 1372160K(1372160K)->0K(1374208K) From: 6197K(12800K)->5924K(12288K)
[3208.469s][info][gc,heap        ] GC(1129) ParOldGen: 93897K(2796544K)->98132K(2796544K)
[3208.469s][info][gc,metaspace   ] GC(1129) Metaspace: 80247K(81600K)->80247K(81600K) NonClass: 70588K(71232K)->70588K(71232K) Class: 9658K(10368K)->9658K(10368K)
[3208.469s][info][gc             ] GC(1129) Pause Young (Allocation Failure) 1437M->101M(4085M) 4.065ms
[3208.469s][info][gc,cpu         ] GC(1129) User=0.02s Sys=0.00s Real=0.01s
[3210.873s][info][gc,start       ] GC(1130) Pause Young (Allocation Failure)
[3210.876s][info][gc,heap        ] GC(1130) PSYoungGen: 1380132K(1386496K)->6332K(1385472K) Eden: 1374208K(1374208K)->0K(1374208K) From: 5924K(12288K)->6332K(11264K)
[3210.876s][info][gc,heap        ] GC(1130) ParOldGen: 98132K(2796544K)->101675K(2796544K)
[3210.876s][info][gc,metaspace   ] GC(1130) Metaspace: 80247K(81600K)->80247K(81600K) NonClass: 70588K(71232K)->70588K(71232K) Class: 9658K(10368K)->9658K(10368K)
[3210.876s][info][gc             ] GC(1130) Pause Young (Allocation Failure) 1443M->105M(4084M) 3.238ms
[3210.876s][info][gc,cpu         ] GC(1130) User=0.00s Sys=0.00s Real=0.00s
[3214.832s][info][gc,start       ] GC(1131) Pause Young (Allocation Failure)
[3214.835s][info][gc,heap        ] GC(1131) PSYoungGen: 1380540K(1385472K)->5014K(1387008K) Eden: 1374208K(1374208K)->0K(1375744K) From: 6332K(11264K)->5014K(11264K)
[3214.835s][info][gc,heap        ] GC(1131) ParOldGen: 101675K(2796544K)->105750K(2796544K)
[3214.835s][info][gc,metaspace   ] GC(1131) Metaspace: 80250K(81600K)->80250K(81600K) NonClass: 70591K(71232K)->70591K(71232K) Class: 9658K(10368K)->9658K(10368K)
[3214.835s][info][gc             ] GC(1131) Pause Young (Allocation Failure) 1447M->108M(4085M) 3.127ms
[3214.835s][info][gc,cpu         ] GC(1131) User=0.00s Sys=0.00s Real=0.00s
[3217.753s][info][gc,start       ] GC(1132) Pause Young (Allocation Failure)
[3217.756s][info][gc,heap        ] GC(1132) PSYoungGen: 1380758K(1387008K)->7362K(1386496K) Eden: 1375744K(1375744K)->0K(1375744K) From: 5014K(11264K)->7362K(10752K)
[3217.756s][info][gc,heap        ] GC(1132) ParOldGen: 105750K(2796544K)->108045K(2796544K)
[3217.756s][info][gc,metaspace   ] GC(1132) Metaspace: 80250K(81600K)->80250K(81600K) NonClass: 70591K(71232K)->70591K(71232K) Class: 9658K(10368K)->9658K(10368K)
[3217.756s][info][gc             ] GC(1132) Pause Young (Allocation Failure) 1451M->112M(4085M) 3.249ms
[3217.756s][info][gc,cpu         ] GC(1132) User=0.00s Sys=0.00s Real=0.00s
[3220.814s][info][gc,start       ] GC(1133) Pause Young (Allocation Failure)
[3220.817s][info][gc,heap        ] GC(1133) PSYoungGen: 1379510K(1386496K)->4913K(1387008K) Eden: 1372148K(1375744K)->0K(1376256K) From: 7362K(10752K)->4913K(10752K)
[3220.817s][info][gc,heap        ] GC(1133) ParOldGen: 108045K(2796544K)->113451K(2796544K)
[3220.817s][info][gc,metaspace   ] GC(1133) Metaspace: 80250K(81600K)->80250K(81600K) NonClass: 70591K(71232K)->70591K(71232K) Class: 9658K(10368K)->9658K(10368K)
[3220.817s][info][gc             ] GC(1133) Pause Young (Allocation Failure) 1452M->115M(4085M) 2.959ms
[3220.817s][info][gc,cpu         ] GC(1133) User=0.02s Sys=0.00s Real=0.01s
[3223.063s][info][gc,start       ] GC(1134) Pause Young (Allocation Failure)
[3223.067s][info][gc,heap        ] GC(1134) PSYoungGen: 1381169K(1387008K)->5811K(1387008K) Eden: 1376256K(1376256K)->0K(1376256K) From: 4913K(10752K)->5811K(10752K)
[3223.067s][info][gc,heap        ] GC(1134) ParOldGen: 113451K(2796544K)->117425K(2796544K)
[3223.067s][info][gc,metaspace   ] GC(1134) Metaspace: 80250K(81600K)->80250K(81600K) NonClass: 70591K(71232K)->70591K(71232K) Class: 9658K(10368K)->9658K(10368K)
[3223.067s][info][gc             ] GC(1134) Pause Young (Allocation Failure) 1459M->120M(4085M) 3.468ms
[3223.067s][info][gc,cpu         ] GC(1134) User=0.00s Sys=0.00s Real=0.00s
[3225.456s][info][gc,start       ] GC(1135) Pause Young (Allocation Failure)
[3225.460s][info][gc,heap        ] GC(1135) PSYoungGen: 1382020K(1387008K)->5918K(1388032K) Eden: 1376208K(1376256K)->0K(1377792K) From: 5811K(10752K)->5918K(10240K)
[3225.460s][info][gc,heap        ] GC(1135) ParOldGen: 117425K(2796544K)->122417K(2796544K)
[3225.460s][info][gc,metaspace   ] GC(1135) Metaspace: 80250K(81600K)->80250K(81600K) NonClass: 70591K(71232K)->70591K(71232K) Class: 9658K(10368K)->9658K(10368K)
[3225.460s][info][gc             ] GC(1135) Pause Young (Allocation Failure) 1464M->125M(4086M) 3.783ms
[3225.460s][info][gc,cpu         ] GC(1135) User=0.00s Sys=0.00s Real=0.00s
[3228.530s][info][gc,start       ] GC(1136) Pause Young (System.gc())
[3228.533s][info][gc,heap        ] GC(1136) PSYoungGen: 1329134K(1388032K)->3592K(1387520K) Eden: 1323216K(1377792K)->0K(1377792K) From: 5918K(10240K)->3592K(9728K)
[3228.533s][info][gc,heap        ] GC(1136) ParOldGen: 122417K(2796544K)->127203K(2796544K)
[3228.533s][info][gc,metaspace   ] GC(1136) Metaspace: 80250K(81600K)->80250K(81600K) NonClass: 70591K(71232K)->70591K(71232K) Class: 9658K(10368K)->9658K(10368K)
[3228.533s][info][gc             ] GC(1136) Pause Young (System.gc()) 1417M->127M(4086M) 2.759ms
[3228.533s][info][gc,cpu         ] GC(1136) User=0.00s Sys=0.00s Real=0.00s
[3228.533s][info][gc,start       ] GC(1137) Pause Full (System.gc())
[3228.533s][info][gc,phases,start] GC(1137) Marking Phase
[3228.552s][info][gc,phases      ] GC(1137) Marking Phase 19.403ms
[3228.552s][info][gc,phases,start] GC(1137) Summary Phase
[3228.552s][info][gc,phases      ] GC(1137) Summary Phase 0.011ms
[3228.552s][info][gc,phases,start] GC(1137) Adjust Roots
[3228.558s][info][gc,phases      ] GC(1137) Adjust Roots 5.754ms
[3228.558s][info][gc,phases,start] GC(1137) Compaction Phase
[3228.569s][info][gc,phases      ] GC(1137) Compaction Phase 11.324ms
[3228.569s][info][gc,phases,start] GC(1137) Post Compact
[3228.571s][info][gc,phases      ] GC(1137) Post Compact 1.287ms
[3228.571s][info][gc,heap        ] GC(1137) PSYoungGen: 3592K(1387520K)->0K(1387520K) Eden: 0K(1377792K)->0K(1377792K) From: 3592K(9728K)->0K(9728K)
[3228.571s][info][gc,heap        ] GC(1137) ParOldGen: 127203K(2796544K)->81581K(2796544K)
[3228.571s][info][gc,metaspace   ] GC(1137) Metaspace: 80250K(81600K)->80250K(81600K) NonClass: 70591K(71232K)->70591K(71232K) Class: 9658K(10368K)->9658K(10368K)
[3228.571s][info][gc             ] GC(1137) Pause Full (System.gc()) 127M->79M(4086M) 38.074ms
[3228.571s][info][gc,cpu         ] GC(1137) User=0.05s Sys=0.00s Real=0.04s
[3231.767s][info][gc,start       ] GC(1138) Pause Young (Allocation Failure)
[3231.769s][info][gc,heap        ] GC(1138) PSYoungGen: 1377792K(1387520K)->5124K(1388032K) Eden: 1377792K(1377792K)->0K(1378304K) From: 0K(9728K)->5124K(9728K)
[3231.769s][info][gc,heap        ] GC(1138) ParOldGen: 81581K(2796544K)->81581K(2796544K)
[3231.769s][info][gc,metaspace   ] GC(1138) Metaspace: 80250K(81600K)->80250K(81600K) NonClass: 70591K(71232K)->70591K(71232K) Class: 9658K(10368K)->9658K(10368K)
[3231.769s][info][gc             ] GC(1138) Pause Young (Allocation Failure) 1425M->84M(4086M) 2.195ms
[3231.769s][info][gc,cpu         ] GC(1138) User=0.00s Sys=0.00s Real=0.00s
[3234.512s][info][gc,start       ] GC(1139) Pause Young (Allocation Failure)
[3234.517s][info][gc,heap        ] GC(1139) PSYoungGen: 1382697K(1388032K)->9710K(1388032K) Eden: 1377573K(1378304K)->0K(1378304K) From: 5124K(9728K)->9710K(9728K)
[3234.517s][info][gc,heap        ] GC(1139) ParOldGen: 81581K(2796544K)->91281K(2796544K)
[3234.517s][info][gc,metaspace   ] GC(1139) Metaspace: 80250K(81600K)->80250K(81600K) NonClass: 70591K(71232K)->70591K(71232K) Class: 9658K(10368K)->9658K(10368K)
[3234.517s][info][gc             ] GC(1139) Pause Young (Allocation Failure) 1429M->98M(4086M) 4.898ms
[3234.517s][info][gc,cpu         ] GC(1139) User=0.00s Sys=0.00s Real=0.00s
[3238.763s][info][gc,start       ] GC(1140) Pause Young (Allocation Failure)
[3238.765s][info][gc,heap        ] GC(1140) PSYoungGen: 1387640K(1388032K)->4311K(1379840K) Eden: 1377930K(1378304K)->0K(1370112K) From: 9710K(9728K)->4311K(9728K)
[3238.765s][info][gc,heap        ] GC(1140) ParOldGen: 91281K(2796544K)->94796K(2796544K)
[3238.765s][info][gc,metaspace   ] GC(1140) Metaspace: 80250K(81600K)->80250K(81600K) NonClass: 70591K(71232K)->70591K(71232K) Class: 9658K(10368K)->9658K(10368K)
[3238.765s][info][gc             ] GC(1140) Pause Young (Allocation Failure) 1444M->96M(4078M) 2.455ms
[3238.765s][info][gc,cpu         ] GC(1140) User=0.02s Sys=0.00s Real=0.02s
[3240.903s][info][gc,start       ] GC(1141) Pause Young (Allocation Failure)
[3240.906s][info][gc,heap        ] GC(1141) PSYoungGen: 1374423K(1379840K)->6462K(1383936K) Eden: 1370112K(1370112K)->0K(1370112K) From: 4311K(9728K)->6462K(13824K)
[3240.906s][info][gc,heap        ] GC(1141) ParOldGen: 94796K(2796544K)->98007K(2796544K)
[3240.906s][info][gc,metaspace   ] GC(1141) Metaspace: 80250K(81600K)->80250K(81600K) NonClass: 70591K(71232K)->70591K(71232K) Class: 9658K(10368K)->9658K(10368K)
[3240.906s][info][gc             ] GC(1141) Pause Young (Allocation Failure) 1434M->102M(4082M) 3.111ms
[3240.906s][info][gc,cpu         ] GC(1141) User=0.00s Sys=0.00s Real=0.00s
[3245.590s][info][gc,start       ] GC(1142) Pause Young (Allocation Failure)
[3245.593s][info][gc,heap        ] GC(1142) PSYoungGen: 1376138K(1383936K)->5303K(1384960K) Eden: 1369675K(1370112K)->0K(1371648K) From: 6462K(13824K)->5303K(13312K)
[3245.593s][info][gc,heap        ] GC(1142) ParOldGen: 98007K(2796544K)->102599K(2796544K)
[3245.593s][info][gc,metaspace   ] GC(1142) Metaspace: 80250K(81600K)->80250K(81600K) NonClass: 70591K(71232K)->70591K(71232K) Class: 9658K(10368K)->9658K(10368K)
[3245.593s][info][gc             ] GC(1142) Pause Young (Allocation Failure) 1439M->105M(4083M) 3.099ms
[3245.593s][info][gc,cpu         ] GC(1142) User=0.00s Sys=0.00s Real=0.00s
[3248.148s][info][gc,start       ] GC(1143) Pause Young (Allocation Failure)
[3248.151s][info][gc,heap        ] GC(1143) PSYoungGen: 1376951K(1384960K)->5375K(1384448K) Eden: 1371648K(1371648K)->0K(1371648K) From: 5303K(13312K)->5375K(12800K)
[3248.151s][info][gc,heap        ] GC(1143) ParOldGen: 102599K(2796544K)->106716K(2796544K)
[3248.151s][info][gc,metaspace   ] GC(1143) Metaspace: 80250K(81600K)->80250K(81600K) NonClass: 70591K(71232K)->70591K(71232K) Class: 9658K(10368K)->9658K(10368K)
[3248.151s][info][gc             ] GC(1143) Pause Young (Allocation Failure) 1444M->109M(4083M) 2.799ms
[3248.151s][info][gc,cpu         ] GC(1143) User=0.00s Sys=0.00s Real=0.00s
[3252.006s][info][gc,start       ] GC(1144) Pause Young (Allocation Failure)
[3252.010s][info][gc,heap        ] GC(1144) PSYoungGen: 1376603K(1384448K)->9918K(1383424K) Eden: 1371228K(1371648K)->0K(1371136K) From: 5375K(12800K)->9918K(12288K)
[3252.010s][info][gc,heap        ] GC(1144) ParOldGen: 106716K(2796544K)->110190K(2796544K)
[3252.010s][info][gc,metaspace   ] GC(1144) Metaspace: 80250K(81600K)->80250K(81600K) NonClass: 70591K(71232K)->70591K(71232K) Class: 9658K(10368K)->9658K(10368K)
[3252.010s][info][gc             ] GC(1144) Pause Young (Allocation Failure) 1448M->117M(4082M) 3.341ms
[3252.010s][info][gc,cpu         ] GC(1144) User=0.00s Sys=0.00s Real=0.00s
[3255.030s][info][gc,start       ] GC(1145) Pause Young (Allocation Failure)
[3255.033s][info][gc,heap        ] GC(1145) PSYoungGen: 1381054K(1383424K)->7515K(1384448K) Eden: 1371136K(1371136K)->0K(1371136K) From: 9918K(12288K)->7515K(13312K)
[3255.034s][info][gc,heap        ] GC(1145) ParOldGen: 110190K(2796544K)->112625K(2796544K)
[3255.034s][info][gc,metaspace   ] GC(1145) Metaspace: 80250K(81600K)->80250K(81600K) NonClass: 70591K(71232K)->70591K(71232K) Class: 9658K(10368K)->9658K(10368K)
[3255.034s][info][gc             ] GC(1145) Pause Young (Allocation Failure) 1456M->117M(4083M) 3.532ms
[3255.034s][info][gc,cpu         ] GC(1145) User=0.00s Sys=0.00s Real=0.00s
[3258.035s][info][gc,start       ] GC(1146) Pause Young (Allocation Failure)
[3258.039s][info][gc,heap        ] GC(1146) PSYoungGen: 1378651K(1384448K)->5143K(1384960K) Eden: 1371136K(1371136K)->0K(1372160K) From: 7515K(13312K)->5143K(12800K)
[3258.039s][info][gc,heap        ] GC(1146) ParOldGen: 112625K(2796544K)->117785K(2796544K)
[3258.039s][info][gc,metaspace   ] GC(1146) Metaspace: 80250K(81600K)->80250K(81600K) NonClass: 70591K(71232K)->70591K(71232K) Class: 9658K(10368K)->9658K(10368K)
[3258.039s][info][gc             ] GC(1146) Pause Young (Allocation Failure) 1456M->120M(4083M) 4.323ms
[3258.039s][info][gc,cpu         ] GC(1146) User=0.00s Sys=0.00s Real=0.00s
[3260.239s][info][gc,start       ] GC(1147) Pause Young (Allocation Failure)
[3260.242s][info][gc,heap        ] GC(1147) PSYoungGen: 1377303K(1384960K)->6390K(1384960K) Eden: 1372160K(1372160K)->0K(1372160K) From: 5143K(12800K)->6390K(12800K)
[3260.242s][info][gc,heap        ] GC(1147) ParOldGen: 117785K(2796544K)->121727K(2796544K)
[3260.242s][info][gc,metaspace   ] GC(1147) Metaspace: 80250K(81600K)->80250K(81600K) NonClass: 70591K(71232K)->70591K(71232K) Class: 9658K(10368K)->9658K(10368K)
[3260.242s][info][gc             ] GC(1147) Pause Young (Allocation Failure) 1460M->125M(4083M) 3.273ms
[3260.242s][info][gc,cpu         ] GC(1147) User=0.00s Sys=0.00s Real=0.00s
[3262.531s][info][gc,start       ] GC(1148) Pause Young (Allocation Failure)
[3262.534s][info][gc,heap        ] GC(1148) PSYoungGen: 1378550K(1384960K)->6216K(1385984K) Eden: 1372160K(1372160K)->0K(1373696K) From: 6390K(12800K)->6216K(12288K)
[3262.534s][info][gc,heap        ] GC(1148) ParOldGen: 121727K(2796544K)->126762K(2796544K)
[3262.534s][info][gc,metaspace   ] GC(1148) Metaspace: 80250K(81600K)->80250K(81600K) NonClass: 70591K(71232K)->70591K(71232K) Class: 9658K(10368K)->9658K(10368K)
[3262.534s][info][gc             ] GC(1148) Pause Young (Allocation Failure) 1465M->129M(4084M) 3.627ms
[3262.534s][info][gc,cpu         ] GC(1148) User=0.00s Sys=0.00s Real=0.00s
[3265.614s][info][gc,start       ] GC(1149) Pause Young (System.gc())
[3265.616s][info][gc,heap        ] GC(1149) PSYoungGen: 1314703K(1385984K)->3612K(1385472K) Eden: 1308486K(1373696K)->0K(1373696K) From: 6216K(12288K)->3612K(11776K)
[3265.617s][info][gc,heap        ] GC(1149) ParOldGen: 126762K(2796544K)->131547K(2796544K)
[3265.617s][info][gc,metaspace   ] GC(1149) Metaspace: 80250K(81600K)->80250K(81600K) NonClass: 70591K(71232K)->70591K(71232K) Class: 9658K(10368K)->9658K(10368K)
[3265.617s][info][gc             ] GC(1149) Pause Young (System.gc()) 1407M->131M(4084M) 2.715ms
[3265.617s][info][gc,cpu         ] GC(1149) User=0.00s Sys=0.00s Real=0.00s
[3265.617s][info][gc,start       ] GC(1150) Pause Full (System.gc())
[3265.617s][info][gc,phases,start] GC(1150) Marking Phase
[3265.636s][info][gc,phases      ] GC(1150) Marking Phase 19.198ms
[3265.636s][info][gc,phases,start] GC(1150) Summary Phase
[3265.636s][info][gc,phases      ] GC(1150) Summary Phase 0.010ms
[3265.636s][info][gc,phases,start] GC(1150) Adjust Roots
[3265.642s][info][gc,phases      ] GC(1150) Adjust Roots 6.065ms
[3265.642s][info][gc,phases,start] GC(1150) Compaction Phase
[3265.654s][info][gc,phases      ] GC(1150) Compaction Phase 11.623ms
[3265.654s][info][gc,phases,start] GC(1150) Post Compact
[3265.655s][info][gc,phases      ] GC(1150) Post Compact 1.314ms
[3265.655s][info][gc,heap        ] GC(1150) PSYoungGen: 3612K(1385472K)->0K(1385472K) Eden: 0K(1373696K)->0K(1373696K) From: 3612K(11776K)->0K(11776K)
[3265.655s][info][gc,heap        ] GC(1150) ParOldGen: 131547K(2796544K)->84374K(2796544K)
[3265.655s][info][gc,metaspace   ] GC(1150) Metaspace: 80250K(81600K)->80250K(81600K) NonClass: 70591K(71232K)->70591K(71232K) Class: 9658K(10368K)->9658K(10368K)
[3265.655s][info][gc             ] GC(1150) Pause Full (System.gc()) 131M->82M(4084M) 38.507ms
[3265.655s][info][gc,cpu         ] GC(1150) User=0.03s Sys=0.00s Real=0.03s
[3268.858s][info][gc,start       ] GC(1151) Pause Young (Allocation Failure)
[3268.860s][info][gc,heap        ] GC(1151) PSYoungGen: 1373696K(1385472K)->5262K(1386496K) Eden: 1373696K(1373696K)->0K(1374720K) From: 0K(11776K)->5262K(11776K)
[3268.860s][info][gc,heap        ] GC(1151) ParOldGen: 84374K(2796544K)->84374K(2796544K)
[3268.860s][info][gc,metaspace   ] GC(1151) Metaspace: 80250K(81600K)->80250K(81600K) NonClass: 70591K(71232K)->70591K(71232K) Class: 9658K(10368K)->9658K(10368K)
[3268.860s][info][gc             ] GC(1151) Pause Young (Allocation Failure) 1423M->87M(4085M) 2.275ms
[3268.860s][info][gc,cpu         ] GC(1151) User=0.00s Sys=0.00s Real=0.00s
[3271.601s][info][gc,start       ] GC(1152) Pause Young (Allocation Failure)
[3271.605s][info][gc,heap        ] GC(1152) PSYoungGen: 1377965K(1386496K)->11039K(1385984K) Eden: 1372703K(1374720K)->0K(1374720K) From: 5262K(11776K)->11039K(11264K)
[3271.605s][info][gc,heap        ] GC(1152) ParOldGen: 84374K(2796544K)->92464K(2796544K)
[3271.605s][info][gc,metaspace   ] GC(1152) Metaspace: 80250K(81600K)->80250K(81600K) NonClass: 70591K(71232K)->70591K(71232K) Class: 9658K(10368K)->9658K(10368K)
[3271.605s][info][gc             ] GC(1152) Pause Young (Allocation Failure) 1428M->101M(4084M) 3.764ms
[3271.605s][info][gc,cpu         ] GC(1152) User=0.00s Sys=0.00s Real=0.00s
[3275.803s][info][gc,start       ] GC(1153) Pause Young (Allocation Failure)
[3275.806s][info][gc,heap        ] GC(1153) PSYoungGen: 1385759K(1385984K)->5259K(1384960K) Eden: 1374720K(1374720K)->0K(1373184K) From: 11039K(11264K)->5259K(11776K)
[3275.806s][info][gc,heap        ] GC(1153) ParOldGen: 92464K(2796544K)->95114K(2796544K)
[3275.806s][info][gc,metaspace   ] GC(1153) Metaspace: 80250K(81600K)->80250K(81600K) NonClass: 70591K(71232K)->70591K(71232K) Class: 9658K(10368K)->9658K(10368K)
[3275.806s][info][gc             ] GC(1153) Pause Young (Allocation Failure) 1443M->98M(4083M) 2.633ms
[3275.806s][info][gc,cpu         ] GC(1153) User=0.00s Sys=0.00s Real=0.00s
[3278.045s][info][gc,start       ] GC(1154) Pause Young (Allocation Failure)
[3278.048s][info][gc,heap        ] GC(1154) PSYoungGen: 1378443K(1384960K)->5939K(1385472K) Eden: 1373184K(1373184K)->0K(1373184K) From: 5259K(11776K)->5939K(12288K)
[3278.048s][info][gc,heap        ] GC(1154) ParOldGen: 95114K(2796544K)->98282K(2796544K)
[3278.048s][info][gc,metaspace   ] GC(1154) Metaspace: 80250K(81600K)->80250K(81600K) NonClass: 70591K(71232K)->70591K(71232K) Class: 9658K(10368K)->9658K(10368K)
[3278.048s][info][gc             ] GC(1154) Pause Young (Allocation Failure) 1439M->101M(4084M) 3.308ms
[3278.048s][info][gc,cpu         ] GC(1154) User=0.02s Sys=0.00s Real=0.01s
[3282.764s][info][gc,start       ] GC(1155) Pause Young (Allocation Failure)
[3282.767s][info][gc,heap        ] GC(1155) PSYoungGen: 1379123K(1385472K)->5570K(1386496K) Eden: 1373184K(1373184K)->0K(1374720K) From: 5939K(12288K)->5570K(11776K)
[3282.767s][info][gc,heap        ] GC(1155) ParOldGen: 98282K(2796544K)->102495K(2796544K)
[3282.767s][info][gc,metaspace   ] GC(1155) Metaspace: 80250K(81600K)->80250K(81600K) NonClass: 70591K(71232K)->70591K(71232K) Class: 9658K(10368K)->9658K(10368K)
[3282.767s][info][gc             ] GC(1155) Pause Young (Allocation Failure) 1442M->105M(4085M) 3.304ms
[3282.767s][info][gc,cpu         ] GC(1155) User=0.00s Sys=0.00s Real=0.00s
[3285.332s][info][gc,start       ] GC(1156) Pause Young (Allocation Failure)
[3285.335s][info][gc,heap        ] GC(1156) PSYoungGen: 1380290K(1386496K)->5927K(1385984K) Eden: 1374720K(1374720K)->0K(1374720K) From: 5570K(11776K)->5927K(11264K)
[3285.335s][info][gc,heap        ] GC(1156) ParOldGen: 102495K(2796544K)->106627K(2796544K)
[3285.335s][info][gc,metaspace   ] GC(1156) Metaspace: 80250K(81600K)->80250K(81600K) NonClass: 70591K(71232K)->70591K(71232K) Class: 9658K(10368K)->9658K(10368K)
[3285.335s][info][gc             ] GC(1156) Pause Young (Allocation Failure) 1448M->109M(4084M) 2.933ms
[3285.335s][info][gc,cpu         ] GC(1156) User=0.00s Sys=0.00s Real=0.00s
[3289.120s][info][gc,start       ] GC(1157) Pause Young (Allocation Failure)
[3289.123s][info][gc,heap        ] GC(1157) PSYoungGen: 1377616K(1385984K)->5818K(1387008K) Eden: 1371688K(1374720K)->0K(1375744K) From: 5927K(11264K)->5818K(11264K)
[3289.123s][info][gc,heap        ] GC(1157) ParOldGen: 106627K(2796544K)->110161K(2796544K)
[3289.123s][info][gc,metaspace   ] GC(1157) Metaspace: 80250K(81600K)->80250K(81600K) NonClass: 70591K(71232K)->70591K(71232K) Class: 9658K(10368K)->9658K(10368K)
[3289.123s][info][gc             ] GC(1157) Pause Young (Allocation Failure) 1449M->113M(4085M) 3.152ms
[3289.123s][info][gc,cpu         ] GC(1157) User=0.00s Sys=0.00s Real=0.00s
[3292.108s][info][gc,start       ] GC(1158) Pause Young (Allocation Failure)
[3292.112s][info][gc,heap        ] GC(1158) PSYoungGen: 1381562K(1387008K)->7167K(1386496K) Eden: 1375744K(1375744K)->0K(1375744K) From: 5818K(11264K)->7167K(10752K)
[3292.112s][info][gc,heap        ] GC(1158) ParOldGen: 110161K(2796544K)->112593K(2796544K)
[3292.112s][info][gc,metaspace   ] GC(1158) Metaspace: 80250K(81600K)->80250K(81600K) NonClass: 70591K(71232K)->70591K(71232K) Class: 9658K(10368K)->9658K(10368K)
[3292.112s][info][gc             ] GC(1158) Pause Young (Allocation Failure) 1456M->116M(4085M) 3.334ms
[3292.112s][info][gc,cpu         ] GC(1158) User=0.02s Sys=0.00s Real=0.00s
[3295.165s][info][gc,start       ] GC(1159) Pause Young (Allocation Failure)
[3295.168s][info][gc,heap        ] GC(1159) PSYoungGen: 1382766K(1386496K)->4837K(1387008K) Eden: 1375599K(1375744K)->0K(1376256K) From: 7167K(10752K)->4837K(10752K)
[3295.168s][info][gc,heap        ] GC(1159) ParOldGen: 112593K(2796544K)->117804K(2796544K)
[3295.168s][info][gc,metaspace   ] GC(1159) Metaspace: 80250K(81600K)->80250K(81600K) NonClass: 70591K(71232K)->70591K(71232K) Class: 9658K(10368K)->9658K(10368K)
[3295.168s][info][gc             ] GC(1159) Pause Young (Allocation Failure) 1460M->119M(4085M) 2.683ms
[3295.168s][info][gc,cpu         ] GC(1159) User=0.00s Sys=0.00s Real=0.00s
[3297.407s][info][gc,start       ] GC(1160) Pause Young (Allocation Failure)
[3297.410s][info][gc,heap        ] GC(1160) PSYoungGen: 1381093K(1387008K)->6949K(1387008K) Eden: 1376256K(1376256K)->0K(1376256K) From: 4837K(10752K)->6949K(10752K)
[3297.410s][info][gc,heap        ] GC(1160) ParOldGen: 117804K(2796544K)->121767K(2796544K)
[3297.410s][info][gc,metaspace   ] GC(1160) Metaspace: 80250K(81600K)->80250K(81600K) NonClass: 70591K(71232K)->70591K(71232K) Class: 9658K(10368K)->9658K(10368K)
[3297.410s][info][gc             ] GC(1160) Pause Young (Allocation Failure) 1463M->125M(4085M) 3.381ms
[3297.410s][info][gc,cpu         ] GC(1160) User=0.00s Sys=0.00s Real=0.00s
[3299.733s][info][gc,start       ] GC(1161) Pause Young (Allocation Failure)
[3299.737s][info][gc,heap        ] GC(1161) PSYoungGen: 1383205K(1387008K)->6123K(1387520K) Eden: 1376256K(1376256K)->0K(1377280K) From: 6949K(10752K)->6123K(10240K)
[3299.737s][info][gc,heap        ] GC(1161) ParOldGen: 121767K(2796544K)->126818K(2796544K)
[3299.737s][info][gc,metaspace   ] GC(1161) Metaspace: 80250K(81600K)->80250K(81600K) NonClass: 70591K(71232K)->70591K(71232K) Class: 9658K(10368K)->9658K(10368K)
[3299.737s][info][gc             ] GC(1161) Pause Young (Allocation Failure) 1469M->129M(4086M) 3.709ms
[3299.737s][info][gc,cpu         ] GC(1161) User=0.00s Sys=0.00s Real=0.00s
[3302.820s][info][gc,start       ] GC(1162) Pause Young (System.gc())
[3302.822s][info][gc,heap        ] GC(1162) PSYoungGen: 1302442K(1387520K)->3682K(1387520K) Eden: 1296318K(1377280K)->0K(1377280K) From: 6123K(10240K)->3682K(10240K)
[3302.822s][info][gc,heap        ] GC(1162) ParOldGen: 126818K(2796544K)->131547K(2796544K)
[3302.822s][info][gc,metaspace   ] GC(1162) Metaspace: 80250K(81600K)->80250K(81600K) NonClass: 70591K(71232K)->70591K(71232K) Class: 9658K(10368K)->9658K(10368K)
[3302.822s][info][gc             ] GC(1162) Pause Young (System.gc()) 1395M->132M(4086M) 2.806ms
[3302.822s][info][gc,cpu         ] GC(1162) User=0.00s Sys=0.00s Real=0.00s
[3302.822s][info][gc,start       ] GC(1163) Pause Full (System.gc())
[3302.822s][info][gc,phases,start] GC(1163) Marking Phase
[3302.841s][info][gc,phases      ] GC(1163) Marking Phase 18.136ms
[3302.841s][info][gc,phases,start] GC(1163) Summary Phase
[3302.841s][info][gc,phases      ] GC(1163) Summary Phase 0.010ms
[3302.841s][info][gc,phases,start] GC(1163) Adjust Roots
[3302.846s][info][gc,phases      ] GC(1163) Adjust Roots 5.824ms
[3302.847s][info][gc,phases,start] GC(1163) Compaction Phase
[3302.859s][info][gc,phases      ] GC(1163) Compaction Phase 11.996ms
[3302.859s][info][gc,phases,start] GC(1163) Post Compact
[3302.860s][info][gc,phases      ] GC(1163) Post Compact 1.187ms
[3302.860s][info][gc,heap        ] GC(1163) PSYoungGen: 3682K(1387520K)->0K(1387520K) Eden: 0K(1377280K)->0K(1377280K) From: 3682K(10240K)->0K(10240K)
[3302.860s][info][gc,heap        ] GC(1163) ParOldGen: 131547K(2796544K)->81974K(2796544K)
[3302.860s][info][gc,metaspace   ] GC(1163) Metaspace: 80250K(81600K)->80250K(81600K) NonClass: 70591K(71232K)->70591K(71232K) Class: 9658K(10368K)->9658K(10368K)
[3302.860s][info][gc             ] GC(1163) Pause Full (System.gc()) 132M->80M(4086M) 37.466ms
[3302.860s][info][gc,cpu         ] GC(1163) User=0.02s Sys=0.00s Real=0.03s
[3306.136s][info][gc,start       ] GC(1164) Pause Young (Allocation Failure)
[3306.138s][info][gc,heap        ] GC(1164) PSYoungGen: 1377280K(1387520K)->5255K(1388032K) Eden: 1377280K(1377280K)->0K(1377792K) From: 0K(10240K)->5255K(10240K)
[3306.138s][info][gc,heap        ] GC(1164) ParOldGen: 81974K(2796544K)->81974K(2796544K)
[3306.138s][info][gc,metaspace   ] GC(1164) Metaspace: 80250K(81600K)->80250K(81600K) NonClass: 70591K(71232K)->70591K(71232K) Class: 9658K(10368K)->9658K(10368K)
[3306.138s][info][gc             ] GC(1164) Pause Young (Allocation Failure) 1425M->85M(4086M) 2.483ms
[3306.139s][info][gc,cpu         ] GC(1164) User=0.00s Sys=0.00s Real=0.00s
[3308.870s][info][gc,start       ] GC(1165) Pause Young (Allocation Failure)
[3308.875s][info][gc,heap        ] GC(1165) PSYoungGen: 1380321K(1388032K)->9725K(1387520K) Eden: 1375065K(1377792K)->0K(1377792K) From: 5255K(10240K)->9725K(9728K)
[3308.875s][info][gc,heap        ] GC(1165) ParOldGen: 81974K(2796544K)->95887K(2796544K)
[3308.875s][info][gc,metaspace   ] GC(1165) Metaspace: 80250K(81600K)->80250K(81600K) NonClass: 70591K(71232K)->70591K(71232K) Class: 9658K(10368K)->9658K(10368K)
[3308.875s][info][gc             ] GC(1165) Pause Young (Allocation Failure) 1428M->103M(4086M) 5.205ms
[3308.875s][info][gc,cpu         ] GC(1165) User=0.00s Sys=0.00s Real=0.02s
[3313.128s][info][gc,start       ] GC(1166) Pause Young (Allocation Failure)
[3313.130s][info][gc,heap        ] GC(1166) PSYoungGen: 1386594K(1387520K)->4370K(1376256K) Eden: 1376869K(1377792K)->0K(1366016K) From: 9725K(9728K)->4370K(10240K)
[3313.130s][info][gc,heap        ] GC(1166) ParOldGen: 95887K(2796544K)->99841K(2796544K)
[3313.130s][info][gc,metaspace   ] GC(1166) Metaspace: 80250K(81600K)->80250K(81600K) NonClass: 70591K(71232K)->70591K(71232K) Class: 9658K(10368K)->9658K(10368K)
[3313.130s][info][gc             ] GC(1166) Pause Young (Allocation Failure) 1447M->101M(4075M) 2.721ms
[3313.130s][info][gc,cpu         ] GC(1166) User=0.00s Sys=0.00s Real=0.00s
[3315.347s][info][gc,start       ] GC(1167) Pause Young (Allocation Failure)
[3315.350s][info][gc,heap        ] GC(1167) PSYoungGen: 1366975K(1376256K)->6224K(1381888K) Eden: 1362604K(1366016K)->0K(1366016K) From: 4370K(10240K)->6224K(15872K)
[3315.350s][info][gc,heap        ] GC(1167) ParOldGen: 99841K(2796544K)->103130K(2796544K)
[3315.350s][info][gc,metaspace   ] GC(1167) Metaspace: 80250K(81600K)->80250K(81600K) NonClass: 70591K(71232K)->70591K(71232K) Class: 9658K(10368K)->9658K(10368K)
[3315.350s][info][gc             ] GC(1167) Pause Young (Allocation Failure) 1432M->106M(4080M) 3.075ms
[3315.350s][info][gc,cpu         ] GC(1167) User=0.00s Sys=0.00s Real=0.00s
[3320.006s][info][gc,start       ] GC(1168) Pause Young (Allocation Failure)
[3320.009s][info][gc,heap        ] GC(1168) PSYoungGen: 1372240K(1381888K)->5304K(1382912K) Eden: 1366016K(1366016K)->0K(1367552K) From: 6224K(15872K)->5304K(15360K)
[3320.009s][info][gc,heap        ] GC(1168) ParOldGen: 103130K(2796544K)->107717K(2796544K)
[3320.009s][info][gc,metaspace   ] GC(1168) Metaspace: 80250K(81600K)->80250K(81600K) NonClass: 70591K(71232K)->70591K(71232K) Class: 9658K(10368K)->9658K(10368K)
[3320.009s][info][gc             ] GC(1168) Pause Young (Allocation Failure) 1440M->110M(4081M) 3.304ms
[3320.010s][info][gc,cpu         ] GC(1168) User=0.00s Sys=0.00s Real=0.00s
[3322.556s][info][gc,start       ] GC(1169) Pause Young (Allocation Failure)
[3322.559s][info][gc,heap        ] GC(1169) PSYoungGen: 1372856K(1382912K)->5755K(1382400K) Eden: 1367552K(1367552K)->0K(1367552K) From: 5304K(15360K)->5755K(14848K)
[3322.559s][info][gc,heap        ] GC(1169) ParOldGen: 107717K(2796544K)->111795K(2796544K)
[3322.559s][info][gc,metaspace   ] GC(1169) Metaspace: 80250K(81600K)->80250K(81600K) NonClass: 70591K(71232K)->70591K(71232K) Class: 9658K(10368K)->9658K(10368K)
[3322.559s][info][gc             ] GC(1169) Pause Young (Allocation Failure) 1445M->114M(4081M) 3.171ms
[3322.559s][info][gc,cpu         ] GC(1169) User=0.00s Sys=0.00s Real=0.00s
[3326.343s][info][gc,start       ] GC(1170) Pause Young (Allocation Failure)
[3326.347s][info][gc,heap        ] GC(1170) PSYoungGen: 1373280K(1382400K)->5682K(1383936K) Eden: 1367524K(1367552K)->0K(1369600K) From: 5755K(14848K)->5682K(14336K)
[3326.347s][info][gc,heap        ] GC(1170) ParOldGen: 111795K(2796544K)->115353K(2796544K)
[3326.347s][info][gc,metaspace   ] GC(1170) Metaspace: 80250K(81600K)->80250K(81600K) NonClass: 70591K(71232K)->70591K(71232K) Class: 9658K(10368K)->9658K(10368K)
[3326.347s][info][gc             ] GC(1170) Pause Young (Allocation Failure) 1450M->118M(4082M) 3.771ms
[3326.347s][info][gc,cpu         ] GC(1170) User=0.00s Sys=0.00s Real=0.00s
[3329.340s][info][gc,start       ] GC(1171) Pause Young (Allocation Failure)
[3329.343s][info][gc,heap        ] GC(1171) PSYoungGen: 1375282K(1383936K)->6272K(1383424K) Eden: 1369600K(1369600K)->0K(1369600K) From: 5682K(14336K)->6272K(13824K)
[3329.343s][info][gc,heap        ] GC(1171) ParOldGen: 115353K(2796544K)->117799K(2796544K)
[3329.343s][info][gc,metaspace   ] GC(1171) Metaspace: 80250K(81600K)->80250K(81600K) NonClass: 70591K(71232K)->70591K(71232K) Class: 9658K(10368K)->9658K(10368K)
[3329.343s][info][gc             ] GC(1171) Pause Young (Allocation Failure) 1455M->121M(4082M) 2.864ms
[3329.343s][info][gc,cpu         ] GC(1171) User=0.00s Sys=0.00s Real=0.00s
[3332.294s][info][gc,start       ] GC(1172) Pause Young (Allocation Failure)
[3332.298s][info][gc,heap        ] GC(1172) PSYoungGen: 1375872K(1383424K)->6051K(1384960K) Eden: 1369600K(1369600K)->0K(1371648K) From: 6272K(13824K)->6051K(13312K)
[3332.298s][info][gc,heap        ] GC(1172) ParOldGen: 117799K(2796544K)->123114K(2796544K)
[3332.298s][info][gc,metaspace   ] GC(1172) Metaspace: 80250K(81600K)->80250K(81600K) NonClass: 70591K(71232K)->70591K(71232K) Class: 9658K(10368K)->9658K(10368K)
[3332.298s][info][gc             ] GC(1172) Pause Young (Allocation Failure) 1458M->126M(4083M) 3.495ms
[3332.298s][info][gc,cpu         ] GC(1172) User=0.00s Sys=0.00s Real=0.00s
[3334.520s][info][gc,start       ] GC(1173) Pause Young (Allocation Failure)
[3334.524s][info][gc,heap        ] GC(1173) PSYoungGen: 1377699K(1384960K)->6328K(1384448K) Eden: 1371648K(1371648K)->0K(1371648K) From: 6051K(13312K)->6328K(12800K)
[3334.524s][info][gc,heap        ] GC(1173) ParOldGen: 123114K(2796544K)->127143K(2796544K)
[3334.524s][info][gc,metaspace   ] GC(1173) Metaspace: 80250K(81600K)->80250K(81600K) NonClass: 70591K(71232K)->70591K(71232K) Class: 9658K(10368K)->9658K(10368K)
[3334.524s][info][gc             ] GC(1173) Pause Young (Allocation Failure) 1465M->130M(4083M) 3.824ms
[3334.524s][info][gc,cpu         ] GC(1173) User=0.00s Sys=0.00s Real=0.00s
[3336.902s][info][gc,start       ] GC(1174) Pause Young (Allocation Failure)
[3336.905s][info][gc,heap        ] GC(1174) PSYoungGen: 1377976K(1384448K)->5981K(1385984K) Eden: 1371648K(1371648K)->0K(1373696K) From: 6328K(12800K)->5981K(12288K)
[3336.905s][info][gc,heap        ] GC(1174) ParOldGen: 127143K(2796544K)->132158K(2796544K)
[3336.905s][info][gc,metaspace   ] GC(1174) Metaspace: 80250K(81600K)->80250K(81600K) NonClass: 70591K(71232K)->70591K(71232K) Class: 9658K(10368K)->9658K(10368K)
[3336.905s][info][gc             ] GC(1174) Pause Young (Allocation Failure) 1469M->134M(4084M) 3.634ms
[3336.906s][info][gc,cpu         ] GC(1174) User=0.00s Sys=0.00s Real=0.00s
[3340.003s][info][gc,start       ] GC(1175) Pause Young (System.gc())
[3340.006s][info][gc,heap        ] GC(1175) PSYoungGen: 1332656K(1385984K)->3575K(1385472K) Eden: 1326674K(1373696K)->0K(1373696K) From: 5981K(12288K)->3575K(11776K)
[3340.006s][info][gc,heap        ] GC(1175) ParOldGen: 132158K(2796544K)->136908K(2796544K)
[3340.006s][info][gc,metaspace   ] GC(1175) Metaspace: 80250K(81600K)->80250K(81600K) NonClass: 70591K(71232K)->70591K(71232K) Class: 9658K(10368K)->9658K(10368K)
[3340.006s][info][gc             ] GC(1175) Pause Young (System.gc()) 1430M->137M(4084M) 2.714ms
[3340.006s][info][gc,cpu         ] GC(1175) User=0.00s Sys=0.00s Real=0.00s
[3340.006s][info][gc,start       ] GC(1176) Pause Full (System.gc())
[3340.006s][info][gc,phases,start] GC(1176) Marking Phase
[3340.025s][info][gc,phases      ] GC(1176) Marking Phase 18.956ms
[3340.025s][info][gc,phases,start] GC(1176) Summary Phase
[3340.025s][info][gc,phases      ] GC(1176) Summary Phase 0.010ms
[3340.025s][info][gc,phases,start] GC(1176) Adjust Roots
[3340.031s][info][gc,phases      ] GC(1176) Adjust Roots 6.163ms
[3340.031s][info][gc,phases,start] GC(1176) Compaction Phase
[3340.043s][info][gc,phases      ] GC(1176) Compaction Phase 11.467ms
[3340.043s][info][gc,phases,start] GC(1176) Post Compact
[3340.044s][info][gc,phases      ] GC(1176) Post Compact 1.294ms
[3340.044s][info][gc,heap        ] GC(1176) PSYoungGen: 3575K(1385472K)->0K(1385472K) Eden: 0K(1373696K)->0K(1373696K) From: 3575K(11776K)->0K(11776K)
[3340.044s][info][gc,heap        ] GC(1176) ParOldGen: 136908K(2796544K)->82826K(2796544K)
[3340.044s][info][gc,metaspace   ] GC(1176) Metaspace: 80250K(81600K)->80250K(81600K) NonClass: 70591K(71232K)->70591K(71232K) Class: 9658K(10368K)->9658K(10368K)
[3340.044s][info][gc             ] GC(1176) Pause Full (System.gc()) 137M->80M(4084M) 38.203ms
[3340.044s][info][gc,cpu         ] GC(1176) User=0.03s Sys=0.00s Real=0.05s
[3343.248s][info][gc,start       ] GC(1177) Pause Young (Allocation Failure)
[3343.250s][info][gc,heap        ] GC(1177) PSYoungGen: 1373696K(1385472K)->5133K(1386496K) Eden: 1373696K(1373696K)->0K(1374720K) From: 0K(11776K)->5133K(11776K)
[3343.250s][info][gc,heap        ] GC(1177) ParOldGen: 82826K(2796544K)->82826K(2796544K)
[3343.250s][info][gc,metaspace   ] GC(1177) Metaspace: 80250K(81600K)->80250K(81600K) NonClass: 70591K(71232K)->70591K(71232K) Class: 9658K(10368K)->9658K(10368K)
[3343.250s][info][gc             ] GC(1177) Pause Young (Allocation Failure) 1422M->85M(4085M) 2.351ms
[3343.251s][info][gc,cpu         ] GC(1177) User=0.00s Sys=0.00s Real=0.00s
[3346.020s][info][gc,start       ] GC(1178) Pause Young (Allocation Failure)
[3346.024s][info][gc,heap        ] GC(1178) PSYoungGen: 1379321K(1386496K)->10756K(1385984K) Eden: 1374188K(1374720K)->0K(1374720K) From: 5133K(11776K)->10756K(11264K)
[3346.024s][info][gc,heap        ] GC(1178) ParOldGen: 82826K(2796544K)->86833K(2796544K)
[3346.024s][info][gc,metaspace   ] GC(1178) Metaspace: 80250K(81600K)->80250K(81600K) NonClass: 70591K(71232K)->70591K(71232K) Class: 9658K(10368K)->9658K(10368K)
[3346.024s][info][gc             ] GC(1178) Pause Young (Allocation Failure) 1427M->95M(4084M) 3.729ms
[3346.024s][info][gc,cpu         ] GC(1178) User=0.00s Sys=0.00s Real=0.00s
[3350.171s][info][gc,start       ] GC(1179) Pause Young (Allocation Failure)
[3350.174s][info][gc,heap        ] GC(1179) PSYoungGen: 1385476K(1385984K)->5170K(1384960K) Eden: 1374720K(1374720K)->0K(1373184K) From: 10756K(11264K)->5170K(11776K)
[3350.174s][info][gc,heap        ] GC(1179) ParOldGen: 86833K(2796544K)->89485K(2796544K)
[3350.174s][info][gc,metaspace   ] GC(1179) Metaspace: 80250K(81600K)->80250K(81600K) NonClass: 70591K(71232K)->70591K(71232K) Class: 9658K(10368K)->9658K(10368K)
[3350.174s][info][gc             ] GC(1179) Pause Young (Allocation Failure) 1437M->92M(4083M) 2.828ms
[3350.174s][info][gc,cpu         ] GC(1179) User=0.02s Sys=0.00s Real=0.01s
[3352.444s][info][gc,start       ] GC(1180) Pause Young (Allocation Failure)
[3352.447s][info][gc,heap        ] GC(1180) PSYoungGen: 1378354K(1384960K)->5925K(1385472K) Eden: 1373184K(1373184K)->0K(1373184K) From: 5170K(11776K)->5925K(12288K)
[3352.447s][info][gc,heap        ] GC(1180) ParOldGen: 89485K(2796544K)->92631K(2796544K)
[3352.447s][info][gc,metaspace   ] GC(1180) Metaspace: 80250K(81600K)->80250K(81600K) NonClass: 70591K(71232K)->70591K(71232K) Class: 9658K(10368K)->9658K(10368K)
[3352.447s][info][gc             ] GC(1180) Pause Young (Allocation Failure) 1433M->96M(4084M) 3.213ms
[3352.447s][info][gc,cpu         ] GC(1180) User=0.02s Sys=0.00s Real=0.02s
[3357.105s][info][gc,start       ] GC(1181) Pause Young (Allocation Failure)
[3357.108s][info][gc,heap        ] GC(1181) PSYoungGen: 1379109K(1385472K)->5298K(1385984K) Eden: 1373184K(1373184K)->0K(1374208K) From: 5925K(12288K)->5298K(11776K)
[3357.108s][info][gc,heap        ] GC(1181) ParOldGen: 92631K(2796544K)->96922K(2796544K)
[3357.108s][info][gc,metaspace   ] GC(1181) Metaspace: 80250K(81600K)->80250K(81600K) NonClass: 70591K(71232K)->70591K(71232K) Class: 9658K(10368K)->9658K(10368K)
[3357.108s][info][gc             ] GC(1181) Pause Young (Allocation Failure) 1437M->99M(4084M) 3.350ms
[3357.108s][info][gc,cpu         ] GC(1181) User=0.00s Sys=0.00s Real=0.00s
[3359.639s][info][gc,start       ] GC(1182) Pause Young (Allocation Failure)
[3359.641s][info][gc,heap        ] GC(1182) PSYoungGen: 1379506K(1385984K)->5602K(1385984K) Eden: 1374208K(1374208K)->0K(1374208K) From: 5298K(11776K)->5602K(11776K)
[3359.641s][info][gc,heap        ] GC(1182) ParOldGen: 96922K(2796544K)->101031K(2796544K)
[3359.641s][info][gc,metaspace   ] GC(1182) Metaspace: 80250K(81600K)->80250K(81600K) NonClass: 70591K(71232K)->70591K(71232K) Class: 9658K(10368K)->9658K(10368K)
[3359.641s][info][gc             ] GC(1182) Pause Young (Allocation Failure) 1441M->104M(4084M) 2.907ms
[3359.642s][info][gc,cpu         ] GC(1182) User=0.00s Sys=0.00s Real=0.00s
[3363.403s][info][gc,start       ] GC(1183) Pause Young (Allocation Failure)
[3363.407s][info][gc,heap        ] GC(1183) PSYoungGen: 1379810K(1385984K)->9917K(1384448K) Eden: 1374208K(1374208K)->0K(1373184K) From: 5602K(11776K)->9917K(11264K)
[3363.407s][info][gc,heap        ] GC(1183) ParOldGen: 101031K(2796544K)->104550K(2796544K)
[3363.407s][info][gc,metaspace   ] GC(1183) Metaspace: 80250K(81600K)->80250K(81600K) NonClass: 70591K(71232K)->70591K(71232K) Class: 9658K(10368K)->9658K(10368K)
[3363.407s][info][gc             ] GC(1183) Pause Young (Allocation Failure) 1446M->111M(4083M) 4.359ms
[3363.407s][info][gc,cpu         ] GC(1183) User=0.00s Sys=0.00s Real=0.00s
[3366.423s][info][gc,start       ] GC(1184) Pause Young (Allocation Failure)
[3366.426s][info][gc,heap        ] GC(1184) PSYoungGen: 1383101K(1384448K)->7062K(1385472K) Eden: 1373184K(1373184K)->0K(1373184K) From: 9917K(11264K)->7062K(12288K)
[3366.426s][info][gc,heap        ] GC(1184) ParOldGen: 104550K(2796544K)->106995K(2796544K)
[3366.426s][info][gc,metaspace   ] GC(1184) Metaspace: 80250K(81600K)->80250K(81600K) NonClass: 70591K(71232K)->70591K(71232K) Class: 9658K(10368K)->9658K(10368K)
[3366.426s][info][gc             ] GC(1184) Pause Young (Allocation Failure) 1452M->111M(4084M) 3.100ms
[3366.426s][info][gc,cpu         ] GC(1184) User=0.00s Sys=0.00s Real=0.00s
[3369.445s][info][gc,start       ] GC(1185) Pause Young (Allocation Failure)
[3369.448s][info][gc,heap        ] GC(1185) PSYoungGen: 1380246K(1385472K)->4897K(1386496K) Eden: 1373184K(1373184K)->0K(1374720K) From: 7062K(12288K)->4897K(11776K)
[3369.448s][info][gc,heap        ] GC(1185) ParOldGen: 106995K(2796544K)->112142K(2796544K)
[3369.448s][info][gc,metaspace   ] GC(1185) Metaspace: 80250K(81600K)->80250K(81600K) NonClass: 70591K(71232K)->70591K(71232K) Class: 9658K(10368K)->9658K(10368K)
[3369.448s][info][gc             ] GC(1185) Pause Young (Allocation Failure) 1452M->114M(4085M) 2.795ms
[3369.448s][info][gc,cpu         ] GC(1185) User=0.00s Sys=0.00s Real=0.00s
[3371.703s][info][gc,start       ] GC(1186) Pause Young (Allocation Failure)
[3371.706s][info][gc,heap        ] GC(1186) PSYoungGen: 1379617K(1386496K)->6877K(1385984K) Eden: 1374720K(1374720K)->0K(1374720K) From: 4897K(11776K)->6877K(11264K)
[3371.706s][info][gc,heap        ] GC(1186) ParOldGen: 112142K(2796544K)->116076K(2796544K)
[3371.706s][info][gc,metaspace   ] GC(1186) Metaspace: 80250K(81600K)->80250K(81600K) NonClass: 70591K(71232K)->70591K(71232K) Class: 9658K(10368K)->9658K(10368K)
[3371.706s][info][gc             ] GC(1186) Pause Young (Allocation Failure) 1456M->120M(4084M) 3.274ms
[3371.706s][info][gc,cpu         ] GC(1186) User=0.00s Sys=0.00s Real=0.00s
[3374.025s][info][gc,start       ] GC(1187) Pause Young (Allocation Failure)
[3374.029s][info][gc,heap        ] GC(1187) PSYoungGen: 1381597K(1385984K)->6064K(1387008K) Eden: 1374720K(1374720K)->0K(1375744K) From: 6877K(11264K)->6064K(11264K)
[3374.029s][info][gc,heap        ] GC(1187) ParOldGen: 116076K(2796544K)->121151K(2796544K)
[3374.029s][info][gc,metaspace   ] GC(1187) Metaspace: 80250K(81600K)->80250K(81600K) NonClass: 70591K(71232K)->70591K(71232K) Class: 9658K(10368K)->9658K(10368K)
[3374.029s][info][gc             ] GC(1187) Pause Young (Allocation Failure) 1462M->124M(4085M) 3.660ms
[3374.029s][info][gc,cpu         ] GC(1187) User=0.00s Sys=0.00s Real=0.00s
[3377.193s][info][gc,start       ] GC(1188) Pause Young (System.gc())
[3377.196s][info][gc,heap        ] GC(1188) PSYoungGen: 1299338K(1387008K)->3627K(1386496K) Eden: 1293274K(1375744K)->0K(1375744K) From: 6064K(11264K)->3627K(10752K)
[3377.196s][info][gc,heap        ] GC(1188) ParOldGen: 121151K(2796544K)->125930K(2796544K)
[3377.196s][info][gc,metaspace   ] GC(1188) Metaspace: 80250K(81600K)->80250K(81600K) NonClass: 70591K(71232K)->70591K(71232K) Class: 9658K(10368K)->9658K(10368K)
[3377.196s][info][gc             ] GC(1188) Pause Young (System.gc()) 1387M->126M(4085M) 2.725ms
[3377.196s][info][gc,cpu         ] GC(1188) User=0.00s Sys=0.00s Real=0.00s
[3377.196s][info][gc,start       ] GC(1189) Pause Full (System.gc())
[3377.196s][info][gc,phases,start] GC(1189) Marking Phase
[3377.215s][info][gc,phases      ] GC(1189) Marking Phase 18.702ms
[3377.215s][info][gc,phases,start] GC(1189) Summary Phase
[3377.215s][info][gc,phases      ] GC(1189) Summary Phase 0.012ms
[3377.215s][info][gc,phases,start] GC(1189) Adjust Roots
[3377.221s][info][gc,phases      ] GC(1189) Adjust Roots 6.023ms
[3377.221s][info][gc,phases,start] GC(1189) Compaction Phase
[3377.232s][info][gc,phases      ] GC(1189) Compaction Phase 11.420ms
[3377.232s][info][gc,phases,start] GC(1189) Post Compact
[3377.234s][info][gc,phases      ] GC(1189) Post Compact 1.355ms
[3377.234s][info][gc,heap        ] GC(1189) PSYoungGen: 3627K(1386496K)->0K(1386496K) Eden: 0K(1375744K)->0K(1375744K) From: 3627K(10752K)->0K(10752K)
[3377.234s][info][gc,heap        ] GC(1189) ParOldGen: 125930K(2796544K)->81802K(2796544K)
[3377.234s][info][gc,metaspace   ] GC(1189) Metaspace: 80250K(81600K)->80250K(81600K) NonClass: 70591K(71232K)->70591K(71232K) Class: 9658K(10368K)->9658K(10368K)
[3377.234s][info][gc             ] GC(1189) Pause Full (System.gc()) 126M->79M(4085M) 37.820ms
[3377.234s][info][gc,cpu         ] GC(1189) User=0.05s Sys=0.00s Real=0.05s
[3380.431s][info][gc,start       ] GC(1190) Pause Young (Allocation Failure)
[3380.434s][info][gc,heap        ] GC(1190) PSYoungGen: 1375744K(1386496K)->4983K(1387008K) Eden: 1375744K(1375744K)->0K(1376256K) From: 0K(10752K)->4983K(10752K)
[3380.434s][info][gc,heap        ] GC(1190) ParOldGen: 81802K(2796544K)->81802K(2796544K)
[3380.434s][info][gc,metaspace   ] GC(1190) Metaspace: 80250K(81600K)->80250K(81600K) NonClass: 70591K(71232K)->70591K(71232K) Class: 9658K(10368K)->9658K(10368K)
[3380.434s][info][gc             ] GC(1190) Pause Young (Allocation Failure) 1423M->84M(4085M) 2.240ms
[3380.434s][info][gc,cpu         ] GC(1190) User=0.00s Sys=0.00s Real=0.00s
[3383.197s][info][gc,start       ] GC(1191) Pause Young (Allocation Failure)
[3383.200s][info][gc,heap        ] GC(1191) PSYoungGen: 1380832K(1387008K)->10720K(1387008K) Eden: 1375849K(1376256K)->0K(1376256K) From: 4983K(10752K)->10720K(10752K)
[3383.200s][info][gc,heap        ] GC(1191) ParOldGen: 81802K(2796544K)->85797K(2796544K)
[3383.200s][info][gc,metaspace   ] GC(1191) Metaspace: 80250K(81600K)->80250K(81600K) NonClass: 70591K(71232K)->70591K(71232K) Class: 9658K(10368K)->9658K(10368K)
[3383.200s][info][gc             ] GC(1191) Pause Young (Allocation Failure) 1428M->94M(4085M) 3.384ms
[3383.200s][info][gc,cpu         ] GC(1191) User=0.00s Sys=0.00s Real=0.00s
[3387.430s][info][gc,start       ] GC(1192) Pause Young (Allocation Failure)
[3387.433s][info][gc,heap        ] GC(1192) PSYoungGen: 1386840K(1387008K)->4508K(1381888K) Eden: 1376119K(1376256K)->0K(1371136K) From: 10720K(10752K)->4508K(10752K)
[3387.433s][info][gc,heap        ] GC(1192) ParOldGen: 85797K(2796544K)->88450K(2796544K)
[3387.433s][info][gc,metaspace   ] GC(1192) Metaspace: 80250K(81600K)->80250K(81600K) NonClass: 70591K(71232K)->70591K(71232K) Class: 9658K(10368K)->9658K(10368K)
[3387.433s][info][gc             ] GC(1192) Pause Young (Allocation Failure) 1438M->90M(4080M) 2.962ms
[3387.433s][info][gc,cpu         ] GC(1192) User=0.00s Sys=0.00s Real=0.00s
[3389.629s][info][gc,start       ] GC(1193) Pause Young (Allocation Failure)
[3389.632s][info][gc,heap        ] GC(1193) PSYoungGen: 1375644K(1381888K)->6545K(1384448K) Eden: 1371136K(1371136K)->0K(1371136K) From: 4508K(10752K)->6545K(13312K)
[3389.632s][info][gc,heap        ] GC(1193) ParOldGen: 88450K(2796544K)->91614K(2796544K)
[3389.632s][info][gc,metaspace   ] GC(1193) Metaspace: 80250K(81600K)->80250K(81600K) NonClass: 70591K(71232K)->70591K(71232K) Class: 9658K(10368K)->9658K(10368K)
[3389.632s][info][gc             ] GC(1193) Pause Young (Allocation Failure) 1429M->95M(4083M) 3.034ms
[3389.632s][info][gc,cpu         ] GC(1193) User=0.00s Sys=0.00s Real=0.00s
[3394.352s][info][gc,start       ] GC(1194) Pause Young (Allocation Failure)
[3394.355s][info][gc,heap        ] GC(1194) PSYoungGen: 1377681K(1384448K)->5306K(1385472K) Eden: 1371136K(1371136K)->0K(1372672K) From: 6545K(13312K)->5306K(12800K)
[3394.355s][info][gc,heap        ] GC(1194) ParOldGen: 91614K(2796544K)->96243K(2796544K)
[3394.355s][info][gc,metaspace   ] GC(1194) Metaspace: 80250K(81600K)->80250K(81600K) NonClass: 70591K(71232K)->70591K(71232K) Class: 9658K(10368K)->9658K(10368K)
[3394.355s][info][gc             ] GC(1194) Pause Young (Allocation Failure) 1434M->99M(4084M) 3.396ms
[3394.355s][info][gc,cpu         ] GC(1194) User=0.00s Sys=0.00s Real=0.00s
[3397.015s][info][gc,start       ] GC(1195) Pause Young (Allocation Failure)
[3397.017s][info][gc,heap        ] GC(1195) PSYoungGen: 1377245K(1385472K)->4959K(1384960K) Eden: 1371939K(1372672K)->0K(1372672K) From: 5306K(12800K)->4959K(12288K)
[3397.017s][info][gc,heap        ] GC(1195) ParOldGen: 96243K(2796544K)->100376K(2796544K)
[3397.017s][info][gc,metaspace   ] GC(1195) Metaspace: 80250K(81600K)->80250K(81600K) NonClass: 70591K(71232K)->70591K(71232K) Class: 9658K(10368K)->9658K(10368K)
[3397.017s][info][gc             ] GC(1195) Pause Young (Allocation Failure) 1438M->102M(4083M) 2.668ms
[3397.017s][info][gc,cpu         ] GC(1195) User=0.00s Sys=0.00s Real=0.00s
[3400.739s][info][gc,start       ] GC(1196) Pause Young (Allocation Failure)
[3400.743s][info][gc,heap        ] GC(1196) PSYoungGen: 1375986K(1384960K)->5918K(1385984K) Eden: 1371027K(1372672K)->0K(1374208K) From: 4959K(12288K)->5918K(11776K)
[3400.743s][info][gc,heap        ] GC(1196) ParOldGen: 100376K(2796544K)->103859K(2796544K)
[3400.743s][info][gc,metaspace   ] GC(1196) Metaspace: 80250K(81600K)->80250K(81600K) NonClass: 70591K(71232K)->70591K(71232K) Class: 9658K(10368K)->9658K(10368K)
[3400.743s][info][gc             ] GC(1196) Pause Young (Allocation Failure) 1441M->107M(4084M) 3.259ms
[3400.743s][info][gc,cpu         ] GC(1196) User=0.00s Sys=0.00s Real=0.00s
[3403.727s][info][gc,start       ] GC(1197) Pause Young (Allocation Failure)
[3403.730s][info][gc,heap        ] GC(1197) PSYoungGen: 1380126K(1385984K)->7280K(1385984K) Eden: 1374208K(1374208K)->0K(1374208K) From: 5918K(11776K)->7280K(11776K)
[3403.730s][info][gc,heap        ] GC(1197) ParOldGen: 103859K(2796544K)->106284K(2796544K)
[3403.730s][info][gc,metaspace   ] GC(1197) Metaspace: 80250K(81600K)->80250K(81600K) NonClass: 70591K(71232K)->70591K(71232K) Class: 9658K(10368K)->9658K(10368K)
[3403.730s][info][gc             ] GC(1197) Pause Young (Allocation Failure) 1449M->110M(4084M) 3.283ms
[3403.730s][info][gc,cpu         ] GC(1197) User=0.00s Sys=0.00s Real=0.00s
[3406.815s][info][gc,start       ] GC(1198) Pause Young (Allocation Failure)
[3406.818s][info][gc,heap        ] GC(1198) PSYoungGen: 1381488K(1385984K)->5977K(1387008K) Eden: 1374208K(1374208K)->0K(1375744K) From: 7280K(11776K)->5977K(11264K)
[3406.818s][info][gc,heap        ] GC(1198) ParOldGen: 106284K(2796544K)->111505K(2796544K)
[3406.818s][info][gc,metaspace   ] GC(1198) Metaspace: 80250K(81600K)->80250K(81600K) NonClass: 70591K(71232K)->70591K(71232K) Class: 9658K(10368K)->9658K(10368K)
[3406.818s][info][gc             ] GC(1198) Pause Young (Allocation Failure) 1452M->114M(4085M) 3.406ms
[3406.818s][info][gc,cpu         ] GC(1198) User=0.00s Sys=0.00s Real=0.00s
[3409.054s][info][gc,start       ] GC(1199) Pause Young (Allocation Failure)
[3409.058s][info][gc,heap        ] GC(1199) PSYoungGen: 1381721K(1387008K)->7115K(1386496K) Eden: 1375744K(1375744K)->0K(1375744K) From: 5977K(11264K)->7115K(10752K)
[3409.058s][info][gc,heap        ] GC(1199) ParOldGen: 111505K(2796544K)->115509K(2796544K)
[3409.058s][info][gc,metaspace   ] GC(1199) Metaspace: 80250K(81600K)->80250K(81600K) NonClass: 70591K(71232K)->70591K(71232K) Class: 9658K(10368K)->9658K(10368K)
[3409.058s][info][gc             ] GC(1199) Pause Young (Allocation Failure) 1458M->119M(4085M) 3.514ms
[3409.058s][info][gc,cpu         ] GC(1199) User=0.00s Sys=0.00s Real=0.00s
[3411.314s][info][gc,start       ] GC(1200) Pause Young (Allocation Failure)
[3411.317s][info][gc,heap        ] GC(1200) PSYoungGen: 1382785K(1386496K)->5907K(1387008K) Eden: 1375670K(1375744K)->0K(1376256K) From: 7115K(10752K)->5907K(10752K)
[3411.317s][info][gc,heap        ] GC(1200) ParOldGen: 115509K(2796544K)->120528K(2796544K)
[3411.317s][info][gc,metaspace   ] GC(1200) Metaspace: 80250K(81600K)->80250K(81600K) NonClass: 70591K(71232K)->70591K(71232K) Class: 9658K(10368K)->9658K(10368K)
[3411.317s][info][gc             ] GC(1200) Pause Young (Allocation Failure) 1463M->123M(4085M) 3.427ms
[3411.317s][info][gc,cpu         ] GC(1200) User=0.00s Sys=0.00s Real=0.00s
[3414.400s][info][gc,start       ] GC(1201) Pause Young (System.gc())
[3414.403s][info][gc,heap        ] GC(1201) PSYoungGen: 1293631K(1387008K)->3731K(1387008K) Eden: 1287724K(1376256K)->0K(1376256K) From: 5907K(10752K)->3731K(10752K)
[3414.403s][info][gc,heap        ] GC(1201) ParOldGen: 120528K(2796544K)->125245K(2796544K)
[3414.403s][info][gc,metaspace   ] GC(1201) Metaspace: 80250K(81600K)->80250K(81600K) NonClass: 70591K(71232K)->70591K(71232K) Class: 9658K(10368K)->9658K(10368K)
[3414.403s][info][gc             ] GC(1201) Pause Young (System.gc()) 1381M->125M(4085M) 2.727ms
[3414.403s][info][gc,cpu         ] GC(1201) User=0.00s Sys=0.00s Real=0.00s
[3414.403s][info][gc,start       ] GC(1202) Pause Full (System.gc())
[3414.403s][info][gc,phases,start] GC(1202) Marking Phase
[3414.422s][info][gc,phases      ] GC(1202) Marking Phase 18.796ms
[3414.422s][info][gc,phases,start] GC(1202) Summary Phase
[3414.422s][info][gc,phases      ] GC(1202) Summary Phase 0.010ms
[3414.422s][info][gc,phases,start] GC(1202) Adjust Roots
[3414.428s][info][gc,phases      ] GC(1202) Adjust Roots 6.101ms
[3414.428s][info][gc,phases,start] GC(1202) Compaction Phase
[3414.440s][info][gc,phases      ] GC(1202) Compaction Phase 11.587ms
[3414.440s][info][gc,phases,start] GC(1202) Post Compact
[3414.441s][info][gc,phases      ] GC(1202) Post Compact 1.192ms
[3414.441s][info][gc,heap        ] GC(1202) PSYoungGen: 3731K(1387008K)->0K(1387008K) Eden: 0K(1376256K)->0K(1376256K) From: 3731K(10752K)->0K(10752K)
[3414.441s][info][gc,heap        ] GC(1202) ParOldGen: 125245K(2796544K)->81912K(2796544K)
[3414.441s][info][gc,metaspace   ] GC(1202) Metaspace: 80250K(81600K)->80250K(81600K) NonClass: 70591K(71232K)->70591K(71232K) Class: 9658K(10368K)->9658K(10368K)
[3414.441s][info][gc             ] GC(1202) Pause Full (System.gc()) 125M->79M(4085M) 37.981ms
[3414.441s][info][gc,cpu         ] GC(1202) User=0.03s Sys=0.00s Real=0.03s
[3417.670s][info][gc,start       ] GC(1203) Pause Young (Allocation Failure)
[3417.672s][info][gc,heap        ] GC(1203) PSYoungGen: 1376256K(1387008K)->5130K(1387520K) Eden: 1376256K(1376256K)->0K(1376768K) From: 0K(10752K)->5130K(10752K)
[3417.672s][info][gc,heap        ] GC(1203) ParOldGen: 81912K(2796544K)->81912K(2796544K)
[3417.672s][info][gc,metaspace   ] GC(1203) Metaspace: 80250K(81600K)->80250K(81600K) NonClass: 70591K(71232K)->70591K(71232K) Class: 9658K(10368K)->9658K(10368K)
[3417.672s][info][gc             ] GC(1203) Pause Young (Allocation Failure) 1423M->85M(4086M) 2.591ms
[3417.672s][info][gc,cpu         ] GC(1203) User=0.00s Sys=0.00s Real=0.00s
[3420.400s][info][gc,start       ] GC(1204) Pause Young (Allocation Failure)
[3420.404s][info][gc,heap        ] GC(1204) PSYoungGen: 1381433K(1387520K)->6796K(1387008K) Eden: 1376302K(1376768K)->0K(1376768K) From: 5130K(10752K)->6796K(10240K)
[3420.404s][info][gc,heap        ] GC(1204) ParOldGen: 81912K(2796544K)->85911K(2796544K)
[3420.404s][info][gc,metaspace   ] GC(1204) Metaspace: 80250K(81600K)->80250K(81600K) NonClass: 70591K(71232K)->70591K(71232K) Class: 9658K(10368K)->9658K(10368K)
[3420.404s][info][gc             ] GC(1204) Pause Young (Allocation Failure) 1429M->90M(4085M) 3.890ms
[3420.404s][info][gc,cpu         ] GC(1204) User=0.00s Sys=0.00s Real=0.00s
[3424.647s][info][gc,start       ] GC(1205) Pause Young (Allocation Failure)
[3424.650s][info][gc,heap        ] GC(1205) PSYoungGen: 1383320K(1387008K)->4746K(1387520K) Eden: 1376523K(1376768K)->0K(1377280K) From: 6796K(10240K)->4746K(10240K)
[3424.650s][info][gc,heap        ] GC(1205) ParOldGen: 85911K(2796544K)->88605K(2796544K)
[3424.650s][info][gc,metaspace   ] GC(1205) Metaspace: 80250K(81600K)->80250K(81600K) NonClass: 70591K(71232K)->70591K(71232K) Class: 9658K(10368K)->9658K(10368K)
[3424.650s][info][gc             ] GC(1205) Pause Young (Allocation Failure) 1434M->91M(4086M) 2.643ms
[3424.650s][info][gc,cpu         ] GC(1205) User=0.00s Sys=0.00s Real=0.02s
[3426.861s][info][gc,start       ] GC(1206) Pause Young (Allocation Failure)
[3426.864s][info][gc,heap        ] GC(1206) PSYoungGen: 1382026K(1387520K)->6756K(1387520K) Eden: 1377280K(1377280K)->0K(1377280K) From: 4746K(10240K)->6756K(10240K)
[3426.864s][info][gc,heap        ] GC(1206) ParOldGen: 88605K(2796544K)->91783K(2796544K)
[3426.864s][info][gc,metaspace   ] GC(1206) Metaspace: 80250K(81600K)->80250K(81600K) NonClass: 70591K(71232K)->70591K(71232K) Class: 9658K(10368K)->9658K(10368K)
[3426.864s][info][gc             ] GC(1206) Pause Young (Allocation Failure) 1436M->96M(4086M) 3.120ms
[3426.864s][info][gc,cpu         ] GC(1206) User=0.00s Sys=0.00s Real=0.00s
[3431.633s][info][gc,start       ] GC(1207) Pause Young (Allocation Failure)
[3431.636s][info][gc,heap        ] GC(1207) PSYoungGen: 1384036K(1387520K)->5369K(1388032K) Eden: 1377280K(1377280K)->0K(1378304K) From: 6756K(10240K)->5369K(9728K)
[3431.636s][info][gc,heap        ] GC(1207) ParOldGen: 91783K(2796544K)->96412K(2796544K)
[3431.636s][info][gc,metaspace   ] GC(1207) Metaspace: 80250K(81600K)->80250K(81600K) NonClass: 70591K(71232K)->70591K(71232K) Class: 9658K(10368K)->9658K(10368K)
[3431.636s][info][gc             ] GC(1207) Pause Young (Allocation Failure) 1441M->99M(4086M) 3.216ms
[3431.636s][info][gc,cpu         ] GC(1207) User=0.00s Sys=0.00s Real=0.00s
[3434.295s][info][gc,start       ] GC(1208) Pause Young (Allocation Failure)
[3434.298s][info][gc,heap        ] GC(1208) PSYoungGen: 1383673K(1388032K)->5385K(1388032K) Eden: 1378304K(1378304K)->0K(1378304K) From: 5369K(9728K)->5385K(9728K)
[3434.298s][info][gc,heap        ] GC(1208) ParOldGen: 96412K(2796544K)->100629K(2796544K)
[3434.298s][info][gc,metaspace   ] GC(1208) Metaspace: 80250K(81600K)->80250K(81600K) NonClass: 70591K(71232K)->70591K(71232K) Class: 9658K(10368K)->9658K(10368K)
[3434.298s][info][gc             ] GC(1208) Pause Young (Allocation Failure) 1445M->103M(4086M) 2.821ms
[3434.298s][info][gc,cpu         ] GC(1208) User=0.00s Sys=0.00s Real=0.00s
[3438.065s][info][gc,start       ] GC(1209) Pause Young (Allocation Failure)
[3438.068s][info][gc,heap        ] GC(1209) PSYoungGen: 1380426K(1388032K)->9206K(1383424K) Eden: 1375040K(1378304K)->0K(1374208K) From: 5385K(9728K)->9206K(9216K)
[3438.068s][info][gc,heap        ] GC(1209) ParOldGen: 100629K(2796544K)->104901K(2796544K)
[3438.068s][info][gc,metaspace   ] GC(1209) Metaspace: 80250K(81600K)->80250K(81600K) NonClass: 70591K(71232K)->70591K(71232K) Class: 9658K(10368K)->9658K(10368K)
[3438.068s][info][gc             ] GC(1209) Pause Young (Allocation Failure) 1446M->111M(4082M) 3.696ms
[3438.069s][info][gc,cpu         ] GC(1209) User=0.02s Sys=0.00s Real=0.00s
[3441.195s][info][gc,start       ] GC(1210) Pause Young (Allocation Failure)
[3441.200s][info][gc,heap        ] GC(1210) PSYoungGen: 1383414K(1383424K)->7891K(1385984K) Eden: 1374208K(1374208K)->0K(1374208K) From: 9206K(9216K)->7891K(11776K)
[3441.200s][info][gc,heap        ] GC(1210) ParOldGen: 104901K(2796544K)->109096K(2796544K)
[3441.200s][info][gc,metaspace   ] GC(1210) Metaspace: 80250K(81600K)->80250K(81600K) NonClass: 70591K(71232K)->70591K(71232K) Class: 9658K(10368K)->9658K(10368K)
[3441.200s][info][gc             ] GC(1210) Pause Young (Allocation Failure) 1453M->114M(4084M) 4.868ms
[3441.200s][info][gc,cpu         ] GC(1210) User=0.02s Sys=0.00s Real=0.02s
[3444.295s][info][gc,start       ] GC(1211) Pause Young (Allocation Failure)
[3444.298s][info][gc,heap        ] GC(1211) PSYoungGen: 1382099K(1385984K)->5435K(1385984K) Eden: 1374208K(1374208K)->0K(1374208K) From: 7891K(11776K)->5435K(11776K)
[3444.298s][info][gc,heap        ] GC(1211) ParOldGen: 109096K(2796544K)->113886K(2796544K)
[3444.298s][info][gc,metaspace   ] GC(1211) Metaspace: 80250K(81600K)->80250K(81600K) NonClass: 70591K(71232K)->70591K(71232K) Class: 9658K(10368K)->9658K(10368K)
[3444.298s][info][gc             ] GC(1211) Pause Young (Allocation Failure) 1456M->116M(4084M) 2.967ms
[3444.298s][info][gc,cpu         ] GC(1211) User=0.00s Sys=0.00s Real=0.00s
[3446.557s][info][gc,start       ] GC(1212) Pause Young (Allocation Failure)
[3446.560s][info][gc,heap        ] GC(1212) PSYoungGen: 1377832K(1385984K)->5953K(1385984K) Eden: 1372397K(1374208K)->0K(1374208K) From: 5435K(11776K)->5953K(11776K)
[3446.560s][info][gc,heap        ] GC(1212) ParOldGen: 113886K(2796544K)->117948K(2796544K)
[3446.560s][info][gc,metaspace   ] GC(1212) Metaspace: 80250K(81600K)->80250K(81600K) NonClass: 70591K(71232K)->70591K(71232K) Class: 9658K(10368K)->9658K(10368K)
[3446.560s][info][gc             ] GC(1212) Pause Young (Allocation Failure) 1456M->120M(4084M) 2.968ms
[3446.560s][info][gc,cpu         ] GC(1212) User=0.00s Sys=0.00s Real=0.00s
[3448.746s][info][gc,start       ] GC(1213) Pause Young (Allocation Failure)
[3448.749s][info][gc,heap        ] GC(1213) PSYoungGen: 1380161K(1385984K)->8244K(1386496K) Eden: 1374208K(1374208K)->0K(1375232K) From: 5953K(11776K)->8244K(11264K)
[3448.749s][info][gc,heap        ] GC(1213) ParOldGen: 117948K(2796544K)->122984K(2796544K)
[3448.749s][info][gc,metaspace   ] GC(1213) Metaspace: 80250K(81600K)->80250K(81600K) NonClass: 70591K(71232K)->70591K(71232K) Class: 9658K(10368K)->9658K(10368K)
[3448.749s][info][gc             ] GC(1213) Pause Young (Allocation Failure) 1462M->128M(4085M) 3.714ms
[3448.749s][info][gc,cpu         ] GC(1213) User=0.00s Sys=0.00s Real=0.00s
[3451.823s][info][gc,start       ] GC(1214) Pause Young (System.gc())
[3451.826s][info][gc,heap        ] GC(1214) PSYoungGen: 1274663K(1386496K)->3479K(1378816K) Eden: 1266418K(1375232K)->0K(1375232K) From: 8244K(11264K)->3479K(3584K)
[3451.826s][info][gc,heap        ] GC(1214) ParOldGen: 122984K(2796544K)->128121K(2796544K)
[3451.826s][info][gc,metaspace   ] GC(1214) Metaspace: 80250K(81600K)->80250K(81600K) NonClass: 70591K(71232K)->70591K(71232K) Class: 9658K(10368K)->9658K(10368K)
[3451.826s][info][gc             ] GC(1214) Pause Young (System.gc()) 1364M->128M(4077M) 2.847ms
[3451.826s][info][gc,cpu         ] GC(1214) User=0.00s Sys=0.00s Real=0.00s
[3451.826s][info][gc,start       ] GC(1215) Pause Full (System.gc())
[3451.826s][info][gc,phases,start] GC(1215) Marking Phase
[3451.845s][info][gc,phases      ] GC(1215) Marking Phase 19.184ms
[3451.845s][info][gc,phases,start] GC(1215) Summary Phase
[3451.845s][info][gc,phases      ] GC(1215) Summary Phase 0.010ms
[3451.845s][info][gc,phases,start] GC(1215) Adjust Roots
[3451.852s][info][gc,phases      ] GC(1215) Adjust Roots 6.562ms
[3451.852s][info][gc,phases,start] GC(1215) Compaction Phase
[3451.863s][info][gc,phases      ] GC(1215) Compaction Phase 11.673ms
[3451.863s][info][gc,phases,start] GC(1215) Post Compact
[3451.865s][info][gc,phases      ] GC(1215) Post Compact 1.261ms
[3451.865s][info][gc,heap        ] GC(1215) PSYoungGen: 3479K(1378816K)->0K(1378816K) Eden: 0K(1375232K)->0K(1375232K) From: 3479K(3584K)->0K(3584K)
[3451.865s][info][gc,heap        ] GC(1215) ParOldGen: 128121K(2796544K)->84035K(2796544K)
[3451.865s][info][gc,metaspace   ] GC(1215) Metaspace: 80250K(81600K)->80250K(81600K) NonClass: 70591K(71232K)->70591K(71232K) Class: 9658K(10368K)->9658K(10368K)
[3451.865s][info][gc             ] GC(1215) Pause Full (System.gc()) 128M->82M(4077M) 38.984ms
[3451.865s][info][gc,cpu         ] GC(1215) User=0.05s Sys=0.00s Real=0.03s
[3455.066s][info][gc,start       ] GC(1216) Pause Young (Allocation Failure)
[3455.069s][info][gc,heap        ] GC(1216) PSYoungGen: 1375232K(1378816K)->5135K(1386496K) Eden: 1375232K(1375232K)->0K(1374720K) From: 0K(3584K)->5135K(11776K)
[3455.069s][info][gc,heap        ] GC(1216) ParOldGen: 84035K(2796544K)->84035K(2796544K)
[3455.069s][info][gc,metaspace   ] GC(1216) Metaspace: 80250K(81600K)->80250K(81600K) NonClass: 70591K(71232K)->70591K(71232K) Class: 9658K(10368K)->9658K(10368K)
[3455.069s][info][gc             ] GC(1216) Pause Young (Allocation Failure) 1425M->87M(4085M) 2.469ms
[3455.069s][info][gc,cpu         ] GC(1216) User=0.00s Sys=0.00s Real=0.00s
[3457.841s][info][gc,start       ] GC(1217) Pause Young (Allocation Failure)
[3457.845s][info][gc,heap        ] GC(1217) PSYoungGen: 1377641K(1386496K)->11130K(1385984K) Eden: 1372506K(1374720K)->0K(1374720K) From: 5135K(11776K)->11130K(11264K)
[3457.845s][info][gc,heap        ] GC(1217) ParOldGen: 84035K(2796544K)->92135K(2796544K)
[3457.845s][info][gc,metaspace   ] GC(1217) Metaspace: 80250K(81600K)->80250K(81600K) NonClass: 70591K(71232K)->70591K(71232K) Class: 9658K(10368K)->9658K(10368K)
[3457.845s][info][gc             ] GC(1217) Pause Young (Allocation Failure) 1427M->100M(4084M) 4.016ms
[3457.845s][info][gc,cpu         ] GC(1217) User=0.00s Sys=0.00s Real=0.00s
[3461.999s][info][gc,start       ] GC(1218) Pause Young (Allocation Failure)
[3462.002s][info][gc,heap        ] GC(1218) PSYoungGen: 1385850K(1385984K)->5476K(1384960K) Eden: 1374720K(1374720K)->0K(1373184K) From: 11130K(11264K)->5476K(11776K)
[3462.002s][info][gc,heap        ] GC(1218) ParOldGen: 92135K(2796544K)->94827K(2796544K)
[3462.002s][info][gc,metaspace   ] GC(1218) Metaspace: 80250K(81600K)->80250K(81600K) NonClass: 70591K(71232K)->70591K(71232K) Class: 9658K(10368K)->9658K(10368K)
[3462.002s][info][gc             ] GC(1218) Pause Young (Allocation Failure) 1443M->97M(4083M) 3.132ms
[3462.002s][info][gc,cpu         ] GC(1218) User=0.00s Sys=0.00s Real=0.00s
[3464.285s][info][gc,start       ] GC(1219) Pause Young (Allocation Failure)
[3464.288s][info][gc,heap        ] GC(1219) PSYoungGen: 1378660K(1384960K)->5901K(1385472K) Eden: 1373184K(1373184K)->0K(1373184K) From: 5476K(11776K)->5901K(12288K)
[3464.288s][info][gc,heap        ] GC(1219) ParOldGen: 94827K(2796544K)->97977K(2796544K)
[3464.288s][info][gc,metaspace   ] GC(1219) Metaspace: 80250K(81600K)->80250K(81600K) NonClass: 70591K(71232K)->70591K(71232K) Class: 9658K(10368K)->9658K(10368K)
[3464.288s][info][gc             ] GC(1219) Pause Young (Allocation Failure) 1438M->101M(4084M) 3.023ms
[3464.288s][info][gc,cpu         ] GC(1219) User=0.00s Sys=0.00s Real=0.00s
[3469.024s][info][gc,start       ] GC(1220) Pause Young (Allocation Failure)
[3469.027s][info][gc,heap        ] GC(1220) PSYoungGen: 1379085K(1385472K)->5970K(1386496K) Eden: 1373184K(1373184K)->0K(1374720K) From: 5901K(12288K)->5970K(11776K)
[3469.027s][info][gc,heap        ] GC(1220) ParOldGen: 97977K(2796544K)->102179K(2796544K)
[3469.027s][info][gc,metaspace   ] GC(1220) Metaspace: 80250K(81600K)->80250K(81600K) NonClass: 70591K(71232K)->70591K(71232K) Class: 9658K(10368K)->9658K(10368K)
[3469.027s][info][gc             ] GC(1220) Pause Young (Allocation Failure) 1442M->105M(4085M) 3.401ms
[3469.027s][info][gc,cpu         ] GC(1220) User=0.02s Sys=0.00s Real=0.01s
[3471.552s][info][gc,start       ] GC(1221) Pause Young (Allocation Failure)
[3471.555s][info][gc,heap        ] GC(1221) PSYoungGen: 1380690K(1386496K)->5464K(1385984K) Eden: 1374720K(1374720K)->0K(1374720K) From: 5970K(11776K)->5464K(11264K)
[3471.555s][info][gc,heap        ] GC(1221) ParOldGen: 102179K(2796544K)->106265K(2796544K)
[3471.555s][info][gc,metaspace   ] GC(1221) Metaspace: 80250K(81600K)->80250K(81600K) NonClass: 70591K(71232K)->70591K(71232K) Class: 9658K(10368K)->9658K(10368K)
[3471.555s][info][gc             ] GC(1221) Pause Young (Allocation Failure) 1448M->109M(4084M) 2.761ms
[3471.555s][info][gc,cpu         ] GC(1221) User=0.00s Sys=0.00s Real=0.00s
[3475.333s][info][gc,start       ] GC(1222) Pause Young (Allocation Failure)
[3475.337s][info][gc,heap        ] GC(1222) PSYoungGen: 1376466K(1385984K)->5726K(1387008K) Eden: 1371001K(1374720K)->0K(1375744K) From: 5464K(11264K)->5726K(11264K)
[3475.337s][info][gc,heap        ] GC(1222) ParOldGen: 106265K(2796544K)->109828K(2796544K)
[3475.337s][info][gc,metaspace   ] GC(1222) Metaspace: 80250K(81600K)->80250K(81600K) NonClass: 70591K(71232K)->70591K(71232K) Class: 9658K(10368K)->9658K(10368K)
[3475.337s][info][gc             ] GC(1222) Pause Young (Allocation Failure) 1447M->112M(4085M) 3.560ms
[3475.337s][info][gc,cpu         ] GC(1222) User=0.00s Sys=0.00s Real=0.00s
[3478.360s][info][gc,start       ] GC(1223) Pause Young (Allocation Failure)
[3478.363s][info][gc,heap        ] GC(1223) PSYoungGen: 1381470K(1387008K)->7650K(1386496K) Eden: 1375744K(1375744K)->0K(1375744K) From: 5726K(11264K)->7650K(10752K)
[3478.363s][info][gc,heap        ] GC(1223) ParOldGen: 109828K(2796544K)->112263K(2796544K)
[3478.363s][info][gc,metaspace   ] GC(1223) Metaspace: 80250K(81600K)->80250K(81600K) NonClass: 70591K(71232K)->70591K(71232K) Class: 9658K(10368K)->9658K(10368K)
[3478.363s][info][gc             ] GC(1223) Pause Young (Allocation Failure) 1456M->117M(4085M) 3.619ms
[3478.363s][info][gc,cpu         ] GC(1223) User=0.00s Sys=0.00s Real=0.00s
[3481.392s][info][gc,start       ] GC(1224) Pause Young (Allocation Failure)
[3481.396s][info][gc,heap        ] GC(1224) PSYoungGen: 1382749K(1386496K)->5061K(1387008K) Eden: 1375099K(1375744K)->0K(1376256K) From: 7650K(10752K)->5061K(10752K)
[3481.396s][info][gc,heap        ] GC(1224) ParOldGen: 112263K(2796544K)->117416K(2796544K)
[3481.396s][info][gc,metaspace   ] GC(1224) Metaspace: 80250K(81600K)->80250K(81600K) NonClass: 70591K(71232K)->70591K(71232K) Class: 9658K(10368K)->9658K(10368K)
[3481.396s][info][gc             ] GC(1224) Pause Young (Allocation Failure) 1459M->119M(4085M) 3.982ms
[3481.396s][info][gc,cpu         ] GC(1224) User=0.00s Sys=0.00s Real=0.00s
[3483.612s][info][gc,start       ] GC(1225) Pause Young (Allocation Failure)
[3483.615s][info][gc,heap        ] GC(1225) PSYoungGen: 1381317K(1387008K)->6760K(1387008K) Eden: 1376256K(1376256K)->0K(1376256K) From: 5061K(10752K)->6760K(10752K)
[3483.615s][info][gc,heap        ] GC(1225) ParOldGen: 117416K(2796544K)->121353K(2796544K)
[3483.615s][info][gc,metaspace   ] GC(1225) Metaspace: 80250K(81600K)->80250K(81600K) NonClass: 70591K(71232K)->70591K(71232K) Class: 9658K(10368K)->9658K(10368K)
[3483.615s][info][gc             ] GC(1225) Pause Young (Allocation Failure) 1463M->125M(4085M) 3.158ms
[3483.615s][info][gc,cpu         ] GC(1225) User=0.00s Sys=0.00s Real=0.00s
[3485.919s][info][gc,start       ] GC(1226) Pause Young (Allocation Failure)
[3485.923s][info][gc,heap        ] GC(1226) PSYoungGen: 1383014K(1387008K)->6163K(1387520K) Eden: 1376253K(1376256K)->0K(1377280K) From: 6760K(10752K)->6163K(10240K)
[3485.923s][info][gc,heap        ] GC(1226) ParOldGen: 121353K(2796544K)->126426K(2796544K)
[3485.923s][info][gc,metaspace   ] GC(1226) Metaspace: 80250K(81600K)->80250K(81600K) NonClass: 70591K(71232K)->70591K(71232K) Class: 9658K(10368K)->9658K(10368K)
[3485.923s][info][gc             ] GC(1226) Pause Young (Allocation Failure) 1469M->129M(4086M) 3.609ms
[3485.923s][info][gc,cpu         ] GC(1226) User=0.00s Sys=0.00s Real=0.00s
[3488.944s][info][gc,start       ] GC(1227) Pause Young (System.gc())
[3488.947s][info][gc,heap        ] GC(1227) PSYoungGen: 1295466K(1387520K)->3731K(1387520K) Eden: 1289303K(1377280K)->0K(1377280K) From: 6163K(10240K)->3731K(10240K)
[3488.947s][info][gc,heap        ] GC(1227) ParOldGen: 126426K(2796544K)->131167K(2796544K)
[3488.947s][info][gc,metaspace   ] GC(1227) Metaspace: 80250K(81600K)->80250K(81600K) NonClass: 70591K(71232K)->70591K(71232K) Class: 9658K(10368K)->9658K(10368K)
[3488.947s][info][gc             ] GC(1227) Pause Young (System.gc()) 1388M->131M(4086M) 2.749ms
[3488.947s][info][gc,cpu         ] GC(1227) User=0.00s Sys=0.00s Real=0.00s
[3488.947s][info][gc,start       ] GC(1228) Pause Full (System.gc())
[3488.947s][info][gc,phases,start] GC(1228) Marking Phase
[3488.967s][info][gc,phases      ] GC(1228) Marking Phase 19.595ms
[3488.967s][info][gc,phases,start] GC(1228) Summary Phase
[3488.967s][info][gc,phases      ] GC(1228) Summary Phase 0.011ms
[3488.967s][info][gc,phases,start] GC(1228) Adjust Roots
[3488.973s][info][gc,phases      ] GC(1228) Adjust Roots 5.818ms
[3488.973s][info][gc,phases,start] GC(1228) Compaction Phase
[3488.985s][info][gc,phases      ] GC(1228) Compaction Phase 12.487ms
[3488.985s][info][gc,phases,start] GC(1228) Post Compact
[3488.986s][info][gc,phases      ] GC(1228) Post Compact 1.225ms
[3488.986s][info][gc,heap        ] GC(1228) PSYoungGen: 3731K(1387520K)->0K(1387520K) Eden: 0K(1377280K)->0K(1377280K) From: 3731K(10240K)->0K(10240K)
[3488.986s][info][gc,heap        ] GC(1228) ParOldGen: 131167K(2796544K)->81847K(2796544K)
[3488.986s][info][gc,metaspace   ] GC(1228) Metaspace: 80250K(81600K)->80250K(81600K) NonClass: 70591K(71232K)->70591K(71232K) Class: 9658K(10368K)->9658K(10368K)
[3488.987s][info][gc             ] GC(1228) Pause Full (System.gc()) 131M->79M(4086M) 39.428ms
[3488.987s][info][gc,cpu         ] GC(1228) User=0.03s Sys=0.00s Real=0.03s
[3492.177s][info][gc,start       ] GC(1229) Pause Young (Allocation Failure)
[3492.179s][info][gc,heap        ] GC(1229) PSYoungGen: 1377280K(1387520K)->5183K(1388032K) Eden: 1377280K(1377280K)->0K(1377792K) From: 0K(10240K)->5183K(10240K)
[3492.179s][info][gc,heap        ] GC(1229) ParOldGen: 81847K(2796544K)->81847K(2796544K)
[3492.179s][info][gc,metaspace   ] GC(1229) Metaspace: 80250K(81600K)->80250K(81600K) NonClass: 70591K(71232K)->70591K(71232K) Class: 9658K(10368K)->9658K(10368K)
[3492.179s][info][gc             ] GC(1229) Pause Young (Allocation Failure) 1424M->84M(4086M) 2.206ms
[3492.179s][info][gc,cpu         ] GC(1229) User=0.00s Sys=0.00s Real=0.00s
[3494.934s][info][gc,start       ] GC(1230) Pause Young (Allocation Failure)
[3494.937s][info][gc,heap        ] GC(1230) PSYoungGen: 1382016K(1388032K)->9697K(1387520K) Eden: 1376833K(1377792K)->0K(1377792K) From: 5183K(10240K)->9697K(9728K)
[3494.938s][info][gc,heap        ] GC(1230) ParOldGen: 81847K(2796544K)->95402K(2796544K)
[3494.938s][info][gc,metaspace   ] GC(1230) Metaspace: 80250K(81600K)->80250K(81600K) NonClass: 70591K(71232K)->70591K(71232K) Class: 9658K(10368K)->9658K(10368K)
[3494.938s][info][gc             ] GC(1230) Pause Young (Allocation Failure) 1429M->102M(4086M) 4.021ms
[3494.938s][info][gc,cpu         ] GC(1230) User=0.00s Sys=0.00s Real=0.00s
[3499.204s][info][gc,start       ] GC(1231) Pause Young (Allocation Failure)
[3499.207s][info][gc,heap        ] GC(1231) PSYoungGen: 1387414K(1387520K)->4447K(1376256K) Eden: 1377716K(1377792K)->0K(1366016K) From: 9697K(9728K)->4447K(10240K)
[3499.207s][info][gc,heap        ] GC(1231) ParOldGen: 95402K(2796544K)->98059K(2796544K)
[3499.207s][info][gc,metaspace   ] GC(1231) Metaspace: 80250K(81600K)->80250K(81600K) NonClass: 70591K(71232K)->70591K(71232K) Class: 9658K(10368K)->9658K(10368K)
[3499.207s][info][gc             ] GC(1231) Pause Young (Allocation Failure) 1448M->100M(4075M) 2.925ms
[3499.207s][info][gc,cpu         ] GC(1231) User=0.00s Sys=0.00s Real=0.00s
[3501.410s][info][gc,start       ] GC(1232) Pause Young (Allocation Failure)
[3501.413s][info][gc,heap        ] GC(1232) PSYoungGen: 1370463K(1376256K)->6385K(1381888K) Eden: 1366016K(1366016K)->0K(1366016K) From: 4447K(10240K)->6385K(15872K)
[3501.413s][info][gc,heap        ] GC(1232) ParOldGen: 98059K(2796544K)->101244K(2796544K)
[3501.413s][info][gc,metaspace   ] GC(1232) Metaspace: 80250K(81600K)->80250K(81600K) NonClass: 70591K(71232K)->70591K(71232K) Class: 9658K(10368K)->9658K(10368K)
[3501.413s][info][gc             ] GC(1232) Pause Young (Allocation Failure) 1434M->105M(4080M) 3.407ms
[3501.413s][info][gc,cpu         ] GC(1232) User=0.00s Sys=0.00s Real=0.00s
[3506.106s][info][gc,start       ] GC(1233) Pause Young (Allocation Failure)
[3506.109s][info][gc,heap        ] GC(1233) PSYoungGen: 1372401K(1381888K)->6939K(1383424K) Eden: 1366016K(1366016K)->0K(1368064K) From: 6385K(15872K)->6939K(15360K)
[3506.109s][info][gc,heap        ] GC(1233) ParOldGen: 101244K(2796544K)->105450K(2796544K)
[3506.109s][info][gc,metaspace   ] GC(1233) Metaspace: 80250K(81600K)->80250K(81600K) NonClass: 70591K(71232K)->70591K(71232K) Class: 9658K(10368K)->9658K(10368K)
[3506.109s][info][gc             ] GC(1233) Pause Young (Allocation Failure) 1439M->109M(4082M) 3.362ms
[3506.109s][info][gc,cpu         ] GC(1233) User=0.00s Sys=0.00s Real=0.00s
[3508.628s][info][gc,start       ] GC(1234) Pause Young (Allocation Failure)
[3508.631s][info][gc,heap        ] GC(1234) PSYoungGen: 1371631K(1383424K)->4998K(1382400K) Eden: 1364691K(1368064K)->0K(1368064K) From: 6939K(15360K)->4998K(14336K)
[3508.631s][info][gc,heap        ] GC(1234) ParOldGen: 105450K(2796544K)->109557K(2796544K)
[3508.631s][info][gc,metaspace   ] GC(1234) Metaspace: 80250K(81600K)->80250K(81600K) NonClass: 70591K(71232K)->70591K(71232K) Class: 9658K(10368K)->9658K(10368K)
[3508.631s][info][gc             ] GC(1234) Pause Young (Allocation Failure) 1442M->111M(4081M) 2.562ms
[3508.631s][info][gc,cpu         ] GC(1234) User=0.00s Sys=0.00s Real=0.00s
[3512.408s][info][gc,start       ] GC(1235) Pause Young (Allocation Failure)
[3512.412s][info][gc,heap        ] GC(1235) PSYoungGen: 1372917K(1382400K)->13768K(1380352K) Eden: 1367919K(1368064K)->0K(1366016K) From: 4998K(14336K)->13768K(14336K)
[3512.412s][info][gc,heap        ] GC(1235) ParOldGen: 109557K(2796544K)->113116K(2796544K)
[3512.412s][info][gc,metaspace   ] GC(1235) Metaspace: 80250K(81600K)->80250K(81600K) NonClass: 70591K(71232K)->70591K(71232K) Class: 9658K(10368K)->9658K(10368K)
[3512.412s][info][gc             ] GC(1235) Pause Young (Allocation Failure) 1447M->123M(4079M) 3.601ms
[3512.412s][info][gc,cpu         ] GC(1235) User=0.02s Sys=0.00s Real=0.01s
[3515.322s][info][gc,start       ] GC(1236) Pause Young (Allocation Failure)
[3515.326s][info][gc,heap        ] GC(1236) PSYoungGen: 1379784K(1380352K)->10601K(1376768K) Eden: 1366016K(1366016K)->0K(1366016K) From: 13768K(14336K)->10601K(10752K)
[3515.326s][info][gc,heap        ] GC(1236) ParOldGen: 113116K(2796544K)->115559K(2796544K)
[3515.326s][info][gc,metaspace   ] GC(1236) Metaspace: 80250K(81600K)->80250K(81600K) NonClass: 70591K(71232K)->70591K(71232K) Class: 9658K(10368K)->9658K(10368K)
[3515.326s][info][gc             ] GC(1236) Pause Young (Allocation Failure) 1457M->123M(4075M) 3.833ms
[3515.326s][info][gc,cpu         ] GC(1236) User=0.00s Sys=0.00s Real=0.01s
[3518.392s][info][gc,start       ] GC(1237) Pause Young (Allocation Failure)
[3518.395s][info][gc,heap        ] GC(1237) PSYoungGen: 1373049K(1376768K)->4898K(1381888K) Eden: 1362447K(1366016K)->0K(1365504K) From: 10601K(10752K)->4898K(16384K)
[3518.395s][info][gc,heap        ] GC(1237) ParOldGen: 115559K(2796544K)->120771K(2796544K)
[3518.395s][info][gc,metaspace   ] GC(1237) Metaspace: 80250K(81600K)->80250K(81600K) NonClass: 70591K(71232K)->70591K(71232K) Class: 9658K(10368K)->9658K(10368K)
[3518.395s][info][gc             ] GC(1237) Pause Young (Allocation Failure) 1453M->122M(4080M) 2.823ms
[3518.395s][info][gc,cpu         ] GC(1237) User=0.00s Sys=0.00s Real=0.00s
[3520.566s][info][gc,start       ] GC(1238) Pause Young (Allocation Failure)
[3520.570s][info][gc,heap        ] GC(1238) PSYoungGen: 1370402K(1381888K)->8151K(1381376K) Eden: 1365504K(1365504K)->0K(1365504K) From: 4898K(16384K)->8151K(15872K)
[3520.570s][info][gc,heap        ] GC(1238) ParOldGen: 120771K(2796544K)->124770K(2796544K)
[3520.570s][info][gc,metaspace   ] GC(1238) Metaspace: 80250K(81600K)->80250K(81600K) NonClass: 70591K(71232K)->70591K(71232K) Class: 9658K(10368K)->9658K(10368K)
[3520.570s][info][gc             ] GC(1238) Pause Young (Allocation Failure) 1456M->129M(4080M) 3.556ms
[3520.570s][info][gc,cpu         ] GC(1238) User=0.00s Sys=0.00s Real=0.00s
[3522.988s][info][gc,start       ] GC(1239) Pause Young (Allocation Failure)
[3522.991s][info][gc,heap        ] GC(1239) PSYoungGen: 1373655K(1381376K)->6054K(1382912K) Eden: 1365504K(1365504K)->0K(1367552K) From: 8151K(15872K)->6054K(15360K)
[3522.991s][info][gc,heap        ] GC(1239) ParOldGen: 124770K(2796544K)->129730K(2796544K)
[3522.991s][info][gc,metaspace   ] GC(1239) Metaspace: 80250K(81600K)->80250K(81600K) NonClass: 70591K(71232K)->70591K(71232K) Class: 9658K(10368K)->9658K(10368K)
[3522.991s][info][gc             ] GC(1239) Pause Young (Allocation Failure) 1463M->132M(4081M) 3.366ms
[3522.991s][info][gc,cpu         ] GC(1239) User=0.00s Sys=0.00s Real=0.00s
[3526.094s][info][gc,start       ] GC(1240) Pause Young (System.gc())
[3526.097s][info][gc,heap        ] GC(1240) PSYoungGen: 1350578K(1382912K)->3725K(1382400K) Eden: 1344523K(1367552K)->0K(1367552K) From: 6054K(15360K)->3725K(14848K)
[3526.097s][info][gc,heap        ] GC(1240) ParOldGen: 129730K(2796544K)->134531K(2796544K)
[3526.097s][info][gc,metaspace   ] GC(1240) Metaspace: 80251K(81600K)->80251K(81600K) NonClass: 70592K(71232K)->70592K(71232K) Class: 9658K(10368K)->9658K(10368K)
[3526.097s][info][gc             ] GC(1240) Pause Young (System.gc()) 1445M->135M(4081M) 2.922ms
[3526.097s][info][gc,cpu         ] GC(1240) User=0.00s Sys=0.00s Real=0.00s
[3526.097s][info][gc,start       ] GC(1241) Pause Full (System.gc())
[3526.097s][info][gc,phases,start] GC(1241) Marking Phase
[3526.117s][info][gc,phases      ] GC(1241) Marking Phase 19.185ms
[3526.117s][info][gc,phases,start] GC(1241) Summary Phase
[3526.117s][info][gc,phases      ] GC(1241) Summary Phase 0.011ms
[3526.117s][info][gc,phases,start] GC(1241) Adjust Roots
[3526.123s][info][gc,phases      ] GC(1241) Adjust Roots 6.017ms
[3526.123s][info][gc,phases,start] GC(1241) Compaction Phase
[3526.134s][info][gc,phases      ] GC(1241) Compaction Phase 11.456ms
[3526.134s][info][gc,phases,start] GC(1241) Post Compact
[3526.136s][info][gc,phases      ] GC(1241) Post Compact 1.230ms
[3526.136s][info][gc,heap        ] GC(1241) PSYoungGen: 3725K(1382400K)->0K(1382400K) Eden: 0K(1367552K)->0K(1367552K) From: 3725K(14848K)->0K(14848K)
[3526.136s][info][gc,heap        ] GC(1241) ParOldGen: 134531K(2796544K)->81913K(2796544K)
[3526.136s][info][gc,metaspace   ] GC(1241) Metaspace: 80251K(81600K)->80251K(81600K) NonClass: 70592K(71232K)->70592K(71232K) Class: 9658K(10368K)->9658K(10368K)
[3526.136s][info][gc             ] GC(1241) Pause Full (System.gc()) 135M->79M(4081M) 38.199ms
[3526.136s][info][gc,cpu         ] GC(1241) User=0.03s Sys=0.00s Real=0.03s
[3529.330s][info][gc,start       ] GC(1242) Pause Young (Allocation Failure)
[3529.332s][info][gc,heap        ] GC(1242) PSYoungGen: 1367552K(1382400K)->5136K(1383424K) Eden: 1367552K(1367552K)->0K(1368576K) From: 0K(14848K)->5136K(14848K)
[3529.332s][info][gc,heap        ] GC(1242) ParOldGen: 81913K(2796544K)->81913K(2796544K)
[3529.332s][info][gc,metaspace   ] GC(1242) Metaspace: 80251K(81600K)->80251K(81600K) NonClass: 70592K(71232K)->70592K(71232K) Class: 9658K(10368K)->9658K(10368K)
[3529.332s][info][gc             ] GC(1242) Pause Young (Allocation Failure) 1415M->85M(4082M) 2.385ms
[3529.332s][info][gc,cpu         ] GC(1242) User=0.00s Sys=0.00s Real=0.00s
[3532.114s][info][gc,start       ] GC(1243) Pause Young (Allocation Failure)
[3532.118s][info][gc,heap        ] GC(1243) PSYoungGen: 1371459K(1383424K)->14323K(1382912K) Eden: 1366322K(1368576K)->0K(1368576K) From: 5136K(14848K)->14323K(14336K)
[3532.118s][info][gc,heap        ] GC(1243) ParOldGen: 81913K(2796544K)->90640K(2796544K)
[3532.118s][info][gc,metaspace   ] GC(1243) Metaspace: 80251K(81600K)->80251K(81600K) NonClass: 70592K(71232K)->70592K(71232K) Class: 9658K(10368K)->9658K(10368K)
[3532.118s][info][gc             ] GC(1243) Pause Young (Allocation Failure) 1419M->102M(4081M) 4.121ms
[3532.118s][info][gc,cpu         ] GC(1243) User=0.00s Sys=0.00s Real=0.00s
[3536.201s][info][gc,start       ] GC(1244) Pause Young (Allocation Failure)
[3536.204s][info][gc,heap        ] GC(1244) PSYoungGen: 1382899K(1382912K)->7022K(1374720K) Eden: 1368576K(1368576K)->0K(1359872K) From: 14323K(14336K)->7022K(14848K)
[3536.204s][info][gc,heap        ] GC(1244) ParOldGen: 90640K(2796544K)->93296K(2796544K)
[3536.204s][info][gc,metaspace   ] GC(1244) Metaspace: 80251K(81600K)->80251K(81600K) NonClass: 70592K(71232K)->70592K(71232K) Class: 9658K(10368K)->9658K(10368K)
[3536.204s][info][gc             ] GC(1244) Pause Young (Allocation Failure) 1439M->97M(4073M) 2.785ms
[3536.204s][info][gc,cpu         ] GC(1244) User=0.00s Sys=0.00s Real=0.00s
[3538.493s][info][gc,start       ] GC(1245) Pause Young (Allocation Failure)
[3538.496s][info][gc,heap        ] GC(1245) PSYoungGen: 1366894K(1374720K)->6165K(1378816K) Eden: 1359872K(1359872K)->0K(1359872K) From: 7022K(14848K)->6165K(18944K)
[3538.496s][info][gc,heap        ] GC(1245) ParOldGen: 93296K(2796544K)->96406K(2796544K)
[3538.496s][info][gc,metaspace   ] GC(1245) Metaspace: 80251K(81600K)->80251K(81600K) NonClass: 70592K(71232K)->70592K(71232K) Class: 9658K(10368K)->9658K(10368K)
[3538.497s][info][gc             ] GC(1245) Pause Young (Allocation Failure) 1425M->100M(4077M) 3.334ms
[3538.497s][info][gc,cpu         ] GC(1245) User=0.00s Sys=0.00s Real=0.02s
[3543.168s][info][gc,start       ] GC(1246) Pause Young (Allocation Failure)
[3543.171s][info][gc,heap        ] GC(1246) PSYoungGen: 1366037K(1378816K)->5247K(1379840K) Eden: 1359872K(1359872K)->0K(1361408K) From: 6165K(18944K)->5247K(18432K)
[3543.171s][info][gc,heap        ] GC(1246) ParOldGen: 96406K(2796544K)->100634K(2796544K)
[3543.171s][info][gc,metaspace   ] GC(1246) Metaspace: 80251K(81600K)->80251K(81600K) NonClass: 70592K(71232K)->70592K(71232K) Class: 9658K(10368K)->9658K(10368K)
[3543.171s][info][gc             ] GC(1246) Pause Young (Allocation Failure) 1428M->103M(4078M) 3.184ms
[3543.171s][info][gc,cpu         ] GC(1246) User=0.00s Sys=0.00s Real=0.00s
[3545.508s][info][gc,start       ] GC(1247) Pause Young (Allocation Failure)
[3545.511s][info][gc,heap        ] GC(1247) PSYoungGen: 1366655K(1379840K)->6743K(1379328K) Eden: 1361408K(1361408K)->0K(1361408K) From: 5247K(18432K)->6743K(17920K)
[3545.511s][info][gc,heap        ] GC(1247) ParOldGen: 100634K(2796544K)->103628K(2796544K)
[3545.511s][info][gc,metaspace   ] GC(1247) Metaspace: 80251K(81600K)->80251K(81600K) NonClass: 70592K(71232K)->70592K(71232K) Class: 9658K(10368K)->9658K(10368K)
[3545.511s][info][gc             ] GC(1247) Pause Young (Allocation Failure) 1432M->107M(4078M) 3.132ms
[3545.511s][info][gc,cpu         ] GC(1247) User=0.00s Sys=0.00s Real=0.00s
[3549.454s][info][gc,start       ] GC(1248) Pause Young (Allocation Failure)
[3549.457s][info][gc,heap        ] GC(1248) PSYoungGen: 1365137K(1379328K)->4473K(1380864K) Eden: 1358394K(1361408K)->0K(1363968K) From: 6743K(17920K)->4473K(16896K)
[3549.457s][info][gc,heap        ] GC(1248) ParOldGen: 103628K(2796544K)->108291K(2796544K)
[3549.457s][info][gc,metaspace   ] GC(1248) Metaspace: 80251K(81600K)->80251K(81600K) NonClass: 70592K(71232K)->70592K(71232K) Class: 9658K(10368K)->9658K(10368K)
[3549.457s][info][gc             ] GC(1248) Pause Young (Allocation Failure) 1434M->110M(4079M) 3.016ms
[3549.457s][info][gc,cpu         ] GC(1248) User=0.00s Sys=0.00s Real=0.00s
[3552.384s][info][gc,start       ] GC(1249) Pause Young (Allocation Failure)
[3552.387s][info][gc,heap        ] GC(1249) PSYoungGen: 1368441K(1380864K)->7791K(1380864K) Eden: 1363968K(1363968K)->0K(1363968K) From: 4473K(16896K)->7791K(16896K)
[3552.387s][info][gc,heap        ] GC(1249) ParOldGen: 108291K(2796544K)->110552K(2796544K)
[3552.387s][info][gc,metaspace   ] GC(1249) Metaspace: 80251K(81600K)->80251K(81600K) NonClass: 70592K(71232K)->70592K(71232K) Class: 9658K(10368K)->9658K(10368K)
[3552.387s][info][gc             ] GC(1249) Pause Young (Allocation Failure) 1442M->115M(4079M) 3.090ms
[3552.387s][info][gc,cpu         ] GC(1249) User=0.00s Sys=0.00s Real=0.00s
[3555.284s][info][gc,start       ] GC(1250) Pause Young (Allocation Failure)
[3555.287s][info][gc,heap        ] GC(1250) PSYoungGen: 1371759K(1380864K)->5105K(1382400K) Eden: 1363968K(1363968K)->0K(1366528K) From: 7791K(16896K)->5105K(15872K)
[3555.287s][info][gc,heap        ] GC(1250) ParOldGen: 110552K(2796544K)->115814K(2796544K)
[3555.287s][info][gc,metaspace   ] GC(1250) Metaspace: 80251K(81600K)->80251K(81600K) NonClass: 70592K(71232K)->70592K(71232K) Class: 9658K(10368K)->9658K(10368K)
[3555.287s][info][gc             ] GC(1250) Pause Young (Allocation Failure) 1447M->118M(4081M) 2.939ms
[3555.287s][info][gc,cpu         ] GC(1250) User=0.00s Sys=0.00s Real=0.00s
[3557.464s][info][gc,start       ] GC(1251) Pause Young (Allocation Failure)
[3557.467s][info][gc,heap        ] GC(1251) PSYoungGen: 1370947K(1382400K)->6207K(1381888K) Eden: 1365842K(1366528K)->0K(1366528K) From: 5105K(15872K)->6207K(15360K)
[3557.467s][info][gc,heap        ] GC(1251) ParOldGen: 115814K(2796544K)->119727K(2796544K)
[3557.467s][info][gc,metaspace   ] GC(1251) Metaspace: 80251K(81600K)->80251K(81600K) NonClass: 70592K(71232K)->70592K(71232K) Class: 9658K(10368K)->9658K(10368K)
[3557.467s][info][gc             ] GC(1251) Pause Young (Allocation Failure) 1451M->122M(4080M) 3.128ms
[3557.467s][info][gc,cpu         ] GC(1251) User=0.00s Sys=0.00s Real=0.00s
[3560.004s][info][gc,start       ] GC(1252) Pause Young (Allocation Failure)
[3560.008s][info][gc,heap        ] GC(1252) PSYoungGen: 1372735K(1381888K)->6155K(1383424K) Eden: 1366528K(1366528K)->0K(1368576K) From: 6207K(15360K)->6155K(14848K)
[3560.008s][info][gc,heap        ] GC(1252) ParOldGen: 119727K(2796544K)->124708K(2796544K)
[3560.008s][info][gc,metaspace   ] GC(1252) Metaspace: 80251K(81600K)->80251K(81600K) NonClass: 70592K(71232K)->70592K(71232K) Class: 9658K(10368K)->9658K(10368K)
[3560.008s][info][gc             ] GC(1252) Pause Young (Allocation Failure) 1457M->127M(4082M) 3.828ms
[3560.008s][info][gc,cpu         ] GC(1252) User=0.00s Sys=0.00s Real=0.00s
[3563.251s][info][gc,start       ] GC(1253) Pause Young (Allocation Failure)
[3563.254s][info][gc,heap        ] GC(1253) PSYoungGen: 1374731K(1383424K)->4978K(1382912K) Eden: 1368576K(1368576K)->0K(1368576K) From: 6155K(14848K)->4978K(14336K)
[3563.254s][info][gc,heap        ] GC(1253) ParOldGen: 124708K(2796544K)->129537K(2796544K)
[3563.254s][info][gc,metaspace   ] GC(1253) Metaspace: 80253K(81600K)->80253K(81600K) NonClass: 70594K(71232K)->70594K(71232K) Class: 9658K(10368K)->9658K(10368K)
[3563.254s][info][gc             ] GC(1253) Pause Young (Allocation Failure) 1464M->131M(4081M) 3.445ms
[3563.254s][info][gc,cpu         ] GC(1253) User=0.00s Sys=0.00s Real=0.00s
[3563.259s][info][gc,start       ] GC(1254) Pause Young (System.gc())
[3563.261s][info][gc,heap        ] GC(1254) PSYoungGen: 32541K(1382912K)->192K(1382912K) Eden: 27563K(1368576K)->0K(1369088K) From: 4978K(14336K)->192K(13824K)
[3563.261s][info][gc,heap        ] GC(1254) ParOldGen: 129537K(2796544K)->133267K(2796544K)
[3563.261s][info][gc,metaspace   ] GC(1254) Metaspace: 80253K(81600K)->80253K(81600K) NonClass: 70594K(71232K)->70594K(71232K) Class: 9658K(10368K)->9658K(10368K)
[3563.261s][info][gc             ] GC(1254) Pause Young (System.gc()) 158M->130M(4081M) 1.799ms
[3563.261s][info][gc,cpu         ] GC(1254) User=0.00s Sys=0.00s Real=0.00s
[3563.261s][info][gc,start       ] GC(1255) Pause Full (System.gc())
[3563.261s][info][gc,phases,start] GC(1255) Marking Phase
[3563.280s][info][gc,phases      ] GC(1255) Marking Phase 18.988ms
[3563.280s][info][gc,phases,start] GC(1255) Summary Phase
[3563.280s][info][gc,phases      ] GC(1255) Summary Phase 0.011ms
[3563.280s][info][gc,phases,start] GC(1255) Adjust Roots
[3563.287s][info][gc,phases      ] GC(1255) Adjust Roots 6.863ms
[3563.287s][info][gc,phases,start] GC(1255) Compaction Phase
[3563.298s][info][gc,phases      ] GC(1255) Compaction Phase 10.819ms
[3563.298s][info][gc,phases,start] GC(1255) Post Compact
[3563.299s][info][gc,phases      ] GC(1255) Post Compact 1.286ms
[3563.300s][info][gc,heap        ] GC(1255) PSYoungGen: 192K(1382912K)->0K(1382912K) Eden: 0K(1369088K)->0K(1369088K) From: 192K(13824K)->0K(13824K)
[3563.300s][info][gc,heap        ] GC(1255) ParOldGen: 133267K(2796544K)->81412K(2796544K)
[3563.300s][info][gc,metaspace   ] GC(1255) Metaspace: 80253K(81600K)->80253K(81600K) NonClass: 70594K(71232K)->70594K(71232K) Class: 9658K(10368K)->9658K(10368K)
[3563.300s][info][gc             ] GC(1255) Pause Full (System.gc()) 130M->79M(4081M) 38.284ms
[3563.300s][info][gc,cpu         ] GC(1255) User=0.05s Sys=0.00s Real=0.05s
[3566.476s][info][gc,start       ] GC(1256) Pause Young (Allocation Failure)
[3566.479s][info][gc,heap        ] GC(1256) PSYoungGen: 1369088K(1382912K)->5105K(1383424K) Eden: 1369088K(1369088K)->0K(1369088K) From: 0K(13824K)->5105K(14336K)
[3566.479s][info][gc,heap        ] GC(1256) ParOldGen: 81412K(2796544K)->81412K(2796544K)
[3566.479s][info][gc,metaspace   ] GC(1256) Metaspace: 80253K(81600K)->80253K(81600K) NonClass: 70594K(71232K)->70594K(71232K) Class: 9658K(10368K)->9658K(10368K)
[3566.479s][info][gc             ] GC(1256) Pause Young (Allocation Failure) 1416M->84M(4082M) 2.448ms
[3566.479s][info][gc,cpu         ] GC(1256) User=0.02s Sys=0.00s Real=0.02s
[3569.212s][info][gc,start       ] GC(1257) Pause Young (Allocation Failure)
[3569.217s][info][gc,heap        ] GC(1257) PSYoungGen: 1373513K(1383424K)->13811K(1375744K) Eden: 1368407K(1369088K)->0K(1361920K) From: 5105K(14336K)->13811K(13824K)
[3569.217s][info][gc,heap        ] GC(1257) ParOldGen: 81412K(2796544K)->86378K(2796544K)
[3569.217s][info][gc,metaspace   ] GC(1257) Metaspace: 80253K(81600K)->80253K(81600K) NonClass: 70594K(71232K)->70594K(71232K) Class: 9658K(10368K)->9658K(10368K)
[3569.217s][info][gc             ] GC(1257) Pause Young (Allocation Failure) 1420M->97M(4074M) 4.259ms
[3569.217s][info][gc,cpu         ] GC(1257) User=0.00s Sys=0.00s Real=0.00s
[3573.341s][info][gc,start       ] GC(1258) Pause Young (Allocation Failure)
[3573.343s][info][gc,heap        ] GC(1258) PSYoungGen: 1375592K(1375744K)->4197K(1379840K) Eden: 1361781K(1361920K)->0K(1361920K) From: 13811K(13824K)->4197K(17920K)
[3573.343s][info][gc,heap        ] GC(1258) ParOldGen: 86378K(2796544K)->89188K(2796544K)
[3573.343s][info][gc,metaspace   ] GC(1258) Metaspace: 80253K(81600K)->80253K(81600K) NonClass: 70594K(71232K)->70594K(71232K) Class: 9658K(10368K)->9658K(10368K)
[3573.343s][info][gc             ] GC(1258) Pause Young (Allocation Failure) 1427M->91M(4078M) 2.104ms
[3573.343s][info][gc,cpu         ] GC(1258) User=0.00s Sys=0.00s Real=0.00s
[3575.609s][info][gc,start       ] GC(1259) Pause Young (Allocation Failure)
[3575.612s][info][gc,heap        ] GC(1259) PSYoungGen: 1366117K(1379840K)->5885K(1381376K) Eden: 1361920K(1361920K)->0K(1363968K) From: 4197K(17920K)->5885K(17408K)
[3575.612s][info][gc,heap        ] GC(1259) ParOldGen: 89188K(2796544K)->92389K(2796544K)
[3575.612s][info][gc,metaspace   ] GC(1259) Metaspace: 80253K(81600K)->80253K(81600K) NonClass: 70594K(71232K)->70594K(71232K) Class: 9658K(10368K)->9658K(10368K)
[3575.612s][info][gc             ] GC(1259) Pause Young (Allocation Failure) 1421M->95M(4080M) 3.080ms
[3575.612s][info][gc,cpu         ] GC(1259) User=0.00s Sys=0.00s Real=0.00s
[3580.358s][info][gc,start       ] GC(1260) Pause Young (Allocation Failure)
[3580.361s][info][gc,heap        ] GC(1260) PSYoungGen: 1369853K(1381376K)->5534K(1380352K) Eden: 1363968K(1363968K)->0K(1363968K) From: 5885K(17408K)->5534K(16384K)
[3580.361s][info][gc,heap        ] GC(1260) ParOldGen: 92389K(2796544K)->96586K(2796544K)
[3580.361s][info][gc,metaspace   ] GC(1260) Metaspace: 80253K(81600K)->80253K(81600K) NonClass: 70594K(71232K)->70594K(71232K) Class: 9658K(10368K)->9658K(10368K)
[3580.361s][info][gc             ] GC(1260) Pause Young (Allocation Failure) 1427M->99M(4079M) 3.058ms
[3580.361s][info][gc,cpu         ] GC(1260) User=0.00s Sys=0.00s Real=0.00s
[3582.803s][info][gc,start       ] GC(1261) Pause Young (Allocation Failure)
[3582.806s][info][gc,heap        ] GC(1261) PSYoungGen: 1368601K(1380352K)->5719K(1382912K) Eden: 1363067K(1363968K)->0K(1367040K) From: 5534K(16384K)->5719K(15872K)
[3582.806s][info][gc,heap        ] GC(1261) ParOldGen: 96586K(2796544K)->99812K(2796544K)
[3582.806s][info][gc,metaspace   ] GC(1261) Metaspace: 80253K(81600K)->80253K(81600K) NonClass: 70594K(71232K)->70594K(71232K) Class: 9658K(10368K)->9658K(10368K)
[3582.806s][info][gc             ] GC(1261) Pause Young (Allocation Failure) 1430M->103M(4081M) 2.679ms
[3582.806s][info][gc,cpu         ] GC(1261) User=0.00s Sys=0.00s Real=0.00s
[3586.690s][info][gc,start       ] GC(1262) Pause Young (Allocation Failure)
[3586.693s][info][gc,heap        ] GC(1262) PSYoungGen: 1372759K(1382912K)->4842K(1381888K) Eden: 1367040K(1367040K)->0K(1367040K) From: 5719K(15872K)->4842K(14848K)
[3586.693s][info][gc,heap        ] GC(1262) ParOldGen: 99812K(2796544K)->104153K(2796544K)
[3586.693s][info][gc,metaspace   ] GC(1262) Metaspace: 80254K(81600K)->80254K(81600K) NonClass: 70596K(71232K)->70596K(71232K) Class: 9658K(10368K)->9658K(10368K)
[3586.693s][info][gc             ] GC(1262) Pause Young (Allocation Failure) 1438M->106M(4080M) 3.143ms
[3586.693s][info][gc,cpu         ] GC(1262) User=0.00s Sys=0.00s Real=0.00s
[3589.658s][info][gc,start       ] GC(1263) Pause Young (Allocation Failure)
[3589.661s][info][gc,heap        ] GC(1263) PSYoungGen: 1371882K(1381888K)->7061K(1383936K) Eden: 1367040K(1367040K)->0K(1369600K) From: 4842K(14848K)->7061K(14336K)
[3589.661s][info][gc,heap        ] GC(1263) ParOldGen: 104153K(2796544K)->106435K(2796544K)
[3589.661s][info][gc,metaspace   ] GC(1263) Metaspace: 80254K(81600K)->80254K(81600K) NonClass: 70596K(71232K)->70596K(71232K) Class: 9658K(10368K)->9658K(10368K)
[3589.661s][info][gc             ] GC(1263) Pause Young (Allocation Failure) 1441M->110M(4082M) 3.221ms
[3589.662s][info][gc,cpu         ] GC(1263) User=0.00s Sys=0.00s Real=0.00s
[3592.636s][info][gc,start       ] GC(1264) Pause Young (Allocation Failure)
[3592.639s][info][gc,heap        ] GC(1264) PSYoungGen: 1376092K(1383936K)->4805K(1383424K) Eden: 1369031K(1369600K)->0K(1369600K) From: 7061K(14336K)->4805K(13824K)
[3592.639s][info][gc,heap        ] GC(1264) ParOldGen: 106435K(2796544K)->111795K(2796544K)
[3592.639s][info][gc,metaspace   ] GC(1264) Metaspace: 80254K(81600K)->80254K(81600K) NonClass: 70596K(71232K)->70596K(71232K) Class: 9658K(10368K)->9658K(10368K)
[3592.639s][info][gc             ] GC(1264) Pause Young (Allocation Failure) 1447M->113M(4082M) 2.780ms
[3592.639s][info][gc,cpu         ] GC(1264) User=0.00s Sys=0.00s Real=0.00s
[3594.898s][info][gc,start       ] GC(1265) Pause Young (Allocation Failure)
[3594.901s][info][gc,heap        ] GC(1265) PSYoungGen: 1372844K(1383424K)->6020K(1384960K) Eden: 1368039K(1369600K)->0K(1371648K) From: 4805K(13824K)->6020K(13312K)
[3594.901s][info][gc,heap        ] GC(1265) ParOldGen: 111795K(2796544K)->115730K(2796544K)
[3594.901s][info][gc,metaspace   ] GC(1265) Metaspace: 80254K(81600K)->80254K(81600K) NonClass: 70596K(71232K)->70596K(71232K) Class: 9658K(10368K)->9658K(10368K)
[3594.901s][info][gc             ] GC(1265) Pause Young (Allocation Failure) 1449M->118M(4083M) 3.151ms
[3594.901s][info][gc,cpu         ] GC(1265) User=0.02s Sys=0.00s Real=0.00s
[3597.357s][info][gc,start       ] GC(1266) Pause Young (Allocation Failure)
[3597.361s][info][gc,heap        ] GC(1266) PSYoungGen: 1377668K(1384960K)->6129K(1384448K) Eden: 1371648K(1371648K)->0K(1371648K) From: 6020K(13312K)->6129K(12800K)
[3597.361s][info][gc,heap        ] GC(1266) ParOldGen: 115730K(2796544K)->120763K(2796544K)
[3597.361s][info][gc,metaspace   ] GC(1266) Metaspace: 80254K(81600K)->80254K(81600K) NonClass: 70596K(71232K)->70596K(71232K) Class: 9658K(10368K)->9658K(10368K)
[3597.361s][info][gc             ] GC(1266) Pause Young (Allocation Failure) 1458M->123M(4083M) 3.782ms
[3597.361s][info][gc,cpu         ] GC(1266) User=0.02s Sys=0.00s Real=0.02s
[3600.509s][info][gc,start       ] GC(1267) Pause Young (System.gc())
[3600.511s][info][gc,heap        ] GC(1267) PSYoungGen: 1364574K(1384448K)->3688K(1385472K) Eden: 1358445K(1371648K)->0K(1373184K) From: 6129K(12800K)->3688K(12288K)
[3600.511s][info][gc,heap        ] GC(1267) ParOldGen: 120763K(2796544K)->125609K(2796544K)
[3600.511s][info][gc,metaspace   ] GC(1267) Metaspace: 80256K(81600K)->80256K(81600K) NonClass: 70597K(71232K)->70597K(71232K) Class: 9658K(10368K)->9658K(10368K)
[3600.511s][info][gc             ] GC(1267) Pause Young (System.gc()) 1450M->126M(4084M) 2.793ms
[3600.511s][info][gc,cpu         ] GC(1267) User=0.00s Sys=0.00s Real=0.00s
[3600.512s][info][gc,start       ] GC(1268) Pause Full (System.gc())
[3600.512s][info][gc,phases,start] GC(1268) Marking Phase
[3600.531s][info][gc,phases      ] GC(1268) Marking Phase 19.501ms
[3600.531s][info][gc,phases,start] GC(1268) Summary Phase
[3600.531s][info][gc,phases      ] GC(1268) Summary Phase 0.011ms
[3600.531s][info][gc,phases,start] GC(1268) Adjust Roots
[3600.537s][info][gc,phases      ] GC(1268) Adjust Roots 6.143ms
[3600.537s][info][gc,phases,start] GC(1268) Compaction Phase
[3600.549s][info][gc,phases      ] GC(1268) Compaction Phase 11.426ms
[3600.549s][info][gc,phases,start] GC(1268) Post Compact
[3600.550s][info][gc,phases      ] GC(1268) Post Compact 1.211ms
[3600.550s][info][gc,heap        ] GC(1268) PSYoungGen: 3688K(1385472K)->0K(1385472K) Eden: 0K(1373184K)->0K(1373184K) From: 3688K(12288K)->0K(12288K)
[3600.550s][info][gc,heap        ] GC(1268) ParOldGen: 125609K(2796544K)->81768K(2796544K)
[3600.550s][info][gc,metaspace   ] GC(1268) Metaspace: 80256K(81600K)->80256K(81600K) NonClass: 70597K(71232K)->70597K(71232K) Class: 9658K(10368K)->9658K(10368K)
[3600.550s][info][gc             ] GC(1268) Pause Full (System.gc()) 126M->79M(4084M) 38.584ms
[3600.550s][info][gc,cpu         ] GC(1268) User=0.02s Sys=0.00s Real=0.03s
[3603.738s][info][gc,start       ] GC(1269) Pause Young (Allocation Failure)
[3603.740s][info][gc,heap        ] GC(1269) PSYoungGen: 1373184K(1385472K)->5063K(1385472K) Eden: 1373184K(1373184K)->0K(1373184K) From: 0K(12288K)->5063K(12288K)
[3603.740s][info][gc,heap        ] GC(1269) ParOldGen: 81768K(2796544K)->81768K(2796544K)
[3603.740s][info][gc,metaspace   ] GC(1269) Metaspace: 80256K(81600K)->80256K(81600K) NonClass: 70597K(71232K)->70597K(71232K) Class: 9658K(10368K)->9658K(10368K)
[3603.740s][info][gc             ] GC(1269) Pause Young (Allocation Failure) 1420M->84M(4084M) 2.366ms
[3603.740s][info][gc,cpu         ] GC(1269) User=0.00s Sys=0.00s Real=0.00s
[3606.493s][info][gc,start       ] GC(1270) Pause Young (Allocation Failure)
[3606.498s][info][gc,heap        ] GC(1270) PSYoungGen: 1376367K(1385472K)->11092K(1382912K) Eden: 1371304K(1373184K)->0K(1371136K) From: 5063K(12288K)->11092K(11776K)
[3606.498s][info][gc,heap        ] GC(1270) ParOldGen: 81768K(2796544K)->93978K(2796544K)
[3606.498s][info][gc,metaspace   ] GC(1270) Metaspace: 80256K(81600K)->80256K(81600K) NonClass: 70597K(71232K)->70597K(71232K) Class: 9658K(10368K)->9658K(10368K)
[3606.498s][info][gc             ] GC(1270) Pause Young (Allocation Failure) 1423M->102M(4081M) 4.672ms
[3606.498s][info][gc,cpu         ] GC(1270) User=0.00s Sys=0.00s Real=0.00s
[3608.516s][info][gc,start       ] GC(1271) Pause Young (System.gc())
[3608.518s][info][gc,heap        ] GC(1271) PSYoungGen: 763883K(1382912K)->3562K(1384448K) Eden: 752791K(1371136K)->0K(1371136K) From: 11092K(11776K)->3562K(13312K)
[3608.518s][info][gc,heap        ] GC(1271) ParOldGen: 93978K(2796544K)->96868K(2796544K)
[3608.518s][info][gc,metaspace   ] GC(1271) Metaspace: 80256K(81600K)->80256K(81600K) NonClass: 70597K(71232K)->70597K(71232K) Class: 9658K(10368K)->9658K(10368K)
[3608.518s][info][gc             ] GC(1271) Pause Young (System.gc()) 837M->98M(4083M) 2.417ms
[3608.518s][info][gc,cpu         ] GC(1271) User=0.00s Sys=0.00s Real=0.00s
[3608.518s][info][gc,start       ] GC(1272) Pause Full (System.gc())
[3608.518s][info][gc,phases,start] GC(1272) Marking Phase
[3608.535s][info][gc,phases      ] GC(1272) Marking Phase 17.107ms
[3608.535s][info][gc,phases,start] GC(1272) Summary Phase
[3608.535s][info][gc,phases      ] GC(1272) Summary Phase 0.009ms
[3608.535s][info][gc,phases,start] GC(1272) Adjust Roots
[3608.541s][info][gc,phases      ] GC(1272) Adjust Roots 6.128ms
[3608.541s][info][gc,phases,start] GC(1272) Compaction Phase
[3608.550s][info][gc,phases      ] GC(1272) Compaction Phase 8.456ms
[3608.550s][info][gc,phases,start] GC(1272) Post Compact
[3608.551s][info][gc,phases      ] GC(1272) Post Compact 1.181ms
[3608.551s][info][gc,heap        ] GC(1272) PSYoungGen: 3562K(1384448K)->0K(1384448K) Eden: 0K(1371136K)->0K(1371136K) From: 3562K(13312K)->0K(13312K)
[3608.551s][info][gc,heap        ] GC(1272) ParOldGen: 96868K(2796544K)->60021K(2796544K)
[3608.551s][info][gc,metaspace   ] GC(1272) Metaspace: 80256K(81600K)->80256K(81600K) NonClass: 70597K(71232K)->70597K(71232K) Class: 9658K(10368K)->9658K(10368K)
[3608.551s][info][gc             ] GC(1272) Pause Full (System.gc()) 98M->58M(4083M) 33.184ms
[3608.551s][info][gc,cpu         ] GC(1272) User=0.03s Sys=0.00s Real=0.03s
[3612.373s][info][gc,start       ] GC(1273) Pause Young (Allocation Failure)
[3612.376s][info][gc,heap        ] GC(1273) PSYoungGen: 1369701K(1384448K)->11058K(1381888K) Eden: 1369701K(1371136K)->0K(1369088K) From: 0K(13312K)->11058K(12800K)
[3612.376s][info][gc,heap        ] GC(1273) ParOldGen: 60021K(2796544K)->60021K(2796544K)
[3612.376s][info][gc,metaspace   ] GC(1273) Metaspace: 80257K(81600K)->80257K(81600K) NonClass: 70598K(71232K)->70598K(71232K) Class: 9658K(10368K)->9658K(10368K)
[3612.376s][info][gc             ] GC(1273) Pause Young (Allocation Failure) 1396M->69M(4080M) 3.341ms
[3612.376s][info][gc,cpu         ] GC(1273) User=0.00s Sys=0.00s Real=0.00s
[3615.563s][info][gc,start       ] GC(1274) Pause Young (Allocation Failure)
[3615.566s][info][gc,heap        ] GC(1274) PSYoungGen: 1380146K(1381888K)->4711K(1383424K) Eden: 1369088K(1369088K)->0K(1369088K) From: 11058K(12800K)->4711K(14336K)
[3615.566s][info][gc,heap        ] GC(1274) ParOldGen: 60021K(2796544K)->63517K(2796544K)
[3615.566s][info][gc,metaspace   ] GC(1274) Metaspace: 80257K(81600K)->80257K(81600K) NonClass: 70598K(71232K)->70598K(71232K) Class: 9658K(10368K)->9658K(10368K)
[3615.566s][info][gc             ] GC(1274) Pause Young (Allocation Failure) 1406M->66M(4082M) 3.036ms
[3615.566s][info][gc,cpu         ] GC(1274) User=0.00s Sys=0.00s Real=0.00s
[3618.354s][info][gc,start       ] GC(1275) Pause Young (Allocation Failure)
[3618.357s][info][gc,heap        ] GC(1275) PSYoungGen: 1372935K(1383424K)->9696K(1382912K) Eden: 1368223K(1369088K)->0K(1369088K) From: 4711K(14336K)->9696K(13824K)
[3618.357s][info][gc,heap        ] GC(1275) ParOldGen: 63517K(2796544K)->66965K(2796544K)
[3618.357s][info][gc,metaspace   ] GC(1275) Metaspace: 80257K(81600K)->80257K(81600K) NonClass: 70598K(71232K)->70598K(71232K) Class: 9658K(10368K)->9658K(10368K)
[3618.358s][info][gc             ] GC(1275) Pause Young (Allocation Failure) 1402M->74M(4081M) 3.093ms
[3618.358s][info][gc,cpu         ] GC(1275) User=0.00s Sys=0.00s Real=0.00s
[3622.654s][info][gc,start       ] GC(1276) Pause Young (Allocation Failure)
[3622.657s][info][gc,heap        ] GC(1276) PSYoungGen: 1378784K(1382912K)->5146K(1383424K) Eden: 1369088K(1369088K)->0K(1369088K) From: 9696K(13824K)->5146K(14336K)
[3622.657s][info][gc,heap        ] GC(1276) ParOldGen: 66965K(2796544K)->69634K(2796544K)
[3622.657s][info][gc,metaspace   ] GC(1276) Metaspace: 80257K(81600K)->80257K(81600K) NonClass: 70598K(71232K)->70598K(71232K) Class: 9658K(10368K)->9658K(10368K)
[3622.657s][info][gc             ] GC(1276) Pause Young (Allocation Failure) 1411M->73M(4082M) 2.488ms
[3622.657s][info][gc,cpu         ] GC(1276) User=0.00s Sys=0.00s Real=0.00s
[3625.059s][info][gc,start       ] GC(1277) Pause Young (Allocation Failure)
[3625.062s][info][gc,heap        ] GC(1277) PSYoungGen: 1374234K(1383424K)->6600K(1384448K) Eden: 1369088K(1369088K)->0K(1370624K) From: 5146K(14336K)->6600K(13824K)
[3625.062s][info][gc,heap        ] GC(1277) ParOldGen: 69634K(2796544K)->72902K(2796544K)
[3625.062s][info][gc,metaspace   ] GC(1277) Metaspace: 80257K(81600K)->80257K(81600K) NonClass: 70598K(71232K)->70598K(71232K) Class: 9658K(10368K)->9658K(10368K)
[3625.062s][info][gc             ] GC(1277) Pause Young (Allocation Failure) 1410M->77M(4083M) 2.965ms
[3625.062s][info][gc,cpu         ] GC(1277) User=0.00s Sys=0.00s Real=0.00s
[3627.841s][info][gc,start       ] GC(1278) Pause Young (Allocation Failure)
[3627.844s][info][gc,heap        ] GC(1278) PSYoungGen: 1377224K(1384448K)->6218K(1383936K) Eden: 1370624K(1370624K)->0K(1370624K) From: 6600K(13824K)->6218K(13312K)
[3627.844s][info][gc,heap        ] GC(1278) ParOldGen: 72902K(2796544K)->77892K(2796544K)
[3627.844s][info][gc,metaspace   ] GC(1278) Metaspace: 80257K(81600K)->80257K(81600K) NonClass: 70598K(71232K)->70598K(71232K) Class: 9658K(10368K)->9658K(10368K)
[3627.844s][info][gc             ] GC(1278) Pause Young (Allocation Failure) 1416M->82M(4082M) 3.260ms
[3627.844s][info][gc,cpu         ] GC(1278) User=0.00s Sys=0.00s Real=0.00s
[3630.869s][info][gc,start       ] GC(1279) Pause Young (Allocation Failure)
[3630.872s][info][gc,heap        ] GC(1279) PSYoungGen: 1374944K(1383936K)->10564K(1383936K) Eden: 1368726K(1370624K)->0K(1371136K) From: 6218K(13312K)->10564K(12800K)
[3630.872s][info][gc,heap        ] GC(1279) ParOldGen: 77892K(2796544K)->82658K(2796544K)
[3630.872s][info][gc,metaspace   ] GC(1279) Metaspace: 80257K(81600K)->80257K(81600K) NonClass: 70598K(71232K)->70598K(71232K) Class: 9658K(10368K)->9658K(10368K)
[3630.872s][info][gc             ] GC(1279) Pause Young (Allocation Failure) 1418M->91M(4082M) 3.646ms
[3630.872s][info][gc,cpu         ] GC(1279) User=0.00s Sys=0.00s Real=0.00s
[3633.973s][info][gc,start       ] GC(1280) Pause Young (Allocation Failure)
[3633.975s][info][gc,heap        ] GC(1280) PSYoungGen: 1379610K(1383936K)->4906K(1384448K) Eden: 1369046K(1371136K)->0K(1371136K) From: 10564K(12800K)->4906K(13312K)
[3633.975s][info][gc,heap        ] GC(1280) ParOldGen: 82658K(2796544K)->85394K(2796544K)
[3633.975s][info][gc,metaspace   ] GC(1280) Metaspace: 80257K(81600K)->80257K(81600K) NonClass: 70598K(71232K)->70598K(71232K) Class: 9658K(10368K)->9658K(10368K)
[3633.975s][info][gc             ] GC(1280) Pause Young (Allocation Failure) 1427M->88M(4083M) 2.540ms
[3633.975s][info][gc,cpu         ] GC(1280) User=0.00s Sys=0.00s Real=0.00s
[3637.055s][info][gc,start       ] GC(1281) Pause Young (Allocation Failure)
[3637.058s][info][gc,heap        ] GC(1281) PSYoungGen: 1376042K(1384448K)->7180K(1384960K) Eden: 1371136K(1371136K)->0K(1371648K) From: 4906K(13312K)->7180K(13312K)
[3637.058s][info][gc,heap        ] GC(1281) ParOldGen: 85394K(2796544K)->87538K(2796544K)
[3637.058s][info][gc,metaspace   ] GC(1281) Metaspace: 80257K(81600K)->80257K(81600K) NonClass: 70598K(71232K)->70598K(71232K) Class: 9658K(10368K)->9658K(10368K)
[3637.058s][info][gc             ] GC(1281) Pause Young (Allocation Failure) 1427M->92M(4083M) 3.341ms
[3637.058s][info][gc,cpu         ] GC(1281) User=0.00s Sys=0.00s Real=0.00s
[3637.769s][info][gc,start       ] GC(1282) Pause Young (System.gc())
[3637.771s][info][gc,heap        ] GC(1282) PSYoungGen: 603121K(1384960K)->880K(1384448K) Eden: 595941K(1371648K)->0K(1371648K) From: 7180K(13312K)->880K(12800K)
[3637.771s][info][gc,heap        ] GC(1282) ParOldGen: 87538K(2796544K)->92668K(2796544K)
[3637.771s][info][gc,metaspace   ] GC(1282) Metaspace: 80257K(81600K)->80257K(81600K) NonClass: 70598K(71232K)->70598K(71232K) Class: 9658K(10368K)->9658K(10368K)
[3637.771s][info][gc             ] GC(1282) Pause Young (System.gc()) 674M->91M(4083M) 2.067ms
[3637.771s][info][gc,cpu         ] GC(1282) User=0.00s Sys=0.00s Real=0.00s
[3637.771s][info][gc,start       ] GC(1283) Pause Full (System.gc())
[3637.771s][info][gc,phases,start] GC(1283) Marking Phase
[3637.790s][info][gc,phases      ] GC(1283) Marking Phase 18.608ms
[3637.790s][info][gc,phases,start] GC(1283) Summary Phase
[3637.790s][info][gc,phases      ] GC(1283) Summary Phase 0.014ms
[3637.790s][info][gc,phases,start] GC(1283) Adjust Roots
[3637.796s][info][gc,phases      ] GC(1283) Adjust Roots 5.953ms
[3637.796s][info][gc,phases,start] GC(1283) Compaction Phase
[3637.806s][info][gc,phases      ] GC(1283) Compaction Phase 9.878ms
[3637.806s][info][gc,phases,start] GC(1283) Post Compact
[3637.807s][info][gc,phases      ] GC(1283) Post Compact 1.119ms
[3637.807s][info][gc,heap        ] GC(1283) PSYoungGen: 880K(1384448K)->0K(1384448K) Eden: 0K(1371648K)->0K(1371648K) From: 880K(12800K)->0K(12800K)
[3637.807s][info][gc,heap        ] GC(1283) ParOldGen: 92668K(2796544K)->73609K(2796544K)
[3637.807s][info][gc,metaspace   ] GC(1283) Metaspace: 80257K(81600K)->80257K(81600K) NonClass: 70598K(71232K)->70598K(71232K) Class: 9658K(10368K)->9658K(10368K)
[3637.807s][info][gc             ] GC(1283) Pause Full (System.gc()) 91M->71M(4083M) 35.904ms
[3637.807s][info][gc,cpu         ] GC(1283) User=0.03s Sys=0.00s Real=0.03s
[3640.968s][info][gc,start       ] GC(1284) Pause Young (Allocation Failure)
[3640.970s][info][gc,heap        ] GC(1284) PSYoungGen: 1371648K(1384448K)->5256K(1384960K) Eden: 1371648K(1371648K)->0K(1371648K) From: 0K(12800K)->5256K(13312K)
[3640.970s][info][gc,heap        ] GC(1284) ParOldGen: 73609K(2796544K)->73609K(2796544K)
[3640.970s][info][gc,metaspace   ] GC(1284) Metaspace: 80257K(81600K)->80257K(81600K) NonClass: 70598K(71232K)->70598K(71232K) Class: 9658K(10368K)->9658K(10368K)
[3640.970s][info][gc             ] GC(1284) Pause Young (Allocation Failure) 1411M->77M(4083M) 2.351ms
[3640.970s][info][gc,cpu         ] GC(1284) User=0.00s Sys=0.00s Real=0.01s
[3643.712s][info][gc,start       ] GC(1285) Pause Young (Allocation Failure)
[3643.716s][info][gc,heap        ] GC(1285) PSYoungGen: 1373073K(1384960K)->10710K(1382400K) Eden: 1367816K(1371648K)->0K(1371648K) From: 5256K(13312K)->10710K(10752K)
[3643.716s][info][gc,heap        ] GC(1285) ParOldGen: 73609K(2796544K)->81683K(2796544K)
[3643.716s][info][gc,metaspace   ] GC(1285) Metaspace: 80257K(81600K)->80257K(81600K) NonClass: 70598K(71232K)->70598K(71232K) Class: 9658K(10368K)->9658K(10368K)
[3643.716s][info][gc             ] GC(1285) Pause Young (Allocation Failure) 1412M->90M(4081M) 3.843ms
[3643.716s][info][gc,cpu         ] GC(1285) User=0.00s Sys=0.00s Real=0.00s
[3647.857s][info][gc,start       ] GC(1286) Pause Young (Allocation Failure)
[3647.860s][info][gc,heap        ] GC(1286) PSYoungGen: 1382358K(1382400K)->4944K(1384448K) Eden: 1371648K(1371648K)->0K(1370624K) From: 10710K(10752K)->4944K(13824K)
[3647.860s][info][gc,heap        ] GC(1286) ParOldGen: 81683K(2796544K)->84350K(2796544K)
[3647.860s][info][gc,metaspace   ] GC(1286) Metaspace: 80257K(81600K)->80257K(81600K) NonClass: 70598K(71232K)->70598K(71232K) Class: 9658K(10368K)->9658K(10368K)
[3647.860s][info][gc             ] GC(1286) Pause Young (Allocation Failure) 1429M->87M(4083M) 2.488ms
[3647.860s][info][gc,cpu         ] GC(1286) User=0.00s Sys=0.00s Real=0.00s
[3650.125s][info][gc,start       ] GC(1287) Pause Young (Allocation Failure)
[3650.129s][info][gc,heap        ] GC(1287) PSYoungGen: 1375568K(1384448K)->6035K(1383936K) Eden: 1370624K(1370624K)->0K(1370624K) From: 4944K(13824K)->6035K(13312K)
[3650.129s][info][gc,heap        ] GC(1287) ParOldGen: 84350K(2796544K)->87508K(2796544K)
[3650.129s][info][gc,metaspace   ] GC(1287) Metaspace: 80257K(81600K)->80257K(81600K) NonClass: 70598K(71232K)->70598K(71232K) Class: 9658K(10368K)->9658K(10368K)
[3650.129s][info][gc             ] GC(1287) Pause Young (Allocation Failure) 1425M->91M(4082M) 3.415ms
[3650.129s][info][gc,cpu         ] GC(1287) User=0.02s Sys=0.00s Real=0.02s
[3654.820s][info][gc,start       ] GC(1288) Pause Young (Allocation Failure)
[3654.823s][info][gc,heap        ] GC(1288) PSYoungGen: 1376659K(1383936K)->6292K(1385472K) Eden: 1370624K(1370624K)->0K(1372672K) From: 6035K(13312K)->6292K(12800K)
[3654.823s][info][gc,heap        ] GC(1288) ParOldGen: 87508K(2796544K)->91697K(2796544K)
[3654.823s][info][gc,metaspace   ] GC(1288) Metaspace: 80257K(81600K)->80257K(81600K) NonClass: 70598K(71232K)->70598K(71232K) Class: 9658K(10368K)->9658K(10368K)
[3654.823s][info][gc             ] GC(1288) Pause Young (Allocation Failure) 1429M->95M(4084M) 3.443ms
[3654.824s][info][gc,cpu         ] GC(1288) User=0.02s Sys=0.00s Real=0.01s
[3657.377s][info][gc,start       ] GC(1289) Pause Young (Allocation Failure)
[3657.380s][info][gc,heap        ] GC(1289) PSYoungGen: 1378964K(1385472K)->5614K(1384960K) Eden: 1372672K(1372672K)->0K(1372672K) From: 6292K(12800K)->5614K(12288K)
[3657.380s][info][gc,heap        ] GC(1289) ParOldGen: 91697K(2796544K)->95772K(2796544K)
[3657.380s][info][gc,metaspace   ] GC(1289) Metaspace: 80257K(81600K)->80257K(81600K) NonClass: 70598K(71232K)->70598K(71232K) Class: 9658K(10368K)->9658K(10368K)
[3657.380s][info][gc             ] GC(1289) Pause Young (Allocation Failure) 1436M->99M(4083M) 2.752ms
[3657.380s][info][gc,cpu         ] GC(1289) User=0.00s Sys=0.00s Real=0.00s
[3661.195s][info][gc,start       ] GC(1290) Pause Young (Allocation Failure)
[3661.198s][info][gc,heap        ] GC(1290) PSYoungGen: 1377243K(1384960K)->5612K(1386496K) Eden: 1371629K(1372672K)->0K(1374720K) From: 5614K(12288K)->5612K(11776K)
[3661.198s][info][gc,heap        ] GC(1290) ParOldGen: 95772K(2796544K)->99408K(2796544K)
[3661.198s][info][gc,metaspace   ] GC(1290) Metaspace: 80257K(81600K)->80257K(81600K) NonClass: 70598K(71232K)->70598K(71232K) Class: 9658K(10368K)->9658K(10368K)
[3661.198s][info][gc             ] GC(1290) Pause Young (Allocation Failure) 1438M->102M(4085M) 3.037ms
[3661.198s][info][gc,cpu         ] GC(1290) User=0.00s Sys=0.00s Real=0.00s
[3664.229s][info][gc,start       ] GC(1291) Pause Young (Allocation Failure)
[3664.233s][info][gc,heap        ] GC(1291) PSYoungGen: 1380332K(1386496K)->7375K(1385984K) Eden: 1374720K(1374720K)->0K(1374720K) From: 5612K(11776K)->7375K(11264K)
[3664.233s][info][gc,heap        ] GC(1291) ParOldGen: 99408K(2796544K)->101831K(2796544K)
[3664.233s][info][gc,metaspace   ] GC(1291) Metaspace: 80257K(81600K)->80257K(81600K) NonClass: 70598K(71232K)->70598K(71232K) Class: 9658K(10368K)->9658K(10368K)
[3664.233s][info][gc             ] GC(1291) Pause Young (Allocation Failure) 1445M->106M(4084M) 3.456ms
[3664.233s][info][gc,cpu         ] GC(1291) User=0.00s Sys=0.00s Real=0.00s
[3667.276s][info][gc,start       ] GC(1292) Pause Young (Allocation Failure)
[3667.279s][info][gc,heap        ] GC(1292) PSYoungGen: 1382095K(1385984K)->4769K(1386496K) Eden: 1374720K(1374720K)->0K(1375232K) From: 7375K(11264K)->4769K(11264K)
[3667.279s][info][gc,heap        ] GC(1292) ParOldGen: 101831K(2796544K)->107056K(2796544K)
[3667.279s][info][gc,metaspace   ] GC(1292) Metaspace: 80257K(81600K)->80257K(81600K) NonClass: 70598K(71232K)->70598K(71232K) Class: 9658K(10368K)->9658K(10368K)
[3667.279s][info][gc             ] GC(1292) Pause Young (Allocation Failure) 1449M->109M(4085M) 2.974ms
[3667.279s][info][gc,cpu         ] GC(1292) User=0.00s Sys=0.00s Real=0.00s
[3669.494s][info][gc,start       ] GC(1293) Pause Young (Allocation Failure)
[3669.497s][info][gc,heap        ] GC(1293) PSYoungGen: 1380001K(1386496K)->6980K(1386496K) Eden: 1375232K(1375232K)->0K(1375232K) From: 4769K(11264K)->6980K(11264K)
[3669.497s][info][gc,heap        ] GC(1293) ParOldGen: 107056K(2796544K)->110989K(2796544K)
[3669.497s][info][gc,metaspace   ] GC(1293) Metaspace: 80257K(81600K)->80257K(81600K) NonClass: 70598K(71232K)->70598K(71232K) Class: 9658K(10368K)->9658K(10368K)
[3669.497s][info][gc             ] GC(1293) Pause Young (Allocation Failure) 1452M->115M(4085M) 3.598ms
[3669.498s][info][gc,cpu         ] GC(1293) User=0.00s Sys=0.00s Real=0.00s
[3671.796s][info][gc,start       ] GC(1294) Pause Young (Allocation Failure)
[3671.799s][info][gc,heap        ] GC(1294) PSYoungGen: 1382212K(1386496K)->6035K(1387520K) Eden: 1375232K(1375232K)->0K(1376768K) From: 6980K(11264K)->6035K(10752K)
[3671.799s][info][gc,heap        ] GC(1294) ParOldGen: 110989K(2796544K)->116102K(2796544K)
[3671.799s][info][gc,metaspace   ] GC(1294) Metaspace: 80257K(81600K)->80257K(81600K) NonClass: 70598K(71232K)->70598K(71232K) Class: 9658K(10368K)->9658K(10368K)
[3671.799s][info][gc             ] GC(1294) Pause Young (Allocation Failure) 1458M->119M(4086M) 3.617ms
[3671.799s][info][gc,cpu         ] GC(1294) User=0.00s Sys=0.00s Real=0.01s
[3674.885s][info][gc,start       ] GC(1295) Pause Young (System.gc())
[3674.888s][info][gc,heap        ] GC(1295) PSYoungGen: 1295339K(1387520K)->3586K(1387008K) Eden: 1289304K(1376768K)->0K(1376768K) From: 6035K(10752K)->3586K(10240K)
[3674.888s][info][gc,heap        ] GC(1295) ParOldGen: 116102K(2796544K)->120846K(2796544K)
[3674.888s][info][gc,metaspace   ] GC(1295) Metaspace: 80257K(81600K)->80257K(81600K) NonClass: 70598K(71232K)->70598K(71232K) Class: 9658K(10368K)->9658K(10368K)
[3674.888s][info][gc             ] GC(1295) Pause Young (System.gc()) 1378M->121M(4085M) 2.694ms
[3674.888s][info][gc,cpu         ] GC(1295) User=0.00s Sys=0.00s Real=0.00s
[3674.888s][info][gc,start       ] GC(1296) Pause Full (System.gc())
[3674.888s][info][gc,phases,start] GC(1296) Marking Phase
[3674.906s][info][gc,phases      ] GC(1296) Marking Phase 18.716ms
[3674.906s][info][gc,phases,start] GC(1296) Summary Phase
[3674.906s][info][gc,phases      ] GC(1296) Summary Phase 0.010ms
[3674.906s][info][gc,phases,start] GC(1296) Adjust Roots
[3674.913s][info][gc,phases      ] GC(1296) Adjust Roots 6.073ms
[3674.913s][info][gc,phases,start] GC(1296) Compaction Phase
[3674.924s][info][gc,phases      ] GC(1296) Compaction Phase 10.962ms
[3674.924s][info][gc,phases,start] GC(1296) Post Compact
[3674.925s][info][gc,phases      ] GC(1296) Post Compact 1.261ms
[3674.925s][info][gc,heap        ] GC(1296) PSYoungGen: 3586K(1387008K)->0K(1387008K) Eden: 0K(1376768K)->0K(1376768K) From: 3586K(10240K)->0K(10240K)
[3674.925s][info][gc,heap        ] GC(1296) ParOldGen: 120846K(2796544K)->81832K(2796544K)
[3674.925s][info][gc,metaspace   ] GC(1296) Metaspace: 80257K(81600K)->80257K(81600K) NonClass: 70598K(71232K)->70598K(71232K) Class: 9658K(10368K)->9658K(10368K)
[3674.925s][info][gc             ] GC(1296) Pause Full (System.gc()) 121M->79M(4085M) 37.347ms
[3674.925s][info][gc,cpu         ] GC(1296) User=0.03s Sys=0.00s Real=0.05s
[3678.449s][info][gc,start       ] GC(1297) Pause Young (Allocation Failure)
[3678.451s][info][gc,heap        ] GC(1297) PSYoungGen: 1376768K(1387008K)->4981K(1387520K) Eden: 1376768K(1376768K)->0K(1376768K) From: 0K(10240K)->4981K(10752K)
[3678.451s][info][gc,heap        ] GC(1297) ParOldGen: 81832K(2796544K)->81832K(2796544K)
[3678.451s][info][gc,metaspace   ] GC(1297) Metaspace: 80257K(81600K)->80257K(81600K) NonClass: 70598K(71232K)->70598K(71232K) Class: 9658K(10368K)->9658K(10368K)
[3678.451s][info][gc             ] GC(1297) Pause Young (Allocation Failure) 1424M->84M(4086M) 2.241ms
[3678.451s][info][gc,cpu         ] GC(1297) User=0.00s Sys=0.00s Real=0.00s
[3681.207s][info][gc,start       ] GC(1298) Pause Young (Allocation Failure)
[3681.211s][info][gc,heap        ] GC(1298) PSYoungGen: 1381749K(1387520K)->6723K(1387008K) Eden: 1376768K(1376768K)->0K(1376768K) From: 4981K(10752K)->6723K(10240K)
[3681.211s][info][gc,heap        ] GC(1298) ParOldGen: 81832K(2796544K)->85829K(2796544K)
[3681.211s][info][gc,metaspace   ] GC(1298) Metaspace: 80257K(81600K)->80257K(81600K) NonClass: 70598K(71232K)->70598K(71232K) Class: 9658K(10368K)->9658K(10368K)
[3681.211s][info][gc             ] GC(1298) Pause Young (Allocation Failure) 1429M->90M(4085M) 3.883ms
[3681.211s][info][gc,cpu         ] GC(1298) User=0.02s Sys=0.00s Real=0.01s
[3685.498s][info][gc,start       ] GC(1299) Pause Young (Allocation Failure)
[3685.501s][info][gc,heap        ] GC(1299) PSYoungGen: 1383491K(1387008K)->4572K(1387520K) Eden: 1376768K(1376768K)->0K(1377280K) From: 6723K(10240K)->4572K(10240K)
[3685.501s][info][gc,heap        ] GC(1299) ParOldGen: 85829K(2796544K)->88461K(2796544K)
[3685.501s][info][gc,metaspace   ] GC(1299) Metaspace: 80257K(81600K)->80257K(81600K) NonClass: 70598K(71232K)->70598K(71232K) Class: 9658K(10368K)->9658K(10368K)
[3685.501s][info][gc             ] GC(1299) Pause Young (Allocation Failure) 1434M->90M(4086M) 2.323ms
[3685.501s][info][gc,cpu         ] GC(1299) User=0.00s Sys=0.00s Real=0.00s
[3687.731s][info][gc,start       ] GC(1300) Pause Young (Allocation Failure)
[3687.734s][info][gc,heap        ] GC(1300) PSYoungGen: 1381852K(1387520K)->8981K(1386496K) Eden: 1377280K(1377280K)->0K(1377280K) From: 4572K(10240K)->8981K(9216K)
[3687.735s][info][gc,heap        ] GC(1300) ParOldGen: 88461K(2796544K)->91646K(2796544K)
[3687.735s][info][gc,metaspace   ] GC(1300) Metaspace: 80257K(81600K)->80257K(81600K) NonClass: 70598K(71232K)->70598K(71232K) Class: 9658K(10368K)->9658K(10368K)
[3687.735s][info][gc             ] GC(1300) Pause Young (Allocation Failure) 1435M->98M(4085M) 3.314ms
[3687.735s][info][gc,cpu         ] GC(1300) User=0.00s Sys=0.00s Real=0.00s
[3692.409s][info][gc,start       ] GC(1301) Pause Young (Allocation Failure)
[3692.412s][info][gc,heap        ] GC(1301) PSYoungGen: 1384595K(1386496K)->5477K(1387520K) Eden: 1375613K(1377280K)->0K(1376768K) From: 8981K(9216K)->5477K(10752K)
[3692.412s][info][gc,heap        ] GC(1301) ParOldGen: 91646K(2796544K)->96330K(2796544K)
[3692.412s][info][gc,metaspace   ] GC(1301) Metaspace: 80257K(81600K)->80257K(81600K) NonClass: 70598K(71232K)->70598K(71232K) Class: 9658K(10368K)->9658K(10368K)
[3692.412s][info][gc             ] GC(1301) Pause Young (Allocation Failure) 1441M->99M(4086M) 3.214ms
[3692.412s][info][gc,cpu         ] GC(1301) User=0.00s Sys=0.00s Real=0.00s
[3695.082s][info][gc,start       ] GC(1302) Pause Young (Allocation Failure)
[3695.085s][info][gc,heap        ] GC(1302) PSYoungGen: 1382245K(1387520K)->5264K(1387008K) Eden: 1376768K(1376768K)->0K(1376768K) From: 5477K(10752K)->5264K(10240K)
[3695.085s][info][gc,heap        ] GC(1302) ParOldGen: 96330K(2796544K)->100512K(2796544K)
[3695.085s][info][gc,metaspace   ] GC(1302) Metaspace: 80257K(81600K)->80257K(81600K) NonClass: 70598K(71232K)->70598K(71232K) Class: 9658K(10368K)->9658K(10368K)
[3695.085s][info][gc             ] GC(1302) Pause Young (Allocation Failure) 1443M->103M(4085M) 2.759ms
[3695.085s][info][gc,cpu         ] GC(1302) User=0.00s Sys=0.00s Real=0.00s
[3698.861s][info][gc,start       ] GC(1303) Pause Young (Allocation Failure)
[3698.864s][info][gc,heap        ] GC(1303) PSYoungGen: 1380591K(1387008K)->5601K(1388032K) Eden: 1375327K(1376768K)->0K(1377792K) From: 5264K(10240K)->5601K(10240K)
[3698.864s][info][gc,heap        ] GC(1303) ParOldGen: 100512K(2796544K)->104004K(2796544K)
[3698.864s][info][gc,metaspace   ] GC(1303) Metaspace: 80257K(81600K)->80257K(81600K) NonClass: 70598K(71232K)->70598K(71232K) Class: 9658K(10368K)->9658K(10368K)
[3698.864s][info][gc             ] GC(1303) Pause Young (Allocation Failure) 1446M->107M(4086M) 3.005ms
[3698.864s][info][gc,cpu         ] GC(1303) User=0.00s Sys=0.00s Real=0.00s
[3701.902s][info][gc,start       ] GC(1304) Pause Young (Allocation Failure)
[3701.906s][info][gc,heap        ] GC(1304) PSYoungGen: 1383393K(1388032K)->7589K(1387520K) Eden: 1377792K(1377792K)->0K(1377792K) From: 5601K(10240K)->7589K(9728K)
[3701.906s][info][gc,heap        ] GC(1304) ParOldGen: 104004K(2796544K)->106763K(2796544K)
[3701.906s][info][gc,metaspace   ] GC(1304) Metaspace: 80257K(81600K)->80257K(81600K) NonClass: 70598K(71232K)->70598K(71232K) Class: 9658K(10368K)->9658K(10368K)
[3701.906s][info][gc             ] GC(1304) Pause Young (Allocation Failure) 1452M->111M(4086M) 3.848ms
[3701.906s][info][gc,cpu         ] GC(1304) User=0.00s Sys=0.00s Real=0.00s
[3705.043s][info][gc,start       ] GC(1305) Pause Young (Allocation Failure)
[3705.046s][info][gc,heap        ] GC(1305) PSYoungGen: 1385381K(1387520K)->5554K(1388032K) Eden: 1377792K(1377792K)->0K(1377792K) From: 7589K(9728K)->5554K(10240K)
[3705.046s][info][gc,heap        ] GC(1305) ParOldGen: 106763K(2796544K)->111577K(2796544K)
[3705.046s][info][gc,metaspace   ] GC(1305) Metaspace: 80257K(81600K)->80257K(81600K) NonClass: 70598K(71232K)->70598K(71232K) Class: 9658K(10368K)->9658K(10368K)
[3705.046s][info][gc             ] GC(1305) Pause Young (Allocation Failure) 1457M->114M(4086M) 2.907ms
[3705.046s][info][gc,cpu         ] GC(1305) User=0.00s Sys=0.00s Real=0.00s
[3707.288s][info][gc,start       ] GC(1306) Pause Young (Allocation Failure)
[3707.291s][info][gc,heap        ] GC(1306) PSYoungGen: 1383346K(1388032K)->6913K(1387520K) Eden: 1377792K(1377792K)->0K(1377792K) From: 5554K(10240K)->6913K(9728K)
[3707.291s][info][gc,heap        ] GC(1306) ParOldGen: 111577K(2796544K)->115649K(2796544K)
[3707.291s][info][gc,metaspace   ] GC(1306) Metaspace: 80257K(81600K)->80257K(81600K) NonClass: 70598K(71232K)->70598K(71232K) Class: 9658K(10368K)->9658K(10368K)
[3707.291s][info][gc             ] GC(1306) Pause Young (Allocation Failure) 1459M->119M(4086M) 3.401ms
[3707.291s][info][gc,cpu         ] GC(1306) User=0.00s Sys=0.00s Real=0.00s
[3709.597s][info][gc,start       ] GC(1307) Pause Young (Allocation Failure)
[3709.601s][info][gc,heap        ] GC(1307) PSYoungGen: 1384476K(1387520K)->6098K(1388544K) Eden: 1377562K(1377792K)->0K(1378816K) From: 6913K(9728K)->6098K(9728K)
[3709.601s][info][gc,heap        ] GC(1307) ParOldGen: 115649K(2796544K)->120652K(2796544K)
[3709.601s][info][gc,metaspace   ] GC(1307) Metaspace: 80257K(81600K)->80257K(81600K) NonClass: 70598K(71232K)->70598K(71232K) Class: 9658K(10368K)->9658K(10368K)
[3709.601s][info][gc             ] GC(1307) Pause Young (Allocation Failure) 1464M->123M(4087M) 3.893ms
[3709.601s][info][gc,cpu         ] GC(1307) User=0.02s Sys=0.00s Real=0.02s
[3712.595s][info][gc,start       ] GC(1308) Pause Young (System.gc())
[3712.599s][info][gc,heap        ] GC(1308) PSYoungGen: 1262663K(1388544K)->3563K(1388032K) Eden: 1256564K(1378816K)->0K(1378816K) From: 6098K(9728K)->3563K(9216K)
[3712.599s][info][gc,heap        ] GC(1308) ParOldGen: 120652K(2796544K)->125841K(2796544K)
[3712.599s][info][gc,metaspace   ] GC(1308) Metaspace: 80257K(81600K)->80257K(81600K) NonClass: 70598K(71232K)->70598K(71232K) Class: 9658K(10368K)->9658K(10368K)
[3712.599s][info][gc             ] GC(1308) Pause Young (System.gc()) 1350M->126M(4086M) 3.225ms
[3712.599s][info][gc,cpu         ] GC(1308) User=0.00s Sys=0.00s Real=0.00s
[3712.599s][info][gc,start       ] GC(1309) Pause Full (System.gc())
[3712.599s][info][gc,phases,start] GC(1309) Marking Phase
[3712.617s][info][gc,phases      ] GC(1309) Marking Phase 18.570ms
[3712.617s][info][gc,phases,start] GC(1309) Summary Phase
[3712.617s][info][gc,phases      ] GC(1309) Summary Phase 0.011ms
[3712.617s][info][gc,phases,start] GC(1309) Adjust Roots
[3712.623s][info][gc,phases      ] GC(1309) Adjust Roots 6.042ms
[3712.623s][info][gc,phases,start] GC(1309) Compaction Phase
[3712.635s][info][gc,phases      ] GC(1309) Compaction Phase 11.988ms
[3712.635s][info][gc,phases,start] GC(1309) Post Compact
[3712.637s][info][gc,phases      ] GC(1309) Post Compact 1.185ms
[3712.637s][info][gc,heap        ] GC(1309) PSYoungGen: 3563K(1388032K)->0K(1388032K) Eden: 0K(1378816K)->0K(1378816K) From: 3563K(9216K)->0K(9216K)
[3712.637s][info][gc,heap        ] GC(1309) ParOldGen: 125841K(2796544K)->82000K(2796544K)
[3712.637s][info][gc,metaspace   ] GC(1309) Metaspace: 80257K(81600K)->80257K(81600K) NonClass: 70598K(71232K)->70598K(71232K) Class: 9658K(10368K)->9658K(10368K)
[3712.637s][info][gc             ] GC(1309) Pause Full (System.gc()) 126M->80M(4086M) 38.099ms
[3712.637s][info][gc,cpu         ] GC(1309) User=0.03s Sys=0.00s Real=0.03s
[3715.848s][info][gc,start       ] GC(1310) Pause Young (Allocation Failure)
[3715.850s][info][gc,heap        ] GC(1310) PSYoungGen: 1378816K(1388032K)->5000K(1388544K) Eden: 1378816K(1378816K)->0K(1378816K) From: 0K(9216K)->5000K(9728K)
[3715.850s][info][gc,heap        ] GC(1310) ParOldGen: 82000K(2796544K)->82000K(2796544K)
[3715.850s][info][gc,metaspace   ] GC(1310) Metaspace: 80257K(81600K)->80257K(81600K) NonClass: 70598K(71232K)->70598K(71232K) Class: 9658K(10368K)->9658K(10368K)
[3715.850s][info][gc             ] GC(1310) Pause Young (Allocation Failure) 1426M->84M(4087M) 2.378ms
[3715.850s][info][gc,cpu         ] GC(1310) User=0.00s Sys=0.00s Real=0.00s
[3718.680s][info][gc,start       ] GC(1311) Pause Young (Allocation Failure)
[3718.684s][info][gc,heap        ] GC(1311) PSYoungGen: 1382486K(1388544K)->9212K(1388032K) Eden: 1377486K(1378816K)->0K(1378816K) From: 5000K(9728K)->9212K(9216K)
[3718.684s][info][gc,heap        ] GC(1311) ParOldGen: 82000K(2796544K)->87996K(2796544K)
[3718.684s][info][gc,metaspace   ] GC(1311) Metaspace: 80257K(81600K)->80257K(81600K) NonClass: 70598K(71232K)->70598K(71232K) Class: 9658K(10368K)->9658K(10368K)
[3718.684s][info][gc             ] GC(1311) Pause Young (Allocation Failure) 1430M->94M(4086M) 4.005ms
[3718.684s][info][gc,cpu         ] GC(1311) User=0.00s Sys=0.00s Real=0.00s
[3722.961s][info][gc,start       ] GC(1312) Pause Young (Allocation Failure)
[3722.963s][info][gc,heap        ] GC(1312) PSYoungGen: 1387350K(1388032K)->4304K(1382912K) Eden: 1378137K(1378816K)->0K(1373184K) From: 9212K(9216K)->4304K(9728K)
[3722.963s][info][gc,heap        ] GC(1312) ParOldGen: 87996K(2796544K)->91490K(2796544K)
[3722.963s][info][gc,metaspace   ] GC(1312) Metaspace: 80257K(81600K)->80257K(81600K) NonClass: 70598K(71232K)->70598K(71232K) Class: 9658K(10368K)->9658K(10368K)
[3722.964s][info][gc             ] GC(1312) Pause Young (Allocation Failure) 1440M->93M(4081M) 2.384ms
[3722.964s][info][gc,cpu         ] GC(1312) User=0.00s Sys=0.00s Real=0.00s
[3725.134s][info][gc,start       ] GC(1313) Pause Young (Allocation Failure)
[3725.137s][info][gc,heap        ] GC(1313) PSYoungGen: 1377488K(1382912K)->8677K(1381888K) Eden: 1373184K(1373184K)->0K(1373184K) From: 4304K(9728K)->8677K(8704K)
[3725.137s][info][gc,heap        ] GC(1313) ParOldGen: 91490K(2796544K)->94712K(2796544K)
[3725.137s][info][gc,metaspace   ] GC(1313) Metaspace: 80257K(81600K)->80257K(81600K) NonClass: 70598K(71232K)->70598K(71232K) Class: 9658K(10368K)->9658K(10368K)
[3725.137s][info][gc             ] GC(1313) Pause Young (Allocation Failure) 1434M->100M(4080M) 3.831ms
[3725.137s][info][gc,cpu         ] GC(1313) User=0.00s Sys=0.00s Real=0.00s
[3729.891s][info][gc,start       ] GC(1314) Pause Young (Allocation Failure)
[3729.894s][info][gc,heap        ] GC(1314) PSYoungGen: 1381861K(1381888K)->5530K(1385472K) Eden: 1373184K(1373184K)->0K(1372672K) From: 8677K(8704K)->5530K(12800K)
[3729.894s][info][gc,heap        ] GC(1314) ParOldGen: 94712K(2796544K)->99361K(2796544K)
[3729.894s][info][gc,metaspace   ] GC(1314) Metaspace: 80257K(81600K)->80257K(81600K) NonClass: 70599K(71232K)->70599K(71232K) Class: 9658K(10368K)->9658K(10368K)
[3729.894s][info][gc             ] GC(1314) Pause Young (Allocation Failure) 1441M->102M(4084M) 3.454ms
[3729.894s][info][gc,cpu         ] GC(1314) User=0.00s Sys=0.00s Real=0.00s
[3732.547s][info][gc,start       ] GC(1315) Pause Young (Allocation Failure)
[3732.549s][info][gc,heap        ] GC(1315) PSYoungGen: 1377615K(1385472K)->4826K(1384960K) Eden: 1372084K(1372672K)->0K(1372672K) From: 5530K(12800K)->4826K(12288K)
[3732.549s][info][gc,heap        ] GC(1315) ParOldGen: 99361K(2796544K)->103523K(2796544K)
[3732.549s][info][gc,metaspace   ] GC(1315) Metaspace: 80257K(81600K)->80257K(81600K) NonClass: 70599K(71232K)->70599K(71232K) Class: 9658K(10368K)->9658K(10368K)
[3732.549s][info][gc             ] GC(1315) Pause Young (Allocation Failure) 1442M->105M(4083M) 2.884ms
[3732.549s][info][gc,cpu         ] GC(1315) User=0.00s Sys=0.00s Real=0.00s
[3736.237s][info][gc,start       ] GC(1316) Pause Young (Allocation Failure)
[3736.240s][info][gc,heap        ] GC(1316) PSYoungGen: 1376024K(1384960K)->5778K(1385984K) Eden: 1371198K(1372672K)->0K(1373696K) From: 4826K(12288K)->5778K(12288K)
[3736.241s][info][gc,heap        ] GC(1316) ParOldGen: 103523K(2796544K)->107040K(2796544K)
[3736.241s][info][gc,metaspace   ] GC(1316) Metaspace: 80257K(81600K)->80257K(81600K) NonClass: 70599K(71232K)->70599K(71232K) Class: 9658K(10368K)->9658K(10368K)
[3736.241s][info][gc             ] GC(1316) Pause Young (Allocation Failure) 1444M->110M(4084M) 3.519ms
[3736.241s][info][gc,cpu         ] GC(1316) User=0.00s Sys=0.00s Real=0.00s
[3739.250s][info][gc,start       ] GC(1317) Pause Young (Allocation Failure)
[3739.254s][info][gc,heap        ] GC(1317) PSYoungGen: 1379474K(1385984K)->7300K(1385472K) Eden: 1373696K(1373696K)->0K(1373696K) From: 5778K(12288K)->7300K(11776K)
[3739.254s][info][gc,heap        ] GC(1317) ParOldGen: 107040K(2796544K)->109471K(2796544K)
[3739.254s][info][gc,metaspace   ] GC(1317) Metaspace: 80257K(81600K)->80257K(81600K) NonClass: 70599K(71232K)->70599K(71232K) Class: 9658K(10368K)->9658K(10368K)
[3739.254s][info][gc             ] GC(1317) Pause Young (Allocation Failure) 1451M->114M(4084M) 3.502ms
[3739.254s][info][gc,cpu         ] GC(1317) User=0.02s Sys=0.00s Real=0.02s
[3742.287s][info][gc,start       ] GC(1318) Pause Young (Allocation Failure)
[3742.290s][info][gc,heap        ] GC(1318) PSYoungGen: 1380996K(1385472K)->5751K(1386496K) Eden: 1373696K(1373696K)->0K(1375232K) From: 7300K(11776K)->5751K(11264K)
[3742.290s][info][gc,heap        ] GC(1318) ParOldGen: 109471K(2796544K)->114738K(2796544K)
[3742.290s][info][gc,metaspace   ] GC(1318) Metaspace: 80257K(81600K)->80257K(81600K) NonClass: 70599K(71232K)->70599K(71232K) Class: 9658K(10368K)->9658K(10368K)
[3742.290s][info][gc             ] GC(1318) Pause Young (Allocation Failure) 1455M->117M(4085M) 3.267ms
[3742.290s][info][gc,cpu         ] GC(1318) User=0.00s Sys=0.00s Real=0.00s
[3744.558s][info][gc,start       ] GC(1319) Pause Young (Allocation Failure)
[3744.561s][info][gc,heap        ] GC(1319) PSYoungGen: 1380983K(1386496K)->6963K(1386496K) Eden: 1375232K(1375232K)->0K(1375232K) From: 5751K(11264K)->6963K(11264K)
[3744.561s][info][gc,heap        ] GC(1319) ParOldGen: 114738K(2796544K)->118737K(2796544K)
[3744.561s][info][gc,metaspace   ] GC(1319) Metaspace: 80257K(81600K)->80257K(81600K) NonClass: 70599K(71232K)->70599K(71232K) Class: 9658K(10368K)->9658K(10368K)
[3744.561s][info][gc             ] GC(1319) Pause Young (Allocation Failure) 1460M->122M(4085M) 3.466ms
[3744.561s][info][gc,cpu         ] GC(1319) User=0.00s Sys=0.00s Real=0.00s
[3746.883s][info][gc,start       ] GC(1320) Pause Young (Allocation Failure)
[3746.887s][info][gc,heap        ] GC(1320) PSYoungGen: 1382195K(1386496K)->6037K(1387008K) Eden: 1375232K(1375232K)->0K(1376256K) From: 6963K(11264K)->6037K(10752K)
[3746.887s][info][gc,heap        ] GC(1320) ParOldGen: 118737K(2796544K)->123758K(2796544K)
[3746.887s][info][gc,metaspace   ] GC(1320) Metaspace: 80257K(81600K)->80257K(81600K) NonClass: 70599K(71232K)->70599K(71232K) Class: 9658K(10368K)->9658K(10368K)
[3746.887s][info][gc             ] GC(1320) Pause Young (Allocation Failure) 1465M->126M(4085M) 3.533ms
[3746.887s][info][gc,cpu         ] GC(1320) User=0.00s Sys=0.00s Real=0.01s
[3750.612s][info][gc,heap,exit   ] Heap
[3750.612s][info][gc,heap,exit   ]  PSYoungGen      total 1387008K, used 1381525K [0x00000007aab00000, 0x0000000800000000, 0x0000000800000000)
[3750.612s][info][gc,heap,exit   ]   eden space 1376256K, 99% used [0x00000007aab00000,0x00000007fea400e8,0x00000007feb00000)
[3750.612s][info][gc,heap,exit   ]   from space 10752K, 56% used [0x00000007ff580000,0x00000007ffb65588,0x0000000800000000)
[3750.612s][info][gc,heap,exit   ]   to   space 10752K, 0% used [0x00000007feb00000,0x00000007feb00000,0x00000007ff580000)
[3750.612s][info][gc,heap,exit   ]  ParOldGen       total 2796544K, used 123758K [0x0000000700000000, 0x00000007aab00000, 0x00000007aab00000)
[3750.612s][info][gc,heap,exit   ]   object space 2796544K, 4% used [0x0000000700000000,0x00000007078dbb98,0x00000007aab00000)
[3750.612s][info][gc,heap,exit   ]  Metaspace       used 80721K, committed 81920K, reserved 1179648K
[3750.612s][info][gc,heap,exit   ]   class space    used 9754K, committed 10368K, reserved 1048576K
