[0.010s][info][gc,init] Initializing The Z Garbage Collector
[0.010s][info][gc,init] Version: 17.0.12+7-adhoc..jdk17u (release)
[0.010s][info][gc,init] NUMA Support: Disabled
[0.010s][info][gc,init] CPUs: 6 total, 6 available
[0.010s][info][gc,init] Memory: 15591M
[0.010s][info][gc,init] Large Page Support: Disabled
[0.010s][info][gc,init] GC Workers: 2 (dynamic)
[0.011s][info][gc,init] Address Space Type: Contiguous/Unrestricted/Complete
[0.011s][info][gc,init] Address Space Size: 131072M x 3 = 393216M
[0.011s][info][gc,init] Min Capacity: 8192M
[0.011s][info][gc,init] Initial Capacity: 8192M
[0.011s][info][gc,init] Max Capacity: 8192M
[0.011s][info][gc,init] Medium Page Size: 32M
[0.011s][info][gc,init] Pre-touch: Disabled
[0.011s][info][gc,init] Uncommit: Implicitly Disabled (-Xms equals -Xmx)
[0.242s][info][gc,init] Runtime Workers: 4
[0.243s][info][gc     ] Using The Z Garbage Collector
[0.249s][info][gc,metaspace] CDS archive(s) mapped at: [0x000001f52f000000-0x000001f52fbc0000-0x000001f52fbc0000), size 12320768, SharedBaseAddress: 0x000001f52f000000, ArchiveRelocationMode: 1.
[0.249s][info][gc,metaspace] Compressed class space mapped at: 0x000001f530000000-0x000001f570000000, reserved size: 1073741824
[0.249s][info][gc,metaspace] Narrow klass base: 0x000001f52f000000, Narrow klass shift: 0, Narrow klass range: 0x100000000
[2.485s][info][gc,start    ] GC(0) Garbage Collection (System.gc())
[2.485s][info][gc,task     ] GC(0) Using 2 workers
[2.485s][info][gc,phases   ] GC(0) Pause Mark Start 0.005ms
[2.501s][info][gc,phases   ] GC(0) Concurrent Mark 16.076ms
[2.501s][info][gc,phases   ] GC(0) Pause Mark End 0.037ms
[2.502s][info][gc,phases   ] GC(0) Concurrent Mark Free 0.002ms
[2.505s][info][gc,phases   ] GC(0) Concurrent Process Non-Strong References 3.051ms
[2.505s][info][gc,phases   ] GC(0) Concurrent Reset Relocation Set 0.011ms
[2.509s][info][gc,phases   ] GC(0) Concurrent Select Relocation Set 3.821ms
[2.509s][info][gc,phases   ] GC(0) Pause Relocate Start 0.020ms
[2.514s][info][gc,phases   ] GC(0) Concurrent Relocate 5.276ms
[2.514s][info][gc,load     ] GC(0) Load: 0.00/0.00/0.00
[2.514s][info][gc,mmu      ] GC(0) MMU: 2ms/98.1%, 5ms/99.3%, 10ms/99.4%, 20ms/99.7%, 50ms/99.9%, 100ms/99.9%
[2.514s][info][gc,marking  ] GC(0) Mark: 2 stripe(s), 1 proactive flush(es), 1 terminate flush(es), 0 completion(s), 0 continuation(s) 
[2.514s][info][gc,marking  ] GC(0) Mark Stack Usage: 32M
[2.514s][info][gc,nmethod  ] GC(0) NMethods: 2724 registered, 0 unregistered
[2.514s][info][gc,metaspace] GC(0) Metaspace: 20M used, 20M committed, 1088M reserved
[2.514s][info][gc,ref      ] GC(0) Soft: 3653 encountered, 0 discovered, 0 enqueued
[2.514s][info][gc,ref      ] GC(0) Weak: 987 encountered, 191 discovered, 179 enqueued
[2.514s][info][gc,ref      ] GC(0) Final: 3 encountered, 2 discovered, 0 enqueued
[2.514s][info][gc,ref      ] GC(0) Phantom: 339 encountered, 288 discovered, 180 enqueued
[2.514s][info][gc,reloc    ] GC(0) Small Pages: 67 / 134M, Empty: 0M, Relocated: 8M, In-Place: 0
[2.514s][info][gc,reloc    ] GC(0) Medium Pages: 1 / 32M, Empty: 0M, Relocated: 0M, In-Place: 0
[2.514s][info][gc,reloc    ] GC(0) Large Pages: 0 / 0M, Empty: 0M, Relocated: 0M, In-Place: 0
[2.514s][info][gc,reloc    ] GC(0) Forwarding Usage: 2M
[2.514s][info][gc,heap     ] GC(0) Min Capacity: 8192M(100%)
[2.514s][info][gc,heap     ] GC(0) Max Capacity: 8192M(100%)
[2.514s][info][gc,heap     ] GC(0) Soft Max Capacity: 8192M(100%)
[2.514s][info][gc,heap     ] GC(0)                Mark Start          Mark End        Relocate Start      Relocate End           High               Low         
[2.514s][info][gc,heap     ] GC(0)  Capacity:     8192M (100%)       8192M (100%)       8192M (100%)       8192M (100%)       8192M (100%)       8192M (100%)   
[2.514s][info][gc,heap     ] GC(0)      Free:     8026M (98%)        8026M (98%)        8026M (98%)        8144M (99%)        8144M (99%)        8022M (98%)    
[2.514s][info][gc,heap     ] GC(0)      Used:      166M (2%)          166M (2%)          166M (2%)           48M (1%)          170M (2%)           48M (1%)     
[2.514s][info][gc,heap     ] GC(0)      Live:         -                11M (0%)           11M (0%)           11M (0%)             -                  -          
[2.514s][info][gc,heap     ] GC(0) Allocated:         -                 0M (0%)            0M (0%)            0M (0%)             -                  -          
[2.514s][info][gc,heap     ] GC(0)   Garbage:         -               154M (2%)          154M (2%)           36M (0%)             -                  -          
[2.514s][info][gc,heap     ] GC(0) Reclaimed:         -                  -                 0M (0%)          118M (1%)             -                  -          
[2.514s][info][gc          ] GC(0) Garbage Collection (System.gc()) 166M(2%)->48M(1%)
[6.566s][info][gc,start    ] GC(1) Garbage Collection (Warmup)
[6.566s][info][gc,task     ] GC(1) Using 2 workers
[6.566s][info][gc,phases   ] GC(1) Pause Mark Start 0.010ms
[6.718s][info][gc,phases   ] GC(1) Concurrent Mark 151.428ms
[6.718s][info][gc,phases   ] GC(1) Pause Mark End 0.014ms
[6.718s][info][gc,phases   ] GC(1) Concurrent Mark Free 0.001ms
[6.723s][info][gc,phases   ] GC(1) Concurrent Process Non-Strong References 5.296ms
[6.723s][info][gc,phases   ] GC(1) Concurrent Reset Relocation Set 0.005ms
[6.730s][info][gc,phases   ] GC(1) Concurrent Select Relocation Set 6.929ms
[6.730s][info][gc,phases   ] GC(1) Pause Relocate Start 0.013ms
[6.767s][info][gc,phases   ] GC(1) Concurrent Relocate 36.508ms
[6.767s][info][gc,load     ] GC(1) Load: 0.00/0.00/0.00
[6.767s][info][gc,mmu      ] GC(1) MMU: 2ms/98.1%, 5ms/99.3%, 10ms/99.4%, 20ms/99.7%, 50ms/99.9%, 100ms/99.9%
[6.767s][info][gc,marking  ] GC(1) Mark: 2 stripe(s), 2 proactive flush(es), 1 terminate flush(es), 0 completion(s), 0 continuation(s) 
[6.767s][info][gc,marking  ] GC(1) Mark Stack Usage: 32M
[6.767s][info][gc,nmethod  ] GC(1) NMethods: 3986 registered, 753 unregistered
[6.767s][info][gc,metaspace] GC(1) Metaspace: 25M used, 25M committed, 1088M reserved
[6.767s][info][gc,ref      ] GC(1) Soft: 3737 encountered, 0 discovered, 0 enqueued
[6.767s][info][gc,ref      ] GC(1) Weak: 1130 encountered, 83 discovered, 68 enqueued
[6.767s][info][gc,ref      ] GC(1) Final: 3 encountered, 1 discovered, 0 enqueued
[6.767s][info][gc,ref      ] GC(1) Phantom: 220 encountered, 151 discovered, 47 enqueued
[6.767s][info][gc,reloc    ] GC(1) Small Pages: 370 / 740M, Empty: 42M, Relocated: 71M, In-Place: 0
[6.767s][info][gc,reloc    ] GC(1) Medium Pages: 3 / 96M, Empty: 32M, Relocated: 6M, In-Place: 0
[6.767s][info][gc,reloc    ] GC(1) Large Pages: 0 / 0M, Empty: 0M, Relocated: 0M, In-Place: 0
[6.767s][info][gc,reloc    ] GC(1) Forwarding Usage: 15M
[6.767s][info][gc,heap     ] GC(1) Min Capacity: 8192M(100%)
[6.767s][info][gc,heap     ] GC(1) Max Capacity: 8192M(100%)
[6.767s][info][gc,heap     ] GC(1) Soft Max Capacity: 8192M(100%)
[6.767s][info][gc,heap     ] GC(1)                Mark Start          Mark End        Relocate Start      Relocate End           High               Low         
[6.767s][info][gc,heap     ] GC(1)  Capacity:     8192M (100%)       8192M (100%)       8192M (100%)       8192M (100%)       8192M (100%)       8192M (100%)   
[6.767s][info][gc,heap     ] GC(1)      Free:     7356M (90%)        7292M (89%)        7362M (90%)        7962M (97%)        7962M (97%)        7290M (89%)    
[6.767s][info][gc,heap     ] GC(1)      Used:      836M (10%)         900M (11%)         830M (10%)         230M (3%)          902M (11%)         230M (3%)     
[6.767s][info][gc,heap     ] GC(1)      Live:         -                85M (1%)           85M (1%)           85M (1%)             -                  -          
[6.767s][info][gc,heap     ] GC(1) Allocated:         -                64M (1%)           68M (1%)          116M (1%)             -                  -          
[6.768s][info][gc,heap     ] GC(1)   Garbage:         -               750M (9%)          676M (8%)           28M (0%)             -                  -          
[6.768s][info][gc,heap     ] GC(1) Reclaimed:         -                  -                74M (1%)          722M (9%)             -                  -          
[6.768s][info][gc          ] GC(1) Garbage Collection (Warmup) 836M(10%)->230M(3%)
[10.271s][info][gc,stats    ] === Garbage Collection Statistics =======================================================================================================================
[10.272s][info][gc,stats    ]                                                              Last 10s              Last 10m              Last 10h                Total
[10.272s][info][gc,stats    ]                                                              Avg / Max             Avg / Max             Avg / Max             Avg / Max
[10.272s][info][gc,stats    ]   Collector: Garbage Collection Cycle                    115.234 / 201.389     115.234 / 201.389     115.234 / 201.389     115.234 / 201.389     ms
[10.272s][info][gc,stats    ]  Contention: Mark Segment Reset Contention                     0 / 1                 0 / 1                 0 / 1                 0 / 1           ops/s
[10.272s][info][gc,stats    ]  Contention: Mark SeqNum Reset Contention                      0 / 0                 0 / 0                 0 / 0                 0 / 0           ops/s
[10.272s][info][gc,stats    ]    Critical: Allocation Stall                                  0 / 0                 0 / 0                 0 / 0                 0 / 0           ops/s
[10.272s][info][gc,stats    ]    Critical: Allocation Stall                              0.000 / 0.000         0.000 / 0.000         0.000 / 0.000         0.000 / 0.000       ms
[10.272s][info][gc,stats    ]    Critical: GC Locker Stall                                   0 / 0                 0 / 0                 0 / 0                 0 / 0           ops/s
[10.272s][info][gc,stats    ]    Critical: GC Locker Stall                               0.000 / 0.000         0.000 / 0.000         0.000 / 0.000         0.000 / 0.000       ms
[10.272s][info][gc,stats    ]    Critical: Relocation Stall                                  0 / 0                 0 / 0                 0 / 0                 0 / 0           ops/s
[10.272s][info][gc,stats    ]    Critical: Relocation Stall                              0.000 / 0.000         0.000 / 0.000         0.000 / 0.000         0.000 / 0.000       ms
[10.272s][info][gc,stats    ]      Memory: Allocation Rate                                 135 / 472             135 / 472             135 / 472             135 / 472         MB/s
[10.272s][info][gc,stats    ]      Memory: Out Of Memory                                     0 / 0                 0 / 0                 0 / 0                 0 / 0           ops/s
[10.272s][info][gc,stats    ]      Memory: Page Cache Flush                                  0 / 0                 0 / 0                 0 / 0                 0 / 0           MB/s
[10.272s][info][gc,stats    ]      Memory: Page Cache Hit L1                                25 / 155              25 / 155              25 / 155              25 / 155         ops/s
[10.272s][info][gc,stats    ]      Memory: Page Cache Hit L2                                 0 / 0                 0 / 0                 0 / 0                 0 / 0           ops/s
[10.272s][info][gc,stats    ]      Memory: Page Cache Hit L3                                40 / 175              40 / 175              40 / 175              40 / 175         ops/s
[10.272s][info][gc,stats    ]      Memory: Page Cache Miss                                   0 / 1                 0 / 1                 0 / 1                 0 / 1           ops/s
[10.272s][info][gc,stats    ]      Memory: Uncommit                                          0 / 0                 0 / 0                 0 / 0                 0 / 0           MB/s
[10.272s][info][gc,stats    ]      Memory: Undo Object Allocation Failed                     0 / 0                 0 / 0                 0 / 0                 0 / 0           ops/s
[10.272s][info][gc,stats    ]      Memory: Undo Object Allocation Succeeded                  0 / 3                 0 / 3                 0 / 3                 0 / 3           ops/s
[10.272s][info][gc,stats    ]      Memory: Undo Page Allocation                              0 / 1                 0 / 1                 0 / 1                 0 / 1           ops/s
[10.272s][info][gc,stats    ]       Phase: Concurrent Mark                              83.752 / 151.428      83.752 / 151.428      83.752 / 151.428      83.752 / 151.428     ms
[10.272s][info][gc,stats    ]       Phase: Concurrent Mark Continue                      0.000 / 0.000         0.000 / 0.000         0.000 / 0.000         0.000 / 0.000       ms
[10.272s][info][gc,stats    ]       Phase: Concurrent Mark Free                          0.001 / 0.002         0.001 / 0.002         0.001 / 0.002         0.001 / 0.002       ms
[10.272s][info][gc,stats    ]       Phase: Concurrent Process Non-Strong References      4.173 / 5.296         4.173 / 5.296         4.173 / 5.296         4.173 / 5.296       ms
[10.272s][info][gc,stats    ]       Phase: Concurrent Relocate                          20.892 / 36.508       20.892 / 36.508       20.892 / 36.508       20.892 / 36.508      ms
[10.272s][info][gc,stats    ]       Phase: Concurrent Reset Relocation Set               0.008 / 0.011         0.008 / 0.011         0.008 / 0.011         0.008 / 0.011       ms
[10.272s][info][gc,stats    ]       Phase: Concurrent Select Relocation Set              5.375 / 6.929         5.375 / 6.929         5.375 / 6.929         5.375 / 6.929       ms
[10.272s][info][gc,stats    ]       Phase: Pause Mark End                                0.026 / 0.037         0.026 / 0.037         0.026 / 0.037         0.026 / 0.037       ms
[10.272s][info][gc,stats    ]       Phase: Pause Mark Start                              0.008 / 0.010         0.008 / 0.010         0.008 / 0.010         0.008 / 0.010       ms
[10.272s][info][gc,stats    ]       Phase: Pause Relocate Start                          0.016 / 0.020         0.016 / 0.020         0.016 / 0.020         0.016 / 0.020       ms
[10.272s][info][gc,stats    ]    Subphase: Concurrent Classes Purge                      0.160 / 0.163         0.160 / 0.163         0.160 / 0.163         0.160 / 0.163       ms
[10.272s][info][gc,stats    ]    Subphase: Concurrent Classes Unlink                     3.100 / 3.889         3.100 / 3.889         3.100 / 3.889         3.100 / 3.889       ms
[10.272s][info][gc,stats    ]    Subphase: Concurrent Mark                              80.553 / 149.169      80.553 / 149.169      80.553 / 149.169      80.553 / 149.169     ms
[10.272s][info][gc,stats    ]    Subphase: Concurrent Mark Try Flush                     0.072 / 0.115         0.072 / 0.115         0.072 / 0.115         0.072 / 0.115       ms
[10.272s][info][gc,stats    ]    Subphase: Concurrent Mark Try Terminate                 1.188 / 5.306         1.188 / 5.306         1.188 / 5.306         1.188 / 5.306       ms
[10.272s][info][gc,stats    ]    Subphase: Concurrent References Enqueue                 0.007 / 0.008         0.007 / 0.008         0.007 / 0.008         0.007 / 0.008       ms
[10.272s][info][gc,stats    ]    Subphase: Concurrent References Process                 0.139 / 0.156         0.139 / 0.156         0.139 / 0.156         0.139 / 0.156       ms
[10.272s][info][gc,stats    ]    Subphase: Concurrent Roots ClassLoaderDataGraph         0.187 / 0.477         0.187 / 0.477         0.187 / 0.477         0.187 / 0.477       ms
[10.272s][info][gc,stats    ]    Subphase: Concurrent Roots CodeCache                    0.000 / 0.000         0.000 / 0.000         0.000 / 0.000         0.000 / 0.000       ms
[10.272s][info][gc,stats    ]    Subphase: Concurrent Roots JavaThreads                  1.325 / 2.038         1.325 / 2.038         1.325 / 2.038         1.325 / 2.038       ms
[10.272s][info][gc,stats    ]    Subphase: Concurrent Roots OopStorageSet                0.076 / 0.120         0.076 / 0.120         0.076 / 0.120         0.076 / 0.120       ms
[10.272s][info][gc,stats    ]    Subphase: Concurrent Weak Roots OopStorageSet           0.566 / 0.929         0.566 / 0.929         0.566 / 0.929         0.566 / 0.929       ms
[10.272s][info][gc,stats    ]    Subphase: Pause Mark Try Complete                       0.000 / 0.000         0.000 / 0.000         0.000 / 0.000         0.000 / 0.000       ms
[10.272s][info][gc,stats    ]      System: Java Threads                                     30 / 32               30 / 32               30 / 32               30 / 32          threads
[10.272s][info][gc,stats    ] =========================================================================================================================================================
[20.274s][info][gc,stats    ] === Garbage Collection Statistics =======================================================================================================================
[20.274s][info][gc,stats    ]                                                              Last 10s              Last 10m              Last 10h                Total
[20.274s][info][gc,stats    ]                                                              Avg / Max             Avg / Max             Avg / Max             Avg / Max
[20.274s][info][gc,stats    ]   Collector: Garbage Collection Cycle                      0.000 / 0.000       115.234 / 201.389     115.234 / 201.389     115.234 / 201.389     ms
[20.274s][info][gc,stats    ]  Contention: Mark Segment Reset Contention                     0 / 0                 0 / 1                 0 / 1                 0 / 1           ops/s
[20.274s][info][gc,stats    ]  Contention: Mark SeqNum Reset Contention                      0 / 0                 0 / 0                 0 / 0                 0 / 0           ops/s
[20.275s][info][gc,stats    ]    Critical: Allocation Stall                                  0 / 0                 0 / 0                 0 / 0                 0 / 0           ops/s
[20.275s][info][gc,stats    ]    Critical: Allocation Stall                              0.000 / 0.000         0.000 / 0.000         0.000 / 0.000         0.000 / 0.000       ms
[20.275s][info][gc,stats    ]    Critical: GC Locker Stall                                   0 / 0                 0 / 0                 0 / 0                 0 / 0           ops/s
[20.275s][info][gc,stats    ]    Critical: GC Locker Stall                               0.000 / 0.000         0.000 / 0.000         0.000 / 0.000         0.000 / 0.000       ms
[20.275s][info][gc,stats    ]    Critical: Relocation Stall                                  0 / 0                 0 / 0                 0 / 0                 0 / 0           ops/s
[20.275s][info][gc,stats    ]    Critical: Relocation Stall                              0.000 / 0.000         0.000 / 0.000         0.000 / 0.000         0.000 / 0.000       ms
[20.275s][info][gc,stats    ]      Memory: Allocation Rate                                  15 / 22               75 / 472              75 / 472              75 / 472         MB/s
[20.275s][info][gc,stats    ]      Memory: Out Of Memory                                     0 / 0                 0 / 0                 0 / 0                 0 / 0           ops/s
[20.275s][info][gc,stats    ]      Memory: Page Cache Flush                                  0 / 0                 0 / 0                 0 / 0                 0 / 0           MB/s
[20.275s][info][gc,stats    ]      Memory: Page Cache Hit L1                                 7 / 11               16 / 155              16 / 155              16 / 155         ops/s
[20.275s][info][gc,stats    ]      Memory: Page Cache Hit L2                                 0 / 0                 0 / 0                 0 / 0                 0 / 0           ops/s
[20.275s][info][gc,stats    ]      Memory: Page Cache Hit L3                                 0 / 0                20 / 175              20 / 175              20 / 175         ops/s
[20.275s][info][gc,stats    ]      Memory: Page Cache Miss                                   0 / 0                 0 / 1                 0 / 1                 0 / 1           ops/s
[20.275s][info][gc,stats    ]      Memory: Uncommit                                          0 / 0                 0 / 0                 0 / 0                 0 / 0           MB/s
[20.275s][info][gc,stats    ]      Memory: Undo Object Allocation Failed                     0 / 0                 0 / 0                 0 / 0                 0 / 0           ops/s
[20.275s][info][gc,stats    ]      Memory: Undo Object Allocation Succeeded                  0 / 0                 0 / 3                 0 / 3                 0 / 3           ops/s
[20.275s][info][gc,stats    ]      Memory: Undo Page Allocation                              0 / 0                 0 / 1                 0 / 1                 0 / 1           ops/s
[20.275s][info][gc,stats    ]       Phase: Concurrent Mark                               0.000 / 0.000        83.752 / 151.428      83.752 / 151.428      83.752 / 151.428     ms
[20.275s][info][gc,stats    ]       Phase: Concurrent Mark Continue                      0.000 / 0.000         0.000 / 0.000         0.000 / 0.000         0.000 / 0.000       ms
[20.275s][info][gc,stats    ]       Phase: Concurrent Mark Free                          0.000 / 0.000         0.001 / 0.002         0.001 / 0.002         0.001 / 0.002       ms
[20.275s][info][gc,stats    ]       Phase: Concurrent Process Non-Strong References      0.000 / 0.000         4.173 / 5.296         4.173 / 5.296         4.173 / 5.296       ms
[20.275s][info][gc,stats    ]       Phase: Concurrent Relocate                           0.000 / 0.000        20.892 / 36.508       20.892 / 36.508       20.892 / 36.508      ms
[20.275s][info][gc,stats    ]       Phase: Concurrent Reset Relocation Set               0.000 / 0.000         0.008 / 0.011         0.008 / 0.011         0.008 / 0.011       ms
[20.275s][info][gc,stats    ]       Phase: Concurrent Select Relocation Set              0.000 / 0.000         5.375 / 6.929         5.375 / 6.929         5.375 / 6.929       ms
[20.275s][info][gc,stats    ]       Phase: Pause Mark End                                0.000 / 0.000         0.026 / 0.037         0.026 / 0.037         0.026 / 0.037       ms
[20.275s][info][gc,stats    ]       Phase: Pause Mark Start                              0.000 / 0.000         0.008 / 0.010         0.008 / 0.010         0.008 / 0.010       ms
[20.275s][info][gc,stats    ]       Phase: Pause Relocate Start                          0.000 / 0.000         0.016 / 0.020         0.016 / 0.020         0.016 / 0.020       ms
[20.275s][info][gc,stats    ]    Subphase: Concurrent Classes Purge                      0.000 / 0.000         0.160 / 0.163         0.160 / 0.163         0.160 / 0.163       ms
[20.275s][info][gc,stats    ]    Subphase: Concurrent Classes Unlink                     0.000 / 0.000         3.100 / 3.889         3.100 / 3.889         3.100 / 3.889       ms
[20.275s][info][gc,stats    ]    Subphase: Concurrent Mark                               0.000 / 0.000        80.553 / 149.169      80.553 / 149.169      80.553 / 149.169     ms
[20.275s][info][gc,stats    ]    Subphase: Concurrent Mark Try Flush                     0.000 / 0.000         0.072 / 0.115         0.072 / 0.115         0.072 / 0.115       ms
[20.275s][info][gc,stats    ]    Subphase: Concurrent Mark Try Terminate                 0.000 / 0.000         1.188 / 5.306         1.188 / 5.306         1.188 / 5.306       ms
[20.275s][info][gc,stats    ]    Subphase: Concurrent References Enqueue                 0.000 / 0.000         0.007 / 0.008         0.007 / 0.008         0.007 / 0.008       ms
[20.275s][info][gc,stats    ]    Subphase: Concurrent References Process                 0.000 / 0.000         0.139 / 0.156         0.139 / 0.156         0.139 / 0.156       ms
[20.275s][info][gc,stats    ]    Subphase: Concurrent Roots ClassLoaderDataGraph         0.000 / 0.000         0.187 / 0.477         0.187 / 0.477         0.187 / 0.477       ms
[20.275s][info][gc,stats    ]    Subphase: Concurrent Roots CodeCache                    0.000 / 0.000         0.000 / 0.000         0.000 / 0.000         0.000 / 0.000       ms
[20.275s][info][gc,stats    ]    Subphase: Concurrent Roots JavaThreads                  0.000 / 0.000         1.325 / 2.038         1.325 / 2.038         1.325 / 2.038       ms
[20.275s][info][gc,stats    ]    Subphase: Concurrent Roots OopStorageSet                0.000 / 0.000         0.076 / 0.120         0.076 / 0.120         0.076 / 0.120       ms
[20.275s][info][gc,stats    ]    Subphase: Concurrent Weak Roots OopStorageSet           0.000 / 0.000         0.566 / 0.929         0.566 / 0.929         0.566 / 0.929       ms
[20.275s][info][gc,stats    ]    Subphase: Pause Mark Try Complete                       0.000 / 0.000         0.000 / 0.000         0.000 / 0.000         0.000 / 0.000       ms
[20.275s][info][gc,stats    ]      System: Java Threads                                      0 / 0                30 / 32               30 / 32               30 / 32          threads
[20.275s][info][gc,stats    ] =========================================================================================================================================================
[30.276s][info][gc,stats    ] === Garbage Collection Statistics =======================================================================================================================
[30.276s][info][gc,stats    ]                                                              Last 10s              Last 10m              Last 10h                Total
[30.276s][info][gc,stats    ]                                                              Avg / Max             Avg / Max             Avg / Max             Avg / Max
[30.276s][info][gc,stats    ]   Collector: Garbage Collection Cycle                      0.000 / 0.000       115.234 / 201.389     115.234 / 201.389     115.234 / 201.389     ms
[30.276s][info][gc,stats    ]  Contention: Mark Segment Reset Contention                     0 / 0                 0 / 1                 0 / 1                 0 / 1           ops/s
[30.276s][info][gc,stats    ]  Contention: Mark SeqNum Reset Contention                      0 / 0                 0 / 0                 0 / 0                 0 / 0           ops/s
[30.276s][info][gc,stats    ]    Critical: Allocation Stall                                  0 / 0                 0 / 0                 0 / 0                 0 / 0           ops/s
[30.276s][info][gc,stats    ]    Critical: Allocation Stall                              0.000 / 0.000         0.000 / 0.000         0.000 / 0.000         0.000 / 0.000       ms
[30.276s][info][gc,stats    ]    Critical: GC Locker Stall                                   0 / 0                 0 / 0                 0 / 0                 0 / 0           ops/s
[30.276s][info][gc,stats    ]    Critical: GC Locker Stall                               0.000 / 0.000         0.000 / 0.000         0.000 / 0.000         0.000 / 0.000       ms
[30.276s][info][gc,stats    ]    Critical: Relocation Stall                                  0 / 0                 0 / 0                 0 / 0                 0 / 0           ops/s
[30.276s][info][gc,stats    ]    Critical: Relocation Stall                              0.000 / 0.000         0.000 / 0.000         0.000 / 0.000         0.000 / 0.000       ms
[30.276s][info][gc,stats    ]      Memory: Allocation Rate                                  52 / 130              67 / 472              67 / 472              67 / 472         MB/s
[30.276s][info][gc,stats    ]      Memory: Out Of Memory                                     0 / 0                 0 / 0                 0 / 0                 0 / 0           ops/s
[30.276s][info][gc,stats    ]      Memory: Page Cache Flush                                  0 / 0                 0 / 0                 0 / 0                 0 / 0           MB/s
[30.276s][info][gc,stats    ]      Memory: Page Cache Hit L1                                10 / 42               14 / 155              14 / 155              14 / 155         ops/s
[30.276s][info][gc,stats    ]      Memory: Page Cache Hit L2                                 0 / 0                 0 / 0                 0 / 0                 0 / 0           ops/s
[30.276s][info][gc,stats    ]      Memory: Page Cache Hit L3                                13 / 65               18 / 175              18 / 175              18 / 175         ops/s
[30.276s][info][gc,stats    ]      Memory: Page Cache Miss                                   0 / 0                 0 / 1                 0 / 1                 0 / 1           ops/s
[30.276s][info][gc,stats    ]      Memory: Uncommit                                          0 / 0                 0 / 0                 0 / 0                 0 / 0           MB/s
[30.276s][info][gc,stats    ]      Memory: Undo Object Allocation Failed                     0 / 0                 0 / 0                 0 / 0                 0 / 0           ops/s
[30.276s][info][gc,stats    ]      Memory: Undo Object Allocation Succeeded                  0 / 0                 0 / 3                 0 / 3                 0 / 3           ops/s
[30.276s][info][gc,stats    ]      Memory: Undo Page Allocation                              0 / 0                 0 / 1                 0 / 1                 0 / 1           ops/s
[30.276s][info][gc,stats    ]       Phase: Concurrent Mark                               0.000 / 0.000        83.752 / 151.428      83.752 / 151.428      83.752 / 151.428     ms
[30.276s][info][gc,stats    ]       Phase: Concurrent Mark Continue                      0.000 / 0.000         0.000 / 0.000         0.000 / 0.000         0.000 / 0.000       ms
[30.276s][info][gc,stats    ]       Phase: Concurrent Mark Free                          0.000 / 0.000         0.001 / 0.002         0.001 / 0.002         0.001 / 0.002       ms
[30.276s][info][gc,stats    ]       Phase: Concurrent Process Non-Strong References      0.000 / 0.000         4.173 / 5.296         4.173 / 5.296         4.173 / 5.296       ms
[30.276s][info][gc,stats    ]       Phase: Concurrent Relocate                           0.000 / 0.000        20.892 / 36.508       20.892 / 36.508       20.892 / 36.508      ms
[30.276s][info][gc,stats    ]       Phase: Concurrent Reset Relocation Set               0.000 / 0.000         0.008 / 0.011         0.008 / 0.011         0.008 / 0.011       ms
[30.276s][info][gc,stats    ]       Phase: Concurrent Select Relocation Set              0.000 / 0.000         5.375 / 6.929         5.375 / 6.929         5.375 / 6.929       ms
[30.276s][info][gc,stats    ]       Phase: Pause Mark End                                0.000 / 0.000         0.026 / 0.037         0.026 / 0.037         0.026 / 0.037       ms
[30.276s][info][gc,stats    ]       Phase: Pause Mark Start                              0.000 / 0.000         0.008 / 0.010         0.008 / 0.010         0.008 / 0.010       ms
[30.276s][info][gc,stats    ]       Phase: Pause Relocate Start                          0.000 / 0.000         0.016 / 0.020         0.016 / 0.020         0.016 / 0.020       ms
[30.276s][info][gc,stats    ]    Subphase: Concurrent Classes Purge                      0.000 / 0.000         0.160 / 0.163         0.160 / 0.163         0.160 / 0.163       ms
[30.276s][info][gc,stats    ]    Subphase: Concurrent Classes Unlink                     0.000 / 0.000         3.100 / 3.889         3.100 / 3.889         3.100 / 3.889       ms
[30.276s][info][gc,stats    ]    Subphase: Concurrent Mark                               0.000 / 0.000        80.553 / 149.169      80.553 / 149.169      80.553 / 149.169     ms
[30.276s][info][gc,stats    ]    Subphase: Concurrent Mark Try Flush                     0.000 / 0.000         0.072 / 0.115         0.072 / 0.115         0.072 / 0.115       ms
[30.276s][info][gc,stats    ]    Subphase: Concurrent Mark Try Terminate                 0.000 / 0.000         1.188 / 5.306         1.188 / 5.306         1.188 / 5.306       ms
[30.276s][info][gc,stats    ]    Subphase: Concurrent References Enqueue                 0.000 / 0.000         0.007 / 0.008         0.007 / 0.008         0.007 / 0.008       ms
[30.276s][info][gc,stats    ]    Subphase: Concurrent References Process                 0.000 / 0.000         0.139 / 0.156         0.139 / 0.156         0.139 / 0.156       ms
[30.276s][info][gc,stats    ]    Subphase: Concurrent Roots ClassLoaderDataGraph         0.000 / 0.000         0.187 / 0.477         0.187 / 0.477         0.187 / 0.477       ms
[30.276s][info][gc,stats    ]    Subphase: Concurrent Roots CodeCache                    0.000 / 0.000         0.000 / 0.000         0.000 / 0.000         0.000 / 0.000       ms
[30.276s][info][gc,stats    ]    Subphase: Concurrent Roots JavaThreads                  0.000 / 0.000         1.325 / 2.038         1.325 / 2.038         1.325 / 2.038       ms
[30.276s][info][gc,stats    ]    Subphase: Concurrent Roots OopStorageSet                0.000 / 0.000         0.076 / 0.120         0.076 / 0.120         0.076 / 0.120       ms
[30.276s][info][gc,stats    ]    Subphase: Concurrent Weak Roots OopStorageSet           0.000 / 0.000         0.566 / 0.929         0.566 / 0.929         0.566 / 0.929       ms
[30.276s][info][gc,stats    ]    Subphase: Pause Mark Try Complete                       0.000 / 0.000         0.000 / 0.000         0.000 / 0.000         0.000 / 0.000       ms
[30.276s][info][gc,stats    ]      System: Java Threads                                      0 / 0                30 / 32               30 / 32               30 / 32          threads
[30.276s][info][gc,stats    ] =========================================================================================================================================================
[36.066s][info][gc,start    ] GC(2) Garbage Collection (Warmup)
[36.066s][info][gc,task     ] GC(2) Using 2 workers
[36.066s][info][gc,phases   ] GC(2) Pause Mark Start 0.008ms
[36.116s][info][gc,phases   ] GC(2) Concurrent Mark 49.408ms
[36.116s][info][gc,phases   ] GC(2) Pause Mark End 0.017ms
[36.117s][info][gc,phases   ] GC(2) Concurrent Mark Free 0.002ms
[36.126s][info][gc,phases   ] GC(2) Concurrent Process Non-Strong References 9.503ms
[36.127s][info][gc,phases   ] GC(2) Concurrent Reset Relocation Set 0.053ms
[36.130s][info][gc,phases   ] GC(2) Concurrent Select Relocation Set 2.982ms
[36.130s][info][gc,phases   ] GC(2) Pause Relocate Start 0.013ms
[36.141s][info][gc,phases   ] GC(2) Concurrent Relocate 10.800ms
[36.141s][info][gc,load     ] GC(2) Load: 0.00/0.00/0.00
[36.141s][info][gc,mmu      ] GC(2) MMU: 2ms/98.1%, 5ms/99.3%, 10ms/99.4%, 20ms/99.7%, 50ms/99.9%, 100ms/99.9%
[36.141s][info][gc,marking  ] GC(2) Mark: 2 stripe(s), 2 proactive flush(es), 1 terminate flush(es), 0 completion(s), 0 continuation(s) 
[36.141s][info][gc,marking  ] GC(2) Mark Stack Usage: 32M
[36.141s][info][gc,nmethod  ] GC(2) NMethods: 7430 registered, 1014 unregistered
[36.141s][info][gc,metaspace] GC(2) Metaspace: 32M used, 33M committed, 1088M reserved
[36.141s][info][gc,ref      ] GC(2) Soft: 3769 encountered, 0 discovered, 0 enqueued
[36.141s][info][gc,ref      ] GC(2) Weak: 1449 encountered, 734 discovered, 117 enqueued
[36.141s][info][gc,ref      ] GC(2) Final: 3 encountered, 0 discovered, 0 enqueued
[36.141s][info][gc,ref      ] GC(2) Phantom: 296 encountered, 235 discovered, 52 enqueued
[36.141s][info][gc,reloc    ] GC(2) Small Pages: 780 / 1560M, Empty: 584M, Relocated: 17M, In-Place: 0
[36.141s][info][gc,reloc    ] GC(2) Medium Pages: 3 / 96M, Empty: 32M, Relocated: 3M, In-Place: 0
[36.141s][info][gc,reloc    ] GC(2) Large Pages: 1 / 8M, Empty: 8M, Relocated: 0M, In-Place: 0
[36.141s][info][gc,reloc    ] GC(2) Forwarding Usage: 5M
[36.141s][info][gc,heap     ] GC(2) Min Capacity: 8192M(100%)
[36.141s][info][gc,heap     ] GC(2) Max Capacity: 8192M(100%)
[36.141s][info][gc,heap     ] GC(2) Soft Max Capacity: 8192M(100%)
[36.141s][info][gc,heap     ] GC(2)                Mark Start          Mark End        Relocate Start      Relocate End           High               Low         
[36.141s][info][gc,heap     ] GC(2)  Capacity:     8192M (100%)       8192M (100%)       8192M (100%)       8192M (100%)       8192M (100%)       8192M (100%)   
[36.141s][info][gc,heap     ] GC(2)      Free:     6528M (80%)        6510M (79%)        7130M (87%)        8086M (99%)        8086M (99%)        6506M (79%)    
[36.141s][info][gc,heap     ] GC(2)      Used:     1664M (20%)        1682M (21%)        1062M (13%)         106M (1%)         1686M (21%)         106M (1%)     
[36.141s][info][gc,heap     ] GC(2)      Live:         -                42M (1%)           42M (1%)           42M (1%)             -                  -          
[36.141s][info][gc,heap     ] GC(2) Allocated:         -                18M (0%)           22M (0%)           29M (0%)             -                  -          
[36.141s][info][gc,heap     ] GC(2)   Garbage:         -              1621M (20%)         997M (12%)          34M (0%)             -                  -          
[36.141s][info][gc,heap     ] GC(2) Reclaimed:         -                  -               624M (8%)         1587M (19%)            -                  -          
[36.141s][info][gc          ] GC(2) Garbage Collection (Warmup) 1664M(20%)->106M(1%)
[40.268s][info][gc,stats    ] === Garbage Collection Statistics =======================================================================================================================
[40.269s][info][gc,stats    ]                                                              Last 10s              Last 10m              Last 10h                Total
[40.269s][info][gc,stats    ]                                                              Avg / Max             Avg / Max             Avg / Max             Avg / Max
[40.269s][info][gc,stats    ]   Collector: Garbage Collection Cycle                     74.466 / 74.466      101.644 / 201.389     101.644 / 201.389     101.644 / 201.389     ms
[40.269s][info][gc,stats    ]  Contention: Mark Segment Reset Contention                     0 / 0                 0 / 1                 0 / 1                 0 / 1           ops/s
[40.269s][info][gc,stats    ]  Contention: Mark SeqNum Reset Contention                      0 / 0                 0 / 0                 0 / 0                 0 / 0           ops/s
[40.269s][info][gc,stats    ]    Critical: Allocation Stall                                  0 / 0                 0 / 0                 0 / 0                 0 / 0           ops/s
[40.269s][info][gc,stats    ]    Critical: Allocation Stall                              0.000 / 0.000         0.000 / 0.000         0.000 / 0.000         0.000 / 0.000       ms
[40.269s][info][gc,stats    ]    Critical: GC Locker Stall                                   0 / 0                 0 / 0                 0 / 0                 0 / 0           ops/s
[40.269s][info][gc,stats    ]    Critical: GC Locker Stall                               0.000 / 0.000         0.000 / 0.000         0.000 / 0.000         0.000 / 0.000       ms
[40.269s][info][gc,stats    ]    Critical: Relocation Stall                                  0 / 0                 0 / 0                 0 / 0                 0 / 0           ops/s
[40.269s][info][gc,stats    ]    Critical: Relocation Stall                              0.000 / 0.000         0.000 / 0.000         0.000 / 0.000         0.000 / 0.000       ms
[40.269s][info][gc,stats    ]      Memory: Allocation Rate                                 112 / 186              78 / 472              78 / 472              78 / 472         MB/s
[40.269s][info][gc,stats    ]      Memory: Out Of Memory                                     0 / 0                 0 / 0                 0 / 0                 0 / 0           ops/s
[40.269s][info][gc,stats    ]      Memory: Page Cache Flush                                  0 / 0                 0 / 0                 0 / 0                 0 / 0           MB/s
[40.269s][info][gc,stats    ]      Memory: Page Cache Hit L1                                30 / 81               18 / 155              18 / 155              18 / 155         ops/s
[40.269s][info][gc,stats    ]      Memory: Page Cache Hit L2                                 0 / 0                 0 / 0                 0 / 0                 0 / 0           ops/s
[40.269s][info][gc,stats    ]      Memory: Page Cache Hit L3                                24 / 52               19 / 175              19 / 175              19 / 175         ops/s
[40.269s][info][gc,stats    ]      Memory: Page Cache Miss                                   0 / 0                 0 / 1                 0 / 1                 0 / 1           ops/s
[40.269s][info][gc,stats    ]      Memory: Uncommit                                          0 / 0                 0 / 0                 0 / 0                 0 / 0           MB/s
[40.269s][info][gc,stats    ]      Memory: Undo Object Allocation Failed                     0 / 0                 0 / 0                 0 / 0                 0 / 0           ops/s
[40.269s][info][gc,stats    ]      Memory: Undo Object Allocation Succeeded                  0 / 0                 0 / 3                 0 / 3                 0 / 3           ops/s
[40.269s][info][gc,stats    ]      Memory: Undo Page Allocation                              0 / 0                 0 / 1                 0 / 1                 0 / 1           ops/s
[40.269s][info][gc,stats    ]       Phase: Concurrent Mark                              49.408 / 49.408       72.304 / 151.428      72.304 / 151.428      72.304 / 151.428     ms
[40.269s][info][gc,stats    ]       Phase: Concurrent Mark Continue                      0.000 / 0.000         0.000 / 0.000         0.000 / 0.000         0.000 / 0.000       ms
[40.269s][info][gc,stats    ]       Phase: Concurrent Mark Free                          0.002 / 0.002         0.002 / 0.002         0.002 / 0.002         0.002 / 0.002       ms
[40.269s][info][gc,stats    ]       Phase: Concurrent Process Non-Strong References      9.503 / 9.503         5.950 / 9.503         5.950 / 9.503         5.950 / 9.503       ms
[40.269s][info][gc,stats    ]       Phase: Concurrent Relocate                          10.800 / 10.800       17.528 / 36.508       17.528 / 36.508       17.528 / 36.508      ms
[40.269s][info][gc,stats    ]       Phase: Concurrent Reset Relocation Set               0.053 / 0.053         0.023 / 0.053         0.023 / 0.053         0.023 / 0.053       ms
[40.269s][info][gc,stats    ]       Phase: Concurrent Select Relocation Set              2.982 / 2.982         4.578 / 6.929         4.578 / 6.929         4.578 / 6.929       ms
[40.269s][info][gc,stats    ]       Phase: Pause Mark End                                0.017 / 0.017         0.023 / 0.037         0.023 / 0.037         0.023 / 0.037       ms
[40.269s][info][gc,stats    ]       Phase: Pause Mark Start                              0.008 / 0.008         0.008 / 0.010         0.008 / 0.010         0.008 / 0.010       ms
[40.269s][info][gc,stats    ]       Phase: Pause Relocate Start                          0.013 / 0.013         0.015 / 0.020         0.015 / 0.020         0.015 / 0.020       ms
[40.269s][info][gc,stats    ]    Subphase: Concurrent Classes Purge                      0.281 / 0.281         0.201 / 0.281         0.201 / 0.281         0.201 / 0.281       ms
[40.269s][info][gc,stats    ]    Subphase: Concurrent Classes Unlink                     8.400 / 8.400         4.866 / 8.400         4.866 / 8.400         4.866 / 8.400       ms
[40.269s][info][gc,stats    ]    Subphase: Concurrent Mark                              45.351 / 48.008       68.819 / 149.169      68.819 / 149.169      68.819 / 149.169     ms
[40.269s][info][gc,stats    ]    Subphase: Concurrent Mark Try Flush                     0.050 / 0.080         0.064 / 0.115         0.064 / 0.115         0.064 / 0.115       ms
[40.269s][info][gc,stats    ]    Subphase: Concurrent Mark Try Terminate                 1.849 / 5.529         1.409 / 5.529         1.409 / 5.529         1.409 / 5.529       ms
[40.269s][info][gc,stats    ]    Subphase: Concurrent References Enqueue                 0.005 / 0.005         0.006 / 0.008         0.006 / 0.008         0.006 / 0.008       ms
[40.269s][info][gc,stats    ]    Subphase: Concurrent References Process                 0.196 / 0.196         0.158 / 0.196         0.158 / 0.196         0.158 / 0.196       ms
[40.269s][info][gc,stats    ]    Subphase: Concurrent Roots ClassLoaderDataGraph         0.116 / 0.230         0.164 / 0.477         0.164 / 0.477         0.164 / 0.477       ms
[40.269s][info][gc,stats    ]    Subphase: Concurrent Roots CodeCache                    0.000 / 0.000         0.000 / 0.000         0.000 / 0.000         0.000 / 0.000       ms
[40.269s][info][gc,stats    ]    Subphase: Concurrent Roots JavaThreads                  1.147 / 1.243         1.266 / 2.038         1.266 / 2.038         1.266 / 2.038       ms
[40.269s][info][gc,stats    ]    Subphase: Concurrent Roots OopStorageSet                0.026 / 0.032         0.059 / 0.120         0.059 / 0.120         0.059 / 0.120       ms
[40.269s][info][gc,stats    ]    Subphase: Concurrent Weak Roots OopStorageSet           0.516 / 0.519         0.550 / 0.929         0.550 / 0.929         0.550 / 0.929       ms
[40.269s][info][gc,stats    ]    Subphase: Pause Mark Try Complete                       0.000 / 0.000         0.000 / 0.000         0.000 / 0.000         0.000 / 0.000       ms
[40.269s][info][gc,stats    ]      System: Java Threads                                     33 / 36               31 / 36               31 / 36               31 / 36          threads
[40.269s][info][gc,stats    ] =========================================================================================================================================================
[45.166s][info][gc,start    ] GC(3) Garbage Collection (Warmup)
[45.166s][info][gc,task     ] GC(3) Using 2 workers
[45.166s][info][gc,phases   ] GC(3) Pause Mark Start 0.011ms
[45.245s][info][gc,phases   ] GC(3) Concurrent Mark 78.584ms
[45.246s][info][gc,phases   ] GC(3) Pause Mark End 0.013ms
[45.246s][info][gc,phases   ] GC(3) Concurrent Mark Free 0.000ms
[45.258s][info][gc,phases   ] GC(3) Concurrent Process Non-Strong References 12.261ms
[45.258s][info][gc,phases   ] GC(3) Concurrent Reset Relocation Set 0.032ms
[45.264s][info][gc,phases   ] GC(3) Concurrent Select Relocation Set 5.731ms
[45.264s][info][gc,phases   ] GC(3) Pause Relocate Start 0.013ms
[45.286s][info][gc,phases   ] GC(3) Concurrent Relocate 22.296ms
[45.286s][info][gc,load     ] GC(3) Load: 0.00/0.00/0.00
[45.286s][info][gc,mmu      ] GC(3) MMU: 2ms/98.1%, 5ms/99.3%, 10ms/99.4%, 20ms/99.7%, 50ms/99.9%, 100ms/99.9%
[45.286s][info][gc,marking  ] GC(3) Mark: 2 stripe(s), 2 proactive flush(es), 1 terminate flush(es), 0 completion(s), 0 continuation(s) 
[45.286s][info][gc,marking  ] GC(3) Mark Stack Usage: 32M
[45.286s][info][gc,nmethod  ] GC(3) NMethods: 8852 registered, 0 unregistered
[45.286s][info][gc,metaspace] GC(3) Metaspace: 36M used, 37M committed, 1088M reserved
[45.286s][info][gc,ref      ] GC(3) Soft: 3790 encountered, 0 discovered, 0 enqueued
[45.286s][info][gc,ref      ] GC(3) Weak: 5346 encountered, 4761 discovered, 79 enqueued
[45.286s][info][gc,ref      ] GC(3) Final: 3 encountered, 3 discovered, 0 enqueued
[45.286s][info][gc,ref      ] GC(3) Phantom: 196 encountered, 159 discovered, 26 enqueued
[45.286s][info][gc,reloc    ] GC(3) Small Pages: 702 / 1404M, Empty: 398M, Relocated: 38M, In-Place: 0
[45.286s][info][gc,reloc    ] GC(3) Medium Pages: 33 / 1056M, Empty: 960M, Relocated: 4M, In-Place: 0
[45.286s][info][gc,reloc    ] GC(3) Large Pages: 1 / 10M, Empty: 0M, Relocated: 0M, In-Place: 0
[45.286s][info][gc,reloc    ] GC(3) Forwarding Usage: 11M
[45.286s][info][gc,heap     ] GC(3) Min Capacity: 8192M(100%)
[45.286s][info][gc,heap     ] GC(3) Max Capacity: 8192M(100%)
[45.286s][info][gc,heap     ] GC(3) Soft Max Capacity: 8192M(100%)
[45.286s][info][gc,heap     ] GC(3)                Mark Start          Mark End        Relocate Start      Relocate End           High               Low         
[45.286s][info][gc,heap     ] GC(3)  Capacity:     8192M (100%)       8192M (100%)       8192M (100%)       8192M (100%)       8192M (100%)       8192M (100%)   
[45.286s][info][gc,heap     ] GC(3)      Free:     5722M (70%)        5680M (69%)        7036M (86%)        8034M (98%)        8034M (98%)        5678M (69%)    
[45.286s][info][gc,heap     ] GC(3)      Used:     2470M (30%)        2512M (31%)        1156M (14%)         158M (2%)         2514M (31%)         158M (2%)     
[45.286s][info][gc,heap     ] GC(3)      Live:         -                72M (1%)           72M (1%)           72M (1%)             -                  -          
[45.286s][info][gc,heap     ] GC(3) Allocated:         -                42M (1%)           44M (1%)           51M (1%)             -                  -          
[45.286s][info][gc,heap     ] GC(3)   Garbage:         -              2397M (29%)        1039M (13%)          34M (0%)             -                  -          
[45.286s][info][gc,heap     ] GC(3) Reclaimed:         -                  -              1358M (17%)        2363M (29%)            -                  -          
[45.286s][info][gc          ] GC(3) Garbage Collection (Warmup) 2470M(30%)->158M(2%)
[50.275s][info][gc,stats    ] === Garbage Collection Statistics =======================================================================================================================
[50.275s][info][gc,stats    ]                                                              Last 10s              Last 10m              Last 10h                Total
[50.275s][info][gc,stats    ]                                                              Avg / Max             Avg / Max             Avg / Max             Avg / Max
[50.275s][info][gc,stats    ]   Collector: Garbage Collection Cycle                    120.361 / 120.361     106.324 / 201.389     106.324 / 201.389     106.324 / 201.389     ms
[50.275s][info][gc,stats    ]  Contention: Mark Segment Reset Contention                     0 / 0                 0 / 1                 0 / 1                 0 / 1           ops/s
[50.275s][info][gc,stats    ]  Contention: Mark SeqNum Reset Contention                      0 / 0                 0 / 0                 0 / 0                 0 / 0           ops/s
[50.275s][info][gc,stats    ]    Critical: Allocation Stall                                  0 / 0                 0 / 0                 0 / 0                 0 / 0           ops/s
[50.275s][info][gc,stats    ]    Critical: Allocation Stall                              0.000 / 0.000         0.000 / 0.000         0.000 / 0.000         0.000 / 0.000       ms
[50.275s][info][gc,stats    ]    Critical: GC Locker Stall                                   0 / 0                 0 / 0                 0 / 0                 0 / 0           ops/s
[50.275s][info][gc,stats    ]    Critical: GC Locker Stall                               0.000 / 0.000         0.000 / 0.000         0.000 / 0.000         0.000 / 0.000       ms
[50.275s][info][gc,stats    ]    Critical: Relocation Stall                                  0 / 0                 0 / 0                 0 / 0                 0 / 0           ops/s
[50.275s][info][gc,stats    ]    Critical: Relocation Stall                              0.000 / 0.000         0.000 / 0.000         0.000 / 0.000         0.000 / 0.000       ms
[50.275s][info][gc,stats    ]      Memory: Allocation Rate                                 364 / 610             135 / 610             135 / 610             135 / 610         MB/s
[50.275s][info][gc,stats    ]      Memory: Out Of Memory                                     0 / 0                 0 / 0                 0 / 0                 0 / 0           ops/s
[50.275s][info][gc,stats    ]      Memory: Page Cache Flush                                  0 / 0                 0 / 0                 0 / 0                 0 / 0           MB/s
[50.275s][info][gc,stats    ]      Memory: Page Cache Hit L1                               116 / 268              38 / 268              38 / 268              38 / 268         ops/s
[50.275s][info][gc,stats    ]      Memory: Page Cache Hit L2                                 0 / 0                 0 / 0                 0 / 0                 0 / 0           ops/s
[50.275s][info][gc,stats    ]      Memory: Page Cache Hit L3                                 4 / 16               16 / 175              16 / 175              16 / 175         ops/s
[50.275s][info][gc,stats    ]      Memory: Page Cache Miss                                   0 / 0                 0 / 1                 0 / 1                 0 / 1           ops/s
[50.275s][info][gc,stats    ]      Memory: Uncommit                                          0 / 0                 0 / 0                 0 / 0                 0 / 0           MB/s
[50.276s][info][gc,stats    ]      Memory: Undo Object Allocation Failed                     0 / 0                 0 / 0                 0 / 0                 0 / 0           ops/s
[50.276s][info][gc,stats    ]      Memory: Undo Object Allocation Succeeded                  0 / 0                 0 / 3                 0 / 3                 0 / 3           ops/s
[50.276s][info][gc,stats    ]      Memory: Undo Page Allocation                              0 / 0                 0 / 1                 0 / 1                 0 / 1           ops/s
[50.276s][info][gc,stats    ]       Phase: Concurrent Mark                              78.584 / 78.584       73.874 / 151.428      73.874 / 151.428      73.874 / 151.428     ms
[50.276s][info][gc,stats    ]       Phase: Concurrent Mark Continue                      0.000 / 0.000         0.000 / 0.000         0.000 / 0.000         0.000 / 0.000       ms
[50.276s][info][gc,stats    ]       Phase: Concurrent Mark Free                          0.000 / 0.000         0.001 / 0.002         0.001 / 0.002         0.001 / 0.002       ms
[50.276s][info][gc,stats    ]       Phase: Concurrent Process Non-Strong References     12.261 / 12.261        7.528 / 12.261        7.528 / 12.261        7.528 / 12.261      ms
[50.276s][info][gc,stats    ]       Phase: Concurrent Relocate                          22.296 / 22.296       18.720 / 36.508       18.720 / 36.508       18.720 / 36.508      ms
[50.276s][info][gc,stats    ]       Phase: Concurrent Reset Relocation Set               0.032 / 0.032         0.025 / 0.053         0.025 / 0.053         0.025 / 0.053       ms
[50.276s][info][gc,stats    ]       Phase: Concurrent Select Relocation Set              5.731 / 5.731         4.866 / 6.929         4.866 / 6.929         4.866 / 6.929       ms
[50.276s][info][gc,stats    ]       Phase: Pause Mark End                                0.013 / 0.013         0.020 / 0.037         0.020 / 0.037         0.020 / 0.037       ms
[50.276s][info][gc,stats    ]       Phase: Pause Mark Start                              0.011 / 0.011         0.008 / 0.011         0.008 / 0.011         0.008 / 0.011       ms
[50.276s][info][gc,stats    ]       Phase: Pause Relocate Start                          0.013 / 0.013         0.015 / 0.020         0.015 / 0.020         0.015 / 0.020       ms
[50.276s][info][gc,stats    ]    Subphase: Concurrent Classes Purge                      0.351 / 0.351         0.238 / 0.351         0.238 / 0.351         0.238 / 0.351       ms
[50.276s][info][gc,stats    ]    Subphase: Concurrent Classes Unlink                    10.494 / 10.494        6.273 / 10.494        6.273 / 10.494        6.273 / 10.494      ms
[50.276s][info][gc,stats    ]    Subphase: Concurrent Mark                              74.125 / 77.262       70.146 / 149.169      70.146 / 149.169      70.146 / 149.169     ms
[50.276s][info][gc,stats    ]    Subphase: Concurrent Mark Try Flush                     0.063 / 0.095         0.063 / 0.115         0.063 / 0.115         0.063 / 0.115       ms
[50.276s][info][gc,stats    ]    Subphase: Concurrent Mark Try Terminate                 2.203 / 6.541         1.607 / 6.541         1.607 / 6.541         1.607 / 6.541       ms
[50.276s][info][gc,stats    ]    Subphase: Concurrent References Enqueue                 0.004 / 0.004         0.006 / 0.008         0.006 / 0.008         0.006 / 0.008       ms
[50.276s][info][gc,stats    ]    Subphase: Concurrent References Process                 0.600 / 0.600         0.268 / 0.600         0.268 / 0.600         0.268 / 0.600       ms
[50.276s][info][gc,stats    ]    Subphase: Concurrent Roots ClassLoaderDataGraph         0.196 / 0.383         0.172 / 0.477         0.172 / 0.477         0.172 / 0.477       ms
[50.276s][info][gc,stats    ]    Subphase: Concurrent Roots CodeCache                    0.000 / 0.000         0.000 / 0.000         0.000 / 0.000         0.000 / 0.000       ms
[50.276s][info][gc,stats    ]    Subphase: Concurrent Roots JavaThreads                  0.929 / 1.101         1.182 / 2.038         1.182 / 2.038         1.182 / 2.038       ms
[50.276s][info][gc,stats    ]    Subphase: Concurrent Roots OopStorageSet                0.028 / 0.039         0.051 / 0.120         0.051 / 0.120         0.051 / 0.120       ms
[50.276s][info][gc,stats    ]    Subphase: Concurrent Weak Roots OopStorageSet           0.687 / 0.693         0.584 / 0.929         0.584 / 0.929         0.584 / 0.929       ms
[50.276s][info][gc,stats    ]    Subphase: Pause Mark Try Complete                       0.000 / 0.000         0.000 / 0.000         0.000 / 0.000         0.000 / 0.000       ms
[50.276s][info][gc,stats    ]      System: Java Threads                                     30 / 30               31 / 36               31 / 36               31 / 36          threads
[50.276s][info][gc,stats    ] =========================================================================================================================================================
[55.209s][info][gc,start    ] GC(4) Garbage Collection (System.gc())
[55.209s][info][gc,task     ] GC(4) Using 2 workers
[55.209s][info][gc,phases   ] GC(4) Pause Mark Start 0.007ms
[55.479s][info][gc,phases   ] GC(4) Concurrent Mark 269.421ms
[55.479s][info][gc,phases   ] GC(4) Pause Mark End 0.020ms
[55.479s][info][gc,phases   ] GC(4) Concurrent Mark Free 0.002ms
[55.491s][info][gc,phases   ] GC(4) Concurrent Process Non-Strong References 12.039ms
[55.491s][info][gc,phases   ] GC(4) Concurrent Reset Relocation Set 0.038ms
[55.503s][info][gc,phases   ] GC(4) Concurrent Select Relocation Set 11.319ms
[55.503s][info][gc,phases   ] GC(4) Pause Relocate Start 0.012ms
[55.578s][info][gc,phases   ] GC(4) Concurrent Relocate 75.349ms
[55.578s][info][gc,load     ] GC(4) Load: 0.00/0.00/0.00
[55.578s][info][gc,mmu      ] GC(4) MMU: 2ms/98.1%, 5ms/99.3%, 10ms/99.4%, 20ms/99.7%, 50ms/99.9%, 100ms/99.9%
[55.578s][info][gc,marking  ] GC(4) Mark: 2 stripe(s), 2 proactive flush(es), 1 terminate flush(es), 0 completion(s), 0 continuation(s) 
[55.578s][info][gc,marking  ] GC(4) Mark Stack Usage: 32M
[55.578s][info][gc,nmethod  ] GC(4) NMethods: 10773 registered, 635 unregistered
[55.578s][info][gc,metaspace] GC(4) Metaspace: 39M used, 40M committed, 1088M reserved
[55.578s][info][gc,ref      ] GC(4) Soft: 3854 encountered, 0 discovered, 0 enqueued
[55.578s][info][gc,ref      ] GC(4) Weak: 8946 encountered, 8012 discovered, 7426 enqueued
[55.578s][info][gc,ref      ] GC(4) Final: 3 encountered, 2 discovered, 0 enqueued
[55.578s][info][gc,ref      ] GC(4) Phantom: 311 encountered, 254 discovered, 140 enqueued
[55.578s][info][gc,reloc    ] GC(4) Small Pages: 1452 / 2904M, Empty: 1514M, Relocated: 122M, In-Place: 0
[55.578s][info][gc,reloc    ] GC(4) Medium Pages: 13 / 416M, Empty: 320M, Relocated: 18M, In-Place: 0
[55.578s][info][gc,reloc    ] GC(4) Large Pages: 2 / 18M, Empty: 0M, Relocated: 0M, In-Place: 0
[55.578s][info][gc,reloc    ] GC(4) Forwarding Usage: 34M
[55.579s][info][gc,heap     ] GC(4) Min Capacity: 8192M(100%)
[55.579s][info][gc,heap     ] GC(4) Max Capacity: 8192M(100%)
[55.579s][info][gc,heap     ] GC(4) Soft Max Capacity: 8192M(100%)
[55.579s][info][gc,heap     ] GC(4)                Mark Start          Mark End        Relocate Start      Relocate End           High               Low         
[55.579s][info][gc,heap     ] GC(4)  Capacity:     8192M (100%)       8192M (100%)       8192M (100%)       8192M (100%)       8192M (100%)       8192M (100%)   
[55.579s][info][gc,heap     ] GC(4)      Free:     4854M (59%)        4850M (59%)        6638M (81%)        7938M (97%)        7938M (97%)        4846M (59%)    
[55.579s][info][gc,heap     ] GC(4)      Used:     3338M (41%)        3342M (41%)        1554M (19%)         254M (3%)         3346M (41%)         254M (3%)     
[55.579s][info][gc,heap     ] GC(4)      Live:         -               168M (2%)          168M (2%)          168M (2%)             -                  -          
[55.579s][info][gc,heap     ] GC(4) Allocated:         -                 4M (0%)           50M (1%)           67M (1%)             -                  -          
[55.579s][info][gc,heap     ] GC(4)   Garbage:         -              3169M (39%)        1335M (16%)          17M (0%)             -                  -          
[55.579s][info][gc,heap     ] GC(4) Reclaimed:         -                  -              1834M (22%)        3151M (38%)            -                  -          
[55.579s][info][gc          ] GC(4) Garbage Collection (System.gc()) 3338M(41%)->254M(3%)
[60.269s][info][gc,stats    ] === Garbage Collection Statistics =======================================================================================================================
[60.269s][info][gc,stats    ]                                                              Last 10s              Last 10m              Last 10h                Total
[60.269s][info][gc,stats    ]                                                              Avg / Max             Avg / Max             Avg / Max             Avg / Max
[60.269s][info][gc,stats    ]   Collector: Garbage Collection Cycle                    369.233 / 369.233     158.906 / 369.233     158.906 / 369.233     158.906 / 369.233     ms
[60.269s][info][gc,stats    ]  Contention: Mark Segment Reset Contention                     0 / 0                 0 / 1                 0 / 1                 0 / 1           ops/s
[60.269s][info][gc,stats    ]  Contention: Mark SeqNum Reset Contention                      0 / 0                 0 / 0                 0 / 0                 0 / 0           ops/s
[60.269s][info][gc,stats    ]    Critical: Allocation Stall                                  0 / 0                 0 / 0                 0 / 0                 0 / 0           ops/s
[60.269s][info][gc,stats    ]    Critical: Allocation Stall                              0.000 / 0.000         0.000 / 0.000         0.000 / 0.000         0.000 / 0.000       ms
[60.269s][info][gc,stats    ]    Critical: GC Locker Stall                                   0 / 0                 0 / 0                 0 / 0                 0 / 0           ops/s
[60.269s][info][gc,stats    ]    Critical: GC Locker Stall                               0.000 / 0.000         0.000 / 0.000         0.000 / 0.000         0.000 / 0.000       ms
[60.269s][info][gc,stats    ]    Critical: Relocation Stall                                  0 / 0                 0 / 0                 0 / 0                 0 / 0           ops/s
[60.269s][info][gc,stats    ]    Critical: Relocation Stall                              0.000 / 0.000         0.000 / 0.000         0.000 / 0.000         0.000 / 0.000       ms
[60.269s][info][gc,stats    ]      Memory: Allocation Rate                                 162 / 426             140 / 610             140 / 610             140 / 610         MB/s
[60.269s][info][gc,stats    ]      Memory: Out Of Memory                                     0 / 0                 0 / 0                 0 / 0                 0 / 0           ops/s
[60.269s][info][gc,stats    ]      Memory: Page Cache Flush                                  0 / 0                 0 / 0                 0 / 0                 0 / 0           MB/s
[60.269s][info][gc,stats    ]      Memory: Page Cache Hit L1                                18 / 116              34 / 268              34 / 268              34 / 268         ops/s
[60.269s][info][gc,stats    ]      Memory: Page Cache Hit L2                                 0 / 0                 0 / 0                 0 / 0                 0 / 0           ops/s
[60.269s][info][gc,stats    ]      Memory: Page Cache Hit L3                                65 / 209              24 / 209              24 / 209              24 / 209         ops/s
[60.269s][info][gc,stats    ]      Memory: Page Cache Miss                                   0 / 0                 0 / 1                 0 / 1                 0 / 1           ops/s
[60.269s][info][gc,stats    ]      Memory: Uncommit                                          0 / 0                 0 / 0                 0 / 0                 0 / 0           MB/s
[60.269s][info][gc,stats    ]      Memory: Undo Object Allocation Failed                     0 / 0                 0 / 0                 0 / 0                 0 / 0           ops/s
[60.269s][info][gc,stats    ]      Memory: Undo Object Allocation Succeeded                  0 / 0                 0 / 3                 0 / 3                 0 / 3           ops/s
[60.269s][info][gc,stats    ]      Memory: Undo Page Allocation                              0 / 0                 0 / 1                 0 / 1                 0 / 1           ops/s
[60.269s][info][gc,stats    ]       Phase: Concurrent Mark                             269.421 / 269.421     112.984 / 269.421     112.984 / 269.421     112.984 / 269.421     ms
[60.269s][info][gc,stats    ]       Phase: Concurrent Mark Continue                      0.000 / 0.000         0.000 / 0.000         0.000 / 0.000         0.000 / 0.000       ms
[60.269s][info][gc,stats    ]       Phase: Concurrent Mark Free                          0.002 / 0.002         0.001 / 0.002         0.001 / 0.002         0.001 / 0.002       ms
[60.269s][info][gc,stats    ]       Phase: Concurrent Process Non-Strong References     12.039 / 12.039        8.430 / 12.261        8.430 / 12.261        8.430 / 12.261      ms
[60.269s][info][gc,stats    ]       Phase: Concurrent Relocate                          75.349 / 75.349       30.046 / 75.349       30.046 / 75.349       30.046 / 75.349      ms
[60.269s][info][gc,stats    ]       Phase: Concurrent Reset Relocation Set               0.038 / 0.038         0.028 / 0.053         0.028 / 0.053         0.028 / 0.053       ms
[60.269s][info][gc,stats    ]       Phase: Concurrent Select Relocation Set             11.319 / 11.319        6.156 / 11.319        6.156 / 11.319        6.156 / 11.319      ms
[60.269s][info][gc,stats    ]       Phase: Pause Mark End                                0.020 / 0.020         0.020 / 0.037         0.020 / 0.037         0.020 / 0.037       ms
[60.269s][info][gc,stats    ]       Phase: Pause Mark Start                              0.007 / 0.007         0.008 / 0.011         0.008 / 0.011         0.008 / 0.011       ms
[60.270s][info][gc,stats    ]       Phase: Pause Relocate Start                          0.012 / 0.012         0.014 / 0.020         0.014 / 0.020         0.014 / 0.020       ms
[60.270s][info][gc,stats    ]    Subphase: Concurrent Classes Purge                      0.327 / 0.327         0.256 / 0.351         0.256 / 0.351         0.256 / 0.351       ms
[60.270s][info][gc,stats    ]    Subphase: Concurrent Classes Unlink                    10.331 / 10.331        7.085 / 10.494        7.085 / 10.494        7.085 / 10.494      ms
[60.270s][info][gc,stats    ]    Subphase: Concurrent Mark                             261.681 / 268.470     108.453 / 268.470     108.453 / 268.470     108.453 / 268.470     ms
[60.270s][info][gc,stats    ]    Subphase: Concurrent Mark Try Flush                     0.047 / 0.088         0.060 / 0.115         0.060 / 0.115         0.060 / 0.115       ms
[60.270s][info][gc,stats    ]    Subphase: Concurrent Mark Try Terminate                 4.899 / 14.679        2.266 / 14.679        2.266 / 14.679        2.266 / 14.679      ms
[60.270s][info][gc,stats    ]    Subphase: Concurrent References Enqueue                 0.008 / 0.008         0.006 / 0.008         0.006 / 0.008         0.006 / 0.008       ms
[60.270s][info][gc,stats    ]    Subphase: Concurrent References Process                 0.769 / 0.769         0.369 / 0.769         0.369 / 0.769         0.369 / 0.769       ms
[60.270s][info][gc,stats    ]    Subphase: Concurrent Roots ClassLoaderDataGraph         0.164 / 0.317         0.170 / 0.477         0.170 / 0.477         0.170 / 0.477       ms
[60.270s][info][gc,stats    ]    Subphase: Concurrent Roots CodeCache                    0.000 / 0.000         0.000 / 0.000         0.000 / 0.000         0.000 / 0.000       ms
[60.270s][info][gc,stats    ]    Subphase: Concurrent Roots JavaThreads                  0.630 / 0.795         1.071 / 2.038         1.071 / 2.038         1.071 / 2.038       ms
[60.270s][info][gc,stats    ]    Subphase: Concurrent Roots OopStorageSet                0.022 / 0.025         0.046 / 0.120         0.046 / 0.120         0.046 / 0.120       ms
[60.270s][info][gc,stats    ]    Subphase: Concurrent Weak Roots OopStorageSet           0.377 / 0.383         0.543 / 0.929         0.543 / 0.929         0.543 / 0.929       ms
[60.270s][info][gc,stats    ]    Subphase: Pause Mark Try Complete                       0.000 / 0.000         0.000 / 0.000         0.000 / 0.000         0.000 / 0.000       ms
[60.270s][info][gc,stats    ]      System: Java Threads                                     30 / 30               30 / 36               30 / 36               30 / 36          threads
[60.270s][info][gc,stats    ] =========================================================================================================================================================
[70.278s][info][gc,stats    ] === Garbage Collection Statistics =======================================================================================================================
[70.278s][info][gc,stats    ]                                                              Last 10s              Last 10m              Last 10h                Total
[70.278s][info][gc,stats    ]                                                              Avg / Max             Avg / Max             Avg / Max             Avg / Max
[70.279s][info][gc,stats    ]   Collector: Garbage Collection Cycle                      0.000 / 0.000       158.906 / 369.233     158.906 / 369.233     158.906 / 369.233     ms
[70.279s][info][gc,stats    ]  Contention: Mark Segment Reset Contention                     0 / 0                 0 / 1                 0 / 1                 0 / 1           ops/s
[70.279s][info][gc,stats    ]  Contention: Mark SeqNum Reset Contention                      0 / 0                 0 / 0                 0 / 0                 0 / 0           ops/s
[70.279s][info][gc,stats    ]    Critical: Allocation Stall                                  0 / 0                 0 / 0                 0 / 0                 0 / 0           ops/s
[70.279s][info][gc,stats    ]    Critical: Allocation Stall                              0.000 / 0.000         0.000 / 0.000         0.000 / 0.000         0.000 / 0.000       ms
[70.279s][info][gc,stats    ]    Critical: GC Locker Stall                                   0 / 0                 0 / 0                 0 / 0                 0 / 0           ops/s
[70.279s][info][gc,stats    ]    Critical: GC Locker Stall                               0.000 / 0.000         0.000 / 0.000         0.000 / 0.000         0.000 / 0.000       ms
[70.279s][info][gc,stats    ]    Critical: Relocation Stall                                  0 / 0                 0 / 0                 0 / 0                 0 / 0           ops/s
[70.279s][info][gc,stats    ]    Critical: Relocation Stall                              0.000 / 0.000         0.000 / 0.000         0.000 / 0.000         0.000 / 0.000       ms
[70.279s][info][gc,stats    ]      Memory: Allocation Rate                                  16 / 22              122 / 610             122 / 610             122 / 610         MB/s
[70.279s][info][gc,stats    ]      Memory: Out Of Memory                                     0 / 0                 0 / 0                 0 / 0                 0 / 0           ops/s
[70.279s][info][gc,stats    ]      Memory: Page Cache Flush                                  0 / 0                 0 / 0                 0 / 0                 0 / 0           MB/s
[70.279s][info][gc,stats    ]      Memory: Page Cache Hit L1                                 8 / 11               31 / 268              31 / 268              31 / 268         ops/s
[70.279s][info][gc,stats    ]      Memory: Page Cache Hit L2                                 0 / 0                 0 / 0                 0 / 0                 0 / 0           ops/s
[70.279s][info][gc,stats    ]      Memory: Page Cache Hit L3                                 0 / 0                21 / 209              21 / 209              21 / 209         ops/s
[70.279s][info][gc,stats    ]      Memory: Page Cache Miss                                   0 / 0                 0 / 1                 0 / 1                 0 / 1           ops/s
[70.279s][info][gc,stats    ]      Memory: Uncommit                                          0 / 0                 0 / 0                 0 / 0                 0 / 0           MB/s
[70.279s][info][gc,stats    ]      Memory: Undo Object Allocation Failed                     0 / 0                 0 / 0                 0 / 0                 0 / 0           ops/s
[70.279s][info][gc,stats    ]      Memory: Undo Object Allocation Succeeded                  0 / 0                 0 / 3                 0 / 3                 0 / 3           ops/s
[70.279s][info][gc,stats    ]      Memory: Undo Page Allocation                              0 / 0                 0 / 1                 0 / 1                 0 / 1           ops/s
[70.279s][info][gc,stats    ]       Phase: Concurrent Mark                               0.000 / 0.000       112.984 / 269.421     112.984 / 269.421     112.984 / 269.421     ms
[70.279s][info][gc,stats    ]       Phase: Concurrent Mark Continue                      0.000 / 0.000         0.000 / 0.000         0.000 / 0.000         0.000 / 0.000       ms
[70.279s][info][gc,stats    ]       Phase: Concurrent Mark Free                          0.000 / 0.000         0.001 / 0.002         0.001 / 0.002         0.001 / 0.002       ms
[70.279s][info][gc,stats    ]       Phase: Concurrent Process Non-Strong References      0.000 / 0.000         8.430 / 12.261        8.430 / 12.261        8.430 / 12.261      ms
[70.279s][info][gc,stats    ]       Phase: Concurrent Relocate                           0.000 / 0.000        30.046 / 75.349       30.046 / 75.349       30.046 / 75.349      ms
[70.279s][info][gc,stats    ]       Phase: Concurrent Reset Relocation Set               0.000 / 0.000         0.028 / 0.053         0.028 / 0.053         0.028 / 0.053       ms
[70.279s][info][gc,stats    ]       Phase: Concurrent Select Relocation Set              0.000 / 0.000         6.156 / 11.319        6.156 / 11.319        6.156 / 11.319      ms
[70.279s][info][gc,stats    ]       Phase: Pause Mark End                                0.000 / 0.000         0.020 / 0.037         0.020 / 0.037         0.020 / 0.037       ms
[70.279s][info][gc,stats    ]       Phase: Pause Mark Start                              0.000 / 0.000         0.008 / 0.011         0.008 / 0.011         0.008 / 0.011       ms
[70.279s][info][gc,stats    ]       Phase: Pause Relocate Start                          0.000 / 0.000         0.014 / 0.020         0.014 / 0.020         0.014 / 0.020       ms
[70.279s][info][gc,stats    ]    Subphase: Concurrent Classes Purge                      0.000 / 0.000         0.256 / 0.351         0.256 / 0.351         0.256 / 0.351       ms
[70.279s][info][gc,stats    ]    Subphase: Concurrent Classes Unlink                     0.000 / 0.000         7.085 / 10.494        7.085 / 10.494        7.085 / 10.494      ms
[70.279s][info][gc,stats    ]    Subphase: Concurrent Mark                               0.000 / 0.000       108.453 / 268.470     108.453 / 268.470     108.453 / 268.470     ms
[70.279s][info][gc,stats    ]    Subphase: Concurrent Mark Try Flush                     0.000 / 0.000         0.060 / 0.115         0.060 / 0.115         0.060 / 0.115       ms
[70.279s][info][gc,stats    ]    Subphase: Concurrent Mark Try Terminate                 0.000 / 0.000         2.266 / 14.679        2.266 / 14.679        2.266 / 14.679      ms
[70.279s][info][gc,stats    ]    Subphase: Concurrent References Enqueue                 0.000 / 0.000         0.006 / 0.008         0.006 / 0.008         0.006 / 0.008       ms
[70.279s][info][gc,stats    ]    Subphase: Concurrent References Process                 0.000 / 0.000         0.369 / 0.769         0.369 / 0.769         0.369 / 0.769       ms
[70.279s][info][gc,stats    ]    Subphase: Concurrent Roots ClassLoaderDataGraph         0.000 / 0.000         0.170 / 0.477         0.170 / 0.477         0.170 / 0.477       ms
[70.279s][info][gc,stats    ]    Subphase: Concurrent Roots CodeCache                    0.000 / 0.000         0.000 / 0.000         0.000 / 0.000         0.000 / 0.000       ms
[70.279s][info][gc,stats    ]    Subphase: Concurrent Roots JavaThreads                  0.000 / 0.000         1.071 / 2.038         1.071 / 2.038         1.071 / 2.038       ms
[70.279s][info][gc,stats    ]    Subphase: Concurrent Roots OopStorageSet                0.000 / 0.000         0.046 / 0.120         0.046 / 0.120         0.046 / 0.120       ms
[70.279s][info][gc,stats    ]    Subphase: Concurrent Weak Roots OopStorageSet           0.000 / 0.000         0.543 / 0.929         0.543 / 0.929         0.543 / 0.929       ms
[70.279s][info][gc,stats    ]    Subphase: Pause Mark Try Complete                       0.000 / 0.000         0.000 / 0.000         0.000 / 0.000         0.000 / 0.000       ms
[70.279s][info][gc,stats    ]      System: Java Threads                                      0 / 0                30 / 36               30 / 36               30 / 36          threads
[70.279s][info][gc,stats    ] =========================================================================================================================================================
[80.278s][info][gc,stats    ] === Garbage Collection Statistics =======================================================================================================================
[80.279s][info][gc,stats    ]                                                              Last 10s              Last 10m              Last 10h                Total
[80.279s][info][gc,stats    ]                                                              Avg / Max             Avg / Max             Avg / Max             Avg / Max
[80.279s][info][gc,stats    ]   Collector: Garbage Collection Cycle                      0.000 / 0.000       158.906 / 369.233     158.906 / 369.233     158.906 / 369.233     ms
[80.279s][info][gc,stats    ]  Contention: Mark Segment Reset Contention                     0 / 0                 0 / 1                 0 / 1                 0 / 1           ops/s
[80.279s][info][gc,stats    ]  Contention: Mark SeqNum Reset Contention                      0 / 0                 0 / 0                 0 / 0                 0 / 0           ops/s
[80.279s][info][gc,stats    ]    Critical: Allocation Stall                                  0 / 0                 0 / 0                 0 / 0                 0 / 0           ops/s
[80.279s][info][gc,stats    ]    Critical: Allocation Stall                              0.000 / 0.000         0.000 / 0.000         0.000 / 0.000         0.000 / 0.000       ms
[80.279s][info][gc,stats    ]    Critical: GC Locker Stall                                   0 / 0                 0 / 0                 0 / 0                 0 / 0           ops/s
[80.279s][info][gc,stats    ]    Critical: GC Locker Stall                               0.000 / 0.000         0.000 / 0.000         0.000 / 0.000         0.000 / 0.000       ms
[80.279s][info][gc,stats    ]    Critical: Relocation Stall                                  0 / 0                 0 / 0                 0 / 0                 0 / 0           ops/s
[80.279s][info][gc,stats    ]    Critical: Relocation Stall                              0.000 / 0.000         0.000 / 0.000         0.000 / 0.000         0.000 / 0.000       ms
[80.279s][info][gc,stats    ]      Memory: Allocation Rate                                  57 / 166             114 / 610             114 / 610             114 / 610         MB/s
[80.279s][info][gc,stats    ]      Memory: Out Of Memory                                     0 / 0                 0 / 0                 0 / 0                 0 / 0           ops/s
[80.279s][info][gc,stats    ]      Memory: Page Cache Flush                                  0 / 0                 0 / 0                 0 / 0                 0 / 0           MB/s
[80.279s][info][gc,stats    ]      Memory: Page Cache Hit L1                                28 / 83               30 / 268              30 / 268              30 / 268         ops/s
[80.279s][info][gc,stats    ]      Memory: Page Cache Hit L2                                 0 / 0                 0 / 0                 0 / 0                 0 / 0           ops/s
[80.279s][info][gc,stats    ]      Memory: Page Cache Hit L3                                 0 / 0                18 / 209              18 / 209              18 / 209         ops/s
[80.279s][info][gc,stats    ]      Memory: Page Cache Miss                                   0 / 0                 0 / 1                 0 / 1                 0 / 1           ops/s
[80.279s][info][gc,stats    ]      Memory: Uncommit                                          0 / 0                 0 / 0                 0 / 0                 0 / 0           MB/s
[80.279s][info][gc,stats    ]      Memory: Undo Object Allocation Failed                     0 / 0                 0 / 0                 0 / 0                 0 / 0           ops/s
[80.279s][info][gc,stats    ]      Memory: Undo Object Allocation Succeeded                  0 / 0                 0 / 3                 0 / 3                 0 / 3           ops/s
[80.279s][info][gc,stats    ]      Memory: Undo Page Allocation                              0 / 0                 0 / 1                 0 / 1                 0 / 1           ops/s
[80.279s][info][gc,stats    ]       Phase: Concurrent Mark                               0.000 / 0.000       112.984 / 269.421     112.984 / 269.421     112.984 / 269.421     ms
[80.279s][info][gc,stats    ]       Phase: Concurrent Mark Continue                      0.000 / 0.000         0.000 / 0.000         0.000 / 0.000         0.000 / 0.000       ms
[80.279s][info][gc,stats    ]       Phase: Concurrent Mark Free                          0.000 / 0.000         0.001 / 0.002         0.001 / 0.002         0.001 / 0.002       ms
[80.279s][info][gc,stats    ]       Phase: Concurrent Process Non-Strong References      0.000 / 0.000         8.430 / 12.261        8.430 / 12.261        8.430 / 12.261      ms
[80.279s][info][gc,stats    ]       Phase: Concurrent Relocate                           0.000 / 0.000        30.046 / 75.349       30.046 / 75.349       30.046 / 75.349      ms
[80.279s][info][gc,stats    ]       Phase: Concurrent Reset Relocation Set               0.000 / 0.000         0.028 / 0.053         0.028 / 0.053         0.028 / 0.053       ms
[80.279s][info][gc,stats    ]       Phase: Concurrent Select Relocation Set              0.000 / 0.000         6.156 / 11.319        6.156 / 11.319        6.156 / 11.319      ms
[80.279s][info][gc,stats    ]       Phase: Pause Mark End                                0.000 / 0.000         0.020 / 0.037         0.020 / 0.037         0.020 / 0.037       ms
[80.279s][info][gc,stats    ]       Phase: Pause Mark Start                              0.000 / 0.000         0.008 / 0.011         0.008 / 0.011         0.008 / 0.011       ms
[80.279s][info][gc,stats    ]       Phase: Pause Relocate Start                          0.000 / 0.000         0.014 / 0.020         0.014 / 0.020         0.014 / 0.020       ms
[80.279s][info][gc,stats    ]    Subphase: Concurrent Classes Purge                      0.000 / 0.000         0.256 / 0.351         0.256 / 0.351         0.256 / 0.351       ms
[80.279s][info][gc,stats    ]    Subphase: Concurrent Classes Unlink                     0.000 / 0.000         7.085 / 10.494        7.085 / 10.494        7.085 / 10.494      ms
[80.279s][info][gc,stats    ]    Subphase: Concurrent Mark                               0.000 / 0.000       108.453 / 268.470     108.453 / 268.470     108.453 / 268.470     ms
[80.279s][info][gc,stats    ]    Subphase: Concurrent Mark Try Flush                     0.000 / 0.000         0.060 / 0.115         0.060 / 0.115         0.060 / 0.115       ms
[80.279s][info][gc,stats    ]    Subphase: Concurrent Mark Try Terminate                 0.000 / 0.000         2.266 / 14.679        2.266 / 14.679        2.266 / 14.679      ms
[80.279s][info][gc,stats    ]    Subphase: Concurrent References Enqueue                 0.000 / 0.000         0.006 / 0.008         0.006 / 0.008         0.006 / 0.008       ms
[80.279s][info][gc,stats    ]    Subphase: Concurrent References Process                 0.000 / 0.000         0.369 / 0.769         0.369 / 0.769         0.369 / 0.769       ms
[80.279s][info][gc,stats    ]    Subphase: Concurrent Roots ClassLoaderDataGraph         0.000 / 0.000         0.170 / 0.477         0.170 / 0.477         0.170 / 0.477       ms
[80.279s][info][gc,stats    ]    Subphase: Concurrent Roots CodeCache                    0.000 / 0.000         0.000 / 0.000         0.000 / 0.000         0.000 / 0.000       ms
[80.279s][info][gc,stats    ]    Subphase: Concurrent Roots JavaThreads                  0.000 / 0.000         1.071 / 2.038         1.071 / 2.038         1.071 / 2.038       ms
[80.279s][info][gc,stats    ]    Subphase: Concurrent Roots OopStorageSet                0.000 / 0.000         0.046 / 0.120         0.046 / 0.120         0.046 / 0.120       ms
[80.279s][info][gc,stats    ]    Subphase: Concurrent Weak Roots OopStorageSet           0.000 / 0.000         0.543 / 0.929         0.543 / 0.929         0.543 / 0.929       ms
[80.279s][info][gc,stats    ]    Subphase: Pause Mark Try Complete                       0.000 / 0.000         0.000 / 0.000         0.000 / 0.000         0.000 / 0.000       ms
[80.279s][info][gc,stats    ]      System: Java Threads                                      0 / 0                30 / 36               30 / 36               30 / 36          threads
[80.279s][info][gc,stats    ] =========================================================================================================================================================
[89.066s][info][gc,start    ] GC(5) Garbage Collection (Proactive)
[89.066s][info][gc,task     ] GC(5) Using 2 workers
[89.066s][info][gc,phases   ] GC(5) Pause Mark Start 0.010ms
[89.130s][info][gc,phases   ] GC(5) Concurrent Mark 63.310ms
[89.130s][info][gc,phases   ] GC(5) Pause Mark End 0.017ms
[89.130s][info][gc,phases   ] GC(5) Concurrent Mark Free 0.001ms
[89.144s][info][gc,phases   ] GC(5) Concurrent Process Non-Strong References 13.934ms
[89.144s][info][gc,phases   ] GC(5) Concurrent Reset Relocation Set 0.046ms
[89.149s][info][gc,phases   ] GC(5) Concurrent Select Relocation Set 4.315ms
[89.149s][info][gc,phases   ] GC(5) Pause Relocate Start 0.011ms
[89.165s][info][gc,phases   ] GC(5) Concurrent Relocate 15.755ms
[89.165s][info][gc,load     ] GC(5) Load: 0.00/0.00/0.00
[89.165s][info][gc,mmu      ] GC(5) MMU: 2ms/98.1%, 5ms/99.3%, 10ms/99.4%, 20ms/99.7%, 50ms/99.9%, 100ms/99.9%
[89.165s][info][gc,marking  ] GC(5) Mark: 2 stripe(s), 2 proactive flush(es), 1 terminate flush(es), 0 completion(s), 0 continuation(s) 
[89.165s][info][gc,marking  ] GC(5) Mark Stack Usage: 32M
[89.165s][info][gc,nmethod  ] GC(5) NMethods: 11382 registered, 1189 unregistered
[89.165s][info][gc,metaspace] GC(5) Metaspace: 39M used, 40M committed, 1088M reserved
[89.165s][info][gc,ref      ] GC(5) Soft: 3854 encountered, 0 discovered, 0 enqueued
[89.165s][info][gc,ref      ] GC(5) Weak: 5368 encountered, 327 discovered, 166 enqueued
[89.165s][info][gc,ref      ] GC(5) Final: 3 encountered, 1 discovered, 0 enqueued
[89.165s][info][gc,ref      ] GC(5) Phantom: 172 encountered, 113 discovered, 0 enqueued
[89.165s][info][gc,reloc    ] GC(5) Small Pages: 1308 / 2616M, Empty: 1152M, Relocated: 24M, In-Place: 0
[89.165s][info][gc,reloc    ] GC(5) Medium Pages: 4 / 128M, Empty: 0M, Relocated: 4M, In-Place: 0
[89.165s][info][gc,reloc    ] GC(5) Large Pages: 2 / 18M, Empty: 8M, Relocated: 0M, In-Place: 0
[89.165s][info][gc,reloc    ] GC(5) Forwarding Usage: 8M
[89.165s][info][gc,heap     ] GC(5) Min Capacity: 8192M(100%)
[89.165s][info][gc,heap     ] GC(5) Max Capacity: 8192M(100%)
[89.165s][info][gc,heap     ] GC(5) Soft Max Capacity: 8192M(100%)
[89.165s][info][gc,heap     ] GC(5)                Mark Start          Mark End        Relocate Start      Relocate End           High               Low         
[89.165s][info][gc,heap     ] GC(5)  Capacity:     8192M (100%)       8192M (100%)       8192M (100%)       8192M (100%)       8192M (100%)       8192M (100%)   
[89.165s][info][gc,heap     ] GC(5)      Free:     5430M (66%)        5358M (65%)        6516M (80%)        8034M (98%)        8034M (98%)        5356M (65%)    
[89.165s][info][gc,heap     ] GC(5)      Used:     2762M (34%)        2834M (35%)        1676M (20%)         158M (2%)         2836M (35%)         158M (2%)     
[89.165s][info][gc,heap     ] GC(5)      Live:         -                50M (1%)           50M (1%)           50M (1%)             -                  -          
[89.165s][info][gc,heap     ] GC(5) Allocated:         -                72M (1%)           74M (1%)           75M (1%)             -                  -          
[89.165s][info][gc,heap     ] GC(5)   Garbage:         -              2711M (33%)        1551M (19%)          32M (0%)             -                  -          
[89.165s][info][gc,heap     ] GC(5) Reclaimed:         -                  -              1160M (14%)        2679M (33%)            -                  -          
[89.165s][info][gc          ] GC(5) Garbage Collection (Proactive) 2762M(34%)->158M(2%)
[90.274s][info][gc,stats    ] === Garbage Collection Statistics =======================================================================================================================
[90.274s][info][gc,stats    ]                                                              Last 10s              Last 10m              Last 10h                Total
[90.274s][info][gc,stats    ]                                                              Avg / Max             Avg / Max             Avg / Max             Avg / Max
[90.274s][info][gc,stats    ]   Collector: Garbage Collection Cycle                     98.787 / 98.787      148.886 / 369.233     148.886 / 369.233     148.886 / 369.233     ms
[90.274s][info][gc,stats    ]  Contention: Mark Segment Reset Contention                     0 / 0                 0 / 1                 0 / 1                 0 / 1           ops/s
[90.274s][info][gc,stats    ]  Contention: Mark SeqNum Reset Contention                      0 / 0                 0 / 0                 0 / 0                 0 / 0           ops/s
[90.274s][info][gc,stats    ]    Critical: Allocation Stall                                  0 / 0                 0 / 0                 0 / 0                 0 / 0           ops/s
[90.274s][info][gc,stats    ]    Critical: Allocation Stall                              0.000 / 0.000         0.000 / 0.000         0.000 / 0.000         0.000 / 0.000       ms
[90.274s][info][gc,stats    ]    Critical: GC Locker Stall                                   0 / 0                 0 / 0                 0 / 0                 0 / 0           ops/s
[90.274s][info][gc,stats    ]    Critical: GC Locker Stall                               0.000 / 0.000         0.000 / 0.000         0.000 / 0.000         0.000 / 0.000       ms
[90.274s][info][gc,stats    ]    Critical: Relocation Stall                                  0 / 0                 0 / 0                 0 / 0                 0 / 0           ops/s
[90.274s][info][gc,stats    ]    Critical: Relocation Stall                              0.000 / 0.000         0.000 / 0.000         0.000 / 0.000         0.000 / 0.000       ms
[90.274s][info][gc,stats    ]      Memory: Allocation Rate                                 257 / 842             130 / 842             130 / 842             130 / 842         MB/s
[90.274s][info][gc,stats    ]      Memory: Out Of Memory                                     0 / 0                 0 / 0                 0 / 0                 0 / 0           ops/s
[90.274s][info][gc,stats    ]      Memory: Page Cache Flush                                  0 / 0                 0 / 0                 0 / 0                 0 / 0           MB/s
[90.274s][info][gc,stats    ]      Memory: Page Cache Hit L1                                86 / 133              37 / 268              37 / 268              37 / 268         ops/s
[90.274s][info][gc,stats    ]      Memory: Page Cache Hit L2                                 0 / 0                 0 / 0                 0 / 0                 0 / 0           ops/s
[90.274s][info][gc,stats    ]      Memory: Page Cache Hit L3                                 0 / 0                16 / 209              16 / 209              16 / 209         ops/s
[90.274s][info][gc,stats    ]      Memory: Page Cache Miss                                   0 / 0                 0 / 1                 0 / 1                 0 / 1           ops/s
[90.274s][info][gc,stats    ]      Memory: Uncommit                                          0 / 0                 0 / 0                 0 / 0                 0 / 0           MB/s
[90.274s][info][gc,stats    ]      Memory: Undo Object Allocation Failed                     0 / 0                 0 / 0                 0 / 0                 0 / 0           ops/s
[90.274s][info][gc,stats    ]      Memory: Undo Object Allocation Succeeded                  0 / 0                 0 / 3                 0 / 3                 0 / 3           ops/s
[90.274s][info][gc,stats    ]      Memory: Undo Page Allocation                              0 / 0                 0 / 1                 0 / 1                 0 / 1           ops/s
[90.274s][info][gc,stats    ]       Phase: Concurrent Mark                              63.310 / 63.310      104.705 / 269.421     104.705 / 269.421     104.705 / 269.421     ms
[90.274s][info][gc,stats    ]       Phase: Concurrent Mark Continue                      0.000 / 0.000         0.000 / 0.000         0.000 / 0.000         0.000 / 0.000       ms
[90.274s][info][gc,stats    ]       Phase: Concurrent Mark Free                          0.001 / 0.001         0.001 / 0.002         0.001 / 0.002         0.001 / 0.002       ms
[90.274s][info][gc,stats    ]       Phase: Concurrent Process Non-Strong References     13.934 / 13.934        9.347 / 13.934        9.347 / 13.934        9.347 / 13.934      ms
[90.274s][info][gc,stats    ]       Phase: Concurrent Relocate                          15.755 / 15.755       27.664 / 75.349       27.664 / 75.349       27.664 / 75.349      ms
[90.274s][info][gc,stats    ]       Phase: Concurrent Reset Relocation Set               0.046 / 0.046         0.031 / 0.053         0.031 / 0.053         0.031 / 0.053       ms
[90.274s][info][gc,stats    ]       Phase: Concurrent Select Relocation Set              4.315 / 4.315         5.849 / 11.319        5.849 / 11.319        5.849 / 11.319      ms
[90.274s][info][gc,stats    ]       Phase: Pause Mark End                                0.017 / 0.017         0.020 / 0.037         0.020 / 0.037         0.020 / 0.037       ms
[90.274s][info][gc,stats    ]       Phase: Pause Mark Start                              0.010 / 0.010         0.008 / 0.011         0.008 / 0.011         0.008 / 0.011       ms
[90.274s][info][gc,stats    ]       Phase: Pause Relocate Start                          0.011 / 0.011         0.014 / 0.020         0.014 / 0.020         0.014 / 0.020       ms
[90.274s][info][gc,stats    ]    Subphase: Concurrent Classes Purge                      0.467 / 0.467         0.291 / 0.467         0.291 / 0.467         0.291 / 0.467       ms
[90.274s][info][gc,stats    ]    Subphase: Concurrent Classes Unlink                    12.113 / 12.113        7.923 / 12.113        7.923 / 12.113        7.923 / 12.113      ms
[90.274s][info][gc,stats    ]    Subphase: Concurrent Mark                              57.438 / 61.716       99.950 / 268.470      99.950 / 268.470      99.950 / 268.470     ms
[90.274s][info][gc,stats    ]    Subphase: Concurrent Mark Try Flush                     0.116 / 0.173         0.070 / 0.173         0.070 / 0.173         0.070 / 0.173       ms
[90.274s][info][gc,stats    ]    Subphase: Concurrent Mark Try Terminate                 4.961 / 14.709        2.715 / 14.709        2.715 / 14.709        2.715 / 14.709      ms
[90.274s][info][gc,stats    ]    Subphase: Concurrent References Enqueue                 0.008 / 0.008         0.006 / 0.008         0.006 / 0.008         0.006 / 0.008       ms
[90.274s][info][gc,stats    ]    Subphase: Concurrent References Process                 0.138 / 0.138         0.330 / 0.769         0.330 / 0.769         0.330 / 0.769       ms
[90.274s][info][gc,stats    ]    Subphase: Concurrent Roots ClassLoaderDataGraph         0.183 / 0.354         0.172 / 0.477         0.172 / 0.477         0.172 / 0.477       ms
[90.274s][info][gc,stats    ]    Subphase: Concurrent Roots CodeCache                    0.000 / 0.000         0.000 / 0.000         0.000 / 0.000         0.000 / 0.000       ms
[90.274s][info][gc,stats    ]    Subphase: Concurrent Roots JavaThreads                  1.155 / 1.317         1.085 / 2.038         1.085 / 2.038         1.085 / 2.038       ms
[90.274s][info][gc,stats    ]    Subphase: Concurrent Roots OopStorageSet                0.026 / 0.037         0.042 / 0.120         0.042 / 0.120         0.042 / 0.120       ms
[90.274s][info][gc,stats    ]    Subphase: Concurrent Weak Roots OopStorageSet           1.011 / 1.012         0.621 / 1.012         0.621 / 1.012         0.621 / 1.012       ms
[90.274s][info][gc,stats    ]    Subphase: Pause Mark Try Complete                       0.000 / 0.000         0.000 / 0.000         0.000 / 0.000         0.000 / 0.000       ms
[90.274s][info][gc,stats    ]      System: Java Threads                                     31 / 31               30 / 36               30 / 36               30 / 36          threads
[90.274s][info][gc,stats    ] =========================================================================================================================================================
[97.677s][info][gc,start    ] GC(6) Garbage Collection (System.gc())
[97.677s][info][gc,task     ] GC(6) Using 2 workers
[97.677s][info][gc,phases   ] GC(6) Pause Mark Start 0.007ms
[97.918s][info][gc,phases   ] GC(6) Concurrent Mark 240.301ms
[97.918s][info][gc,phases   ] GC(6) Pause Mark End 0.025ms
[97.918s][info][gc,phases   ] GC(6) Concurrent Mark Free 0.002ms
[97.934s][info][gc,phases   ] GC(6) Concurrent Process Non-Strong References 15.493ms
[97.934s][info][gc,phases   ] GC(6) Concurrent Reset Relocation Set 0.050ms
[97.942s][info][gc,phases   ] GC(6) Concurrent Select Relocation Set 8.705ms
[97.943s][info][gc,phases   ] GC(6) Pause Relocate Start 0.014ms
[98.002s][info][gc,phases   ] GC(6) Concurrent Relocate 59.350ms
[98.002s][info][gc,load     ] GC(6) Load: 0.00/0.00/0.00
[98.002s][info][gc,mmu      ] GC(6) MMU: 2ms/98.1%, 5ms/99.3%, 10ms/99.4%, 20ms/99.7%, 50ms/99.9%, 100ms/99.9%
[98.002s][info][gc,marking  ] GC(6) Mark: 2 stripe(s), 2 proactive flush(es), 1 terminate flush(es), 0 completion(s), 0 continuation(s) 
[98.002s][info][gc,marking  ] GC(6) Mark Stack Usage: 32M
[98.002s][info][gc,nmethod  ] GC(6) NMethods: 11956 registered, 1560 unregistered
[98.002s][info][gc,metaspace] GC(6) Metaspace: 40M used, 40M committed, 1088M reserved
[98.002s][info][gc,ref      ] GC(6) Soft: 3856 encountered, 0 discovered, 0 enqueued
[98.002s][info][gc,ref      ] GC(6) Weak: 8839 encountered, 8231 discovered, 7394 enqueued
[98.002s][info][gc,ref      ] GC(6) Final: 3 encountered, 0 discovered, 0 enqueued
[98.002s][info][gc,ref      ] GC(6) Phantom: 173 encountered, 119 discovered, 0 enqueued
[98.002s][info][gc,reloc    ] GC(6) Small Pages: 1521 / 3042M, Empty: 1672M, Relocated: 111M, In-Place: 0
[98.002s][info][gc,reloc    ] GC(6) Medium Pages: 44 / 1408M, Empty: 1312M, Relocated: 10M, In-Place: 0
[98.002s][info][gc,reloc    ] GC(6) Large Pages: 2 / 18M, Empty: 0M, Relocated: 0M, In-Place: 0
[98.002s][info][gc,reloc    ] GC(6) Forwarding Usage: 29M
[98.002s][info][gc,heap     ] GC(6) Min Capacity: 8192M(100%)
[98.002s][info][gc,heap     ] GC(6) Max Capacity: 8192M(100%)
[98.002s][info][gc,heap     ] GC(6) Soft Max Capacity: 8192M(100%)
[98.002s][info][gc,heap     ] GC(6)                Mark Start          Mark End        Relocate Start      Relocate End           High               Low         
[98.002s][info][gc,heap     ] GC(6)  Capacity:     8192M (100%)       8192M (100%)       8192M (100%)       8192M (100%)       8192M (100%)       8192M (100%)   
[98.002s][info][gc,heap     ] GC(6)      Free:     3724M (45%)        3720M (45%)        6704M (82%)        8012M (98%)        8012M (98%)        3720M (45%)    
[98.002s][info][gc,heap     ] GC(6)      Used:     4468M (55%)        4472M (55%)        1488M (18%)         180M (2%)         4472M (55%)         180M (2%)     
[98.002s][info][gc,heap     ] GC(6)      Live:         -               151M (2%)          151M (2%)          151M (2%)             -                  -          
[98.002s][info][gc,heap     ] GC(6) Allocated:         -                 4M (0%)            4M (0%)            4M (0%)             -                  -          
[98.002s][info][gc,heap     ] GC(6)   Garbage:         -              4316M (53%)        1332M (16%)          24M (0%)             -                  -          
[98.002s][info][gc,heap     ] GC(6) Reclaimed:         -                  -              2984M (36%)        4292M (52%)            -                  -          
[98.002s][info][gc          ] GC(6) Garbage Collection (System.gc()) 4468M(55%)->180M(2%)
[100.276s][info][gc,stats    ] === Garbage Collection Statistics =======================================================================================================================
[100.276s][info][gc,stats    ]                                                              Last 10s              Last 10m              Last 10h                Total
[100.276s][info][gc,stats    ]                                                              Avg / Max             Avg / Max             Avg / Max             Avg / Max
[100.276s][info][gc,stats    ]   Collector: Garbage Collection Cycle                    325.066 / 325.066     174.054 / 369.233     174.054 / 369.233     174.054 / 369.233     ms
[100.276s][info][gc,stats    ]  Contention: Mark Segment Reset Contention                     0 / 0                 0 / 1                 0 / 1                 0 / 1           ops/s
[100.276s][info][gc,stats    ]  Contention: Mark SeqNum Reset Contention                      0 / 0                 0 / 0                 0 / 0                 0 / 0           ops/s
[100.276s][info][gc,stats    ]    Critical: Allocation Stall                                  0 / 0                 0 / 0                 0 / 0                 0 / 0           ops/s
[100.276s][info][gc,stats    ]    Critical: Allocation Stall                              0.000 / 0.000         0.000 / 0.000         0.000 / 0.000         0.000 / 0.000       ms
[100.276s][info][gc,stats    ]    Critical: GC Locker Stall                                   0 / 0                 0 / 0                 0 / 0                 0 / 0           ops/s
[100.276s][info][gc,stats    ]    Critical: GC Locker Stall                               0.000 / 0.000         0.000 / 0.000         0.000 / 0.000         0.000 / 0.000       ms
[100.276s][info][gc,stats    ]    Critical: Relocation Stall                                  0 / 0                 0 / 0                 0 / 0                 0 / 0           ops/s
[100.276s][info][gc,stats    ]    Critical: Relocation Stall                              0.000 / 0.000         0.000 / 0.000         0.000 / 0.000         0.000 / 0.000       ms
[100.276s][info][gc,stats    ]      Memory: Allocation Rate                                 355 / 658             152 / 842             152 / 842             152 / 842         MB/s
[100.276s][info][gc,stats    ]      Memory: Out Of Memory                                     0 / 0                 0 / 0                 0 / 0                 0 / 0           ops/s
[100.276s][info][gc,stats    ]      Memory: Page Cache Flush                                  0 / 0                 0 / 0                 0 / 0                 0 / 0           MB/s
[100.276s][info][gc,stats    ]      Memory: Page Cache Hit L1                               150 / 329              48 / 329              48 / 329              48 / 329         ops/s
[100.276s][info][gc,stats    ]      Memory: Page Cache Hit L2                                 0 / 0                 0 / 0                 0 / 0                 0 / 0           ops/s
[100.276s][info][gc,stats    ]      Memory: Page Cache Hit L3                                 7 / 57               15 / 209              15 / 209              15 / 209         ops/s
[100.276s][info][gc,stats    ]      Memory: Page Cache Miss                                   0 / 0                 0 / 1                 0 / 1                 0 / 1           ops/s
[100.276s][info][gc,stats    ]      Memory: Uncommit                                          0 / 0                 0 / 0                 0 / 0                 0 / 0           MB/s
[100.276s][info][gc,stats    ]      Memory: Undo Object Allocation Failed                     0 / 0                 0 / 0                 0 / 0                 0 / 0           ops/s
[100.276s][info][gc,stats    ]      Memory: Undo Object Allocation Succeeded                  0 / 0                 0 / 3                 0 / 3                 0 / 3           ops/s
[100.276s][info][gc,stats    ]      Memory: Undo Page Allocation                              0 / 0                 0 / 1                 0 / 1                 0 / 1           ops/s
[100.276s][info][gc,stats    ]       Phase: Concurrent Mark                             240.301 / 240.301     124.076 / 269.421     124.076 / 269.421     124.076 / 269.421     ms
[100.276s][info][gc,stats    ]       Phase: Concurrent Mark Continue                      0.000 / 0.000         0.000 / 0.000         0.000 / 0.000         0.000 / 0.000       ms
[100.276s][info][gc,stats    ]       Phase: Concurrent Mark Free                          0.002 / 0.002         0.001 / 0.002         0.001 / 0.002         0.001 / 0.002       ms
[100.276s][info][gc,stats    ]       Phase: Concurrent Process Non-Strong References     15.493 / 15.493       10.225 / 15.493       10.225 / 15.493       10.225 / 15.493      ms
[100.276s][info][gc,stats    ]       Phase: Concurrent Relocate                          59.350 / 59.350       32.191 / 75.349       32.191 / 75.349       32.191 / 75.349      ms
[100.276s][info][gc,stats    ]       Phase: Concurrent Reset Relocation Set               0.050 / 0.050         0.033 / 0.053         0.033 / 0.053         0.033 / 0.053       ms
[100.276s][info][gc,stats    ]       Phase: Concurrent Select Relocation Set              8.705 / 8.705         6.258 / 11.319        6.258 / 11.319        6.258 / 11.319      ms
[100.276s][info][gc,stats    ]       Phase: Pause Mark End                                0.025 / 0.025         0.021 / 0.037         0.021 / 0.037         0.021 / 0.037       ms
[100.276s][info][gc,stats    ]       Phase: Pause Mark Start                              0.007 / 0.007         0.008 / 0.011         0.008 / 0.011         0.008 / 0.011       ms
[100.276s][info][gc,stats    ]       Phase: Pause Relocate Start                          0.014 / 0.014         0.014 / 0.020         0.014 / 0.020         0.014 / 0.020       ms
[100.276s][info][gc,stats    ]    Subphase: Concurrent Classes Purge                      0.448 / 0.448         0.314 / 0.467         0.314 / 0.467         0.314 / 0.467       ms
[100.276s][info][gc,stats    ]    Subphase: Concurrent Classes Unlink                    13.066 / 13.066        8.658 / 13.066        8.658 / 13.066        8.658 / 13.066      ms
[100.276s][info][gc,stats    ]    Subphase: Concurrent Mark                             231.312 / 239.364     118.716 / 268.470     118.716 / 268.470     118.716 / 268.470     ms
[100.276s][info][gc,stats    ]    Subphase: Concurrent Mark Try Flush                     0.206 / 0.347         0.090 / 0.347         0.090 / 0.347         0.090 / 0.347       ms
[100.276s][info][gc,stats    ]    Subphase: Concurrent Mark Try Terminate                 6.673 / 16.223        3.434 / 16.223        3.434 / 16.223        3.434 / 16.223      ms
[100.276s][info][gc,stats    ]    Subphase: Concurrent References Enqueue                 0.007 / 0.007         0.007 / 0.008         0.007 / 0.008         0.007 / 0.008       ms
[100.276s][info][gc,stats    ]    Subphase: Concurrent References Process                 0.881 / 0.881         0.409 / 0.881         0.409 / 0.881         0.409 / 0.881       ms
[100.276s][info][gc,stats    ]    Subphase: Concurrent Roots ClassLoaderDataGraph         0.134 / 0.258         0.167 / 0.477         0.167 / 0.477         0.167 / 0.477       ms
[100.276s][info][gc,stats    ]    Subphase: Concurrent Roots CodeCache                    0.000 / 0.000         0.000 / 0.000         0.000 / 0.000         0.000 / 0.000       ms
[100.276s][info][gc,stats    ]    Subphase: Concurrent Roots JavaThreads                  0.627 / 0.769         1.020 / 2.038         1.020 / 2.038         1.020 / 2.038       ms
[100.276s][info][gc,stats    ]    Subphase: Concurrent Roots OopStorageSet                0.021 / 0.028         0.039 / 0.120         0.039 / 0.120         0.039 / 0.120       ms
[100.276s][info][gc,stats    ]    Subphase: Concurrent Weak Roots OopStorageSet           0.875 / 0.878         0.657 / 1.012         0.657 / 1.012         0.657 / 1.012       ms
[100.276s][info][gc,stats    ]    Subphase: Pause Mark Try Complete                       0.000 / 0.000         0.000 / 0.000         0.000 / 0.000         0.000 / 0.000       ms
[100.276s][info][gc,stats    ]      System: Java Threads                                     30 / 30               30 / 36               30 / 36               30 / 36          threads
[100.276s][info][gc,stats    ] =========================================================================================================================================================
[110.267s][info][gc,stats    ] === Garbage Collection Statistics =======================================================================================================================
[110.267s][info][gc,stats    ]                                                              Last 10s              Last 10m              Last 10h                Total
[110.267s][info][gc,stats    ]                                                              Avg / Max             Avg / Max             Avg / Max             Avg / Max
[110.267s][info][gc,stats    ]   Collector: Garbage Collection Cycle                      0.000 / 0.000       174.054 / 369.233     174.054 / 369.233     174.054 / 369.233     ms
[110.267s][info][gc,stats    ]  Contention: Mark Segment Reset Contention                     0 / 0                 0 / 1                 0 / 1                 0 / 1           ops/s
[110.267s][info][gc,stats    ]  Contention: Mark SeqNum Reset Contention                      0 / 0                 0 / 0                 0 / 0                 0 / 0           ops/s
[110.267s][info][gc,stats    ]    Critical: Allocation Stall                                  0 / 0                 0 / 0                 0 / 0                 0 / 0           ops/s
[110.267s][info][gc,stats    ]    Critical: Allocation Stall                              0.000 / 0.000         0.000 / 0.000         0.000 / 0.000         0.000 / 0.000       ms
[110.267s][info][gc,stats    ]    Critical: GC Locker Stall                                   0 / 0                 0 / 0                 0 / 0                 0 / 0           ops/s
[110.267s][info][gc,stats    ]    Critical: GC Locker Stall                               0.000 / 0.000         0.000 / 0.000         0.000 / 0.000         0.000 / 0.000       ms
[110.267s][info][gc,stats    ]    Critical: Relocation Stall                                  0 / 0                 0 / 0                 0 / 0                 0 / 0           ops/s
[110.267s][info][gc,stats    ]    Critical: Relocation Stall                              0.000 / 0.000         0.000 / 0.000         0.000 / 0.000         0.000 / 0.000       ms
[110.267s][info][gc,stats    ]      Memory: Allocation Rate                                  17 / 36              140 / 842             140 / 842             140 / 842         MB/s
[110.267s][info][gc,stats    ]      Memory: Out Of Memory                                     0 / 0                 0 / 0                 0 / 0                 0 / 0           ops/s
[110.267s][info][gc,stats    ]      Memory: Page Cache Flush                                  0 / 0                 0 / 0                 0 / 0                 0 / 0           MB/s
[110.267s][info][gc,stats    ]      Memory: Page Cache Hit L1                                 8 / 18               44 / 329              44 / 329              44 / 329         ops/s
[110.267s][info][gc,stats    ]      Memory: Page Cache Hit L2                                 0 / 0                 0 / 0                 0 / 0                 0 / 0           ops/s
[110.268s][info][gc,stats    ]      Memory: Page Cache Hit L3                                 0 / 0                14 / 209              14 / 209              14 / 209         ops/s
[110.268s][info][gc,stats    ]      Memory: Page Cache Miss                                   0 / 0                 0 / 1                 0 / 1                 0 / 1           ops/s
[110.268s][info][gc,stats    ]      Memory: Uncommit                                          0 / 0                 0 / 0                 0 / 0                 0 / 0           MB/s
[110.268s][info][gc,stats    ]      Memory: Undo Object Allocation Failed                     0 / 0                 0 / 0                 0 / 0                 0 / 0           ops/s
[110.268s][info][gc,stats    ]      Memory: Undo Object Allocation Succeeded                  0 / 0                 0 / 3                 0 / 3                 0 / 3           ops/s
[110.268s][info][gc,stats    ]      Memory: Undo Page Allocation                              0 / 0                 0 / 1                 0 / 1                 0 / 1           ops/s
[110.268s][info][gc,stats    ]       Phase: Concurrent Mark                               0.000 / 0.000       124.076 / 269.421     124.076 / 269.421     124.076 / 269.421     ms
[110.268s][info][gc,stats    ]       Phase: Concurrent Mark Continue                      0.000 / 0.000         0.000 / 0.000         0.000 / 0.000         0.000 / 0.000       ms
[110.268s][info][gc,stats    ]       Phase: Concurrent Mark Free                          0.000 / 0.000         0.001 / 0.002         0.001 / 0.002         0.001 / 0.002       ms
[110.268s][info][gc,stats    ]       Phase: Concurrent Process Non-Strong References      0.000 / 0.000        10.225 / 15.493       10.225 / 15.493       10.225 / 15.493      ms
[110.268s][info][gc,stats    ]       Phase: Concurrent Relocate                           0.000 / 0.000        32.191 / 75.349       32.191 / 75.349       32.191 / 75.349      ms
[110.268s][info][gc,stats    ]       Phase: Concurrent Reset Relocation Set               0.000 / 0.000         0.033 / 0.053         0.033 / 0.053         0.033 / 0.053       ms
[110.268s][info][gc,stats    ]       Phase: Concurrent Select Relocation Set              0.000 / 0.000         6.258 / 11.319        6.258 / 11.319        6.258 / 11.319      ms
[110.268s][info][gc,stats    ]       Phase: Pause Mark End                                0.000 / 0.000         0.021 / 0.037         0.021 / 0.037         0.021 / 0.037       ms
[110.268s][info][gc,stats    ]       Phase: Pause Mark Start                              0.000 / 0.000         0.008 / 0.011         0.008 / 0.011         0.008 / 0.011       ms
[110.268s][info][gc,stats    ]       Phase: Pause Relocate Start                          0.000 / 0.000         0.014 / 0.020         0.014 / 0.020         0.014 / 0.020       ms
[110.268s][info][gc,stats    ]    Subphase: Concurrent Classes Purge                      0.000 / 0.000         0.314 / 0.467         0.314 / 0.467         0.314 / 0.467       ms
[110.268s][info][gc,stats    ]    Subphase: Concurrent Classes Unlink                     0.000 / 0.000         8.658 / 13.066        8.658 / 13.066        8.658 / 13.066      ms
[110.268s][info][gc,stats    ]    Subphase: Concurrent Mark                               0.000 / 0.000       118.716 / 268.470     118.716 / 268.470     118.716 / 268.470     ms
[110.268s][info][gc,stats    ]    Subphase: Concurrent Mark Try Flush                     0.000 / 0.000         0.090 / 0.347         0.090 / 0.347         0.090 / 0.347       ms
[110.268s][info][gc,stats    ]    Subphase: Concurrent Mark Try Terminate                 0.000 / 0.000         3.434 / 16.223        3.434 / 16.223        3.434 / 16.223      ms
[110.268s][info][gc,stats    ]    Subphase: Concurrent References Enqueue                 0.000 / 0.000         0.007 / 0.008         0.007 / 0.008         0.007 / 0.008       ms
[110.268s][info][gc,stats    ]    Subphase: Concurrent References Process                 0.000 / 0.000         0.409 / 0.881         0.409 / 0.881         0.409 / 0.881       ms
[110.268s][info][gc,stats    ]    Subphase: Concurrent Roots ClassLoaderDataGraph         0.000 / 0.000         0.167 / 0.477         0.167 / 0.477         0.167 / 0.477       ms
[110.268s][info][gc,stats    ]    Subphase: Concurrent Roots CodeCache                    0.000 / 0.000         0.000 / 0.000         0.000 / 0.000         0.000 / 0.000       ms
[110.268s][info][gc,stats    ]    Subphase: Concurrent Roots JavaThreads                  0.000 / 0.000         1.020 / 2.038         1.020 / 2.038         1.020 / 2.038       ms
[110.268s][info][gc,stats    ]    Subphase: Concurrent Roots OopStorageSet                0.000 / 0.000         0.039 / 0.120         0.039 / 0.120         0.039 / 0.120       ms
[110.268s][info][gc,stats    ]    Subphase: Concurrent Weak Roots OopStorageSet           0.000 / 0.000         0.657 / 1.012         0.657 / 1.012         0.657 / 1.012       ms
[110.268s][info][gc,stats    ]    Subphase: Pause Mark Try Complete                       0.000 / 0.000         0.000 / 0.000         0.000 / 0.000         0.000 / 0.000       ms
[110.268s][info][gc,stats    ]      System: Java Threads                                      0 / 0                30 / 36               30 / 36               30 / 36          threads
[110.268s][info][gc,stats    ] =========================================================================================================================================================
[120.280s][info][gc,stats    ] === Garbage Collection Statistics =======================================================================================================================
[120.280s][info][gc,stats    ]                                                              Last 10s              Last 10m              Last 10h                Total
[120.280s][info][gc,stats    ]                                                              Avg / Max             Avg / Max             Avg / Max             Avg / Max
[120.281s][info][gc,stats    ]   Collector: Garbage Collection Cycle                      0.000 / 0.000       174.054 / 369.233     174.054 / 369.233     174.054 / 369.233     ms
[120.281s][info][gc,stats    ]  Contention: Mark Segment Reset Contention                     0 / 0                 0 / 1                 0 / 1                 0 / 1           ops/s
[120.281s][info][gc,stats    ]  Contention: Mark SeqNum Reset Contention                      0 / 0                 0 / 0                 0 / 0                 0 / 0           ops/s
[120.281s][info][gc,stats    ]    Critical: Allocation Stall                                  0 / 0                 0 / 0                 0 / 0                 0 / 0           ops/s
[120.281s][info][gc,stats    ]    Critical: Allocation Stall                              0.000 / 0.000         0.000 / 0.000         0.000 / 0.000         0.000 / 0.000       ms
[120.281s][info][gc,stats    ]    Critical: GC Locker Stall                                   0 / 0                 0 / 0                 0 / 0                 0 / 0           ops/s
[120.281s][info][gc,stats    ]    Critical: GC Locker Stall                               0.000 / 0.000         0.000 / 0.000         0.000 / 0.000         0.000 / 0.000       ms
[120.281s][info][gc,stats    ]    Critical: Relocation Stall                                  0 / 0                 0 / 0                 0 / 0                 0 / 0           ops/s
[120.281s][info][gc,stats    ]    Critical: Relocation Stall                              0.000 / 0.000         0.000 / 0.000         0.000 / 0.000         0.000 / 0.000       ms
[120.281s][info][gc,stats    ]      Memory: Allocation Rate                                  33 / 152             131 / 842             131 / 842             131 / 842         MB/s
[120.281s][info][gc,stats    ]      Memory: Out Of Memory                                     0 / 0                 0 / 0                 0 / 0                 0 / 0           ops/s
[120.281s][info][gc,stats    ]      Memory: Page Cache Flush                                  0 / 0                 0 / 0                 0 / 0                 0 / 0           MB/s
[120.281s][info][gc,stats    ]      Memory: Page Cache Hit L1                                16 / 76               42 / 329              42 / 329              42 / 329         ops/s
[120.281s][info][gc,stats    ]      Memory: Page Cache Hit L2                                 0 / 0                 0 / 0                 0 / 0                 0 / 0           ops/s
[120.281s][info][gc,stats    ]      Memory: Page Cache Hit L3                                 0 / 0                13 / 209              13 / 209              13 / 209         ops/s
[120.281s][info][gc,stats    ]      Memory: Page Cache Miss                                   0 / 0                 0 / 1                 0 / 1                 0 / 1           ops/s
[120.281s][info][gc,stats    ]      Memory: Uncommit                                          0 / 0                 0 / 0                 0 / 0                 0 / 0           MB/s
[120.281s][info][gc,stats    ]      Memory: Undo Object Allocation Failed                     0 / 0                 0 / 0                 0 / 0                 0 / 0           ops/s
[120.281s][info][gc,stats    ]      Memory: Undo Object Allocation Succeeded                  0 / 0                 0 / 3                 0 / 3                 0 / 3           ops/s
[120.281s][info][gc,stats    ]      Memory: Undo Page Allocation                              0 / 0                 0 / 1                 0 / 1                 0 / 1           ops/s
[120.281s][info][gc,stats    ]       Phase: Concurrent Mark                               0.000 / 0.000       124.076 / 269.421     124.076 / 269.421     124.076 / 269.421     ms
[120.281s][info][gc,stats    ]       Phase: Concurrent Mark Continue                      0.000 / 0.000         0.000 / 0.000         0.000 / 0.000         0.000 / 0.000       ms
[120.281s][info][gc,stats    ]       Phase: Concurrent Mark Free                          0.000 / 0.000         0.001 / 0.002         0.001 / 0.002         0.001 / 0.002       ms
[120.281s][info][gc,stats    ]       Phase: Concurrent Process Non-Strong References      0.000 / 0.000        10.225 / 15.493       10.225 / 15.493       10.225 / 15.493      ms
[120.281s][info][gc,stats    ]       Phase: Concurrent Relocate                           0.000 / 0.000        32.191 / 75.349       32.191 / 75.349       32.191 / 75.349      ms
[120.281s][info][gc,stats    ]       Phase: Concurrent Reset Relocation Set               0.000 / 0.000         0.033 / 0.053         0.033 / 0.053         0.033 / 0.053       ms
[120.281s][info][gc,stats    ]       Phase: Concurrent Select Relocation Set              0.000 / 0.000         6.258 / 11.319        6.258 / 11.319        6.258 / 11.319      ms
[120.281s][info][gc,stats    ]       Phase: Pause Mark End                                0.000 / 0.000         0.021 / 0.037         0.021 / 0.037         0.021 / 0.037       ms
[120.281s][info][gc,stats    ]       Phase: Pause Mark Start                              0.000 / 0.000         0.008 / 0.011         0.008 / 0.011         0.008 / 0.011       ms
[120.281s][info][gc,stats    ]       Phase: Pause Relocate Start                          0.000 / 0.000         0.014 / 0.020         0.014 / 0.020         0.014 / 0.020       ms
[120.281s][info][gc,stats    ]    Subphase: Concurrent Classes Purge                      0.000 / 0.000         0.314 / 0.467         0.314 / 0.467         0.314 / 0.467       ms
[120.281s][info][gc,stats    ]    Subphase: Concurrent Classes Unlink                     0.000 / 0.000         8.658 / 13.066        8.658 / 13.066        8.658 / 13.066      ms
[120.281s][info][gc,stats    ]    Subphase: Concurrent Mark                               0.000 / 0.000       118.716 / 268.470     118.716 / 268.470     118.716 / 268.470     ms
[120.281s][info][gc,stats    ]    Subphase: Concurrent Mark Try Flush                     0.000 / 0.000         0.090 / 0.347         0.090 / 0.347         0.090 / 0.347       ms
[120.281s][info][gc,stats    ]    Subphase: Concurrent Mark Try Terminate                 0.000 / 0.000         3.434 / 16.223        3.434 / 16.223        3.434 / 16.223      ms
[120.281s][info][gc,stats    ]    Subphase: Concurrent References Enqueue                 0.000 / 0.000         0.007 / 0.008         0.007 / 0.008         0.007 / 0.008       ms
[120.281s][info][gc,stats    ]    Subphase: Concurrent References Process                 0.000 / 0.000         0.409 / 0.881         0.409 / 0.881         0.409 / 0.881       ms
[120.281s][info][gc,stats    ]    Subphase: Concurrent Roots ClassLoaderDataGraph         0.000 / 0.000         0.167 / 0.477         0.167 / 0.477         0.167 / 0.477       ms
[120.281s][info][gc,stats    ]    Subphase: Concurrent Roots CodeCache                    0.000 / 0.000         0.000 / 0.000         0.000 / 0.000         0.000 / 0.000       ms
[120.281s][info][gc,stats    ]    Subphase: Concurrent Roots JavaThreads                  0.000 / 0.000         1.020 / 2.038         1.020 / 2.038         1.020 / 2.038       ms
[120.281s][info][gc,stats    ]    Subphase: Concurrent Roots OopStorageSet                0.000 / 0.000         0.039 / 0.120         0.039 / 0.120         0.039 / 0.120       ms
[120.281s][info][gc,stats    ]    Subphase: Concurrent Weak Roots OopStorageSet           0.000 / 0.000         0.657 / 1.012         0.657 / 1.012         0.657 / 1.012       ms
[120.281s][info][gc,stats    ]    Subphase: Pause Mark Try Complete                       0.000 / 0.000         0.000 / 0.000         0.000 / 0.000         0.000 / 0.000       ms
[120.281s][info][gc,stats    ]      System: Java Threads                                      0 / 0                30 / 36               30 / 36               30 / 36          threads
[120.282s][info][gc,stats    ] =========================================================================================================================================================
[127.265s][info][gc,start    ] GC(7) Garbage Collection (Proactive)
[127.265s][info][gc,task     ] GC(7) Using 2 workers
[127.265s][info][gc,phases   ] GC(7) Pause Mark Start 0.010ms
[127.312s][info][gc,phases   ] GC(7) Concurrent Mark 46.904ms
[127.312s][info][gc,phases   ] GC(7) Pause Mark End 0.018ms
[127.312s][info][gc,phases   ] GC(7) Concurrent Mark Free 0.001ms
[127.325s][info][gc,phases   ] GC(7) Concurrent Process Non-Strong References 12.542ms
[127.325s][info][gc,phases   ] GC(7) Concurrent Reset Relocation Set 0.051ms
[127.329s][info][gc,phases   ] GC(7) Concurrent Select Relocation Set 4.099ms
[127.329s][info][gc,phases   ] GC(7) Pause Relocate Start 0.017ms
[127.339s][info][gc,phases   ] GC(7) Concurrent Relocate 9.364ms
[127.339s][info][gc,load     ] GC(7) Load: 0.00/0.00/0.00
[127.339s][info][gc,mmu      ] GC(7) MMU: 2ms/98.1%, 5ms/99.3%, 10ms/99.4%, 20ms/99.7%, 50ms/99.9%, 100ms/99.9%
[127.339s][info][gc,marking  ] GC(7) Mark: 2 stripe(s), 2 proactive flush(es), 1 terminate flush(es), 0 completion(s), 0 continuation(s) 
[127.339s][info][gc,marking  ] GC(7) Mark Stack Usage: 32M
[127.339s][info][gc,nmethod  ] GC(7) NMethods: 11954 registered, 1994 unregistered
[127.339s][info][gc,metaspace] GC(7) Metaspace: 40M used, 40M committed, 1088M reserved
[127.339s][info][gc,ref      ] GC(7) Soft: 3857 encountered, 0 discovered, 0 enqueued
[127.339s][info][gc,ref      ] GC(7) Weak: 1639 encountered, 520 discovered, 140 enqueued
[127.339s][info][gc,ref      ] GC(7) Final: 3 encountered, 0 discovered, 0 enqueued
[127.339s][info][gc,ref      ] GC(7) Phantom: 176 encountered, 134 discovered, 0 enqueued
[127.339s][info][gc,reloc    ] GC(7) Small Pages: 926 / 1852M, Empty: 680M, Relocated: 12M, In-Place: 0
[127.339s][info][gc,reloc    ] GC(7) Medium Pages: 3 / 96M, Empty: 32M, Relocated: 2M, In-Place: 0
[127.339s][info][gc,reloc    ] GC(7) Large Pages: 2 / 18M, Empty: 8M, Relocated: 0M, In-Place: 0
[127.339s][info][gc,reloc    ] GC(7) Forwarding Usage: 4M
[127.339s][info][gc,heap     ] GC(7) Min Capacity: 8192M(100%)
[127.339s][info][gc,heap     ] GC(7) Max Capacity: 8192M(100%)
[127.339s][info][gc,heap     ] GC(7) Soft Max Capacity: 8192M(100%)
[127.339s][info][gc,heap     ] GC(7)                Mark Start          Mark End        Relocate Start      Relocate End           High               Low         
[127.339s][info][gc,heap     ] GC(7)  Capacity:     8192M (100%)       8192M (100%)       8192M (100%)       8192M (100%)       8192M (100%)       8192M (100%)   
[127.339s][info][gc,heap     ] GC(7)      Free:     6226M (76%)        6222M (76%)        6940M (85%)        8112M (99%)        8112M (99%)        6220M (76%)    
[127.339s][info][gc,heap     ] GC(7)      Used:     1966M (24%)        1970M (24%)        1252M (15%)          80M (1%)         1972M (24%)          80M (1%)     
[127.339s][info][gc,heap     ] GC(7)      Live:         -                39M (0%)           39M (0%)           39M (0%)             -                  -          
[127.339s][info][gc,heap     ] GC(7) Allocated:         -                 4M (0%)            6M (0%)            7M (0%)             -                  -          
[127.339s][info][gc,heap     ] GC(7)   Garbage:         -              1926M (24%)        1206M (15%)          33M (0%)             -                  -          
[127.339s][info][gc,heap     ] GC(7) Reclaimed:         -                  -               720M (9%)         1893M (23%)            -                  -          
[127.339s][info][gc          ] GC(7) Garbage Collection (Proactive) 1966M(24%)->80M(1%)
[130.268s][info][gc,stats    ] === Garbage Collection Statistics =======================================================================================================================
[130.268s][info][gc,stats    ]                                                              Last 10s              Last 10m              Last 10h                Total
[130.268s][info][gc,stats    ]                                                              Avg / Max             Avg / Max             Avg / Max             Avg / Max
[130.268s][info][gc,stats    ]   Collector: Garbage Collection Cycle                     73.832 / 73.832      161.527 / 369.233     161.527 / 369.233     161.527 / 369.233     ms
[130.268s][info][gc,stats    ]  Contention: Mark Segment Reset Contention                     0 / 0                 0 / 1                 0 / 1                 0 / 1           ops/s
[130.268s][info][gc,stats    ]  Contention: Mark SeqNum Reset Contention                      0 / 0                 0 / 0                 0 / 0                 0 / 0           ops/s
[130.268s][info][gc,stats    ]    Critical: Allocation Stall                                  0 / 0                 0 / 0                 0 / 0                 0 / 0           ops/s
[130.268s][info][gc,stats    ]    Critical: Allocation Stall                              0.000 / 0.000         0.000 / 0.000         0.000 / 0.000         0.000 / 0.000       ms
[130.268s][info][gc,stats    ]    Critical: GC Locker Stall                                   0 / 0                 0 / 0                 0 / 0                 0 / 0           ops/s
[130.268s][info][gc,stats    ]    Critical: GC Locker Stall                               0.000 / 0.000         0.000 / 0.000         0.000 / 0.000         0.000 / 0.000       ms
[130.268s][info][gc,stats    ]    Critical: Relocation Stall                                  0 / 0                 0 / 0                 0 / 0                 0 / 0           ops/s
[130.268s][info][gc,stats    ]    Critical: Relocation Stall                              0.000 / 0.000         0.000 / 0.000         0.000 / 0.000         0.000 / 0.000       ms
[130.268s][info][gc,stats    ]      Memory: Allocation Rate                                 181 / 292             135 / 842             135 / 842             135 / 842         MB/s
[130.268s][info][gc,stats    ]      Memory: Out Of Memory                                     0 / 0                 0 / 0                 0 / 0                 0 / 0           ops/s
[130.268s][info][gc,stats    ]      Memory: Page Cache Flush                                  0 / 0                 0 / 0                 0 / 0                 0 / 0           MB/s
[130.268s][info][gc,stats    ]      Memory: Page Cache Hit L1                                88 / 139              45 / 329              45 / 329              45 / 329         ops/s
[130.268s][info][gc,stats    ]      Memory: Page Cache Hit L2                                 0 / 0                 0 / 0                 0 / 0                 0 / 0           ops/s
[130.268s][info][gc,stats    ]      Memory: Page Cache Hit L3                                 0 / 0                12 / 209              12 / 209              12 / 209         ops/s
[130.268s][info][gc,stats    ]      Memory: Page Cache Miss                                   0 / 0                 0 / 1                 0 / 1                 0 / 1           ops/s
[130.268s][info][gc,stats    ]      Memory: Uncommit                                          0 / 0                 0 / 0                 0 / 0                 0 / 0           MB/s
[130.268s][info][gc,stats    ]      Memory: Undo Object Allocation Failed                     0 / 0                 0 / 0                 0 / 0                 0 / 0           ops/s
[130.268s][info][gc,stats    ]      Memory: Undo Object Allocation Succeeded                  0 / 1                 0 / 3                 0 / 3                 0 / 3           ops/s
[130.268s][info][gc,stats    ]      Memory: Undo Page Allocation                              0 / 0                 0 / 1                 0 / 1                 0 / 1           ops/s
[130.268s][info][gc,stats    ]       Phase: Concurrent Mark                              46.904 / 46.904      114.429 / 269.421     114.429 / 269.421     114.429 / 269.421     ms
[130.268s][info][gc,stats    ]       Phase: Concurrent Mark Continue                      0.000 / 0.000         0.000 / 0.000         0.000 / 0.000         0.000 / 0.000       ms
[130.268s][info][gc,stats    ]       Phase: Concurrent Mark Free                          0.001 / 0.001         0.001 / 0.002         0.001 / 0.002         0.001 / 0.002       ms
[130.268s][info][gc,stats    ]       Phase: Concurrent Process Non-Strong References     12.542 / 12.542       10.515 / 15.493       10.515 / 15.493       10.515 / 15.493      ms
[130.268s][info][gc,stats    ]       Phase: Concurrent Relocate                           9.364 / 9.364        29.337 / 75.349       29.337 / 75.349       29.337 / 75.349      ms
[130.268s][info][gc,stats    ]       Phase: Concurrent Reset Relocation Set               0.051 / 0.051         0.036 / 0.053         0.036 / 0.053         0.036 / 0.053       ms
[130.268s][info][gc,stats    ]       Phase: Concurrent Select Relocation Set              4.099 / 4.099         5.988 / 11.319        5.988 / 11.319        5.988 / 11.319      ms
[130.268s][info][gc,stats    ]       Phase: Pause Mark End                                0.018 / 0.018         0.020 / 0.037         0.020 / 0.037         0.020 / 0.037       ms
[130.268s][info][gc,stats    ]       Phase: Pause Mark Start                              0.010 / 0.010         0.008 / 0.011         0.008 / 0.011         0.008 / 0.011       ms
[130.268s][info][gc,stats    ]       Phase: Pause Relocate Start                          0.017 / 0.017         0.014 / 0.020         0.014 / 0.020         0.014 / 0.020       ms
[130.268s][info][gc,stats    ]    Subphase: Concurrent Classes Purge                      0.419 / 0.419         0.327 / 0.467         0.327 / 0.467         0.327 / 0.467       ms
[130.268s][info][gc,stats    ]    Subphase: Concurrent Classes Unlink                    11.266 / 11.266        8.984 / 13.066        8.984 / 13.066        8.984 / 13.066      ms
[130.268s][info][gc,stats    ]    Subphase: Concurrent Mark                              40.696 / 45.601      108.964 / 268.470     108.964 / 268.470     108.964 / 268.470     ms
[130.268s][info][gc,stats    ]    Subphase: Concurrent Mark Try Flush                     0.069 / 0.089         0.087 / 0.347         0.087 / 0.347         0.087 / 0.347       ms
[130.269s][info][gc,stats    ]    Subphase: Concurrent Mark Try Terminate                 3.905 / 11.662        3.491 / 16.223        3.491 / 16.223        3.491 / 16.223      ms
[130.269s][info][gc,stats    ]    Subphase: Concurrent References Enqueue                 0.004 / 0.004         0.006 / 0.008         0.006 / 0.008         0.006 / 0.008       ms
[130.269s][info][gc,stats    ]    Subphase: Concurrent References Process                 0.129 / 0.129         0.374 / 0.881         0.374 / 0.881         0.374 / 0.881       ms
[130.269s][info][gc,stats    ]    Subphase: Concurrent Roots ClassLoaderDataGraph         0.067 / 0.131         0.154 / 0.477         0.154 / 0.477         0.154 / 0.477       ms
[130.269s][info][gc,stats    ]    Subphase: Concurrent Roots CodeCache                    0.000 / 0.000         0.000 / 0.000         0.000 / 0.000         0.000 / 0.000       ms
[130.269s][info][gc,stats    ]    Subphase: Concurrent Roots JavaThreads                  1.032 / 1.048         1.021 / 2.038         1.021 / 2.038         1.021 / 2.038       ms
[130.269s][info][gc,stats    ]    Subphase: Concurrent Roots OopStorageSet                0.018 / 0.024         0.037 / 0.120         0.037 / 0.120         0.037 / 0.120       ms
[130.269s][info][gc,stats    ]    Subphase: Concurrent Weak Roots OopStorageSet           0.598 / 0.599         0.650 / 1.012         0.650 / 1.012         0.650 / 1.012       ms
[130.269s][info][gc,stats    ]    Subphase: Pause Mark Try Complete                       0.000 / 0.000         0.000 / 0.000         0.000 / 0.000         0.000 / 0.000       ms
[130.269s][info][gc,stats    ]      System: Java Threads                                     31 / 31               30 / 36               30 / 36               30 / 36          threads
[130.269s][info][gc,stats    ] =========================================================================================================================================================
[138.770s][info][gc,start    ] GC(8) Garbage Collection (System.gc())
[138.770s][info][gc,task     ] GC(8) Using 2 workers
[138.770s][info][gc,phases   ] GC(8) Pause Mark Start 0.006ms
[138.794s][info][gc,phases   ] GC(8) Concurrent Mark 24.178ms
[138.794s][info][gc,phases   ] GC(8) Pause Mark End 0.020ms
[138.795s][info][gc,phases   ] GC(8) Concurrent Mark Free 0.001ms
[138.809s][info][gc,phases   ] GC(8) Concurrent Process Non-Strong References 14.249ms
[138.809s][info][gc,phases   ] GC(8) Concurrent Reset Relocation Set 0.030ms
[138.811s][info][gc,phases   ] GC(8) Concurrent Select Relocation Set 1.928ms
[138.811s][info][gc,phases   ] GC(8) Pause Relocate Start 0.008ms
[138.815s][info][gc,phases   ] GC(8) Concurrent Relocate 4.210ms
[138.815s][info][gc,load     ] GC(8) Load: 0.00/0.00/0.00
[138.815s][info][gc,mmu      ] GC(8) MMU: 2ms/98.1%, 5ms/99.3%, 10ms/99.4%, 20ms/99.7%, 50ms/99.9%, 100ms/99.9%
[138.815s][info][gc,marking  ] GC(8) Mark: 2 stripe(s), 2 proactive flush(es), 1 terminate flush(es), 0 completion(s), 0 continuation(s) 
[138.816s][info][gc,marking  ] GC(8) Mark Stack Usage: 32M
[138.816s][info][gc,nmethod  ] GC(8) NMethods: 12367 registered, 2361 unregistered
[138.816s][info][gc,metaspace] GC(8) Metaspace: 40M used, 41M committed, 1088M reserved
[138.816s][info][gc,ref      ] GC(8) Soft: 3857 encountered, 0 discovered, 0 enqueued
[138.816s][info][gc,ref      ] GC(8) Weak: 8898 encountered, 7569 discovered, 7375 enqueued
[138.816s][info][gc,ref      ] GC(8) Final: 3 encountered, 1 discovered, 0 enqueued
[138.816s][info][gc,ref      ] GC(8) Phantom: 170 encountered, 124 discovered, 0 enqueued
[138.816s][info][gc,reloc    ] GC(8) Small Pages: 1865 / 3730M, Empty: 2916M, Relocated: 6M, In-Place: 0
[138.816s][info][gc,reloc    ] GC(8) Medium Pages: 44 / 1408M, Empty: 1376M, Relocated: 0M, In-Place: 0
[138.816s][info][gc,reloc    ] GC(8) Large Pages: 2 / 18M, Empty: 8M, Relocated: 0M, In-Place: 0
[138.816s][info][gc,reloc    ] GC(8) Forwarding Usage: 2M
[138.816s][info][gc,heap     ] GC(8) Min Capacity: 8192M(100%)
[138.816s][info][gc,heap     ] GC(8) Max Capacity: 8192M(100%)
[138.816s][info][gc,heap     ] GC(8) Soft Max Capacity: 8192M(100%)
[138.816s][info][gc,heap     ] GC(8)                Mark Start          Mark End        Relocate Start      Relocate End           High               Low         
[138.816s][info][gc,heap     ] GC(8)  Capacity:     8192M (100%)       8192M (100%)       8192M (100%)       8192M (100%)       8192M (100%)       8192M (100%)   
[138.816s][info][gc,heap     ] GC(8)      Free:     3036M (37%)        3036M (37%)        7336M (90%)        8128M (99%)        8128M (99%)        3036M (37%)    
[138.816s][info][gc,heap     ] GC(8)      Used:     5156M (63%)        5156M (63%)         856M (10%)          64M (1%)         5156M (63%)          64M (1%)     
[138.816s][info][gc,heap     ] GC(8)      Live:         -                29M (0%)           29M (0%)           29M (0%)             -                  -          
[138.816s][info][gc,heap     ] GC(8) Allocated:         -                 0M (0%)            0M (0%)            0M (0%)             -                  -          
[138.816s][info][gc,heap     ] GC(8)   Garbage:         -              5126M (63%)         826M (10%)          34M (0%)             -                  -          
[138.816s][info][gc,heap     ] GC(8) Reclaimed:         -                  -              4300M (52%)        5092M (62%)            -                  -          
[138.816s][info][gc          ] GC(8) Garbage Collection (System.gc()) 5156M(63%)->64M(1%)
[140.272s][info][gc,stats    ] === Garbage Collection Statistics =======================================================================================================================
[140.273s][info][gc,stats    ]                                                              Last 10s              Last 10m              Last 10h                Total
[140.273s][info][gc,stats    ]                                                              Avg / Max             Avg / Max             Avg / Max             Avg / Max
[140.273s][info][gc,stats    ]   Collector: Garbage Collection Cycle                     45.288 / 45.288      148.611 / 369.233     148.611 / 369.233     148.611 / 369.233     ms
[140.273s][info][gc,stats    ]  Contention: Mark Segment Reset Contention                     0 / 0                 0 / 1                 0 / 1                 0 / 1           ops/s
[140.273s][info][gc,stats    ]  Contention: Mark SeqNum Reset Contention                      0 / 0                 0 / 0                 0 / 0                 0 / 0           ops/s
[140.273s][info][gc,stats    ]    Critical: Allocation Stall                                  0 / 0                 0 / 0                 0 / 0                 0 / 0           ops/s
[140.273s][info][gc,stats    ]    Critical: Allocation Stall                              0.000 / 0.000         0.000 / 0.000         0.000 / 0.000         0.000 / 0.000       ms
[140.273s][info][gc,stats    ]    Critical: GC Locker Stall                                   0 / 0                 0 / 0                 0 / 0                 0 / 0           ops/s
[140.273s][info][gc,stats    ]    Critical: GC Locker Stall                               0.000 / 0.000         0.000 / 0.000         0.000 / 0.000         0.000 / 0.000       ms
[140.273s][info][gc,stats    ]    Critical: Relocation Stall                                  0 / 0                 0 / 0                 0 / 0                 0 / 0           ops/s
[140.273s][info][gc,stats    ]    Critical: Relocation Stall                              0.000 / 0.000         0.000 / 0.000         0.000 / 0.000         0.000 / 0.000       ms
[140.273s][info][gc,stats    ]      Memory: Allocation Rate                                 452 / 798             158 / 842             158 / 842             158 / 842         MB/s
[140.273s][info][gc,stats    ]      Memory: Out Of Memory                                     0 / 0                 0 / 0                 0 / 0                 0 / 0           ops/s
[140.273s][info][gc,stats    ]      Memory: Page Cache Flush                                  0 / 0                 0 / 0                 0 / 0                 0 / 0           MB/s
[140.273s][info][gc,stats    ]      Memory: Page Cache Hit L1                               127 / 348              51 / 348              51 / 348              51 / 348         ops/s
[140.273s][info][gc,stats    ]      Memory: Page Cache Hit L2                                 0 / 0                 0 / 0                 0 / 0                 0 / 0           ops/s
[140.273s][info][gc,stats    ]      Memory: Page Cache Hit L3                                34 / 186              13 / 209              13 / 209              13 / 209         ops/s
[140.273s][info][gc,stats    ]      Memory: Page Cache Miss                                   0 / 0                 0 / 1                 0 / 1                 0 / 1           ops/s
[140.273s][info][gc,stats    ]      Memory: Uncommit                                          0 / 0                 0 / 0                 0 / 0                 0 / 0           MB/s
[140.273s][info][gc,stats    ]      Memory: Undo Object Allocation Failed                     0 / 0                 0 / 0                 0 / 0                 0 / 0           ops/s
[140.273s][info][gc,stats    ]      Memory: Undo Object Allocation Succeeded                  0 / 0                 0 / 3                 0 / 3                 0 / 3           ops/s
[140.273s][info][gc,stats    ]      Memory: Undo Page Allocation                              0 / 0                 0 / 1                 0 / 1                 0 / 1           ops/s
[140.273s][info][gc,stats    ]       Phase: Concurrent Mark                              24.178 / 24.178      104.401 / 269.421     104.401 / 269.421     104.401 / 269.421     ms
[140.273s][info][gc,stats    ]       Phase: Concurrent Mark Continue                      0.000 / 0.000         0.000 / 0.000         0.000 / 0.000         0.000 / 0.000       ms
[140.273s][info][gc,stats    ]       Phase: Concurrent Mark Free                          0.001 / 0.001         0.001 / 0.002         0.001 / 0.002         0.001 / 0.002       ms
[140.273s][info][gc,stats    ]       Phase: Concurrent Process Non-Strong References     14.249 / 14.249       10.930 / 15.493       10.930 / 15.493       10.930 / 15.493      ms
[140.273s][info][gc,stats    ]       Phase: Concurrent Relocate                           4.210 / 4.210        26.545 / 75.349       26.545 / 75.349       26.545 / 75.349      ms
[140.273s][info][gc,stats    ]       Phase: Concurrent Reset Relocation Set               0.030 / 0.030         0.035 / 0.053         0.035 / 0.053         0.035 / 0.053       ms
[140.273s][info][gc,stats    ]       Phase: Concurrent Select Relocation Set              1.928 / 1.928         5.537 / 11.319        5.537 / 11.319        5.537 / 11.319      ms
[140.273s][info][gc,stats    ]       Phase: Pause Mark End                                0.020 / 0.020         0.020 / 0.037         0.020 / 0.037         0.020 / 0.037       ms
[140.273s][info][gc,stats    ]       Phase: Pause Mark Start                              0.006 / 0.006         0.008 / 0.011         0.008 / 0.011         0.008 / 0.011       ms
[140.273s][info][gc,stats    ]       Phase: Pause Relocate Start                          0.008 / 0.008         0.013 / 0.020         0.013 / 0.020         0.013 / 0.020       ms
[140.273s][info][gc,stats    ]    Subphase: Concurrent Classes Purge                      0.453 / 0.453         0.341 / 0.467         0.341 / 0.467         0.341 / 0.467       ms
[140.273s][info][gc,stats    ]    Subphase: Concurrent Classes Unlink                    12.256 / 12.256        9.347 / 13.066        9.347 / 13.066        9.347 / 13.066      ms
[140.273s][info][gc,stats    ]    Subphase: Concurrent Mark                              21.114 / 23.271       99.203 / 268.470      99.203 / 268.470      99.203 / 268.470     ms
[140.273s][info][gc,stats    ]    Subphase: Concurrent Mark Try Flush                     0.078 / 0.137         0.086 / 0.347         0.086 / 0.347         0.086 / 0.347       ms
[140.273s][info][gc,stats    ]    Subphase: Concurrent Mark Try Terminate                 1.594 / 4.738         3.288 / 16.223        3.288 / 16.223        3.288 / 16.223      ms
[140.273s][info][gc,stats    ]    Subphase: Concurrent References Enqueue                 0.006 / 0.006         0.006 / 0.008         0.006 / 0.008         0.006 / 0.008       ms
[140.273s][info][gc,stats    ]    Subphase: Concurrent References Process                 0.743 / 0.743         0.415 / 0.881         0.415 / 0.881         0.415 / 0.881       ms
[140.273s][info][gc,stats    ]    Subphase: Concurrent Roots ClassLoaderDataGraph         0.075 / 0.134         0.146 / 0.477         0.146 / 0.477         0.146 / 0.477       ms
[140.273s][info][gc,stats    ]    Subphase: Concurrent Roots CodeCache                    0.000 / 0.000         0.000 / 0.000         0.000 / 0.000         0.000 / 0.000       ms
[140.273s][info][gc,stats    ]    Subphase: Concurrent Roots JavaThreads                  0.682 / 0.760         0.984 / 2.038         0.984 / 2.038         0.984 / 2.038       ms
[140.273s][info][gc,stats    ]    Subphase: Concurrent Roots OopStorageSet                0.020 / 0.025         0.035 / 0.120         0.035 / 0.120         0.035 / 0.120       ms
[140.274s][info][gc,stats    ]    Subphase: Concurrent Weak Roots OopStorageSet           0.597 / 0.615         0.644 / 1.012         0.644 / 1.012         0.644 / 1.012       ms
[140.274s][info][gc,stats    ]    Subphase: Pause Mark Try Complete                       0.000 / 0.000         0.000 / 0.000         0.000 / 0.000         0.000 / 0.000       ms
[140.274s][info][gc,stats    ]      System: Java Threads                                     30 / 30               30 / 36               30 / 36               30 / 36          threads
[140.274s][info][gc,stats    ] =========================================================================================================================================================
[150.274s][info][gc,stats    ] === Garbage Collection Statistics =======================================================================================================================
[150.274s][info][gc,stats    ]                                                              Last 10s              Last 10m              Last 10h                Total
[150.274s][info][gc,stats    ]                                                              Avg / Max             Avg / Max             Avg / Max             Avg / Max
[150.274s][info][gc,stats    ]   Collector: Garbage Collection Cycle                      0.000 / 0.000       148.611 / 369.233     148.611 / 369.233     148.611 / 369.233     ms
[150.274s][info][gc,stats    ]  Contention: Mark Segment Reset Contention                     0 / 0                 0 / 1                 0 / 1                 0 / 1           ops/s
[150.274s][info][gc,stats    ]  Contention: Mark SeqNum Reset Contention                      0 / 0                 0 / 0                 0 / 0                 0 / 0           ops/s
[150.274s][info][gc,stats    ]    Critical: Allocation Stall                                  0 / 0                 0 / 0                 0 / 0                 0 / 0           ops/s
[150.274s][info][gc,stats    ]    Critical: Allocation Stall                              0.000 / 0.000         0.000 / 0.000         0.000 / 0.000         0.000 / 0.000       ms
[150.274s][info][gc,stats    ]    Critical: GC Locker Stall                                   0 / 0                 0 / 0                 0 / 0                 0 / 0           ops/s
[150.274s][info][gc,stats    ]    Critical: GC Locker Stall                               0.000 / 0.000         0.000 / 0.000         0.000 / 0.000         0.000 / 0.000       ms
[150.274s][info][gc,stats    ]    Critical: Relocation Stall                                  0 / 0                 0 / 0                 0 / 0                 0 / 0           ops/s
[150.274s][info][gc,stats    ]    Critical: Relocation Stall                              0.000 / 0.000         0.000 / 0.000         0.000 / 0.000         0.000 / 0.000       ms
[150.274s][info][gc,stats    ]      Memory: Allocation Rate                                 104 / 588             154 / 842             154 / 842             154 / 842         MB/s
[150.274s][info][gc,stats    ]      Memory: Out Of Memory                                     0 / 0                 0 / 0                 0 / 0                 0 / 0           ops/s
[150.274s][info][gc,stats    ]      Memory: Page Cache Flush                                  0 / 0                 0 / 0                 0 / 0                 0 / 0           MB/s
[150.274s][info][gc,stats    ]      Memory: Page Cache Hit L1                                50 / 291              51 / 348              51 / 348              51 / 348         ops/s
[150.274s][info][gc,stats    ]      Memory: Page Cache Hit L2                                 0 / 0                 0 / 0                 0 / 0                 0 / 0           ops/s
[150.274s][info][gc,stats    ]      Memory: Page Cache Hit L3                                 0 / 0                12 / 209              12 / 209              12 / 209         ops/s
[150.274s][info][gc,stats    ]      Memory: Page Cache Miss                                   0 / 0                 0 / 1                 0 / 1                 0 / 1           ops/s
[150.274s][info][gc,stats    ]      Memory: Uncommit                                          0 / 0                 0 / 0                 0 / 0                 0 / 0           MB/s
[150.274s][info][gc,stats    ]      Memory: Undo Object Allocation Failed                     0 / 0                 0 / 0                 0 / 0                 0 / 0           ops/s
[150.274s][info][gc,stats    ]      Memory: Undo Object Allocation Succeeded                  0 / 0                 0 / 3                 0 / 3                 0 / 3           ops/s
[150.274s][info][gc,stats    ]      Memory: Undo Page Allocation                              0 / 0                 0 / 1                 0 / 1                 0 / 1           ops/s
[150.275s][info][gc,stats    ]       Phase: Concurrent Mark                               0.000 / 0.000       104.401 / 269.421     104.401 / 269.421     104.401 / 269.421     ms
[150.275s][info][gc,stats    ]       Phase: Concurrent Mark Continue                      0.000 / 0.000         0.000 / 0.000         0.000 / 0.000         0.000 / 0.000       ms
[150.275s][info][gc,stats    ]       Phase: Concurrent Mark Free                          0.000 / 0.000         0.001 / 0.002         0.001 / 0.002         0.001 / 0.002       ms
[150.275s][info][gc,stats    ]       Phase: Concurrent Process Non-Strong References      0.000 / 0.000        10.930 / 15.493       10.930 / 15.493       10.930 / 15.493      ms
[150.275s][info][gc,stats    ]       Phase: Concurrent Relocate                           0.000 / 0.000        26.545 / 75.349       26.545 / 75.349       26.545 / 75.349      ms
[150.275s][info][gc,stats    ]       Phase: Concurrent Reset Relocation Set               0.000 / 0.000         0.035 / 0.053         0.035 / 0.053         0.035 / 0.053       ms
[150.275s][info][gc,stats    ]       Phase: Concurrent Select Relocation Set              0.000 / 0.000         5.537 / 11.319        5.537 / 11.319        5.537 / 11.319      ms
[150.275s][info][gc,stats    ]       Phase: Pause Mark End                                0.000 / 0.000         0.020 / 0.037         0.020 / 0.037         0.020 / 0.037       ms
[150.275s][info][gc,stats    ]       Phase: Pause Mark Start                              0.000 / 0.000         0.008 / 0.011         0.008 / 0.011         0.008 / 0.011       ms
[150.275s][info][gc,stats    ]       Phase: Pause Relocate Start                          0.000 / 0.000         0.013 / 0.020         0.013 / 0.020         0.013 / 0.020       ms
[150.275s][info][gc,stats    ]    Subphase: Concurrent Classes Purge                      0.000 / 0.000         0.341 / 0.467         0.341 / 0.467         0.341 / 0.467       ms
[150.275s][info][gc,stats    ]    Subphase: Concurrent Classes Unlink                     0.000 / 0.000         9.347 / 13.066        9.347 / 13.066        9.347 / 13.066      ms
[150.275s][info][gc,stats    ]    Subphase: Concurrent Mark                               0.000 / 0.000        99.203 / 268.470      99.203 / 268.470      99.203 / 268.470     ms
[150.275s][info][gc,stats    ]    Subphase: Concurrent Mark Try Flush                     0.000 / 0.000         0.086 / 0.347         0.086 / 0.347         0.086 / 0.347       ms
[150.275s][info][gc,stats    ]    Subphase: Concurrent Mark Try Terminate                 0.000 / 0.000         3.288 / 16.223        3.288 / 16.223        3.288 / 16.223      ms
[150.275s][info][gc,stats    ]    Subphase: Concurrent References Enqueue                 0.000 / 0.000         0.006 / 0.008         0.006 / 0.008         0.006 / 0.008       ms
[150.275s][info][gc,stats    ]    Subphase: Concurrent References Process                 0.000 / 0.000         0.415 / 0.881         0.415 / 0.881         0.415 / 0.881       ms
[150.275s][info][gc,stats    ]    Subphase: Concurrent Roots ClassLoaderDataGraph         0.000 / 0.000         0.146 / 0.477         0.146 / 0.477         0.146 / 0.477       ms
[150.275s][info][gc,stats    ]    Subphase: Concurrent Roots CodeCache                    0.000 / 0.000         0.000 / 0.000         0.000 / 0.000         0.000 / 0.000       ms
[150.275s][info][gc,stats    ]    Subphase: Concurrent Roots JavaThreads                  0.000 / 0.000         0.984 / 2.038         0.984 / 2.038         0.984 / 2.038       ms
[150.275s][info][gc,stats    ]    Subphase: Concurrent Roots OopStorageSet                0.000 / 0.000         0.035 / 0.120         0.035 / 0.120         0.035 / 0.120       ms
[150.275s][info][gc,stats    ]    Subphase: Concurrent Weak Roots OopStorageSet           0.000 / 0.000         0.644 / 1.012         0.644 / 1.012         0.644 / 1.012       ms
[150.275s][info][gc,stats    ]    Subphase: Pause Mark Try Complete                       0.000 / 0.000         0.000 / 0.000         0.000 / 0.000         0.000 / 0.000       ms
[150.275s][info][gc,stats    ]      System: Java Threads                                      0 / 0                30 / 36               30 / 36               30 / 36          threads
[150.275s][info][gc,stats    ] =========================================================================================================================================================
[153.872s][info][gc,start    ] GC(9) Garbage Collection (Proactive)
[153.872s][info][gc,task     ] GC(9) Using 2 workers
[153.872s][info][gc,phases   ] GC(9) Pause Mark Start 0.008ms
[153.920s][info][gc,phases   ] GC(9) Concurrent Mark 47.531ms
[153.920s][info][gc,phases   ] GC(9) Pause Mark End 0.014ms
[153.920s][info][gc,phases   ] GC(9) Concurrent Mark Free 0.001ms
[153.933s][info][gc,phases   ] GC(9) Concurrent Process Non-Strong References 12.784ms
[153.933s][info][gc,phases   ] GC(9) Concurrent Reset Relocation Set 0.014ms
[153.936s][info][gc,phases   ] GC(9) Concurrent Select Relocation Set 2.420ms
[153.936s][info][gc,phases   ] GC(9) Pause Relocate Start 0.011ms
[153.943s][info][gc,phases   ] GC(9) Concurrent Relocate 7.118ms
[153.943s][info][gc,load     ] GC(9) Load: 0.00/0.00/0.00
[153.943s][info][gc,mmu      ] GC(9) MMU: 2ms/98.1%, 5ms/99.3%, 10ms/99.4%, 20ms/99.7%, 50ms/99.9%, 100ms/99.9%
[153.943s][info][gc,marking  ] GC(9) Mark: 2 stripe(s), 2 proactive flush(es), 1 terminate flush(es), 0 completion(s), 0 continuation(s) 
[153.943s][info][gc,marking  ] GC(9) Mark Stack Usage: 32M
[153.943s][info][gc,nmethod  ] GC(9) NMethods: 12488 registered, 2361 unregistered
[153.943s][info][gc,metaspace] GC(9) Metaspace: 40M used, 41M committed, 1088M reserved
[153.943s][info][gc,ref      ] GC(9) Soft: 3857 encountered, 0 discovered, 0 enqueued
[153.943s][info][gc,ref      ] GC(9) Weak: 1526 encountered, 1065 discovered, 89 enqueued
[153.943s][info][gc,ref      ] GC(9) Final: 3 encountered, 2 discovered, 0 enqueued
[153.943s][info][gc,ref      ] GC(9) Phantom: 172 encountered, 132 discovered, 0 enqueued
[153.943s][info][gc,reloc    ] GC(9) Small Pages: 607 / 1214M, Empty: 878M, Relocated: 11M, In-Place: 0
[153.943s][info][gc,reloc    ] GC(9) Medium Pages: 3 / 96M, Empty: 32M, Relocated: 2M, In-Place: 0
[153.943s][info][gc,reloc    ] GC(9) Large Pages: 2 / 18M, Empty: 8M, Relocated: 0M, In-Place: 0
[153.943s][info][gc,reloc    ] GC(9) Forwarding Usage: 3M
[153.943s][info][gc,heap     ] GC(9) Min Capacity: 8192M(100%)
[153.943s][info][gc,heap     ] GC(9) Max Capacity: 8192M(100%)
[153.943s][info][gc,heap     ] GC(9) Soft Max Capacity: 8192M(100%)
[153.943s][info][gc,heap     ] GC(9)                Mark Start          Mark End        Relocate Start      Relocate End           High               Low         
[153.943s][info][gc,heap     ] GC(9)  Capacity:     8192M (100%)       8192M (100%)       8192M (100%)       8192M (100%)       8192M (100%)       8192M (100%)   
[153.943s][info][gc,heap     ] GC(9)      Free:     6864M (84%)        6862M (84%)        7780M (95%)        8114M (99%)        8114M (99%)        6862M (84%)    
[153.943s][info][gc,heap     ] GC(9)      Used:     1328M (16%)        1330M (16%)         412M (5%)           78M (1%)         1330M (16%)          78M (1%)     
[153.943s][info][gc,heap     ] GC(9)      Live:         -                38M (0%)           38M (0%)           38M (0%)             -                  -          
[153.943s][info][gc,heap     ] GC(9) Allocated:         -                 2M (0%)            2M (0%)            5M (0%)             -                  -          
[153.943s][info][gc,heap     ] GC(9)   Garbage:         -              1289M (16%)         371M (5%)           33M (0%)             -                  -          
[153.943s][info][gc,heap     ] GC(9) Reclaimed:         -                  -               918M (11%)        1255M (15%)            -                  -          
[153.943s][info][gc          ] GC(9) Garbage Collection (Proactive) 1328M(16%)->78M(1%)
[160.279s][info][gc,stats    ] === Garbage Collection Statistics =======================================================================================================================
[160.279s][info][gc,stats    ]                                                              Last 10s              Last 10m              Last 10h                Total
[160.279s][info][gc,stats    ]                                                              Avg / Max             Avg / Max             Avg / Max             Avg / Max
[160.279s][info][gc,stats    ]   Collector: Garbage Collection Cycle                     70.790 / 70.790      140.829 / 369.233     140.829 / 369.233     140.829 / 369.233     ms
[160.279s][info][gc,stats    ]  Contention: Mark Segment Reset Contention                     0 / 0                 0 / 1                 0 / 1                 0 / 1           ops/s
[160.279s][info][gc,stats    ]  Contention: Mark SeqNum Reset Contention                      0 / 0                 0 / 0                 0 / 0                 0 / 0           ops/s
[160.279s][info][gc,stats    ]    Critical: Allocation Stall                                  0 / 0                 0 / 0                 0 / 0                 0 / 0           ops/s
[160.279s][info][gc,stats    ]    Critical: Allocation Stall                              0.000 / 0.000         0.000 / 0.000         0.000 / 0.000         0.000 / 0.000       ms
[160.279s][info][gc,stats    ]    Critical: GC Locker Stall                                   0 / 0                 0 / 0                 0 / 0                 0 / 0           ops/s
[160.279s][info][gc,stats    ]    Critical: GC Locker Stall                               0.000 / 0.000         0.000 / 0.000         0.000 / 0.000         0.000 / 0.000       ms
[160.279s][info][gc,stats    ]    Critical: Relocation Stall                                  0 / 0                 0 / 0                 0 / 0                 0 / 0           ops/s
[160.279s][info][gc,stats    ]    Critical: Relocation Stall                              0.000 / 0.000         0.000 / 0.000         0.000 / 0.000         0.000 / 0.000       ms
[160.279s][info][gc,stats    ]      Memory: Allocation Rate                                  20 / 52              146 / 842             146 / 842             146 / 842         MB/s
[160.279s][info][gc,stats    ]      Memory: Out Of Memory                                     0 / 0                 0 / 0                 0 / 0                 0 / 0           ops/s
[160.279s][info][gc,stats    ]      Memory: Page Cache Flush                                  0 / 0                 0 / 0                 0 / 0                 0 / 0           MB/s
[160.279s][info][gc,stats    ]      Memory: Page Cache Hit L1                                 9 / 18               49 / 348              49 / 348              49 / 348         ops/s
[160.279s][info][gc,stats    ]      Memory: Page Cache Hit L2                                 0 / 0                 0 / 0                 0 / 0                 0 / 0           ops/s
[160.279s][info][gc,stats    ]      Memory: Page Cache Hit L3                                 0 / 0                11 / 209              11 / 209              11 / 209         ops/s
[160.279s][info][gc,stats    ]      Memory: Page Cache Miss                                   0 / 0                 0 / 1                 0 / 1                 0 / 1           ops/s
[160.279s][info][gc,stats    ]      Memory: Uncommit                                          0 / 0                 0 / 0                 0 / 0                 0 / 0           MB/s
[160.279s][info][gc,stats    ]      Memory: Undo Object Allocation Failed                     0 / 0                 0 / 0                 0 / 0                 0 / 0           ops/s
[160.279s][info][gc,stats    ]      Memory: Undo Object Allocation Succeeded                  0 / 0                 0 / 3                 0 / 3                 0 / 3           ops/s
[160.279s][info][gc,stats    ]      Memory: Undo Page Allocation                              0 / 0                 0 / 1                 0 / 1                 0 / 1           ops/s
[160.279s][info][gc,stats    ]       Phase: Concurrent Mark                              47.531 / 47.531       98.714 / 269.421      98.714 / 269.421      98.714 / 269.421     ms
[160.279s][info][gc,stats    ]       Phase: Concurrent Mark Continue                      0.000 / 0.000         0.000 / 0.000         0.000 / 0.000         0.000 / 0.000       ms
[160.279s][info][gc,stats    ]       Phase: Concurrent Mark Free                          0.001 / 0.001         0.001 / 0.002         0.001 / 0.002         0.001 / 0.002       ms
[160.279s][info][gc,stats    ]       Phase: Concurrent Process Non-Strong References     12.784 / 12.784       11.115 / 15.493       11.115 / 15.493       11.115 / 15.493      ms
[160.279s][info][gc,stats    ]       Phase: Concurrent Relocate                           7.118 / 7.118        24.602 / 75.349       24.602 / 75.349       24.602 / 75.349      ms
[160.279s][info][gc,stats    ]       Phase: Concurrent Reset Relocation Set               0.014 / 0.014         0.033 / 0.053         0.033 / 0.053         0.033 / 0.053       ms
[160.279s][info][gc,stats    ]       Phase: Concurrent Select Relocation Set              2.420 / 2.420         5.225 / 11.319        5.225 / 11.319        5.225 / 11.319      ms
[160.279s][info][gc,stats    ]       Phase: Pause Mark End                                0.014 / 0.014         0.019 / 0.037         0.019 / 0.037         0.019 / 0.037       ms
[160.279s][info][gc,stats    ]       Phase: Pause Mark Start                              0.008 / 0.008         0.008 / 0.011         0.008 / 0.011         0.008 / 0.011       ms
[160.279s][info][gc,stats    ]       Phase: Pause Relocate Start                          0.011 / 0.011         0.013 / 0.020         0.013 / 0.020         0.013 / 0.020       ms
[160.279s][info][gc,stats    ]    Subphase: Concurrent Classes Purge                      0.426 / 0.426         0.349 / 0.467         0.349 / 0.467         0.349 / 0.467       ms
[160.279s][info][gc,stats    ]    Subphase: Concurrent Classes Unlink                    11.653 / 11.653        9.578 / 13.066        9.578 / 13.066        9.578 / 13.066      ms
[160.279s][info][gc,stats    ]    Subphase: Concurrent Mark                              37.601 / 45.807       93.043 / 268.470      93.043 / 268.470      93.043 / 268.470     ms
[160.279s][info][gc,stats    ]    Subphase: Concurrent Mark Try Flush                     0.069 / 0.147         0.085 / 0.347         0.085 / 0.347         0.085 / 0.347       ms
[160.279s][info][gc,stats    ]    Subphase: Concurrent Mark Try Terminate                 5.555 / 16.643        3.507 / 16.643        3.507 / 16.643        3.507 / 16.643      ms
[160.279s][info][gc,stats    ]    Subphase: Concurrent References Enqueue                 0.004 / 0.004         0.006 / 0.008         0.006 / 0.008         0.006 / 0.008       ms
[160.279s][info][gc,stats    ]    Subphase: Concurrent References Process                 0.137 / 0.137         0.387 / 0.881         0.387 / 0.881         0.387 / 0.881       ms
[160.279s][info][gc,stats    ]    Subphase: Concurrent Roots ClassLoaderDataGraph         0.064 / 0.121         0.137 / 0.477         0.137 / 0.477         0.137 / 0.477       ms
[160.279s][info][gc,stats    ]    Subphase: Concurrent Roots CodeCache                    0.000 / 0.000         0.000 / 0.000         0.000 / 0.000         0.000 / 0.000       ms
[160.279s][info][gc,stats    ]    Subphase: Concurrent Roots JavaThreads                  1.446 / 1.521         1.030 / 2.038         1.030 / 2.038         1.030 / 2.038       ms
[160.279s][info][gc,stats    ]    Subphase: Concurrent Roots OopStorageSet                0.014 / 0.016         0.033 / 0.120         0.033 / 0.120         0.033 / 0.120       ms
[160.279s][info][gc,stats    ]    Subphase: Concurrent Weak Roots OopStorageSet           0.359 / 0.359         0.615 / 1.012         0.615 / 1.012         0.615 / 1.012       ms
[160.279s][info][gc,stats    ]    Subphase: Pause Mark Try Complete                       0.000 / 0.000         0.000 / 0.000         0.000 / 0.000         0.000 / 0.000       ms
[160.279s][info][gc,stats    ]      System: Java Threads                                     30 / 30               30 / 36               30 / 36               30 / 36          threads
[160.280s][info][gc,stats    ] =========================================================================================================================================================
[167.068s][info][gc,start    ] GC(10) Garbage Collection (Proactive)
[167.068s][info][gc,task     ] GC(10) Using 2 workers
[167.068s][info][gc,phases   ] GC(10) Pause Mark Start 0.012ms
[167.100s][info][gc,phases   ] GC(10) Concurrent Mark 31.452ms
[167.100s][info][gc,phases   ] GC(10) Pause Mark End 0.013ms
[167.100s][info][gc,phases   ] GC(10) Concurrent Mark Free 0.002ms
[167.114s][info][gc,phases   ] GC(10) Concurrent Process Non-Strong References 14.547ms
[167.114s][info][gc,phases   ] GC(10) Concurrent Reset Relocation Set 0.009ms
[167.117s][info][gc,phases   ] GC(10) Concurrent Select Relocation Set 2.796ms
[167.117s][info][gc,phases   ] GC(10) Pause Relocate Start 0.009ms
[167.124s][info][gc,phases   ] GC(10) Concurrent Relocate 6.116ms
[167.124s][info][gc,load     ] GC(10) Load: 0.00/0.00/0.00
[167.124s][info][gc,mmu      ] GC(10) MMU: 2ms/98.1%, 5ms/99.3%, 10ms/99.4%, 20ms/99.7%, 50ms/99.9%, 100ms/99.9%
[167.124s][info][gc,marking  ] GC(10) Mark: 2 stripe(s), 2 proactive flush(es), 1 terminate flush(es), 0 completion(s), 0 continuation(s) 
[167.124s][info][gc,marking  ] GC(10) Mark Stack Usage: 32M
[167.124s][info][gc,nmethod  ] GC(10) NMethods: 12584 registered, 2361 unregistered
[167.124s][info][gc,metaspace] GC(10) Metaspace: 40M used, 41M committed, 1088M reserved
[167.124s][info][gc,ref      ] GC(10) Soft: 3857 encountered, 0 discovered, 0 enqueued
[167.124s][info][gc,ref      ] GC(10) Weak: 1552 encountered, 801 discovered, 76 enqueued
[167.124s][info][gc,ref      ] GC(10) Final: 3 encountered, 2 discovered, 0 enqueued
[167.124s][info][gc,ref      ] GC(10) Phantom: 178 encountered, 136 discovered, 0 enqueued
[167.124s][info][gc,reloc    ] GC(10) Small Pages: 419 / 838M, Empty: 234M, Relocated: 10M, In-Place: 0
[167.124s][info][gc,reloc    ] GC(10) Medium Pages: 2 / 64M, Empty: 0M, Relocated: 3M, In-Place: 0
[167.124s][info][gc,reloc    ] GC(10) Large Pages: 1 / 10M, Empty: 0M, Relocated: 0M, In-Place: 0
[167.124s][info][gc,reloc    ] GC(10) Forwarding Usage: 3M
[167.124s][info][gc,heap     ] GC(10) Min Capacity: 8192M(100%)
[167.124s][info][gc,heap     ] GC(10) Max Capacity: 8192M(100%)
[167.124s][info][gc,heap     ] GC(10) Soft Max Capacity: 8192M(100%)
[167.124s][info][gc,heap     ] GC(10)                Mark Start          Mark End        Relocate Start      Relocate End           High               Low         
[167.124s][info][gc,heap     ] GC(10)  Capacity:     8192M (100%)       8192M (100%)       8192M (100%)       8192M (100%)       8192M (100%)       8192M (100%)   
[167.124s][info][gc,heap     ] GC(10)      Free:     7280M (89%)        7278M (89%)        7508M (92%)        8108M (99%)        8108M (99%)        7274M (89%)    
[167.124s][info][gc,heap     ] GC(10)      Used:      912M (11%)         914M (11%)         684M (8%)           84M (1%)          918M (11%)          84M (1%)     
[167.124s][info][gc,heap     ] GC(10)      Live:         -                43M (1%)           43M (1%)           43M (1%)             -                  -          
[167.124s][info][gc,heap     ] GC(10) Allocated:         -                 2M (0%)            6M (0%)            7M (0%)             -                  -          
[167.124s][info][gc,heap     ] GC(10)   Garbage:         -               868M (11%)         634M (8%)           33M (0%)             -                  -          
[167.124s][info][gc,heap     ] GC(10) Reclaimed:         -                  -               234M (3%)          835M (10%)            -                  -          
[167.124s][info][gc          ] GC(10) Garbage Collection (Proactive) 912M(11%)->84M(1%)
[170.275s][info][gc,stats    ] === Garbage Collection Statistics =======================================================================================================================
[170.275s][info][gc,stats    ]                                                              Last 10s              Last 10m              Last 10h                Total
[170.275s][info][gc,stats    ]                                                              Avg / Max             Avg / Max             Avg / Max             Avg / Max
[170.275s][info][gc,stats    ]   Collector: Garbage Collection Cycle                     55.840 / 55.840      133.103 / 369.233     133.103 / 369.233     133.103 / 369.233     ms
[170.275s][info][gc,stats    ]  Contention: Mark Segment Reset Contention                     0 / 0                 0 / 1                 0 / 1                 0 / 1           ops/s
[170.275s][info][gc,stats    ]  Contention: Mark SeqNum Reset Contention                      0 / 0                 0 / 0                 0 / 0                 0 / 0           ops/s
[170.275s][info][gc,stats    ]    Critical: Allocation Stall                                  0 / 0                 0 / 0                 0 / 0                 0 / 0           ops/s
[170.275s][info][gc,stats    ]    Critical: Allocation Stall                              0.000 / 0.000         0.000 / 0.000         0.000 / 0.000         0.000 / 0.000       ms
[170.275s][info][gc,stats    ]    Critical: GC Locker Stall                                   0 / 0                 0 / 0                 0 / 0                 0 / 0           ops/s
[170.275s][info][gc,stats    ]    Critical: GC Locker Stall                               0.000 / 0.000         0.000 / 0.000         0.000 / 0.000         0.000 / 0.000       ms
[170.275s][info][gc,stats    ]    Critical: Relocation Stall                                  0 / 0                 0 / 0                 0 / 0                 0 / 0           ops/s
[170.275s][info][gc,stats    ]    Critical: Relocation Stall                              0.000 / 0.000         0.000 / 0.000         0.000 / 0.000         0.000 / 0.000       ms
[170.275s][info][gc,stats    ]      Memory: Allocation Rate                                 129 / 260             145 / 842             145 / 842             145 / 842         MB/s
[170.275s][info][gc,stats    ]      Memory: Out Of Memory                                     0 / 0                 0 / 0                 0 / 0                 0 / 0           ops/s
[170.275s][info][gc,stats    ]      Memory: Page Cache Flush                                  0 / 0                 0 / 0                 0 / 0                 0 / 0           MB/s
[170.275s][info][gc,stats    ]      Memory: Page Cache Hit L1                                64 / 130              49 / 348              49 / 348              49 / 348         ops/s
[170.275s][info][gc,stats    ]      Memory: Page Cache Hit L2                                 0 / 0                 0 / 0                 0 / 0                 0 / 0           ops/s
[170.275s][info][gc,stats    ]      Memory: Page Cache Hit L3                                 0 / 0                11 / 209              11 / 209              11 / 209         ops/s
[170.275s][info][gc,stats    ]      Memory: Page Cache Miss                                   0 / 0                 0 / 1                 0 / 1                 0 / 1           ops/s
[170.275s][info][gc,stats    ]      Memory: Uncommit                                          0 / 0                 0 / 0                 0 / 0                 0 / 0           MB/s
[170.275s][info][gc,stats    ]      Memory: Undo Object Allocation Failed                     0 / 0                 0 / 0                 0 / 0                 0 / 0           ops/s
[170.275s][info][gc,stats    ]      Memory: Undo Object Allocation Succeeded                  0 / 0                 0 / 3                 0 / 3                 0 / 3           ops/s
[170.275s][info][gc,stats    ]      Memory: Undo Page Allocation                              0 / 0                 0 / 1                 0 / 1                 0 / 1           ops/s
[170.275s][info][gc,stats    ]       Phase: Concurrent Mark                              31.452 / 31.452       92.599 / 269.421      92.599 / 269.421      92.599 / 269.421     ms
[170.275s][info][gc,stats    ]       Phase: Concurrent Mark Continue                      0.000 / 0.000         0.000 / 0.000         0.000 / 0.000         0.000 / 0.000       ms
[170.275s][info][gc,stats    ]       Phase: Concurrent Mark Free                          0.002 / 0.002         0.001 / 0.002         0.001 / 0.002         0.001 / 0.002       ms
[170.275s][info][gc,stats    ]       Phase: Concurrent Process Non-Strong References     14.547 / 14.547       11.427 / 15.493       11.427 / 15.493       11.427 / 15.493      ms
[170.275s][info][gc,stats    ]       Phase: Concurrent Relocate                           6.116 / 6.116        22.922 / 75.349       22.922 / 75.349       22.922 / 75.349      ms
[170.275s][info][gc,stats    ]       Phase: Concurrent Reset Relocation Set               0.009 / 0.009         0.031 / 0.053         0.031 / 0.053         0.031 / 0.053       ms
[170.275s][info][gc,stats    ]       Phase: Concurrent Select Relocation Set              2.796 / 2.796         5.004 / 11.319        5.004 / 11.319        5.004 / 11.319      ms
[170.275s][info][gc,stats    ]       Phase: Pause Mark End                                0.013 / 0.013         0.019 / 0.037         0.019 / 0.037         0.019 / 0.037       ms
[170.275s][info][gc,stats    ]       Phase: Pause Mark Start                              0.012 / 0.012         0.009 / 0.012         0.009 / 0.012         0.009 / 0.012       ms
[170.275s][info][gc,stats    ]       Phase: Pause Relocate Start                          0.009 / 0.009         0.013 / 0.020         0.013 / 0.020         0.013 / 0.020       ms
[170.275s][info][gc,stats    ]    Subphase: Concurrent Classes Purge                      0.468 / 0.468         0.360 / 0.468         0.360 / 0.468         0.360 / 0.468       ms
[170.275s][info][gc,stats    ]    Subphase: Concurrent Classes Unlink                    13.284 / 13.284        9.915 / 13.284        9.915 / 13.284        9.915 / 13.284      ms
[170.275s][info][gc,stats    ]    Subphase: Concurrent Mark                              27.975 / 29.913       87.127 / 268.470      87.127 / 268.470      87.127 / 268.470     ms
[170.275s][info][gc,stats    ]    Subphase: Concurrent Mark Try Flush                     0.098 / 0.170         0.086 / 0.347         0.086 / 0.347         0.086 / 0.347       ms
[170.275s][info][gc,stats    ]    Subphase: Concurrent Mark Try Terminate                 1.405 / 4.154         3.321 / 16.643        3.321 / 16.643        3.321 / 16.643      ms
[170.275s][info][gc,stats    ]    Subphase: Concurrent References Enqueue                 0.004 / 0.004         0.006 / 0.008         0.006 / 0.008         0.006 / 0.008       ms
[170.275s][info][gc,stats    ]    Subphase: Concurrent References Process                 0.157 / 0.157         0.366 / 0.881         0.366 / 0.881         0.366 / 0.881       ms
[170.275s][info][gc,stats    ]    Subphase: Concurrent Roots ClassLoaderDataGraph         0.115 / 0.219         0.135 / 0.477         0.135 / 0.477         0.135 / 0.477       ms
[170.275s][info][gc,stats    ]    Subphase: Concurrent Roots CodeCache                    0.000 / 0.000         0.000 / 0.000         0.000 / 0.000         0.000 / 0.000       ms
[170.275s][info][gc,stats    ]    Subphase: Concurrent Roots JavaThreads                  1.186 / 1.300         1.044 / 2.038         1.044 / 2.038         1.044 / 2.038       ms
[170.275s][info][gc,stats    ]    Subphase: Concurrent Roots OopStorageSet                0.021 / 0.024         0.032 / 0.120         0.032 / 0.120         0.032 / 0.120       ms
[170.275s][info][gc,stats    ]    Subphase: Concurrent Weak Roots OopStorageSet           0.481 / 0.494         0.603 / 1.012         0.603 / 1.012         0.603 / 1.012       ms
[170.275s][info][gc,stats    ]    Subphase: Pause Mark Try Complete                       0.000 / 0.000         0.000 / 0.000         0.000 / 0.000         0.000 / 0.000       ms
[170.275s][info][gc,stats    ]      System: Java Threads                                     30 / 31               30 / 36               30 / 36               30 / 36          threads
[170.275s][info][gc,stats    ] =========================================================================================================================================================
[173.778s][info][gc,start    ] GC(11) Garbage Collection (Proactive)
[173.778s][info][gc,task     ] GC(11) Using 2 workers
[173.778s][info][gc,phases   ] GC(11) Pause Mark Start 0.009ms
[173.825s][info][gc,phases   ] GC(11) Concurrent Mark 46.870ms
[173.825s][info][gc,phases   ] GC(11) Pause Mark End 0.012ms
[173.826s][info][gc,phases   ] GC(11) Concurrent Mark Free 0.002ms
[173.840s][info][gc,phases   ] GC(11) Concurrent Process Non-Strong References 14.151ms
[173.840s][info][gc,phases   ] GC(11) Concurrent Reset Relocation Set 0.016ms
[173.843s][info][gc,phases   ] GC(11) Concurrent Select Relocation Set 3.319ms
[173.843s][info][gc,phases   ] GC(11) Pause Relocate Start 0.010ms
[173.855s][info][gc,phases   ] GC(11) Concurrent Relocate 11.619ms
[173.855s][info][gc,load     ] GC(11) Load: 0.00/0.00/0.00
[173.855s][info][gc,mmu      ] GC(11) MMU: 2ms/98.1%, 5ms/99.3%, 10ms/99.4%, 20ms/99.7%, 50ms/99.9%, 100ms/99.9%
[173.855s][info][gc,marking  ] GC(11) Mark: 2 stripe(s), 2 proactive flush(es), 1 terminate flush(es), 0 completion(s), 0 continuation(s) 
[173.855s][info][gc,marking  ] GC(11) Mark Stack Usage: 32M
[173.855s][info][gc,nmethod  ] GC(11) NMethods: 12763 registered, 2374 unregistered
[173.855s][info][gc,metaspace] GC(11) Metaspace: 40M used, 41M committed, 1088M reserved
[173.855s][info][gc,ref      ] GC(11) Soft: 3857 encountered, 0 discovered, 0 enqueued
[173.855s][info][gc,ref      ] GC(11) Weak: 5317 encountered, 4575 discovered, 82 enqueued
[173.855s][info][gc,ref      ] GC(11) Final: 3 encountered, 3 discovered, 0 enqueued
[173.855s][info][gc,ref      ] GC(11) Phantom: 172 encountered, 129 discovered, 0 enqueued
[173.855s][info][gc,reloc    ] GC(11) Small Pages: 709 / 1418M, Empty: 660M, Relocated: 18M, In-Place: 0
[173.855s][info][gc,reloc    ] GC(11) Medium Pages: 15 / 480M, Empty: 384M, Relocated: 4M, In-Place: 0
[173.855s][info][gc,reloc    ] GC(11) Large Pages: 1 / 10M, Empty: 0M, Relocated: 0M, In-Place: 0
[173.855s][info][gc,reloc    ] GC(11) Forwarding Usage: 6M
[173.855s][info][gc,heap     ] GC(11) Min Capacity: 8192M(100%)
[173.855s][info][gc,heap     ] GC(11) Max Capacity: 8192M(100%)
[173.855s][info][gc,heap     ] GC(11) Soft Max Capacity: 8192M(100%)
[173.855s][info][gc,heap     ] GC(11)                Mark Start          Mark End        Relocate Start      Relocate End           High               Low         
[173.855s][info][gc,heap     ] GC(11)  Capacity:     8192M (100%)       8192M (100%)       8192M (100%)       8192M (100%)       8192M (100%)       8192M (100%)   
[173.855s][info][gc,heap     ] GC(11)      Free:     6284M (77%)        6246M (76%)        7288M (89%)        8032M (98%)        8032M (98%)        6244M (76%)    
[173.855s][info][gc,heap     ] GC(11)      Used:     1908M (23%)        1946M (24%)         904M (11%)         160M (2%)         1948M (24%)         160M (2%)     
[173.855s][info][gc,heap     ] GC(11)      Live:         -                54M (1%)           54M (1%)           54M (1%)             -                  -          
[173.855s][info][gc,heap     ] GC(11) Allocated:         -                38M (0%)           40M (0%)           73M (1%)             -                  -          
[173.855s][info][gc,heap     ] GC(11)   Garbage:         -              1853M (23%)         809M (10%)          31M (0%)             -                  -          
[173.855s][info][gc,heap     ] GC(11) Reclaimed:         -                  -              1044M (13%)        1821M (22%)            -                  -          
[173.855s][info][gc          ] GC(11) Garbage Collection (Proactive) 1908M(23%)->160M(2%)
[179.766s][info][gc,start    ] GC(12) Garbage Collection (Proactive)
[179.766s][info][gc,task     ] GC(12) Using 2 workers
[179.766s][info][gc,phases   ] GC(12) Pause Mark Start 0.008ms
[179.886s][info][gc,phases   ] GC(12) Concurrent Mark 120.152ms
[179.886s][info][gc,phases   ] GC(12) Pause Mark End 0.011ms
[179.886s][info][gc,phases   ] GC(12) Concurrent Mark Free 0.001ms
[179.901s][info][gc,phases   ] GC(12) Concurrent Process Non-Strong References 14.997ms
[179.901s][info][gc,phases   ] GC(12) Concurrent Reset Relocation Set 0.020ms
[179.908s][info][gc,phases   ] GC(12) Concurrent Select Relocation Set 6.223ms
[179.908s][info][gc,phases   ] GC(12) Pause Relocate Start 0.013ms
[179.948s][info][gc,phases   ] GC(12) Concurrent Relocate 40.201ms
[179.948s][info][gc,load     ] GC(12) Load: 0.00/0.00/0.00
[179.948s][info][gc,mmu      ] GC(12) MMU: 2ms/98.1%, 5ms/99.3%, 10ms/99.4%, 20ms/99.7%, 50ms/99.9%, 100ms/99.9%
[179.948s][info][gc,marking  ] GC(12) Mark: 2 stripe(s), 2 proactive flush(es), 1 terminate flush(es), 0 completion(s), 0 continuation(s) 
[179.948s][info][gc,marking  ] GC(12) Mark Stack Usage: 32M
[179.948s][info][gc,nmethod  ] GC(12) NMethods: 13096 registered, 2374 unregistered
[179.948s][info][gc,metaspace] GC(12) Metaspace: 41M used, 41M committed, 1088M reserved
[179.948s][info][gc,ref      ] GC(12) Soft: 3857 encountered, 0 discovered, 0 enqueued
[179.948s][info][gc,ref      ] GC(12) Weak: 8835 encountered, 8181 discovered, 7286 enqueued
[179.948s][info][gc,ref      ] GC(12) Final: 3 encountered, 3 discovered, 0 enqueued
[179.948s][info][gc,ref      ] GC(12) Phantom: 172 encountered, 120 discovered, 0 enqueued
[179.948s][info][gc,reloc    ] GC(12) Small Pages: 1283 / 2566M, Empty: 1568M, Relocated: 69M, In-Place: 0
[179.948s][info][gc,reloc    ] GC(12) Medium Pages: 30 / 960M, Empty: 896M, Relocated: 6M, In-Place: 0
[179.948s][info][gc,reloc    ] GC(12) Large Pages: 1 / 10M, Empty: 0M, Relocated: 0M, In-Place: 0
[179.948s][info][gc,reloc    ] GC(12) Forwarding Usage: 16M
[179.948s][info][gc,heap     ] GC(12) Min Capacity: 8192M(100%)
[179.948s][info][gc,heap     ] GC(12) Max Capacity: 8192M(100%)
[179.948s][info][gc,heap     ] GC(12) Soft Max Capacity: 8192M(100%)
[179.948s][info][gc,heap     ] GC(12)                Mark Start          Mark End        Relocate Start      Relocate End           High               Low         
[179.948s][info][gc,heap     ] GC(12)  Capacity:     8192M (100%)       8192M (100%)       8192M (100%)       8192M (100%)       8192M (100%)       8192M (100%)   
[179.948s][info][gc,heap     ] GC(12)      Free:     4656M (57%)        4598M (56%)        7054M (86%)        7954M (97%)        7954M (97%)        4592M (56%)    
[179.948s][info][gc,heap     ] GC(12)      Used:     3536M (43%)        3594M (44%)        1138M (14%)         238M (3%)         3600M (44%)         238M (3%)     
[179.948s][info][gc,heap     ] GC(12)      Live:         -                97M (1%)           97M (1%)           97M (1%)             -                  -          
[179.948s][info][gc,heap     ] GC(12) Allocated:         -                58M (1%)           66M (1%)          113M (1%)             -                  -          
[179.948s][info][gc,heap     ] GC(12)   Garbage:         -              3438M (42%)         974M (12%)          26M (0%)             -                  -          
[179.948s][info][gc,heap     ] GC(12) Reclaimed:         -                  -              2464M (30%)        3411M (42%)            -                  -          
[179.948s][info][gc          ] GC(12) Garbage Collection (Proactive) 3536M(43%)->238M(3%)
[180.265s][info][gc,stats    ] === Garbage Collection Statistics =======================================================================================================================
[180.265s][info][gc,stats    ]                                                              Last 10s              Last 10m              Last 10h                Total
[180.265s][info][gc,stats    ]                                                              Avg / Max             Avg / Max             Avg / Max             Avg / Max
[180.265s][info][gc,stats    ]   Collector: Garbage Collection Cycle                    129.685 / 182.457     132.577 / 369.233     132.577 / 369.233     132.577 / 369.233     ms
[180.265s][info][gc,stats    ]  Contention: Mark Segment Reset Contention                     0 / 0                 0 / 1                 0 / 1                 0 / 1           ops/s
[180.265s][info][gc,stats    ]  Contention: Mark SeqNum Reset Contention                      0 / 0                 0 / 0                 0 / 0                 0 / 0           ops/s
[180.265s][info][gc,stats    ]    Critical: Allocation Stall                                  0 / 0                 0 / 0                 0 / 0                 0 / 0           ops/s
[180.265s][info][gc,stats    ]    Critical: Allocation Stall                              0.000 / 0.000         0.000 / 0.000         0.000 / 0.000         0.000 / 0.000       ms
[180.265s][info][gc,stats    ]    Critical: GC Locker Stall                                   0 / 0                 0 / 0                 0 / 0                 0 / 0           ops/s
[180.265s][info][gc,stats    ]    Critical: GC Locker Stall                               0.000 / 0.000         0.000 / 0.000         0.000 / 0.000         0.000 / 0.000       ms
[180.265s][info][gc,stats    ]    Critical: Relocation Stall                                  0 / 0                 0 / 0                 0 / 0                 0 / 0           ops/s
[180.265s][info][gc,stats    ]    Critical: Relocation Stall                              0.000 / 0.000         0.000 / 0.000         0.000 / 0.000         0.000 / 0.000       ms
[180.266s][info][gc,stats    ]      Memory: Allocation Rate                                 493 / 880             164 / 880             164 / 880             164 / 880         MB/s
[180.266s][info][gc,stats    ]      Memory: Out Of Memory                                     0 / 0                 0 / 0                 0 / 0                 0 / 0           ops/s
[180.266s][info][gc,stats    ]      Memory: Page Cache Flush                                  0 / 0                 0 / 0                 0 / 0                 0 / 0           MB/s
[180.266s][info][gc,stats    ]      Memory: Page Cache Hit L1                               186 / 370              57 / 370              57 / 370              57 / 370         ops/s
[180.266s][info][gc,stats    ]      Memory: Page Cache Hit L2                                 0 / 0                 0 / 0                 0 / 0                 0 / 0           ops/s
[180.266s][info][gc,stats    ]      Memory: Page Cache Hit L3                                 0 / 0                10 / 209              10 / 209              10 / 209         ops/s
[180.266s][info][gc,stats    ]      Memory: Page Cache Miss                                   0 / 0                 0 / 1                 0 / 1                 0 / 1           ops/s
[180.266s][info][gc,stats    ]      Memory: Uncommit                                          0 / 0                 0 / 0                 0 / 0                 0 / 0           MB/s
[180.266s][info][gc,stats    ]      Memory: Undo Object Allocation Failed                     0 / 0                 0 / 0                 0 / 0                 0 / 0           ops/s
[180.266s][info][gc,stats    ]      Memory: Undo Object Allocation Succeeded                  0 / 1                 0 / 3                 0 / 3                 0 / 3           ops/s
[180.266s][info][gc,stats    ]      Memory: Undo Page Allocation                              0 / 0                 0 / 1                 0 / 1                 0 / 1           ops/s
[180.266s][info][gc,stats    ]       Phase: Concurrent Mark                              83.511 / 120.152      91.201 / 269.421      91.201 / 269.421      91.201 / 269.421     ms
[180.266s][info][gc,stats    ]       Phase: Concurrent Mark Continue                      0.000 / 0.000         0.000 / 0.000         0.000 / 0.000         0.000 / 0.000       ms
[180.266s][info][gc,stats    ]       Phase: Concurrent Mark Free                          0.001 / 0.002         0.001 / 0.002         0.001 / 0.002         0.001 / 0.002       ms
[180.266s][info][gc,stats    ]       Phase: Concurrent Process Non-Strong References     14.574 / 14.997       11.911 / 15.493       11.911 / 15.493       11.911 / 15.493      ms
[180.266s][info][gc,stats    ]       Phase: Concurrent Relocate                          25.910 / 40.201       23.382 / 75.349       23.382 / 75.349       23.382 / 75.349      ms
[180.266s][info][gc,stats    ]       Phase: Concurrent Reset Relocation Set               0.018 / 0.020         0.029 / 0.053         0.029 / 0.053         0.029 / 0.053       ms
[180.266s][info][gc,stats    ]       Phase: Concurrent Select Relocation Set              4.771 / 6.223         4.968 / 11.319        4.968 / 11.319        4.968 / 11.319      ms
[180.266s][info][gc,stats    ]       Phase: Pause Mark End                                0.011 / 0.012         0.018 / 0.037         0.018 / 0.037         0.018 / 0.037       ms
[180.266s][info][gc,stats    ]       Phase: Pause Mark Start                              0.008 / 0.009         0.008 / 0.012         0.008 / 0.012         0.008 / 0.012       ms
[180.266s][info][gc,stats    ]       Phase: Pause Relocate Start                          0.011 / 0.013         0.013 / 0.020         0.013 / 0.020         0.013 / 0.020       ms
[180.266s][info][gc,stats    ]    Subphase: Concurrent Classes Purge                      0.532 / 0.556         0.387 / 0.556         0.387 / 0.556         0.387 / 0.556       ms
[180.266s][info][gc,stats    ]    Subphase: Concurrent Classes Unlink                    13.122 / 13.524       10.408 / 13.524       10.408 / 13.524       10.408 / 13.524      ms
[180.266s][info][gc,stats    ]    Subphase: Concurrent Mark                              81.469 / 118.723      86.257 / 268.470      86.257 / 268.470      86.257 / 268.470     ms
[180.266s][info][gc,stats    ]    Subphase: Concurrent Mark Try Flush                     0.070 / 0.114         0.083 / 0.347         0.083 / 0.347         0.083 / 0.347       ms
[180.266s][info][gc,stats    ]    Subphase: Concurrent Mark Try Terminate                 0.631 / 2.081         2.918 / 16.643        2.918 / 16.643        2.918 / 16.643      ms
[180.266s][info][gc,stats    ]    Subphase: Concurrent References Enqueue                 0.004 / 0.005         0.006 / 0.008         0.006 / 0.008         0.006 / 0.008       ms
[180.266s][info][gc,stats    ]    Subphase: Concurrent References Process                 0.468 / 0.532         0.382 / 0.881         0.382 / 0.881         0.382 / 0.881       ms
[180.266s][info][gc,stats    ]    Subphase: Concurrent Roots ClassLoaderDataGraph         0.088 / 0.188         0.128 / 0.477         0.128 / 0.477         0.128 / 0.477       ms
[180.266s][info][gc,stats    ]    Subphase: Concurrent Roots CodeCache                    0.000 / 0.000         0.000 / 0.000         0.000 / 0.000         0.000 / 0.000       ms
[180.266s][info][gc,stats    ]    Subphase: Concurrent Roots JavaThreads                  1.186 / 1.283         1.066 / 2.038         1.066 / 2.038         1.066 / 2.038       ms
[180.266s][info][gc,stats    ]    Subphase: Concurrent Roots OopStorageSet                0.021 / 0.030         0.030 / 0.120         0.030 / 0.120         0.030 / 0.120       ms
[180.266s][info][gc,stats    ]    Subphase: Concurrent Weak Roots OopStorageSet           0.277 / 0.292         0.553 / 1.012         0.553 / 1.012         0.553 / 1.012       ms
[180.266s][info][gc,stats    ]    Subphase: Pause Mark Try Complete                       0.000 / 0.000         0.000 / 0.000         0.000 / 0.000         0.000 / 0.000       ms
[180.266s][info][gc,stats    ]      System: Java Threads                                     30 / 30               30 / 36               30 / 36               30 / 36          threads
[180.266s][info][gc,stats    ] =========================================================================================================================================================
[181.227s][info][gc,start    ] GC(13) Garbage Collection (System.gc())
[181.227s][info][gc,task     ] GC(13) Using 2 workers
[181.227s][info][gc,phases   ] GC(13) Pause Mark Start 0.006ms
[181.395s][info][gc,phases   ] GC(13) Concurrent Mark 168.100ms
[181.395s][info][gc,phases   ] GC(13) Pause Mark End 0.018ms
[181.395s][info][gc,phases   ] GC(13) Concurrent Mark Free 0.002ms
[181.410s][info][gc,phases   ] GC(13) Concurrent Process Non-Strong References 14.325ms
[181.410s][info][gc,phases   ] GC(13) Concurrent Reset Relocation Set 0.031ms
[181.412s][info][gc,phases   ] GC(13) Concurrent Select Relocation Set 2.745ms
[181.413s][info][gc,phases   ] GC(13) Pause Relocate Start 0.015ms
[181.441s][info][gc,phases   ] GC(13) Concurrent Relocate 28.311ms
[181.441s][info][gc,load     ] GC(13) Load: 0.00/0.00/0.00
[181.441s][info][gc,mmu      ] GC(13) MMU: 2ms/98.1%, 5ms/99.3%, 10ms/99.4%, 20ms/99.7%, 50ms/99.9%, 100ms/99.9%
[181.441s][info][gc,marking  ] GC(13) Mark: 2 stripe(s), 2 proactive flush(es), 1 terminate flush(es), 0 completion(s), 0 continuation(s) 
[181.441s][info][gc,marking  ] GC(13) Mark Stack Usage: 32M
[181.441s][info][gc,nmethod  ] GC(13) NMethods: 13104 registered, 2374 unregistered
[181.441s][info][gc,metaspace] GC(13) Metaspace: 41M used, 41M committed, 1088M reserved
[181.441s][info][gc,ref      ] GC(13) Soft: 3857 encountered, 0 discovered, 0 enqueued
[181.441s][info][gc,ref      ] GC(13) Weak: 1561 encountered, 162 discovered, 10 enqueued
[181.441s][info][gc,ref      ] GC(13) Final: 3 encountered, 0 discovered, 0 enqueued
[181.441s][info][gc,ref      ] GC(13) Phantom: 173 encountered, 132 discovered, 0 enqueued
[181.441s][info][gc,reloc    ] GC(13) Small Pages: 239 / 478M, Empty: 22M, Relocated: 48M, In-Place: 0
[181.441s][info][gc,reloc    ] GC(13) Medium Pages: 2 / 64M, Empty: 0M, Relocated: 13M, In-Place: 0
[181.441s][info][gc,reloc    ] GC(13) Large Pages: 2 / 18M, Empty: 0M, Relocated: 0M, In-Place: 0
[181.441s][info][gc,reloc    ] GC(13) Forwarding Usage: 15M
[181.441s][info][gc,heap     ] GC(13) Min Capacity: 8192M(100%)
[181.441s][info][gc,heap     ] GC(13) Max Capacity: 8192M(100%)
[181.441s][info][gc,heap     ] GC(13) Soft Max Capacity: 8192M(100%)
[181.441s][info][gc,heap     ] GC(13)                Mark Start          Mark End        Relocate Start      Relocate End           High               Low         
[181.441s][info][gc,heap     ] GC(13)  Capacity:     8192M (100%)       8192M (100%)       8192M (100%)       8192M (100%)       8192M (100%)       8192M (100%)   
[181.441s][info][gc,heap     ] GC(13)      Free:     7632M (93%)        7630M (93%)        7650M (93%)        7974M (97%)        7974M (97%)        7586M (93%)    
[181.442s][info][gc,heap     ] GC(13)      Used:      560M (7%)          562M (7%)          542M (7%)          218M (3%)          606M (7%)          218M (3%)     
[181.442s][info][gc,heap     ] GC(13)      Live:         -               158M (2%)          158M (2%)          158M (2%)             -                  -          
[181.442s][info][gc,heap     ] GC(13) Allocated:         -                 2M (0%)            4M (0%)           36M (0%)             -                  -          
[181.442s][info][gc,heap     ] GC(13)   Garbage:         -               401M (5%)          379M (5%)           22M (0%)             -                  -          
[181.442s][info][gc,heap     ] GC(13) Reclaimed:         -                  -                22M (0%)          378M (5%)             -                  -          
[181.442s][info][gc          ] GC(13) Garbage Collection (System.gc()) 560M(7%)->218M(3%)
[190.276s][info][gc,stats    ] === Garbage Collection Statistics =======================================================================================================================
[190.276s][info][gc,stats    ]                                                              Last 10s              Last 10m              Last 10h                Total
[190.276s][info][gc,stats    ]                                                              Avg / Max             Avg / Max             Avg / Max             Avg / Max
[190.276s][info][gc,stats    ]   Collector: Garbage Collection Cycle                    214.529 / 214.529     138.431 / 369.233     138.431 / 369.233     138.431 / 369.233     ms
[190.276s][info][gc,stats    ]  Contention: Mark Segment Reset Contention                     0 / 0                 0 / 1                 0 / 1                 0 / 1           ops/s
[190.276s][info][gc,stats    ]  Contention: Mark SeqNum Reset Contention                      0 / 0                 0 / 0                 0 / 0                 0 / 0           ops/s
[190.276s][info][gc,stats    ]    Critical: Allocation Stall                                  0 / 0                 0 / 0                 0 / 0                 0 / 0           ops/s
[190.276s][info][gc,stats    ]    Critical: Allocation Stall                              0.000 / 0.000         0.000 / 0.000         0.000 / 0.000         0.000 / 0.000       ms
[190.276s][info][gc,stats    ]    Critical: GC Locker Stall                                   0 / 0                 0 / 0                 0 / 0                 0 / 0           ops/s
[190.276s][info][gc,stats    ]    Critical: GC Locker Stall                               0.000 / 0.000         0.000 / 0.000         0.000 / 0.000         0.000 / 0.000       ms
[190.276s][info][gc,stats    ]    Critical: Relocation Stall                                  0 / 0                 0 / 0                 0 / 0                 0 / 0           ops/s
[190.276s][info][gc,stats    ]    Critical: Relocation Stall                              0.000 / 0.000         0.000 / 0.000         0.000 / 0.000         0.000 / 0.000       ms
[190.276s][info][gc,stats    ]      Memory: Allocation Rate                                  50 / 184             158 / 880             158 / 880             158 / 880         MB/s
[190.276s][info][gc,stats    ]      Memory: Out Of Memory                                     0 / 0                 0 / 0                 0 / 0                 0 / 0           ops/s
[190.276s][info][gc,stats    ]      Memory: Page Cache Flush                                  0 / 0                 0 / 0                 0 / 0                 0 / 0           MB/s
[190.276s][info][gc,stats    ]      Memory: Page Cache Hit L1                                26 / 92               55 / 370              55 / 370              55 / 370         ops/s
[190.276s][info][gc,stats    ]      Memory: Page Cache Hit L2                                 0 / 0                 0 / 0                 0 / 0                 0 / 0           ops/s
[190.276s][info][gc,stats    ]      Memory: Page Cache Hit L3                                 0 / 0                10 / 209              10 / 209              10 / 209         ops/s
[190.276s][info][gc,stats    ]      Memory: Page Cache Miss                                   0 / 0                 0 / 1                 0 / 1                 0 / 1           ops/s
[190.276s][info][gc,stats    ]      Memory: Uncommit                                          0 / 0                 0 / 0                 0 / 0                 0 / 0           MB/s
[190.276s][info][gc,stats    ]      Memory: Undo Object Allocation Failed                     0 / 0                 0 / 0                 0 / 0                 0 / 0           ops/s
[190.276s][info][gc,stats    ]      Memory: Undo Object Allocation Succeeded                  0 / 0                 0 / 3                 0 / 3                 0 / 3           ops/s
[190.276s][info][gc,stats    ]      Memory: Undo Page Allocation                              0 / 0                 0 / 1                 0 / 1                 0 / 1           ops/s
[190.276s][info][gc,stats    ]       Phase: Concurrent Mark                             168.100 / 168.100      96.694 / 269.421      96.694 / 269.421      96.694 / 269.421     ms
[190.276s][info][gc,stats    ]       Phase: Concurrent Mark Continue                      0.000 / 0.000         0.000 / 0.000         0.000 / 0.000         0.000 / 0.000       ms
[190.276s][info][gc,stats    ]       Phase: Concurrent Mark Free                          0.002 / 0.002         0.001 / 0.002         0.001 / 0.002         0.001 / 0.002       ms
[190.276s][info][gc,stats    ]       Phase: Concurrent Process Non-Strong References     14.325 / 14.325       12.084 / 15.493       12.084 / 15.493       12.084 / 15.493      ms
[190.276s][info][gc,stats    ]       Phase: Concurrent Relocate                          28.311 / 28.311       23.734 / 75.349       23.734 / 75.349       23.734 / 75.349      ms
[190.276s][info][gc,stats    ]       Phase: Concurrent Reset Relocation Set               0.031 / 0.031         0.029 / 0.053         0.029 / 0.053         0.029 / 0.053       ms
[190.276s][info][gc,stats    ]       Phase: Concurrent Select Relocation Set              2.745 / 2.745         4.809 / 11.319        4.809 / 11.319        4.809 / 11.319      ms
[190.276s][info][gc,stats    ]       Phase: Pause Mark End                                0.018 / 0.018         0.018 / 0.037         0.018 / 0.037         0.018 / 0.037       ms
[190.276s][info][gc,stats    ]       Phase: Pause Mark Start                              0.006 / 0.006         0.008 / 0.012         0.008 / 0.012         0.008 / 0.012       ms
[190.276s][info][gc,stats    ]       Phase: Pause Relocate Start                          0.015 / 0.015         0.013 / 0.020         0.013 / 0.020         0.013 / 0.020       ms
[190.276s][info][gc,stats    ]    Subphase: Concurrent Classes Purge                      0.448 / 0.448         0.391 / 0.556         0.391 / 0.556         0.391 / 0.556       ms
[190.276s][info][gc,stats    ]    Subphase: Concurrent Classes Unlink                    12.937 / 12.937       10.589 / 13.524       10.589 / 13.524       10.589 / 13.524      ms
[190.276s][info][gc,stats    ]    Subphase: Concurrent Mark                             164.970 / 166.940      91.879 / 268.470      91.879 / 268.470      91.879 / 268.470     ms
[190.276s][info][gc,stats    ]    Subphase: Concurrent Mark Try Flush                     0.122 / 0.139         0.086 / 0.347         0.086 / 0.347         0.086 / 0.347       ms
[190.276s][info][gc,stats    ]    Subphase: Concurrent Mark Try Terminate                 1.798 / 5.282         2.840 / 16.643        2.840 / 16.643        2.840 / 16.643      ms
[190.276s][info][gc,stats    ]    Subphase: Concurrent References Enqueue                 0.006 / 0.006         0.006 / 0.008         0.006 / 0.008         0.006 / 0.008       ms
[190.276s][info][gc,stats    ]    Subphase: Concurrent References Process                 0.103 / 0.103         0.362 / 0.881         0.362 / 0.881         0.362 / 0.881       ms
[190.276s][info][gc,stats    ]    Subphase: Concurrent Roots ClassLoaderDataGraph         0.111 / 0.208         0.127 / 0.477         0.127 / 0.477         0.127 / 0.477       ms
[190.276s][info][gc,stats    ]    Subphase: Concurrent Roots CodeCache                    0.000 / 0.000         0.000 / 0.000         0.000 / 0.000         0.000 / 0.000       ms
[190.276s][info][gc,stats    ]    Subphase: Concurrent Roots JavaThreads                  0.847 / 0.962         1.050 / 2.038         1.050 / 2.038         1.050 / 2.038       ms
[190.276s][info][gc,stats    ]    Subphase: Concurrent Roots OopStorageSet                0.019 / 0.028         0.029 / 0.120         0.029 / 0.120         0.029 / 0.120       ms
[190.276s][info][gc,stats    ]    Subphase: Concurrent Weak Roots OopStorageSet           0.632 / 0.635         0.558 / 1.012         0.558 / 1.012         0.558 / 1.012       ms
[190.276s][info][gc,stats    ]    Subphase: Pause Mark Try Complete                       0.000 / 0.000         0.000 / 0.000         0.000 / 0.000         0.000 / 0.000       ms
[190.276s][info][gc,stats    ]      System: Java Threads                                     30 / 30               30 / 36               30 / 36               30 / 36          threads
[190.276s][info][gc,stats    ] =========================================================================================================================================================
[200.271s][info][gc,stats    ] === Garbage Collection Statistics =======================================================================================================================
[200.271s][info][gc,stats    ]                                                              Last 10s              Last 10m              Last 10h                Total
[200.271s][info][gc,stats    ]                                                              Avg / Max             Avg / Max             Avg / Max             Avg / Max
[200.271s][info][gc,stats    ]   Collector: Garbage Collection Cycle                      0.000 / 0.000       138.431 / 369.233     138.431 / 369.233     138.431 / 369.233     ms
[200.271s][info][gc,stats    ]  Contention: Mark Segment Reset Contention                     0 / 0                 0 / 1                 0 / 1                 0 / 1           ops/s
[200.272s][info][gc,stats    ]  Contention: Mark SeqNum Reset Contention                      0 / 0                 0 / 0                 0 / 0                 0 / 0           ops/s
[200.272s][info][gc,stats    ]    Critical: Allocation Stall                                  0 / 0                 0 / 0                 0 / 0                 0 / 0           ops/s
[200.272s][info][gc,stats    ]    Critical: Allocation Stall                              0.000 / 0.000         0.000 / 0.000         0.000 / 0.000         0.000 / 0.000       ms
[200.272s][info][gc,stats    ]    Critical: GC Locker Stall                                   0 / 0                 0 / 0                 0 / 0                 0 / 0           ops/s
[200.272s][info][gc,stats    ]    Critical: GC Locker Stall                               0.000 / 0.000         0.000 / 0.000         0.000 / 0.000         0.000 / 0.000       ms
[200.272s][info][gc,stats    ]    Critical: Relocation Stall                                  0 / 0                 0 / 0                 0 / 0                 0 / 0           ops/s
[200.272s][info][gc,stats    ]    Critical: Relocation Stall                              0.000 / 0.000         0.000 / 0.000         0.000 / 0.000         0.000 / 0.000       ms
[200.272s][info][gc,stats    ]      Memory: Allocation Rate                                  17 / 20              151 / 880             151 / 880             151 / 880         MB/s
[200.272s][info][gc,stats    ]      Memory: Out Of Memory                                     0 / 0                 0 / 0                 0 / 0                 0 / 0           ops/s
[200.272s][info][gc,stats    ]      Memory: Page Cache Flush                                  0 / 0                 0 / 0                 0 / 0                 0 / 0           MB/s
[200.272s][info][gc,stats    ]      Memory: Page Cache Hit L1                                 8 / 10               53 / 370              53 / 370              53 / 370         ops/s
[200.272s][info][gc,stats    ]      Memory: Page Cache Hit L2                                 0 / 0                 0 / 0                 0 / 0                 0 / 0           ops/s
[200.272s][info][gc,stats    ]      Memory: Page Cache Hit L3                                 0 / 0                 9 / 209               9 / 209               9 / 209         ops/s
[200.272s][info][gc,stats    ]      Memory: Page Cache Miss                                   0 / 0                 0 / 1                 0 / 1                 0 / 1           ops/s
[200.272s][info][gc,stats    ]      Memory: Uncommit                                          0 / 0                 0 / 0                 0 / 0                 0 / 0           MB/s
[200.272s][info][gc,stats    ]      Memory: Undo Object Allocation Failed                     0 / 0                 0 / 0                 0 / 0                 0 / 0           ops/s
[200.272s][info][gc,stats    ]      Memory: Undo Object Allocation Succeeded                  0 / 0                 0 / 3                 0 / 3                 0 / 3           ops/s
[200.272s][info][gc,stats    ]      Memory: Undo Page Allocation                              0 / 0                 0 / 1                 0 / 1                 0 / 1           ops/s
[200.272s][info][gc,stats    ]       Phase: Concurrent Mark                               0.000 / 0.000        96.694 / 269.421      96.694 / 269.421      96.694 / 269.421     ms
[200.272s][info][gc,stats    ]       Phase: Concurrent Mark Continue                      0.000 / 0.000         0.000 / 0.000         0.000 / 0.000         0.000 / 0.000       ms
[200.272s][info][gc,stats    ]       Phase: Concurrent Mark Free                          0.000 / 0.000         0.001 / 0.002         0.001 / 0.002         0.001 / 0.002       ms
[200.272s][info][gc,stats    ]       Phase: Concurrent Process Non-Strong References      0.000 / 0.000        12.084 / 15.493       12.084 / 15.493       12.084 / 15.493      ms
[200.272s][info][gc,stats    ]       Phase: Concurrent Relocate                           0.000 / 0.000        23.734 / 75.349       23.734 / 75.349       23.734 / 75.349      ms
[200.272s][info][gc,stats    ]       Phase: Concurrent Reset Relocation Set               0.000 / 0.000         0.029 / 0.053         0.029 / 0.053         0.029 / 0.053       ms
[200.272s][info][gc,stats    ]       Phase: Concurrent Select Relocation Set              0.000 / 0.000         4.809 / 11.319        4.809 / 11.319        4.809 / 11.319      ms
[200.272s][info][gc,stats    ]       Phase: Pause Mark End                                0.000 / 0.000         0.018 / 0.037         0.018 / 0.037         0.018 / 0.037       ms
[200.272s][info][gc,stats    ]       Phase: Pause Mark Start                              0.000 / 0.000         0.008 / 0.012         0.008 / 0.012         0.008 / 0.012       ms
[200.272s][info][gc,stats    ]       Phase: Pause Relocate Start                          0.000 / 0.000         0.013 / 0.020         0.013 / 0.020         0.013 / 0.020       ms
[200.272s][info][gc,stats    ]    Subphase: Concurrent Classes Purge                      0.000 / 0.000         0.391 / 0.556         0.391 / 0.556         0.391 / 0.556       ms
[200.272s][info][gc,stats    ]    Subphase: Concurrent Classes Unlink                     0.000 / 0.000        10.589 / 13.524       10.589 / 13.524       10.589 / 13.524      ms
[200.272s][info][gc,stats    ]    Subphase: Concurrent Mark                               0.000 / 0.000        91.879 / 268.470      91.879 / 268.470      91.879 / 268.470     ms
[200.272s][info][gc,stats    ]    Subphase: Concurrent Mark Try Flush                     0.000 / 0.000         0.086 / 0.347         0.086 / 0.347         0.086 / 0.347       ms
[200.272s][info][gc,stats    ]    Subphase: Concurrent Mark Try Terminate                 0.000 / 0.000         2.840 / 16.643        2.840 / 16.643        2.840 / 16.643      ms
[200.272s][info][gc,stats    ]    Subphase: Concurrent References Enqueue                 0.000 / 0.000         0.006 / 0.008         0.006 / 0.008         0.006 / 0.008       ms
[200.272s][info][gc,stats    ]    Subphase: Concurrent References Process                 0.000 / 0.000         0.362 / 0.881         0.362 / 0.881         0.362 / 0.881       ms
[200.272s][info][gc,stats    ]    Subphase: Concurrent Roots ClassLoaderDataGraph         0.000 / 0.000         0.127 / 0.477         0.127 / 0.477         0.127 / 0.477       ms
[200.272s][info][gc,stats    ]    Subphase: Concurrent Roots CodeCache                    0.000 / 0.000         0.000 / 0.000         0.000 / 0.000         0.000 / 0.000       ms
[200.272s][info][gc,stats    ]    Subphase: Concurrent Roots JavaThreads                  0.000 / 0.000         1.050 / 2.038         1.050 / 2.038         1.050 / 2.038       ms
[200.272s][info][gc,stats    ]    Subphase: Concurrent Roots OopStorageSet                0.000 / 0.000         0.029 / 0.120         0.029 / 0.120         0.029 / 0.120       ms
[200.272s][info][gc,stats    ]    Subphase: Concurrent Weak Roots OopStorageSet           0.000 / 0.000         0.558 / 1.012         0.558 / 1.012         0.558 / 1.012       ms
[200.272s][info][gc,stats    ]    Subphase: Pause Mark Try Complete                       0.000 / 0.000         0.000 / 0.000         0.000 / 0.000         0.000 / 0.000       ms
[200.272s][info][gc,stats    ]      System: Java Threads                                      0 / 0                30 / 36               30 / 36               30 / 36          threads
[200.272s][info][gc,stats    ] =========================================================================================================================================================
[204.974s][info][gc,start    ] GC(14) Garbage Collection (Proactive)
[204.974s][info][gc,task     ] GC(14) Using 2 workers
[204.974s][info][gc,phases   ] GC(14) Pause Mark Start 0.006ms
[205.006s][info][gc,phases   ] GC(14) Concurrent Mark 31.855ms
[205.007s][info][gc,phases   ] GC(14) Pause Mark End 0.016ms
[205.007s][info][gc,phases   ] GC(14) Concurrent Mark Free 0.002ms
[205.022s][info][gc,phases   ] GC(14) Concurrent Process Non-Strong References 14.982ms
[205.022s][info][gc,phases   ] GC(14) Concurrent Reset Relocation Set 0.018ms
[205.025s][info][gc,phases   ] GC(14) Concurrent Select Relocation Set 3.108ms
[205.025s][info][gc,phases   ] GC(14) Pause Relocate Start 0.007ms
[205.030s][info][gc,phases   ] GC(14) Concurrent Relocate 4.662ms
[205.030s][info][gc,load     ] GC(14) Load: 0.00/0.00/0.00
[205.030s][info][gc,mmu      ] GC(14) MMU: 2ms/98.1%, 5ms/99.3%, 10ms/99.4%, 20ms/99.7%, 50ms/99.9%, 100ms/99.9%
[205.030s][info][gc,marking  ] GC(14) Mark: 2 stripe(s), 2 proactive flush(es), 1 terminate flush(es), 0 completion(s), 0 continuation(s) 
[205.030s][info][gc,marking  ] GC(14) Mark Stack Usage: 32M
[205.030s][info][gc,nmethod  ] GC(14) NMethods: 12581 registered, 2954 unregistered
[205.030s][info][gc,metaspace] GC(14) Metaspace: 41M used, 41M committed, 1088M reserved
[205.030s][info][gc,ref      ] GC(14) Soft: 3857 encountered, 0 discovered, 0 enqueued
[205.030s][info][gc,ref      ] GC(14) Weak: 1554 encountered, 147 discovered, 116 enqueued
[205.030s][info][gc,ref      ] GC(14) Final: 3 encountered, 0 discovered, 0 enqueued
[205.030s][info][gc,ref      ] GC(14) Phantom: 172 encountered, 134 discovered, 0 enqueued
[205.030s][info][gc,reloc    ] GC(14) Small Pages: 478 / 956M, Empty: 464M, Relocated: 6M, In-Place: 0
[205.030s][info][gc,reloc    ] GC(14) Medium Pages: 2 / 64M, Empty: 32M, Relocated: 0M, In-Place: 0
[205.030s][info][gc,reloc    ] GC(14) Large Pages: 2 / 18M, Empty: 8M, Relocated: 0M, In-Place: 0
[205.030s][info][gc,reloc    ] GC(14) Forwarding Usage: 1M
[205.030s][info][gc,heap     ] GC(14) Min Capacity: 8192M(100%)
[205.030s][info][gc,heap     ] GC(14) Max Capacity: 8192M(100%)
[205.030s][info][gc,heap     ] GC(14) Soft Max Capacity: 8192M(100%)
[205.030s][info][gc,heap     ] GC(14)                Mark Start          Mark End        Relocate Start      Relocate End           High               Low         
[205.030s][info][gc,heap     ] GC(14)  Capacity:     8192M (100%)       8192M (100%)       8192M (100%)       8192M (100%)       8192M (100%)       8192M (100%)   
[205.030s][info][gc,heap     ] GC(14)      Free:     7154M (87%)        7150M (87%)        7652M (93%)        8122M (99%)        8122M (99%)        7148M (87%)    
[205.030s][info][gc,heap     ] GC(14)      Used:     1038M (13%)        1042M (13%)         540M (7%)           70M (1%)         1044M (13%)          70M (1%)     
[205.030s][info][gc,heap     ] GC(14)      Live:         -                29M (0%)           29M (0%)           29M (0%)             -                  -          
[205.030s][info][gc,heap     ] GC(14) Allocated:         -                 4M (0%)            6M (0%)            5M (0%)             -                  -          
[205.030s][info][gc,heap     ] GC(14)   Garbage:         -              1008M (12%)         504M (6%)           34M (0%)             -                  -          
[205.030s][info][gc,heap     ] GC(14) Reclaimed:         -                  -               504M (6%)          973M (12%)            -                  -          
[205.030s][info][gc          ] GC(14) Garbage Collection (Proactive) 1038M(13%)->70M(1%)
[210.275s][info][gc,stats    ] === Garbage Collection Statistics =======================================================================================================================
[210.275s][info][gc,stats    ]                                                              Last 10s              Last 10m              Last 10h                Total
[210.275s][info][gc,stats    ]                                                              Avg / Max             Avg / Max             Avg / Max             Avg / Max
[210.275s][info][gc,stats    ]   Collector: Garbage Collection Cycle                     55.496 / 55.496      132.902 / 369.233     132.902 / 369.233     132.902 / 369.233     ms
[210.275s][info][gc,stats    ]  Contention: Mark Segment Reset Contention                     0 / 0                 0 / 1                 0 / 1                 0 / 1           ops/s
[210.275s][info][gc,stats    ]  Contention: Mark SeqNum Reset Contention                      0 / 0                 0 / 0                 0 / 0                 0 / 0           ops/s
[210.275s][info][gc,stats    ]    Critical: Allocation Stall                                  0 / 0                 0 / 0                 0 / 0                 0 / 0           ops/s
[210.275s][info][gc,stats    ]    Critical: Allocation Stall                              0.000 / 0.000         0.000 / 0.000         0.000 / 0.000         0.000 / 0.000       ms
[210.275s][info][gc,stats    ]    Critical: GC Locker Stall                                   0 / 0                 0 / 0                 0 / 0                 0 / 0           ops/s
[210.275s][info][gc,stats    ]    Critical: GC Locker Stall                               0.000 / 0.000         0.000 / 0.000         0.000 / 0.000         0.000 / 0.000       ms
[210.275s][info][gc,stats    ]    Critical: Relocation Stall                                  0 / 0                 0 / 0                 0 / 0                 0 / 0           ops/s
[210.275s][info][gc,stats    ]    Critical: Relocation Stall                              0.000 / 0.000         0.000 / 0.000         0.000 / 0.000         0.000 / 0.000       ms
[210.275s][info][gc,stats    ]      Memory: Allocation Rate                                 121 / 196             149 / 880             149 / 880             149 / 880         MB/s
[210.275s][info][gc,stats    ]      Memory: Out Of Memory                                     0 / 0                 0 / 0                 0 / 0                 0 / 0           ops/s
[210.275s][info][gc,stats    ]      Memory: Page Cache Flush                                  0 / 0                 0 / 0                 0 / 0                 0 / 0           MB/s
[210.275s][info][gc,stats    ]      Memory: Page Cache Hit L1                                59 / 98               53 / 370              53 / 370              53 / 370         ops/s
[210.275s][info][gc,stats    ]      Memory: Page Cache Hit L2                                 0 / 0                 0 / 0                 0 / 0                 0 / 0           ops/s
[210.275s][info][gc,stats    ]      Memory: Page Cache Hit L3                                 0 / 0                 9 / 209               9 / 209               9 / 209         ops/s
[210.275s][info][gc,stats    ]      Memory: Page Cache Miss                                   0 / 0                 0 / 1                 0 / 1                 0 / 1           ops/s
[210.275s][info][gc,stats    ]      Memory: Uncommit                                          0 / 0                 0 / 0                 0 / 0                 0 / 0           MB/s
[210.275s][info][gc,stats    ]      Memory: Undo Object Allocation Failed                     0 / 0                 0 / 0                 0 / 0                 0 / 0           ops/s
[210.275s][info][gc,stats    ]      Memory: Undo Object Allocation Succeeded                  0 / 0                 0 / 3                 0 / 3                 0 / 3           ops/s
[210.275s][info][gc,stats    ]      Memory: Undo Page Allocation                              0 / 0                 0 / 1                 0 / 1                 0 / 1           ops/s
[210.275s][info][gc,stats    ]       Phase: Concurrent Mark                              31.855 / 31.855       92.371 / 269.421      92.371 / 269.421      92.371 / 269.421     ms
[210.275s][info][gc,stats    ]       Phase: Concurrent Mark Continue                      0.000 / 0.000         0.000 / 0.000         0.000 / 0.000         0.000 / 0.000       ms
[210.275s][info][gc,stats    ]       Phase: Concurrent Mark Free                          0.002 / 0.002         0.001 / 0.002         0.001 / 0.002         0.001 / 0.002       ms
[210.275s][info][gc,stats    ]       Phase: Concurrent Process Non-Strong References     14.982 / 14.982       12.277 / 15.493       12.277 / 15.493       12.277 / 15.493      ms
[210.275s][info][gc,stats    ]       Phase: Concurrent Relocate                           4.662 / 4.662        22.462 / 75.349       22.462 / 75.349       22.462 / 75.349      ms
[210.275s][info][gc,stats    ]       Phase: Concurrent Reset Relocation Set               0.018 / 0.018         0.028 / 0.053         0.028 / 0.053         0.028 / 0.053       ms
[210.275s][info][gc,stats    ]       Phase: Concurrent Select Relocation Set              3.108 / 3.108         4.696 / 11.319        4.696 / 11.319        4.696 / 11.319      ms
[210.275s][info][gc,stats    ]       Phase: Pause Mark End                                0.016 / 0.016         0.018 / 0.037         0.018 / 0.037         0.018 / 0.037       ms
[210.275s][info][gc,stats    ]       Phase: Pause Mark Start                              0.006 / 0.006         0.008 / 0.012         0.008 / 0.012         0.008 / 0.012       ms
[210.275s][info][gc,stats    ]       Phase: Pause Relocate Start                          0.007 / 0.007         0.012 / 0.020         0.012 / 0.020         0.012 / 0.020       ms
[210.275s][info][gc,stats    ]    Subphase: Concurrent Classes Purge                      0.458 / 0.458         0.395 / 0.556         0.395 / 0.556         0.395 / 0.556       ms
[210.275s][info][gc,stats    ]    Subphase: Concurrent Classes Unlink                    13.976 / 13.976       10.815 / 13.976       10.815 / 13.976       10.815 / 13.976      ms
[210.275s][info][gc,stats    ]    Subphase: Concurrent Mark                              23.211 / 30.819       87.301 / 268.470      87.301 / 268.470      87.301 / 268.470     ms
[210.275s][info][gc,stats    ]    Subphase: Concurrent Mark Try Flush                     0.058 / 0.111         0.084 / 0.347         0.084 / 0.347         0.084 / 0.347       ms
[210.275s][info][gc,stats    ]    Subphase: Concurrent Mark Try Terminate                 5.344 / 16.011        3.003 / 16.643        3.003 / 16.643        3.003 / 16.643      ms
[210.275s][info][gc,stats    ]    Subphase: Concurrent References Enqueue                 0.006 / 0.006         0.006 / 0.008         0.006 / 0.008         0.006 / 0.008       ms
[210.275s][info][gc,stats    ]    Subphase: Concurrent References Process                 0.119 / 0.119         0.346 / 0.881         0.346 / 0.881         0.346 / 0.881       ms
[210.275s][info][gc,stats    ]    Subphase: Concurrent Roots ClassLoaderDataGraph         0.093 / 0.175         0.124 / 0.477         0.124 / 0.477         0.124 / 0.477       ms
[210.275s][info][gc,stats    ]    Subphase: Concurrent Roots CodeCache                    0.000 / 0.000         0.000 / 0.000         0.000 / 0.000         0.000 / 0.000       ms
[210.275s][info][gc,stats    ]    Subphase: Concurrent Roots JavaThreads                  0.745 / 0.852         1.030 / 2.038         1.030 / 2.038         1.030 / 2.038       ms
[210.275s][info][gc,stats    ]    Subphase: Concurrent Roots OopStorageSet                0.018 / 0.024         0.028 / 0.120         0.028 / 0.120         0.028 / 0.120       ms
[210.275s][info][gc,stats    ]    Subphase: Concurrent Weak Roots OopStorageSet           0.281 / 0.293         0.540 / 1.012         0.540 / 1.012         0.540 / 1.012       ms
[210.275s][info][gc,stats    ]    Subphase: Pause Mark Try Complete                       0.000 / 0.000         0.000 / 0.000         0.000 / 0.000         0.000 / 0.000       ms
[210.275s][info][gc,stats    ]      System: Java Threads                                     30 / 30               30 / 36               30 / 36               30 / 36          threads
[210.275s][info][gc,stats    ] =========================================================================================================================================================
[220.265s][info][gc,stats    ] === Garbage Collection Statistics =======================================================================================================================
[220.266s][info][gc,stats    ]                                                              Last 10s              Last 10m              Last 10h                Total
[220.266s][info][gc,stats    ]                                                              Avg / Max             Avg / Max             Avg / Max             Avg / Max
[220.266s][info][gc,stats    ]   Collector: Garbage Collection Cycle                      0.000 / 0.000       132.902 / 369.233     132.902 / 369.233     132.902 / 369.233     ms
[220.266s][info][gc,stats    ]  Contention: Mark Segment Reset Contention                     0 / 0                 0 / 1                 0 / 1                 0 / 1           ops/s
[220.266s][info][gc,stats    ]  Contention: Mark SeqNum Reset Contention                      0 / 0                 0 / 0                 0 / 0                 0 / 0           ops/s
[220.266s][info][gc,stats    ]    Critical: Allocation Stall                                  0 / 0                 0 / 0                 0 / 0                 0 / 0           ops/s
[220.266s][info][gc,stats    ]    Critical: Allocation Stall                              0.000 / 0.000         0.000 / 0.000         0.000 / 0.000         0.000 / 0.000       ms
[220.266s][info][gc,stats    ]    Critical: GC Locker Stall                                   0 / 0                 0 / 0                 0 / 0                 0 / 0           ops/s
[220.266s][info][gc,stats    ]    Critical: GC Locker Stall                               0.000 / 0.000         0.000 / 0.000         0.000 / 0.000         0.000 / 0.000       ms
[220.266s][info][gc,stats    ]    Critical: Relocation Stall                                  0 / 0                 0 / 0                 0 / 0                 0 / 0           ops/s
[220.266s][info][gc,stats    ]    Critical: Relocation Stall                              0.000 / 0.000         0.000 / 0.000         0.000 / 0.000         0.000 / 0.000       ms
[220.266s][info][gc,stats    ]      Memory: Allocation Rate                                 463 / 894             164 / 894             164 / 894             164 / 894         MB/s
[220.266s][info][gc,stats    ]      Memory: Out Of Memory                                     0 / 0                 0 / 0                 0 / 0                 0 / 0           ops/s
[220.266s][info][gc,stats    ]      Memory: Page Cache Flush                                  0 / 0                 0 / 0                 0 / 0                 0 / 0           MB/s
[220.266s][info][gc,stats    ]      Memory: Page Cache Hit L1                               149 / 359              58 / 370              58 / 370              58 / 370         ops/s
[220.266s][info][gc,stats    ]      Memory: Page Cache Hit L2                                 0 / 0                 0 / 0                 0 / 0                 0 / 0           ops/s
[220.266s][info][gc,stats    ]      Memory: Page Cache Hit L3                                18 / 176               9 / 209               9 / 209               9 / 209         ops/s
[220.266s][info][gc,stats    ]      Memory: Page Cache Miss                                   0 / 0                 0 / 1                 0 / 1                 0 / 1           ops/s
[220.266s][info][gc,stats    ]      Memory: Uncommit                                          0 / 0                 0 / 0                 0 / 0                 0 / 0           MB/s
[220.266s][info][gc,stats    ]      Memory: Undo Object Allocation Failed                     0 / 0                 0 / 0                 0 / 0                 0 / 0           ops/s
[220.266s][info][gc,stats    ]      Memory: Undo Object Allocation Succeeded                  0 / 0                 0 / 3                 0 / 3                 0 / 3           ops/s
[220.266s][info][gc,stats    ]      Memory: Undo Page Allocation                              0 / 0                 0 / 1                 0 / 1                 0 / 1           ops/s
[220.266s][info][gc,stats    ]       Phase: Concurrent Mark                               0.000 / 0.000        92.371 / 269.421      92.371 / 269.421      92.371 / 269.421     ms
[220.266s][info][gc,stats    ]       Phase: Concurrent Mark Continue                      0.000 / 0.000         0.000 / 0.000         0.000 / 0.000         0.000 / 0.000       ms
[220.266s][info][gc,stats    ]       Phase: Concurrent Mark Free                          0.000 / 0.000         0.001 / 0.002         0.001 / 0.002         0.001 / 0.002       ms
[220.266s][info][gc,stats    ]       Phase: Concurrent Process Non-Strong References      0.000 / 0.000        12.277 / 15.493       12.277 / 15.493       12.277 / 15.493      ms
[220.266s][info][gc,stats    ]       Phase: Concurrent Relocate                           0.000 / 0.000        22.462 / 75.349       22.462 / 75.349       22.462 / 75.349      ms
[220.266s][info][gc,stats    ]       Phase: Concurrent Reset Relocation Set               0.000 / 0.000         0.028 / 0.053         0.028 / 0.053         0.028 / 0.053       ms
[220.266s][info][gc,stats    ]       Phase: Concurrent Select Relocation Set              0.000 / 0.000         4.696 / 11.319        4.696 / 11.319        4.696 / 11.319      ms
[220.266s][info][gc,stats    ]       Phase: Pause Mark End                                0.000 / 0.000         0.018 / 0.037         0.018 / 0.037         0.018 / 0.037       ms
[220.266s][info][gc,stats    ]       Phase: Pause Mark Start                              0.000 / 0.000         0.008 / 0.012         0.008 / 0.012         0.008 / 0.012       ms
[220.266s][info][gc,stats    ]       Phase: Pause Relocate Start                          0.000 / 0.000         0.012 / 0.020         0.012 / 0.020         0.012 / 0.020       ms
[220.266s][info][gc,stats    ]    Subphase: Concurrent Classes Purge                      0.000 / 0.000         0.395 / 0.556         0.395 / 0.556         0.395 / 0.556       ms
[220.266s][info][gc,stats    ]    Subphase: Concurrent Classes Unlink                     0.000 / 0.000        10.815 / 13.976       10.815 / 13.976       10.815 / 13.976      ms
[220.266s][info][gc,stats    ]    Subphase: Concurrent Mark                               0.000 / 0.000        87.301 / 268.470      87.301 / 268.470      87.301 / 268.470     ms
[220.266s][info][gc,stats    ]    Subphase: Concurrent Mark Try Flush                     0.000 / 0.000         0.084 / 0.347         0.084 / 0.347         0.084 / 0.347       ms
[220.266s][info][gc,stats    ]    Subphase: Concurrent Mark Try Terminate                 0.000 / 0.000         3.003 / 16.643        3.003 / 16.643        3.003 / 16.643      ms
[220.266s][info][gc,stats    ]    Subphase: Concurrent References Enqueue                 0.000 / 0.000         0.006 / 0.008         0.006 / 0.008         0.006 / 0.008       ms
[220.266s][info][gc,stats    ]    Subphase: Concurrent References Process                 0.000 / 0.000         0.346 / 0.881         0.346 / 0.881         0.346 / 0.881       ms
[220.266s][info][gc,stats    ]    Subphase: Concurrent Roots ClassLoaderDataGraph         0.000 / 0.000         0.124 / 0.477         0.124 / 0.477         0.124 / 0.477       ms
[220.266s][info][gc,stats    ]    Subphase: Concurrent Roots CodeCache                    0.000 / 0.000         0.000 / 0.000         0.000 / 0.000         0.000 / 0.000       ms
[220.266s][info][gc,stats    ]    Subphase: Concurrent Roots JavaThreads                  0.000 / 0.000         1.030 / 2.038         1.030 / 2.038         1.030 / 2.038       ms
[220.266s][info][gc,stats    ]    Subphase: Concurrent Roots OopStorageSet                0.000 / 0.000         0.028 / 0.120         0.028 / 0.120         0.028 / 0.120       ms
[220.266s][info][gc,stats    ]    Subphase: Concurrent Weak Roots OopStorageSet           0.000 / 0.000         0.540 / 1.012         0.540 / 1.012         0.540 / 1.012       ms
[220.266s][info][gc,stats    ]    Subphase: Pause Mark Try Complete                       0.000 / 0.000         0.000 / 0.000         0.000 / 0.000         0.000 / 0.000       ms
[220.266s][info][gc,stats    ]      System: Java Threads                                      0 / 0                30 / 36               30 / 36               30 / 36          threads
[220.266s][info][gc,stats    ] =========================================================================================================================================================
[220.979s][info][gc,start    ] GC(15) Garbage Collection (Proactive)
[220.979s][info][gc,task     ] GC(15) Using 2 workers
[220.979s][info][gc,phases   ] GC(15) Pause Mark Start 0.009ms
[221.142s][info][gc,phases   ] GC(15) Concurrent Mark 163.431ms
[221.142s][info][gc,phases   ] GC(15) Pause Mark End 0.009ms
[221.142s][info][gc,phases   ] GC(15) Concurrent Mark Free 0.001ms
[221.158s][info][gc,phases   ] GC(15) Concurrent Process Non-Strong References 15.531ms
[221.158s][info][gc,phases   ] GC(15) Concurrent Reset Relocation Set 0.010ms
[221.165s][info][gc,phases   ] GC(15) Concurrent Select Relocation Set 7.016ms
[221.165s][info][gc,phases   ] GC(15) Pause Relocate Start 0.012ms
[221.211s][info][gc,phases   ] GC(15) Concurrent Relocate 45.889ms
[221.211s][info][gc,load     ] GC(15) Load: 0.00/0.00/0.00
[221.211s][info][gc,mmu      ] GC(15) MMU: 2ms/98.1%, 5ms/99.3%, 10ms/99.4%, 20ms/99.7%, 50ms/99.9%, 100ms/99.9%
[221.211s][info][gc,marking  ] GC(15) Mark: 2 stripe(s), 2 proactive flush(es), 1 terminate flush(es), 0 completion(s), 0 continuation(s) 
[221.211s][info][gc,marking  ] GC(15) Mark Stack Usage: 32M
[221.211s][info][gc,nmethod  ] GC(15) NMethods: 13028 registered, 2959 unregistered
[221.211s][info][gc,metaspace] GC(15) Metaspace: 41M used, 41M committed, 1088M reserved
[221.211s][info][gc,ref      ] GC(15) Soft: 3857 encountered, 0 discovered, 0 enqueued
[221.211s][info][gc,ref      ] GC(15) Weak: 8949 encountered, 8539 discovered, 7417 enqueued
[221.211s][info][gc,ref      ] GC(15) Final: 3 encountered, 3 discovered, 0 enqueued
[221.211s][info][gc,ref      ] GC(15) Phantom: 172 encountered, 123 discovered, 0 enqueued
[221.211s][info][gc,reloc    ] GC(15) Small Pages: 2205 / 4410M, Empty: 2500M, Relocated: 83M, In-Place: 0
[221.211s][info][gc,reloc    ] GC(15) Medium Pages: 45 / 1440M, Empty: 1376M, Relocated: 6M, In-Place: 0
[221.211s][info][gc,reloc    ] GC(15) Large Pages: 1 / 10M, Empty: 0M, Relocated: 0M, In-Place: 0
[221.211s][info][gc,reloc    ] GC(15) Forwarding Usage: 19M
[221.211s][info][gc,heap     ] GC(15) Min Capacity: 8192M(100%)
[221.211s][info][gc,heap     ] GC(15) Max Capacity: 8192M(100%)
[221.211s][info][gc,heap     ] GC(15) Soft Max Capacity: 8192M(100%)
[221.211s][info][gc,heap     ] GC(15)                Mark Start          Mark End        Relocate Start      Relocate End           High               Low         
[221.211s][info][gc,heap     ] GC(15)  Capacity:     8192M (100%)       8192M (100%)       8192M (100%)       8192M (100%)       8192M (100%)       8192M (100%)   
[221.211s][info][gc,heap     ] GC(15)      Free:     2332M (28%)        2296M (28%)        6170M (75%)        7966M (97%)        7966M (97%)        2294M (28%)    
[221.211s][info][gc,heap     ] GC(15)      Used:     5860M (72%)        5896M (72%)        2022M (25%)         226M (3%)         5898M (72%)         226M (3%)     
[221.211s][info][gc,heap     ] GC(15)      Live:         -               112M (1%)          112M (1%)          112M (1%)             -                  -          
[221.211s][info][gc,heap     ] GC(15) Allocated:         -                36M (0%)           38M (0%)           80M (1%)             -                  -          
[221.211s][info][gc,heap     ] GC(15)   Garbage:         -              5747M (70%)        1871M (23%)          32M (0%)             -                  -          
[221.211s][info][gc,heap     ] GC(15) Reclaimed:         -                  -              3876M (47%)        5714M (70%)            -                  -          
[221.211s][info][gc          ] GC(15) Garbage Collection (Proactive) 5860M(72%)->226M(3%)
[221.998s][info][gc,start    ] GC(16) Garbage Collection (System.gc())
[221.998s][info][gc,task     ] GC(16) Using 2 workers
[221.998s][info][gc,phases   ] GC(16) Pause Mark Start 0.011ms
[222.207s][info][gc,phases   ] GC(16) Concurrent Mark 208.655ms
[222.207s][info][gc,phases   ] GC(16) Pause Mark End 0.018ms
[222.207s][info][gc,phases   ] GC(16) Concurrent Mark Free 0.001ms
[222.221s][info][gc,phases   ] GC(16) Concurrent Process Non-Strong References 14.472ms
[222.222s][info][gc,phases   ] GC(16) Concurrent Reset Relocation Set 0.044ms
[222.225s][info][gc,phases   ] GC(16) Concurrent Select Relocation Set 3.615ms
[222.225s][info][gc,phases   ] GC(16) Pause Relocate Start 0.009ms
[222.248s][info][gc,phases   ] GC(16) Concurrent Relocate 22.184ms
[222.248s][info][gc,load     ] GC(16) Load: 0.00/0.00/0.00
[222.248s][info][gc,mmu      ] GC(16) MMU: 2ms/98.1%, 5ms/99.3%, 10ms/99.4%, 20ms/99.7%, 50ms/99.9%, 100ms/99.9%
[222.248s][info][gc,marking  ] GC(16) Mark: 2 stripe(s), 2 proactive flush(es), 1 terminate flush(es), 0 completion(s), 0 continuation(s) 
[222.248s][info][gc,marking  ] GC(16) Mark Stack Usage: 32M
[222.248s][info][gc,nmethod  ] GC(16) NMethods: 13037 registered, 2959 unregistered
[222.248s][info][gc,metaspace] GC(16) Metaspace: 41M used, 41M committed, 1088M reserved
[222.248s][info][gc,ref      ] GC(16) Soft: 3859 encountered, 0 discovered, 0 enqueued
[222.248s][info][gc,ref      ] GC(16) Weak: 1543 encountered, 1075 discovered, 8 enqueued
[222.248s][info][gc,ref      ] GC(16) Final: 3 encountered, 3 discovered, 0 enqueued
[222.248s][info][gc,ref      ] GC(16) Phantom: 173 encountered, 122 discovered, 0 enqueued
[222.248s][info][gc,reloc    ] GC(16) Small Pages: 172 / 344M, Empty: 6M, Relocated: 31M, In-Place: 0
[222.248s][info][gc,reloc    ] GC(16) Medium Pages: 2 / 64M, Empty: 0M, Relocated: 20M, In-Place: 0
[222.248s][info][gc,reloc    ] GC(16) Large Pages: 2 / 18M, Empty: 0M, Relocated: 0M, In-Place: 0
[222.248s][info][gc,reloc    ] GC(16) Forwarding Usage: 10M
[222.248s][info][gc,heap     ] GC(16) Min Capacity: 8192M(100%)
[222.248s][info][gc,heap     ] GC(16) Max Capacity: 8192M(100%)
[222.248s][info][gc,heap     ] GC(16) Soft Max Capacity: 8192M(100%)
[222.248s][info][gc,heap     ] GC(16)                Mark Start          Mark End        Relocate Start      Relocate End           High               Low         
[222.248s][info][gc,heap     ] GC(16)  Capacity:     8192M (100%)       8192M (100%)       8192M (100%)       8192M (100%)       8192M (100%)       8192M (100%)   
[222.248s][info][gc,heap     ] GC(16)      Free:     7766M (95%)        7724M (94%)        7728M (94%)        7960M (97%)        7960M (97%)        7696M (94%)    
[222.248s][info][gc,heap     ] GC(16)      Used:      426M (5%)          468M (6%)          464M (6%)          232M (3%)          496M (6%)          232M (3%)     
[222.248s][info][gc,heap     ] GC(16)      Live:         -               172M (2%)          172M (2%)          172M (2%)             -                  -          
[222.248s][info][gc,heap     ] GC(16) Allocated:         -                42M (1%)           44M (1%)           42M (1%)             -                  -          
[222.248s][info][gc,heap     ] GC(16)   Garbage:         -               253M (3%)          247M (3%)           17M (0%)             -                  -          
[222.248s][info][gc,heap     ] GC(16) Reclaimed:         -                  -                 6M (0%)          236M (3%)             -                  -          
[222.248s][info][gc          ] GC(16) Garbage Collection (System.gc()) 426M(5%)->232M(3%)
[230.275s][info][gc,stats    ] === Garbage Collection Statistics =======================================================================================================================
[230.275s][info][gc,stats    ]                                                              Last 10s              Last 10m              Last 10h                Total
[230.275s][info][gc,stats    ]                                                              Avg / Max             Avg / Max             Avg / Max             Avg / Max
[230.275s][info][gc,stats    ]   Collector: Garbage Collection Cycle                    241.339 / 249.968     145.659 / 369.233     145.659 / 369.233     145.659 / 369.233     ms
[230.275s][info][gc,stats    ]  Contention: Mark Segment Reset Contention                     0 / 1                 0 / 1                 0 / 1                 0 / 1           ops/s
[230.275s][info][gc,stats    ]  Contention: Mark SeqNum Reset Contention                      0 / 0                 0 / 0                 0 / 0                 0 / 0           ops/s
[230.275s][info][gc,stats    ]    Critical: Allocation Stall                                  0 / 0                 0 / 0                 0 / 0                 0 / 0           ops/s
[230.275s][info][gc,stats    ]    Critical: Allocation Stall                              0.000 / 0.000         0.000 / 0.000         0.000 / 0.000         0.000 / 0.000       ms
[230.275s][info][gc,stats    ]    Critical: GC Locker Stall                                   0 / 0                 0 / 0                 0 / 0                 0 / 0           ops/s
[230.275s][info][gc,stats    ]    Critical: GC Locker Stall                               0.000 / 0.000         0.000 / 0.000         0.000 / 0.000         0.000 / 0.000       ms
[230.275s][info][gc,stats    ]    Critical: Relocation Stall                                  0 / 0                 0 / 0                 0 / 0                 0 / 0           ops/s
[230.275s][info][gc,stats    ]    Critical: Relocation Stall                              0.000 / 0.000         0.000 / 0.000         0.000 / 0.000         0.000 / 0.000       ms
[230.275s][info][gc,stats    ]      Memory: Allocation Rate                                  94 / 442             161 / 894             161 / 894             161 / 894         MB/s
[230.275s][info][gc,stats    ]      Memory: Out Of Memory                                     0 / 0                 0 / 0                 0 / 0                 0 / 0           ops/s
[230.275s][info][gc,stats    ]      Memory: Page Cache Flush                                  0 / 0                 0 / 0                 0 / 0                 0 / 0           MB/s
[230.275s][info][gc,stats    ]      Memory: Page Cache Hit L1                                32 / 109              56 / 370              56 / 370              56 / 370         ops/s
[230.275s][info][gc,stats    ]      Memory: Page Cache Hit L2                                 0 / 0                 0 / 0                 0 / 0                 0 / 0           ops/s
[230.275s][info][gc,stats    ]      Memory: Page Cache Hit L3                                17 / 175               9 / 209               9 / 209               9 / 209         ops/s
[230.275s][info][gc,stats    ]      Memory: Page Cache Miss                                   0 / 0                 0 / 1                 0 / 1                 0 / 1           ops/s
[230.275s][info][gc,stats    ]      Memory: Uncommit                                          0 / 0                 0 / 0                 0 / 0                 0 / 0           MB/s
[230.275s][info][gc,stats    ]      Memory: Undo Object Allocation Failed                     0 / 0                 0 / 0                 0 / 0                 0 / 0           ops/s
[230.275s][info][gc,stats    ]      Memory: Undo Object Allocation Succeeded                  0 / 0                 0 / 3                 0 / 3                 0 / 3           ops/s
[230.275s][info][gc,stats    ]      Memory: Undo Page Allocation                              0 / 0                 0 / 1                 0 / 1                 0 / 1           ops/s
[230.275s][info][gc,stats    ]       Phase: Concurrent Mark                             186.043 / 208.655     103.392 / 269.421     103.392 / 269.421     103.392 / 269.421     ms
[230.275s][info][gc,stats    ]       Phase: Concurrent Mark Continue                      0.000 / 0.000         0.000 / 0.000         0.000 / 0.000         0.000 / 0.000       ms
[230.275s][info][gc,stats    ]       Phase: Concurrent Mark Free                          0.001 / 0.001         0.001 / 0.002         0.001 / 0.002         0.001 / 0.002       ms
[230.275s][info][gc,stats    ]       Phase: Concurrent Process Non-Strong References     15.001 / 15.531       12.597 / 15.531       12.597 / 15.531       12.597 / 15.531      ms
[230.275s][info][gc,stats    ]       Phase: Concurrent Relocate                          34.036 / 45.889       23.824 / 75.349       23.824 / 75.349       23.824 / 75.349      ms
[230.275s][info][gc,stats    ]       Phase: Concurrent Reset Relocation Set               0.027 / 0.044         0.028 / 0.053         0.028 / 0.053         0.028 / 0.053       ms
[230.275s][info][gc,stats    ]       Phase: Concurrent Select Relocation Set              5.316 / 7.016         4.769 / 11.319        4.769 / 11.319        4.769 / 11.319      ms
[230.275s][info][gc,stats    ]       Phase: Pause Mark End                                0.013 / 0.018         0.017 / 0.037         0.017 / 0.037         0.017 / 0.037       ms
[230.275s][info][gc,stats    ]       Phase: Pause Mark Start                              0.010 / 0.011         0.008 / 0.012         0.008 / 0.012         0.008 / 0.012       ms
[230.275s][info][gc,stats    ]       Phase: Pause Relocate Start                          0.010 / 0.012         0.012 / 0.020         0.012 / 0.020         0.012 / 0.020       ms
[230.275s][info][gc,stats    ]    Subphase: Concurrent Classes Purge                      0.442 / 0.452         0.401 / 0.556         0.401 / 0.556         0.401 / 0.556       ms
[230.275s][info][gc,stats    ]    Subphase: Concurrent Classes Unlink                    13.657 / 13.998       11.149 / 13.998       11.149 / 13.998       11.149 / 13.998      ms
[230.275s][info][gc,stats    ]    Subphase: Concurrent Mark                             181.245 / 207.739      98.353 / 268.470      98.353 / 268.470      98.353 / 268.470     ms
[230.275s][info][gc,stats    ]    Subphase: Concurrent Mark Try Flush                     0.060 / 0.154         0.081 / 0.347         0.081 / 0.347         0.081 / 0.347       ms
[230.275s][info][gc,stats    ]    Subphase: Concurrent Mark Try Terminate                 6.055 / 16.111        3.455 / 16.643        3.455 / 16.643        3.455 / 16.643      ms
[230.275s][info][gc,stats    ]    Subphase: Concurrent References Enqueue                 0.004 / 0.005         0.005 / 0.008         0.005 / 0.008         0.005 / 0.008       ms
[230.275s][info][gc,stats    ]    Subphase: Concurrent References Process                 0.397 / 0.631         0.352 / 0.881         0.352 / 0.881         0.352 / 0.881       ms
[230.275s][info][gc,stats    ]    Subphase: Concurrent Roots ClassLoaderDataGraph         0.098 / 0.186         0.121 / 0.477         0.121 / 0.477         0.121 / 0.477       ms
[230.275s][info][gc,stats    ]    Subphase: Concurrent Roots CodeCache                    0.000 / 0.000         0.000 / 0.000         0.000 / 0.000         0.000 / 0.000       ms
[230.275s][info][gc,stats    ]    Subphase: Concurrent Roots JavaThreads                  0.734 / 0.875         0.995 / 2.038         0.995 / 2.038         0.995 / 2.038       ms
[230.275s][info][gc,stats    ]    Subphase: Concurrent Roots OopStorageSet                0.024 / 0.031         0.028 / 0.120         0.028 / 0.120         0.028 / 0.120       ms
[230.275s][info][gc,stats    ]    Subphase: Concurrent Weak Roots OopStorageSet           0.376 / 0.412         0.521 / 1.012         0.521 / 1.012         0.521 / 1.012       ms
[230.275s][info][gc,stats    ]    Subphase: Pause Mark Try Complete                       0.000 / 0.000         0.000 / 0.000         0.000 / 0.000         0.000 / 0.000       ms
[230.275s][info][gc,stats    ]      System: Java Threads                                     30 / 30               30 / 36               30 / 36               30 / 36          threads
[230.275s][info][gc,stats    ] =========================================================================================================================================================
[240.273s][info][gc,stats    ] === Garbage Collection Statistics =======================================================================================================================
[240.273s][info][gc,stats    ]                                                              Last 10s              Last 10m              Last 10h                Total
[240.274s][info][gc,stats    ]                                                              Avg / Max             Avg / Max             Avg / Max             Avg / Max
[240.274s][info][gc,stats    ]   Collector: Garbage Collection Cycle                      0.000 / 0.000       145.659 / 369.233     145.659 / 369.233     145.659 / 369.233     ms
[240.274s][info][gc,stats    ]  Contention: Mark Segment Reset Contention                     0 / 0                 0 / 1                 0 / 1                 0 / 1           ops/s
[240.274s][info][gc,stats    ]  Contention: Mark SeqNum Reset Contention                      0 / 0                 0 / 0                 0 / 0                 0 / 0           ops/s
[240.274s][info][gc,stats    ]    Critical: Allocation Stall                                  0 / 0                 0 / 0                 0 / 0                 0 / 0           ops/s
[240.274s][info][gc,stats    ]    Critical: Allocation Stall                              0.000 / 0.000         0.000 / 0.000         0.000 / 0.000         0.000 / 0.000       ms
[240.274s][info][gc,stats    ]    Critical: GC Locker Stall                                   0 / 0                 0 / 0                 0 / 0                 0 / 0           ops/s
[240.274s][info][gc,stats    ]    Critical: GC Locker Stall                               0.000 / 0.000         0.000 / 0.000         0.000 / 0.000         0.000 / 0.000       ms
[240.274s][info][gc,stats    ]    Critical: Relocation Stall                                  0 / 0                 0 / 0                 0 / 0                 0 / 0           ops/s
[240.274s][info][gc,stats    ]    Critical: Relocation Stall                              0.000 / 0.000         0.000 / 0.000         0.000 / 0.000         0.000 / 0.000       ms
[240.274s][info][gc,stats    ]      Memory: Allocation Rate                                  17 / 20              155 / 894             155 / 894             155 / 894         MB/s
[240.274s][info][gc,stats    ]      Memory: Out Of Memory                                     0 / 0                 0 / 0                 0 / 0                 0 / 0           ops/s
[240.274s][info][gc,stats    ]      Memory: Page Cache Flush                                  0 / 0                 0 / 0                 0 / 0                 0 / 0           MB/s
[240.274s][info][gc,stats    ]      Memory: Page Cache Hit L1                                 8 / 10               54 / 370              54 / 370              54 / 370         ops/s
[240.274s][info][gc,stats    ]      Memory: Page Cache Hit L2                                 0 / 0                 0 / 0                 0 / 0                 0 / 0           ops/s
[240.274s][info][gc,stats    ]      Memory: Page Cache Hit L3                                 0 / 0                 9 / 209               9 / 209               9 / 209         ops/s
[240.274s][info][gc,stats    ]      Memory: Page Cache Miss                                   0 / 0                 0 / 1                 0 / 1                 0 / 1           ops/s
[240.274s][info][gc,stats    ]      Memory: Uncommit                                          0 / 0                 0 / 0                 0 / 0                 0 / 0           MB/s
[240.274s][info][gc,stats    ]      Memory: Undo Object Allocation Failed                     0 / 0                 0 / 0                 0 / 0                 0 / 0           ops/s
[240.274s][info][gc,stats    ]      Memory: Undo Object Allocation Succeeded                  0 / 0                 0 / 3                 0 / 3                 0 / 3           ops/s
[240.274s][info][gc,stats    ]      Memory: Undo Page Allocation                              0 / 0                 0 / 1                 0 / 1                 0 / 1           ops/s
[240.274s][info][gc,stats    ]       Phase: Concurrent Mark                               0.000 / 0.000       103.392 / 269.421     103.392 / 269.421     103.392 / 269.421     ms
[240.274s][info][gc,stats    ]       Phase: Concurrent Mark Continue                      0.000 / 0.000         0.000 / 0.000         0.000 / 0.000         0.000 / 0.000       ms
[240.274s][info][gc,stats    ]       Phase: Concurrent Mark Free                          0.000 / 0.000         0.001 / 0.002         0.001 / 0.002         0.001 / 0.002       ms
[240.274s][info][gc,stats    ]       Phase: Concurrent Process Non-Strong References      0.000 / 0.000        12.597 / 15.531       12.597 / 15.531       12.597 / 15.531      ms
[240.274s][info][gc,stats    ]       Phase: Concurrent Relocate                           0.000 / 0.000        23.824 / 75.349       23.824 / 75.349       23.824 / 75.349      ms
[240.274s][info][gc,stats    ]       Phase: Concurrent Reset Relocation Set               0.000 / 0.000         0.028 / 0.053         0.028 / 0.053         0.028 / 0.053       ms
[240.274s][info][gc,stats    ]       Phase: Concurrent Select Relocation Set              0.000 / 0.000         4.769 / 11.319        4.769 / 11.319        4.769 / 11.319      ms
[240.274s][info][gc,stats    ]       Phase: Pause Mark End                                0.000 / 0.000         0.017 / 0.037         0.017 / 0.037         0.017 / 0.037       ms
[240.274s][info][gc,stats    ]       Phase: Pause Mark Start                              0.000 / 0.000         0.008 / 0.012         0.008 / 0.012         0.008 / 0.012       ms
[240.274s][info][gc,stats    ]       Phase: Pause Relocate Start                          0.000 / 0.000         0.012 / 0.020         0.012 / 0.020         0.012 / 0.020       ms
[240.274s][info][gc,stats    ]    Subphase: Concurrent Classes Purge                      0.000 / 0.000         0.401 / 0.556         0.401 / 0.556         0.401 / 0.556       ms
[240.274s][info][gc,stats    ]    Subphase: Concurrent Classes Unlink                     0.000 / 0.000        11.149 / 13.998       11.149 / 13.998       11.149 / 13.998      ms
[240.274s][info][gc,stats    ]    Subphase: Concurrent Mark                               0.000 / 0.000        98.353 / 268.470      98.353 / 268.470      98.353 / 268.470     ms
[240.274s][info][gc,stats    ]    Subphase: Concurrent Mark Try Flush                     0.000 / 0.000         0.081 / 0.347         0.081 / 0.347         0.081 / 0.347       ms
[240.274s][info][gc,stats    ]    Subphase: Concurrent Mark Try Terminate                 0.000 / 0.000         3.455 / 16.643        3.455 / 16.643        3.455 / 16.643      ms
[240.275s][info][gc,stats    ]    Subphase: Concurrent References Enqueue                 0.000 / 0.000         0.005 / 0.008         0.005 / 0.008         0.005 / 0.008       ms
[240.275s][info][gc,stats    ]    Subphase: Concurrent References Process                 0.000 / 0.000         0.352 / 0.881         0.352 / 0.881         0.352 / 0.881       ms
[240.275s][info][gc,stats    ]    Subphase: Concurrent Roots ClassLoaderDataGraph         0.000 / 0.000         0.121 / 0.477         0.121 / 0.477         0.121 / 0.477       ms
[240.275s][info][gc,stats    ]    Subphase: Concurrent Roots CodeCache                    0.000 / 0.000         0.000 / 0.000         0.000 / 0.000         0.000 / 0.000       ms
[240.275s][info][gc,stats    ]    Subphase: Concurrent Roots JavaThreads                  0.000 / 0.000         0.995 / 2.038         0.995 / 2.038         0.995 / 2.038       ms
[240.275s][info][gc,stats    ]    Subphase: Concurrent Roots OopStorageSet                0.000 / 0.000         0.028 / 0.120         0.028 / 0.120         0.028 / 0.120       ms
[240.275s][info][gc,stats    ]    Subphase: Concurrent Weak Roots OopStorageSet           0.000 / 0.000         0.521 / 1.012         0.521 / 1.012         0.521 / 1.012       ms
[240.275s][info][gc,stats    ]    Subphase: Pause Mark Try Complete                       0.000 / 0.000         0.000 / 0.000         0.000 / 0.000         0.000 / 0.000       ms
[240.275s][info][gc,stats    ]      System: Java Threads                                      0 / 0                30 / 36               30 / 36               30 / 36          threads
[240.275s][info][gc,stats    ] =========================================================================================================================================================
[245.465s][info][gc,start    ] GC(17) Garbage Collection (Proactive)
[245.465s][info][gc,task     ] GC(17) Using 2 workers
[245.466s][info][gc,phases   ] GC(17) Pause Mark Start 0.005ms
[245.484s][info][gc,phases   ] GC(17) Concurrent Mark 18.870ms
[245.485s][info][gc,phases   ] GC(17) Pause Mark End 0.013ms
[245.485s][info][gc,phases   ] GC(17) Concurrent Mark Free 0.002ms
[245.500s][info][gc,phases   ] GC(17) Concurrent Process Non-Strong References 15.009ms
[245.500s][info][gc,phases   ] GC(17) Concurrent Reset Relocation Set 0.008ms
[245.502s][info][gc,phases   ] GC(17) Concurrent Select Relocation Set 2.101ms
[245.502s][info][gc,phases   ] GC(17) Pause Relocate Start 0.011ms
[245.507s][info][gc,phases   ] GC(17) Concurrent Relocate 5.071ms
[245.507s][info][gc,load     ] GC(17) Load: 0.00/0.00/0.00
[245.507s][info][gc,mmu      ] GC(17) MMU: 2ms/98.1%, 5ms/99.3%, 10ms/99.4%, 20ms/99.7%, 50ms/99.9%, 100ms/99.9%
[245.507s][info][gc,marking  ] GC(17) Mark: 2 stripe(s), 2 proactive flush(es), 1 terminate flush(es), 0 completion(s), 0 continuation(s) 
[245.507s][info][gc,marking  ] GC(17) Mark Stack Usage: 32M
[245.507s][info][gc,nmethod  ] GC(17) NMethods: 13096 registered, 2959 unregistered
[245.507s][info][gc,metaspace] GC(17) Metaspace: 41M used, 41M committed, 1088M reserved
[245.507s][info][gc,ref      ] GC(17) Soft: 3860 encountered, 0 discovered, 0 enqueued
[245.507s][info][gc,ref      ] GC(17) Weak: 1539 encountered, 1130 discovered, 110 enqueued
[245.507s][info][gc,ref      ] GC(17) Final: 3 encountered, 0 discovered, 0 enqueued
[245.507s][info][gc,ref      ] GC(17) Phantom: 172 encountered, 120 discovered, 0 enqueued
[245.507s][info][gc,reloc    ] GC(17) Small Pages: 486 / 972M, Empty: 448M, Relocated: 8M, In-Place: 0
[245.507s][info][gc,reloc    ] GC(17) Medium Pages: 2 / 64M, Empty: 0M, Relocated: 1M, In-Place: 0
[245.507s][info][gc,reloc    ] GC(17) Large Pages: 2 / 18M, Empty: 8M, Relocated: 0M, In-Place: 0
[245.507s][info][gc,reloc    ] GC(17) Forwarding Usage: 2M
[245.507s][info][gc,heap     ] GC(17) Min Capacity: 8192M(100%)
[245.508s][info][gc,heap     ] GC(17) Max Capacity: 8192M(100%)
[245.508s][info][gc,heap     ] GC(17) Soft Max Capacity: 8192M(100%)
[245.508s][info][gc,heap     ] GC(17)                Mark Start          Mark End        Relocate Start      Relocate End           High               Low         
[245.508s][info][gc,heap     ] GC(17)  Capacity:     8192M (100%)       8192M (100%)       8192M (100%)       8192M (100%)       8192M (100%)       8192M (100%)   
[245.508s][info][gc,heap     ] GC(17)      Free:     7138M (87%)        7132M (87%)        7586M (93%)        8118M (99%)        8118M (99%)        7130M (87%)    
[245.508s][info][gc,heap     ] GC(17)      Used:     1054M (13%)        1060M (13%)         606M (7%)           74M (1%)         1062M (13%)          74M (1%)     
[245.508s][info][gc,heap     ] GC(17)      Live:         -                32M (0%)           32M (0%)           32M (0%)             -                  -          
[245.508s][info][gc,heap     ] GC(17) Allocated:         -                 6M (0%)            8M (0%)            7M (0%)             -                  -          
[245.508s][info][gc,heap     ] GC(17)   Garbage:         -              1021M (12%)         565M (7%)           33M (0%)             -                  -          
[245.508s][info][gc,heap     ] GC(17) Reclaimed:         -                  -               456M (6%)          987M (12%)            -                  -          
[245.508s][info][gc          ] GC(17) Garbage Collection (Proactive) 1054M(13%)->74M(1%)
[250.265s][info][gc,stats    ] === Garbage Collection Statistics =======================================================================================================================
[250.266s][info][gc,stats    ]                                                              Last 10s              Last 10m              Last 10h                Total
[250.266s][info][gc,stats    ]                                                              Avg / Max             Avg / Max             Avg / Max             Avg / Max
[250.266s][info][gc,stats    ]   Collector: Garbage Collection Cycle                     41.793 / 41.793      139.889 / 369.233     139.889 / 369.233     139.889 / 369.233     ms
[250.266s][info][gc,stats    ]  Contention: Mark Segment Reset Contention                     0 / 0                 0 / 1                 0 / 1                 0 / 1           ops/s
[250.266s][info][gc,stats    ]  Contention: Mark SeqNum Reset Contention                      0 / 0                 0 / 0                 0 / 0                 0 / 0           ops/s
[250.266s][info][gc,stats    ]    Critical: Allocation Stall                                  0 / 0                 0 / 0                 0 / 0                 0 / 0           ops/s
[250.266s][info][gc,stats    ]    Critical: Allocation Stall                              0.000 / 0.000         0.000 / 0.000         0.000 / 0.000         0.000 / 0.000       ms
[250.266s][info][gc,stats    ]    Critical: GC Locker Stall                                   0 / 0                 0 / 0                 0 / 0                 0 / 0           ops/s
[250.266s][info][gc,stats    ]    Critical: GC Locker Stall                               0.000 / 0.000         0.000 / 0.000         0.000 / 0.000         0.000 / 0.000       ms
[250.266s][info][gc,stats    ]    Critical: Relocation Stall                                  0 / 0                 0 / 0                 0 / 0                 0 / 0           ops/s
[250.266s][info][gc,stats    ]    Critical: Relocation Stall                              0.000 / 0.000         0.000 / 0.000         0.000 / 0.000         0.000 / 0.000       ms
[250.266s][info][gc,stats    ]      Memory: Allocation Rate                                 110 / 240             153 / 894             153 / 894             153 / 894         MB/s
[250.266s][info][gc,stats    ]      Memory: Out Of Memory                                     0 / 0                 0 / 0                 0 / 0                 0 / 0           ops/s
[250.266s][info][gc,stats    ]      Memory: Page Cache Flush                                  0 / 0                 0 / 0                 0 / 0                 0 / 0           MB/s
[250.266s][info][gc,stats    ]      Memory: Page Cache Hit L1                                54 / 120              54 / 370              54 / 370              54 / 370         ops/s
[250.266s][info][gc,stats    ]      Memory: Page Cache Hit L2                                 0 / 0                 0 / 0                 0 / 0                 0 / 0           ops/s
[250.266s][info][gc,stats    ]      Memory: Page Cache Hit L3                                 0 / 0                 9 / 209               9 / 209               9 / 209         ops/s
[250.266s][info][gc,stats    ]      Memory: Page Cache Miss                                   0 / 0                 0 / 1                 0 / 1                 0 / 1           ops/s
[250.266s][info][gc,stats    ]      Memory: Uncommit                                          0 / 0                 0 / 0                 0 / 0                 0 / 0           MB/s
[250.266s][info][gc,stats    ]      Memory: Undo Object Allocation Failed                     0 / 0                 0 / 0                 0 / 0                 0 / 0           ops/s
[250.266s][info][gc,stats    ]      Memory: Undo Object Allocation Succeeded                  0 / 0                 0 / 3                 0 / 3                 0 / 3           ops/s
[250.266s][info][gc,stats    ]      Memory: Undo Page Allocation                              0 / 0                 0 / 1                 0 / 1                 0 / 1           ops/s
[250.266s][info][gc,stats    ]       Phase: Concurrent Mark                              18.870 / 18.870       98.696 / 269.421      98.696 / 269.421      98.696 / 269.421     ms
[250.266s][info][gc,stats    ]       Phase: Concurrent Mark Continue                      0.000 / 0.000         0.000 / 0.000         0.000 / 0.000         0.000 / 0.000       ms
[250.266s][info][gc,stats    ]       Phase: Concurrent Mark Free                          0.002 / 0.002         0.001 / 0.002         0.001 / 0.002         0.001 / 0.002       ms
[250.266s][info][gc,stats    ]       Phase: Concurrent Process Non-Strong References     15.009 / 15.009       12.731 / 15.531       12.731 / 15.531       12.731 / 15.531      ms
[250.266s][info][gc,stats    ]       Phase: Concurrent Relocate                           5.071 / 5.071        22.782 / 75.349       22.782 / 75.349       22.782 / 75.349      ms
[250.266s][info][gc,stats    ]       Phase: Concurrent Reset Relocation Set               0.008 / 0.008         0.027 / 0.053         0.027 / 0.053         0.027 / 0.053       ms
[250.266s][info][gc,stats    ]       Phase: Concurrent Select Relocation Set              2.101 / 2.101         4.621 / 11.319        4.621 / 11.319        4.621 / 11.319      ms
[250.266s][info][gc,stats    ]       Phase: Pause Mark End                                0.013 / 0.013         0.017 / 0.037         0.017 / 0.037         0.017 / 0.037       ms
[250.266s][info][gc,stats    ]       Phase: Pause Mark Start                              0.005 / 0.005         0.008 / 0.012         0.008 / 0.012         0.008 / 0.012       ms
[250.266s][info][gc,stats    ]       Phase: Pause Relocate Start                          0.011 / 0.011         0.012 / 0.020         0.012 / 0.020         0.012 / 0.020       ms
[250.266s][info][gc,stats    ]    Subphase: Concurrent Classes Purge                      0.513 / 0.513         0.407 / 0.556         0.407 / 0.556         0.407 / 0.556       ms
[250.266s][info][gc,stats    ]    Subphase: Concurrent Classes Unlink                    13.774 / 13.774       11.295 / 13.998       11.295 / 13.998       11.295 / 13.998      ms
[250.266s][info][gc,stats    ]    Subphase: Concurrent Mark                              16.865 / 17.600       93.826 / 268.470      93.826 / 268.470      93.826 / 268.470     ms
[250.266s][info][gc,stats    ]    Subphase: Concurrent Mark Try Flush                     0.050 / 0.089         0.080 / 0.347         0.080 / 0.347         0.080 / 0.347       ms
[250.266s][info][gc,stats    ]    Subphase: Concurrent Mark Try Terminate                 0.522 / 1.550         3.301 / 16.643        3.301 / 16.643        3.301 / 16.643      ms
[250.266s][info][gc,stats    ]    Subphase: Concurrent References Enqueue                 0.004 / 0.004         0.005 / 0.008         0.005 / 0.008         0.005 / 0.008       ms
[250.266s][info][gc,stats    ]    Subphase: Concurrent References Process                 0.167 / 0.167         0.342 / 0.881         0.342 / 0.881         0.342 / 0.881       ms
[250.266s][info][gc,stats    ]    Subphase: Concurrent Roots ClassLoaderDataGraph         0.060 / 0.109         0.118 / 0.477         0.118 / 0.477         0.118 / 0.477       ms
[250.266s][info][gc,stats    ]    Subphase: Concurrent Roots CodeCache                    0.000 / 0.000         0.000 / 0.000         0.000 / 0.000         0.000 / 0.000       ms
[250.266s][info][gc,stats    ]    Subphase: Concurrent Roots JavaThreads                  0.979 / 0.989         0.994 / 2.038         0.994 / 2.038         0.994 / 2.038       ms
[250.266s][info][gc,stats    ]    Subphase: Concurrent Roots OopStorageSet                0.016 / 0.032         0.027 / 0.120         0.027 / 0.120         0.027 / 0.120       ms
[250.266s][info][gc,stats    ]    Subphase: Concurrent Weak Roots OopStorageSet           0.333 / 0.345         0.510 / 1.012         0.510 / 1.012         0.510 / 1.012       ms
[250.266s][info][gc,stats    ]    Subphase: Pause Mark Try Complete                       0.000 / 0.000         0.000 / 0.000         0.000 / 0.000         0.000 / 0.000       ms
[250.266s][info][gc,stats    ]      System: Java Threads                                     30 / 30               30 / 36               30 / 36               30 / 36          threads
[250.266s][info][gc,stats    ] =========================================================================================================================================================
[260.265s][info][gc,stats    ] === Garbage Collection Statistics =======================================================================================================================
[260.265s][info][gc,stats    ]                                                              Last 10s              Last 10m              Last 10h                Total
[260.265s][info][gc,stats    ]                                                              Avg / Max             Avg / Max             Avg / Max             Avg / Max
[260.265s][info][gc,stats    ]   Collector: Garbage Collection Cycle                      0.000 / 0.000       139.889 / 369.233     139.889 / 369.233     139.889 / 369.233     ms
[260.265s][info][gc,stats    ]  Contention: Mark Segment Reset Contention                     0 / 0                 0 / 1                 0 / 1                 0 / 1           ops/s
[260.265s][info][gc,stats    ]  Contention: Mark SeqNum Reset Contention                      0 / 0                 0 / 0                 0 / 0                 0 / 0           ops/s
[260.265s][info][gc,stats    ]    Critical: Allocation Stall                                  0 / 0                 0 / 0                 0 / 0                 0 / 0           ops/s
[260.265s][info][gc,stats    ]    Critical: Allocation Stall                              0.000 / 0.000         0.000 / 0.000         0.000 / 0.000         0.000 / 0.000       ms
[260.265s][info][gc,stats    ]    Critical: GC Locker Stall                                   0 / 0                 0 / 0                 0 / 0                 0 / 0           ops/s
[260.265s][info][gc,stats    ]    Critical: GC Locker Stall                               0.000 / 0.000         0.000 / 0.000         0.000 / 0.000         0.000 / 0.000       ms
[260.265s][info][gc,stats    ]    Critical: Relocation Stall                                  0 / 0                 0 / 0                 0 / 0                 0 / 0           ops/s
[260.265s][info][gc,stats    ]    Critical: Relocation Stall                              0.000 / 0.000         0.000 / 0.000         0.000 / 0.000         0.000 / 0.000       ms
[260.265s][info][gc,stats    ]      Memory: Allocation Rate                                 459 / 850             165 / 894             165 / 894             165 / 894         MB/s
[260.265s][info][gc,stats    ]      Memory: Out Of Memory                                     0 / 0                 0 / 0                 0 / 0                 0 / 0           ops/s
[260.265s][info][gc,stats    ]      Memory: Page Cache Flush                                  0 / 0                 0 / 0                 0 / 0                 0 / 0           MB/s
[260.265s][info][gc,stats    ]      Memory: Page Cache Hit L1                               165 / 359              59 / 370              59 / 370              59 / 370         ops/s
[260.265s][info][gc,stats    ]      Memory: Page Cache Hit L2                                 0 / 0                 0 / 0                 0 / 0                 0 / 0           ops/s
[260.265s][info][gc,stats    ]      Memory: Page Cache Hit L3                                 0 / 0                 8 / 209               8 / 209               8 / 209         ops/s
[260.265s][info][gc,stats    ]      Memory: Page Cache Miss                                   0 / 0                 0 / 1                 0 / 1                 0 / 1           ops/s
[260.265s][info][gc,stats    ]      Memory: Uncommit                                          0 / 0                 0 / 0                 0 / 0                 0 / 0           MB/s
[260.265s][info][gc,stats    ]      Memory: Undo Object Allocation Failed                     0 / 0                 0 / 0                 0 / 0                 0 / 0           ops/s
[260.265s][info][gc,stats    ]      Memory: Undo Object Allocation Succeeded                  0 / 0                 0 / 3                 0 / 3                 0 / 3           ops/s
[260.265s][info][gc,stats    ]      Memory: Undo Page Allocation                              0 / 0                 0 / 1                 0 / 1                 0 / 1           ops/s
[260.265s][info][gc,stats    ]       Phase: Concurrent Mark                               0.000 / 0.000        98.696 / 269.421      98.696 / 269.421      98.696 / 269.421     ms
[260.265s][info][gc,stats    ]       Phase: Concurrent Mark Continue                      0.000 / 0.000         0.000 / 0.000         0.000 / 0.000         0.000 / 0.000       ms
[260.265s][info][gc,stats    ]       Phase: Concurrent Mark Free                          0.000 / 0.000         0.001 / 0.002         0.001 / 0.002         0.001 / 0.002       ms
[260.265s][info][gc,stats    ]       Phase: Concurrent Process Non-Strong References      0.000 / 0.000        12.731 / 15.531       12.731 / 15.531       12.731 / 15.531      ms
[260.265s][info][gc,stats    ]       Phase: Concurrent Relocate                           0.000 / 0.000        22.782 / 75.349       22.782 / 75.349       22.782 / 75.349      ms
[260.265s][info][gc,stats    ]       Phase: Concurrent Reset Relocation Set               0.000 / 0.000         0.027 / 0.053         0.027 / 0.053         0.027 / 0.053       ms
[260.265s][info][gc,stats    ]       Phase: Concurrent Select Relocation Set              0.000 / 0.000         4.621 / 11.319        4.621 / 11.319        4.621 / 11.319      ms
[260.265s][info][gc,stats    ]       Phase: Pause Mark End                                0.000 / 0.000         0.017 / 0.037         0.017 / 0.037         0.017 / 0.037       ms
[260.265s][info][gc,stats    ]       Phase: Pause Mark Start                              0.000 / 0.000         0.008 / 0.012         0.008 / 0.012         0.008 / 0.012       ms
[260.265s][info][gc,stats    ]       Phase: Pause Relocate Start                          0.000 / 0.000         0.012 / 0.020         0.012 / 0.020         0.012 / 0.020       ms
[260.265s][info][gc,stats    ]    Subphase: Concurrent Classes Purge                      0.000 / 0.000         0.407 / 0.556         0.407 / 0.556         0.407 / 0.556       ms
[260.265s][info][gc,stats    ]    Subphase: Concurrent Classes Unlink                     0.000 / 0.000        11.295 / 13.998       11.295 / 13.998       11.295 / 13.998      ms
[260.265s][info][gc,stats    ]    Subphase: Concurrent Mark                               0.000 / 0.000        93.826 / 268.470      93.826 / 268.470      93.826 / 268.470     ms
[260.265s][info][gc,stats    ]    Subphase: Concurrent Mark Try Flush                     0.000 / 0.000         0.080 / 0.347         0.080 / 0.347         0.080 / 0.347       ms
[260.265s][info][gc,stats    ]    Subphase: Concurrent Mark Try Terminate                 0.000 / 0.000         3.301 / 16.643        3.301 / 16.643        3.301 / 16.643      ms
[260.265s][info][gc,stats    ]    Subphase: Concurrent References Enqueue                 0.000 / 0.000         0.005 / 0.008         0.005 / 0.008         0.005 / 0.008       ms
[260.265s][info][gc,stats    ]    Subphase: Concurrent References Process                 0.000 / 0.000         0.342 / 0.881         0.342 / 0.881         0.342 / 0.881       ms
[260.265s][info][gc,stats    ]    Subphase: Concurrent Roots ClassLoaderDataGraph         0.000 / 0.000         0.118 / 0.477         0.118 / 0.477         0.118 / 0.477       ms
[260.265s][info][gc,stats    ]    Subphase: Concurrent Roots CodeCache                    0.000 / 0.000         0.000 / 0.000         0.000 / 0.000         0.000 / 0.000       ms
[260.265s][info][gc,stats    ]    Subphase: Concurrent Roots JavaThreads                  0.000 / 0.000         0.994 / 2.038         0.994 / 2.038         0.994 / 2.038       ms
[260.265s][info][gc,stats    ]    Subphase: Concurrent Roots OopStorageSet                0.000 / 0.000         0.027 / 0.120         0.027 / 0.120         0.027 / 0.120       ms
[260.265s][info][gc,stats    ]    Subphase: Concurrent Weak Roots OopStorageSet           0.000 / 0.000         0.510 / 1.012         0.510 / 1.012         0.510 / 1.012       ms
[260.265s][info][gc,stats    ]    Subphase: Pause Mark Try Complete                       0.000 / 0.000         0.000 / 0.000         0.000 / 0.000         0.000 / 0.000       ms
[260.265s][info][gc,stats    ]      System: Java Threads                                      0 / 0                30 / 36               30 / 36               30 / 36          threads
[260.265s][info][gc,stats    ] =========================================================================================================================================================
[262.345s][info][gc,start    ] GC(18) Garbage Collection (System.gc())
[262.345s][info][gc,task     ] GC(18) Using 2 workers
[262.345s][info][gc,phases   ] GC(18) Pause Mark Start 0.006ms
[262.562s][info][gc,phases   ] GC(18) Concurrent Mark 216.552ms
[262.562s][info][gc,phases   ] GC(18) Pause Mark End 0.014ms
[262.562s][info][gc,phases   ] GC(18) Concurrent Mark Free 0.001ms
[262.576s][info][gc,phases   ] GC(18) Concurrent Process Non-Strong References 14.266ms
[262.576s][info][gc,phases   ] GC(18) Concurrent Reset Relocation Set 0.016ms
[262.585s][info][gc,phases   ] GC(18) Concurrent Select Relocation Set 8.352ms
[262.585s][info][gc,phases   ] GC(18) Pause Relocate Start 0.010ms
[262.642s][info][gc,phases   ] GC(18) Concurrent Relocate 57.010ms
[262.642s][info][gc,load     ] GC(18) Load: 0.00/0.00/0.00
[262.642s][info][gc,mmu      ] GC(18) MMU: 2ms/98.1%, 5ms/99.3%, 10ms/99.4%, 20ms/99.7%, 50ms/99.9%, 100ms/99.9%
[262.642s][info][gc,marking  ] GC(18) Mark: 2 stripe(s), 2 proactive flush(es), 1 terminate flush(es), 0 completion(s), 0 continuation(s) 
[262.642s][info][gc,marking  ] GC(18) Mark Stack Usage: 32M
[262.642s][info][gc,nmethod  ] GC(18) NMethods: 13419 registered, 2975 unregistered
[262.642s][info][gc,metaspace] GC(18) Metaspace: 41M used, 42M committed, 1088M reserved
[262.642s][info][gc,ref      ] GC(18) Soft: 3860 encountered, 0 discovered, 0 enqueued
[262.642s][info][gc,ref      ] GC(18) Weak: 8961 encountered, 8504 discovered, 7425 enqueued
[262.642s][info][gc,ref      ] GC(18) Final: 3 encountered, 1 discovered, 0 enqueued
[262.642s][info][gc,ref      ] GC(18) Phantom: 173 encountered, 121 discovered, 0 enqueued
[262.642s][info][gc,reloc    ] GC(18) Small Pages: 2334 / 4668M, Empty: 2504M, Relocated: 111M, In-Place: 0
[262.642s][info][gc,reloc    ] GC(18) Medium Pages: 46 / 1472M, Empty: 1408M, Relocated: 10M, In-Place: 0
[262.642s][info][gc,reloc    ] GC(18) Large Pages: 2 / 18M, Empty: 0M, Relocated: 0M, In-Place: 0
[262.642s][info][gc,reloc    ] GC(18) Forwarding Usage: 28M
[262.642s][info][gc,heap     ] GC(18) Min Capacity: 8192M(100%)
[262.642s][info][gc,heap     ] GC(18) Max Capacity: 8192M(100%)
[262.642s][info][gc,heap     ] GC(18) Soft Max Capacity: 8192M(100%)
[262.642s][info][gc,heap     ] GC(18)                Mark Start          Mark End        Relocate Start      Relocate End           High               Low         
[262.642s][info][gc,heap     ] GC(18)  Capacity:     8192M (100%)       8192M (100%)       8192M (100%)       8192M (100%)       8192M (100%)       8192M (100%)   
[262.642s][info][gc,heap     ] GC(18)      Free:     2034M (25%)        2030M (25%)        5942M (73%)        8010M (98%)        8010M (98%)        2030M (25%)    
[262.642s][info][gc,heap     ] GC(18)      Used:     6158M (75%)        6162M (75%)        2250M (27%)         182M (2%)         6162M (75%)         182M (2%)     
[262.642s][info][gc,heap     ] GC(18)      Live:         -               152M (2%)          152M (2%)          152M (2%)             -                  -          
[262.643s][info][gc,heap     ] GC(18) Allocated:         -                 4M (0%)            4M (0%)            4M (0%)             -                  -          
[262.643s][info][gc,heap     ] GC(18)   Garbage:         -              6005M (73%)        2093M (26%)          25M (0%)             -                  -          
[262.643s][info][gc,heap     ] GC(18) Reclaimed:         -                  -              3912M (48%)        5980M (73%)            -                  -          
[262.643s][info][gc          ] GC(18) Garbage Collection (System.gc()) 6158M(75%)->182M(2%)
[270.265s][info][gc,stats    ] === Garbage Collection Statistics =======================================================================================================================
[270.265s][info][gc,stats    ]                                                              Last 10s              Last 10m              Last 10h                Total
[270.265s][info][gc,stats    ]                                                              Avg / Max             Avg / Max             Avg / Max             Avg / Max
[270.265s][info][gc,stats    ]   Collector: Garbage Collection Cycle                    297.076 / 297.076     148.162 / 369.233     148.162 / 369.233     148.162 / 369.233     ms
[270.265s][info][gc,stats    ]  Contention: Mark Segment Reset Contention                     0 / 1                 0 / 1                 0 / 1                 0 / 1           ops/s
[270.265s][info][gc,stats    ]  Contention: Mark SeqNum Reset Contention                      0 / 0                 0 / 0                 0 / 0                 0 / 0           ops/s
[270.265s][info][gc,stats    ]    Critical: Allocation Stall                                  0 / 0                 0 / 0                 0 / 0                 0 / 0           ops/s
[270.265s][info][gc,stats    ]    Critical: Allocation Stall                              0.000 / 0.000         0.000 / 0.000         0.000 / 0.000         0.000 / 0.000       ms
[270.265s][info][gc,stats    ]    Critical: GC Locker Stall                                   0 / 0                 0 / 0                 0 / 0                 0 / 0           ops/s
[270.265s][info][gc,stats    ]    Critical: GC Locker Stall                               0.000 / 0.000         0.000 / 0.000         0.000 / 0.000         0.000 / 0.000       ms
[270.265s][info][gc,stats    ]    Critical: Relocation Stall                                  0 / 0                 0 / 0                 0 / 0                 0 / 0           ops/s
[270.265s][info][gc,stats    ]    Critical: Relocation Stall                              0.000 / 0.000         0.000 / 0.000         0.000 / 0.000         0.000 / 0.000       ms
[270.265s][info][gc,stats    ]      Memory: Allocation Rate                                 105 / 536             162 / 894             162 / 894             162 / 894         MB/s
[270.265s][info][gc,stats    ]      Memory: Out Of Memory                                     0 / 0                 0 / 0                 0 / 0                 0 / 0           ops/s
[270.265s][info][gc,stats    ]      Memory: Page Cache Flush                                  0 / 0                 0 / 0                 0 / 0                 0 / 0           MB/s
[270.265s][info][gc,stats    ]      Memory: Page Cache Hit L1                                43 / 245              58 / 370              58 / 370              58 / 370         ops/s
[270.265s][info][gc,stats    ]      Memory: Page Cache Hit L2                                 0 / 0                 0 / 0                 0 / 0                 0 / 0           ops/s
[270.265s][info][gc,stats    ]      Memory: Page Cache Hit L3                                11 / 95                8 / 209               8 / 209               8 / 209         ops/s
[270.265s][info][gc,stats    ]      Memory: Page Cache Miss                                   0 / 0                 0 / 1                 0 / 1                 0 / 1           ops/s
[270.265s][info][gc,stats    ]      Memory: Uncommit                                          0 / 0                 0 / 0                 0 / 0                 0 / 0           MB/s
[270.265s][info][gc,stats    ]      Memory: Undo Object Allocation Failed                     0 / 0                 0 / 0                 0 / 0                 0 / 0           ops/s
[270.265s][info][gc,stats    ]      Memory: Undo Object Allocation Succeeded                  0 / 0                 0 / 3                 0 / 3                 0 / 3           ops/s
[270.265s][info][gc,stats    ]      Memory: Undo Page Allocation                              0 / 0                 0 / 1                 0 / 1                 0 / 1           ops/s
[270.265s][info][gc,stats    ]       Phase: Concurrent Mark                             216.552 / 216.552     104.899 / 269.421     104.899 / 269.421     104.899 / 269.421     ms
[270.265s][info][gc,stats    ]       Phase: Concurrent Mark Continue                      0.000 / 0.000         0.000 / 0.000         0.000 / 0.000         0.000 / 0.000       ms
[270.265s][info][gc,stats    ]       Phase: Concurrent Mark Free                          0.001 / 0.001         0.001 / 0.002         0.001 / 0.002         0.001 / 0.002       ms
[270.265s][info][gc,stats    ]       Phase: Concurrent Process Non-Strong References     14.266 / 14.266       12.812 / 15.531       12.812 / 15.531       12.812 / 15.531      ms
[270.265s][info][gc,stats    ]       Phase: Concurrent Relocate                          57.010 / 57.010       24.584 / 75.349       24.584 / 75.349       24.584 / 75.349      ms
[270.265s][info][gc,stats    ]       Phase: Concurrent Reset Relocation Set               0.016 / 0.016         0.026 / 0.053         0.026 / 0.053         0.026 / 0.053       ms
[270.265s][info][gc,stats    ]       Phase: Concurrent Select Relocation Set              8.352 / 8.352         4.817 / 11.319        4.817 / 11.319        4.817 / 11.319      ms
[270.265s][info][gc,stats    ]       Phase: Pause Mark End                                0.014 / 0.014         0.017 / 0.037         0.017 / 0.037         0.017 / 0.037       ms
[270.265s][info][gc,stats    ]       Phase: Pause Mark Start                              0.006 / 0.006         0.008 / 0.012         0.008 / 0.012         0.008 / 0.012       ms
[270.265s][info][gc,stats    ]       Phase: Pause Relocate Start                          0.010 / 0.010         0.012 / 0.020         0.012 / 0.020         0.012 / 0.020       ms
[270.265s][info][gc,stats    ]    Subphase: Concurrent Classes Purge                      0.446 / 0.446         0.409 / 0.556         0.409 / 0.556         0.409 / 0.556       ms
[270.265s][info][gc,stats    ]    Subphase: Concurrent Classes Unlink                    12.587 / 12.587       11.363 / 13.998       11.363 / 13.998       11.363 / 13.998      ms
[270.265s][info][gc,stats    ]    Subphase: Concurrent Mark                             214.912 / 215.419     100.199 / 268.470     100.199 / 268.470     100.199 / 268.470     ms
[270.265s][info][gc,stats    ]    Subphase: Concurrent Mark Try Flush                     0.095 / 0.141         0.081 / 0.347         0.081 / 0.347         0.081 / 0.347       ms
[270.265s][info][gc,stats    ]    Subphase: Concurrent Mark Try Terminate                 1.390 / 2.318         3.119 / 16.643        3.119 / 16.643        3.119 / 16.643      ms
[270.265s][info][gc,stats    ]    Subphase: Concurrent References Enqueue                 0.008 / 0.008         0.006 / 0.008         0.006 / 0.008         0.006 / 0.008       ms
[270.265s][info][gc,stats    ]    Subphase: Concurrent References Process                 0.603 / 0.603         0.355 / 0.881         0.355 / 0.881         0.355 / 0.881       ms
[270.265s][info][gc,stats    ]    Subphase: Concurrent Roots ClassLoaderDataGraph         0.110 / 0.206         0.118 / 0.477         0.118 / 0.477         0.118 / 0.477       ms
[270.265s][info][gc,stats    ]    Subphase: Concurrent Roots CodeCache                    0.000 / 0.000         0.000 / 0.000         0.000 / 0.000         0.000 / 0.000       ms
[270.265s][info][gc,stats    ]    Subphase: Concurrent Roots JavaThreads                  0.835 / 0.958         0.986 / 2.038         0.986 / 2.038         0.986 / 2.038       ms
[270.265s][info][gc,stats    ]    Subphase: Concurrent Roots OopStorageSet                0.028 / 0.039         0.027 / 0.120         0.027 / 0.120         0.027 / 0.120       ms
[270.265s][info][gc,stats    ]    Subphase: Concurrent Weak Roots OopStorageSet           0.417 / 0.417         0.505 / 1.012         0.505 / 1.012         0.505 / 1.012       ms
[270.265s][info][gc,stats    ]    Subphase: Pause Mark Try Complete                       0.000 / 0.000         0.000 / 0.000         0.000 / 0.000         0.000 / 0.000       ms
[270.265s][info][gc,stats    ]      System: Java Threads                                     30 / 30               30 / 36               30 / 36               30 / 36          threads
[270.265s][info][gc,stats    ] =========================================================================================================================================================
[280.265s][info][gc,stats    ] === Garbage Collection Statistics =======================================================================================================================
[280.265s][info][gc,stats    ]                                                              Last 10s              Last 10m              Last 10h                Total
[280.265s][info][gc,stats    ]                                                              Avg / Max             Avg / Max             Avg / Max             Avg / Max
[280.265s][info][gc,stats    ]   Collector: Garbage Collection Cycle                      0.000 / 0.000       148.162 / 369.233     148.162 / 369.233     148.162 / 369.233     ms
[280.265s][info][gc,stats    ]  Contention: Mark Segment Reset Contention                     0 / 0                 0 / 1                 0 / 1                 0 / 1           ops/s
[280.265s][info][gc,stats    ]  Contention: Mark SeqNum Reset Contention                      0 / 0                 0 / 0                 0 / 0                 0 / 0           ops/s
[280.265s][info][gc,stats    ]    Critical: Allocation Stall                                  0 / 0                 0 / 0                 0 / 0                 0 / 0           ops/s
[280.265s][info][gc,stats    ]    Critical: Allocation Stall                              0.000 / 0.000         0.000 / 0.000         0.000 / 0.000         0.000 / 0.000       ms
[280.265s][info][gc,stats    ]    Critical: GC Locker Stall                                   0 / 0                 0 / 0                 0 / 0                 0 / 0           ops/s
[280.265s][info][gc,stats    ]    Critical: GC Locker Stall                               0.000 / 0.000         0.000 / 0.000         0.000 / 0.000         0.000 / 0.000       ms
[280.265s][info][gc,stats    ]    Critical: Relocation Stall                                  0 / 0                 0 / 0                 0 / 0                 0 / 0           ops/s
[280.265s][info][gc,stats    ]    Critical: Relocation Stall                              0.000 / 0.000         0.000 / 0.000         0.000 / 0.000         0.000 / 0.000       ms
[280.265s][info][gc,stats    ]      Memory: Allocation Rate                                  18 / 20              157 / 894             157 / 894             157 / 894         MB/s
[280.265s][info][gc,stats    ]      Memory: Out Of Memory                                     0 / 0                 0 / 0                 0 / 0                 0 / 0           ops/s
[280.265s][info][gc,stats    ]      Memory: Page Cache Flush                                  0 / 0                 0 / 0                 0 / 0                 0 / 0           MB/s
[280.265s][info][gc,stats    ]      Memory: Page Cache Hit L1                                 9 / 10               56 / 370              56 / 370              56 / 370         ops/s
[280.265s][info][gc,stats    ]      Memory: Page Cache Hit L2                                 0 / 0                 0 / 0                 0 / 0                 0 / 0           ops/s
[280.265s][info][gc,stats    ]      Memory: Page Cache Hit L3                                 0 / 0                 8 / 209               8 / 209               8 / 209         ops/s
[280.266s][info][gc,stats    ]      Memory: Page Cache Miss                                   0 / 0                 0 / 1                 0 / 1                 0 / 1           ops/s
[280.266s][info][gc,stats    ]      Memory: Uncommit                                          0 / 0                 0 / 0                 0 / 0                 0 / 0           MB/s
[280.266s][info][gc,stats    ]      Memory: Undo Object Allocation Failed                     0 / 0                 0 / 0                 0 / 0                 0 / 0           ops/s
[280.266s][info][gc,stats    ]      Memory: Undo Object Allocation Succeeded                  0 / 0                 0 / 3                 0 / 3                 0 / 3           ops/s
[280.266s][info][gc,stats    ]      Memory: Undo Page Allocation                              0 / 0                 0 / 1                 0 / 1                 0 / 1           ops/s
[280.266s][info][gc,stats    ]       Phase: Concurrent Mark                               0.000 / 0.000       104.899 / 269.421     104.899 / 269.421     104.899 / 269.421     ms
[280.266s][info][gc,stats    ]       Phase: Concurrent Mark Continue                      0.000 / 0.000         0.000 / 0.000         0.000 / 0.000         0.000 / 0.000       ms
[280.266s][info][gc,stats    ]       Phase: Concurrent Mark Free                          0.000 / 0.000         0.001 / 0.002         0.001 / 0.002         0.001 / 0.002       ms
[280.266s][info][gc,stats    ]       Phase: Concurrent Process Non-Strong References      0.000 / 0.000        12.812 / 15.531       12.812 / 15.531       12.812 / 15.531      ms
[280.266s][info][gc,stats    ]       Phase: Concurrent Relocate                           0.000 / 0.000        24.584 / 75.349       24.584 / 75.349       24.584 / 75.349      ms
[280.266s][info][gc,stats    ]       Phase: Concurrent Reset Relocation Set               0.000 / 0.000         0.026 / 0.053         0.026 / 0.053         0.026 / 0.053       ms
[280.266s][info][gc,stats    ]       Phase: Concurrent Select Relocation Set              0.000 / 0.000         4.817 / 11.319        4.817 / 11.319        4.817 / 11.319      ms
[280.266s][info][gc,stats    ]       Phase: Pause Mark End                                0.000 / 0.000         0.017 / 0.037         0.017 / 0.037         0.017 / 0.037       ms
[280.266s][info][gc,stats    ]       Phase: Pause Mark Start                              0.000 / 0.000         0.008 / 0.012         0.008 / 0.012         0.008 / 0.012       ms
[280.266s][info][gc,stats    ]       Phase: Pause Relocate Start                          0.000 / 0.000         0.012 / 0.020         0.012 / 0.020         0.012 / 0.020       ms
[280.266s][info][gc,stats    ]    Subphase: Concurrent Classes Purge                      0.000 / 0.000         0.409 / 0.556         0.409 / 0.556         0.409 / 0.556       ms
[280.266s][info][gc,stats    ]    Subphase: Concurrent Classes Unlink                     0.000 / 0.000        11.363 / 13.998       11.363 / 13.998       11.363 / 13.998      ms
[280.266s][info][gc,stats    ]    Subphase: Concurrent Mark                               0.000 / 0.000       100.199 / 268.470     100.199 / 268.470     100.199 / 268.470     ms
[280.266s][info][gc,stats    ]    Subphase: Concurrent Mark Try Flush                     0.000 / 0.000         0.081 / 0.347         0.081 / 0.347         0.081 / 0.347       ms
[280.266s][info][gc,stats    ]    Subphase: Concurrent Mark Try Terminate                 0.000 / 0.000         3.119 / 16.643        3.119 / 16.643        3.119 / 16.643      ms
[280.266s][info][gc,stats    ]    Subphase: Concurrent References Enqueue                 0.000 / 0.000         0.006 / 0.008         0.006 / 0.008         0.006 / 0.008       ms
[280.266s][info][gc,stats    ]    Subphase: Concurrent References Process                 0.000 / 0.000         0.355 / 0.881         0.355 / 0.881         0.355 / 0.881       ms
[280.266s][info][gc,stats    ]    Subphase: Concurrent Roots ClassLoaderDataGraph         0.000 / 0.000         0.118 / 0.477         0.118 / 0.477         0.118 / 0.477       ms
[280.266s][info][gc,stats    ]    Subphase: Concurrent Roots CodeCache                    0.000 / 0.000         0.000 / 0.000         0.000 / 0.000         0.000 / 0.000       ms
[280.266s][info][gc,stats    ]    Subphase: Concurrent Roots JavaThreads                  0.000 / 0.000         0.986 / 2.038         0.986 / 2.038         0.986 / 2.038       ms
[280.266s][info][gc,stats    ]    Subphase: Concurrent Roots OopStorageSet                0.000 / 0.000         0.027 / 0.120         0.027 / 0.120         0.027 / 0.120       ms
[280.266s][info][gc,stats    ]    Subphase: Concurrent Weak Roots OopStorageSet           0.000 / 0.000         0.505 / 1.012         0.505 / 1.012         0.505 / 1.012       ms
[280.266s][info][gc,stats    ]    Subphase: Pause Mark Try Complete                       0.000 / 0.000         0.000 / 0.000         0.000 / 0.000         0.000 / 0.000       ms
[280.266s][info][gc,stats    ]      System: Java Threads                                      0 / 0                30 / 36               30 / 36               30 / 36          threads
[280.266s][info][gc,stats    ] =========================================================================================================================================================
[290.265s][info][gc,stats    ] === Garbage Collection Statistics =======================================================================================================================
[290.265s][info][gc,stats    ]                                                              Last 10s              Last 10m              Last 10h                Total
[290.265s][info][gc,stats    ]                                                              Avg / Max             Avg / Max             Avg / Max             Avg / Max
[290.265s][info][gc,stats    ]   Collector: Garbage Collection Cycle                      0.000 / 0.000       148.162 / 369.233     148.162 / 369.233     148.162 / 369.233     ms
[290.265s][info][gc,stats    ]  Contention: Mark Segment Reset Contention                     0 / 0                 0 / 1                 0 / 1                 0 / 1           ops/s
[290.265s][info][gc,stats    ]  Contention: Mark SeqNum Reset Contention                      0 / 0                 0 / 0                 0 / 0                 0 / 0           ops/s
[290.265s][info][gc,stats    ]    Critical: Allocation Stall                                  0 / 0                 0 / 0                 0 / 0                 0 / 0           ops/s
[290.265s][info][gc,stats    ]    Critical: Allocation Stall                              0.000 / 0.000         0.000 / 0.000         0.000 / 0.000         0.000 / 0.000       ms
[290.265s][info][gc,stats    ]    Critical: GC Locker Stall                                   0 / 0                 0 / 0                 0 / 0                 0 / 0           ops/s
[290.265s][info][gc,stats    ]    Critical: GC Locker Stall                               0.000 / 0.000         0.000 / 0.000         0.000 / 0.000         0.000 / 0.000       ms
[290.265s][info][gc,stats    ]    Critical: Relocation Stall                                  0 / 0                 0 / 0                 0 / 0                 0 / 0           ops/s
[290.265s][info][gc,stats    ]    Critical: Relocation Stall                              0.000 / 0.000         0.000 / 0.000         0.000 / 0.000         0.000 / 0.000       ms
[290.265s][info][gc,stats    ]      Memory: Allocation Rate                                 111 / 292             156 / 894             156 / 894             156 / 894         MB/s
[290.265s][info][gc,stats    ]      Memory: Out Of Memory                                     0 / 0                 0 / 0                 0 / 0                 0 / 0           ops/s
[290.265s][info][gc,stats    ]      Memory: Page Cache Flush                                  0 / 0                 0 / 0                 0 / 0                 0 / 0           MB/s
[290.265s][info][gc,stats    ]      Memory: Page Cache Hit L1                                54 / 131              56 / 370              56 / 370              56 / 370         ops/s
[290.265s][info][gc,stats    ]      Memory: Page Cache Hit L2                                 0 / 0                 0 / 0                 0 / 0                 0 / 0           ops/s
[290.265s][info][gc,stats    ]      Memory: Page Cache Hit L3                                 0 / 0                 8 / 209               8 / 209               8 / 209         ops/s
[290.265s][info][gc,stats    ]      Memory: Page Cache Miss                                   0 / 0                 0 / 1                 0 / 1                 0 / 1           ops/s
[290.265s][info][gc,stats    ]      Memory: Uncommit                                          0 / 0                 0 / 0                 0 / 0                 0 / 0           MB/s
[290.265s][info][gc,stats    ]      Memory: Undo Object Allocation Failed                     0 / 0                 0 / 0                 0 / 0                 0 / 0           ops/s
[290.265s][info][gc,stats    ]      Memory: Undo Object Allocation Succeeded                  0 / 0                 0 / 3                 0 / 3                 0 / 3           ops/s
[290.265s][info][gc,stats    ]      Memory: Undo Page Allocation                              0 / 0                 0 / 1                 0 / 1                 0 / 1           ops/s
[290.265s][info][gc,stats    ]       Phase: Concurrent Mark                               0.000 / 0.000       104.899 / 269.421     104.899 / 269.421     104.899 / 269.421     ms
[290.265s][info][gc,stats    ]       Phase: Concurrent Mark Continue                      0.000 / 0.000         0.000 / 0.000         0.000 / 0.000         0.000 / 0.000       ms
[290.265s][info][gc,stats    ]       Phase: Concurrent Mark Free                          0.000 / 0.000         0.001 / 0.002         0.001 / 0.002         0.001 / 0.002       ms
[290.265s][info][gc,stats    ]       Phase: Concurrent Process Non-Strong References      0.000 / 0.000        12.812 / 15.531       12.812 / 15.531       12.812 / 15.531      ms
[290.265s][info][gc,stats    ]       Phase: Concurrent Relocate                           0.000 / 0.000        24.584 / 75.349       24.584 / 75.349       24.584 / 75.349      ms
[290.265s][info][gc,stats    ]       Phase: Concurrent Reset Relocation Set               0.000 / 0.000         0.026 / 0.053         0.026 / 0.053         0.026 / 0.053       ms
[290.265s][info][gc,stats    ]       Phase: Concurrent Select Relocation Set              0.000 / 0.000         4.817 / 11.319        4.817 / 11.319        4.817 / 11.319      ms
[290.265s][info][gc,stats    ]       Phase: Pause Mark End                                0.000 / 0.000         0.017 / 0.037         0.017 / 0.037         0.017 / 0.037       ms
[290.265s][info][gc,stats    ]       Phase: Pause Mark Start                              0.000 / 0.000         0.008 / 0.012         0.008 / 0.012         0.008 / 0.012       ms
[290.265s][info][gc,stats    ]       Phase: Pause Relocate Start                          0.000 / 0.000         0.012 / 0.020         0.012 / 0.020         0.012 / 0.020       ms
[290.265s][info][gc,stats    ]    Subphase: Concurrent Classes Purge                      0.000 / 0.000         0.409 / 0.556         0.409 / 0.556         0.409 / 0.556       ms
[290.265s][info][gc,stats    ]    Subphase: Concurrent Classes Unlink                     0.000 / 0.000        11.363 / 13.998       11.363 / 13.998       11.363 / 13.998      ms
[290.265s][info][gc,stats    ]    Subphase: Concurrent Mark                               0.000 / 0.000       100.199 / 268.470     100.199 / 268.470     100.199 / 268.470     ms
[290.265s][info][gc,stats    ]    Subphase: Concurrent Mark Try Flush                     0.000 / 0.000         0.081 / 0.347         0.081 / 0.347         0.081 / 0.347       ms
[290.265s][info][gc,stats    ]    Subphase: Concurrent Mark Try Terminate                 0.000 / 0.000         3.119 / 16.643        3.119 / 16.643        3.119 / 16.643      ms
[290.265s][info][gc,stats    ]    Subphase: Concurrent References Enqueue                 0.000 / 0.000         0.006 / 0.008         0.006 / 0.008         0.006 / 0.008       ms
[290.265s][info][gc,stats    ]    Subphase: Concurrent References Process                 0.000 / 0.000         0.355 / 0.881         0.355 / 0.881         0.355 / 0.881       ms
[290.265s][info][gc,stats    ]    Subphase: Concurrent Roots ClassLoaderDataGraph         0.000 / 0.000         0.118 / 0.477         0.118 / 0.477         0.118 / 0.477       ms
[290.265s][info][gc,stats    ]    Subphase: Concurrent Roots CodeCache                    0.000 / 0.000         0.000 / 0.000         0.000 / 0.000         0.000 / 0.000       ms
[290.265s][info][gc,stats    ]    Subphase: Concurrent Roots JavaThreads                  0.000 / 0.000         0.986 / 2.038         0.986 / 2.038         0.986 / 2.038       ms
[290.265s][info][gc,stats    ]    Subphase: Concurrent Roots OopStorageSet                0.000 / 0.000         0.027 / 0.120         0.027 / 0.120         0.027 / 0.120       ms
[290.265s][info][gc,stats    ]    Subphase: Concurrent Weak Roots OopStorageSet           0.000 / 0.000         0.505 / 1.012         0.505 / 1.012         0.505 / 1.012       ms
[290.265s][info][gc,stats    ]    Subphase: Pause Mark Try Complete                       0.000 / 0.000         0.000 / 0.000         0.000 / 0.000         0.000 / 0.000       ms
[290.265s][info][gc,stats    ]      System: Java Threads                                      0 / 0                30 / 36               30 / 36               30 / 36          threads
[290.265s][info][gc,stats    ] =========================================================================================================================================================
[291.066s][info][gc,start    ] GC(19) Garbage Collection (Proactive)
[291.066s][info][gc,task     ] GC(19) Using 2 workers
[291.066s][info][gc,phases   ] GC(19) Pause Mark Start 0.008ms
[291.134s][info][gc,phases   ] GC(19) Concurrent Mark 67.111ms
[291.134s][info][gc,phases   ] GC(19) Pause Mark End 0.013ms
[291.134s][info][gc,phases   ] GC(19) Concurrent Mark Free 0.001ms
[291.149s][info][gc,phases   ] GC(19) Concurrent Process Non-Strong References 14.962ms
[291.149s][info][gc,phases   ] GC(19) Concurrent Reset Relocation Set 0.092ms
[291.153s][info][gc,phases   ] GC(19) Concurrent Select Relocation Set 4.244ms
[291.153s][info][gc,phases   ] GC(19) Pause Relocate Start 0.009ms
[291.177s][info][gc,phases   ] GC(19) Concurrent Relocate 23.554ms
[291.177s][info][gc,load     ] GC(19) Load: 0.00/0.00/0.00
[291.177s][info][gc,mmu      ] GC(19) MMU: 2ms/98.1%, 5ms/99.3%, 10ms/99.4%, 20ms/99.7%, 50ms/99.9%, 100ms/99.9%
[291.177s][info][gc,marking  ] GC(19) Mark: 2 stripe(s), 4 proactive flush(es), 1 terminate flush(es), 0 completion(s), 0 continuation(s) 
[291.177s][info][gc,marking  ] GC(19) Mark Stack Usage: 32M
[291.177s][info][gc,nmethod  ] GC(19) NMethods: 13537 registered, 2975 unregistered
[291.177s][info][gc,metaspace] GC(19) Metaspace: 41M used, 42M committed, 1088M reserved
[291.177s][info][gc,ref      ] GC(19) Soft: 3860 encountered, 0 discovered, 0 enqueued
[291.177s][info][gc,ref      ] GC(19) Weak: 1631 encountered, 1018 discovered, 93 enqueued
[291.177s][info][gc,ref      ] GC(19) Final: 3 encountered, 3 discovered, 0 enqueued
[291.177s][info][gc,ref      ] GC(19) Phantom: 234 encountered, 194 discovered, 0 enqueued
[291.177s][info][gc,reloc    ] GC(19) Small Pages: 899 / 1798M, Empty: 600M, Relocated: 40M, In-Place: 0
[291.177s][info][gc,reloc    ] GC(19) Medium Pages: 3 / 96M, Empty: 32M, Relocated: 2M, In-Place: 0
[291.177s][info][gc,reloc    ] GC(19) Large Pages: 2 / 18M, Empty: 8M, Relocated: 0M, In-Place: 0
[291.177s][info][gc,reloc    ] GC(19) Forwarding Usage: 12M
[291.177s][info][gc,heap     ] GC(19) Min Capacity: 8192M(100%)
[291.177s][info][gc,heap     ] GC(19) Max Capacity: 8192M(100%)
[291.177s][info][gc,heap     ] GC(19) Soft Max Capacity: 8192M(100%)
[291.177s][info][gc,heap     ] GC(19)                Mark Start          Mark End        Relocate Start      Relocate End           High               Low         
[291.177s][info][gc,heap     ] GC(19)  Capacity:     8192M (100%)       8192M (100%)       8192M (100%)       8192M (100%)       8192M (100%)       8192M (100%)   
[291.177s][info][gc,heap     ] GC(19)      Free:     6280M (77%)        6262M (76%)        6898M (84%)        8058M (98%)        8058M (98%)        6258M (76%)    
[291.177s][info][gc,heap     ] GC(19)      Used:     1912M (23%)        1930M (24%)        1294M (16%)         134M (2%)         1934M (24%)         134M (2%)     
[291.177s][info][gc,heap     ] GC(19)      Live:         -                69M (1%)           69M (1%)           69M (1%)             -                  -          
[291.177s][info][gc,heap     ] GC(19) Allocated:         -                18M (0%)           22M (0%)           29M (0%)             -                  -          
[291.177s][info][gc,heap     ] GC(19)   Garbage:         -              1842M (22%)        1202M (15%)          35M (0%)             -                  -          
[291.177s][info][gc,heap     ] GC(19) Reclaimed:         -                  -               640M (8%)         1807M (22%)            -                  -          
[291.177s][info][gc          ] GC(19) Garbage Collection (Proactive) 1912M(23%)->134M(2%)
[300.265s][info][gc,stats    ] === Garbage Collection Statistics =======================================================================================================================
[300.265s][info][gc,stats    ]                                                              Last 10s              Last 10m              Last 10h                Total
[300.265s][info][gc,stats    ]                                                              Avg / Max             Avg / Max             Avg / Max             Avg / Max
[300.265s][info][gc,stats    ]   Collector: Garbage Collection Cycle                    110.730 / 110.730     146.290 / 369.233     146.290 / 369.233     146.290 / 369.233     ms
[300.265s][info][gc,stats    ]  Contention: Mark Segment Reset Contention                     0 / 0                 0 / 1                 0 / 1                 0 / 1           ops/s
[300.265s][info][gc,stats    ]  Contention: Mark SeqNum Reset Contention                      0 / 0                 0 / 0                 0 / 0                 0 / 0           ops/s
[300.265s][info][gc,stats    ]    Critical: Allocation Stall                                  0 / 0                 0 / 0                 0 / 0                 0 / 0           ops/s
[300.265s][info][gc,stats    ]    Critical: Allocation Stall                              0.000 / 0.000         0.000 / 0.000         0.000 / 0.000         0.000 / 0.000       ms
[300.265s][info][gc,stats    ]    Critical: GC Locker Stall                                   0 / 0                 0 / 0                 0 / 0                 0 / 0           ops/s
[300.265s][info][gc,stats    ]    Critical: GC Locker Stall                               0.000 / 0.000         0.000 / 0.000         0.000 / 0.000         0.000 / 0.000       ms
[300.265s][info][gc,stats    ]    Critical: Relocation Stall                                  0 / 0                 0 / 0                 0 / 0                 0 / 0           ops/s
[300.265s][info][gc,stats    ]    Critical: Relocation Stall                              0.000 / 0.000         0.000 / 0.000         0.000 / 0.000         0.000 / 0.000       ms
[300.265s][info][gc,stats    ]      Memory: Allocation Rate                                 445 / 830             165 / 894             165 / 894             165 / 894         MB/s
[300.265s][info][gc,stats    ]      Memory: Out Of Memory                                     0 / 0                 0 / 0                 0 / 0                 0 / 0           ops/s
[300.265s][info][gc,stats    ]      Memory: Page Cache Flush                                  0 / 0                 0 / 0                 0 / 0                 0 / 0           MB/s
[300.265s][info][gc,stats    ]      Memory: Page Cache Hit L1                               160 / 357              60 / 370              60 / 370              60 / 370         ops/s
[300.265s][info][gc,stats    ]      Memory: Page Cache Hit L2                                 0 / 0                 0 / 0                 0 / 0                 0 / 0           ops/s
[300.265s][info][gc,stats    ]      Memory: Page Cache Hit L3                                 0 / 0                 7 / 209               7 / 209               7 / 209         ops/s
[300.265s][info][gc,stats    ]      Memory: Page Cache Miss                                   0 / 0                 0 / 1                 0 / 1                 0 / 1           ops/s
[300.265s][info][gc,stats    ]      Memory: Uncommit                                          0 / 0                 0 / 0                 0 / 0                 0 / 0           MB/s
[300.265s][info][gc,stats    ]      Memory: Undo Object Allocation Failed                     0 / 0                 0 / 0                 0 / 0                 0 / 0           ops/s
[300.265s][info][gc,stats    ]      Memory: Undo Object Allocation Succeeded                  0 / 1                 0 / 3                 0 / 3                 0 / 3           ops/s
[300.265s][info][gc,stats    ]      Memory: Undo Page Allocation                              0 / 0                 0 / 1                 0 / 1                 0 / 1           ops/s
[300.265s][info][gc,stats    ]       Phase: Concurrent Mark                              67.111 / 67.111      103.010 / 269.421     103.010 / 269.421     103.010 / 269.421     ms
[300.265s][info][gc,stats    ]       Phase: Concurrent Mark Continue                      0.000 / 0.000         0.000 / 0.000         0.000 / 0.000         0.000 / 0.000       ms
[300.265s][info][gc,stats    ]       Phase: Concurrent Mark Free                          0.001 / 0.001         0.001 / 0.002         0.001 / 0.002         0.001 / 0.002       ms
[300.265s][info][gc,stats    ]       Phase: Concurrent Process Non-Strong References     14.962 / 14.962       12.920 / 15.531       12.920 / 15.531       12.920 / 15.531      ms
[300.265s][info][gc,stats    ]       Phase: Concurrent Relocate                          23.554 / 23.554       24.532 / 75.349       24.532 / 75.349       24.532 / 75.349      ms
[300.265s][info][gc,stats    ]       Phase: Concurrent Reset Relocation Set               0.092 / 0.092         0.030 / 0.092         0.030 / 0.092         0.030 / 0.092       ms
[300.265s][info][gc,stats    ]       Phase: Concurrent Select Relocation Set              4.244 / 4.244         4.788 / 11.319        4.788 / 11.319        4.788 / 11.319      ms
[300.265s][info][gc,stats    ]       Phase: Pause Mark End                                0.013 / 0.013         0.017 / 0.037         0.017 / 0.037         0.017 / 0.037       ms
[300.265s][info][gc,stats    ]       Phase: Pause Mark Start                              0.008 / 0.008         0.008 / 0.012         0.008 / 0.012         0.008 / 0.012       ms
[300.265s][info][gc,stats    ]       Phase: Pause Relocate Start                          0.009 / 0.009         0.012 / 0.020         0.012 / 0.020         0.012 / 0.020       ms
[300.265s][info][gc,stats    ]    Subphase: Concurrent Classes Purge                      0.456 / 0.456         0.411 / 0.556         0.411 / 0.556         0.411 / 0.556       ms
[300.265s][info][gc,stats    ]    Subphase: Concurrent Classes Unlink                    13.987 / 13.987       11.494 / 13.998       11.494 / 13.998       11.494 / 13.998      ms
[300.265s][info][gc,stats    ]    Subphase: Concurrent Mark                              64.882 / 65.752       98.433 / 268.470      98.433 / 268.470      98.433 / 268.470     ms
[300.265s][info][gc,stats    ]    Subphase: Concurrent Mark Try Flush                     0.064 / 0.091         0.079 / 0.347         0.079 / 0.347         0.079 / 0.347       ms
[300.265s][info][gc,stats    ]    Subphase: Concurrent Mark Try Terminate                 0.625 / 1.848         3.006 / 16.643        3.006 / 16.643        3.006 / 16.643      ms
[300.265s][info][gc,stats    ]    Subphase: Concurrent References Enqueue                 0.004 / 0.004         0.005 / 0.008         0.005 / 0.008         0.005 / 0.008       ms
[300.265s][info][gc,stats    ]    Subphase: Concurrent References Process                 0.104 / 0.104         0.343 / 0.881         0.343 / 0.881         0.343 / 0.881       ms
[300.265s][info][gc,stats    ]    Subphase: Concurrent Roots ClassLoaderDataGraph         0.108 / 0.204         0.117 / 0.477         0.117 / 0.477         0.117 / 0.477       ms
[300.265s][info][gc,stats    ]    Subphase: Concurrent Roots CodeCache                    0.000 / 0.000         0.000 / 0.000         0.000 / 0.000         0.000 / 0.000       ms
[300.265s][info][gc,stats    ]    Subphase: Concurrent Roots JavaThreads                  1.089 / 1.174         0.991 / 2.038         0.991 / 2.038         0.991 / 2.038       ms
[300.265s][info][gc,stats    ]    Subphase: Concurrent Roots OopStorageSet                0.015 / 0.029         0.027 / 0.120         0.027 / 0.120         0.027 / 0.120       ms
[300.265s][info][gc,stats    ]    Subphase: Concurrent Weak Roots OopStorageSet           0.306 / 0.313         0.495 / 1.012         0.495 / 1.012         0.495 / 1.012       ms
[300.265s][info][gc,stats    ]    Subphase: Pause Mark Try Complete                       0.000 / 0.000         0.000 / 0.000         0.000 / 0.000         0.000 / 0.000       ms
[300.265s][info][gc,stats    ]      System: Java Threads                                     31 / 31               30 / 36               30 / 36               30 / 36          threads
[300.265s][info][gc,stats    ] =========================================================================================================================================================
[302.542s][info][gc,start    ] GC(20) Garbage Collection (System.gc())
[302.542s][info][gc,task     ] GC(20) Using 2 workers
[302.542s][info][gc,phases   ] GC(20) Pause Mark Start 0.005ms
[302.716s][info][gc,phases   ] GC(20) Concurrent Mark 174.075ms
[302.716s][info][gc,phases   ] GC(20) Pause Mark End 0.017ms
[302.717s][info][gc,phases   ] GC(20) Concurrent Mark Free 0.002ms
[302.732s][info][gc,phases   ] GC(20) Concurrent Process Non-Strong References 15.169ms
[302.732s][info][gc,phases   ] GC(20) Concurrent Reset Relocation Set 0.027ms
[302.740s][info][gc,phases   ] GC(20) Concurrent Select Relocation Set 8.396ms
[302.740s][info][gc,phases   ] GC(20) Pause Relocate Start 0.012ms
[302.795s][info][gc,phases   ] GC(20) Concurrent Relocate 54.643ms
[302.795s][info][gc,load     ] GC(20) Load: 0.00/0.00/0.00
[302.795s][info][gc,mmu      ] GC(20) MMU: 2ms/98.1%, 5ms/99.3%, 10ms/99.4%, 20ms/99.7%, 50ms/99.9%, 100ms/99.9%
[302.795s][info][gc,marking  ] GC(20) Mark: 2 stripe(s), 2 proactive flush(es), 1 terminate flush(es), 0 completion(s), 0 continuation(s) 
[302.795s][info][gc,marking  ] GC(20) Mark Stack Usage: 32M
[302.795s][info][gc,nmethod  ] GC(20) NMethods: 13811 registered, 2975 unregistered
[302.795s][info][gc,metaspace] GC(20) Metaspace: 41M used, 42M committed, 1088M reserved
[302.795s][info][gc,ref      ] GC(20) Soft: 3860 encountered, 0 discovered, 0 enqueued
[302.795s][info][gc,ref      ] GC(20) Weak: 8909 encountered, 8458 discovered, 7459 enqueued
[302.795s][info][gc,ref      ] GC(20) Final: 3 encountered, 0 discovered, 0 enqueued
[302.795s][info][gc,ref      ] GC(20) Phantom: 173 encountered, 137 discovered, 0 enqueued
[302.795s][info][gc,reloc    ] GC(20) Small Pages: 1928 / 3856M, Empty: 2172M, Relocated: 110M, In-Place: 0
[302.795s][info][gc,reloc    ] GC(20) Medium Pages: 45 / 1440M, Empty: 1344M, Relocated: 10M, In-Place: 0
[302.795s][info][gc,reloc    ] GC(20) Large Pages: 2 / 18M, Empty: 0M, Relocated: 0M, In-Place: 0
[302.796s][info][gc,reloc    ] GC(20) Forwarding Usage: 27M
[302.796s][info][gc,heap     ] GC(20) Min Capacity: 8192M(100%)
[302.796s][info][gc,heap     ] GC(20) Max Capacity: 8192M(100%)
[302.796s][info][gc,heap     ] GC(20) Soft Max Capacity: 8192M(100%)
[302.796s][info][gc,heap     ] GC(20)                Mark Start          Mark End        Relocate Start      Relocate End           High               Low         
[302.796s][info][gc,heap     ] GC(20)  Capacity:     8192M (100%)       8192M (100%)       8192M (100%)       8192M (100%)       8192M (100%)       8192M (100%)   
[302.796s][info][gc,heap     ] GC(20)      Free:     2878M (35%)        2874M (35%)        6390M (78%)        8010M (98%)        8010M (98%)        2874M (35%)    
[302.796s][info][gc,heap     ] GC(20)      Used:     5314M (65%)        5318M (65%)        1802M (22%)         182M (2%)         5318M (65%)         182M (2%)     
[302.796s][info][gc,heap     ] GC(20)      Live:         -               152M (2%)          152M (2%)          152M (2%)             -                  -          
[302.796s][info][gc,heap     ] GC(20) Allocated:         -                 4M (0%)            4M (0%)            4M (0%)             -                  -          
[302.796s][info][gc,heap     ] GC(20)   Garbage:         -              5161M (63%)        1645M (20%)          25M (0%)             -                  -          
[302.796s][info][gc,heap     ] GC(20) Reclaimed:         -                  -              3516M (43%)        5136M (63%)            -                  -          
[302.796s][info][gc          ] GC(20) Garbage Collection (System.gc()) 5314M(65%)->182M(2%)
[310.268s][info][gc,stats    ] === Garbage Collection Statistics =======================================================================================================================
[310.268s][info][gc,stats    ]                                                              Last 10s              Last 10m              Last 10h                Total
[310.268s][info][gc,stats    ]                                                              Avg / Max             Avg / Max             Avg / Max             Avg / Max
[310.268s][info][gc,stats    ]   Collector: Garbage Collection Cycle                    253.265 / 253.265     151.384 / 369.233     151.384 / 369.233     151.384 / 369.233     ms
[310.268s][info][gc,stats    ]  Contention: Mark Segment Reset Contention                     0 / 1                 0 / 1                 0 / 1                 0 / 1           ops/s
[310.268s][info][gc,stats    ]  Contention: Mark SeqNum Reset Contention                      0 / 0                 0 / 0                 0 / 0                 0 / 0           ops/s
[310.268s][info][gc,stats    ]    Critical: Allocation Stall                                  0 / 0                 0 / 0                 0 / 0                 0 / 0           ops/s
[310.268s][info][gc,stats    ]    Critical: Allocation Stall                              0.000 / 0.000         0.000 / 0.000         0.000 / 0.000         0.000 / 0.000       ms
[310.268s][info][gc,stats    ]    Critical: GC Locker Stall                                   0 / 0                 0 / 0                 0 / 0                 0 / 0           ops/s
[310.268s][info][gc,stats    ]    Critical: GC Locker Stall                               0.000 / 0.000         0.000 / 0.000         0.000 / 0.000         0.000 / 0.000       ms
[310.268s][info][gc,stats    ]    Critical: Relocation Stall                                  0 / 0                 0 / 0                 0 / 0                 0 / 0           ops/s
[310.269s][info][gc,stats    ]    Critical: Relocation Stall                              0.000 / 0.000         0.000 / 0.000         0.000 / 0.000         0.000 / 0.000       ms
[310.269s][info][gc,stats    ]      Memory: Allocation Rate                                 119 / 578             164 / 894             164 / 894             164 / 894         MB/s
[310.269s][info][gc,stats    ]      Memory: Out Of Memory                                     0 / 0                 0 / 0                 0 / 0                 0 / 0           ops/s
[310.269s][info][gc,stats    ]      Memory: Page Cache Flush                                  0 / 0                 0 / 0                 0 / 0                 0 / 0           MB/s
[310.269s][info][gc,stats    ]      Memory: Page Cache Hit L1                                61 / 289              60 / 370              60 / 370              60 / 370         ops/s
[310.269s][info][gc,stats    ]      Memory: Page Cache Hit L2                                 0 / 0                 0 / 0                 0 / 0                 0 / 0           ops/s
[310.269s][info][gc,stats    ]      Memory: Page Cache Hit L3                                 0 / 0                 7 / 209               7 / 209               7 / 209         ops/s
[310.269s][info][gc,stats    ]      Memory: Page Cache Miss                                   0 / 0                 0 / 1                 0 / 1                 0 / 1           ops/s
[310.269s][info][gc,stats    ]      Memory: Uncommit                                          0 / 0                 0 / 0                 0 / 0                 0 / 0           MB/s
[310.269s][info][gc,stats    ]      Memory: Undo Object Allocation Failed                     0 / 0                 0 / 0                 0 / 0                 0 / 0           ops/s
[310.269s][info][gc,stats    ]      Memory: Undo Object Allocation Succeeded                  0 / 0                 0 / 3                 0 / 3                 0 / 3           ops/s
[310.269s][info][gc,stats    ]      Memory: Undo Page Allocation                              0 / 0                 0 / 1                 0 / 1                 0 / 1           ops/s
[310.269s][info][gc,stats    ]       Phase: Concurrent Mark                             174.075 / 174.075     106.394 / 269.421     106.394 / 269.421     106.394 / 269.421     ms
[310.269s][info][gc,stats    ]       Phase: Concurrent Mark Continue                      0.000 / 0.000         0.000 / 0.000         0.000 / 0.000         0.000 / 0.000       ms
[310.269s][info][gc,stats    ]       Phase: Concurrent Mark Free                          0.002 / 0.002         0.001 / 0.002         0.001 / 0.002         0.001 / 0.002       ms
[310.269s][info][gc,stats    ]       Phase: Concurrent Process Non-Strong References     15.169 / 15.169       13.027 / 15.531       13.027 / 15.531       13.027 / 15.531      ms
[310.269s][info][gc,stats    ]       Phase: Concurrent Relocate                          54.643 / 54.643       25.966 / 75.349       25.966 / 75.349       25.966 / 75.349      ms
[310.269s][info][gc,stats    ]       Phase: Concurrent Reset Relocation Set               0.027 / 0.027         0.029 / 0.092         0.029 / 0.092         0.029 / 0.092       ms
[310.269s][info][gc,stats    ]       Phase: Concurrent Select Relocation Set              8.396 / 8.396         4.960 / 11.319        4.960 / 11.319        4.960 / 11.319      ms
[310.269s][info][gc,stats    ]       Phase: Pause Mark End                                0.017 / 0.017         0.017 / 0.037         0.017 / 0.037         0.017 / 0.037       ms
[310.269s][info][gc,stats    ]       Phase: Pause Mark Start                              0.005 / 0.005         0.008 / 0.012         0.008 / 0.012         0.008 / 0.012       ms
[310.269s][info][gc,stats    ]       Phase: Pause Relocate Start                          0.012 / 0.012         0.012 / 0.020         0.012 / 0.020         0.012 / 0.020       ms
[310.269s][info][gc,stats    ]    Subphase: Concurrent Classes Purge                      0.509 / 0.509         0.416 / 0.556         0.416 / 0.556         0.416 / 0.556       ms
[310.269s][info][gc,stats    ]    Subphase: Concurrent Classes Unlink                    13.362 / 13.362       11.583 / 13.998       11.583 / 13.998       11.583 / 13.998      ms
[310.269s][info][gc,stats    ]    Subphase: Concurrent Mark                             172.761 / 172.879     101.973 / 268.470     101.973 / 268.470     101.973 / 268.470     ms
[310.269s][info][gc,stats    ]    Subphase: Concurrent Mark Try Flush                     0.151 / 0.265         0.083 / 0.347         0.083 / 0.347         0.083 / 0.347       ms
[310.269s][info][gc,stats    ]    Subphase: Concurrent Mark Try Terminate                 2.567 / 7.434         2.987 / 16.643        2.987 / 16.643        2.987 / 16.643      ms
[310.269s][info][gc,stats    ]    Subphase: Concurrent References Enqueue                 0.008 / 0.008         0.006 / 0.008         0.006 / 0.008         0.006 / 0.008       ms
[310.269s][info][gc,stats    ]    Subphase: Concurrent References Process                 0.751 / 0.751         0.362 / 0.881         0.362 / 0.881         0.362 / 0.881       ms
[310.269s][info][gc,stats    ]    Subphase: Concurrent Roots ClassLoaderDataGraph         0.100 / 0.188         0.116 / 0.477         0.116 / 0.477         0.116 / 0.477       ms
[310.269s][info][gc,stats    ]    Subphase: Concurrent Roots CodeCache                    0.000 / 0.000         0.000 / 0.000         0.000 / 0.000         0.000 / 0.000       ms
[310.269s][info][gc,stats    ]    Subphase: Concurrent Roots JavaThreads                  0.922 / 1.003         0.988 / 2.038         0.988 / 2.038         0.988 / 2.038       ms
[310.269s][info][gc,stats    ]    Subphase: Concurrent Roots OopStorageSet                0.022 / 0.026         0.026 / 0.120         0.026 / 0.120         0.026 / 0.120       ms
[310.269s][info][gc,stats    ]    Subphase: Concurrent Weak Roots OopStorageSet           0.365 / 0.368         0.489 / 1.012         0.489 / 1.012         0.489 / 1.012       ms
[310.269s][info][gc,stats    ]    Subphase: Pause Mark Try Complete                       0.000 / 0.000         0.000 / 0.000         0.000 / 0.000         0.000 / 0.000       ms
[310.269s][info][gc,stats    ]      System: Java Threads                                     30 / 30               30 / 36               30 / 36               30 / 36          threads
[310.269s][info][gc,stats    ] =========================================================================================================================================================
[320.273s][info][gc,stats    ] === Garbage Collection Statistics =======================================================================================================================
[320.273s][info][gc,stats    ]                                                              Last 10s              Last 10m              Last 10h                Total
[320.273s][info][gc,stats    ]                                                              Avg / Max             Avg / Max             Avg / Max             Avg / Max
[320.273s][info][gc,stats    ]   Collector: Garbage Collection Cycle                      0.000 / 0.000       151.384 / 369.233     151.384 / 369.233     151.384 / 369.233     ms
[320.273s][info][gc,stats    ]  Contention: Mark Segment Reset Contention                     0 / 0                 0 / 1                 0 / 1                 0 / 1           ops/s
[320.273s][info][gc,stats    ]  Contention: Mark SeqNum Reset Contention                      0 / 0                 0 / 0                 0 / 0                 0 / 0           ops/s
[320.273s][info][gc,stats    ]    Critical: Allocation Stall                                  0 / 0                 0 / 0                 0 / 0                 0 / 0           ops/s
[320.273s][info][gc,stats    ]    Critical: Allocation Stall                              0.000 / 0.000         0.000 / 0.000         0.000 / 0.000         0.000 / 0.000       ms
[320.273s][info][gc,stats    ]    Critical: GC Locker Stall                                   0 / 0                 0 / 0                 0 / 0                 0 / 0           ops/s
[320.273s][info][gc,stats    ]    Critical: GC Locker Stall                               0.000 / 0.000         0.000 / 0.000         0.000 / 0.000         0.000 / 0.000       ms
[320.273s][info][gc,stats    ]    Critical: Relocation Stall                                  0 / 0                 0 / 0                 0 / 0                 0 / 0           ops/s
[320.273s][info][gc,stats    ]    Critical: Relocation Stall                              0.000 / 0.000         0.000 / 0.000         0.000 / 0.000         0.000 / 0.000       ms
[320.273s][info][gc,stats    ]      Memory: Allocation Rate                                  18 / 22              159 / 894             159 / 894             159 / 894         MB/s
[320.273s][info][gc,stats    ]      Memory: Out Of Memory                                     0 / 0                 0 / 0                 0 / 0                 0 / 0           ops/s
[320.273s][info][gc,stats    ]      Memory: Page Cache Flush                                  0 / 0                 0 / 0                 0 / 0                 0 / 0           MB/s
[320.273s][info][gc,stats    ]      Memory: Page Cache Hit L1                                 9 / 11               58 / 370              58 / 370              58 / 370         ops/s
[320.273s][info][gc,stats    ]      Memory: Page Cache Hit L2                                 0 / 0                 0 / 0                 0 / 0                 0 / 0           ops/s
[320.273s][info][gc,stats    ]      Memory: Page Cache Hit L3                                 0 / 0                 7 / 209               7 / 209               7 / 209         ops/s
[320.273s][info][gc,stats    ]      Memory: Page Cache Miss                                   0 / 0                 0 / 1                 0 / 1                 0 / 1           ops/s
[320.273s][info][gc,stats    ]      Memory: Uncommit                                          0 / 0                 0 / 0                 0 / 0                 0 / 0           MB/s
[320.273s][info][gc,stats    ]      Memory: Undo Object Allocation Failed                     0 / 0                 0 / 0                 0 / 0                 0 / 0           ops/s
[320.273s][info][gc,stats    ]      Memory: Undo Object Allocation Succeeded                  0 / 0                 0 / 3                 0 / 3                 0 / 3           ops/s
[320.273s][info][gc,stats    ]      Memory: Undo Page Allocation                              0 / 0                 0 / 1                 0 / 1                 0 / 1           ops/s
[320.273s][info][gc,stats    ]       Phase: Concurrent Mark                               0.000 / 0.000       106.394 / 269.421     106.394 / 269.421     106.394 / 269.421     ms
[320.273s][info][gc,stats    ]       Phase: Concurrent Mark Continue                      0.000 / 0.000         0.000 / 0.000         0.000 / 0.000         0.000 / 0.000       ms
[320.273s][info][gc,stats    ]       Phase: Concurrent Mark Free                          0.000 / 0.000         0.001 / 0.002         0.001 / 0.002         0.001 / 0.002       ms
[320.273s][info][gc,stats    ]       Phase: Concurrent Process Non-Strong References      0.000 / 0.000        13.027 / 15.531       13.027 / 15.531       13.027 / 15.531      ms
[320.273s][info][gc,stats    ]       Phase: Concurrent Relocate                           0.000 / 0.000        25.966 / 75.349       25.966 / 75.349       25.966 / 75.349      ms
[320.273s][info][gc,stats    ]       Phase: Concurrent Reset Relocation Set               0.000 / 0.000         0.029 / 0.092         0.029 / 0.092         0.029 / 0.092       ms
[320.273s][info][gc,stats    ]       Phase: Concurrent Select Relocation Set              0.000 / 0.000         4.960 / 11.319        4.960 / 11.319        4.960 / 11.319      ms
[320.273s][info][gc,stats    ]       Phase: Pause Mark End                                0.000 / 0.000         0.017 / 0.037         0.017 / 0.037         0.017 / 0.037       ms
[320.273s][info][gc,stats    ]       Phase: Pause Mark Start                              0.000 / 0.000         0.008 / 0.012         0.008 / 0.012         0.008 / 0.012       ms
[320.273s][info][gc,stats    ]       Phase: Pause Relocate Start                          0.000 / 0.000         0.012 / 0.020         0.012 / 0.020         0.012 / 0.020       ms
[320.273s][info][gc,stats    ]    Subphase: Concurrent Classes Purge                      0.000 / 0.000         0.416 / 0.556         0.416 / 0.556         0.416 / 0.556       ms
[320.273s][info][gc,stats    ]    Subphase: Concurrent Classes Unlink                     0.000 / 0.000        11.583 / 13.998       11.583 / 13.998       11.583 / 13.998      ms
[320.273s][info][gc,stats    ]    Subphase: Concurrent Mark                               0.000 / 0.000       101.973 / 268.470     101.973 / 268.470     101.973 / 268.470     ms
[320.273s][info][gc,stats    ]    Subphase: Concurrent Mark Try Flush                     0.000 / 0.000         0.083 / 0.347         0.083 / 0.347         0.083 / 0.347       ms
[320.273s][info][gc,stats    ]    Subphase: Concurrent Mark Try Terminate                 0.000 / 0.000         2.987 / 16.643        2.987 / 16.643        2.987 / 16.643      ms
[320.273s][info][gc,stats    ]    Subphase: Concurrent References Enqueue                 0.000 / 0.000         0.006 / 0.008         0.006 / 0.008         0.006 / 0.008       ms
[320.273s][info][gc,stats    ]    Subphase: Concurrent References Process                 0.000 / 0.000         0.362 / 0.881         0.362 / 0.881         0.362 / 0.881       ms
[320.273s][info][gc,stats    ]    Subphase: Concurrent Roots ClassLoaderDataGraph         0.000 / 0.000         0.116 / 0.477         0.116 / 0.477         0.116 / 0.477       ms
[320.273s][info][gc,stats    ]    Subphase: Concurrent Roots CodeCache                    0.000 / 0.000         0.000 / 0.000         0.000 / 0.000         0.000 / 0.000       ms
[320.273s][info][gc,stats    ]    Subphase: Concurrent Roots JavaThreads                  0.000 / 0.000         0.988 / 2.038         0.988 / 2.038         0.988 / 2.038       ms
[320.273s][info][gc,stats    ]    Subphase: Concurrent Roots OopStorageSet                0.000 / 0.000         0.026 / 0.120         0.026 / 0.120         0.026 / 0.120       ms
[320.273s][info][gc,stats    ]    Subphase: Concurrent Weak Roots OopStorageSet           0.000 / 0.000         0.489 / 1.012         0.489 / 1.012         0.489 / 1.012       ms
[320.274s][info][gc,stats    ]    Subphase: Pause Mark Try Complete                       0.000 / 0.000         0.000 / 0.000         0.000 / 0.000         0.000 / 0.000       ms
[320.274s][info][gc,stats    ]      System: Java Threads                                      0 / 0                30 / 36               30 / 36               30 / 36          threads
[320.274s][info][gc,stats    ] =========================================================================================================================================================
[325.779s][info][gc,start    ] GC(21) Garbage Collection (Proactive)
[325.779s][info][gc,task     ] GC(21) Using 2 workers
[325.779s][info][gc,phases   ] GC(21) Pause Mark Start 0.012ms
[325.811s][info][gc,phases   ] GC(21) Concurrent Mark 31.359ms
[325.811s][info][gc,phases   ] GC(21) Pause Mark End 0.012ms
[325.811s][info][gc,phases   ] GC(21) Concurrent Mark Free 0.001ms
[325.826s][info][gc,phases   ] GC(21) Concurrent Process Non-Strong References 14.729ms
[325.826s][info][gc,phases   ] GC(21) Concurrent Reset Relocation Set 0.037ms
[325.830s][info][gc,phases   ] GC(21) Concurrent Select Relocation Set 3.838ms
[325.830s][info][gc,phases   ] GC(21) Pause Relocate Start 0.009ms
[325.833s][info][gc,phases   ] GC(21) Concurrent Relocate 3.369ms
[325.833s][info][gc,load     ] GC(21) Load: 0.00/0.00/0.00
[325.833s][info][gc,mmu      ] GC(21) MMU: 2ms/98.1%, 5ms/99.3%, 10ms/99.4%, 20ms/99.7%, 50ms/99.9%, 100ms/99.9%
[325.833s][info][gc,marking  ] GC(21) Mark: 2 stripe(s), 2 proactive flush(es), 1 terminate flush(es), 0 completion(s), 0 continuation(s) 
[325.833s][info][gc,marking  ] GC(21) Mark Stack Usage: 32M
[325.833s][info][gc,nmethod  ] GC(21) NMethods: 13843 registered, 2975 unregistered
[325.833s][info][gc,metaspace] GC(21) Metaspace: 41M used, 42M committed, 1088M reserved
[325.833s][info][gc,ref      ] GC(21) Soft: 3860 encountered, 0 discovered, 0 enqueued
[325.833s][info][gc,ref      ] GC(21) Weak: 1454 encountered, 1006 discovered, 13 enqueued
[325.833s][info][gc,ref      ] GC(21) Final: 3 encountered, 0 discovered, 0 enqueued
[325.833s][info][gc,ref      ] GC(21) Phantom: 172 encountered, 119 discovered, 0 enqueued
[325.833s][info][gc,reloc    ] GC(21) Small Pages: 462 / 924M, Empty: 428M, Relocated: 5M, In-Place: 0
[325.833s][info][gc,reloc    ] GC(21) Medium Pages: 2 / 64M, Empty: 32M, Relocated: 0M, In-Place: 0
[325.833s][info][gc,reloc    ] GC(21) Large Pages: 2 / 18M, Empty: 8M, Relocated: 0M, In-Place: 0
[325.833s][info][gc,reloc    ] GC(21) Forwarding Usage: 1M
[325.833s][info][gc,heap     ] GC(21) Min Capacity: 8192M(100%)
[325.833s][info][gc,heap     ] GC(21) Max Capacity: 8192M(100%)
[325.833s][info][gc,heap     ] GC(21) Soft Max Capacity: 8192M(100%)
[325.834s][info][gc,heap     ] GC(21)                Mark Start          Mark End        Relocate Start      Relocate End           High               Low         
[325.834s][info][gc,heap     ] GC(21)  Capacity:     8192M (100%)       8192M (100%)       8192M (100%)       8192M (100%)       8192M (100%)       8192M (100%)   
[325.834s][info][gc,heap     ] GC(21)      Free:     7186M (88%)        7178M (88%)        7644M (93%)        8116M (99%)        8116M (99%)        7176M (88%)    
[325.834s][info][gc,heap     ] GC(21)      Used:     1006M (12%)        1014M (12%)         548M (7%)           76M (1%)         1016M (12%)          76M (1%)     
[325.834s][info][gc,heap     ] GC(21)      Live:         -                28M (0%)           28M (0%)           28M (0%)             -                  -          
[325.834s][info][gc,heap     ] GC(21) Allocated:         -                 8M (0%)           10M (0%)           11M (0%)             -                  -          
[325.834s][info][gc,heap     ] GC(21)   Garbage:         -               977M (12%)         509M (6%)           35M (0%)             -                  -          
[325.834s][info][gc,heap     ] GC(21) Reclaimed:         -                  -               468M (6%)          941M (11%)            -                  -          
[325.834s][info][gc          ] GC(21) Garbage Collection (Proactive) 1006M(12%)->76M(1%)
[330.276s][info][gc,stats    ] === Garbage Collection Statistics =======================================================================================================================
[330.276s][info][gc,stats    ]                                                              Last 10s              Last 10m              Last 10h                Total
[330.276s][info][gc,stats    ]                                                              Avg / Max             Avg / Max             Avg / Max             Avg / Max
[330.276s][info][gc,stats    ]   Collector: Garbage Collection Cycle                     54.265 / 54.265      146.970 / 369.233     146.970 / 369.233     146.970 / 369.233     ms
[330.276s][info][gc,stats    ]  Contention: Mark Segment Reset Contention                     0 / 0                 0 / 1                 0 / 1                 0 / 1           ops/s
[330.276s][info][gc,stats    ]  Contention: Mark SeqNum Reset Contention                      0 / 0                 0 / 0                 0 / 0                 0 / 0           ops/s
[330.276s][info][gc,stats    ]    Critical: Allocation Stall                                  0 / 0                 0 / 0                 0 / 0                 0 / 0           ops/s
[330.276s][info][gc,stats    ]    Critical: Allocation Stall                              0.000 / 0.000         0.000 / 0.000         0.000 / 0.000         0.000 / 0.000       ms
[330.276s][info][gc,stats    ]    Critical: GC Locker Stall                                   0 / 0                 0 / 0                 0 / 0                 0 / 0           ops/s
[330.276s][info][gc,stats    ]    Critical: GC Locker Stall                               0.000 / 0.000         0.000 / 0.000         0.000 / 0.000         0.000 / 0.000       ms
[330.276s][info][gc,stats    ]    Critical: Relocation Stall                                  0 / 0                 0 / 0                 0 / 0                 0 / 0           ops/s
[330.276s][info][gc,stats    ]    Critical: Relocation Stall                              0.000 / 0.000         0.000 / 0.000         0.000 / 0.000         0.000 / 0.000       ms
[330.276s][info][gc,stats    ]      Memory: Allocation Rate                                 104 / 204             158 / 894             158 / 894             158 / 894         MB/s
[330.276s][info][gc,stats    ]      Memory: Out Of Memory                                     0 / 0                 0 / 0                 0 / 0                 0 / 0           ops/s
[330.276s][info][gc,stats    ]      Memory: Page Cache Flush                                  0 / 0                 0 / 0                 0 / 0                 0 / 0           MB/s
[330.276s][info][gc,stats    ]      Memory: Page Cache Hit L1                                51 / 102              58 / 370              58 / 370              58 / 370         ops/s
[330.276s][info][gc,stats    ]      Memory: Page Cache Hit L2                                 0 / 0                 0 / 0                 0 / 0                 0 / 0           ops/s
[330.276s][info][gc,stats    ]      Memory: Page Cache Hit L3                                 0 / 0                 7 / 209               7 / 209               7 / 209         ops/s
[330.276s][info][gc,stats    ]      Memory: Page Cache Miss                                   0 / 0                 0 / 1                 0 / 1                 0 / 1           ops/s
[330.276s][info][gc,stats    ]      Memory: Uncommit                                          0 / 0                 0 / 0                 0 / 0                 0 / 0           MB/s
[330.276s][info][gc,stats    ]      Memory: Undo Object Allocation Failed                     0 / 0                 0 / 0                 0 / 0                 0 / 0           ops/s
[330.276s][info][gc,stats    ]      Memory: Undo Object Allocation Succeeded                  0 / 1                 0 / 3                 0 / 3                 0 / 3           ops/s
[330.276s][info][gc,stats    ]      Memory: Undo Page Allocation                              0 / 0                 0 / 1                 0 / 1                 0 / 1           ops/s
[330.276s][info][gc,stats    ]       Phase: Concurrent Mark                              31.359 / 31.359      102.983 / 269.421     102.983 / 269.421     102.983 / 269.421     ms
[330.276s][info][gc,stats    ]       Phase: Concurrent Mark Continue                      0.000 / 0.000         0.000 / 0.000         0.000 / 0.000         0.000 / 0.000       ms
[330.276s][info][gc,stats    ]       Phase: Concurrent Mark Free                          0.001 / 0.001         0.001 / 0.002         0.001 / 0.002         0.001 / 0.002       ms
[330.276s][info][gc,stats    ]       Phase: Concurrent Process Non-Strong References     14.729 / 14.729       13.104 / 15.531       13.104 / 15.531       13.104 / 15.531      ms
[330.276s][info][gc,stats    ]       Phase: Concurrent Relocate                           3.369 / 3.369        24.939 / 75.349       24.939 / 75.349       24.939 / 75.349      ms
[330.277s][info][gc,stats    ]       Phase: Concurrent Reset Relocation Set               0.037 / 0.037         0.030 / 0.092         0.030 / 0.092         0.030 / 0.092       ms
[330.277s][info][gc,stats    ]       Phase: Concurrent Select Relocation Set              3.838 / 3.838         4.909 / 11.319        4.909 / 11.319        4.909 / 11.319      ms
[330.277s][info][gc,stats    ]       Phase: Pause Mark End                                0.012 / 0.012         0.016 / 0.037         0.016 / 0.037         0.016 / 0.037       ms
[330.277s][info][gc,stats    ]       Phase: Pause Mark Start                              0.012 / 0.012         0.008 / 0.012         0.008 / 0.012         0.008 / 0.012       ms
[330.277s][info][gc,stats    ]       Phase: Pause Relocate Start                          0.009 / 0.009         0.012 / 0.020         0.012 / 0.020         0.012 / 0.020       ms
[330.277s][info][gc,stats    ]    Subphase: Concurrent Classes Purge                      0.470 / 0.470         0.419 / 0.556         0.419 / 0.556         0.419 / 0.556       ms
[330.277s][info][gc,stats    ]    Subphase: Concurrent Classes Unlink                    13.563 / 13.563       11.673 / 13.998       11.673 / 13.998       11.673 / 13.998      ms
[330.277s][info][gc,stats    ]    Subphase: Concurrent Mark                              23.866 / 30.257       98.422 / 268.470      98.422 / 268.470      98.422 / 268.470     ms
[330.277s][info][gc,stats    ]    Subphase: Concurrent Mark Try Flush                     0.095 / 0.139         0.083 / 0.347         0.083 / 0.347         0.083 / 0.347       ms
[330.277s][info][gc,stats    ]    Subphase: Concurrent Mark Try Terminate                 4.444 / 13.275        3.047 / 16.643        3.047 / 16.643        3.047 / 16.643      ms
[330.277s][info][gc,stats    ]    Subphase: Concurrent References Enqueue                 0.004 / 0.004         0.005 / 0.008         0.005 / 0.008         0.005 / 0.008       ms
[330.277s][info][gc,stats    ]    Subphase: Concurrent References Process                 0.172 / 0.172         0.353 / 0.881         0.353 / 0.881         0.353 / 0.881       ms
[330.277s][info][gc,stats    ]    Subphase: Concurrent Roots ClassLoaderDataGraph         0.050 / 0.094         0.113 / 0.477         0.113 / 0.477         0.113 / 0.477       ms
[330.277s][info][gc,stats    ]    Subphase: Concurrent Roots CodeCache                    0.000 / 0.000         0.000 / 0.000         0.000 / 0.000         0.000 / 0.000       ms
[330.277s][info][gc,stats    ]    Subphase: Concurrent Roots JavaThreads                  0.810 / 0.841         0.980 / 2.038         0.980 / 2.038         0.980 / 2.038       ms
[330.277s][info][gc,stats    ]    Subphase: Concurrent Roots OopStorageSet                0.020 / 0.030         0.026 / 0.120         0.026 / 0.120         0.026 / 0.120       ms
[330.277s][info][gc,stats    ]    Subphase: Concurrent Weak Roots OopStorageSet           0.284 / 0.295         0.480 / 1.012         0.480 / 1.012         0.480 / 1.012       ms
[330.277s][info][gc,stats    ]    Subphase: Pause Mark Try Complete                       0.000 / 0.000         0.000 / 0.000         0.000 / 0.000         0.000 / 0.000       ms
[330.277s][info][gc,stats    ]      System: Java Threads                                     30 / 30               30 / 36               30 / 36               30 / 36          threads
[330.277s][info][gc,stats    ] =========================================================================================================================================================
[340.264s][info][gc,stats    ] === Garbage Collection Statistics =======================================================================================================================
[340.264s][info][gc,stats    ]                                                              Last 10s              Last 10m              Last 10h                Total
[340.264s][info][gc,stats    ]                                                              Avg / Max             Avg / Max             Avg / Max             Avg / Max
[340.265s][info][gc,stats    ]   Collector: Garbage Collection Cycle                      0.000 / 0.000       146.970 / 369.233     146.970 / 369.233     146.970 / 369.233     ms
[340.265s][info][gc,stats    ]  Contention: Mark Segment Reset Contention                     0 / 0                 0 / 1                 0 / 1                 0 / 1           ops/s
[340.265s][info][gc,stats    ]  Contention: Mark SeqNum Reset Contention                      0 / 0                 0 / 0                 0 / 0                 0 / 0           ops/s
[340.265s][info][gc,stats    ]    Critical: Allocation Stall                                  0 / 0                 0 / 0                 0 / 0                 0 / 0           ops/s
[340.265s][info][gc,stats    ]    Critical: Allocation Stall                              0.000 / 0.000         0.000 / 0.000         0.000 / 0.000         0.000 / 0.000       ms
[340.265s][info][gc,stats    ]    Critical: GC Locker Stall                                   0 / 0                 0 / 0                 0 / 0                 0 / 0           ops/s
[340.265s][info][gc,stats    ]    Critical: GC Locker Stall                               0.000 / 0.000         0.000 / 0.000         0.000 / 0.000         0.000 / 0.000       ms
[340.265s][info][gc,stats    ]    Critical: Relocation Stall                                  0 / 0                 0 / 0                 0 / 0                 0 / 0           ops/s
[340.265s][info][gc,stats    ]    Critical: Relocation Stall                              0.000 / 0.000         0.000 / 0.000         0.000 / 0.000         0.000 / 0.000       ms
[340.265s][info][gc,stats    ]      Memory: Allocation Rate                                 447 / 862             166 / 894             166 / 894             166 / 894         MB/s
[340.265s][info][gc,stats    ]      Memory: Out Of Memory                                     0 / 0                 0 / 0                 0 / 0                 0 / 0           ops/s
[340.265s][info][gc,stats    ]      Memory: Page Cache Flush                                  0 / 0                 0 / 0                 0 / 0                 0 / 0           MB/s
[340.265s][info][gc,stats    ]      Memory: Page Cache Hit L1                               159 / 356              61 / 370              61 / 370              61 / 370         ops/s
[340.265s][info][gc,stats    ]      Memory: Page Cache Hit L2                                 0 / 0                 0 / 0                 0 / 0                 0 / 0           ops/s
[340.265s][info][gc,stats    ]      Memory: Page Cache Hit L3                                 0 / 0                 7 / 209               7 / 209               7 / 209         ops/s
[340.265s][info][gc,stats    ]      Memory: Page Cache Miss                                   0 / 0                 0 / 1                 0 / 1                 0 / 1           ops/s
[340.265s][info][gc,stats    ]      Memory: Uncommit                                          0 / 0                 0 / 0                 0 / 0                 0 / 0           MB/s
[340.265s][info][gc,stats    ]      Memory: Undo Object Allocation Failed                     0 / 0                 0 / 0                 0 / 0                 0 / 0           ops/s
[340.265s][info][gc,stats    ]      Memory: Undo Object Allocation Succeeded                  0 / 0                 0 / 3                 0 / 3                 0 / 3           ops/s
[340.265s][info][gc,stats    ]      Memory: Undo Page Allocation                              0 / 0                 0 / 1                 0 / 1                 0 / 1           ops/s
[340.265s][info][gc,stats    ]       Phase: Concurrent Mark                               0.000 / 0.000       102.983 / 269.421     102.983 / 269.421     102.983 / 269.421     ms
[340.265s][info][gc,stats    ]       Phase: Concurrent Mark Continue                      0.000 / 0.000         0.000 / 0.000         0.000 / 0.000         0.000 / 0.000       ms
[340.265s][info][gc,stats    ]       Phase: Concurrent Mark Free                          0.000 / 0.000         0.001 / 0.002         0.001 / 0.002         0.001 / 0.002       ms
[340.265s][info][gc,stats    ]       Phase: Concurrent Process Non-Strong References      0.000 / 0.000        13.104 / 15.531       13.104 / 15.531       13.104 / 15.531      ms
[340.265s][info][gc,stats    ]       Phase: Concurrent Relocate                           0.000 / 0.000        24.939 / 75.349       24.939 / 75.349       24.939 / 75.349      ms
[340.265s][info][gc,stats    ]       Phase: Concurrent Reset Relocation Set               0.000 / 0.000         0.030 / 0.092         0.030 / 0.092         0.030 / 0.092       ms
[340.265s][info][gc,stats    ]       Phase: Concurrent Select Relocation Set              0.000 / 0.000         4.909 / 11.319        4.909 / 11.319        4.909 / 11.319      ms
[340.265s][info][gc,stats    ]       Phase: Pause Mark End                                0.000 / 0.000         0.016 / 0.037         0.016 / 0.037         0.016 / 0.037       ms
[340.265s][info][gc,stats    ]       Phase: Pause Mark Start                              0.000 / 0.000         0.008 / 0.012         0.008 / 0.012         0.008 / 0.012       ms
[340.265s][info][gc,stats    ]       Phase: Pause Relocate Start                          0.000 / 0.000         0.012 / 0.020         0.012 / 0.020         0.012 / 0.020       ms
[340.265s][info][gc,stats    ]    Subphase: Concurrent Classes Purge                      0.000 / 0.000         0.419 / 0.556         0.419 / 0.556         0.419 / 0.556       ms
[340.265s][info][gc,stats    ]    Subphase: Concurrent Classes Unlink                     0.000 / 0.000        11.673 / 13.998       11.673 / 13.998       11.673 / 13.998      ms
[340.265s][info][gc,stats    ]    Subphase: Concurrent Mark                               0.000 / 0.000        98.422 / 268.470      98.422 / 268.470      98.422 / 268.470     ms
[340.265s][info][gc,stats    ]    Subphase: Concurrent Mark Try Flush                     0.000 / 0.000         0.083 / 0.347         0.083 / 0.347         0.083 / 0.347       ms
[340.265s][info][gc,stats    ]    Subphase: Concurrent Mark Try Terminate                 0.000 / 0.000         3.047 / 16.643        3.047 / 16.643        3.047 / 16.643      ms
[340.265s][info][gc,stats    ]    Subphase: Concurrent References Enqueue                 0.000 / 0.000         0.005 / 0.008         0.005 / 0.008         0.005 / 0.008       ms
[340.265s][info][gc,stats    ]    Subphase: Concurrent References Process                 0.000 / 0.000         0.353 / 0.881         0.353 / 0.881         0.353 / 0.881       ms
[340.265s][info][gc,stats    ]    Subphase: Concurrent Roots ClassLoaderDataGraph         0.000 / 0.000         0.113 / 0.477         0.113 / 0.477         0.113 / 0.477       ms
[340.265s][info][gc,stats    ]    Subphase: Concurrent Roots CodeCache                    0.000 / 0.000         0.000 / 0.000         0.000 / 0.000         0.000 / 0.000       ms
[340.265s][info][gc,stats    ]    Subphase: Concurrent Roots JavaThreads                  0.000 / 0.000         0.980 / 2.038         0.980 / 2.038         0.980 / 2.038       ms
[340.265s][info][gc,stats    ]    Subphase: Concurrent Roots OopStorageSet                0.000 / 0.000         0.026 / 0.120         0.026 / 0.120         0.026 / 0.120       ms
[340.265s][info][gc,stats    ]    Subphase: Concurrent Weak Roots OopStorageSet           0.000 / 0.000         0.480 / 1.012         0.480 / 1.012         0.480 / 1.012       ms
[340.266s][info][gc,stats    ]    Subphase: Pause Mark Try Complete                       0.000 / 0.000         0.000 / 0.000         0.000 / 0.000         0.000 / 0.000       ms
[340.266s][info][gc,stats    ]      System: Java Threads                                      0 / 0                30 / 36               30 / 36               30 / 36          threads
[340.266s][info][gc,stats    ] =========================================================================================================================================================
[342.692s][info][gc,start    ] GC(22) Garbage Collection (System.gc())
[342.692s][info][gc,task     ] GC(22) Using 2 workers
[342.692s][info][gc,phases   ] GC(22) Pause Mark Start 0.006ms
[342.882s][info][gc,phases   ] GC(22) Concurrent Mark 190.119ms
[342.883s][info][gc,phases   ] GC(22) Pause Mark End 0.026ms
[342.883s][info][gc,phases   ] GC(22) Concurrent Mark Free 0.003ms
[342.898s][info][gc,phases   ] GC(22) Concurrent Process Non-Strong References 15.306ms
[342.898s][info][gc,phases   ] GC(22) Concurrent Reset Relocation Set 0.020ms
[342.906s][info][gc,phases   ] GC(22) Concurrent Select Relocation Set 7.894ms
[342.906s][info][gc,phases   ] GC(22) Pause Relocate Start 0.013ms
[342.963s][info][gc,phases   ] GC(22) Concurrent Relocate 56.197ms
[342.963s][info][gc,load     ] GC(22) Load: 0.00/0.00/0.00
[342.963s][info][gc,mmu      ] GC(22) MMU: 2ms/98.1%, 5ms/99.3%, 10ms/99.4%, 20ms/99.7%, 50ms/99.9%, 100ms/99.9%
[342.963s][info][gc,marking  ] GC(22) Mark: 2 stripe(s), 2 proactive flush(es), 1 terminate flush(es), 0 completion(s), 0 continuation(s) 
[342.963s][info][gc,marking  ] GC(22) Mark Stack Usage: 32M
[342.963s][info][gc,nmethod  ] GC(22) NMethods: 13465 registered, 3592 unregistered
[342.963s][info][gc,metaspace] GC(22) Metaspace: 41M used, 42M committed, 1088M reserved
[342.963s][info][gc,ref      ] GC(22) Soft: 3862 encountered, 0 discovered, 0 enqueued
[342.963s][info][gc,ref      ] GC(22) Weak: 8968 encountered, 7625 discovered, 7434 enqueued
[342.963s][info][gc,ref      ] GC(22) Final: 3 encountered, 0 discovered, 0 enqueued
[342.963s][info][gc,ref      ] GC(22) Phantom: 173 encountered, 128 discovered, 0 enqueued
[342.963s][info][gc,reloc    ] GC(22) Small Pages: 2340 / 4680M, Empty: 2520M, Relocated: 110M, In-Place: 0
[342.963s][info][gc,reloc    ] GC(22) Medium Pages: 46 / 1472M, Empty: 1408M, Relocated: 10M, In-Place: 0
[342.963s][info][gc,reloc    ] GC(22) Large Pages: 2 / 18M, Empty: 0M, Relocated: 0M, In-Place: 0
[342.963s][info][gc,reloc    ] GC(22) Forwarding Usage: 28M
[342.963s][info][gc,heap     ] GC(22) Min Capacity: 8192M(100%)
[342.963s][info][gc,heap     ] GC(22) Max Capacity: 8192M(100%)
[342.963s][info][gc,heap     ] GC(22) Soft Max Capacity: 8192M(100%)
[342.963s][info][gc,heap     ] GC(22)                Mark Start          Mark End        Relocate Start      Relocate End           High               Low         
[342.963s][info][gc,heap     ] GC(22)  Capacity:     8192M (100%)       8192M (100%)       8192M (100%)       8192M (100%)       8192M (100%)       8192M (100%)   
[342.963s][info][gc,heap     ] GC(22)      Free:     2022M (25%)        2016M (25%)        5944M (73%)        8008M (98%)        8008M (98%)        2016M (25%)    
[342.963s][info][gc,heap     ] GC(22)      Used:     6170M (75%)        6176M (75%)        2248M (27%)         184M (2%)         6176M (75%)         184M (2%)     
[342.963s][info][gc,heap     ] GC(22)      Live:         -               152M (2%)          152M (2%)          152M (2%)             -                  -          
[342.963s][info][gc,heap     ] GC(22) Allocated:         -                 6M (0%)            6M (0%)            6M (0%)             -                  -          
[342.963s][info][gc,heap     ] GC(22)   Garbage:         -              6017M (73%)        2089M (26%)          25M (0%)             -                  -          
[342.963s][info][gc,heap     ] GC(22) Reclaimed:         -                  -              3928M (48%)        5992M (73%)            -                  -          
[342.963s][info][gc          ] GC(22) Garbage Collection (System.gc()) 6170M(75%)->184M(2%)
[350.274s][info][gc,stats    ] === Garbage Collection Statistics =======================================================================================================================
[350.274s][info][gc,stats    ]                                                              Last 10s              Last 10m              Last 10h                Total
[350.274s][info][gc,stats    ]                                                              Avg / Max             Avg / Max             Avg / Max             Avg / Max
[350.274s][info][gc,stats    ]   Collector: Garbage Collection Cycle                    270.772 / 270.772     152.352 / 369.233     152.352 / 369.233     152.352 / 369.233     ms
[350.274s][info][gc,stats    ]  Contention: Mark Segment Reset Contention                     0 / 0                 0 / 1                 0 / 1                 0 / 1           ops/s
[350.275s][info][gc,stats    ]  Contention: Mark SeqNum Reset Contention                      0 / 0                 0 / 0                 0 / 0                 0 / 0           ops/s
[350.275s][info][gc,stats    ]    Critical: Allocation Stall                                  0 / 0                 0 / 0                 0 / 0                 0 / 0           ops/s
[350.275s][info][gc,stats    ]    Critical: Allocation Stall                              0.000 / 0.000         0.000 / 0.000         0.000 / 0.000         0.000 / 0.000       ms
[350.275s][info][gc,stats    ]    Critical: GC Locker Stall                                   0 / 0                 0 / 0                 0 / 0                 0 / 0           ops/s
[350.275s][info][gc,stats    ]    Critical: GC Locker Stall                               0.000 / 0.000         0.000 / 0.000         0.000 / 0.000         0.000 / 0.000       ms
[350.275s][info][gc,stats    ]    Critical: Relocation Stall                                  0 / 0                 0 / 0                 0 / 0                 0 / 0           ops/s
[350.275s][info][gc,stats    ]    Critical: Relocation Stall                              0.000 / 0.000         0.000 / 0.000         0.000 / 0.000         0.000 / 0.000       ms
[350.275s][info][gc,stats    ]      Memory: Allocation Rate                                 123 / 538             165 / 894             165 / 894             165 / 894         MB/s
[350.275s][info][gc,stats    ]      Memory: Out Of Memory                                     0 / 0                 0 / 0                 0 / 0                 0 / 0           ops/s
[350.275s][info][gc,stats    ]      Memory: Page Cache Flush                                  0 / 0                 0 / 0                 0 / 0                 0 / 0           MB/s
[350.275s][info][gc,stats    ]      Memory: Page Cache Hit L1                                63 / 269              61 / 370              61 / 370              61 / 370         ops/s
[350.275s][info][gc,stats    ]      Memory: Page Cache Hit L2                                 0 / 0                 0 / 0                 0 / 0                 0 / 0           ops/s
[350.275s][info][gc,stats    ]      Memory: Page Cache Hit L3                                 0 / 7                 6 / 209               6 / 209               6 / 209         ops/s
[350.275s][info][gc,stats    ]      Memory: Page Cache Miss                                   0 / 0                 0 / 1                 0 / 1                 0 / 1           ops/s
[350.275s][info][gc,stats    ]      Memory: Uncommit                                          0 / 0                 0 / 0                 0 / 0                 0 / 0           MB/s
[350.275s][info][gc,stats    ]      Memory: Undo Object Allocation Failed                     0 / 0                 0 / 0                 0 / 0                 0 / 0           ops/s
[350.275s][info][gc,stats    ]      Memory: Undo Object Allocation Succeeded                  0 / 0                 0 / 3                 0 / 3                 0 / 3           ops/s
[350.275s][info][gc,stats    ]      Memory: Undo Page Allocation                              0 / 0                 0 / 1                 0 / 1                 0 / 1           ops/s
[350.275s][info][gc,stats    ]       Phase: Concurrent Mark                             190.119 / 190.119     106.771 / 269.421     106.771 / 269.421     106.771 / 269.421     ms
[350.275s][info][gc,stats    ]       Phase: Concurrent Mark Continue                      0.000 / 0.000         0.000 / 0.000         0.000 / 0.000         0.000 / 0.000       ms
[350.275s][info][gc,stats    ]       Phase: Concurrent Mark Free                          0.003 / 0.003         0.001 / 0.003         0.001 / 0.003         0.001 / 0.003       ms
[350.275s][info][gc,stats    ]       Phase: Concurrent Process Non-Strong References     15.306 / 15.306       13.200 / 15.531       13.200 / 15.531       13.200 / 15.531      ms
[350.275s][info][gc,stats    ]       Phase: Concurrent Relocate                          56.197 / 56.197       26.298 / 75.349       26.298 / 75.349       26.298 / 75.349      ms
[350.275s][info][gc,stats    ]       Phase: Concurrent Reset Relocation Set               0.020 / 0.020         0.029 / 0.092         0.029 / 0.092         0.029 / 0.092       ms
[350.275s][info][gc,stats    ]       Phase: Concurrent Select Relocation Set              7.894 / 7.894         5.039 / 11.319        5.039 / 11.319        5.039 / 11.319      ms
[350.275s][info][gc,stats    ]       Phase: Pause Mark End                                0.026 / 0.026         0.017 / 0.037         0.017 / 0.037         0.017 / 0.037       ms
[350.275s][info][gc,stats    ]       Phase: Pause Mark Start                              0.006 / 0.006         0.008 / 0.012         0.008 / 0.012         0.008 / 0.012       ms
[350.275s][info][gc,stats    ]       Phase: Pause Relocate Start                          0.013 / 0.013         0.012 / 0.020         0.012 / 0.020         0.012 / 0.020       ms
[350.275s][info][gc,stats    ]    Subphase: Concurrent Classes Purge                      0.478 / 0.478         0.421 / 0.556         0.421 / 0.556         0.421 / 0.556       ms
[350.275s][info][gc,stats    ]    Subphase: Concurrent Classes Unlink                    13.296 / 13.296       11.744 / 13.998       11.744 / 13.998       11.744 / 13.998      ms
[350.275s][info][gc,stats    ]    Subphase: Concurrent Mark                             186.493 / 189.397     102.252 / 268.470     102.252 / 268.470     102.252 / 268.470     ms
[350.275s][info][gc,stats    ]    Subphase: Concurrent Mark Try Flush                     0.152 / 0.301         0.086 / 0.347         0.086 / 0.347         0.086 / 0.347       ms
[350.275s][info][gc,stats    ]    Subphase: Concurrent Mark Try Terminate                 2.952 / 8.752         3.044 / 16.643        3.044 / 16.643        3.044 / 16.643      ms
[350.275s][info][gc,stats    ]    Subphase: Concurrent References Enqueue                 0.008 / 0.008         0.006 / 0.008         0.006 / 0.008         0.006 / 0.008       ms
[350.275s][info][gc,stats    ]    Subphase: Concurrent References Process                 0.883 / 0.883         0.377 / 0.883         0.377 / 0.883         0.377 / 0.883       ms
[350.275s][info][gc,stats    ]    Subphase: Concurrent Roots ClassLoaderDataGraph         0.061 / 0.112         0.111 / 0.477         0.111 / 0.477         0.111 / 0.477       ms
[350.275s][info][gc,stats    ]    Subphase: Concurrent Roots CodeCache                    0.000 / 0.000         0.000 / 0.000         0.000 / 0.000         0.000 / 0.000       ms
[350.275s][info][gc,stats    ]    Subphase: Concurrent Roots JavaThreads                  0.489 / 0.563         0.958 / 2.038         0.958 / 2.038         0.958 / 2.038       ms
[350.275s][info][gc,stats    ]    Subphase: Concurrent Roots OopStorageSet                0.017 / 0.019         0.026 / 0.120         0.026 / 0.120         0.026 / 0.120       ms
[350.275s][info][gc,stats    ]    Subphase: Concurrent Weak Roots OopStorageSet           0.415 / 0.417         0.477 / 1.012         0.477 / 1.012         0.477 / 1.012       ms
[350.275s][info][gc,stats    ]    Subphase: Pause Mark Try Complete                       0.000 / 0.000         0.000 / 0.000         0.000 / 0.000         0.000 / 0.000       ms
[350.275s][info][gc,stats    ]      System: Java Threads                                     30 / 30               30 / 36               30 / 36               30 / 36          threads
[350.275s][info][gc,stats    ] =========================================================================================================================================================
[360.268s][info][gc,stats    ] === Garbage Collection Statistics =======================================================================================================================
[360.268s][info][gc,stats    ]                                                              Last 10s              Last 10m              Last 10h                Total
[360.268s][info][gc,stats    ]                                                              Avg / Max             Avg / Max             Avg / Max             Avg / Max
[360.268s][info][gc,stats    ]   Collector: Garbage Collection Cycle                      0.000 / 0.000       152.352 / 369.233     152.352 / 369.233     152.352 / 369.233     ms
[360.268s][info][gc,stats    ]  Contention: Mark Segment Reset Contention                     0 / 0                 0 / 1                 0 / 1                 0 / 1           ops/s
[360.268s][info][gc,stats    ]  Contention: Mark SeqNum Reset Contention                      0 / 0                 0 / 0                 0 / 0                 0 / 0           ops/s
[360.268s][info][gc,stats    ]    Critical: Allocation Stall                                  0 / 0                 0 / 0                 0 / 0                 0 / 0           ops/s
[360.268s][info][gc,stats    ]    Critical: Allocation Stall                              0.000 / 0.000         0.000 / 0.000         0.000 / 0.000         0.000 / 0.000       ms
[360.268s][info][gc,stats    ]    Critical: GC Locker Stall                                   0 / 0                 0 / 0                 0 / 0                 0 / 0           ops/s
[360.268s][info][gc,stats    ]    Critical: GC Locker Stall                               0.000 / 0.000         0.000 / 0.000         0.000 / 0.000         0.000 / 0.000       ms
[360.268s][info][gc,stats    ]    Critical: Relocation Stall                                  0 / 0                 0 / 0                 0 / 0                 0 / 0           ops/s
[360.268s][info][gc,stats    ]    Critical: Relocation Stall                              0.000 / 0.000         0.000 / 0.000         0.000 / 0.000         0.000 / 0.000       ms
[360.268s][info][gc,stats    ]      Memory: Allocation Rate                                  18 / 24              161 / 894             161 / 894             161 / 894         MB/s
[360.268s][info][gc,stats    ]      Memory: Out Of Memory                                     0 / 0                 0 / 0                 0 / 0                 0 / 0           ops/s
[360.268s][info][gc,stats    ]      Memory: Page Cache Flush                                  0 / 0                 0 / 0                 0 / 0                 0 / 0           MB/s
[360.268s][info][gc,stats    ]      Memory: Page Cache Hit L1                                 9 / 12               59 / 370              59 / 370              59 / 370         ops/s
[360.268s][info][gc,stats    ]      Memory: Page Cache Hit L2                                 0 / 0                 0 / 0                 0 / 0                 0 / 0           ops/s
[360.268s][info][gc,stats    ]      Memory: Page Cache Hit L3                                 0 / 0                 6 / 209               6 / 209               6 / 209         ops/s
[360.268s][info][gc,stats    ]      Memory: Page Cache Miss                                   0 / 0                 0 / 1                 0 / 1                 0 / 1           ops/s
[360.268s][info][gc,stats    ]      Memory: Uncommit                                          0 / 0                 0 / 0                 0 / 0                 0 / 0           MB/s
[360.268s][info][gc,stats    ]      Memory: Undo Object Allocation Failed                     0 / 0                 0 / 0                 0 / 0                 0 / 0           ops/s
[360.268s][info][gc,stats    ]      Memory: Undo Object Allocation Succeeded                  0 / 0                 0 / 3                 0 / 3                 0 / 3           ops/s
[360.268s][info][gc,stats    ]      Memory: Undo Page Allocation                              0 / 0                 0 / 1                 0 / 1                 0 / 1           ops/s
[360.268s][info][gc,stats    ]       Phase: Concurrent Mark                               0.000 / 0.000       106.771 / 269.421     106.771 / 269.421     106.771 / 269.421     ms
[360.268s][info][gc,stats    ]       Phase: Concurrent Mark Continue                      0.000 / 0.000         0.000 / 0.000         0.000 / 0.000         0.000 / 0.000       ms
[360.268s][info][gc,stats    ]       Phase: Concurrent Mark Free                          0.000 / 0.000         0.001 / 0.003         0.001 / 0.003         0.001 / 0.003       ms
[360.268s][info][gc,stats    ]       Phase: Concurrent Process Non-Strong References      0.000 / 0.000        13.200 / 15.531       13.200 / 15.531       13.200 / 15.531      ms
[360.268s][info][gc,stats    ]       Phase: Concurrent Relocate                           0.000 / 0.000        26.298 / 75.349       26.298 / 75.349       26.298 / 75.349      ms
[360.268s][info][gc,stats    ]       Phase: Concurrent Reset Relocation Set               0.000 / 0.000         0.029 / 0.092         0.029 / 0.092         0.029 / 0.092       ms
[360.268s][info][gc,stats    ]       Phase: Concurrent Select Relocation Set              0.000 / 0.000         5.039 / 11.319        5.039 / 11.319        5.039 / 11.319      ms
[360.268s][info][gc,stats    ]       Phase: Pause Mark End                                0.000 / 0.000         0.017 / 0.037         0.017 / 0.037         0.017 / 0.037       ms
[360.268s][info][gc,stats    ]       Phase: Pause Mark Start                              0.000 / 0.000         0.008 / 0.012         0.008 / 0.012         0.008 / 0.012       ms
[360.268s][info][gc,stats    ]       Phase: Pause Relocate Start                          0.000 / 0.000         0.012 / 0.020         0.012 / 0.020         0.012 / 0.020       ms
[360.268s][info][gc,stats    ]    Subphase: Concurrent Classes Purge                      0.000 / 0.000         0.421 / 0.556         0.421 / 0.556         0.421 / 0.556       ms
[360.268s][info][gc,stats    ]    Subphase: Concurrent Classes Unlink                     0.000 / 0.000        11.744 / 13.998       11.744 / 13.998       11.744 / 13.998      ms
[360.268s][info][gc,stats    ]    Subphase: Concurrent Mark                               0.000 / 0.000       102.252 / 268.470     102.252 / 268.470     102.252 / 268.470     ms
[360.268s][info][gc,stats    ]    Subphase: Concurrent Mark Try Flush                     0.000 / 0.000         0.086 / 0.347         0.086 / 0.347         0.086 / 0.347       ms
[360.268s][info][gc,stats    ]    Subphase: Concurrent Mark Try Terminate                 0.000 / 0.000         3.044 / 16.643        3.044 / 16.643        3.044 / 16.643      ms
[360.268s][info][gc,stats    ]    Subphase: Concurrent References Enqueue                 0.000 / 0.000         0.006 / 0.008         0.006 / 0.008         0.006 / 0.008       ms
[360.268s][info][gc,stats    ]    Subphase: Concurrent References Process                 0.000 / 0.000         0.377 / 0.883         0.377 / 0.883         0.377 / 0.883       ms
[360.268s][info][gc,stats    ]    Subphase: Concurrent Roots ClassLoaderDataGraph         0.000 / 0.000         0.111 / 0.477         0.111 / 0.477         0.111 / 0.477       ms
[360.268s][info][gc,stats    ]    Subphase: Concurrent Roots CodeCache                    0.000 / 0.000         0.000 / 0.000         0.000 / 0.000         0.000 / 0.000       ms
[360.268s][info][gc,stats    ]    Subphase: Concurrent Roots JavaThreads                  0.000 / 0.000         0.958 / 2.038         0.958 / 2.038         0.958 / 2.038       ms
[360.268s][info][gc,stats    ]    Subphase: Concurrent Roots OopStorageSet                0.000 / 0.000         0.026 / 0.120         0.026 / 0.120         0.026 / 0.120       ms
[360.268s][info][gc,stats    ]    Subphase: Concurrent Weak Roots OopStorageSet           0.000 / 0.000         0.477 / 1.012         0.477 / 1.012         0.477 / 1.012       ms
[360.268s][info][gc,stats    ]    Subphase: Pause Mark Try Complete                       0.000 / 0.000         0.000 / 0.000         0.000 / 0.000         0.000 / 0.000       ms
[360.268s][info][gc,stats    ]      System: Java Threads                                      0 / 0                30 / 36               30 / 36               30 / 36          threads
[360.268s][info][gc,stats    ] =========================================================================================================================================================
[368.369s][info][gc,start    ] GC(23) Garbage Collection (Proactive)
[368.369s][info][gc,task     ] GC(23) Using 2 workers
[368.369s][info][gc,phases   ] GC(23) Pause Mark Start 0.013ms
[368.401s][info][gc,phases   ] GC(23) Concurrent Mark 31.568ms
[368.401s][info][gc,phases   ] GC(23) Pause Mark End 0.016ms
[368.401s][info][gc,phases   ] GC(23) Concurrent Mark Free 0.002ms
[368.415s][info][gc,phases   ] GC(23) Concurrent Process Non-Strong References 14.356ms
[368.416s][info][gc,phases   ] GC(23) Concurrent Reset Relocation Set 0.058ms
[368.419s][info][gc,phases   ] GC(23) Concurrent Select Relocation Set 3.692ms
[368.419s][info][gc,phases   ] GC(23) Pause Relocate Start 0.008ms
[368.424s][info][gc,phases   ] GC(23) Concurrent Relocate 4.789ms
[368.424s][info][gc,load     ] GC(23) Load: 0.00/0.00/0.00
[368.425s][info][gc,mmu      ] GC(23) MMU: 2ms/98.1%, 5ms/99.3%, 10ms/99.4%, 20ms/99.7%, 50ms/99.9%, 100ms/99.9%
[368.425s][info][gc,marking  ] GC(23) Mark: 2 stripe(s), 2 proactive flush(es), 1 terminate flush(es), 0 completion(s), 0 continuation(s) 
[368.425s][info][gc,marking  ] GC(23) Mark Stack Usage: 32M
[368.425s][info][gc,nmethod  ] GC(23) NMethods: 13497 registered, 3592 unregistered
[368.425s][info][gc,metaspace] GC(23) Metaspace: 41M used, 42M committed, 1088M reserved
[368.425s][info][gc,ref      ] GC(23) Soft: 3862 encountered, 0 discovered, 0 enqueued
[368.425s][info][gc,ref      ] GC(23) Weak: 1572 encountered, 212 discovered, 98 enqueued
[368.425s][info][gc,ref      ] GC(23) Final: 3 encountered, 0 discovered, 0 enqueued
[368.425s][info][gc,ref      ] GC(23) Phantom: 174 encountered, 136 discovered, 0 enqueued
[368.425s][info][gc,reloc    ] GC(23) Small Pages: 618 / 1236M, Empty: 500M, Relocated: 6M, In-Place: 0
[368.425s][info][gc,reloc    ] GC(23) Medium Pages: 2 / 64M, Empty: 0M, Relocated: 2M, In-Place: 0
[368.425s][info][gc,reloc    ] GC(23) Large Pages: 2 / 18M, Empty: 8M, Relocated: 0M, In-Place: 0
[368.425s][info][gc,reloc    ] GC(23) Forwarding Usage: 2M
[368.425s][info][gc,heap     ] GC(23) Min Capacity: 8192M(100%)
[368.425s][info][gc,heap     ] GC(23) Max Capacity: 8192M(100%)
[368.425s][info][gc,heap     ] GC(23) Soft Max Capacity: 8192M(100%)
[368.425s][info][gc,heap     ] GC(23)                Mark Start          Mark End        Relocate Start      Relocate End           High               Low         
[368.425s][info][gc,heap     ] GC(23)  Capacity:     8192M (100%)       8192M (100%)       8192M (100%)       8192M (100%)       8192M (100%)       8192M (100%)   
[368.425s][info][gc,heap     ] GC(23)      Free:     6874M (84%)        6870M (84%)        7374M (90%)        8116M (99%)        8116M (99%)        6866M (84%)    
[368.425s][info][gc,heap     ] GC(23)      Used:     1318M (16%)        1322M (16%)         818M (10%)          76M (1%)         1326M (16%)          76M (1%)     
[368.425s][info][gc,heap     ] GC(23)      Live:         -                35M (0%)           35M (0%)           35M (0%)             -                  -          
[368.425s][info][gc,heap     ] GC(23) Allocated:         -                 4M (0%)            8M (0%)            7M (0%)             -                  -          
[368.425s][info][gc,heap     ] GC(23)   Garbage:         -              1282M (16%)         774M (9%)           32M (0%)             -                  -          
[368.425s][info][gc,heap     ] GC(23) Reclaimed:         -                  -               508M (6%)         1249M (15%)            -                  -          
[368.425s][info][gc          ] GC(23) Garbage Collection (Proactive) 1318M(16%)->76M(1%)
[370.273s][info][gc,stats    ] === Garbage Collection Statistics =======================================================================================================================
[370.273s][info][gc,stats    ]                                                              Last 10s              Last 10m              Last 10h                Total
[370.273s][info][gc,stats    ]                                                              Avg / Max             Avg / Max             Avg / Max             Avg / Max
[370.273s][info][gc,stats    ]   Collector: Garbage Collection Cycle                     55.573 / 55.573      148.320 / 369.233     148.320 / 369.233     148.320 / 369.233     ms
[370.273s][info][gc,stats    ]  Contention: Mark Segment Reset Contention                     0 / 0                 0 / 1                 0 / 1                 0 / 1           ops/s
[370.273s][info][gc,stats    ]  Contention: Mark SeqNum Reset Contention                      0 / 0                 0 / 0                 0 / 0                 0 / 0           ops/s
[370.273s][info][gc,stats    ]    Critical: Allocation Stall                                  0 / 0                 0 / 0                 0 / 0                 0 / 0           ops/s
[370.273s][info][gc,stats    ]    Critical: Allocation Stall                              0.000 / 0.000         0.000 / 0.000         0.000 / 0.000         0.000 / 0.000       ms
[370.273s][info][gc,stats    ]    Critical: GC Locker Stall                                   0 / 0                 0 / 0                 0 / 0                 0 / 0           ops/s
[370.273s][info][gc,stats    ]    Critical: GC Locker Stall                               0.000 / 0.000         0.000 / 0.000         0.000 / 0.000         0.000 / 0.000       ms
[370.273s][info][gc,stats    ]    Critical: Relocation Stall                                  0 / 0                 0 / 0                 0 / 0                 0 / 0           ops/s
[370.273s][info][gc,stats    ]    Critical: Relocation Stall                              0.000 / 0.000         0.000 / 0.000         0.000 / 0.000         0.000 / 0.000       ms
[370.273s][info][gc,stats    ]      Memory: Allocation Rate                                  98 / 164             159 / 894             159 / 894             159 / 894         MB/s
[370.273s][info][gc,stats    ]      Memory: Out Of Memory                                     0 / 0                 0 / 0                 0 / 0                 0 / 0           ops/s
[370.273s][info][gc,stats    ]      Memory: Page Cache Flush                                  0 / 0                 0 / 0                 0 / 0                 0 / 0           MB/s
[370.273s][info][gc,stats    ]      Memory: Page Cache Hit L1                                48 / 80               59 / 370              59 / 370              59 / 370         ops/s
[370.273s][info][gc,stats    ]      Memory: Page Cache Hit L2                                 0 / 0                 0 / 0                 0 / 0                 0 / 0           ops/s
[370.273s][info][gc,stats    ]      Memory: Page Cache Hit L3                                 0 / 0                 6 / 209               6 / 209               6 / 209         ops/s
[370.273s][info][gc,stats    ]      Memory: Page Cache Miss                                   0 / 0                 0 / 1                 0 / 1                 0 / 1           ops/s
[370.273s][info][gc,stats    ]      Memory: Uncommit                                          0 / 0                 0 / 0                 0 / 0                 0 / 0           MB/s
[370.273s][info][gc,stats    ]      Memory: Undo Object Allocation Failed                     0 / 0                 0 / 0                 0 / 0                 0 / 0           ops/s
[370.273s][info][gc,stats    ]      Memory: Undo Object Allocation Succeeded                  0 / 1                 0 / 3                 0 / 3                 0 / 3           ops/s
[370.273s][info][gc,stats    ]      Memory: Undo Page Allocation                              0 / 0                 0 / 1                 0 / 1                 0 / 1           ops/s
[370.273s][info][gc,stats    ]       Phase: Concurrent Mark                              31.568 / 31.568      103.638 / 269.421     103.638 / 269.421     103.638 / 269.421     ms
[370.273s][info][gc,stats    ]       Phase: Concurrent Mark Continue                      0.000 / 0.000         0.000 / 0.000         0.000 / 0.000         0.000 / 0.000       ms
[370.273s][info][gc,stats    ]       Phase: Concurrent Mark Free                          0.002 / 0.002         0.001 / 0.003         0.001 / 0.003         0.001 / 0.003       ms
[370.274s][info][gc,stats    ]       Phase: Concurrent Process Non-Strong References     14.356 / 14.356       13.248 / 15.531       13.248 / 15.531       13.248 / 15.531      ms
[370.274s][info][gc,stats    ]       Phase: Concurrent Relocate                           4.789 / 4.789        25.402 / 75.349       25.402 / 75.349       25.402 / 75.349      ms
[370.274s][info][gc,stats    ]       Phase: Concurrent Reset Relocation Set               0.058 / 0.058         0.031 / 0.092         0.031 / 0.092         0.031 / 0.092       ms
[370.274s][info][gc,stats    ]       Phase: Concurrent Select Relocation Set              3.692 / 3.692         4.983 / 11.319        4.983 / 11.319        4.983 / 11.319      ms
[370.274s][info][gc,stats    ]       Phase: Pause Mark End                                0.016 / 0.016         0.017 / 0.037         0.017 / 0.037         0.017 / 0.037       ms
[370.274s][info][gc,stats    ]       Phase: Pause Mark Start                              0.013 / 0.013         0.008 / 0.013         0.008 / 0.013         0.008 / 0.013       ms
[370.274s][info][gc,stats    ]       Phase: Pause Relocate Start                          0.008 / 0.008         0.012 / 0.020         0.012 / 0.020         0.012 / 0.020       ms
[370.274s][info][gc,stats    ]    Subphase: Concurrent Classes Purge                      0.490 / 0.490         0.424 / 0.556         0.424 / 0.556         0.424 / 0.556       ms
[370.274s][info][gc,stats    ]    Subphase: Concurrent Classes Unlink                    13.248 / 13.248       11.806 / 13.998       11.806 / 13.998       11.806 / 13.998      ms
[370.274s][info][gc,stats    ]    Subphase: Concurrent Mark                              25.723 / 29.668       99.063 / 268.470      99.063 / 268.470      99.063 / 268.470     ms
[370.274s][info][gc,stats    ]    Subphase: Concurrent Mark Try Flush                     0.067 / 0.118         0.085 / 0.347         0.085 / 0.347         0.085 / 0.347       ms
[370.274s][info][gc,stats    ]    Subphase: Concurrent Mark Try Terminate                 2.868 / 8.579         3.037 / 16.643        3.037 / 16.643        3.037 / 16.643      ms
[370.274s][info][gc,stats    ]    Subphase: Concurrent References Enqueue                 0.006 / 0.006         0.006 / 0.008         0.006 / 0.008         0.006 / 0.008       ms
[370.274s][info][gc,stats    ]    Subphase: Concurrent References Process                 0.149 / 0.149         0.367 / 0.883         0.367 / 0.883         0.367 / 0.883       ms
[370.274s][info][gc,stats    ]    Subphase: Concurrent Roots ClassLoaderDataGraph         0.118 / 0.219         0.111 / 0.477         0.111 / 0.477         0.111 / 0.477       ms
[370.274s][info][gc,stats    ]    Subphase: Concurrent Roots CodeCache                    0.000 / 0.000         0.000 / 0.000         0.000 / 0.000         0.000 / 0.000       ms
[370.274s][info][gc,stats    ]    Subphase: Concurrent Roots JavaThreads                  1.527 / 1.645         0.982 / 2.038         0.982 / 2.038         0.982 / 2.038       ms
[370.274s][info][gc,stats    ]    Subphase: Concurrent Roots OopStorageSet                0.024 / 0.027         0.026 / 0.120         0.026 / 0.120         0.026 / 0.120       ms
[370.274s][info][gc,stats    ]    Subphase: Concurrent Weak Roots OopStorageSet           0.270 / 0.283         0.468 / 1.012         0.468 / 1.012         0.468 / 1.012       ms
[370.274s][info][gc,stats    ]    Subphase: Pause Mark Try Complete                       0.000 / 0.000         0.000 / 0.000         0.000 / 0.000         0.000 / 0.000       ms
[370.274s][info][gc,stats    ]      System: Java Threads                                     30 / 31               30 / 36               30 / 36               30 / 36          threads
[370.274s][info][gc,stats    ] =========================================================================================================================================================
[380.265s][info][gc,stats    ] === Garbage Collection Statistics =======================================================================================================================
[380.266s][info][gc,stats    ]                                                              Last 10s              Last 10m              Last 10h                Total
[380.266s][info][gc,stats    ]                                                              Avg / Max             Avg / Max             Avg / Max             Avg / Max
[380.266s][info][gc,stats    ]   Collector: Garbage Collection Cycle                      0.000 / 0.000       148.320 / 369.233     148.320 / 369.233     148.320 / 369.233     ms
[380.266s][info][gc,stats    ]  Contention: Mark Segment Reset Contention                     0 / 0                 0 / 1                 0 / 1                 0 / 1           ops/s
[380.266s][info][gc,stats    ]  Contention: Mark SeqNum Reset Contention                      0 / 0                 0 / 0                 0 / 0                 0 / 0           ops/s
[380.266s][info][gc,stats    ]    Critical: Allocation Stall                                  0 / 0                 0 / 0                 0 / 0                 0 / 0           ops/s
[380.266s][info][gc,stats    ]    Critical: Allocation Stall                              0.000 / 0.000         0.000 / 0.000         0.000 / 0.000         0.000 / 0.000       ms
[380.266s][info][gc,stats    ]    Critical: GC Locker Stall                                   0 / 0                 0 / 0                 0 / 0                 0 / 0           ops/s
[380.266s][info][gc,stats    ]    Critical: GC Locker Stall                               0.000 / 0.000         0.000 / 0.000         0.000 / 0.000         0.000 / 0.000       ms
[380.266s][info][gc,stats    ]    Critical: Relocation Stall                                  0 / 0                 0 / 0                 0 / 0                 0 / 0           ops/s
[380.266s][info][gc,stats    ]    Critical: Relocation Stall                              0.000 / 0.000         0.000 / 0.000         0.000 / 0.000         0.000 / 0.000       ms
[380.266s][info][gc,stats    ]      Memory: Allocation Rate                                 448 / 888             167 / 894             167 / 894             167 / 894         MB/s
[380.266s][info][gc,stats    ]      Memory: Out Of Memory                                     0 / 0                 0 / 0                 0 / 0                 0 / 0           ops/s
[380.266s][info][gc,stats    ]      Memory: Page Cache Flush                                  0 / 0                 0 / 0                 0 / 0                 0 / 0           MB/s
[380.266s][info][gc,stats    ]      Memory: Page Cache Hit L1                               161 / 361              62 / 370              62 / 370              62 / 370         ops/s
[380.266s][info][gc,stats    ]      Memory: Page Cache Hit L2                                 0 / 0                 0 / 0                 0 / 0                 0 / 0           ops/s
[380.266s][info][gc,stats    ]      Memory: Page Cache Hit L3                                 0 / 0                 6 / 209               6 / 209               6 / 209         ops/s
[380.266s][info][gc,stats    ]      Memory: Page Cache Miss                                   0 / 0                 0 / 1                 0 / 1                 0 / 1           ops/s
[380.266s][info][gc,stats    ]      Memory: Uncommit                                          0 / 0                 0 / 0                 0 / 0                 0 / 0           MB/s
[380.266s][info][gc,stats    ]      Memory: Undo Object Allocation Failed                     0 / 0                 0 / 0                 0 / 0                 0 / 0           ops/s
[380.266s][info][gc,stats    ]      Memory: Undo Object Allocation Succeeded                  0 / 0                 0 / 3                 0 / 3                 0 / 3           ops/s
[380.266s][info][gc,stats    ]      Memory: Undo Page Allocation                              0 / 0                 0 / 1                 0 / 1                 0 / 1           ops/s
[380.266s][info][gc,stats    ]       Phase: Concurrent Mark                               0.000 / 0.000       103.638 / 269.421     103.638 / 269.421     103.638 / 269.421     ms
[380.266s][info][gc,stats    ]       Phase: Concurrent Mark Continue                      0.000 / 0.000         0.000 / 0.000         0.000 / 0.000         0.000 / 0.000       ms
[380.266s][info][gc,stats    ]       Phase: Concurrent Mark Free                          0.000 / 0.000         0.001 / 0.003         0.001 / 0.003         0.001 / 0.003       ms
[380.266s][info][gc,stats    ]       Phase: Concurrent Process Non-Strong References      0.000 / 0.000        13.248 / 15.531       13.248 / 15.531       13.248 / 15.531      ms
[380.266s][info][gc,stats    ]       Phase: Concurrent Relocate                           0.000 / 0.000        25.402 / 75.349       25.402 / 75.349       25.402 / 75.349      ms
[380.266s][info][gc,stats    ]       Phase: Concurrent Reset Relocation Set               0.000 / 0.000         0.031 / 0.092         0.031 / 0.092         0.031 / 0.092       ms
[380.266s][info][gc,stats    ]       Phase: Concurrent Select Relocation Set              0.000 / 0.000         4.983 / 11.319        4.983 / 11.319        4.983 / 11.319      ms
[380.266s][info][gc,stats    ]       Phase: Pause Mark End                                0.000 / 0.000         0.017 / 0.037         0.017 / 0.037         0.017 / 0.037       ms
[380.266s][info][gc,stats    ]       Phase: Pause Mark Start                              0.000 / 0.000         0.008 / 0.013         0.008 / 0.013         0.008 / 0.013       ms
[380.266s][info][gc,stats    ]       Phase: Pause Relocate Start                          0.000 / 0.000         0.012 / 0.020         0.012 / 0.020         0.012 / 0.020       ms
[380.266s][info][gc,stats    ]    Subphase: Concurrent Classes Purge                      0.000 / 0.000         0.424 / 0.556         0.424 / 0.556         0.424 / 0.556       ms
[380.266s][info][gc,stats    ]    Subphase: Concurrent Classes Unlink                     0.000 / 0.000        11.806 / 13.998       11.806 / 13.998       11.806 / 13.998      ms
[380.266s][info][gc,stats    ]    Subphase: Concurrent Mark                               0.000 / 0.000        99.063 / 268.470      99.063 / 268.470      99.063 / 268.470     ms
[380.266s][info][gc,stats    ]    Subphase: Concurrent Mark Try Flush                     0.000 / 0.000         0.085 / 0.347         0.085 / 0.347         0.085 / 0.347       ms
[380.266s][info][gc,stats    ]    Subphase: Concurrent Mark Try Terminate                 0.000 / 0.000         3.037 / 16.643        3.037 / 16.643        3.037 / 16.643      ms
[380.266s][info][gc,stats    ]    Subphase: Concurrent References Enqueue                 0.000 / 0.000         0.006 / 0.008         0.006 / 0.008         0.006 / 0.008       ms
[380.266s][info][gc,stats    ]    Subphase: Concurrent References Process                 0.000 / 0.000         0.367 / 0.883         0.367 / 0.883         0.367 / 0.883       ms
[380.266s][info][gc,stats    ]    Subphase: Concurrent Roots ClassLoaderDataGraph         0.000 / 0.000         0.111 / 0.477         0.111 / 0.477         0.111 / 0.477       ms
[380.266s][info][gc,stats    ]    Subphase: Concurrent Roots CodeCache                    0.000 / 0.000         0.000 / 0.000         0.000 / 0.000         0.000 / 0.000       ms
[380.266s][info][gc,stats    ]    Subphase: Concurrent Roots JavaThreads                  0.000 / 0.000         0.982 / 2.038         0.982 / 2.038         0.982 / 2.038       ms
[380.266s][info][gc,stats    ]    Subphase: Concurrent Roots OopStorageSet                0.000 / 0.000         0.026 / 0.120         0.026 / 0.120         0.026 / 0.120       ms
[380.266s][info][gc,stats    ]    Subphase: Concurrent Weak Roots OopStorageSet           0.000 / 0.000         0.468 / 1.012         0.468 / 1.012         0.468 / 1.012       ms
[380.266s][info][gc,stats    ]    Subphase: Pause Mark Try Complete                       0.000 / 0.000         0.000 / 0.000         0.000 / 0.000         0.000 / 0.000       ms
[380.266s][info][gc,stats    ]      System: Java Threads                                      0 / 0                30 / 36               30 / 36               30 / 36          threads
[380.266s][info][gc,stats    ] =========================================================================================================================================================
[382.830s][info][gc,start    ] GC(24) Garbage Collection (System.gc())
[382.831s][info][gc,task     ] GC(24) Using 2 workers
[382.831s][info][gc,phases   ] GC(24) Pause Mark Start 0.007ms
[383.013s][info][gc,phases   ] GC(24) Concurrent Mark 181.986ms
[383.013s][info][gc,phases   ] GC(24) Pause Mark End 0.029ms
[383.013s][info][gc,phases   ] GC(24) Concurrent Mark Free 0.002ms
[383.029s][info][gc,phases   ] GC(24) Concurrent Process Non-Strong References 15.445ms
[383.029s][info][gc,phases   ] GC(24) Concurrent Reset Relocation Set 0.025ms
[383.036s][info][gc,phases   ] GC(24) Concurrent Select Relocation Set 7.498ms
[383.036s][info][gc,phases   ] GC(24) Pause Relocate Start 0.013ms
[383.094s][info][gc,phases   ] GC(24) Concurrent Relocate 57.225ms
[383.094s][info][gc,load     ] GC(24) Load: 0.00/0.00/0.00
[383.094s][info][gc,mmu      ] GC(24) MMU: 2ms/98.1%, 5ms/99.3%, 10ms/99.4%, 20ms/99.7%, 50ms/99.9%, 100ms/99.9%
[383.094s][info][gc,marking  ] GC(24) Mark: 2 stripe(s), 3 proactive flush(es), 1 terminate flush(es), 0 completion(s), 0 continuation(s) 
[383.094s][info][gc,marking  ] GC(24) Mark Stack Usage: 32M
[383.094s][info][gc,nmethod  ] GC(24) NMethods: 13682 registered, 3592 unregistered
[383.094s][info][gc,metaspace] GC(24) Metaspace: 41M used, 42M committed, 1088M reserved
[383.094s][info][gc,ref      ] GC(24) Soft: 3862 encountered, 0 discovered, 0 enqueued
[383.094s][info][gc,ref      ] GC(24) Weak: 8941 encountered, 8570 discovered, 7446 enqueued
[383.094s][info][gc,ref      ] GC(24) Final: 3 encountered, 3 discovered, 0 enqueued
[383.094s][info][gc,ref      ] GC(24) Phantom: 173 encountered, 120 discovered, 0 enqueued
[383.094s][info][gc,reloc    ] GC(24) Small Pages: 2186 / 4372M, Empty: 2432M, Relocated: 109M, In-Place: 0
[383.094s][info][gc,reloc    ] GC(24) Medium Pages: 45 / 1440M, Empty: 1344M, Relocated: 10M, In-Place: 0
[383.094s][info][gc,reloc    ] GC(24) Large Pages: 2 / 18M, Empty: 0M, Relocated: 0M, In-Place: 0
[383.094s][info][gc,reloc    ] GC(24) Forwarding Usage: 27M
[383.094s][info][gc,heap     ] GC(24) Min Capacity: 8192M(100%)
[383.094s][info][gc,heap     ] GC(24) Max Capacity: 8192M(100%)
[383.094s][info][gc,heap     ] GC(24) Soft Max Capacity: 8192M(100%)
[383.094s][info][gc,heap     ] GC(24)                Mark Start          Mark End        Relocate Start      Relocate End           High               Low         
[383.094s][info][gc,heap     ] GC(24)  Capacity:     8192M (100%)       8192M (100%)       8192M (100%)       8192M (100%)       8192M (100%)       8192M (100%)   
[383.094s][info][gc,heap     ] GC(24)      Free:     2362M (29%)        2358M (29%)        6134M (75%)        8010M (98%)        8010M (98%)        2358M (29%)    
[383.094s][info][gc,heap     ] GC(24)      Used:     5830M (71%)        5834M (71%)        2058M (25%)         182M (2%)         5834M (71%)         182M (2%)     
[383.094s][info][gc,heap     ] GC(24)      Live:         -               152M (2%)          152M (2%)          152M (2%)             -                  -          
[383.094s][info][gc,heap     ] GC(24) Allocated:         -                 4M (0%)            4M (0%)            4M (0%)             -                  -          
[383.094s][info][gc,heap     ] GC(24)   Garbage:         -              5677M (69%)        1901M (23%)          25M (0%)             -                  -          
[383.094s][info][gc,heap     ] GC(24) Reclaimed:         -                  -              3776M (46%)        5652M (69%)            -                  -          
[383.094s][info][gc          ] GC(24) Garbage Collection (System.gc()) 5830M(71%)->182M(2%)
[390.281s][info][gc,stats    ] === Garbage Collection Statistics =======================================================================================================================
[390.281s][info][gc,stats    ]                                                              Last 10s              Last 10m              Last 10h                Total
[390.281s][info][gc,stats    ]                                                              Avg / Max             Avg / Max             Avg / Max             Avg / Max
[390.281s][info][gc,stats    ]   Collector: Garbage Collection Cycle                    263.266 / 263.266     152.918 / 369.233     152.918 / 369.233     152.918 / 369.233     ms
[390.281s][info][gc,stats    ]  Contention: Mark Segment Reset Contention                     0 / 0                 0 / 1                 0 / 1                 0 / 1           ops/s
[390.281s][info][gc,stats    ]  Contention: Mark SeqNum Reset Contention                      0 / 0                 0 / 0                 0 / 0                 0 / 0           ops/s
[390.281s][info][gc,stats    ]    Critical: Allocation Stall                                  0 / 0                 0 / 0                 0 / 0                 0 / 0           ops/s
[390.281s][info][gc,stats    ]    Critical: Allocation Stall                              0.000 / 0.000         0.000 / 0.000         0.000 / 0.000         0.000 / 0.000       ms
[390.281s][info][gc,stats    ]    Critical: GC Locker Stall                                   0 / 0                 0 / 0                 0 / 0                 0 / 0           ops/s
[390.281s][info][gc,stats    ]    Critical: GC Locker Stall                               0.000 / 0.000         0.000 / 0.000         0.000 / 0.000         0.000 / 0.000       ms
[390.281s][info][gc,stats    ]    Critical: Relocation Stall                                  0 / 0                 0 / 0                 0 / 0                 0 / 0           ops/s
[390.281s][info][gc,stats    ]    Critical: Relocation Stall                              0.000 / 0.000         0.000 / 0.000         0.000 / 0.000         0.000 / 0.000       ms
[390.281s][info][gc,stats    ]      Memory: Allocation Rate                                 125 / 478             166 / 894             166 / 894             166 / 894         MB/s
[390.281s][info][gc,stats    ]      Memory: Out Of Memory                                     0 / 0                 0 / 0                 0 / 0                 0 / 0           ops/s
[390.281s][info][gc,stats    ]      Memory: Page Cache Flush                                  0 / 0                 0 / 0                 0 / 0                 0 / 0           MB/s
[390.281s][info][gc,stats    ]      Memory: Page Cache Hit L1                                64 / 229              62 / 370              62 / 370              62 / 370         ops/s
[390.281s][info][gc,stats    ]      Memory: Page Cache Hit L2                                 0 / 0                 0 / 0                 0 / 0                 0 / 0           ops/s
[390.281s][info][gc,stats    ]      Memory: Page Cache Hit L3                                 0 / 0                 6 / 209               6 / 209               6 / 209         ops/s
[390.281s][info][gc,stats    ]      Memory: Page Cache Miss                                   0 / 0                 0 / 1                 0 / 1                 0 / 1           ops/s
[390.281s][info][gc,stats    ]      Memory: Uncommit                                          0 / 0                 0 / 0                 0 / 0                 0 / 0           MB/s
[390.281s][info][gc,stats    ]      Memory: Undo Object Allocation Failed                     0 / 0                 0 / 0                 0 / 0                 0 / 0           ops/s
[390.281s][info][gc,stats    ]      Memory: Undo Object Allocation Succeeded                  0 / 0                 0 / 3                 0 / 3                 0 / 3           ops/s
[390.281s][info][gc,stats    ]      Memory: Undo Page Allocation                              0 / 0                 0 / 1                 0 / 1                 0 / 1           ops/s
[390.281s][info][gc,stats    ]       Phase: Concurrent Mark                             181.986 / 181.986     106.772 / 269.421     106.772 / 269.421     106.772 / 269.421     ms
[390.281s][info][gc,stats    ]       Phase: Concurrent Mark Continue                      0.000 / 0.000         0.000 / 0.000         0.000 / 0.000         0.000 / 0.000       ms
[390.281s][info][gc,stats    ]       Phase: Concurrent Mark Free                          0.002 / 0.002         0.001 / 0.003         0.001 / 0.003         0.001 / 0.003       ms
[390.281s][info][gc,stats    ]       Phase: Concurrent Process Non-Strong References     15.445 / 15.445       13.336 / 15.531       13.336 / 15.531       13.336 / 15.531      ms
[390.281s][info][gc,stats    ]       Phase: Concurrent Relocate                          57.225 / 57.225       26.675 / 75.349       26.675 / 75.349       26.675 / 75.349      ms
[390.281s][info][gc,stats    ]       Phase: Concurrent Reset Relocation Set               0.025 / 0.025         0.030 / 0.092         0.030 / 0.092         0.030 / 0.092       ms
[390.281s][info][gc,stats    ]       Phase: Concurrent Select Relocation Set              7.498 / 7.498         5.083 / 11.319        5.083 / 11.319        5.083 / 11.319      ms
[390.281s][info][gc,stats    ]       Phase: Pause Mark End                                0.029 / 0.029         0.017 / 0.037         0.017 / 0.037         0.017 / 0.037       ms
[390.281s][info][gc,stats    ]       Phase: Pause Mark Start                              0.007 / 0.007         0.008 / 0.013         0.008 / 0.013         0.008 / 0.013       ms
[390.281s][info][gc,stats    ]       Phase: Pause Relocate Start                          0.013 / 0.013         0.012 / 0.020         0.012 / 0.020         0.012 / 0.020       ms
[390.281s][info][gc,stats    ]    Subphase: Concurrent Classes Purge                      0.485 / 0.485         0.426 / 0.556         0.426 / 0.556         0.426 / 0.556       ms
[390.281s][info][gc,stats    ]    Subphase: Concurrent Classes Unlink                    13.151 / 13.151       11.860 / 13.998       11.860 / 13.998       11.860 / 13.998      ms
[390.281s][info][gc,stats    ]    Subphase: Concurrent Mark                             173.336 / 181.151     102.034 / 268.470     102.034 / 268.470     102.034 / 268.470     ms
[390.281s][info][gc,stats    ]    Subphase: Concurrent Mark Try Flush                     0.190 / 0.359         0.091 / 0.359         0.091 / 0.359         0.091 / 0.359       ms
[390.281s][info][gc,stats    ]    Subphase: Concurrent Mark Try Terminate                 8.071 / 16.381        3.282 / 16.643        3.282 / 16.643        3.282 / 16.643      ms
[390.281s][info][gc,stats    ]    Subphase: Concurrent References Enqueue                 0.008 / 0.008         0.006 / 0.008         0.006 / 0.008         0.006 / 0.008       ms
[390.281s][info][gc,stats    ]    Subphase: Concurrent References Process                 1.076 / 1.076         0.395 / 1.076         0.395 / 1.076         0.395 / 1.076       ms
[390.281s][info][gc,stats    ]    Subphase: Concurrent Roots ClassLoaderDataGraph         0.055 / 0.106         0.109 / 0.477         0.109 / 0.477         0.109 / 0.477       ms
[390.281s][info][gc,stats    ]    Subphase: Concurrent Roots CodeCache                    0.000 / 0.000         0.000 / 0.000         0.000 / 0.000         0.000 / 0.000       ms
[390.281s][info][gc,stats    ]    Subphase: Concurrent Roots JavaThreads                  0.541 / 0.565         0.964 / 2.038         0.964 / 2.038         0.964 / 2.038       ms
[390.281s][info][gc,stats    ]    Subphase: Concurrent Roots OopStorageSet                0.015 / 0.016         0.025 / 0.120         0.025 / 0.120         0.025 / 0.120       ms
[390.281s][info][gc,stats    ]    Subphase: Concurrent Weak Roots OopStorageSet           0.491 / 0.495         0.469 / 1.012         0.469 / 1.012         0.469 / 1.012       ms
[390.281s][info][gc,stats    ]    Subphase: Pause Mark Try Complete                       0.000 / 0.000         0.000 / 0.000         0.000 / 0.000         0.000 / 0.000       ms
[390.281s][info][gc,stats    ]      System: Java Threads                                     30 / 30               30 / 36               30 / 36               30 / 36          threads
[390.281s][info][gc,stats    ] =========================================================================================================================================================
[400.269s][info][gc,stats    ] === Garbage Collection Statistics =======================================================================================================================
[400.269s][info][gc,stats    ]                                                              Last 10s              Last 10m              Last 10h                Total
[400.269s][info][gc,stats    ]                                                              Avg / Max             Avg / Max             Avg / Max             Avg / Max
[400.269s][info][gc,stats    ]   Collector: Garbage Collection Cycle                      0.000 / 0.000       152.918 / 369.233     152.918 / 369.233     152.918 / 369.233     ms
[400.269s][info][gc,stats    ]  Contention: Mark Segment Reset Contention                     0 / 0                 0 / 1                 0 / 1                 0 / 1           ops/s
[400.269s][info][gc,stats    ]  Contention: Mark SeqNum Reset Contention                      0 / 0                 0 / 0                 0 / 0                 0 / 0           ops/s
[400.269s][info][gc,stats    ]    Critical: Allocation Stall                                  0 / 0                 0 / 0                 0 / 0                 0 / 0           ops/s
[400.269s][info][gc,stats    ]    Critical: Allocation Stall                              0.000 / 0.000         0.000 / 0.000         0.000 / 0.000         0.000 / 0.000       ms
[400.270s][info][gc,stats    ]    Critical: GC Locker Stall                                   0 / 0                 0 / 0                 0 / 0                 0 / 0           ops/s
[400.270s][info][gc,stats    ]    Critical: GC Locker Stall                               0.000 / 0.000         0.000 / 0.000         0.000 / 0.000         0.000 / 0.000       ms
[400.270s][info][gc,stats    ]    Critical: Relocation Stall                                  0 / 0                 0 / 0                 0 / 0                 0 / 0           ops/s
[400.270s][info][gc,stats    ]    Critical: Relocation Stall                              0.000 / 0.000         0.000 / 0.000         0.000 / 0.000         0.000 / 0.000       ms
[400.270s][info][gc,stats    ]      Memory: Allocation Rate                                  18 / 24              162 / 894             162 / 894             162 / 894         MB/s
[400.270s][info][gc,stats    ]      Memory: Out Of Memory                                     0 / 0                 0 / 0                 0 / 0                 0 / 0           ops/s
[400.270s][info][gc,stats    ]      Memory: Page Cache Flush                                  0 / 0                 0 / 0                 0 / 0                 0 / 0           MB/s
[400.270s][info][gc,stats    ]      Memory: Page Cache Hit L1                                 9 / 12               61 / 370              61 / 370              61 / 370         ops/s
[400.270s][info][gc,stats    ]      Memory: Page Cache Hit L2                                 0 / 0                 0 / 0                 0 / 0                 0 / 0           ops/s
[400.270s][info][gc,stats    ]      Memory: Page Cache Hit L3                                 0 / 0                 5 / 209               5 / 209               5 / 209         ops/s
[400.270s][info][gc,stats    ]      Memory: Page Cache Miss                                   0 / 0                 0 / 1                 0 / 1                 0 / 1           ops/s
[400.270s][info][gc,stats    ]      Memory: Uncommit                                          0 / 0                 0 / 0                 0 / 0                 0 / 0           MB/s
[400.270s][info][gc,stats    ]      Memory: Undo Object Allocation Failed                     0 / 0                 0 / 0                 0 / 0                 0 / 0           ops/s
[400.270s][info][gc,stats    ]      Memory: Undo Object Allocation Succeeded                  0 / 0                 0 / 3                 0 / 3                 0 / 3           ops/s
[400.270s][info][gc,stats    ]      Memory: Undo Page Allocation                              0 / 0                 0 / 1                 0 / 1                 0 / 1           ops/s
[400.270s][info][gc,stats    ]       Phase: Concurrent Mark                               0.000 / 0.000       106.772 / 269.421     106.772 / 269.421     106.772 / 269.421     ms
[400.270s][info][gc,stats    ]       Phase: Concurrent Mark Continue                      0.000 / 0.000         0.000 / 0.000         0.000 / 0.000         0.000 / 0.000       ms
[400.270s][info][gc,stats    ]       Phase: Concurrent Mark Free                          0.000 / 0.000         0.001 / 0.003         0.001 / 0.003         0.001 / 0.003       ms
[400.270s][info][gc,stats    ]       Phase: Concurrent Process Non-Strong References      0.000 / 0.000        13.336 / 15.531       13.336 / 15.531       13.336 / 15.531      ms
[400.270s][info][gc,stats    ]       Phase: Concurrent Relocate                           0.000 / 0.000        26.675 / 75.349       26.675 / 75.349       26.675 / 75.349      ms
[400.270s][info][gc,stats    ]       Phase: Concurrent Reset Relocation Set               0.000 / 0.000         0.030 / 0.092         0.030 / 0.092         0.030 / 0.092       ms
[400.270s][info][gc,stats    ]       Phase: Concurrent Select Relocation Set              0.000 / 0.000         5.083 / 11.319        5.083 / 11.319        5.083 / 11.319      ms
[400.270s][info][gc,stats    ]       Phase: Pause Mark End                                0.000 / 0.000         0.017 / 0.037         0.017 / 0.037         0.017 / 0.037       ms
[400.270s][info][gc,stats    ]       Phase: Pause Mark Start                              0.000 / 0.000         0.008 / 0.013         0.008 / 0.013         0.008 / 0.013       ms
[400.270s][info][gc,stats    ]       Phase: Pause Relocate Start                          0.000 / 0.000         0.012 / 0.020         0.012 / 0.020         0.012 / 0.020       ms
[400.270s][info][gc,stats    ]    Subphase: Concurrent Classes Purge                      0.000 / 0.000         0.426 / 0.556         0.426 / 0.556         0.426 / 0.556       ms
[400.270s][info][gc,stats    ]    Subphase: Concurrent Classes Unlink                     0.000 / 0.000        11.860 / 13.998       11.860 / 13.998       11.860 / 13.998      ms
[400.270s][info][gc,stats    ]    Subphase: Concurrent Mark                               0.000 / 0.000       102.034 / 268.470     102.034 / 268.470     102.034 / 268.470     ms
[400.270s][info][gc,stats    ]    Subphase: Concurrent Mark Try Flush                     0.000 / 0.000         0.091 / 0.359         0.091 / 0.359         0.091 / 0.359       ms
[400.270s][info][gc,stats    ]    Subphase: Concurrent Mark Try Terminate                 0.000 / 0.000         3.282 / 16.643        3.282 / 16.643        3.282 / 16.643      ms
[400.270s][info][gc,stats    ]    Subphase: Concurrent References Enqueue                 0.000 / 0.000         0.006 / 0.008         0.006 / 0.008         0.006 / 0.008       ms
[400.270s][info][gc,stats    ]    Subphase: Concurrent References Process                 0.000 / 0.000         0.395 / 1.076         0.395 / 1.076         0.395 / 1.076       ms
[400.270s][info][gc,stats    ]    Subphase: Concurrent Roots ClassLoaderDataGraph         0.000 / 0.000         0.109 / 0.477         0.109 / 0.477         0.109 / 0.477       ms
[400.270s][info][gc,stats    ]    Subphase: Concurrent Roots CodeCache                    0.000 / 0.000         0.000 / 0.000         0.000 / 0.000         0.000 / 0.000       ms
[400.270s][info][gc,stats    ]    Subphase: Concurrent Roots JavaThreads                  0.000 / 0.000         0.964 / 2.038         0.964 / 2.038         0.964 / 2.038       ms
[400.270s][info][gc,stats    ]    Subphase: Concurrent Roots OopStorageSet                0.000 / 0.000         0.025 / 0.120         0.025 / 0.120         0.025 / 0.120       ms
[400.270s][info][gc,stats    ]    Subphase: Concurrent Weak Roots OopStorageSet           0.000 / 0.000         0.469 / 1.012         0.469 / 1.012         0.469 / 1.012       ms
[400.270s][info][gc,stats    ]    Subphase: Pause Mark Try Complete                       0.000 / 0.000         0.000 / 0.000         0.000 / 0.000         0.000 / 0.000       ms
[400.270s][info][gc,stats    ]      System: Java Threads                                      0 / 0                30 / 36               30 / 36               30 / 36          threads
[400.270s][info][gc,stats    ] =========================================================================================================================================================
[408.069s][info][gc,start    ] GC(25) Garbage Collection (Proactive)
[408.069s][info][gc,task     ] GC(25) Using 2 workers
[408.069s][info][gc,phases   ] GC(25) Pause Mark Start 0.012ms
[408.104s][info][gc,phases   ] GC(25) Concurrent Mark 34.698ms
[408.104s][info][gc,phases   ] GC(25) Pause Mark End 0.017ms
[408.104s][info][gc,phases   ] GC(25) Concurrent Mark Free 0.001ms
[408.119s][info][gc,phases   ] GC(25) Concurrent Process Non-Strong References 15.337ms
[408.119s][info][gc,phases   ] GC(25) Concurrent Reset Relocation Set 0.065ms
[408.123s][info][gc,phases   ] GC(25) Concurrent Select Relocation Set 3.381ms
[408.123s][info][gc,phases   ] GC(25) Pause Relocate Start 0.010ms
[408.128s][info][gc,phases   ] GC(25) Concurrent Relocate 5.328ms
[408.128s][info][gc,load     ] GC(25) Load: 0.00/0.00/0.00
[408.128s][info][gc,mmu      ] GC(25) MMU: 2ms/98.1%, 5ms/99.3%, 10ms/99.4%, 20ms/99.7%, 50ms/99.9%, 100ms/99.9%
[408.128s][info][gc,marking  ] GC(25) Mark: 2 stripe(s), 3 proactive flush(es), 1 terminate flush(es), 0 completion(s), 0 continuation(s) 
[408.128s][info][gc,marking  ] GC(25) Mark Stack Usage: 32M
[408.128s][info][gc,nmethod  ] GC(25) NMethods: 13723 registered, 3592 unregistered
[408.129s][info][gc,metaspace] GC(25) Metaspace: 41M used, 42M committed, 1088M reserved
[408.129s][info][gc,ref      ] GC(25) Soft: 3862 encountered, 0 discovered, 0 enqueued
[408.129s][info][gc,ref      ] GC(25) Weak: 1573 encountered, 1177 discovered, 104 enqueued
[408.129s][info][gc,ref      ] GC(25) Final: 3 encountered, 1 discovered, 0 enqueued
[408.129s][info][gc,ref      ] GC(25) Phantom: 176 encountered, 134 discovered, 0 enqueued
[408.129s][info][gc,reloc    ] GC(25) Small Pages: 590 / 1180M, Empty: 490M, Relocated: 8M, In-Place: 0
[408.129s][info][gc,reloc    ] GC(25) Medium Pages: 2 / 64M, Empty: 0M, Relocated: 2M, In-Place: 0
[408.129s][info][gc,reloc    ] GC(25) Large Pages: 2 / 18M, Empty: 8M, Relocated: 0M, In-Place: 0
[408.129s][info][gc,reloc    ] GC(25) Forwarding Usage: 2M
[408.129s][info][gc,heap     ] GC(25) Min Capacity: 8192M(100%)
[408.129s][info][gc,heap     ] GC(25) Max Capacity: 8192M(100%)
[408.129s][info][gc,heap     ] GC(25) Soft Max Capacity: 8192M(100%)
[408.129s][info][gc,heap     ] GC(25)                Mark Start          Mark End        Relocate Start      Relocate End           High               Low         
[408.129s][info][gc,heap     ] GC(25)  Capacity:     8192M (100%)       8192M (100%)       8192M (100%)       8192M (100%)       8192M (100%)       8192M (100%)   
[408.129s][info][gc,heap     ] GC(25)      Free:     6930M (85%)        6926M (85%)        7424M (91%)        8118M (99%)        8118M (99%)        6926M (85%)    
[408.129s][info][gc,heap     ] GC(25)      Used:     1262M (15%)        1266M (15%)         768M (9%)           74M (1%)         1266M (15%)          74M (1%)     
[408.129s][info][gc,heap     ] GC(25)      Live:         -                35M (0%)           35M (0%)           35M (0%)             -                  -          
[408.129s][info][gc,heap     ] GC(25) Allocated:         -                 4M (0%)            4M (0%)            3M (0%)             -                  -          
[408.129s][info][gc,heap     ] GC(25)   Garbage:         -              1226M (15%)         728M (9%)           34M (0%)             -                  -          
[408.129s][info][gc,heap     ] GC(25) Reclaimed:         -                  -               498M (6%)         1191M (15%)            -                  -          
[408.129s][info][gc          ] GC(25) Garbage Collection (Proactive) 1262M(15%)->74M(1%)
[410.270s][info][gc,stats    ] === Garbage Collection Statistics =======================================================================================================================
[410.271s][info][gc,stats    ]                                                              Last 10s              Last 10m              Last 10h                Total
[410.271s][info][gc,stats    ]                                                              Avg / Max             Avg / Max             Avg / Max             Avg / Max
[410.271s][info][gc,stats    ]   Collector: Garbage Collection Cycle                     59.798 / 59.798      149.336 / 369.233     149.336 / 369.233     149.336 / 369.233     ms
[410.271s][info][gc,stats    ]  Contention: Mark Segment Reset Contention                     0 / 1                 0 / 1                 0 / 1                 0 / 1           ops/s
[410.271s][info][gc,stats    ]  Contention: Mark SeqNum Reset Contention                      0 / 0                 0 / 0                 0 / 0                 0 / 0           ops/s
[410.271s][info][gc,stats    ]    Critical: Allocation Stall                                  0 / 0                 0 / 0                 0 / 0                 0 / 0           ops/s
[410.271s][info][gc,stats    ]    Critical: Allocation Stall                              0.000 / 0.000         0.000 / 0.000         0.000 / 0.000         0.000 / 0.000       ms
[410.271s][info][gc,stats    ]    Critical: GC Locker Stall                                   0 / 0                 0 / 0                 0 / 0                 0 / 0           ops/s
[410.271s][info][gc,stats    ]    Critical: GC Locker Stall                               0.000 / 0.000         0.000 / 0.000         0.000 / 0.000         0.000 / 0.000       ms
[410.271s][info][gc,stats    ]    Critical: Relocation Stall                                  0 / 0                 0 / 0                 0 / 0                 0 / 0           ops/s
[410.271s][info][gc,stats    ]    Critical: Relocation Stall                              0.000 / 0.000         0.000 / 0.000         0.000 / 0.000         0.000 / 0.000       ms
[410.271s][info][gc,stats    ]      Memory: Allocation Rate                                  94 / 170             160 / 894             160 / 894             160 / 894         MB/s
[410.271s][info][gc,stats    ]      Memory: Out Of Memory                                     0 / 0                 0 / 0                 0 / 0                 0 / 0           ops/s
[410.271s][info][gc,stats    ]      Memory: Page Cache Flush                                  0 / 0                 0 / 0                 0 / 0                 0 / 0           MB/s
[410.271s][info][gc,stats    ]      Memory: Page Cache Hit L1                                46 / 85               60 / 370              60 / 370              60 / 370         ops/s
[410.271s][info][gc,stats    ]      Memory: Page Cache Hit L2                                 0 / 0                 0 / 0                 0 / 0                 0 / 0           ops/s
[410.271s][info][gc,stats    ]      Memory: Page Cache Hit L3                                 0 / 0                 5 / 209               5 / 209               5 / 209         ops/s
[410.271s][info][gc,stats    ]      Memory: Page Cache Miss                                   0 / 0                 0 / 1                 0 / 1                 0 / 1           ops/s
[410.271s][info][gc,stats    ]      Memory: Uncommit                                          0 / 0                 0 / 0                 0 / 0                 0 / 0           MB/s
[410.271s][info][gc,stats    ]      Memory: Undo Object Allocation Failed                     0 / 0                 0 / 0                 0 / 0                 0 / 0           ops/s
[410.271s][info][gc,stats    ]      Memory: Undo Object Allocation Succeeded                  0 / 0                 0 / 3                 0 / 3                 0 / 3           ops/s
[410.271s][info][gc,stats    ]      Memory: Undo Page Allocation                              0 / 0                 0 / 1                 0 / 1                 0 / 1           ops/s
[410.271s][info][gc,stats    ]       Phase: Concurrent Mark                              34.698 / 34.698      104.000 / 269.421     104.000 / 269.421     104.000 / 269.421     ms
[410.271s][info][gc,stats    ]       Phase: Concurrent Mark Continue                      0.000 / 0.000         0.000 / 0.000         0.000 / 0.000         0.000 / 0.000       ms
[410.271s][info][gc,stats    ]       Phase: Concurrent Mark Free                          0.001 / 0.001         0.001 / 0.003         0.001 / 0.003         0.001 / 0.003       ms
[410.271s][info][gc,stats    ]       Phase: Concurrent Process Non-Strong References     15.337 / 15.337       13.413 / 15.531       13.413 / 15.531       13.413 / 15.531      ms
[410.271s][info][gc,stats    ]       Phase: Concurrent Relocate                           5.328 / 5.328        25.854 / 75.349       25.854 / 75.349       25.854 / 75.349      ms
[410.271s][info][gc,stats    ]       Phase: Concurrent Reset Relocation Set               0.065 / 0.065         0.032 / 0.092         0.032 / 0.092         0.032 / 0.092       ms
[410.271s][info][gc,stats    ]       Phase: Concurrent Select Relocation Set              3.381 / 3.381         5.018 / 11.319        5.018 / 11.319        5.018 / 11.319      ms
[410.271s][info][gc,stats    ]       Phase: Pause Mark End                                0.017 / 0.017         0.017 / 0.037         0.017 / 0.037         0.017 / 0.037       ms
[410.271s][info][gc,stats    ]       Phase: Pause Mark Start                              0.012 / 0.012         0.008 / 0.013         0.008 / 0.013         0.008 / 0.013       ms
[410.271s][info][gc,stats    ]       Phase: Pause Relocate Start                          0.010 / 0.010         0.012 / 0.020         0.012 / 0.020         0.012 / 0.020       ms
[410.271s][info][gc,stats    ]    Subphase: Concurrent Classes Purge                      0.462 / 0.462         0.428 / 0.556         0.428 / 0.556         0.428 / 0.556       ms
[410.271s][info][gc,stats    ]    Subphase: Concurrent Classes Unlink                    14.318 / 14.318       11.955 / 14.318       11.955 / 14.318       11.955 / 14.318      ms
[410.271s][info][gc,stats    ]    Subphase: Concurrent Mark                              28.659 / 33.514       99.212 / 268.470      99.212 / 268.470      99.212 / 268.470     ms
[410.271s][info][gc,stats    ]    Subphase: Concurrent Mark Try Flush                     0.083 / 0.120         0.090 / 0.359         0.090 / 0.359         0.090 / 0.359       ms
[410.271s][info][gc,stats    ]    Subphase: Concurrent Mark Try Terminate                 4.367 / 13.073        3.321 / 16.643        3.321 / 16.643        3.321 / 16.643      ms
[410.271s][info][gc,stats    ]    Subphase: Concurrent References Enqueue                 0.005 / 0.005         0.006 / 0.008         0.006 / 0.008         0.006 / 0.008       ms
[410.271s][info][gc,stats    ]    Subphase: Concurrent References Process                 0.147 / 0.147         0.386 / 1.076         0.386 / 1.076         0.386 / 1.076       ms
[410.271s][info][gc,stats    ]    Subphase: Concurrent Roots ClassLoaderDataGraph         0.108 / 0.198         0.109 / 0.477         0.109 / 0.477         0.109 / 0.477       ms
[410.271s][info][gc,stats    ]    Subphase: Concurrent Roots CodeCache                    0.000 / 0.000         0.000 / 0.000         0.000 / 0.000         0.000 / 0.000       ms
[410.271s][info][gc,stats    ]    Subphase: Concurrent Roots JavaThreads                  0.875 / 0.993         0.961 / 2.038         0.961 / 2.038         0.961 / 2.038       ms
[410.271s][info][gc,stats    ]    Subphase: Concurrent Roots OopStorageSet                0.027 / 0.034         0.025 / 0.120         0.025 / 0.120         0.025 / 0.120       ms
[410.271s][info][gc,stats    ]    Subphase: Concurrent Weak Roots OopStorageSet           0.269 / 0.271         0.462 / 1.012         0.462 / 1.012         0.462 / 1.012       ms
[410.271s][info][gc,stats    ]    Subphase: Pause Mark Try Complete                       0.000 / 0.000         0.000 / 0.000         0.000 / 0.000         0.000 / 0.000       ms
[410.271s][info][gc,stats    ]      System: Java Threads                                     30 / 31               30 / 36               30 / 36               30 / 36          threads
[410.271s][info][gc,stats    ] =========================================================================================================================================================
[420.270s][info][gc,stats    ] === Garbage Collection Statistics =======================================================================================================================
[420.270s][info][gc,stats    ]                                                              Last 10s              Last 10m              Last 10h                Total
[420.270s][info][gc,stats    ]                                                              Avg / Max             Avg / Max             Avg / Max             Avg / Max
[420.270s][info][gc,stats    ]   Collector: Garbage Collection Cycle                      0.000 / 0.000       149.336 / 369.233     149.336 / 369.233     149.336 / 369.233     ms
[420.270s][info][gc,stats    ]  Contention: Mark Segment Reset Contention                     0 / 0                 0 / 1                 0 / 1                 0 / 1           ops/s
[420.270s][info][gc,stats    ]  Contention: Mark SeqNum Reset Contention                      0 / 0                 0 / 0                 0 / 0                 0 / 0           ops/s
[420.270s][info][gc,stats    ]    Critical: Allocation Stall                                  0 / 0                 0 / 0                 0 / 0                 0 / 0           ops/s
[420.270s][info][gc,stats    ]    Critical: Allocation Stall                              0.000 / 0.000         0.000 / 0.000         0.000 / 0.000         0.000 / 0.000       ms
[420.270s][info][gc,stats    ]    Critical: GC Locker Stall                                   0 / 0                 0 / 0                 0 / 0                 0 / 0           ops/s
[420.270s][info][gc,stats    ]    Critical: GC Locker Stall                               0.000 / 0.000         0.000 / 0.000         0.000 / 0.000         0.000 / 0.000       ms
[420.270s][info][gc,stats    ]    Critical: Relocation Stall                                  0 / 0                 0 / 0                 0 / 0                 0 / 0           ops/s
[420.270s][info][gc,stats    ]    Critical: Relocation Stall                              0.000 / 0.000         0.000 / 0.000         0.000 / 0.000         0.000 / 0.000       ms
[420.270s][info][gc,stats    ]      Memory: Allocation Rate                                 451 / 886             167 / 894             167 / 894             167 / 894         MB/s
[420.270s][info][gc,stats    ]      Memory: Out Of Memory                                     0 / 0                 0 / 0                 0 / 0                 0 / 0           ops/s
[420.270s][info][gc,stats    ]      Memory: Page Cache Flush                                  0 / 0                 0 / 0                 0 / 0                 0 / 0           MB/s
[420.270s][info][gc,stats    ]      Memory: Page Cache Hit L1                               162 / 371              63 / 371              63 / 371              63 / 371         ops/s
[420.270s][info][gc,stats    ]      Memory: Page Cache Hit L2                                 0 / 0                 0 / 0                 0 / 0                 0 / 0           ops/s
[420.270s][info][gc,stats    ]      Memory: Page Cache Hit L3                                 0 / 0                 5 / 209               5 / 209               5 / 209         ops/s
[420.270s][info][gc,stats    ]      Memory: Page Cache Miss                                   0 / 0                 0 / 1                 0 / 1                 0 / 1           ops/s
[420.270s][info][gc,stats    ]      Memory: Uncommit                                          0 / 0                 0 / 0                 0 / 0                 0 / 0           MB/s
[420.270s][info][gc,stats    ]      Memory: Undo Object Allocation Failed                     0 / 0                 0 / 0                 0 / 0                 0 / 0           ops/s
[420.270s][info][gc,stats    ]      Memory: Undo Object Allocation Succeeded                  0 / 0                 0 / 3                 0 / 3                 0 / 3           ops/s
[420.270s][info][gc,stats    ]      Memory: Undo Page Allocation                              0 / 0                 0 / 1                 0 / 1                 0 / 1           ops/s
[420.270s][info][gc,stats    ]       Phase: Concurrent Mark                               0.000 / 0.000       104.000 / 269.421     104.000 / 269.421     104.000 / 269.421     ms
[420.270s][info][gc,stats    ]       Phase: Concurrent Mark Continue                      0.000 / 0.000         0.000 / 0.000         0.000 / 0.000         0.000 / 0.000       ms
[420.271s][info][gc,stats    ]       Phase: Concurrent Mark Free                          0.000 / 0.000         0.001 / 0.003         0.001 / 0.003         0.001 / 0.003       ms
[420.271s][info][gc,stats    ]       Phase: Concurrent Process Non-Strong References      0.000 / 0.000        13.413 / 15.531       13.413 / 15.531       13.413 / 15.531      ms
[420.271s][info][gc,stats    ]       Phase: Concurrent Relocate                           0.000 / 0.000        25.854 / 75.349       25.854 / 75.349       25.854 / 75.349      ms
[420.271s][info][gc,stats    ]       Phase: Concurrent Reset Relocation Set               0.000 / 0.000         0.032 / 0.092         0.032 / 0.092         0.032 / 0.092       ms
[420.271s][info][gc,stats    ]       Phase: Concurrent Select Relocation Set              0.000 / 0.000         5.018 / 11.319        5.018 / 11.319        5.018 / 11.319      ms
[420.271s][info][gc,stats    ]       Phase: Pause Mark End                                0.000 / 0.000         0.017 / 0.037         0.017 / 0.037         0.017 / 0.037       ms
[420.271s][info][gc,stats    ]       Phase: Pause Mark Start                              0.000 / 0.000         0.008 / 0.013         0.008 / 0.013         0.008 / 0.013       ms
[420.271s][info][gc,stats    ]       Phase: Pause Relocate Start                          0.000 / 0.000         0.012 / 0.020         0.012 / 0.020         0.012 / 0.020       ms
[420.271s][info][gc,stats    ]    Subphase: Concurrent Classes Purge                      0.000 / 0.000         0.428 / 0.556         0.428 / 0.556         0.428 / 0.556       ms
[420.271s][info][gc,stats    ]    Subphase: Concurrent Classes Unlink                     0.000 / 0.000        11.955 / 14.318       11.955 / 14.318       11.955 / 14.318      ms
[420.271s][info][gc,stats    ]    Subphase: Concurrent Mark                               0.000 / 0.000        99.212 / 268.470      99.212 / 268.470      99.212 / 268.470     ms
[420.271s][info][gc,stats    ]    Subphase: Concurrent Mark Try Flush                     0.000 / 0.000         0.090 / 0.359         0.090 / 0.359         0.090 / 0.359       ms
[420.271s][info][gc,stats    ]    Subphase: Concurrent Mark Try Terminate                 0.000 / 0.000         3.321 / 16.643        3.321 / 16.643        3.321 / 16.643      ms
[420.271s][info][gc,stats    ]    Subphase: Concurrent References Enqueue                 0.000 / 0.000         0.006 / 0.008         0.006 / 0.008         0.006 / 0.008       ms
[420.271s][info][gc,stats    ]    Subphase: Concurrent References Process                 0.000 / 0.000         0.386 / 1.076         0.386 / 1.076         0.386 / 1.076       ms
[420.271s][info][gc,stats    ]    Subphase: Concurrent Roots ClassLoaderDataGraph         0.000 / 0.000         0.109 / 0.477         0.109 / 0.477         0.109 / 0.477       ms
[420.271s][info][gc,stats    ]    Subphase: Concurrent Roots CodeCache                    0.000 / 0.000         0.000 / 0.000         0.000 / 0.000         0.000 / 0.000       ms
[420.271s][info][gc,stats    ]    Subphase: Concurrent Roots JavaThreads                  0.000 / 0.000         0.961 / 2.038         0.961 / 2.038         0.961 / 2.038       ms
[420.271s][info][gc,stats    ]    Subphase: Concurrent Roots OopStorageSet                0.000 / 0.000         0.025 / 0.120         0.025 / 0.120         0.025 / 0.120       ms
[420.271s][info][gc,stats    ]    Subphase: Concurrent Weak Roots OopStorageSet           0.000 / 0.000         0.462 / 1.012         0.462 / 1.012         0.462 / 1.012       ms
[420.271s][info][gc,stats    ]    Subphase: Pause Mark Try Complete                       0.000 / 0.000         0.000 / 0.000         0.000 / 0.000         0.000 / 0.000       ms
[420.271s][info][gc,stats    ]      System: Java Threads                                      0 / 0                30 / 36               30 / 36               30 / 36          threads
[420.271s][info][gc,stats    ] =========================================================================================================================================================
[423.186s][info][gc,heap,exit] Heap
[423.186s][info][gc,heap,exit]  ZHeap           used 5890M, capacity 8192M, max capacity 8192M
[423.186s][info][gc,heap,exit]  Metaspace       used 43239K, committed 43776K, reserved 1114112K
[423.186s][info][gc,heap,exit]   class space    used 3315K, committed 3520K, reserved 1048576K
