OpenJDK 64-Bit Server VM (25.422-b05) for windows-amd64 JRE (1.8.0_422-422-b05), built on Jul 18 2024 05:34:18 by "Administrator" with MS VC++ 16.10 / 16.11 (VS2019)
Memory: 4k page, physical 15965620k(11032784k free), swap 19635636k(13821272k free)
CommandLine flags: -XX:InitialHeapSize=8589934592 -XX:MaxHeapSize=8589934592 -XX:+PrintGC -XX:+PrintGCApplicationConcurrentTime -XX:+PrintGCApplicationStoppedTime -XX:+PrintGCDateStamps -XX:+PrintGCDetails -XX:+PrintGCTimeStamps -XX:+UnlockExperimentalVMOptions -XX:+UseCompressedClassPointers -XX:+UseCompressedOops -XX:-UseLargePagesIndividualAllocation -XX:+UseSerialGC 
2024-10-02T00:32:33.034+0300: 0.081: Application time: 0.0181582 seconds
2024-10-02T00:32:33.034+0300: 0.081: Total time for which application threads were stopped: 0.0001141 seconds, Stopping threads took: 0.0000411 seconds
2024-10-02T00:32:33.050+0300: 0.090: Application time: 0.0080527 seconds
2024-10-02T00:32:33.050+0300: 0.090: Total time for which application threads were stopped: 0.0000715 seconds, Stopping threads took: 0.0000262 seconds
2024-10-02T00:32:33.222+0300: 0.263: Application time: 0.1730735 seconds
2024-10-02T00:32:33.222+0300: 0.263: [Full GC (System.gc()) 2024-10-02T00:32:33.222+0300: 0.263: [Tenured: 0K->3705K(5592448K), 0.0095743 secs] 178954K->3705K(8108992K), [Metaspace: 7072K->7072K(1056768K)], 0.0097507 secs] [Times: user=0.00 sys=0.00, real=0.01 secs] 
2024-10-02T00:32:33.228+0300: 0.273: Total time for which application threads were stopped: 0.0099113 seconds, Stopping threads took: 0.0000312 seconds
2024-10-02T00:32:33.228+0300: 0.273: Application time: 0.0001972 seconds
2024-10-02T00:32:33.228+0300: 0.273: [Full GC (System.gc()) 2024-10-02T00:32:33.228+0300: 0.273: [Tenured: 3705K->3705K(5592448K), 0.0058558 secs] 3705K->3705K(8108992K), [Metaspace: 7072K->7072K(1056768K)], 0.0059137 secs] [Times: user=0.00 sys=0.00, real=0.01 secs] 
2024-10-02T00:32:33.237+0300: 0.279: Total time for which application threads were stopped: 0.0060244 seconds, Stopping threads took: 0.0000381 seconds
2024-10-02T00:32:34.241+0300: 1.281: Application time: 1.0017464 seconds
2024-10-02T00:32:34.241+0300: 1.281: Total time for which application threads were stopped: 0.0003445 seconds, Stopping threads took: 0.0002355 seconds
2024-10-02T00:32:35.245+0300: 2.285: Application time: 1.0042194 seconds
2024-10-02T00:32:35.245+0300: 2.285: Total time for which application threads were stopped: 0.0001899 seconds, Stopping threads took: 0.0001482 seconds
2024-10-02T00:32:36.249+0300: 3.289: Application time: 1.0035939 seconds
2024-10-02T00:32:36.249+0300: 3.289: Total time for which application threads were stopped: 0.0001759 seconds, Stopping threads took: 0.0001395 seconds
2024-10-02T00:32:37.081+0300: 4.121: Application time: 0.8319371 seconds
2024-10-02T00:32:37.081+0300: 4.121: Total time for which application threads were stopped: 0.0002322 seconds, Stopping threads took: 0.0001451 seconds
2024-10-02T00:32:38.807+0300: 5.860: Application time: 1.7385009 seconds
2024-10-02T00:32:38.807+0300: 5.860: [GC (Allocation Failure) 2024-10-02T00:32:38.807+0300: 5.860: [DefNew: 2236928K->687K(2516544K), 0.0018487 secs] 2240633K->4393K(8108992K), 0.0019064 secs] [Times: user=0.00 sys=0.00, real=0.00 secs] 
2024-10-02T00:32:38.807+0300: 5.862: Total time for which application threads were stopped: 0.0021267 seconds, Stopping threads took: 0.0001280 seconds
2024-10-02T00:32:40.815+0300: 7.855: Application time: 1.9932235 seconds
2024-10-02T00:32:40.815+0300: 7.856: Total time for which application threads were stopped: 0.0003952 seconds, Stopping threads took: 0.0003162 seconds
2024-10-02T00:32:41.819+0300: 8.858: Application time: 1.0028289 seconds
2024-10-02T00:32:41.819+0300: 8.859: Total time for which application threads were stopped: 0.0001867 seconds, Stopping threads took: 0.0001453 seconds
2024-10-02T00:32:42.823+0300: 9.863: Application time: 1.0041334 seconds
2024-10-02T00:32:42.823+0300: 9.863: Total time for which application threads were stopped: 0.0001919 seconds, Stopping threads took: 0.0001440 seconds
2024-10-02T00:32:43.827+0300: 10.867: Application time: 1.0041127 seconds
2024-10-02T00:32:43.827+0300: 10.867: Total time for which application threads were stopped: 0.0002312 seconds, Stopping threads took: 0.0001856 seconds
2024-10-02T00:32:44.348+0300: 11.400: Application time: 0.5326431 seconds
2024-10-02T00:32:44.348+0300: 11.400: [GC (Allocation Failure) 2024-10-02T00:32:44.348+0300: 11.400: [DefNew: 2237615K->637K(2516544K), 0.0012430 secs] 2241321K->4342K(8108992K), 0.0013661 secs] [Times: user=0.00 sys=0.00, real=0.01 secs] 
2024-10-02T00:32:44.361+0300: 11.401: Total time for which application threads were stopped: 0.0016174 seconds, Stopping threads took: 0.0001714 seconds
2024-10-02T00:32:46.370+0300: 13.410: Application time: 2.0084415 seconds
2024-10-02T00:32:46.370+0300: 13.410: Total time for which application threads were stopped: 0.0002325 seconds, Stopping threads took: 0.0001777 seconds
2024-10-02T00:32:49.070+0300: 16.111: Application time: 2.7005830 seconds
2024-10-02T00:32:49.070+0300: 16.111: Total time for which application threads were stopped: 0.0001591 seconds, Stopping threads took: 0.0001278 seconds
2024-10-02T00:32:49.838+0300: 16.889: Application time: 0.7780081 seconds
2024-10-02T00:32:49.838+0300: 16.889: [GC (Allocation Failure) 2024-10-02T00:32:49.838+0300: 16.889: [DefNew: 2237565K->648K(2516544K), 0.0011741 secs] 2241270K->4353K(8108992K), 0.0012319 secs] [Times: user=0.00 sys=0.00, real=0.00 secs] 
2024-10-02T00:32:49.838+0300: 16.890: Total time for which application threads were stopped: 0.0014670 seconds, Stopping threads took: 0.0001306 seconds
2024-10-02T00:32:50.843+0300: 17.882: Application time: 0.9919762 seconds
2024-10-02T00:32:50.843+0300: 17.883: Total time for which application threads were stopped: 0.0002206 seconds, Stopping threads took: 0.0001734 seconds
2024-10-02T00:32:51.847+0300: 18.887: Application time: 1.0044327 seconds
2024-10-02T00:32:51.847+0300: 18.887: Total time for which application threads were stopped: 0.0002444 seconds, Stopping threads took: 0.0001788 seconds
2024-10-02T00:32:55.467+0300: 22.510: Application time: 3.6223550 seconds
2024-10-02T00:32:55.467+0300: 22.510: [GC (Allocation Failure) 2024-10-02T00:32:55.467+0300: 22.510: [DefNew: 2237576K->655K(2516544K), 0.0011824 secs] 2241281K->4360K(8108992K), 0.0012323 secs] [Times: user=0.00 sys=0.00, real=0.00 secs] 
2024-10-02T00:32:55.467+0300: 22.511: Total time for which application threads were stopped: 0.0014682 seconds, Stopping threads took: 0.0001529 seconds
2024-10-02T00:32:56.478+0300: 23.518: Application time: 1.0065613 seconds
2024-10-02T00:32:56.478+0300: 23.518: Total time for which application threads were stopped: 0.0002858 seconds, Stopping threads took: 0.0002318 seconds
2024-10-02T00:33:01.170+0300: 28.216: Application time: 4.6975829 seconds
2024-10-02T00:33:01.176+0300: 28.216: [GC (Allocation Failure) 2024-10-02T00:33:01.176+0300: 28.216: [DefNew: 2237583K->667K(2516544K), 0.0011576 secs] 2241288K->4372K(8108992K), 0.0012143 secs] [Times: user=0.00 sys=0.00, real=0.00 secs] 
2024-10-02T00:33:01.176+0300: 28.217: Total time for which application threads were stopped: 0.0014459 seconds, Stopping threads took: 0.0001331 seconds
2024-10-02T00:33:06.900+0300: 33.945: Application time: 5.7280161 seconds
2024-10-02T00:33:06.900+0300: 33.945: [GC (Allocation Failure) 2024-10-02T00:33:06.900+0300: 33.945: [DefNew: 2237595K->676K(2516544K), 0.0012248 secs] 2241300K->4381K(8108992K), 0.0012933 secs] [Times: user=0.00 sys=0.00, real=0.00 secs] 
2024-10-02T00:33:06.900+0300: 33.947: Total time for which application threads were stopped: 0.0015294 seconds, Stopping threads took: 0.0001280 seconds
2024-10-02T00:33:12.676+0300: 39.717: Application time: 5.7704540 seconds
2024-10-02T00:33:12.676+0300: 39.717: [GC (Allocation Failure) 2024-10-02T00:33:12.676+0300: 39.717: [DefNew: 2237604K->684K(2516544K), 0.0014103 secs] 2241309K->4389K(8108992K), 0.0014628 secs] [Times: user=0.00 sys=0.00, real=0.00 secs] 
2024-10-02T00:33:12.676+0300: 39.719: Total time for which application threads were stopped: 0.0016897 seconds, Stopping threads took: 0.0001413 seconds
2024-10-02T00:33:18.451+0300: 45.504: Application time: 5.7855393 seconds
2024-10-02T00:33:18.451+0300: 45.505: [GC (Allocation Failure) 2024-10-02T00:33:18.451+0300: 45.505: [DefNew: 2237612K->693K(2516544K), 0.0013056 secs] 2241317K->4398K(8108992K), 0.0013647 secs] [Times: user=0.00 sys=0.00, real=0.00 secs] 
2024-10-02T00:33:18.451+0300: 45.506: Total time for which application threads were stopped: 0.0016726 seconds, Stopping threads took: 0.0002070 seconds
2024-10-02T00:33:24.216+0300: 51.256: Application time: 5.7500055 seconds
2024-10-02T00:33:24.216+0300: 51.256: [GC (Allocation Failure) 2024-10-02T00:33:24.216+0300: 51.256: [DefNew: 2237621K->698K(2516544K), 0.0012259 secs] 2241326K->4404K(8108992K), 0.0012798 secs] [Times: user=0.00 sys=0.00, real=0.00 secs] 
2024-10-02T00:33:24.216+0300: 51.257: Total time for which application threads were stopped: 0.0015268 seconds, Stopping threads took: 0.0001572 seconds
2024-10-02T00:33:29.951+0300: 56.998: Application time: 5.7405066 seconds
2024-10-02T00:33:29.951+0300: 56.998: [GC (Allocation Failure) 2024-10-02T00:33:29.951+0300: 56.998: [DefNew: 2237626K->709K(2516544K), 0.0011924 secs] 2241332K->4415K(8108992K), 0.0012410 secs] [Times: user=0.00 sys=0.00, real=0.00 secs] 
2024-10-02T00:33:29.951+0300: 56.999: Total time for which application threads were stopped: 0.0014817 seconds, Stopping threads took: 0.0001550 seconds
2024-10-02T00:33:35.695+0300: 62.738: Application time: 5.7388703 seconds
2024-10-02T00:33:35.695+0300: 62.739: [GC (Allocation Failure) 2024-10-02T00:33:35.695+0300: 62.739: [DefNew: 2237637K->715K(2516544K), 0.0011563 secs] 2241343K->4421K(8108992K), 0.0011991 secs] [Times: user=0.00 sys=0.00, real=0.00 secs] 
2024-10-02T00:33:35.695+0300: 62.740: Total time for which application threads were stopped: 0.0014528 seconds, Stopping threads took: 0.0001738 seconds
2024-10-02T00:33:39.713+0300: 66.752: Application time: 4.0124023 seconds
2024-10-02T00:33:39.713+0300: 66.752: Total time for which application threads were stopped: 0.0002433 seconds, Stopping threads took: 0.0001984 seconds
2024-10-02T00:33:40.718+0300: 67.757: Application time: 1.0048162 seconds
2024-10-02T00:33:40.718+0300: 67.757: Total time for which application threads were stopped: 0.0002197 seconds, Stopping threads took: 0.0001785 seconds
2024-10-02T00:33:41.446+0300: 68.493: Application time: 0.7353620 seconds
2024-10-02T00:33:41.446+0300: 68.493: [GC (Allocation Failure) 2024-10-02T00:33:41.446+0300: 68.493: [DefNew: 2237643K->727K(2516544K), 0.0011934 secs] 2241349K->4432K(8108992K), 0.0012403 secs] [Times: user=0.00 sys=0.00, real=0.00 secs] 
2024-10-02T00:33:41.446+0300: 68.494: Total time for which application threads were stopped: 0.0015221 seconds, Stopping threads took: 0.0001990 seconds
2024-10-02T00:33:47.157+0300: 74.206: Application time: 5.7119313 seconds
2024-10-02T00:33:47.157+0300: 74.206: [GC (Allocation Failure) 2024-10-02T00:33:47.157+0300: 74.207: [DefNew: 2237655K->730K(2516544K), 0.0011669 secs] 2241360K->4435K(8108992K), 0.0012146 secs] [Times: user=0.00 sys=0.00, real=0.00 secs] 
2024-10-02T00:33:47.157+0300: 74.208: Total time for which application threads were stopped: 0.0014623 seconds, Stopping threads took: 0.0001691 seconds
2024-10-02T00:33:52.881+0300: 79.934: Application time: 5.7260155 seconds
2024-10-02T00:33:52.881+0300: 79.934: [GC (Allocation Failure) 2024-10-02T00:33:52.881+0300: 79.934: [DefNew: 2237658K->744K(2516544K), 0.0012700 secs] 2241363K->4449K(8108992K), 0.0013212 secs] [Times: user=0.00 sys=0.00, real=0.00 secs] 
2024-10-02T00:33:52.881+0300: 79.935: Total time for which application threads were stopped: 0.0016223 seconds, Stopping threads took: 0.0001934 seconds
2024-10-02T00:33:58.641+0300: 85.683: Application time: 5.7475051 seconds
2024-10-02T00:33:58.641+0300: 85.683: [GC (Allocation Failure) 2024-10-02T00:33:58.641+0300: 85.683: [DefNew: 2237672K->750K(2516544K), 0.0011850 secs] 2241377K->4455K(8108992K), 0.0012348 secs] [Times: user=0.00 sys=0.00, real=0.00 secs] 
2024-10-02T00:33:58.641+0300: 85.684: Total time for which application threads were stopped: 0.0014425 seconds, Stopping threads took: 0.0001231 seconds
2024-10-02T00:34:04.400+0300: 91.441: Application time: 5.7570338 seconds
2024-10-02T00:34:04.400+0300: 91.442: [GC (Allocation Failure) 2024-10-02T00:34:04.400+0300: 91.442: [DefNew: 2237678K->423K(2516544K), 0.0013629 secs] 2241383K->4467K(8108992K), 0.0014150 secs] [Times: user=0.00 sys=0.00, real=0.00 secs] 
2024-10-02T00:34:04.400+0300: 91.443: Total time for which application threads were stopped: 0.0016651 seconds, Stopping threads took: 0.0001577 seconds
2024-10-02T00:34:10.145+0300: 97.193: Application time: 5.7504428 seconds
2024-10-02T00:34:10.145+0300: 97.194: [GC (Allocation Failure) 2024-10-02T00:34:10.145+0300: 97.194: [DefNew: 2237351K->424K(2516544K), 0.0008042 secs] 2241395K->4477K(8108992K), 0.0008756 secs] [Times: user=0.00 sys=0.00, real=0.00 secs] 
2024-10-02T00:34:10.145+0300: 97.195: Total time for which application threads were stopped: 0.0011572 seconds, Stopping threads took: 0.0001795 seconds
2024-10-02T00:34:15.906+0300: 102.948: Application time: 5.7536716 seconds
2024-10-02T00:34:15.906+0300: 102.949: [GC (Allocation Failure) 2024-10-02T00:34:15.906+0300: 102.949: [DefNew: 2237352K->414K(2516544K), 0.0008263 secs] 2241405K->4484K(8108992K), 0.0008703 secs] [Times: user=0.00 sys=0.00, real=0.00 secs] 
2024-10-02T00:34:15.906+0300: 102.949: Total time for which application threads were stopped: 0.0011530 seconds, Stopping threads took: 0.0001915 seconds
2024-10-02T00:34:21.664+0300: 108.706: Application time: 5.7564927 seconds
2024-10-02T00:34:21.664+0300: 108.706: [GC (Allocation Failure) 2024-10-02T00:34:21.664+0300: 108.706: [DefNew: 2237342K->414K(2516544K), 0.0008475 secs] 2241412K->4492K(8108992K), 0.0009107 secs] [Times: user=0.00 sys=0.00, real=0.00 secs] 
2024-10-02T00:34:21.664+0300: 108.707: Total time for which application threads were stopped: 0.0012093 seconds, Stopping threads took: 0.0001916 seconds
2024-10-02T00:34:27.404+0300: 114.451: Application time: 5.7438922 seconds
2024-10-02T00:34:27.404+0300: 114.451: [GC (Allocation Failure) 2024-10-02T00:34:27.404+0300: 114.451: [DefNew: 2237342K->396K(2516544K), 0.0007107 secs] 2241420K->4483K(8108992K), 0.0007561 secs] [Times: user=0.00 sys=0.00, real=0.00 secs] 
2024-10-02T00:34:27.404+0300: 114.452: Total time for which application threads were stopped: 0.0010201 seconds, Stopping threads took: 0.0001636 seconds
2024-10-02T00:34:33.137+0300: 120.184: Application time: 5.7319159 seconds
2024-10-02T00:34:33.137+0300: 120.184: [GC (Allocation Failure) 2024-10-02T00:34:33.137+0300: 120.184: [DefNew: 2237324K->411K(2516544K), 0.0006840 secs] 2241411K->4507K(8108992K), 0.0007330 secs] [Times: user=0.00 sys=0.00, real=0.00 secs] 
2024-10-02T00:34:33.137+0300: 120.185: Total time for which application threads were stopped: 0.0009853 seconds, Stopping threads took: 0.0001641 seconds
2024-10-02T00:34:34.152+0300: 121.191: Application time: 1.0062363 seconds
2024-10-02T00:34:34.152+0300: 121.191: Total time for which application threads were stopped: 0.0001980 seconds, Stopping threads took: 0.0001544 seconds
2024-10-02T00:34:38.847+0300: 125.896: Application time: 4.7048981 seconds
2024-10-02T00:34:38.847+0300: 125.897: [GC (Allocation Failure) 2024-10-02T00:34:38.847+0300: 125.897: [DefNew: 2237339K->413K(2516544K), 0.0006482 secs] 2241435K->4518K(8108992K), 0.0006919 secs] [Times: user=0.00 sys=0.00, real=0.00 secs] 
2024-10-02T00:34:38.847+0300: 125.897: Total time for which application threads were stopped: 0.0009708 seconds, Stopping threads took: 0.0001866 seconds
2024-10-02T00:34:44.588+0300: 131.639: Application time: 5.7419993 seconds
2024-10-02T00:34:44.588+0300: 131.640: [GC (Allocation Failure) 2024-10-02T00:34:44.588+0300: 131.640: [DefNew: 2237341K->413K(2516544K), 0.0006870 secs] 2241446K->4526K(8108992K), 0.0007300 secs] [Times: user=0.00 sys=0.00, real=0.00 secs] 
2024-10-02T00:34:44.588+0300: 131.640: Total time for which application threads were stopped: 0.0010539 seconds, Stopping threads took: 0.0001795 seconds
2024-10-02T00:34:50.316+0300: 137.370: Application time: 5.7296778 seconds
2024-10-02T00:34:50.316+0300: 137.370: [GC (Allocation Failure) 2024-10-02T00:34:50.316+0300: 137.370: [DefNew: 2237341K->411K(2516544K), 0.0007542 secs] 2241454K->4532K(8108992K), 0.0008132 secs] [Times: user=0.02 sys=0.00, real=0.02 secs] 
2024-10-02T00:34:50.331+0300: 137.371: Total time for which application threads were stopped: 0.0010775 seconds, Stopping threads took: 0.0001606 seconds
2024-10-02T00:34:56.056+0300: 143.096: Application time: 5.7251114 seconds
2024-10-02T00:34:56.056+0300: 143.096: [GC (Allocation Failure) 2024-10-02T00:34:56.056+0300: 143.096: [DefNew: 2237339K->415K(2516544K), 0.0009564 secs] 2241460K->4545K(8108992K), 0.0010007 secs] [Times: user=0.00 sys=0.00, real=0.00 secs] 
2024-10-02T00:34:56.057+0300: 143.097: Total time for which application threads were stopped: 0.0012464 seconds, Stopping threads took: 0.0001531 seconds
2024-10-02T00:35:01.786+0300: 148.836: Application time: 5.7389940 seconds
2024-10-02T00:35:01.786+0300: 148.837: [GC (Allocation Failure) 2024-10-02T00:35:01.786+0300: 148.837: [DefNew: 2237343K->411K(2516544K), 0.0007266 secs] 2241473K->4549K(8108992K), 0.0007940 secs] [Times: user=0.00 sys=0.00, real=0.00 secs] 
2024-10-02T00:35:01.786+0300: 148.838: Total time for which application threads were stopped: 0.0011109 seconds, Stopping threads took: 0.0001981 seconds
2024-10-02T00:35:07.513+0300: 154.565: Application time: 5.7276771 seconds
2024-10-02T00:35:07.513+0300: 154.566: [GC (Allocation Failure) 2024-10-02T00:35:07.513+0300: 154.566: [DefNew: 2237339K->413K(2516544K), 0.0006578 secs] 2241477K->4560K(8108992K), 0.0007020 secs] [Times: user=0.00 sys=0.00, real=0.00 secs] 
2024-10-02T00:35:07.513+0300: 154.566: Total time for which application threads were stopped: 0.0009823 seconds, Stopping threads took: 0.0001977 seconds
2024-10-02T00:35:13.258+0300: 160.305: Application time: 5.7388118 seconds
2024-10-02T00:35:13.258+0300: 160.305: [GC (Allocation Failure) 2024-10-02T00:35:13.258+0300: 160.305: [DefNew: 2237341K->407K(2516544K), 0.0007052 secs] 2241488K->4563K(8108992K), 0.0007700 secs] [Times: user=0.00 sys=0.00, real=0.00 secs] 
2024-10-02T00:35:13.258+0300: 160.306: Total time for which application threads were stopped: 0.0010343 seconds, Stopping threads took: 0.0001595 seconds
2024-10-02T00:35:18.987+0300: 166.032: Application time: 5.7263478 seconds
2024-10-02T00:35:18.987+0300: 166.033: [GC (Allocation Failure) 2024-10-02T00:35:18.987+0300: 166.033: [DefNew: 2237335K->413K(2516544K), 0.0007358 secs] 2241491K->4577K(8108992K), 0.0007881 secs] [Times: user=0.00 sys=0.00, real=0.00 secs] 
2024-10-02T00:35:18.987+0300: 166.033: Total time for which application threads were stopped: 0.0010331 seconds, Stopping threads took: 0.0001532 seconds
2024-10-02T00:35:24.761+0300: 171.806: Application time: 5.7727830 seconds
2024-10-02T00:35:24.761+0300: 171.806: [GC (Allocation Failure) 2024-10-02T00:35:24.761+0300: 171.807: [DefNew: 2237341K->415K(2516544K), 0.0007913 secs] 2241505K->4588K(8108992K), 0.0008433 secs] [Times: user=0.00 sys=0.00, real=0.00 secs] 
2024-10-02T00:35:24.761+0300: 171.807: Total time for which application threads were stopped: 0.0010807 seconds, Stopping threads took: 0.0001509 seconds
2024-10-02T00:35:30.520+0300: 177.570: Application time: 5.7622476 seconds
2024-10-02T00:35:30.520+0300: 177.570: [GC (Allocation Failure) 2024-10-02T00:35:30.520+0300: 177.570: [DefNew: 2237343K->413K(2516544K), 0.0006380 secs] 2241516K->4594K(8108992K), 0.0006911 secs] [Times: user=0.00 sys=0.00, real=0.00 secs] 
2024-10-02T00:35:30.520+0300: 177.571: Total time for which application threads were stopped: 0.0009453 seconds, Stopping threads took: 0.0001627 seconds
2024-10-02T00:35:36.261+0300: 183.304: Application time: 5.7339019 seconds
2024-10-02T00:35:36.261+0300: 183.305: [GC (Allocation Failure) 2024-10-02T00:35:36.261+0300: 183.305: [DefNew: 2237341K->413K(2516544K), 0.0006978 secs] 2241522K->4602K(8108992K), 0.0007503 secs] [Times: user=0.00 sys=0.00, real=0.00 secs] 
2024-10-02T00:35:36.261+0300: 183.305: Total time for which application threads were stopped: 0.0010164 seconds, Stopping threads took: 0.0001767 seconds
2024-10-02T00:35:41.978+0300: 189.028: Application time: 5.7226287 seconds
2024-10-02T00:35:41.978+0300: 189.028: [GC (Allocation Failure) 2024-10-02T00:35:41.978+0300: 189.028: [DefNew: 2237341K->411K(2516544K), 0.0006862 secs] 2241530K->4610K(8108992K), 0.0007315 secs] [Times: user=0.00 sys=0.00, real=0.00 secs] 
2024-10-02T00:35:41.978+0300: 189.029: Total time for which application threads were stopped: 0.0010155 seconds, Stopping threads took: 0.0001996 seconds
2024-10-02T00:35:47.721+0300: 194.768: Application time: 5.7390765 seconds
2024-10-02T00:35:47.721+0300: 194.768: [GC (Allocation Failure) 2024-10-02T00:35:47.721+0300: 194.768: [DefNew: 2237339K->413K(2516544K), 0.0006921 secs] 2241538K->4620K(8108992K), 0.0007357 secs] [Times: user=0.00 sys=0.00, real=0.00 secs] 
2024-10-02T00:35:47.721+0300: 194.769: Total time for which application threads were stopped: 0.0009969 seconds, Stopping threads took: 0.0001781 seconds
2024-10-02T00:35:49.731+0300: 196.770: Application time: 2.0011793 seconds
2024-10-02T00:35:49.731+0300: 196.771: Total time for which application threads were stopped: 0.0002218 seconds, Stopping threads took: 0.0001576 seconds
2024-10-02T00:35:53.467+0300: 200.512: Application time: 3.7416334 seconds
2024-10-02T00:35:53.467+0300: 200.513: [GC (Allocation Failure) 2024-10-02T00:35:53.467+0300: 200.513: [DefNew: 2237341K->412K(2516544K), 0.0006704 secs] 2241548K->4628K(8108992K), 0.0007145 secs] [Times: user=0.00 sys=0.00, real=0.00 secs] 
2024-10-02T00:35:53.467+0300: 200.513: Total time for which application threads were stopped: 0.0009883 seconds, Stopping threads took: 0.0001855 seconds
2024-10-02T00:35:59.194+0300: 206.236: Application time: 5.7226837 seconds
2024-10-02T00:35:59.194+0300: 206.236: [GC (Allocation Failure) 2024-10-02T00:35:59.194+0300: 206.236: [DefNew: 2237340K->414K(2516544K), 0.0006563 secs] 2241556K->4638K(8108992K), 0.0007016 secs] [Times: user=0.00 sys=0.00, real=0.00 secs] 
2024-10-02T00:35:59.194+0300: 206.237: Total time for which application threads were stopped: 0.0009130 seconds, Stopping threads took: 0.0001309 seconds
2024-10-02T00:36:04.937+0300: 211.980: Application time: 5.7430888 seconds
2024-10-02T00:36:04.937+0300: 211.980: [GC (Allocation Failure) 2024-10-02T00:36:04.937+0300: 211.980: [DefNew: 2237342K->413K(2516544K), 0.0007505 secs] 2241566K->4646K(8108992K), 0.0008138 secs] [Times: user=0.00 sys=0.00, real=0.00 secs] 
2024-10-02T00:36:04.937+0300: 211.981: Total time for which application threads were stopped: 0.0010715 seconds, Stopping threads took: 0.0001537 seconds
2024-10-02T00:36:10.682+0300: 217.726: Application time: 5.7447745 seconds
2024-10-02T00:36:10.682+0300: 217.726: [GC (Allocation Failure) 2024-10-02T00:36:10.682+0300: 217.726: [DefNew: 2237341K->415K(2516544K), 0.0006349 secs] 2241574K->4656K(8108992K), 0.0006798 secs] [Times: user=0.00 sys=0.00, real=0.00 secs] 
2024-10-02T00:36:10.682+0300: 217.727: Total time for which application threads were stopped: 0.0009132 seconds, Stopping threads took: 0.0001558 seconds
2024-10-02T00:36:16.413+0300: 223.457: Application time: 5.7300338 seconds
2024-10-02T00:36:16.413+0300: 223.457: [GC (Allocation Failure) 2024-10-02T00:36:16.413+0300: 223.457: [DefNew: 2237343K->413K(2516544K), 0.0007141 secs] 2241584K->4663K(8108992K), 0.0007679 secs] [Times: user=0.00 sys=0.00, real=0.00 secs] 
2024-10-02T00:36:16.413+0300: 223.458: Total time for which application threads were stopped: 0.0010958 seconds, Stopping threads took: 0.0002239 seconds
2024-10-02T00:36:22.168+0300: 229.214: Application time: 5.7563310 seconds
2024-10-02T00:36:22.168+0300: 229.214: [GC (Allocation Failure) 2024-10-02T00:36:22.168+0300: 229.214: [DefNew: 2237341K->411K(2516544K), 0.0006923 secs] 2241591K->4669K(8108992K), 0.0007521 secs] [Times: user=0.00 sys=0.00, real=0.00 secs] 
2024-10-02T00:36:22.168+0300: 229.215: Total time for which application threads were stopped: 0.0010699 seconds, Stopping threads took: 0.0002025 seconds
2024-10-02T00:36:27.880+0300: 234.934: Application time: 5.7187383 seconds
2024-10-02T00:36:27.880+0300: 234.934: [GC (Allocation Failure) 2024-10-02T00:36:27.880+0300: 234.934: [DefNew: 2237339K->414K(2516544K), 0.0006985 secs] 2241597K->4680K(8108992K), 0.0007441 secs] [Times: user=0.00 sys=0.00, real=0.00 secs] 
2024-10-02T00:36:27.880+0300: 234.935: Total time for which application threads were stopped: 0.0010076 seconds, Stopping threads took: 0.0001798 seconds
2024-10-02T00:36:33.655+0300: 240.703: Application time: 5.7676020 seconds
2024-10-02T00:36:33.655+0300: 240.703: [GC (Allocation Failure) 2024-10-02T00:36:33.655+0300: 240.703: [DefNew: 2237342K->415K(2516544K), 0.0008017 secs] 2241608K->4690K(8108992K), 0.0008542 secs] [Times: user=0.00 sys=0.00, real=0.00 secs] 
2024-10-02T00:36:33.655+0300: 240.704: Total time for which application threads were stopped: 0.0010662 seconds, Stopping threads took: 0.0001206 seconds
2024-10-02T00:36:35.662+0300: 242.702: Application time: 1.9983035 seconds
2024-10-02T00:36:35.662+0300: 242.702: Total time for which application threads were stopped: 0.0001857 seconds, Stopping threads took: 0.0001211 seconds
2024-10-02T00:36:36.667+0300: 243.706: Application time: 1.0041576 seconds
2024-10-02T00:36:36.667+0300: 243.707: Total time for which application threads were stopped: 0.0001903 seconds, Stopping threads took: 0.0001392 seconds
2024-10-02T00:36:39.413+0300: 246.467: Application time: 2.7607795 seconds
2024-10-02T00:36:39.413+0300: 246.468: [GC (Allocation Failure) 2024-10-02T00:36:39.413+0300: 246.468: [DefNew: 2237343K->414K(2516544K), 0.0006838 secs] 2241618K->4698K(8108992K), 0.0007314 secs] [Times: user=0.00 sys=0.00, real=0.00 secs] 
2024-10-02T00:36:39.413+0300: 246.468: Total time for which application threads were stopped: 0.0009821 seconds, Stopping threads took: 0.0001537 seconds
2024-10-02T00:36:45.156+0300: 252.198: Application time: 5.7301019 seconds
2024-10-02T00:36:45.156+0300: 252.199: [GC (Allocation Failure) 2024-10-02T00:36:45.156+0300: 252.199: [DefNew: 2237342K->411K(2516544K), 0.0006177 secs] 2241626K->4704K(8108992K), 0.0006592 secs] [Times: user=0.00 sys=0.00, real=0.00 secs] 
2024-10-02T00:36:45.156+0300: 252.199: Total time for which application threads were stopped: 0.0008687 seconds, Stopping threads took: 0.0001368 seconds
2024-10-02T00:36:47.165+0300: 254.204: Application time: 2.0049824 seconds
2024-10-02T00:36:47.165+0300: 254.204: Total time for which application threads were stopped: 0.0002080 seconds, Stopping threads took: 0.0001596 seconds
2024-10-02T00:36:48.170+0300: 255.209: Application time: 1.0049064 seconds
2024-10-02T00:36:48.170+0300: 255.210: Total time for which application threads were stopped: 0.0002143 seconds, Stopping threads took: 0.0001684 seconds
2024-10-02T00:36:49.331+0300: 256.381: Application time: 1.1713683 seconds
2024-10-02T00:36:49.331+0300: 256.381: Total time for which application threads were stopped: 0.0002536 seconds, Stopping threads took: 0.0001877 seconds
2024-10-02T00:36:49.378+0300: 256.426: Application time: 0.0449655 seconds
2024-10-02T00:36:49.378+0300: 256.426: Total time for which application threads were stopped: 0.0001768 seconds, Stopping threads took: 0.0001400 seconds
2024-10-02T00:36:49.440+0300: 256.484: Application time: 0.0571718 seconds
2024-10-02T00:36:49.440+0300: 256.484: Total time for which application threads were stopped: 0.0001074 seconds, Stopping threads took: 0.0000786 seconds
2024-10-02T00:36:49.613+0300: 256.661: Application time: 0.1770638 seconds
2024-10-02T00:36:49.613+0300: 256.661: Total time for which application threads were stopped: 0.0002957 seconds, Stopping threads took: 0.0002654 seconds
2024-10-02T00:36:50.993+0300: 258.039: Application time: 1.3783854 seconds
2024-10-02T00:36:50.993+0300: 258.040: [GC (Allocation Failure) 2024-10-02T00:36:50.993+0300: 258.040: [DefNew: 2237339K->423K(2516544K), 0.0007424 secs] 2241632K->4723K(8108992K), 0.0008208 secs] [Times: user=0.00 sys=0.00, real=0.00 secs] 
2024-10-02T00:36:50.993+0300: 258.040: Total time for which application threads were stopped: 0.0010663 seconds, Stopping threads took: 0.0001510 seconds
2024-10-02T00:36:56.722+0300: 263.772: Application time: 5.7315287 seconds
2024-10-02T00:36:56.722+0300: 263.772: [GC (Allocation Failure) 2024-10-02T00:36:56.722+0300: 263.772: [DefNew: 2237351K->416K(2516544K), 0.0007599 secs] 2241651K->4725K(8108992K), 0.0008235 secs] [Times: user=0.00 sys=0.00, real=0.00 secs] 
2024-10-02T00:36:56.722+0300: 263.773: Total time for which application threads were stopped: 0.0011285 seconds, Stopping threads took: 0.0001964 seconds
2024-10-02T00:37:02.465+0300: 269.514: Application time: 5.7411837 seconds
2024-10-02T00:37:02.465+0300: 269.514: [GC (Allocation Failure) 2024-10-02T00:37:02.465+0300: 269.515: [DefNew: 2237344K->421K(2516544K), 0.0007312 secs] 2241653K->4739K(8108992K), 0.0007810 secs] [Times: user=0.00 sys=0.00, real=0.00 secs] 
2024-10-02T00:37:02.465+0300: 269.515: Total time for which application threads were stopped: 0.0010032 seconds, Stopping threads took: 0.0001365 seconds
2024-10-02T00:37:08.224+0300: 275.275: Application time: 5.7592235 seconds
2024-10-02T00:37:08.224+0300: 275.275: [GC (Allocation Failure) 2024-10-02T00:37:08.224+0300: 275.275: [DefNew: 2237349K->421K(2516544K), 0.0007340 secs] 2241667K->4747K(8108992K), 0.0008051 secs] [Times: user=0.00 sys=0.00, real=0.00 secs] 
2024-10-02T00:37:08.224+0300: 275.276: Total time for which application threads were stopped: 0.0010770 seconds, Stopping threads took: 0.0001658 seconds
2024-10-02T00:37:13.968+0300: 281.008: Application time: 5.7325052 seconds
2024-10-02T00:37:13.968+0300: 281.008: [GC (Allocation Failure) 2024-10-02T00:37:13.968+0300: 281.008: [DefNew: 2237349K->423K(2516544K), 0.0007262 secs] 2241675K->4759K(8108992K), 0.0007804 secs] [Times: user=0.00 sys=0.00, real=0.00 secs] 
2024-10-02T00:37:13.968+0300: 281.009: Total time for which application threads were stopped: 0.0009541 seconds, Stopping threads took: 0.0000769 seconds
2024-10-02T00:37:19.711+0300: 286.760: Application time: 5.7505602 seconds
2024-10-02T00:37:19.711+0300: 286.760: [GC (Allocation Failure) 2024-10-02T00:37:19.711+0300: 286.760: [DefNew: 2237351K->420K(2516544K), 0.0007456 secs] 2241687K->4764K(8108992K), 0.0008076 secs] [Times: user=0.00 sys=0.00, real=0.00 secs] 
2024-10-02T00:37:19.711+0300: 286.761: Total time for which application threads were stopped: 0.0011415 seconds, Stopping threads took: 0.0002230 seconds
2024-10-02T00:37:25.439+0300: 292.485: Application time: 5.7245061 seconds
2024-10-02T00:37:25.439+0300: 292.486: [GC (Allocation Failure) 2024-10-02T00:37:25.439+0300: 292.486: [DefNew: 2237348K->422K(2516544K), 0.0006883 secs] 2241692K->4775K(8108992K), 0.0007351 secs] [Times: user=0.00 sys=0.00, real=0.00 secs] 
2024-10-02T00:37:25.439+0300: 292.486: Total time for which application threads were stopped: 0.0009933 seconds, Stopping threads took: 0.0001792 seconds
2024-10-02T00:37:31.152+0300: 298.192: Application time: 5.7057689 seconds
2024-10-02T00:37:31.152+0300: 298.192: [GC (Allocation Failure) 2024-10-02T00:37:31.152+0300: 298.192: [DefNew: 2237350K->420K(2516544K), 0.0006493 secs] 2241703K->4781K(8108992K), 0.0006966 secs] [Times: user=0.00 sys=0.00, real=0.00 secs] 
2024-10-02T00:37:31.152+0300: 298.193: Total time for which application threads were stopped: 0.0009060 seconds, Stopping threads took: 0.0001285 seconds
2024-10-02T00:37:36.878+0300: 303.924: Application time: 5.7310274 seconds
2024-10-02T00:37:36.878+0300: 303.924: [GC (Allocation Failure) 2024-10-02T00:37:36.878+0300: 303.924: [DefNew: 2237348K->421K(2516544K), 0.0008561 secs] 2241709K->4791K(8108992K), 0.0009145 secs] [Times: user=0.00 sys=0.00, real=0.00 secs] 
2024-10-02T00:37:36.878+0300: 303.925: Total time for which application threads were stopped: 0.0011765 seconds, Stopping threads took: 0.0001639 seconds
2024-10-02T00:37:42.652+0300: 309.703: Application time: 5.7779495 seconds
2024-10-02T00:37:42.652+0300: 309.703: [GC (Allocation Failure) 2024-10-02T00:37:42.652+0300: 309.703: [DefNew: 2237349K->420K(2516544K), 0.0007406 secs] 2241719K->4798K(8108992K), 0.0008727 secs] [Times: user=0.00 sys=0.00, real=0.00 secs] 
2024-10-02T00:37:42.652+0300: 309.704: Total time for which application threads were stopped: 0.0011453 seconds, Stopping threads took: 0.0001774 seconds
2024-10-02T00:37:48.395+0300: 315.439: Application time: 5.7350812 seconds
2024-10-02T00:37:48.395+0300: 315.440: [GC (Allocation Failure) 2024-10-02T00:37:48.395+0300: 315.440: [DefNew: 2237348K->411K(2516544K), 0.0006946 secs] 2241726K->4798K(8108992K), 0.0007406 secs] [Times: user=0.00 sys=0.00, real=0.00 secs] 
2024-10-02T00:37:48.395+0300: 315.440: Total time for which application threads were stopped: 0.0009311 seconds, Stopping threads took: 0.0001022 seconds
2024-10-02T00:37:54.138+0300: 321.186: Application time: 5.7454802 seconds
2024-10-02T00:37:54.138+0300: 321.186: [GC (Allocation Failure) 2024-10-02T00:37:54.138+0300: 321.186: [DefNew: 2237339K->421K(2516544K), 0.0006414 secs] 2241726K->4816K(8108992K), 0.0006845 secs] [Times: user=0.00 sys=0.00, real=0.00 secs] 
2024-10-02T00:37:54.138+0300: 321.187: Total time for which application threads were stopped: 0.0008949 seconds, Stopping threads took: 0.0001267 seconds
2024-10-02T00:37:59.865+0300: 326.917: Application time: 5.7308093 seconds
2024-10-02T00:37:59.865+0300: 326.918: [GC (Allocation Failure) 2024-10-02T00:37:59.865+0300: 326.918: [DefNew: 2237349K->416K(2516544K), 0.0006774 secs] 2241744K->4820K(8108992K), 0.0007220 secs] [Times: user=0.00 sys=0.00, real=0.00 secs] 
2024-10-02T00:37:59.865+0300: 326.918: Total time for which application threads were stopped: 0.0009795 seconds, Stopping threads took: 0.0001791 seconds
2024-10-02T00:38:05.609+0300: 332.660: Application time: 5.7413884 seconds
2024-10-02T00:38:05.609+0300: 332.660: [GC (Allocation Failure) 2024-10-02T00:38:05.609+0300: 332.660: [DefNew: 2237344K->415K(2516544K), 0.0007233 secs] 2241748K->4828K(8108992K), 0.0007686 secs] [Times: user=0.00 sys=0.00, real=0.00 secs] 
2024-10-02T00:38:05.609+0300: 332.661: Total time for which application threads were stopped: 0.0010509 seconds, Stopping threads took: 0.0001931 seconds
2024-10-02T00:38:11.353+0300: 338.396: Application time: 5.7352309 seconds
2024-10-02T00:38:11.353+0300: 338.396: [GC (Allocation Failure) 2024-10-02T00:38:11.353+0300: 338.396: [DefNew: 2237343K->418K(2516544K), 0.0006800 secs] 2241756K->4839K(8108992K), 0.0007220 secs] [Times: user=0.00 sys=0.00, real=0.00 secs] 
2024-10-02T00:38:11.353+0300: 338.397: Total time for which application threads were stopped: 0.0009229 seconds, Stopping threads took: 0.0001209 seconds
2024-10-02T00:38:17.081+0300: 344.122: Application time: 5.7249901 seconds
2024-10-02T00:38:17.081+0300: 344.122: [GC (Allocation Failure) 2024-10-02T00:38:17.081+0300: 344.122: [DefNew: 2237346K->414K(2516544K), 0.0007184 secs] 2241767K->4850K(8108992K), 0.0007710 secs] [Times: user=0.00 sys=0.00, real=0.00 secs] 
2024-10-02T00:38:17.081+0300: 344.123: Total time for which application threads were stopped: 0.0009834 seconds, Stopping threads took: 0.0001238 seconds
2024-10-02T00:38:22.791+0300: 349.843: Application time: 5.7195905 seconds
2024-10-02T00:38:22.791+0300: 349.843: [GC (Allocation Failure) 2024-10-02T00:38:22.791+0300: 349.843: [DefNew: 2237342K->395K(2516544K), 0.0007308 secs] 2241778K->4841K(8108992K), 0.0007920 secs] [Times: user=0.00 sys=0.00, real=0.00 secs] 
2024-10-02T00:38:22.791+0300: 349.844: Total time for which application threads were stopped: 0.0010449 seconds, Stopping threads took: 0.0001403 seconds
2024-10-02T00:38:28.534+0300: 355.576: Application time: 5.7323696 seconds
2024-10-02T00:38:28.534+0300: 355.576: [GC (Allocation Failure) 2024-10-02T00:38:28.534+0300: 355.576: [DefNew: 2237323K->408K(2516544K), 0.0006731 secs] 2241769K->4863K(8108992K), 0.0007196 secs] [Times: user=0.00 sys=0.00, real=0.00 secs] 
2024-10-02T00:38:28.534+0300: 355.577: Total time for which application threads were stopped: 0.0009690 seconds, Stopping threads took: 0.0001670 seconds
2024-10-02T00:38:34.262+0300: 361.314: Application time: 5.7365032 seconds
2024-10-02T00:38:34.262+0300: 361.314: [GC (Allocation Failure) 2024-10-02T00:38:34.262+0300: 361.314: [DefNew: 2237336K->413K(2516544K), 0.0006695 secs] 2241791K->4875K(8108992K), 0.0007379 secs] [Times: user=0.00 sys=0.00, real=0.00 secs] 
2024-10-02T00:38:34.262+0300: 361.315: Total time for which application threads were stopped: 0.0009882 seconds, Stopping threads took: 0.0001589 seconds
2024-10-02T00:38:39.991+0300: 367.042: Application time: 5.7275859 seconds
2024-10-02T00:38:39.991+0300: 367.042: [GC (Allocation Failure) 2024-10-02T00:38:39.991+0300: 367.042: [DefNew: 2237341K->414K(2516544K), 0.0006605 secs] 2241803K->4885K(8108992K), 0.0007134 secs] [Times: user=0.00 sys=0.00, real=0.00 secs] 
2024-10-02T00:38:39.991+0300: 367.043: Total time for which application threads were stopped: 0.0010099 seconds, Stopping threads took: 0.0002016 seconds
2024-10-02T00:38:45.733+0300: 372.774: Application time: 5.7313778 seconds
2024-10-02T00:38:45.733+0300: 372.775: [GC (Allocation Failure) 2024-10-02T00:38:45.733+0300: 372.775: [DefNew: 2237342K->413K(2516544K), 0.0006716 secs] 2241813K->4893K(8108992K), 0.0007133 secs] [Times: user=0.00 sys=0.00, real=0.00 secs] 
2024-10-02T00:38:45.733+0300: 372.775: Total time for which application threads were stopped: 0.0009475 seconds, Stopping threads took: 0.0001532 seconds
2024-10-02T00:38:51.461+0300: 378.510: Application time: 5.7348456 seconds
2024-10-02T00:38:51.461+0300: 378.511: [GC (Allocation Failure) 2024-10-02T00:38:51.461+0300: 378.511: [DefNew: 2237341K->408K(2516544K), 0.0007588 secs] 2241821K->4897K(8108992K), 0.0008030 secs] [Times: user=0.00 sys=0.00, real=0.00 secs] 
2024-10-02T00:38:51.461+0300: 378.511: Total time for which application threads were stopped: 0.0010777 seconds, Stopping threads took: 0.0001927 seconds
2024-10-02T00:38:57.218+0300: 384.264: Application time: 5.7528600 seconds
2024-10-02T00:38:57.218+0300: 384.264: [GC (Allocation Failure) 2024-10-02T00:38:57.218+0300: 384.264: [DefNew: 2237336K->413K(2516544K), 0.0006716 secs] 2241825K->4910K(8108992K), 0.0007263 secs] [Times: user=0.00 sys=0.00, real=0.00 secs] 
2024-10-02T00:38:57.218+0300: 384.265: Total time for which application threads were stopped: 0.0009118 seconds, Stopping threads took: 0.0001011 seconds
2024-10-02T00:39:02.991+0300: 390.040: Application time: 5.7748034 seconds
2024-10-02T00:39:02.991+0300: 390.040: [GC (Allocation Failure) 2024-10-02T00:39:02.991+0300: 390.040: [DefNew: 2237341K->407K(2516544K), 0.0006521 secs] 2241838K->4913K(8108992K), 0.0006947 secs] [Times: user=0.00 sys=0.00, real=0.00 secs] 
2024-10-02T00:39:02.991+0300: 390.041: Total time for which application threads were stopped: 0.0009416 seconds, Stopping threads took: 0.0001695 seconds
2024-10-02T00:39:08.737+0300: 395.781: Application time: 5.7402416 seconds
2024-10-02T00:39:08.737+0300: 395.781: [GC (Allocation Failure) 2024-10-02T00:39:08.737+0300: 395.781: [DefNew: 2237335K->399K(2516544K), 0.0008655 secs] 2241841K->4913K(8108992K), 0.0009416 secs] [Times: user=0.00 sys=0.00, real=0.00 secs] 
2024-10-02T00:39:08.737+0300: 395.782: Total time for which application threads were stopped: 0.0012283 seconds, Stopping threads took: 0.0001710 seconds
2024-10-02T00:39:14.466+0300: 401.510: Application time: 5.7274132 seconds
2024-10-02T00:39:14.466+0300: 401.510: [GC (Allocation Failure) 2024-10-02T00:39:14.466+0300: 401.510: [DefNew: 2237327K->413K(2516544K), 0.0007068 secs] 2241841K->4936K(8108992K), 0.0007629 secs] [Times: user=0.00 sys=0.00, real=0.00 secs] 
2024-10-02T00:39:14.466+0300: 401.511: Total time for which application threads were stopped: 0.0010240 seconds, Stopping threads took: 0.0001732 seconds
2024-10-02T00:39:20.208+0300: 407.251: Application time: 5.7401553 seconds
2024-10-02T00:39:20.208+0300: 407.251: [GC (Allocation Failure) 2024-10-02T00:39:20.208+0300: 407.251: [DefNew: 2237341K->415K(2516544K), 0.0006528 secs] 2241864K->4946K(8108992K), 0.0007043 secs] [Times: user=0.00 sys=0.00, real=0.00 secs] 
2024-10-02T00:39:20.208+0300: 407.252: Total time for which application threads were stopped: 0.0009557 seconds, Stopping threads took: 0.0001605 seconds
2024-10-02T00:39:25.938+0300: 412.978: Application time: 5.7261279 seconds
2024-10-02T00:39:25.938+0300: 412.978: [GC (Allocation Failure) 2024-10-02T00:39:25.938+0300: 412.978: [DefNew: 2237343K->415K(2516544K), 0.0006102 secs] 2241874K->4955K(8108992K), 0.0006498 secs] [Times: user=0.00 sys=0.00, real=0.00 secs] 
2024-10-02T00:39:25.938+0300: 412.979: Total time for which application threads were stopped: 0.0008584 seconds, Stopping threads took: 0.0001356 seconds
2024-10-02T00:39:31.681+0300: 418.728: Application time: 5.7490621 seconds
2024-10-02T00:39:31.681+0300: 418.728: [GC (Allocation Failure) 2024-10-02T00:39:31.681+0300: 418.728: [DefNew: 2237343K->413K(2516544K), 0.0006706 secs] 2241883K->4961K(8108992K), 0.0007224 secs] [Times: user=0.00 sys=0.00, real=0.00 secs] 
2024-10-02T00:39:31.681+0300: 418.729: Total time for which application threads were stopped: 0.0010387 seconds, Stopping threads took: 0.0002197 seconds
2024-10-02T00:39:37.409+0300: 424.464: Application time: 5.7344961 seconds
2024-10-02T00:39:37.409+0300: 424.464: [GC (Allocation Failure) 2024-10-02T00:39:37.409+0300: 424.464: [DefNew: 2237341K->414K(2516544K), 0.0007061 secs] 2241889K->4971K(8108992K), 0.0007545 secs] [Times: user=0.00 sys=0.00, real=0.02 secs] 
2024-10-02T00:39:37.424+0300: 424.465: Total time for which application threads were stopped: 0.0010280 seconds, Stopping threads took: 0.0001948 seconds
2024-10-02T00:39:43.153+0300: 430.201: Application time: 5.7369187 seconds
2024-10-02T00:39:43.153+0300: 430.202: [GC (Allocation Failure) 2024-10-02T00:39:43.153+0300: 430.202: [DefNew: 2237342K->393K(2516544K), 0.0007907 secs] 2241899K->4958K(8108992K), 0.0008551 secs] [Times: user=0.00 sys=0.00, real=0.00 secs] 
2024-10-02T00:39:43.153+0300: 430.203: Total time for which application threads were stopped: 0.0010889 seconds, Stopping threads took: 0.0001406 seconds
2024-10-02T00:39:48.884+0300: 435.935: Application time: 5.7320566 seconds
2024-10-02T00:39:48.884+0300: 435.935: [GC (Allocation Failure) 2024-10-02T00:39:48.884+0300: 435.935: [DefNew: 2237321K->411K(2516544K), 0.0006815 secs] 2241886K->4985K(8108992K), 0.0007258 secs] [Times: user=0.00 sys=0.00, real=0.00 secs] 
2024-10-02T00:39:48.884+0300: 435.936: Total time for which application threads were stopped: 0.0009824 seconds, Stopping threads took: 0.0001788 seconds
2024-10-02T00:39:54.626+0300: 441.669: Application time: 5.7336701 seconds
2024-10-02T00:39:54.626+0300: 441.670: [GC (Allocation Failure) 2024-10-02T00:39:54.626+0300: 441.670: [DefNew: 2237339K->410K(2516544K), 0.0007245 secs] 2241913K->4993K(8108992K), 0.0007724 secs] [Times: user=0.00 sys=0.00, real=0.00 secs] 
2024-10-02T00:39:54.626+0300: 441.670: Total time for which application threads were stopped: 0.0010229 seconds, Stopping threads took: 0.0001605 seconds
2024-10-02T00:40:00.369+0300: 447.409: Application time: 5.7391522 seconds
2024-10-02T00:40:00.369+0300: 447.410: [GC (Allocation Failure) 2024-10-02T00:40:00.369+0300: 447.410: [DefNew: 2237338K->396K(2516544K), 0.0007181 secs] 2241921K->4987K(8108992K), 0.0007854 secs] [Times: user=0.00 sys=0.00, real=0.00 secs] 
2024-10-02T00:40:00.369+0300: 447.411: Total time for which application threads were stopped: 0.0011071 seconds, Stopping threads took: 0.0002014 seconds
2024-10-02T00:40:06.160+0300: 453.208: Application time: 5.7975780 seconds
2024-10-02T00:40:06.160+0300: 453.208: [GC (Allocation Failure) 2024-10-02T00:40:06.160+0300: 453.208: [DefNew: 2237324K->411K(2516544K), 0.0006348 secs] 2241915K->5010K(8108992K), 0.0006764 secs] [Times: user=0.00 sys=0.00, real=0.00 secs] 
2024-10-02T00:40:06.160+0300: 453.209: Total time for which application threads were stopped: 0.0009149 seconds, Stopping threads took: 0.0001565 seconds
2024-10-02T00:40:11.904+0300: 458.950: Application time: 5.7407313 seconds
2024-10-02T00:40:11.904+0300: 458.950: [GC (Allocation Failure) 2024-10-02T00:40:11.904+0300: 458.950: [DefNew: 2237339K->413K(2516544K), 0.0008538 secs] 2241938K->5020K(8108992K), 0.0009420 secs] [Times: user=0.00 sys=0.00, real=0.00 secs] 
2024-10-02T00:40:11.904+0300: 458.951: Total time for which application threads were stopped: 0.0012443 seconds, Stopping threads took: 0.0001817 seconds
2024-10-02T00:40:17.646+0300: 464.691: Application time: 5.7395582 seconds
2024-10-02T00:40:17.646+0300: 464.691: [GC (Allocation Failure) 2024-10-02T00:40:17.646+0300: 464.691: [DefNew: 2237341K->413K(2516544K), 0.0006745 secs] 2241948K->5029K(8108992K), 0.0007224 secs] [Times: user=0.00 sys=0.00, real=0.00 secs] 
2024-10-02T00:40:17.646+0300: 464.692: Total time for which application threads were stopped: 0.0009485 seconds, Stopping threads took: 0.0001338 seconds
2024-10-02T00:40:23.469+0300: 470.520: Application time: 5.8283217 seconds
2024-10-02T00:40:23.469+0300: 470.520: [GC (Allocation Failure) 2024-10-02T00:40:23.469+0300: 470.520: [DefNew: 2237341K->414K(2516544K), 0.0006949 secs] 2241957K->5038K(8108992K), 0.0007499 secs] [Times: user=0.00 sys=0.00, real=0.00 secs] 
2024-10-02T00:40:23.469+0300: 470.521: Total time for which application threads were stopped: 0.0010483 seconds, Stopping threads took: 0.0001917 seconds
2024-10-02T00:40:29.228+0300: 476.279: Application time: 5.7584412 seconds
2024-10-02T00:40:29.228+0300: 476.280: [GC (Allocation Failure) 2024-10-02T00:40:29.228+0300: 476.280: [DefNew: 2237342K->415K(2516544K), 0.0006855 secs] 2241966K->5049K(8108992K), 0.0007340 secs] [Times: user=0.00 sys=0.00, real=0.00 secs] 
2024-10-02T00:40:29.228+0300: 476.280: Total time for which application threads were stopped: 0.0010089 seconds, Stopping threads took: 0.0001742 seconds
2024-10-02T00:40:34.972+0300: 482.023: Application time: 5.7429723 seconds
2024-10-02T00:40:34.972+0300: 482.024: [GC (Allocation Failure) 2024-10-02T00:40:34.972+0300: 482.024: [DefNew: 2237343K->413K(2516544K), 0.0007123 secs] 2241977K->5055K(8108992K), 0.0007729 secs] [Times: user=0.00 sys=0.00, real=0.01 secs] 
2024-10-02T00:40:34.985+0300: 482.024: Total time for which application threads were stopped: 0.0011415 seconds, Stopping threads took: 0.0002453 seconds
2024-10-02T00:40:40.731+0300: 487.782: Application time: 5.7577049 seconds
2024-10-02T00:40:40.731+0300: 487.782: [GC (Allocation Failure) 2024-10-02T00:40:40.731+0300: 487.783: [DefNew: 2237341K->413K(2516544K), 0.0007068 secs] 2241983K->5063K(8108992K), 0.0007467 secs] [Times: user=0.00 sys=0.00, real=0.01 secs] 
2024-10-02T00:40:40.743+0300: 487.783: Total time for which application threads were stopped: 0.0010550 seconds, Stopping threads took: 0.0001930 seconds
2024-10-02T00:40:46.483+0300: 493.526: Application time: 5.7425076 seconds
2024-10-02T00:40:46.483+0300: 493.526: [GC (Allocation Failure) 2024-10-02T00:40:46.483+0300: 493.526: [DefNew: 2237341K->413K(2516544K), 0.0006471 secs] 2241991K->5072K(8108992K), 0.0007009 secs] [Times: user=0.00 sys=0.00, real=0.00 secs] 
2024-10-02T00:40:46.483+0300: 493.527: Total time for which application threads were stopped: 0.0009897 seconds, Stopping threads took: 0.0002014 seconds
2024-10-02T00:40:49.991+0300: 497.032: Application time: 3.5052530 seconds
2024-10-02T00:40:49.991+0300: 497.032: Total time for which application threads were stopped: 0.0001956 seconds, Stopping threads took: 0.0001403 seconds
2024-10-02T00:40:49.991+0300: 497.040: Application time: 0.0074571 seconds
2024-10-02T00:40:49.991+0300: 497.040: Total time for which application threads were stopped: 0.0001050 seconds, Stopping threads took: 0.0000798 seconds
2024-10-02T00:40:50.022+0300: 497.075: Application time: 0.0354393 seconds
2024-10-02T00:40:50.022+0300: 497.075: Total time for which application threads were stopped: 0.0000955 seconds, Stopping threads took: 0.0000573 seconds
2024-10-02T00:40:50.089+0300: 497.135: Application time: 0.0599042 seconds
2024-10-02T00:40:50.089+0300: 497.136: Total time for which application threads were stopped: 0.0005969 seconds, Stopping threads took: 0.0005440 seconds
2024-10-02T00:40:52.171+0300: 499.225: Application time: 2.0888719 seconds
2024-10-02T00:40:52.171+0300: 499.225: [GC (Allocation Failure) 2024-10-02T00:40:52.171+0300: 499.225: [DefNew: 2237341K->417K(2516544K), 0.0006745 secs] 2242000K->5084K(8108992K), 0.0007476 secs] [Times: user=0.00 sys=0.00, real=0.00 secs] 
2024-10-02T00:40:52.171+0300: 499.226: Total time for which application threads were stopped: 0.0010107 seconds, Stopping threads took: 0.0001774 seconds
2024-10-02T00:40:57.931+0300: 504.971: Application time: 5.7454582 seconds
2024-10-02T00:40:57.931+0300: 504.971: [GC (Allocation Failure) 2024-10-02T00:40:57.931+0300: 504.971: [DefNew: 2237345K->417K(2516544K), 0.0007119 secs] 2242012K->5093K(8108992K), 0.0007584 secs] [Times: user=0.00 sys=0.00, real=0.00 secs] 
2024-10-02T00:40:57.931+0300: 504.972: Total time for which application threads were stopped: 0.0010167 seconds, Stopping threads took: 0.0001663 seconds
2024-10-02T00:41:03.674+0300: 510.720: Application time: 5.7474056 seconds
2024-10-02T00:41:03.674+0300: 510.720: [GC (Allocation Failure) 2024-10-02T00:41:03.674+0300: 510.720: [DefNew: 2237345K->420K(2516544K), 0.0007326 secs] 2242021K->5104K(8108992K), 0.0007875 secs] [Times: user=0.00 sys=0.00, real=0.00 secs] 
2024-10-02T00:41:03.674+0300: 510.721: Total time for which application threads were stopped: 0.0011440 seconds, Stopping threads took: 0.0002468 seconds
2024-10-02T00:41:09.436+0300: 516.484: Application time: 5.7637125 seconds
2024-10-02T00:41:09.436+0300: 516.485: [GC (Allocation Failure) 2024-10-02T00:41:09.436+0300: 516.485: [DefNew: 2237348K->416K(2516544K), 0.0006441 secs] 2242032K->5109K(8108992K), 0.0006884 secs] [Times: user=0.00 sys=0.00, real=0.00 secs] 
2024-10-02T00:41:09.436+0300: 516.485: Total time for which application threads were stopped: 0.0009429 seconds, Stopping threads took: 0.0001707 seconds
2024-10-02T00:41:15.194+0300: 522.244: Application time: 5.7586961 seconds
2024-10-02T00:41:15.194+0300: 522.244: [GC (Allocation Failure) 2024-10-02T00:41:15.194+0300: 522.244: [DefNew: 2237344K->417K(2516544K), 0.0006852 secs] 2242037K->5119K(8108992K), 0.0007292 secs] [Times: user=0.00 sys=0.00, real=0.00 secs] 
2024-10-02T00:41:15.194+0300: 522.245: Total time for which application threads were stopped: 0.0009816 seconds, Stopping threads took: 0.0001726 seconds
2024-10-02T00:41:20.907+0300: 527.955: Application time: 5.7096487 seconds
2024-10-02T00:41:20.907+0300: 527.955: [GC (Allocation Failure) 2024-10-02T00:41:20.907+0300: 527.955: [DefNew: 2237345K->418K(2516544K), 0.0006717 secs] 2242047K->5128K(8108992K), 0.0007301 secs] [Times: user=0.00 sys=0.00, real=0.00 secs] 
2024-10-02T00:41:20.907+0300: 527.956: Total time for which application threads were stopped: 0.0009542 seconds, Stopping threads took: 0.0001114 seconds
2024-10-02T00:41:26.653+0300: 533.698: Application time: 5.7427332 seconds
2024-10-02T00:41:26.653+0300: 533.699: [GC (Allocation Failure) 2024-10-02T00:41:26.653+0300: 533.699: [DefNew: 2237346K->419K(2516544K), 0.0006232 secs] 2242056K->5138K(8108992K), 0.0006665 secs] [Times: user=0.00 sys=0.00, real=0.00 secs] 
2024-10-02T00:41:26.653+0300: 533.699: Total time for which application threads were stopped: 0.0009240 seconds, Stopping threads took: 0.0001814 seconds
2024-10-02T00:41:32.396+0300: 539.437: Application time: 5.7374518 seconds
2024-10-02T00:41:32.396+0300: 539.437: [GC (Allocation Failure) 2024-10-02T00:41:32.396+0300: 539.437: [DefNew: 2237347K->415K(2516544K), 0.0006271 secs] 2242066K->5142K(8108992K), 0.0006647 secs] [Times: user=0.00 sys=0.00, real=0.00 secs] 
2024-10-02T00:41:32.396+0300: 539.438: Total time for which application threads were stopped: 0.0008507 seconds, Stopping threads took: 0.0001118 seconds
2024-10-02T00:41:38.140+0300: 545.190: Application time: 5.7527516 seconds
2024-10-02T00:41:38.140+0300: 545.191: [GC (Allocation Failure) 2024-10-02T00:41:38.140+0300: 545.191: [DefNew: 2237343K->418K(2516544K), 0.0006951 secs] 2242070K->5153K(8108992K), 0.0007496 secs] [Times: user=0.00 sys=0.00, real=0.00 secs] 
2024-10-02T00:41:38.140+0300: 545.191: Total time for which application threads were stopped: 0.0010452 seconds, Stopping threads took: 0.0001891 seconds
2024-10-02T00:41:43.868+0300: 550.919: Application time: 5.7274191 seconds
2024-10-02T00:41:43.868+0300: 550.919: [GC (Allocation Failure) 2024-10-02T00:41:43.868+0300: 550.919: [DefNew: 2237346K->416K(2516544K), 0.0006870 secs] 2242081K->5161K(8108992K), 0.0007398 secs] [Times: user=0.00 sys=0.00, real=0.00 secs] 
2024-10-02T00:41:43.868+0300: 550.920: Total time for which application threads were stopped: 0.0010114 seconds, Stopping threads took: 0.0001785 seconds
2024-10-02T00:41:49.595+0300: 556.636: Application time: 5.7165681 seconds
2024-10-02T00:41:49.595+0300: 556.637: [GC (Allocation Failure) 2024-10-02T00:41:49.595+0300: 556.637: [DefNew: 2237344K->417K(2516544K), 0.0007554 secs] 2242089K->5170K(8108992K), 0.0008158 secs] [Times: user=0.00 sys=0.00, real=0.00 secs] 
2024-10-02T00:41:49.595+0300: 556.638: Total time for which application threads were stopped: 0.0010516 seconds, Stopping threads took: 0.0001367 seconds
2024-10-02T00:41:55.308+0300: 562.363: Application time: 5.7256269 seconds
2024-10-02T00:41:55.324+0300: 562.363: [GC (Allocation Failure) 2024-10-02T00:41:55.324+0300: 562.363: [DefNew: 2237345K->417K(2516544K), 0.0007538 secs] 2242098K->5178K(8108992K), 0.0008254 secs] [Times: user=0.00 sys=0.00, real=0.00 secs] 
2024-10-02T00:41:55.324+0300: 562.364: Total time for which application threads were stopped: 0.0010641 seconds, Stopping threads took: 0.0001493 seconds
2024-10-02T00:42:01.114+0300: 568.159: Application time: 5.7949497 seconds
2024-10-02T00:42:01.114+0300: 568.159: [GC (Allocation Failure) 2024-10-02T00:42:01.114+0300: 568.159: [DefNew: 2237345K->418K(2516544K), 0.0006400 secs] 2242106K->5187K(8108992K), 0.0006868 secs] [Times: user=0.00 sys=0.00, real=0.00 secs] 
2024-10-02T00:42:01.114+0300: 568.160: Total time for which application threads were stopped: 0.0009292 seconds, Stopping threads took: 0.0001544 seconds
2024-10-02T00:42:07.123+0300: 574.163: Application time: 6.0025585 seconds
2024-10-02T00:42:07.123+0300: 574.163: [GC (Allocation Failure) 2024-10-02T00:42:07.123+0300: 574.163: [DefNew: 2237346K->415K(2516544K), 0.0007082 secs] 2242115K->5193K(8108992K), 0.0007551 secs] [Times: user=0.00 sys=0.00, real=0.00 secs] 
2024-10-02T00:42:07.123+0300: 574.164: Total time for which application threads were stopped: 0.0009900 seconds, Stopping threads took: 0.0001494 seconds
2024-10-02T00:42:12.855+0300: 579.909: Application time: 5.7450554 seconds
2024-10-02T00:42:12.855+0300: 579.909: [GC (Allocation Failure) 2024-10-02T00:42:12.855+0300: 579.909: [DefNew: 2237343K->414K(2516544K), 0.0007693 secs] 2242121K->5202K(8108992K), 0.0008387 secs] [Times: user=0.00 sys=0.00, real=0.00 secs] 
2024-10-02T00:42:12.855+0300: 579.910: Total time for which application threads were stopped: 0.0011692 seconds, Stopping threads took: 0.0002295 seconds
2024-10-02T00:42:18.660+0300: 585.709: Application time: 5.7986184 seconds
2024-10-02T00:42:18.660+0300: 585.709: [GC (Allocation Failure) 2024-10-02T00:42:18.660+0300: 585.709: [DefNew: 2237342K->410K(2516544K), 0.0006953 secs] 2242130K->5210K(8108992K), 0.0007508 secs] [Times: user=0.00 sys=0.00, real=0.00 secs] 
2024-10-02T00:42:18.660+0300: 585.709: Total time for which application threads were stopped: 0.0009779 seconds, Stopping threads took: 0.0001248 seconds
2024-10-02T00:42:24.418+0300: 591.465: Application time: 5.7557330 seconds
2024-10-02T00:42:24.418+0300: 591.465: [GC (Allocation Failure) 2024-10-02T00:42:24.418+0300: 591.466: [DefNew: 2237338K->411K(2516544K), 0.0006801 secs] 2242138K->5219K(8108992K), 0.0007269 secs] [Times: user=0.00 sys=0.00, real=0.00 secs] 
2024-10-02T00:42:24.418+0300: 591.466: Total time for which application threads were stopped: 0.0009933 seconds, Stopping threads took: 0.0001734 seconds
2024-10-02T00:42:30.145+0300: 597.191: Application time: 5.7246962 seconds
2024-10-02T00:42:30.145+0300: 597.191: [GC (Allocation Failure) 2024-10-02T00:42:30.145+0300: 597.191: [DefNew: 2237339K->416K(2516544K), 0.0006500 secs] 2242147K->5232K(8108992K), 0.0006964 secs] [Times: user=0.00 sys=0.00, real=0.00 secs] 
2024-10-02T00:42:30.145+0300: 597.192: Total time for which application threads were stopped: 0.0009431 seconds, Stopping threads took: 0.0001688 seconds
2024-10-02T00:42:35.873+0300: 602.918: Application time: 5.7265238 seconds
2024-10-02T00:42:35.873+0300: 602.919: [GC (Allocation Failure) 2024-10-02T00:42:35.873+0300: 602.919: [DefNew: 2237344K->414K(2516544K), 0.0007705 secs] 2242160K->5240K(8108992K), 0.0008405 secs] [Times: user=0.00 sys=0.00, real=0.00 secs] 
2024-10-02T00:42:35.873+0300: 602.920: Total time for which application threads were stopped: 0.0011586 seconds, Stopping threads took: 0.0002093 seconds
2024-10-02T00:42:41.614+0300: 608.654: Application time: 5.7344026 seconds
2024-10-02T00:42:41.614+0300: 608.654: [GC (Allocation Failure) 2024-10-02T00:42:41.614+0300: 608.654: [DefNew: 2237342K->409K(2516544K), 0.0006269 secs] 2242168K->5243K(8108992K), 0.0006664 secs] [Times: user=0.00 sys=0.00, real=0.00 secs] 
2024-10-02T00:42:41.614+0300: 608.655: Total time for which application threads were stopped: 0.0008537 seconds, Stopping threads took: 0.0001123 seconds
2024-10-02T00:42:47.344+0300: 614.396: Application time: 5.7411874 seconds
2024-10-02T00:42:47.344+0300: 614.396: [GC (Allocation Failure) 2024-10-02T00:42:47.344+0300: 614.396: [DefNew: 2237337K->414K(2516544K), 0.0006950 secs] 2242171K->5256K(8108992K), 0.0007566 secs] [Times: user=0.00 sys=0.00, real=0.00 secs] 
2024-10-02T00:42:47.344+0300: 614.397: Total time for which application threads were stopped: 0.0010458 seconds, Stopping threads took: 0.0001992 seconds
2024-10-02T00:42:53.085+0300: 620.134: Application time: 5.7372923 seconds
2024-10-02T00:42:53.085+0300: 620.135: [GC (Allocation Failure) 2024-10-02T00:42:53.085+0300: 620.135: [DefNew: 2237342K->410K(2516544K), 0.0007176 secs] 2242184K->5261K(8108992K), 0.0007771 secs] [Times: user=0.01 sys=0.00, real=0.00 secs] 
2024-10-02T00:42:53.085+0300: 620.135: Total time for which application threads were stopped: 0.0010841 seconds, Stopping threads took: 0.0001976 seconds
2024-10-02T00:42:58.829+0300: 625.871: Application time: 5.7359639 seconds
2024-10-02T00:42:58.829+0300: 625.872: [GC (Allocation Failure) 2024-10-02T00:42:58.829+0300: 625.872: [DefNew: 2237338K->413K(2516544K), 0.0007457 secs] 2242189K->5273K(8108992K), 0.0008032 secs] [Times: user=0.00 sys=0.00, real=0.00 secs] 
2024-10-02T00:42:58.829+0300: 625.872: Total time for which application threads were stopped: 0.0010515 seconds, Stopping threads took: 0.0001511 seconds
2024-10-02T00:43:04.559+0300: 631.611: Application time: 5.7384543 seconds
2024-10-02T00:43:04.559+0300: 631.611: [GC (Allocation Failure) 2024-10-02T00:43:04.559+0300: 631.611: [DefNew: 2237341K->407K(2516544K), 0.0008014 secs] 2242201K->5275K(8108992K), 0.0008595 secs] [Times: user=0.00 sys=0.00, real=0.00 secs] 
2024-10-02T00:43:04.559+0300: 631.612: Total time for which application threads were stopped: 0.0010879 seconds, Stopping threads took: 0.0001392 seconds
2024-10-02T00:43:10.303+0300: 637.347: Application time: 5.7347923 seconds
2024-10-02T00:43:10.303+0300: 637.347: [GC (Allocation Failure) 2024-10-02T00:43:10.303+0300: 637.347: [DefNew: 2237335K->369K(2516544K), 0.0006648 secs] 2242203K->5246K(8108992K), 0.0007134 secs] [Times: user=0.00 sys=0.00, real=0.00 secs] 
2024-10-02T00:43:10.303+0300: 637.348: Total time for which application threads were stopped: 0.0009252 seconds, Stopping threads took: 0.0001220 seconds
2024-10-02T00:43:16.041+0300: 643.084: Application time: 5.7364197 seconds
2024-10-02T00:43:16.041+0300: 643.084: [GC (Allocation Failure) 2024-10-02T00:43:16.041+0300: 643.084: [DefNew: 2237297K->413K(2516544K), 0.0006935 secs] 2242174K->5298K(8108992K), 0.0007494 secs] [Times: user=0.00 sys=0.00, real=0.00 secs] 
2024-10-02T00:43:16.041+0300: 643.085: Total time for which application threads were stopped: 0.0009673 seconds, Stopping threads took: 0.0001265 seconds
2024-10-02T00:43:21.792+0300: 648.839: Application time: 5.7538169 seconds
2024-10-02T00:43:21.792+0300: 648.839: [GC (Allocation Failure) 2024-10-02T00:43:21.792+0300: 648.839: [DefNew: 2237341K->415K(2516544K), 0.0007337 secs] 2242226K->5309K(8108992K), 0.0007779 secs] [Times: user=0.00 sys=0.00, real=0.00 secs] 
2024-10-02T00:43:21.792+0300: 648.840: Total time for which application threads were stopped: 0.0010048 seconds, Stopping threads took: 0.0001332 seconds
2024-10-02T00:43:27.597+0300: 654.650: Application time: 5.8098375 seconds
2024-10-02T00:43:27.597+0300: 654.650: [GC (Allocation Failure) 2024-10-02T00:43:27.597+0300: 654.650: [DefNew: 2237343K->413K(2516544K), 0.0007230 secs] 2242237K->5315K(8108992K), 0.0007774 secs] [Times: user=0.00 sys=0.00, real=0.00 secs] 
2024-10-02T00:43:27.597+0300: 654.651: Total time for which application threads were stopped: 0.0010339 seconds, Stopping threads took: 0.0001432 seconds
2024-10-02T00:43:33.358+0300: 660.403: Application time: 5.7524254 seconds
2024-10-02T00:43:33.358+0300: 660.403: [GC (Allocation Failure) 2024-10-02T00:43:33.358+0300: 660.403: [DefNew: 2237341K->408K(2516544K), 0.0006627 secs] 2242243K->5319K(8108992K), 0.0007034 secs] [Times: user=0.00 sys=0.00, real=0.00 secs] 
2024-10-02T00:43:33.358+0300: 660.404: Total time for which application threads were stopped: 0.0009392 seconds, Stopping threads took: 0.0001430 seconds
2024-10-02T00:43:39.103+0300: 666.144: Application time: 5.7400970 seconds
2024-10-02T00:43:39.103+0300: 666.144: [GC (Allocation Failure) 2024-10-02T00:43:39.103+0300: 666.145: [DefNew: 2237336K->413K(2516544K), 0.0006099 secs] 2242247K->5333K(8108992K), 0.0006510 secs] [Times: user=0.00 sys=0.00, real=0.00 secs] 
2024-10-02T00:43:39.103+0300: 666.145: Total time for which application threads were stopped: 0.0008737 seconds, Stopping threads took: 0.0001431 seconds
2024-10-02T00:43:44.831+0300: 671.878: Application time: 5.7331631 seconds
2024-10-02T00:43:44.831+0300: 671.879: [GC (Allocation Failure) 2024-10-02T00:43:44.831+0300: 671.879: [DefNew: 2237341K->411K(2516544K), 0.0006456 secs] 2242261K->5339K(8108992K), 0.0006906 secs] [Times: user=0.00 sys=0.00, real=0.00 secs] 
2024-10-02T00:43:44.831+0300: 671.879: Total time for which application threads were stopped: 0.0009874 seconds, Stopping threads took: 0.0002106 seconds
2024-10-02T00:43:50.574+0300: 677.622: Application time: 5.7426786 seconds
2024-10-02T00:43:50.574+0300: 677.622: [GC (Allocation Failure) 2024-10-02T00:43:50.574+0300: 677.622: [DefNew: 2237339K->413K(2516544K), 0.0006608 secs] 2242267K->5350K(8108992K), 0.0007051 secs] [Times: user=0.00 sys=0.00, real=0.00 secs] 
2024-10-02T00:43:50.574+0300: 677.623: Total time for which application threads were stopped: 0.0009478 seconds, Stopping threads took: 0.0001579 seconds
2024-10-02T00:43:56.317+0300: 683.371: Application time: 5.7482566 seconds
2024-10-02T00:43:56.317+0300: 683.371: [GC (Allocation Failure) 2024-10-02T00:43:56.317+0300: 683.371: [DefNew: 2237341K->409K(2516544K), 0.0007311 secs] 2242278K->5354K(8108992K), 0.0007868 secs] [Times: user=0.00 sys=0.00, real=0.02 secs] 
2024-10-02T00:43:56.333+0300: 683.372: Total time for which application threads were stopped: 0.0010839 seconds, Stopping threads took: 0.0001894 seconds
2024-10-02T00:44:02.061+0300: 689.113: Application time: 5.7406507 seconds
2024-10-02T00:44:02.061+0300: 689.113: [GC (Allocation Failure) 2024-10-02T00:44:02.061+0300: 689.113: [DefNew: 2237337K->408K(2516544K), 0.0006155 secs] 2242282K->5362K(8108992K), 0.0006632 secs] [Times: user=0.00 sys=0.00, real=0.00 secs] 
2024-10-02T00:44:02.061+0300: 689.114: Total time for which application threads were stopped: 0.0009138 seconds, Stopping threads took: 0.0001691 seconds
2024-10-02T00:44:07.805+0300: 694.853: Application time: 5.7393506 seconds
2024-10-02T00:44:07.805+0300: 694.853: [GC (Allocation Failure) 2024-10-02T00:44:07.805+0300: 694.854: [DefNew: 2237336K->411K(2516544K), 0.0006731 secs] 2242290K->5373K(8108992K), 0.0007714 secs] [Times: user=0.00 sys=0.00, real=0.00 secs] 
2024-10-02T00:44:07.805+0300: 694.854: Total time for which application threads were stopped: 0.0010603 seconds, Stopping threads took: 0.0001904 seconds
2024-10-02T00:44:13.548+0300: 700.591: Application time: 5.7366584 seconds
2024-10-02T00:44:13.548+0300: 700.591: [GC (Allocation Failure) 2024-10-02T00:44:13.548+0300: 700.591: [DefNew: 2237339K->410K(2516544K), 0.0006514 secs] 2242301K->5381K(8108992K), 0.0007096 secs] [Times: user=0.00 sys=0.00, real=0.00 secs] 
2024-10-02T00:44:13.548+0300: 700.592: Total time for which application threads were stopped: 0.0009928 seconds, Stopping threads took: 0.0001538 seconds
2024-10-02T00:44:19.291+0300: 706.333: Application time: 5.7409632 seconds
2024-10-02T00:44:19.291+0300: 706.333: [GC (Allocation Failure) 2024-10-02T00:44:19.291+0300: 706.333: [DefNew: 2237338K->414K(2516544K), 0.0006966 secs] 2242309K->5393K(8108992K), 0.0007454 secs] [Times: user=0.00 sys=0.00, real=0.00 secs] 
2024-10-02T00:44:19.291+0300: 706.334: Total time for which application threads were stopped: 0.0009698 seconds, Stopping threads took: 0.0001214 seconds
2024-10-02T00:44:25.018+0300: 712.063: Application time: 5.7295717 seconds
2024-10-02T00:44:25.018+0300: 712.064: [GC (Allocation Failure) 2024-10-02T00:44:25.018+0300: 712.064: [DefNew: 2237342K->415K(2516544K), 0.0006860 secs] 2242321K->5403K(8108992K), 0.0007324 secs] [Times: user=0.00 sys=0.00, real=0.00 secs] 
2024-10-02T00:44:25.018+0300: 712.064: Total time for which application threads were stopped: 0.0010008 seconds, Stopping threads took: 0.0001660 seconds
2024-10-02T00:44:30.769+0300: 717.812: Application time: 5.7477302 seconds
2024-10-02T00:44:30.769+0300: 717.812: [GC (Allocation Failure) 2024-10-02T00:44:30.769+0300: 717.812: [DefNew: 2237343K->413K(2516544K), 0.0006934 secs] 2242331K->5409K(8108992K), 0.0007384 secs] [Times: user=0.00 sys=0.00, real=0.00 secs] 
2024-10-02T00:44:30.769+0300: 717.813: Total time for which application threads were stopped: 0.0009717 seconds, Stopping threads took: 0.0001519 seconds
2024-10-02T00:44:36.543+0300: 723.583: Application time: 5.7700519 seconds
2024-10-02T00:44:36.543+0300: 723.583: [GC (Allocation Failure) 2024-10-02T00:44:36.543+0300: 723.583: [DefNew: 2237341K->413K(2516544K), 0.0007387 secs] 2242337K->5418K(8108992K), 0.0007811 secs] [Times: user=0.00 sys=0.00, real=0.00 secs] 
2024-10-02T00:44:36.543+0300: 723.584: Total time for which application threads were stopped: 0.0009737 seconds, Stopping threads took: 0.0001069 seconds
2024-10-02T00:44:42.296+0300: 729.337: Application time: 5.7524905 seconds
2024-10-02T00:44:42.296+0300: 729.337: [GC (Allocation Failure) 2024-10-02T00:44:42.296+0300: 729.337: [DefNew: 2237341K->411K(2516544K), 0.0007578 secs] 2242346K->5424K(8108992K), 0.0008050 secs] [Times: user=0.00 sys=0.00, real=0.00 secs] 
2024-10-02T00:44:42.296+0300: 729.338: Total time for which application threads were stopped: 0.0010176 seconds, Stopping threads took: 0.0001164 seconds
2024-10-02T00:44:48.023+0300: 735.074: Application time: 5.7363377 seconds
2024-10-02T00:44:48.023+0300: 735.074: [GC (Allocation Failure) 2024-10-02T00:44:48.023+0300: 735.074: [DefNew: 2237339K->413K(2516544K), 0.0008133 secs] 2242352K->5435K(8108992K), 0.0008743 secs] [Times: user=0.00 sys=0.00, real=0.00 secs] 
2024-10-02T00:44:48.023+0300: 735.075: Total time for which application threads were stopped: 0.0011900 seconds, Stopping threads took: 0.0002136 seconds
2024-10-02T00:44:50.346+0300: 737.387: Application time: 2.3114141 seconds
2024-10-02T00:44:50.346+0300: 737.387: Total time for which application threads were stopped: 0.0002004 seconds, Stopping threads took: 0.0001593 seconds
2024-10-02T00:44:50.519+0300: 737.569: Application time: 0.1823095 seconds
2024-10-02T00:44:50.519+0300: 737.569: Total time for which application threads were stopped: 0.0002150 seconds, Stopping threads took: 0.0001559 seconds
2024-10-02T00:44:50.565+0300: 737.618: Application time: 0.0487884 seconds
2024-10-02T00:44:50.565+0300: 737.618: Total time for which application threads were stopped: 0.0001407 seconds, Stopping threads took: 0.0000948 seconds
2024-10-02T00:44:50.581+0300: 737.633: Application time: 0.0149146 seconds
2024-10-02T00:44:50.581+0300: 737.633: Total time for which application threads were stopped: 0.0001035 seconds, Stopping threads took: 0.0000701 seconds
2024-10-02T00:44:50.644+0300: 737.696: Application time: 0.0626655 seconds
2024-10-02T00:44:50.644+0300: 737.696: Total time for which application threads were stopped: 0.0004539 seconds, Stopping threads took: 0.0004322 seconds
2024-10-02T00:44:53.768+0300: 740.812: Application time: 3.1150627 seconds
2024-10-02T00:44:53.768+0300: 740.812: [GC (Allocation Failure) 2024-10-02T00:44:53.768+0300: 740.812: [DefNew: 2237341K->412K(2516544K), 0.0007018 secs] 2242363K->5443K(8108992K), 0.0007523 secs] [Times: user=0.00 sys=0.00, real=0.00 secs] 
2024-10-02T00:44:53.768+0300: 740.813: Total time for which application threads were stopped: 0.0009881 seconds, Stopping threads took: 0.0001587 seconds
2024-10-02T00:44:59.525+0300: 746.574: Application time: 5.7615272 seconds
2024-10-02T00:44:59.525+0300: 746.574: [GC (Allocation Failure) 2024-10-02T00:44:59.525+0300: 746.574: [DefNew: 2237340K->420K(2516544K), 0.0006573 secs] 2242371K->5459K(8108992K), 0.0007010 secs] [Times: user=0.00 sys=0.00, real=0.00 secs] 
2024-10-02T00:44:59.525+0300: 746.575: Total time for which application threads were stopped: 0.0009559 seconds, Stopping threads took: 0.0001679 seconds
2024-10-02T00:45:05.283+0300: 752.338: Application time: 5.7632987 seconds
2024-10-02T00:45:05.299+0300: 752.339: [GC (Allocation Failure) 2024-10-02T00:45:05.299+0300: 752.339: [DefNew: 2237348K->417K(2516544K), 0.0007317 secs] 2242387K->5464K(8108992K), 0.0008236 secs] [Times: user=0.00 sys=0.00, real=0.00 secs] 
2024-10-02T00:45:05.299+0300: 752.339: Total time for which application threads were stopped: 0.0011234 seconds, Stopping threads took: 0.0001698 seconds
2024-10-02T00:45:11.013+0300: 758.053: Application time: 5.7139272 seconds
2024-10-02T00:45:11.013+0300: 758.054: [GC (Allocation Failure) 2024-10-02T00:45:11.013+0300: 758.054: [DefNew: 2237345K->413K(2516544K), 0.0008323 secs] 2242392K->5469K(8108992K), 0.0009077 secs] [Times: user=0.00 sys=0.00, real=0.00 secs] 
2024-10-02T00:45:11.013+0300: 758.054: Total time for which application threads were stopped: 0.0011072 seconds, Stopping threads took: 0.0000874 seconds
2024-10-02T00:45:16.725+0300: 763.772: Application time: 5.7179984 seconds
2024-10-02T00:45:16.725+0300: 763.773: [GC (Allocation Failure) 2024-10-02T00:45:16.725+0300: 763.773: [DefNew: 2237341K->417K(2516544K), 0.0006905 secs] 2242397K->5481K(8108992K), 0.0007381 secs] [Times: user=0.00 sys=0.00, real=0.00 secs] 
2024-10-02T00:45:16.725+0300: 763.773: Total time for which application threads were stopped: 0.0010152 seconds, Stopping threads took: 0.0001912 seconds
2024-10-02T00:45:22.468+0300: 769.514: Application time: 5.7401748 seconds
2024-10-02T00:45:22.468+0300: 769.514: [GC (Allocation Failure) 2024-10-02T00:45:22.468+0300: 769.514: [DefNew: 2237345K->412K(2516544K), 0.0007289 secs] 2242409K->5485K(8108992K), 0.0008023 secs] [Times: user=0.00 sys=0.00, real=0.00 secs] 
2024-10-02T00:45:22.468+0300: 769.515: Total time for which application threads were stopped: 0.0010250 seconds, Stopping threads took: 0.0001210 seconds
2024-10-02T00:45:28.181+0300: 775.235: Application time: 5.7207358 seconds
2024-10-02T00:45:28.181+0300: 775.236: [GC (Allocation Failure) 2024-10-02T00:45:28.181+0300: 775.236: [DefNew: 2237340K->418K(2516544K), 0.0007032 secs] 2242413K->5500K(8108992K), 0.0046718 secs] [Times: user=0.00 sys=0.00, real=0.02 secs] 
2024-10-02T00:45:28.201+0300: 775.240: Total time for which application threads were stopped: 0.0049511 seconds, Stopping threads took: 0.0001143 seconds
2024-10-02T00:45:33.925+0300: 780.977: Application time: 5.7370413 seconds
2024-10-02T00:45:33.925+0300: 780.978: [GC (Allocation Failure) 2024-10-02T00:45:33.925+0300: 780.978: [DefNew: 2237346K->414K(2516544K), 0.0007110 secs] 2242428K->5504K(8108992K), 0.0007664 secs] [Times: user=0.00 sys=0.00, real=0.00 secs] 
2024-10-02T00:45:33.925+0300: 780.979: Total time for which application threads were stopped: 0.0010779 seconds, Stopping threads took: 0.0002132 seconds
2024-10-02T00:45:39.689+0300: 786.732: Application time: 5.7530546 seconds
2024-10-02T00:45:39.689+0300: 786.732: [GC (Allocation Failure) 2024-10-02T00:45:39.689+0300: 786.732: [DefNew: 2237342K->414K(2516544K), 0.0006778 secs] 2242432K->5513K(8108992K), 0.0007200 secs] [Times: user=0.00 sys=0.00, real=0.00 secs] 
2024-10-02T00:45:39.689+0300: 786.733: Total time for which application threads were stopped: 0.0009891 seconds, Stopping threads took: 0.0001801 seconds
2024-10-02T00:45:45.428+0300: 792.471: Application time: 5.7384042 seconds
2024-10-02T00:45:45.428+0300: 792.471: [GC (Allocation Failure) 2024-10-02T00:45:45.428+0300: 792.471: [DefNew: 2237342K->415K(2516544K), 0.0006471 secs] 2242441K->5522K(8108992K), 0.0006932 secs] [Times: user=0.00 sys=0.00, real=0.00 secs] 
2024-10-02T00:45:45.428+0300: 792.472: Total time for which application threads were stopped: 0.0008878 seconds, Stopping threads took: 0.0001054 seconds
2024-10-02T00:45:51.171+0300: 798.221: Application time: 5.7496042 seconds
2024-10-02T00:45:51.171+0300: 798.222: [GC (Allocation Failure) 2024-10-02T00:45:51.171+0300: 798.222: [DefNew: 2237343K->418K(2516544K), 0.0006873 secs] 2242450K->5534K(8108992K), 0.0007264 secs] [Times: user=0.00 sys=0.00, real=0.00 secs] 
2024-10-02T00:45:51.171+0300: 798.222: Total time for which application threads were stopped: 0.0009393 seconds, Stopping threads took: 0.0001330 seconds
2024-10-02T00:45:56.915+0300: 803.954: Application time: 5.7320150 seconds
2024-10-02T00:45:56.915+0300: 803.955: [GC (Allocation Failure) 2024-10-02T00:45:56.915+0300: 803.955: [DefNew: 2237346K->416K(2516544K), 0.0008230 secs] 2242462K->5541K(8108992K), 0.0008927 secs] [Times: user=0.00 sys=0.00, real=0.00 secs] 
2024-10-02T00:45:56.915+0300: 803.956: Total time for which application threads were stopped: 0.0011466 seconds, Stopping threads took: 0.0001532 seconds
2024-10-02T00:46:02.642+0300: 809.689: Application time: 5.7338864 seconds
2024-10-02T00:46:02.642+0300: 809.690: [GC (Allocation Failure) 2024-10-02T00:46:02.642+0300: 809.690: [DefNew: 2237344K->417K(2516544K), 0.0006335 secs] 2242469K->5550K(8108992K), 0.0006743 secs] [Times: user=0.00 sys=0.00, real=0.00 secs] 
2024-10-02T00:46:02.642+0300: 809.690: Total time for which application threads were stopped: 0.0009310 seconds, Stopping threads took: 0.0001800 seconds
2024-10-02T00:46:08.383+0300: 815.435: Application time: 5.7442880 seconds
2024-10-02T00:46:08.383+0300: 815.435: [GC (Allocation Failure) 2024-10-02T00:46:08.383+0300: 815.435: [DefNew: 2237345K->407K(2516544K), 0.0006533 secs] 2242478K->5548K(8108992K), 0.0006957 secs] [Times: user=0.00 sys=0.00, real=0.00 secs] 
2024-10-02T00:46:08.383+0300: 815.436: Total time for which application threads were stopped: 0.0009479 seconds, Stopping threads took: 0.0001752 seconds
2024-10-02T00:46:14.126+0300: 821.172: Application time: 5.7361753 seconds
2024-10-02T00:46:14.126+0300: 821.172: [GC (Allocation Failure) 2024-10-02T00:46:14.126+0300: 821.172: [DefNew: 2237335K->413K(2516544K), 0.0006409 secs] 2242476K->5562K(8108992K), 0.0006878 secs] [Times: user=0.00 sys=0.00, real=0.00 secs] 
2024-10-02T00:46:14.126+0300: 821.173: Total time for which application threads were stopped: 0.0008918 seconds, Stopping threads took: 0.0001141 seconds
2024-10-02T00:46:19.839+0300: 826.880: Application time: 5.7071015 seconds
2024-10-02T00:46:19.839+0300: 826.880: [GC (Allocation Failure) 2024-10-02T00:46:19.839+0300: 826.880: [DefNew: 2237341K->415K(2516544K), 0.0006767 secs] 2242490K->5577K(8108992K), 0.0007245 secs] [Times: user=0.00 sys=0.00, real=0.00 secs] 
2024-10-02T00:46:19.839+0300: 826.881: Total time for which application threads were stopped: 0.0009703 seconds, Stopping threads took: 0.0001544 seconds
2024-10-02T00:46:25.573+0300: 832.620: Application time: 5.7389938 seconds
2024-10-02T00:46:25.573+0300: 832.620: [GC (Allocation Failure) 2024-10-02T00:46:25.573+0300: 832.620: [DefNew: 2237343K->414K(2516544K), 0.0006415 secs] 2242505K->5585K(8108992K), 0.0006860 secs] [Times: user=0.00 sys=0.00, real=0.00 secs] 
2024-10-02T00:46:25.573+0300: 832.621: Total time for which application threads were stopped: 0.0009827 seconds, Stopping threads took: 0.0002065 seconds
2024-10-02T00:46:31.311+0300: 838.356: Application time: 5.7350554 seconds
2024-10-02T00:46:31.311+0300: 838.356: [GC (Allocation Failure) 2024-10-02T00:46:31.311+0300: 838.356: [DefNew: 2237342K->408K(2516544K), 0.0007100 secs] 2242513K->5588K(8108992K), 0.0007695 secs] [Times: user=0.00 sys=0.00, real=0.00 secs] 
2024-10-02T00:46:31.311+0300: 838.357: Total time for which application threads were stopped: 0.0010403 seconds, Stopping threads took: 0.0001718 seconds
2024-10-02T00:46:37.038+0300: 844.092: Application time: 5.7348095 seconds
2024-10-02T00:46:37.038+0300: 844.092: [GC (Allocation Failure) 2024-10-02T00:46:37.038+0300: 844.092: [DefNew: 2237336K->411K(2516544K), 0.0006874 secs] 2242516K->5599K(8108992K), 0.0007487 secs] [Times: user=0.00 sys=0.00, real=0.00 secs] 
2024-10-02T00:46:37.038+0300: 844.093: Total time for which application threads were stopped: 0.0010129 seconds, Stopping threads took: 0.0001736 seconds
2024-10-02T00:46:42.799+0300: 849.842: Application time: 5.7489286 seconds
2024-10-02T00:46:42.799+0300: 849.842: [GC (Allocation Failure) 2024-10-02T00:46:42.799+0300: 849.842: [DefNew: 2237339K->407K(2516544K), 0.0006985 secs] 2242527K->5604K(8108992K), 0.0007520 secs] [Times: user=0.00 sys=0.00, real=0.00 secs] 
2024-10-02T00:46:42.799+0300: 849.843: Total time for which application threads were stopped: 0.0009769 seconds, Stopping threads took: 0.0001381 seconds
2024-10-02T00:46:48.540+0300: 855.586: Application time: 5.7432713 seconds
2024-10-02T00:46:48.540+0300: 855.586: [GC (Allocation Failure) 2024-10-02T00:46:48.540+0300: 855.586: [DefNew: 2237335K->415K(2516544K), 0.0006931 secs] 2242532K->5620K(8108992K), 0.0007413 secs] [Times: user=0.00 sys=0.00, real=0.00 secs] 
2024-10-02T00:46:48.540+0300: 855.587: Total time for which application threads were stopped: 0.0009991 seconds, Stopping threads took: 0.0001753 seconds
2024-10-02T00:46:54.284+0300: 861.326: Application time: 5.7391825 seconds
2024-10-02T00:46:54.284+0300: 861.326: [GC (Allocation Failure) 2024-10-02T00:46:54.284+0300: 861.326: [DefNew: 2237343K->410K(2516544K), 0.0006548 secs] 2242548K->5624K(8108992K), 0.0007043 secs] [Times: user=0.00 sys=0.00, real=0.00 secs] 
2024-10-02T00:46:54.284+0300: 861.327: Total time for which application threads were stopped: 0.0009494 seconds, Stopping threads took: 0.0001559 seconds
2024-10-02T00:47:00.042+0300: 867.097: Application time: 5.7700834 seconds
2024-10-02T00:47:00.042+0300: 867.097: [GC (Allocation Failure) 2024-10-02T00:47:00.042+0300: 867.097: [DefNew: 2237338K->413K(2516544K), 0.0007487 secs] 2242552K->5635K(8108992K), 0.0008121 secs] [Times: user=0.00 sys=0.00, real=0.02 secs] 
2024-10-02T00:47:00.058+0300: 867.098: Total time for which application threads were stopped: 0.0010708 seconds, Stopping threads took: 0.0001620 seconds
2024-10-02T00:47:05.817+0300: 872.862: Application time: 5.7640157 seconds
2024-10-02T00:47:05.817+0300: 872.862: [GC (Allocation Failure) 2024-10-02T00:47:05.817+0300: 872.862: [DefNew: 2237341K->410K(2516544K), 0.0008872 secs] 2242563K->5641K(8108992K), 0.0009421 secs] [Times: user=0.00 sys=0.00, real=0.00 secs] 
2024-10-02T00:47:05.817+0300: 872.863: Total time for which application threads were stopped: 0.0012077 seconds, Stopping threads took: 0.0001699 seconds
2024-10-02T00:47:11.560+0300: 878.609: Application time: 5.7455998 seconds
2024-10-02T00:47:11.560+0300: 878.609: [GC (Allocation Failure) 2024-10-02T00:47:11.560+0300: 878.609: [DefNew: 2237338K->409K(2516544K), 0.0006920 secs] 2242569K->5649K(8108992K), 0.0007414 secs] [Times: user=0.00 sys=0.00, real=0.00 secs] 
2024-10-02T00:47:11.560+0300: 878.610: Total time for which application threads were stopped: 0.0009551 seconds, Stopping threads took: 0.0001304 seconds
2024-10-02T00:47:17.318+0300: 884.360: Application time: 5.7500811 seconds
2024-10-02T00:47:17.318+0300: 884.360: [GC (Allocation Failure) 2024-10-02T00:47:17.318+0300: 884.360: [DefNew: 2237337K->413K(2516544K), 0.0006111 secs] 2242577K->5661K(8108992K), 0.0006506 secs] [Times: user=0.00 sys=0.00, real=0.00 secs] 
2024-10-02T00:47:17.318+0300: 884.361: Total time for which application threads were stopped: 0.0008613 seconds, Stopping threads took: 0.0001375 seconds
2024-10-02T00:47:23.045+0300: 890.089: Application time: 5.7285016 seconds
2024-10-02T00:47:23.045+0300: 890.090: [GC (Allocation Failure) 2024-10-02T00:47:23.045+0300: 890.090: [DefNew: 2237341K->410K(2516544K), 0.0006655 secs] 2242589K->5667K(8108992K), 0.0007150 secs] [Times: user=0.00 sys=0.00, real=0.00 secs] 
2024-10-02T00:47:23.045+0300: 890.090: Total time for which application threads were stopped: 0.0009281 seconds, Stopping threads took: 0.0001350 seconds
2024-10-02T00:47:28.780+0300: 895.823: Application time: 5.7329284 seconds
2024-10-02T00:47:28.780+0300: 895.824: [GC (Allocation Failure) 2024-10-02T00:47:28.780+0300: 895.824: [DefNew: 2237338K->411K(2516544K), 0.0006712 secs] 2242595K->5676K(8108992K), 0.0007113 secs] [Times: user=0.00 sys=0.00, real=0.00 secs] 
2024-10-02T00:47:28.780+0300: 895.824: Total time for which application threads were stopped: 0.0009833 seconds, Stopping threads took: 0.0001886 seconds
2024-10-02T00:47:34.515+0300: 901.563: Application time: 5.7392270 seconds
2024-10-02T00:47:34.515+0300: 901.564: [GC (Allocation Failure) 2024-10-02T00:47:34.515+0300: 901.564: [DefNew: 2237339K->394K(2516544K), 0.0006519 secs] 2242604K->5668K(8108992K), 0.0006992 secs] [Times: user=0.00 sys=0.00, real=0.00 secs] 
2024-10-02T00:47:34.515+0300: 901.564: Total time for which application threads were stopped: 0.0009285 seconds, Stopping threads took: 0.0001396 seconds
2024-10-02T00:47:40.243+0300: 907.295: Application time: 5.7309112 seconds
2024-10-02T00:47:40.243+0300: 907.296: [GC (Allocation Failure) 2024-10-02T00:47:40.243+0300: 907.296: [DefNew: 2237322K->413K(2516544K), 0.0006648 secs] 2242596K->5695K(8108992K), 0.0007132 secs] [Times: user=0.00 sys=0.00, real=0.00 secs] 
2024-10-02T00:47:40.243+0300: 907.296: Total time for which application threads were stopped: 0.0009599 seconds, Stopping threads took: 0.0001634 seconds
2024-10-02T00:47:45.973+0300: 913.018: Application time: 5.7220321 seconds
2024-10-02T00:47:45.973+0300: 913.019: [GC (Allocation Failure) 2024-10-02T00:47:45.973+0300: 913.019: [DefNew: 2237341K->413K(2516544K), 0.0006695 secs] 2242623K->5704K(8108992K), 0.0007125 secs] [Times: user=0.00 sys=0.00, real=0.00 secs] 
2024-10-02T00:47:45.973+0300: 913.019: Total time for which application threads were stopped: 0.0009726 seconds, Stopping threads took: 0.0001817 seconds
2024-10-02T00:47:51.720+0300: 918.762: Application time: 5.7424555 seconds
2024-10-02T00:47:51.720+0300: 918.762: [GC (Allocation Failure) 2024-10-02T00:47:51.720+0300: 918.762: [DefNew: 2237341K->397K(2516544K), 0.0006691 secs] 2242632K->5696K(8108992K), 0.0007305 secs] [Times: user=0.00 sys=0.00, real=0.00 secs] 
2024-10-02T00:47:51.720+0300: 918.763: Total time for which application threads were stopped: 0.0009724 seconds, Stopping threads took: 0.0001482 seconds
2024-10-02T00:47:57.459+0300: 924.504: Application time: 5.7414566 seconds
2024-10-02T00:47:57.459+0300: 924.504: [GC (Allocation Failure) 2024-10-02T00:47:57.459+0300: 924.504: [DefNew: 2237325K->413K(2516544K), 0.0006825 secs] 2242624K->5721K(8108992K), 0.0007287 secs] [Times: user=0.00 sys=0.00, real=0.00 secs] 
2024-10-02T00:47:57.459+0300: 924.505: Total time for which application threads were stopped: 0.0010125 seconds, Stopping threads took: 0.0002004 seconds
2024-10-02T00:48:03.218+0300: 930.260: Application time: 5.7545100 seconds
2024-10-02T00:48:03.218+0300: 930.260: [GC (Allocation Failure) 2024-10-02T00:48:03.218+0300: 930.260: [DefNew: 2237341K->413K(2516544K), 0.0006517 secs] 2242649K->5729K(8108992K), 0.0006971 secs] [Times: user=0.00 sys=0.00, real=0.00 secs] 
2024-10-02T00:48:03.218+0300: 930.261: Total time for which application threads were stopped: 0.0009128 seconds, Stopping threads took: 0.0001288 seconds
2024-10-02T00:48:09.008+0300: 936.050: Application time: 5.7892538 seconds
2024-10-02T00:48:09.008+0300: 936.050: [GC (Allocation Failure) 2024-10-02T00:48:09.008+0300: 936.050: [DefNew: 2237341K->406K(2516544K), 0.0008758 secs] 2242657K->5731K(8108992K), 0.0009502 secs] [Times: user=0.00 sys=0.00, real=0.00 secs] 
2024-10-02T00:48:09.008+0300: 936.051: Total time for which application threads were stopped: 0.0011905 seconds, Stopping threads took: 0.0001361 seconds
2024-10-02T00:48:14.768+0300: 941.809: Application time: 5.7576604 seconds
2024-10-02T00:48:14.768+0300: 941.809: [GC (Allocation Failure) 2024-10-02T00:48:14.768+0300: 941.809: [DefNew: 2237334K->413K(2516544K), 0.0006408 secs] 2242659K->5747K(8108992K), 0.0006876 secs] [Times: user=0.00 sys=0.00, real=0.00 secs] 
2024-10-02T00:48:14.768+0300: 941.810: Total time for which application threads were stopped: 0.0009302 seconds, Stopping threads took: 0.0001604 seconds
2024-10-02T00:48:20.572+0300: 947.612: Application time: 5.8022679 seconds
2024-10-02T00:48:20.572+0300: 947.612: [GC (Allocation Failure) 2024-10-02T00:48:20.572+0300: 947.612: [DefNew: 2237341K->395K(2516544K), 0.0006311 secs] 2242675K->5736K(8108992K), 0.0006877 secs] [Times: user=0.00 sys=0.00, real=0.00 secs] 
2024-10-02T00:48:20.572+0300: 947.613: Total time for which application threads were stopped: 0.0009132 seconds, Stopping threads took: 0.0001372 seconds
2024-10-02T00:48:26.316+0300: 953.370: Application time: 5.7574899 seconds
2024-10-02T00:48:26.316+0300: 953.371: [GC (Allocation Failure) 2024-10-02T00:48:26.316+0300: 953.371: [DefNew: 2237323K->415K(2516544K), 0.0007200 secs] 2242664K->5765K(8108992K), 0.0007805 secs] [Times: user=0.00 sys=0.00, real=0.02 secs] 
2024-10-02T00:48:26.331+0300: 953.371: Total time for which application threads were stopped: 0.0010755 seconds, Stopping threads took: 0.0001926 seconds
2024-10-02T00:48:32.060+0300: 959.100: Application time: 5.7285710 seconds
2024-10-02T00:48:32.060+0300: 959.100: [GC (Allocation Failure) 2024-10-02T00:48:32.060+0300: 959.100: [DefNew: 2237343K->413K(2516544K), 0.0006244 secs] 2242693K->5772K(8108992K), 0.0006709 secs] [Times: user=0.00 sys=0.00, real=0.00 secs] 
2024-10-02T00:48:32.060+0300: 959.101: Total time for which application threads were stopped: 0.0009065 seconds, Stopping threads took: 0.0001572 seconds
2024-10-02T00:48:37.802+0300: 964.857: Application time: 5.7560771 seconds
2024-10-02T00:48:37.802+0300: 964.857: [GC (Allocation Failure) 2024-10-02T00:48:37.802+0300: 964.857: [DefNew: 2237341K->416K(2516544K), 0.0007926 secs] 2242700K->5783K(8108992K), 0.0008540 secs] [Times: user=0.00 sys=0.00, real=0.02 secs] 
2024-10-02T00:48:37.818+0300: 964.858: Total time for which application threads were stopped: 0.0011468 seconds, Stopping threads took: 0.0001936 seconds
2024-10-02T00:48:43.546+0300: 970.587: Application time: 5.7289787 seconds
2024-10-02T00:48:43.546+0300: 970.587: [GC (Allocation Failure) 2024-10-02T00:48:43.546+0300: 970.587: [DefNew: 2237344K->413K(2516544K), 0.0006275 secs] 2242711K->5789K(8108992K), 0.0006670 secs] [Times: user=0.00 sys=0.00, real=0.00 secs] 
2024-10-02T00:48:43.546+0300: 970.588: Total time for which application threads were stopped: 0.0008814 seconds, Stopping threads took: 0.0001373 seconds
2024-10-02T00:48:49.273+0300: 976.317: Application time: 5.7288426 seconds
2024-10-02T00:48:49.273+0300: 976.317: [GC (Allocation Failure) 2024-10-02T00:48:49.273+0300: 976.317: [DefNew: 2237341K->410K(2516544K), 0.0006143 secs] 2242717K->5795K(8108992K), 0.0006624 secs] [Times: user=0.00 sys=0.00, real=0.00 secs] 
2024-10-02T00:48:49.273+0300: 976.318: Total time for which application threads were stopped: 0.0008825 seconds, Stopping threads took: 0.0001179 seconds
2024-10-02T00:48:50.904+0300: 977.959: Application time: 1.6414850 seconds
2024-10-02T00:48:50.904+0300: 977.960: Total time for which application threads were stopped: 0.0003241 seconds, Stopping threads took: 0.0001919 seconds
2024-10-02T00:48:51.203+0300: 978.243: Application time: 0.2834318 seconds
2024-10-02T00:48:51.219+0300: 978.258: Total time for which application threads were stopped: 0.0153324 seconds, Stopping threads took: 0.0152643 seconds
2024-10-02T00:48:55.079+0300: 982.134: Application time: 3.8761050 seconds
2024-10-02T00:48:55.095+0300: 982.135: [GC (Allocation Failure) 2024-10-02T00:48:55.095+0300: 982.135: [DefNew: 2237338K->420K(2516544K), 0.0007023 secs] 2242723K->5813K(8108992K), 0.0007696 secs] [Times: user=0.00 sys=0.00, real=0.00 secs] 
2024-10-02T00:48:55.095+0300: 982.135: Total time for which application threads were stopped: 0.0010640 seconds, Stopping threads took: 0.0002133 seconds
2024-10-02T00:49:00.855+0300: 987.903: Application time: 5.7678182 seconds
2024-10-02T00:49:00.855+0300: 987.904: [GC (Allocation Failure) 2024-10-02T00:49:00.855+0300: 987.904: [DefNew: 2237348K->368K(2516544K), 0.0006396 secs] 2242741K->5770K(8108992K), 0.0006864 secs] [Times: user=0.00 sys=0.00, real=0.00 secs] 
2024-10-02T00:49:00.855+0300: 987.904: Total time for which application threads were stopped: 0.0009142 seconds, Stopping threads took: 0.0001441 seconds
2024-10-02T00:49:06.599+0300: 993.648: Application time: 5.7437202 seconds
2024-10-02T00:49:06.599+0300: 993.648: [GC (Allocation Failure) 2024-10-02T00:49:06.599+0300: 993.648: [DefNew: 2237296K->416K(2516544K), 0.0006950 secs] 2242698K->5827K(8108992K), 0.0007515 secs] [Times: user=0.00 sys=0.00, real=0.00 secs] 
2024-10-02T00:49:06.599+0300: 993.649: Total time for which application threads were stopped: 0.0010597 seconds, Stopping threads took: 0.0001985 seconds
2024-10-02T00:49:12.389+0300: 999.435: Application time: 5.7859535 seconds
2024-10-02T00:49:12.389+0300: 999.435: [GC (Allocation Failure) 2024-10-02T00:49:12.389+0300: 999.435: [DefNew: 2237344K->417K(2516544K), 0.0007638 secs] 2242755K->5836K(8108992K), 0.0008323 secs] [Times: user=0.00 sys=0.00, real=0.00 secs] 
2024-10-02T00:49:12.389+0300: 999.436: Total time for which application threads were stopped: 0.0011322 seconds, Stopping threads took: 0.0001828 seconds
2024-10-02T00:49:18.132+0300: 1005.179: Application time: 5.7432927 seconds
2024-10-02T00:49:18.132+0300: 1005.180: [GC (Allocation Failure) 2024-10-02T00:49:18.132+0300: 1005.180: [DefNew: 2237345K->420K(2516544K), 0.0006328 secs] 2242764K->5847K(8108992K), 0.0006821 secs] [Times: user=0.00 sys=0.00, real=0.00 secs] 
2024-10-02T00:49:18.132+0300: 1005.180: Total time for which application threads were stopped: 0.0009932 seconds, Stopping threads took: 0.0002250 seconds
2024-10-02T00:49:23.859+0300: 1010.908: Application time: 5.7279999 seconds
2024-10-02T00:49:23.859+0300: 1010.909: [GC (Allocation Failure) 2024-10-02T00:49:23.859+0300: 1010.909: [DefNew: 2237348K->413K(2516544K), 0.0007051 secs] 2242775K->5848K(8108992K), 0.0007565 secs] [Times: user=0.00 sys=0.00, real=0.00 secs] 
2024-10-02T00:49:23.859+0300: 1010.909: Total time for which application threads were stopped: 0.0010091 seconds, Stopping threads took: 0.0001633 seconds
2024-10-02T00:49:29.605+0300: 1016.659: Application time: 5.7492293 seconds
2024-10-02T00:49:29.605+0300: 1016.659: [GC (Allocation Failure) 2024-10-02T00:49:29.605+0300: 1016.659: [DefNew: 2237341K->413K(2516544K), 0.0006904 secs] 2242776K->5857K(8108992K), 0.0007380 secs] [Times: user=0.00 sys=0.00, real=0.00 secs] 
2024-10-02T00:49:29.605+0300: 1016.660: Total time for which application threads were stopped: 0.0009916 seconds, Stopping threads took: 0.0001712 seconds
2024-10-02T00:49:35.378+0300: 1022.420: Application time: 5.7604498 seconds
2024-10-02T00:49:35.378+0300: 1022.420: [GC (Allocation Failure) 2024-10-02T00:49:35.378+0300: 1022.420: [DefNew: 2237341K->413K(2516544K), 0.0007267 secs] 2242785K->5865K(8108992K), 0.0007851 secs] [Times: user=0.00 sys=0.00, real=0.00 secs] 
2024-10-02T00:49:35.378+0300: 1022.421: Total time for which application threads were stopped: 0.0009874 seconds, Stopping threads took: 0.0001032 seconds
2024-10-02T00:49:41.091+0300: 1028.140: Application time: 5.7187784 seconds
2024-10-02T00:49:41.091+0300: 1028.140: [GC (Allocation Failure) 2024-10-02T00:49:41.091+0300: 1028.140: [DefNew: 2237341K->417K(2516544K), 0.0006880 secs] 2242793K->5879K(8108992K), 0.0007338 secs] [Times: user=0.00 sys=0.00, real=0.00 secs] 
2024-10-02T00:49:41.091+0300: 1028.141: Total time for which application threads were stopped: 0.0009824 seconds, Stopping threads took: 0.0001723 seconds
2024-10-02T00:49:46.820+0300: 1033.870: Application time: 5.7296570 seconds
2024-10-02T00:49:46.820+0300: 1033.871: [GC (Allocation Failure) 2024-10-02T00:49:46.820+0300: 1033.871: [DefNew: 2237345K->417K(2516544K), 0.0007343 secs] 2242807K->5887K(8108992K), 0.0007991 secs] [Times: user=0.00 sys=0.00, real=0.00 secs] 
2024-10-02T00:49:46.820+0300: 1033.872: Total time for which application threads were stopped: 0.0011548 seconds, Stopping threads took: 0.0002657 seconds
2024-10-02T00:49:52.562+0300: 1039.604: Application time: 5.7323375 seconds
2024-10-02T00:49:52.562+0300: 1039.604: [GC (Allocation Failure) 2024-10-02T00:49:52.562+0300: 1039.604: [DefNew: 2237345K->418K(2516544K), 0.0006384 secs] 2242815K->5896K(8108992K), 0.0006826 secs] [Times: user=0.00 sys=0.00, real=0.00 secs] 
2024-10-02T00:49:52.562+0300: 1039.605: Total time for which application threads were stopped: 0.0008908 seconds, Stopping threads took: 0.0001322 seconds
2024-10-02T00:49:58.303+0300: 1045.345: Application time: 5.7404317 seconds
2024-10-02T00:49:58.303+0300: 1045.345: [GC (Allocation Failure) 2024-10-02T00:49:58.303+0300: 1045.346: [DefNew: 2237346K->414K(2516544K), 0.0006183 secs] 2242824K->5901K(8108992K), 0.0006598 secs] [Times: user=0.00 sys=0.00, real=0.00 secs] 
2024-10-02T00:49:58.303+0300: 1045.346: Total time for which application threads were stopped: 0.0008756 seconds, Stopping threads took: 0.0001384 seconds
2024-10-02T00:50:04.016+0300: 1051.071: Application time: 5.7243580 seconds
2024-10-02T00:50:04.031+0300: 1051.071: [GC (Allocation Failure) 2024-10-02T00:50:04.031+0300: 1051.071: [DefNew: 2237342K->420K(2516544K), 0.0007555 secs] 2242829K->5915K(8108992K), 0.0008328 secs] [Times: user=0.00 sys=0.00, real=0.00 secs] 
2024-10-02T00:50:04.031+0300: 1051.072: Total time for which application threads were stopped: 0.0011681 seconds, Stopping threads took: 0.0002231 seconds
2024-10-02T00:50:09.758+0300: 1056.799: Application time: 5.7270436 seconds
2024-10-02T00:50:09.758+0300: 1056.799: [GC (Allocation Failure) 2024-10-02T00:50:09.758+0300: 1056.799: [DefNew: 2237348K->417K(2516544K), 0.0006634 secs] 2242843K->5921K(8108992K), 0.0007173 secs] [Times: user=0.00 sys=0.00, real=0.00 secs] 
2024-10-02T00:50:09.758+0300: 1056.800: Total time for which application threads were stopped: 0.0009053 seconds, Stopping threads took: 0.0000836 seconds
2024-10-02T00:50:15.488+0300: 1062.542: Application time: 5.7420166 seconds
2024-10-02T00:50:15.488+0300: 1062.542: [GC (Allocation Failure) 2024-10-02T00:50:15.488+0300: 1062.542: [DefNew: 2237345K->417K(2516544K), 0.0007163 secs] 2242849K->5930K(8108992K), 0.0007640 secs] [Times: user=0.00 sys=0.00, real=0.00 secs] 
2024-10-02T00:50:15.488+0300: 1062.543: Total time for which application threads were stopped: 0.0010308 seconds, Stopping threads took: 0.0001830 seconds
2024-10-02T00:50:21.244+0300: 1068.287: Application time: 5.7439114 seconds
2024-10-02T00:50:21.244+0300: 1068.287: [GC (Allocation Failure) 2024-10-02T00:50:21.244+0300: 1068.287: [DefNew: 2237345K->413K(2516544K), 0.0006184 secs] 2242858K->5938K(8108992K), 0.0006588 secs] [Times: user=0.00 sys=0.00, real=0.00 secs] 
2024-10-02T00:50:21.244+0300: 1068.287: Total time for which application threads were stopped: 0.0008633 seconds, Stopping threads took: 0.0001255 seconds
2024-10-02T00:50:27.018+0300: 1074.073: Application time: 5.7851920 seconds
2024-10-02T00:50:27.018+0300: 1074.073: [GC (Allocation Failure) 2024-10-02T00:50:27.018+0300: 1074.073: [DefNew: 2237341K->415K(2516544K), 0.0007528 secs] 2242866K->5949K(8108992K), 0.0008017 secs] [Times: user=0.01 sys=0.00, real=0.02 secs] 
2024-10-02T00:50:27.034+0300: 1074.074: Total time for which application threads were stopped: 0.0010621 seconds, Stopping threads took: 0.0001743 seconds
2024-10-02T00:50:32.779+0300: 1079.829: Application time: 5.7548052 seconds
2024-10-02T00:50:32.779+0300: 1079.829: [GC (Allocation Failure) 2024-10-02T00:50:32.779+0300: 1079.829: [DefNew: 2237343K->414K(2516544K), 0.0006491 secs] 2242877K->5957K(8108992K), 0.0006944 secs] [Times: user=0.00 sys=0.00, real=0.00 secs] 
2024-10-02T00:50:32.779+0300: 1079.830: Total time for which application threads were stopped: 0.0009370 seconds, Stopping threads took: 0.0001617 seconds
2024-10-02T00:50:38.523+0300: 1085.578: Application time: 5.7487057 seconds
2024-10-02T00:50:38.539+0300: 1085.579: [GC (Allocation Failure) 2024-10-02T00:50:38.539+0300: 1085.579: [DefNew: 2237342K->413K(2516544K), 0.0008373 secs] 2242885K->5964K(8108992K), 0.0008993 secs] [Times: user=0.00 sys=0.00, real=0.00 secs] 
2024-10-02T00:50:38.539+0300: 1085.579: Total time for which application threads were stopped: 0.0012281 seconds, Stopping threads took: 0.0002237 seconds
2024-10-02T00:50:44.282+0300: 1091.327: Application time: 5.7475487 seconds
2024-10-02T00:50:44.282+0300: 1091.327: [GC (Allocation Failure) 2024-10-02T00:50:44.282+0300: 1091.327: [DefNew: 2237341K->410K(2516544K), 0.0006846 secs] 2242892K->5970K(8108992K), 0.0007261 secs] [Times: user=0.00 sys=0.00, real=0.00 secs] 
2024-10-02T00:50:44.282+0300: 1091.328: Total time for which application threads were stopped: 0.0009776 seconds, Stopping threads took: 0.0001588 seconds
2024-10-02T00:50:50.012+0300: 1097.055: Application time: 5.7269000 seconds
2024-10-02T00:50:50.012+0300: 1097.055: [GC (Allocation Failure) 2024-10-02T00:50:50.012+0300: 1097.055: [DefNew: 2237338K->413K(2516544K), 0.0006817 secs] 2242898K->5981K(8108992K), 0.0007296 secs] [Times: user=0.00 sys=0.00, real=0.00 secs] 
2024-10-02T00:50:50.012+0300: 1097.056: Total time for which application threads were stopped: 0.0009762 seconds, Stopping threads took: 0.0001693 seconds
2024-10-02T00:50:55.739+0300: 1102.788: Application time: 5.7322308 seconds
2024-10-02T00:50:55.739+0300: 1102.788: [GC (Allocation Failure) 2024-10-02T00:50:55.739+0300: 1102.788: [DefNew: 2237341K->413K(2516544K), 0.0006602 secs] 2242909K->5990K(8108992K), 0.0007178 secs] [Times: user=0.00 sys=0.00, real=0.00 secs] 
2024-10-02T00:50:55.739+0300: 1102.789: Total time for which application threads were stopped: 0.0010337 seconds, Stopping threads took: 0.0002149 seconds
2024-10-02T00:51:01.483+0300: 1108.532: Application time: 5.7428004 seconds
2024-10-02T00:51:01.483+0300: 1108.532: [GC (Allocation Failure) 2024-10-02T00:51:01.483+0300: 1108.532: [DefNew: 2237341K->415K(2516544K), 0.0007980 secs] 2242918K->6000K(8108992K), 0.0008501 secs] [Times: user=0.00 sys=0.00, real=0.00 secs] 
2024-10-02T00:51:01.483+0300: 1108.533: Total time for which application threads were stopped: 0.0011247 seconds, Stopping threads took: 0.0001773 seconds
2024-10-02T00:51:07.241+0300: 1114.289: Application time: 5.7560373 seconds
2024-10-02T00:51:07.241+0300: 1114.289: [GC (Allocation Failure) 2024-10-02T00:51:07.241+0300: 1114.289: [DefNew: 2237343K->413K(2516544K), 0.0006864 secs] 2242928K->6007K(8108992K), 0.0007291 secs] [Times: user=0.00 sys=0.00, real=0.00 secs] 
2024-10-02T00:51:07.241+0300: 1114.290: Total time for which application threads were stopped: 0.0009712 seconds, Stopping threads took: 0.0001529 seconds
2024-10-02T00:51:12.986+0300: 1120.027: Application time: 5.7370293 seconds
2024-10-02T00:51:12.986+0300: 1120.027: [GC (Allocation Failure) 2024-10-02T00:51:12.986+0300: 1120.027: [DefNew: 2237341K->413K(2516544K), 0.0006589 secs] 2242935K->6016K(8108992K), 0.0007062 secs] [Times: user=0.00 sys=0.00, real=0.00 secs] 
2024-10-02T00:51:12.986+0300: 1120.028: Total time for which application threads were stopped: 0.0009424 seconds, Stopping threads took: 0.0001473 seconds
2024-10-02T00:51:18.727+0300: 1125.768: Application time: 5.7403384 seconds
2024-10-02T00:51:18.727+0300: 1125.769: [GC (Allocation Failure) 2024-10-02T00:51:18.727+0300: 1125.769: [DefNew: 2237341K->416K(2516544K), 0.0006913 secs] 2242944K->6027K(8108992K), 0.0007506 secs] [Times: user=0.00 sys=0.00, real=0.00 secs] 
2024-10-02T00:51:18.727+0300: 1125.769: Total time for which application threads were stopped: 0.0010132 seconds, Stopping threads took: 0.0001600 seconds
2024-10-02T00:51:24.454+0300: 1131.500: Application time: 5.7308499 seconds
2024-10-02T00:51:24.454+0300: 1131.500: [GC (Allocation Failure) 2024-10-02T00:51:24.454+0300: 1131.501: [DefNew: 2237344K->411K(2516544K), 0.0006908 secs] 2242955K->6030K(8108992K), 0.0007365 secs] [Times: user=0.00 sys=0.00, real=0.00 secs] 
2024-10-02T00:51:24.454+0300: 1131.501: Total time for which application threads were stopped: 0.0009907 seconds, Stopping threads took: 0.0001720 seconds
2024-10-02T00:51:30.229+0300: 1137.270: Application time: 5.7688124 seconds
2024-10-02T00:51:30.229+0300: 1137.270: [GC (Allocation Failure) 2024-10-02T00:51:30.229+0300: 1137.270: [DefNew: 2237339K->414K(2516544K), 0.0006345 secs] 2242958K->6042K(8108992K), 0.0006779 secs] [Times: user=0.00 sys=0.00, real=0.00 secs] 
2024-10-02T00:51:30.229+0300: 1137.271: Total time for which application threads were stopped: 0.0009912 seconds, Stopping threads took: 0.0002308 seconds
2024-10-02T00:51:35.972+0300: 1143.019: Application time: 5.7482366 seconds
2024-10-02T00:51:35.972+0300: 1143.020: [GC (Allocation Failure) 2024-10-02T00:51:35.972+0300: 1143.020: [DefNew: 2237342K->413K(2516544K), 0.0007564 secs] 2242970K->6050K(8108992K), 0.0008213 secs] [Times: user=0.00 sys=0.00, real=0.00 secs] 
2024-10-02T00:51:35.972+0300: 1143.020: Total time for which application threads were stopped: 0.0010649 seconds, Stopping threads took: 0.0001298 seconds
2024-10-02T00:51:41.719+0300: 1148.771: Application time: 5.7506981 seconds
2024-10-02T00:51:41.719+0300: 1148.771: [GC (Allocation Failure) 2024-10-02T00:51:41.719+0300: 1148.771: [DefNew: 2237341K->413K(2516544K), 0.0007014 secs] 2242978K->6058K(8108992K), 0.0007470 secs] [Times: user=0.00 sys=0.00, real=0.00 secs] 
2024-10-02T00:51:41.719+0300: 1148.772: Total time for which application threads were stopped: 0.0009723 seconds, Stopping threads took: 0.0001224 seconds
2024-10-02T00:51:47.461+0300: 1154.506: Application time: 5.7340057 seconds
2024-10-02T00:51:47.461+0300: 1154.506: [GC (Allocation Failure) 2024-10-02T00:51:47.461+0300: 1154.506: [DefNew: 2237341K->368K(2516544K), 0.0006546 secs] 2242986K->6021K(8108992K), 0.0007040 secs] [Times: user=0.00 sys=0.00, real=0.00 secs] 
2024-10-02T00:51:47.461+0300: 1154.507: Total time for which application threads were stopped: 0.0010062 seconds, Stopping threads took: 0.0002052 seconds
2024-10-02T00:51:53.205+0300: 1160.248: Application time: 5.7408471 seconds
2024-10-02T00:51:53.205+0300: 1160.248: [GC (Allocation Failure) 2024-10-02T00:51:53.205+0300: 1160.248: [DefNew: 2237296K->413K(2516544K), 0.0006450 secs] 2242949K->6075K(8108992K), 0.0006918 secs] [Times: user=0.00 sys=0.00, real=0.00 secs] 
2024-10-02T00:51:53.205+0300: 1160.249: Total time for which application threads were stopped: 0.0008999 seconds, Stopping threads took: 0.0001265 seconds
2024-10-02T00:51:58.933+0300: 1165.985: Application time: 5.7359797 seconds
2024-10-02T00:51:58.933+0300: 1165.985: [GC (Allocation Failure) 2024-10-02T00:51:58.933+0300: 1165.985: [DefNew: 2237341K->415K(2516544K), 0.0006823 secs] 2243003K->6086K(8108992K), 0.0007265 secs] [Times: user=0.00 sys=0.00, real=0.00 secs] 
2024-10-02T00:51:58.933+0300: 1165.986: Total time for which application threads were stopped: 0.0009712 seconds, Stopping threads took: 0.0001671 seconds
2024-10-02T00:52:04.694+0300: 1171.743: Application time: 5.7574577 seconds
2024-10-02T00:52:04.694+0300: 1171.743: [GC (Allocation Failure) 2024-10-02T00:52:04.694+0300: 1171.744: [DefNew: 2237343K->411K(2516544K), 0.0007143 secs] 2243014K->6090K(8108992K), 0.0007735 secs] [Times: user=0.00 sys=0.00, real=0.00 secs] 
2024-10-02T00:52:04.694+0300: 1171.744: Total time for which application threads were stopped: 0.0010655 seconds, Stopping threads took: 0.0001845 seconds
2024-10-02T00:52:10.438+0300: 1177.487: Application time: 5.7425619 seconds
2024-10-02T00:52:10.438+0300: 1177.487: [GC (Allocation Failure) 2024-10-02T00:52:10.438+0300: 1177.487: [DefNew: 2237339K->408K(2516544K), 0.0007060 secs] 2243018K->6095K(8108992K), 0.0007648 secs] [Times: user=0.00 sys=0.00, real=0.00 secs] 
2024-10-02T00:52:10.438+0300: 1177.488: Total time for which application threads were stopped: 0.0009964 seconds, Stopping threads took: 0.0001261 seconds
2024-10-02T00:52:16.229+0300: 1183.278: Application time: 5.7904362 seconds
2024-10-02T00:52:16.229+0300: 1183.279: [GC (Allocation Failure) 2024-10-02T00:52:16.229+0300: 1183.279: [DefNew: 2237336K->411K(2516544K), 0.0007015 secs] 2243023K->6107K(8108992K), 0.0007763 secs] [Times: user=0.00 sys=0.00, real=0.00 secs] 
2024-10-02T00:52:16.229+0300: 1183.279: Total time for which application threads were stopped: 0.0010368 seconds, Stopping threads took: 0.0001385 seconds
2024-10-02T00:52:21.972+0300: 1189.017: Application time: 5.7376383 seconds
2024-10-02T00:52:21.972+0300: 1189.017: [GC (Allocation Failure) 2024-10-02T00:52:21.972+0300: 1189.017: [DefNew: 2237339K->412K(2516544K), 0.0007117 secs] 2243035K->6117K(8108992K), 0.0007586 secs] [Times: user=0.00 sys=0.00, real=0.00 secs] 
2024-10-02T00:52:21.972+0300: 1189.018: Total time for which application threads were stopped: 0.0010872 seconds, Stopping threads took: 0.0002133 seconds
2024-10-02T00:52:27.713+0300: 1194.762: Application time: 5.7443742 seconds
2024-10-02T00:52:27.713+0300: 1194.763: [GC (Allocation Failure) 2024-10-02T00:52:27.713+0300: 1194.763: [DefNew: 2237340K->413K(2516544K), 0.0006601 secs] 2243045K->6127K(8108992K), 0.0007184 secs] [Times: user=0.00 sys=0.00, real=0.00 secs] 
2024-10-02T00:52:27.713+0300: 1194.763: Total time for which application threads were stopped: 0.0009935 seconds, Stopping threads took: 0.0001788 seconds
2024-10-02T00:52:33.456+0300: 1200.506: Application time: 5.7421838 seconds
2024-10-02T00:52:33.456+0300: 1200.506: [GC (Allocation Failure) 2024-10-02T00:52:33.456+0300: 1200.506: [DefNew: 2237341K->411K(2516544K), 0.0006775 secs] 2243055K->6133K(8108992K), 0.0007135 secs] [Times: user=0.00 sys=0.00, real=0.00 secs] 
2024-10-02T00:52:33.456+0300: 1200.507: Total time for which application threads were stopped: 0.0009604 seconds, Stopping threads took: 0.0001568 seconds
2024-10-02T00:52:39.200+0300: 1206.252: Application time: 5.7454322 seconds
2024-10-02T00:52:39.200+0300: 1206.252: [GC (Allocation Failure) 2024-10-02T00:52:39.200+0300: 1206.252: [DefNew: 2237339K->411K(2516544K), 0.0007210 secs] 2243061K->6141K(8108992K), 0.0007735 secs] [Times: user=0.00 sys=0.00, real=0.00 secs] 
2024-10-02T00:52:39.200+0300: 1206.253: Total time for which application threads were stopped: 0.0009708 seconds, Stopping threads took: 0.0001098 seconds
2024-10-02T00:52:44.977+0300: 1212.024: Application time: 5.7709841 seconds
2024-10-02T00:52:44.977+0300: 1212.024: [GC (Allocation Failure) 2024-10-02T00:52:44.977+0300: 1212.024: [DefNew: 2237339K->408K(2516544K), 0.0007143 secs] 2243069K->6147K(8108992K), 0.0007660 secs] [Times: user=0.00 sys=0.00, real=0.01 secs] 
2024-10-02T00:52:44.985+0300: 1212.025: Total time for which application threads were stopped: 0.0010449 seconds, Stopping threads took: 0.0001789 seconds
2024-10-02T00:52:50.751+0300: 1217.798: Application time: 5.7728824 seconds
2024-10-02T00:52:50.751+0300: 1217.798: [GC (Allocation Failure) 2024-10-02T00:52:50.751+0300: 1217.798: [DefNew: 2237336K->413K(2516544K), 0.0006433 secs] 2243075K->6161K(8108992K), 0.0006885 secs] [Times: user=0.02 sys=0.00, real=0.01 secs] 
2024-10-02T00:52:50.759+0300: 1217.799: Total time for which application threads were stopped: 0.0009521 seconds, Stopping threads took: 0.0001765 seconds
2024-10-02T00:52:51.488+0300: 1218.537: Application time: 0.7384858 seconds
2024-10-02T00:52:51.488+0300: 1218.538: Total time for which application threads were stopped: 0.0002225 seconds, Stopping threads took: 0.0001742 seconds
2024-10-02T00:52:51.519+0300: 1218.566: Application time: 0.0289412 seconds
2024-10-02T00:52:51.519+0300: 1218.567: Total time for which application threads were stopped: 0.0001922 seconds, Stopping threads took: 0.0001321 seconds
2024-10-02T00:52:51.614+0300: 1218.657: Application time: 0.0899567 seconds
2024-10-02T00:52:51.614+0300: 1218.657: Total time for which application threads were stopped: 0.0001931 seconds, Stopping threads took: 0.0001426 seconds
2024-10-02T00:52:51.724+0300: 1218.769: Application time: 0.1120946 seconds
2024-10-02T00:52:51.724+0300: 1218.769: Total time for which application threads were stopped: 0.0002713 seconds, Stopping threads took: 0.0000253 seconds
2024-10-02T00:52:51.865+0300: 1218.920: Application time: 0.1508932 seconds
2024-10-02T00:52:51.865+0300: 1218.920: Total time for which application threads were stopped: 0.0003037 seconds, Stopping threads took: 0.0000463 seconds
2024-10-02T00:52:51.928+0300: 1218.970: Application time: 0.0495013 seconds
2024-10-02T00:52:51.928+0300: 1218.970: Total time for which application threads were stopped: 0.0003028 seconds, Stopping threads took: 0.0000411 seconds
2024-10-02T00:52:51.944+0300: 1218.997: Application time: 0.0263386 seconds
2024-10-02T00:52:51.944+0300: 1218.997: Total time for which application threads were stopped: 0.0001529 seconds, Stopping threads took: 0.0000341 seconds
2024-10-02T00:52:51.959+0300: 1219.014: Application time: 0.0169474 seconds
2024-10-02T00:52:51.959+0300: 1219.014: Total time for which application threads were stopped: 0.0001107 seconds, Stopping threads took: 0.0000676 seconds
2024-10-02T00:52:52.069+0300: 1219.117: Application time: 0.1034363 seconds
2024-10-02T00:52:52.069+0300: 1219.117: Total time for which application threads were stopped: 0.0002477 seconds, Stopping threads took: 0.0000192 seconds
2024-10-02T00:52:52.069+0300: 1219.120: Application time: 0.0025847 seconds
2024-10-02T00:52:52.069+0300: 1219.120: Total time for which application threads were stopped: 0.0000621 seconds, Stopping threads took: 0.0000087 seconds
2024-10-02T00:52:52.069+0300: 1219.122: Application time: 0.0015997 seconds
2024-10-02T00:52:52.069+0300: 1219.122: Total time for which application threads were stopped: 0.0000759 seconds, Stopping threads took: 0.0000092 seconds
2024-10-02T00:52:52.101+0300: 1219.149: Application time: 0.0275503 seconds
2024-10-02T00:52:52.101+0300: 1219.149: Total time for which application threads were stopped: 0.0000573 seconds, Stopping threads took: 0.0000226 seconds
2024-10-02T00:52:52.101+0300: 1219.151: Application time: 0.0019495 seconds
2024-10-02T00:52:52.101+0300: 1219.151: Total time for which application threads were stopped: 0.0000586 seconds, Stopping threads took: 0.0000442 seconds
2024-10-02T00:52:53.075+0300: 1220.116: Application time: 0.9641527 seconds
2024-10-02T00:52:53.075+0300: 1220.116: Total time for which application threads were stopped: 0.0003345 seconds, Stopping threads took: 0.0001978 seconds
2024-10-02T00:52:53.075+0300: 1220.116: Application time: 0.0002568 seconds
2024-10-02T00:52:53.075+0300: 1220.116: Total time for which application threads were stopped: 0.0001788 seconds, Stopping threads took: 0.0001124 seconds
2024-10-02T00:52:53.075+0300: 1220.117: Application time: 0.0003128 seconds
2024-10-02T00:52:53.075+0300: 1220.117: Total time for which application threads were stopped: 0.0001865 seconds, Stopping threads took: 0.0001334 seconds
2024-10-02T00:52:59.059+0300: 1226.100: Application time: 5.9831474 seconds
2024-10-02T00:52:59.059+0300: 1226.100: Total time for which application threads were stopped: 0.0001478 seconds, Stopping threads took: 0.0000394 seconds
2024-10-02T00:52:59.184+0300: 1226.229: Application time: 0.1283392 seconds
2024-10-02T00:52:59.184+0300: 1226.229: [GC (Allocation Failure) 2024-10-02T00:52:59.184+0300: 1226.229: [DefNew: 2237341K->28472K(2516544K), 0.0363669 secs] 2243089K->34228K(8108992K), 0.0364195 secs] [Times: user=0.03 sys=0.00, real=0.03 secs] 
2024-10-02T00:52:59.216+0300: 1226.265: Total time for which application threads were stopped: 0.0365702 seconds, Stopping threads took: 0.0000290 seconds
2024-10-02T00:52:59.216+0300: 1226.266: Application time: 0.0006078 seconds
2024-10-02T00:52:59.216+0300: 1226.266: Total time for which application threads were stopped: 0.0001582 seconds, Stopping threads took: 0.0001162 seconds
2024-10-02T00:52:59.216+0300: 1226.266: Application time: 0.0001145 seconds
2024-10-02T00:52:59.216+0300: 1226.266: Total time for which application threads were stopped: 0.0001128 seconds, Stopping threads took: 0.0000888 seconds
2024-10-02T00:52:59.216+0300: 1226.266: Application time: 0.0001219 seconds
2024-10-02T00:52:59.216+0300: 1226.266: Total time for which application threads were stopped: 0.0001109 seconds, Stopping threads took: 0.0000916 seconds
2024-10-02T00:52:59.216+0300: 1226.266: Application time: 0.0001228 seconds
2024-10-02T00:52:59.216+0300: 1226.267: Total time for which application threads were stopped: 0.0000841 seconds, Stopping threads took: 0.0000592 seconds
2024-10-02T00:52:59.216+0300: 1226.267: Application time: 0.0000613 seconds
2024-10-02T00:52:59.216+0300: 1226.267: Total time for which application threads were stopped: 0.0000486 seconds, Stopping threads took: 0.0000343 seconds
2024-10-02T00:52:59.216+0300: 1226.267: Application time: 0.0000415 seconds
2024-10-02T00:52:59.216+0300: 1226.267: Total time for which application threads were stopped: 0.0000425 seconds, Stopping threads took: 0.0000287 seconds
2024-10-02T00:52:59.216+0300: 1226.267: Application time: 0.0000431 seconds
2024-10-02T00:52:59.216+0300: 1226.267: Total time for which application threads were stopped: 0.0000471 seconds, Stopping threads took: 0.0000319 seconds
2024-10-02T00:52:59.216+0300: 1226.267: Application time: 0.0000788 seconds
2024-10-02T00:52:59.216+0300: 1226.267: Total time for which application threads were stopped: 0.0000748 seconds, Stopping threads took: 0.0000582 seconds
2024-10-02T00:52:59.216+0300: 1226.267: Application time: 0.0000947 seconds
2024-10-02T00:52:59.216+0300: 1226.267: Total time for which application threads were stopped: 0.0000541 seconds, Stopping threads took: 0.0000403 seconds
2024-10-02T00:52:59.216+0300: 1226.267: Application time: 0.0000831 seconds
2024-10-02T00:52:59.216+0300: 1226.267: Total time for which application threads were stopped: 0.0000443 seconds, Stopping threads took: 0.0000287 seconds
2024-10-02T00:52:59.295+0300: 1226.341: Application time: 0.0733205 seconds
2024-10-02T00:52:59.295+0300: 1226.341: Total time for which application threads were stopped: 0.0001155 seconds, Stopping threads took: 0.0000317 seconds
2024-10-02T00:52:59.295+0300: 1226.343: Application time: 0.0026894 seconds
2024-10-02T00:52:59.295+0300: 1226.343: Total time for which application threads were stopped: 0.0000518 seconds, Stopping threads took: 0.0000299 seconds
2024-10-02T00:52:59.295+0300: 1226.344: Application time: 0.0004294 seconds
2024-10-02T00:52:59.295+0300: 1226.344: Total time for which application threads were stopped: 0.0000394 seconds, Stopping threads took: 0.0000244 seconds
2024-10-02T00:52:59.310+0300: 1226.353: Application time: 0.0090115 seconds
2024-10-02T00:52:59.310+0300: 1226.353: Total time for which application threads were stopped: 0.0000412 seconds, Stopping threads took: 0.0000192 seconds
Heap
 def new generation   total 2516544K, used 154485K [0x00000005c0000000, 0x000000066aaa0000, 0x000000066aaa0000)
  eden space 2236928K,   5% used [0x00000005c0000000, 0x00000005c7b0f348, 0x0000000648880000)
  from space 279616K,  10% used [0x0000000659990000, 0x000000065b55e1d8, 0x000000066aaa0000)
  to   space 279616K,   0% used [0x0000000648880000, 0x0000000648880000, 0x0000000659990000)
 tenured generation   total 5592448K, used 5756K [0x000000066aaa0000, 0x00000007c0000000, 0x00000007c0000000)
   the space 5592448K,   0% used [0x000000066aaa0000, 0x000000066b03f040, 0x000000066b03f200, 0x00000007c0000000)
 Metaspace       used 16432K, capacity 16662K, committed 16896K, reserved 1064960K
  class space    used 1693K, capacity 1762K, committed 1792K, reserved 1048576K
2024-10-02T00:52:59.420+0300: 1226.461: Application time: 0.1077572 seconds
